08-12 16:15:57.459 15918 15918 D cellinfo: Latitude is 41.5904243
08-12 16:15:57.459 15918 15918 D cellinfo: Longitude is -93.7804347
08-12 16:15:57.460 15918 15918 D cellinfo: Instantaneous GPS information: United States, 5535 Vista Dr, West Des Moines, IA 50266, USA
08-12 16:15:57.460 15918 15918 D cellinfo: getCurrentLocation() result: Location (success): 41.5904243, -93.7804347
08-12 16:15:57.464 15918 15918 D cellinfo: onCellInfoChanged: Operator: Verizon Wireless UpdateTimestamp: 173792502 CellConnectionStatus: 1
08-12 16:15:57.464 15918 15918 D cellinfo: onCellInfoChanged: LTE Cell Bands: [66, 66, 2, 13] Bandwidth: 10000 Cell ID: 48143908 Physical Cell ID: 444 Tracking Area Code: 48138 EARFCN: 66986
08-12 16:15:57.544 15918 15918 D cellinfo: onServiceStateChanged: Channel Number: 5230 Cell Bandwidths: [10000, 20000]
08-12 16:15:57.561 15918 15918 D cellinfo: onDisplayInfoChanged: NetworkType: LTE OverrideNetworkType: LTE-CA
08-12 16:15:57.583 15918 16002 D cellinfo: 46 bytes from 54.197.223.49: icmp_seq=2490 ttl=42 time=61.5 ms
08-12 16:15:57.782 15918 16002 D cellinfo: 46 bytes from 54.197.223.49: icmp_seq=2491 ttl=42 time=60.2 ms
08-12 16:15:57.983 15918 16002 D cellinfo: 46 bytes from 54.197.223.49: icmp_seq=2492 ttl=42 time=60.3 ms
08-12 16:15:58.179 15918 16002 D cellinfo: 46 bytes from 54.197.223.49: icmp_seq=2493 ttl=42 time=55.6 ms
08-12 16:15:58.379 15918 16002 D cellinfo: 46 bytes from 54.197.223.49: icmp_seq=2494 ttl=42 time=55.1 ms
08-12 16:15:58.483 15918 15918 D cellinfo: onsignalStrengthsChanged: LTE Signal Strength info: rsrp: -60 rsrq: -9 rssi: -51 rssnr: 15
08-12 16:15:58.579 15918 16002 D cellinfo: 46 bytes from 54.197.223.49: icmp_seq=2495 ttl=42 time=54.3 ms
08-12 16:15:58.789 15918 16002 D cellinfo: 46 bytes from 54.197.223.49: icmp_seq=2496 ttl=42 time=63.2 ms
08-12 16:15:58.979 15918 16002 D cellinfo: 46 bytes from 54.197.223.49: icmp_seq=2497 ttl=42 time=52.4 ms
08-12 16:15:59.179 15918 16002 D cellinfo: 46 bytes from 54.197.223.49: icmp_seq=2498 ttl=42 time=52.1 ms
08-12 16:15:59.386 15918 16002 D cellinfo: 46 bytes from 54.197.223.49: icmp_seq=2499 ttl=42 time=58.3 ms
08-12 16:15:59.578 15918 16002 D cellinfo: 46 bytes from 54.197.223.49: icmp_seq=2500 ttl=42 time=49.6 ms
08-12 16:15:59.790 15918 16002 D cellinfo: 46 bytes from 54.197.223.49: icmp_seq=2501 ttl=42 time=60.8 ms
08-12 16:15:59.989 15918 16002 D cellinfo: 46 bytes from 54.197.223.49: icmp_seq=2502 ttl=42 time=58.6 ms
08-12 16:16:00.175 15918 15918 D cellinfo: Latitude is 41.5903979
08-12 16:16:00.175 15918 15918 D cellinfo: Longitude is -93.7803821
08-12 16:16:00.175 15918 15918 D cellinfo: Instantaneous GPS information: United States, 5535 Vista Dr, West Des Moines, IA 50266, USA
08-12 16:16:00.176 15918 15918 D cellinfo: getCurrentLocation() result: Location (success): 41.5903979, -93.7803821
08-12 16:16:00.180 15918 15918 D cellinfo: onCellInfoChanged: Operator: Verizon Wireless UpdateTimestamp: 173795509 CellConnectionStatus: 1
08-12 16:16:00.180 15918 15918 D cellinfo: onCellInfoChanged: LTE Cell Bands: [13, 4] Bandwidth: 10000 Cell ID: 48297473 Physical Cell ID: 433 Tracking Area Code: 48138 EARFCN: 5230
08-12 16:16:00.198 15918 16002 D cellinfo: 46 bytes from 54.197.223.49: icmp_seq=2503 ttl=42 time=67.0 ms
08-12 16:16:00.398 15918 16002 D cellinfo: 46 bytes from 54.197.223.49: icmp_seq=2504 ttl=42 time=65.8 ms
08-12 16:16:00.597 15918 16002 D cellinfo: 46 bytes from 54.197.223.49: icmp_seq=2505 ttl=42 time=64.4 ms
08-12 16:16:00.789 15918 16002 D cellinfo: 46 bytes from 54.197.223.49: icmp_seq=2506 ttl=42 time=54.4 ms
08-12 16:16:00.988 15918 16002 D cellinfo: 46 bytes from 54.197.223.49: icmp_seq=2507 ttl=42 time=54.0 ms
08-12 16:16:01.190 15918 16002 D cellinfo: 46 bytes from 54.197.223.49: icmp_seq=2508 ttl=42 time=54.5 ms
08-12 16:16:01.390 15918 16002 D cellinfo: 46 bytes from 54.197.223.49: icmp_seq=2509 ttl=42 time=54.1 ms
08-12 16:16:01.591 15918 16002 D cellinfo: 46 bytes from 54.197.223.49: icmp_seq=2510 ttl=42 time=54.4 ms
08-12 16:16:01.791 15918 16002 D cellinfo: 46 bytes from 54.197.223.49: icmp_seq=2511 ttl=42 time=53.1 ms
08-12 16:16:02.038 15918 16002 D cellinfo: 46 bytes from 54.197.223.49: icmp_seq=2512 ttl=42 time=99.7 ms
08-12 16:16:02.193 15918 16002 D cellinfo: 46 bytes from 54.197.223.49: icmp_seq=2513 ttl=42 time=54.2 ms
08-12 16:16:02.276 15918 16002 D cellinfo: 46 bytes from 54.197.223.49: icmp_seq=2513 ttl=42 time=137 ms (DUP!)
08-12 16:16:02.343 15918 15918 D cellinfo: onServiceStateChanged: Channel Number: 5230 Cell Bandwidths: [10000, 20000]
08-12 16:16:02.396 15918 16002 D cellinfo: 46 bytes from 54.197.223.49: icmp_seq=2514 ttl=42 time=57.2 ms
08-12 16:16:02.595 15918 16002 D cellinfo: 46 bytes from 54.197.223.49: icmp_seq=2515 ttl=42 time=55.3 ms
08-12 16:16:02.806 15918 15918 D cellinfo: onCellInfoChanged: Operator: Verizon Wireless UpdateTimestamp: 173798495 CellConnectionStatus: 1
08-12 16:16:02.806 15918 15918 D cellinfo: onCellInfoChanged: LTE Cell Bands: [13, 4] Bandwidth: 10000 Cell ID: 48297474 Physical Cell ID: 439 Tracking Area Code: 48138 EARFCN: 5230
08-12 16:16:02.812 15918 16002 D cellinfo: 46 bytes from 54.197.223.49: icmp_seq=2516 ttl=42 time=71.1 ms
08-12 16:16:02.999 15918 16002 D cellinfo: 46 bytes from 54.197.223.49: icmp_seq=2517 ttl=42 time=57.0 ms
08-12 16:16:03.214 15918 16002 D cellinfo: 46 bytes from 54.197.223.49: icmp_seq=2518 ttl=42 time=71.7 ms
08-12 16:16:03.402 15918 16002 D cellinfo: 46 bytes from 54.197.223.49: icmp_seq=2519 ttl=42 time=58.2 ms
08-12 16:16:03.599 15918 16002 D cellinfo: 46 bytes from 54.197.223.49: icmp_seq=2520 ttl=42 time=53.8 ms
08-12 16:16:03.676 15918 15918 D cellinfo: Latitude is 41.5894329
08-12 16:16:03.677 15918 15918 D cellinfo: Longitude is -93.7775577
08-12 16:16:03.677 15918 15918 D cellinfo: Instantaneous GPS information: United States, I-80, West Des Moines, IA 50266, USA
08-12 16:16:03.677 15918 15918 D cellinfo: getCurrentLocation() result: Location (success): 41.5894329, -93.7775577
08-12 16:16:03.680 15918 15918 D cellinfo: onsignalStrengthsChanged: LTE Signal Strength info: rsrp: -63 rsrq: -7 rssi: -51 rssnr: 7
08-12 16:16:03.798 15918 16002 D cellinfo: 46 bytes from 54.197.223.49: icmp_seq=2521 ttl=42 time=53.1 ms
08-12 16:16:04.021 15918 16002 D cellinfo: 46 bytes from 54.197.223.49: icmp_seq=2522 ttl=42 time=72.9 ms
08-12 16:16:04.221 15918 16002 D cellinfo: 46 bytes from 54.197.223.49: icmp_seq=2523 ttl=42 time=74.0 ms
08-12 16:16:04.413 15918 16002 D cellinfo: 46 bytes from 54.197.223.49: icmp_seq=2524 ttl=42 time=65.3 ms
08-12 16:16:04.614 15918 16002 D cellinfo: 46 bytes from 54.197.223.49: icmp_seq=2525 ttl=42 time=64.3 ms
08-12 16:16:04.814 15918 16002 D cellinfo: 46 bytes from 54.197.223.49: icmp_seq=2526 ttl=42 time=64.7 ms
08-12 16:16:05.030 15918 16002 D cellinfo: 46 bytes from 54.197.223.49: icmp_seq=2527 ttl=42 time=79.3 ms
08-12 16:16:05.217 15918 16002 D cellinfo: 46 bytes from 54.197.223.49: icmp_seq=2528 ttl=42 time=66.3 ms
08-12 16:16:05.413 15918 16002 D cellinfo: 46 bytes from 54.197.223.49: icmp_seq=2529 ttl=42 time=62.1 ms
08-12 16:16:05.618 15918 16002 D cellinfo: 46 bytes from 54.197.223.49: icmp_seq=2530 ttl=42 time=66.2 ms
08-12 16:16:05.821 15918 16002 D cellinfo: 46 bytes from 54.197.223.49: icmp_seq=2531 ttl=42 time=68.4 ms
08-12 16:16:06.018 15918 16002 D cellinfo: 46 bytes from 54.197.223.49: icmp_seq=2532 ttl=42 time=63.2 ms
08-12 16:16:06.121 15918 15918 D cellinfo: Latitude is 41.5894171
08-12 16:16:06.121 15918 15918 D cellinfo: Longitude is -93.7773561
08-12 16:16:06.121 15918 15918 D cellinfo: Instantaneous GPS information: United States, I-80, West Des Moines, IA 50266, USA
08-12 16:16:06.121 15918 15918 D cellinfo: getCurrentLocation() result: Location (success): 41.5894171, -93.7773561
08-12 16:16:06.125 15918 15918 D cellinfo: onCellInfoChanged: Operator: Verizon Wireless UpdateTimestamp: 173801502 CellConnectionStatus: 1
08-12 16:16:06.125 15918 15918 D cellinfo: onCellInfoChanged: LTE Cell Bands: [13, 4] Bandwidth: 10000 Cell ID: 48297474 Physical Cell ID: 439 Tracking Area Code: 48138 EARFCN: 5230
08-12 16:16:06.198 15918 16002 D cellinfo: 46 bytes from 54.197.223.49: icmp_seq=2533 ttl=42 time=44.3 ms
08-12 16:16:06.416 15918 16002 D cellinfo: 46 bytes from 54.197.223.49: icmp_seq=2534 ttl=42 time=60.4 ms
08-12 16:16:06.620 15918 16002 D cellinfo: 46 bytes from 54.197.223.49: icmp_seq=2535 ttl=42 time=64.9 ms
08-12 16:16:06.818 15918 16002 D cellinfo: 46 bytes from 54.197.223.49: icmp_seq=2536 ttl=42 time=61.6 ms
08-12 16:16:07.025 15918 16002 D cellinfo: 46 bytes from 54.197.223.49: icmp_seq=2537 ttl=42 time=68.6 ms
08-12 16:16:07.222 15918 16002 D cellinfo: 46 bytes from 54.197.223.49: icmp_seq=2538 ttl=42 time=65.5 ms
08-12 16:16:07.427 15918 16002 D cellinfo: 46 bytes from 54.197.223.49: icmp_seq=2539 ttl=42 time=68.5 ms
08-12 16:16:07.622 15918 16002 D cellinfo: 46 bytes from 54.197.223.49: icmp_seq=2540 ttl=42 time=63.2 ms
08-12 16:16:07.637 15918 15918 D cellinfo: onsignalStrengthsChanged: LTE Signal Strength info: rsrp: -57 rsrq: -6 rssi: -51 rssnr: 14
08-12 16:16:07.825 15918 16002 D cellinfo: 46 bytes from 54.197.223.49: icmp_seq=2541 ttl=42 time=65.8 ms
08-12 16:16:08.023 15918 16002 D cellinfo: 46 bytes from 54.197.223.49: icmp_seq=2542 ttl=42 time=63.1 ms
08-12 16:16:08.225 15918 16002 D cellinfo: 46 bytes from 54.197.223.49: icmp_seq=2543 ttl=42 time=65.7 ms
08-12 16:16:08.416 15918 16002 D cellinfo: 46 bytes from 54.197.223.49: icmp_seq=2544 ttl=42 time=55.2 ms
08-12 16:16:08.625 15918 16002 D cellinfo: 46 bytes from 54.197.223.49: icmp_seq=2545 ttl=42 time=64.4 ms
08-12 16:16:08.817 15918 16002 D cellinfo: 46 bytes from 54.197.223.49: icmp_seq=2546 ttl=42 time=55.0 ms
08-12 16:16:09.037 15918 16002 D cellinfo: 46 bytes from 54.197.223.49: icmp_seq=2547 ttl=42 time=73.2 ms
08-12 16:16:09.202 15918 15918 D cellinfo: Latitude is 41.5893634
08-12 16:16:09.202 15918 15918 D cellinfo: Longitude is -93.7766722
08-12 16:16:09.202 15918 15918 D cellinfo: Instantaneous GPS information: United States, I-80, West Des Moines, IA 50266, USA
08-12 16:16:09.202 15918 15918 D cellinfo: getCurrentLocation() result: Location (success): 41.5893634, -93.7766722
08-12 16:16:09.207 15918 15918 D cellinfo: onCellInfoChanged: Operator: Verizon Wireless UpdateTimestamp: 173804510 CellConnectionStatus: 1
08-12 16:16:09.207 15918 15918 D cellinfo: onCellInfoChanged: LTE Cell Bands: [13, 4] Bandwidth: 10000 Cell ID: 48297474 Physical Cell ID: 439 Tracking Area Code: 48138 EARFCN: 5230
08-12 16:16:09.215 15918 16002 D cellinfo: 46 bytes from 54.197.223.49: icmp_seq=2548 ttl=42 time=51.5 ms
08-12 16:16:09.429 15918 16002 D cellinfo: 46 bytes from 54.197.223.49: icmp_seq=2549 ttl=42 time=63.5 ms
08-12 16:16:09.617 15918 16002 D cellinfo: 46 bytes from 54.197.223.49: icmp_seq=2550 ttl=42 time=51.6 ms
08-12 16:16:09.832 15918 16002 D cellinfo: 46 bytes from 54.197.223.49: icmp_seq=2551 ttl=42 time=65.7 ms
08-12 16:16:10.035 15918 16002 D cellinfo: 46 bytes from 54.197.223.49: icmp_seq=2552 ttl=42 time=68.2 ms
08-12 16:16:10.226 15918 16002 D cellinfo: 46 bytes from 54.197.223.49: icmp_seq=2553 ttl=42 time=59.2 ms
08-12 16:16:10.425 15918 16002 D cellinfo: 46 bytes from 54.197.223.49: icmp_seq=2554 ttl=42 time=58.0 ms
08-12 16:16:10.628 15918 16002 D cellinfo: 46 bytes from 54.197.223.49: icmp_seq=2555 ttl=42 time=58.3 ms
08-12 16:16:10.826 15918 16002 D cellinfo: 46 bytes from 54.197.223.49: icmp_seq=2556 ttl=42 time=56.7 ms
08-12 16:16:11.028 15918 16002 D cellinfo: 46 bytes from 54.197.223.49: icmp_seq=2557 ttl=42 time=56.8 ms
08-12 16:16:11.227 15918 16002 D cellinfo: 46 bytes from 54.197.223.49: icmp_seq=2558 ttl=42 time=55.6 ms
08-12 16:16:11.427 15918 16002 D cellinfo: 46 bytes from 54.197.223.49: icmp_seq=2559 ttl=42 time=55.6 ms
08-12 16:16:11.637 15918 16002 D cellinfo: 46 bytes from 54.197.223.49: icmp_seq=2560 ttl=42 time=65.2 ms
08-12 16:16:11.826 15918 16002 D cellinfo: 46 bytes from 54.197.223.49: icmp_seq=2561 ttl=42 time=54.5 ms
08-12 16:16:12.024 15918 16002 D cellinfo: 46 bytes from 54.197.223.49: icmp_seq=2562 ttl=42 time=51.4 ms
08-12 16:16:12.151 15918 15918 D cellinfo: Latitude is 41.5893596
08-12 16:16:12.151 15918 15918 D cellinfo: Longitude is -93.7766241
08-12 16:16:12.151 15918 15918 D cellinfo: Instantaneous GPS information: United States, I-80, West Des Moines, IA 50266, USA
08-12 16:16:12.151 15918 15918 D cellinfo: getCurrentLocation() result: Location (success): 41.5893596, -93.7766241
08-12 16:16:12.153 15918 15918 D cellinfo: onCellInfoChanged: Operator: Verizon Wireless UpdateTimestamp: 173807505 CellConnectionStatus: 1
08-12 16:16:12.153 15918 15918 D cellinfo: onCellInfoChanged: LTE Cell Bands: [13, 4] Bandwidth: 10000 Cell ID: 48297474 Physical Cell ID: 439 Tracking Area Code: 48138 EARFCN: 5230
08-12 16:16:12.236 15918 16002 D cellinfo: 46 bytes from 54.197.223.49: icmp_seq=2563 ttl=42 time=64.0 ms
08-12 16:16:12.436 15918 16002 D cellinfo: 46 bytes from 54.197.223.49: icmp_seq=2564 ttl=42 time=62.9 ms
08-12 16:16:12.627 15918 16002 D cellinfo: 46 bytes from 54.197.223.49: icmp_seq=2565 ttl=42 time=53.2 ms
08-12 16:16:12.826 15918 16002 D cellinfo: 46 bytes from 54.197.223.49: icmp_seq=2566 ttl=42 time=52.2 ms
08-12 16:16:13.027 15918 16002 D cellinfo: 46 bytes from 54.197.223.49: icmp_seq=2567 ttl=42 time=51.5 ms
08-12 16:16:13.227 15918 16002 D cellinfo: 46 bytes from 54.197.223.49: icmp_seq=2568 ttl=42 time=52.1 ms
08-12 16:16:13.426 15918 16002 D cellinfo: 46 bytes from 54.197.223.49: icmp_seq=2569 ttl=42 time=49.9 ms
08-12 16:16:13.637 15918 16002 D cellinfo: 46 bytes from 54.197.223.49: icmp_seq=2570 ttl=42 time=60.2 ms
08-12 16:16:13.837 15918 16002 D cellinfo: 46 bytes from 54.197.223.49: icmp_seq=2571 ttl=42 time=58.7 ms
08-12 16:16:14.029 15918 16002 D cellinfo: 46 bytes from 54.197.223.49: icmp_seq=2572 ttl=42 time=50.0 ms
08-12 16:16:14.236 15918 16002 D cellinfo: 46 bytes from 54.197.223.49: icmp_seq=2573 ttl=42 time=57.1 ms
08-12 16:16:14.436 15918 16002 D cellinfo: 46 bytes from 54.197.223.49: icmp_seq=2574 ttl=42 time=56.0 ms
08-12 16:16:14.654 15918 16002 D cellinfo: 46 bytes from 54.197.223.49: icmp_seq=2575 ttl=42 time=72.8 ms
08-12 16:16:14.818 15918 15918 D cellinfo: onCellInfoChanged: Operator: Verizon Wireless UpdateTimestamp: 173810497 CellConnectionStatus: 1
08-12 16:16:14.818 15918 15918 D cellinfo: onCellInfoChanged: LTE Cell Bands: [13, 4] Bandwidth: 10000 Cell ID: 48297474 Physical Cell ID: 439 Tracking Area Code: 48138 EARFCN: 5230
08-12 16:16:14.872 15918 16002 D cellinfo: 46 bytes from 54.197.223.49: icmp_seq=2576 ttl=42 time=90.3 ms
08-12 16:16:15.039 15918 16002 D cellinfo: 46 bytes from 54.197.223.49: icmp_seq=2577 ttl=42 time=56.0 ms
08-12 16:16:15.265 15918 16002 D cellinfo: 46 bytes from 54.197.223.49: icmp_seq=2578 ttl=42 time=82.3 ms
08-12 16:16:15.438 15918 16002 D cellinfo: 46 bytes from 54.197.223.49: icmp_seq=2579 ttl=42 time=55.1 ms
08-12 16:16:15.639 15918 16002 D cellinfo: 46 bytes from 54.197.223.49: icmp_seq=2580 ttl=42 time=54.9 ms
08-12 16:16:15.693 15918 15918 D cellinfo: Latitude is 41.5908119
08-12 16:16:15.694 15918 15918 D cellinfo: Longitude is -93.7738115
08-12 16:16:15.694 15918 15918 D cellinfo: Instantaneous GPS information: United States, 1070 50th St, West Des Moines, IA 50266, USA
08-12 16:16:15.694 15918 15918 D cellinfo: getCurrentLocation() result: Location (success): 41.5908119, -93.7738115
08-12 16:16:15.840 15918 16002 D cellinfo: 46 bytes from 54.197.223.49: icmp_seq=2581 ttl=42 time=56.0 ms
08-12 16:16:16.041 15918 16002 D cellinfo: 46 bytes from 54.197.223.49: icmp_seq=2582 ttl=42 time=55.4 ms
08-12 16:16:16.254 15918 16002 D cellinfo: 46 bytes from 54.197.223.49: icmp_seq=2583 ttl=42 time=69.0 ms
08-12 16:16:16.452 15918 16002 D cellinfo: 46 bytes from 54.197.223.49: icmp_seq=2584 ttl=42 time=66.5 ms
08-12 16:16:16.657 15918 16002 D cellinfo: 46 bytes from 54.197.223.49: icmp_seq=2585 ttl=42 time=69.6 ms
08-12 16:16:16.870 15918 16002 D cellinfo: 46 bytes from 54.197.223.49: icmp_seq=2586 ttl=42 time=82.1 ms
08-12 16:16:17.055 15918 16002 D cellinfo: 46 bytes from 54.197.223.49: icmp_seq=2587 ttl=42 time=65.7 ms
08-12 16:16:17.253 15918 16002 D cellinfo: 46 bytes from 54.197.223.49: icmp_seq=2588 ttl=42 time=64.1 ms
08-12 16:16:17.456 15918 16002 D cellinfo: 46 bytes from 54.197.223.49: icmp_seq=2589 ttl=42 time=65.8 ms
08-12 16:16:17.675 15918 16002 D cellinfo: 46 bytes from 54.197.223.49: icmp_seq=2590 ttl=42 time=84.0 ms
08-12 16:16:17.865 15918 16002 D cellinfo: 46 bytes from 54.197.223.49: icmp_seq=2591 ttl=42 time=73.9 ms
08-12 16:16:18.040 15918 16002 D cellinfo: 46 bytes from 54.197.223.49: icmp_seq=2592 ttl=42 time=48.0 ms
08-12 16:16:18.180 15918 15918 D cellinfo: Latitude is 41.5909483
08-12 16:16:18.180 15918 15918 D cellinfo: Longitude is -93.7736691
08-12 16:16:18.181 15918 15918 D cellinfo: Instantaneous GPS information: United States, 1070 50th St, West Des Moines, IA 50266, USA
08-12 16:16:18.181 15918 15918 D cellinfo: getCurrentLocation() result: Location (success): 41.5909483, -93.7736691
08-12 16:16:18.184 15918 15918 D cellinfo: onCellInfoChanged: Operator: Verizon Wireless UpdateTimestamp: 173813507 CellConnectionStatus: 1
08-12 16:16:18.184 15918 15918 D cellinfo: onCellInfoChanged: LTE Cell Bands: [13, 4] Bandwidth: 10000 Cell ID: 48297474 Physical Cell ID: 439 Tracking Area Code: 48138 EARFCN: 5230
08-12 16:16:18.257 15918 16002 D cellinfo: 46 bytes from 54.197.223.49: icmp_seq=2593 ttl=42 time=64.5 ms
08-12 16:16:18.461 15918 16002 D cellinfo: 46 bytes from 54.197.223.49: icmp_seq=2594 ttl=42 time=67.9 ms
08-12 16:16:18.654 15918 16002 D cellinfo: 46 bytes from 54.197.223.49: icmp_seq=2595 ttl=42 time=60.7 ms
08-12 16:16:18.861 15918 16002 D cellinfo: 46 bytes from 54.197.223.49: icmp_seq=2596 ttl=42 time=66.2 ms
08-12 16:16:19.057 15918 16002 D cellinfo: 46 bytes from 54.197.223.49: icmp_seq=2597 ttl=42 time=61.5 ms
08-12 16:16:19.262 15918 16002 D cellinfo: 46 bytes from 54.197.223.49: icmp_seq=2598 ttl=42 time=66.9 ms
08-12 16:16:19.461 15918 16002 D cellinfo: 46 bytes from 54.197.223.49: icmp_seq=2599 ttl=42 time=65.5 ms
08-12 16:16:19.662 15918 16002 D cellinfo: 46 bytes from 54.197.223.49: icmp_seq=2600 ttl=42 time=66.1 ms
08-12 16:16:19.863 15918 16002 D cellinfo: 46 bytes from 54.197.223.49: icmp_seq=2601 ttl=42 time=65.8 ms
08-12 16:16:20.067 15918 16002 D cellinfo: 46 bytes from 54.197.223.49: icmp_seq=2602 ttl=42 time=69.3 ms
08-12 16:16:20.257 15918 16002 D cellinfo: 46 bytes from 54.197.223.49: icmp_seq=2603 ttl=42 time=59.4 ms
08-12 16:16:20.467 15918 16002 D cellinfo: 46 bytes from 54.197.223.49: icmp_seq=2604 ttl=42 time=67.3 ms
08-12 16:16:20.658 15918 16002 D cellinfo: 46 bytes from 54.197.223.49: icmp_seq=2605 ttl=42 time=56.9 ms
08-12 16:16:20.870 15918 16002 D cellinfo: 46 bytes from 54.197.223.49: icmp_seq=2606 ttl=42 time=68.9 ms
08-12 16:16:21.057 15918 16002 D cellinfo: 46 bytes from 54.197.223.49: icmp_seq=2607 ttl=42 time=54.2 ms
08-12 16:16:21.145 15918 15918 D cellinfo: Latitude is 41.5913602
08-12 16:16:21.145 15918 15918 D cellinfo: Longitude is -93.773239
08-12 16:16:21.145 15918 15918 D cellinfo: Instantaneous GPS information: United States, 1300 50th St #103, West Des Moines, IA 50266, USA
08-12 16:16:21.146 15918 15918 D cellinfo: getCurrentLocation() result: Location (success): 41.5913602, -93.773239
08-12 16:16:21.149 15918 15918 D cellinfo: onCellInfoChanged: Operator: Verizon Wireless UpdateTimestamp: 173816509 CellConnectionStatus: 1
08-12 16:16:21.149 15918 15918 D cellinfo: onCellInfoChanged: LTE Cell Bands: [13, 4] Bandwidth: 10000 Cell ID: 48297474 Physical Cell ID: 439 Tracking Area Code: 48138 EARFCN: 5230
08-12 16:16:21.295 15918 16002 D cellinfo: 46 bytes from 54.197.223.49: icmp_seq=2608 ttl=42 time=91.0 ms
08-12 16:16:21.464 15918 16002 D cellinfo: 46 bytes from 54.197.223.49: icmp_seq=2609 ttl=42 time=60.3 ms
08-12 16:16:21.666 15918 16002 D cellinfo: 46 bytes from 54.197.223.49: icmp_seq=2610 ttl=42 time=60.5 ms
08-12 16:16:21.875 15918 16002 D cellinfo: 46 bytes from 54.197.223.49: icmp_seq=2611 ttl=42 time=68.9 ms
08-12 16:16:22.067 15918 16002 D cellinfo: 46 bytes from 54.197.223.49: icmp_seq=2612 ttl=42 time=60.1 ms
08-12 16:16:22.268 15918 16002 D cellinfo: 46 bytes from 54.197.223.49: icmp_seq=2613 ttl=42 time=60.4 ms
08-12 16:16:22.480 15918 16002 D cellinfo: 46 bytes from 54.197.223.49: icmp_seq=2614 ttl=42 time=72.8 ms
08-12 16:16:22.675 15918 16002 D cellinfo: 46 bytes from 54.197.223.49: icmp_seq=2615 ttl=42 time=66.5 ms
08-12 16:16:22.903 15918 16002 D cellinfo: 46 bytes from 54.197.223.49: icmp_seq=2616 ttl=42 time=94.1 ms
08-12 16:16:23.074 15918 16002 D cellinfo: 46 bytes from 54.197.223.49: icmp_seq=2617 ttl=42 time=65.0 ms
08-12 16:16:23.267 15918 16002 D cellinfo: 46 bytes from 54.197.223.49: icmp_seq=2618 ttl=42 time=56.6 ms
08-12 16:16:23.475 15918 16002 D cellinfo: 46 bytes from 54.197.223.49: icmp_seq=2619 ttl=42 time=64.0 ms
08-12 16:16:23.682 15918 16002 D cellinfo: 46 bytes from 54.197.223.49: icmp_seq=2620 ttl=42 time=70.6 ms
08-12 16:16:23.867 15918 16002 D cellinfo: 46 bytes from 54.197.223.49: icmp_seq=2621 ttl=42 time=54.8 ms
08-12 16:16:24.062 15918 16002 D cellinfo: 46 bytes from 54.197.223.49: icmp_seq=2622 ttl=42 time=49.5 ms
08-12 16:16:24.224 15918 15918 D cellinfo: Latitude is 41.59139
08-12 16:16:24.224 15918 15918 D cellinfo: Longitude is -93.773208
08-12 16:16:24.224 15918 15918 D cellinfo: Instantaneous GPS information: United States, 1300 50th St #103, West Des Moines, IA 50266, USA
08-12 16:16:24.224 15918 15918 D cellinfo: getCurrentLocation() result: Location (success): 41.59139, -93.773208
08-12 16:16:24.227 15918 15918 D cellinfo: onCellInfoChanged: Operator: Verizon Wireless UpdateTimestamp: 173819508 CellConnectionStatus: 1
08-12 16:16:24.228 15918 15918 D cellinfo: onCellInfoChanged: LTE Cell Bands: [13, 4] Bandwidth: 10000 Cell ID: 48297474 Physical Cell ID: 439 Tracking Area Code: 48138 EARFCN: 5230
08-12 16:16:24.262 15918 16002 D cellinfo: 46 bytes from 54.197.223.49: icmp_seq=2623 ttl=42 time=48.6 ms
08-12 16:16:24.272 15918 15918 D cellinfo: onsignalStrengthsChanged: LTE Signal Strength info: rsrp: -71 rsrq: -7 rssi: -55 rssnr: 11
08-12 16:16:24.474 15918 16002 D cellinfo: 46 bytes from 54.197.223.49: icmp_seq=2624 ttl=42 time=60.2 ms
08-12 16:16:24.666 15918 16002 D cellinfo: 46 bytes from 54.197.223.49: icmp_seq=2625 ttl=42 time=51.1 ms
08-12 16:16:24.877 15918 16002 D cellinfo: 46 bytes from 54.197.223.49: icmp_seq=2626 ttl=42 time=61.1 ms
08-12 16:16:25.075 15918 16002 D cellinfo: 46 bytes from 54.197.223.49: icmp_seq=2627 ttl=42 time=58.4 ms
08-12 16:16:25.298 15918 16002 D cellinfo: 46 bytes from 54.197.223.49: icmp_seq=2628 ttl=42 time=80.2 ms
08-12 16:16:25.476 15918 16002 D cellinfo: 46 bytes from 54.197.223.49: icmp_seq=2629 ttl=42 time=57.2 ms
08-12 16:16:25.697 15918 16002 D cellinfo: 46 bytes from 54.197.223.49: icmp_seq=2630 ttl=42 time=77.6 ms
08-12 16:16:25.877 15918 16002 D cellinfo: 46 bytes from 54.197.223.49: icmp_seq=2631 ttl=42 time=56.1 ms
08-12 16:16:26.077 15918 16002 D cellinfo: 46 bytes from 54.197.223.49: icmp_seq=2632 ttl=42 time=56.3 ms
08-12 16:16:26.281 15918 16002 D cellinfo: 46 bytes from 54.197.223.49: icmp_seq=2633 ttl=42 time=59.3 ms
08-12 16:16:26.493 15918 16002 D cellinfo: 46 bytes from 54.197.223.49: icmp_seq=2634 ttl=42 time=70.3 ms
08-12 16:16:26.685 15918 16002 D cellinfo: 46 bytes from 54.197.223.49: icmp_seq=2635 ttl=42 time=61.9 ms
08-12 16:16:26.817 15918 15918 D cellinfo: onCellInfoChanged: Operator: Verizon Wireless UpdateTimestamp: 173822505 CellConnectionStatus: 1
08-12 16:16:26.817 15918 15918 D cellinfo: onCellInfoChanged: LTE Cell Bands: [13, 4] Bandwidth: 10000 Cell ID: 48297474 Physical Cell ID: 439 Tracking Area Code: 48138 EARFCN: 5230
08-12 16:16:26.879 15918 16002 D cellinfo: 46 bytes from 54.197.223.49: icmp_seq=2636 ttl=42 time=55.1 ms
08-12 16:16:27.076 15918 16002 D cellinfo: 46 bytes from 54.197.223.49: icmp_seq=2637 ttl=42 time=51.2 ms
08-12 16:16:27.293 15918 16002 D cellinfo: 46 bytes from 54.197.223.49: icmp_seq=2638 ttl=42 time=67.4 ms
08-12 16:16:27.485 15918 16002 D cellinfo: 46 bytes from 54.197.223.49: icmp_seq=2639 ttl=42 time=58.1 ms
08-12 16:16:27.703 15918 16002 D cellinfo: 46 bytes from 54.197.223.49: icmp_seq=2640 ttl=42 time=74.0 ms
08-12 16:16:27.721 15918 15918 D cellinfo: Latitude is 41.5938114
08-12 16:16:27.721 15918 15918 D cellinfo: Longitude is -93.7736905
08-12 16:16:27.721 15918 15918 D cellinfo: Instantaneous GPS information: United States, 5000 Westown Pkwy #100, West Des Moines, IA 50266, USA
08-12 16:16:27.721 15918 15918 D cellinfo: getCurrentLocation() result: Location (success): 41.5938114, -93.7736905
08-12 16:16:27.903 15918 16002 D cellinfo: 46 bytes from 54.197.223.49: icmp_seq=2641 ttl=42 time=73.7 ms
08-12 16:16:28.093 15918 16002 D cellinfo: 46 bytes from 54.197.223.49: icmp_seq=2642 ttl=42 time=62.9 ms
08-12 16:16:28.296 15918 16002 D cellinfo: 46 bytes from 54.197.223.49: icmp_seq=2643 ttl=42 time=64.1 ms
08-12 16:16:28.505 15918 16002 D cellinfo: 46 bytes from 54.197.223.49: icmp_seq=2644 ttl=42 time=72.8 ms
08-12 16:16:28.709 15918 16002 D cellinfo: 46 bytes from 54.197.223.49: icmp_seq=2645 ttl=42 time=75.8 ms
08-12 16:16:28.895 15918 16002 D cellinfo: 46 bytes from 54.197.223.49: icmp_seq=2646 ttl=42 time=61.5 ms
08-12 16:16:29.094 15918 16002 D cellinfo: 46 bytes from 54.197.223.49: icmp_seq=2647 ttl=42 time=59.9 ms
08-12 16:16:29.310 15918 16002 D cellinfo: 46 bytes from 54.197.223.49: icmp_seq=2648 ttl=42 time=75.7 ms
08-12 16:16:29.503 15918 16002 D cellinfo: 46 bytes from 54.197.223.49: icmp_seq=2649 ttl=42 time=67.1 ms
08-12 16:16:29.705 15918 16002 D cellinfo: 46 bytes from 54.197.223.49: icmp_seq=2650 ttl=42 time=68.9 ms
08-12 16:16:29.894 15918 16002 D cellinfo: 46 bytes from 54.197.223.49: icmp_seq=2651 ttl=42 time=56.9 ms
08-12 16:16:30.097 15918 16002 D cellinfo: 46 bytes from 54.197.223.49: icmp_seq=2652 ttl=42 time=59.2 ms
08-12 16:16:30.186 15918 15918 D cellinfo: Latitude is 41.5939432
08-12 16:16:30.186 15918 15918 D cellinfo: Longitude is -93.7737764
08-12 16:16:30.187 15918 15918 D cellinfo: Instantaneous GPS information: United States, 5000 Westown Pkwy #100, West Des Moines, IA 50266, USA
08-12 16:16:30.187 15918 15918 D cellinfo: getCurrentLocation() result: Location (success): 41.5939432, -93.7737764
08-12 16:16:30.189 15918 15918 D cellinfo: onCellInfoChanged: Operator: Verizon Wireless UpdateTimestamp: 173825504 CellConnectionStatus: 1
08-12 16:16:30.189 15918 15918 D cellinfo: onCellInfoChanged: LTE Cell Bands: [13, 4] Bandwidth: 10000 Cell ID: 48297474 Physical Cell ID: 439 Tracking Area Code: 48138 EARFCN: 5230
08-12 16:16:30.314 15918 16002 D cellinfo: 46 bytes from 54.197.223.49: icmp_seq=2653 ttl=42 time=75.9 ms
08-12 16:16:30.497 15918 16002 D cellinfo: 46 bytes from 54.197.223.49: icmp_seq=2654 ttl=42 time=58.6 ms
08-12 16:16:30.706 15918 16002 D cellinfo: 46 bytes from 54.197.223.49: icmp_seq=2655 ttl=42 time=67.1 ms
08-12 16:16:30.898 15918 16002 D cellinfo: 46 bytes from 54.197.223.49: icmp_seq=2656 ttl=42 time=58.0 ms
08-12 16:16:31.107 15918 16002 D cellinfo: 46 bytes from 54.197.223.49: icmp_seq=2657 ttl=42 time=65.7 ms
08-12 16:16:31.297 15918 16002 D cellinfo: 46 bytes from 54.197.223.49: icmp_seq=2658 ttl=42 time=55.3 ms
08-12 16:16:31.494 15918 16002 D cellinfo: 46 bytes from 54.197.223.49: icmp_seq=2659 ttl=42 time=51.6 ms
08-12 16:16:31.697 15918 16002 D cellinfo: 46 bytes from 54.197.223.49: icmp_seq=2660 ttl=42 time=53.9 ms
08-12 16:16:31.907 15918 16002 D cellinfo: 46 bytes from 54.197.223.49: icmp_seq=2661 ttl=42 time=62.1 ms
08-12 16:16:32.105 15918 16002 D cellinfo: 46 bytes from 54.197.223.49: icmp_seq=2662 ttl=42 time=60.4 ms
08-12 16:16:32.306 15918 16002 D cellinfo: 46 bytes from 54.197.223.49: icmp_seq=2663 ttl=42 time=60.8 ms
08-12 16:16:32.499 15918 16002 D cellinfo: 46 bytes from 54.197.223.49: icmp_seq=2664 ttl=42 time=53.4 ms
08-12 16:16:32.594 15918 15918 D cellinfo: onsignalStrengthsChanged: LTE Signal Strength info: rsrp: -84 rsrq: -10 rssi: -67 rssnr: 3
08-12 16:16:32.707 15918 16002 D cellinfo: 46 bytes from 54.197.223.49: icmp_seq=2665 ttl=42 time=60.8 ms
08-12 16:16:32.906 15918 16002 D cellinfo: 46 bytes from 54.197.223.49: icmp_seq=2666 ttl=42 time=58.6 ms
08-12 16:16:33.103 15918 16002 D cellinfo: 46 bytes from 54.197.223.49: icmp_seq=2667 ttl=42 time=54.0 ms
08-12 16:16:33.200 15918 15918 D cellinfo: Latitude is 41.5943842
08-12 16:16:33.201 15918 15918 D cellinfo: Longitude is -93.7740636
08-12 16:16:33.201 15918 15918 D cellinfo: Instantaneous GPS information: United States, 5000 Westown Pkwy # 310, West Des Moines, IA 50266, USA
08-12 16:16:33.201 15918 15918 D cellinfo: getCurrentLocation() result: Location (success): 41.5943842, -93.7740636
08-12 16:16:33.204 15918 15918 D cellinfo: onCellInfoChanged: Operator: Verizon Wireless UpdateTimestamp: 173828501 CellConnectionStatus: 1
08-12 16:16:33.204 15918 15918 D cellinfo: onCellInfoChanged: LTE Cell Bands: [13, 4] Bandwidth: 10000 Cell ID: 48297474 Physical Cell ID: 439 Tracking Area Code: 48138 EARFCN: 5230
08-12 16:16:33.296 15918 16002 D cellinfo: 46 bytes from 54.197.223.49: icmp_seq=2668 ttl=42 time=47.9 ms
08-12 16:16:33.506 15918 16002 D cellinfo: 46 bytes from 54.197.223.49: icmp_seq=2669 ttl=42 time=56.7 ms
08-12 16:16:33.708 15918 16002 D cellinfo: 46 bytes from 54.197.223.49: icmp_seq=2670 ttl=42 time=58.6 ms
08-12 16:16:33.906 15918 16002 D cellinfo: 46 bytes from 54.197.223.49: icmp_seq=2671 ttl=42 time=56.0 ms
08-12 16:16:34.114 15918 16002 D cellinfo: 46 bytes from 54.197.223.49: icmp_seq=2672 ttl=42 time=63.3 ms
08-12 16:16:34.337 15918 16002 D cellinfo: 46 bytes from 54.197.223.49: icmp_seq=2673 ttl=42 time=85.4 ms
08-12 16:16:34.506 15918 16002 D cellinfo: 46 bytes from 54.197.223.49: icmp_seq=2674 ttl=42 time=53.2 ms
08-12 16:16:34.715 15918 16002 D cellinfo: 46 bytes from 54.197.223.49: icmp_seq=2675 ttl=42 time=60.8 ms
08-12 16:16:34.916 15918 16002 D cellinfo: 46 bytes from 54.197.223.49: icmp_seq=2676 ttl=42 time=61.0 ms
08-12 16:16:35.116 15918 16002 D cellinfo: 46 bytes from 54.197.223.49: icmp_seq=2677 ttl=42 time=60.2 ms
08-12 16:16:35.318 15918 16002 D cellinfo: 46 bytes from 54.197.223.49: icmp_seq=2678 ttl=42 time=60.0 ms
08-12 16:16:35.535 15918 16002 D cellinfo: 46 bytes from 54.197.223.49: icmp_seq=2679 ttl=42 time=76.3 ms
08-12 16:16:35.715 15918 15918 D cellinfo: onsignalStrengthsChanged: LTE Signal Strength info: rsrp: -89 rsrq: -12 rssi: -69 rssnr: 1
08-12 16:16:35.716 15918 16002 D cellinfo: 46 bytes from 54.197.223.49: icmp_seq=2680 ttl=42 time=57.4 ms
08-12 16:16:35.936 15918 16002 D cellinfo: 46 bytes from 54.197.223.49: icmp_seq=2681 ttl=42 time=76.9 ms
08-12 16:16:36.118 15918 16002 D cellinfo: 46 bytes from 54.197.223.49: icmp_seq=2682 ttl=42 time=57.2 ms
08-12 16:16:36.190 15918 15918 D cellinfo: Latitude is 41.5944234
08-12 16:16:36.190 15918 15918 D cellinfo: Longitude is -93.774089
08-12 16:16:36.190 15918 15918 D cellinfo: Instantaneous GPS information: United States, 5000 Westown Pkwy # 310, West Des Moines, IA 50266, USA
08-12 16:16:36.190 15918 15918 D cellinfo: getCurrentLocation() result: Location (success): 41.5944234, -93.774089
08-12 16:16:36.194 15918 15918 D cellinfo: onCellInfoChanged: Operator: Verizon Wireless UpdateTimestamp: 173831505 CellConnectionStatus: 1
08-12 16:16:36.194 15918 15918 D cellinfo: onCellInfoChanged: LTE Cell Bands: [13, 4] Bandwidth: 10000 Cell ID: 48297474 Physical Cell ID: 439 Tracking Area Code: 48138 EARFCN: 5230
08-12 16:16:36.317 15918 16002 D cellinfo: 46 bytes from 54.197.223.49: icmp_seq=2683 ttl=42 time=56.1 ms
08-12 16:16:36.548 15918 16002 D cellinfo: 46 bytes from 54.197.223.49: icmp_seq=2684 ttl=42 time=86.2 ms
08-12 16:16:36.736 15918 16002 D cellinfo: 46 bytes from 54.197.223.49: icmp_seq=2685 ttl=42 time=73.2 ms
08-12 16:16:36.926 15918 16002 D cellinfo: 46 bytes from 54.197.223.49: icmp_seq=2686 ttl=42 time=62.1 ms
08-12 16:16:37.136 15918 16002 D cellinfo: 46 bytes from 54.197.223.49: icmp_seq=2687 ttl=42 time=71.3 ms
08-12 16:16:37.326 15918 16002 D cellinfo: 46 bytes from 54.197.223.49: icmp_seq=2688 ttl=42 time=60.4 ms
08-12 16:16:37.546 15918 16002 D cellinfo: 46 bytes from 54.197.223.49: icmp_seq=2689 ttl=42 time=80.1 ms
08-12 16:16:37.733 15918 16002 D cellinfo: 46 bytes from 54.197.223.49: icmp_seq=2690 ttl=42 time=66.1 ms
08-12 16:16:37.936 15918 16002 D cellinfo: 46 bytes from 54.197.223.49: icmp_seq=2691 ttl=42 time=68.1 ms
08-12 16:16:38.143 15918 16002 D cellinfo: 46 bytes from 54.197.223.49: icmp_seq=2692 ttl=42 time=73.7 ms
08-12 16:16:38.345 15918 16002 D cellinfo: 46 bytes from 54.197.223.49: icmp_seq=2693 ttl=42 time=75.4 ms
08-12 16:16:38.534 15918 16002 D cellinfo: 46 bytes from 54.197.223.49: icmp_seq=2694 ttl=42 time=64.1 ms
08-12 16:16:38.742 15918 16002 D cellinfo: 46 bytes from 54.197.223.49: icmp_seq=2695 ttl=42 time=71.0 ms
08-12 16:16:38.826 15918 15918 D cellinfo: onCellInfoChanged: Operator: Verizon Wireless UpdateTimestamp: 173834515 CellConnectionStatus: 1
08-12 16:16:38.826 15918 15918 D cellinfo: onCellInfoChanged: LTE Cell Bands: [13, 4] Bandwidth: 10000 Cell ID: 48297474 Physical Cell ID: 439 Tracking Area Code: 48138 EARFCN: 5230
08-12 16:16:38.835 15918 15918 D cellinfo: onsignalStrengthsChanged: LTE Signal Strength info: rsrp: -91 rsrq: -13 rssi: -71 rssnr: -1
08-12 16:16:38.931 15918 16002 D cellinfo: 46 bytes from 54.197.223.49: icmp_seq=2696 ttl=42 time=58.7 ms
08-12 16:16:39.149 15918 16002 D cellinfo: 46 bytes from 54.197.223.49: icmp_seq=2697 ttl=42 time=76.7 ms
08-12 16:16:39.334 15918 16002 D cellinfo: 46 bytes from 54.197.223.49: icmp_seq=2698 ttl=42 time=60.8 ms
08-12 16:16:39.544 15918 16002 D cellinfo: 46 bytes from 54.197.223.49: icmp_seq=2699 ttl=42 time=69.0 ms
08-12 16:16:39.708 15918 15918 D cellinfo: Latitude is 41.5959208
08-12 16:16:39.708 15918 15918 D cellinfo: Longitude is -93.774924
08-12 16:16:39.708 15918 15918 D cellinfo: Instantaneous GPS information: United States, 1700 50th St, West Des Moines, IA 50266, USA
08-12 16:16:39.708 15918 15918 D cellinfo: getCurrentLocation() result: Location (success): 41.5959208, -93.774924
08-12 16:16:39.742 15918 16002 D cellinfo: 46 bytes from 54.197.223.49: icmp_seq=2700 ttl=42 time=67.7 ms
08-12 16:16:40.352 15918 16002 D cellinfo: 46 bytes from 54.197.223.49: icmp_seq=2703 ttl=42 time=71.3 ms
08-12 16:16:40.393 15918 15918 D cellinfo: onServiceStateChanged: Channel Number: 66636 Cell Bandwidths: [20000, 10000]
08-12 16:16:40.411 15918 15918 D cellinfo: onDisplayInfoChanged: NetworkType: LTE OverrideNetworkType: 5G (Sub-6 GHz)
08-12 16:16:40.552 15918 16002 D cellinfo: 46 bytes from 54.197.223.49: icmp_seq=2704 ttl=42 time=70.8 ms
08-12 16:16:40.742 15918 16002 D cellinfo: 46 bytes from 54.197.223.49: icmp_seq=2705 ttl=42 time=60.5 ms
08-12 16:16:40.942 15918 16002 D cellinfo: 46 bytes from 54.197.223.49: icmp_seq=2706 ttl=42 time=60.1 ms
08-12 16:16:41.139 15918 16002 D cellinfo: 46 bytes from 54.197.223.49: icmp_seq=2707 ttl=42 time=56.1 ms
08-12 16:16:41.349 15918 16002 D cellinfo: 46 bytes from 54.197.223.49: icmp_seq=2708 ttl=42 time=64.2 ms
08-12 16:16:41.541 15918 16002 D cellinfo: 46 bytes from 54.197.223.49: icmp_seq=2709 ttl=42 time=55.1 ms
08-12 16:16:41.751 15918 16002 D cellinfo: 46 bytes from 54.197.223.49: icmp_seq=2710 ttl=42 time=65.3 ms
08-12 16:16:41.951 15918 16002 D cellinfo: 46 bytes from 54.197.223.49: icmp_seq=2711 ttl=42 time=64.0 ms
08-12 16:16:42.143 15918 16002 D cellinfo: 46 bytes from 54.197.223.49: icmp_seq=2712 ttl=42 time=54.7 ms
08-12 16:16:42.181 15918 15918 D cellinfo: Latitude is 41.5960156
08-12 16:16:42.181 15918 15918 D cellinfo: Longitude is -93.7749735
08-12 16:16:42.181 15918 15918 D cellinfo: Instantaneous GPS information: United States, I-80, West Des Moines, IA 50266, USA
08-12 16:16:42.181 15918 15918 D cellinfo: getCurrentLocation() result: Location (success): 41.5960156, -93.7749735
08-12 16:16:42.185 15918 15918 D cellinfo: onCellInfoChanged: Operator: Verizon Wireless UpdateTimestamp: 173837497 CellConnectionStatus: 1
08-12 16:16:42.185 15918 15918 D cellinfo: onCellInfoChanged: LTE Cell Bands: [66, 5] Bandwidth: 20000 Cell ID: 48297484 Physical Cell ID: 433 Tracking Area Code: 48138 EARFCN: 66636
08-12 16:16:42.356 15918 15918 D cellinfo: onsignalStrengthsChanged: LTE Signal Strength info: rsrp: -108 rsrq: -13 rssi: -87 rssnr: -3
08-12 16:16:42.367 15918 16002 D cellinfo: 46 bytes from 54.197.223.49: icmp_seq=2713 ttl=42 time=78.1 ms
08-12 16:16:42.550 15918 16002 D cellinfo: 46 bytes from 54.197.223.49: icmp_seq=2714 ttl=42 time=60.2 ms
08-12 16:16:42.757 15918 16002 D cellinfo: 46 bytes from 54.197.223.49: icmp_seq=2715 ttl=42 time=66.6 ms
08-12 16:16:42.958 15918 16002 D cellinfo: 46 bytes from 54.197.223.49: icmp_seq=2716 ttl=42 time=67.0 ms
08-12 16:16:43.149 15918 16002 D cellinfo: 46 bytes from 54.197.223.49: icmp_seq=2717 ttl=42 time=56.9 ms
08-12 16:16:43.369 15918 16002 D cellinfo: 46 bytes from 54.197.223.49: icmp_seq=2718 ttl=42 time=76.3 ms
08-12 16:16:43.556 15918 16002 D cellinfo: 46 bytes from 54.197.223.49: icmp_seq=2719 ttl=42 time=62.2 ms
08-12 16:16:43.753 15918 16002 D cellinfo: 46 bytes from 54.197.223.49: icmp_seq=2720 ttl=42 time=57.9 ms
08-12 16:16:43.952 15918 16002 D cellinfo: 46 bytes from 54.197.223.49: icmp_seq=2721 ttl=42 time=55.2 ms
08-12 16:16:44.157 15918 16002 D cellinfo: 46 bytes from 54.197.223.49: icmp_seq=2722 ttl=42 time=60.7 ms
08-12 16:16:44.373 15918 16002 D cellinfo: 46 bytes from 54.197.223.49: icmp_seq=2723 ttl=42 time=73.7 ms
08-12 16:16:44.561 15918 16002 D cellinfo: 46 bytes from 54.197.223.49: icmp_seq=2724 ttl=42 time=62.9 ms
08-12 16:16:44.774 15918 16002 D cellinfo: 46 bytes from 54.197.223.49: icmp_seq=2725 ttl=42 time=75.2 ms
08-12 16:16:44.990 15918 16002 D cellinfo: 46 bytes from 54.197.223.49: icmp_seq=2726 ttl=42 time=89.7 ms
08-12 16:16:45.179 15918 16002 D cellinfo: 46 bytes from 54.197.223.49: icmp_seq=2727 ttl=42 time=78.1 ms
08-12 16:16:45.229 15918 15918 D cellinfo: Latitude is 41.5962776
08-12 16:16:45.229 15918 15918 D cellinfo: Longitude is -93.7751082
08-12 16:16:45.229 15918 15918 D cellinfo: Instantaneous GPS information: United States, I-80, West Des Moines, IA 50266, USA
08-12 16:16:45.229 15918 15918 D cellinfo: getCurrentLocation() result: Location (success): 41.5962776, -93.7751082
08-12 16:16:45.232 15918 15918 D cellinfo: onCellInfoChanged: Operator: Verizon Wireless UpdateTimestamp: 173840508 CellConnectionStatus: 1
08-12 16:16:45.232 15918 15918 D cellinfo: onCellInfoChanged: LTE Cell Bands: [66, 5] Bandwidth: 20000 Cell ID: 48297484 Physical Cell ID: 433 Tracking Area Code: 48138 EARFCN: 66636
08-12 16:16:45.363 15918 16002 D cellinfo: 46 bytes from 54.197.223.49: icmp_seq=2728 ttl=42 time=60.7 ms
08-12 16:16:45.559 15918 16002 D cellinfo: 46 bytes from 54.197.223.49: icmp_seq=2729 ttl=42 time=55.4 ms
08-12 16:16:45.758 15918 16002 D cellinfo: 46 bytes from 54.197.223.49: icmp_seq=2730 ttl=42 time=53.6 ms
08-12 16:16:45.964 15918 16002 D cellinfo: 46 bytes from 54.197.223.49: icmp_seq=2731 ttl=42 time=59.5 ms
08-12 16:16:46.161 15918 16002 D cellinfo: 46 bytes from 54.197.223.49: icmp_seq=2732 ttl=42 time=55.9 ms
08-12 16:16:46.364 15918 16002 D cellinfo: 46 bytes from 54.197.223.49: icmp_seq=2733 ttl=42 time=58.3 ms
08-12 16:16:46.563 15918 16002 D cellinfo: 46 bytes from 54.197.223.49: icmp_seq=2734 ttl=42 time=56.0 ms
08-12 16:16:46.764 15918 16002 D cellinfo: 46 bytes from 54.197.223.49: icmp_seq=2735 ttl=42 time=56.0 ms
08-12 16:16:46.964 15918 16002 D cellinfo: 46 bytes from 54.197.223.49: icmp_seq=2736 ttl=42 time=55.2 ms
08-12 16:16:47.172 15918 16002 D cellinfo: 46 bytes from 54.197.223.49: icmp_seq=2737 ttl=42 time=62.9 ms
08-12 16:16:47.374 15918 16002 D cellinfo: 46 bytes from 54.197.223.49: icmp_seq=2738 ttl=42 time=64.4 ms
08-12 16:16:47.575 15918 16002 D cellinfo: 46 bytes from 54.197.223.49: icmp_seq=2739 ttl=42 time=65.3 ms
08-12 16:16:47.777 15918 16002 D cellinfo: 46 bytes from 54.197.223.49: icmp_seq=2740 ttl=42 time=65.4 ms
08-12 16:16:47.986 15918 16002 D cellinfo: 46 bytes from 54.197.223.49: icmp_seq=2741 ttl=42 time=73.6 ms
08-12 16:16:48.172 15918 16002 D cellinfo: 46 bytes from 54.197.223.49: icmp_seq=2742 ttl=42 time=58.6 ms
08-12 16:16:48.213 15918 15918 D cellinfo: Latitude is 41.5963021
08-12 16:16:48.213 15918 15918 D cellinfo: Longitude is -93.7751209
08-12 16:16:48.213 15918 15918 D cellinfo: Instantaneous GPS information: United States, I-80, West Des Moines, IA 50266, USA
08-12 16:16:48.213 15918 15918 D cellinfo: getCurrentLocation() result: Location (success): 41.5963021, -93.7751209
08-12 16:16:48.220 15918 15918 D cellinfo: onCellInfoChanged: Operator: Verizon Wireless UpdateTimestamp: 173843500 CellConnectionStatus: 1
08-12 16:16:48.220 15918 15918 D cellinfo: onCellInfoChanged: LTE Cell Bands: [66, 5] Bandwidth: 20000 Cell ID: 48297484 Physical Cell ID: 433 Tracking Area Code: 48138 EARFCN: 66636
08-12 16:16:48.374 15918 16002 D cellinfo: 46 bytes from 54.197.223.49: icmp_seq=2743 ttl=42 time=60.4 ms
08-12 16:16:48.574 15918 16002 D cellinfo: 46 bytes from 54.197.223.49: icmp_seq=2744 ttl=42 time=59.2 ms
08-12 16:16:48.808 15918 16002 D cellinfo: 46 bytes from 54.197.223.49: icmp_seq=2745 ttl=42 time=92.3 ms
08-12 16:16:48.975 15918 16002 D cellinfo: 46 bytes from 54.197.223.49: icmp_seq=2746 ttl=42 time=58.4 ms
08-12 16:16:49.181 15918 16002 D cellinfo: 46 bytes from 54.197.223.49: icmp_seq=2747 ttl=42 time=61.4 ms
08-12 16:16:49.384 15918 16002 D cellinfo: 46 bytes from 54.197.223.49: icmp_seq=2748 ttl=42 time=65.7 ms
08-12 16:16:49.593 15918 16002 D cellinfo: 46 bytes from 54.197.223.49: icmp_seq=2749 ttl=42 time=73.4 ms
08-12 16:16:49.798 15918 16002 D cellinfo: 46 bytes from 54.197.223.49: icmp_seq=2750 ttl=42 time=78.8 ms
08-12 16:16:49.995 15918 16002 D cellinfo: 46 bytes from 54.197.223.49: icmp_seq=2751 ttl=42 time=74.9 ms
08-12 16:16:50.186 15918 16002 D cellinfo: 46 bytes from 54.197.223.49: icmp_seq=2752 ttl=42 time=64.5 ms
08-12 16:16:50.397 15918 16002 D cellinfo: 46 bytes from 54.197.223.49: icmp_seq=2753 ttl=42 time=74.5 ms
08-12 16:16:50.616 15918 16002 D cellinfo: 46 bytes from 54.197.223.49: icmp_seq=2754 ttl=42 time=93.4 ms
08-12 16:16:50.797 15918 16002 D cellinfo: 46 bytes from 54.197.223.49: icmp_seq=2755 ttl=42 time=74.6 ms
08-12 16:16:50.820 15918 15918 D cellinfo: onCellInfoChanged: Operator: Verizon Wireless UpdateTimestamp: 173846509 CellConnectionStatus: 1
08-12 16:16:50.821 15918 15918 D cellinfo: onCellInfoChanged: LTE Cell Bands: [66, 5] Bandwidth: 20000 Cell ID: 48297484 Physical Cell ID: 433 Tracking Area Code: 48138 EARFCN: 66636
08-12 16:16:50.992 15918 16002 D cellinfo: 46 bytes from 54.197.223.49: icmp_seq=2756 ttl=42 time=69.1 ms
08-12 16:16:51.192 15918 16002 D cellinfo: 46 bytes from 54.197.223.49: icmp_seq=2757 ttl=42 time=68.4 ms
08-12 16:16:51.433 15918 16002 D cellinfo: 46 bytes from 54.197.223.49: icmp_seq=2758 ttl=42 time=109 ms
08-12 16:16:51.669 15918 16002 D cellinfo: 46 bytes from 54.197.223.49: icmp_seq=2759 ttl=42 time=143 ms
08-12 16:16:51.792 15918 16002 D cellinfo: 46 bytes from 54.197.223.49: icmp_seq=2760 ttl=42 time=66.2 ms
08-12 16:16:51.941 15918 15918 D cellinfo: Latitude is 41.5969237
08-12 16:16:51.941 15918 15918 D cellinfo: Longitude is -93.7755018
08-12 16:16:51.941 15918 15918 D cellinfo: Instantaneous GPS information: United States, I-80, West Des Moines, IA 50266, USA
08-12 16:16:51.941 15918 15918 D cellinfo: getCurrentLocation() result: Location (success): 41.5969237, -93.7755018
08-12 16:16:51.981 15918 16002 D cellinfo: 46 bytes from 54.197.223.49: icmp_seq=2761 ttl=42 time=54.3 ms
08-12 16:16:52.196 15918 16002 D cellinfo: 46 bytes from 54.197.223.49: icmp_seq=2762 ttl=42 time=68.2 ms
08-12 16:16:52.389 15918 16002 D cellinfo: 46 bytes from 54.197.223.49: icmp_seq=2763 ttl=42 time=60.2 ms
08-12 16:16:52.588 15918 16002 D cellinfo: 46 bytes from 54.197.223.49: icmp_seq=2764 ttl=42 time=58.5 ms
08-12 16:16:52.811 15918 16002 D cellinfo: 46 bytes from 54.197.223.49: icmp_seq=2765 ttl=42 time=80.6 ms
08-12 16:16:52.997 15918 16002 D cellinfo: 46 bytes from 54.197.223.49: icmp_seq=2766 ttl=42 time=65.7 ms
08-12 16:16:53.202 15918 16002 D cellinfo: 46 bytes from 54.197.223.49: icmp_seq=2767 ttl=42 time=70.6 ms
08-12 16:16:53.402 15918 16002 D cellinfo: 46 bytes from 54.197.223.49: icmp_seq=2768 ttl=42 time=70.3 ms
08-12 16:16:53.601 15918 16002 D cellinfo: 46 bytes from 54.197.223.49: icmp_seq=2769 ttl=42 time=68.2 ms
08-12 16:16:53.803 15918 16002 D cellinfo: 46 bytes from 54.197.223.49: icmp_seq=2770 ttl=42 time=69.6 ms
08-12 16:16:54.021 15918 16002 D cellinfo: 46 bytes from 54.197.223.49: icmp_seq=2771 ttl=42 time=84.8 ms
08-12 16:16:54.208 15918 16002 D cellinfo: 46 bytes from 54.197.223.49: icmp_seq=2772 ttl=42 time=72.4 ms
08-12 16:16:54.402 15918 16002 D cellinfo: 46 bytes from 54.197.223.49: icmp_seq=2773 ttl=42 time=64.9 ms
08-12 16:16:54.434 15918 15918 D cellinfo: Latitude is 41.5969783
08-12 16:16:54.434 15918 15918 D cellinfo: Longitude is -93.7755315
08-12 16:16:54.435 15918 15918 D cellinfo: Instantaneous GPS information: United States, I-80, West Des Moines, IA 50266, USA
08-12 16:16:54.435 15918 15918 D cellinfo: getCurrentLocation() result: Location (success): 41.5969783, -93.7755315
08-12 16:16:54.437 15918 15918 D cellinfo: onCellInfoChanged: Operator: Verizon Wireless UpdateTimestamp: 173849515 CellConnectionStatus: 1
08-12 16:16:54.437 15918 15918 D cellinfo: onCellInfoChanged: LTE Cell Bands: [66, 5] Bandwidth: 20000 Cell ID: 48297484 Physical Cell ID: 433 Tracking Area Code: 48138 EARFCN: 66636
08-12 16:16:54.437 15918 15918 D cellinfo: onsignalStrengthsChanged: LTE Signal Strength info: rsrp: -112 rsrq: -15 rssi: -89 rssnr: -4
08-12 16:16:54.600 15918 16002 D cellinfo: 46 bytes from 54.197.223.49: icmp_seq=2774 ttl=42 time=62.6 ms
08-12 16:16:54.807 15918 16002 D cellinfo: 46 bytes from 54.197.223.49: icmp_seq=2775 ttl=42 time=67.7 ms
08-12 16:16:55.017 15918 16002 D cellinfo: 46 bytes from 54.197.223.49: icmp_seq=2776 ttl=42 time=77.9 ms
08-12 16:16:55.206 15918 16002 D cellinfo: 46 bytes from 54.197.223.49: icmp_seq=2777 ttl=42 time=67.1 ms
08-12 16:16:55.404 15918 16002 D cellinfo: 46 bytes from 54.197.223.49: icmp_seq=2778 ttl=42 time=64.4 ms
08-12 16:16:55.613 15918 16002 D cellinfo: 46 bytes from 54.197.223.49: icmp_seq=2779 ttl=42 time=71.1 ms
08-12 16:16:55.819 15918 16002 D cellinfo: 46 bytes from 54.197.223.49: icmp_seq=2780 ttl=42 time=76.4 ms
08-12 16:16:56.025 15918 16002 D cellinfo: 46 bytes from 54.197.223.49: icmp_seq=2781 ttl=42 time=82.8 ms
08-12 16:16:56.215 15918 16002 D cellinfo: 46 bytes from 54.197.223.49: icmp_seq=2782 ttl=42 time=73.1 ms
08-12 16:16:56.418 15918 16002 D cellinfo: 46 bytes from 54.197.223.49: icmp_seq=2783 ttl=42 time=74.1 ms
08-12 16:16:56.622 15918 16002 D cellinfo: 46 bytes from 54.197.223.49: icmp_seq=2784 ttl=42 time=77.9 ms
08-12 16:16:56.812 15918 16002 D cellinfo: 46 bytes from 54.197.223.49: icmp_seq=2785 ttl=42 time=66.7 ms
08-12 16:16:57.184 15918 16002 D cellinfo: 46 bytes from 54.197.223.49: icmp_seq=2786 ttl=42 time=237 ms
08-12 16:16:57.208 15918 16002 D cellinfo: 46 bytes from 54.197.223.49: icmp_seq=2787 ttl=42 time=59.2 ms
08-12 16:16:57.412 15918 16002 D cellinfo: 46 bytes from 54.197.223.49: icmp_seq=2788 ttl=42 time=61.9 ms
08-12 16:16:57.416 15918 15918 D cellinfo: Latitude is 41.5970301
08-12 16:16:57.416 15918 15918 D cellinfo: Longitude is -93.7755595
08-12 16:16:57.416 15918 15918 D cellinfo: Instantaneous GPS information: United States, I-80, West Des Moines, IA 50266, USA
08-12 16:16:57.416 15918 15918 D cellinfo: getCurrentLocation() result: Location (success): 41.5970301, -93.7755595
08-12 16:16:57.419 15918 15918 D cellinfo: onCellInfoChanged: Operator: Verizon Wireless UpdateTimestamp: 173852498 CellConnectionStatus: 1
08-12 16:16:57.419 15918 15918 D cellinfo: onCellInfoChanged: LTE Cell Bands: [66, 5] Bandwidth: 20000 Cell ID: 48297484 Physical Cell ID: 433 Tracking Area Code: 48138 EARFCN: 66636
08-12 16:16:57.621 15918 16002 D cellinfo: 46 bytes from 54.197.223.49: icmp_seq=2789 ttl=42 time=70.2 ms
08-12 16:16:57.835 15918 16002 D cellinfo: 46 bytes from 54.197.223.49: icmp_seq=2790 ttl=42 time=82.7 ms
08-12 16:16:58.028 15918 16002 D cellinfo: 46 bytes from 54.197.223.49: icmp_seq=2791 ttl=42 time=75.4 ms
08-12 16:16:58.221 15918 16002 D cellinfo: 46 bytes from 54.197.223.49: icmp_seq=2792 ttl=42 time=68.2 ms
08-12 16:16:58.415 15918 16002 D cellinfo: 46 bytes from 54.197.223.49: icmp_seq=2793 ttl=42 time=61.2 ms
08-12 16:16:58.628 15918 16002 D cellinfo: 46 bytes from 54.197.223.49: icmp_seq=2794 ttl=42 time=74.1 ms
08-12 16:16:58.822 15918 16002 D cellinfo: 46 bytes from 54.197.223.49: icmp_seq=2795 ttl=42 time=66.4 ms
08-12 16:16:59.021 15918 16002 D cellinfo: 46 bytes from 54.197.223.49: icmp_seq=2796 ttl=42 time=65.0 ms
08-12 16:16:59.228 15918 16002 D cellinfo: 46 bytes from 54.197.223.49: icmp_seq=2797 ttl=42 time=73.0 ms
08-12 16:16:59.425 15918 16002 D cellinfo: 46 bytes from 54.197.223.49: icmp_seq=2798 ttl=42 time=69.2 ms
08-12 16:16:59.641 15918 16002 D cellinfo: 46 bytes from 54.197.223.49: icmp_seq=2799 ttl=42 time=83.7 ms
08-12 16:16:59.773 15918 15918 D cellinfo: Latitude is 41.5970328
08-12 16:16:59.773 15918 15918 D cellinfo: Longitude is -93.775561
08-12 16:16:59.773 15918 15918 D cellinfo: Instantaneous GPS information: United States, I-80, West Des Moines, IA 50266, USA
08-12 16:16:59.773 15918 15918 D cellinfo: getCurrentLocation() result: Location (success): 41.5970328, -93.775561
08-12 16:16:59.822 15918 15918 D cellinfo: onCellInfoChanged: Operator: Verizon Wireless UpdateTimestamp: 173855510 CellConnectionStatus: 1
