08-12 16:14:56.718 15918 15918 D cellinfo: onsignalStrengthsChanged: LTE Signal Strength info: rsrp: -85 rsrq: -9 rssi: -69 rssnr: 17
08-12 16:14:56.923 15918 16002 D cellinfo: 46 bytes from 54.197.223.49: icmp_seq=2188 ttl=42 time=63.4 ms
08-12 16:14:57.121 15918 16002 D cellinfo: 46 bytes from 54.197.223.49: icmp_seq=2189 ttl=42 time=59.3 ms
08-12 16:14:57.156 15918 15918 D cellinfo: Latitude is 41.5920089
08-12 16:14:57.156 15918 15918 D cellinfo: Longitude is -93.7988153
08-12 16:14:57.156 15918 15918 D cellinfo: Instantaneous GPS information: United States, 6600 Westown Pkwy #100, West Des Moines, IA 50266, USA
08-12 16:14:57.156 15918 15918 D cellinfo: getCurrentLocation() result: Location (success): 41.5920089, -93.7988153
08-12 16:14:57.159 15918 15918 D cellinfo: onCellInfoChanged: Operator: Verizon Wireless UpdateTimestamp: 173732498 CellConnectionStatus: 1
08-12 16:14:57.159 15918 15918 D cellinfo: onCellInfoChanged: LTE Cell Bands: [66, 5, 2] Bandwidth: 10000 Cell ID: 48150052 Physical Cell ID: 125 Tracking Area Code: 48138 EARFCN: 66986
08-12 16:14:57.322 15918 16002 D cellinfo: 46 bytes from 54.197.223.49: icmp_seq=2190 ttl=42 time=60.9 ms
08-12 16:14:57.522 15918 16002 D cellinfo: 46 bytes from 54.197.223.49: icmp_seq=2191 ttl=42 time=59.9 ms
08-12 16:14:57.723 15918 16002 D cellinfo: 46 bytes from 54.197.223.49: icmp_seq=2192 ttl=42 time=59.6 ms
08-12 16:14:57.923 15918 16002 D cellinfo: 46 bytes from 54.197.223.49: icmp_seq=2193 ttl=42 time=59.0 ms
08-12 16:14:58.122 15918 16002 D cellinfo: 46 bytes from 54.197.223.49: icmp_seq=2194 ttl=42 time=57.5 ms
08-12 16:14:58.323 15918 16002 D cellinfo: 46 bytes from 54.197.223.49: icmp_seq=2195 ttl=42 time=58.0 ms
08-12 16:14:58.523 15918 16002 D cellinfo: 46 bytes from 54.197.223.49: icmp_seq=2196 ttl=42 time=56.8 ms
08-12 16:14:58.726 15918 16002 D cellinfo: 46 bytes from 54.197.223.49: icmp_seq=2197 ttl=42 time=58.6 ms
08-12 16:14:58.923 15918 16002 D cellinfo: 46 bytes from 54.197.223.49: icmp_seq=2198 ttl=42 time=55.0 ms
08-12 16:14:59.122 15918 16002 D cellinfo: 46 bytes from 54.197.223.49: icmp_seq=2199 ttl=42 time=53.0 ms
08-12 16:14:59.322 15918 16002 D cellinfo: 46 bytes from 54.197.223.49: icmp_seq=2200 ttl=42 time=52.3 ms
08-12 16:14:59.525 15918 16002 D cellinfo: 46 bytes from 54.197.223.49: icmp_seq=2201 ttl=42 time=54.2 ms
08-12 16:14:59.729 15918 16002 D cellinfo: 46 bytes from 54.197.223.49: icmp_seq=2202 ttl=42 time=58.3 ms
08-12 16:14:59.923 15918 16002 D cellinfo: 46 bytes from 54.197.223.49: icmp_seq=2203 ttl=42 time=51.3 ms
08-12 16:15:00.134 15918 15918 D cellinfo: Latitude is 41.5920089
08-12 16:15:00.134 15918 15918 D cellinfo: Longitude is -93.7990057
08-12 16:15:00.134 15918 15918 D cellinfo: Instantaneous GPS information: United States, 6699 Vista Dr, West Des Moines, IA 50266, USA
08-12 16:15:00.134 15918 15918 D cellinfo: getCurrentLocation() result: Location (success): 41.5920089, -93.7990057
08-12 16:15:00.135 15918 16002 D cellinfo: 46 bytes from 54.197.223.49: icmp_seq=2204 ttl=42 time=61.4 ms
08-12 16:15:00.137 15918 15918 D cellinfo: onCellInfoChanged: Operator: Verizon Wireless UpdateTimestamp: 173735523 CellConnectionStatus: 1
08-12 16:15:00.137 15918 15918 D cellinfo: onCellInfoChanged: LTE Cell Bands: [66, 5, 2] Bandwidth: 10000 Cell ID: 48150052 Physical Cell ID: 125 Tracking Area Code: 48138 EARFCN: 66986
08-12 16:15:00.332 15918 16002 D cellinfo: 46 bytes from 54.197.223.49: icmp_seq=2205 ttl=42 time=58.1 ms
08-12 16:15:00.538 15918 16002 D cellinfo: 46 bytes from 54.197.223.49: icmp_seq=2206 ttl=42 time=64.4 ms
08-12 16:15:00.718 15918 15918 D cellinfo: onsignalStrengthsChanged: LTE Signal Strength info: rsrp: -95 rsrq: -11 rssi: -75 rssnr: 14
08-12 16:15:00.732 15918 16002 D cellinfo: 46 bytes from 54.197.223.49: icmp_seq=2207 ttl=42 time=57.0 ms
08-12 16:15:00.931 15918 16002 D cellinfo: 46 bytes from 54.197.223.49: icmp_seq=2208 ttl=42 time=55.8 ms
08-12 16:15:01.131 15918 16002 D cellinfo: 46 bytes from 54.197.223.49: icmp_seq=2209 ttl=42 time=53.9 ms
08-12 16:15:01.333 15918 16002 D cellinfo: 46 bytes from 54.197.223.49: icmp_seq=2210 ttl=42 time=55.1 ms
08-12 16:15:01.531 15918 16002 D cellinfo: 46 bytes from 54.197.223.49: icmp_seq=2211 ttl=42 time=52.7 ms
08-12 16:15:01.741 15918 16002 D cellinfo: 46 bytes from 54.197.223.49: icmp_seq=2212 ttl=42 time=62.0 ms
08-12 16:15:01.933 15918 16002 D cellinfo: 46 bytes from 54.197.223.49: icmp_seq=2213 ttl=42 time=52.9 ms
08-12 16:15:02.143 15918 16002 D cellinfo: 46 bytes from 54.197.223.49: icmp_seq=2214 ttl=42 time=62.9 ms
08-12 16:15:02.343 15918 16002 D cellinfo: 46 bytes from 54.197.223.49: icmp_seq=2215 ttl=42 time=61.2 ms
08-12 16:15:02.542 15918 16002 D cellinfo: 46 bytes from 54.197.223.49: icmp_seq=2216 ttl=42 time=60.2 ms
08-12 16:15:02.751 15918 16002 D cellinfo: 46 bytes from 54.197.223.49: icmp_seq=2217 ttl=42 time=67.3 ms
08-12 16:15:02.819 15918 15918 D cellinfo: onCellInfoChanged: Operator: Verizon Wireless UpdateTimestamp: 173738508 CellConnectionStatus: 1
08-12 16:15:02.819 15918 15918 D cellinfo: onCellInfoChanged: LTE Cell Bands: [66, 5, 2] Bandwidth: 10000 Cell ID: 48150052 Physical Cell ID: 125 Tracking Area Code: 48138 EARFCN: 66986
08-12 16:15:02.942 15918 16002 D cellinfo: 46 bytes from 54.197.223.49: icmp_seq=2218 ttl=42 time=58.9 ms
08-12 16:15:03.142 15918 16002 D cellinfo: 46 bytes from 54.197.223.49: icmp_seq=2219 ttl=42 time=58.5 ms
08-12 16:15:03.342 15918 16002 D cellinfo: 46 bytes from 54.197.223.49: icmp_seq=2220 ttl=42 time=57.4 ms
08-12 16:15:03.552 15918 16002 D cellinfo: 46 bytes from 54.197.223.49: icmp_seq=2221 ttl=42 time=63.9 ms
08-12 16:15:03.724 15918 15918 D cellinfo: Latitude is 41.5920303
08-12 16:15:03.724 15918 15918 D cellinfo: Longitude is -93.7952519
08-12 16:15:03.724 15918 15918 D cellinfo: Instantaneous GPS information: United States, 6429 Vista Dr, West Des Moines, IA 50266, USA
08-12 16:15:03.724 15918 15918 D cellinfo: getCurrentLocation() result: Location (success): 41.5920303, -93.7952519
08-12 16:15:03.750 15918 16002 D cellinfo: 46 bytes from 54.197.223.49: icmp_seq=2222 ttl=42 time=63.2 ms
08-12 16:15:03.951 15918 16002 D cellinfo: 46 bytes from 54.197.223.49: icmp_seq=2223 ttl=42 time=62.6 ms
08-12 16:15:04.130 15918 15918 D cellinfo: onServiceStateChanged: Channel Number: 66986 Cell Bandwidths: [10000, 20000]
08-12 16:15:04.144 15918 16002 D cellinfo: 46 bytes from 54.197.223.49: icmp_seq=2224 ttl=42 time=55.5 ms
08-12 16:15:04.194 15918 15918 D cellinfo: onServiceStateChanged: Channel Number: 66986 Cell Bandwidths: [10000, 20000]
08-12 16:15:04.343 15918 16002 D cellinfo: 46 bytes from 54.197.223.49: icmp_seq=2225 ttl=42 time=53.6 ms
08-12 16:15:04.546 15918 16002 D cellinfo: 46 bytes from 54.197.223.49: icmp_seq=2226 ttl=42 time=54.7 ms
08-12 16:15:04.752 15918 16002 D cellinfo: 46 bytes from 54.197.223.49: icmp_seq=2227 ttl=42 time=59.9 ms
08-12 16:15:04.951 15918 16002 D cellinfo: 46 bytes from 54.197.223.49: icmp_seq=2228 ttl=42 time=59.1 ms
08-12 16:15:05.154 15918 16002 D cellinfo: 46 bytes from 54.197.223.49: icmp_seq=2229 ttl=42 time=61.2 ms
08-12 16:15:05.200 15918 15918 D cellinfo: onsignalStrengthsChanged: LTE Signal Strength info: rsrp: -95 rsrq: -8 rssi: -79 rssnr: 9
08-12 16:15:05.362 15918 16002 D cellinfo: 46 bytes from 54.197.223.49: icmp_seq=2230 ttl=42 time=67.2 ms
08-12 16:15:05.561 15918 16002 D cellinfo: 46 bytes from 54.197.223.49: icmp_seq=2231 ttl=42 time=66.2 ms
08-12 16:15:05.753 15918 16002 D cellinfo: 46 bytes from 54.197.223.49: icmp_seq=2232 ttl=42 time=57.4 ms
08-12 16:15:05.960 15918 16002 D cellinfo: 46 bytes from 54.197.223.49: icmp_seq=2233 ttl=42 time=64.1 ms
08-12 16:15:06.137 15918 15918 D cellinfo: Latitude is 41.5920393
08-12 16:15:06.137 15918 15918 D cellinfo: Longitude is -93.7950232
08-12 16:15:06.137 15918 15918 D cellinfo: Instantaneous GPS information: United States, 6429 Vista Dr, West Des Moines, IA 50266, USA
08-12 16:15:06.137 15918 15918 D cellinfo: getCurrentLocation() result: Location (success): 41.5920393, -93.7950232
08-12 16:15:06.141 15918 15918 D cellinfo: onCellInfoChanged: Operator: Verizon Wireless UpdateTimestamp: 173741505 CellConnectionStatus: 1
08-12 16:15:06.141 15918 15918 D cellinfo: onCellInfoChanged: LTE Cell Bands: [66, 66] Bandwidth: 10000 Cell ID: 48337956 Physical Cell ID: 261 Tracking Area Code: 48138 EARFCN: 66986
08-12 16:15:06.161 15918 16002 D cellinfo: 46 bytes from 54.197.223.49: icmp_seq=2234 ttl=42 time=63.8 ms
08-12 16:15:06.356 15918 16002 D cellinfo: 46 bytes from 54.197.223.49: icmp_seq=2235 ttl=42 time=58.2 ms
08-12 16:15:06.557 15918 16002 D cellinfo: 46 bytes from 54.197.223.49: icmp_seq=2236 ttl=42 time=58.1 ms
08-12 16:15:06.776 15918 16002 D cellinfo: 46 bytes from 54.197.223.49: icmp_seq=2237 ttl=42 time=75.4 ms
08-12 16:15:06.967 15918 16002 D cellinfo: 46 bytes from 54.197.223.49: icmp_seq=2238 ttl=42 time=67.0 ms
08-12 16:15:07.152 15918 16002 D cellinfo: 46 bytes from 54.197.223.49: icmp_seq=2239 ttl=42 time=51.0 ms
08-12 16:15:07.365 15918 16002 D cellinfo: 46 bytes from 54.197.223.49: icmp_seq=2240 ttl=42 time=63.1 ms
08-12 16:15:07.580 15918 16002 D cellinfo: 46 bytes from 54.197.223.49: icmp_seq=2241 ttl=42 time=76.8 ms
08-12 16:15:07.782 15918 16002 D cellinfo: 46 bytes from 54.197.223.49: icmp_seq=2242 ttl=42 time=78.7 ms
08-12 16:15:07.965 15918 16002 D cellinfo: 46 bytes from 54.197.223.49: icmp_seq=2243 ttl=42 time=60.0 ms
08-12 16:15:08.170 15918 16002 D cellinfo: 46 bytes from 54.197.223.49: icmp_seq=2244 ttl=42 time=65.2 ms
08-12 16:15:08.371 15918 16002 D cellinfo: 46 bytes from 54.197.223.49: icmp_seq=2245 ttl=42 time=64.9 ms
08-12 16:15:08.568 15918 16002 D cellinfo: 46 bytes from 54.197.223.49: icmp_seq=2246 ttl=42 time=61.2 ms
08-12 16:15:08.773 15918 16002 D cellinfo: 46 bytes from 54.197.223.49: icmp_seq=2247 ttl=42 time=65.5 ms
08-12 16:15:08.962 15918 16002 D cellinfo: 46 bytes from 54.197.223.49: icmp_seq=2248 ttl=42 time=53.9 ms
08-12 16:15:09.143 15918 15918 D cellinfo: Latitude is 41.5920499
08-12 16:15:09.143 15918 15918 D cellinfo: Longitude is -93.794315
08-12 16:15:09.143 15918 15918 D cellinfo: Instantaneous GPS information: United States, 6387 Vista Dr, West Des Moines, IA 50266, USA
08-12 16:15:09.143 15918 15918 D cellinfo: getCurrentLocation() result: Location (success): 41.5920499, -93.794315
08-12 16:15:09.148 15918 15918 D cellinfo: onCellInfoChanged: Operator: Verizon Wireless UpdateTimestamp: 173744520 CellConnectionStatus: 1
08-12 16:15:09.148 15918 15918 D cellinfo: onCellInfoChanged: LTE Cell Bands: [66, 66] Bandwidth: 10000 Cell ID: 48337956 Physical Cell ID: 261 Tracking Area Code: 48138 EARFCN: 66986
08-12 16:15:09.162 15918 16002 D cellinfo: 46 bytes from 54.197.223.49: icmp_seq=2249 ttl=42 time=52.7 ms
08-12 16:15:09.201 15918 15918 D cellinfo: onsignalStrengthsChanged: LTE Signal Strength info: rsrp: -101 rsrq: -11 rssi: -81 rssnr: -1
08-12 16:15:09.371 15918 16002 D cellinfo: 46 bytes from 54.197.223.49: icmp_seq=2250 ttl=42 time=60.8 ms
08-12 16:15:09.562 15918 16002 D cellinfo: 46 bytes from 54.197.223.49: icmp_seq=2251 ttl=42 time=51.1 ms
08-12 16:15:09.780 15918 16002 D cellinfo: 46 bytes from 54.197.223.49: icmp_seq=2252 ttl=42 time=69.0 ms
08-12 16:15:09.979 15918 16002 D cellinfo: 46 bytes from 54.197.223.49: icmp_seq=2253 ttl=42 time=67.2 ms
08-12 16:15:10.189 15918 16002 D cellinfo: 46 bytes from 54.197.223.49: icmp_seq=2254 ttl=42 time=75.4 ms
08-12 16:15:10.379 15918 16002 D cellinfo: 46 bytes from 54.197.223.49: icmp_seq=2255 ttl=42 time=64.6 ms
08-12 16:15:10.574 15918 16002 D cellinfo: 46 bytes from 54.197.223.49: icmp_seq=2256 ttl=42 time=59.2 ms
08-12 16:15:10.779 15918 16002 D cellinfo: 46 bytes from 54.197.223.49: icmp_seq=2257 ttl=42 time=62.9 ms
08-12 16:15:10.971 15918 16002 D cellinfo: 46 bytes from 54.197.223.49: icmp_seq=2258 ttl=42 time=55.2 ms
08-12 16:15:11.179 15918 16002 D cellinfo: 46 bytes from 54.197.223.49: icmp_seq=2259 ttl=42 time=62.1 ms
08-12 16:15:11.372 15918 16002 D cellinfo: 46 bytes from 54.197.223.49: icmp_seq=2260 ttl=42 time=53.0 ms
08-12 16:15:11.573 15918 16002 D cellinfo: 46 bytes from 54.197.223.49: icmp_seq=2261 ttl=42 time=52.9 ms
08-12 16:15:11.797 15918 16002 D cellinfo: 46 bytes from 54.197.223.49: icmp_seq=2262 ttl=42 time=76.7 ms
08-12 16:15:12.059 15918 16002 D cellinfo: 46 bytes from 54.197.223.49: icmp_seq=2263 ttl=42 time=137 ms
08-12 16:15:12.179 15918 16002 D cellinfo: 46 bytes from 54.197.223.49: icmp_seq=2264 ttl=42 time=57.1 ms
08-12 16:15:12.351 15918 15918 D cellinfo: Latitude is 41.5920511
08-12 16:15:12.351 15918 15918 D cellinfo: Longitude is -93.7943713
08-12 16:15:12.351 15918 15918 D cellinfo: Instantaneous GPS information: United States, 6387 Vista Dr, West Des Moines, IA 50266, USA
08-12 16:15:12.351 15918 15918 D cellinfo: getCurrentLocation() result: Location (success): 41.5920511, -93.7943713
08-12 16:15:12.355 15918 15918 D cellinfo: onCellInfoChanged: Operator: Verizon Wireless UpdateTimestamp: 173747515 CellConnectionStatus: 1
08-12 16:15:12.355 15918 15918 D cellinfo: onCellInfoChanged: LTE Cell Bands: [66, 66] Bandwidth: 10000 Cell ID: 48337956 Physical Cell ID: 261 Tracking Area Code: 48138 EARFCN: 66986
08-12 16:15:12.395 15918 16002 D cellinfo: 46 bytes from 54.197.223.49: icmp_seq=2265 ttl=42 time=73.1 ms
08-12 16:15:12.590 15918 16002 D cellinfo: 46 bytes from 54.197.223.49: icmp_seq=2266 ttl=42 time=67.3 ms
08-12 16:15:12.790 15918 16002 D cellinfo: 46 bytes from 54.197.223.49: icmp_seq=2267 ttl=42 time=66.4 ms
08-12 16:15:12.983 15918 16002 D cellinfo: 46 bytes from 54.197.223.49: icmp_seq=2268 ttl=42 time=58.1 ms
08-12 16:15:13.183 15918 16002 D cellinfo: 46 bytes from 54.197.223.49: icmp_seq=2269 ttl=42 time=57.5 ms
08-12 16:15:13.202 15918 15918 D cellinfo: onsignalStrengthsChanged: LTE Signal Strength info: rsrp: -105 rsrq: -12 rssi: -83 rssnr: -4
08-12 16:15:13.382 15918 16002 D cellinfo: 46 bytes from 54.197.223.49: icmp_seq=2270 ttl=42 time=56.6 ms
08-12 16:15:13.583 15918 16002 D cellinfo: 46 bytes from 54.197.223.49: icmp_seq=2271 ttl=42 time=56.2 ms
08-12 16:15:13.784 15918 16002 D cellinfo: 46 bytes from 54.197.223.49: icmp_seq=2272 ttl=42 time=56.8 ms
08-12 16:15:13.983 15918 16002 D cellinfo: 46 bytes from 54.197.223.49: icmp_seq=2273 ttl=42 time=54.9 ms
08-12 16:15:14.191 15918 16002 D cellinfo: 46 bytes from 54.197.223.49: icmp_seq=2274 ttl=42 time=61.7 ms
08-12 16:15:14.390 15918 16002 D cellinfo: 46 bytes from 54.197.223.49: icmp_seq=2275 ttl=42 time=60.4 ms
08-12 16:15:14.591 15918 16002 D cellinfo: 46 bytes from 54.197.223.49: icmp_seq=2276 ttl=42 time=60.3 ms
08-12 16:15:14.814 15918 15918 D cellinfo: onCellInfoChanged: Operator: Verizon Wireless UpdateTimestamp: 173750503 CellConnectionStatus: 1
08-12 16:15:14.815 15918 15918 D cellinfo: onCellInfoChanged: LTE Cell Bands: [66, 66] Bandwidth: 10000 Cell ID: 48337956 Physical Cell ID: 261 Tracking Area Code: 48138 EARFCN: 66986
08-12 16:15:14.981 15918 16002 D cellinfo: 46 bytes from 54.197.223.49: icmp_seq=2277 ttl=42 time=248 ms
08-12 16:15:15.032 15918 16002 D cellinfo: 46 bytes from 54.197.223.49: icmp_seq=2278 ttl=42 time=95.9 ms
08-12 16:15:15.049 15918 15918 D cellinfo: onServiceStateChanged: Channel Number: 66986 Cell Bandwidths: [10000, 10000, 5000]
08-12 16:15:15.205 15918 16002 D cellinfo: 46 bytes from 54.197.223.49: icmp_seq=2279 ttl=42 time=69.0 ms
08-12 16:15:15.405 15918 16002 D cellinfo: 46 bytes from 54.197.223.49: icmp_seq=2280 ttl=42 time=69.3 ms
08-12 16:15:15.593 15918 16002 D cellinfo: 46 bytes from 54.197.223.49: icmp_seq=2281 ttl=42 time=55.1 ms
08-12 16:15:15.698 15918 15918 D cellinfo: Latitude is 41.592043
08-12 16:15:15.698 15918 15918 D cellinfo: Longitude is -93.7915661
08-12 16:15:15.698 15918 15918 D cellinfo: Instantaneous GPS information: United States, I-80, West Des Moines, IA 50266, USA
08-12 16:15:15.698 15918 15918 D cellinfo: getCurrentLocation() result: Location (success): 41.592043, -93.7915661
08-12 16:15:15.978 15918 16002 D cellinfo: 46 bytes from 54.197.223.49: icmp_seq=2282 ttl=42 time=239 ms
08-12 16:15:16.009 15918 16002 D cellinfo: 46 bytes from 54.197.223.49: icmp_seq=2283 ttl=42 time=69.2 ms
08-12 16:15:16.201 15918 16002 D cellinfo: 46 bytes from 54.197.223.49: icmp_seq=2284 ttl=42 time=61.5 ms
08-12 16:15:16.394 15918 16002 D cellinfo: 46 bytes from 54.197.223.49: icmp_seq=2285 ttl=42 time=53.4 ms
08-12 16:15:16.594 15918 16002 D cellinfo: 46 bytes from 54.197.223.49: icmp_seq=2286 ttl=42 time=51.6 ms
08-12 16:15:16.811 15918 16002 D cellinfo: 46 bytes from 54.197.223.49: icmp_seq=2287 ttl=42 time=68.1 ms
08-12 16:15:17.011 15918 16002 D cellinfo: 46 bytes from 54.197.223.49: icmp_seq=2288 ttl=42 time=67.9 ms
08-12 16:15:17.228 15918 16002 D cellinfo: 46 bytes from 54.197.223.49: icmp_seq=2289 ttl=42 time=84.4 ms
08-12 16:15:17.404 15918 16002 D cellinfo: 46 bytes from 54.197.223.49: icmp_seq=2290 ttl=42 time=59.5 ms
08-12 16:15:17.605 15918 16002 D cellinfo: 46 bytes from 54.197.223.49: icmp_seq=2291 ttl=42 time=60.2 ms
08-12 16:15:17.821 15918 16002 D cellinfo: 46 bytes from 54.197.223.49: icmp_seq=2292 ttl=42 time=75.9 ms
08-12 16:15:18.168 15918 16002 D cellinfo: 46 bytes from 54.197.223.49: icmp_seq=2293 ttl=42 time=221 ms
08-12 16:15:18.199 15918 16002 D cellinfo: 46 bytes from 54.197.223.49: icmp_seq=2294 ttl=42 time=51.3 ms
08-12 16:15:18.423 15918 15918 D cellinfo: Latitude is 41.5920498
08-12 16:15:18.424 15918 15918 D cellinfo: Longitude is -93.7911296
08-12 16:15:18.424 15918 15918 D cellinfo: Instantaneous GPS information: United States, I-80, West Des Moines, IA 50266, USA
08-12 16:15:18.424 15918 15918 D cellinfo: getCurrentLocation() result: Location (success): 41.5920498, -93.7911296
08-12 16:15:18.424 15918 16002 D cellinfo: 46 bytes from 54.197.223.49: icmp_seq=2295 ttl=42 time=73.8 ms
08-12 16:15:18.428 15918 15918 D cellinfo: onCellInfoChanged: Operator: Verizon Wireless UpdateTimestamp: 173753508 CellConnectionStatus: 1
08-12 16:15:18.428 15918 15918 D cellinfo: onCellInfoChanged: LTE Cell Bands: [66, 5, 2] Bandwidth: 10000 Cell ID: 48150052 Physical Cell ID: 125 Tracking Area Code: 48138 EARFCN: 66986
08-12 16:15:18.429 15918 15918 D cellinfo: onsignalStrengthsChanged: LTE Signal Strength info: rsrp: -116 rsrq: -20 rssi: -87 rssnr: -7
08-12 16:15:18.429 15918 15918 D cellinfo: onServiceStateChanged: Channel Number: 66986 Cell Bandwidths: [10000, 20000]
08-12 16:15:18.429 15918 15918 D cellinfo: onServiceStateChanged: Channel Number: 66986 Cell Bandwidths: [10000, 20000]
08-12 16:15:18.793 15918 16002 D cellinfo: 46 bytes from 54.197.223.49: icmp_seq=2296 ttl=42 time=239 ms
08-12 16:15:18.875 15918 15918 D cellinfo: onServiceStateChanged: Channel Number: 66986 Cell Bandwidths: [10000, 20000]
08-12 16:15:20.011 15918 16002 D cellinfo: 46 bytes from 54.197.223.49: icmp_seq=2297 ttl=42 time=1259 ms
08-12 16:15:20.036 15918 15918 D cellinfo: onServiceStateChanged: Channel Number: 66986 Cell Bandwidths: [10000, 20000, 10000, 5000]
08-12 16:15:20.058 15918 16002 D cellinfo: 46 bytes from 54.197.223.49: icmp_seq=2303 ttl=42 time=86.1 ms
08-12 16:15:20.085 15918 15918 D cellinfo: onServiceStateChanged: Channel Number: 66986 Cell Bandwidths: [10000, 20000, 10000, 5000]
08-12 16:15:20.232 15918 16002 D cellinfo: 46 bytes from 54.197.223.49: icmp_seq=2304 ttl=42 time=59.3 ms
08-12 16:15:20.430 15918 16002 D cellinfo: 46 bytes from 54.197.223.49: icmp_seq=2305 ttl=42 time=58.1 ms
08-12 16:15:20.636 15918 16002 D cellinfo: 46 bytes from 54.197.223.49: icmp_seq=2306 ttl=42 time=62.8 ms
08-12 16:15:20.770 15918 15918 D cellinfo: Latitude is 41.5920498
08-12 16:15:20.770 15918 15918 D cellinfo: Longitude is -93.7911296
08-12 16:15:20.770 15918 15918 D cellinfo: Instantaneous GPS information: United States, I-80, West Des Moines, IA 50266, USA
08-12 16:15:20.770 15918 15918 D cellinfo: getCurrentLocation() result: Location (success): 41.5920498, -93.7911296
08-12 16:15:20.806 15918 15918 D cellinfo: onServiceStateChanged: Channel Number: 66986 Cell Bandwidths: [10000, 20000]
08-12 16:15:20.832 15918 15918 D cellinfo: onCellInfoChanged: Operator: Verizon Wireless UpdateTimestamp: 173756522 CellConnectionStatus: 1
08-12 16:15:20.832 15918 15918 D cellinfo: onCellInfoChanged: LTE Cell Bands: [66, 66] Bandwidth: 10000 Cell ID: 48337966 Physical Cell ID: 268 Tracking Area Code: 48138 EARFCN: 66986
08-12 16:15:20.835 15918 16002 D cellinfo: 46 bytes from 54.197.223.49: icmp_seq=2307 ttl=42 time=60.7 ms
08-12 16:15:21.034 15918 16002 D cellinfo: 46 bytes from 54.197.223.49: icmp_seq=2308 ttl=42 time=60.1 ms
08-12 16:15:21.225 15918 16002 D cellinfo: 46 bytes from 54.197.223.49: icmp_seq=2309 ttl=42 time=50.9 ms
08-12 16:15:21.446 15918 16002 D cellinfo: 46 bytes from 54.197.223.49: icmp_seq=2310 ttl=42 time=70.1 ms
08-12 16:15:21.625 15918 16002 D cellinfo: 46 bytes from 54.197.223.49: icmp_seq=2311 ttl=42 time=49.7 ms
08-12 16:15:21.836 15918 15918 D cellinfo: onsignalStrengthsChanged: LTE Signal Strength info: rsrp: -102 rsrq: -7 rssi: -87 rssnr: 3
08-12 16:15:21.836 15918 16002 D cellinfo: 46 bytes from 54.197.223.49: icmp_seq=2312 ttl=42 time=60.0 ms
08-12 16:15:22.042 15918 16002 D cellinfo: 46 bytes from 54.197.223.49: icmp_seq=2313 ttl=42 time=64.4 ms
08-12 16:15:22.238 15918 16002 D cellinfo: 46 bytes from 54.197.223.49: icmp_seq=2314 ttl=42 time=61.0 ms
08-12 16:15:22.440 15918 16002 D cellinfo: 46 bytes from 54.197.223.49: icmp_seq=2315 ttl=42 time=61.7 ms
08-12 16:15:22.643 15918 16002 D cellinfo: 46 bytes from 54.197.223.49: icmp_seq=2316 ttl=42 time=64.5 ms
08-12 16:15:22.844 15918 16002 D cellinfo: 46 bytes from 54.197.223.49: icmp_seq=2317 ttl=42 time=63.7 ms
08-12 16:15:23.044 15918 16002 D cellinfo: 46 bytes from 54.197.223.49: icmp_seq=2318 ttl=42 time=63.1 ms
08-12 16:15:23.246 15918 16002 D cellinfo: 46 bytes from 54.197.223.49: icmp_seq=2319 ttl=42 time=65.8 ms
08-12 16:15:23.443 15918 16002 D cellinfo: 46 bytes from 54.197.223.49: icmp_seq=2320 ttl=42 time=62.6 ms
08-12 16:15:23.644 15918 16002 D cellinfo: 46 bytes from 54.197.223.49: icmp_seq=2321 ttl=42 time=63.3 ms
08-12 16:15:23.857 15918 16002 D cellinfo: 46 bytes from 54.197.223.49: icmp_seq=2322 ttl=42 time=75.9 ms
08-12 16:15:24.108 15918 16002 D cellinfo: 46 bytes from 54.197.223.49: icmp_seq=2323 ttl=42 time=124 ms
08-12 16:15:24.235 15918 16002 D cellinfo: 46 bytes from 54.197.223.49: icmp_seq=2324 ttl=42 time=51.7 ms
08-12 16:15:24.268 15918 15918 D cellinfo: Latitude is 41.5920598
08-12 16:15:24.268 15918 15918 D cellinfo: Longitude is -93.7903881
08-12 16:15:24.268 15918 15918 D cellinfo: Instantaneous GPS information: United States, 5951 Vista Dr #532, West Des Moines, IA 50266, USA
08-12 16:15:24.269 15918 15918 D cellinfo: getCurrentLocation() result: Location (success): 41.5920598, -93.7903881
08-12 16:15:24.272 15918 15918 D cellinfo: onCellInfoChanged: Operator: Verizon Wireless UpdateTimestamp: 173759501 CellConnectionStatus: 1
08-12 16:15:24.273 15918 15918 D cellinfo: onCellInfoChanged: LTE Cell Bands: [66, 66] Bandwidth: 10000 Cell ID: 48337966 Physical Cell ID: 268 Tracking Area Code: 48138 EARFCN: 66986
08-12 16:15:24.436 15918 16002 D cellinfo: 46 bytes from 54.197.223.49: icmp_seq=2325 ttl=42 time=52.3 ms
08-12 16:15:24.635 15918 16002 D cellinfo: 46 bytes from 54.197.223.49: icmp_seq=2326 ttl=42 time=50.4 ms
08-12 16:15:24.853 15918 16002 D cellinfo: 46 bytes from 54.197.223.49: icmp_seq=2327 ttl=42 time=67.1 ms
08-12 16:15:25.047 15918 16002 D cellinfo: 46 bytes from 54.197.223.49: icmp_seq=2328 ttl=42 time=60.2 ms
08-12 16:15:25.253 15918 16002 D cellinfo: 46 bytes from 54.197.223.49: icmp_seq=2329 ttl=42 time=66.1 ms
08-12 16:15:25.449 15918 16002 D cellinfo: 46 bytes from 54.197.223.49: icmp_seq=2330 ttl=42 time=60.9 ms
08-12 16:15:25.646 15918 16002 D cellinfo: 46 bytes from 54.197.223.49: icmp_seq=2331 ttl=42 time=57.5 ms
08-12 16:15:25.836 15918 15918 D cellinfo: onsignalStrengthsChanged: LTE Signal Strength info: rsrp: -115 rsrq: -15 rssi: -93 rssnr: -7
08-12 16:15:25.861 15918 16002 D cellinfo: 46 bytes from 54.197.223.49: icmp_seq=2332 ttl=42 time=71.9 ms
08-12 16:15:26.053 15918 16002 D cellinfo: 46 bytes from 54.197.223.49: icmp_seq=2333 ttl=42 time=63.2 ms
08-12 16:15:26.261 15918 16002 D cellinfo: 46 bytes from 54.197.223.49: icmp_seq=2334 ttl=42 time=71.3 ms
08-12 16:15:26.461 15918 16002 D cellinfo: 46 bytes from 54.197.223.49: icmp_seq=2335 ttl=42 time=70.2 ms
08-12 16:15:26.661 15918 16002 D cellinfo: 46 bytes from 54.197.223.49: icmp_seq=2336 ttl=42 time=69.2 ms
08-12 16:15:26.809 15918 15918 D cellinfo: onServiceStateChanged: Channel Number: 66986 Cell Bandwidths: [10000, 20000, 5000, 10000]
08-12 16:15:26.816 15918 15918 D cellinfo: onCellInfoChanged: Operator: Verizon Wireless UpdateTimestamp: 173762497 CellConnectionStatus: 1
08-12 16:15:26.816 15918 15918 D cellinfo: onCellInfoChanged: LTE Cell Bands: [66, 66, 2, 13] Bandwidth: 10000 Cell ID: 48143908 Physical Cell ID: 444 Tracking Area Code: 48138 EARFCN: 66986
08-12 16:15:26.850 15918 16002 D cellinfo: 46 bytes from 54.197.223.49: icmp_seq=2337 ttl=42 time=57.6 ms
08-12 16:15:26.859 15918 15918 D cellinfo: onServiceStateChanged: Channel Number: 66986 Cell Bandwidths: [10000, 20000, 5000, 10000]
08-12 16:15:27.048 15918 16002 D cellinfo: 46 bytes from 54.197.223.49: icmp_seq=2338 ttl=42 time=54.7 ms
08-12 16:15:27.243 15918 16002 D cellinfo: 46 bytes from 54.197.223.49: icmp_seq=2339 ttl=42 time=50.5 ms
08-12 16:15:27.454 15918 16002 D cellinfo: 46 bytes from 54.197.223.49: icmp_seq=2340 ttl=42 time=61.6 ms
08-12 16:15:27.654 15918 16002 D cellinfo: 46 bytes from 54.197.223.49: icmp_seq=2341 ttl=42 time=59.9 ms
08-12 16:15:27.681 15918 15918 D cellinfo: Latitude is 41.5920615
08-12 16:15:27.681 15918 15918 D cellinfo: Longitude is -93.7881862
08-12 16:15:27.681 15918 15918 D cellinfo: Instantaneous GPS information: United States, 5891 Vista Dr, West Des Moines, IA 50266, USA
08-12 16:15:27.681 15918 15918 D cellinfo: getCurrentLocation() result: Location (success): 41.5920615, -93.7881862
08-12 16:15:27.855 15918 16002 D cellinfo: 46 bytes from 54.197.223.49: icmp_seq=2342 ttl=42 time=59.0 ms
08-12 16:15:28.052 15918 16002 D cellinfo: 46 bytes from 54.197.223.49: icmp_seq=2343 ttl=42 time=56.5 ms
08-12 16:15:28.252 15918 16002 D cellinfo: 46 bytes from 54.197.223.49: icmp_seq=2344 ttl=42 time=57.2 ms
08-12 16:15:28.452 15918 16002 D cellinfo: 46 bytes from 54.197.223.49: icmp_seq=2345 ttl=42 time=56.0 ms
08-12 16:15:28.652 15918 16002 D cellinfo: 46 bytes from 54.197.223.49: icmp_seq=2346 ttl=42 time=55.6 ms
08-12 16:15:28.853 15918 16002 D cellinfo: 46 bytes from 54.197.223.49: icmp_seq=2347 ttl=42 time=56.1 ms
08-12 16:15:28.917 15918 15918 D cellinfo: onsignalStrengthsChanged: LTE Signal Strength info: rsrp: -104 rsrq: -13 rssi: -83 rssnr: 1
08-12 16:15:29.052 15918 16002 D cellinfo: 46 bytes from 54.197.223.49: icmp_seq=2348 ttl=42 time=54.2 ms
08-12 16:15:29.253 15918 16002 D cellinfo: 46 bytes from 54.197.223.49: icmp_seq=2349 ttl=42 time=55.3 ms
08-12 16:15:29.461 15918 16002 D cellinfo: 46 bytes from 54.197.223.49: icmp_seq=2350 ttl=42 time=61.9 ms
08-12 16:15:29.652 15918 16002 D cellinfo: 46 bytes from 54.197.223.49: icmp_seq=2351 ttl=42 time=51.9 ms
08-12 16:15:29.869 15918 16002 D cellinfo: 46 bytes from 54.197.223.49: icmp_seq=2352 ttl=42 time=68.6 ms
08-12 16:15:30.065 15918 16002 D cellinfo: 46 bytes from 54.197.223.49: icmp_seq=2353 ttl=42 time=64.3 ms
08-12 16:15:30.182 15918 15918 D cellinfo: Latitude is 41.5920664
08-12 16:15:30.182 15918 15918 D cellinfo: Longitude is -93.7879897
08-12 16:15:30.182 15918 15918 D cellinfo: Instantaneous GPS information: United States, 5891 Vista Dr, West Des Moines, IA 50266, USA
08-12 16:15:30.182 15918 15918 D cellinfo: getCurrentLocation() result: Location (success): 41.5920664, -93.7879897
08-12 16:15:30.186 15918 15918 D cellinfo: onCellInfoChanged: Operator: Verizon Wireless UpdateTimestamp: 173765505 CellConnectionStatus: 1
08-12 16:15:30.186 15918 15918 D cellinfo: onCellInfoChanged: LTE Cell Bands: [66, 66, 2, 13] Bandwidth: 10000 Cell ID: 48143908 Physical Cell ID: 444 Tracking Area Code: 48138 EARFCN: 66986
08-12 16:15:30.270 15918 16002 D cellinfo: 46 bytes from 54.197.223.49: icmp_seq=2354 ttl=42 time=68.5 ms
08-12 16:15:30.462 15918 16002 D cellinfo: 46 bytes from 54.197.223.49: icmp_seq=2355 ttl=42 time=59.3 ms
08-12 16:15:30.662 15918 16002 D cellinfo: 46 bytes from 54.197.223.49: icmp_seq=2356 ttl=42 time=57.9 ms
08-12 16:15:30.863 15918 16002 D cellinfo: 46 bytes from 54.197.223.49: icmp_seq=2357 ttl=42 time=57.5 ms
08-12 16:15:31.064 15918 16002 D cellinfo: 46 bytes from 54.197.223.49: icmp_seq=2358 ttl=42 time=58.0 ms
08-12 16:15:31.262 15918 16002 D cellinfo: 46 bytes from 54.197.223.49: icmp_seq=2359 ttl=42 time=55.5 ms
08-12 16:15:31.462 15918 16002 D cellinfo: 46 bytes from 54.197.223.49: icmp_seq=2360 ttl=42 time=55.0 ms
08-12 16:15:31.679 15918 16002 D cellinfo: 46 bytes from 54.197.223.49: icmp_seq=2361 ttl=42 time=71.5 ms
08-12 16:15:31.862 15918 16002 D cellinfo: 46 bytes from 54.197.223.49: icmp_seq=2362 ttl=42 time=54.0 ms
08-12 16:15:32.060 15918 16002 D cellinfo: 46 bytes from 54.197.223.49: icmp_seq=2363 ttl=42 time=51.2 ms
08-12 16:15:32.262 15918 16002 D cellinfo: 46 bytes from 54.197.223.49: icmp_seq=2364 ttl=42 time=51.9 ms
08-12 16:15:32.463 15918 16002 D cellinfo: 46 bytes from 54.197.223.49: icmp_seq=2365 ttl=42 time=52.0 ms
08-12 16:15:32.673 15918 16002 D cellinfo: 46 bytes from 54.197.223.49: icmp_seq=2366 ttl=42 time=61.4 ms
08-12 16:15:32.872 15918 16002 D cellinfo: 46 bytes from 54.197.223.49: icmp_seq=2367 ttl=42 time=60.5 ms
08-12 16:15:33.079 15918 16002 D cellinfo: 46 bytes from 54.197.223.49: icmp_seq=2368 ttl=42 time=65.3 ms
08-12 16:15:33.163 15918 15918 D cellinfo: Latitude is 41.5920795
08-12 16:15:33.163 15918 15918 D cellinfo: Longitude is -93.787482
08-12 16:15:33.163 15918 15918 D cellinfo: Instantaneous GPS information: United States, 4544 Wistful Vista Dr, West Des Moines, IA 50265, USA
08-12 16:15:33.163 15918 15918 D cellinfo: getCurrentLocation() result: Location (success): 41.5920795, -93.787482
08-12 16:15:33.166 15918 15918 D cellinfo: onCellInfoChanged: Operator: Verizon Wireless UpdateTimestamp: 173768508 CellConnectionStatus: 1
08-12 16:15:33.166 15918 15918 D cellinfo: onCellInfoChanged: LTE Cell Bands: [66, 66, 2, 13] Bandwidth: 10000 Cell ID: 48143908 Physical Cell ID: 444 Tracking Area Code: 48138 EARFCN: 66986
08-12 16:15:33.167 15918 15918 D cellinfo: onsignalStrengthsChanged: LTE Signal Strength info: rsrp: -112 rsrq: -14 rssi: -91 rssnr: -2
08-12 16:15:33.262 15918 16002 D cellinfo: 46 bytes from 54.197.223.49: icmp_seq=2369 ttl=42 time=48.2 ms
08-12 16:15:33.473 15918 16002 D cellinfo: 46 bytes from 54.197.223.49: icmp_seq=2370 ttl=42 time=58.1 ms
08-12 16:15:33.688 15918 16002 D cellinfo: 46 bytes from 54.197.223.49: icmp_seq=2371 ttl=42 time=72.1 ms
08-12 16:15:33.873 15918 16002 D cellinfo: 46 bytes from 54.197.223.49: icmp_seq=2372 ttl=42 time=56.1 ms
08-12 16:15:34.080 15918 16002 D cellinfo: 46 bytes from 54.197.223.49: icmp_seq=2373 ttl=42 time=62.5 ms
08-12 16:15:34.272 15918 16002 D cellinfo: 46 bytes from 54.197.223.49: icmp_seq=2374 ttl=42 time=53.2 ms
08-12 16:15:34.474 15918 16002 D cellinfo: 46 bytes from 54.197.223.49: icmp_seq=2375 ttl=42 time=54.4 ms
08-12 16:15:34.677 15918 15918 D cellinfo: onServiceStateChanged: Channel Number: 66986 Cell Bandwidths: [10000, 20000]
08-12 16:15:34.680 15918 16002 D cellinfo: 46 bytes from 54.197.223.49: icmp_seq=2376 ttl=42 time=58.9 ms
08-12 16:15:34.888 15918 16002 D cellinfo: 46 bytes from 54.197.223.49: icmp_seq=2377 ttl=42 time=66.1 ms
08-12 16:15:35.086 15918 16002 D cellinfo: 46 bytes from 54.197.223.49: icmp_seq=2378 ttl=42 time=64.3 ms
08-12 16:15:35.280 15918 16002 D cellinfo: 46 bytes from 54.197.223.49: icmp_seq=2379 ttl=42 time=56.6 ms
08-12 16:15:35.480 15918 16002 D cellinfo: 46 bytes from 54.197.223.49: icmp_seq=2380 ttl=42 time=56.6 ms
08-12 16:15:35.679 15918 16002 D cellinfo: 46 bytes from 54.197.223.49: icmp_seq=2381 ttl=42 time=54.9 ms
08-12 16:15:35.774 15918 15918 D cellinfo: Latitude is 41.5920801
08-12 16:15:35.774 15918 15918 D cellinfo: Longitude is -93.7874573
08-12 16:15:35.774 15918 15918 D cellinfo: Instantaneous GPS information: United States, 4544 Wistful Vista Dr, West Des Moines, IA 50265, USA
08-12 16:15:35.774 15918 15918 D cellinfo: getCurrentLocation() result: Location (success): 41.5920801, -93.7874573
08-12 16:15:35.843 15918 15918 D cellinfo: onServiceStateChanged: Channel Number: 66986 Cell Bandwidths: [10000, 20000]
08-12 16:15:35.850 15918 15918 D cellinfo: onCellInfoChanged: Operator: Verizon Wireless UpdateTimestamp: 173771528 CellConnectionStatus: 1
08-12 16:15:35.850 15918 15918 D cellinfo: onCellInfoChanged: LTE Cell Bands: [66, 66] Bandwidth: 10000 Cell ID: 48337740 Physical Cell ID: 3 Tracking Area Code: 48138 EARFCN: 66986
08-12 16:15:35.875 15918 16002 D cellinfo: 46 bytes from 54.197.223.49: icmp_seq=2382 ttl=42 time=50.7 ms
08-12 16:15:36.093 15918 16002 D cellinfo: 46 bytes from 54.197.223.49: icmp_seq=2383 ttl=42 time=68.2 ms
08-12 16:15:36.291 15918 16002 D cellinfo: 46 bytes from 54.197.223.49: icmp_seq=2384 ttl=42 time=64.3 ms
08-12 16:15:36.483 15918 16002 D cellinfo: 46 bytes from 54.197.223.49: icmp_seq=2385 ttl=42 time=56.4 ms
08-12 16:15:36.680 15918 16002 D cellinfo: 46 bytes from 54.197.223.49: icmp_seq=2386 ttl=42 time=52.1 ms
08-12 16:15:36.869 15918 15918 D cellinfo: onServiceStateChanged: Channel Number: 66986 Cell Bandwidths: [10000, 20000]
08-12 16:15:36.905 15918 16002 D cellinfo: 46 bytes from 54.197.223.49: icmp_seq=2387 ttl=42 time=76.3 ms
08-12 16:15:37.090 15918 16002 D cellinfo: 46 bytes from 54.197.223.49: icmp_seq=2388 ttl=42 time=60.6 ms
08-12 16:15:37.295 15918 16002 D cellinfo: 46 bytes from 54.197.223.49: icmp_seq=2389 ttl=42 time=63.8 ms
08-12 16:15:37.490 15918 16002 D cellinfo: 46 bytes from 54.197.223.49: icmp_seq=2390 ttl=42 time=58.4 ms
08-12 16:15:37.686 15918 16002 D cellinfo: 46 bytes from 54.197.223.49: icmp_seq=2391 ttl=42 time=54.0 ms
08-12 16:15:37.832 15918 15918 D cellinfo: onsignalStrengthsChanged: LTE Signal Strength info: rsrp: -104 rsrq: -11 rssi: -85 rssnr: 1
08-12 16:15:37.890 15918 16002 D cellinfo: 46 bytes from 54.197.223.49: icmp_seq=2392 ttl=42 time=57.6 ms
08-12 16:15:38.089 15918 16002 D cellinfo: 46 bytes from 54.197.223.49: icmp_seq=2393 ttl=42 time=54.5 ms
08-12 16:15:38.289 15918 16002 D cellinfo: 46 bytes from 54.197.223.49: icmp_seq=2394 ttl=42 time=54.3 ms
08-12 16:15:38.514 15918 16002 D cellinfo: 46 bytes from 54.197.223.49: icmp_seq=2395 ttl=42 time=78.2 ms
08-12 16:15:38.698 15918 16002 D cellinfo: 46 bytes from 54.197.223.49: icmp_seq=2396 ttl=42 time=60.9 ms
08-12 16:15:38.818 15918 15918 D cellinfo: onCellInfoChanged: Operator: Verizon Wireless UpdateTimestamp: 173774505 CellConnectionStatus: 1
08-12 16:15:38.818 15918 15918 D cellinfo: onCellInfoChanged: LTE Cell Bands: [66, 66] Bandwidth: 10000 Cell ID: 48338006 Physical Cell ID: 369 Tracking Area Code: 48138 EARFCN: 66986
08-12 16:15:39.101 15918 16002 D cellinfo: 46 bytes from 54.197.223.49: icmp_seq=2397 ttl=42 time=263 ms
08-12 16:15:39.101 15918 16002 D cellinfo: 46 bytes from 54.197.223.49: icmp_seq=2398 ttl=42 time=60.6 ms
08-12 16:15:39.316 15918 16002 D cellinfo: 46 bytes from 54.197.223.49: icmp_seq=2399 ttl=42 time=74.2 ms
08-12 16:15:39.501 15918 16002 D cellinfo: 46 bytes from 54.197.223.49: icmp_seq=2400 ttl=42 time=57.3 ms
08-12 16:15:39.709 15918 16002 D cellinfo: 46 bytes from 54.197.223.49: icmp_seq=2401 ttl=42 time=63.6 ms
08-12 16:15:39.739 15918 15918 D cellinfo: Latitude is 41.5919949
08-12 16:15:39.740 15918 15918 D cellinfo: Longitude is -93.7846399
08-12 16:15:39.740 15918 15918 D cellinfo: Instantaneous GPS information: United States, 5661 Vista Dr, West Des Moines, IA 50266, USA
08-12 16:15:39.740 15918 15918 D cellinfo: getCurrentLocation() result: Location (success): 41.5919949, -93.7846399
08-12 16:15:39.907 15918 16002 D cellinfo: 46 bytes from 54.197.223.49: icmp_seq=2402 ttl=42 time=61.7 ms
08-12 16:15:40.117 15918 16002 D cellinfo: 46 bytes from 54.197.223.49: icmp_seq=2403 ttl=42 time=71.6 ms
08-12 16:15:40.308 15918 16002 D cellinfo: 46 bytes from 54.197.223.49: icmp_seq=2404 ttl=42 time=62.0 ms
08-12 16:15:40.508 15918 16002 D cellinfo: 46 bytes from 54.197.223.49: icmp_seq=2405 ttl=42 time=61.4 ms
08-12 16:15:40.708 15918 16002 D cellinfo: 46 bytes from 54.197.223.49: icmp_seq=2406 ttl=42 time=61.1 ms
08-12 16:15:40.899 15918 16002 D cellinfo: 46 bytes from 54.197.223.49: icmp_seq=2407 ttl=42 time=51.2 ms
08-12 16:15:41.100 15918 16002 D cellinfo: 46 bytes from 54.197.223.49: icmp_seq=2408 ttl=42 time=51.2 ms
08-12 16:15:41.310 15918 16002 D cellinfo: 46 bytes from 54.197.223.49: icmp_seq=2409 ttl=42 time=59.4 ms
08-12 16:15:41.512 15918 16002 D cellinfo: 46 bytes from 54.197.223.49: icmp_seq=2410 ttl=42 time=61.2 ms
08-12 16:15:41.718 15918 16002 D cellinfo: 46 bytes from 54.197.223.49: icmp_seq=2411 ttl=42 time=65.9 ms
08-12 16:15:41.921 15918 16002 D cellinfo: 46 bytes from 54.197.223.49: icmp_seq=2412 ttl=42 time=68.4 ms
08-12 16:15:42.112 15918 16002 D cellinfo: 46 bytes from 54.197.223.49: icmp_seq=2413 ttl=42 time=57.7 ms
08-12 16:15:42.220 15918 15918 D cellinfo: Latitude is 41.5919841
08-12 16:15:42.220 15918 15918 D cellinfo: Longitude is -93.784475
08-12 16:15:42.220 15918 15918 D cellinfo: Instantaneous GPS information: United States, 5661 Vista Dr, West Des Moines, IA 50266, USA
08-12 16:15:42.220 15918 15918 D cellinfo: getCurrentLocation() result: Location (success): 41.5919841, -93.784475
08-12 16:15:42.224 15918 15918 D cellinfo: onCellInfoChanged: Operator: Verizon Wireless UpdateTimestamp: 173777503 CellConnectionStatus: 1
08-12 16:15:42.224 15918 15918 D cellinfo: onCellInfoChanged: LTE Cell Bands: [66, 66] Bandwidth: 10000 Cell ID: 48338006 Physical Cell ID: 369 Tracking Area Code: 48138 EARFCN: 66986
08-12 16:15:42.225 15918 15918 D cellinfo: onsignalStrengthsChanged: LTE Signal Strength info: rsrp: -111 rsrq: -17 rssi: -85 rssnr: -4
08-12 16:15:42.309 15918 16002 D cellinfo: 46 bytes from 54.197.223.49: icmp_seq=2414 ttl=42 time=54.3 ms
08-12 16:15:42.526 15918 16002 D cellinfo: 46 bytes from 54.197.223.49: icmp_seq=2415 ttl=42 time=70.4 ms
08-12 16:15:42.702 15918 16002 D cellinfo: 46 bytes from 54.197.223.49: icmp_seq=2416 ttl=42 time=44.9 ms
08-12 16:15:42.909 15918 16002 D cellinfo: 46 bytes from 54.197.223.49: icmp_seq=2417 ttl=42 time=51.4 ms
08-12 16:15:43.118 15918 16002 D cellinfo: 46 bytes from 54.197.223.49: icmp_seq=2418 ttl=42 time=59.8 ms
08-12 16:15:43.320 15918 16002 D cellinfo: 46 bytes from 54.197.223.49: icmp_seq=2419 ttl=42 time=61.1 ms
08-12 16:15:43.521 15918 16002 D cellinfo: 46 bytes from 54.197.223.49: icmp_seq=2420 ttl=42 time=60.3 ms
08-12 16:15:43.727 15918 16002 D cellinfo: 46 bytes from 54.197.223.49: icmp_seq=2421 ttl=42 time=66.8 ms
08-12 16:15:43.928 15918 16002 D cellinfo: 46 bytes from 54.197.223.49: icmp_seq=2422 ttl=42 time=66.6 ms
08-12 16:15:44.128 15918 16002 D cellinfo: 46 bytes from 54.197.223.49: icmp_seq=2423 ttl=42 time=66.8 ms
08-12 16:15:44.329 15918 16002 D cellinfo: 46 bytes from 54.197.223.49: icmp_seq=2424 ttl=42 time=66.6 ms
08-12 16:15:44.529 15918 16002 D cellinfo: 46 bytes from 54.197.223.49: icmp_seq=2425 ttl=42 time=65.7 ms
08-12 16:15:44.562 15918 15918 D cellinfo: onServiceStateChanged: Channel Number: 66986 Cell Bandwidths: [10000, 20000]
08-12 16:15:44.730 15918 16002 D cellinfo: 46 bytes from 54.197.223.49: icmp_seq=2426 ttl=42 time=65.8 ms
08-12 16:15:44.933 15918 16002 D cellinfo: 46 bytes from 54.197.223.49: icmp_seq=2427 ttl=42 time=68.2 ms
08-12 16:15:45.172 15918 16002 D cellinfo: 46 bytes from 54.197.223.49: icmp_seq=2428 ttl=42 time=105 ms
08-12 16:15:45.248 15918 15918 D cellinfo: Latitude is 41.5919462
08-12 16:15:45.248 15918 15918 D cellinfo: Longitude is -93.7838946
08-12 16:15:45.248 15918 15918 D cellinfo: Instantaneous GPS information: United States, 5639 Vista Dr, West Des Moines, IA 50266, USA
08-12 16:15:45.248 15918 15918 D cellinfo: getCurrentLocation() result: Location (success): 41.5919462, -93.7838946
08-12 16:15:45.250 15918 15918 D cellinfo: onCellInfoChanged: Operator: Verizon Wireless UpdateTimestamp: 173780492 CellConnectionStatus: 1
08-12 16:15:45.251 15918 15918 D cellinfo: onCellInfoChanged: LTE Cell Bands: [66, 66] Bandwidth: 10000 Cell ID: 48337740 Physical Cell ID: 3 Tracking Area Code: 48138 EARFCN: 66986
08-12 16:15:45.322 15918 16002 D cellinfo: 46 bytes from 54.197.223.49: icmp_seq=2429 ttl=42 time=54.7 ms
08-12 16:15:45.521 15918 15918 D cellinfo: onsignalStrengthsChanged: LTE Signal Strength info: rsrp: -107 rsrq: -11 rssi: -87 rssnr: 0
08-12 16:15:45.521 15918 16002 D cellinfo: 46 bytes from 54.197.223.49: icmp_seq=2430 ttl=42 time=53.5 ms
08-12 16:15:45.745 15918 16002 D cellinfo: 46 bytes from 54.197.223.49: icmp_seq=2431 ttl=42 time=76.9 ms
08-12 16:15:45.922 15918 16002 D cellinfo: 46 bytes from 54.197.223.49: icmp_seq=2432 ttl=42 time=52.9 ms
08-12 16:15:46.294 15918 16002 D cellinfo: 46 bytes from 54.197.223.49: icmp_seq=2433 ttl=42 time=224 ms
08-12 16:15:46.347 15918 16002 D cellinfo: 46 bytes from 54.197.223.49: icmp_seq=2434 ttl=42 time=74.9 ms
08-12 16:15:46.572 15918 16002 D cellinfo: 46 bytes from 54.197.223.49: icmp_seq=2435 ttl=42 time=99.4 ms
08-12 16:15:46.739 15918 16002 D cellinfo: 46 bytes from 54.197.223.49: icmp_seq=2436 ttl=42 time=66.1 ms
08-12 16:15:46.932 15918 16002 D cellinfo: 46 bytes from 54.197.223.49: icmp_seq=2437 ttl=42 time=58.2 ms
08-12 16:15:47.141 15918 16002 D cellinfo: 46 bytes from 54.197.223.49: icmp_seq=2438 ttl=42 time=65.1 ms
08-12 16:15:47.332 15918 16002 D cellinfo: 46 bytes from 54.197.223.49: icmp_seq=2439 ttl=42 time=55.8 ms
08-12 16:15:47.547 15918 16002 D cellinfo: 46 bytes from 54.197.223.49: icmp_seq=2440 ttl=42 time=70.0 ms
08-12 16:15:47.747 15918 16002 D cellinfo: 46 bytes from 54.197.223.49: icmp_seq=2441 ttl=42 time=69.2 ms
08-12 16:15:47.981 15918 16002 D cellinfo: 46 bytes from 54.197.223.49: icmp_seq=2442 ttl=42 time=101 ms
08-12 16:15:48.141 15918 16002 D cellinfo: 46 bytes from 54.197.223.49: icmp_seq=2443 ttl=42 time=61.3 ms
08-12 16:15:48.308 15918 15918 D cellinfo: Latitude is 41.5919436
08-12 16:15:48.308 15918 15918 D cellinfo: Longitude is -93.7838552
08-12 16:15:48.308 15918 15918 D cellinfo: Instantaneous GPS information: United States, 5639 Vista Dr, West Des Moines, IA 50266, USA
08-12 16:15:48.308 15918 15918 D cellinfo: getCurrentLocation() result: Location (success): 41.5919436, -93.7838552
08-12 16:15:48.312 15918 15918 D cellinfo: onCellInfoChanged: Operator: Verizon Wireless UpdateTimestamp: 173783514 CellConnectionStatus: 1
08-12 16:15:48.312 15918 15918 D cellinfo: onCellInfoChanged: LTE Cell Bands: [66, 66] Bandwidth: 10000 Cell ID: 48337740 Physical Cell ID: 3 Tracking Area Code: 48138 EARFCN: 66986
08-12 16:15:48.339 15918 16002 D cellinfo: 46 bytes from 54.197.223.49: icmp_seq=2444 ttl=42 time=59.2 ms
08-12 16:15:48.549 15918 16002 D cellinfo: 46 bytes from 54.197.223.49: icmp_seq=2445 ttl=42 time=68.0 ms
08-12 16:15:48.742 15918 16002 D cellinfo: 46 bytes from 54.197.223.49: icmp_seq=2446 ttl=42 time=60.2 ms
08-12 16:15:48.941 15918 16002 D cellinfo: 46 bytes from 54.197.223.49: icmp_seq=2447 ttl=42 time=58.2 ms
08-12 16:15:49.150 15918 16002 D cellinfo: 46 bytes from 54.197.223.49: icmp_seq=2448 ttl=42 time=65.3 ms
08-12 16:15:49.350 15918 16002 D cellinfo: 46 bytes from 54.197.223.49: icmp_seq=2449 ttl=42 time=64.4 ms
08-12 16:15:49.543 15918 16002 D cellinfo: 46 bytes from 54.197.223.49: icmp_seq=2450 ttl=42 time=56.9 ms
08-12 16:15:49.757 15918 16002 D cellinfo: 46 bytes from 54.197.223.49: icmp_seq=2451 ttl=42 time=70.7 ms
08-12 16:15:49.950 15918 16002 D cellinfo: 46 bytes from 54.197.223.49: icmp_seq=2452 ttl=42 time=63.0 ms
08-12 16:15:50.150 15918 16002 D cellinfo: 46 bytes from 54.197.223.49: icmp_seq=2453 ttl=42 time=61.4 ms
08-12 16:15:50.358 15918 16002 D cellinfo: 46 bytes from 54.197.223.49: icmp_seq=2454 ttl=42 time=68.2 ms
08-12 16:15:50.541 15918 16002 D cellinfo: 46 bytes from 54.197.223.49: icmp_seq=2455 ttl=42 time=51.1 ms
08-12 16:15:50.742 15918 16002 D cellinfo: 46 bytes from 54.197.223.49: icmp_seq=2456 ttl=42 time=51.2 ms
08-12 16:15:50.815 15918 15918 D cellinfo: onCellInfoChanged: Operator: Verizon Wireless UpdateTimestamp: 173786501 CellConnectionStatus: 1
08-12 16:15:50.815 15918 15918 D cellinfo: onCellInfoChanged: LTE Cell Bands: [66, 66] Bandwidth: 10000 Cell ID: 48337740 Physical Cell ID: 3 Tracking Area Code: 48138 EARFCN: 66986
08-12 16:15:50.954 15918 16002 D cellinfo: 46 bytes from 54.197.223.49: icmp_seq=2457 ttl=42 time=62.1 ms
08-12 16:15:51.155 15918 16002 D cellinfo: 46 bytes from 54.197.223.49: icmp_seq=2458 ttl=42 time=61.4 ms
08-12 16:15:51.359 15918 16002 D cellinfo: 46 bytes from 54.197.223.49: icmp_seq=2459 ttl=42 time=64.6 ms
08-12 16:15:51.552 15918 16002 D cellinfo: 46 bytes from 54.197.223.49: icmp_seq=2460 ttl=42 time=56.4 ms
08-12 16:15:51.696 15918 15918 D cellinfo: Latitude is 41.5907893
08-12 16:15:51.696 15918 15918 D cellinfo: Longitude is -93.7811587
08-12 16:15:51.696 15918 15918 D cellinfo: Instantaneous GPS information: United States, 5535 Vista Dr, West Des Moines, IA 50266, USA
08-12 16:15:51.696 15918 15918 D cellinfo: getCurrentLocation() result: Location (success): 41.5907893, -93.7811587
08-12 16:15:51.699 15918 15918 D cellinfo: onsignalStrengthsChanged: LTE Signal Strength info: rsrp: -112 rsrq: -15 rssi: -89 rssnr: -5
08-12 16:15:51.760 15918 16002 D cellinfo: 46 bytes from 54.197.223.49: icmp_seq=2461 ttl=42 time=63.1 ms
08-12 16:15:51.977 15918 16002 D cellinfo: 46 bytes from 54.197.223.49: icmp_seq=2462 ttl=42 time=78.5 ms
08-12 16:15:52.159 15918 16002 D cellinfo: 46 bytes from 54.197.223.49: icmp_seq=2463 ttl=42 time=60.8 ms
08-12 16:15:52.370 15918 16002 D cellinfo: 46 bytes from 54.197.223.49: icmp_seq=2464 ttl=42 time=71.3 ms
08-12 16:15:52.586 15918 16002 D cellinfo: 46 bytes from 54.197.223.49: icmp_seq=2465 ttl=42 time=85.4 ms
08-12 16:15:52.747 15918 16002 D cellinfo: 46 bytes from 54.197.223.49: icmp_seq=2465 ttl=42 time=247 ms (DUP!)
08-12 16:15:52.770 15918 15918 D cellinfo: onServiceStateChanged: Channel Number: 66986 Cell Bandwidths: [10000, 20000, 5000, 10000]
08-12 16:15:52.776 15918 16002 D cellinfo: 46 bytes from 54.197.223.49: icmp_seq=2466 ttl=42 time=75.5 ms
08-12 16:15:52.826 15918 15918 D cellinfo: onServiceStateChanged: Channel Number: 66986 Cell Bandwidths: [10000, 20000, 5000, 10000]
08-12 16:15:52.954 15918 16002 D cellinfo: 46 bytes from 54.197.223.49: icmp_seq=2467 ttl=42 time=52.8 ms
08-12 16:15:53.170 15918 16002 D cellinfo: 46 bytes from 54.197.223.49: icmp_seq=2468 ttl=42 time=68.1 ms
08-12 16:15:53.362 15918 16002 D cellinfo: 46 bytes from 54.197.223.49: icmp_seq=2469 ttl=42 time=59.5 ms
08-12 16:15:53.554 15918 16002 D cellinfo: 46 bytes from 54.197.223.49: icmp_seq=2470 ttl=42 time=51.2 ms
08-12 16:15:53.763 15918 16002 D cellinfo: 46 bytes from 54.197.223.49: icmp_seq=2471 ttl=42 time=59.4 ms
08-12 16:15:53.971 15918 16002 D cellinfo: 46 bytes from 54.197.223.49: icmp_seq=2472 ttl=42 time=66.1 ms
08-12 16:15:54.122 15918 15918 D cellinfo: Latitude is 41.5907123
08-12 16:15:54.122 15918 15918 D cellinfo: Longitude is -93.7810061
08-12 16:15:54.122 15918 15918 D cellinfo: Instantaneous GPS information: United States, 5535 Vista Dr, West Des Moines, IA 50266, USA
08-12 16:15:54.122 15918 15918 D cellinfo: getCurrentLocation() result: Location (success): 41.5907123, -93.7810061
08-12 16:15:54.127 15918 15918 D cellinfo: onCellInfoChanged: Operator: Verizon Wireless UpdateTimestamp: 173789512 CellConnectionStatus: 1
08-12 16:15:54.127 15918 15918 D cellinfo: onCellInfoChanged: LTE Cell Bands: [66, 66, 2, 13] Bandwidth: 10000 Cell ID: 48143908 Physical Cell ID: 444 Tracking Area Code: 48138 EARFCN: 66986
08-12 16:15:54.158 15918 16002 D cellinfo: 46 bytes from 54.197.223.49: icmp_seq=2473 ttl=42 time=52.5 ms
08-12 16:15:54.363 15918 16002 D cellinfo: 46 bytes from 54.197.223.49: icmp_seq=2474 ttl=42 time=57.0 ms
08-12 16:15:54.564 15918 16002 D cellinfo: 46 bytes from 54.197.223.49: icmp_seq=2475 ttl=42 time=55.3 ms
08-12 16:15:54.676 15918 15918 D cellinfo: onsignalStrengthsChanged: LTE Signal Strength info: rsrp: -104 rsrq: -13 rssi: -83 rssnr: -2
08-12 16:15:54.764 15918 16002 D cellinfo: 46 bytes from 54.197.223.49: icmp_seq=2476 ttl=42 time=54.0 ms
08-12 16:15:54.971 15918 16002 D cellinfo: 46 bytes from 54.197.223.49: icmp_seq=2477 ttl=42 time=60.3 ms
08-12 16:15:55.163 15918 16002 D cellinfo: 46 bytes from 54.197.223.49: icmp_seq=2478 ttl=42 time=51.2 ms
08-12 16:15:55.363 15918 16002 D cellinfo: 46 bytes from 54.197.223.49: icmp_seq=2479 ttl=42 time=50.1 ms
08-12 16:15:55.665 15918 16002 D cellinfo: 46 bytes from 54.197.223.49: icmp_seq=2480 ttl=42 time=150 ms
08-12 16:15:55.774 15918 16002 D cellinfo: 46 bytes from 54.197.223.49: icmp_seq=2481 ttl=42 time=58.3 ms
08-12 16:15:55.986 15918 16002 D cellinfo: 46 bytes from 54.197.223.49: icmp_seq=2482 ttl=42 time=69.3 ms
08-12 16:15:56.183 15918 16002 D cellinfo: 46 bytes from 54.197.223.49: icmp_seq=2483 ttl=42 time=66.0 ms
08-12 16:15:56.383 15918 16002 D cellinfo: 46 bytes from 54.197.223.49: icmp_seq=2484 ttl=42 time=64.9 ms
08-12 16:15:56.592 15918 16002 D cellinfo: 46 bytes from 54.197.223.49: icmp_seq=2485 ttl=42 time=72.8 ms
08-12 16:15:56.775 15918 16002 D cellinfo: 46 bytes from 54.197.223.49: icmp_seq=2486 ttl=42 time=55.0 ms
08-12 16:15:57.041 15918 16002 D cellinfo: 46 bytes from 54.197.223.49: icmp_seq=2487 ttl=42 time=119 ms
08-12 16:15:57.180 15918 16002 D cellinfo: 46 bytes from 54.197.223.49: icmp_seq=2488 ttl=42 time=58.6 ms
08-12 16:15:57.451 15918 16002 D cellinfo: 46 bytes from 54.197.223.49: icmp_seq=2489 ttl=42 time=129 ms
