08-12 16:13:54.678 15918 16002 D cellinfo: 46 bytes from 54.197.223.49: icmp_seq=1878 ttl=42 time=75.2 ms
08-12 16:13:54.863 15918 16002 D cellinfo: 46 bytes from 54.197.223.49: icmp_seq=1879 ttl=42 time=57.8 ms
08-12 16:13:55.069 15918 16002 D cellinfo: 46 bytes from 54.197.223.49: icmp_seq=1880 ttl=42 time=63.2 ms
08-12 16:13:55.266 15918 16002 D cellinfo: 46 bytes from 54.197.223.49: icmp_seq=1881 ttl=42 time=59.0 ms
08-12 16:13:55.466 15918 16002 D cellinfo: 46 bytes from 54.197.223.49: icmp_seq=1882 ttl=42 time=57.0 ms
08-12 16:13:55.671 15918 16002 D cellinfo: 46 bytes from 54.197.223.49: icmp_seq=1883 ttl=42 time=62.5 ms
08-12 16:13:55.865 15918 16002 D cellinfo: 46 bytes from 54.197.223.49: icmp_seq=1884 ttl=42 time=56.8 ms
08-12 16:13:56.067 15918 16002 D cellinfo: 46 bytes from 54.197.223.49: icmp_seq=1885 ttl=42 time=57.7 ms
08-12 16:13:56.268 15918 16002 D cellinfo: 46 bytes from 54.197.223.49: icmp_seq=1886 ttl=42 time=57.8 ms
08-12 16:13:56.466 15918 16002 D cellinfo: 46 bytes from 54.197.223.49: icmp_seq=1887 ttl=42 time=55.2 ms
08-12 16:13:56.665 15918 16002 D cellinfo: 46 bytes from 54.197.223.49: icmp_seq=1888 ttl=42 time=53.0 ms
08-12 16:13:56.874 15918 16002 D cellinfo: 46 bytes from 54.197.223.49: icmp_seq=1889 ttl=42 time=62.2 ms
08-12 16:13:57.072 15918 16002 D cellinfo: 46 bytes from 54.197.223.49: icmp_seq=1890 ttl=42 time=58.0 ms
08-12 16:13:57.179 15918 15918 D cellinfo: Latitude is 41.5875839
08-12 16:13:57.179 15918 15918 D cellinfo: Longitude is -93.8175708
08-12 16:13:57.179 15918 15918 D cellinfo: Instantaneous GPS information: United States, 7780 Office Plaza Dr S, West Des Moines, IA 50266, USA
08-12 16:13:57.179 15918 15918 D cellinfo: getCurrentLocation() result: Location (success): 41.5875839, -93.8175708
08-12 16:13:57.182 15918 15918 D cellinfo: onCellInfoChanged: Operator: Verizon Wireless UpdateTimestamp: 173672509 CellConnectionStatus: 1
08-12 16:13:57.182 15918 15918 D cellinfo: onCellInfoChanged: LTE Cell Bands: [13] Bandwidth: 10000 Cell ID: 48135171 Physical Cell ID: 264 Tracking Area Code: 48138 EARFCN: 5230
08-12 16:13:57.265 15918 16002 D cellinfo: 46 bytes from 54.197.223.49: icmp_seq=1891 ttl=42 time=51.3 ms
08-12 16:13:57.472 15918 16002 D cellinfo: 46 bytes from 54.197.223.49: icmp_seq=1892 ttl=42 time=57.6 ms
08-12 16:13:57.683 15918 16002 D cellinfo: 46 bytes from 54.197.223.49: icmp_seq=1893 ttl=42 time=67.1 ms
08-12 16:13:57.883 15918 16002 D cellinfo: 46 bytes from 54.197.223.49: icmp_seq=1894 ttl=42 time=65.3 ms
08-12 16:13:58.080 15918 16002 D cellinfo: 46 bytes from 54.197.223.49: icmp_seq=1895 ttl=42 time=62.0 ms
08-12 16:13:58.281 15918 16002 D cellinfo: 46 bytes from 54.197.223.49: icmp_seq=1896 ttl=42 time=62.2 ms
08-12 16:13:58.492 15918 16002 D cellinfo: 46 bytes from 54.197.223.49: icmp_seq=1897 ttl=42 time=71.2 ms
08-12 16:13:58.692 15918 16002 D cellinfo: 46 bytes from 54.197.223.49: icmp_seq=1898 ttl=42 time=70.0 ms
08-12 16:13:58.878 15918 16002 D cellinfo: 46 bytes from 54.197.223.49: icmp_seq=1899 ttl=42 time=54.9 ms
08-12 16:13:59.096 15918 16002 D cellinfo: 46 bytes from 54.197.223.49: icmp_seq=1900 ttl=42 time=73.2 ms
08-12 16:13:59.304 15918 16002 D cellinfo: 46 bytes from 54.197.223.49: icmp_seq=1901 ttl=42 time=79.4 ms
08-12 16:13:59.510 15918 16002 D cellinfo: 46 bytes from 54.197.223.49: icmp_seq=1902 ttl=42 time=84.2 ms
08-12 16:13:59.683 15918 16002 D cellinfo: 46 bytes from 54.197.223.49: icmp_seq=1903 ttl=42 time=56.0 ms
08-12 16:13:59.817 15918 15918 D cellinfo: onCellInfoChanged: Operator: Verizon Wireless UpdateTimestamp: 173675505 CellConnectionStatus: 1
08-12 16:13:59.817 15918 15918 D cellinfo: onCellInfoChanged: LTE Cell Bands: [13] Bandwidth: 10000 Cell ID: 48135171 Physical Cell ID: 264 Tracking Area Code: 48138 EARFCN: 5230
08-12 16:13:59.887 15918 16002 D cellinfo: 46 bytes from 54.197.223.49: icmp_seq=1904 ttl=42 time=60.3 ms
08-12 16:14:00.085 15918 16002 D cellinfo: 46 bytes from 54.197.223.49: icmp_seq=1905 ttl=42 time=57.3 ms
08-12 16:14:00.298 15918 16002 D cellinfo: 46 bytes from 54.197.223.49: icmp_seq=1906 ttl=42 time=68.6 ms
08-12 16:14:00.483 15918 16002 D cellinfo: 46 bytes from 54.197.223.49: icmp_seq=1907 ttl=42 time=54.1 ms
08-12 16:14:00.688 15918 16002 D cellinfo: 46 bytes from 54.197.223.49: icmp_seq=1908 ttl=42 time=58.1 ms
08-12 16:14:00.730 15918 15918 D cellinfo: Latitude is 41.5890891
08-12 16:14:00.730 15918 15918 D cellinfo: Longitude is -93.8145607
08-12 16:14:00.730 15918 15918 D cellinfo: Instantaneous GPS information: United States, Hawthorne Building, 7745 Office Plaza Dr N, West Des Moines, IA 50266, USA
08-12 16:14:00.730 15918 15918 D cellinfo: getCurrentLocation() result: Location (success): 41.5890891, -93.8145607
08-12 16:14:00.888 15918 16002 D cellinfo: 46 bytes from 54.197.223.49: icmp_seq=1909 ttl=42 time=56.1 ms
08-12 16:14:01.103 15918 16002 D cellinfo: 46 bytes from 54.197.223.49: icmp_seq=1910 ttl=42 time=70.5 ms
08-12 16:14:01.336 15918 16002 D cellinfo: 46 bytes from 54.197.223.49: icmp_seq=1911 ttl=42 time=102 ms
08-12 16:14:01.505 15918 16002 D cellinfo: 46 bytes from 54.197.223.49: icmp_seq=1912 ttl=42 time=70.1 ms
08-12 16:14:01.719 15918 16002 D cellinfo: 46 bytes from 54.197.223.49: icmp_seq=1913 ttl=42 time=83.3 ms
08-12 16:14:01.909 15918 16002 D cellinfo: 46 bytes from 54.197.223.49: icmp_seq=1914 ttl=42 time=72.4 ms
08-12 16:14:02.110 15918 16002 D cellinfo: 46 bytes from 54.197.223.49: icmp_seq=1915 ttl=42 time=72.8 ms
08-12 16:14:02.303 15918 16002 D cellinfo: 46 bytes from 54.197.223.49: icmp_seq=1916 ttl=42 time=64.5 ms
08-12 16:14:02.501 15918 16002 D cellinfo: 46 bytes from 54.197.223.49: icmp_seq=1917 ttl=42 time=60.8 ms
08-12 16:14:02.698 15918 16002 D cellinfo: 46 bytes from 54.197.223.49: icmp_seq=1918 ttl=42 time=56.5 ms
08-12 16:14:02.898 15918 16002 D cellinfo: 46 bytes from 54.197.223.49: icmp_seq=1919 ttl=42 time=55.4 ms
08-12 16:14:03.105 15918 16002 D cellinfo: 46 bytes from 54.197.223.49: icmp_seq=1920 ttl=42 time=61.8 ms
08-12 16:14:03.220 15918 15918 D cellinfo: Latitude is 41.5892048
08-12 16:14:03.220 15918 15918 D cellinfo: Longitude is -93.8143398
08-12 16:14:03.220 15918 15918 D cellinfo: Instantaneous GPS information: United States, Hawthorne Building, 7745 Office Plaza Dr N, West Des Moines, IA 50266, USA
08-12 16:14:03.220 15918 15918 D cellinfo: getCurrentLocation() result: Location (success): 41.5892048, -93.8143398
08-12 16:14:03.224 15918 15918 D cellinfo: onCellInfoChanged: Operator: Verizon Wireless UpdateTimestamp: 173678519 CellConnectionStatus: 1
08-12 16:14:03.224 15918 15918 D cellinfo: onCellInfoChanged: LTE Cell Bands: [13] Bandwidth: 10000 Cell ID: 48135171 Physical Cell ID: 264 Tracking Area Code: 48138 EARFCN: 5230
08-12 16:14:03.310 15918 16002 D cellinfo: 46 bytes from 54.197.223.49: icmp_seq=1921 ttl=42 time=65.5 ms
08-12 16:14:03.504 15918 16002 D cellinfo: 46 bytes from 54.197.223.49: icmp_seq=1922 ttl=42 time=59.1 ms
08-12 16:14:03.704 15918 16002 D cellinfo: 46 bytes from 54.197.223.49: icmp_seq=1923 ttl=42 time=57.9 ms
08-12 16:14:03.911 15918 16002 D cellinfo: 46 bytes from 54.197.223.49: icmp_seq=1924 ttl=42 time=64.8 ms
08-12 16:14:04.123 15918 16002 D cellinfo: 46 bytes from 54.197.223.49: icmp_seq=1925 ttl=42 time=75.5 ms
08-12 16:14:04.315 15918 16002 D cellinfo: 46 bytes from 54.197.223.49: icmp_seq=1926 ttl=42 time=67.2 ms
08-12 16:14:04.515 15918 16002 D cellinfo: 46 bytes from 54.197.223.49: icmp_seq=1927 ttl=42 time=66.1 ms
08-12 16:14:04.994 15918 16002 D cellinfo: 46 bytes from 54.197.223.49: icmp_seq=1928 ttl=42 time=344 ms
08-12 16:14:05.006 15918 16002 D cellinfo: 46 bytes from 54.197.223.49: icmp_seq=1929 ttl=42 time=149 ms
08-12 16:14:05.132 15918 16002 D cellinfo: 46 bytes from 54.197.223.49: icmp_seq=1930 ttl=42 time=75.8 ms
08-12 16:14:05.341 15918 16002 D cellinfo: 46 bytes from 54.197.223.49: icmp_seq=1931 ttl=42 time=84.5 ms
08-12 16:14:05.535 15918 16002 D cellinfo: 46 bytes from 54.197.223.49: icmp_seq=1932 ttl=42 time=77.4 ms
08-12 16:14:05.882 15918 16002 D cellinfo: 46 bytes from 54.197.223.49: icmp_seq=1933 ttl=42 time=224 ms
08-12 16:14:06.305 15918 16002 D cellinfo: 46 bytes from 54.197.223.49: icmp_seq=1934 ttl=42 time=444 ms
08-12 16:14:06.306 15918 16002 D cellinfo: 46 bytes from 54.197.223.49: icmp_seq=1935 ttl=42 time=242 ms
08-12 16:14:06.419 15918 16002 D cellinfo: 46 bytes from 54.197.223.49: icmp_seq=1936 ttl=42 time=153 ms
08-12 16:14:06.522 15918 16002 D cellinfo: 46 bytes from 54.197.223.49: icmp_seq=1937 ttl=42 time=56.1 ms
08-12 16:14:06.751 15918 15918 D cellinfo: Latitude is 41.589616
08-12 16:14:06.751 15918 15918 D cellinfo: Longitude is -93.8135536
08-12 16:14:06.751 15918 15918 D cellinfo: Instantaneous GPS information: United States, Hawthorne Building, 7745 Office Plaza Dr N, West Des Moines, IA 50266, USA
08-12 16:14:06.751 15918 15918 D cellinfo: getCurrentLocation() result: Location (success): 41.589616, -93.8135536
08-12 16:14:06.754 15918 15918 D cellinfo: onCellInfoChanged: Operator: Verizon Wireless UpdateTimestamp: 173681517 CellConnectionStatus: 1
08-12 16:14:06.754 15918 15918 D cellinfo: onCellInfoChanged: LTE Cell Bands: [13] Bandwidth: 10000 Cell ID: 48135171 Physical Cell ID: 264 Tracking Area Code: 48138 EARFCN: 5230
08-12 16:14:06.755 15918 15918 D cellinfo: onsignalStrengthsChanged: LTE Signal Strength info: rsrp: -70 rsrq: -15 rssi: -51 rssnr: 6
08-12 16:14:06.834 15918 16002 D cellinfo: 46 bytes from 54.197.223.49: icmp_seq=1938 ttl=42 time=167 ms
08-12 16:14:06.922 15918 16002 D cellinfo: 46 bytes from 54.197.223.49: icmp_seq=1939 ttl=42 time=54.8 ms
08-12 16:14:07.069 15918 15918 D cellinfo: onServiceStateChanged: Channel Number: 5230 Cell Bandwidths: [10000, 20000, 20000, 20000]
08-12 16:14:07.136 15918 15918 D cellinfo: onServiceStateChanged: Channel Number: 5230 Cell Bandwidths: [10000, 20000, 20000, 20000]
08-12 16:14:07.155 15918 16002 D cellinfo: 46 bytes from 54.197.223.49: icmp_seq=1940 ttl=42 time=87.2 ms
08-12 16:14:07.323 15918 16002 D cellinfo: 46 bytes from 54.197.223.49: icmp_seq=1941 ttl=42 time=54.5 ms
08-12 16:14:07.528 15918 16002 D cellinfo: 46 bytes from 54.197.223.49: icmp_seq=1942 ttl=42 time=58.6 ms
08-12 16:14:07.729 15918 16002 D cellinfo: 46 bytes from 54.197.223.49: icmp_seq=1943 ttl=42 time=59.2 ms
08-12 16:14:07.929 15918 16002 D cellinfo: 46 bytes from 54.197.223.49: icmp_seq=1944 ttl=42 time=57.2 ms
08-12 16:14:08.131 15918 16002 D cellinfo: 46 bytes from 54.197.223.49: icmp_seq=1945 ttl=42 time=58.9 ms
08-12 16:14:08.330 15918 16002 D cellinfo: 46 bytes from 54.197.223.49: icmp_seq=1946 ttl=42 time=57.7 ms
08-12 16:14:08.620 15918 16002 D cellinfo: 46 bytes from 54.197.223.49: icmp_seq=1947 ttl=42 time=146 ms
08-12 16:14:08.737 15918 16002 D cellinfo: 46 bytes from 54.197.223.49: icmp_seq=1948 ttl=42 time=63.2 ms
08-12 16:14:08.940 15918 16002 D cellinfo: 46 bytes from 54.197.223.49: icmp_seq=1949 ttl=42 time=65.1 ms
08-12 16:14:09.131 15918 16002 D cellinfo: 46 bytes from 54.197.223.49: icmp_seq=1950 ttl=42 time=55.4 ms
08-12 16:14:09.188 15918 15918 D cellinfo: Latitude is 41.5895602
08-12 16:14:09.188 15918 15918 D cellinfo: Longitude is -93.81366
08-12 16:14:09.188 15918 15918 D cellinfo: Instantaneous GPS information: United States, Hawthorne Building, 7745 Office Plaza Dr N, West Des Moines, IA 50266, USA
08-12 16:14:09.188 15918 15918 D cellinfo: getCurrentLocation() result: Location (success): 41.5895602, -93.81366
08-12 16:14:09.191 15918 15918 D cellinfo: onCellInfoChanged: Operator: Verizon Wireless UpdateTimestamp: 173684522 CellConnectionStatus: 1
08-12 16:14:09.191 15918 15918 D cellinfo: onCellInfoChanged: LTE Cell Bands: [13] Bandwidth: 10000 Cell ID: 48135169 Physical Cell ID: 252 Tracking Area Code: 48138 EARFCN: 5230
08-12 16:14:09.330 15918 16002 D cellinfo: 46 bytes from 54.197.223.49: icmp_seq=1951 ttl=42 time=54.0 ms
08-12 16:14:09.538 15918 16002 D cellinfo: 46 bytes from 54.197.223.49: icmp_seq=1952 ttl=42 time=60.9 ms
08-12 16:14:09.734 15918 16002 D cellinfo: 46 bytes from 54.197.223.49: icmp_seq=1953 ttl=42 time=57.1 ms
08-12 16:14:09.930 15918 16002 D cellinfo: 46 bytes from 54.197.223.49: icmp_seq=1954 ttl=42 time=51.6 ms
08-12 16:14:10.140 15918 16002 D cellinfo: 46 bytes from 54.197.223.49: icmp_seq=1955 ttl=42 time=60.3 ms
08-12 16:14:10.242 15918 15918 D cellinfo: onsignalStrengthsChanged: LTE Signal Strength info: rsrp: -60 rsrq: -8 rssi: -51 rssnr: 13
08-12 16:14:10.343 15918 16002 D cellinfo: 46 bytes from 54.197.223.49: icmp_seq=1956 ttl=42 time=62.4 ms
08-12 16:14:10.541 15918 16002 D cellinfo: 46 bytes from 54.197.223.49: icmp_seq=1957 ttl=42 time=59.5 ms
08-12 16:14:10.754 15918 16002 D cellinfo: 46 bytes from 54.197.223.49: icmp_seq=1958 ttl=42 time=71.8 ms
08-12 16:14:10.946 15918 16002 D cellinfo: 46 bytes from 54.197.223.49: icmp_seq=1959 ttl=42 time=63.9 ms
08-12 16:14:11.144 15918 16002 D cellinfo: 46 bytes from 54.197.223.49: icmp_seq=1960 ttl=42 time=59.9 ms
08-12 16:14:11.342 15918 16002 D cellinfo: 46 bytes from 54.197.223.49: icmp_seq=1961 ttl=42 time=58.3 ms
08-12 16:14:11.540 15918 16002 D cellinfo: 46 bytes from 54.197.223.49: icmp_seq=1962 ttl=42 time=55.3 ms
08-12 16:14:11.747 15918 16002 D cellinfo: 46 bytes from 54.197.223.49: icmp_seq=1963 ttl=42 time=60.5 ms
08-12 16:14:11.812 15918 15918 D cellinfo: onCellInfoChanged: Operator: Verizon Wireless UpdateTimestamp: 173687501 CellConnectionStatus: 1
08-12 16:14:11.812 15918 15918 D cellinfo: onCellInfoChanged: LTE Cell Bands: [13] Bandwidth: 10000 Cell ID: 48135169 Physical Cell ID: 252 Tracking Area Code: 48138 EARFCN: 5230
08-12 16:14:11.940 15918 16002 D cellinfo: 46 bytes from 54.197.223.49: icmp_seq=1964 ttl=42 time=53.1 ms
08-12 16:14:12.140 15918 16002 D cellinfo: 46 bytes from 54.197.223.49: icmp_seq=1965 ttl=42 time=52.1 ms
08-12 16:14:12.339 15918 16002 D cellinfo: 46 bytes from 54.197.223.49: icmp_seq=1966 ttl=42 time=51.2 ms
08-12 16:14:12.552 15918 16002 D cellinfo: 46 bytes from 54.197.223.49: icmp_seq=1967 ttl=42 time=61.4 ms
08-12 16:14:12.712 15918 15918 D cellinfo: Latitude is 41.591026
08-12 16:14:12.713 15918 15918 D cellinfo: Longitude is -93.8108068
08-12 16:14:12.713 15918 15918 D cellinfo: Instantaneous GPS information: United States, I-80, West Des Moines, IA 50266, USA
08-12 16:14:12.713 15918 15918 D cellinfo: getCurrentLocation() result: Location (success): 41.591026, -93.8108068
08-12 16:14:12.757 15918 16002 D cellinfo: 46 bytes from 54.197.223.49: icmp_seq=1968 ttl=42 time=64.7 ms
08-12 16:14:12.952 15918 16002 D cellinfo: 46 bytes from 54.197.223.49: icmp_seq=1969 ttl=42 time=59.2 ms
08-12 16:14:13.154 15918 16002 D cellinfo: 46 bytes from 54.197.223.49: icmp_seq=1970 ttl=42 time=60.7 ms
08-12 16:14:13.356 15918 16002 D cellinfo: 46 bytes from 54.197.223.49: icmp_seq=1971 ttl=42 time=61.8 ms
08-12 16:14:13.558 15918 16002 D cellinfo: 46 bytes from 54.197.223.49: icmp_seq=1972 ttl=42 time=63.6 ms
08-12 16:14:13.750 15918 16002 D cellinfo: 46 bytes from 54.197.223.49: icmp_seq=1973 ttl=42 time=54.7 ms
08-12 16:14:13.950 15918 16002 D cellinfo: 46 bytes from 54.197.223.49: icmp_seq=1974 ttl=42 time=54.0 ms
08-12 16:14:14.150 15918 16002 D cellinfo: 46 bytes from 54.197.223.49: icmp_seq=1975 ttl=42 time=52.3 ms
08-12 16:14:14.349 15918 16002 D cellinfo: 46 bytes from 54.197.223.49: icmp_seq=1976 ttl=42 time=51.5 ms
08-12 16:14:14.561 15918 16002 D cellinfo: 46 bytes from 54.197.223.49: icmp_seq=1977 ttl=42 time=62.9 ms
08-12 16:14:14.764 15918 16002 D cellinfo: 46 bytes from 54.197.223.49: icmp_seq=1978 ttl=42 time=65.4 ms
08-12 16:14:14.957 15918 16002 D cellinfo: 46 bytes from 54.197.223.49: icmp_seq=1979 ttl=42 time=57.9 ms
08-12 16:14:15.148 15918 15918 D cellinfo: Latitude is 41.591157
08-12 16:14:15.148 15918 15918 D cellinfo: Longitude is -93.8105151
08-12 16:14:15.148 15918 15918 D cellinfo: Instantaneous GPS information: United States, I-80, West Des Moines, IA 50266, USA
08-12 16:14:15.148 15918 15918 D cellinfo: getCurrentLocation() result: Location (success): 41.591157, -93.8105151
08-12 16:14:15.151 15918 15918 D cellinfo: onCellInfoChanged: Operator: Verizon Wireless UpdateTimestamp: 173690522 CellConnectionStatus: 1
08-12 16:14:15.151 15918 15918 D cellinfo: onCellInfoChanged: LTE Cell Bands: [13] Bandwidth: 10000 Cell ID: 48135169 Physical Cell ID: 252 Tracking Area Code: 48138 EARFCN: 5230
08-12 16:14:15.172 15918 16002 D cellinfo: 46 bytes from 54.197.223.49: icmp_seq=1980 ttl=42 time=71.7 ms
08-12 16:14:15.359 15918 16002 D cellinfo: 46 bytes from 54.197.223.49: icmp_seq=1981 ttl=42 time=58.1 ms
08-12 16:14:15.570 15918 16002 D cellinfo: 46 bytes from 54.197.223.49: icmp_seq=1982 ttl=42 time=68.3 ms
08-12 16:14:15.760 15918 16002 D cellinfo: 46 bytes from 54.197.223.49: icmp_seq=1983 ttl=42 time=57.9 ms
08-12 16:14:15.959 15918 16002 D cellinfo: 46 bytes from 54.197.223.49: icmp_seq=1984 ttl=42 time=56.0 ms
08-12 16:14:16.160 15918 16002 D cellinfo: 46 bytes from 54.197.223.49: icmp_seq=1985 ttl=42 time=56.2 ms
08-12 16:14:16.360 15918 16002 D cellinfo: 46 bytes from 54.197.223.49: icmp_seq=1986 ttl=42 time=54.9 ms
08-12 16:14:16.559 15918 16002 D cellinfo: 46 bytes from 54.197.223.49: icmp_seq=1987 ttl=42 time=52.8 ms
08-12 16:14:16.768 15918 16002 D cellinfo: 46 bytes from 54.197.223.49: icmp_seq=1988 ttl=42 time=60.2 ms
08-12 16:14:16.959 15918 16002 D cellinfo: 46 bytes from 54.197.223.49: icmp_seq=1989 ttl=42 time=51.1 ms
08-12 16:14:17.160 15918 16002 D cellinfo: 46 bytes from 54.197.223.49: icmp_seq=1990 ttl=42 time=51.2 ms
08-12 16:14:17.370 15918 16002 D cellinfo: 46 bytes from 54.197.223.49: icmp_seq=1991 ttl=42 time=59.9 ms
08-12 16:14:17.569 15918 16002 D cellinfo: 46 bytes from 54.197.223.49: icmp_seq=1992 ttl=42 time=57.8 ms
08-12 16:14:17.769 15918 16002 D cellinfo: 46 bytes from 54.197.223.49: icmp_seq=1993 ttl=42 time=57.3 ms
08-12 16:14:17.969 15918 16002 D cellinfo: 46 bytes from 54.197.223.49: icmp_seq=1994 ttl=42 time=57.0 ms
08-12 16:14:18.141 15918 15918 D cellinfo: Latitude is 41.5914051
08-12 16:14:18.141 15918 15918 D cellinfo: Longitude is -93.8099619
08-12 16:14:18.142 15918 15918 D cellinfo: Instantaneous GPS information: United States, I-80, Waukee, IA 50263, USA
08-12 16:14:18.142 15918 15918 D cellinfo: getCurrentLocation() result: Location (success): 41.5914051, -93.8099619
08-12 16:14:18.145 15918 15918 D cellinfo: onCellInfoChanged: Operator: Verizon Wireless UpdateTimestamp: 173693520 CellConnectionStatus: 1
08-12 16:14:18.145 15918 15918 D cellinfo: onCellInfoChanged: LTE Cell Bands: [13] Bandwidth: 10000 Cell ID: 48135169 Physical Cell ID: 252 Tracking Area Code: 48138 EARFCN: 5230
08-12 16:14:18.170 15918 16002 D cellinfo: 46 bytes from 54.197.223.49: icmp_seq=1995 ttl=42 time=56.7 ms
08-12 16:14:18.370 15918 16002 D cellinfo: 46 bytes from 54.197.223.49: icmp_seq=1996 ttl=42 time=56.3 ms
08-12 16:14:18.577 15918 16002 D cellinfo: 46 bytes from 54.197.223.49: icmp_seq=1997 ttl=42 time=62.4 ms
08-12 16:14:18.769 15918 16002 D cellinfo: 46 bytes from 54.197.223.49: icmp_seq=1998 ttl=42 time=52.9 ms
08-12 16:14:18.969 15918 16002 D cellinfo: 46 bytes from 54.197.223.49: icmp_seq=1999 ttl=42 time=52.1 ms
08-12 16:14:19.170 15918 16002 D cellinfo: 46 bytes from 54.197.223.49: icmp_seq=2000 ttl=42 time=52.0 ms
08-12 16:14:19.389 15918 16002 D cellinfo: 46 bytes from 54.197.223.49: icmp_seq=2001 ttl=42 time=68.8 ms
08-12 16:14:19.580 15918 16002 D cellinfo: 46 bytes from 54.197.223.49: icmp_seq=2002 ttl=42 time=58.6 ms
08-12 16:14:19.780 15918 16002 D cellinfo: 46 bytes from 54.197.223.49: icmp_seq=2003 ttl=42 time=57.6 ms
08-12 16:14:19.988 15918 16002 D cellinfo: 46 bytes from 54.197.223.49: icmp_seq=2004 ttl=42 time=65.4 ms
08-12 16:14:20.181 15918 16002 D cellinfo: 46 bytes from 54.197.223.49: icmp_seq=2005 ttl=42 time=58.0 ms
08-12 16:14:20.379 15918 16002 D cellinfo: 46 bytes from 54.197.223.49: icmp_seq=2006 ttl=42 time=55.1 ms
08-12 16:14:20.588 15918 16002 D cellinfo: 46 bytes from 54.197.223.49: icmp_seq=2007 ttl=42 time=63.4 ms
08-12 16:14:20.726 15918 15918 D cellinfo: onsignalStrengthsChanged: LTE Signal Strength info: rsrp: -74 rsrq: -12 rssi: -55 rssnr: 10
08-12 16:14:20.772 15918 15918 D cellinfo: Latitude is 41.5914142
08-12 16:14:20.772 15918 15918 D cellinfo: Longitude is -93.809941
08-12 16:14:20.772 15918 15918 D cellinfo: Instantaneous GPS information: United States, I-80, Waukee, IA 50263, USA
08-12 16:14:20.772 15918 15918 D cellinfo: getCurrentLocation() result: Location (success): 41.5914142, -93.809941
08-12 16:14:20.781 15918 16002 D cellinfo: 46 bytes from 54.197.223.49: icmp_seq=2008 ttl=42 time=54.9 ms
08-12 16:14:20.810 15918 15918 D cellinfo: onCellInfoChanged: Operator: Verizon Wireless UpdateTimestamp: 173696499 CellConnectionStatus: 1
08-12 16:14:20.810 15918 15918 D cellinfo: onCellInfoChanged: LTE Cell Bands: [13] Bandwidth: 10000 Cell ID: 48135169 Physical Cell ID: 252 Tracking Area Code: 48138 EARFCN: 5230
08-12 16:14:20.979 15918 16002 D cellinfo: 46 bytes from 54.197.223.49: icmp_seq=2009 ttl=42 time=52.9 ms
08-12 16:14:21.179 15918 16002 D cellinfo: 46 bytes from 54.197.223.49: icmp_seq=2010 ttl=42 time=51.6 ms
08-12 16:14:21.380 15918 16002 D cellinfo: 46 bytes from 54.197.223.49: icmp_seq=2011 ttl=42 time=52.1 ms
08-12 16:14:21.579 15918 16002 D cellinfo: 46 bytes from 54.197.223.49: icmp_seq=2012 ttl=42 time=50.4 ms
08-12 16:14:21.789 15918 16002 D cellinfo: 46 bytes from 54.197.223.49: icmp_seq=2013 ttl=42 time=59.2 ms
08-12 16:14:21.990 15918 16002 D cellinfo: 46 bytes from 54.197.223.49: icmp_seq=2014 ttl=42 time=59.2 ms
08-12 16:14:22.191 15918 16002 D cellinfo: 46 bytes from 54.197.223.49: icmp_seq=2015 ttl=42 time=58.8 ms
08-12 16:14:22.389 15918 16002 D cellinfo: 46 bytes from 54.197.223.49: icmp_seq=2016 ttl=42 time=55.8 ms
08-12 16:14:22.589 15918 16002 D cellinfo: 46 bytes from 54.197.223.49: icmp_seq=2017 ttl=42 time=55.3 ms
08-12 16:14:22.789 15918 16002 D cellinfo: 46 bytes from 54.197.223.49: icmp_seq=2018 ttl=42 time=54.4 ms
08-12 16:14:22.990 15918 16002 D cellinfo: 46 bytes from 54.197.223.49: icmp_seq=2019 ttl=42 time=53.5 ms
08-12 16:14:23.197 15918 16002 D cellinfo: 46 bytes from 54.197.223.49: icmp_seq=2020 ttl=42 time=61.1 ms
08-12 16:14:23.390 15918 16002 D cellinfo: 46 bytes from 54.197.223.49: icmp_seq=2021 ttl=42 time=52.0 ms
08-12 16:14:23.598 15918 16002 D cellinfo: 46 bytes from 54.197.223.49: icmp_seq=2022 ttl=42 time=60.3 ms
08-12 16:14:23.789 15918 16002 D cellinfo: 46 bytes from 54.197.223.49: icmp_seq=2023 ttl=42 time=50.4 ms
08-12 16:14:23.811 15918 15918 D cellinfo: onCellInfoChanged: Operator: Verizon Wireless UpdateTimestamp: 173699501 CellConnectionStatus: 1
08-12 16:14:23.811 15918 15918 D cellinfo: onCellInfoChanged: LTE Cell Bands: [13] Bandwidth: 10000 Cell ID: 48135169 Physical Cell ID: 252 Tracking Area Code: 48138 EARFCN: 5230
08-12 16:14:23.995 15918 16002 D cellinfo: 46 bytes from 54.197.223.49: icmp_seq=2024 ttl=42 time=55.1 ms
08-12 16:14:24.199 15918 16002 D cellinfo: 46 bytes from 54.197.223.49: icmp_seq=2025 ttl=42 time=58.7 ms
08-12 16:14:24.412 15918 16002 D cellinfo: 46 bytes from 54.197.223.49: icmp_seq=2026 ttl=42 time=70.8 ms
08-12 16:14:24.600 15918 16002 D cellinfo: 46 bytes from 54.197.223.49: icmp_seq=2027 ttl=42 time=57.7 ms
08-12 16:14:24.658 15918 15918 D cellinfo: Latitude is 41.5920024
08-12 16:14:24.658 15918 15918 D cellinfo: Longitude is -93.8069848
08-12 16:14:24.658 15918 15918 D cellinfo: Instantaneous GPS information: United States, 7101 Vista Dr, West Des Moines, IA 50266, USA
08-12 16:14:24.658 15918 15918 D cellinfo: getCurrentLocation() result: Location (success): 41.5920024, -93.8069848
08-12 16:14:24.797 15918 16002 D cellinfo: 46 bytes from 54.197.223.49: icmp_seq=2028 ttl=42 time=54.0 ms
08-12 16:14:25.000 15918 16002 D cellinfo: 46 bytes from 54.197.223.49: icmp_seq=2029 ttl=42 time=56.7 ms
08-12 16:14:25.215 15918 16002 D cellinfo: 46 bytes from 54.197.223.49: icmp_seq=2030 ttl=42 time=72.2 ms
08-12 16:14:25.399 15918 16002 D cellinfo: 46 bytes from 54.197.223.49: icmp_seq=2031 ttl=42 time=55.2 ms
08-12 16:14:25.599 15918 16002 D cellinfo: 46 bytes from 54.197.223.49: icmp_seq=2032 ttl=42 time=54.2 ms
08-12 16:14:25.732 15918 15918 D cellinfo: onsignalStrengthsChanged: LTE Signal Strength info: rsrp: -79 rsrq: -11 rssi: -59 rssnr: 4
08-12 16:14:25.799 15918 16002 D cellinfo: 46 bytes from 54.197.223.49: icmp_seq=2033 ttl=42 time=52.9 ms
08-12 16:14:26.000 15918 16002 D cellinfo: 46 bytes from 54.197.223.49: icmp_seq=2034 ttl=42 time=53.1 ms
08-12 16:14:26.200 15918 16002 D cellinfo: 46 bytes from 54.197.223.49: icmp_seq=2035 ttl=42 time=52.4 ms
08-12 16:14:26.490 15918 16002 D cellinfo: 46 bytes from 54.197.223.49: icmp_seq=2036 ttl=42 time=141 ms
08-12 16:14:26.608 15918 16002 D cellinfo: 46 bytes from 54.197.223.49: icmp_seq=2037 ttl=42 time=59.4 ms
08-12 16:14:26.809 15918 16002 D cellinfo: 46 bytes from 54.197.223.49: icmp_seq=2038 ttl=42 time=60.2 ms
08-12 16:14:27.008 15918 16002 D cellinfo: 46 bytes from 54.197.223.49: icmp_seq=2039 ttl=42 time=56.6 ms
08-12 16:14:27.139 15918 15918 D cellinfo: Latitude is 41.5920119
08-12 16:14:27.139 15918 15918 D cellinfo: Longitude is -93.8069047
08-12 16:14:27.139 15918 15918 D cellinfo: Instantaneous GPS information: United States, 7101 Vista Dr, West Des Moines, IA 50266, USA
08-12 16:14:27.139 15918 15918 D cellinfo: getCurrentLocation() result: Location (success): 41.5920119, -93.8069047
08-12 16:14:27.143 15918 15918 D cellinfo: onCellInfoChanged: Operator: Verizon Wireless UpdateTimestamp: 173702496 CellConnectionStatus: 1
08-12 16:14:27.143 15918 15918 D cellinfo: onCellInfoChanged: LTE Cell Bands: [13] Bandwidth: 10000 Cell ID: 48135169 Physical Cell ID: 252 Tracking Area Code: 48138 EARFCN: 5230
08-12 16:14:27.199 15918 16002 D cellinfo: 46 bytes from 54.197.223.49: icmp_seq=2040 ttl=42 time=48.1 ms
08-12 16:14:27.409 15918 16002 D cellinfo: 46 bytes from 54.197.223.49: icmp_seq=2041 ttl=42 time=57.5 ms
08-12 16:14:27.610 15918 16002 D cellinfo: 46 bytes from 54.197.223.49: icmp_seq=2042 ttl=42 time=57.9 ms
08-12 16:14:27.809 15918 16002 D cellinfo: 46 bytes from 54.197.223.49: icmp_seq=2043 ttl=42 time=56.6 ms
08-12 16:14:28.009 15918 16002 D cellinfo: 46 bytes from 54.197.223.49: icmp_seq=2044 ttl=42 time=56.3 ms
08-12 16:14:28.209 15918 16002 D cellinfo: 46 bytes from 54.197.223.49: icmp_seq=2045 ttl=42 time=55.5 ms
08-12 16:14:28.410 15918 16002 D cellinfo: 46 bytes from 54.197.223.49: icmp_seq=2046 ttl=42 time=56.0 ms
08-12 16:14:28.618 15918 16002 D cellinfo: 46 bytes from 54.197.223.49: icmp_seq=2047 ttl=42 time=63.2 ms
08-12 16:14:28.809 15918 16002 D cellinfo: 46 bytes from 54.197.223.49: icmp_seq=2048 ttl=42 time=53.3 ms
08-12 16:14:29.018 15918 16002 D cellinfo: 46 bytes from 54.197.223.49: icmp_seq=2049 ttl=42 time=61.0 ms
08-12 16:14:29.210 15918 16002 D cellinfo: 46 bytes from 54.197.223.49: icmp_seq=2050 ttl=42 time=53.1 ms
08-12 16:14:29.411 15918 16002 D cellinfo: 46 bytes from 54.197.223.49: icmp_seq=2051 ttl=42 time=53.5 ms
08-12 16:14:29.618 15918 16002 D cellinfo: 46 bytes from 54.197.223.49: icmp_seq=2052 ttl=42 time=60.0 ms
08-12 16:14:29.721 15918 15918 D cellinfo: onsignalStrengthsChanged: LTE Signal Strength info: rsrp: -71 rsrq: -10 rssi: -53 rssnr: 12
08-12 16:14:29.812 15918 16002 D cellinfo: 46 bytes from 54.197.223.49: icmp_seq=2053 ttl=42 time=53.8 ms
08-12 16:14:30.016 15918 16002 D cellinfo: 46 bytes from 54.197.223.49: icmp_seq=2054 ttl=42 time=57.0 ms
08-12 16:14:30.148 15918 15918 D cellinfo: Latitude is 41.5920933
08-12 16:14:30.148 15918 15918 D cellinfo: Longitude is -93.8062158
08-12 16:14:30.148 15918 15918 D cellinfo: Instantaneous GPS information: United States, 7101 Vista Dr, West Des Moines, IA 50266, USA
08-12 16:14:30.148 15918 15918 D cellinfo: getCurrentLocation() result: Location (success): 41.5920933, -93.8062158
08-12 16:14:30.152 15918 15918 D cellinfo: onCellInfoChanged: Operator: Verizon Wireless UpdateTimestamp: 173705502 CellConnectionStatus: 1
08-12 16:14:30.152 15918 15918 D cellinfo: onCellInfoChanged: LTE Cell Bands: [13] Bandwidth: 10000 Cell ID: 48135169 Physical Cell ID: 252 Tracking Area Code: 48138 EARFCN: 5230
08-12 16:14:30.217 15918 16002 D cellinfo: 46 bytes from 54.197.223.49: icmp_seq=2055 ttl=42 time=57.7 ms
08-12 16:14:30.420 15918 16002 D cellinfo: 46 bytes from 54.197.223.49: icmp_seq=2056 ttl=42 time=60.9 ms
08-12 16:14:30.619 15918 16002 D cellinfo: 46 bytes from 54.197.223.49: icmp_seq=2057 ttl=42 time=58.8 ms
08-12 16:14:30.827 15918 16002 D cellinfo: 46 bytes from 54.197.223.49: icmp_seq=2058 ttl=42 time=66.4 ms
08-12 16:14:31.027 15918 16002 D cellinfo: 46 bytes from 54.197.223.49: icmp_seq=2059 ttl=42 time=65.2 ms
08-12 16:14:31.229 15918 16002 D cellinfo: 46 bytes from 54.197.223.49: icmp_seq=2060 ttl=42 time=67.1 ms
08-12 16:14:31.314 15918 16002 D cellinfo: 46 bytes from 54.197.223.49: icmp_seq=2060 ttl=42 time=152 ms (DUP!)
08-12 16:14:31.386 15918 15918 D cellinfo: onServiceStateChanged: Channel Number: 5230 Cell Bandwidths: [10000, 10000, 5000]
08-12 16:14:31.421 15918 16002 D cellinfo: 46 bytes from 54.197.223.49: icmp_seq=2061 ttl=42 time=59.4 ms
08-12 16:14:31.615 15918 16002 D cellinfo: 46 bytes from 54.197.223.49: icmp_seq=2062 ttl=42 time=51.6 ms
08-12 16:14:31.824 15918 16002 D cellinfo: 46 bytes from 54.197.223.49: icmp_seq=2063 ttl=42 time=59.8 ms
08-12 16:14:32.014 15918 16002 D cellinfo: 46 bytes from 54.197.223.49: icmp_seq=2064 ttl=42 time=49.1 ms
08-12 16:14:32.224 15918 16002 D cellinfo: 46 bytes from 54.197.223.49: icmp_seq=2065 ttl=42 time=59.1 ms
08-12 16:14:32.433 15918 16002 D cellinfo: 46 bytes from 54.197.223.49: icmp_seq=2066 ttl=42 time=67.3 ms
08-12 16:14:32.625 15918 16002 D cellinfo: 46 bytes from 54.197.223.49: icmp_seq=2067 ttl=42 time=58.3 ms
08-12 16:14:32.824 15918 16002 D cellinfo: 46 bytes from 54.197.223.49: icmp_seq=2068 ttl=42 time=56.2 ms
08-12 16:14:33.030 15918 16002 D cellinfo: 46 bytes from 54.197.223.49: icmp_seq=2069 ttl=42 time=60.4 ms
08-12 16:14:33.167 15918 15918 D cellinfo: Latitude is 41.5921248
08-12 16:14:33.167 15918 15918 D cellinfo: Longitude is -93.8059482
08-12 16:14:33.168 15918 15918 D cellinfo: Instantaneous GPS information: United States, 7101 Vista Dr, West Des Moines, IA 50266, USA
08-12 16:14:33.168 15918 15918 D cellinfo: getCurrentLocation() result: Location (success): 41.5921248, -93.8059482
08-12 16:14:33.172 15918 15918 D cellinfo: onCellInfoChanged: Operator: Verizon Wireless UpdateTimestamp: 173708505 CellConnectionStatus: 1
08-12 16:14:33.172 15918 15918 D cellinfo: onCellInfoChanged: LTE Cell Bands: [13, 66, 2] Bandwidth: 10000 Cell ID: 48150019 Physical Cell ID: 125 Tracking Area Code: 48138 EARFCN: 5230
08-12 16:14:33.223 15918 16002 D cellinfo: 46 bytes from 54.197.223.49: icmp_seq=2070 ttl=42 time=54.2 ms
08-12 16:14:33.397 15918 15918 D cellinfo: onsignalStrengthsChanged: LTE Signal Strength info: rsrp: -74 rsrq: -11 rssi: -55 rssnr: 4
08-12 16:14:33.427 15918 16002 D cellinfo: 46 bytes from 54.197.223.49: icmp_seq=2071 ttl=42 time=54.3 ms
08-12 16:14:33.687 15918 16002 D cellinfo: 46 bytes from 54.197.223.49: icmp_seq=2072 ttl=42 time=116 ms
08-12 16:14:33.705 15918 15918 D cellinfo: onServiceStateChanged: Channel Number: 5230 Cell Bandwidths: [10000, 20000, 20000, 20000]
08-12 16:14:33.761 15918 15918 D cellinfo: onServiceStateChanged: Channel Number: 5230 Cell Bandwidths: [10000, 20000, 20000, 20000]
08-12 16:14:33.825 15918 16002 D cellinfo: 46 bytes from 54.197.223.49: icmp_seq=2073 ttl=42 time=54.9 ms
08-12 16:14:34.026 15918 16002 D cellinfo: 46 bytes from 54.197.223.49: icmp_seq=2074 ttl=42 time=54.7 ms
08-12 16:14:34.226 15918 16002 D cellinfo: 46 bytes from 54.197.223.49: icmp_seq=2075 ttl=42 time=55.0 ms
08-12 16:14:34.428 15918 16002 D cellinfo: 46 bytes from 54.197.223.49: icmp_seq=2076 ttl=42 time=56.7 ms
08-12 16:14:34.628 15918 16002 D cellinfo: 46 bytes from 54.197.223.49: icmp_seq=2077 ttl=42 time=56.2 ms
08-12 16:14:34.827 15918 16002 D cellinfo: 46 bytes from 54.197.223.49: icmp_seq=2078 ttl=42 time=54.2 ms
08-12 16:14:35.035 15918 16002 D cellinfo: 46 bytes from 54.197.223.49: icmp_seq=2079 ttl=42 time=60.8 ms
08-12 16:14:35.051 15918 15918 D cellinfo: onServiceStateChanged: Channel Number: 5230 Cell Bandwidths: [10000, 10000, 5000]
08-12 16:14:35.228 15918 16002 D cellinfo: 46 bytes from 54.197.223.49: icmp_seq=2080 ttl=42 time=54.3 ms
08-12 16:14:35.427 15918 16002 D cellinfo: 46 bytes from 54.197.223.49: icmp_seq=2081 ttl=42 time=52.3 ms
08-12 16:14:35.637 15918 16002 D cellinfo: 46 bytes from 54.197.223.49: icmp_seq=2082 ttl=42 time=61.5 ms
08-12 16:14:35.805 15918 15918 D cellinfo: onCellInfoChanged: Operator: Verizon Wireless UpdateTimestamp: 173711494 CellConnectionStatus: 1
08-12 16:14:35.805 15918 15918 D cellinfo: onCellInfoChanged: LTE Cell Bands: [13, 66, 2] Bandwidth: 10000 Cell ID: 48150019 Physical Cell ID: 125 Tracking Area Code: 48138 EARFCN: 5230
08-12 16:14:35.836 15918 16002 D cellinfo: 46 bytes from 54.197.223.49: icmp_seq=2083 ttl=42 time=59.3 ms
08-12 16:14:36.033 15918 16002 D cellinfo: 46 bytes from 54.197.223.49: icmp_seq=2084 ttl=42 time=55.3 ms
08-12 16:14:36.225 15918 16002 D cellinfo: 46 bytes from 54.197.223.49: icmp_seq=2085 ttl=42 time=47.0 ms
08-12 16:14:36.437 15918 16002 D cellinfo: 46 bytes from 54.197.223.49: icmp_seq=2086 ttl=42 time=58.4 ms
08-12 16:14:36.638 15918 16002 D cellinfo: 46 bytes from 54.197.223.49: icmp_seq=2087 ttl=42 time=57.3 ms
08-12 16:14:36.696 15918 15918 D cellinfo: Latitude is 41.5920382
08-12 16:14:36.696 15918 15918 D cellinfo: Longitude is -93.8034583
08-12 16:14:36.696 15918 15918 D cellinfo: Instantaneous GPS information: United States, Wedgewood buillding, 6905 Vista Dr, West Des Moines, IA 50266, USA
08-12 16:14:36.696 15918 15918 D cellinfo: getCurrentLocation() result: Location (success): 41.5920382, -93.8034583
08-12 16:14:36.836 15918 16002 D cellinfo: 46 bytes from 54.197.223.49: icmp_seq=2088 ttl=42 time=56.0 ms
08-12 16:14:37.035 15918 15918 D cellinfo: onsignalStrengthsChanged: LTE Signal Strength info: rsrp: -70 rsrq: -8 rssi: -55 rssnr: 12
08-12 16:14:37.037 15918 16002 D cellinfo: 46 bytes from 54.197.223.49: icmp_seq=2089 ttl=42 time=55.9 ms
08-12 16:14:37.263 15918 16002 D cellinfo: 46 bytes from 54.197.223.49: icmp_seq=2090 ttl=42 time=82.3 ms
08-12 16:14:37.437 15918 16002 D cellinfo: 46 bytes from 54.197.223.49: icmp_seq=2091 ttl=42 time=55.1 ms
08-12 16:14:37.637 15918 16002 D cellinfo: 46 bytes from 54.197.223.49: icmp_seq=2092 ttl=42 time=54.6 ms
08-12 16:14:37.837 15918 16002 D cellinfo: 46 bytes from 54.197.223.49: icmp_seq=2093 ttl=42 time=54.1 ms
08-12 16:14:38.037 15918 16002 D cellinfo: 46 bytes from 54.197.223.49: icmp_seq=2094 ttl=42 time=53.2 ms
08-12 16:14:38.236 15918 16002 D cellinfo: 46 bytes from 54.197.223.49: icmp_seq=2095 ttl=42 time=52.1 ms
08-12 16:14:38.436 15918 16002 D cellinfo: 46 bytes from 54.197.223.49: icmp_seq=2096 ttl=42 time=51.5 ms
08-12 16:14:38.640 15918 16002 D cellinfo: 46 bytes from 54.197.223.49: icmp_seq=2097 ttl=42 time=55.2 ms
08-12 16:14:38.839 15918 16002 D cellinfo: 46 bytes from 54.197.223.49: icmp_seq=2098 ttl=42 time=52.7 ms
08-12 16:14:39.040 15918 16002 D cellinfo: 46 bytes from 54.197.223.49: icmp_seq=2099 ttl=42 time=53.0 ms
08-12 16:14:39.152 15918 15918 D cellinfo: Latitude is 41.5920379
08-12 16:14:39.152 15918 15918 D cellinfo: Longitude is -93.8031287
08-12 16:14:39.152 15918 15918 D cellinfo: Instantaneous GPS information: United States, 6965 Vista Dr, West Des Moines, IA 50266, USA
08-12 16:14:39.152 15918 15918 D cellinfo: getCurrentLocation() result: Location (success): 41.5920379, -93.8031287
08-12 16:14:39.155 15918 15918 D cellinfo: onCellInfoChanged: Operator: Verizon Wireless UpdateTimestamp: 173714503 CellConnectionStatus: 1
08-12 16:14:39.155 15918 15918 D cellinfo: onCellInfoChanged: LTE Cell Bands: [13, 66, 2] Bandwidth: 10000 Cell ID: 48150019 Physical Cell ID: 125 Tracking Area Code: 48138 EARFCN: 5230
08-12 16:14:39.245 15918 16002 D cellinfo: 46 bytes from 54.197.223.49: icmp_seq=2100 ttl=42 time=58.8 ms
08-12 16:14:39.447 15918 16002 D cellinfo: 46 bytes from 54.197.223.49: icmp_seq=2101 ttl=42 time=60.4 ms
08-12 16:14:39.647 15918 16002 D cellinfo: 46 bytes from 54.197.223.49: icmp_seq=2102 ttl=42 time=60.0 ms
08-12 16:14:39.846 15918 16002 D cellinfo: 46 bytes from 54.197.223.49: icmp_seq=2103 ttl=42 time=58.0 ms
08-12 16:14:40.050 15918 16002 D cellinfo: 46 bytes from 54.197.223.49: icmp_seq=2104 ttl=42 time=60.5 ms
08-12 16:14:40.248 15918 16002 D cellinfo: 46 bytes from 54.197.223.49: icmp_seq=2105 ttl=42 time=59.2 ms
08-12 16:14:40.455 15918 16002 D cellinfo: 46 bytes from 54.197.223.49: icmp_seq=2106 ttl=42 time=65.0 ms
08-12 16:14:40.647 15918 16002 D cellinfo: 46 bytes from 54.197.223.49: icmp_seq=2107 ttl=42 time=55.1 ms
08-12 16:14:40.848 15918 16002 D cellinfo: 46 bytes from 54.197.223.49: icmp_seq=2108 ttl=42 time=55.4 ms
08-12 16:14:41.047 15918 16002 D cellinfo: 46 bytes from 54.197.223.49: icmp_seq=2109 ttl=42 time=53.5 ms
08-12 16:14:41.247 15918 16002 D cellinfo: 46 bytes from 54.197.223.49: icmp_seq=2110 ttl=42 time=54.5 ms
08-12 16:14:41.454 15918 16002 D cellinfo: 46 bytes from 54.197.223.49: icmp_seq=2111 ttl=42 time=60.2 ms
08-12 16:14:41.655 15918 16002 D cellinfo: 46 bytes from 54.197.223.49: icmp_seq=2112 ttl=42 time=59.5 ms
08-12 16:14:41.847 15918 16002 D cellinfo: 46 bytes from 54.197.223.49: icmp_seq=2113 ttl=42 time=51.2 ms
08-12 16:14:42.057 15918 16002 D cellinfo: 46 bytes from 54.197.223.49: icmp_seq=2114 ttl=42 time=58.9 ms
08-12 16:14:42.242 15918 15918 D cellinfo: Latitude is 41.5920377
08-12 16:14:42.242 15918 15918 D cellinfo: Longitude is -93.8025828
08-12 16:14:42.243 15918 15918 D cellinfo: Instantaneous GPS information: United States, 6965 Vista Dr, West Des Moines, IA 50266, USA
08-12 16:14:42.243 15918 15918 D cellinfo: getCurrentLocation() result: Location (success): 41.5920377, -93.8025828
08-12 16:14:42.249 15918 15918 D cellinfo: onCellInfoChanged: Operator: Verizon Wireless UpdateTimestamp: 173717519 CellConnectionStatus: 1
08-12 16:14:42.249 15918 15918 D cellinfo: onCellInfoChanged: LTE Cell Bands: [13, 66, 2] Bandwidth: 10000 Cell ID: 48150019 Physical Cell ID: 125 Tracking Area Code: 48138 EARFCN: 5230
08-12 16:14:42.320 15918 16002 D cellinfo: 46 bytes from 54.197.223.49: icmp_seq=2115 ttl=42 time=121 ms
08-12 16:14:42.333 15918 15918 D cellinfo: onServiceStateChanged: Channel Number: 66986 Cell Bandwidths: [10000, 10000, 5000]
08-12 16:14:42.351 15918 15918 D cellinfo: onDisplayInfoChanged: NetworkType: LTE OverrideNetworkType: 5G (Sub-6 GHz)
08-12 16:14:42.454 15918 16002 D cellinfo: 46 bytes from 54.197.223.49: icmp_seq=2116 ttl=42 time=55.4 ms
08-12 16:14:42.663 15918 16002 D cellinfo: 46 bytes from 54.197.223.49: icmp_seq=2117 ttl=42 time=62.9 ms
08-12 16:14:42.857 15918 16002 D cellinfo: 46 bytes from 54.197.223.49: icmp_seq=2118 ttl=42 time=56.9 ms
08-12 16:14:43.062 15918 16002 D cellinfo: 46 bytes from 54.197.223.49: icmp_seq=2119 ttl=42 time=61.1 ms
08-12 16:14:43.254 15918 16002 D cellinfo: 46 bytes from 54.197.223.49: icmp_seq=2120 ttl=42 time=52.1 ms
08-12 16:14:43.455 15918 16002 D cellinfo: 46 bytes from 54.197.223.49: icmp_seq=2121 ttl=42 time=52.3 ms
08-12 16:14:43.665 15918 16002 D cellinfo: 46 bytes from 54.197.223.49: icmp_seq=2122 ttl=42 time=61.6 ms
08-12 16:14:43.854 15918 16002 D cellinfo: 46 bytes from 54.197.223.49: icmp_seq=2123 ttl=42 time=50.2 ms
08-12 16:14:44.064 15918 16002 D cellinfo: 46 bytes from 54.197.223.49: icmp_seq=2124 ttl=42 time=59.4 ms
08-12 16:14:44.265 15918 16002 D cellinfo: 46 bytes from 54.197.223.49: icmp_seq=2125 ttl=42 time=58.9 ms
08-12 16:14:44.473 15918 16002 D cellinfo: 46 bytes from 54.197.223.49: icmp_seq=2126 ttl=42 time=66.3 ms
08-12 16:14:44.669 15918 16002 D cellinfo: 46 bytes from 54.197.223.49: icmp_seq=2127 ttl=42 time=60.6 ms
08-12 16:14:44.874 15918 16002 D cellinfo: 46 bytes from 54.197.223.49: icmp_seq=2128 ttl=42 time=65.6 ms
08-12 16:14:45.065 15918 16002 D cellinfo: 46 bytes from 54.197.223.49: icmp_seq=2129 ttl=42 time=55.5 ms
08-12 16:14:45.110 15918 15918 D cellinfo: Latitude is 41.5920375
08-12 16:14:45.110 15918 15918 D cellinfo: Longitude is -93.8025496
08-12 16:14:45.110 15918 15918 D cellinfo: Instantaneous GPS information: United States, 6965 Vista Dr, West Des Moines, IA 50266, USA
08-12 16:14:45.110 15918 15918 D cellinfo: getCurrentLocation() result: Location (success): 41.5920375, -93.8025496
08-12 16:14:45.114 15918 15918 D cellinfo: onCellInfoChanged: Operator: Verizon Wireless UpdateTimestamp: 173720511 CellConnectionStatus: 1
08-12 16:14:45.114 15918 15918 D cellinfo: onCellInfoChanged: LTE Cell Bands: [66, 5, 2] Bandwidth: 10000 Cell ID: 48150052 Physical Cell ID: 125 Tracking Area Code: 48138 EARFCN: 66986
08-12 16:14:45.254 15918 16002 D cellinfo: 46 bytes from 54.197.223.49: icmp_seq=2130 ttl=42 time=44.7 ms
08-12 16:14:45.465 15918 16002 D cellinfo: 46 bytes from 54.197.223.49: icmp_seq=2131 ttl=42 time=55.3 ms
08-12 16:14:45.664 15918 16002 D cellinfo: 46 bytes from 54.197.223.49: icmp_seq=2132 ttl=42 time=54.0 ms
08-12 16:14:45.865 15918 16002 D cellinfo: 46 bytes from 54.197.223.49: icmp_seq=2133 ttl=42 time=53.5 ms
08-12 16:14:46.065 15918 16002 D cellinfo: 46 bytes from 54.197.223.49: icmp_seq=2134 ttl=42 time=52.3 ms
08-12 16:14:46.264 15918 16002 D cellinfo: 46 bytes from 54.197.223.49: icmp_seq=2135 ttl=42 time=51.3 ms
08-12 16:14:46.279 15918 15918 D cellinfo: onsignalStrengthsChanged: LTE Signal Strength info: rsrp: -80 rsrq: -10 rssi: -63 rssnr: 15
08-12 16:14:46.474 15918 16002 D cellinfo: 46 bytes from 54.197.223.49: icmp_seq=2136 ttl=42 time=59.2 ms
08-12 16:14:46.676 15918 16002 D cellinfo: 46 bytes from 54.197.223.49: icmp_seq=2137 ttl=42 time=59.9 ms
08-12 16:14:46.882 15918 16002 D cellinfo: 46 bytes from 54.197.223.49: icmp_seq=2138 ttl=42 time=65.6 ms
08-12 16:14:47.076 15918 16002 D cellinfo: 46 bytes from 54.197.223.49: icmp_seq=2139 ttl=42 time=58.1 ms
08-12 16:14:47.279 15918 16002 D cellinfo: 46 bytes from 54.197.223.49: icmp_seq=2140 ttl=42 time=60.9 ms
08-12 16:14:47.475 15918 16002 D cellinfo: 46 bytes from 54.197.223.49: icmp_seq=2141 ttl=42 time=55.3 ms
08-12 16:14:47.674 15918 16002 D cellinfo: 46 bytes from 54.197.223.49: icmp_seq=2142 ttl=42 time=54.5 ms
08-12 16:14:47.816 15918 15918 D cellinfo: onCellInfoChanged: Operator: Verizon Wireless UpdateTimestamp: 173723505 CellConnectionStatus: 1
08-12 16:14:47.816 15918 15918 D cellinfo: onCellInfoChanged: LTE Cell Bands: [66, 5, 2] Bandwidth: 10000 Cell ID: 48150052 Physical Cell ID: 125 Tracking Area Code: 48138 EARFCN: 66986
08-12 16:14:47.876 15918 16002 D cellinfo: 46 bytes from 54.197.223.49: icmp_seq=2143 ttl=42 time=55.1 ms
08-12 16:14:48.078 15918 16002 D cellinfo: 46 bytes from 54.197.223.49: icmp_seq=2144 ttl=42 time=56.5 ms
08-12 16:14:48.280 15918 16002 D cellinfo: 46 bytes from 54.197.223.49: icmp_seq=2145 ttl=42 time=58.0 ms
08-12 16:14:48.495 15918 16002 D cellinfo: 46 bytes from 54.197.223.49: icmp_seq=2146 ttl=42 time=71.1 ms
08-12 16:14:48.680 15918 15918 D cellinfo: Latitude is 41.5920089
08-12 16:14:48.680 15918 15918 D cellinfo: Longitude is -93.7995802
08-12 16:14:48.680 15918 15918 D cellinfo: Instantaneous GPS information: United States, 6699 Vista Dr, West Des Moines, IA 50266, USA
08-12 16:14:48.680 15918 15918 D cellinfo: getCurrentLocation() result: Location (success): 41.5920089, -93.7995802
08-12 16:14:48.683 15918 16002 D cellinfo: 46 bytes from 54.197.223.49: icmp_seq=2147 ttl=42 time=59.0 ms
08-12 16:14:48.888 15918 16002 D cellinfo: 46 bytes from 54.197.223.49: icmp_seq=2148 ttl=42 time=64.0 ms
08-12 16:14:49.085 15918 16002 D cellinfo: 46 bytes from 54.197.223.49: icmp_seq=2149 ttl=42 time=60.2 ms
08-12 16:14:49.284 15918 16002 D cellinfo: 46 bytes from 54.197.223.49: icmp_seq=2150 ttl=42 time=58.1 ms
08-12 16:14:49.485 15918 16002 D cellinfo: 46 bytes from 54.197.223.49: icmp_seq=2151 ttl=42 time=56.9 ms
08-12 16:14:49.686 15918 16002 D cellinfo: 46 bytes from 54.197.223.49: icmp_seq=2152 ttl=42 time=57.8 ms
08-12 16:14:49.889 15918 16002 D cellinfo: 46 bytes from 54.197.223.49: icmp_seq=2153 ttl=42 time=60.3 ms
08-12 16:14:50.098 15918 16002 D cellinfo: 46 bytes from 54.197.223.49: icmp_seq=2154 ttl=42 time=67.3 ms
08-12 16:14:50.296 15918 15918 D cellinfo: onServiceStateChanged: Channel Number: 66986 Cell Bandwidths: [10000, 20000]
08-12 16:14:50.310 15918 16002 D cellinfo: 46 bytes from 54.197.223.49: icmp_seq=2155 ttl=42 time=79.3 ms
08-12 16:14:50.354 15918 15918 D cellinfo: onServiceStateChanged: Channel Number: 66986 Cell Bandwidths: [10000, 20000]
08-12 16:14:50.405 15918 15918 D cellinfo: onsignalStrengthsChanged: LTE Signal Strength info: rsrp: -87 rsrq: -6 rssi: -67 rssnr: 15
08-12 16:14:50.489 15918 16002 D cellinfo: 46 bytes from 54.197.223.49: icmp_seq=2156 ttl=42 time=57.3 ms
08-12 16:14:50.689 15918 16002 D cellinfo: 46 bytes from 54.197.223.49: icmp_seq=2157 ttl=42 time=56.3 ms
08-12 16:14:50.893 15918 16002 D cellinfo: 46 bytes from 54.197.223.49: icmp_seq=2158 ttl=42 time=59.3 ms
08-12 16:14:51.094 15918 16002 D cellinfo: 46 bytes from 54.197.223.49: icmp_seq=2159 ttl=42 time=58.2 ms
08-12 16:14:51.156 15918 15918 D cellinfo: Latitude is 41.5920089
08-12 16:14:51.156 15918 15918 D cellinfo: Longitude is -93.7991968
08-12 16:14:51.156 15918 15918 D cellinfo: Instantaneous GPS information: United States, 6699 Vista Dr, West Des Moines, IA 50266, USA
08-12 16:14:51.156 15918 15918 D cellinfo: getCurrentLocation() result: Location (success): 41.5920089, -93.7991968
08-12 16:14:51.160 15918 15918 D cellinfo: onCellInfoChanged: Operator: Verizon Wireless UpdateTimestamp: 173726500 CellConnectionStatus: 1
08-12 16:14:51.161 15918 15918 D cellinfo: onCellInfoChanged: LTE Cell Bands: [66, 66] Bandwidth: 10000 Cell ID: 48337946 Physical Cell ID: 255 Tracking Area Code: 48138 EARFCN: 66986
08-12 16:14:51.297 15918 16002 D cellinfo: 46 bytes from 54.197.223.49: icmp_seq=2160 ttl=42 time=61.2 ms
08-12 16:14:51.498 15918 16002 D cellinfo: 46 bytes from 54.197.223.49: icmp_seq=2161 ttl=42 time=59.1 ms
08-12 16:14:51.690 15918 16002 D cellinfo: 46 bytes from 54.197.223.49: icmp_seq=2162 ttl=42 time=51.5 ms
08-12 16:14:51.889 15918 16002 D cellinfo: 46 bytes from 54.197.223.49: icmp_seq=2163 ttl=42 time=50.4 ms
08-12 16:14:52.101 15918 16002 D cellinfo: 46 bytes from 54.197.223.49: icmp_seq=2164 ttl=42 time=62.1 ms
08-12 16:14:52.300 15918 16002 D cellinfo: 46 bytes from 54.197.223.49: icmp_seq=2165 ttl=42 time=60.4 ms
08-12 16:14:52.502 15918 16002 D cellinfo: 46 bytes from 54.197.223.49: icmp_seq=2166 ttl=42 time=60.5 ms
08-12 16:14:52.708 15918 16002 D cellinfo: 46 bytes from 54.197.223.49: icmp_seq=2167 ttl=42 time=66.9 ms
08-12 16:14:52.928 15918 16002 D cellinfo: 46 bytes from 54.197.223.49: icmp_seq=2168 ttl=42 time=85.4 ms
08-12 16:14:53.110 15918 16002 D cellinfo: 46 bytes from 54.197.223.49: icmp_seq=2169 ttl=42 time=67.5 ms
08-12 16:14:53.316 15918 16002 D cellinfo: 46 bytes from 54.197.223.49: icmp_seq=2170 ttl=42 time=73.5 ms
08-12 16:14:53.439 15918 15918 D cellinfo: onsignalStrengthsChanged: LTE Signal Strength info: rsrp: -96 rsrq: -12 rssi: -77 rssnr: 2
08-12 16:14:53.515 15918 16002 D cellinfo: 46 bytes from 54.197.223.49: icmp_seq=2171 ttl=42 time=72.2 ms
08-12 16:14:53.732 15918 16002 D cellinfo: 46 bytes from 54.197.223.49: icmp_seq=2172 ttl=42 time=87.6 ms
08-12 16:14:53.755 15918 15918 D cellinfo: onServiceStateChanged: Channel Number: 66986 Cell Bandwidths: [10000, 10000, 5000]
08-12 16:14:53.901 15918 16002 D cellinfo: 46 bytes from 54.197.223.49: icmp_seq=2173 ttl=42 time=55.8 ms
08-12 16:14:54.102 15918 16002 D cellinfo: 46 bytes from 54.197.223.49: icmp_seq=2174 ttl=42 time=55.5 ms
08-12 16:14:54.165 15918 15918 D cellinfo: Latitude is 41.5920089
08-12 16:14:54.165 15918 15918 D cellinfo: Longitude is -93.7987423
08-12 16:14:54.165 15918 15918 D cellinfo: Instantaneous GPS information: United States, 6600 Westown Pkwy #100, West Des Moines, IA 50266, USA
08-12 16:14:54.165 15918 15918 D cellinfo: getCurrentLocation() result: Location (success): 41.5920089, -93.7987423
08-12 16:14:54.169 15918 15918 D cellinfo: onCellInfoChanged: Operator: Verizon Wireless UpdateTimestamp: 173729505 CellConnectionStatus: 1
08-12 16:14:54.169 15918 15918 D cellinfo: onCellInfoChanged: LTE Cell Bands: [66, 5, 2] Bandwidth: 10000 Cell ID: 48150052 Physical Cell ID: 125 Tracking Area Code: 48138 EARFCN: 66986
08-12 16:14:54.301 15918 16002 D cellinfo: 46 bytes from 54.197.223.49: icmp_seq=2175 ttl=42 time=54.4 ms
08-12 16:14:54.501 15918 16002 D cellinfo: 46 bytes from 54.197.223.49: icmp_seq=2176 ttl=42 time=54.0 ms
08-12 16:14:54.703 15918 16002 D cellinfo: 46 bytes from 54.197.223.49: icmp_seq=2177 ttl=42 time=55.2 ms
08-12 16:14:54.918 15918 16002 D cellinfo: 46 bytes from 54.197.223.49: icmp_seq=2178 ttl=42 time=69.1 ms
08-12 16:14:55.103 15918 16002 D cellinfo: 46 bytes from 54.197.223.49: icmp_seq=2179 ttl=42 time=52.1 ms
08-12 16:14:55.311 15918 16002 D cellinfo: 46 bytes from 54.197.223.49: icmp_seq=2180 ttl=42 time=59.5 ms
08-12 16:14:55.513 15918 16002 D cellinfo: 46 bytes from 54.197.223.49: icmp_seq=2181 ttl=42 time=61.1 ms
08-12 16:14:55.712 15918 16002 D cellinfo: 46 bytes from 54.197.223.49: icmp_seq=2182 ttl=42 time=56.2 ms
08-12 16:14:55.911 15918 16002 D cellinfo: 46 bytes from 54.197.223.49: icmp_seq=2183 ttl=42 time=55.9 ms
08-12 16:14:56.111 15918 16002 D cellinfo: 46 bytes from 54.197.223.49: icmp_seq=2184 ttl=42 time=55.3 ms
08-12 16:14:56.323 15918 16002 D cellinfo: 46 bytes from 54.197.223.49: icmp_seq=2185 ttl=42 time=66.0 ms
08-12 16:14:56.513 15918 16002 D cellinfo: 46 bytes from 54.197.223.49: icmp_seq=2186 ttl=42 time=54.2 ms
08-12 16:14:56.713 15918 16002 D cellinfo: 46 bytes from 54.197.223.49: icmp_seq=2187 ttl=42 time=53.5 ms
