08-12 10:54:03.072 16414 16466 D cellinfo: 46 bytes from 54.197.223.49: icmp_seq=1553 ttl=42 time=63.6 ms
08-12 10:54:03.250 16414 16466 D cellinfo: 46 bytes from 54.197.223.49: icmp_seq=1554 ttl=42 time=41.3 ms
08-12 10:54:03.463 16414 16466 D cellinfo: 46 bytes from 54.197.223.49: icmp_seq=1555 ttl=42 time=53.1 ms
08-12 10:54:03.657 16414 16466 D cellinfo: 46 bytes from 54.197.223.49: icmp_seq=1556 ttl=42 time=46.2 ms
08-12 10:54:03.868 16414 16466 D cellinfo: 46 bytes from 54.197.223.49: icmp_seq=1557 ttl=42 time=56.6 ms
08-12 10:54:04.070 16414 16466 D cellinfo: 46 bytes from 54.197.223.49: icmp_seq=1558 ttl=42 time=58.1 ms
08-12 10:54:04.383 16414 16466 D cellinfo: 46 bytes from 54.197.223.49: icmp_seq=1559 ttl=42 time=169 ms
08-12 10:54:04.474 16414 16466 D cellinfo: 46 bytes from 54.197.223.49: icmp_seq=1560 ttl=42 time=61.3 ms
08-12 10:54:04.805 16414 16466 D cellinfo: 46 bytes from 54.197.223.49: icmp_seq=1561 ttl=42 time=191 ms
08-12 10:54:05.195 16414 16466 D cellinfo: 46 bytes from 54.197.223.49: icmp_seq=1562 ttl=42 time=381 ms
08-12 10:54:05.460 16414 16466 D cellinfo: 46 bytes from 54.197.223.49: icmp_seq=1563 ttl=42 time=444 ms
08-12 10:54:05.607 16414 16466 D cellinfo: 46 bytes from 54.197.223.49: icmp_seq=1564 ttl=42 time=390 ms
08-12 10:54:05.782 16414 16466 D cellinfo: 46 bytes from 54.197.223.49: icmp_seq=1565 ttl=42 time=362 ms
08-12 10:54:05.838 16414 16466 D cellinfo: 46 bytes from 54.197.223.49: icmp_seq=1566 ttl=42 time=217 ms
08-12 10:54:06.282 16414 16466 D cellinfo: 46 bytes from 54.197.223.49: icmp_seq=1567 ttl=42 time=460 ms
08-12 10:54:06.391 16414 16414 D cellinfo: onsignalStrengthsChanged: LTE Signal Strength info: rsrp: -88 rsrq: -11 rssi: -69 rssnr: 20
08-12 10:54:06.391 16414 16414 D cellinfo: onsignalStrengthsChanged: 5G-NR Signal Strength info: ssrsrp: -86 ssrsrq: -10 sssinr: 19
08-12 10:54:06.402 16414 16466 D cellinfo: 46 bytes from 54.197.223.49: icmp_seq=1568 ttl=42 time=380 ms
08-12 10:54:06.604 16414 16466 D cellinfo: 46 bytes from 54.197.223.49: icmp_seq=1569 ttl=42 time=379 ms
08-12 10:54:06.825 16414 16466 D cellinfo: 46 bytes from 54.197.223.49: icmp_seq=1570 ttl=42 time=400 ms
08-12 10:54:07.040 16414 16466 D cellinfo: 46 bytes from 54.197.223.49: icmp_seq=1571 ttl=42 time=416 ms
08-12 10:54:07.202 16414 16466 D cellinfo: 46 bytes from 54.197.223.49: icmp_seq=1572 ttl=42 time=377 ms
08-12 10:54:07.327 16414 16466 D cellinfo: 46 bytes from 54.197.223.49: icmp_seq=1573 ttl=42 time=299 ms
08-12 10:54:07.509 16414 16466 D cellinfo: 46 bytes from 54.197.223.49: icmp_seq=1574 ttl=42 time=281 ms
08-12 10:54:07.704 16414 16466 D cellinfo: 46 bytes from 54.197.223.49: icmp_seq=1575 ttl=42 time=275 ms
08-12 10:54:07.904 16414 16466 D cellinfo: 46 bytes from 54.197.223.49: icmp_seq=1576 ttl=42 time=275 ms
08-12 10:54:08.132 16414 16466 D cellinfo: 46 bytes from 54.197.223.49: icmp_seq=1577 ttl=42 time=302 ms
08-12 10:54:08.330 16414 16466 D cellinfo: 46 bytes from 54.197.223.49: icmp_seq=1578 ttl=42 time=299 ms
08-12 10:54:08.626 16414 16466 D cellinfo: 46 bytes from 54.197.223.49: icmp_seq=1579 ttl=42 time=394 ms
08-12 10:54:09.005 16414 16466 D cellinfo: 46 bytes from 54.197.223.49: icmp_seq=1580 ttl=42 time=573 ms
08-12 10:54:09.202 16414 16466 D cellinfo: 46 bytes from 54.197.223.49: icmp_seq=1581 ttl=42 time=565 ms
08-12 10:54:09.389 16414 16466 D cellinfo: 46 bytes from 54.197.223.49: icmp_seq=1582 ttl=42 time=550 ms
08-12 10:54:09.595 16414 16466 D cellinfo: 46 bytes from 54.197.223.49: icmp_seq=1583 ttl=42 time=554 ms
08-12 10:54:09.782 16414 16466 D cellinfo: 46 bytes from 54.197.223.49: icmp_seq=1584 ttl=42 time=541 ms
08-12 10:54:10.020 16414 16466 D cellinfo: 46 bytes from 54.197.223.49: icmp_seq=1585 ttl=42 time=578 ms
08-12 10:54:10.194 16414 16466 D cellinfo: 46 bytes from 54.197.223.49: icmp_seq=1586 ttl=42 time=552 ms
08-12 10:54:10.624 16414 16466 D cellinfo: 46 bytes from 54.197.223.49: icmp_seq=1587 ttl=42 time=780 ms
08-12 10:54:10.629 16414 16466 D cellinfo: 46 bytes from 54.197.223.49: icmp_seq=1588 ttl=42 time=586 ms
08-12 10:54:10.783 16414 16466 D cellinfo: 46 bytes from 54.197.223.49: icmp_seq=1589 ttl=42 time=540 ms
08-12 10:54:10.786 16414 16466 D cellinfo: 46 bytes from 54.197.223.49: icmp_seq=1590 ttl=42 time=341 ms
08-12 10:54:10.786 16414 16466 D cellinfo: 46 bytes from 54.197.223.49: icmp_seq=1591 ttl=42 time=141 ms
08-12 10:54:10.891 16414 16466 D cellinfo: 46 bytes from 54.197.223.49: icmp_seq=1592 ttl=42 time=46.3 ms
08-12 10:54:11.093 16414 16466 D cellinfo: 46 bytes from 54.197.223.49: icmp_seq=1593 ttl=42 time=47.3 ms
08-12 10:54:11.301 16414 16466 D cellinfo: 46 bytes from 54.197.223.49: icmp_seq=1594 ttl=42 time=54.3 ms
08-12 10:54:11.498 16414 16466 D cellinfo: 46 bytes from 54.197.223.49: icmp_seq=1595 ttl=42 time=49.0 ms
08-12 10:54:11.698 16414 16466 D cellinfo: 46 bytes from 54.197.223.49: icmp_seq=1596 ttl=42 time=47.9 ms
08-12 10:54:11.906 16414 16466 D cellinfo: 46 bytes from 54.197.223.49: icmp_seq=1597 ttl=42 time=54.7 ms
08-12 10:54:11.950 16414 16414 D cellinfo: onCellInfoChanged: Operator: Verizon Wireless UpdateTimestamp: 154487637 CellConnectionStatus: 1
08-12 10:54:11.950 16414 16414 D cellinfo: onCellInfoChanged: 5G-NR Cell Bands: [] ARFCN: 175000 Cell ID: 9223372036854775807 Physical Cell ID: 130 Tracking Area Code: 16777215
08-12 10:54:12.098 16414 16466 D cellinfo: 46 bytes from 54.197.223.49: icmp_seq=1598 ttl=42 time=46.1 ms
08-12 10:54:12.310 16414 16466 D cellinfo: 46 bytes from 54.197.223.49: icmp_seq=1599 ttl=42 time=57.9 ms
08-12 10:54:12.693 16414 16466 D cellinfo: 46 bytes from 54.197.223.49: icmp_seq=1600 ttl=42 time=240 ms
08-12 10:54:12.719 16414 16466 D cellinfo: 46 bytes from 54.197.223.49: icmp_seq=1601 ttl=42 time=63.7 ms
08-12 10:54:12.914 16414 16466 D cellinfo: 46 bytes from 54.197.223.49: icmp_seq=1602 ttl=42 time=58.4 ms
08-12 10:54:13.107 16414 16466 D cellinfo: 46 bytes from 54.197.223.49: icmp_seq=1603 ttl=42 time=50.2 ms
08-12 10:54:13.306 16414 16466 D cellinfo: 46 bytes from 54.197.223.49: icmp_seq=1604 ttl=42 time=47.5 ms
08-12 10:54:13.516 16414 16466 D cellinfo: 46 bytes from 54.197.223.49: icmp_seq=1605 ttl=42 time=56.4 ms
08-12 10:54:13.715 16414 16466 D cellinfo: 46 bytes from 54.197.223.49: icmp_seq=1606 ttl=42 time=54.4 ms
08-12 10:54:13.924 16414 16466 D cellinfo: 46 bytes from 54.197.223.49: icmp_seq=1607 ttl=42 time=62.5 ms
08-12 10:54:14.110 16414 16466 D cellinfo: 46 bytes from 54.197.223.49: icmp_seq=1608 ttl=42 time=46.4 ms
08-12 10:54:14.330 16414 16466 D cellinfo: 46 bytes from 54.197.223.49: icmp_seq=1609 ttl=42 time=65.6 ms
08-12 10:54:14.529 16414 16466 D cellinfo: 46 bytes from 54.197.223.49: icmp_seq=1610 ttl=42 time=65.2 ms
08-12 10:54:14.729 16414 16466 D cellinfo: 46 bytes from 54.197.223.49: icmp_seq=1611 ttl=42 time=62.5 ms
08-12 10:54:14.914 16414 16466 D cellinfo: 46 bytes from 54.197.223.49: icmp_seq=1612 ttl=42 time=47.0 ms
08-12 10:54:15.137 16414 16466 D cellinfo: 46 bytes from 54.197.223.49: icmp_seq=1613 ttl=42 time=69.4 ms
08-12 10:54:15.332 16414 16466 D cellinfo: 46 bytes from 54.197.223.49: icmp_seq=1614 ttl=42 time=64.1 ms
08-12 10:54:15.516 16414 16466 D cellinfo: 46 bytes from 54.197.223.49: icmp_seq=1615 ttl=42 time=47.7 ms
08-12 10:54:15.717 16414 16466 D cellinfo: 46 bytes from 54.197.223.49: icmp_seq=1616 ttl=42 time=47.3 ms
08-12 10:54:15.941 16414 16466 D cellinfo: 46 bytes from 54.197.223.49: icmp_seq=1617 ttl=42 time=70.5 ms
08-12 10:54:16.138 16414 16466 D cellinfo: 46 bytes from 54.197.223.49: icmp_seq=1618 ttl=42 time=67.4 ms
08-12 10:54:16.338 16414 16466 D cellinfo: 46 bytes from 54.197.223.49: icmp_seq=1619 ttl=42 time=67.5 ms
08-12 10:54:16.518 16414 16466 D cellinfo: 46 bytes from 54.197.223.49: icmp_seq=1620 ttl=42 time=47.0 ms
08-12 10:54:16.739 16414 16466 D cellinfo: 46 bytes from 54.197.223.49: icmp_seq=1621 ttl=42 time=67.4 ms
08-12 10:54:16.947 16414 16466 D cellinfo: 46 bytes from 54.197.223.49: icmp_seq=1622 ttl=42 time=74.4 ms
08-12 10:54:16.962 16414 16414 D cellinfo: onCellInfoChanged: Operator: Verizon Wireless UpdateTimestamp: 154492647 CellConnectionStatus: 1
08-12 10:54:16.962 16414 16414 D cellinfo: onCellInfoChanged: 5G-NR Cell Bands: [] ARFCN: 175000 Cell ID: 9223372036854775807 Physical Cell ID: 130 Tracking Area Code: 16777215
08-12 10:54:17.122 16414 16466 D cellinfo: 46 bytes from 54.197.223.49: icmp_seq=1623 ttl=42 time=49.5 ms
08-12 10:54:17.321 16414 16466 D cellinfo: 46 bytes from 54.197.223.49: icmp_seq=1624 ttl=42 time=47.8 ms
08-12 10:54:17.544 16414 16466 D cellinfo: 46 bytes from 54.197.223.49: icmp_seq=1625 ttl=42 time=70.1 ms
08-12 10:54:17.737 16414 16466 D cellinfo: 46 bytes from 54.197.223.49: icmp_seq=1626 ttl=42 time=61.4 ms
08-12 10:54:17.936 16414 16466 D cellinfo: 46 bytes from 54.197.223.49: icmp_seq=1627 ttl=42 time=60.8 ms
08-12 10:54:18.125 16414 16466 D cellinfo: 46 bytes from 54.197.223.49: icmp_seq=1628 ttl=42 time=49.4 ms
08-12 10:54:18.337 16414 16466 D cellinfo: 46 bytes from 54.197.223.49: icmp_seq=1629 ttl=42 time=59.9 ms
08-12 10:54:18.540 16414 16466 D cellinfo: 46 bytes from 54.197.223.49: icmp_seq=1630 ttl=42 time=62.1 ms
08-12 10:54:18.736 16414 16466 D cellinfo: 46 bytes from 54.197.223.49: icmp_seq=1631 ttl=42 time=57.2 ms
08-12 10:54:18.929 16414 16466 D cellinfo: 46 bytes from 54.197.223.49: icmp_seq=1632 ttl=42 time=47.5 ms
08-12 10:54:19.097 16414 16414 D cellinfo: Latitude is 41.2495043
08-12 10:54:19.097 16414 16414 D cellinfo: Longitude is -95.8228337
08-12 10:54:19.097 16414 16414 D cellinfo: Instantaneous GPS information: United States, 222 Bennett Ave, Council Bluffs, IA 51503, USA
08-12 10:54:19.097 16414 16414 D cellinfo: getCurrentLocation() result: Location (success): 41.2495043, -95.8228337
08-12 10:54:19.116 16414 16414 D cellinfo: Latitude is 41.2495043
08-12 10:54:19.116 16414 16414 D cellinfo: Longitude is -95.8228337
08-12 10:54:19.116 16414 16414 D cellinfo: Instantaneous GPS information: United States, 222 Bennett Ave, Council Bluffs, IA 51503, USA
08-12 10:54:19.116 16414 16414 D cellinfo: getCurrentLocation() result: Location (success): 41.2495043, -95.8228337
08-12 10:54:19.123 16414 16414 D cellinfo: Latitude is 41.2495043
08-12 10:54:19.123 16414 16414 D cellinfo: Longitude is -95.8228337
08-12 10:54:19.123 16414 16414 D cellinfo: Instantaneous GPS information: United States, 222 Bennett Ave, Council Bluffs, IA 51503, USA
08-12 10:54:19.123 16414 16414 D cellinfo: getCurrentLocation() result: Location (success): 41.2495043, -95.8228337
08-12 10:54:19.126 16414 16414 D cellinfo: Latitude is 41.2495043
08-12 10:54:19.126 16414 16414 D cellinfo: Longitude is -95.8228337
08-12 10:54:19.126 16414 16414 D cellinfo: Instantaneous GPS information: United States, 222 Bennett Ave, Council Bluffs, IA 51503, USA
08-12 10:54:19.126 16414 16414 D cellinfo: getCurrentLocation() result: Location (success): 41.2495043, -95.8228337
08-12 10:54:19.127 16414 16414 D cellinfo: Latitude is 41.2495043
08-12 10:54:19.127 16414 16414 D cellinfo: Longitude is -95.8228337
08-12 10:54:19.127 16414 16414 D cellinfo: Instantaneous GPS information: United States, 222 Bennett Ave, Council Bluffs, IA 51503, USA
08-12 10:54:19.127 16414 16414 D cellinfo: getCurrentLocation() result: Location (success): 41.2495043, -95.8228337
08-12 10:54:19.139 16414 16466 D cellinfo: 46 bytes from 54.197.223.49: icmp_seq=1633 ttl=42 time=57.3 ms
08-12 10:54:19.332 16414 16466 D cellinfo: 46 bytes from 54.197.223.49: icmp_seq=1634 ttl=42 time=49.8 ms
08-12 10:54:19.537 16414 16466 D cellinfo: 46 bytes from 54.197.223.49: icmp_seq=1635 ttl=42 time=53.3 ms
08-12 10:54:19.750 16414 16466 D cellinfo: 46 bytes from 54.197.223.49: icmp_seq=1636 ttl=42 time=65.5 ms
08-12 10:54:19.876 16414 16414 D cellinfo: Latitude is 41.2495043
08-12 10:54:19.876 16414 16414 D cellinfo: Longitude is -95.8228337
08-12 10:54:19.876 16414 16414 D cellinfo: Instantaneous GPS information: United States, 222 Bennett Ave, Council Bluffs, IA 51503, USA
08-12 10:54:19.876 16414 16414 D cellinfo: getCurrentLocation() result: Location (success): 41.2495043, -95.8228337
08-12 10:54:19.921 16414 16414 D cellinfo: onCellInfoChanged: Operator: Verizon Wireless UpdateTimestamp: 154495610 CellConnectionStatus: 1
08-12 10:54:19.921 16414 16414 D cellinfo: onCellInfoChanged: 5G-NR Cell Bands: [] ARFCN: 175000 Cell ID: 9223372036854775807 Physical Cell ID: 130 Tracking Area Code: 16777215
08-12 10:54:19.939 16414 16466 D cellinfo: 46 bytes from 54.197.223.49: icmp_seq=1637 ttl=42 time=54.6 ms
08-12 10:54:20.135 16414 16466 D cellinfo: 46 bytes from 54.197.223.49: icmp_seq=1638 ttl=42 time=49.1 ms
08-12 10:54:20.340 16414 16466 D cellinfo: 46 bytes from 54.197.223.49: icmp_seq=1639 ttl=42 time=53.5 ms
08-12 10:54:20.554 16414 16466 D cellinfo: 46 bytes from 54.197.223.49: icmp_seq=1640 ttl=42 time=66.2 ms
08-12 10:54:20.750 16414 16466 D cellinfo: 46 bytes from 54.197.223.49: icmp_seq=1641 ttl=42 time=61.4 ms
08-12 10:54:20.951 16414 16466 D cellinfo: 46 bytes from 54.197.223.49: icmp_seq=1642 ttl=42 time=61.6 ms
08-12 10:54:21.137 16414 16466 D cellinfo: 46 bytes from 54.197.223.49: icmp_seq=1643 ttl=42 time=45.9 ms
08-12 10:54:21.364 16414 16466 D cellinfo: 46 bytes from 54.197.223.49: icmp_seq=1644 ttl=42 time=73.2 ms
08-12 10:54:21.536 16414 16466 D cellinfo: 46 bytes from 54.197.223.49: icmp_seq=1645 ttl=42 time=43.6 ms
08-12 10:54:21.758 16414 16466 D cellinfo: 46 bytes from 54.197.223.49: icmp_seq=1646 ttl=42 time=65.7 ms
08-12 10:54:21.940 16414 16466 D cellinfo: 46 bytes from 54.197.223.49: icmp_seq=1647 ttl=42 time=46.8 ms
08-12 10:54:22.159 16414 16466 D cellinfo: 46 bytes from 54.197.223.49: icmp_seq=1648 ttl=42 time=64.9 ms
08-12 10:54:22.363 16414 16466 D cellinfo: 46 bytes from 54.197.223.49: icmp_seq=1649 ttl=42 time=68.2 ms
08-12 10:54:22.557 16414 16466 D cellinfo: 46 bytes from 54.197.223.49: icmp_seq=1650 ttl=42 time=60.4 ms
08-12 10:54:22.740 16414 16466 D cellinfo: 46 bytes from 54.197.223.49: icmp_seq=1651 ttl=42 time=42.2 ms
08-12 10:54:22.877 16414 16414 D cellinfo: Latitude is 41.2495043
08-12 10:54:22.877 16414 16414 D cellinfo: Longitude is -95.8228337
08-12 10:54:22.877 16414 16414 D cellinfo: Instantaneous GPS information: United States, 222 Bennett Ave, Council Bluffs, IA 51503, USA
08-12 10:54:22.877 16414 16414 D cellinfo: getCurrentLocation() result: Location (success): 41.2495043, -95.8228337
08-12 10:54:22.932 16414 16414 D cellinfo: onCellInfoChanged: Operator: Verizon Wireless UpdateTimestamp: 154498620 CellConnectionStatus: 1
08-12 10:54:22.932 16414 16414 D cellinfo: onCellInfoChanged: 5G-NR Cell Bands: [] ARFCN: 175000 Cell ID: 9223372036854775807 Physical Cell ID: 130 Tracking Area Code: 16777215
08-12 10:54:22.956 16414 16466 D cellinfo: 46 bytes from 54.197.223.49: icmp_seq=1652 ttl=42 time=57.2 ms
08-12 10:54:23.144 16414 16466 D cellinfo: 46 bytes from 54.197.223.49: icmp_seq=1653 ttl=42 time=44.7 ms
08-12 10:54:23.361 16414 16466 D cellinfo: 46 bytes from 54.197.223.49: icmp_seq=1654 ttl=42 time=60.4 ms
08-12 10:54:23.548 16414 16466 D cellinfo: 46 bytes from 54.197.223.49: icmp_seq=1655 ttl=42 time=46.7 ms
08-12 10:54:23.764 16414 16466 D cellinfo: 46 bytes from 54.197.223.49: icmp_seq=1656 ttl=42 time=62.2 ms
08-12 10:54:23.988 16414 16466 D cellinfo: 46 bytes from 54.197.223.49: icmp_seq=1657 ttl=42 time=85.5 ms
08-12 10:54:24.164 16414 16466 D cellinfo: 46 bytes from 54.197.223.49: icmp_seq=1658 ttl=42 time=61.5 ms
08-12 10:54:24.350 16414 16466 D cellinfo: 46 bytes from 54.197.223.49: icmp_seq=1659 ttl=42 time=45.9 ms
08-12 10:54:24.570 16414 16466 D cellinfo: 46 bytes from 54.197.223.49: icmp_seq=1660 ttl=42 time=63.9 ms
08-12 10:54:24.769 16414 16466 D cellinfo: 46 bytes from 54.197.223.49: icmp_seq=1661 ttl=42 time=62.6 ms
08-12 10:54:24.970 16414 16466 D cellinfo: 46 bytes from 54.197.223.49: icmp_seq=1662 ttl=42 time=63.0 ms
08-12 10:54:25.165 16414 16466 D cellinfo: 46 bytes from 54.197.223.49: icmp_seq=1663 ttl=42 time=56.8 ms
08-12 10:54:25.369 16414 16466 D cellinfo: 46 bytes from 54.197.223.49: icmp_seq=1664 ttl=42 time=60.9 ms
08-12 10:54:25.572 16414 16466 D cellinfo: 46 bytes from 54.197.223.49: icmp_seq=1665 ttl=42 time=63.2 ms
08-12 10:54:25.771 16414 16466 D cellinfo: 46 bytes from 54.197.223.49: icmp_seq=1666 ttl=42 time=61.0 ms
08-12 10:54:25.880 16414 16414 D cellinfo: Latitude is 41.2495043
08-12 10:54:25.880 16414 16414 D cellinfo: Longitude is -95.8228337
08-12 10:54:25.880 16414 16414 D cellinfo: Instantaneous GPS information: United States, 222 Bennett Ave, Council Bluffs, IA 51503, USA
08-12 10:54:25.880 16414 16414 D cellinfo: getCurrentLocation() result: Location (success): 41.2495043, -95.8228337
08-12 10:54:25.927 16414 16414 D cellinfo: onCellInfoChanged: Operator: Verizon Wireless UpdateTimestamp: 154501615 CellConnectionStatus: 1
08-12 10:54:25.927 16414 16414 D cellinfo: onCellInfoChanged: 5G-NR Cell Bands: [] ARFCN: 175000 Cell ID: 9223372036854775807 Physical Cell ID: 130 Tracking Area Code: 16777215
08-12 10:54:25.951 16414 16466 D cellinfo: 46 bytes from 54.197.223.49: icmp_seq=1667 ttl=42 time=40.2 ms
08-12 10:54:26.164 16414 16466 D cellinfo: 46 bytes from 54.197.223.49: icmp_seq=1668 ttl=42 time=52.4 ms
08-12 10:54:26.373 16414 16466 D cellinfo: 46 bytes from 54.197.223.49: icmp_seq=1669 ttl=42 time=60.2 ms
08-12 10:54:26.476 16414 16414 D cellinfo: onsignalStrengthsChanged: LTE Signal Strength info: rsrp: -84 rsrq: -11 rssi: -65 rssnr: 19
08-12 10:54:26.476 16414 16414 D cellinfo: onsignalStrengthsChanged: 5G-NR Signal Strength info: ssrsrp: -82 ssrsrq: -10 sssinr: 18
08-12 10:54:26.568 16414 16466 D cellinfo: 46 bytes from 54.197.223.49: icmp_seq=1670 ttl=42 time=55.5 ms
08-12 10:54:26.760 16414 16466 D cellinfo: 46 bytes from 54.197.223.49: icmp_seq=1671 ttl=42 time=47.1 ms
08-12 10:54:26.976 16414 16466 D cellinfo: 46 bytes from 54.197.223.49: icmp_seq=1672 ttl=42 time=62.2 ms
08-12 10:54:27.161 16414 16466 D cellinfo: 46 bytes from 54.197.223.49: icmp_seq=1673 ttl=42 time=45.7 ms
08-12 10:54:27.377 16414 16466 D cellinfo: 46 bytes from 54.197.223.49: icmp_seq=1674 ttl=42 time=60.8 ms
08-12 10:54:27.565 16414 16466 D cellinfo: 46 bytes from 54.197.223.49: icmp_seq=1675 ttl=42 time=48.1 ms
08-12 10:54:27.784 16414 16466 D cellinfo: 46 bytes from 54.197.223.49: icmp_seq=1676 ttl=42 time=66.3 ms
08-12 10:54:27.981 16414 16466 D cellinfo: 46 bytes from 54.197.223.49: icmp_seq=1677 ttl=42 time=62.5 ms
08-12 10:54:28.177 16414 16466 D cellinfo: 46 bytes from 54.197.223.49: icmp_seq=1678 ttl=42 time=58.9 ms
08-12 10:54:28.390 16414 16466 D cellinfo: 46 bytes from 54.197.223.49: icmp_seq=1679 ttl=42 time=70.7 ms
08-12 10:54:28.581 16414 16466 D cellinfo: 46 bytes from 54.197.223.49: icmp_seq=1680 ttl=42 time=60.8 ms
08-12 10:54:28.782 16414 16466 D cellinfo: 46 bytes from 54.197.223.49: icmp_seq=1681 ttl=42 time=60.3 ms
08-12 10:54:28.921 16414 16414 D cellinfo: onCellInfoChanged: Operator: Verizon Wireless UpdateTimestamp: 154504609 CellConnectionStatus: 1
08-12 10:54:28.921 16414 16414 D cellinfo: onCellInfoChanged: 5G-NR Cell Bands: [] ARFCN: 175000 Cell ID: 9223372036854775807 Physical Cell ID: 130 Tracking Area Code: 16777215
08-12 10:54:28.966 16414 16466 D cellinfo: 46 bytes from 54.197.223.49: icmp_seq=1682 ttl=42 time=44.1 ms
08-12 10:54:29.168 16414 16466 D cellinfo: 46 bytes from 54.197.223.49: icmp_seq=1683 ttl=42 time=44.4 ms
08-12 10:54:29.308 16414 16414 D cellinfo: Latitude is 41.2498302
08-12 10:54:29.308 16414 16414 D cellinfo: Longitude is -95.8225112
08-12 10:54:29.308 16414 16414 D cellinfo: Instantaneous GPS information: United States, Mall of the Bluffs, Council Bluffs, IA 51503, USA
08-12 10:54:29.308 16414 16414 D cellinfo: getCurrentLocation() result: Location (success): 41.2498302, -95.8225112
08-12 10:54:29.370 16414 16466 D cellinfo: 46 bytes from 54.197.223.49: icmp_seq=1684 ttl=42 time=45.9 ms
08-12 10:54:29.585 16414 16466 D cellinfo: 46 bytes from 54.197.223.49: icmp_seq=1685 ttl=42 time=59.9 ms
08-12 10:54:29.776 16414 16466 D cellinfo: 46 bytes from 54.197.223.49: icmp_seq=1686 ttl=42 time=51.0 ms
08-12 10:54:29.988 16414 16466 D cellinfo: 46 bytes from 54.197.223.49: icmp_seq=1687 ttl=42 time=62.1 ms
08-12 10:54:30.189 16414 16466 D cellinfo: 46 bytes from 54.197.223.49: icmp_seq=1688 ttl=42 time=61.4 ms
08-12 10:54:30.318 16414 16414 D cellinfo: onsignalStrengthsChanged: LTE Signal Strength info: rsrp: -92 rsrq: -12 rssi: -73 rssnr: 17
08-12 10:54:30.318 16414 16414 D cellinfo: onsignalStrengthsChanged: 5G-NR Signal Strength info: ssrsrp: -90 ssrsrq: -11 sssinr: 13
08-12 10:54:30.385 16414 16466 D cellinfo: 46 bytes from 54.197.223.49: icmp_seq=1689 ttl=42 time=57.5 ms
08-12 10:54:30.591 16414 16466 D cellinfo: 46 bytes from 54.197.223.49: icmp_seq=1690 ttl=42 time=62.6 ms
08-12 10:54:30.772 16414 16466 D cellinfo: 46 bytes from 54.197.223.49: icmp_seq=1691 ttl=42 time=43.7 ms
08-12 10:54:30.994 16414 16466 D cellinfo: 46 bytes from 54.197.223.49: icmp_seq=1692 ttl=42 time=64.4 ms
08-12 10:54:31.188 16414 16466 D cellinfo: 46 bytes from 54.197.223.49: icmp_seq=1693 ttl=42 time=57.7 ms
08-12 10:54:31.383 16414 16466 D cellinfo: 46 bytes from 54.197.223.49: icmp_seq=1694 ttl=42 time=51.3 ms
08-12 10:54:31.591 16414 16466 D cellinfo: 46 bytes from 54.197.223.49: icmp_seq=1695 ttl=42 time=58.6 ms
08-12 10:54:31.793 16414 16466 D cellinfo: 46 bytes from 54.197.223.49: icmp_seq=1696 ttl=42 time=59.5 ms
08-12 10:54:31.876 16414 16414 D cellinfo: Latitude is 41.2498302
08-12 10:54:31.876 16414 16414 D cellinfo: Longitude is -95.8225112
08-12 10:54:31.876 16414 16414 D cellinfo: Instantaneous GPS information: United States, Mall of the Bluffs, Council Bluffs, IA 51503, USA
08-12 10:54:31.876 16414 16414 D cellinfo: getCurrentLocation() result: Location (success): 41.2498302, -95.8225112
08-12 10:54:31.930 16414 16414 D cellinfo: onCellInfoChanged: Operator: Verizon Wireless UpdateTimestamp: 154507619 CellConnectionStatus: 1
08-12 10:54:31.930 16414 16414 D cellinfo: onCellInfoChanged: 5G-NR Cell Bands: [] ARFCN: 175000 Cell ID: 9223372036854775807 Physical Cell ID: 130 Tracking Area Code: 16777215
08-12 10:54:31.981 16414 16466 D cellinfo: 46 bytes from 54.197.223.49: icmp_seq=1697 ttl=42 time=48.0 ms
08-12 10:54:32.181 16414 16466 D cellinfo: 46 bytes from 54.197.223.49: icmp_seq=1698 ttl=42 time=46.7 ms
08-12 10:54:32.397 16414 16466 D cellinfo: 46 bytes from 54.197.223.49: icmp_seq=1699 ttl=42 time=62.2 ms
08-12 10:54:32.593 16414 16466 D cellinfo: 46 bytes from 54.197.223.49: icmp_seq=1700 ttl=42 time=57.6 ms
08-12 10:54:32.802 16414 16466 D cellinfo: 46 bytes from 54.197.223.49: icmp_seq=1701 ttl=42 time=65.2 ms
08-12 10:54:32.986 16414 16466 D cellinfo: 46 bytes from 54.197.223.49: icmp_seq=1702 ttl=42 time=48.0 ms
08-12 10:54:33.494 16414 16466 D cellinfo: 46 bytes from 54.197.223.49: icmp_seq=1703 ttl=42 time=355 ms
08-12 10:54:33.494 16414 16466 D cellinfo: 46 bytes from 54.197.223.49: icmp_seq=1704 ttl=42 time=150 ms
08-12 10:54:33.591 16414 16466 D cellinfo: 46 bytes from 54.197.223.49: icmp_seq=1705 ttl=42 time=46.8 ms
08-12 10:54:33.800 16414 16466 D cellinfo: 46 bytes from 54.197.223.49: icmp_seq=1706 ttl=42 time=55.1 ms
08-12 10:54:33.995 16414 16466 D cellinfo: 46 bytes from 54.197.223.49: icmp_seq=1707 ttl=42 time=49.0 ms
08-12 10:54:34.191 16414 16414 D cellinfo: onsignalStrengthsChanged: LTE Signal Strength info: rsrp: -98 rsrq: -9 rssi: -81 rssnr: 17
08-12 10:54:34.191 16414 16414 D cellinfo: onsignalStrengthsChanged: 5G-NR Signal Strength info: ssrsrp: -92 ssrsrq: -10 sssinr: 13
08-12 10:54:34.204 16414 16466 D cellinfo: 46 bytes from 54.197.223.49: icmp_seq=1708 ttl=42 time=57.4 ms
08-12 10:54:34.403 16414 16466 D cellinfo: 46 bytes from 54.197.223.49: icmp_seq=1709 ttl=42 time=54.9 ms
08-12 10:54:34.603 16414 16466 D cellinfo: 46 bytes from 54.197.223.49: icmp_seq=1710 ttl=42 time=53.5 ms
08-12 10:54:34.818 16414 16466 D cellinfo: 46 bytes from 54.197.223.49: icmp_seq=1711 ttl=42 time=68.9 ms
08-12 10:54:34.877 16414 16414 D cellinfo: Latitude is 41.2498302
08-12 10:54:34.877 16414 16414 D cellinfo: Longitude is -95.8225112
08-12 10:54:34.877 16414 16414 D cellinfo: Instantaneous GPS information: United States, Mall of the Bluffs, Council Bluffs, IA 51503, USA
08-12 10:54:34.877 16414 16414 D cellinfo: getCurrentLocation() result: Location (success): 41.2498302, -95.8225112
08-12 10:54:34.917 16414 16414 D cellinfo: onCellInfoChanged: Operator: Verizon Wireless UpdateTimestamp: 154510602 CellConnectionStatus: 1
08-12 10:54:34.918 16414 16414 D cellinfo: onCellInfoChanged: 5G-NR Cell Bands: [] ARFCN: 175000 Cell ID: 9223372036854775807 Physical Cell ID: 130 Tracking Area Code: 16777215
08-12 10:54:34.990 16414 16466 D cellinfo: 46 bytes from 54.197.223.49: icmp_seq=1712 ttl=42 time=39.5 ms
08-12 10:54:35.202 16414 16466 D cellinfo: 46 bytes from 54.197.223.49: icmp_seq=1713 ttl=42 time=51.1 ms
08-12 10:54:35.407 16414 16466 D cellinfo: 46 bytes from 54.197.223.49: icmp_seq=1714 ttl=42 time=54.9 ms
08-12 10:54:35.614 16414 16466 D cellinfo: 46 bytes from 54.197.223.49: icmp_seq=1715 ttl=42 time=61.0 ms
08-12 10:54:35.800 16414 16466 D cellinfo: 46 bytes from 54.197.223.49: icmp_seq=1716 ttl=42 time=46.4 ms
08-12 10:54:36.023 16414 16466 D cellinfo: 46 bytes from 54.197.223.49: icmp_seq=1717 ttl=42 time=68.4 ms
08-12 10:54:36.214 16414 16466 D cellinfo: 46 bytes from 54.197.223.49: icmp_seq=1718 ttl=42 time=58.6 ms
08-12 10:54:36.426 16414 16466 D cellinfo: 46 bytes from 54.197.223.49: icmp_seq=1719 ttl=42 time=70.0 ms
08-12 10:54:36.624 16414 16466 D cellinfo: 46 bytes from 54.197.223.49: icmp_seq=1720 ttl=42 time=66.8 ms
08-12 10:54:36.816 16414 16466 D cellinfo: 46 bytes from 54.197.223.49: icmp_seq=1721 ttl=42 time=58.1 ms
08-12 10:54:37.025 16414 16466 D cellinfo: 46 bytes from 54.197.223.49: icmp_seq=1722 ttl=42 time=65.9 ms
08-12 10:54:37.221 16414 16466 D cellinfo: 46 bytes from 54.197.223.49: icmp_seq=1723 ttl=42 time=62.2 ms
08-12 10:54:37.424 16414 16466 D cellinfo: 46 bytes from 54.197.223.49: icmp_seq=1724 ttl=42 time=63.5 ms
08-12 10:54:37.631 16414 16466 D cellinfo: 46 bytes from 54.197.223.49: icmp_seq=1725 ttl=42 time=70.4 ms
08-12 10:54:37.832 16414 16466 D cellinfo: 46 bytes from 54.197.223.49: icmp_seq=1726 ttl=42 time=71.2 ms
08-12 10:54:37.878 16414 16414 D cellinfo: Latitude is 41.2498302
08-12 10:54:37.878 16414 16414 D cellinfo: Longitude is -95.8225112
08-12 10:54:37.878 16414 16414 D cellinfo: Instantaneous GPS information: United States, Mall of the Bluffs, Council Bluffs, IA 51503, USA
08-12 10:54:37.878 16414 16414 D cellinfo: getCurrentLocation() result: Location (success): 41.2498302, -95.8225112
08-12 10:54:37.915 16414 16414 D cellinfo: onCellInfoChanged: Operator: Verizon Wireless UpdateTimestamp: 154513604 CellConnectionStatus: 1
08-12 10:54:37.915 16414 16414 D cellinfo: onCellInfoChanged: 5G-NR Cell Bands: [] ARFCN: 175000 Cell ID: 9223372036854775807 Physical Cell ID: 130 Tracking Area Code: 16777215
08-12 10:54:38.007 16414 16466 D cellinfo: 46 bytes from 54.197.223.49: icmp_seq=1727 ttl=42 time=45.9 ms
08-12 10:54:38.209 16414 16466 D cellinfo: 46 bytes from 54.197.223.49: icmp_seq=1728 ttl=42 time=47.9 ms
08-12 10:54:38.418 16414 16466 D cellinfo: 46 bytes from 54.197.223.49: icmp_seq=1729 ttl=42 time=56.3 ms
08-12 10:54:38.609 16414 16466 D cellinfo: 46 bytes from 54.197.223.49: icmp_seq=1730 ttl=42 time=46.6 ms
08-12 10:54:38.824 16414 16466 D cellinfo: 46 bytes from 54.197.223.49: icmp_seq=1731 ttl=42 time=61.3 ms
08-12 10:54:39.027 16414 16466 D cellinfo: 46 bytes from 54.197.223.49: icmp_seq=1732 ttl=42 time=63.4 ms
08-12 10:54:39.225 16414 16466 D cellinfo: 46 bytes from 54.197.223.49: icmp_seq=1733 ttl=42 time=59.1 ms
08-12 10:54:39.432 16414 16466 D cellinfo: 46 bytes from 54.197.223.49: icmp_seq=1734 ttl=42 time=66.8 ms
08-12 10:54:39.597 16414 16414 D cellinfo: onsignalStrengthsChanged: LTE Signal Strength info: rsrp: -104 rsrq: -9 rssi: -87 rssnr: 11
08-12 10:54:39.597 16414 16414 D cellinfo: onsignalStrengthsChanged: 5G-NR Signal Strength info: ssrsrp: -106 ssrsrq: -11 sssinr: 8
08-12 10:54:39.625 16414 16466 D cellinfo: 46 bytes from 54.197.223.49: icmp_seq=1735 ttl=42 time=58.7 ms
08-12 10:54:39.828 16414 16466 D cellinfo: 46 bytes from 54.197.223.49: icmp_seq=1736 ttl=42 time=62.4 ms
08-12 10:54:40.017 16414 16466 D cellinfo: 46 bytes from 54.197.223.49: icmp_seq=1737 ttl=42 time=49.1 ms
08-12 10:54:40.230 16414 16466 D cellinfo: 46 bytes from 54.197.223.49: icmp_seq=1738 ttl=42 time=63.2 ms
08-12 10:54:40.435 16414 16466 D cellinfo: 46 bytes from 54.197.223.49: icmp_seq=1739 ttl=42 time=67.3 ms
08-12 10:54:40.643 16414 16466 D cellinfo: 46 bytes from 54.197.223.49: icmp_seq=1740 ttl=42 time=74.1 ms
08-12 10:54:40.817 16414 16466 D cellinfo: 46 bytes from 54.197.223.49: icmp_seq=1741 ttl=42 time=46.6 ms
08-12 10:54:40.919 16414 16414 D cellinfo: onCellInfoChanged: Operator: Verizon Wireless UpdateTimestamp: 154516606 CellConnectionStatus: 1
08-12 10:54:40.919 16414 16414 D cellinfo: onCellInfoChanged: 5G-NR Cell Bands: [] ARFCN: 175000 Cell ID: 9223372036854775807 Physical Cell ID: 130 Tracking Area Code: 16777215
08-12 10:54:41.017 16414 16466 D cellinfo: 46 bytes from 54.197.223.49: icmp_seq=1742 ttl=42 time=46.3 ms
08-12 10:54:41.210 16414 16466 D cellinfo: 46 bytes from 54.197.223.49: icmp_seq=1743 ttl=42 time=38.7 ms
08-12 10:54:41.352 16414 16414 D cellinfo: Latitude is 41.251377
08-12 10:54:41.352 16414 16414 D cellinfo: Longitude is -95.8213388
08-12 10:54:41.352 16414 16414 D cellinfo: Instantaneous GPS information: United States, 184 Bennett Ave, Council Bluffs, IA 51503, USA
08-12 10:54:41.353 16414 16414 D cellinfo: getCurrentLocation() result: Location (success): 41.251377, -95.8213388
08-12 10:54:41.417 16414 16466 D cellinfo: 46 bytes from 54.197.223.49: icmp_seq=1744 ttl=42 time=45.8 ms
08-12 10:54:41.627 16414 16466 D cellinfo: 46 bytes from 54.197.223.49: icmp_seq=1745 ttl=42 time=54.9 ms
08-12 10:54:41.821 16414 16466 D cellinfo: 46 bytes from 54.197.223.49: icmp_seq=1746 ttl=42 time=48.7 ms
08-12 10:54:42.049 16414 16466 D cellinfo: 46 bytes from 54.197.223.49: icmp_seq=1747 ttl=42 time=75.5 ms
08-12 10:54:42.237 16414 16466 D cellinfo: 46 bytes from 54.197.223.49: icmp_seq=1748 ttl=42 time=62.5 ms
08-12 10:54:42.421 16414 16466 D cellinfo: 46 bytes from 54.197.223.49: icmp_seq=1749 ttl=42 time=46.4 ms
08-12 10:54:42.637 16414 16466 D cellinfo: 46 bytes from 54.197.223.49: icmp_seq=1750 ttl=42 time=61.9 ms
08-12 10:54:42.834 16414 16466 D cellinfo: 46 bytes from 54.197.223.49: icmp_seq=1751 ttl=42 time=57.4 ms
08-12 10:54:43.043 16414 16466 D cellinfo: 46 bytes from 54.197.223.49: icmp_seq=1752 ttl=42 time=66.4 ms
08-12 10:54:43.223 16414 16466 D cellinfo: 46 bytes from 54.197.223.49: icmp_seq=1753 ttl=42 time=47.7 ms
08-12 10:54:43.440 16414 16466 D cellinfo: 46 bytes from 54.197.223.49: icmp_seq=1754 ttl=42 time=63.9 ms
08-12 10:54:43.446 16414 16414 D cellinfo: onsignalStrengthsChanged: LTE Signal Strength info: rsrp: -99 rsrq: -12 rssi: -79 rssnr: 17
08-12 10:54:43.446 16414 16414 D cellinfo: onsignalStrengthsChanged: 5G-NR Signal Strength info: ssrsrp: -102 ssrsrq: -11 sssinr: 12
08-12 10:54:43.640 16414 16466 D cellinfo: 46 bytes from 54.197.223.49: icmp_seq=1755 ttl=42 time=63.4 ms
08-12 10:54:43.840 16414 16466 D cellinfo: 46 bytes from 54.197.223.49: icmp_seq=1756 ttl=42 time=61.9 ms
08-12 10:54:43.876 16414 16414 D cellinfo: Latitude is 41.251377
08-12 10:54:43.876 16414 16414 D cellinfo: Longitude is -95.8213388
08-12 10:54:43.876 16414 16414 D cellinfo: Instantaneous GPS information: United States, 184 Bennett Ave, Council Bluffs, IA 51503, USA
08-12 10:54:43.876 16414 16414 D cellinfo: getCurrentLocation() result: Location (success): 41.251377, -95.8213388
08-12 10:54:43.924 16414 16414 D cellinfo: onCellInfoChanged: Operator: Verizon Wireless UpdateTimestamp: 154519611 CellConnectionStatus: 1
08-12 10:54:43.924 16414 16414 D cellinfo: onCellInfoChanged: 5G-NR Cell Bands: [] ARFCN: 175000 Cell ID: 9223372036854775807 Physical Cell ID: 130 Tracking Area Code: 16777215
08-12 10:54:44.021 16414 16466 D cellinfo: 46 bytes from 54.197.223.49: icmp_seq=1757 ttl=42 time=42.1 ms
08-12 10:54:44.241 16414 16466 D cellinfo: 46 bytes from 54.197.223.49: icmp_seq=1758 ttl=42 time=61.6 ms
08-12 10:54:44.465 16414 16466 D cellinfo: 46 bytes from 54.197.223.49: icmp_seq=1759 ttl=42 time=85.1 ms
08-12 10:54:44.628 16414 16466 D cellinfo: 46 bytes from 54.197.223.49: icmp_seq=1760 ttl=42 time=47.6 ms
08-12 10:54:44.829 16414 16466 D cellinfo: 46 bytes from 54.197.223.49: icmp_seq=1761 ttl=42 time=46.9 ms
08-12 10:54:45.029 16414 16466 D cellinfo: 46 bytes from 54.197.223.49: icmp_seq=1762 ttl=42 time=45.7 ms
08-12 10:54:45.242 16414 16466 D cellinfo: 46 bytes from 54.197.223.49: icmp_seq=1763 ttl=42 time=59.0 ms
08-12 10:54:45.451 16414 16466 D cellinfo: 46 bytes from 54.197.223.49: icmp_seq=1764 ttl=42 time=68.0 ms
08-12 10:54:45.635 16414 16466 D cellinfo: 46 bytes from 54.197.223.49: icmp_seq=1765 ttl=42 time=51.9 ms
08-12 10:54:45.844 16414 16466 D cellinfo: 46 bytes from 54.197.223.49: icmp_seq=1766 ttl=42 time=60.3 ms
08-12 10:54:46.050 16414 16466 D cellinfo: 46 bytes from 54.197.223.49: icmp_seq=1767 ttl=42 time=65.2 ms
08-12 10:54:46.246 16414 16466 D cellinfo: 46 bytes from 54.197.223.49: icmp_seq=1768 ttl=42 time=61.0 ms
08-12 10:54:46.434 16414 16466 D cellinfo: 46 bytes from 54.197.223.49: icmp_seq=1769 ttl=42 time=47.4 ms
08-12 10:54:46.650 16414 16466 D cellinfo: 46 bytes from 54.197.223.49: icmp_seq=1770 ttl=42 time=63.1 ms
08-12 10:54:46.852 16414 16466 D cellinfo: 46 bytes from 54.197.223.49: icmp_seq=1771 ttl=42 time=62.1 ms
08-12 10:54:46.881 16414 16414 D cellinfo: Latitude is 41.251377
08-12 10:54:46.881 16414 16414 D cellinfo: Longitude is -95.8213388
08-12 10:54:46.881 16414 16414 D cellinfo: Instantaneous GPS information: United States, 184 Bennett Ave, Council Bluffs, IA 51503, USA
08-12 10:54:46.881 16414 16414 D cellinfo: getCurrentLocation() result: Location (success): 41.251377, -95.8213388
08-12 10:54:46.937 16414 16414 D cellinfo: onCellInfoChanged: Operator: Verizon Wireless UpdateTimestamp: 154522623 CellConnectionStatus: 1
08-12 10:54:46.937 16414 16414 D cellinfo: onCellInfoChanged: 5G-NR Cell Bands: [] ARFCN: 175000 Cell ID: 9223372036854775807 Physical Cell ID: 130 Tracking Area Code: 16777215
08-12 10:54:47.039 16414 16466 D cellinfo: 46 bytes from 54.197.223.49: icmp_seq=1772 ttl=42 time=50.9 ms
08-12 10:54:47.236 16414 16466 D cellinfo: 46 bytes from 54.197.223.49: icmp_seq=1773 ttl=42 time=47.5 ms
08-12 10:54:47.283 16414 16414 D cellinfo: onsignalStrengthsChanged: LTE Signal Strength info: rsrp: -97 rsrq: -10 rssi: -79 rssnr: 12
08-12 10:54:47.283 16414 16414 D cellinfo: onsignalStrengthsChanged: 5G-NR Signal Strength info: ssrsrp: -103 ssrsrq: -12 sssinr: 6
08-12 10:54:47.445 16414 16466 D cellinfo: 46 bytes from 54.197.223.49: icmp_seq=1774 ttl=42 time=56.0 ms
08-12 10:54:47.658 16414 16466 D cellinfo: 46 bytes from 54.197.223.49: icmp_seq=1775 ttl=42 time=68.4 ms
08-12 10:54:47.840 16414 16466 D cellinfo: 46 bytes from 54.197.223.49: icmp_seq=1776 ttl=42 time=48.6 ms
08-12 10:54:48.037 16414 16466 D cellinfo: 46 bytes from 54.197.223.49: icmp_seq=1777 ttl=42 time=45.7 ms
08-12 10:54:48.257 16414 16466 D cellinfo: 46 bytes from 54.197.223.49: icmp_seq=1778 ttl=42 time=65.3 ms
08-12 10:54:48.453 16414 16466 D cellinfo: 46 bytes from 54.197.223.49: icmp_seq=1779 ttl=42 time=61.5 ms
08-12 10:54:48.653 16414 16466 D cellinfo: 46 bytes from 54.197.223.49: icmp_seq=1780 ttl=42 time=60.7 ms
08-12 10:54:48.838 16414 16466 D cellinfo: 46 bytes from 54.197.223.49: icmp_seq=1781 ttl=42 time=44.3 ms
08-12 10:54:49.049 16414 16466 D cellinfo: 46 bytes from 54.197.223.49: icmp_seq=1782 ttl=42 time=55.2 ms
08-12 10:54:49.282 16414 16466 D cellinfo: 46 bytes from 54.197.223.49: icmp_seq=1783 ttl=42 time=87.9 ms
08-12 10:54:49.442 16414 16466 D cellinfo: 46 bytes from 54.197.223.49: icmp_seq=1784 ttl=42 time=47.3 ms
08-12 10:54:49.641 16414 16466 D cellinfo: 46 bytes from 54.197.223.49: icmp_seq=1785 ttl=42 time=44.9 ms
08-12 10:54:49.865 16414 16466 D cellinfo: 46 bytes from 54.197.223.49: icmp_seq=1786 ttl=42 time=68.2 ms
08-12 10:54:49.884 16414 16414 D cellinfo: Latitude is 41.251377
08-12 10:54:49.884 16414 16414 D cellinfo: Longitude is -95.8213388
08-12 10:54:49.884 16414 16414 D cellinfo: Instantaneous GPS information: United States, 184 Bennett Ave, Council Bluffs, IA 51503, USA
08-12 10:54:49.884 16414 16414 D cellinfo: getCurrentLocation() result: Location (success): 41.251377, -95.8213388
08-12 10:54:49.920 16414 16414 D cellinfo: onCellInfoChanged: Operator: Verizon Wireless UpdateTimestamp: 154525607 CellConnectionStatus: 1
08-12 10:54:49.920 16414 16414 D cellinfo: onCellInfoChanged: 5G-NR Cell Bands: [] ARFCN: 175000 Cell ID: 9223372036854775807 Physical Cell ID: 130 Tracking Area Code: 16777215
08-12 10:54:50.040 16414 16466 D cellinfo: 46 bytes from 54.197.223.49: icmp_seq=1787 ttl=42 time=42.3 ms
08-12 10:54:50.247 16414 16466 D cellinfo: 46 bytes from 54.197.223.49: icmp_seq=1788 ttl=42 time=48.4 ms
08-12 10:54:50.463 16414 16466 D cellinfo: 46 bytes from 54.197.223.49: icmp_seq=1789 ttl=42 time=65.0 ms
08-12 10:54:50.643 16414 16414 D cellinfo: onServiceStateChanged: Channel Number: 66586 Cell Bandwidths: [10000, 5000, 10000, 100000]
08-12 10:54:50.655 16414 16414 D cellinfo: onDisplayInfoChanged: NetworkType: LTE OverrideNetworkType: 5G(mmWave)
08-12 10:54:50.686 16414 16466 D cellinfo: 46 bytes from 54.197.223.49: icmp_seq=1790 ttl=42 time=87.9 ms
08-12 10:54:50.731 16414 16466 D cellinfo: 46 bytes from 54.197.223.49: icmp_seq=1790 ttl=42 time=132 ms (DUP!)
08-12 10:54:50.832 16414 16414 D cellinfo: onsignalStrengthsChanged: LTE Signal Strength info: rsrp: -102 rsrq: -13 rssi: -81 rssnr: 3
08-12 10:54:50.832 16414 16414 D cellinfo: onsignalStrengthsChanged: 5G-NR Signal Strength info: ssrsrp: -107 ssrsrq: -11 sssinr: 3
08-12 10:54:50.858 16414 16466 D cellinfo: 46 bytes from 54.197.223.49: icmp_seq=1791 ttl=42 time=59.6 ms
08-12 10:54:51.058 16414 16466 D cellinfo: 46 bytes from 54.197.223.49: icmp_seq=1792 ttl=42 time=57.6 ms
08-12 10:54:51.267 16414 16466 D cellinfo: 46 bytes from 54.197.223.49: icmp_seq=1793 ttl=42 time=66.5 ms
08-12 10:54:51.483 16414 16466 D cellinfo: 46 bytes from 54.197.223.49: icmp_seq=1794 ttl=42 time=80.9 ms
08-12 10:54:51.766 16414 16466 D cellinfo: 46 bytes from 54.197.223.49: icmp_seq=1795 ttl=42 time=163 ms
08-12 10:54:51.878 16414 16466 D cellinfo: 46 bytes from 54.197.223.49: icmp_seq=1796 ttl=42 time=74.1 ms
08-12 10:54:52.065 16414 16466 D cellinfo: 46 bytes from 54.197.223.49: icmp_seq=1797 ttl=42 time=60.5 ms
08-12 10:54:52.314 16414 16466 D cellinfo: 46 bytes from 54.197.223.49: icmp_seq=1798 ttl=42 time=107 ms
08-12 10:54:52.469 16414 16466 D cellinfo: 46 bytes from 54.197.223.49: icmp_seq=1799 ttl=42 time=61.9 ms
08-12 10:54:52.679 16414 16466 D cellinfo: 46 bytes from 54.197.223.49: icmp_seq=1800 ttl=42 time=71.7 ms
08-12 10:54:52.878 16414 16466 D cellinfo: 46 bytes from 54.197.223.49: icmp_seq=1801 ttl=42 time=69.9 ms
08-12 10:54:52.920 16414 16414 D cellinfo: onCellInfoChanged: Operator: Verizon Wireless UpdateTimestamp: 154528610 CellConnectionStatus: 1
08-12 10:54:52.920 16414 16414 D cellinfo: onCellInfoChanged: 5G-NR Cell Bands: [] ARFCN: 175000 Cell ID: 9223372036854775807 Physical Cell ID: 71 Tracking Area Code: 16777215
08-12 10:54:53.060 16414 16466 D cellinfo: 46 bytes from 54.197.223.49: icmp_seq=1802 ttl=42 time=50.4 ms
08-12 10:54:53.061 16414 16466 D cellinfo: 46 bytes from 54.197.223.49: icmp_seq=1802 ttl=42 time=53.0 ms (DUP!)
08-12 10:54:53.255 16414 16466 D cellinfo: 46 bytes from 54.197.223.49: icmp_seq=1803 ttl=42 time=44.6 ms
08-12 10:54:53.256 16414 16466 D cellinfo: 46 bytes from 54.197.223.49: icmp_seq=1803 ttl=42 time=46.7 ms (DUP!)
08-12 10:54:53.382 16414 16414 D cellinfo: Latitude is 41.2529623
08-12 10:54:53.382 16414 16414 D cellinfo: Longitude is -95.8201778
08-12 10:54:53.382 16414 16414 D cellinfo: Instantaneous GPS information: United States, Bennett Ave & Franklin Ave NE, Council Bluffs, IA 51503, USA
08-12 10:54:53.382 16414 16414 D cellinfo: getCurrentLocation() result: Location (success): 41.2529623, -95.8201778
08-12 10:54:53.452 16414 16466 D cellinfo: 46 bytes from 54.197.223.49: icmp_seq=1804 ttl=42 time=41.9 ms
08-12 10:54:54.020 16414 16466 D cellinfo: 46 bytes from 54.197.223.49: icmp_seq=1805 ttl=42 time=408 ms
08-12 10:54:54.020 16414 16466 D cellinfo: 46 bytes from 54.197.223.49: icmp_seq=1806 ttl=42 time=204 ms
08-12 10:54:54.070 16414 16466 D cellinfo: 46 bytes from 54.197.223.49: icmp_seq=1807 ttl=42 time=50.8 ms
08-12 10:54:54.294 16414 16466 D cellinfo: 46 bytes from 54.197.223.49: icmp_seq=1808 ttl=42 time=74.0 ms
08-12 10:54:54.471 16414 16466 D cellinfo: 46 bytes from 54.197.223.49: icmp_seq=1809 ttl=42 time=49.4 ms
08-12 10:54:54.705 16414 16466 D cellinfo: 46 bytes from 54.197.223.49: icmp_seq=1810 ttl=42 time=83.6 ms
08-12 10:54:54.885 16414 16466 D cellinfo: 46 bytes from 54.197.223.49: icmp_seq=1811 ttl=42 time=63.1 ms
08-12 10:54:55.102 16414 16466 D cellinfo: 46 bytes from 54.197.223.49: icmp_seq=1812 ttl=42 time=79.5 ms
08-12 10:54:55.284 16414 16466 D cellinfo: 46 bytes from 54.197.223.49: icmp_seq=1813 ttl=42 time=59.8 ms
08-12 10:54:55.475 16414 16466 D cellinfo: 46 bytes from 54.197.223.49: icmp_seq=1814 ttl=42 time=50.6 ms
08-12 10:54:55.691 16414 16466 D cellinfo: 46 bytes from 54.197.223.49: icmp_seq=1815 ttl=42 time=66.1 ms
08-12 10:54:55.886 16414 16414 D cellinfo: Latitude is 41.2529623
08-12 10:54:55.886 16414 16414 D cellinfo: Longitude is -95.8201778
08-12 10:54:55.886 16414 16414 D cellinfo: Instantaneous GPS information: United States, Bennett Ave & Franklin Ave NE, Council Bluffs, IA 51503, USA
08-12 10:54:55.886 16414 16414 D cellinfo: getCurrentLocation() result: Location (success): 41.2529623, -95.8201778
08-12 10:54:55.897 16414 16466 D cellinfo: 46 bytes from 54.197.223.49: icmp_seq=1816 ttl=42 time=71.1 ms
08-12 10:54:55.935 16414 16414 D cellinfo: onCellInfoChanged: Operator: Verizon Wireless UpdateTimestamp: 154531623 CellConnectionStatus: 1
08-12 10:54:55.935 16414 16414 D cellinfo: onCellInfoChanged: 5G-NR Cell Bands: [] ARFCN: 175000 Cell ID: 9223372036854775807 Physical Cell ID: 71 Tracking Area Code: 16777215
08-12 10:54:56.081 16414 16466 D cellinfo: 46 bytes from 54.197.223.49: icmp_seq=1817 ttl=42 time=54.9 ms
08-12 10:54:56.287 16414 16466 D cellinfo: 46 bytes from 54.197.223.49: icmp_seq=1818 ttl=42 time=59.1 ms
08-12 10:54:56.485 16414 16466 D cellinfo: 46 bytes from 54.197.223.49: icmp_seq=1819 ttl=42 time=57.3 ms
08-12 10:54:56.682 16414 16466 D cellinfo: 46 bytes from 54.197.223.49: icmp_seq=1820 ttl=42 time=53.7 ms
08-12 10:54:56.887 16414 16466 D cellinfo: 46 bytes from 54.197.223.49: icmp_seq=1821 ttl=42 time=57.6 ms
08-12 10:54:57.091 16414 16466 D cellinfo: 46 bytes from 54.197.223.49: icmp_seq=1822 ttl=42 time=61.5 ms
08-12 10:54:57.285 16414 16466 D cellinfo: 46 bytes from 54.197.223.49: icmp_seq=1823 ttl=42 time=54.5 ms
08-12 10:54:57.502 16414 16466 D cellinfo: 46 bytes from 54.197.223.49: icmp_seq=1824 ttl=42 time=71.3 ms
08-12 10:54:57.692 16414 16466 D cellinfo: 46 bytes from 54.197.223.49: icmp_seq=1825 ttl=42 time=60.9 ms
08-12 10:54:57.833 16414 16414 D cellinfo: onsignalStrengthsChanged: LTE Signal Strength info: rsrp: -104 rsrq: -10 rssi: -85 rssnr: 6
08-12 10:54:57.833 16414 16414 D cellinfo: onsignalStrengthsChanged: 5G-NR Signal Strength info: ssrsrp: -105 ssrsrq: -14 sssinr: 2
08-12 10:54:57.934 16414 16466 D cellinfo: 46 bytes from 54.197.223.49: icmp_seq=1826 ttl=42 time=102 ms
08-12 10:54:58.111 16414 16466 D cellinfo: 46 bytes from 54.197.223.49: icmp_seq=1827 ttl=42 time=78.3 ms
08-12 10:54:58.300 16414 16466 D cellinfo: 46 bytes from 54.197.223.49: icmp_seq=1828 ttl=42 time=66.0 ms
08-12 10:54:58.545 16414 16466 D cellinfo: 46 bytes from 54.197.223.49: icmp_seq=1829 ttl=42 time=110 ms
08-12 10:54:58.714 16414 16466 D cellinfo: 46 bytes from 54.197.223.49: icmp_seq=1830 ttl=42 time=78.8 ms
08-12 10:54:58.882 16414 16414 D cellinfo: Latitude is 41.2529623
08-12 10:54:58.882 16414 16414 D cellinfo: Longitude is -95.8201778
08-12 10:54:58.882 16414 16414 D cellinfo: Instantaneous GPS information: United States, Bennett Ave & Franklin Ave NE, Council Bluffs, IA 51503, USA
08-12 10:54:58.882 16414 16414 D cellinfo: getCurrentLocation() result: Location (success): 41.2529623, -95.8201778
08-12 10:54:58.917 16414 16466 D cellinfo: 46 bytes from 54.197.223.49: icmp_seq=1831 ttl=42 time=81.2 ms
08-12 10:54:58.930 16414 16414 D cellinfo: onCellInfoChanged: Operator: Verizon Wireless UpdateTimestamp: 154534619 CellConnectionStatus: 1
08-12 10:54:58.930 16414 16414 D cellinfo: onCellInfoChanged: 5G-NR Cell Bands: [] ARFCN: 175000 Cell ID: 9223372036854775807 Physical Cell ID: 71 Tracking Area Code: 16777215
08-12 10:54:59.123 16414 16466 D cellinfo: 46 bytes from 54.197.223.49: icmp_seq=1832 ttl=42 time=85.9 ms
08-12 10:54:59.125 16414 16466 D cellinfo: 46 bytes from 54.197.223.49: icmp_seq=1832 ttl=42 time=88.7 ms (DUP!)
08-12 10:54:59.306 16414 16466 D cellinfo: 46 bytes from 54.197.223.49: icmp_seq=1833 ttl=42 time=69.5 ms
08-12 10:54:59.502 16414 16466 D cellinfo: 46 bytes from 54.197.223.49: icmp_seq=1834 ttl=42 time=64.4 ms
08-12 10:54:59.506 16414 16466 D cellinfo: 46 bytes from 54.197.223.49: icmp_seq=1834 ttl=42 time=68.6 ms (DUP!)
08-12 10:54:59.705 16414 16466 D cellinfo: 46 bytes from 54.197.223.49: icmp_seq=1835 ttl=42 time=65.7 ms
08-12 10:54:59.918 16414 16466 D cellinfo: 46 bytes from 54.197.223.49: icmp_seq=1836 ttl=42 time=77.8 ms
08-12 10:55:00.117 16414 16466 D cellinfo: 46 bytes from 54.197.223.49: icmp_seq=1837 ttl=42 time=76.1 ms
08-12 10:55:00.306 16414 16466 D cellinfo: 46 bytes from 54.197.223.49: icmp_seq=1838 ttl=42 time=64.5 ms
08-12 10:55:00.517 16414 16466 D cellinfo: 46 bytes from 54.197.223.49: icmp_seq=1839 ttl=42 time=74.2 ms
08-12 10:55:00.700 16414 16466 D cellinfo: 46 bytes from 54.197.223.49: icmp_seq=1840 ttl=42 time=55.9 ms
08-12 10:55:00.836 16414 16414 D cellinfo: onsignalStrengthsChanged: LTE Signal Strength info: rsrp: -105 rsrq: -12 rssi: -83 rssnr: 2
08-12 10:55:00.836 16414 16414 D cellinfo: onsignalStrengthsChanged: 5G-NR Signal Strength info: ssrsrp: -109 ssrsrq: -13 sssinr: 4
08-12 10:55:00.915 16414 16466 D cellinfo: 46 bytes from 54.197.223.49: icmp_seq=1841 ttl=42 time=68.8 ms
08-12 10:55:01.114 16414 16466 D cellinfo: 46 bytes from 54.197.223.49: icmp_seq=1842 ttl=42 time=68.1 ms
08-12 10:55:01.316 16414 16466 D cellinfo: 46 bytes from 54.197.223.49: icmp_seq=1843 ttl=42 time=68.8 ms
08-12 10:55:01.503 16414 16466 D cellinfo: 46 bytes from 54.197.223.49: icmp_seq=1844 ttl=42 time=55.0 ms
08-12 10:55:01.727 16414 16466 D cellinfo: 46 bytes from 54.197.223.49: icmp_seq=1845 ttl=42 time=76.6 ms
08-12 10:55:01.881 16414 16414 D cellinfo: Latitude is 41.2529623
08-12 10:55:01.881 16414 16414 D cellinfo: Longitude is -95.8201778
08-12 10:55:01.881 16414 16414 D cellinfo: Instantaneous GPS information: United States, Bennett Ave & Franklin Ave NE, Council Bluffs, IA 51503, USA
08-12 10:55:01.881 16414 16414 D cellinfo: getCurrentLocation() result: Location (success): 41.2529623, -95.8201778
08-12 10:55:01.910 16414 16466 D cellinfo: 46 bytes from 54.197.223.49: icmp_seq=1846 ttl=42 time=60.2 ms
08-12 10:55:01.926 16414 16414 D cellinfo: onCellInfoChanged: Operator: Verizon Wireless UpdateTimestamp: 154537616 CellConnectionStatus: 1
08-12 10:55:01.926 16414 16414 D cellinfo: onCellInfoChanged: 5G-NR Cell Bands: [] ARFCN: 175000 Cell ID: 9223372036854775807 Physical Cell ID: 71 Tracking Area Code: 16777215
08-12 10:55:02.108 16414 16466 D cellinfo: 46 bytes from 54.197.223.49: icmp_seq=1847 ttl=42 time=56.6 ms
08-12 10:55:02.326 16414 16466 D cellinfo: 46 bytes from 54.197.223.49: icmp_seq=1848 ttl=42 time=73.5 ms
08-12 10:55:02.521 16414 16466 D cellinfo: 46 bytes from 54.197.223.49: icmp_seq=1849 ttl=42 time=67.0 ms
08-12 10:55:02.713 16414 16466 D cellinfo: 46 bytes from 54.197.223.49: icmp_seq=1850 ttl=42 time=58.7 ms
08-12 10:55:02.953 16414 16466 D cellinfo: 46 bytes from 54.197.223.49: icmp_seq=1851 ttl=42 time=97.9 ms
08-12 10:55:03.117 16414 16466 D cellinfo: 46 bytes from 54.197.223.49: icmp_seq=1852 ttl=42 time=61.2 ms
08-12 10:55:03.330 16414 16466 D cellinfo: 46 bytes from 54.197.223.49: icmp_seq=1853 ttl=42 time=72.5 ms
08-12 10:55:03.523 16414 16466 D cellinfo: 46 bytes from 54.197.223.49: icmp_seq=1854 ttl=42 time=64.5 ms
08-12 10:55:03.720 16414 16466 D cellinfo: 46 bytes from 54.197.223.49: icmp_seq=1855 ttl=42 time=61.1 ms
08-12 10:55:03.922 16414 16466 D cellinfo: 46 bytes from 54.197.223.49: icmp_seq=1856 ttl=42 time=63.6 ms
08-12 10:55:04.126 16414 16466 D cellinfo: 46 bytes from 54.197.223.49: icmp_seq=1857 ttl=42 time=66.8 ms
08-12 10:55:04.330 16414 16466 D cellinfo: 46 bytes from 54.197.223.49: icmp_seq=1858 ttl=42 time=70.7 ms
08-12 10:55:04.536 16414 16466 D cellinfo: 46 bytes from 54.197.223.49: icmp_seq=1859 ttl=42 time=75.6 ms
08-12 10:55:04.725 16414 16466 D cellinfo: 46 bytes from 54.197.223.49: icmp_seq=1860 ttl=42 time=64.5 ms
08-12 10:55:04.836 16414 16414 D cellinfo: onsignalStrengthsChanged: LTE Signal Strength info: rsrp: -106 rsrq: -13 rssi: -83 rssnr: 2
08-12 10:55:04.836 16414 16414 D cellinfo: onsignalStrengthsChanged: 5G-NR Signal Strength info: ssrsrp: -97 ssrsrq: -13 sssinr: 6
08-12 10:55:04.927 16414 16414 D cellinfo: onCellInfoChanged: Operator: Verizon Wireless UpdateTimestamp: 154540614 CellConnectionStatus: 1
08-12 10:55:04.927 16414 16414 D cellinfo: onCellInfoChanged: 5G-NR Cell Bands: [] ARFCN: 175000 Cell ID: 9223372036854775807 Physical Cell ID: 71 Tracking Area Code: 16777215
08-12 10:55:04.930 16414 16466 D cellinfo: 46 bytes from 54.197.223.49: icmp_seq=1861 ttl=42 time=68.9 ms
