08-12 10:50:55.773 16414 16466 D cellinfo: 46 bytes from 54.197.223.49: icmp_seq=620 ttl=42 time=76.9 ms
08-12 10:50:55.882 16414 16414 D cellinfo: Latitude is 41.2305847
08-12 10:50:55.882 16414 16414 D cellinfo: Longitude is -95.8371533
08-12 10:50:55.882 16414 16414 D cellinfo: Instantaneous GPS information: United States, 101 29th Ave, Council Bluffs, IA 51501, USA
08-12 10:50:55.882 16414 16414 D cellinfo: getCurrentLocation() result: Location (success): 41.2305847, -95.8371533
08-12 10:50:55.922 16414 16414 D cellinfo: onCellInfoChanged: Operator: Verizon Wireless UpdateTimestamp: 154291610 CellConnectionStatus: 1
08-12 10:50:55.922 16414 16414 D cellinfo: onCellInfoChanged: 5G-NR Cell Bands: [] ARFCN: 175000 Cell ID: 9223372036854775807 Physical Cell ID: 348 Tracking Area Code: 16777215
08-12 10:50:55.968 16414 16466 D cellinfo: 46 bytes from 54.197.223.49: icmp_seq=621 ttl=42 time=71.6 ms
08-12 10:50:56.157 16414 16466 D cellinfo: 46 bytes from 54.197.223.49: icmp_seq=622 ttl=42 time=59.5 ms
08-12 10:50:56.371 16414 16466 D cellinfo: 46 bytes from 54.197.223.49: icmp_seq=623 ttl=42 time=71.7 ms
08-12 10:50:56.575 16414 16466 D cellinfo: 46 bytes from 54.197.223.49: icmp_seq=624 ttl=42 time=75.7 ms
08-12 10:50:56.768 16414 16466 D cellinfo: 46 bytes from 54.197.223.49: icmp_seq=625 ttl=42 time=67.9 ms
08-12 10:50:56.976 16414 16466 D cellinfo: 46 bytes from 54.197.223.49: icmp_seq=626 ttl=42 time=74.6 ms
08-12 10:50:57.166 16414 16466 D cellinfo: 46 bytes from 54.197.223.49: icmp_seq=627 ttl=42 time=64.1 ms
08-12 10:50:57.384 16414 16466 D cellinfo: 46 bytes from 54.197.223.49: icmp_seq=628 ttl=42 time=81.2 ms
08-12 10:50:57.568 16414 16466 D cellinfo: 46 bytes from 54.197.223.49: icmp_seq=629 ttl=42 time=65.2 ms
08-12 10:50:57.778 16414 16466 D cellinfo: 46 bytes from 54.197.223.49: icmp_seq=630 ttl=42 time=74.3 ms
08-12 10:50:57.964 16414 16466 D cellinfo: 46 bytes from 54.197.223.49: icmp_seq=631 ttl=42 time=58.2 ms
08-12 10:50:58.165 16414 16466 D cellinfo: 46 bytes from 54.197.223.49: icmp_seq=632 ttl=42 time=58.1 ms
08-12 10:50:58.372 16414 16466 D cellinfo: 46 bytes from 54.197.223.49: icmp_seq=633 ttl=42 time=65.0 ms
08-12 10:50:58.579 16414 16466 D cellinfo: 46 bytes from 54.197.223.49: icmp_seq=634 ttl=42 time=71.0 ms
08-12 10:50:58.713 16414 16414 D cellinfo: onsignalStrengthsChanged: LTE Signal Strength info: rsrp: -90 rsrq: -12 rssi: -69 rssnr: 1
08-12 10:50:58.713 16414 16414 D cellinfo: onsignalStrengthsChanged: 5G-NR Signal Strength info: ssrsrp: -83 ssrsrq: -11 sssinr: 16
08-12 10:50:58.876 16414 16414 D cellinfo: Latitude is 41.2305847
08-12 10:50:58.876 16414 16414 D cellinfo: Longitude is -95.8371533
08-12 10:50:58.876 16414 16414 D cellinfo: Instantaneous GPS information: United States, 101 29th Ave, Council Bluffs, IA 51501, USA
08-12 10:50:58.876 16414 16414 D cellinfo: getCurrentLocation() result: Location (success): 41.2305847, -95.8371533
08-12 10:50:58.906 16414 16466 D cellinfo: 46 bytes from 54.197.223.49: icmp_seq=635 ttl=42 time=197 ms
08-12 10:50:58.936 16414 16414 D cellinfo: onCellInfoChanged: Operator: Verizon Wireless UpdateTimestamp: 154294623 CellConnectionStatus: 1
08-12 10:50:58.937 16414 16414 D cellinfo: onCellInfoChanged: 5G-NR Cell Bands: [] ARFCN: 175000 Cell ID: 9223372036854775807 Physical Cell ID: 348 Tracking Area Code: 16777215
08-12 10:50:58.962 16414 16466 D cellinfo: 46 bytes from 54.197.223.49: icmp_seq=636 ttl=42 time=52.4 ms
08-12 10:50:59.176 16414 16466 D cellinfo: 46 bytes from 54.197.223.49: icmp_seq=637 ttl=42 time=65.6 ms
08-12 10:50:59.382 16414 16466 D cellinfo: 46 bytes from 54.197.223.49: icmp_seq=638 ttl=42 time=70.7 ms
08-12 10:50:59.568 16414 16466 D cellinfo: 46 bytes from 54.197.223.49: icmp_seq=639 ttl=42 time=56.1 ms
08-12 10:50:59.783 16414 16466 D cellinfo: 46 bytes from 54.197.223.49: icmp_seq=640 ttl=42 time=70.3 ms
08-12 10:50:59.972 16414 16466 D cellinfo: 46 bytes from 54.197.223.49: icmp_seq=641 ttl=42 time=57.7 ms
08-12 10:51:00.183 16414 16466 D cellinfo: 46 bytes from 54.197.223.49: icmp_seq=642 ttl=42 time=68.2 ms
08-12 10:51:00.373 16414 16466 D cellinfo: 46 bytes from 54.197.223.49: icmp_seq=643 ttl=42 time=58.0 ms
08-12 10:51:00.722 16414 16466 D cellinfo: 46 bytes from 54.197.223.49: icmp_seq=644 ttl=42 time=205 ms
08-12 10:51:00.773 16414 16466 D cellinfo: 46 bytes from 54.197.223.49: icmp_seq=645 ttl=42 time=52.9 ms
08-12 10:51:00.982 16414 16466 D cellinfo: 46 bytes from 54.197.223.49: icmp_seq=646 ttl=42 time=61.5 ms
08-12 10:51:01.205 16414 16466 D cellinfo: 46 bytes from 54.197.223.49: icmp_seq=647 ttl=42 time=83.2 ms
08-12 10:51:01.383 16414 16466 D cellinfo: 46 bytes from 54.197.223.49: icmp_seq=648 ttl=42 time=61.1 ms
08-12 10:51:01.596 16414 16466 D cellinfo: 46 bytes from 54.197.223.49: icmp_seq=649 ttl=42 time=73.2 ms
08-12 10:51:01.792 16414 16466 D cellinfo: 46 bytes from 54.197.223.49: icmp_seq=650 ttl=42 time=67.4 ms
08-12 10:51:01.910 16414 16414 D cellinfo: onCellInfoChanged: Operator: Verizon Wireless UpdateTimestamp: 154297598 CellConnectionStatus: 1
08-12 10:51:01.910 16414 16414 D cellinfo: onCellInfoChanged: 5G-NR Cell Bands: [] ARFCN: 175000 Cell ID: 9223372036854775807 Physical Cell ID: 348 Tracking Area Code: 16777215
08-12 10:51:01.973 16414 16466 D cellinfo: 46 bytes from 54.197.223.49: icmp_seq=651 ttl=42 time=48.7 ms
08-12 10:51:02.169 16414 16466 D cellinfo: 46 bytes from 54.197.223.49: icmp_seq=652 ttl=42 time=42.9 ms
08-12 10:51:02.335 16414 16414 D cellinfo: Latitude is 41.2314502
08-12 10:51:02.335 16414 16414 D cellinfo: Longitude is -95.8336569
08-12 10:51:02.335 16414 16414 D cellinfo: Instantaneous GPS information: United States, 117 29th Ave, Council Bluffs, IA 51503, USA
08-12 10:51:02.335 16414 16414 D cellinfo: getCurrentLocation() result: Location (success): 41.2314502, -95.8336569
08-12 10:51:02.373 16414 16466 D cellinfo: 46 bytes from 54.197.223.49: icmp_seq=653 ttl=42 time=45.3 ms
08-12 10:51:02.584 16414 16466 D cellinfo: 46 bytes from 54.197.223.49: icmp_seq=654 ttl=42 time=56.2 ms
08-12 10:51:02.786 16414 16466 D cellinfo: 46 bytes from 54.197.223.49: icmp_seq=655 ttl=42 time=57.9 ms
08-12 10:51:02.994 16414 16466 D cellinfo: 46 bytes from 54.197.223.49: icmp_seq=656 ttl=42 time=65.1 ms
08-12 10:51:03.199 16414 16466 D cellinfo: 46 bytes from 54.197.223.49: icmp_seq=657 ttl=42 time=69.7 ms
08-12 10:51:03.397 16414 16466 D cellinfo: 46 bytes from 54.197.223.49: icmp_seq=658 ttl=42 time=67.2 ms
08-12 10:51:03.606 16414 16466 D cellinfo: 46 bytes from 54.197.223.49: icmp_seq=659 ttl=42 time=75.0 ms
08-12 10:51:03.708 16414 16414 D cellinfo: onsignalStrengthsChanged: LTE Signal Strength info: rsrp: -97 rsrq: -14 rssi: -75 rssnr: 0
08-12 10:51:03.708 16414 16414 D cellinfo: onsignalStrengthsChanged: 5G-NR Signal Strength info: ssrsrp: -87 ssrsrq: -11 sssinr: 10
08-12 10:51:03.789 16414 16466 D cellinfo: 46 bytes from 54.197.223.49: icmp_seq=660 ttl=42 time=58.2 ms
08-12 10:51:04.012 16414 16466 D cellinfo: 46 bytes from 54.197.223.49: icmp_seq=661 ttl=42 time=78.6 ms
08-12 10:51:04.180 16414 16466 D cellinfo: 46 bytes from 54.197.223.49: icmp_seq=662 ttl=42 time=46.4 ms
08-12 10:51:04.391 16414 16466 D cellinfo: 46 bytes from 54.197.223.49: icmp_seq=663 ttl=42 time=55.7 ms
08-12 10:51:04.602 16414 16466 D cellinfo: 46 bytes from 54.197.223.49: icmp_seq=664 ttl=42 time=66.8 ms
08-12 10:51:04.792 16414 16466 D cellinfo: 46 bytes from 54.197.223.49: icmp_seq=665 ttl=42 time=54.6 ms
08-12 10:51:04.876 16414 16414 D cellinfo: Latitude is 41.2314502
08-12 10:51:04.876 16414 16414 D cellinfo: Longitude is -95.8336569
08-12 10:51:04.876 16414 16414 D cellinfo: Instantaneous GPS information: United States, 117 29th Ave, Council Bluffs, IA 51503, USA
08-12 10:51:04.876 16414 16414 D cellinfo: getCurrentLocation() result: Location (success): 41.2314502, -95.8336569
08-12 10:51:04.912 16414 16414 D cellinfo: onCellInfoChanged: Operator: Verizon Wireless UpdateTimestamp: 154300600 CellConnectionStatus: 1
08-12 10:51:04.912 16414 16414 D cellinfo: onCellInfoChanged: 5G-NR Cell Bands: [] ARFCN: 175000 Cell ID: 9223372036854775807 Physical Cell ID: 348 Tracking Area Code: 16777215
08-12 10:51:05.000 16414 16466 D cellinfo: 46 bytes from 54.197.223.49: icmp_seq=666 ttl=42 time=63.6 ms
08-12 10:51:05.198 16414 16466 D cellinfo: 46 bytes from 54.197.223.49: icmp_seq=667 ttl=42 time=62.2 ms
08-12 10:51:05.530 16414 16466 D cellinfo: 46 bytes from 54.197.223.49: icmp_seq=668 ttl=42 time=192 ms
08-12 10:51:05.617 16414 16466 D cellinfo: 46 bytes from 54.197.223.49: icmp_seq=669 ttl=42 time=80.7 ms
08-12 10:51:05.793 16414 16466 D cellinfo: 46 bytes from 54.197.223.49: icmp_seq=670 ttl=42 time=56.0 ms
08-12 10:51:06.015 16414 16466 D cellinfo: 46 bytes from 54.197.223.49: icmp_seq=671 ttl=42 time=76.7 ms
08-12 10:51:06.210 16414 16466 D cellinfo: 46 bytes from 54.197.223.49: icmp_seq=672 ttl=42 time=72.3 ms
08-12 10:51:06.408 16414 16466 D cellinfo: 46 bytes from 54.197.223.49: icmp_seq=673 ttl=42 time=68.2 ms
08-12 10:51:06.612 16414 16466 D cellinfo: 46 bytes from 54.197.223.49: icmp_seq=674 ttl=42 time=71.3 ms
08-12 10:51:06.711 16414 16414 D cellinfo: onsignalStrengthsChanged: LTE Signal Strength info: rsrp: -90 rsrq: -14 rssi: -65 rssnr: -1
08-12 10:51:06.711 16414 16414 D cellinfo: onsignalStrengthsChanged: 5G-NR Signal Strength info: ssrsrp: -93 ssrsrq: -14 sssinr: -3
08-12 10:51:06.816 16414 16466 D cellinfo: 46 bytes from 54.197.223.49: icmp_seq=675 ttl=42 time=75.1 ms
08-12 10:51:06.988 16414 16466 D cellinfo: 46 bytes from 54.197.223.49: icmp_seq=676 ttl=42 time=46.8 ms
08-12 10:51:07.206 16414 16466 D cellinfo: 46 bytes from 54.197.223.49: icmp_seq=677 ttl=42 time=63.2 ms
08-12 10:51:07.409 16414 16466 D cellinfo: 46 bytes from 54.197.223.49: icmp_seq=678 ttl=42 time=65.3 ms
08-12 10:51:07.610 16414 16466 D cellinfo: 46 bytes from 54.197.223.49: icmp_seq=679 ttl=42 time=65.3 ms
08-12 10:51:07.626 16414 16466 D cellinfo: 46 bytes from 54.197.223.49: icmp_seq=679 ttl=42 time=82.2 ms (DUP!)
08-12 10:51:07.809 16414 16466 D cellinfo: 46 bytes from 54.197.223.49: icmp_seq=680 ttl=42 time=64.5 ms
08-12 10:51:07.875 16414 16414 D cellinfo: Latitude is 41.2314502
08-12 10:51:07.875 16414 16414 D cellinfo: Longitude is -95.8336569
08-12 10:51:07.875 16414 16414 D cellinfo: Instantaneous GPS information: United States, 117 29th Ave, Council Bluffs, IA 51503, USA
08-12 10:51:07.875 16414 16414 D cellinfo: getCurrentLocation() result: Location (success): 41.2314502, -95.8336569
08-12 10:51:07.912 16414 16414 D cellinfo: onCellInfoChanged: Operator: Verizon Wireless UpdateTimestamp: 154303600 CellConnectionStatus: 1
08-12 10:51:07.912 16414 16414 D cellinfo: onCellInfoChanged: 5G-NR Cell Bands: [] ARFCN: 175000 Cell ID: 9223372036854775807 Physical Cell ID: 348 Tracking Area Code: 16777215
08-12 10:51:08.000 16414 16466 D cellinfo: 46 bytes from 54.197.223.49: icmp_seq=681 ttl=42 time=55.4 ms
08-12 10:51:08.203 16414 16466 D cellinfo: 46 bytes from 54.197.223.49: icmp_seq=682 ttl=42 time=58.5 ms
08-12 10:51:08.401 16414 16466 D cellinfo: 46 bytes from 54.197.223.49: icmp_seq=683 ttl=42 time=55.2 ms
08-12 10:51:08.596 16414 16466 D cellinfo: 46 bytes from 54.197.223.49: icmp_seq=684 ttl=42 time=49.2 ms
08-12 10:51:08.808 16414 16466 D cellinfo: 46 bytes from 54.197.223.49: icmp_seq=685 ttl=42 time=60.0 ms
08-12 10:51:09.022 16414 16466 D cellinfo: 46 bytes from 54.197.223.49: icmp_seq=686 ttl=42 time=72.9 ms
08-12 10:51:09.193 16414 16414 D cellinfo: onServiceStateChanged: Channel Number: 775 Cell Bandwidths: [5000, 10000]
08-12 10:51:09.284 16414 16414 D cellinfo: onServiceStateChanged: Channel Number: 775 Cell Bandwidths: [5000]
08-12 10:51:09.418 16414 16466 D cellinfo: 46 bytes from 54.197.223.49: icmp_seq=688 ttl=42 time=66.2 ms
08-12 10:51:09.480 16414 16414 D cellinfo: onServiceStateChanged: Channel Number: 775 Cell Bandwidths: [5000, 5000, 10000, 10000]
08-12 10:51:09.609 16414 16466 D cellinfo: 46 bytes from 54.197.223.49: icmp_seq=689 ttl=42 time=56.9 ms
08-12 10:51:09.811 16414 16466 D cellinfo: 46 bytes from 54.197.223.49: icmp_seq=690 ttl=42 time=56.7 ms
08-12 10:51:10.011 16414 16466 D cellinfo: 46 bytes from 54.197.223.49: icmp_seq=691 ttl=42 time=57.1 ms
08-12 10:51:10.210 16414 16466 D cellinfo: 46 bytes from 54.197.223.49: icmp_seq=692 ttl=42 time=56.8 ms
08-12 10:51:10.319 16414 16414 D cellinfo: onsignalStrengthsChanged: LTE Signal Strength info: rsrp: -85 rsrq: -11 rssi: -65 rssnr: 2
08-12 10:51:10.458 16414 16466 D cellinfo: 46 bytes from 54.197.223.49: icmp_seq=693 ttl=42 time=104 ms
08-12 10:51:10.544 16414 16414 D cellinfo: onServiceStateChanged: Channel Number: 2600 Cell Bandwidths: [10000, 5000, 10000, 5000]
08-12 10:51:10.594 16414 16414 D cellinfo: onServiceStateChanged: Channel Number: 2600 Cell Bandwidths: [10000, 5000, 10000, 5000]
08-12 10:51:10.604 16414 16466 D cellinfo: 46 bytes from 54.197.223.49: icmp_seq=694 ttl=42 time=50.4 ms
08-12 10:51:10.612 16414 16414 D cellinfo: onDisplayInfoChanged: NetworkType: LTE OverrideNetworkType: LTE-CA
08-12 10:51:10.812 16414 16466 D cellinfo: 46 bytes from 54.197.223.49: icmp_seq=695 ttl=42 time=57.5 ms
08-12 10:51:10.875 16414 16414 D cellinfo: Latitude is 41.2314502
08-12 10:51:10.875 16414 16414 D cellinfo: Longitude is -95.8336569
08-12 10:51:10.875 16414 16414 D cellinfo: Instantaneous GPS information: United States, 117 29th Ave, Council Bluffs, IA 51503, USA
08-12 10:51:10.875 16414 16414 D cellinfo: getCurrentLocation() result: Location (success): 41.2314502, -95.8336569
08-12 10:51:10.919 16414 16414 D cellinfo: onCellInfoChanged: Operator: Verizon Wireless UpdateTimestamp: 154306608 CellConnectionStatus: 1
08-12 10:51:10.919 16414 16414 D cellinfo: onCellInfoChanged: LTE Cell Bands: [5, 66, 66, 2] Bandwidth: 10000 Cell ID: 50502951 Physical Cell ID: 142 Tracking Area Code: 50470 EARFCN: 2600
08-12 10:51:11.187 16414 16466 D cellinfo: 46 bytes from 54.197.223.49: icmp_seq=696 ttl=42 time=230 ms
08-12 10:51:11.226 16414 16466 D cellinfo: 46 bytes from 54.197.223.49: icmp_seq=697 ttl=42 time=66.1 ms
08-12 10:51:11.301 16414 16414 D cellinfo: onServiceStateChanged: Channel Number: 2600 Cell Bandwidths: [10000]
08-12 10:51:11.348 16414 16414 D cellinfo: onServiceStateChanged: Channel Number: 2600 Cell Bandwidths: [10000, 5000, 10000, 5000]
08-12 10:51:11.423 16414 16466 D cellinfo: 46 bytes from 54.197.223.49: icmp_seq=698 ttl=42 time=62.2 ms
08-12 10:51:11.621 16414 16466 D cellinfo: 46 bytes from 54.197.223.49: icmp_seq=699 ttl=42 time=59.4 ms
08-12 10:51:11.817 16414 16466 D cellinfo: 46 bytes from 54.197.223.49: icmp_seq=700 ttl=42 time=54.2 ms
08-12 10:51:12.018 16414 16466 D cellinfo: 46 bytes from 54.197.223.49: icmp_seq=701 ttl=42 time=54.5 ms
08-12 10:51:12.218 16414 16466 D cellinfo: 46 bytes from 54.197.223.49: icmp_seq=702 ttl=42 time=55.2 ms
08-12 10:51:12.431 16414 16466 D cellinfo: 46 bytes from 54.197.223.49: icmp_seq=703 ttl=42 time=67.2 ms
08-12 10:51:12.629 16414 16466 D cellinfo: 46 bytes from 54.197.223.49: icmp_seq=704 ttl=42 time=64.1 ms
08-12 10:51:12.821 16414 16466 D cellinfo: 46 bytes from 54.197.223.49: icmp_seq=705 ttl=42 time=55.0 ms
08-12 10:51:13.029 16414 16466 D cellinfo: 46 bytes from 54.197.223.49: icmp_seq=706 ttl=42 time=62.3 ms
08-12 10:51:13.220 16414 16466 D cellinfo: 46 bytes from 54.197.223.49: icmp_seq=707 ttl=42 time=53.1 ms
08-12 10:51:13.421 16414 16466 D cellinfo: 46 bytes from 54.197.223.49: icmp_seq=708 ttl=42 time=53.1 ms
08-12 10:51:13.752 16414 16466 D cellinfo: 46 bytes from 54.197.223.49: icmp_seq=709 ttl=42 time=182 ms
08-12 10:51:13.829 16414 16466 D cellinfo: 46 bytes from 54.197.223.49: icmp_seq=710 ttl=42 time=59.7 ms
08-12 10:51:13.923 16414 16414 D cellinfo: onCellInfoChanged: Operator: Verizon Wireless UpdateTimestamp: 154309611 CellConnectionStatus: 1
08-12 10:51:13.923 16414 16414 D cellinfo: onCellInfoChanged: LTE Cell Bands: [5, 66, 66, 2] Bandwidth: 10000 Cell ID: 50497309 Physical Cell ID: 348 Tracking Area Code: 50470 EARFCN: 2600
08-12 10:51:14.028 16414 16466 D cellinfo: 46 bytes from 54.197.223.49: icmp_seq=711 ttl=42 time=58.6 ms
08-12 10:51:14.223 16414 16466 D cellinfo: 46 bytes from 54.197.223.49: icmp_seq=712 ttl=42 time=52.4 ms
08-12 10:51:14.429 16414 16466 D cellinfo: 46 bytes from 54.197.223.49: icmp_seq=713 ttl=42 time=58.5 ms
08-12 10:51:14.638 16414 16466 D cellinfo: 46 bytes from 54.197.223.49: icmp_seq=714 ttl=42 time=66.4 ms
08-12 10:51:14.829 16414 16466 D cellinfo: 46 bytes from 54.197.223.49: icmp_seq=715 ttl=42 time=55.7 ms
08-12 10:51:15.029 16414 16466 D cellinfo: 46 bytes from 54.197.223.49: icmp_seq=716 ttl=42 time=55.1 ms
08-12 10:51:15.830 16414 16466 D cellinfo: 46 bytes from 54.197.223.49: icmp_seq=717 ttl=42 time=655 ms
08-12 10:51:15.831 16414 16466 D cellinfo: 46 bytes from 54.197.223.49: icmp_seq=718 ttl=42 time=453 ms
08-12 10:51:15.987 16414 16466 D cellinfo: 46 bytes from 54.197.223.49: icmp_seq=717 ttl=42 time=813 ms (DUP!)
08-12 10:51:15.987 16414 16466 D cellinfo: 46 bytes from 54.197.223.49: icmp_seq=718 ttl=42 time=611 ms (DUP!)
08-12 10:51:15.987 16414 16466 D cellinfo: 46 bytes from 54.197.223.49: icmp_seq=720 ttl=42 time=203 ms
08-12 10:51:15.987 16414 16466 D cellinfo: 46 bytes from 54.197.223.49: icmp_seq=719 ttl=42 time=407 ms
08-12 10:51:16.037 16414 16466 D cellinfo: 46 bytes from 54.197.223.49: icmp_seq=721 ttl=42 time=52.5 ms
08-12 10:51:16.196 16414 16414 D cellinfo: Latitude is 41.2325882
08-12 10:51:16.196 16414 16414 D cellinfo: Longitude is -95.8300821
08-12 10:51:16.196 16414 16414 D cellinfo: Instantaneous GPS information: United States, 3032 South Ave, Council Bluffs, IA 51503, USA
08-12 10:51:16.196 16414 16414 D cellinfo: getCurrentLocation() result: Location (success): 41.2325882, -95.8300821
08-12 10:51:16.200 16414 16414 D cellinfo: onsignalStrengthsChanged: LTE Signal Strength info: rsrp: -90 rsrq: -16 rssi: -63 rssnr: 0
08-12 10:51:16.200 16414 16414 D cellinfo: onServiceStateChanged: Channel Number: 2600 Cell Bandwidths: [10000, 5000, 10000, 5000]
08-12 10:51:16.200 16414 16414 D cellinfo: onServiceStateChanged: Channel Number: 2600 Cell Bandwidths: [10000]
08-12 10:51:16.200 16414 16414 D cellinfo: onServiceStateChanged: Channel Number: 2600 Cell Bandwidths: [10000, 5000, 10000, 5000]
08-12 10:51:16.228 16414 16466 D cellinfo: 46 bytes from 54.197.223.49: icmp_seq=722 ttl=42 time=44.5 ms
08-12 10:51:16.440 16414 16466 D cellinfo: 46 bytes from 54.197.223.49: icmp_seq=723 ttl=42 time=54.9 ms
08-12 10:51:16.638 16414 16466 D cellinfo: 46 bytes from 54.197.223.49: icmp_seq=724 ttl=42 time=52.0 ms
08-12 10:51:16.839 16414 16466 D cellinfo: 46 bytes from 54.197.223.49: icmp_seq=725 ttl=42 time=52.2 ms
08-12 10:51:16.882 16414 16414 D cellinfo: Latitude is 41.2325882
08-12 10:51:16.882 16414 16414 D cellinfo: Longitude is -95.8300821
08-12 10:51:16.882 16414 16414 D cellinfo: Instantaneous GPS information: United States, 3032 South Ave, Council Bluffs, IA 51503, USA
08-12 10:51:16.882 16414 16414 D cellinfo: getCurrentLocation() result: Location (success): 41.2325882, -95.8300821
08-12 10:51:16.936 16414 16414 D cellinfo: onCellInfoChanged: Operator: Verizon Wireless UpdateTimestamp: 154312622 CellConnectionStatus: 1
08-12 10:51:16.936 16414 16414 D cellinfo: onCellInfoChanged: LTE Cell Bands: [5, 66, 66, 2] Bandwidth: 10000 Cell ID: 50502951 Physical Cell ID: 142 Tracking Area Code: 50470 EARFCN: 2600
08-12 10:51:17.047 16414 16466 D cellinfo: 46 bytes from 54.197.223.49: icmp_seq=726 ttl=42 time=58.0 ms
08-12 10:51:17.238 16414 16466 D cellinfo: 46 bytes from 54.197.223.49: icmp_seq=727 ttl=42 time=49.7 ms
08-12 10:51:17.436 16414 16466 D cellinfo: 46 bytes from 54.197.223.49: icmp_seq=728 ttl=42 time=48.2 ms
08-12 10:51:17.637 16414 16466 D cellinfo: 46 bytes from 54.197.223.49: icmp_seq=729 ttl=42 time=47.4 ms
08-12 10:51:17.839 16414 16466 D cellinfo: 46 bytes from 54.197.223.49: icmp_seq=730 ttl=42 time=49.2 ms
08-12 10:51:18.047 16414 16466 D cellinfo: 46 bytes from 54.197.223.49: icmp_seq=731 ttl=42 time=57.2 ms
08-12 10:51:18.248 16414 16466 D cellinfo: 46 bytes from 54.197.223.49: icmp_seq=732 ttl=42 time=57.9 ms
08-12 10:51:18.448 16414 16466 D cellinfo: 46 bytes from 54.197.223.49: icmp_seq=733 ttl=42 time=56.5 ms
08-12 10:51:18.649 16414 16466 D cellinfo: 46 bytes from 54.197.223.49: icmp_seq=734 ttl=42 time=56.6 ms
08-12 10:51:18.848 16414 16466 D cellinfo: 46 bytes from 54.197.223.49: icmp_seq=735 ttl=42 time=55.0 ms
08-12 10:51:18.909 16414 16414 D cellinfo: onsignalStrengthsChanged: LTE Signal Strength info: rsrp: -84 rsrq: -14 rssi: -63 rssnr: -6
08-12 10:51:19.048 16414 16466 D cellinfo: 46 bytes from 54.197.223.49: icmp_seq=736 ttl=42 time=54.4 ms
08-12 10:51:19.247 16414 16466 D cellinfo: 46 bytes from 54.197.223.49: icmp_seq=737 ttl=42 time=52.6 ms
08-12 10:51:19.448 16414 16466 D cellinfo: 46 bytes from 54.197.223.49: icmp_seq=738 ttl=42 time=52.8 ms
08-12 10:51:19.647 16414 16466 D cellinfo: 46 bytes from 54.197.223.49: icmp_seq=739 ttl=42 time=51.2 ms
08-12 10:51:19.849 16414 16466 D cellinfo: 46 bytes from 54.197.223.49: icmp_seq=740 ttl=42 time=52.2 ms
08-12 10:51:20.050 16414 16466 D cellinfo: 46 bytes from 54.197.223.49: icmp_seq=741 ttl=42 time=52.1 ms
08-12 10:51:20.227 16414 16414 D cellinfo: Latitude is 41.2328024
08-12 10:51:20.228 16414 16414 D cellinfo: Longitude is -95.8296253
08-12 10:51:20.228 16414 16414 D cellinfo: Instantaneous GPS information: United States, 3032 South Ave, Council Bluffs, IA 51503, USA
08-12 10:51:20.228 16414 16414 D cellinfo: getCurrentLocation() result: Location (success): 41.2328024, -95.8296253
08-12 10:51:20.231 16414 16414 D cellinfo: onCellInfoChanged: Operator: Verizon Wireless UpdateTimestamp: 154315612 CellConnectionStatus: 1
08-12 10:51:20.231 16414 16414 D cellinfo: onCellInfoChanged: LTE Cell Bands: [5, 66, 66, 2] Bandwidth: 10000 Cell ID: 50502951 Physical Cell ID: 142 Tracking Area Code: 50470 EARFCN: 2600
08-12 10:51:20.248 16414 16466 D cellinfo: 46 bytes from 54.197.223.49: icmp_seq=742 ttl=42 time=50.1 ms
08-12 10:51:20.448 16414 16466 D cellinfo: 46 bytes from 54.197.223.49: icmp_seq=743 ttl=42 time=48.8 ms
08-12 10:51:20.666 16414 16466 D cellinfo: 46 bytes from 54.197.223.49: icmp_seq=744 ttl=42 time=66.5 ms
08-12 10:51:20.859 16414 16466 D cellinfo: 46 bytes from 54.197.223.49: icmp_seq=745 ttl=42 time=58.0 ms
08-12 10:51:21.066 16414 16466 D cellinfo: 46 bytes from 54.197.223.49: icmp_seq=746 ttl=42 time=64.0 ms
08-12 10:51:21.259 16414 16466 D cellinfo: 46 bytes from 54.197.223.49: icmp_seq=747 ttl=42 time=56.2 ms
08-12 10:51:21.457 16414 16466 D cellinfo: 46 bytes from 54.197.223.49: icmp_seq=748 ttl=42 time=53.6 ms
08-12 10:51:21.658 16414 16466 D cellinfo: 46 bytes from 54.197.223.49: icmp_seq=749 ttl=42 time=54.0 ms
08-12 10:51:21.858 16414 16466 D cellinfo: 46 bytes from 54.197.223.49: icmp_seq=750 ttl=42 time=52.9 ms
08-12 10:51:22.058 16414 16466 D cellinfo: 46 bytes from 54.197.223.49: icmp_seq=751 ttl=42 time=52.3 ms
08-12 10:51:22.258 16414 16466 D cellinfo: 46 bytes from 54.197.223.49: icmp_seq=752 ttl=42 time=51.4 ms
08-12 10:51:22.460 16414 16466 D cellinfo: 46 bytes from 54.197.223.49: icmp_seq=753 ttl=42 time=52.1 ms
08-12 10:51:22.657 16414 16466 D cellinfo: 46 bytes from 54.197.223.49: icmp_seq=754 ttl=42 time=48.0 ms
08-12 10:51:22.876 16414 16466 D cellinfo: 46 bytes from 54.197.223.49: icmp_seq=755 ttl=42 time=66.7 ms
08-12 10:51:23.082 16414 16466 D cellinfo: 46 bytes from 54.197.223.49: icmp_seq=756 ttl=42 time=72.1 ms
08-12 10:51:23.210 16414 16414 D cellinfo: Latitude is 41.2330029
08-12 10:51:23.210 16414 16414 D cellinfo: Longitude is -95.8291972
08-12 10:51:23.210 16414 16414 D cellinfo: Instantaneous GPS information: United States, 114 E 29th Ave, Council Bluffs, IA 51503, USA
08-12 10:51:23.210 16414 16414 D cellinfo: getCurrentLocation() result: Location (success): 41.2330029, -95.8291972
08-12 10:51:23.219 16414 16414 D cellinfo: onCellInfoChanged: Operator: Verizon Wireless UpdateTimestamp: 154318615 CellConnectionStatus: 1
08-12 10:51:23.219 16414 16414 D cellinfo: onCellInfoChanged: LTE Cell Bands: [5, 66, 66, 2] Bandwidth: 10000 Cell ID: 50502951 Physical Cell ID: 142 Tracking Area Code: 50470 EARFCN: 2600
08-12 10:51:23.265 16414 16466 D cellinfo: 46 bytes from 54.197.223.49: icmp_seq=757 ttl=42 time=54.6 ms
08-12 10:51:23.469 16414 16466 D cellinfo: 46 bytes from 54.197.223.49: icmp_seq=758 ttl=42 time=57.7 ms
08-12 10:51:23.668 16414 16466 D cellinfo: 46 bytes from 54.197.223.49: icmp_seq=759 ttl=42 time=55.8 ms
08-12 10:51:23.867 16414 16466 D cellinfo: 46 bytes from 54.197.223.49: icmp_seq=760 ttl=42 time=54.2 ms
08-12 10:51:23.914 16414 16414 D cellinfo: onsignalStrengthsChanged: LTE Signal Strength info: rsrp: -83 rsrq: -7 rssi: -67 rssnr: 5
08-12 10:51:24.066 16414 16466 D cellinfo: 46 bytes from 54.197.223.49: icmp_seq=761 ttl=42 time=53.3 ms
08-12 10:51:24.268 16414 16466 D cellinfo: 46 bytes from 54.197.223.49: icmp_seq=762 ttl=42 time=52.0 ms
08-12 10:51:24.467 16414 16466 D cellinfo: 46 bytes from 54.197.223.49: icmp_seq=763 ttl=42 time=50.4 ms
08-12 10:51:24.668 16414 16466 D cellinfo: 46 bytes from 54.197.223.49: icmp_seq=764 ttl=42 time=50.0 ms
08-12 10:51:24.868 16414 16466 D cellinfo: 46 bytes from 54.197.223.49: icmp_seq=765 ttl=42 time=48.9 ms
08-12 10:51:25.069 16414 16466 D cellinfo: 46 bytes from 54.197.223.49: icmp_seq=766 ttl=42 time=48.7 ms
08-12 10:51:25.278 16414 16466 D cellinfo: 46 bytes from 54.197.223.49: icmp_seq=767 ttl=42 time=57.8 ms
08-12 10:51:25.477 16414 16466 D cellinfo: 46 bytes from 54.197.223.49: icmp_seq=768 ttl=42 time=56.1 ms
08-12 10:51:25.689 16414 16466 D cellinfo: 46 bytes from 54.197.223.49: icmp_seq=769 ttl=42 time=66.9 ms
08-12 10:51:25.878 16414 16466 D cellinfo: 46 bytes from 54.197.223.49: icmp_seq=770 ttl=42 time=54.9 ms
08-12 10:51:26.074 16414 16466 D cellinfo: 46 bytes from 54.197.223.49: icmp_seq=771 ttl=42 time=50.5 ms
08-12 10:51:26.246 16414 16414 D cellinfo: Latitude is 41.2329837
08-12 10:51:26.247 16414 16414 D cellinfo: Longitude is -95.8292373
08-12 10:51:26.247 16414 16414 D cellinfo: Instantaneous GPS information: United States, 114 E 29th Ave, Council Bluffs, IA 51503, USA
08-12 10:51:26.247 16414 16414 D cellinfo: getCurrentLocation() result: Location (success): 41.2329837, -95.8292373
08-12 10:51:26.249 16414 16414 D cellinfo: onCellInfoChanged: Operator: Verizon Wireless UpdateTimestamp: 154321622 CellConnectionStatus: 1
08-12 10:51:26.249 16414 16414 D cellinfo: onCellInfoChanged: LTE Cell Bands: [5, 66, 66, 2] Bandwidth: 10000 Cell ID: 50502951 Physical Cell ID: 142 Tracking Area Code: 50470 EARFCN: 2600
08-12 10:51:26.280 16414 16466 D cellinfo: 46 bytes from 54.197.223.49: icmp_seq=772 ttl=42 time=55.2 ms
08-12 10:51:26.485 16414 16466 D cellinfo: 46 bytes from 54.197.223.49: icmp_seq=773 ttl=42 time=59.0 ms
08-12 10:51:26.678 16414 16466 D cellinfo: 46 bytes from 54.197.223.49: icmp_seq=774 ttl=42 time=51.5 ms
08-12 10:51:26.877 16414 16466 D cellinfo: 46 bytes from 54.197.223.49: icmp_seq=775 ttl=42 time=49.8 ms
08-12 10:51:27.078 16414 16466 D cellinfo: 46 bytes from 54.197.223.49: icmp_seq=776 ttl=42 time=48.5 ms
08-12 10:51:27.295 16414 16466 D cellinfo: 46 bytes from 54.197.223.49: icmp_seq=777 ttl=42 time=65.0 ms
08-12 10:51:27.488 16414 16466 D cellinfo: 46 bytes from 54.197.223.49: icmp_seq=778 ttl=42 time=57.0 ms
08-12 10:51:27.688 16414 16466 D cellinfo: 46 bytes from 54.197.223.49: icmp_seq=779 ttl=42 time=56.3 ms
08-12 10:51:27.888 16414 16466 D cellinfo: 46 bytes from 54.197.223.49: icmp_seq=780 ttl=42 time=55.6 ms
08-12 10:51:28.088 16414 16466 D cellinfo: 46 bytes from 54.197.223.49: icmp_seq=781 ttl=42 time=54.6 ms
08-12 10:51:28.288 16414 16466 D cellinfo: 46 bytes from 54.197.223.49: icmp_seq=782 ttl=42 time=54.2 ms
08-12 10:51:28.489 16414 16466 D cellinfo: 46 bytes from 54.197.223.49: icmp_seq=783 ttl=42 time=53.5 ms
08-12 10:51:28.688 16414 16466 D cellinfo: 46 bytes from 54.197.223.49: icmp_seq=784 ttl=42 time=52.8 ms
08-12 10:51:28.896 16414 16466 D cellinfo: 46 bytes from 54.197.223.49: icmp_seq=785 ttl=42 time=60.6 ms
08-12 10:51:28.929 16414 16414 D cellinfo: onCellInfoChanged: Operator: Verizon Wireless UpdateTimestamp: 154324617 CellConnectionStatus: 1
08-12 10:51:28.929 16414 16414 D cellinfo: onCellInfoChanged: LTE Cell Bands: [5, 66, 66, 2] Bandwidth: 10000 Cell ID: 50502951 Physical Cell ID: 142 Tracking Area Code: 50470 EARFCN: 2600
08-12 10:51:29.095 16414 16466 D cellinfo: 46 bytes from 54.197.223.49: icmp_seq=786 ttl=42 time=56.9 ms
08-12 10:51:29.289 16414 16466 D cellinfo: 46 bytes from 54.197.223.49: icmp_seq=787 ttl=42 time=51.1 ms
08-12 10:51:29.293 16414 16414 D cellinfo: Latitude is 41.2351718
08-12 10:51:29.293 16414 16414 D cellinfo: Longitude is -95.8269541
08-12 10:51:29.293 16414 16414 D cellinfo: Instantaneous GPS information: United States, 559 Woodbury Ave, Council Bluffs, IA 51503, USA
08-12 10:51:29.293 16414 16414 D cellinfo: getCurrentLocation() result: Location (success): 41.2351718, -95.8269541
08-12 10:51:29.488 16414 16466 D cellinfo: 46 bytes from 54.197.223.49: icmp_seq=788 ttl=42 time=49.3 ms
08-12 10:51:29.698 16414 16466 D cellinfo: 46 bytes from 54.197.223.49: icmp_seq=789 ttl=42 time=57.2 ms
08-12 10:51:29.897 16414 16466 D cellinfo: 46 bytes from 54.197.223.49: icmp_seq=790 ttl=42 time=55.4 ms
08-12 10:51:30.108 16414 16466 D cellinfo: 46 bytes from 54.197.223.49: icmp_seq=791 ttl=42 time=64.3 ms
08-12 10:51:30.297 16414 16466 D cellinfo: 46 bytes from 54.197.223.49: icmp_seq=792 ttl=42 time=53.8 ms
08-12 10:51:30.506 16414 16466 D cellinfo: 46 bytes from 54.197.223.49: icmp_seq=793 ttl=42 time=62.1 ms
08-12 10:51:30.697 16414 16466 D cellinfo: 46 bytes from 54.197.223.49: icmp_seq=794 ttl=42 time=51.5 ms
08-12 10:51:30.898 16414 16466 D cellinfo: 46 bytes from 54.197.223.49: icmp_seq=795 ttl=42 time=52.1 ms
08-12 10:51:30.914 16414 16414 D cellinfo: onsignalStrengthsChanged: LTE Signal Strength info: rsrp: -83 rsrq: -6 rssi: -69 rssnr: 13
08-12 10:51:31.099 16414 16466 D cellinfo: 46 bytes from 54.197.223.49: icmp_seq=796 ttl=42 time=52.5 ms
08-12 10:51:31.299 16414 16466 D cellinfo: 46 bytes from 54.197.223.49: icmp_seq=797 ttl=42 time=51.5 ms
08-12 10:51:31.499 16414 16466 D cellinfo: 46 bytes from 54.197.223.49: icmp_seq=798 ttl=42 time=51.1 ms
08-12 10:51:31.698 16414 16466 D cellinfo: 46 bytes from 54.197.223.49: icmp_seq=799 ttl=42 time=49.9 ms
08-12 10:51:31.878 16414 16414 D cellinfo: Latitude is 41.2351718
08-12 10:51:31.878 16414 16414 D cellinfo: Longitude is -95.8269541
08-12 10:51:31.878 16414 16414 D cellinfo: Instantaneous GPS information: United States, 559 Woodbury Ave, Council Bluffs, IA 51503, USA
08-12 10:51:31.878 16414 16414 D cellinfo: getCurrentLocation() result: Location (success): 41.2351718, -95.8269541
08-12 10:51:31.905 16414 16466 D cellinfo: 46 bytes from 54.197.223.49: icmp_seq=800 ttl=42 time=55.4 ms
08-12 10:51:31.924 16414 16414 D cellinfo: onCellInfoChanged: Operator: Verizon Wireless UpdateTimestamp: 154327612 CellConnectionStatus: 1
08-12 10:51:31.924 16414 16414 D cellinfo: onCellInfoChanged: LTE Cell Bands: [5, 66, 66, 2] Bandwidth: 10000 Cell ID: 50502951 Physical Cell ID: 142 Tracking Area Code: 50470 EARFCN: 2600
08-12 10:51:32.108 16414 16466 D cellinfo: 46 bytes from 54.197.223.49: icmp_seq=801 ttl=42 time=57.6 ms
08-12 10:51:32.308 16414 16466 D cellinfo: 46 bytes from 54.197.223.49: icmp_seq=802 ttl=42 time=56.3 ms
08-12 10:51:32.515 16414 16466 D cellinfo: 46 bytes from 54.197.223.49: icmp_seq=803 ttl=42 time=62.4 ms
08-12 10:51:32.708 16414 16466 D cellinfo: 46 bytes from 54.197.223.49: icmp_seq=804 ttl=42 time=54.2 ms
08-12 10:51:32.907 16414 16466 D cellinfo: 46 bytes from 54.197.223.49: icmp_seq=805 ttl=42 time=52.8 ms
08-12 10:51:33.108 16414 16466 D cellinfo: 46 bytes from 54.197.223.49: icmp_seq=806 ttl=42 time=52.5 ms
08-12 10:51:33.308 16414 16466 D cellinfo: 46 bytes from 54.197.223.49: icmp_seq=807 ttl=42 time=51.3 ms
08-12 10:51:33.507 16414 16466 D cellinfo: 46 bytes from 54.197.223.49: icmp_seq=808 ttl=42 time=49.3 ms
08-12 10:51:33.708 16414 16466 D cellinfo: 46 bytes from 54.197.223.49: icmp_seq=809 ttl=42 time=50.0 ms
08-12 10:51:33.907 16414 16466 D cellinfo: 46 bytes from 54.197.223.49: icmp_seq=810 ttl=42 time=48.0 ms
08-12 10:51:34.108 16414 16466 D cellinfo: 46 bytes from 54.197.223.49: icmp_seq=811 ttl=42 time=48.2 ms
08-12 10:51:34.326 16414 16466 D cellinfo: 46 bytes from 54.197.223.49: icmp_seq=812 ttl=42 time=64.1 ms
08-12 10:51:34.521 16414 16466 D cellinfo: 46 bytes from 54.197.223.49: icmp_seq=813 ttl=42 time=56.9 ms
08-12 10:51:34.718 16414 16466 D cellinfo: 46 bytes from 54.197.223.49: icmp_seq=814 ttl=42 time=55.3 ms
08-12 10:51:34.878 16414 16414 D cellinfo: Latitude is 41.2351718
08-12 10:51:34.878 16414 16414 D cellinfo: Longitude is -95.8269541
08-12 10:51:34.879 16414 16414 D cellinfo: Instantaneous GPS information: United States, 559 Woodbury Ave, Council Bluffs, IA 51503, USA
08-12 10:51:34.879 16414 16414 D cellinfo: getCurrentLocation() result: Location (success): 41.2351718, -95.8269541
08-12 10:51:34.910 16414 16414 D cellinfo: onsignalStrengthsChanged: LTE Signal Strength info: rsrp: -90 rsrq: -8 rssi: -73 rssnr: 9
08-12 10:51:34.918 16414 16466 D cellinfo: 46 bytes from 54.197.223.49: icmp_seq=815 ttl=42 time=53.9 ms
08-12 10:51:34.938 16414 16414 D cellinfo: onCellInfoChanged: Operator: Verizon Wireless UpdateTimestamp: 154330625 CellConnectionStatus: 1
08-12 10:51:34.938 16414 16414 D cellinfo: onCellInfoChanged: LTE Cell Bands: [5, 66, 66, 2] Bandwidth: 10000 Cell ID: 50502951 Physical Cell ID: 142 Tracking Area Code: 50470 EARFCN: 2600
08-12 10:51:35.117 16414 16466 D cellinfo: 46 bytes from 54.197.223.49: icmp_seq=816 ttl=42 time=52.7 ms
08-12 10:51:35.318 16414 16466 D cellinfo: 46 bytes from 54.197.223.49: icmp_seq=817 ttl=42 time=52.8 ms
08-12 10:51:35.518 16414 16466 D cellinfo: 46 bytes from 54.197.223.49: icmp_seq=818 ttl=42 time=52.1 ms
08-12 10:51:35.718 16414 16466 D cellinfo: 46 bytes from 54.197.223.49: icmp_seq=819 ttl=42 time=51.0 ms
08-12 10:51:35.918 16414 16466 D cellinfo: 46 bytes from 54.197.223.49: icmp_seq=820 ttl=42 time=50.3 ms
08-12 10:51:36.120 16414 16466 D cellinfo: 46 bytes from 54.197.223.49: icmp_seq=821 ttl=42 time=51.2 ms
08-12 10:51:36.319 16414 16466 D cellinfo: 46 bytes from 54.197.223.49: icmp_seq=822 ttl=42 time=49.1 ms
08-12 10:51:36.531 16414 16466 D cellinfo: 46 bytes from 54.197.223.49: icmp_seq=823 ttl=42 time=59.6 ms
08-12 10:51:36.728 16414 16466 D cellinfo: 46 bytes from 54.197.223.49: icmp_seq=824 ttl=42 time=57.1 ms
08-12 10:51:36.928 16414 16466 D cellinfo: 46 bytes from 54.197.223.49: icmp_seq=825 ttl=42 time=56.0 ms
08-12 10:51:37.135 16414 16466 D cellinfo: 46 bytes from 54.197.223.49: icmp_seq=826 ttl=42 time=62.2 ms
08-12 10:51:37.329 16414 16466 D cellinfo: 46 bytes from 54.197.223.49: icmp_seq=827 ttl=42 time=52.9 ms
08-12 10:51:37.366 16414 16414 D cellinfo: onServiceStateChanged: Channel Number: 66586 Cell Bandwidths: [10000, 5000, 10000, 5000]
08-12 10:51:37.385 16414 16414 D cellinfo: onDisplayInfoChanged: NetworkType: LTE OverrideNetworkType: 5G (Sub-6 GHz)
08-12 10:51:37.541 16414 16466 D cellinfo: 46 bytes from 54.197.223.49: icmp_seq=828 ttl=42 time=65.5 ms
08-12 10:51:37.734 16414 16466 D cellinfo: 46 bytes from 54.197.223.49: icmp_seq=829 ttl=42 time=57.3 ms
08-12 10:51:37.877 16414 16414 D cellinfo: Latitude is 41.2351718
08-12 10:51:37.877 16414 16414 D cellinfo: Longitude is -95.8269541
08-12 10:51:37.877 16414 16414 D cellinfo: Instantaneous GPS information: United States, 559 Woodbury Ave, Council Bluffs, IA 51503, USA
08-12 10:51:37.877 16414 16414 D cellinfo: getCurrentLocation() result: Location (success): 41.2351718, -95.8269541
08-12 10:51:37.925 16414 16414 D cellinfo: onCellInfoChanged: Operator: Verizon Wireless UpdateTimestamp: 154333607 CellConnectionStatus: 1
08-12 10:51:37.925 16414 16414 D cellinfo: onCellInfoChanged: LTE Cell Bands: [66, 66, 5, 2] Bandwidth: 10000 Cell ID: 127302944 Physical Cell ID: 142 Tracking Area Code: 50470 EARFCN: 66586
08-12 10:51:37.934 16414 16466 D cellinfo: 46 bytes from 54.197.223.49: icmp_seq=830 ttl=42 time=57.4 ms
08-12 10:51:38.140 16414 16466 D cellinfo: 46 bytes from 54.197.223.49: icmp_seq=831 ttl=42 time=62.1 ms
08-12 10:51:38.311 16414 16414 D cellinfo: onsignalStrengthsChanged: LTE Signal Strength info: rsrp: -82 rsrq: -6 rssi: -67 rssnr: 18
08-12 10:51:38.333 16414 16466 D cellinfo: 46 bytes from 54.197.223.49: icmp_seq=832 ttl=42 time=54.0 ms
08-12 10:51:38.533 16414 16466 D cellinfo: 46 bytes from 54.197.223.49: icmp_seq=833 ttl=42 time=53.3 ms
08-12 10:51:38.733 16414 16466 D cellinfo: 46 bytes from 54.197.223.49: icmp_seq=834 ttl=42 time=52.5 ms
08-12 10:51:38.933 16414 16466 D cellinfo: 46 bytes from 54.197.223.49: icmp_seq=835 ttl=42 time=51.3 ms
08-12 10:51:39.133 16414 16466 D cellinfo: 46 bytes from 54.197.223.49: icmp_seq=836 ttl=42 time=50.6 ms
08-12 10:51:39.333 16414 16466 D cellinfo: 46 bytes from 54.197.223.49: icmp_seq=837 ttl=42 time=50.1 ms
08-12 10:51:39.533 16414 16466 D cellinfo: 46 bytes from 54.197.223.49: icmp_seq=838 ttl=42 time=49.2 ms
08-12 10:51:39.743 16414 16466 D cellinfo: 46 bytes from 54.197.223.49: icmp_seq=839 ttl=42 time=58.2 ms
08-12 10:51:39.946 16414 16466 D cellinfo: 46 bytes from 54.197.223.49: icmp_seq=840 ttl=42 time=58.8 ms
08-12 10:51:40.140 16414 16466 D cellinfo: 46 bytes from 54.197.223.49: icmp_seq=841 ttl=42 time=52.8 ms
08-12 10:51:40.344 16414 16466 D cellinfo: 46 bytes from 54.197.223.49: icmp_seq=842 ttl=42 time=55.2 ms
08-12 10:51:40.544 16414 16466 D cellinfo: 46 bytes from 54.197.223.49: icmp_seq=843 ttl=42 time=55.3 ms
08-12 10:51:40.743 16414 16466 D cellinfo: 46 bytes from 54.197.223.49: icmp_seq=844 ttl=42 time=53.6 ms
08-12 10:51:40.925 16414 16414 D cellinfo: onCellInfoChanged: Operator: Verizon Wireless UpdateTimestamp: 154336613 CellConnectionStatus: 1
08-12 10:51:40.925 16414 16414 D cellinfo: onCellInfoChanged: LTE Cell Bands: [66, 66, 5, 2] Bandwidth: 10000 Cell ID: 127302944 Physical Cell ID: 142 Tracking Area Code: 50470 EARFCN: 66586
08-12 10:51:40.943 16414 16466 D cellinfo: 46 bytes from 54.197.223.49: icmp_seq=845 ttl=42 time=52.8 ms
08-12 10:51:41.141 16414 16466 D cellinfo: 46 bytes from 54.197.223.49: icmp_seq=846 ttl=42 time=50.5 ms
08-12 10:51:41.343 16414 16466 D cellinfo: 46 bytes from 54.197.223.49: icmp_seq=847 ttl=42 time=51.3 ms
08-12 10:51:41.542 16414 16466 D cellinfo: 46 bytes from 54.197.223.49: icmp_seq=848 ttl=42 time=49.1 ms
08-12 10:51:41.743 16414 16466 D cellinfo: 46 bytes from 54.197.223.49: icmp_seq=849 ttl=42 time=49.5 ms
08-12 10:51:41.947 16414 16466 D cellinfo: 46 bytes from 54.197.223.49: icmp_seq=850 ttl=42 time=52.2 ms
08-12 10:51:42.164 16414 16466 D cellinfo: 46 bytes from 54.197.223.49: icmp_seq=851 ttl=42 time=68.2 ms
08-12 10:51:42.344 16414 16466 D cellinfo: 46 bytes from 54.197.223.49: icmp_seq=852 ttl=42 time=45.9 ms
08-12 10:51:42.412 16414 16414 D cellinfo: Latitude is 41.237994
08-12 10:51:42.412 16414 16414 D cellinfo: Longitude is -95.8254755
08-12 10:51:42.412 16414 16414 D cellinfo: Instantaneous GPS information: United States, Woodbury Hill, Council Bluffs, IA 51503, USA
08-12 10:51:42.412 16414 16414 D cellinfo: getCurrentLocation() result: Location (success): 41.237994, -95.8254755
08-12 10:51:42.553 16414 16466 D cellinfo: 46 bytes from 54.197.223.49: icmp_seq=853 ttl=42 time=55.2 ms
08-12 10:51:42.752 16414 16466 D cellinfo: 46 bytes from 54.197.223.49: icmp_seq=854 ttl=42 time=53.2 ms
08-12 10:51:42.953 16414 16466 D cellinfo: 46 bytes from 54.197.223.49: icmp_seq=855 ttl=42 time=53.3 ms
08-12 10:51:43.153 16414 16466 D cellinfo: 46 bytes from 54.197.223.49: icmp_seq=856 ttl=42 time=52.9 ms
08-12 10:51:43.353 16414 16466 D cellinfo: 46 bytes from 54.197.223.49: icmp_seq=857 ttl=42 time=52.3 ms
08-12 10:51:43.553 16414 16466 D cellinfo: 46 bytes from 54.197.223.49: icmp_seq=858 ttl=42 time=52.2 ms
08-12 10:51:43.751 16414 16466 D cellinfo: 46 bytes from 54.197.223.49: icmp_seq=859 ttl=42 time=48.9 ms
08-12 10:51:43.871 16414 16414 D cellinfo: Latitude is 41.237994
08-12 10:51:43.872 16414 16414 D cellinfo: Longitude is -95.8254755
08-12 10:51:43.872 16414 16414 D cellinfo: Instantaneous GPS information: United States, Woodbury Hill, Council Bluffs, IA 51503, USA
08-12 10:51:43.872 16414 16414 D cellinfo: getCurrentLocation() result: Location (success): 41.237994, -95.8254755
08-12 10:51:43.903 16414 16414 D cellinfo: onCellInfoChanged: Operator: Verizon Wireless UpdateTimestamp: 154339589 CellConnectionStatus: 1
08-12 10:51:43.903 16414 16414 D cellinfo: onCellInfoChanged: LTE Cell Bands: [66, 66, 5, 2] Bandwidth: 10000 Cell ID: 127302944 Physical Cell ID: 142 Tracking Area Code: 50470 EARFCN: 66586
08-12 10:51:43.963 16414 16466 D cellinfo: 46 bytes from 54.197.223.49: icmp_seq=860 ttl=42 time=60.8 ms
08-12 10:51:44.166 16414 16466 D cellinfo: 46 bytes from 54.197.223.49: icmp_seq=861 ttl=42 time=63.0 ms
08-12 10:51:44.353 16414 16466 D cellinfo: 46 bytes from 54.197.223.49: icmp_seq=862 ttl=42 time=49.6 ms
08-12 10:51:44.553 16414 16466 D cellinfo: 46 bytes from 54.197.223.49: icmp_seq=863 ttl=42 time=49.2 ms
08-12 10:51:44.761 16414 16466 D cellinfo: 46 bytes from 54.197.223.49: icmp_seq=864 ttl=42 time=56.5 ms
08-12 10:51:44.962 16414 16466 D cellinfo: 46 bytes from 54.197.223.49: icmp_seq=865 ttl=42 time=56.2 ms
08-12 10:51:45.164 16414 16466 D cellinfo: 46 bytes from 54.197.223.49: icmp_seq=866 ttl=42 time=56.4 ms
08-12 10:51:45.363 16414 16466 D cellinfo: 46 bytes from 54.197.223.49: icmp_seq=867 ttl=42 time=55.8 ms
08-12 10:51:45.564 16414 16466 D cellinfo: 46 bytes from 54.197.223.49: icmp_seq=868 ttl=42 time=55.7 ms
08-12 10:51:45.763 16414 16466 D cellinfo: 46 bytes from 54.197.223.49: icmp_seq=869 ttl=42 time=54.7 ms
08-12 10:51:45.964 16414 16466 D cellinfo: 46 bytes from 54.197.223.49: icmp_seq=870 ttl=42 time=54.0 ms
08-12 10:51:46.163 16414 16466 D cellinfo: 46 bytes from 54.197.223.49: icmp_seq=871 ttl=42 time=53.1 ms
08-12 10:51:46.371 16414 16466 D cellinfo: 46 bytes from 54.197.223.49: icmp_seq=872 ttl=42 time=60.1 ms
08-12 10:51:46.565 16414 16466 D cellinfo: 46 bytes from 54.197.223.49: icmp_seq=873 ttl=42 time=52.8 ms
08-12 10:51:46.763 16414 16466 D cellinfo: 46 bytes from 54.197.223.49: icmp_seq=874 ttl=42 time=50.6 ms
08-12 10:51:46.963 16414 16466 D cellinfo: 46 bytes from 54.197.223.49: icmp_seq=875 ttl=42 time=50.3 ms
08-12 10:51:47.197 16414 16414 D cellinfo: Latitude is 41.238331
08-12 10:51:47.197 16414 16414 D cellinfo: Longitude is -95.8252765
08-12 10:51:47.197 16414 16414 D cellinfo: Instantaneous GPS information: United States, Woodbury Hill, Council Bluffs, IA 51503, USA
08-12 10:51:47.197 16414 16414 D cellinfo: getCurrentLocation() result: Location (success): 41.238331, -95.8252765
08-12 10:51:47.198 16414 16466 D cellinfo: 46 bytes from 54.197.223.49: icmp_seq=876 ttl=42 time=83.4 ms
08-12 10:51:47.201 16414 16414 D cellinfo: onCellInfoChanged: Operator: Verizon Wireless UpdateTimestamp: 154342606 CellConnectionStatus: 1
08-12 10:51:47.201 16414 16414 D cellinfo: onCellInfoChanged: LTE Cell Bands: [66, 66, 5, 2] Bandwidth: 10000 Cell ID: 127302944 Physical Cell ID: 142 Tracking Area Code: 50470 EARFCN: 66586
08-12 10:51:47.384 16414 16466 D cellinfo: 46 bytes from 54.197.223.49: icmp_seq=877 ttl=42 time=67.4 ms
08-12 10:51:47.575 16414 16466 D cellinfo: 46 bytes from 54.197.223.49: icmp_seq=878 ttl=42 time=56.6 ms
08-12 10:51:47.774 16414 16466 D cellinfo: 46 bytes from 54.197.223.49: icmp_seq=879 ttl=42 time=56.0 ms
08-12 10:51:47.981 16414 16466 D cellinfo: 46 bytes from 54.197.223.49: icmp_seq=880 ttl=42 time=62.9 ms
08-12 10:51:48.173 16414 16466 D cellinfo: 46 bytes from 54.197.223.49: icmp_seq=881 ttl=42 time=54.3 ms
08-12 10:51:48.374 16414 16466 D cellinfo: 46 bytes from 54.197.223.49: icmp_seq=882 ttl=42 time=53.9 ms
08-12 10:51:48.574 16414 16466 D cellinfo: 46 bytes from 54.197.223.49: icmp_seq=883 ttl=42 time=52.9 ms
08-12 10:51:48.774 16414 16466 D cellinfo: 46 bytes from 54.197.223.49: icmp_seq=884 ttl=42 time=50.5 ms
08-12 10:51:48.977 16414 16466 D cellinfo: 46 bytes from 54.197.223.49: icmp_seq=885 ttl=42 time=53.9 ms
08-12 10:51:49.177 16414 16466 D cellinfo: 46 bytes from 54.197.223.49: icmp_seq=886 ttl=42 time=53.4 ms
08-12 10:51:49.378 16414 16466 D cellinfo: 46 bytes from 54.197.223.49: icmp_seq=887 ttl=42 time=53.1 ms
08-12 10:51:49.583 16414 16466 D cellinfo: 46 bytes from 54.197.223.49: icmp_seq=888 ttl=42 time=57.8 ms
08-12 10:51:49.784 16414 16466 D cellinfo: 46 bytes from 54.197.223.49: icmp_seq=889 ttl=42 time=57.1 ms
08-12 10:51:49.974 16414 16466 D cellinfo: 46 bytes from 54.197.223.49: icmp_seq=890 ttl=42 time=46.9 ms
08-12 10:51:50.184 16414 16466 D cellinfo: 46 bytes from 54.197.223.49: icmp_seq=891 ttl=42 time=56.0 ms
08-12 10:51:50.264 16414 16414 D cellinfo: Latitude is 41.2386506
08-12 10:51:50.264 16414 16414 D cellinfo: Longitude is -95.825088
08-12 10:51:50.264 16414 16414 D cellinfo: Instantaneous GPS information: United States, 900 Woodbury Ave Suite 8 B, Council Bluffs, IA 51503, USA
08-12 10:51:50.264 16414 16414 D cellinfo: getCurrentLocation() result: Location (success): 41.2386506, -95.825088
08-12 10:51:50.268 16414 16414 D cellinfo: onCellInfoChanged: Operator: Verizon Wireless UpdateTimestamp: 154345611 CellConnectionStatus: 1
08-12 10:51:50.268 16414 16414 D cellinfo: onCellInfoChanged: LTE Cell Bands: [66, 66, 5, 2] Bandwidth: 10000 Cell ID: 127302944 Physical Cell ID: 142 Tracking Area Code: 50470 EARFCN: 66586
08-12 10:51:50.308 16414 16414 D cellinfo: onsignalStrengthsChanged: LTE Signal Strength info: rsrp: -74 rsrq: -8 rssi: -59 rssnr: 8
08-12 10:51:50.391 16414 16466 D cellinfo: 46 bytes from 54.197.223.49: icmp_seq=892 ttl=42 time=62.7 ms
08-12 10:51:50.588 16414 16466 D cellinfo: 46 bytes from 54.197.223.49: icmp_seq=893 ttl=42 time=59.3 ms
08-12 10:51:50.786 16414 16466 D cellinfo: 46 bytes from 54.197.223.49: icmp_seq=894 ttl=42 time=56.0 ms
08-12 10:51:50.984 16414 16466 D cellinfo: 46 bytes from 54.197.223.49: icmp_seq=895 ttl=42 time=53.5 ms
08-12 10:51:51.189 16414 16466 D cellinfo: 46 bytes from 54.197.223.49: icmp_seq=896 ttl=42 time=58.1 ms
08-12 10:51:51.387 16414 16466 D cellinfo: 46 bytes from 54.197.223.49: icmp_seq=897 ttl=42 time=55.2 ms
08-12 10:51:51.591 16414 16466 D cellinfo: 46 bytes from 54.197.223.49: icmp_seq=898 ttl=42 time=58.1 ms
08-12 10:51:51.796 16414 16466 D cellinfo: 46 bytes from 54.197.223.49: icmp_seq=899 ttl=42 time=61.8 ms
08-12 10:51:52.000 16414 16466 D cellinfo: 46 bytes from 54.197.223.49: icmp_seq=900 ttl=42 time=65.3 ms
08-12 10:51:52.240 16414 16466 D cellinfo: 46 bytes from 54.197.223.49: icmp_seq=901 ttl=42 time=104 ms
08-12 10:51:52.382 16414 16466 D cellinfo: 46 bytes from 54.197.223.49: icmp_seq=902 ttl=42 time=47.0 ms
08-12 10:51:52.613 16414 16466 D cellinfo: 46 bytes from 54.197.223.49: icmp_seq=903 ttl=42 time=77.0 ms
08-12 10:51:52.813 16414 16466 D cellinfo: 46 bytes from 54.197.223.49: icmp_seq=904 ttl=42 time=76.0 ms
08-12 10:51:52.889 16414 16414 D cellinfo: Latitude is 41.2386207
08-12 10:51:52.889 16414 16414 D cellinfo: Longitude is -95.8251063
08-12 10:51:52.889 16414 16414 D cellinfo: Instantaneous GPS information: United States, 900 Woodbury Ave Suite 8 B, Council Bluffs, IA 51503, USA
08-12 10:51:52.889 16414 16414 D cellinfo: getCurrentLocation() result: Location (success): 41.2386207, -95.8251063
08-12 10:51:52.936 16414 16414 D cellinfo: onCellInfoChanged: Operator: Verizon Wireless UpdateTimestamp: 154348625 CellConnectionStatus: 1
08-12 10:51:52.936 16414 16414 D cellinfo: onCellInfoChanged: LTE Cell Bands: [66, 66, 5, 2] Bandwidth: 10000 Cell ID: 127302944 Physical Cell ID: 142 Tracking Area Code: 50470 EARFCN: 66586
08-12 10:51:53.056 16414 16466 D cellinfo: 46 bytes from 54.197.223.49: icmp_seq=905 ttl=42 time=118 ms
08-12 10:51:53.204 16414 16466 D cellinfo: 46 bytes from 54.197.223.49: icmp_seq=906 ttl=42 time=66.2 ms
08-12 10:51:53.401 16414 16466 D cellinfo: 46 bytes from 54.197.223.49: icmp_seq=907 ttl=42 time=62.3 ms
08-12 10:51:53.602 16414 16466 D cellinfo: 46 bytes from 54.197.223.49: icmp_seq=908 ttl=42 time=61.9 ms
08-12 10:51:53.884 16414 16466 D cellinfo: 46 bytes from 54.197.223.49: icmp_seq=909 ttl=42 time=143 ms
08-12 10:51:54.001 16414 16466 D cellinfo: 46 bytes from 54.197.223.49: icmp_seq=910 ttl=42 time=59.5 ms
08-12 10:51:54.217 16414 16466 D cellinfo: 46 bytes from 54.197.223.49: icmp_seq=911 ttl=42 time=75.8 ms
08-12 10:51:54.310 16414 16414 D cellinfo: onsignalStrengthsChanged: LTE Signal Strength info: rsrp: -81 rsrq: -14 rssi: -59 rssnr: 3
08-12 10:51:54.426 16414 16466 D cellinfo: 46 bytes from 54.197.223.49: icmp_seq=912 ttl=42 time=83.8 ms
08-12 10:51:54.609 16414 16466 D cellinfo: 46 bytes from 54.197.223.49: icmp_seq=913 ttl=42 time=66.6 ms
08-12 10:51:54.795 16414 16466 D cellinfo: 46 bytes from 54.197.223.49: icmp_seq=914 ttl=42 time=51.3 ms
08-12 10:51:55.001 16414 16466 D cellinfo: 46 bytes from 54.197.223.49: icmp_seq=915 ttl=42 time=56.2 ms
08-12 10:51:55.202 16414 16466 D cellinfo: 46 bytes from 54.197.223.49: icmp_seq=916 ttl=42 time=57.1 ms
08-12 10:51:55.533 16414 16466 D cellinfo: 46 bytes from 54.197.223.49: icmp_seq=917 ttl=42 time=187 ms
08-12 10:51:55.611 16414 16466 D cellinfo: 46 bytes from 54.197.223.49: icmp_seq=918 ttl=42 time=64.2 ms
08-12 10:51:55.811 16414 16466 D cellinfo: 46 bytes from 54.197.223.49: icmp_seq=919 ttl=42 time=63.3 ms
08-12 10:51:55.911 16414 16414 D cellinfo: onCellInfoChanged: Operator: Verizon Wireless UpdateTimestamp: 154351596 CellConnectionStatus: 1
08-12 10:51:55.911 16414 16414 D cellinfo: onCellInfoChanged: LTE Cell Bands: [66, 66, 5, 2] Bandwidth: 10000 Cell ID: 127302944 Physical Cell ID: 142 Tracking Area Code: 50470 EARFCN: 66586
08-12 10:51:56.044 16414 16466 D cellinfo: 46 bytes from 54.197.223.49: icmp_seq=920 ttl=42 time=95.2 ms
