08-12 10:49:52.889 16414 16414 D cellinfo: onCellInfoChanged: Operator: Verizon Wireless UpdateTimestamp: 154228575 CellConnectionStatus: 1
08-12 10:49:52.889 16414 16414 D cellinfo: onCellInfoChanged: 5G-NR Cell Bands: [] ARFCN: 175000 Cell ID: 9223372036854775807 Physical Cell ID: 437 Tracking Area Code: 16777215
08-12 10:49:52.938 16414 16466 D cellinfo: 46 bytes from 54.197.223.49: icmp_seq=307 ttl=42 time=80.9 ms
08-12 10:49:53.105 16414 16466 D cellinfo: 46 bytes from 54.197.223.49: icmp_seq=308 ttl=42 time=47.6 ms
08-12 10:49:53.319 16414 16466 D cellinfo: 46 bytes from 54.197.223.49: icmp_seq=309 ttl=42 time=60.8 ms
08-12 10:49:53.430 16414 16414 D cellinfo: onsignalStrengthsChanged: LTE Signal Strength info: rsrp: -83 rsrq: -13 rssi: -61 rssnr: -1
08-12 10:49:53.430 16414 16414 D cellinfo: onsignalStrengthsChanged: 5G-NR Signal Strength info: ssrsrp: -88 ssrsrq: -13 sssinr: 2
08-12 10:49:53.519 16414 16466 D cellinfo: 46 bytes from 54.197.223.49: icmp_seq=310 ttl=42 time=60.2 ms
08-12 10:49:53.728 16414 16466 D cellinfo: 46 bytes from 54.197.223.49: icmp_seq=311 ttl=42 time=68.0 ms
08-12 10:49:53.922 16414 16466 D cellinfo: 46 bytes from 54.197.223.49: icmp_seq=312 ttl=42 time=61.4 ms
08-12 10:49:54.133 16414 16466 D cellinfo: 46 bytes from 54.197.223.49: icmp_seq=313 ttl=42 time=70.8 ms
08-12 10:49:54.349 16414 16466 D cellinfo: 46 bytes from 54.197.223.49: icmp_seq=314 ttl=42 time=86.8 ms
08-12 10:49:54.519 16414 16466 D cellinfo: 46 bytes from 54.197.223.49: icmp_seq=315 ttl=42 time=55.8 ms
08-12 10:49:54.713 16414 16466 D cellinfo: 46 bytes from 54.197.223.49: icmp_seq=316 ttl=42 time=49.3 ms
08-12 10:49:54.910 16414 16466 D cellinfo: 46 bytes from 54.197.223.49: icmp_seq=317 ttl=42 time=45.5 ms
08-12 10:49:55.131 16414 16466 D cellinfo: 46 bytes from 54.197.223.49: icmp_seq=318 ttl=42 time=64.3 ms
08-12 10:49:55.325 16414 16466 D cellinfo: 46 bytes from 54.197.223.49: icmp_seq=319 ttl=42 time=58.7 ms
08-12 10:49:55.518 16414 16466 D cellinfo: 46 bytes from 54.197.223.49: icmp_seq=320 ttl=42 time=49.9 ms
08-12 10:49:55.726 16414 16466 D cellinfo: 46 bytes from 54.197.223.49: icmp_seq=321 ttl=42 time=57.3 ms
08-12 10:49:55.871 16414 16414 D cellinfo: Latitude is 41.2318991
08-12 10:49:55.871 16414 16414 D cellinfo: Longitude is -95.8526902
08-12 10:49:55.871 16414 16414 D cellinfo: Instantaneous GPS information: United States, I-29, Council Bluffs, IA 51501, USA
08-12 10:49:55.871 16414 16414 D cellinfo: getCurrentLocation() result: Location (success): 41.2318991, -95.8526902
08-12 10:49:55.911 16414 16414 D cellinfo: onCellInfoChanged: Operator: Verizon Wireless UpdateTimestamp: 154231599 CellConnectionStatus: 1
08-12 10:49:55.911 16414 16414 D cellinfo: onCellInfoChanged: 5G-NR Cell Bands: [] ARFCN: 175000 Cell ID: 9223372036854775807 Physical Cell ID: 437 Tracking Area Code: 16777215
08-12 10:49:55.933 16414 16466 D cellinfo: 46 bytes from 54.197.223.49: icmp_seq=322 ttl=42 time=63.4 ms
08-12 10:49:56.120 16414 16466 D cellinfo: 46 bytes from 54.197.223.49: icmp_seq=323 ttl=42 time=50.1 ms
08-12 10:49:56.359 16414 16466 D cellinfo: 46 bytes from 54.197.223.49: icmp_seq=324 ttl=42 time=88.7 ms
08-12 10:49:56.526 16414 16466 D cellinfo: 46 bytes from 54.197.223.49: icmp_seq=325 ttl=42 time=54.6 ms
08-12 10:49:56.725 16414 16466 D cellinfo: 46 bytes from 54.197.223.49: icmp_seq=326 ttl=42 time=52.3 ms
08-12 10:49:56.948 16414 16466 D cellinfo: 46 bytes from 54.197.223.49: icmp_seq=327 ttl=42 time=75.2 ms
08-12 10:49:57.149 16414 16466 D cellinfo: 46 bytes from 54.197.223.49: icmp_seq=328 ttl=42 time=74.6 ms
08-12 10:49:57.354 16414 16466 D cellinfo: 46 bytes from 54.197.223.49: icmp_seq=329 ttl=42 time=79.7 ms
08-12 10:49:57.549 16414 16466 D cellinfo: 46 bytes from 54.197.223.49: icmp_seq=330 ttl=42 time=73.5 ms
08-12 10:49:57.749 16414 16466 D cellinfo: 46 bytes from 54.197.223.49: icmp_seq=331 ttl=42 time=72.8 ms
08-12 10:49:57.971 16414 16466 D cellinfo: 46 bytes from 54.197.223.49: icmp_seq=332 ttl=42 time=94.1 ms
08-12 10:49:58.158 16414 16466 D cellinfo: 46 bytes from 54.197.223.49: icmp_seq=333 ttl=42 time=80.2 ms
08-12 10:49:58.358 16414 16466 D cellinfo: 46 bytes from 54.197.223.49: icmp_seq=334 ttl=42 time=79.2 ms
08-12 10:49:58.433 16414 16414 D cellinfo: onsignalStrengthsChanged: LTE Signal Strength info: rsrp: -74 rsrq: -13 rssi: -53 rssnr: 2
08-12 10:49:58.433 16414 16414 D cellinfo: onsignalStrengthsChanged: 5G-NR Signal Strength info: ssrsrp: -82 ssrsrq: -12 sssinr: 4
08-12 10:49:58.579 16414 16466 D cellinfo: 46 bytes from 54.197.223.49: icmp_seq=335 ttl=42 time=99.9 ms
08-12 10:49:58.754 16414 16466 D cellinfo: 46 bytes from 54.197.223.49: icmp_seq=336 ttl=42 time=74.1 ms
08-12 10:49:58.871 16414 16414 D cellinfo: Latitude is 41.2318991
08-12 10:49:58.872 16414 16414 D cellinfo: Longitude is -95.8526902
08-12 10:49:58.872 16414 16414 D cellinfo: Instantaneous GPS information: United States, I-29, Council Bluffs, IA 51501, USA
08-12 10:49:58.872 16414 16414 D cellinfo: getCurrentLocation() result: Location (success): 41.2318991, -95.8526902
08-12 10:49:58.912 16414 16414 D cellinfo: onCellInfoChanged: Operator: Verizon Wireless UpdateTimestamp: 154234598 CellConnectionStatus: 1
08-12 10:49:58.912 16414 16414 D cellinfo: onCellInfoChanged: 5G-NR Cell Bands: [] ARFCN: 175000 Cell ID: 9223372036854775807 Physical Cell ID: 437 Tracking Area Code: 16777215
08-12 10:49:58.965 16414 16466 D cellinfo: 46 bytes from 54.197.223.49: icmp_seq=337 ttl=42 time=85.0 ms
08-12 10:49:59.121 16414 16466 D cellinfo: 46 bytes from 54.197.223.49: icmp_seq=338 ttl=42 time=40.0 ms
08-12 10:50:00.266 16414 16466 D cellinfo: 46 bytes from 54.197.223.49: icmp_seq=339 ttl=42 time=983 ms
08-12 10:50:00.266 16414 16466 D cellinfo: 46 bytes from 54.197.223.49: icmp_seq=340 ttl=42 time=781 ms
08-12 10:50:00.266 16414 16466 D cellinfo: 46 bytes from 54.197.223.49: icmp_seq=341 ttl=42 time=577 ms
08-12 10:50:00.266 16414 16466 D cellinfo: 46 bytes from 54.197.223.49: icmp_seq=342 ttl=42 time=373 ms
08-12 10:50:00.266 16414 16466 D cellinfo: 46 bytes from 54.197.223.49: icmp_seq=343 ttl=42 time=169 ms
08-12 10:50:00.369 16414 16466 D cellinfo: 46 bytes from 54.197.223.49: icmp_seq=344 ttl=42 time=72.6 ms
08-12 10:50:00.559 16414 16466 D cellinfo: 46 bytes from 54.197.223.49: icmp_seq=345 ttl=42 time=62.2 ms
08-12 10:50:00.773 16414 16466 D cellinfo: 46 bytes from 54.197.223.49: icmp_seq=346 ttl=42 time=75.2 ms
08-12 10:50:00.961 16414 16466 D cellinfo: 46 bytes from 54.197.223.49: icmp_seq=347 ttl=42 time=62.7 ms
08-12 10:50:01.159 16414 16466 D cellinfo: 46 bytes from 54.197.223.49: icmp_seq=348 ttl=42 time=59.9 ms
08-12 10:50:01.357 16414 16466 D cellinfo: 46 bytes from 54.197.223.49: icmp_seq=349 ttl=42 time=57.3 ms
08-12 10:50:01.432 16414 16414 D cellinfo: onsignalStrengthsChanged: LTE Signal Strength info: rsrp: -68 rsrq: -10 rssi: -51 rssnr: 10
08-12 10:50:01.432 16414 16414 D cellinfo: onsignalStrengthsChanged: 5G-NR Signal Strength info: ssrsrp: -78 ssrsrq: -11 sssinr: 10
08-12 10:50:01.575 16414 16466 D cellinfo: 46 bytes from 54.197.223.49: icmp_seq=350 ttl=42 time=74.7 ms
08-12 10:50:01.759 16414 16466 D cellinfo: 46 bytes from 54.197.223.49: icmp_seq=351 ttl=42 time=58.1 ms
08-12 10:50:01.893 16414 16414 D cellinfo: onCellInfoChanged: Operator: Verizon Wireless UpdateTimestamp: 154237583 CellConnectionStatus: 1
08-12 10:50:01.893 16414 16414 D cellinfo: onCellInfoChanged: 5G-NR Cell Bands: [] ARFCN: 175000 Cell ID: 9223372036854775807 Physical Cell ID: 437 Tracking Area Code: 16777215
08-12 10:50:01.945 16414 16466 D cellinfo: 46 bytes from 54.197.223.49: icmp_seq=352 ttl=42 time=43.6 ms
08-12 10:50:02.148 16414 16466 D cellinfo: 46 bytes from 54.197.223.49: icmp_seq=353 ttl=42 time=44.8 ms
08-12 10:50:02.317 16414 16414 D cellinfo: Latitude is 41.2319035
08-12 10:50:02.317 16414 16414 D cellinfo: Longitude is -95.8502742
08-12 10:50:02.317 16414 16414 D cellinfo: Instantaneous GPS information: United States, 610 30th Ave, Council Bluffs, IA 51501, USA
08-12 10:50:02.317 16414 16414 D cellinfo: getCurrentLocation() result: Location (success): 41.2319035, -95.8502742
08-12 10:50:02.361 16414 16466 D cellinfo: 46 bytes from 54.197.223.49: icmp_seq=354 ttl=42 time=57.9 ms
08-12 10:50:02.587 16414 16466 D cellinfo: 46 bytes from 54.197.223.49: icmp_seq=355 ttl=42 time=83.2 ms
08-12 10:50:02.768 16414 16466 D cellinfo: 46 bytes from 54.197.223.49: icmp_seq=356 ttl=42 time=63.4 ms
08-12 10:50:02.987 16414 16466 D cellinfo: 46 bytes from 54.197.223.49: icmp_seq=357 ttl=42 time=81.7 ms
08-12 10:50:03.161 16414 16466 D cellinfo: 46 bytes from 54.197.223.49: icmp_seq=358 ttl=42 time=54.1 ms
08-12 10:50:03.389 16414 16466 D cellinfo: 46 bytes from 54.197.223.49: icmp_seq=359 ttl=42 time=81.0 ms
08-12 10:50:03.568 16414 16466 D cellinfo: 46 bytes from 54.197.223.49: icmp_seq=360 ttl=42 time=59.0 ms
08-12 10:50:03.790 16414 16466 D cellinfo: 46 bytes from 54.197.223.49: icmp_seq=361 ttl=42 time=81.9 ms
08-12 10:50:03.968 16414 16466 D cellinfo: 46 bytes from 54.197.223.49: icmp_seq=362 ttl=42 time=58.6 ms
08-12 10:50:04.197 16414 16466 D cellinfo: 46 bytes from 54.197.223.49: icmp_seq=363 ttl=42 time=87.7 ms
08-12 10:50:04.367 16414 16466 D cellinfo: 46 bytes from 54.197.223.49: icmp_seq=364 ttl=42 time=58.1 ms
08-12 10:50:04.592 16414 16466 D cellinfo: 46 bytes from 54.197.223.49: icmp_seq=365 ttl=42 time=78.4 ms
08-12 10:50:04.767 16414 16466 D cellinfo: 46 bytes from 54.197.223.49: icmp_seq=366 ttl=42 time=56.5 ms
08-12 10:50:04.876 16414 16414 D cellinfo: Latitude is 41.2319035
08-12 10:50:04.876 16414 16414 D cellinfo: Longitude is -95.8502742
08-12 10:50:04.876 16414 16414 D cellinfo: Instantaneous GPS information: United States, 610 30th Ave, Council Bluffs, IA 51501, USA
08-12 10:50:04.876 16414 16414 D cellinfo: getCurrentLocation() result: Location (success): 41.2319035, -95.8502742
08-12 10:50:04.916 16414 16414 D cellinfo: onCellInfoChanged: Operator: Verizon Wireless UpdateTimestamp: 154240599 CellConnectionStatus: 1
08-12 10:50:04.916 16414 16414 D cellinfo: onCellInfoChanged: 5G-NR Cell Bands: [] ARFCN: 175000 Cell ID: 9223372036854775807 Physical Cell ID: 437 Tracking Area Code: 16777215
08-12 10:50:04.978 16414 16466 D cellinfo: 46 bytes from 54.197.223.49: icmp_seq=367 ttl=42 time=65.4 ms
08-12 10:50:05.190 16414 16466 D cellinfo: 46 bytes from 54.197.223.49: icmp_seq=368 ttl=42 time=75.5 ms
08-12 10:50:05.387 16414 16466 D cellinfo: 46 bytes from 54.197.223.49: icmp_seq=369 ttl=42 time=73.1 ms
08-12 10:50:05.557 16414 16466 D cellinfo: 46 bytes from 54.197.223.49: icmp_seq=370 ttl=42 time=42.2 ms
08-12 10:50:05.765 16414 16466 D cellinfo: 46 bytes from 54.197.223.49: icmp_seq=371 ttl=42 time=49.6 ms
08-12 10:50:05.964 16414 16466 D cellinfo: 46 bytes from 54.197.223.49: icmp_seq=372 ttl=42 time=47.1 ms
08-12 10:50:06.168 16414 16466 D cellinfo: 46 bytes from 54.197.223.49: icmp_seq=373 ttl=42 time=51.0 ms
08-12 10:50:06.371 16414 16466 D cellinfo: 46 bytes from 54.197.223.49: icmp_seq=374 ttl=42 time=53.4 ms
08-12 10:50:06.564 16414 16466 D cellinfo: 46 bytes from 54.197.223.49: icmp_seq=375 ttl=42 time=45.3 ms
08-12 10:50:06.806 16414 16466 D cellinfo: 46 bytes from 54.197.223.49: icmp_seq=376 ttl=42 time=86.2 ms
08-12 10:50:06.976 16414 16466 D cellinfo: 46 bytes from 54.197.223.49: icmp_seq=377 ttl=42 time=55.3 ms
08-12 10:50:07.034 16414 16414 D cellinfo: onCellInfoChanged: Operator: Verizon Wireless UpdateTimestamp: 154242721 CellConnectionStatus: 1
08-12 10:50:07.034 16414 16414 D cellinfo: onCellInfoChanged: 5G-NR Cell Bands: [] ARFCN: 175000 Cell ID: 9223372036854775807 Physical Cell ID: 437 Tracking Area Code: 16777215
08-12 10:50:07.169 16414 16466 D cellinfo: 46 bytes from 54.197.223.49: icmp_seq=378 ttl=42 time=46.9 ms
08-12 10:50:07.369 16414 16466 D cellinfo: 46 bytes from 54.197.223.49: icmp_seq=379 ttl=42 time=46.9 ms
08-12 10:50:07.567 16414 16466 D cellinfo: 46 bytes from 54.197.223.49: icmp_seq=380 ttl=42 time=44.9 ms
08-12 10:50:07.837 16414 16466 D cellinfo: 46 bytes from 54.197.223.49: icmp_seq=381 ttl=42 time=113 ms
08-12 10:50:07.907 16414 16414 D cellinfo: Latitude is 41.2319035
08-12 10:50:07.907 16414 16414 D cellinfo: Longitude is -95.8502742
08-12 10:50:07.907 16414 16414 D cellinfo: Instantaneous GPS information: United States, 610 30th Ave, Council Bluffs, IA 51501, USA
08-12 10:50:07.907 16414 16414 D cellinfo: getCurrentLocation() result: Location (success): 41.2319035, -95.8502742
08-12 10:50:07.966 16414 16466 D cellinfo: 46 bytes from 54.197.223.49: icmp_seq=382 ttl=42 time=42.8 ms
08-12 10:50:08.178 16414 16466 D cellinfo: 46 bytes from 54.197.223.49: icmp_seq=383 ttl=42 time=54.0 ms
08-12 10:50:08.410 16414 16466 D cellinfo: 46 bytes from 54.197.223.49: icmp_seq=384 ttl=42 time=85.6 ms
08-12 10:50:08.589 16414 16466 D cellinfo: 46 bytes from 54.197.223.49: icmp_seq=385 ttl=42 time=62.7 ms
08-12 10:50:08.789 16414 16466 D cellinfo: 46 bytes from 54.197.223.49: icmp_seq=386 ttl=42 time=62.0 ms
08-12 10:50:08.981 16414 16466 D cellinfo: 46 bytes from 54.197.223.49: icmp_seq=387 ttl=42 time=53.3 ms
08-12 10:50:09.219 16414 16466 D cellinfo: 46 bytes from 54.197.223.49: icmp_seq=388 ttl=42 time=88.0 ms
08-12 10:50:09.410 16414 16466 D cellinfo: 46 bytes from 54.197.223.49: icmp_seq=389 ttl=42 time=79.0 ms
08-12 10:50:09.598 16414 16466 D cellinfo: 46 bytes from 54.197.223.49: icmp_seq=390 ttl=42 time=67.8 ms
08-12 10:50:09.809 16414 16466 D cellinfo: 46 bytes from 54.197.223.49: icmp_seq=391 ttl=42 time=78.3 ms
08-12 10:50:10.004 16414 16466 D cellinfo: 46 bytes from 54.197.223.49: icmp_seq=392 ttl=42 time=72.1 ms
08-12 10:50:10.206 16414 16466 D cellinfo: 46 bytes from 54.197.223.49: icmp_seq=393 ttl=42 time=74.1 ms
08-12 10:50:10.389 16414 16466 D cellinfo: 46 bytes from 54.197.223.49: icmp_seq=394 ttl=42 time=56.5 ms
08-12 10:50:10.590 16414 16466 D cellinfo: 46 bytes from 54.197.223.49: icmp_seq=395 ttl=42 time=56.7 ms
08-12 10:50:10.791 16414 16466 D cellinfo: 46 bytes from 54.197.223.49: icmp_seq=396 ttl=42 time=57.7 ms
08-12 10:50:10.978 16414 16466 D cellinfo: 46 bytes from 54.197.223.49: icmp_seq=397 ttl=42 time=42.8 ms
08-12 10:50:11.204 16414 16466 D cellinfo: 46 bytes from 54.197.223.49: icmp_seq=398 ttl=42 time=69.1 ms
08-12 10:50:11.380 16414 16466 D cellinfo: 46 bytes from 54.197.223.49: icmp_seq=399 ttl=42 time=44.4 ms
08-12 10:50:11.582 16414 16466 D cellinfo: 46 bytes from 54.197.223.49: icmp_seq=400 ttl=42 time=44.8 ms
08-12 10:50:11.804 16414 16466 D cellinfo: 46 bytes from 54.197.223.49: icmp_seq=401 ttl=42 time=66.6 ms
08-12 10:50:11.998 16414 16466 D cellinfo: 46 bytes from 54.197.223.49: icmp_seq=402 ttl=42 time=59.3 ms
08-12 10:50:12.187 16414 16466 D cellinfo: 46 bytes from 54.197.223.49: icmp_seq=403 ttl=42 time=47.7 ms
08-12 10:50:12.382 16414 16466 D cellinfo: 46 bytes from 54.197.223.49: icmp_seq=404 ttl=42 time=43.4 ms
08-12 10:50:12.600 16414 16466 D cellinfo: 46 bytes from 54.197.223.49: icmp_seq=405 ttl=42 time=60.1 ms
08-12 10:50:12.612 16414 16414 D cellinfo: Latitude is 41.2319119
08-12 10:50:12.612 16414 16414 D cellinfo: Longitude is -95.8487921
08-12 10:50:12.612 16414 16414 D cellinfo: Instantaneous GPS information: United States, 530 30th Ave, Council Bluffs, IA 51501, USA
08-12 10:50:12.612 16414 16414 D cellinfo: getCurrentLocation() result: Location (success): 41.2319119, -95.8487921
08-12 10:50:12.800 16414 16466 D cellinfo: 46 bytes from 54.197.223.49: icmp_seq=406 ttl=42 time=58.8 ms
08-12 10:50:13.013 16414 16466 D cellinfo: 46 bytes from 54.197.223.49: icmp_seq=407 ttl=42 time=68.5 ms
08-12 10:50:13.199 16414 16466 D cellinfo: 46 bytes from 54.197.223.49: icmp_seq=408 ttl=42 time=57.2 ms
08-12 10:50:13.409 16414 16466 D cellinfo: 46 bytes from 54.197.223.49: icmp_seq=409 ttl=42 time=67.8 ms
08-12 10:50:13.599 16414 16466 D cellinfo: 46 bytes from 54.197.223.49: icmp_seq=410 ttl=42 time=56.5 ms
08-12 10:50:13.813 16414 16466 D cellinfo: 46 bytes from 54.197.223.49: icmp_seq=411 ttl=42 time=70.7 ms
08-12 10:50:13.950 16414 16414 D cellinfo: Latitude is 41.2319119
08-12 10:50:13.950 16414 16414 D cellinfo: Longitude is -95.8487921
08-12 10:50:13.950 16414 16414 D cellinfo: Instantaneous GPS information: United States, 530 30th Ave, Council Bluffs, IA 51501, USA
08-12 10:50:13.950 16414 16414 D cellinfo: getCurrentLocation() result: Location (success): 41.2319119, -95.8487921
08-12 10:50:14.011 16414 16466 D cellinfo: 46 bytes from 54.197.223.49: icmp_seq=412 ttl=42 time=68.2 ms
08-12 10:50:14.197 16414 16466 D cellinfo: 46 bytes from 54.197.223.49: icmp_seq=413 ttl=42 time=53.1 ms
08-12 10:50:14.430 16414 16466 D cellinfo: 46 bytes from 54.197.223.49: icmp_seq=414 ttl=42 time=86.3 ms
08-12 10:50:14.610 16414 16466 D cellinfo: 46 bytes from 54.197.223.49: icmp_seq=415 ttl=42 time=64.5 ms
08-12 10:50:14.838 16414 16466 D cellinfo: 46 bytes from 54.197.223.49: icmp_seq=416 ttl=42 time=91.7 ms
08-12 10:50:15.019 16414 16466 D cellinfo: 46 bytes from 54.197.223.49: icmp_seq=417 ttl=42 time=72.5 ms
08-12 10:50:15.235 16414 16466 D cellinfo: 46 bytes from 54.197.223.49: icmp_seq=418 ttl=42 time=89.5 ms
08-12 10:50:15.418 16414 16466 D cellinfo: 46 bytes from 54.197.223.49: icmp_seq=419 ttl=42 time=71.9 ms
08-12 10:50:15.437 16414 16414 D cellinfo: onsignalStrengthsChanged: LTE Signal Strength info: rsrp: -70 rsrq: -12 rssi: -51 rssnr: 4
08-12 10:50:15.437 16414 16414 D cellinfo: onsignalStrengthsChanged: 5G-NR Signal Strength info: ssrsrp: -60 ssrsrq: -10 sssinr: 18
08-12 10:50:15.629 16414 16466 D cellinfo: 46 bytes from 54.197.223.49: icmp_seq=420 ttl=42 time=82.5 ms
08-12 10:50:15.809 16414 16466 D cellinfo: 46 bytes from 54.197.223.49: icmp_seq=421 ttl=42 time=61.8 ms
08-12 10:50:16.054 16414 16466 D cellinfo: 46 bytes from 54.197.223.49: icmp_seq=422 ttl=42 time=106 ms
08-12 10:50:16.188 16414 16466 D cellinfo: 46 bytes from 54.197.223.49: icmp_seq=423 ttl=42 time=40.4 ms
08-12 10:50:16.633 16414 16466 D cellinfo: 46 bytes from 54.197.223.49: icmp_seq=424 ttl=42 time=284 ms
08-12 10:50:16.633 16414 16466 D cellinfo: 46 bytes from 54.197.223.49: icmp_seq=425 ttl=42 time=81.1 ms
08-12 10:50:16.833 16414 16466 D cellinfo: 46 bytes from 54.197.223.49: icmp_seq=426 ttl=42 time=79.5 ms
08-12 10:50:17.002 16414 16466 D cellinfo: 46 bytes from 54.197.223.49: icmp_seq=427 ttl=42 time=48.1 ms
08-12 10:50:17.219 16414 16466 D cellinfo: 46 bytes from 54.197.223.49: icmp_seq=428 ttl=42 time=64.4 ms
08-12 10:50:17.275 16414 16414 D cellinfo: Latitude is 41.2318562
08-12 10:50:17.275 16414 16414 D cellinfo: Longitude is -95.8471984
08-12 10:50:17.275 16414 16414 D cellinfo: Instantaneous GPS information: United States, 500 30th Ave, Council Bluffs, IA 51501, USA
08-12 10:50:17.275 16414 16414 D cellinfo: getCurrentLocation() result: Location (success): 41.2318562, -95.8471984
08-12 10:50:17.280 16414 16414 D cellinfo: onCellInfoChanged: Operator: Verizon Wireless UpdateTimestamp: 154252611 CellConnectionStatus: 1
08-12 10:50:17.280 16414 16414 D cellinfo: onCellInfoChanged: 5G-NR Cell Bands: [] ARFCN: 175000 Cell ID: 9223372036854775807 Physical Cell ID: 437 Tracking Area Code: 16777215
08-12 10:50:17.429 16414 16466 D cellinfo: 46 bytes from 54.197.223.49: icmp_seq=429 ttl=42 time=74.6 ms
08-12 10:50:17.640 16414 16466 D cellinfo: 46 bytes from 54.197.223.49: icmp_seq=430 ttl=42 time=83.6 ms
08-12 10:50:17.838 16414 16466 D cellinfo: 46 bytes from 54.197.223.49: icmp_seq=431 ttl=42 time=81.2 ms
08-12 10:50:18.032 16414 16466 D cellinfo: 46 bytes from 54.197.223.49: icmp_seq=432 ttl=42 time=74.7 ms
08-12 10:50:18.267 16414 16466 D cellinfo: 46 bytes from 54.197.223.49: icmp_seq=433 ttl=42 time=110 ms
08-12 10:50:18.429 16414 16466 D cellinfo: 46 bytes from 54.197.223.49: icmp_seq=434 ttl=42 time=70.9 ms
08-12 10:50:18.656 16414 16466 D cellinfo: 46 bytes from 54.197.223.49: icmp_seq=435 ttl=42 time=97.4 ms
08-12 10:50:18.827 16414 16466 D cellinfo: 46 bytes from 54.197.223.49: icmp_seq=436 ttl=42 time=68.1 ms
08-12 10:50:19.137 16414 16466 D cellinfo: 46 bytes from 54.197.223.49: icmp_seq=437 ttl=42 time=176 ms
08-12 10:50:19.231 16414 16466 D cellinfo: 46 bytes from 54.197.223.49: icmp_seq=438 ttl=42 time=71.6 ms
08-12 10:50:19.438 16414 16466 D cellinfo: 46 bytes from 54.197.223.49: icmp_seq=439 ttl=42 time=78.3 ms
08-12 10:50:19.632 16414 16466 D cellinfo: 46 bytes from 54.197.223.49: icmp_seq=440 ttl=42 time=71.0 ms
08-12 10:50:19.870 16414 16466 D cellinfo: 46 bytes from 54.197.223.49: icmp_seq=441 ttl=42 time=107 ms
08-12 10:50:19.887 16414 16414 D cellinfo: Latitude is 41.2318562
08-12 10:50:19.887 16414 16414 D cellinfo: Longitude is -95.8471984
08-12 10:50:19.887 16414 16414 D cellinfo: Instantaneous GPS information: United States, 500 30th Ave, Council Bluffs, IA 51501, USA
08-12 10:50:19.887 16414 16414 D cellinfo: getCurrentLocation() result: Location (success): 41.2318562, -95.8471984
08-12 10:50:19.930 16414 16414 D cellinfo: onCellInfoChanged: Operator: Verizon Wireless UpdateTimestamp: 154255618 CellConnectionStatus: 1
08-12 10:50:19.930 16414 16414 D cellinfo: onCellInfoChanged: 5G-NR Cell Bands: [] ARFCN: 175000 Cell ID: 9223372036854775807 Physical Cell ID: 437 Tracking Area Code: 16777215
08-12 10:50:20.025 16414 16466 D cellinfo: 46 bytes from 54.197.223.49: icmp_seq=442 ttl=42 time=62.8 ms
08-12 10:50:20.225 16414 16466 D cellinfo: 46 bytes from 54.197.223.49: icmp_seq=443 ttl=42 time=62.7 ms
08-12 10:50:20.420 16414 16466 D cellinfo: 46 bytes from 54.197.223.49: icmp_seq=444 ttl=42 time=56.6 ms
08-12 10:50:20.437 16414 16414 D cellinfo: onsignalStrengthsChanged: LTE Signal Strength info: rsrp: -73 rsrq: -13 rssi: -51 rssnr: 0
08-12 10:50:20.437 16414 16414 D cellinfo: onsignalStrengthsChanged: 5G-NR Signal Strength info: ssrsrp: -80 ssrsrq: -15 sssinr: -1
08-12 10:50:20.652 16414 16466 D cellinfo: 46 bytes from 54.197.223.49: icmp_seq=445 ttl=42 time=88.8 ms
08-12 10:50:20.667 16414 16466 D cellinfo: 46 bytes from 54.197.223.49: icmp_seq=445 ttl=42 time=103 ms (DUP!)
08-12 10:50:20.833 16414 16466 D cellinfo: 46 bytes from 54.197.223.49: icmp_seq=446 ttl=42 time=68.6 ms
08-12 10:50:21.022 16414 16466 D cellinfo: 46 bytes from 54.197.223.49: icmp_seq=447 ttl=42 time=56.5 ms
08-12 10:50:21.221 16414 16466 D cellinfo: 46 bytes from 54.197.223.49: icmp_seq=448 ttl=42 time=56.2 ms
08-12 10:50:21.431 16414 16466 D cellinfo: 46 bytes from 54.197.223.49: icmp_seq=449 ttl=42 time=65.7 ms
08-12 10:50:21.637 16414 16466 D cellinfo: 46 bytes from 54.197.223.49: icmp_seq=450 ttl=42 time=70.2 ms
08-12 10:50:21.956 16414 16466 D cellinfo: 46 bytes from 54.197.223.49: icmp_seq=451 ttl=42 time=188 ms
08-12 10:50:22.060 16414 16466 D cellinfo: 46 bytes from 54.197.223.49: icmp_seq=452 ttl=42 time=92.0 ms
08-12 10:50:22.239 16414 16466 D cellinfo: 46 bytes from 54.197.223.49: icmp_seq=453 ttl=42 time=69.4 ms
08-12 10:50:22.447 16414 16414 D cellinfo: onServiceStateChanged: Channel Number: 775 Cell Bandwidths: [5000, 10000]
08-12 10:50:22.481 16414 16466 D cellinfo: 46 bytes from 54.197.223.49: icmp_seq=454 ttl=42 time=112 ms
08-12 10:50:22.619 16414 16466 D cellinfo: 46 bytes from 54.197.223.49: icmp_seq=454 ttl=42 time=250 ms (DUP!)
08-12 10:50:22.628 16414 16466 D cellinfo: 46 bytes from 54.197.223.49: icmp_seq=455 ttl=42 time=58.0 ms
08-12 10:50:22.691 16414 16466 D cellinfo: 46 bytes from 54.197.223.49: icmp_seq=455 ttl=42 time=121 ms (DUP!)
08-12 10:50:22.826 16414 16466 D cellinfo: 46 bytes from 54.197.223.49: icmp_seq=456 ttl=42 time=55.8 ms
08-12 10:50:22.877 16414 16414 D cellinfo: Latitude is 41.2318562
08-12 10:50:22.877 16414 16414 D cellinfo: Longitude is -95.8471984
08-12 10:50:22.877 16414 16414 D cellinfo: Instantaneous GPS information: United States, 500 30th Ave, Council Bluffs, IA 51501, USA
08-12 10:50:22.877 16414 16414 D cellinfo: getCurrentLocation() result: Location (success): 41.2318562, -95.8471984
08-12 10:50:22.916 16414 16414 D cellinfo: onCellInfoChanged: Operator: Verizon Wireless UpdateTimestamp: 154258604 CellConnectionStatus: 1
08-12 10:50:22.916 16414 16414 D cellinfo: onCellInfoChanged: 5G-NR Cell Bands: [] ARFCN: 175000 Cell ID: 9223372036854775807 Physical Cell ID: 348 Tracking Area Code: 16777215
08-12 10:50:23.016 16414 16466 D cellinfo: 46 bytes from 54.197.223.49: icmp_seq=457 ttl=42 time=44.2 ms
08-12 10:50:23.226 16414 16466 D cellinfo: 46 bytes from 54.197.223.49: icmp_seq=458 ttl=42 time=55.0 ms
08-12 10:50:23.438 16414 16466 D cellinfo: 46 bytes from 54.197.223.49: icmp_seq=459 ttl=42 time=66.2 ms
08-12 10:50:23.629 16414 16466 D cellinfo: 46 bytes from 54.197.223.49: icmp_seq=460 ttl=42 time=56.1 ms
08-12 10:50:23.846 16414 16466 D cellinfo: 46 bytes from 54.197.223.49: icmp_seq=461 ttl=42 time=71.9 ms
08-12 10:50:24.033 16414 16466 D cellinfo: 46 bytes from 54.197.223.49: icmp_seq=462 ttl=42 time=58.1 ms
08-12 10:50:24.244 16414 16466 D cellinfo: 46 bytes from 54.197.223.49: icmp_seq=463 ttl=42 time=69.7 ms
08-12 10:50:24.425 16414 16414 D cellinfo: onsignalStrengthsChanged: LTE Signal Strength info: rsrp: -65 rsrq: -12 rssi: -51 rssnr: 5
08-12 10:50:24.426 16414 16414 D cellinfo: onsignalStrengthsChanged: 5G-NR Signal Strength info: ssrsrp: -58 ssrsrq: -11 sssinr: 11
08-12 10:50:24.433 16414 16466 D cellinfo: 46 bytes from 54.197.223.49: icmp_seq=464 ttl=42 time=58.5 ms
08-12 10:50:24.653 16414 16466 D cellinfo: 46 bytes from 54.197.223.49: icmp_seq=465 ttl=42 time=76.9 ms
08-12 10:50:24.844 16414 16466 D cellinfo: 46 bytes from 54.197.223.49: icmp_seq=466 ttl=42 time=66.6 ms
08-12 10:50:25.048 16414 16466 D cellinfo: 46 bytes from 54.197.223.49: icmp_seq=467 ttl=42 time=70.1 ms
08-12 10:50:25.230 16414 16466 D cellinfo: 46 bytes from 54.197.223.49: icmp_seq=468 ttl=42 time=51.8 ms
08-12 10:50:25.445 16414 16466 D cellinfo: 46 bytes from 54.197.223.49: icmp_seq=469 ttl=42 time=66.9 ms
08-12 10:50:25.647 16414 16466 D cellinfo: 46 bytes from 54.197.223.49: icmp_seq=470 ttl=42 time=67.7 ms
08-12 10:50:25.855 16414 16466 D cellinfo: 46 bytes from 54.197.223.49: icmp_seq=471 ttl=42 time=75.1 ms
08-12 10:50:25.932 16414 16414 D cellinfo: onCellInfoChanged: Operator: Verizon Wireless UpdateTimestamp: 154261620 CellConnectionStatus: 1
08-12 10:50:25.932 16414 16414 D cellinfo: onCellInfoChanged: 5G-NR Cell Bands: [] ARFCN: 175000 Cell ID: 9223372036854775807 Physical Cell ID: 348 Tracking Area Code: 16777215
08-12 10:50:26.023 16414 16466 D cellinfo: 46 bytes from 54.197.223.49: icmp_seq=472 ttl=42 time=42.8 ms
08-12 10:50:26.232 16414 16466 D cellinfo: 46 bytes from 54.197.223.49: icmp_seq=473 ttl=42 time=50.3 ms
08-12 10:50:26.348 16414 16414 D cellinfo: Latitude is 41.2311593
08-12 10:50:26.348 16414 16414 D cellinfo: Longitude is -95.8437769
08-12 10:50:26.348 16414 16414 D cellinfo: Instantaneous GPS information: United States, 3115 Manawa Centre Dr, Council Bluffs, IA 51501, USA
08-12 10:50:26.348 16414 16414 D cellinfo: getCurrentLocation() result: Location (success): 41.2311593, -95.8437769
08-12 10:50:26.427 16414 16466 D cellinfo: 46 bytes from 54.197.223.49: icmp_seq=474 ttl=42 time=45.1 ms
08-12 10:50:26.655 16414 16466 D cellinfo: 46 bytes from 54.197.223.49: icmp_seq=475 ttl=42 time=72.7 ms
08-12 10:50:26.843 16414 16466 D cellinfo: 46 bytes from 54.197.223.49: icmp_seq=476 ttl=42 time=59.9 ms
08-12 10:50:27.056 16414 16466 D cellinfo: 46 bytes from 54.197.223.49: icmp_seq=477 ttl=42 time=71.8 ms
08-12 10:50:27.244 16414 16466 D cellinfo: 46 bytes from 54.197.223.49: icmp_seq=478 ttl=42 time=60.6 ms
08-12 10:50:27.442 16414 16466 D cellinfo: 46 bytes from 54.197.223.49: icmp_seq=479 ttl=42 time=58.4 ms
08-12 10:50:27.647 16414 16466 D cellinfo: 46 bytes from 54.197.223.49: icmp_seq=480 ttl=42 time=61.4 ms
08-12 10:50:27.845 16414 16466 D cellinfo: 46 bytes from 54.197.223.49: icmp_seq=481 ttl=42 time=60.3 ms
08-12 10:50:28.042 16414 16466 D cellinfo: 46 bytes from 54.197.223.49: icmp_seq=482 ttl=42 time=56.1 ms
08-12 10:50:28.253 16414 16466 D cellinfo: 46 bytes from 54.197.223.49: icmp_seq=483 ttl=42 time=67.3 ms
08-12 10:50:28.428 16414 16414 D cellinfo: onsignalStrengthsChanged: LTE Signal Strength info: rsrp: -68 rsrq: -11 rssi: -51 rssnr: 14
08-12 10:50:28.428 16414 16414 D cellinfo: onsignalStrengthsChanged: 5G-NR Signal Strength info: ssrsrp: -63 ssrsrq: -10 sssinr: 13
08-12 10:50:28.448 16414 16466 D cellinfo: 46 bytes from 54.197.223.49: icmp_seq=484 ttl=42 time=61.4 ms
08-12 10:50:28.653 16414 16466 D cellinfo: 46 bytes from 54.197.223.49: icmp_seq=485 ttl=42 time=65.8 ms
08-12 10:50:28.847 16414 16466 D cellinfo: 46 bytes from 54.197.223.49: icmp_seq=486 ttl=42 time=59.5 ms
08-12 10:50:28.876 16414 16414 D cellinfo: Latitude is 41.2311593
08-12 10:50:28.876 16414 16414 D cellinfo: Longitude is -95.8437769
08-12 10:50:28.876 16414 16414 D cellinfo: Instantaneous GPS information: United States, 3115 Manawa Centre Dr, Council Bluffs, IA 51501, USA
08-12 10:50:28.876 16414 16414 D cellinfo: getCurrentLocation() result: Location (success): 41.2311593, -95.8437769
08-12 10:50:28.923 16414 16414 D cellinfo: onCellInfoChanged: Operator: Verizon Wireless UpdateTimestamp: 154264609 CellConnectionStatus: 1
08-12 10:50:28.923 16414 16414 D cellinfo: onCellInfoChanged: 5G-NR Cell Bands: [] ARFCN: 175000 Cell ID: 9223372036854775807 Physical Cell ID: 348 Tracking Area Code: 16777215
08-12 10:50:29.113 16414 16466 D cellinfo: 46 bytes from 54.197.223.49: icmp_seq=487 ttl=42 time=125 ms
08-12 10:50:29.246 16414 16466 D cellinfo: 46 bytes from 54.197.223.49: icmp_seq=488 ttl=42 time=58.3 ms
08-12 10:50:29.456 16414 16466 D cellinfo: 46 bytes from 54.197.223.49: icmp_seq=489 ttl=42 time=67.4 ms
08-12 10:50:29.651 16414 16466 D cellinfo: 46 bytes from 54.197.223.49: icmp_seq=490 ttl=42 time=61.1 ms
08-12 10:50:29.861 16414 16466 D cellinfo: 46 bytes from 54.197.223.49: icmp_seq=491 ttl=42 time=70.4 ms
08-12 10:50:30.050 16414 16466 D cellinfo: 46 bytes from 54.197.223.49: icmp_seq=492 ttl=42 time=57.7 ms
08-12 10:50:30.262 16414 16466 D cellinfo: 46 bytes from 54.197.223.49: icmp_seq=493 ttl=42 time=69.9 ms
08-12 10:50:30.453 16414 16466 D cellinfo: 46 bytes from 54.197.223.49: icmp_seq=494 ttl=42 time=58.8 ms
08-12 10:50:30.661 16414 16466 D cellinfo: 46 bytes from 54.197.223.49: icmp_seq=495 ttl=42 time=67.5 ms
08-12 10:50:30.854 16414 16466 D cellinfo: 46 bytes from 54.197.223.49: icmp_seq=496 ttl=42 time=59.8 ms
08-12 10:50:31.062 16414 16466 D cellinfo: 46 bytes from 54.197.223.49: icmp_seq=497 ttl=42 time=66.8 ms
08-12 10:50:31.255 16414 16466 D cellinfo: 46 bytes from 54.197.223.49: icmp_seq=498 ttl=42 time=60.3 ms
08-12 10:50:31.461 16414 16466 D cellinfo: 46 bytes from 54.197.223.49: icmp_seq=499 ttl=42 time=64.7 ms
08-12 10:50:31.654 16414 16466 D cellinfo: 46 bytes from 54.197.223.49: icmp_seq=500 ttl=42 time=57.2 ms
08-12 10:50:31.853 16414 16466 D cellinfo: 46 bytes from 54.197.223.49: icmp_seq=501 ttl=42 time=55.1 ms
08-12 10:50:31.889 16414 16414 D cellinfo: Latitude is 41.2311593
08-12 10:50:31.889 16414 16414 D cellinfo: Longitude is -95.8437769
08-12 10:50:31.889 16414 16414 D cellinfo: Instantaneous GPS information: United States, 3115 Manawa Centre Dr, Council Bluffs, IA 51501, USA
08-12 10:50:31.889 16414 16414 D cellinfo: getCurrentLocation() result: Location (success): 41.2311593, -95.8437769
08-12 10:50:31.932 16414 16414 D cellinfo: onCellInfoChanged: Operator: Verizon Wireless UpdateTimestamp: 154267621 CellConnectionStatus: 1
08-12 10:50:31.932 16414 16414 D cellinfo: onCellInfoChanged: 5G-NR Cell Bands: [] ARFCN: 175000 Cell ID: 9223372036854775807 Physical Cell ID: 348 Tracking Area Code: 16777215
08-12 10:50:32.058 16414 16466 D cellinfo: 46 bytes from 54.197.223.49: icmp_seq=502 ttl=42 time=59.2 ms
08-12 10:50:32.257 16414 16466 D cellinfo: 46 bytes from 54.197.223.49: icmp_seq=503 ttl=42 time=57.9 ms
08-12 10:50:32.454 16414 16466 D cellinfo: 46 bytes from 54.197.223.49: icmp_seq=504 ttl=42 time=54.8 ms
08-12 10:50:32.651 16414 16466 D cellinfo: 46 bytes from 54.197.223.49: icmp_seq=505 ttl=42 time=50.0 ms
08-12 10:50:32.867 16414 16466 D cellinfo: 46 bytes from 54.197.223.49: icmp_seq=506 ttl=42 time=65.8 ms
08-12 10:50:33.064 16414 16466 D cellinfo: 46 bytes from 54.197.223.49: icmp_seq=507 ttl=42 time=62.1 ms
08-12 10:50:33.270 16414 16466 D cellinfo: 46 bytes from 54.197.223.49: icmp_seq=508 ttl=42 time=67.5 ms
08-12 10:50:33.467 16414 16466 D cellinfo: 46 bytes from 54.197.223.49: icmp_seq=509 ttl=42 time=62.6 ms
08-12 10:50:33.675 16414 16466 D cellinfo: 46 bytes from 54.197.223.49: icmp_seq=510 ttl=42 time=69.9 ms
08-12 10:50:33.874 16414 16466 D cellinfo: 46 bytes from 54.197.223.49: icmp_seq=511 ttl=42 time=68.7 ms
08-12 10:50:34.077 16414 16466 D cellinfo: 46 bytes from 54.197.223.49: icmp_seq=512 ttl=42 time=71.1 ms
08-12 10:50:34.281 16414 16466 D cellinfo: 46 bytes from 54.197.223.49: icmp_seq=513 ttl=42 time=74.2 ms
08-12 10:50:34.434 16414 16414 D cellinfo: onsignalStrengthsChanged: LTE Signal Strength info: rsrp: -70 rsrq: -9 rssi: -51 rssnr: 11
08-12 10:50:34.434 16414 16414 D cellinfo: onsignalStrengthsChanged: 5G-NR Signal Strength info: ssrsrp: -80 ssrsrq: -12 sssinr: 0
08-12 10:50:34.482 16414 16466 D cellinfo: 46 bytes from 54.197.223.49: icmp_seq=514 ttl=42 time=74.7 ms
08-12 10:50:34.667 16414 16466 D cellinfo: 46 bytes from 54.197.223.49: icmp_seq=515 ttl=42 time=59.0 ms
08-12 10:50:34.877 16414 16414 D cellinfo: Latitude is 41.2311593
08-12 10:50:34.877 16414 16414 D cellinfo: Longitude is -95.8437769
08-12 10:50:34.877 16414 16414 D cellinfo: Instantaneous GPS information: United States, 3115 Manawa Centre Dr, Council Bluffs, IA 51501, USA
08-12 10:50:34.877 16414 16414 D cellinfo: getCurrentLocation() result: Location (success): 41.2311593, -95.8437769
08-12 10:50:34.891 16414 16466 D cellinfo: 46 bytes from 54.197.223.49: icmp_seq=516 ttl=42 time=82.0 ms
08-12 10:50:34.923 16414 16414 D cellinfo: onCellInfoChanged: Operator: Verizon Wireless UpdateTimestamp: 154270611 CellConnectionStatus: 1
08-12 10:50:34.923 16414 16414 D cellinfo: onCellInfoChanged: 5G-NR Cell Bands: [] ARFCN: 175000 Cell ID: 9223372036854775807 Physical Cell ID: 348 Tracking Area Code: 16777215
08-12 10:50:35.053 16414 16466 D cellinfo: 46 bytes from 54.197.223.49: icmp_seq=517 ttl=42 time=43.1 ms
08-12 10:50:35.270 16414 16466 D cellinfo: 46 bytes from 54.197.223.49: icmp_seq=518 ttl=42 time=59.5 ms
08-12 10:50:35.466 16414 16466 D cellinfo: 46 bytes from 54.197.223.49: icmp_seq=519 ttl=42 time=54.7 ms
08-12 10:50:35.689 16414 16466 D cellinfo: 46 bytes from 54.197.223.49: icmp_seq=520 ttl=42 time=76.8 ms
08-12 10:50:35.877 16414 16466 D cellinfo: 46 bytes from 54.197.223.49: icmp_seq=521 ttl=42 time=64.3 ms
08-12 10:50:36.094 16414 16466 D cellinfo: 46 bytes from 54.197.223.49: icmp_seq=522 ttl=42 time=80.1 ms
08-12 10:50:36.276 16414 16466 D cellinfo: 46 bytes from 54.197.223.49: icmp_seq=523 ttl=42 time=60.7 ms
08-12 10:50:36.493 16414 16466 D cellinfo: 46 bytes from 54.197.223.49: icmp_seq=524 ttl=42 time=77.2 ms
08-12 10:50:36.682 16414 16466 D cellinfo: 46 bytes from 54.197.223.49: icmp_seq=525 ttl=42 time=65.9 ms
08-12 10:50:36.884 16414 16466 D cellinfo: 46 bytes from 54.197.223.49: icmp_seq=526 ttl=42 time=66.9 ms
08-12 10:50:37.085 16414 16466 D cellinfo: 46 bytes from 54.197.223.49: icmp_seq=527 ttl=42 time=66.6 ms
08-12 10:50:37.297 16414 16466 D cellinfo: 46 bytes from 54.197.223.49: icmp_seq=528 ttl=42 time=76.9 ms
08-12 10:50:37.490 16414 16466 D cellinfo: 46 bytes from 54.197.223.49: icmp_seq=529 ttl=42 time=69.1 ms
08-12 10:50:37.698 16414 16466 D cellinfo: 46 bytes from 54.197.223.49: icmp_seq=530 ttl=42 time=76.1 ms
08-12 10:50:37.862 16414 16466 D cellinfo: 46 bytes from 54.197.223.49: icmp_seq=531 ttl=42 time=39.7 ms
08-12 10:50:37.903 16414 16414 D cellinfo: onCellInfoChanged: Operator: Verizon Wireless UpdateTimestamp: 154273590 CellConnectionStatus: 1
08-12 10:50:37.903 16414 16414 D cellinfo: onCellInfoChanged: 5G-NR Cell Bands: [] ARFCN: 175000 Cell ID: 9223372036854775807 Physical Cell ID: 348 Tracking Area Code: 16777215
08-12 10:50:38.068 16414 16466 D cellinfo: 46 bytes from 54.197.223.49: icmp_seq=532 ttl=42 time=45.4 ms
08-12 10:50:38.266 16414 16466 D cellinfo: 46 bytes from 54.197.223.49: icmp_seq=533 ttl=42 time=41.3 ms
08-12 10:50:38.332 16414 16414 D cellinfo: Latitude is 41.230056
08-12 10:50:38.332 16414 16414 D cellinfo: Longitude is -95.8406006
08-12 10:50:38.332 16414 16414 D cellinfo: Instantaneous GPS information: United States, 175 29th Ave, Council Bluffs, IA 51501, USA
08-12 10:50:38.332 16414 16414 D cellinfo: getCurrentLocation() result: Location (success): 41.230056, -95.8406006
08-12 10:50:38.483 16414 16466 D cellinfo: 46 bytes from 54.197.223.49: icmp_seq=534 ttl=42 time=58.4 ms
08-12 10:50:38.684 16414 16466 D cellinfo: 46 bytes from 54.197.223.49: icmp_seq=535 ttl=42 time=59.1 ms
08-12 10:50:38.883 16414 16466 D cellinfo: 46 bytes from 54.197.223.49: icmp_seq=536 ttl=42 time=57.4 ms
08-12 10:50:39.090 16414 16466 D cellinfo: 46 bytes from 54.197.223.49: icmp_seq=537 ttl=42 time=63.0 ms
08-12 10:50:39.297 16414 16466 D cellinfo: 46 bytes from 54.197.223.49: icmp_seq=538 ttl=42 time=69.4 ms
08-12 10:50:39.495 16414 16466 D cellinfo: 46 bytes from 54.197.223.49: icmp_seq=539 ttl=42 time=66.1 ms
08-12 10:50:39.698 16414 16466 D cellinfo: 46 bytes from 54.197.223.49: icmp_seq=540 ttl=42 time=67.3 ms
08-12 10:50:39.896 16414 16466 D cellinfo: 46 bytes from 54.197.223.49: icmp_seq=541 ttl=42 time=63.8 ms
08-12 10:50:40.098 16414 16466 D cellinfo: 46 bytes from 54.197.223.49: icmp_seq=542 ttl=42 time=66.7 ms
08-12 10:50:40.288 16414 16466 D cellinfo: 46 bytes from 54.197.223.49: icmp_seq=543 ttl=42 time=56.7 ms
08-12 10:50:40.502 16414 16466 D cellinfo: 46 bytes from 54.197.223.49: icmp_seq=544 ttl=42 time=69.5 ms
08-12 10:50:40.693 16414 16466 D cellinfo: 46 bytes from 54.197.223.49: icmp_seq=545 ttl=42 time=60.1 ms
08-12 10:50:40.886 16414 16414 D cellinfo: Latitude is 41.230056
08-12 10:50:40.886 16414 16414 D cellinfo: Longitude is -95.8406006
08-12 10:50:40.886 16414 16414 D cellinfo: Instantaneous GPS information: United States, 175 29th Ave, Council Bluffs, IA 51501, USA
08-12 10:50:40.886 16414 16414 D cellinfo: getCurrentLocation() result: Location (success): 41.230056, -95.8406006
08-12 10:50:40.903 16414 16466 D cellinfo: 46 bytes from 54.197.223.49: icmp_seq=546 ttl=42 time=69.3 ms
08-12 10:50:40.926 16414 16414 D cellinfo: onCellInfoChanged: Operator: Verizon Wireless UpdateTimestamp: 154276614 CellConnectionStatus: 1
08-12 10:50:40.926 16414 16414 D cellinfo: onCellInfoChanged: 5G-NR Cell Bands: [] ARFCN: 175000 Cell ID: 9223372036854775807 Physical Cell ID: 348 Tracking Area Code: 16777215
08-12 10:50:41.085 16414 16466 D cellinfo: 46 bytes from 54.197.223.49: icmp_seq=547 ttl=42 time=50.2 ms
08-12 10:50:41.290 16414 16466 D cellinfo: 46 bytes from 54.197.223.49: icmp_seq=548 ttl=42 time=54.5 ms
08-12 10:50:41.494 16414 16466 D cellinfo: 46 bytes from 54.197.223.49: icmp_seq=549 ttl=42 time=57.3 ms
08-12 10:50:41.680 16414 16466 D cellinfo: 46 bytes from 54.197.223.49: icmp_seq=550 ttl=42 time=42.7 ms
08-12 10:50:41.916 16414 16466 D cellinfo: 46 bytes from 54.197.223.49: icmp_seq=551 ttl=42 time=77.4 ms
08-12 10:50:42.100 16414 16466 D cellinfo: 46 bytes from 54.197.223.49: icmp_seq=552 ttl=42 time=60.9 ms
08-12 10:50:42.298 16414 16466 D cellinfo: 46 bytes from 54.197.223.49: icmp_seq=553 ttl=42 time=56.8 ms
08-12 10:50:42.503 16414 16466 D cellinfo: 46 bytes from 54.197.223.49: icmp_seq=554 ttl=42 time=60.8 ms
08-12 10:50:42.705 16414 16466 D cellinfo: 46 bytes from 54.197.223.49: icmp_seq=555 ttl=42 time=61.6 ms
08-12 10:50:42.905 16414 16466 D cellinfo: 46 bytes from 54.197.223.49: icmp_seq=556 ttl=42 time=61.2 ms
08-12 10:50:43.131 16414 16466 D cellinfo: 46 bytes from 54.197.223.49: icmp_seq=557 ttl=42 time=85.3 ms
08-12 10:50:43.304 16414 16466 D cellinfo: 46 bytes from 54.197.223.49: icmp_seq=558 ttl=42 time=58.0 ms
08-12 10:50:43.472 16414 16414 D cellinfo: onsignalStrengthsChanged: LTE Signal Strength info: rsrp: -78 rsrq: -9 rssi: -55 rssnr: 4
08-12 10:50:43.472 16414 16414 D cellinfo: onsignalStrengthsChanged: 5G-NR Signal Strength info: ssrsrp: -80 ssrsrq: -12 sssinr: 13
08-12 10:50:43.525 16414 16466 D cellinfo: 46 bytes from 54.197.223.49: icmp_seq=559 ttl=42 time=77.2 ms
08-12 10:50:43.710 16414 16466 D cellinfo: 46 bytes from 54.197.223.49: icmp_seq=560 ttl=42 time=62.1 ms
08-12 10:50:43.880 16414 16414 D cellinfo: Latitude is 41.230056
08-12 10:50:43.880 16414 16414 D cellinfo: Longitude is -95.8406006
08-12 10:50:43.880 16414 16414 D cellinfo: Instantaneous GPS information: United States, 175 29th Ave, Council Bluffs, IA 51501, USA
08-12 10:50:43.880 16414 16414 D cellinfo: getCurrentLocation() result: Location (success): 41.230056, -95.8406006
08-12 10:50:43.900 16414 16466 D cellinfo: 46 bytes from 54.197.223.49: icmp_seq=561 ttl=42 time=51.1 ms
08-12 10:50:43.926 16414 16414 D cellinfo: onCellInfoChanged: Operator: Verizon Wireless UpdateTimestamp: 154279613 CellConnectionStatus: 1
08-12 10:50:43.927 16414 16414 D cellinfo: onCellInfoChanged: 5G-NR Cell Bands: [] ARFCN: 175000 Cell ID: 9223372036854775807 Physical Cell ID: 348 Tracking Area Code: 16777215
08-12 10:50:44.107 16414 16466 D cellinfo: 46 bytes from 54.197.223.49: icmp_seq=562 ttl=42 time=57.2 ms
08-12 10:50:44.321 16414 16466 D cellinfo: 46 bytes from 54.197.223.49: icmp_seq=563 ttl=42 time=70.1 ms
08-12 10:50:44.498 16414 16466 D cellinfo: 46 bytes from 54.197.223.49: icmp_seq=564 ttl=42 time=46.4 ms
08-12 10:50:44.723 16414 16466 D cellinfo: 46 bytes from 54.197.223.49: icmp_seq=565 ttl=42 time=69.9 ms
08-12 10:50:44.914 16414 16466 D cellinfo: 46 bytes from 54.197.223.49: icmp_seq=566 ttl=42 time=60.4 ms
08-12 10:50:45.121 16414 16466 D cellinfo: 46 bytes from 54.197.223.49: icmp_seq=567 ttl=42 time=67.1 ms
08-12 10:50:45.315 16414 16466 D cellinfo: 46 bytes from 54.197.223.49: icmp_seq=568 ttl=42 time=59.7 ms
08-12 10:50:45.524 16414 16466 D cellinfo: 46 bytes from 54.197.223.49: icmp_seq=569 ttl=42 time=68.4 ms
08-12 10:50:45.724 16414 16466 D cellinfo: 46 bytes from 54.197.223.49: icmp_seq=570 ttl=42 time=66.4 ms
08-12 10:50:45.927 16414 16466 D cellinfo: 46 bytes from 54.197.223.49: icmp_seq=571 ttl=42 time=68.4 ms
08-12 10:50:46.132 16414 16466 D cellinfo: 46 bytes from 54.197.223.49: icmp_seq=572 ttl=42 time=73.2 ms
08-12 10:50:46.336 16414 16466 D cellinfo: 46 bytes from 54.197.223.49: icmp_seq=573 ttl=42 time=75.9 ms
08-12 10:50:46.524 16414 16466 D cellinfo: 46 bytes from 54.197.223.49: icmp_seq=574 ttl=42 time=62.9 ms
08-12 10:50:46.735 16414 16466 D cellinfo: 46 bytes from 54.197.223.49: icmp_seq=575 ttl=42 time=74.5 ms
08-12 10:50:46.885 16414 16414 D cellinfo: Latitude is 41.230056
08-12 10:50:46.885 16414 16414 D cellinfo: Longitude is -95.8406006
08-12 10:50:46.885 16414 16414 D cellinfo: Instantaneous GPS information: United States, 175 29th Ave, Council Bluffs, IA 51501, USA
08-12 10:50:46.885 16414 16414 D cellinfo: getCurrentLocation() result: Location (success): 41.230056, -95.8406006
08-12 10:50:46.927 16414 16414 D cellinfo: onCellInfoChanged: Operator: Verizon Wireless UpdateTimestamp: 154282615 CellConnectionStatus: 1
08-12 10:50:46.927 16414 16414 D cellinfo: onCellInfoChanged: 5G-NR Cell Bands: [] ARFCN: 175000 Cell ID: 9223372036854775807 Physical Cell ID: 348 Tracking Area Code: 16777215
08-12 10:50:46.932 16414 16466 D cellinfo: 46 bytes from 54.197.223.49: icmp_seq=576 ttl=42 time=70.9 ms
08-12 10:50:47.122 16414 16466 D cellinfo: 46 bytes from 54.197.223.49: icmp_seq=577 ttl=42 time=60.6 ms
08-12 10:50:47.310 16414 16466 D cellinfo: 46 bytes from 54.197.223.49: icmp_seq=578 ttl=42 time=47.2 ms
08-12 10:50:47.527 16414 16466 D cellinfo: 46 bytes from 54.197.223.49: icmp_seq=579 ttl=42 time=63.2 ms
08-12 10:50:47.723 16414 16466 D cellinfo: 46 bytes from 54.197.223.49: icmp_seq=580 ttl=42 time=58.4 ms
08-12 10:50:47.942 16414 16466 D cellinfo: 46 bytes from 54.197.223.49: icmp_seq=581 ttl=42 time=76.5 ms
08-12 10:50:48.124 16414 16466 D cellinfo: 46 bytes from 54.197.223.49: icmp_seq=582 ttl=42 time=56.2 ms
08-12 10:50:48.326 16414 16466 D cellinfo: 46 bytes from 54.197.223.49: icmp_seq=583 ttl=42 time=57.6 ms
08-12 10:50:48.536 16414 16466 D cellinfo: 46 bytes from 54.197.223.49: icmp_seq=584 ttl=42 time=67.2 ms
08-12 10:50:48.737 16414 16466 D cellinfo: 46 bytes from 54.197.223.49: icmp_seq=585 ttl=42 time=67.0 ms
08-12 10:50:48.937 16414 16466 D cellinfo: 46 bytes from 54.197.223.49: icmp_seq=586 ttl=42 time=65.7 ms
08-12 10:50:49.142 16414 16466 D cellinfo: 46 bytes from 54.197.223.49: icmp_seq=587 ttl=42 time=69.6 ms
08-12 10:50:49.334 16414 16466 D cellinfo: 46 bytes from 54.197.223.49: icmp_seq=588 ttl=42 time=61.6 ms
08-12 10:50:49.515 16414 16414 D cellinfo: onsignalStrengthsChanged: LTE Signal Strength info: rsrp: -75 rsrq: -11 rssi: -55 rssnr: 7
08-12 10:50:49.515 16414 16414 D cellinfo: onsignalStrengthsChanged: 5G-NR Signal Strength info: ssrsrp: -78 ssrsrq: -11 sssinr: 13
08-12 10:50:49.546 16414 16466 D cellinfo: 46 bytes from 54.197.223.49: icmp_seq=589 ttl=42 time=70.3 ms
08-12 10:50:49.732 16414 16466 D cellinfo: 46 bytes from 54.197.223.49: icmp_seq=590 ttl=42 time=58.4 ms
08-12 10:50:49.922 16414 16414 D cellinfo: onCellInfoChanged: Operator: Verizon Wireless UpdateTimestamp: 154285609 CellConnectionStatus: 1
08-12 10:50:49.922 16414 16414 D cellinfo: onCellInfoChanged: 5G-NR Cell Bands: [] ARFCN: 175000 Cell ID: 9223372036854775807 Physical Cell ID: 348 Tracking Area Code: 16777215
08-12 10:50:49.952 16414 16466 D cellinfo: 46 bytes from 54.197.223.49: icmp_seq=591 ttl=42 time=77.9 ms
08-12 10:50:50.129 16414 16466 D cellinfo: 46 bytes from 54.197.223.49: icmp_seq=592 ttl=42 time=53.7 ms
08-12 10:50:50.346 16414 16466 D cellinfo: 46 bytes from 54.197.223.49: icmp_seq=593 ttl=42 time=70.7 ms
08-12 10:50:50.363 16414 16414 D cellinfo: Latitude is 41.2305847
08-12 10:50:50.364 16414 16414 D cellinfo: Longitude is -95.8371533
08-12 10:50:50.364 16414 16414 D cellinfo: Instantaneous GPS information: United States, 101 29th Ave, Council Bluffs, IA 51501, USA
08-12 10:50:50.364 16414 16414 D cellinfo: getCurrentLocation() result: Location (success): 41.2305847, -95.8371533
08-12 10:50:50.535 16414 16466 D cellinfo: 46 bytes from 54.197.223.49: icmp_seq=594 ttl=42 time=59.4 ms
08-12 10:50:50.745 16414 16466 D cellinfo: 46 bytes from 54.197.223.49: icmp_seq=595 ttl=42 time=67.6 ms
08-12 10:50:50.936 16414 16466 D cellinfo: 46 bytes from 54.197.223.49: icmp_seq=596 ttl=42 time=57.9 ms
08-12 10:50:51.142 16414 16466 D cellinfo: 46 bytes from 54.197.223.49: icmp_seq=597 ttl=42 time=62.8 ms
08-12 10:50:51.357 16414 16466 D cellinfo: 46 bytes from 54.197.223.49: icmp_seq=598 ttl=42 time=77.4 ms
08-12 10:50:51.545 16414 16466 D cellinfo: 46 bytes from 54.197.223.49: icmp_seq=599 ttl=42 time=63.8 ms
08-12 10:50:51.756 16414 16466 D cellinfo: 46 bytes from 54.197.223.49: icmp_seq=600 ttl=42 time=74.3 ms
08-12 10:50:51.947 16414 16466 D cellinfo: 46 bytes from 54.197.223.49: icmp_seq=601 ttl=42 time=64.5 ms
08-12 10:50:52.156 16414 16466 D cellinfo: 46 bytes from 54.197.223.49: icmp_seq=602 ttl=42 time=73.1 ms
08-12 10:50:52.352 16414 16466 D cellinfo: 46 bytes from 54.197.223.49: icmp_seq=603 ttl=42 time=68.6 ms
08-12 10:50:52.540 16414 16466 D cellinfo: 46 bytes from 54.197.223.49: icmp_seq=604 ttl=42 time=55.2 ms
08-12 10:50:52.751 16414 16466 D cellinfo: 46 bytes from 54.197.223.49: icmp_seq=605 ttl=42 time=66.3 ms
08-12 10:50:52.881 16414 16414 D cellinfo: Latitude is 41.2305847
08-12 10:50:52.881 16414 16414 D cellinfo: Longitude is -95.8371533
08-12 10:50:52.881 16414 16414 D cellinfo: Instantaneous GPS information: United States, 101 29th Ave, Council Bluffs, IA 51501, USA
08-12 10:50:52.881 16414 16414 D cellinfo: getCurrentLocation() result: Location (success): 41.2305847, -95.8371533
08-12 10:50:52.933 16414 16414 D cellinfo: onCellInfoChanged: Operator: Verizon Wireless UpdateTimestamp: 154288619 CellConnectionStatus: 1
08-12 10:50:52.933 16414 16414 D cellinfo: onCellInfoChanged: 5G-NR Cell Bands: [] ARFCN: 175000 Cell ID: 9223372036854775807 Physical Cell ID: 348 Tracking Area Code: 16777215
08-12 10:50:52.948 16414 16466 D cellinfo: 46 bytes from 54.197.223.49: icmp_seq=606 ttl=42 time=61.2 ms
08-12 10:50:53.153 16414 16466 D cellinfo: 46 bytes from 54.197.223.49: icmp_seq=607 ttl=42 time=66.6 ms
08-12 10:50:53.365 16414 16466 D cellinfo: 46 bytes from 54.197.223.49: icmp_seq=608 ttl=42 time=78.4 ms
08-12 10:50:53.545 16414 16466 D cellinfo: 46 bytes from 54.197.223.49: icmp_seq=609 ttl=42 time=57.5 ms
08-12 10:50:53.758 16414 16466 D cellinfo: 46 bytes from 54.197.223.49: icmp_seq=610 ttl=42 time=68.2 ms
08-12 10:50:53.958 16414 16466 D cellinfo: 46 bytes from 54.197.223.49: icmp_seq=611 ttl=42 time=67.6 ms
08-12 10:50:54.168 16414 16466 D cellinfo: 46 bytes from 54.197.223.49: icmp_seq=612 ttl=42 time=77.0 ms
08-12 10:50:54.348 16414 16466 D cellinfo: 46 bytes from 54.197.223.49: icmp_seq=613 ttl=42 time=57.1 ms
08-12 10:50:54.562 16414 16466 D cellinfo: 46 bytes from 54.197.223.49: icmp_seq=614 ttl=42 time=69.2 ms
08-12 10:50:54.749 16414 16466 D cellinfo: 46 bytes from 54.197.223.49: icmp_seq=615 ttl=42 time=56.0 ms
08-12 10:50:54.963 16414 16466 D cellinfo: 46 bytes from 54.197.223.49: icmp_seq=616 ttl=42 time=69.0 ms
08-12 10:50:55.149 16414 16414 D cellinfo: onsignalStrengthsChanged: LTE Signal Strength info: rsrp: -89 rsrq: -14 rssi: -63 rssnr: 3
08-12 10:50:55.149 16414 16414 D cellinfo: onsignalStrengthsChanged: 5G-NR Signal Strength info: ssrsrp: -82 ssrsrq: -11 sssinr: 13
08-12 10:50:55.160 16414 16466 D cellinfo: 46 bytes from 54.197.223.49: icmp_seq=617 ttl=42 time=62.4 ms
08-12 10:50:55.368 16414 16466 D cellinfo: 46 bytes from 54.197.223.49: icmp_seq=618 ttl=42 time=72.3 ms
08-12 10:50:55.554 16414 16466 D cellinfo: 46 bytes from 54.197.223.49: icmp_seq=619 ttl=42 time=58.8 ms
