08-12 10:57:10.908 16414 16414 D cellinfo: onCellInfoChanged: 5G-NR Cell Bands: [] ARFCN: 175000 Cell ID: 9223372036854775807 Physical Cell ID: 333 Tracking Area Code: 16777215
08-12 10:57:11.029 16414 16466 D cellinfo: 46 bytes from 54.197.223.49: icmp_seq=2489 ttl=42 time=48.7 ms
08-12 10:57:11.235 16414 16466 D cellinfo: 46 bytes from 54.197.223.49: icmp_seq=2490 ttl=42 time=53.9 ms
08-12 10:57:11.388 16414 16414 D cellinfo: Latitude is 41.2609786
08-12 10:57:11.388 16414 16414 D cellinfo: Longitude is -95.8208989
08-12 10:57:11.388 16414 16414 D cellinfo: Instantaneous GPS information: United States, 329 Gleason Ave, Council Bluffs, IA 51503, USA
08-12 10:57:11.388 16414 16414 D cellinfo: getCurrentLocation() result: Location (success): 41.2609786, -95.8208989
08-12 10:57:11.434 16414 16466 D cellinfo: 46 bytes from 54.197.223.49: icmp_seq=2491 ttl=42 time=51.9 ms
08-12 10:57:11.641 16414 16466 D cellinfo: 46 bytes from 54.197.223.49: icmp_seq=2492 ttl=42 time=58.8 ms
08-12 10:57:11.857 16414 16466 D cellinfo: 46 bytes from 54.197.223.49: icmp_seq=2493 ttl=42 time=73.6 ms
08-12 10:57:12.047 16414 16466 D cellinfo: 46 bytes from 54.197.223.49: icmp_seq=2494 ttl=42 time=62.7 ms
08-12 10:57:12.241 16414 16466 D cellinfo: 46 bytes from 54.197.223.49: icmp_seq=2495 ttl=42 time=57.3 ms
08-12 10:57:12.453 16414 16466 D cellinfo: 46 bytes from 54.197.223.49: icmp_seq=2496 ttl=42 time=68.0 ms
08-12 10:57:12.656 16414 16466 D cellinfo: 46 bytes from 54.197.223.49: icmp_seq=2497 ttl=42 time=70.7 ms
08-12 10:57:12.835 16414 16466 D cellinfo: 46 bytes from 54.197.223.49: icmp_seq=2498 ttl=42 time=49.6 ms
08-12 10:57:13.035 16414 16466 D cellinfo: 46 bytes from 54.197.223.49: icmp_seq=2499 ttl=42 time=48.5 ms
08-12 10:57:13.249 16414 16466 D cellinfo: 46 bytes from 54.197.223.49: icmp_seq=2500 ttl=42 time=63.0 ms
08-12 10:57:13.449 16414 16466 D cellinfo: 46 bytes from 54.197.223.49: icmp_seq=2501 ttl=42 time=62.1 ms
08-12 10:57:13.645 16414 16466 D cellinfo: 46 bytes from 54.197.223.49: icmp_seq=2502 ttl=42 time=57.6 ms
08-12 10:57:13.845 16414 16466 D cellinfo: 46 bytes from 54.197.223.49: icmp_seq=2503 ttl=42 time=56.5 ms
08-12 10:57:13.874 16414 16414 D cellinfo: Latitude is 41.2609786
08-12 10:57:13.874 16414 16414 D cellinfo: Longitude is -95.8208989
08-12 10:57:13.874 16414 16414 D cellinfo: Instantaneous GPS information: United States, 329 Gleason Ave, Council Bluffs, IA 51503, USA
08-12 10:57:13.874 16414 16414 D cellinfo: getCurrentLocation() result: Location (success): 41.2609786, -95.8208989
08-12 10:57:13.913 16414 16414 D cellinfo: onCellInfoChanged: Operator: Verizon Wireless UpdateTimestamp: 154669599 CellConnectionStatus: 1
08-12 10:57:13.913 16414 16414 D cellinfo: onCellInfoChanged: 5G-NR Cell Bands: [] ARFCN: 175000 Cell ID: 9223372036854775807 Physical Cell ID: 333 Tracking Area Code: 16777215
08-12 10:57:14.035 16414 16466 D cellinfo: 46 bytes from 54.197.223.49: icmp_seq=2504 ttl=42 time=46.3 ms
08-12 10:57:14.250 16414 16466 D cellinfo: 46 bytes from 54.197.223.49: icmp_seq=2505 ttl=42 time=61.3 ms
08-12 10:57:14.452 16414 16466 D cellinfo: 46 bytes from 54.197.223.49: icmp_seq=2506 ttl=42 time=61.3 ms
08-12 10:57:14.599 16414 16414 D cellinfo: onsignalStrengthsChanged: LTE Signal Strength info: rsrp: -95 rsrq: -12 rssi: -75 rssnr: 7
08-12 10:57:14.599 16414 16414 D cellinfo: onsignalStrengthsChanged: 5G-NR Signal Strength info: ssrsrp: -87 ssrsrq: -11 sssinr: 7
08-12 10:57:14.641 16414 16466 D cellinfo: 46 bytes from 54.197.223.49: icmp_seq=2507 ttl=42 time=49.9 ms
08-12 10:57:14.856 16414 16466 D cellinfo: 46 bytes from 54.197.223.49: icmp_seq=2508 ttl=42 time=62.3 ms
08-12 10:57:15.062 16414 16466 D cellinfo: 46 bytes from 54.197.223.49: icmp_seq=2509 ttl=42 time=68.5 ms
08-12 10:57:15.244 16414 16466 D cellinfo: 46 bytes from 54.197.223.49: icmp_seq=2510 ttl=42 time=50.9 ms
08-12 10:57:15.452 16414 16466 D cellinfo: 46 bytes from 54.197.223.49: icmp_seq=2511 ttl=42 time=59.2 ms
08-12 10:57:15.649 16414 16466 D cellinfo: 46 bytes from 54.197.223.49: icmp_seq=2512 ttl=42 time=55.5 ms
08-12 10:57:15.864 16414 16466 D cellinfo: 46 bytes from 54.197.223.49: icmp_seq=2513 ttl=42 time=68.9 ms
08-12 10:57:16.044 16414 16466 D cellinfo: 46 bytes from 54.197.223.49: icmp_seq=2514 ttl=42 time=47.9 ms
08-12 10:57:16.249 16414 16466 D cellinfo: 46 bytes from 54.197.223.49: icmp_seq=2515 ttl=42 time=54.0 ms
08-12 10:57:16.455 16414 16466 D cellinfo: 46 bytes from 54.197.223.49: icmp_seq=2516 ttl=42 time=59.5 ms
08-12 10:57:16.655 16414 16466 D cellinfo: 46 bytes from 54.197.223.49: icmp_seq=2517 ttl=42 time=58.9 ms
08-12 10:57:16.851 16414 16466 D cellinfo: 46 bytes from 54.197.223.49: icmp_seq=2518 ttl=42 time=53.8 ms
08-12 10:57:16.922 16414 16414 D cellinfo: Latitude is 41.2609786
08-12 10:57:16.922 16414 16414 D cellinfo: Longitude is -95.8208989
08-12 10:57:16.922 16414 16414 D cellinfo: Instantaneous GPS information: United States, 329 Gleason Ave, Council Bluffs, IA 51503, USA
08-12 10:57:16.922 16414 16414 D cellinfo: getCurrentLocation() result: Location (success): 41.2609786, -95.8208989
08-12 10:57:16.940 16414 16414 D cellinfo: onCellInfoChanged: Operator: Verizon Wireless UpdateTimestamp: 154672627 CellConnectionStatus: 1
08-12 10:57:16.940 16414 16414 D cellinfo: onCellInfoChanged: 5G-NR Cell Bands: [] ARFCN: 175000 Cell ID: 9223372036854775807 Physical Cell ID: 333 Tracking Area Code: 16777215
08-12 10:57:17.048 16414 16466 D cellinfo: 46 bytes from 54.197.223.49: icmp_seq=2519 ttl=42 time=50.8 ms
08-12 10:57:17.263 16414 16466 D cellinfo: 46 bytes from 54.197.223.49: icmp_seq=2520 ttl=42 time=66.6 ms
08-12 10:57:17.459 16414 16466 D cellinfo: 46 bytes from 54.197.223.49: icmp_seq=2521 ttl=42 time=61.7 ms
08-12 10:57:17.639 16414 16466 D cellinfo: 46 bytes from 54.197.223.49: icmp_seq=2522 ttl=42 time=40.6 ms
08-12 10:57:17.845 16414 16466 D cellinfo: 46 bytes from 54.197.223.49: icmp_seq=2523 ttl=42 time=46.9 ms
08-12 10:57:18.046 16414 16466 D cellinfo: 46 bytes from 54.197.223.49: icmp_seq=2524 ttl=42 time=45.8 ms
08-12 10:57:18.272 16414 16466 D cellinfo: 46 bytes from 54.197.223.49: icmp_seq=2525 ttl=42 time=73.0 ms
08-12 10:57:18.440 16414 16414 D cellinfo: onsignalStrengthsChanged: LTE Signal Strength info: rsrp: -87 rsrq: -12 rssi: -67 rssnr: 10
08-12 10:57:18.440 16414 16414 D cellinfo: onsignalStrengthsChanged: 5G-NR Signal Strength info: ssrsrp: -86 ssrsrq: -12 sssinr: 0
08-12 10:57:18.445 16414 16466 D cellinfo: 46 bytes from 54.197.223.49: icmp_seq=2526 ttl=42 time=45.3 ms
08-12 10:57:18.647 16414 16466 D cellinfo: 46 bytes from 54.197.223.49: icmp_seq=2527 ttl=42 time=46.1 ms
08-12 10:57:18.844 16414 16466 D cellinfo: 46 bytes from 54.197.223.49: icmp_seq=2528 ttl=42 time=42.7 ms
08-12 10:57:18.954 16414 16414 D cellinfo: onCellInfoChanged: Operator: Verizon Wireless UpdateTimestamp: 154674639 CellConnectionStatus: 1
08-12 10:57:18.954 16414 16414 D cellinfo: onCellInfoChanged: 5G-NR Cell Bands: [] ARFCN: 175000 Cell ID: 9223372036854775807 Physical Cell ID: 333 Tracking Area Code: 16777215
08-12 10:57:19.058 16414 16466 D cellinfo: 46 bytes from 54.197.223.49: icmp_seq=2529 ttl=42 time=55.7 ms
08-12 10:57:19.257 16414 16466 D cellinfo: 46 bytes from 54.197.223.49: icmp_seq=2530 ttl=42 time=55.0 ms
08-12 10:57:19.445 16414 16466 D cellinfo: 46 bytes from 54.197.223.49: icmp_seq=2531 ttl=42 time=41.2 ms
08-12 10:57:19.650 16414 16466 D cellinfo: 46 bytes from 54.197.223.49: icmp_seq=2532 ttl=42 time=46.7 ms
08-12 10:57:19.850 16414 16466 D cellinfo: 46 bytes from 54.197.223.49: icmp_seq=2533 ttl=42 time=45.4 ms
08-12 10:57:20.050 16414 16466 D cellinfo: 46 bytes from 54.197.223.49: icmp_seq=2534 ttl=42 time=44.5 ms
08-12 10:57:20.168 16414 16414 D cellinfo: Latitude is 41.2609691
08-12 10:57:20.168 16414 16414 D cellinfo: Longitude is -95.8216009
08-12 10:57:20.168 16414 16414 D cellinfo: Instantaneous GPS information: United States, 343 Gleason Ave, Council Bluffs, IA 51503, USA
08-12 10:57:20.168 16414 16414 D cellinfo: getCurrentLocation() result: Location (success): 41.2609691, -95.8216009
08-12 10:57:20.249 16414 16466 D cellinfo: 46 bytes from 54.197.223.49: icmp_seq=2535 ttl=42 time=42.1 ms
08-12 10:57:20.745 16414 16466 D cellinfo: 46 bytes from 54.197.223.49: icmp_seq=2536 ttl=42 time=337 ms
08-12 10:57:20.745 16414 16466 D cellinfo: 46 bytes from 54.197.223.49: icmp_seq=2537 ttl=42 time=136 ms
08-12 10:57:20.864 16414 16466 D cellinfo: 46 bytes from 54.197.223.49: icmp_seq=2538 ttl=42 time=55.8 ms
08-12 10:57:21.052 16414 16466 D cellinfo: 46 bytes from 54.197.223.49: icmp_seq=2539 ttl=42 time=42.2 ms
08-12 10:57:21.290 16414 16466 D cellinfo: 46 bytes from 54.197.223.49: icmp_seq=2540 ttl=42 time=79.9 ms
08-12 10:57:21.471 16414 16466 D cellinfo: 46 bytes from 54.197.223.49: icmp_seq=2541 ttl=42 time=60.4 ms
08-12 10:57:21.658 16414 16466 D cellinfo: 46 bytes from 54.197.223.49: icmp_seq=2542 ttl=42 time=46.9 ms
08-12 10:57:21.860 16414 16466 D cellinfo: 46 bytes from 54.197.223.49: icmp_seq=2543 ttl=42 time=48.2 ms
08-12 10:57:22.062 16414 16466 D cellinfo: 46 bytes from 54.197.223.49: icmp_seq=2544 ttl=42 time=48.7 ms
08-12 10:57:22.259 16414 16466 D cellinfo: 46 bytes from 54.197.223.49: icmp_seq=2545 ttl=42 time=45.9 ms
08-12 10:57:22.466 16414 16466 D cellinfo: 46 bytes from 54.197.223.49: icmp_seq=2546 ttl=42 time=52.3 ms
08-12 10:57:22.661 16414 16466 D cellinfo: 46 bytes from 54.197.223.49: icmp_seq=2547 ttl=42 time=45.5 ms
08-12 10:57:22.858 16414 16466 D cellinfo: 46 bytes from 54.197.223.49: icmp_seq=2548 ttl=42 time=43.3 ms
08-12 10:57:23.065 16414 16466 D cellinfo: 46 bytes from 54.197.223.49: icmp_seq=2549 ttl=42 time=48.7 ms
08-12 10:57:23.262 16414 16466 D cellinfo: 46 bytes from 54.197.223.49: icmp_seq=2550 ttl=42 time=44.8 ms
08-12 10:57:23.487 16414 16466 D cellinfo: 46 bytes from 54.197.223.49: icmp_seq=2551 ttl=42 time=67.3 ms
08-12 10:57:23.674 16414 16466 D cellinfo: 46 bytes from 54.197.223.49: icmp_seq=2552 ttl=42 time=56.0 ms
08-12 10:57:23.879 16414 16466 D cellinfo: 46 bytes from 54.197.223.49: icmp_seq=2553 ttl=42 time=57.0 ms
08-12 10:57:24.164 16414 16466 D cellinfo: 46 bytes from 54.197.223.49: icmp_seq=2554 ttl=42 time=144 ms
08-12 10:57:24.621 16414 16466 D cellinfo: 46 bytes from 54.197.223.49: icmp_seq=2555 ttl=42 time=400 ms
08-12 10:57:24.868 16414 16466 D cellinfo: 46 bytes from 54.197.223.49: icmp_seq=2556 ttl=42 time=444 ms
08-12 10:57:25.157 16414 16466 D cellinfo: 46 bytes from 54.197.223.49: icmp_seq=2557 ttl=42 time=524 ms
08-12 10:57:25.590 16414 16466 D cellinfo: 46 bytes from 54.197.223.49: icmp_seq=2559 ttl=42 time=553 ms
08-12 10:57:25.783 16414 16466 D cellinfo: 46 bytes from 54.197.223.49: icmp_seq=2560 ttl=42 time=546 ms
08-12 10:57:25.958 16414 16466 D cellinfo: 46 bytes from 54.197.223.49: icmp_seq=2561 ttl=42 time=514 ms
08-12 10:57:26.205 16414 16466 D cellinfo: 46 bytes from 54.197.223.49: icmp_seq=2562 ttl=42 time=561 ms
08-12 10:57:26.401 16414 16466 D cellinfo: 46 bytes from 54.197.223.49: icmp_seq=2563 ttl=42 time=555 ms
08-12 10:57:26.619 16414 16466 D cellinfo: 46 bytes from 54.197.223.49: icmp_seq=2564 ttl=42 time=573 ms
08-12 10:57:26.809 16414 16466 D cellinfo: 46 bytes from 54.197.223.49: icmp_seq=2565 ttl=42 time=561 ms
08-12 10:57:26.950 16414 16466 D cellinfo: 46 bytes from 54.197.223.49: icmp_seq=2566 ttl=42 time=503 ms
08-12 10:57:27.178 16414 16466 D cellinfo: 46 bytes from 54.197.223.49: icmp_seq=2567 ttl=42 time=528 ms
08-12 10:57:27.313 16414 16466 D cellinfo: 46 bytes from 54.197.223.49: icmp_seq=2568 ttl=42 time=464 ms
08-12 10:57:27.361 16414 16466 D cellinfo: 46 bytes from 54.197.223.49: icmp_seq=2569 ttl=42 time=311 ms
08-12 10:57:27.495 16414 16466 D cellinfo: 46 bytes from 54.197.223.49: icmp_seq=2570 ttl=42 time=244 ms
08-12 10:57:27.883 16414 16466 D cellinfo: 46 bytes from 54.197.223.49: icmp_seq=2571 ttl=42 time=431 ms
08-12 10:57:28.020 16414 16466 D cellinfo: 46 bytes from 54.197.223.49: icmp_seq=2572 ttl=42 time=365 ms
08-12 10:57:28.021 16414 16466 D cellinfo: 46 bytes from 54.197.223.49: icmp_seq=2573 ttl=42 time=161 ms
08-12 10:57:28.101 16414 16466 D cellinfo: 46 bytes from 54.197.223.49: icmp_seq=2574 ttl=42 time=46.0 ms
08-12 10:57:28.103 16414 16466 D cellinfo: 46 bytes from 54.197.223.49: icmp_seq=2574 ttl=42 time=48.7 ms (DUP!)
08-12 10:57:28.128 16414 16414 D cellinfo: Latitude is 41.2609691
08-12 10:57:28.128 16414 16414 D cellinfo: Longitude is -95.8216009
08-12 10:57:28.128 16414 16414 D cellinfo: Instantaneous GPS information: United States, 343 Gleason Ave, Council Bluffs, IA 51503, USA
08-12 10:57:28.128 16414 16414 D cellinfo: getCurrentLocation() result: Location (success): 41.2609691, -95.8216009
08-12 10:57:28.130 16414 16414 D cellinfo: Latitude is 41.2609691
08-12 10:57:28.131 16414 16414 D cellinfo: Longitude is -95.8216009
08-12 10:57:28.131 16414 16414 D cellinfo: Instantaneous GPS information: United States, 343 Gleason Ave, Council Bluffs, IA 51503, USA
08-12 10:57:28.131 16414 16414 D cellinfo: getCurrentLocation() result: Location (success): 41.2609691, -95.8216009
08-12 10:57:28.312 16414 16466 D cellinfo: 46 bytes from 54.197.223.49: icmp_seq=2575 ttl=42 time=56.1 ms
08-12 10:57:28.315 16414 16466 D cellinfo: 46 bytes from 54.197.223.49: icmp_seq=2575 ttl=42 time=58.6 ms (DUP!)
08-12 10:57:28.512 16414 16466 D cellinfo: 46 bytes from 54.197.223.49: icmp_seq=2576 ttl=42 time=55.3 ms
08-12 10:57:28.559 16414 16414 D cellinfo: onsignalStrengthsChanged: LTE Signal Strength info: rsrp: -98 rsrq: -12 rssi: -79 rssnr: 6
08-12 10:57:28.559 16414 16414 D cellinfo: onsignalStrengthsChanged: 5G-NR Signal Strength info: ssrsrp: -96 ssrsrq: -12 sssinr: 8
08-12 10:57:28.705 16414 16466 D cellinfo: 46 bytes from 54.197.223.49: icmp_seq=2577 ttl=42 time=46.8 ms
08-12 10:57:28.917 16414 16414 D cellinfo: Latitude is 41.2609691
08-12 10:57:28.917 16414 16414 D cellinfo: Longitude is -95.8216009
08-12 10:57:28.917 16414 16414 D cellinfo: Instantaneous GPS information: United States, 343 Gleason Ave, Council Bluffs, IA 51503, USA
08-12 10:57:28.917 16414 16414 D cellinfo: getCurrentLocation() result: Location (success): 41.2609691, -95.8216009
08-12 10:57:28.925 16414 16466 D cellinfo: 46 bytes from 54.197.223.49: icmp_seq=2578 ttl=42 time=66.6 ms
08-12 10:57:29.109 16414 16466 D cellinfo: 46 bytes from 54.197.223.49: icmp_seq=2579 ttl=42 time=50.0 ms
08-12 10:57:29.317 16414 16466 D cellinfo: 46 bytes from 54.197.223.49: icmp_seq=2580 ttl=42 time=57.3 ms
08-12 10:57:29.539 16414 16466 D cellinfo: 46 bytes from 54.197.223.49: icmp_seq=2581 ttl=42 time=77.8 ms
08-12 10:57:29.728 16414 16466 D cellinfo: 46 bytes from 54.197.223.49: icmp_seq=2582 ttl=42 time=66.2 ms
08-12 10:57:29.929 16414 16414 D cellinfo: onCellInfoChanged: Operator: Verizon Wireless UpdateTimestamp: 154685607 CellConnectionStatus: 1
08-12 10:57:29.929 16414 16414 D cellinfo: onCellInfoChanged: 5G-NR Cell Bands: [] ARFCN: 175000 Cell ID: 9223372036854775807 Physical Cell ID: 333 Tracking Area Code: 16777215
08-12 10:57:29.931 16414 16466 D cellinfo: 46 bytes from 54.197.223.49: icmp_seq=2583 ttl=42 time=68.7 ms
08-12 10:57:30.122 16414 16466 D cellinfo: 46 bytes from 54.197.223.49: icmp_seq=2584 ttl=42 time=58.6 ms
08-12 10:57:30.321 16414 16466 D cellinfo: 46 bytes from 54.197.223.49: icmp_seq=2585 ttl=42 time=57.0 ms
08-12 10:57:30.541 16414 16466 D cellinfo: 46 bytes from 54.197.223.49: icmp_seq=2586 ttl=42 time=76.0 ms
08-12 10:57:30.738 16414 16466 D cellinfo: 46 bytes from 54.197.223.49: icmp_seq=2587 ttl=42 time=71.9 ms
08-12 10:57:30.924 16414 16466 D cellinfo: 46 bytes from 54.197.223.49: icmp_seq=2588 ttl=42 time=57.0 ms
08-12 10:57:31.136 16414 16466 D cellinfo: 46 bytes from 54.197.223.49: icmp_seq=2589 ttl=42 time=68.0 ms
08-12 10:57:31.337 16414 16466 D cellinfo: 46 bytes from 54.197.223.49: icmp_seq=2590 ttl=42 time=67.8 ms
08-12 10:57:31.552 16414 16466 D cellinfo: 46 bytes from 54.197.223.49: icmp_seq=2591 ttl=42 time=82.0 ms
08-12 10:57:31.724 16414 16466 D cellinfo: 46 bytes from 54.197.223.49: icmp_seq=2592 ttl=42 time=53.2 ms
08-12 10:57:31.922 16414 16466 D cellinfo: 46 bytes from 54.197.223.49: icmp_seq=2593 ttl=42 time=50.1 ms
08-12 10:57:31.926 16414 16414 D cellinfo: onCellInfoChanged: Operator: Verizon Wireless UpdateTimestamp: 154687613 CellConnectionStatus: 1
08-12 10:57:31.926 16414 16414 D cellinfo: onCellInfoChanged: 5G-NR Cell Bands: [] ARFCN: 175000 Cell ID: 9223372036854775807 Physical Cell ID: 333 Tracking Area Code: 16777215
08-12 10:57:32.125 16414 16466 D cellinfo: 46 bytes from 54.197.223.49: icmp_seq=2594 ttl=42 time=52.1 ms
08-12 10:57:32.334 16414 16466 D cellinfo: 46 bytes from 54.197.223.49: icmp_seq=2595 ttl=42 time=59.5 ms
08-12 10:57:32.456 16414 16414 D cellinfo: Latitude is 41.2609585
08-12 10:57:32.456 16414 16414 D cellinfo: Longitude is -95.822829
08-12 10:57:32.456 16414 16414 D cellinfo: Instantaneous GPS information: United States, 421 Gleason Ave, Council Bluffs, IA 51503, USA
08-12 10:57:32.456 16414 16414 D cellinfo: getCurrentLocation() result: Location (success): 41.2609585, -95.822829
08-12 10:57:32.521 16414 16466 D cellinfo: 46 bytes from 54.197.223.49: icmp_seq=2596 ttl=42 time=46.6 ms
08-12 10:57:32.736 16414 16466 D cellinfo: 46 bytes from 54.197.223.49: icmp_seq=2597 ttl=42 time=60.8 ms
08-12 10:57:32.945 16414 16466 D cellinfo: 46 bytes from 54.197.223.49: icmp_seq=2598 ttl=42 time=69.0 ms
08-12 10:57:33.140 16414 16466 D cellinfo: 46 bytes from 54.197.223.49: icmp_seq=2599 ttl=42 time=62.7 ms
08-12 10:57:33.327 16414 16466 D cellinfo: 46 bytes from 54.197.223.49: icmp_seq=2600 ttl=42 time=48.8 ms
08-12 10:57:33.551 16414 16466 D cellinfo: 46 bytes from 54.197.223.49: icmp_seq=2601 ttl=42 time=72.0 ms
08-12 10:57:33.740 16414 16466 D cellinfo: 46 bytes from 54.197.223.49: icmp_seq=2602 ttl=42 time=60.8 ms
08-12 10:57:33.803 16414 16414 D cellinfo: onsignalStrengthsChanged: LTE Signal Strength info: rsrp: -104 rsrq: -15 rssi: -81 rssnr: 3
08-12 10:57:33.803 16414 16414 D cellinfo: onsignalStrengthsChanged: 5G-NR Signal Strength info: ssrsrp: -106 ssrsrq: -13 sssinr: 2
08-12 10:57:33.945 16414 16466 D cellinfo: 46 bytes from 54.197.223.49: icmp_seq=2603 ttl=42 time=64.6 ms
08-12 10:57:34.138 16414 16466 D cellinfo: 46 bytes from 54.197.223.49: icmp_seq=2604 ttl=42 time=57.4 ms
08-12 10:57:34.330 16414 16466 D cellinfo: 46 bytes from 54.197.223.49: icmp_seq=2605 ttl=42 time=48.5 ms
08-12 10:57:34.547 16414 16466 D cellinfo: 46 bytes from 54.197.223.49: icmp_seq=2606 ttl=42 time=64.8 ms
08-12 10:57:34.749 16414 16466 D cellinfo: 46 bytes from 54.197.223.49: icmp_seq=2607 ttl=42 time=66.1 ms
08-12 10:57:34.886 16414 16414 D cellinfo: Latitude is 41.2609585
08-12 10:57:34.886 16414 16414 D cellinfo: Longitude is -95.822829
08-12 10:57:34.886 16414 16414 D cellinfo: Instantaneous GPS information: United States, 421 Gleason Ave, Council Bluffs, IA 51503, USA
08-12 10:57:34.886 16414 16414 D cellinfo: getCurrentLocation() result: Location (success): 41.2609585, -95.822829
08-12 10:57:34.938 16414 16466 D cellinfo: 46 bytes from 54.197.223.49: icmp_seq=2608 ttl=42 time=53.6 ms
08-12 10:57:34.939 16414 16414 D cellinfo: onCellInfoChanged: Operator: Verizon Wireless UpdateTimestamp: 154690624 CellConnectionStatus: 1
08-12 10:57:34.939 16414 16414 D cellinfo: onCellInfoChanged: 5G-NR Cell Bands: [] ARFCN: 175000 Cell ID: 9223372036854775807 Physical Cell ID: 333 Tracking Area Code: 16777215
08-12 10:57:35.129 16414 16466 D cellinfo: 46 bytes from 54.197.223.49: icmp_seq=2609 ttl=42 time=43.1 ms
08-12 10:57:35.353 16414 16466 D cellinfo: 46 bytes from 54.197.223.49: icmp_seq=2610 ttl=42 time=66.8 ms
08-12 10:57:35.586 16414 16466 D cellinfo: 46 bytes from 54.197.223.49: icmp_seq=2611 ttl=42 time=97.8 ms
08-12 10:57:35.753 16414 16466 D cellinfo: 46 bytes from 54.197.223.49: icmp_seq=2612 ttl=42 time=64.1 ms
08-12 10:57:35.953 16414 16466 D cellinfo: 46 bytes from 54.197.223.49: icmp_seq=2613 ttl=42 time=63.2 ms
08-12 10:57:36.150 16414 16466 D cellinfo: 46 bytes from 54.197.223.49: icmp_seq=2614 ttl=42 time=59.5 ms
08-12 10:57:36.357 16414 16466 D cellinfo: 46 bytes from 54.197.223.49: icmp_seq=2615 ttl=42 time=66.0 ms
08-12 10:57:36.545 16414 16466 D cellinfo: 46 bytes from 54.197.223.49: icmp_seq=2616 ttl=42 time=54.4 ms
08-12 10:57:36.749 16414 16466 D cellinfo: 46 bytes from 54.197.223.49: icmp_seq=2617 ttl=42 time=57.5 ms
08-12 10:57:37.063 16414 16466 D cellinfo: 46 bytes from 54.197.223.49: icmp_seq=2618 ttl=42 time=170 ms
08-12 10:57:37.164 16414 16466 D cellinfo: 46 bytes from 54.197.223.49: icmp_seq=2619 ttl=42 time=71.3 ms
08-12 10:57:37.352 16414 16466 D cellinfo: 46 bytes from 54.197.223.49: icmp_seq=2620 ttl=42 time=59.5 ms
08-12 10:57:37.361 16414 16414 D cellinfo: onsignalStrengthsChanged: LTE Signal Strength info: rsrp: -106 rsrq: -13 rssi: -85 rssnr: -1
08-12 10:57:37.361 16414 16414 D cellinfo: onsignalStrengthsChanged: 5G-NR Signal Strength info: ssrsrp: -102 ssrsrq: -13 sssinr: 9
08-12 10:57:37.570 16414 16466 D cellinfo: 46 bytes from 54.197.223.49: icmp_seq=2621 ttl=42 time=76.8 ms
08-12 10:57:37.753 16414 16466 D cellinfo: 46 bytes from 54.197.223.49: icmp_seq=2622 ttl=42 time=59.9 ms
08-12 10:57:37.874 16414 16414 D cellinfo: Latitude is 41.2609585
08-12 10:57:37.874 16414 16414 D cellinfo: Longitude is -95.822829
08-12 10:57:37.874 16414 16414 D cellinfo: Instantaneous GPS information: United States, 421 Gleason Ave, Council Bluffs, IA 51503, USA
08-12 10:57:37.874 16414 16414 D cellinfo: getCurrentLocation() result: Location (success): 41.2609585, -95.822829
08-12 10:57:37.915 16414 16414 D cellinfo: onCellInfoChanged: Operator: Verizon Wireless UpdateTimestamp: 154693600 CellConnectionStatus: 1
08-12 10:57:37.915 16414 16414 D cellinfo: onCellInfoChanged: 5G-NR Cell Bands: [] ARFCN: 175000 Cell ID: 9223372036854775807 Physical Cell ID: 333 Tracking Area Code: 16777215
08-12 10:57:37.959 16414 16466 D cellinfo: 46 bytes from 54.197.223.49: icmp_seq=2623 ttl=42 time=65.2 ms
08-12 10:57:38.139 16414 16466 D cellinfo: 46 bytes from 54.197.223.49: icmp_seq=2624 ttl=42 time=43.1 ms
08-12 10:57:38.366 16414 16466 D cellinfo: 46 bytes from 54.197.223.49: icmp_seq=2625 ttl=42 time=69.2 ms
08-12 10:57:38.567 16414 16466 D cellinfo: 46 bytes from 54.197.223.49: icmp_seq=2626 ttl=42 time=69.4 ms
08-12 10:57:38.778 16414 16466 D cellinfo: 46 bytes from 54.197.223.49: icmp_seq=2627 ttl=42 time=80.4 ms
08-12 10:57:38.993 16414 16466 D cellinfo: 46 bytes from 54.197.223.49: icmp_seq=2628 ttl=42 time=94.4 ms
08-12 10:57:39.146 16414 16466 D cellinfo: 46 bytes from 54.197.223.49: icmp_seq=2629 ttl=42 time=47.0 ms
08-12 10:57:39.376 16414 16466 D cellinfo: 46 bytes from 54.197.223.49: icmp_seq=2630 ttl=42 time=75.9 ms
08-12 10:57:39.583 16414 16466 D cellinfo: 46 bytes from 54.197.223.49: icmp_seq=2631 ttl=42 time=81.8 ms
08-12 10:57:39.764 16414 16466 D cellinfo: 46 bytes from 54.197.223.49: icmp_seq=2632 ttl=42 time=61.4 ms
08-12 10:57:39.953 16414 16466 D cellinfo: 46 bytes from 54.197.223.49: icmp_seq=2633 ttl=42 time=50.4 ms
08-12 10:57:40.167 16414 16466 D cellinfo: 46 bytes from 54.197.223.49: icmp_seq=2634 ttl=42 time=63.7 ms
08-12 10:57:40.386 16414 16466 D cellinfo: 46 bytes from 54.197.223.49: icmp_seq=2635 ttl=42 time=82.3 ms
08-12 10:57:40.568 16414 16466 D cellinfo: 46 bytes from 54.197.223.49: icmp_seq=2636 ttl=42 time=63.4 ms
08-12 10:57:40.788 16414 16466 D cellinfo: 46 bytes from 54.197.223.49: icmp_seq=2637 ttl=42 time=83.4 ms
08-12 10:57:40.885 16414 16414 D cellinfo: Latitude is 41.2609585
08-12 10:57:40.885 16414 16414 D cellinfo: Longitude is -95.822829
08-12 10:57:40.885 16414 16414 D cellinfo: Instantaneous GPS information: United States, 421 Gleason Ave, Council Bluffs, IA 51503, USA
08-12 10:57:40.885 16414 16414 D cellinfo: getCurrentLocation() result: Location (success): 41.2609585, -95.822829
08-12 10:57:40.937 16414 16414 D cellinfo: onCellInfoChanged: Operator: Verizon Wireless UpdateTimestamp: 154696623 CellConnectionStatus: 1
08-12 10:57:40.937 16414 16414 D cellinfo: onCellInfoChanged: 5G-NR Cell Bands: [] ARFCN: 175000 Cell ID: 9223372036854775807 Physical Cell ID: 333 Tracking Area Code: 16777215
08-12 10:57:40.974 16414 16466 D cellinfo: 46 bytes from 54.197.223.49: icmp_seq=2638 ttl=42 time=69.4 ms
08-12 10:57:41.154 16414 16466 D cellinfo: 46 bytes from 54.197.223.49: icmp_seq=2639 ttl=42 time=48.5 ms
08-12 10:57:41.235 16414 16414 D cellinfo: onsignalStrengthsChanged: LTE Signal Strength info: rsrp: -112 rsrq: -16 rssi: -89 rssnr: 0
08-12 10:57:41.235 16414 16414 D cellinfo: onsignalStrengthsChanged: 5G-NR Signal Strength info: ssrsrp: -104 ssrsrq: -12 sssinr: 9
08-12 10:57:41.372 16414 16466 D cellinfo: 46 bytes from 54.197.223.49: icmp_seq=2640 ttl=42 time=64.4 ms
08-12 10:57:41.564 16414 16466 D cellinfo: 46 bytes from 54.197.223.49: icmp_seq=2641 ttl=42 time=54.6 ms
08-12 10:57:41.758 16414 16466 D cellinfo: 46 bytes from 54.197.223.49: icmp_seq=2642 ttl=42 time=48.3 ms
08-12 10:57:41.972 16414 16466 D cellinfo: 46 bytes from 54.197.223.49: icmp_seq=2643 ttl=42 time=61.0 ms
08-12 10:57:42.195 16414 16466 D cellinfo: 46 bytes from 54.197.223.49: icmp_seq=2644 ttl=42 time=83.5 ms
08-12 10:57:42.378 16414 16466 D cellinfo: 46 bytes from 54.197.223.49: icmp_seq=2645 ttl=42 time=65.1 ms
08-12 10:57:42.586 16414 16466 D cellinfo: 46 bytes from 54.197.223.49: icmp_seq=2646 ttl=42 time=72.6 ms
08-12 10:57:42.766 16414 16466 D cellinfo: 46 bytes from 54.197.223.49: icmp_seq=2647 ttl=42 time=52.1 ms
08-12 10:57:42.989 16414 16466 D cellinfo: 46 bytes from 54.197.223.49: icmp_seq=2648 ttl=42 time=74.2 ms
08-12 10:57:43.180 16414 16466 D cellinfo: 46 bytes from 54.197.223.49: icmp_seq=2649 ttl=42 time=65.4 ms
08-12 10:57:43.384 16414 16466 D cellinfo: 46 bytes from 54.197.223.49: icmp_seq=2650 ttl=42 time=66.8 ms
08-12 10:57:43.570 16414 16466 D cellinfo: 46 bytes from 54.197.223.49: icmp_seq=2651 ttl=42 time=53.9 ms
08-12 10:57:43.774 16414 16466 D cellinfo: 46 bytes from 54.197.223.49: icmp_seq=2652 ttl=42 time=57.1 ms
08-12 10:57:43.920 16414 16414 D cellinfo: onCellInfoChanged: Operator: Verizon Wireless UpdateTimestamp: 154699608 CellConnectionStatus: 1
08-12 10:57:43.920 16414 16414 D cellinfo: onCellInfoChanged: 5G-NR Cell Bands: [] ARFCN: 175000 Cell ID: 9223372036854775807 Physical Cell ID: 333 Tracking Area Code: 16777215
08-12 10:57:43.984 16414 16466 D cellinfo: 46 bytes from 54.197.223.49: icmp_seq=2653 ttl=42 time=67.4 ms
08-12 10:57:44.173 16414 16466 D cellinfo: 46 bytes from 54.197.223.49: icmp_seq=2654 ttl=42 time=54.2 ms
08-12 10:57:44.374 16414 16466 D cellinfo: 46 bytes from 54.197.223.49: icmp_seq=2655 ttl=42 time=53.6 ms
08-12 10:57:44.384 16414 16414 D cellinfo: Latitude is 41.2609505
08-12 10:57:44.384 16414 16414 D cellinfo: Longitude is -95.8242944
08-12 10:57:44.384 16414 16414 D cellinfo: Instantaneous GPS information: United States, 128 Bonham Cir, Council Bluffs, IA 51503, USA
08-12 10:57:44.384 16414 16414 D cellinfo: getCurrentLocation() result: Location (success): 41.2609505, -95.8242944
08-12 10:57:44.576 16414 16466 D cellinfo: 46 bytes from 54.197.223.49: icmp_seq=2656 ttl=42 time=55.1 ms
08-12 10:57:44.773 16414 16414 D cellinfo: onsignalStrengthsChanged: LTE Signal Strength info: rsrp: -114 rsrq: -14 rssi: -91 rssnr: 4
08-12 10:57:44.774 16414 16414 D cellinfo: onsignalStrengthsChanged: 5G-NR Signal Strength info: ssrsrp: -103 ssrsrq: -12 sssinr: 9
08-12 10:57:44.792 16414 16466 D cellinfo: 46 bytes from 54.197.223.49: icmp_seq=2657 ttl=42 time=69.4 ms
08-12 10:57:45.058 16414 16466 D cellinfo: 46 bytes from 54.197.223.49: icmp_seq=2658 ttl=42 time=134 ms
08-12 10:57:45.171 16414 16466 D cellinfo: 46 bytes from 54.197.223.49: icmp_seq=2659 ttl=42 time=47.2 ms
08-12 10:57:45.558 16414 16466 D cellinfo: 46 bytes from 54.197.223.49: icmp_seq=2660 ttl=42 time=232 ms
08-12 10:57:45.592 16414 16466 D cellinfo: 46 bytes from 54.197.223.49: icmp_seq=2661 ttl=42 time=64.3 ms
08-12 10:57:45.785 16414 16466 D cellinfo: 46 bytes from 54.197.223.49: icmp_seq=2662 ttl=42 time=55.9 ms
08-12 10:57:45.986 16414 16466 D cellinfo: 46 bytes from 54.197.223.49: icmp_seq=2663 ttl=42 time=57.1 ms
08-12 10:57:46.186 16414 16466 D cellinfo: 46 bytes from 54.197.223.49: icmp_seq=2664 ttl=42 time=55.4 ms
08-12 10:57:46.392 16414 16466 D cellinfo: 46 bytes from 54.197.223.49: icmp_seq=2665 ttl=42 time=61.2 ms
08-12 10:57:46.598 16414 16466 D cellinfo: 46 bytes from 54.197.223.49: icmp_seq=2666 ttl=42 time=66.0 ms
08-12 10:57:46.782 16414 16466 D cellinfo: 46 bytes from 54.197.223.49: icmp_seq=2667 ttl=42 time=49.0 ms
08-12 10:57:46.881 16414 16414 D cellinfo: Latitude is 41.2609505
08-12 10:57:46.882 16414 16414 D cellinfo: Longitude is -95.8242944
08-12 10:57:46.882 16414 16414 D cellinfo: Instantaneous GPS information: United States, 128 Bonham Cir, Council Bluffs, IA 51503, USA
08-12 10:57:46.882 16414 16414 D cellinfo: getCurrentLocation() result: Location (success): 41.2609505, -95.8242944
08-12 10:57:46.924 16414 16414 D cellinfo: onCellInfoChanged: Operator: Verizon Wireless UpdateTimestamp: 154702609 CellConnectionStatus: 1
08-12 10:57:46.924 16414 16414 D cellinfo: onCellInfoChanged: 5G-NR Cell Bands: [] ARFCN: 175000 Cell ID: 9223372036854775807 Physical Cell ID: 333 Tracking Area Code: 16777215
08-12 10:57:47.002 16414 16466 D cellinfo: 46 bytes from 54.197.223.49: icmp_seq=2668 ttl=42 time=69.2 ms
08-12 10:57:47.200 16414 16466 D cellinfo: 46 bytes from 54.197.223.49: icmp_seq=2669 ttl=42 time=66.1 ms
08-12 10:57:47.407 16414 16466 D cellinfo: 46 bytes from 54.197.223.49: icmp_seq=2670 ttl=42 time=72.0 ms
08-12 10:57:47.587 16414 16466 D cellinfo: 46 bytes from 54.197.223.49: icmp_seq=2671 ttl=42 time=50.9 ms
08-12 10:57:47.785 16414 16466 D cellinfo: 46 bytes from 54.197.223.49: icmp_seq=2672 ttl=42 time=47.5 ms
08-12 10:57:47.799 16414 16414 D cellinfo: onsignalStrengthsChanged: LTE Signal Strength info: rsrp: -111 rsrq: -15 rssi: -87 rssnr: -2
08-12 10:57:47.799 16414 16414 D cellinfo: onsignalStrengthsChanged: 5G-NR Signal Strength info: ssrsrp: -103 ssrsrq: -12 sssinr: 7
08-12 10:57:48.015 16414 16466 D cellinfo: 46 bytes from 54.197.223.49: icmp_seq=2673 ttl=42 time=77.4 ms
08-12 10:57:48.188 16414 16466 D cellinfo: 46 bytes from 54.197.223.49: icmp_seq=2674 ttl=42 time=50.3 ms
08-12 10:57:48.401 16414 16466 D cellinfo: 46 bytes from 54.197.223.49: icmp_seq=2675 ttl=42 time=62.1 ms
08-12 10:57:48.586 16414 16466 D cellinfo: 46 bytes from 54.197.223.49: icmp_seq=2676 ttl=42 time=46.1 ms
08-12 10:57:48.803 16414 16466 D cellinfo: 46 bytes from 54.197.223.49: icmp_seq=2677 ttl=42 time=61.2 ms
08-12 10:57:49.219 16414 16466 D cellinfo: 46 bytes from 54.197.223.49: icmp_seq=2678 ttl=42 time=275 ms
08-12 10:57:49.219 16414 16466 D cellinfo: 46 bytes from 54.197.223.49: icmp_seq=2679 ttl=42 time=75.0 ms
08-12 10:57:49.407 16414 16466 D cellinfo: 46 bytes from 54.197.223.49: icmp_seq=2680 ttl=42 time=63.0 ms
08-12 10:57:49.610 16414 16466 D cellinfo: 46 bytes from 54.197.223.49: icmp_seq=2681 ttl=42 time=63.1 ms
08-12 10:57:49.803 16414 16466 D cellinfo: 46 bytes from 54.197.223.49: icmp_seq=2682 ttl=42 time=57.3 ms
08-12 10:57:49.881 16414 16414 D cellinfo: Latitude is 41.2609505
08-12 10:57:49.881 16414 16414 D cellinfo: Longitude is -95.8242944
08-12 10:57:49.881 16414 16414 D cellinfo: Instantaneous GPS information: United States, 128 Bonham Cir, Council Bluffs, IA 51503, USA
08-12 10:57:49.881 16414 16414 D cellinfo: getCurrentLocation() result: Location (success): 41.2609505, -95.8242944
08-12 10:57:49.934 16414 16414 D cellinfo: onCellInfoChanged: Operator: Verizon Wireless UpdateTimestamp: 154705622 CellConnectionStatus: 1
08-12 10:57:49.934 16414 16414 D cellinfo: onCellInfoChanged: 5G-NR Cell Bands: [] ARFCN: 175000 Cell ID: 9223372036854775807 Physical Cell ID: 333 Tracking Area Code: 16777215
08-12 10:57:49.996 16414 16466 D cellinfo: 46 bytes from 54.197.223.49: icmp_seq=2683 ttl=42 time=50.6 ms
08-12 10:57:50.194 16414 16466 D cellinfo: 46 bytes from 54.197.223.49: icmp_seq=2684 ttl=42 time=46.8 ms
08-12 10:57:50.412 16414 16466 D cellinfo: 46 bytes from 54.197.223.49: icmp_seq=2685 ttl=42 time=64.1 ms
08-12 10:57:50.607 16414 16466 D cellinfo: 46 bytes from 54.197.223.49: icmp_seq=2686 ttl=42 time=57.8 ms
08-12 10:57:50.815 16414 16466 D cellinfo: 46 bytes from 54.197.223.49: icmp_seq=2687 ttl=42 time=64.7 ms
08-12 10:57:51.018 16414 16466 D cellinfo: 46 bytes from 54.197.223.49: icmp_seq=2688 ttl=42 time=67.5 ms
08-12 10:57:51.159 16414 16414 D cellinfo: onsignalStrengthsChanged: LTE Signal Strength info: rsrp: -113 rsrq: -16 rssi: -89 rssnr: -5
08-12 10:57:51.159 16414 16414 D cellinfo: onsignalStrengthsChanged: 5G-NR Signal Strength info: ssrsrp: -109 ssrsrq: -13 sssinr: 0
08-12 10:57:51.199 16414 16466 D cellinfo: 46 bytes from 54.197.223.49: icmp_seq=2689 ttl=42 time=49.4 ms
08-12 10:57:51.427 16414 16466 D cellinfo: 46 bytes from 54.197.223.49: icmp_seq=2690 ttl=42 time=75.8 ms
08-12 10:57:51.599 16414 16466 D cellinfo: 46 bytes from 54.197.223.49: icmp_seq=2691 ttl=42 time=47.0 ms
08-12 10:57:51.809 16414 16466 D cellinfo: 46 bytes from 54.197.223.49: icmp_seq=2692 ttl=42 time=56.3 ms
08-12 10:57:52.006 16414 16466 D cellinfo: 46 bytes from 54.197.223.49: icmp_seq=2693 ttl=42 time=53.0 ms
08-12 10:57:52.222 16414 16466 D cellinfo: 46 bytes from 54.197.223.49: icmp_seq=2694 ttl=42 time=68.7 ms
08-12 10:57:52.790 16414 16466 D cellinfo: 46 bytes from 54.197.223.49: icmp_seq=2695 ttl=42 time=435 ms
08-12 10:57:52.790 16414 16466 D cellinfo: 46 bytes from 54.197.223.49: icmp_seq=2696 ttl=42 time=234 ms
08-12 10:57:52.835 16414 16466 D cellinfo: 46 bytes from 54.197.223.49: icmp_seq=2697 ttl=42 time=71.1 ms
08-12 10:57:52.886 16414 16414 D cellinfo: Latitude is 41.2609505
08-12 10:57:52.886 16414 16414 D cellinfo: Longitude is -95.8242944
08-12 10:57:52.886 16414 16414 D cellinfo: Instantaneous GPS information: United States, 128 Bonham Cir, Council Bluffs, IA 51503, USA
08-12 10:57:52.886 16414 16414 D cellinfo: getCurrentLocation() result: Location (success): 41.2609505, -95.8242944
08-12 10:57:52.935 16414 16414 D cellinfo: onCellInfoChanged: Operator: Verizon Wireless UpdateTimestamp: 154708622 CellConnectionStatus: 1
08-12 10:57:52.935 16414 16414 D cellinfo: onCellInfoChanged: 5G-NR Cell Bands: [] ARFCN: 175000 Cell ID: 9223372036854775807 Physical Cell ID: 333 Tracking Area Code: 16777215
08-12 10:57:53.029 16414 16466 D cellinfo: 46 bytes from 54.197.223.49: icmp_seq=2698 ttl=42 time=64.8 ms
08-12 10:57:53.220 16414 16466 D cellinfo: 46 bytes from 54.197.223.49: icmp_seq=2699 ttl=42 time=56.4 ms
08-12 10:57:53.430 16414 16466 D cellinfo: 46 bytes from 54.197.223.49: icmp_seq=2700 ttl=42 time=64.4 ms
08-12 10:57:53.624 16414 16466 D cellinfo: 46 bytes from 54.197.223.49: icmp_seq=2701 ttl=42 time=57.8 ms
08-12 10:57:53.826 16414 16466 D cellinfo: 46 bytes from 54.197.223.49: icmp_seq=2702 ttl=42 time=59.2 ms
08-12 10:57:54.037 16414 16466 D cellinfo: 46 bytes from 54.197.223.49: icmp_seq=2703 ttl=42 time=69.2 ms
08-12 10:57:54.215 16414 16466 D cellinfo: 46 bytes from 54.197.223.49: icmp_seq=2704 ttl=42 time=47.5 ms
08-12 10:57:54.430 16414 16466 D cellinfo: 46 bytes from 54.197.223.49: icmp_seq=2705 ttl=42 time=61.4 ms
08-12 10:57:54.631 16414 16466 D cellinfo: 46 bytes from 54.197.223.49: icmp_seq=2706 ttl=42 time=61.7 ms
08-12 10:57:54.796 16414 16414 D cellinfo: onServiceStateChanged: Channel Number: 66586 Cell Bandwidths: [10000, 5000, 10000, 5000, 100000]
08-12 10:57:54.877 16414 16466 D cellinfo: 46 bytes from 54.197.223.49: icmp_seq=2707 ttl=42 time=108 ms
08-12 10:57:54.878 16414 16414 D cellinfo: onServiceStateChanged: Channel Number: 66586 Cell Bandwidths: [10000]
08-12 10:57:55.034 16414 16466 D cellinfo: 46 bytes from 54.197.223.49: icmp_seq=2708 ttl=42 time=63.5 ms
08-12 10:57:55.045 16414 16414 D cellinfo: onServiceStateChanged: Channel Number: 66586 Cell Bandwidths: [10000, 20000, 20000, 20000]
08-12 10:57:55.236 16414 16466 D cellinfo: 46 bytes from 54.197.223.49: icmp_seq=2709 ttl=42 time=65.4 ms
08-12 10:57:55.470 16414 16466 D cellinfo: 46 bytes from 54.197.223.49: icmp_seq=2710 ttl=42 time=97.8 ms
08-12 10:57:55.899 16414 16414 D cellinfo: onCellInfoChanged: Operator: Verizon Wireless UpdateTimestamp: 154711588 CellConnectionStatus: 1
08-12 10:57:55.899 16414 16414 D cellinfo: onCellInfoChanged: LTE Cell Bands: [66] Bandwidth: 10000 Cell ID: 127436064 Physical Cell ID: 339 Tracking Area Code: 50470 EARFCN: 66586
08-12 10:57:55.902 16414 16466 D cellinfo: 46 bytes from 54.197.223.49: icmp_seq=2711 ttl=42 time=329 ms
08-12 10:57:55.902 16414 16466 D cellinfo: 46 bytes from 54.197.223.49: icmp_seq=2712 ttl=42 time=122 ms
08-12 10:57:55.951 16414 16466 D cellinfo: 46 bytes from 54.197.223.49: icmp_seq=2711 ttl=42 time=379 ms (DUP!)
08-12 10:57:55.964 16414 16414 D cellinfo: onServiceStateChanged: Channel Number: 66586 Cell Bandwidths: [10000]
08-12 10:57:56.021 16414 16466 D cellinfo: 46 bytes from 54.197.223.49: icmp_seq=2712 ttl=42 time=241 ms (DUP!)
08-12 10:57:56.036 16414 16466 D cellinfo: 46 bytes from 54.197.223.49: icmp_seq=2713 ttl=42 time=56.3 ms
08-12 10:57:56.252 16414 16414 D cellinfo: onServiceStateChanged: Channel Number: 66586 Cell Bandwidths: [10000, 5000, 10000, 5000]
08-12 10:57:56.264 16414 16466 D cellinfo: 46 bytes from 54.197.223.49: icmp_seq=2714 ttl=42 time=82.6 ms
08-12 10:57:56.432 16414 16466 D cellinfo: 46 bytes from 54.197.223.49: icmp_seq=2715 ttl=42 time=51.7 ms
08-12 10:57:56.637 16414 16466 D cellinfo: 46 bytes from 54.197.223.49: icmp_seq=2716 ttl=42 time=55.7 ms
08-12 10:57:56.839 16414 16466 D cellinfo: 46 bytes from 54.197.223.49: icmp_seq=2717 ttl=42 time=57.2 ms
08-12 10:57:57.068 16414 16466 D cellinfo: 46 bytes from 54.197.223.49: icmp_seq=2718 ttl=42 time=84.7 ms
08-12 10:57:57.253 16414 16466 D cellinfo: 46 bytes from 54.197.223.49: icmp_seq=2719 ttl=42 time=70.4 ms
08-12 10:57:57.446 16414 16466 D cellinfo: 46 bytes from 54.197.223.49: icmp_seq=2720 ttl=42 time=63.6 ms
08-12 10:57:57.448 16414 16414 D cellinfo: Latitude is 41.2609603
08-12 10:57:57.448 16414 16414 D cellinfo: Longitude is -95.8261743
08-12 10:57:57.448 16414 16414 D cellinfo: Instantaneous GPS information: United States, 519 Gleason Ave, Council Bluffs, IA 51503, USA
08-12 10:57:57.448 16414 16414 D cellinfo: getCurrentLocation() result: Location (success): 41.2609603, -95.8261743
08-12 10:57:57.457 16414 16414 D cellinfo: onsignalStrengthsChanged: LTE Signal Strength info: rsrp: -107 rsrq: -12 rssi: -87 rssnr: 2
08-12 10:57:57.638 16414 16466 D cellinfo: 46 bytes from 54.197.223.49: icmp_seq=2721 ttl=42 time=54.9 ms
08-12 10:57:57.844 16414 16466 D cellinfo: 46 bytes from 54.197.223.49: icmp_seq=2722 ttl=42 time=59.8 ms
08-12 10:57:58.045 16414 16466 D cellinfo: 46 bytes from 54.197.223.49: icmp_seq=2723 ttl=42 time=59.8 ms
08-12 10:57:58.239 16414 16466 D cellinfo: 46 bytes from 54.197.223.49: icmp_seq=2724 ttl=42 time=54.5 ms
08-12 10:57:58.438 16414 16466 D cellinfo: 46 bytes from 54.197.223.49: icmp_seq=2725 ttl=42 time=53.4 ms
08-12 10:57:58.653 16414 16466 D cellinfo: 46 bytes from 54.197.223.49: icmp_seq=2726 ttl=42 time=66.7 ms
08-12 10:57:58.836 16414 16466 D cellinfo: 46 bytes from 54.197.223.49: icmp_seq=2727 ttl=42 time=48.9 ms
08-12 10:57:58.875 16414 16414 D cellinfo: Latitude is 41.2609603
08-12 10:57:58.875 16414 16414 D cellinfo: Longitude is -95.8261743
08-12 10:57:58.875 16414 16414 D cellinfo: Instantaneous GPS information: United States, 519 Gleason Ave, Council Bluffs, IA 51503, USA
08-12 10:57:58.875 16414 16414 D cellinfo: getCurrentLocation() result: Location (success): 41.2609603, -95.8261743
08-12 10:57:58.916 16414 16414 D cellinfo: onCellInfoChanged: Operator: Verizon Wireless UpdateTimestamp: 154714605 CellConnectionStatus: 1
08-12 10:57:58.916 16414 16414 D cellinfo: onCellInfoChanged: LTE Cell Bands: [66, 66, 5, 2] Bandwidth: 10000 Cell ID: 127286048 Physical Cell ID: 339 Tracking Area Code: 50470 EARFCN: 66586
08-12 10:57:59.047 16414 16466 D cellinfo: 46 bytes from 54.197.223.49: icmp_seq=2728 ttl=42 time=59.6 ms
08-12 10:57:59.237 16414 16466 D cellinfo: 46 bytes from 54.197.223.49: icmp_seq=2729 ttl=42 time=50.4 ms
08-12 10:57:59.436 16414 16466 D cellinfo: 46 bytes from 54.197.223.49: icmp_seq=2730 ttl=42 time=48.9 ms
08-12 10:57:59.645 16414 16466 D cellinfo: 46 bytes from 54.197.223.49: icmp_seq=2731 ttl=42 time=56.7 ms
08-12 10:57:59.847 16414 16466 D cellinfo: 46 bytes from 54.197.223.49: icmp_seq=2732 ttl=42 time=57.7 ms
08-12 10:58:00.054 16414 16466 D cellinfo: 46 bytes from 54.197.223.49: icmp_seq=2733 ttl=42 time=65.4 ms
08-12 10:58:00.247 16414 16466 D cellinfo: 46 bytes from 54.197.223.49: icmp_seq=2734 ttl=42 time=57.2 ms
08-12 10:58:00.446 16414 16466 D cellinfo: 46 bytes from 54.197.223.49: icmp_seq=2735 ttl=42 time=56.3 ms
08-12 10:58:00.665 16414 16466 D cellinfo: 46 bytes from 54.197.223.49: icmp_seq=2736 ttl=42 time=73.4 ms
08-12 10:58:00.882 16414 16466 D cellinfo: 46 bytes from 54.197.223.49: icmp_seq=2737 ttl=42 time=89.0 ms
08-12 10:58:01.055 16414 16466 D cellinfo: 46 bytes from 54.197.223.49: icmp_seq=2738 ttl=42 time=60.9 ms
08-12 10:58:01.247 16414 16466 D cellinfo: 46 bytes from 54.197.223.49: icmp_seq=2739 ttl=42 time=52.4 ms
08-12 10:58:01.448 16414 16466 D cellinfo: 46 bytes from 54.197.223.49: icmp_seq=2740 ttl=42 time=53.3 ms
08-12 10:58:01.663 16414 16466 D cellinfo: 46 bytes from 54.197.223.49: icmp_seq=2741 ttl=42 time=67.3 ms
08-12 10:58:01.847 16414 16466 D cellinfo: 46 bytes from 54.197.223.49: icmp_seq=2742 ttl=42 time=49.8 ms
08-12 10:58:02.055 16414 16466 D cellinfo: 46 bytes from 54.197.223.49: icmp_seq=2743 ttl=42 time=57.1 ms
08-12 10:58:02.248 16414 16466 D cellinfo: 46 bytes from 54.197.223.49: icmp_seq=2744 ttl=42 time=49.1 ms
08-12 10:58:02.298 16414 16414 D cellinfo: Latitude is 41.2609571
08-12 10:58:02.298 16414 16414 D cellinfo: Longitude is -95.8264308
08-12 10:58:02.298 16414 16414 D cellinfo: Instantaneous GPS information: United States, 519 Gleason Ave, Council Bluffs, IA 51503, USA
08-12 10:58:02.298 16414 16414 D cellinfo: getCurrentLocation() result: Location (success): 41.2609571, -95.8264308
08-12 10:58:02.300 16414 16414 D cellinfo: onCellInfoChanged: Operator: Verizon Wireless UpdateTimestamp: 154717602 CellConnectionStatus: 1
08-12 10:58:02.300 16414 16414 D cellinfo: onCellInfoChanged: LTE Cell Bands: [66, 66, 5, 2] Bandwidth: 10000 Cell ID: 127286048 Physical Cell ID: 339 Tracking Area Code: 50470 EARFCN: 66586
08-12 10:58:02.454 16414 16466 D cellinfo: 46 bytes from 54.197.223.49: icmp_seq=2745 ttl=42 time=55.2 ms
08-12 10:58:02.658 16414 16466 D cellinfo: 46 bytes from 54.197.223.49: icmp_seq=2746 ttl=42 time=57.7 ms
08-12 10:58:02.865 16414 16466 D cellinfo: 46 bytes from 54.197.223.49: icmp_seq=2747 ttl=42 time=64.8 ms
08-12 10:58:03.057 16414 16466 D cellinfo: 46 bytes from 54.197.223.49: icmp_seq=2748 ttl=42 time=55.4 ms
08-12 10:58:03.257 16414 16466 D cellinfo: 46 bytes from 54.197.223.49: icmp_seq=2749 ttl=42 time=54.9 ms
08-12 10:58:03.465 16414 16466 D cellinfo: 46 bytes from 54.197.223.49: icmp_seq=2750 ttl=42 time=62.0 ms
08-12 10:58:03.658 16414 16466 D cellinfo: 46 bytes from 54.197.223.49: icmp_seq=2751 ttl=42 time=53.3 ms
08-12 10:58:03.856 16414 16466 D cellinfo: 46 bytes from 54.197.223.49: icmp_seq=2752 ttl=42 time=51.6 ms
08-12 10:58:04.057 16414 16466 D cellinfo: 46 bytes from 54.197.223.49: icmp_seq=2753 ttl=42 time=51.7 ms
08-12 10:58:04.256 16414 16466 D cellinfo: 46 bytes from 54.197.223.49: icmp_seq=2754 ttl=42 time=49.8 ms
08-12 10:58:04.457 16414 16466 D cellinfo: 46 bytes from 54.197.223.49: icmp_seq=2755 ttl=42 time=50.1 ms
08-12 10:58:04.656 16414 16466 D cellinfo: 46 bytes from 54.197.223.49: icmp_seq=2756 ttl=42 time=48.2 ms
08-12 10:58:04.867 16414 16466 D cellinfo: 46 bytes from 54.197.223.49: icmp_seq=2757 ttl=42 time=57.9 ms
08-12 10:58:05.072 16414 16466 D cellinfo: 46 bytes from 54.197.223.49: icmp_seq=2758 ttl=42 time=61.7 ms
08-12 10:58:05.243 16414 16414 D cellinfo: Latitude is 41.2609552
08-12 10:58:05.243 16414 16414 D cellinfo: Longitude is -95.826609
08-12 10:58:05.243 16414 16414 D cellinfo: Instantaneous GPS information: United States, 523 Gleason Ave, Council Bluffs, IA 51503, USA
08-12 10:58:05.243 16414 16414 D cellinfo: getCurrentLocation() result: Location (success): 41.2609552, -95.826609
08-12 10:58:05.244 16414 16414 D cellinfo: onCellInfoChanged: Operator: Verizon Wireless UpdateTimestamp: 154720620 CellConnectionStatus: 1
08-12 10:58:05.244 16414 16414 D cellinfo: onCellInfoChanged: LTE Cell Bands: [66, 66, 5, 2] Bandwidth: 10000 Cell ID: 127286048 Physical Cell ID: 339 Tracking Area Code: 50470 EARFCN: 66586
08-12 10:58:05.273 16414 16466 D cellinfo: 46 bytes from 54.197.223.49: icmp_seq=2759 ttl=42 time=63.0 ms
08-12 10:58:05.467 16414 16466 D cellinfo: 46 bytes from 54.197.223.49: icmp_seq=2760 ttl=42 time=55.6 ms
08-12 10:58:05.666 16414 16466 D cellinfo: 46 bytes from 54.197.223.49: icmp_seq=2761 ttl=42 time=55.4 ms
08-12 10:58:05.866 16414 16466 D cellinfo: 46 bytes from 54.197.223.49: icmp_seq=2762 ttl=42 time=54.5 ms
08-12 10:58:06.066 16414 16466 D cellinfo: 46 bytes from 54.197.223.49: icmp_seq=2763 ttl=42 time=53.5 ms
08-12 10:58:06.266 16414 16466 D cellinfo: 46 bytes from 54.197.223.49: icmp_seq=2764 ttl=42 time=51.5 ms
08-12 10:58:06.474 16414 16466 D cellinfo: 46 bytes from 54.197.223.49: icmp_seq=2765 ttl=42 time=59.2 ms
08-12 10:58:06.674 16414 16466 D cellinfo: 46 bytes from 54.197.223.49: icmp_seq=2766 ttl=42 time=58.9 ms
08-12 10:58:06.865 16414 16466 D cellinfo: 46 bytes from 54.197.223.49: icmp_seq=2767 ttl=42 time=49.5 ms
08-12 10:58:07.078 16414 16466 D cellinfo: 46 bytes from 54.197.223.49: icmp_seq=2768 ttl=42 time=60.6 ms
08-12 10:58:07.266 16414 16466 D cellinfo: 46 bytes from 54.197.223.49: icmp_seq=2769 ttl=42 time=48.7 ms
08-12 10:58:07.393 16414 16414 D cellinfo: onCellInfoChanged: Operator: Verizon Wireless UpdateTimestamp: 154723082 CellConnectionStatus: 1
08-12 10:58:07.393 16414 16414 D cellinfo: onCellInfoChanged: LTE Cell Bands: [66, 66, 5, 2] Bandwidth: 10000 Cell ID: 127286048 Physical Cell ID: 339 Tracking Area Code: 50470 EARFCN: 66586
08-12 10:58:07.476 16414 16466 D cellinfo: 46 bytes from 54.197.223.49: icmp_seq=2770 ttl=42 time=57.6 ms
08-12 10:58:07.678 16414 16466 D cellinfo: 46 bytes from 54.197.223.49: icmp_seq=2771 ttl=42 time=58.9 ms
08-12 10:58:07.881 16414 16466 D cellinfo: 46 bytes from 54.197.223.49: icmp_seq=2772 ttl=42 time=61.9 ms
08-12 10:58:08.078 16414 16466 D cellinfo: 46 bytes from 54.197.223.49: icmp_seq=2773 ttl=42 time=58.8 ms
08-12 10:58:08.218 16414 16414 D cellinfo: Latitude is 41.2609564
08-12 10:58:08.218 16414 16414 D cellinfo: Longitude is -95.82651
08-12 10:58:08.218 16414 16414 D cellinfo: Instantaneous GPS information: United States, 523 Gleason Ave, Council Bluffs, IA 51503, USA
08-12 10:58:08.218 16414 16414 D cellinfo: getCurrentLocation() result: Location (success): 41.2609564, -95.82651
08-12 10:58:08.276 16414 16466 D cellinfo: 46 bytes from 54.197.223.49: icmp_seq=2774 ttl=42 time=55.2 ms
08-12 10:58:08.484 16414 16466 D cellinfo: 46 bytes from 54.197.223.49: icmp_seq=2775 ttl=42 time=61.8 ms
08-12 10:58:08.691 16414 16466 D cellinfo: 46 bytes from 54.197.223.49: icmp_seq=2776 ttl=42 time=68.9 ms
08-12 10:58:08.910 16414 16466 D cellinfo: 46 bytes from 54.197.223.49: icmp_seq=2777 ttl=42 time=85.0 ms
08-12 10:58:09.106 16414 16466 D cellinfo: 46 bytes from 54.197.223.49: icmp_seq=2778 ttl=42 time=80.7 ms
08-12 10:58:09.322 16414 16466 D cellinfo: 46 bytes from 54.197.223.49: icmp_seq=2779 ttl=42 time=96.2 ms
08-12 10:58:09.500 16414 16466 D cellinfo: 46 bytes from 54.197.223.49: icmp_seq=2780 ttl=42 time=74.1 ms
08-12 10:58:09.687 16414 16466 D cellinfo: 46 bytes from 54.197.223.49: icmp_seq=2781 ttl=42 time=59.6 ms
08-12 10:58:09.888 16414 16466 D cellinfo: 46 bytes from 54.197.223.49: icmp_seq=2782 ttl=42 time=59.6 ms
08-12 10:58:10.095 16414 16466 D cellinfo: 46 bytes from 54.197.223.49: icmp_seq=2783 ttl=42 time=65.8 ms
08-12 10:58:10.304 16414 16466 D cellinfo: 46 bytes from 54.197.223.49: icmp_seq=2784 ttl=42 time=74.1 ms
08-12 10:58:10.524 16414 16466 D cellinfo: 46 bytes from 54.197.223.49: icmp_seq=2785 ttl=42 time=93.8 ms
08-12 10:58:10.697 16414 16466 D cellinfo: 46 bytes from 54.197.223.49: icmp_seq=2786 ttl=42 time=66.2 ms
08-12 10:58:10.899 16414 16466 D cellinfo: 46 bytes from 54.197.223.49: icmp_seq=2787 ttl=42 time=65.5 ms
08-12 10:58:11.131 16414 16466 D cellinfo: 46 bytes from 54.197.223.49: icmp_seq=2788 ttl=42 time=99.2 ms
08-12 10:58:11.296 16414 16466 D cellinfo: 46 bytes from 54.197.223.49: icmp_seq=2789 ttl=42 time=62.3 ms
08-12 10:58:11.522 16414 16466 D cellinfo: 46 bytes from 54.197.223.49: icmp_seq=2790 ttl=42 time=88.8 ms
08-12 10:58:11.529 16414 16414 D cellinfo: Latitude is 41.2609601
08-12 10:58:11.529 16414 16414 D cellinfo: Longitude is -95.8274963
08-12 10:58:11.529 16414 16414 D cellinfo: Instantaneous GPS information: United States, 110 Bonham St, Council Bluffs, IA 51503, USA
08-12 10:58:11.529 16414 16414 D cellinfo: getCurrentLocation() result: Location (success): 41.2609601, -95.8274963
08-12 10:58:11.530 16414 16414 D cellinfo: onCellInfoChanged: Operator: Verizon Wireless UpdateTimestamp: 154726643 CellConnectionStatus: 1
08-12 10:58:11.530 16414 16414 D cellinfo: onCellInfoChanged: LTE Cell Bands: [66] Bandwidth: 10000 Cell ID: 127286048 Physical Cell ID: 339 Tracking Area Code: 50470 EARFCN: 66586
08-12 10:58:11.706 16414 16466 D cellinfo: 46 bytes from 54.197.223.49: icmp_seq=2791 ttl=42 time=71.9 ms
08-12 10:58:11.896 16414 16466 D cellinfo: 46 bytes from 54.197.223.49: icmp_seq=2792 ttl=42 time=60.6 ms
08-12 10:58:12.098 16414 16466 D cellinfo: 46 bytes from 54.197.223.49: icmp_seq=2793 ttl=42 time=62.7 ms
08-12 10:58:12.322 16414 16466 D cellinfo: 46 bytes from 54.197.223.49: icmp_seq=2794 ttl=42 time=86.3 ms
