08-12 10:49:53.133 10134 10134 D cellinfo: Longitude is -95.8529704
08-12 10:49:53.133 10134 10134 D cellinfo: Instantaneous GPS information: United States, I-29, Council Bluffs, IA 51501, USA
08-12 10:49:53.133 10134 10134 D cellinfo: getCurrentLocation() result: Location (success): 41.2318863, -95.8529704
08-12 10:49:53.137 10134 10200 D cellinfo: 46 bytes from 54.197.223.49: icmp_seq=334 ttl=37 time=110 ms
08-12 10:49:53.339 10134 10200 D cellinfo: 46 bytes from 54.197.223.49: icmp_seq=335 ttl=37 time=112 ms
08-12 10:49:53.627 10134 10200 D cellinfo: 46 bytes from 54.197.223.49: icmp_seq=336 ttl=37 time=198 ms
08-12 10:49:53.627 10134 10200 D cellinfo: 46 bytes from 54.197.223.49: icmp_seq=336 ttl=37 time=199 ms (DUP!)
08-12 10:49:53.741 10134 10200 D cellinfo: 46 bytes from 54.197.223.49: icmp_seq=337 ttl=37 time=113 ms
08-12 10:49:53.797 10134 10134 D cellinfo: onServiceStateChanged: Channel Number: 1123 Cell Bandwidths: [15000]
08-12 10:49:53.940 10134 10200 D cellinfo: 46 bytes from 54.197.223.49: icmp_seq=338 ttl=37 time=110 ms
08-12 10:49:54.141 10134 10200 D cellinfo: 46 bytes from 54.197.223.49: icmp_seq=339 ttl=37 time=110 ms
08-12 10:49:54.352 10134 10200 D cellinfo: 46 bytes from 54.197.223.49: icmp_seq=340 ttl=37 time=121 ms
08-12 10:49:54.551 10134 10200 D cellinfo: 46 bytes from 54.197.223.49: icmp_seq=341 ttl=37 time=118 ms
08-12 10:49:54.751 10134 10200 D cellinfo: 46 bytes from 54.197.223.49: icmp_seq=342 ttl=37 time=117 ms
08-12 10:49:54.895 10134 10134 D cellinfo: onServiceStateChanged: Channel Number: 1123 Cell Bandwidths: [15000, 80000]
08-12 10:49:55.093 10134 10134 D cellinfo: onServiceStateChanged: Channel Number: 1123 Cell Bandwidths: [15000]
08-12 10:49:55.452 10134 10200 D cellinfo: 46 bytes from 54.197.223.49: icmp_seq=344 ttl=37 time=415 ms
08-12 10:49:55.452 10134 10200 D cellinfo: 46 bytes from 54.197.223.49: icmp_seq=345 ttl=37 time=210 ms
08-12 10:49:55.556 10134 10200 D cellinfo: 46 bytes from 54.197.223.49: icmp_seq=346 ttl=37 time=107 ms
08-12 10:49:55.757 10134 10200 D cellinfo: 46 bytes from 54.197.223.49: icmp_seq=347 ttl=37 time=107 ms
08-12 10:49:55.960 10134 10200 D cellinfo: 46 bytes from 54.197.223.49: icmp_seq=348 ttl=37 time=109 ms
08-12 10:49:56.132 10134 10134 D cellinfo: Latitude is 41.2318863
08-12 10:49:56.132 10134 10134 D cellinfo: Longitude is -95.8529704
08-12 10:49:56.132 10134 10134 D cellinfo: Instantaneous GPS information: United States, I-29, Council Bluffs, IA 51501, USA
08-12 10:49:56.132 10134 10134 D cellinfo: getCurrentLocation() result: Location (success): 41.2318863, -95.8529704
08-12 10:49:56.158 10134 10200 D cellinfo: 46 bytes from 54.197.223.49: icmp_seq=349 ttl=37 time=106 ms
08-12 10:49:56.361 10134 10200 D cellinfo: 46 bytes from 54.197.223.49: icmp_seq=350 ttl=37 time=108 ms
08-12 10:49:56.458 10134 10134 D cellinfo: onCellInfoChanged: Operator:  UpdateTimestamp: 143272771 CellConnectionStatus: 1
08-12 10:49:56.458 10134 10134 D cellinfo: onCellInfoChanged: 5G-NR Cell Bands: [] ARFCN: 527202 Cell ID: 9223372036854775807 Physical Cell ID: 569 Tracking Area Code: 16777215
08-12 10:49:56.562 10134 10200 D cellinfo: 46 bytes from 54.197.223.49: icmp_seq=351 ttl=37 time=108 ms
08-12 10:49:56.761 10134 10200 D cellinfo: 46 bytes from 54.197.223.49: icmp_seq=352 ttl=37 time=106 ms
08-12 10:49:56.962 10134 10200 D cellinfo: 46 bytes from 54.197.223.49: icmp_seq=353 ttl=37 time=106 ms
08-12 10:49:57.163 10134 10200 D cellinfo: 46 bytes from 54.197.223.49: icmp_seq=354 ttl=37 time=106 ms
08-12 10:49:57.361 10134 10200 D cellinfo: 46 bytes from 54.197.223.49: icmp_seq=355 ttl=37 time=102 ms
08-12 10:49:57.564 10134 10200 D cellinfo: 46 bytes from 54.197.223.49: icmp_seq=356 ttl=37 time=104 ms
08-12 10:49:57.769 10134 10200 D cellinfo: 46 bytes from 54.197.223.49: icmp_seq=357 ttl=37 time=109 ms
08-12 10:49:57.967 10134 10200 D cellinfo: 46 bytes from 54.197.223.49: icmp_seq=358 ttl=37 time=107 ms
08-12 10:49:58.166 10134 10200 D cellinfo: 46 bytes from 54.197.223.49: icmp_seq=359 ttl=37 time=105 ms
08-12 10:49:58.368 10134 10200 D cellinfo: 46 bytes from 54.197.223.49: icmp_seq=360 ttl=37 time=107 ms
08-12 10:49:58.571 10134 10200 D cellinfo: 46 bytes from 54.197.223.49: icmp_seq=361 ttl=37 time=108 ms
08-12 10:49:58.773 10134 10200 D cellinfo: 46 bytes from 54.197.223.49: icmp_seq=362 ttl=37 time=109 ms
08-12 10:49:58.973 10134 10200 D cellinfo: 46 bytes from 54.197.223.49: icmp_seq=363 ttl=37 time=109 ms
08-12 10:49:59.172 10134 10200 D cellinfo: 46 bytes from 54.197.223.49: icmp_seq=364 ttl=37 time=108 ms
08-12 10:49:59.372 10134 10200 D cellinfo: 46 bytes from 54.197.223.49: icmp_seq=365 ttl=37 time=106 ms
08-12 10:49:59.573 10134 10200 D cellinfo: 46 bytes from 54.197.223.49: icmp_seq=366 ttl=37 time=106 ms
08-12 10:49:59.776 10134 10200 D cellinfo: 46 bytes from 54.197.223.49: icmp_seq=367 ttl=37 time=109 ms
08-12 10:49:59.972 10134 10200 D cellinfo: 46 bytes from 54.197.223.49: icmp_seq=368 ttl=37 time=104 ms
08-12 10:50:00.172 10134 10200 D cellinfo: 46 bytes from 54.197.223.49: icmp_seq=369 ttl=37 time=104 ms
08-12 10:50:00.379 10134 10200 D cellinfo: 46 bytes from 54.197.223.49: icmp_seq=370 ttl=37 time=109 ms
08-12 10:50:00.578 10134 10200 D cellinfo: 46 bytes from 54.197.223.49: icmp_seq=371 ttl=37 time=107 ms
08-12 10:50:00.698 10134 10134 D cellinfo: Latitude is 41.2318796
08-12 10:50:00.698 10134 10134 D cellinfo: Longitude is -95.8505022
08-12 10:50:00.699 10134 10134 D cellinfo: Instantaneous GPS information: United States, 911 S Expressway St, Council Bluffs, IA 51501, USA
08-12 10:50:00.699 10134 10134 D cellinfo: getCurrentLocation() result: Location (success): 41.2318796, -95.8505022
08-12 10:50:00.783 10134 10200 D cellinfo: 46 bytes from 54.197.223.49: icmp_seq=372 ttl=37 time=110 ms
08-12 10:50:00.977 10134 10200 D cellinfo: 46 bytes from 54.197.223.49: icmp_seq=373 ttl=37 time=105 ms
08-12 10:50:01.176 10134 10200 D cellinfo: 46 bytes from 54.197.223.49: icmp_seq=374 ttl=37 time=102 ms
08-12 10:50:01.382 10134 10200 D cellinfo: 46 bytes from 54.197.223.49: icmp_seq=375 ttl=37 time=108 ms
08-12 10:50:01.586 10134 10200 D cellinfo: 46 bytes from 54.197.223.49: icmp_seq=376 ttl=37 time=111 ms
08-12 10:50:01.782 10134 10200 D cellinfo: 46 bytes from 54.197.223.49: icmp_seq=377 ttl=37 time=105 ms
08-12 10:50:01.983 10134 10200 D cellinfo: 46 bytes from 54.197.223.49: icmp_seq=378 ttl=37 time=105 ms
08-12 10:50:02.128 10134 10134 D cellinfo: Latitude is 41.2318796
08-12 10:50:02.128 10134 10134 D cellinfo: Longitude is -95.8505022
08-12 10:50:02.128 10134 10134 D cellinfo: Instantaneous GPS information: United States, 911 S Expressway St, Council Bluffs, IA 51501, USA
08-12 10:50:02.128 10134 10134 D cellinfo: getCurrentLocation() result: Location (success): 41.2318796, -95.8505022
08-12 10:50:02.182 10134 10200 D cellinfo: 46 bytes from 54.197.223.49: icmp_seq=379 ttl=37 time=104 ms
08-12 10:50:02.389 10134 10200 D cellinfo: 46 bytes from 54.197.223.49: icmp_seq=380 ttl=37 time=110 ms
08-12 10:50:02.435 10134 10134 D cellinfo: onCellInfoChanged: Operator:  UpdateTimestamp: 143278750 CellConnectionStatus: 1
08-12 10:50:02.435 10134 10134 D cellinfo: onCellInfoChanged: 5G-NR Cell Bands: [] ARFCN: 527202 Cell ID: 9223372036854775807 Physical Cell ID: 569 Tracking Area Code: 16777215
08-12 10:50:02.587 10134 10200 D cellinfo: 46 bytes from 54.197.223.49: icmp_seq=381 ttl=37 time=107 ms
08-12 10:50:02.787 10134 10200 D cellinfo: 46 bytes from 54.197.223.49: icmp_seq=382 ttl=37 time=106 ms
08-12 10:50:02.992 10134 10200 D cellinfo: 46 bytes from 54.197.223.49: icmp_seq=383 ttl=37 time=109 ms
08-12 10:50:03.188 10134 10200 D cellinfo: 46 bytes from 54.197.223.49: icmp_seq=384 ttl=37 time=105 ms
08-12 10:50:03.388 10134 10200 D cellinfo: 46 bytes from 54.197.223.49: icmp_seq=385 ttl=37 time=105 ms
08-12 10:50:03.592 10134 10200 D cellinfo: 46 bytes from 54.197.223.49: icmp_seq=386 ttl=37 time=108 ms
08-12 10:50:03.791 10134 10200 D cellinfo: 46 bytes from 54.197.223.49: icmp_seq=387 ttl=37 time=107 ms
08-12 10:50:03.997 10134 10200 D cellinfo: 46 bytes from 54.197.223.49: icmp_seq=388 ttl=37 time=111 ms
08-12 10:50:04.191 10134 10200 D cellinfo: 46 bytes from 54.197.223.49: icmp_seq=389 ttl=37 time=105 ms
08-12 10:50:04.396 10134 10200 D cellinfo: 46 bytes from 54.197.223.49: icmp_seq=390 ttl=37 time=109 ms
08-12 10:50:04.592 10134 10200 D cellinfo: 46 bytes from 54.197.223.49: icmp_seq=391 ttl=37 time=104 ms
08-12 10:50:04.793 10134 10200 D cellinfo: 46 bytes from 54.197.223.49: icmp_seq=392 ttl=37 time=105 ms
08-12 10:50:04.999 10134 10200 D cellinfo: 46 bytes from 54.197.223.49: icmp_seq=393 ttl=37 time=110 ms
08-12 10:50:05.139 10134 10134 D cellinfo: Latitude is 41.2318796
08-12 10:50:05.139 10134 10134 D cellinfo: Longitude is -95.8505022
08-12 10:50:05.139 10134 10134 D cellinfo: Instantaneous GPS information: United States, 911 S Expressway St, Council Bluffs, IA 51501, USA
08-12 10:50:05.139 10134 10134 D cellinfo: getCurrentLocation() result: Location (success): 41.2318796, -95.8505022
08-12 10:50:05.196 10134 10200 D cellinfo: 46 bytes from 54.197.223.49: icmp_seq=394 ttl=37 time=107 ms
08-12 10:50:05.395 10134 10200 D cellinfo: 46 bytes from 54.197.223.49: icmp_seq=395 ttl=37 time=105 ms
08-12 10:50:05.468 10134 10134 D cellinfo: onCellInfoChanged: Operator:  UpdateTimestamp: 143281782 CellConnectionStatus: 1
08-12 10:50:05.469 10134 10134 D cellinfo: onCellInfoChanged: 5G-NR Cell Bands: [] ARFCN: 527202 Cell ID: 9223372036854775807 Physical Cell ID: 569 Tracking Area Code: 16777215
08-12 10:50:05.600 10134 10200 D cellinfo: 46 bytes from 54.197.223.49: icmp_seq=396 ttl=37 time=109 ms
08-12 10:50:05.797 10134 10200 D cellinfo: 46 bytes from 54.197.223.49: icmp_seq=397 ttl=37 time=106 ms
08-12 10:50:06.000 10134 10200 D cellinfo: 46 bytes from 54.197.223.49: icmp_seq=398 ttl=37 time=109 ms
08-12 10:50:06.197 10134 10200 D cellinfo: 46 bytes from 54.197.223.49: icmp_seq=399 ttl=37 time=105 ms
08-12 10:50:06.402 10134 10200 D cellinfo: 46 bytes from 54.197.223.49: icmp_seq=400 ttl=37 time=109 ms
08-12 10:50:06.602 10134 10200 D cellinfo: 46 bytes from 54.197.223.49: icmp_seq=401 ttl=37 time=108 ms
08-12 10:50:06.802 10134 10200 D cellinfo: 46 bytes from 54.197.223.49: icmp_seq=402 ttl=37 time=107 ms
08-12 10:50:07.003 10134 10200 D cellinfo: 46 bytes from 54.197.223.49: icmp_seq=403 ttl=37 time=107 ms
08-12 10:50:07.203 10134 10200 D cellinfo: 46 bytes from 54.197.223.49: icmp_seq=404 ttl=37 time=108 ms
08-12 10:50:07.402 10134 10200 D cellinfo: 46 bytes from 54.197.223.49: icmp_seq=405 ttl=37 time=106 ms
08-12 10:50:07.602 10134 10200 D cellinfo: 46 bytes from 54.197.223.49: icmp_seq=406 ttl=37 time=106 ms
08-12 10:50:07.805 10134 10200 D cellinfo: 46 bytes from 54.197.223.49: icmp_seq=407 ttl=37 time=108 ms
08-12 10:50:08.009 10134 10200 D cellinfo: 46 bytes from 54.197.223.49: icmp_seq=408 ttl=37 time=110 ms
08-12 10:50:08.142 10134 10134 D cellinfo: Latitude is 41.2318796
08-12 10:50:08.142 10134 10134 D cellinfo: Longitude is -95.8505022
08-12 10:50:08.143 10134 10134 D cellinfo: Instantaneous GPS information: United States, 911 S Expressway St, Council Bluffs, IA 51501, USA
08-12 10:50:08.143 10134 10134 D cellinfo: getCurrentLocation() result: Location (success): 41.2318796, -95.8505022
08-12 10:50:08.205 10134 10200 D cellinfo: 46 bytes from 54.197.223.49: icmp_seq=409 ttl=37 time=107 ms
08-12 10:50:08.408 10134 10200 D cellinfo: 46 bytes from 54.197.223.49: icmp_seq=410 ttl=37 time=109 ms
08-12 10:50:08.610 10134 10200 D cellinfo: 46 bytes from 54.197.223.49: icmp_seq=411 ttl=37 time=110 ms
08-12 10:50:08.807 10134 10200 D cellinfo: 46 bytes from 54.197.223.49: icmp_seq=412 ttl=37 time=107 ms
08-12 10:50:09.014 10134 10200 D cellinfo: 46 bytes from 54.197.223.49: icmp_seq=413 ttl=37 time=113 ms
08-12 10:50:09.207 10134 10200 D cellinfo: 46 bytes from 54.197.223.49: icmp_seq=414 ttl=37 time=106 ms
08-12 10:50:09.407 10134 10200 D cellinfo: 46 bytes from 54.197.223.49: icmp_seq=415 ttl=37 time=106 ms
08-12 10:50:09.607 10134 10200 D cellinfo: 46 bytes from 54.197.223.49: icmp_seq=416 ttl=37 time=104 ms
08-12 10:50:09.806 10134 10200 D cellinfo: 46 bytes from 54.197.223.49: icmp_seq=417 ttl=37 time=104 ms
08-12 10:50:10.008 10134 10200 D cellinfo: 46 bytes from 54.197.223.49: icmp_seq=418 ttl=37 time=104 ms
08-12 10:50:10.207 10134 10200 D cellinfo: 46 bytes from 54.197.223.49: icmp_seq=419 ttl=37 time=105 ms
08-12 10:50:10.411 10134 10200 D cellinfo: 46 bytes from 54.197.223.49: icmp_seq=420 ttl=37 time=107 ms
08-12 10:50:10.616 10134 10200 D cellinfo: 46 bytes from 54.197.223.49: icmp_seq=421 ttl=37 time=111 ms
08-12 10:50:10.812 10134 10200 D cellinfo: 46 bytes from 54.197.223.49: icmp_seq=422 ttl=37 time=106 ms
08-12 10:50:11.013 10134 10200 D cellinfo: 46 bytes from 54.197.223.49: icmp_seq=423 ttl=37 time=105 ms
08-12 10:50:11.137 10134 10134 D cellinfo: Latitude is 41.2318796
08-12 10:50:11.137 10134 10134 D cellinfo: Longitude is -95.8505022
08-12 10:50:11.137 10134 10134 D cellinfo: Instantaneous GPS information: United States, 911 S Expressway St, Council Bluffs, IA 51501, USA
08-12 10:50:11.137 10134 10134 D cellinfo: getCurrentLocation() result: Location (success): 41.2318796, -95.8505022
08-12 10:50:11.212 10134 10200 D cellinfo: 46 bytes from 54.197.223.49: icmp_seq=424 ttl=37 time=105 ms
08-12 10:50:11.417 10134 10200 D cellinfo: 46 bytes from 54.197.223.49: icmp_seq=425 ttl=37 time=110 ms
08-12 10:50:11.455 10134 10134 D cellinfo: onCellInfoChanged: Operator:  UpdateTimestamp: 143287768 CellConnectionStatus: 1
08-12 10:50:11.455 10134 10134 D cellinfo: onCellInfoChanged: 5G-NR Cell Bands: [] ARFCN: 527202 Cell ID: 9223372036854775807 Physical Cell ID: 569 Tracking Area Code: 16777215
08-12 10:50:11.616 10134 10200 D cellinfo: 46 bytes from 54.197.223.49: icmp_seq=426 ttl=37 time=108 ms
08-12 10:50:11.812 10134 10200 D cellinfo: 46 bytes from 54.197.223.49: icmp_seq=427 ttl=37 time=104 ms
08-12 10:50:12.020 10134 10200 D cellinfo: 46 bytes from 54.197.223.49: icmp_seq=428 ttl=37 time=111 ms
08-12 10:50:12.216 10134 10200 D cellinfo: 46 bytes from 54.197.223.49: icmp_seq=429 ttl=37 time=107 ms
08-12 10:50:12.417 10134 10200 D cellinfo: 46 bytes from 54.197.223.49: icmp_seq=430 ttl=37 time=108 ms
08-12 10:50:12.617 10134 10200 D cellinfo: 46 bytes from 54.197.223.49: icmp_seq=431 ttl=37 time=106 ms
08-12 10:50:12.817 10134 10200 D cellinfo: 46 bytes from 54.197.223.49: icmp_seq=432 ttl=37 time=106 ms
08-12 10:50:13.022 10134 10200 D cellinfo: 46 bytes from 54.197.223.49: icmp_seq=433 ttl=37 time=109 ms
08-12 10:50:13.218 10134 10200 D cellinfo: 46 bytes from 54.197.223.49: icmp_seq=434 ttl=37 time=106 ms
08-12 10:50:13.421 10134 10200 D cellinfo: 46 bytes from 54.197.223.49: icmp_seq=435 ttl=37 time=107 ms
08-12 10:50:13.620 10134 10200 D cellinfo: 46 bytes from 54.197.223.49: icmp_seq=436 ttl=37 time=106 ms
08-12 10:50:13.822 10134 10200 D cellinfo: 46 bytes from 54.197.223.49: icmp_seq=437 ttl=37 time=108 ms
08-12 10:50:14.022 10134 10200 D cellinfo: 46 bytes from 54.197.223.49: icmp_seq=438 ttl=37 time=106 ms
08-12 10:50:14.222 10134 10200 D cellinfo: 46 bytes from 54.197.223.49: icmp_seq=439 ttl=37 time=107 ms
08-12 10:50:14.426 10134 10200 D cellinfo: 46 bytes from 54.197.223.49: icmp_seq=440 ttl=37 time=110 ms
08-12 10:50:14.628 10134 10200 D cellinfo: 46 bytes from 54.197.223.49: icmp_seq=441 ttl=37 time=112 ms
08-12 10:50:14.827 10134 10200 D cellinfo: 46 bytes from 54.197.223.49: icmp_seq=442 ttl=37 time=110 ms
08-12 10:50:15.025 10134 10200 D cellinfo: 46 bytes from 54.197.223.49: icmp_seq=443 ttl=37 time=108 ms
08-12 10:50:15.228 10134 10200 D cellinfo: 46 bytes from 54.197.223.49: icmp_seq=444 ttl=37 time=110 ms
08-12 10:50:15.426 10134 10200 D cellinfo: 46 bytes from 54.197.223.49: icmp_seq=445 ttl=37 time=107 ms
08-12 10:50:15.628 10134 10200 D cellinfo: 46 bytes from 54.197.223.49: icmp_seq=446 ttl=37 time=108 ms
08-12 10:50:15.742 10134 10134 D cellinfo: Latitude is 41.2317945
08-12 10:50:15.742 10134 10134 D cellinfo: Longitude is -95.8466054
08-12 10:50:15.742 10134 10134 D cellinfo: Instantaneous GPS information: United States, 500 30th Ave, Council Bluffs, IA 51501, USA
08-12 10:50:15.742 10134 10134 D cellinfo: getCurrentLocation() result: Location (success): 41.2317945, -95.8466054
08-12 10:50:15.828 10134 10200 D cellinfo: 46 bytes from 54.197.223.49: icmp_seq=447 ttl=37 time=107 ms
08-12 10:50:16.030 10134 10200 D cellinfo: 46 bytes from 54.197.223.49: icmp_seq=448 ttl=37 time=109 ms
08-12 10:50:16.231 10134 10200 D cellinfo: 46 bytes from 54.197.223.49: icmp_seq=449 ttl=37 time=111 ms
08-12 10:50:16.432 10134 10200 D cellinfo: 46 bytes from 54.197.223.49: icmp_seq=450 ttl=37 time=110 ms
08-12 10:50:16.637 10134 10200 D cellinfo: 46 bytes from 54.197.223.49: icmp_seq=451 ttl=37 time=114 ms
08-12 10:50:16.828 10134 10200 D cellinfo: 46 bytes from 54.197.223.49: icmp_seq=452 ttl=37 time=105 ms
08-12 10:50:17.032 10134 10200 D cellinfo: 46 bytes from 54.197.223.49: icmp_seq=453 ttl=37 time=108 ms
08-12 10:50:17.142 10134 10134 D cellinfo: Latitude is 41.2317945
08-12 10:50:17.142 10134 10134 D cellinfo: Longitude is -95.8466054
08-12 10:50:17.142 10134 10134 D cellinfo: Instantaneous GPS information: United States, 500 30th Ave, Council Bluffs, IA 51501, USA
08-12 10:50:17.142 10134 10134 D cellinfo: getCurrentLocation() result: Location (success): 41.2317945, -95.8466054
08-12 10:50:17.228 10134 10200 D cellinfo: 46 bytes from 54.197.223.49: icmp_seq=454 ttl=37 time=104 ms
08-12 10:50:17.437 10134 10200 D cellinfo: 46 bytes from 54.197.223.49: icmp_seq=455 ttl=37 time=113 ms
08-12 10:50:17.478 10134 10134 D cellinfo: onCellInfoChanged: Operator:  UpdateTimestamp: 143293791 CellConnectionStatus: 1
08-12 10:50:17.479 10134 10134 D cellinfo: onCellInfoChanged: 5G-NR Cell Bands: [] ARFCN: 527202 Cell ID: 9223372036854775807 Physical Cell ID: 569 Tracking Area Code: 16777215
08-12 10:50:17.631 10134 10200 D cellinfo: 46 bytes from 54.197.223.49: icmp_seq=456 ttl=37 time=107 ms
08-12 10:50:17.833 10134 10200 D cellinfo: 46 bytes from 54.197.223.49: icmp_seq=457 ttl=37 time=108 ms
08-12 10:50:18.043 10134 10200 D cellinfo: 46 bytes from 54.197.223.49: icmp_seq=458 ttl=37 time=116 ms
08-12 10:50:18.249 10134 10200 D cellinfo: 46 bytes from 54.197.223.49: icmp_seq=459 ttl=37 time=123 ms
08-12 10:50:18.437 10134 10200 D cellinfo: 46 bytes from 54.197.223.49: icmp_seq=460 ttl=37 time=110 ms
08-12 10:50:18.641 10134 10200 D cellinfo: 46 bytes from 54.197.223.49: icmp_seq=461 ttl=37 time=114 ms
08-12 10:50:18.833 10134 10200 D cellinfo: 46 bytes from 54.197.223.49: icmp_seq=462 ttl=37 time=106 ms
08-12 10:50:19.040 10134 10200 D cellinfo: 46 bytes from 54.197.223.49: icmp_seq=463 ttl=37 time=112 ms
08-12 10:50:19.241 10134 10200 D cellinfo: 46 bytes from 54.197.223.49: icmp_seq=464 ttl=37 time=112 ms
08-12 10:50:19.440 10134 10200 D cellinfo: 46 bytes from 54.197.223.49: icmp_seq=465 ttl=37 time=111 ms
08-12 10:50:19.642 10134 10200 D cellinfo: 46 bytes from 54.197.223.49: icmp_seq=466 ttl=37 time=112 ms
08-12 10:50:19.838 10134 10200 D cellinfo: 46 bytes from 54.197.223.49: icmp_seq=467 ttl=37 time=107 ms
08-12 10:50:20.045 10134 10200 D cellinfo: 46 bytes from 54.197.223.49: icmp_seq=468 ttl=37 time=114 ms
08-12 10:50:20.137 10134 10134 D cellinfo: Latitude is 41.2317945
08-12 10:50:20.137 10134 10134 D cellinfo: Longitude is -95.8466054
08-12 10:50:20.137 10134 10134 D cellinfo: Instantaneous GPS information: United States, 500 30th Ave, Council Bluffs, IA 51501, USA
08-12 10:50:20.137 10134 10134 D cellinfo: getCurrentLocation() result: Location (success): 41.2317945, -95.8466054
08-12 10:50:20.244 10134 10200 D cellinfo: 46 bytes from 54.197.223.49: icmp_seq=469 ttl=37 time=113 ms
08-12 10:50:20.447 10134 10200 D cellinfo: 46 bytes from 54.197.223.49: icmp_seq=470 ttl=37 time=115 ms
08-12 10:50:20.643 10134 10200 D cellinfo: 46 bytes from 54.197.223.49: icmp_seq=471 ttl=37 time=110 ms
08-12 10:50:20.845 10134 10200 D cellinfo: 46 bytes from 54.197.223.49: icmp_seq=472 ttl=37 time=112 ms
08-12 10:50:21.046 10134 10200 D cellinfo: 46 bytes from 54.197.223.49: icmp_seq=473 ttl=37 time=113 ms
08-12 10:50:21.245 10134 10200 D cellinfo: 46 bytes from 54.197.223.49: icmp_seq=474 ttl=37 time=111 ms
08-12 10:50:21.449 10134 10200 D cellinfo: 46 bytes from 54.197.223.49: icmp_seq=475 ttl=37 time=115 ms
08-12 10:50:21.648 10134 10200 D cellinfo: 46 bytes from 54.197.223.49: icmp_seq=476 ttl=37 time=113 ms
08-12 10:50:21.842 10134 10200 D cellinfo: 46 bytes from 54.197.223.49: icmp_seq=477 ttl=37 time=106 ms
08-12 10:50:22.050 10134 10200 D cellinfo: 46 bytes from 54.197.223.49: icmp_seq=478 ttl=37 time=114 ms
08-12 10:50:22.257 10134 10200 D cellinfo: 46 bytes from 54.197.223.49: icmp_seq=479 ttl=37 time=121 ms
08-12 10:50:22.454 10134 10200 D cellinfo: 46 bytes from 54.197.223.49: icmp_seq=480 ttl=37 time=117 ms
08-12 10:50:22.651 10134 10200 D cellinfo: 46 bytes from 54.197.223.49: icmp_seq=481 ttl=37 time=114 ms
08-12 10:50:22.850 10134 10200 D cellinfo: 46 bytes from 54.197.223.49: icmp_seq=482 ttl=37 time=111 ms
08-12 10:50:23.057 10134 10200 D cellinfo: 46 bytes from 54.197.223.49: icmp_seq=483 ttl=37 time=117 ms
08-12 10:50:23.139 10134 10134 D cellinfo: Latitude is 41.2317945
08-12 10:50:23.139 10134 10134 D cellinfo: Longitude is -95.8466054
08-12 10:50:23.139 10134 10134 D cellinfo: Instantaneous GPS information: United States, 500 30th Ave, Council Bluffs, IA 51501, USA
08-12 10:50:23.139 10134 10134 D cellinfo: getCurrentLocation() result: Location (success): 41.2317945, -95.8466054
08-12 10:50:23.251 10134 10200 D cellinfo: 46 bytes from 54.197.223.49: icmp_seq=484 ttl=37 time=112 ms
08-12 10:50:23.446 10134 10134 D cellinfo: onCellInfoChanged: Operator:  UpdateTimestamp: 143299757 CellConnectionStatus: 1
08-12 10:50:23.446 10134 10134 D cellinfo: onCellInfoChanged: 5G-NR Cell Bands: [] ARFCN: 527202 Cell ID: 9223372036854775807 Physical Cell ID: 569 Tracking Area Code: 16777215
08-12 10:50:23.460 10134 10200 D cellinfo: 46 bytes from 54.197.223.49: icmp_seq=485 ttl=37 time=120 ms
08-12 10:50:23.653 10134 10200 D cellinfo: 46 bytes from 54.197.223.49: icmp_seq=486 ttl=37 time=112 ms
08-12 10:50:23.854 10134 10200 D cellinfo: 46 bytes from 54.197.223.49: icmp_seq=487 ttl=37 time=112 ms
08-12 10:50:24.054 10134 10200 D cellinfo: 46 bytes from 54.197.223.49: icmp_seq=488 ttl=37 time=112 ms
08-12 10:50:24.260 10134 10200 D cellinfo: 46 bytes from 54.197.223.49: icmp_seq=489 ttl=37 time=119 ms
08-12 10:50:24.455 10134 10200 D cellinfo: 46 bytes from 54.197.223.49: icmp_seq=490 ttl=37 time=113 ms
08-12 10:50:24.661 10134 10200 D cellinfo: 46 bytes from 54.197.223.49: icmp_seq=491 ttl=37 time=114 ms
08-12 10:50:24.856 10134 10200 D cellinfo: 46 bytes from 54.197.223.49: icmp_seq=492 ttl=37 time=112 ms
08-12 10:50:25.058 10134 10200 D cellinfo: 46 bytes from 54.197.223.49: icmp_seq=493 ttl=37 time=114 ms
08-12 10:50:25.328 10134 10134 D cellinfo: onServiceStateChanged: Channel Number: 1123 Cell Bandwidths: [15000, 80000]
08-12 10:50:25.365 10134 10134 D cellinfo: onServiceStateChanged: Channel Number: 1123 Cell Bandwidths: [15000]
08-12 10:50:25.410 10134 10200 D cellinfo: 46 bytes from 54.197.223.49: icmp_seq=494 ttl=37 time=265 ms
08-12 10:50:25.428 10134 10200 D cellinfo: 46 bytes from 54.197.223.49: icmp_seq=494 ttl=37 time=285 ms (DUP!)
08-12 10:50:25.509 10134 10200 D cellinfo: 46 bytes from 54.197.223.49: icmp_seq=495 ttl=37 time=164 ms
08-12 10:50:25.660 10134 10200 D cellinfo: 46 bytes from 54.197.223.49: icmp_seq=496 ttl=37 time=114 ms
08-12 10:50:25.884 10134 10200 D cellinfo: 46 bytes from 54.197.223.49: icmp_seq=497 ttl=37 time=137 ms
08-12 10:50:26.000 10134 10134 D cellinfo: onServiceStateChanged: Channel Number: 1123 Cell Bandwidths: [15000, 80000]
08-12 10:50:26.191 10134 10200 D cellinfo: 46 bytes from 54.197.223.49: icmp_seq=498 ttl=37 time=243 ms
08-12 10:50:26.272 10134 10200 D cellinfo: 46 bytes from 54.197.223.49: icmp_seq=499 ttl=37 time=123 ms
08-12 10:50:26.472 10134 10200 D cellinfo: 46 bytes from 54.197.223.49: icmp_seq=500 ttl=37 time=121 ms
08-12 10:50:26.663 10134 10200 D cellinfo: 46 bytes from 54.197.223.49: icmp_seq=501 ttl=37 time=112 ms
08-12 10:50:26.866 10134 10200 D cellinfo: 46 bytes from 54.197.223.49: icmp_seq=502 ttl=37 time=115 ms
08-12 10:50:27.005 10134 10134 D cellinfo: Latitude is 41.2310439
08-12 10:50:27.005 10134 10134 D cellinfo: Longitude is -95.8435292
08-12 10:50:27.005 10134 10134 D cellinfo: Instantaneous GPS information: United States, 3115 Manawa Centre Dr, Council Bluffs, IA 51501, USA
08-12 10:50:27.005 10134 10134 D cellinfo: getCurrentLocation() result: Location (success): 41.2310439, -95.8435292
08-12 10:50:27.074 10134 10200 D cellinfo: 46 bytes from 54.197.223.49: icmp_seq=503 ttl=37 time=121 ms
08-12 10:50:27.260 10134 10200 D cellinfo: 46 bytes from 54.197.223.49: icmp_seq=504 ttl=37 time=108 ms
08-12 10:50:27.460 10134 10200 D cellinfo: 46 bytes from 54.197.223.49: icmp_seq=505 ttl=37 time=107 ms
08-12 10:50:27.673 10134 10200 D cellinfo: 46 bytes from 54.197.223.49: icmp_seq=506 ttl=37 time=119 ms
08-12 10:50:27.858 10134 10200 D cellinfo: 46 bytes from 54.197.223.49: icmp_seq=507 ttl=37 time=104 ms
08-12 10:50:28.061 10134 10200 D cellinfo: 46 bytes from 54.197.223.49: icmp_seq=508 ttl=37 time=105 ms
08-12 10:50:28.263 10134 10200 D cellinfo: 46 bytes from 54.197.223.49: icmp_seq=509 ttl=37 time=107 ms
08-12 10:50:28.486 10134 10200 D cellinfo: 46 bytes from 54.197.223.49: icmp_seq=510 ttl=37 time=129 ms
08-12 10:50:28.663 10134 10200 D cellinfo: 46 bytes from 54.197.223.49: icmp_seq=511 ttl=37 time=106 ms
08-12 10:50:28.860 10134 10200 D cellinfo: 46 bytes from 54.197.223.49: icmp_seq=512 ttl=37 time=102 ms
08-12 10:50:29.062 10134 10200 D cellinfo: 46 bytes from 54.197.223.49: icmp_seq=513 ttl=37 time=103 ms
08-12 10:50:29.265 10134 10200 D cellinfo: 46 bytes from 54.197.223.49: icmp_seq=514 ttl=37 time=106 ms
08-12 10:50:29.471 10134 10200 D cellinfo: 46 bytes from 54.197.223.49: icmp_seq=515 ttl=37 time=110 ms
08-12 10:50:29.669 10134 10200 D cellinfo: 46 bytes from 54.197.223.49: icmp_seq=516 ttl=37 time=109 ms
08-12 10:50:29.867 10134 10200 D cellinfo: 46 bytes from 54.197.223.49: icmp_seq=517 ttl=37 time=107 ms
08-12 10:50:30.069 10134 10200 D cellinfo: 46 bytes from 54.197.223.49: icmp_seq=518 ttl=37 time=108 ms
08-12 10:50:30.269 10134 10200 D cellinfo: 46 bytes from 54.197.223.49: icmp_seq=519 ttl=37 time=108 ms
08-12 10:50:30.466 10134 10200 D cellinfo: 46 bytes from 54.197.223.49: icmp_seq=520 ttl=37 time=104 ms
08-12 10:50:30.672 10134 10200 D cellinfo: 46 bytes from 54.197.223.49: icmp_seq=521 ttl=37 time=109 ms
08-12 10:50:30.885 10134 10200 D cellinfo: 46 bytes from 54.197.223.49: icmp_seq=522 ttl=37 time=120 ms
08-12 10:50:31.073 10134 10200 D cellinfo: 46 bytes from 54.197.223.49: icmp_seq=523 ttl=37 time=108 ms
08-12 10:50:31.274 10134 10200 D cellinfo: 46 bytes from 54.197.223.49: icmp_seq=524 ttl=37 time=108 ms
08-12 10:50:31.473 10134 10200 D cellinfo: 46 bytes from 54.197.223.49: icmp_seq=525 ttl=37 time=106 ms
08-12 10:50:31.673 10134 10200 D cellinfo: 46 bytes from 54.197.223.49: icmp_seq=526 ttl=37 time=106 ms
08-12 10:50:31.873 10134 10200 D cellinfo: 46 bytes from 54.197.223.49: icmp_seq=527 ttl=37 time=105 ms
08-12 10:50:32.077 10134 10200 D cellinfo: 46 bytes from 54.197.223.49: icmp_seq=528 ttl=37 time=108 ms
08-12 10:50:32.283 10134 10200 D cellinfo: 46 bytes from 54.197.223.49: icmp_seq=529 ttl=37 time=113 ms
08-12 10:50:32.479 10134 10200 D cellinfo: 46 bytes from 54.197.223.49: icmp_seq=530 ttl=37 time=109 ms
08-12 10:50:32.677 10134 10200 D cellinfo: 46 bytes from 54.197.223.49: icmp_seq=531 ttl=37 time=107 ms
08-12 10:50:32.879 10134 10200 D cellinfo: 46 bytes from 54.197.223.49: icmp_seq=532 ttl=37 time=108 ms
08-12 10:50:33.078 10134 10200 D cellinfo: 46 bytes from 54.197.223.49: icmp_seq=533 ttl=37 time=106 ms
08-12 10:50:33.278 10134 10200 D cellinfo: 46 bytes from 54.197.223.49: icmp_seq=534 ttl=37 time=106 ms
08-12 10:50:33.477 10134 10200 D cellinfo: 46 bytes from 54.197.223.49: icmp_seq=535 ttl=37 time=105 ms
08-12 10:50:33.678 10134 10200 D cellinfo: 46 bytes from 54.197.223.49: icmp_seq=536 ttl=37 time=104 ms
08-12 10:50:33.879 10134 10200 D cellinfo: 46 bytes from 54.197.223.49: icmp_seq=537 ttl=37 time=104 ms
08-12 10:50:34.083 10134 10200 D cellinfo: 46 bytes from 54.197.223.49: icmp_seq=538 ttl=37 time=108 ms
08-12 10:50:34.283 10134 10200 D cellinfo: 46 bytes from 54.197.223.49: icmp_seq=539 ttl=37 time=108 ms
08-12 10:50:34.484 10134 10200 D cellinfo: 46 bytes from 54.197.223.49: icmp_seq=540 ttl=37 time=109 ms
08-12 10:50:34.688 10134 10200 D cellinfo: 46 bytes from 54.197.223.49: icmp_seq=541 ttl=37 time=113 ms
08-12 10:50:34.885 10134 10200 D cellinfo: 46 bytes from 54.197.223.49: icmp_seq=542 ttl=37 time=109 ms
08-12 10:50:35.082 10134 10200 D cellinfo: 46 bytes from 54.197.223.49: icmp_seq=543 ttl=37 time=105 ms
08-12 10:50:35.283 10134 10200 D cellinfo: 46 bytes from 54.197.223.49: icmp_seq=544 ttl=37 time=107 ms
08-12 10:50:35.481 10134 10200 D cellinfo: 46 bytes from 54.197.223.49: icmp_seq=545 ttl=37 time=105 ms
08-12 10:50:35.685 10134 10200 D cellinfo: 46 bytes from 54.197.223.49: icmp_seq=546 ttl=37 time=109 ms
08-12 10:50:35.883 10134 10200 D cellinfo: 46 bytes from 54.197.223.49: icmp_seq=547 ttl=37 time=106 ms
08-12 10:50:36.081 10134 10200 D cellinfo: 46 bytes from 54.197.223.49: icmp_seq=548 ttl=37 time=104 ms
08-12 10:50:36.285 10134 10200 D cellinfo: 46 bytes from 54.197.223.49: icmp_seq=549 ttl=37 time=108 ms
08-12 10:50:36.486 10134 10200 D cellinfo: 46 bytes from 54.197.223.49: icmp_seq=550 ttl=37 time=109 ms
08-12 10:50:36.684 10134 10200 D cellinfo: 46 bytes from 54.197.223.49: icmp_seq=551 ttl=37 time=105 ms
08-12 10:50:36.889 10134 10200 D cellinfo: 46 bytes from 54.197.223.49: icmp_seq=552 ttl=37 time=110 ms
08-12 10:50:37.091 10134 10200 D cellinfo: 46 bytes from 54.197.223.49: icmp_seq=553 ttl=37 time=111 ms
08-12 10:50:37.283 10134 10200 D cellinfo: 46 bytes from 54.197.223.49: icmp_seq=554 ttl=37 time=103 ms
08-12 10:50:37.490 10134 10200 D cellinfo: 46 bytes from 54.197.223.49: icmp_seq=555 ttl=37 time=110 ms
08-12 10:50:37.688 10134 10200 D cellinfo: 46 bytes from 54.197.223.49: icmp_seq=556 ttl=37 time=107 ms
08-12 10:50:37.887 10134 10200 D cellinfo: 46 bytes from 54.197.223.49: icmp_seq=557 ttl=37 time=105 ms
08-12 10:50:38.091 10134 10200 D cellinfo: 46 bytes from 54.197.223.49: icmp_seq=558 ttl=37 time=108 ms
08-12 10:50:38.292 10134 10200 D cellinfo: 46 bytes from 54.197.223.49: icmp_seq=559 ttl=37 time=109 ms
08-12 10:50:38.488 10134 10200 D cellinfo: 46 bytes from 54.197.223.49: icmp_seq=560 ttl=37 time=105 ms
08-12 10:50:38.692 10134 10200 D cellinfo: 46 bytes from 54.197.223.49: icmp_seq=561 ttl=37 time=107 ms
08-12 10:50:38.894 10134 10200 D cellinfo: 46 bytes from 54.197.223.49: icmp_seq=562 ttl=37 time=108 ms
08-12 10:50:39.092 10134 10200 D cellinfo: 46 bytes from 54.197.223.49: icmp_seq=563 ttl=37 time=106 ms
08-12 10:50:39.292 10134 10200 D cellinfo: 46 bytes from 54.197.223.49: icmp_seq=564 ttl=37 time=106 ms
08-12 10:50:39.492 10134 10200 D cellinfo: 46 bytes from 54.197.223.49: icmp_seq=565 ttl=37 time=105 ms
08-12 10:50:39.692 10134 10200 D cellinfo: 46 bytes from 54.197.223.49: icmp_seq=566 ttl=37 time=104 ms
08-12 10:50:39.892 10134 10200 D cellinfo: 46 bytes from 54.197.223.49: icmp_seq=567 ttl=37 time=104 ms
08-12 10:50:40.106 10134 10200 D cellinfo: 46 bytes from 54.197.223.49: icmp_seq=568 ttl=37 time=116 ms
08-12 10:50:40.294 10134 10200 D cellinfo: 46 bytes from 54.197.223.49: icmp_seq=569 ttl=37 time=104 ms
08-12 10:50:40.498 10134 10200 D cellinfo: 46 bytes from 54.197.223.49: icmp_seq=570 ttl=37 time=107 ms
08-12 10:50:40.699 10134 10200 D cellinfo: 46 bytes from 54.197.223.49: icmp_seq=571 ttl=37 time=108 ms
08-12 10:50:40.900 10134 10200 D cellinfo: 46 bytes from 54.197.223.49: icmp_seq=572 ttl=37 time=108 ms
08-12 10:50:41.098 10134 10200 D cellinfo: 46 bytes from 54.197.223.49: icmp_seq=573 ttl=37 time=106 ms
08-12 10:50:41.304 10134 10200 D cellinfo: 46 bytes from 54.197.223.49: icmp_seq=574 ttl=37 time=112 ms
08-12 10:50:41.503 10134 10200 D cellinfo: 46 bytes from 54.197.223.49: icmp_seq=575 ttl=37 time=108 ms
08-12 10:50:41.696 10134 10200 D cellinfo: 46 bytes from 54.197.223.49: icmp_seq=576 ttl=37 time=104 ms
08-12 10:50:41.897 10134 10200 D cellinfo: 46 bytes from 54.197.223.49: icmp_seq=577 ttl=37 time=103 ms
08-12 10:50:42.101 10134 10200 D cellinfo: 46 bytes from 54.197.223.49: icmp_seq=578 ttl=37 time=107 ms
08-12 10:50:42.311 10134 10200 D cellinfo: 46 bytes from 54.197.223.49: icmp_seq=579 ttl=37 time=117 ms
08-12 10:50:42.502 10134 10200 D cellinfo: 46 bytes from 54.197.223.49: icmp_seq=580 ttl=37 time=108 ms
08-12 10:50:42.703 10134 10200 D cellinfo: 46 bytes from 54.197.223.49: icmp_seq=581 ttl=37 time=108 ms
08-12 10:50:42.905 10134 10200 D cellinfo: 46 bytes from 54.197.223.49: icmp_seq=582 ttl=37 time=109 ms
08-12 10:50:43.103 10134 10200 D cellinfo: 46 bytes from 54.197.223.49: icmp_seq=583 ttl=37 time=106 ms
08-12 10:50:43.302 10134 10200 D cellinfo: 46 bytes from 54.197.223.49: icmp_seq=584 ttl=37 time=106 ms
08-12 10:50:43.502 10134 10200 D cellinfo: 46 bytes from 54.197.223.49: icmp_seq=585 ttl=37 time=104 ms
08-12 10:50:43.708 10134 10200 D cellinfo: 46 bytes from 54.197.223.49: icmp_seq=586 ttl=37 time=109 ms
08-12 10:50:43.922 10134 10200 D cellinfo: 46 bytes from 54.197.223.49: icmp_seq=587 ttl=37 time=122 ms
08-12 10:50:44.195 10134 10134 D cellinfo: onServiceStateChanged: Channel Number: 1123 Cell Bandwidths: [15000, 20000, 80000]
08-12 10:50:44.261 10134 10200 D cellinfo: 46 bytes from 54.197.223.49: icmp_seq=588 ttl=37 time=260 ms
08-12 10:50:44.372 10134 10200 D cellinfo: 46 bytes from 54.197.223.49: icmp_seq=589 ttl=37 time=171 ms
08-12 10:50:44.640 10134 10200 D cellinfo: 46 bytes from 54.197.223.49: icmp_seq=590 ttl=37 time=238 ms
08-12 10:50:44.791 10134 10200 D cellinfo: 46 bytes from 54.197.223.49: icmp_seq=591 ttl=37 time=185 ms
08-12 10:50:45.071 10134 10200 D cellinfo: 46 bytes from 54.197.223.49: icmp_seq=592 ttl=37 time=266 ms
08-12 10:50:45.269 10134 10200 D cellinfo: 46 bytes from 54.197.223.49: icmp_seq=593 ttl=37 time=256 ms
08-12 10:50:45.517 10134 10200 D cellinfo: 46 bytes from 54.197.223.49: icmp_seq=594 ttl=37 time=303 ms
08-12 10:50:45.772 10134 10200 D cellinfo: 46 bytes from 54.197.223.49: icmp_seq=595 ttl=37 time=358 ms
08-12 10:50:45.951 10134 10200 D cellinfo: 46 bytes from 54.197.223.49: icmp_seq=596 ttl=37 time=336 ms
08-12 10:50:46.261 10134 10200 D cellinfo: 46 bytes from 54.197.223.49: icmp_seq=597 ttl=37 time=445 ms
08-12 10:50:46.557 10134 10200 D cellinfo: 46 bytes from 54.197.223.49: icmp_seq=598 ttl=37 time=541 ms
08-12 10:50:46.794 10134 10200 D cellinfo: 46 bytes from 54.197.223.49: icmp_seq=599 ttl=37 time=573 ms
08-12 10:50:47.108 10134 10200 D cellinfo: 46 bytes from 54.197.223.49: icmp_seq=600 ttl=37 time=686 ms
08-12 10:50:47.313 10134 10200 D cellinfo: 46 bytes from 54.197.223.49: icmp_seq=601 ttl=37 time=691 ms
08-12 10:50:47.553 10134 10200 D cellinfo: 46 bytes from 54.197.223.49: icmp_seq=602 ttl=37 time=731 ms
08-12 10:50:47.742 10134 10200 D cellinfo: 46 bytes from 54.197.223.49: icmp_seq=603 ttl=37 time=717 ms
08-12 10:50:47.948 10134 10200 D cellinfo: 46 bytes from 54.197.223.49: icmp_seq=604 ttl=37 time=723 ms
08-12 10:50:48.067 10134 10200 D cellinfo: 46 bytes from 54.197.223.49: icmp_seq=605 ttl=37 time=640 ms
08-12 10:50:48.494 10134 10200 D cellinfo: 46 bytes from 54.197.223.49: icmp_seq=607 ttl=37 time=666 ms
08-12 10:50:48.674 10134 10200 D cellinfo: 46 bytes from 54.197.223.49: icmp_seq=608 ttl=37 time=645 ms
08-12 10:50:48.799 10134 10200 D cellinfo: 46 bytes from 54.197.223.49: icmp_seq=609 ttl=37 time=569 ms
08-12 10:50:49.046 10134 10200 D cellinfo: 46 bytes from 54.197.223.49: icmp_seq=610 ttl=37 time=613 ms
08-12 10:50:49.254 10134 10200 D cellinfo: 46 bytes from 54.197.223.49: icmp_seq=611 ttl=37 time=620 ms
08-12 10:50:49.359 10134 10200 D cellinfo: 46 bytes from 54.197.223.49: icmp_seq=612 ttl=37 time=524 ms
08-12 10:50:49.564 10134 10200 D cellinfo: 46 bytes from 54.197.223.49: icmp_seq=613 ttl=37 time=524 ms
08-12 10:50:49.836 10134 10200 D cellinfo: 46 bytes from 54.197.223.49: icmp_seq=614 ttl=37 time=594 ms
08-12 10:50:50.089 10134 10200 D cellinfo: 46 bytes from 54.197.223.49: icmp_seq=615 ttl=37 time=647 ms
08-12 10:50:50.252 10134 10200 D cellinfo: 46 bytes from 54.197.223.49: icmp_seq=616 ttl=37 time=609 ms
08-12 10:50:50.407 10134 10200 D cellinfo: 46 bytes from 54.197.223.49: icmp_seq=617 ttl=37 time=560 ms
08-12 10:50:50.608 10134 10200 D cellinfo: 46 bytes from 54.197.223.49: icmp_seq=618 ttl=37 time=559 ms
08-12 10:50:50.797 10134 10200 D cellinfo: 46 bytes from 54.197.223.49: icmp_seq=619 ttl=37 time=548 ms
08-12 10:50:50.936 10134 10200 D cellinfo: 46 bytes from 54.197.223.49: icmp_seq=620 ttl=37 time=486 ms
08-12 10:50:51.120 10134 10200 D cellinfo: 46 bytes from 54.197.223.49: icmp_seq=621 ttl=37 time=471 ms
08-12 10:50:51.387 10134 10200 D cellinfo: 46 bytes from 54.197.223.49: icmp_seq=622 ttl=37 time=536 ms
08-12 10:50:51.594 10134 10200 D cellinfo: 46 bytes from 54.197.223.49: icmp_seq=623 ttl=37 time=543 ms
08-12 10:50:51.826 10134 10200 D cellinfo: 46 bytes from 54.197.223.49: icmp_seq=624 ttl=37 time=574 ms
08-12 10:50:52.011 10134 10200 D cellinfo: 46 bytes from 54.197.223.49: icmp_seq=625 ttl=37 time=558 ms
08-12 10:50:52.218 10134 10200 D cellinfo: 46 bytes from 54.197.223.49: icmp_seq=626 ttl=37 time=565 ms
08-12 10:50:52.404 10134 10200 D cellinfo: 46 bytes from 54.197.223.49: icmp_seq=627 ttl=37 time=550 ms
08-12 10:50:52.617 10134 10200 D cellinfo: 46 bytes from 54.197.223.49: icmp_seq=628 ttl=37 time=564 ms
08-12 10:50:52.837 10134 10200 D cellinfo: 46 bytes from 54.197.223.49: icmp_seq=629 ttl=37 time=583 ms
08-12 10:50:53.035 10134 10200 D cellinfo: 46 bytes from 54.197.223.49: icmp_seq=630 ttl=37 time=581 ms
08-12 10:50:53.257 10134 10200 D cellinfo: 46 bytes from 54.197.223.49: icmp_seq=631 ttl=37 time=601 ms
08-12 10:50:53.464 10134 10200 D cellinfo: 46 bytes from 54.197.223.49: icmp_seq=632 ttl=37 time=607 ms
08-12 10:50:53.667 10134 10200 D cellinfo: 46 bytes from 54.197.223.49: icmp_seq=633 ttl=37 time=611 ms
08-12 10:50:53.883 10134 10200 D cellinfo: 46 bytes from 54.197.223.49: icmp_seq=634 ttl=37 time=626 ms
08-12 10:50:54.059 10134 10200 D cellinfo: 46 bytes from 54.197.223.49: icmp_seq=635 ttl=37 time=599 ms
08-12 10:50:54.275 10134 10200 D cellinfo: 46 bytes from 54.197.223.49: icmp_seq=636 ttl=37 time=614 ms
08-12 10:50:54.476 10134 10200 D cellinfo: 46 bytes from 54.197.223.49: icmp_seq=637 ttl=37 time=614 ms
08-12 10:50:54.673 10134 10200 D cellinfo: 46 bytes from 54.197.223.49: icmp_seq=638 ttl=37 time=603 ms
08-12 10:50:54.865 10134 10200 D cellinfo: 46 bytes from 54.197.223.49: icmp_seq=639 ttl=37 time=592 ms
08-12 10:50:55.075 10134 10200 D cellinfo: 46 bytes from 54.197.223.49: icmp_seq=640 ttl=37 time=601 ms
08-12 10:50:55.284 10134 10200 D cellinfo: 46 bytes from 54.197.223.49: icmp_seq=641 ttl=37 time=610 ms
08-12 10:50:55.527 10134 10200 D cellinfo: 46 bytes from 54.197.223.49: icmp_seq=642 ttl=37 time=651 ms
08-12 10:50:55.679 10134 10200 D cellinfo: 46 bytes from 54.197.223.49: icmp_seq=643 ttl=37 time=604 ms
08-12 10:50:55.890 10134 10200 D cellinfo: 46 bytes from 54.197.223.49: icmp_seq=644 ttl=37 time=614 ms
08-12 10:50:56.085 10134 10200 D cellinfo: 46 bytes from 54.197.223.49: icmp_seq=645 ttl=37 time=608 ms
08-12 10:50:56.326 10134 10200 D cellinfo: 46 bytes from 54.197.223.49: icmp_seq=646 ttl=37 time=648 ms
08-12 10:50:56.455 10134 10200 D cellinfo: 46 bytes from 54.197.223.49: icmp_seq=647 ttl=37 time=576 ms
08-12 10:50:56.650 10134 10200 D cellinfo: 46 bytes from 54.197.223.49: icmp_seq=648 ttl=37 time=571 ms
08-12 10:50:56.801 10134 10200 D cellinfo: 46 bytes from 54.197.223.49: icmp_seq=649 ttl=37 time=521 ms
08-12 10:50:56.971 10134 10200 D cellinfo: 46 bytes from 54.197.223.49: icmp_seq=650 ttl=37 time=491 ms
08-12 10:50:57.204 10134 10200 D cellinfo: 46 bytes from 54.197.223.49: icmp_seq=651 ttl=37 time=523 ms
08-12 10:50:57.356 10134 10200 D cellinfo: 46 bytes from 54.197.223.49: icmp_seq=652 ttl=37 time=473 ms
08-12 10:50:57.571 10134 10200 D cellinfo: 46 bytes from 54.197.223.49: icmp_seq=653 ttl=37 time=487 ms
08-12 10:50:57.730 10134 10200 D cellinfo: 46 bytes from 54.197.223.49: icmp_seq=654 ttl=37 time=446 ms
08-12 10:50:57.909 10134 10200 D cellinfo: 46 bytes from 54.197.223.49: icmp_seq=655 ttl=37 time=424 ms
08-12 10:50:58.055 10134 10200 D cellinfo: 46 bytes from 54.197.223.49: icmp_seq=656 ttl=37 time=370 ms
08-12 10:50:58.250 10134 10200 D cellinfo: 46 bytes from 54.197.223.49: icmp_seq=657 ttl=37 time=365 ms
08-12 10:50:58.487 10134 10200 D cellinfo: 46 bytes from 54.197.223.49: icmp_seq=658 ttl=37 time=402 ms
08-12 10:50:58.717 10134 10200 D cellinfo: 46 bytes from 54.197.223.49: icmp_seq=659 ttl=37 time=431 ms
08-12 10:50:58.871 10134 10200 D cellinfo: 46 bytes from 54.197.223.49: icmp_seq=660 ttl=37 time=384 ms
08-12 10:50:58.872 10134 10200 D cellinfo: 46 bytes from 54.197.223.49: icmp_seq=661 ttl=37 time=182 ms
08-12 10:50:59.000 10134 10200 D cellinfo: 46 bytes from 54.197.223.49: icmp_seq=662 ttl=37 time=111 ms
08-12 10:51:10.190 11752 11752 D cellinfo: Country == United States
08-12 10:51:10.190 11752 11752 D cellinfo: City == Council Bluffs
08-12 10:51:10.192 11752 11752 D cellinfo: GPS Info == I-29, Council Bluffs, IA 51501, USA
08-12 10:51:10.192 11752 11752 D cellinfo: Network Operator == T-Mobile
08-12 10:51:10.192 11752 11752 D cellinfo: User movement == Static
08-12 10:51:10.192 11752 11752 D cellinfo: isEastCoast == true
08-12 10:51:10.192 11752 11752 D cellinfo: isWestCoast == false
08-12 10:51:10.192 11752 11752 D cellinfo: isBoston == false
08-12 10:51:10.192 11752 11752 D cellinfo: All GPS info fetched. Saving city and country info
08-12 10:51:10.192 11752 11809 D cellinfo: Timestamp: 1660319470
08-12 10:51:10.693 11752 11810 D cellinfo: Logging started
08-12 10:51:10.709 11752 11752 D cellinfo: onServiceStateChanged: Channel Number: 1123 Cell Bandwidths: [15000, 20000, 80000]
08-12 10:51:10.709 11752 11752 D cellinfo: onsignalStrengthsChanged: LTE Signal Strength info: rsrp: -98 rsrq: -10 rssi: -69 rssnr: 6
08-12 10:51:10.710 11752 11752 D cellinfo: onsignalStrengthsChanged: 5G-NR Signal Strength info: ssrsrp: -93 ssrsrq: -12 sssinr: 8
08-12 10:51:10.711 11752 11752 D cellinfo: onCellInfoChanged: Operator:  UpdateTimestamp: 143343223 CellConnectionStatus: 1
08-12 10:51:10.712 11752 11752 D cellinfo: onCellInfoChanged: 5G-NR Cell Bands: [] ARFCN: 527202 Cell ID: 9223372036854775807 Physical Cell ID: 475 Tracking Area Code: 16777215
08-12 10:51:10.714 11752 11752 D cellinfo: onDisplayInfoChanged: NetworkType: LTE OverrideNetworkType: Unknown
08-12 10:51:10.913 11752 11752 D cellinfo: onCellInfoChanged: Operator:  UpdateTimestamp: 143347229 CellConnectionStatus: 1
08-12 10:51:10.914 11752 11752 D cellinfo: onCellInfoChanged: 5G-NR Cell Bands: [] ARFCN: 527202 Cell ID: 9223372036854775807 Physical Cell ID: 475 Tracking Area Code: 16777215
08-12 10:51:11.196 11752 11809 D cellinfo: Ping command fired: /system/bin/ping -i 0.2 -s 38 54.197.223.49
08-12 10:51:11.443 11752 11809 D cellinfo: PING 54.197.223.49 (54.197.223.49) 38(66) bytes of data.
08-12 10:51:11.443 11752 11809 D cellinfo: 46 bytes from 54.197.223.49: icmp_seq=1 ttl=37 time=226 ms
08-12 10:51:11.644 11752 11809 D cellinfo: 46 bytes from 54.197.223.49: icmp_seq=2 ttl=37 time=219 ms
08-12 10:51:11.824 11752 11809 D cellinfo: 46 bytes from 54.197.223.49: icmp_seq=3 ttl=37 time=199 ms
08-12 10:51:11.929 11752 11809 D cellinfo: 46 bytes from 54.197.223.49: icmp_seq=4 ttl=37 time=103 ms
08-12 10:51:12.147 11752 11809 D cellinfo: 46 bytes from 54.197.223.49: icmp_seq=5 ttl=37 time=121 ms
08-12 10:51:12.346 11752 11809 D cellinfo: 46 bytes from 54.197.223.49: icmp_seq=6 ttl=37 time=119 ms
08-12 10:51:12.540 11752 11809 D cellinfo: 46 bytes from 54.197.223.49: icmp_seq=7 ttl=37 time=112 ms
08-12 10:51:12.746 11752 11809 D cellinfo: 46 bytes from 54.197.223.49: icmp_seq=8 ttl=37 time=117 ms
08-12 10:51:12.934 11752 11809 D cellinfo: 46 bytes from 54.197.223.49: icmp_seq=9 ttl=37 time=105 ms
08-12 10:51:13.145 11752 11809 D cellinfo: 46 bytes from 54.197.223.49: icmp_seq=10 ttl=37 time=115 ms
08-12 10:51:13.352 11752 11809 D cellinfo: 46 bytes from 54.197.223.49: icmp_seq=11 ttl=37 time=122 ms
08-12 10:51:13.552 11752 11809 D cellinfo: 46 bytes from 54.197.223.49: icmp_seq=12 ttl=37 time=120 ms
08-12 10:51:13.746 11752 11809 D cellinfo: 46 bytes from 54.197.223.49: icmp_seq=13 ttl=37 time=114 ms
08-12 10:51:13.887 11752 11752 D cellinfo: Latitude is 41.2325993
08-12 10:51:13.887 11752 11752 D cellinfo: Longitude is -95.8303138
08-12 10:51:13.887 11752 11752 D cellinfo: Instantaneous GPS information: United States, 3032 South Ave, Council Bluffs, IA 51503, USA
08-12 10:51:13.887 11752 11752 D cellinfo: getCurrentLocation() result: Location (success): 41.2325993, -95.8303138
08-12 10:51:13.915 11752 11752 D cellinfo: Latitude is 41.2325993
08-12 10:51:13.915 11752 11752 D cellinfo: Longitude is -95.8303138
08-12 10:51:13.915 11752 11752 D cellinfo: Instantaneous GPS information: United States, 3032 South Ave, Council Bluffs, IA 51503, USA
08-12 10:51:13.915 11752 11752 D cellinfo: getCurrentLocation() result: Location (success): 41.2325993, -95.8303138
08-12 10:51:13.951 11752 11809 D cellinfo: 46 bytes from 54.197.223.49: icmp_seq=14 ttl=37 time=118 ms
08-12 10:51:13.979 11752 11752 D cellinfo: onCellInfoChanged: Operator:  UpdateTimestamp: 143350294 CellConnectionStatus: 1
08-12 10:51:13.979 11752 11752 D cellinfo: onCellInfoChanged: 5G-NR Cell Bands: [] ARFCN: 527202 Cell ID: 9223372036854775807 Physical Cell ID: 475 Tracking Area Code: 16777215
08-12 10:51:14.151 11752 11809 D cellinfo: 46 bytes from 54.197.223.49: icmp_seq=15 ttl=37 time=116 ms
08-12 10:51:14.450 11752 11809 D cellinfo: 46 bytes from 54.197.223.49: icmp_seq=16 ttl=37 time=216 ms
08-12 10:51:14.450 11752 11809 D cellinfo: 46 bytes from 54.197.223.49: icmp_seq=16 ttl=37 time=216 ms (DUP!)
08-12 10:51:14.567 11752 11809 D cellinfo: 46 bytes from 54.197.223.49: icmp_seq=17 ttl=37 time=130 ms
08-12 10:51:14.600 11752 11752 D cellinfo: onServiceStateChanged: Channel Number: 1123 Cell Bandwidths: [15000]
08-12 10:51:14.765 11752 11809 D cellinfo: 46 bytes from 54.197.223.49: icmp_seq=18 ttl=37 time=127 ms
08-12 10:51:14.939 11752 11752 D cellinfo: Latitude is 41.2325993
08-12 10:51:14.939 11752 11752 D cellinfo: Longitude is -95.8303138
08-12 10:51:14.939 11752 11752 D cellinfo: Instantaneous GPS information: United States, 3032 South Ave, Council Bluffs, IA 51503, USA
08-12 10:51:14.939 11752 11752 D cellinfo: getCurrentLocation() result: Location (success): 41.2325993, -95.8303138
08-12 10:51:14.960 11752 11809 D cellinfo: 46 bytes from 54.197.223.49: icmp_seq=19 ttl=37 time=121 ms
08-12 10:51:15.152 11752 11809 D cellinfo: 46 bytes from 54.197.223.49: icmp_seq=20 ttl=37 time=112 ms
08-12 10:51:15.368 11752 11809 D cellinfo: 46 bytes from 54.197.223.49: icmp_seq=21 ttl=37 time=128 ms
08-12 10:51:15.565 11752 11809 D cellinfo: 46 bytes from 54.197.223.49: icmp_seq=22 ttl=37 time=124 ms
08-12 10:51:15.766 11752 11809 D cellinfo: 46 bytes from 54.197.223.49: icmp_seq=23 ttl=37 time=124 ms
08-12 10:51:15.958 11752 11809 D cellinfo: 46 bytes from 54.197.223.49: icmp_seq=24 ttl=37 time=114 ms
08-12 10:51:16.166 11752 11809 D cellinfo: 46 bytes from 54.197.223.49: icmp_seq=25 ttl=37 time=122 ms
08-12 10:51:16.378 11752 11809 D cellinfo: 46 bytes from 54.197.223.49: icmp_seq=26 ttl=37 time=134 ms
08-12 10:51:16.565 11752 11809 D cellinfo: 46 bytes from 54.197.223.49: icmp_seq=27 ttl=37 time=119 ms
08-12 10:51:16.757 11752 11809 D cellinfo: 46 bytes from 54.197.223.49: icmp_seq=28 ttl=37 time=110 ms
08-12 10:51:16.964 11752 11809 D cellinfo: 46 bytes from 54.197.223.49: icmp_seq=29 ttl=37 time=115 ms
08-12 10:51:17.157 11752 11809 D cellinfo: 46 bytes from 54.197.223.49: icmp_seq=30 ttl=37 time=108 ms
08-12 10:51:17.359 11752 11809 D cellinfo: 46 bytes from 54.197.223.49: icmp_seq=31 ttl=37 time=109 ms
08-12 10:51:17.559 11752 11809 D cellinfo: 46 bytes from 54.197.223.49: icmp_seq=32 ttl=37 time=108 ms
08-12 10:51:17.766 11752 11809 D cellinfo: 46 bytes from 54.197.223.49: icmp_seq=33 ttl=37 time=115 ms
08-12 10:51:17.952 11752 11752 D cellinfo: Latitude is 41.2325993
08-12 10:51:17.952 11752 11752 D cellinfo: Longitude is -95.8303138
08-12 10:51:17.952 11752 11752 D cellinfo: Instantaneous GPS information: United States, 3032 South Ave, Council Bluffs, IA 51503, USA
08-12 10:51:17.952 11752 11752 D cellinfo: getCurrentLocation() result: Location (success): 41.2325993, -95.8303138
08-12 10:51:17.967 11752 11809 D cellinfo: 46 bytes from 54.197.223.49: icmp_seq=34 ttl=37 time=113 ms
08-12 10:51:18.162 11752 11809 D cellinfo: 46 bytes from 54.197.223.49: icmp_seq=35 ttl=37 time=109 ms
08-12 10:51:18.362 11752 11809 D cellinfo: 46 bytes from 54.197.223.49: icmp_seq=36 ttl=37 time=107 ms
08-12 10:51:18.569 11752 11809 D cellinfo: 46 bytes from 54.197.223.49: icmp_seq=37 ttl=37 time=112 ms
08-12 10:51:18.767 11752 11809 D cellinfo: 46 bytes from 54.197.223.49: icmp_seq=38 ttl=37 time=110 ms
08-12 10:51:18.970 11752 11809 D cellinfo: 46 bytes from 54.197.223.49: icmp_seq=39 ttl=37 time=112 ms
08-12 10:51:19.179 11752 11809 D cellinfo: 46 bytes from 54.197.223.49: icmp_seq=40 ttl=37 time=120 ms
08-12 10:51:19.413 11752 11809 D cellinfo: 46 bytes from 54.197.223.49: icmp_seq=41 ttl=37 time=154 ms
08-12 10:51:19.595 11752 11809 D cellinfo: 46 bytes from 54.197.223.49: icmp_seq=42 ttl=37 time=135 ms
08-12 10:51:19.770 11752 11809 D cellinfo: 46 bytes from 54.197.223.49: icmp_seq=43 ttl=37 time=110 ms
