08-12 16:09:00.999 18298 18357 D cellinfo: 46 bytes from 54.197.223.49: icmp_seq=337 ttl=37 time=141 ms
08-12 16:09:01.191 18298 18357 D cellinfo: 46 bytes from 54.197.223.49: icmp_seq=338 ttl=37 time=134 ms
08-12 16:09:01.392 18298 18357 D cellinfo: 46 bytes from 54.197.223.49: icmp_seq=339 ttl=37 time=133 ms
08-12 16:09:01.593 18298 18357 D cellinfo: 46 bytes from 54.197.223.49: icmp_seq=340 ttl=37 time=133 ms
08-12 16:09:01.794 18298 18357 D cellinfo: 46 bytes from 54.197.223.49: icmp_seq=341 ttl=37 time=134 ms
08-12 16:09:01.993 18298 18357 D cellinfo: 46 bytes from 54.197.223.49: icmp_seq=342 ttl=37 time=132 ms
08-12 16:09:02.197 18298 18357 D cellinfo: 46 bytes from 54.197.223.49: icmp_seq=343 ttl=37 time=135 ms
08-12 16:09:02.392 18298 18357 D cellinfo: 46 bytes from 54.197.223.49: icmp_seq=344 ttl=37 time=130 ms
08-12 16:09:02.591 18298 18357 D cellinfo: 46 bytes from 54.197.223.49: icmp_seq=345 ttl=37 time=129 ms
08-12 16:09:02.793 18298 18357 D cellinfo: 46 bytes from 54.197.223.49: icmp_seq=346 ttl=37 time=131 ms
08-12 16:09:02.992 18298 18357 D cellinfo: 46 bytes from 54.197.223.49: icmp_seq=347 ttl=37 time=128 ms
08-12 16:09:03.232 18298 18357 D cellinfo: 46 bytes from 54.197.223.49: icmp_seq=348 ttl=37 time=167 ms
08-12 16:09:03.393 18298 18357 D cellinfo: 46 bytes from 54.197.223.49: icmp_seq=349 ttl=37 time=127 ms
08-12 16:09:03.592 18298 18357 D cellinfo: 46 bytes from 54.197.223.49: icmp_seq=350 ttl=37 time=126 ms
08-12 16:09:03.797 18298 18357 D cellinfo: 46 bytes from 54.197.223.49: icmp_seq=351 ttl=37 time=131 ms
08-12 16:09:03.992 18298 18357 D cellinfo: 46 bytes from 54.197.223.49: icmp_seq=352 ttl=37 time=125 ms
08-12 16:09:04.119 18298 18298 D cellinfo: Latitude is 41.5742791
08-12 16:09:04.119 18298 18298 D cellinfo: Longitude is -93.8531608
08-12 16:09:04.120 18298 18298 D cellinfo: Instantaneous GPS information: United States, 3105 Grand Prairie Pkwy, Waukee, IA 50263, USA
08-12 16:09:04.120 18298 18298 D cellinfo: getCurrentLocation() result: Location (success): 41.5742791, -93.8531608
08-12 16:09:04.192 18298 18357 D cellinfo: 46 bytes from 54.197.223.49: icmp_seq=353 ttl=37 time=125 ms
08-12 16:09:04.397 18298 18357 D cellinfo: 46 bytes from 54.197.223.49: icmp_seq=354 ttl=37 time=129 ms
08-12 16:09:04.592 18298 18357 D cellinfo: 46 bytes from 54.197.223.49: icmp_seq=355 ttl=37 time=123 ms
08-12 16:09:04.792 18298 18357 D cellinfo: 46 bytes from 54.197.223.49: icmp_seq=356 ttl=37 time=123 ms
08-12 16:09:04.993 18298 18357 D cellinfo: 46 bytes from 54.197.223.49: icmp_seq=357 ttl=37 time=122 ms
08-12 16:09:05.192 18298 18357 D cellinfo: 46 bytes from 54.197.223.49: icmp_seq=358 ttl=37 time=121 ms
08-12 16:09:05.393 18298 18357 D cellinfo: 46 bytes from 54.197.223.49: icmp_seq=359 ttl=37 time=122 ms
08-12 16:09:05.599 18298 18357 D cellinfo: 46 bytes from 54.197.223.49: icmp_seq=360 ttl=37 time=126 ms
08-12 16:09:05.793 18298 18357 D cellinfo: 46 bytes from 54.197.223.49: icmp_seq=361 ttl=37 time=120 ms
08-12 16:09:05.992 18298 18357 D cellinfo: 46 bytes from 54.197.223.49: icmp_seq=362 ttl=37 time=118 ms
08-12 16:09:06.192 18298 18357 D cellinfo: 46 bytes from 54.197.223.49: icmp_seq=363 ttl=37 time=117 ms
08-12 16:09:06.284 18298 18298 D cellinfo: Latitude is 41.5742791
08-12 16:09:06.284 18298 18298 D cellinfo: Longitude is -93.8531608
08-12 16:09:06.284 18298 18298 D cellinfo: Instantaneous GPS information: United States, 3105 Grand Prairie Pkwy, Waukee, IA 50263, USA
08-12 16:09:06.284 18298 18298 D cellinfo: getCurrentLocation() result: Location (success): 41.5742791, -93.8531608
08-12 16:09:06.335 18298 18298 D cellinfo: onCellInfoChanged: Operator:  UpdateTimestamp: 162422650 CellConnectionStatus: 1
08-12 16:09:06.335 18298 18298 D cellinfo: onCellInfoChanged: 5G-NR Cell Bands: [] ARFCN: 509202 Cell ID: 9223372036854775807 Physical Cell ID: 179 Tracking Area Code: 16777215
08-12 16:09:06.392 18298 18357 D cellinfo: 46 bytes from 54.197.223.49: icmp_seq=364 ttl=37 time=117 ms
08-12 16:09:06.597 18298 18357 D cellinfo: 46 bytes from 54.197.223.49: icmp_seq=365 ttl=37 time=121 ms
08-12 16:09:06.792 18298 18357 D cellinfo: 46 bytes from 54.197.223.49: icmp_seq=366 ttl=37 time=115 ms
08-12 16:09:07.039 18298 18357 D cellinfo: 46 bytes from 54.197.223.49: icmp_seq=367 ttl=37 time=161 ms
08-12 16:09:07.192 18298 18357 D cellinfo: 46 bytes from 54.197.223.49: icmp_seq=368 ttl=37 time=115 ms
08-12 16:09:07.391 18298 18357 D cellinfo: 46 bytes from 54.197.223.49: icmp_seq=369 ttl=37 time=113 ms
08-12 16:09:07.639 18298 18357 D cellinfo: 46 bytes from 54.197.223.49: icmp_seq=370 ttl=37 time=159 ms
08-12 16:09:07.835 18298 18357 D cellinfo: 46 bytes from 54.197.223.49: icmp_seq=371 ttl=37 time=154 ms
08-12 16:09:08.032 18298 18357 D cellinfo: 46 bytes from 54.197.223.49: icmp_seq=372 ttl=37 time=151 ms
08-12 16:09:08.240 18298 18357 D cellinfo: 46 bytes from 54.197.223.49: icmp_seq=373 ttl=37 time=159 ms
08-12 16:09:08.437 18298 18357 D cellinfo: 46 bytes from 54.197.223.49: icmp_seq=374 ttl=37 time=156 ms
08-12 16:09:08.635 18298 18357 D cellinfo: 46 bytes from 54.197.223.49: icmp_seq=375 ttl=37 time=153 ms
08-12 16:09:08.793 18298 18357 D cellinfo: 46 bytes from 54.197.223.49: icmp_seq=376 ttl=37 time=110 ms
08-12 16:09:09.040 18298 18357 D cellinfo: 46 bytes from 54.197.223.49: icmp_seq=377 ttl=37 time=156 ms
08-12 16:09:09.233 18298 18357 D cellinfo: 46 bytes from 54.197.223.49: icmp_seq=378 ttl=37 time=150 ms
08-12 16:09:09.281 18298 18298 D cellinfo: Latitude is 41.5742791
08-12 16:09:09.281 18298 18298 D cellinfo: Longitude is -93.8531608
08-12 16:09:09.281 18298 18298 D cellinfo: Instantaneous GPS information: United States, 3105 Grand Prairie Pkwy, Waukee, IA 50263, USA
08-12 16:09:09.281 18298 18298 D cellinfo: getCurrentLocation() result: Location (success): 41.5742791, -93.8531608
08-12 16:09:09.405 18298 18357 D cellinfo: 46 bytes from 54.197.223.49: icmp_seq=379 ttl=37 time=122 ms
08-12 16:09:09.637 18298 18357 D cellinfo: 46 bytes from 54.197.223.49: icmp_seq=380 ttl=37 time=153 ms
08-12 16:09:09.953 18298 18357 D cellinfo: 46 bytes from 54.197.223.49: icmp_seq=381 ttl=37 time=268 ms
08-12 16:09:10.000 18298 18357 D cellinfo: 46 bytes from 54.197.223.49: icmp_seq=382 ttl=37 time=114 ms
08-12 16:09:10.240 18298 18357 D cellinfo: 46 bytes from 54.197.223.49: icmp_seq=383 ttl=37 time=155 ms
08-12 16:09:10.433 18298 18357 D cellinfo: 46 bytes from 54.197.223.49: icmp_seq=384 ttl=37 time=147 ms
08-12 16:09:10.633 18298 18357 D cellinfo: 46 bytes from 54.197.223.49: icmp_seq=385 ttl=37 time=146 ms
08-12 16:09:10.832 18298 18357 D cellinfo: 46 bytes from 54.197.223.49: icmp_seq=386 ttl=37 time=146 ms
08-12 16:09:11.041 18298 18357 D cellinfo: 46 bytes from 54.197.223.49: icmp_seq=387 ttl=37 time=153 ms
08-12 16:09:11.233 18298 18357 D cellinfo: 46 bytes from 54.197.223.49: icmp_seq=388 ttl=37 time=145 ms
08-12 16:09:11.432 18298 18357 D cellinfo: 46 bytes from 54.197.223.49: icmp_seq=389 ttl=37 time=144 ms
08-12 16:09:11.632 18298 18357 D cellinfo: 46 bytes from 54.197.223.49: icmp_seq=390 ttl=37 time=143 ms
08-12 16:09:11.832 18298 18357 D cellinfo: 46 bytes from 54.197.223.49: icmp_seq=391 ttl=37 time=142 ms
08-12 16:09:12.045 18298 18357 D cellinfo: 46 bytes from 54.197.223.49: icmp_seq=392 ttl=37 time=153 ms
08-12 16:09:12.232 18298 18357 D cellinfo: 46 bytes from 54.197.223.49: icmp_seq=393 ttl=37 time=142 ms
08-12 16:09:12.282 18298 18298 D cellinfo: Latitude is 41.5742788
08-12 16:09:12.282 18298 18298 D cellinfo: Longitude is -93.8531602
08-12 16:09:12.282 18298 18298 D cellinfo: Instantaneous GPS information: United States, 3105 Grand Prairie Pkwy, Waukee, IA 50263, USA
08-12 16:09:12.282 18298 18298 D cellinfo: getCurrentLocation() result: Location (success): 41.5742788, -93.8531602
08-12 16:09:12.408 18298 18357 D cellinfo: 46 bytes from 54.197.223.49: icmp_seq=394 ttl=37 time=116 ms
08-12 16:09:12.632 18298 18357 D cellinfo: 46 bytes from 54.197.223.49: icmp_seq=395 ttl=37 time=139 ms
08-12 16:09:12.833 18298 18357 D cellinfo: 46 bytes from 54.197.223.49: icmp_seq=396 ttl=37 time=140 ms
08-12 16:09:13.032 18298 18357 D cellinfo: 46 bytes from 54.197.223.49: icmp_seq=397 ttl=37 time=138 ms
08-12 16:09:13.232 18298 18357 D cellinfo: 46 bytes from 54.197.223.49: icmp_seq=398 ttl=37 time=139 ms
08-12 16:09:13.436 18298 18357 D cellinfo: 46 bytes from 54.197.223.49: icmp_seq=399 ttl=37 time=142 ms
08-12 16:09:13.632 18298 18357 D cellinfo: 46 bytes from 54.197.223.49: icmp_seq=400 ttl=37 time=138 ms
08-12 16:09:13.836 18298 18357 D cellinfo: 46 bytes from 54.197.223.49: icmp_seq=401 ttl=37 time=142 ms
08-12 16:09:14.032 18298 18357 D cellinfo: 46 bytes from 54.197.223.49: icmp_seq=402 ttl=37 time=137 ms
08-12 16:09:14.240 18298 18357 D cellinfo: 46 bytes from 54.197.223.49: icmp_seq=403 ttl=37 time=145 ms
08-12 16:09:14.342 18298 18298 D cellinfo: onCellInfoChanged: Operator:  UpdateTimestamp: 162430657 CellConnectionStatus: 1
08-12 16:09:14.343 18298 18298 D cellinfo: onCellInfoChanged: 5G-NR Cell Bands: [] ARFCN: 509202 Cell ID: 9223372036854775807 Physical Cell ID: 179 Tracking Area Code: 16777215
08-12 16:09:14.432 18298 18357 D cellinfo: 46 bytes from 54.197.223.49: icmp_seq=404 ttl=37 time=136 ms
08-12 16:09:14.632 18298 18357 D cellinfo: 46 bytes from 54.197.223.49: icmp_seq=405 ttl=37 time=135 ms
08-12 16:09:14.841 18298 18357 D cellinfo: 46 bytes from 54.197.223.49: icmp_seq=406 ttl=37 time=144 ms
08-12 16:09:15.040 18298 18357 D cellinfo: 46 bytes from 54.197.223.49: icmp_seq=407 ttl=37 time=142 ms
08-12 16:09:15.233 18298 18357 D cellinfo: 46 bytes from 54.197.223.49: icmp_seq=408 ttl=37 time=136 ms
08-12 16:09:15.284 18298 18298 D cellinfo: Latitude is 41.5742788
08-12 16:09:15.284 18298 18298 D cellinfo: Longitude is -93.8531602
08-12 16:09:15.284 18298 18298 D cellinfo: Instantaneous GPS information: United States, 3105 Grand Prairie Pkwy, Waukee, IA 50263, USA
08-12 16:09:15.284 18298 18298 D cellinfo: getCurrentLocation() result: Location (success): 41.5742788, -93.8531602
08-12 16:09:15.419 18298 18357 D cellinfo: 46 bytes from 54.197.223.49: icmp_seq=409 ttl=37 time=121 ms
08-12 16:09:15.633 18298 18357 D cellinfo: 46 bytes from 54.197.223.49: icmp_seq=410 ttl=37 time=134 ms
08-12 16:09:15.838 18298 18357 D cellinfo: 46 bytes from 54.197.223.49: icmp_seq=411 ttl=37 time=139 ms
08-12 16:09:16.047 18298 18357 D cellinfo: 46 bytes from 54.197.223.49: icmp_seq=412 ttl=37 time=146 ms
08-12 16:09:16.238 18298 18357 D cellinfo: 46 bytes from 54.197.223.49: icmp_seq=413 ttl=37 time=139 ms
08-12 16:09:16.432 18298 18357 D cellinfo: 46 bytes from 54.197.223.49: icmp_seq=414 ttl=37 time=131 ms
08-12 16:09:16.632 18298 18357 D cellinfo: 46 bytes from 54.197.223.49: icmp_seq=415 ttl=37 time=130 ms
08-12 16:09:16.832 18298 18357 D cellinfo: 46 bytes from 54.197.223.49: icmp_seq=416 ttl=37 time=129 ms
08-12 16:09:17.032 18298 18357 D cellinfo: 46 bytes from 54.197.223.49: icmp_seq=417 ttl=37 time=127 ms
08-12 16:09:17.352 18298 18357 D cellinfo: 46 bytes from 54.197.223.49: icmp_seq=418 ttl=37 time=248 ms
08-12 16:09:17.438 18298 18357 D cellinfo: 46 bytes from 54.197.223.49: icmp_seq=419 ttl=37 time=132 ms
08-12 16:09:17.632 18298 18357 D cellinfo: 46 bytes from 54.197.223.49: icmp_seq=420 ttl=37 time=125 ms
08-12 16:09:17.833 18298 18357 D cellinfo: 46 bytes from 54.197.223.49: icmp_seq=421 ttl=37 time=125 ms
08-12 16:09:18.033 18298 18357 D cellinfo: 46 bytes from 54.197.223.49: icmp_seq=422 ttl=37 time=124 ms
08-12 16:09:18.232 18298 18357 D cellinfo: 46 bytes from 54.197.223.49: icmp_seq=423 ttl=37 time=123 ms
08-12 16:09:18.432 18298 18357 D cellinfo: 46 bytes from 54.197.223.49: icmp_seq=424 ttl=37 time=123 ms
08-12 16:09:18.457 18298 18298 D cellinfo: Latitude is 41.5742723
08-12 16:09:18.457 18298 18298 D cellinfo: Longitude is -93.8531455
08-12 16:09:18.457 18298 18298 D cellinfo: Instantaneous GPS information: United States, 3105 Grand Prairie Pkwy, Waukee, IA 50263, USA
08-12 16:09:18.457 18298 18298 D cellinfo: getCurrentLocation() result: Location (success): 41.5742723, -93.8531455
08-12 16:09:18.632 18298 18357 D cellinfo: 46 bytes from 54.197.223.49: icmp_seq=425 ttl=37 time=122 ms
08-12 16:09:18.832 18298 18357 D cellinfo: 46 bytes from 54.197.223.49: icmp_seq=426 ttl=37 time=121 ms
08-12 16:09:19.040 18298 18357 D cellinfo: 46 bytes from 54.197.223.49: icmp_seq=427 ttl=37 time=128 ms
08-12 16:09:19.232 18298 18357 D cellinfo: 46 bytes from 54.197.223.49: icmp_seq=428 ttl=37 time=121 ms
08-12 16:09:19.433 18298 18357 D cellinfo: 46 bytes from 54.197.223.49: icmp_seq=429 ttl=37 time=121 ms
08-12 16:09:19.632 18298 18357 D cellinfo: 46 bytes from 54.197.223.49: icmp_seq=430 ttl=37 time=119 ms
08-12 16:09:19.841 18298 18357 D cellinfo: 46 bytes from 54.197.223.49: icmp_seq=431 ttl=37 time=126 ms
08-12 16:09:20.032 18298 18357 D cellinfo: 46 bytes from 54.197.223.49: icmp_seq=432 ttl=37 time=117 ms
08-12 16:09:20.232 18298 18357 D cellinfo: 46 bytes from 54.197.223.49: icmp_seq=433 ttl=37 time=118 ms
08-12 16:09:20.361 18298 18298 D cellinfo: onCellInfoChanged: Operator:  UpdateTimestamp: 162436677 CellConnectionStatus: 1
08-12 16:09:20.361 18298 18298 D cellinfo: onCellInfoChanged: 5G-NR Cell Bands: [] ARFCN: 509202 Cell ID: 9223372036854775807 Physical Cell ID: 179 Tracking Area Code: 16777215
08-12 16:09:20.446 18298 18357 D cellinfo: 46 bytes from 54.197.223.49: icmp_seq=434 ttl=37 time=132 ms
08-12 16:09:20.634 18298 18357 D cellinfo: 46 bytes from 54.197.223.49: icmp_seq=435 ttl=37 time=119 ms
08-12 16:09:20.833 18298 18357 D cellinfo: 46 bytes from 54.197.223.49: icmp_seq=436 ttl=37 time=117 ms
08-12 16:09:21.035 18298 18357 D cellinfo: 46 bytes from 54.197.223.49: icmp_seq=437 ttl=37 time=118 ms
08-12 16:09:21.232 18298 18357 D cellinfo: 46 bytes from 54.197.223.49: icmp_seq=438 ttl=37 time=115 ms
08-12 16:09:21.284 18298 18298 D cellinfo: Latitude is 41.5742723
08-12 16:09:21.284 18298 18298 D cellinfo: Longitude is -93.8531455
08-12 16:09:21.284 18298 18298 D cellinfo: Instantaneous GPS information: United States, 3105 Grand Prairie Pkwy, Waukee, IA 50263, USA
08-12 16:09:21.284 18298 18298 D cellinfo: getCurrentLocation() result: Location (success): 41.5742723, -93.8531455
08-12 16:09:21.442 18298 18357 D cellinfo: 46 bytes from 54.197.223.49: icmp_seq=439 ttl=37 time=125 ms
08-12 16:09:21.633 18298 18357 D cellinfo: 46 bytes from 54.197.223.49: icmp_seq=440 ttl=37 time=115 ms
08-12 16:09:21.832 18298 18357 D cellinfo: 46 bytes from 54.197.223.49: icmp_seq=441 ttl=37 time=113 ms
08-12 16:09:22.033 18298 18357 D cellinfo: 46 bytes from 54.197.223.49: icmp_seq=442 ttl=37 time=113 ms
08-12 16:09:22.237 18298 18357 D cellinfo: 46 bytes from 54.197.223.49: icmp_seq=443 ttl=37 time=117 ms
08-12 16:09:22.442 18298 18357 D cellinfo: 46 bytes from 54.197.223.49: icmp_seq=444 ttl=37 time=121 ms
08-12 16:09:22.679 18298 18357 D cellinfo: 46 bytes from 54.197.223.49: icmp_seq=445 ttl=37 time=158 ms
08-12 16:09:22.875 18298 18357 D cellinfo: 46 bytes from 54.197.223.49: icmp_seq=446 ttl=37 time=154 ms
08-12 16:09:23.318 18298 18357 D cellinfo: 46 bytes from 54.197.223.49: icmp_seq=447 ttl=37 time=395 ms
08-12 16:09:23.318 18298 18357 D cellinfo: 46 bytes from 54.197.223.49: icmp_seq=448 ttl=37 time=192 ms
08-12 16:09:23.440 18298 18357 D cellinfo: 46 bytes from 54.197.223.49: icmp_seq=449 ttl=37 time=115 ms
08-12 16:09:23.674 18298 18357 D cellinfo: 46 bytes from 54.197.223.49: icmp_seq=450 ttl=37 time=148 ms
08-12 16:09:23.876 18298 18357 D cellinfo: 46 bytes from 54.197.223.49: icmp_seq=451 ttl=37 time=148 ms
08-12 16:09:24.074 18298 18357 D cellinfo: 46 bytes from 54.197.223.49: icmp_seq=452 ttl=37 time=146 ms
08-12 16:09:24.274 18298 18357 D cellinfo: 46 bytes from 54.197.223.49: icmp_seq=453 ttl=37 time=147 ms
08-12 16:09:24.300 18298 18298 D cellinfo: Latitude is 41.5742723
08-12 16:09:24.300 18298 18298 D cellinfo: Longitude is -93.8531455
08-12 16:09:24.300 18298 18298 D cellinfo: Instantaneous GPS information: United States, 3105 Grand Prairie Pkwy, Waukee, IA 50263, USA
08-12 16:09:24.300 18298 18298 D cellinfo: getCurrentLocation() result: Location (success): 41.5742723, -93.8531455
08-12 16:09:24.472 18298 18357 D cellinfo: 46 bytes from 54.197.223.49: icmp_seq=454 ttl=37 time=144 ms
08-12 16:09:24.632 18298 18357 D cellinfo: 46 bytes from 54.197.223.49: icmp_seq=455 ttl=37 time=103 ms
08-12 16:09:24.872 18298 18357 D cellinfo: 46 bytes from 54.197.223.49: icmp_seq=456 ttl=37 time=142 ms
08-12 16:09:25.073 18298 18357 D cellinfo: 46 bytes from 54.197.223.49: icmp_seq=457 ttl=37 time=142 ms
08-12 16:09:25.273 18298 18357 D cellinfo: 46 bytes from 54.197.223.49: icmp_seq=458 ttl=37 time=141 ms
08-12 16:09:25.432 18298 18357 D cellinfo: 46 bytes from 54.197.223.49: icmp_seq=459 ttl=37 time=101 ms
08-12 16:09:25.672 18298 18357 D cellinfo: 46 bytes from 54.197.223.49: icmp_seq=460 ttl=37 time=140 ms
08-12 16:09:25.833 18298 18357 D cellinfo: 46 bytes from 54.197.223.49: icmp_seq=461 ttl=37 time=100 ms
08-12 16:09:26.072 18298 18357 D cellinfo: 46 bytes from 54.197.223.49: icmp_seq=462 ttl=37 time=138 ms
08-12 16:09:26.273 18298 18357 D cellinfo: 46 bytes from 54.197.223.49: icmp_seq=463 ttl=37 time=138 ms
08-12 16:09:26.344 18298 18298 D cellinfo: onCellInfoChanged: Operator:  UpdateTimestamp: 162442658 CellConnectionStatus: 1
08-12 16:09:26.344 18298 18298 D cellinfo: onCellInfoChanged: 5G-NR Cell Bands: [] ARFCN: 509202 Cell ID: 9223372036854775807 Physical Cell ID: 179 Tracking Area Code: 16777215
08-12 16:09:26.472 18298 18357 D cellinfo: 46 bytes from 54.197.223.49: icmp_seq=464 ttl=37 time=137 ms
08-12 16:09:26.673 18298 18357 D cellinfo: 46 bytes from 54.197.223.49: icmp_seq=465 ttl=37 time=137 ms
08-12 16:09:26.873 18298 18357 D cellinfo: 46 bytes from 54.197.223.49: icmp_seq=466 ttl=37 time=136 ms
08-12 16:09:27.085 18298 18357 D cellinfo: 46 bytes from 54.197.223.49: icmp_seq=467 ttl=37 time=148 ms
08-12 16:09:27.278 18298 18357 D cellinfo: 46 bytes from 54.197.223.49: icmp_seq=468 ttl=37 time=141 ms
08-12 16:09:27.300 18298 18298 D cellinfo: Latitude is 41.5742723
08-12 16:09:27.300 18298 18298 D cellinfo: Longitude is -93.8531455
08-12 16:09:27.300 18298 18298 D cellinfo: Instantaneous GPS information: United States, 3105 Grand Prairie Pkwy, Waukee, IA 50263, USA
08-12 16:09:27.300 18298 18298 D cellinfo: getCurrentLocation() result: Location (success): 41.5742723, -93.8531455
08-12 16:09:27.471 18298 18357 D cellinfo: 46 bytes from 54.197.223.49: icmp_seq=469 ttl=37 time=134 ms
08-12 16:09:27.673 18298 18357 D cellinfo: 46 bytes from 54.197.223.49: icmp_seq=470 ttl=37 time=134 ms
08-12 16:09:27.872 18298 18357 D cellinfo: 46 bytes from 54.197.223.49: icmp_seq=471 ttl=37 time=132 ms
08-12 16:09:28.072 18298 18357 D cellinfo: 46 bytes from 54.197.223.49: icmp_seq=472 ttl=37 time=132 ms
08-12 16:09:28.272 18298 18357 D cellinfo: 46 bytes from 54.197.223.49: icmp_seq=473 ttl=37 time=133 ms
08-12 16:09:28.472 18298 18357 D cellinfo: 46 bytes from 54.197.223.49: icmp_seq=474 ttl=37 time=133 ms
08-12 16:09:28.672 18298 18357 D cellinfo: 46 bytes from 54.197.223.49: icmp_seq=475 ttl=37 time=132 ms
08-12 16:09:28.872 18298 18357 D cellinfo: 46 bytes from 54.197.223.49: icmp_seq=476 ttl=37 time=130 ms
08-12 16:09:29.072 18298 18357 D cellinfo: 46 bytes from 54.197.223.49: icmp_seq=477 ttl=37 time=130 ms
08-12 16:09:29.273 18298 18357 D cellinfo: 46 bytes from 54.197.223.49: icmp_seq=478 ttl=37 time=131 ms
08-12 16:09:29.484 18298 18357 D cellinfo: 46 bytes from 54.197.223.49: icmp_seq=479 ttl=37 time=141 ms
08-12 16:09:29.679 18298 18357 D cellinfo: 46 bytes from 54.197.223.49: icmp_seq=480 ttl=37 time=134 ms
08-12 16:09:29.873 18298 18357 D cellinfo: 46 bytes from 54.197.223.49: icmp_seq=481 ttl=37 time=128 ms
08-12 16:09:30.078 18298 18357 D cellinfo: 46 bytes from 54.197.223.49: icmp_seq=482 ttl=37 time=133 ms
08-12 16:09:30.272 18298 18357 D cellinfo: 46 bytes from 54.197.223.49: icmp_seq=483 ttl=37 time=126 ms
08-12 16:09:30.471 18298 18357 D cellinfo: 46 bytes from 54.197.223.49: icmp_seq=484 ttl=37 time=125 ms
08-12 16:09:30.673 18298 18357 D cellinfo: 46 bytes from 54.197.223.49: icmp_seq=485 ttl=37 time=125 ms
08-12 16:09:30.873 18298 18357 D cellinfo: 46 bytes from 54.197.223.49: icmp_seq=486 ttl=37 time=124 ms
08-12 16:09:31.039 18298 18298 D cellinfo: Latitude is 41.5744511
08-12 16:09:31.040 18298 18298 D cellinfo: Longitude is -93.8530988
08-12 16:09:31.040 18298 18298 D cellinfo: Instantaneous GPS information: United States, 3105 Grand Prairie Pkwy, Waukee, IA 50263, USA
08-12 16:09:31.040 18298 18298 D cellinfo: getCurrentLocation() result: Location (success): 41.5744511, -93.8530988
08-12 16:09:31.073 18298 18357 D cellinfo: 46 bytes from 54.197.223.49: icmp_seq=487 ttl=37 time=122 ms
08-12 16:09:31.272 18298 18357 D cellinfo: 46 bytes from 54.197.223.49: icmp_seq=488 ttl=37 time=121 ms
08-12 16:09:31.472 18298 18357 D cellinfo: 46 bytes from 54.197.223.49: icmp_seq=489 ttl=37 time=121 ms
08-12 16:09:31.678 18298 18357 D cellinfo: 46 bytes from 54.197.223.49: icmp_seq=490 ttl=37 time=126 ms
08-12 16:09:31.872 18298 18357 D cellinfo: 46 bytes from 54.197.223.49: icmp_seq=491 ttl=37 time=120 ms
08-12 16:09:32.081 18298 18357 D cellinfo: 46 bytes from 54.197.223.49: icmp_seq=492 ttl=37 time=127 ms
08-12 16:09:32.272 18298 18357 D cellinfo: 46 bytes from 54.197.223.49: icmp_seq=493 ttl=37 time=119 ms
08-12 16:09:32.351 18298 18298 D cellinfo: onCellInfoChanged: Operator:  UpdateTimestamp: 162448664 CellConnectionStatus: 1
08-12 16:09:32.351 18298 18298 D cellinfo: onCellInfoChanged: 5G-NR Cell Bands: [] ARFCN: 509202 Cell ID: 9223372036854775807 Physical Cell ID: 179 Tracking Area Code: 16777215
08-12 16:09:32.472 18298 18357 D cellinfo: 46 bytes from 54.197.223.49: icmp_seq=494 ttl=37 time=119 ms
08-12 16:09:32.673 18298 18357 D cellinfo: 46 bytes from 54.197.223.49: icmp_seq=495 ttl=37 time=119 ms
08-12 16:09:32.872 18298 18357 D cellinfo: 46 bytes from 54.197.223.49: icmp_seq=496 ttl=37 time=116 ms
08-12 16:09:33.120 18298 18357 D cellinfo: 46 bytes from 54.197.223.49: icmp_seq=497 ttl=37 time=163 ms
08-12 16:09:33.272 18298 18357 D cellinfo: 46 bytes from 54.197.223.49: icmp_seq=498 ttl=37 time=116 ms
08-12 16:09:33.290 18298 18298 D cellinfo: Latitude is 41.5744511
08-12 16:09:33.290 18298 18298 D cellinfo: Longitude is -93.8530988
08-12 16:09:33.290 18298 18298 D cellinfo: Instantaneous GPS information: United States, 3105 Grand Prairie Pkwy, Waukee, IA 50263, USA
08-12 16:09:33.290 18298 18298 D cellinfo: getCurrentLocation() result: Location (success): 41.5744511, -93.8530988
08-12 16:09:33.473 18298 18357 D cellinfo: 46 bytes from 54.197.223.49: icmp_seq=499 ttl=37 time=116 ms
08-12 16:09:33.673 18298 18357 D cellinfo: 46 bytes from 54.197.223.49: icmp_seq=500 ttl=37 time=115 ms
08-12 16:09:33.887 18298 18357 D cellinfo: 46 bytes from 54.197.223.49: icmp_seq=501 ttl=37 time=128 ms
08-12 16:09:34.080 18298 18357 D cellinfo: 46 bytes from 54.197.223.49: icmp_seq=502 ttl=37 time=120 ms
08-12 16:09:34.274 18298 18357 D cellinfo: 46 bytes from 54.197.223.49: icmp_seq=503 ttl=37 time=113 ms
08-12 16:09:34.477 18298 18357 D cellinfo: 46 bytes from 54.197.223.49: icmp_seq=504 ttl=37 time=116 ms
08-12 16:09:34.713 18298 18357 D cellinfo: 46 bytes from 54.197.223.49: icmp_seq=505 ttl=37 time=150 ms
08-12 16:09:34.913 18298 18357 D cellinfo: 46 bytes from 54.197.223.49: icmp_seq=506 ttl=37 time=150 ms
08-12 16:09:35.153 18298 18357 D cellinfo: 46 bytes from 54.197.223.49: icmp_seq=507 ttl=37 time=189 ms
08-12 16:09:35.272 18298 18357 D cellinfo: 46 bytes from 54.197.223.49: icmp_seq=508 ttl=37 time=110 ms
08-12 16:09:35.520 18298 18357 D cellinfo: 46 bytes from 54.197.223.49: icmp_seq=509 ttl=37 time=156 ms
08-12 16:09:35.675 18298 18357 D cellinfo: 46 bytes from 54.197.223.49: icmp_seq=510 ttl=37 time=111 ms
08-12 16:09:35.920 18298 18357 D cellinfo: 46 bytes from 54.197.223.49: icmp_seq=511 ttl=37 time=155 ms
08-12 16:09:36.116 18298 18357 D cellinfo: 46 bytes from 54.197.223.49: icmp_seq=512 ttl=37 time=151 ms
08-12 16:09:36.289 18298 18298 D cellinfo: Latitude is 41.5744511
08-12 16:09:36.289 18298 18298 D cellinfo: Longitude is -93.8530988
08-12 16:09:36.289 18298 18298 D cellinfo: Instantaneous GPS information: United States, 3105 Grand Prairie Pkwy, Waukee, IA 50263, USA
08-12 16:09:36.289 18298 18298 D cellinfo: getCurrentLocation() result: Location (success): 41.5744511, -93.8530988
08-12 16:09:36.312 18298 18357 D cellinfo: 46 bytes from 54.197.223.49: icmp_seq=513 ttl=37 time=147 ms
08-12 16:09:36.513 18298 18357 D cellinfo: 46 bytes from 54.197.223.49: icmp_seq=514 ttl=37 time=147 ms
08-12 16:09:36.723 18298 18357 D cellinfo: 46 bytes from 54.197.223.49: icmp_seq=515 ttl=37 time=156 ms
08-12 16:09:36.916 18298 18357 D cellinfo: 46 bytes from 54.197.223.49: icmp_seq=516 ttl=37 time=148 ms
08-12 16:09:37.120 18298 18357 D cellinfo: 46 bytes from 54.197.223.49: icmp_seq=517 ttl=37 time=152 ms
08-12 16:09:37.313 18298 18357 D cellinfo: 46 bytes from 54.197.223.49: icmp_seq=518 ttl=37 time=145 ms
08-12 16:09:37.516 18298 18357 D cellinfo: 46 bytes from 54.197.223.49: icmp_seq=519 ttl=37 time=147 ms
08-12 16:09:37.673 18298 18357 D cellinfo: 46 bytes from 54.197.223.49: icmp_seq=520 ttl=37 time=104 ms
08-12 16:09:37.703 18298 18298 D cellinfo: onsignalStrengthsChanged: LTE Signal Strength info: rsrp: -94 rsrq: -8 rssi: -67 rssnr: 10
08-12 16:09:37.703 18298 18298 D cellinfo: onsignalStrengthsChanged: 5G-NR Signal Strength info: ssrsrp: -105 ssrsrq: -14 sssinr: 7
08-12 16:09:37.914 18298 18357 D cellinfo: 46 bytes from 54.197.223.49: icmp_seq=521 ttl=37 time=144 ms
08-12 16:09:38.083 18298 18357 D cellinfo: 46 bytes from 54.197.223.49: icmp_seq=522 ttl=37 time=111 ms
08-12 16:09:38.285 18298 18357 D cellinfo: 46 bytes from 54.197.223.49: icmp_seq=523 ttl=37 time=114 ms
08-12 16:09:38.357 18298 18298 D cellinfo: onCellInfoChanged: Operator:  UpdateTimestamp: 162454671 CellConnectionStatus: 1
08-12 16:09:38.357 18298 18298 D cellinfo: onCellInfoChanged: 5G-NR Cell Bands: [] ARFCN: 509202 Cell ID: 9223372036854775807 Physical Cell ID: 179 Tracking Area Code: 16777215
08-12 16:09:38.475 18298 18357 D cellinfo: 46 bytes from 54.197.223.49: icmp_seq=524 ttl=37 time=103 ms
08-12 16:09:39.289 18298 18298 D cellinfo: Latitude is 41.5744511
08-12 16:09:39.289 18298 18298 D cellinfo: Longitude is -93.8530988
08-12 16:09:39.289 18298 18298 D cellinfo: Instantaneous GPS information: United States, 3105 Grand Prairie Pkwy, Waukee, IA 50263, USA
08-12 16:09:39.289 18298 18298 D cellinfo: getCurrentLocation() result: Location (success): 41.5744511, -93.8530988
08-12 16:09:39.756 18298 18357 D cellinfo: 46 bytes from 54.197.223.49: icmp_seq=525 ttl=37 time=1183 ms
08-12 16:09:39.757 18298 18357 D cellinfo: 46 bytes from 54.197.223.49: icmp_seq=526 ttl=37 time=982 ms
08-12 16:09:39.757 18298 18357 D cellinfo: 46 bytes from 54.197.223.49: icmp_seq=527 ttl=37 time=778 ms
08-12 16:09:39.758 18298 18357 D cellinfo: 46 bytes from 54.197.223.49: icmp_seq=528 ttl=37 time=577 ms
08-12 16:09:39.769 18298 18357 D cellinfo: 46 bytes from 54.197.223.49: icmp_seq=529 ttl=37 time=384 ms
08-12 16:09:39.769 18298 18357 D cellinfo: 46 bytes from 54.197.223.49: icmp_seq=530 ttl=37 time=180 ms
08-12 16:09:39.920 18298 18357 D cellinfo: 46 bytes from 54.197.223.49: icmp_seq=531 ttl=37 time=130 ms
08-12 16:09:40.081 18298 18357 D cellinfo: 46 bytes from 54.197.223.49: icmp_seq=532 ttl=37 time=89.5 ms
08-12 16:09:40.277 18298 18357 D cellinfo: 46 bytes from 54.197.223.49: icmp_seq=533 ttl=37 time=86.7 ms
08-12 16:09:40.514 18298 18357 D cellinfo: 46 bytes from 54.197.223.49: icmp_seq=534 ttl=37 time=123 ms
08-12 16:09:40.682 18298 18357 D cellinfo: 46 bytes from 54.197.223.49: icmp_seq=535 ttl=37 time=89.9 ms
08-12 16:09:40.915 18298 18357 D cellinfo: 46 bytes from 54.197.223.49: icmp_seq=536 ttl=37 time=121 ms
08-12 16:09:41.115 18298 18357 D cellinfo: 46 bytes from 54.197.223.49: icmp_seq=537 ttl=37 time=120 ms
08-12 16:09:41.329 18298 18357 D cellinfo: 46 bytes from 54.197.223.49: icmp_seq=538 ttl=37 time=134 ms
08-12 16:09:41.515 18298 18357 D cellinfo: 46 bytes from 54.197.223.49: icmp_seq=539 ttl=37 time=120 ms
08-12 16:09:41.754 18298 18357 D cellinfo: 46 bytes from 54.197.223.49: icmp_seq=540 ttl=37 time=158 ms
08-12 16:09:41.922 18298 18357 D cellinfo: 46 bytes from 54.197.223.49: icmp_seq=541 ttl=37 time=125 ms
08-12 16:09:42.115 18298 18357 D cellinfo: 46 bytes from 54.197.223.49: icmp_seq=542 ttl=37 time=118 ms
08-12 16:09:42.318 18298 18357 D cellinfo: 46 bytes from 54.197.223.49: icmp_seq=543 ttl=37 time=121 ms
08-12 16:09:42.521 18298 18357 D cellinfo: 46 bytes from 54.197.223.49: icmp_seq=544 ttl=37 time=124 ms
08-12 16:09:42.722 18298 18357 D cellinfo: 46 bytes from 54.197.223.49: icmp_seq=545 ttl=37 time=123 ms
08-12 16:09:42.916 18298 18357 D cellinfo: 46 bytes from 54.197.223.49: icmp_seq=546 ttl=37 time=117 ms
08-12 16:09:42.933 18298 18298 D cellinfo: Latitude is 41.5746101
08-12 16:09:42.933 18298 18298 D cellinfo: Longitude is -93.8522813
08-12 16:09:42.933 18298 18298 D cellinfo: Instantaneous GPS information: United States, 3105 Grand Prairie Pkwy, Waukee, IA 50263, USA
08-12 16:09:42.933 18298 18298 D cellinfo: getCurrentLocation() result: Location (success): 41.5746101, -93.8522813
08-12 16:09:43.121 18298 18357 D cellinfo: 46 bytes from 54.197.223.49: icmp_seq=547 ttl=37 time=122 ms
08-12 16:09:43.315 18298 18357 D cellinfo: 46 bytes from 54.197.223.49: icmp_seq=548 ttl=37 time=116 ms
08-12 16:09:43.515 18298 18357 D cellinfo: 46 bytes from 54.197.223.49: icmp_seq=549 ttl=37 time=115 ms
08-12 16:09:43.721 18298 18357 D cellinfo: 46 bytes from 54.197.223.49: icmp_seq=550 ttl=37 time=121 ms
08-12 16:09:43.915 18298 18357 D cellinfo: 46 bytes from 54.197.223.49: icmp_seq=551 ttl=37 time=113 ms
08-12 16:09:44.116 18298 18357 D cellinfo: 46 bytes from 54.197.223.49: icmp_seq=552 ttl=37 time=114 ms
08-12 16:09:44.322 18298 18357 D cellinfo: 46 bytes from 54.197.223.49: icmp_seq=553 ttl=37 time=119 ms
08-12 16:09:44.516 18298 18357 D cellinfo: 46 bytes from 54.197.223.49: icmp_seq=554 ttl=37 time=112 ms
08-12 16:09:44.715 18298 18357 D cellinfo: 46 bytes from 54.197.223.49: icmp_seq=555 ttl=37 time=111 ms
08-12 16:09:44.894 18298 18298 D cellinfo: onsignalStrengthsChanged: LTE Signal Strength info: rsrp: -99 rsrq: -10 rssi: -69 rssnr: 5
08-12 16:09:44.894 18298 18298 D cellinfo: onsignalStrengthsChanged: 5G-NR Signal Strength info: ssrsrp: -101 ssrsrq: -12 sssinr: 7
08-12 16:09:44.915 18298 18357 D cellinfo: 46 bytes from 54.197.223.49: icmp_seq=556 ttl=37 time=109 ms
08-12 16:09:45.165 18298 18357 D cellinfo: 46 bytes from 54.197.223.49: icmp_seq=557 ttl=37 time=158 ms
08-12 16:09:45.285 18298 18298 D cellinfo: Latitude is 41.5746101
08-12 16:09:45.285 18298 18298 D cellinfo: Longitude is -93.8522813
08-12 16:09:45.285 18298 18298 D cellinfo: Instantaneous GPS information: United States, 3105 Grand Prairie Pkwy, Waukee, IA 50263, USA
08-12 16:09:45.285 18298 18298 D cellinfo: getCurrentLocation() result: Location (success): 41.5746101, -93.8522813
08-12 16:09:45.332 18298 18357 D cellinfo: 46 bytes from 54.197.223.49: icmp_seq=558 ttl=37 time=124 ms
08-12 16:09:45.616 18298 18357 D cellinfo: 46 bytes from 54.197.223.49: icmp_seq=559 ttl=37 time=207 ms
08-12 16:09:45.680 18298 18298 D cellinfo: onCellInfoChanged: Operator:  UpdateTimestamp: 162461995 CellConnectionStatus: 1
08-12 16:09:45.680 18298 18298 D cellinfo: onCellInfoChanged: 5G-NR Cell Bands: [] ARFCN: 509202 Cell ID: 9223372036854775807 Physical Cell ID: 839 Tracking Area Code: 16777215
08-12 16:09:45.715 18298 18357 D cellinfo: 46 bytes from 54.197.223.49: icmp_seq=560 ttl=37 time=106 ms
08-12 16:09:45.921 18298 18357 D cellinfo: 46 bytes from 54.197.223.49: icmp_seq=561 ttl=37 time=110 ms
08-12 16:09:46.161 18298 18357 D cellinfo: 46 bytes from 54.197.223.49: icmp_seq=562 ttl=37 time=149 ms
08-12 16:09:46.356 18298 18357 D cellinfo: 46 bytes from 54.197.223.49: icmp_seq=563 ttl=37 time=143 ms
08-12 16:09:46.561 18298 18357 D cellinfo: 46 bytes from 54.197.223.49: icmp_seq=564 ttl=37 time=148 ms
08-12 16:09:46.756 18298 18357 D cellinfo: 46 bytes from 54.197.223.49: icmp_seq=565 ttl=37 time=141 ms
08-12 16:09:46.921 18298 18357 D cellinfo: 46 bytes from 54.197.223.49: icmp_seq=566 ttl=37 time=106 ms
08-12 16:09:47.124 18298 18357 D cellinfo: 46 bytes from 54.197.223.49: icmp_seq=567 ttl=37 time=109 ms
08-12 16:09:47.355 18298 18357 D cellinfo: 46 bytes from 54.197.223.49: icmp_seq=568 ttl=37 time=139 ms
08-12 16:09:47.526 18298 18357 D cellinfo: 46 bytes from 54.197.223.49: icmp_seq=569 ttl=37 time=110 ms
08-12 16:09:47.727 18298 18357 D cellinfo: 46 bytes from 54.197.223.49: icmp_seq=570 ttl=37 time=110 ms
08-12 16:09:47.926 18298 18357 D cellinfo: 46 bytes from 54.197.223.49: icmp_seq=571 ttl=37 time=109 ms
08-12 16:09:48.160 18298 18357 D cellinfo: 46 bytes from 54.197.223.49: icmp_seq=572 ttl=37 time=141 ms
08-12 16:09:48.281 18298 18298 D cellinfo: Latitude is 41.5746101
08-12 16:09:48.282 18298 18298 D cellinfo: Longitude is -93.8522813
08-12 16:09:48.282 18298 18298 D cellinfo: Instantaneous GPS information: United States, 3105 Grand Prairie Pkwy, Waukee, IA 50263, USA
08-12 16:09:48.282 18298 18298 D cellinfo: getCurrentLocation() result: Location (success): 41.5746101, -93.8522813
08-12 16:09:48.355 18298 18357 D cellinfo: 46 bytes from 54.197.223.49: icmp_seq=573 ttl=37 time=136 ms
08-12 16:09:48.523 18298 18357 D cellinfo: 46 bytes from 54.197.223.49: icmp_seq=574 ttl=37 time=103 ms
08-12 16:09:48.608 18298 18298 D cellinfo: onCellInfoChanged: Operator:  UpdateTimestamp: 162464923 CellConnectionStatus: 1
08-12 16:09:48.608 18298 18298 D cellinfo: onCellInfoChanged: 5G-NR Cell Bands: [] ARFCN: 509202 Cell ID: 9223372036854775807 Physical Cell ID: 839 Tracking Area Code: 16777215
08-12 16:09:48.716 18298 18357 D cellinfo: 46 bytes from 54.197.223.49: icmp_seq=575 ttl=37 time=96.1 ms
08-12 16:09:48.959 18298 18357 D cellinfo: 46 bytes from 54.197.223.49: icmp_seq=576 ttl=37 time=137 ms
08-12 16:09:49.115 18298 18357 D cellinfo: 46 bytes from 54.197.223.49: icmp_seq=577 ttl=37 time=92.7 ms
08-12 16:09:49.131 18298 18298 D cellinfo: onsignalStrengthsChanged: LTE Signal Strength info: rsrp: -93 rsrq: -9 rssi: -65 rssnr: 8
08-12 16:09:49.132 18298 18298 D cellinfo: onsignalStrengthsChanged: 5G-NR Signal Strength info: ssrsrp: -104 ssrsrq: -12 sssinr: 8
08-12 16:09:49.361 18298 18357 D cellinfo: 46 bytes from 54.197.223.49: icmp_seq=578 ttl=37 time=137 ms
08-12 16:09:49.556 18298 18357 D cellinfo: 46 bytes from 54.197.223.49: icmp_seq=579 ttl=37 time=132 ms
08-12 16:09:49.758 18298 18357 D cellinfo: 46 bytes from 54.197.223.49: icmp_seq=580 ttl=37 time=133 ms
08-12 16:09:49.958 18298 18357 D cellinfo: 46 bytes from 54.197.223.49: icmp_seq=581 ttl=37 time=132 ms
08-12 16:09:50.159 18298 18357 D cellinfo: 46 bytes from 54.197.223.49: icmp_seq=582 ttl=37 time=132 ms
08-12 16:09:50.362 18298 18357 D cellinfo: 46 bytes from 54.197.223.49: icmp_seq=583 ttl=37 time=134 ms
08-12 16:09:50.560 18298 18357 D cellinfo: 46 bytes from 54.197.223.49: icmp_seq=584 ttl=37 time=131 ms
08-12 16:09:50.757 18298 18357 D cellinfo: 46 bytes from 54.197.223.49: icmp_seq=585 ttl=37 time=129 ms
08-12 16:09:50.956 18298 18357 D cellinfo: 46 bytes from 54.197.223.49: icmp_seq=586 ttl=37 time=127 ms
08-12 16:09:51.125 18298 18357 D cellinfo: 46 bytes from 54.197.223.49: icmp_seq=587 ttl=37 time=94.1 ms
08-12 16:09:51.286 18298 18298 D cellinfo: Latitude is 41.5746101
08-12 16:09:51.286 18298 18298 D cellinfo: Longitude is -93.8522813
08-12 16:09:51.286 18298 18298 D cellinfo: Instantaneous GPS information: United States, 3105 Grand Prairie Pkwy, Waukee, IA 50263, USA
08-12 16:09:51.286 18298 18298 D cellinfo: getCurrentLocation() result: Location (success): 41.5746101, -93.8522813
08-12 16:09:51.323 18298 18357 D cellinfo: 46 bytes from 54.197.223.49: icmp_seq=588 ttl=37 time=91.5 ms
08-12 16:09:51.555 18298 18357 D cellinfo: 46 bytes from 54.197.223.49: icmp_seq=589 ttl=37 time=123 ms
08-12 16:09:51.758 18298 18357 D cellinfo: 46 bytes from 54.197.223.49: icmp_seq=590 ttl=37 time=124 ms
08-12 16:09:51.957 18298 18357 D cellinfo: 46 bytes from 54.197.223.49: icmp_seq=591 ttl=37 time=123 ms
08-12 16:09:52.157 18298 18357 D cellinfo: 46 bytes from 54.197.223.49: icmp_seq=592 ttl=37 time=122 ms
08-12 16:09:52.355 18298 18357 D cellinfo: 46 bytes from 54.197.223.49: icmp_seq=593 ttl=37 time=120 ms
08-12 16:09:52.558 18298 18357 D cellinfo: 46 bytes from 54.197.223.49: icmp_seq=594 ttl=37 time=122 ms
08-12 16:09:52.757 18298 18357 D cellinfo: 46 bytes from 54.197.223.49: icmp_seq=595 ttl=37 time=121 ms
08-12 16:09:52.955 18298 18357 D cellinfo: 46 bytes from 54.197.223.49: icmp_seq=596 ttl=37 time=117 ms
08-12 16:09:53.155 18298 18357 D cellinfo: 46 bytes from 54.197.223.49: icmp_seq=597 ttl=37 time=116 ms
08-12 16:09:53.357 18298 18357 D cellinfo: 46 bytes from 54.197.223.49: icmp_seq=598 ttl=37 time=118 ms
08-12 16:09:53.556 18298 18357 D cellinfo: 46 bytes from 54.197.223.49: icmp_seq=599 ttl=37 time=117 ms
08-12 16:09:53.756 18298 18357 D cellinfo: 46 bytes from 54.197.223.49: icmp_seq=600 ttl=37 time=116 ms
08-12 16:09:53.957 18298 18357 D cellinfo: 46 bytes from 54.197.223.49: icmp_seq=601 ttl=37 time=116 ms
08-12 16:09:54.156 18298 18357 D cellinfo: 46 bytes from 54.197.223.49: icmp_seq=602 ttl=37 time=115 ms
08-12 16:09:54.356 18298 18357 D cellinfo: 46 bytes from 54.197.223.49: icmp_seq=603 ttl=37 time=114 ms
08-12 16:09:54.548 18298 18357 D cellinfo: 46 bytes from 54.197.223.49: icmp_seq=604 ttl=37 time=106 ms
08-12 16:09:54.757 18298 18357 D cellinfo: 46 bytes from 54.197.223.49: icmp_seq=605 ttl=37 time=113 ms
08-12 16:09:54.846 18298 18298 D cellinfo: Latitude is 41.5746149
08-12 16:09:54.846 18298 18298 D cellinfo: Longitude is -93.8521836
08-12 16:09:54.846 18298 18298 D cellinfo: Instantaneous GPS information: United States, 3105 Grand Prairie Pkwy, Waukee, IA 50263, USA
08-12 16:09:54.846 18298 18298 D cellinfo: getCurrentLocation() result: Location (success): 41.5746149, -93.8521836
08-12 16:09:54.852 18298 18298 D cellinfo: onCellInfoChanged: Operator:  UpdateTimestamp: 162470916 CellConnectionStatus: 1
08-12 16:09:54.853 18298 18298 D cellinfo: onCellInfoChanged: 5G-NR Cell Bands: [] ARFCN: 509202 Cell ID: 9223372036854775807 Physical Cell ID: 839 Tracking Area Code: 16777215
08-12 16:09:54.955 18298 18357 D cellinfo: 46 bytes from 54.197.223.49: icmp_seq=606 ttl=37 time=110 ms
08-12 16:09:55.155 18298 18357 D cellinfo: 46 bytes from 54.197.223.49: icmp_seq=607 ttl=37 time=109 ms
08-12 16:09:55.356 18298 18357 D cellinfo: 46 bytes from 54.197.223.49: icmp_seq=608 ttl=37 time=109 ms
08-12 16:09:55.555 18298 18357 D cellinfo: 46 bytes from 54.197.223.49: icmp_seq=609 ttl=37 time=108 ms
08-12 16:09:55.755 18298 18357 D cellinfo: 46 bytes from 54.197.223.49: icmp_seq=610 ttl=37 time=106 ms
08-12 16:09:55.995 18298 18357 D cellinfo: 46 bytes from 54.197.223.49: icmp_seq=611 ttl=37 time=146 ms
08-12 16:09:56.197 18298 18357 D cellinfo: 46 bytes from 54.197.223.49: icmp_seq=612 ttl=37 time=146 ms
08-12 16:09:56.363 18298 18357 D cellinfo: 46 bytes from 54.197.223.49: icmp_seq=613 ttl=37 time=112 ms
08-12 16:09:56.565 18298 18357 D cellinfo: 46 bytes from 54.197.223.49: icmp_seq=614 ttl=37 time=113 ms
08-12 16:09:56.767 18298 18357 D cellinfo: 46 bytes from 54.197.223.49: icmp_seq=615 ttl=37 time=115 ms
08-12 16:09:56.996 18298 18357 D cellinfo: 46 bytes from 54.197.223.49: icmp_seq=616 ttl=37 time=142 ms
08-12 16:09:57.205 18298 18357 D cellinfo: 46 bytes from 54.197.223.49: icmp_seq=617 ttl=37 time=150 ms
08-12 16:09:57.290 18298 18298 D cellinfo: Latitude is 41.5746149
08-12 16:09:57.290 18298 18298 D cellinfo: Longitude is -93.8521836
08-12 16:09:57.290 18298 18298 D cellinfo: Instantaneous GPS information: United States, 3105 Grand Prairie Pkwy, Waukee, IA 50263, USA
08-12 16:09:57.290 18298 18298 D cellinfo: getCurrentLocation() result: Location (success): 41.5746149, -93.8521836
08-12 16:09:57.407 18298 18357 D cellinfo: 46 bytes from 54.197.223.49: icmp_seq=618 ttl=37 time=152 ms
08-12 16:09:57.599 18298 18357 D cellinfo: 46 bytes from 54.197.223.49: icmp_seq=619 ttl=37 time=143 ms
08-12 16:09:57.764 18298 18357 D cellinfo: 46 bytes from 54.197.223.49: icmp_seq=620 ttl=37 time=107 ms
08-12 16:09:57.995 18298 18357 D cellinfo: 46 bytes from 54.197.223.49: icmp_seq=621 ttl=37 time=138 ms
08-12 16:09:58.167 18298 18357 D cellinfo: 46 bytes from 54.197.223.49: icmp_seq=622 ttl=37 time=108 ms
08-12 16:09:58.364 18298 18357 D cellinfo: 46 bytes from 54.197.223.49: icmp_seq=623 ttl=37 time=104 ms
08-12 16:09:58.595 18298 18357 D cellinfo: 46 bytes from 54.197.223.49: icmp_seq=624 ttl=37 time=133 ms
08-12 16:09:58.761 18298 18357 D cellinfo: 46 bytes from 54.197.223.49: icmp_seq=625 ttl=37 time=99.5 ms
08-12 16:09:58.996 18298 18357 D cellinfo: 46 bytes from 54.197.223.49: icmp_seq=626 ttl=37 time=133 ms
08-12 16:09:59.162 18298 18357 D cellinfo: 46 bytes from 54.197.223.49: icmp_seq=627 ttl=37 time=98.8 ms
08-12 16:09:59.395 18298 18357 D cellinfo: 46 bytes from 54.197.223.49: icmp_seq=628 ttl=37 time=131 ms
08-12 16:09:59.563 18298 18357 D cellinfo: 46 bytes from 54.197.223.49: icmp_seq=629 ttl=37 time=98.5 ms
08-12 16:09:59.795 18298 18357 D cellinfo: 46 bytes from 54.197.223.49: icmp_seq=630 ttl=37 time=129 ms
08-12 16:09:59.996 18298 18357 D cellinfo: 46 bytes from 54.197.223.49: icmp_seq=631 ttl=37 time=129 ms
08-12 16:10:00.195 18298 18357 D cellinfo: 46 bytes from 54.197.223.49: icmp_seq=632 ttl=37 time=128 ms
08-12 16:10:00.373 18298 18357 D cellinfo: 46 bytes from 54.197.223.49: icmp_seq=633 ttl=37 time=105 ms
08-12 16:10:00.564 18298 18357 D cellinfo: 46 bytes from 54.197.223.49: icmp_seq=634 ttl=37 time=95.3 ms
08-12 16:10:00.797 18298 18357 D cellinfo: 46 bytes from 54.197.223.49: icmp_seq=635 ttl=37 time=127 ms
08-12 16:10:00.996 18298 18357 D cellinfo: 46 bytes from 54.197.223.49: icmp_seq=636 ttl=37 time=125 ms
08-12 16:10:01.005 18298 18298 D cellinfo: Latitude is 41.574786
08-12 16:10:01.005 18298 18298 D cellinfo: Longitude is -93.8521348
08-12 16:10:01.005 18298 18298 D cellinfo: Instantaneous GPS information: United States, 1150 Ashworth Rd, Waukee, IA 50263, USA
08-12 16:10:01.005 18298 18298 D cellinfo: getCurrentLocation() result: Location (success): 41.574786, -93.8521348
08-12 16:10:01.008 18298 18298 D cellinfo: onCellInfoChanged: Operator:  UpdateTimestamp: 162476878 CellConnectionStatus: 1
08-12 16:10:01.008 18298 18298 D cellinfo: onCellInfoChanged: 5G-NR Cell Bands: [] ARFCN: 509202 Cell ID: 9223372036854775807 Physical Cell ID: 839 Tracking Area Code: 16777215
08-12 16:10:01.195 18298 18357 D cellinfo: 46 bytes from 54.197.223.49: icmp_seq=637 ttl=37 time=124 ms
08-12 16:10:01.395 18298 18357 D cellinfo: 46 bytes from 54.197.223.49: icmp_seq=638 ttl=37 time=124 ms
08-12 16:10:01.594 18298 18357 D cellinfo: 46 bytes from 54.197.223.49: icmp_seq=639 ttl=37 time=122 ms
08-12 16:10:01.795 18298 18357 D cellinfo: 46 bytes from 54.197.223.49: icmp_seq=640 ttl=37 time=121 ms
08-12 16:10:01.994 18298 18357 D cellinfo: 46 bytes from 54.197.223.49: icmp_seq=641 ttl=37 time=121 ms
08-12 16:10:02.194 18298 18357 D cellinfo: 46 bytes from 54.197.223.49: icmp_seq=642 ttl=37 time=120 ms
08-12 16:10:02.395 18298 18357 D cellinfo: 46 bytes from 54.197.223.49: icmp_seq=643 ttl=37 time=120 ms
08-12 16:10:02.595 18298 18357 D cellinfo: 46 bytes from 54.197.223.49: icmp_seq=644 ttl=37 time=118 ms
08-12 16:10:02.795 18298 18357 D cellinfo: 46 bytes from 54.197.223.49: icmp_seq=645 ttl=37 time=118 ms
08-12 16:10:02.995 18298 18357 D cellinfo: 46 bytes from 54.197.223.49: icmp_seq=646 ttl=37 time=117 ms
08-12 16:10:03.173 18298 18357 D cellinfo: 46 bytes from 54.197.223.49: icmp_seq=647 ttl=37 time=94.2 ms
08-12 16:10:03.294 18298 18298 D cellinfo: Latitude is 41.574786
08-12 16:10:03.294 18298 18298 D cellinfo: Longitude is -93.8521348
08-12 16:10:03.294 18298 18298 D cellinfo: Instantaneous GPS information: United States, 1150 Ashworth Rd, Waukee, IA 50263, USA
08-12 16:10:03.294 18298 18298 D cellinfo: getCurrentLocation() result: Location (success): 41.574786, -93.8521348
08-12 16:10:03.373 18298 18357 D cellinfo: 46 bytes from 54.197.223.49: icmp_seq=648 ttl=37 time=93.7 ms
08-12 16:10:03.595 18298 18357 D cellinfo: 46 bytes from 54.197.223.49: icmp_seq=649 ttl=37 time=115 ms
08-12 16:10:03.795 18298 18357 D cellinfo: 46 bytes from 54.197.223.49: icmp_seq=650 ttl=37 time=114 ms
08-12 16:10:03.995 18298 18357 D cellinfo: 46 bytes from 54.197.223.49: icmp_seq=651 ttl=37 time=113 ms
08-12 16:10:04.195 18298 18357 D cellinfo: 46 bytes from 54.197.223.49: icmp_seq=652 ttl=37 time=112 ms
08-12 16:10:04.395 18298 18357 D cellinfo: 46 bytes from 54.197.223.49: icmp_seq=653 ttl=37 time=112 ms
08-12 16:10:04.594 18298 18357 D cellinfo: 46 bytes from 54.197.223.49: icmp_seq=654 ttl=37 time=110 ms
08-12 16:10:04.795 18298 18357 D cellinfo: 46 bytes from 54.197.223.49: icmp_seq=655 ttl=37 time=110 ms
08-12 16:10:04.996 18298 18357 D cellinfo: 46 bytes from 54.197.223.49: icmp_seq=656 ttl=37 time=109 ms
08-12 16:10:05.195 18298 18357 D cellinfo: 46 bytes from 54.197.223.49: icmp_seq=657 ttl=37 time=107 ms
08-12 16:10:05.395 18298 18357 D cellinfo: 46 bytes from 54.197.223.49: icmp_seq=658 ttl=37 time=107 ms
08-12 16:10:05.595 18298 18357 D cellinfo: 46 bytes from 54.197.223.49: icmp_seq=659 ttl=37 time=105 ms
08-12 16:10:05.795 18298 18357 D cellinfo: 46 bytes from 54.197.223.49: icmp_seq=660 ttl=37 time=105 ms
08-12 16:10:06.035 18298 18357 D cellinfo: 46 bytes from 54.197.223.49: icmp_seq=661 ttl=37 time=144 ms
08-12 16:10:06.292 18298 18298 D cellinfo: Latitude is 41.574786
08-12 16:10:06.292 18298 18298 D cellinfo: Longitude is -93.8521348
08-12 16:10:06.292 18298 18298 D cellinfo: Instantaneous GPS information: United States, 1150 Ashworth Rd, Waukee, IA 50263, USA
08-12 16:10:06.292 18298 18298 D cellinfo: getCurrentLocation() result: Location (success): 41.574786, -93.8521348
08-12 16:10:06.366 18298 18357 D cellinfo: 46 bytes from 54.197.223.49: icmp_seq=662 ttl=37 time=275 ms
08-12 16:10:06.411 18298 18357 D cellinfo: 46 bytes from 54.197.223.49: icmp_seq=663 ttl=37 time=118 ms
08-12 16:10:06.589 18298 18298 D cellinfo: onCellInfoChanged: Operator:  UpdateTimestamp: 162482903 CellConnectionStatus: 1
08-12 16:10:06.589 18298 18298 D cellinfo: onCellInfoChanged: 5G-NR Cell Bands: [] ARFCN: 509202 Cell ID: 9223372036854775807 Physical Cell ID: 839 Tracking Area Code: 16777215
08-12 16:10:06.635 18298 18357 D cellinfo: 46 bytes from 54.197.223.49: icmp_seq=664 ttl=37 time=140 ms
08-12 16:10:06.836 18298 18357 D cellinfo: 46 bytes from 54.197.223.49: icmp_seq=665 ttl=37 time=140 ms
08-12 16:10:07.035 18298 18357 D cellinfo: 46 bytes from 54.197.223.49: icmp_seq=666 ttl=37 time=139 ms
08-12 16:10:07.204 18298 18357 D cellinfo: 46 bytes from 54.197.223.49: icmp_seq=667 ttl=37 time=108 ms
08-12 16:10:07.440 18298 18357 D cellinfo: 46 bytes from 54.197.223.49: icmp_seq=668 ttl=37 time=144 ms
08-12 16:10:07.636 18298 18357 D cellinfo: 46 bytes from 54.197.223.49: icmp_seq=669 ttl=37 time=138 ms
08-12 16:10:07.841 18298 18357 D cellinfo: 46 bytes from 54.197.223.49: icmp_seq=670 ttl=37 time=143 ms
08-12 16:10:08.049 18298 18357 D cellinfo: 46 bytes from 54.197.223.49: icmp_seq=671 ttl=37 time=150 ms
08-12 16:10:08.198 18298 18357 D cellinfo: 46 bytes from 54.197.223.49: icmp_seq=672 ttl=37 time=99.0 ms
08-12 16:10:08.404 18298 18357 D cellinfo: 46 bytes from 54.197.223.49: icmp_seq=673 ttl=37 time=104 ms
08-12 16:10:08.604 18298 18357 D cellinfo: 46 bytes from 54.197.223.49: icmp_seq=674 ttl=37 time=102 ms
08-12 16:10:08.836 18298 18357 D cellinfo: 46 bytes from 54.197.223.49: icmp_seq=675 ttl=37 time=133 ms
08-12 16:10:09.004 18298 18357 D cellinfo: 46 bytes from 54.197.223.49: icmp_seq=676 ttl=37 time=100 ms
08-12 16:10:09.235 18298 18357 D cellinfo: 46 bytes from 54.197.223.49: icmp_seq=677 ttl=37 time=131 ms
08-12 16:10:09.292 18298 18298 D cellinfo: Latitude is 41.574786
08-12 16:10:09.292 18298 18298 D cellinfo: Longitude is -93.8521348
08-12 16:10:09.292 18298 18298 D cellinfo: Instantaneous GPS information: United States, 1150 Ashworth Rd, Waukee, IA 50263, USA
08-12 16:10:09.292 18298 18298 D cellinfo: getCurrentLocation() result: Location (success): 41.574786, -93.8521348
08-12 16:10:09.414 18298 18357 D cellinfo: 46 bytes from 54.197.223.49: icmp_seq=678 ttl=37 time=109 ms
08-12 16:10:09.603 18298 18357 D cellinfo: 46 bytes from 54.197.223.49: icmp_seq=679 ttl=37 time=97.7 ms
08-12 16:10:09.836 18298 18357 D cellinfo: 46 bytes from 54.197.223.49: icmp_seq=680 ttl=37 time=129 ms
08-12 16:10:09.972 18298 18298 D cellinfo: onsignalStrengthsChanged: LTE Signal Strength info: rsrp: -101 rsrq: -13 rssi: -69 rssnr: 3
08-12 16:10:09.972 18298 18298 D cellinfo: onsignalStrengthsChanged: 5G-NR Signal Strength info: ssrsrp: -104 ssrsrq: -12 sssinr: 6
08-12 16:10:10.035 18298 18357 D cellinfo: 46 bytes from 54.197.223.49: icmp_seq=681 ttl=37 time=127 ms
08-12 16:10:10.236 18298 18357 D cellinfo: 46 bytes from 54.197.223.49: icmp_seq=682 ttl=37 time=127 ms
08-12 16:10:10.435 18298 18357 D cellinfo: 46 bytes from 54.197.223.49: icmp_seq=683 ttl=37 time=126 ms
08-12 16:10:10.613 18298 18357 D cellinfo: 46 bytes from 54.197.223.49: icmp_seq=684 ttl=37 time=103 ms
08-12 16:10:10.836 18298 18357 D cellinfo: 46 bytes from 54.197.223.49: icmp_seq=685 ttl=37 time=125 ms
08-12 16:10:11.003 18298 18357 D cellinfo: 46 bytes from 54.197.223.49: icmp_seq=686 ttl=37 time=92.7 ms
08-12 16:10:11.205 18298 18357 D cellinfo: 46 bytes from 54.197.223.49: icmp_seq=687 ttl=37 time=94.0 ms
08-12 16:10:11.439 18298 18357 D cellinfo: 46 bytes from 54.197.223.49: icmp_seq=688 ttl=37 time=127 ms
08-12 16:10:11.635 18298 18357 D cellinfo: 46 bytes from 54.197.223.49: icmp_seq=689 ttl=37 time=123 ms
