08-12 10:55:54.308 11752 11809 D cellinfo: 46 bytes from 54.197.223.49: icmp_seq=1410 ttl=37 time=137 ms
08-12 10:55:54.518 11752 11809 D cellinfo: 46 bytes from 54.197.223.49: icmp_seq=1411 ttl=37 time=147 ms
08-12 10:55:54.829 11752 11809 D cellinfo: 46 bytes from 54.197.223.49: icmp_seq=1412 ttl=37 time=256 ms
08-12 10:55:54.916 11752 11809 D cellinfo: 46 bytes from 54.197.223.49: icmp_seq=1413 ttl=37 time=139 ms
08-12 10:55:55.146 11752 11752 D cellinfo: onsignalStrengthsChanged: LTE Signal Strength info: rsrp: -105 rsrq: -10 rssi: -77 rssnr: 2
08-12 10:55:55.146 11752 11752 D cellinfo: onsignalStrengthsChanged: 5G-NR Signal Strength info: ssrsrp: -101 ssrsrq: -10 sssinr: 15
08-12 10:55:55.227 11752 11809 D cellinfo: 46 bytes from 54.197.223.49: icmp_seq=1414 ttl=37 time=250 ms
08-12 10:55:55.469 11752 11809 D cellinfo: 46 bytes from 54.197.223.49: icmp_seq=1415 ttl=37 time=288 ms
08-12 10:55:55.551 11752 11809 D cellinfo: 46 bytes from 54.197.223.49: icmp_seq=1416 ttl=37 time=168 ms
08-12 10:55:55.749 11752 11809 D cellinfo: 46 bytes from 54.197.223.49: icmp_seq=1417 ttl=37 time=165 ms
08-12 10:55:56.192 11752 11809 D cellinfo: 46 bytes from 54.197.223.49: icmp_seq=1418 ttl=37 time=409 ms
08-12 10:55:56.193 11752 11809 D cellinfo: 46 bytes from 54.197.223.49: icmp_seq=1419 ttl=37 time=208 ms
08-12 10:55:56.348 11752 11809 D cellinfo: 46 bytes from 54.197.223.49: icmp_seq=1420 ttl=37 time=158 ms
08-12 10:55:56.794 11752 11809 D cellinfo: 46 bytes from 54.197.223.49: icmp_seq=1421 ttl=37 time=404 ms
08-12 10:55:56.795 11752 11809 D cellinfo: 46 bytes from 54.197.223.49: icmp_seq=1422 ttl=37 time=200 ms
08-12 10:55:56.953 11752 11752 D cellinfo: Latitude is 41.2582472
08-12 10:55:56.953 11752 11752 D cellinfo: Longitude is -95.8170363
08-12 10:55:56.953 11752 11752 D cellinfo: Instantaneous GPS information: United States, 645 Arnold Ave, Council Bluffs, IA 51503, USA
08-12 10:55:56.953 11752 11752 D cellinfo: getCurrentLocation() result: Location (success): 41.2582472, -95.8170363
08-12 10:55:57.067 11752 11809 D cellinfo: 46 bytes from 54.197.223.49: icmp_seq=1423 ttl=37 time=273 ms
08-12 10:55:57.129 11752 11809 D cellinfo: 46 bytes from 54.197.223.49: icmp_seq=1424 ttl=37 time=132 ms
08-12 10:55:57.297 11752 11752 D cellinfo: onCellInfoChanged: Operator:  UpdateTimestamp: 143633613 CellConnectionStatus: 1
08-12 10:55:57.297 11752 11752 D cellinfo: onCellInfoChanged: 5G-NR Cell Bands: [] ARFCN: 527202 Cell ID: 9223372036854775807 Physical Cell ID: 732 Tracking Area Code: 16777215
08-12 10:55:57.469 11752 11809 D cellinfo: 46 bytes from 54.197.223.49: icmp_seq=1425 ttl=37 time=272 ms
08-12 10:55:57.548 11752 11809 D cellinfo: 46 bytes from 54.197.223.49: icmp_seq=1426 ttl=37 time=146 ms
08-12 10:55:57.753 11752 11809 D cellinfo: 46 bytes from 54.197.223.49: icmp_seq=1427 ttl=37 time=151 ms
08-12 10:55:57.952 11752 11809 D cellinfo: 46 bytes from 54.197.223.49: icmp_seq=1428 ttl=37 time=150 ms
08-12 10:55:58.154 11752 11809 D cellinfo: 46 bytes from 54.197.223.49: icmp_seq=1429 ttl=37 time=151 ms
08-12 10:55:58.401 11752 11809 D cellinfo: 46 bytes from 54.197.223.49: icmp_seq=1430 ttl=37 time=197 ms
08-12 10:55:58.553 11752 11809 D cellinfo: 46 bytes from 54.197.223.49: icmp_seq=1431 ttl=37 time=149 ms
08-12 10:55:58.751 11752 11809 D cellinfo: 46 bytes from 54.197.223.49: icmp_seq=1432 ttl=37 time=148 ms
08-12 10:55:59.071 11752 11809 D cellinfo: 46 bytes from 54.197.223.49: icmp_seq=1433 ttl=37 time=266 ms
08-12 10:55:59.147 11752 11809 D cellinfo: 46 bytes from 54.197.223.49: icmp_seq=1434 ttl=37 time=134 ms
08-12 10:55:59.352 11752 11809 D cellinfo: 46 bytes from 54.197.223.49: icmp_seq=1435 ttl=37 time=138 ms
08-12 10:55:59.798 11752 11809 D cellinfo: 46 bytes from 54.197.223.49: icmp_seq=1436 ttl=37 time=384 ms
08-12 10:55:59.799 11752 11809 D cellinfo: 46 bytes from 54.197.223.49: icmp_seq=1437 ttl=37 time=181 ms
08-12 10:55:59.952 11752 11809 D cellinfo: 46 bytes from 54.197.223.49: icmp_seq=1438 ttl=37 time=133 ms
08-12 10:56:00.155 11752 11809 D cellinfo: 46 bytes from 54.197.223.49: icmp_seq=1439 ttl=37 time=136 ms
08-12 10:56:00.349 11752 11809 D cellinfo: 46 bytes from 54.197.223.49: icmp_seq=1440 ttl=37 time=128 ms
08-12 10:56:00.679 11752 11809 D cellinfo: 46 bytes from 54.197.223.49: icmp_seq=1441 ttl=37 time=257 ms
08-12 10:56:00.757 11752 11809 D cellinfo: 46 bytes from 54.197.223.49: icmp_seq=1442 ttl=37 time=130 ms
08-12 10:56:00.918 11752 11752 D cellinfo: Latitude is 41.2597984
08-12 10:56:00.919 11752 11752 D cellinfo: Longitude is -95.8160756
08-12 10:56:00.919 11752 11752 D cellinfo: Instantaneous GPS information: United States, 1 Adrian Ave, Council Bluffs, IA 51503, USA
08-12 10:56:00.919 11752 11752 D cellinfo: getCurrentLocation() result: Location (success): 41.2597984, -95.8160756
08-12 10:56:00.927 11752 11752 D cellinfo: onsignalStrengthsChanged: LTE Signal Strength info: rsrp: -110 rsrq: -11 rssi: -81 rssnr: 1
08-12 10:56:00.927 11752 11752 D cellinfo: onsignalStrengthsChanged: 5G-NR Signal Strength info: ssrsrp: -99 ssrsrq: -10 sssinr: 13
08-12 10:56:00.988 11752 11809 D cellinfo: 46 bytes from 54.197.223.49: icmp_seq=1443 ttl=37 time=161 ms
08-12 10:56:01.156 11752 11809 D cellinfo: 46 bytes from 54.197.223.49: icmp_seq=1444 ttl=37 time=129 ms
08-12 10:56:01.398 11752 11809 D cellinfo: 46 bytes from 54.197.223.49: icmp_seq=1445 ttl=37 time=170 ms
08-12 10:56:01.556 11752 11809 D cellinfo: 46 bytes from 54.197.223.49: icmp_seq=1446 ttl=37 time=128 ms
08-12 10:56:01.798 11752 11809 D cellinfo: 46 bytes from 54.197.223.49: icmp_seq=1447 ttl=37 time=168 ms
08-12 10:56:01.988 11752 11809 D cellinfo: 46 bytes from 54.197.223.49: icmp_seq=1448 ttl=37 time=158 ms
08-12 10:56:02.157 11752 11809 D cellinfo: 46 bytes from 54.197.223.49: icmp_seq=1449 ttl=37 time=126 ms
08-12 10:56:02.356 11752 11809 D cellinfo: 46 bytes from 54.197.223.49: icmp_seq=1450 ttl=37 time=125 ms
08-12 10:56:02.669 11752 11809 D cellinfo: 46 bytes from 54.197.223.49: icmp_seq=1451 ttl=37 time=237 ms
08-12 10:56:02.759 11752 11809 D cellinfo: 46 bytes from 54.197.223.49: icmp_seq=1452 ttl=37 time=125 ms
08-12 10:56:02.962 11752 11752 D cellinfo: Latitude is 41.2597984
08-12 10:56:02.963 11752 11752 D cellinfo: Longitude is -95.8160756
08-12 10:56:02.963 11752 11752 D cellinfo: Instantaneous GPS information: United States, 1 Adrian Ave, Council Bluffs, IA 51503, USA
08-12 10:56:02.963 11752 11752 D cellinfo: getCurrentLocation() result: Location (success): 41.2597984, -95.8160756
08-12 10:56:02.994 11752 11809 D cellinfo: 46 bytes from 54.197.223.49: icmp_seq=1453 ttl=37 time=160 ms
08-12 10:56:03.192 11752 11809 D cellinfo: 46 bytes from 54.197.223.49: icmp_seq=1454 ttl=37 time=157 ms
08-12 10:56:03.325 11752 11752 D cellinfo: onCellInfoChanged: Operator:  UpdateTimestamp: 143639640 CellConnectionStatus: 1
08-12 10:56:03.325 11752 11752 D cellinfo: onCellInfoChanged: 5G-NR Cell Bands: [] ARFCN: 527202 Cell ID: 9223372036854775807 Physical Cell ID: 732 Tracking Area Code: 16777215
08-12 10:56:03.388 11752 11809 D cellinfo: 46 bytes from 54.197.223.49: icmp_seq=1455 ttl=37 time=152 ms
08-12 10:56:03.593 11752 11809 D cellinfo: 46 bytes from 54.197.223.49: icmp_seq=1456 ttl=37 time=157 ms
08-12 10:56:03.796 11752 11809 D cellinfo: 46 bytes from 54.197.223.49: icmp_seq=1457 ttl=37 time=159 ms
08-12 10:56:03.993 11752 11809 D cellinfo: 46 bytes from 54.197.223.49: icmp_seq=1458 ttl=37 time=155 ms
08-12 10:56:04.191 11752 11809 D cellinfo: 46 bytes from 54.197.223.49: icmp_seq=1459 ttl=37 time=152 ms
08-12 10:56:04.393 11752 11809 D cellinfo: 46 bytes from 54.197.223.49: icmp_seq=1460 ttl=37 time=154 ms
08-12 10:56:04.508 11752 11752 D cellinfo: onsignalStrengthsChanged: LTE Signal Strength info: rsrp: -104 rsrq: -10 rssi: -73 rssnr: 1
08-12 10:56:04.508 11752 11752 D cellinfo: onsignalStrengthsChanged: 5G-NR Signal Strength info: ssrsrp: -99 ssrsrq: -10 sssinr: 19
08-12 10:56:04.591 11752 11809 D cellinfo: 46 bytes from 54.197.223.49: icmp_seq=1461 ttl=37 time=151 ms
08-12 10:56:04.793 11752 11809 D cellinfo: 46 bytes from 54.197.223.49: icmp_seq=1462 ttl=37 time=152 ms
08-12 10:56:04.991 11752 11809 D cellinfo: 46 bytes from 54.197.223.49: icmp_seq=1463 ttl=37 time=149 ms
08-12 10:56:05.192 11752 11809 D cellinfo: 46 bytes from 54.197.223.49: icmp_seq=1464 ttl=37 time=150 ms
08-12 10:56:05.391 11752 11809 D cellinfo: 46 bytes from 54.197.223.49: icmp_seq=1465 ttl=37 time=148 ms
08-12 10:56:05.593 11752 11809 D cellinfo: 46 bytes from 54.197.223.49: icmp_seq=1466 ttl=37 time=150 ms
08-12 10:56:05.791 11752 11809 D cellinfo: 46 bytes from 54.197.223.49: icmp_seq=1467 ttl=37 time=147 ms
08-12 10:56:05.971 11752 11752 D cellinfo: Latitude is 41.2597984
08-12 10:56:05.971 11752 11752 D cellinfo: Longitude is -95.8160756
08-12 10:56:05.971 11752 11752 D cellinfo: Instantaneous GPS information: United States, 1 Adrian Ave, Council Bluffs, IA 51503, USA
08-12 10:56:05.971 11752 11752 D cellinfo: getCurrentLocation() result: Location (success): 41.2597984, -95.8160756
08-12 10:56:05.992 11752 11809 D cellinfo: 46 bytes from 54.197.223.49: icmp_seq=1468 ttl=37 time=148 ms
08-12 10:56:06.188 11752 11809 D cellinfo: 46 bytes from 54.197.223.49: icmp_seq=1469 ttl=37 time=144 ms
08-12 10:56:06.324 11752 11752 D cellinfo: onCellInfoChanged: Operator:  UpdateTimestamp: 143642633 CellConnectionStatus: 1
08-12 10:56:06.324 11752 11752 D cellinfo: onCellInfoChanged: 5G-NR Cell Bands: [] ARFCN: 527202 Cell ID: 9223372036854775807 Physical Cell ID: 732 Tracking Area Code: 16777215
08-12 10:56:06.394 11752 11809 D cellinfo: 46 bytes from 54.197.223.49: icmp_seq=1470 ttl=37 time=148 ms
08-12 10:56:06.588 11752 11809 D cellinfo: 46 bytes from 54.197.223.49: icmp_seq=1471 ttl=37 time=142 ms
08-12 10:56:06.793 11752 11809 D cellinfo: 46 bytes from 54.197.223.49: icmp_seq=1472 ttl=37 time=146 ms
08-12 10:56:06.991 11752 11809 D cellinfo: 46 bytes from 54.197.223.49: icmp_seq=1473 ttl=37 time=144 ms
08-12 10:56:07.189 11752 11809 D cellinfo: 46 bytes from 54.197.223.49: icmp_seq=1474 ttl=37 time=140 ms
08-12 10:56:07.388 11752 11809 D cellinfo: 46 bytes from 54.197.223.49: icmp_seq=1475 ttl=37 time=139 ms
08-12 10:56:07.593 11752 11809 D cellinfo: 46 bytes from 54.197.223.49: icmp_seq=1476 ttl=37 time=142 ms
08-12 10:56:07.630 11752 11752 D cellinfo: onsignalStrengthsChanged: LTE Signal Strength info: rsrp: -109 rsrq: -12 rssi: -77 rssnr: 5
08-12 10:56:07.630 11752 11752 D cellinfo: onsignalStrengthsChanged: 5G-NR Signal Strength info: ssrsrp: -99 ssrsrq: -11 sssinr: 13
08-12 10:56:07.788 11752 11809 D cellinfo: 46 bytes from 54.197.223.49: icmp_seq=1477 ttl=37 time=137 ms
08-12 10:56:07.993 11752 11809 D cellinfo: 46 bytes from 54.197.223.49: icmp_seq=1478 ttl=37 time=142 ms
08-12 10:56:08.188 11752 11809 D cellinfo: 46 bytes from 54.197.223.49: icmp_seq=1479 ttl=37 time=137 ms
08-12 10:56:08.393 11752 11809 D cellinfo: 46 bytes from 54.197.223.49: icmp_seq=1480 ttl=37 time=141 ms
08-12 10:56:08.588 11752 11809 D cellinfo: 46 bytes from 54.197.223.49: icmp_seq=1481 ttl=37 time=135 ms
08-12 10:56:08.793 11752 11809 D cellinfo: 46 bytes from 54.197.223.49: icmp_seq=1482 ttl=37 time=139 ms
08-12 10:56:08.950 11752 11752 D cellinfo: Latitude is 41.2597984
08-12 10:56:08.950 11752 11752 D cellinfo: Longitude is -95.8160756
08-12 10:56:08.950 11752 11752 D cellinfo: Instantaneous GPS information: United States, 1 Adrian Ave, Council Bluffs, IA 51503, USA
08-12 10:56:08.950 11752 11752 D cellinfo: getCurrentLocation() result: Location (success): 41.2597984, -95.8160756
08-12 10:56:08.989 11752 11809 D cellinfo: 46 bytes from 54.197.223.49: icmp_seq=1483 ttl=37 time=135 ms
08-12 10:56:09.193 11752 11809 D cellinfo: 46 bytes from 54.197.223.49: icmp_seq=1484 ttl=37 time=138 ms
08-12 10:56:09.388 11752 11809 D cellinfo: 46 bytes from 54.197.223.49: icmp_seq=1485 ttl=37 time=132 ms
08-12 10:56:09.593 11752 11809 D cellinfo: 46 bytes from 54.197.223.49: icmp_seq=1486 ttl=37 time=135 ms
08-12 10:56:09.791 11752 11809 D cellinfo: 46 bytes from 54.197.223.49: icmp_seq=1487 ttl=37 time=134 ms
08-12 10:56:10.108 11752 11809 D cellinfo: 46 bytes from 54.197.223.49: icmp_seq=1488 ttl=37 time=250 ms
08-12 10:56:10.190 11752 11809 D cellinfo: 46 bytes from 54.197.223.49: icmp_seq=1489 ttl=37 time=125 ms
08-12 10:56:10.393 11752 11809 D cellinfo: 46 bytes from 54.197.223.49: icmp_seq=1490 ttl=37 time=127 ms
08-12 10:56:10.590 11752 11809 D cellinfo: 46 bytes from 54.197.223.49: icmp_seq=1491 ttl=37 time=123 ms
08-12 10:56:10.791 11752 11809 D cellinfo: 46 bytes from 54.197.223.49: icmp_seq=1492 ttl=37 time=123 ms
08-12 10:56:10.988 11752 11809 D cellinfo: 46 bytes from 54.197.223.49: icmp_seq=1493 ttl=37 time=118 ms
08-12 10:56:11.197 11752 11809 D cellinfo: 46 bytes from 54.197.223.49: icmp_seq=1494 ttl=37 time=126 ms
08-12 10:56:11.393 11752 11809 D cellinfo: 46 bytes from 54.197.223.49: icmp_seq=1495 ttl=37 time=122 ms
08-12 10:56:11.592 11752 11809 D cellinfo: 46 bytes from 54.197.223.49: icmp_seq=1496 ttl=37 time=121 ms
08-12 10:56:11.706 11752 11752 D cellinfo: onsignalStrengthsChanged: LTE Signal Strength info: rsrp: -106 rsrq: -7 rssi: -79 rssnr: 7
08-12 10:56:11.706 11752 11752 D cellinfo: onsignalStrengthsChanged: 5G-NR Signal Strength info: ssrsrp: -96 ssrsrq: -10 sssinr: 16
08-12 10:56:11.947 11752 11752 D cellinfo: Latitude is 41.2597996
08-12 10:56:11.947 11752 11752 D cellinfo: Longitude is -95.8160727
08-12 10:56:11.947 11752 11752 D cellinfo: Instantaneous GPS information: United States, 1 Adrian Ave, Council Bluffs, IA 51503, USA
08-12 10:56:11.947 11752 11752 D cellinfo: getCurrentLocation() result: Location (success): 41.2597996, -95.8160727
08-12 10:56:11.952 11752 11809 D cellinfo: 46 bytes from 54.197.223.49: icmp_seq=1497 ttl=37 time=280 ms
08-12 10:56:12.028 11752 11809 D cellinfo: 46 bytes from 54.197.223.49: icmp_seq=1498 ttl=37 time=155 ms
08-12 10:56:12.201 11752 11809 D cellinfo: 46 bytes from 54.197.223.49: icmp_seq=1499 ttl=37 time=128 ms
08-12 10:56:12.292 11752 11752 D cellinfo: onCellInfoChanged: Operator:  UpdateTimestamp: 143648607 CellConnectionStatus: 1
08-12 10:56:12.292 11752 11752 D cellinfo: onCellInfoChanged: 5G-NR Cell Bands: [] ARFCN: 527202 Cell ID: 9223372036854775807 Physical Cell ID: 732 Tracking Area Code: 16777215
08-12 10:56:12.432 11752 11809 D cellinfo: 46 bytes from 54.197.223.49: icmp_seq=1500 ttl=37 time=159 ms
08-12 10:56:12.749 11752 11809 D cellinfo: 46 bytes from 54.197.223.49: icmp_seq=1501 ttl=37 time=275 ms
08-12 10:56:12.831 11752 11809 D cellinfo: 46 bytes from 54.197.223.49: icmp_seq=1502 ttl=37 time=150 ms
08-12 10:56:13.035 11752 11809 D cellinfo: 46 bytes from 54.197.223.49: icmp_seq=1503 ttl=37 time=154 ms
08-12 10:56:13.231 11752 11809 D cellinfo: 46 bytes from 54.197.223.49: icmp_seq=1504 ttl=37 time=150 ms
08-12 10:56:13.549 11752 11809 D cellinfo: 46 bytes from 54.197.223.49: icmp_seq=1505 ttl=37 time=266 ms
08-12 10:56:13.630 11752 11809 D cellinfo: 46 bytes from 54.197.223.49: icmp_seq=1506 ttl=37 time=144 ms
08-12 10:56:13.833 11752 11809 D cellinfo: 46 bytes from 54.197.223.49: icmp_seq=1507 ttl=37 time=147 ms
08-12 10:56:14.031 11752 11809 D cellinfo: 46 bytes from 54.197.223.49: icmp_seq=1508 ttl=37 time=144 ms
08-12 10:56:14.233 11752 11809 D cellinfo: 46 bytes from 54.197.223.49: icmp_seq=1509 ttl=37 time=146 ms
08-12 10:56:14.438 11752 11809 D cellinfo: 46 bytes from 54.197.223.49: icmp_seq=1510 ttl=37 time=150 ms
08-12 10:56:14.645 11752 11809 D cellinfo: 46 bytes from 54.197.223.49: icmp_seq=1511 ttl=37 time=155 ms
08-12 10:56:14.869 11752 11809 D cellinfo: 46 bytes from 54.197.223.49: icmp_seq=1512 ttl=37 time=179 ms
08-12 10:56:15.069 11752 11809 D cellinfo: 46 bytes from 54.197.223.49: icmp_seq=1513 ttl=37 time=179 ms
08-12 10:56:15.232 11752 11809 D cellinfo: 46 bytes from 54.197.223.49: icmp_seq=1514 ttl=37 time=142 ms
08-12 10:56:15.439 11752 11809 D cellinfo: 46 bytes from 54.197.223.49: icmp_seq=1515 ttl=37 time=147 ms
08-12 10:56:15.629 11752 11809 D cellinfo: 46 bytes from 54.197.223.49: icmp_seq=1516 ttl=37 time=137 ms
08-12 10:56:15.795 11752 11752 D cellinfo: Latitude is 41.2604732
08-12 10:56:15.795 11752 11752 D cellinfo: Longitude is -95.8157256
08-12 10:56:15.796 11752 11752 D cellinfo: Instantaneous GPS information: United States, 1601 McPherson Ave, Council Bluffs, IA 51503, USA
08-12 10:56:15.796 11752 11752 D cellinfo: getCurrentLocation() result: Location (success): 41.2604732, -95.8157256
08-12 10:56:15.829 11752 11809 D cellinfo: 46 bytes from 54.197.223.49: icmp_seq=1517 ttl=37 time=135 ms
08-12 10:56:16.029 11752 11809 D cellinfo: 46 bytes from 54.197.223.49: icmp_seq=1518 ttl=37 time=135 ms
08-12 10:56:16.234 11752 11809 D cellinfo: 46 bytes from 54.197.223.49: icmp_seq=1519 ttl=37 time=140 ms
08-12 10:56:16.428 11752 11809 D cellinfo: 46 bytes from 54.197.223.49: icmp_seq=1520 ttl=37 time=134 ms
08-12 10:56:16.634 11752 11809 D cellinfo: 46 bytes from 54.197.223.49: icmp_seq=1521 ttl=37 time=139 ms
08-12 10:56:16.838 11752 11809 D cellinfo: 46 bytes from 54.197.223.49: icmp_seq=1522 ttl=37 time=143 ms
08-12 10:56:17.034 11752 11809 D cellinfo: 46 bytes from 54.197.223.49: icmp_seq=1523 ttl=37 time=138 ms
08-12 10:56:17.229 11752 11809 D cellinfo: 46 bytes from 54.197.223.49: icmp_seq=1524 ttl=37 time=133 ms
08-12 10:56:17.434 11752 11809 D cellinfo: 46 bytes from 54.197.223.49: icmp_seq=1525 ttl=37 time=137 ms
08-12 10:56:17.669 11752 11809 D cellinfo: 46 bytes from 54.197.223.49: icmp_seq=1526 ttl=37 time=171 ms
08-12 10:56:17.834 11752 11809 D cellinfo: 46 bytes from 54.197.223.49: icmp_seq=1527 ttl=37 time=136 ms
08-12 10:56:17.949 11752 11752 D cellinfo: Latitude is 41.2604732
08-12 10:56:17.950 11752 11752 D cellinfo: Longitude is -95.8157256
08-12 10:56:17.950 11752 11752 D cellinfo: Instantaneous GPS information: United States, 1601 McPherson Ave, Council Bluffs, IA 51503, USA
08-12 10:56:17.950 11752 11752 D cellinfo: getCurrentLocation() result: Location (success): 41.2604732, -95.8157256
08-12 10:56:18.030 11752 11809 D cellinfo: 46 bytes from 54.197.223.49: icmp_seq=1528 ttl=37 time=132 ms
08-12 10:56:18.361 11752 11809 D cellinfo: 46 bytes from 54.197.223.49: icmp_seq=1529 ttl=37 time=262 ms
08-12 10:56:18.428 11752 11809 D cellinfo: 46 bytes from 54.197.223.49: icmp_seq=1530 ttl=37 time=127 ms
08-12 10:56:18.429 11752 11752 D cellinfo: onCellInfoChanged: Operator:  UpdateTimestamp: 143654741 CellConnectionStatus: 1
08-12 10:56:18.429 11752 11752 D cellinfo: onCellInfoChanged: 5G-NR Cell Bands: [] ARFCN: 527202 Cell ID: 9223372036854775807 Physical Cell ID: 732 Tracking Area Code: 16777215
08-12 10:56:18.669 11752 11809 D cellinfo: 46 bytes from 54.197.223.49: icmp_seq=1531 ttl=37 time=168 ms
08-12 10:56:18.829 11752 11809 D cellinfo: 46 bytes from 54.197.223.49: icmp_seq=1532 ttl=37 time=126 ms
08-12 10:56:19.029 11752 11809 D cellinfo: 46 bytes from 54.197.223.49: icmp_seq=1533 ttl=37 time=125 ms
08-12 10:56:19.231 11752 11809 D cellinfo: 46 bytes from 54.197.223.49: icmp_seq=1534 ttl=37 time=128 ms
08-12 10:56:19.429 11752 11809 D cellinfo: 46 bytes from 54.197.223.49: icmp_seq=1535 ttl=37 time=125 ms
08-12 10:56:19.635 11752 11809 D cellinfo: 46 bytes from 54.197.223.49: icmp_seq=1536 ttl=37 time=131 ms
08-12 10:56:19.953 11752 11809 D cellinfo: 46 bytes from 54.197.223.49: icmp_seq=1537 ttl=37 time=247 ms
08-12 10:56:20.029 11752 11809 D cellinfo: 46 bytes from 54.197.223.49: icmp_seq=1538 ttl=37 time=119 ms
08-12 10:56:20.234 11752 11809 D cellinfo: 46 bytes from 54.197.223.49: icmp_seq=1539 ttl=37 time=125 ms
08-12 10:56:20.429 11752 11809 D cellinfo: 46 bytes from 54.197.223.49: icmp_seq=1540 ttl=37 time=118 ms
08-12 10:56:20.636 11752 11809 D cellinfo: 46 bytes from 54.197.223.49: icmp_seq=1541 ttl=37 time=125 ms
08-12 10:56:20.829 11752 11809 D cellinfo: 46 bytes from 54.197.223.49: icmp_seq=1542 ttl=37 time=117 ms
08-12 10:56:20.953 11752 11752 D cellinfo: Latitude is 41.2604732
08-12 10:56:20.953 11752 11752 D cellinfo: Longitude is -95.8157256
08-12 10:56:20.953 11752 11752 D cellinfo: Instantaneous GPS information: United States, 1601 McPherson Ave, Council Bluffs, IA 51503, USA
08-12 10:56:20.953 11752 11752 D cellinfo: getCurrentLocation() result: Location (success): 41.2604732, -95.8157256
08-12 10:56:21.030 11752 11809 D cellinfo: 46 bytes from 54.197.223.49: icmp_seq=1543 ttl=37 time=118 ms
08-12 10:56:21.059 11752 11752 D cellinfo: onsignalStrengthsChanged: LTE Signal Strength info: rsrp: -98 rsrq: -13 rssi: -67 rssnr: -2
08-12 10:56:21.059 11752 11752 D cellinfo: onsignalStrengthsChanged: 5G-NR Signal Strength info: ssrsrp: -99 ssrsrq: -11 sssinr: 18
08-12 10:56:21.229 11752 11809 D cellinfo: 46 bytes from 54.197.223.49: icmp_seq=1544 ttl=37 time=117 ms
08-12 10:56:21.468 11752 11809 D cellinfo: 46 bytes from 54.197.223.49: icmp_seq=1545 ttl=37 time=156 ms
08-12 10:56:21.671 11752 11809 D cellinfo: 46 bytes from 54.197.223.49: icmp_seq=1546 ttl=37 time=159 ms
08-12 10:56:21.878 11752 11809 D cellinfo: 46 bytes from 54.197.223.49: icmp_seq=1547 ttl=37 time=165 ms
08-12 10:56:22.073 11752 11809 D cellinfo: 46 bytes from 54.197.223.49: icmp_seq=1548 ttl=37 time=158 ms
08-12 10:56:22.268 11752 11809 D cellinfo: 46 bytes from 54.197.223.49: icmp_seq=1549 ttl=37 time=154 ms
08-12 10:56:22.473 11752 11809 D cellinfo: 46 bytes from 54.197.223.49: icmp_seq=1550 ttl=37 time=159 ms
08-12 10:56:22.638 11752 11809 D cellinfo: 46 bytes from 54.197.223.49: icmp_seq=1551 ttl=37 time=123 ms
08-12 10:56:22.873 11752 11809 D cellinfo: 46 bytes from 54.197.223.49: icmp_seq=1552 ttl=37 time=158 ms
08-12 10:56:23.071 11752 11809 D cellinfo: 46 bytes from 54.197.223.49: icmp_seq=1553 ttl=37 time=155 ms
08-12 10:56:23.273 11752 11809 D cellinfo: 46 bytes from 54.197.223.49: icmp_seq=1554 ttl=37 time=157 ms
08-12 10:56:23.471 11752 11809 D cellinfo: 46 bytes from 54.197.223.49: icmp_seq=1555 ttl=37 time=155 ms
08-12 10:56:23.673 11752 11809 D cellinfo: 46 bytes from 54.197.223.49: icmp_seq=1556 ttl=37 time=156 ms
08-12 10:56:23.872 11752 11809 D cellinfo: 46 bytes from 54.197.223.49: icmp_seq=1557 ttl=37 time=154 ms
08-12 10:56:23.958 11752 11752 D cellinfo: Latitude is 41.2604732
08-12 10:56:23.958 11752 11752 D cellinfo: Longitude is -95.8157256
08-12 10:56:23.958 11752 11752 D cellinfo: Instantaneous GPS information: United States, 1601 McPherson Ave, Council Bluffs, IA 51503, USA
08-12 10:56:23.958 11752 11752 D cellinfo: getCurrentLocation() result: Location (success): 41.2604732, -95.8157256
08-12 10:56:24.074 11752 11809 D cellinfo: 46 bytes from 54.197.223.49: icmp_seq=1558 ttl=37 time=154 ms
08-12 10:56:24.238 11752 11809 D cellinfo: 46 bytes from 54.197.223.49: icmp_seq=1559 ttl=37 time=119 ms
08-12 10:56:24.333 11752 11752 D cellinfo: onCellInfoChanged: Operator:  UpdateTimestamp: 143660647 CellConnectionStatus: 1
08-12 10:56:24.333 11752 11752 D cellinfo: onCellInfoChanged: 5G-NR Cell Bands: [] ARFCN: 527202 Cell ID: 9223372036854775807 Physical Cell ID: 732 Tracking Area Code: 16777215
08-12 10:56:24.473 11752 11809 D cellinfo: 46 bytes from 54.197.223.49: icmp_seq=1560 ttl=37 time=154 ms
08-12 10:56:24.672 11752 11809 D cellinfo: 46 bytes from 54.197.223.49: icmp_seq=1561 ttl=37 time=151 ms
08-12 10:56:24.989 11752 11809 D cellinfo: 46 bytes from 54.197.223.49: icmp_seq=1562 ttl=37 time=269 ms
08-12 10:56:25.073 11752 11809 D cellinfo: 46 bytes from 54.197.223.49: icmp_seq=1563 ttl=37 time=147 ms
08-12 10:56:25.273 11752 11809 D cellinfo: 46 bytes from 54.197.223.49: icmp_seq=1564 ttl=37 time=148 ms
08-12 10:56:25.472 11752 11809 D cellinfo: 46 bytes from 54.197.223.49: icmp_seq=1565 ttl=37 time=147 ms
08-12 10:56:25.673 11752 11809 D cellinfo: 46 bytes from 54.197.223.49: icmp_seq=1566 ttl=37 time=146 ms
08-12 10:56:25.871 11752 11809 D cellinfo: 46 bytes from 54.197.223.49: icmp_seq=1567 ttl=37 time=144 ms
08-12 10:56:26.188 11752 11809 D cellinfo: 46 bytes from 54.197.223.49: icmp_seq=1568 ttl=37 time=260 ms
08-12 10:56:26.262 11752 11752 D cellinfo: onsignalStrengthsChanged: LTE Signal Strength info: rsrp: -102 rsrq: -7 rssi: -77 rssnr: 8
08-12 10:56:26.262 11752 11752 D cellinfo: onsignalStrengthsChanged: 5G-NR Signal Strength info: ssrsrp: -97 ssrsrq: -11 sssinr: 13
08-12 10:56:26.269 11752 11809 D cellinfo: 46 bytes from 54.197.223.49: icmp_seq=1569 ttl=37 time=140 ms
08-12 10:56:26.474 11752 11809 D cellinfo: 46 bytes from 54.197.223.49: icmp_seq=1570 ttl=37 time=143 ms
08-12 10:56:26.668 11752 11809 D cellinfo: 46 bytes from 54.197.223.49: icmp_seq=1571 ttl=37 time=137 ms
08-12 10:56:26.873 11752 11809 D cellinfo: 46 bytes from 54.197.223.49: icmp_seq=1572 ttl=37 time=140 ms
08-12 10:56:27.118 11752 11809 D cellinfo: 46 bytes from 54.197.223.49: icmp_seq=1573 ttl=37 time=185 ms
08-12 10:56:27.268 11752 11809 D cellinfo: 46 bytes from 54.197.223.49: icmp_seq=1574 ttl=37 time=135 ms
08-12 10:56:27.558 11752 11809 D cellinfo: 46 bytes from 54.197.223.49: icmp_seq=1575 ttl=37 time=224 ms
08-12 10:56:27.799 11752 11809 D cellinfo: 46 bytes from 54.197.223.49: icmp_seq=1576 ttl=37 time=262 ms
08-12 10:56:27.869 11752 11809 D cellinfo: 46 bytes from 54.197.223.49: icmp_seq=1577 ttl=37 time=130 ms
08-12 10:56:28.033 11752 11752 D cellinfo: Latitude is 41.2609558
08-12 10:56:28.033 11752 11752 D cellinfo: Longitude is -95.8161325
08-12 10:56:28.033 11752 11752 D cellinfo: Instantaneous GPS information: United States, 1601 McPherson Ave, Council Bluffs, IA 51503, USA
08-12 10:56:28.033 11752 11752 D cellinfo: getCurrentLocation() result: Location (success): 41.2609558, -95.8161325
08-12 10:56:28.068 11752 11809 D cellinfo: 46 bytes from 54.197.223.49: icmp_seq=1578 ttl=37 time=129 ms
08-12 10:56:28.268 11752 11809 D cellinfo: 46 bytes from 54.197.223.49: icmp_seq=1579 ttl=37 time=129 ms
08-12 10:56:28.470 11752 11809 D cellinfo: 46 bytes from 54.197.223.49: icmp_seq=1580 ttl=37 time=131 ms
08-12 10:56:28.669 11752 11809 D cellinfo: 46 bytes from 54.197.223.49: icmp_seq=1581 ttl=37 time=128 ms
08-12 10:56:28.872 11752 11809 D cellinfo: 46 bytes from 54.197.223.49: icmp_seq=1582 ttl=37 time=132 ms
08-12 10:56:29.071 11752 11809 D cellinfo: 46 bytes from 54.197.223.49: icmp_seq=1583 ttl=37 time=129 ms
08-12 10:56:29.273 11752 11809 D cellinfo: 46 bytes from 54.197.223.49: icmp_seq=1584 ttl=37 time=132 ms
08-12 10:56:29.476 11752 11809 D cellinfo: 46 bytes from 54.197.223.49: icmp_seq=1585 ttl=37 time=134 ms
08-12 10:56:29.708 11752 11809 D cellinfo: 46 bytes from 54.197.223.49: icmp_seq=1586 ttl=37 time=165 ms
08-12 10:56:29.961 11752 11752 D cellinfo: Latitude is 41.2609558
08-12 10:56:29.961 11752 11752 D cellinfo: Longitude is -95.8161325
08-12 10:56:29.962 11752 11752 D cellinfo: Instantaneous GPS information: United States, 1601 McPherson Ave, Council Bluffs, IA 51503, USA
08-12 10:56:29.962 11752 11752 D cellinfo: getCurrentLocation() result: Location (success): 41.2609558, -95.8161325
08-12 10:56:30.028 11752 11809 D cellinfo: 46 bytes from 54.197.223.49: icmp_seq=1587 ttl=37 time=285 ms
08-12 10:56:30.068 11752 11809 D cellinfo: 46 bytes from 54.197.223.49: icmp_seq=1588 ttl=37 time=123 ms
08-12 10:56:30.269 11752 11809 D cellinfo: 46 bytes from 54.197.223.49: icmp_seq=1589 ttl=37 time=124 ms
08-12 10:56:30.337 11752 11752 D cellinfo: onCellInfoChanged: Operator:  UpdateTimestamp: 143666652 CellConnectionStatus: 1
08-12 10:56:30.337 11752 11752 D cellinfo: onCellInfoChanged: 5G-NR Cell Bands: [] ARFCN: 527202 Cell ID: 9223372036854775807 Physical Cell ID: 732 Tracking Area Code: 16777215
08-12 10:56:30.349 11752 11752 D cellinfo: onsignalStrengthsChanged: LTE Signal Strength info: rsrp: -111 rsrq: -11 rssi: -81 rssnr: 2
08-12 10:56:30.350 11752 11752 D cellinfo: onsignalStrengthsChanged: 5G-NR Signal Strength info: ssrsrp: -100 ssrsrq: -11 sssinr: 15
08-12 10:56:30.476 11752 11809 D cellinfo: 46 bytes from 54.197.223.49: icmp_seq=1590 ttl=37 time=131 ms
08-12 10:56:30.677 11752 11809 D cellinfo: 46 bytes from 54.197.223.49: icmp_seq=1591 ttl=37 time=131 ms
08-12 10:56:30.878 11752 11809 D cellinfo: 46 bytes from 54.197.223.49: icmp_seq=1592 ttl=37 time=131 ms
08-12 10:56:31.077 11752 11809 D cellinfo: 46 bytes from 54.197.223.49: icmp_seq=1593 ttl=37 time=129 ms
08-12 10:56:31.313 11752 11809 D cellinfo: 46 bytes from 54.197.223.49: icmp_seq=1594 ttl=37 time=167 ms
08-12 10:56:31.477 11752 11809 D cellinfo: 46 bytes from 54.197.223.49: icmp_seq=1595 ttl=37 time=130 ms
08-12 10:56:31.669 11752 11809 D cellinfo: 46 bytes from 54.197.223.49: icmp_seq=1596 ttl=37 time=120 ms
08-12 10:56:31.868 11752 11809 D cellinfo: 46 bytes from 54.197.223.49: icmp_seq=1597 ttl=37 time=119 ms
08-12 10:56:32.079 11752 11809 D cellinfo: 46 bytes from 54.197.223.49: icmp_seq=1598 ttl=37 time=129 ms
08-12 10:56:32.269 11752 11809 D cellinfo: 46 bytes from 54.197.223.49: icmp_seq=1599 ttl=37 time=119 ms
08-12 10:56:32.476 11752 11809 D cellinfo: 46 bytes from 54.197.223.49: icmp_seq=1600 ttl=37 time=126 ms
08-12 10:56:32.669 11752 11809 D cellinfo: 46 bytes from 54.197.223.49: icmp_seq=1601 ttl=37 time=118 ms
08-12 10:56:32.868 11752 11809 D cellinfo: 46 bytes from 54.197.223.49: icmp_seq=1602 ttl=37 time=116 ms
08-12 10:56:32.954 11752 11752 D cellinfo: Latitude is 41.2609558
08-12 10:56:32.954 11752 11752 D cellinfo: Longitude is -95.8161325
08-12 10:56:32.954 11752 11752 D cellinfo: Instantaneous GPS information: United States, 1601 McPherson Ave, Council Bluffs, IA 51503, USA
08-12 10:56:32.954 11752 11752 D cellinfo: getCurrentLocation() result: Location (success): 41.2609558, -95.8161325
08-12 10:56:33.324 11752 11809 D cellinfo: 46 bytes from 54.197.223.49: icmp_seq=1603 ttl=37 time=370 ms
08-12 10:56:33.324 11752 11809 D cellinfo: 46 bytes from 54.197.223.49: icmp_seq=1604 ttl=37 time=167 ms
08-12 10:56:33.553 11752 11809 D cellinfo: 46 bytes from 54.197.223.49: icmp_seq=1605 ttl=37 time=195 ms
08-12 10:56:33.719 11752 11809 D cellinfo: 46 bytes from 54.197.223.49: icmp_seq=1606 ttl=37 time=153 ms
08-12 10:56:33.918 11752 11809 D cellinfo: 46 bytes from 54.197.223.49: icmp_seq=1607 ttl=37 time=159 ms
08-12 10:56:34.269 11752 11809 D cellinfo: 46 bytes from 54.197.223.49: icmp_seq=1608 ttl=37 time=309 ms
08-12 10:56:34.309 11752 11809 D cellinfo: 46 bytes from 54.197.223.49: icmp_seq=1609 ttl=37 time=147 ms
08-12 10:56:34.588 11752 11809 D cellinfo: 46 bytes from 54.197.223.49: icmp_seq=1610 ttl=37 time=226 ms
08-12 10:56:34.713 11752 11809 D cellinfo: 46 bytes from 54.197.223.49: icmp_seq=1611 ttl=37 time=148 ms
08-12 10:56:34.916 11752 11809 D cellinfo: 46 bytes from 54.197.223.49: icmp_seq=1612 ttl=37 time=150 ms
08-12 10:56:35.117 11752 11809 D cellinfo: 46 bytes from 54.197.223.49: icmp_seq=1613 ttl=37 time=150 ms
08-12 10:56:35.308 11752 11809 D cellinfo: 46 bytes from 54.197.223.49: icmp_seq=1614 ttl=37 time=142 ms
08-12 10:56:35.517 11752 11809 D cellinfo: 46 bytes from 54.197.223.49: icmp_seq=1615 ttl=37 time=151 ms
08-12 10:56:35.712 11752 11809 D cellinfo: 46 bytes from 54.197.223.49: icmp_seq=1616 ttl=37 time=144 ms
08-12 10:56:35.908 11752 11809 D cellinfo: 46 bytes from 54.197.223.49: icmp_seq=1617 ttl=37 time=140 ms
08-12 10:56:35.955 11752 11752 D cellinfo: Latitude is 41.2609558
08-12 10:56:35.955 11752 11752 D cellinfo: Longitude is -95.8161325
08-12 10:56:35.955 11752 11752 D cellinfo: Instantaneous GPS information: United States, 1601 McPherson Ave, Council Bluffs, IA 51503, USA
08-12 10:56:35.955 11752 11752 D cellinfo: getCurrentLocation() result: Location (success): 41.2609558, -95.8161325
08-12 10:56:36.124 11752 11809 D cellinfo: 46 bytes from 54.197.223.49: icmp_seq=1618 ttl=37 time=155 ms
08-12 10:56:36.316 11752 11809 D cellinfo: 46 bytes from 54.197.223.49: icmp_seq=1619 ttl=37 time=148 ms
08-12 10:56:36.335 11752 11752 D cellinfo: onCellInfoChanged: Operator:  UpdateTimestamp: 143672640 CellConnectionStatus: 1
08-12 10:56:36.335 11752 11752 D cellinfo: onCellInfoChanged: 5G-NR Cell Bands: [] ARFCN: 527202 Cell ID: 9223372036854775807 Physical Cell ID: 732 Tracking Area Code: 16777215
08-12 10:56:36.516 11752 11809 D cellinfo: 46 bytes from 54.197.223.49: icmp_seq=1620 ttl=37 time=148 ms
08-12 10:56:36.626 11752 11752 D cellinfo: onsignalStrengthsChanged: LTE Signal Strength info: rsrp: -107 rsrq: -9 rssi: -79 rssnr: 10
08-12 10:56:36.626 11752 11752 D cellinfo: onsignalStrengthsChanged: 5G-NR Signal Strength info: ssrsrp: -99 ssrsrq: -10 sssinr: 12
08-12 10:56:36.829 11752 11809 D cellinfo: 46 bytes from 54.197.223.49: icmp_seq=1621 ttl=37 time=259 ms
08-12 10:56:36.960 11752 11809 D cellinfo: 46 bytes from 54.197.223.49: icmp_seq=1622 ttl=37 time=183 ms
08-12 10:56:37.151 11752 11809 D cellinfo: 46 bytes from 54.197.223.49: icmp_seq=1623 ttl=37 time=173 ms
08-12 10:56:37.312 11752 11809 D cellinfo: 46 bytes from 54.197.223.49: icmp_seq=1624 ttl=37 time=134 ms
08-12 10:56:37.514 11752 11809 D cellinfo: 46 bytes from 54.197.223.49: icmp_seq=1625 ttl=37 time=134 ms
08-12 10:56:37.869 11752 11809 D cellinfo: 46 bytes from 54.197.223.49: icmp_seq=1626 ttl=37 time=290 ms
08-12 10:56:37.909 11752 11809 D cellinfo: 46 bytes from 54.197.223.49: icmp_seq=1627 ttl=37 time=127 ms
08-12 10:56:38.108 11752 11809 D cellinfo: 46 bytes from 54.197.223.49: icmp_seq=1628 ttl=37 time=126 ms
08-12 10:56:38.313 11752 11809 D cellinfo: 46 bytes from 54.197.223.49: icmp_seq=1629 ttl=37 time=131 ms
08-12 10:56:38.512 11752 11809 D cellinfo: 46 bytes from 54.197.223.49: icmp_seq=1630 ttl=37 time=129 ms
08-12 10:56:38.709 11752 11809 D cellinfo: 46 bytes from 54.197.223.49: icmp_seq=1631 ttl=37 time=126 ms
08-12 10:56:39.068 11752 11809 D cellinfo: 46 bytes from 54.197.223.49: icmp_seq=1632 ttl=37 time=284 ms
08-12 10:56:39.147 11752 11809 D cellinfo: 46 bytes from 54.197.223.49: icmp_seq=1633 ttl=37 time=163 ms
08-12 10:56:39.314 11752 11809 D cellinfo: 46 bytes from 54.197.223.49: icmp_seq=1634 ttl=37 time=129 ms
08-12 10:56:39.511 11752 11809 D cellinfo: 46 bytes from 54.197.223.49: icmp_seq=1635 ttl=37 time=125 ms
08-12 10:56:39.711 11752 11809 D cellinfo: 46 bytes from 54.197.223.49: icmp_seq=1636 ttl=37 time=124 ms
08-12 10:56:39.878 11752 11752 D cellinfo: Latitude is 41.2609567
08-12 10:56:39.878 11752 11752 D cellinfo: Longitude is -95.8173026
08-12 10:56:39.878 11752 11752 D cellinfo: Instantaneous GPS information: United States, 400 Gleason Ave, Council Bluffs, IA 51503, USA
08-12 10:56:39.878 11752 11752 D cellinfo: getCurrentLocation() result: Location (success): 41.2609567, -95.8173026
08-12 10:56:39.883 11752 11752 D cellinfo: onsignalStrengthsChanged: LTE Signal Strength info: rsrp: -112 rsrq: -12 rssi: -79 rssnr: 4
08-12 10:56:39.883 11752 11752 D cellinfo: onsignalStrengthsChanged: 5G-NR Signal Strength info: ssrsrp: -101 ssrsrq: -11 sssinr: 4
08-12 10:56:39.919 11752 11809 D cellinfo: 46 bytes from 54.197.223.49: icmp_seq=1637 ttl=37 time=131 ms
08-12 10:56:40.117 11752 11809 D cellinfo: 46 bytes from 54.197.223.49: icmp_seq=1638 ttl=37 time=129 ms
08-12 10:56:40.316 11752 11809 D cellinfo: 46 bytes from 54.197.223.49: icmp_seq=1639 ttl=37 time=128 ms
08-12 10:56:40.554 11752 11809 D cellinfo: 46 bytes from 54.197.223.49: icmp_seq=1640 ttl=37 time=164 ms
08-12 10:56:40.752 11752 11809 D cellinfo: 46 bytes from 54.197.223.49: icmp_seq=1641 ttl=37 time=160 ms
08-12 10:56:40.951 11752 11809 D cellinfo: 46 bytes from 54.197.223.49: icmp_seq=1642 ttl=37 time=159 ms
08-12 10:56:41.152 11752 11809 D cellinfo: 46 bytes from 54.197.223.49: icmp_seq=1643 ttl=37 time=158 ms
08-12 10:56:41.469 11752 11809 D cellinfo: 46 bytes from 54.197.223.49: icmp_seq=1644 ttl=37 time=275 ms
08-12 10:56:41.555 11752 11809 D cellinfo: 46 bytes from 54.197.223.49: icmp_seq=1645 ttl=37 time=157 ms
08-12 10:56:41.753 11752 11809 D cellinfo: 46 bytes from 54.197.223.49: icmp_seq=1646 ttl=37 time=155 ms
08-12 10:56:41.948 11752 11809 D cellinfo: 46 bytes from 54.197.223.49: icmp_seq=1647 ttl=37 time=150 ms
08-12 10:56:41.972 11752 11752 D cellinfo: Latitude is 41.2609567
08-12 10:56:41.972 11752 11752 D cellinfo: Longitude is -95.8173026
08-12 10:56:41.972 11752 11752 D cellinfo: Instantaneous GPS information: United States, 400 Gleason Ave, Council Bluffs, IA 51503, USA
08-12 10:56:41.972 11752 11752 D cellinfo: getCurrentLocation() result: Location (success): 41.2609567, -95.8173026
08-12 10:56:42.148 11752 11809 D cellinfo: 46 bytes from 54.197.223.49: icmp_seq=1648 ttl=37 time=150 ms
08-12 10:56:42.352 11752 11809 D cellinfo: 46 bytes from 54.197.223.49: icmp_seq=1649 ttl=37 time=154 ms
08-12 10:56:42.368 11752 11752 D cellinfo: onCellInfoChanged: Operator:  UpdateTimestamp: 143678682 CellConnectionStatus: 1
08-12 10:56:42.368 11752 11752 D cellinfo: onCellInfoChanged: 5G-NR Cell Bands: [] ARFCN: 527202 Cell ID: 9223372036854775807 Physical Cell ID: 732 Tracking Area Code: 16777215
08-12 10:56:42.550 11752 11809 D cellinfo: 46 bytes from 54.197.223.49: icmp_seq=1650 ttl=37 time=152 ms
08-12 10:56:42.753 11752 11809 D cellinfo: 46 bytes from 54.197.223.49: icmp_seq=1651 ttl=37 time=153 ms
08-12 10:56:42.957 11752 11809 D cellinfo: 46 bytes from 54.197.223.49: icmp_seq=1652 ttl=37 time=157 ms
08-12 10:56:43.150 11752 11809 D cellinfo: 46 bytes from 54.197.223.49: icmp_seq=1653 ttl=37 time=149 ms
08-12 10:56:43.353 11752 11809 D cellinfo: 46 bytes from 54.197.223.49: icmp_seq=1654 ttl=37 time=154 ms
08-12 10:56:43.707 11752 11809 D cellinfo: 46 bytes from 54.197.223.49: icmp_seq=1655 ttl=37 time=307 ms
08-12 10:56:43.748 11752 11809 D cellinfo: 46 bytes from 54.197.223.49: icmp_seq=1656 ttl=37 time=143 ms
08-12 10:56:43.947 11752 11809 D cellinfo: 46 bytes from 54.197.223.49: icmp_seq=1657 ttl=37 time=142 ms
08-12 10:56:44.148 11752 11809 D cellinfo: 46 bytes from 54.197.223.49: icmp_seq=1658 ttl=37 time=142 ms
08-12 10:56:44.358 11752 11809 D cellinfo: 46 bytes from 54.197.223.49: icmp_seq=1659 ttl=37 time=151 ms
08-12 10:56:44.553 11752 11809 D cellinfo: 46 bytes from 54.197.223.49: icmp_seq=1660 ttl=37 time=145 ms
08-12 10:56:44.758 11752 11809 D cellinfo: 46 bytes from 54.197.223.49: icmp_seq=1661 ttl=37 time=151 ms
08-12 10:56:44.942 11752 11752 D cellinfo: Latitude is 41.2609567
08-12 10:56:44.942 11752 11752 D cellinfo: Longitude is -95.8173026
08-12 10:56:44.942 11752 11752 D cellinfo: Instantaneous GPS information: United States, 400 Gleason Ave, Council Bluffs, IA 51503, USA
08-12 10:56:44.942 11752 11752 D cellinfo: getCurrentLocation() result: Location (success): 41.2609567, -95.8173026
08-12 10:56:44.953 11752 11809 D cellinfo: 46 bytes from 54.197.223.49: icmp_seq=1662 ttl=37 time=144 ms
08-12 10:56:45.395 11752 11809 D cellinfo: 46 bytes from 54.197.223.49: icmp_seq=1663 ttl=37 time=386 ms
08-12 10:56:45.397 11752 11809 D cellinfo: 46 bytes from 54.197.223.49: icmp_seq=1664 ttl=37 time=186 ms
08-12 10:56:45.552 11752 11809 D cellinfo: 46 bytes from 54.197.223.49: icmp_seq=1665 ttl=37 time=141 ms
08-12 10:56:45.764 11752 11809 D cellinfo: 46 bytes from 54.197.223.49: icmp_seq=1666 ttl=37 time=152 ms
08-12 10:56:45.866 11752 11752 D cellinfo: onsignalStrengthsChanged: LTE Signal Strength info: rsrp: -104 rsrq: -6 rssi: -79 rssnr: 13
08-12 10:56:45.866 11752 11752 D cellinfo: onsignalStrengthsChanged: 5G-NR Signal Strength info: ssrsrp: -100 ssrsrq: -10 sssinr: 16
08-12 10:56:45.988 11752 11809 D cellinfo: 46 bytes from 54.197.223.49: icmp_seq=1667 ttl=37 time=175 ms
08-12 10:56:46.274 11752 11809 D cellinfo: 46 bytes from 54.197.223.49: icmp_seq=1668 ttl=37 time=260 ms
08-12 10:56:46.361 11752 11809 D cellinfo: 46 bytes from 54.197.223.49: icmp_seq=1669 ttl=37 time=140 ms
08-12 10:56:46.592 11752 11809 D cellinfo: 46 bytes from 54.197.223.49: icmp_seq=1670 ttl=37 time=170 ms
08-12 10:56:46.762 11752 11809 D cellinfo: 46 bytes from 54.197.223.49: icmp_seq=1671 ttl=37 time=140 ms
08-12 10:56:46.957 11752 11809 D cellinfo: 46 bytes from 54.197.223.49: icmp_seq=1672 ttl=37 time=134 ms
08-12 10:56:47.189 11752 11809 D cellinfo: 46 bytes from 54.197.223.49: icmp_seq=1673 ttl=37 time=165 ms
08-12 10:56:47.358 11752 11809 D cellinfo: 46 bytes from 54.197.223.49: icmp_seq=1674 ttl=37 time=134 ms
08-12 10:56:47.552 11752 11809 D cellinfo: 46 bytes from 54.197.223.49: icmp_seq=1675 ttl=37 time=127 ms
08-12 10:56:47.751 11752 11809 D cellinfo: 46 bytes from 54.197.223.49: icmp_seq=1676 ttl=37 time=125 ms
08-12 10:56:47.942 11752 11752 D cellinfo: Latitude is 41.2609567
08-12 10:56:47.942 11752 11752 D cellinfo: Longitude is -95.8173026
08-12 10:56:47.942 11752 11752 D cellinfo: Instantaneous GPS information: United States, 400 Gleason Ave, Council Bluffs, IA 51503, USA
08-12 10:56:47.942 11752 11752 D cellinfo: getCurrentLocation() result: Location (success): 41.2609567, -95.8173026
08-12 10:56:47.948 11752 11809 D cellinfo: 46 bytes from 54.197.223.49: icmp_seq=1677 ttl=37 time=121 ms
08-12 10:56:48.188 11752 11809 D cellinfo: 46 bytes from 54.197.223.49: icmp_seq=1678 ttl=37 time=160 ms
08-12 10:56:48.398 11752 11809 D cellinfo: 46 bytes from 54.197.223.49: icmp_seq=1679 ttl=37 time=170 ms
08-12 10:56:48.564 11752 11809 D cellinfo: 46 bytes from 54.197.223.49: icmp_seq=1680 ttl=37 time=135 ms
08-12 10:56:48.754 11752 11809 D cellinfo: 46 bytes from 54.197.223.49: icmp_seq=1681 ttl=37 time=124 ms
08-12 10:56:49.060 11752 11809 D cellinfo: 46 bytes from 54.197.223.49: icmp_seq=1682 ttl=37 time=228 ms
08-12 10:56:49.175 11752 11809 D cellinfo: 46 bytes from 54.197.223.49: icmp_seq=1683 ttl=37 time=142 ms
08-12 10:56:49.240 11752 11752 D cellinfo: onCellInfoChanged: Operator:  UpdateTimestamp: 143685557 CellConnectionStatus: 1
08-12 10:56:49.241 11752 11752 D cellinfo: onCellInfoChanged: 5G-NR Cell Bands: [] ARFCN: 527202 Cell ID: 9223372036854775807 Physical Cell ID: 732 Tracking Area Code: 16777215
08-12 10:56:49.394 11752 11809 D cellinfo: 46 bytes from 54.197.223.49: icmp_seq=1684 ttl=37 time=160 ms
08-12 10:56:49.569 11752 11809 D cellinfo: 46 bytes from 54.197.223.49: icmp_seq=1685 ttl=37 time=135 ms
08-12 10:56:49.760 11752 11809 D cellinfo: 46 bytes from 54.197.223.49: icmp_seq=1686 ttl=37 time=124 ms
08-12 10:56:49.958 11752 11809 D cellinfo: 46 bytes from 54.197.223.49: icmp_seq=1687 ttl=37 time=121 ms
08-12 10:56:50.159 11752 11809 D cellinfo: 46 bytes from 54.197.223.49: icmp_seq=1688 ttl=37 time=122 ms
08-12 10:56:50.351 11752 11809 D cellinfo: 46 bytes from 54.197.223.49: icmp_seq=1689 ttl=37 time=112 ms
08-12 10:56:50.590 11752 11809 D cellinfo: 46 bytes from 54.197.223.49: icmp_seq=1690 ttl=37 time=151 ms
08-12 10:56:50.789 11752 11809 D cellinfo: 46 bytes from 54.197.223.49: icmp_seq=1691 ttl=37 time=148 ms
08-12 10:56:50.990 11752 11809 D cellinfo: 46 bytes from 54.197.223.49: icmp_seq=1692 ttl=37 time=149 ms
08-12 10:56:51.194 11752 11809 D cellinfo: 46 bytes from 54.197.223.49: icmp_seq=1693 ttl=37 time=151 ms
08-12 10:56:51.389 11752 11809 D cellinfo: 46 bytes from 54.197.223.49: icmp_seq=1694 ttl=37 time=146 ms
08-12 10:56:51.594 11752 11809 D cellinfo: 46 bytes from 54.197.223.49: icmp_seq=1695 ttl=37 time=150 ms
08-12 10:56:51.789 11752 11809 D cellinfo: 46 bytes from 54.197.223.49: icmp_seq=1696 ttl=37 time=144 ms
08-12 10:56:51.867 11752 11752 D cellinfo: onsignalStrengthsChanged: LTE Signal Strength info: rsrp: -98 rsrq: -5 rssi: -73 rssnr: 12
08-12 10:56:51.867 11752 11752 D cellinfo: onsignalStrengthsChanged: 5G-NR Signal Strength info: ssrsrp: -99 ssrsrq: -10 sssinr: 18
08-12 10:56:51.988 11752 11809 D cellinfo: 46 bytes from 54.197.223.49: icmp_seq=1697 ttl=37 time=141 ms
08-12 10:56:52.189 11752 11809 D cellinfo: 46 bytes from 54.197.223.49: icmp_seq=1698 ttl=37 time=141 ms
08-12 10:56:52.369 11752 11809 D cellinfo: 46 bytes from 54.197.223.49: icmp_seq=1699 ttl=37 time=119 ms
08-12 10:56:52.589 11752 11809 D cellinfo: 46 bytes from 54.197.223.49: icmp_seq=1700 ttl=37 time=137 ms
08-12 10:56:52.915 11752 11809 D cellinfo: 46 bytes from 54.197.223.49: icmp_seq=1701 ttl=37 time=263 ms
08-12 10:56:52.989 11752 11809 D cellinfo: 46 bytes from 54.197.223.49: icmp_seq=1702 ttl=37 time=135 ms
08-12 10:56:53.192 11752 11809 D cellinfo: 46 bytes from 54.197.223.49: icmp_seq=1703 ttl=37 time=138 ms
08-12 10:56:53.389 11752 11809 D cellinfo: 46 bytes from 54.197.223.49: icmp_seq=1704 ttl=37 time=134 ms
08-12 10:56:53.596 11752 11809 D cellinfo: 46 bytes from 54.197.223.49: icmp_seq=1705 ttl=37 time=141 ms
08-12 10:56:53.792 11752 11809 D cellinfo: 46 bytes from 54.197.223.49: icmp_seq=1706 ttl=37 time=136 ms
08-12 10:56:53.998 11752 11809 D cellinfo: 46 bytes from 54.197.223.49: icmp_seq=1707 ttl=37 time=141 ms
08-12 10:56:54.191 11752 11809 D cellinfo: 46 bytes from 54.197.223.49: icmp_seq=1708 ttl=37 time=133 ms
08-12 10:56:54.390 11752 11809 D cellinfo: 46 bytes from 54.197.223.49: icmp_seq=1709 ttl=37 time=129 ms
08-12 10:56:54.589 11752 11809 D cellinfo: 46 bytes from 54.197.223.49: icmp_seq=1710 ttl=37 time=129 ms
08-12 10:56:54.792 11752 11809 D cellinfo: 46 bytes from 54.197.223.49: icmp_seq=1711 ttl=37 time=131 ms
08-12 10:56:54.981 11752 11752 D cellinfo: onsignalStrengthsChanged: LTE Signal Strength info: rsrp: -109 rsrq: -11 rssi: -79 rssnr: 10
08-12 10:56:54.981 11752 11752 D cellinfo: onsignalStrengthsChanged: 5G-NR Signal Strength info: ssrsrp: -98 ssrsrq: -10 sssinr: 30
08-12 10:56:54.991 11752 11809 D cellinfo: 46 bytes from 54.197.223.49: icmp_seq=1712 ttl=37 time=127 ms
08-12 10:56:55.197 11752 11809 D cellinfo: 46 bytes from 54.197.223.49: icmp_seq=1713 ttl=37 time=135 ms
08-12 10:56:55.399 11752 11809 D cellinfo: 46 bytes from 54.197.223.49: icmp_seq=1714 ttl=37 time=137 ms
08-12 10:56:55.590 11752 11809 D cellinfo: 46 bytes from 54.197.223.49: icmp_seq=1715 ttl=37 time=127 ms
08-12 10:56:55.781 11752 11809 D cellinfo: 46 bytes from 54.197.223.49: icmp_seq=1716 ttl=37 time=117 ms
08-12 10:56:56.000 11752 11809 D cellinfo: 46 bytes from 54.197.223.49: icmp_seq=1717 ttl=37 time=136 ms
08-12 10:56:56.202 11752 11809 D cellinfo: 46 bytes from 54.197.223.49: icmp_seq=1718 ttl=37 time=137 ms
08-12 10:56:56.436 11752 11809 D cellinfo: 46 bytes from 54.197.223.49: icmp_seq=1719 ttl=37 time=170 ms
08-12 10:56:56.611 11752 11809 D cellinfo: 46 bytes from 54.197.223.49: icmp_seq=1720 ttl=37 time=145 ms
08-12 10:56:56.818 11752 11809 D cellinfo: 46 bytes from 54.197.223.49: icmp_seq=1721 ttl=37 time=151 ms
08-12 10:56:57.015 11752 11809 D cellinfo: 46 bytes from 54.197.223.49: icmp_seq=1722 ttl=37 time=147 ms
08-12 10:56:57.026 11752 11752 D cellinfo: onServiceStateChanged: Channel Number: 1123 Cell Bandwidths: [15000, 20000, 80000]
08-12 10:56:57.247 11752 11809 D cellinfo: 46 bytes from 54.197.223.49: icmp_seq=1723 ttl=37 time=179 ms
08-12 10:56:57.439 11752 11809 D cellinfo: 46 bytes from 54.197.223.49: icmp_seq=1724 ttl=37 time=171 ms
08-12 10:56:57.661 11752 11809 D cellinfo: 46 bytes from 54.197.223.49: icmp_seq=1725 ttl=37 time=189 ms
08-12 10:56:57.850 11752 11809 D cellinfo: 46 bytes from 54.197.223.49: icmp_seq=1726 ttl=37 time=180 ms
08-12 10:56:58.021 11752 11752 D cellinfo: onsignalStrengthsChanged: LTE Signal Strength info: rsrp: -106 rsrq: -14 rssi: -73 rssnr: 5
08-12 10:56:58.021 11752 11752 D cellinfo: onsignalStrengthsChanged: 5G-NR Signal Strength info: ssrsrp: -103 ssrsrq: -10 sssinr: 16
08-12 10:56:58.105 11752 11809 D cellinfo: 46 bytes from 54.197.223.49: icmp_seq=1727 ttl=37 time=234 ms
08-12 10:56:58.237 11752 11809 D cellinfo: 46 bytes from 54.197.223.49: icmp_seq=1728 ttl=37 time=160 ms
08-12 10:56:58.656 11752 11809 D cellinfo: 46 bytes from 54.197.223.49: icmp_seq=1729 ttl=37 time=379 ms
08-12 10:56:58.964 11752 11809 D cellinfo: 46 bytes from 54.197.223.49: icmp_seq=1730 ttl=37 time=483 ms
08-12 10:56:59.262 11752 11809 D cellinfo: 46 bytes from 54.197.223.49: icmp_seq=1731 ttl=37 time=577 ms
08-12 10:56:59.789 11752 11809 D cellinfo: 46 bytes from 54.197.223.49: icmp_seq=1732 ttl=37 time=904 ms
08-12 10:57:00.281 11752 11809 D cellinfo: 46 bytes from 54.197.223.49: icmp_seq=1733 ttl=37 time=1195 ms
08-12 10:57:00.422 11752 11809 D cellinfo: 46 bytes from 54.197.223.49: icmp_seq=1734 ttl=37 time=1135 ms
08-12 10:57:00.562 11752 11809 D cellinfo: 46 bytes from 54.197.223.49: icmp_seq=1735 ttl=37 time=1070 ms
08-12 10:57:00.744 11752 11809 D cellinfo: 46 bytes from 54.197.223.49: icmp_seq=1736 ttl=37 time=1051 ms
08-12 10:57:00.834 11752 11809 D cellinfo: 46 bytes from 54.197.223.49: icmp_seq=1737 ttl=37 time=939 ms
08-12 10:57:00.990 11752 11809 D cellinfo: 46 bytes from 54.197.223.49: icmp_seq=1738 ttl=37 time=893 ms
08-12 10:57:01.085 11752 11809 D cellinfo: 46 bytes from 54.197.223.49: icmp_seq=1739 ttl=37 time=787 ms
08-12 10:57:01.230 11752 11809 D cellinfo: 46 bytes from 54.197.223.49: icmp_seq=1740 ttl=37 time=731 ms
08-12 10:57:01.462 11752 11809 D cellinfo: 46 bytes from 54.197.223.49: icmp_seq=1741 ttl=37 time=762 ms
08-12 10:57:01.579 11752 11809 D cellinfo: 46 bytes from 54.197.223.49: icmp_seq=1742 ttl=37 time=678 ms
08-12 10:57:02.020 11752 11752 D cellinfo: onsignalStrengthsChanged: LTE Signal Strength info: rsrp: -114 rsrq: -19 rssi: -75 rssnr: -2
08-12 10:57:02.020 11752 11752 D cellinfo: onsignalStrengthsChanged: 5G-NR Signal Strength info: ssrsrp: -108 ssrsrq: -11 sssinr: 11
08-12 10:57:02.125 11752 11809 D cellinfo: 46 bytes from 54.197.223.49: icmp_seq=1743 ttl=37 time=1024 ms
08-12 10:57:02.717 11752 11809 D cellinfo: 46 bytes from 54.197.223.49: icmp_seq=1745 ttl=37 time=1215 ms
08-12 10:57:02.907 11752 11809 D cellinfo: 46 bytes from 54.197.223.49: icmp_seq=1746 ttl=37 time=1204 ms
08-12 10:57:03.065 11752 11809 D cellinfo: 46 bytes from 54.197.223.49: icmp_seq=1747 ttl=37 time=1160 ms
08-12 10:57:03.140 11752 11809 D cellinfo: 46 bytes from 54.197.223.49: icmp_seq=1748 ttl=37 time=1032 ms
08-12 10:57:03.361 11752 11809 D cellinfo: 46 bytes from 54.197.223.49: icmp_seq=1749 ttl=37 time=1052 ms
08-12 10:57:03.650 11752 11809 D cellinfo: 46 bytes from 54.197.223.49: icmp_seq=1750 ttl=37 time=1137 ms
08-12 10:57:03.858 11752 11752 D cellinfo: onServiceStateChanged: Channel Number: 1123 Cell Bandwidths: [15000, 20000, 80000]
