08-12 16:12:28.802 18298 18357 D cellinfo: 46 bytes from 54.197.223.49: icmp_seq=1372 ttl=37 time=147 ms
08-12 16:12:28.971 18298 18357 D cellinfo: 46 bytes from 54.197.223.49: icmp_seq=1373 ttl=37 time=116 ms
08-12 16:12:29.169 18298 18357 D cellinfo: 46 bytes from 54.197.223.49: icmp_seq=1374 ttl=37 time=113 ms
08-12 16:12:29.400 18298 18357 D cellinfo: 46 bytes from 54.197.223.49: icmp_seq=1375 ttl=37 time=144 ms
08-12 16:12:29.603 18298 18357 D cellinfo: 46 bytes from 54.197.223.49: icmp_seq=1376 ttl=37 time=146 ms
08-12 16:12:29.801 18298 18357 D cellinfo: 46 bytes from 54.197.223.49: icmp_seq=1377 ttl=37 time=142 ms
08-12 16:12:29.966 18298 18357 D cellinfo: 46 bytes from 54.197.223.49: icmp_seq=1378 ttl=37 time=106 ms
08-12 16:12:30.201 18298 18357 D cellinfo: 46 bytes from 54.197.223.49: icmp_seq=1379 ttl=37 time=140 ms
08-12 16:12:30.290 18298 18298 D cellinfo: Latitude is 41.5733564
08-12 16:12:30.290 18298 18298 D cellinfo: Longitude is -93.8453267
08-12 16:12:30.290 18298 18298 D cellinfo: Instantaneous GPS information: United States, 33426 Wendover Rd, West Des Moines, IA 50266, USA
08-12 16:12:30.290 18298 18298 D cellinfo: getCurrentLocation() result: Location (success): 41.5733564, -93.8453267
08-12 16:12:30.368 18298 18357 D cellinfo: 46 bytes from 54.197.223.49: icmp_seq=1380 ttl=37 time=106 ms
08-12 16:12:30.561 18298 18357 D cellinfo: 46 bytes from 54.197.223.49: icmp_seq=1381 ttl=37 time=97.9 ms
08-12 16:12:30.585 18298 18298 D cellinfo: onCellInfoChanged: Operator:  UpdateTimestamp: 162626901 CellConnectionStatus: 1
08-12 16:12:30.585 18298 18298 D cellinfo: onCellInfoChanged: 5G-NR Cell Bands: [] ARFCN: 509202 Cell ID: 9223372036854775807 Physical Cell ID: 839 Tracking Area Code: 16777215
08-12 16:12:30.768 18298 18357 D cellinfo: 46 bytes from 54.197.223.49: icmp_seq=1382 ttl=37 time=104 ms
08-12 16:12:31.000 18298 18357 D cellinfo: 46 bytes from 54.197.223.49: icmp_seq=1383 ttl=37 time=136 ms
08-12 16:12:31.201 18298 18357 D cellinfo: 46 bytes from 54.197.223.49: icmp_seq=1384 ttl=37 time=137 ms
08-12 16:12:31.368 18298 18357 D cellinfo: 46 bytes from 54.197.223.49: icmp_seq=1385 ttl=37 time=103 ms
08-12 16:12:31.566 18298 18357 D cellinfo: 46 bytes from 54.197.223.49: icmp_seq=1386 ttl=37 time=101 ms
08-12 16:12:31.769 18298 18357 D cellinfo: 46 bytes from 54.197.223.49: icmp_seq=1387 ttl=37 time=104 ms
08-12 16:12:31.780 18298 18298 D cellinfo: onsignalStrengthsChanged: LTE Signal Strength info: rsrp: -99 rsrq: -12 rssi: -67 rssnr: 7
08-12 16:12:31.780 18298 18298 D cellinfo: onsignalStrengthsChanged: 5G-NR Signal Strength info: ssrsrp: -101 ssrsrq: -11 sssinr: -5
08-12 16:12:31.968 18298 18357 D cellinfo: 46 bytes from 54.197.223.49: icmp_seq=1388 ttl=37 time=101 ms
08-12 16:12:32.201 18298 18357 D cellinfo: 46 bytes from 54.197.223.49: icmp_seq=1389 ttl=37 time=134 ms
08-12 16:12:32.370 18298 18357 D cellinfo: 46 bytes from 54.197.223.49: icmp_seq=1390 ttl=37 time=101 ms
08-12 16:12:32.568 18298 18357 D cellinfo: 46 bytes from 54.197.223.49: icmp_seq=1391 ttl=37 time=99.5 ms
08-12 16:12:32.766 18298 18357 D cellinfo: 46 bytes from 54.197.223.49: icmp_seq=1392 ttl=37 time=96.6 ms
08-12 16:12:33.001 18298 18357 D cellinfo: 46 bytes from 54.197.223.49: icmp_seq=1393 ttl=37 time=131 ms
08-12 16:12:33.201 18298 18357 D cellinfo: 46 bytes from 54.197.223.49: icmp_seq=1394 ttl=37 time=131 ms
08-12 16:12:33.285 18298 18298 D cellinfo: Latitude is 41.5733564
08-12 16:12:33.285 18298 18298 D cellinfo: Longitude is -93.8453267
08-12 16:12:33.285 18298 18298 D cellinfo: Instantaneous GPS information: United States, 33426 Wendover Rd, West Des Moines, IA 50266, USA
08-12 16:12:33.285 18298 18298 D cellinfo: getCurrentLocation() result: Location (success): 41.5733564, -93.8453267
08-12 16:12:33.765 18298 18357 D cellinfo: 46 bytes from 54.197.223.49: icmp_seq=1395 ttl=37 time=493 ms
08-12 16:12:33.776 18298 18357 D cellinfo: 46 bytes from 54.197.223.49: icmp_seq=1396 ttl=37 time=302 ms
08-12 16:12:33.859 18298 18357 D cellinfo: 46 bytes from 54.197.223.49: icmp_seq=1397 ttl=37 time=181 ms
08-12 16:12:33.963 18298 18357 D cellinfo: 46 bytes from 54.197.223.49: icmp_seq=1398 ttl=37 time=84.9 ms
08-12 16:12:34.311 18298 18357 D cellinfo: 46 bytes from 54.197.223.49: icmp_seq=1399 ttl=37 time=232 ms
08-12 16:12:34.475 18298 18357 D cellinfo: 46 bytes from 54.197.223.49: icmp_seq=1400 ttl=37 time=193 ms
08-12 16:12:34.590 18298 18357 D cellinfo: 46 bytes from 54.197.223.49: icmp_seq=1401 ttl=37 time=109 ms
08-12 16:12:34.801 18298 18357 D cellinfo: 46 bytes from 54.197.223.49: icmp_seq=1402 ttl=37 time=117 ms
08-12 16:12:35.030 18298 18357 D cellinfo: 46 bytes from 54.197.223.49: icmp_seq=1403 ttl=37 time=148 ms
08-12 16:12:35.230 18298 18357 D cellinfo: 46 bytes from 54.197.223.49: icmp_seq=1404 ttl=37 time=147 ms
08-12 16:12:35.436 18298 18357 D cellinfo: 46 bytes from 54.197.223.49: icmp_seq=1405 ttl=37 time=153 ms
08-12 16:12:35.606 18298 18357 D cellinfo: 46 bytes from 54.197.223.49: icmp_seq=1406 ttl=37 time=122 ms
08-12 16:12:35.805 18298 18357 D cellinfo: 46 bytes from 54.197.223.49: icmp_seq=1407 ttl=37 time=120 ms
08-12 16:12:35.852 18298 18298 D cellinfo: onsignalStrengthsChanged: LTE Signal Strength info: rsrp: -88 rsrq: -12 rssi: -57 rssnr: 16
08-12 16:12:35.852 18298 18298 D cellinfo: onsignalStrengthsChanged: 5G-NR Signal Strength info: ssrsrp: -101 ssrsrq: -12 sssinr: 8
08-12 16:12:36.032 18298 18357 D cellinfo: 46 bytes from 54.197.223.49: icmp_seq=1408 ttl=37 time=146 ms
08-12 16:12:36.206 18298 18357 D cellinfo: 46 bytes from 54.197.223.49: icmp_seq=1409 ttl=37 time=120 ms
08-12 16:12:36.405 18298 18357 D cellinfo: 46 bytes from 54.197.223.49: icmp_seq=1410 ttl=37 time=119 ms
08-12 16:12:36.608 18298 18357 D cellinfo: 46 bytes from 54.197.223.49: icmp_seq=1411 ttl=37 time=121 ms
08-12 16:12:36.800 18298 18357 D cellinfo: 46 bytes from 54.197.223.49: icmp_seq=1412 ttl=37 time=112 ms
08-12 16:12:36.932 18298 18298 D cellinfo: Latitude is 41.5753364
08-12 16:12:36.932 18298 18298 D cellinfo: Longitude is -93.8414426
08-12 16:12:36.932 18298 18298 D cellinfo: Instantaneous GPS information: United States, I-80, Waukee, IA 50263, USA
08-12 16:12:36.933 18298 18298 D cellinfo: getCurrentLocation() result: Location (success): 41.5753364, -93.8414426
08-12 16:12:36.936 18298 18298 D cellinfo: onCellInfoChanged: Operator:  UpdateTimestamp: 162632904 CellConnectionStatus: 1
08-12 16:12:36.936 18298 18298 D cellinfo: onCellInfoChanged: 5G-NR Cell Bands: [] ARFCN: 509202 Cell ID: 9223372036854775807 Physical Cell ID: 179 Tracking Area Code: 16777215
08-12 16:12:37.045 18298 18357 D cellinfo: 46 bytes from 54.197.223.49: icmp_seq=1413 ttl=37 time=155 ms
08-12 16:12:37.240 18298 18357 D cellinfo: 46 bytes from 54.197.223.49: icmp_seq=1414 ttl=37 time=150 ms
08-12 16:12:37.400 18298 18357 D cellinfo: 46 bytes from 54.197.223.49: icmp_seq=1415 ttl=37 time=109 ms
08-12 16:12:37.599 18298 18357 D cellinfo: 46 bytes from 54.197.223.49: icmp_seq=1416 ttl=37 time=108 ms
08-12 16:12:37.839 18298 18357 D cellinfo: 46 bytes from 54.197.223.49: icmp_seq=1417 ttl=37 time=148 ms
08-12 16:12:38.039 18298 18357 D cellinfo: 46 bytes from 54.197.223.49: icmp_seq=1418 ttl=37 time=147 ms
08-12 16:12:38.199 18298 18357 D cellinfo: 46 bytes from 54.197.223.49: icmp_seq=1419 ttl=37 time=107 ms
08-12 16:12:38.439 18298 18357 D cellinfo: 46 bytes from 54.197.223.49: icmp_seq=1420 ttl=37 time=146 ms
08-12 16:12:38.599 18298 18357 D cellinfo: 46 bytes from 54.197.223.49: icmp_seq=1421 ttl=37 time=105 ms
08-12 16:12:38.840 18298 18357 D cellinfo: 46 bytes from 54.197.223.49: icmp_seq=1422 ttl=37 time=144 ms
08-12 16:12:38.999 18298 18357 D cellinfo: 46 bytes from 54.197.223.49: icmp_seq=1423 ttl=37 time=103 ms
08-12 16:12:39.242 18298 18357 D cellinfo: 46 bytes from 54.197.223.49: icmp_seq=1424 ttl=37 time=146 ms
08-12 16:12:39.286 18298 18298 D cellinfo: Latitude is 41.5753364
08-12 16:12:39.286 18298 18298 D cellinfo: Longitude is -93.8414426
08-12 16:12:39.286 18298 18298 D cellinfo: Instantaneous GPS information: United States, I-80, Waukee, IA 50263, USA
08-12 16:12:39.286 18298 18298 D cellinfo: getCurrentLocation() result: Location (success): 41.5753364, -93.8414426
08-12 16:12:39.419 18298 18357 D cellinfo: 46 bytes from 54.197.223.49: icmp_seq=1425 ttl=37 time=122 ms
08-12 16:12:39.679 18298 18357 D cellinfo: 46 bytes from 54.197.223.49: icmp_seq=1426 ttl=37 time=181 ms
08-12 16:12:39.839 18298 18357 D cellinfo: 46 bytes from 54.197.223.49: icmp_seq=1427 ttl=37 time=141 ms
08-12 16:12:40.036 18298 18357 D cellinfo: 46 bytes from 54.197.223.49: icmp_seq=1428 ttl=37 time=136 ms
08-12 16:12:40.198 18298 18357 D cellinfo: 46 bytes from 54.197.223.49: icmp_seq=1429 ttl=37 time=98.9 ms
08-12 16:12:40.438 18298 18357 D cellinfo: 46 bytes from 54.197.223.49: icmp_seq=1430 ttl=37 time=137 ms
08-12 16:12:40.640 18298 18357 D cellinfo: 46 bytes from 54.197.223.49: icmp_seq=1431 ttl=37 time=139 ms
08-12 16:12:40.840 18298 18357 D cellinfo: 46 bytes from 54.197.223.49: icmp_seq=1432 ttl=37 time=139 ms
08-12 16:12:40.842 18298 18357 D cellinfo: 46 bytes from 54.197.223.49: icmp_seq=1432 ttl=37 time=141 ms (DUP!)
08-12 16:12:41.030 18298 18298 D cellinfo: onServiceStateChanged: Channel Number: 66811 Cell Bandwidths: [15000]
08-12 16:12:41.035 18298 18357 D cellinfo: 46 bytes from 54.197.223.49: icmp_seq=1432 ttl=37 time=333 ms (DUP!)
08-12 16:12:41.035 18298 18357 D cellinfo: 46 bytes from 54.197.223.49: icmp_seq=1432 ttl=37 time=333 ms (DUP!)
08-12 16:12:41.115 18298 18357 D cellinfo: 46 bytes from 54.197.223.49: icmp_seq=1433 ttl=37 time=213 ms
08-12 16:12:41.245 18298 18357 D cellinfo: 46 bytes from 54.197.223.49: icmp_seq=1434 ttl=37 time=143 ms
08-12 16:12:41.576 18298 18357 D cellinfo: 46 bytes from 54.197.223.49: icmp_seq=1435 ttl=37 time=273 ms
08-12 16:12:41.608 18298 18357 D cellinfo: 46 bytes from 54.197.223.49: icmp_seq=1436 ttl=37 time=102 ms
08-12 16:12:41.791 18298 18357 D cellinfo: 46 bytes from 54.197.223.49: icmp_seq=1437 ttl=37 time=85.3 ms
08-12 16:12:42.036 18298 18357 D cellinfo: 46 bytes from 54.197.223.49: icmp_seq=1438 ttl=37 time=129 ms
08-12 16:12:42.202 18298 18357 D cellinfo: 46 bytes from 54.197.223.49: icmp_seq=1439 ttl=37 time=94.3 ms
08-12 16:12:42.279 18298 18298 D cellinfo: Latitude is 41.5753364
08-12 16:12:42.279 18298 18298 D cellinfo: Longitude is -93.8414426
08-12 16:12:42.279 18298 18298 D cellinfo: Instantaneous GPS information: United States, I-80, Waukee, IA 50263, USA
08-12 16:12:42.279 18298 18298 D cellinfo: getCurrentLocation() result: Location (success): 41.5753364, -93.8414426
08-12 16:12:42.416 18298 18357 D cellinfo: 46 bytes from 54.197.223.49: icmp_seq=1440 ttl=37 time=108 ms
08-12 16:12:42.585 18298 18298 D cellinfo: onCellInfoChanged: Operator:  UpdateTimestamp: 162638899 CellConnectionStatus: 1
08-12 16:12:42.585 18298 18298 D cellinfo: onCellInfoChanged: 5G-NR Cell Bands: [] ARFCN: 509202 Cell ID: 9223372036854775807 Physical Cell ID: 609 Tracking Area Code: 16777215
08-12 16:12:42.645 18298 18357 D cellinfo: 46 bytes from 54.197.223.49: icmp_seq=1441 ttl=37 time=136 ms
08-12 16:12:42.835 18298 18357 D cellinfo: 46 bytes from 54.197.223.49: icmp_seq=1442 ttl=37 time=126 ms
08-12 16:12:43.006 18298 18357 D cellinfo: 46 bytes from 54.197.223.49: icmp_seq=1443 ttl=37 time=97.2 ms
08-12 16:12:43.237 18298 18357 D cellinfo: 46 bytes from 54.197.223.49: icmp_seq=1444 ttl=37 time=128 ms
08-12 16:12:43.439 18298 18357 D cellinfo: 46 bytes from 54.197.223.49: icmp_seq=1445 ttl=37 time=129 ms
08-12 16:12:43.636 18298 18357 D cellinfo: 46 bytes from 54.197.223.49: icmp_seq=1446 ttl=37 time=126 ms
08-12 16:12:43.839 18298 18357 D cellinfo: 46 bytes from 54.197.223.49: icmp_seq=1447 ttl=37 time=129 ms
08-12 16:12:44.038 18298 18357 D cellinfo: 46 bytes from 54.197.223.49: icmp_seq=1448 ttl=37 time=127 ms
08-12 16:12:44.237 18298 18357 D cellinfo: 46 bytes from 54.197.223.49: icmp_seq=1449 ttl=37 time=126 ms
08-12 16:12:44.438 18298 18357 D cellinfo: 46 bytes from 54.197.223.49: icmp_seq=1450 ttl=37 time=126 ms
08-12 16:12:44.639 18298 18357 D cellinfo: 46 bytes from 54.197.223.49: icmp_seq=1451 ttl=37 time=126 ms
08-12 16:12:44.836 18298 18357 D cellinfo: 46 bytes from 54.197.223.49: icmp_seq=1452 ttl=37 time=122 ms
08-12 16:12:45.039 18298 18357 D cellinfo: 46 bytes from 54.197.223.49: icmp_seq=1453 ttl=37 time=123 ms
08-12 16:12:45.236 18298 18357 D cellinfo: 46 bytes from 54.197.223.49: icmp_seq=1454 ttl=37 time=121 ms
08-12 16:12:45.283 18298 18298 D cellinfo: Latitude is 41.5753364
08-12 16:12:45.283 18298 18298 D cellinfo: Longitude is -93.8414426
08-12 16:12:45.283 18298 18298 D cellinfo: Instantaneous GPS information: United States, I-80, Waukee, IA 50263, USA
08-12 16:12:45.283 18298 18298 D cellinfo: getCurrentLocation() result: Location (success): 41.5753364, -93.8414426
08-12 16:12:45.652 18298 18357 D cellinfo: 46 bytes from 54.197.223.49: icmp_seq=1455 ttl=37 time=336 ms
08-12 16:12:45.652 18298 18357 D cellinfo: 46 bytes from 54.197.223.49: icmp_seq=1456 ttl=37 time=134 ms
08-12 16:12:45.805 18298 18357 D cellinfo: 46 bytes from 54.197.223.49: icmp_seq=1457 ttl=37 time=85.9 ms
08-12 16:12:46.037 18298 18357 D cellinfo: 46 bytes from 54.197.223.49: icmp_seq=1458 ttl=37 time=117 ms
08-12 16:12:46.236 18298 18357 D cellinfo: 46 bytes from 54.197.223.49: icmp_seq=1459 ttl=37 time=117 ms
08-12 16:12:46.445 18298 18357 D cellinfo: 46 bytes from 54.197.223.49: icmp_seq=1460 ttl=37 time=124 ms
08-12 16:12:46.636 18298 18357 D cellinfo: 46 bytes from 54.197.223.49: icmp_seq=1461 ttl=37 time=114 ms
08-12 16:12:46.837 18298 18357 D cellinfo: 46 bytes from 54.197.223.49: icmp_seq=1462 ttl=37 time=115 ms
08-12 16:12:47.036 18298 18357 D cellinfo: 46 bytes from 54.197.223.49: icmp_seq=1463 ttl=37 time=113 ms
08-12 16:12:47.215 18298 18357 D cellinfo: 46 bytes from 54.197.223.49: icmp_seq=1464 ttl=37 time=92.9 ms
08-12 16:12:47.444 18298 18357 D cellinfo: 46 bytes from 54.197.223.49: icmp_seq=1465 ttl=37 time=121 ms
08-12 16:12:47.645 18298 18357 D cellinfo: 46 bytes from 54.197.223.49: icmp_seq=1466 ttl=37 time=121 ms
08-12 16:12:47.877 18298 18357 D cellinfo: 46 bytes from 54.197.223.49: icmp_seq=1467 ttl=37 time=153 ms
08-12 16:12:48.036 18298 18357 D cellinfo: 46 bytes from 54.197.223.49: icmp_seq=1468 ttl=37 time=112 ms
08-12 16:12:48.245 18298 18357 D cellinfo: 46 bytes from 54.197.223.49: icmp_seq=1469 ttl=37 time=121 ms
08-12 16:12:48.421 18298 18298 D cellinfo: onsignalStrengthsChanged: LTE Signal Strength info: rsrp: -100 rsrq: -10 rssi: -71 rssnr: 12
08-12 16:12:48.421 18298 18298 D cellinfo: onsignalStrengthsChanged: 5G-NR Signal Strength info: ssrsrp: -97 ssrsrq: -11 sssinr: 7
08-12 16:12:48.435 18298 18357 D cellinfo: 46 bytes from 54.197.223.49: icmp_seq=1470 ttl=37 time=112 ms
08-12 16:12:48.636 18298 18357 D cellinfo: 46 bytes from 54.197.223.49: icmp_seq=1471 ttl=37 time=111 ms
08-12 16:12:48.836 18298 18357 D cellinfo: 46 bytes from 54.197.223.49: icmp_seq=1472 ttl=37 time=111 ms
08-12 16:12:49.050 18298 18357 D cellinfo: 46 bytes from 54.197.223.49: icmp_seq=1473 ttl=37 time=124 ms
08-12 16:12:49.052 18298 18298 D cellinfo: Latitude is 41.5773205
08-12 16:12:49.052 18298 18298 D cellinfo: Longitude is -93.8376362
08-12 16:12:49.052 18298 18298 D cellinfo: Instantaneous GPS information: United States, 9491 Primo Ln, Waukee, IA 50263, USA
08-12 16:12:49.052 18298 18298 D cellinfo: getCurrentLocation() result: Location (success): 41.5773205, -93.8376362
08-12 16:12:49.054 18298 18298 D cellinfo: onCellInfoChanged: Operator:  UpdateTimestamp: 162644881 CellConnectionStatus: 1
08-12 16:12:49.054 18298 18298 D cellinfo: onCellInfoChanged: 5G-NR Cell Bands: [] ARFCN: 509202 Cell ID: 9223372036854775807 Physical Cell ID: 609 Tracking Area Code: 16777215
08-12 16:12:49.243 18298 18357 D cellinfo: 46 bytes from 54.197.223.49: icmp_seq=1474 ttl=37 time=116 ms
08-12 16:12:49.444 18298 18357 D cellinfo: 46 bytes from 54.197.223.49: icmp_seq=1475 ttl=37 time=115 ms
08-12 16:12:49.636 18298 18357 D cellinfo: 46 bytes from 54.197.223.49: icmp_seq=1476 ttl=37 time=107 ms
08-12 16:12:49.845 18298 18357 D cellinfo: 46 bytes from 54.197.223.49: icmp_seq=1477 ttl=37 time=114 ms
08-12 16:12:50.044 18298 18357 D cellinfo: 46 bytes from 54.197.223.49: icmp_seq=1478 ttl=37 time=113 ms
08-12 16:12:50.236 18298 18357 D cellinfo: 46 bytes from 54.197.223.49: icmp_seq=1479 ttl=37 time=104 ms
08-12 16:12:50.445 18298 18357 D cellinfo: 46 bytes from 54.197.223.49: icmp_seq=1480 ttl=37 time=113 ms
08-12 16:12:50.685 18298 18357 D cellinfo: 46 bytes from 54.197.223.49: icmp_seq=1481 ttl=37 time=151 ms
08-12 16:12:50.843 18298 18357 D cellinfo: 46 bytes from 54.197.223.49: icmp_seq=1482 ttl=37 time=109 ms
08-12 16:12:51.045 18298 18357 D cellinfo: 46 bytes from 54.197.223.49: icmp_seq=1483 ttl=37 time=109 ms
08-12 16:12:51.246 18298 18357 D cellinfo: 46 bytes from 54.197.223.49: icmp_seq=1484 ttl=37 time=110 ms
08-12 16:12:51.287 18298 18298 D cellinfo: Latitude is 41.5773205
08-12 16:12:51.287 18298 18298 D cellinfo: Longitude is -93.8376362
08-12 16:12:51.287 18298 18298 D cellinfo: Instantaneous GPS information: United States, 9491 Primo Ln, Waukee, IA 50263, USA
08-12 16:12:51.287 18298 18298 D cellinfo: getCurrentLocation() result: Location (success): 41.5773205, -93.8376362
08-12 16:12:51.444 18298 18357 D cellinfo: 46 bytes from 54.197.223.49: icmp_seq=1485 ttl=37 time=108 ms
08-12 16:12:51.458 18298 18298 D cellinfo: onsignalStrengthsChanged: LTE Signal Strength info: rsrp: -83 rsrq: -9 rssi: -53 rssnr: 10
08-12 16:12:51.458 18298 18298 D cellinfo: onsignalStrengthsChanged: 5G-NR Signal Strength info: ssrsrp: -91 ssrsrq: -11 sssinr: 2
08-12 16:12:51.676 18298 18357 D cellinfo: 46 bytes from 54.197.223.49: icmp_seq=1486 ttl=37 time=140 ms
08-12 16:12:51.876 18298 18357 D cellinfo: 46 bytes from 54.197.223.49: icmp_seq=1487 ttl=37 time=139 ms
08-12 16:12:52.045 18298 18357 D cellinfo: 46 bytes from 54.197.223.49: icmp_seq=1488 ttl=37 time=107 ms
08-12 16:12:52.291 18298 18357 D cellinfo: 46 bytes from 54.197.223.49: icmp_seq=1489 ttl=37 time=153 ms
08-12 16:12:52.476 18298 18357 D cellinfo: 46 bytes from 54.197.223.49: icmp_seq=1490 ttl=37 time=137 ms
08-12 16:12:52.636 18298 18357 D cellinfo: 46 bytes from 54.197.223.49: icmp_seq=1491 ttl=37 time=97.8 ms
08-12 16:12:52.845 18298 18357 D cellinfo: 46 bytes from 54.197.223.49: icmp_seq=1492 ttl=37 time=105 ms
08-12 16:12:53.045 18298 18357 D cellinfo: 46 bytes from 54.197.223.49: icmp_seq=1493 ttl=37 time=105 ms
08-12 16:12:53.245 18298 18357 D cellinfo: 46 bytes from 54.197.223.49: icmp_seq=1494 ttl=37 time=105 ms
08-12 16:12:53.485 18298 18357 D cellinfo: 46 bytes from 54.197.223.49: icmp_seq=1495 ttl=37 time=144 ms
08-12 16:12:53.646 18298 18357 D cellinfo: 46 bytes from 54.197.223.49: icmp_seq=1496 ttl=37 time=104 ms
08-12 16:12:53.844 18298 18357 D cellinfo: 46 bytes from 54.197.223.49: icmp_seq=1497 ttl=37 time=102 ms
08-12 16:12:54.176 18298 18298 D cellinfo: onServiceStateChanged: Channel Number: 66811 Cell Bandwidths: [15000, 100000]
08-12 16:12:54.196 18298 18357 D cellinfo: 46 bytes from 54.197.223.49: icmp_seq=1498 ttl=37 time=253 ms
08-12 16:12:54.196 18298 18357 D cellinfo: 46 bytes from 54.197.223.49: icmp_seq=1498 ttl=37 time=253 ms (DUP!)
08-12 16:12:54.235 18298 18298 D cellinfo: onServiceStateChanged: Channel Number: 66811 Cell Bandwidths: [15000]
08-12 16:12:54.278 18298 18357 D cellinfo: 46 bytes from 54.197.223.49: icmp_seq=1499 ttl=37 time=133 ms
08-12 16:12:54.289 18298 18298 D cellinfo: Latitude is 41.5773205
08-12 16:12:54.289 18298 18298 D cellinfo: Longitude is -93.8376362
08-12 16:12:54.289 18298 18298 D cellinfo: Instantaneous GPS information: United States, 9491 Primo Ln, Waukee, IA 50263, USA
08-12 16:12:54.289 18298 18298 D cellinfo: getCurrentLocation() result: Location (success): 41.5773205, -93.8376362
08-12 16:12:56.083 18298 18357 D cellinfo: 46 bytes from 54.197.223.49: icmp_seq=1500 ttl=36 time=1737 ms
08-12 16:12:56.091 18298 18357 D cellinfo: 46 bytes from 54.197.223.49: icmp_seq=1501 ttl=36 time=1541 ms
08-12 16:12:56.091 18298 18357 D cellinfo: 46 bytes from 54.197.223.49: icmp_seq=1502 ttl=36 time=1337 ms
08-12 16:12:56.091 18298 18357 D cellinfo: 46 bytes from 54.197.223.49: icmp_seq=1503 ttl=36 time=1133 ms
08-12 16:12:56.094 18298 18357 D cellinfo: 46 bytes from 54.197.223.49: icmp_seq=1505 ttl=36 time=729 ms
08-12 16:12:56.095 18298 18357 D cellinfo: 46 bytes from 54.197.223.49: icmp_seq=1506 ttl=36 time=524 ms
08-12 16:12:56.095 18298 18357 D cellinfo: 46 bytes from 54.197.223.49: icmp_seq=1504 ttl=36 time=933 ms
08-12 16:12:56.095 18298 18357 D cellinfo: 46 bytes from 54.197.223.49: icmp_seq=1507 ttl=36 time=317 ms
08-12 16:12:56.096 18298 18357 D cellinfo: 46 bytes from 54.197.223.49: icmp_seq=1508 ttl=36 time=113 ms
08-12 16:12:56.146 18298 18298 D cellinfo: onCellInfoChanged: Operator:  UpdateTimestamp: 162652459 CellConnectionStatus: 1
08-12 16:12:56.147 18298 18298 D cellinfo: onCellInfoChanged: 5G-NR Cell Bands: [] ARFCN: 509202 Cell ID: 9223372036854775807 Physical Cell ID: 609 Tracking Area Code: 16777215
08-12 16:12:56.267 18298 18357 D cellinfo: 46 bytes from 54.197.223.49: icmp_seq=1509 ttl=36 time=86.2 ms
08-12 16:12:56.509 18298 18357 D cellinfo: 46 bytes from 54.197.223.49: icmp_seq=1510 ttl=36 time=126 ms
08-12 16:12:56.709 18298 18357 D cellinfo: 46 bytes from 54.197.223.49: icmp_seq=1511 ttl=36 time=125 ms
08-12 16:12:56.909 18298 18357 D cellinfo: 46 bytes from 54.197.223.49: icmp_seq=1512 ttl=36 time=125 ms
08-12 16:12:57.109 18298 18357 D cellinfo: 46 bytes from 54.197.223.49: icmp_seq=1513 ttl=36 time=124 ms
08-12 16:12:57.290 18298 18298 D cellinfo: Latitude is 41.5773205
08-12 16:12:57.290 18298 18298 D cellinfo: Longitude is -93.8376362
08-12 16:12:57.290 18298 18298 D cellinfo: Instantaneous GPS information: United States, 9491 Primo Ln, Waukee, IA 50263, USA
08-12 16:12:57.290 18298 18298 D cellinfo: getCurrentLocation() result: Location (success): 41.5773205, -93.8376362
08-12 16:12:57.309 18298 18357 D cellinfo: 46 bytes from 54.197.223.49: icmp_seq=1514 ttl=36 time=125 ms
08-12 16:12:57.602 18298 18357 D cellinfo: 46 bytes from 54.197.223.49: icmp_seq=1515 ttl=36 time=216 ms
08-12 16:12:57.715 18298 18357 D cellinfo: 46 bytes from 54.197.223.49: icmp_seq=1516 ttl=36 time=129 ms
08-12 16:12:57.909 18298 18357 D cellinfo: 46 bytes from 54.197.223.49: icmp_seq=1517 ttl=36 time=122 ms
08-12 16:12:58.115 18298 18357 D cellinfo: 46 bytes from 54.197.223.49: icmp_seq=1518 ttl=36 time=128 ms
08-12 16:12:58.309 18298 18357 D cellinfo: 46 bytes from 54.197.223.49: icmp_seq=1519 ttl=36 time=123 ms
08-12 16:12:58.515 18298 18357 D cellinfo: 46 bytes from 54.197.223.49: icmp_seq=1520 ttl=36 time=127 ms
08-12 16:12:58.715 18298 18357 D cellinfo: 46 bytes from 54.197.223.49: icmp_seq=1521 ttl=36 time=126 ms
08-12 16:12:58.910 18298 18357 D cellinfo: 46 bytes from 54.197.223.49: icmp_seq=1522 ttl=36 time=121 ms
08-12 16:12:59.110 18298 18357 D cellinfo: 46 bytes from 54.197.223.49: icmp_seq=1523 ttl=36 time=120 ms
08-12 16:12:59.315 18298 18357 D cellinfo: 46 bytes from 54.197.223.49: icmp_seq=1524 ttl=36 time=124 ms
08-12 16:12:59.509 18298 18357 D cellinfo: 46 bytes from 54.197.223.49: icmp_seq=1525 ttl=36 time=118 ms
08-12 16:12:59.715 18298 18357 D cellinfo: 46 bytes from 54.197.223.49: icmp_seq=1526 ttl=36 time=123 ms
08-12 16:12:59.909 18298 18357 D cellinfo: 46 bytes from 54.197.223.49: icmp_seq=1527 ttl=36 time=117 ms
08-12 16:13:00.219 18298 18298 D cellinfo: onServiceStateChanged: Channel Number: 66811 Cell Bandwidths: [15000, 100000]
08-12 16:13:00.269 18298 18298 D cellinfo: onServiceStateChanged: Channel Number: 66811 Cell Bandwidths: [15000]
08-12 16:13:00.275 18298 18357 D cellinfo: 46 bytes from 54.197.223.49: icmp_seq=1528 ttl=36 time=282 ms
08-12 16:13:00.275 18298 18357 D cellinfo: 46 bytes from 54.197.223.49: icmp_seq=1528 ttl=36 time=282 ms (DUP!)
08-12 16:13:00.361 18298 18357 D cellinfo: 46 bytes from 54.197.223.49: icmp_seq=1529 ttl=36 time=167 ms
08-12 16:13:00.483 18298 18357 D cellinfo: 46 bytes from 54.197.223.49: icmp_seq=1530 ttl=36 time=89.4 ms
08-12 16:13:00.679 18298 18357 D cellinfo: 46 bytes from 54.197.223.49: icmp_seq=1531 ttl=36 time=84.9 ms
08-12 16:13:00.879 18298 18357 D cellinfo: 46 bytes from 54.197.223.49: icmp_seq=1532 ttl=36 time=84.0 ms
08-12 16:13:00.893 18298 18298 D cellinfo: Latitude is 41.5792727
08-12 16:13:00.893 18298 18298 D cellinfo: Longitude is -93.8337719
08-12 16:13:00.893 18298 18298 D cellinfo: Instantaneous GPS information: United States, 9150 Wendover Rd, West Des Moines, IA 50266, USA
08-12 16:13:00.893 18298 18298 D cellinfo: getCurrentLocation() result: Location (success): 41.5792727, -93.8337719
08-12 16:13:01.079 18298 18357 D cellinfo: 46 bytes from 54.197.223.49: icmp_seq=1533 ttl=36 time=83.6 ms
08-12 16:13:01.279 18298 18357 D cellinfo: 46 bytes from 54.197.223.49: icmp_seq=1534 ttl=36 time=83.2 ms
08-12 16:13:01.478 18298 18357 D cellinfo: 46 bytes from 54.197.223.49: icmp_seq=1535 ttl=36 time=82.0 ms
08-12 16:13:01.721 18298 18357 D cellinfo: 46 bytes from 54.197.223.49: icmp_seq=1536 ttl=36 time=124 ms
08-12 16:13:01.914 18298 18357 D cellinfo: 46 bytes from 54.197.223.49: icmp_seq=1537 ttl=36 time=116 ms
08-12 16:13:02.119 18298 18357 D cellinfo: 46 bytes from 54.197.223.49: icmp_seq=1538 ttl=36 time=120 ms
08-12 16:13:02.314 18298 18357 D cellinfo: 46 bytes from 54.197.223.49: icmp_seq=1539 ttl=36 time=116 ms
08-12 16:13:02.348 18298 18298 D cellinfo: onCellInfoChanged: Operator:  UpdateTimestamp: 162658665 CellConnectionStatus: 1
08-12 16:13:02.348 18298 18298 D cellinfo: onCellInfoChanged: 5G-NR Cell Bands: [] ARFCN: 509202 Cell ID: 9223372036854775807 Physical Cell ID: 609 Tracking Area Code: 16777215
08-12 16:13:02.483 18298 18357 D cellinfo: 46 bytes from 54.197.223.49: icmp_seq=1540 ttl=36 time=83.8 ms
08-12 16:13:02.714 18298 18357 D cellinfo: 46 bytes from 54.197.223.49: icmp_seq=1541 ttl=36 time=115 ms
08-12 16:13:03.034 18298 18357 D cellinfo: 46 bytes from 54.197.223.49: icmp_seq=1542 ttl=36 time=234 ms
08-12 16:13:03.115 18298 18357 D cellinfo: 46 bytes from 54.197.223.49: icmp_seq=1543 ttl=36 time=113 ms
08-12 16:13:03.282 18298 18298 D cellinfo: Latitude is 41.5792727
08-12 16:13:03.282 18298 18298 D cellinfo: Longitude is -93.8337719
08-12 16:13:03.282 18298 18298 D cellinfo: Instantaneous GPS information: United States, 9150 Wendover Rd, West Des Moines, IA 50266, USA
08-12 16:13:03.282 18298 18298 D cellinfo: getCurrentLocation() result: Location (success): 41.5792727, -93.8337719
08-12 16:13:03.320 18298 18357 D cellinfo: 46 bytes from 54.197.223.49: icmp_seq=1544 ttl=36 time=119 ms
08-12 16:13:03.444 18298 18298 D cellinfo: onServiceStateChanged: Channel Number: 66811 Cell Bandwidths: [15000, 100000]
08-12 16:13:03.489 18298 18298 D cellinfo: onServiceStateChanged: Channel Number: 66811 Cell Bandwidths: [15000]
08-12 16:13:03.706 18298 18357 D cellinfo: 46 bytes from 54.197.223.49: icmp_seq=1544 ttl=36 time=504 ms (DUP!)
08-12 16:13:03.721 18298 18357 D cellinfo: 46 bytes from 54.197.223.49: icmp_seq=1544 ttl=36 time=520 ms (DUP!)
08-12 16:13:03.879 18298 18357 D cellinfo: 46 bytes from 54.197.223.49: icmp_seq=1545 ttl=36 time=476 ms
08-12 16:13:03.896 18298 18357 D cellinfo: 46 bytes from 54.197.223.49: icmp_seq=1546 ttl=36 time=291 ms
08-12 16:13:04.053 18298 18357 D cellinfo: 46 bytes from 54.197.223.49: icmp_seq=1547 ttl=36 time=246 ms
08-12 16:13:04.118 18298 18357 D cellinfo: 46 bytes from 54.197.223.49: icmp_seq=1548 ttl=36 time=111 ms
08-12 16:13:04.280 18298 18298 D cellinfo: onServiceStateChanged: Channel Number: 66811 Cell Bandwidths: [15000, 100000]
08-12 16:13:04.438 18298 18357 D cellinfo: 46 bytes from 54.197.223.49: icmp_seq=1549 ttl=36 time=230 ms
08-12 16:13:04.494 18298 18298 D cellinfo: onsignalStrengthsChanged: LTE Signal Strength info: rsrp: -103 rsrq: -14 rssi: -69 rssnr: 3
08-12 16:13:04.494 18298 18298 D cellinfo: onsignalStrengthsChanged: 5G-NR Signal Strength info: ssrsrp: -108 ssrsrq: -14 sssinr: 5
08-12 16:13:04.527 18298 18357 D cellinfo: 46 bytes from 54.197.223.49: icmp_seq=1550 ttl=36 time=118 ms
08-12 16:13:04.698 18298 18357 D cellinfo: 46 bytes from 54.197.223.49: icmp_seq=1551 ttl=36 time=88.1 ms
08-12 16:13:04.917 18298 18357 D cellinfo: 46 bytes from 54.197.223.49: icmp_seq=1552 ttl=36 time=106 ms
08-12 16:13:05.126 18298 18357 D cellinfo: 46 bytes from 54.197.223.49: icmp_seq=1553 ttl=36 time=113 ms
08-12 16:13:05.318 18298 18357 D cellinfo: 46 bytes from 54.197.223.49: icmp_seq=1554 ttl=36 time=105 ms
08-12 16:13:05.518 18298 18357 D cellinfo: 46 bytes from 54.197.223.49: icmp_seq=1555 ttl=36 time=105 ms
08-12 16:13:05.758 18298 18357 D cellinfo: 46 bytes from 54.197.223.49: icmp_seq=1556 ttl=36 time=144 ms
08-12 16:13:05.918 18298 18357 D cellinfo: 46 bytes from 54.197.223.49: icmp_seq=1557 ttl=36 time=103 ms
08-12 16:13:06.158 18298 18357 D cellinfo: 46 bytes from 54.197.223.49: icmp_seq=1558 ttl=36 time=142 ms
08-12 16:13:06.277 18298 18298 D cellinfo: Latitude is 41.5792727
08-12 16:13:06.277 18298 18298 D cellinfo: Longitude is -93.8337719
08-12 16:13:06.277 18298 18298 D cellinfo: Instantaneous GPS information: United States, 9150 Wendover Rd, West Des Moines, IA 50266, USA
08-12 16:13:06.277 18298 18298 D cellinfo: getCurrentLocation() result: Location (success): 41.5792727, -93.8337719
08-12 16:13:06.435 18298 18357 D cellinfo: 46 bytes from 54.197.223.49: icmp_seq=1559 ttl=36 time=218 ms
08-12 16:13:06.456 18298 18357 D cellinfo: 46 bytes from 54.197.223.49: icmp_seq=1559 ttl=36 time=240 ms (DUP!)
08-12 16:13:06.475 18298 18298 D cellinfo: onServiceStateChanged: Channel Number: 66811 Cell Bandwidths: [15000]
08-12 16:13:06.523 18298 18357 D cellinfo: 46 bytes from 54.197.223.49: icmp_seq=1560 ttl=36 time=106 ms
08-12 16:13:06.720 18298 18357 D cellinfo: 46 bytes from 54.197.223.49: icmp_seq=1561 ttl=36 time=101 ms
08-12 16:13:06.930 18298 18357 D cellinfo: 46 bytes from 54.197.223.49: icmp_seq=1562 ttl=36 time=112 ms
08-12 16:13:07.125 18298 18357 D cellinfo: 46 bytes from 54.197.223.49: icmp_seq=1563 ttl=36 time=105 ms
08-12 16:13:07.367 18298 18357 D cellinfo: 46 bytes from 54.197.223.49: icmp_seq=1564 ttl=36 time=147 ms
08-12 16:13:07.525 18298 18357 D cellinfo: 46 bytes from 54.197.223.49: icmp_seq=1565 ttl=36 time=104 ms
08-12 16:13:07.766 18298 18357 D cellinfo: 46 bytes from 54.197.223.49: icmp_seq=1566 ttl=36 time=145 ms
08-12 16:13:07.964 18298 18357 D cellinfo: 46 bytes from 54.197.223.49: icmp_seq=1567 ttl=36 time=142 ms
08-12 16:13:08.164 18298 18357 D cellinfo: 46 bytes from 54.197.223.49: icmp_seq=1568 ttl=36 time=142 ms
08-12 16:13:08.330 18298 18357 D cellinfo: 46 bytes from 54.197.223.49: icmp_seq=1569 ttl=36 time=106 ms
08-12 16:13:08.345 18298 18298 D cellinfo: onCellInfoChanged: Operator:  UpdateTimestamp: 162664646 CellConnectionStatus: 1
08-12 16:13:08.345 18298 18298 D cellinfo: onCellInfoChanged: 5G-NR Cell Bands: [] ARFCN: 509202 Cell ID: 9223372036854775807 Physical Cell ID: 839 Tracking Area Code: 16777215
08-12 16:13:08.503 18298 18298 D cellinfo: onsignalStrengthsChanged: LTE Signal Strength info: rsrp: -85 rsrq: -7 rssi: -59 rssnr: 13
08-12 16:13:08.503 18298 18298 D cellinfo: onsignalStrengthsChanged: 5G-NR Signal Strength info: ssrsrp: -101 ssrsrq: -14 sssinr: 2
08-12 16:13:08.530 18298 18357 D cellinfo: 46 bytes from 54.197.223.49: icmp_seq=1570 ttl=36 time=106 ms
08-12 16:13:08.730 18298 18357 D cellinfo: 46 bytes from 54.197.223.49: icmp_seq=1571 ttl=36 time=105 ms
08-12 16:13:08.930 18298 18357 D cellinfo: 46 bytes from 54.197.223.49: icmp_seq=1572 ttl=36 time=104 ms
08-12 16:13:09.131 18298 18357 D cellinfo: 46 bytes from 54.197.223.49: icmp_seq=1573 ttl=36 time=104 ms
08-12 16:13:09.284 18298 18298 D cellinfo: Latitude is 41.5792727
08-12 16:13:09.284 18298 18298 D cellinfo: Longitude is -93.8337719
08-12 16:13:09.284 18298 18298 D cellinfo: Instantaneous GPS information: United States, 9150 Wendover Rd, West Des Moines, IA 50266, USA
08-12 16:13:09.284 18298 18298 D cellinfo: getCurrentLocation() result: Location (success): 41.5792727, -93.8337719
08-12 16:13:09.364 18298 18357 D cellinfo: 46 bytes from 54.197.223.49: icmp_seq=1574 ttl=36 time=137 ms
08-12 16:13:09.564 18298 18357 D cellinfo: 46 bytes from 54.197.223.49: icmp_seq=1575 ttl=36 time=136 ms
08-12 16:13:09.764 18298 18357 D cellinfo: 46 bytes from 54.197.223.49: icmp_seq=1576 ttl=36 time=135 ms
08-12 16:13:09.935 18298 18357 D cellinfo: 46 bytes from 54.197.223.49: icmp_seq=1577 ttl=36 time=103 ms
08-12 16:13:10.164 18298 18357 D cellinfo: 46 bytes from 54.197.223.49: icmp_seq=1578 ttl=36 time=132 ms
08-12 16:13:10.371 18298 18357 D cellinfo: 46 bytes from 54.197.223.49: icmp_seq=1579 ttl=36 time=138 ms
08-12 16:13:10.567 18298 18357 D cellinfo: 46 bytes from 54.197.223.49: icmp_seq=1580 ttl=36 time=134 ms
08-12 16:13:10.764 18298 18357 D cellinfo: 46 bytes from 54.197.223.49: icmp_seq=1581 ttl=36 time=130 ms
08-12 16:13:10.964 18298 18357 D cellinfo: 46 bytes from 54.197.223.49: icmp_seq=1582 ttl=36 time=129 ms
08-12 16:13:11.204 18298 18357 D cellinfo: 46 bytes from 54.197.223.49: icmp_seq=1583 ttl=36 time=169 ms
08-12 16:13:11.370 18298 18357 D cellinfo: 46 bytes from 54.197.223.49: icmp_seq=1584 ttl=36 time=133 ms
08-12 16:13:11.564 18298 18357 D cellinfo: 46 bytes from 54.197.223.49: icmp_seq=1585 ttl=36 time=127 ms
08-12 16:13:11.766 18298 18357 D cellinfo: 46 bytes from 54.197.223.49: icmp_seq=1586 ttl=36 time=128 ms
08-12 16:13:11.964 18298 18357 D cellinfo: 46 bytes from 54.197.223.49: icmp_seq=1587 ttl=36 time=125 ms
08-12 16:13:12.167 18298 18357 D cellinfo: 46 bytes from 54.197.223.49: icmp_seq=1588 ttl=36 time=127 ms
08-12 16:13:12.331 18298 18298 D cellinfo: onCellInfoChanged: Operator:  UpdateTimestamp: 162668647 CellConnectionStatus: 1
08-12 16:13:12.331 18298 18298 D cellinfo: onCellInfoChanged: 5G-NR Cell Bands: [] ARFCN: 509202 Cell ID: 9223372036854775807 Physical Cell ID: 839 Tracking Area Code: 16777215
08-12 16:13:12.365 18298 18357 D cellinfo: 46 bytes from 54.197.223.49: icmp_seq=1589 ttl=36 time=124 ms
08-12 16:13:12.565 18298 18357 D cellinfo: 46 bytes from 54.197.223.49: icmp_seq=1590 ttl=36 time=123 ms
08-12 16:13:12.765 18298 18357 D cellinfo: 46 bytes from 54.197.223.49: icmp_seq=1591 ttl=36 time=122 ms
08-12 16:13:13.010 18298 18357 D cellinfo: 46 bytes from 54.197.223.49: icmp_seq=1592 ttl=36 time=166 ms
08-12 16:13:13.016 18298 18298 D cellinfo: Latitude is 41.5812924
08-12 16:13:13.016 18298 18298 D cellinfo: Longitude is -93.8298292
08-12 16:13:13.016 18298 18298 D cellinfo: Instantaneous GPS information: United States, 8929 Ashworth Rd, West Des Moines, IA 50266, USA
08-12 16:13:13.016 18298 18298 D cellinfo: getCurrentLocation() result: Location (success): 41.5812924, -93.8298292
08-12 16:13:13.164 18298 18357 D cellinfo: 46 bytes from 54.197.223.49: icmp_seq=1593 ttl=36 time=122 ms
08-12 16:13:13.352 18298 18357 D cellinfo: 46 bytes from 54.197.223.49: icmp_seq=1594 ttl=36 time=108 ms
08-12 16:13:13.564 18298 18357 D cellinfo: 46 bytes from 54.197.223.49: icmp_seq=1595 ttl=36 time=119 ms
08-12 16:13:13.764 18298 18357 D cellinfo: 46 bytes from 54.197.223.49: icmp_seq=1596 ttl=36 time=118 ms
08-12 16:13:13.964 18298 18357 D cellinfo: 46 bytes from 54.197.223.49: icmp_seq=1597 ttl=36 time=117 ms
08-12 16:13:14.164 18298 18357 D cellinfo: 46 bytes from 54.197.223.49: icmp_seq=1598 ttl=36 time=116 ms
08-12 16:13:14.406 18298 18357 D cellinfo: 46 bytes from 54.197.223.49: icmp_seq=1599 ttl=36 time=156 ms
08-12 16:13:14.607 18298 18357 D cellinfo: 46 bytes from 54.197.223.49: icmp_seq=1600 ttl=36 time=157 ms
08-12 16:13:14.804 18298 18357 D cellinfo: 46 bytes from 54.197.223.49: icmp_seq=1601 ttl=36 time=153 ms
08-12 16:13:14.964 18298 18357 D cellinfo: 46 bytes from 54.197.223.49: icmp_seq=1602 ttl=36 time=112 ms
08-12 16:13:15.244 18298 18357 D cellinfo: 46 bytes from 54.197.223.49: icmp_seq=1603 ttl=36 time=190 ms
08-12 16:13:15.289 18298 18298 D cellinfo: Latitude is 41.5812924
08-12 16:13:15.289 18298 18298 D cellinfo: Longitude is -93.8298292
08-12 16:13:15.289 18298 18298 D cellinfo: Instantaneous GPS information: United States, 8929 Ashworth Rd, West Des Moines, IA 50266, USA
08-12 16:13:15.289 18298 18298 D cellinfo: getCurrentLocation() result: Location (success): 41.5812924, -93.8298292
08-12 16:13:15.371 18298 18357 D cellinfo: 46 bytes from 54.197.223.49: icmp_seq=1604 ttl=36 time=118 ms
08-12 16:13:15.571 18298 18357 D cellinfo: 46 bytes from 54.197.223.49: icmp_seq=1605 ttl=36 time=117 ms
08-12 16:13:15.764 18298 18357 D cellinfo: 46 bytes from 54.197.223.49: icmp_seq=1606 ttl=36 time=108 ms
08-12 16:13:15.965 18298 18357 D cellinfo: 46 bytes from 54.197.223.49: icmp_seq=1607 ttl=36 time=108 ms
08-12 16:13:16.165 18298 18357 D cellinfo: 46 bytes from 54.197.223.49: icmp_seq=1608 ttl=36 time=108 ms
08-12 16:13:16.375 18298 18357 D cellinfo: 46 bytes from 54.197.223.49: icmp_seq=1609 ttl=36 time=117 ms
08-12 16:13:16.566 18298 18357 D cellinfo: 46 bytes from 54.197.223.49: icmp_seq=1610 ttl=36 time=108 ms
08-12 16:13:16.810 18298 18357 D cellinfo: 46 bytes from 54.197.223.49: icmp_seq=1611 ttl=36 time=151 ms
08-12 16:13:16.966 18298 18357 D cellinfo: 46 bytes from 54.197.223.49: icmp_seq=1612 ttl=36 time=106 ms
08-12 16:13:17.250 18298 18357 D cellinfo: 46 bytes from 54.197.223.49: icmp_seq=1613 ttl=36 time=190 ms
08-12 16:13:17.409 18298 18357 D cellinfo: 46 bytes from 54.197.223.49: icmp_seq=1614 ttl=36 time=150 ms
08-12 16:13:17.564 18298 18357 D cellinfo: 46 bytes from 54.197.223.49: icmp_seq=1615 ttl=36 time=103 ms
08-12 16:13:17.700 18298 18298 D cellinfo: onsignalStrengthsChanged: LTE Signal Strength info: rsrp: -100 rsrq: -12 rssi: -67 rssnr: 1
08-12 16:13:17.701 18298 18298 D cellinfo: onsignalStrengthsChanged: 5G-NR Signal Strength info: ssrsrp: -106 ssrsrq: -11 sssinr: 7
08-12 16:13:17.771 18298 18357 D cellinfo: 46 bytes from 54.197.223.49: icmp_seq=1616 ttl=36 time=110 ms
08-12 16:13:18.007 18298 18357 D cellinfo: 46 bytes from 54.197.223.49: icmp_seq=1617 ttl=36 time=145 ms
08-12 16:13:18.203 18298 18357 D cellinfo: 46 bytes from 54.197.223.49: icmp_seq=1618 ttl=36 time=142 ms
08-12 16:13:18.405 18298 18357 D cellinfo: 46 bytes from 54.197.223.49: icmp_seq=1619 ttl=36 time=142 ms
08-12 16:13:18.572 18298 18357 D cellinfo: 46 bytes from 54.197.223.49: icmp_seq=1620 ttl=36 time=109 ms
08-12 16:13:18.772 18298 18357 D cellinfo: 46 bytes from 54.197.223.49: icmp_seq=1621 ttl=36 time=107 ms
08-12 16:13:19.005 18298 18357 D cellinfo: 46 bytes from 54.197.223.49: icmp_seq=1622 ttl=36 time=139 ms
08-12 16:13:19.011 18298 18298 D cellinfo: Latitude is 41.5813602
08-12 16:13:19.011 18298 18298 D cellinfo: Longitude is -93.8296998
08-12 16:13:19.011 18298 18298 D cellinfo: Instantaneous GPS information: United States, 1030 Cobalt Dr, West Des Moines, IA 50266, USA
08-12 16:13:19.011 18298 18298 D cellinfo: getCurrentLocation() result: Location (success): 41.5813602, -93.8296998
08-12 16:13:19.181 18298 18357 D cellinfo: 46 bytes from 54.197.223.49: icmp_seq=1623 ttl=36 time=116 ms
08-12 16:13:19.410 18298 18357 D cellinfo: 46 bytes from 54.197.223.49: icmp_seq=1624 ttl=36 time=144 ms
08-12 16:13:19.571 18298 18357 D cellinfo: 46 bytes from 54.197.223.49: icmp_seq=1625 ttl=36 time=105 ms
08-12 16:13:19.804 18298 18357 D cellinfo: 46 bytes from 54.197.223.49: icmp_seq=1626 ttl=36 time=136 ms
08-12 16:13:20.004 18298 18357 D cellinfo: 46 bytes from 54.197.223.49: icmp_seq=1627 ttl=36 time=136 ms
08-12 16:13:20.205 18298 18357 D cellinfo: 46 bytes from 54.197.223.49: icmp_seq=1628 ttl=36 time=136 ms
08-12 16:13:20.337 18298 18298 D cellinfo: onCellInfoChanged: Operator:  UpdateTimestamp: 162676652 CellConnectionStatus: 1
08-12 16:13:20.337 18298 18298 D cellinfo: onCellInfoChanged: 5G-NR Cell Bands: [] ARFCN: 509202 Cell ID: 9223372036854775807 Physical Cell ID: 839 Tracking Area Code: 16777215
08-12 16:13:20.404 18298 18357 D cellinfo: 46 bytes from 54.197.223.49: icmp_seq=1629 ttl=36 time=135 ms
08-12 16:13:20.605 18298 18357 D cellinfo: 46 bytes from 54.197.223.49: icmp_seq=1630 ttl=36 time=136 ms
08-12 16:13:20.772 18298 18298 D cellinfo: onServiceStateChanged: Channel Number: 66811 Cell Bandwidths: [15000, 100000]
08-12 16:13:20.827 18298 18298 D cellinfo: onServiceStateChanged: Channel Number: 66811 Cell Bandwidths: [15000]
08-12 16:13:20.919 18298 18357 D cellinfo: 46 bytes from 54.197.223.49: icmp_seq=1631 ttl=36 time=249 ms
08-12 16:13:21.011 18298 18357 D cellinfo: 46 bytes from 54.197.223.49: icmp_seq=1632 ttl=36 time=137 ms
08-12 16:13:21.056 18298 18298 D cellinfo: onsignalStrengthsChanged: LTE Signal Strength info: rsrp: -89 rsrq: -12 rssi: -59 rssnr: 10
08-12 16:13:21.056 18298 18298 D cellinfo: onsignalStrengthsChanged: 5G-NR Signal Strength info: ssrsrp: -88 ssrsrq: -10 sssinr: 15
08-12 16:13:21.163 18298 18357 D cellinfo: 46 bytes from 54.197.223.49: icmp_seq=1633 ttl=36 time=90.8 ms
08-12 16:13:21.288 18298 18298 D cellinfo: Latitude is 41.5813602
08-12 16:13:21.288 18298 18298 D cellinfo: Longitude is -93.8296998
08-12 16:13:21.288 18298 18298 D cellinfo: Instantaneous GPS information: United States, 1030 Cobalt Dr, West Des Moines, IA 50266, USA
08-12 16:13:21.288 18298 18298 D cellinfo: getCurrentLocation() result: Location (success): 41.5813602, -93.8296998
08-12 16:13:21.364 18298 18357 D cellinfo: 46 bytes from 54.197.223.49: icmp_seq=1634 ttl=36 time=91.7 ms
08-12 16:13:21.651 18298 18298 D cellinfo: onServiceStateChanged: Channel Number: 66811 Cell Bandwidths: [15000, 100000]
08-12 16:13:21.715 18298 18298 D cellinfo: onServiceStateChanged: Channel Number: 66811 Cell Bandwidths: [15000]
08-12 16:13:21.715 18298 18357 D cellinfo: 46 bytes from 54.197.223.49: icmp_seq=1635 ttl=36 time=241 ms
08-12 16:13:21.715 18298 18357 D cellinfo: 46 bytes from 54.197.223.49: icmp_seq=1635 ttl=36 time=241 ms (DUP!)
08-12 16:13:21.798 18298 18357 D cellinfo: 46 bytes from 54.197.223.49: icmp_seq=1636 ttl=36 time=121 ms
08-12 16:13:21.975 18298 18357 D cellinfo: 46 bytes from 54.197.223.49: icmp_seq=1637 ttl=36 time=97.0 ms
08-12 16:13:22.198 18298 18357 D cellinfo: 46 bytes from 54.197.223.49: icmp_seq=1638 ttl=36 time=119 ms
08-12 16:13:22.405 18298 18357 D cellinfo: 46 bytes from 54.197.223.49: icmp_seq=1639 ttl=36 time=124 ms
08-12 16:13:22.639 18298 18357 D cellinfo: 46 bytes from 54.197.223.49: icmp_seq=1640 ttl=36 time=158 ms
08-12 16:13:22.838 18298 18357 D cellinfo: 46 bytes from 54.197.223.49: icmp_seq=1641 ttl=36 time=156 ms
08-12 16:13:23.003 18298 18357 D cellinfo: 46 bytes from 54.197.223.49: icmp_seq=1642 ttl=36 time=118 ms
08-12 16:13:23.199 18298 18357 D cellinfo: 46 bytes from 54.197.223.49: icmp_seq=1643 ttl=36 time=114 ms
08-12 16:13:23.439 18298 18357 D cellinfo: 46 bytes from 54.197.223.49: icmp_seq=1644 ttl=36 time=153 ms
08-12 16:13:23.643 18298 18357 D cellinfo: 46 bytes from 54.197.223.49: icmp_seq=1645 ttl=36 time=158 ms
08-12 16:13:23.802 18298 18357 D cellinfo: 46 bytes from 54.197.223.49: icmp_seq=1646 ttl=36 time=114 ms
08-12 16:13:24.045 18298 18357 D cellinfo: 46 bytes from 54.197.223.49: icmp_seq=1647 ttl=36 time=157 ms
08-12 16:13:24.278 18298 18357 D cellinfo: 46 bytes from 54.197.223.49: icmp_seq=1648 ttl=36 time=191 ms
08-12 16:13:24.400 18298 18357 D cellinfo: 46 bytes from 54.197.223.49: icmp_seq=1649 ttl=36 time=113 ms
08-12 16:13:24.616 18298 18357 D cellinfo: 46 bytes from 54.197.223.49: icmp_seq=1650 ttl=36 time=128 ms
08-12 16:13:24.807 18298 18357 D cellinfo: 46 bytes from 54.197.223.49: icmp_seq=1651 ttl=36 time=118 ms
08-12 16:13:25.039 18298 18357 D cellinfo: 46 bytes from 54.197.223.49: icmp_seq=1652 ttl=36 time=149 ms
08-12 16:13:25.125 18298 18298 D cellinfo: Latitude is 41.583346
08-12 16:13:25.125 18298 18298 D cellinfo: Longitude is -93.8258446
08-12 16:13:25.125 18298 18298 D cellinfo: Instantaneous GPS information: United States, 8602 Westown Pkwy, West Des Moines, IA 50266, USA
08-12 16:13:25.125 18298 18298 D cellinfo: getCurrentLocation() result: Location (success): 41.583346, -93.8258446
08-12 16:13:25.221 18298 18357 D cellinfo: 46 bytes from 54.197.223.49: icmp_seq=1653 ttl=36 time=132 ms
08-12 16:13:25.439 18298 18357 D cellinfo: 46 bytes from 54.197.223.49: icmp_seq=1654 ttl=36 time=148 ms
08-12 16:13:25.645 18298 18357 D cellinfo: 46 bytes from 54.197.223.49: icmp_seq=1655 ttl=36 time=154 ms
08-12 16:13:25.840 18298 18357 D cellinfo: 46 bytes from 54.197.223.49: icmp_seq=1656 ttl=36 time=149 ms
08-12 16:13:26.000 18298 18357 D cellinfo: 46 bytes from 54.197.223.49: icmp_seq=1657 ttl=36 time=108 ms
08-12 16:13:26.344 18298 18298 D cellinfo: onCellInfoChanged: Operator:  UpdateTimestamp: 162682656 CellConnectionStatus: 1
08-12 16:13:26.345 18298 18298 D cellinfo: onCellInfoChanged: 5G-NR Cell Bands: [] ARFCN: 509202 Cell ID: 9223372036854775807 Physical Cell ID: 839 Tracking Area Code: 16777215
08-12 16:13:26.401 18298 18357 D cellinfo: 46 bytes from 54.197.223.49: icmp_seq=1658 ttl=36 time=309 ms
08-12 16:13:26.401 18298 18357 D cellinfo: 46 bytes from 54.197.223.49: icmp_seq=1659 ttl=36 time=108 ms
08-12 16:13:26.725 18298 18357 D cellinfo: 46 bytes from 54.197.223.49: icmp_seq=1660 ttl=36 time=231 ms
08-12 16:13:26.839 18298 18357 D cellinfo: 46 bytes from 54.197.223.49: icmp_seq=1661 ttl=36 time=141 ms
08-12 16:13:27.045 18298 18357 D cellinfo: 46 bytes from 54.197.223.49: icmp_seq=1662 ttl=36 time=146 ms
08-12 16:13:27.207 18298 18357 D cellinfo: 46 bytes from 54.197.223.49: icmp_seq=1663 ttl=36 time=109 ms
08-12 16:13:27.284 18298 18298 D cellinfo: Latitude is 41.583346
08-12 16:13:27.284 18298 18298 D cellinfo: Longitude is -93.8258446
08-12 16:13:27.284 18298 18298 D cellinfo: Instantaneous GPS information: United States, 8602 Westown Pkwy, West Des Moines, IA 50266, USA
08-12 16:13:27.284 18298 18298 D cellinfo: getCurrentLocation() result: Location (success): 41.583346, -93.8258446
08-12 16:13:27.440 18298 18357 D cellinfo: 46 bytes from 54.197.223.49: icmp_seq=1664 ttl=36 time=140 ms
08-12 16:13:27.644 18298 18357 D cellinfo: 46 bytes from 54.197.223.49: icmp_seq=1665 ttl=36 time=144 ms
08-12 16:13:27.838 18298 18357 D cellinfo: 46 bytes from 54.197.223.49: icmp_seq=1666 ttl=36 time=138 ms
08-12 16:13:28.049 18298 18357 D cellinfo: 46 bytes from 54.197.223.49: icmp_seq=1667 ttl=36 time=149 ms
08-12 16:13:28.239 18298 18357 D cellinfo: 46 bytes from 54.197.223.49: icmp_seq=1668 ttl=36 time=139 ms
08-12 16:13:28.445 18298 18357 D cellinfo: 46 bytes from 54.197.223.49: icmp_seq=1669 ttl=36 time=145 ms
08-12 16:13:28.639 18298 18357 D cellinfo: 46 bytes from 54.197.223.49: icmp_seq=1670 ttl=36 time=138 ms
08-12 16:13:28.845 18298 18357 D cellinfo: 46 bytes from 54.197.223.49: icmp_seq=1671 ttl=36 time=144 ms
08-12 16:13:29.038 18298 18357 D cellinfo: 46 bytes from 54.197.223.49: icmp_seq=1672 ttl=36 time=137 ms
08-12 16:13:29.245 18298 18357 D cellinfo: 46 bytes from 54.197.223.49: icmp_seq=1673 ttl=36 time=143 ms
08-12 16:13:29.439 18298 18357 D cellinfo: 46 bytes from 54.197.223.49: icmp_seq=1674 ttl=36 time=136 ms
08-12 16:13:29.643 18298 18357 D cellinfo: 46 bytes from 54.197.223.49: icmp_seq=1675 ttl=36 time=139 ms
08-12 16:13:29.841 18298 18357 D cellinfo: 46 bytes from 54.197.223.49: icmp_seq=1676 ttl=36 time=136 ms
08-12 16:13:29.856 18298 18298 D cellinfo: onsignalStrengthsChanged: LTE Signal Strength info: rsrp: -100 rsrq: -10 rssi: -71 rssnr: 7
08-12 16:13:29.856 18298 18298 D cellinfo: onsignalStrengthsChanged: 5G-NR Signal Strength info: ssrsrp: -104 ssrsrq: -12 sssinr: 22
08-12 16:13:30.041 18298 18357 D cellinfo: 46 bytes from 54.197.223.49: icmp_seq=1677 ttl=36 time=136 ms
08-12 16:13:30.240 18298 18357 D cellinfo: 46 bytes from 54.197.223.49: icmp_seq=1678 ttl=36 time=135 ms
08-12 16:13:30.288 18298 18298 D cellinfo: Latitude is 41.583346
08-12 16:13:30.288 18298 18298 D cellinfo: Longitude is -93.8258446
08-12 16:13:30.288 18298 18298 D cellinfo: Instantaneous GPS information: United States, 8602 Westown Pkwy, West Des Moines, IA 50266, USA
08-12 16:13:30.288 18298 18298 D cellinfo: getCurrentLocation() result: Location (success): 41.583346, -93.8258446
08-12 16:13:30.413 18298 18357 D cellinfo: 46 bytes from 54.197.223.49: icmp_seq=1679 ttl=36 time=107 ms
08-12 16:13:30.719 18298 18357 D cellinfo: 46 bytes from 54.197.223.49: icmp_seq=1680 ttl=36 time=212 ms
08-12 16:13:30.839 18298 18357 D cellinfo: 46 bytes from 54.197.223.49: icmp_seq=1681 ttl=36 time=129 ms
08-12 16:13:31.039 18298 18357 D cellinfo: 46 bytes from 54.197.223.49: icmp_seq=1682 ttl=36 time=128 ms
08-12 16:13:31.239 18298 18357 D cellinfo: 46 bytes from 54.197.223.49: icmp_seq=1683 ttl=36 time=128 ms
08-12 16:13:31.439 18298 18357 D cellinfo: 46 bytes from 54.197.223.49: icmp_seq=1684 ttl=36 time=127 ms
08-12 16:13:31.646 18298 18357 D cellinfo: 46 bytes from 54.197.223.49: icmp_seq=1685 ttl=36 time=135 ms
08-12 16:13:31.839 18298 18357 D cellinfo: 46 bytes from 54.197.223.49: icmp_seq=1686 ttl=36 time=127 ms
08-12 16:13:32.047 18298 18357 D cellinfo: 46 bytes from 54.197.223.49: icmp_seq=1687 ttl=36 time=134 ms
08-12 16:13:32.240 18298 18357 D cellinfo: 46 bytes from 54.197.223.49: icmp_seq=1688 ttl=36 time=126 ms
08-12 16:13:32.346 18298 18298 D cellinfo: onCellInfoChanged: Operator:  UpdateTimestamp: 162688659 CellConnectionStatus: 1
08-12 16:13:32.346 18298 18298 D cellinfo: onCellInfoChanged: 5G-NR Cell Bands: [] ARFCN: 509202 Cell ID: 9223372036854775807 Physical Cell ID: 839 Tracking Area Code: 16777215
08-12 16:13:32.439 18298 18357 D cellinfo: 46 bytes from 54.197.223.49: icmp_seq=1689 ttl=36 time=125 ms
08-12 16:13:32.638 18298 18357 D cellinfo: 46 bytes from 54.197.223.49: icmp_seq=1690 ttl=36 time=124 ms
08-12 16:13:32.845 18298 18357 D cellinfo: 46 bytes from 54.197.223.49: icmp_seq=1691 ttl=36 time=130 ms
