08-12 16:17:59.879 18298 18357 D cellinfo: 46 bytes from 54.197.223.49: icmp_seq=3020 ttl=36 time=91.5 ms
08-12 16:18:00.019 18298 18298 D cellinfo: onsignalStrengthsChanged: LTE Signal Strength info: rsrp: -91 rsrq: -11 rssi: -61 rssnr: 1
08-12 16:18:00.019 18298 18298 D cellinfo: onsignalStrengthsChanged: 5G-NR Signal Strength info: ssrsrp: -91 ssrsrq: -11 sssinr: 12
08-12 16:18:00.090 18298 18357 D cellinfo: 46 bytes from 54.197.223.49: icmp_seq=3021 ttl=36 time=101 ms
08-12 16:18:00.282 18298 18357 D cellinfo: 46 bytes from 54.197.223.49: icmp_seq=3022 ttl=36 time=92.9 ms
08-12 16:18:00.286 18298 18298 D cellinfo: Latitude is 41.6003406
08-12 16:18:00.286 18298 18298 D cellinfo: Longitude is -93.7767218
08-12 16:18:00.286 18298 18298 D cellinfo: Instantaneous GPS information: United States, I-80, West Des Moines, IA 50266, USA
08-12 16:18:00.286 18298 18298 D cellinfo: getCurrentLocation() result: Location (success): 41.6003406, -93.7767218
08-12 16:18:00.486 18298 18357 D cellinfo: 46 bytes from 54.197.223.49: icmp_seq=3023 ttl=36 time=96.1 ms
08-12 16:18:00.701 18298 18357 D cellinfo: 46 bytes from 54.197.223.49: icmp_seq=3024 ttl=36 time=109 ms
08-12 16:18:00.901 18298 18357 D cellinfo: 46 bytes from 54.197.223.49: icmp_seq=3025 ttl=36 time=109 ms
08-12 16:18:01.101 18298 18357 D cellinfo: 46 bytes from 54.197.223.49: icmp_seq=3026 ttl=36 time=108 ms
08-12 16:18:01.301 18298 18357 D cellinfo: 46 bytes from 54.197.223.49: icmp_seq=3027 ttl=36 time=109 ms
08-12 16:18:01.500 18298 18357 D cellinfo: 46 bytes from 54.197.223.49: icmp_seq=3028 ttl=36 time=107 ms
08-12 16:18:01.701 18298 18357 D cellinfo: 46 bytes from 54.197.223.49: icmp_seq=3029 ttl=36 time=106 ms
08-12 16:18:01.901 18298 18357 D cellinfo: 46 bytes from 54.197.223.49: icmp_seq=3030 ttl=36 time=106 ms
08-12 16:18:02.100 18298 18357 D cellinfo: 46 bytes from 54.197.223.49: icmp_seq=3031 ttl=36 time=104 ms
08-12 16:18:02.300 18298 18357 D cellinfo: 46 bytes from 54.197.223.49: icmp_seq=3032 ttl=36 time=105 ms
08-12 16:18:02.500 18298 18357 D cellinfo: 46 bytes from 54.197.223.49: icmp_seq=3033 ttl=36 time=104 ms
08-12 16:18:02.700 18298 18357 D cellinfo: 46 bytes from 54.197.223.49: icmp_seq=3034 ttl=36 time=103 ms
08-12 16:18:02.900 18298 18357 D cellinfo: 46 bytes from 54.197.223.49: icmp_seq=3035 ttl=36 time=102 ms
08-12 16:18:03.102 18298 18357 D cellinfo: 46 bytes from 54.197.223.49: icmp_seq=3036 ttl=36 time=104 ms
08-12 16:18:03.303 18298 18357 D cellinfo: 46 bytes from 54.197.223.49: icmp_seq=3037 ttl=36 time=105 ms
08-12 16:18:03.511 18298 18357 D cellinfo: 46 bytes from 54.197.223.49: icmp_seq=3038 ttl=36 time=112 ms
08-12 16:18:03.699 18298 18357 D cellinfo: 46 bytes from 54.197.223.49: icmp_seq=3039 ttl=36 time=99.2 ms
08-12 16:18:03.834 18298 18298 D cellinfo: Latitude is 41.6005697
08-12 16:18:03.834 18298 18298 D cellinfo: Longitude is -93.7767218
08-12 16:18:03.834 18298 18298 D cellinfo: Instantaneous GPS information: United States, I-80, West Des Moines, IA 50266, USA
08-12 16:18:03.834 18298 18298 D cellinfo: getCurrentLocation() result: Location (success): 41.6005697, -93.7767218
08-12 16:18:03.900 18298 18357 D cellinfo: 46 bytes from 54.197.223.49: icmp_seq=3040 ttl=36 time=98.9 ms
08-12 16:18:04.098 18298 18357 D cellinfo: 46 bytes from 54.197.223.49: icmp_seq=3041 ttl=36 time=96.7 ms
08-12 16:18:04.300 18298 18357 D cellinfo: 46 bytes from 54.197.223.49: icmp_seq=3042 ttl=36 time=98.4 ms
08-12 16:18:04.498 18298 18357 D cellinfo: 46 bytes from 54.197.223.49: icmp_seq=3043 ttl=36 time=95.1 ms
08-12 16:18:04.701 18298 18357 D cellinfo: 46 bytes from 54.197.223.49: icmp_seq=3044 ttl=36 time=96.6 ms
08-12 16:18:04.898 18298 18357 D cellinfo: 46 bytes from 54.197.223.49: icmp_seq=3045 ttl=36 time=93.9 ms
08-12 16:18:05.109 18298 18357 D cellinfo: 46 bytes from 54.197.223.49: icmp_seq=3046 ttl=36 time=103 ms
08-12 16:18:05.300 18298 18357 D cellinfo: 46 bytes from 54.197.223.49: icmp_seq=3047 ttl=36 time=93.5 ms
08-12 16:18:05.352 18298 18298 D cellinfo: onCellInfoChanged: Operator:  UpdateTimestamp: 162961665 CellConnectionStatus: 1
08-12 16:18:05.352 18298 18298 D cellinfo: onCellInfoChanged: 5G-NR Cell Bands: [] ARFCN: 126400 Cell ID: 9223372036854775807 Physical Cell ID: 0 Tracking Area Code: 16777215
08-12 16:18:05.503 18298 18357 D cellinfo: 46 bytes from 54.197.223.49: icmp_seq=3048 ttl=36 time=96.7 ms
08-12 16:18:05.699 18298 18357 D cellinfo: 46 bytes from 54.197.223.49: icmp_seq=3049 ttl=36 time=91.7 ms
08-12 16:18:05.900 18298 18357 D cellinfo: 46 bytes from 54.197.223.49: icmp_seq=3050 ttl=36 time=92.1 ms
08-12 16:18:06.099 18298 18357 D cellinfo: 46 bytes from 54.197.223.49: icmp_seq=3051 ttl=36 time=90.3 ms
08-12 16:18:06.284 18298 18298 D cellinfo: Latitude is 41.6005697
08-12 16:18:06.284 18298 18298 D cellinfo: Longitude is -93.7767218
08-12 16:18:06.284 18298 18298 D cellinfo: Instantaneous GPS information: United States, I-80, West Des Moines, IA 50266, USA
08-12 16:18:06.284 18298 18298 D cellinfo: getCurrentLocation() result: Location (success): 41.6005697, -93.7767218
08-12 16:18:06.298 18298 18357 D cellinfo: 46 bytes from 54.197.223.49: icmp_seq=3052 ttl=36 time=88.5 ms
08-12 16:18:06.513 18298 18357 D cellinfo: 46 bytes from 54.197.223.49: icmp_seq=3053 ttl=36 time=102 ms
08-12 16:18:06.710 18298 18357 D cellinfo: 46 bytes from 54.197.223.49: icmp_seq=3054 ttl=36 time=97.3 ms
08-12 16:18:06.923 18298 18357 D cellinfo: 46 bytes from 54.197.223.49: icmp_seq=3055 ttl=36 time=110 ms
08-12 16:18:07.112 18298 18357 D cellinfo: 46 bytes from 54.197.223.49: icmp_seq=3056 ttl=36 time=98.8 ms
08-12 16:18:07.321 18298 18357 D cellinfo: 46 bytes from 54.197.223.49: icmp_seq=3057 ttl=36 time=107 ms
08-12 16:18:07.515 18298 18357 D cellinfo: 46 bytes from 54.197.223.49: icmp_seq=3058 ttl=36 time=99.8 ms
08-12 16:18:07.718 18298 18357 D cellinfo: 46 bytes from 54.197.223.49: icmp_seq=3059 ttl=36 time=102 ms
08-12 16:18:07.921 18298 18357 D cellinfo: 46 bytes from 54.197.223.49: icmp_seq=3060 ttl=36 time=103 ms
08-12 16:18:08.118 18298 18357 D cellinfo: 46 bytes from 54.197.223.49: icmp_seq=3061 ttl=36 time=100 ms
08-12 16:18:08.319 18298 18357 D cellinfo: 46 bytes from 54.197.223.49: icmp_seq=3062 ttl=36 time=99.4 ms
08-12 16:18:08.523 18298 18357 D cellinfo: 46 bytes from 54.197.223.49: icmp_seq=3063 ttl=36 time=102 ms
08-12 16:18:08.719 18298 18357 D cellinfo: 46 bytes from 54.197.223.49: icmp_seq=3064 ttl=36 time=97.7 ms
08-12 16:18:08.929 18298 18357 D cellinfo: 46 bytes from 54.197.223.49: icmp_seq=3065 ttl=36 time=107 ms
08-12 16:18:09.120 18298 18357 D cellinfo: 46 bytes from 54.197.223.49: icmp_seq=3066 ttl=36 time=96.3 ms
08-12 16:18:09.416 18298 18357 D cellinfo: 46 bytes from 54.197.223.49: icmp_seq=3067 ttl=36 time=192 ms
08-12 16:18:09.418 18298 18357 D cellinfo: 46 bytes from 54.197.223.49: icmp_seq=3067 ttl=36 time=194 ms (DUP!)
08-12 16:18:09.430 18298 18298 D cellinfo: onServiceStateChanged: Channel Number: 66811 Cell Bandwidths: [15000, 10000]
08-12 16:18:09.529 18298 18357 D cellinfo: 46 bytes from 54.197.223.49: icmp_seq=3068 ttl=36 time=104 ms
08-12 16:18:09.730 18298 18357 D cellinfo: 46 bytes from 54.197.223.49: icmp_seq=3069 ttl=36 time=104 ms
08-12 16:18:09.931 18298 18357 D cellinfo: 46 bytes from 54.197.223.49: icmp_seq=3070 ttl=36 time=105 ms
08-12 16:18:09.989 18298 18298 D cellinfo: Latitude is 41.6014584
08-12 16:18:09.989 18298 18298 D cellinfo: Longitude is -93.7767157
08-12 16:18:09.989 18298 18298 D cellinfo: Instantaneous GPS information: United States, I-80, West Des Moines, IA 50266, USA
08-12 16:18:09.989 18298 18298 D cellinfo: getCurrentLocation() result: Location (success): 41.6014584, -93.7767157
08-12 16:18:10.130 18298 18357 D cellinfo: 46 bytes from 54.197.223.49: icmp_seq=3071 ttl=36 time=102 ms
08-12 16:18:10.329 18298 18357 D cellinfo: 46 bytes from 54.197.223.49: icmp_seq=3072 ttl=36 time=101 ms
08-12 16:18:10.542 18298 18357 D cellinfo: 46 bytes from 54.197.223.49: icmp_seq=3073 ttl=36 time=113 ms
08-12 16:18:10.734 18298 18357 D cellinfo: 46 bytes from 54.197.223.49: icmp_seq=3074 ttl=36 time=105 ms
08-12 16:18:10.931 18298 18357 D cellinfo: 46 bytes from 54.197.223.49: icmp_seq=3075 ttl=36 time=102 ms
08-12 16:18:11.131 18298 18357 D cellinfo: 46 bytes from 54.197.223.49: icmp_seq=3076 ttl=36 time=100 ms
08-12 16:18:11.330 18298 18298 D cellinfo: onCellInfoChanged: Operator:  UpdateTimestamp: 162967644 CellConnectionStatus: 1
08-12 16:18:11.330 18298 18298 D cellinfo: onCellInfoChanged: 5G-NR Cell Bands: [] ARFCN: 126400 Cell ID: 9223372036854775807 Physical Cell ID: 0 Tracking Area Code: 16777215
08-12 16:18:11.337 18298 18357 D cellinfo: 46 bytes from 54.197.223.49: icmp_seq=3077 ttl=36 time=105 ms
08-12 16:18:11.530 18298 18357 D cellinfo: 46 bytes from 54.197.223.49: icmp_seq=3078 ttl=36 time=97.5 ms
08-12 16:18:11.729 18298 18357 D cellinfo: 46 bytes from 54.197.223.49: icmp_seq=3079 ttl=36 time=96.9 ms
08-12 16:18:11.929 18298 18357 D cellinfo: 46 bytes from 54.197.223.49: icmp_seq=3080 ttl=36 time=96.0 ms
08-12 16:18:12.129 18298 18357 D cellinfo: 46 bytes from 54.197.223.49: icmp_seq=3081 ttl=36 time=95.2 ms
08-12 16:18:12.286 18298 18298 D cellinfo: Latitude is 41.6014584
08-12 16:18:12.286 18298 18298 D cellinfo: Longitude is -93.7767157
08-12 16:18:12.286 18298 18298 D cellinfo: Instantaneous GPS information: United States, I-80, West Des Moines, IA 50266, USA
08-12 16:18:12.286 18298 18298 D cellinfo: getCurrentLocation() result: Location (success): 41.6014584, -93.7767157
08-12 16:18:12.339 18298 18357 D cellinfo: 46 bytes from 54.197.223.49: icmp_seq=3082 ttl=36 time=104 ms
08-12 16:18:12.540 18298 18357 D cellinfo: 46 bytes from 54.197.223.49: icmp_seq=3083 ttl=36 time=104 ms
08-12 16:18:12.737 18298 18357 D cellinfo: 46 bytes from 54.197.223.49: icmp_seq=3084 ttl=36 time=101 ms
08-12 16:18:12.944 18298 18357 D cellinfo: 46 bytes from 54.197.223.49: icmp_seq=3085 ttl=36 time=106 ms
08-12 16:18:13.143 18298 18357 D cellinfo: 46 bytes from 54.197.223.49: icmp_seq=3086 ttl=36 time=105 ms
08-12 16:18:13.340 18298 18357 D cellinfo: 46 bytes from 54.197.223.49: icmp_seq=3087 ttl=36 time=101 ms
08-12 16:18:13.542 18298 18357 D cellinfo: 46 bytes from 54.197.223.49: icmp_seq=3088 ttl=36 time=102 ms
08-12 16:18:13.743 18298 18357 D cellinfo: 46 bytes from 54.197.223.49: icmp_seq=3089 ttl=36 time=102 ms
08-12 16:18:13.944 18298 18357 D cellinfo: 46 bytes from 54.197.223.49: icmp_seq=3090 ttl=36 time=102 ms
08-12 16:18:14.146 18298 18357 D cellinfo: 46 bytes from 54.197.223.49: icmp_seq=3091 ttl=36 time=104 ms
08-12 16:18:14.343 18298 18357 D cellinfo: 46 bytes from 54.197.223.49: icmp_seq=3092 ttl=36 time=100 ms
08-12 16:18:14.542 18298 18357 D cellinfo: 46 bytes from 54.197.223.49: icmp_seq=3093 ttl=36 time=99.3 ms
08-12 16:18:14.742 18298 18357 D cellinfo: 46 bytes from 54.197.223.49: icmp_seq=3094 ttl=36 time=98.5 ms
08-12 16:18:14.950 18298 18357 D cellinfo: 46 bytes from 54.197.223.49: icmp_seq=3095 ttl=36 time=105 ms
08-12 16:18:15.159 18298 18357 D cellinfo: 46 bytes from 54.197.223.49: icmp_seq=3096 ttl=36 time=112 ms
08-12 16:18:15.284 18298 18298 D cellinfo: Latitude is 41.6014584
08-12 16:18:15.284 18298 18298 D cellinfo: Longitude is -93.7767157
08-12 16:18:15.284 18298 18298 D cellinfo: Instantaneous GPS information: United States, I-80, West Des Moines, IA 50266, USA
08-12 16:18:15.284 18298 18298 D cellinfo: getCurrentLocation() result: Location (success): 41.6014584, -93.7767157
08-12 16:18:15.351 18298 18357 D cellinfo: 46 bytes from 54.197.223.49: icmp_seq=3097 ttl=36 time=104 ms
08-12 16:18:15.556 18298 18357 D cellinfo: 46 bytes from 54.197.223.49: icmp_seq=3098 ttl=36 time=108 ms
08-12 16:18:15.752 18298 18357 D cellinfo: 46 bytes from 54.197.223.49: icmp_seq=3099 ttl=36 time=104 ms
08-12 16:18:15.950 18298 18357 D cellinfo: 46 bytes from 54.197.223.49: icmp_seq=3100 ttl=36 time=101 ms
08-12 16:18:16.151 18298 18357 D cellinfo: 46 bytes from 54.197.223.49: icmp_seq=3101 ttl=36 time=101 ms
08-12 16:18:16.350 18298 18357 D cellinfo: 46 bytes from 54.197.223.49: icmp_seq=3102 ttl=36 time=99.5 ms
08-12 16:18:16.552 18298 18357 D cellinfo: 46 bytes from 54.197.223.49: icmp_seq=3103 ttl=36 time=101 ms
08-12 16:18:16.749 18298 18357 D cellinfo: 46 bytes from 54.197.223.49: icmp_seq=3104 ttl=36 time=97.4 ms
08-12 16:18:16.950 18298 18357 D cellinfo: 46 bytes from 54.197.223.49: icmp_seq=3105 ttl=36 time=96.5 ms
08-12 16:18:17.150 18298 18357 D cellinfo: 46 bytes from 54.197.223.49: icmp_seq=3106 ttl=36 time=96.4 ms
08-12 16:18:17.333 18298 18298 D cellinfo: onCellInfoChanged: Operator:  UpdateTimestamp: 162973649 CellConnectionStatus: 1
08-12 16:18:17.333 18298 18298 D cellinfo: onCellInfoChanged: 5G-NR Cell Bands: [] ARFCN: 126400 Cell ID: 9223372036854775807 Physical Cell ID: 0 Tracking Area Code: 16777215
08-12 16:18:17.360 18298 18357 D cellinfo: 46 bytes from 54.197.223.49: icmp_seq=3107 ttl=36 time=105 ms
08-12 16:18:17.567 18298 18357 D cellinfo: 46 bytes from 54.197.223.49: icmp_seq=3108 ttl=36 time=110 ms
08-12 16:18:17.761 18298 18357 D cellinfo: 46 bytes from 54.197.223.49: icmp_seq=3109 ttl=36 time=104 ms
08-12 16:18:17.961 18298 18357 D cellinfo: 46 bytes from 54.197.223.49: icmp_seq=3110 ttl=36 time=103 ms
08-12 16:18:18.163 18298 18357 D cellinfo: 46 bytes from 54.197.223.49: icmp_seq=3111 ttl=36 time=104 ms
08-12 16:18:18.285 18298 18298 D cellinfo: Latitude is 41.6014584
08-12 16:18:18.285 18298 18298 D cellinfo: Longitude is -93.7767157
08-12 16:18:18.285 18298 18298 D cellinfo: Instantaneous GPS information: United States, I-80, West Des Moines, IA 50266, USA
08-12 16:18:18.285 18298 18298 D cellinfo: getCurrentLocation() result: Location (success): 41.6014584, -93.7767157
08-12 16:18:18.360 18298 18357 D cellinfo: 46 bytes from 54.197.223.49: icmp_seq=3112 ttl=36 time=100 ms
08-12 16:18:18.563 18298 18357 D cellinfo: 46 bytes from 54.197.223.49: icmp_seq=3113 ttl=36 time=103 ms
08-12 16:18:18.771 18298 18357 D cellinfo: 46 bytes from 54.197.223.49: icmp_seq=3114 ttl=36 time=110 ms
08-12 16:18:18.961 18298 18357 D cellinfo: 46 bytes from 54.197.223.49: icmp_seq=3115 ttl=36 time=98.7 ms
08-12 16:18:19.162 18298 18357 D cellinfo: 46 bytes from 54.197.223.49: icmp_seq=3116 ttl=36 time=99.3 ms
08-12 16:18:19.360 18298 18357 D cellinfo: 46 bytes from 54.197.223.49: icmp_seq=3117 ttl=36 time=96.2 ms
08-12 16:18:19.573 18298 18357 D cellinfo: 46 bytes from 54.197.223.49: icmp_seq=3118 ttl=36 time=108 ms
08-12 16:18:19.788 18298 18357 D cellinfo: 46 bytes from 54.197.223.49: icmp_seq=3119 ttl=36 time=121 ms
08-12 16:18:19.972 18298 18357 D cellinfo: 46 bytes from 54.197.223.49: icmp_seq=3120 ttl=36 time=105 ms
08-12 16:18:20.172 18298 18357 D cellinfo: 46 bytes from 54.197.223.49: icmp_seq=3121 ttl=36 time=103 ms
08-12 16:18:20.374 18298 18357 D cellinfo: 46 bytes from 54.197.223.49: icmp_seq=3122 ttl=36 time=105 ms
08-12 16:18:20.577 18298 18357 D cellinfo: 46 bytes from 54.197.223.49: icmp_seq=3123 ttl=36 time=108 ms
08-12 16:18:20.770 18298 18357 D cellinfo: 46 bytes from 54.197.223.49: icmp_seq=3124 ttl=36 time=101 ms
08-12 16:18:20.972 18298 18357 D cellinfo: 46 bytes from 54.197.223.49: icmp_seq=3125 ttl=36 time=101 ms
08-12 16:18:21.171 18298 18357 D cellinfo: 46 bytes from 54.197.223.49: icmp_seq=3126 ttl=36 time=100 ms
08-12 16:18:21.371 18298 18357 D cellinfo: 46 bytes from 54.197.223.49: icmp_seq=3127 ttl=36 time=99.2 ms
08-12 16:18:21.572 18298 18357 D cellinfo: 46 bytes from 54.197.223.49: icmp_seq=3128 ttl=36 time=100 ms
08-12 16:18:21.772 18298 18357 D cellinfo: 46 bytes from 54.197.223.49: icmp_seq=3129 ttl=36 time=98.5 ms
08-12 16:18:21.976 18298 18357 D cellinfo: 46 bytes from 54.197.223.49: icmp_seq=3130 ttl=36 time=101 ms
08-12 16:18:22.131 18298 18298 D cellinfo: Latitude is 41.6024211
08-12 16:18:22.132 18298 18298 D cellinfo: Longitude is -93.776742
08-12 16:18:22.132 18298 18298 D cellinfo: Instantaneous GPS information: United States, 11428 Forest Ave, Clive, IA 50325, USA
08-12 16:18:22.132 18298 18298 D cellinfo: getCurrentLocation() result: Location (success): 41.6024211, -93.776742
08-12 16:18:22.173 18298 18357 D cellinfo: 46 bytes from 54.197.223.49: icmp_seq=3131 ttl=36 time=98.1 ms
08-12 16:18:22.420 18298 18357 D cellinfo: 46 bytes from 54.197.223.49: icmp_seq=3132 ttl=36 time=144 ms
08-12 16:18:22.581 18298 18357 D cellinfo: 46 bytes from 54.197.223.49: icmp_seq=3133 ttl=36 time=104 ms
08-12 16:18:22.781 18298 18357 D cellinfo: 46 bytes from 54.197.223.49: icmp_seq=3134 ttl=36 time=103 ms
08-12 16:18:22.985 18298 18357 D cellinfo: 46 bytes from 54.197.223.49: icmp_seq=3135 ttl=36 time=107 ms
08-12 16:18:23.189 18298 18357 D cellinfo: 46 bytes from 54.197.223.49: icmp_seq=3136 ttl=36 time=109 ms
08-12 16:18:23.336 18298 18298 D cellinfo: onCellInfoChanged: Operator:  UpdateTimestamp: 162979651 CellConnectionStatus: 1
08-12 16:18:23.336 18298 18298 D cellinfo: onCellInfoChanged: 5G-NR Cell Bands: [] ARFCN: 126400 Cell ID: 9223372036854775807 Physical Cell ID: 0 Tracking Area Code: 16777215
08-12 16:18:23.387 18298 18357 D cellinfo: 46 bytes from 54.197.223.49: icmp_seq=3137 ttl=36 time=108 ms
08-12 16:18:23.582 18298 18357 D cellinfo: 46 bytes from 54.197.223.49: icmp_seq=3138 ttl=36 time=101 ms
08-12 16:18:23.787 18298 18357 D cellinfo: 46 bytes from 54.197.223.49: icmp_seq=3139 ttl=36 time=105 ms
08-12 16:18:23.989 18298 18357 D cellinfo: 46 bytes from 54.197.223.49: icmp_seq=3140 ttl=36 time=106 ms
08-12 16:18:24.201 18298 18357 D cellinfo: 46 bytes from 54.197.223.49: icmp_seq=3141 ttl=36 time=118 ms
08-12 16:18:24.287 18298 18298 D cellinfo: Latitude is 41.6024211
08-12 16:18:24.288 18298 18298 D cellinfo: Longitude is -93.776742
08-12 16:18:24.288 18298 18298 D cellinfo: Instantaneous GPS information: United States, 11428 Forest Ave, Clive, IA 50325, USA
08-12 16:18:24.288 18298 18298 D cellinfo: getCurrentLocation() result: Location (success): 41.6024211, -93.776742
08-12 16:18:24.383 18298 18357 D cellinfo: 46 bytes from 54.197.223.49: icmp_seq=3142 ttl=36 time=99.1 ms
08-12 16:18:24.583 18298 18357 D cellinfo: 46 bytes from 54.197.223.49: icmp_seq=3143 ttl=36 time=98.9 ms
08-12 16:18:24.809 18298 18357 D cellinfo: 46 bytes from 54.197.223.49: icmp_seq=3144 ttl=36 time=123 ms
08-12 16:18:24.991 18298 18357 D cellinfo: 46 bytes from 54.197.223.49: icmp_seq=3145 ttl=36 time=104 ms
08-12 16:18:25.194 18298 18357 D cellinfo: 46 bytes from 54.197.223.49: icmp_seq=3146 ttl=36 time=106 ms
08-12 16:18:25.391 18298 18357 D cellinfo: 46 bytes from 54.197.223.49: icmp_seq=3147 ttl=36 time=103 ms
08-12 16:18:25.591 18298 18357 D cellinfo: 46 bytes from 54.197.223.49: icmp_seq=3148 ttl=36 time=103 ms
08-12 16:18:25.790 18298 18357 D cellinfo: 46 bytes from 54.197.223.49: icmp_seq=3149 ttl=36 time=102 ms
08-12 16:18:26.016 18298 18357 D cellinfo: 46 bytes from 54.197.223.49: icmp_seq=3150 ttl=36 time=126 ms
08-12 16:18:26.192 18298 18357 D cellinfo: 46 bytes from 54.197.223.49: icmp_seq=3151 ttl=36 time=102 ms
08-12 16:18:26.391 18298 18357 D cellinfo: 46 bytes from 54.197.223.49: icmp_seq=3152 ttl=36 time=100 ms
08-12 16:18:26.593 18298 18357 D cellinfo: 46 bytes from 54.197.223.49: icmp_seq=3153 ttl=36 time=101 ms
08-12 16:18:26.790 18298 18357 D cellinfo: 46 bytes from 54.197.223.49: icmp_seq=3154 ttl=36 time=98.1 ms
08-12 16:18:27.022 18298 18357 D cellinfo: 46 bytes from 54.197.223.49: icmp_seq=3155 ttl=36 time=130 ms
08-12 16:18:27.211 18298 18357 D cellinfo: 46 bytes from 54.197.223.49: icmp_seq=3156 ttl=36 time=118 ms
08-12 16:18:27.290 18298 18298 D cellinfo: Latitude is 41.6024211
08-12 16:18:27.290 18298 18298 D cellinfo: Longitude is -93.776742
08-12 16:18:27.290 18298 18298 D cellinfo: Instantaneous GPS information: United States, 11428 Forest Ave, Clive, IA 50325, USA
08-12 16:18:27.290 18298 18298 D cellinfo: getCurrentLocation() result: Location (success): 41.6024211, -93.776742
08-12 16:18:27.393 18298 18357 D cellinfo: 46 bytes from 54.197.223.49: icmp_seq=3157 ttl=36 time=100 ms
08-12 16:18:27.599 18298 18357 D cellinfo: 46 bytes from 54.197.223.49: icmp_seq=3158 ttl=36 time=104 ms
08-12 16:18:27.794 18298 18357 D cellinfo: 46 bytes from 54.197.223.49: icmp_seq=3159 ttl=36 time=99.1 ms
08-12 16:18:28.049 18298 18357 D cellinfo: 46 bytes from 54.197.223.49: icmp_seq=3160 ttl=36 time=152 ms
08-12 16:18:28.203 18298 18357 D cellinfo: 46 bytes from 54.197.223.49: icmp_seq=3161 ttl=36 time=107 ms
08-12 16:18:28.402 18298 18357 D cellinfo: 46 bytes from 54.197.223.49: icmp_seq=3162 ttl=36 time=106 ms
08-12 16:18:28.601 18298 18357 D cellinfo: 46 bytes from 54.197.223.49: icmp_seq=3163 ttl=36 time=103 ms
08-12 16:18:28.803 18298 18357 D cellinfo: 46 bytes from 54.197.223.49: icmp_seq=3164 ttl=36 time=105 ms
08-12 16:18:29.003 18298 18357 D cellinfo: 46 bytes from 54.197.223.49: icmp_seq=3165 ttl=36 time=105 ms
08-12 16:18:29.206 18298 18357 D cellinfo: 46 bytes from 54.197.223.49: icmp_seq=3166 ttl=36 time=107 ms
08-12 16:18:29.336 18298 18298 D cellinfo: onCellInfoChanged: Operator:  UpdateTimestamp: 162985651 CellConnectionStatus: 1
08-12 16:18:29.336 18298 18298 D cellinfo: onCellInfoChanged: 5G-NR Cell Bands: [] ARFCN: 126400 Cell ID: 9223372036854775807 Physical Cell ID: 0 Tracking Area Code: 16777215
08-12 16:18:29.402 18298 18357 D cellinfo: 46 bytes from 54.197.223.49: icmp_seq=3167 ttl=36 time=103 ms
08-12 16:18:29.602 18298 18357 D cellinfo: 46 bytes from 54.197.223.49: icmp_seq=3168 ttl=36 time=102 ms
08-12 16:18:29.817 18298 18357 D cellinfo: 46 bytes from 54.197.223.49: icmp_seq=3169 ttl=36 time=117 ms
08-12 16:18:30.001 18298 18357 D cellinfo: 46 bytes from 54.197.223.49: icmp_seq=3170 ttl=36 time=101 ms
08-12 16:18:30.202 18298 18357 D cellinfo: 46 bytes from 54.197.223.49: icmp_seq=3171 ttl=36 time=102 ms
08-12 16:18:30.288 18298 18298 D cellinfo: Latitude is 41.6024211
08-12 16:18:30.288 18298 18298 D cellinfo: Longitude is -93.776742
08-12 16:18:30.288 18298 18298 D cellinfo: Instantaneous GPS information: United States, 11428 Forest Ave, Clive, IA 50325, USA
08-12 16:18:30.288 18298 18298 D cellinfo: getCurrentLocation() result: Location (success): 41.6024211, -93.776742
08-12 16:18:30.406 18298 18357 D cellinfo: 46 bytes from 54.197.223.49: icmp_seq=3172 ttl=36 time=105 ms
08-12 16:18:30.603 18298 18357 D cellinfo: 46 bytes from 54.197.223.49: icmp_seq=3173 ttl=36 time=101 ms
08-12 16:18:30.825 18298 18357 D cellinfo: 46 bytes from 54.197.223.49: icmp_seq=3174 ttl=36 time=122 ms
08-12 16:18:31.030 18298 18357 D cellinfo: 46 bytes from 54.197.223.49: icmp_seq=3175 ttl=36 time=125 ms
08-12 16:18:31.203 18298 18357 D cellinfo: 46 bytes from 54.197.223.49: icmp_seq=3176 ttl=36 time=99.3 ms
08-12 16:18:31.419 18298 18357 D cellinfo: 46 bytes from 54.197.223.49: icmp_seq=3177 ttl=36 time=113 ms
08-12 16:18:31.645 18298 18357 D cellinfo: 46 bytes from 54.197.223.49: icmp_seq=3178 ttl=36 time=139 ms
08-12 16:18:31.831 18298 18357 D cellinfo: 46 bytes from 54.197.223.49: icmp_seq=3179 ttl=36 time=124 ms
08-12 16:18:32.033 18298 18357 D cellinfo: 46 bytes from 54.197.223.49: icmp_seq=3180 ttl=36 time=126 ms
08-12 16:18:32.228 18298 18357 D cellinfo: 46 bytes from 54.197.223.49: icmp_seq=3181 ttl=36 time=121 ms
08-12 16:18:32.434 18298 18357 D cellinfo: 46 bytes from 54.197.223.49: icmp_seq=3182 ttl=36 time=125 ms
08-12 16:18:32.617 18298 18357 D cellinfo: 46 bytes from 54.197.223.49: icmp_seq=3183 ttl=36 time=107 ms
08-12 16:18:32.812 18298 18357 D cellinfo: 46 bytes from 54.197.223.49: icmp_seq=3184 ttl=36 time=102 ms
08-12 16:18:33.098 18298 18357 D cellinfo: 46 bytes from 54.197.223.49: icmp_seq=3185 ttl=36 time=187 ms
08-12 16:18:33.211 18298 18357 D cellinfo: 46 bytes from 54.197.223.49: icmp_seq=3186 ttl=36 time=101 ms
08-12 16:18:33.426 18298 18357 D cellinfo: 46 bytes from 54.197.223.49: icmp_seq=3187 ttl=36 time=115 ms
08-12 16:18:33.629 18298 18357 D cellinfo: 46 bytes from 54.197.223.49: icmp_seq=3188 ttl=36 time=116 ms
08-12 16:18:33.823 18298 18357 D cellinfo: 46 bytes from 54.197.223.49: icmp_seq=3189 ttl=36 time=110 ms
08-12 16:18:34.032 18298 18298 D cellinfo: Latitude is 41.6035527
08-12 16:18:34.033 18298 18298 D cellinfo: Longitude is -93.7767618
08-12 16:18:34.033 18298 18298 D cellinfo: Instantaneous GPS information: United States, 1520 NW 114th St, Clive, IA 50325, USA
08-12 16:18:34.033 18298 18298 D cellinfo: getCurrentLocation() result: Location (success): 41.6035527, -93.7767618
08-12 16:18:34.074 18298 18357 D cellinfo: 46 bytes from 54.197.223.49: icmp_seq=3190 ttl=36 time=159 ms
08-12 16:18:34.213 18298 18357 D cellinfo: 46 bytes from 54.197.223.49: icmp_seq=3191 ttl=36 time=99.1 ms
08-12 16:18:34.426 18298 18357 D cellinfo: 46 bytes from 54.197.223.49: icmp_seq=3192 ttl=36 time=111 ms
08-12 16:18:34.635 18298 18357 D cellinfo: 46 bytes from 54.197.223.49: icmp_seq=3193 ttl=36 time=118 ms
08-12 16:18:34.821 18298 18357 D cellinfo: 46 bytes from 54.197.223.49: icmp_seq=3194 ttl=36 time=104 ms
08-12 16:18:35.025 18298 18357 D cellinfo: 46 bytes from 54.197.223.49: icmp_seq=3195 ttl=36 time=106 ms
08-12 16:18:35.220 18298 18357 D cellinfo: 46 bytes from 54.197.223.49: icmp_seq=3196 ttl=36 time=101 ms
08-12 16:18:35.344 18298 18298 D cellinfo: onCellInfoChanged: Operator:  UpdateTimestamp: 162991659 CellConnectionStatus: 1
08-12 16:18:35.344 18298 18298 D cellinfo: onCellInfoChanged: 5G-NR Cell Bands: [] ARFCN: 126400 Cell ID: 9223372036854775807 Physical Cell ID: 0 Tracking Area Code: 16777215
08-12 16:18:35.444 18298 18357 D cellinfo: 46 bytes from 54.197.223.49: icmp_seq=3197 ttl=36 time=125 ms
08-12 16:18:35.627 18298 18357 D cellinfo: 46 bytes from 54.197.223.49: icmp_seq=3198 ttl=36 time=107 ms
08-12 16:18:35.852 18298 18357 D cellinfo: 46 bytes from 54.197.223.49: icmp_seq=3199 ttl=36 time=131 ms
08-12 16:18:36.041 18298 18357 D cellinfo: 46 bytes from 54.197.223.49: icmp_seq=3200 ttl=36 time=119 ms
08-12 16:18:36.238 18298 18357 D cellinfo: 46 bytes from 54.197.223.49: icmp_seq=3201 ttl=36 time=116 ms
08-12 16:18:36.287 18298 18298 D cellinfo: Latitude is 41.6035527
08-12 16:18:36.287 18298 18298 D cellinfo: Longitude is -93.7767618
08-12 16:18:36.287 18298 18298 D cellinfo: Instantaneous GPS information: United States, 1520 NW 114th St, Clive, IA 50325, USA
08-12 16:18:36.287 18298 18298 D cellinfo: getCurrentLocation() result: Location (success): 41.6035527, -93.7767618
08-12 16:18:36.433 18298 18357 D cellinfo: 46 bytes from 54.197.223.49: icmp_seq=3202 ttl=36 time=110 ms
08-12 16:18:36.625 18298 18357 D cellinfo: 46 bytes from 54.197.223.49: icmp_seq=3203 ttl=36 time=102 ms
08-12 16:18:36.829 18298 18357 D cellinfo: 46 bytes from 54.197.223.49: icmp_seq=3204 ttl=36 time=105 ms
08-12 16:18:37.109 18298 18357 D cellinfo: 46 bytes from 54.197.223.49: icmp_seq=3205 ttl=36 time=185 ms
08-12 16:18:37.361 18298 18357 D cellinfo: 46 bytes from 54.197.223.49: icmp_seq=3206 ttl=36 time=236 ms
08-12 16:18:37.470 18298 18357 D cellinfo: 46 bytes from 54.197.223.49: icmp_seq=3207 ttl=36 time=144 ms
08-12 16:18:37.668 18298 18357 D cellinfo: 46 bytes from 54.197.223.49: icmp_seq=3208 ttl=36 time=142 ms
08-12 16:18:37.873 18298 18357 D cellinfo: 46 bytes from 54.197.223.49: icmp_seq=3209 ttl=36 time=146 ms
08-12 16:18:38.091 18298 18357 D cellinfo: 46 bytes from 54.197.223.49: icmp_seq=3210 ttl=36 time=163 ms
08-12 16:18:38.327 18298 18357 D cellinfo: 46 bytes from 54.197.223.49: icmp_seq=3211 ttl=36 time=200 ms
08-12 16:18:38.644 18298 18357 D cellinfo: 46 bytes from 54.197.223.49: icmp_seq=3212 ttl=36 time=316 ms
08-12 16:18:38.647 18298 18357 D cellinfo: 46 bytes from 54.197.223.49: icmp_seq=3213 ttl=36 time=117 ms
08-12 16:18:38.844 18298 18357 D cellinfo: 46 bytes from 54.197.223.49: icmp_seq=3214 ttl=36 time=113 ms
08-12 16:18:39.032 18298 18357 D cellinfo: 46 bytes from 54.197.223.49: icmp_seq=3215 ttl=36 time=100 ms
08-12 16:18:39.241 18298 18357 D cellinfo: 46 bytes from 54.197.223.49: icmp_seq=3216 ttl=36 time=109 ms
08-12 16:18:39.289 18298 18298 D cellinfo: Latitude is 41.6035527
08-12 16:18:39.289 18298 18298 D cellinfo: Longitude is -93.7767618
08-12 16:18:39.289 18298 18298 D cellinfo: Instantaneous GPS information: United States, 1520 NW 114th St, Clive, IA 50325, USA
08-12 16:18:39.289 18298 18298 D cellinfo: getCurrentLocation() result: Location (success): 41.6035527, -93.7767618
08-12 16:18:39.431 18298 18357 D cellinfo: 46 bytes from 54.197.223.49: icmp_seq=3217 ttl=36 time=99.3 ms
08-12 16:18:39.632 18298 18357 D cellinfo: 46 bytes from 54.197.223.49: icmp_seq=3218 ttl=36 time=98.6 ms
08-12 16:18:39.833 18298 18357 D cellinfo: 46 bytes from 54.197.223.49: icmp_seq=3219 ttl=36 time=99.2 ms
08-12 16:18:40.034 18298 18357 D cellinfo: 46 bytes from 54.197.223.49: icmp_seq=3220 ttl=36 time=99.5 ms
08-12 16:18:40.240 18298 18357 D cellinfo: 46 bytes from 54.197.223.49: icmp_seq=3221 ttl=36 time=106 ms
08-12 16:18:40.433 18298 18357 D cellinfo: 46 bytes from 54.197.223.49: icmp_seq=3222 ttl=36 time=98.5 ms
08-12 16:18:40.641 18298 18357 D cellinfo: 46 bytes from 54.197.223.49: icmp_seq=3223 ttl=36 time=105 ms
08-12 16:18:40.841 18298 18357 D cellinfo: 46 bytes from 54.197.223.49: icmp_seq=3224 ttl=36 time=104 ms
08-12 16:18:41.041 18298 18357 D cellinfo: 46 bytes from 54.197.223.49: icmp_seq=3225 ttl=36 time=103 ms
08-12 16:18:41.240 18298 18357 D cellinfo: 46 bytes from 54.197.223.49: icmp_seq=3226 ttl=36 time=103 ms
08-12 16:18:41.338 18298 18298 D cellinfo: onCellInfoChanged: Operator:  UpdateTimestamp: 162997653 CellConnectionStatus: 1
08-12 16:18:41.338 18298 18298 D cellinfo: onCellInfoChanged: 5G-NR Cell Bands: [] ARFCN: 126400 Cell ID: 9223372036854775807 Physical Cell ID: 0 Tracking Area Code: 16777215
08-12 16:18:41.441 18298 18357 D cellinfo: 46 bytes from 54.197.223.49: icmp_seq=3227 ttl=36 time=104 ms
08-12 16:18:41.632 18298 18357 D cellinfo: 46 bytes from 54.197.223.49: icmp_seq=3228 ttl=36 time=94.5 ms
08-12 16:18:41.838 18298 18357 D cellinfo: 46 bytes from 54.197.223.49: icmp_seq=3229 ttl=36 time=98.3 ms
08-12 16:18:42.031 18298 18357 D cellinfo: 46 bytes from 54.197.223.49: icmp_seq=3230 ttl=36 time=91.1 ms
08-12 16:18:42.243 18298 18357 D cellinfo: 46 bytes from 54.197.223.49: icmp_seq=3231 ttl=36 time=103 ms
08-12 16:18:42.281 18298 18298 D cellinfo: Latitude is 41.6035527
08-12 16:18:42.281 18298 18298 D cellinfo: Longitude is -93.7767618
08-12 16:18:42.281 18298 18298 D cellinfo: Instantaneous GPS information: United States, 1520 NW 114th St, Clive, IA 50325, USA
08-12 16:18:42.281 18298 18298 D cellinfo: getCurrentLocation() result: Location (success): 41.6035527, -93.7767618
08-12 16:18:42.447 18298 18357 D cellinfo: 46 bytes from 54.197.223.49: icmp_seq=3232 ttl=36 time=106 ms
08-12 16:18:42.645 18298 18357 D cellinfo: 46 bytes from 54.197.223.49: icmp_seq=3233 ttl=36 time=103 ms
08-12 16:18:42.854 18298 18357 D cellinfo: 46 bytes from 54.197.223.49: icmp_seq=3234 ttl=36 time=111 ms
08-12 16:18:43.042 18298 18357 D cellinfo: 46 bytes from 54.197.223.49: icmp_seq=3235 ttl=36 time=98.5 ms
08-12 16:18:43.241 18298 18357 D cellinfo: 46 bytes from 54.197.223.49: icmp_seq=3236 ttl=36 time=98.3 ms
08-12 16:18:43.450 18298 18357 D cellinfo: 46 bytes from 54.197.223.49: icmp_seq=3237 ttl=36 time=106 ms
08-12 16:18:43.645 18298 18357 D cellinfo: 46 bytes from 54.197.223.49: icmp_seq=3238 ttl=36 time=99.8 ms
08-12 16:18:43.854 18298 18357 D cellinfo: 46 bytes from 54.197.223.49: icmp_seq=3239 ttl=36 time=108 ms
08-12 16:18:44.054 18298 18357 D cellinfo: 46 bytes from 54.197.223.49: icmp_seq=3240 ttl=36 time=106 ms
08-12 16:18:44.247 18298 18357 D cellinfo: 46 bytes from 54.197.223.49: icmp_seq=3241 ttl=36 time=100 ms
08-12 16:18:44.465 18298 18357 D cellinfo: 46 bytes from 54.197.223.49: icmp_seq=3242 ttl=36 time=118 ms
08-12 16:18:44.644 18298 18357 D cellinfo: 46 bytes from 54.197.223.49: icmp_seq=3243 ttl=36 time=96.2 ms
08-12 16:18:44.858 18298 18357 D cellinfo: 46 bytes from 54.197.223.49: icmp_seq=3244 ttl=36 time=109 ms
08-12 16:18:45.060 18298 18357 D cellinfo: 46 bytes from 54.197.223.49: icmp_seq=3245 ttl=36 time=110 ms
08-12 16:18:45.252 18298 18357 D cellinfo: 46 bytes from 54.197.223.49: icmp_seq=3246 ttl=36 time=102 ms
08-12 16:18:45.451 18298 18357 D cellinfo: 46 bytes from 54.197.223.49: icmp_seq=3247 ttl=36 time=99.9 ms
08-12 16:18:45.651 18298 18357 D cellinfo: 46 bytes from 54.197.223.49: icmp_seq=3248 ttl=36 time=99.5 ms
08-12 16:18:45.852 18298 18357 D cellinfo: 46 bytes from 54.197.223.49: icmp_seq=3249 ttl=36 time=99.3 ms
08-12 16:18:46.001 18298 18298 D cellinfo: Latitude is 41.6047741
08-12 16:18:46.001 18298 18298 D cellinfo: Longitude is -93.7767675
08-12 16:18:46.001 18298 18298 D cellinfo: Instantaneous GPS information: United States, 1600 NW 114th St, Clive, IA 50325, USA
08-12 16:18:46.001 18298 18298 D cellinfo: getCurrentLocation() result: Location (success): 41.6047741, -93.7767675
08-12 16:18:46.054 18298 18357 D cellinfo: 46 bytes from 54.197.223.49: icmp_seq=3250 ttl=36 time=100 ms
08-12 16:18:46.255 18298 18357 D cellinfo: 46 bytes from 54.197.223.49: icmp_seq=3251 ttl=36 time=101 ms
08-12 16:18:46.450 18298 18357 D cellinfo: 46 bytes from 54.197.223.49: icmp_seq=3252 ttl=36 time=97.4 ms
08-12 16:18:46.651 18298 18357 D cellinfo: 46 bytes from 54.197.223.49: icmp_seq=3253 ttl=36 time=96.9 ms
08-12 16:18:46.851 18298 18357 D cellinfo: 46 bytes from 54.197.223.49: icmp_seq=3254 ttl=36 time=96.9 ms
08-12 16:18:47.064 18298 18357 D cellinfo: 46 bytes from 54.197.223.49: icmp_seq=3255 ttl=36 time=108 ms
08-12 16:18:47.252 18298 18357 D cellinfo: 46 bytes from 54.197.223.49: icmp_seq=3256 ttl=36 time=96.3 ms
08-12 16:18:47.335 18298 18298 D cellinfo: onCellInfoChanged: Operator:  UpdateTimestamp: 163003647 CellConnectionStatus: 1
08-12 16:18:47.335 18298 18298 D cellinfo: onCellInfoChanged: 5G-NR Cell Bands: [] ARFCN: 126400 Cell ID: 9223372036854775807 Physical Cell ID: 0 Tracking Area Code: 16777215
08-12 16:18:47.503 18298 18357 D cellinfo: 46 bytes from 54.197.223.49: icmp_seq=3257 ttl=36 time=146 ms
08-12 16:18:47.674 18298 18357 D cellinfo: 46 bytes from 54.197.223.49: icmp_seq=3258 ttl=36 time=117 ms
08-12 16:18:47.884 18298 18357 D cellinfo: 46 bytes from 54.197.223.49: icmp_seq=3259 ttl=36 time=126 ms
08-12 16:18:48.068 18298 18357 D cellinfo: 46 bytes from 54.197.223.49: icmp_seq=3260 ttl=36 time=109 ms
08-12 16:18:48.268 18298 18357 D cellinfo: 46 bytes from 54.197.223.49: icmp_seq=3261 ttl=36 time=108 ms
08-12 16:18:48.287 18298 18298 D cellinfo: Latitude is 41.6047741
08-12 16:18:48.287 18298 18298 D cellinfo: Longitude is -93.7767675
08-12 16:18:48.287 18298 18298 D cellinfo: Instantaneous GPS information: United States, 1600 NW 114th St, Clive, IA 50325, USA
08-12 16:18:48.287 18298 18298 D cellinfo: getCurrentLocation() result: Location (success): 41.6047741, -93.7767675
08-12 16:18:48.469 18298 18357 D cellinfo: 46 bytes from 54.197.223.49: icmp_seq=3262 ttl=36 time=109 ms
08-12 16:18:48.662 18298 18357 D cellinfo: 46 bytes from 54.197.223.49: icmp_seq=3263 ttl=36 time=101 ms
08-12 16:18:48.862 18298 18357 D cellinfo: 46 bytes from 54.197.223.49: icmp_seq=3264 ttl=36 time=99.1 ms
08-12 16:18:49.101 18298 18357 D cellinfo: 46 bytes from 54.197.223.49: icmp_seq=3265 ttl=36 time=137 ms
08-12 16:18:49.269 18298 18357 D cellinfo: 46 bytes from 54.197.223.49: icmp_seq=3266 ttl=36 time=106 ms
08-12 16:18:49.464 18298 18357 D cellinfo: 46 bytes from 54.197.223.49: icmp_seq=3267 ttl=36 time=101 ms
08-12 16:18:49.684 18298 18357 D cellinfo: 46 bytes from 54.197.223.49: icmp_seq=3268 ttl=36 time=119 ms
08-12 16:18:49.861 18298 18357 D cellinfo: 46 bytes from 54.197.223.49: icmp_seq=3269 ttl=36 time=96.1 ms
08-12 16:18:50.062 18298 18357 D cellinfo: 46 bytes from 54.197.223.49: icmp_seq=3270 ttl=36 time=96.0 ms
08-12 16:18:50.261 18298 18357 D cellinfo: 46 bytes from 54.197.223.49: icmp_seq=3271 ttl=36 time=96.0 ms
08-12 16:18:50.472 18298 18357 D cellinfo: 46 bytes from 54.197.223.49: icmp_seq=3272 ttl=36 time=106 ms
08-12 16:18:50.584 18298 18298 D cellinfo: onsignalStrengthsChanged: LTE Signal Strength info: rsrp: -101 rsrq: -14 rssi: -67 rssnr: -7
08-12 16:18:50.584 18298 18298 D cellinfo: onsignalStrengthsChanged: 5G-NR Signal Strength info: ssrsrp: -95 ssrsrq: -12 sssinr: 6
08-12 16:18:50.670 18298 18357 D cellinfo: 46 bytes from 54.197.223.49: icmp_seq=3273 ttl=36 time=104 ms
08-12 16:18:50.884 18298 18357 D cellinfo: 46 bytes from 54.197.223.49: icmp_seq=3274 ttl=36 time=116 ms
08-12 16:18:51.073 18298 18357 D cellinfo: 46 bytes from 54.197.223.49: icmp_seq=3275 ttl=36 time=104 ms
08-12 16:18:51.273 18298 18357 D cellinfo: 46 bytes from 54.197.223.49: icmp_seq=3276 ttl=36 time=105 ms
08-12 16:18:51.287 18298 18298 D cellinfo: Latitude is 41.6047741
08-12 16:18:51.287 18298 18298 D cellinfo: Longitude is -93.7767675
08-12 16:18:51.287 18298 18298 D cellinfo: Instantaneous GPS information: United States, 1600 NW 114th St, Clive, IA 50325, USA
08-12 16:18:51.287 18298 18298 D cellinfo: getCurrentLocation() result: Location (success): 41.6047741, -93.7767675
08-12 16:18:51.470 18298 18357 D cellinfo: 46 bytes from 54.197.223.49: icmp_seq=3277 ttl=36 time=101 ms
08-12 16:18:51.692 18298 18357 D cellinfo: 46 bytes from 54.197.223.49: icmp_seq=3278 ttl=36 time=122 ms
08-12 16:18:51.873 18298 18357 D cellinfo: 46 bytes from 54.197.223.49: icmp_seq=3279 ttl=36 time=102 ms
08-12 16:18:52.091 18298 18357 D cellinfo: 46 bytes from 54.197.223.49: icmp_seq=3280 ttl=36 time=119 ms
08-12 16:18:52.274 18298 18357 D cellinfo: 46 bytes from 54.197.223.49: icmp_seq=3281 ttl=36 time=103 ms
08-12 16:18:52.513 18298 18357 D cellinfo: 46 bytes from 54.197.223.49: icmp_seq=3282 ttl=36 time=141 ms
08-12 16:18:52.690 18298 18357 D cellinfo: 46 bytes from 54.197.223.49: icmp_seq=3283 ttl=36 time=117 ms
08-12 16:18:52.872 18298 18357 D cellinfo: 46 bytes from 54.197.223.49: icmp_seq=3284 ttl=36 time=99.9 ms
08-12 16:18:53.073 18298 18357 D cellinfo: 46 bytes from 54.197.223.49: icmp_seq=3285 ttl=36 time=100 ms
08-12 16:18:53.277 18298 18357 D cellinfo: 46 bytes from 54.197.223.49: icmp_seq=3286 ttl=36 time=103 ms
08-12 16:18:53.335 18298 18298 D cellinfo: onCellInfoChanged: Operator:  UpdateTimestamp: 163009652 CellConnectionStatus: 1
08-12 16:18:53.335 18298 18298 D cellinfo: onCellInfoChanged: 5G-NR Cell Bands: [] ARFCN: 126400 Cell ID: 9223372036854775807 Physical Cell ID: 0 Tracking Area Code: 16777215
08-12 16:18:53.480 18298 18357 D cellinfo: 46 bytes from 54.197.223.49: icmp_seq=3287 ttl=36 time=106 ms
08-12 16:18:53.673 18298 18357 D cellinfo: 46 bytes from 54.197.223.49: icmp_seq=3288 ttl=36 time=99.1 ms
08-12 16:18:53.702 18298 18298 D cellinfo: onsignalStrengthsChanged: LTE Signal Strength info: rsrp: -91 rsrq: -10 rssi: -61 rssnr: 4
08-12 16:18:53.702 18298 18298 D cellinfo: onsignalStrengthsChanged: 5G-NR Signal Strength info: ssrsrp: -96 ssrsrq: -12 sssinr: 8
08-12 16:18:53.877 18298 18357 D cellinfo: 46 bytes from 54.197.223.49: icmp_seq=3289 ttl=36 time=100 ms
08-12 16:18:54.119 18298 18357 D cellinfo: 46 bytes from 54.197.223.49: icmp_seq=3290 ttl=36 time=142 ms
08-12 16:18:54.285 18298 18298 D cellinfo: Latitude is 41.6047741
08-12 16:18:54.285 18298 18298 D cellinfo: Longitude is -93.7767675
08-12 16:18:54.285 18298 18298 D cellinfo: Instantaneous GPS information: United States, 1600 NW 114th St, Clive, IA 50325, USA
08-12 16:18:54.285 18298 18298 D cellinfo: getCurrentLocation() result: Location (success): 41.6047741, -93.7767675
08-12 16:18:54.293 18298 18357 D cellinfo: 46 bytes from 54.197.223.49: icmp_seq=3291 ttl=36 time=117 ms
08-12 16:18:54.481 18298 18357 D cellinfo: 46 bytes from 54.197.223.49: icmp_seq=3292 ttl=36 time=103 ms
08-12 16:18:54.694 18298 18357 D cellinfo: 46 bytes from 54.197.223.49: icmp_seq=3293 ttl=36 time=116 ms
08-12 16:18:54.887 18298 18357 D cellinfo: 46 bytes from 54.197.223.49: icmp_seq=3294 ttl=36 time=107 ms
08-12 16:18:55.104 18298 18357 D cellinfo: 46 bytes from 54.197.223.49: icmp_seq=3295 ttl=36 time=124 ms
08-12 16:18:55.298 18298 18357 D cellinfo: 46 bytes from 54.197.223.49: icmp_seq=3296 ttl=36 time=118 ms
08-12 16:18:55.480 18298 18357 D cellinfo: 46 bytes from 54.197.223.49: icmp_seq=3297 ttl=36 time=100 ms
08-12 16:18:55.708 18298 18357 D cellinfo: 46 bytes from 54.197.223.49: icmp_seq=3298 ttl=36 time=127 ms
08-12 16:18:55.881 18298 18357 D cellinfo: 46 bytes from 54.197.223.49: icmp_seq=3299 ttl=36 time=100 ms
08-12 16:18:56.085 18298 18357 D cellinfo: 46 bytes from 54.197.223.49: icmp_seq=3300 ttl=36 time=102 ms
08-12 16:18:56.296 18298 18357 D cellinfo: 46 bytes from 54.197.223.49: icmp_seq=3301 ttl=36 time=114 ms
08-12 16:18:56.615 18298 18357 D cellinfo: 46 bytes from 54.197.223.49: icmp_seq=3302 ttl=36 time=233 ms
08-12 16:18:56.618 18298 18357 D cellinfo: 46 bytes from 54.197.223.49: icmp_seq=3302 ttl=36 time=235 ms (DUP!)
08-12 16:18:56.657 18298 18298 D cellinfo: onServiceStateChanged: Channel Number: 66811 Cell Bandwidths: [15000, 10000]
08-12 16:18:56.703 18298 18357 D cellinfo: 46 bytes from 54.197.223.49: icmp_seq=3303 ttl=36 time=117 ms
08-12 16:18:56.894 18298 18357 D cellinfo: 46 bytes from 54.197.223.49: icmp_seq=3304 ttl=36 time=108 ms
08-12 16:18:57.095 18298 18357 D cellinfo: 46 bytes from 54.197.223.49: icmp_seq=3305 ttl=36 time=108 ms
08-12 16:18:57.310 18298 18357 D cellinfo: 46 bytes from 54.197.223.49: icmp_seq=3306 ttl=36 time=122 ms
08-12 16:18:57.509 18298 18357 D cellinfo: 46 bytes from 54.197.223.49: icmp_seq=3307 ttl=36 time=120 ms
08-12 16:18:57.734 18298 18357 D cellinfo: 46 bytes from 54.197.223.49: icmp_seq=3308 ttl=36 time=145 ms
08-12 16:18:57.895 18298 18357 D cellinfo: 46 bytes from 54.197.223.49: icmp_seq=3309 ttl=36 time=105 ms
08-12 16:18:58.095 18298 18357 D cellinfo: 46 bytes from 54.197.223.49: icmp_seq=3310 ttl=36 time=102 ms
08-12 16:18:58.098 18298 18298 D cellinfo: Latitude is 41.6060253
08-12 16:18:58.098 18298 18298 D cellinfo: Longitude is -93.7767551
08-12 16:18:58.098 18298 18298 D cellinfo: Instantaneous GPS information: United States, 1620 NW 114th St, Clive, IA 50325, USA
08-12 16:18:58.098 18298 18298 D cellinfo: getCurrentLocation() result: Location (success): 41.6060253, -93.7767551
08-12 16:18:58.102 18298 18298 D cellinfo: onServiceStateChanged: Channel Number: 66811 Cell Bandwidths: [15000, 15000, 10000]
08-12 16:18:58.294 18298 18357 D cellinfo: 46 bytes from 54.197.223.49: icmp_seq=3311 ttl=36 time=102 ms
08-12 16:18:58.490 18298 18357 D cellinfo: 46 bytes from 54.197.223.49: icmp_seq=3312 ttl=36 time=97.4 ms
08-12 16:18:58.704 18298 18357 D cellinfo: 46 bytes from 54.197.223.49: icmp_seq=3313 ttl=36 time=110 ms
08-12 16:18:58.900 18298 18357 D cellinfo: 46 bytes from 54.197.223.49: icmp_seq=3314 ttl=36 time=105 ms
08-12 16:18:59.101 18298 18357 D cellinfo: 46 bytes from 54.197.223.49: icmp_seq=3315 ttl=36 time=105 ms
08-12 16:18:59.311 18298 18357 D cellinfo: 46 bytes from 54.197.223.49: icmp_seq=3316 ttl=36 time=114 ms
08-12 16:18:59.345 18298 18298 D cellinfo: onCellInfoChanged: Operator:  UpdateTimestamp: 163015660 CellConnectionStatus: 1
08-12 16:18:59.346 18298 18298 D cellinfo: onCellInfoChanged: 5G-NR Cell Bands: [] ARFCN: 126400 Cell ID: 9223372036854775807 Physical Cell ID: 0 Tracking Area Code: 16777215
08-12 16:18:59.511 18298 18357 D cellinfo: 46 bytes from 54.197.223.49: icmp_seq=3317 ttl=36 time=114 ms
08-12 16:18:59.702 18298 18357 D cellinfo: 46 bytes from 54.197.223.49: icmp_seq=3318 ttl=36 time=104 ms
08-12 16:18:59.898 18298 18357 D cellinfo: 46 bytes from 54.197.223.49: icmp_seq=3319 ttl=36 time=99.5 ms
08-12 16:19:00.130 18298 18357 D cellinfo: 46 bytes from 54.197.223.49: icmp_seq=3320 ttl=36 time=130 ms
08-12 16:19:00.287 18298 18298 D cellinfo: Latitude is 41.6060253
08-12 16:19:00.287 18298 18298 D cellinfo: Longitude is -93.7767551
08-12 16:19:00.287 18298 18298 D cellinfo: Instantaneous GPS information: United States, 1620 NW 114th St, Clive, IA 50325, USA
08-12 16:19:00.287 18298 18298 D cellinfo: getCurrentLocation() result: Location (success): 41.6060253, -93.7767551
08-12 16:19:00.305 18298 18357 D cellinfo: 46 bytes from 54.197.223.49: icmp_seq=3321 ttl=36 time=107 ms
08-12 16:19:00.505 18298 18357 D cellinfo: 46 bytes from 54.197.223.49: icmp_seq=3322 ttl=36 time=105 ms
08-12 16:19:00.702 18298 18357 D cellinfo: 46 bytes from 54.197.223.49: icmp_seq=3323 ttl=36 time=101 ms
08-12 16:19:00.916 18298 18357 D cellinfo: 46 bytes from 54.197.223.49: icmp_seq=3324 ttl=36 time=115 ms
08-12 16:19:01.101 18298 18357 D cellinfo: 46 bytes from 54.197.223.49: icmp_seq=3325 ttl=36 time=99.4 ms
08-12 16:19:01.312 18298 18357 D cellinfo: 46 bytes from 54.197.223.49: icmp_seq=3326 ttl=36 time=108 ms
08-12 16:19:01.529 18298 18357 D cellinfo: 46 bytes from 54.197.223.49: icmp_seq=3327 ttl=36 time=124 ms
08-12 16:19:01.710 18298 18357 D cellinfo: 46 bytes from 54.197.223.49: icmp_seq=3328 ttl=36 time=104 ms
08-12 16:19:01.922 18298 18357 D cellinfo: 46 bytes from 54.197.223.49: icmp_seq=3329 ttl=36 time=114 ms
08-12 16:19:02.126 18298 18357 D cellinfo: 46 bytes from 54.197.223.49: icmp_seq=3330 ttl=36 time=118 ms
08-12 16:19:02.327 18298 18357 D cellinfo: 46 bytes from 54.197.223.49: icmp_seq=3331 ttl=36 time=119 ms
08-12 16:19:02.526 18298 18357 D cellinfo: 46 bytes from 54.197.223.49: icmp_seq=3332 ttl=36 time=116 ms
08-12 16:19:02.712 18298 18357 D cellinfo: 46 bytes from 54.197.223.49: icmp_seq=3333 ttl=36 time=102 ms
08-12 16:19:02.913 18298 18357 D cellinfo: 46 bytes from 54.197.223.49: icmp_seq=3334 ttl=36 time=101 ms
08-12 16:19:03.133 18298 18357 D cellinfo: 46 bytes from 54.197.223.49: icmp_seq=3335 ttl=36 time=121 ms
08-12 16:19:03.296 18298 18298 D cellinfo: Latitude is 41.6060253
08-12 16:19:03.296 18298 18298 D cellinfo: Longitude is -93.7767551
08-12 16:19:03.296 18298 18298 D cellinfo: Instantaneous GPS information: United States, 1620 NW 114th St, Clive, IA 50325, USA
08-12 16:19:03.296 18298 18298 D cellinfo: getCurrentLocation() result: Location (success): 41.6060253, -93.7767551
08-12 16:19:03.349 18298 18357 D cellinfo: 46 bytes from 54.197.223.49: icmp_seq=3336 ttl=36 time=136 ms
08-12 16:19:03.511 18298 18357 D cellinfo: 46 bytes from 54.197.223.49: icmp_seq=3337 ttl=36 time=98.5 ms
08-12 16:19:03.739 18298 18357 D cellinfo: 46 bytes from 54.197.223.49: icmp_seq=3338 ttl=36 time=126 ms
08-12 16:19:03.912 18298 18357 D cellinfo: 46 bytes from 54.197.223.49: icmp_seq=3339 ttl=36 time=98.4 ms
08-12 16:19:04.112 18298 18357 D cellinfo: 46 bytes from 54.197.223.49: icmp_seq=3340 ttl=36 time=97.2 ms
08-12 16:19:04.312 18298 18357 D cellinfo: 46 bytes from 54.197.223.49: icmp_seq=3341 ttl=36 time=96.4 ms
08-12 16:19:04.530 18298 18357 D cellinfo: 46 bytes from 54.197.223.49: icmp_seq=3342 ttl=36 time=113 ms
08-12 16:19:04.731 18298 18357 D cellinfo: 46 bytes from 54.197.223.49: icmp_seq=3343 ttl=36 time=112 ms
08-12 16:19:04.940 18298 18357 D cellinfo: 46 bytes from 54.197.223.49: icmp_seq=3344 ttl=36 time=120 ms
08-12 16:19:04.984 18298 18298 D cellinfo: onsignalStrengthsChanged: LTE Signal Strength info: rsrp: -99 rsrq: -19 rssi: -61 rssnr: -4
08-12 16:19:04.984 18298 18298 D cellinfo: onsignalStrengthsChanged: 5G-NR Signal Strength info: ssrsrp: -88 ssrsrq: -11 sssinr: 11
08-12 16:19:05.144 18298 18357 D cellinfo: 46 bytes from 54.197.223.49: icmp_seq=3345 ttl=36 time=123 ms
08-12 16:19:05.322 18298 18357 D cellinfo: 46 bytes from 54.197.223.49: icmp_seq=3346 ttl=36 time=100 ms
08-12 16:19:05.341 18298 18298 D cellinfo: onCellInfoChanged: Operator:  UpdateTimestamp: 163021655 CellConnectionStatus: 1
08-12 16:19:05.342 18298 18298 D cellinfo: onCellInfoChanged: 5G-NR Cell Bands: [] ARFCN: 126400 Cell ID: 9223372036854775807 Physical Cell ID: 0 Tracking Area Code: 16777215
08-12 16:19:05.522 18298 18357 D cellinfo: 46 bytes from 54.197.223.49: icmp_seq=3347 ttl=36 time=99.1 ms
08-12 16:19:05.816 18298 18357 D cellinfo: 46 bytes from 54.197.223.49: icmp_seq=3348 ttl=36 time=191 ms
08-12 16:19:05.817 18298 18357 D cellinfo: 46 bytes from 54.197.223.49: icmp_seq=3348 ttl=36 time=194 ms (DUP!)
08-12 16:19:05.839 18298 18298 D cellinfo: onServiceStateChanged: Channel Number: 66811 Cell Bandwidths: [15000, 10000]
08-12 16:19:05.935 18298 18357 D cellinfo: 46 bytes from 54.197.223.49: icmp_seq=3349 ttl=36 time=111 ms
08-12 16:19:06.154 18298 18357 D cellinfo: 46 bytes from 54.197.223.49: icmp_seq=3350 ttl=36 time=128 ms
08-12 16:19:06.282 18298 18298 D cellinfo: Latitude is 41.6060253
08-12 16:19:06.283 18298 18298 D cellinfo: Longitude is -93.7767551
08-12 16:19:06.283 18298 18298 D cellinfo: Instantaneous GPS information: United States, 1620 NW 114th St, Clive, IA 50325, USA
08-12 16:19:06.283 18298 18298 D cellinfo: getCurrentLocation() result: Location (success): 41.6060253, -93.7767551
08-12 16:19:06.321 18298 18357 D cellinfo: 46 bytes from 54.197.223.49: icmp_seq=3351 ttl=36 time=96.4 ms
08-12 16:19:06.525 18298 18357 D cellinfo: 46 bytes from 54.197.223.49: icmp_seq=3352 ttl=36 time=98.9 ms
08-12 16:19:06.759 18298 18357 D cellinfo: 46 bytes from 54.197.223.49: icmp_seq=3353 ttl=36 time=132 ms
08-12 16:19:06.923 18298 18357 D cellinfo: 46 bytes from 54.197.223.49: icmp_seq=3354 ttl=36 time=95.8 ms
08-12 16:19:07.149 18298 18357 D cellinfo: 46 bytes from 54.197.223.49: icmp_seq=3355 ttl=36 time=121 ms
08-12 16:19:07.322 18298 18357 D cellinfo: 46 bytes from 54.197.223.49: icmp_seq=3356 ttl=36 time=93.1 ms
08-12 16:19:07.541 18298 18357 D cellinfo: 46 bytes from 54.197.223.49: icmp_seq=3357 ttl=36 time=110 ms
08-12 16:19:07.723 18298 18357 D cellinfo: 46 bytes from 54.197.223.49: icmp_seq=3358 ttl=36 time=92.2 ms
08-12 16:19:07.942 18298 18357 D cellinfo: 46 bytes from 54.197.223.49: icmp_seq=3359 ttl=36 time=110 ms
08-12 16:19:08.196 18298 18357 D cellinfo: 46 bytes from 54.197.223.49: icmp_seq=3360 ttl=36 time=163 ms
08-12 16:19:08.375 18298 18357 D cellinfo: 46 bytes from 54.197.223.49: icmp_seq=3361 ttl=36 time=141 ms
08-12 16:19:08.540 18298 18357 D cellinfo: 46 bytes from 54.197.223.49: icmp_seq=3362 ttl=36 time=105 ms
