08-12 10:54:46.998 11752 11752 D cellinfo: onCellInfoChanged: 5G-NR Cell Bands: [] ARFCN: 527202 Cell ID: 9223372036854775807 Physical Cell ID: 732 Tracking Area Code: 16777215
08-12 10:54:47.059 11752 11809 D cellinfo: 46 bytes from 54.197.223.49: icmp_seq=1075 ttl=37 time=113 ms
08-12 10:54:47.260 11752 11809 D cellinfo: 46 bytes from 54.197.223.49: icmp_seq=1076 ttl=37 time=114 ms
08-12 10:54:47.467 11752 11809 D cellinfo: 46 bytes from 54.197.223.49: icmp_seq=1077 ttl=37 time=120 ms
08-12 10:54:47.656 11752 11809 D cellinfo: 46 bytes from 54.197.223.49: icmp_seq=1078 ttl=37 time=108 ms
08-12 10:54:47.852 11752 11752 D cellinfo: onServiceStateChanged: Channel Number: 1123 Cell Bandwidths: [15000, 80000]
08-12 10:54:47.989 11752 11809 D cellinfo: 46 bytes from 54.197.223.49: icmp_seq=1079 ttl=37 time=241 ms
08-12 10:54:48.034 11752 11752 D cellinfo: onServiceStateChanged: Channel Number: 1123 Cell Bandwidths: [15000]
08-12 10:54:48.107 11752 11809 D cellinfo: 46 bytes from 54.197.223.49: icmp_seq=1080 ttl=37 time=153 ms
08-12 10:54:48.272 11752 11809 D cellinfo: 46 bytes from 54.197.223.49: icmp_seq=1081 ttl=37 time=120 ms
08-12 10:54:48.472 11752 11809 D cellinfo: 46 bytes from 54.197.223.49: icmp_seq=1082 ttl=37 time=118 ms
08-12 10:54:48.667 11752 11809 D cellinfo: 46 bytes from 54.197.223.49: icmp_seq=1083 ttl=37 time=112 ms
08-12 10:54:48.791 11752 11752 D cellinfo: Latitude is 41.25256
08-12 10:54:48.792 11752 11752 D cellinfo: Longitude is -95.8205159
08-12 10:54:48.792 11752 11752 D cellinfo: Instantaneous GPS information: United States, 168 Bennett Ave, Council Bluffs, IA 51503, USA
08-12 10:54:48.792 11752 11752 D cellinfo: getCurrentLocation() result: Location (success): 41.25256, -95.8205159
08-12 10:54:48.871 11752 11809 D cellinfo: 46 bytes from 54.197.223.49: icmp_seq=1084 ttl=37 time=115 ms
08-12 10:54:49.072 11752 11809 D cellinfo: 46 bytes from 54.197.223.49: icmp_seq=1085 ttl=37 time=114 ms
08-12 10:54:49.271 11752 11809 D cellinfo: 46 bytes from 54.197.223.49: icmp_seq=1086 ttl=37 time=114 ms
08-12 10:54:49.472 11752 11809 D cellinfo: 46 bytes from 54.197.223.49: icmp_seq=1087 ttl=37 time=115 ms
08-12 10:54:49.671 11752 11809 D cellinfo: 46 bytes from 54.197.223.49: icmp_seq=1088 ttl=37 time=112 ms
08-12 10:54:49.871 11752 11809 D cellinfo: 46 bytes from 54.197.223.49: icmp_seq=1089 ttl=37 time=112 ms
08-12 10:54:50.070 11752 11809 D cellinfo: 46 bytes from 54.197.223.49: icmp_seq=1090 ttl=37 time=111 ms
08-12 10:54:50.275 11752 11809 D cellinfo: 46 bytes from 54.197.223.49: icmp_seq=1091 ttl=37 time=115 ms
08-12 10:54:50.483 11752 11809 D cellinfo: 46 bytes from 54.197.223.49: icmp_seq=1092 ttl=37 time=123 ms
08-12 10:54:50.682 11752 11809 D cellinfo: 46 bytes from 54.197.223.49: icmp_seq=1093 ttl=37 time=122 ms
08-12 10:54:50.883 11752 11809 D cellinfo: 46 bytes from 54.197.223.49: icmp_seq=1094 ttl=37 time=120 ms
08-12 10:54:50.951 11752 11752 D cellinfo: Latitude is 41.25256
08-12 10:54:50.951 11752 11752 D cellinfo: Longitude is -95.8205159
08-12 10:54:50.951 11752 11752 D cellinfo: Instantaneous GPS information: United States, 168 Bennett Ave, Council Bluffs, IA 51503, USA
08-12 10:54:50.951 11752 11752 D cellinfo: getCurrentLocation() result: Location (success): 41.25256, -95.8205159
08-12 10:54:51.084 11752 11809 D cellinfo: 46 bytes from 54.197.223.49: icmp_seq=1095 ttl=37 time=120 ms
08-12 10:54:51.280 11752 11809 D cellinfo: 46 bytes from 54.197.223.49: icmp_seq=1096 ttl=37 time=117 ms
08-12 10:54:51.476 11752 11809 D cellinfo: 46 bytes from 54.197.223.49: icmp_seq=1097 ttl=37 time=111 ms
08-12 10:54:51.677 11752 11809 D cellinfo: 46 bytes from 54.197.223.49: icmp_seq=1098 ttl=37 time=111 ms
08-12 10:54:51.877 11752 11809 D cellinfo: 46 bytes from 54.197.223.49: icmp_seq=1099 ttl=37 time=111 ms
08-12 10:54:52.082 11752 11809 D cellinfo: 46 bytes from 54.197.223.49: icmp_seq=1100 ttl=37 time=116 ms
08-12 10:54:52.281 11752 11809 D cellinfo: 46 bytes from 54.197.223.49: icmp_seq=1101 ttl=37 time=115 ms
08-12 10:54:52.481 11752 11809 D cellinfo: 46 bytes from 54.197.223.49: icmp_seq=1102 ttl=37 time=114 ms
08-12 10:54:52.681 11752 11809 D cellinfo: 46 bytes from 54.197.223.49: icmp_seq=1103 ttl=37 time=113 ms
08-12 10:54:52.882 11752 11809 D cellinfo: 46 bytes from 54.197.223.49: icmp_seq=1104 ttl=37 time=113 ms
08-12 10:54:53.000 11752 11752 D cellinfo: onCellInfoChanged: Operator:  UpdateTimestamp: 143569312 CellConnectionStatus: 1
08-12 10:54:53.000 11752 11752 D cellinfo: onCellInfoChanged: 5G-NR Cell Bands: [] ARFCN: 527202 Cell ID: 9223372036854775807 Physical Cell ID: 732 Tracking Area Code: 16777215
08-12 10:54:53.083 11752 11809 D cellinfo: 46 bytes from 54.197.223.49: icmp_seq=1105 ttl=37 time=112 ms
08-12 10:54:53.281 11752 11809 D cellinfo: 46 bytes from 54.197.223.49: icmp_seq=1106 ttl=37 time=111 ms
08-12 10:54:53.490 11752 11809 D cellinfo: 46 bytes from 54.197.223.49: icmp_seq=1107 ttl=37 time=118 ms
08-12 10:54:53.681 11752 11809 D cellinfo: 46 bytes from 54.197.223.49: icmp_seq=1108 ttl=37 time=109 ms
08-12 10:54:53.885 11752 11809 D cellinfo: 46 bytes from 54.197.223.49: icmp_seq=1109 ttl=37 time=113 ms
08-12 10:54:53.950 11752 11752 D cellinfo: Latitude is 41.25256
08-12 10:54:53.950 11752 11752 D cellinfo: Longitude is -95.8205159
08-12 10:54:53.950 11752 11752 D cellinfo: Instantaneous GPS information: United States, 168 Bennett Ave, Council Bluffs, IA 51503, USA
08-12 10:54:53.950 11752 11752 D cellinfo: getCurrentLocation() result: Location (success): 41.25256, -95.8205159
08-12 10:54:54.084 11752 11809 D cellinfo: 46 bytes from 54.197.223.49: icmp_seq=1110 ttl=37 time=111 ms
08-12 10:54:54.290 11752 11809 D cellinfo: 46 bytes from 54.197.223.49: icmp_seq=1111 ttl=37 time=117 ms
08-12 10:54:54.489 11752 11809 D cellinfo: 46 bytes from 54.197.223.49: icmp_seq=1112 ttl=37 time=116 ms
08-12 10:54:54.687 11752 11809 D cellinfo: 46 bytes from 54.197.223.49: icmp_seq=1113 ttl=37 time=113 ms
08-12 10:54:54.888 11752 11809 D cellinfo: 46 bytes from 54.197.223.49: icmp_seq=1114 ttl=37 time=113 ms
08-12 10:54:55.086 11752 11809 D cellinfo: 46 bytes from 54.197.223.49: icmp_seq=1115 ttl=37 time=112 ms
08-12 10:54:55.289 11752 11809 D cellinfo: 46 bytes from 54.197.223.49: icmp_seq=1116 ttl=37 time=114 ms
08-12 10:54:55.488 11752 11809 D cellinfo: 46 bytes from 54.197.223.49: icmp_seq=1117 ttl=37 time=112 ms
08-12 10:54:55.692 11752 11809 D cellinfo: 46 bytes from 54.197.223.49: icmp_seq=1118 ttl=37 time=116 ms
08-12 10:54:55.893 11752 11809 D cellinfo: 46 bytes from 54.197.223.49: icmp_seq=1119 ttl=37 time=115 ms
08-12 10:54:56.101 11752 11809 D cellinfo: 46 bytes from 54.197.223.49: icmp_seq=1120 ttl=37 time=123 ms
08-12 10:54:56.291 11752 11809 D cellinfo: 46 bytes from 54.197.223.49: icmp_seq=1121 ttl=37 time=113 ms
08-12 10:54:56.497 11752 11809 D cellinfo: 46 bytes from 54.197.223.49: icmp_seq=1122 ttl=37 time=118 ms
08-12 10:54:56.692 11752 11809 D cellinfo: 46 bytes from 54.197.223.49: icmp_seq=1123 ttl=37 time=113 ms
08-12 10:54:56.898 11752 11809 D cellinfo: 46 bytes from 54.197.223.49: icmp_seq=1124 ttl=37 time=118 ms
08-12 10:54:56.956 11752 11752 D cellinfo: Latitude is 41.25256
08-12 10:54:56.956 11752 11752 D cellinfo: Longitude is -95.8205159
08-12 10:54:56.956 11752 11752 D cellinfo: Instantaneous GPS information: United States, 168 Bennett Ave, Council Bluffs, IA 51503, USA
08-12 10:54:56.956 11752 11752 D cellinfo: getCurrentLocation() result: Location (success): 41.25256, -95.8205159
08-12 10:54:57.100 11752 11809 D cellinfo: 46 bytes from 54.197.223.49: icmp_seq=1125 ttl=37 time=119 ms
08-12 10:54:57.296 11752 11809 D cellinfo: 46 bytes from 54.197.223.49: icmp_seq=1126 ttl=37 time=116 ms
08-12 10:54:57.500 11752 11809 D cellinfo: 46 bytes from 54.197.223.49: icmp_seq=1127 ttl=37 time=119 ms
08-12 10:54:57.699 11752 11809 D cellinfo: 46 bytes from 54.197.223.49: icmp_seq=1128 ttl=37 time=118 ms
08-12 10:54:57.897 11752 11809 D cellinfo: 46 bytes from 54.197.223.49: icmp_seq=1129 ttl=37 time=115 ms
08-12 10:54:58.103 11752 11809 D cellinfo: 46 bytes from 54.197.223.49: icmp_seq=1130 ttl=37 time=119 ms
08-12 10:54:58.281 11752 11752 D cellinfo: onServiceStateChanged: Channel Number: 1123 Cell Bandwidths: [15000, 80000]
08-12 10:54:58.446 11752 11809 D cellinfo: 46 bytes from 54.197.223.49: icmp_seq=1131 ttl=37 time=263 ms
08-12 10:54:58.463 11752 11752 D cellinfo: onServiceStateChanged: Channel Number: 1123 Cell Bandwidths: [15000]
08-12 10:54:58.550 11752 11809 D cellinfo: 46 bytes from 54.197.223.49: icmp_seq=1132 ttl=37 time=165 ms
08-12 10:54:58.704 11752 11809 D cellinfo: 46 bytes from 54.197.223.49: icmp_seq=1133 ttl=37 time=117 ms
08-12 10:54:58.902 11752 11809 D cellinfo: 46 bytes from 54.197.223.49: icmp_seq=1134 ttl=37 time=115 ms
08-12 10:54:58.996 11752 11752 D cellinfo: onCellInfoChanged: Operator:  UpdateTimestamp: 143575310 CellConnectionStatus: 1
08-12 10:54:58.996 11752 11752 D cellinfo: onCellInfoChanged: 5G-NR Cell Bands: [] ARFCN: 527202 Cell ID: 9223372036854775807 Physical Cell ID: 732 Tracking Area Code: 16777215
08-12 10:54:59.104 11752 11809 D cellinfo: 46 bytes from 54.197.223.49: icmp_seq=1135 ttl=37 time=117 ms
08-12 10:54:59.303 11752 11809 D cellinfo: 46 bytes from 54.197.223.49: icmp_seq=1136 ttl=37 time=115 ms
08-12 10:54:59.304 11752 11752 D cellinfo: onsignalStrengthsChanged: LTE Signal Strength info: rsrp: -92 rsrq: -6 rssi: -67 rssnr: 15
08-12 10:54:59.304 11752 11752 D cellinfo: onsignalStrengthsChanged: 5G-NR Signal Strength info: ssrsrp: -88 ssrsrq: -10 sssinr: 27
08-12 10:54:59.504 11752 11809 D cellinfo: 46 bytes from 54.197.223.49: icmp_seq=1137 ttl=37 time=116 ms
08-12 10:54:59.713 11752 11809 D cellinfo: 46 bytes from 54.197.223.49: icmp_seq=1138 ttl=37 time=124 ms
08-12 10:54:59.917 11752 11809 D cellinfo: 46 bytes from 54.197.223.49: icmp_seq=1139 ttl=37 time=127 ms
08-12 10:55:00.112 11752 11809 D cellinfo: 46 bytes from 54.197.223.49: icmp_seq=1140 ttl=37 time=122 ms
08-12 10:55:00.302 11752 11809 D cellinfo: 46 bytes from 54.197.223.49: icmp_seq=1141 ttl=37 time=112 ms
08-12 10:55:00.510 11752 11809 D cellinfo: 46 bytes from 54.197.223.49: icmp_seq=1142 ttl=37 time=119 ms
08-12 10:55:00.703 11752 11809 D cellinfo: 46 bytes from 54.197.223.49: icmp_seq=1143 ttl=37 time=110 ms
08-12 10:55:00.723 11752 11752 D cellinfo: Latitude is 41.2534133
08-12 10:55:00.723 11752 11752 D cellinfo: Longitude is -95.8199235
08-12 10:55:00.723 11752 11752 D cellinfo: Instantaneous GPS information: United States, Bennett Ave & Franklin Ave NE, Council Bluffs, IA 51503, USA
08-12 10:55:00.723 11752 11752 D cellinfo: getCurrentLocation() result: Location (success): 41.2534133, -95.8199235
08-12 10:55:00.899 11752 11809 D cellinfo: 46 bytes from 54.197.223.49: icmp_seq=1144 ttl=37 time=107 ms
08-12 10:55:01.103 11752 11809 D cellinfo: 46 bytes from 54.197.223.49: icmp_seq=1145 ttl=37 time=109 ms
08-12 10:55:01.320 11752 11809 D cellinfo: 46 bytes from 54.197.223.49: icmp_seq=1146 ttl=37 time=126 ms
08-12 10:55:01.518 11752 11809 D cellinfo: 46 bytes from 54.197.223.49: icmp_seq=1147 ttl=37 time=123 ms
08-12 10:55:01.715 11752 11809 D cellinfo: 46 bytes from 54.197.223.49: icmp_seq=1148 ttl=37 time=119 ms
08-12 10:55:01.908 11752 11809 D cellinfo: 46 bytes from 54.197.223.49: icmp_seq=1149 ttl=37 time=111 ms
08-12 10:55:02.107 11752 11809 D cellinfo: 46 bytes from 54.197.223.49: icmp_seq=1150 ttl=37 time=109 ms
08-12 10:55:02.323 11752 11809 D cellinfo: 46 bytes from 54.197.223.49: icmp_seq=1151 ttl=37 time=125 ms
08-12 10:55:02.520 11752 11809 D cellinfo: 46 bytes from 54.197.223.49: icmp_seq=1152 ttl=37 time=121 ms
08-12 10:55:02.718 11752 11809 D cellinfo: 46 bytes from 54.197.223.49: icmp_seq=1153 ttl=37 time=117 ms
08-12 10:55:02.925 11752 11809 D cellinfo: 46 bytes from 54.197.223.49: icmp_seq=1154 ttl=37 time=124 ms
08-12 10:55:02.979 11752 11752 D cellinfo: Latitude is 41.2534133
08-12 10:55:02.979 11752 11752 D cellinfo: Longitude is -95.8199235
08-12 10:55:02.979 11752 11752 D cellinfo: Instantaneous GPS information: United States, Bennett Ave & Franklin Ave NE, Council Bluffs, IA 51503, USA
08-12 10:55:02.979 11752 11752 D cellinfo: getCurrentLocation() result: Location (success): 41.2534133, -95.8199235
08-12 10:55:03.057 11752 11752 D cellinfo: onsignalStrengthsChanged: LTE Signal Strength info: rsrp: -99 rsrq: -7 rssi: -73 rssnr: 11
08-12 10:55:03.057 11752 11752 D cellinfo: onsignalStrengthsChanged: 5G-NR Signal Strength info: ssrsrp: -91 ssrsrq: -10 sssinr: 20
08-12 10:55:03.124 11752 11809 D cellinfo: 46 bytes from 54.197.223.49: icmp_seq=1155 ttl=37 time=123 ms
08-12 10:55:03.323 11752 11809 D cellinfo: 46 bytes from 54.197.223.49: icmp_seq=1156 ttl=37 time=120 ms
08-12 10:55:03.533 11752 11809 D cellinfo: 46 bytes from 54.197.223.49: icmp_seq=1157 ttl=37 time=130 ms
08-12 10:55:03.717 11752 11809 D cellinfo: 46 bytes from 54.197.223.49: icmp_seq=1158 ttl=37 time=113 ms
08-12 10:55:03.923 11752 11809 D cellinfo: 46 bytes from 54.197.223.49: icmp_seq=1159 ttl=37 time=117 ms
08-12 10:55:04.124 11752 11809 D cellinfo: 46 bytes from 54.197.223.49: icmp_seq=1160 ttl=37 time=118 ms
08-12 10:55:04.326 11752 11809 D cellinfo: 46 bytes from 54.197.223.49: icmp_seq=1161 ttl=37 time=119 ms
08-12 10:55:04.525 11752 11809 D cellinfo: 46 bytes from 54.197.223.49: icmp_seq=1162 ttl=37 time=118 ms
08-12 10:55:04.718 11752 11809 D cellinfo: 46 bytes from 54.197.223.49: icmp_seq=1163 ttl=37 time=110 ms
08-12 10:55:04.925 11752 11809 D cellinfo: 46 bytes from 54.197.223.49: icmp_seq=1164 ttl=37 time=117 ms
08-12 10:55:05.127 11752 11809 D cellinfo: 46 bytes from 54.197.223.49: icmp_seq=1165 ttl=37 time=119 ms
08-12 10:55:05.328 11752 11809 D cellinfo: 46 bytes from 54.197.223.49: icmp_seq=1166 ttl=37 time=119 ms
08-12 10:55:05.531 11752 11809 D cellinfo: 46 bytes from 54.197.223.49: icmp_seq=1167 ttl=37 time=120 ms
08-12 10:55:05.721 11752 11809 D cellinfo: 46 bytes from 54.197.223.49: icmp_seq=1168 ttl=37 time=110 ms
08-12 10:55:05.935 11752 11809 D cellinfo: 46 bytes from 54.197.223.49: icmp_seq=1169 ttl=37 time=123 ms
08-12 10:55:05.954 11752 11752 D cellinfo: Latitude is 41.2534133
08-12 10:55:05.954 11752 11752 D cellinfo: Longitude is -95.8199235
08-12 10:55:05.954 11752 11752 D cellinfo: Instantaneous GPS information: United States, Bennett Ave & Franklin Ave NE, Council Bluffs, IA 51503, USA
08-12 10:55:05.954 11752 11752 D cellinfo: getCurrentLocation() result: Location (success): 41.2534133, -95.8199235
08-12 10:55:06.132 11752 11809 D cellinfo: 46 bytes from 54.197.223.49: icmp_seq=1170 ttl=37 time=120 ms
08-12 10:55:06.297 11752 11752 D cellinfo: onCellInfoChanged: Operator:  UpdateTimestamp: 143582611 CellConnectionStatus: 1
08-12 10:55:06.297 11752 11752 D cellinfo: onCellInfoChanged: 5G-NR Cell Bands: [] ARFCN: 527202 Cell ID: 9223372036854775807 Physical Cell ID: 732 Tracking Area Code: 16777215
08-12 10:55:06.330 11752 11809 D cellinfo: 46 bytes from 54.197.223.49: icmp_seq=1171 ttl=37 time=116 ms
08-12 10:55:06.531 11752 11809 D cellinfo: 46 bytes from 54.197.223.49: icmp_seq=1172 ttl=37 time=117 ms
08-12 10:55:06.729 11752 11809 D cellinfo: 46 bytes from 54.197.223.49: icmp_seq=1173 ttl=37 time=114 ms
08-12 10:55:06.930 11752 11809 D cellinfo: 46 bytes from 54.197.223.49: icmp_seq=1174 ttl=37 time=114 ms
08-12 10:55:07.135 11752 11809 D cellinfo: 46 bytes from 54.197.223.49: icmp_seq=1175 ttl=37 time=119 ms
08-12 10:55:07.335 11752 11809 D cellinfo: 46 bytes from 54.197.223.49: icmp_seq=1176 ttl=37 time=117 ms
08-12 10:55:07.538 11752 11809 D cellinfo: 46 bytes from 54.197.223.49: icmp_seq=1177 ttl=37 time=120 ms
08-12 10:55:07.731 11752 11809 D cellinfo: 46 bytes from 54.197.223.49: icmp_seq=1178 ttl=37 time=113 ms
08-12 10:55:07.943 11752 11809 D cellinfo: 46 bytes from 54.197.223.49: icmp_seq=1179 ttl=37 time=125 ms
08-12 10:55:08.137 11752 11809 D cellinfo: 46 bytes from 54.197.223.49: icmp_seq=1180 ttl=37 time=118 ms
08-12 10:55:08.345 11752 11809 D cellinfo: 46 bytes from 54.197.223.49: icmp_seq=1181 ttl=37 time=124 ms
08-12 10:55:08.539 11752 11809 D cellinfo: 46 bytes from 54.197.223.49: icmp_seq=1182 ttl=37 time=117 ms
08-12 10:55:08.733 11752 11809 D cellinfo: 46 bytes from 54.197.223.49: icmp_seq=1183 ttl=37 time=110 ms
08-12 10:55:08.940 11752 11809 D cellinfo: 46 bytes from 54.197.223.49: icmp_seq=1184 ttl=37 time=117 ms
08-12 10:55:08.961 11752 11752 D cellinfo: Latitude is 41.2534133
08-12 10:55:08.961 11752 11752 D cellinfo: Longitude is -95.8199235
08-12 10:55:08.961 11752 11752 D cellinfo: Instantaneous GPS information: United States, Bennett Ave & Franklin Ave NE, Council Bluffs, IA 51503, USA
08-12 10:55:08.961 11752 11752 D cellinfo: getCurrentLocation() result: Location (success): 41.2534133, -95.8199235
08-12 10:55:09.137 11752 11809 D cellinfo: 46 bytes from 54.197.223.49: icmp_seq=1185 ttl=37 time=113 ms
08-12 10:55:09.340 11752 11809 D cellinfo: 46 bytes from 54.197.223.49: icmp_seq=1186 ttl=37 time=116 ms
08-12 10:55:09.460 11752 11752 D cellinfo: onsignalStrengthsChanged: LTE Signal Strength info: rsrp: -96 rsrq: -9 rssi: -69 rssnr: 10
08-12 10:55:09.460 11752 11752 D cellinfo: onsignalStrengthsChanged: 5G-NR Signal Strength info: ssrsrp: -88 ssrsrq: -10 sssinr: 19
08-12 10:55:09.544 11752 11809 D cellinfo: 46 bytes from 54.197.223.49: icmp_seq=1187 ttl=37 time=119 ms
08-12 10:55:09.737 11752 11809 D cellinfo: 46 bytes from 54.197.223.49: icmp_seq=1188 ttl=37 time=111 ms
08-12 10:55:09.946 11752 11809 D cellinfo: 46 bytes from 54.197.223.49: icmp_seq=1189 ttl=37 time=119 ms
08-12 10:55:10.143 11752 11809 D cellinfo: 46 bytes from 54.197.223.49: icmp_seq=1190 ttl=37 time=115 ms
08-12 10:55:10.345 11752 11809 D cellinfo: 46 bytes from 54.197.223.49: icmp_seq=1191 ttl=37 time=117 ms
08-12 10:55:10.546 11752 11809 D cellinfo: 46 bytes from 54.197.223.49: icmp_seq=1192 ttl=37 time=116 ms
08-12 10:55:10.746 11752 11809 D cellinfo: 46 bytes from 54.197.223.49: icmp_seq=1193 ttl=37 time=115 ms
08-12 10:55:10.950 11752 11809 D cellinfo: 46 bytes from 54.197.223.49: icmp_seq=1194 ttl=37 time=119 ms
08-12 10:55:11.147 11752 11809 D cellinfo: 46 bytes from 54.197.223.49: icmp_seq=1195 ttl=37 time=116 ms
08-12 10:55:11.350 11752 11809 D cellinfo: 46 bytes from 54.197.223.49: icmp_seq=1196 ttl=37 time=118 ms
08-12 10:55:11.551 11752 11809 D cellinfo: 46 bytes from 54.197.223.49: icmp_seq=1197 ttl=37 time=119 ms
08-12 10:55:11.743 11752 11809 D cellinfo: 46 bytes from 54.197.223.49: icmp_seq=1198 ttl=37 time=109 ms
08-12 10:55:11.951 11752 11809 D cellinfo: 46 bytes from 54.197.223.49: icmp_seq=1199 ttl=37 time=117 ms
08-12 10:55:12.154 11752 11809 D cellinfo: 46 bytes from 54.197.223.49: icmp_seq=1200 ttl=37 time=119 ms
08-12 10:55:12.351 11752 11809 D cellinfo: 46 bytes from 54.197.223.49: icmp_seq=1201 ttl=37 time=116 ms
08-12 10:55:12.552 11752 11809 D cellinfo: 46 bytes from 54.197.223.49: icmp_seq=1202 ttl=37 time=115 ms
08-12 10:55:12.746 11752 11752 D cellinfo: Latitude is 41.2547296
08-12 10:55:12.746 11752 11752 D cellinfo: Longitude is -95.8191285
08-12 10:55:12.746 11752 11752 D cellinfo: Instantaneous GPS information: United States, 136 Bennett Ave, Council Bluffs, IA 51503, USA
08-12 10:55:12.746 11752 11752 D cellinfo: getCurrentLocation() result: Location (success): 41.2547296, -95.8191285
08-12 10:55:12.747 11752 11809 D cellinfo: 46 bytes from 54.197.223.49: icmp_seq=1203 ttl=37 time=110 ms
08-12 10:55:12.756 11752 11752 D cellinfo: onCellInfoChanged: Operator:  UpdateTimestamp: 143588579 CellConnectionStatus: 1
08-12 10:55:12.756 11752 11752 D cellinfo: onCellInfoChanged: 5G-NR Cell Bands: [] ARFCN: 527202 Cell ID: 9223372036854775807 Physical Cell ID: 732 Tracking Area Code: 16777215
08-12 10:55:12.950 11752 11809 D cellinfo: 46 bytes from 54.197.223.49: icmp_seq=1204 ttl=37 time=112 ms
08-12 10:55:13.154 11752 11809 D cellinfo: 46 bytes from 54.197.223.49: icmp_seq=1205 ttl=37 time=115 ms
08-12 10:55:13.363 11752 11809 D cellinfo: 46 bytes from 54.197.223.49: icmp_seq=1206 ttl=37 time=122 ms
08-12 10:55:13.556 11752 11809 D cellinfo: 46 bytes from 54.197.223.49: icmp_seq=1207 ttl=37 time=114 ms
08-12 10:55:13.758 11752 11809 D cellinfo: 46 bytes from 54.197.223.49: icmp_seq=1208 ttl=37 time=116 ms
08-12 10:55:13.957 11752 11809 D cellinfo: 46 bytes from 54.197.223.49: icmp_seq=1209 ttl=37 time=114 ms
08-12 10:55:14.162 11752 11809 D cellinfo: 46 bytes from 54.197.223.49: icmp_seq=1210 ttl=37 time=118 ms
08-12 10:55:14.363 11752 11809 D cellinfo: 46 bytes from 54.197.223.49: icmp_seq=1211 ttl=37 time=117 ms
08-12 10:55:14.561 11752 11809 D cellinfo: 46 bytes from 54.197.223.49: icmp_seq=1212 ttl=37 time=114 ms
08-12 10:55:14.758 11752 11809 D cellinfo: 46 bytes from 54.197.223.49: icmp_seq=1213 ttl=37 time=111 ms
08-12 10:55:14.954 11752 11752 D cellinfo: Latitude is 41.2547296
08-12 10:55:14.955 11752 11752 D cellinfo: Longitude is -95.8191285
08-12 10:55:14.955 11752 11752 D cellinfo: Instantaneous GPS information: United States, 136 Bennett Ave, Council Bluffs, IA 51503, USA
08-12 10:55:14.955 11752 11752 D cellinfo: getCurrentLocation() result: Location (success): 41.2547296, -95.8191285
08-12 10:55:14.958 11752 11809 D cellinfo: 46 bytes from 54.197.223.49: icmp_seq=1214 ttl=37 time=111 ms
08-12 10:55:15.156 11752 11809 D cellinfo: 46 bytes from 54.197.223.49: icmp_seq=1215 ttl=37 time=108 ms
08-12 10:55:15.365 11752 11809 D cellinfo: 46 bytes from 54.197.223.49: icmp_seq=1216 ttl=37 time=116 ms
08-12 10:55:15.565 11752 11809 D cellinfo: 46 bytes from 54.197.223.49: icmp_seq=1217 ttl=37 time=116 ms
08-12 10:55:15.761 11752 11809 D cellinfo: 46 bytes from 54.197.223.49: icmp_seq=1218 ttl=37 time=110 ms
08-12 10:55:15.972 11752 11809 D cellinfo: 46 bytes from 54.197.223.49: icmp_seq=1219 ttl=37 time=121 ms
08-12 10:55:16.166 11752 11809 D cellinfo: 46 bytes from 54.197.223.49: icmp_seq=1220 ttl=37 time=113 ms
08-12 10:55:16.367 11752 11809 D cellinfo: 46 bytes from 54.197.223.49: icmp_seq=1221 ttl=37 time=116 ms
08-12 10:55:16.568 11752 11809 D cellinfo: 46 bytes from 54.197.223.49: icmp_seq=1222 ttl=37 time=115 ms
08-12 10:55:16.763 11752 11809 D cellinfo: 46 bytes from 54.197.223.49: icmp_seq=1223 ttl=37 time=110 ms
08-12 10:55:16.970 11752 11809 D cellinfo: 46 bytes from 54.197.223.49: icmp_seq=1224 ttl=37 time=116 ms
08-12 10:55:17.170 11752 11809 D cellinfo: 46 bytes from 54.197.223.49: icmp_seq=1225 ttl=37 time=116 ms
08-12 10:55:17.377 11752 11809 D cellinfo: 46 bytes from 54.197.223.49: icmp_seq=1226 ttl=37 time=121 ms
08-12 10:55:17.570 11752 11809 D cellinfo: 46 bytes from 54.197.223.49: icmp_seq=1227 ttl=37 time=114 ms
08-12 10:55:17.770 11752 11809 D cellinfo: 46 bytes from 54.197.223.49: icmp_seq=1228 ttl=37 time=114 ms
08-12 10:55:17.951 11752 11752 D cellinfo: Latitude is 41.2547296
08-12 10:55:17.951 11752 11752 D cellinfo: Longitude is -95.8191285
08-12 10:55:17.952 11752 11752 D cellinfo: Instantaneous GPS information: United States, 136 Bennett Ave, Council Bluffs, IA 51503, USA
08-12 10:55:17.952 11752 11752 D cellinfo: getCurrentLocation() result: Location (success): 41.2547296, -95.8191285
08-12 10:55:17.979 11752 11809 D cellinfo: 46 bytes from 54.197.223.49: icmp_seq=1229 ttl=37 time=122 ms
08-12 10:55:18.181 11752 11809 D cellinfo: 46 bytes from 54.197.223.49: icmp_seq=1230 ttl=37 time=122 ms
08-12 10:55:18.297 11752 11752 D cellinfo: onCellInfoChanged: Operator:  UpdateTimestamp: 143594610 CellConnectionStatus: 1
08-12 10:55:18.297 11752 11752 D cellinfo: onCellInfoChanged: 5G-NR Cell Bands: [] ARFCN: 527202 Cell ID: 9223372036854775807 Physical Cell ID: 732 Tracking Area Code: 16777215
08-12 10:55:18.375 11752 11809 D cellinfo: 46 bytes from 54.197.223.49: icmp_seq=1231 ttl=37 time=116 ms
08-12 10:55:18.418 11752 11752 D cellinfo: onsignalStrengthsChanged: LTE Signal Strength info: rsrp: -103 rsrq: -10 rssi: -75 rssnr: 2
08-12 10:55:18.418 11752 11752 D cellinfo: onsignalStrengthsChanged: 5G-NR Signal Strength info: ssrsrp: -94 ssrsrq: -10 sssinr: 23
08-12 10:55:18.575 11752 11809 D cellinfo: 46 bytes from 54.197.223.49: icmp_seq=1232 ttl=37 time=116 ms
08-12 10:55:18.777 11752 11809 D cellinfo: 46 bytes from 54.197.223.49: icmp_seq=1233 ttl=37 time=116 ms
08-12 10:55:18.976 11752 11809 D cellinfo: 46 bytes from 54.197.223.49: icmp_seq=1234 ttl=37 time=114 ms
08-12 10:55:19.176 11752 11809 D cellinfo: 46 bytes from 54.197.223.49: icmp_seq=1235 ttl=37 time=113 ms
08-12 10:55:19.383 11752 11809 D cellinfo: 46 bytes from 54.197.223.49: icmp_seq=1236 ttl=37 time=119 ms
08-12 10:55:19.583 11752 11809 D cellinfo: 46 bytes from 54.197.223.49: icmp_seq=1237 ttl=37 time=118 ms
08-12 10:55:19.778 11752 11809 D cellinfo: 46 bytes from 54.197.223.49: icmp_seq=1238 ttl=37 time=112 ms
08-12 10:55:19.983 11752 11809 D cellinfo: 46 bytes from 54.197.223.49: icmp_seq=1239 ttl=37 time=115 ms
08-12 10:55:20.188 11752 11809 D cellinfo: 46 bytes from 54.197.223.49: icmp_seq=1240 ttl=37 time=120 ms
08-12 10:55:20.382 11752 11809 D cellinfo: 46 bytes from 54.197.223.49: icmp_seq=1241 ttl=37 time=114 ms
08-12 10:55:20.583 11752 11809 D cellinfo: 46 bytes from 54.197.223.49: icmp_seq=1242 ttl=37 time=115 ms
08-12 10:55:20.785 11752 11809 D cellinfo: 46 bytes from 54.197.223.49: icmp_seq=1243 ttl=37 time=116 ms
08-12 10:55:20.956 11752 11752 D cellinfo: Latitude is 41.2547296
08-12 10:55:20.956 11752 11752 D cellinfo: Longitude is -95.8191285
08-12 10:55:20.956 11752 11752 D cellinfo: Instantaneous GPS information: United States, 136 Bennett Ave, Council Bluffs, IA 51503, USA
08-12 10:55:20.956 11752 11752 D cellinfo: getCurrentLocation() result: Location (success): 41.2547296, -95.8191285
08-12 10:55:20.981 11752 11809 D cellinfo: 46 bytes from 54.197.223.49: icmp_seq=1244 ttl=37 time=111 ms
08-12 10:55:21.188 11752 11809 D cellinfo: 46 bytes from 54.197.223.49: icmp_seq=1245 ttl=37 time=116 ms
08-12 10:55:21.387 11752 11809 D cellinfo: 46 bytes from 54.197.223.49: icmp_seq=1246 ttl=37 time=115 ms
08-12 10:55:21.588 11752 11809 D cellinfo: 46 bytes from 54.197.223.49: icmp_seq=1247 ttl=37 time=114 ms
08-12 10:55:21.786 11752 11809 D cellinfo: 46 bytes from 54.197.223.49: icmp_seq=1248 ttl=37 time=112 ms
08-12 10:55:21.997 11752 11809 D cellinfo: 46 bytes from 54.197.223.49: icmp_seq=1249 ttl=37 time=122 ms
08-12 10:55:22.193 11752 11809 D cellinfo: 46 bytes from 54.197.223.49: icmp_seq=1250 ttl=37 time=117 ms
08-12 10:55:22.395 11752 11809 D cellinfo: 46 bytes from 54.197.223.49: icmp_seq=1251 ttl=37 time=119 ms
08-12 10:55:22.596 11752 11809 D cellinfo: 46 bytes from 54.197.223.49: icmp_seq=1252 ttl=37 time=119 ms
08-12 10:55:22.786 11752 11809 D cellinfo: 46 bytes from 54.197.223.49: icmp_seq=1253 ttl=37 time=109 ms
08-12 10:55:22.997 11752 11809 D cellinfo: 46 bytes from 54.197.223.49: icmp_seq=1254 ttl=37 time=118 ms
08-12 10:55:23.200 11752 11809 D cellinfo: 46 bytes from 54.197.223.49: icmp_seq=1255 ttl=37 time=120 ms
08-12 10:55:23.400 11752 11809 D cellinfo: 46 bytes from 54.197.223.49: icmp_seq=1256 ttl=37 time=120 ms
08-12 10:55:23.600 11752 11809 D cellinfo: 46 bytes from 54.197.223.49: icmp_seq=1257 ttl=37 time=118 ms
08-12 10:55:23.792 11752 11809 D cellinfo: 46 bytes from 54.197.223.49: icmp_seq=1258 ttl=37 time=110 ms
08-12 10:55:23.994 11752 11809 D cellinfo: 46 bytes from 54.197.223.49: icmp_seq=1259 ttl=37 time=112 ms
08-12 10:55:24.195 11752 11809 D cellinfo: 46 bytes from 54.197.223.49: icmp_seq=1260 ttl=37 time=112 ms
08-12 10:55:24.401 11752 11809 D cellinfo: 46 bytes from 54.197.223.49: icmp_seq=1261 ttl=37 time=116 ms
08-12 10:55:24.602 11752 11809 D cellinfo: 46 bytes from 54.197.223.49: icmp_seq=1262 ttl=37 time=117 ms
08-12 10:55:24.712 11752 11752 D cellinfo: Latitude is 41.2559263
08-12 10:55:24.712 11752 11752 D cellinfo: Longitude is -95.8184102
08-12 10:55:24.712 11752 11752 D cellinfo: Instantaneous GPS information: United States, 1203 Wedgewood Dr, Council Bluffs, IA 51503, USA
08-12 10:55:24.712 11752 11752 D cellinfo: getCurrentLocation() result: Location (success): 41.2559263, -95.8184102
08-12 10:55:24.717 11752 11752 D cellinfo: onCellInfoChanged: Operator:  UpdateTimestamp: 143600567 CellConnectionStatus: 1
08-12 10:55:24.717 11752 11752 D cellinfo: onCellInfoChanged: 5G-NR Cell Bands: [] ARFCN: 527202 Cell ID: 9223372036854775807 Physical Cell ID: 732 Tracking Area Code: 16777215
08-12 10:55:24.800 11752 11809 D cellinfo: 46 bytes from 54.197.223.49: icmp_seq=1263 ttl=37 time=114 ms
08-12 10:55:25.007 11752 11809 D cellinfo: 46 bytes from 54.197.223.49: icmp_seq=1264 ttl=37 time=120 ms
08-12 10:55:25.200 11752 11809 D cellinfo: 46 bytes from 54.197.223.49: icmp_seq=1265 ttl=37 time=114 ms
08-12 10:55:25.409 11752 11809 D cellinfo: 46 bytes from 54.197.223.49: icmp_seq=1266 ttl=37 time=121 ms
08-12 10:55:25.602 11752 11809 D cellinfo: 46 bytes from 54.197.223.49: icmp_seq=1267 ttl=37 time=114 ms
08-12 10:55:25.801 11752 11809 D cellinfo: 46 bytes from 54.197.223.49: icmp_seq=1268 ttl=37 time=112 ms
08-12 10:55:26.004 11752 11809 D cellinfo: 46 bytes from 54.197.223.49: icmp_seq=1269 ttl=37 time=116 ms
08-12 10:55:26.207 11752 11809 D cellinfo: 46 bytes from 54.197.223.49: icmp_seq=1270 ttl=37 time=118 ms
08-12 10:55:26.407 11752 11809 D cellinfo: 46 bytes from 54.197.223.49: icmp_seq=1271 ttl=37 time=117 ms
08-12 10:55:26.611 11752 11809 D cellinfo: 46 bytes from 54.197.223.49: icmp_seq=1272 ttl=37 time=119 ms
08-12 10:55:26.803 11752 11809 D cellinfo: 46 bytes from 54.197.223.49: icmp_seq=1273 ttl=37 time=110 ms
08-12 10:55:26.950 11752 11752 D cellinfo: Latitude is 41.2559263
08-12 10:55:26.950 11752 11752 D cellinfo: Longitude is -95.8184102
08-12 10:55:26.950 11752 11752 D cellinfo: Instantaneous GPS information: United States, 1203 Wedgewood Dr, Council Bluffs, IA 51503, USA
08-12 10:55:26.950 11752 11752 D cellinfo: getCurrentLocation() result: Location (success): 41.2559263, -95.8184102
08-12 10:55:27.009 11752 11809 D cellinfo: 46 bytes from 54.197.223.49: icmp_seq=1274 ttl=37 time=117 ms
08-12 10:55:27.210 11752 11809 D cellinfo: 46 bytes from 54.197.223.49: icmp_seq=1275 ttl=37 time=117 ms
08-12 10:55:27.413 11752 11809 D cellinfo: 46 bytes from 54.197.223.49: icmp_seq=1276 ttl=37 time=119 ms
08-12 10:55:27.610 11752 11809 D cellinfo: 46 bytes from 54.197.223.49: icmp_seq=1277 ttl=37 time=116 ms
08-12 10:55:27.811 11752 11809 D cellinfo: 46 bytes from 54.197.223.49: icmp_seq=1278 ttl=37 time=115 ms
08-12 10:55:28.013 11752 11809 D cellinfo: 46 bytes from 54.197.223.49: icmp_seq=1279 ttl=37 time=116 ms
08-12 10:55:28.216 11752 11809 D cellinfo: 46 bytes from 54.197.223.49: icmp_seq=1280 ttl=37 time=119 ms
08-12 10:55:28.416 11752 11809 D cellinfo: 46 bytes from 54.197.223.49: icmp_seq=1281 ttl=37 time=118 ms
08-12 10:55:28.615 11752 11809 D cellinfo: 46 bytes from 54.197.223.49: icmp_seq=1282 ttl=37 time=116 ms
08-12 10:55:28.809 11752 11809 D cellinfo: 46 bytes from 54.197.223.49: icmp_seq=1283 ttl=37 time=109 ms
08-12 10:55:29.017 11752 11809 D cellinfo: 46 bytes from 54.197.223.49: icmp_seq=1284 ttl=37 time=117 ms
08-12 10:55:29.220 11752 11809 D cellinfo: 46 bytes from 54.197.223.49: icmp_seq=1285 ttl=37 time=121 ms
08-12 10:55:29.303 11752 11752 D cellinfo: onsignalStrengthsChanged: LTE Signal Strength info: rsrp: -97 rsrq: -9 rssi: -65 rssnr: 11
08-12 10:55:29.303 11752 11752 D cellinfo: onsignalStrengthsChanged: 5G-NR Signal Strength info: ssrsrp: -99 ssrsrq: -10 sssinr: 15
08-12 10:55:29.426 11752 11809 D cellinfo: 46 bytes from 54.197.223.49: icmp_seq=1286 ttl=37 time=127 ms
08-12 10:55:29.620 11752 11809 D cellinfo: 46 bytes from 54.197.223.49: icmp_seq=1287 ttl=37 time=120 ms
08-12 10:55:29.820 11752 11809 D cellinfo: 46 bytes from 54.197.223.49: icmp_seq=1288 ttl=37 time=119 ms
08-12 10:55:29.953 11752 11752 D cellinfo: Latitude is 41.2559263
08-12 10:55:29.953 11752 11752 D cellinfo: Longitude is -95.8184102
08-12 10:55:29.953 11752 11752 D cellinfo: Instantaneous GPS information: United States, 1203 Wedgewood Dr, Council Bluffs, IA 51503, USA
08-12 10:55:29.953 11752 11752 D cellinfo: getCurrentLocation() result: Location (success): 41.2559263, -95.8184102
08-12 10:55:30.017 11752 11809 D cellinfo: 46 bytes from 54.197.223.49: icmp_seq=1289 ttl=37 time=115 ms
08-12 10:55:30.219 11752 11809 D cellinfo: 46 bytes from 54.197.223.49: icmp_seq=1290 ttl=37 time=117 ms
08-12 10:55:30.277 11752 11752 D cellinfo: onCellInfoChanged: Operator:  UpdateTimestamp: 143606592 CellConnectionStatus: 1
08-12 10:55:30.277 11752 11752 D cellinfo: onCellInfoChanged: 5G-NR Cell Bands: [] ARFCN: 527202 Cell ID: 9223372036854775807 Physical Cell ID: 732 Tracking Area Code: 16777215
08-12 10:55:30.420 11752 11809 D cellinfo: 46 bytes from 54.197.223.49: icmp_seq=1291 ttl=37 time=118 ms
08-12 10:55:30.618 11752 11809 D cellinfo: 46 bytes from 54.197.223.49: icmp_seq=1292 ttl=37 time=115 ms
08-12 10:55:30.820 11752 11809 D cellinfo: 46 bytes from 54.197.223.49: icmp_seq=1293 ttl=37 time=116 ms
08-12 10:55:31.020 11752 11809 D cellinfo: 46 bytes from 54.197.223.49: icmp_seq=1294 ttl=37 time=115 ms
08-12 10:55:31.220 11752 11809 D cellinfo: 46 bytes from 54.197.223.49: icmp_seq=1295 ttl=37 time=116 ms
08-12 10:55:31.425 11752 11809 D cellinfo: 46 bytes from 54.197.223.49: icmp_seq=1296 ttl=37 time=120 ms
08-12 10:55:31.621 11752 11809 D cellinfo: 46 bytes from 54.197.223.49: icmp_seq=1297 ttl=37 time=116 ms
08-12 10:55:31.826 11752 11809 D cellinfo: 46 bytes from 54.197.223.49: icmp_seq=1298 ttl=37 time=120 ms
08-12 10:55:32.023 11752 11809 D cellinfo: 46 bytes from 54.197.223.49: icmp_seq=1299 ttl=37 time=117 ms
08-12 10:55:32.226 11752 11809 D cellinfo: 46 bytes from 54.197.223.49: icmp_seq=1300 ttl=37 time=120 ms
08-12 10:55:32.420 11752 11809 D cellinfo: 46 bytes from 54.197.223.49: icmp_seq=1301 ttl=37 time=114 ms
08-12 10:55:32.628 11752 11809 D cellinfo: 46 bytes from 54.197.223.49: icmp_seq=1302 ttl=37 time=120 ms
08-12 10:55:32.826 11752 11809 D cellinfo: 46 bytes from 54.197.223.49: icmp_seq=1303 ttl=37 time=118 ms
08-12 10:55:32.953 11752 11752 D cellinfo: Latitude is 41.2559263
08-12 10:55:32.953 11752 11752 D cellinfo: Longitude is -95.8184102
08-12 10:55:32.953 11752 11752 D cellinfo: Instantaneous GPS information: United States, 1203 Wedgewood Dr, Council Bluffs, IA 51503, USA
08-12 10:55:32.953 11752 11752 D cellinfo: getCurrentLocation() result: Location (success): 41.2559263, -95.8184102
08-12 10:55:33.027 11752 11809 D cellinfo: 46 bytes from 54.197.223.49: icmp_seq=1304 ttl=37 time=120 ms
08-12 10:55:33.142 11752 11752 D cellinfo: onsignalStrengthsChanged: LTE Signal Strength info: rsrp: -104 rsrq: -10 rssi: -75 rssnr: -1
08-12 10:55:33.142 11752 11752 D cellinfo: onsignalStrengthsChanged: 5G-NR Signal Strength info: ssrsrp: -101 ssrsrq: -11 sssinr: 8
08-12 10:55:33.230 11752 11809 D cellinfo: 46 bytes from 54.197.223.49: icmp_seq=1305 ttl=37 time=122 ms
08-12 10:55:33.352 11752 11752 D cellinfo: onCellInfoChanged: Operator:  UpdateTimestamp: 143609668 CellConnectionStatus: 1
08-12 10:55:33.352 11752 11752 D cellinfo: onCellInfoChanged: 5G-NR Cell Bands: [] ARFCN: 527202 Cell ID: 9223372036854775807 Physical Cell ID: 732 Tracking Area Code: 16777215
08-12 10:55:33.416 11752 11809 D cellinfo: 46 bytes from 54.197.223.49: icmp_seq=1306 ttl=37 time=108 ms
08-12 10:55:33.635 11752 11809 D cellinfo: 46 bytes from 54.197.223.49: icmp_seq=1307 ttl=37 time=125 ms
08-12 10:55:33.839 11752 11809 D cellinfo: 46 bytes from 54.197.223.49: icmp_seq=1308 ttl=37 time=129 ms
08-12 10:55:34.022 11752 11809 D cellinfo: 46 bytes from 54.197.223.49: icmp_seq=1309 ttl=37 time=112 ms
08-12 10:55:34.221 11752 11809 D cellinfo: 46 bytes from 54.197.223.49: icmp_seq=1310 ttl=37 time=112 ms
08-12 10:55:34.422 11752 11809 D cellinfo: 46 bytes from 54.197.223.49: icmp_seq=1311 ttl=37 time=112 ms
08-12 10:55:34.623 11752 11809 D cellinfo: 46 bytes from 54.197.223.49: icmp_seq=1312 ttl=37 time=111 ms
08-12 10:55:34.821 11752 11809 D cellinfo: 46 bytes from 54.197.223.49: icmp_seq=1313 ttl=37 time=109 ms
08-12 10:55:35.027 11752 11809 D cellinfo: 46 bytes from 54.197.223.49: icmp_seq=1314 ttl=37 time=113 ms
08-12 10:55:35.236 11752 11809 D cellinfo: 46 bytes from 54.197.223.49: icmp_seq=1315 ttl=37 time=122 ms
08-12 10:55:35.442 11752 11809 D cellinfo: 46 bytes from 54.197.223.49: icmp_seq=1316 ttl=37 time=128 ms
08-12 10:55:35.627 11752 11809 D cellinfo: 46 bytes from 54.197.223.49: icmp_seq=1317 ttl=37 time=113 ms
08-12 10:55:35.827 11752 11809 D cellinfo: 46 bytes from 54.197.223.49: icmp_seq=1318 ttl=37 time=112 ms
08-12 10:55:36.025 11752 11809 D cellinfo: 46 bytes from 54.197.223.49: icmp_seq=1319 ttl=37 time=111 ms
08-12 10:55:36.226 11752 11809 D cellinfo: 46 bytes from 54.197.223.49: icmp_seq=1320 ttl=37 time=112 ms
08-12 10:55:36.427 11752 11809 D cellinfo: 46 bytes from 54.197.223.49: icmp_seq=1321 ttl=37 time=111 ms
08-12 10:55:36.625 11752 11809 D cellinfo: 46 bytes from 54.197.223.49: icmp_seq=1322 ttl=37 time=109 ms
08-12 10:55:36.766 11752 11752 D cellinfo: Latitude is 41.2567463
08-12 10:55:36.766 11752 11752 D cellinfo: Longitude is -95.8179268
08-12 10:55:36.766 11752 11752 D cellinfo: Instantaneous GPS information: United States, 7 Wenwood Cir, Council Bluffs, IA 51503, USA
08-12 10:55:36.766 11752 11752 D cellinfo: getCurrentLocation() result: Location (success): 41.2567463, -95.8179268
08-12 10:55:36.827 11752 11809 D cellinfo: 46 bytes from 54.197.223.49: icmp_seq=1323 ttl=37 time=110 ms
08-12 10:55:37.028 11752 11809 D cellinfo: 46 bytes from 54.197.223.49: icmp_seq=1324 ttl=37 time=109 ms
08-12 10:55:37.226 11752 11809 D cellinfo: 46 bytes from 54.197.223.49: icmp_seq=1325 ttl=37 time=108 ms
08-12 10:55:37.432 11752 11809 D cellinfo: 46 bytes from 54.197.223.49: icmp_seq=1326 ttl=37 time=112 ms
08-12 10:55:37.652 11752 11809 D cellinfo: 46 bytes from 54.197.223.49: icmp_seq=1327 ttl=37 time=131 ms
08-12 10:55:37.831 11752 11809 D cellinfo: 46 bytes from 54.197.223.49: icmp_seq=1328 ttl=37 time=110 ms
08-12 10:55:38.031 11752 11809 D cellinfo: 46 bytes from 54.197.223.49: icmp_seq=1329 ttl=37 time=109 ms
08-12 10:55:38.235 11752 11809 D cellinfo: 46 bytes from 54.197.223.49: icmp_seq=1330 ttl=37 time=113 ms
08-12 10:55:38.432 11752 11809 D cellinfo: 46 bytes from 54.197.223.49: icmp_seq=1331 ttl=37 time=109 ms
08-12 10:55:38.655 11752 11809 D cellinfo: 46 bytes from 54.197.223.49: icmp_seq=1332 ttl=37 time=130 ms
08-12 10:55:38.837 11752 11809 D cellinfo: 46 bytes from 54.197.223.49: icmp_seq=1333 ttl=37 time=112 ms
08-12 10:55:38.958 11752 11752 D cellinfo: Latitude is 41.2567463
08-12 10:55:38.958 11752 11752 D cellinfo: Longitude is -95.8179268
08-12 10:55:38.958 11752 11752 D cellinfo: Instantaneous GPS information: United States, 7 Wenwood Cir, Council Bluffs, IA 51503, USA
08-12 10:55:38.958 11752 11752 D cellinfo: getCurrentLocation() result: Location (success): 41.2567463, -95.8179268
08-12 10:55:39.036 11752 11809 D cellinfo: 46 bytes from 54.197.223.49: icmp_seq=1334 ttl=37 time=111 ms
08-12 10:55:39.236 11752 11809 D cellinfo: 46 bytes from 54.197.223.49: icmp_seq=1335 ttl=37 time=110 ms
08-12 10:55:39.289 11752 11752 D cellinfo: onCellInfoChanged: Operator:  UpdateTimestamp: 143615604 CellConnectionStatus: 1
08-12 10:55:39.289 11752 11752 D cellinfo: onCellInfoChanged: 5G-NR Cell Bands: [] ARFCN: 527202 Cell ID: 9223372036854775807 Physical Cell ID: 732 Tracking Area Code: 16777215
08-12 10:55:39.436 11752 11809 D cellinfo: 46 bytes from 54.197.223.49: icmp_seq=1336 ttl=37 time=109 ms
08-12 10:55:39.637 11752 11809 D cellinfo: 46 bytes from 54.197.223.49: icmp_seq=1337 ttl=37 time=110 ms
08-12 10:55:39.838 11752 11809 D cellinfo: 46 bytes from 54.197.223.49: icmp_seq=1338 ttl=37 time=111 ms
08-12 10:55:40.038 11752 11809 D cellinfo: 46 bytes from 54.197.223.49: icmp_seq=1339 ttl=37 time=109 ms
08-12 10:55:40.238 11752 11809 D cellinfo: 46 bytes from 54.197.223.49: icmp_seq=1340 ttl=37 time=110 ms
08-12 10:55:40.440 11752 11809 D cellinfo: 46 bytes from 54.197.223.49: icmp_seq=1341 ttl=37 time=112 ms
08-12 10:55:40.645 11752 11809 D cellinfo: 46 bytes from 54.197.223.49: icmp_seq=1342 ttl=37 time=115 ms
08-12 10:55:40.853 11752 11809 D cellinfo: 46 bytes from 54.197.223.49: icmp_seq=1343 ttl=37 time=122 ms
08-12 10:55:41.043 11752 11809 D cellinfo: 46 bytes from 54.197.223.49: icmp_seq=1344 ttl=37 time=111 ms
08-12 10:55:41.244 11752 11809 D cellinfo: 46 bytes from 54.197.223.49: icmp_seq=1345 ttl=37 time=113 ms
08-12 10:55:41.451 11752 11809 D cellinfo: 46 bytes from 54.197.223.49: icmp_seq=1346 ttl=37 time=118 ms
08-12 10:55:41.643 11752 11809 D cellinfo: 46 bytes from 54.197.223.49: icmp_seq=1347 ttl=37 time=110 ms
08-12 10:55:41.849 11752 11809 D cellinfo: 46 bytes from 54.197.223.49: icmp_seq=1348 ttl=37 time=114 ms
08-12 10:55:41.959 11752 11752 D cellinfo: Latitude is 41.2567463
08-12 10:55:41.959 11752 11752 D cellinfo: Longitude is -95.8179268
08-12 10:55:41.959 11752 11752 D cellinfo: Instantaneous GPS information: United States, 7 Wenwood Cir, Council Bluffs, IA 51503, USA
08-12 10:55:41.959 11752 11752 D cellinfo: getCurrentLocation() result: Location (success): 41.2567463, -95.8179268
08-12 10:55:42.048 11752 11809 D cellinfo: 46 bytes from 54.197.223.49: icmp_seq=1349 ttl=37 time=113 ms
08-12 10:55:42.242 11752 11809 D cellinfo: 46 bytes from 54.197.223.49: icmp_seq=1350 ttl=37 time=108 ms
08-12 10:55:42.447 11752 11809 D cellinfo: 46 bytes from 54.197.223.49: icmp_seq=1351 ttl=37 time=112 ms
08-12 10:55:42.669 11752 11809 D cellinfo: 46 bytes from 54.197.223.49: icmp_seq=1352 ttl=37 time=134 ms
08-12 10:55:42.867 11752 11809 D cellinfo: 46 bytes from 54.197.223.49: icmp_seq=1353 ttl=37 time=132 ms
08-12 10:55:43.082 11752 11809 D cellinfo: 46 bytes from 54.197.223.49: icmp_seq=1354 ttl=37 time=145 ms
08-12 10:55:43.268 11752 11809 D cellinfo: 46 bytes from 54.197.223.49: icmp_seq=1355 ttl=37 time=132 ms
08-12 10:55:43.475 11752 11809 D cellinfo: 46 bytes from 54.197.223.49: icmp_seq=1356 ttl=37 time=138 ms
08-12 10:55:43.667 11752 11809 D cellinfo: 46 bytes from 54.197.223.49: icmp_seq=1357 ttl=37 time=130 ms
08-12 10:55:43.908 11752 11809 D cellinfo: 46 bytes from 54.197.223.49: icmp_seq=1358 ttl=37 time=171 ms
08-12 10:55:44.070 11752 11809 D cellinfo: 46 bytes from 54.197.223.49: icmp_seq=1359 ttl=37 time=131 ms
08-12 10:55:44.276 11752 11809 D cellinfo: 46 bytes from 54.197.223.49: icmp_seq=1360 ttl=37 time=138 ms
08-12 10:55:44.476 11752 11809 D cellinfo: 46 bytes from 54.197.223.49: icmp_seq=1361 ttl=37 time=137 ms
08-12 10:55:44.677 11752 11809 D cellinfo: 46 bytes from 54.197.223.49: icmp_seq=1362 ttl=37 time=138 ms
08-12 10:55:44.957 11752 11752 D cellinfo: Latitude is 41.2567463
08-12 10:55:44.957 11752 11752 D cellinfo: Longitude is -95.8179268
08-12 10:55:44.957 11752 11752 D cellinfo: Instantaneous GPS information: United States, 7 Wenwood Cir, Council Bluffs, IA 51503, USA
08-12 10:55:44.957 11752 11752 D cellinfo: getCurrentLocation() result: Location (success): 41.2567463, -95.8179268
08-12 10:55:44.989 11752 11809 D cellinfo: 46 bytes from 54.197.223.49: icmp_seq=1363 ttl=37 time=249 ms
08-12 10:55:45.098 11752 11809 D cellinfo: 46 bytes from 54.197.223.49: icmp_seq=1364 ttl=37 time=156 ms
08-12 10:55:45.277 11752 11809 D cellinfo: 46 bytes from 54.197.223.49: icmp_seq=1365 ttl=37 time=137 ms
08-12 10:55:45.341 11752 11752 D cellinfo: onCellInfoChanged: Operator:  UpdateTimestamp: 143621656 CellConnectionStatus: 1
08-12 10:55:45.341 11752 11752 D cellinfo: onCellInfoChanged: 5G-NR Cell Bands: [] ARFCN: 527202 Cell ID: 9223372036854775807 Physical Cell ID: 732 Tracking Area Code: 16777215
08-12 10:55:45.469 11752 11809 D cellinfo: 46 bytes from 54.197.223.49: icmp_seq=1366 ttl=37 time=127 ms
08-12 10:55:45.678 11752 11809 D cellinfo: 46 bytes from 54.197.223.49: icmp_seq=1367 ttl=37 time=135 ms
08-12 10:55:45.908 11752 11809 D cellinfo: 46 bytes from 54.197.223.49: icmp_seq=1368 ttl=37 time=165 ms
08-12 10:55:46.070 11752 11809 D cellinfo: 46 bytes from 54.197.223.49: icmp_seq=1369 ttl=37 time=126 ms
08-12 10:55:46.269 11752 11809 D cellinfo: 46 bytes from 54.197.223.49: icmp_seq=1370 ttl=37 time=125 ms
08-12 10:55:46.472 11752 11809 D cellinfo: 46 bytes from 54.197.223.49: icmp_seq=1371 ttl=37 time=128 ms
08-12 10:55:46.670 11752 11809 D cellinfo: 46 bytes from 54.197.223.49: icmp_seq=1372 ttl=37 time=124 ms
08-12 10:55:46.870 11752 11809 D cellinfo: 46 bytes from 54.197.223.49: icmp_seq=1373 ttl=37 time=124 ms
08-12 10:55:47.068 11752 11809 D cellinfo: 46 bytes from 54.197.223.49: icmp_seq=1374 ttl=37 time=121 ms
08-12 10:55:47.286 11752 11809 D cellinfo: 46 bytes from 54.197.223.49: icmp_seq=1375 ttl=37 time=139 ms
08-12 10:55:47.469 11752 11809 D cellinfo: 46 bytes from 54.197.223.49: icmp_seq=1376 ttl=37 time=122 ms
08-12 10:55:47.677 11752 11809 D cellinfo: 46 bytes from 54.197.223.49: icmp_seq=1377 ttl=37 time=128 ms
08-12 10:55:47.871 11752 11809 D cellinfo: 46 bytes from 54.197.223.49: icmp_seq=1378 ttl=37 time=121 ms
08-12 10:55:48.072 11752 11809 D cellinfo: 46 bytes from 54.197.223.49: icmp_seq=1379 ttl=37 time=121 ms
08-12 10:55:48.318 11752 11809 D cellinfo: 46 bytes from 54.197.223.49: icmp_seq=1380 ttl=37 time=166 ms
08-12 10:55:48.469 11752 11809 D cellinfo: 46 bytes from 54.197.223.49: icmp_seq=1381 ttl=37 time=116 ms
08-12 10:55:48.678 11752 11809 D cellinfo: 46 bytes from 54.197.223.49: icmp_seq=1382 ttl=37 time=125 ms
08-12 10:55:48.834 11752 11752 D cellinfo: Latitude is 41.2582472
08-12 10:55:48.834 11752 11752 D cellinfo: Longitude is -95.8170363
08-12 10:55:48.835 11752 11752 D cellinfo: Instantaneous GPS information: United States, 645 Arnold Ave, Council Bluffs, IA 51503, USA
08-12 10:55:48.835 11752 11752 D cellinfo: getCurrentLocation() result: Location (success): 41.2582472, -95.8170363
08-12 10:55:48.908 11752 11809 D cellinfo: 46 bytes from 54.197.223.49: icmp_seq=1383 ttl=37 time=154 ms
08-12 10:55:49.076 11752 11809 D cellinfo: 46 bytes from 54.197.223.49: icmp_seq=1384 ttl=37 time=122 ms
08-12 10:55:49.308 11752 11809 D cellinfo: 46 bytes from 54.197.223.49: icmp_seq=1385 ttl=37 time=154 ms
08-12 10:55:49.512 11752 11809 D cellinfo: 46 bytes from 54.197.223.49: icmp_seq=1386 ttl=37 time=157 ms
08-12 10:55:49.678 11752 11809 D cellinfo: 46 bytes from 54.197.223.49: icmp_seq=1387 ttl=37 time=122 ms
08-12 10:55:49.913 11752 11809 D cellinfo: 46 bytes from 54.197.223.49: icmp_seq=1388 ttl=37 time=156 ms
08-12 10:55:50.108 11752 11809 D cellinfo: 46 bytes from 54.197.223.49: icmp_seq=1389 ttl=37 time=151 ms
08-12 10:55:50.429 11752 11809 D cellinfo: 46 bytes from 54.197.223.49: icmp_seq=1390 ttl=37 time=272 ms
08-12 10:55:50.509 11752 11809 D cellinfo: 46 bytes from 54.197.223.49: icmp_seq=1391 ttl=37 time=147 ms
08-12 10:55:50.724 11752 11809 D cellinfo: 46 bytes from 54.197.223.49: icmp_seq=1392 ttl=37 time=162 ms
08-12 10:55:50.908 11752 11809 D cellinfo: 46 bytes from 54.197.223.49: icmp_seq=1393 ttl=37 time=145 ms
08-12 10:55:50.951 11752 11752 D cellinfo: Latitude is 41.2582472
08-12 10:55:50.951 11752 11752 D cellinfo: Longitude is -95.8170363
08-12 10:55:50.951 11752 11752 D cellinfo: Instantaneous GPS information: United States, 645 Arnold Ave, Council Bluffs, IA 51503, USA
08-12 10:55:50.951 11752 11752 D cellinfo: getCurrentLocation() result: Location (success): 41.2582472, -95.8170363
08-12 10:55:51.124 11752 11809 D cellinfo: 46 bytes from 54.197.223.49: icmp_seq=1394 ttl=37 time=161 ms
08-12 10:55:51.308 11752 11809 D cellinfo: 46 bytes from 54.197.223.49: icmp_seq=1395 ttl=37 time=145 ms
08-12 10:55:51.335 11752 11752 D cellinfo: onCellInfoChanged: Operator:  UpdateTimestamp: 143627650 CellConnectionStatus: 1
08-12 10:55:51.335 11752 11752 D cellinfo: onCellInfoChanged: 5G-NR Cell Bands: [] ARFCN: 527202 Cell ID: 9223372036854775807 Physical Cell ID: 732 Tracking Area Code: 16777215
08-12 10:55:51.513 11752 11809 D cellinfo: 46 bytes from 54.197.223.49: icmp_seq=1396 ttl=37 time=148 ms
08-12 10:55:51.714 11752 11809 D cellinfo: 46 bytes from 54.197.223.49: icmp_seq=1397 ttl=37 time=148 ms
08-12 10:55:51.912 11752 11809 D cellinfo: 46 bytes from 54.197.223.49: icmp_seq=1398 ttl=37 time=147 ms
08-12 10:55:52.027 11752 11752 D cellinfo: onsignalStrengthsChanged: LTE Signal Strength info: rsrp: -98 rsrq: -10 rssi: -67 rssnr: 10
08-12 10:55:52.027 11752 11752 D cellinfo: onsignalStrengthsChanged: 5G-NR Signal Strength info: ssrsrp: -94 ssrsrq: -10 sssinr: 12
08-12 10:55:52.110 11752 11809 D cellinfo: 46 bytes from 54.197.223.49: icmp_seq=1399 ttl=37 time=144 ms
08-12 10:55:52.311 11752 11809 D cellinfo: 46 bytes from 54.197.223.49: icmp_seq=1400 ttl=37 time=144 ms
08-12 10:55:52.511 11752 11809 D cellinfo: 46 bytes from 54.197.223.49: icmp_seq=1401 ttl=37 time=144 ms
08-12 10:55:52.708 11752 11809 D cellinfo: 46 bytes from 54.197.223.49: icmp_seq=1402 ttl=37 time=140 ms
08-12 10:55:52.911 11752 11809 D cellinfo: 46 bytes from 54.197.223.49: icmp_seq=1403 ttl=37 time=142 ms
08-12 10:55:53.113 11752 11809 D cellinfo: 46 bytes from 54.197.223.49: icmp_seq=1404 ttl=37 time=143 ms
08-12 10:55:53.317 11752 11809 D cellinfo: 46 bytes from 54.197.223.49: icmp_seq=1405 ttl=37 time=149 ms
08-12 10:55:53.513 11752 11809 D cellinfo: 46 bytes from 54.197.223.49: icmp_seq=1406 ttl=37 time=143 ms
08-12 10:55:53.719 11752 11809 D cellinfo: 46 bytes from 54.197.223.49: icmp_seq=1407 ttl=37 time=149 ms
08-12 10:55:53.947 11752 11809 D cellinfo: 46 bytes from 54.197.223.49: icmp_seq=1408 ttl=37 time=176 ms
08-12 10:55:53.950 11752 11752 D cellinfo: Latitude is 41.2582472
08-12 10:55:53.950 11752 11752 D cellinfo: Longitude is -95.8170363
08-12 10:55:53.950 11752 11752 D cellinfo: Instantaneous GPS information: United States, 645 Arnold Ave, Council Bluffs, IA 51503, USA
08-12 10:55:53.950 11752 11752 D cellinfo: getCurrentLocation() result: Location (success): 41.2582472, -95.8170363
08-12 10:55:54.093 11752 11809 D cellinfo: 46 bytes from 54.197.223.49: icmp_seq=1409 ttl=37 time=122 ms
