08-12 10:53:41.625 11752 11809 D cellinfo: 46 bytes from 54.197.223.49: icmp_seq=749 ttl=37 time=117 ms
08-12 10:53:41.826 11752 11809 D cellinfo: 46 bytes from 54.197.223.49: icmp_seq=750 ttl=37 time=117 ms
08-12 10:53:42.025 11752 11809 D cellinfo: 46 bytes from 54.197.223.49: icmp_seq=751 ttl=37 time=114 ms
08-12 10:53:42.228 11752 11809 D cellinfo: 46 bytes from 54.197.223.49: icmp_seq=752 ttl=37 time=117 ms
08-12 10:53:42.429 11752 11809 D cellinfo: 46 bytes from 54.197.223.49: icmp_seq=753 ttl=37 time=116 ms
08-12 10:53:42.630 11752 11809 D cellinfo: 46 bytes from 54.197.223.49: icmp_seq=754 ttl=37 time=116 ms
08-12 10:53:42.830 11752 11809 D cellinfo: 46 bytes from 54.197.223.49: icmp_seq=755 ttl=37 time=115 ms
08-12 10:53:43.035 11752 11809 D cellinfo: 46 bytes from 54.197.223.49: icmp_seq=756 ttl=37 time=120 ms
08-12 10:53:43.234 11752 11809 D cellinfo: 46 bytes from 54.197.223.49: icmp_seq=757 ttl=37 time=119 ms
08-12 10:53:43.430 11752 11809 D cellinfo: 46 bytes from 54.197.223.49: icmp_seq=758 ttl=37 time=113 ms
08-12 10:53:43.635 11752 11809 D cellinfo: 46 bytes from 54.197.223.49: icmp_seq=759 ttl=37 time=117 ms
08-12 10:53:43.845 11752 11809 D cellinfo: 46 bytes from 54.197.223.49: icmp_seq=760 ttl=37 time=125 ms
08-12 10:53:44.036 11752 11809 D cellinfo: 46 bytes from 54.197.223.49: icmp_seq=761 ttl=37 time=115 ms
08-12 10:53:44.244 11752 11809 D cellinfo: 46 bytes from 54.197.223.49: icmp_seq=762 ttl=37 time=123 ms
08-12 10:53:44.440 11752 11809 D cellinfo: 46 bytes from 54.197.223.49: icmp_seq=763 ttl=37 time=116 ms
08-12 10:53:44.644 11752 11809 D cellinfo: 46 bytes from 54.197.223.49: icmp_seq=764 ttl=37 time=119 ms
08-12 10:53:44.839 11752 11809 D cellinfo: 46 bytes from 54.197.223.49: icmp_seq=765 ttl=37 time=113 ms
08-12 10:53:45.049 11752 11809 D cellinfo: 46 bytes from 54.197.223.49: icmp_seq=766 ttl=37 time=120 ms
08-12 10:53:45.242 11752 11809 D cellinfo: 46 bytes from 54.197.223.49: icmp_seq=767 ttl=37 time=114 ms
08-12 10:53:45.457 11752 11809 D cellinfo: 46 bytes from 54.197.223.49: icmp_seq=768 ttl=37 time=127 ms
08-12 10:53:45.646 11752 11809 D cellinfo: 46 bytes from 54.197.223.49: icmp_seq=769 ttl=37 time=116 ms
08-12 10:53:45.845 11752 11809 D cellinfo: 46 bytes from 54.197.223.49: icmp_seq=770 ttl=37 time=114 ms
08-12 10:53:46.049 11752 11809 D cellinfo: 46 bytes from 54.197.223.49: icmp_seq=771 ttl=37 time=117 ms
08-12 10:53:46.175 11752 11752 D cellinfo: Latitude is 41.2448536
08-12 10:53:46.176 11752 11752 D cellinfo: Longitude is -95.8275984
08-12 10:53:46.176 11752 11752 D cellinfo: Instantaneous GPS information: United States, 301 Bennett Ave, Council Bluffs, IA 51503, USA
08-12 10:53:46.176 11752 11752 D cellinfo: getCurrentLocation() result: Location (success): 41.2448536, -95.8275984
08-12 10:53:46.183 11752 11752 D cellinfo: onCellInfoChanged: Operator:  UpdateTimestamp: 143501834 CellConnectionStatus: 1
08-12 10:53:46.183 11752 11752 D cellinfo: onCellInfoChanged: 5G-NR Cell Bands: [] ARFCN: 527202 Cell ID: 9223372036854775807 Physical Cell ID: 201 Tracking Area Code: 16777215
08-12 10:53:46.210 11752 11752 D cellinfo: Latitude is 41.2448536
08-12 10:53:46.210 11752 11752 D cellinfo: Longitude is -95.8275984
08-12 10:53:46.210 11752 11752 D cellinfo: Instantaneous GPS information: United States, 301 Bennett Ave, Council Bluffs, IA 51503, USA
08-12 10:53:46.210 11752 11752 D cellinfo: getCurrentLocation() result: Location (success): 41.2448536, -95.8275984
08-12 10:53:46.217 11752 11752 D cellinfo: Latitude is 41.2448536
08-12 10:53:46.217 11752 11752 D cellinfo: Longitude is -95.8275984
08-12 10:53:46.217 11752 11752 D cellinfo: Instantaneous GPS information: United States, 301 Bennett Ave, Council Bluffs, IA 51503, USA
08-12 10:53:46.217 11752 11752 D cellinfo: getCurrentLocation() result: Location (success): 41.2448536, -95.8275984
08-12 10:53:46.220 11752 11752 D cellinfo: Latitude is 41.2448536
08-12 10:53:46.220 11752 11752 D cellinfo: Longitude is -95.8275984
08-12 10:53:46.220 11752 11752 D cellinfo: Instantaneous GPS information: United States, 301 Bennett Ave, Council Bluffs, IA 51503, USA
08-12 10:53:46.220 11752 11752 D cellinfo: getCurrentLocation() result: Location (success): 41.2448536, -95.8275984
08-12 10:53:46.225 11752 11752 D cellinfo: Latitude is 41.2448536
08-12 10:53:46.225 11752 11752 D cellinfo: Longitude is -95.8275984
08-12 10:53:46.225 11752 11752 D cellinfo: Instantaneous GPS information: United States, 301 Bennett Ave, Council Bluffs, IA 51503, USA
08-12 10:53:46.225 11752 11752 D cellinfo: getCurrentLocation() result: Location (success): 41.2448536, -95.8275984
08-12 10:53:46.228 11752 11752 D cellinfo: Latitude is 41.2448536
08-12 10:53:46.228 11752 11752 D cellinfo: Longitude is -95.8275984
08-12 10:53:46.228 11752 11752 D cellinfo: Instantaneous GPS information: United States, 301 Bennett Ave, Council Bluffs, IA 51503, USA
08-12 10:53:46.228 11752 11752 D cellinfo: getCurrentLocation() result: Location (success): 41.2448536, -95.8275984
08-12 10:53:46.250 11752 11809 D cellinfo: 46 bytes from 54.197.223.49: icmp_seq=772 ttl=37 time=118 ms
08-12 10:53:46.449 11752 11809 D cellinfo: 46 bytes from 54.197.223.49: icmp_seq=773 ttl=37 time=117 ms
08-12 10:53:46.649 11752 11809 D cellinfo: 46 bytes from 54.197.223.49: icmp_seq=774 ttl=37 time=115 ms
08-12 10:53:46.883 11752 11809 D cellinfo: 46 bytes from 54.197.223.49: icmp_seq=775 ttl=37 time=148 ms
08-12 10:53:47.053 11752 11809 D cellinfo: 46 bytes from 54.197.223.49: icmp_seq=776 ttl=37 time=117 ms
08-12 10:53:47.249 11752 11809 D cellinfo: 46 bytes from 54.197.223.49: icmp_seq=777 ttl=37 time=114 ms
08-12 10:53:47.456 11752 11809 D cellinfo: 46 bytes from 54.197.223.49: icmp_seq=778 ttl=37 time=120 ms
08-12 10:53:47.651 11752 11809 D cellinfo: 46 bytes from 54.197.223.49: icmp_seq=779 ttl=37 time=115 ms
08-12 10:53:47.854 11752 11809 D cellinfo: 46 bytes from 54.197.223.49: icmp_seq=780 ttl=37 time=116 ms
08-12 10:53:48.058 11752 11809 D cellinfo: 46 bytes from 54.197.223.49: icmp_seq=781 ttl=37 time=120 ms
08-12 10:53:48.253 11752 11809 D cellinfo: 46 bytes from 54.197.223.49: icmp_seq=782 ttl=37 time=115 ms
08-12 10:53:48.459 11752 11809 D cellinfo: 46 bytes from 54.197.223.49: icmp_seq=783 ttl=37 time=120 ms
08-12 10:53:48.571 11752 11752 D cellinfo: Latitude is 41.2466847
08-12 10:53:48.571 11752 11752 D cellinfo: Longitude is -95.8260107
08-12 10:53:48.571 11752 11752 D cellinfo: Instantaneous GPS information: United States, 242 Bennett Ave, Council Bluffs, IA 51503, USA
08-12 10:53:48.571 11752 11752 D cellinfo: getCurrentLocation() result: Location (success): 41.2466847, -95.8260107
08-12 10:53:48.574 11752 11752 D cellinfo: onCellInfoChanged: Operator:  UpdateTimestamp: 143504327 CellConnectionStatus: 1
08-12 10:53:48.574 11752 11752 D cellinfo: onCellInfoChanged: 5G-NR Cell Bands: [] ARFCN: 527202 Cell ID: 9223372036854775807 Physical Cell ID: 201 Tracking Area Code: 16777215
08-12 10:53:48.654 11752 11809 D cellinfo: 46 bytes from 54.197.223.49: icmp_seq=784 ttl=37 time=114 ms
08-12 10:53:48.853 11752 11809 D cellinfo: 46 bytes from 54.197.223.49: icmp_seq=785 ttl=37 time=114 ms
08-12 10:53:49.059 11752 11809 D cellinfo: 46 bytes from 54.197.223.49: icmp_seq=786 ttl=37 time=118 ms
08-12 10:53:49.254 11752 11809 D cellinfo: 46 bytes from 54.197.223.49: icmp_seq=787 ttl=37 time=113 ms
08-12 10:53:49.459 11752 11809 D cellinfo: 46 bytes from 54.197.223.49: icmp_seq=788 ttl=37 time=117 ms
08-12 10:53:49.659 11752 11809 D cellinfo: 46 bytes from 54.197.223.49: icmp_seq=789 ttl=37 time=117 ms
08-12 10:53:49.859 11752 11809 D cellinfo: 46 bytes from 54.197.223.49: icmp_seq=790 ttl=37 time=116 ms
08-12 10:53:50.059 11752 11809 D cellinfo: 46 bytes from 54.197.223.49: icmp_seq=791 ttl=37 time=114 ms
08-12 10:53:50.260 11752 11809 D cellinfo: 46 bytes from 54.197.223.49: icmp_seq=792 ttl=37 time=114 ms
08-12 10:53:50.485 11752 11809 D cellinfo: 46 bytes from 54.197.223.49: icmp_seq=793 ttl=37 time=138 ms
08-12 10:53:50.665 11752 11809 D cellinfo: 46 bytes from 54.197.223.49: icmp_seq=794 ttl=37 time=116 ms
08-12 10:53:50.876 11752 11809 D cellinfo: 46 bytes from 54.197.223.49: icmp_seq=795 ttl=37 time=127 ms
08-12 10:53:50.954 11752 11752 D cellinfo: Latitude is 41.2466847
08-12 10:53:50.954 11752 11752 D cellinfo: Longitude is -95.8260107
08-12 10:53:50.954 11752 11752 D cellinfo: Instantaneous GPS information: United States, 242 Bennett Ave, Council Bluffs, IA 51503, USA
08-12 10:53:50.954 11752 11752 D cellinfo: getCurrentLocation() result: Location (success): 41.2466847, -95.8260107
08-12 10:53:50.981 11752 11752 D cellinfo: onCellInfoChanged: Operator:  UpdateTimestamp: 143507296 CellConnectionStatus: 1
08-12 10:53:50.981 11752 11752 D cellinfo: onCellInfoChanged: 5G-NR Cell Bands: [] ARFCN: 527202 Cell ID: 9223372036854775807 Physical Cell ID: 201 Tracking Area Code: 16777215
08-12 10:53:51.067 11752 11809 D cellinfo: 46 bytes from 54.197.223.49: icmp_seq=796 ttl=37 time=118 ms
08-12 10:53:51.263 11752 11809 D cellinfo: 46 bytes from 54.197.223.49: icmp_seq=797 ttl=37 time=114 ms
08-12 10:53:51.466 11752 11809 D cellinfo: 46 bytes from 54.197.223.49: icmp_seq=798 ttl=37 time=115 ms
08-12 10:53:51.665 11752 11809 D cellinfo: 46 bytes from 54.197.223.49: icmp_seq=799 ttl=37 time=113 ms
08-12 10:53:51.863 11752 11809 D cellinfo: 46 bytes from 54.197.223.49: icmp_seq=800 ttl=37 time=111 ms
08-12 10:53:52.069 11752 11809 D cellinfo: 46 bytes from 54.197.223.49: icmp_seq=801 ttl=37 time=116 ms
08-12 10:53:52.269 11752 11809 D cellinfo: 46 bytes from 54.197.223.49: icmp_seq=802 ttl=37 time=117 ms
08-12 10:53:52.468 11752 11809 D cellinfo: 46 bytes from 54.197.223.49: icmp_seq=803 ttl=37 time=116 ms
08-12 10:53:52.674 11752 11809 D cellinfo: 46 bytes from 54.197.223.49: icmp_seq=804 ttl=37 time=121 ms
08-12 10:53:52.870 11752 11809 D cellinfo: 46 bytes from 54.197.223.49: icmp_seq=805 ttl=37 time=116 ms
08-12 10:53:53.068 11752 11809 D cellinfo: 46 bytes from 54.197.223.49: icmp_seq=806 ttl=37 time=113 ms
08-12 10:53:53.268 11752 11809 D cellinfo: 46 bytes from 54.197.223.49: icmp_seq=807 ttl=37 time=113 ms
08-12 10:53:53.469 11752 11809 D cellinfo: 46 bytes from 54.197.223.49: icmp_seq=808 ttl=37 time=112 ms
08-12 10:53:53.668 11752 11809 D cellinfo: 46 bytes from 54.197.223.49: icmp_seq=809 ttl=37 time=111 ms
08-12 10:53:53.869 11752 11809 D cellinfo: 46 bytes from 54.197.223.49: icmp_seq=810 ttl=37 time=111 ms
08-12 10:53:53.954 11752 11752 D cellinfo: Latitude is 41.2466847
08-12 10:53:53.954 11752 11752 D cellinfo: Longitude is -95.8260107
08-12 10:53:53.954 11752 11752 D cellinfo: Instantaneous GPS information: United States, 242 Bennett Ave, Council Bluffs, IA 51503, USA
08-12 10:53:53.954 11752 11752 D cellinfo: getCurrentLocation() result: Location (success): 41.2466847, -95.8260107
08-12 10:53:54.007 11752 11752 D cellinfo: onCellInfoChanged: Operator:  UpdateTimestamp: 143510323 CellConnectionStatus: 1
08-12 10:53:54.007 11752 11752 D cellinfo: onCellInfoChanged: 5G-NR Cell Bands: [] ARFCN: 527202 Cell ID: 9223372036854775807 Physical Cell ID: 201 Tracking Area Code: 16777215
08-12 10:53:54.079 11752 11809 D cellinfo: 46 bytes from 54.197.223.49: icmp_seq=811 ttl=37 time=121 ms
08-12 10:53:54.273 11752 11809 D cellinfo: 46 bytes from 54.197.223.49: icmp_seq=812 ttl=37 time=115 ms
08-12 10:53:54.476 11752 11809 D cellinfo: 46 bytes from 54.197.223.49: icmp_seq=813 ttl=37 time=117 ms
08-12 10:53:54.681 11752 11809 D cellinfo: 46 bytes from 54.197.223.49: icmp_seq=814 ttl=37 time=121 ms
08-12 10:53:54.875 11752 11809 D cellinfo: 46 bytes from 54.197.223.49: icmp_seq=815 ttl=37 time=114 ms
08-12 10:53:55.074 11752 11809 D cellinfo: 46 bytes from 54.197.223.49: icmp_seq=816 ttl=37 time=113 ms
08-12 10:53:55.280 11752 11809 D cellinfo: 46 bytes from 54.197.223.49: icmp_seq=817 ttl=37 time=119 ms
08-12 10:53:55.476 11752 11809 D cellinfo: 46 bytes from 54.197.223.49: icmp_seq=818 ttl=37 time=115 ms
08-12 10:53:55.675 11752 11809 D cellinfo: 46 bytes from 54.197.223.49: icmp_seq=819 ttl=37 time=113 ms
08-12 10:53:55.876 11752 11809 D cellinfo: 46 bytes from 54.197.223.49: icmp_seq=820 ttl=37 time=114 ms
08-12 10:53:56.075 11752 11809 D cellinfo: 46 bytes from 54.197.223.49: icmp_seq=821 ttl=37 time=113 ms
08-12 10:53:56.275 11752 11809 D cellinfo: 46 bytes from 54.197.223.49: icmp_seq=822 ttl=37 time=113 ms
08-12 10:53:56.483 11752 11809 D cellinfo: 46 bytes from 54.197.223.49: icmp_seq=823 ttl=37 time=120 ms
08-12 10:53:56.685 11752 11809 D cellinfo: 46 bytes from 54.197.223.49: icmp_seq=824 ttl=37 time=120 ms
08-12 10:53:56.883 11752 11809 D cellinfo: 46 bytes from 54.197.223.49: icmp_seq=825 ttl=37 time=119 ms
08-12 10:53:56.990 11752 11752 D cellinfo: onCellInfoChanged: Operator:  UpdateTimestamp: 143513306 CellConnectionStatus: 1
08-12 10:53:56.990 11752 11752 D cellinfo: onCellInfoChanged: 5G-NR Cell Bands: [] ARFCN: 527202 Cell ID: 9223372036854775807 Physical Cell ID: 201 Tracking Area Code: 16777215
08-12 10:53:57.080 11752 11809 D cellinfo: 46 bytes from 54.197.223.49: icmp_seq=826 ttl=37 time=115 ms
08-12 10:53:57.285 11752 11809 D cellinfo: 46 bytes from 54.197.223.49: icmp_seq=827 ttl=37 time=118 ms
08-12 10:53:57.485 11752 11809 D cellinfo: 46 bytes from 54.197.223.49: icmp_seq=828 ttl=37 time=118 ms
08-12 10:53:57.685 11752 11809 D cellinfo: 46 bytes from 54.197.223.49: icmp_seq=829 ttl=37 time=118 ms
08-12 10:53:57.924 11752 11809 D cellinfo: 46 bytes from 54.197.223.49: icmp_seq=830 ttl=37 time=156 ms
08-12 10:53:58.088 11752 11809 D cellinfo: 46 bytes from 54.197.223.49: icmp_seq=831 ttl=37 time=119 ms
08-12 10:53:58.285 11752 11809 D cellinfo: 46 bytes from 54.197.223.49: icmp_seq=832 ttl=37 time=116 ms
08-12 10:53:58.485 11752 11809 D cellinfo: 46 bytes from 54.197.223.49: icmp_seq=833 ttl=37 time=115 ms
08-12 10:53:58.684 11752 11809 D cellinfo: 46 bytes from 54.197.223.49: icmp_seq=834 ttl=37 time=113 ms
08-12 10:53:58.888 11752 11809 D cellinfo: 46 bytes from 54.197.223.49: icmp_seq=835 ttl=37 time=116 ms
08-12 10:53:59.090 11752 11809 D cellinfo: 46 bytes from 54.197.223.49: icmp_seq=836 ttl=37 time=117 ms
08-12 10:53:59.289 11752 11809 D cellinfo: 46 bytes from 54.197.223.49: icmp_seq=837 ttl=37 time=117 ms
08-12 10:53:59.489 11752 11809 D cellinfo: 46 bytes from 54.197.223.49: icmp_seq=838 ttl=37 time=116 ms
08-12 10:53:59.691 11752 11809 D cellinfo: 46 bytes from 54.197.223.49: icmp_seq=839 ttl=37 time=118 ms
08-12 10:53:59.892 11752 11809 D cellinfo: 46 bytes from 54.197.223.49: icmp_seq=840 ttl=37 time=117 ms
08-12 10:54:00.088 11752 11809 D cellinfo: 46 bytes from 54.197.223.49: icmp_seq=841 ttl=37 time=113 ms
08-12 10:54:00.289 11752 11809 D cellinfo: 46 bytes from 54.197.223.49: icmp_seq=842 ttl=37 time=113 ms
08-12 10:54:00.495 11752 11809 D cellinfo: 46 bytes from 54.197.223.49: icmp_seq=843 ttl=37 time=118 ms
08-12 10:54:00.628 11752 11752 D cellinfo: Latitude is 41.248242
08-12 10:54:00.628 11752 11752 D cellinfo: Longitude is -95.8241593
08-12 10:54:00.628 11752 11752 D cellinfo: Instantaneous GPS information: United States, 236 Bennett Ave, Council Bluffs, IA 51503, USA
08-12 10:54:00.628 11752 11752 D cellinfo: getCurrentLocation() result: Location (success): 41.248242, -95.8241593
08-12 10:54:00.658 11752 11752 D cellinfo: Latitude is 41.248242
08-12 10:54:00.658 11752 11752 D cellinfo: Longitude is -95.8241593
08-12 10:54:00.658 11752 11752 D cellinfo: Instantaneous GPS information: United States, 236 Bennett Ave, Council Bluffs, IA 51503, USA
08-12 10:54:00.658 11752 11752 D cellinfo: getCurrentLocation() result: Location (success): 41.248242, -95.8241593
08-12 10:54:00.688 11752 11809 D cellinfo: 46 bytes from 54.197.223.49: icmp_seq=844 ttl=37 time=111 ms
08-12 10:54:00.721 11752 11752 D cellinfo: onCellInfoChanged: Operator:  UpdateTimestamp: 143517036 CellConnectionStatus: 1
08-12 10:54:00.721 11752 11752 D cellinfo: onCellInfoChanged: 5G-NR Cell Bands: [] ARFCN: 527202 Cell ID: 9223372036854775807 Physical Cell ID: 201 Tracking Area Code: 16777215
08-12 10:54:00.900 11752 11809 D cellinfo: 46 bytes from 54.197.223.49: icmp_seq=845 ttl=37 time=122 ms
08-12 10:54:01.105 11752 11809 D cellinfo: 46 bytes from 54.197.223.49: icmp_seq=846 ttl=37 time=125 ms
08-12 10:54:01.300 11752 11809 D cellinfo: 46 bytes from 54.197.223.49: icmp_seq=847 ttl=37 time=121 ms
08-12 10:54:01.499 11752 11809 D cellinfo: 46 bytes from 54.197.223.49: icmp_seq=848 ttl=37 time=119 ms
08-12 10:54:01.695 11752 11809 D cellinfo: 46 bytes from 54.197.223.49: icmp_seq=849 ttl=37 time=114 ms
08-12 10:54:01.900 11752 11809 D cellinfo: 46 bytes from 54.197.223.49: icmp_seq=850 ttl=37 time=119 ms
08-12 10:54:02.094 11752 11809 D cellinfo: 46 bytes from 54.197.223.49: icmp_seq=851 ttl=37 time=112 ms
08-12 10:54:02.297 11752 11809 D cellinfo: 46 bytes from 54.197.223.49: icmp_seq=852 ttl=37 time=115 ms
08-12 10:54:02.509 11752 11809 D cellinfo: 46 bytes from 54.197.223.49: icmp_seq=853 ttl=37 time=127 ms
08-12 10:54:02.699 11752 11809 D cellinfo: 46 bytes from 54.197.223.49: icmp_seq=854 ttl=37 time=117 ms
08-12 10:54:02.901 11752 11809 D cellinfo: 46 bytes from 54.197.223.49: icmp_seq=855 ttl=37 time=117 ms
08-12 10:54:02.954 11752 11752 D cellinfo: Latitude is 41.248242
08-12 10:54:02.954 11752 11752 D cellinfo: Longitude is -95.8241593
08-12 10:54:02.954 11752 11752 D cellinfo: Instantaneous GPS information: United States, 236 Bennett Ave, Council Bluffs, IA 51503, USA
08-12 10:54:02.954 11752 11752 D cellinfo: getCurrentLocation() result: Location (success): 41.248242, -95.8241593
08-12 10:54:03.001 11752 11752 D cellinfo: onCellInfoChanged: Operator:  UpdateTimestamp: 143519319 CellConnectionStatus: 1
08-12 10:54:03.001 11752 11752 D cellinfo: onCellInfoChanged: 5G-NR Cell Bands: [] ARFCN: 527202 Cell ID: 9223372036854775807 Physical Cell ID: 201 Tracking Area Code: 16777215
08-12 10:54:03.099 11752 11809 D cellinfo: 46 bytes from 54.197.223.49: icmp_seq=856 ttl=37 time=116 ms
08-12 10:54:03.300 11752 11809 D cellinfo: 46 bytes from 54.197.223.49: icmp_seq=857 ttl=37 time=116 ms
08-12 10:54:03.501 11752 11809 D cellinfo: 46 bytes from 54.197.223.49: icmp_seq=858 ttl=37 time=117 ms
08-12 10:54:03.702 11752 11809 D cellinfo: 46 bytes from 54.197.223.49: icmp_seq=859 ttl=37 time=118 ms
08-12 10:54:03.904 11752 11809 D cellinfo: 46 bytes from 54.197.223.49: icmp_seq=860 ttl=37 time=119 ms
08-12 10:54:04.106 11752 11809 D cellinfo: 46 bytes from 54.197.223.49: icmp_seq=861 ttl=37 time=120 ms
08-12 10:54:04.309 11752 11809 D cellinfo: 46 bytes from 54.197.223.49: icmp_seq=862 ttl=37 time=124 ms
08-12 10:54:04.509 11752 11809 D cellinfo: 46 bytes from 54.197.223.49: icmp_seq=863 ttl=37 time=124 ms
08-12 10:54:04.704 11752 11809 D cellinfo: 46 bytes from 54.197.223.49: icmp_seq=864 ttl=37 time=117 ms
08-12 10:54:04.909 11752 11809 D cellinfo: 46 bytes from 54.197.223.49: icmp_seq=865 ttl=37 time=123 ms
08-12 10:54:05.103 11752 11809 D cellinfo: 46 bytes from 54.197.223.49: icmp_seq=866 ttl=37 time=116 ms
08-12 10:54:05.316 11752 11809 D cellinfo: 46 bytes from 54.197.223.49: icmp_seq=867 ttl=37 time=128 ms
08-12 10:54:05.510 11752 11809 D cellinfo: 46 bytes from 54.197.223.49: icmp_seq=868 ttl=37 time=122 ms
08-12 10:54:05.709 11752 11809 D cellinfo: 46 bytes from 54.197.223.49: icmp_seq=869 ttl=37 time=120 ms
08-12 10:54:05.909 11752 11809 D cellinfo: 46 bytes from 54.197.223.49: icmp_seq=870 ttl=37 time=120 ms
08-12 10:54:05.951 11752 11752 D cellinfo: Latitude is 41.248242
08-12 10:54:05.951 11752 11752 D cellinfo: Longitude is -95.8241593
08-12 10:54:05.951 11752 11752 D cellinfo: Instantaneous GPS information: United States, 236 Bennett Ave, Council Bluffs, IA 51503, USA
08-12 10:54:05.951 11752 11752 D cellinfo: getCurrentLocation() result: Location (success): 41.248242, -95.8241593
08-12 10:54:05.998 11752 11752 D cellinfo: onCellInfoChanged: Operator:  UpdateTimestamp: 143522312 CellConnectionStatus: 1
08-12 10:54:05.998 11752 11752 D cellinfo: onCellInfoChanged: 5G-NR Cell Bands: [] ARFCN: 527202 Cell ID: 9223372036854775807 Physical Cell ID: 201 Tracking Area Code: 16777215
08-12 10:54:06.108 11752 11809 D cellinfo: 46 bytes from 54.197.223.49: icmp_seq=871 ttl=37 time=118 ms
08-12 10:54:06.314 11752 11809 D cellinfo: 46 bytes from 54.197.223.49: icmp_seq=872 ttl=37 time=125 ms
08-12 10:54:06.515 11752 11809 D cellinfo: 46 bytes from 54.197.223.49: icmp_seq=873 ttl=37 time=126 ms
08-12 10:54:06.715 11752 11809 D cellinfo: 46 bytes from 54.197.223.49: icmp_seq=874 ttl=37 time=124 ms
08-12 10:54:06.915 11752 11809 D cellinfo: 46 bytes from 54.197.223.49: icmp_seq=875 ttl=37 time=123 ms
08-12 10:54:07.111 11752 11809 D cellinfo: 46 bytes from 54.197.223.49: icmp_seq=876 ttl=37 time=118 ms
08-12 10:54:07.319 11752 11809 D cellinfo: 46 bytes from 54.197.223.49: icmp_seq=877 ttl=37 time=126 ms
08-12 10:54:07.519 11752 11809 D cellinfo: 46 bytes from 54.197.223.49: icmp_seq=878 ttl=37 time=125 ms
08-12 10:54:07.720 11752 11809 D cellinfo: 46 bytes from 54.197.223.49: icmp_seq=879 ttl=37 time=126 ms
08-12 10:54:07.917 11752 11809 D cellinfo: 46 bytes from 54.197.223.49: icmp_seq=880 ttl=37 time=121 ms
08-12 10:54:08.119 11752 11809 D cellinfo: 46 bytes from 54.197.223.49: icmp_seq=881 ttl=37 time=123 ms
08-12 10:54:08.321 11752 11809 D cellinfo: 46 bytes from 54.197.223.49: icmp_seq=882 ttl=37 time=126 ms
08-12 10:54:08.519 11752 11809 D cellinfo: 46 bytes from 54.197.223.49: icmp_seq=883 ttl=37 time=122 ms
08-12 10:54:08.841 11752 11809 D cellinfo: 46 bytes from 54.197.223.49: icmp_seq=884 ttl=37 time=244 ms
08-12 10:54:08.842 11752 11809 D cellinfo: 46 bytes from 54.197.223.49: icmp_seq=884 ttl=37 time=244 ms (DUP!)
08-12 10:54:08.952 11752 11752 D cellinfo: Latitude is 41.248242
08-12 10:54:08.952 11752 11752 D cellinfo: Longitude is -95.8241593
08-12 10:54:08.952 11752 11752 D cellinfo: Instantaneous GPS information: United States, 236 Bennett Ave, Council Bluffs, IA 51503, USA
08-12 10:54:08.952 11752 11752 D cellinfo: getCurrentLocation() result: Location (success): 41.248242, -95.8241593
08-12 10:54:08.970 11752 11809 D cellinfo: 46 bytes from 54.197.223.49: icmp_seq=885 ttl=37 time=169 ms
08-12 10:54:08.979 11752 11752 D cellinfo: onServiceStateChanged: Channel Number: 1123 Cell Bandwidths: [15000]
08-12 10:54:09.014 11752 11752 D cellinfo: onCellInfoChanged: Operator:  UpdateTimestamp: 143525324 CellConnectionStatus: 1
08-12 10:54:09.014 11752 11752 D cellinfo: onCellInfoChanged: 5G-NR Cell Bands: [] ARFCN: 527202 Cell ID: 9223372036854775807 Physical Cell ID: 201 Tracking Area Code: 16777215
08-12 10:54:09.130 11752 11809 D cellinfo: 46 bytes from 54.197.223.49: icmp_seq=886 ttl=37 time=128 ms
08-12 10:54:09.329 11752 11809 D cellinfo: 46 bytes from 54.197.223.49: icmp_seq=887 ttl=37 time=126 ms
08-12 10:54:09.526 11752 11809 D cellinfo: 46 bytes from 54.197.223.49: icmp_seq=888 ttl=37 time=122 ms
08-12 10:54:09.731 11752 11809 D cellinfo: 46 bytes from 54.197.223.49: icmp_seq=889 ttl=37 time=127 ms
08-12 10:54:09.920 11752 11809 D cellinfo: 46 bytes from 54.197.223.49: icmp_seq=890 ttl=37 time=115 ms
08-12 10:54:10.131 11752 11809 D cellinfo: 46 bytes from 54.197.223.49: icmp_seq=891 ttl=37 time=125 ms
08-12 10:54:10.332 11752 11809 D cellinfo: 46 bytes from 54.197.223.49: icmp_seq=892 ttl=37 time=125 ms
08-12 10:54:10.535 11752 11809 D cellinfo: 46 bytes from 54.197.223.49: icmp_seq=893 ttl=37 time=128 ms
08-12 10:54:10.725 11752 11809 D cellinfo: 46 bytes from 54.197.223.49: icmp_seq=894 ttl=37 time=117 ms
08-12 10:54:10.935 11752 11809 D cellinfo: 46 bytes from 54.197.223.49: icmp_seq=895 ttl=37 time=127 ms
08-12 10:54:11.132 11752 11809 D cellinfo: 46 bytes from 54.197.223.49: icmp_seq=896 ttl=37 time=124 ms
08-12 10:54:11.334 11752 11809 D cellinfo: 46 bytes from 54.197.223.49: icmp_seq=897 ttl=37 time=124 ms
08-12 10:54:11.535 11752 11809 D cellinfo: 46 bytes from 54.197.223.49: icmp_seq=898 ttl=37 time=125 ms
08-12 10:54:11.732 11752 11809 D cellinfo: 46 bytes from 54.197.223.49: icmp_seq=899 ttl=37 time=121 ms
08-12 10:54:11.924 11752 11809 D cellinfo: 46 bytes from 54.197.223.49: icmp_seq=900 ttl=37 time=113 ms
08-12 10:54:12.134 11752 11809 D cellinfo: 46 bytes from 54.197.223.49: icmp_seq=901 ttl=37 time=122 ms
08-12 10:54:12.339 11752 11809 D cellinfo: 46 bytes from 54.197.223.49: icmp_seq=902 ttl=37 time=126 ms
08-12 10:54:12.534 11752 11809 D cellinfo: 46 bytes from 54.197.223.49: icmp_seq=903 ttl=37 time=118 ms
08-12 10:54:12.741 11752 11809 D cellinfo: 46 bytes from 54.197.223.49: icmp_seq=904 ttl=37 time=125 ms
08-12 10:54:12.911 11752 11752 D cellinfo: Latitude is 41.2495433
08-12 10:54:12.911 11752 11752 D cellinfo: Longitude is -95.8228515
08-12 10:54:12.911 11752 11752 D cellinfo: Instantaneous GPS information: United States, 222 Bennett Ave, Council Bluffs, IA 51503, USA
08-12 10:54:12.911 11752 11752 D cellinfo: getCurrentLocation() result: Location (success): 41.2495433, -95.8228515
08-12 10:54:12.915 11752 11752 D cellinfo: onServiceStateChanged: Channel Number: 1123 Cell Bandwidths: [15000, 80000]
08-12 10:54:12.941 11752 11809 D cellinfo: 46 bytes from 54.197.223.49: icmp_seq=905 ttl=37 time=124 ms
08-12 10:54:13.149 11752 11809 D cellinfo: 46 bytes from 54.197.223.49: icmp_seq=906 ttl=37 time=131 ms
08-12 10:54:13.341 11752 11809 D cellinfo: 46 bytes from 54.197.223.49: icmp_seq=907 ttl=37 time=123 ms
08-12 10:54:13.549 11752 11809 D cellinfo: 46 bytes from 54.197.223.49: icmp_seq=908 ttl=37 time=130 ms
08-12 10:54:13.739 11752 11809 D cellinfo: 46 bytes from 54.197.223.49: icmp_seq=909 ttl=37 time=121 ms
08-12 10:54:13.931 11752 11809 D cellinfo: 46 bytes from 54.197.223.49: icmp_seq=910 ttl=37 time=111 ms
08-12 10:54:14.139 11752 11809 D cellinfo: 46 bytes from 54.197.223.49: icmp_seq=911 ttl=37 time=119 ms
08-12 10:54:14.340 11752 11809 D cellinfo: 46 bytes from 54.197.223.49: icmp_seq=912 ttl=37 time=119 ms
08-12 10:54:14.547 11752 11809 D cellinfo: 46 bytes from 54.197.223.49: icmp_seq=913 ttl=37 time=125 ms
08-12 10:54:14.739 11752 11809 D cellinfo: 46 bytes from 54.197.223.49: icmp_seq=914 ttl=37 time=116 ms
08-12 10:54:14.936 11752 11809 D cellinfo: 46 bytes from 54.197.223.49: icmp_seq=915 ttl=37 time=112 ms
08-12 10:54:14.960 11752 11752 D cellinfo: Latitude is 41.2495433
08-12 10:54:14.960 11752 11752 D cellinfo: Longitude is -95.8228515
08-12 10:54:14.960 11752 11752 D cellinfo: Instantaneous GPS information: United States, 222 Bennett Ave, Council Bluffs, IA 51503, USA
08-12 10:54:14.960 11752 11752 D cellinfo: getCurrentLocation() result: Location (success): 41.2495433, -95.8228515
08-12 10:54:15.144 11752 11809 D cellinfo: 46 bytes from 54.197.223.49: icmp_seq=916 ttl=37 time=120 ms
08-12 10:54:15.347 11752 11809 D cellinfo: 46 bytes from 54.197.223.49: icmp_seq=917 ttl=37 time=122 ms
08-12 10:54:15.542 11752 11809 D cellinfo: 46 bytes from 54.197.223.49: icmp_seq=918 ttl=37 time=116 ms
08-12 10:54:15.744 11752 11809 D cellinfo: 46 bytes from 54.197.223.49: icmp_seq=919 ttl=37 time=116 ms
08-12 10:54:15.944 11752 11809 D cellinfo: 46 bytes from 54.197.223.49: icmp_seq=920 ttl=37 time=116 ms
08-12 10:54:16.147 11752 11809 D cellinfo: 46 bytes from 54.197.223.49: icmp_seq=921 ttl=37 time=118 ms
08-12 10:54:16.348 11752 11809 D cellinfo: 46 bytes from 54.197.223.49: icmp_seq=922 ttl=37 time=119 ms
08-12 10:54:16.550 11752 11809 D cellinfo: 46 bytes from 54.197.223.49: icmp_seq=923 ttl=37 time=120 ms
08-12 10:54:16.750 11752 11809 D cellinfo: 46 bytes from 54.197.223.49: icmp_seq=924 ttl=37 time=119 ms
08-12 10:54:16.941 11752 11809 D cellinfo: 46 bytes from 54.197.223.49: icmp_seq=925 ttl=37 time=110 ms
08-12 10:54:17.000 11752 11752 D cellinfo: onCellInfoChanged: Operator:  UpdateTimestamp: 143533313 CellConnectionStatus: 1
08-12 10:54:17.001 11752 11752 D cellinfo: onCellInfoChanged: 5G-NR Cell Bands: [] ARFCN: 527202 Cell ID: 9223372036854775807 Physical Cell ID: 732 Tracking Area Code: 16777215
08-12 10:54:17.152 11752 11809 D cellinfo: 46 bytes from 54.197.223.49: icmp_seq=926 ttl=37 time=119 ms
08-12 10:54:17.355 11752 11809 D cellinfo: 46 bytes from 54.197.223.49: icmp_seq=927 ttl=37 time=122 ms
08-12 10:54:17.550 11752 11809 D cellinfo: 46 bytes from 54.197.223.49: icmp_seq=928 ttl=37 time=116 ms
08-12 10:54:17.757 11752 11809 D cellinfo: 46 bytes from 54.197.223.49: icmp_seq=929 ttl=37 time=122 ms
08-12 10:54:17.950 11752 11809 D cellinfo: 46 bytes from 54.197.223.49: icmp_seq=930 ttl=37 time=113 ms
08-12 10:54:17.983 11752 11752 D cellinfo: Latitude is 41.2495433
08-12 10:54:17.983 11752 11752 D cellinfo: Longitude is -95.8228515
08-12 10:54:17.983 11752 11752 D cellinfo: Instantaneous GPS information: United States, 222 Bennett Ave, Council Bluffs, IA 51503, USA
08-12 10:54:17.983 11752 11752 D cellinfo: getCurrentLocation() result: Location (success): 41.2495433, -95.8228515
08-12 10:54:18.155 11752 11809 D cellinfo: 46 bytes from 54.197.223.49: icmp_seq=931 ttl=37 time=118 ms
08-12 10:54:18.356 11752 11809 D cellinfo: 46 bytes from 54.197.223.49: icmp_seq=932 ttl=37 time=119 ms
08-12 10:54:18.554 11752 11809 D cellinfo: 46 bytes from 54.197.223.49: icmp_seq=933 ttl=37 time=116 ms
08-12 10:54:18.755 11752 11809 D cellinfo: 46 bytes from 54.197.223.49: icmp_seq=934 ttl=37 time=115 ms
08-12 10:54:18.948 11752 11809 D cellinfo: 46 bytes from 54.197.223.49: icmp_seq=935 ttl=37 time=109 ms
08-12 10:54:19.157 11752 11809 D cellinfo: 46 bytes from 54.197.223.49: icmp_seq=936 ttl=37 time=116 ms
08-12 10:54:19.355 11752 11809 D cellinfo: 46 bytes from 54.197.223.49: icmp_seq=937 ttl=37 time=114 ms
08-12 10:54:19.559 11752 11809 D cellinfo: 46 bytes from 54.197.223.49: icmp_seq=938 ttl=37 time=116 ms
08-12 10:54:19.762 11752 11809 D cellinfo: 46 bytes from 54.197.223.49: icmp_seq=939 ttl=37 time=118 ms
08-12 10:54:19.957 11752 11809 D cellinfo: 46 bytes from 54.197.223.49: icmp_seq=940 ttl=37 time=112 ms
08-12 10:54:20.160 11752 11809 D cellinfo: 46 bytes from 54.197.223.49: icmp_seq=941 ttl=37 time=115 ms
08-12 10:54:20.360 11752 11809 D cellinfo: 46 bytes from 54.197.223.49: icmp_seq=942 ttl=37 time=113 ms
08-12 10:54:20.589 11752 11809 D cellinfo: 46 bytes from 54.197.223.49: icmp_seq=943 ttl=37 time=142 ms
08-12 10:54:20.767 11752 11809 D cellinfo: 46 bytes from 54.197.223.49: icmp_seq=944 ttl=37 time=119 ms
08-12 10:54:20.956 11752 11752 D cellinfo: Latitude is 41.2495433
08-12 10:54:20.956 11752 11752 D cellinfo: Longitude is -95.8228515
08-12 10:54:20.956 11752 11752 D cellinfo: Instantaneous GPS information: United States, 222 Bennett Ave, Council Bluffs, IA 51503, USA
08-12 10:54:20.956 11752 11752 D cellinfo: getCurrentLocation() result: Location (success): 41.2495433, -95.8228515
08-12 10:54:20.963 11752 11809 D cellinfo: 46 bytes from 54.197.223.49: icmp_seq=945 ttl=37 time=114 ms
08-12 10:54:21.175 11752 11809 D cellinfo: 46 bytes from 54.197.223.49: icmp_seq=946 ttl=37 time=125 ms
08-12 10:54:21.364 11752 11809 D cellinfo: 46 bytes from 54.197.223.49: icmp_seq=947 ttl=37 time=114 ms
08-12 10:54:21.565 11752 11809 D cellinfo: 46 bytes from 54.197.223.49: icmp_seq=948 ttl=37 time=115 ms
08-12 10:54:21.770 11752 11809 D cellinfo: 46 bytes from 54.197.223.49: icmp_seq=949 ttl=37 time=118 ms
08-12 10:54:21.972 11752 11809 D cellinfo: 46 bytes from 54.197.223.49: icmp_seq=950 ttl=37 time=120 ms
08-12 10:54:22.180 11752 11809 D cellinfo: 46 bytes from 54.197.223.49: icmp_seq=951 ttl=37 time=127 ms
08-12 10:54:22.374 11752 11809 D cellinfo: 46 bytes from 54.197.223.49: icmp_seq=952 ttl=37 time=120 ms
08-12 10:54:22.572 11752 11809 D cellinfo: 46 bytes from 54.197.223.49: icmp_seq=953 ttl=37 time=117 ms
08-12 10:54:22.772 11752 11809 D cellinfo: 46 bytes from 54.197.223.49: icmp_seq=954 ttl=37 time=117 ms
08-12 10:54:22.970 11752 11809 D cellinfo: 46 bytes from 54.197.223.49: icmp_seq=955 ttl=37 time=114 ms
08-12 10:54:23.021 11752 11752 D cellinfo: onCellInfoChanged: Operator:  UpdateTimestamp: 143539336 CellConnectionStatus: 1
08-12 10:54:23.021 11752 11752 D cellinfo: onCellInfoChanged: 5G-NR Cell Bands: [] ARFCN: 527202 Cell ID: 9223372036854775807 Physical Cell ID: 732 Tracking Area Code: 16777215
08-12 10:54:23.175 11752 11809 D cellinfo: 46 bytes from 54.197.223.49: icmp_seq=956 ttl=37 time=118 ms
08-12 10:54:23.380 11752 11809 D cellinfo: 46 bytes from 54.197.223.49: icmp_seq=957 ttl=37 time=122 ms
08-12 10:54:23.581 11752 11809 D cellinfo: 46 bytes from 54.197.223.49: icmp_seq=958 ttl=37 time=123 ms
08-12 10:54:23.784 11752 11809 D cellinfo: 46 bytes from 54.197.223.49: icmp_seq=959 ttl=37 time=125 ms
08-12 10:54:23.974 11752 11809 D cellinfo: 46 bytes from 54.197.223.49: icmp_seq=960 ttl=37 time=114 ms
08-12 10:54:24.184 11752 11809 D cellinfo: 46 bytes from 54.197.223.49: icmp_seq=961 ttl=37 time=123 ms
08-12 10:54:24.381 11752 11809 D cellinfo: 46 bytes from 54.197.223.49: icmp_seq=962 ttl=37 time=120 ms
08-12 10:54:24.581 11752 11809 D cellinfo: 46 bytes from 54.197.223.49: icmp_seq=963 ttl=37 time=118 ms
08-12 10:54:24.785 11752 11809 D cellinfo: 46 bytes from 54.197.223.49: icmp_seq=964 ttl=37 time=121 ms
08-12 10:54:24.867 11752 11752 D cellinfo: Latitude is 41.2496857
08-12 10:54:24.867 11752 11752 D cellinfo: Longitude is -95.8227298
08-12 10:54:24.867 11752 11752 D cellinfo: Instantaneous GPS information: United States, Mall of the Bluffs, Council Bluffs, IA 51503, USA
08-12 10:54:24.867 11752 11752 D cellinfo: getCurrentLocation() result: Location (success): 41.2496857, -95.8227298
08-12 10:54:24.976 11752 11809 D cellinfo: 46 bytes from 54.197.223.49: icmp_seq=965 ttl=37 time=111 ms
08-12 10:54:25.184 11752 11809 D cellinfo: 46 bytes from 54.197.223.49: icmp_seq=966 ttl=37 time=118 ms
08-12 10:54:25.391 11752 11809 D cellinfo: 46 bytes from 54.197.223.49: icmp_seq=967 ttl=37 time=124 ms
08-12 10:54:25.591 11752 11809 D cellinfo: 46 bytes from 54.197.223.49: icmp_seq=968 ttl=37 time=123 ms
08-12 10:54:25.784 11752 11809 D cellinfo: 46 bytes from 54.197.223.49: icmp_seq=969 ttl=37 time=114 ms
08-12 10:54:25.985 11752 11809 D cellinfo: 46 bytes from 54.197.223.49: icmp_seq=970 ttl=37 time=114 ms
08-12 10:54:26.185 11752 11809 D cellinfo: 46 bytes from 54.197.223.49: icmp_seq=971 ttl=37 time=114 ms
08-12 10:54:26.392 11752 11809 D cellinfo: 46 bytes from 54.197.223.49: icmp_seq=972 ttl=37 time=120 ms
08-12 10:54:26.591 11752 11809 D cellinfo: 46 bytes from 54.197.223.49: icmp_seq=973 ttl=37 time=118 ms
08-12 10:54:26.793 11752 11809 D cellinfo: 46 bytes from 54.197.223.49: icmp_seq=974 ttl=37 time=118 ms
08-12 10:54:26.954 11752 11752 D cellinfo: Latitude is 41.2496857
08-12 10:54:26.954 11752 11752 D cellinfo: Longitude is -95.8227298
08-12 10:54:26.954 11752 11752 D cellinfo: Instantaneous GPS information: United States, Mall of the Bluffs, Council Bluffs, IA 51503, USA
08-12 10:54:26.954 11752 11752 D cellinfo: getCurrentLocation() result: Location (success): 41.2496857, -95.8227298
08-12 10:54:26.989 11752 11809 D cellinfo: 46 bytes from 54.197.223.49: icmp_seq=975 ttl=37 time=114 ms
08-12 10:54:27.222 11752 11809 D cellinfo: 46 bytes from 54.197.223.49: icmp_seq=976 ttl=37 time=146 ms
08-12 10:54:27.391 11752 11809 D cellinfo: 46 bytes from 54.197.223.49: icmp_seq=977 ttl=37 time=115 ms
08-12 10:54:27.402 11752 11752 D cellinfo: onServiceStateChanged: Channel Number: 1123 Cell Bandwidths: [15000]
08-12 10:54:27.598 11752 11809 D cellinfo: 46 bytes from 54.197.223.49: icmp_seq=978 ttl=37 time=120 ms
08-12 10:54:27.798 11752 11809 D cellinfo: 46 bytes from 54.197.223.49: icmp_seq=979 ttl=37 time=119 ms
08-12 10:54:27.913 11752 11752 D cellinfo: onServiceStateChanged: Channel Number: 1123 Cell Bandwidths: [15000, 80000]
08-12 10:54:28.498 11752 11809 D cellinfo: 46 bytes from 54.197.223.49: icmp_seq=981 ttl=37 time=416 ms
08-12 10:54:28.498 11752 11809 D cellinfo: 46 bytes from 54.197.223.49: icmp_seq=982 ttl=37 time=213 ms
08-12 10:54:28.610 11752 11809 D cellinfo: 46 bytes from 54.197.223.49: icmp_seq=983 ttl=37 time=120 ms
08-12 10:54:28.805 11752 11809 D cellinfo: 46 bytes from 54.197.223.49: icmp_seq=984 ttl=37 time=114 ms
08-12 10:54:29.006 11752 11809 D cellinfo: 46 bytes from 54.197.223.49: icmp_seq=985 ttl=37 time=115 ms
08-12 10:54:29.014 11752 11752 D cellinfo: onCellInfoChanged: Operator:  UpdateTimestamp: 143545322 CellConnectionStatus: 1
08-12 10:54:29.014 11752 11752 D cellinfo: onCellInfoChanged: 5G-NR Cell Bands: [] ARFCN: 527202 Cell ID: 9223372036854775807 Physical Cell ID: 201 Tracking Area Code: 16777215
08-12 10:54:29.209 11752 11809 D cellinfo: 46 bytes from 54.197.223.49: icmp_seq=986 ttl=37 time=117 ms
08-12 10:54:29.404 11752 11809 D cellinfo: 46 bytes from 54.197.223.49: icmp_seq=987 ttl=37 time=112 ms
08-12 10:54:29.609 11752 11809 D cellinfo: 46 bytes from 54.197.223.49: icmp_seq=988 ttl=37 time=117 ms
08-12 10:54:29.811 11752 11809 D cellinfo: 46 bytes from 54.197.223.49: icmp_seq=989 ttl=37 time=117 ms
08-12 10:54:29.950 11752 11752 D cellinfo: Latitude is 41.2496857
08-12 10:54:29.950 11752 11752 D cellinfo: Longitude is -95.8227298
08-12 10:54:29.950 11752 11752 D cellinfo: Instantaneous GPS information: United States, Mall of the Bluffs, Council Bluffs, IA 51503, USA
08-12 10:54:29.951 11752 11752 D cellinfo: getCurrentLocation() result: Location (success): 41.2496857, -95.8227298
08-12 10:54:30.009 11752 11809 D cellinfo: 46 bytes from 54.197.223.49: icmp_seq=990 ttl=37 time=115 ms
08-12 10:54:30.209 11752 11809 D cellinfo: 46 bytes from 54.197.223.49: icmp_seq=991 ttl=37 time=114 ms
08-12 10:54:30.414 11752 11809 D cellinfo: 46 bytes from 54.197.223.49: icmp_seq=992 ttl=37 time=119 ms
08-12 10:54:30.609 11752 11809 D cellinfo: 46 bytes from 54.197.223.49: icmp_seq=993 ttl=37 time=113 ms
08-12 10:54:30.814 11752 11809 D cellinfo: 46 bytes from 54.197.223.49: icmp_seq=994 ttl=37 time=117 ms
08-12 10:54:31.016 11752 11809 D cellinfo: 46 bytes from 54.197.223.49: icmp_seq=995 ttl=37 time=118 ms
08-12 10:54:31.215 11752 11809 D cellinfo: 46 bytes from 54.197.223.49: icmp_seq=996 ttl=37 time=119 ms
08-12 10:54:31.415 11752 11809 D cellinfo: 46 bytes from 54.197.223.49: icmp_seq=997 ttl=37 time=117 ms
08-12 10:54:31.616 11752 11809 D cellinfo: 46 bytes from 54.197.223.49: icmp_seq=998 ttl=37 time=117 ms
08-12 10:54:31.820 11752 11809 D cellinfo: 46 bytes from 54.197.223.49: icmp_seq=999 ttl=37 time=121 ms
08-12 10:54:32.014 11752 11809 D cellinfo: 46 bytes from 54.197.223.49: icmp_seq=1000 ttl=37 time=114 ms
08-12 10:54:32.220 11752 11809 D cellinfo: 46 bytes from 54.197.223.49: icmp_seq=1001 ttl=37 time=121 ms
08-12 10:54:32.417 11752 11809 D cellinfo: 46 bytes from 54.197.223.49: icmp_seq=1002 ttl=37 time=117 ms
08-12 10:54:32.617 11752 11809 D cellinfo: 46 bytes from 54.197.223.49: icmp_seq=1003 ttl=37 time=116 ms
08-12 10:54:32.870 11752 11809 D cellinfo: 46 bytes from 54.197.223.49: icmp_seq=1004 ttl=37 time=167 ms
08-12 10:54:32.952 11752 11752 D cellinfo: Latitude is 41.2496857
08-12 10:54:32.952 11752 11752 D cellinfo: Longitude is -95.8227298
08-12 10:54:32.952 11752 11752 D cellinfo: Instantaneous GPS information: United States, Mall of the Bluffs, Council Bluffs, IA 51503, USA
08-12 10:54:32.952 11752 11752 D cellinfo: getCurrentLocation() result: Location (success): 41.2496857, -95.8227298
08-12 10:54:33.011 11752 11809 D cellinfo: 46 bytes from 54.197.223.49: icmp_seq=1005 ttl=37 time=109 ms
08-12 10:54:33.217 11752 11809 D cellinfo: 46 bytes from 54.197.223.49: icmp_seq=1006 ttl=37 time=114 ms
08-12 10:54:33.426 11752 11809 D cellinfo: 46 bytes from 54.197.223.49: icmp_seq=1007 ttl=37 time=122 ms
08-12 10:54:33.622 11752 11809 D cellinfo: 46 bytes from 54.197.223.49: icmp_seq=1008 ttl=37 time=117 ms
08-12 10:54:33.817 11752 11809 D cellinfo: 46 bytes from 54.197.223.49: icmp_seq=1009 ttl=37 time=112 ms
08-12 10:54:34.016 11752 11809 D cellinfo: 46 bytes from 54.197.223.49: icmp_seq=1010 ttl=37 time=111 ms
08-12 10:54:34.223 11752 11809 D cellinfo: 46 bytes from 54.197.223.49: icmp_seq=1011 ttl=37 time=117 ms
08-12 10:54:34.505 11752 11809 D cellinfo: 46 bytes from 54.197.223.49: icmp_seq=1012 ttl=37 time=198 ms
08-12 10:54:34.506 11752 11809 D cellinfo: 46 bytes from 54.197.223.49: icmp_seq=1012 ttl=37 time=199 ms (DUP!)
08-12 10:54:34.620 11752 11809 D cellinfo: 46 bytes from 54.197.223.49: icmp_seq=1013 ttl=37 time=113 ms
08-12 10:54:34.659 11752 11752 D cellinfo: onServiceStateChanged: Channel Number: 1123 Cell Bandwidths: [15000]
08-12 10:54:34.821 11752 11809 D cellinfo: 46 bytes from 54.197.223.49: icmp_seq=1014 ttl=37 time=114 ms
08-12 10:54:35.007 11752 11752 D cellinfo: onCellInfoChanged: Operator:  UpdateTimestamp: 143551321 CellConnectionStatus: 1
08-12 10:54:35.007 11752 11752 D cellinfo: onCellInfoChanged: 5G-NR Cell Bands: [] ARFCN: 527202 Cell ID: 9223372036854775807 Physical Cell ID: 732 Tracking Area Code: 16777215
08-12 10:54:35.021 11752 11809 D cellinfo: 46 bytes from 54.197.223.49: icmp_seq=1015 ttl=37 time=114 ms
08-12 10:54:35.231 11752 11809 D cellinfo: 46 bytes from 54.197.223.49: icmp_seq=1016 ttl=37 time=123 ms
08-12 10:54:35.432 11752 11809 D cellinfo: 46 bytes from 54.197.223.49: icmp_seq=1017 ttl=37 time=124 ms
08-12 10:54:35.622 11752 11809 D cellinfo: 46 bytes from 54.197.223.49: icmp_seq=1018 ttl=37 time=113 ms
08-12 10:54:35.831 11752 11809 D cellinfo: 46 bytes from 54.197.223.49: icmp_seq=1019 ttl=37 time=120 ms
08-12 10:54:36.029 11752 11809 D cellinfo: 46 bytes from 54.197.223.49: icmp_seq=1020 ttl=37 time=118 ms
08-12 10:54:36.228 11752 11809 D cellinfo: 46 bytes from 54.197.223.49: icmp_seq=1021 ttl=37 time=118 ms
08-12 10:54:36.426 11752 11809 D cellinfo: 46 bytes from 54.197.223.49: icmp_seq=1022 ttl=37 time=114 ms
08-12 10:54:36.620 11752 11809 D cellinfo: 46 bytes from 54.197.223.49: icmp_seq=1023 ttl=37 time=108 ms
08-12 10:54:36.722 11752 11752 D cellinfo: Latitude is 41.2508479
08-12 10:54:36.722 11752 11752 D cellinfo: Longitude is -95.82181
08-12 10:54:36.722 11752 11752 D cellinfo: Instantaneous GPS information: United States, 1202 Sunnywood Ave, Council Bluffs, IA 51503, USA
08-12 10:54:36.722 11752 11752 D cellinfo: getCurrentLocation() result: Location (success): 41.2508479, -95.82181
08-12 10:54:36.831 11752 11809 D cellinfo: 46 bytes from 54.197.223.49: icmp_seq=1024 ttl=37 time=119 ms
08-12 10:54:37.029 11752 11809 D cellinfo: 46 bytes from 54.197.223.49: icmp_seq=1025 ttl=37 time=115 ms
08-12 10:54:37.229 11752 11809 D cellinfo: 46 bytes from 54.197.223.49: icmp_seq=1026 ttl=37 time=115 ms
08-12 10:54:37.428 11752 11809 D cellinfo: 46 bytes from 54.197.223.49: icmp_seq=1027 ttl=37 time=114 ms
08-12 10:54:37.627 11752 11809 D cellinfo: 46 bytes from 54.197.223.49: icmp_seq=1028 ttl=37 time=112 ms
08-12 10:54:37.834 11752 11809 D cellinfo: 46 bytes from 54.197.223.49: icmp_seq=1029 ttl=37 time=119 ms
08-12 10:54:37.939 11752 11752 D cellinfo: onsignalStrengthsChanged: LTE Signal Strength info: rsrp: -102 rsrq: -12 rssi: -71 rssnr: 10
08-12 10:54:37.939 11752 11752 D cellinfo: onsignalStrengthsChanged: 5G-NR Signal Strength info: ssrsrp: -92 ssrsrq: -11 sssinr: 8
08-12 10:54:38.034 11752 11809 D cellinfo: 46 bytes from 54.197.223.49: icmp_seq=1030 ttl=37 time=117 ms
08-12 10:54:38.235 11752 11809 D cellinfo: 46 bytes from 54.197.223.49: icmp_seq=1031 ttl=37 time=119 ms
08-12 10:54:38.434 11752 11809 D cellinfo: 46 bytes from 54.197.223.49: icmp_seq=1032 ttl=37 time=118 ms
08-12 10:54:38.627 11752 11809 D cellinfo: 46 bytes from 54.197.223.49: icmp_seq=1033 ttl=37 time=110 ms
08-12 10:54:38.828 11752 11809 D cellinfo: 46 bytes from 54.197.223.49: icmp_seq=1034 ttl=37 time=112 ms
08-12 10:54:38.951 11752 11752 D cellinfo: Latitude is 41.2508479
08-12 10:54:38.951 11752 11752 D cellinfo: Longitude is -95.82181
08-12 10:54:38.951 11752 11752 D cellinfo: Instantaneous GPS information: United States, 1202 Sunnywood Ave, Council Bluffs, IA 51503, USA
08-12 10:54:38.951 11752 11752 D cellinfo: getCurrentLocation() result: Location (success): 41.2508479, -95.82181
08-12 10:54:39.034 11752 11809 D cellinfo: 46 bytes from 54.197.223.49: icmp_seq=1035 ttl=37 time=117 ms
08-12 10:54:39.234 11752 11809 D cellinfo: 46 bytes from 54.197.223.49: icmp_seq=1036 ttl=37 time=117 ms
08-12 10:54:39.434 11752 11809 D cellinfo: 46 bytes from 54.197.223.49: icmp_seq=1037 ttl=37 time=116 ms
08-12 10:54:39.635 11752 11809 D cellinfo: 46 bytes from 54.197.223.49: icmp_seq=1038 ttl=37 time=115 ms
08-12 10:54:39.841 11752 11809 D cellinfo: 46 bytes from 54.197.223.49: icmp_seq=1039 ttl=37 time=120 ms
08-12 10:54:40.039 11752 11809 D cellinfo: 46 bytes from 54.197.223.49: icmp_seq=1040 ttl=37 time=119 ms
08-12 10:54:40.237 11752 11809 D cellinfo: 46 bytes from 54.197.223.49: icmp_seq=1041 ttl=37 time=117 ms
08-12 10:54:40.440 11752 11809 D cellinfo: 46 bytes from 54.197.223.49: icmp_seq=1042 ttl=37 time=119 ms
08-12 10:54:40.630 11752 11809 D cellinfo: 46 bytes from 54.197.223.49: icmp_seq=1043 ttl=37 time=109 ms
08-12 10:54:40.840 11752 11809 D cellinfo: 46 bytes from 54.197.223.49: icmp_seq=1044 ttl=37 time=118 ms
08-12 10:54:41.000 11752 11752 D cellinfo: onCellInfoChanged: Operator:  UpdateTimestamp: 143557314 CellConnectionStatus: 1
08-12 10:54:41.000 11752 11752 D cellinfo: onCellInfoChanged: 5G-NR Cell Bands: [] ARFCN: 527202 Cell ID: 9223372036854775807 Physical Cell ID: 732 Tracking Area Code: 16777215
08-12 10:54:41.036 11752 11809 D cellinfo: 46 bytes from 54.197.223.49: icmp_seq=1045 ttl=37 time=114 ms
08-12 10:54:41.240 11752 11809 D cellinfo: 46 bytes from 54.197.223.49: icmp_seq=1046 ttl=37 time=118 ms
08-12 10:54:41.437 11752 11809 D cellinfo: 46 bytes from 54.197.223.49: icmp_seq=1047 ttl=37 time=115 ms
08-12 10:54:41.638 11752 11809 D cellinfo: 46 bytes from 54.197.223.49: icmp_seq=1048 ttl=37 time=116 ms
08-12 10:54:41.782 11752 11752 D cellinfo: onsignalStrengthsChanged: LTE Signal Strength info: rsrp: -92 rsrq: -9 rssi: -63 rssnr: 3
08-12 10:54:41.782 11752 11752 D cellinfo: onsignalStrengthsChanged: 5G-NR Signal Strength info: ssrsrp: -95 ssrsrq: -11 sssinr: 6
08-12 10:54:41.842 11752 11809 D cellinfo: 46 bytes from 54.197.223.49: icmp_seq=1049 ttl=37 time=118 ms
08-12 10:54:41.951 11752 11752 D cellinfo: Latitude is 41.2508479
08-12 10:54:41.951 11752 11752 D cellinfo: Longitude is -95.82181
08-12 10:54:41.951 11752 11752 D cellinfo: Instantaneous GPS information: United States, 1202 Sunnywood Ave, Council Bluffs, IA 51503, USA
08-12 10:54:41.951 11752 11752 D cellinfo: getCurrentLocation() result: Location (success): 41.2508479, -95.82181
08-12 10:54:42.040 11752 11809 D cellinfo: 46 bytes from 54.197.223.49: icmp_seq=1050 ttl=37 time=116 ms
08-12 10:54:42.241 11752 11809 D cellinfo: 46 bytes from 54.197.223.49: icmp_seq=1051 ttl=37 time=117 ms
08-12 10:54:42.446 11752 11809 D cellinfo: 46 bytes from 54.197.223.49: icmp_seq=1052 ttl=37 time=120 ms
08-12 10:54:42.635 11752 11809 D cellinfo: 46 bytes from 54.197.223.49: icmp_seq=1053 ttl=37 time=110 ms
08-12 10:54:42.843 11752 11809 D cellinfo: 46 bytes from 54.197.223.49: icmp_seq=1054 ttl=37 time=116 ms
08-12 10:54:43.046 11752 11809 D cellinfo: 46 bytes from 54.197.223.49: icmp_seq=1055 ttl=37 time=119 ms
08-12 10:54:43.251 11752 11809 D cellinfo: 46 bytes from 54.197.223.49: icmp_seq=1056 ttl=37 time=124 ms
08-12 10:54:43.451 11752 11809 D cellinfo: 46 bytes from 54.197.223.49: icmp_seq=1057 ttl=37 time=123 ms
08-12 10:54:43.645 11752 11809 D cellinfo: 46 bytes from 54.197.223.49: icmp_seq=1058 ttl=37 time=116 ms
08-12 10:54:43.852 11752 11809 D cellinfo: 46 bytes from 54.197.223.49: icmp_seq=1059 ttl=37 time=122 ms
08-12 10:54:44.055 11752 11809 D cellinfo: 46 bytes from 54.197.223.49: icmp_seq=1060 ttl=37 time=124 ms
08-12 10:54:44.251 11752 11809 D cellinfo: 46 bytes from 54.197.223.49: icmp_seq=1061 ttl=37 time=121 ms
08-12 10:54:44.451 11752 11809 D cellinfo: 46 bytes from 54.197.223.49: icmp_seq=1062 ttl=37 time=120 ms
08-12 10:54:44.642 11752 11809 D cellinfo: 46 bytes from 54.197.223.49: icmp_seq=1063 ttl=37 time=110 ms
08-12 10:54:44.840 11752 11809 D cellinfo: 46 bytes from 54.197.223.49: icmp_seq=1064 ttl=37 time=108 ms
08-12 10:54:44.950 11752 11752 D cellinfo: Latitude is 41.2508479
08-12 10:54:44.950 11752 11752 D cellinfo: Longitude is -95.82181
08-12 10:54:44.950 11752 11752 D cellinfo: Instantaneous GPS information: United States, 1202 Sunnywood Ave, Council Bluffs, IA 51503, USA
08-12 10:54:44.950 11752 11752 D cellinfo: getCurrentLocation() result: Location (success): 41.2508479, -95.82181
08-12 10:54:45.052 11752 11809 D cellinfo: 46 bytes from 54.197.223.49: icmp_seq=1065 ttl=37 time=119 ms
08-12 10:54:45.253 11752 11809 D cellinfo: 46 bytes from 54.197.223.49: icmp_seq=1066 ttl=37 time=120 ms
08-12 10:54:45.456 11752 11809 D cellinfo: 46 bytes from 54.197.223.49: icmp_seq=1067 ttl=37 time=122 ms
08-12 10:54:45.789 11752 11809 D cellinfo: 46 bytes from 54.197.223.49: icmp_seq=1068 ttl=37 time=253 ms
08-12 10:54:45.857 11752 11809 D cellinfo: 46 bytes from 54.197.223.49: icmp_seq=1069 ttl=37 time=116 ms
08-12 10:54:46.063 11752 11809 D cellinfo: 46 bytes from 54.197.223.49: icmp_seq=1070 ttl=37 time=121 ms
08-12 10:54:46.261 11752 11809 D cellinfo: 46 bytes from 54.197.223.49: icmp_seq=1071 ttl=37 time=118 ms
08-12 10:54:46.460 11752 11809 D cellinfo: 46 bytes from 54.197.223.49: icmp_seq=1072 ttl=37 time=116 ms
08-12 10:54:46.657 11752 11809 D cellinfo: 46 bytes from 54.197.223.49: icmp_seq=1073 ttl=37 time=112 ms
08-12 10:54:46.666 11752 11752 D cellinfo: onsignalStrengthsChanged: LTE Signal Strength info: rsrp: -99 rsrq: -13 rssi: -67 rssnr: 4
08-12 10:54:46.666 11752 11752 D cellinfo: onsignalStrengthsChanged: 5G-NR Signal Strength info: ssrsrp: -95 ssrsrq: -11 sssinr: -2
08-12 10:54:46.856 11752 11809 D cellinfo: 46 bytes from 54.197.223.49: icmp_seq=1074 ttl=37 time=110 ms
08-12 10:54:46.998 11752 11752 D cellinfo: onCellInfoChanged: Operator:  UpdateTimestamp: 143563313 CellConnectionStatus: 1
