08-12 16:13:32.990 18298 18298 D cellinfo: onsignalStrengthsChanged: LTE Signal Strength info: rsrp: -97 rsrq: -12 rssi: -65 rssnr: 3
08-12 16:13:32.990 18298 18298 D cellinfo: onsignalStrengthsChanged: 5G-NR Signal Strength info: ssrsrp: -103 ssrsrq: -12 sssinr: 8
08-12 16:13:33.039 18298 18357 D cellinfo: 46 bytes from 54.197.223.49: icmp_seq=1692 ttl=36 time=124 ms
08-12 16:13:33.245 18298 18357 D cellinfo: 46 bytes from 54.197.223.49: icmp_seq=1693 ttl=36 time=130 ms
08-12 16:13:33.287 18298 18298 D cellinfo: Latitude is 41.583346
08-12 16:13:33.287 18298 18298 D cellinfo: Longitude is -93.8258446
08-12 16:13:33.287 18298 18298 D cellinfo: Instantaneous GPS information: United States, 8602 Westown Pkwy, West Des Moines, IA 50266, USA
08-12 16:13:33.287 18298 18298 D cellinfo: getCurrentLocation() result: Location (success): 41.583346, -93.8258446
08-12 16:13:33.439 18298 18357 D cellinfo: 46 bytes from 54.197.223.49: icmp_seq=1694 ttl=36 time=124 ms
08-12 16:13:33.632 18298 18298 D cellinfo: onServiceStateChanged: Channel Number: 66811 Cell Bandwidths: [15000, 100000]
08-12 16:13:33.697 18298 18357 D cellinfo: 46 bytes from 54.197.223.49: icmp_seq=1695 ttl=36 time=180 ms
08-12 16:13:33.812 18298 18357 D cellinfo: 46 bytes from 54.197.223.49: icmp_seq=1696 ttl=36 time=95.5 ms
08-12 16:13:34.020 18298 18357 D cellinfo: 46 bytes from 54.197.223.49: icmp_seq=1697 ttl=36 time=102 ms
08-12 16:13:34.361 18298 18357 D cellinfo: 46 bytes from 54.197.223.49: icmp_seq=1698 ttl=36 time=244 ms
08-12 16:13:34.440 18298 18357 D cellinfo: 46 bytes from 54.197.223.49: icmp_seq=1699 ttl=36 time=118 ms
08-12 16:13:34.635 18298 18357 D cellinfo: 46 bytes from 54.197.223.49: icmp_seq=1700 ttl=36 time=113 ms
08-12 16:13:34.836 18298 18357 D cellinfo: 46 bytes from 54.197.223.49: icmp_seq=1701 ttl=36 time=112 ms
08-12 16:13:35.037 18298 18357 D cellinfo: 46 bytes from 54.197.223.49: icmp_seq=1702 ttl=36 time=113 ms
08-12 16:13:35.236 18298 18357 D cellinfo: 46 bytes from 54.197.223.49: icmp_seq=1703 ttl=36 time=112 ms
08-12 16:13:35.432 18298 18357 D cellinfo: 46 bytes from 54.197.223.49: icmp_seq=1704 ttl=36 time=108 ms
08-12 16:13:35.636 18298 18357 D cellinfo: 46 bytes from 54.197.223.49: icmp_seq=1705 ttl=36 time=111 ms
08-12 16:13:35.837 18298 18357 D cellinfo: 46 bytes from 54.197.223.49: icmp_seq=1706 ttl=36 time=111 ms
08-12 16:13:36.036 18298 18357 D cellinfo: 46 bytes from 54.197.223.49: icmp_seq=1707 ttl=36 time=110 ms
08-12 16:13:36.242 18298 18357 D cellinfo: 46 bytes from 54.197.223.49: icmp_seq=1708 ttl=36 time=114 ms
08-12 16:13:36.443 18298 18357 D cellinfo: 46 bytes from 54.197.223.49: icmp_seq=1709 ttl=36 time=118 ms
08-12 16:13:36.636 18298 18357 D cellinfo: 46 bytes from 54.197.223.49: icmp_seq=1710 ttl=36 time=111 ms
08-12 16:13:36.838 18298 18357 D cellinfo: 46 bytes from 54.197.223.49: icmp_seq=1711 ttl=36 time=110 ms
08-12 16:13:37.036 18298 18357 D cellinfo: 46 bytes from 54.197.223.49: icmp_seq=1712 ttl=36 time=108 ms
08-12 16:13:37.091 18298 18298 D cellinfo: Latitude is 41.5853845
08-12 16:13:37.091 18298 18298 D cellinfo: Longitude is -93.8219016
08-12 16:13:37.091 18298 18298 D cellinfo: Instantaneous GPS information: United States, 8602 Westown Pkwy, West Des Moines, IA 50266, USA
08-12 16:13:37.091 18298 18298 D cellinfo: getCurrentLocation() result: Location (success): 41.5853845, -93.8219016
08-12 16:13:37.144 18298 18298 D cellinfo: onsignalStrengthsChanged: LTE Signal Strength info: rsrp: -104 rsrq: -14 rssi: -71 rssnr: 3
08-12 16:13:37.144 18298 18298 D cellinfo: onsignalStrengthsChanged: 5G-NR Signal Strength info: ssrsrp: -103 ssrsrq: -12 sssinr: 6
08-12 16:13:37.235 18298 18357 D cellinfo: 46 bytes from 54.197.223.49: icmp_seq=1713 ttl=36 time=108 ms
08-12 16:13:37.431 18298 18357 D cellinfo: 46 bytes from 54.197.223.49: icmp_seq=1714 ttl=36 time=103 ms
08-12 16:13:37.640 18298 18357 D cellinfo: 46 bytes from 54.197.223.49: icmp_seq=1715 ttl=36 time=113 ms
08-12 16:13:37.843 18298 18357 D cellinfo: 46 bytes from 54.197.223.49: icmp_seq=1716 ttl=36 time=114 ms
08-12 16:13:38.042 18298 18357 D cellinfo: 46 bytes from 54.197.223.49: icmp_seq=1717 ttl=36 time=112 ms
08-12 16:13:38.239 18298 18357 D cellinfo: 46 bytes from 54.197.223.49: icmp_seq=1718 ttl=36 time=110 ms
08-12 16:13:38.352 18298 18298 D cellinfo: onCellInfoChanged: Operator:  UpdateTimestamp: 162694668 CellConnectionStatus: 1
08-12 16:13:38.352 18298 18298 D cellinfo: onCellInfoChanged: 5G-NR Cell Bands: [] ARFCN: 509202 Cell ID: 9223372036854775807 Physical Cell ID: 609 Tracking Area Code: 16777215
08-12 16:13:38.442 18298 18357 D cellinfo: 46 bytes from 54.197.223.49: icmp_seq=1719 ttl=36 time=111 ms
08-12 16:13:38.634 18298 18357 D cellinfo: 46 bytes from 54.197.223.49: icmp_seq=1720 ttl=36 time=102 ms
08-12 16:13:38.873 18298 18357 D cellinfo: 46 bytes from 54.197.223.49: icmp_seq=1721 ttl=36 time=140 ms
08-12 16:13:39.042 18298 18357 D cellinfo: 46 bytes from 54.197.223.49: icmp_seq=1722 ttl=36 time=109 ms
08-12 16:13:39.239 18298 18357 D cellinfo: 46 bytes from 54.197.223.49: icmp_seq=1723 ttl=36 time=106 ms
08-12 16:13:39.281 18298 18298 D cellinfo: Latitude is 41.5853845
08-12 16:13:39.281 18298 18298 D cellinfo: Longitude is -93.8219016
08-12 16:13:39.281 18298 18298 D cellinfo: Instantaneous GPS information: United States, 8602 Westown Pkwy, West Des Moines, IA 50266, USA
08-12 16:13:39.281 18298 18298 D cellinfo: getCurrentLocation() result: Location (success): 41.5853845, -93.8219016
08-12 16:13:39.440 18298 18357 D cellinfo: 46 bytes from 54.197.223.49: icmp_seq=1724 ttl=36 time=106 ms
08-12 16:13:39.671 18298 18357 D cellinfo: 46 bytes from 54.197.223.49: icmp_seq=1725 ttl=36 time=136 ms
08-12 16:13:39.841 18298 18357 D cellinfo: 46 bytes from 54.197.223.49: icmp_seq=1726 ttl=36 time=104 ms
08-12 16:13:40.041 18298 18357 D cellinfo: 46 bytes from 54.197.223.49: icmp_seq=1727 ttl=36 time=103 ms
08-12 16:13:40.178 18298 18298 D cellinfo: onsignalStrengthsChanged: LTE Signal Strength info: rsrp: -94 rsrq: -9 rssi: -65 rssnr: 10
08-12 16:13:40.178 18298 18298 D cellinfo: onsignalStrengthsChanged: 5G-NR Signal Strength info: ssrsrp: -98 ssrsrq: -11 sssinr: 12
08-12 16:13:40.239 18298 18357 D cellinfo: 46 bytes from 54.197.223.49: icmp_seq=1728 ttl=36 time=102 ms
08-12 16:13:40.440 18298 18357 D cellinfo: 46 bytes from 54.197.223.49: icmp_seq=1729 ttl=36 time=101 ms
08-12 16:13:40.639 18298 18357 D cellinfo: 46 bytes from 54.197.223.49: icmp_seq=1730 ttl=36 time=101 ms
08-12 16:13:40.846 18298 18357 D cellinfo: 46 bytes from 54.197.223.49: icmp_seq=1731 ttl=36 time=107 ms
08-12 16:13:41.039 18298 18357 D cellinfo: 46 bytes from 54.197.223.49: icmp_seq=1732 ttl=36 time=99.4 ms
08-12 16:13:41.317 18298 18357 D cellinfo: 46 bytes from 54.197.223.49: icmp_seq=1733 ttl=36 time=176 ms
08-12 16:13:42.291 18298 18298 D cellinfo: Latitude is 41.5853845
08-12 16:13:42.291 18298 18298 D cellinfo: Longitude is -93.8219016
08-12 16:13:42.291 18298 18298 D cellinfo: Instantaneous GPS information: United States, 8602 Westown Pkwy, West Des Moines, IA 50266, USA
08-12 16:13:42.291 18298 18298 D cellinfo: getCurrentLocation() result: Location (success): 41.5853845, -93.8219016
08-12 16:13:42.476 18298 18357 D cellinfo: 46 bytes from 54.197.223.49: icmp_seq=1734 ttl=36 time=1135 ms
08-12 16:13:42.476 18298 18357 D cellinfo: 46 bytes from 54.197.223.49: icmp_seq=1735 ttl=36 time=931 ms
08-12 16:13:42.476 18298 18357 D cellinfo: 46 bytes from 54.197.223.49: icmp_seq=1736 ttl=36 time=727 ms
08-12 16:13:42.477 18298 18357 D cellinfo: 46 bytes from 54.197.223.49: icmp_seq=1737 ttl=36 time=523 ms
08-12 16:13:42.477 18298 18357 D cellinfo: 46 bytes from 54.197.223.49: icmp_seq=1738 ttl=36 time=319 ms
08-12 16:13:42.901 18298 18357 D cellinfo: 46 bytes from 54.197.223.49: icmp_seq=1740 ttl=36 time=338 ms
08-12 16:13:42.902 18298 18357 D cellinfo: 46 bytes from 54.197.223.49: icmp_seq=1741 ttl=36 time=135 ms
08-12 16:13:43.101 18298 18357 D cellinfo: 46 bytes from 54.197.223.49: icmp_seq=1742 ttl=36 time=134 ms
08-12 16:13:43.261 18298 18357 D cellinfo: 46 bytes from 54.197.223.49: icmp_seq=1743 ttl=36 time=95.2 ms
08-12 16:13:43.500 18298 18357 D cellinfo: 46 bytes from 54.197.223.49: icmp_seq=1744 ttl=36 time=134 ms
08-12 16:13:43.660 18298 18357 D cellinfo: 46 bytes from 54.197.223.49: icmp_seq=1745 ttl=36 time=93.1 ms
08-12 16:13:43.898 18298 18357 D cellinfo: 46 bytes from 54.197.223.49: icmp_seq=1746 ttl=36 time=130 ms
08-12 16:13:44.059 18298 18357 D cellinfo: 46 bytes from 54.197.223.49: icmp_seq=1747 ttl=36 time=89.3 ms
08-12 16:13:44.259 18298 18357 D cellinfo: 46 bytes from 54.197.223.49: icmp_seq=1748 ttl=36 time=90.6 ms
08-12 16:13:44.299 18298 18298 D cellinfo: onsignalStrengthsChanged: LTE Signal Strength info: rsrp: -101 rsrq: -18 rssi: -63 rssnr: -4
08-12 16:13:44.299 18298 18298 D cellinfo: onsignalStrengthsChanged: 5G-NR Signal Strength info: ssrsrp: -90 ssrsrq: -11 sssinr: 14
08-12 16:13:44.333 18298 18298 D cellinfo: onCellInfoChanged: Operator:  UpdateTimestamp: 162700639 CellConnectionStatus: 1
08-12 16:13:44.335 18298 18298 D cellinfo: onCellInfoChanged: 5G-NR Cell Bands: [] ARFCN: 509202 Cell ID: 9223372036854775807 Physical Cell ID: 616 Tracking Area Code: 16777215
08-12 16:13:44.490 18298 18357 D cellinfo: 46 bytes from 54.197.223.49: icmp_seq=1749 ttl=36 time=121 ms
08-12 16:13:44.655 18298 18357 D cellinfo: 46 bytes from 54.197.223.49: icmp_seq=1750 ttl=36 time=86.4 ms
08-12 16:13:44.860 18298 18357 D cellinfo: 46 bytes from 54.197.223.49: icmp_seq=1751 ttl=36 time=89.7 ms
08-12 16:13:45.140 18298 18357 D cellinfo: 46 bytes from 54.197.223.49: icmp_seq=1752 ttl=36 time=169 ms
08-12 16:13:45.288 18298 18298 D cellinfo: Latitude is 41.5853845
08-12 16:13:45.288 18298 18298 D cellinfo: Longitude is -93.8219016
08-12 16:13:45.288 18298 18298 D cellinfo: Instantaneous GPS information: United States, 8602 Westown Pkwy, West Des Moines, IA 50266, USA
08-12 16:13:45.288 18298 18298 D cellinfo: getCurrentLocation() result: Location (success): 41.5853845, -93.8219016
08-12 16:13:45.290 18298 18357 D cellinfo: 46 bytes from 54.197.223.49: icmp_seq=1753 ttl=36 time=118 ms
08-12 16:13:45.465 18298 18357 D cellinfo: 46 bytes from 54.197.223.49: icmp_seq=1754 ttl=36 time=93.9 ms
08-12 16:13:45.671 18298 18357 D cellinfo: 46 bytes from 54.197.223.49: icmp_seq=1755 ttl=36 time=98.9 ms
08-12 16:13:46.175 18298 18298 D cellinfo: onServiceStateChanged: Channel Number: 66811 Cell Bandwidths: [15000]
08-12 16:13:46.636 18298 18357 D cellinfo: 46 bytes from 54.197.223.49: icmp_seq=1756 ttl=36 time=862 ms
08-12 16:13:46.636 18298 18357 D cellinfo: 46 bytes from 54.197.223.49: icmp_seq=1756 ttl=36 time=862 ms (DUP!)
08-12 16:13:46.736 18298 18357 D cellinfo: 46 bytes from 54.197.223.49: icmp_seq=1757 ttl=36 time=754 ms
08-12 16:13:46.736 18298 18357 D cellinfo: 46 bytes from 54.197.223.49: icmp_seq=1758 ttl=36 time=550 ms
08-12 16:13:46.736 18298 18357 D cellinfo: 46 bytes from 54.197.223.49: icmp_seq=1759 ttl=36 time=342 ms
08-12 16:13:46.737 18298 18357 D cellinfo: 46 bytes from 54.197.223.49: icmp_seq=1760 ttl=36 time=138 ms
08-12 16:13:47.434 18298 18298 D cellinfo: onServiceStateChanged: Channel Number: 66811 Cell Bandwidths: [15000, 100000]
08-12 16:13:47.580 18298 18357 D cellinfo: 46 bytes from 54.197.223.49: icmp_seq=1761 ttl=36 time=780 ms
08-12 16:13:47.580 18298 18357 D cellinfo: 46 bytes from 54.197.223.49: icmp_seq=1762 ttl=36 time=578 ms
08-12 16:13:47.580 18298 18357 D cellinfo: 46 bytes from 54.197.223.49: icmp_seq=1763 ttl=36 time=373 ms
08-12 16:13:47.580 18298 18357 D cellinfo: 46 bytes from 54.197.223.49: icmp_seq=1764 ttl=36 time=170 ms
08-12 16:13:47.697 18298 18357 D cellinfo: 46 bytes from 54.197.223.49: icmp_seq=1765 ttl=36 time=87.1 ms
08-12 16:13:47.901 18298 18357 D cellinfo: 46 bytes from 54.197.223.49: icmp_seq=1766 ttl=36 time=89.0 ms
08-12 16:13:47.943 18298 18298 D cellinfo: onsignalStrengthsChanged: LTE Signal Strength info: rsrp: -86 rsrq: -9 rssi: -57 rssnr: 5
08-12 16:13:47.943 18298 18298 D cellinfo: onsignalStrengthsChanged: 5G-NR Signal Strength info: ssrsrp: -76 ssrsrq: -10 sssinr: 24
08-12 16:13:48.098 18298 18357 D cellinfo: 46 bytes from 54.197.223.49: icmp_seq=1767 ttl=36 time=86.0 ms
08-12 16:13:48.306 18298 18357 D cellinfo: 46 bytes from 54.197.223.49: icmp_seq=1768 ttl=36 time=92.7 ms
08-12 16:13:48.505 18298 18357 D cellinfo: 46 bytes from 54.197.223.49: icmp_seq=1769 ttl=36 time=91.0 ms
08-12 16:13:48.705 18298 18357 D cellinfo: 46 bytes from 54.197.223.49: icmp_seq=1770 ttl=36 time=89.5 ms
08-12 16:13:48.906 18298 18357 D cellinfo: 46 bytes from 54.197.223.49: icmp_seq=1771 ttl=36 time=89.6 ms
08-12 16:13:48.910 18298 18298 D cellinfo: Latitude is 41.5872972
08-12 16:13:48.910 18298 18298 D cellinfo: Longitude is -93.8181418
08-12 16:13:48.910 18298 18298 D cellinfo: Instantaneous GPS information: United States, 7780 Office Plaza Dr S, West Des Moines, IA 50266, USA
08-12 16:13:48.911 18298 18298 D cellinfo: getCurrentLocation() result: Location (success): 41.5872972, -93.8181418
08-12 16:13:49.104 18298 18357 D cellinfo: 46 bytes from 54.197.223.49: icmp_seq=1772 ttl=36 time=86.5 ms
08-12 16:13:49.317 18298 18357 D cellinfo: 46 bytes from 54.197.223.49: icmp_seq=1773 ttl=36 time=97.6 ms
08-12 16:13:49.509 18298 18357 D cellinfo: 46 bytes from 54.197.223.49: icmp_seq=1774 ttl=36 time=89.9 ms
08-12 16:13:49.707 18298 18357 D cellinfo: 46 bytes from 54.197.223.49: icmp_seq=1775 ttl=36 time=87.2 ms
08-12 16:13:49.914 18298 18357 D cellinfo: 46 bytes from 54.197.223.49: icmp_seq=1776 ttl=36 time=93.0 ms
08-12 16:13:50.111 18298 18357 D cellinfo: 46 bytes from 54.197.223.49: icmp_seq=1777 ttl=36 time=88.7 ms
08-12 16:13:50.317 18298 18357 D cellinfo: 46 bytes from 54.197.223.49: icmp_seq=1778 ttl=36 time=94.3 ms
08-12 16:13:50.336 18298 18298 D cellinfo: onCellInfoChanged: Operator:  UpdateTimestamp: 162706650 CellConnectionStatus: 1
08-12 16:13:50.336 18298 18298 D cellinfo: onCellInfoChanged: 5G-NR Cell Bands: [] ARFCN: 509202 Cell ID: 9223372036854775807 Physical Cell ID: 173 Tracking Area Code: 16777215
08-12 16:13:50.519 18298 18357 D cellinfo: 46 bytes from 54.197.223.49: icmp_seq=1779 ttl=36 time=95.3 ms
08-12 16:13:50.714 18298 18357 D cellinfo: 46 bytes from 54.197.223.49: icmp_seq=1780 ttl=36 time=89.6 ms
08-12 16:13:50.917 18298 18357 D cellinfo: 46 bytes from 54.197.223.49: icmp_seq=1781 ttl=36 time=91.6 ms
08-12 16:13:51.119 18298 18357 D cellinfo: 46 bytes from 54.197.223.49: icmp_seq=1782 ttl=36 time=93.3 ms
08-12 16:13:51.287 18298 18298 D cellinfo: Latitude is 41.5872972
08-12 16:13:51.287 18298 18298 D cellinfo: Longitude is -93.8181418
08-12 16:13:51.287 18298 18298 D cellinfo: Instantaneous GPS information: United States, 7780 Office Plaza Dr S, West Des Moines, IA 50266, USA
08-12 16:13:51.287 18298 18298 D cellinfo: getCurrentLocation() result: Location (success): 41.5872972, -93.8181418
08-12 16:13:51.318 18298 18357 D cellinfo: 46 bytes from 54.197.223.49: icmp_seq=1783 ttl=36 time=91.6 ms
08-12 16:13:51.515 18298 18357 D cellinfo: 46 bytes from 54.197.223.49: icmp_seq=1784 ttl=36 time=87.1 ms
08-12 16:13:51.714 18298 18357 D cellinfo: 46 bytes from 54.197.223.49: icmp_seq=1785 ttl=36 time=85.3 ms
08-12 16:13:51.916 18298 18357 D cellinfo: 46 bytes from 54.197.223.49: icmp_seq=1786 ttl=36 time=85.4 ms
08-12 16:13:52.117 18298 18357 D cellinfo: 46 bytes from 54.197.223.49: icmp_seq=1787 ttl=36 time=84.8 ms
08-12 16:13:52.326 18298 18357 D cellinfo: 46 bytes from 54.197.223.49: icmp_seq=1788 ttl=36 time=93.4 ms
08-12 16:13:52.520 18298 18357 D cellinfo: 46 bytes from 54.197.223.49: icmp_seq=1789 ttl=36 time=86.9 ms
08-12 16:13:52.723 18298 18357 D cellinfo: 46 bytes from 54.197.223.49: icmp_seq=1790 ttl=36 time=88.5 ms
08-12 16:13:52.925 18298 18357 D cellinfo: 46 bytes from 54.197.223.49: icmp_seq=1791 ttl=36 time=89.6 ms
08-12 16:13:53.125 18298 18357 D cellinfo: 46 bytes from 54.197.223.49: icmp_seq=1792 ttl=36 time=89.8 ms
08-12 16:13:53.327 18298 18357 D cellinfo: 46 bytes from 54.197.223.49: icmp_seq=1793 ttl=36 time=91.0 ms
08-12 16:13:53.524 18298 18357 D cellinfo: 46 bytes from 54.197.223.49: icmp_seq=1794 ttl=36 time=87.0 ms
08-12 16:13:53.721 18298 18357 D cellinfo: 46 bytes from 54.197.223.49: icmp_seq=1795 ttl=36 time=82.5 ms
08-12 16:13:53.930 18298 18357 D cellinfo: 46 bytes from 54.197.223.49: icmp_seq=1796 ttl=36 time=91.6 ms
08-12 16:13:54.128 18298 18357 D cellinfo: 46 bytes from 54.197.223.49: icmp_seq=1797 ttl=36 time=88.3 ms
08-12 16:13:54.285 18298 18298 D cellinfo: Latitude is 41.5872972
08-12 16:13:54.285 18298 18298 D cellinfo: Longitude is -93.8181418
08-12 16:13:54.285 18298 18298 D cellinfo: Instantaneous GPS information: United States, 7780 Office Plaza Dr S, West Des Moines, IA 50266, USA
08-12 16:13:54.285 18298 18298 D cellinfo: getCurrentLocation() result: Location (success): 41.5872972, -93.8181418
08-12 16:13:54.325 18298 18357 D cellinfo: 46 bytes from 54.197.223.49: icmp_seq=1798 ttl=36 time=84.8 ms
08-12 16:13:54.533 18298 18357 D cellinfo: 46 bytes from 54.197.223.49: icmp_seq=1799 ttl=36 time=91.8 ms
08-12 16:13:54.731 18298 18357 D cellinfo: 46 bytes from 54.197.223.49: icmp_seq=1800 ttl=36 time=89.2 ms
08-12 16:13:54.927 18298 18357 D cellinfo: 46 bytes from 54.197.223.49: icmp_seq=1801 ttl=36 time=84.8 ms
08-12 16:13:55.126 18298 18357 D cellinfo: 46 bytes from 54.197.223.49: icmp_seq=1802 ttl=36 time=82.9 ms
08-12 16:13:55.337 18298 18357 D cellinfo: 46 bytes from 54.197.223.49: icmp_seq=1803 ttl=36 time=91.9 ms
08-12 16:13:55.531 18298 18357 D cellinfo: 46 bytes from 54.197.223.49: icmp_seq=1804 ttl=36 time=86.0 ms
08-12 16:13:55.730 18298 18357 D cellinfo: 46 bytes from 54.197.223.49: icmp_seq=1805 ttl=36 time=84.1 ms
08-12 16:13:55.931 18298 18357 D cellinfo: 46 bytes from 54.197.223.49: icmp_seq=1806 ttl=36 time=84.8 ms
08-12 16:13:56.132 18298 18357 D cellinfo: 46 bytes from 54.197.223.49: icmp_seq=1807 ttl=36 time=84.1 ms
08-12 16:13:56.337 18298 18357 D cellinfo: 46 bytes from 54.197.223.49: icmp_seq=1808 ttl=36 time=88.7 ms
08-12 16:13:56.337 18298 18298 D cellinfo: onCellInfoChanged: Operator:  UpdateTimestamp: 162712651 CellConnectionStatus: 1
08-12 16:13:56.337 18298 18298 D cellinfo: onCellInfoChanged: 5G-NR Cell Bands: [] ARFCN: 509202 Cell ID: 9223372036854775807 Physical Cell ID: 173 Tracking Area Code: 16777215
08-12 16:13:56.534 18298 18357 D cellinfo: 46 bytes from 54.197.223.49: icmp_seq=1809 ttl=36 time=85.7 ms
08-12 16:13:56.734 18298 18357 D cellinfo: 46 bytes from 54.197.223.49: icmp_seq=1810 ttl=36 time=85.2 ms
08-12 16:13:56.939 18298 18357 D cellinfo: 46 bytes from 54.197.223.49: icmp_seq=1811 ttl=36 time=88.6 ms
08-12 16:13:57.140 18298 18357 D cellinfo: 46 bytes from 54.197.223.49: icmp_seq=1812 ttl=36 time=89.0 ms
08-12 16:13:57.287 18298 18298 D cellinfo: Latitude is 41.5872972
08-12 16:13:57.287 18298 18298 D cellinfo: Longitude is -93.8181418
08-12 16:13:57.287 18298 18298 D cellinfo: Instantaneous GPS information: United States, 7780 Office Plaza Dr S, West Des Moines, IA 50266, USA
08-12 16:13:57.287 18298 18298 D cellinfo: getCurrentLocation() result: Location (success): 41.5872972, -93.8181418
08-12 16:13:57.349 18298 18357 D cellinfo: 46 bytes from 54.197.223.49: icmp_seq=1813 ttl=36 time=97.3 ms
08-12 16:13:57.537 18298 18357 D cellinfo: 46 bytes from 54.197.223.49: icmp_seq=1814 ttl=36 time=84.8 ms
08-12 16:13:57.739 18298 18357 D cellinfo: 46 bytes from 54.197.223.49: icmp_seq=1815 ttl=36 time=85.7 ms
08-12 16:13:57.940 18298 18357 D cellinfo: 46 bytes from 54.197.223.49: icmp_seq=1816 ttl=36 time=86.1 ms
08-12 16:13:58.147 18298 18357 D cellinfo: 46 bytes from 54.197.223.49: icmp_seq=1817 ttl=36 time=92.7 ms
08-12 16:13:58.345 18298 18357 D cellinfo: 46 bytes from 54.197.223.49: icmp_seq=1818 ttl=36 time=90.2 ms
08-12 16:13:58.545 18298 18357 D cellinfo: 46 bytes from 54.197.223.49: icmp_seq=1819 ttl=36 time=89.2 ms
08-12 16:13:58.749 18298 18357 D cellinfo: 46 bytes from 54.197.223.49: icmp_seq=1820 ttl=36 time=91.4 ms
08-12 16:13:58.945 18298 18357 D cellinfo: 46 bytes from 54.197.223.49: icmp_seq=1821 ttl=36 time=86.8 ms
08-12 16:13:59.142 18298 18357 D cellinfo: 46 bytes from 54.197.223.49: icmp_seq=1822 ttl=36 time=81.8 ms
08-12 16:13:59.345 18298 18357 D cellinfo: 46 bytes from 54.197.223.49: icmp_seq=1823 ttl=36 time=84.9 ms
08-12 16:13:59.544 18298 18357 D cellinfo: 46 bytes from 54.197.223.49: icmp_seq=1824 ttl=36 time=83.5 ms
08-12 16:13:59.746 18298 18357 D cellinfo: 46 bytes from 54.197.223.49: icmp_seq=1825 ttl=36 time=83.1 ms
08-12 16:13:59.946 18298 18357 D cellinfo: 46 bytes from 54.197.223.49: icmp_seq=1826 ttl=36 time=83.3 ms
08-12 16:14:00.148 18298 18357 D cellinfo: 46 bytes from 54.197.223.49: icmp_seq=1827 ttl=36 time=83.8 ms
08-12 16:14:00.349 18298 18357 D cellinfo: 46 bytes from 54.197.223.49: icmp_seq=1828 ttl=36 time=84.5 ms
08-12 16:14:00.549 18298 18357 D cellinfo: 46 bytes from 54.197.223.49: icmp_seq=1829 ttl=36 time=84.5 ms
08-12 16:14:00.748 18298 18357 D cellinfo: 46 bytes from 54.197.223.49: icmp_seq=1830 ttl=36 time=81.7 ms
08-12 16:14:00.851 18298 18298 D cellinfo: Latitude is 41.589273
08-12 16:14:00.851 18298 18298 D cellinfo: Longitude is -93.8142436
08-12 16:14:00.851 18298 18298 D cellinfo: Instantaneous GPS information: United States, Hawthorne Building, 7745 Office Plaza Dr N, West Des Moines, IA 50266, USA
08-12 16:14:00.851 18298 18298 D cellinfo: getCurrentLocation() result: Location (success): 41.589273, -93.8142436
08-12 16:14:00.960 18298 18357 D cellinfo: 46 bytes from 54.197.223.49: icmp_seq=1831 ttl=36 time=92.8 ms
08-12 16:14:01.154 18298 18357 D cellinfo: 46 bytes from 54.197.223.49: icmp_seq=1832 ttl=36 time=87.0 ms
08-12 16:14:01.359 18298 18357 D cellinfo: 46 bytes from 54.197.223.49: icmp_seq=1833 ttl=36 time=91.0 ms
08-12 16:14:01.557 18298 18357 D cellinfo: 46 bytes from 54.197.223.49: icmp_seq=1834 ttl=36 time=87.4 ms
08-12 16:14:01.754 18298 18357 D cellinfo: 46 bytes from 54.197.223.49: icmp_seq=1835 ttl=36 time=83.4 ms
08-12 16:14:01.955 18298 18357 D cellinfo: 46 bytes from 54.197.223.49: icmp_seq=1836 ttl=36 time=83.2 ms
08-12 16:14:02.162 18298 18357 D cellinfo: 46 bytes from 54.197.223.49: icmp_seq=1837 ttl=36 time=88.3 ms
08-12 16:14:02.344 18298 18298 D cellinfo: onCellInfoChanged: Operator:  UpdateTimestamp: 162718658 CellConnectionStatus: 1
08-12 16:14:02.344 18298 18298 D cellinfo: onCellInfoChanged: 5G-NR Cell Bands: [] ARFCN: 509202 Cell ID: 9223372036854775807 Physical Cell ID: 173 Tracking Area Code: 16777215
08-12 16:14:02.359 18298 18357 D cellinfo: 46 bytes from 54.197.223.49: icmp_seq=1838 ttl=36 time=85.4 ms
08-12 16:14:02.566 18298 18357 D cellinfo: 46 bytes from 54.197.223.49: icmp_seq=1839 ttl=36 time=90.9 ms
08-12 16:14:02.761 18298 18357 D cellinfo: 46 bytes from 54.197.223.49: icmp_seq=1840 ttl=36 time=85.0 ms
08-12 16:14:02.967 18298 18357 D cellinfo: 46 bytes from 54.197.223.49: icmp_seq=1841 ttl=36 time=90.8 ms
08-12 16:14:03.161 18298 18357 D cellinfo: 46 bytes from 54.197.223.49: icmp_seq=1842 ttl=36 time=84.3 ms
08-12 16:14:03.275 18298 18298 D cellinfo: Latitude is 41.589273
08-12 16:14:03.275 18298 18298 D cellinfo: Longitude is -93.8142436
08-12 16:14:03.275 18298 18298 D cellinfo: Instantaneous GPS information: United States, Hawthorne Building, 7745 Office Plaza Dr N, West Des Moines, IA 50266, USA
08-12 16:14:03.275 18298 18298 D cellinfo: getCurrentLocation() result: Location (success): 41.589273, -93.8142436
08-12 16:14:03.369 18298 18357 D cellinfo: 46 bytes from 54.197.223.49: icmp_seq=1843 ttl=36 time=91.3 ms
08-12 16:14:03.570 18298 18357 D cellinfo: 46 bytes from 54.197.223.49: icmp_seq=1844 ttl=36 time=91.9 ms
08-12 16:14:03.766 18298 18357 D cellinfo: 46 bytes from 54.197.223.49: icmp_seq=1845 ttl=36 time=87.5 ms
08-12 16:14:03.966 18298 18357 D cellinfo: 46 bytes from 54.197.223.49: icmp_seq=1846 ttl=36 time=86.4 ms
08-12 16:14:04.170 18298 18357 D cellinfo: 46 bytes from 54.197.223.49: icmp_seq=1847 ttl=36 time=88.3 ms
08-12 16:14:04.367 18298 18357 D cellinfo: 46 bytes from 54.197.223.49: icmp_seq=1848 ttl=36 time=83.9 ms
08-12 16:14:04.572 18298 18357 D cellinfo: 46 bytes from 54.197.223.49: icmp_seq=1849 ttl=36 time=87.4 ms
08-12 16:14:04.777 18298 18357 D cellinfo: 46 bytes from 54.197.223.49: icmp_seq=1850 ttl=36 time=92.8 ms
08-12 16:14:04.970 18298 18357 D cellinfo: 46 bytes from 54.197.223.49: icmp_seq=1851 ttl=36 time=84.0 ms
08-12 16:14:05.172 18298 18357 D cellinfo: 46 bytes from 54.197.223.49: icmp_seq=1852 ttl=36 time=86.8 ms
08-12 16:14:05.373 18298 18357 D cellinfo: 46 bytes from 54.197.223.49: icmp_seq=1853 ttl=36 time=87.3 ms
08-12 16:14:05.584 18298 18357 D cellinfo: 46 bytes from 54.197.223.49: icmp_seq=1854 ttl=36 time=98.3 ms
08-12 16:14:05.775 18298 18357 D cellinfo: 46 bytes from 54.197.223.49: icmp_seq=1855 ttl=36 time=88.2 ms
08-12 16:14:05.974 18298 18357 D cellinfo: 46 bytes from 54.197.223.49: icmp_seq=1856 ttl=36 time=86.3 ms
08-12 16:14:06.176 18298 18357 D cellinfo: 46 bytes from 54.197.223.49: icmp_seq=1857 ttl=36 time=87.0 ms
08-12 16:14:06.284 18298 18298 D cellinfo: Latitude is 41.589273
08-12 16:14:06.284 18298 18298 D cellinfo: Longitude is -93.8142436
08-12 16:14:06.284 18298 18298 D cellinfo: Instantaneous GPS information: United States, Hawthorne Building, 7745 Office Plaza Dr N, West Des Moines, IA 50266, USA
08-12 16:14:06.284 18298 18298 D cellinfo: getCurrentLocation() result: Location (success): 41.589273, -93.8142436
08-12 16:14:06.324 18298 18298 D cellinfo: onCellInfoChanged: Operator:  UpdateTimestamp: 162722637 CellConnectionStatus: 1
08-12 16:14:06.324 18298 18298 D cellinfo: onCellInfoChanged: 5G-NR Cell Bands: [] ARFCN: 509202 Cell ID: 9223372036854775807 Physical Cell ID: 173 Tracking Area Code: 16777215
08-12 16:14:06.376 18298 18357 D cellinfo: 46 bytes from 54.197.223.49: icmp_seq=1858 ttl=36 time=85.6 ms
08-12 16:14:06.577 18298 18357 D cellinfo: 46 bytes from 54.197.223.49: icmp_seq=1859 ttl=36 time=85.9 ms
08-12 16:14:06.774 18298 18357 D cellinfo: 46 bytes from 54.197.223.49: icmp_seq=1860 ttl=36 time=82.9 ms
08-12 16:14:06.974 18298 18357 D cellinfo: 46 bytes from 54.197.223.49: icmp_seq=1861 ttl=36 time=82.8 ms
08-12 16:14:07.175 18298 18357 D cellinfo: 46 bytes from 54.197.223.49: icmp_seq=1862 ttl=36 time=83.2 ms
08-12 16:14:07.401 18298 18357 D cellinfo: 46 bytes from 54.197.223.49: icmp_seq=1863 ttl=36 time=108 ms
08-12 16:14:07.581 18298 18357 D cellinfo: 46 bytes from 54.197.223.49: icmp_seq=1864 ttl=36 time=86.7 ms
08-12 16:14:07.791 18298 18357 D cellinfo: 46 bytes from 54.197.223.49: icmp_seq=1865 ttl=36 time=96.4 ms
08-12 16:14:07.981 18298 18357 D cellinfo: 46 bytes from 54.197.223.49: icmp_seq=1866 ttl=36 time=84.0 ms
08-12 16:14:08.181 18298 18357 D cellinfo: 46 bytes from 54.197.223.49: icmp_seq=1867 ttl=36 time=83.9 ms
08-12 16:14:08.382 18298 18357 D cellinfo: 46 bytes from 54.197.223.49: icmp_seq=1868 ttl=36 time=83.7 ms
08-12 16:14:08.582 18298 18357 D cellinfo: 46 bytes from 54.197.223.49: icmp_seq=1869 ttl=36 time=83.3 ms
08-12 16:14:08.782 18298 18357 D cellinfo: 46 bytes from 54.197.223.49: icmp_seq=1870 ttl=36 time=81.7 ms
08-12 16:14:08.981 18298 18357 D cellinfo: 46 bytes from 54.197.223.49: icmp_seq=1871 ttl=36 time=80.4 ms
08-12 16:14:09.181 18298 18357 D cellinfo: 46 bytes from 54.197.223.49: icmp_seq=1872 ttl=36 time=79.6 ms
08-12 16:14:09.391 18298 18357 D cellinfo: 46 bytes from 54.197.223.49: icmp_seq=1873 ttl=36 time=89.1 ms
08-12 16:14:09.799 18298 18357 D cellinfo: 46 bytes from 54.197.223.49: icmp_seq=1874 ttl=36 time=295 ms
08-12 16:14:09.800 18298 18357 D cellinfo: 46 bytes from 54.197.223.49: icmp_seq=1874 ttl=36 time=295 ms (DUP!)
08-12 16:14:09.859 18298 18298 D cellinfo: onServiceStateChanged: Channel Number: 66811 Cell Bandwidths: [15000]
08-12 16:14:09.903 18298 18357 D cellinfo: 46 bytes from 54.197.223.49: icmp_seq=1875 ttl=36 time=197 ms
08-12 16:14:10.016 18298 18357 D cellinfo: 46 bytes from 54.197.223.49: icmp_seq=1876 ttl=36 time=110 ms
08-12 16:14:10.187 18298 18357 D cellinfo: 46 bytes from 54.197.223.49: icmp_seq=1877 ttl=36 time=81.6 ms
08-12 16:14:10.386 18298 18357 D cellinfo: 46 bytes from 54.197.223.49: icmp_seq=1878 ttl=36 time=80.8 ms
08-12 16:14:10.590 18298 18357 D cellinfo: 46 bytes from 54.197.223.49: icmp_seq=1879 ttl=36 time=83.3 ms
08-12 16:14:10.791 18298 18357 D cellinfo: 46 bytes from 54.197.223.49: icmp_seq=1880 ttl=36 time=83.6 ms
08-12 16:14:10.991 18298 18357 D cellinfo: 46 bytes from 54.197.223.49: icmp_seq=1881 ttl=36 time=83.2 ms
08-12 16:14:11.197 18298 18357 D cellinfo: 46 bytes from 54.197.223.49: icmp_seq=1882 ttl=36 time=86.5 ms
08-12 16:14:11.391 18298 18357 D cellinfo: 46 bytes from 54.197.223.49: icmp_seq=1883 ttl=36 time=81.3 ms
08-12 16:14:11.592 18298 18357 D cellinfo: 46 bytes from 54.197.223.49: icmp_seq=1884 ttl=36 time=81.5 ms
08-12 16:14:11.791 18298 18357 D cellinfo: 46 bytes from 54.197.223.49: icmp_seq=1885 ttl=36 time=79.8 ms
08-12 16:14:11.996 18298 18357 D cellinfo: 46 bytes from 54.197.223.49: icmp_seq=1886 ttl=36 time=82.8 ms
08-12 16:14:12.200 18298 18357 D cellinfo: 46 bytes from 54.197.223.49: icmp_seq=1887 ttl=36 time=85.0 ms
08-12 16:14:12.399 18298 18357 D cellinfo: 46 bytes from 54.197.223.49: icmp_seq=1888 ttl=36 time=85.3 ms
08-12 16:14:12.597 18298 18357 D cellinfo: 46 bytes from 54.197.223.49: icmp_seq=1889 ttl=36 time=81.7 ms
08-12 16:14:12.796 18298 18357 D cellinfo: 46 bytes from 54.197.223.49: icmp_seq=1890 ttl=36 time=80.5 ms
08-12 16:14:13.004 18298 18357 D cellinfo: 46 bytes from 54.197.223.49: icmp_seq=1891 ttl=36 time=86.7 ms
08-12 16:14:13.196 18298 18357 D cellinfo: 46 bytes from 54.197.223.49: icmp_seq=1892 ttl=36 time=79.8 ms
08-12 16:14:13.283 18298 18298 D cellinfo: Latitude is 41.5903922
08-12 16:14:13.283 18298 18298 D cellinfo: Longitude is -93.8121045
08-12 16:14:13.283 18298 18298 D cellinfo: Instantaneous GPS information: United States, 7655 Office Plaza Dr N, West Des Moines, IA 50266, USA
08-12 16:14:13.283 18298 18298 D cellinfo: getCurrentLocation() result: Location (success): 41.5903922, -93.8121045
08-12 16:14:13.314 18298 18298 D cellinfo: Latitude is 41.5903922
08-12 16:14:13.314 18298 18298 D cellinfo: Longitude is -93.8121045
08-12 16:14:13.314 18298 18298 D cellinfo: Instantaneous GPS information: United States, 7655 Office Plaza Dr N, West Des Moines, IA 50266, USA
08-12 16:14:13.314 18298 18298 D cellinfo: getCurrentLocation() result: Location (success): 41.5903922, -93.8121045
08-12 16:14:13.374 18298 18298 D cellinfo: onCellInfoChanged: Operator:  UpdateTimestamp: 162729688 CellConnectionStatus: 1
08-12 16:14:13.374 18298 18298 D cellinfo: onCellInfoChanged: 5G-NR Cell Bands: [] ARFCN: 509202 Cell ID: 9223372036854775807 Physical Cell ID: 150 Tracking Area Code: 16777215
08-12 16:14:13.402 18298 18357 D cellinfo: 46 bytes from 54.197.223.49: icmp_seq=1893 ttl=36 time=84.8 ms
08-12 16:14:13.605 18298 18357 D cellinfo: 46 bytes from 54.197.223.49: icmp_seq=1894 ttl=36 time=86.9 ms
08-12 16:14:13.805 18298 18357 D cellinfo: 46 bytes from 54.197.223.49: icmp_seq=1895 ttl=36 time=85.8 ms
08-12 16:14:14.008 18298 18357 D cellinfo: 46 bytes from 54.197.223.49: icmp_seq=1896 ttl=36 time=89.1 ms
08-12 16:14:14.203 18298 18357 D cellinfo: 46 bytes from 54.197.223.49: icmp_seq=1897 ttl=36 time=83.1 ms
08-12 16:14:14.407 18298 18357 D cellinfo: 46 bytes from 54.197.223.49: icmp_seq=1898 ttl=36 time=86.4 ms
08-12 16:14:14.607 18298 18357 D cellinfo: 46 bytes from 54.197.223.49: icmp_seq=1899 ttl=36 time=86.0 ms
08-12 16:14:14.807 18298 18357 D cellinfo: 46 bytes from 54.197.223.49: icmp_seq=1900 ttl=36 time=86.0 ms
08-12 16:14:15.007 18298 18357 D cellinfo: 46 bytes from 54.197.223.49: icmp_seq=1901 ttl=36 time=85.0 ms
08-12 16:14:15.202 18298 18357 D cellinfo: 46 bytes from 54.197.223.49: icmp_seq=1902 ttl=36 time=79.1 ms
08-12 16:14:15.326 18298 18298 D cellinfo: Latitude is 41.5903922
08-12 16:14:15.326 18298 18298 D cellinfo: Longitude is -93.8121045
08-12 16:14:15.326 18298 18298 D cellinfo: Instantaneous GPS information: United States, 7655 Office Plaza Dr N, West Des Moines, IA 50266, USA
08-12 16:14:15.326 18298 18298 D cellinfo: getCurrentLocation() result: Location (success): 41.5903922, -93.8121045
08-12 16:14:15.380 18298 18298 D cellinfo: onCellInfoChanged: Operator:  UpdateTimestamp: 162731696 CellConnectionStatus: 1
08-12 16:14:15.380 18298 18298 D cellinfo: onCellInfoChanged: 5G-NR Cell Bands: [] ARFCN: 509202 Cell ID: 9223372036854775807 Physical Cell ID: 150 Tracking Area Code: 16777215
08-12 16:14:15.406 18298 18357 D cellinfo: 46 bytes from 54.197.223.49: icmp_seq=1903 ttl=36 time=83.2 ms
08-12 16:14:15.609 18298 18357 D cellinfo: 46 bytes from 54.197.223.49: icmp_seq=1904 ttl=36 time=84.5 ms
08-12 16:14:15.807 18298 18357 D cellinfo: 46 bytes from 54.197.223.49: icmp_seq=1905 ttl=36 time=81.8 ms
08-12 16:14:16.008 18298 18357 D cellinfo: 46 bytes from 54.197.223.49: icmp_seq=1906 ttl=36 time=82.3 ms
08-12 16:14:16.206 18298 18357 D cellinfo: 46 bytes from 54.197.223.49: icmp_seq=1907 ttl=36 time=80.4 ms
08-12 16:14:16.411 18298 18357 D cellinfo: 46 bytes from 54.197.223.49: icmp_seq=1908 ttl=36 time=84.5 ms
08-12 16:14:16.607 18298 18357 D cellinfo: 46 bytes from 54.197.223.49: icmp_seq=1909 ttl=36 time=79.3 ms
08-12 16:14:16.812 18298 18357 D cellinfo: 46 bytes from 54.197.223.49: icmp_seq=1910 ttl=36 time=83.0 ms
08-12 16:14:17.011 18298 18357 D cellinfo: 46 bytes from 54.197.223.49: icmp_seq=1911 ttl=36 time=81.1 ms
08-12 16:14:17.220 18298 18357 D cellinfo: 46 bytes from 54.197.223.49: icmp_seq=1912 ttl=36 time=89.4 ms
08-12 16:14:17.412 18298 18357 D cellinfo: 46 bytes from 54.197.223.49: icmp_seq=1913 ttl=36 time=80.7 ms
08-12 16:14:17.612 18298 18357 D cellinfo: 46 bytes from 54.197.223.49: icmp_seq=1914 ttl=36 time=81.0 ms
08-12 16:14:17.818 18298 18357 D cellinfo: 46 bytes from 54.197.223.49: icmp_seq=1915 ttl=36 time=84.9 ms
08-12 16:14:18.021 18298 18357 D cellinfo: 46 bytes from 54.197.223.49: icmp_seq=1916 ttl=36 time=87.7 ms
08-12 16:14:18.222 18298 18357 D cellinfo: 46 bytes from 54.197.223.49: icmp_seq=1917 ttl=36 time=88.0 ms
08-12 16:14:18.333 18298 18298 D cellinfo: onCellInfoChanged: Operator:  UpdateTimestamp: 162734648 CellConnectionStatus: 1
08-12 16:14:18.333 18298 18298 D cellinfo: onCellInfoChanged: 5G-NR Cell Bands: [] ARFCN: 509202 Cell ID: 9223372036854775807 Physical Cell ID: 150 Tracking Area Code: 16777215
08-12 16:14:18.416 18298 18357 D cellinfo: 46 bytes from 54.197.223.49: icmp_seq=1918 ttl=36 time=81.8 ms
08-12 16:14:18.622 18298 18357 D cellinfo: 46 bytes from 54.197.223.49: icmp_seq=1919 ttl=36 time=86.9 ms
08-12 16:14:18.817 18298 18357 D cellinfo: 46 bytes from 54.197.223.49: icmp_seq=1920 ttl=36 time=81.6 ms
08-12 16:14:18.898 18298 18298 D cellinfo: Latitude is 41.5917176
08-12 16:14:18.898 18298 18298 D cellinfo: Longitude is -93.8086041
08-12 16:14:18.898 18298 18298 D cellinfo: Instantaneous GPS information: United States, I-80, West Des Moines, IA 50266, USA
08-12 16:14:18.898 18298 18298 D cellinfo: getCurrentLocation() result: Location (success): 41.5917176, -93.8086041
08-12 16:14:19.018 18298 18357 D cellinfo: 46 bytes from 54.197.223.49: icmp_seq=1921 ttl=36 time=81.8 ms
08-12 16:14:19.223 18298 18357 D cellinfo: 46 bytes from 54.197.223.49: icmp_seq=1922 ttl=36 time=87.7 ms
08-12 16:14:19.417 18298 18357 D cellinfo: 46 bytes from 54.197.223.49: icmp_seq=1923 ttl=36 time=81.1 ms
08-12 16:14:19.616 18298 18357 D cellinfo: 46 bytes from 54.197.223.49: icmp_seq=1924 ttl=36 time=79.4 ms
08-12 16:14:19.821 18298 18357 D cellinfo: 46 bytes from 54.197.223.49: icmp_seq=1925 ttl=36 time=83.0 ms
08-12 16:14:20.025 18298 18357 D cellinfo: 46 bytes from 54.197.223.49: icmp_seq=1926 ttl=36 time=85.8 ms
08-12 16:14:20.225 18298 18357 D cellinfo: 46 bytes from 54.197.223.49: icmp_seq=1927 ttl=36 time=85.9 ms
08-12 16:14:20.426 18298 18357 D cellinfo: 46 bytes from 54.197.223.49: icmp_seq=1928 ttl=36 time=86.8 ms
08-12 16:14:20.627 18298 18357 D cellinfo: 46 bytes from 54.197.223.49: icmp_seq=1929 ttl=36 time=86.4 ms
08-12 16:14:20.827 18298 18357 D cellinfo: 46 bytes from 54.197.223.49: icmp_seq=1930 ttl=36 time=85.7 ms
08-12 16:14:21.022 18298 18357 D cellinfo: 46 bytes from 54.197.223.49: icmp_seq=1931 ttl=36 time=79.5 ms
08-12 16:14:21.222 18298 18357 D cellinfo: 46 bytes from 54.197.223.49: icmp_seq=1932 ttl=36 time=80.3 ms
08-12 16:14:21.285 18298 18298 D cellinfo: Latitude is 41.5917176
08-12 16:14:21.285 18298 18298 D cellinfo: Longitude is -93.8086041
08-12 16:14:21.285 18298 18298 D cellinfo: Instantaneous GPS information: United States, I-80, West Des Moines, IA 50266, USA
08-12 16:14:21.285 18298 18298 D cellinfo: getCurrentLocation() result: Location (success): 41.5917176, -93.8086041
08-12 16:14:21.318 18298 18298 D cellinfo: onCellInfoChanged: Operator:  UpdateTimestamp: 162737629 CellConnectionStatus: 1
08-12 16:14:21.318 18298 18298 D cellinfo: onCellInfoChanged: 5G-NR Cell Bands: [] ARFCN: 509202 Cell ID: 9223372036854775807 Physical Cell ID: 150 Tracking Area Code: 16777215
08-12 16:14:21.426 18298 18357 D cellinfo: 46 bytes from 54.197.223.49: icmp_seq=1933 ttl=36 time=83.5 ms
08-12 16:14:21.627 18298 18357 D cellinfo: 46 bytes from 54.197.223.49: icmp_seq=1934 ttl=36 time=82.8 ms
08-12 16:14:21.827 18298 18357 D cellinfo: 46 bytes from 54.197.223.49: icmp_seq=1935 ttl=36 time=82.9 ms
08-12 16:14:22.027 18298 18357 D cellinfo: 46 bytes from 54.197.223.49: icmp_seq=1936 ttl=36 time=81.8 ms
08-12 16:14:22.228 18298 18357 D cellinfo: 46 bytes from 54.197.223.49: icmp_seq=1937 ttl=36 time=82.9 ms
08-12 16:14:22.430 18298 18357 D cellinfo: 46 bytes from 54.197.223.49: icmp_seq=1938 ttl=36 time=84.1 ms
08-12 16:14:22.628 18298 18357 D cellinfo: 46 bytes from 54.197.223.49: icmp_seq=1939 ttl=36 time=80.9 ms
08-12 16:14:22.830 18298 18357 D cellinfo: 46 bytes from 54.197.223.49: icmp_seq=1940 ttl=36 time=81.8 ms
08-12 16:14:23.034 18298 18357 D cellinfo: 46 bytes from 54.197.223.49: icmp_seq=1941 ttl=36 time=85.9 ms
08-12 16:14:23.232 18298 18357 D cellinfo: 46 bytes from 54.197.223.49: icmp_seq=1942 ttl=36 time=83.7 ms
08-12 16:14:23.432 18298 18357 D cellinfo: 46 bytes from 54.197.223.49: icmp_seq=1943 ttl=36 time=83.3 ms
08-12 16:14:23.633 18298 18357 D cellinfo: 46 bytes from 54.197.223.49: icmp_seq=1944 ttl=36 time=82.7 ms
08-12 16:14:23.835 18298 18357 D cellinfo: 46 bytes from 54.197.223.49: icmp_seq=1945 ttl=36 time=83.9 ms
08-12 16:14:24.033 18298 18357 D cellinfo: 46 bytes from 54.197.223.49: icmp_seq=1946 ttl=36 time=82.1 ms
08-12 16:14:24.232 18298 18357 D cellinfo: 46 bytes from 54.197.223.49: icmp_seq=1947 ttl=36 time=81.3 ms
08-12 16:14:24.287 18298 18298 D cellinfo: Latitude is 41.5917176
08-12 16:14:24.287 18298 18298 D cellinfo: Longitude is -93.8086041
08-12 16:14:24.287 18298 18298 D cellinfo: Instantaneous GPS information: United States, I-80, West Des Moines, IA 50266, USA
08-12 16:14:24.287 18298 18298 D cellinfo: getCurrentLocation() result: Location (success): 41.5917176, -93.8086041
08-12 16:14:24.331 18298 18298 D cellinfo: onCellInfoChanged: Operator:  UpdateTimestamp: 162740648 CellConnectionStatus: 1
08-12 16:14:24.331 18298 18298 D cellinfo: onCellInfoChanged: 5G-NR Cell Bands: [] ARFCN: 509202 Cell ID: 9223372036854775807 Physical Cell ID: 150 Tracking Area Code: 16777215
08-12 16:14:24.436 18298 18357 D cellinfo: 46 bytes from 54.197.223.49: icmp_seq=1948 ttl=36 time=83.7 ms
08-12 16:14:24.637 18298 18357 D cellinfo: 46 bytes from 54.197.223.49: icmp_seq=1949 ttl=36 time=84.2 ms
08-12 16:14:24.837 18298 18357 D cellinfo: 46 bytes from 54.197.223.49: icmp_seq=1950 ttl=36 time=83.6 ms
08-12 16:14:25.036 18298 18357 D cellinfo: 46 bytes from 54.197.223.49: icmp_seq=1951 ttl=36 time=81.9 ms
08-12 16:14:25.237 18298 18357 D cellinfo: 46 bytes from 54.197.223.49: icmp_seq=1952 ttl=36 time=82.8 ms
08-12 16:14:25.438 18298 18357 D cellinfo: 46 bytes from 54.197.223.49: icmp_seq=1953 ttl=36 time=82.9 ms
08-12 16:14:25.636 18298 18357 D cellinfo: 46 bytes from 54.197.223.49: icmp_seq=1954 ttl=36 time=80.9 ms
08-12 16:14:25.838 18298 18357 D cellinfo: 46 bytes from 54.197.223.49: icmp_seq=1955 ttl=36 time=81.1 ms
08-12 16:14:26.043 18298 18357 D cellinfo: 46 bytes from 54.197.223.49: icmp_seq=1956 ttl=36 time=85.2 ms
08-12 16:14:26.248 18298 18357 D cellinfo: 46 bytes from 54.197.223.49: icmp_seq=1957 ttl=36 time=89.7 ms
08-12 16:14:26.442 18298 18357 D cellinfo: 46 bytes from 54.197.223.49: icmp_seq=1958 ttl=36 time=82.5 ms
08-12 16:14:26.643 18298 18357 D cellinfo: 46 bytes from 54.197.223.49: icmp_seq=1959 ttl=36 time=83.2 ms
08-12 16:14:26.843 18298 18357 D cellinfo: 46 bytes from 54.197.223.49: icmp_seq=1960 ttl=36 time=81.6 ms
08-12 16:14:27.042 18298 18357 D cellinfo: 46 bytes from 54.197.223.49: icmp_seq=1961 ttl=36 time=81.1 ms
08-12 16:14:27.242 18298 18357 D cellinfo: 46 bytes from 54.197.223.49: icmp_seq=1962 ttl=36 time=80.5 ms
08-12 16:14:27.291 18298 18298 D cellinfo: Latitude is 41.5917176
08-12 16:14:27.291 18298 18298 D cellinfo: Longitude is -93.8086041
08-12 16:14:27.291 18298 18298 D cellinfo: Instantaneous GPS information: United States, I-80, West Des Moines, IA 50266, USA
08-12 16:14:27.291 18298 18298 D cellinfo: getCurrentLocation() result: Location (success): 41.5917176, -93.8086041
08-12 16:14:27.332 18298 18298 D cellinfo: onCellInfoChanged: Operator:  UpdateTimestamp: 162743647 CellConnectionStatus: 1
08-12 16:14:27.332 18298 18298 D cellinfo: onCellInfoChanged: 5G-NR Cell Bands: [] ARFCN: 509202 Cell ID: 9223372036854775807 Physical Cell ID: 150 Tracking Area Code: 16777215
08-12 16:14:27.441 18298 18357 D cellinfo: 46 bytes from 54.197.223.49: icmp_seq=1963 ttl=36 time=79.3 ms
08-12 16:14:27.647 18298 18357 D cellinfo: 46 bytes from 54.197.223.49: icmp_seq=1964 ttl=36 time=84.1 ms
08-12 16:14:27.847 18298 18357 D cellinfo: 46 bytes from 54.197.223.49: icmp_seq=1965 ttl=36 time=82.6 ms
08-12 16:14:28.047 18298 18357 D cellinfo: 46 bytes from 54.197.223.49: icmp_seq=1966 ttl=36 time=82.2 ms
08-12 16:14:28.247 18298 18357 D cellinfo: 46 bytes from 54.197.223.49: icmp_seq=1967 ttl=36 time=82.5 ms
08-12 16:14:28.447 18298 18357 D cellinfo: 46 bytes from 54.197.223.49: icmp_seq=1968 ttl=36 time=81.6 ms
08-12 16:14:28.647 18298 18357 D cellinfo: 46 bytes from 54.197.223.49: icmp_seq=1969 ttl=36 time=80.7 ms
08-12 16:14:28.852 18298 18357 D cellinfo: 46 bytes from 54.197.223.49: icmp_seq=1970 ttl=36 time=84.6 ms
08-12 16:14:29.052 18298 18357 D cellinfo: 46 bytes from 54.197.223.49: icmp_seq=1971 ttl=36 time=85.1 ms
08-12 16:14:29.248 18298 18357 D cellinfo: 46 bytes from 54.197.223.49: icmp_seq=1972 ttl=36 time=80.2 ms
08-12 16:14:29.452 18298 18357 D cellinfo: 46 bytes from 54.197.223.49: icmp_seq=1973 ttl=36 time=83.4 ms
08-12 16:14:29.663 18298 18357 D cellinfo: 46 bytes from 54.197.223.49: icmp_seq=1974 ttl=36 time=92.9 ms
08-12 16:14:29.862 18298 18357 D cellinfo: 46 bytes from 54.197.223.49: icmp_seq=1975 ttl=36 time=90.9 ms
08-12 16:14:30.052 18298 18357 D cellinfo: 46 bytes from 54.197.223.49: icmp_seq=1976 ttl=36 time=79.7 ms
08-12 16:14:30.256 18298 18357 D cellinfo: 46 bytes from 54.197.223.49: icmp_seq=1977 ttl=36 time=83.9 ms
08-12 16:14:30.314 18298 18298 D cellinfo: onCellInfoChanged: Operator:  UpdateTimestamp: 162746632 CellConnectionStatus: 1
08-12 16:14:30.314 18298 18298 D cellinfo: onCellInfoChanged: 5G-NR Cell Bands: [] ARFCN: 509202 Cell ID: 9223372036854775807 Physical Cell ID: 150 Tracking Area Code: 16777215
08-12 16:14:30.579 18298 18357 D cellinfo: 46 bytes from 54.197.223.49: icmp_seq=1978 ttl=36 time=206 ms
08-12 16:14:30.579 18298 18357 D cellinfo: 46 bytes from 54.197.223.49: icmp_seq=1978 ttl=36 time=206 ms (DUP!)
08-12 16:14:30.660 18298 18357 D cellinfo: 46 bytes from 54.197.223.49: icmp_seq=1979 ttl=36 time=86.5 ms
08-12 16:14:30.952 18298 18357 D cellinfo: 46 bytes from 54.197.223.49: icmp_seq=1980 ttl=36 time=178 ms
08-12 16:14:31.062 18298 18357 D cellinfo: 46 bytes from 54.197.223.49: icmp_seq=1981 ttl=36 time=87.7 ms
08-12 16:14:31.144 18298 18298 D cellinfo: Latitude is 41.5920074
08-12 16:14:31.144 18298 18298 D cellinfo: Longitude is -93.8048929
08-12 16:14:31.144 18298 18298 D cellinfo: Instantaneous GPS information: United States, I-80, West Des Moines, IA 50266, USA
08-12 16:14:31.145 18298 18298 D cellinfo: getCurrentLocation() result: Location (success): 41.5920074, -93.8048929
08-12 16:14:31.149 18298 18298 D cellinfo: onServiceStateChanged: Channel Number: 66811 Cell Bandwidths: [15000, 100000]
08-12 16:14:31.150 18298 18298 D cellinfo: onServiceStateChanged: Channel Number: 66811 Cell Bandwidths: [15000]
08-12 16:14:31.261 18298 18357 D cellinfo: 46 bytes from 54.197.223.49: icmp_seq=1982 ttl=36 time=86.9 ms
08-12 16:14:31.467 18298 18357 D cellinfo: 46 bytes from 54.197.223.49: icmp_seq=1983 ttl=36 time=92.1 ms
08-12 16:14:31.658 18298 18357 D cellinfo: 46 bytes from 54.197.223.49: icmp_seq=1984 ttl=36 time=82.5 ms
08-12 16:14:31.858 18298 18357 D cellinfo: 46 bytes from 54.197.223.49: icmp_seq=1985 ttl=36 time=81.7 ms
08-12 16:14:32.060 18298 18357 D cellinfo: 46 bytes from 54.197.223.49: icmp_seq=1986 ttl=36 time=80.7 ms
08-12 16:14:32.262 18298 18357 D cellinfo: 46 bytes from 54.197.223.49: icmp_seq=1987 ttl=36 time=84.9 ms
08-12 16:14:32.462 18298 18357 D cellinfo: 46 bytes from 54.197.223.49: icmp_seq=1988 ttl=36 time=84.0 ms
08-12 16:14:32.665 18298 18357 D cellinfo: 46 bytes from 54.197.223.49: icmp_seq=1989 ttl=36 time=86.4 ms
08-12 16:14:32.863 18298 18357 D cellinfo: 46 bytes from 54.197.223.49: icmp_seq=1990 ttl=36 time=83.6 ms
08-12 16:14:33.064 18298 18357 D cellinfo: 46 bytes from 54.197.223.49: icmp_seq=1991 ttl=36 time=84.8 ms
08-12 16:14:33.268 18298 18357 D cellinfo: 46 bytes from 54.197.223.49: icmp_seq=1992 ttl=36 time=89.0 ms
08-12 16:14:33.288 18298 18298 D cellinfo: Latitude is 41.5920074
08-12 16:14:33.288 18298 18298 D cellinfo: Longitude is -93.8048929
08-12 16:14:33.288 18298 18298 D cellinfo: Instantaneous GPS information: United States, I-80, West Des Moines, IA 50266, USA
08-12 16:14:33.288 18298 18298 D cellinfo: getCurrentLocation() result: Location (success): 41.5920074, -93.8048929
08-12 16:14:33.342 18298 18298 D cellinfo: onCellInfoChanged: Operator:  UpdateTimestamp: 162749659 CellConnectionStatus: 1
08-12 16:14:33.342 18298 18298 D cellinfo: onCellInfoChanged: 5G-NR Cell Bands: [] ARFCN: 509202 Cell ID: 9223372036854775807 Physical Cell ID: 150 Tracking Area Code: 16777215
08-12 16:14:33.465 18298 18357 D cellinfo: 46 bytes from 54.197.223.49: icmp_seq=1993 ttl=36 time=85.2 ms
08-12 16:14:33.665 18298 18357 D cellinfo: 46 bytes from 54.197.223.49: icmp_seq=1994 ttl=36 time=83.7 ms
08-12 16:14:33.867 18298 18357 D cellinfo: 46 bytes from 54.197.223.49: icmp_seq=1995 ttl=36 time=85.3 ms
08-12 16:14:34.066 18298 18357 D cellinfo: 46 bytes from 54.197.223.49: icmp_seq=1996 ttl=36 time=83.2 ms
08-12 16:14:34.268 18298 18357 D cellinfo: 46 bytes from 54.197.223.49: icmp_seq=1997 ttl=36 time=84.8 ms
08-12 16:14:34.468 18298 18357 D cellinfo: 46 bytes from 54.197.223.49: icmp_seq=1998 ttl=36 time=84.8 ms
08-12 16:14:34.674 18298 18357 D cellinfo: 46 bytes from 54.197.223.49: icmp_seq=1999 ttl=36 time=90.3 ms
08-12 16:14:34.871 18298 18357 D cellinfo: 46 bytes from 54.197.223.49: icmp_seq=2000 ttl=36 time=85.1 ms
08-12 16:14:35.067 18298 18357 D cellinfo: 46 bytes from 54.197.223.49: icmp_seq=2001 ttl=36 time=80.5 ms
08-12 16:14:35.270 18298 18357 D cellinfo: 46 bytes from 54.197.223.49: icmp_seq=2002 ttl=36 time=84.6 ms
08-12 16:14:35.471 18298 18357 D cellinfo: 46 bytes from 54.197.223.49: icmp_seq=2003 ttl=36 time=84.8 ms
08-12 16:14:35.671 18298 18357 D cellinfo: 46 bytes from 54.197.223.49: icmp_seq=2004 ttl=36 time=83.7 ms
08-12 16:14:35.872 18298 18357 D cellinfo: 46 bytes from 54.197.223.49: icmp_seq=2005 ttl=36 time=84.1 ms
08-12 16:14:36.073 18298 18357 D cellinfo: 46 bytes from 54.197.223.49: icmp_seq=2006 ttl=36 time=84.7 ms
08-12 16:14:36.277 18298 18357 D cellinfo: 46 bytes from 54.197.223.49: icmp_seq=2007 ttl=36 time=88.0 ms
08-12 16:14:36.299 18298 18298 D cellinfo: Latitude is 41.5920074
08-12 16:14:36.299 18298 18298 D cellinfo: Longitude is -93.8048929
08-12 16:14:36.299 18298 18298 D cellinfo: Instantaneous GPS information: United States, I-80, West Des Moines, IA 50266, USA
08-12 16:14:36.299 18298 18298 D cellinfo: getCurrentLocation() result: Location (success): 41.5920074, -93.8048929
08-12 16:14:36.477 18298 18357 D cellinfo: 46 bytes from 54.197.223.49: icmp_seq=2008 ttl=36 time=88.2 ms
08-12 16:14:36.680 18298 18357 D cellinfo: 46 bytes from 54.197.223.49: icmp_seq=2009 ttl=36 time=89.7 ms
08-12 16:14:36.876 18298 18357 D cellinfo: 46 bytes from 54.197.223.49: icmp_seq=2010 ttl=36 time=84.4 ms
08-12 16:14:37.076 18298 18357 D cellinfo: 46 bytes from 54.197.223.49: icmp_seq=2011 ttl=36 time=84.0 ms
08-12 16:14:37.277 18298 18357 D cellinfo: 46 bytes from 54.197.223.49: icmp_seq=2012 ttl=36 time=84.6 ms
08-12 16:14:37.475 18298 18357 D cellinfo: 46 bytes from 54.197.223.49: icmp_seq=2013 ttl=36 time=82.6 ms
08-12 16:14:37.680 18298 18357 D cellinfo: 46 bytes from 54.197.223.49: icmp_seq=2014 ttl=36 time=87.4 ms
08-12 16:14:37.879 18298 18357 D cellinfo: 46 bytes from 54.197.223.49: icmp_seq=2015 ttl=36 time=85.3 ms
08-12 16:14:38.077 18298 18357 D cellinfo: 46 bytes from 54.197.223.49: icmp_seq=2016 ttl=36 time=81.9 ms
08-12 16:14:38.280 18298 18357 D cellinfo: 46 bytes from 54.197.223.49: icmp_seq=2017 ttl=36 time=84.9 ms
08-12 16:14:38.488 18298 18357 D cellinfo: 46 bytes from 54.197.223.49: icmp_seq=2018 ttl=36 time=91.8 ms
08-12 16:14:38.687 18298 18357 D cellinfo: 46 bytes from 54.197.223.49: icmp_seq=2019 ttl=36 time=91.1 ms
08-12 16:14:38.886 18298 18357 D cellinfo: 46 bytes from 54.197.223.49: icmp_seq=2020 ttl=36 time=87.9 ms
08-12 16:14:39.085 18298 18357 D cellinfo: 46 bytes from 54.197.223.49: icmp_seq=2021 ttl=36 time=86.6 ms
