08-12 16:15:53.141 30878 31314 D cellinfo: 46 bytes from 54.197.223.49: icmp_seq=2447 ttl=43 time=62.2 ms
08-12 16:15:53.344 30878 31314 D cellinfo: 46 bytes from 54.197.223.49: icmp_seq=2448 ttl=43 time=65.5 ms
08-12 16:15:53.539 30878 31314 D cellinfo: 46 bytes from 54.197.223.49: icmp_seq=2449 ttl=43 time=59.4 ms
08-12 16:15:53.741 30878 31314 D cellinfo: 46 bytes from 54.197.223.49: icmp_seq=2450 ttl=43 time=59.2 ms
08-12 16:15:53.942 30878 31314 D cellinfo: 46 bytes from 54.197.223.49: icmp_seq=2451 ttl=43 time=59.6 ms
08-12 16:15:53.972 30878 30878 D cellinfo: Latitude is 41.5906802
08-12 16:15:53.972 30878 30878 D cellinfo: Longitude is -93.7807889
08-12 16:15:53.972 30878 30878 D cellinfo: Instantaneous GPS information: United States, 5535 Vista Dr, West Des Moines, IA 50266, USA
08-12 16:15:53.972 30878 30878 D cellinfo: getCurrentLocation() result: Location (success): 41.5906802, -93.7807889
08-12 16:15:54.021 30878 30878 D cellinfo: onCellInfoChanged: Operator: AT&T UpdateTimestamp: 343626758 CellConnectionStatus: 0
08-12 16:15:54.021 30878 30878 D cellinfo: onCellInfoChanged: LTE Cell Bands: [66] Bandwidth: 2147483647 Cell ID: 74758168 Physical Cell ID: 275 Tracking Area Code: 18436 EARFCN: 67086
08-12 16:15:54.141 30878 31314 D cellinfo: 46 bytes from 54.197.223.49: icmp_seq=2452 ttl=43 time=56.7 ms
08-12 16:15:54.341 30878 31314 D cellinfo: 46 bytes from 54.197.223.49: icmp_seq=2453 ttl=43 time=56.5 ms
08-12 16:15:54.486 30878 30878 D cellinfo: onsignalStrengthsChanged: LTE Signal Strength info: rsrp: -99 rsrq: -16 rssi: -57 rssnr: 1
08-12 16:15:54.541 30878 31314 D cellinfo: 46 bytes from 54.197.223.49: icmp_seq=2454 ttl=43 time=56.2 ms
08-12 16:15:54.768 30878 31314 D cellinfo: 46 bytes from 54.197.223.49: icmp_seq=2455 ttl=43 time=81.5 ms
08-12 16:15:54.960 30878 31314 D cellinfo: 46 bytes from 54.197.223.49: icmp_seq=2456 ttl=43 time=74.0 ms
08-12 16:15:55.159 30878 31314 D cellinfo: 46 bytes from 54.197.223.49: icmp_seq=2457 ttl=43 time=70.8 ms
08-12 16:15:55.361 30878 31314 D cellinfo: 46 bytes from 54.197.223.49: icmp_seq=2458 ttl=43 time=72.1 ms
08-12 16:15:55.562 30878 31314 D cellinfo: 46 bytes from 54.197.223.49: icmp_seq=2459 ttl=43 time=70.3 ms
08-12 16:15:55.759 30878 31314 D cellinfo: 46 bytes from 54.197.223.49: icmp_seq=2460 ttl=43 time=66.5 ms
08-12 16:15:55.959 30878 31314 D cellinfo: 46 bytes from 54.197.223.49: icmp_seq=2461 ttl=43 time=65.2 ms
08-12 16:15:56.167 30878 31314 D cellinfo: 46 bytes from 54.197.223.49: icmp_seq=2462 ttl=43 time=73.0 ms
08-12 16:15:56.361 30878 31314 D cellinfo: 46 bytes from 54.197.223.49: icmp_seq=2463 ttl=43 time=66.0 ms
08-12 16:15:56.575 30878 31314 D cellinfo: 46 bytes from 54.197.223.49: icmp_seq=2464 ttl=43 time=79.1 ms
08-12 16:15:56.729 30878 30878 D cellinfo: onsignalStrengthsChanged: LTE Signal Strength info: rsrp: -101 rsrq: -16 rssi: -67 rssnr: 0
08-12 16:15:56.759 30878 31314 D cellinfo: 46 bytes from 54.197.223.49: icmp_seq=2465 ttl=43 time=62.1 ms
08-12 16:15:56.978 30878 30878 D cellinfo: Latitude is 41.5906802
08-12 16:15:56.978 30878 30878 D cellinfo: Longitude is -93.7807889
08-12 16:15:56.978 30878 30878 D cellinfo: Instantaneous GPS information: United States, 5535 Vista Dr, West Des Moines, IA 50266, USA
08-12 16:15:56.978 30878 30878 D cellinfo: getCurrentLocation() result: Location (success): 41.5906802, -93.7807889
08-12 16:15:56.994 30878 31314 D cellinfo: 46 bytes from 54.197.223.49: icmp_seq=2466 ttl=43 time=97.1 ms
08-12 16:15:57.045 30878 30878 D cellinfo: onCellInfoChanged: Operator: AT&T UpdateTimestamp: 343629779 CellConnectionStatus: 0
08-12 16:15:57.045 30878 30878 D cellinfo: onCellInfoChanged: LTE Cell Bands: [66] Bandwidth: 2147483647 Cell ID: 74758168 Physical Cell ID: 275 Tracking Area Code: 18436 EARFCN: 67086
08-12 16:15:57.192 30878 31314 D cellinfo: 46 bytes from 54.197.223.49: icmp_seq=2467 ttl=43 time=94.5 ms
08-12 16:15:57.393 30878 31314 D cellinfo: 46 bytes from 54.197.223.49: icmp_seq=2468 ttl=43 time=95.2 ms
08-12 16:15:57.593 30878 31314 D cellinfo: 46 bytes from 54.197.223.49: icmp_seq=2469 ttl=43 time=93.8 ms
08-12 16:15:57.647 30878 30878 D cellinfo: onsignalStrengthsChanged: LTE Signal Strength info: rsrp: -98 rsrq: -16 rssi: -55 rssnr: 0
08-12 16:15:57.793 30878 31314 D cellinfo: 46 bytes from 54.197.223.49: icmp_seq=2470 ttl=43 time=93.2 ms
08-12 16:15:57.993 30878 31314 D cellinfo: 46 bytes from 54.197.223.49: icmp_seq=2471 ttl=43 time=92.6 ms
08-12 16:15:58.193 30878 31314 D cellinfo: 46 bytes from 54.197.223.49: icmp_seq=2472 ttl=43 time=90.9 ms
08-12 16:15:58.393 30878 31314 D cellinfo: 46 bytes from 54.197.223.49: icmp_seq=2473 ttl=43 time=89.7 ms
08-12 16:15:58.592 30878 31314 D cellinfo: 46 bytes from 54.197.223.49: icmp_seq=2474 ttl=43 time=88.2 ms
08-12 16:15:58.833 30878 31314 D cellinfo: 46 bytes from 54.197.223.49: icmp_seq=2475 ttl=43 time=126 ms
08-12 16:15:58.994 30878 31314 D cellinfo: 46 bytes from 54.197.223.49: icmp_seq=2476 ttl=43 time=87.0 ms
08-12 16:15:59.193 30878 31314 D cellinfo: 46 bytes from 54.197.223.49: icmp_seq=2477 ttl=43 time=84.0 ms
08-12 16:15:59.393 30878 31314 D cellinfo: 46 bytes from 54.197.223.49: icmp_seq=2478 ttl=43 time=82.6 ms
08-12 16:15:59.593 30878 31314 D cellinfo: 46 bytes from 54.197.223.49: icmp_seq=2479 ttl=43 time=82.0 ms
08-12 16:15:59.793 30878 31314 D cellinfo: 46 bytes from 54.197.223.49: icmp_seq=2480 ttl=43 time=80.7 ms
08-12 16:15:59.975 30878 30878 D cellinfo: Latitude is 41.5906802
08-12 16:15:59.975 30878 30878 D cellinfo: Longitude is -93.7807889
08-12 16:15:59.975 30878 30878 D cellinfo: Instantaneous GPS information: United States, 5535 Vista Dr, West Des Moines, IA 50266, USA
08-12 16:15:59.975 30878 30878 D cellinfo: getCurrentLocation() result: Location (success): 41.5906802, -93.7807889
08-12 16:15:59.993 30878 31314 D cellinfo: 46 bytes from 54.197.223.49: icmp_seq=2481 ttl=43 time=80.7 ms
08-12 16:16:00.026 30878 30878 D cellinfo: onCellInfoChanged: Operator: AT&T UpdateTimestamp: 343632761 CellConnectionStatus: 0
08-12 16:16:00.026 30878 30878 D cellinfo: onCellInfoChanged: LTE Cell Bands: [66] Bandwidth: 2147483647 Cell ID: 74758168 Physical Cell ID: 275 Tracking Area Code: 18436 EARFCN: 67086
08-12 16:16:00.193 30878 31314 D cellinfo: 46 bytes from 54.197.223.49: icmp_seq=2482 ttl=43 time=79.2 ms
08-12 16:16:00.434 30878 31314 D cellinfo: 46 bytes from 54.197.223.49: icmp_seq=2483 ttl=43 time=117 ms
08-12 16:16:00.596 30878 31314 D cellinfo: 46 bytes from 54.197.223.49: icmp_seq=2484 ttl=43 time=76.7 ms
08-12 16:16:00.794 30878 31314 D cellinfo: 46 bytes from 54.197.223.49: icmp_seq=2485 ttl=43 time=74.8 ms
08-12 16:16:00.993 30878 31314 D cellinfo: 46 bytes from 54.197.223.49: icmp_seq=2486 ttl=43 time=72.6 ms
08-12 16:16:01.234 30878 31314 D cellinfo: 46 bytes from 54.197.223.49: icmp_seq=2487 ttl=43 time=111 ms
08-12 16:16:01.392 30878 31314 D cellinfo: 46 bytes from 54.197.223.49: icmp_seq=2488 ttl=43 time=69.4 ms
08-12 16:16:01.594 30878 31314 D cellinfo: 46 bytes from 54.197.223.49: icmp_seq=2489 ttl=43 time=68.9 ms
08-12 16:16:01.804 30878 31314 D cellinfo: 46 bytes from 54.197.223.49: icmp_seq=2490 ttl=43 time=78.8 ms
08-12 16:16:01.993 30878 31314 D cellinfo: 46 bytes from 54.197.223.49: icmp_seq=2491 ttl=43 time=68.4 ms
08-12 16:16:02.194 30878 31314 D cellinfo: 46 bytes from 54.197.223.49: icmp_seq=2492 ttl=43 time=67.1 ms
08-12 16:16:02.434 30878 31314 D cellinfo: 46 bytes from 54.197.223.49: icmp_seq=2493 ttl=43 time=106 ms
08-12 16:16:02.635 30878 31314 D cellinfo: 46 bytes from 54.197.223.49: icmp_seq=2494 ttl=43 time=106 ms
08-12 16:16:02.792 30878 31314 D cellinfo: 46 bytes from 54.197.223.49: icmp_seq=2495 ttl=43 time=64.3 ms
08-12 16:16:03.013 30878 30878 D cellinfo: onCellInfoChanged: Operator: AT&T UpdateTimestamp: 343635749 CellConnectionStatus: 0
08-12 16:16:03.013 30878 30878 D cellinfo: onCellInfoChanged: LTE Cell Bands: [66] Bandwidth: 2147483647 Cell ID: 74758168 Physical Cell ID: 275 Tracking Area Code: 18436 EARFCN: 67086
08-12 16:16:03.033 30878 31314 D cellinfo: 46 bytes from 54.197.223.49: icmp_seq=2496 ttl=43 time=104 ms
08-12 16:16:03.233 30878 31314 D cellinfo: 46 bytes from 54.197.223.49: icmp_seq=2497 ttl=43 time=104 ms
08-12 16:16:03.433 30878 31314 D cellinfo: 46 bytes from 54.197.223.49: icmp_seq=2498 ttl=43 time=103 ms
08-12 16:16:03.453 30878 30878 D cellinfo: onsignalStrengthsChanged: LTE Signal Strength info: rsrp: -91 rsrq: -15 rssi: -61 rssnr: 2
08-12 16:16:03.642 30878 31314 D cellinfo: 46 bytes from 54.197.223.49: icmp_seq=2499 ttl=43 time=110 ms
08-12 16:16:03.834 30878 31314 D cellinfo: 46 bytes from 54.197.223.49: icmp_seq=2500 ttl=43 time=100 ms
08-12 16:16:04.034 30878 31314 D cellinfo: 46 bytes from 54.197.223.49: icmp_seq=2501 ttl=43 time=99.7 ms
08-12 16:16:04.234 30878 31314 D cellinfo: 46 bytes from 54.197.223.49: icmp_seq=2502 ttl=43 time=98.6 ms
08-12 16:16:04.399 30878 31314 D cellinfo: 46 bytes from 54.197.223.49: icmp_seq=2503 ttl=43 time=63.2 ms
08-12 16:16:04.634 30878 31314 D cellinfo: 46 bytes from 54.197.223.49: icmp_seq=2504 ttl=43 time=97.0 ms
08-12 16:16:04.837 30878 31314 D cellinfo: 46 bytes from 54.197.223.49: icmp_seq=2505 ttl=43 time=101 ms
08-12 16:16:05.034 30878 31314 D cellinfo: 46 bytes from 54.197.223.49: icmp_seq=2506 ttl=43 time=97.3 ms
08-12 16:16:05.201 30878 31314 D cellinfo: 46 bytes from 54.197.223.49: icmp_seq=2507 ttl=43 time=62.0 ms
08-12 16:16:05.438 30878 31314 D cellinfo: 46 bytes from 54.197.223.49: icmp_seq=2508 ttl=43 time=97.4 ms
08-12 16:16:05.634 30878 31314 D cellinfo: 46 bytes from 54.197.223.49: icmp_seq=2509 ttl=43 time=92.0 ms
08-12 16:16:05.759 30878 30878 D cellinfo: Latitude is 41.5896536
08-12 16:16:05.759 30878 30878 D cellinfo: Longitude is -93.7760562
08-12 16:16:05.759 30878 30878 D cellinfo: Instantaneous GPS information: United States, I-80, West Des Moines, IA 50266, USA
08-12 16:16:05.759 30878 30878 D cellinfo: getCurrentLocation() result: Location (success): 41.5896536, -93.7760562
08-12 16:16:05.762 30878 30878 D cellinfo: onsignalStrengthsChanged: LTE Signal Strength info: rsrp: -90 rsrq: -15 rssi: -63 rssnr: 4
08-12 16:16:05.833 30878 31314 D cellinfo: 46 bytes from 54.197.223.49: icmp_seq=2510 ttl=43 time=89.7 ms
08-12 16:16:05.990 30878 30878 D cellinfo: Latitude is 41.5896536
08-12 16:16:05.990 30878 30878 D cellinfo: Longitude is -93.7760562
08-12 16:16:05.990 30878 30878 D cellinfo: Instantaneous GPS information: United States, I-80, West Des Moines, IA 50266, USA
08-12 16:16:05.990 30878 30878 D cellinfo: getCurrentLocation() result: Location (success): 41.5896536, -93.7760562
08-12 16:16:06.024 30878 30878 D cellinfo: onCellInfoChanged: Operator: AT&T UpdateTimestamp: 343638763 CellConnectionStatus: 0
08-12 16:16:06.024 30878 30878 D cellinfo: onCellInfoChanged: LTE Cell Bands: [66] Bandwidth: 2147483647 Cell ID: 74758168 Physical Cell ID: 275 Tracking Area Code: 18436 EARFCN: 67086
08-12 16:16:06.033 30878 31314 D cellinfo: 46 bytes from 54.197.223.49: icmp_seq=2511 ttl=43 time=88.8 ms
08-12 16:16:06.233 30878 31314 D cellinfo: 46 bytes from 54.197.223.49: icmp_seq=2512 ttl=43 time=89.1 ms
08-12 16:16:06.442 30878 31314 D cellinfo: 46 bytes from 54.197.223.49: icmp_seq=2513 ttl=43 time=95.7 ms
08-12 16:16:06.633 30878 31314 D cellinfo: 46 bytes from 54.197.223.49: icmp_seq=2514 ttl=43 time=87.5 ms
08-12 16:16:06.833 30878 31314 D cellinfo: 46 bytes from 54.197.223.49: icmp_seq=2515 ttl=43 time=87.1 ms
08-12 16:16:07.033 30878 31314 D cellinfo: 46 bytes from 54.197.223.49: icmp_seq=2516 ttl=43 time=86.3 ms
08-12 16:16:07.235 30878 31314 D cellinfo: 46 bytes from 54.197.223.49: icmp_seq=2517 ttl=43 time=87.5 ms
08-12 16:16:07.433 30878 31314 D cellinfo: 46 bytes from 54.197.223.49: icmp_seq=2518 ttl=43 time=83.3 ms
08-12 16:16:07.676 30878 31314 D cellinfo: 46 bytes from 54.197.223.49: icmp_seq=2519 ttl=43 time=124 ms
08-12 16:16:07.837 30878 31314 D cellinfo: 46 bytes from 54.197.223.49: icmp_seq=2520 ttl=43 time=86.4 ms
08-12 16:16:08.033 30878 31314 D cellinfo: 46 bytes from 54.197.223.49: icmp_seq=2521 ttl=43 time=81.9 ms
08-12 16:16:08.234 30878 31314 D cellinfo: 46 bytes from 54.197.223.49: icmp_seq=2522 ttl=43 time=81.7 ms
08-12 16:16:08.435 30878 31314 D cellinfo: 46 bytes from 54.197.223.49: icmp_seq=2523 ttl=43 time=82.1 ms
08-12 16:16:08.634 30878 31314 D cellinfo: 46 bytes from 54.197.223.49: icmp_seq=2524 ttl=43 time=80.1 ms
08-12 16:16:08.874 30878 31314 D cellinfo: 46 bytes from 54.197.223.49: icmp_seq=2525 ttl=43 time=118 ms
08-12 16:16:08.973 30878 30878 D cellinfo: Latitude is 41.5896536
08-12 16:16:08.974 30878 30878 D cellinfo: Longitude is -93.7760562
08-12 16:16:08.974 30878 30878 D cellinfo: Instantaneous GPS information: United States, I-80, West Des Moines, IA 50266, USA
08-12 16:16:08.974 30878 30878 D cellinfo: getCurrentLocation() result: Location (success): 41.5896536, -93.7760562
08-12 16:16:09.021 30878 30878 D cellinfo: onCellInfoChanged: Operator: AT&T UpdateTimestamp: 343641753 CellConnectionStatus: 0
08-12 16:16:09.021 30878 30878 D cellinfo: onCellInfoChanged: LTE Cell Bands: [66] Bandwidth: 2147483647 Cell ID: 74758168 Physical Cell ID: 275 Tracking Area Code: 18436 EARFCN: 67086
08-12 16:16:09.073 30878 31314 D cellinfo: 46 bytes from 54.197.223.49: icmp_seq=2526 ttl=43 time=117 ms
08-12 16:16:09.234 30878 31314 D cellinfo: 46 bytes from 54.197.223.49: icmp_seq=2527 ttl=43 time=78.8 ms
08-12 16:16:09.472 30878 31314 D cellinfo: 46 bytes from 54.197.223.49: icmp_seq=2528 ttl=43 time=116 ms
08-12 16:16:09.634 30878 31314 D cellinfo: 46 bytes from 54.197.223.49: icmp_seq=2529 ttl=43 time=77.6 ms
08-12 16:16:09.833 30878 31314 D cellinfo: 46 bytes from 54.197.223.49: icmp_seq=2530 ttl=43 time=76.0 ms
08-12 16:16:10.033 30878 31314 D cellinfo: 46 bytes from 54.197.223.49: icmp_seq=2531 ttl=43 time=76.2 ms
08-12 16:16:10.234 30878 31314 D cellinfo: 46 bytes from 54.197.223.49: icmp_seq=2532 ttl=43 time=77.4 ms
08-12 16:16:10.474 30878 31314 D cellinfo: 46 bytes from 54.197.223.49: icmp_seq=2533 ttl=43 time=115 ms
08-12 16:16:10.633 30878 31314 D cellinfo: 46 bytes from 54.197.223.49: icmp_seq=2534 ttl=43 time=76.2 ms
08-12 16:16:10.876 30878 31314 D cellinfo: 46 bytes from 54.197.223.49: icmp_seq=2535 ttl=43 time=118 ms
08-12 16:16:11.033 30878 31314 D cellinfo: 46 bytes from 54.197.223.49: icmp_seq=2536 ttl=43 time=74.8 ms
08-12 16:16:11.233 30878 31314 D cellinfo: 46 bytes from 54.197.223.49: icmp_seq=2537 ttl=43 time=75.9 ms
08-12 16:16:11.432 30878 31314 D cellinfo: 46 bytes from 54.197.223.49: icmp_seq=2538 ttl=43 time=74.4 ms
08-12 16:16:11.633 30878 31314 D cellinfo: 46 bytes from 54.197.223.49: icmp_seq=2539 ttl=43 time=73.2 ms
08-12 16:16:11.832 30878 31314 D cellinfo: 46 bytes from 54.197.223.49: icmp_seq=2540 ttl=43 time=72.8 ms
08-12 16:16:11.980 30878 30878 D cellinfo: Latitude is 41.5896536
08-12 16:16:11.980 30878 30878 D cellinfo: Longitude is -93.7760562
08-12 16:16:11.980 30878 30878 D cellinfo: Instantaneous GPS information: United States, I-80, West Des Moines, IA 50266, USA
08-12 16:16:11.980 30878 30878 D cellinfo: getCurrentLocation() result: Location (success): 41.5896536, -93.7760562
08-12 16:16:12.031 30878 30878 D cellinfo: onCellInfoChanged: Operator: AT&T UpdateTimestamp: 343644765 CellConnectionStatus: 0
08-12 16:16:12.031 30878 30878 D cellinfo: onCellInfoChanged: LTE Cell Bands: [66] Bandwidth: 2147483647 Cell ID: 74758168 Physical Cell ID: 275 Tracking Area Code: 18436 EARFCN: 67086
08-12 16:16:12.036 30878 31314 D cellinfo: 46 bytes from 54.197.223.49: icmp_seq=2541 ttl=43 time=74.0 ms
08-12 16:16:12.233 30878 31314 D cellinfo: 46 bytes from 54.197.223.49: icmp_seq=2542 ttl=43 time=71.7 ms
08-12 16:16:12.407 30878 30878 D cellinfo: onsignalStrengthsChanged: LTE Signal Strength info: rsrp: -90 rsrq: -15 rssi: -61 rssnr: 1
08-12 16:16:12.433 30878 31314 D cellinfo: 46 bytes from 54.197.223.49: icmp_seq=2543 ttl=43 time=70.1 ms
08-12 16:16:12.633 30878 31314 D cellinfo: 46 bytes from 54.197.223.49: icmp_seq=2544 ttl=43 time=70.7 ms
08-12 16:16:12.833 30878 31314 D cellinfo: 46 bytes from 54.197.223.49: icmp_seq=2545 ttl=43 time=69.5 ms
08-12 16:16:13.074 30878 31314 D cellinfo: 46 bytes from 54.197.223.49: icmp_seq=2546 ttl=43 time=108 ms
08-12 16:16:13.273 30878 31314 D cellinfo: 46 bytes from 54.197.223.49: icmp_seq=2547 ttl=43 time=108 ms
08-12 16:16:13.475 30878 31314 D cellinfo: 46 bytes from 54.197.223.49: icmp_seq=2548 ttl=43 time=107 ms
08-12 16:16:13.674 30878 31314 D cellinfo: 46 bytes from 54.197.223.49: icmp_seq=2549 ttl=43 time=106 ms
08-12 16:16:13.872 30878 31314 D cellinfo: 46 bytes from 54.197.223.49: icmp_seq=2550 ttl=43 time=104 ms
08-12 16:16:14.074 30878 31314 D cellinfo: 46 bytes from 54.197.223.49: icmp_seq=2551 ttl=43 time=104 ms
08-12 16:16:14.275 30878 31314 D cellinfo: 46 bytes from 54.197.223.49: icmp_seq=2552 ttl=43 time=105 ms
08-12 16:16:14.479 30878 31314 D cellinfo: 46 bytes from 54.197.223.49: icmp_seq=2553 ttl=43 time=108 ms
08-12 16:16:14.647 30878 30878 D cellinfo: onsignalStrengthsChanged: LTE Signal Strength info: rsrp: -91 rsrq: -15 rssi: -65 rssnr: 0
08-12 16:16:14.674 30878 31314 D cellinfo: 46 bytes from 54.197.223.49: icmp_seq=2554 ttl=43 time=103 ms
08-12 16:16:14.877 30878 31314 D cellinfo: 46 bytes from 54.197.223.49: icmp_seq=2555 ttl=43 time=104 ms
08-12 16:16:14.973 30878 30878 D cellinfo: Latitude is 41.5896536
08-12 16:16:14.973 30878 30878 D cellinfo: Longitude is -93.7760562
08-12 16:16:14.973 30878 30878 D cellinfo: Instantaneous GPS information: United States, I-80, West Des Moines, IA 50266, USA
08-12 16:16:14.973 30878 30878 D cellinfo: getCurrentLocation() result: Location (success): 41.5896536, -93.7760562
08-12 16:16:15.027 30878 30878 D cellinfo: onCellInfoChanged: Operator: AT&T UpdateTimestamp: 343647763 CellConnectionStatus: 0
08-12 16:16:15.027 30878 30878 D cellinfo: onCellInfoChanged: LTE Cell Bands: [66] Bandwidth: 2147483647 Cell ID: 74758168 Physical Cell ID: 275 Tracking Area Code: 18436 EARFCN: 67086
08-12 16:16:15.075 30878 31314 D cellinfo: 46 bytes from 54.197.223.49: icmp_seq=2556 ttl=43 time=102 ms
08-12 16:16:15.248 30878 31314 D cellinfo: 46 bytes from 54.197.223.49: icmp_seq=2557 ttl=43 time=76.4 ms
08-12 16:16:15.475 30878 31314 D cellinfo: 46 bytes from 54.197.223.49: icmp_seq=2558 ttl=43 time=101 ms
08-12 16:16:15.652 30878 30878 D cellinfo: onsignalStrengthsChanged: LTE Signal Strength info: rsrp: -91 rsrq: -15 rssi: -69 rssnr: 0
08-12 16:16:15.673 30878 31314 D cellinfo: 46 bytes from 54.197.223.49: icmp_seq=2559 ttl=43 time=99.1 ms
08-12 16:16:15.874 30878 31314 D cellinfo: 46 bytes from 54.197.223.49: icmp_seq=2560 ttl=43 time=98.7 ms
08-12 16:16:16.079 30878 31314 D cellinfo: 46 bytes from 54.197.223.49: icmp_seq=2561 ttl=43 time=101 ms
08-12 16:16:16.274 30878 31314 D cellinfo: 46 bytes from 54.197.223.49: icmp_seq=2562 ttl=43 time=96.7 ms
08-12 16:16:16.475 30878 31314 D cellinfo: 46 bytes from 54.197.223.49: icmp_seq=2563 ttl=43 time=96.5 ms
08-12 16:16:16.674 30878 31314 D cellinfo: 46 bytes from 54.197.223.49: icmp_seq=2564 ttl=43 time=94.8 ms
08-12 16:16:16.874 30878 31314 D cellinfo: 46 bytes from 54.197.223.49: icmp_seq=2565 ttl=43 time=94.5 ms
08-12 16:16:17.115 30878 31314 D cellinfo: 46 bytes from 54.197.223.49: icmp_seq=2566 ttl=43 time=134 ms
08-12 16:16:17.274 30878 31314 D cellinfo: 46 bytes from 54.197.223.49: icmp_seq=2567 ttl=43 time=92.8 ms
08-12 16:16:17.475 30878 31314 D cellinfo: 46 bytes from 54.197.223.49: icmp_seq=2568 ttl=43 time=95.4 ms
08-12 16:16:17.673 30878 31314 D cellinfo: 46 bytes from 54.197.223.49: icmp_seq=2569 ttl=43 time=91.4 ms
08-12 16:16:17.874 30878 31314 D cellinfo: 46 bytes from 54.197.223.49: icmp_seq=2570 ttl=43 time=90.4 ms
08-12 16:16:18.015 30878 30878 D cellinfo: onCellInfoChanged: Operator: AT&T UpdateTimestamp: 343650746 CellConnectionStatus: 0
08-12 16:16:18.015 30878 30878 D cellinfo: onCellInfoChanged: LTE Cell Bands: [66] Bandwidth: 2147483647 Cell ID: 74758168 Physical Cell ID: 275 Tracking Area Code: 18436 EARFCN: 67086
08-12 16:16:18.073 30878 31314 D cellinfo: 46 bytes from 54.197.223.49: icmp_seq=2571 ttl=43 time=89.4 ms
08-12 16:16:18.273 30878 31314 D cellinfo: 46 bytes from 54.197.223.49: icmp_seq=2572 ttl=43 time=90.6 ms
08-12 16:16:18.474 30878 31314 D cellinfo: 46 bytes from 54.197.223.49: icmp_seq=2573 ttl=43 time=89.8 ms
08-12 16:16:18.676 30878 31314 D cellinfo: 46 bytes from 54.197.223.49: icmp_seq=2574 ttl=43 time=90.4 ms
08-12 16:16:18.873 30878 31314 D cellinfo: 46 bytes from 54.197.223.49: icmp_seq=2575 ttl=43 time=86.1 ms
08-12 16:16:19.074 30878 31314 D cellinfo: 46 bytes from 54.197.223.49: icmp_seq=2576 ttl=43 time=87.5 ms
08-12 16:16:19.356 30878 31314 D cellinfo: 46 bytes from 54.197.223.49: icmp_seq=2577 ttl=43 time=166 ms
08-12 16:16:19.530 30878 31314 D cellinfo: 46 bytes from 54.197.223.49: icmp_seq=2578 ttl=43 time=139 ms
08-12 16:16:19.676 30878 31314 D cellinfo: 46 bytes from 54.197.223.49: icmp_seq=2579 ttl=43 time=84.3 ms
08-12 16:16:19.800 30878 30878 D cellinfo: Latitude is 41.5920624
08-12 16:16:19.800 30878 30878 D cellinfo: Longitude is -93.7730268
08-12 16:16:19.800 30878 30878 D cellinfo: Instantaneous GPS information: United States, 1350 50th St, West Des Moines, IA 50266, USA
08-12 16:16:19.800 30878 30878 D cellinfo: getCurrentLocation() result: Location (success): 41.5920624, -93.7730268
08-12 16:16:19.877 30878 31314 D cellinfo: 46 bytes from 54.197.223.49: icmp_seq=2580 ttl=43 time=84.9 ms
08-12 16:16:20.059 30878 30878 D cellinfo: onCellInfoChanged: Operator: AT&T UpdateTimestamp: 343652792 CellConnectionStatus: 0
08-12 16:16:20.059 30878 30878 D cellinfo: onCellInfoChanged: LTE Cell Bands: [66] Bandwidth: 2147483647 Cell ID: 74758422 Physical Cell ID: 276 Tracking Area Code: 18436 EARFCN: 67086
08-12 16:16:20.092 30878 30878 D cellinfo: onServiceStateChanged: Channel Number: 67086 Cell Bandwidths: []
08-12 16:16:20.093 30878 31314 D cellinfo: 46 bytes from 54.197.223.49: icmp_seq=2581 ttl=43 time=100 ms
08-12 16:16:20.225 30878 30878 D cellinfo: onCellInfoChanged: Operator: AT&T UpdateTimestamp: 343652961 CellConnectionStatus: 0
08-12 16:16:20.225 30878 30878 D cellinfo: onCellInfoChanged: LTE Cell Bands: [12] Bandwidth: 2147483647 Cell ID: 74758415 Physical Cell ID: 276 Tracking Area Code: 18436 EARFCN: 5145
08-12 16:16:20.257 30878 30878 D cellinfo: onServiceStateChanged: Channel Number: 5145 Cell Bandwidths: []
08-12 16:16:20.263 30878 31314 D cellinfo: 46 bytes from 54.197.223.49: icmp_seq=2582 ttl=43 time=70.3 ms
08-12 16:16:20.463 30878 31314 D cellinfo: 46 bytes from 54.197.223.49: icmp_seq=2583 ttl=43 time=68.8 ms
08-12 16:16:20.713 30878 31314 D cellinfo: 46 bytes from 54.197.223.49: icmp_seq=2584 ttl=43 time=117 ms
08-12 16:16:20.976 30878 30878 D cellinfo: Latitude is 41.5920624
08-12 16:16:20.976 30878 30878 D cellinfo: Longitude is -93.7730268
08-12 16:16:20.976 30878 30878 D cellinfo: Instantaneous GPS information: United States, 1350 50th St, West Des Moines, IA 50266, USA
08-12 16:16:20.976 30878 30878 D cellinfo: getCurrentLocation() result: Location (success): 41.5920624, -93.7730268
08-12 16:16:21.039 30878 30878 D cellinfo: onCellInfoChanged: Operator: AT&T UpdateTimestamp: 343653772 CellConnectionStatus: 0
08-12 16:16:21.039 30878 30878 D cellinfo: onCellInfoChanged: LTE Cell Bands: [12] Bandwidth: 2147483647 Cell ID: 74758415 Physical Cell ID: 276 Tracking Area Code: 18436 EARFCN: 5145
08-12 16:16:21.140 30878 31314 D cellinfo: 46 bytes from 54.197.223.49: icmp_seq=2585 ttl=43 time=344 ms
08-12 16:16:21.370 30878 30878 D cellinfo: onsignalStrengthsChanged: LTE Signal Strength info: rsrp: -93 rsrq: -16 rssi: -61 rssnr: -3
08-12 16:16:21.942 30878 31314 D cellinfo: 46 bytes from 54.197.223.49: icmp_seq=2586 ttl=43 time=937 ms
08-12 16:16:21.942 30878 31314 D cellinfo: 46 bytes from 54.197.223.49: icmp_seq=2587 ttl=43 time=735 ms
08-12 16:16:21.942 30878 31314 D cellinfo: 46 bytes from 54.197.223.49: icmp_seq=2588 ttl=43 time=535 ms
08-12 16:16:21.982 30878 31314 D cellinfo: 46 bytes from 54.197.223.49: icmp_seq=2589 ttl=43 time=374 ms
08-12 16:16:21.984 30878 31314 D cellinfo: 46 bytes from 54.197.223.49: icmp_seq=2590 ttl=43 time=177 ms
08-12 16:16:22.220 30878 31314 D cellinfo: 46 bytes from 54.197.223.49: icmp_seq=2591 ttl=43 time=211 ms
08-12 16:16:22.299 30878 31314 D cellinfo: 46 bytes from 54.197.223.49: icmp_seq=2592 ttl=43 time=82.2 ms
08-12 16:16:22.507 30878 31314 D cellinfo: 46 bytes from 54.197.223.49: icmp_seq=2593 ttl=43 time=87.5 ms
08-12 16:16:23.121 30878 30878 D cellinfo: onCellInfoChanged: Operator: AT&T UpdateTimestamp: 343655854 CellConnectionStatus: 0
08-12 16:16:23.121 30878 30878 D cellinfo: onCellInfoChanged: LTE Cell Bands: [12] Bandwidth: 2147483647 Cell ID: 74758415 Physical Cell ID: 276 Tracking Area Code: 18436 EARFCN: 5145
08-12 16:16:23.863 30878 31314 D cellinfo: 46 bytes from 54.197.223.49: icmp_seq=2594 ttl=43 time=1242 ms
08-12 16:16:23.867 30878 31314 D cellinfo: 46 bytes from 54.197.223.49: icmp_seq=2595 ttl=43 time=1038 ms
08-12 16:16:23.868 30878 31314 D cellinfo: 46 bytes from 54.197.223.49: icmp_seq=2596 ttl=43 time=829 ms
08-12 16:16:23.868 30878 31314 D cellinfo: 46 bytes from 54.197.223.49: icmp_seq=2597 ttl=43 time=622 ms
08-12 16:16:23.868 30878 31314 D cellinfo: 46 bytes from 54.197.223.49: icmp_seq=2598 ttl=43 time=413 ms
08-12 16:16:23.873 30878 31314 D cellinfo: 46 bytes from 54.197.223.49: icmp_seq=2599 ttl=43 time=211 ms
08-12 16:16:23.977 30878 30878 D cellinfo: Latitude is 41.5920624
08-12 16:16:23.977 30878 30878 D cellinfo: Longitude is -93.7730268
08-12 16:16:23.977 30878 30878 D cellinfo: Instantaneous GPS information: United States, 1350 50th St, West Des Moines, IA 50266, USA
08-12 16:16:23.977 30878 30878 D cellinfo: getCurrentLocation() result: Location (success): 41.5920624, -93.7730268
08-12 16:16:24.018 30878 31314 D cellinfo: 46 bytes from 54.197.223.49: icmp_seq=2600 ttl=43 time=155 ms
08-12 16:16:24.139 30878 31314 D cellinfo: 46 bytes from 54.197.223.49: icmp_seq=2601 ttl=43 time=76.7 ms
08-12 16:16:24.347 30878 31314 D cellinfo: 46 bytes from 54.197.223.49: icmp_seq=2602 ttl=43 time=82.0 ms
08-12 16:16:24.539 30878 31314 D cellinfo: 46 bytes from 54.197.223.49: icmp_seq=2603 ttl=43 time=72.7 ms
08-12 16:16:24.861 30878 31314 D cellinfo: 46 bytes from 54.197.223.49: icmp_seq=2604 ttl=43 time=192 ms
08-12 16:16:24.940 30878 31314 D cellinfo: 46 bytes from 54.197.223.49: icmp_seq=2605 ttl=43 time=72.3 ms
08-12 16:16:25.141 30878 31314 D cellinfo: 46 bytes from 54.197.223.49: icmp_seq=2606 ttl=43 time=71.4 ms
08-12 16:16:25.339 30878 31314 D cellinfo: 46 bytes from 54.197.223.49: icmp_seq=2607 ttl=43 time=68.3 ms
08-12 16:16:25.543 30878 31314 D cellinfo: 46 bytes from 54.197.223.49: icmp_seq=2608 ttl=43 time=71.7 ms
08-12 16:16:25.779 30878 31314 D cellinfo: 46 bytes from 54.197.223.49: icmp_seq=2609 ttl=43 time=106 ms
08-12 16:16:25.942 30878 31314 D cellinfo: 46 bytes from 54.197.223.49: icmp_seq=2610 ttl=43 time=67.6 ms
08-12 16:16:26.179 30878 31314 D cellinfo: 46 bytes from 54.197.223.49: icmp_seq=2611 ttl=43 time=103 ms
08-12 16:16:26.342 30878 31314 D cellinfo: 46 bytes from 54.197.223.49: icmp_seq=2612 ttl=43 time=65.4 ms
08-12 16:16:26.579 30878 31314 D cellinfo: 46 bytes from 54.197.223.49: icmp_seq=2613 ttl=43 time=102 ms
08-12 16:16:26.784 30878 31314 D cellinfo: 46 bytes from 54.197.223.49: icmp_seq=2614 ttl=43 time=106 ms
08-12 16:16:26.974 30878 30878 D cellinfo: Latitude is 41.5920624
08-12 16:16:26.974 30878 30878 D cellinfo: Longitude is -93.7730268
08-12 16:16:26.974 30878 30878 D cellinfo: Instantaneous GPS information: United States, 1350 50th St, West Des Moines, IA 50266, USA
08-12 16:16:26.974 30878 30878 D cellinfo: getCurrentLocation() result: Location (success): 41.5920624, -93.7730268
08-12 16:16:26.978 30878 31314 D cellinfo: 46 bytes from 54.197.223.49: icmp_seq=2615 ttl=43 time=101 ms
08-12 16:16:27.022 30878 30878 D cellinfo: onCellInfoChanged: Operator: AT&T UpdateTimestamp: 343659758 CellConnectionStatus: 0
08-12 16:16:27.022 30878 30878 D cellinfo: onCellInfoChanged: LTE Cell Bands: [12] Bandwidth: 2147483647 Cell ID: 74758415 Physical Cell ID: 276 Tracking Area Code: 18436 EARFCN: 5145
08-12 16:16:27.141 30878 31314 D cellinfo: 46 bytes from 54.197.223.49: icmp_seq=2616 ttl=43 time=62.9 ms
08-12 16:16:27.380 30878 31314 D cellinfo: 46 bytes from 54.197.223.49: icmp_seq=2617 ttl=43 time=98.8 ms
08-12 16:16:27.621 30878 31314 D cellinfo: 46 bytes from 54.197.223.49: icmp_seq=2618 ttl=43 time=139 ms
08-12 16:16:27.782 30878 31314 D cellinfo: 46 bytes from 54.197.223.49: icmp_seq=2619 ttl=43 time=97.4 ms
08-12 16:16:28.340 30878 31314 D cellinfo: 46 bytes from 54.197.223.49: icmp_seq=2620 ttl=43 time=455 ms
08-12 16:16:28.340 30878 31314 D cellinfo: 46 bytes from 54.197.223.49: icmp_seq=2621 ttl=43 time=246 ms
08-12 16:16:28.481 30878 31314 D cellinfo: 46 bytes from 54.197.223.49: icmp_seq=2622 ttl=43 time=178 ms
08-12 16:16:28.580 30878 31314 D cellinfo: 46 bytes from 54.197.223.49: icmp_seq=2623 ttl=43 time=76.7 ms
08-12 16:16:28.783 30878 31314 D cellinfo: 46 bytes from 54.197.223.49: icmp_seq=2624 ttl=43 time=79.8 ms
08-12 16:16:29.431 30878 31314 D cellinfo: 46 bytes from 54.197.223.49: icmp_seq=2625 ttl=43 time=525 ms
08-12 16:16:29.432 30878 31314 D cellinfo: 46 bytes from 54.197.223.49: icmp_seq=2626 ttl=43 time=315 ms
08-12 16:16:29.475 30878 31314 D cellinfo: 46 bytes from 54.197.223.49: icmp_seq=2627 ttl=43 time=153 ms
08-12 16:16:29.483 30878 30878 D cellinfo: onCellInfoChanged: Operator: AT&T UpdateTimestamp: 343662214 CellConnectionStatus: 0
08-12 16:16:29.483 30878 30878 D cellinfo: onCellInfoChanged: LTE Cell Bands: [12] Bandwidth: 2147483647 Cell ID: 74648336 Physical Cell ID: 235 Tracking Area Code: 18436 EARFCN: 5145
08-12 16:16:29.512 30878 30878 D cellinfo: onServiceStateChanged: Channel Number: 5145 Cell Bandwidths: []
08-12 16:16:29.581 30878 31314 D cellinfo: 46 bytes from 54.197.223.49: icmp_seq=2628 ttl=43 time=57.6 ms
08-12 16:16:29.789 30878 31314 D cellinfo: 46 bytes from 54.197.223.49: icmp_seq=2629 ttl=43 time=66.2 ms
08-12 16:16:30.019 30878 30878 D cellinfo: onCellInfoChanged: Operator: AT&T UpdateTimestamp: 343662755 CellConnectionStatus: 0
08-12 16:16:30.019 30878 30878 D cellinfo: onCellInfoChanged: LTE Cell Bands: [12] Bandwidth: 2147483647 Cell ID: 74648336 Physical Cell ID: 235 Tracking Area Code: 18436 EARFCN: 5145
08-12 16:16:30.072 30878 31314 D cellinfo: 46 bytes from 54.197.223.49: icmp_seq=2630 ttl=43 time=149 ms
08-12 16:16:30.181 30878 31314 D cellinfo: 46 bytes from 54.197.223.49: icmp_seq=2631 ttl=43 time=58.0 ms
08-12 16:16:30.328 30878 30878 D cellinfo: onsignalStrengthsChanged: LTE Signal Strength info: rsrp: -98 rsrq: -19 rssi: -69 rssnr: -5
08-12 16:16:30.404 30878 31314 D cellinfo: 46 bytes from 54.197.223.49: icmp_seq=2632 ttl=43 time=80.0 ms
08-12 16:16:30.583 30878 31314 D cellinfo: 46 bytes from 54.197.223.49: icmp_seq=2633 ttl=43 time=57.8 ms
08-12 16:16:30.805 30878 31314 D cellinfo: 46 bytes from 54.197.223.49: icmp_seq=2634 ttl=43 time=76.9 ms
08-12 16:16:30.991 30878 31314 D cellinfo: 46 bytes from 54.197.223.49: icmp_seq=2635 ttl=43 time=61.3 ms
08-12 16:16:31.184 30878 31314 D cellinfo: 46 bytes from 54.197.223.49: icmp_seq=2636 ttl=43 time=52.9 ms
08-12 16:16:31.410 30878 31314 D cellinfo: 46 bytes from 54.197.223.49: icmp_seq=2637 ttl=43 time=77.9 ms
08-12 16:16:31.626 30878 31314 D cellinfo: 46 bytes from 54.197.223.49: icmp_seq=2638 ttl=43 time=91.9 ms
08-12 16:16:31.825 30878 31314 D cellinfo: 46 bytes from 54.197.223.49: icmp_seq=2639 ttl=43 time=90.9 ms
08-12 16:16:32.106 30878 31314 D cellinfo: 46 bytes from 54.197.223.49: icmp_seq=2640 ttl=43 time=170 ms
08-12 16:16:32.192 30878 31314 D cellinfo: 46 bytes from 54.197.223.49: icmp_seq=2641 ttl=43 time=55.3 ms
08-12 16:16:32.420 30878 31314 D cellinfo: 46 bytes from 54.197.223.49: icmp_seq=2642 ttl=43 time=80.6 ms
08-12 16:16:32.629 30878 31314 D cellinfo: 46 bytes from 54.197.223.49: icmp_seq=2643 ttl=43 time=89.2 ms
08-12 16:16:32.681 30878 30878 D cellinfo: Latitude is 41.5950012
08-12 16:16:32.682 30878 30878 D cellinfo: Longitude is -93.7735
08-12 16:16:32.682 30878 30878 D cellinfo: Instantaneous GPS information: United States, 5000 Westown Pkwy # 310, West Des Moines, IA 50266, USA
08-12 16:16:32.682 30878 30878 D cellinfo: getCurrentLocation() result: Location (success): 41.5950012, -93.7735
08-12 16:16:32.684 30878 30878 D cellinfo: onCellInfoChanged: Operator: AT&T UpdateTimestamp: 343665285 CellConnectionStatus: 0
08-12 16:16:32.684 30878 30878 D cellinfo: onCellInfoChanged: LTE Cell Bands: [12] Bandwidth: 2147483647 Cell ID: 74648336 Physical Cell ID: 235 Tracking Area Code: 18436 EARFCN: 5145
08-12 16:16:32.685 30878 30878 D cellinfo: onsignalStrengthsChanged: LTE Signal Strength info: rsrp: -99 rsrq: -19 rssi: -67 rssnr: -5
08-12 16:16:32.864 30878 31314 D cellinfo: 46 bytes from 54.197.223.49: icmp_seq=2644 ttl=43 time=124 ms
08-12 16:16:32.973 30878 30878 D cellinfo: Latitude is 41.5950012
08-12 16:16:32.973 30878 30878 D cellinfo: Longitude is -93.7735
08-12 16:16:32.974 30878 30878 D cellinfo: Instantaneous GPS information: United States, 5000 Westown Pkwy # 310, West Des Moines, IA 50266, USA
08-12 16:16:32.974 30878 30878 D cellinfo: getCurrentLocation() result: Location (success): 41.5950012, -93.7735
08-12 16:16:33.023 30878 31314 D cellinfo: 46 bytes from 54.197.223.49: icmp_seq=2645 ttl=43 time=83.2 ms
08-12 16:16:33.227 30878 31314 D cellinfo: 46 bytes from 54.197.223.49: icmp_seq=2646 ttl=43 time=84.8 ms
08-12 16:16:33.425 30878 31314 D cellinfo: 46 bytes from 54.197.223.49: icmp_seq=2647 ttl=43 time=83.2 ms
08-12 16:16:33.627 30878 31314 D cellinfo: 46 bytes from 54.197.223.49: icmp_seq=2648 ttl=43 time=82.8 ms
08-12 16:16:33.830 30878 31314 D cellinfo: 46 bytes from 54.197.223.49: icmp_seq=2649 ttl=43 time=85.2 ms
08-12 16:16:34.008 30878 31314 D cellinfo: 46 bytes from 54.197.223.49: icmp_seq=2650 ttl=43 time=63.8 ms
08-12 16:16:34.256 30878 31314 D cellinfo: 46 bytes from 54.197.223.49: icmp_seq=2651 ttl=43 time=112 ms
08-12 16:16:34.519 30878 30878 D cellinfo: onServiceStateChanged: Channel Number: 5145 Cell Bandwidths: []
08-12 16:16:34.531 30878 31314 D cellinfo: 46 bytes from 54.197.223.49: icmp_seq=2652 ttl=43 time=187 ms
08-12 16:16:34.546 30878 30878 D cellinfo: onDisplayInfoChanged: NetworkType: LTE OverrideNetworkType: LTE-CA
08-12 16:16:34.602 30878 31314 D cellinfo: 46 bytes from 54.197.223.49: icmp_seq=2653 ttl=43 time=57.3 ms
08-12 16:16:34.625 30878 30878 D cellinfo: onServiceStateChanged: Channel Number: 5145 Cell Bandwidths: [5000, 10000, 10000, 20000]
08-12 16:16:34.799 30878 30878 D cellinfo: onsignalStrengthsChanged: LTE Signal Strength info: rsrp: -99 rsrq: -19 rssi: -65 rssnr: -4
08-12 16:16:34.811 30878 31314 D cellinfo: 46 bytes from 54.197.223.49: icmp_seq=2654 ttl=43 time=65.6 ms
08-12 16:16:35.026 30878 31314 D cellinfo: 46 bytes from 54.197.223.49: icmp_seq=2655 ttl=43 time=77.7 ms
08-12 16:16:35.203 30878 31314 D cellinfo: 46 bytes from 54.197.223.49: icmp_seq=2656 ttl=43 time=56.1 ms
08-12 16:16:35.427 30878 31314 D cellinfo: 46 bytes from 54.197.223.49: icmp_seq=2657 ttl=43 time=79.5 ms
08-12 16:16:35.633 30878 31314 D cellinfo: 46 bytes from 54.197.223.49: icmp_seq=2658 ttl=43 time=83.8 ms
08-12 16:16:35.812 30878 31314 D cellinfo: 46 bytes from 54.197.223.49: icmp_seq=2659 ttl=43 time=62.2 ms
08-12 16:16:35.976 30878 30878 D cellinfo: Latitude is 41.5950012
08-12 16:16:35.976 30878 30878 D cellinfo: Longitude is -93.7735
08-12 16:16:35.976 30878 30878 D cellinfo: Instantaneous GPS information: United States, 5000 Westown Pkwy # 310, West Des Moines, IA 50266, USA
08-12 16:16:35.976 30878 30878 D cellinfo: getCurrentLocation() result: Location (success): 41.5950012, -93.7735
08-12 16:16:36.022 30878 31314 D cellinfo: 46 bytes from 54.197.223.49: icmp_seq=2660 ttl=43 time=70.9 ms
08-12 16:16:36.100 30878 30878 D cellinfo: onCellInfoChanged: Operator: AT&T UpdateTimestamp: 343668831 CellConnectionStatus: 0
08-12 16:16:36.100 30878 30878 D cellinfo: onCellInfoChanged: LTE Cell Bands: [12] Bandwidth: 2147483647 Cell ID: 74648336 Physical Cell ID: 235 Tracking Area Code: 18436 EARFCN: 5145
08-12 16:16:36.210 30878 31314 D cellinfo: 46 bytes from 54.197.223.49: icmp_seq=2661 ttl=43 time=60.2 ms
08-12 16:16:36.420 30878 31314 D cellinfo: 46 bytes from 54.197.223.49: icmp_seq=2662 ttl=43 time=68.8 ms
08-12 16:16:36.660 30878 30878 D cellinfo: onsignalStrengthsChanged: LTE Signal Strength info: rsrp: -100 rsrq: -19 rssi: -67 rssnr: -4
08-12 16:16:36.666 30878 31314 D cellinfo: 46 bytes from 54.197.223.49: icmp_seq=2663 ttl=43 time=113 ms
08-12 16:16:36.826 30878 31314 D cellinfo: 46 bytes from 54.197.223.49: icmp_seq=2664 ttl=43 time=72.2 ms
08-12 16:16:37.026 30878 31314 D cellinfo: 46 bytes from 54.197.223.49: icmp_seq=2665 ttl=43 time=72.7 ms
08-12 16:16:37.051 30878 30878 D cellinfo: onsignalStrengthsChanged: LTE Signal Strength info: rsrp: -101 rsrq: -19 rssi: -67 rssnr: -5
08-12 16:16:37.266 30878 31314 D cellinfo: 46 bytes from 54.197.223.49: icmp_seq=2666 ttl=43 time=111 ms
08-12 16:16:37.434 30878 31314 D cellinfo: 46 bytes from 54.197.223.49: icmp_seq=2667 ttl=43 time=77.1 ms
08-12 16:16:37.627 30878 31314 D cellinfo: 46 bytes from 54.197.223.49: icmp_seq=2668 ttl=43 time=67.3 ms
08-12 16:16:37.828 30878 31314 D cellinfo: 46 bytes from 54.197.223.49: icmp_seq=2669 ttl=43 time=68.9 ms
08-12 16:16:37.881 30878 30878 D cellinfo: onServiceStateChanged: Channel Number: 5145 Cell Bandwidths: [5000, 10000, 10000, 20000]
08-12 16:16:37.895 30878 30878 D cellinfo: onDisplayInfoChanged: NetworkType: LTE OverrideNetworkType: None
08-12 16:16:38.105 30878 31314 D cellinfo: 46 bytes from 54.197.223.49: icmp_seq=2670 ttl=43 time=144 ms
08-12 16:16:38.226 30878 31314 D cellinfo: 46 bytes from 54.197.223.49: icmp_seq=2671 ttl=43 time=66.2 ms
08-12 16:16:38.466 30878 31314 D cellinfo: 46 bytes from 54.197.223.49: icmp_seq=2672 ttl=43 time=103 ms
08-12 16:16:38.707 30878 31314 D cellinfo: 46 bytes from 54.197.223.49: icmp_seq=2673 ttl=43 time=142 ms
08-12 16:16:38.829 30878 31314 D cellinfo: 46 bytes from 54.197.223.49: icmp_seq=2674 ttl=43 time=66.5 ms
08-12 16:16:38.978 30878 30878 D cellinfo: Latitude is 41.5950012
08-12 16:16:38.978 30878 30878 D cellinfo: Longitude is -93.7735
08-12 16:16:38.978 30878 30878 D cellinfo: Instantaneous GPS information: United States, 5000 Westown Pkwy # 310, West Des Moines, IA 50266, USA
08-12 16:16:38.978 30878 30878 D cellinfo: getCurrentLocation() result: Location (success): 41.5950012, -93.7735
08-12 16:16:39.043 30878 30878 D cellinfo: onCellInfoChanged: Operator: AT&T UpdateTimestamp: 343671779 CellConnectionStatus: 0
08-12 16:16:39.043 30878 30878 D cellinfo: onCellInfoChanged: LTE Cell Bands: [12] Bandwidth: 2147483647 Cell ID: 74648336 Physical Cell ID: 235 Tracking Area Code: 18436 EARFCN: 5145
08-12 16:16:39.106 30878 31314 D cellinfo: 46 bytes from 54.197.223.49: icmp_seq=2675 ttl=43 time=141 ms
08-12 16:16:39.225 30878 31314 D cellinfo: 46 bytes from 54.197.223.49: icmp_seq=2676 ttl=43 time=61.3 ms
08-12 16:16:39.473 30878 31314 D cellinfo: 46 bytes from 54.197.223.49: icmp_seq=2677 ttl=43 time=107 ms
08-12 16:16:39.659 30878 30878 D cellinfo: onsignalStrengthsChanged: LTE Signal Strength info: rsrp: -103 rsrq: -19 rssi: -71 rssnr: -5
08-12 16:16:40.011 30878 31314 D cellinfo: 46 bytes from 54.197.223.49: icmp_seq=2678 ttl=43 time=445 ms
08-12 16:16:40.017 30878 31314 D cellinfo: 46 bytes from 54.197.223.49: icmp_seq=2679 ttl=43 time=241 ms
08-12 16:16:40.027 30878 30878 D cellinfo: onCellInfoChanged: Operator: AT&T UpdateTimestamp: 343672755 CellConnectionStatus: 0
08-12 16:16:40.027 30878 30878 D cellinfo: onCellInfoChanged: LTE Cell Bands: [12] Bandwidth: 2147483647 Cell ID: 74758672 Physical Cell ID: 280 Tracking Area Code: 18436 EARFCN: 5145
08-12 16:16:40.053 30878 30878 D cellinfo: onServiceStateChanged: Channel Number: 5145 Cell Bandwidths: []
08-12 16:16:40.067 30878 31314 D cellinfo: 46 bytes from 54.197.223.49: icmp_seq=2680 ttl=43 time=92.3 ms
08-12 16:16:40.298 30878 31314 D cellinfo: 46 bytes from 54.197.223.49: icmp_seq=2681 ttl=43 time=123 ms
08-12 16:16:40.445 30878 31314 D cellinfo: 46 bytes from 54.197.223.49: icmp_seq=2682 ttl=43 time=69.8 ms
08-12 16:16:40.648 30878 31314 D cellinfo: 46 bytes from 54.197.223.49: icmp_seq=2683 ttl=43 time=71.8 ms
08-12 16:16:40.914 30878 31314 D cellinfo: 46 bytes from 54.197.223.49: icmp_seq=2684 ttl=43 time=135 ms
08-12 16:16:41.074 30878 31314 D cellinfo: 46 bytes from 54.197.223.49: icmp_seq=2685 ttl=43 time=95.1 ms
08-12 16:16:41.314 30878 31314 D cellinfo: 46 bytes from 54.197.223.49: icmp_seq=2686 ttl=43 time=134 ms
08-12 16:16:41.474 30878 31314 D cellinfo: 46 bytes from 54.197.223.49: icmp_seq=2687 ttl=43 time=93.9 ms
08-12 16:16:41.722 30878 31314 D cellinfo: 46 bytes from 54.197.223.49: icmp_seq=2688 ttl=43 time=140 ms
08-12 16:16:41.874 30878 31314 D cellinfo: 46 bytes from 54.197.223.49: icmp_seq=2689 ttl=43 time=92.2 ms
08-12 16:16:41.978 30878 30878 D cellinfo: Latitude is 41.5950012
08-12 16:16:41.978 30878 30878 D cellinfo: Longitude is -93.7735
08-12 16:16:41.978 30878 30878 D cellinfo: Instantaneous GPS information: United States, 5000 Westown Pkwy # 310, West Des Moines, IA 50266, USA
08-12 16:16:41.978 30878 30878 D cellinfo: getCurrentLocation() result: Location (success): 41.5950012, -93.7735
08-12 16:16:42.038 30878 30878 D cellinfo: onCellInfoChanged: Operator: AT&T UpdateTimestamp: 343674772 CellConnectionStatus: 0
08-12 16:16:42.038 30878 30878 D cellinfo: onCellInfoChanged: LTE Cell Bands: [12] Bandwidth: 2147483647 Cell ID: 74758672 Physical Cell ID: 280 Tracking Area Code: 18436 EARFCN: 5145
08-12 16:16:42.078 30878 31314 D cellinfo: 46 bytes from 54.197.223.49: icmp_seq=2690 ttl=43 time=95.3 ms
08-12 16:16:42.483 30878 31314 D cellinfo: 46 bytes from 54.197.223.49: icmp_seq=2691 ttl=43 time=299 ms
08-12 16:16:42.490 30878 31314 D cellinfo: 46 bytes from 54.197.223.49: icmp_seq=2692 ttl=43 time=100 ms
08-12 16:16:42.663 30878 30878 D cellinfo: onsignalStrengthsChanged: LTE Signal Strength info: rsrp: -105 rsrq: -19 rssi: -71 rssnr: -6
08-12 16:16:42.690 30878 31314 D cellinfo: 46 bytes from 54.197.223.49: icmp_seq=2693 ttl=43 time=99.6 ms
08-12 16:16:42.915 30878 31314 D cellinfo: 46 bytes from 54.197.223.49: icmp_seq=2694 ttl=43 time=124 ms
08-12 16:16:43.451 30878 31314 D cellinfo: 46 bytes from 54.197.223.49: icmp_seq=2695 ttl=43 time=456 ms
08-12 16:16:43.451 30878 31314 D cellinfo: 46 bytes from 54.197.223.49: icmp_seq=2696 ttl=43 time=250 ms
08-12 16:16:43.769 30878 30878 D cellinfo: onsignalStrengthsChanged: LTE Signal Strength info: rsrp: -105 rsrq: -20 rssi: -73 rssnr: -6
08-12 16:16:43.897 30878 31314 D cellinfo: 46 bytes from 54.197.223.49: icmp_seq=2697 ttl=43 time=487 ms
08-12 16:16:43.898 30878 31314 D cellinfo: 46 bytes from 54.197.223.49: icmp_seq=2698 ttl=43 time=288 ms
08-12 16:16:44.192 30878 31314 D cellinfo: 46 bytes from 54.197.223.49: icmp_seq=2699 ttl=43 time=375 ms
08-12 16:16:44.291 30878 31314 D cellinfo: 46 bytes from 54.197.223.49: icmp_seq=2700 ttl=43 time=273 ms
08-12 16:16:44.411 30878 31314 D cellinfo: 46 bytes from 54.197.223.49: icmp_seq=2701 ttl=43 time=194 ms
08-12 16:16:44.596 30878 31314 D cellinfo: 46 bytes from 54.197.223.49: icmp_seq=2702 ttl=43 time=177 ms
08-12 16:16:44.715 30878 31314 D cellinfo: 46 bytes from 54.197.223.49: icmp_seq=2703 ttl=43 time=97.2 ms
08-12 16:16:44.921 30878 31314 D cellinfo: 46 bytes from 54.197.223.49: icmp_seq=2704 ttl=43 time=102 ms
08-12 16:16:45.038 30878 30878 D cellinfo: onCellInfoChanged: Operator: AT&T UpdateTimestamp: 343677772 CellConnectionStatus: 0
08-12 16:16:45.038 30878 30878 D cellinfo: onCellInfoChanged: LTE Cell Bands: [12] Bandwidth: 2147483647 Cell ID: 74758672 Physical Cell ID: 280 Tracking Area Code: 18436 EARFCN: 5145
08-12 16:16:45.172 30878 31314 D cellinfo: 46 bytes from 54.197.223.49: icmp_seq=2705 ttl=43 time=150 ms
08-12 16:16:45.325 30878 31314 D cellinfo: 46 bytes from 54.197.223.49: icmp_seq=2706 ttl=43 time=103 ms
08-12 16:16:45.602 30878 31314 D cellinfo: 46 bytes from 54.197.223.49: icmp_seq=2707 ttl=43 time=178 ms
08-12 16:16:46.493 30878 31314 D cellinfo: 46 bytes from 54.197.223.49: icmp_seq=2708 ttl=43 time=869 ms
08-12 16:16:46.508 30878 31314 D cellinfo: 46 bytes from 54.197.223.49: icmp_seq=2709 ttl=43 time=674 ms
08-12 16:16:46.529 30878 31314 D cellinfo: 46 bytes from 54.197.223.49: icmp_seq=2710 ttl=43 time=488 ms
08-12 16:16:47.165 30878 31314 D cellinfo: 46 bytes from 54.197.223.49: icmp_seq=2711 ttl=43 time=913 ms
08-12 16:16:47.165 30878 31314 D cellinfo: 46 bytes from 54.197.223.49: icmp_seq=2712 ttl=43 time=706 ms
08-12 16:16:47.165 30878 31314 D cellinfo: 46 bytes from 54.197.223.49: icmp_seq=2713 ttl=43 time=505 ms
08-12 16:16:47.165 30878 31314 D cellinfo: 46 bytes from 54.197.223.49: icmp_seq=2714 ttl=43 time=298 ms
08-12 16:16:47.719 30878 31314 D cellinfo: 46 bytes from 54.197.223.49: icmp_seq=2715 ttl=43 time=650 ms
08-12 16:16:47.719 30878 31314 D cellinfo: 46 bytes from 54.197.223.49: icmp_seq=2716 ttl=43 time=449 ms
08-12 16:16:47.818 30878 31314 D cellinfo: 46 bytes from 54.197.223.49: icmp_seq=2717 ttl=43 time=347 ms
08-12 16:16:50.629 30878 31314 D cellinfo: 46 bytes from 54.197.223.49: icmp_seq=2725 ttl=43 time=1532 ms
08-12 16:16:50.629 30878 31314 D cellinfo: 46 bytes from 54.197.223.49: icmp_seq=2726 ttl=43 time=1332 ms
08-12 16:16:50.629 30878 31314 D cellinfo: 46 bytes from 54.197.223.49: icmp_seq=2727 ttl=43 time=1132 ms
08-12 16:16:50.629 30878 31314 D cellinfo: 46 bytes from 54.197.223.49: icmp_seq=2728 ttl=43 time=923 ms
08-12 16:16:50.634 30878 31314 D cellinfo: 46 bytes from 54.197.223.49: icmp_seq=2729 ttl=43 time=725 ms
08-12 16:16:50.636 30878 31314 D cellinfo: 46 bytes from 54.197.223.49: icmp_seq=2730 ttl=43 time=526 ms
08-12 16:16:50.636 30878 31314 D cellinfo: 46 bytes from 54.197.223.49: icmp_seq=2731 ttl=43 time=317 ms
08-12 16:16:50.638 30878 31314 D cellinfo: 46 bytes from 54.197.223.49: icmp_seq=2732 ttl=43 time=118 ms
08-12 16:16:50.784 30878 31314 D cellinfo: 46 bytes from 54.197.223.49: icmp_seq=2733 ttl=43 time=61.4 ms
08-12 16:16:50.989 30878 31314 D cellinfo: 46 bytes from 54.197.223.49: icmp_seq=2734 ttl=43 time=64.1 ms
08-12 16:16:51.203 30878 31314 D cellinfo: 46 bytes from 54.197.223.49: icmp_seq=2735 ttl=43 time=77.0 ms
08-12 16:16:51.413 30878 31314 D cellinfo: 46 bytes from 54.197.223.49: icmp_seq=2736 ttl=43 time=86.1 ms
08-12 16:16:51.614 30878 31314 D cellinfo: 46 bytes from 54.197.223.49: icmp_seq=2737 ttl=43 time=84.8 ms
08-12 16:16:52.083 30878 30878 D cellinfo: getCurrentLocation() result: Location (success): 41.5968185, -93.7752469
08-12 16:16:52.084 30878 30878 D cellinfo: onCellInfoChanged: Operator: AT&T UpdateTimestamp: 343680757 CellConnectionStatus: 0
08-12 16:16:52.084 30878 30878 D cellinfo: onCellInfoChanged: LTE Cell Bands: [12] Bandwidth: 2147483647 Cell ID: 74758672 Physical Cell ID: 280 Tracking Area Code: 18436 EARFCN: 5145
08-12 16:16:52.085 30878 30878 D cellinfo: onsignalStrengthsChanged: LTE Signal Strength info: rsrp: -107 rsrq: -20 rssi: -73 rssnr: -6
08-12 16:16:52.085 30878 30878 D cellinfo: onsignalStrengthsChanged: LTE Signal Strength info: rsrp: -110 rsrq: -20 rssi: -71 rssnr: -6
08-12 16:16:52.085 30878 30878 D cellinfo: onServiceStateChanged: Channel Number: 875 Cell Bandwidths: []
08-12 16:16:52.085 30878 30878 D cellinfo: onCellInfoChanged: Operator: AT&T UpdateTimestamp: 343683082 CellConnectionStatus: 0
08-12 16:16:52.085 30878 30878 D cellinfo: onCellInfoChanged: LTE Cell Bands: [2] Bandwidth: 2147483647 Cell ID: 75934243 Physical Cell ID: 80 Tracking Area Code: 18436 EARFCN: 875
08-12 16:16:52.174 30878 31314 D cellinfo: 46 bytes from 54.197.223.49: icmp_seq=2738 ttl=43 time=444 ms
08-12 16:16:52.175 30878 31314 D cellinfo: 46 bytes from 54.197.223.49: icmp_seq=2739 ttl=43 time=235 ms
08-12 16:16:52.197 30878 31314 D cellinfo: 46 bytes from 54.197.223.49: icmp_seq=2740 ttl=43 time=57.6 ms
08-12 16:16:52.856 30878 31314 D cellinfo: 46 bytes from 54.197.223.49: icmp_seq=2741 ttl=43 time=514 ms
08-12 16:16:52.856 30878 31314 D cellinfo: 46 bytes from 54.197.223.49: icmp_seq=2742 ttl=43 time=303 ms
08-12 16:16:52.856 30878 31314 D cellinfo: 46 bytes from 54.197.223.49: icmp_seq=2743 ttl=43 time=102 ms
08-12 16:16:53.015 30878 30878 D cellinfo: Latitude is 41.5968185
08-12 16:16:53.015 30878 30878 D cellinfo: Longitude is -93.7752469
08-12 16:16:53.015 30878 30878 D cellinfo: Instantaneous GPS information: United States, I-80, West Des Moines, IA 50266, USA
08-12 16:16:53.015 30878 30878 D cellinfo: getCurrentLocation() result: Location (success): 41.5968185, -93.7752469
08-12 16:16:53.054 30878 31314 D cellinfo: 46 bytes from 54.197.223.49: icmp_seq=2744 ttl=43 time=99.4 ms
08-12 16:16:53.222 30878 31314 D cellinfo: 46 bytes from 54.197.223.49: icmp_seq=2745 ttl=43 time=67.2 ms
08-12 16:16:53.571 30878 31314 D cellinfo: 46 bytes from 54.197.223.49: icmp_seq=2746 ttl=43 time=214 ms
08-12 16:16:53.898 30878 31314 D cellinfo: 46 bytes from 54.197.223.49: icmp_seq=2747 ttl=43 time=340 ms
08-12 16:16:53.898 30878 31314 D cellinfo: 46 bytes from 54.197.223.49: icmp_seq=2748 ttl=43 time=138 ms
08-12 16:16:53.901 30878 30878 D cellinfo: Latitude is 41.5970174
08-12 16:16:53.901 30878 30878 D cellinfo: Longitude is -93.7754974
08-12 16:16:53.901 30878 30878 D cellinfo: Instantaneous GPS information: United States, I-80, West Des Moines, IA 50266, USA
08-12 16:16:53.901 30878 30878 D cellinfo: getCurrentLocation() result: Location (success): 41.5970174, -93.7754974
08-12 16:16:53.904 30878 30878 D cellinfo: onsignalStrengthsChanged: LTE Signal Strength info: rsrp: -112 rsrq: -20 rssi: -73 rssnr: -8
08-12 16:16:53.904 30878 30878 D cellinfo: onCellInfoChanged: Operator: AT&T UpdateTimestamp: 343685770 CellConnectionStatus: 0
