08-12 10:52:54.017 12222 12222 D cellinfo: onCellInfoChanged: LTE Cell Bands: [2] Bandwidth: 2147483647 Cell ID: 95045385 Physical Cell ID: 274 Tracking Area Code: 18688 EARFCN: 700
08-12 10:52:54.097 12222 12369 D cellinfo: 46 bytes from 54.197.223.49: icmp_seq=1232 ttl=43 time=84.3 ms
08-12 10:52:54.182 12222 12222 D cellinfo: onsignalStrengthsChanged: LTE Signal Strength info: rsrp: -105 rsrq: -12 rssi: -87 rssnr: 10
08-12 10:52:54.274 12222 12369 D cellinfo: 46 bytes from 54.197.223.49: icmp_seq=1233 ttl=43 time=60.8 ms
08-12 10:52:54.488 12222 12369 D cellinfo: 46 bytes from 54.197.223.49: icmp_seq=1234 ttl=43 time=73.2 ms
08-12 10:52:54.691 12222 12369 D cellinfo: 46 bytes from 54.197.223.49: icmp_seq=1235 ttl=43 time=75.4 ms
08-12 10:52:54.892 12222 12369 D cellinfo: 46 bytes from 54.197.223.49: icmp_seq=1236 ttl=43 time=75.5 ms
08-12 10:52:55.103 12222 12369 D cellinfo: 46 bytes from 54.197.223.49: icmp_seq=1237 ttl=43 time=85.8 ms
08-12 10:52:55.296 12222 12369 D cellinfo: 46 bytes from 54.197.223.49: icmp_seq=1238 ttl=43 time=77.4 ms
08-12 10:52:55.503 12222 12369 D cellinfo: 46 bytes from 54.197.223.49: icmp_seq=1239 ttl=43 time=84.2 ms
08-12 10:52:55.700 12222 12369 D cellinfo: 46 bytes from 54.197.223.49: icmp_seq=1240 ttl=43 time=80.3 ms
08-12 10:52:55.893 12222 12369 D cellinfo: 46 bytes from 54.197.223.49: icmp_seq=1241 ttl=43 time=72.0 ms
08-12 10:52:56.100 12222 12369 D cellinfo: 46 bytes from 54.197.223.49: icmp_seq=1242 ttl=43 time=80.4 ms
08-12 10:52:56.204 12222 12222 D cellinfo: onsignalStrengthsChanged: LTE Signal Strength info: rsrp: -107 rsrq: -12 rssi: -89 rssnr: 9
08-12 10:52:56.333 12222 12369 D cellinfo: 46 bytes from 54.197.223.49: icmp_seq=1243 ttl=43 time=111 ms
08-12 10:52:56.432 12222 12222 D cellinfo: onsignalStrengthsChanged: LTE Signal Strength info: rsrp: -108 rsrq: -12 rssi: -89 rssnr: 8
08-12 10:52:56.534 12222 12369 D cellinfo: 46 bytes from 54.197.223.49: icmp_seq=1244 ttl=43 time=111 ms
08-12 10:52:56.732 12222 12369 D cellinfo: 46 bytes from 54.197.223.49: icmp_seq=1245 ttl=43 time=109 ms
08-12 10:52:56.893 12222 12369 D cellinfo: 46 bytes from 54.197.223.49: icmp_seq=1246 ttl=43 time=69.1 ms
08-12 10:52:56.966 12222 12222 D cellinfo: Latitude is 41.2433795
08-12 10:52:56.966 12222 12222 D cellinfo: Longitude is -95.826252
08-12 10:52:56.966 12222 12222 D cellinfo: Instantaneous GPS information: United States, 1745 Madison Ave, Council Bluffs, IA 51503, USA
08-12 10:52:56.966 12222 12222 D cellinfo: getCurrentLocation() result: Location (success): 41.2433795, -95.826252
08-12 10:52:57.015 12222 12222 D cellinfo: onCellInfoChanged: Operator: AT&T UpdateTimestamp: 324249750 CellConnectionStatus: 0
08-12 10:52:57.015 12222 12222 D cellinfo: onCellInfoChanged: LTE Cell Bands: [2] Bandwidth: 2147483647 Cell ID: 95045385 Physical Cell ID: 274 Tracking Area Code: 18688 EARFCN: 700
08-12 10:52:57.092 12222 12369 D cellinfo: 46 bytes from 54.197.223.49: icmp_seq=1247 ttl=43 time=68.6 ms
08-12 10:52:57.372 12222 12369 D cellinfo: 46 bytes from 54.197.223.49: icmp_seq=1248 ttl=43 time=147 ms
08-12 10:52:57.573 12222 12369 D cellinfo: 46 bytes from 54.197.223.49: icmp_seq=1249 ttl=43 time=147 ms
08-12 10:52:57.733 12222 12369 D cellinfo: 46 bytes from 54.197.223.49: icmp_seq=1250 ttl=43 time=106 ms
08-12 10:52:57.932 12222 12369 D cellinfo: 46 bytes from 54.197.223.49: icmp_seq=1251 ttl=43 time=105 ms
08-12 10:52:58.132 12222 12369 D cellinfo: 46 bytes from 54.197.223.49: icmp_seq=1252 ttl=43 time=103 ms
08-12 10:52:58.332 12222 12369 D cellinfo: 46 bytes from 54.197.223.49: icmp_seq=1253 ttl=43 time=102 ms
08-12 10:52:58.532 12222 12369 D cellinfo: 46 bytes from 54.197.223.49: icmp_seq=1254 ttl=43 time=101 ms
08-12 10:52:58.654 12222 12222 D cellinfo: onsignalStrengthsChanged: LTE Signal Strength info: rsrp: -110 rsrq: -12 rssi: -83 rssnr: 8
08-12 10:52:58.732 12222 12369 D cellinfo: 46 bytes from 54.197.223.49: icmp_seq=1255 ttl=43 time=100 ms
08-12 10:52:58.932 12222 12369 D cellinfo: 46 bytes from 54.197.223.49: icmp_seq=1256 ttl=43 time=99.4 ms
08-12 10:52:59.132 12222 12369 D cellinfo: 46 bytes from 54.197.223.49: icmp_seq=1257 ttl=43 time=98.7 ms
08-12 10:52:59.211 12222 12222 D cellinfo: onsignalStrengthsChanged: LTE Signal Strength info: rsrp: -111 rsrq: -12 rssi: -89 rssnr: 7
08-12 10:52:59.332 12222 12369 D cellinfo: 46 bytes from 54.197.223.49: icmp_seq=1258 ttl=43 time=98.2 ms
08-12 10:52:59.532 12222 12369 D cellinfo: 46 bytes from 54.197.223.49: icmp_seq=1259 ttl=43 time=97.2 ms
08-12 10:52:59.733 12222 12369 D cellinfo: 46 bytes from 54.197.223.49: icmp_seq=1260 ttl=43 time=96.0 ms
08-12 10:52:59.935 12222 12369 D cellinfo: 46 bytes from 54.197.223.49: icmp_seq=1261 ttl=43 time=95.8 ms
08-12 10:52:59.964 12222 12222 D cellinfo: Latitude is 41.2433795
08-12 10:52:59.964 12222 12222 D cellinfo: Longitude is -95.826252
08-12 10:52:59.964 12222 12222 D cellinfo: Instantaneous GPS information: United States, 1745 Madison Ave, Council Bluffs, IA 51503, USA
08-12 10:52:59.964 12222 12222 D cellinfo: getCurrentLocation() result: Location (success): 41.2433795, -95.826252
08-12 10:53:00.014 12222 12222 D cellinfo: onCellInfoChanged: Operator: AT&T UpdateTimestamp: 324252744 CellConnectionStatus: 0
08-12 10:53:00.014 12222 12222 D cellinfo: onCellInfoChanged: LTE Cell Bands: [2] Bandwidth: 2147483647 Cell ID: 95045385 Physical Cell ID: 274 Tracking Area Code: 18688 EARFCN: 700
08-12 10:53:00.176 12222 12369 D cellinfo: 46 bytes from 54.197.223.49: icmp_seq=1262 ttl=43 time=135 ms
08-12 10:53:00.337 12222 12369 D cellinfo: 46 bytes from 54.197.223.49: icmp_seq=1263 ttl=43 time=93.1 ms
08-12 10:53:00.534 12222 12369 D cellinfo: 46 bytes from 54.197.223.49: icmp_seq=1264 ttl=43 time=87.8 ms
08-12 10:53:00.780 12222 12369 D cellinfo: 46 bytes from 54.197.223.49: icmp_seq=1265 ttl=43 time=134 ms
08-12 10:53:00.906 12222 12222 D cellinfo: onsignalStrengthsChanged: LTE Signal Strength info: rsrp: -113 rsrq: -12 rssi: -89 rssnr: 6
08-12 10:53:00.933 12222 12369 D cellinfo: 46 bytes from 54.197.223.49: icmp_seq=1266 ttl=43 time=85.2 ms
08-12 10:53:01.133 12222 12369 D cellinfo: 46 bytes from 54.197.223.49: icmp_seq=1267 ttl=43 time=84.4 ms
08-12 10:53:01.333 12222 12369 D cellinfo: 46 bytes from 54.197.223.49: icmp_seq=1268 ttl=43 time=83.4 ms
08-12 10:53:01.533 12222 12369 D cellinfo: 46 bytes from 54.197.223.49: icmp_seq=1269 ttl=43 time=83.0 ms
08-12 10:53:01.732 12222 12369 D cellinfo: 46 bytes from 54.197.223.49: icmp_seq=1270 ttl=43 time=82.0 ms
08-12 10:53:01.982 12222 12369 D cellinfo: 46 bytes from 54.197.223.49: icmp_seq=1271 ttl=43 time=129 ms
08-12 10:53:02.133 12222 12369 D cellinfo: 46 bytes from 54.197.223.49: icmp_seq=1272 ttl=43 time=81.4 ms
08-12 10:53:02.333 12222 12369 D cellinfo: 46 bytes from 54.197.223.49: icmp_seq=1273 ttl=43 time=80.8 ms
08-12 10:53:02.573 12222 12369 D cellinfo: 46 bytes from 54.197.223.49: icmp_seq=1274 ttl=43 time=119 ms
08-12 10:53:02.734 12222 12369 D cellinfo: 46 bytes from 54.197.223.49: icmp_seq=1275 ttl=43 time=79.8 ms
08-12 10:53:02.973 12222 12369 D cellinfo: 46 bytes from 54.197.223.49: icmp_seq=1276 ttl=43 time=117 ms
08-12 10:53:02.991 12222 12222 D cellinfo: onCellInfoChanged: Operator: AT&T UpdateTimestamp: 324255729 CellConnectionStatus: 0
08-12 10:53:02.991 12222 12222 D cellinfo: onCellInfoChanged: LTE Cell Bands: [2] Bandwidth: 2147483647 Cell ID: 95045385 Physical Cell ID: 274 Tracking Area Code: 18688 EARFCN: 700
08-12 10:53:03.214 12222 12369 D cellinfo: 46 bytes from 54.197.223.49: icmp_seq=1277 ttl=43 time=156 ms
08-12 10:53:03.373 12222 12369 D cellinfo: 46 bytes from 54.197.223.49: icmp_seq=1278 ttl=43 time=115 ms
08-12 10:53:03.573 12222 12369 D cellinfo: 46 bytes from 54.197.223.49: icmp_seq=1279 ttl=43 time=114 ms
08-12 10:53:03.773 12222 12369 D cellinfo: 46 bytes from 54.197.223.49: icmp_seq=1280 ttl=43 time=112 ms
08-12 10:53:03.975 12222 12369 D cellinfo: 46 bytes from 54.197.223.49: icmp_seq=1281 ttl=43 time=113 ms
08-12 10:53:04.174 12222 12369 D cellinfo: 46 bytes from 54.197.223.49: icmp_seq=1282 ttl=43 time=109 ms
08-12 10:53:04.340 12222 12369 D cellinfo: 46 bytes from 54.197.223.49: icmp_seq=1283 ttl=43 time=74.7 ms
08-12 10:53:04.542 12222 12369 D cellinfo: 46 bytes from 54.197.223.49: icmp_seq=1284 ttl=43 time=72.0 ms
08-12 10:53:04.750 12222 12369 D cellinfo: 46 bytes from 54.197.223.49: icmp_seq=1285 ttl=43 time=78.4 ms
08-12 10:53:04.976 12222 12369 D cellinfo: 46 bytes from 54.197.223.49: icmp_seq=1286 ttl=43 time=102 ms
08-12 10:53:05.029 12222 12222 D cellinfo: Latitude is 41.2444194
08-12 10:53:05.029 12222 12222 D cellinfo: Longitude is -95.8277177
08-12 10:53:05.029 12222 12222 D cellinfo: Instantaneous GPS information: United States, 301 Bennett Ave W, Council Bluffs, IA 51503, USA
08-12 10:53:05.029 12222 12222 D cellinfo: getCurrentLocation() result: Location (success): 41.2444194, -95.8277177
08-12 10:53:05.173 12222 12369 D cellinfo: 46 bytes from 54.197.223.49: icmp_seq=1287 ttl=43 time=100 ms
08-12 10:53:05.225 12222 12222 D cellinfo: onsignalStrengthsChanged: LTE Signal Strength info: rsrp: -116 rsrq: -12 rssi: -89 rssnr: 5
08-12 10:53:05.373 12222 12369 D cellinfo: 46 bytes from 54.197.223.49: icmp_seq=1288 ttl=43 time=99.8 ms
08-12 10:53:05.533 12222 12222 D cellinfo: onsignalStrengthsChanged: LTE Signal Strength info: rsrp: -112 rsrq: -12 rssi: -59 rssnr: 4
08-12 10:53:05.550 12222 12222 D cellinfo: onCellInfoChanged: Operator: AT&T UpdateTimestamp: 324258284 CellConnectionStatus: 0
08-12 10:53:05.550 12222 12222 D cellinfo: onCellInfoChanged: LTE Cell Bands: [12] Bandwidth: 2147483647 Cell ID: 94992143 Physical Cell ID: 264 Tracking Area Code: 18688 EARFCN: 5110
08-12 10:53:05.569 12222 12369 D cellinfo: 46 bytes from 54.197.223.49: icmp_seq=1289 ttl=43 time=93.6 ms
08-12 10:53:05.584 12222 12222 D cellinfo: onServiceStateChanged: Channel Number: 5110 Cell Bandwidths: []
08-12 10:53:05.768 12222 12369 D cellinfo: 46 bytes from 54.197.223.49: icmp_seq=1290 ttl=43 time=92.6 ms
08-12 10:53:05.957 12222 12222 D cellinfo: Latitude is 41.2444194
08-12 10:53:05.957 12222 12222 D cellinfo: Longitude is -95.8277177
08-12 10:53:05.957 12222 12222 D cellinfo: Instantaneous GPS information: United States, 301 Bennett Ave W, Council Bluffs, IA 51503, USA
08-12 10:53:05.957 12222 12222 D cellinfo: getCurrentLocation() result: Location (success): 41.2444194, -95.8277177
08-12 10:53:05.967 12222 12369 D cellinfo: 46 bytes from 54.197.223.49: icmp_seq=1291 ttl=43 time=91.7 ms
08-12 10:53:05.994 12222 12222 D cellinfo: onCellInfoChanged: Operator: AT&T UpdateTimestamp: 324258733 CellConnectionStatus: 0
08-12 10:53:05.994 12222 12222 D cellinfo: onCellInfoChanged: LTE Cell Bands: [12] Bandwidth: 2147483647 Cell ID: 94992143 Physical Cell ID: 264 Tracking Area Code: 18688 EARFCN: 5110
08-12 10:53:06.183 12222 12369 D cellinfo: 46 bytes from 54.197.223.49: icmp_seq=1292 ttl=43 time=105 ms
08-12 10:53:06.224 12222 12222 D cellinfo: onCellInfoChanged: Operator: AT&T UpdateTimestamp: 324258956 CellConnectionStatus: 0
08-12 10:53:06.224 12222 12222 D cellinfo: onCellInfoChanged: LTE Cell Bands: [30] Bandwidth: 2147483647 Cell ID: 94992277 Physical Cell ID: 294 Tracking Area Code: 18688 EARFCN: 9820
08-12 10:53:06.349 12222 12369 D cellinfo: 46 bytes from 54.197.223.49: icmp_seq=1293 ttl=43 time=70.4 ms
08-12 10:53:06.377 12222 12222 D cellinfo: onServiceStateChanged: Channel Number: 9820 Cell Bandwidths: []
08-12 10:53:06.547 12222 12369 D cellinfo: 46 bytes from 54.197.223.49: icmp_seq=1294 ttl=43 time=68.9 ms
08-12 10:53:06.736 12222 12369 D cellinfo: 46 bytes from 54.197.223.49: icmp_seq=1295 ttl=43 time=56.7 ms
08-12 10:53:06.946 12222 12369 D cellinfo: 46 bytes from 54.197.223.49: icmp_seq=1296 ttl=43 time=64.0 ms
08-12 10:53:07.146 12222 12369 D cellinfo: 46 bytes from 54.197.223.49: icmp_seq=1297 ttl=43 time=63.4 ms
08-12 10:53:07.346 12222 12369 D cellinfo: 46 bytes from 54.197.223.49: icmp_seq=1298 ttl=43 time=62.5 ms
08-12 10:53:07.546 12222 12369 D cellinfo: 46 bytes from 54.197.223.49: icmp_seq=1299 ttl=43 time=62.9 ms
08-12 10:53:07.623 12222 12222 D cellinfo: onsignalStrengthsChanged: LTE Signal Strength info: rsrp: -109 rsrq: -12 rssi: -65 rssnr: 4
08-12 10:53:07.756 12222 12369 D cellinfo: 46 bytes from 54.197.223.49: icmp_seq=1300 ttl=43 time=71.9 ms
08-12 10:53:07.946 12222 12369 D cellinfo: 46 bytes from 54.197.223.49: icmp_seq=1301 ttl=43 time=59.9 ms
08-12 10:53:08.147 12222 12369 D cellinfo: 46 bytes from 54.197.223.49: icmp_seq=1302 ttl=43 time=59.9 ms
08-12 10:53:08.220 12222 12222 D cellinfo: onsignalStrengthsChanged: LTE Signal Strength info: rsrp: -106 rsrq: -12 rssi: -63 rssnr: 4
08-12 10:53:08.371 12222 12369 D cellinfo: 46 bytes from 54.197.223.49: icmp_seq=1303 ttl=43 time=83.7 ms
08-12 10:53:08.556 12222 12369 D cellinfo: 46 bytes from 54.197.223.49: icmp_seq=1304 ttl=43 time=66.1 ms
08-12 10:53:08.614 12222 12222 D cellinfo: onCellInfoChanged: Operator: AT&T UpdateTimestamp: 324261346 CellConnectionStatus: 0
08-12 10:53:08.615 12222 12222 D cellinfo: onCellInfoChanged: LTE Cell Bands: [30] Bandwidth: 2147483647 Cell ID: 94992277 Physical Cell ID: 294 Tracking Area Code: 18688 EARFCN: 9820
08-12 10:53:08.758 12222 12369 D cellinfo: 46 bytes from 54.197.223.49: icmp_seq=1305 ttl=43 time=66.1 ms
08-12 10:53:08.956 12222 12369 D cellinfo: 46 bytes from 54.197.223.49: icmp_seq=1306 ttl=43 time=64.9 ms
08-12 10:53:08.958 12222 12222 D cellinfo: Latitude is 41.2444194
08-12 10:53:08.958 12222 12222 D cellinfo: Longitude is -95.8277177
08-12 10:53:08.958 12222 12222 D cellinfo: Instantaneous GPS information: United States, 301 Bennett Ave W, Council Bluffs, IA 51503, USA
08-12 10:53:08.958 12222 12222 D cellinfo: getCurrentLocation() result: Location (success): 41.2444194, -95.8277177
08-12 10:53:09.164 12222 12369 D cellinfo: 46 bytes from 54.197.223.49: icmp_seq=1307 ttl=43 time=71.1 ms
08-12 10:53:09.223 12222 12222 D cellinfo: onsignalStrengthsChanged: LTE Signal Strength info: rsrp: -103 rsrq: -12 rssi: -65 rssnr: 4
08-12 10:53:09.356 12222 12369 D cellinfo: 46 bytes from 54.197.223.49: icmp_seq=1308 ttl=43 time=62.1 ms
08-12 10:53:09.555 12222 12369 D cellinfo: 46 bytes from 54.197.223.49: icmp_seq=1309 ttl=43 time=59.4 ms
08-12 10:53:09.755 12222 12369 D cellinfo: 46 bytes from 54.197.223.49: icmp_seq=1310 ttl=43 time=58.7 ms
08-12 10:53:09.866 12222 12222 D cellinfo: onsignalStrengthsChanged: LTE Signal Strength info: rsrp: -100 rsrq: -12 rssi: -65 rssnr: 5
08-12 10:53:09.974 12222 12369 D cellinfo: 46 bytes from 54.197.223.49: icmp_seq=1311 ttl=43 time=75.3 ms
08-12 10:53:10.196 12222 12369 D cellinfo: 46 bytes from 54.197.223.49: icmp_seq=1312 ttl=43 time=95.6 ms
08-12 10:53:10.374 12222 12369 D cellinfo: 46 bytes from 54.197.223.49: icmp_seq=1313 ttl=43 time=73.2 ms
08-12 10:53:10.566 12222 12369 D cellinfo: 46 bytes from 54.197.223.49: icmp_seq=1314 ttl=43 time=64.3 ms
08-12 10:53:10.767 12222 12369 D cellinfo: 46 bytes from 54.197.223.49: icmp_seq=1315 ttl=43 time=64.9 ms
08-12 10:53:10.965 12222 12369 D cellinfo: 46 bytes from 54.197.223.49: icmp_seq=1316 ttl=43 time=62.6 ms
08-12 10:53:11.166 12222 12369 D cellinfo: 46 bytes from 54.197.223.49: icmp_seq=1317 ttl=43 time=61.6 ms
08-12 10:53:11.229 12222 12222 D cellinfo: onsignalStrengthsChanged: LTE Signal Strength info: rsrp: -97 rsrq: -12 rssi: -67 rssnr: 5
08-12 10:53:11.365 12222 12369 D cellinfo: 46 bytes from 54.197.223.49: icmp_seq=1318 ttl=43 time=60.2 ms
08-12 10:53:11.564 12222 12369 D cellinfo: 46 bytes from 54.197.223.49: icmp_seq=1319 ttl=43 time=58.6 ms
08-12 10:53:11.765 12222 12369 D cellinfo: 46 bytes from 54.197.223.49: icmp_seq=1320 ttl=43 time=59.3 ms
08-12 10:53:11.955 12222 12222 D cellinfo: Latitude is 41.2444194
08-12 10:53:11.955 12222 12222 D cellinfo: Longitude is -95.8277177
08-12 10:53:11.955 12222 12222 D cellinfo: Instantaneous GPS information: United States, 301 Bennett Ave W, Council Bluffs, IA 51503, USA
08-12 10:53:11.955 12222 12222 D cellinfo: getCurrentLocation() result: Location (success): 41.2444194, -95.8277177
08-12 10:53:11.975 12222 12369 D cellinfo: 46 bytes from 54.197.223.49: icmp_seq=1321 ttl=43 time=67.8 ms
08-12 10:53:12.010 12222 12222 D cellinfo: onCellInfoChanged: Operator: AT&T UpdateTimestamp: 324264744 CellConnectionStatus: 0
08-12 10:53:12.010 12222 12222 D cellinfo: onCellInfoChanged: LTE Cell Bands: [30] Bandwidth: 2147483647 Cell ID: 94992277 Physical Cell ID: 294 Tracking Area Code: 18688 EARFCN: 9820
08-12 10:53:12.101 12222 12222 D cellinfo: onsignalStrengthsChanged: LTE Signal Strength info: rsrp: -95 rsrq: -12 rssi: -65 rssnr: 6
08-12 10:53:12.175 12222 12369 D cellinfo: 46 bytes from 54.197.223.49: icmp_seq=1322 ttl=43 time=66.6 ms
08-12 10:53:12.376 12222 12369 D cellinfo: 46 bytes from 54.197.223.49: icmp_seq=1323 ttl=43 time=67.6 ms
08-12 10:53:12.566 12222 12369 D cellinfo: 46 bytes from 54.197.223.49: icmp_seq=1324 ttl=43 time=56.5 ms
08-12 10:53:12.775 12222 12369 D cellinfo: 46 bytes from 54.197.223.49: icmp_seq=1325 ttl=43 time=63.4 ms
08-12 10:53:12.964 12222 12369 D cellinfo: 46 bytes from 54.197.223.49: icmp_seq=1326 ttl=43 time=52.4 ms
08-12 10:53:13.176 12222 12369 D cellinfo: 46 bytes from 54.197.223.49: icmp_seq=1327 ttl=43 time=63.1 ms
08-12 10:53:13.378 12222 12369 D cellinfo: 46 bytes from 54.197.223.49: icmp_seq=1328 ttl=43 time=65.7 ms
08-12 10:53:13.574 12222 12369 D cellinfo: 46 bytes from 54.197.223.49: icmp_seq=1329 ttl=43 time=60.0 ms
08-12 10:53:13.776 12222 12369 D cellinfo: 46 bytes from 54.197.223.49: icmp_seq=1330 ttl=43 time=61.5 ms
08-12 10:53:13.977 12222 12369 D cellinfo: 46 bytes from 54.197.223.49: icmp_seq=1331 ttl=43 time=60.0 ms
08-12 10:53:14.176 12222 12369 D cellinfo: 46 bytes from 54.197.223.49: icmp_seq=1332 ttl=43 time=60.3 ms
08-12 10:53:14.225 12222 12222 D cellinfo: onsignalStrengthsChanged: LTE Signal Strength info: rsrp: -93 rsrq: -12 rssi: -71 rssnr: 7
08-12 10:53:14.376 12222 12369 D cellinfo: 46 bytes from 54.197.223.49: icmp_seq=1333 ttl=43 time=60.0 ms
08-12 10:53:14.583 12222 12369 D cellinfo: 46 bytes from 54.197.223.49: icmp_seq=1334 ttl=43 time=66.3 ms
08-12 10:53:14.776 12222 12369 D cellinfo: 46 bytes from 54.197.223.49: icmp_seq=1335 ttl=43 time=58.4 ms
08-12 10:53:14.986 12222 12369 D cellinfo: 46 bytes from 54.197.223.49: icmp_seq=1336 ttl=43 time=66.4 ms
08-12 10:53:15.022 12222 12222 D cellinfo: onCellInfoChanged: Operator: AT&T UpdateTimestamp: 324267756 CellConnectionStatus: 0
08-12 10:53:15.022 12222 12222 D cellinfo: onCellInfoChanged: LTE Cell Bands: [30] Bandwidth: 2147483647 Cell ID: 94992277 Physical Cell ID: 294 Tracking Area Code: 18688 EARFCN: 9820
08-12 10:53:15.185 12222 12369 D cellinfo: 46 bytes from 54.197.223.49: icmp_seq=1337 ttl=43 time=64.1 ms
08-12 10:53:15.385 12222 12369 D cellinfo: 46 bytes from 54.197.223.49: icmp_seq=1338 ttl=43 time=62.9 ms
08-12 10:53:15.587 12222 12369 D cellinfo: 46 bytes from 54.197.223.49: icmp_seq=1339 ttl=43 time=61.8 ms
08-12 10:53:15.787 12222 12369 D cellinfo: 46 bytes from 54.197.223.49: icmp_seq=1340 ttl=43 time=61.4 ms
08-12 10:53:15.994 12222 12369 D cellinfo: 46 bytes from 54.197.223.49: icmp_seq=1341 ttl=43 time=67.8 ms
08-12 10:53:16.197 12222 12369 D cellinfo: 46 bytes from 54.197.223.49: icmp_seq=1342 ttl=43 time=68.8 ms
08-12 10:53:16.397 12222 12369 D cellinfo: 46 bytes from 54.197.223.49: icmp_seq=1343 ttl=43 time=66.7 ms
08-12 10:53:16.575 12222 12222 D cellinfo: Latitude is 41.2447554
08-12 10:53:16.575 12222 12222 D cellinfo: Longitude is -95.827874
08-12 10:53:16.575 12222 12222 D cellinfo: Instantaneous GPS information: United States, 301 Bennett Ave, Council Bluffs, IA 51503, USA
08-12 10:53:16.575 12222 12222 D cellinfo: getCurrentLocation() result: Location (success): 41.2447554, -95.827874
08-12 10:53:16.592 12222 12222 D cellinfo: onsignalStrengthsChanged: LTE Signal Strength info: rsrp: -92 rsrq: -11 rssi: -69 rssnr: 9
08-12 10:53:16.595 12222 12369 D cellinfo: 46 bytes from 54.197.223.49: icmp_seq=1344 ttl=43 time=65.5 ms
08-12 10:53:16.796 12222 12369 D cellinfo: 46 bytes from 54.197.223.49: icmp_seq=1345 ttl=43 time=64.9 ms
08-12 10:53:17.005 12222 12369 D cellinfo: 46 bytes from 54.197.223.49: icmp_seq=1346 ttl=43 time=71.7 ms
08-12 10:53:17.196 12222 12369 D cellinfo: 46 bytes from 54.197.223.49: icmp_seq=1347 ttl=43 time=63.1 ms
08-12 10:53:17.227 12222 12222 D cellinfo: onsignalStrengthsChanged: LTE Signal Strength info: rsrp: -94 rsrq: -11 rssi: -63 rssnr: 10
08-12 10:53:17.396 12222 12369 D cellinfo: 46 bytes from 54.197.223.49: icmp_seq=1348 ttl=43 time=62.2 ms
08-12 10:53:17.597 12222 12369 D cellinfo: 46 bytes from 54.197.223.49: icmp_seq=1349 ttl=43 time=62.5 ms
08-12 10:53:17.797 12222 12369 D cellinfo: 46 bytes from 54.197.223.49: icmp_seq=1350 ttl=43 time=60.5 ms
08-12 10:53:17.967 12222 12222 D cellinfo: Latitude is 41.2447567
08-12 10:53:17.967 12222 12222 D cellinfo: Longitude is -95.8278739
08-12 10:53:17.967 12222 12222 D cellinfo: Instantaneous GPS information: United States, 301 Bennett Ave, Council Bluffs, IA 51503, USA
08-12 10:53:17.967 12222 12222 D cellinfo: getCurrentLocation() result: Location (success): 41.2447567, -95.8278739
08-12 10:53:17.995 12222 12369 D cellinfo: 46 bytes from 54.197.223.49: icmp_seq=1351 ttl=43 time=58.3 ms
08-12 10:53:18.016 12222 12222 D cellinfo: onCellInfoChanged: Operator: AT&T UpdateTimestamp: 324270753 CellConnectionStatus: 0
08-12 10:53:18.016 12222 12222 D cellinfo: onCellInfoChanged: LTE Cell Bands: [30] Bandwidth: 2147483647 Cell ID: 94992277 Physical Cell ID: 294 Tracking Area Code: 18688 EARFCN: 9820
08-12 10:53:18.207 12222 12369 D cellinfo: 46 bytes from 54.197.223.49: icmp_seq=1352 ttl=43 time=68.1 ms
08-12 10:53:18.413 12222 12369 D cellinfo: 46 bytes from 54.197.223.49: icmp_seq=1353 ttl=43 time=72.3 ms
08-12 10:53:18.607 12222 12369 D cellinfo: 46 bytes from 54.197.223.49: icmp_seq=1354 ttl=43 time=66.4 ms
08-12 10:53:18.804 12222 12369 D cellinfo: 46 bytes from 54.197.223.49: icmp_seq=1355 ttl=43 time=62.9 ms
08-12 10:53:19.004 12222 12369 D cellinfo: 46 bytes from 54.197.223.49: icmp_seq=1356 ttl=43 time=62.5 ms
08-12 10:53:19.214 12222 12369 D cellinfo: 46 bytes from 54.197.223.49: icmp_seq=1357 ttl=43 time=72.0 ms
08-12 10:53:19.405 12222 12369 D cellinfo: 46 bytes from 54.197.223.49: icmp_seq=1358 ttl=43 time=63.0 ms
08-12 10:53:19.613 12222 12369 D cellinfo: 46 bytes from 54.197.223.49: icmp_seq=1359 ttl=43 time=70.6 ms
08-12 10:53:19.804 12222 12369 D cellinfo: 46 bytes from 54.197.223.49: icmp_seq=1360 ttl=43 time=60.4 ms
08-12 10:53:20.005 12222 12369 D cellinfo: 46 bytes from 54.197.223.49: icmp_seq=1361 ttl=43 time=59.0 ms
08-12 10:53:20.206 12222 12369 D cellinfo: 46 bytes from 54.197.223.49: icmp_seq=1362 ttl=43 time=60.7 ms
08-12 10:53:20.439 12222 12369 D cellinfo: 46 bytes from 54.197.223.49: icmp_seq=1363 ttl=43 time=92.1 ms
08-12 10:53:20.607 12222 12369 D cellinfo: 46 bytes from 54.197.223.49: icmp_seq=1364 ttl=43 time=58.3 ms
08-12 10:53:20.815 12222 12369 D cellinfo: 46 bytes from 54.197.223.49: icmp_seq=1365 ttl=43 time=66.4 ms
08-12 10:53:20.962 12222 12222 D cellinfo: Latitude is 41.2447567
08-12 10:53:20.962 12222 12222 D cellinfo: Longitude is -95.8278739
08-12 10:53:20.962 12222 12222 D cellinfo: Instantaneous GPS information: United States, 301 Bennett Ave, Council Bluffs, IA 51503, USA
08-12 10:53:20.962 12222 12222 D cellinfo: getCurrentLocation() result: Location (success): 41.2447567, -95.8278739
08-12 10:53:20.992 12222 12222 D cellinfo: onCellInfoChanged: Operator: AT&T UpdateTimestamp: 324273731 CellConnectionStatus: 0
08-12 10:53:20.992 12222 12222 D cellinfo: onCellInfoChanged: LTE Cell Bands: [30] Bandwidth: 2147483647 Cell ID: 94992277 Physical Cell ID: 294 Tracking Area Code: 18688 EARFCN: 9820
08-12 10:53:21.016 12222 12369 D cellinfo: 46 bytes from 54.197.223.49: icmp_seq=1366 ttl=43 time=66.4 ms
08-12 10:53:21.058 12222 12222 D cellinfo: onsignalStrengthsChanged: LTE Signal Strength info: rsrp: -95 rsrq: -12 rssi: -67 rssnr: 10
08-12 10:53:21.215 12222 12369 D cellinfo: 46 bytes from 54.197.223.49: icmp_seq=1367 ttl=43 time=66.1 ms
08-12 10:53:21.415 12222 12369 D cellinfo: 46 bytes from 54.197.223.49: icmp_seq=1368 ttl=43 time=65.3 ms
08-12 10:53:21.616 12222 12369 D cellinfo: 46 bytes from 54.197.223.49: icmp_seq=1369 ttl=43 time=65.8 ms
08-12 10:53:21.814 12222 12369 D cellinfo: 46 bytes from 54.197.223.49: icmp_seq=1370 ttl=43 time=63.1 ms
08-12 10:53:22.014 12222 12369 D cellinfo: 46 bytes from 54.197.223.49: icmp_seq=1371 ttl=43 time=62.7 ms
08-12 10:53:22.215 12222 12369 D cellinfo: 46 bytes from 54.197.223.49: icmp_seq=1372 ttl=43 time=64.2 ms
08-12 10:53:22.415 12222 12369 D cellinfo: 46 bytes from 54.197.223.49: icmp_seq=1373 ttl=43 time=62.3 ms
08-12 10:53:22.616 12222 12369 D cellinfo: 46 bytes from 54.197.223.49: icmp_seq=1374 ttl=43 time=62.8 ms
08-12 10:53:22.815 12222 12369 D cellinfo: 46 bytes from 54.197.223.49: icmp_seq=1375 ttl=43 time=61.2 ms
08-12 10:53:23.015 12222 12369 D cellinfo: 46 bytes from 54.197.223.49: icmp_seq=1376 ttl=43 time=60.8 ms
08-12 10:53:23.216 12222 12369 D cellinfo: 46 bytes from 54.197.223.49: icmp_seq=1377 ttl=43 time=61.8 ms
08-12 10:53:23.415 12222 12369 D cellinfo: 46 bytes from 54.197.223.49: icmp_seq=1378 ttl=43 time=60.9 ms
08-12 10:53:23.616 12222 12369 D cellinfo: 46 bytes from 54.197.223.49: icmp_seq=1379 ttl=43 time=61.5 ms
08-12 10:53:23.817 12222 12369 D cellinfo: 46 bytes from 54.197.223.49: icmp_seq=1380 ttl=43 time=62.4 ms
08-12 10:53:23.961 12222 12222 D cellinfo: Latitude is 41.2447567
08-12 10:53:23.961 12222 12222 D cellinfo: Longitude is -95.8278739
08-12 10:53:23.962 12222 12222 D cellinfo: Instantaneous GPS information: United States, 301 Bennett Ave, Council Bluffs, IA 51503, USA
08-12 10:53:23.962 12222 12222 D cellinfo: getCurrentLocation() result: Location (success): 41.2447567, -95.8278739
08-12 10:53:24.002 12222 12222 D cellinfo: onCellInfoChanged: Operator: AT&T UpdateTimestamp: 324276741 CellConnectionStatus: 0
08-12 10:53:24.003 12222 12222 D cellinfo: onCellInfoChanged: LTE Cell Bands: [30] Bandwidth: 2147483647 Cell ID: 94992277 Physical Cell ID: 294 Tracking Area Code: 18688 EARFCN: 9820
08-12 10:53:24.023 12222 12369 D cellinfo: 46 bytes from 54.197.223.49: icmp_seq=1381 ttl=43 time=68.5 ms
08-12 10:53:24.215 12222 12369 D cellinfo: 46 bytes from 54.197.223.49: icmp_seq=1382 ttl=43 time=58.4 ms
08-12 10:53:24.428 12222 12369 D cellinfo: 46 bytes from 54.197.223.49: icmp_seq=1383 ttl=43 time=70.0 ms
08-12 10:53:24.627 12222 12369 D cellinfo: 46 bytes from 54.197.223.49: icmp_seq=1384 ttl=43 time=67.7 ms
08-12 10:53:24.826 12222 12369 D cellinfo: 46 bytes from 54.197.223.49: icmp_seq=1385 ttl=43 time=66.1 ms
08-12 10:53:25.036 12222 12369 D cellinfo: 46 bytes from 54.197.223.49: icmp_seq=1386 ttl=43 time=72.7 ms
08-12 10:53:25.227 12222 12369 D cellinfo: 46 bytes from 54.197.223.49: icmp_seq=1387 ttl=43 time=65.9 ms
08-12 10:53:25.425 12222 12369 D cellinfo: 46 bytes from 54.197.223.49: icmp_seq=1388 ttl=43 time=62.7 ms
08-12 10:53:25.626 12222 12369 D cellinfo: 46 bytes from 54.197.223.49: icmp_seq=1389 ttl=43 time=62.1 ms
08-12 10:53:25.826 12222 12369 D cellinfo: 46 bytes from 54.197.223.49: icmp_seq=1390 ttl=43 time=61.1 ms
08-12 10:53:26.026 12222 12369 D cellinfo: 46 bytes from 54.197.223.49: icmp_seq=1391 ttl=43 time=60.5 ms
08-12 10:53:26.225 12222 12369 D cellinfo: 46 bytes from 54.197.223.49: icmp_seq=1392 ttl=43 time=59.4 ms
08-12 10:53:26.242 12222 12222 D cellinfo: onsignalStrengthsChanged: LTE Signal Strength info: rsrp: -95 rsrq: -12 rssi: -65 rssnr: 9
08-12 10:53:26.426 12222 12369 D cellinfo: 46 bytes from 54.197.223.49: icmp_seq=1393 ttl=43 time=58.5 ms
08-12 10:53:26.637 12222 12369 D cellinfo: 46 bytes from 54.197.223.49: icmp_seq=1394 ttl=43 time=66.5 ms
08-12 10:53:26.838 12222 12369 D cellinfo: 46 bytes from 54.197.223.49: icmp_seq=1395 ttl=43 time=66.4 ms
08-12 10:53:26.984 12222 12222 D cellinfo: onCellInfoChanged: Operator: AT&T UpdateTimestamp: 324279720 CellConnectionStatus: 0
08-12 10:53:26.984 12222 12222 D cellinfo: onCellInfoChanged: LTE Cell Bands: [30] Bandwidth: 2147483647 Cell ID: 94992277 Physical Cell ID: 294 Tracking Area Code: 18688 EARFCN: 9820
08-12 10:53:27.043 12222 12369 D cellinfo: 46 bytes from 54.197.223.49: icmp_seq=1396 ttl=43 time=70.9 ms
08-12 10:53:27.237 12222 12369 D cellinfo: 46 bytes from 54.197.223.49: icmp_seq=1397 ttl=43 time=63.2 ms
08-12 10:53:27.437 12222 12369 D cellinfo: 46 bytes from 54.197.223.49: icmp_seq=1398 ttl=43 time=61.4 ms
08-12 10:53:27.644 12222 12369 D cellinfo: 46 bytes from 54.197.223.49: icmp_seq=1399 ttl=43 time=68.0 ms
08-12 10:53:27.843 12222 12369 D cellinfo: 46 bytes from 54.197.223.49: icmp_seq=1400 ttl=43 time=66.6 ms
08-12 10:53:28.037 12222 12369 D cellinfo: 46 bytes from 54.197.223.49: icmp_seq=1401 ttl=43 time=58.1 ms
08-12 10:53:28.246 12222 12369 D cellinfo: 46 bytes from 54.197.223.49: icmp_seq=1402 ttl=43 time=67.8 ms
08-12 10:53:28.266 12222 12222 D cellinfo: Latitude is 41.2447607
08-12 10:53:28.266 12222 12222 D cellinfo: Longitude is -95.8278721
08-12 10:53:28.266 12222 12222 D cellinfo: Instantaneous GPS information: United States, 301 Bennett Ave, Council Bluffs, IA 51503, USA
08-12 10:53:28.266 12222 12222 D cellinfo: getCurrentLocation() result: Location (success): 41.2447607, -95.8278721
08-12 10:53:28.446 12222 12369 D cellinfo: 46 bytes from 54.197.223.49: icmp_seq=1403 ttl=43 time=67.9 ms
08-12 10:53:28.661 12222 12369 D cellinfo: 46 bytes from 54.197.223.49: icmp_seq=1404 ttl=43 time=81.3 ms
08-12 10:53:28.844 12222 12369 D cellinfo: 46 bytes from 54.197.223.49: icmp_seq=1405 ttl=43 time=64.5 ms
08-12 10:53:29.046 12222 12369 D cellinfo: 46 bytes from 54.197.223.49: icmp_seq=1406 ttl=43 time=65.2 ms
08-12 10:53:29.245 12222 12369 D cellinfo: 46 bytes from 54.197.223.49: icmp_seq=1407 ttl=43 time=64.0 ms
08-12 10:53:29.445 12222 12369 D cellinfo: 46 bytes from 54.197.223.49: icmp_seq=1408 ttl=43 time=63.8 ms
08-12 10:53:29.645 12222 12369 D cellinfo: 46 bytes from 54.197.223.49: icmp_seq=1409 ttl=43 time=63.8 ms
08-12 10:53:29.853 12222 12369 D cellinfo: 46 bytes from 54.197.223.49: icmp_seq=1410 ttl=43 time=70.3 ms
08-12 10:53:29.961 12222 12222 D cellinfo: Latitude is 41.2447607
08-12 10:53:29.961 12222 12222 D cellinfo: Longitude is -95.8278721
08-12 10:53:29.961 12222 12222 D cellinfo: Instantaneous GPS information: United States, 301 Bennett Ave, Council Bluffs, IA 51503, USA
08-12 10:53:29.961 12222 12222 D cellinfo: getCurrentLocation() result: Location (success): 41.2447607, -95.8278721
08-12 10:53:30.023 12222 12222 D cellinfo: onCellInfoChanged: Operator: AT&T UpdateTimestamp: 324282759 CellConnectionStatus: 0
08-12 10:53:30.023 12222 12222 D cellinfo: onCellInfoChanged: LTE Cell Bands: [30] Bandwidth: 2147483647 Cell ID: 94992277 Physical Cell ID: 294 Tracking Area Code: 18688 EARFCN: 9820
08-12 10:53:30.038 12222 12222 D cellinfo: onsignalStrengthsChanged: LTE Signal Strength info: rsrp: -94 rsrq: -12 rssi: -67 rssnr: 9
08-12 10:53:30.044 12222 12369 D cellinfo: 46 bytes from 54.197.223.49: icmp_seq=1411 ttl=43 time=61.1 ms
08-12 10:53:30.244 12222 12369 D cellinfo: 46 bytes from 54.197.223.49: icmp_seq=1412 ttl=43 time=60.5 ms
08-12 10:53:30.447 12222 12369 D cellinfo: 46 bytes from 54.197.223.49: icmp_seq=1413 ttl=43 time=59.4 ms
08-12 10:53:30.656 12222 12369 D cellinfo: 46 bytes from 54.197.223.49: icmp_seq=1414 ttl=43 time=69.0 ms
08-12 10:53:30.863 12222 12369 D cellinfo: 46 bytes from 54.197.223.49: icmp_seq=1415 ttl=43 time=75.3 ms
08-12 10:53:31.055 12222 12369 D cellinfo: 46 bytes from 54.197.223.49: icmp_seq=1416 ttl=43 time=66.7 ms
08-12 10:53:31.254 12222 12369 D cellinfo: 46 bytes from 54.197.223.49: icmp_seq=1417 ttl=43 time=66.9 ms
08-12 10:53:31.456 12222 12369 D cellinfo: 46 bytes from 54.197.223.49: icmp_seq=1418 ttl=43 time=67.3 ms
08-12 10:53:31.655 12222 12369 D cellinfo: 46 bytes from 54.197.223.49: icmp_seq=1419 ttl=43 time=65.6 ms
08-12 10:53:31.855 12222 12369 D cellinfo: 46 bytes from 54.197.223.49: icmp_seq=1420 ttl=43 time=64.8 ms
08-12 10:53:32.055 12222 12369 D cellinfo: 46 bytes from 54.197.223.49: icmp_seq=1421 ttl=43 time=63.1 ms
08-12 10:53:32.232 12222 12222 D cellinfo: onsignalStrengthsChanged: LTE Signal Strength info: rsrp: -94 rsrq: -11 rssi: -65 rssnr: 8
08-12 10:53:32.262 12222 12369 D cellinfo: 46 bytes from 54.197.223.49: icmp_seq=1422 ttl=43 time=71.9 ms
08-12 10:53:32.455 12222 12369 D cellinfo: 46 bytes from 54.197.223.49: icmp_seq=1423 ttl=43 time=64.1 ms
08-12 10:53:32.658 12222 12369 D cellinfo: 46 bytes from 54.197.223.49: icmp_seq=1424 ttl=43 time=66.9 ms
08-12 10:53:32.854 12222 12369 D cellinfo: 46 bytes from 54.197.223.49: icmp_seq=1425 ttl=43 time=61.8 ms
08-12 10:53:32.962 12222 12222 D cellinfo: Latitude is 41.2447607
08-12 10:53:32.962 12222 12222 D cellinfo: Longitude is -95.8278721
08-12 10:53:32.962 12222 12222 D cellinfo: Instantaneous GPS information: United States, 301 Bennett Ave, Council Bluffs, IA 51503, USA
08-12 10:53:32.962 12222 12222 D cellinfo: getCurrentLocation() result: Location (success): 41.2447607, -95.8278721
08-12 10:53:33.024 12222 12222 D cellinfo: onCellInfoChanged: Operator: AT&T UpdateTimestamp: 324285752 CellConnectionStatus: 0
08-12 10:53:33.024 12222 12222 D cellinfo: onCellInfoChanged: LTE Cell Bands: [30] Bandwidth: 2147483647 Cell ID: 94992277 Physical Cell ID: 294 Tracking Area Code: 18688 EARFCN: 9820
08-12 10:53:33.055 12222 12369 D cellinfo: 46 bytes from 54.197.223.49: icmp_seq=1426 ttl=43 time=62.2 ms
08-12 10:53:33.255 12222 12369 D cellinfo: 46 bytes from 54.197.223.49: icmp_seq=1427 ttl=43 time=63.3 ms
08-12 10:53:33.456 12222 12369 D cellinfo: 46 bytes from 54.197.223.49: icmp_seq=1428 ttl=43 time=62.1 ms
08-12 10:53:33.655 12222 12369 D cellinfo: 46 bytes from 54.197.223.49: icmp_seq=1429 ttl=43 time=61.8 ms
08-12 10:53:33.856 12222 12369 D cellinfo: 46 bytes from 54.197.223.49: icmp_seq=1430 ttl=43 time=61.4 ms
08-12 10:53:34.055 12222 12369 D cellinfo: 46 bytes from 54.197.223.49: icmp_seq=1431 ttl=43 time=59.8 ms
08-12 10:53:34.254 12222 12369 D cellinfo: 46 bytes from 54.197.223.49: icmp_seq=1432 ttl=43 time=59.7 ms
08-12 10:53:34.463 12222 12369 D cellinfo: 46 bytes from 54.197.223.49: icmp_seq=1433 ttl=43 time=67.0 ms
08-12 10:53:34.654 12222 12369 D cellinfo: 46 bytes from 54.197.223.49: icmp_seq=1434 ttl=43 time=58.2 ms
08-12 10:53:34.869 12222 12369 D cellinfo: 46 bytes from 54.197.223.49: icmp_seq=1435 ttl=43 time=70.1 ms
08-12 10:53:35.065 12222 12369 D cellinfo: 46 bytes from 54.197.223.49: icmp_seq=1436 ttl=43 time=64.1 ms
08-12 10:53:35.266 12222 12369 D cellinfo: 46 bytes from 54.197.223.49: icmp_seq=1437 ttl=43 time=66.4 ms
08-12 10:53:35.473 12222 12369 D cellinfo: 46 bytes from 54.197.223.49: icmp_seq=1438 ttl=43 time=71.6 ms
08-12 10:53:35.666 12222 12369 D cellinfo: 46 bytes from 54.197.223.49: icmp_seq=1439 ttl=43 time=63.1 ms
08-12 10:53:35.875 12222 12369 D cellinfo: 46 bytes from 54.197.223.49: icmp_seq=1440 ttl=43 time=70.6 ms
08-12 10:53:35.961 12222 12222 D cellinfo: Latitude is 41.2447607
08-12 10:53:35.961 12222 12222 D cellinfo: Longitude is -95.8278721
08-12 10:53:35.961 12222 12222 D cellinfo: Instantaneous GPS information: United States, 301 Bennett Ave, Council Bluffs, IA 51503, USA
08-12 10:53:35.961 12222 12222 D cellinfo: getCurrentLocation() result: Location (success): 41.2447607, -95.8278721
08-12 10:53:36.023 12222 12222 D cellinfo: onCellInfoChanged: Operator: AT&T UpdateTimestamp: 324288758 CellConnectionStatus: 0
08-12 10:53:36.023 12222 12222 D cellinfo: onCellInfoChanged: LTE Cell Bands: [30] Bandwidth: 2147483647 Cell ID: 94992277 Physical Cell ID: 294 Tracking Area Code: 18688 EARFCN: 9820
08-12 10:53:36.067 12222 12369 D cellinfo: 46 bytes from 54.197.223.49: icmp_seq=1441 ttl=43 time=63.9 ms
08-12 10:53:36.266 12222 12369 D cellinfo: 46 bytes from 54.197.223.49: icmp_seq=1442 ttl=43 time=61.6 ms
08-12 10:53:36.473 12222 12369 D cellinfo: 46 bytes from 54.197.223.49: icmp_seq=1443 ttl=43 time=67.9 ms
08-12 10:53:36.665 12222 12369 D cellinfo: 46 bytes from 54.197.223.49: icmp_seq=1444 ttl=43 time=59.7 ms
08-12 10:53:36.757 12222 12222 D cellinfo: onsignalStrengthsChanged: LTE Signal Strength info: rsrp: -91 rsrq: -11 rssi: -67 rssnr: 8
08-12 10:53:36.874 12222 12369 D cellinfo: 46 bytes from 54.197.223.49: icmp_seq=1445 ttl=43 time=67.1 ms
08-12 10:53:37.073 12222 12369 D cellinfo: 46 bytes from 54.197.223.49: icmp_seq=1446 ttl=43 time=66.2 ms
08-12 10:53:37.284 12222 12369 D cellinfo: 46 bytes from 54.197.223.49: icmp_seq=1447 ttl=43 time=75.6 ms
08-12 10:53:37.492 12222 12369 D cellinfo: 46 bytes from 54.197.223.49: icmp_seq=1448 ttl=43 time=83.4 ms
08-12 10:53:37.678 12222 12369 D cellinfo: 46 bytes from 54.197.223.49: icmp_seq=1449 ttl=43 time=67.7 ms
08-12 10:53:37.877 12222 12369 D cellinfo: 46 bytes from 54.197.223.49: icmp_seq=1450 ttl=43 time=66.2 ms
08-12 10:53:38.082 12222 12369 D cellinfo: 46 bytes from 54.197.223.49: icmp_seq=1451 ttl=43 time=72.0 ms
08-12 10:53:38.275 12222 12369 D cellinfo: 46 bytes from 54.197.223.49: icmp_seq=1452 ttl=43 time=63.3 ms
08-12 10:53:38.475 12222 12369 D cellinfo: 46 bytes from 54.197.223.49: icmp_seq=1453 ttl=43 time=61.1 ms
08-12 10:53:38.677 12222 12369 D cellinfo: 46 bytes from 54.197.223.49: icmp_seq=1454 ttl=43 time=61.0 ms
08-12 10:53:38.914 12222 12369 D cellinfo: 46 bytes from 54.197.223.49: icmp_seq=1455 ttl=43 time=99.0 ms
08-12 10:53:38.994 12222 12222 D cellinfo: onsignalStrengthsChanged: LTE Signal Strength info: rsrp: -91 rsrq: -11 rssi: -63 rssnr: 6
08-12 10:53:39.011 12222 12222 D cellinfo: onCellInfoChanged: Operator: AT&T UpdateTimestamp: 324291746 CellConnectionStatus: 0
08-12 10:53:39.011 12222 12222 D cellinfo: onCellInfoChanged: LTE Cell Bands: [30] Bandwidth: 2147483647 Cell ID: 94992277 Physical Cell ID: 294 Tracking Area Code: 18688 EARFCN: 9820
08-12 10:53:39.083 12222 12369 D cellinfo: 46 bytes from 54.197.223.49: icmp_seq=1456 ttl=43 time=67.3 ms
08-12 10:53:39.276 12222 12369 D cellinfo: 46 bytes from 54.197.223.49: icmp_seq=1457 ttl=43 time=58.0 ms
08-12 10:53:39.477 12222 12369 D cellinfo: 46 bytes from 54.197.223.49: icmp_seq=1458 ttl=43 time=58.2 ms
08-12 10:53:39.686 12222 12369 D cellinfo: 46 bytes from 54.197.223.49: icmp_seq=1459 ttl=43 time=67.4 ms
08-12 10:53:39.894 12222 12369 D cellinfo: 46 bytes from 54.197.223.49: icmp_seq=1460 ttl=43 time=73.8 ms
08-12 10:53:40.084 12222 12369 D cellinfo: 46 bytes from 54.197.223.49: icmp_seq=1461 ttl=43 time=65.2 ms
08-12 10:53:40.294 12222 12369 D cellinfo: 46 bytes from 54.197.223.49: icmp_seq=1462 ttl=43 time=73.7 ms
08-12 10:53:40.476 12222 12369 D cellinfo: 46 bytes from 54.197.223.49: icmp_seq=1463 ttl=43 time=53.8 ms
08-12 10:53:40.689 12222 12369 D cellinfo: 46 bytes from 54.197.223.49: icmp_seq=1464 ttl=43 time=65.0 ms
08-12 10:53:40.785 12222 12222 D cellinfo: Latitude is 41.2451443
08-12 10:53:40.786 12222 12222 D cellinfo: Longitude is -95.8276363
08-12 10:53:40.786 12222 12222 D cellinfo: Instantaneous GPS information: United States, 1655 Madison Ave, Council Bluffs, IA 51503, USA
08-12 10:53:40.786 12222 12222 D cellinfo: getCurrentLocation() result: Location (success): 41.2451443, -95.8276363
08-12 10:53:40.893 12222 12369 D cellinfo: 46 bytes from 54.197.223.49: icmp_seq=1465 ttl=43 time=69.3 ms
08-12 10:53:41.086 12222 12369 D cellinfo: 46 bytes from 54.197.223.49: icmp_seq=1466 ttl=43 time=62.2 ms
08-12 10:53:41.236 12222 12222 D cellinfo: onsignalStrengthsChanged: LTE Signal Strength info: rsrp: -92 rsrq: -12 rssi: -73 rssnr: 4
08-12 10:53:41.315 12222 12369 D cellinfo: 46 bytes from 54.197.223.49: icmp_seq=1467 ttl=43 time=89.8 ms
08-12 10:53:41.484 12222 12369 D cellinfo: 46 bytes from 54.197.223.49: icmp_seq=1468 ttl=43 time=58.4 ms
08-12 10:53:41.685 12222 12369 D cellinfo: 46 bytes from 54.197.223.49: icmp_seq=1469 ttl=43 time=58.3 ms
08-12 10:53:41.902 12222 12369 D cellinfo: 46 bytes from 54.197.223.49: icmp_seq=1470 ttl=43 time=74.0 ms
08-12 10:53:41.963 12222 12222 D cellinfo: Latitude is 41.2451443
08-12 10:53:41.963 12222 12222 D cellinfo: Longitude is -95.8276363
08-12 10:53:41.963 12222 12222 D cellinfo: Instantaneous GPS information: United States, 1655 Madison Ave, Council Bluffs, IA 51503, USA
08-12 10:53:41.963 12222 12222 D cellinfo: getCurrentLocation() result: Location (success): 41.2451443, -95.8276363
08-12 10:53:42.102 12222 12369 D cellinfo: 46 bytes from 54.197.223.49: icmp_seq=1471 ttl=43 time=72.9 ms
08-12 10:53:42.123 12222 12222 D cellinfo: onCellInfoChanged: Operator: AT&T UpdateTimestamp: 324294851 CellConnectionStatus: 0
08-12 10:53:42.124 12222 12222 D cellinfo: onCellInfoChanged: LTE Cell Bands: [30] Bandwidth: 2147483647 Cell ID: 94992277 Physical Cell ID: 294 Tracking Area Code: 18688 EARFCN: 9820
08-12 10:53:42.297 12222 12369 D cellinfo: 46 bytes from 54.197.223.49: icmp_seq=1472 ttl=43 time=65.7 ms
08-12 10:53:42.511 12222 12369 D cellinfo: 46 bytes from 54.197.223.49: icmp_seq=1473 ttl=43 time=78.8 ms
08-12 10:53:42.695 12222 12369 D cellinfo: 46 bytes from 54.197.223.49: icmp_seq=1474 ttl=43 time=62.9 ms
08-12 10:53:42.897 12222 12369 D cellinfo: 46 bytes from 54.197.223.49: icmp_seq=1475 ttl=43 time=63.0 ms
08-12 10:53:43.096 12222 12369 D cellinfo: 46 bytes from 54.197.223.49: icmp_seq=1476 ttl=43 time=61.6 ms
08-12 10:53:43.303 12222 12369 D cellinfo: 46 bytes from 54.197.223.49: icmp_seq=1477 ttl=43 time=68.1 ms
08-12 10:53:43.478 12222 12222 D cellinfo: onsignalStrengthsChanged: LTE Signal Strength info: rsrp: -91 rsrq: -12 rssi: -67 rssnr: 5
08-12 10:53:43.496 12222 12369 D cellinfo: 46 bytes from 54.197.223.49: icmp_seq=1478 ttl=43 time=58.2 ms
08-12 10:53:43.707 12222 12369 D cellinfo: 46 bytes from 54.197.223.49: icmp_seq=1479 ttl=43 time=68.1 ms
08-12 10:53:43.905 12222 12369 D cellinfo: 46 bytes from 54.197.223.49: icmp_seq=1480 ttl=43 time=66.2 ms
08-12 10:53:44.114 12222 12369 D cellinfo: 46 bytes from 54.197.223.49: icmp_seq=1481 ttl=43 time=73.8 ms
08-12 10:53:44.315 12222 12369 D cellinfo: 46 bytes from 54.197.223.49: icmp_seq=1482 ttl=43 time=72.8 ms
08-12 10:53:44.536 12222 12369 D cellinfo: 46 bytes from 54.197.223.49: icmp_seq=1483 ttl=43 time=92.9 ms
08-12 10:53:44.707 12222 12369 D cellinfo: 46 bytes from 54.197.223.49: icmp_seq=1484 ttl=43 time=60.5 ms
08-12 10:53:44.906 12222 12369 D cellinfo: 46 bytes from 54.197.223.49: icmp_seq=1485 ttl=43 time=59.9 ms
08-12 10:53:44.965 12222 12222 D cellinfo: Latitude is 41.2451443
08-12 10:53:44.965 12222 12222 D cellinfo: Longitude is -95.8276363
08-12 10:53:44.965 12222 12222 D cellinfo: Instantaneous GPS information: United States, 1655 Madison Ave, Council Bluffs, IA 51503, USA
08-12 10:53:44.965 12222 12222 D cellinfo: getCurrentLocation() result: Location (success): 41.2451443, -95.8276363
08-12 10:53:45.014 12222 12222 D cellinfo: onCellInfoChanged: Operator: AT&T UpdateTimestamp: 324297750 CellConnectionStatus: 0
08-12 10:53:45.014 12222 12222 D cellinfo: onCellInfoChanged: LTE Cell Bands: [30] Bandwidth: 2147483647 Cell ID: 94992277 Physical Cell ID: 294 Tracking Area Code: 18688 EARFCN: 9820
08-12 10:53:45.113 12222 12369 D cellinfo: 46 bytes from 54.197.223.49: icmp_seq=1486 ttl=43 time=67.4 ms
08-12 10:53:45.305 12222 12369 D cellinfo: 46 bytes from 54.197.223.49: icmp_seq=1487 ttl=43 time=58.1 ms
08-12 10:53:45.515 12222 12369 D cellinfo: 46 bytes from 54.197.223.49: icmp_seq=1488 ttl=43 time=66.4 ms
08-12 10:53:45.715 12222 12369 D cellinfo: 46 bytes from 54.197.223.49: icmp_seq=1489 ttl=43 time=66.9 ms
08-12 10:53:45.915 12222 12369 D cellinfo: 46 bytes from 54.197.223.49: icmp_seq=1490 ttl=43 time=65.3 ms
08-12 10:53:46.114 12222 12369 D cellinfo: 46 bytes from 54.197.223.49: icmp_seq=1491 ttl=43 time=64.7 ms
08-12 10:53:46.314 12222 12369 D cellinfo: 46 bytes from 54.197.223.49: icmp_seq=1492 ttl=43 time=64.3 ms
08-12 10:53:46.514 12222 12369 D cellinfo: 46 bytes from 54.197.223.49: icmp_seq=1493 ttl=43 time=63.2 ms
08-12 10:53:46.734 12222 12369 D cellinfo: 46 bytes from 54.197.223.49: icmp_seq=1494 ttl=43 time=81.2 ms
08-12 10:53:46.915 12222 12369 D cellinfo: 46 bytes from 54.197.223.49: icmp_seq=1495 ttl=43 time=62.8 ms
08-12 10:53:47.115 12222 12369 D cellinfo: 46 bytes from 54.197.223.49: icmp_seq=1496 ttl=43 time=61.2 ms
08-12 10:53:47.324 12222 12369 D cellinfo: 46 bytes from 54.197.223.49: icmp_seq=1497 ttl=43 time=68.6 ms
08-12 10:53:47.514 12222 12369 D cellinfo: 46 bytes from 54.197.223.49: icmp_seq=1498 ttl=43 time=60.4 ms
08-12 10:53:47.716 12222 12369 D cellinfo: 46 bytes from 54.197.223.49: icmp_seq=1499 ttl=43 time=59.3 ms
08-12 10:53:47.915 12222 12369 D cellinfo: 46 bytes from 54.197.223.49: icmp_seq=1500 ttl=43 time=58.8 ms
08-12 10:53:47.960 12222 12222 D cellinfo: onsignalStrengthsChanged: LTE Signal Strength info: rsrp: -96 rsrq: -12 rssi: -63 rssnr: 3
08-12 10:53:47.980 12222 12222 D cellinfo: Latitude is 41.2451443
08-12 10:53:47.980 12222 12222 D cellinfo: Longitude is -95.8276363
08-12 10:53:47.980 12222 12222 D cellinfo: Instantaneous GPS information: United States, 1655 Madison Ave, Council Bluffs, IA 51503, USA
08-12 10:53:47.980 12222 12222 D cellinfo: getCurrentLocation() result: Location (success): 41.2451443, -95.8276363
08-12 10:53:48.021 12222 12222 D cellinfo: onCellInfoChanged: Operator: AT&T UpdateTimestamp: 324300752 CellConnectionStatus: 0
08-12 10:53:48.021 12222 12222 D cellinfo: onCellInfoChanged: LTE Cell Bands: [30] Bandwidth: 2147483647 Cell ID: 94992277 Physical Cell ID: 294 Tracking Area Code: 18688 EARFCN: 9820
08-12 10:53:48.126 12222 12369 D cellinfo: 46 bytes from 54.197.223.49: icmp_seq=1501 ttl=43 time=68.2 ms
08-12 10:53:48.326 12222 12369 D cellinfo: 46 bytes from 54.197.223.49: icmp_seq=1502 ttl=43 time=65.9 ms
08-12 10:53:48.525 12222 12369 D cellinfo: 46 bytes from 54.197.223.49: icmp_seq=1503 ttl=43 time=64.4 ms
08-12 10:53:48.726 12222 12369 D cellinfo: 46 bytes from 54.197.223.49: icmp_seq=1504 ttl=43 time=65.4 ms
08-12 10:53:48.927 12222 12369 D cellinfo: 46 bytes from 54.197.223.49: icmp_seq=1505 ttl=43 time=66.3 ms
08-12 10:53:49.126 12222 12369 D cellinfo: 46 bytes from 54.197.223.49: icmp_seq=1506 ttl=43 time=63.6 ms
08-12 10:53:49.324 12222 12369 D cellinfo: 46 bytes from 54.197.223.49: icmp_seq=1507 ttl=43 time=61.7 ms
08-12 10:53:49.525 12222 12369 D cellinfo: 46 bytes from 54.197.223.49: icmp_seq=1508 ttl=43 time=61.5 ms
08-12 10:53:49.725 12222 12369 D cellinfo: 46 bytes from 54.197.223.49: icmp_seq=1509 ttl=43 time=59.8 ms
08-12 10:53:49.925 12222 12369 D cellinfo: 46 bytes from 54.197.223.49: icmp_seq=1510 ttl=43 time=59.1 ms
08-12 10:53:50.126 12222 12369 D cellinfo: 46 bytes from 54.197.223.49: icmp_seq=1511 ttl=43 time=58.8 ms
08-12 10:53:50.336 12222 12369 D cellinfo: 46 bytes from 54.197.223.49: icmp_seq=1512 ttl=43 time=66.9 ms
08-12 10:53:50.537 12222 12369 D cellinfo: 46 bytes from 54.197.223.49: icmp_seq=1513 ttl=43 time=66.4 ms
08-12 10:53:50.737 12222 12369 D cellinfo: 46 bytes from 54.197.223.49: icmp_seq=1514 ttl=43 time=65.3 ms
08-12 10:53:50.937 12222 12369 D cellinfo: 46 bytes from 54.197.223.49: icmp_seq=1515 ttl=43 time=64.4 ms
08-12 10:53:51.007 12222 12222 D cellinfo: onCellInfoChanged: Operator: AT&T UpdateTimestamp: 324303743 CellConnectionStatus: 0
08-12 10:53:51.007 12222 12222 D cellinfo: onCellInfoChanged: LTE Cell Bands: [30] Bandwidth: 2147483647 Cell ID: 94992277 Physical Cell ID: 294 Tracking Area Code: 18688 EARFCN: 9820
08-12 10:53:51.137 12222 12369 D cellinfo: 46 bytes from 54.197.223.49: icmp_seq=1516 ttl=43 time=63.8 ms
08-12 10:53:51.337 12222 12369 D cellinfo: 46 bytes from 54.197.223.49: icmp_seq=1517 ttl=43 time=62.4 ms
08-12 10:53:51.534 12222 12369 D cellinfo: 46 bytes from 54.197.223.49: icmp_seq=1518 ttl=43 time=60.0 ms
08-12 10:53:51.736 12222 12369 D cellinfo: 46 bytes from 54.197.223.49: icmp_seq=1519 ttl=43 time=60.0 ms
08-12 10:53:51.943 12222 12369 D cellinfo: 46 bytes from 54.197.223.49: icmp_seq=1520 ttl=43 time=66.8 ms
08-12 10:53:52.144 12222 12369 D cellinfo: 46 bytes from 54.197.223.49: icmp_seq=1521 ttl=43 time=67.4 ms
08-12 10:53:52.345 12222 12369 D cellinfo: 46 bytes from 54.197.223.49: icmp_seq=1522 ttl=43 time=67.1 ms
08-12 10:53:52.547 12222 12369 D cellinfo: 46 bytes from 54.197.223.49: icmp_seq=1523 ttl=43 time=65.5 ms
08-12 10:53:52.755 12222 12369 D cellinfo: 46 bytes from 54.197.223.49: icmp_seq=1524 ttl=43 time=72.9 ms
08-12 10:53:52.788 12222 12222 D cellinfo: Latitude is 41.2472843
08-12 10:53:52.788 12222 12222 D cellinfo: Longitude is -95.8253992
08-12 10:53:52.788 12222 12222 D cellinfo: Instantaneous GPS information: United States, 238 Bennett Ave, Council Bluffs, IA 51503, USA
08-12 10:53:52.788 12222 12222 D cellinfo: getCurrentLocation() result: Location (success): 41.2472843, -95.8253992
08-12 10:53:52.946 12222 12369 D cellinfo: 46 bytes from 54.197.223.49: icmp_seq=1525 ttl=43 time=63.1 ms
08-12 10:53:53.145 12222 12369 D cellinfo: 46 bytes from 54.197.223.49: icmp_seq=1526 ttl=43 time=61.2 ms
08-12 10:53:53.269 12222 12222 D cellinfo: onsignalStrengthsChanged: LTE Signal Strength info: rsrp: -93 rsrq: -12 rssi: -57 rssnr: 6
08-12 10:53:53.354 12222 12369 D cellinfo: 46 bytes from 54.197.223.49: icmp_seq=1527 ttl=43 time=68.9 ms
08-12 10:53:53.554 12222 12369 D cellinfo: 46 bytes from 54.197.223.49: icmp_seq=1528 ttl=43 time=69.2 ms
08-12 10:53:53.754 12222 12369 D cellinfo: 46 bytes from 54.197.223.49: icmp_seq=1529 ttl=43 time=67.2 ms
08-12 10:53:53.956 12222 12369 D cellinfo: 46 bytes from 54.197.223.49: icmp_seq=1530 ttl=43 time=67.6 ms
08-12 10:53:53.983 12222 12222 D cellinfo: Latitude is 41.2472843
08-12 10:53:53.983 12222 12222 D cellinfo: Longitude is -95.8253992
08-12 10:53:53.983 12222 12222 D cellinfo: Instantaneous GPS information: United States, 238 Bennett Ave, Council Bluffs, IA 51503, USA
08-12 10:53:53.983 12222 12222 D cellinfo: getCurrentLocation() result: Location (success): 41.2472843, -95.8253992
