08-12 16:13:51.045 30878 30878 D cellinfo: onCellInfoChanged: LTE Cell Bands: [12] Bandwidth: 2147483647 Cell ID: 74758417 Physical Cell ID: 497 Tracking Area Code: 18436 EARFCN: 5145
08-12 16:13:51.062 30878 31314 D cellinfo: 46 bytes from 54.197.223.49: icmp_seq=1840 ttl=43 time=54.1 ms
08-12 16:13:51.262 30878 31314 D cellinfo: 46 bytes from 54.197.223.49: icmp_seq=1841 ttl=43 time=52.8 ms
08-12 16:13:51.281 30878 30878 D cellinfo: onsignalStrengthsChanged: LTE Signal Strength info: rsrp: -85 rsrq: -13 rssi: -51 rssnr: 2
08-12 16:13:51.476 30878 31314 D cellinfo: 46 bytes from 54.197.223.49: icmp_seq=1842 ttl=43 time=64.6 ms
08-12 16:13:51.683 30878 31314 D cellinfo: 46 bytes from 54.197.223.49: icmp_seq=1843 ttl=43 time=70.6 ms
08-12 16:13:51.875 30878 31314 D cellinfo: 46 bytes from 54.197.223.49: icmp_seq=1844 ttl=43 time=60.9 ms
08-12 16:13:52.075 30878 31314 D cellinfo: 46 bytes from 54.197.223.49: icmp_seq=1845 ttl=43 time=60.4 ms
08-12 16:13:52.633 30878 31314 D cellinfo: 46 bytes from 54.197.223.49: icmp_seq=1846 ttl=43 time=417 ms
08-12 16:13:52.633 30878 31314 D cellinfo: 46 bytes from 54.197.223.49: icmp_seq=1847 ttl=43 time=210 ms
08-12 16:13:52.683 30878 31314 D cellinfo: 46 bytes from 54.197.223.49: icmp_seq=1848 ttl=43 time=60.3 ms
08-12 16:13:52.883 30878 31314 D cellinfo: 46 bytes from 54.197.223.49: icmp_seq=1849 ttl=43 time=58.0 ms
08-12 16:13:53.083 30878 31314 D cellinfo: 46 bytes from 54.197.223.49: icmp_seq=1850 ttl=43 time=56.9 ms
08-12 16:13:53.283 30878 31314 D cellinfo: 46 bytes from 54.197.223.49: icmp_seq=1851 ttl=43 time=55.2 ms
08-12 16:13:53.510 30878 31314 D cellinfo: 46 bytes from 54.197.223.49: icmp_seq=1852 ttl=43 time=80.8 ms
08-12 16:13:53.695 30878 31314 D cellinfo: 46 bytes from 54.197.223.49: icmp_seq=1853 ttl=43 time=63.8 ms
08-12 16:13:53.893 30878 31314 D cellinfo: 46 bytes from 54.197.223.49: icmp_seq=1854 ttl=43 time=60.4 ms
08-12 16:13:53.972 30878 30878 D cellinfo: Latitude is 41.5874934
08-12 16:13:53.972 30878 30878 D cellinfo: Longitude is -93.8177128
08-12 16:13:53.972 30878 30878 D cellinfo: Instantaneous GPS information: United States, 7780 Office Plaza Dr S, West Des Moines, IA 50266, USA
08-12 16:13:53.972 30878 30878 D cellinfo: getCurrentLocation() result: Location (success): 41.5874934, -93.8177128
08-12 16:13:54.030 30878 30878 D cellinfo: onCellInfoChanged: Operator: AT&T UpdateTimestamp: 343506763 CellConnectionStatus: 0
08-12 16:13:54.030 30878 30878 D cellinfo: onCellInfoChanged: LTE Cell Bands: [12] Bandwidth: 2147483647 Cell ID: 74758417 Physical Cell ID: 497 Tracking Area Code: 18436 EARFCN: 5145
08-12 16:13:54.092 30878 31314 D cellinfo: 46 bytes from 54.197.223.49: icmp_seq=1855 ttl=43 time=58.1 ms
08-12 16:13:54.293 30878 31314 D cellinfo: 46 bytes from 54.197.223.49: icmp_seq=1856 ttl=43 time=58.1 ms
08-12 16:13:54.469 30878 30878 D cellinfo: onsignalStrengthsChanged: LTE Signal Strength info: rsrp: -79 rsrq: -12 rssi: -51 rssnr: 6
08-12 16:13:54.493 30878 31314 D cellinfo: 46 bytes from 54.197.223.49: icmp_seq=1857 ttl=43 time=58.2 ms
08-12 16:13:54.693 30878 31314 D cellinfo: 46 bytes from 54.197.223.49: icmp_seq=1858 ttl=43 time=56.7 ms
08-12 16:13:54.895 30878 31314 D cellinfo: 46 bytes from 54.197.223.49: icmp_seq=1859 ttl=43 time=57.1 ms
08-12 16:13:55.113 30878 31314 D cellinfo: 46 bytes from 54.197.223.49: icmp_seq=1860 ttl=43 time=74.0 ms
08-12 16:13:55.310 30878 31314 D cellinfo: 46 bytes from 54.197.223.49: icmp_seq=1861 ttl=43 time=70.2 ms
08-12 16:13:55.522 30878 31314 D cellinfo: 46 bytes from 54.197.223.49: icmp_seq=1862 ttl=43 time=79.6 ms
08-12 16:13:55.704 30878 31314 D cellinfo: 46 bytes from 54.197.223.49: icmp_seq=1863 ttl=43 time=59.6 ms
08-12 16:13:55.912 30878 31314 D cellinfo: 46 bytes from 54.197.223.49: icmp_seq=1864 ttl=43 time=69.1 ms
08-12 16:13:56.103 30878 31314 D cellinfo: 46 bytes from 54.197.223.49: icmp_seq=1865 ttl=43 time=58.4 ms
08-12 16:13:56.306 30878 31314 D cellinfo: 46 bytes from 54.197.223.49: icmp_seq=1866 ttl=43 time=59.7 ms
08-12 16:13:56.510 30878 31314 D cellinfo: 46 bytes from 54.197.223.49: icmp_seq=1867 ttl=43 time=64.3 ms
08-12 16:13:56.712 30878 31314 D cellinfo: 46 bytes from 54.197.223.49: icmp_seq=1868 ttl=43 time=63.4 ms
08-12 16:13:56.902 30878 31314 D cellinfo: 46 bytes from 54.197.223.49: icmp_seq=1869 ttl=43 time=53.4 ms
08-12 16:13:56.988 30878 30878 D cellinfo: Latitude is 41.5874934
08-12 16:13:56.988 30878 30878 D cellinfo: Longitude is -93.8177128
08-12 16:13:56.988 30878 30878 D cellinfo: Instantaneous GPS information: United States, 7780 Office Plaza Dr S, West Des Moines, IA 50266, USA
08-12 16:13:56.989 30878 30878 D cellinfo: getCurrentLocation() result: Location (success): 41.5874934, -93.8177128
08-12 16:13:57.031 30878 30878 D cellinfo: onCellInfoChanged: Operator: AT&T UpdateTimestamp: 343509766 CellConnectionStatus: 0
08-12 16:13:57.031 30878 30878 D cellinfo: onCellInfoChanged: LTE Cell Bands: [12] Bandwidth: 2147483647 Cell ID: 74758417 Physical Cell ID: 497 Tracking Area Code: 18436 EARFCN: 5145
08-12 16:13:57.106 30878 31314 D cellinfo: 46 bytes from 54.197.223.49: icmp_seq=1870 ttl=43 time=55.6 ms
08-12 16:13:57.312 30878 31314 D cellinfo: 46 bytes from 54.197.223.49: icmp_seq=1871 ttl=43 time=62.2 ms
08-12 16:13:57.473 30878 30878 D cellinfo: onsignalStrengthsChanged: LTE Signal Strength info: rsrp: -76 rsrq: -12 rssi: -51 rssnr: 9
08-12 16:13:57.513 30878 31314 D cellinfo: 46 bytes from 54.197.223.49: icmp_seq=1872 ttl=43 time=62.7 ms
08-12 16:13:57.719 30878 31314 D cellinfo: 46 bytes from 54.197.223.49: icmp_seq=1873 ttl=43 time=67.6 ms
08-12 16:13:57.931 30878 31314 D cellinfo: 46 bytes from 54.197.223.49: icmp_seq=1874 ttl=43 time=77.8 ms
08-12 16:13:57.985 30878 30878 D cellinfo: onsignalStrengthsChanged: LTE Signal Strength info: rsrp: -74 rsrq: -12 rssi: -51 rssnr: 10
08-12 16:13:58.140 30878 31314 D cellinfo: 46 bytes from 54.197.223.49: icmp_seq=1875 ttl=43 time=83.6 ms
08-12 16:13:58.324 30878 31314 D cellinfo: 46 bytes from 54.197.223.49: icmp_seq=1876 ttl=43 time=67.3 ms
08-12 16:13:58.514 30878 31314 D cellinfo: 46 bytes from 54.197.223.49: icmp_seq=1877 ttl=43 time=57.1 ms
08-12 16:13:58.715 30878 31314 D cellinfo: 46 bytes from 54.197.223.49: icmp_seq=1878 ttl=43 time=57.5 ms
08-12 16:13:58.913 30878 31314 D cellinfo: 46 bytes from 54.197.223.49: icmp_seq=1879 ttl=43 time=53.3 ms
08-12 16:13:59.123 30878 31314 D cellinfo: 46 bytes from 54.197.223.49: icmp_seq=1880 ttl=43 time=62.5 ms
08-12 16:13:59.324 30878 31314 D cellinfo: 46 bytes from 54.197.223.49: icmp_seq=1881 ttl=43 time=63.2 ms
08-12 16:13:59.525 30878 31314 D cellinfo: 46 bytes from 54.197.223.49: icmp_seq=1882 ttl=43 time=63.7 ms
08-12 16:13:59.731 30878 31314 D cellinfo: 46 bytes from 54.197.223.49: icmp_seq=1883 ttl=43 time=68.0 ms
08-12 16:13:59.923 30878 31314 D cellinfo: 46 bytes from 54.197.223.49: icmp_seq=1884 ttl=43 time=60.5 ms
08-12 16:14:00.019 30878 30878 D cellinfo: onCellInfoChanged: Operator: AT&T UpdateTimestamp: 343512754 CellConnectionStatus: 0
08-12 16:14:00.019 30878 30878 D cellinfo: onCellInfoChanged: LTE Cell Bands: [12] Bandwidth: 2147483647 Cell ID: 74758417 Physical Cell ID: 497 Tracking Area Code: 18436 EARFCN: 5145
08-12 16:14:00.131 30878 31314 D cellinfo: 46 bytes from 54.197.223.49: icmp_seq=1885 ttl=43 time=67.5 ms
08-12 16:14:00.328 30878 31314 D cellinfo: 46 bytes from 54.197.223.49: icmp_seq=1886 ttl=43 time=64.5 ms
08-12 16:14:00.473 30878 30878 D cellinfo: onsignalStrengthsChanged: LTE Signal Strength info: rsrp: -72 rsrq: -12 rssi: -51 rssnr: 13
08-12 16:14:00.522 30878 31314 D cellinfo: 46 bytes from 54.197.223.49: icmp_seq=1887 ttl=43 time=57.4 ms
08-12 16:14:00.724 30878 31314 D cellinfo: 46 bytes from 54.197.223.49: icmp_seq=1888 ttl=43 time=57.7 ms
08-12 16:14:00.933 30878 31314 D cellinfo: 46 bytes from 54.197.223.49: icmp_seq=1889 ttl=43 time=64.9 ms
08-12 16:14:01.122 30878 31314 D cellinfo: 46 bytes from 54.197.223.49: icmp_seq=1890 ttl=43 time=54.7 ms
08-12 16:14:01.327 30878 31314 D cellinfo: 46 bytes from 54.197.223.49: icmp_seq=1891 ttl=43 time=59.5 ms
08-12 16:14:01.523 30878 31314 D cellinfo: 46 bytes from 54.197.223.49: icmp_seq=1892 ttl=43 time=54.3 ms
08-12 16:14:01.733 30878 31314 D cellinfo: 46 bytes from 54.197.223.49: icmp_seq=1893 ttl=43 time=63.5 ms
08-12 16:14:02.005 30878 31314 D cellinfo: 46 bytes from 54.197.223.49: icmp_seq=1894 ttl=43 time=134 ms
08-12 16:14:02.142 30878 31314 D cellinfo: 46 bytes from 54.197.223.49: icmp_seq=1895 ttl=43 time=71.1 ms
08-12 16:14:02.351 30878 31314 D cellinfo: 46 bytes from 54.197.223.49: icmp_seq=1896 ttl=43 time=78.1 ms
08-12 16:14:02.537 30878 31314 D cellinfo: 46 bytes from 54.197.223.49: icmp_seq=1897 ttl=43 time=61.8 ms
08-12 16:14:02.586 30878 30878 D cellinfo: Latitude is 41.589761
08-12 16:14:02.587 30878 30878 D cellinfo: Longitude is -93.8134164
08-12 16:14:02.587 30878 30878 D cellinfo: Instantaneous GPS information: United States, 7655 Office Plaza Dr N, West Des Moines, IA 50266, USA
08-12 16:14:02.587 30878 30878 D cellinfo: getCurrentLocation() result: Location (success): 41.589761, -93.8134164
08-12 16:14:02.736 30878 31314 D cellinfo: 46 bytes from 54.197.223.49: icmp_seq=1898 ttl=43 time=61.7 ms
08-12 16:14:02.955 30878 31314 D cellinfo: 46 bytes from 54.197.223.49: icmp_seq=1899 ttl=43 time=79.6 ms
08-12 16:14:02.976 30878 30878 D cellinfo: Latitude is 41.589761
08-12 16:14:02.976 30878 30878 D cellinfo: Longitude is -93.8134164
08-12 16:14:02.976 30878 30878 D cellinfo: Instantaneous GPS information: United States, 7655 Office Plaza Dr N, West Des Moines, IA 50266, USA
08-12 16:14:02.976 30878 30878 D cellinfo: getCurrentLocation() result: Location (success): 41.589761, -93.8134164
08-12 16:14:03.028 30878 30878 D cellinfo: onCellInfoChanged: Operator: AT&T UpdateTimestamp: 343515764 CellConnectionStatus: 0
08-12 16:14:03.028 30878 30878 D cellinfo: onCellInfoChanged: LTE Cell Bands: [12] Bandwidth: 2147483647 Cell ID: 74758417 Physical Cell ID: 497 Tracking Area Code: 18436 EARFCN: 5145
08-12 16:14:03.159 30878 31314 D cellinfo: 46 bytes from 54.197.223.49: icmp_seq=1900 ttl=43 time=82.9 ms
08-12 16:14:03.338 30878 31314 D cellinfo: 46 bytes from 54.197.223.49: icmp_seq=1901 ttl=43 time=58.0 ms
08-12 16:14:03.472 30878 30878 D cellinfo: onsignalStrengthsChanged: LTE Signal Strength info: rsrp: -70 rsrq: -11 rssi: -51 rssnr: 15
08-12 16:14:03.537 30878 31314 D cellinfo: 46 bytes from 54.197.223.49: icmp_seq=1902 ttl=43 time=57.5 ms
08-12 16:14:03.743 30878 31314 D cellinfo: 46 bytes from 54.197.223.49: icmp_seq=1903 ttl=43 time=62.3 ms
08-12 16:14:03.952 30878 31314 D cellinfo: 46 bytes from 54.197.223.49: icmp_seq=1904 ttl=43 time=69.3 ms
08-12 16:14:04.150 30878 31314 D cellinfo: 46 bytes from 54.197.223.49: icmp_seq=1905 ttl=43 time=65.1 ms
08-12 16:14:04.345 30878 31314 D cellinfo: 46 bytes from 54.197.223.49: icmp_seq=1906 ttl=43 time=59.6 ms
08-12 16:14:04.544 30878 31314 D cellinfo: 46 bytes from 54.197.223.49: icmp_seq=1907 ttl=43 time=55.5 ms
08-12 16:14:04.744 30878 31314 D cellinfo: 46 bytes from 54.197.223.49: icmp_seq=1908 ttl=43 time=54.2 ms
08-12 16:14:04.956 30878 31314 D cellinfo: 46 bytes from 54.197.223.49: icmp_seq=1909 ttl=43 time=65.1 ms
08-12 16:14:05.155 30878 31314 D cellinfo: 46 bytes from 54.197.223.49: icmp_seq=1910 ttl=43 time=63.4 ms
08-12 16:14:05.353 30878 31314 D cellinfo: 46 bytes from 54.197.223.49: icmp_seq=1911 ttl=43 time=59.6 ms
08-12 16:14:05.565 30878 31314 D cellinfo: 46 bytes from 54.197.223.49: icmp_seq=1912 ttl=43 time=69.1 ms
08-12 16:14:05.753 30878 31314 D cellinfo: 46 bytes from 54.197.223.49: icmp_seq=1913 ttl=43 time=57.3 ms
08-12 16:14:05.969 30878 31314 D cellinfo: 46 bytes from 54.197.223.49: icmp_seq=1914 ttl=43 time=72.6 ms
08-12 16:14:05.992 30878 30878 D cellinfo: Latitude is 41.589761
08-12 16:14:05.992 30878 30878 D cellinfo: Longitude is -93.8134164
08-12 16:14:05.992 30878 30878 D cellinfo: Instantaneous GPS information: United States, 7655 Office Plaza Dr N, West Des Moines, IA 50266, USA
08-12 16:14:05.992 30878 30878 D cellinfo: getCurrentLocation() result: Location (success): 41.589761, -93.8134164
08-12 16:14:06.024 30878 30878 D cellinfo: onCellInfoChanged: Operator: AT&T UpdateTimestamp: 343518762 CellConnectionStatus: 0
08-12 16:14:06.024 30878 30878 D cellinfo: onCellInfoChanged: LTE Cell Bands: [12] Bandwidth: 2147483647 Cell ID: 74758417 Physical Cell ID: 497 Tracking Area Code: 18436 EARFCN: 5145
08-12 16:14:06.167 30878 31314 D cellinfo: 46 bytes from 54.197.223.49: icmp_seq=1915 ttl=43 time=68.0 ms
08-12 16:14:06.483 30878 30878 D cellinfo: onsignalStrengthsChanged: LTE Signal Strength info: rsrp: -69 rsrq: -11 rssi: -51 rssnr: 14
08-12 16:14:06.543 30878 31314 D cellinfo: 46 bytes from 54.197.223.49: icmp_seq=1916 ttl=43 time=243 ms
08-12 16:14:06.586 30878 31314 D cellinfo: 46 bytes from 54.197.223.49: icmp_seq=1917 ttl=43 time=83.0 ms
08-12 16:14:07.015 30878 31314 D cellinfo: 46 bytes from 54.197.223.49: icmp_seq=1918 ttl=43 time=310 ms
08-12 16:14:07.355 30878 31314 D cellinfo: 46 bytes from 54.197.223.49: icmp_seq=1919 ttl=43 time=451 ms
08-12 16:14:07.355 30878 31314 D cellinfo: 46 bytes from 54.197.223.49: icmp_seq=1920 ttl=43 time=252 ms
08-12 16:14:07.388 30878 31314 D cellinfo: 46 bytes from 54.197.223.49: icmp_seq=1921 ttl=43 time=83.6 ms
08-12 16:14:07.563 30878 31314 D cellinfo: 46 bytes from 54.197.223.49: icmp_seq=1922 ttl=43 time=56.7 ms
08-12 16:14:07.762 30878 31314 D cellinfo: 46 bytes from 54.197.223.49: icmp_seq=1923 ttl=43 time=55.9 ms
08-12 16:14:07.963 30878 31314 D cellinfo: 46 bytes from 54.197.223.49: icmp_seq=1924 ttl=43 time=55.6 ms
08-12 16:14:08.179 30878 31314 D cellinfo: 46 bytes from 54.197.223.49: icmp_seq=1925 ttl=43 time=71.1 ms
08-12 16:14:08.363 30878 31314 D cellinfo: 46 bytes from 54.197.223.49: icmp_seq=1926 ttl=43 time=54.5 ms
08-12 16:14:08.564 30878 31314 D cellinfo: 46 bytes from 54.197.223.49: icmp_seq=1927 ttl=43 time=54.9 ms
08-12 16:14:08.775 30878 31314 D cellinfo: 46 bytes from 54.197.223.49: icmp_seq=1928 ttl=43 time=65.6 ms
08-12 16:14:08.975 30878 31314 D cellinfo: 46 bytes from 54.197.223.49: icmp_seq=1929 ttl=43 time=63.2 ms
08-12 16:14:08.976 30878 30878 D cellinfo: Latitude is 41.589761
08-12 16:14:08.976 30878 30878 D cellinfo: Longitude is -93.8134164
08-12 16:14:08.976 30878 30878 D cellinfo: Instantaneous GPS information: United States, 7655 Office Plaza Dr N, West Des Moines, IA 50266, USA
08-12 16:14:08.976 30878 30878 D cellinfo: getCurrentLocation() result: Location (success): 41.589761, -93.8134164
08-12 16:14:09.039 30878 30878 D cellinfo: onCellInfoChanged: Operator: AT&T UpdateTimestamp: 343521777 CellConnectionStatus: 0
08-12 16:14:09.039 30878 30878 D cellinfo: onCellInfoChanged: LTE Cell Bands: [12] Bandwidth: 2147483647 Cell ID: 74758417 Physical Cell ID: 497 Tracking Area Code: 18436 EARFCN: 5145
08-12 16:14:09.181 30878 30878 D cellinfo: onsignalStrengthsChanged: LTE Signal Strength info: rsrp: -70 rsrq: -11 rssi: -51 rssnr: 11
08-12 16:14:09.205 30878 31314 D cellinfo: 46 bytes from 54.197.223.49: icmp_seq=1930 ttl=43 time=93.9 ms
08-12 16:14:09.382 30878 31314 D cellinfo: 46 bytes from 54.197.223.49: icmp_seq=1931 ttl=43 time=66.4 ms
08-12 16:14:09.482 30878 30878 D cellinfo: onsignalStrengthsChanged: LTE Signal Strength info: rsrp: -71 rsrq: -12 rssi: -57 rssnr: 8
08-12 16:14:09.607 30878 31314 D cellinfo: 46 bytes from 54.197.223.49: icmp_seq=1932 ttl=43 time=91.1 ms
08-12 16:14:09.781 30878 31314 D cellinfo: 46 bytes from 54.197.223.49: icmp_seq=1933 ttl=43 time=63.4 ms
08-12 16:14:10.006 30878 31314 D cellinfo: 46 bytes from 54.197.223.49: icmp_seq=1934 ttl=43 time=88.8 ms
08-12 16:14:10.315 30878 31314 D cellinfo: 46 bytes from 54.197.223.49: icmp_seq=1935 ttl=43 time=196 ms
08-12 16:14:10.384 30878 30878 D cellinfo: onCellInfoChanged: Operator: AT&T UpdateTimestamp: 343523116 CellConnectionStatus: 0
08-12 16:14:10.384 30878 30878 D cellinfo: onCellInfoChanged: LTE Cell Bands: [12] Bandwidth: 2147483647 Cell ID: 74758415 Physical Cell ID: 276 Tracking Area Code: 18436 EARFCN: 5145
08-12 16:14:10.396 30878 31314 D cellinfo: 46 bytes from 54.197.223.49: icmp_seq=1936 ttl=43 time=77.1 ms
08-12 16:14:10.418 30878 30878 D cellinfo: onServiceStateChanged: Channel Number: 5145 Cell Bandwidths: []
08-12 16:14:10.576 30878 31314 D cellinfo: 46 bytes from 54.197.223.49: icmp_seq=1937 ttl=43 time=57.6 ms
08-12 16:14:10.778 30878 31314 D cellinfo: 46 bytes from 54.197.223.49: icmp_seq=1938 ttl=43 time=57.2 ms
08-12 16:14:10.976 30878 31314 D cellinfo: 46 bytes from 54.197.223.49: icmp_seq=1939 ttl=43 time=54.6 ms
08-12 16:14:11.177 30878 31314 D cellinfo: 46 bytes from 54.197.223.49: icmp_seq=1940 ttl=43 time=55.2 ms
08-12 16:14:11.377 30878 31314 D cellinfo: 46 bytes from 54.197.223.49: icmp_seq=1941 ttl=43 time=53.8 ms
08-12 16:14:11.587 30878 31314 D cellinfo: 46 bytes from 54.197.223.49: icmp_seq=1942 ttl=43 time=64.2 ms
08-12 16:14:11.786 30878 31314 D cellinfo: 46 bytes from 54.197.223.49: icmp_seq=1943 ttl=43 time=61.0 ms
08-12 16:14:11.974 30878 30878 D cellinfo: Latitude is 41.589761
08-12 16:14:11.974 30878 30878 D cellinfo: Longitude is -93.8134164
08-12 16:14:11.974 30878 30878 D cellinfo: Instantaneous GPS information: United States, 7655 Office Plaza Dr N, West Des Moines, IA 50266, USA
08-12 16:14:11.974 30878 30878 D cellinfo: getCurrentLocation() result: Location (success): 41.589761, -93.8134164
08-12 16:14:11.986 30878 31314 D cellinfo: 46 bytes from 54.197.223.49: icmp_seq=1944 ttl=43 time=60.8 ms
08-12 16:14:12.026 30878 30878 D cellinfo: onCellInfoChanged: Operator: AT&T UpdateTimestamp: 343524761 CellConnectionStatus: 0
08-12 16:14:12.026 30878 30878 D cellinfo: onCellInfoChanged: LTE Cell Bands: [12] Bandwidth: 2147483647 Cell ID: 74758415 Physical Cell ID: 276 Tracking Area Code: 18436 EARFCN: 5145
08-12 16:14:12.187 30878 31314 D cellinfo: 46 bytes from 54.197.223.49: icmp_seq=1945 ttl=43 time=60.0 ms
08-12 16:14:12.386 30878 31314 D cellinfo: 46 bytes from 54.197.223.49: icmp_seq=1946 ttl=43 time=55.9 ms
08-12 16:14:12.587 30878 31314 D cellinfo: 46 bytes from 54.197.223.49: icmp_seq=1947 ttl=43 time=55.1 ms
08-12 16:14:12.785 30878 31314 D cellinfo: 46 bytes from 54.197.223.49: icmp_seq=1948 ttl=43 time=53.1 ms
08-12 16:14:12.987 30878 31314 D cellinfo: 46 bytes from 54.197.223.49: icmp_seq=1949 ttl=43 time=53.5 ms
08-12 16:14:13.197 30878 31314 D cellinfo: 46 bytes from 54.197.223.49: icmp_seq=1950 ttl=43 time=61.6 ms
08-12 16:14:13.397 30878 31314 D cellinfo: 46 bytes from 54.197.223.49: icmp_seq=1951 ttl=43 time=61.3 ms
08-12 16:14:13.597 30878 31314 D cellinfo: 46 bytes from 54.197.223.49: icmp_seq=1952 ttl=43 time=59.6 ms
08-12 16:14:13.796 30878 31314 D cellinfo: 46 bytes from 54.197.223.49: icmp_seq=1953 ttl=43 time=57.8 ms
08-12 16:14:13.997 30878 31314 D cellinfo: 46 bytes from 54.197.223.49: icmp_seq=1954 ttl=43 time=58.1 ms
08-12 16:14:14.197 30878 31314 D cellinfo: 46 bytes from 54.197.223.49: icmp_seq=1955 ttl=43 time=58.2 ms
08-12 16:14:14.396 30878 31314 D cellinfo: 46 bytes from 54.197.223.49: icmp_seq=1956 ttl=43 time=55.1 ms
08-12 16:14:14.597 30878 31314 D cellinfo: 46 bytes from 54.197.223.49: icmp_seq=1957 ttl=43 time=55.9 ms
08-12 16:14:14.797 30878 31314 D cellinfo: 46 bytes from 54.197.223.49: icmp_seq=1958 ttl=43 time=54.4 ms
08-12 16:14:15.007 30878 31314 D cellinfo: 46 bytes from 54.197.223.49: icmp_seq=1959 ttl=43 time=61.3 ms
08-12 16:14:15.012 30878 30878 D cellinfo: onCellInfoChanged: Operator: AT&T UpdateTimestamp: 343527746 CellConnectionStatus: 0
08-12 16:14:15.012 30878 30878 D cellinfo: onCellInfoChanged: LTE Cell Bands: [12] Bandwidth: 2147483647 Cell ID: 74758415 Physical Cell ID: 276 Tracking Area Code: 18436 EARFCN: 5145
08-12 16:14:15.208 30878 31314 D cellinfo: 46 bytes from 54.197.223.49: icmp_seq=1960 ttl=43 time=61.5 ms
08-12 16:14:15.414 30878 31314 D cellinfo: 46 bytes from 54.197.223.49: icmp_seq=1961 ttl=43 time=67.8 ms
08-12 16:14:15.616 30878 31314 D cellinfo: 46 bytes from 54.197.223.49: icmp_seq=1962 ttl=43 time=68.4 ms
08-12 16:14:15.815 30878 31314 D cellinfo: 46 bytes from 54.197.223.49: icmp_seq=1963 ttl=43 time=67.0 ms
08-12 16:14:16.007 30878 31314 D cellinfo: 46 bytes from 54.197.223.49: icmp_seq=1964 ttl=43 time=57.5 ms
08-12 16:14:16.208 30878 31314 D cellinfo: 46 bytes from 54.197.223.49: icmp_seq=1965 ttl=43 time=58.2 ms
08-12 16:14:16.406 30878 31314 D cellinfo: 46 bytes from 54.197.223.49: icmp_seq=1966 ttl=43 time=56.3 ms
08-12 16:14:16.607 30878 31314 D cellinfo: 46 bytes from 54.197.223.49: icmp_seq=1967 ttl=43 time=55.9 ms
08-12 16:14:16.809 30878 31314 D cellinfo: 46 bytes from 54.197.223.49: icmp_seq=1968 ttl=43 time=55.8 ms
08-12 16:14:17.023 30878 31314 D cellinfo: 46 bytes from 54.197.223.49: icmp_seq=1969 ttl=43 time=69.8 ms
08-12 16:14:17.212 30878 31314 D cellinfo: 46 bytes from 54.197.223.49: icmp_seq=1970 ttl=43 time=58.6 ms
08-12 16:14:17.425 30878 31314 D cellinfo: 46 bytes from 54.197.223.49: icmp_seq=1971 ttl=43 time=69.9 ms
08-12 16:14:17.585 30878 30878 D cellinfo: Latitude is 41.591749
08-12 16:14:17.585 30878 30878 D cellinfo: Longitude is -93.8086484
08-12 16:14:17.585 30878 30878 D cellinfo: Instantaneous GPS information: United States, I-80, West Des Moines, IA 50266, USA
08-12 16:14:17.585 30878 30878 D cellinfo: getCurrentLocation() result: Location (success): 41.591749, -93.8086484
08-12 16:14:17.606 30878 31314 D cellinfo: 46 bytes from 54.197.223.49: icmp_seq=1972 ttl=43 time=50.2 ms
08-12 16:14:17.817 30878 31314 D cellinfo: 46 bytes from 54.197.223.49: icmp_seq=1973 ttl=43 time=60.6 ms
08-12 16:14:17.971 30878 30878 D cellinfo: Latitude is 41.591749
08-12 16:14:17.971 30878 30878 D cellinfo: Longitude is -93.8086484
08-12 16:14:17.971 30878 30878 D cellinfo: Instantaneous GPS information: United States, I-80, West Des Moines, IA 50266, USA
08-12 16:14:17.971 30878 30878 D cellinfo: getCurrentLocation() result: Location (success): 41.591749, -93.8086484
08-12 16:14:18.015 30878 31314 D cellinfo: 46 bytes from 54.197.223.49: icmp_seq=1974 ttl=43 time=58.2 ms
08-12 16:14:18.028 30878 30878 D cellinfo: onCellInfoChanged: Operator: AT&T UpdateTimestamp: 343530753 CellConnectionStatus: 0
08-12 16:14:18.029 30878 30878 D cellinfo: onCellInfoChanged: LTE Cell Bands: [12] Bandwidth: 2147483647 Cell ID: 74758415 Physical Cell ID: 276 Tracking Area Code: 18436 EARFCN: 5145
08-12 16:14:18.147 30878 30878 D cellinfo: onsignalStrengthsChanged: LTE Signal Strength info: rsrp: -76 rsrq: -14 rssi: -55 rssnr: 6
08-12 16:14:18.216 30878 31314 D cellinfo: 46 bytes from 54.197.223.49: icmp_seq=1975 ttl=43 time=57.9 ms
08-12 16:14:18.416 30878 31314 D cellinfo: 46 bytes from 54.197.223.49: icmp_seq=1976 ttl=43 time=57.5 ms
08-12 16:14:18.615 30878 31314 D cellinfo: 46 bytes from 54.197.223.49: icmp_seq=1977 ttl=43 time=54.7 ms
08-12 16:14:18.816 30878 31314 D cellinfo: 46 bytes from 54.197.223.49: icmp_seq=1978 ttl=43 time=55.5 ms
08-12 16:14:19.025 30878 31314 D cellinfo: 46 bytes from 54.197.223.49: icmp_seq=1979 ttl=43 time=61.1 ms
08-12 16:14:19.216 30878 31314 D cellinfo: 46 bytes from 54.197.223.49: icmp_seq=1980 ttl=43 time=53.7 ms
08-12 16:14:19.417 30878 31314 D cellinfo: 46 bytes from 54.197.223.49: icmp_seq=1981 ttl=43 time=53.1 ms
08-12 16:14:19.627 30878 31314 D cellinfo: 46 bytes from 54.197.223.49: icmp_seq=1982 ttl=43 time=63.1 ms
08-12 16:14:19.826 30878 31314 D cellinfo: 46 bytes from 54.197.223.49: icmp_seq=1983 ttl=43 time=62.8 ms
08-12 16:14:20.028 30878 31314 D cellinfo: 46 bytes from 54.197.223.49: icmp_seq=1984 ttl=43 time=63.7 ms
08-12 16:14:20.225 30878 31314 D cellinfo: 46 bytes from 54.197.223.49: icmp_seq=1985 ttl=43 time=60.7 ms
08-12 16:14:20.426 30878 31314 D cellinfo: 46 bytes from 54.197.223.49: icmp_seq=1986 ttl=43 time=62.0 ms
08-12 16:14:20.625 30878 31314 D cellinfo: 46 bytes from 54.197.223.49: icmp_seq=1987 ttl=43 time=60.2 ms
08-12 16:14:20.826 30878 31314 D cellinfo: 46 bytes from 54.197.223.49: icmp_seq=1988 ttl=43 time=59.4 ms
08-12 16:14:20.984 30878 30878 D cellinfo: Latitude is 41.591749
08-12 16:14:20.984 30878 30878 D cellinfo: Longitude is -93.8086484
08-12 16:14:20.984 30878 30878 D cellinfo: Instantaneous GPS information: United States, I-80, West Des Moines, IA 50266, USA
08-12 16:14:20.984 30878 30878 D cellinfo: getCurrentLocation() result: Location (success): 41.591749, -93.8086484
08-12 16:14:21.026 30878 31314 D cellinfo: 46 bytes from 54.197.223.49: icmp_seq=1989 ttl=43 time=59.6 ms
08-12 16:14:21.040 30878 30878 D cellinfo: onCellInfoChanged: Operator: AT&T UpdateTimestamp: 343533764 CellConnectionStatus: 0
08-12 16:14:21.041 30878 30878 D cellinfo: onCellInfoChanged: LTE Cell Bands: [12] Bandwidth: 2147483647 Cell ID: 74758415 Physical Cell ID: 276 Tracking Area Code: 18436 EARFCN: 5145
08-12 16:14:21.228 30878 31314 D cellinfo: 46 bytes from 54.197.223.49: icmp_seq=1990 ttl=43 time=60.0 ms
08-12 16:14:21.433 30878 31314 D cellinfo: 46 bytes from 54.197.223.49: icmp_seq=1991 ttl=43 time=63.9 ms
08-12 16:14:21.634 30878 31314 D cellinfo: 46 bytes from 54.197.223.49: icmp_seq=1992 ttl=43 time=64.5 ms
08-12 16:14:21.826 30878 31314 D cellinfo: 46 bytes from 54.197.223.49: icmp_seq=1993 ttl=43 time=55.0 ms
08-12 16:14:22.027 30878 31314 D cellinfo: 46 bytes from 54.197.223.49: icmp_seq=1994 ttl=43 time=54.4 ms
08-12 16:14:22.237 30878 31314 D cellinfo: 46 bytes from 54.197.223.49: icmp_seq=1995 ttl=43 time=62.6 ms
08-12 16:14:22.439 30878 31314 D cellinfo: 46 bytes from 54.197.223.49: icmp_seq=1996 ttl=43 time=64.2 ms
08-12 16:14:22.627 30878 30878 D cellinfo: onsignalStrengthsChanged: LTE Signal Strength info: rsrp: -75 rsrq: -14 rssi: -53 rssnr: 10
08-12 16:14:22.643 30878 31314 D cellinfo: 46 bytes from 54.197.223.49: icmp_seq=1997 ttl=43 time=69.0 ms
08-12 16:14:22.837 30878 31314 D cellinfo: 46 bytes from 54.197.223.49: icmp_seq=1998 ttl=43 time=60.6 ms
08-12 16:14:23.037 30878 31314 D cellinfo: 46 bytes from 54.197.223.49: icmp_seq=1999 ttl=43 time=59.2 ms
08-12 16:14:23.236 30878 31314 D cellinfo: 46 bytes from 54.197.223.49: icmp_seq=2000 ttl=43 time=58.5 ms
08-12 16:14:23.437 30878 31314 D cellinfo: 46 bytes from 54.197.223.49: icmp_seq=2001 ttl=43 time=59.5 ms
08-12 16:14:23.637 30878 31314 D cellinfo: 46 bytes from 54.197.223.49: icmp_seq=2002 ttl=43 time=57.3 ms
08-12 16:14:23.836 30878 31314 D cellinfo: 46 bytes from 54.197.223.49: icmp_seq=2003 ttl=43 time=55.2 ms
08-12 16:14:23.993 30878 30878 D cellinfo: Latitude is 41.591749
08-12 16:14:23.993 30878 30878 D cellinfo: Longitude is -93.8086484
08-12 16:14:23.993 30878 30878 D cellinfo: Instantaneous GPS information: United States, I-80, West Des Moines, IA 50266, USA
08-12 16:14:23.993 30878 30878 D cellinfo: getCurrentLocation() result: Location (success): 41.591749, -93.8086484
08-12 16:14:24.035 30878 31314 D cellinfo: 46 bytes from 54.197.223.49: icmp_seq=2004 ttl=43 time=55.3 ms
08-12 16:14:24.070 30878 30878 D cellinfo: onCellInfoChanged: Operator: AT&T UpdateTimestamp: 343536804 CellConnectionStatus: 0
08-12 16:14:24.070 30878 30878 D cellinfo: onCellInfoChanged: LTE Cell Bands: [12] Bandwidth: 2147483647 Cell ID: 74758415 Physical Cell ID: 276 Tracking Area Code: 18436 EARFCN: 5145
08-12 16:14:24.237 30878 31314 D cellinfo: 46 bytes from 54.197.223.49: icmp_seq=2005 ttl=43 time=55.3 ms
08-12 16:14:24.444 30878 31314 D cellinfo: 46 bytes from 54.197.223.49: icmp_seq=2006 ttl=43 time=62.3 ms
08-12 16:14:24.637 30878 31314 D cellinfo: 46 bytes from 54.197.223.49: icmp_seq=2007 ttl=43 time=54.5 ms
08-12 16:14:24.845 30878 31314 D cellinfo: 46 bytes from 54.197.223.49: icmp_seq=2008 ttl=43 time=61.8 ms
08-12 16:14:25.044 30878 31314 D cellinfo: 46 bytes from 54.197.223.49: icmp_seq=2009 ttl=43 time=60.4 ms
08-12 16:14:25.247 30878 31314 D cellinfo: 46 bytes from 54.197.223.49: icmp_seq=2010 ttl=43 time=61.6 ms
08-12 16:14:25.444 30878 31314 D cellinfo: 46 bytes from 54.197.223.49: icmp_seq=2011 ttl=43 time=57.6 ms
08-12 16:14:25.647 30878 31314 D cellinfo: 46 bytes from 54.197.223.49: icmp_seq=2012 ttl=43 time=57.1 ms
08-12 16:14:25.846 30878 31314 D cellinfo: 46 bytes from 54.197.223.49: icmp_seq=2013 ttl=43 time=56.2 ms
08-12 16:14:26.047 30878 31314 D cellinfo: 46 bytes from 54.197.223.49: icmp_seq=2014 ttl=43 time=55.8 ms
08-12 16:14:26.246 30878 31314 D cellinfo: 46 bytes from 54.197.223.49: icmp_seq=2015 ttl=43 time=56.3 ms
08-12 16:14:26.446 30878 31314 D cellinfo: 46 bytes from 54.197.223.49: icmp_seq=2016 ttl=43 time=55.2 ms
08-12 16:14:26.646 30878 31314 D cellinfo: 46 bytes from 54.197.223.49: icmp_seq=2017 ttl=43 time=53.9 ms
08-12 16:14:26.856 30878 31314 D cellinfo: 46 bytes from 54.197.223.49: icmp_seq=2018 ttl=43 time=63.0 ms
08-12 16:14:26.973 30878 30878 D cellinfo: Latitude is 41.591749
08-12 16:14:26.973 30878 30878 D cellinfo: Longitude is -93.8086484
08-12 16:14:26.973 30878 30878 D cellinfo: Instantaneous GPS information: United States, I-80, West Des Moines, IA 50266, USA
08-12 16:14:26.973 30878 30878 D cellinfo: getCurrentLocation() result: Location (success): 41.591749, -93.8086484
08-12 16:14:27.020 30878 30878 D cellinfo: onCellInfoChanged: Operator: AT&T UpdateTimestamp: 343539758 CellConnectionStatus: 0
08-12 16:14:27.020 30878 30878 D cellinfo: onCellInfoChanged: LTE Cell Bands: [12] Bandwidth: 2147483647 Cell ID: 74758415 Physical Cell ID: 276 Tracking Area Code: 18436 EARFCN: 5145
08-12 16:14:27.056 30878 31314 D cellinfo: 46 bytes from 54.197.223.49: icmp_seq=2019 ttl=43 time=62.0 ms
08-12 16:14:27.256 30878 31314 D cellinfo: 46 bytes from 54.197.223.49: icmp_seq=2020 ttl=43 time=62.3 ms
08-12 16:14:27.457 30878 31314 D cellinfo: 46 bytes from 54.197.223.49: icmp_seq=2021 ttl=43 time=62.6 ms
08-12 16:14:27.655 30878 31314 D cellinfo: 46 bytes from 54.197.223.49: icmp_seq=2022 ttl=43 time=60.6 ms
08-12 16:14:27.858 30878 31314 D cellinfo: 46 bytes from 54.197.223.49: icmp_seq=2023 ttl=43 time=61.4 ms
08-12 16:14:28.057 30878 31314 D cellinfo: 46 bytes from 54.197.223.49: icmp_seq=2024 ttl=43 time=59.1 ms
08-12 16:14:28.255 30878 31314 D cellinfo: 46 bytes from 54.197.223.49: icmp_seq=2025 ttl=43 time=58.0 ms
08-12 16:14:28.456 30878 31314 D cellinfo: 46 bytes from 54.197.223.49: icmp_seq=2026 ttl=43 time=56.3 ms
08-12 16:14:28.656 30878 31314 D cellinfo: 46 bytes from 54.197.223.49: icmp_seq=2027 ttl=43 time=55.1 ms
08-12 16:14:28.855 30878 31314 D cellinfo: 46 bytes from 54.197.223.49: icmp_seq=2028 ttl=43 time=54.6 ms
08-12 16:14:29.057 30878 31314 D cellinfo: 46 bytes from 54.197.223.49: icmp_seq=2029 ttl=43 time=54.8 ms
08-12 16:14:29.257 30878 31314 D cellinfo: 46 bytes from 54.197.223.49: icmp_seq=2030 ttl=43 time=53.8 ms
08-12 16:14:29.467 30878 31314 D cellinfo: 46 bytes from 54.197.223.49: icmp_seq=2031 ttl=43 time=62.0 ms
08-12 16:14:29.666 30878 31314 D cellinfo: 46 bytes from 54.197.223.49: icmp_seq=2032 ttl=43 time=61.1 ms
08-12 16:14:29.874 30878 31314 D cellinfo: 46 bytes from 54.197.223.49: icmp_seq=2033 ttl=43 time=68.7 ms
08-12 16:14:30.012 30878 30878 D cellinfo: onCellInfoChanged: Operator: AT&T UpdateTimestamp: 343542749 CellConnectionStatus: 0
08-12 16:14:30.012 30878 30878 D cellinfo: onCellInfoChanged: LTE Cell Bands: [12] Bandwidth: 2147483647 Cell ID: 74758415 Physical Cell ID: 276 Tracking Area Code: 18436 EARFCN: 5145
08-12 16:14:30.081 30878 31314 D cellinfo: 46 bytes from 54.197.223.49: icmp_seq=2034 ttl=43 time=75.1 ms
08-12 16:14:30.267 30878 31314 D cellinfo: 46 bytes from 54.197.223.49: icmp_seq=2035 ttl=43 time=59.6 ms
08-12 16:14:30.476 30878 31314 D cellinfo: 46 bytes from 54.197.223.49: icmp_seq=2036 ttl=43 time=67.8 ms
08-12 16:14:30.699 30878 31314 D cellinfo: 46 bytes from 54.197.223.49: icmp_seq=2037 ttl=43 time=90.0 ms
08-12 16:14:30.867 30878 31314 D cellinfo: 46 bytes from 54.197.223.49: icmp_seq=2038 ttl=43 time=57.6 ms
08-12 16:14:31.067 30878 31314 D cellinfo: 46 bytes from 54.197.223.49: icmp_seq=2039 ttl=43 time=56.5 ms
08-12 16:14:31.267 30878 31314 D cellinfo: 46 bytes from 54.197.223.49: icmp_seq=2040 ttl=43 time=57.2 ms
08-12 16:14:31.466 30878 31314 D cellinfo: 46 bytes from 54.197.223.49: icmp_seq=2041 ttl=43 time=54.7 ms
08-12 16:14:31.684 30878 31314 D cellinfo: 46 bytes from 54.197.223.49: icmp_seq=2042 ttl=43 time=70.7 ms
08-12 16:14:31.878 30878 31314 D cellinfo: 46 bytes from 54.197.223.49: icmp_seq=2043 ttl=43 time=62.7 ms
08-12 16:14:32.075 30878 31314 D cellinfo: 46 bytes from 54.197.223.49: icmp_seq=2044 ttl=43 time=59.1 ms
08-12 16:14:32.277 30878 31314 D cellinfo: 46 bytes from 54.197.223.49: icmp_seq=2045 ttl=43 time=58.7 ms
08-12 16:14:32.477 30878 31314 D cellinfo: 46 bytes from 54.197.223.49: icmp_seq=2046 ttl=43 time=57.5 ms
08-12 16:14:32.586 30878 30878 D cellinfo: Latitude is 41.5921026
08-12 16:14:32.586 30878 30878 D cellinfo: Longitude is -93.8040303
08-12 16:14:32.586 30878 30878 D cellinfo: Instantaneous GPS information: United States, 7060 Lake Dr, West Des Moines, IA 50266, USA
08-12 16:14:32.586 30878 30878 D cellinfo: getCurrentLocation() result: Location (success): 41.5921026, -93.8040303
08-12 16:14:32.675 30878 31314 D cellinfo: 46 bytes from 54.197.223.49: icmp_seq=2047 ttl=43 time=56.1 ms
08-12 16:14:32.875 30878 31314 D cellinfo: 46 bytes from 54.197.223.49: icmp_seq=2048 ttl=43 time=55.1 ms
08-12 16:14:32.972 30878 30878 D cellinfo: Latitude is 41.5921026
08-12 16:14:32.972 30878 30878 D cellinfo: Longitude is -93.8040303
08-12 16:14:32.972 30878 30878 D cellinfo: Instantaneous GPS information: United States, 7060 Lake Dr, West Des Moines, IA 50266, USA
08-12 16:14:32.972 30878 30878 D cellinfo: getCurrentLocation() result: Location (success): 41.5921026, -93.8040303
08-12 16:14:33.025 30878 30878 D cellinfo: onCellInfoChanged: Operator: AT&T UpdateTimestamp: 343545756 CellConnectionStatus: 0
08-12 16:14:33.026 30878 30878 D cellinfo: onCellInfoChanged: LTE Cell Bands: [12] Bandwidth: 2147483647 Cell ID: 74758415 Physical Cell ID: 276 Tracking Area Code: 18436 EARFCN: 5145
08-12 16:14:33.076 30878 31314 D cellinfo: 46 bytes from 54.197.223.49: icmp_seq=2049 ttl=43 time=54.7 ms
08-12 16:14:33.276 30878 31314 D cellinfo: 46 bytes from 54.197.223.49: icmp_seq=2050 ttl=43 time=53.6 ms
08-12 16:14:33.476 30878 31314 D cellinfo: 46 bytes from 54.197.223.49: icmp_seq=2051 ttl=43 time=53.5 ms
08-12 16:14:33.686 30878 31314 D cellinfo: 46 bytes from 54.197.223.49: icmp_seq=2052 ttl=43 time=62.3 ms
08-12 16:14:33.849 30878 30878 D cellinfo: onsignalStrengthsChanged: LTE Signal Strength info: rsrp: -77 rsrq: -14 rssi: -51 rssnr: 7
08-12 16:14:33.886 30878 31314 D cellinfo: 46 bytes from 54.197.223.49: icmp_seq=2053 ttl=43 time=61.3 ms
08-12 16:14:34.086 30878 31314 D cellinfo: 46 bytes from 54.197.223.49: icmp_seq=2054 ttl=43 time=60.0 ms
08-12 16:14:34.287 30878 31314 D cellinfo: 46 bytes from 54.197.223.49: icmp_seq=2055 ttl=43 time=60.8 ms
08-12 16:14:34.486 30878 31314 D cellinfo: 46 bytes from 54.197.223.49: icmp_seq=2056 ttl=43 time=60.3 ms
08-12 16:14:34.687 30878 31314 D cellinfo: 46 bytes from 54.197.223.49: icmp_seq=2057 ttl=43 time=59.3 ms
08-12 16:14:34.885 30878 31314 D cellinfo: 46 bytes from 54.197.223.49: icmp_seq=2058 ttl=43 time=56.5 ms
08-12 16:14:35.089 30878 31314 D cellinfo: 46 bytes from 54.197.223.49: icmp_seq=2059 ttl=43 time=58.2 ms
08-12 16:14:35.286 30878 31314 D cellinfo: 46 bytes from 54.197.223.49: icmp_seq=2060 ttl=43 time=54.0 ms
08-12 16:14:35.495 30878 31314 D cellinfo: 46 bytes from 54.197.223.49: icmp_seq=2061 ttl=43 time=60.9 ms
08-12 16:14:35.713 30878 31314 D cellinfo: 46 bytes from 54.197.223.49: icmp_seq=2062 ttl=43 time=78.5 ms
08-12 16:14:35.897 30878 31314 D cellinfo: 46 bytes from 54.197.223.49: icmp_seq=2063 ttl=43 time=61.4 ms
08-12 16:14:35.976 30878 30878 D cellinfo: Latitude is 41.5921026
08-12 16:14:35.976 30878 30878 D cellinfo: Longitude is -93.8040303
08-12 16:14:35.976 30878 30878 D cellinfo: Instantaneous GPS information: United States, 7060 Lake Dr, West Des Moines, IA 50266, USA
08-12 16:14:35.976 30878 30878 D cellinfo: getCurrentLocation() result: Location (success): 41.5921026, -93.8040303
08-12 16:14:36.007 30878 30878 D cellinfo: onCellInfoChanged: Operator: AT&T UpdateTimestamp: 343548745 CellConnectionStatus: 0
08-12 16:14:36.007 30878 30878 D cellinfo: onCellInfoChanged: LTE Cell Bands: [12] Bandwidth: 2147483647 Cell ID: 74758415 Physical Cell ID: 276 Tracking Area Code: 18436 EARFCN: 5145
08-12 16:14:36.094 30878 31314 D cellinfo: 46 bytes from 54.197.223.49: icmp_seq=2064 ttl=43 time=59.6 ms
08-12 16:14:36.304 30878 31314 D cellinfo: 46 bytes from 54.197.223.49: icmp_seq=2065 ttl=43 time=68.5 ms
08-12 16:14:36.496 30878 31314 D cellinfo: 46 bytes from 54.197.223.49: icmp_seq=2066 ttl=43 time=60.0 ms
08-12 16:14:36.704 30878 31314 D cellinfo: 46 bytes from 54.197.223.49: icmp_seq=2067 ttl=43 time=66.7 ms
08-12 16:14:36.896 30878 31314 D cellinfo: 46 bytes from 54.197.223.49: icmp_seq=2068 ttl=43 time=59.2 ms
08-12 16:14:37.105 30878 31314 D cellinfo: 46 bytes from 54.197.223.49: icmp_seq=2069 ttl=43 time=66.2 ms
08-12 16:14:37.304 30878 31314 D cellinfo: 46 bytes from 54.197.223.49: icmp_seq=2070 ttl=43 time=63.9 ms
08-12 16:14:37.496 30878 31314 D cellinfo: 46 bytes from 54.197.223.49: icmp_seq=2071 ttl=43 time=54.8 ms
08-12 16:14:37.705 30878 31314 D cellinfo: 46 bytes from 54.197.223.49: icmp_seq=2072 ttl=43 time=61.1 ms
08-12 16:14:37.907 30878 31314 D cellinfo: 46 bytes from 54.197.223.49: icmp_seq=2073 ttl=43 time=61.5 ms
08-12 16:14:38.107 30878 31314 D cellinfo: 46 bytes from 54.197.223.49: icmp_seq=2074 ttl=43 time=60.8 ms
08-12 16:14:38.314 30878 31314 D cellinfo: 46 bytes from 54.197.223.49: icmp_seq=2075 ttl=43 time=68.8 ms
08-12 16:14:38.506 30878 31314 D cellinfo: 46 bytes from 54.197.223.49: icmp_seq=2076 ttl=43 time=59.7 ms
08-12 16:14:38.712 30878 31314 D cellinfo: 46 bytes from 54.197.223.49: icmp_seq=2077 ttl=43 time=66.4 ms
08-12 16:14:38.905 30878 31314 D cellinfo: 46 bytes from 54.197.223.49: icmp_seq=2078 ttl=43 time=56.8 ms
08-12 16:14:38.966 30878 30878 D cellinfo: Latitude is 41.5921026
08-12 16:14:38.966 30878 30878 D cellinfo: Longitude is -93.8040303
08-12 16:14:38.966 30878 30878 D cellinfo: Instantaneous GPS information: United States, 7060 Lake Dr, West Des Moines, IA 50266, USA
08-12 16:14:38.966 30878 30878 D cellinfo: getCurrentLocation() result: Location (success): 41.5921026, -93.8040303
08-12 16:14:39.014 30878 30878 D cellinfo: onCellInfoChanged: Operator: AT&T UpdateTimestamp: 343551751 CellConnectionStatus: 0
08-12 16:14:39.014 30878 30878 D cellinfo: onCellInfoChanged: LTE Cell Bands: [12] Bandwidth: 2147483647 Cell ID: 74758415 Physical Cell ID: 276 Tracking Area Code: 18436 EARFCN: 5145
08-12 16:14:39.114 30878 31314 D cellinfo: 46 bytes from 54.197.223.49: icmp_seq=2079 ttl=43 time=65.1 ms
08-12 16:14:39.306 30878 31314 D cellinfo: 46 bytes from 54.197.223.49: icmp_seq=2080 ttl=43 time=56.6 ms
08-12 16:14:39.508 30878 31314 D cellinfo: 46 bytes from 54.197.223.49: icmp_seq=2081 ttl=43 time=56.5 ms
08-12 16:14:39.568 30878 30878 D cellinfo: onsignalStrengthsChanged: LTE Signal Strength info: rsrp: -78 rsrq: -15 rssi: -53 rssnr: 4
08-12 16:14:39.707 30878 31314 D cellinfo: 46 bytes from 54.197.223.49: icmp_seq=2082 ttl=43 time=55.6 ms
08-12 16:14:39.951 30878 31314 D cellinfo: 46 bytes from 54.197.223.49: icmp_seq=2083 ttl=43 time=98.2 ms
08-12 16:14:40.130 30878 31314 D cellinfo: 46 bytes from 54.197.223.49: icmp_seq=2084 ttl=43 time=78.0 ms
08-12 16:14:40.351 30878 31314 D cellinfo: 46 bytes from 54.197.223.49: icmp_seq=2085 ttl=43 time=96.2 ms
08-12 16:14:40.514 30878 31314 D cellinfo: 46 bytes from 54.197.223.49: icmp_seq=2086 ttl=43 time=59.5 ms
08-12 16:14:40.833 30878 31314 D cellinfo: 46 bytes from 54.197.223.49: icmp_seq=2087 ttl=43 time=176 ms
08-12 16:14:40.991 30878 31314 D cellinfo: 46 bytes from 54.197.223.49: icmp_seq=2088 ttl=43 time=131 ms
08-12 16:14:41.269 30878 31314 D cellinfo: 46 bytes from 54.197.223.49: icmp_seq=2089 ttl=43 time=210 ms
08-12 16:14:41.354 30878 31314 D cellinfo: 46 bytes from 54.197.223.49: icmp_seq=2090 ttl=43 time=83.3 ms
08-12 16:14:41.394 30878 30878 D cellinfo: onCellInfoChanged: Operator: AT&T UpdateTimestamp: 343554127 CellConnectionStatus: 0
08-12 16:14:41.394 30878 30878 D cellinfo: onCellInfoChanged: LTE Cell Bands: [12] Bandwidth: 2147483647 Cell ID: 74782224 Physical Cell ID: 391 Tracking Area Code: 18436 EARFCN: 5145
08-12 16:14:41.431 30878 30878 D cellinfo: onServiceStateChanged: Channel Number: 5145 Cell Bandwidths: []
08-12 16:14:41.528 30878 31314 D cellinfo: 46 bytes from 54.197.223.49: icmp_seq=2091 ttl=43 time=57.7 ms
08-12 16:14:41.743 30878 31314 D cellinfo: 46 bytes from 54.197.223.49: icmp_seq=2092 ttl=43 time=71.4 ms
08-12 16:14:41.928 30878 31314 D cellinfo: 46 bytes from 54.197.223.49: icmp_seq=2093 ttl=43 time=56.3 ms
08-12 16:14:41.975 30878 30878 D cellinfo: Latitude is 41.5921026
08-12 16:14:41.975 30878 30878 D cellinfo: Longitude is -93.8040303
08-12 16:14:41.975 30878 30878 D cellinfo: Instantaneous GPS information: United States, 7060 Lake Dr, West Des Moines, IA 50266, USA
08-12 16:14:41.975 30878 30878 D cellinfo: getCurrentLocation() result: Location (success): 41.5921026, -93.8040303
08-12 16:14:42.018 30878 30878 D cellinfo: onCellInfoChanged: Operator: AT&T UpdateTimestamp: 343554754 CellConnectionStatus: 0
08-12 16:14:42.018 30878 30878 D cellinfo: onCellInfoChanged: LTE Cell Bands: [12] Bandwidth: 2147483647 Cell ID: 74782224 Physical Cell ID: 391 Tracking Area Code: 18436 EARFCN: 5145
08-12 16:14:42.131 30878 31314 D cellinfo: 46 bytes from 54.197.223.49: icmp_seq=2094 ttl=43 time=57.1 ms
08-12 16:14:42.330 30878 31314 D cellinfo: 46 bytes from 54.197.223.49: icmp_seq=2095 ttl=43 time=56.7 ms
08-12 16:14:42.530 30878 31314 D cellinfo: 46 bytes from 54.197.223.49: icmp_seq=2096 ttl=43 time=54.7 ms
08-12 16:14:42.566 30878 30878 D cellinfo: onsignalStrengthsChanged: LTE Signal Strength info: rsrp: -78 rsrq: -15 rssi: -51 rssnr: 1
08-12 16:14:42.747 30878 31314 D cellinfo: 46 bytes from 54.197.223.49: icmp_seq=2097 ttl=43 time=72.7 ms
08-12 16:14:42.939 30878 31314 D cellinfo: 46 bytes from 54.197.223.49: icmp_seq=2098 ttl=43 time=64.1 ms
08-12 16:14:43.139 30878 31314 D cellinfo: 46 bytes from 54.197.223.49: icmp_seq=2099 ttl=43 time=63.3 ms
08-12 16:14:43.339 30878 31314 D cellinfo: 46 bytes from 54.197.223.49: icmp_seq=2100 ttl=43 time=61.4 ms
08-12 16:14:43.538 30878 31314 D cellinfo: 46 bytes from 54.197.223.49: icmp_seq=2101 ttl=43 time=61.0 ms
08-12 16:14:43.749 30878 31314 D cellinfo: 46 bytes from 54.197.223.49: icmp_seq=2102 ttl=43 time=69.1 ms
08-12 16:14:43.950 30878 31314 D cellinfo: 46 bytes from 54.197.223.49: icmp_seq=2103 ttl=43 time=69.4 ms
08-12 16:14:44.140 30878 31314 D cellinfo: 46 bytes from 54.197.223.49: icmp_seq=2104 ttl=43 time=59.8 ms
08-12 16:14:44.340 30878 31314 D cellinfo: 46 bytes from 54.197.223.49: icmp_seq=2105 ttl=43 time=58.6 ms
08-12 16:14:44.466 30878 30878 D cellinfo: onCellInfoChanged: Operator: AT&T UpdateTimestamp: 343557197 CellConnectionStatus: 0
08-12 16:14:44.466 30878 30878 D cellinfo: onCellInfoChanged: LTE Cell Bands: [12] Bandwidth: 2147483647 Cell ID: 74782224 Physical Cell ID: 391 Tracking Area Code: 18436 EARFCN: 5145
08-12 16:14:44.539 30878 31314 D cellinfo: 46 bytes from 54.197.223.49: icmp_seq=2106 ttl=43 time=57.4 ms
08-12 16:14:44.982 30878 31314 D cellinfo: 46 bytes from 54.197.223.49: icmp_seq=2107 ttl=43 time=299 ms
08-12 16:14:44.982 30878 31314 D cellinfo: 46 bytes from 54.197.223.49: icmp_seq=2108 ttl=43 time=98.1 ms
08-12 16:14:45.141 30878 31314 D cellinfo: 46 bytes from 54.197.223.49: icmp_seq=2109 ttl=43 time=57.3 ms
08-12 16:14:45.356 30878 31314 D cellinfo: 46 bytes from 54.197.223.49: icmp_seq=2110 ttl=43 time=72.2 ms
08-12 16:14:45.544 30878 31314 D cellinfo: 46 bytes from 54.197.223.49: icmp_seq=2111 ttl=43 time=58.1 ms
08-12 16:14:45.828 30878 31314 D cellinfo: 46 bytes from 54.197.223.49: icmp_seq=2112 ttl=43 time=140 ms
08-12 16:14:45.984 30878 31314 D cellinfo: 46 bytes from 54.197.223.49: icmp_seq=2113 ttl=43 time=95.2 ms
08-12 16:14:46.184 30878 31314 D cellinfo: 46 bytes from 54.197.223.49: icmp_seq=2114 ttl=43 time=94.2 ms
08-12 16:14:46.384 30878 31314 D cellinfo: 46 bytes from 54.197.223.49: icmp_seq=2115 ttl=43 time=93.6 ms
08-12 16:14:46.583 30878 31314 D cellinfo: 46 bytes from 54.197.223.49: icmp_seq=2116 ttl=43 time=92.3 ms
08-12 16:14:46.784 30878 31314 D cellinfo: 46 bytes from 54.197.223.49: icmp_seq=2117 ttl=43 time=91.3 ms
08-12 16:14:46.984 30878 31314 D cellinfo: 46 bytes from 54.197.223.49: icmp_seq=2118 ttl=43 time=90.7 ms
08-12 16:14:47.464 30878 31314 D cellinfo: 46 bytes from 54.197.223.49: icmp_seq=2119 ttl=43 time=369 ms
08-12 16:14:47.503 30878 31314 D cellinfo: 46 bytes from 54.197.223.49: icmp_seq=2120 ttl=43 time=201 ms
08-12 16:14:47.563 30878 31314 D cellinfo: 46 bytes from 54.197.223.49: icmp_seq=2121 ttl=43 time=59.3 ms
08-12 16:14:47.825 30878 31314 D cellinfo: 46 bytes from 54.197.223.49: icmp_seq=2122 ttl=43 time=119 ms
08-12 16:14:47.986 30878 31314 D cellinfo: 46 bytes from 54.197.223.49: icmp_seq=2123 ttl=43 time=78.8 ms
08-12 16:14:47.989 30878 30878 D cellinfo: Latitude is 41.5919496
08-12 16:14:47.989 30878 30878 D cellinfo: Longitude is -93.7992507
08-12 16:14:47.989 30878 30878 D cellinfo: Instantaneous GPS information: United States, 6699 Vista Dr, West Des Moines, IA 50266, USA
08-12 16:14:47.989 30878 30878 D cellinfo: getCurrentLocation() result: Location (success): 41.5919496, -93.7992507
08-12 16:14:48.004 30878 30878 D cellinfo: Latitude is 41.5919496
08-12 16:14:48.004 30878 30878 D cellinfo: Longitude is -93.7992507
08-12 16:14:48.004 30878 30878 D cellinfo: Instantaneous GPS information: United States, 6699 Vista Dr, West Des Moines, IA 50266, USA
08-12 16:14:48.004 30878 30878 D cellinfo: getCurrentLocation() result: Location (success): 41.5919496, -93.7992507
08-12 16:14:48.025 30878 30878 D cellinfo: onCellInfoChanged: Operator: AT&T UpdateTimestamp: 343560760 CellConnectionStatus: 0
08-12 16:14:48.025 30878 30878 D cellinfo: onCellInfoChanged: LTE Cell Bands: [12] Bandwidth: 2147483647 Cell ID: 74782224 Physical Cell ID: 391 Tracking Area Code: 18436 EARFCN: 5145
08-12 16:14:48.195 30878 31314 D cellinfo: 46 bytes from 54.197.223.49: icmp_seq=2124 ttl=43 time=85.9 ms
08-12 16:14:48.384 30878 31314 D cellinfo: 46 bytes from 54.197.223.49: icmp_seq=2125 ttl=43 time=75.9 ms
08-12 16:14:48.569 30878 30878 D cellinfo: onsignalStrengthsChanged: LTE Signal Strength info: rsrp: -79 rsrq: -16 rssi: -51 rssnr: -1
08-12 16:14:48.624 30878 31314 D cellinfo: 46 bytes from 54.197.223.49: icmp_seq=2126 ttl=43 time=115 ms
08-12 16:14:48.839 30878 31314 D cellinfo: 46 bytes from 54.197.223.49: icmp_seq=2127 ttl=43 time=129 ms
08-12 16:14:48.880 30878 30878 D cellinfo: onCellInfoChanged: Operator: AT&T UpdateTimestamp: 343561611 CellConnectionStatus: 0
08-12 16:14:48.880 30878 30878 D cellinfo: onCellInfoChanged: LTE Cell Bands: [12] Bandwidth: 2147483647 Cell ID: 74758415 Physical Cell ID: 276 Tracking Area Code: 18436 EARFCN: 5145
08-12 16:14:48.916 30878 30878 D cellinfo: onServiceStateChanged: Channel Number: 5145 Cell Bandwidths: []
08-12 16:14:48.971 30878 31314 D cellinfo: 46 bytes from 54.197.223.49: icmp_seq=2128 ttl=43 time=60.3 ms
08-12 16:14:49.178 30878 31314 D cellinfo: 46 bytes from 54.197.223.49: icmp_seq=2129 ttl=43 time=65.0 ms
08-12 16:14:49.379 30878 31314 D cellinfo: 46 bytes from 54.197.223.49: icmp_seq=2130 ttl=43 time=64.4 ms
08-12 16:14:49.572 30878 31314 D cellinfo: 46 bytes from 54.197.223.49: icmp_seq=2131 ttl=43 time=57.3 ms
08-12 16:14:49.771 30878 31314 D cellinfo: 46 bytes from 54.197.223.49: icmp_seq=2132 ttl=43 time=53.5 ms
08-12 16:14:49.978 30878 31314 D cellinfo: 46 bytes from 54.197.223.49: icmp_seq=2133 ttl=43 time=60.8 ms
08-12 16:14:50.181 30878 31314 D cellinfo: 46 bytes from 54.197.223.49: icmp_seq=2134 ttl=43 time=61.9 ms
08-12 16:14:50.383 30878 31314 D cellinfo: 46 bytes from 54.197.223.49: icmp_seq=2135 ttl=43 time=61.4 ms
08-12 16:14:50.581 30878 31314 D cellinfo: 46 bytes from 54.197.223.49: icmp_seq=2136 ttl=43 time=59.1 ms
08-12 16:14:50.789 30878 31314 D cellinfo: 46 bytes from 54.197.223.49: icmp_seq=2137 ttl=43 time=65.9 ms
08-12 16:14:50.971 30878 30878 D cellinfo: Latitude is 41.5919496
08-12 16:14:50.971 30878 30878 D cellinfo: Longitude is -93.7992507
08-12 16:14:50.971 30878 30878 D cellinfo: Instantaneous GPS information: United States, 6699 Vista Dr, West Des Moines, IA 50266, USA
08-12 16:14:50.971 30878 30878 D cellinfo: getCurrentLocation() result: Location (success): 41.5919496, -93.7992507
08-12 16:14:50.981 30878 31314 D cellinfo: 46 bytes from 54.197.223.49: icmp_seq=2138 ttl=43 time=56.5 ms
08-12 16:14:51.018 30878 30878 D cellinfo: onCellInfoChanged: Operator: AT&T UpdateTimestamp: 343563756 CellConnectionStatus: 0
08-12 16:14:51.018 30878 30878 D cellinfo: onCellInfoChanged: LTE Cell Bands: [12] Bandwidth: 2147483647 Cell ID: 74758415 Physical Cell ID: 276 Tracking Area Code: 18436 EARFCN: 5145
08-12 16:14:51.180 30878 31314 D cellinfo: 46 bytes from 54.197.223.49: icmp_seq=2139 ttl=43 time=55.4 ms
08-12 16:14:51.381 30878 31314 D cellinfo: 46 bytes from 54.197.223.49: icmp_seq=2140 ttl=43 time=56.2 ms
08-12 16:14:51.581 30878 31314 D cellinfo: 46 bytes from 54.197.223.49: icmp_seq=2141 ttl=43 time=54.8 ms
08-12 16:14:51.792 30878 31314 D cellinfo: 46 bytes from 54.197.223.49: icmp_seq=2142 ttl=43 time=62.8 ms
08-12 16:14:51.994 30878 31314 D cellinfo: 46 bytes from 54.197.223.49: icmp_seq=2143 ttl=43 time=62.3 ms
08-12 16:14:52.226 30878 31314 D cellinfo: 46 bytes from 54.197.223.49: icmp_seq=2144 ttl=43 time=93.6 ms
08-12 16:14:52.386 30878 31314 D cellinfo: 46 bytes from 54.197.223.49: icmp_seq=2145 ttl=43 time=53.7 ms
08-12 16:14:52.624 30878 31314 D cellinfo: 46 bytes from 54.197.223.49: icmp_seq=2146 ttl=43 time=90.7 ms
