08-12 10:56:54.016 12222 12369 D cellinfo: 46 bytes from 54.197.223.49: icmp_seq=2426 ttl=43 time=69.4 ms
08-12 10:56:54.207 12222 12369 D cellinfo: 46 bytes from 54.197.223.49: icmp_seq=2427 ttl=43 time=61.6 ms
08-12 10:56:54.409 12222 12369 D cellinfo: 46 bytes from 54.197.223.49: icmp_seq=2428 ttl=43 time=61.5 ms
08-12 10:56:54.617 12222 12369 D cellinfo: 46 bytes from 54.197.223.49: icmp_seq=2429 ttl=43 time=68.7 ms
08-12 10:56:54.809 12222 12369 D cellinfo: 46 bytes from 54.197.223.49: icmp_seq=2430 ttl=43 time=58.8 ms
08-12 10:56:55.019 12222 12369 D cellinfo: 46 bytes from 54.197.223.49: icmp_seq=2431 ttl=43 time=66.7 ms
08-12 10:56:55.218 12222 12369 D cellinfo: 46 bytes from 54.197.223.49: icmp_seq=2432 ttl=43 time=65.3 ms
08-12 10:56:55.410 12222 12369 D cellinfo: 46 bytes from 54.197.223.49: icmp_seq=2433 ttl=43 time=52.9 ms
08-12 10:56:55.619 12222 12369 D cellinfo: 46 bytes from 54.197.223.49: icmp_seq=2434 ttl=43 time=62.1 ms
08-12 10:56:55.831 12222 12369 D cellinfo: 46 bytes from 54.197.223.49: icmp_seq=2435 ttl=43 time=69.0 ms
08-12 10:56:55.838 12222 12222 D cellinfo: Latitude is 41.2610727
08-12 10:56:55.838 12222 12222 D cellinfo: Longitude is -95.8192961
08-12 10:56:55.838 12222 12222 D cellinfo: Instantaneous GPS information: United States, 400 Gleason Ave, Council Bluffs, IA 51503, USA
08-12 10:56:55.838 12222 12222 D cellinfo: getCurrentLocation() result: Location (success): 41.2610727, -95.8192961
08-12 10:56:56.035 12222 12369 D cellinfo: 46 bytes from 54.197.223.49: icmp_seq=2436 ttl=43 time=74.4 ms
08-12 10:56:56.139 12222 12222 D cellinfo: onsignalStrengthsChanged: LTE Signal Strength info: rsrp: -93 rsrq: -8 rssi: -71 rssnr: 11
08-12 10:56:56.236 12222 12369 D cellinfo: 46 bytes from 54.197.223.49: icmp_seq=2437 ttl=43 time=74.6 ms
08-12 10:56:56.428 12222 12369 D cellinfo: 46 bytes from 54.197.223.49: icmp_seq=2438 ttl=43 time=65.6 ms
08-12 10:56:56.626 12222 12369 D cellinfo: 46 bytes from 54.197.223.49: icmp_seq=2439 ttl=43 time=65.1 ms
08-12 10:56:56.829 12222 12369 D cellinfo: 46 bytes from 54.197.223.49: icmp_seq=2440 ttl=43 time=65.9 ms
08-12 10:56:56.963 12222 12222 D cellinfo: Latitude is 41.2610727
08-12 10:56:56.963 12222 12222 D cellinfo: Longitude is -95.8192961
08-12 10:56:56.963 12222 12222 D cellinfo: Instantaneous GPS information: United States, 400 Gleason Ave, Council Bluffs, IA 51503, USA
08-12 10:56:56.963 12222 12222 D cellinfo: getCurrentLocation() result: Location (success): 41.2610727, -95.8192961
08-12 10:56:57.021 12222 12222 D cellinfo: onCellInfoChanged: Operator: AT&T UpdateTimestamp: 324489757 CellConnectionStatus: 0
08-12 10:56:57.021 12222 12222 D cellinfo: onCellInfoChanged: LTE Cell Bands: [30] Bandwidth: 2147483647 Cell ID: 95045526 Physical Cell ID: 274 Tracking Area Code: 18688 EARFCN: 9820
08-12 10:56:57.040 12222 12369 D cellinfo: 46 bytes from 54.197.223.49: icmp_seq=2441 ttl=43 time=77.6 ms
08-12 10:56:57.256 12222 12369 D cellinfo: 46 bytes from 54.197.223.49: icmp_seq=2442 ttl=43 time=94.3 ms
08-12 10:56:57.427 12222 12369 D cellinfo: 46 bytes from 54.197.223.49: icmp_seq=2443 ttl=43 time=64.8 ms
08-12 10:56:57.635 12222 12369 D cellinfo: 46 bytes from 54.197.223.49: icmp_seq=2444 ttl=43 time=72.3 ms
08-12 10:56:57.827 12222 12369 D cellinfo: 46 bytes from 54.197.223.49: icmp_seq=2445 ttl=43 time=62.9 ms
08-12 10:56:58.029 12222 12369 D cellinfo: 46 bytes from 54.197.223.49: icmp_seq=2446 ttl=43 time=62.1 ms
08-12 10:56:58.227 12222 12369 D cellinfo: 46 bytes from 54.197.223.49: icmp_seq=2447 ttl=43 time=61.1 ms
08-12 10:56:58.380 12222 12222 D cellinfo: onsignalStrengthsChanged: LTE Signal Strength info: rsrp: -93 rsrq: -8 rssi: -63 rssnr: 9
08-12 10:56:58.427 12222 12369 D cellinfo: 46 bytes from 54.197.223.49: icmp_seq=2448 ttl=43 time=60.9 ms
08-12 10:56:58.628 12222 12369 D cellinfo: 46 bytes from 54.197.223.49: icmp_seq=2449 ttl=43 time=59.1 ms
08-12 10:56:58.839 12222 12369 D cellinfo: 46 bytes from 54.197.223.49: icmp_seq=2450 ttl=43 time=68.9 ms
08-12 10:56:59.045 12222 12369 D cellinfo: 46 bytes from 54.197.223.49: icmp_seq=2451 ttl=43 time=74.8 ms
08-12 10:56:59.241 12222 12369 D cellinfo: 46 bytes from 54.197.223.49: icmp_seq=2452 ttl=43 time=72.5 ms
08-12 10:56:59.437 12222 12369 D cellinfo: 46 bytes from 54.197.223.49: icmp_seq=2453 ttl=43 time=67.4 ms
08-12 10:56:59.636 12222 12369 D cellinfo: 46 bytes from 54.197.223.49: icmp_seq=2454 ttl=43 time=65.4 ms
08-12 10:56:59.761 12222 12222 D cellinfo: onsignalStrengthsChanged: LTE Signal Strength info: rsrp: -93 rsrq: -8 rssi: -65 rssnr: 8
08-12 10:56:59.836 12222 12369 D cellinfo: 46 bytes from 54.197.223.49: icmp_seq=2455 ttl=43 time=64.0 ms
08-12 10:56:59.958 12222 12222 D cellinfo: Latitude is 41.2610727
08-12 10:56:59.958 12222 12222 D cellinfo: Longitude is -95.8192961
08-12 10:56:59.958 12222 12222 D cellinfo: Instantaneous GPS information: United States, 400 Gleason Ave, Council Bluffs, IA 51503, USA
08-12 10:56:59.958 12222 12222 D cellinfo: getCurrentLocation() result: Location (success): 41.2610727, -95.8192961
08-12 10:57:00.008 12222 12222 D cellinfo: onCellInfoChanged: Operator: AT&T UpdateTimestamp: 324492745 CellConnectionStatus: 0
08-12 10:57:00.008 12222 12222 D cellinfo: onCellInfoChanged: LTE Cell Bands: [30] Bandwidth: 2147483647 Cell ID: 95045526 Physical Cell ID: 274 Tracking Area Code: 18688 EARFCN: 9820
08-12 10:57:00.036 12222 12369 D cellinfo: 46 bytes from 54.197.223.49: icmp_seq=2456 ttl=43 time=64.2 ms
08-12 10:57:00.236 12222 12369 D cellinfo: 46 bytes from 54.197.223.49: icmp_seq=2457 ttl=43 time=63.4 ms
08-12 10:57:00.438 12222 12369 D cellinfo: 46 bytes from 54.197.223.49: icmp_seq=2458 ttl=43 time=64.5 ms
08-12 10:57:00.622 12222 12222 D cellinfo: onsignalStrengthsChanged: LTE Signal Strength info: rsrp: -93 rsrq: -8 rssi: -63 rssnr: 8
08-12 10:57:00.637 12222 12369 D cellinfo: 46 bytes from 54.197.223.49: icmp_seq=2459 ttl=43 time=62.6 ms
08-12 10:57:00.837 12222 12369 D cellinfo: 46 bytes from 54.197.223.49: icmp_seq=2460 ttl=43 time=61.9 ms
08-12 10:57:01.036 12222 12369 D cellinfo: 46 bytes from 54.197.223.49: icmp_seq=2461 ttl=43 time=59.8 ms
08-12 10:57:01.238 12222 12369 D cellinfo: 46 bytes from 54.197.223.49: icmp_seq=2462 ttl=43 time=61.3 ms
08-12 10:57:01.436 12222 12369 D cellinfo: 46 bytes from 54.197.223.49: icmp_seq=2463 ttl=43 time=59.4 ms
08-12 10:57:01.633 12222 12369 D cellinfo: 46 bytes from 54.197.223.49: icmp_seq=2464 ttl=43 time=54.2 ms
08-12 10:57:01.847 12222 12369 D cellinfo: 46 bytes from 54.197.223.49: icmp_seq=2465 ttl=43 time=65.4 ms
08-12 10:57:02.056 12222 12369 D cellinfo: 46 bytes from 54.197.223.49: icmp_seq=2466 ttl=43 time=73.9 ms
08-12 10:57:02.248 12222 12369 D cellinfo: 46 bytes from 54.197.223.49: icmp_seq=2467 ttl=43 time=67.3 ms
08-12 10:57:02.447 12222 12369 D cellinfo: 46 bytes from 54.197.223.49: icmp_seq=2468 ttl=43 time=64.8 ms
08-12 10:57:02.655 12222 12369 D cellinfo: 46 bytes from 54.197.223.49: icmp_seq=2469 ttl=43 time=71.2 ms
08-12 10:57:02.774 12222 12222 D cellinfo: onsignalStrengthsChanged: LTE Signal Strength info: rsrp: -93 rsrq: -8 rssi: -73 rssnr: 8
08-12 10:57:02.847 12222 12369 D cellinfo: 46 bytes from 54.197.223.49: icmp_seq=2470 ttl=43 time=63.3 ms
08-12 10:57:02.865 12222 12222 D cellinfo: onsignalStrengthsChanged: LTE Signal Strength info: rsrp: -93 rsrq: -8 rssi: -73 rssnr: 9
08-12 10:57:02.959 12222 12222 D cellinfo: Latitude is 41.2610727
08-12 10:57:02.959 12222 12222 D cellinfo: Longitude is -95.8192961
08-12 10:57:02.959 12222 12222 D cellinfo: Instantaneous GPS information: United States, 400 Gleason Ave, Council Bluffs, IA 51503, USA
08-12 10:57:02.959 12222 12222 D cellinfo: getCurrentLocation() result: Location (success): 41.2610727, -95.8192961
08-12 10:57:03.007 12222 12222 D cellinfo: onCellInfoChanged: Operator: AT&T UpdateTimestamp: 324495745 CellConnectionStatus: 0
08-12 10:57:03.007 12222 12222 D cellinfo: onCellInfoChanged: LTE Cell Bands: [30] Bandwidth: 2147483647 Cell ID: 95045526 Physical Cell ID: 274 Tracking Area Code: 18688 EARFCN: 9820
08-12 10:57:03.055 12222 12369 D cellinfo: 46 bytes from 54.197.223.49: icmp_seq=2471 ttl=43 time=71.3 ms
08-12 10:57:03.246 12222 12369 D cellinfo: 46 bytes from 54.197.223.49: icmp_seq=2472 ttl=43 time=62.1 ms
08-12 10:57:03.446 12222 12369 D cellinfo: 46 bytes from 54.197.223.49: icmp_seq=2473 ttl=43 time=61.5 ms
08-12 10:57:03.647 12222 12369 D cellinfo: 46 bytes from 54.197.223.49: icmp_seq=2474 ttl=43 time=62.4 ms
08-12 10:57:03.847 12222 12369 D cellinfo: 46 bytes from 54.197.223.49: icmp_seq=2475 ttl=43 time=60.8 ms
08-12 10:57:04.051 12222 12369 D cellinfo: 46 bytes from 54.197.223.49: icmp_seq=2476 ttl=43 time=64.2 ms
08-12 10:57:04.256 12222 12369 D cellinfo: 46 bytes from 54.197.223.49: icmp_seq=2477 ttl=43 time=69.6 ms
08-12 10:57:04.461 12222 12369 D cellinfo: 46 bytes from 54.197.223.49: icmp_seq=2478 ttl=43 time=74.5 ms
08-12 10:57:04.654 12222 12369 D cellinfo: 46 bytes from 54.197.223.49: icmp_seq=2479 ttl=43 time=67.3 ms
08-12 10:57:04.847 12222 12369 D cellinfo: 46 bytes from 54.197.223.49: icmp_seq=2480 ttl=43 time=59.9 ms
08-12 10:57:05.047 12222 12369 D cellinfo: 46 bytes from 54.197.223.49: icmp_seq=2481 ttl=43 time=58.7 ms
08-12 10:57:05.255 12222 12369 D cellinfo: 46 bytes from 54.197.223.49: icmp_seq=2482 ttl=43 time=67.3 ms
08-12 10:57:05.459 12222 12369 D cellinfo: 46 bytes from 54.197.223.49: icmp_seq=2483 ttl=43 time=69.5 ms
08-12 10:57:05.737 12222 12369 D cellinfo: 46 bytes from 54.197.223.49: icmp_seq=2484 ttl=43 time=145 ms
08-12 10:57:05.858 12222 12369 D cellinfo: 46 bytes from 54.197.223.49: icmp_seq=2485 ttl=43 time=65.0 ms
08-12 10:57:05.998 12222 12222 D cellinfo: onCellInfoChanged: Operator: AT&T UpdateTimestamp: 324498733 CellConnectionStatus: 0
08-12 10:57:05.998 12222 12222 D cellinfo: onCellInfoChanged: LTE Cell Bands: [30] Bandwidth: 2147483647 Cell ID: 95045526 Physical Cell ID: 274 Tracking Area Code: 18688 EARFCN: 9820
08-12 10:57:06.057 12222 12369 D cellinfo: 46 bytes from 54.197.223.49: icmp_seq=2486 ttl=43 time=63.4 ms
08-12 10:57:06.297 12222 12369 D cellinfo: 46 bytes from 54.197.223.49: icmp_seq=2487 ttl=43 time=103 ms
08-12 10:57:06.458 12222 12369 D cellinfo: 46 bytes from 54.197.223.49: icmp_seq=2488 ttl=43 time=63.7 ms
08-12 10:57:06.697 12222 12369 D cellinfo: 46 bytes from 54.197.223.49: icmp_seq=2489 ttl=43 time=103 ms
08-12 10:57:06.856 12222 12369 D cellinfo: 46 bytes from 54.197.223.49: icmp_seq=2490 ttl=43 time=61.0 ms
08-12 10:57:07.061 12222 12369 D cellinfo: 46 bytes from 54.197.223.49: icmp_seq=2491 ttl=43 time=64.6 ms
08-12 10:57:07.256 12222 12369 D cellinfo: 46 bytes from 54.197.223.49: icmp_seq=2492 ttl=43 time=59.9 ms
08-12 10:57:07.459 12222 12369 D cellinfo: 46 bytes from 54.197.223.49: icmp_seq=2493 ttl=43 time=62.4 ms
08-12 10:57:07.657 12222 12369 D cellinfo: 46 bytes from 54.197.223.49: icmp_seq=2494 ttl=43 time=58.6 ms
08-12 10:57:07.858 12222 12369 D cellinfo: 46 bytes from 54.197.223.49: icmp_seq=2495 ttl=43 time=60.2 ms
08-12 10:57:08.058 12222 12369 D cellinfo: 46 bytes from 54.197.223.49: icmp_seq=2496 ttl=43 time=59.8 ms
08-12 10:57:08.268 12222 12369 D cellinfo: 46 bytes from 54.197.223.49: icmp_seq=2497 ttl=43 time=67.9 ms
08-12 10:57:08.469 12222 12369 D cellinfo: 46 bytes from 54.197.223.49: icmp_seq=2498 ttl=43 time=66.5 ms
08-12 10:57:08.592 12222 12222 D cellinfo: Latitude is 41.2608851
08-12 10:57:08.592 12222 12222 D cellinfo: Longitude is -95.8206399
08-12 10:57:08.592 12222 12222 D cellinfo: Instantaneous GPS information: United States, 329 Gleason Ave, Council Bluffs, IA 51503, USA
08-12 10:57:08.592 12222 12222 D cellinfo: getCurrentLocation() result: Location (success): 41.2608851, -95.8206399
08-12 10:57:08.661 12222 12369 D cellinfo: 46 bytes from 54.197.223.49: icmp_seq=2499 ttl=43 time=59.4 ms
08-12 10:57:08.867 12222 12369 D cellinfo: 46 bytes from 54.197.223.49: icmp_seq=2500 ttl=43 time=63.4 ms
08-12 10:57:08.964 12222 12222 D cellinfo: Latitude is 41.2608851
08-12 10:57:08.964 12222 12222 D cellinfo: Longitude is -95.8206399
08-12 10:57:08.964 12222 12222 D cellinfo: Instantaneous GPS information: United States, 329 Gleason Ave, Council Bluffs, IA 51503, USA
08-12 10:57:08.964 12222 12222 D cellinfo: getCurrentLocation() result: Location (success): 41.2608851, -95.8206399
08-12 10:57:09.047 12222 12222 D cellinfo: onCellInfoChanged: Operator: AT&T UpdateTimestamp: 324501784 CellConnectionStatus: 0
08-12 10:57:09.047 12222 12222 D cellinfo: onCellInfoChanged: LTE Cell Bands: [30] Bandwidth: 2147483647 Cell ID: 95045526 Physical Cell ID: 274 Tracking Area Code: 18688 EARFCN: 9820
08-12 10:57:09.066 12222 12369 D cellinfo: 46 bytes from 54.197.223.49: icmp_seq=2501 ttl=43 time=62.2 ms
08-12 10:57:09.270 12222 12369 D cellinfo: 46 bytes from 54.197.223.49: icmp_seq=2502 ttl=43 time=61.6 ms
08-12 10:57:09.497 12222 12369 D cellinfo: 46 bytes from 54.197.223.49: icmp_seq=2503 ttl=43 time=88.8 ms
08-12 10:57:09.580 12222 12222 D cellinfo: onsignalStrengthsChanged: LTE Signal Strength info: rsrp: -95 rsrq: -8 rssi: -69 rssnr: 13
08-12 10:57:09.676 12222 12369 D cellinfo: 46 bytes from 54.197.223.49: icmp_seq=2504 ttl=43 time=67.5 ms
08-12 10:57:09.877 12222 12369 D cellinfo: 46 bytes from 54.197.223.49: icmp_seq=2505 ttl=43 time=67.7 ms
08-12 10:57:10.077 12222 12369 D cellinfo: 46 bytes from 54.197.223.49: icmp_seq=2506 ttl=43 time=66.5 ms
08-12 10:57:10.276 12222 12369 D cellinfo: 46 bytes from 54.197.223.49: icmp_seq=2507 ttl=43 time=64.3 ms
08-12 10:57:10.538 12222 12369 D cellinfo: 46 bytes from 54.197.223.49: icmp_seq=2508 ttl=43 time=123 ms
08-12 10:57:10.677 12222 12369 D cellinfo: 46 bytes from 54.197.223.49: icmp_seq=2509 ttl=43 time=63.5 ms
08-12 10:57:10.938 12222 12369 D cellinfo: 46 bytes from 54.197.223.49: icmp_seq=2510 ttl=43 time=122 ms
08-12 10:57:11.078 12222 12369 D cellinfo: 46 bytes from 54.197.223.49: icmp_seq=2511 ttl=43 time=62.0 ms
08-12 10:57:11.277 12222 12369 D cellinfo: 46 bytes from 54.197.223.49: icmp_seq=2512 ttl=43 time=61.3 ms
08-12 10:57:11.479 12222 12369 D cellinfo: 46 bytes from 54.197.223.49: icmp_seq=2513 ttl=43 time=59.6 ms
08-12 10:57:11.695 12222 12369 D cellinfo: 46 bytes from 54.197.223.49: icmp_seq=2514 ttl=43 time=74.3 ms
08-12 10:57:11.813 12222 12222 D cellinfo: onsignalStrengthsChanged: LTE Signal Strength info: rsrp: -94 rsrq: -8 rssi: -61 rssnr: 13
08-12 10:57:11.903 12222 12369 D cellinfo: 46 bytes from 54.197.223.49: icmp_seq=2515 ttl=43 time=79.5 ms
08-12 10:57:11.967 12222 12222 D cellinfo: Latitude is 41.2608851
08-12 10:57:11.967 12222 12222 D cellinfo: Longitude is -95.8206399
08-12 10:57:11.968 12222 12222 D cellinfo: Instantaneous GPS information: United States, 329 Gleason Ave, Council Bluffs, IA 51503, USA
08-12 10:57:11.968 12222 12222 D cellinfo: getCurrentLocation() result: Location (success): 41.2608851, -95.8206399
08-12 10:57:12.019 12222 12222 D cellinfo: onCellInfoChanged: Operator: AT&T UpdateTimestamp: 324504755 CellConnectionStatus: 0
08-12 10:57:12.019 12222 12222 D cellinfo: onCellInfoChanged: LTE Cell Bands: [30] Bandwidth: 2147483647 Cell ID: 95045526 Physical Cell ID: 274 Tracking Area Code: 18688 EARFCN: 9820
08-12 10:57:12.089 12222 12369 D cellinfo: 46 bytes from 54.197.223.49: icmp_seq=2516 ttl=43 time=66.8 ms
08-12 10:57:12.289 12222 12369 D cellinfo: 46 bytes from 54.197.223.49: icmp_seq=2517 ttl=43 time=65.8 ms
08-12 10:57:12.489 12222 12369 D cellinfo: 46 bytes from 54.197.223.49: icmp_seq=2518 ttl=43 time=64.6 ms
08-12 10:57:12.778 12222 12369 D cellinfo: 46 bytes from 54.197.223.49: icmp_seq=2519 ttl=43 time=150 ms
08-12 10:57:12.938 12222 12369 D cellinfo: 46 bytes from 54.197.223.49: icmp_seq=2520 ttl=43 time=110 ms
08-12 10:57:13.096 12222 12369 D cellinfo: 46 bytes from 54.197.223.49: icmp_seq=2521 ttl=43 time=68.8 ms
08-12 10:57:13.288 12222 12369 D cellinfo: 46 bytes from 54.197.223.49: icmp_seq=2522 ttl=43 time=60.1 ms
08-12 10:57:13.577 12222 12369 D cellinfo: 46 bytes from 54.197.223.49: icmp_seq=2523 ttl=43 time=147 ms
08-12 10:57:13.697 12222 12369 D cellinfo: 46 bytes from 54.197.223.49: icmp_seq=2524 ttl=43 time=67.9 ms
08-12 10:57:13.897 12222 12369 D cellinfo: 46 bytes from 54.197.223.49: icmp_seq=2525 ttl=43 time=67.5 ms
08-12 10:57:14.059 12222 12222 D cellinfo: onsignalStrengthsChanged: LTE Signal Strength info: rsrp: -93 rsrq: -8 rssi: -61 rssnr: 15
08-12 10:57:14.097 12222 12369 D cellinfo: 46 bytes from 54.197.223.49: icmp_seq=2526 ttl=43 time=66.3 ms
08-12 10:57:14.297 12222 12369 D cellinfo: 46 bytes from 54.197.223.49: icmp_seq=2527 ttl=43 time=64.3 ms
08-12 10:57:14.498 12222 12369 D cellinfo: 46 bytes from 54.197.223.49: icmp_seq=2528 ttl=43 time=63.5 ms
08-12 10:57:14.698 12222 12369 D cellinfo: 46 bytes from 54.197.223.49: icmp_seq=2529 ttl=43 time=61.0 ms
08-12 10:57:14.898 12222 12369 D cellinfo: 46 bytes from 54.197.223.49: icmp_seq=2530 ttl=43 time=60.5 ms
08-12 10:57:14.963 12222 12222 D cellinfo: Latitude is 41.2608851
08-12 10:57:14.964 12222 12222 D cellinfo: Longitude is -95.8206399
08-12 10:57:14.964 12222 12222 D cellinfo: Instantaneous GPS information: United States, 329 Gleason Ave, Council Bluffs, IA 51503, USA
08-12 10:57:14.964 12222 12222 D cellinfo: getCurrentLocation() result: Location (success): 41.2608851, -95.8206399
08-12 10:57:15.005 12222 12222 D cellinfo: onCellInfoChanged: Operator: AT&T UpdateTimestamp: 324507741 CellConnectionStatus: 0
08-12 10:57:15.005 12222 12222 D cellinfo: onCellInfoChanged: LTE Cell Bands: [30] Bandwidth: 2147483647 Cell ID: 95045526 Physical Cell ID: 274 Tracking Area Code: 18688 EARFCN: 9820
08-12 10:57:15.097 12222 12369 D cellinfo: 46 bytes from 54.197.223.49: icmp_seq=2531 ttl=43 time=58.8 ms
08-12 10:57:15.296 12222 12369 D cellinfo: 46 bytes from 54.197.223.49: icmp_seq=2532 ttl=43 time=56.7 ms
08-12 10:57:15.507 12222 12369 D cellinfo: 46 bytes from 54.197.223.49: icmp_seq=2533 ttl=43 time=67.1 ms
08-12 10:57:15.707 12222 12369 D cellinfo: 46 bytes from 54.197.223.49: icmp_seq=2534 ttl=43 time=66.6 ms
08-12 10:57:15.907 12222 12369 D cellinfo: 46 bytes from 54.197.223.49: icmp_seq=2535 ttl=43 time=65.8 ms
08-12 10:57:16.107 12222 12369 D cellinfo: 46 bytes from 54.197.223.49: icmp_seq=2536 ttl=43 time=65.3 ms
08-12 10:57:16.299 12222 12222 D cellinfo: onsignalStrengthsChanged: LTE Signal Strength info: rsrp: -89 rsrq: -8 rssi: -51 rssnr: 17
08-12 10:57:16.305 12222 12369 D cellinfo: 46 bytes from 54.197.223.49: icmp_seq=2537 ttl=43 time=63.3 ms
08-12 10:57:16.516 12222 12369 D cellinfo: 46 bytes from 54.197.223.49: icmp_seq=2538 ttl=43 time=71.6 ms
08-12 10:57:16.706 12222 12369 D cellinfo: 46 bytes from 54.197.223.49: icmp_seq=2539 ttl=43 time=63.1 ms
08-12 10:57:16.907 12222 12369 D cellinfo: 46 bytes from 54.197.223.49: icmp_seq=2540 ttl=43 time=62.3 ms
08-12 10:57:17.109 12222 12369 D cellinfo: 46 bytes from 54.197.223.49: icmp_seq=2541 ttl=43 time=63.7 ms
08-12 10:57:17.308 12222 12369 D cellinfo: 46 bytes from 54.197.223.49: icmp_seq=2542 ttl=43 time=59.4 ms
08-12 10:57:17.517 12222 12369 D cellinfo: 46 bytes from 54.197.223.49: icmp_seq=2543 ttl=43 time=66.7 ms
08-12 10:57:17.718 12222 12369 D cellinfo: 46 bytes from 54.197.223.49: icmp_seq=2544 ttl=43 time=66.3 ms
08-12 10:57:17.832 12222 12222 D cellinfo: onsignalStrengthsChanged: LTE Signal Strength info: rsrp: -86 rsrq: -8 rssi: -53 rssnr: 17
08-12 10:57:17.917 12222 12369 D cellinfo: 46 bytes from 54.197.223.49: icmp_seq=2545 ttl=43 time=65.5 ms
08-12 10:57:17.960 12222 12222 D cellinfo: Latitude is 41.2608851
08-12 10:57:17.960 12222 12222 D cellinfo: Longitude is -95.8206399
08-12 10:57:17.960 12222 12222 D cellinfo: Instantaneous GPS information: United States, 329 Gleason Ave, Council Bluffs, IA 51503, USA
08-12 10:57:17.960 12222 12222 D cellinfo: getCurrentLocation() result: Location (success): 41.2608851, -95.8206399
08-12 10:57:18.013 12222 12222 D cellinfo: onCellInfoChanged: Operator: AT&T UpdateTimestamp: 324510745 CellConnectionStatus: 0
08-12 10:57:18.013 12222 12222 D cellinfo: onCellInfoChanged: LTE Cell Bands: [30] Bandwidth: 2147483647 Cell ID: 95045526 Physical Cell ID: 274 Tracking Area Code: 18688 EARFCN: 9820
08-12 10:57:18.118 12222 12369 D cellinfo: 46 bytes from 54.197.223.49: icmp_seq=2546 ttl=43 time=63.8 ms
08-12 10:57:18.318 12222 12369 D cellinfo: 46 bytes from 54.197.223.49: icmp_seq=2547 ttl=43 time=62.8 ms
08-12 10:57:18.517 12222 12369 D cellinfo: 46 bytes from 54.197.223.49: icmp_seq=2548 ttl=43 time=62.4 ms
08-12 10:57:18.541 12222 12222 D cellinfo: onsignalStrengthsChanged: LTE Signal Strength info: rsrp: -84 rsrq: -9 rssi: -53 rssnr: 18
08-12 10:57:18.719 12222 12369 D cellinfo: 46 bytes from 54.197.223.49: icmp_seq=2549 ttl=43 time=62.2 ms
08-12 10:57:18.924 12222 12369 D cellinfo: 46 bytes from 54.197.223.49: icmp_seq=2550 ttl=43 time=66.8 ms
08-12 10:57:19.117 12222 12369 D cellinfo: 46 bytes from 54.197.223.49: icmp_seq=2551 ttl=43 time=57.5 ms
08-12 10:57:19.329 12222 12369 D cellinfo: 46 bytes from 54.197.223.49: icmp_seq=2552 ttl=43 time=67.5 ms
08-12 10:57:19.528 12222 12369 D cellinfo: 46 bytes from 54.197.223.49: icmp_seq=2553 ttl=43 time=66.0 ms
08-12 10:57:19.729 12222 12369 D cellinfo: 46 bytes from 54.197.223.49: icmp_seq=2554 ttl=43 time=64.6 ms
08-12 10:57:19.929 12222 12369 D cellinfo: 46 bytes from 54.197.223.49: icmp_seq=2555 ttl=43 time=63.2 ms
08-12 10:57:20.129 12222 12369 D cellinfo: 46 bytes from 54.197.223.49: icmp_seq=2556 ttl=43 time=60.8 ms
08-12 10:57:20.329 12222 12369 D cellinfo: 46 bytes from 54.197.223.49: icmp_seq=2557 ttl=43 time=59.6 ms
08-12 10:57:20.529 12222 12369 D cellinfo: 46 bytes from 54.197.223.49: icmp_seq=2558 ttl=43 time=58.9 ms
08-12 10:57:20.747 12222 12369 D cellinfo: 46 bytes from 54.197.223.49: icmp_seq=2559 ttl=43 time=76.1 ms
08-12 10:57:20.863 12222 12222 D cellinfo: onsignalStrengthsChanged: LTE Signal Strength info: rsrp: -82 rsrq: -9 rssi: -57 rssnr: 21
08-12 10:57:20.947 12222 12369 D cellinfo: 46 bytes from 54.197.223.49: icmp_seq=2560 ttl=43 time=74.8 ms
08-12 10:57:21.008 12222 12222 D cellinfo: onCellInfoChanged: Operator: AT&T UpdateTimestamp: 324513744 CellConnectionStatus: 0
08-12 10:57:21.008 12222 12222 D cellinfo: onCellInfoChanged: LTE Cell Bands: [30] Bandwidth: 2147483647 Cell ID: 95045526 Physical Cell ID: 274 Tracking Area Code: 18688 EARFCN: 9820
08-12 10:57:21.137 12222 12369 D cellinfo: 46 bytes from 54.197.223.49: icmp_seq=2561 ttl=43 time=64.8 ms
08-12 10:57:21.337 12222 12369 D cellinfo: 46 bytes from 54.197.223.49: icmp_seq=2562 ttl=43 time=63.8 ms
08-12 10:57:21.537 12222 12369 D cellinfo: 46 bytes from 54.197.223.49: icmp_seq=2563 ttl=43 time=63.5 ms
08-12 10:57:21.737 12222 12369 D cellinfo: 46 bytes from 54.197.223.49: icmp_seq=2564 ttl=43 time=61.7 ms
08-12 10:57:21.937 12222 12369 D cellinfo: 46 bytes from 54.197.223.49: icmp_seq=2565 ttl=43 time=61.5 ms
08-12 10:57:22.136 12222 12369 D cellinfo: 46 bytes from 54.197.223.49: icmp_seq=2566 ttl=43 time=59.3 ms
08-12 10:57:22.338 12222 12369 D cellinfo: 46 bytes from 54.197.223.49: icmp_seq=2567 ttl=43 time=58.6 ms
08-12 10:57:22.549 12222 12369 D cellinfo: 46 bytes from 54.197.223.49: icmp_seq=2568 ttl=43 time=67.4 ms
08-12 10:57:22.740 12222 12222 D cellinfo: Latitude is 41.2609488
08-12 10:57:22.740 12222 12222 D cellinfo: Longitude is -95.8222066
08-12 10:57:22.740 12222 12222 D cellinfo: Instantaneous GPS information: United States, 421 Gleason Ave, Council Bluffs, IA 51503, USA
08-12 10:57:22.740 12222 12222 D cellinfo: getCurrentLocation() result: Location (success): 41.2609488, -95.8222066
08-12 10:57:22.747 12222 12369 D cellinfo: 46 bytes from 54.197.223.49: icmp_seq=2569 ttl=43 time=64.0 ms
08-12 10:57:22.951 12222 12369 D cellinfo: 46 bytes from 54.197.223.49: icmp_seq=2570 ttl=43 time=64.1 ms
08-12 10:57:23.155 12222 12369 D cellinfo: 46 bytes from 54.197.223.49: icmp_seq=2571 ttl=43 time=69.5 ms
08-12 10:57:23.358 12222 12369 D cellinfo: 46 bytes from 54.197.223.49: icmp_seq=2572 ttl=43 time=69.3 ms
08-12 10:57:23.559 12222 12369 D cellinfo: 46 bytes from 54.197.223.49: icmp_seq=2573 ttl=43 time=68.2 ms
08-12 10:57:23.757 12222 12369 D cellinfo: 46 bytes from 54.197.223.49: icmp_seq=2574 ttl=43 time=66.3 ms
08-12 10:57:23.884 12222 12222 D cellinfo: onsignalStrengthsChanged: LTE Signal Strength info: rsrp: -81 rsrq: -9 rssi: -61 rssnr: 20
08-12 10:57:23.957 12222 12369 D cellinfo: 46 bytes from 54.197.223.49: icmp_seq=2575 ttl=43 time=64.4 ms
08-12 10:57:23.957 12222 12222 D cellinfo: Latitude is 41.2609488
08-12 10:57:23.957 12222 12222 D cellinfo: Longitude is -95.8222066
08-12 10:57:23.957 12222 12222 D cellinfo: Instantaneous GPS information: United States, 421 Gleason Ave, Council Bluffs, IA 51503, USA
08-12 10:57:23.957 12222 12222 D cellinfo: getCurrentLocation() result: Location (success): 41.2609488, -95.8222066
08-12 10:57:24.003 12222 12222 D cellinfo: onCellInfoChanged: Operator: AT&T UpdateTimestamp: 324516738 CellConnectionStatus: 0
08-12 10:57:24.003 12222 12222 D cellinfo: onCellInfoChanged: LTE Cell Bands: [30] Bandwidth: 2147483647 Cell ID: 95045526 Physical Cell ID: 274 Tracking Area Code: 18688 EARFCN: 9820
08-12 10:57:24.157 12222 12369 D cellinfo: 46 bytes from 54.197.223.49: icmp_seq=2576 ttl=43 time=63.1 ms
08-12 10:57:24.358 12222 12369 D cellinfo: 46 bytes from 54.197.223.49: icmp_seq=2577 ttl=43 time=61.3 ms
08-12 10:57:24.558 12222 12369 D cellinfo: 46 bytes from 54.197.223.49: icmp_seq=2578 ttl=43 time=60.6 ms
08-12 10:57:24.769 12222 12369 D cellinfo: 46 bytes from 54.197.223.49: icmp_seq=2579 ttl=43 time=68.8 ms
08-12 10:57:24.966 12222 12369 D cellinfo: 46 bytes from 54.197.223.49: icmp_seq=2580 ttl=43 time=65.6 ms
08-12 10:57:25.167 12222 12369 D cellinfo: 46 bytes from 54.197.223.49: icmp_seq=2581 ttl=43 time=64.9 ms
08-12 10:57:25.367 12222 12369 D cellinfo: 46 bytes from 54.197.223.49: icmp_seq=2582 ttl=43 time=64.1 ms
08-12 10:57:25.569 12222 12369 D cellinfo: 46 bytes from 54.197.223.49: icmp_seq=2583 ttl=43 time=64.8 ms
08-12 10:57:25.767 12222 12369 D cellinfo: 46 bytes from 54.197.223.49: icmp_seq=2584 ttl=43 time=63.6 ms
08-12 10:57:25.967 12222 12369 D cellinfo: 46 bytes from 54.197.223.49: icmp_seq=2585 ttl=43 time=62.8 ms
08-12 10:57:26.167 12222 12369 D cellinfo: 46 bytes from 54.197.223.49: icmp_seq=2586 ttl=43 time=61.4 ms
08-12 10:57:26.378 12222 12369 D cellinfo: 46 bytes from 54.197.223.49: icmp_seq=2587 ttl=43 time=68.6 ms
08-12 10:57:26.578 12222 12369 D cellinfo: 46 bytes from 54.197.223.49: icmp_seq=2588 ttl=43 time=68.0 ms
08-12 10:57:26.778 12222 12369 D cellinfo: 46 bytes from 54.197.223.49: icmp_seq=2589 ttl=43 time=66.2 ms
08-12 10:57:26.960 12222 12222 D cellinfo: Latitude is 41.2609488
08-12 10:57:26.960 12222 12222 D cellinfo: Longitude is -95.8222066
08-12 10:57:26.960 12222 12222 D cellinfo: Instantaneous GPS information: United States, 421 Gleason Ave, Council Bluffs, IA 51503, USA
08-12 10:57:26.960 12222 12222 D cellinfo: getCurrentLocation() result: Location (success): 41.2609488, -95.8222066
08-12 10:57:26.977 12222 12369 D cellinfo: 46 bytes from 54.197.223.49: icmp_seq=2590 ttl=43 time=63.5 ms
08-12 10:57:27.006 12222 12222 D cellinfo: onCellInfoChanged: Operator: AT&T UpdateTimestamp: 324519741 CellConnectionStatus: 0
08-12 10:57:27.006 12222 12222 D cellinfo: onCellInfoChanged: LTE Cell Bands: [30] Bandwidth: 2147483647 Cell ID: 95045526 Physical Cell ID: 274 Tracking Area Code: 18688 EARFCN: 9820
08-12 10:57:27.177 12222 12369 D cellinfo: 46 bytes from 54.197.223.49: icmp_seq=2591 ttl=43 time=63.4 ms
08-12 10:57:27.378 12222 12369 D cellinfo: 46 bytes from 54.197.223.49: icmp_seq=2592 ttl=43 time=62.9 ms
08-12 10:57:27.578 12222 12369 D cellinfo: 46 bytes from 54.197.223.49: icmp_seq=2593 ttl=43 time=62.5 ms
08-12 10:57:27.777 12222 12369 D cellinfo: 46 bytes from 54.197.223.49: icmp_seq=2594 ttl=43 time=60.2 ms
08-12 10:57:27.978 12222 12369 D cellinfo: 46 bytes from 54.197.223.49: icmp_seq=2595 ttl=43 time=62.0 ms
08-12 10:57:28.178 12222 12369 D cellinfo: 46 bytes from 54.197.223.49: icmp_seq=2596 ttl=43 time=59.6 ms
08-12 10:57:28.385 12222 12369 D cellinfo: 46 bytes from 54.197.223.49: icmp_seq=2597 ttl=43 time=67.4 ms
08-12 10:57:28.617 12222 12369 D cellinfo: 46 bytes from 54.197.223.49: icmp_seq=2598 ttl=43 time=98.0 ms
08-12 10:57:28.788 12222 12369 D cellinfo: 46 bytes from 54.197.223.49: icmp_seq=2599 ttl=43 time=68.3 ms
08-12 10:57:29.016 12222 12369 D cellinfo: 46 bytes from 54.197.223.49: icmp_seq=2600 ttl=43 time=96.3 ms
08-12 10:57:29.195 12222 12369 D cellinfo: 46 bytes from 54.197.223.49: icmp_seq=2601 ttl=43 time=74.7 ms
08-12 10:57:29.416 12222 12369 D cellinfo: 46 bytes from 54.197.223.49: icmp_seq=2602 ttl=43 time=94.1 ms
08-12 10:57:29.586 12222 12369 D cellinfo: 46 bytes from 54.197.223.49: icmp_seq=2603 ttl=43 time=63.0 ms
08-12 10:57:29.745 12222 12222 D cellinfo: onsignalStrengthsChanged: LTE Signal Strength info: rsrp: -83 rsrq: -8 rssi: -75 rssnr: 19
08-12 10:57:29.816 12222 12369 D cellinfo: 46 bytes from 54.197.223.49: icmp_seq=2604 ttl=43 time=91.6 ms
08-12 10:57:29.910 12222 12222 D cellinfo: onsignalStrengthsChanged: LTE Signal Strength info: rsrp: -85 rsrq: -8 rssi: -81 rssnr: 18
08-12 10:57:29.969 12222 12222 D cellinfo: Latitude is 41.2609488
08-12 10:57:29.969 12222 12222 D cellinfo: Longitude is -95.8222066
08-12 10:57:29.969 12222 12222 D cellinfo: Instantaneous GPS information: United States, 421 Gleason Ave, Council Bluffs, IA 51503, USA
08-12 10:57:29.969 12222 12222 D cellinfo: getCurrentLocation() result: Location (success): 41.2609488, -95.8222066
08-12 10:57:29.987 12222 12369 D cellinfo: 46 bytes from 54.197.223.49: icmp_seq=2605 ttl=43 time=62.6 ms
08-12 10:57:30.023 12222 12222 D cellinfo: onCellInfoChanged: Operator: AT&T UpdateTimestamp: 324522759 CellConnectionStatus: 0
08-12 10:57:30.023 12222 12222 D cellinfo: onCellInfoChanged: LTE Cell Bands: [30] Bandwidth: 2147483647 Cell ID: 95045526 Physical Cell ID: 274 Tracking Area Code: 18688 EARFCN: 9820
08-12 10:57:30.217 12222 12369 D cellinfo: 46 bytes from 54.197.223.49: icmp_seq=2606 ttl=43 time=90.0 ms
08-12 10:57:30.396 12222 12369 D cellinfo: 46 bytes from 54.197.223.49: icmp_seq=2607 ttl=43 time=68.8 ms
08-12 10:57:30.586 12222 12369 D cellinfo: 46 bytes from 54.197.223.49: icmp_seq=2608 ttl=43 time=57.5 ms
08-12 10:57:30.797 12222 12369 D cellinfo: 46 bytes from 54.197.223.49: icmp_seq=2609 ttl=43 time=67.6 ms
08-12 10:57:30.997 12222 12369 D cellinfo: 46 bytes from 54.197.223.49: icmp_seq=2610 ttl=43 time=67.0 ms
08-12 10:57:31.197 12222 12369 D cellinfo: 46 bytes from 54.197.223.49: icmp_seq=2611 ttl=43 time=65.8 ms
08-12 10:57:31.398 12222 12369 D cellinfo: 46 bytes from 54.197.223.49: icmp_seq=2612 ttl=43 time=65.8 ms
08-12 10:57:31.597 12222 12369 D cellinfo: 46 bytes from 54.197.223.49: icmp_seq=2613 ttl=43 time=65.0 ms
08-12 10:57:31.797 12222 12369 D cellinfo: 46 bytes from 54.197.223.49: icmp_seq=2614 ttl=43 time=65.4 ms
08-12 10:57:31.986 12222 12222 D cellinfo: onsignalStrengthsChanged: LTE Signal Strength info: rsrp: -88 rsrq: -9 rssi: -81 rssnr: 16
08-12 10:57:31.997 12222 12369 D cellinfo: 46 bytes from 54.197.223.49: icmp_seq=2615 ttl=43 time=63.5 ms
08-12 10:57:32.206 12222 12369 D cellinfo: 46 bytes from 54.197.223.49: icmp_seq=2616 ttl=43 time=71.0 ms
08-12 10:57:32.406 12222 12369 D cellinfo: 46 bytes from 54.197.223.49: icmp_seq=2617 ttl=43 time=69.1 ms
08-12 10:57:32.598 12222 12369 D cellinfo: 46 bytes from 54.197.223.49: icmp_seq=2618 ttl=43 time=60.6 ms
08-12 10:57:32.805 12222 12369 D cellinfo: 46 bytes from 54.197.223.49: icmp_seq=2619 ttl=43 time=66.1 ms
08-12 10:57:32.926 12222 12222 D cellinfo: onsignalStrengthsChanged: LTE Signal Strength info: rsrp: -91 rsrq: -9 rssi: -87 rssnr: 14
08-12 10:57:33.005 12222 12222 D cellinfo: onCellInfoChanged: Operator: AT&T UpdateTimestamp: 324525742 CellConnectionStatus: 0
08-12 10:57:33.005 12222 12222 D cellinfo: onCellInfoChanged: LTE Cell Bands: [30] Bandwidth: 2147483647 Cell ID: 95045526 Physical Cell ID: 274 Tracking Area Code: 18688 EARFCN: 9820
08-12 10:57:33.007 12222 12369 D cellinfo: 46 bytes from 54.197.223.49: icmp_seq=2620 ttl=43 time=68.5 ms
08-12 10:57:33.210 12222 12369 D cellinfo: 46 bytes from 54.197.223.49: icmp_seq=2621 ttl=43 time=70.3 ms
08-12 10:57:33.407 12222 12369 D cellinfo: 46 bytes from 54.197.223.49: icmp_seq=2622 ttl=43 time=65.9 ms
08-12 10:57:33.608 12222 12369 D cellinfo: 46 bytes from 54.197.223.49: icmp_seq=2623 ttl=43 time=67.0 ms
08-12 10:57:33.809 12222 12369 D cellinfo: 46 bytes from 54.197.223.49: icmp_seq=2624 ttl=43 time=65.3 ms
08-12 10:57:34.008 12222 12369 D cellinfo: 46 bytes from 54.197.223.49: icmp_seq=2625 ttl=43 time=64.2 ms
08-12 10:57:34.207 12222 12369 D cellinfo: 46 bytes from 54.197.223.49: icmp_seq=2626 ttl=43 time=63.9 ms
08-12 10:57:34.409 12222 12369 D cellinfo: 46 bytes from 54.197.223.49: icmp_seq=2627 ttl=43 time=64.1 ms
08-12 10:57:34.625 12222 12369 D cellinfo: 46 bytes from 54.197.223.49: icmp_seq=2628 ttl=43 time=77.1 ms
08-12 10:57:34.807 12222 12369 D cellinfo: 46 bytes from 54.197.223.49: icmp_seq=2629 ttl=43 time=59.5 ms
08-12 10:57:34.889 12222 12222 D cellinfo: Latitude is 41.260791
08-12 10:57:34.889 12222 12222 D cellinfo: Longitude is -95.8233131
08-12 10:57:34.889 12222 12222 D cellinfo: Instantaneous GPS information: United States, 137 Arbor Cir, Council Bluffs, IA 51503, USA
08-12 10:57:34.889 12222 12222 D cellinfo: getCurrentLocation() result: Location (success): 41.260791, -95.8233131
08-12 10:57:35.008 12222 12369 D cellinfo: 46 bytes from 54.197.223.49: icmp_seq=2630 ttl=43 time=58.3 ms
08-12 10:57:35.216 12222 12369 D cellinfo: 46 bytes from 54.197.223.49: icmp_seq=2631 ttl=43 time=67.3 ms
08-12 10:57:35.419 12222 12369 D cellinfo: 46 bytes from 54.197.223.49: icmp_seq=2632 ttl=43 time=68.4 ms
08-12 10:57:35.625 12222 12369 D cellinfo: 46 bytes from 54.197.223.49: icmp_seq=2633 ttl=43 time=74.3 ms
08-12 10:57:35.826 12222 12369 D cellinfo: 46 bytes from 54.197.223.49: icmp_seq=2634 ttl=43 time=73.4 ms
08-12 10:57:35.943 12222 12222 D cellinfo: onsignalStrengthsChanged: LTE Signal Strength info: rsrp: -97 rsrq: -9 rssi: -85 rssnr: 11
08-12 10:57:35.959 12222 12222 D cellinfo: Latitude is 41.260791
08-12 10:57:35.959 12222 12222 D cellinfo: Longitude is -95.8233131
08-12 10:57:35.959 12222 12222 D cellinfo: Instantaneous GPS information: United States, 137 Arbor Cir, Council Bluffs, IA 51503, USA
08-12 10:57:35.959 12222 12222 D cellinfo: getCurrentLocation() result: Location (success): 41.260791, -95.8233131
08-12 10:57:36.007 12222 12222 D cellinfo: onCellInfoChanged: Operator: AT&T UpdateTimestamp: 324528746 CellConnectionStatus: 0
08-12 10:57:36.007 12222 12222 D cellinfo: onCellInfoChanged: LTE Cell Bands: [30] Bandwidth: 2147483647 Cell ID: 95045526 Physical Cell ID: 274 Tracking Area Code: 18688 EARFCN: 9820
08-12 10:57:36.017 12222 12369 D cellinfo: 46 bytes from 54.197.223.49: icmp_seq=2635 ttl=43 time=61.6 ms
08-12 10:57:36.218 12222 12369 D cellinfo: 46 bytes from 54.197.223.49: icmp_seq=2636 ttl=43 time=62.5 ms
08-12 10:57:36.422 12222 12369 D cellinfo: 46 bytes from 54.197.223.49: icmp_seq=2637 ttl=43 time=65.1 ms
08-12 10:57:36.458 12222 12222 D cellinfo: onsignalStrengthsChanged: LTE Signal Strength info: rsrp: -100 rsrq: -9 rssi: -85 rssnr: 10
08-12 10:57:36.657 12222 12369 D cellinfo: 46 bytes from 54.197.223.49: icmp_seq=2638 ttl=43 time=100 ms
08-12 10:57:36.822 12222 12369 D cellinfo: 46 bytes from 54.197.223.49: icmp_seq=2639 ttl=43 time=64.7 ms
08-12 10:57:37.057 12222 12369 D cellinfo: 46 bytes from 54.197.223.49: icmp_seq=2640 ttl=43 time=97.6 ms
08-12 10:57:37.256 12222 12369 D cellinfo: 46 bytes from 54.197.223.49: icmp_seq=2641 ttl=43 time=97.0 ms
08-12 10:57:37.458 12222 12369 D cellinfo: 46 bytes from 54.197.223.49: icmp_seq=2642 ttl=43 time=95.9 ms
08-12 10:57:37.658 12222 12369 D cellinfo: 46 bytes from 54.197.223.49: icmp_seq=2643 ttl=43 time=95.7 ms
08-12 10:57:37.857 12222 12369 D cellinfo: 46 bytes from 54.197.223.49: icmp_seq=2644 ttl=43 time=94.5 ms
08-12 10:57:38.056 12222 12369 D cellinfo: 46 bytes from 54.197.223.49: icmp_seq=2645 ttl=43 time=93.0 ms
08-12 10:57:38.257 12222 12369 D cellinfo: 46 bytes from 54.197.223.49: icmp_seq=2646 ttl=43 time=93.6 ms
08-12 10:57:38.382 12222 12222 D cellinfo: onsignalStrengthsChanged: LTE Signal Strength info: rsrp: -103 rsrq: -9 rssi: -85 rssnr: 10
08-12 10:57:38.394 12222 12222 D cellinfo: onCellInfoChanged: Operator: AT&T UpdateTimestamp: 324531130 CellConnectionStatus: 0
08-12 10:57:38.394 12222 12222 D cellinfo: onCellInfoChanged: LTE Cell Bands: [12] Bandwidth: 2147483647 Cell ID: 95045393 Physical Cell ID: 275 Tracking Area Code: 18688 EARFCN: 5110
08-12 10:57:38.425 12222 12222 D cellinfo: onServiceStateChanged: Channel Number: 5110 Cell Bandwidths: []
08-12 10:57:38.429 12222 12369 D cellinfo: 46 bytes from 54.197.223.49: icmp_seq=2647 ttl=43 time=64.3 ms
08-12 10:57:38.648 12222 12369 D cellinfo: 46 bytes from 54.197.223.49: icmp_seq=2648 ttl=43 time=80.1 ms
08-12 10:57:38.703 12222 12222 D cellinfo: onsignalStrengthsChanged: LTE Signal Strength info: rsrp: -106 rsrq: -9 rssi: -85 rssnr: 10
08-12 10:57:38.837 12222 12369 D cellinfo: 46 bytes from 54.197.223.49: icmp_seq=2649 ttl=43 time=68.9 ms
08-12 10:57:38.961 12222 12222 D cellinfo: onsignalStrengthsChanged: LTE Signal Strength info: rsrp: -108 rsrq: -10 rssi: -73 rssnr: 7
08-12 10:57:38.979 12222 12222 D cellinfo: Latitude is 41.260791
08-12 10:57:38.980 12222 12222 D cellinfo: Longitude is -95.8233131
08-12 10:57:38.980 12222 12222 D cellinfo: Instantaneous GPS information: United States, 137 Arbor Cir, Council Bluffs, IA 51503, USA
08-12 10:57:38.980 12222 12222 D cellinfo: getCurrentLocation() result: Location (success): 41.260791, -95.8233131
08-12 10:57:39.014 12222 12222 D cellinfo: onCellInfoChanged: Operator: AT&T UpdateTimestamp: 324531752 CellConnectionStatus: 0
08-12 10:57:39.014 12222 12222 D cellinfo: onCellInfoChanged: LTE Cell Bands: [12] Bandwidth: 2147483647 Cell ID: 95045393 Physical Cell ID: 275 Tracking Area Code: 18688 EARFCN: 5110
08-12 10:57:39.052 12222 12369 D cellinfo: 46 bytes from 54.197.223.49: icmp_seq=2650 ttl=43 time=83.2 ms
08-12 10:57:39.231 12222 12369 D cellinfo: 46 bytes from 54.197.223.49: icmp_seq=2651 ttl=43 time=60.5 ms
08-12 10:57:39.429 12222 12369 D cellinfo: 46 bytes from 54.197.223.49: icmp_seq=2652 ttl=43 time=59.6 ms
08-12 10:57:39.630 12222 12369 D cellinfo: 46 bytes from 54.197.223.49: icmp_seq=2653 ttl=43 time=58.2 ms
08-12 10:57:39.840 12222 12369 D cellinfo: 46 bytes from 54.197.223.49: icmp_seq=2654 ttl=43 time=67.2 ms
08-12 10:57:40.069 12222 12369 D cellinfo: 46 bytes from 54.197.223.49: icmp_seq=2655 ttl=43 time=95.4 ms
08-12 10:57:40.242 12222 12369 D cellinfo: 46 bytes from 54.197.223.49: icmp_seq=2656 ttl=43 time=66.2 ms
08-12 10:57:40.448 12222 12369 D cellinfo: 46 bytes from 54.197.223.49: icmp_seq=2657 ttl=43 time=73.1 ms
08-12 10:57:40.656 12222 12369 D cellinfo: 46 bytes from 54.197.223.49: icmp_seq=2658 ttl=43 time=79.4 ms
08-12 10:57:40.840 12222 12369 D cellinfo: 46 bytes from 54.197.223.49: icmp_seq=2659 ttl=43 time=62.8 ms
08-12 10:57:40.939 12222 12222 D cellinfo: onsignalStrengthsChanged: LTE Signal Strength info: rsrp: -109 rsrq: -10 rssi: -73 rssnr: 5
08-12 10:57:41.054 12222 12369 D cellinfo: 46 bytes from 54.197.223.49: icmp_seq=2660 ttl=43 time=75.1 ms
08-12 10:57:41.239 12222 12369 D cellinfo: 46 bytes from 54.197.223.49: icmp_seq=2661 ttl=43 time=59.6 ms
08-12 10:57:41.459 12222 12222 D cellinfo: onCellInfoChanged: Operator: AT&T UpdateTimestamp: 324534189 CellConnectionStatus: 0
08-12 10:57:41.460 12222 12222 D cellinfo: onCellInfoChanged: LTE Cell Bands: [12] Bandwidth: 2147483647 Cell ID: 95045393 Physical Cell ID: 275 Tracking Area Code: 18688 EARFCN: 5110
08-12 10:57:41.465 12222 12369 D cellinfo: 46 bytes from 54.197.223.49: icmp_seq=2662 ttl=43 time=82.7 ms
08-12 10:57:41.669 12222 12369 D cellinfo: 46 bytes from 54.197.223.49: icmp_seq=2663 ttl=43 time=85.0 ms
08-12 10:57:41.849 12222 12369 D cellinfo: 46 bytes from 54.197.223.49: icmp_seq=2664 ttl=43 time=64.2 ms
08-12 10:57:41.946 12222 12222 D cellinfo: onsignalStrengthsChanged: LTE Signal Strength info: rsrp: -109 rsrq: -11 rssi: -71 rssnr: 4
08-12 10:57:41.955 12222 12222 D cellinfo: Latitude is 41.260791
08-12 10:57:41.955 12222 12222 D cellinfo: Longitude is -95.8233131
08-12 10:57:41.955 12222 12222 D cellinfo: Instantaneous GPS information: United States, 137 Arbor Cir, Council Bluffs, IA 51503, USA
08-12 10:57:41.955 12222 12222 D cellinfo: getCurrentLocation() result: Location (success): 41.260791, -95.8233131
08-12 10:57:42.065 12222 12369 D cellinfo: 46 bytes from 54.197.223.49: icmp_seq=2665 ttl=43 time=80.7 ms
08-12 10:57:42.265 12222 12369 D cellinfo: 46 bytes from 54.197.223.49: icmp_seq=2666 ttl=43 time=81.0 ms
08-12 10:57:42.449 12222 12369 D cellinfo: 46 bytes from 54.197.223.49: icmp_seq=2667 ttl=43 time=63.7 ms
08-12 10:57:42.656 12222 12369 D cellinfo: 46 bytes from 54.197.223.49: icmp_seq=2668 ttl=43 time=69.2 ms
08-12 10:57:42.849 12222 12369 D cellinfo: 46 bytes from 54.197.223.49: icmp_seq=2669 ttl=43 time=61.8 ms
08-12 10:57:43.058 12222 12369 D cellinfo: 46 bytes from 54.197.223.49: icmp_seq=2670 ttl=43 time=70.1 ms
08-12 10:57:43.182 12222 12222 D cellinfo: onsignalStrengthsChanged: LTE Signal Strength info: rsrp: -108 rsrq: -12 rssi: -71 rssnr: 3
08-12 10:57:43.250 12222 12369 D cellinfo: 46 bytes from 54.197.223.49: icmp_seq=2671 ttl=43 time=62.6 ms
08-12 10:57:43.450 12222 12369 D cellinfo: 46 bytes from 54.197.223.49: icmp_seq=2672 ttl=43 time=61.7 ms
08-12 10:57:43.649 12222 12369 D cellinfo: 46 bytes from 54.197.223.49: icmp_seq=2673 ttl=43 time=60.8 ms
08-12 10:57:43.850 12222 12369 D cellinfo: 46 bytes from 54.197.223.49: icmp_seq=2674 ttl=43 time=61.5 ms
08-12 10:57:44.060 12222 12369 D cellinfo: 46 bytes from 54.197.223.49: icmp_seq=2675 ttl=43 time=68.7 ms
08-12 10:57:44.309 12222 12369 D cellinfo: 46 bytes from 54.197.223.49: icmp_seq=2676 ttl=43 time=118 ms
08-12 10:57:44.476 12222 12369 D cellinfo: 46 bytes from 54.197.223.49: icmp_seq=2677 ttl=43 time=84.7 ms
08-12 10:57:44.666 12222 12369 D cellinfo: 46 bytes from 54.197.223.49: icmp_seq=2678 ttl=43 time=76.3 ms
08-12 10:57:44.859 12222 12369 D cellinfo: 46 bytes from 54.197.223.49: icmp_seq=2679 ttl=43 time=67.2 ms
08-12 10:57:44.939 12222 12222 D cellinfo: onsignalStrengthsChanged: LTE Signal Strength info: rsrp: -107 rsrq: -12 rssi: -75 rssnr: 3
08-12 10:57:44.990 12222 12222 D cellinfo: onCellInfoChanged: Operator: AT&T UpdateTimestamp: 324537726 CellConnectionStatus: 0
08-12 10:57:44.991 12222 12222 D cellinfo: onCellInfoChanged: LTE Cell Bands: [12] Bandwidth: 2147483647 Cell ID: 95045393 Physical Cell ID: 275 Tracking Area Code: 18688 EARFCN: 5110
08-12 10:57:45.065 12222 12369 D cellinfo: 46 bytes from 54.197.223.49: icmp_seq=2680 ttl=43 time=73.6 ms
08-12 10:57:45.267 12222 12369 D cellinfo: 46 bytes from 54.197.223.49: icmp_seq=2681 ttl=43 time=75.6 ms
08-12 10:57:45.467 12222 12369 D cellinfo: 46 bytes from 54.197.223.49: icmp_seq=2682 ttl=43 time=74.7 ms
08-12 10:57:45.660 12222 12369 D cellinfo: 46 bytes from 54.197.223.49: icmp_seq=2683 ttl=43 time=66.0 ms
08-12 10:57:45.860 12222 12369 D cellinfo: 46 bytes from 54.197.223.49: icmp_seq=2684 ttl=43 time=65.5 ms
08-12 10:57:46.068 12222 12369 D cellinfo: 46 bytes from 54.197.223.49: icmp_seq=2685 ttl=43 time=73.4 ms
08-12 10:57:46.260 12222 12369 D cellinfo: 46 bytes from 54.197.223.49: icmp_seq=2686 ttl=43 time=64.0 ms
08-12 10:57:46.468 12222 12369 D cellinfo: 46 bytes from 54.197.223.49: icmp_seq=2687 ttl=43 time=70.2 ms
08-12 10:57:46.516 12222 12222 D cellinfo: Latitude is 41.2610602
08-12 10:57:46.517 12222 12222 D cellinfo: Longitude is -95.8248113
08-12 10:57:46.517 12222 12222 D cellinfo: Instantaneous GPS information: United States, 128 Bonham Cir, Council Bluffs, IA 51503, USA
08-12 10:57:46.517 12222 12222 D cellinfo: getCurrentLocation() result: Location (success): 41.2610602, -95.8248113
08-12 10:57:46.664 12222 12369 D cellinfo: 46 bytes from 54.197.223.49: icmp_seq=2688 ttl=43 time=67.3 ms
08-12 10:57:46.860 12222 12369 D cellinfo: 46 bytes from 54.197.223.49: icmp_seq=2689 ttl=43 time=61.4 ms
08-12 10:57:47.060 12222 12369 D cellinfo: 46 bytes from 54.197.223.49: icmp_seq=2690 ttl=43 time=59.4 ms
08-12 10:57:47.260 12222 12369 D cellinfo: 46 bytes from 54.197.223.49: icmp_seq=2691 ttl=43 time=59.2 ms
08-12 10:57:47.460 12222 12369 D cellinfo: 46 bytes from 54.197.223.49: icmp_seq=2692 ttl=43 time=59.5 ms
08-12 10:57:47.663 12222 12222 D cellinfo: onsignalStrengthsChanged: LTE Signal Strength info: rsrp: -106 rsrq: -14 rssi: -71 rssnr: 2
08-12 10:57:47.679 12222 12369 D cellinfo: 46 bytes from 54.197.223.49: icmp_seq=2693 ttl=43 time=78.3 ms
08-12 10:57:47.870 12222 12369 D cellinfo: 46 bytes from 54.197.223.49: icmp_seq=2694 ttl=43 time=66.4 ms
08-12 10:57:47.948 12222 12222 D cellinfo: onsignalStrengthsChanged: LTE Signal Strength info: rsrp: -105 rsrq: -14 rssi: -69 rssnr: 2
08-12 10:57:48.070 12222 12369 D cellinfo: 46 bytes from 54.197.223.49: icmp_seq=2695 ttl=43 time=65.4 ms
08-12 10:57:48.270 12222 12369 D cellinfo: 46 bytes from 54.197.223.49: icmp_seq=2696 ttl=43 time=64.2 ms
08-12 10:57:48.471 12222 12369 D cellinfo: 46 bytes from 54.197.223.49: icmp_seq=2697 ttl=43 time=62.2 ms
08-12 10:57:48.476 12222 12222 D cellinfo: Latitude is 41.2610675
08-12 10:57:48.476 12222 12222 D cellinfo: Longitude is -95.8248886
08-12 10:57:48.476 12222 12222 D cellinfo: Instantaneous GPS information: United States, 128 Bonham Cir, Council Bluffs, IA 51503, USA
08-12 10:57:48.476 12222 12222 D cellinfo: getCurrentLocation() result: Location (success): 41.2610675, -95.8248886
08-12 10:57:48.479 12222 12222 D cellinfo: onCellInfoChanged: Operator: AT&T UpdateTimestamp: 324540743 CellConnectionStatus: 0
08-12 10:57:48.479 12222 12222 D cellinfo: onCellInfoChanged: LTE Cell Bands: [12] Bandwidth: 2147483647 Cell ID: 95045393 Physical Cell ID: 275 Tracking Area Code: 18688 EARFCN: 5110
08-12 10:57:48.668 12222 12369 D cellinfo: 46 bytes from 54.197.223.49: icmp_seq=2698 ttl=43 time=60.5 ms
08-12 10:57:48.877 12222 12369 D cellinfo: 46 bytes from 54.197.223.49: icmp_seq=2699 ttl=43 time=66.3 ms
08-12 10:57:49.080 12222 12369 D cellinfo: 46 bytes from 54.197.223.49: icmp_seq=2700 ttl=43 time=68.4 ms
08-12 10:57:49.278 12222 12369 D cellinfo: 46 bytes from 54.197.223.49: icmp_seq=2701 ttl=43 time=66.1 ms
08-12 10:57:49.508 12222 12369 D cellinfo: 46 bytes from 54.197.223.49: icmp_seq=2702 ttl=43 time=94.4 ms
08-12 10:57:49.679 12222 12369 D cellinfo: 46 bytes from 54.197.223.49: icmp_seq=2703 ttl=43 time=65.0 ms
08-12 10:57:49.879 12222 12369 D cellinfo: 46 bytes from 54.197.223.49: icmp_seq=2704 ttl=43 time=63.8 ms
08-12 10:57:49.902 12222 12222 D cellinfo: onsignalStrengthsChanged: LTE Signal Strength info: rsrp: -104 rsrq: -14 rssi: -67 rssnr: 2
08-12 10:57:50.088 12222 12369 D cellinfo: 46 bytes from 54.197.223.49: icmp_seq=2705 ttl=43 time=71.0 ms
08-12 10:57:50.278 12222 12369 D cellinfo: 46 bytes from 54.197.223.49: icmp_seq=2706 ttl=43 time=62.0 ms
08-12 10:57:50.488 12222 12369 D cellinfo: 46 bytes from 54.197.223.49: icmp_seq=2707 ttl=43 time=69.6 ms
08-12 10:57:50.689 12222 12369 D cellinfo: 46 bytes from 54.197.223.49: icmp_seq=2708 ttl=43 time=70.3 ms
08-12 10:57:50.879 12222 12369 D cellinfo: 46 bytes from 54.197.223.49: icmp_seq=2709 ttl=43 time=60.6 ms
08-12 10:57:50.965 12222 12222 D cellinfo: Latitude is 41.2610675
08-12 10:57:50.965 12222 12222 D cellinfo: Longitude is -95.8248886
08-12 10:57:50.965 12222 12222 D cellinfo: Instantaneous GPS information: United States, 128 Bonham Cir, Council Bluffs, IA 51503, USA
08-12 10:57:50.965 12222 12222 D cellinfo: getCurrentLocation() result: Location (success): 41.2610675, -95.8248886
08-12 10:57:51.004 12222 12222 D cellinfo: onCellInfoChanged: Operator: AT&T UpdateTimestamp: 324543739 CellConnectionStatus: 0
08-12 10:57:51.004 12222 12222 D cellinfo: onCellInfoChanged: LTE Cell Bands: [12] Bandwidth: 2147483647 Cell ID: 95045393 Physical Cell ID: 275 Tracking Area Code: 18688 EARFCN: 5110
08-12 10:57:51.079 12222 12369 D cellinfo: 46 bytes from 54.197.223.49: icmp_seq=2710 ttl=43 time=58.9 ms
08-12 10:57:51.291 12222 12369 D cellinfo: 46 bytes from 54.197.223.49: icmp_seq=2711 ttl=43 time=68.2 ms
08-12 10:57:51.491 12222 12369 D cellinfo: 46 bytes from 54.197.223.49: icmp_seq=2712 ttl=43 time=67.1 ms
08-12 10:57:51.691 12222 12369 D cellinfo: 46 bytes from 54.197.223.49: icmp_seq=2713 ttl=43 time=65.2 ms
08-12 10:57:51.891 12222 12369 D cellinfo: 46 bytes from 54.197.223.49: icmp_seq=2714 ttl=43 time=63.7 ms
08-12 10:57:52.091 12222 12369 D cellinfo: 46 bytes from 54.197.223.49: icmp_seq=2715 ttl=43 time=62.9 ms
08-12 10:57:52.143 12222 12222 D cellinfo: onsignalStrengthsChanged: LTE Signal Strength info: rsrp: -101 rsrq: -14 rssi: -65 rssnr: 2
08-12 10:57:52.308 12222 12369 D cellinfo: 46 bytes from 54.197.223.49: icmp_seq=2716 ttl=43 time=80.1 ms
08-12 10:57:52.497 12222 12369 D cellinfo: 46 bytes from 54.197.223.49: icmp_seq=2717 ttl=43 time=67.6 ms
08-12 10:57:52.699 12222 12369 D cellinfo: 46 bytes from 54.197.223.49: icmp_seq=2718 ttl=43 time=68.8 ms
08-12 10:57:52.899 12222 12369 D cellinfo: 46 bytes from 54.197.223.49: icmp_seq=2719 ttl=43 time=67.8 ms
08-12 10:57:53.100 12222 12369 D cellinfo: 46 bytes from 54.197.223.49: icmp_seq=2720 ttl=43 time=66.7 ms
08-12 10:57:53.298 12222 12369 D cellinfo: 46 bytes from 54.197.223.49: icmp_seq=2721 ttl=43 time=63.4 ms
08-12 10:57:53.499 12222 12369 D cellinfo: 46 bytes from 54.197.223.49: icmp_seq=2722 ttl=43 time=62.8 ms
08-12 10:57:53.699 12222 12369 D cellinfo: 46 bytes from 54.197.223.49: icmp_seq=2723 ttl=43 time=60.6 ms
08-12 10:57:53.902 12222 12369 D cellinfo: 46 bytes from 54.197.223.49: icmp_seq=2724 ttl=43 time=59.7 ms
