08-12 16:09:43.260 30878 31314 D cellinfo: 46 bytes from 54.197.223.49: icmp_seq=612 ttl=43 time=55.8 ms
08-12 16:09:43.460 30878 31314 D cellinfo: 46 bytes from 54.197.223.49: icmp_seq=613 ttl=43 time=55.4 ms
08-12 16:09:43.660 30878 31314 D cellinfo: 46 bytes from 54.197.223.49: icmp_seq=614 ttl=43 time=56.4 ms
08-12 16:09:43.860 30878 31314 D cellinfo: 46 bytes from 54.197.223.49: icmp_seq=615 ttl=43 time=54.1 ms
08-12 16:09:44.070 30878 31314 D cellinfo: 46 bytes from 54.197.223.49: icmp_seq=616 ttl=43 time=64.3 ms
08-12 16:09:44.270 30878 31314 D cellinfo: 46 bytes from 54.197.223.49: icmp_seq=617 ttl=43 time=63.3 ms
08-12 16:09:44.470 30878 31314 D cellinfo: 46 bytes from 54.197.223.49: icmp_seq=618 ttl=43 time=61.9 ms
08-12 16:09:44.669 30878 31314 D cellinfo: 46 bytes from 54.197.223.49: icmp_seq=619 ttl=43 time=60.3 ms
08-12 16:09:44.868 30878 31314 D cellinfo: 46 bytes from 54.197.223.49: icmp_seq=620 ttl=43 time=57.9 ms
08-12 16:09:44.976 30878 30878 D cellinfo: Latitude is 41.5743958
08-12 16:09:44.976 30878 30878 D cellinfo: Longitude is -93.8501274
08-12 16:09:44.976 30878 30878 D cellinfo: Instantaneous GPS information: United States, 1300 SE Kettlestone Blvd, Waukee, IA 50263, USA
08-12 16:09:44.976 30878 30878 D cellinfo: getCurrentLocation() result: Location (success): 41.5743958, -93.8501274
08-12 16:09:45.040 30878 30878 D cellinfo: onCellInfoChanged: Operator: AT&T UpdateTimestamp: 343257774 CellConnectionStatus: 0
08-12 16:09:45.040 30878 30878 D cellinfo: onCellInfoChanged: LTE Cell Bands: [2] Bandwidth: 2147483647 Cell ID: 74650888 Physical Cell ID: 468 Tracking Area Code: 18436 EARFCN: 900
08-12 16:09:45.069 30878 31314 D cellinfo: 46 bytes from 54.197.223.49: icmp_seq=621 ttl=43 time=57.9 ms
08-12 16:09:45.270 30878 31314 D cellinfo: 46 bytes from 54.197.223.49: icmp_seq=622 ttl=43 time=57.1 ms
08-12 16:09:45.378 30878 30878 D cellinfo: onsignalStrengthsChanged: LTE Signal Strength info: rsrp: -101 rsrq: -9 rssi: -73 rssnr: 4
08-12 16:09:45.469 30878 31314 D cellinfo: 46 bytes from 54.197.223.49: icmp_seq=623 ttl=43 time=56.6 ms
08-12 16:09:45.669 30878 31314 D cellinfo: 46 bytes from 54.197.223.49: icmp_seq=624 ttl=43 time=55.8 ms
08-12 16:09:45.870 30878 31314 D cellinfo: 46 bytes from 54.197.223.49: icmp_seq=625 ttl=43 time=54.5 ms
08-12 16:09:46.079 30878 31314 D cellinfo: 46 bytes from 54.197.223.49: icmp_seq=626 ttl=43 time=62.9 ms
08-12 16:09:46.280 30878 31314 D cellinfo: 46 bytes from 54.197.223.49: icmp_seq=627 ttl=43 time=62.8 ms
08-12 16:09:46.479 30878 31314 D cellinfo: 46 bytes from 54.197.223.49: icmp_seq=628 ttl=43 time=61.6 ms
08-12 16:09:46.686 30878 31314 D cellinfo: 46 bytes from 54.197.223.49: icmp_seq=629 ttl=43 time=68.3 ms
08-12 16:09:46.881 30878 31314 D cellinfo: 46 bytes from 54.197.223.49: icmp_seq=630 ttl=43 time=61.2 ms
08-12 16:09:47.079 30878 31314 D cellinfo: 46 bytes from 54.197.223.49: icmp_seq=631 ttl=43 time=59.8 ms
08-12 16:09:47.098 30878 30878 D cellinfo: onsignalStrengthsChanged: LTE Signal Strength info: rsrp: -100 rsrq: -8 rssi: -73 rssnr: 6
08-12 16:09:47.278 30878 31314 D cellinfo: 46 bytes from 54.197.223.49: icmp_seq=632 ttl=43 time=58.4 ms
08-12 16:09:47.480 30878 31314 D cellinfo: 46 bytes from 54.197.223.49: icmp_seq=633 ttl=43 time=57.5 ms
08-12 16:09:47.679 30878 31314 D cellinfo: 46 bytes from 54.197.223.49: icmp_seq=634 ttl=43 time=56.6 ms
08-12 16:09:47.878 30878 31314 D cellinfo: 46 bytes from 54.197.223.49: icmp_seq=635 ttl=43 time=54.3 ms
08-12 16:09:47.977 30878 30878 D cellinfo: Latitude is 41.5743958
08-12 16:09:47.977 30878 30878 D cellinfo: Longitude is -93.8501274
08-12 16:09:47.977 30878 30878 D cellinfo: Instantaneous GPS information: United States, 1300 SE Kettlestone Blvd, Waukee, IA 50263, USA
08-12 16:09:47.977 30878 30878 D cellinfo: getCurrentLocation() result: Location (success): 41.5743958, -93.8501274
08-12 16:09:48.024 30878 30878 D cellinfo: onCellInfoChanged: Operator: AT&T UpdateTimestamp: 343260759 CellConnectionStatus: 0
08-12 16:09:48.024 30878 30878 D cellinfo: onCellInfoChanged: LTE Cell Bands: [2] Bandwidth: 2147483647 Cell ID: 74650888 Physical Cell ID: 468 Tracking Area Code: 18436 EARFCN: 900
08-12 16:09:48.079 30878 31314 D cellinfo: 46 bytes from 54.197.223.49: icmp_seq=636 ttl=43 time=53.7 ms
08-12 16:09:48.289 30878 31314 D cellinfo: 46 bytes from 54.197.223.49: icmp_seq=637 ttl=43 time=61.4 ms
08-12 16:09:48.393 30878 30878 D cellinfo: onsignalStrengthsChanged: LTE Signal Strength info: rsrp: -100 rsrq: -8 rssi: -69 rssnr: 7
08-12 16:09:48.489 30878 31314 D cellinfo: 46 bytes from 54.197.223.49: icmp_seq=638 ttl=43 time=60.4 ms
08-12 16:09:48.706 30878 31314 D cellinfo: 46 bytes from 54.197.223.49: icmp_seq=639 ttl=43 time=74.8 ms
08-12 16:09:48.891 30878 31314 D cellinfo: 46 bytes from 54.197.223.49: icmp_seq=640 ttl=43 time=61.0 ms
08-12 16:09:49.089 30878 31314 D cellinfo: 46 bytes from 54.197.223.49: icmp_seq=641 ttl=43 time=57.0 ms
08-12 16:09:49.289 30878 31314 D cellinfo: 46 bytes from 54.197.223.49: icmp_seq=642 ttl=43 time=56.3 ms
08-12 16:09:49.330 30878 30878 D cellinfo: onsignalStrengthsChanged: LTE Signal Strength info: rsrp: -100 rsrq: -8 rssi: -73 rssnr: 8
08-12 16:09:49.489 30878 31314 D cellinfo: 46 bytes from 54.197.223.49: icmp_seq=643 ttl=43 time=55.4 ms
08-12 16:09:49.754 30878 31314 D cellinfo: 46 bytes from 54.197.223.49: icmp_seq=644 ttl=43 time=118 ms
08-12 16:09:49.899 30878 31314 D cellinfo: 46 bytes from 54.197.223.49: icmp_seq=645 ttl=43 time=62.1 ms
08-12 16:09:50.101 30878 31314 D cellinfo: 46 bytes from 54.197.223.49: icmp_seq=646 ttl=43 time=62.4 ms
08-12 16:09:50.299 30878 31314 D cellinfo: 46 bytes from 54.197.223.49: icmp_seq=647 ttl=43 time=60.1 ms
08-12 16:09:50.499 30878 31314 D cellinfo: 46 bytes from 54.197.223.49: icmp_seq=648 ttl=43 time=59.3 ms
08-12 16:09:50.699 30878 31314 D cellinfo: 46 bytes from 54.197.223.49: icmp_seq=649 ttl=43 time=56.9 ms
08-12 16:09:50.906 30878 31314 D cellinfo: 46 bytes from 54.197.223.49: icmp_seq=650 ttl=43 time=63.6 ms
08-12 16:09:51.021 30878 30878 D cellinfo: onCellInfoChanged: Operator: AT&T UpdateTimestamp: 343263756 CellConnectionStatus: 0
08-12 16:09:51.021 30878 30878 D cellinfo: onCellInfoChanged: LTE Cell Bands: [2] Bandwidth: 2147483647 Cell ID: 74650888 Physical Cell ID: 468 Tracking Area Code: 18436 EARFCN: 900
08-12 16:09:51.107 30878 31314 D cellinfo: 46 bytes from 54.197.223.49: icmp_seq=651 ttl=43 time=64.4 ms
08-12 16:09:51.299 30878 31314 D cellinfo: 46 bytes from 54.197.223.49: icmp_seq=652 ttl=43 time=54.0 ms
08-12 16:09:51.398 30878 30878 D cellinfo: onsignalStrengthsChanged: LTE Signal Strength info: rsrp: -100 rsrq: -8 rssi: -71 rssnr: 7
08-12 16:09:51.519 30878 31314 D cellinfo: 46 bytes from 54.197.223.49: icmp_seq=653 ttl=43 time=71.8 ms
08-12 16:09:51.574 30878 30878 D cellinfo: onsignalStrengthsChanged: LTE Signal Strength info: rsrp: -101 rsrq: -9 rssi: -71 rssnr: 6
08-12 16:09:51.710 30878 31314 D cellinfo: 46 bytes from 54.197.223.49: icmp_seq=654 ttl=43 time=63.3 ms
08-12 16:09:51.910 30878 31314 D cellinfo: 46 bytes from 54.197.223.49: icmp_seq=655 ttl=43 time=62.7 ms
08-12 16:09:52.109 30878 31314 D cellinfo: 46 bytes from 54.197.223.49: icmp_seq=656 ttl=43 time=61.1 ms
08-12 16:09:52.309 30878 31314 D cellinfo: 46 bytes from 54.197.223.49: icmp_seq=657 ttl=43 time=60.9 ms
08-12 16:09:52.510 30878 31314 D cellinfo: 46 bytes from 54.197.223.49: icmp_seq=658 ttl=43 time=58.4 ms
08-12 16:09:52.710 30878 31314 D cellinfo: 46 bytes from 54.197.223.49: icmp_seq=659 ttl=43 time=56.7 ms
08-12 16:09:52.827 30878 30878 D cellinfo: Latitude is 41.5743969
08-12 16:09:52.827 30878 30878 D cellinfo: Longitude is -93.8501454
08-12 16:09:52.827 30878 30878 D cellinfo: Instantaneous GPS information: United States, 1300 SE Kettlestone Blvd, Waukee, IA 50263, USA
08-12 16:09:52.827 30878 30878 D cellinfo: getCurrentLocation() result: Location (success): 41.5743969, -93.8501454
08-12 16:09:52.919 30878 31314 D cellinfo: 46 bytes from 54.197.223.49: icmp_seq=660 ttl=43 time=64.6 ms
08-12 16:09:53.202 30878 31314 D cellinfo: 46 bytes from 54.197.223.49: icmp_seq=661 ttl=43 time=146 ms
08-12 16:09:53.311 30878 31314 D cellinfo: 46 bytes from 54.197.223.49: icmp_seq=662 ttl=43 time=57.4 ms
08-12 16:09:53.510 30878 31314 D cellinfo: 46 bytes from 54.197.223.49: icmp_seq=663 ttl=43 time=54.8 ms
08-12 16:09:53.719 30878 31314 D cellinfo: 46 bytes from 54.197.223.49: icmp_seq=664 ttl=43 time=62.7 ms
08-12 16:09:53.821 30878 30878 D cellinfo: onsignalStrengthsChanged: LTE Signal Strength info: rsrp: -102 rsrq: -9 rssi: -71 rssnr: 5
08-12 16:09:53.928 30878 31314 D cellinfo: 46 bytes from 54.197.223.49: icmp_seq=665 ttl=43 time=71.7 ms
08-12 16:09:53.973 30878 30878 D cellinfo: Latitude is 41.5743969
08-12 16:09:53.973 30878 30878 D cellinfo: Longitude is -93.8501454
08-12 16:09:53.973 30878 30878 D cellinfo: Instantaneous GPS information: United States, 1300 SE Kettlestone Blvd, Waukee, IA 50263, USA
08-12 16:09:53.973 30878 30878 D cellinfo: getCurrentLocation() result: Location (success): 41.5743969, -93.8501454
08-12 16:09:54.021 30878 30878 D cellinfo: onCellInfoChanged: Operator: AT&T UpdateTimestamp: 343266756 CellConnectionStatus: 0
08-12 16:09:54.021 30878 30878 D cellinfo: onCellInfoChanged: LTE Cell Bands: [2] Bandwidth: 2147483647 Cell ID: 74650888 Physical Cell ID: 468 Tracking Area Code: 18436 EARFCN: 900
08-12 16:09:54.119 30878 31314 D cellinfo: 46 bytes from 54.197.223.49: icmp_seq=666 ttl=43 time=62.8 ms
08-12 16:09:54.321 30878 31314 D cellinfo: 46 bytes from 54.197.223.49: icmp_seq=667 ttl=43 time=63.0 ms
08-12 16:09:54.403 30878 30878 D cellinfo: onsignalStrengthsChanged: LTE Signal Strength info: rsrp: -102 rsrq: -9 rssi: -69 rssnr: 4
08-12 16:09:54.554 30878 31314 D cellinfo: 46 bytes from 54.197.223.49: icmp_seq=668 ttl=43 time=94.7 ms
08-12 16:09:54.719 30878 31314 D cellinfo: 46 bytes from 54.197.223.49: icmp_seq=669 ttl=43 time=58.7 ms
08-12 16:09:54.920 30878 31314 D cellinfo: 46 bytes from 54.197.223.49: icmp_seq=670 ttl=43 time=57.5 ms
08-12 16:09:55.120 30878 31314 D cellinfo: 46 bytes from 54.197.223.49: icmp_seq=671 ttl=43 time=55.9 ms
08-12 16:09:55.331 30878 31314 D cellinfo: 46 bytes from 54.197.223.49: icmp_seq=672 ttl=43 time=63.7 ms
08-12 16:09:55.530 30878 31314 D cellinfo: 46 bytes from 54.197.223.49: icmp_seq=673 ttl=43 time=62.3 ms
08-12 16:09:55.731 30878 31314 D cellinfo: 46 bytes from 54.197.223.49: icmp_seq=674 ttl=43 time=61.1 ms
08-12 16:09:55.933 30878 31314 D cellinfo: 46 bytes from 54.197.223.49: icmp_seq=675 ttl=43 time=61.6 ms
08-12 16:09:56.129 30878 31314 D cellinfo: 46 bytes from 54.197.223.49: icmp_seq=676 ttl=43 time=59.0 ms
08-12 16:09:56.329 30878 31314 D cellinfo: 46 bytes from 54.197.223.49: icmp_seq=677 ttl=43 time=58.5 ms
08-12 16:09:56.529 30878 31314 D cellinfo: 46 bytes from 54.197.223.49: icmp_seq=678 ttl=43 time=57.1 ms
08-12 16:09:56.729 30878 31314 D cellinfo: 46 bytes from 54.197.223.49: icmp_seq=679 ttl=43 time=56.6 ms
08-12 16:09:56.929 30878 31314 D cellinfo: 46 bytes from 54.197.223.49: icmp_seq=680 ttl=43 time=55.5 ms
08-12 16:09:56.966 30878 30878 D cellinfo: Latitude is 41.5743969
08-12 16:09:56.966 30878 30878 D cellinfo: Longitude is -93.8501454
08-12 16:09:56.966 30878 30878 D cellinfo: Instantaneous GPS information: United States, 1300 SE Kettlestone Blvd, Waukee, IA 50263, USA
08-12 16:09:56.966 30878 30878 D cellinfo: getCurrentLocation() result: Location (success): 41.5743969, -93.8501454
08-12 16:09:56.993 30878 30878 D cellinfo: onCellInfoChanged: Operator: AT&T UpdateTimestamp: 343269729 CellConnectionStatus: 0
08-12 16:09:56.993 30878 30878 D cellinfo: onCellInfoChanged: LTE Cell Bands: [2] Bandwidth: 2147483647 Cell ID: 74650888 Physical Cell ID: 468 Tracking Area Code: 18436 EARFCN: 900
08-12 16:09:57.130 30878 31314 D cellinfo: 46 bytes from 54.197.223.49: icmp_seq=681 ttl=43 time=54.4 ms
08-12 16:09:57.338 30878 31314 D cellinfo: 46 bytes from 54.197.223.49: icmp_seq=682 ttl=43 time=62.5 ms
08-12 16:09:57.393 30878 30878 D cellinfo: onsignalStrengthsChanged: LTE Signal Strength info: rsrp: -102 rsrq: -11 rssi: -71 rssnr: 2
08-12 16:09:57.540 30878 31314 D cellinfo: 46 bytes from 54.197.223.49: icmp_seq=683 ttl=43 time=63.3 ms
08-12 16:09:57.695 30878 30878 D cellinfo: onsignalStrengthsChanged: LTE Signal Strength info: rsrp: -102 rsrq: -11 rssi: -67 rssnr: 2
08-12 16:09:57.735 30878 30878 D cellinfo: onCellInfoChanged: Operator: AT&T UpdateTimestamp: 343270473 CellConnectionStatus: 0
08-12 16:09:57.735 30878 30878 D cellinfo: onCellInfoChanged: LTE Cell Bands: [2] Bandwidth: 2147483647 Cell ID: 74763016 Physical Cell ID: 309 Tracking Area Code: 18436 EARFCN: 900
08-12 16:09:57.742 30878 31314 D cellinfo: 46 bytes from 54.197.223.49: icmp_seq=684 ttl=43 time=64.1 ms
08-12 16:09:57.779 30878 30878 D cellinfo: onServiceStateChanged: Channel Number: 900 Cell Bandwidths: []
08-12 16:09:57.941 30878 31314 D cellinfo: 46 bytes from 54.197.223.49: icmp_seq=685 ttl=43 time=62.8 ms
08-12 16:09:58.142 30878 31314 D cellinfo: 46 bytes from 54.197.223.49: icmp_seq=686 ttl=43 time=61.7 ms
08-12 16:09:58.342 30878 31314 D cellinfo: 46 bytes from 54.197.223.49: icmp_seq=687 ttl=43 time=60.9 ms
08-12 16:09:58.542 30878 31314 D cellinfo: 46 bytes from 54.197.223.49: icmp_seq=688 ttl=43 time=59.7 ms
08-12 16:09:58.780 30878 31314 D cellinfo: 46 bytes from 54.197.223.49: icmp_seq=689 ttl=43 time=98.1 ms
08-12 16:09:58.980 30878 31314 D cellinfo: 46 bytes from 54.197.223.49: icmp_seq=690 ttl=43 time=97.1 ms
08-12 16:09:59.180 30878 31314 D cellinfo: 46 bytes from 54.197.223.49: icmp_seq=691 ttl=43 time=97.0 ms
08-12 16:09:59.380 30878 31314 D cellinfo: 46 bytes from 54.197.223.49: icmp_seq=692 ttl=43 time=96.3 ms
08-12 16:09:59.581 30878 31314 D cellinfo: 46 bytes from 54.197.223.49: icmp_seq=693 ttl=43 time=96.0 ms
08-12 16:09:59.781 30878 31314 D cellinfo: 46 bytes from 54.197.223.49: icmp_seq=694 ttl=43 time=94.4 ms
08-12 16:09:59.964 30878 30878 D cellinfo: Latitude is 41.5743969
08-12 16:09:59.964 30878 30878 D cellinfo: Longitude is -93.8501454
08-12 16:09:59.964 30878 30878 D cellinfo: Instantaneous GPS information: United States, 1300 SE Kettlestone Blvd, Waukee, IA 50263, USA
08-12 16:09:59.964 30878 30878 D cellinfo: getCurrentLocation() result: Location (success): 41.5743969, -93.8501454
08-12 16:09:59.980 30878 31314 D cellinfo: 46 bytes from 54.197.223.49: icmp_seq=695 ttl=43 time=93.7 ms
08-12 16:09:59.989 30878 30878 D cellinfo: onCellInfoChanged: Operator: AT&T UpdateTimestamp: 343272727 CellConnectionStatus: 0
08-12 16:09:59.989 30878 30878 D cellinfo: onCellInfoChanged: LTE Cell Bands: [2] Bandwidth: 2147483647 Cell ID: 74763016 Physical Cell ID: 309 Tracking Area Code: 18436 EARFCN: 900
08-12 16:10:00.146 30878 31314 D cellinfo: 46 bytes from 54.197.223.49: icmp_seq=696 ttl=43 time=58.2 ms
08-12 16:10:00.381 30878 31314 D cellinfo: 46 bytes from 54.197.223.49: icmp_seq=697 ttl=43 time=92.8 ms
08-12 16:10:00.581 30878 31314 D cellinfo: 46 bytes from 54.197.223.49: icmp_seq=698 ttl=43 time=91.9 ms
08-12 16:10:00.782 30878 31314 D cellinfo: 46 bytes from 54.197.223.49: icmp_seq=699 ttl=43 time=91.4 ms
08-12 16:10:00.954 30878 31314 D cellinfo: 46 bytes from 54.197.223.49: icmp_seq=700 ttl=43 time=63.7 ms
08-12 16:10:01.147 30878 31314 D cellinfo: 46 bytes from 54.197.223.49: icmp_seq=701 ttl=43 time=55.8 ms
08-12 16:10:01.357 30878 31314 D cellinfo: 46 bytes from 54.197.223.49: icmp_seq=702 ttl=43 time=63.4 ms
08-12 16:10:01.556 30878 31314 D cellinfo: 46 bytes from 54.197.223.49: icmp_seq=703 ttl=43 time=60.9 ms
08-12 16:10:01.756 30878 31314 D cellinfo: 46 bytes from 54.197.223.49: icmp_seq=704 ttl=43 time=58.8 ms
08-12 16:10:01.957 30878 31314 D cellinfo: 46 bytes from 54.197.223.49: icmp_seq=705 ttl=43 time=57.7 ms
08-12 16:10:02.161 30878 31314 D cellinfo: 46 bytes from 54.197.223.49: icmp_seq=706 ttl=43 time=61.1 ms
08-12 16:10:02.357 30878 31314 D cellinfo: 46 bytes from 54.197.223.49: icmp_seq=707 ttl=43 time=56.2 ms
08-12 16:10:02.567 30878 31314 D cellinfo: 46 bytes from 54.197.223.49: icmp_seq=708 ttl=43 time=66.3 ms
08-12 16:10:02.757 30878 31314 D cellinfo: 46 bytes from 54.197.223.49: icmp_seq=709 ttl=43 time=55.8 ms
08-12 16:10:02.980 30878 31314 D cellinfo: 46 bytes from 54.197.223.49: icmp_seq=710 ttl=43 time=78.9 ms
08-12 16:10:03.017 30878 30878 D cellinfo: onCellInfoChanged: Operator: AT&T UpdateTimestamp: 343275748 CellConnectionStatus: 0
08-12 16:10:03.017 30878 30878 D cellinfo: onCellInfoChanged: LTE Cell Bands: [2] Bandwidth: 2147483647 Cell ID: 74763016 Physical Cell ID: 309 Tracking Area Code: 18436 EARFCN: 900
08-12 16:10:03.156 30878 31314 D cellinfo: 46 bytes from 54.197.223.49: icmp_seq=711 ttl=43 time=54.1 ms
08-12 16:10:03.357 30878 31314 D cellinfo: 46 bytes from 54.197.223.49: icmp_seq=712 ttl=43 time=53.4 ms
08-12 16:10:03.401 30878 30878 D cellinfo: onsignalStrengthsChanged: LTE Signal Strength info: rsrp: -101 rsrq: -12 rssi: -71 rssnr: 3
08-12 16:10:03.567 30878 31314 D cellinfo: 46 bytes from 54.197.223.49: icmp_seq=713 ttl=43 time=63.0 ms
08-12 16:10:03.766 30878 31314 D cellinfo: 46 bytes from 54.197.223.49: icmp_seq=714 ttl=43 time=61.2 ms
08-12 16:10:03.967 30878 31314 D cellinfo: 46 bytes from 54.197.223.49: icmp_seq=715 ttl=43 time=60.6 ms
08-12 16:10:04.166 30878 31314 D cellinfo: 46 bytes from 54.197.223.49: icmp_seq=716 ttl=43 time=59.2 ms
08-12 16:10:04.366 30878 31314 D cellinfo: 46 bytes from 54.197.223.49: icmp_seq=717 ttl=43 time=55.9 ms
08-12 16:10:04.510 30878 30878 D cellinfo: Latitude is 41.5750503
08-12 16:10:04.510 30878 30878 D cellinfo: Longitude is -93.852162
08-12 16:10:04.510 30878 30878 D cellinfo: Instantaneous GPS information: United States, 1150 Ashworth Rd, Waukee, IA 50263, USA
08-12 16:10:04.510 30878 30878 D cellinfo: getCurrentLocation() result: Location (success): 41.5750503, -93.852162
08-12 16:10:04.584 30878 31314 D cellinfo: 46 bytes from 54.197.223.49: icmp_seq=718 ttl=43 time=72.6 ms
08-12 16:10:04.769 30878 31314 D cellinfo: 46 bytes from 54.197.223.49: icmp_seq=719 ttl=43 time=56.8 ms
08-12 16:10:04.966 30878 31314 D cellinfo: 46 bytes from 54.197.223.49: icmp_seq=720 ttl=43 time=53.1 ms
08-12 16:10:05.018 30878 30878 D cellinfo: onsignalStrengthsChanged: LTE Signal Strength info: rsrp: -101 rsrq: -12 rssi: -67 rssnr: 3
08-12 16:10:05.174 30878 31314 D cellinfo: 46 bytes from 54.197.223.49: icmp_seq=721 ttl=43 time=61.3 ms
08-12 16:10:05.384 30878 31314 D cellinfo: 46 bytes from 54.197.223.49: icmp_seq=722 ttl=43 time=69.0 ms
08-12 16:10:05.578 30878 31314 D cellinfo: 46 bytes from 54.197.223.49: icmp_seq=723 ttl=43 time=60.4 ms
08-12 16:10:05.777 30878 31314 D cellinfo: 46 bytes from 54.197.223.49: icmp_seq=724 ttl=43 time=58.8 ms
08-12 16:10:05.969 30878 30878 D cellinfo: Latitude is 41.5750503
08-12 16:10:05.969 30878 30878 D cellinfo: Longitude is -93.852162
08-12 16:10:05.970 30878 30878 D cellinfo: Instantaneous GPS information: United States, 1150 Ashworth Rd, Waukee, IA 50263, USA
08-12 16:10:05.970 30878 30878 D cellinfo: getCurrentLocation() result: Location (success): 41.5750503, -93.852162
08-12 16:10:05.984 30878 31314 D cellinfo: 46 bytes from 54.197.223.49: icmp_seq=725 ttl=43 time=65.7 ms
08-12 16:10:06.011 30878 30878 D cellinfo: onCellInfoChanged: Operator: AT&T UpdateTimestamp: 343278750 CellConnectionStatus: 0
08-12 16:10:06.011 30878 30878 D cellinfo: onCellInfoChanged: LTE Cell Bands: [2] Bandwidth: 2147483647 Cell ID: 74763016 Physical Cell ID: 309 Tracking Area Code: 18436 EARFCN: 900
08-12 16:10:06.177 30878 31314 D cellinfo: 46 bytes from 54.197.223.49: icmp_seq=726 ttl=43 time=56.7 ms
08-12 16:10:06.385 30878 31314 D cellinfo: 46 bytes from 54.197.223.49: icmp_seq=727 ttl=43 time=64.2 ms
08-12 16:10:06.401 30878 30878 D cellinfo: onsignalStrengthsChanged: LTE Signal Strength info: rsrp: -100 rsrq: -12 rssi: -67 rssnr: 4
08-12 16:10:06.584 30878 31314 D cellinfo: 46 bytes from 54.197.223.49: icmp_seq=728 ttl=43 time=63.0 ms
08-12 16:10:06.787 30878 31314 D cellinfo: 46 bytes from 54.197.223.49: icmp_seq=729 ttl=43 time=64.2 ms
08-12 16:10:06.984 30878 31314 D cellinfo: 46 bytes from 54.197.223.49: icmp_seq=730 ttl=43 time=61.4 ms
08-12 16:10:07.187 30878 31314 D cellinfo: 46 bytes from 54.197.223.49: icmp_seq=731 ttl=43 time=62.3 ms
08-12 16:10:07.396 30878 31314 D cellinfo: 46 bytes from 54.197.223.49: icmp_seq=732 ttl=43 time=69.7 ms
08-12 16:10:07.586 30878 31314 D cellinfo: 46 bytes from 54.197.223.49: icmp_seq=733 ttl=43 time=61.3 ms
08-12 16:10:07.795 30878 31314 D cellinfo: 46 bytes from 54.197.223.49: icmp_seq=734 ttl=43 time=68.3 ms
08-12 16:10:07.995 30878 31314 D cellinfo: 46 bytes from 54.197.223.49: icmp_seq=735 ttl=43 time=67.6 ms
08-12 16:10:08.187 30878 31314 D cellinfo: 46 bytes from 54.197.223.49: icmp_seq=736 ttl=43 time=58.4 ms
08-12 16:10:08.387 30878 31314 D cellinfo: 46 bytes from 54.197.223.49: icmp_seq=737 ttl=43 time=57.5 ms
08-12 16:10:08.587 30878 31314 D cellinfo: 46 bytes from 54.197.223.49: icmp_seq=738 ttl=43 time=56.8 ms
08-12 16:10:08.785 30878 31314 D cellinfo: 46 bytes from 54.197.223.49: icmp_seq=739 ttl=43 time=53.2 ms
08-12 16:10:08.973 30878 30878 D cellinfo: Latitude is 41.5750503
08-12 16:10:08.973 30878 30878 D cellinfo: Longitude is -93.852162
08-12 16:10:08.973 30878 30878 D cellinfo: Instantaneous GPS information: United States, 1150 Ashworth Rd, Waukee, IA 50263, USA
08-12 16:10:08.973 30878 30878 D cellinfo: getCurrentLocation() result: Location (success): 41.5750503, -93.852162
08-12 16:10:08.986 30878 31314 D cellinfo: 46 bytes from 54.197.223.49: icmp_seq=740 ttl=43 time=53.1 ms
08-12 16:10:09.013 30878 30878 D cellinfo: onCellInfoChanged: Operator: AT&T UpdateTimestamp: 343281751 CellConnectionStatus: 0
08-12 16:10:09.013 30878 30878 D cellinfo: onCellInfoChanged: LTE Cell Bands: [2] Bandwidth: 2147483647 Cell ID: 74763016 Physical Cell ID: 309 Tracking Area Code: 18436 EARFCN: 900
08-12 16:10:09.197 30878 31314 D cellinfo: 46 bytes from 54.197.223.49: icmp_seq=741 ttl=43 time=62.5 ms
08-12 16:10:09.396 30878 31314 D cellinfo: 46 bytes from 54.197.223.49: icmp_seq=742 ttl=43 time=62.1 ms
08-12 16:10:09.501 30878 30878 D cellinfo: onsignalStrengthsChanged: LTE Signal Strength info: rsrp: -101 rsrq: -12 rssi: -69 rssnr: 5
08-12 16:10:09.597 30878 31314 D cellinfo: 46 bytes from 54.197.223.49: icmp_seq=743 ttl=43 time=62.0 ms
08-12 16:10:09.796 30878 31314 D cellinfo: 46 bytes from 54.197.223.49: icmp_seq=744 ttl=43 time=60.2 ms
08-12 16:10:10.004 30878 31314 D cellinfo: 46 bytes from 54.197.223.49: icmp_seq=745 ttl=43 time=67.4 ms
08-12 16:10:10.203 30878 31314 D cellinfo: 46 bytes from 54.197.223.49: icmp_seq=746 ttl=43 time=67.2 ms
08-12 16:10:10.396 30878 31314 D cellinfo: 46 bytes from 54.197.223.49: icmp_seq=747 ttl=43 time=58.7 ms
08-12 16:10:10.597 30878 31314 D cellinfo: 46 bytes from 54.197.223.49: icmp_seq=748 ttl=43 time=57.9 ms
08-12 16:10:10.798 30878 31314 D cellinfo: 46 bytes from 54.197.223.49: icmp_seq=749 ttl=43 time=58.4 ms
08-12 16:10:10.998 30878 31314 D cellinfo: 46 bytes from 54.197.223.49: icmp_seq=750 ttl=43 time=57.3 ms
08-12 16:10:11.222 30878 31314 D cellinfo: 46 bytes from 54.197.223.49: icmp_seq=751 ttl=43 time=81.1 ms
08-12 16:10:11.398 30878 31314 D cellinfo: 46 bytes from 54.197.223.49: icmp_seq=752 ttl=43 time=56.3 ms
08-12 16:10:11.621 30878 31314 D cellinfo: 46 bytes from 54.197.223.49: icmp_seq=753 ttl=43 time=80.0 ms
08-12 16:10:11.675 30878 30878 D cellinfo: onCellInfoChanged: Operator: AT&T UpdateTimestamp: 343284410 CellConnectionStatus: 0
08-12 16:10:11.675 30878 30878 D cellinfo: onCellInfoChanged: LTE Cell Bands: [2] Bandwidth: 2147483647 Cell ID: 74650888 Physical Cell ID: 468 Tracking Area Code: 18436 EARFCN: 900
08-12 16:10:11.707 30878 30878 D cellinfo: onServiceStateChanged: Channel Number: 900 Cell Bandwidths: []
08-12 16:10:11.883 30878 30878 D cellinfo: onCellInfoChanged: Operator: AT&T UpdateTimestamp: 343284618 CellConnectionStatus: 0
08-12 16:10:11.883 30878 30878 D cellinfo: onCellInfoChanged: LTE Cell Bands: [12] Bandwidth: 2147483647 Cell ID: 74650895 Physical Cell ID: 162 Tracking Area Code: 18436 EARFCN: 5145
08-12 16:10:11.899 30878 31314 D cellinfo: 46 bytes from 54.197.223.49: icmp_seq=754 ttl=43 time=156 ms
08-12 16:10:11.918 30878 30878 D cellinfo: onServiceStateChanged: Channel Number: 5145 Cell Bandwidths: []
08-12 16:10:11.960 30878 30878 D cellinfo: Latitude is 41.5750503
08-12 16:10:11.960 30878 30878 D cellinfo: Longitude is -93.852162
08-12 16:10:11.960 30878 30878 D cellinfo: Instantaneous GPS information: United States, 1150 Ashworth Rd, Waukee, IA 50263, USA
08-12 16:10:11.960 30878 30878 D cellinfo: getCurrentLocation() result: Location (success): 41.5750503, -93.852162
08-12 16:10:11.992 30878 30878 D cellinfo: onCellInfoChanged: Operator: AT&T UpdateTimestamp: 343284731 CellConnectionStatus: 0
08-12 16:10:11.992 30878 30878 D cellinfo: onCellInfoChanged: LTE Cell Bands: [12] Bandwidth: 2147483647 Cell ID: 74650895 Physical Cell ID: 162 Tracking Area Code: 18436 EARFCN: 5145
08-12 16:10:12.060 30878 31314 D cellinfo: 46 bytes from 54.197.223.49: icmp_seq=755 ttl=43 time=117 ms
08-12 16:10:12.206 30878 31314 D cellinfo: 46 bytes from 54.197.223.49: icmp_seq=756 ttl=43 time=62.7 ms
08-12 16:10:12.402 30878 30878 D cellinfo: onsignalStrengthsChanged: LTE Signal Strength info: rsrp: -100 rsrq: -12 rssi: -61 rssnr: 3
08-12 16:10:12.406 30878 31314 D cellinfo: 46 bytes from 54.197.223.49: icmp_seq=757 ttl=43 time=62.0 ms
08-12 16:10:12.699 30878 31314 D cellinfo: 46 bytes from 54.197.223.49: icmp_seq=758 ttl=43 time=152 ms
08-12 16:10:12.851 30878 31314 D cellinfo: 46 bytes from 54.197.223.49: icmp_seq=759 ttl=43 time=103 ms
08-12 16:10:13.008 30878 31314 D cellinfo: 46 bytes from 54.197.223.49: icmp_seq=760 ttl=43 time=59.1 ms
08-12 16:10:13.219 30878 31314 D cellinfo: 46 bytes from 54.197.223.49: icmp_seq=761 ttl=43 time=71.6 ms
08-12 16:10:13.407 30878 31314 D cellinfo: 46 bytes from 54.197.223.49: icmp_seq=762 ttl=43 time=58.0 ms
08-12 16:10:13.614 30878 31314 D cellinfo: 46 bytes from 54.197.223.49: icmp_seq=763 ttl=43 time=64.2 ms
08-12 16:10:13.820 30878 31314 D cellinfo: 46 bytes from 54.197.223.49: icmp_seq=764 ttl=43 time=69.3 ms
08-12 16:10:14.007 30878 31314 D cellinfo: 46 bytes from 54.197.223.49: icmp_seq=765 ttl=43 time=55.7 ms
08-12 16:10:14.218 30878 31314 D cellinfo: 46 bytes from 54.197.223.49: icmp_seq=766 ttl=43 time=67.8 ms
08-12 16:10:14.594 30878 31314 D cellinfo: 46 bytes from 54.197.223.49: icmp_seq=767 ttl=43 time=241 ms
08-12 16:10:14.624 30878 31314 D cellinfo: 46 bytes from 54.197.223.49: icmp_seq=768 ttl=43 time=69.6 ms
08-12 16:10:14.818 30878 31314 D cellinfo: 46 bytes from 54.197.223.49: icmp_seq=769 ttl=43 time=63.2 ms
08-12 16:10:14.957 30878 30878 D cellinfo: onCellInfoChanged: Operator: AT&T UpdateTimestamp: 343287685 CellConnectionStatus: 0
08-12 16:10:14.957 30878 30878 D cellinfo: onCellInfoChanged: LTE Cell Bands: [12] Bandwidth: 2147483647 Cell ID: 74650895 Physical Cell ID: 162 Tracking Area Code: 18436 EARFCN: 5145
08-12 16:10:15.036 30878 31314 D cellinfo: 46 bytes from 54.197.223.49: icmp_seq=770 ttl=43 time=79.4 ms
08-12 16:10:15.226 30878 31314 D cellinfo: 46 bytes from 54.197.223.49: icmp_seq=771 ttl=43 time=69.3 ms
08-12 16:10:15.414 30878 30878 D cellinfo: onsignalStrengthsChanged: LTE Signal Strength info: rsrp: -98 rsrq: -13 rssi: -65 rssnr: 3
08-12 16:10:15.419 30878 31314 D cellinfo: 46 bytes from 54.197.223.49: icmp_seq=772 ttl=43 time=61.5 ms
08-12 16:10:15.630 30878 31314 D cellinfo: 46 bytes from 54.197.223.49: icmp_seq=773 ttl=43 time=70.8 ms
08-12 16:10:15.814 30878 31314 D cellinfo: 46 bytes from 54.197.223.49: icmp_seq=774 ttl=43 time=53.8 ms
08-12 16:10:16.028 30878 31314 D cellinfo: 46 bytes from 54.197.223.49: icmp_seq=775 ttl=43 time=65.1 ms
08-12 16:10:16.231 30878 31314 D cellinfo: 46 bytes from 54.197.223.49: icmp_seq=776 ttl=43 time=67.8 ms
08-12 16:10:16.534 30878 31314 D cellinfo: 46 bytes from 54.197.223.49: icmp_seq=777 ttl=43 time=168 ms
08-12 16:10:16.630 30878 31314 D cellinfo: 46 bytes from 54.197.223.49: icmp_seq=778 ttl=43 time=63.4 ms
08-12 16:10:16.732 30878 30878 D cellinfo: Latitude is 41.5750297
08-12 16:10:16.733 30878 30878 D cellinfo: Longitude is -93.852756
08-12 16:10:16.733 30878 30878 D cellinfo: Instantaneous GPS information: United States, 1240 SE Kettlestone Blvd, Waukee, IA 50263, USA
08-12 16:10:16.733 30878 30878 D cellinfo: getCurrentLocation() result: Location (success): 41.5750297, -93.852756
08-12 16:10:16.835 30878 31314 D cellinfo: 46 bytes from 54.197.223.49: icmp_seq=779 ttl=43 time=68.0 ms
08-12 16:10:17.066 30878 31314 D cellinfo: 46 bytes from 54.197.223.49: icmp_seq=780 ttl=43 time=100 ms
08-12 16:10:17.259 30878 31314 D cellinfo: 46 bytes from 54.197.223.49: icmp_seq=781 ttl=43 time=91.8 ms
08-12 16:10:17.460 30878 31314 D cellinfo: 46 bytes from 54.197.223.49: icmp_seq=782 ttl=43 time=92.9 ms
08-12 16:10:17.659 30878 31314 D cellinfo: 46 bytes from 54.197.223.49: icmp_seq=783 ttl=43 time=91.1 ms
08-12 16:10:17.860 30878 31314 D cellinfo: 46 bytes from 54.197.223.49: icmp_seq=784 ttl=43 time=90.3 ms
08-12 16:10:17.984 30878 30878 D cellinfo: Latitude is 41.5750297
08-12 16:10:17.985 30878 30878 D cellinfo: Longitude is -93.852756
08-12 16:10:17.985 30878 30878 D cellinfo: Instantaneous GPS information: United States, 1240 SE Kettlestone Blvd, Waukee, IA 50263, USA
08-12 16:10:17.985 30878 30878 D cellinfo: getCurrentLocation() result: Location (success): 41.5750297, -93.852756
08-12 16:10:18.041 30878 30878 D cellinfo: onCellInfoChanged: Operator: AT&T UpdateTimestamp: 343290775 CellConnectionStatus: 0
08-12 16:10:18.041 30878 30878 D cellinfo: onCellInfoChanged: LTE Cell Bands: [12] Bandwidth: 2147483647 Cell ID: 74650895 Physical Cell ID: 162 Tracking Area Code: 18436 EARFCN: 5145
08-12 16:10:18.058 30878 31314 D cellinfo: 46 bytes from 54.197.223.49: icmp_seq=785 ttl=43 time=89.5 ms
08-12 16:10:18.262 30878 31314 D cellinfo: 46 bytes from 54.197.223.49: icmp_seq=786 ttl=43 time=93.4 ms
08-12 16:10:18.460 30878 31314 D cellinfo: 46 bytes from 54.197.223.49: icmp_seq=787 ttl=43 time=89.0 ms
08-12 16:10:18.660 30878 31314 D cellinfo: 46 bytes from 54.197.223.49: icmp_seq=788 ttl=43 time=89.4 ms
08-12 16:10:18.860 30878 31314 D cellinfo: 46 bytes from 54.197.223.49: icmp_seq=789 ttl=43 time=87.3 ms
08-12 16:10:19.060 30878 31314 D cellinfo: 46 bytes from 54.197.223.49: icmp_seq=790 ttl=43 time=85.9 ms
08-12 16:10:19.260 30878 31314 D cellinfo: 46 bytes from 54.197.223.49: icmp_seq=791 ttl=43 time=85.7 ms
08-12 16:10:19.459 30878 31314 D cellinfo: 46 bytes from 54.197.223.49: icmp_seq=792 ttl=43 time=84.2 ms
08-12 16:10:19.658 30878 31314 D cellinfo: 46 bytes from 54.197.223.49: icmp_seq=793 ttl=43 time=81.5 ms
08-12 16:10:19.860 30878 31314 D cellinfo: 46 bytes from 54.197.223.49: icmp_seq=794 ttl=43 time=82.3 ms
08-12 16:10:20.059 30878 31314 D cellinfo: 46 bytes from 54.197.223.49: icmp_seq=795 ttl=43 time=81.3 ms
08-12 16:10:20.259 30878 31314 D cellinfo: 46 bytes from 54.197.223.49: icmp_seq=796 ttl=43 time=82.0 ms
08-12 16:10:20.458 30878 31314 D cellinfo: 46 bytes from 54.197.223.49: icmp_seq=797 ttl=43 time=80.3 ms
08-12 16:10:20.659 30878 31314 D cellinfo: 46 bytes from 54.197.223.49: icmp_seq=798 ttl=43 time=80.0 ms
08-12 16:10:20.859 30878 31314 D cellinfo: 46 bytes from 54.197.223.49: icmp_seq=799 ttl=43 time=80.5 ms
08-12 16:10:20.971 30878 30878 D cellinfo: Latitude is 41.5750297
08-12 16:10:20.971 30878 30878 D cellinfo: Longitude is -93.852756
08-12 16:10:20.972 30878 30878 D cellinfo: Instantaneous GPS information: United States, 1240 SE Kettlestone Blvd, Waukee, IA 50263, USA
08-12 16:10:20.972 30878 30878 D cellinfo: getCurrentLocation() result: Location (success): 41.5750297, -93.852756
08-12 16:10:21.059 30878 31314 D cellinfo: 46 bytes from 54.197.223.49: icmp_seq=800 ttl=43 time=78.8 ms
08-12 16:10:21.102 30878 30878 D cellinfo: onCellInfoChanged: Operator: AT&T UpdateTimestamp: 343293832 CellConnectionStatus: 0
08-12 16:10:21.102 30878 30878 D cellinfo: onCellInfoChanged: LTE Cell Bands: [12] Bandwidth: 2147483647 Cell ID: 74650895 Physical Cell ID: 162 Tracking Area Code: 18436 EARFCN: 5145
08-12 16:10:21.258 30878 31314 D cellinfo: 46 bytes from 54.197.223.49: icmp_seq=801 ttl=43 time=78.5 ms
08-12 16:10:21.459 30878 31314 D cellinfo: 46 bytes from 54.197.223.49: icmp_seq=802 ttl=43 time=78.1 ms
08-12 16:10:21.658 30878 31314 D cellinfo: 46 bytes from 54.197.223.49: icmp_seq=803 ttl=43 time=78.2 ms
08-12 16:10:21.860 30878 31314 D cellinfo: 46 bytes from 54.197.223.49: icmp_seq=804 ttl=43 time=78.9 ms
08-12 16:10:22.059 30878 31314 D cellinfo: 46 bytes from 54.197.223.49: icmp_seq=805 ttl=43 time=77.2 ms
08-12 16:10:22.270 30878 31314 D cellinfo: 46 bytes from 54.197.223.49: icmp_seq=806 ttl=43 time=87.4 ms
08-12 16:10:22.946 30878 30878 D cellinfo: onsignalStrengthsChanged: LTE Signal Strength info: rsrp: -93 rsrq: -16 rssi: -73 rssnr: 4
08-12 16:10:23.498 30878 31314 D cellinfo: 46 bytes from 54.197.223.49: icmp_seq=807 ttl=43 time=1114 ms
08-12 16:10:23.699 30878 31314 D cellinfo: 46 bytes from 54.197.223.49: icmp_seq=808 ttl=43 time=1104 ms
08-12 16:10:23.699 30878 31314 D cellinfo: 46 bytes from 54.197.223.49: icmp_seq=809 ttl=43 time=905 ms
08-12 16:10:23.978 30878 30878 D cellinfo: Latitude is 41.5750297
08-12 16:10:23.978 30878 30878 D cellinfo: Longitude is -93.852756
08-12 16:10:23.978 30878 30878 D cellinfo: Instantaneous GPS information: United States, 1240 SE Kettlestone Blvd, Waukee, IA 50263, USA
08-12 16:10:23.978 30878 30878 D cellinfo: getCurrentLocation() result: Location (success): 41.5750297, -93.852756
08-12 16:10:24.019 30878 31314 D cellinfo: 46 bytes from 54.197.223.49: icmp_seq=810 ttl=43 time=1024 ms
08-12 16:10:24.019 30878 31314 D cellinfo: 46 bytes from 54.197.223.49: icmp_seq=811 ttl=43 time=824 ms
08-12 16:10:24.032 30878 30878 D cellinfo: onCellInfoChanged: Operator: AT&T UpdateTimestamp: 343296770 CellConnectionStatus: 0
08-12 16:10:24.032 30878 30878 D cellinfo: onCellInfoChanged: LTE Cell Bands: [12] Bandwidth: 2147483647 Cell ID: 74650895 Physical Cell ID: 162 Tracking Area Code: 18436 EARFCN: 5145
08-12 16:10:24.179 30878 31314 D cellinfo: 46 bytes from 54.197.223.49: icmp_seq=812 ttl=43 time=784 ms
08-12 16:10:24.179 30878 31314 D cellinfo: 46 bytes from 54.197.223.49: icmp_seq=813 ttl=43 time=583 ms
08-12 16:10:24.179 30878 31314 D cellinfo: 46 bytes from 54.197.223.49: icmp_seq=814 ttl=43 time=382 ms
08-12 16:10:24.179 30878 31314 D cellinfo: 46 bytes from 54.197.223.49: icmp_seq=815 ttl=43 time=174 ms
08-12 16:10:24.300 30878 31314 D cellinfo: 46 bytes from 54.197.223.49: icmp_seq=816 ttl=43 time=93.8 ms
08-12 16:10:24.413 30878 30878 D cellinfo: onsignalStrengthsChanged: LTE Signal Strength info: rsrp: -93 rsrq: -16 rssi: -61 rssnr: 4
08-12 16:10:24.498 30878 31314 D cellinfo: 46 bytes from 54.197.223.49: icmp_seq=817 ttl=43 time=92.3 ms
08-12 16:10:24.703 30878 31314 D cellinfo: 46 bytes from 54.197.223.49: icmp_seq=818 ttl=43 time=94.3 ms
08-12 16:10:24.900 30878 31314 D cellinfo: 46 bytes from 54.197.223.49: icmp_seq=819 ttl=43 time=91.5 ms
08-12 16:10:25.102 30878 31314 D cellinfo: 46 bytes from 54.197.223.49: icmp_seq=820 ttl=43 time=91.6 ms
08-12 16:10:25.301 30878 31314 D cellinfo: 46 bytes from 54.197.223.49: icmp_seq=821 ttl=43 time=90.0 ms
08-12 16:10:25.501 30878 31314 D cellinfo: 46 bytes from 54.197.223.49: icmp_seq=822 ttl=43 time=88.6 ms
08-12 16:10:25.701 30878 31314 D cellinfo: 46 bytes from 54.197.223.49: icmp_seq=823 ttl=43 time=88.5 ms
08-12 16:10:25.902 30878 31314 D cellinfo: 46 bytes from 54.197.223.49: icmp_seq=824 ttl=43 time=90.3 ms
08-12 16:10:26.101 30878 31314 D cellinfo: 46 bytes from 54.197.223.49: icmp_seq=825 ttl=43 time=87.3 ms
08-12 16:10:26.341 30878 31314 D cellinfo: 46 bytes from 54.197.223.49: icmp_seq=826 ttl=43 time=127 ms
08-12 16:10:26.499 30878 31314 D cellinfo: 46 bytes from 54.197.223.49: icmp_seq=827 ttl=43 time=83.9 ms
08-12 16:10:26.701 30878 31314 D cellinfo: 46 bytes from 54.197.223.49: icmp_seq=828 ttl=43 time=84.8 ms
08-12 16:10:27.017 30878 30878 D cellinfo: onCellInfoChanged: Operator: AT&T UpdateTimestamp: 343299753 CellConnectionStatus: 0
08-12 16:10:27.017 30878 30878 D cellinfo: onCellInfoChanged: LTE Cell Bands: [12] Bandwidth: 2147483647 Cell ID: 74650895 Physical Cell ID: 162 Tracking Area Code: 18436 EARFCN: 5145
08-12 16:10:27.178 30878 31314 D cellinfo: 46 bytes from 54.197.223.49: icmp_seq=829 ttl=43 time=362 ms
08-12 16:10:27.180 30878 31314 D cellinfo: 46 bytes from 54.197.223.49: icmp_seq=830 ttl=43 time=164 ms
08-12 16:10:27.299 30878 31314 D cellinfo: 46 bytes from 54.197.223.49: icmp_seq=831 ttl=43 time=82.0 ms
08-12 16:10:27.411 30878 30878 D cellinfo: onsignalStrengthsChanged: LTE Signal Strength info: rsrp: -93 rsrq: -17 rssi: -67 rssnr: 3
08-12 16:10:27.500 30878 31314 D cellinfo: 46 bytes from 54.197.223.49: icmp_seq=832 ttl=43 time=81.3 ms
08-12 16:10:27.704 30878 31314 D cellinfo: 46 bytes from 54.197.223.49: icmp_seq=833 ttl=43 time=85.7 ms
08-12 16:10:27.939 30878 31314 D cellinfo: 46 bytes from 54.197.223.49: icmp_seq=834 ttl=43 time=120 ms
08-12 16:10:28.099 30878 31314 D cellinfo: 46 bytes from 54.197.223.49: icmp_seq=835 ttl=43 time=78.7 ms
08-12 16:10:28.315 30878 31314 D cellinfo: 46 bytes from 54.197.223.49: icmp_seq=836 ttl=43 time=91.8 ms
08-12 16:10:28.511 30878 31314 D cellinfo: 46 bytes from 54.197.223.49: icmp_seq=837 ttl=43 time=85.4 ms
08-12 16:10:28.704 30878 31314 D cellinfo: 46 bytes from 54.197.223.49: icmp_seq=838 ttl=43 time=75.8 ms
08-12 16:10:28.748 30878 30878 D cellinfo: Latitude is 41.5748286
08-12 16:10:28.748 30878 30878 D cellinfo: Longitude is -93.8534337
08-12 16:10:28.748 30878 30878 D cellinfo: Instantaneous GPS information: United States, 1240 SE Kettlestone Blvd, Waukee, IA 50263, USA
08-12 16:10:28.748 30878 30878 D cellinfo: getCurrentLocation() result: Location (success): 41.5748286, -93.8534337
08-12 16:10:28.939 30878 31314 D cellinfo: 46 bytes from 54.197.223.49: icmp_seq=839 ttl=43 time=111 ms
08-12 16:10:29.138 30878 31314 D cellinfo: 46 bytes from 54.197.223.49: icmp_seq=840 ttl=43 time=110 ms
08-12 16:10:29.298 30878 31314 D cellinfo: 46 bytes from 54.197.223.49: icmp_seq=841 ttl=43 time=70.1 ms
08-12 16:10:29.516 30878 31314 D cellinfo: 46 bytes from 54.197.223.49: icmp_seq=842 ttl=43 time=86.3 ms
08-12 16:10:29.662 30878 30878 D cellinfo: onsignalStrengthsChanged: LTE Signal Strength info: rsrp: -94 rsrq: -17 rssi: -67 rssnr: 1
08-12 16:10:29.740 30878 31314 D cellinfo: 46 bytes from 54.197.223.49: icmp_seq=843 ttl=43 time=107 ms
08-12 16:10:29.901 30878 31314 D cellinfo: 46 bytes from 54.197.223.49: icmp_seq=844 ttl=43 time=69.5 ms
08-12 16:10:29.972 30878 30878 D cellinfo: Latitude is 41.5748286
08-12 16:10:29.972 30878 30878 D cellinfo: Longitude is -93.8534337
08-12 16:10:29.972 30878 30878 D cellinfo: Instantaneous GPS information: United States, 1240 SE Kettlestone Blvd, Waukee, IA 50263, USA
08-12 16:10:29.972 30878 30878 D cellinfo: getCurrentLocation() result: Location (success): 41.5748286, -93.8534337
08-12 16:10:30.027 30878 30878 D cellinfo: onCellInfoChanged: Operator: AT&T UpdateTimestamp: 343302764 CellConnectionStatus: 0
08-12 16:10:30.027 30878 30878 D cellinfo: onCellInfoChanged: LTE Cell Bands: [12] Bandwidth: 2147483647 Cell ID: 74650895 Physical Cell ID: 162 Tracking Area Code: 18436 EARFCN: 5145
08-12 16:10:30.102 30878 31314 D cellinfo: 46 bytes from 54.197.223.49: icmp_seq=845 ttl=43 time=69.0 ms
08-12 16:10:30.303 30878 31314 D cellinfo: 46 bytes from 54.197.223.49: icmp_seq=846 ttl=43 time=68.2 ms
08-12 16:10:30.550 30878 31314 D cellinfo: 46 bytes from 54.197.223.49: icmp_seq=847 ttl=43 time=112 ms
08-12 16:10:30.702 30878 31314 D cellinfo: 46 bytes from 54.197.223.49: icmp_seq=848 ttl=43 time=66.4 ms
08-12 16:10:30.903 30878 31314 D cellinfo: 46 bytes from 54.197.223.49: icmp_seq=849 ttl=43 time=64.7 ms
08-12 16:10:31.103 30878 31314 D cellinfo: 46 bytes from 54.197.223.49: icmp_seq=850 ttl=43 time=64.4 ms
08-12 16:10:31.302 30878 31314 D cellinfo: 46 bytes from 54.197.223.49: icmp_seq=851 ttl=43 time=62.4 ms
08-12 16:10:31.500 30878 31314 D cellinfo: 46 bytes from 54.197.223.49: icmp_seq=852 ttl=43 time=59.8 ms
08-12 16:10:31.739 30878 31314 D cellinfo: 46 bytes from 54.197.223.49: icmp_seq=853 ttl=43 time=96.9 ms
08-12 16:10:31.907 30878 30878 D cellinfo: onsignalStrengthsChanged: LTE Signal Strength info: rsrp: -95 rsrq: -18 rssi: -65 rssnr: 0
08-12 16:10:31.939 30878 31314 D cellinfo: 46 bytes from 54.197.223.49: icmp_seq=854 ttl=43 time=94.0 ms
08-12 16:10:32.262 30878 31314 D cellinfo: 46 bytes from 54.197.223.49: icmp_seq=855 ttl=43 time=214 ms
08-12 16:10:32.380 30878 31314 D cellinfo: 46 bytes from 54.197.223.49: icmp_seq=856 ttl=43 time=126 ms
08-12 16:10:32.539 30878 31314 D cellinfo: 46 bytes from 54.197.223.49: icmp_seq=857 ttl=43 time=83.8 ms
08-12 16:10:32.739 30878 31314 D cellinfo: 46 bytes from 54.197.223.49: icmp_seq=858 ttl=43 time=82.9 ms
08-12 16:10:32.938 30878 31314 D cellinfo: 46 bytes from 54.197.223.49: icmp_seq=859 ttl=43 time=82.0 ms
08-12 16:10:32.967 30878 30878 D cellinfo: Latitude is 41.5748286
08-12 16:10:32.967 30878 30878 D cellinfo: Longitude is -93.8534337
08-12 16:10:32.967 30878 30878 D cellinfo: Instantaneous GPS information: United States, 1240 SE Kettlestone Blvd, Waukee, IA 50263, USA
08-12 16:10:32.967 30878 30878 D cellinfo: getCurrentLocation() result: Location (success): 41.5748286, -93.8534337
08-12 16:10:33.011 30878 30878 D cellinfo: onCellInfoChanged: Operator: AT&T UpdateTimestamp: 343305745 CellConnectionStatus: 0
08-12 16:10:33.011 30878 30878 D cellinfo: onCellInfoChanged: LTE Cell Bands: [12] Bandwidth: 2147483647 Cell ID: 74650895 Physical Cell ID: 162 Tracking Area Code: 18436 EARFCN: 5145
08-12 16:10:33.138 30878 31314 D cellinfo: 46 bytes from 54.197.223.49: icmp_seq=860 ttl=43 time=80.8 ms
08-12 16:10:33.340 30878 31314 D cellinfo: 46 bytes from 54.197.223.49: icmp_seq=861 ttl=43 time=80.9 ms
08-12 16:10:33.415 30878 30878 D cellinfo: onsignalStrengthsChanged: LTE Signal Strength info: rsrp: -96 rsrq: -18 rssi: -61 rssnr: 0
08-12 16:10:33.538 30878 31314 D cellinfo: 46 bytes from 54.197.223.49: icmp_seq=862 ttl=43 time=80.3 ms
08-12 16:10:33.739 30878 31314 D cellinfo: 46 bytes from 54.197.223.49: icmp_seq=863 ttl=43 time=78.8 ms
08-12 16:10:33.943 30878 31314 D cellinfo: 46 bytes from 54.197.223.49: icmp_seq=864 ttl=43 time=80.7 ms
08-12 16:10:34.141 30878 31314 D cellinfo: 46 bytes from 54.197.223.49: icmp_seq=865 ttl=43 time=78.2 ms
08-12 16:10:34.340 30878 31314 D cellinfo: 46 bytes from 54.197.223.49: icmp_seq=866 ttl=43 time=77.2 ms
08-12 16:10:34.699 30878 31314 D cellinfo: 46 bytes from 54.197.223.49: icmp_seq=867 ttl=43 time=235 ms
08-12 16:10:34.740 30878 31314 D cellinfo: 46 bytes from 54.197.223.49: icmp_seq=868 ttl=43 time=67.5 ms
08-12 16:10:34.987 30878 31314 D cellinfo: 46 bytes from 54.197.223.49: icmp_seq=869 ttl=43 time=112 ms
08-12 16:10:35.141 30878 31314 D cellinfo: 46 bytes from 54.197.223.49: icmp_seq=870 ttl=43 time=64.6 ms
08-12 16:10:35.341 30878 31314 D cellinfo: 46 bytes from 54.197.223.49: icmp_seq=871 ttl=43 time=64.2 ms
08-12 16:10:35.539 30878 31314 D cellinfo: 46 bytes from 54.197.223.49: icmp_seq=872 ttl=43 time=61.4 ms
08-12 16:10:35.741 30878 31314 D cellinfo: 46 bytes from 54.197.223.49: icmp_seq=873 ttl=43 time=61.1 ms
08-12 16:10:35.942 30878 31314 D cellinfo: 46 bytes from 54.197.223.49: icmp_seq=874 ttl=43 time=61.1 ms
08-12 16:10:35.979 30878 30878 D cellinfo: Latitude is 41.5748286
08-12 16:10:35.979 30878 30878 D cellinfo: Longitude is -93.8534337
08-12 16:10:35.980 30878 30878 D cellinfo: Instantaneous GPS information: United States, 1240 SE Kettlestone Blvd, Waukee, IA 50263, USA
08-12 16:10:35.980 30878 30878 D cellinfo: getCurrentLocation() result: Location (success): 41.5748286, -93.8534337
08-12 16:10:36.053 30878 30878 D cellinfo: onCellInfoChanged: Operator: AT&T UpdateTimestamp: 343308789 CellConnectionStatus: 0
08-12 16:10:36.053 30878 30878 D cellinfo: onCellInfoChanged: LTE Cell Bands: [12] Bandwidth: 2147483647 Cell ID: 74650895 Physical Cell ID: 162 Tracking Area Code: 18436 EARFCN: 5145
08-12 16:10:36.145 30878 31314 D cellinfo: 46 bytes from 54.197.223.49: icmp_seq=875 ttl=43 time=64.1 ms
08-12 16:10:36.378 30878 31314 D cellinfo: 46 bytes from 54.197.223.49: icmp_seq=876 ttl=43 time=97.0 ms
08-12 16:10:36.396 30878 30878 D cellinfo: onsignalStrengthsChanged: LTE Signal Strength info: rsrp: -95 rsrq: -18 rssi: -61 rssnr: 0
08-12 16:10:36.578 30878 31314 D cellinfo: 46 bytes from 54.197.223.49: icmp_seq=877 ttl=43 time=96.6 ms
08-12 16:10:36.778 30878 31314 D cellinfo: 46 bytes from 54.197.223.49: icmp_seq=878 ttl=43 time=96.0 ms
08-12 16:10:36.980 30878 31314 D cellinfo: 46 bytes from 54.197.223.49: icmp_seq=879 ttl=43 time=97.1 ms
08-12 16:10:37.184 30878 31314 D cellinfo: 46 bytes from 54.197.223.49: icmp_seq=880 ttl=43 time=99.9 ms
08-12 16:10:37.379 30878 31314 D cellinfo: 46 bytes from 54.197.223.49: icmp_seq=881 ttl=43 time=94.7 ms
08-12 16:10:37.579 30878 31314 D cellinfo: 46 bytes from 54.197.223.49: icmp_seq=882 ttl=43 time=94.1 ms
08-12 16:10:37.779 30878 31314 D cellinfo: 46 bytes from 54.197.223.49: icmp_seq=883 ttl=43 time=94.4 ms
08-12 16:10:37.979 30878 31314 D cellinfo: 46 bytes from 54.197.223.49: icmp_seq=884 ttl=43 time=91.9 ms
08-12 16:10:38.179 30878 31314 D cellinfo: 46 bytes from 54.197.223.49: icmp_seq=885 ttl=43 time=92.5 ms
08-12 16:10:38.379 30878 31314 D cellinfo: 46 bytes from 54.197.223.49: icmp_seq=886 ttl=43 time=92.0 ms
08-12 16:10:38.580 30878 31314 D cellinfo: 46 bytes from 54.197.223.49: icmp_seq=887 ttl=43 time=92.1 ms
08-12 16:10:38.779 30878 31314 D cellinfo: 46 bytes from 54.197.223.49: icmp_seq=888 ttl=43 time=90.8 ms
08-12 16:10:38.995 30878 31314 D cellinfo: 46 bytes from 54.197.223.49: icmp_seq=889 ttl=43 time=105 ms
08-12 16:10:39.026 30878 30878 D cellinfo: onCellInfoChanged: Operator: AT&T UpdateTimestamp: 343311761 CellConnectionStatus: 0
08-12 16:10:39.026 30878 30878 D cellinfo: onCellInfoChanged: LTE Cell Bands: [12] Bandwidth: 2147483647 Cell ID: 74650895 Physical Cell ID: 162 Tracking Area Code: 18436 EARFCN: 5145
08-12 16:10:39.181 30878 31314 D cellinfo: 46 bytes from 54.197.223.49: icmp_seq=890 ttl=43 time=88.5 ms
08-12 16:10:39.416 30878 30878 D cellinfo: onsignalStrengthsChanged: LTE Signal Strength info: rsrp: -96 rsrq: -18 rssi: -67 rssnr: -1
08-12 16:10:39.419 30878 31314 D cellinfo: 46 bytes from 54.197.223.49: icmp_seq=891 ttl=43 time=126 ms
08-12 16:10:39.598 30878 31314 D cellinfo: 46 bytes from 54.197.223.49: icmp_seq=892 ttl=43 time=104 ms
08-12 16:10:39.819 30878 31314 D cellinfo: 46 bytes from 54.197.223.49: icmp_seq=893 ttl=43 time=124 ms
08-12 16:10:39.979 30878 31314 D cellinfo: 46 bytes from 54.197.223.49: icmp_seq=894 ttl=43 time=84.8 ms
08-12 16:10:40.181 30878 31314 D cellinfo: 46 bytes from 54.197.223.49: icmp_seq=895 ttl=43 time=84.6 ms
08-12 16:10:40.389 30878 31314 D cellinfo: 46 bytes from 54.197.223.49: icmp_seq=896 ttl=43 time=92.7 ms
08-12 16:10:40.583 30878 31314 D cellinfo: 46 bytes from 54.197.223.49: icmp_seq=897 ttl=43 time=84.9 ms
08-12 16:10:40.782 30878 31314 D cellinfo: 46 bytes from 54.197.223.49: icmp_seq=898 ttl=43 time=82.3 ms
08-12 16:10:40.828 30878 30878 D cellinfo: Latitude is 41.5743442
08-12 16:10:40.828 30878 30878 D cellinfo: Longitude is -93.8538583
08-12 16:10:40.829 30878 30878 D cellinfo: Instantaneous GPS information: United States, 3105 Grand Prairie Pkwy, Waukee, IA 50263, USA
08-12 16:10:40.829 30878 30878 D cellinfo: getCurrentLocation() result: Location (success): 41.5743442, -93.8538583
08-12 16:10:40.979 30878 31314 D cellinfo: 46 bytes from 54.197.223.49: icmp_seq=899 ttl=43 time=79.0 ms
08-12 16:10:41.178 30878 31314 D cellinfo: 46 bytes from 54.197.223.49: icmp_seq=900 ttl=43 time=78.1 ms
08-12 16:10:41.379 30878 31314 D cellinfo: 46 bytes from 54.197.223.49: icmp_seq=901 ttl=43 time=77.3 ms
08-12 16:10:41.618 30878 31314 D cellinfo: 46 bytes from 54.197.223.49: icmp_seq=902 ttl=43 time=116 ms
08-12 16:10:41.778 30878 31314 D cellinfo: 46 bytes from 54.197.223.49: icmp_seq=903 ttl=43 time=75.6 ms
08-12 16:10:41.967 30878 30878 D cellinfo: Latitude is 41.5743442
08-12 16:10:41.968 30878 30878 D cellinfo: Longitude is -93.8538583
08-12 16:10:41.968 30878 30878 D cellinfo: Instantaneous GPS information: United States, 3105 Grand Prairie Pkwy, Waukee, IA 50263, USA
08-12 16:10:41.968 30878 30878 D cellinfo: getCurrentLocation() result: Location (success): 41.5743442, -93.8538583
08-12 16:10:42.005 30878 30878 D cellinfo: onCellInfoChanged: Operator: AT&T UpdateTimestamp: 343314744 CellConnectionStatus: 0
08-12 16:10:42.006 30878 30878 D cellinfo: onCellInfoChanged: LTE Cell Bands: [12] Bandwidth: 2147483647 Cell ID: 74650895 Physical Cell ID: 162 Tracking Area Code: 18436 EARFCN: 5145
08-12 16:10:42.019 30878 31314 D cellinfo: 46 bytes from 54.197.223.49: icmp_seq=904 ttl=43 time=114 ms
08-12 16:10:42.179 30878 31314 D cellinfo: 46 bytes from 54.197.223.49: icmp_seq=905 ttl=43 time=74.6 ms
08-12 16:10:42.380 30878 31314 D cellinfo: 46 bytes from 54.197.223.49: icmp_seq=906 ttl=43 time=73.3 ms
08-12 16:10:42.578 30878 31314 D cellinfo: 46 bytes from 54.197.223.49: icmp_seq=907 ttl=43 time=71.2 ms
08-12 16:10:42.778 30878 31314 D cellinfo: 46 bytes from 54.197.223.49: icmp_seq=908 ttl=43 time=70.6 ms
08-12 16:10:43.028 30878 31314 D cellinfo: 46 bytes from 54.197.223.49: icmp_seq=909 ttl=43 time=118 ms
08-12 16:10:43.183 30878 31314 D cellinfo: 46 bytes from 54.197.223.49: icmp_seq=910 ttl=43 time=73.5 ms
08-12 16:10:43.382 30878 31314 D cellinfo: 46 bytes from 54.197.223.49: icmp_seq=911 ttl=43 time=70.7 ms
08-12 16:10:43.626 30878 31314 D cellinfo: 46 bytes from 54.197.223.49: icmp_seq=912 ttl=43 time=114 ms
