08-12 10:50:51.031 12222 12222 D cellinfo: onCellInfoChanged: Operator: AT&T UpdateTimestamp: 324123766 CellConnectionStatus: 0
08-12 10:50:51.031 12222 12222 D cellinfo: onCellInfoChanged: LTE Cell Bands: [2] Bandwidth: 2147483647 Cell ID: 95034888 Physical Cell ID: 342 Tracking Area Code: 18688 EARFCN: 700
08-12 10:50:51.169 12222 12369 D cellinfo: 46 bytes from 54.197.223.49: icmp_seq=620 ttl=43 time=124 ms
08-12 10:50:51.329 12222 12369 D cellinfo: 46 bytes from 54.197.223.49: icmp_seq=621 ttl=43 time=83.7 ms
08-12 10:50:51.535 12222 12369 D cellinfo: 46 bytes from 54.197.223.49: icmp_seq=622 ttl=43 time=88.1 ms
08-12 10:50:51.768 12222 12369 D cellinfo: 46 bytes from 54.197.223.49: icmp_seq=623 ttl=43 time=121 ms
08-12 10:50:51.929 12222 12369 D cellinfo: 46 bytes from 54.197.223.49: icmp_seq=624 ttl=43 time=81.0 ms
08-12 10:50:52.130 12222 12369 D cellinfo: 46 bytes from 54.197.223.49: icmp_seq=625 ttl=43 time=81.3 ms
08-12 10:50:52.329 12222 12369 D cellinfo: 46 bytes from 54.197.223.49: icmp_seq=626 ttl=43 time=80.2 ms
08-12 10:50:52.528 12222 12369 D cellinfo: 46 bytes from 54.197.223.49: icmp_seq=627 ttl=43 time=79.0 ms
08-12 10:50:52.729 12222 12369 D cellinfo: 46 bytes from 54.197.223.49: icmp_seq=628 ttl=43 time=79.0 ms
08-12 10:50:52.929 12222 12369 D cellinfo: 46 bytes from 54.197.223.49: icmp_seq=629 ttl=43 time=77.6 ms
08-12 10:50:53.131 12222 12369 D cellinfo: 46 bytes from 54.197.223.49: icmp_seq=630 ttl=43 time=79.0 ms
08-12 10:50:53.328 12222 12369 D cellinfo: 46 bytes from 54.197.223.49: icmp_seq=631 ttl=43 time=76.3 ms
08-12 10:50:53.531 12222 12369 D cellinfo: 46 bytes from 54.197.223.49: icmp_seq=632 ttl=43 time=76.4 ms
08-12 10:50:53.729 12222 12369 D cellinfo: 46 bytes from 54.197.223.49: icmp_seq=633 ttl=43 time=74.3 ms
08-12 10:50:53.965 12222 12222 D cellinfo: Latitude is 41.2304764
08-12 10:50:53.965 12222 12222 D cellinfo: Longitude is -95.8365371
08-12 10:50:53.965 12222 12222 D cellinfo: Instantaneous GPS information: United States, 101 29th Ave, Council Bluffs, IA 51501, USA
08-12 10:50:53.965 12222 12222 D cellinfo: getCurrentLocation() result: Location (success): 41.2304764, -95.8365371
08-12 10:50:53.968 12222 12369 D cellinfo: 46 bytes from 54.197.223.49: icmp_seq=634 ttl=43 time=112 ms
08-12 10:50:54.015 12222 12222 D cellinfo: onCellInfoChanged: Operator: AT&T UpdateTimestamp: 324126751 CellConnectionStatus: 0
08-12 10:50:54.015 12222 12222 D cellinfo: onCellInfoChanged: LTE Cell Bands: [2] Bandwidth: 2147483647 Cell ID: 95034888 Physical Cell ID: 342 Tracking Area Code: 18688 EARFCN: 700
08-12 10:50:54.170 12222 12369 D cellinfo: 46 bytes from 54.197.223.49: icmp_seq=635 ttl=43 time=111 ms
08-12 10:50:54.330 12222 12369 D cellinfo: 46 bytes from 54.197.223.49: icmp_seq=636 ttl=43 time=70.9 ms
08-12 10:50:54.539 12222 12369 D cellinfo: 46 bytes from 54.197.223.49: icmp_seq=637 ttl=43 time=79.8 ms
08-12 10:50:54.732 12222 12369 D cellinfo: 46 bytes from 54.197.223.49: icmp_seq=638 ttl=43 time=71.6 ms
08-12 10:50:54.970 12222 12369 D cellinfo: 46 bytes from 54.197.223.49: icmp_seq=639 ttl=43 time=108 ms
08-12 10:50:55.170 12222 12369 D cellinfo: 46 bytes from 54.197.223.49: icmp_seq=640 ttl=43 time=107 ms
08-12 10:50:55.370 12222 12369 D cellinfo: 46 bytes from 54.197.223.49: icmp_seq=641 ttl=43 time=106 ms
08-12 10:50:55.462 12222 12222 D cellinfo: onsignalStrengthsChanged: LTE Signal Strength info: rsrp: -91 rsrq: -15 rssi: -61 rssnr: 6
08-12 10:50:55.540 12222 12369 D cellinfo: 46 bytes from 54.197.223.49: icmp_seq=642 ttl=43 time=77.1 ms
08-12 10:50:55.747 12222 12369 D cellinfo: 46 bytes from 54.197.223.49: icmp_seq=643 ttl=43 time=83.3 ms
08-12 10:50:55.971 12222 12369 D cellinfo: 46 bytes from 54.197.223.49: icmp_seq=644 ttl=43 time=104 ms
08-12 10:50:56.170 12222 12369 D cellinfo: 46 bytes from 54.197.223.49: icmp_seq=645 ttl=43 time=104 ms
08-12 10:50:56.370 12222 12369 D cellinfo: 46 bytes from 54.197.223.49: icmp_seq=646 ttl=43 time=103 ms
08-12 10:50:56.532 12222 12369 D cellinfo: 46 bytes from 54.197.223.49: icmp_seq=647 ttl=43 time=66.1 ms
08-12 10:50:56.770 12222 12369 D cellinfo: 46 bytes from 54.197.223.49: icmp_seq=648 ttl=43 time=101 ms
08-12 10:50:56.959 12222 12222 D cellinfo: Latitude is 41.2304764
08-12 10:50:56.959 12222 12222 D cellinfo: Longitude is -95.8365371
08-12 10:50:56.959 12222 12222 D cellinfo: Instantaneous GPS information: United States, 101 29th Ave, Council Bluffs, IA 51501, USA
08-12 10:50:56.959 12222 12222 D cellinfo: getCurrentLocation() result: Location (success): 41.2304764, -95.8365371
08-12 10:50:56.969 12222 12369 D cellinfo: 46 bytes from 54.197.223.49: icmp_seq=649 ttl=43 time=100 ms
08-12 10:50:56.997 12222 12222 D cellinfo: onCellInfoChanged: Operator: AT&T UpdateTimestamp: 324129735 CellConnectionStatus: 0
08-12 10:50:56.997 12222 12222 D cellinfo: onCellInfoChanged: LTE Cell Bands: [2] Bandwidth: 2147483647 Cell ID: 95034888 Physical Cell ID: 342 Tracking Area Code: 18688 EARFCN: 700
08-12 10:50:57.170 12222 12369 D cellinfo: 46 bytes from 54.197.223.49: icmp_seq=650 ttl=43 time=98.7 ms
08-12 10:50:57.372 12222 12369 D cellinfo: 46 bytes from 54.197.223.49: icmp_seq=651 ttl=43 time=100 ms
08-12 10:50:57.570 12222 12369 D cellinfo: 46 bytes from 54.197.223.49: icmp_seq=652 ttl=43 time=96.1 ms
08-12 10:50:57.770 12222 12369 D cellinfo: 46 bytes from 54.197.223.49: icmp_seq=653 ttl=43 time=95.7 ms
08-12 10:50:57.970 12222 12369 D cellinfo: 46 bytes from 54.197.223.49: icmp_seq=654 ttl=43 time=96.5 ms
08-12 10:50:58.170 12222 12369 D cellinfo: 46 bytes from 54.197.223.49: icmp_seq=655 ttl=43 time=94.6 ms
08-12 10:50:58.371 12222 12369 D cellinfo: 46 bytes from 54.197.223.49: icmp_seq=656 ttl=43 time=96.4 ms
08-12 10:50:58.549 12222 12369 D cellinfo: 46 bytes from 54.197.223.49: icmp_seq=657 ttl=43 time=71.8 ms
08-12 10:50:58.769 12222 12369 D cellinfo: 46 bytes from 54.197.223.49: icmp_seq=658 ttl=43 time=92.6 ms
08-12 10:50:58.977 12222 12369 D cellinfo: 46 bytes from 54.197.223.49: icmp_seq=659 ttl=43 time=100 ms
08-12 10:50:59.169 12222 12369 D cellinfo: 46 bytes from 54.197.223.49: icmp_seq=660 ttl=43 time=91.9 ms
08-12 10:50:59.369 12222 12369 D cellinfo: 46 bytes from 54.197.223.49: icmp_seq=661 ttl=43 time=90.8 ms
08-12 10:50:59.548 12222 12369 D cellinfo: 46 bytes from 54.197.223.49: icmp_seq=662 ttl=43 time=67.3 ms
08-12 10:50:59.773 12222 12369 D cellinfo: 46 bytes from 54.197.223.49: icmp_seq=663 ttl=43 time=92.3 ms
08-12 10:50:59.962 12222 12222 D cellinfo: Latitude is 41.2304764
08-12 10:50:59.962 12222 12222 D cellinfo: Longitude is -95.8365371
08-12 10:50:59.962 12222 12222 D cellinfo: Instantaneous GPS information: United States, 101 29th Ave, Council Bluffs, IA 51501, USA
08-12 10:50:59.962 12222 12222 D cellinfo: getCurrentLocation() result: Location (success): 41.2304764, -95.8365371
08-12 10:50:59.969 12222 12369 D cellinfo: 46 bytes from 54.197.223.49: icmp_seq=664 ttl=43 time=87.1 ms
08-12 10:51:00.011 12222 12222 D cellinfo: onCellInfoChanged: Operator: AT&T UpdateTimestamp: 324132748 CellConnectionStatus: 0
08-12 10:51:00.011 12222 12222 D cellinfo: onCellInfoChanged: LTE Cell Bands: [2] Bandwidth: 2147483647 Cell ID: 95034888 Physical Cell ID: 342 Tracking Area Code: 18688 EARFCN: 700
08-12 10:51:00.169 12222 12369 D cellinfo: 46 bytes from 54.197.223.49: icmp_seq=665 ttl=43 time=86.4 ms
08-12 10:51:00.368 12222 12369 D cellinfo: 46 bytes from 54.197.223.49: icmp_seq=666 ttl=43 time=84.3 ms
08-12 10:51:00.571 12222 12369 D cellinfo: 46 bytes from 54.197.223.49: icmp_seq=667 ttl=43 time=85.0 ms
08-12 10:51:00.770 12222 12369 D cellinfo: 46 bytes from 54.197.223.49: icmp_seq=668 ttl=43 time=84.0 ms
08-12 10:51:00.969 12222 12369 D cellinfo: 46 bytes from 54.197.223.49: icmp_seq=669 ttl=43 time=82.5 ms
08-12 10:51:01.169 12222 12369 D cellinfo: 46 bytes from 54.197.223.49: icmp_seq=670 ttl=43 time=81.1 ms
08-12 10:51:01.369 12222 12369 D cellinfo: 46 bytes from 54.197.223.49: icmp_seq=671 ttl=43 time=80.6 ms
08-12 10:51:01.569 12222 12369 D cellinfo: 46 bytes from 54.197.223.49: icmp_seq=672 ttl=43 time=80.3 ms
08-12 10:51:01.769 12222 12369 D cellinfo: 46 bytes from 54.197.223.49: icmp_seq=673 ttl=43 time=79.0 ms
08-12 10:51:01.969 12222 12369 D cellinfo: 46 bytes from 54.197.223.49: icmp_seq=674 ttl=43 time=77.8 ms
08-12 10:51:02.029 12222 12222 D cellinfo: onsignalStrengthsChanged: LTE Signal Strength info: rsrp: -94 rsrq: -15 rssi: -63 rssnr: 5
08-12 10:51:02.168 12222 12369 D cellinfo: 46 bytes from 54.197.223.49: icmp_seq=675 ttl=43 time=77.5 ms
08-12 10:51:02.369 12222 12369 D cellinfo: 46 bytes from 54.197.223.49: icmp_seq=676 ttl=43 time=78.3 ms
08-12 10:51:02.569 12222 12369 D cellinfo: 46 bytes from 54.197.223.49: icmp_seq=677 ttl=43 time=76.7 ms
08-12 10:51:02.809 12222 12369 D cellinfo: 46 bytes from 54.197.223.49: icmp_seq=678 ttl=43 time=115 ms
08-12 10:51:02.968 12222 12369 D cellinfo: 46 bytes from 54.197.223.49: icmp_seq=679 ttl=43 time=74.5 ms
08-12 10:51:02.997 12222 12222 D cellinfo: onCellInfoChanged: Operator: AT&T UpdateTimestamp: 324135734 CellConnectionStatus: 0
08-12 10:51:02.997 12222 12222 D cellinfo: onCellInfoChanged: LTE Cell Bands: [2] Bandwidth: 2147483647 Cell ID: 95034888 Physical Cell ID: 342 Tracking Area Code: 18688 EARFCN: 700
08-12 10:51:03.171 12222 12369 D cellinfo: 46 bytes from 54.197.223.49: icmp_seq=680 ttl=43 time=75.1 ms
08-12 10:51:03.409 12222 12369 D cellinfo: 46 bytes from 54.197.223.49: icmp_seq=681 ttl=43 time=112 ms
08-12 10:51:03.570 12222 12369 D cellinfo: 46 bytes from 54.197.223.49: icmp_seq=682 ttl=43 time=71.9 ms
08-12 10:51:03.809 12222 12369 D cellinfo: 46 bytes from 54.197.223.49: icmp_seq=683 ttl=43 time=111 ms
08-12 10:51:03.968 12222 12369 D cellinfo: 46 bytes from 54.197.223.49: icmp_seq=684 ttl=43 time=68.9 ms
08-12 10:51:04.210 12222 12369 D cellinfo: 46 bytes from 54.197.223.49: icmp_seq=685 ttl=43 time=107 ms
08-12 10:51:04.409 12222 12369 D cellinfo: 46 bytes from 54.197.223.49: icmp_seq=686 ttl=43 time=107 ms
08-12 10:51:04.610 12222 12369 D cellinfo: 46 bytes from 54.197.223.49: icmp_seq=687 ttl=43 time=107 ms
08-12 10:51:04.810 12222 12369 D cellinfo: 46 bytes from 54.197.223.49: icmp_seq=688 ttl=43 time=106 ms
08-12 10:51:05.009 12222 12369 D cellinfo: 46 bytes from 54.197.223.49: icmp_seq=689 ttl=43 time=105 ms
08-12 10:51:05.181 12222 12369 D cellinfo: 46 bytes from 54.197.223.49: icmp_seq=690 ttl=43 time=77.0 ms
08-12 10:51:05.383 12222 12369 D cellinfo: 46 bytes from 54.197.223.49: icmp_seq=691 ttl=43 time=77.5 ms
08-12 10:51:05.605 12222 12369 D cellinfo: 46 bytes from 54.197.223.49: icmp_seq=692 ttl=43 time=98.2 ms
08-12 10:51:05.661 12222 12222 D cellinfo: Latitude is 41.2317739
08-12 10:51:05.661 12222 12222 D cellinfo: Longitude is -95.8322399
08-12 10:51:05.661 12222 12222 D cellinfo: Instantaneous GPS information: United States, 205 E 29th Ave, Council Bluffs, IA 51503, USA
08-12 10:51:05.661 12222 12222 D cellinfo: getCurrentLocation() result: Location (success): 41.2317739, -95.8322399
08-12 10:51:05.784 12222 12369 D cellinfo: 46 bytes from 54.197.223.49: icmp_seq=693 ttl=43 time=77.1 ms
08-12 10:51:05.969 12222 12222 D cellinfo: Latitude is 41.2317739
08-12 10:51:05.970 12222 12222 D cellinfo: Longitude is -95.8322399
08-12 10:51:05.970 12222 12222 D cellinfo: Instantaneous GPS information: United States, 205 E 29th Ave, Council Bluffs, IA 51503, USA
08-12 10:51:05.970 12222 12222 D cellinfo: getCurrentLocation() result: Location (success): 41.2317739, -95.8322399
08-12 10:51:06.012 12222 12222 D cellinfo: onCellInfoChanged: Operator: AT&T UpdateTimestamp: 324138749 CellConnectionStatus: 0
08-12 10:51:06.012 12222 12222 D cellinfo: onCellInfoChanged: LTE Cell Bands: [2] Bandwidth: 2147483647 Cell ID: 95034888 Physical Cell ID: 342 Tracking Area Code: 18688 EARFCN: 700
08-12 10:51:06.016 12222 12369 D cellinfo: 46 bytes from 54.197.223.49: icmp_seq=694 ttl=43 time=109 ms
08-12 10:51:06.208 12222 12369 D cellinfo: 46 bytes from 54.197.223.49: icmp_seq=695 ttl=43 time=102 ms
08-12 10:51:06.409 12222 12369 D cellinfo: 46 bytes from 54.197.223.49: icmp_seq=696 ttl=43 time=101 ms
08-12 10:51:06.609 12222 12369 D cellinfo: 46 bytes from 54.197.223.49: icmp_seq=697 ttl=43 time=101 ms
08-12 10:51:06.662 12222 12222 D cellinfo: onsignalStrengthsChanged: LTE Signal Strength info: rsrp: -96 rsrq: -16 rssi: -65 rssnr: 1
08-12 10:51:06.818 12222 12369 D cellinfo: 46 bytes from 54.197.223.49: icmp_seq=698 ttl=43 time=111 ms
08-12 10:51:07.009 12222 12369 D cellinfo: 46 bytes from 54.197.223.49: icmp_seq=699 ttl=43 time=100 ms
08-12 10:51:07.209 12222 12369 D cellinfo: 46 bytes from 54.197.223.49: icmp_seq=700 ttl=43 time=100 ms
08-12 10:51:07.410 12222 12369 D cellinfo: 46 bytes from 54.197.223.49: icmp_seq=701 ttl=43 time=100 ms
08-12 10:51:07.649 12222 12369 D cellinfo: 46 bytes from 54.197.223.49: icmp_seq=702 ttl=43 time=140 ms
08-12 10:51:07.812 12222 12369 D cellinfo: 46 bytes from 54.197.223.49: icmp_seq=703 ttl=43 time=99.3 ms
08-12 10:51:08.009 12222 12369 D cellinfo: 46 bytes from 54.197.223.49: icmp_seq=704 ttl=43 time=96.3 ms
08-12 10:51:08.209 12222 12369 D cellinfo: 46 bytes from 54.197.223.49: icmp_seq=705 ttl=43 time=95.8 ms
08-12 10:51:08.410 12222 12369 D cellinfo: 46 bytes from 54.197.223.49: icmp_seq=706 ttl=43 time=94.6 ms
08-12 10:51:08.609 12222 12369 D cellinfo: 46 bytes from 54.197.223.49: icmp_seq=707 ttl=43 time=94.1 ms
08-12 10:51:08.781 12222 12369 D cellinfo: 46 bytes from 54.197.223.49: icmp_seq=708 ttl=43 time=66.0 ms
08-12 10:51:08.963 12222 12222 D cellinfo: Latitude is 41.2317739
08-12 10:51:08.963 12222 12222 D cellinfo: Longitude is -95.8322399
08-12 10:51:08.963 12222 12222 D cellinfo: Instantaneous GPS information: United States, 205 E 29th Ave, Council Bluffs, IA 51503, USA
08-12 10:51:08.963 12222 12222 D cellinfo: getCurrentLocation() result: Location (success): 41.2317739, -95.8322399
08-12 10:51:09.008 12222 12369 D cellinfo: 46 bytes from 54.197.223.49: icmp_seq=709 ttl=43 time=92.3 ms
08-12 10:51:09.013 12222 12222 D cellinfo: onCellInfoChanged: Operator: AT&T UpdateTimestamp: 324141750 CellConnectionStatus: 0
08-12 10:51:09.013 12222 12222 D cellinfo: onCellInfoChanged: LTE Cell Bands: [2] Bandwidth: 2147483647 Cell ID: 95034888 Physical Cell ID: 342 Tracking Area Code: 18688 EARFCN: 700
08-12 10:51:09.210 12222 12369 D cellinfo: 46 bytes from 54.197.223.49: icmp_seq=710 ttl=43 time=94.0 ms
08-12 10:51:09.387 12222 12369 D cellinfo: 46 bytes from 54.197.223.49: icmp_seq=711 ttl=43 time=69.9 ms
08-12 10:51:09.610 12222 12369 D cellinfo: 46 bytes from 54.197.223.49: icmp_seq=712 ttl=43 time=90.9 ms
08-12 10:51:09.809 12222 12369 D cellinfo: 46 bytes from 54.197.223.49: icmp_seq=713 ttl=43 time=90.3 ms
08-12 10:51:10.010 12222 12369 D cellinfo: 46 bytes from 54.197.223.49: icmp_seq=714 ttl=43 time=90.0 ms
08-12 10:51:10.210 12222 12369 D cellinfo: 46 bytes from 54.197.223.49: icmp_seq=715 ttl=43 time=89.9 ms
08-12 10:51:10.410 12222 12369 D cellinfo: 46 bytes from 54.197.223.49: icmp_seq=716 ttl=43 time=89.4 ms
08-12 10:51:10.581 12222 12369 D cellinfo: 46 bytes from 54.197.223.49: icmp_seq=717 ttl=43 time=60.7 ms
08-12 10:51:10.811 12222 12369 D cellinfo: 46 bytes from 54.197.223.49: icmp_seq=718 ttl=43 time=89.0 ms
08-12 10:51:11.010 12222 12369 D cellinfo: 46 bytes from 54.197.223.49: icmp_seq=719 ttl=43 time=87.2 ms
08-12 10:51:11.032 12222 12222 D cellinfo: onsignalStrengthsChanged: LTE Signal Strength info: rsrp: -97 rsrq: -17 rssi: -63 rssnr: 0
08-12 10:51:11.210 12222 12369 D cellinfo: 46 bytes from 54.197.223.49: icmp_seq=720 ttl=43 time=87.1 ms
08-12 10:51:11.410 12222 12369 D cellinfo: 46 bytes from 54.197.223.49: icmp_seq=721 ttl=43 time=86.4 ms
08-12 10:51:11.611 12222 12369 D cellinfo: 46 bytes from 54.197.223.49: icmp_seq=722 ttl=43 time=87.4 ms
08-12 10:51:11.818 12222 12369 D cellinfo: 46 bytes from 54.197.223.49: icmp_seq=723 ttl=43 time=93.4 ms
08-12 10:51:11.959 12222 12222 D cellinfo: Latitude is 41.2317739
08-12 10:51:11.959 12222 12222 D cellinfo: Longitude is -95.8322399
08-12 10:51:11.959 12222 12222 D cellinfo: Instantaneous GPS information: United States, 205 E 29th Ave, Council Bluffs, IA 51503, USA
08-12 10:51:11.959 12222 12222 D cellinfo: getCurrentLocation() result: Location (success): 41.2317739, -95.8322399
08-12 10:51:12.008 12222 12369 D cellinfo: 46 bytes from 54.197.223.49: icmp_seq=724 ttl=43 time=82.9 ms
08-12 10:51:12.023 12222 12222 D cellinfo: onCellInfoChanged: Operator: AT&T UpdateTimestamp: 324144759 CellConnectionStatus: 0
08-12 10:51:12.023 12222 12222 D cellinfo: onCellInfoChanged: LTE Cell Bands: [2] Bandwidth: 2147483647 Cell ID: 95034888 Physical Cell ID: 342 Tracking Area Code: 18688 EARFCN: 700
08-12 10:51:12.215 12222 12369 D cellinfo: 46 bytes from 54.197.223.49: icmp_seq=725 ttl=43 time=88.7 ms
08-12 10:51:12.410 12222 12369 D cellinfo: 46 bytes from 54.197.223.49: icmp_seq=726 ttl=43 time=81.1 ms
08-12 10:51:12.610 12222 12369 D cellinfo: 46 bytes from 54.197.223.49: icmp_seq=727 ttl=43 time=79.8 ms
08-12 10:51:12.810 12222 12369 D cellinfo: 46 bytes from 54.197.223.49: icmp_seq=728 ttl=43 time=79.2 ms
08-12 10:51:13.058 12222 12369 D cellinfo: 46 bytes from 54.197.223.49: icmp_seq=729 ttl=43 time=126 ms
08-12 10:51:13.212 12222 12369 D cellinfo: 46 bytes from 54.197.223.49: icmp_seq=730 ttl=43 time=80.9 ms
08-12 10:51:13.381 12222 12222 D cellinfo: onsignalStrengthsChanged: LTE Signal Strength info: rsrp: -98 rsrq: -17 rssi: -67 rssnr: -1
08-12 10:51:13.411 12222 12369 D cellinfo: 46 bytes from 54.197.223.49: icmp_seq=731 ttl=43 time=78.0 ms
08-12 10:51:13.650 12222 12369 D cellinfo: 46 bytes from 54.197.223.49: icmp_seq=732 ttl=43 time=115 ms
08-12 10:51:13.810 12222 12369 D cellinfo: 46 bytes from 54.197.223.49: icmp_seq=733 ttl=43 time=75.5 ms
08-12 10:51:14.009 12222 12369 D cellinfo: 46 bytes from 54.197.223.49: icmp_seq=734 ttl=43 time=74.4 ms
08-12 10:51:14.034 12222 12222 D cellinfo: onsignalStrengthsChanged: LTE Signal Strength info: rsrp: -99 rsrq: -17 rssi: -67 rssnr: -1
08-12 10:51:14.217 12222 12369 D cellinfo: 46 bytes from 54.197.223.49: icmp_seq=735 ttl=43 time=82.9 ms
08-12 10:51:14.402 12222 12369 D cellinfo: 46 bytes from 54.197.223.49: icmp_seq=736 ttl=43 time=66.8 ms
08-12 10:51:14.610 12222 12369 D cellinfo: 46 bytes from 54.197.223.49: icmp_seq=737 ttl=43 time=74.6 ms
08-12 10:51:14.810 12222 12369 D cellinfo: 46 bytes from 54.197.223.49: icmp_seq=738 ttl=43 time=74.2 ms
08-12 10:51:14.965 12222 12222 D cellinfo: Latitude is 41.2317739
08-12 10:51:14.965 12222 12222 D cellinfo: Longitude is -95.8322399
08-12 10:51:14.965 12222 12222 D cellinfo: Instantaneous GPS information: United States, 205 E 29th Ave, Council Bluffs, IA 51503, USA
08-12 10:51:14.965 12222 12222 D cellinfo: getCurrentLocation() result: Location (success): 41.2317739, -95.8322399
08-12 10:51:15.011 12222 12369 D cellinfo: 46 bytes from 54.197.223.49: icmp_seq=739 ttl=43 time=74.2 ms
08-12 10:51:15.026 12222 12222 D cellinfo: onCellInfoChanged: Operator: AT&T UpdateTimestamp: 324147752 CellConnectionStatus: 0
08-12 10:51:15.026 12222 12222 D cellinfo: onCellInfoChanged: LTE Cell Bands: [2] Bandwidth: 2147483647 Cell ID: 95034888 Physical Cell ID: 342 Tracking Area Code: 18688 EARFCN: 700
08-12 10:51:15.209 12222 12369 D cellinfo: 46 bytes from 54.197.223.49: icmp_seq=740 ttl=43 time=72.6 ms
08-12 10:51:15.410 12222 12369 D cellinfo: 46 bytes from 54.197.223.49: icmp_seq=741 ttl=43 time=73.2 ms
08-12 10:51:15.608 12222 12369 D cellinfo: 46 bytes from 54.197.223.49: icmp_seq=742 ttl=43 time=70.4 ms
08-12 10:51:15.808 12222 12369 D cellinfo: 46 bytes from 54.197.223.49: icmp_seq=743 ttl=43 time=68.6 ms
08-12 10:51:16.049 12222 12369 D cellinfo: 46 bytes from 54.197.223.49: icmp_seq=744 ttl=43 time=107 ms
08-12 10:51:16.210 12222 12369 D cellinfo: 46 bytes from 54.197.223.49: icmp_seq=745 ttl=43 time=69.8 ms
08-12 10:51:16.415 12222 12369 D cellinfo: 46 bytes from 54.197.223.49: icmp_seq=746 ttl=43 time=73.5 ms
08-12 10:51:16.620 12222 12369 D cellinfo: 46 bytes from 54.197.223.49: icmp_seq=747 ttl=43 time=76.0 ms
08-12 10:51:16.821 12222 12369 D cellinfo: 46 bytes from 54.197.223.49: icmp_seq=748 ttl=43 time=76.4 ms
08-12 10:51:17.049 12222 12369 D cellinfo: 46 bytes from 54.197.223.49: icmp_seq=749 ttl=43 time=104 ms
08-12 10:51:17.250 12222 12369 D cellinfo: 46 bytes from 54.197.223.49: icmp_seq=750 ttl=43 time=104 ms
08-12 10:51:17.450 12222 12369 D cellinfo: 46 bytes from 54.197.223.49: icmp_seq=751 ttl=43 time=104 ms
08-12 10:51:17.649 12222 12369 D cellinfo: 46 bytes from 54.197.223.49: icmp_seq=752 ttl=43 time=102 ms
08-12 10:51:17.849 12222 12369 D cellinfo: 46 bytes from 54.197.223.49: icmp_seq=753 ttl=43 time=102 ms
08-12 10:51:17.863 12222 12222 D cellinfo: onsignalStrengthsChanged: LTE Signal Strength info: rsrp: -99 rsrq: -17 rssi: -65 rssnr: 0
08-12 10:51:18.003 12222 12222 D cellinfo: onCellInfoChanged: Operator: AT&T UpdateTimestamp: 324150740 CellConnectionStatus: 0
08-12 10:51:18.003 12222 12222 D cellinfo: onCellInfoChanged: LTE Cell Bands: [2] Bandwidth: 2147483647 Cell ID: 95034888 Physical Cell ID: 342 Tracking Area Code: 18688 EARFCN: 700
08-12 10:51:18.048 12222 12369 D cellinfo: 46 bytes from 54.197.223.49: icmp_seq=754 ttl=43 time=101 ms
08-12 10:51:18.250 12222 12369 D cellinfo: 46 bytes from 54.197.223.49: icmp_seq=755 ttl=43 time=103 ms
08-12 10:51:18.449 12222 12369 D cellinfo: 46 bytes from 54.197.223.49: icmp_seq=756 ttl=43 time=100 ms
08-12 10:51:18.649 12222 12369 D cellinfo: 46 bytes from 54.197.223.49: icmp_seq=757 ttl=43 time=99.8 ms
08-12 10:51:18.849 12222 12369 D cellinfo: 46 bytes from 54.197.223.49: icmp_seq=758 ttl=43 time=99.6 ms
08-12 10:51:19.050 12222 12369 D cellinfo: 46 bytes from 54.197.223.49: icmp_seq=759 ttl=43 time=99.2 ms
08-12 10:51:19.248 12222 12369 D cellinfo: 46 bytes from 54.197.223.49: icmp_seq=760 ttl=43 time=99.2 ms
08-12 10:51:19.449 12222 12369 D cellinfo: 46 bytes from 54.197.223.49: icmp_seq=761 ttl=43 time=97.7 ms
08-12 10:51:19.621 12222 12369 D cellinfo: 46 bytes from 54.197.223.49: icmp_seq=762 ttl=43 time=67.0 ms
08-12 10:51:19.848 12222 12369 D cellinfo: 46 bytes from 54.197.223.49: icmp_seq=763 ttl=43 time=94.7 ms
08-12 10:51:20.034 12222 12222 D cellinfo: onsignalStrengthsChanged: LTE Signal Strength info: rsrp: -98 rsrq: -17 rssi: -63 rssnr: 2
08-12 10:51:20.048 12222 12369 D cellinfo: 46 bytes from 54.197.223.49: icmp_seq=764 ttl=43 time=93.6 ms
08-12 10:51:20.220 12222 12369 D cellinfo: 46 bytes from 54.197.223.49: icmp_seq=765 ttl=43 time=63.4 ms
08-12 10:51:20.420 12222 12369 D cellinfo: 46 bytes from 54.197.223.49: icmp_seq=766 ttl=43 time=62.3 ms
08-12 10:51:20.622 12222 12369 D cellinfo: 46 bytes from 54.197.223.49: icmp_seq=767 ttl=43 time=61.8 ms
08-12 10:51:20.741 12222 12222 D cellinfo: Latitude is 41.2337544
08-12 10:51:20.741 12222 12222 D cellinfo: Longitude is -95.8283138
08-12 10:51:20.741 12222 12222 D cellinfo: Instantaneous GPS information: United States, 114 E 29th Ave, Council Bluffs, IA 51503, USA
08-12 10:51:20.741 12222 12222 D cellinfo: getCurrentLocation() result: Location (success): 41.2337544, -95.8283138
08-12 10:51:20.820 12222 12369 D cellinfo: 46 bytes from 54.197.223.49: icmp_seq=768 ttl=43 time=58.7 ms
08-12 10:51:20.960 12222 12222 D cellinfo: Latitude is 41.2337544
08-12 10:51:20.960 12222 12222 D cellinfo: Longitude is -95.8283138
08-12 10:51:20.960 12222 12222 D cellinfo: Instantaneous GPS information: United States, 114 E 29th Ave, Council Bluffs, IA 51503, USA
08-12 10:51:20.960 12222 12222 D cellinfo: getCurrentLocation() result: Location (success): 41.2337544, -95.8283138
08-12 10:51:21.019 12222 12369 D cellinfo: 46 bytes from 54.197.223.49: icmp_seq=769 ttl=43 time=58.4 ms
08-12 10:51:21.021 12222 12222 D cellinfo: onCellInfoChanged: Operator: AT&T UpdateTimestamp: 324153755 CellConnectionStatus: 0
08-12 10:51:21.021 12222 12222 D cellinfo: onCellInfoChanged: LTE Cell Bands: [2] Bandwidth: 2147483647 Cell ID: 95034888 Physical Cell ID: 342 Tracking Area Code: 18688 EARFCN: 700
08-12 10:51:21.249 12222 12369 D cellinfo: 46 bytes from 54.197.223.49: icmp_seq=770 ttl=43 time=88.3 ms
08-12 10:51:21.449 12222 12369 D cellinfo: 46 bytes from 54.197.223.49: icmp_seq=771 ttl=43 time=87.0 ms
08-12 10:51:21.650 12222 12369 D cellinfo: 46 bytes from 54.197.223.49: icmp_seq=772 ttl=43 time=86.4 ms
08-12 10:51:21.890 12222 12369 D cellinfo: 46 bytes from 54.197.223.49: icmp_seq=773 ttl=43 time=127 ms
08-12 10:51:22.090 12222 12369 D cellinfo: 46 bytes from 54.197.223.49: icmp_seq=774 ttl=43 time=125 ms
08-12 10:51:22.228 12222 12222 D cellinfo: onCellInfoChanged: Operator: AT&T UpdateTimestamp: 324154961 CellConnectionStatus: 0
08-12 10:51:22.228 12222 12222 D cellinfo: onCellInfoChanged: LTE Cell Bands: [2] Bandwidth: 2147483647 Cell ID: 95045385 Physical Cell ID: 274 Tracking Area Code: 18688 EARFCN: 700
08-12 10:51:22.232 12222 12369 D cellinfo: 46 bytes from 54.197.223.49: icmp_seq=775 ttl=43 time=68.9 ms
08-12 10:51:22.266 12222 12222 D cellinfo: onServiceStateChanged: Channel Number: 700 Cell Bandwidths: []
08-12 10:51:22.398 12222 12222 D cellinfo: onServiceStateChanged: Channel Number: 700 Cell Bandwidths: []
08-12 10:51:22.410 12222 12222 D cellinfo: onDisplayInfoChanged: NetworkType: LTE OverrideNetworkType: None
08-12 10:51:22.434 12222 12369 D cellinfo: 46 bytes from 54.197.223.49: icmp_seq=776 ttl=43 time=68.9 ms
08-12 10:51:22.662 12222 12369 D cellinfo: 46 bytes from 54.197.223.49: icmp_seq=777 ttl=43 time=96.3 ms
08-12 10:51:22.835 12222 12369 D cellinfo: 46 bytes from 54.197.223.49: icmp_seq=778 ttl=43 time=67.1 ms
08-12 10:51:23.035 12222 12369 D cellinfo: 46 bytes from 54.197.223.49: icmp_seq=779 ttl=43 time=65.7 ms
08-12 10:51:23.235 12222 12369 D cellinfo: 46 bytes from 54.197.223.49: icmp_seq=780 ttl=43 time=65.1 ms
08-12 10:51:23.435 12222 12369 D cellinfo: 46 bytes from 54.197.223.49: icmp_seq=781 ttl=43 time=63.6 ms
08-12 10:51:23.642 12222 12369 D cellinfo: 46 bytes from 54.197.223.49: icmp_seq=782 ttl=43 time=70.6 ms
08-12 10:51:23.835 12222 12369 D cellinfo: 46 bytes from 54.197.223.49: icmp_seq=783 ttl=43 time=61.6 ms
08-12 10:51:23.964 12222 12222 D cellinfo: Latitude is 41.2337544
08-12 10:51:23.964 12222 12222 D cellinfo: Longitude is -95.8283138
08-12 10:51:23.964 12222 12222 D cellinfo: Instantaneous GPS information: United States, 114 E 29th Ave, Council Bluffs, IA 51503, USA
08-12 10:51:23.964 12222 12222 D cellinfo: getCurrentLocation() result: Location (success): 41.2337544, -95.8283138
08-12 10:51:24.050 12222 12369 D cellinfo: 46 bytes from 54.197.223.49: icmp_seq=784 ttl=43 time=75.3 ms
08-12 10:51:24.058 12222 12222 D cellinfo: onCellInfoChanged: Operator: AT&T UpdateTimestamp: 324156791 CellConnectionStatus: 0
08-12 10:51:24.058 12222 12222 D cellinfo: onCellInfoChanged: LTE Cell Bands: [2] Bandwidth: 2147483647 Cell ID: 95045385 Physical Cell ID: 274 Tracking Area Code: 18688 EARFCN: 700
08-12 10:51:24.250 12222 12369 D cellinfo: 46 bytes from 54.197.223.49: icmp_seq=785 ttl=43 time=75.4 ms
08-12 10:51:24.434 12222 12369 D cellinfo: 46 bytes from 54.197.223.49: icmp_seq=786 ttl=43 time=59.1 ms
08-12 10:51:24.635 12222 12369 D cellinfo: 46 bytes from 54.197.223.49: icmp_seq=787 ttl=43 time=59.3 ms
08-12 10:51:24.845 12222 12369 D cellinfo: 46 bytes from 54.197.223.49: icmp_seq=788 ttl=43 time=67.6 ms
08-12 10:51:25.044 12222 12369 D cellinfo: 46 bytes from 54.197.223.49: icmp_seq=789 ttl=43 time=66.5 ms
08-12 10:51:25.245 12222 12369 D cellinfo: 46 bytes from 54.197.223.49: icmp_seq=790 ttl=43 time=67.3 ms
08-12 10:51:25.444 12222 12369 D cellinfo: 46 bytes from 54.197.223.49: icmp_seq=791 ttl=43 time=65.9 ms
08-12 10:51:25.642 12222 12369 D cellinfo: 46 bytes from 54.197.223.49: icmp_seq=792 ttl=43 time=64.6 ms
08-12 10:51:25.843 12222 12369 D cellinfo: 46 bytes from 54.197.223.49: icmp_seq=793 ttl=43 time=65.1 ms
08-12 10:51:26.043 12222 12369 D cellinfo: 46 bytes from 54.197.223.49: icmp_seq=794 ttl=43 time=63.0 ms
08-12 10:51:26.243 12222 12369 D cellinfo: 46 bytes from 54.197.223.49: icmp_seq=795 ttl=43 time=63.6 ms
08-12 10:51:26.444 12222 12369 D cellinfo: 46 bytes from 54.197.223.49: icmp_seq=796 ttl=43 time=62.5 ms
08-12 10:51:26.645 12222 12369 D cellinfo: 46 bytes from 54.197.223.49: icmp_seq=797 ttl=43 time=60.9 ms
08-12 10:51:26.844 12222 12369 D cellinfo: 46 bytes from 54.197.223.49: icmp_seq=798 ttl=43 time=59.7 ms
08-12 10:51:26.961 12222 12222 D cellinfo: Latitude is 41.2337544
08-12 10:51:26.961 12222 12222 D cellinfo: Longitude is -95.8283138
08-12 10:51:26.961 12222 12222 D cellinfo: Instantaneous GPS information: United States, 114 E 29th Ave, Council Bluffs, IA 51503, USA
08-12 10:51:26.961 12222 12222 D cellinfo: getCurrentLocation() result: Location (success): 41.2337544, -95.8283138
08-12 10:51:27.019 12222 12222 D cellinfo: onCellInfoChanged: Operator: AT&T UpdateTimestamp: 324159756 CellConnectionStatus: 0
08-12 10:51:27.019 12222 12222 D cellinfo: onCellInfoChanged: LTE Cell Bands: [2] Bandwidth: 2147483647 Cell ID: 95045385 Physical Cell ID: 274 Tracking Area Code: 18688 EARFCN: 700
08-12 10:51:27.045 12222 12369 D cellinfo: 46 bytes from 54.197.223.49: icmp_seq=799 ttl=43 time=58.9 ms
08-12 10:51:27.251 12222 12369 D cellinfo: 46 bytes from 54.197.223.49: icmp_seq=800 ttl=43 time=67.4 ms
08-12 10:51:27.454 12222 12369 D cellinfo: 46 bytes from 54.197.223.49: icmp_seq=801 ttl=43 time=68.5 ms
08-12 10:51:27.656 12222 12369 D cellinfo: 46 bytes from 54.197.223.49: icmp_seq=802 ttl=43 time=69.7 ms
08-12 10:51:27.853 12222 12369 D cellinfo: 46 bytes from 54.197.223.49: icmp_seq=803 ttl=43 time=66.8 ms
08-12 10:51:28.092 12222 12369 D cellinfo: 46 bytes from 54.197.223.49: icmp_seq=804 ttl=43 time=105 ms
08-12 10:51:28.254 12222 12369 D cellinfo: 46 bytes from 54.197.223.49: icmp_seq=805 ttl=43 time=66.3 ms
08-12 10:51:28.454 12222 12369 D cellinfo: 46 bytes from 54.197.223.49: icmp_seq=806 ttl=43 time=66.0 ms
08-12 10:51:28.653 12222 12369 D cellinfo: 46 bytes from 54.197.223.49: icmp_seq=807 ttl=43 time=63.7 ms
08-12 10:51:28.853 12222 12369 D cellinfo: 46 bytes from 54.197.223.49: icmp_seq=808 ttl=43 time=63.8 ms
08-12 10:51:29.042 12222 12222 D cellinfo: onsignalStrengthsChanged: LTE Signal Strength info: rsrp: -90 rsrq: -13 rssi: -59 rssnr: 5
08-12 10:51:29.053 12222 12369 D cellinfo: 46 bytes from 54.197.223.49: icmp_seq=809 ttl=43 time=63.5 ms
08-12 10:51:29.067 12222 12222 D cellinfo: onsignalStrengthsChanged: LTE Signal Strength info: rsrp: -89 rsrq: -13 rssi: -59 rssnr: 6
08-12 10:51:29.254 12222 12369 D cellinfo: 46 bytes from 54.197.223.49: icmp_seq=810 ttl=43 time=63.5 ms
08-12 10:51:29.454 12222 12369 D cellinfo: 46 bytes from 54.197.223.49: icmp_seq=811 ttl=43 time=62.8 ms
08-12 10:51:29.655 12222 12369 D cellinfo: 46 bytes from 54.197.223.49: icmp_seq=812 ttl=43 time=61.7 ms
08-12 10:51:29.854 12222 12369 D cellinfo: 46 bytes from 54.197.223.49: icmp_seq=813 ttl=43 time=60.7 ms
08-12 10:51:29.963 12222 12222 D cellinfo: Latitude is 41.2337544
08-12 10:51:29.964 12222 12222 D cellinfo: Longitude is -95.8283138
08-12 10:51:29.964 12222 12222 D cellinfo: Instantaneous GPS information: United States, 114 E 29th Ave, Council Bluffs, IA 51503, USA
08-12 10:51:29.964 12222 12222 D cellinfo: getCurrentLocation() result: Location (success): 41.2337544, -95.8283138
08-12 10:51:30.052 12222 12369 D cellinfo: 46 bytes from 54.197.223.49: icmp_seq=814 ttl=43 time=60.1 ms
08-12 10:51:30.254 12222 12369 D cellinfo: 46 bytes from 54.197.223.49: icmp_seq=815 ttl=43 time=61.3 ms
08-12 10:51:30.265 12222 12222 D cellinfo: onCellInfoChanged: Operator: AT&T UpdateTimestamp: 324162994 CellConnectionStatus: 0
08-12 10:51:30.265 12222 12222 D cellinfo: onCellInfoChanged: LTE Cell Bands: [2] Bandwidth: 2147483647 Cell ID: 95045385 Physical Cell ID: 274 Tracking Area Code: 18688 EARFCN: 700
08-12 10:51:30.453 12222 12369 D cellinfo: 46 bytes from 54.197.223.49: icmp_seq=816 ttl=43 time=59.7 ms
08-12 10:51:30.664 12222 12369 D cellinfo: 46 bytes from 54.197.223.49: icmp_seq=817 ttl=43 time=68.3 ms
08-12 10:51:30.872 12222 12369 D cellinfo: 46 bytes from 54.197.223.49: icmp_seq=818 ttl=43 time=74.3 ms
08-12 10:51:31.071 12222 12369 D cellinfo: 46 bytes from 54.197.223.49: icmp_seq=819 ttl=43 time=72.2 ms
08-12 10:51:31.264 12222 12369 D cellinfo: 46 bytes from 54.197.223.49: icmp_seq=820 ttl=43 time=65.8 ms
08-12 10:51:31.472 12222 12369 D cellinfo: 46 bytes from 54.197.223.49: icmp_seq=821 ttl=43 time=72.3 ms
08-12 10:51:31.664 12222 12369 D cellinfo: 46 bytes from 54.197.223.49: icmp_seq=822 ttl=43 time=63.6 ms
08-12 10:51:31.864 12222 12369 D cellinfo: 46 bytes from 54.197.223.49: icmp_seq=823 ttl=43 time=62.8 ms
08-12 10:51:32.065 12222 12369 D cellinfo: 46 bytes from 54.197.223.49: icmp_seq=824 ttl=43 time=63.1 ms
08-12 10:51:32.264 12222 12369 D cellinfo: 46 bytes from 54.197.223.49: icmp_seq=825 ttl=43 time=61.6 ms
08-12 10:51:32.465 12222 12369 D cellinfo: 46 bytes from 54.197.223.49: icmp_seq=826 ttl=43 time=62.3 ms
08-12 10:51:32.665 12222 12369 D cellinfo: 46 bytes from 54.197.223.49: icmp_seq=827 ttl=43 time=61.1 ms
08-12 10:51:32.872 12222 12369 D cellinfo: 46 bytes from 54.197.223.49: icmp_seq=828 ttl=43 time=67.5 ms
08-12 10:51:32.995 12222 12222 D cellinfo: onCellInfoChanged: Operator: AT&T UpdateTimestamp: 324165730 CellConnectionStatus: 0
08-12 10:51:32.995 12222 12222 D cellinfo: onCellInfoChanged: LTE Cell Bands: [2] Bandwidth: 2147483647 Cell ID: 95045385 Physical Cell ID: 274 Tracking Area Code: 18688 EARFCN: 700
08-12 10:51:33.063 12222 12369 D cellinfo: 46 bytes from 54.197.223.49: icmp_seq=829 ttl=43 time=58.4 ms
08-12 10:51:33.267 12222 12369 D cellinfo: 46 bytes from 54.197.223.49: icmp_seq=830 ttl=43 time=61.8 ms
08-12 10:51:33.474 12222 12369 D cellinfo: 46 bytes from 54.197.223.49: icmp_seq=831 ttl=43 time=67.8 ms
08-12 10:51:33.675 12222 12369 D cellinfo: 46 bytes from 54.197.223.49: icmp_seq=832 ttl=43 time=66.4 ms
08-12 10:51:33.875 12222 12369 D cellinfo: 46 bytes from 54.197.223.49: icmp_seq=833 ttl=43 time=65.5 ms
08-12 10:51:34.081 12222 12369 D cellinfo: 46 bytes from 54.197.223.49: icmp_seq=834 ttl=43 time=71.7 ms
08-12 10:51:34.275 12222 12369 D cellinfo: 46 bytes from 54.197.223.49: icmp_seq=835 ttl=43 time=63.0 ms
08-12 10:51:34.475 12222 12369 D cellinfo: 46 bytes from 54.197.223.49: icmp_seq=836 ttl=43 time=62.1 ms
08-12 10:51:34.675 12222 12369 D cellinfo: 46 bytes from 54.197.223.49: icmp_seq=837 ttl=43 time=61.4 ms
08-12 10:51:34.875 12222 12369 D cellinfo: 46 bytes from 54.197.223.49: icmp_seq=838 ttl=43 time=60.4 ms
08-12 10:51:35.089 12222 12369 D cellinfo: 46 bytes from 54.197.223.49: icmp_seq=839 ttl=43 time=75.2 ms
08-12 10:51:35.285 12222 12369 D cellinfo: 46 bytes from 54.197.223.49: icmp_seq=840 ttl=43 time=67.6 ms
08-12 10:51:35.495 12222 12369 D cellinfo: 46 bytes from 54.197.223.49: icmp_seq=841 ttl=43 time=76.0 ms
08-12 10:51:35.556 12222 12222 D cellinfo: Latitude is 41.2369274
08-12 10:51:35.556 12222 12222 D cellinfo: Longitude is -95.8259457
08-12 10:51:35.556 12222 12222 D cellinfo: Instantaneous GPS information: United States, 740 Woodbury Ave, Council Bluffs, IA 51503, USA
08-12 10:51:35.556 12222 12222 D cellinfo: getCurrentLocation() result: Location (success): 41.2369274, -95.8259457
08-12 10:51:35.674 12222 12369 D cellinfo: 46 bytes from 54.197.223.49: icmp_seq=842 ttl=43 time=54.2 ms
08-12 10:51:35.783 12222 12222 D cellinfo: onsignalStrengthsChanged: LTE Signal Strength info: rsrp: -88 rsrq: -11 rssi: -59 rssnr: 10
08-12 10:51:35.883 12222 12369 D cellinfo: 46 bytes from 54.197.223.49: icmp_seq=843 ttl=43 time=63.4 ms
08-12 10:51:35.966 12222 12222 D cellinfo: Latitude is 41.2369274
08-12 10:51:35.966 12222 12222 D cellinfo: Longitude is -95.8259457
08-12 10:51:35.966 12222 12222 D cellinfo: Instantaneous GPS information: United States, 740 Woodbury Ave, Council Bluffs, IA 51503, USA
08-12 10:51:35.966 12222 12222 D cellinfo: getCurrentLocation() result: Location (success): 41.2369274, -95.8259457
08-12 10:51:36.013 12222 12222 D cellinfo: onCellInfoChanged: Operator: AT&T UpdateTimestamp: 324168749 CellConnectionStatus: 0
08-12 10:51:36.013 12222 12222 D cellinfo: onCellInfoChanged: LTE Cell Bands: [2] Bandwidth: 2147483647 Cell ID: 95045385 Physical Cell ID: 274 Tracking Area Code: 18688 EARFCN: 700
08-12 10:51:36.083 12222 12369 D cellinfo: 46 bytes from 54.197.223.49: icmp_seq=844 ttl=43 time=63.8 ms
08-12 10:51:36.285 12222 12369 D cellinfo: 46 bytes from 54.197.223.49: icmp_seq=845 ttl=43 time=64.7 ms
08-12 10:51:36.482 12222 12369 D cellinfo: 46 bytes from 54.197.223.49: icmp_seq=846 ttl=43 time=62.0 ms
08-12 10:51:36.685 12222 12369 D cellinfo: 46 bytes from 54.197.223.49: icmp_seq=847 ttl=43 time=62.4 ms
08-12 10:51:36.885 12222 12369 D cellinfo: 46 bytes from 54.197.223.49: icmp_seq=848 ttl=43 time=62.3 ms
08-12 10:51:37.084 12222 12369 D cellinfo: 46 bytes from 54.197.223.49: icmp_seq=849 ttl=43 time=59.3 ms
08-12 10:51:37.293 12222 12369 D cellinfo: 46 bytes from 54.197.223.49: icmp_seq=850 ttl=43 time=68.0 ms
08-12 10:51:37.493 12222 12369 D cellinfo: 46 bytes from 54.197.223.49: icmp_seq=851 ttl=43 time=66.8 ms
08-12 10:51:37.696 12222 12369 D cellinfo: 46 bytes from 54.197.223.49: icmp_seq=852 ttl=43 time=68.5 ms
08-12 10:51:37.894 12222 12369 D cellinfo: 46 bytes from 54.197.223.49: icmp_seq=853 ttl=43 time=66.1 ms
08-12 10:51:38.025 12222 12222 D cellinfo: onsignalStrengthsChanged: LTE Signal Strength info: rsrp: -87 rsrq: -11 rssi: -61 rssnr: 12
08-12 10:51:38.094 12222 12369 D cellinfo: 46 bytes from 54.197.223.49: icmp_seq=854 ttl=43 time=64.2 ms
08-12 10:51:38.293 12222 12369 D cellinfo: 46 bytes from 54.197.223.49: icmp_seq=855 ttl=43 time=63.9 ms
08-12 10:51:38.495 12222 12369 D cellinfo: 46 bytes from 54.197.223.49: icmp_seq=856 ttl=43 time=64.9 ms
08-12 10:51:38.694 12222 12369 D cellinfo: 46 bytes from 54.197.223.49: icmp_seq=857 ttl=43 time=62.7 ms
08-12 10:51:38.894 12222 12369 D cellinfo: 46 bytes from 54.197.223.49: icmp_seq=858 ttl=43 time=61.9 ms
08-12 10:51:38.963 12222 12222 D cellinfo: Latitude is 41.2369274
08-12 10:51:38.963 12222 12222 D cellinfo: Longitude is -95.8259457
08-12 10:51:38.963 12222 12222 D cellinfo: Instantaneous GPS information: United States, 740 Woodbury Ave, Council Bluffs, IA 51503, USA
08-12 10:51:38.963 12222 12222 D cellinfo: getCurrentLocation() result: Location (success): 41.2369274, -95.8259457
08-12 10:51:39.012 12222 12222 D cellinfo: onCellInfoChanged: Operator: AT&T UpdateTimestamp: 324171748 CellConnectionStatus: 0
08-12 10:51:39.012 12222 12222 D cellinfo: onCellInfoChanged: LTE Cell Bands: [2] Bandwidth: 2147483647 Cell ID: 95045385 Physical Cell ID: 274 Tracking Area Code: 18688 EARFCN: 700
08-12 10:51:39.094 12222 12369 D cellinfo: 46 bytes from 54.197.223.49: icmp_seq=859 ttl=43 time=61.9 ms
08-12 10:51:39.294 12222 12369 D cellinfo: 46 bytes from 54.197.223.49: icmp_seq=860 ttl=43 time=61.4 ms
08-12 10:51:39.493 12222 12369 D cellinfo: 46 bytes from 54.197.223.49: icmp_seq=861 ttl=43 time=59.2 ms
08-12 10:51:39.705 12222 12369 D cellinfo: 46 bytes from 54.197.223.49: icmp_seq=862 ttl=43 time=68.3 ms
08-12 10:51:39.905 12222 12369 D cellinfo: 46 bytes from 54.197.223.49: icmp_seq=863 ttl=43 time=66.5 ms
08-12 10:51:40.104 12222 12369 D cellinfo: 46 bytes from 54.197.223.49: icmp_seq=864 ttl=43 time=64.3 ms
08-12 10:51:40.304 12222 12369 D cellinfo: 46 bytes from 54.197.223.49: icmp_seq=865 ttl=43 time=61.9 ms
08-12 10:51:40.508 12222 12369 D cellinfo: 46 bytes from 54.197.223.49: icmp_seq=866 ttl=43 time=67.3 ms
08-12 10:51:40.705 12222 12369 D cellinfo: 46 bytes from 54.197.223.49: icmp_seq=867 ttl=43 time=61.3 ms
08-12 10:51:40.904 12222 12369 D cellinfo: 46 bytes from 54.197.223.49: icmp_seq=868 ttl=43 time=59.3 ms
08-12 10:51:41.044 12222 12222 D cellinfo: onsignalStrengthsChanged: LTE Signal Strength info: rsrp: -86 rsrq: -10 rssi: -57 rssnr: 14
08-12 10:51:41.103 12222 12369 D cellinfo: 46 bytes from 54.197.223.49: icmp_seq=869 ttl=43 time=59.3 ms
08-12 10:51:41.304 12222 12369 D cellinfo: 46 bytes from 54.197.223.49: icmp_seq=870 ttl=43 time=57.6 ms
08-12 10:51:41.513 12222 12369 D cellinfo: 46 bytes from 54.197.223.49: icmp_seq=871 ttl=43 time=66.4 ms
08-12 10:51:41.714 12222 12369 D cellinfo: 46 bytes from 54.197.223.49: icmp_seq=872 ttl=43 time=67.0 ms
08-12 10:51:41.915 12222 12369 D cellinfo: 46 bytes from 54.197.223.49: icmp_seq=873 ttl=43 time=65.8 ms
08-12 10:51:41.967 12222 12222 D cellinfo: Latitude is 41.2369274
08-12 10:51:41.967 12222 12222 D cellinfo: Longitude is -95.8259457
08-12 10:51:41.967 12222 12222 D cellinfo: Instantaneous GPS information: United States, 740 Woodbury Ave, Council Bluffs, IA 51503, USA
08-12 10:51:41.967 12222 12222 D cellinfo: getCurrentLocation() result: Location (success): 41.2369274, -95.8259457
08-12 10:51:42.014 12222 12222 D cellinfo: onCellInfoChanged: Operator: AT&T UpdateTimestamp: 324174749 CellConnectionStatus: 0
08-12 10:51:42.014 12222 12222 D cellinfo: onCellInfoChanged: LTE Cell Bands: [2] Bandwidth: 2147483647 Cell ID: 95045385 Physical Cell ID: 274 Tracking Area Code: 18688 EARFCN: 700
08-12 10:51:42.114 12222 12369 D cellinfo: 46 bytes from 54.197.223.49: icmp_seq=874 ttl=43 time=64.8 ms
08-12 10:51:42.312 12222 12369 D cellinfo: 46 bytes from 54.197.223.49: icmp_seq=875 ttl=43 time=63.3 ms
08-12 10:51:42.515 12222 12369 D cellinfo: 46 bytes from 54.197.223.49: icmp_seq=876 ttl=43 time=62.4 ms
08-12 10:51:42.883 12222 12369 D cellinfo: 46 bytes from 54.197.223.49: icmp_seq=877 ttl=43 time=230 ms
08-12 10:51:42.924 12222 12369 D cellinfo: 46 bytes from 54.197.223.49: icmp_seq=878 ttl=43 time=63.2 ms
08-12 10:51:43.125 12222 12369 D cellinfo: 46 bytes from 54.197.223.49: icmp_seq=879 ttl=43 time=64.3 ms
08-12 10:51:43.323 12222 12369 D cellinfo: 46 bytes from 54.197.223.49: icmp_seq=880 ttl=43 time=61.9 ms
08-12 10:51:43.533 12222 12369 D cellinfo: 46 bytes from 54.197.223.49: icmp_seq=881 ttl=43 time=69.3 ms
08-12 10:51:43.724 12222 12369 D cellinfo: 46 bytes from 54.197.223.49: icmp_seq=882 ttl=43 time=60.9 ms
08-12 10:51:43.924 12222 12369 D cellinfo: 46 bytes from 54.197.223.49: icmp_seq=883 ttl=43 time=60.5 ms
08-12 10:51:44.061 12222 12222 D cellinfo: onsignalStrengthsChanged: LTE Signal Strength info: rsrp: -86 rsrq: -9 rssi: -61 rssnr: 15
08-12 10:51:44.124 12222 12369 D cellinfo: 46 bytes from 54.197.223.49: icmp_seq=884 ttl=43 time=58.9 ms
08-12 10:51:44.335 12222 12369 D cellinfo: 46 bytes from 54.197.223.49: icmp_seq=885 ttl=43 time=66.6 ms
08-12 10:51:44.535 12222 12369 D cellinfo: 46 bytes from 54.197.223.49: icmp_seq=886 ttl=43 time=64.2 ms
08-12 10:51:44.742 12222 12369 D cellinfo: 46 bytes from 54.197.223.49: icmp_seq=887 ttl=43 time=70.9 ms
08-12 10:51:44.756 12222 12222 D cellinfo: onsignalStrengthsChanged: LTE Signal Strength info: rsrp: -85 rsrq: -9 rssi: -61 rssnr: 18
08-12 10:51:44.964 12222 12222 D cellinfo: Latitude is 41.2369274
08-12 10:51:44.964 12222 12222 D cellinfo: Longitude is -95.8259457
08-12 10:51:44.964 12222 12222 D cellinfo: Instantaneous GPS information: United States, 740 Woodbury Ave, Council Bluffs, IA 51503, USA
08-12 10:51:44.964 12222 12222 D cellinfo: getCurrentLocation() result: Location (success): 41.2369274, -95.8259457
08-12 10:51:45.022 12222 12222 D cellinfo: onCellInfoChanged: Operator: AT&T UpdateTimestamp: 324177756 CellConnectionStatus: 0
08-12 10:51:45.022 12222 12222 D cellinfo: onCellInfoChanged: LTE Cell Bands: [2] Bandwidth: 2147483647 Cell ID: 95045385 Physical Cell ID: 274 Tracking Area Code: 18688 EARFCN: 700
08-12 10:51:45.054 12222 12369 D cellinfo: 46 bytes from 54.197.223.49: icmp_seq=888 ttl=43 time=181 ms
08-12 10:51:45.215 12222 12369 D cellinfo: 46 bytes from 54.197.223.49: icmp_seq=889 ttl=43 time=140 ms
08-12 10:51:45.335 12222 12369 D cellinfo: 46 bytes from 54.197.223.49: icmp_seq=890 ttl=43 time=60.6 ms
08-12 10:51:45.543 12222 12369 D cellinfo: 46 bytes from 54.197.223.49: icmp_seq=891 ttl=43 time=68.1 ms
08-12 10:51:45.745 12222 12369 D cellinfo: 46 bytes from 54.197.223.49: icmp_seq=892 ttl=43 time=68.8 ms
08-12 10:51:45.937 12222 12369 D cellinfo: 46 bytes from 54.197.223.49: icmp_seq=893 ttl=43 time=58.4 ms
08-12 10:51:46.144 12222 12369 D cellinfo: 46 bytes from 54.197.223.49: icmp_seq=894 ttl=43 time=66.2 ms
08-12 10:51:46.344 12222 12369 D cellinfo: 46 bytes from 54.197.223.49: icmp_seq=895 ttl=43 time=65.9 ms
08-12 10:51:46.544 12222 12369 D cellinfo: 46 bytes from 54.197.223.49: icmp_seq=896 ttl=43 time=63.8 ms
08-12 10:51:46.744 12222 12369 D cellinfo: 46 bytes from 54.197.223.49: icmp_seq=897 ttl=43 time=61.5 ms
08-12 10:51:46.944 12222 12369 D cellinfo: 46 bytes from 54.197.223.49: icmp_seq=898 ttl=43 time=58.9 ms
08-12 10:51:47.143 12222 12369 D cellinfo: 46 bytes from 54.197.223.49: icmp_seq=899 ttl=43 time=57.6 ms
08-12 10:51:47.355 12222 12369 D cellinfo: 46 bytes from 54.197.223.49: icmp_seq=900 ttl=43 time=67.0 ms
08-12 10:51:47.563 12222 12369 D cellinfo: 46 bytes from 54.197.223.49: icmp_seq=901 ttl=43 time=73.4 ms
08-12 10:51:47.762 12222 12369 D cellinfo: 46 bytes from 54.197.223.49: icmp_seq=902 ttl=43 time=72.9 ms
08-12 10:51:47.964 12222 12369 D cellinfo: 46 bytes from 54.197.223.49: icmp_seq=903 ttl=43 time=73.7 ms
08-12 10:51:48.007 12222 12222 D cellinfo: onCellInfoChanged: Operator: AT&T UpdateTimestamp: 324180740 CellConnectionStatus: 0
08-12 10:51:48.007 12222 12222 D cellinfo: onCellInfoChanged: LTE Cell Bands: [2] Bandwidth: 2147483647 Cell ID: 95045385 Physical Cell ID: 274 Tracking Area Code: 18688 EARFCN: 700
08-12 10:51:48.154 12222 12369 D cellinfo: 46 bytes from 54.197.223.49: icmp_seq=904 ttl=43 time=63.3 ms
08-12 10:51:48.353 12222 12369 D cellinfo: 46 bytes from 54.197.223.49: icmp_seq=905 ttl=43 time=61.7 ms
08-12 10:51:48.556 12222 12369 D cellinfo: 46 bytes from 54.197.223.49: icmp_seq=906 ttl=43 time=61.1 ms
08-12 10:51:48.754 12222 12369 D cellinfo: 46 bytes from 54.197.223.49: icmp_seq=907 ttl=43 time=60.3 ms
08-12 10:51:48.954 12222 12369 D cellinfo: 46 bytes from 54.197.223.49: icmp_seq=908 ttl=43 time=58.3 ms
08-12 10:51:49.164 12222 12369 D cellinfo: 46 bytes from 54.197.223.49: icmp_seq=909 ttl=43 time=66.4 ms
08-12 10:51:49.220 12222 12222 D cellinfo: onsignalStrengthsChanged: LTE Signal Strength info: rsrp: -85 rsrq: -9 rssi: -69 rssnr: 19
08-12 10:51:49.365 12222 12369 D cellinfo: 46 bytes from 54.197.223.49: icmp_seq=910 ttl=43 time=67.2 ms
08-12 10:51:49.555 12222 12369 D cellinfo: 46 bytes from 54.197.223.49: icmp_seq=911 ttl=43 time=55.0 ms
08-12 10:51:49.763 12222 12222 D cellinfo: Latitude is 41.2396306
08-12 10:51:49.763 12222 12222 D cellinfo: Longitude is -95.8275887
08-12 10:51:49.763 12222 12222 D cellinfo: Instantaneous GPS information: United States, 1 Ezra Jackson Wy, Council Bluffs, IA 51503, USA
08-12 10:51:49.763 12222 12222 D cellinfo: getCurrentLocation() result: Location (success): 41.2396306, -95.8275887
08-12 10:51:49.764 12222 12369 D cellinfo: 46 bytes from 54.197.223.49: icmp_seq=912 ttl=43 time=62.7 ms
08-12 10:51:49.966 12222 12369 D cellinfo: 46 bytes from 54.197.223.49: icmp_seq=913 ttl=43 time=61.4 ms
08-12 10:51:50.069 12222 12222 D cellinfo: onsignalStrengthsChanged: LTE Signal Strength info: rsrp: -85 rsrq: -9 rssi: -65 rssnr: 18
08-12 10:51:50.166 12222 12369 D cellinfo: 46 bytes from 54.197.223.49: icmp_seq=914 ttl=43 time=60.4 ms
08-12 10:51:50.366 12222 12369 D cellinfo: 46 bytes from 54.197.223.49: icmp_seq=915 ttl=43 time=59.9 ms
08-12 10:51:50.565 12222 12369 D cellinfo: 46 bytes from 54.197.223.49: icmp_seq=916 ttl=43 time=58.0 ms
08-12 10:51:50.774 12222 12369 D cellinfo: 46 bytes from 54.197.223.49: icmp_seq=917 ttl=43 time=67.5 ms
08-12 10:51:50.959 12222 12222 D cellinfo: Latitude is 41.2396306
08-12 10:51:50.959 12222 12222 D cellinfo: Longitude is -95.8275887
08-12 10:51:50.959 12222 12222 D cellinfo: Instantaneous GPS information: United States, 1 Ezra Jackson Wy, Council Bluffs, IA 51503, USA
08-12 10:51:50.959 12222 12222 D cellinfo: getCurrentLocation() result: Location (success): 41.2396306, -95.8275887
08-12 10:51:50.974 12222 12369 D cellinfo: 46 bytes from 54.197.223.49: icmp_seq=918 ttl=43 time=67.1 ms
08-12 10:51:51.008 12222 12222 D cellinfo: onCellInfoChanged: Operator: AT&T UpdateTimestamp: 324183743 CellConnectionStatus: 0
08-12 10:51:51.008 12222 12222 D cellinfo: onCellInfoChanged: LTE Cell Bands: [2] Bandwidth: 2147483647 Cell ID: 95045385 Physical Cell ID: 274 Tracking Area Code: 18688 EARFCN: 700
08-12 10:51:51.173 12222 12369 D cellinfo: 46 bytes from 54.197.223.49: icmp_seq=919 ttl=43 time=66.7 ms
08-12 10:51:51.382 12222 12369 D cellinfo: 46 bytes from 54.197.223.49: icmp_seq=920 ttl=43 time=74.7 ms
08-12 10:51:51.458 12222 12222 D cellinfo: onsignalStrengthsChanged: LTE Signal Strength info: rsrp: -86 rsrq: -9 rssi: -63 rssnr: 17
08-12 10:51:51.574 12222 12369 D cellinfo: 46 bytes from 54.197.223.49: icmp_seq=921 ttl=43 time=66.0 ms
08-12 10:51:51.781 12222 12369 D cellinfo: 46 bytes from 54.197.223.49: icmp_seq=922 ttl=43 time=72.9 ms
08-12 10:51:51.974 12222 12369 D cellinfo: 46 bytes from 54.197.223.49: icmp_seq=923 ttl=43 time=65.2 ms
08-12 10:51:52.174 12222 12369 D cellinfo: 46 bytes from 54.197.223.49: icmp_seq=924 ttl=43 time=63.8 ms
08-12 10:51:52.382 12222 12369 D cellinfo: 46 bytes from 54.197.223.49: icmp_seq=925 ttl=43 time=71.5 ms
08-12 10:51:52.582 12222 12369 D cellinfo: 46 bytes from 54.197.223.49: icmp_seq=926 ttl=43 time=70.6 ms
08-12 10:51:52.774 12222 12369 D cellinfo: 46 bytes from 54.197.223.49: icmp_seq=927 ttl=43 time=60.5 ms
08-12 10:51:52.974 12222 12369 D cellinfo: 46 bytes from 54.197.223.49: icmp_seq=928 ttl=43 time=59.3 ms
08-12 10:51:53.071 12222 12222 D cellinfo: onsignalStrengthsChanged: LTE Signal Strength info: rsrp: -87 rsrq: -9 rssi: -69 rssnr: 17
08-12 10:51:53.173 12222 12369 D cellinfo: 46 bytes from 54.197.223.49: icmp_seq=929 ttl=43 time=58.9 ms
