08-12 10:53:54.017 12222 12222 D cellinfo: onCellInfoChanged: Operator: AT&T UpdateTimestamp: 324306757 CellConnectionStatus: 0
08-12 10:53:54.017 12222 12222 D cellinfo: onCellInfoChanged: LTE Cell Bands: [30] Bandwidth: 2147483647 Cell ID: 94992277 Physical Cell ID: 294 Tracking Area Code: 18688 EARFCN: 9820
08-12 10:53:54.155 12222 12369 D cellinfo: 46 bytes from 54.197.223.49: icmp_seq=1531 ttl=43 time=66.6 ms
08-12 10:53:54.356 12222 12369 D cellinfo: 46 bytes from 54.197.223.49: icmp_seq=1532 ttl=43 time=65.4 ms
08-12 10:53:54.596 12222 12369 D cellinfo: 46 bytes from 54.197.223.49: icmp_seq=1533 ttl=43 time=104 ms
08-12 10:53:54.755 12222 12369 D cellinfo: 46 bytes from 54.197.223.49: icmp_seq=1534 ttl=43 time=63.3 ms
08-12 10:53:54.957 12222 12369 D cellinfo: 46 bytes from 54.197.223.49: icmp_seq=1535 ttl=43 time=63.5 ms
08-12 10:53:55.164 12222 12369 D cellinfo: 46 bytes from 54.197.223.49: icmp_seq=1536 ttl=43 time=69.8 ms
08-12 10:53:55.355 12222 12369 D cellinfo: 46 bytes from 54.197.223.49: icmp_seq=1537 ttl=43 time=59.4 ms
08-12 10:53:55.557 12222 12369 D cellinfo: 46 bytes from 54.197.223.49: icmp_seq=1538 ttl=43 time=59.6 ms
08-12 10:53:55.766 12222 12369 D cellinfo: 46 bytes from 54.197.223.49: icmp_seq=1539 ttl=43 time=68.3 ms
08-12 10:53:55.968 12222 12369 D cellinfo: 46 bytes from 54.197.223.49: icmp_seq=1540 ttl=43 time=68.7 ms
08-12 10:53:56.174 12222 12369 D cellinfo: 46 bytes from 54.197.223.49: icmp_seq=1541 ttl=43 time=74.5 ms
08-12 10:53:56.287 12222 12222 D cellinfo: onsignalStrengthsChanged: LTE Signal Strength info: rsrp: -92 rsrq: -12 rssi: -67 rssnr: 8
08-12 10:53:56.366 12222 12369 D cellinfo: 46 bytes from 54.197.223.49: icmp_seq=1542 ttl=43 time=64.6 ms
08-12 10:53:56.566 12222 12369 D cellinfo: 46 bytes from 54.197.223.49: icmp_seq=1543 ttl=43 time=62.7 ms
08-12 10:53:56.766 12222 12369 D cellinfo: 46 bytes from 54.197.223.49: icmp_seq=1544 ttl=43 time=61.2 ms
08-12 10:53:56.920 12222 12222 D cellinfo: onsignalStrengthsChanged: LTE Signal Strength info: rsrp: -91 rsrq: -12 rssi: -57 rssnr: 8
08-12 10:53:56.961 12222 12222 D cellinfo: Latitude is 41.2472843
08-12 10:53:56.961 12222 12222 D cellinfo: Longitude is -95.8253992
08-12 10:53:56.961 12222 12222 D cellinfo: Instantaneous GPS information: United States, 238 Bennett Ave, Council Bluffs, IA 51503, USA
08-12 10:53:56.961 12222 12222 D cellinfo: getCurrentLocation() result: Location (success): 41.2472843, -95.8253992
08-12 10:53:56.965 12222 12369 D cellinfo: 46 bytes from 54.197.223.49: icmp_seq=1545 ttl=43 time=59.7 ms
08-12 10:53:57.015 12222 12222 D cellinfo: onCellInfoChanged: Operator: AT&T UpdateTimestamp: 324309750 CellConnectionStatus: 0
08-12 10:53:57.015 12222 12222 D cellinfo: onCellInfoChanged: LTE Cell Bands: [30] Bandwidth: 2147483647 Cell ID: 94992277 Physical Cell ID: 294 Tracking Area Code: 18688 EARFCN: 9820
08-12 10:53:57.167 12222 12369 D cellinfo: 46 bytes from 54.197.223.49: icmp_seq=1546 ttl=43 time=59.8 ms
08-12 10:53:57.367 12222 12369 D cellinfo: 46 bytes from 54.197.223.49: icmp_seq=1547 ttl=43 time=58.6 ms
08-12 10:53:57.576 12222 12369 D cellinfo: 46 bytes from 54.197.223.49: icmp_seq=1548 ttl=43 time=67.7 ms
08-12 10:53:57.776 12222 12369 D cellinfo: 46 bytes from 54.197.223.49: icmp_seq=1549 ttl=43 time=67.2 ms
08-12 10:53:57.976 12222 12369 D cellinfo: 46 bytes from 54.197.223.49: icmp_seq=1550 ttl=43 time=66.6 ms
08-12 10:53:58.176 12222 12369 D cellinfo: 46 bytes from 54.197.223.49: icmp_seq=1551 ttl=43 time=65.5 ms
08-12 10:53:58.375 12222 12369 D cellinfo: 46 bytes from 54.197.223.49: icmp_seq=1552 ttl=43 time=63.4 ms
08-12 10:53:58.576 12222 12369 D cellinfo: 46 bytes from 54.197.223.49: icmp_seq=1553 ttl=43 time=62.8 ms
08-12 10:53:58.775 12222 12369 D cellinfo: 46 bytes from 54.197.223.49: icmp_seq=1554 ttl=43 time=62.4 ms
08-12 10:53:58.975 12222 12369 D cellinfo: 46 bytes from 54.197.223.49: icmp_seq=1555 ttl=43 time=60.5 ms
08-12 10:53:59.158 12222 12222 D cellinfo: onsignalStrengthsChanged: LTE Signal Strength info: rsrp: -91 rsrq: -11 rssi: -63 rssnr: 10
08-12 10:53:59.176 12222 12369 D cellinfo: 46 bytes from 54.197.223.49: icmp_seq=1556 ttl=43 time=59.2 ms
08-12 10:53:59.308 12222 12222 D cellinfo: onsignalStrengthsChanged: LTE Signal Strength info: rsrp: -90 rsrq: -11 rssi: -63 rssnr: 10
08-12 10:53:59.376 12222 12369 D cellinfo: 46 bytes from 54.197.223.49: icmp_seq=1557 ttl=43 time=57.3 ms
08-12 10:53:59.595 12222 12369 D cellinfo: 46 bytes from 54.197.223.49: icmp_seq=1558 ttl=43 time=74.6 ms
08-12 10:53:59.786 12222 12369 D cellinfo: 46 bytes from 54.197.223.49: icmp_seq=1559 ttl=43 time=65.7 ms
08-12 10:53:59.960 12222 12222 D cellinfo: Latitude is 41.2472843
08-12 10:53:59.960 12222 12222 D cellinfo: Longitude is -95.8253992
08-12 10:53:59.960 12222 12222 D cellinfo: Instantaneous GPS information: United States, 238 Bennett Ave, Council Bluffs, IA 51503, USA
08-12 10:53:59.960 12222 12222 D cellinfo: getCurrentLocation() result: Location (success): 41.2472843, -95.8253992
08-12 10:53:59.986 12222 12369 D cellinfo: 46 bytes from 54.197.223.49: icmp_seq=1560 ttl=43 time=64.3 ms
08-12 10:54:00.015 12222 12222 D cellinfo: onCellInfoChanged: Operator: AT&T UpdateTimestamp: 324312751 CellConnectionStatus: 0
08-12 10:54:00.015 12222 12222 D cellinfo: onCellInfoChanged: LTE Cell Bands: [30] Bandwidth: 2147483647 Cell ID: 94992277 Physical Cell ID: 294 Tracking Area Code: 18688 EARFCN: 9820
08-12 10:54:00.195 12222 12369 D cellinfo: 46 bytes from 54.197.223.49: icmp_seq=1561 ttl=43 time=72.6 ms
08-12 10:54:00.384 12222 12369 D cellinfo: 46 bytes from 54.197.223.49: icmp_seq=1562 ttl=43 time=61.9 ms
08-12 10:54:00.604 12222 12369 D cellinfo: 46 bytes from 54.197.223.49: icmp_seq=1563 ttl=43 time=79.8 ms
08-12 10:54:00.784 12222 12369 D cellinfo: 46 bytes from 54.197.223.49: icmp_seq=1564 ttl=43 time=59.8 ms
08-12 10:54:00.985 12222 12369 D cellinfo: 46 bytes from 54.197.223.49: icmp_seq=1565 ttl=43 time=59.3 ms
08-12 10:54:01.184 12222 12369 D cellinfo: 46 bytes from 54.197.223.49: icmp_seq=1566 ttl=43 time=58.7 ms
08-12 10:54:01.385 12222 12369 D cellinfo: 46 bytes from 54.197.223.49: icmp_seq=1567 ttl=43 time=57.3 ms
08-12 10:54:01.594 12222 12369 D cellinfo: 46 bytes from 54.197.223.49: icmp_seq=1568 ttl=43 time=66.1 ms
08-12 10:54:01.812 12222 12369 D cellinfo: 46 bytes from 54.197.223.49: icmp_seq=1569 ttl=43 time=82.8 ms
08-12 10:54:01.996 12222 12369 D cellinfo: 46 bytes from 54.197.223.49: icmp_seq=1570 ttl=43 time=64.5 ms
08-12 10:54:02.196 12222 12369 D cellinfo: 46 bytes from 54.197.223.49: icmp_seq=1571 ttl=43 time=65.1 ms
08-12 10:54:02.317 12222 12222 D cellinfo: onsignalStrengthsChanged: LTE Signal Strength info: rsrp: -90 rsrq: -11 rssi: -67 rssnr: 10
08-12 10:54:02.396 12222 12369 D cellinfo: 46 bytes from 54.197.223.49: icmp_seq=1572 ttl=43 time=63.4 ms
08-12 10:54:02.595 12222 12369 D cellinfo: 46 bytes from 54.197.223.49: icmp_seq=1573 ttl=43 time=61.0 ms
08-12 10:54:02.795 12222 12369 D cellinfo: 46 bytes from 54.197.223.49: icmp_seq=1574 ttl=43 time=60.4 ms
08-12 10:54:02.995 12222 12369 D cellinfo: 46 bytes from 54.197.223.49: icmp_seq=1575 ttl=43 time=60.4 ms
08-12 10:54:03.012 12222 12222 D cellinfo: onCellInfoChanged: Operator: AT&T UpdateTimestamp: 324315748 CellConnectionStatus: 0
08-12 10:54:03.012 12222 12222 D cellinfo: onCellInfoChanged: LTE Cell Bands: [30] Bandwidth: 2147483647 Cell ID: 94992277 Physical Cell ID: 294 Tracking Area Code: 18688 EARFCN: 9820
08-12 10:54:03.204 12222 12369 D cellinfo: 46 bytes from 54.197.223.49: icmp_seq=1576 ttl=43 time=68.1 ms
08-12 10:54:03.402 12222 12369 D cellinfo: 46 bytes from 54.197.223.49: icmp_seq=1577 ttl=43 time=66.1 ms
08-12 10:54:03.597 12222 12369 D cellinfo: 46 bytes from 54.197.223.49: icmp_seq=1578 ttl=43 time=58.6 ms
08-12 10:54:03.635 12222 12222 D cellinfo: onsignalStrengthsChanged: LTE Signal Strength info: rsrp: -90 rsrq: -11 rssi: -73 rssnr: 11
08-12 10:54:03.805 12222 12369 D cellinfo: 46 bytes from 54.197.223.49: icmp_seq=1579 ttl=43 time=66.0 ms
08-12 10:54:04.014 12222 12369 D cellinfo: 46 bytes from 54.197.223.49: icmp_seq=1580 ttl=43 time=73.0 ms
08-12 10:54:04.222 12222 12369 D cellinfo: 46 bytes from 54.197.223.49: icmp_seq=1581 ttl=43 time=81.9 ms
08-12 10:54:04.405 12222 12369 D cellinfo: 46 bytes from 54.197.223.49: icmp_seq=1582 ttl=43 time=64.5 ms
08-12 10:54:04.597 12222 12369 D cellinfo: 46 bytes from 54.197.223.49: icmp_seq=1583 ttl=43 time=54.3 ms
08-12 10:54:04.807 12222 12369 D cellinfo: 46 bytes from 54.197.223.49: icmp_seq=1584 ttl=43 time=61.7 ms
08-12 10:54:05.008 12222 12369 D cellinfo: 46 bytes from 54.197.223.49: icmp_seq=1585 ttl=43 time=59.4 ms
08-12 10:54:05.016 12222 12222 D cellinfo: Latitude is 41.2492508
08-12 10:54:05.016 12222 12222 D cellinfo: Longitude is -95.82372
08-12 10:54:05.016 12222 12222 D cellinfo: Instantaneous GPS information: United States, 226 Bennett Ave, Council Bluffs, IA 51503, USA
08-12 10:54:05.016 12222 12222 D cellinfo: getCurrentLocation() result: Location (success): 41.2492508, -95.82372
08-12 10:54:05.214 12222 12369 D cellinfo: 46 bytes from 54.197.223.49: icmp_seq=1586 ttl=43 time=67.1 ms
08-12 10:54:05.322 12222 12222 D cellinfo: onsignalStrengthsChanged: LTE Signal Strength info: rsrp: -91 rsrq: -11 rssi: -73 rssnr: 10
08-12 10:54:05.414 12222 12369 D cellinfo: 46 bytes from 54.197.223.49: icmp_seq=1587 ttl=43 time=66.2 ms
08-12 10:54:05.615 12222 12369 D cellinfo: 46 bytes from 54.197.223.49: icmp_seq=1588 ttl=43 time=65.6 ms
08-12 10:54:05.816 12222 12369 D cellinfo: 46 bytes from 54.197.223.49: icmp_seq=1589 ttl=43 time=65.5 ms
08-12 10:54:05.878 12222 12222 D cellinfo: onsignalStrengthsChanged: LTE Signal Strength info: rsrp: -93 rsrq: -11 rssi: -73 rssnr: 8
08-12 10:54:05.963 12222 12222 D cellinfo: Latitude is 41.2492508
08-12 10:54:05.963 12222 12222 D cellinfo: Longitude is -95.82372
08-12 10:54:05.963 12222 12222 D cellinfo: Instantaneous GPS information: United States, 226 Bennett Ave, Council Bluffs, IA 51503, USA
08-12 10:54:05.963 12222 12222 D cellinfo: getCurrentLocation() result: Location (success): 41.2492508, -95.82372
08-12 10:54:06.006 12222 12222 D cellinfo: onCellInfoChanged: Operator: AT&T UpdateTimestamp: 324318740 CellConnectionStatus: 0
08-12 10:54:06.006 12222 12222 D cellinfo: onCellInfoChanged: LTE Cell Bands: [30] Bandwidth: 2147483647 Cell ID: 94992277 Physical Cell ID: 294 Tracking Area Code: 18688 EARFCN: 9820
08-12 10:54:06.014 12222 12369 D cellinfo: 46 bytes from 54.197.223.49: icmp_seq=1590 ttl=43 time=63.9 ms
08-12 10:54:06.214 12222 12369 D cellinfo: 46 bytes from 54.197.223.49: icmp_seq=1591 ttl=43 time=64.0 ms
08-12 10:54:06.415 12222 12369 D cellinfo: 46 bytes from 54.197.223.49: icmp_seq=1592 ttl=43 time=64.8 ms
08-12 10:54:06.624 12222 12369 D cellinfo: 46 bytes from 54.197.223.49: icmp_seq=1593 ttl=43 time=71.8 ms
08-12 10:54:06.816 12222 12369 D cellinfo: 46 bytes from 54.197.223.49: icmp_seq=1594 ttl=43 time=64.3 ms
08-12 10:54:07.015 12222 12369 D cellinfo: 46 bytes from 54.197.223.49: icmp_seq=1595 ttl=43 time=63.0 ms
08-12 10:54:07.223 12222 12369 D cellinfo: 46 bytes from 54.197.223.49: icmp_seq=1596 ttl=43 time=70.6 ms
08-12 10:54:07.415 12222 12369 D cellinfo: 46 bytes from 54.197.223.49: icmp_seq=1597 ttl=43 time=61.5 ms
08-12 10:54:07.616 12222 12369 D cellinfo: 46 bytes from 54.197.223.49: icmp_seq=1598 ttl=43 time=62.0 ms
08-12 10:54:07.822 12222 12369 D cellinfo: 46 bytes from 54.197.223.49: icmp_seq=1599 ttl=43 time=67.8 ms
08-12 10:54:08.014 12222 12369 D cellinfo: 46 bytes from 54.197.223.49: icmp_seq=1600 ttl=43 time=59.4 ms
08-12 10:54:08.118 12222 12222 D cellinfo: onsignalStrengthsChanged: LTE Signal Strength info: rsrp: -93 rsrq: -11 rssi: -67 rssnr: 7
08-12 10:54:08.225 12222 12369 D cellinfo: 46 bytes from 54.197.223.49: icmp_seq=1601 ttl=43 time=68.8 ms
08-12 10:54:08.416 12222 12369 D cellinfo: 46 bytes from 54.197.223.49: icmp_seq=1602 ttl=43 time=61.7 ms
08-12 10:54:08.615 12222 12369 D cellinfo: 46 bytes from 54.197.223.49: icmp_seq=1603 ttl=43 time=59.9 ms
08-12 10:54:08.815 12222 12369 D cellinfo: 46 bytes from 54.197.223.49: icmp_seq=1604 ttl=43 time=59.5 ms
08-12 10:54:08.960 12222 12222 D cellinfo: Latitude is 41.2492508
08-12 10:54:08.960 12222 12222 D cellinfo: Longitude is -95.82372
08-12 10:54:08.960 12222 12222 D cellinfo: Instantaneous GPS information: United States, 226 Bennett Ave, Council Bluffs, IA 51503, USA
08-12 10:54:08.960 12222 12222 D cellinfo: getCurrentLocation() result: Location (success): 41.2492508, -95.82372
08-12 10:54:09.014 12222 12369 D cellinfo: 46 bytes from 54.197.223.49: icmp_seq=1605 ttl=43 time=57.6 ms
08-12 10:54:09.031 12222 12222 D cellinfo: onCellInfoChanged: Operator: AT&T UpdateTimestamp: 324321751 CellConnectionStatus: 0
08-12 10:54:09.031 12222 12222 D cellinfo: onCellInfoChanged: LTE Cell Bands: [30] Bandwidth: 2147483647 Cell ID: 94992277 Physical Cell ID: 294 Tracking Area Code: 18688 EARFCN: 9820
08-12 10:54:09.222 12222 12369 D cellinfo: 46 bytes from 54.197.223.49: icmp_seq=1606 ttl=43 time=66.3 ms
08-12 10:54:09.415 12222 12369 D cellinfo: 46 bytes from 54.197.223.49: icmp_seq=1607 ttl=43 time=57.5 ms
08-12 10:54:09.626 12222 12369 D cellinfo: 46 bytes from 54.197.223.49: icmp_seq=1608 ttl=43 time=66.7 ms
08-12 10:54:09.826 12222 12369 D cellinfo: 46 bytes from 54.197.223.49: icmp_seq=1609 ttl=43 time=65.4 ms
08-12 10:54:10.026 12222 12369 D cellinfo: 46 bytes from 54.197.223.49: icmp_seq=1610 ttl=43 time=63.1 ms
08-12 10:54:10.225 12222 12369 D cellinfo: 46 bytes from 54.197.223.49: icmp_seq=1611 ttl=43 time=63.3 ms
08-12 10:54:10.361 12222 12222 D cellinfo: onsignalStrengthsChanged: LTE Signal Strength info: rsrp: -96 rsrq: -12 rssi: -71 rssnr: 5
08-12 10:54:10.426 12222 12369 D cellinfo: 46 bytes from 54.197.223.49: icmp_seq=1612 ttl=43 time=62.1 ms
08-12 10:54:10.626 12222 12369 D cellinfo: 46 bytes from 54.197.223.49: icmp_seq=1613 ttl=43 time=62.0 ms
08-12 10:54:10.835 12222 12369 D cellinfo: 46 bytes from 54.197.223.49: icmp_seq=1614 ttl=43 time=70.5 ms
08-12 10:54:11.034 12222 12369 D cellinfo: 46 bytes from 54.197.223.49: icmp_seq=1615 ttl=43 time=69.7 ms
08-12 10:54:11.226 12222 12369 D cellinfo: 46 bytes from 54.197.223.49: icmp_seq=1616 ttl=43 time=61.4 ms
08-12 10:54:11.432 12222 12369 D cellinfo: 46 bytes from 54.197.223.49: icmp_seq=1617 ttl=43 time=67.1 ms
08-12 10:54:11.632 12222 12369 D cellinfo: 46 bytes from 54.197.223.49: icmp_seq=1618 ttl=43 time=66.6 ms
08-12 10:54:11.834 12222 12369 D cellinfo: 46 bytes from 54.197.223.49: icmp_seq=1619 ttl=43 time=67.3 ms
08-12 10:54:11.959 12222 12222 D cellinfo: Latitude is 41.2492508
08-12 10:54:11.960 12222 12222 D cellinfo: Longitude is -95.82372
08-12 10:54:11.960 12222 12222 D cellinfo: Instantaneous GPS information: United States, 226 Bennett Ave, Council Bluffs, IA 51503, USA
08-12 10:54:11.960 12222 12222 D cellinfo: getCurrentLocation() result: Location (success): 41.2492508, -95.82372
08-12 10:54:12.010 12222 12222 D cellinfo: onCellInfoChanged: Operator: AT&T UpdateTimestamp: 324324744 CellConnectionStatus: 0
08-12 10:54:12.010 12222 12222 D cellinfo: onCellInfoChanged: LTE Cell Bands: [30] Bandwidth: 2147483647 Cell ID: 94992277 Physical Cell ID: 294 Tracking Area Code: 18688 EARFCN: 9820
08-12 10:54:12.025 12222 12369 D cellinfo: 46 bytes from 54.197.223.49: icmp_seq=1620 ttl=43 time=57.8 ms
08-12 10:54:12.232 12222 12369 D cellinfo: 46 bytes from 54.197.223.49: icmp_seq=1621 ttl=43 time=65.4 ms
08-12 10:54:12.437 12222 12369 D cellinfo: 46 bytes from 54.197.223.49: icmp_seq=1622 ttl=43 time=68.1 ms
08-12 10:54:12.594 12222 12222 D cellinfo: onsignalStrengthsChanged: LTE Signal Strength info: rsrp: -99 rsrq: -12 rssi: -71 rssnr: 4
08-12 10:54:12.635 12222 12369 D cellinfo: 46 bytes from 54.197.223.49: icmp_seq=1623 ttl=43 time=66.4 ms
08-12 10:54:12.835 12222 12369 D cellinfo: 46 bytes from 54.197.223.49: icmp_seq=1624 ttl=43 time=65.1 ms
08-12 10:54:13.036 12222 12369 D cellinfo: 46 bytes from 54.197.223.49: icmp_seq=1625 ttl=43 time=65.8 ms
08-12 10:54:13.237 12222 12369 D cellinfo: 46 bytes from 54.197.223.49: icmp_seq=1626 ttl=43 time=66.3 ms
08-12 10:54:13.435 12222 12369 D cellinfo: 46 bytes from 54.197.223.49: icmp_seq=1627 ttl=43 time=64.2 ms
08-12 10:54:13.634 12222 12369 D cellinfo: 46 bytes from 54.197.223.49: icmp_seq=1628 ttl=43 time=62.3 ms
08-12 10:54:13.835 12222 12369 D cellinfo: 46 bytes from 54.197.223.49: icmp_seq=1629 ttl=43 time=61.5 ms
08-12 10:54:14.035 12222 12369 D cellinfo: 46 bytes from 54.197.223.49: icmp_seq=1630 ttl=43 time=62.2 ms
08-12 10:54:14.237 12222 12369 D cellinfo: 46 bytes from 54.197.223.49: icmp_seq=1631 ttl=43 time=61.9 ms
08-12 10:54:14.360 12222 12222 D cellinfo: onsignalStrengthsChanged: LTE Signal Strength info: rsrp: -101 rsrq: -12 rssi: -73 rssnr: 3
08-12 10:54:14.437 12222 12369 D cellinfo: 46 bytes from 54.197.223.49: icmp_seq=1632 ttl=43 time=61.0 ms
08-12 10:54:14.636 12222 12369 D cellinfo: 46 bytes from 54.197.223.49: icmp_seq=1633 ttl=43 time=59.3 ms
08-12 10:54:14.837 12222 12369 D cellinfo: 46 bytes from 54.197.223.49: icmp_seq=1634 ttl=43 time=58.6 ms
08-12 10:54:15.007 12222 12222 D cellinfo: onCellInfoChanged: Operator: AT&T UpdateTimestamp: 324327743 CellConnectionStatus: 0
08-12 10:54:15.008 12222 12222 D cellinfo: onCellInfoChanged: LTE Cell Bands: [30] Bandwidth: 2147483647 Cell ID: 94992277 Physical Cell ID: 294 Tracking Area Code: 18688 EARFCN: 9820
08-12 10:54:15.044 12222 12369 D cellinfo: 46 bytes from 54.197.223.49: icmp_seq=1635 ttl=43 time=67.2 ms
08-12 10:54:15.238 12222 12369 D cellinfo: 46 bytes from 54.197.223.49: icmp_seq=1636 ttl=43 time=59.7 ms
08-12 10:54:15.444 12222 12369 D cellinfo: 46 bytes from 54.197.223.49: icmp_seq=1637 ttl=43 time=67.0 ms
08-12 10:54:15.644 12222 12369 D cellinfo: 46 bytes from 54.197.223.49: icmp_seq=1638 ttl=43 time=66.2 ms
08-12 10:54:15.844 12222 12369 D cellinfo: 46 bytes from 54.197.223.49: icmp_seq=1639 ttl=43 time=65.2 ms
08-12 10:54:16.046 12222 12369 D cellinfo: 46 bytes from 54.197.223.49: icmp_seq=1640 ttl=43 time=65.4 ms
08-12 10:54:16.245 12222 12369 D cellinfo: 46 bytes from 54.197.223.49: icmp_seq=1641 ttl=43 time=66.0 ms
08-12 10:54:16.446 12222 12369 D cellinfo: 46 bytes from 54.197.223.49: icmp_seq=1642 ttl=43 time=65.0 ms
08-12 10:54:16.646 12222 12369 D cellinfo: 46 bytes from 54.197.223.49: icmp_seq=1643 ttl=43 time=63.8 ms
08-12 10:54:16.844 12222 12369 D cellinfo: 46 bytes from 54.197.223.49: icmp_seq=1644 ttl=43 time=61.9 ms
08-12 10:54:17.045 12222 12369 D cellinfo: 46 bytes from 54.197.223.49: icmp_seq=1645 ttl=43 time=62.1 ms
08-12 10:54:17.245 12222 12369 D cellinfo: 46 bytes from 54.197.223.49: icmp_seq=1646 ttl=43 time=62.4 ms
08-12 10:54:17.444 12222 12369 D cellinfo: 46 bytes from 54.197.223.49: icmp_seq=1647 ttl=43 time=60.2 ms
08-12 10:54:17.646 12222 12369 D cellinfo: 46 bytes from 54.197.223.49: icmp_seq=1648 ttl=43 time=61.4 ms
08-12 10:54:17.845 12222 12369 D cellinfo: 46 bytes from 54.197.223.49: icmp_seq=1649 ttl=43 time=57.4 ms
08-12 10:54:18.055 12222 12369 D cellinfo: 46 bytes from 54.197.223.49: icmp_seq=1650 ttl=43 time=65.9 ms
08-12 10:54:18.256 12222 12369 D cellinfo: 46 bytes from 54.197.223.49: icmp_seq=1651 ttl=43 time=65.5 ms
08-12 10:54:18.448 12222 12369 D cellinfo: 46 bytes from 54.197.223.49: icmp_seq=1652 ttl=43 time=55.7 ms
08-12 10:54:18.501 12222 12222 D cellinfo: Latitude is 41.2496116
08-12 10:54:18.501 12222 12222 D cellinfo: Longitude is -95.8228261
08-12 10:54:18.501 12222 12222 D cellinfo: Instantaneous GPS information: United States, 222 Bennett Ave, Council Bluffs, IA 51503, USA
08-12 10:54:18.502 12222 12222 D cellinfo: getCurrentLocation() result: Location (success): 41.2496116, -95.8228261
08-12 10:54:18.519 12222 12222 D cellinfo: Latitude is 41.2496116
08-12 10:54:18.519 12222 12222 D cellinfo: Longitude is -95.8228261
08-12 10:54:18.519 12222 12222 D cellinfo: Instantaneous GPS information: United States, 222 Bennett Ave, Council Bluffs, IA 51503, USA
08-12 10:54:18.519 12222 12222 D cellinfo: getCurrentLocation() result: Location (success): 41.2496116, -95.8228261
08-12 10:54:18.655 12222 12369 D cellinfo: 46 bytes from 54.197.223.49: icmp_seq=1653 ttl=43 time=62.8 ms
08-12 10:54:18.855 12222 12369 D cellinfo: 46 bytes from 54.197.223.49: icmp_seq=1654 ttl=43 time=62.1 ms
08-12 10:54:19.055 12222 12369 D cellinfo: 46 bytes from 54.197.223.49: icmp_seq=1655 ttl=43 time=61.1 ms
08-12 10:54:19.263 12222 12369 D cellinfo: 46 bytes from 54.197.223.49: icmp_seq=1656 ttl=43 time=69.4 ms
08-12 10:54:19.320 12222 12222 D cellinfo: onsignalStrengthsChanged: LTE Signal Strength info: rsrp: -101 rsrq: -12 rssi: -69 rssnr: 4
08-12 10:54:19.458 12222 12369 D cellinfo: 46 bytes from 54.197.223.49: icmp_seq=1657 ttl=43 time=62.0 ms
08-12 10:54:19.663 12222 12369 D cellinfo: 46 bytes from 54.197.223.49: icmp_seq=1658 ttl=43 time=65.7 ms
08-12 10:54:19.865 12222 12369 D cellinfo: 46 bytes from 54.197.223.49: icmp_seq=1659 ttl=43 time=66.7 ms
08-12 10:54:20.031 12222 12222 D cellinfo: onCellInfoChanged: Operator: AT&T UpdateTimestamp: 324332766 CellConnectionStatus: 0
08-12 10:54:20.031 12222 12222 D cellinfo: onCellInfoChanged: LTE Cell Bands: [30] Bandwidth: 2147483647 Cell ID: 94992277 Physical Cell ID: 294 Tracking Area Code: 18688 EARFCN: 9820
08-12 10:54:20.065 12222 12369 D cellinfo: 46 bytes from 54.197.223.49: icmp_seq=1660 ttl=43 time=64.3 ms
08-12 10:54:20.266 12222 12369 D cellinfo: 46 bytes from 54.197.223.49: icmp_seq=1661 ttl=43 time=63.5 ms
08-12 10:54:20.388 12222 12222 D cellinfo: onsignalStrengthsChanged: LTE Signal Strength info: rsrp: -101 rsrq: -12 rssi: -73 rssnr: 4
08-12 10:54:20.466 12222 12369 D cellinfo: 46 bytes from 54.197.223.49: icmp_seq=1662 ttl=43 time=62.2 ms
08-12 10:54:20.667 12222 12369 D cellinfo: 46 bytes from 54.197.223.49: icmp_seq=1663 ttl=43 time=61.8 ms
08-12 10:54:20.866 12222 12369 D cellinfo: 46 bytes from 54.197.223.49: icmp_seq=1664 ttl=43 time=59.4 ms
08-12 10:54:20.980 12222 12222 D cellinfo: Latitude is 41.2496116
08-12 10:54:20.980 12222 12222 D cellinfo: Longitude is -95.8228261
08-12 10:54:20.980 12222 12222 D cellinfo: Instantaneous GPS information: United States, 222 Bennett Ave, Council Bluffs, IA 51503, USA
08-12 10:54:20.980 12222 12222 D cellinfo: getCurrentLocation() result: Location (success): 41.2496116, -95.8228261
08-12 10:54:21.065 12222 12369 D cellinfo: 46 bytes from 54.197.223.49: icmp_seq=1665 ttl=43 time=58.9 ms
08-12 10:54:21.267 12222 12369 D cellinfo: 46 bytes from 54.197.223.49: icmp_seq=1666 ttl=43 time=59.0 ms
08-12 10:54:21.475 12222 12369 D cellinfo: 46 bytes from 54.197.223.49: icmp_seq=1667 ttl=43 time=66.5 ms
08-12 10:54:21.676 12222 12369 D cellinfo: 46 bytes from 54.197.223.49: icmp_seq=1668 ttl=43 time=65.8 ms
08-12 10:54:21.875 12222 12369 D cellinfo: 46 bytes from 54.197.223.49: icmp_seq=1669 ttl=43 time=64.0 ms
08-12 10:54:22.084 12222 12369 D cellinfo: 46 bytes from 54.197.223.49: icmp_seq=1670 ttl=43 time=71.2 ms
08-12 10:54:22.277 12222 12369 D cellinfo: 46 bytes from 54.197.223.49: icmp_seq=1671 ttl=43 time=63.3 ms
08-12 10:54:22.476 12222 12369 D cellinfo: 46 bytes from 54.197.223.49: icmp_seq=1672 ttl=43 time=62.3 ms
08-12 10:54:22.675 12222 12369 D cellinfo: 46 bytes from 54.197.223.49: icmp_seq=1673 ttl=43 time=59.6 ms
08-12 10:54:22.886 12222 12369 D cellinfo: 46 bytes from 54.197.223.49: icmp_seq=1674 ttl=43 time=68.8 ms
08-12 10:54:23.087 12222 12369 D cellinfo: 46 bytes from 54.197.223.49: icmp_seq=1675 ttl=43 time=69.1 ms
08-12 10:54:23.285 12222 12369 D cellinfo: 46 bytes from 54.197.223.49: icmp_seq=1676 ttl=43 time=66.0 ms
08-12 10:54:23.486 12222 12369 D cellinfo: 46 bytes from 54.197.223.49: icmp_seq=1677 ttl=43 time=66.0 ms
08-12 10:54:23.685 12222 12369 D cellinfo: 46 bytes from 54.197.223.49: icmp_seq=1678 ttl=43 time=64.7 ms
08-12 10:54:23.886 12222 12369 D cellinfo: 46 bytes from 54.197.223.49: icmp_seq=1679 ttl=43 time=64.7 ms
08-12 10:54:23.959 12222 12222 D cellinfo: Latitude is 41.2496116
08-12 10:54:23.959 12222 12222 D cellinfo: Longitude is -95.8228261
08-12 10:54:23.959 12222 12222 D cellinfo: Instantaneous GPS information: United States, 222 Bennett Ave, Council Bluffs, IA 51503, USA
08-12 10:54:23.959 12222 12222 D cellinfo: getCurrentLocation() result: Location (success): 41.2496116, -95.8228261
08-12 10:54:24.039 12222 12222 D cellinfo: onCellInfoChanged: Operator: AT&T UpdateTimestamp: 324336773 CellConnectionStatus: 0
08-12 10:54:24.039 12222 12222 D cellinfo: onCellInfoChanged: LTE Cell Bands: [30] Bandwidth: 2147483647 Cell ID: 94992277 Physical Cell ID: 294 Tracking Area Code: 18688 EARFCN: 9820
08-12 10:54:24.087 12222 12369 D cellinfo: 46 bytes from 54.197.223.49: icmp_seq=1680 ttl=43 time=64.7 ms
08-12 10:54:24.286 12222 12369 D cellinfo: 46 bytes from 54.197.223.49: icmp_seq=1681 ttl=43 time=62.3 ms
08-12 10:54:24.486 12222 12369 D cellinfo: 46 bytes from 54.197.223.49: icmp_seq=1682 ttl=43 time=60.8 ms
08-12 10:54:24.688 12222 12369 D cellinfo: 46 bytes from 54.197.223.49: icmp_seq=1683 ttl=43 time=60.4 ms
08-12 10:54:24.905 12222 12369 D cellinfo: 46 bytes from 54.197.223.49: icmp_seq=1684 ttl=43 time=75.5 ms
08-12 10:54:25.097 12222 12369 D cellinfo: 46 bytes from 54.197.223.49: icmp_seq=1685 ttl=43 time=65.7 ms
08-12 10:54:25.296 12222 12369 D cellinfo: 46 bytes from 54.197.223.49: icmp_seq=1686 ttl=43 time=63.3 ms
08-12 10:54:25.496 12222 12369 D cellinfo: 46 bytes from 54.197.223.49: icmp_seq=1687 ttl=43 time=61.9 ms
08-12 10:54:25.696 12222 12369 D cellinfo: 46 bytes from 54.197.223.49: icmp_seq=1688 ttl=43 time=61.3 ms
08-12 10:54:25.898 12222 12369 D cellinfo: 46 bytes from 54.197.223.49: icmp_seq=1689 ttl=43 time=59.6 ms
08-12 10:54:26.097 12222 12369 D cellinfo: 46 bytes from 54.197.223.49: icmp_seq=1690 ttl=43 time=60.2 ms
08-12 10:54:26.314 12222 12369 D cellinfo: 46 bytes from 54.197.223.49: icmp_seq=1691 ttl=43 time=75.8 ms
08-12 10:54:26.505 12222 12369 D cellinfo: 46 bytes from 54.197.223.49: icmp_seq=1692 ttl=43 time=66.6 ms
08-12 10:54:26.707 12222 12369 D cellinfo: 46 bytes from 54.197.223.49: icmp_seq=1693 ttl=43 time=65.5 ms
08-12 10:54:26.907 12222 12369 D cellinfo: 46 bytes from 54.197.223.49: icmp_seq=1694 ttl=43 time=64.1 ms
08-12 10:54:26.968 12222 12222 D cellinfo: Latitude is 41.2496116
08-12 10:54:26.968 12222 12222 D cellinfo: Longitude is -95.8228261
08-12 10:54:26.968 12222 12222 D cellinfo: Instantaneous GPS information: United States, 222 Bennett Ave, Council Bluffs, IA 51503, USA
08-12 10:54:26.968 12222 12222 D cellinfo: getCurrentLocation() result: Location (success): 41.2496116, -95.8228261
08-12 10:54:27.018 12222 12222 D cellinfo: onCellInfoChanged: Operator: AT&T UpdateTimestamp: 324339753 CellConnectionStatus: 0
08-12 10:54:27.018 12222 12222 D cellinfo: onCellInfoChanged: LTE Cell Bands: [30] Bandwidth: 2147483647 Cell ID: 94992277 Physical Cell ID: 294 Tracking Area Code: 18688 EARFCN: 9820
08-12 10:54:27.105 12222 12369 D cellinfo: 46 bytes from 54.197.223.49: icmp_seq=1695 ttl=43 time=63.9 ms
08-12 10:54:27.308 12222 12369 D cellinfo: 46 bytes from 54.197.223.49: icmp_seq=1696 ttl=43 time=62.9 ms
08-12 10:54:27.506 12222 12369 D cellinfo: 46 bytes from 54.197.223.49: icmp_seq=1697 ttl=43 time=60.8 ms
08-12 10:54:27.715 12222 12369 D cellinfo: 46 bytes from 54.197.223.49: icmp_seq=1698 ttl=43 time=69.0 ms
08-12 10:54:27.905 12222 12369 D cellinfo: 46 bytes from 54.197.223.49: icmp_seq=1699 ttl=43 time=58.0 ms
08-12 10:54:28.105 12222 12369 D cellinfo: 46 bytes from 54.197.223.49: icmp_seq=1700 ttl=43 time=57.7 ms
08-12 10:54:28.281 12222 12222 D cellinfo: onsignalStrengthsChanged: LTE Signal Strength info: rsrp: -102 rsrq: -12 rssi: -73 rssnr: 4
08-12 10:54:28.315 12222 12369 D cellinfo: 46 bytes from 54.197.223.49: icmp_seq=1701 ttl=43 time=66.6 ms
08-12 10:54:28.515 12222 12369 D cellinfo: 46 bytes from 54.197.223.49: icmp_seq=1702 ttl=43 time=64.9 ms
08-12 10:54:28.716 12222 12369 D cellinfo: 46 bytes from 54.197.223.49: icmp_seq=1703 ttl=43 time=64.1 ms
08-12 10:54:28.915 12222 12369 D cellinfo: 46 bytes from 54.197.223.49: icmp_seq=1704 ttl=43 time=63.3 ms
08-12 10:54:29.156 12222 12369 D cellinfo: 46 bytes from 54.197.223.49: icmp_seq=1705 ttl=43 time=102 ms
08-12 10:54:29.324 12222 12369 D cellinfo: 46 bytes from 54.197.223.49: icmp_seq=1706 ttl=43 time=69.3 ms
08-12 10:54:29.556 12222 12369 D cellinfo: 46 bytes from 54.197.223.49: icmp_seq=1707 ttl=43 time=99.5 ms
08-12 10:54:29.715 12222 12369 D cellinfo: 46 bytes from 54.197.223.49: icmp_seq=1708 ttl=43 time=58.2 ms
08-12 10:54:29.926 12222 12369 D cellinfo: 46 bytes from 54.197.223.49: icmp_seq=1709 ttl=43 time=67.8 ms
08-12 10:54:29.996 12222 12222 D cellinfo: onCellInfoChanged: Operator: AT&T UpdateTimestamp: 324342732 CellConnectionStatus: 0
08-12 10:54:29.996 12222 12222 D cellinfo: onCellInfoChanged: LTE Cell Bands: [30] Bandwidth: 2147483647 Cell ID: 94992277 Physical Cell ID: 294 Tracking Area Code: 18688 EARFCN: 9820
08-12 10:54:30.141 12222 12369 D cellinfo: 46 bytes from 54.197.223.49: icmp_seq=1710 ttl=43 time=83.1 ms
08-12 10:54:30.326 12222 12369 D cellinfo: 46 bytes from 54.197.223.49: icmp_seq=1711 ttl=43 time=66.4 ms
08-12 10:54:30.525 12222 12369 D cellinfo: 46 bytes from 54.197.223.49: icmp_seq=1712 ttl=43 time=64.3 ms
08-12 10:54:30.725 12222 12369 D cellinfo: 46 bytes from 54.197.223.49: icmp_seq=1713 ttl=43 time=64.9 ms
08-12 10:54:30.932 12222 12369 D cellinfo: 46 bytes from 54.197.223.49: icmp_seq=1714 ttl=43 time=70.9 ms
08-12 10:54:31.126 12222 12369 D cellinfo: 46 bytes from 54.197.223.49: icmp_seq=1715 ttl=43 time=63.7 ms
08-12 10:54:31.324 12222 12369 D cellinfo: 46 bytes from 54.197.223.49: icmp_seq=1716 ttl=43 time=62.6 ms
08-12 10:54:31.535 12222 12369 D cellinfo: 46 bytes from 54.197.223.49: icmp_seq=1717 ttl=43 time=69.0 ms
08-12 10:54:31.727 12222 12369 D cellinfo: 46 bytes from 54.197.223.49: icmp_seq=1718 ttl=43 time=59.2 ms
08-12 10:54:31.757 12222 12222 D cellinfo: Latitude is 41.2496574
08-12 10:54:31.757 12222 12222 D cellinfo: Longitude is -95.8228137
08-12 10:54:31.757 12222 12222 D cellinfo: Instantaneous GPS information: United States, Mall of the Bluffs, Council Bluffs, IA 51503, USA
08-12 10:54:31.757 12222 12222 D cellinfo: getCurrentLocation() result: Location (success): 41.2496574, -95.8228137
08-12 10:54:31.944 12222 12369 D cellinfo: 46 bytes from 54.197.223.49: icmp_seq=1719 ttl=43 time=77.0 ms
08-12 10:54:32.145 12222 12369 D cellinfo: 46 bytes from 54.197.223.49: icmp_seq=1720 ttl=43 time=77.7 ms
08-12 10:54:32.336 12222 12369 D cellinfo: 46 bytes from 54.197.223.49: icmp_seq=1721 ttl=43 time=66.1 ms
08-12 10:54:32.595 12222 12369 D cellinfo: 46 bytes from 54.197.223.49: icmp_seq=1722 ttl=43 time=124 ms
08-12 10:54:32.735 12222 12369 D cellinfo: 46 bytes from 54.197.223.49: icmp_seq=1723 ttl=43 time=63.9 ms
08-12 10:54:32.761 12222 12222 D cellinfo: onsignalStrengthsChanged: LTE Signal Strength info: rsrp: -104 rsrq: -13 rssi: -77 rssnr: 1
08-12 10:54:32.943 12222 12369 D cellinfo: 46 bytes from 54.197.223.49: icmp_seq=1724 ttl=43 time=72.4 ms
08-12 10:54:32.968 12222 12222 D cellinfo: Latitude is 41.2496574
08-12 10:54:32.968 12222 12222 D cellinfo: Longitude is -95.8228137
08-12 10:54:32.968 12222 12222 D cellinfo: Instantaneous GPS information: United States, Mall of the Bluffs, Council Bluffs, IA 51503, USA
08-12 10:54:32.968 12222 12222 D cellinfo: getCurrentLocation() result: Location (success): 41.2496574, -95.8228137
08-12 10:54:33.016 12222 12222 D cellinfo: onCellInfoChanged: Operator: AT&T UpdateTimestamp: 324345753 CellConnectionStatus: 0
08-12 10:54:33.016 12222 12222 D cellinfo: onCellInfoChanged: LTE Cell Bands: [30] Bandwidth: 2147483647 Cell ID: 94992277 Physical Cell ID: 294 Tracking Area Code: 18688 EARFCN: 9820
08-12 10:54:33.125 12222 12222 D cellinfo: onCellInfoChanged: Operator: AT&T UpdateTimestamp: 324345859 CellConnectionStatus: 0
08-12 10:54:33.125 12222 12222 D cellinfo: onCellInfoChanged: LTE Cell Bands: [30] Bandwidth: 2147483647 Cell ID: 95045271 Physical Cell ID: 254 Tracking Area Code: 18688 EARFCN: 9820
08-12 10:54:33.149 12222 12369 D cellinfo: 46 bytes from 54.197.223.49: icmp_seq=1725 ttl=43 time=76.1 ms
08-12 10:54:33.159 12222 12222 D cellinfo: onServiceStateChanged: Channel Number: 9820 Cell Bandwidths: []
08-12 10:54:33.340 12222 12369 D cellinfo: 46 bytes from 54.197.223.49: icmp_seq=1726 ttl=43 time=66.6 ms
08-12 10:54:33.546 12222 12369 D cellinfo: 46 bytes from 54.197.223.49: icmp_seq=1727 ttl=43 time=71.9 ms
08-12 10:54:33.755 12222 12369 D cellinfo: 46 bytes from 54.197.223.49: icmp_seq=1728 ttl=43 time=78.7 ms
08-12 10:54:33.947 12222 12369 D cellinfo: 46 bytes from 54.197.223.49: icmp_seq=1729 ttl=43 time=70.2 ms
08-12 10:54:34.146 12222 12369 D cellinfo: 46 bytes from 54.197.223.49: icmp_seq=1730 ttl=43 time=69.1 ms
08-12 10:54:34.339 12222 12369 D cellinfo: 46 bytes from 54.197.223.49: icmp_seq=1731 ttl=43 time=60.6 ms
08-12 10:54:34.540 12222 12369 D cellinfo: 46 bytes from 54.197.223.49: icmp_seq=1732 ttl=43 time=61.3 ms
08-12 10:54:34.739 12222 12369 D cellinfo: 46 bytes from 54.197.223.49: icmp_seq=1733 ttl=43 time=59.2 ms
08-12 10:54:34.949 12222 12369 D cellinfo: 46 bytes from 54.197.223.49: icmp_seq=1734 ttl=43 time=68.6 ms
08-12 10:54:34.995 12222 12222 D cellinfo: onsignalStrengthsChanged: LTE Signal Strength info: rsrp: -105 rsrq: -13 rssi: -77 rssnr: 0
08-12 10:54:35.138 12222 12369 D cellinfo: 46 bytes from 54.197.223.49: icmp_seq=1735 ttl=43 time=58.1 ms
08-12 10:54:35.349 12222 12369 D cellinfo: 46 bytes from 54.197.223.49: icmp_seq=1736 ttl=43 time=66.3 ms
08-12 10:54:35.550 12222 12369 D cellinfo: 46 bytes from 54.197.223.49: icmp_seq=1737 ttl=43 time=64.6 ms
08-12 10:54:35.749 12222 12369 D cellinfo: 46 bytes from 54.197.223.49: icmp_seq=1738 ttl=43 time=63.0 ms
08-12 10:54:35.966 12222 12222 D cellinfo: Latitude is 41.2496574
08-12 10:54:35.966 12222 12222 D cellinfo: Longitude is -95.8228137
08-12 10:54:35.966 12222 12222 D cellinfo: Instantaneous GPS information: United States, Mall of the Bluffs, Council Bluffs, IA 51503, USA
08-12 10:54:35.967 12222 12222 D cellinfo: getCurrentLocation() result: Location (success): 41.2496574, -95.8228137
08-12 10:54:35.977 12222 12369 D cellinfo: 46 bytes from 54.197.223.49: icmp_seq=1739 ttl=43 time=90.8 ms
08-12 10:54:36.029 12222 12222 D cellinfo: onCellInfoChanged: Operator: AT&T UpdateTimestamp: 324348766 CellConnectionStatus: 0
08-12 10:54:36.029 12222 12222 D cellinfo: onCellInfoChanged: LTE Cell Bands: [30] Bandwidth: 2147483647 Cell ID: 95045271 Physical Cell ID: 254 Tracking Area Code: 18688 EARFCN: 9820
08-12 10:54:36.178 12222 12369 D cellinfo: 46 bytes from 54.197.223.49: icmp_seq=1740 ttl=43 time=90.4 ms
08-12 10:54:36.378 12222 12369 D cellinfo: 46 bytes from 54.197.223.49: icmp_seq=1741 ttl=43 time=89.6 ms
08-12 10:54:36.586 12222 12369 D cellinfo: 46 bytes from 54.197.223.49: icmp_seq=1742 ttl=43 time=96.8 ms
08-12 10:54:36.777 12222 12369 D cellinfo: 46 bytes from 54.197.223.49: icmp_seq=1743 ttl=43 time=88.2 ms
08-12 10:54:36.978 12222 12369 D cellinfo: 46 bytes from 54.197.223.49: icmp_seq=1744 ttl=43 time=87.5 ms
08-12 10:54:37.178 12222 12369 D cellinfo: 46 bytes from 54.197.223.49: icmp_seq=1745 ttl=43 time=85.8 ms
08-12 10:54:37.241 12222 12222 D cellinfo: onsignalStrengthsChanged: LTE Signal Strength info: rsrp: -107 rsrq: -14 rssi: -83 rssnr: 0
08-12 10:54:37.377 12222 12369 D cellinfo: 46 bytes from 54.197.223.49: icmp_seq=1746 ttl=43 time=85.2 ms
08-12 10:54:37.600 12222 12369 D cellinfo: 46 bytes from 54.197.223.49: icmp_seq=1747 ttl=43 time=106 ms
08-12 10:54:37.761 12222 12369 D cellinfo: 46 bytes from 54.197.223.49: icmp_seq=1748 ttl=43 time=67.5 ms
08-12 10:54:37.793 12222 12222 D cellinfo: onCellInfoChanged: Operator: AT&T UpdateTimestamp: 324350523 CellConnectionStatus: 0
08-12 10:54:37.793 12222 12222 D cellinfo: onCellInfoChanged: LTE Cell Bands: [30] Bandwidth: 2147483647 Cell ID: 95045526 Physical Cell ID: 274 Tracking Area Code: 18688 EARFCN: 9820
08-12 10:54:37.981 12222 12222 D cellinfo: onServiceStateChanged: Channel Number: 9820 Cell Bandwidths: []
08-12 10:54:37.981 12222 12369 D cellinfo: 46 bytes from 54.197.223.49: icmp_seq=1749 ttl=43 time=85.3 ms
08-12 10:54:38.180 12222 12369 D cellinfo: 46 bytes from 54.197.223.49: icmp_seq=1750 ttl=43 time=81.3 ms
08-12 10:54:38.362 12222 12369 D cellinfo: 46 bytes from 54.197.223.49: icmp_seq=1751 ttl=43 time=63.4 ms
08-12 10:54:38.620 12222 12369 D cellinfo: 46 bytes from 54.197.223.49: icmp_seq=1752 ttl=43 time=120 ms
08-12 10:54:38.762 12222 12369 D cellinfo: 46 bytes from 54.197.223.49: icmp_seq=1753 ttl=43 time=58.7 ms
08-12 10:54:38.961 12222 12369 D cellinfo: 46 bytes from 54.197.223.49: icmp_seq=1754 ttl=43 time=59.1 ms
08-12 10:54:38.962 12222 12222 D cellinfo: Latitude is 41.2496574
08-12 10:54:38.962 12222 12222 D cellinfo: Longitude is -95.8228137
08-12 10:54:38.962 12222 12222 D cellinfo: Instantaneous GPS information: United States, Mall of the Bluffs, Council Bluffs, IA 51503, USA
08-12 10:54:38.962 12222 12222 D cellinfo: getCurrentLocation() result: Location (success): 41.2496574, -95.8228137
08-12 10:54:39.000 12222 12222 D cellinfo: onCellInfoChanged: Operator: AT&T UpdateTimestamp: 324351737 CellConnectionStatus: 0
08-12 10:54:39.000 12222 12222 D cellinfo: onCellInfoChanged: LTE Cell Bands: [30] Bandwidth: 2147483647 Cell ID: 95045526 Physical Cell ID: 274 Tracking Area Code: 18688 EARFCN: 9820
08-12 10:54:39.172 12222 12369 D cellinfo: 46 bytes from 54.197.223.49: icmp_seq=1755 ttl=43 time=68.3 ms
08-12 10:54:39.371 12222 12369 D cellinfo: 46 bytes from 54.197.223.49: icmp_seq=1756 ttl=43 time=67.3 ms
08-12 10:54:39.500 12222 12222 D cellinfo: onsignalStrengthsChanged: LTE Signal Strength info: rsrp: -109 rsrq: -14 rssi: -77 rssnr: 0
08-12 10:54:39.579 12222 12369 D cellinfo: 46 bytes from 54.197.223.49: icmp_seq=1757 ttl=43 time=74.0 ms
08-12 10:54:39.771 12222 12369 D cellinfo: 46 bytes from 54.197.223.49: icmp_seq=1758 ttl=43 time=66.6 ms
08-12 10:54:39.971 12222 12369 D cellinfo: 46 bytes from 54.197.223.49: icmp_seq=1759 ttl=43 time=64.9 ms
08-12 10:54:40.171 12222 12369 D cellinfo: 46 bytes from 54.197.223.49: icmp_seq=1760 ttl=43 time=63.3 ms
08-12 10:54:40.382 12222 12369 D cellinfo: 46 bytes from 54.197.223.49: icmp_seq=1761 ttl=43 time=72.5 ms
08-12 10:54:40.571 12222 12369 D cellinfo: 46 bytes from 54.197.223.49: icmp_seq=1762 ttl=43 time=62.3 ms
08-12 10:54:40.786 12222 12369 D cellinfo: 46 bytes from 54.197.223.49: icmp_seq=1763 ttl=43 time=76.4 ms
08-12 10:54:40.981 12222 12369 D cellinfo: 46 bytes from 54.197.223.49: icmp_seq=1764 ttl=43 time=67.8 ms
08-12 10:54:41.032 12222 12222 D cellinfo: onCellInfoChanged: Operator: AT&T UpdateTimestamp: 324353766 CellConnectionStatus: 0
08-12 10:54:41.032 12222 12222 D cellinfo: onCellInfoChanged: LTE Cell Bands: [30] Bandwidth: 2147483647 Cell ID: 95045526 Physical Cell ID: 274 Tracking Area Code: 18688 EARFCN: 9820
08-12 10:54:41.171 12222 12369 D cellinfo: 46 bytes from 54.197.223.49: icmp_seq=1765 ttl=43 time=59.6 ms
08-12 10:54:41.372 12222 12369 D cellinfo: 46 bytes from 54.197.223.49: icmp_seq=1766 ttl=43 time=59.3 ms
08-12 10:54:41.450 12222 12222 D cellinfo: onsignalStrengthsChanged: LTE Signal Strength info: rsrp: -110 rsrq: -14 rssi: -81 rssnr: 0
08-12 10:54:41.582 12222 12369 D cellinfo: 46 bytes from 54.197.223.49: icmp_seq=1767 ttl=43 time=68.3 ms
08-12 10:54:41.781 12222 12369 D cellinfo: 46 bytes from 54.197.223.49: icmp_seq=1768 ttl=43 time=66.1 ms
08-12 10:54:42.061 12222 12369 D cellinfo: 46 bytes from 54.197.223.49: icmp_seq=1769 ttl=43 time=143 ms
08-12 10:54:42.221 12222 12369 D cellinfo: 46 bytes from 54.197.223.49: icmp_seq=1770 ttl=43 time=103 ms
08-12 10:54:42.382 12222 12369 D cellinfo: 46 bytes from 54.197.223.49: icmp_seq=1771 ttl=43 time=65.1 ms
08-12 10:54:42.581 12222 12369 D cellinfo: 46 bytes from 54.197.223.49: icmp_seq=1772 ttl=43 time=63.3 ms
08-12 10:54:42.781 12222 12369 D cellinfo: 46 bytes from 54.197.223.49: icmp_seq=1773 ttl=43 time=62.1 ms
08-12 10:54:42.990 12222 12369 D cellinfo: 46 bytes from 54.197.223.49: icmp_seq=1774 ttl=43 time=69.3 ms
08-12 10:54:43.182 12222 12369 D cellinfo: 46 bytes from 54.197.223.49: icmp_seq=1775 ttl=43 time=61.3 ms
08-12 10:54:43.383 12222 12369 D cellinfo: 46 bytes from 54.197.223.49: icmp_seq=1776 ttl=43 time=59.3 ms
08-12 10:54:43.601 12222 12369 D cellinfo: 46 bytes from 54.197.223.49: icmp_seq=1777 ttl=43 time=75.4 ms
08-12 10:54:43.795 12222 12369 D cellinfo: 46 bytes from 54.197.223.49: icmp_seq=1778 ttl=43 time=68.2 ms
08-12 10:54:43.809 12222 12222 D cellinfo: Latitude is 41.2519699
08-12 10:54:43.809 12222 12222 D cellinfo: Longitude is -95.8212948
08-12 10:54:43.810 12222 12222 D cellinfo: Instantaneous GPS information: United States, 176 Bennett Ave, Council Bluffs, IA 51503, USA
08-12 10:54:43.810 12222 12222 D cellinfo: getCurrentLocation() result: Location (success): 41.2519699, -95.8212948
08-12 10:54:43.980 12222 12222 D cellinfo: onsignalStrengthsChanged: LTE Signal Strength info: rsrp: -111 rsrq: -14 rssi: -79 rssnr: 0
08-12 10:54:43.993 12222 12369 D cellinfo: 46 bytes from 54.197.223.49: icmp_seq=1779 ttl=43 time=65.7 ms
08-12 10:54:44.199 12222 12369 D cellinfo: 46 bytes from 54.197.223.49: icmp_seq=1780 ttl=43 time=72.6 ms
08-12 10:54:44.399 12222 12369 D cellinfo: 46 bytes from 54.197.223.49: icmp_seq=1781 ttl=43 time=71.1 ms
08-12 10:54:44.592 12222 12369 D cellinfo: 46 bytes from 54.197.223.49: icmp_seq=1782 ttl=43 time=62.1 ms
08-12 10:54:44.802 12222 12369 D cellinfo: 46 bytes from 54.197.223.49: icmp_seq=1783 ttl=43 time=71.5 ms
08-12 10:54:44.968 12222 12222 D cellinfo: Latitude is 41.2519699
08-12 10:54:44.968 12222 12222 D cellinfo: Longitude is -95.8212948
08-12 10:54:44.968 12222 12222 D cellinfo: Instantaneous GPS information: United States, 176 Bennett Ave, Council Bluffs, IA 51503, USA
08-12 10:54:44.968 12222 12222 D cellinfo: getCurrentLocation() result: Location (success): 41.2519699, -95.8212948
08-12 10:54:44.990 12222 12369 D cellinfo: 46 bytes from 54.197.223.49: icmp_seq=1784 ttl=43 time=59.0 ms
08-12 10:54:45.029 12222 12222 D cellinfo: onCellInfoChanged: Operator: AT&T UpdateTimestamp: 324357765 CellConnectionStatus: 0
08-12 10:54:45.029 12222 12222 D cellinfo: onCellInfoChanged: LTE Cell Bands: [30] Bandwidth: 2147483647 Cell ID: 95045526 Physical Cell ID: 274 Tracking Area Code: 18688 EARFCN: 9820
08-12 10:54:45.193 12222 12369 D cellinfo: 46 bytes from 54.197.223.49: icmp_seq=1785 ttl=43 time=60.0 ms
08-12 10:54:45.392 12222 12369 D cellinfo: 46 bytes from 54.197.223.49: icmp_seq=1786 ttl=43 time=58.6 ms
08-12 10:54:45.593 12222 12369 D cellinfo: 46 bytes from 54.197.223.49: icmp_seq=1787 ttl=43 time=59.7 ms
08-12 10:54:45.809 12222 12369 D cellinfo: 46 bytes from 54.197.223.49: icmp_seq=1788 ttl=43 time=74.8 ms
08-12 10:54:46.062 12222 12369 D cellinfo: 46 bytes from 54.197.223.49: icmp_seq=1789 ttl=43 time=127 ms
08-12 10:54:46.200 12222 12369 D cellinfo: 46 bytes from 54.197.223.49: icmp_seq=1790 ttl=43 time=66.9 ms
08-12 10:54:46.401 12222 12369 D cellinfo: 46 bytes from 54.197.223.49: icmp_seq=1791 ttl=43 time=67.3 ms
08-12 10:54:46.600 12222 12369 D cellinfo: 46 bytes from 54.197.223.49: icmp_seq=1792 ttl=43 time=66.1 ms
08-12 10:54:46.802 12222 12369 D cellinfo: 46 bytes from 54.197.223.49: icmp_seq=1793 ttl=43 time=66.1 ms
08-12 10:54:47.001 12222 12369 D cellinfo: 46 bytes from 54.197.223.49: icmp_seq=1794 ttl=43 time=65.5 ms
08-12 10:54:47.200 12222 12369 D cellinfo: 46 bytes from 54.197.223.49: icmp_seq=1795 ttl=43 time=65.3 ms
08-12 10:54:47.402 12222 12369 D cellinfo: 46 bytes from 54.197.223.49: icmp_seq=1796 ttl=43 time=64.9 ms
08-12 10:54:47.450 12222 12222 D cellinfo: onsignalStrengthsChanged: LTE Signal Strength info: rsrp: -109 rsrq: -13 rssi: -69 rssnr: 0
08-12 10:54:47.610 12222 12369 D cellinfo: 46 bytes from 54.197.223.49: icmp_seq=1797 ttl=43 time=72.6 ms
08-12 10:54:47.801 12222 12369 D cellinfo: 46 bytes from 54.197.223.49: icmp_seq=1798 ttl=43 time=61.4 ms
08-12 10:54:47.979 12222 12222 D cellinfo: Latitude is 41.2519699
08-12 10:54:47.979 12222 12222 D cellinfo: Longitude is -95.8212948
08-12 10:54:47.980 12222 12222 D cellinfo: Instantaneous GPS information: United States, 176 Bennett Ave, Council Bluffs, IA 51503, USA
08-12 10:54:47.980 12222 12222 D cellinfo: getCurrentLocation() result: Location (success): 41.2519699, -95.8212948
08-12 10:54:48.002 12222 12369 D cellinfo: 46 bytes from 54.197.223.49: icmp_seq=1799 ttl=43 time=62.3 ms
08-12 10:54:48.026 12222 12222 D cellinfo: onCellInfoChanged: Operator: AT&T UpdateTimestamp: 324360761 CellConnectionStatus: 0
08-12 10:54:48.026 12222 12222 D cellinfo: onCellInfoChanged: LTE Cell Bands: [30] Bandwidth: 2147483647 Cell ID: 95045526 Physical Cell ID: 274 Tracking Area Code: 18688 EARFCN: 9820
08-12 10:54:48.203 12222 12369 D cellinfo: 46 bytes from 54.197.223.49: icmp_seq=1800 ttl=43 time=62.6 ms
08-12 10:54:48.401 12222 12369 D cellinfo: 46 bytes from 54.197.223.49: icmp_seq=1801 ttl=43 time=58.7 ms
08-12 10:54:48.458 12222 12222 D cellinfo: onsignalStrengthsChanged: LTE Signal Strength info: rsrp: -109 rsrq: -13 rssi: -75 rssnr: 0
08-12 10:54:48.602 12222 12369 D cellinfo: 46 bytes from 54.197.223.49: icmp_seq=1802 ttl=43 time=59.2 ms
08-12 10:54:48.814 12222 12369 D cellinfo: 46 bytes from 54.197.223.49: icmp_seq=1803 ttl=43 time=68.5 ms
08-12 10:54:49.011 12222 12369 D cellinfo: 46 bytes from 54.197.223.49: icmp_seq=1804 ttl=43 time=66.1 ms
08-12 10:54:49.211 12222 12369 D cellinfo: 46 bytes from 54.197.223.49: icmp_seq=1805 ttl=43 time=67.5 ms
08-12 10:54:49.414 12222 12369 D cellinfo: 46 bytes from 54.197.223.49: icmp_seq=1806 ttl=43 time=69.0 ms
08-12 10:54:49.612 12222 12369 D cellinfo: 46 bytes from 54.197.223.49: icmp_seq=1807 ttl=43 time=64.7 ms
08-12 10:54:49.811 12222 12369 D cellinfo: 46 bytes from 54.197.223.49: icmp_seq=1808 ttl=43 time=64.2 ms
08-12 10:54:50.011 12222 12369 D cellinfo: 46 bytes from 54.197.223.49: icmp_seq=1809 ttl=43 time=63.7 ms
08-12 10:54:50.221 12222 12369 D cellinfo: 46 bytes from 54.197.223.49: icmp_seq=1810 ttl=43 time=71.7 ms
08-12 10:54:50.421 12222 12369 D cellinfo: 46 bytes from 54.197.223.49: icmp_seq=1811 ttl=43 time=71.0 ms
08-12 10:54:50.454 12222 12222 D cellinfo: onsignalStrengthsChanged: LTE Signal Strength info: rsrp: -108 rsrq: -13 rssi: -73 rssnr: 0
08-12 10:54:50.612 12222 12369 D cellinfo: 46 bytes from 54.197.223.49: icmp_seq=1812 ttl=43 time=61.9 ms
08-12 10:54:50.811 12222 12369 D cellinfo: 46 bytes from 54.197.223.49: icmp_seq=1813 ttl=43 time=59.8 ms
08-12 10:54:50.960 12222 12222 D cellinfo: Latitude is 41.2519699
08-12 10:54:50.960 12222 12222 D cellinfo: Longitude is -95.8212948
08-12 10:54:50.960 12222 12222 D cellinfo: Instantaneous GPS information: United States, 176 Bennett Ave, Council Bluffs, IA 51503, USA
08-12 10:54:50.960 12222 12222 D cellinfo: getCurrentLocation() result: Location (success): 41.2519699, -95.8212948
08-12 10:54:51.009 12222 12222 D cellinfo: onCellInfoChanged: Operator: AT&T UpdateTimestamp: 324363743 CellConnectionStatus: 0
08-12 10:54:51.009 12222 12222 D cellinfo: onCellInfoChanged: LTE Cell Bands: [30] Bandwidth: 2147483647 Cell ID: 95045526 Physical Cell ID: 274 Tracking Area Code: 18688 EARFCN: 9820
08-12 10:54:51.021 12222 12369 D cellinfo: 46 bytes from 54.197.223.49: icmp_seq=1814 ttl=43 time=66.9 ms
08-12 10:54:51.224 12222 12369 D cellinfo: 46 bytes from 54.197.223.49: icmp_seq=1815 ttl=43 time=69.7 ms
08-12 10:54:51.424 12222 12369 D cellinfo: 46 bytes from 54.197.223.49: icmp_seq=1816 ttl=43 time=67.6 ms
08-12 10:54:51.621 12222 12369 D cellinfo: 46 bytes from 54.197.223.49: icmp_seq=1817 ttl=43 time=63.2 ms
08-12 10:54:51.823 12222 12369 D cellinfo: 46 bytes from 54.197.223.49: icmp_seq=1818 ttl=43 time=64.4 ms
08-12 10:54:52.023 12222 12369 D cellinfo: 46 bytes from 54.197.223.49: icmp_seq=1819 ttl=43 time=62.7 ms
08-12 10:54:52.225 12222 12369 D cellinfo: 46 bytes from 54.197.223.49: icmp_seq=1820 ttl=43 time=61.0 ms
08-12 10:54:52.421 12222 12369 D cellinfo: 46 bytes from 54.197.223.49: icmp_seq=1821 ttl=43 time=60.7 ms
08-12 10:54:52.630 12222 12369 D cellinfo: 46 bytes from 54.197.223.49: icmp_seq=1822 ttl=43 time=66.7 ms
08-12 10:54:52.832 12222 12369 D cellinfo: 46 bytes from 54.197.223.49: icmp_seq=1823 ttl=43 time=68.4 ms
08-12 10:54:52.942 12222 12222 D cellinfo: onsignalStrengthsChanged: LTE Signal Strength info: rsrp: -106 rsrq: -13 rssi: -69 rssnr: 0
08-12 10:54:53.039 12222 12369 D cellinfo: 46 bytes from 54.197.223.49: icmp_seq=1824 ttl=43 time=73.9 ms
08-12 10:54:53.232 12222 12369 D cellinfo: 46 bytes from 54.197.223.49: icmp_seq=1825 ttl=43 time=66.4 ms
08-12 10:54:53.433 12222 12369 D cellinfo: 46 bytes from 54.197.223.49: icmp_seq=1826 ttl=43 time=64.6 ms
08-12 10:54:53.632 12222 12369 D cellinfo: 46 bytes from 54.197.223.49: icmp_seq=1827 ttl=43 time=63.3 ms
08-12 10:54:53.832 12222 12369 D cellinfo: 46 bytes from 54.197.223.49: icmp_seq=1828 ttl=43 time=61.5 ms
08-12 10:54:53.996 12222 12222 D cellinfo: onCellInfoChanged: Operator: AT&T UpdateTimestamp: 324366734 CellConnectionStatus: 0
08-12 10:54:53.996 12222 12222 D cellinfo: onCellInfoChanged: LTE Cell Bands: [30] Bandwidth: 2147483647 Cell ID: 95045526 Physical Cell ID: 274 Tracking Area Code: 18688 EARFCN: 9820
08-12 10:54:54.033 12222 12369 D cellinfo: 46 bytes from 54.197.223.49: icmp_seq=1829 ttl=43 time=61.1 ms
08-12 10:54:54.232 12222 12369 D cellinfo: 46 bytes from 54.197.223.49: icmp_seq=1830 ttl=43 time=60.6 ms
08-12 10:54:54.460 12222 12369 D cellinfo: 46 bytes from 54.197.223.49: icmp_seq=1831 ttl=43 time=88.6 ms
08-12 10:54:54.640 12222 12369 D cellinfo: 46 bytes from 54.197.223.49: icmp_seq=1832 ttl=43 time=67.3 ms
08-12 10:54:54.850 12222 12369 D cellinfo: 46 bytes from 54.197.223.49: icmp_seq=1833 ttl=43 time=74.6 ms
08-12 10:54:55.040 12222 12369 D cellinfo: 46 bytes from 54.197.223.49: icmp_seq=1834 ttl=43 time=65.1 ms
