08-12 16:11:45.032 30878 30878 D cellinfo: onCellInfoChanged: LTE Cell Bands: [12] Bandwidth: 2147483647 Cell ID: 74650895 Physical Cell ID: 162 Tracking Area Code: 18436 EARFCN: 5145
08-12 16:11:45.041 30878 31314 D cellinfo: 46 bytes from 54.197.223.49: icmp_seq=1216 ttl=43 time=209 ms
08-12 16:11:45.122 30878 31314 D cellinfo: 46 bytes from 54.197.223.49: icmp_seq=1217 ttl=43 time=80.3 ms
08-12 16:11:45.323 30878 31314 D cellinfo: 46 bytes from 54.197.223.49: icmp_seq=1218 ttl=43 time=81.6 ms
08-12 16:11:45.564 30878 31314 D cellinfo: 46 bytes from 54.197.223.49: icmp_seq=1219 ttl=43 time=120 ms
08-12 16:11:45.730 30878 31314 D cellinfo: 46 bytes from 54.197.223.49: icmp_seq=1220 ttl=43 time=86.2 ms
08-12 16:11:45.827 30878 30878 D cellinfo: onsignalStrengthsChanged: LTE Signal Strength info: rsrp: -95 rsrq: -18 rssi: -63 rssnr: -2
08-12 16:11:45.924 30878 31314 D cellinfo: 46 bytes from 54.197.223.49: icmp_seq=1221 ttl=43 time=80.4 ms
08-12 16:11:46.123 30878 31314 D cellinfo: 46 bytes from 54.197.223.49: icmp_seq=1222 ttl=43 time=78.7 ms
08-12 16:11:46.321 30878 31314 D cellinfo: 46 bytes from 54.197.223.49: icmp_seq=1223 ttl=43 time=77.1 ms
08-12 16:11:46.522 30878 31314 D cellinfo: 46 bytes from 54.197.223.49: icmp_seq=1224 ttl=43 time=76.6 ms
08-12 16:11:46.721 30878 31314 D cellinfo: 46 bytes from 54.197.223.49: icmp_seq=1225 ttl=43 time=75.4 ms
08-12 16:11:46.922 30878 31314 D cellinfo: 46 bytes from 54.197.223.49: icmp_seq=1226 ttl=43 time=75.1 ms
08-12 16:11:47.124 30878 31314 D cellinfo: 46 bytes from 54.197.223.49: icmp_seq=1227 ttl=43 time=76.9 ms
08-12 16:11:47.324 30878 31314 D cellinfo: 46 bytes from 54.197.223.49: icmp_seq=1228 ttl=43 time=75.2 ms
08-12 16:11:47.523 30878 31314 D cellinfo: 46 bytes from 54.197.223.49: icmp_seq=1229 ttl=43 time=74.4 ms
08-12 16:11:47.721 30878 31314 D cellinfo: 46 bytes from 54.197.223.49: icmp_seq=1230 ttl=43 time=69.3 ms
08-12 16:11:47.923 30878 31314 D cellinfo: 46 bytes from 54.197.223.49: icmp_seq=1231 ttl=43 time=71.4 ms
08-12 16:11:48.023 30878 30878 D cellinfo: onCellInfoChanged: Operator: AT&T UpdateTimestamp: 343380757 CellConnectionStatus: 0
08-12 16:11:48.023 30878 30878 D cellinfo: onCellInfoChanged: LTE Cell Bands: [12] Bandwidth: 2147483647 Cell ID: 74650895 Physical Cell ID: 162 Tracking Area Code: 18436 EARFCN: 5145
08-12 16:11:48.132 30878 31314 D cellinfo: 46 bytes from 54.197.223.49: icmp_seq=1232 ttl=43 time=77.2 ms
08-12 16:11:48.371 30878 31314 D cellinfo: 46 bytes from 54.197.223.49: icmp_seq=1233 ttl=43 time=115 ms
08-12 16:11:48.532 30878 31314 D cellinfo: 46 bytes from 54.197.223.49: icmp_seq=1234 ttl=43 time=76.0 ms
08-12 16:11:48.802 30878 31314 D cellinfo: 46 bytes from 54.197.223.49: icmp_seq=1235 ttl=43 time=145 ms
08-12 16:11:49.002 30878 31314 D cellinfo: 46 bytes from 54.197.223.49: icmp_seq=1236 ttl=43 time=144 ms
08-12 16:11:49.123 30878 31314 D cellinfo: 46 bytes from 54.197.223.49: icmp_seq=1237 ttl=43 time=67.1 ms
08-12 16:11:49.405 30878 31314 D cellinfo: 46 bytes from 54.197.223.49: icmp_seq=1238 ttl=43 time=148 ms
08-12 16:11:49.523 30878 31314 D cellinfo: 46 bytes from 54.197.223.49: icmp_seq=1239 ttl=43 time=65.5 ms
08-12 16:11:49.841 30878 31314 D cellinfo: 46 bytes from 54.197.223.49: icmp_seq=1240 ttl=43 time=182 ms
08-12 16:11:50.002 30878 31314 D cellinfo: 46 bytes from 54.197.223.49: icmp_seq=1241 ttl=43 time=143 ms
08-12 16:11:50.215 30878 31314 D cellinfo: 46 bytes from 54.197.223.49: icmp_seq=1242 ttl=43 time=156 ms
08-12 16:11:50.248 30878 30878 D cellinfo: onsignalStrengthsChanged: LTE Signal Strength info: rsrp: -95 rsrq: -18 rssi: -77 rssnr: -1
08-12 16:11:50.264 30878 30878 D cellinfo: onCellInfoChanged: Operator: AT&T UpdateTimestamp: 343382998 CellConnectionStatus: 0
08-12 16:11:50.264 30878 30878 D cellinfo: onCellInfoChanged: LTE Cell Bands: [12] Bandwidth: 2147483647 Cell ID: 74763023 Physical Cell ID: 309 Tracking Area Code: 18436 EARFCN: 5145
08-12 16:11:50.287 30878 30878 D cellinfo: onServiceStateChanged: Channel Number: 5145 Cell Bandwidths: []
08-12 16:11:50.327 30878 31314 D cellinfo: 46 bytes from 54.197.223.49: icmp_seq=1243 ttl=43 time=69.3 ms
08-12 16:11:50.521 30878 31314 D cellinfo: 46 bytes from 54.197.223.49: icmp_seq=1244 ttl=43 time=61.6 ms
08-12 16:11:50.827 30878 31314 D cellinfo: 46 bytes from 54.197.223.49: icmp_seq=1245 ttl=43 time=167 ms
08-12 16:11:50.920 30878 31314 D cellinfo: 46 bytes from 54.197.223.49: icmp_seq=1246 ttl=43 time=59.4 ms
08-12 16:11:51.129 30878 31314 D cellinfo: 46 bytes from 54.197.223.49: icmp_seq=1247 ttl=43 time=66.2 ms
08-12 16:11:51.322 30878 31314 D cellinfo: 46 bytes from 54.197.223.49: icmp_seq=1248 ttl=43 time=57.3 ms
08-12 16:11:51.525 30878 31314 D cellinfo: 46 bytes from 54.197.223.49: icmp_seq=1249 ttl=43 time=58.5 ms
08-12 16:11:51.539 30878 30878 D cellinfo: Latitude is 41.5684238
08-12 16:11:51.539 30878 30878 D cellinfo: Longitude is -93.8522492
08-12 16:11:51.539 30878 30878 D cellinfo: Instantaneous GPS information: United States, 33011 Wendover Rd, Waukee, IA 50263, USA
08-12 16:11:51.539 30878 30878 D cellinfo: getCurrentLocation() result: Location (success): 41.5684238, -93.8522492
08-12 16:11:51.542 30878 30878 D cellinfo: onsignalStrengthsChanged: LTE Signal Strength info: rsrp: -95 rsrq: -17 rssi: -65 rssnr: 0
08-12 16:11:51.560 30878 30878 D cellinfo: Latitude is 41.5684238
08-12 16:11:51.560 30878 30878 D cellinfo: Longitude is -93.8522492
08-12 16:11:51.560 30878 30878 D cellinfo: Instantaneous GPS information: United States, 33011 Wendover Rd, Waukee, IA 50263, USA
08-12 16:11:51.560 30878 30878 D cellinfo: getCurrentLocation() result: Location (success): 41.5684238, -93.8522492
08-12 16:11:51.731 30878 31314 D cellinfo: 46 bytes from 54.197.223.49: icmp_seq=1250 ttl=43 time=62.8 ms
08-12 16:11:51.931 30878 31314 D cellinfo: 46 bytes from 54.197.223.49: icmp_seq=1251 ttl=43 time=61.9 ms
08-12 16:11:52.130 30878 31314 D cellinfo: 46 bytes from 54.197.223.49: icmp_seq=1252 ttl=43 time=60.8 ms
08-12 16:11:52.338 30878 31314 D cellinfo: 46 bytes from 54.197.223.49: icmp_seq=1253 ttl=43 time=68.2 ms
08-12 16:11:52.538 30878 31314 D cellinfo: 46 bytes from 54.197.223.49: icmp_seq=1254 ttl=43 time=67.1 ms
08-12 16:11:52.739 30878 31314 D cellinfo: 46 bytes from 54.197.223.49: icmp_seq=1255 ttl=43 time=66.6 ms
08-12 16:11:52.931 30878 31314 D cellinfo: 46 bytes from 54.197.223.49: icmp_seq=1256 ttl=43 time=57.7 ms
08-12 16:11:53.043 30878 30878 D cellinfo: onCellInfoChanged: Operator: AT&T UpdateTimestamp: 343385775 CellConnectionStatus: 0
08-12 16:11:53.044 30878 30878 D cellinfo: onCellInfoChanged: LTE Cell Bands: [12] Bandwidth: 2147483647 Cell ID: 74763023 Physical Cell ID: 309 Tracking Area Code: 18436 EARFCN: 5145
08-12 16:11:53.130 30878 31314 D cellinfo: 46 bytes from 54.197.223.49: icmp_seq=1257 ttl=43 time=57.0 ms
08-12 16:11:53.375 30878 31314 D cellinfo: 46 bytes from 54.197.223.49: icmp_seq=1258 ttl=43 time=100 ms
08-12 16:11:53.576 30878 31314 D cellinfo: 46 bytes from 54.197.223.49: icmp_seq=1259 ttl=43 time=100 ms
08-12 16:11:53.783 30878 31314 D cellinfo: 46 bytes from 54.197.223.49: icmp_seq=1260 ttl=43 time=107 ms
08-12 16:11:53.974 30878 31314 D cellinfo: 46 bytes from 54.197.223.49: icmp_seq=1261 ttl=43 time=97.3 ms
08-12 16:11:53.980 30878 30878 D cellinfo: Latitude is 41.5684238
08-12 16:11:53.980 30878 30878 D cellinfo: Longitude is -93.8522492
08-12 16:11:53.980 30878 30878 D cellinfo: Instantaneous GPS information: United States, 33011 Wendover Rd, Waukee, IA 50263, USA
08-12 16:11:53.980 30878 30878 D cellinfo: getCurrentLocation() result: Location (success): 41.5684238, -93.8522492
08-12 16:11:54.174 30878 31314 D cellinfo: 46 bytes from 54.197.223.49: icmp_seq=1262 ttl=43 time=94.9 ms
08-12 16:11:54.375 30878 31314 D cellinfo: 46 bytes from 54.197.223.49: icmp_seq=1263 ttl=43 time=95.4 ms
08-12 16:11:54.439 30878 30878 D cellinfo: onsignalStrengthsChanged: LTE Signal Strength info: rsrp: -95 rsrq: -17 rssi: -63 rssnr: 0
08-12 16:11:54.574 30878 31314 D cellinfo: 46 bytes from 54.197.223.49: icmp_seq=1264 ttl=43 time=93.8 ms
08-12 16:11:54.774 30878 31314 D cellinfo: 46 bytes from 54.197.223.49: icmp_seq=1265 ttl=43 time=92.6 ms
08-12 16:11:54.974 30878 31314 D cellinfo: 46 bytes from 54.197.223.49: icmp_seq=1266 ttl=43 time=91.8 ms
08-12 16:11:55.174 30878 31314 D cellinfo: 46 bytes from 54.197.223.49: icmp_seq=1267 ttl=43 time=91.8 ms
08-12 16:11:55.374 30878 31314 D cellinfo: 46 bytes from 54.197.223.49: icmp_seq=1268 ttl=43 time=90.9 ms
08-12 16:11:55.575 30878 31314 D cellinfo: 46 bytes from 54.197.223.49: icmp_seq=1269 ttl=43 time=90.7 ms
08-12 16:11:55.782 30878 31314 D cellinfo: 46 bytes from 54.197.223.49: icmp_seq=1270 ttl=43 time=97.1 ms
08-12 16:11:55.980 30878 31314 D cellinfo: 46 bytes from 54.197.223.49: icmp_seq=1271 ttl=43 time=93.4 ms
08-12 16:11:56.174 30878 31314 D cellinfo: 46 bytes from 54.197.223.49: icmp_seq=1272 ttl=43 time=87.5 ms
08-12 16:11:56.376 30878 31314 D cellinfo: 46 bytes from 54.197.223.49: icmp_seq=1273 ttl=43 time=87.3 ms
08-12 16:11:56.575 30878 31314 D cellinfo: 46 bytes from 54.197.223.49: icmp_seq=1274 ttl=43 time=85.5 ms
08-12 16:11:56.776 30878 31314 D cellinfo: 46 bytes from 54.197.223.49: icmp_seq=1275 ttl=43 time=85.5 ms
08-12 16:11:56.977 30878 30878 D cellinfo: Latitude is 41.5684238
08-12 16:11:56.977 30878 30878 D cellinfo: Longitude is -93.8522492
08-12 16:11:56.977 30878 30878 D cellinfo: Instantaneous GPS information: United States, 33011 Wendover Rd, Waukee, IA 50263, USA
08-12 16:11:56.977 30878 30878 D cellinfo: getCurrentLocation() result: Location (success): 41.5684238, -93.8522492
08-12 16:11:57.016 30878 31314 D cellinfo: 46 bytes from 54.197.223.49: icmp_seq=1276 ttl=43 time=124 ms
08-12 16:11:57.030 30878 30878 D cellinfo: onsignalStrengthsChanged: LTE Signal Strength info: rsrp: -96 rsrq: -17 rssi: -67 rssnr: 1
08-12 16:11:57.046 30878 30878 D cellinfo: onCellInfoChanged: Operator: AT&T UpdateTimestamp: 343389780 CellConnectionStatus: 0
08-12 16:11:57.046 30878 30878 D cellinfo: onCellInfoChanged: LTE Cell Bands: [12] Bandwidth: 2147483647 Cell ID: 74763023 Physical Cell ID: 309 Tracking Area Code: 18436 EARFCN: 5145
08-12 16:11:57.174 30878 31314 D cellinfo: 46 bytes from 54.197.223.49: icmp_seq=1277 ttl=43 time=84.0 ms
08-12 16:11:57.374 30878 31314 D cellinfo: 46 bytes from 54.197.223.49: icmp_seq=1278 ttl=43 time=83.4 ms
08-12 16:11:57.574 30878 31314 D cellinfo: 46 bytes from 54.197.223.49: icmp_seq=1279 ttl=43 time=82.8 ms
08-12 16:11:57.777 30878 31314 D cellinfo: 46 bytes from 54.197.223.49: icmp_seq=1280 ttl=43 time=82.9 ms
08-12 16:11:58.214 30878 31314 D cellinfo: 46 bytes from 54.197.223.49: icmp_seq=1281 ttl=43 time=320 ms
08-12 16:11:58.534 30878 31314 D cellinfo: 46 bytes from 54.197.223.49: icmp_seq=1282 ttl=43 time=433 ms
08-12 16:11:58.535 30878 31314 D cellinfo: 46 bytes from 54.197.223.49: icmp_seq=1283 ttl=43 time=232 ms
08-12 16:11:58.941 30878 31314 D cellinfo: 46 bytes from 54.197.223.49: icmp_seq=1284 ttl=43 time=430 ms
08-12 16:11:59.143 30878 31314 D cellinfo: 46 bytes from 54.197.223.49: icmp_seq=1285 ttl=43 time=430 ms
08-12 16:11:59.455 30878 31314 D cellinfo: 46 bytes from 54.197.223.49: icmp_seq=1286 ttl=43 time=531 ms
08-12 16:11:59.493 30878 31314 D cellinfo: 46 bytes from 54.197.223.49: icmp_seq=1287 ttl=43 time=370 ms
08-12 16:11:59.575 30878 31314 D cellinfo: 46 bytes from 54.197.223.49: icmp_seq=1288 ttl=43 time=248 ms
08-12 16:11:59.616 30878 31314 D cellinfo: 46 bytes from 54.197.223.49: icmp_seq=1289 ttl=43 time=89.2 ms
08-12 16:11:59.814 30878 31314 D cellinfo: 46 bytes from 54.197.223.49: icmp_seq=1290 ttl=43 time=86.6 ms
08-12 16:11:59.982 30878 30878 D cellinfo: Latitude is 41.5684238
08-12 16:11:59.982 30878 30878 D cellinfo: Longitude is -93.8522492
08-12 16:11:59.982 30878 30878 D cellinfo: Instantaneous GPS information: United States, 33011 Wendover Rd, Waukee, IA 50263, USA
08-12 16:11:59.982 30878 30878 D cellinfo: getCurrentLocation() result: Location (success): 41.5684238, -93.8522492
08-12 16:12:00.014 30878 31314 D cellinfo: 46 bytes from 54.197.223.49: icmp_seq=1291 ttl=43 time=85.2 ms
08-12 16:12:00.026 30878 30878 D cellinfo: onCellInfoChanged: Operator: AT&T UpdateTimestamp: 343392754 CellConnectionStatus: 0
08-12 16:12:00.026 30878 30878 D cellinfo: onCellInfoChanged: LTE Cell Bands: [12] Bandwidth: 2147483647 Cell ID: 74763023 Physical Cell ID: 309 Tracking Area Code: 18436 EARFCN: 5145
08-12 16:12:00.215 30878 31314 D cellinfo: 46 bytes from 54.197.223.49: icmp_seq=1292 ttl=43 time=86.3 ms
08-12 16:12:00.414 30878 31314 D cellinfo: 46 bytes from 54.197.223.49: icmp_seq=1293 ttl=43 time=84.5 ms
08-12 16:12:00.615 30878 31314 D cellinfo: 46 bytes from 54.197.223.49: icmp_seq=1294 ttl=43 time=84.4 ms
08-12 16:12:00.815 30878 31314 D cellinfo: 46 bytes from 54.197.223.49: icmp_seq=1295 ttl=43 time=82.7 ms
08-12 16:12:01.015 30878 31314 D cellinfo: 46 bytes from 54.197.223.49: icmp_seq=1296 ttl=43 time=82.5 ms
08-12 16:12:01.221 30878 31314 D cellinfo: 46 bytes from 54.197.223.49: icmp_seq=1297 ttl=43 time=86.6 ms
08-12 16:12:01.423 30878 31314 D cellinfo: 46 bytes from 54.197.223.49: icmp_seq=1298 ttl=43 time=88.9 ms
08-12 16:12:01.624 30878 31314 D cellinfo: 46 bytes from 54.197.223.49: icmp_seq=1299 ttl=43 time=89.8 ms
08-12 16:12:02.176 30878 31314 D cellinfo: 46 bytes from 54.197.223.49: icmp_seq=1300 ttl=43 time=441 ms
08-12 16:12:02.536 30878 31314 D cellinfo: 46 bytes from 54.197.223.49: icmp_seq=1301 ttl=43 time=593 ms
08-12 16:12:02.658 30878 31314 D cellinfo: 46 bytes from 54.197.223.49: icmp_seq=1302 ttl=43 time=505 ms
08-12 16:12:02.658 30878 31314 D cellinfo: 46 bytes from 54.197.223.49: icmp_seq=1303 ttl=43 time=304 ms
08-12 16:12:03.025 30878 30878 D cellinfo: onCellInfoChanged: Operator: AT&T UpdateTimestamp: 343395761 CellConnectionStatus: 0
08-12 16:12:03.025 30878 30878 D cellinfo: onCellInfoChanged: LTE Cell Bands: [12] Bandwidth: 2147483647 Cell ID: 74763023 Physical Cell ID: 309 Tracking Area Code: 18436 EARFCN: 5145
08-12 16:12:03.055 30878 31314 D cellinfo: 46 bytes from 54.197.223.49: icmp_seq=1304 ttl=43 time=501 ms
08-12 16:12:03.343 30878 31314 D cellinfo: 46 bytes from 54.197.223.49: icmp_seq=1305 ttl=43 time=588 ms
08-12 16:12:03.442 30878 30878 D cellinfo: onsignalStrengthsChanged: LTE Signal Strength info: rsrp: -98 rsrq: -18 rssi: -71 rssnr: 0
08-12 16:12:03.659 30878 31314 D cellinfo: 46 bytes from 54.197.223.49: icmp_seq=1306 ttl=43 time=696 ms
08-12 16:12:03.660 30878 31314 D cellinfo: 46 bytes from 54.197.223.49: icmp_seq=1307 ttl=43 time=498 ms
08-12 16:12:03.743 30878 30878 D cellinfo: onsignalStrengthsChanged: LTE Signal Strength info: rsrp: -99 rsrq: -18 rssi: -71 rssnr: 0
08-12 16:12:04.018 30878 31314 D cellinfo: 46 bytes from 54.197.223.49: icmp_seq=1308 ttl=43 time=653 ms
08-12 16:12:04.375 30878 31314 D cellinfo: 46 bytes from 54.197.223.49: icmp_seq=1309 ttl=43 time=800 ms
08-12 16:12:04.419 30878 31314 D cellinfo: 46 bytes from 54.197.223.49: icmp_seq=1310 ttl=43 time=641 ms
08-12 16:12:04.700 30878 31314 D cellinfo: 46 bytes from 54.197.223.49: icmp_seq=1311 ttl=43 time=713 ms
08-12 16:12:04.776 30878 31314 D cellinfo: 46 bytes from 54.197.223.49: icmp_seq=1312 ttl=43 time=588 ms
08-12 16:12:04.895 30878 31314 D cellinfo: 46 bytes from 54.197.223.49: icmp_seq=1313 ttl=43 time=507 ms
08-12 16:12:04.895 30878 31314 D cellinfo: 46 bytes from 54.197.223.49: icmp_seq=1314 ttl=43 time=304 ms
08-12 16:12:05.256 30878 31314 D cellinfo: 46 bytes from 54.197.223.49: icmp_seq=1315 ttl=43 time=463 ms
08-12 16:12:05.256 30878 31314 D cellinfo: 46 bytes from 54.197.223.49: icmp_seq=1316 ttl=43 time=261 ms
08-12 16:12:05.615 30878 31314 D cellinfo: 46 bytes from 54.197.223.49: icmp_seq=1317 ttl=43 time=412 ms
08-12 16:12:05.776 30878 31314 D cellinfo: 46 bytes from 54.197.223.49: icmp_seq=1318 ttl=43 time=369 ms
08-12 16:12:05.987 30878 31314 D cellinfo: 46 bytes from 54.197.223.49: icmp_seq=1319 ttl=43 time=371 ms
08-12 16:12:05.987 30878 31314 D cellinfo: 46 bytes from 54.197.223.49: icmp_seq=1320 ttl=43 time=170 ms
08-12 16:12:06.094 30878 31314 D cellinfo: 46 bytes from 54.197.223.49: icmp_seq=1321 ttl=43 time=76.5 ms
08-12 16:12:06.424 30878 31314 D cellinfo: 46 bytes from 54.197.223.49: icmp_seq=1322 ttl=43 time=204 ms
08-12 16:12:07.820 30878 30878 D cellinfo: Latitude is 41.5702033
08-12 16:12:07.820 30878 30878 D cellinfo: Longitude is -93.8504804
08-12 16:12:07.820 30878 30878 D cellinfo: Instantaneous GPS information: United States, I-80, Waukee, IA 50263, USA
08-12 16:12:07.820 30878 30878 D cellinfo: getCurrentLocation() result: Location (success): 41.5702033, -93.8504804
08-12 16:12:07.822 30878 30878 D cellinfo: onsignalStrengthsChanged: LTE Signal Strength info: rsrp: -100 rsrq: -19 rssi: -67 rssnr: -1
08-12 16:12:07.822 30878 30878 D cellinfo: onCellInfoChanged: Operator: AT&T UpdateTimestamp: 343398753 CellConnectionStatus: 0
08-12 16:12:07.823 30878 30878 D cellinfo: onCellInfoChanged: LTE Cell Bands: [12] Bandwidth: 2147483647 Cell ID: 74763023 Physical Cell ID: 309 Tracking Area Code: 18436 EARFCN: 5145
08-12 16:12:07.823 30878 30878 D cellinfo: onsignalStrengthsChanged: LTE Signal Strength info: rsrp: -101 rsrq: -19 rssi: -71 rssnr: -1
08-12 16:12:07.836 30878 30878 D cellinfo: Latitude is 41.5702033
08-12 16:12:07.836 30878 30878 D cellinfo: Longitude is -93.8504804
08-12 16:12:07.836 30878 30878 D cellinfo: Instantaneous GPS information: United States, I-80, Waukee, IA 50263, USA
08-12 16:12:07.836 30878 30878 D cellinfo: getCurrentLocation() result: Location (success): 41.5702033, -93.8504804
08-12 16:12:07.895 30878 31314 D cellinfo: 46 bytes from 54.197.223.49: icmp_seq=1323 ttl=43 time=1474 ms
08-12 16:12:08.223 30878 30878 D cellinfo: onsignalStrengthsChanged: LTE Signal Strength info: rsrp: -102 rsrq: -19 rssi: -69 rssnr: -2
08-12 16:12:08.271 30878 31314 D cellinfo: 46 bytes from 54.197.223.49: icmp_seq=1324 ttl=43 time=1650 ms
08-12 16:12:08.614 30878 31314 D cellinfo: 46 bytes from 54.197.223.49: icmp_seq=1325 ttl=43 time=1783 ms
08-12 16:12:08.972 30878 30878 D cellinfo: Latitude is 41.5702033
08-12 16:12:08.972 30878 30878 D cellinfo: Longitude is -93.8504804
08-12 16:12:08.972 30878 30878 D cellinfo: Instantaneous GPS information: United States, I-80, Waukee, IA 50263, USA
08-12 16:12:08.972 30878 30878 D cellinfo: getCurrentLocation() result: Location (success): 41.5702033, -93.8504804
08-12 16:12:09.007 30878 30878 D cellinfo: onCellInfoChanged: Operator: AT&T UpdateTimestamp: 343401746 CellConnectionStatus: 0
08-12 16:12:09.007 30878 30878 D cellinfo: onCellInfoChanged: LTE Cell Bands: [12] Bandwidth: 2147483647 Cell ID: 74763023 Physical Cell ID: 309 Tracking Area Code: 18436 EARFCN: 5145
08-12 16:12:09.443 30878 30878 D cellinfo: onsignalStrengthsChanged: LTE Signal Strength info: rsrp: -103 rsrq: -19 rssi: -73 rssnr: -3
08-12 16:12:10.463 30878 30878 D cellinfo: onsignalStrengthsChanged: LTE Signal Strength info: rsrp: -104 rsrq: -19 rssi: -67 rssnr: -4
08-12 16:12:11.871 30878 30878 D cellinfo: onsignalStrengthsChanged: LTE Signal Strength info: rsrp: -105 rsrq: -16 rssi: -77 rssnr: -2
08-12 16:12:11.883 30878 31314 D cellinfo: 46 bytes from 54.197.223.49: icmp_seq=1343 ttl=43 time=1365 ms
08-12 16:12:11.883 30878 31314 D cellinfo: 46 bytes from 54.197.223.49: icmp_seq=1344 ttl=43 time=1156 ms
08-12 16:12:11.883 30878 31314 D cellinfo: 46 bytes from 54.197.223.49: icmp_seq=1345 ttl=43 time=949 ms
08-12 16:12:11.884 30878 31314 D cellinfo: 46 bytes from 54.197.223.49: icmp_seq=1346 ttl=43 time=741 ms
08-12 16:12:11.910 30878 30878 D cellinfo: onServiceStateChanged: Channel Number: 67086 Cell Bandwidths: []
08-12 16:12:11.913 30878 31314 D cellinfo: 46 bytes from 54.197.223.49: icmp_seq=1347 ttl=43 time=564 ms
08-12 16:12:11.913 30878 31314 D cellinfo: 46 bytes from 54.197.223.49: icmp_seq=1348 ttl=43 time=355 ms
08-12 16:12:11.914 30878 31314 D cellinfo: 46 bytes from 54.197.223.49: icmp_seq=1349 ttl=43 time=148 ms
08-12 16:12:11.926 30878 30878 D cellinfo: onCellInfoChanged: Operator: AT&T UpdateTimestamp: 343404616 CellConnectionStatus: 0
08-12 16:12:11.927 30878 30878 D cellinfo: onCellInfoChanged: LTE Cell Bands: [66] Bandwidth: 2147483647 Cell ID: 74650902 Physical Cell ID: 351 Tracking Area Code: 18436 EARFCN: 67086
08-12 16:12:11.963 30878 30878 D cellinfo: Latitude is 41.5702033
08-12 16:12:11.963 30878 30878 D cellinfo: Longitude is -93.8504804
08-12 16:12:11.963 30878 30878 D cellinfo: Instantaneous GPS information: United States, I-80, Waukee, IA 50263, USA
08-12 16:12:11.963 30878 30878 D cellinfo: getCurrentLocation() result: Location (success): 41.5702033, -93.8504804
08-12 16:12:12.022 30878 31314 D cellinfo: 46 bytes from 54.197.223.49: icmp_seq=1350 ttl=43 time=57.9 ms
08-12 16:12:12.213 30878 30878 D cellinfo: onCellInfoChanged: Operator: AT&T UpdateTimestamp: 343404946 CellConnectionStatus: 0
08-12 16:12:12.213 30878 30878 D cellinfo: onCellInfoChanged: LTE Cell Bands: [66] Bandwidth: 2147483647 Cell ID: 74650902 Physical Cell ID: 351 Tracking Area Code: 18436 EARFCN: 67086
08-12 16:12:12.231 30878 31314 D cellinfo: 46 bytes from 54.197.223.49: icmp_seq=1351 ttl=43 time=66.6 ms
08-12 16:12:12.432 30878 31314 D cellinfo: 46 bytes from 54.197.223.49: icmp_seq=1352 ttl=43 time=66.7 ms
08-12 16:12:12.444 30878 30878 D cellinfo: onsignalStrengthsChanged: LTE Signal Strength info: rsrp: -105 rsrq: -15 rssi: -71 rssnr: -1
08-12 16:12:12.624 30878 31314 D cellinfo: 46 bytes from 54.197.223.49: icmp_seq=1353 ttl=43 time=57.8 ms
08-12 16:12:12.704 30878 30878 D cellinfo: onsignalStrengthsChanged: LTE Signal Strength info: rsrp: -104 rsrq: -14 rssi: -71 rssnr: 0
08-12 16:12:12.823 30878 31314 D cellinfo: 46 bytes from 54.197.223.49: icmp_seq=1354 ttl=43 time=56.4 ms
08-12 16:12:13.024 30878 31314 D cellinfo: 46 bytes from 54.197.223.49: icmp_seq=1355 ttl=43 time=56.5 ms
08-12 16:12:13.224 30878 31314 D cellinfo: 46 bytes from 54.197.223.49: icmp_seq=1356 ttl=43 time=57.2 ms
08-12 16:12:13.433 30878 31314 D cellinfo: 46 bytes from 54.197.223.49: icmp_seq=1357 ttl=43 time=64.6 ms
08-12 16:12:13.632 30878 31314 D cellinfo: 46 bytes from 54.197.223.49: icmp_seq=1358 ttl=43 time=64.2 ms
08-12 16:12:13.825 30878 31314 D cellinfo: 46 bytes from 54.197.223.49: icmp_seq=1359 ttl=43 time=55.2 ms
08-12 16:12:14.033 30878 31314 D cellinfo: 46 bytes from 54.197.223.49: icmp_seq=1360 ttl=43 time=64.0 ms
08-12 16:12:14.233 30878 31314 D cellinfo: 46 bytes from 54.197.223.49: icmp_seq=1361 ttl=43 time=64.2 ms
08-12 16:12:14.441 30878 31314 D cellinfo: 46 bytes from 54.197.223.49: icmp_seq=1362 ttl=43 time=71.3 ms
08-12 16:12:14.648 30878 31314 D cellinfo: 46 bytes from 54.197.223.49: icmp_seq=1363 ttl=43 time=76.0 ms
08-12 16:12:14.842 30878 31314 D cellinfo: 46 bytes from 54.197.223.49: icmp_seq=1364 ttl=43 time=71.2 ms
08-12 16:12:14.942 30878 30878 D cellinfo: onsignalStrengthsChanged: LTE Signal Strength info: rsrp: -104 rsrq: -14 rssi: -67 rssnr: 0
08-12 16:12:14.969 30878 30878 D cellinfo: Latitude is 41.5702033
08-12 16:12:14.969 30878 30878 D cellinfo: Longitude is -93.8504804
08-12 16:12:14.969 30878 30878 D cellinfo: Instantaneous GPS information: United States, I-80, Waukee, IA 50263, USA
08-12 16:12:14.969 30878 30878 D cellinfo: getCurrentLocation() result: Location (success): 41.5702033, -93.8504804
08-12 16:12:15.035 30878 30878 D cellinfo: onCellInfoChanged: Operator: AT&T UpdateTimestamp: 343407771 CellConnectionStatus: 0
08-12 16:12:15.035 30878 30878 D cellinfo: onCellInfoChanged: LTE Cell Bands: [66] Bandwidth: 2147483647 Cell ID: 74650902 Physical Cell ID: 351 Tracking Area Code: 18436 EARFCN: 67086
08-12 16:12:15.043 30878 31314 D cellinfo: 46 bytes from 54.197.223.49: icmp_seq=1365 ttl=43 time=71.2 ms
08-12 16:12:15.233 30878 31314 D cellinfo: 46 bytes from 54.197.223.49: icmp_seq=1366 ttl=43 time=60.7 ms
08-12 16:12:15.433 30878 31314 D cellinfo: 46 bytes from 54.197.223.49: icmp_seq=1367 ttl=43 time=60.2 ms
08-12 16:12:15.440 30878 30878 D cellinfo: onsignalStrengthsChanged: LTE Signal Strength info: rsrp: -105 rsrq: -13 rssi: -81 rssnr: 1
08-12 16:12:15.644 30878 31314 D cellinfo: 46 bytes from 54.197.223.49: icmp_seq=1368 ttl=43 time=70.4 ms
08-12 16:12:15.833 30878 31314 D cellinfo: 46 bytes from 54.197.223.49: icmp_seq=1369 ttl=43 time=58.1 ms
08-12 16:12:16.043 30878 31314 D cellinfo: 46 bytes from 54.197.223.49: icmp_seq=1370 ttl=43 time=67.0 ms
08-12 16:12:16.242 30878 31314 D cellinfo: 46 bytes from 54.197.223.49: icmp_seq=1371 ttl=43 time=66.8 ms
08-12 16:12:16.434 30878 31314 D cellinfo: 46 bytes from 54.197.223.49: icmp_seq=1372 ttl=43 time=56.0 ms
08-12 16:12:16.651 30878 31314 D cellinfo: 46 bytes from 54.197.223.49: icmp_seq=1373 ttl=43 time=71.5 ms
08-12 16:12:16.843 30878 31314 D cellinfo: 46 bytes from 54.197.223.49: icmp_seq=1374 ttl=43 time=64.9 ms
08-12 16:12:17.052 30878 31314 D cellinfo: 46 bytes from 54.197.223.49: icmp_seq=1375 ttl=43 time=71.3 ms
08-12 16:12:17.185 30878 30878 D cellinfo: onsignalStrengthsChanged: LTE Signal Strength info: rsrp: -106 rsrq: -13 rssi: -73 rssnr: 2
08-12 16:12:17.243 30878 31314 D cellinfo: 46 bytes from 54.197.223.49: icmp_seq=1376 ttl=43 time=64.3 ms
08-12 16:12:17.444 30878 31314 D cellinfo: 46 bytes from 54.197.223.49: icmp_seq=1377 ttl=43 time=63.7 ms
08-12 16:12:17.653 30878 31314 D cellinfo: 46 bytes from 54.197.223.49: icmp_seq=1378 ttl=43 time=71.7 ms
08-12 16:12:17.843 30878 31314 D cellinfo: 46 bytes from 54.197.223.49: icmp_seq=1379 ttl=43 time=63.1 ms
08-12 16:12:18.016 30878 30878 D cellinfo: onCellInfoChanged: Operator: AT&T UpdateTimestamp: 343410750 CellConnectionStatus: 0
08-12 16:12:18.016 30878 30878 D cellinfo: onCellInfoChanged: LTE Cell Bands: [66] Bandwidth: 2147483647 Cell ID: 74650902 Physical Cell ID: 351 Tracking Area Code: 18436 EARFCN: 67086
08-12 16:12:18.043 30878 31314 D cellinfo: 46 bytes from 54.197.223.49: icmp_seq=1380 ttl=43 time=60.8 ms
08-12 16:12:18.252 30878 31314 D cellinfo: 46 bytes from 54.197.223.49: icmp_seq=1381 ttl=43 time=69.1 ms
08-12 16:12:18.443 30878 31314 D cellinfo: 46 bytes from 54.197.223.49: icmp_seq=1382 ttl=43 time=59.3 ms
08-12 16:12:18.652 30878 31314 D cellinfo: 46 bytes from 54.197.223.49: icmp_seq=1383 ttl=43 time=66.7 ms
08-12 16:12:18.844 30878 31314 D cellinfo: 46 bytes from 54.197.223.49: icmp_seq=1384 ttl=43 time=57.3 ms
08-12 16:12:19.043 30878 31314 D cellinfo: 46 bytes from 54.197.223.49: icmp_seq=1385 ttl=43 time=56.8 ms
08-12 16:12:19.245 30878 31314 D cellinfo: 46 bytes from 54.197.223.49: icmp_seq=1386 ttl=43 time=56.2 ms
08-12 16:12:19.478 30878 31314 D cellinfo: 46 bytes from 54.197.223.49: icmp_seq=1387 ttl=43 time=87.4 ms
08-12 16:12:19.603 30878 30878 D cellinfo: Latitude is 41.5725857
08-12 16:12:19.603 30878 30878 D cellinfo: Longitude is -93.8469814
08-12 16:12:19.603 30878 30878 D cellinfo: Instantaneous GPS information: United States, 1300 SE Kettlestone Blvd, Waukee, IA 50263, USA
08-12 16:12:19.603 30878 30878 D cellinfo: getCurrentLocation() result: Location (success): 41.5725857, -93.8469814
08-12 16:12:19.606 30878 30878 D cellinfo: onsignalStrengthsChanged: LTE Signal Strength info: rsrp: -105 rsrq: -13 rssi: -73 rssnr: 5
08-12 16:12:19.676 30878 31314 D cellinfo: 46 bytes from 54.197.223.49: icmp_seq=1388 ttl=43 time=85.8 ms
08-12 16:12:19.876 30878 31314 D cellinfo: 46 bytes from 54.197.223.49: icmp_seq=1389 ttl=43 time=84.1 ms
08-12 16:12:20.085 30878 31314 D cellinfo: 46 bytes from 54.197.223.49: icmp_seq=1390 ttl=43 time=92.2 ms
08-12 16:12:20.276 30878 31314 D cellinfo: 46 bytes from 54.197.223.49: icmp_seq=1391 ttl=43 time=84.1 ms
08-12 16:12:20.478 30878 31314 D cellinfo: 46 bytes from 54.197.223.49: icmp_seq=1392 ttl=43 time=83.7 ms
08-12 16:12:20.654 30878 31314 D cellinfo: 46 bytes from 54.197.223.49: icmp_seq=1393 ttl=43 time=60.2 ms
08-12 16:12:20.854 30878 31314 D cellinfo: 46 bytes from 54.197.223.49: icmp_seq=1394 ttl=43 time=59.2 ms
08-12 16:12:20.979 30878 30878 D cellinfo: Latitude is 41.5725857
08-12 16:12:20.979 30878 30878 D cellinfo: Longitude is -93.8469814
08-12 16:12:20.979 30878 30878 D cellinfo: Instantaneous GPS information: United States, 1300 SE Kettlestone Blvd, Waukee, IA 50263, USA
08-12 16:12:20.979 30878 30878 D cellinfo: getCurrentLocation() result: Location (success): 41.5725857, -93.8469814
08-12 16:12:21.016 30878 30878 D cellinfo: onCellInfoChanged: Operator: AT&T UpdateTimestamp: 343413755 CellConnectionStatus: 0
08-12 16:12:21.016 30878 30878 D cellinfo: onCellInfoChanged: LTE Cell Bands: [66] Bandwidth: 2147483647 Cell ID: 74650902 Physical Cell ID: 351 Tracking Area Code: 18436 EARFCN: 67086
08-12 16:12:21.060 30878 31314 D cellinfo: 46 bytes from 54.197.223.49: icmp_seq=1395 ttl=43 time=65.4 ms
08-12 16:12:21.252 30878 31314 D cellinfo: 46 bytes from 54.197.223.49: icmp_seq=1396 ttl=43 time=57.5 ms
08-12 16:12:21.452 30878 31314 D cellinfo: 46 bytes from 54.197.223.49: icmp_seq=1397 ttl=43 time=56.0 ms
08-12 16:12:21.653 30878 31314 D cellinfo: 46 bytes from 54.197.223.49: icmp_seq=1398 ttl=43 time=56.1 ms
08-12 16:12:21.864 30878 31314 D cellinfo: 46 bytes from 54.197.223.49: icmp_seq=1399 ttl=43 time=63.8 ms
08-12 16:12:22.063 30878 31314 D cellinfo: 46 bytes from 54.197.223.49: icmp_seq=1400 ttl=43 time=61.9 ms
08-12 16:12:22.264 30878 31314 D cellinfo: 46 bytes from 54.197.223.49: icmp_seq=1401 ttl=43 time=63.5 ms
08-12 16:12:22.472 30878 31314 D cellinfo: 46 bytes from 54.197.223.49: icmp_seq=1402 ttl=43 time=69.8 ms
08-12 16:12:22.663 30878 31314 D cellinfo: 46 bytes from 54.197.223.49: icmp_seq=1403 ttl=43 time=59.8 ms
08-12 16:12:22.864 30878 31314 D cellinfo: 46 bytes from 54.197.223.49: icmp_seq=1404 ttl=43 time=60.5 ms
08-12 16:12:23.065 30878 31314 D cellinfo: 46 bytes from 54.197.223.49: icmp_seq=1405 ttl=43 time=60.8 ms
08-12 16:12:23.264 30878 31314 D cellinfo: 46 bytes from 54.197.223.49: icmp_seq=1406 ttl=43 time=58.2 ms
08-12 16:12:23.464 30878 31314 D cellinfo: 46 bytes from 54.197.223.49: icmp_seq=1407 ttl=43 time=57.8 ms
08-12 16:12:23.665 30878 31314 D cellinfo: 46 bytes from 54.197.223.49: icmp_seq=1408 ttl=43 time=57.3 ms
08-12 16:12:23.871 30878 31314 D cellinfo: 46 bytes from 54.197.223.49: icmp_seq=1409 ttl=43 time=63.8 ms
08-12 16:12:23.975 30878 30878 D cellinfo: Latitude is 41.5725857
08-12 16:12:23.975 30878 30878 D cellinfo: Longitude is -93.8469814
08-12 16:12:23.975 30878 30878 D cellinfo: Instantaneous GPS information: United States, 1300 SE Kettlestone Blvd, Waukee, IA 50263, USA
08-12 16:12:23.975 30878 30878 D cellinfo: getCurrentLocation() result: Location (success): 41.5725857, -93.8469814
08-12 16:12:24.042 30878 30878 D cellinfo: onCellInfoChanged: Operator: AT&T UpdateTimestamp: 343416777 CellConnectionStatus: 0
08-12 16:12:24.043 30878 30878 D cellinfo: onCellInfoChanged: LTE Cell Bands: [66] Bandwidth: 2147483647 Cell ID: 74650902 Physical Cell ID: 351 Tracking Area Code: 18436 EARFCN: 67086
08-12 16:12:24.077 30878 31314 D cellinfo: 46 bytes from 54.197.223.49: icmp_seq=1410 ttl=43 time=68.9 ms
08-12 16:12:24.277 30878 31314 D cellinfo: 46 bytes from 54.197.223.49: icmp_seq=1411 ttl=43 time=68.5 ms
08-12 16:12:24.448 30878 30878 D cellinfo: onsignalStrengthsChanged: LTE Signal Strength info: rsrp: -107 rsrq: -15 rssi: -77 rssnr: 3
08-12 16:12:24.480 30878 31314 D cellinfo: 46 bytes from 54.197.223.49: icmp_seq=1412 ttl=43 time=70.2 ms
08-12 16:12:24.679 30878 31314 D cellinfo: 46 bytes from 54.197.223.49: icmp_seq=1413 ttl=43 time=68.6 ms
08-12 16:12:24.917 30878 31314 D cellinfo: 46 bytes from 54.197.223.49: icmp_seq=1414 ttl=43 time=106 ms
08-12 16:12:25.080 30878 31314 D cellinfo: 46 bytes from 54.197.223.49: icmp_seq=1415 ttl=43 time=65.6 ms
08-12 16:12:25.356 30878 31314 D cellinfo: 46 bytes from 54.197.223.49: icmp_seq=1416 ttl=43 time=141 ms
08-12 16:12:25.478 30878 31314 D cellinfo: 46 bytes from 54.197.223.49: icmp_seq=1417 ttl=43 time=62.2 ms
08-12 16:12:25.679 30878 31314 D cellinfo: 46 bytes from 54.197.223.49: icmp_seq=1418 ttl=43 time=62.2 ms
08-12 16:12:25.880 30878 31314 D cellinfo: 46 bytes from 54.197.223.49: icmp_seq=1419 ttl=43 time=63.5 ms
08-12 16:12:26.080 30878 31314 D cellinfo: 46 bytes from 54.197.223.49: icmp_seq=1420 ttl=43 time=61.2 ms
08-12 16:12:26.151 30878 30878 D cellinfo: onsignalStrengthsChanged: LTE Signal Strength info: rsrp: -109 rsrq: -16 rssi: -81 rssnr: 2
08-12 16:12:26.317 30878 31314 D cellinfo: 46 bytes from 54.197.223.49: icmp_seq=1421 ttl=43 time=98.5 ms
08-12 16:12:26.479 30878 31314 D cellinfo: 46 bytes from 54.197.223.49: icmp_seq=1422 ttl=43 time=59.5 ms
08-12 16:12:26.717 30878 31314 D cellinfo: 46 bytes from 54.197.223.49: icmp_seq=1423 ttl=43 time=96.9 ms
08-12 16:12:26.916 30878 31314 D cellinfo: 46 bytes from 54.197.223.49: icmp_seq=1424 ttl=43 time=96.1 ms
08-12 16:12:26.984 30878 30878 D cellinfo: Latitude is 41.5725857
08-12 16:12:26.984 30878 30878 D cellinfo: Longitude is -93.8469814
08-12 16:12:26.984 30878 30878 D cellinfo: Instantaneous GPS information: United States, 1300 SE Kettlestone Blvd, Waukee, IA 50263, USA
08-12 16:12:26.984 30878 30878 D cellinfo: getCurrentLocation() result: Location (success): 41.5725857, -93.8469814
08-12 16:12:27.024 30878 30878 D cellinfo: onCellInfoChanged: Operator: AT&T UpdateTimestamp: 343419758 CellConnectionStatus: 0
08-12 16:12:27.024 30878 30878 D cellinfo: onCellInfoChanged: LTE Cell Bands: [66] Bandwidth: 2147483647 Cell ID: 74650902 Physical Cell ID: 351 Tracking Area Code: 18436 EARFCN: 67086
08-12 16:12:27.093 30878 31314 D cellinfo: 46 bytes from 54.197.223.49: icmp_seq=1425 ttl=43 time=71.5 ms
08-12 16:12:27.317 30878 31314 D cellinfo: 46 bytes from 54.197.223.49: icmp_seq=1426 ttl=43 time=94.5 ms
08-12 16:12:27.446 30878 30878 D cellinfo: onsignalStrengthsChanged: LTE Signal Strength info: rsrp: -110 rsrq: -16 rssi: -79 rssnr: 2
08-12 16:12:27.516 30878 31314 D cellinfo: 46 bytes from 54.197.223.49: icmp_seq=1427 ttl=43 time=94.1 ms
08-12 16:12:27.717 30878 31314 D cellinfo: 46 bytes from 54.197.223.49: icmp_seq=1428 ttl=43 time=92.7 ms
08-12 16:12:27.888 30878 31314 D cellinfo: 46 bytes from 54.197.223.49: icmp_seq=1429 ttl=43 time=63.6 ms
08-12 16:12:27.896 30878 30878 D cellinfo: onCellInfoChanged: Operator: AT&T UpdateTimestamp: 343420631 CellConnectionStatus: 0
08-12 16:12:27.897 30878 30878 D cellinfo: onCellInfoChanged: LTE Cell Bands: [66] Bandwidth: 2147483647 Cell ID: 75931953 Physical Cell ID: 14 Tracking Area Code: 18436 EARFCN: 67086
08-12 16:12:27.931 30878 30878 D cellinfo: onServiceStateChanged: Channel Number: 67086 Cell Bandwidths: []
08-12 16:12:28.088 30878 31314 D cellinfo: 46 bytes from 54.197.223.49: icmp_seq=1430 ttl=43 time=61.7 ms
08-12 16:12:28.283 30878 31314 D cellinfo: 46 bytes from 54.197.223.49: icmp_seq=1431 ttl=43 time=56.3 ms
08-12 16:12:28.485 30878 31314 D cellinfo: 46 bytes from 54.197.223.49: icmp_seq=1432 ttl=43 time=56.3 ms
08-12 16:12:28.774 30878 31314 D cellinfo: 46 bytes from 54.197.223.49: icmp_seq=1433 ttl=43 time=144 ms
08-12 16:12:28.891 30878 31314 D cellinfo: 46 bytes from 54.197.223.49: icmp_seq=1434 ttl=43 time=60.1 ms
08-12 16:12:29.092 30878 31314 D cellinfo: 46 bytes from 54.197.223.49: icmp_seq=1435 ttl=43 time=60.5 ms
08-12 16:12:29.334 30878 31314 D cellinfo: 46 bytes from 54.197.223.49: icmp_seq=1436 ttl=43 time=101 ms
08-12 16:12:29.502 30878 31314 D cellinfo: 46 bytes from 54.197.223.49: icmp_seq=1437 ttl=43 time=69.3 ms
08-12 16:12:29.703 30878 31314 D cellinfo: 46 bytes from 54.197.223.49: icmp_seq=1438 ttl=43 time=70.4 ms
08-12 16:12:29.894 30878 31314 D cellinfo: 46 bytes from 54.197.223.49: icmp_seq=1439 ttl=43 time=60.2 ms
08-12 16:12:30.020 30878 30878 D cellinfo: onCellInfoChanged: Operator: AT&T UpdateTimestamp: 343422753 CellConnectionStatus: 0
08-12 16:12:30.020 30878 30878 D cellinfo: onCellInfoChanged: LTE Cell Bands: [66] Bandwidth: 2147483647 Cell ID: 75931953 Physical Cell ID: 14 Tracking Area Code: 18436 EARFCN: 67086
08-12 16:12:30.118 30878 31314 D cellinfo: 46 bytes from 54.197.223.49: icmp_seq=1440 ttl=43 time=82.5 ms
08-12 16:12:30.328 30878 31314 D cellinfo: 46 bytes from 54.197.223.49: icmp_seq=1441 ttl=43 time=92.1 ms
08-12 16:12:30.444 30878 30878 D cellinfo: onsignalStrengthsChanged: LTE Signal Strength info: rsrp: -111 rsrq: -15 rssi: -81 rssnr: 0
08-12 16:12:30.533 30878 31314 D cellinfo: 46 bytes from 54.197.223.49: icmp_seq=1442 ttl=43 time=96.9 ms
08-12 16:12:30.626 30878 30878 D cellinfo: onsignalStrengthsChanged: LTE Signal Strength info: rsrp: -112 rsrq: -16 rssi: -81 rssnr: -1
08-12 16:12:30.730 30878 31314 D cellinfo: 46 bytes from 54.197.223.49: icmp_seq=1443 ttl=43 time=93.4 ms
08-12 16:12:30.928 30878 31314 D cellinfo: 46 bytes from 54.197.223.49: icmp_seq=1444 ttl=43 time=89.8 ms
08-12 16:12:31.169 30878 31314 D cellinfo: 46 bytes from 54.197.223.49: icmp_seq=1445 ttl=43 time=127 ms
08-12 16:12:31.450 30878 31314 D cellinfo: 46 bytes from 54.197.223.49: icmp_seq=1446 ttl=43 time=206 ms
08-12 16:12:31.540 30878 31314 D cellinfo: 46 bytes from 54.197.223.49: icmp_seq=1447 ttl=43 time=87.3 ms
08-12 16:12:31.745 30878 31314 D cellinfo: 46 bytes from 54.197.223.49: icmp_seq=1448 ttl=43 time=91.9 ms
08-12 16:12:31.965 30878 31314 D cellinfo: 46 bytes from 54.197.223.49: icmp_seq=1449 ttl=43 time=111 ms
08-12 16:12:32.137 30878 31314 D cellinfo: 46 bytes from 54.197.223.49: icmp_seq=1450 ttl=43 time=81.4 ms
08-12 16:12:32.254 30878 30878 D cellinfo: Latitude is 41.5745796
08-12 16:12:32.254 30878 30878 D cellinfo: Longitude is -93.8428792
08-12 16:12:32.254 30878 30878 D cellinfo: Instantaneous GPS information: United States, 9770 Wendover Rd, West Des Moines, IA 50266, USA
08-12 16:12:32.254 30878 30878 D cellinfo: getCurrentLocation() result: Location (success): 41.5745796, -93.8428792
08-12 16:12:32.332 30878 31314 D cellinfo: 46 bytes from 54.197.223.49: icmp_seq=1451 ttl=43 time=76.0 ms
08-12 16:12:32.551 30878 31314 D cellinfo: 46 bytes from 54.197.223.49: icmp_seq=1452 ttl=43 time=93.3 ms
08-12 16:12:32.770 30878 31314 D cellinfo: 46 bytes from 54.197.223.49: icmp_seq=1453 ttl=43 time=109 ms
08-12 16:12:32.966 30878 30878 D cellinfo: Latitude is 41.5745796
08-12 16:12:32.966 30878 30878 D cellinfo: Longitude is -93.8428792
08-12 16:12:32.966 30878 30878 D cellinfo: Instantaneous GPS information: United States, 9770 Wendover Rd, West Des Moines, IA 50266, USA
08-12 16:12:32.966 30878 30878 D cellinfo: getCurrentLocation() result: Location (success): 41.5745796, -93.8428792
08-12 16:12:32.968 30878 31314 D cellinfo: 46 bytes from 54.197.223.49: icmp_seq=1454 ttl=43 time=108 ms
08-12 16:12:33.005 30878 30878 D cellinfo: onCellInfoChanged: Operator: AT&T UpdateTimestamp: 343425744 CellConnectionStatus: 0
08-12 16:12:33.005 30878 30878 D cellinfo: onCellInfoChanged: LTE Cell Bands: [66] Bandwidth: 2147483647 Cell ID: 75931953 Physical Cell ID: 14 Tracking Area Code: 18436 EARFCN: 67086
08-12 16:12:33.179 30878 31314 D cellinfo: 46 bytes from 54.197.223.49: icmp_seq=1455 ttl=43 time=117 ms
08-12 16:12:33.369 30878 31314 D cellinfo: 46 bytes from 54.197.223.49: icmp_seq=1456 ttl=43 time=107 ms
08-12 16:12:33.446 30878 30878 D cellinfo: onsignalStrengthsChanged: LTE Signal Strength info: rsrp: -114 rsrq: -16 rssi: -79 rssnr: -3
08-12 16:12:33.575 30878 31314 D cellinfo: 46 bytes from 54.197.223.49: icmp_seq=1457 ttl=43 time=112 ms
08-12 16:12:33.773 30878 31314 D cellinfo: 46 bytes from 54.197.223.49: icmp_seq=1458 ttl=43 time=109 ms
08-12 16:12:33.974 30878 31314 D cellinfo: 46 bytes from 54.197.223.49: icmp_seq=1459 ttl=43 time=109 ms
08-12 16:12:34.173 30878 31314 D cellinfo: 46 bytes from 54.197.223.49: icmp_seq=1460 ttl=43 time=107 ms
08-12 16:12:34.369 30878 31314 D cellinfo: 46 bytes from 54.197.223.49: icmp_seq=1461 ttl=43 time=103 ms
08-12 16:12:34.570 30878 31314 D cellinfo: 46 bytes from 54.197.223.49: icmp_seq=1462 ttl=43 time=102 ms
08-12 16:12:34.729 30878 31314 D cellinfo: 46 bytes from 54.197.223.49: icmp_seq=1463 ttl=43 time=61.8 ms
08-12 16:12:34.969 30878 31314 D cellinfo: 46 bytes from 54.197.223.49: icmp_seq=1464 ttl=43 time=100 ms
08-12 16:12:35.106 30878 30878 D cellinfo: onsignalStrengthsChanged: LTE Signal Strength info: rsrp: -114 rsrq: -17 rssi: -81 rssnr: -3
08-12 16:12:35.128 30878 31314 D cellinfo: 46 bytes from 54.197.223.49: icmp_seq=1465 ttl=43 time=59.7 ms
08-12 16:12:35.370 30878 31314 D cellinfo: 46 bytes from 54.197.223.49: icmp_seq=1466 ttl=43 time=100 ms
08-12 16:12:35.518 30878 31314 D cellinfo: 46 bytes from 54.197.223.49: icmp_seq=1467 ttl=43 time=47.5 ms
08-12 16:12:35.740 30878 31314 D cellinfo: 46 bytes from 54.197.223.49: icmp_seq=1468 ttl=43 time=69.4 ms
08-12 16:12:35.941 30878 31314 D cellinfo: 46 bytes from 54.197.223.49: icmp_seq=1469 ttl=43 time=68.9 ms
08-12 16:12:35.969 30878 30878 D cellinfo: Latitude is 41.5745796
08-12 16:12:35.969 30878 30878 D cellinfo: Longitude is -93.8428792
08-12 16:12:35.969 30878 30878 D cellinfo: Instantaneous GPS information: United States, 9770 Wendover Rd, West Des Moines, IA 50266, USA
08-12 16:12:35.969 30878 30878 D cellinfo: getCurrentLocation() result: Location (success): 41.5745796, -93.8428792
08-12 16:12:36.029 30878 30878 D cellinfo: onCellInfoChanged: Operator: AT&T UpdateTimestamp: 343428762 CellConnectionStatus: 0
08-12 16:12:36.029 30878 30878 D cellinfo: onCellInfoChanged: LTE Cell Bands: [66] Bandwidth: 2147483647 Cell ID: 75931953 Physical Cell ID: 14 Tracking Area Code: 18436 EARFCN: 67086
08-12 16:12:36.141 30878 31314 D cellinfo: 46 bytes from 54.197.223.49: icmp_seq=1470 ttl=43 time=67.5 ms
08-12 16:12:36.335 30878 31314 D cellinfo: 46 bytes from 54.197.223.49: icmp_seq=1471 ttl=43 time=60.1 ms
08-12 16:12:36.529 30878 31314 D cellinfo: 46 bytes from 54.197.223.49: icmp_seq=1472 ttl=43 time=54.3 ms
08-12 16:12:36.768 30878 31314 D cellinfo: 46 bytes from 54.197.223.49: icmp_seq=1473 ttl=43 time=91.8 ms
08-12 16:12:36.969 30878 31314 D cellinfo: 46 bytes from 54.197.223.49: icmp_seq=1474 ttl=43 time=91.5 ms
08-12 16:12:37.169 30878 31314 D cellinfo: 46 bytes from 54.197.223.49: icmp_seq=1475 ttl=43 time=90.7 ms
08-12 16:12:37.344 30878 30878 D cellinfo: onsignalStrengthsChanged: LTE Signal Strength info: rsrp: -115 rsrq: -16 rssi: -83 rssnr: -3
08-12 16:12:37.368 30878 31314 D cellinfo: 46 bytes from 54.197.223.49: icmp_seq=1476 ttl=43 time=89.8 ms
08-12 16:12:37.570 30878 31314 D cellinfo: 46 bytes from 54.197.223.49: icmp_seq=1477 ttl=43 time=89.6 ms
08-12 16:12:37.769 30878 31314 D cellinfo: 46 bytes from 54.197.223.49: icmp_seq=1478 ttl=43 time=87.9 ms
08-12 16:12:38.009 30878 31314 D cellinfo: 46 bytes from 54.197.223.49: icmp_seq=1479 ttl=43 time=127 ms
08-12 16:12:38.169 30878 31314 D cellinfo: 46 bytes from 54.197.223.49: icmp_seq=1480 ttl=43 time=87.1 ms
08-12 16:12:38.408 30878 31314 D cellinfo: 46 bytes from 54.197.223.49: icmp_seq=1481 ttl=43 time=126 ms
08-12 16:12:38.576 30878 31314 D cellinfo: 46 bytes from 54.197.223.49: icmp_seq=1482 ttl=43 time=93.9 ms
08-12 16:12:38.772 30878 31314 D cellinfo: 46 bytes from 54.197.223.49: icmp_seq=1483 ttl=43 time=88.4 ms
08-12 16:12:38.967 30878 30878 D cellinfo: Latitude is 41.5745796
08-12 16:12:38.967 30878 30878 D cellinfo: Longitude is -93.8428792
08-12 16:12:38.967 30878 30878 D cellinfo: Instantaneous GPS information: United States, 9770 Wendover Rd, West Des Moines, IA 50266, USA
08-12 16:12:38.967 30878 30878 D cellinfo: getCurrentLocation() result: Location (success): 41.5745796, -93.8428792
08-12 16:12:38.968 30878 31314 D cellinfo: 46 bytes from 54.197.223.49: icmp_seq=1484 ttl=43 time=83.0 ms
08-12 16:12:39.006 30878 30878 D cellinfo: onCellInfoChanged: Operator: AT&T UpdateTimestamp: 343431742 CellConnectionStatus: 0
08-12 16:12:39.006 30878 30878 D cellinfo: onCellInfoChanged: LTE Cell Bands: [66] Bandwidth: 2147483647 Cell ID: 75931953 Physical Cell ID: 14 Tracking Area Code: 18436 EARFCN: 67086
08-12 16:12:39.169 30878 31314 D cellinfo: 46 bytes from 54.197.223.49: icmp_seq=1485 ttl=43 time=82.2 ms
08-12 16:12:39.450 30878 30878 D cellinfo: onsignalStrengthsChanged: LTE Signal Strength info: rsrp: -115 rsrq: -17 rssi: -75 rssnr: -5
08-12 16:12:39.492 30878 31314 D cellinfo: 46 bytes from 54.197.223.49: icmp_seq=1486 ttl=43 time=204 ms
08-12 16:12:39.573 30878 31314 D cellinfo: 46 bytes from 54.197.223.49: icmp_seq=1487 ttl=43 time=79.7 ms
08-12 16:12:39.810 30878 31314 D cellinfo: 46 bytes from 54.197.223.49: icmp_seq=1488 ttl=43 time=115 ms
08-12 16:12:40.009 30878 31314 D cellinfo: 46 bytes from 54.197.223.49: icmp_seq=1489 ttl=43 time=114 ms
08-12 16:12:40.217 30878 31314 D cellinfo: 46 bytes from 54.197.223.49: icmp_seq=1490 ttl=43 time=121 ms
08-12 16:12:40.426 30878 31314 D cellinfo: 46 bytes from 54.197.223.49: icmp_seq=1491 ttl=43 time=131 ms
08-12 16:12:40.570 30878 31314 D cellinfo: 46 bytes from 54.197.223.49: icmp_seq=1492 ttl=43 time=74.8 ms
08-12 16:12:40.970 30878 31314 D cellinfo: 46 bytes from 54.197.223.49: icmp_seq=1493 ttl=43 time=274 ms
08-12 16:12:41.048 30878 31314 D cellinfo: 46 bytes from 54.197.223.49: icmp_seq=1494 ttl=43 time=144 ms
08-12 16:12:41.828 30878 30878 D cellinfo: onsignalStrengthsChanged: LTE Signal Strength info: rsrp: -117 rsrq: -18 rssi: -71 rssnr: -7
08-12 16:12:42.152 30878 30878 D cellinfo: onsignalStrengthsChanged: LTE Signal Strength info: rsrp: -112 rsrq: -19 rssi: -71 rssnr: -6
08-12 16:12:42.171 30878 30878 D cellinfo: onCellInfoChanged: Operator: AT&T UpdateTimestamp: 343434905 CellConnectionStatus: 0
08-12 16:12:42.171 30878 30878 D cellinfo: onCellInfoChanged: LTE Cell Bands: [12] Bandwidth: 2147483647 Cell ID: 74650895 Physical Cell ID: 162 Tracking Area Code: 18436 EARFCN: 5145
08-12 16:12:42.187 30878 31314 D cellinfo: 46 bytes from 54.197.223.49: icmp_seq=1495 ttl=43 time=1082 ms
08-12 16:12:42.201 30878 31314 D cellinfo: 46 bytes from 54.197.223.49: icmp_seq=1496 ttl=43 time=887 ms
08-12 16:12:42.202 30878 30878 D cellinfo: onServiceStateChanged: Channel Number: 5145 Cell Bandwidths: []
08-12 16:12:42.205 30878 31314 D cellinfo: 46 bytes from 54.197.223.49: icmp_seq=1497 ttl=43 time=689 ms
08-12 16:12:42.206 30878 31314 D cellinfo: 46 bytes from 54.197.223.49: icmp_seq=1498 ttl=43 time=482 ms
08-12 16:12:42.208 30878 31314 D cellinfo: 46 bytes from 54.197.223.49: icmp_seq=1499 ttl=43 time=282 ms
08-12 16:12:42.218 30878 31314 D cellinfo: 46 bytes from 54.197.223.49: icmp_seq=1500 ttl=43 time=91.3 ms
08-12 16:12:42.431 30878 31314 D cellinfo: 46 bytes from 54.197.223.49: icmp_seq=1501 ttl=43 time=102 ms
08-12 16:12:42.600 30878 31314 D cellinfo: 46 bytes from 54.197.223.49: icmp_seq=1502 ttl=43 time=70.5 ms
08-12 16:12:42.898 30878 31314 D cellinfo: 46 bytes from 54.197.223.49: icmp_seq=1503 ttl=43 time=167 ms
08-12 16:12:43.008 30878 31314 D cellinfo: 46 bytes from 54.197.223.49: icmp_seq=1504 ttl=43 time=78.3 ms
08-12 16:12:43.286 30878 31314 D cellinfo: 46 bytes from 54.197.223.49: icmp_seq=1505 ttl=43 time=156 ms
08-12 16:12:43.405 30878 31314 D cellinfo: 46 bytes from 54.197.223.49: icmp_seq=1506 ttl=43 time=74.8 ms
08-12 16:12:43.646 30878 31314 D cellinfo: 46 bytes from 54.197.223.49: icmp_seq=1507 ttl=43 time=114 ms
08-12 16:12:43.814 30878 31314 D cellinfo: 46 bytes from 54.197.223.49: icmp_seq=1508 ttl=43 time=81.8 ms
08-12 16:12:44.085 30878 31314 D cellinfo: 46 bytes from 54.197.223.49: icmp_seq=1509 ttl=43 time=152 ms
08-12 16:12:44.206 30878 31314 D cellinfo: 46 bytes from 54.197.223.49: icmp_seq=1510 ttl=43 time=72.5 ms
08-12 16:12:44.566 30878 31314 D cellinfo: 46 bytes from 54.197.223.49: icmp_seq=1511 ttl=43 time=229 ms
08-12 16:12:44.660 30878 31314 D cellinfo: 46 bytes from 54.197.223.49: icmp_seq=1512 ttl=43 time=122 ms
08-12 16:12:44.850 30878 31314 D cellinfo: 46 bytes from 54.197.223.49: icmp_seq=1513 ttl=43 time=109 ms
08-12 16:12:44.980 30878 30878 D cellinfo: Latitude is 41.5766806
08-12 16:12:44.980 30878 30878 D cellinfo: Longitude is -93.8386308
08-12 16:12:44.980 30878 30878 D cellinfo: Instantaneous GPS information: United States, 723 Venice Ave, West Des Moines, IA 50266, USA
08-12 16:12:44.981 30878 30878 D cellinfo: getCurrentLocation() result: Location (success): 41.5766806, -93.8386308
08-12 16:12:45.006 30878 30878 D cellinfo: Latitude is 41.5766806
08-12 16:12:45.006 30878 30878 D cellinfo: Longitude is -93.8386308
08-12 16:12:45.006 30878 30878 D cellinfo: Instantaneous GPS information: United States, 723 Venice Ave, West Des Moines, IA 50266, USA
08-12 16:12:45.006 30878 30878 D cellinfo: getCurrentLocation() result: Location (success): 41.5766806, -93.8386308
08-12 16:12:45.016 30878 31314 D cellinfo: 46 bytes from 54.197.223.49: icmp_seq=1514 ttl=43 time=76.9 ms
08-12 16:12:45.037 30878 30878 D cellinfo: onCellInfoChanged: Operator: AT&T UpdateTimestamp: 343437771 CellConnectionStatus: 0
08-12 16:12:45.037 30878 30878 D cellinfo: onCellInfoChanged: LTE Cell Bands: [12] Bandwidth: 2147483647 Cell ID: 74650895 Physical Cell ID: 162 Tracking Area Code: 18436 EARFCN: 5145
08-12 16:12:45.337 30878 31314 D cellinfo: 46 bytes from 54.197.223.49: icmp_seq=1515 ttl=43 time=196 ms
08-12 16:12:45.447 30878 31314 D cellinfo: 46 bytes from 54.197.223.49: icmp_seq=1516 ttl=43 time=106 ms
08-12 16:12:45.607 30878 31314 D cellinfo: 46 bytes from 54.197.223.49: icmp_seq=1517 ttl=43 time=66.5 ms
08-12 16:12:46.048 30878 31314 D cellinfo: 46 bytes from 54.197.223.49: icmp_seq=1518 ttl=43 time=306 ms
08-12 16:12:46.050 30878 31314 D cellinfo: 46 bytes from 54.197.223.49: icmp_seq=1519 ttl=43 time=101 ms
08-12 16:12:46.246 30878 31314 D cellinfo: 46 bytes from 54.197.223.49: icmp_seq=1520 ttl=43 time=95.4 ms
08-12 16:12:46.308 30878 30878 D cellinfo: onsignalStrengthsChanged: LTE Signal Strength info: rsrp: -108 rsrq: -20 rssi: -73 rssnr: -6
08-12 16:12:46.493 30878 31314 D cellinfo: 46 bytes from 54.197.223.49: icmp_seq=1521 ttl=43 time=142 ms
08-12 16:12:46.651 30878 31314 D cellinfo: 46 bytes from 54.197.223.49: icmp_seq=1522 ttl=43 time=99.4 ms
