08-11 13:01:20.407 26265 26840 D cellinfo: 46 bytes from 44.241.174.93: icmp_seq=4 ttl=43 time=37.7 ms
08-11 13:01:20.619 26265 26840 D cellinfo: 46 bytes from 44.241.174.93: icmp_seq=5 ttl=43 time=48.4 ms
08-11 13:01:20.816 26265 26840 D cellinfo: 46 bytes from 44.241.174.93: icmp_seq=6 ttl=43 time=45.4 ms
08-11 13:01:21.005 26265 26840 D cellinfo: 46 bytes from 44.241.174.93: icmp_seq=7 ttl=43 time=35.3 ms
08-11 13:01:21.188 26265 26265 D cellinfo: Latitude is 39.7265683
08-11 13:01:21.188 26265 26265 D cellinfo: Longitude is -105.0240804
08-11 13:01:21.188 26265 26265 D cellinfo: Instantaneous GPS information: United States, 600 Federal Blvd, Denver, CO 80204, USA
08-11 13:01:21.188 26265 26265 D cellinfo: getCurrentLocation() result: Location (success): 39.7265683, -105.0240804
08-11 13:01:21.188 26265 26265 D cellinfo: onCellInfoChanged: Operator:  UpdateTimestamp: 68355282 CellConnectionStatus: 1
08-11 13:01:21.188 26265 26265 D cellinfo: onCellInfoChanged: 5G-NR Cell Bands: [] ARFCN: 528000 Cell ID: 9223372036854775807 Physical Cell ID: 73 Tracking Area Code: 16777215
08-11 13:01:21.207 26265 26840 D cellinfo: 46 bytes from 44.241.174.93: icmp_seq=8 ttl=43 time=36.5 ms
08-11 13:01:21.420 26265 26840 D cellinfo: 46 bytes from 44.241.174.93: icmp_seq=9 ttl=43 time=47.3 ms
08-11 13:01:21.619 26265 26840 D cellinfo: 46 bytes from 44.241.174.93: icmp_seq=10 ttl=43 time=44.9 ms
08-11 13:01:21.821 26265 26840 D cellinfo: 46 bytes from 44.241.174.93: icmp_seq=11 ttl=43 time=47.0 ms
08-11 13:01:22.025 26265 26840 D cellinfo: 46 bytes from 44.241.174.93: icmp_seq=12 ttl=43 time=50.4 ms
08-11 13:01:22.211 26265 26840 D cellinfo: 46 bytes from 44.241.174.93: icmp_seq=13 ttl=43 time=36.3 ms
08-11 13:01:22.412 26265 26840 D cellinfo: 46 bytes from 44.241.174.93: icmp_seq=14 ttl=43 time=35.1 ms
08-11 13:01:22.612 26265 26840 D cellinfo: 46 bytes from 44.241.174.93: icmp_seq=15 ttl=43 time=34.5 ms
08-11 13:01:22.821 26265 26840 D cellinfo: 46 bytes from 44.241.174.93: icmp_seq=16 ttl=43 time=42.5 ms
08-11 13:01:23.025 26265 26840 D cellinfo: 46 bytes from 44.241.174.93: icmp_seq=17 ttl=43 time=45.0 ms
08-11 13:01:23.231 26265 26840 D cellinfo: 46 bytes from 44.241.174.93: icmp_seq=18 ttl=43 time=50.4 ms
08-11 13:01:23.417 26265 26840 D cellinfo: 46 bytes from 44.241.174.93: icmp_seq=19 ttl=43 time=35.8 ms
08-11 13:01:23.617 26265 26840 D cellinfo: 46 bytes from 44.241.174.93: icmp_seq=20 ttl=43 time=35.1 ms
08-11 13:01:23.831 26265 26840 D cellinfo: 46 bytes from 44.241.174.93: icmp_seq=21 ttl=43 time=48.8 ms
08-11 13:01:23.954 26265 26265 D cellinfo: Latitude is 39.7265683
08-11 13:01:23.954 26265 26265 D cellinfo: Longitude is -105.0240804
08-11 13:01:23.954 26265 26265 D cellinfo: Instantaneous GPS information: United States, 600 Federal Blvd, Denver, CO 80204, USA
08-11 13:01:23.954 26265 26265 D cellinfo: getCurrentLocation() result: Location (success): 39.7265683, -105.0240804
08-11 13:01:24.003 26265 26265 D cellinfo: onCellInfoChanged: Operator:  UpdateTimestamp: 68358300 CellConnectionStatus: 1
08-11 13:01:24.003 26265 26265 D cellinfo: onCellInfoChanged: 5G-NR Cell Bands: [] ARFCN: 528000 Cell ID: 9223372036854775807 Physical Cell ID: 73 Tracking Area Code: 16777215
08-11 13:01:24.019 26265 26840 D cellinfo: 46 bytes from 44.241.174.93: icmp_seq=22 ttl=43 time=36.2 ms
08-11 13:01:24.217 26265 26840 D cellinfo: 46 bytes from 44.241.174.93: icmp_seq=23 ttl=43 time=33.6 ms
08-11 13:01:24.422 26265 26840 D cellinfo: 46 bytes from 44.241.174.93: icmp_seq=24 ttl=43 time=38.6 ms
08-11 13:01:24.624 26265 26840 D cellinfo: 46 bytes from 44.241.174.93: icmp_seq=25 ttl=43 time=38.9 ms
08-11 13:01:24.823 26265 26840 D cellinfo: 46 bytes from 44.241.174.93: icmp_seq=26 ttl=43 time=37.0 ms
08-11 13:01:25.022 26265 26840 D cellinfo: 46 bytes from 44.241.174.93: icmp_seq=27 ttl=43 time=34.3 ms
08-11 13:01:25.223 26265 26840 D cellinfo: 46 bytes from 44.241.174.93: icmp_seq=28 ttl=43 time=35.9 ms
08-11 13:01:25.446 26265 26840 D cellinfo: 46 bytes from 44.241.174.93: icmp_seq=29 ttl=43 time=57.3 ms
08-11 13:01:25.637 26265 26840 D cellinfo: 46 bytes from 44.241.174.93: icmp_seq=30 ttl=43 time=46.8 ms
08-11 13:01:25.827 26265 26840 D cellinfo: 46 bytes from 44.241.174.93: icmp_seq=31 ttl=43 time=36.5 ms
08-11 13:01:26.026 26265 26840 D cellinfo: 46 bytes from 44.241.174.93: icmp_seq=32 ttl=43 time=35.2 ms
08-11 13:01:26.226 26265 26840 D cellinfo: 46 bytes from 44.241.174.93: icmp_seq=33 ttl=43 time=35.3 ms
08-11 13:01:26.442 26265 26840 D cellinfo: 46 bytes from 44.241.174.93: icmp_seq=34 ttl=43 time=50.3 ms
08-11 13:01:26.627 26265 26840 D cellinfo: 46 bytes from 44.241.174.93: icmp_seq=35 ttl=43 time=33.8 ms
08-11 13:01:26.842 26265 26840 D cellinfo: 46 bytes from 44.241.174.93: icmp_seq=36 ttl=43 time=48.5 ms
08-11 13:01:26.956 26265 26265 D cellinfo: Latitude is 39.7265683
08-11 13:01:26.956 26265 26265 D cellinfo: Longitude is -105.0240804
08-11 13:01:26.956 26265 26265 D cellinfo: Instantaneous GPS information: United States, 600 Federal Blvd, Denver, CO 80204, USA
08-11 13:01:26.956 26265 26265 D cellinfo: getCurrentLocation() result: Location (success): 39.7265683, -105.0240804
08-11 13:01:27.005 26265 26265 D cellinfo: onCellInfoChanged: Operator:  UpdateTimestamp: 68361299 CellConnectionStatus: 1
08-11 13:01:27.005 26265 26265 D cellinfo: onCellInfoChanged: 5G-NR Cell Bands: [] ARFCN: 528000 Cell ID: 9223372036854775807 Physical Cell ID: 73 Tracking Area Code: 16777215
08-11 13:01:27.033 26265 26840 D cellinfo: 46 bytes from 44.241.174.93: icmp_seq=37 ttl=43 time=38.3 ms
08-11 13:01:27.231 26265 26840 D cellinfo: 46 bytes from 44.241.174.93: icmp_seq=38 ttl=43 time=36.1 ms
08-11 13:01:27.432 26265 26840 D cellinfo: 46 bytes from 44.241.174.93: icmp_seq=39 ttl=43 time=35.9 ms
08-11 13:01:27.634 26265 26840 D cellinfo: 46 bytes from 44.241.174.93: icmp_seq=40 ttl=43 time=36.7 ms
08-11 13:01:27.849 26265 26840 D cellinfo: 46 bytes from 44.241.174.93: icmp_seq=41 ttl=43 time=50.7 ms
08-11 13:01:28.039 26265 26840 D cellinfo: 46 bytes from 44.241.174.93: icmp_seq=42 ttl=43 time=40.1 ms
08-11 13:01:28.237 26265 26840 D cellinfo: 46 bytes from 44.241.174.93: icmp_seq=43 ttl=43 time=38.3 ms
08-11 13:01:28.453 26265 26840 D cellinfo: 46 bytes from 44.241.174.93: icmp_seq=44 ttl=43 time=52.5 ms
08-11 13:01:28.639 26265 26840 D cellinfo: 46 bytes from 44.241.174.93: icmp_seq=45 ttl=43 time=38.6 ms
08-11 13:01:28.839 26265 26840 D cellinfo: 46 bytes from 44.241.174.93: icmp_seq=46 ttl=43 time=37.9 ms
08-11 13:01:29.036 26265 26840 D cellinfo: 46 bytes from 44.241.174.93: icmp_seq=47 ttl=43 time=34.2 ms
08-11 13:01:29.238 26265 26840 D cellinfo: 46 bytes from 44.241.174.93: icmp_seq=48 ttl=43 time=35.3 ms
08-11 13:01:29.443 26265 26840 D cellinfo: 46 bytes from 44.241.174.93: icmp_seq=49 ttl=43 time=38.6 ms
08-11 13:01:29.641 26265 26840 D cellinfo: 46 bytes from 44.241.174.93: icmp_seq=50 ttl=43 time=36.6 ms
08-11 13:01:29.846 26265 26840 D cellinfo: 46 bytes from 44.241.174.93: icmp_seq=51 ttl=43 time=41.1 ms
08-11 13:01:30.000 26265 26265 D cellinfo: onCellInfoChanged: Operator:  UpdateTimestamp: 68364294 CellConnectionStatus: 1
08-11 13:01:30.000 26265 26265 D cellinfo: onCellInfoChanged: 5G-NR Cell Bands: [] ARFCN: 528000 Cell ID: 9223372036854775807 Physical Cell ID: 73 Tracking Area Code: 16777215
08-11 13:01:30.049 26265 26840 D cellinfo: 46 bytes from 44.241.174.93: icmp_seq=52 ttl=43 time=43.8 ms
08-11 13:01:30.242 26265 26840 D cellinfo: 46 bytes from 44.241.174.93: icmp_seq=53 ttl=43 time=36.1 ms
08-11 13:01:30.441 26265 26840 D cellinfo: 46 bytes from 44.241.174.93: icmp_seq=54 ttl=43 time=33.5 ms
08-11 13:01:30.648 26265 26840 D cellinfo: 46 bytes from 44.241.174.93: icmp_seq=55 ttl=43 time=38.7 ms
08-11 13:01:30.848 26265 26840 D cellinfo: 46 bytes from 44.241.174.93: icmp_seq=56 ttl=43 time=38.7 ms
08-11 13:01:31.052 26265 26840 D cellinfo: 46 bytes from 44.241.174.93: icmp_seq=57 ttl=43 time=41.9 ms
08-11 13:01:31.246 26265 26840 D cellinfo: 46 bytes from 44.241.174.93: icmp_seq=58 ttl=43 time=36.1 ms
08-11 13:01:31.447 26265 26840 D cellinfo: 46 bytes from 44.241.174.93: icmp_seq=59 ttl=43 time=35.7 ms
08-11 13:01:31.657 26265 26840 D cellinfo: 46 bytes from 44.241.174.93: icmp_seq=60 ttl=43 time=44.6 ms
08-11 13:01:31.848 26265 26840 D cellinfo: 46 bytes from 44.241.174.93: icmp_seq=61 ttl=43 time=34.1 ms
08-11 13:01:32.054 26265 26840 D cellinfo: 46 bytes from 44.241.174.93: icmp_seq=62 ttl=43 time=40.5 ms
08-11 13:01:32.254 26265 26840 D cellinfo: 46 bytes from 44.241.174.93: icmp_seq=63 ttl=43 time=39.7 ms
08-11 13:01:32.456 26265 26840 D cellinfo: 46 bytes from 44.241.174.93: icmp_seq=64 ttl=43 time=41.0 ms
08-11 13:01:32.654 26265 26840 D cellinfo: 46 bytes from 44.241.174.93: icmp_seq=65 ttl=43 time=37.9 ms
08-11 13:01:32.854 26265 26840 D cellinfo: 46 bytes from 44.241.174.93: icmp_seq=66 ttl=43 time=36.5 ms
08-11 13:01:33.056 26265 26840 D cellinfo: 46 bytes from 44.241.174.93: icmp_seq=67 ttl=43 time=37.6 ms
08-11 13:01:33.256 26265 26840 D cellinfo: 46 bytes from 44.241.174.93: icmp_seq=68 ttl=43 time=36.9 ms
08-11 13:01:33.459 26265 26840 D cellinfo: 46 bytes from 44.241.174.93: icmp_seq=69 ttl=43 time=39.9 ms
08-11 13:01:33.666 26265 26840 D cellinfo: 46 bytes from 44.241.174.93: icmp_seq=70 ttl=43 time=45.7 ms
08-11 13:01:33.857 26265 26840 D cellinfo: 46 bytes from 44.241.174.93: icmp_seq=71 ttl=43 time=36.5 ms
08-11 13:01:34.066 26265 26840 D cellinfo: 46 bytes from 44.241.174.93: icmp_seq=72 ttl=43 time=43.6 ms
08-11 13:01:34.256 26265 26840 D cellinfo: 46 bytes from 44.241.174.93: icmp_seq=73 ttl=43 time=33.9 ms
08-11 13:01:34.463 26265 26840 D cellinfo: 46 bytes from 44.241.174.93: icmp_seq=74 ttl=43 time=39.1 ms
08-11 13:01:34.662 26265 26840 D cellinfo: 46 bytes from 44.241.174.93: icmp_seq=75 ttl=43 time=37.3 ms
08-11 13:01:34.862 26265 26840 D cellinfo: 46 bytes from 44.241.174.93: icmp_seq=76 ttl=43 time=36.8 ms
08-11 13:01:35.012 26265 26265 D cellinfo: onCellInfoChanged: Operator:  UpdateTimestamp: 68369304 CellConnectionStatus: 1
08-11 13:01:35.012 26265 26265 D cellinfo: onCellInfoChanged: 5G-NR Cell Bands: [] ARFCN: 528000 Cell ID: 9223372036854775807 Physical Cell ID: 73 Tracking Area Code: 16777215
08-11 13:01:35.062 26265 26840 D cellinfo: 46 bytes from 44.241.174.93: icmp_seq=77 ttl=43 time=36.2 ms
08-11 13:01:35.269 26265 26840 D cellinfo: 46 bytes from 44.241.174.93: icmp_seq=78 ttl=43 time=40.6 ms
08-11 13:01:35.332 26265 26265 D cellinfo: Latitude is 39.7266512
08-11 13:01:35.332 26265 26265 D cellinfo: Longitude is -105.0242101
08-11 13:01:35.332 26265 26265 D cellinfo: Instantaneous GPS information: United States, 600 Federal Blvd, Denver, CO 80204, USA
08-11 13:01:35.332 26265 26265 D cellinfo: getCurrentLocation() result: Location (success): 39.7266512, -105.0242101
08-11 13:01:35.358 26265 26265 D cellinfo: Latitude is 39.7266512
08-11 13:01:35.358 26265 26265 D cellinfo: Longitude is -105.0242101
08-11 13:01:35.358 26265 26265 D cellinfo: Instantaneous GPS information: United States, 600 Federal Blvd, Denver, CO 80204, USA
08-11 13:01:35.358 26265 26265 D cellinfo: getCurrentLocation() result: Location (success): 39.7266512, -105.0242101
08-11 13:01:35.466 26265 26840 D cellinfo: 46 bytes from 44.241.174.93: icmp_seq=79 ttl=43 time=38.0 ms
08-11 13:01:35.672 26265 26840 D cellinfo: 46 bytes from 44.241.174.93: icmp_seq=80 ttl=43 time=42.6 ms
08-11 13:01:35.869 26265 26840 D cellinfo: 46 bytes from 44.241.174.93: icmp_seq=81 ttl=43 time=39.6 ms
08-11 13:01:35.950 26265 26265 D cellinfo: Latitude is 39.7266512
08-11 13:01:35.950 26265 26265 D cellinfo: Longitude is -105.0242101
08-11 13:01:35.951 26265 26265 D cellinfo: Instantaneous GPS information: United States, 600 Federal Blvd, Denver, CO 80204, USA
08-11 13:01:35.951 26265 26265 D cellinfo: getCurrentLocation() result: Location (success): 39.7266512, -105.0242101
08-11 13:01:36.072 26265 26840 D cellinfo: 46 bytes from 44.241.174.93: icmp_seq=82 ttl=43 time=42.9 ms
08-11 13:01:36.267 26265 26840 D cellinfo: 46 bytes from 44.241.174.93: icmp_seq=83 ttl=43 time=37.3 ms
08-11 13:01:36.468 26265 26840 D cellinfo: 46 bytes from 44.241.174.93: icmp_seq=84 ttl=43 time=36.5 ms
08-11 13:01:36.667 26265 26840 D cellinfo: 46 bytes from 44.241.174.93: icmp_seq=85 ttl=43 time=34.5 ms
08-11 13:01:36.868 26265 26840 D cellinfo: 46 bytes from 44.241.174.93: icmp_seq=86 ttl=43 time=34.6 ms
08-11 13:01:37.074 26265 26840 D cellinfo: 46 bytes from 44.241.174.93: icmp_seq=87 ttl=43 time=39.4 ms
08-11 13:01:37.295 26265 26840 D cellinfo: 46 bytes from 44.241.174.93: icmp_seq=88 ttl=43 time=60.6 ms
08-11 13:01:37.471 26265 26840 D cellinfo: 46 bytes from 44.241.174.93: icmp_seq=89 ttl=43 time=35.7 ms
08-11 13:01:37.672 26265 26840 D cellinfo: 46 bytes from 44.241.174.93: icmp_seq=90 ttl=43 time=36.0 ms
08-11 13:01:37.874 26265 26840 D cellinfo: 46 bytes from 44.241.174.93: icmp_seq=91 ttl=43 time=37.5 ms
08-11 13:01:38.072 26265 26840 D cellinfo: 46 bytes from 44.241.174.93: icmp_seq=92 ttl=43 time=35.0 ms
08-11 13:01:38.272 26265 26840 D cellinfo: 46 bytes from 44.241.174.93: icmp_seq=93 ttl=43 time=33.6 ms
08-11 13:01:38.477 26265 26840 D cellinfo: 46 bytes from 44.241.174.93: icmp_seq=94 ttl=43 time=38.6 ms
08-11 13:01:38.678 26265 26840 D cellinfo: 46 bytes from 44.241.174.93: icmp_seq=95 ttl=43 time=38.1 ms
08-11 13:01:38.877 26265 26840 D cellinfo: 46 bytes from 44.241.174.93: icmp_seq=96 ttl=43 time=36.6 ms
08-11 13:01:38.955 26265 26265 D cellinfo: Latitude is 39.7266512
08-11 13:01:38.955 26265 26265 D cellinfo: Longitude is -105.0242101
08-11 13:01:38.955 26265 26265 D cellinfo: Instantaneous GPS information: United States, 600 Federal Blvd, Denver, CO 80204, USA
08-11 13:01:38.955 26265 26265 D cellinfo: getCurrentLocation() result: Location (success): 39.7266512, -105.0242101
08-11 13:01:39.019 26265 26265 D cellinfo: onCellInfoChanged: Operator:  UpdateTimestamp: 68373313 CellConnectionStatus: 1
08-11 13:01:39.019 26265 26265 D cellinfo: onCellInfoChanged: 5G-NR Cell Bands: [] ARFCN: 528000 Cell ID: 9223372036854775807 Physical Cell ID: 73 Tracking Area Code: 16777215
08-11 13:01:39.075 26265 26840 D cellinfo: 46 bytes from 44.241.174.93: icmp_seq=97 ttl=43 time=34.8 ms
08-11 13:01:39.277 26265 26840 D cellinfo: 46 bytes from 44.241.174.93: icmp_seq=98 ttl=43 time=35.9 ms
08-11 13:01:39.483 26265 26840 D cellinfo: 46 bytes from 44.241.174.93: icmp_seq=99 ttl=43 time=40.5 ms
08-11 13:01:39.682 26265 26840 D cellinfo: 46 bytes from 44.241.174.93: icmp_seq=100 ttl=43 time=38.3 ms
08-11 13:01:39.886 26265 26840 D cellinfo: 46 bytes from 44.241.174.93: icmp_seq=101 ttl=43 time=41.0 ms
08-11 13:01:40.081 26265 26840 D cellinfo: 46 bytes from 44.241.174.93: icmp_seq=102 ttl=43 time=35.3 ms
08-11 13:01:40.283 26265 26840 D cellinfo: 46 bytes from 44.241.174.93: icmp_seq=103 ttl=43 time=36.1 ms
08-11 13:01:40.488 26265 26840 D cellinfo: 46 bytes from 44.241.174.93: icmp_seq=104 ttl=43 time=39.2 ms
08-11 13:01:40.687 26265 26840 D cellinfo: 46 bytes from 44.241.174.93: icmp_seq=105 ttl=43 time=37.5 ms
08-11 13:01:40.887 26265 26840 D cellinfo: 46 bytes from 44.241.174.93: icmp_seq=106 ttl=43 time=37.7 ms
08-11 13:01:41.087 26265 26840 D cellinfo: 46 bytes from 44.241.174.93: icmp_seq=107 ttl=43 time=36.9 ms
08-11 13:01:41.288 26265 26840 D cellinfo: 46 bytes from 44.241.174.93: icmp_seq=108 ttl=43 time=37.3 ms
08-11 13:01:41.488 26265 26840 D cellinfo: 46 bytes from 44.241.174.93: icmp_seq=109 ttl=43 time=36.1 ms
08-11 13:01:41.688 26265 26840 D cellinfo: 46 bytes from 44.241.174.93: icmp_seq=110 ttl=43 time=35.1 ms
08-11 13:01:41.893 26265 26840 D cellinfo: 46 bytes from 44.241.174.93: icmp_seq=111 ttl=43 time=38.7 ms
08-11 13:01:41.952 26265 26265 D cellinfo: Latitude is 39.7266512
08-11 13:01:41.952 26265 26265 D cellinfo: Longitude is -105.0242101
08-11 13:01:41.952 26265 26265 D cellinfo: Instantaneous GPS information: United States, 600 Federal Blvd, Denver, CO 80204, USA
08-11 13:01:41.952 26265 26265 D cellinfo: getCurrentLocation() result: Location (success): 39.7266512, -105.0242101
08-11 13:01:42.013 26265 26265 D cellinfo: onCellInfoChanged: Operator:  UpdateTimestamp: 68376301 CellConnectionStatus: 1
08-11 13:01:42.013 26265 26265 D cellinfo: onCellInfoChanged: 5G-NR Cell Bands: [] ARFCN: 528000 Cell ID: 9223372036854775807 Physical Cell ID: 73 Tracking Area Code: 16777215
08-11 13:01:42.096 26265 26840 D cellinfo: 46 bytes from 44.241.174.93: icmp_seq=112 ttl=43 time=41.6 ms
08-11 13:01:42.292 26265 26840 D cellinfo: 46 bytes from 44.241.174.93: icmp_seq=113 ttl=43 time=35.9 ms
08-11 13:01:42.498 26265 26840 D cellinfo: 46 bytes from 44.241.174.93: icmp_seq=114 ttl=43 time=41.1 ms
08-11 13:01:42.691 26265 26840 D cellinfo: 46 bytes from 44.241.174.93: icmp_seq=115 ttl=43 time=33.5 ms
08-11 13:01:42.900 26265 26840 D cellinfo: 46 bytes from 44.241.174.93: icmp_seq=116 ttl=43 time=41.0 ms
08-11 13:01:43.097 26265 26840 D cellinfo: 46 bytes from 44.241.174.93: icmp_seq=117 ttl=43 time=38.0 ms
08-11 13:01:43.298 26265 26840 D cellinfo: 46 bytes from 44.241.174.93: icmp_seq=118 ttl=43 time=37.7 ms
08-11 13:01:43.497 26265 26840 D cellinfo: 46 bytes from 44.241.174.93: icmp_seq=119 ttl=43 time=36.0 ms
08-11 13:01:43.696 26265 26840 D cellinfo: 46 bytes from 44.241.174.93: icmp_seq=120 ttl=43 time=35.2 ms
08-11 13:01:43.897 26265 26840 D cellinfo: 46 bytes from 44.241.174.93: icmp_seq=121 ttl=43 time=34.9 ms
08-11 13:01:44.098 26265 26840 D cellinfo: 46 bytes from 44.241.174.93: icmp_seq=122 ttl=43 time=34.8 ms
08-11 13:01:44.297 26265 26840 D cellinfo: 46 bytes from 44.241.174.93: icmp_seq=123 ttl=43 time=33.6 ms
08-11 13:01:44.502 26265 26840 D cellinfo: 46 bytes from 44.241.174.93: icmp_seq=124 ttl=43 time=37.4 ms
08-11 13:01:44.701 26265 26840 D cellinfo: 46 bytes from 44.241.174.93: icmp_seq=125 ttl=43 time=35.2 ms
08-11 13:01:44.927 26265 26840 D cellinfo: 46 bytes from 44.241.174.93: icmp_seq=126 ttl=43 time=60.4 ms
08-11 13:01:44.961 26265 26265 D cellinfo: Latitude is 39.7266512
08-11 13:01:44.962 26265 26265 D cellinfo: Longitude is -105.0242101
08-11 13:01:44.962 26265 26265 D cellinfo: Instantaneous GPS information: United States, 600 Federal Blvd, Denver, CO 80204, USA
08-11 13:01:44.962 26265 26265 D cellinfo: getCurrentLocation() result: Location (success): 39.7266512, -105.0242101
08-11 13:01:45.102 26265 26840 D cellinfo: 46 bytes from 44.241.174.93: icmp_seq=127 ttl=43 time=33.8 ms
08-11 13:01:45.308 26265 26840 D cellinfo: 46 bytes from 44.241.174.93: icmp_seq=128 ttl=43 time=38.8 ms
08-11 13:01:45.508 26265 26840 D cellinfo: 46 bytes from 44.241.174.93: icmp_seq=129 ttl=43 time=38.1 ms
08-11 13:01:45.707 26265 26840 D cellinfo: 46 bytes from 44.241.174.93: icmp_seq=130 ttl=43 time=36.1 ms
08-11 13:01:45.911 26265 26840 D cellinfo: 46 bytes from 44.241.174.93: icmp_seq=131 ttl=43 time=39.9 ms
08-11 13:01:46.108 26265 26840 D cellinfo: 46 bytes from 44.241.174.93: icmp_seq=132 ttl=43 time=35.3 ms
08-11 13:01:46.313 26265 26840 D cellinfo: 46 bytes from 44.241.174.93: icmp_seq=133 ttl=43 time=39.7 ms
08-11 13:01:46.514 26265 26840 D cellinfo: 46 bytes from 44.241.174.93: icmp_seq=134 ttl=43 time=39.7 ms
08-11 13:01:46.711 26265 26840 D cellinfo: 46 bytes from 44.241.174.93: icmp_seq=135 ttl=43 time=36.5 ms
08-11 13:01:46.912 26265 26840 D cellinfo: 46 bytes from 44.241.174.93: icmp_seq=136 ttl=43 time=36.2 ms
08-11 13:01:47.112 26265 26840 D cellinfo: 46 bytes from 44.241.174.93: icmp_seq=137 ttl=43 time=34.8 ms
08-11 13:01:47.312 26265 26840 D cellinfo: 46 bytes from 44.241.174.93: icmp_seq=138 ttl=43 time=35.4 ms
08-11 13:01:47.512 26265 26840 D cellinfo: 46 bytes from 44.241.174.93: icmp_seq=139 ttl=43 time=33.4 ms
08-11 13:01:47.721 26265 26840 D cellinfo: 46 bytes from 44.241.174.93: icmp_seq=140 ttl=43 time=41.0 ms
08-11 13:01:47.916 26265 26840 D cellinfo: 46 bytes from 44.241.174.93: icmp_seq=141 ttl=43 time=35.9 ms
08-11 13:01:48.117 26265 26840 D cellinfo: 46 bytes from 44.241.174.93: icmp_seq=142 ttl=43 time=36.5 ms
08-11 13:01:48.130 26265 26265 D cellinfo: onCellInfoChanged: Operator:  UpdateTimestamp: 68382426 CellConnectionStatus: 1
08-11 13:01:48.130 26265 26265 D cellinfo: onCellInfoChanged: 5G-NR Cell Bands: [] ARFCN: 528000 Cell ID: 9223372036854775807 Physical Cell ID: 73 Tracking Area Code: 16777215
08-11 13:01:48.322 26265 26840 D cellinfo: 46 bytes from 44.241.174.93: icmp_seq=143 ttl=43 time=39.8 ms
08-11 13:01:48.519 26265 26840 D cellinfo: 46 bytes from 44.241.174.93: icmp_seq=144 ttl=43 time=36.1 ms
08-11 13:01:48.722 26265 26840 D cellinfo: 46 bytes from 44.241.174.93: icmp_seq=145 ttl=43 time=38.7 ms
08-11 13:01:48.926 26265 26840 D cellinfo: 46 bytes from 44.241.174.93: icmp_seq=146 ttl=43 time=42.1 ms
08-11 13:01:49.122 26265 26840 D cellinfo: 46 bytes from 44.241.174.93: icmp_seq=147 ttl=43 time=36.5 ms
08-11 13:01:49.179 26265 26265 D cellinfo: Latitude is 39.726847
08-11 13:01:49.179 26265 26265 D cellinfo: Longitude is -105.0247777
08-11 13:01:49.180 26265 26265 D cellinfo: Instantaneous GPS information: United States, Federal Blvd & W 6th Ave, Denver, CO 80204, USA
08-11 13:01:49.180 26265 26265 D cellinfo: getCurrentLocation() result: Location (success): 39.726847, -105.0247777
08-11 13:01:49.322 26265 26840 D cellinfo: 46 bytes from 44.241.174.93: icmp_seq=148 ttl=43 time=35.5 ms
08-11 13:01:49.521 26265 26840 D cellinfo: 46 bytes from 44.241.174.93: icmp_seq=149 ttl=43 time=34.3 ms
08-11 13:01:49.722 26265 26840 D cellinfo: 46 bytes from 44.241.174.93: icmp_seq=150 ttl=43 time=33.9 ms
08-11 13:01:49.927 26265 26840 D cellinfo: 46 bytes from 44.241.174.93: icmp_seq=151 ttl=43 time=37.9 ms
08-11 13:01:50.127 26265 26840 D cellinfo: 46 bytes from 44.241.174.93: icmp_seq=152 ttl=43 time=37.7 ms
08-11 13:01:50.327 26265 26840 D cellinfo: 46 bytes from 44.241.174.93: icmp_seq=153 ttl=43 time=36.6 ms
08-11 13:01:50.537 26265 26840 D cellinfo: 46 bytes from 44.241.174.93: icmp_seq=154 ttl=43 time=46.0 ms
08-11 13:01:50.727 26265 26840 D cellinfo: 46 bytes from 44.241.174.93: icmp_seq=155 ttl=43 time=34.6 ms
08-11 13:01:50.932 26265 26840 D cellinfo: 46 bytes from 44.241.174.93: icmp_seq=156 ttl=43 time=38.3 ms
08-11 13:01:50.963 26265 26265 D cellinfo: Latitude is 39.726847
08-11 13:01:50.963 26265 26265 D cellinfo: Longitude is -105.0247777
08-11 13:01:50.963 26265 26265 D cellinfo: Instantaneous GPS information: United States, Federal Blvd & W 6th Ave, Denver, CO 80204, USA
08-11 13:01:50.963 26265 26265 D cellinfo: getCurrentLocation() result: Location (success): 39.726847, -105.0247777
08-11 13:01:51.031 26265 26265 D cellinfo: onCellInfoChanged: Operator:  UpdateTimestamp: 68385327 CellConnectionStatus: 1
08-11 13:01:51.031 26265 26265 D cellinfo: onCellInfoChanged: 5G-NR Cell Bands: [] ARFCN: 528000 Cell ID: 9223372036854775807 Physical Cell ID: 73 Tracking Area Code: 16777215
08-11 13:01:51.136 26265 26840 D cellinfo: 46 bytes from 44.241.174.93: icmp_seq=157 ttl=43 time=41.9 ms
08-11 13:01:51.336 26265 26840 D cellinfo: 46 bytes from 44.241.174.93: icmp_seq=158 ttl=43 time=40.9 ms
08-11 13:01:51.537 26265 26840 D cellinfo: 46 bytes from 44.241.174.93: icmp_seq=159 ttl=43 time=40.8 ms
08-11 13:01:51.732 26265 26840 D cellinfo: 46 bytes from 44.241.174.93: icmp_seq=160 ttl=43 time=35.6 ms
08-11 13:01:51.933 26265 26840 D cellinfo: 46 bytes from 44.241.174.93: icmp_seq=161 ttl=43 time=35.9 ms
08-11 13:01:52.132 26265 26840 D cellinfo: 46 bytes from 44.241.174.93: icmp_seq=162 ttl=43 time=35.3 ms
08-11 13:01:52.336 26265 26840 D cellinfo: 46 bytes from 44.241.174.93: icmp_seq=163 ttl=43 time=37.5 ms
08-11 13:01:52.538 26265 26840 D cellinfo: 46 bytes from 44.241.174.93: icmp_seq=164 ttl=43 time=38.1 ms
08-11 13:01:52.743 26265 26840 D cellinfo: 46 bytes from 44.241.174.93: icmp_seq=165 ttl=43 time=43.1 ms
08-11 13:01:52.938 26265 26840 D cellinfo: 46 bytes from 44.241.174.93: icmp_seq=166 ttl=43 time=36.4 ms
08-11 13:01:53.137 26265 26840 D cellinfo: 46 bytes from 44.241.174.93: icmp_seq=167 ttl=43 time=35.2 ms
08-11 13:01:53.341 26265 26840 D cellinfo: 46 bytes from 44.241.174.93: icmp_seq=168 ttl=43 time=38.4 ms
08-11 13:01:53.542 26265 26840 D cellinfo: 46 bytes from 44.241.174.93: icmp_seq=169 ttl=43 time=37.3 ms
08-11 13:01:53.745 26265 26840 D cellinfo: 46 bytes from 44.241.174.93: icmp_seq=170 ttl=43 time=40.2 ms
08-11 13:01:53.952 26265 26840 D cellinfo: 46 bytes from 44.241.174.93: icmp_seq=171 ttl=43 time=45.7 ms
08-11 13:01:53.969 26265 26265 D cellinfo: Latitude is 39.726847
08-11 13:01:53.970 26265 26265 D cellinfo: Longitude is -105.0247777
08-11 13:01:53.970 26265 26265 D cellinfo: Instantaneous GPS information: United States, Federal Blvd & W 6th Ave, Denver, CO 80204, USA
08-11 13:01:53.970 26265 26265 D cellinfo: getCurrentLocation() result: Location (success): 39.726847, -105.0247777
08-11 13:01:54.021 26265 26265 D cellinfo: onCellInfoChanged: Operator:  UpdateTimestamp: 68388316 CellConnectionStatus: 1
08-11 13:01:54.021 26265 26265 D cellinfo: onCellInfoChanged: 5G-NR Cell Bands: [] ARFCN: 528000 Cell ID: 9223372036854775807 Physical Cell ID: 73 Tracking Area Code: 16777215
08-11 13:01:54.142 26265 26840 D cellinfo: 46 bytes from 44.241.174.93: icmp_seq=172 ttl=43 time=35.2 ms
08-11 13:01:54.347 26265 26840 D cellinfo: 46 bytes from 44.241.174.93: icmp_seq=173 ttl=43 time=39.1 ms
08-11 13:01:54.554 26265 26840 D cellinfo: 46 bytes from 44.241.174.93: icmp_seq=174 ttl=43 time=44.5 ms
08-11 13:01:54.748 26265 26840 D cellinfo: 46 bytes from 44.241.174.93: icmp_seq=175 ttl=43 time=38.2 ms
08-11 13:01:54.946 26265 26840 D cellinfo: 46 bytes from 44.241.174.93: icmp_seq=176 ttl=43 time=36.0 ms
08-11 13:01:55.147 26265 26840 D cellinfo: 46 bytes from 44.241.174.93: icmp_seq=177 ttl=43 time=35.8 ms
08-11 13:01:55.348 26265 26840 D cellinfo: 46 bytes from 44.241.174.93: icmp_seq=178 ttl=43 time=36.3 ms
08-11 13:01:55.548 26265 26840 D cellinfo: 46 bytes from 44.241.174.93: icmp_seq=179 ttl=43 time=34.5 ms
08-11 13:01:55.752 26265 26840 D cellinfo: 46 bytes from 44.241.174.93: icmp_seq=180 ttl=43 time=38.0 ms
08-11 13:01:55.951 26265 26840 D cellinfo: 46 bytes from 44.241.174.93: icmp_seq=181 ttl=43 time=36.3 ms
08-11 13:01:56.154 26265 26840 D cellinfo: 46 bytes from 44.241.174.93: icmp_seq=182 ttl=43 time=35.8 ms
08-11 13:01:56.357 26265 26840 D cellinfo: 46 bytes from 44.241.174.93: icmp_seq=183 ttl=43 time=40.2 ms
08-11 13:01:56.552 26265 26840 D cellinfo: 46 bytes from 44.241.174.93: icmp_seq=184 ttl=43 time=33.6 ms
08-11 13:01:56.757 26265 26840 D cellinfo: 46 bytes from 44.241.174.93: icmp_seq=185 ttl=43 time=38.1 ms
08-11 13:01:56.958 26265 26840 D cellinfo: 46 bytes from 44.241.174.93: icmp_seq=186 ttl=43 time=37.6 ms
08-11 13:01:57.160 26265 26840 D cellinfo: 46 bytes from 44.241.174.93: icmp_seq=187 ttl=43 time=37.5 ms
08-11 13:01:57.221 26265 26265 D cellinfo: Latitude is 39.7268476
08-11 13:01:57.221 26265 26265 D cellinfo: Longitude is -105.0247928
08-11 13:01:57.221 26265 26265 D cellinfo: Instantaneous GPS information: United States, Federal Blvd & W 6th Ave, Denver, CO 80204, USA
08-11 13:01:57.222 26265 26265 D cellinfo: getCurrentLocation() result: Location (success): 39.7268476, -105.0247928
08-11 13:01:57.225 26265 26265 D cellinfo: onCellInfoChanged: Operator:  UpdateTimestamp: 68391312 CellConnectionStatus: 1
08-11 13:01:57.225 26265 26265 D cellinfo: onCellInfoChanged: 5G-NR Cell Bands: [] ARFCN: 528000 Cell ID: 9223372036854775807 Physical Cell ID: 73 Tracking Area Code: 16777215
08-11 13:01:57.362 26265 26840 D cellinfo: 46 bytes from 44.241.174.93: icmp_seq=188 ttl=43 time=39.4 ms
08-11 13:01:57.562 26265 26840 D cellinfo: 46 bytes from 44.241.174.93: icmp_seq=189 ttl=43 time=37.8 ms
08-11 13:01:57.762 26265 26840 D cellinfo: 46 bytes from 44.241.174.93: icmp_seq=190 ttl=43 time=37.0 ms
08-11 13:01:57.962 26265 26840 D cellinfo: 46 bytes from 44.241.174.93: icmp_seq=191 ttl=43 time=36.2 ms
08-11 13:01:58.168 26265 26840 D cellinfo: 46 bytes from 44.241.174.93: icmp_seq=192 ttl=43 time=41.2 ms
08-11 13:01:58.362 26265 26840 D cellinfo: 46 bytes from 44.241.174.93: icmp_seq=193 ttl=43 time=34.7 ms
08-11 13:01:58.563 26265 26840 D cellinfo: 46 bytes from 44.241.174.93: icmp_seq=194 ttl=43 time=33.9 ms
08-11 13:01:58.771 26265 26840 D cellinfo: 46 bytes from 44.241.174.93: icmp_seq=195 ttl=43 time=41.8 ms
08-11 13:01:58.968 26265 26840 D cellinfo: 46 bytes from 44.241.174.93: icmp_seq=196 ttl=43 time=37.5 ms
08-11 13:01:59.167 26265 26840 D cellinfo: 46 bytes from 44.241.174.93: icmp_seq=197 ttl=43 time=36.4 ms
08-11 13:01:59.370 26265 26840 D cellinfo: 46 bytes from 44.241.174.93: icmp_seq=198 ttl=43 time=38.3 ms
08-11 13:01:59.570 26265 26840 D cellinfo: 46 bytes from 44.241.174.93: icmp_seq=199 ttl=43 time=37.8 ms
08-11 13:01:59.772 26265 26840 D cellinfo: 46 bytes from 44.241.174.93: icmp_seq=200 ttl=43 time=38.6 ms
08-11 13:01:59.959 26265 26265 D cellinfo: Latitude is 39.7268476
08-11 13:01:59.959 26265 26265 D cellinfo: Longitude is -105.0247928
08-11 13:01:59.959 26265 26265 D cellinfo: Instantaneous GPS information: United States, Federal Blvd & W 6th Ave, Denver, CO 80204, USA
08-11 13:01:59.959 26265 26265 D cellinfo: getCurrentLocation() result: Location (success): 39.7268476, -105.0247928
08-11 13:01:59.972 26265 26840 D cellinfo: 46 bytes from 44.241.174.93: icmp_seq=201 ttl=43 time=38.1 ms
08-11 13:02:00.020 26265 26265 D cellinfo: onCellInfoChanged: Operator:  UpdateTimestamp: 68394315 CellConnectionStatus: 1
08-11 13:02:00.020 26265 26265 D cellinfo: onCellInfoChanged: 5G-NR Cell Bands: [] ARFCN: 528000 Cell ID: 9223372036854775807 Physical Cell ID: 73 Tracking Area Code: 16777215
08-11 13:02:00.172 26265 26840 D cellinfo: 46 bytes from 44.241.174.93: icmp_seq=202 ttl=43 time=37.7 ms
08-11 13:02:00.373 26265 26840 D cellinfo: 46 bytes from 44.241.174.93: icmp_seq=203 ttl=43 time=37.4 ms
08-11 13:02:00.572 26265 26840 D cellinfo: 46 bytes from 44.241.174.93: icmp_seq=204 ttl=43 time=35.4 ms
08-11 13:02:00.772 26265 26840 D cellinfo: 46 bytes from 44.241.174.93: icmp_seq=205 ttl=43 time=34.6 ms
08-11 13:02:00.971 26265 26840 D cellinfo: 46 bytes from 44.241.174.93: icmp_seq=206 ttl=43 time=33.1 ms
08-11 13:02:01.178 26265 26840 D cellinfo: 46 bytes from 44.241.174.93: icmp_seq=207 ttl=43 time=39.4 ms
08-11 13:02:01.377 26265 26840 D cellinfo: 46 bytes from 44.241.174.93: icmp_seq=208 ttl=43 time=36.6 ms
08-11 13:02:01.578 26265 26840 D cellinfo: 46 bytes from 44.241.174.93: icmp_seq=209 ttl=43 time=36.9 ms
08-11 13:02:01.779 26265 26840 D cellinfo: 46 bytes from 44.241.174.93: icmp_seq=210 ttl=43 time=36.0 ms
08-11 13:02:01.986 26265 26840 D cellinfo: 46 bytes from 44.241.174.93: icmp_seq=211 ttl=43 time=42.4 ms
08-11 13:02:02.184 26265 26840 D cellinfo: 46 bytes from 44.241.174.93: icmp_seq=212 ttl=43 time=40.5 ms
08-11 13:02:02.381 26265 26840 D cellinfo: 46 bytes from 44.241.174.93: icmp_seq=213 ttl=43 time=37.0 ms
08-11 13:02:02.582 26265 26840 D cellinfo: 46 bytes from 44.241.174.93: icmp_seq=214 ttl=43 time=36.5 ms
08-11 13:02:02.782 26265 26840 D cellinfo: 46 bytes from 44.241.174.93: icmp_seq=215 ttl=43 time=36.0 ms
08-11 13:02:02.992 26265 26840 D cellinfo: 46 bytes from 44.241.174.93: icmp_seq=216 ttl=43 time=45.6 ms
08-11 13:02:02.992 26265 26265 D cellinfo: onCellInfoChanged: Operator:  UpdateTimestamp: 68397288 CellConnectionStatus: 1
08-11 13:02:02.992 26265 26265 D cellinfo: onCellInfoChanged: 5G-NR Cell Bands: [] ARFCN: 528000 Cell ID: 9223372036854775807 Physical Cell ID: 73 Tracking Area Code: 16777215
08-11 13:02:03.192 26265 26840 D cellinfo: 46 bytes from 44.241.174.93: icmp_seq=217 ttl=43 time=44.2 ms
08-11 13:02:03.387 26265 26840 D cellinfo: 46 bytes from 44.241.174.93: icmp_seq=218 ttl=43 time=38.3 ms
08-11 13:02:03.587 26265 26840 D cellinfo: 46 bytes from 44.241.174.93: icmp_seq=219 ttl=43 time=37.1 ms
08-11 13:02:03.788 26265 26840 D cellinfo: 46 bytes from 44.241.174.93: icmp_seq=220 ttl=43 time=37.0 ms
08-11 13:02:03.998 26265 26840 D cellinfo: 46 bytes from 44.241.174.93: icmp_seq=221 ttl=43 time=46.4 ms
08-11 13:02:04.151 26265 26265 D cellinfo: Latitude is 39.7268559
08-11 13:02:04.151 26265 26265 D cellinfo: Longitude is -105.0248655
08-11 13:02:04.151 26265 26265 D cellinfo: Instantaneous GPS information: United States, Federal Blvd & W 6th Ave, Denver, CO 80204, USA
08-11 13:02:04.151 26265 26265 D cellinfo: getCurrentLocation() result: Location (success): 39.7268559, -105.0248655
08-11 13:02:04.185 26265 26840 D cellinfo: 46 bytes from 44.241.174.93: icmp_seq=222 ttl=43 time=32.9 ms
08-11 13:02:04.391 26265 26840 D cellinfo: 46 bytes from 44.241.174.93: icmp_seq=223 ttl=43 time=37.2 ms
08-11 13:02:04.593 26265 26840 D cellinfo: 46 bytes from 44.241.174.93: icmp_seq=224 ttl=43 time=38.7 ms
08-11 13:02:04.793 26265 26840 D cellinfo: 46 bytes from 44.241.174.93: icmp_seq=225 ttl=43 time=37.5 ms
08-11 13:02:04.994 26265 26840 D cellinfo: 46 bytes from 44.241.174.93: icmp_seq=226 ttl=43 time=37.1 ms
08-11 13:02:05.199 26265 26840 D cellinfo: 46 bytes from 44.241.174.93: icmp_seq=227 ttl=43 time=41.9 ms
08-11 13:02:05.396 26265 26840 D cellinfo: 46 bytes from 44.241.174.93: icmp_seq=228 ttl=43 time=37.6 ms
08-11 13:02:05.594 26265 26840 D cellinfo: 46 bytes from 44.241.174.93: icmp_seq=229 ttl=43 time=35.1 ms
08-11 13:02:05.799 26265 26840 D cellinfo: 46 bytes from 44.241.174.93: icmp_seq=230 ttl=43 time=39.2 ms
08-11 13:02:05.953 26265 26265 D cellinfo: Latitude is 39.7268559
08-11 13:02:05.953 26265 26265 D cellinfo: Longitude is -105.0248655
08-11 13:02:05.953 26265 26265 D cellinfo: Instantaneous GPS information: United States, Federal Blvd & W 6th Ave, Denver, CO 80204, USA
08-11 13:02:05.954 26265 26265 D cellinfo: getCurrentLocation() result: Location (success): 39.7268559, -105.0248655
08-11 13:02:05.996 26265 26840 D cellinfo: 46 bytes from 44.241.174.93: icmp_seq=231 ttl=43 time=35.5 ms
08-11 13:02:06.014 26265 26265 D cellinfo: onCellInfoChanged: Operator:  UpdateTimestamp: 68400303 CellConnectionStatus: 1
08-11 13:02:06.014 26265 26265 D cellinfo: onCellInfoChanged: 5G-NR Cell Bands: [] ARFCN: 528000 Cell ID: 9223372036854775807 Physical Cell ID: 73 Tracking Area Code: 16777215
08-11 13:02:06.201 26265 26840 D cellinfo: 46 bytes from 44.241.174.93: icmp_seq=232 ttl=43 time=38.8 ms
08-11 13:02:06.399 26265 26840 D cellinfo: 46 bytes from 44.241.174.93: icmp_seq=233 ttl=43 time=35.8 ms
08-11 13:02:06.598 26265 26840 D cellinfo: 46 bytes from 44.241.174.93: icmp_seq=234 ttl=43 time=34.9 ms
08-11 13:02:06.803 26265 26840 D cellinfo: 46 bytes from 44.241.174.93: icmp_seq=235 ttl=43 time=38.5 ms
08-11 13:02:07.003 26265 26840 D cellinfo: 46 bytes from 44.241.174.93: icmp_seq=236 ttl=43 time=37.5 ms
08-11 13:02:07.204 26265 26840 D cellinfo: 46 bytes from 44.241.174.93: icmp_seq=237 ttl=43 time=37.7 ms
08-11 13:02:07.407 26265 26840 D cellinfo: 46 bytes from 44.241.174.93: icmp_seq=238 ttl=43 time=39.8 ms
08-11 13:02:07.606 26265 26840 D cellinfo: 46 bytes from 44.241.174.93: icmp_seq=239 ttl=43 time=38.3 ms
08-11 13:02:07.816 26265 26840 D cellinfo: 46 bytes from 44.241.174.93: icmp_seq=240 ttl=43 time=47.4 ms
08-11 13:02:08.008 26265 26840 D cellinfo: 46 bytes from 44.241.174.93: icmp_seq=241 ttl=43 time=37.6 ms
08-11 13:02:08.213 26265 26840 D cellinfo: 46 bytes from 44.241.174.93: icmp_seq=242 ttl=43 time=43.4 ms
08-11 13:02:08.412 26265 26840 D cellinfo: 46 bytes from 44.241.174.93: icmp_seq=243 ttl=43 time=40.8 ms
08-11 13:02:08.613 26265 26840 D cellinfo: 46 bytes from 44.241.174.93: icmp_seq=244 ttl=43 time=40.6 ms
08-11 13:02:08.815 26265 26840 D cellinfo: 46 bytes from 44.241.174.93: icmp_seq=245 ttl=43 time=42.7 ms
08-11 13:02:08.952 26265 26265 D cellinfo: Latitude is 39.7268559
08-11 13:02:08.952 26265 26265 D cellinfo: Longitude is -105.0248655
08-11 13:02:08.952 26265 26265 D cellinfo: Instantaneous GPS information: United States, Federal Blvd & W 6th Ave, Denver, CO 80204, USA
08-11 13:02:08.952 26265 26265 D cellinfo: getCurrentLocation() result: Location (success): 39.7268559, -105.0248655
08-11 13:02:09.013 26265 26840 D cellinfo: 46 bytes from 44.241.174.93: icmp_seq=246 ttl=43 time=39.5 ms
08-11 13:02:09.030 26265 26265 D cellinfo: onCellInfoChanged: Operator:  UpdateTimestamp: 68403300 CellConnectionStatus: 1
08-11 13:02:09.030 26265 26265 D cellinfo: onCellInfoChanged: 5G-NR Cell Bands: [] ARFCN: 528000 Cell ID: 9223372036854775807 Physical Cell ID: 73 Tracking Area Code: 16777215
08-11 13:02:09.218 26265 26840 D cellinfo: 46 bytes from 44.241.174.93: icmp_seq=247 ttl=43 time=44.4 ms
08-11 13:02:09.413 26265 26840 D cellinfo: 46 bytes from 44.241.174.93: icmp_seq=248 ttl=43 time=37.1 ms
08-11 13:02:09.622 26265 26840 D cellinfo: 46 bytes from 44.241.174.93: icmp_seq=249 ttl=43 time=44.5 ms
08-11 13:02:09.816 26265 26840 D cellinfo: 46 bytes from 44.241.174.93: icmp_seq=250 ttl=43 time=38.8 ms
08-11 13:02:10.017 26265 26840 D cellinfo: 46 bytes from 44.241.174.93: icmp_seq=251 ttl=43 time=38.8 ms
08-11 13:02:10.215 26265 26840 D cellinfo: 46 bytes from 44.241.174.93: icmp_seq=252 ttl=43 time=37.5 ms
08-11 13:02:10.419 26265 26840 D cellinfo: 46 bytes from 44.241.174.93: icmp_seq=253 ttl=43 time=39.4 ms
08-11 13:02:10.618 26265 26840 D cellinfo: 46 bytes from 44.241.174.93: icmp_seq=254 ttl=43 time=39.1 ms
08-11 13:02:10.819 26265 26840 D cellinfo: 46 bytes from 44.241.174.93: icmp_seq=255 ttl=43 time=38.1 ms
08-11 13:02:11.021 26265 26840 D cellinfo: 46 bytes from 44.241.174.93: icmp_seq=256 ttl=43 time=38.7 ms
08-11 13:02:11.222 26265 26840 D cellinfo: 46 bytes from 44.241.174.93: icmp_seq=257 ttl=43 time=40.4 ms
08-11 13:02:11.422 26265 26840 D cellinfo: 46 bytes from 44.241.174.93: icmp_seq=258 ttl=43 time=39.7 ms
08-11 13:02:11.623 26265 26840 D cellinfo: 46 bytes from 44.241.174.93: icmp_seq=259 ttl=43 time=40.0 ms
08-11 13:02:11.825 26265 26840 D cellinfo: 46 bytes from 44.241.174.93: icmp_seq=260 ttl=43 time=42.0 ms
08-11 13:02:11.964 26265 26265 D cellinfo: Latitude is 39.7268559
08-11 13:02:11.964 26265 26265 D cellinfo: Longitude is -105.0248655
08-11 13:02:11.964 26265 26265 D cellinfo: Instantaneous GPS information: United States, Federal Blvd & W 6th Ave, Denver, CO 80204, USA
08-11 13:02:11.964 26265 26265 D cellinfo: getCurrentLocation() result: Location (success): 39.7268559, -105.0248655
08-11 13:02:12.022 26265 26265 D cellinfo: onCellInfoChanged: Operator:  UpdateTimestamp: 68406317 CellConnectionStatus: 1
08-11 13:02:12.023 26265 26265 D cellinfo: onCellInfoChanged: 5G-NR Cell Bands: [] ARFCN: 528000 Cell ID: 9223372036854775807 Physical Cell ID: 73 Tracking Area Code: 16777215
08-11 13:02:12.028 26265 26840 D cellinfo: 46 bytes from 44.241.174.93: icmp_seq=261 ttl=43 time=44.5 ms
08-11 13:02:12.232 26265 26840 D cellinfo: 46 bytes from 44.241.174.93: icmp_seq=262 ttl=43 time=47.8 ms
08-11 13:02:12.427 26265 26840 D cellinfo: 46 bytes from 44.241.174.93: icmp_seq=263 ttl=43 time=42.5 ms
08-11 13:02:12.626 26265 26840 D cellinfo: 46 bytes from 44.241.174.93: icmp_seq=264 ttl=43 time=39.1 ms
08-11 13:02:12.831 26265 26840 D cellinfo: 46 bytes from 44.241.174.93: icmp_seq=265 ttl=43 time=43.6 ms
08-11 13:02:13.031 26265 26840 D cellinfo: 46 bytes from 44.241.174.93: icmp_seq=266 ttl=43 time=43.3 ms
08-11 13:02:13.231 26265 26840 D cellinfo: 46 bytes from 44.241.174.93: icmp_seq=267 ttl=43 time=43.5 ms
08-11 13:02:13.448 26265 26840 D cellinfo: 46 bytes from 44.241.174.93: icmp_seq=268 ttl=43 time=59.2 ms
08-11 13:02:13.633 26265 26840 D cellinfo: 46 bytes from 44.241.174.93: icmp_seq=269 ttl=43 time=42.8 ms
08-11 13:02:13.830 26265 26840 D cellinfo: 46 bytes from 44.241.174.93: icmp_seq=270 ttl=43 time=39.5 ms
08-11 13:02:14.039 26265 26840 D cellinfo: 46 bytes from 44.241.174.93: icmp_seq=271 ttl=43 time=46.8 ms
08-11 13:02:14.228 26265 26840 D cellinfo: 46 bytes from 44.241.174.93: icmp_seq=272 ttl=43 time=35.8 ms
08-11 13:02:14.428 26265 26840 D cellinfo: 46 bytes from 44.241.174.93: icmp_seq=273 ttl=43 time=35.2 ms
08-11 13:02:14.627 26265 26840 D cellinfo: 46 bytes from 44.241.174.93: icmp_seq=274 ttl=43 time=33.8 ms
08-11 13:02:14.840 26265 26840 D cellinfo: 46 bytes from 44.241.174.93: icmp_seq=275 ttl=43 time=46.1 ms
08-11 13:02:15.046 26265 26840 D cellinfo: 46 bytes from 44.241.174.93: icmp_seq=276 ttl=43 time=51.6 ms
08-11 13:02:15.237 26265 26840 D cellinfo: 46 bytes from 44.241.174.93: icmp_seq=277 ttl=43 time=41.0 ms
08-11 13:02:15.243 26265 26265 D cellinfo: Latitude is 39.7269119
08-11 13:02:15.243 26265 26265 D cellinfo: Longitude is -105.0249687
08-11 13:02:15.243 26265 26265 D cellinfo: Instantaneous GPS information: United States, Federal Blvd & W 6th Ave, Denver, CO 80204, USA
08-11 13:02:15.243 26265 26265 D cellinfo: getCurrentLocation() result: Location (success): 39.7269119, -105.0249687
08-11 13:02:15.443 26265 26840 D cellinfo: 46 bytes from 44.241.174.93: icmp_seq=278 ttl=43 time=46.2 ms
08-11 13:02:15.640 26265 26840 D cellinfo: 46 bytes from 44.241.174.93: icmp_seq=279 ttl=43 time=42.0 ms
08-11 13:02:15.833 26265 26840 D cellinfo: 46 bytes from 44.241.174.93: icmp_seq=280 ttl=43 time=34.6 ms
08-11 13:02:16.033 26265 26840 D cellinfo: 46 bytes from 44.241.174.93: icmp_seq=281 ttl=43 time=33.9 ms
08-11 13:02:16.244 26265 26840 D cellinfo: 46 bytes from 44.241.174.93: icmp_seq=282 ttl=43 time=44.9 ms
08-11 13:02:16.448 26265 26840 D cellinfo: 46 bytes from 44.241.174.93: icmp_seq=283 ttl=43 time=48.2 ms
08-11 13:02:16.639 26265 26840 D cellinfo: 46 bytes from 44.241.174.93: icmp_seq=284 ttl=43 time=37.7 ms
08-11 13:02:16.838 26265 26840 D cellinfo: 46 bytes from 44.241.174.93: icmp_seq=285 ttl=43 time=36.5 ms
08-11 13:02:17.038 26265 26840 D cellinfo: 46 bytes from 44.241.174.93: icmp_seq=286 ttl=43 time=36.1 ms
08-11 13:02:17.238 26265 26840 D cellinfo: 46 bytes from 44.241.174.93: icmp_seq=287 ttl=43 time=35.3 ms
08-11 13:02:17.467 26265 26840 D cellinfo: 46 bytes from 44.241.174.93: icmp_seq=288 ttl=43 time=62.8 ms
08-11 13:02:17.645 26265 26840 D cellinfo: 46 bytes from 44.241.174.93: icmp_seq=289 ttl=43 time=40.7 ms
08-11 13:02:17.853 26265 26840 D cellinfo: 46 bytes from 44.241.174.93: icmp_seq=290 ttl=43 time=48.0 ms
08-11 13:02:17.955 26265 26265 D cellinfo: Latitude is 39.7269119
08-11 13:02:17.955 26265 26265 D cellinfo: Longitude is -105.0249687
08-11 13:02:17.955 26265 26265 D cellinfo: Instantaneous GPS information: United States, Federal Blvd & W 6th Ave, Denver, CO 80204, USA
08-11 13:02:17.955 26265 26265 D cellinfo: getCurrentLocation() result: Location (success): 39.7269119, -105.0249687
08-11 13:02:18.042 26265 26840 D cellinfo: 46 bytes from 44.241.174.93: icmp_seq=291 ttl=43 time=36.4 ms
08-11 13:02:18.121 26265 26265 D cellinfo: onCellInfoChanged: Operator:  UpdateTimestamp: 68412416 CellConnectionStatus: 1
08-11 13:02:18.121 26265 26265 D cellinfo: onCellInfoChanged: 5G-NR Cell Bands: [] ARFCN: 528000 Cell ID: 9223372036854775807 Physical Cell ID: 73 Tracking Area Code: 16777215
08-11 13:02:18.254 26265 26840 D cellinfo: 46 bytes from 44.241.174.93: icmp_seq=292 ttl=43 time=47.7 ms
08-11 13:02:18.442 26265 26840 D cellinfo: 46 bytes from 44.241.174.93: icmp_seq=293 ttl=43 time=34.2 ms
08-11 13:02:18.653 26265 26840 D cellinfo: 46 bytes from 44.241.174.93: icmp_seq=294 ttl=43 time=45.0 ms
08-11 13:02:18.842 26265 26840 D cellinfo: 46 bytes from 44.241.174.93: icmp_seq=295 ttl=43 time=32.6 ms
08-11 13:02:19.053 26265 26840 D cellinfo: 46 bytes from 44.241.174.93: icmp_seq=296 ttl=43 time=43.3 ms
08-11 13:02:19.247 26265 26840 D cellinfo: 46 bytes from 44.241.174.93: icmp_seq=297 ttl=43 time=37.2 ms
08-11 13:02:19.448 26265 26840 D cellinfo: 46 bytes from 44.241.174.93: icmp_seq=298 ttl=43 time=36.6 ms
08-11 13:02:19.649 26265 26840 D cellinfo: 46 bytes from 44.241.174.93: icmp_seq=299 ttl=43 time=36.6 ms
08-11 13:02:19.863 26265 26840 D cellinfo: 46 bytes from 44.241.174.93: icmp_seq=300 ttl=43 time=50.9 ms
08-11 13:02:20.062 26265 26840 D cellinfo: 46 bytes from 44.241.174.93: icmp_seq=301 ttl=43 time=48.8 ms
08-11 13:02:20.253 26265 26840 D cellinfo: 46 bytes from 44.241.174.93: icmp_seq=302 ttl=43 time=38.8 ms
08-11 13:02:20.453 26265 26840 D cellinfo: 46 bytes from 44.241.174.93: icmp_seq=303 ttl=43 time=38.4 ms
08-11 13:02:20.652 26265 26840 D cellinfo: 46 bytes from 44.241.174.93: icmp_seq=304 ttl=43 time=36.2 ms
08-11 13:02:20.852 26265 26840 D cellinfo: 46 bytes from 44.241.174.93: icmp_seq=305 ttl=43 time=35.5 ms
08-11 13:02:20.955 26265 26265 D cellinfo: Latitude is 39.7269119
08-11 13:02:20.955 26265 26265 D cellinfo: Longitude is -105.0249687
08-11 13:02:20.955 26265 26265 D cellinfo: Instantaneous GPS information: United States, Federal Blvd & W 6th Ave, Denver, CO 80204, USA
08-11 13:02:20.955 26265 26265 D cellinfo: getCurrentLocation() result: Location (success): 39.7269119, -105.0249687
08-11 13:02:21.057 26265 26840 D cellinfo: 46 bytes from 44.241.174.93: icmp_seq=306 ttl=43 time=38.7 ms
08-11 13:02:21.252 26265 26840 D cellinfo: 46 bytes from 44.241.174.93: icmp_seq=307 ttl=43 time=33.5 ms
08-11 13:02:21.453 26265 26840 D cellinfo: 46 bytes from 44.241.174.93: icmp_seq=308 ttl=43 time=33.9 ms
08-11 13:02:21.654 26265 26840 D cellinfo: 46 bytes from 44.241.174.93: icmp_seq=309 ttl=43 time=33.7 ms
08-11 13:02:21.871 26265 26840 D cellinfo: 46 bytes from 44.241.174.93: icmp_seq=310 ttl=43 time=51.2 ms
08-11 13:02:22.062 26265 26840 D cellinfo: 46 bytes from 44.241.174.93: icmp_seq=311 ttl=43 time=41.1 ms
08-11 13:02:22.170 26265 26265 D cellinfo: onsignalStrengthsChanged: LTE Signal Strength info: rsrp: -100 rsrq: -17 rssi: -63 rssnr: -6
08-11 13:02:22.170 26265 26265 D cellinfo: onsignalStrengthsChanged: 5G-NR Signal Strength info: ssrsrp: -94 ssrsrq: -14 sssinr: 2
08-11 13:02:22.262 26265 26840 D cellinfo: 46 bytes from 44.241.174.93: icmp_seq=312 ttl=43 time=39.7 ms
08-11 13:02:22.467 26265 26840 D cellinfo: 46 bytes from 44.241.174.93: icmp_seq=313 ttl=43 time=44.8 ms
08-11 13:02:22.698 26265 26840 D cellinfo: 46 bytes from 44.241.174.93: icmp_seq=314 ttl=43 time=75.4 ms
08-11 13:02:22.903 26265 26840 D cellinfo: 46 bytes from 44.241.174.93: icmp_seq=315 ttl=43 time=78.7 ms
08-11 13:02:23.103 26265 26840 D cellinfo: 46 bytes from 44.241.174.93: icmp_seq=316 ttl=43 time=77.6 ms
08-11 13:02:23.297 26265 26840 D cellinfo: 46 bytes from 44.241.174.93: icmp_seq=317 ttl=43 time=71.5 ms
08-11 13:02:23.499 26265 26840 D cellinfo: 46 bytes from 44.241.174.93: icmp_seq=318 ttl=43 time=73.0 ms
08-11 13:02:23.700 26265 26840 D cellinfo: 46 bytes from 44.241.174.93: icmp_seq=319 ttl=43 time=72.4 ms
08-11 13:02:23.898 26265 26840 D cellinfo: 46 bytes from 44.241.174.93: icmp_seq=320 ttl=43 time=70.9 ms
08-11 13:02:24.088 26265 26840 D cellinfo: 46 bytes from 44.241.174.93: icmp_seq=321 ttl=43 time=59.6 ms
08-11 13:02:24.148 26265 26265 D cellinfo: onCellInfoChanged: Operator:  UpdateTimestamp: 68418442 CellConnectionStatus: 1
08-11 13:02:24.148 26265 26265 D cellinfo: onCellInfoChanged: 5G-NR Cell Bands: [] ARFCN: 528000 Cell ID: 9223372036854775807 Physical Cell ID: 73 Tracking Area Code: 16777215
08-11 13:02:24.302 26265 26840 D cellinfo: 46 bytes from 44.241.174.93: icmp_seq=322 ttl=43 time=73.9 ms
08-11 13:02:24.498 26265 26840 D cellinfo: 46 bytes from 44.241.174.93: icmp_seq=323 ttl=43 time=69.1 ms
08-11 13:02:24.696 26265 26840 D cellinfo: 46 bytes from 44.241.174.93: icmp_seq=324 ttl=43 time=66.3 ms
08-11 13:02:24.900 26265 26840 D cellinfo: 46 bytes from 44.241.174.93: icmp_seq=325 ttl=43 time=69.5 ms
08-11 13:02:25.105 26265 26840 D cellinfo: 46 bytes from 44.241.174.93: icmp_seq=326 ttl=43 time=73.5 ms
08-11 13:02:25.221 26265 26265 D cellinfo: Latitude is 39.7287017
08-11 13:02:25.221 26265 26265 D cellinfo: Longitude is -105.025035
08-11 13:02:25.221 26265 26265 D cellinfo: Instantaneous GPS information: United States, 792 Federal Blvd, Denver, CO 80204, USA
08-11 13:02:25.221 26265 26265 D cellinfo: getCurrentLocation() result: Location (success): 39.7287017, -105.025035
08-11 13:02:25.247 26265 26265 D cellinfo: onsignalStrengthsChanged: LTE Signal Strength info: rsrp: -97 rsrq: -14 rssi: -63 rssnr: 1
08-11 13:02:25.247 26265 26265 D cellinfo: onsignalStrengthsChanged: 5G-NR Signal Strength info: ssrsrp: -93 ssrsrq: -15 sssinr: -1
08-11 13:02:25.302 26265 26840 D cellinfo: 46 bytes from 44.241.174.93: icmp_seq=327 ttl=43 time=69.2 ms
08-11 13:02:25.496 26265 26840 D cellinfo: 46 bytes from 44.241.174.93: icmp_seq=328 ttl=43 time=61.5 ms
08-11 13:02:25.701 26265 26840 D cellinfo: 46 bytes from 44.241.174.93: icmp_seq=329 ttl=43 time=65.0 ms
08-11 13:02:25.897 26265 26840 D cellinfo: 46 bytes from 44.241.174.93: icmp_seq=330 ttl=43 time=60.6 ms
08-11 13:02:26.103 26265 26840 D cellinfo: 46 bytes from 44.241.174.93: icmp_seq=331 ttl=43 time=65.5 ms
08-11 13:02:26.301 26265 26840 D cellinfo: 46 bytes from 44.241.174.93: icmp_seq=332 ttl=43 time=63.5 ms
08-11 13:02:26.504 26265 26840 D cellinfo: 46 bytes from 44.241.174.93: icmp_seq=333 ttl=43 time=65.0 ms
08-11 13:02:26.706 26265 26840 D cellinfo: 46 bytes from 44.241.174.93: icmp_seq=334 ttl=43 time=65.4 ms
08-11 13:02:26.943 26265 26840 D cellinfo: 46 bytes from 44.241.174.93: icmp_seq=335 ttl=43 time=102 ms
08-11 13:02:26.981 26265 26265 D cellinfo: Latitude is 39.7287017
08-11 13:02:26.981 26265 26265 D cellinfo: Longitude is -105.025035
08-11 13:02:26.981 26265 26265 D cellinfo: Instantaneous GPS information: United States, 792 Federal Blvd, Denver, CO 80204, USA
08-11 13:02:26.981 26265 26265 D cellinfo: getCurrentLocation() result: Location (success): 39.7287017, -105.025035
08-11 13:02:27.008 26265 26265 D cellinfo: onCellInfoChanged: Operator:  UpdateTimestamp: 68421302 CellConnectionStatus: 1
08-11 13:02:27.008 26265 26265 D cellinfo: onCellInfoChanged: 5G-NR Cell Bands: [] ARFCN: 528000 Cell ID: 9223372036854775807 Physical Cell ID: 73 Tracking Area Code: 16777215
08-11 13:02:27.212 26265 26265 D cellinfo: onServiceStateChanged: Channel Number: 875 Cell Bandwidths: [15000]
