--------- beginning of main
08-11 12:43:11.771 24318 24318 D cellinfo: Country == United States
08-11 12:43:11.771 24318 24318 D cellinfo: City == Denver
08-11 12:43:11.772 24318 24318 D cellinfo: GPS Info == 620 Federal Blvd Building A, Denver, CO 80204, USA
08-11 12:43:11.772 24318 24318 D cellinfo: Network Operator == T-Mobile
08-11 12:43:11.772 24318 24318 D cellinfo: User movement == Static
08-11 12:43:11.772 24318 24318 D cellinfo: isEastCoast == false
08-11 12:43:11.772 24318 24318 D cellinfo: isWestCoast == true
08-11 12:43:11.772 24318 24318 D cellinfo: isBoston == false
08-11 12:43:11.772 24318 24318 D cellinfo: All GPS info fetched. Saving city and country info
08-11 12:43:11.774 24318 24379 D cellinfo: Timestamp: 1660243391
08-11 12:43:12.276 24318 24380 D cellinfo: Logging started
08-11 12:43:12.503 24318 24318 D cellinfo: Latitude is 39.7267586
08-11 12:43:12.504 24318 24318 D cellinfo: Longitude is -105.0241803
08-11 12:43:12.504 24318 24318 D cellinfo: Instantaneous GPS information: United States, 600 Federal Blvd, Denver, CO 80204, USA
08-11 12:43:12.504 24318 24318 D cellinfo: getCurrentLocation() result: Location (success): 39.7267586, -105.0241803
08-11 12:43:12.508 24318 24318 D cellinfo: onServiceStateChanged: Channel Number: 875 Cell Bandwidths: [15000, 100000]
08-11 12:43:12.508 24318 24318 D cellinfo: onsignalStrengthsChanged: LTE Signal Strength info: rsrp: -94 rsrq: -9 rssi: -67 rssnr: 5
08-11 12:43:12.508 24318 24318 D cellinfo: onsignalStrengthsChanged: 5G-NR Signal Strength info: ssrsrp: -85 ssrsrq: -10 sssinr: 14
08-11 12:43:12.509 24318 24318 D cellinfo: onCellInfoChanged: Operator:  UpdateTimestamp: 67266164 CellConnectionStatus: 1
08-11 12:43:12.509 24318 24318 D cellinfo: onCellInfoChanged: LTE Cell Bands: [2] Bandwidth: 15000 Cell ID: 5659916 Physical Cell ID: 343 Tracking Area Code: 41224 EARFCN: 875
08-11 12:43:12.512 24318 24318 D cellinfo: onDisplayInfoChanged: NetworkType: LTE OverrideNetworkType: 5G (Sub-6 GHz)
08-11 12:43:12.522 24318 24318 D cellinfo: onServiceStateChanged: Channel Number: 875 Cell Bandwidths: [15000, 100000]
08-11 12:43:12.536 24318 24318 D cellinfo: onDisplayInfoChanged: NetworkType: LTE OverrideNetworkType: 5G(mmWave)
08-11 12:43:12.777 24318 24379 D cellinfo: Ping command fired: /system/bin/ping -i 0.2 -s 38 44.241.174.93
08-11 12:43:12.820 24318 24379 D cellinfo: PING 44.241.174.93 (44.241.174.93) 38(66) bytes of data.
08-11 12:43:12.820 24318 24379 D cellinfo: 46 bytes from 44.241.174.93: icmp_seq=1 ttl=42 time=37.7 ms
08-11 12:43:13.038 24318 24379 D cellinfo: 46 bytes from 44.241.174.93: icmp_seq=2 ttl=42 time=54.7 ms
08-11 12:43:13.223 24318 24379 D cellinfo: 46 bytes from 44.241.174.93: icmp_seq=3 ttl=42 time=40.8 ms
08-11 12:43:13.423 24318 24379 D cellinfo: 46 bytes from 44.241.174.93: icmp_seq=4 ttl=42 time=38.7 ms
08-11 12:43:13.623 24318 24379 D cellinfo: 46 bytes from 44.241.174.93: icmp_seq=5 ttl=42 time=39.0 ms
08-11 12:43:13.822 24318 24379 D cellinfo: 46 bytes from 44.241.174.93: icmp_seq=6 ttl=42 time=37.2 ms
08-11 12:43:14.025 24318 24379 D cellinfo: 46 bytes from 44.241.174.93: icmp_seq=7 ttl=42 time=39.4 ms
08-11 12:43:14.227 24318 24379 D cellinfo: 46 bytes from 44.241.174.93: icmp_seq=8 ttl=42 time=40.4 ms
08-11 12:43:14.435 24318 24379 D cellinfo: 46 bytes from 44.241.174.93: icmp_seq=9 ttl=42 time=48.0 ms
08-11 12:43:14.650 24318 24379 D cellinfo: 46 bytes from 44.241.174.93: icmp_seq=10 ttl=42 time=61.1 ms
08-11 12:43:14.825 24318 24379 D cellinfo: 46 bytes from 44.241.174.93: icmp_seq=11 ttl=42 time=36.8 ms
08-11 12:43:15.026 24318 24318 D cellinfo: Latitude is 39.7265253
08-11 12:43:15.026 24318 24318 D cellinfo: Longitude is -105.0241727
08-11 12:43:15.027 24318 24318 D cellinfo: Instantaneous GPS information: United States, 620 Federal Blvd Building A, Denver, CO 80204, USA
08-11 12:43:15.027 24318 24318 D cellinfo: getCurrentLocation() result: Location (success): 39.7265253, -105.0241727
08-11 12:43:15.030 24318 24318 D cellinfo: onCellInfoChanged: Operator:  UpdateTimestamp: 67269120 CellConnectionStatus: 1
08-11 12:43:15.030 24318 24318 D cellinfo: onCellInfoChanged: 5G-NR Cell Bands: [] ARFCN: 528000 Cell ID: 9223372036854775807 Physical Cell ID: 73 Tracking Area Code: 16777215
08-11 12:43:15.031 24318 24379 D cellinfo: 46 bytes from 44.241.174.93: icmp_seq=12 ttl=42 time=42.6 ms
08-11 12:43:15.238 24318 24379 D cellinfo: 46 bytes from 44.241.174.93: icmp_seq=13 ttl=42 time=49.4 ms
08-11 12:43:15.431 24318 24379 D cellinfo: 46 bytes from 44.241.174.93: icmp_seq=14 ttl=42 time=41.5 ms
08-11 12:43:15.643 24318 24379 D cellinfo: 46 bytes from 44.241.174.93: icmp_seq=15 ttl=42 time=52.8 ms
08-11 12:43:15.833 24318 24379 D cellinfo: 46 bytes from 44.241.174.93: icmp_seq=16 ttl=42 time=41.8 ms
08-11 12:43:16.033 24318 24379 D cellinfo: 46 bytes from 44.241.174.93: icmp_seq=17 ttl=42 time=41.9 ms
08-11 12:43:16.237 24318 24379 D cellinfo: 46 bytes from 44.241.174.93: icmp_seq=18 ttl=42 time=45.4 ms
08-11 12:43:16.438 24318 24379 D cellinfo: 46 bytes from 44.241.174.93: icmp_seq=19 ttl=42 time=46.0 ms
08-11 12:43:16.641 24318 24379 D cellinfo: 46 bytes from 44.241.174.93: icmp_seq=20 ttl=42 time=47.7 ms
08-11 12:43:16.840 24318 24379 D cellinfo: 46 bytes from 44.241.174.93: icmp_seq=21 ttl=42 time=46.3 ms
08-11 12:43:17.029 24318 24379 D cellinfo: 46 bytes from 44.241.174.93: icmp_seq=22 ttl=42 time=35.2 ms
08-11 12:43:17.229 24318 24379 D cellinfo: 46 bytes from 44.241.174.93: icmp_seq=23 ttl=42 time=34.0 ms
08-11 12:43:17.429 24318 24379 D cellinfo: 46 bytes from 44.241.174.93: icmp_seq=24 ttl=42 time=33.9 ms
08-11 12:43:17.670 24318 24379 D cellinfo: 46 bytes from 44.241.174.93: icmp_seq=25 ttl=42 time=74.2 ms
08-11 12:43:17.773 24318 24318 D cellinfo: Latitude is 39.7265253
08-11 12:43:17.773 24318 24318 D cellinfo: Longitude is -105.0241727
08-11 12:43:17.773 24318 24318 D cellinfo: Instantaneous GPS information: United States, 620 Federal Blvd Building A, Denver, CO 80204, USA
08-11 12:43:17.773 24318 24318 D cellinfo: getCurrentLocation() result: Location (success): 39.7265253, -105.0241727
08-11 12:43:17.840 24318 24379 D cellinfo: 46 bytes from 44.241.174.93: icmp_seq=26 ttl=42 time=43.0 ms
08-11 12:43:17.957 24318 24318 D cellinfo: onCellInfoChanged: Operator:  UpdateTimestamp: 67272252 CellConnectionStatus: 1
08-11 12:43:17.957 24318 24318 D cellinfo: onCellInfoChanged: 5G-NR Cell Bands: [] ARFCN: 528000 Cell ID: 9223372036854775807 Physical Cell ID: 73 Tracking Area Code: 16777215
08-11 12:43:18.033 24318 24379 D cellinfo: 46 bytes from 44.241.174.93: icmp_seq=27 ttl=42 time=34.9 ms
08-11 12:43:18.236 24318 24379 D cellinfo: 46 bytes from 44.241.174.93: icmp_seq=28 ttl=42 time=37.8 ms
08-11 12:43:18.449 24318 24379 D cellinfo: 46 bytes from 44.241.174.93: icmp_seq=29 ttl=42 time=49.6 ms
08-11 12:43:18.634 24318 24379 D cellinfo: 46 bytes from 44.241.174.93: icmp_seq=30 ttl=42 time=33.9 ms
08-11 12:43:18.846 24318 24379 D cellinfo: 46 bytes from 44.241.174.93: icmp_seq=31 ttl=42 time=44.5 ms
08-11 12:43:19.049 24318 24379 D cellinfo: 46 bytes from 44.241.174.93: icmp_seq=32 ttl=42 time=47.1 ms
08-11 12:43:19.263 24318 24379 D cellinfo: 46 bytes from 44.241.174.93: icmp_seq=33 ttl=42 time=59.5 ms
08-11 12:43:19.450 24318 24379 D cellinfo: 46 bytes from 44.241.174.93: icmp_seq=34 ttl=42 time=45.5 ms
08-11 12:43:19.639 24318 24379 D cellinfo: 46 bytes from 44.241.174.93: icmp_seq=35 ttl=42 time=34.2 ms
08-11 12:43:19.838 24318 24379 D cellinfo: 46 bytes from 44.241.174.93: icmp_seq=36 ttl=42 time=32.4 ms
08-11 12:43:20.055 24318 24379 D cellinfo: 46 bytes from 44.241.174.93: icmp_seq=37 ttl=42 time=48.5 ms
08-11 12:43:20.253 24318 24379 D cellinfo: 46 bytes from 44.241.174.93: icmp_seq=38 ttl=42 time=45.8 ms
08-11 12:43:20.458 24318 24379 D cellinfo: 46 bytes from 44.241.174.93: icmp_seq=39 ttl=42 time=50.3 ms
08-11 12:43:20.666 24318 24379 D cellinfo: 46 bytes from 44.241.174.93: icmp_seq=40 ttl=42 time=56.3 ms
08-11 12:43:20.779 24318 24318 D cellinfo: Latitude is 39.7265253
08-11 12:43:20.779 24318 24318 D cellinfo: Longitude is -105.0241727
08-11 12:43:20.779 24318 24318 D cellinfo: Instantaneous GPS information: United States, 620 Federal Blvd Building A, Denver, CO 80204, USA
08-11 12:43:20.779 24318 24318 D cellinfo: getCurrentLocation() result: Location (success): 39.7265253, -105.0241727
08-11 12:43:20.842 24318 24379 D cellinfo: 46 bytes from 44.241.174.93: icmp_seq=41 ttl=42 time=33.5 ms
08-11 12:43:21.045 24318 24379 D cellinfo: 46 bytes from 44.241.174.93: icmp_seq=42 ttl=42 time=34.5 ms
08-11 12:43:21.254 24318 24379 D cellinfo: 46 bytes from 44.241.174.93: icmp_seq=43 ttl=42 time=41.9 ms
08-11 12:43:21.459 24318 24379 D cellinfo: 46 bytes from 44.241.174.93: icmp_seq=44 ttl=42 time=47.0 ms
08-11 12:43:21.656 24318 24379 D cellinfo: 46 bytes from 44.241.174.93: icmp_seq=45 ttl=42 time=42.4 ms
08-11 12:43:21.869 24318 24379 D cellinfo: 46 bytes from 44.241.174.93: icmp_seq=46 ttl=42 time=54.8 ms
08-11 12:43:22.058 24318 24379 D cellinfo: 46 bytes from 44.241.174.93: icmp_seq=47 ttl=42 time=43.2 ms
08-11 12:43:22.250 24318 24379 D cellinfo: 46 bytes from 44.241.174.93: icmp_seq=48 ttl=42 time=33.7 ms
08-11 12:43:22.468 24318 24379 D cellinfo: 46 bytes from 44.241.174.93: icmp_seq=49 ttl=42 time=51.6 ms
08-11 12:43:22.680 24318 24379 D cellinfo: 46 bytes from 44.241.174.93: icmp_seq=50 ttl=42 time=62.7 ms
08-11 12:43:22.860 24318 24379 D cellinfo: 46 bytes from 44.241.174.93: icmp_seq=51 ttl=42 time=42.4 ms
08-11 12:43:23.065 24318 24379 D cellinfo: 46 bytes from 44.241.174.93: icmp_seq=52 ttl=42 time=45.3 ms
08-11 12:43:23.254 24318 24379 D cellinfo: 46 bytes from 44.241.174.93: icmp_seq=53 ttl=42 time=34.0 ms
08-11 12:43:23.453 24318 24379 D cellinfo: 46 bytes from 44.241.174.93: icmp_seq=54 ttl=42 time=33.2 ms
08-11 12:43:23.666 24318 24379 D cellinfo: 46 bytes from 44.241.174.93: icmp_seq=55 ttl=42 time=44.6 ms
08-11 12:43:23.859 24318 24379 D cellinfo: 46 bytes from 44.241.174.93: icmp_seq=56 ttl=42 time=37.9 ms
08-11 12:43:24.060 24318 24318 D cellinfo: Latitude is 39.7265896
08-11 12:43:24.060 24318 24318 D cellinfo: Longitude is -105.0241956
08-11 12:43:24.060 24318 24318 D cellinfo: Instantaneous GPS information: United States, 600 Federal Blvd, Denver, CO 80204, USA
08-11 12:43:24.060 24318 24318 D cellinfo: getCurrentLocation() result: Location (success): 39.7265896, -105.0241956
08-11 12:43:24.065 24318 24318 D cellinfo: onCellInfoChanged: Operator:  UpdateTimestamp: 67278238 CellConnectionStatus: 1
08-11 12:43:24.065 24318 24318 D cellinfo: onCellInfoChanged: 5G-NR Cell Bands: [] ARFCN: 528000 Cell ID: 9223372036854775807 Physical Cell ID: 73 Tracking Area Code: 16777215
08-11 12:43:24.074 24318 24379 D cellinfo: 46 bytes from 44.241.174.93: icmp_seq=57 ttl=42 time=51.2 ms
08-11 12:43:24.259 24318 24379 D cellinfo: 46 bytes from 44.241.174.93: icmp_seq=58 ttl=42 time=35.0 ms
08-11 12:43:24.459 24318 24379 D cellinfo: 46 bytes from 44.241.174.93: icmp_seq=59 ttl=42 time=34.3 ms
08-11 12:43:24.659 24318 24379 D cellinfo: 46 bytes from 44.241.174.93: icmp_seq=60 ttl=42 time=33.3 ms
08-11 12:43:24.873 24318 24379 D cellinfo: 46 bytes from 44.241.174.93: icmp_seq=61 ttl=42 time=47.0 ms
08-11 12:43:25.074 24318 24379 D cellinfo: 46 bytes from 44.241.174.93: icmp_seq=62 ttl=42 time=47.2 ms
08-11 12:43:25.265 24318 24379 D cellinfo: 46 bytes from 44.241.174.93: icmp_seq=63 ttl=42 time=36.8 ms
08-11 12:43:25.465 24318 24379 D cellinfo: 46 bytes from 44.241.174.93: icmp_seq=64 ttl=42 time=36.1 ms
08-11 12:43:25.663 24318 24379 D cellinfo: 46 bytes from 44.241.174.93: icmp_seq=65 ttl=42 time=33.6 ms
08-11 12:43:25.865 24318 24379 D cellinfo: 46 bytes from 44.241.174.93: icmp_seq=66 ttl=42 time=33.5 ms
08-11 12:43:26.075 24318 24379 D cellinfo: 46 bytes from 44.241.174.93: icmp_seq=67 ttl=42 time=43.2 ms
08-11 12:43:26.282 24318 24379 D cellinfo: 46 bytes from 44.241.174.93: icmp_seq=68 ttl=42 time=48.8 ms
08-11 12:43:26.468 24318 24379 D cellinfo: 46 bytes from 44.241.174.93: icmp_seq=69 ttl=42 time=35.0 ms
08-11 12:43:26.690 24318 24379 D cellinfo: 46 bytes from 44.241.174.93: icmp_seq=70 ttl=42 time=55.6 ms
08-11 12:43:26.778 24318 24318 D cellinfo: Latitude is 39.7265896
08-11 12:43:26.778 24318 24318 D cellinfo: Longitude is -105.0241956
08-11 12:43:26.778 24318 24318 D cellinfo: Instantaneous GPS information: United States, 600 Federal Blvd, Denver, CO 80204, USA
08-11 12:43:26.778 24318 24318 D cellinfo: getCurrentLocation() result: Location (success): 39.7265896, -105.0241956
08-11 12:43:26.868 24318 24379 D cellinfo: 46 bytes from 44.241.174.93: icmp_seq=71 ttl=42 time=33.1 ms
08-11 12:43:27.082 24318 24379 D cellinfo: 46 bytes from 44.241.174.93: icmp_seq=72 ttl=42 time=46.0 ms
08-11 12:43:27.275 24318 24379 D cellinfo: 46 bytes from 44.241.174.93: icmp_seq=73 ttl=42 time=37.3 ms
08-11 12:43:27.474 24318 24379 D cellinfo: 46 bytes from 44.241.174.93: icmp_seq=74 ttl=42 time=35.3 ms
08-11 12:43:27.674 24318 24379 D cellinfo: 46 bytes from 44.241.174.93: icmp_seq=75 ttl=42 time=34.5 ms
08-11 12:43:27.879 24318 24379 D cellinfo: 46 bytes from 44.241.174.93: icmp_seq=76 ttl=42 time=37.7 ms
08-11 12:43:28.078 24318 24379 D cellinfo: 46 bytes from 44.241.174.93: icmp_seq=77 ttl=42 time=36.0 ms
08-11 12:43:28.279 24318 24379 D cellinfo: 46 bytes from 44.241.174.93: icmp_seq=78 ttl=42 time=35.5 ms
08-11 12:43:28.479 24318 24379 D cellinfo: 46 bytes from 44.241.174.93: icmp_seq=79 ttl=42 time=35.6 ms
08-11 12:43:28.685 24318 24379 D cellinfo: 46 bytes from 44.241.174.93: icmp_seq=80 ttl=42 time=38.0 ms
08-11 12:43:28.884 24318 24379 D cellinfo: 46 bytes from 44.241.174.93: icmp_seq=81 ttl=42 time=36.0 ms
08-11 12:43:29.083 24318 24379 D cellinfo: 46 bytes from 44.241.174.93: icmp_seq=82 ttl=42 time=34.8 ms
08-11 12:43:29.284 24318 24379 D cellinfo: 46 bytes from 44.241.174.93: icmp_seq=83 ttl=42 time=36.0 ms
08-11 12:43:29.484 24318 24379 D cellinfo: 46 bytes from 44.241.174.93: icmp_seq=84 ttl=42 time=34.5 ms
08-11 12:43:29.690 24318 24379 D cellinfo: 46 bytes from 44.241.174.93: icmp_seq=85 ttl=42 time=39.4 ms
08-11 12:43:29.889 24318 24379 D cellinfo: 46 bytes from 44.241.174.93: icmp_seq=86 ttl=42 time=37.6 ms
08-11 12:43:29.937 24318 24318 D cellinfo: onCellInfoChanged: Operator:  UpdateTimestamp: 67284232 CellConnectionStatus: 1
08-11 12:43:29.937 24318 24318 D cellinfo: onCellInfoChanged: 5G-NR Cell Bands: [] ARFCN: 528000 Cell ID: 9223372036854775807 Physical Cell ID: 73 Tracking Area Code: 16777215
08-11 12:43:30.093 24318 24379 D cellinfo: 46 bytes from 44.241.174.93: icmp_seq=87 ttl=42 time=41.2 ms
08-11 12:43:30.289 24318 24379 D cellinfo: 46 bytes from 44.241.174.93: icmp_seq=88 ttl=42 time=36.8 ms
08-11 12:43:30.488 24318 24379 D cellinfo: 46 bytes from 44.241.174.93: icmp_seq=89 ttl=42 time=35.6 ms
08-11 12:43:30.689 24318 24379 D cellinfo: 46 bytes from 44.241.174.93: icmp_seq=90 ttl=42 time=35.3 ms
08-11 12:43:30.889 24318 24379 D cellinfo: 46 bytes from 44.241.174.93: icmp_seq=91 ttl=42 time=35.1 ms
08-11 12:43:31.090 24318 24379 D cellinfo: 46 bytes from 44.241.174.93: icmp_seq=92 ttl=42 time=34.0 ms
08-11 12:43:31.113 24318 24318 D cellinfo: Latitude is 39.7265376
08-11 12:43:31.113 24318 24318 D cellinfo: Longitude is -105.0242128
08-11 12:43:31.113 24318 24318 D cellinfo: Instantaneous GPS information: United States, 600 Federal Blvd, Denver, CO 80204, USA
08-11 12:43:31.113 24318 24318 D cellinfo: getCurrentLocation() result: Location (success): 39.7265376, -105.0242128
08-11 12:43:31.295 24318 24379 D cellinfo: 46 bytes from 44.241.174.93: icmp_seq=93 ttl=42 time=38.0 ms
08-11 12:43:31.494 24318 24379 D cellinfo: 46 bytes from 44.241.174.93: icmp_seq=94 ttl=42 time=36.3 ms
08-11 12:43:31.717 24318 24379 D cellinfo: 46 bytes from 44.241.174.93: icmp_seq=95 ttl=42 time=57.6 ms
08-11 12:43:31.896 24318 24379 D cellinfo: 46 bytes from 44.241.174.93: icmp_seq=96 ttl=42 time=36.7 ms
08-11 12:43:32.095 24318 24379 D cellinfo: 46 bytes from 44.241.174.93: icmp_seq=97 ttl=42 time=34.4 ms
08-11 12:43:32.294 24318 24379 D cellinfo: 46 bytes from 44.241.174.93: icmp_seq=98 ttl=42 time=32.9 ms
08-11 12:43:32.500 24318 24379 D cellinfo: 46 bytes from 44.241.174.93: icmp_seq=99 ttl=42 time=37.8 ms
08-11 12:43:32.699 24318 24379 D cellinfo: 46 bytes from 44.241.174.93: icmp_seq=100 ttl=42 time=35.4 ms
08-11 12:43:32.779 24318 24318 D cellinfo: Latitude is 39.7265376
08-11 12:43:32.779 24318 24318 D cellinfo: Longitude is -105.0242128
08-11 12:43:32.779 24318 24318 D cellinfo: Instantaneous GPS information: United States, 600 Federal Blvd, Denver, CO 80204, USA
08-11 12:43:32.779 24318 24318 D cellinfo: getCurrentLocation() result: Location (success): 39.7265376, -105.0242128
08-11 12:43:32.898 24318 24379 D cellinfo: 46 bytes from 44.241.174.93: icmp_seq=101 ttl=42 time=35.0 ms
08-11 12:43:33.098 24318 24379 D cellinfo: 46 bytes from 44.241.174.93: icmp_seq=102 ttl=42 time=34.3 ms
08-11 12:43:33.299 24318 24379 D cellinfo: 46 bytes from 44.241.174.93: icmp_seq=103 ttl=42 time=34.3 ms
08-11 12:43:33.499 24318 24379 D cellinfo: 46 bytes from 44.241.174.93: icmp_seq=104 ttl=42 time=33.6 ms
08-11 12:43:33.700 24318 24379 D cellinfo: 46 bytes from 44.241.174.93: icmp_seq=105 ttl=42 time=33.7 ms
08-11 12:43:33.904 24318 24379 D cellinfo: 46 bytes from 44.241.174.93: icmp_seq=106 ttl=42 time=37.9 ms
08-11 12:43:34.109 24318 24379 D cellinfo: 46 bytes from 44.241.174.93: icmp_seq=107 ttl=42 time=42.0 ms
08-11 12:43:34.305 24318 24379 D cellinfo: 46 bytes from 44.241.174.93: icmp_seq=108 ttl=42 time=37.4 ms
08-11 12:43:34.517 24318 24379 D cellinfo: 46 bytes from 44.241.174.93: icmp_seq=109 ttl=42 time=46.8 ms
08-11 12:43:34.705 24318 24379 D cellinfo: 46 bytes from 44.241.174.93: icmp_seq=110 ttl=42 time=34.5 ms
08-11 12:43:34.910 24318 24379 D cellinfo: 46 bytes from 44.241.174.93: icmp_seq=111 ttl=42 time=37.7 ms
08-11 12:43:35.110 24318 24379 D cellinfo: 46 bytes from 44.241.174.93: icmp_seq=112 ttl=42 time=37.6 ms
08-11 12:43:35.310 24318 24379 D cellinfo: 46 bytes from 44.241.174.93: icmp_seq=113 ttl=42 time=36.5 ms
08-11 12:43:35.521 24318 24379 D cellinfo: 46 bytes from 44.241.174.93: icmp_seq=114 ttl=42 time=47.0 ms
08-11 12:43:35.710 24318 24379 D cellinfo: 46 bytes from 44.241.174.93: icmp_seq=115 ttl=42 time=34.7 ms
08-11 12:43:35.780 24318 24318 D cellinfo: Latitude is 39.7265376
08-11 12:43:35.780 24318 24318 D cellinfo: Longitude is -105.0242128
08-11 12:43:35.780 24318 24318 D cellinfo: Instantaneous GPS information: United States, 600 Federal Blvd, Denver, CO 80204, USA
08-11 12:43:35.780 24318 24318 D cellinfo: getCurrentLocation() result: Location (success): 39.7265376, -105.0242128
08-11 12:43:35.910 24318 24379 D cellinfo: 46 bytes from 44.241.174.93: icmp_seq=116 ttl=42 time=34.2 ms
08-11 12:43:36.115 24318 24379 D cellinfo: 46 bytes from 44.241.174.93: icmp_seq=117 ttl=42 time=38.0 ms
08-11 12:43:36.316 24318 24379 D cellinfo: 46 bytes from 44.241.174.93: icmp_seq=118 ttl=42 time=37.9 ms
08-11 12:43:36.516 24318 24379 D cellinfo: 46 bytes from 44.241.174.93: icmp_seq=119 ttl=42 time=36.4 ms
08-11 12:43:36.719 24318 24379 D cellinfo: 46 bytes from 44.241.174.93: icmp_seq=120 ttl=42 time=39.3 ms
08-11 12:43:36.914 24318 24379 D cellinfo: 46 bytes from 44.241.174.93: icmp_seq=121 ttl=42 time=33.6 ms
08-11 12:43:37.118 24318 24379 D cellinfo: 46 bytes from 44.241.174.93: icmp_seq=122 ttl=42 time=36.7 ms
08-11 12:43:37.325 24318 24379 D cellinfo: 46 bytes from 44.241.174.93: icmp_seq=123 ttl=42 time=40.9 ms
08-11 12:43:37.548 24318 24379 D cellinfo: 46 bytes from 44.241.174.93: icmp_seq=124 ttl=42 time=62.8 ms
08-11 12:43:37.724 24318 24379 D cellinfo: 46 bytes from 44.241.174.93: icmp_seq=125 ttl=42 time=38.5 ms
08-11 12:43:37.831 24318 24318 D cellinfo: onCellInfoChanged: Operator:  UpdateTimestamp: 67292120 CellConnectionStatus: 1
08-11 12:43:37.831 24318 24318 D cellinfo: onCellInfoChanged: 5G-NR Cell Bands: [] ARFCN: 528000 Cell ID: 9223372036854775807 Physical Cell ID: 73 Tracking Area Code: 16777215
08-11 12:43:37.931 24318 24379 D cellinfo: 46 bytes from 44.241.174.93: icmp_seq=126 ttl=42 time=44.4 ms
08-11 12:43:38.124 24318 24379 D cellinfo: 46 bytes from 44.241.174.93: icmp_seq=127 ttl=42 time=35.5 ms
08-11 12:43:38.326 24318 24379 D cellinfo: 46 bytes from 44.241.174.93: icmp_seq=128 ttl=42 time=35.8 ms
08-11 12:43:38.533 24318 24379 D cellinfo: 46 bytes from 44.241.174.93: icmp_seq=129 ttl=42 time=42.6 ms
08-11 12:43:38.731 24318 24379 D cellinfo: 46 bytes from 44.241.174.93: icmp_seq=130 ttl=42 time=38.1 ms
08-11 12:43:38.779 24318 24318 D cellinfo: Latitude is 39.7265376
08-11 12:43:38.779 24318 24318 D cellinfo: Longitude is -105.0242128
08-11 12:43:38.779 24318 24318 D cellinfo: Instantaneous GPS information: United States, 600 Federal Blvd, Denver, CO 80204, USA
08-11 12:43:38.779 24318 24318 D cellinfo: getCurrentLocation() result: Location (success): 39.7265376, -105.0242128
08-11 12:43:38.931 24318 24379 D cellinfo: 46 bytes from 44.241.174.93: icmp_seq=131 ttl=42 time=38.8 ms
08-11 12:43:39.133 24318 24379 D cellinfo: 46 bytes from 44.241.174.93: icmp_seq=132 ttl=42 time=39.6 ms
08-11 12:43:39.329 24318 24379 D cellinfo: 46 bytes from 44.241.174.93: icmp_seq=133 ttl=42 time=34.6 ms
08-11 12:43:39.532 24318 24379 D cellinfo: 46 bytes from 44.241.174.93: icmp_seq=134 ttl=42 time=35.8 ms
08-11 12:43:39.734 24318 24379 D cellinfo: 46 bytes from 44.241.174.93: icmp_seq=135 ttl=42 time=37.4 ms
08-11 12:43:39.935 24318 24379 D cellinfo: 46 bytes from 44.241.174.93: icmp_seq=136 ttl=42 time=36.7 ms
08-11 12:43:40.134 24318 24379 D cellinfo: 46 bytes from 44.241.174.93: icmp_seq=137 ttl=42 time=35.6 ms
08-11 12:43:40.334 24318 24379 D cellinfo: 46 bytes from 44.241.174.93: icmp_seq=138 ttl=42 time=32.7 ms
08-11 12:43:40.533 24318 24379 D cellinfo: 46 bytes from 44.241.174.93: icmp_seq=139 ttl=42 time=32.4 ms
08-11 12:43:40.741 24318 24379 D cellinfo: 46 bytes from 44.241.174.93: icmp_seq=140 ttl=42 time=38.3 ms
08-11 12:43:40.940 24318 24379 D cellinfo: 46 bytes from 44.241.174.93: icmp_seq=141 ttl=42 time=36.8 ms
08-11 12:43:41.140 24318 24379 D cellinfo: 46 bytes from 44.241.174.93: icmp_seq=142 ttl=42 time=35.5 ms
08-11 12:43:41.340 24318 24379 D cellinfo: 46 bytes from 44.241.174.93: icmp_seq=143 ttl=42 time=35.4 ms
08-11 12:43:41.540 24318 24379 D cellinfo: 46 bytes from 44.241.174.93: icmp_seq=144 ttl=42 time=35.0 ms
08-11 12:43:41.739 24318 24379 D cellinfo: 46 bytes from 44.241.174.93: icmp_seq=145 ttl=42 time=32.9 ms
08-11 12:43:41.943 24318 24379 D cellinfo: 46 bytes from 44.241.174.93: icmp_seq=146 ttl=42 time=36.8 ms
08-11 12:43:42.092 24318 24318 D cellinfo: Latitude is 39.7263897
08-11 12:43:42.092 24318 24318 D cellinfo: Longitude is -105.0243751
08-11 12:43:42.092 24318 24318 D cellinfo: Instantaneous GPS information: United States, 620 Federal Blvd Building A, Denver, CO 80204, USA
08-11 12:43:42.092 24318 24318 D cellinfo: getCurrentLocation() result: Location (success): 39.7263897, -105.0243751
08-11 12:43:42.161 24318 24379 D cellinfo: 46 bytes from 44.241.174.93: icmp_seq=147 ttl=42 time=53.4 ms
08-11 12:43:42.349 24318 24379 D cellinfo: 46 bytes from 44.241.174.93: icmp_seq=148 ttl=42 time=41.0 ms
08-11 12:43:42.546 24318 24379 D cellinfo: 46 bytes from 44.241.174.93: icmp_seq=149 ttl=42 time=35.7 ms
08-11 12:43:42.746 24318 24379 D cellinfo: 46 bytes from 44.241.174.93: icmp_seq=150 ttl=42 time=35.5 ms
08-11 12:43:42.962 24318 24379 D cellinfo: 46 bytes from 44.241.174.93: icmp_seq=151 ttl=42 time=50.5 ms
08-11 12:43:43.170 24318 24379 D cellinfo: 46 bytes from 44.241.174.93: icmp_seq=152 ttl=42 time=58.0 ms
08-11 12:43:43.349 24318 24379 D cellinfo: 46 bytes from 44.241.174.93: icmp_seq=153 ttl=42 time=36.4 ms
08-11 12:43:43.550 24318 24379 D cellinfo: 46 bytes from 44.241.174.93: icmp_seq=154 ttl=42 time=35.4 ms
08-11 12:43:43.749 24318 24379 D cellinfo: 46 bytes from 44.241.174.93: icmp_seq=155 ttl=42 time=34.7 ms
08-11 12:43:43.840 24318 24318 D cellinfo: onCellInfoChanged: Operator:  UpdateTimestamp: 67298132 CellConnectionStatus: 1
08-11 12:43:43.840 24318 24318 D cellinfo: onCellInfoChanged: 5G-NR Cell Bands: [] ARFCN: 528000 Cell ID: 9223372036854775807 Physical Cell ID: 73 Tracking Area Code: 16777215
08-11 12:43:43.959 24318 24379 D cellinfo: 46 bytes from 44.241.174.93: icmp_seq=156 ttl=42 time=42.8 ms
08-11 12:43:44.160 24318 24379 D cellinfo: 46 bytes from 44.241.174.93: icmp_seq=157 ttl=42 time=43.6 ms
08-11 12:43:44.361 24318 24379 D cellinfo: 46 bytes from 44.241.174.93: icmp_seq=158 ttl=42 time=43.3 ms
08-11 12:43:44.555 24318 24379 D cellinfo: 46 bytes from 44.241.174.93: icmp_seq=159 ttl=42 time=35.9 ms
08-11 12:43:44.753 24318 24379 D cellinfo: 46 bytes from 44.241.174.93: icmp_seq=160 ttl=42 time=33.6 ms
08-11 12:43:44.782 24318 24318 D cellinfo: Latitude is 39.7263897
08-11 12:43:44.782 24318 24318 D cellinfo: Longitude is -105.0243751
08-11 12:43:44.782 24318 24318 D cellinfo: Instantaneous GPS information: United States, 620 Federal Blvd Building A, Denver, CO 80204, USA
08-11 12:43:44.782 24318 24318 D cellinfo: getCurrentLocation() result: Location (success): 39.7263897, -105.0243751
08-11 12:43:44.953 24318 24379 D cellinfo: 46 bytes from 44.241.174.93: icmp_seq=161 ttl=42 time=32.2 ms
08-11 12:43:45.161 24318 24379 D cellinfo: 46 bytes from 44.241.174.93: icmp_seq=162 ttl=42 time=38.5 ms
08-11 12:43:45.360 24318 24379 D cellinfo: 46 bytes from 44.241.174.93: icmp_seq=163 ttl=42 time=36.1 ms
08-11 12:43:45.561 24318 24379 D cellinfo: 46 bytes from 44.241.174.93: icmp_seq=164 ttl=42 time=36.6 ms
08-11 12:43:45.759 24318 24379 D cellinfo: 46 bytes from 44.241.174.93: icmp_seq=165 ttl=42 time=34.4 ms
08-11 12:43:45.964 24318 24379 D cellinfo: 46 bytes from 44.241.174.93: icmp_seq=166 ttl=42 time=38.3 ms
08-11 12:43:46.164 24318 24379 D cellinfo: 46 bytes from 44.241.174.93: icmp_seq=167 ttl=42 time=36.7 ms
08-11 12:43:46.364 24318 24379 D cellinfo: 46 bytes from 44.241.174.93: icmp_seq=168 ttl=42 time=36.3 ms
08-11 12:43:46.566 24318 24379 D cellinfo: 46 bytes from 44.241.174.93: icmp_seq=169 ttl=42 time=36.3 ms
08-11 12:43:46.764 24318 24379 D cellinfo: 46 bytes from 44.241.174.93: icmp_seq=170 ttl=42 time=34.9 ms
08-11 12:43:46.964 24318 24379 D cellinfo: 46 bytes from 44.241.174.93: icmp_seq=171 ttl=42 time=34.3 ms
08-11 12:43:47.169 24318 24379 D cellinfo: 46 bytes from 44.241.174.93: icmp_seq=172 ttl=42 time=38.5 ms
08-11 12:43:47.369 24318 24379 D cellinfo: 46 bytes from 44.241.174.93: icmp_seq=173 ttl=42 time=37.5 ms
08-11 12:43:47.569 24318 24379 D cellinfo: 46 bytes from 44.241.174.93: icmp_seq=174 ttl=42 time=36.2 ms
08-11 12:43:47.770 24318 24379 D cellinfo: 46 bytes from 44.241.174.93: icmp_seq=175 ttl=42 time=35.7 ms
08-11 12:43:47.796 24318 24318 D cellinfo: Latitude is 39.7263897
08-11 12:43:47.796 24318 24318 D cellinfo: Longitude is -105.0243751
08-11 12:43:47.796 24318 24318 D cellinfo: Instantaneous GPS information: United States, 620 Federal Blvd Building A, Denver, CO 80204, USA
08-11 12:43:47.796 24318 24318 D cellinfo: getCurrentLocation() result: Location (success): 39.7263897, -105.0243751
08-11 12:43:47.974 24318 24379 D cellinfo: 46 bytes from 44.241.174.93: icmp_seq=176 ttl=42 time=39.9 ms
08-11 12:43:48.170 24318 24379 D cellinfo: 46 bytes from 44.241.174.93: icmp_seq=177 ttl=42 time=34.9 ms
08-11 12:43:48.369 24318 24379 D cellinfo: 46 bytes from 44.241.174.93: icmp_seq=178 ttl=42 time=33.1 ms
08-11 12:43:48.575 24318 24379 D cellinfo: 46 bytes from 44.241.174.93: icmp_seq=179 ttl=42 time=38.6 ms
08-11 12:43:48.774 24318 24379 D cellinfo: 46 bytes from 44.241.174.93: icmp_seq=180 ttl=42 time=36.8 ms
08-11 12:43:48.975 24318 24379 D cellinfo: 46 bytes from 44.241.174.93: icmp_seq=181 ttl=42 time=36.2 ms
08-11 12:43:49.174 24318 24379 D cellinfo: 46 bytes from 44.241.174.93: icmp_seq=182 ttl=42 time=36.1 ms
08-11 12:43:49.376 24318 24379 D cellinfo: 46 bytes from 44.241.174.93: icmp_seq=183 ttl=42 time=37.4 ms
08-11 12:43:49.576 24318 24379 D cellinfo: 46 bytes from 44.241.174.93: icmp_seq=184 ttl=42 time=35.4 ms
08-11 12:43:49.774 24318 24379 D cellinfo: 46 bytes from 44.241.174.93: icmp_seq=185 ttl=42 time=33.2 ms
08-11 12:43:49.851 24318 24318 D cellinfo: onCellInfoChanged: Operator:  UpdateTimestamp: 67304143 CellConnectionStatus: 1
08-11 12:43:49.851 24318 24318 D cellinfo: onCellInfoChanged: 5G-NR Cell Bands: [] ARFCN: 528000 Cell ID: 9223372036854775807 Physical Cell ID: 73 Tracking Area Code: 16777215
08-11 12:43:49.978 24318 24379 D cellinfo: 46 bytes from 44.241.174.93: icmp_seq=186 ttl=42 time=36.2 ms
08-11 12:43:50.182 24318 24379 D cellinfo: 46 bytes from 44.241.174.93: icmp_seq=187 ttl=42 time=38.4 ms
08-11 12:43:50.381 24318 24379 D cellinfo: 46 bytes from 44.241.174.93: icmp_seq=188 ttl=42 time=37.3 ms
08-11 12:43:50.581 24318 24379 D cellinfo: 46 bytes from 44.241.174.93: icmp_seq=189 ttl=42 time=34.9 ms
08-11 12:43:50.779 24318 24318 D cellinfo: Latitude is 39.7263897
08-11 12:43:50.779 24318 24318 D cellinfo: Longitude is -105.0243751
08-11 12:43:50.779 24318 24318 D cellinfo: Instantaneous GPS information: United States, 620 Federal Blvd Building A, Denver, CO 80204, USA
08-11 12:43:50.779 24318 24318 D cellinfo: getCurrentLocation() result: Location (success): 39.7263897, -105.0243751
08-11 12:43:50.805 24318 24379 D cellinfo: 46 bytes from 44.241.174.93: icmp_seq=190 ttl=42 time=59.0 ms
08-11 12:43:50.998 24318 24379 D cellinfo: 46 bytes from 44.241.174.93: icmp_seq=191 ttl=42 time=51.2 ms
08-11 12:43:51.198 24318 24379 D cellinfo: 46 bytes from 44.241.174.93: icmp_seq=192 ttl=42 time=50.2 ms
08-11 12:43:51.384 24318 24379 D cellinfo: 46 bytes from 44.241.174.93: icmp_seq=193 ttl=42 time=35.4 ms
08-11 12:43:51.585 24318 24379 D cellinfo: 46 bytes from 44.241.174.93: icmp_seq=194 ttl=42 time=35.2 ms
08-11 12:43:51.784 24318 24379 D cellinfo: 46 bytes from 44.241.174.93: icmp_seq=195 ttl=42 time=32.9 ms
08-11 12:43:51.990 24318 24379 D cellinfo: 46 bytes from 44.241.174.93: icmp_seq=196 ttl=42 time=38.1 ms
08-11 12:43:52.190 24318 24379 D cellinfo: 46 bytes from 44.241.174.93: icmp_seq=197 ttl=42 time=37.2 ms
08-11 12:43:52.391 24318 24379 D cellinfo: 46 bytes from 44.241.174.93: icmp_seq=198 ttl=42 time=37.8 ms
08-11 12:43:52.594 24318 24379 D cellinfo: 46 bytes from 44.241.174.93: icmp_seq=199 ttl=42 time=40.0 ms
08-11 12:43:52.812 24318 24379 D cellinfo: 46 bytes from 44.241.174.93: icmp_seq=200 ttl=42 time=57.5 ms
08-11 12:43:52.990 24318 24379 D cellinfo: 46 bytes from 44.241.174.93: icmp_seq=201 ttl=42 time=34.1 ms
08-11 12:43:53.194 24318 24379 D cellinfo: 46 bytes from 44.241.174.93: icmp_seq=202 ttl=42 time=37.4 ms
08-11 12:43:53.394 24318 24379 D cellinfo: 46 bytes from 44.241.174.93: icmp_seq=203 ttl=42 time=36.2 ms
08-11 12:43:53.594 24318 24379 D cellinfo: 46 bytes from 44.241.174.93: icmp_seq=204 ttl=42 time=34.7 ms
08-11 12:43:53.794 24318 24379 D cellinfo: 46 bytes from 44.241.174.93: icmp_seq=205 ttl=42 time=34.8 ms
08-11 12:43:53.993 24318 24379 D cellinfo: 46 bytes from 44.241.174.93: icmp_seq=206 ttl=42 time=33.5 ms
08-11 12:43:54.036 24318 24318 D cellinfo: Latitude is 39.7264118
08-11 12:43:54.036 24318 24318 D cellinfo: Longitude is -105.0243527
08-11 12:43:54.036 24318 24318 D cellinfo: Instantaneous GPS information: United States, 620 Federal Blvd Building A, Denver, CO 80204, USA
08-11 12:43:54.036 24318 24318 D cellinfo: getCurrentLocation() result: Location (success): 39.7264118, -105.0243527
08-11 12:43:54.194 24318 24379 D cellinfo: 46 bytes from 44.241.174.93: icmp_seq=207 ttl=42 time=33.6 ms
08-11 12:43:54.395 24318 24379 D cellinfo: 46 bytes from 44.241.174.93: icmp_seq=208 ttl=42 time=33.0 ms
08-11 12:43:54.599 24318 24379 D cellinfo: 46 bytes from 44.241.174.93: icmp_seq=209 ttl=42 time=37.0 ms
08-11 12:43:54.798 24318 24379 D cellinfo: 46 bytes from 44.241.174.93: icmp_seq=210 ttl=42 time=35.0 ms
08-11 12:43:54.998 24318 24379 D cellinfo: 46 bytes from 44.241.174.93: icmp_seq=211 ttl=42 time=35.2 ms
08-11 12:43:55.205 24318 24379 D cellinfo: 46 bytes from 44.241.174.93: icmp_seq=212 ttl=42 time=41.1 ms
08-11 12:43:55.398 24318 24379 D cellinfo: 46 bytes from 44.241.174.93: icmp_seq=213 ttl=42 time=33.6 ms
08-11 12:43:55.599 24318 24379 D cellinfo: 46 bytes from 44.241.174.93: icmp_seq=214 ttl=42 time=32.7 ms
08-11 12:43:55.799 24318 24379 D cellinfo: 46 bytes from 44.241.174.93: icmp_seq=215 ttl=42 time=32.3 ms
08-11 12:43:55.838 24318 24318 D cellinfo: onCellInfoChanged: Operator:  UpdateTimestamp: 67310131 CellConnectionStatus: 1
08-11 12:43:55.838 24318 24318 D cellinfo: onCellInfoChanged: 5G-NR Cell Bands: [] ARFCN: 528000 Cell ID: 9223372036854775807 Physical Cell ID: 73 Tracking Area Code: 16777215
08-11 12:43:56.005 24318 24379 D cellinfo: 46 bytes from 44.241.174.93: icmp_seq=216 ttl=42 time=37.5 ms
08-11 12:43:56.204 24318 24379 D cellinfo: 46 bytes from 44.241.174.93: icmp_seq=217 ttl=42 time=37.0 ms
08-11 12:43:56.404 24318 24379 D cellinfo: 46 bytes from 44.241.174.93: icmp_seq=218 ttl=42 time=35.5 ms
08-11 12:43:56.605 24318 24379 D cellinfo: 46 bytes from 44.241.174.93: icmp_seq=219 ttl=42 time=34.6 ms
08-11 12:43:56.772 24318 24318 D cellinfo: Latitude is 39.7264118
08-11 12:43:56.772 24318 24318 D cellinfo: Longitude is -105.0243527
08-11 12:43:56.772 24318 24318 D cellinfo: Instantaneous GPS information: United States, 620 Federal Blvd Building A, Denver, CO 80204, USA
08-11 12:43:56.772 24318 24318 D cellinfo: getCurrentLocation() result: Location (success): 39.7264118, -105.0243527
08-11 12:43:56.810 24318 24379 D cellinfo: 46 bytes from 44.241.174.93: icmp_seq=220 ttl=42 time=39.2 ms
08-11 12:43:57.004 24318 24379 D cellinfo: 46 bytes from 44.241.174.93: icmp_seq=221 ttl=42 time=33.0 ms
08-11 12:43:57.205 24318 24379 D cellinfo: 46 bytes from 44.241.174.93: icmp_seq=222 ttl=42 time=33.5 ms
08-11 12:43:57.410 24318 24379 D cellinfo: 46 bytes from 44.241.174.93: icmp_seq=223 ttl=42 time=37.4 ms
08-11 12:43:57.614 24318 24379 D cellinfo: 46 bytes from 44.241.174.93: icmp_seq=224 ttl=42 time=41.2 ms
08-11 12:43:57.810 24318 24379 D cellinfo: 46 bytes from 44.241.174.93: icmp_seq=225 ttl=42 time=36.3 ms
08-11 12:43:58.010 24318 24379 D cellinfo: 46 bytes from 44.241.174.93: icmp_seq=226 ttl=42 time=35.3 ms
08-11 12:43:58.210 24318 24379 D cellinfo: 46 bytes from 44.241.174.93: icmp_seq=227 ttl=42 time=34.5 ms
08-11 12:43:58.410 24318 24379 D cellinfo: 46 bytes from 44.241.174.93: icmp_seq=228 ttl=42 time=34.1 ms
08-11 12:43:58.615 24318 24379 D cellinfo: 46 bytes from 44.241.174.93: icmp_seq=229 ttl=42 time=37.6 ms
08-11 12:43:58.815 24318 24379 D cellinfo: 46 bytes from 44.241.174.93: icmp_seq=230 ttl=42 time=36.1 ms
08-11 12:43:59.014 24318 24379 D cellinfo: 46 bytes from 44.241.174.93: icmp_seq=231 ttl=42 time=34.6 ms
08-11 12:43:59.223 24318 24379 D cellinfo: 46 bytes from 44.241.174.93: icmp_seq=232 ttl=42 time=42.6 ms
08-11 12:43:59.420 24318 24379 D cellinfo: 46 bytes from 44.241.174.93: icmp_seq=233 ttl=42 time=38.1 ms
08-11 12:43:59.620 24318 24379 D cellinfo: 46 bytes from 44.241.174.93: icmp_seq=234 ttl=42 time=37.5 ms
08-11 12:43:59.777 24318 24318 D cellinfo: Latitude is 39.7264157
08-11 12:43:59.777 24318 24318 D cellinfo: Longitude is -105.024351
08-11 12:43:59.777 24318 24318 D cellinfo: Instantaneous GPS information: United States, 620 Federal Blvd Building A, Denver, CO 80204, USA
08-11 12:43:59.777 24318 24318 D cellinfo: getCurrentLocation() result: Location (success): 39.7264157, -105.024351
08-11 12:43:59.822 24318 24379 D cellinfo: 46 bytes from 44.241.174.93: icmp_seq=235 ttl=42 time=38.8 ms
08-11 12:44:00.020 24318 24379 D cellinfo: 46 bytes from 44.241.174.93: icmp_seq=236 ttl=42 time=35.6 ms
08-11 12:44:00.220 24318 24379 D cellinfo: 46 bytes from 44.241.174.93: icmp_seq=237 ttl=42 time=35.9 ms
08-11 12:44:00.428 24318 24379 D cellinfo: 46 bytes from 44.241.174.93: icmp_seq=238 ttl=42 time=43.7 ms
08-11 12:44:00.622 24318 24379 D cellinfo: 46 bytes from 44.241.174.93: icmp_seq=239 ttl=42 time=36.7 ms
08-11 12:44:00.824 24318 24379 D cellinfo: 46 bytes from 44.241.174.93: icmp_seq=240 ttl=42 time=38.8 ms
08-11 12:44:01.030 24318 24379 D cellinfo: 46 bytes from 44.241.174.93: icmp_seq=241 ttl=42 time=43.5 ms
08-11 12:44:01.225 24318 24379 D cellinfo: 46 bytes from 44.241.174.93: icmp_seq=242 ttl=42 time=39.8 ms
08-11 12:44:01.420 24318 24379 D cellinfo: 46 bytes from 44.241.174.93: icmp_seq=243 ttl=42 time=34.2 ms
08-11 12:44:01.626 24318 24379 D cellinfo: 46 bytes from 44.241.174.93: icmp_seq=244 ttl=42 time=38.6 ms
08-11 12:44:01.825 24318 24379 D cellinfo: 46 bytes from 44.241.174.93: icmp_seq=245 ttl=42 time=36.4 ms
08-11 12:44:01.834 24318 24318 D cellinfo: onCellInfoChanged: Operator:  UpdateTimestamp: 67316127 CellConnectionStatus: 1
08-11 12:44:01.834 24318 24318 D cellinfo: onCellInfoChanged: 5G-NR Cell Bands: [] ARFCN: 528000 Cell ID: 9223372036854775807 Physical Cell ID: 73 Tracking Area Code: 16777215
08-11 12:44:02.040 24318 24379 D cellinfo: 46 bytes from 44.241.174.93: icmp_seq=246 ttl=42 time=51.3 ms
08-11 12:44:02.225 24318 24379 D cellinfo: 46 bytes from 44.241.174.93: icmp_seq=247 ttl=42 time=36.7 ms
08-11 12:44:02.429 24318 24379 D cellinfo: 46 bytes from 44.241.174.93: icmp_seq=248 ttl=42 time=40.6 ms
08-11 12:44:02.630 24318 24379 D cellinfo: 46 bytes from 44.241.174.93: icmp_seq=249 ttl=42 time=40.2 ms
08-11 12:44:02.784 24318 24318 D cellinfo: Latitude is 39.7264157
08-11 12:44:02.784 24318 24318 D cellinfo: Longitude is -105.024351
08-11 12:44:02.784 24318 24318 D cellinfo: Instantaneous GPS information: United States, 620 Federal Blvd Building A, Denver, CO 80204, USA
08-11 12:44:02.784 24318 24318 D cellinfo: getCurrentLocation() result: Location (success): 39.7264157, -105.024351
08-11 12:44:02.825 24318 24379 D cellinfo: 46 bytes from 44.241.174.93: icmp_seq=250 ttl=42 time=35.2 ms
08-11 12:44:03.025 24318 24379 D cellinfo: 46 bytes from 44.241.174.93: icmp_seq=251 ttl=42 time=33.9 ms
08-11 12:44:03.224 24318 24379 D cellinfo: 46 bytes from 44.241.174.93: icmp_seq=252 ttl=42 time=33.9 ms
08-11 12:44:03.426 24318 24379 D cellinfo: 46 bytes from 44.241.174.93: icmp_seq=253 ttl=42 time=34.5 ms
08-11 12:44:03.630 24318 24379 D cellinfo: 46 bytes from 44.241.174.93: icmp_seq=254 ttl=42 time=37.9 ms
08-11 12:44:03.829 24318 24379 D cellinfo: 46 bytes from 44.241.174.93: icmp_seq=255 ttl=42 time=34.9 ms
08-11 12:44:04.031 24318 24379 D cellinfo: 46 bytes from 44.241.174.93: icmp_seq=256 ttl=42 time=35.2 ms
08-11 12:44:04.230 24318 24379 D cellinfo: 46 bytes from 44.241.174.93: icmp_seq=257 ttl=42 time=34.9 ms
08-11 12:44:04.435 24318 24379 D cellinfo: 46 bytes from 44.241.174.93: icmp_seq=258 ttl=42 time=38.9 ms
08-11 12:44:04.629 24318 24379 D cellinfo: 46 bytes from 44.241.174.93: icmp_seq=259 ttl=42 time=32.8 ms
08-11 12:44:04.838 24318 24379 D cellinfo: 46 bytes from 44.241.174.93: icmp_seq=260 ttl=42 time=40.6 ms
08-11 12:44:05.070 24318 24379 D cellinfo: 46 bytes from 44.241.174.93: icmp_seq=261 ttl=42 time=72.0 ms
08-11 12:44:05.235 24318 24379 D cellinfo: 46 bytes from 44.241.174.93: icmp_seq=262 ttl=42 time=37.8 ms
08-11 12:44:05.435 24318 24379 D cellinfo: 46 bytes from 44.241.174.93: icmp_seq=263 ttl=42 time=35.8 ms
08-11 12:44:05.634 24318 24379 D cellinfo: 46 bytes from 44.241.174.93: icmp_seq=264 ttl=42 time=34.7 ms
08-11 12:44:05.840 24318 24379 D cellinfo: 46 bytes from 44.241.174.93: icmp_seq=265 ttl=42 time=38.8 ms
08-11 12:44:05.871 24318 24318 D cellinfo: Latitude is 39.7264078
08-11 12:44:05.871 24318 24318 D cellinfo: Longitude is -105.0243417
08-11 12:44:05.871 24318 24318 D cellinfo: Instantaneous GPS information: United States, 620 Federal Blvd Building A, Denver, CO 80204, USA
08-11 12:44:05.871 24318 24318 D cellinfo: getCurrentLocation() result: Location (success): 39.7264078, -105.0243417
08-11 12:44:06.036 24318 24379 D cellinfo: 46 bytes from 44.241.174.93: icmp_seq=266 ttl=42 time=33.3 ms
08-11 12:44:06.241 24318 24379 D cellinfo: 46 bytes from 44.241.174.93: icmp_seq=267 ttl=42 time=38.0 ms
08-11 12:44:06.445 24318 24379 D cellinfo: 46 bytes from 44.241.174.93: icmp_seq=268 ttl=42 time=40.8 ms
08-11 12:44:06.643 24318 24379 D cellinfo: 46 bytes from 44.241.174.93: icmp_seq=269 ttl=42 time=38.1 ms
08-11 12:44:06.840 24318 24379 D cellinfo: 46 bytes from 44.241.174.93: icmp_seq=270 ttl=42 time=33.8 ms
08-11 12:44:07.040 24318 24379 D cellinfo: 46 bytes from 44.241.174.93: icmp_seq=271 ttl=42 time=33.2 ms
08-11 12:44:07.245 24318 24379 D cellinfo: 46 bytes from 44.241.174.93: icmp_seq=272 ttl=42 time=36.7 ms
08-11 12:44:07.449 24318 24379 D cellinfo: 46 bytes from 44.241.174.93: icmp_seq=273 ttl=42 time=39.7 ms
08-11 12:44:07.655 24318 24379 D cellinfo: 46 bytes from 44.241.174.93: icmp_seq=274 ttl=42 time=43.7 ms
08-11 12:44:07.845 24318 24318 D cellinfo: onCellInfoChanged: Operator:  UpdateTimestamp: 67322138 CellConnectionStatus: 1
08-11 12:44:07.845 24318 24318 D cellinfo: onCellInfoChanged: 5G-NR Cell Bands: [] ARFCN: 528000 Cell ID: 9223372036854775807 Physical Cell ID: 73 Tracking Area Code: 16777215
08-11 12:44:07.850 24318 24379 D cellinfo: 46 bytes from 44.241.174.93: icmp_seq=275 ttl=42 time=38.0 ms
08-11 12:44:08.051 24318 24379 D cellinfo: 46 bytes from 44.241.174.93: icmp_seq=276 ttl=42 time=36.9 ms
08-11 12:44:08.249 24318 24379 D cellinfo: 46 bytes from 44.241.174.93: icmp_seq=277 ttl=42 time=35.2 ms
08-11 12:44:08.450 24318 24379 D cellinfo: 46 bytes from 44.241.174.93: icmp_seq=278 ttl=42 time=35.4 ms
08-11 12:44:08.650 24318 24379 D cellinfo: 46 bytes from 44.241.174.93: icmp_seq=279 ttl=42 time=33.6 ms
08-11 12:44:08.776 24318 24318 D cellinfo: Latitude is 39.7264078
08-11 12:44:08.776 24318 24318 D cellinfo: Longitude is -105.0243417
08-11 12:44:08.776 24318 24318 D cellinfo: Instantaneous GPS information: United States, 620 Federal Blvd Building A, Denver, CO 80204, USA
08-11 12:44:08.776 24318 24318 D cellinfo: getCurrentLocation() result: Location (success): 39.7264078, -105.0243417
08-11 12:44:08.848 24318 24379 D cellinfo: 46 bytes from 44.241.174.93: icmp_seq=280 ttl=42 time=31.4 ms
08-11 12:44:09.056 24318 24379 D cellinfo: 46 bytes from 44.241.174.93: icmp_seq=281 ttl=42 time=37.3 ms
08-11 12:44:09.256 24318 24379 D cellinfo: 46 bytes from 44.241.174.93: icmp_seq=282 ttl=42 time=37.4 ms
08-11 12:44:09.455 24318 24379 D cellinfo: 46 bytes from 44.241.174.93: icmp_seq=283 ttl=42 time=35.2 ms
08-11 12:44:09.656 24318 24379 D cellinfo: 46 bytes from 44.241.174.93: icmp_seq=284 ttl=42 time=34.7 ms
08-11 12:44:09.861 24318 24379 D cellinfo: 46 bytes from 44.241.174.93: icmp_seq=285 ttl=42 time=38.6 ms
08-11 12:44:10.066 24318 24379 D cellinfo: 46 bytes from 44.241.174.93: icmp_seq=286 ttl=42 time=42.6 ms
08-11 12:44:10.262 24318 24379 D cellinfo: 46 bytes from 44.241.174.93: icmp_seq=287 ttl=42 time=37.2 ms
08-11 12:44:10.461 24318 24379 D cellinfo: 46 bytes from 44.241.174.93: icmp_seq=288 ttl=42 time=36.3 ms
08-11 12:44:10.661 24318 24379 D cellinfo: 46 bytes from 44.241.174.93: icmp_seq=289 ttl=42 time=34.5 ms
08-11 12:44:10.859 24318 24379 D cellinfo: 46 bytes from 44.241.174.93: icmp_seq=290 ttl=42 time=32.8 ms
08-11 12:44:11.062 24318 24379 D cellinfo: 46 bytes from 44.241.174.93: icmp_seq=291 ttl=42 time=34.9 ms
08-11 12:44:11.269 24318 24379 D cellinfo: 46 bytes from 44.241.174.93: icmp_seq=292 ttl=42 time=41.3 ms
08-11 12:44:11.464 24318 24379 D cellinfo: 46 bytes from 44.241.174.93: icmp_seq=293 ttl=42 time=35.5 ms
08-11 12:44:11.668 24318 24379 D cellinfo: 46 bytes from 44.241.174.93: icmp_seq=294 ttl=42 time=37.5 ms
08-11 12:44:11.767 24318 24318 D cellinfo: Latitude is 39.7264078
08-11 12:44:11.768 24318 24318 D cellinfo: Longitude is -105.0243417
08-11 12:44:11.768 24318 24318 D cellinfo: Instantaneous GPS information: United States, 620 Federal Blvd Building A, Denver, CO 80204, USA
08-11 12:44:11.768 24318 24318 D cellinfo: getCurrentLocation() result: Location (success): 39.7264078, -105.0243417
08-11 12:44:11.871 24318 24379 D cellinfo: 46 bytes from 44.241.174.93: icmp_seq=295 ttl=42 time=39.2 ms
08-11 12:44:12.066 24318 24379 D cellinfo: 46 bytes from 44.241.174.93: icmp_seq=296 ttl=42 time=34.1 ms
08-11 12:44:12.269 24318 24379 D cellinfo: 46 bytes from 44.241.174.93: icmp_seq=297 ttl=42 time=36.1 ms
08-11 12:44:12.470 24318 24379 D cellinfo: 46 bytes from 44.241.174.93: icmp_seq=298 ttl=42 time=36.6 ms
08-11 12:44:12.670 24318 24379 D cellinfo: 46 bytes from 44.241.174.93: icmp_seq=299 ttl=42 time=36.2 ms
08-11 12:44:12.869 24318 24379 D cellinfo: 46 bytes from 44.241.174.93: icmp_seq=300 ttl=42 time=34.6 ms
08-11 12:44:13.076 24318 24379 D cellinfo: 46 bytes from 44.241.174.93: icmp_seq=301 ttl=42 time=39.7 ms
08-11 12:44:13.277 24318 24379 D cellinfo: 46 bytes from 44.241.174.93: icmp_seq=302 ttl=42 time=39.2 ms
08-11 12:44:13.477 24318 24379 D cellinfo: 46 bytes from 44.241.174.93: icmp_seq=303 ttl=42 time=39.6 ms
08-11 12:44:13.675 24318 24379 D cellinfo: 46 bytes from 44.241.174.93: icmp_seq=304 ttl=42 time=37.4 ms
08-11 12:44:13.875 24318 24379 D cellinfo: 46 bytes from 44.241.174.93: icmp_seq=305 ttl=42 time=36.4 ms
08-11 12:44:14.077 24318 24379 D cellinfo: 46 bytes from 44.241.174.93: icmp_seq=306 ttl=42 time=36.5 ms
08-11 12:44:14.275 24318 24379 D cellinfo: 46 bytes from 44.241.174.93: icmp_seq=307 ttl=42 time=35.0 ms
08-11 12:44:14.476 24318 24379 D cellinfo: 46 bytes from 44.241.174.93: icmp_seq=308 ttl=42 time=33.9 ms
08-11 12:44:14.687 24318 24379 D cellinfo: 46 bytes from 44.241.174.93: icmp_seq=309 ttl=42 time=44.1 ms
08-11 12:44:14.780 24318 24318 D cellinfo: Latitude is 39.7264078
08-11 12:44:14.780 24318 24318 D cellinfo: Longitude is -105.0243417
08-11 12:44:14.780 24318 24318 D cellinfo: Instantaneous GPS information: United States, 620 Federal Blvd Building A, Denver, CO 80204, USA
08-11 12:44:14.780 24318 24318 D cellinfo: getCurrentLocation() result: Location (success): 39.7264078, -105.0243417
08-11 12:44:14.879 24318 24379 D cellinfo: 46 bytes from 44.241.174.93: icmp_seq=310 ttl=42 time=35.0 ms
08-11 12:44:14.943 24318 24318 D cellinfo: onCellInfoChanged: Operator:  UpdateTimestamp: 67329236 CellConnectionStatus: 1
08-11 12:44:14.943 24318 24318 D cellinfo: onCellInfoChanged: 5G-NR Cell Bands: [] ARFCN: 528000 Cell ID: 9223372036854775807 Physical Cell ID: 73 Tracking Area Code: 16777215
08-11 12:44:15.079 24318 24379 D cellinfo: 46 bytes from 44.241.174.93: icmp_seq=311 ttl=42 time=34.6 ms
08-11 12:44:15.282 24318 24379 D cellinfo: 46 bytes from 44.241.174.93: icmp_seq=312 ttl=42 time=35.5 ms
08-11 12:44:15.486 24318 24379 D cellinfo: 46 bytes from 44.241.174.93: icmp_seq=313 ttl=42 time=38.3 ms
08-11 12:44:15.687 24318 24379 D cellinfo: 46 bytes from 44.241.174.93: icmp_seq=314 ttl=42 time=38.9 ms
08-11 12:44:15.886 24318 24379 D cellinfo: 46 bytes from 44.241.174.93: icmp_seq=315 ttl=42 time=38.2 ms
08-11 12:44:16.086 24318 24379 D cellinfo: 46 bytes from 44.241.174.93: icmp_seq=316 ttl=42 time=37.6 ms
08-11 12:44:16.285 24318 24379 D cellinfo: 46 bytes from 44.241.174.93: icmp_seq=317 ttl=42 time=35.2 ms
08-11 12:44:16.484 24318 24379 D cellinfo: 46 bytes from 44.241.174.93: icmp_seq=318 ttl=42 time=33.9 ms
08-11 12:44:16.684 24318 24379 D cellinfo: 46 bytes from 44.241.174.93: icmp_seq=319 ttl=42 time=33.7 ms
08-11 12:44:16.893 24318 24379 D cellinfo: 46 bytes from 44.241.174.93: icmp_seq=320 ttl=42 time=41.1 ms
08-11 12:44:17.110 24318 24379 D cellinfo: 46 bytes from 44.241.174.93: icmp_seq=321 ttl=42 time=57.0 ms
08-11 13:01:18.730 26265 26265 D cellinfo: Country == United States
08-11 13:01:18.730 26265 26265 D cellinfo: City == Denver
08-11 13:01:18.731 26265 26265 D cellinfo: GPS Info == 620 Federal Blvd Building A, Denver, CO 80204, USA
08-11 13:01:18.731 26265 26265 D cellinfo: Network Operator == T-Mobile
08-11 13:01:18.731 26265 26265 D cellinfo: User movement == Static
08-11 13:01:18.731 26265 26265 D cellinfo: isEastCoast == false
08-11 13:01:18.731 26265 26265 D cellinfo: isWestCoast == true
08-11 13:01:18.731 26265 26265 D cellinfo: isBoston == false
08-11 13:01:18.731 26265 26265 D cellinfo: All GPS info fetched. Saving city and country info
08-11 13:01:18.732 26265 26840 D cellinfo: Timestamp: 1660244478
08-11 13:01:19.232 26265 26841 D cellinfo: Logging started
08-11 13:01:19.433 26265 26265 D cellinfo: Latitude is 39.7264578
08-11 13:01:19.434 26265 26265 D cellinfo: Longitude is -105.0240371
08-11 13:01:19.434 26265 26265 D cellinfo: Instantaneous GPS information: United States, 600 Federal Blvd, Denver, CO 80204, USA
08-11 13:01:19.434 26265 26265 D cellinfo: getCurrentLocation() result: Location (success): 39.7264578, -105.0240371
08-11 13:01:19.438 26265 26265 D cellinfo: onServiceStateChanged: Channel Number: 875 Cell Bandwidths: [15000, 100000]
08-11 13:01:19.438 26265 26265 D cellinfo: onsignalStrengthsChanged: LTE Signal Strength info: rsrp: -94 rsrq: -9 rssi: -67 rssnr: 5
08-11 13:01:19.438 26265 26265 D cellinfo: onsignalStrengthsChanged: 5G-NR Signal Strength info: ssrsrp: -85 ssrsrq: -10 sssinr: 14
08-11 13:01:19.440 26265 26265 D cellinfo: onCellInfoChanged: Operator:  UpdateTimestamp: 68353119 CellConnectionStatus: 1
08-11 13:01:19.440 26265 26265 D cellinfo: onCellInfoChanged: 5G-NR Cell Bands: [] ARFCN: 528000 Cell ID: 9223372036854775807 Physical Cell ID: 73 Tracking Area Code: 16777215
08-11 13:01:19.444 26265 26265 D cellinfo: onDisplayInfoChanged: NetworkType: LTE OverrideNetworkType: Unknown
08-11 13:01:19.746 26265 26840 D cellinfo: Ping command fired: /system/bin/ping -i 0.2 -s 38 44.241.174.93
08-11 13:01:19.802 26265 26840 D cellinfo: PING 44.241.174.93 (44.241.174.93) 38(66) bytes of data.
08-11 13:01:19.802 26265 26840 D cellinfo: 46 bytes from 44.241.174.93: icmp_seq=1 ttl=43 time=35.5 ms
08-11 13:01:20.015 26265 26840 D cellinfo: 46 bytes from 44.241.174.93: icmp_seq=2 ttl=43 time=46.7 ms
08-11 13:01:20.217 26265 26840 D cellinfo: 46 bytes from 44.241.174.93: icmp_seq=3 ttl=43 time=49.9 ms
