08-11 13:02:27.402 26265 26840 D cellinfo: 46 bytes from 44.241.174.93: icmp_seq=336 ttl=43 time=360 ms
08-11 13:02:27.417 26265 26840 D cellinfo: 46 bytes from 44.241.174.93: icmp_seq=337 ttl=43 time=174 ms
08-11 13:02:27.708 26265 26840 D cellinfo: 46 bytes from 44.241.174.93: icmp_seq=338 ttl=43 time=264 ms
08-11 13:02:27.708 26265 26840 D cellinfo: 46 bytes from 44.241.174.93: icmp_seq=339 ttl=43 time=61.4 ms
08-11 13:02:27.908 26265 26840 D cellinfo: 46 bytes from 44.241.174.93: icmp_seq=340 ttl=43 time=60.4 ms
08-11 13:02:28.145 26265 26265 D cellinfo: onServiceStateChanged: Channel Number: 875 Cell Bandwidths: [15000, 100000]
08-11 13:02:28.191 26265 26840 D cellinfo: 46 bytes from 44.241.174.93: icmp_seq=341 ttl=43 time=141 ms
08-11 13:02:28.296 26265 26840 D cellinfo: 46 bytes from 44.241.174.93: icmp_seq=342 ttl=43 time=46.4 ms
08-11 13:02:28.495 26265 26840 D cellinfo: 46 bytes from 44.241.174.93: icmp_seq=343 ttl=43 time=44.4 ms
08-11 13:02:28.692 26265 26840 D cellinfo: 46 bytes from 44.241.174.93: icmp_seq=344 ttl=43 time=40.2 ms
08-11 13:02:28.894 26265 26840 D cellinfo: 46 bytes from 44.241.174.93: icmp_seq=345 ttl=43 time=41.2 ms
08-11 13:02:29.094 26265 26840 D cellinfo: 46 bytes from 44.241.174.93: icmp_seq=346 ttl=43 time=40.6 ms
08-11 13:02:29.389 26265 26840 D cellinfo: 46 bytes from 44.241.174.93: icmp_seq=347 ttl=43 time=134 ms
08-11 13:02:29.391 26265 26840 D cellinfo: 46 bytes from 44.241.174.93: icmp_seq=347 ttl=43 time=137 ms (DUP!)
08-11 13:02:29.431 26265 26265 D cellinfo: onServiceStateChanged: Channel Number: 875 Cell Bandwidths: [15000]
08-11 13:02:29.502 26265 26840 D cellinfo: 46 bytes from 44.241.174.93: icmp_seq=348 ttl=43 time=46.9 ms
08-11 13:02:29.699 26265 26840 D cellinfo: 46 bytes from 44.241.174.93: icmp_seq=349 ttl=43 time=42.8 ms
08-11 13:02:29.896 26265 26840 D cellinfo: 46 bytes from 44.241.174.93: icmp_seq=350 ttl=43 time=39.4 ms
08-11 13:02:30.095 26265 26840 D cellinfo: 46 bytes from 44.241.174.93: icmp_seq=351 ttl=43 time=37.4 ms
08-11 13:02:30.226 26265 26265 D cellinfo: Latitude is 39.7287172
08-11 13:02:30.226 26265 26265 D cellinfo: Longitude is -105.0250356
08-11 13:02:30.227 26265 26265 D cellinfo: Instantaneous GPS information: United States, 792 Federal Blvd, Denver, CO 80204, USA
08-11 13:02:30.227 26265 26265 D cellinfo: getCurrentLocation() result: Location (success): 39.7287172, -105.0250356
08-11 13:02:30.307 26265 26840 D cellinfo: 46 bytes from 44.241.174.93: icmp_seq=352 ttl=43 time=48.5 ms
08-11 13:02:30.503 26265 26840 D cellinfo: 46 bytes from 44.241.174.93: icmp_seq=353 ttl=43 time=42.4 ms
08-11 13:02:30.703 26265 26840 D cellinfo: 46 bytes from 44.241.174.93: icmp_seq=354 ttl=43 time=41.2 ms
08-11 13:02:30.908 26265 26840 D cellinfo: 46 bytes from 44.241.174.93: icmp_seq=355 ttl=43 time=45.3 ms
08-11 13:02:31.109 26265 26840 D cellinfo: 46 bytes from 44.241.174.93: icmp_seq=356 ttl=43 time=45.5 ms
08-11 13:02:31.324 26265 26840 D cellinfo: 46 bytes from 44.241.174.93: icmp_seq=357 ttl=43 time=60.1 ms
08-11 13:02:31.509 26265 26840 D cellinfo: 46 bytes from 44.241.174.93: icmp_seq=358 ttl=43 time=44.2 ms
08-11 13:02:31.703 26265 26840 D cellinfo: 46 bytes from 44.241.174.93: icmp_seq=359 ttl=43 time=36.7 ms
08-11 13:02:31.909 26265 26840 D cellinfo: 46 bytes from 44.241.174.93: icmp_seq=360 ttl=43 time=42.5 ms
08-11 13:02:32.107 26265 26840 D cellinfo: 46 bytes from 44.241.174.93: icmp_seq=361 ttl=43 time=40.1 ms
08-11 13:02:32.314 26265 26840 D cellinfo: 46 bytes from 44.241.174.93: icmp_seq=362 ttl=43 time=45.6 ms
08-11 13:02:32.507 26265 26840 D cellinfo: 46 bytes from 44.241.174.93: icmp_seq=363 ttl=43 time=38.6 ms
08-11 13:02:32.711 26265 26840 D cellinfo: 46 bytes from 44.241.174.93: icmp_seq=364 ttl=43 time=41.4 ms
08-11 13:02:32.911 26265 26840 D cellinfo: 46 bytes from 44.241.174.93: icmp_seq=365 ttl=43 time=40.7 ms
08-11 13:02:33.114 26265 26840 D cellinfo: 46 bytes from 44.241.174.93: icmp_seq=366 ttl=43 time=42.8 ms
08-11 13:02:33.189 26265 26265 D cellinfo: Latitude is 39.7287841
08-11 13:02:33.189 26265 26265 D cellinfo: Longitude is -105.0250387
08-11 13:02:33.189 26265 26265 D cellinfo: Instantaneous GPS information: United States, 792 Federal Blvd, Denver, CO 80204, USA
08-11 13:02:33.189 26265 26265 D cellinfo: getCurrentLocation() result: Location (success): 39.7287841, -105.0250387
08-11 13:02:33.192 26265 26265 D cellinfo: onCellInfoChanged: Operator:  UpdateTimestamp: 68427403 CellConnectionStatus: 1
08-11 13:02:33.193 26265 26265 D cellinfo: onCellInfoChanged: 5G-NR Cell Bands: [] ARFCN: 528000 Cell ID: 9223372036854775807 Physical Cell ID: 593 Tracking Area Code: 16777215
08-11 13:02:33.324 26265 26840 D cellinfo: 46 bytes from 44.241.174.93: icmp_seq=367 ttl=43 time=51.9 ms
08-11 13:02:33.519 26265 26840 D cellinfo: 46 bytes from 44.241.174.93: icmp_seq=368 ttl=43 time=45.5 ms
08-11 13:02:33.716 26265 26840 D cellinfo: 46 bytes from 44.241.174.93: icmp_seq=369 ttl=43 time=42.0 ms
08-11 13:02:33.913 26265 26840 D cellinfo: 46 bytes from 44.241.174.93: icmp_seq=370 ttl=43 time=38.2 ms
08-11 13:02:34.116 26265 26840 D cellinfo: 46 bytes from 44.241.174.93: icmp_seq=371 ttl=43 time=40.8 ms
08-11 13:02:34.338 26265 26840 D cellinfo: 46 bytes from 44.241.174.93: icmp_seq=372 ttl=43 time=61.6 ms
08-11 13:02:34.534 26265 26840 D cellinfo: 46 bytes from 44.241.174.93: icmp_seq=373 ttl=43 time=56.4 ms
08-11 13:02:34.572 26265 26265 D cellinfo: onsignalStrengthsChanged: LTE Signal Strength info: rsrp: -102 rsrq: -20 rssi: -61 rssnr: -10
08-11 13:02:34.572 26265 26265 D cellinfo: onsignalStrengthsChanged: 5G-NR Signal Strength info: ssrsrp: -88 ssrsrq: -15 sssinr: 0
08-11 13:02:34.657 26265 26265 D cellinfo: onServiceStateChanged: Channel Number: 875 Cell Bandwidths: [15000, 100000]
08-11 13:02:34.796 26265 26840 D cellinfo: 46 bytes from 44.241.174.93: icmp_seq=374 ttl=43 time=118 ms
08-11 13:02:34.950 26265 26840 D cellinfo: 46 bytes from 44.241.174.93: icmp_seq=375 ttl=43 time=71.0 ms
08-11 13:02:35.162 26265 26840 D cellinfo: 46 bytes from 44.241.174.93: icmp_seq=376 ttl=43 time=82.5 ms
08-11 13:02:35.357 26265 26840 D cellinfo: 46 bytes from 44.241.174.93: icmp_seq=377 ttl=43 time=76.3 ms
08-11 13:02:35.556 26265 26840 D cellinfo: 46 bytes from 44.241.174.93: icmp_seq=378 ttl=43 time=74.7 ms
08-11 13:02:35.723 26265 26840 D cellinfo: 46 bytes from 44.241.174.93: icmp_seq=379 ttl=43 time=40.8 ms
08-11 13:02:35.949 26265 26840 D cellinfo: 46 bytes from 44.241.174.93: icmp_seq=380 ttl=43 time=66.3 ms
08-11 13:02:36.153 26265 26840 D cellinfo: 46 bytes from 44.241.174.93: icmp_seq=381 ttl=43 time=68.8 ms
08-11 13:02:36.337 26265 26840 D cellinfo: 46 bytes from 44.241.174.93: icmp_seq=382 ttl=43 time=52.3 ms
08-11 13:02:36.557 26265 26840 D cellinfo: 46 bytes from 44.241.174.93: icmp_seq=383 ttl=43 time=71.4 ms
08-11 13:02:36.796 26265 26840 D cellinfo: 46 bytes from 44.241.174.93: icmp_seq=384 ttl=43 time=109 ms
08-11 13:02:36.927 26265 26840 D cellinfo: 46 bytes from 44.241.174.93: icmp_seq=385 ttl=43 time=40.1 ms
08-11 13:02:37.132 26265 26265 D cellinfo: Latitude is 39.7305042
08-11 13:02:37.132 26265 26265 D cellinfo: Longitude is -105.0250548
08-11 13:02:37.132 26265 26265 D cellinfo: Instantaneous GPS information: United States, 880 CO-88, Denver, CO 80204, USA
08-11 13:02:37.132 26265 26265 D cellinfo: getCurrentLocation() result: Location (success): 39.7305042, -105.0250548
08-11 13:02:37.144 26265 26840 D cellinfo: 46 bytes from 44.241.174.93: icmp_seq=386 ttl=43 time=54.9 ms
08-11 13:02:37.355 26265 26840 D cellinfo: 46 bytes from 44.241.174.93: icmp_seq=387 ttl=43 time=66.2 ms
08-11 13:02:37.543 26265 26840 D cellinfo: 46 bytes from 44.241.174.93: icmp_seq=388 ttl=43 time=52.4 ms
08-11 13:02:37.694 26265 26265 D cellinfo: onsignalStrengthsChanged: LTE Signal Strength info: rsrp: -92 rsrq: -18 rssi: -53 rssnr: -7
08-11 13:02:37.694 26265 26265 D cellinfo: onsignalStrengthsChanged: 5G-NR Signal Strength info: ssrsrp: -85 ssrsrq: -12 sssinr: 6
08-11 13:02:37.738 26265 26840 D cellinfo: 46 bytes from 44.241.174.93: icmp_seq=389 ttl=43 time=46.8 ms
08-11 13:02:37.934 26265 26840 D cellinfo: 46 bytes from 44.241.174.93: icmp_seq=390 ttl=43 time=42.5 ms
08-11 13:02:38.142 26265 26840 D cellinfo: 46 bytes from 44.241.174.93: icmp_seq=391 ttl=43 time=48.9 ms
08-11 13:02:38.356 26265 26840 D cellinfo: 46 bytes from 44.241.174.93: icmp_seq=392 ttl=43 time=62.3 ms
08-11 13:02:38.536 26265 26840 D cellinfo: 46 bytes from 44.241.174.93: icmp_seq=393 ttl=43 time=41.3 ms
08-11 13:02:38.748 26265 26840 D cellinfo: 46 bytes from 44.241.174.93: icmp_seq=394 ttl=43 time=51.1 ms
08-11 13:02:38.958 26265 26265 D cellinfo: Latitude is 39.7305042
08-11 13:02:38.958 26265 26265 D cellinfo: Longitude is -105.0250548
08-11 13:02:38.958 26265 26265 D cellinfo: Instantaneous GPS information: United States, 880 CO-88, Denver, CO 80204, USA
08-11 13:02:38.958 26265 26265 D cellinfo: getCurrentLocation() result: Location (success): 39.7305042, -105.0250548
08-11 13:02:38.963 26265 26840 D cellinfo: 46 bytes from 44.241.174.93: icmp_seq=395 ttl=43 time=65.4 ms
08-11 13:02:39.142 26265 26265 D cellinfo: onCellInfoChanged: Operator:  UpdateTimestamp: 68433435 CellConnectionStatus: 1
08-11 13:02:39.143 26265 26265 D cellinfo: onCellInfoChanged: 5G-NR Cell Bands: [] ARFCN: 528000 Cell ID: 9223372036854775807 Physical Cell ID: 533 Tracking Area Code: 16777215
08-11 13:02:39.147 26265 26840 D cellinfo: 46 bytes from 44.241.174.93: icmp_seq=396 ttl=43 time=48.9 ms
08-11 13:02:39.356 26265 26840 D cellinfo: 46 bytes from 44.241.174.93: icmp_seq=397 ttl=43 time=57.0 ms
08-11 13:02:39.597 26265 26840 D cellinfo: 46 bytes from 44.241.174.93: icmp_seq=398 ttl=43 time=96.3 ms
08-11 13:02:39.744 26265 26840 D cellinfo: 46 bytes from 44.241.174.93: icmp_seq=399 ttl=43 time=42.2 ms
08-11 13:02:39.952 26265 26840 D cellinfo: 46 bytes from 44.241.174.93: icmp_seq=400 ttl=43 time=49.7 ms
08-11 13:02:40.156 26265 26840 D cellinfo: 46 bytes from 44.241.174.93: icmp_seq=401 ttl=43 time=52.8 ms
08-11 13:02:40.363 26265 26840 D cellinfo: 46 bytes from 44.241.174.93: icmp_seq=402 ttl=43 time=58.4 ms
08-11 13:02:40.542 26265 26840 D cellinfo: 46 bytes from 44.241.174.93: icmp_seq=403 ttl=43 time=36.8 ms
08-11 13:02:40.757 26265 26840 D cellinfo: 46 bytes from 44.241.174.93: icmp_seq=404 ttl=43 time=50.6 ms
08-11 13:02:40.892 26265 26265 D cellinfo: onsignalStrengthsChanged: LTE Signal Strength info: rsrp: -100 rsrq: -18 rssi: -61 rssnr: -9
08-11 13:02:40.892 26265 26265 D cellinfo: onsignalStrengthsChanged: 5G-NR Signal Strength info: ssrsrp: -88 ssrsrq: -13 sssinr: 5
08-11 13:02:40.956 26265 26840 D cellinfo: 46 bytes from 44.241.174.93: icmp_seq=405 ttl=43 time=49.2 ms
08-11 13:02:41.156 26265 26840 D cellinfo: 46 bytes from 44.241.174.93: icmp_seq=406 ttl=43 time=48.7 ms
08-11 13:02:41.353 26265 26840 D cellinfo: 46 bytes from 44.241.174.93: icmp_seq=407 ttl=43 time=44.4 ms
08-11 13:02:41.582 26265 26840 D cellinfo: 46 bytes from 44.241.174.93: icmp_seq=408 ttl=43 time=73.0 ms
08-11 13:02:41.783 26265 26840 D cellinfo: 46 bytes from 44.241.174.93: icmp_seq=409 ttl=43 time=72.4 ms
08-11 13:02:41.947 26265 26265 D cellinfo: Latitude is 39.7305042
08-11 13:02:41.947 26265 26265 D cellinfo: Longitude is -105.0250548
08-11 13:02:41.947 26265 26265 D cellinfo: Instantaneous GPS information: United States, 880 CO-88, Denver, CO 80204, USA
08-11 13:02:41.947 26265 26265 D cellinfo: getCurrentLocation() result: Location (success): 39.7305042, -105.0250548
08-11 13:02:41.996 26265 26840 D cellinfo: 46 bytes from 44.241.174.93: icmp_seq=410 ttl=43 time=85.4 ms
08-11 13:02:42.196 26265 26840 D cellinfo: 46 bytes from 44.241.174.93: icmp_seq=411 ttl=43 time=84.9 ms
08-11 13:02:42.408 26265 26840 D cellinfo: 46 bytes from 44.241.174.93: icmp_seq=412 ttl=43 time=95.1 ms
08-11 13:02:42.597 26265 26840 D cellinfo: 46 bytes from 44.241.174.93: icmp_seq=413 ttl=43 time=83.5 ms
08-11 13:02:42.796 26265 26840 D cellinfo: 46 bytes from 44.241.174.93: icmp_seq=414 ttl=43 time=80.9 ms
08-11 13:02:42.996 26265 26840 D cellinfo: 46 bytes from 44.241.174.93: icmp_seq=415 ttl=43 time=80.4 ms
08-11 13:02:43.184 26265 26840 D cellinfo: 46 bytes from 44.241.174.93: icmp_seq=416 ttl=43 time=67.1 ms
08-11 13:02:43.396 26265 26840 D cellinfo: 46 bytes from 44.241.174.93: icmp_seq=417 ttl=43 time=78.2 ms
08-11 13:02:43.708 26265 26840 D cellinfo: 46 bytes from 44.241.174.93: icmp_seq=418 ttl=43 time=188 ms
08-11 13:02:43.836 26265 26840 D cellinfo: 46 bytes from 44.241.174.93: icmp_seq=419 ttl=43 time=116 ms
08-11 13:02:43.997 26265 26840 D cellinfo: 46 bytes from 44.241.174.93: icmp_seq=420 ttl=43 time=76.7 ms
08-11 13:02:44.228 26265 26840 D cellinfo: 46 bytes from 44.241.174.93: icmp_seq=421 ttl=43 time=107 ms
08-11 13:02:44.400 26265 26840 D cellinfo: 46 bytes from 44.241.174.93: icmp_seq=422 ttl=43 time=78.0 ms
08-11 13:02:44.596 26265 26840 D cellinfo: 46 bytes from 44.241.174.93: icmp_seq=423 ttl=43 time=73.8 ms
08-11 13:02:44.799 26265 26840 D cellinfo: 46 bytes from 44.241.174.93: icmp_seq=424 ttl=43 time=75.3 ms
08-11 13:02:44.952 26265 26265 D cellinfo: Latitude is 39.7305042
08-11 13:02:44.952 26265 26265 D cellinfo: Longitude is -105.0250548
08-11 13:02:44.952 26265 26265 D cellinfo: Instantaneous GPS information: United States, 880 CO-88, Denver, CO 80204, USA
08-11 13:02:44.952 26265 26265 D cellinfo: getCurrentLocation() result: Location (success): 39.7305042, -105.0250548
08-11 13:02:45.022 26265 26840 D cellinfo: 46 bytes from 44.241.174.93: icmp_seq=425 ttl=43 time=98.1 ms
08-11 13:02:45.091 26265 26265 D cellinfo: onsignalStrengthsChanged: LTE Signal Strength info: rsrp: -95 rsrq: -19 rssi: -55 rssnr: -15
08-11 13:02:45.091 26265 26265 D cellinfo: onsignalStrengthsChanged: 5G-NR Signal Strength info: ssrsrp: -90 ssrsrq: -12 sssinr: 3
08-11 13:02:45.113 26265 26265 D cellinfo: onCellInfoChanged: Operator:  UpdateTimestamp: 68439408 CellConnectionStatus: 1
08-11 13:02:45.113 26265 26265 D cellinfo: onCellInfoChanged: 5G-NR Cell Bands: [] ARFCN: 528000 Cell ID: 9223372036854775807 Physical Cell ID: 533 Tracking Area Code: 16777215
08-11 13:02:45.196 26265 26840 D cellinfo: 46 bytes from 44.241.174.93: icmp_seq=426 ttl=43 time=72.3 ms
08-11 13:02:45.396 26265 26840 D cellinfo: 46 bytes from 44.241.174.93: icmp_seq=427 ttl=43 time=71.0 ms
08-11 13:02:45.593 26265 26840 D cellinfo: 46 bytes from 44.241.174.93: icmp_seq=428 ttl=43 time=66.6 ms
08-11 13:02:45.788 26265 26840 D cellinfo: 46 bytes from 44.241.174.93: icmp_seq=429 ttl=43 time=61.0 ms
08-11 13:02:46.038 26265 26840 D cellinfo: 46 bytes from 44.241.174.93: icmp_seq=430 ttl=43 time=109 ms
08-11 13:02:46.237 26265 26840 D cellinfo: 46 bytes from 44.241.174.93: icmp_seq=431 ttl=43 time=108 ms
08-11 13:02:46.535 26265 26265 D cellinfo: onServiceStateChanged: Channel Number: 875 Cell Bandwidths: [15000]
08-11 13:02:46.538 26265 26840 D cellinfo: 46 bytes from 44.241.174.93: icmp_seq=432 ttl=43 time=208 ms
08-11 13:02:46.582 26265 26840 D cellinfo: 46 bytes from 44.241.174.93: icmp_seq=433 ttl=43 time=48.1 ms
08-11 13:02:46.798 26265 26840 D cellinfo: 46 bytes from 44.241.174.93: icmp_seq=434 ttl=43 time=63.0 ms
08-11 13:02:46.997 26265 26840 D cellinfo: 46 bytes from 44.241.174.93: icmp_seq=435 ttl=43 time=60.6 ms
08-11 13:02:47.195 26265 26840 D cellinfo: 46 bytes from 44.241.174.93: icmp_seq=436 ttl=43 time=57.8 ms
08-11 13:02:47.397 26265 26840 D cellinfo: 46 bytes from 44.241.174.93: icmp_seq=437 ttl=43 time=60.1 ms
08-11 13:02:47.594 26265 26840 D cellinfo: 46 bytes from 44.241.174.93: icmp_seq=438 ttl=43 time=55.4 ms
08-11 13:02:48.034 26265 26840 D cellinfo: 46 bytes from 44.241.174.93: icmp_seq=439 ttl=43 time=294 ms
08-11 13:02:48.954 26265 26840 D cellinfo: 46 bytes from 44.241.174.93: icmp_seq=440 ttl=43 time=1011 ms
08-11 13:02:49.555 26265 26840 D cellinfo: 46 bytes from 44.241.174.93: icmp_seq=441 ttl=43 time=1411 ms
08-11 13:02:49.833 26265 26840 D cellinfo: 46 bytes from 44.241.174.93: icmp_seq=442 ttl=43 time=1483 ms
08-11 13:02:49.878 26265 26840 D cellinfo: 46 bytes from 44.241.174.93: icmp_seq=443 ttl=43 time=1323 ms
08-11 13:02:50.564 26265 26840 D cellinfo: 46 bytes from 44.241.174.93: icmp_seq=444 ttl=43 time=1805 ms
08-11 13:02:50.915 26265 26840 D cellinfo: 46 bytes from 44.241.174.93: icmp_seq=445 ttl=43 time=1950 ms
08-11 13:02:51.314 26265 26840 D cellinfo: 46 bytes from 44.241.174.93: icmp_seq=446 ttl=43 time=2147 ms
08-11 13:02:51.315 26265 26840 D cellinfo: 46 bytes from 44.241.174.93: icmp_seq=447 ttl=43 time=1943 ms
08-11 13:02:51.315 26265 26840 D cellinfo: 46 bytes from 44.241.174.93: icmp_seq=448 ttl=43 time=1743 ms
08-11 13:02:51.315 26265 26840 D cellinfo: 46 bytes from 44.241.174.93: icmp_seq=449 ttl=43 time=1539 ms
08-11 13:02:51.315 26265 26840 D cellinfo: 46 bytes from 44.241.174.93: icmp_seq=450 ttl=43 time=1338 ms
08-11 13:02:51.315 26265 26840 D cellinfo: 46 bytes from 44.241.174.93: icmp_seq=451 ttl=43 time=1135 ms
08-11 13:02:51.315 26265 26840 D cellinfo: 46 bytes from 44.241.174.93: icmp_seq=452 ttl=43 time=932 ms
08-11 13:02:51.315 26265 26840 D cellinfo: 46 bytes from 44.241.174.93: icmp_seq=453 ttl=43 time=731 ms
08-11 13:02:51.316 26265 26840 D cellinfo: 46 bytes from 44.241.174.93: icmp_seq=454 ttl=43 time=527 ms
08-11 13:02:51.316 26265 26840 D cellinfo: 46 bytes from 44.241.174.93: icmp_seq=455 ttl=43 time=327 ms
08-11 13:02:51.316 26265 26840 D cellinfo: 46 bytes from 44.241.174.93: icmp_seq=456 ttl=43 time=124 ms
08-11 13:02:51.434 26265 26840 D cellinfo: 46 bytes from 44.241.174.93: icmp_seq=457 ttl=43 time=42.4 ms
08-11 13:02:51.528 26265 26265 D cellinfo: Latitude is 39.7313523
08-11 13:02:51.528 26265 26265 D cellinfo: Longitude is -105.0250852
08-11 13:02:51.528 26265 26265 D cellinfo: Instantaneous GPS information: United States, 903 CO-88, Denver, CO 80204, USA
08-11 13:02:51.528 26265 26265 D cellinfo: getCurrentLocation() result: Location (success): 39.7313523, -105.0250852
08-11 13:02:51.534 26265 26265 D cellinfo: onCellInfoChanged: Operator:  UpdateTimestamp: 68445693 CellConnectionStatus: 1
08-11 13:02:51.534 26265 26265 D cellinfo: onCellInfoChanged: 5G-NR Cell Bands: [] ARFCN: 528000 Cell ID: 9223372036854775807 Physical Cell ID: 533 Tracking Area Code: 16777215
08-11 13:02:51.552 26265 26265 D cellinfo: Latitude is 39.7313523
08-11 13:02:51.552 26265 26265 D cellinfo: Longitude is -105.0250852
08-11 13:02:51.552 26265 26265 D cellinfo: Instantaneous GPS information: United States, 903 CO-88, Denver, CO 80204, USA
08-11 13:02:51.552 26265 26265 D cellinfo: getCurrentLocation() result: Location (success): 39.7313523, -105.0250852
08-11 13:02:51.634 26265 26840 D cellinfo: 46 bytes from 44.241.174.93: icmp_seq=458 ttl=43 time=41.9 ms
08-11 13:02:51.843 26265 26840 D cellinfo: 46 bytes from 44.241.174.93: icmp_seq=459 ttl=43 time=50.3 ms
08-11 13:02:52.043 26265 26840 D cellinfo: 46 bytes from 44.241.174.93: icmp_seq=460 ttl=43 time=49.3 ms
08-11 13:02:52.274 26265 26840 D cellinfo: 46 bytes from 44.241.174.93: icmp_seq=461 ttl=43 time=79.4 ms
08-11 13:02:52.444 26265 26840 D cellinfo: 46 bytes from 44.241.174.93: icmp_seq=462 ttl=43 time=49.0 ms
08-11 13:02:52.644 26265 26840 D cellinfo: 46 bytes from 44.241.174.93: icmp_seq=463 ttl=43 time=47.8 ms
08-11 13:02:52.876 26265 26840 D cellinfo: 46 bytes from 44.241.174.93: icmp_seq=464 ttl=43 time=78.9 ms
08-11 13:02:53.074 26265 26840 D cellinfo: 46 bytes from 44.241.174.93: icmp_seq=465 ttl=43 time=76.4 ms
08-11 13:02:53.244 26265 26840 D cellinfo: 46 bytes from 44.241.174.93: icmp_seq=466 ttl=43 time=46.0 ms
08-11 13:02:53.474 26265 26840 D cellinfo: 46 bytes from 44.241.174.93: icmp_seq=467 ttl=43 time=74.9 ms
08-11 13:02:53.676 26265 26840 D cellinfo: 46 bytes from 44.241.174.93: icmp_seq=468 ttl=43 time=76.4 ms
08-11 13:02:53.877 26265 26840 D cellinfo: 46 bytes from 44.241.174.93: icmp_seq=469 ttl=43 time=76.2 ms
08-11 13:02:53.953 26265 26265 D cellinfo: Latitude is 39.7313523
08-11 13:02:53.953 26265 26265 D cellinfo: Longitude is -105.0250852
08-11 13:02:53.953 26265 26265 D cellinfo: Instantaneous GPS information: United States, 903 CO-88, Denver, CO 80204, USA
08-11 13:02:53.953 26265 26265 D cellinfo: getCurrentLocation() result: Location (success): 39.7313523, -105.0250852
08-11 13:02:54.007 26265 26265 D cellinfo: onCellInfoChanged: Operator:  UpdateTimestamp: 68448300 CellConnectionStatus: 1
08-11 13:02:54.007 26265 26265 D cellinfo: onCellInfoChanged: 5G-NR Cell Bands: [] ARFCN: 528000 Cell ID: 9223372036854775807 Physical Cell ID: 533 Tracking Area Code: 16777215
08-11 13:02:54.077 26265 26840 D cellinfo: 46 bytes from 44.241.174.93: icmp_seq=470 ttl=43 time=75.7 ms
08-11 13:02:54.274 26265 26840 D cellinfo: 46 bytes from 44.241.174.93: icmp_seq=471 ttl=43 time=71.3 ms
08-11 13:02:54.476 26265 26840 D cellinfo: 46 bytes from 44.241.174.93: icmp_seq=472 ttl=43 time=71.1 ms
08-11 13:02:54.715 26265 26840 D cellinfo: 46 bytes from 44.241.174.93: icmp_seq=473 ttl=43 time=109 ms
08-11 13:02:54.883 26265 26840 D cellinfo: 46 bytes from 44.241.174.93: icmp_seq=474 ttl=43 time=77.5 ms
08-11 13:02:55.078 26265 26840 D cellinfo: 46 bytes from 44.241.174.93: icmp_seq=475 ttl=43 time=70.7 ms
08-11 13:02:55.275 26265 26840 D cellinfo: 46 bytes from 44.241.174.93: icmp_seq=476 ttl=43 time=67.1 ms
08-11 13:02:55.794 26265 26840 D cellinfo: 46 bytes from 44.241.174.93: icmp_seq=477 ttl=43 time=385 ms
08-11 13:02:55.795 26265 26840 D cellinfo: 46 bytes from 44.241.174.93: icmp_seq=478 ttl=43 time=184 ms
08-11 13:02:55.879 26265 26840 D cellinfo: 46 bytes from 44.241.174.93: icmp_seq=479 ttl=43 time=67.6 ms
08-11 13:02:56.091 26265 26265 D cellinfo: onsignalStrengthsChanged: LTE Signal Strength info: rsrp: -103 rsrq: -20 rssi: -61 rssnr: -8
08-11 13:02:56.092 26265 26265 D cellinfo: onsignalStrengthsChanged: 5G-NR Signal Strength info: ssrsrp: -85 ssrsrq: -11 sssinr: -4
08-11 13:02:56.485 26265 26265 D cellinfo: onServiceStateChanged: Channel Number: 875 Cell Bandwidths: [15000, 100000]
08-11 13:02:56.542 26265 26265 D cellinfo: onServiceStateChanged: Channel Number: 875 Cell Bandwidths: [15000]
08-11 13:02:56.561 26265 26840 D cellinfo: 46 bytes from 44.241.174.93: icmp_seq=480 ttl=43 time=549 ms
08-11 13:02:56.561 26265 26840 D cellinfo: 46 bytes from 44.241.174.93: icmp_seq=481 ttl=43 time=347 ms
08-11 13:02:56.561 26265 26840 D cellinfo: 46 bytes from 44.241.174.93: icmp_seq=482 ttl=43 time=138 ms
08-11 13:02:56.668 26265 26840 D cellinfo: 46 bytes from 44.241.174.93: icmp_seq=483 ttl=43 time=45.3 ms
08-11 13:02:56.873 26265 26840 D cellinfo: 46 bytes from 44.241.174.93: icmp_seq=484 ttl=43 time=49.0 ms
08-11 13:02:56.952 26265 26265 D cellinfo: Latitude is 39.7313523
08-11 13:02:56.952 26265 26265 D cellinfo: Longitude is -105.0250852
08-11 13:02:56.952 26265 26265 D cellinfo: Instantaneous GPS information: United States, 903 CO-88, Denver, CO 80204, USA
08-11 13:02:56.952 26265 26265 D cellinfo: getCurrentLocation() result: Location (success): 39.7313523, -105.0250852
08-11 13:02:57.001 26265 26265 D cellinfo: onCellInfoChanged: Operator:  UpdateTimestamp: 68451297 CellConnectionStatus: 1
08-11 13:02:57.002 26265 26265 D cellinfo: onCellInfoChanged: 5G-NR Cell Bands: [] ARFCN: 528000 Cell ID: 9223372036854775807 Physical Cell ID: 533 Tracking Area Code: 16777215
08-11 13:02:57.057 26265 26840 D cellinfo: 46 bytes from 44.241.174.93: icmp_seq=485 ttl=43 time=32.6 ms
08-11 13:02:57.276 26265 26840 D cellinfo: 46 bytes from 44.241.174.93: icmp_seq=486 ttl=43 time=49.1 ms
08-11 13:02:57.504 26265 26840 D cellinfo: 46 bytes from 44.241.174.93: icmp_seq=487 ttl=43 time=75.9 ms
08-11 13:02:57.674 26265 26840 D cellinfo: 46 bytes from 44.241.174.93: icmp_seq=488 ttl=43 time=45.0 ms
08-11 13:02:57.874 26265 26840 D cellinfo: 46 bytes from 44.241.174.93: icmp_seq=489 ttl=43 time=44.8 ms
08-11 13:02:58.275 26265 26840 D cellinfo: 46 bytes from 44.241.174.93: icmp_seq=490 ttl=43 time=244 ms
08-11 13:02:58.312 26265 26840 D cellinfo: 46 bytes from 44.241.174.93: icmp_seq=491 ttl=43 time=77.7 ms
08-11 13:02:58.513 26265 26840 D cellinfo: 46 bytes from 44.241.174.93: icmp_seq=492 ttl=43 time=78.0 ms
08-11 13:02:58.713 26265 26840 D cellinfo: 46 bytes from 44.241.174.93: icmp_seq=493 ttl=43 time=77.0 ms
08-11 13:02:58.913 26265 26840 D cellinfo: 46 bytes from 44.241.174.93: icmp_seq=494 ttl=43 time=76.1 ms
08-11 13:02:59.127 26265 26265 D cellinfo: onServiceStateChanged: Channel Number: 875 Cell Bandwidths: [15000, 100000]
08-11 13:02:59.182 26265 26840 D cellinfo: 46 bytes from 44.241.174.93: icmp_seq=495 ttl=43 time=144 ms
08-11 13:02:59.191 26265 26265 D cellinfo: onServiceStateChanged: Channel Number: 875 Cell Bandwidths: [15000]
08-11 13:02:59.313 26265 26840 D cellinfo: 46 bytes from 44.241.174.93: icmp_seq=496 ttl=43 time=75.2 ms
08-11 13:02:59.477 26265 26840 D cellinfo: 46 bytes from 44.241.174.93: icmp_seq=497 ttl=43 time=38.2 ms
08-11 13:02:59.684 26265 26840 D cellinfo: 46 bytes from 44.241.174.93: icmp_seq=498 ttl=43 time=43.7 ms
08-11 13:02:59.884 26265 26840 D cellinfo: 46 bytes from 44.241.174.93: icmp_seq=499 ttl=43 time=43.0 ms
08-11 13:02:59.954 26265 26265 D cellinfo: Latitude is 39.7313523
08-11 13:02:59.954 26265 26265 D cellinfo: Longitude is -105.0250852
08-11 13:02:59.954 26265 26265 D cellinfo: Instantaneous GPS information: United States, 903 CO-88, Denver, CO 80204, USA
08-11 13:02:59.954 26265 26265 D cellinfo: getCurrentLocation() result: Location (success): 39.7313523, -105.0250852
08-11 13:03:00.012 26265 26265 D cellinfo: onCellInfoChanged: Operator:  UpdateTimestamp: 68454307 CellConnectionStatus: 1
08-11 13:03:00.012 26265 26265 D cellinfo: onCellInfoChanged: 5G-NR Cell Bands: [] ARFCN: 528000 Cell ID: 9223372036854775807 Physical Cell ID: 533 Tracking Area Code: 16777215
08-11 13:03:00.080 26265 26840 D cellinfo: 46 bytes from 44.241.174.93: icmp_seq=500 ttl=43 time=37.9 ms
08-11 13:03:00.279 26265 26840 D cellinfo: 46 bytes from 44.241.174.93: icmp_seq=501 ttl=43 time=36.4 ms
08-11 13:03:00.478 26265 26840 D cellinfo: 46 bytes from 44.241.174.93: icmp_seq=502 ttl=43 time=34.1 ms
08-11 13:03:00.679 26265 26840 D cellinfo: 46 bytes from 44.241.174.93: icmp_seq=503 ttl=43 time=33.6 ms
08-11 13:03:00.917 26265 26840 D cellinfo: 46 bytes from 44.241.174.93: icmp_seq=504 ttl=43 time=71.9 ms
08-11 13:03:01.117 26265 26840 D cellinfo: 46 bytes from 44.241.174.93: icmp_seq=505 ttl=43 time=71.4 ms
08-11 13:03:01.288 26265 26840 D cellinfo: 46 bytes from 44.241.174.93: icmp_seq=506 ttl=43 time=41.6 ms
08-11 13:03:01.542 26265 26265 D cellinfo: onServiceStateChanged: Channel Number: 875 Cell Bandwidths: [15000, 100000]
08-11 13:03:01.592 26265 26840 D cellinfo: 46 bytes from 44.241.174.93: icmp_seq=507 ttl=43 time=143 ms
08-11 13:03:01.604 26265 26265 D cellinfo: onServiceStateChanged: Channel Number: 875 Cell Bandwidths: [15000]
08-11 13:03:01.714 26265 26840 D cellinfo: 46 bytes from 44.241.174.93: icmp_seq=508 ttl=43 time=65.1 ms
08-11 13:03:01.913 26265 26840 D cellinfo: 46 bytes from 44.241.174.93: icmp_seq=509 ttl=43 time=63.8 ms
08-11 13:03:02.105 26265 26840 D cellinfo: 46 bytes from 44.241.174.93: icmp_seq=510 ttl=43 time=54.4 ms
08-11 13:03:02.313 26265 26840 D cellinfo: 46 bytes from 44.241.174.93: icmp_seq=511 ttl=43 time=61.2 ms
08-11 13:03:02.519 26265 26840 D cellinfo: 46 bytes from 44.241.174.93: icmp_seq=512 ttl=43 time=66.2 ms
08-11 13:03:02.714 26265 26840 D cellinfo: 46 bytes from 44.241.174.93: icmp_seq=513 ttl=43 time=60.1 ms
08-11 13:03:02.913 26265 26840 D cellinfo: 46 bytes from 44.241.174.93: icmp_seq=514 ttl=43 time=58.8 ms
08-11 13:03:02.988 26265 26265 D cellinfo: onCellInfoChanged: Operator:  UpdateTimestamp: 68457280 CellConnectionStatus: 1
08-11 13:03:02.988 26265 26265 D cellinfo: onCellInfoChanged: 5G-NR Cell Bands: [] ARFCN: 528000 Cell ID: 9223372036854775807 Physical Cell ID: 533 Tracking Area Code: 16777215
08-11 13:03:03.109 26265 26840 D cellinfo: 46 bytes from 44.241.174.93: icmp_seq=515 ttl=43 time=53.5 ms
08-11 13:03:03.135 26265 26265 D cellinfo: onsignalStrengthsChanged: LTE Signal Strength info: rsrp: -94 rsrq: -15 rssi: -59 rssnr: 0
08-11 13:03:03.135 26265 26265 D cellinfo: onsignalStrengthsChanged: 5G-NR Signal Strength info: ssrsrp: -84 ssrsrq: -11 sssinr: 19
08-11 13:03:03.294 26265 26840 D cellinfo: 46 bytes from 44.241.174.93: icmp_seq=516 ttl=43 time=36.9 ms
08-11 13:03:03.513 26265 26840 D cellinfo: 46 bytes from 44.241.174.93: icmp_seq=517 ttl=43 time=55.3 ms
08-11 13:03:03.713 26265 26840 D cellinfo: 46 bytes from 44.241.174.93: icmp_seq=518 ttl=43 time=54.7 ms
08-11 13:03:03.893 26265 26840 D cellinfo: 46 bytes from 44.241.174.93: icmp_seq=519 ttl=43 time=34.1 ms
08-11 13:03:04.098 26265 26840 D cellinfo: 46 bytes from 44.241.174.93: icmp_seq=520 ttl=43 time=38.3 ms
08-11 13:03:04.172 26265 26265 D cellinfo: Latitude is 39.7321017
08-11 13:03:04.172 26265 26265 D cellinfo: Longitude is -105.0250582
08-11 13:03:04.172 26265 26265 D cellinfo: Instantaneous GPS information: United States, 947 CO-88, Denver, CO 80204, USA
08-11 13:03:04.172 26265 26265 D cellinfo: getCurrentLocation() result: Location (success): 39.7321017, -105.0250582
08-11 13:03:04.303 26265 26840 D cellinfo: 46 bytes from 44.241.174.93: icmp_seq=521 ttl=43 time=42.4 ms
08-11 13:03:04.504 26265 26840 D cellinfo: 46 bytes from 44.241.174.93: icmp_seq=522 ttl=43 time=41.5 ms
08-11 13:03:04.703 26265 26840 D cellinfo: 46 bytes from 44.241.174.93: icmp_seq=523 ttl=43 time=40.5 ms
08-11 13:03:04.913 26265 26840 D cellinfo: 46 bytes from 44.241.174.93: icmp_seq=524 ttl=43 time=48.7 ms
08-11 13:03:05.113 26265 26840 D cellinfo: 46 bytes from 44.241.174.93: icmp_seq=525 ttl=43 time=47.9 ms
08-11 13:03:05.304 26265 26840 D cellinfo: 46 bytes from 44.241.174.93: icmp_seq=526 ttl=43 time=37.8 ms
08-11 13:03:05.513 26265 26840 D cellinfo: 46 bytes from 44.241.174.93: icmp_seq=527 ttl=43 time=46.7 ms
08-11 13:03:05.760 26265 26840 D cellinfo: 46 bytes from 44.241.174.93: icmp_seq=528 ttl=43 time=92.5 ms
08-11 13:03:05.913 26265 26840 D cellinfo: 46 bytes from 44.241.174.93: icmp_seq=529 ttl=43 time=44.9 ms
08-11 13:03:05.958 26265 26265 D cellinfo: Latitude is 39.7321017
08-11 13:03:05.958 26265 26265 D cellinfo: Longitude is -105.0250582
08-11 13:03:05.958 26265 26265 D cellinfo: Instantaneous GPS information: United States, 947 CO-88, Denver, CO 80204, USA
08-11 13:03:05.958 26265 26265 D cellinfo: getCurrentLocation() result: Location (success): 39.7321017, -105.0250582
08-11 13:03:06.002 26265 26265 D cellinfo: onCellInfoChanged: Operator:  UpdateTimestamp: 68460295 CellConnectionStatus: 1
08-11 13:03:06.003 26265 26265 D cellinfo: onCellInfoChanged: 5G-NR Cell Bands: [] ARFCN: 528000 Cell ID: 9223372036854775807 Physical Cell ID: 533 Tracking Area Code: 16777215
08-11 13:03:06.159 26265 26840 D cellinfo: 46 bytes from 44.241.174.93: icmp_seq=530 ttl=43 time=90.3 ms
08-11 13:03:06.313 26265 26840 D cellinfo: 46 bytes from 44.241.174.93: icmp_seq=531 ttl=43 time=43.3 ms
08-11 13:03:06.554 26265 26840 D cellinfo: 46 bytes from 44.241.174.93: icmp_seq=532 ttl=43 time=83.5 ms
08-11 13:03:06.753 26265 26840 D cellinfo: 46 bytes from 44.241.174.93: icmp_seq=533 ttl=43 time=81.0 ms
08-11 13:03:06.961 26265 26840 D cellinfo: 46 bytes from 44.241.174.93: icmp_seq=534 ttl=43 time=88.2 ms
08-11 13:03:07.113 26265 26840 D cellinfo: 46 bytes from 44.241.174.93: icmp_seq=535 ttl=43 time=39.2 ms
08-11 13:03:07.353 26265 26840 D cellinfo: 46 bytes from 44.241.174.93: icmp_seq=536 ttl=43 time=78.0 ms
08-11 13:03:07.554 26265 26840 D cellinfo: 46 bytes from 44.241.174.93: icmp_seq=537 ttl=43 time=78.5 ms
08-11 13:03:07.754 26265 26840 D cellinfo: 46 bytes from 44.241.174.93: icmp_seq=538 ttl=43 time=78.0 ms
08-11 13:03:07.953 26265 26840 D cellinfo: 46 bytes from 44.241.174.93: icmp_seq=539 ttl=43 time=75.7 ms
08-11 13:03:08.158 26265 26840 D cellinfo: 46 bytes from 44.241.174.93: icmp_seq=540 ttl=43 time=79.8 ms
08-11 13:03:08.353 26265 26840 D cellinfo: 46 bytes from 44.241.174.93: icmp_seq=541 ttl=43 time=73.8 ms
08-11 13:03:08.554 26265 26840 D cellinfo: 46 bytes from 44.241.174.93: icmp_seq=542 ttl=43 time=73.5 ms
08-11 13:03:08.723 26265 26840 D cellinfo: 46 bytes from 44.241.174.93: icmp_seq=543 ttl=43 time=42.3 ms
08-11 13:03:08.954 26265 26265 D cellinfo: Latitude is 39.7321017
08-11 13:03:08.954 26265 26265 D cellinfo: Longitude is -105.0250582
08-11 13:03:08.954 26265 26265 D cellinfo: Instantaneous GPS information: United States, 947 CO-88, Denver, CO 80204, USA
08-11 13:03:08.954 26265 26265 D cellinfo: getCurrentLocation() result: Location (success): 39.7321017, -105.0250582
08-11 13:03:08.982 26265 26265 D cellinfo: onServiceStateChanged: Channel Number: 875 Cell Bandwidths: [15000, 100000]
08-11 13:03:09.028 26265 26265 D cellinfo: onServiceStateChanged: Channel Number: 875 Cell Bandwidths: [15000]
08-11 13:03:09.036 26265 26265 D cellinfo: onCellInfoChanged: Operator:  UpdateTimestamp: 68463317 CellConnectionStatus: 1
08-11 13:03:09.036 26265 26265 D cellinfo: onCellInfoChanged: 5G-NR Cell Bands: [] ARFCN: 528000 Cell ID: 9223372036854775807 Physical Cell ID: 533 Tracking Area Code: 16777215
08-11 13:03:09.102 26265 26840 D cellinfo: 46 bytes from 44.241.174.93: icmp_seq=544 ttl=43 time=220 ms
08-11 13:03:09.125 26265 26840 D cellinfo: 46 bytes from 44.241.174.93: icmp_seq=545 ttl=43 time=39.3 ms
08-11 13:03:09.392 26265 26840 D cellinfo: 46 bytes from 44.241.174.93: icmp_seq=546 ttl=43 time=105 ms
08-11 13:03:09.543 26265 26840 D cellinfo: 46 bytes from 44.241.174.93: icmp_seq=547 ttl=43 time=54.7 ms
08-11 13:03:09.755 26265 26840 D cellinfo: 46 bytes from 44.241.174.93: icmp_seq=548 ttl=43 time=66.1 ms
08-11 13:03:09.955 26265 26840 D cellinfo: 46 bytes from 44.241.174.93: icmp_seq=549 ttl=43 time=64.9 ms
08-11 13:03:10.142 26265 26840 D cellinfo: 46 bytes from 44.241.174.93: icmp_seq=550 ttl=43 time=51.7 ms
08-11 13:03:10.355 26265 26840 D cellinfo: 46 bytes from 44.241.174.93: icmp_seq=551 ttl=43 time=63.4 ms
08-11 13:03:10.556 26265 26840 D cellinfo: 46 bytes from 44.241.174.93: icmp_seq=552 ttl=43 time=62.3 ms
08-11 13:03:10.743 26265 26840 D cellinfo: 46 bytes from 44.241.174.93: icmp_seq=553 ttl=43 time=49.3 ms
08-11 13:03:10.955 26265 26840 D cellinfo: 46 bytes from 44.241.174.93: icmp_seq=554 ttl=43 time=59.9 ms
08-11 13:03:11.155 26265 26840 D cellinfo: 46 bytes from 44.241.174.93: icmp_seq=555 ttl=43 time=59.1 ms
08-11 13:03:11.355 26265 26840 D cellinfo: 46 bytes from 44.241.174.93: icmp_seq=556 ttl=43 time=57.8 ms
08-11 13:03:11.555 26265 26840 D cellinfo: 46 bytes from 44.241.174.93: icmp_seq=557 ttl=43 time=57.3 ms
08-11 13:03:11.795 26265 26840 D cellinfo: 46 bytes from 44.241.174.93: icmp_seq=558 ttl=43 time=95.8 ms
08-11 13:03:11.953 26265 26840 D cellinfo: 46 bytes from 44.241.174.93: icmp_seq=559 ttl=43 time=53.8 ms
08-11 13:03:11.953 26265 26265 D cellinfo: Latitude is 39.7321017
08-11 13:03:11.953 26265 26265 D cellinfo: Longitude is -105.0250582
08-11 13:03:11.953 26265 26265 D cellinfo: Instantaneous GPS information: United States, 947 CO-88, Denver, CO 80204, USA
08-11 13:03:11.953 26265 26265 D cellinfo: getCurrentLocation() result: Location (success): 39.7321017, -105.0250582
08-11 13:03:12.020 26265 26265 D cellinfo: onCellInfoChanged: Operator:  UpdateTimestamp: 68466315 CellConnectionStatus: 1
08-11 13:03:12.020 26265 26265 D cellinfo: onCellInfoChanged: 5G-NR Cell Bands: [] ARFCN: 528000 Cell ID: 9223372036854775807 Physical Cell ID: 533 Tracking Area Code: 16777215
08-11 13:03:12.075 26265 26265 D cellinfo: onServiceStateChanged: Channel Number: 875 Cell Bandwidths: [15000, 100000]
08-11 13:03:12.117 26265 26265 D cellinfo: onServiceStateChanged: Channel Number: 875 Cell Bandwidths: [15000]
08-11 13:03:12.143 26265 26840 D cellinfo: 46 bytes from 44.241.174.93: icmp_seq=560 ttl=43 time=43.1 ms
08-11 13:03:12.364 26265 26840 D cellinfo: 46 bytes from 44.241.174.93: icmp_seq=561 ttl=43 time=63.4 ms
08-11 13:03:12.538 26265 26840 D cellinfo: 46 bytes from 44.241.174.93: icmp_seq=562 ttl=43 time=36.0 ms
08-11 13:03:12.743 26265 26840 D cellinfo: 46 bytes from 44.241.174.93: icmp_seq=563 ttl=43 time=39.6 ms
08-11 13:03:12.944 26265 26840 D cellinfo: 46 bytes from 44.241.174.93: icmp_seq=564 ttl=43 time=40.8 ms
08-11 13:03:13.166 26265 26840 D cellinfo: 46 bytes from 44.241.174.93: icmp_seq=565 ttl=43 time=61.2 ms
08-11 13:03:13.402 26265 26840 D cellinfo: 46 bytes from 44.241.174.93: icmp_seq=566 ttl=43 time=96.2 ms
08-11 13:03:13.564 26265 26840 D cellinfo: 46 bytes from 44.241.174.93: icmp_seq=567 ttl=43 time=58.1 ms
08-11 13:03:13.802 26265 26840 D cellinfo: 46 bytes from 44.241.174.93: icmp_seq=568 ttl=43 time=94.7 ms
08-11 13:03:14.002 26265 26840 D cellinfo: 46 bytes from 44.241.174.93: icmp_seq=569 ttl=43 time=94.7 ms
08-11 13:03:14.170 26265 26840 D cellinfo: 46 bytes from 44.241.174.93: icmp_seq=570 ttl=43 time=62.3 ms
08-11 13:03:14.365 26265 26840 D cellinfo: 46 bytes from 44.241.174.93: icmp_seq=571 ttl=43 time=56.1 ms
08-11 13:03:14.602 26265 26840 D cellinfo: 46 bytes from 44.241.174.93: icmp_seq=572 ttl=43 time=92.2 ms
08-11 13:03:14.764 26265 26840 D cellinfo: 46 bytes from 44.241.174.93: icmp_seq=573 ttl=43 time=53.6 ms
08-11 13:03:14.967 26265 26840 D cellinfo: 46 bytes from 44.241.174.93: icmp_seq=574 ttl=43 time=55.3 ms
08-11 13:03:15.246 26265 26840 D cellinfo: 46 bytes from 44.241.174.93: icmp_seq=575 ttl=43 time=134 ms
08-11 13:03:15.390 26265 26840 D cellinfo: 46 bytes from 44.241.174.93: icmp_seq=575 ttl=43 time=278 ms (DUP!)
08-11 13:03:15.390 26265 26840 D cellinfo: 46 bytes from 44.241.174.93: icmp_seq=575 ttl=43 time=278 ms (DUP!)
08-11 13:03:15.760 26265 26840 D cellinfo: 46 bytes from 44.241.174.93: icmp_seq=575 ttl=43 time=648 ms (DUP!)
08-11 13:03:15.761 26265 26840 D cellinfo: 46 bytes from 44.241.174.93: icmp_seq=576 ttl=43 time=447 ms
08-11 13:03:15.761 26265 26840 D cellinfo: 46 bytes from 44.241.174.93: icmp_seq=577 ttl=43 time=246 ms
08-11 13:03:15.761 26265 26840 D cellinfo: 46 bytes from 44.241.174.93: icmp_seq=578 ttl=43 time=42.6 ms
08-11 13:03:15.955 26265 26265 D cellinfo: Latitude is 39.7328228
08-11 13:03:15.955 26265 26265 D cellinfo: Longitude is -105.0252124
08-11 13:03:15.955 26265 26265 D cellinfo: Instantaneous GPS information: United States, Federal Blvd & W 10th Ave, Denver, CO 80204, USA
08-11 13:03:15.955 26265 26265 D cellinfo: getCurrentLocation() result: Location (success): 39.7328228, -105.0252124
08-11 13:03:15.960 26265 26840 D cellinfo: 46 bytes from 44.241.174.93: icmp_seq=579 ttl=43 time=39.8 ms
08-11 13:03:15.961 26265 26265 D cellinfo: onServiceStateChanged: Channel Number: 875 Cell Bandwidths: [15000, 100000]
08-11 13:03:15.961 26265 26265 D cellinfo: onServiceStateChanged: Channel Number: 875 Cell Bandwidths: [15000]
08-11 13:03:16.163 26265 26840 D cellinfo: 46 bytes from 44.241.174.93: icmp_seq=580 ttl=43 time=42.0 ms
08-11 13:03:16.359 26265 26840 D cellinfo: 46 bytes from 44.241.174.93: icmp_seq=581 ttl=43 time=36.6 ms
08-11 13:03:16.559 26265 26840 D cellinfo: 46 bytes from 44.241.174.93: icmp_seq=582 ttl=43 time=35.6 ms
08-11 13:03:16.758 26265 26840 D cellinfo: 46 bytes from 44.241.174.93: icmp_seq=583 ttl=43 time=34.4 ms
08-11 13:03:16.963 26265 26840 D cellinfo: 46 bytes from 44.241.174.93: icmp_seq=584 ttl=43 time=37.8 ms
08-11 13:03:17.164 26265 26840 D cellinfo: 46 bytes from 44.241.174.93: icmp_seq=585 ttl=43 time=37.5 ms
08-11 13:03:17.362 26265 26840 D cellinfo: 46 bytes from 44.241.174.93: icmp_seq=586 ttl=43 time=35.9 ms
08-11 13:03:17.564 26265 26840 D cellinfo: 46 bytes from 44.241.174.93: icmp_seq=587 ttl=43 time=36.2 ms
08-11 13:03:17.763 26265 26840 D cellinfo: 46 bytes from 44.241.174.93: icmp_seq=588 ttl=43 time=34.2 ms
08-11 13:03:17.958 26265 26265 D cellinfo: Latitude is 39.7328228
08-11 13:03:17.958 26265 26265 D cellinfo: Longitude is -105.0252124
08-11 13:03:17.958 26265 26265 D cellinfo: Instantaneous GPS information: United States, Federal Blvd & W 10th Ave, Denver, CO 80204, USA
08-11 13:03:17.958 26265 26265 D cellinfo: getCurrentLocation() result: Location (success): 39.7328228, -105.0252124
08-11 13:03:17.967 26265 26840 D cellinfo: 46 bytes from 44.241.174.93: icmp_seq=589 ttl=43 time=38.0 ms
08-11 13:03:18.119 26265 26265 D cellinfo: onCellInfoChanged: Operator:  UpdateTimestamp: 68472414 CellConnectionStatus: 1
08-11 13:03:18.120 26265 26265 D cellinfo: onCellInfoChanged: 5G-NR Cell Bands: [] ARFCN: 528000 Cell ID: 9223372036854775807 Physical Cell ID: 533 Tracking Area Code: 16777215
08-11 13:03:18.172 26265 26840 D cellinfo: 46 bytes from 44.241.174.93: icmp_seq=590 ttl=43 time=41.6 ms
08-11 13:03:18.369 26265 26840 D cellinfo: 46 bytes from 44.241.174.93: icmp_seq=591 ttl=43 time=38.9 ms
08-11 13:03:18.570 26265 26840 D cellinfo: 46 bytes from 44.241.174.93: icmp_seq=592 ttl=43 time=38.3 ms
08-11 13:03:18.769 26265 26840 D cellinfo: 46 bytes from 44.241.174.93: icmp_seq=593 ttl=43 time=36.4 ms
08-11 13:03:18.969 26265 26840 D cellinfo: 46 bytes from 44.241.174.93: icmp_seq=594 ttl=43 time=35.3 ms
08-11 13:03:19.175 26265 26840 D cellinfo: 46 bytes from 44.241.174.93: icmp_seq=595 ttl=43 time=39.8 ms
08-11 13:03:19.375 26265 26840 D cellinfo: 46 bytes from 44.241.174.93: icmp_seq=596 ttl=43 time=38.6 ms
08-11 13:03:19.573 26265 26840 D cellinfo: 46 bytes from 44.241.174.93: icmp_seq=597 ttl=43 time=36.5 ms
08-11 13:03:19.774 26265 26840 D cellinfo: 46 bytes from 44.241.174.93: icmp_seq=598 ttl=43 time=35.8 ms
08-11 13:03:19.973 26265 26840 D cellinfo: 46 bytes from 44.241.174.93: icmp_seq=599 ttl=43 time=34.4 ms
08-11 13:03:20.178 26265 26840 D cellinfo: 46 bytes from 44.241.174.93: icmp_seq=600 ttl=43 time=38.0 ms
08-11 13:03:20.379 26265 26840 D cellinfo: 46 bytes from 44.241.174.93: icmp_seq=601 ttl=43 time=37.8 ms
08-11 13:03:20.578 26265 26840 D cellinfo: 46 bytes from 44.241.174.93: icmp_seq=602 ttl=43 time=36.5 ms
08-11 13:03:20.778 26265 26840 D cellinfo: 46 bytes from 44.241.174.93: icmp_seq=603 ttl=43 time=36.3 ms
08-11 13:03:20.958 26265 26265 D cellinfo: Latitude is 39.7328228
08-11 13:03:20.958 26265 26265 D cellinfo: Longitude is -105.0252124
08-11 13:03:20.958 26265 26265 D cellinfo: Instantaneous GPS information: United States, Federal Blvd & W 10th Ave, Denver, CO 80204, USA
08-11 13:03:20.958 26265 26265 D cellinfo: getCurrentLocation() result: Location (success): 39.7328228, -105.0252124
08-11 13:03:20.981 26265 26840 D cellinfo: 46 bytes from 44.241.174.93: icmp_seq=604 ttl=43 time=38.7 ms
08-11 13:03:21.165 26265 26265 D cellinfo: onCellInfoChanged: Operator:  UpdateTimestamp: 68475460 CellConnectionStatus: 1
08-11 13:03:21.165 26265 26265 D cellinfo: onCellInfoChanged: 5G-NR Cell Bands: [] ARFCN: 528000 Cell ID: 9223372036854775807 Physical Cell ID: 533 Tracking Area Code: 16777215
08-11 13:03:21.177 26265 26840 D cellinfo: 46 bytes from 44.241.174.93: icmp_seq=605 ttl=43 time=34.0 ms
08-11 13:03:21.380 26265 26840 D cellinfo: 46 bytes from 44.241.174.93: icmp_seq=606 ttl=43 time=36.5 ms
08-11 13:03:21.587 26265 26840 D cellinfo: 46 bytes from 44.241.174.93: icmp_seq=607 ttl=43 time=41.6 ms
08-11 13:03:21.783 26265 26840 D cellinfo: 46 bytes from 44.241.174.93: icmp_seq=608 ttl=43 time=37.8 ms
08-11 13:03:21.985 26265 26840 D cellinfo: 46 bytes from 44.241.174.93: icmp_seq=609 ttl=43 time=38.4 ms
08-11 13:03:22.183 26265 26840 D cellinfo: 46 bytes from 44.241.174.93: icmp_seq=610 ttl=43 time=35.3 ms
08-11 13:03:22.391 26265 26840 D cellinfo: 46 bytes from 44.241.174.93: icmp_seq=611 ttl=43 time=41.7 ms
08-11 13:03:22.582 26265 26840 D cellinfo: 46 bytes from 44.241.174.93: icmp_seq=612 ttl=43 time=33.1 ms
08-11 13:03:22.793 26265 26840 D cellinfo: 46 bytes from 44.241.174.93: icmp_seq=613 ttl=43 time=43.0 ms
08-11 13:03:22.988 26265 26840 D cellinfo: 46 bytes from 44.241.174.93: icmp_seq=614 ttl=43 time=36.9 ms
08-11 13:03:23.188 26265 26840 D cellinfo: 46 bytes from 44.241.174.93: icmp_seq=615 ttl=43 time=35.8 ms
08-11 13:03:23.388 26265 26840 D cellinfo: 46 bytes from 44.241.174.93: icmp_seq=616 ttl=43 time=35.2 ms
08-11 13:03:23.589 26265 26840 D cellinfo: 46 bytes from 44.241.174.93: icmp_seq=617 ttl=43 time=34.4 ms
08-11 13:03:23.789 26265 26840 D cellinfo: 46 bytes from 44.241.174.93: icmp_seq=618 ttl=43 time=34.3 ms
08-11 13:03:23.992 26265 26840 D cellinfo: 46 bytes from 44.241.174.93: icmp_seq=619 ttl=43 time=36.6 ms
08-11 13:03:24.198 26265 26840 D cellinfo: 46 bytes from 44.241.174.93: icmp_seq=620 ttl=43 time=40.3 ms
08-11 13:03:24.265 26265 26265 D cellinfo: Latitude is 39.7327986
08-11 13:03:24.265 26265 26265 D cellinfo: Longitude is -105.0254097
08-11 13:03:24.265 26265 26265 D cellinfo: Instantaneous GPS information: United States, 995 Federal Blvd, Denver, CO 80204, USA
08-11 13:03:24.266 26265 26265 D cellinfo: getCurrentLocation() result: Location (success): 39.7327986, -105.0254097
08-11 13:03:24.392 26265 26840 D cellinfo: 46 bytes from 44.241.174.93: icmp_seq=621 ttl=43 time=33.8 ms
08-11 13:03:24.599 26265 26840 D cellinfo: 46 bytes from 44.241.174.93: icmp_seq=622 ttl=43 time=39.7 ms
08-11 13:03:24.793 26265 26840 D cellinfo: 46 bytes from 44.241.174.93: icmp_seq=623 ttl=43 time=33.1 ms
08-11 13:03:24.998 26265 26840 D cellinfo: 46 bytes from 44.241.174.93: icmp_seq=624 ttl=43 time=37.4 ms
08-11 13:03:25.198 26265 26840 D cellinfo: 46 bytes from 44.241.174.93: icmp_seq=625 ttl=43 time=35.8 ms
08-11 13:03:25.401 26265 26840 D cellinfo: 46 bytes from 44.241.174.93: icmp_seq=626 ttl=43 time=37.3 ms
08-11 13:03:25.603 26265 26840 D cellinfo: 46 bytes from 44.241.174.93: icmp_seq=627 ttl=43 time=38.5 ms
08-11 13:03:25.804 26265 26840 D cellinfo: 46 bytes from 44.241.174.93: icmp_seq=628 ttl=43 time=37.9 ms
08-11 13:03:26.003 26265 26840 D cellinfo: 46 bytes from 44.241.174.93: icmp_seq=629 ttl=43 time=36.6 ms
08-11 13:03:26.204 26265 26840 D cellinfo: 46 bytes from 44.241.174.93: icmp_seq=630 ttl=43 time=37.1 ms
08-11 13:03:26.404 26265 26840 D cellinfo: 46 bytes from 44.241.174.93: icmp_seq=631 ttl=43 time=36.0 ms
08-11 13:03:26.607 26265 26840 D cellinfo: 46 bytes from 44.241.174.93: icmp_seq=632 ttl=43 time=38.9 ms
08-11 13:03:26.808 26265 26840 D cellinfo: 46 bytes from 44.241.174.93: icmp_seq=633 ttl=43 time=38.7 ms
08-11 13:03:26.955 26265 26265 D cellinfo: Latitude is 39.7327986
08-11 13:03:26.955 26265 26265 D cellinfo: Longitude is -105.0254097
08-11 13:03:26.955 26265 26265 D cellinfo: Instantaneous GPS information: United States, 995 Federal Blvd, Denver, CO 80204, USA
08-11 13:03:26.955 26265 26265 D cellinfo: getCurrentLocation() result: Location (success): 39.7327986, -105.0254097
08-11 13:03:27.010 26265 26840 D cellinfo: 46 bytes from 44.241.174.93: icmp_seq=634 ttl=43 time=40.5 ms
08-11 13:03:27.108 26265 26265 D cellinfo: onCellInfoChanged: Operator:  UpdateTimestamp: 68481402 CellConnectionStatus: 1
08-11 13:03:27.108 26265 26265 D cellinfo: onCellInfoChanged: 5G-NR Cell Bands: [] ARFCN: 528000 Cell ID: 9223372036854775807 Physical Cell ID: 533 Tracking Area Code: 16777215
08-11 13:03:27.208 26265 26840 D cellinfo: 46 bytes from 44.241.174.93: icmp_seq=635 ttl=43 time=38.2 ms
08-11 13:03:27.408 26265 26840 D cellinfo: 46 bytes from 44.241.174.93: icmp_seq=636 ttl=43 time=36.9 ms
08-11 13:03:27.609 26265 26840 D cellinfo: 46 bytes from 44.241.174.93: icmp_seq=637 ttl=43 time=36.4 ms
08-11 13:03:27.808 26265 26840 D cellinfo: 46 bytes from 44.241.174.93: icmp_seq=638 ttl=43 time=34.6 ms
08-11 13:03:28.009 26265 26840 D cellinfo: 46 bytes from 44.241.174.93: icmp_seq=639 ttl=43 time=34.7 ms
08-11 13:03:28.209 26265 26840 D cellinfo: 46 bytes from 44.241.174.93: icmp_seq=640 ttl=43 time=35.5 ms
08-11 13:03:28.413 26265 26840 D cellinfo: 46 bytes from 44.241.174.93: icmp_seq=641 ttl=43 time=38.0 ms
08-11 13:03:28.617 26265 26840 D cellinfo: 46 bytes from 44.241.174.93: icmp_seq=642 ttl=43 time=41.6 ms
08-11 13:03:28.812 26265 26840 D cellinfo: 46 bytes from 44.241.174.93: icmp_seq=643 ttl=43 time=36.2 ms
08-11 13:03:29.012 26265 26840 D cellinfo: 46 bytes from 44.241.174.93: icmp_seq=644 ttl=43 time=35.1 ms
08-11 13:03:29.214 26265 26840 D cellinfo: 46 bytes from 44.241.174.93: icmp_seq=645 ttl=43 time=36.8 ms
08-11 13:03:29.413 26265 26840 D cellinfo: 46 bytes from 44.241.174.93: icmp_seq=646 ttl=43 time=35.2 ms
08-11 13:03:29.628 26265 26840 D cellinfo: 46 bytes from 44.241.174.93: icmp_seq=647 ttl=43 time=49.0 ms
08-11 13:03:29.819 26265 26840 D cellinfo: 46 bytes from 44.241.174.93: icmp_seq=648 ttl=43 time=38.2 ms
08-11 13:03:30.024 26265 26840 D cellinfo: 46 bytes from 44.241.174.93: icmp_seq=649 ttl=43 time=42.4 ms
08-11 13:03:30.218 26265 26840 D cellinfo: 46 bytes from 44.241.174.93: icmp_seq=650 ttl=43 time=36.1 ms
08-11 13:03:30.420 26265 26840 D cellinfo: 46 bytes from 44.241.174.93: icmp_seq=651 ttl=43 time=37.8 ms
08-11 13:03:30.619 26265 26840 D cellinfo: 46 bytes from 44.241.174.93: icmp_seq=652 ttl=43 time=35.7 ms
08-11 13:03:30.824 26265 26840 D cellinfo: 46 bytes from 44.241.174.93: icmp_seq=653 ttl=43 time=39.8 ms
08-11 13:03:31.019 26265 26840 D cellinfo: 46 bytes from 44.241.174.93: icmp_seq=654 ttl=43 time=34.8 ms
08-11 13:03:31.121 26265 26265 D cellinfo: Latitude is 39.7351917
08-11 13:03:31.121 26265 26265 D cellinfo: Longitude is -105.0250988
08-11 13:03:31.122 26265 26265 D cellinfo: Instantaneous GPS information: United States, Federal Blvd & W 12th Ave, Denver, CO 80204, USA
08-11 13:03:31.122 26265 26265 D cellinfo: getCurrentLocation() result: Location (success): 39.7351917, -105.0250988
08-11 13:03:31.223 26265 26840 D cellinfo: 46 bytes from 44.241.174.93: icmp_seq=655 ttl=43 time=38.5 ms
08-11 13:03:31.418 26265 26840 D cellinfo: 46 bytes from 44.241.174.93: icmp_seq=656 ttl=43 time=33.7 ms
08-11 13:03:31.628 26265 26840 D cellinfo: 46 bytes from 44.241.174.93: icmp_seq=657 ttl=43 time=43.0 ms
08-11 13:03:31.832 26265 26840 D cellinfo: 46 bytes from 44.241.174.93: icmp_seq=658 ttl=43 time=45.4 ms
