08-11 13:10:26.287 31554 31687 D cellinfo: 46 bytes from 44.241.174.93: icmp_seq=308 ttl=29 time=97.9 ms
08-11 13:10:26.486 31554 31687 D cellinfo: 46 bytes from 44.241.174.93: icmp_seq=309 ttl=29 time=96.9 ms
08-11 13:10:26.548 31554 31554 D cellinfo: onCellInfoChanged: Operator: AT&T...1 UpdateTimestamp: 249699285 CellConnectionStatus: 0
08-11 13:10:26.548 31554 31554 D cellinfo: onCellInfoChanged: LTE Cell Bands: [2] Bandwidth: 2147483647 Cell ID: 97540616 Physical Cell ID: 299 Tracking Area Code: 38405 EARFCN: 700
08-11 13:10:26.686 31554 31687 D cellinfo: 46 bytes from 44.241.174.93: icmp_seq=310 ttl=29 time=94.4 ms
08-11 13:10:26.885 31554 31687 D cellinfo: 46 bytes from 44.241.174.93: icmp_seq=311 ttl=29 time=93.8 ms
08-11 13:10:27.086 31554 31687 D cellinfo: 46 bytes from 44.241.174.93: icmp_seq=312 ttl=29 time=93.9 ms
08-11 13:10:27.285 31554 31687 D cellinfo: 46 bytes from 44.241.174.93: icmp_seq=313 ttl=29 time=93.0 ms
08-11 13:10:27.459 31554 31687 D cellinfo: 46 bytes from 44.241.174.93: icmp_seq=314 ttl=29 time=66.1 ms
08-11 13:10:27.684 31554 31687 D cellinfo: 46 bytes from 44.241.174.93: icmp_seq=315 ttl=29 time=89.5 ms
08-11 13:10:27.886 31554 31687 D cellinfo: 46 bytes from 44.241.174.93: icmp_seq=316 ttl=29 time=90.2 ms
08-11 13:10:28.087 31554 31687 D cellinfo: 46 bytes from 44.241.174.93: icmp_seq=317 ttl=29 time=88.6 ms
08-11 13:10:28.289 31554 31687 D cellinfo: 46 bytes from 44.241.174.93: icmp_seq=318 ttl=29 time=89.3 ms
08-11 13:10:28.529 31554 31687 D cellinfo: 46 bytes from 44.241.174.93: icmp_seq=319 ttl=29 time=128 ms
08-11 13:10:28.689 31554 31687 D cellinfo: 46 bytes from 44.241.174.93: icmp_seq=320 ttl=29 time=86.9 ms
08-11 13:10:28.887 31554 31687 D cellinfo: 46 bytes from 44.241.174.93: icmp_seq=321 ttl=29 time=83.0 ms
08-11 13:10:29.088 31554 31687 D cellinfo: 46 bytes from 44.241.174.93: icmp_seq=322 ttl=29 time=81.3 ms
08-11 13:10:29.292 31554 31687 D cellinfo: 46 bytes from 44.241.174.93: icmp_seq=323 ttl=29 time=83.2 ms
08-11 13:10:29.489 31554 31687 D cellinfo: 46 bytes from 44.241.174.93: icmp_seq=324 ttl=29 time=79.4 ms
08-11 13:10:29.648 31554 31554 D cellinfo: Latitude is 39.7459308
08-11 13:10:29.648 31554 31554 D cellinfo: Longitude is -105.0085179
08-11 13:10:29.648 31554 31554 D cellinfo: Instantaneous GPS information: United States, 800 Auraria Pkwy, Denver, CO 80204, USA
08-11 13:10:29.648 31554 31554 D cellinfo: getCurrentLocation() result: Location (success): 39.7459308, -105.0085179
08-11 13:10:29.651 31554 31554 D cellinfo: onsignalStrengthsChanged: LTE Signal Strength info: rsrp: -93 rsrq: -17 rssi: -57 rssnr: -2
08-11 13:10:29.651 31554 31554 D cellinfo: onCellInfoChanged: Operator: AT&T...1 UpdateTimestamp: 249702282 CellConnectionStatus: 0
08-11 13:10:29.651 31554 31554 D cellinfo: onCellInfoChanged: LTE Cell Bands: [2] Bandwidth: 2147483647 Cell ID: 97540616 Physical Cell ID: 299 Tracking Area Code: 38405 EARFCN: 700
08-11 13:10:29.672 31554 31554 D cellinfo: Latitude is 39.7459308
08-11 13:10:29.672 31554 31554 D cellinfo: Longitude is -105.0085179
08-11 13:10:29.672 31554 31554 D cellinfo: Instantaneous GPS information: United States, 800 Auraria Pkwy, Denver, CO 80204, USA
08-11 13:10:29.672 31554 31554 D cellinfo: getCurrentLocation() result: Location (success): 39.7459308, -105.0085179
08-11 13:10:29.689 31554 31687 D cellinfo: 46 bytes from 44.241.174.93: icmp_seq=325 ttl=29 time=78.9 ms
08-11 13:10:29.926 31554 31687 D cellinfo: 46 bytes from 44.241.174.93: icmp_seq=326 ttl=29 time=113 ms
08-11 13:10:30.125 31554 31687 D cellinfo: 46 bytes from 44.241.174.93: icmp_seq=327 ttl=29 time=111 ms
08-11 13:10:30.325 31554 31687 D cellinfo: 46 bytes from 44.241.174.93: icmp_seq=328 ttl=29 time=110 ms
08-11 13:10:30.490 31554 31687 D cellinfo: 46 bytes from 44.241.174.93: icmp_seq=329 ttl=29 time=73.9 ms
08-11 13:10:30.689 31554 31687 D cellinfo: 46 bytes from 44.241.174.93: icmp_seq=330 ttl=29 time=72.3 ms
08-11 13:10:30.926 31554 31687 D cellinfo: 46 bytes from 44.241.174.93: icmp_seq=331 ttl=29 time=107 ms
08-11 13:10:31.125 31554 31687 D cellinfo: 46 bytes from 44.241.174.93: icmp_seq=332 ttl=29 time=107 ms
08-11 13:10:31.326 31554 31687 D cellinfo: 46 bytes from 44.241.174.93: icmp_seq=333 ttl=29 time=105 ms
08-11 13:10:31.525 31554 31687 D cellinfo: 46 bytes from 44.241.174.93: icmp_seq=334 ttl=29 time=105 ms
08-11 13:10:31.725 31554 31687 D cellinfo: 46 bytes from 44.241.174.93: icmp_seq=335 ttl=29 time=104 ms
08-11 13:10:31.926 31554 31687 D cellinfo: 46 bytes from 44.241.174.93: icmp_seq=336 ttl=29 time=103 ms
08-11 13:10:32.134 31554 31687 D cellinfo: 46 bytes from 44.241.174.93: icmp_seq=337 ttl=29 time=109 ms
08-11 13:10:32.324 31554 31687 D cellinfo: 46 bytes from 44.241.174.93: icmp_seq=338 ttl=29 time=101 ms
08-11 13:10:32.506 31554 31554 D cellinfo: Latitude is 39.7459308
08-11 13:10:32.506 31554 31554 D cellinfo: Longitude is -105.0085179
08-11 13:10:32.506 31554 31554 D cellinfo: Instantaneous GPS information: United States, 800 Auraria Pkwy, Denver, CO 80204, USA
08-11 13:10:32.506 31554 31554 D cellinfo: getCurrentLocation() result: Location (success): 39.7459308, -105.0085179
08-11 13:10:32.525 31554 31687 D cellinfo: 46 bytes from 44.241.174.93: icmp_seq=339 ttl=29 time=100 ms
08-11 13:10:32.560 31554 31554 D cellinfo: onCellInfoChanged: Operator: AT&T...1 UpdateTimestamp: 249705291 CellConnectionStatus: 0
08-11 13:10:32.560 31554 31554 D cellinfo: onCellInfoChanged: LTE Cell Bands: [2] Bandwidth: 2147483647 Cell ID: 97540616 Physical Cell ID: 299 Tracking Area Code: 38405 EARFCN: 700
08-11 13:10:32.726 31554 31687 D cellinfo: 46 bytes from 44.241.174.93: icmp_seq=340 ttl=29 time=99.5 ms
08-11 13:10:32.927 31554 31687 D cellinfo: 46 bytes from 44.241.174.93: icmp_seq=341 ttl=29 time=98.0 ms
08-11 13:10:33.126 31554 31687 D cellinfo: 46 bytes from 44.241.174.93: icmp_seq=342 ttl=29 time=96.9 ms
08-11 13:10:33.326 31554 31687 D cellinfo: 46 bytes from 44.241.174.93: icmp_seq=343 ttl=29 time=96.3 ms
08-11 13:10:33.527 31554 31687 D cellinfo: 46 bytes from 44.241.174.93: icmp_seq=344 ttl=29 time=95.3 ms
08-11 13:10:33.727 31554 31687 D cellinfo: 46 bytes from 44.241.174.93: icmp_seq=345 ttl=29 time=94.4 ms
08-11 13:10:33.926 31554 31687 D cellinfo: 46 bytes from 44.241.174.93: icmp_seq=346 ttl=29 time=93.9 ms
08-11 13:10:34.125 31554 31687 D cellinfo: 46 bytes from 44.241.174.93: icmp_seq=347 ttl=29 time=93.4 ms
08-11 13:10:34.326 31554 31687 D cellinfo: 46 bytes from 44.241.174.93: icmp_seq=348 ttl=29 time=92.0 ms
08-11 13:10:34.526 31554 31687 D cellinfo: 46 bytes from 44.241.174.93: icmp_seq=349 ttl=29 time=90.6 ms
08-11 13:10:34.725 31554 31687 D cellinfo: 46 bytes from 44.241.174.93: icmp_seq=350 ttl=29 time=89.5 ms
08-11 13:10:34.926 31554 31687 D cellinfo: 46 bytes from 44.241.174.93: icmp_seq=351 ttl=29 time=89.0 ms
08-11 13:10:35.126 31554 31687 D cellinfo: 46 bytes from 44.241.174.93: icmp_seq=352 ttl=29 time=87.9 ms
08-11 13:10:35.366 31554 31687 D cellinfo: 46 bytes from 44.241.174.93: icmp_seq=353 ttl=29 time=128 ms
08-11 13:10:35.503 31554 31554 D cellinfo: Latitude is 39.7459308
08-11 13:10:35.503 31554 31554 D cellinfo: Longitude is -105.0085179
08-11 13:10:35.503 31554 31554 D cellinfo: Instantaneous GPS information: United States, 800 Auraria Pkwy, Denver, CO 80204, USA
08-11 13:10:35.503 31554 31554 D cellinfo: getCurrentLocation() result: Location (success): 39.7459308, -105.0085179
08-11 13:10:35.526 31554 31687 D cellinfo: 46 bytes from 44.241.174.93: icmp_seq=354 ttl=29 time=85.7 ms
08-11 13:10:35.559 31554 31554 D cellinfo: onCellInfoChanged: Operator: AT&T...1 UpdateTimestamp: 249708296 CellConnectionStatus: 0
08-11 13:10:35.559 31554 31554 D cellinfo: onCellInfoChanged: LTE Cell Bands: [2] Bandwidth: 2147483647 Cell ID: 97540616 Physical Cell ID: 299 Tracking Area Code: 38405 EARFCN: 700
08-11 13:10:35.726 31554 31687 D cellinfo: 46 bytes from 44.241.174.93: icmp_seq=355 ttl=29 time=85.1 ms
08-11 13:10:35.926 31554 31687 D cellinfo: 46 bytes from 44.241.174.93: icmp_seq=356 ttl=29 time=84.2 ms
08-11 13:10:36.126 31554 31687 D cellinfo: 46 bytes from 44.241.174.93: icmp_seq=357 ttl=29 time=82.4 ms
08-11 13:10:36.366 31554 31687 D cellinfo: 46 bytes from 44.241.174.93: icmp_seq=358 ttl=29 time=121 ms
08-11 13:10:36.526 31554 31687 D cellinfo: 46 bytes from 44.241.174.93: icmp_seq=359 ttl=29 time=80.2 ms
08-11 13:10:36.726 31554 31687 D cellinfo: 46 bytes from 44.241.174.93: icmp_seq=360 ttl=29 time=78.8 ms
08-11 13:10:36.926 31554 31687 D cellinfo: 46 bytes from 44.241.174.93: icmp_seq=361 ttl=29 time=78.0 ms
08-11 13:10:37.126 31554 31687 D cellinfo: 46 bytes from 44.241.174.93: icmp_seq=362 ttl=29 time=77.1 ms
08-11 13:10:37.329 31554 31687 D cellinfo: 46 bytes from 44.241.174.93: icmp_seq=363 ttl=29 time=80.4 ms
08-11 13:10:37.565 31554 31687 D cellinfo: 46 bytes from 44.241.174.93: icmp_seq=364 ttl=29 time=116 ms
08-11 13:10:37.728 31554 31687 D cellinfo: 46 bytes from 44.241.174.93: icmp_seq=365 ttl=29 time=78.0 ms
08-11 13:10:37.965 31554 31687 D cellinfo: 46 bytes from 44.241.174.93: icmp_seq=366 ttl=29 time=114 ms
08-11 13:10:38.167 31554 31687 D cellinfo: 46 bytes from 44.241.174.93: icmp_seq=367 ttl=29 time=114 ms
08-11 13:10:38.328 31554 31687 D cellinfo: 46 bytes from 44.241.174.93: icmp_seq=368 ttl=29 time=76.2 ms
08-11 13:10:38.536 31554 31687 D cellinfo: 46 bytes from 44.241.174.93: icmp_seq=369 ttl=29 time=83.0 ms
08-11 13:10:38.558 31554 31554 D cellinfo: onCellInfoChanged: Operator: AT&T...1 UpdateTimestamp: 249711285 CellConnectionStatus: 0
08-11 13:10:38.558 31554 31554 D cellinfo: onCellInfoChanged: LTE Cell Bands: [2] Bandwidth: 2147483647 Cell ID: 97540616 Physical Cell ID: 299 Tracking Area Code: 38405 EARFCN: 700
08-11 13:10:38.728 31554 31687 D cellinfo: 46 bytes from 44.241.174.93: icmp_seq=370 ttl=29 time=74.3 ms
08-11 13:10:38.929 31554 31687 D cellinfo: 46 bytes from 44.241.174.93: icmp_seq=371 ttl=29 time=73.8 ms
08-11 13:10:39.128 31554 31687 D cellinfo: 46 bytes from 44.241.174.93: icmp_seq=372 ttl=29 time=71.2 ms
08-11 13:10:39.366 31554 31687 D cellinfo: 46 bytes from 44.241.174.93: icmp_seq=373 ttl=29 time=107 ms
08-11 13:10:39.564 31554 31687 D cellinfo: 46 bytes from 44.241.174.93: icmp_seq=374 ttl=29 time=106 ms
08-11 13:10:39.729 31554 31687 D cellinfo: 46 bytes from 44.241.174.93: icmp_seq=375 ttl=29 time=68.2 ms
08-11 13:10:39.931 31554 31687 D cellinfo: 46 bytes from 44.241.174.93: icmp_seq=376 ttl=29 time=68.2 ms
08-11 13:10:40.129 31554 31687 D cellinfo: 46 bytes from 44.241.174.93: icmp_seq=377 ttl=29 time=63.1 ms
08-11 13:10:40.335 31554 31687 D cellinfo: 46 bytes from 44.241.174.93: icmp_seq=378 ttl=29 time=66.5 ms
08-11 13:10:40.568 31554 31687 D cellinfo: 46 bytes from 44.241.174.93: icmp_seq=379 ttl=29 time=97.3 ms
08-11 13:10:40.817 31554 31687 D cellinfo: 46 bytes from 44.241.174.93: icmp_seq=380 ttl=29 time=144 ms
08-11 13:10:40.966 31554 31687 D cellinfo: 46 bytes from 44.241.174.93: icmp_seq=381 ttl=29 time=91.3 ms
08-11 13:10:41.167 31554 31687 D cellinfo: 46 bytes from 44.241.174.93: icmp_seq=382 ttl=29 time=89.4 ms
08-11 13:10:41.368 31554 31687 D cellinfo: 46 bytes from 44.241.174.93: icmp_seq=383 ttl=29 time=88.5 ms
08-11 13:10:41.566 31554 31687 D cellinfo: 46 bytes from 44.241.174.93: icmp_seq=384 ttl=29 time=85.2 ms
08-11 13:10:41.777 31554 31687 D cellinfo: 46 bytes from 44.241.174.93: icmp_seq=385 ttl=29 time=93.6 ms
08-11 13:10:41.966 31554 31687 D cellinfo: 46 bytes from 44.241.174.93: icmp_seq=386 ttl=29 time=81.9 ms
08-11 13:10:42.167 31554 31687 D cellinfo: 46 bytes from 44.241.174.93: icmp_seq=387 ttl=29 time=80.8 ms
08-11 13:10:42.349 31554 31687 D cellinfo: 46 bytes from 44.241.174.93: icmp_seq=388 ttl=29 time=61.8 ms
08-11 13:10:42.590 31554 31687 D cellinfo: 46 bytes from 44.241.174.93: icmp_seq=389 ttl=29 time=99.8 ms
08-11 13:10:42.790 31554 31687 D cellinfo: 46 bytes from 44.241.174.93: icmp_seq=390 ttl=29 time=98.6 ms
08-11 13:10:42.976 31554 31687 D cellinfo: 46 bytes from 44.241.174.93: icmp_seq=391 ttl=29 time=83.4 ms
08-11 13:10:43.190 31554 31687 D cellinfo: 46 bytes from 44.241.174.93: icmp_seq=392 ttl=29 time=96.5 ms
08-11 13:10:43.390 31554 31687 D cellinfo: 46 bytes from 44.241.174.93: icmp_seq=393 ttl=29 time=94.9 ms
08-11 13:10:43.591 31554 31687 D cellinfo: 46 bytes from 44.241.174.93: icmp_seq=394 ttl=29 time=93.8 ms
08-11 13:10:43.636 31554 31554 D cellinfo: Latitude is 39.7462476
08-11 13:10:43.636 31554 31554 D cellinfo: Longitude is -105.0077897
08-11 13:10:43.636 31554 31554 D cellinfo: Instantaneous GPS information: United States, 1028 Auraria Pkwy, Denver, CO 80204, USA
08-11 13:10:43.636 31554 31554 D cellinfo: getCurrentLocation() result: Location (success): 39.7462476, -105.0077897
08-11 13:10:43.638 31554 31554 D cellinfo: onsignalStrengthsChanged: LTE Signal Strength info: rsrp: -94 rsrq: -18 rssi: -57 rssnr: -3
08-11 13:10:43.639 31554 31554 D cellinfo: onCellInfoChanged: Operator: AT&T...1 UpdateTimestamp: 249714287 CellConnectionStatus: 0
08-11 13:10:43.639 31554 31554 D cellinfo: onCellInfoChanged: LTE Cell Bands: [2] Bandwidth: 2147483647 Cell ID: 97540616 Physical Cell ID: 299 Tracking Area Code: 38405 EARFCN: 700
08-11 13:10:43.639 31554 31554 D cellinfo: onCellInfoChanged: Operator: AT&T...1 UpdateTimestamp: 249715064 CellConnectionStatus: 0
08-11 13:10:43.639 31554 31554 D cellinfo: onCellInfoChanged: LTE Cell Bands: [2] Bandwidth: 2147483647 Cell ID: 99101503 Physical Cell ID: 10 Tracking Area Code: 38405 EARFCN: 700
08-11 13:10:43.639 31554 31554 D cellinfo: onServiceStateChanged: Channel Number: 700 Cell Bandwidths: []
08-11 13:10:43.653 31554 31554 D cellinfo: Latitude is 39.7462476
08-11 13:10:43.653 31554 31554 D cellinfo: Longitude is -105.0077897
08-11 13:10:43.653 31554 31554 D cellinfo: Instantaneous GPS information: United States, 1028 Auraria Pkwy, Denver, CO 80204, USA
08-11 13:10:43.653 31554 31554 D cellinfo: getCurrentLocation() result: Location (success): 39.7462476, -105.0077897
08-11 13:10:43.791 31554 31687 D cellinfo: 46 bytes from 44.241.174.93: icmp_seq=395 ttl=29 time=92.9 ms
08-11 13:10:43.989 31554 31687 D cellinfo: 46 bytes from 44.241.174.93: icmp_seq=396 ttl=29 time=91.6 ms
08-11 13:10:44.188 31554 31687 D cellinfo: 46 bytes from 44.241.174.93: icmp_seq=397 ttl=29 time=90.9 ms
08-11 13:10:44.389 31554 31687 D cellinfo: 46 bytes from 44.241.174.93: icmp_seq=398 ttl=29 time=90.5 ms
08-11 13:10:44.565 31554 31687 D cellinfo: 46 bytes from 44.241.174.93: icmp_seq=399 ttl=29 time=65.5 ms
08-11 13:10:44.765 31554 31687 D cellinfo: 46 bytes from 44.241.174.93: icmp_seq=400 ttl=29 time=63.2 ms
08-11 13:10:44.983 31554 31687 D cellinfo: 46 bytes from 44.241.174.93: icmp_seq=401 ttl=29 time=79.1 ms
08-11 13:10:45.175 31554 31687 D cellinfo: 46 bytes from 44.241.174.93: icmp_seq=402 ttl=29 time=69.1 ms
08-11 13:10:45.377 31554 31687 D cellinfo: 46 bytes from 44.241.174.93: icmp_seq=403 ttl=29 time=67.7 ms
08-11 13:10:45.577 31554 31687 D cellinfo: 46 bytes from 44.241.174.93: icmp_seq=404 ttl=29 time=66.0 ms
08-11 13:10:45.786 31554 31687 D cellinfo: 46 bytes from 44.241.174.93: icmp_seq=405 ttl=29 time=73.4 ms
08-11 13:10:45.986 31554 31687 D cellinfo: 46 bytes from 44.241.174.93: icmp_seq=406 ttl=29 time=72.2 ms
08-11 13:10:46.185 31554 31687 D cellinfo: 46 bytes from 44.241.174.93: icmp_seq=407 ttl=29 time=68.9 ms
08-11 13:10:46.395 31554 31687 D cellinfo: 46 bytes from 44.241.174.93: icmp_seq=408 ttl=29 time=75.9 ms
08-11 13:10:46.490 31554 31554 D cellinfo: Latitude is 39.7462634
08-11 13:10:46.490 31554 31554 D cellinfo: Longitude is -105.0077395
08-11 13:10:46.490 31554 31554 D cellinfo: Instantaneous GPS information: United States, 1028 Auraria Pkwy, Denver, CO 80204, USA
08-11 13:10:46.490 31554 31554 D cellinfo: getCurrentLocation() result: Location (success): 39.7462634, -105.0077395
08-11 13:10:46.492 31554 31554 D cellinfo: onCellInfoChanged: Operator: AT&T...1 UpdateTimestamp: 249717453 CellConnectionStatus: 0
08-11 13:10:46.492 31554 31554 D cellinfo: onCellInfoChanged: LTE Cell Bands: [2] Bandwidth: 2147483647 Cell ID: 99101503 Physical Cell ID: 10 Tracking Area Code: 38405 EARFCN: 700
08-11 13:10:46.570 31554 31554 D cellinfo: onsignalStrengthsChanged: LTE Signal Strength info: rsrp: -92 rsrq: -16 rssi: -53 rssnr: -2
08-11 13:10:46.583 31554 31687 D cellinfo: 46 bytes from 44.241.174.93: icmp_seq=409 ttl=29 time=64.9 ms
08-11 13:10:46.793 31554 31687 D cellinfo: 46 bytes from 44.241.174.93: icmp_seq=410 ttl=29 time=71.7 ms
08-11 13:10:47.008 31554 31687 D cellinfo: 46 bytes from 44.241.174.93: icmp_seq=411 ttl=29 time=85.7 ms
08-11 13:10:47.184 31554 31687 D cellinfo: 46 bytes from 44.241.174.93: icmp_seq=412 ttl=29 time=64.2 ms
08-11 13:10:47.384 31554 31687 D cellinfo: 46 bytes from 44.241.174.93: icmp_seq=413 ttl=29 time=62.4 ms
08-11 13:10:47.469 31554 31554 D cellinfo: onsignalStrengthsChanged: LTE Signal Strength info: rsrp: -90 rsrq: -15 rssi: -53 rssnr: -1
08-11 13:10:47.500 31554 31554 D cellinfo: Latitude is 39.7462634
08-11 13:10:47.500 31554 31554 D cellinfo: Longitude is -105.0077395
08-11 13:10:47.500 31554 31554 D cellinfo: Instantaneous GPS information: United States, 1028 Auraria Pkwy, Denver, CO 80204, USA
08-11 13:10:47.500 31554 31554 D cellinfo: getCurrentLocation() result: Location (success): 39.7462634, -105.0077395
08-11 13:10:47.542 31554 31554 D cellinfo: onCellInfoChanged: Operator: AT&T...1 UpdateTimestamp: 249720280 CellConnectionStatus: 0
08-11 13:10:47.542 31554 31554 D cellinfo: onCellInfoChanged: LTE Cell Bands: [2] Bandwidth: 2147483647 Cell ID: 99101503 Physical Cell ID: 10 Tracking Area Code: 38405 EARFCN: 700
08-11 13:10:47.588 31554 31687 D cellinfo: 46 bytes from 44.241.174.93: icmp_seq=414 ttl=29 time=66.1 ms
08-11 13:10:47.794 31554 31687 D cellinfo: 46 bytes from 44.241.174.93: icmp_seq=415 ttl=29 time=69.8 ms
08-11 13:10:48.028 31554 31687 D cellinfo: 46 bytes from 44.241.174.93: icmp_seq=416 ttl=29 time=104 ms
08-11 13:10:48.194 31554 31687 D cellinfo: 46 bytes from 44.241.174.93: icmp_seq=417 ttl=29 time=69.2 ms
08-11 13:10:48.432 31554 31687 D cellinfo: 46 bytes from 44.241.174.93: icmp_seq=418 ttl=29 time=104 ms
08-11 13:10:48.594 31554 31687 D cellinfo: 46 bytes from 44.241.174.93: icmp_seq=419 ttl=29 time=67.2 ms
08-11 13:10:48.795 31554 31687 D cellinfo: 46 bytes from 44.241.174.93: icmp_seq=420 ttl=29 time=64.9 ms
08-11 13:10:48.995 31554 31687 D cellinfo: 46 bytes from 44.241.174.93: icmp_seq=421 ttl=29 time=64.2 ms
08-11 13:10:49.230 31554 31687 D cellinfo: 46 bytes from 44.241.174.93: icmp_seq=422 ttl=29 time=98.0 ms
08-11 13:10:49.430 31554 31687 D cellinfo: 46 bytes from 44.241.174.93: icmp_seq=423 ttl=29 time=97.1 ms
08-11 13:10:49.594 31554 31687 D cellinfo: 46 bytes from 44.241.174.93: icmp_seq=424 ttl=29 time=62.1 ms
08-11 13:10:49.711 31554 31554 D cellinfo: onsignalStrengthsChanged: LTE Signal Strength info: rsrp: -86 rsrq: -13 rssi: -51 rssnr: 0
08-11 13:10:49.813 31554 31687 D cellinfo: 46 bytes from 44.241.174.93: icmp_seq=425 ttl=29 time=79.8 ms
08-11 13:10:50.006 31554 31687 D cellinfo: 46 bytes from 44.241.174.93: icmp_seq=426 ttl=29 time=71.6 ms
08-11 13:10:50.205 31554 31687 D cellinfo: 46 bytes from 44.241.174.93: icmp_seq=427 ttl=29 time=72.2 ms
08-11 13:10:50.406 31554 31687 D cellinfo: 46 bytes from 44.241.174.93: icmp_seq=428 ttl=29 time=71.2 ms
08-11 13:10:50.507 31554 31554 D cellinfo: Latitude is 39.7462634
08-11 13:10:50.507 31554 31554 D cellinfo: Longitude is -105.0077395
08-11 13:10:50.507 31554 31554 D cellinfo: Instantaneous GPS information: United States, 1028 Auraria Pkwy, Denver, CO 80204, USA
08-11 13:10:50.507 31554 31554 D cellinfo: getCurrentLocation() result: Location (success): 39.7462634, -105.0077395
08-11 13:10:50.562 31554 31554 D cellinfo: onCellInfoChanged: Operator: AT&T...1 UpdateTimestamp: 249723299 CellConnectionStatus: 0
08-11 13:10:50.562 31554 31554 D cellinfo: onCellInfoChanged: LTE Cell Bands: [2] Bandwidth: 2147483647 Cell ID: 99101503 Physical Cell ID: 10 Tracking Area Code: 38405 EARFCN: 700
08-11 13:10:50.605 31554 31687 D cellinfo: 46 bytes from 44.241.174.93: icmp_seq=429 ttl=29 time=70.0 ms
08-11 13:10:50.805 31554 31687 D cellinfo: 46 bytes from 44.241.174.93: icmp_seq=430 ttl=29 time=68.6 ms
08-11 13:10:51.005 31554 31687 D cellinfo: 46 bytes from 44.241.174.93: icmp_seq=431 ttl=29 time=68.8 ms
08-11 13:10:51.213 31554 31687 D cellinfo: 46 bytes from 44.241.174.93: icmp_seq=432 ttl=29 time=77.9 ms
08-11 13:10:51.406 31554 31687 D cellinfo: 46 bytes from 44.241.174.93: icmp_seq=433 ttl=29 time=68.7 ms
08-11 13:10:51.606 31554 31687 D cellinfo: 46 bytes from 44.241.174.93: icmp_seq=434 ttl=29 time=68.3 ms
08-11 13:10:51.806 31554 31687 D cellinfo: 46 bytes from 44.241.174.93: icmp_seq=435 ttl=29 time=66.1 ms
08-11 13:10:52.006 31554 31687 D cellinfo: 46 bytes from 44.241.174.93: icmp_seq=436 ttl=29 time=64.9 ms
08-11 13:10:52.205 31554 31687 D cellinfo: 46 bytes from 44.241.174.93: icmp_seq=437 ttl=29 time=62.9 ms
08-11 13:10:52.406 31554 31687 D cellinfo: 46 bytes from 44.241.174.93: icmp_seq=438 ttl=29 time=63.1 ms
08-11 13:10:52.566 31554 31554 D cellinfo: onsignalStrengthsChanged: LTE Signal Strength info: rsrp: -84 rsrq: -12 rssi: -51 rssnr: 3
08-11 13:10:52.630 31554 31687 D cellinfo: 46 bytes from 44.241.174.93: icmp_seq=439 ttl=29 time=86.7 ms
08-11 13:10:52.814 31554 31687 D cellinfo: 46 bytes from 44.241.174.93: icmp_seq=440 ttl=29 time=69.4 ms
08-11 13:10:53.029 31554 31687 D cellinfo: 46 bytes from 44.241.174.93: icmp_seq=441 ttl=29 time=83.5 ms
08-11 13:10:53.228 31554 31687 D cellinfo: 46 bytes from 44.241.174.93: icmp_seq=442 ttl=29 time=83.7 ms
08-11 13:10:53.429 31554 31687 D cellinfo: 46 bytes from 44.241.174.93: icmp_seq=443 ttl=29 time=83.3 ms
08-11 13:10:53.561 31554 31554 D cellinfo: onCellInfoChanged: Operator: AT&T...1 UpdateTimestamp: 249726296 CellConnectionStatus: 0
08-11 13:10:53.561 31554 31554 D cellinfo: onCellInfoChanged: LTE Cell Bands: [2] Bandwidth: 2147483647 Cell ID: 99101503 Physical Cell ID: 10 Tracking Area Code: 38405 EARFCN: 700
08-11 13:10:53.628 31554 31687 D cellinfo: 46 bytes from 44.241.174.93: icmp_seq=444 ttl=29 time=82.5 ms
08-11 13:10:53.829 31554 31687 D cellinfo: 46 bytes from 44.241.174.93: icmp_seq=445 ttl=29 time=81.5 ms
08-11 13:10:54.030 31554 31687 D cellinfo: 46 bytes from 44.241.174.93: icmp_seq=446 ttl=29 time=80.8 ms
08-11 13:10:54.229 31554 31687 D cellinfo: 46 bytes from 44.241.174.93: icmp_seq=447 ttl=29 time=81.3 ms
08-11 13:10:54.429 31554 31687 D cellinfo: 46 bytes from 44.241.174.93: icmp_seq=448 ttl=29 time=80.8 ms
08-11 13:10:54.622 31554 31687 D cellinfo: 46 bytes from 44.241.174.93: icmp_seq=449 ttl=29 time=72.6 ms
08-11 13:10:54.816 31554 31687 D cellinfo: 46 bytes from 44.241.174.93: icmp_seq=450 ttl=29 time=64.9 ms
08-11 13:10:55.016 31554 31687 D cellinfo: 46 bytes from 44.241.174.93: icmp_seq=451 ttl=29 time=64.2 ms
08-11 13:10:55.216 31554 31687 D cellinfo: 46 bytes from 44.241.174.93: icmp_seq=452 ttl=29 time=62.7 ms
08-11 13:10:55.426 31554 31687 D cellinfo: 46 bytes from 44.241.174.93: icmp_seq=453 ttl=29 time=70.7 ms
08-11 13:10:55.627 31554 31687 D cellinfo: 46 bytes from 44.241.174.93: icmp_seq=454 ttl=29 time=69.3 ms
08-11 13:10:55.837 31554 31687 D cellinfo: 46 bytes from 44.241.174.93: icmp_seq=455 ttl=29 time=77.0 ms
08-11 13:10:56.026 31554 31687 D cellinfo: 46 bytes from 44.241.174.93: icmp_seq=456 ttl=29 time=66.0 ms
08-11 13:10:56.235 31554 31687 D cellinfo: 46 bytes from 44.241.174.93: icmp_seq=457 ttl=29 time=74.2 ms
08-11 13:10:56.439 31554 31687 D cellinfo: 46 bytes from 44.241.174.93: icmp_seq=458 ttl=29 time=74.8 ms
08-11 13:10:56.635 31554 31687 D cellinfo: 46 bytes from 44.241.174.93: icmp_seq=459 ttl=29 time=70.8 ms
08-11 13:10:56.835 31554 31687 D cellinfo: 46 bytes from 44.241.174.93: icmp_seq=460 ttl=29 time=67.5 ms
08-11 13:10:57.037 31554 31687 D cellinfo: 46 bytes from 44.241.174.93: icmp_seq=461 ttl=29 time=66.6 ms
08-11 13:10:57.238 31554 31687 D cellinfo: 46 bytes from 44.241.174.93: icmp_seq=462 ttl=29 time=67.4 ms
08-11 13:10:57.447 31554 31687 D cellinfo: 46 bytes from 44.241.174.93: icmp_seq=463 ttl=29 time=73.9 ms
08-11 13:10:57.653 31554 31687 D cellinfo: 46 bytes from 44.241.174.93: icmp_seq=464 ttl=29 time=78.8 ms
08-11 13:10:57.870 31554 31687 D cellinfo: 46 bytes from 44.241.174.93: icmp_seq=465 ttl=29 time=93.1 ms
08-11 13:10:58.070 31554 31687 D cellinfo: 46 bytes from 44.241.174.93: icmp_seq=466 ttl=29 time=91.0 ms
08-11 13:10:58.088 31554 31554 D cellinfo: Latitude is 39.7461901
08-11 13:10:58.088 31554 31554 D cellinfo: Longitude is -105.0076267
08-11 13:10:58.088 31554 31554 D cellinfo: Instantaneous GPS information: United States, 890 Auraria Pkwy, Denver, CO 80204, USA
08-11 13:10:58.088 31554 31554 D cellinfo: getCurrentLocation() result: Location (success): 39.7461901, -105.0076267
08-11 13:10:58.090 31554 31554 D cellinfo: onCellInfoChanged: Operator: AT&T...1 UpdateTimestamp: 249729288 CellConnectionStatus: 0
08-11 13:10:58.090 31554 31554 D cellinfo: onCellInfoChanged: LTE Cell Bands: [2] Bandwidth: 2147483647 Cell ID: 99101503 Physical Cell ID: 10 Tracking Area Code: 38405 EARFCN: 700
08-11 13:10:58.108 31554 31554 D cellinfo: Latitude is 39.7461901
08-11 13:10:58.108 31554 31554 D cellinfo: Longitude is -105.0076267
08-11 13:10:58.108 31554 31554 D cellinfo: Instantaneous GPS information: United States, 890 Auraria Pkwy, Denver, CO 80204, USA
08-11 13:10:58.108 31554 31554 D cellinfo: getCurrentLocation() result: Location (success): 39.7461901, -105.0076267
08-11 13:10:58.253 31554 31687 D cellinfo: 46 bytes from 44.241.174.93: icmp_seq=467 ttl=29 time=74.6 ms
08-11 13:10:58.470 31554 31687 D cellinfo: 46 bytes from 44.241.174.93: icmp_seq=468 ttl=29 time=90.5 ms
08-11 13:10:58.670 31554 31687 D cellinfo: 46 bytes from 44.241.174.93: icmp_seq=469 ttl=29 time=90.0 ms
08-11 13:10:58.870 31554 31687 D cellinfo: 46 bytes from 44.241.174.93: icmp_seq=470 ttl=29 time=89.1 ms
08-11 13:10:59.070 31554 31687 D cellinfo: 46 bytes from 44.241.174.93: icmp_seq=471 ttl=29 time=88.3 ms
08-11 13:10:59.271 31554 31687 D cellinfo: 46 bytes from 44.241.174.93: icmp_seq=472 ttl=29 time=89.4 ms
08-11 13:10:59.469 31554 31687 D cellinfo: 46 bytes from 44.241.174.93: icmp_seq=473 ttl=29 time=86.9 ms
08-11 13:10:59.655 31554 31687 D cellinfo: 46 bytes from 44.241.174.93: icmp_seq=474 ttl=29 time=71.5 ms
08-11 13:10:59.857 31554 31687 D cellinfo: 46 bytes from 44.241.174.93: icmp_seq=475 ttl=29 time=70.3 ms
08-11 13:11:00.055 31554 31687 D cellinfo: 46 bytes from 44.241.174.93: icmp_seq=476 ttl=29 time=66.1 ms
08-11 13:11:00.256 31554 31687 D cellinfo: 46 bytes from 44.241.174.93: icmp_seq=477 ttl=29 time=66.2 ms
08-11 13:11:00.458 31554 31687 D cellinfo: 46 bytes from 44.241.174.93: icmp_seq=478 ttl=29 time=65.7 ms
08-11 13:11:00.666 31554 31687 D cellinfo: 46 bytes from 44.241.174.93: icmp_seq=479 ttl=29 time=72.0 ms
08-11 13:11:00.865 31554 31687 D cellinfo: 46 bytes from 44.241.174.93: icmp_seq=480 ttl=29 time=69.6 ms
08-11 13:11:01.067 31554 31687 D cellinfo: 46 bytes from 44.241.174.93: icmp_seq=481 ttl=29 time=68.2 ms
08-11 13:11:01.267 31554 31687 D cellinfo: 46 bytes from 44.241.174.93: icmp_seq=482 ttl=29 time=66.9 ms
08-11 13:11:01.466 31554 31687 D cellinfo: 46 bytes from 44.241.174.93: icmp_seq=483 ttl=29 time=64.8 ms
08-11 13:11:01.675 31554 31687 D cellinfo: 46 bytes from 44.241.174.93: icmp_seq=484 ttl=29 time=71.8 ms
08-11 13:11:01.878 31554 31687 D cellinfo: 46 bytes from 44.241.174.93: icmp_seq=485 ttl=29 time=72.1 ms
08-11 13:11:02.077 31554 31687 D cellinfo: 46 bytes from 44.241.174.93: icmp_seq=486 ttl=29 time=69.6 ms
08-11 13:11:02.279 31554 31687 D cellinfo: 46 bytes from 44.241.174.93: icmp_seq=487 ttl=29 time=69.0 ms
08-11 13:11:02.477 31554 31687 D cellinfo: 46 bytes from 44.241.174.93: icmp_seq=488 ttl=29 time=66.7 ms
08-11 13:11:02.709 31554 31687 D cellinfo: 46 bytes from 44.241.174.93: icmp_seq=489 ttl=29 time=97.9 ms
08-11 13:11:02.875 31554 31687 D cellinfo: 46 bytes from 44.241.174.93: icmp_seq=490 ttl=29 time=62.6 ms
08-11 13:11:03.093 31554 31687 D cellinfo: 46 bytes from 44.241.174.93: icmp_seq=491 ttl=29 time=78.5 ms
08-11 13:11:03.311 31554 31687 D cellinfo: 46 bytes from 44.241.174.93: icmp_seq=492 ttl=29 time=93.2 ms
08-11 13:11:03.511 31554 31687 D cellinfo: 46 bytes from 44.241.174.93: icmp_seq=493 ttl=29 time=91.3 ms
08-11 13:11:03.710 31554 31687 D cellinfo: 46 bytes from 44.241.174.93: icmp_seq=494 ttl=29 time=90.1 ms
08-11 13:11:03.861 31554 31554 D cellinfo: Latitude is 39.745932
08-11 13:11:03.861 31554 31554 D cellinfo: Longitude is -105.0072724
08-11 13:11:03.861 31554 31554 D cellinfo: Instantaneous GPS information: United States, 890 Auraria Pkwy, Denver, CO 80204, USA
08-11 13:11:03.861 31554 31554 D cellinfo: getCurrentLocation() result: Location (success): 39.745932, -105.0072724
08-11 13:11:03.864 31554 31554 D cellinfo: onCellInfoChanged: Operator: AT&T...1 UpdateTimestamp: 249732299 CellConnectionStatus: 0
08-11 13:11:03.864 31554 31554 D cellinfo: onCellInfoChanged: LTE Cell Bands: [2] Bandwidth: 2147483647 Cell ID: 99101503 Physical Cell ID: 10 Tracking Area Code: 38405 EARFCN: 700
08-11 13:11:03.865 31554 31554 D cellinfo: onCellInfoChanged: Operator: AT&T...1 UpdateTimestamp: 249735288 CellConnectionStatus: 0
08-11 13:11:03.865 31554 31554 D cellinfo: onCellInfoChanged: LTE Cell Bands: [2] Bandwidth: 2147483647 Cell ID: 99101503 Physical Cell ID: 10 Tracking Area Code: 38405 EARFCN: 700
08-11 13:11:03.865 31554 31554 D cellinfo: onsignalStrengthsChanged: LTE Signal Strength info: rsrp: -88 rsrq: -12 rssi: -59 rssnr: 2
08-11 13:11:03.878 31554 31554 D cellinfo: Latitude is 39.745932
08-11 13:11:03.878 31554 31554 D cellinfo: Longitude is -105.0072724
08-11 13:11:03.878 31554 31554 D cellinfo: Instantaneous GPS information: United States, 890 Auraria Pkwy, Denver, CO 80204, USA
08-11 13:11:03.878 31554 31554 D cellinfo: getCurrentLocation() result: Location (success): 39.745932, -105.0072724
08-11 13:11:03.892 31554 31687 D cellinfo: 46 bytes from 44.241.174.93: icmp_seq=495 ttl=29 time=71.7 ms
08-11 13:11:04.116 31554 31687 D cellinfo: 46 bytes from 44.241.174.93: icmp_seq=496 ttl=29 time=92.2 ms
08-11 13:11:04.310 31554 31687 D cellinfo: 46 bytes from 44.241.174.93: icmp_seq=497 ttl=29 time=86.2 ms
08-11 13:11:04.509 31554 31687 D cellinfo: 46 bytes from 44.241.174.93: icmp_seq=498 ttl=29 time=85.1 ms
08-11 13:11:04.694 31554 31687 D cellinfo: 46 bytes from 44.241.174.93: icmp_seq=499 ttl=29 time=69.8 ms
08-11 13:11:04.894 31554 31687 D cellinfo: 46 bytes from 44.241.174.93: icmp_seq=500 ttl=29 time=68.5 ms
08-11 13:11:05.111 31554 31687 D cellinfo: 46 bytes from 44.241.174.93: icmp_seq=501 ttl=29 time=84.7 ms
08-11 13:11:05.295 31554 31687 D cellinfo: 46 bytes from 44.241.174.93: icmp_seq=502 ttl=29 time=68.3 ms
08-11 13:11:05.391 31554 31554 D cellinfo: onsignalStrengthsChanged: LTE Signal Strength info: rsrp: -90 rsrq: -13 rssi: -59 rssnr: 1
08-11 13:11:05.506 31554 31687 D cellinfo: 46 bytes from 44.241.174.93: icmp_seq=503 ttl=29 time=77.3 ms
08-11 13:11:05.696 31554 31687 D cellinfo: 46 bytes from 44.241.174.93: icmp_seq=504 ttl=29 time=65.6 ms
08-11 13:11:05.895 31554 31687 D cellinfo: 46 bytes from 44.241.174.93: icmp_seq=505 ttl=29 time=63.1 ms
08-11 13:11:06.098 31554 31687 D cellinfo: 46 bytes from 44.241.174.93: icmp_seq=506 ttl=29 time=64.1 ms
08-11 13:11:06.309 31554 31687 D cellinfo: 46 bytes from 44.241.174.93: icmp_seq=507 ttl=29 time=72.8 ms
08-11 13:11:06.506 31554 31687 D cellinfo: 46 bytes from 44.241.174.93: icmp_seq=508 ttl=29 time=68.4 ms
08-11 13:11:06.709 31554 31687 D cellinfo: 46 bytes from 44.241.174.93: icmp_seq=509 ttl=29 time=68.0 ms
08-11 13:11:06.906 31554 31687 D cellinfo: 46 bytes from 44.241.174.93: icmp_seq=510 ttl=29 time=64.9 ms
08-11 13:11:07.106 31554 31687 D cellinfo: 46 bytes from 44.241.174.93: icmp_seq=511 ttl=29 time=64.2 ms
08-11 13:11:07.317 31554 31687 D cellinfo: 46 bytes from 44.241.174.93: icmp_seq=512 ttl=29 time=72.8 ms
08-11 13:11:07.517 31554 31687 D cellinfo: 46 bytes from 44.241.174.93: icmp_seq=513 ttl=29 time=71.0 ms
08-11 13:11:07.718 31554 31687 D cellinfo: 46 bytes from 44.241.174.93: icmp_seq=514 ttl=29 time=71.2 ms
08-11 13:11:07.916 31554 31687 D cellinfo: 46 bytes from 44.241.174.93: icmp_seq=515 ttl=29 time=67.0 ms
08-11 13:11:08.149 31554 31687 D cellinfo: 46 bytes from 44.241.174.93: icmp_seq=516 ttl=29 time=97.7 ms
08-11 13:11:08.315 31554 31687 D cellinfo: 46 bytes from 44.241.174.93: icmp_seq=517 ttl=29 time=62.0 ms
08-11 13:11:08.533 31554 31687 D cellinfo: 46 bytes from 44.241.174.93: icmp_seq=518 ttl=29 time=78.8 ms
08-11 13:11:08.750 31554 31687 D cellinfo: 46 bytes from 44.241.174.93: icmp_seq=519 ttl=29 time=93.3 ms
08-11 13:11:08.952 31554 31687 D cellinfo: 46 bytes from 44.241.174.93: icmp_seq=520 ttl=29 time=93.5 ms
08-11 13:11:09.088 31554 31554 D cellinfo: Latitude is 39.7456257
08-11 13:11:09.088 31554 31554 D cellinfo: Longitude is -105.0069653
08-11 13:11:09.088 31554 31554 D cellinfo: Instantaneous GPS information: United States, 890 Auraria Pkwy, Denver, CO 80204, USA
08-11 13:11:09.088 31554 31554 D cellinfo: getCurrentLocation() result: Location (success): 39.7456257, -105.0069653
08-11 13:11:09.091 31554 31554 D cellinfo: onCellInfoChanged: Operator: AT&T...1 UpdateTimestamp: 249738280 CellConnectionStatus: 0
08-11 13:11:09.091 31554 31554 D cellinfo: onCellInfoChanged: LTE Cell Bands: [2] Bandwidth: 2147483647 Cell ID: 99101503 Physical Cell ID: 10 Tracking Area Code: 38405 EARFCN: 700
08-11 13:11:09.091 31554 31554 D cellinfo: onsignalStrengthsChanged: LTE Signal Strength info: rsrp: -91 rsrq: -13 rssi: -57 rssnr: 1
08-11 13:11:09.092 31554 31554 D cellinfo: onCellInfoChanged: Operator: AT&T...1 UpdateTimestamp: 249741303 CellConnectionStatus: 0
08-11 13:11:09.092 31554 31554 D cellinfo: onCellInfoChanged: LTE Cell Bands: [2] Bandwidth: 2147483647 Cell ID: 99101503 Physical Cell ID: 10 Tracking Area Code: 38405 EARFCN: 700
08-11 13:11:09.116 31554 31554 D cellinfo: Latitude is 39.7456257
08-11 13:11:09.116 31554 31554 D cellinfo: Longitude is -105.0069653
08-11 13:11:09.116 31554 31554 D cellinfo: Instantaneous GPS information: United States, 890 Auraria Pkwy, Denver, CO 80204, USA
08-11 13:11:09.116 31554 31554 D cellinfo: getCurrentLocation() result: Location (success): 39.7456257, -105.0069653
08-11 13:11:09.148 31554 31687 D cellinfo: 46 bytes from 44.241.174.93: icmp_seq=521 ttl=29 time=89.7 ms
08-11 13:11:09.335 31554 31687 D cellinfo: 46 bytes from 44.241.174.93: icmp_seq=522 ttl=29 time=74.0 ms
08-11 13:11:09.549 31554 31687 D cellinfo: 46 bytes from 44.241.174.93: icmp_seq=523 ttl=29 time=88.7 ms
08-11 13:11:09.725 31554 31687 D cellinfo: 46 bytes from 44.241.174.93: icmp_seq=524 ttl=29 time=63.8 ms
08-11 13:11:09.872 31554 31554 D cellinfo: onsignalStrengthsChanged: LTE Signal Strength info: rsrp: -91 rsrq: -13 rssi: -53 rssnr: 2
08-11 13:11:09.928 31554 31687 D cellinfo: 46 bytes from 44.241.174.93: icmp_seq=525 ttl=29 time=65.9 ms
08-11 13:11:10.136 31554 31687 D cellinfo: 46 bytes from 44.241.174.93: icmp_seq=526 ttl=29 time=71.7 ms
08-11 13:11:10.336 31554 31687 D cellinfo: 46 bytes from 44.241.174.93: icmp_seq=527 ttl=29 time=71.3 ms
08-11 13:11:10.544 31554 31687 D cellinfo: 46 bytes from 44.241.174.93: icmp_seq=528 ttl=29 time=80.1 ms
08-11 13:11:10.572 31554 31554 D cellinfo: onsignalStrengthsChanged: LTE Signal Strength info: rsrp: -90 rsrq: -13 rssi: -53 rssnr: 2
08-11 13:11:10.735 31554 31687 D cellinfo: 46 bytes from 44.241.174.93: icmp_seq=529 ttl=29 time=69.9 ms
08-11 13:11:10.936 31554 31687 D cellinfo: 46 bytes from 44.241.174.93: icmp_seq=530 ttl=29 time=70.1 ms
08-11 13:11:11.159 31554 31687 D cellinfo: 46 bytes from 44.241.174.93: icmp_seq=531 ttl=29 time=92.6 ms
08-11 13:11:11.344 31554 31687 D cellinfo: 46 bytes from 44.241.174.93: icmp_seq=532 ttl=29 time=75.3 ms
08-11 13:11:11.512 31554 31554 D cellinfo: Latitude is 39.7456257
08-11 13:11:11.512 31554 31554 D cellinfo: Longitude is -105.0069653
08-11 13:11:11.512 31554 31554 D cellinfo: Instantaneous GPS information: United States, 890 Auraria Pkwy, Denver, CO 80204, USA
08-11 13:11:11.512 31554 31554 D cellinfo: getCurrentLocation() result: Location (success): 39.7456257, -105.0069653
08-11 13:11:11.536 31554 31687 D cellinfo: 46 bytes from 44.241.174.93: icmp_seq=533 ttl=29 time=67.5 ms
08-11 13:11:11.556 31554 31554 D cellinfo: onCellInfoChanged: Operator: AT&T...1 UpdateTimestamp: 249744294 CellConnectionStatus: 0
08-11 13:11:11.556 31554 31554 D cellinfo: onCellInfoChanged: LTE Cell Bands: [2] Bandwidth: 2147483647 Cell ID: 99101503 Physical Cell ID: 10 Tracking Area Code: 38405 EARFCN: 700
08-11 13:11:11.737 31554 31687 D cellinfo: 46 bytes from 44.241.174.93: icmp_seq=534 ttl=29 time=66.1 ms
08-11 13:11:11.942 31554 31687 D cellinfo: 46 bytes from 44.241.174.93: icmp_seq=535 ttl=29 time=72.6 ms
08-11 13:11:12.112 31554 31554 D cellinfo: onsignalStrengthsChanged: LTE Signal Strength info: rsrp: -91 rsrq: -13 rssi: -59 rssnr: 1
08-11 13:11:12.137 31554 31687 D cellinfo: 46 bytes from 44.241.174.93: icmp_seq=536 ttl=29 time=66.2 ms
08-11 13:11:12.342 31554 31687 D cellinfo: 46 bytes from 44.241.174.93: icmp_seq=537 ttl=29 time=71.0 ms
08-11 13:11:12.546 31554 31687 D cellinfo: 46 bytes from 44.241.174.93: icmp_seq=538 ttl=29 time=72.8 ms
08-11 13:11:12.789 31554 31687 D cellinfo: 46 bytes from 44.241.174.93: icmp_seq=539 ttl=29 time=115 ms
08-11 13:11:12.953 31554 31554 D cellinfo: onCellInfoChanged: Operator: AT&T...1 UpdateTimestamp: 249745688 CellConnectionStatus: 0
08-11 13:11:12.953 31554 31554 D cellinfo: onCellInfoChanged: LTE Cell Bands: [2] Bandwidth: 2147483647 Cell ID: 98610697 Physical Cell ID: 143 Tracking Area Code: 38405 EARFCN: 700
08-11 13:11:12.991 31554 31554 D cellinfo: onServiceStateChanged: Channel Number: 700 Cell Bandwidths: []
08-11 13:11:13.005 31554 31687 D cellinfo: 46 bytes from 44.241.174.93: icmp_seq=540 ttl=29 time=132 ms
08-11 13:11:13.169 31554 31687 D cellinfo: 46 bytes from 44.241.174.93: icmp_seq=541 ttl=29 time=95.4 ms
08-11 13:11:13.394 31554 31687 D cellinfo: 46 bytes from 44.241.174.93: icmp_seq=542 ttl=29 time=119 ms
08-11 13:11:13.574 31554 31687 D cellinfo: 46 bytes from 44.241.174.93: icmp_seq=543 ttl=29 time=99.7 ms
08-11 13:11:13.575 31554 31554 D cellinfo: onsignalStrengthsChanged: LTE Signal Strength info: rsrp: -91 rsrq: -13 rssi: -59 rssnr: 2
08-11 13:11:13.766 31554 31687 D cellinfo: 46 bytes from 44.241.174.93: icmp_seq=544 ttl=29 time=91.4 ms
08-11 13:11:13.966 31554 31687 D cellinfo: 46 bytes from 44.241.174.93: icmp_seq=545 ttl=29 time=89.9 ms
08-11 13:11:14.166 31554 31687 D cellinfo: 46 bytes from 44.241.174.93: icmp_seq=546 ttl=29 time=89.9 ms
08-11 13:11:14.366 31554 31687 D cellinfo: 46 bytes from 44.241.174.93: icmp_seq=547 ttl=29 time=88.4 ms
08-11 13:11:14.560 31554 31554 D cellinfo: onCellInfoChanged: Operator: AT&T...1 UpdateTimestamp: 249747296 CellConnectionStatus: 0
08-11 13:11:14.560 31554 31554 D cellinfo: onCellInfoChanged: LTE Cell Bands: [2] Bandwidth: 2147483647 Cell ID: 98610697 Physical Cell ID: 143 Tracking Area Code: 38405 EARFCN: 700
08-11 13:11:14.566 31554 31687 D cellinfo: 46 bytes from 44.241.174.93: icmp_seq=548 ttl=29 time=87.8 ms
08-11 13:11:14.807 31554 31687 D cellinfo: 46 bytes from 44.241.174.93: icmp_seq=549 ttl=29 time=126 ms
08-11 13:11:14.965 31554 31687 D cellinfo: 46 bytes from 44.241.174.93: icmp_seq=550 ttl=29 time=86.3 ms
08-11 13:11:15.168 31554 31687 D cellinfo: 46 bytes from 44.241.174.93: icmp_seq=551 ttl=29 time=87.2 ms
08-11 13:11:15.366 31554 31687 D cellinfo: 46 bytes from 44.241.174.93: icmp_seq=552 ttl=29 time=84.1 ms
08-11 13:11:15.568 31554 31687 D cellinfo: 46 bytes from 44.241.174.93: icmp_seq=553 ttl=29 time=84.3 ms
08-11 13:11:15.754 31554 31687 D cellinfo: 46 bytes from 44.241.174.93: icmp_seq=554 ttl=29 time=69.0 ms
08-11 13:11:15.967 31554 31687 D cellinfo: 46 bytes from 44.241.174.93: icmp_seq=555 ttl=29 time=81.9 ms
08-11 13:11:16.169 31554 31687 D cellinfo: 46 bytes from 44.241.174.93: icmp_seq=556 ttl=29 time=82.3 ms
08-11 13:11:16.371 31554 31687 D cellinfo: 46 bytes from 44.241.174.93: icmp_seq=557 ttl=29 time=82.1 ms
08-11 13:11:16.563 31554 31687 D cellinfo: 46 bytes from 44.241.174.93: icmp_seq=558 ttl=29 time=74.7 ms
08-11 13:11:16.771 31554 31687 D cellinfo: 46 bytes from 44.241.174.93: icmp_seq=559 ttl=29 time=79.7 ms
08-11 13:11:16.968 31554 31687 D cellinfo: 46 bytes from 44.241.174.93: icmp_seq=560 ttl=29 time=74.9 ms
08-11 13:11:17.169 31554 31687 D cellinfo: 46 bytes from 44.241.174.93: icmp_seq=561 ttl=29 time=73.8 ms
08-11 13:11:17.372 31554 31687 D cellinfo: 46 bytes from 44.241.174.93: icmp_seq=562 ttl=29 time=73.9 ms
08-11 13:11:17.569 31554 31687 D cellinfo: 46 bytes from 44.241.174.93: icmp_seq=563 ttl=29 time=69.9 ms
08-11 13:11:17.809 31554 31687 D cellinfo: 46 bytes from 44.241.174.93: icmp_seq=564 ttl=29 time=108 ms
08-11 13:11:18.007 31554 31687 D cellinfo: 46 bytes from 44.241.174.93: icmp_seq=565 ttl=29 time=105 ms
08-11 13:11:18.018 31554 31554 D cellinfo: Latitude is 39.7456393
08-11 13:11:18.018 31554 31554 D cellinfo: Longitude is -105.0068825
08-11 13:11:18.019 31554 31554 D cellinfo: Instantaneous GPS information: United States, 890 Auraria Pkwy, Denver, CO 80204, USA
08-11 13:11:18.019 31554 31554 D cellinfo: getCurrentLocation() result: Location (success): 39.7456393, -105.0068825
08-11 13:11:18.021 31554 31554 D cellinfo: onCellInfoChanged: Operator: AT&T...1 UpdateTimestamp: 249750284 CellConnectionStatus: 0
08-11 13:11:18.022 31554 31554 D cellinfo: onCellInfoChanged: LTE Cell Bands: [2] Bandwidth: 2147483647 Cell ID: 98610697 Physical Cell ID: 143 Tracking Area Code: 38405 EARFCN: 700
08-11 13:11:18.038 31554 31554 D cellinfo: Latitude is 39.7456393
08-11 13:11:18.038 31554 31554 D cellinfo: Longitude is -105.0068825
08-11 13:11:18.038 31554 31554 D cellinfo: Instantaneous GPS information: United States, 890 Auraria Pkwy, Denver, CO 80204, USA
08-11 13:11:18.038 31554 31554 D cellinfo: getCurrentLocation() result: Location (success): 39.7456393, -105.0068825
08-11 13:11:18.207 31554 31687 D cellinfo: 46 bytes from 44.241.174.93: icmp_seq=566 ttl=29 time=105 ms
08-11 13:11:18.374 31554 31687 D cellinfo: 46 bytes from 44.241.174.93: icmp_seq=567 ttl=29 time=70.0 ms
08-11 13:11:18.573 31554 31687 D cellinfo: 46 bytes from 44.241.174.93: icmp_seq=568 ttl=29 time=67.3 ms
08-11 13:11:18.772 31554 31687 D cellinfo: 46 bytes from 44.241.174.93: icmp_seq=569 ttl=29 time=65.2 ms
08-11 13:11:19.007 31554 31687 D cellinfo: 46 bytes from 44.241.174.93: icmp_seq=570 ttl=29 time=99.6 ms
08-11 13:11:19.207 31554 31687 D cellinfo: 46 bytes from 44.241.174.93: icmp_seq=571 ttl=29 time=101 ms
08-11 13:11:19.406 31554 31687 D cellinfo: 46 bytes from 44.241.174.93: icmp_seq=572 ttl=29 time=100 ms
08-11 13:11:19.606 31554 31687 D cellinfo: 46 bytes from 44.241.174.93: icmp_seq=573 ttl=29 time=98.3 ms
08-11 13:11:19.807 31554 31687 D cellinfo: 46 bytes from 44.241.174.93: icmp_seq=574 ttl=29 time=99.0 ms
08-11 13:11:19.983 31554 31687 D cellinfo: 46 bytes from 44.241.174.93: icmp_seq=575 ttl=29 time=72.2 ms
08-11 13:11:20.206 31554 31687 D cellinfo: 46 bytes from 44.241.174.93: icmp_seq=576 ttl=29 time=95.2 ms
08-11 13:11:20.405 31554 31687 D cellinfo: 46 bytes from 44.241.174.93: icmp_seq=577 ttl=29 time=94.7 ms
08-11 13:11:20.505 31554 31554 D cellinfo: Latitude is 39.7456393
08-11 13:11:20.505 31554 31554 D cellinfo: Longitude is -105.0068825
08-11 13:11:20.505 31554 31554 D cellinfo: Instantaneous GPS information: United States, 890 Auraria Pkwy, Denver, CO 80204, USA
08-11 13:11:20.505 31554 31554 D cellinfo: getCurrentLocation() result: Location (success): 39.7456393, -105.0068825
08-11 13:11:20.549 31554 31554 D cellinfo: onCellInfoChanged: Operator: AT&T...1 UpdateTimestamp: 249753286 CellConnectionStatus: 0
08-11 13:11:20.549 31554 31554 D cellinfo: onCellInfoChanged: LTE Cell Bands: [2] Bandwidth: 2147483647 Cell ID: 98610697 Physical Cell ID: 143 Tracking Area Code: 38405 EARFCN: 700
08-11 13:11:20.646 31554 31687 D cellinfo: 46 bytes from 44.241.174.93: icmp_seq=578 ttl=29 time=134 ms
08-11 13:11:20.806 31554 31687 D cellinfo: 46 bytes from 44.241.174.93: icmp_seq=579 ttl=29 time=93.4 ms
08-11 13:11:21.008 31554 31687 D cellinfo: 46 bytes from 44.241.174.93: icmp_seq=580 ttl=29 time=94.1 ms
08-11 13:11:21.206 31554 31687 D cellinfo: 46 bytes from 44.241.174.93: icmp_seq=581 ttl=29 time=93.2 ms
08-11 13:11:21.406 31554 31687 D cellinfo: 46 bytes from 44.241.174.93: icmp_seq=582 ttl=29 time=91.3 ms
08-11 13:11:21.606 31554 31687 D cellinfo: 46 bytes from 44.241.174.93: icmp_seq=583 ttl=29 time=88.8 ms
08-11 13:11:21.807 31554 31687 D cellinfo: 46 bytes from 44.241.174.93: icmp_seq=584 ttl=29 time=87.1 ms
08-11 13:11:22.009 31554 31687 D cellinfo: 46 bytes from 44.241.174.93: icmp_seq=585 ttl=29 time=88.4 ms
08-11 13:11:22.247 31554 31687 D cellinfo: 46 bytes from 44.241.174.93: icmp_seq=586 ttl=29 time=126 ms
08-11 13:11:22.408 31554 31687 D cellinfo: 46 bytes from 44.241.174.93: icmp_seq=587 ttl=29 time=86.8 ms
08-11 13:11:22.606 31554 31687 D cellinfo: 46 bytes from 44.241.174.93: icmp_seq=588 ttl=29 time=84.9 ms
08-11 13:11:22.806 31554 31687 D cellinfo: 46 bytes from 44.241.174.93: icmp_seq=589 ttl=29 time=83.8 ms
08-11 13:11:23.005 31554 31687 D cellinfo: 46 bytes from 44.241.174.93: icmp_seq=590 ttl=29 time=82.7 ms
08-11 13:11:23.206 31554 31687 D cellinfo: 46 bytes from 44.241.174.93: icmp_seq=591 ttl=29 time=83.2 ms
08-11 13:11:23.406 31554 31687 D cellinfo: 46 bytes from 44.241.174.93: icmp_seq=592 ttl=29 time=82.8 ms
08-11 13:11:23.507 31554 31554 D cellinfo: Latitude is 39.7456393
08-11 13:11:23.507 31554 31554 D cellinfo: Longitude is -105.0068825
08-11 13:11:23.507 31554 31554 D cellinfo: Instantaneous GPS information: United States, 890 Auraria Pkwy, Denver, CO 80204, USA
08-11 13:11:23.507 31554 31554 D cellinfo: getCurrentLocation() result: Location (success): 39.7456393, -105.0068825
08-11 13:11:23.559 31554 31554 D cellinfo: onCellInfoChanged: Operator: AT&T...1 UpdateTimestamp: 249756297 CellConnectionStatus: 0
08-11 13:11:23.559 31554 31554 D cellinfo: onCellInfoChanged: LTE Cell Bands: [2] Bandwidth: 2147483647 Cell ID: 98610697 Physical Cell ID: 143 Tracking Area Code: 38405 EARFCN: 700
08-11 13:11:23.607 31554 31687 D cellinfo: 46 bytes from 44.241.174.93: icmp_seq=593 ttl=29 time=82.7 ms
08-11 13:11:23.807 31554 31687 D cellinfo: 46 bytes from 44.241.174.93: icmp_seq=594 ttl=29 time=81.3 ms
08-11 13:11:24.007 31554 31687 D cellinfo: 46 bytes from 44.241.174.93: icmp_seq=595 ttl=29 time=79.9 ms
08-11 13:11:24.205 31554 31687 D cellinfo: 46 bytes from 44.241.174.93: icmp_seq=596 ttl=29 time=80.2 ms
08-11 13:11:24.406 31554 31687 D cellinfo: 46 bytes from 44.241.174.93: icmp_seq=597 ttl=29 time=79.2 ms
08-11 13:11:24.607 31554 31687 D cellinfo: 46 bytes from 44.241.174.93: icmp_seq=598 ttl=29 time=78.0 ms
08-11 13:11:24.809 31554 31687 D cellinfo: 46 bytes from 44.241.174.93: icmp_seq=599 ttl=29 time=77.9 ms
08-11 13:11:25.008 31554 31687 D cellinfo: 46 bytes from 44.241.174.93: icmp_seq=600 ttl=29 time=77.1 ms
08-11 13:11:25.246 31554 31687 D cellinfo: 46 bytes from 44.241.174.93: icmp_seq=601 ttl=29 time=114 ms
08-11 13:11:25.409 31554 31687 D cellinfo: 46 bytes from 44.241.174.93: icmp_seq=602 ttl=29 time=76.1 ms
08-11 13:11:25.609 31554 31687 D cellinfo: 46 bytes from 44.241.174.93: icmp_seq=603 ttl=29 time=75.2 ms
08-11 13:11:25.808 31554 31687 D cellinfo: 46 bytes from 44.241.174.93: icmp_seq=604 ttl=29 time=74.5 ms
08-11 13:11:26.010 31554 31687 D cellinfo: 46 bytes from 44.241.174.93: icmp_seq=605 ttl=29 time=74.2 ms
08-11 13:11:26.247 31554 31687 D cellinfo: 46 bytes from 44.241.174.93: icmp_seq=606 ttl=29 time=113 ms
08-11 13:11:26.409 31554 31687 D cellinfo: 46 bytes from 44.241.174.93: icmp_seq=607 ttl=29 time=73.5 ms
08-11 13:11:26.561 31554 31554 D cellinfo: onCellInfoChanged: Operator: AT&T...1 UpdateTimestamp: 249759295 CellConnectionStatus: 0
08-11 13:11:26.561 31554 31554 D cellinfo: onCellInfoChanged: LTE Cell Bands: [2] Bandwidth: 2147483647 Cell ID: 98610697 Physical Cell ID: 143 Tracking Area Code: 38405 EARFCN: 700
08-11 13:11:26.609 31554 31687 D cellinfo: 46 bytes from 44.241.174.93: icmp_seq=608 ttl=29 time=73.4 ms
08-11 13:11:26.847 31554 31687 D cellinfo: 46 bytes from 44.241.174.93: icmp_seq=609 ttl=29 time=111 ms
08-11 13:11:27.010 31554 31687 D cellinfo: 46 bytes from 44.241.174.93: icmp_seq=610 ttl=29 time=72.2 ms
08-11 13:11:27.247 31554 31687 D cellinfo: 46 bytes from 44.241.174.93: icmp_seq=611 ttl=29 time=111 ms
08-11 13:11:27.409 31554 31687 D cellinfo: 46 bytes from 44.241.174.93: icmp_seq=612 ttl=29 time=72.8 ms
08-11 13:11:27.608 31554 31687 D cellinfo: 46 bytes from 44.241.174.93: icmp_seq=613 ttl=29 time=71.5 ms
08-11 13:11:27.808 31554 31687 D cellinfo: 46 bytes from 44.241.174.93: icmp_seq=614 ttl=29 time=70.2 ms
08-11 13:11:28.009 31554 31687 D cellinfo: 46 bytes from 44.241.174.93: icmp_seq=615 ttl=29 time=69.4 ms
08-11 13:11:28.213 31554 31687 D cellinfo: 46 bytes from 44.241.174.93: icmp_seq=616 ttl=29 time=72.5 ms
08-11 13:11:28.449 31554 31687 D cellinfo: 46 bytes from 44.241.174.93: icmp_seq=617 ttl=29 time=105 ms
08-11 13:11:28.649 31554 31687 D cellinfo: 46 bytes from 44.241.174.93: icmp_seq=618 ttl=29 time=103 ms
08-11 13:11:28.848 31554 31687 D cellinfo: 46 bytes from 44.241.174.93: icmp_seq=619 ttl=29 time=100 ms
08-11 13:11:29.022 31554 31687 D cellinfo: 46 bytes from 44.241.174.93: icmp_seq=620 ttl=29 time=72.7 ms
08-11 13:11:29.256 31554 31687 D cellinfo: 46 bytes from 44.241.174.93: icmp_seq=621 ttl=29 time=105 ms
08-11 13:11:29.448 31554 31687 D cellinfo: 46 bytes from 44.241.174.93: icmp_seq=622 ttl=29 time=95.8 ms
08-11 13:11:29.647 31554 31687 D cellinfo: 46 bytes from 44.241.174.93: icmp_seq=623 ttl=29 time=94.3 ms
