08-11 12:44:12.589 26411 26411 D cellinfo: Longitude is -105.0241486
08-11 12:44:12.589 26411 26411 D cellinfo: Instantaneous GPS information: United States, 600 Federal Blvd, Denver, CO 80204, USA
08-11 12:44:12.589 26411 26411 D cellinfo: getCurrentLocation() result: Location (success): 39.7266055, -105.0241486
08-11 12:44:12.699 26411 26526 D cellinfo: 46 bytes from 44.241.174.93: icmp_seq=313 ttl=36 time=102 ms
08-11 12:44:12.899 26411 26526 D cellinfo: 46 bytes from 44.241.174.93: icmp_seq=314 ttl=36 time=101 ms
08-11 12:44:13.100 26411 26526 D cellinfo: 46 bytes from 44.241.174.93: icmp_seq=315 ttl=36 time=100 ms
08-11 12:44:13.299 26411 26526 D cellinfo: 46 bytes from 44.241.174.93: icmp_seq=316 ttl=36 time=99.2 ms
08-11 12:44:13.498 26411 26526 D cellinfo: 46 bytes from 44.241.174.93: icmp_seq=317 ttl=36 time=98.4 ms
08-11 12:44:13.699 26411 26526 D cellinfo: 46 bytes from 44.241.174.93: icmp_seq=318 ttl=36 time=97.3 ms
08-11 12:44:13.899 26411 26526 D cellinfo: 46 bytes from 44.241.174.93: icmp_seq=319 ttl=36 time=95.6 ms
08-11 12:44:14.100 26411 26526 D cellinfo: 46 bytes from 44.241.174.93: icmp_seq=320 ttl=36 time=94.7 ms
08-11 12:44:14.195 26411 26411 D cellinfo: Latitude is 39.7266055
08-11 12:44:14.195 26411 26411 D cellinfo: Longitude is -105.0241486
08-11 12:44:14.195 26411 26411 D cellinfo: Instantaneous GPS information: United States, 600 Federal Blvd, Denver, CO 80204, USA
08-11 12:44:14.195 26411 26411 D cellinfo: getCurrentLocation() result: Location (success): 39.7266055, -105.0241486
08-11 12:44:14.250 26411 26411 D cellinfo: onCellInfoChanged: Operator: AT&T...1 UpdateTimestamp: 248126986 CellConnectionStatus: 0
08-11 12:44:14.250 26411 26411 D cellinfo: onCellInfoChanged: LTE Cell Bands: [2] Bandwidth: 2147483647 Cell ID: 97347594 Physical Cell ID: 309 Tracking Area Code: 38405 EARFCN: 700
08-11 12:44:14.299 26411 26526 D cellinfo: 46 bytes from 44.241.174.93: icmp_seq=321 ttl=36 time=94.3 ms
08-11 12:44:14.499 26411 26526 D cellinfo: 46 bytes from 44.241.174.93: icmp_seq=322 ttl=36 time=93.1 ms
08-11 12:44:14.700 26411 26526 D cellinfo: 46 bytes from 44.241.174.93: icmp_seq=323 ttl=36 time=92.5 ms
08-11 12:44:14.900 26411 26526 D cellinfo: 46 bytes from 44.241.174.93: icmp_seq=324 ttl=36 time=91.8 ms
08-11 12:44:15.099 26411 26526 D cellinfo: 46 bytes from 44.241.174.93: icmp_seq=325 ttl=36 time=90.9 ms
08-11 12:44:15.299 26411 26526 D cellinfo: 46 bytes from 44.241.174.93: icmp_seq=326 ttl=36 time=90.1 ms
08-11 12:44:15.499 26411 26526 D cellinfo: 46 bytes from 44.241.174.93: icmp_seq=327 ttl=36 time=89.3 ms
08-11 12:44:15.700 26411 26526 D cellinfo: 46 bytes from 44.241.174.93: icmp_seq=328 ttl=36 time=88.6 ms
08-11 12:44:15.907 26411 26526 D cellinfo: 46 bytes from 44.241.174.93: icmp_seq=329 ttl=36 time=96.7 ms
08-11 12:44:16.099 26411 26526 D cellinfo: 46 bytes from 44.241.174.93: icmp_seq=330 ttl=36 time=87.2 ms
08-11 12:44:16.299 26411 26526 D cellinfo: 46 bytes from 44.241.174.93: icmp_seq=331 ttl=36 time=86.2 ms
08-11 12:44:16.499 26411 26526 D cellinfo: 46 bytes from 44.241.174.93: icmp_seq=332 ttl=36 time=85.2 ms
08-11 12:44:16.699 26411 26526 D cellinfo: 46 bytes from 44.241.174.93: icmp_seq=333 ttl=36 time=83.5 ms
08-11 12:44:16.899 26411 26526 D cellinfo: 46 bytes from 44.241.174.93: icmp_seq=334 ttl=36 time=81.6 ms
08-11 12:44:17.099 26411 26526 D cellinfo: 46 bytes from 44.241.174.93: icmp_seq=335 ttl=36 time=80.0 ms
08-11 12:44:17.193 26411 26411 D cellinfo: Latitude is 39.7266055
08-11 12:44:17.194 26411 26411 D cellinfo: Longitude is -105.0241486
08-11 12:44:17.194 26411 26411 D cellinfo: Instantaneous GPS information: United States, 600 Federal Blvd, Denver, CO 80204, USA
08-11 12:44:17.194 26411 26411 D cellinfo: getCurrentLocation() result: Location (success): 39.7266055, -105.0241486
08-11 12:44:17.247 26411 26411 D cellinfo: onCellInfoChanged: Operator: AT&T...1 UpdateTimestamp: 248129984 CellConnectionStatus: 0
08-11 12:44:17.247 26411 26411 D cellinfo: onCellInfoChanged: LTE Cell Bands: [2] Bandwidth: 2147483647 Cell ID: 97347594 Physical Cell ID: 309 Tracking Area Code: 38405 EARFCN: 700
08-11 12:44:17.299 26411 26526 D cellinfo: 46 bytes from 44.241.174.93: icmp_seq=336 ttl=36 time=79.0 ms
08-11 12:44:17.499 26411 26526 D cellinfo: 46 bytes from 44.241.174.93: icmp_seq=337 ttl=36 time=78.3 ms
08-11 12:44:17.739 26411 26526 D cellinfo: 46 bytes from 44.241.174.93: icmp_seq=338 ttl=36 time=118 ms
08-11 12:44:17.899 26411 26526 D cellinfo: 46 bytes from 44.241.174.93: icmp_seq=339 ttl=36 time=78.5 ms
08-11 12:44:18.097 26411 26526 D cellinfo: 46 bytes from 44.241.174.93: icmp_seq=340 ttl=36 time=76.2 ms
08-11 12:44:18.298 26411 26526 D cellinfo: 46 bytes from 44.241.174.93: icmp_seq=341 ttl=36 time=75.4 ms
08-11 13:01:14.856 27146 27146 D cellinfo: Country == United States
08-11 13:01:14.856 27146 27146 D cellinfo: City == Denver
08-11 13:01:14.856 27146 27146 D cellinfo: GPS Info == 620 Federal Blvd Building B, Denver, CO 80204, USA
08-11 13:01:14.856 27146 27146 D cellinfo: Network Operator == AT&T
08-11 13:01:14.856 27146 27146 D cellinfo: User movement == Static
08-11 13:01:14.856 27146 27146 D cellinfo: isEastCoast == false
08-11 13:01:14.856 27146 27146 D cellinfo: isWestCoast == true
08-11 13:01:14.856 27146 27146 D cellinfo: isBoston == false
08-11 13:01:14.856 27146 27146 D cellinfo: All GPS info fetched. Saving city and country info
08-11 13:01:14.857 27146 28038 D cellinfo: Timestamp: 1660244474
08-11 13:01:15.357 27146 28039 D cellinfo: Logging started
08-11 13:01:15.363 27146 27146 D cellinfo: onServiceStateChanged: Channel Number: 700 Cell Bandwidths: [10000]
08-11 13:01:15.363 27146 27146 D cellinfo: onsignalStrengthsChanged: LTE Signal Strength info: rsrp: -75 rsrq: -11 rssi: -51 rssnr: 18
08-11 13:01:15.375 27146 27146 D cellinfo: onCellInfoChanged: Operator: AT&T...1 UpdateTimestamp: 249147689 CellConnectionStatus: 0
08-11 13:01:15.375 27146 27146 D cellinfo: onCellInfoChanged: LTE Cell Bands: [2] Bandwidth: 2147483647 Cell ID: 97347594 Physical Cell ID: 309 Tracking Area Code: 38405 EARFCN: 700
08-11 13:01:15.376 27146 27146 D cellinfo: onDisplayInfoChanged: NetworkType: LTE OverrideNetworkType: 5G (Sub-6 GHz)
08-11 13:01:15.859 27146 28038 D cellinfo: Ping command fired: /system/bin/ping -i 0.2 -s 38 44.241.174.93
08-11 13:01:16.113 27146 28038 D cellinfo: PING 44.241.174.93 (44.241.174.93) 38(66) bytes of data.
08-11 13:01:16.114 27146 28038 D cellinfo: 46 bytes from 44.241.174.93: icmp_seq=1 ttl=34 time=246 ms
08-11 13:01:16.162 27146 28038 D cellinfo: 46 bytes from 44.241.174.93: icmp_seq=2 ttl=34 time=84.5 ms
08-11 13:01:16.360 27146 28038 D cellinfo: 46 bytes from 44.241.174.93: icmp_seq=3 ttl=34 time=83.4 ms
08-11 13:01:16.562 27146 28038 D cellinfo: 46 bytes from 44.241.174.93: icmp_seq=4 ttl=34 time=83.4 ms
08-11 13:01:16.761 27146 28038 D cellinfo: 46 bytes from 44.241.174.93: icmp_seq=5 ttl=34 time=81.5 ms
08-11 13:01:16.963 27146 28038 D cellinfo: 46 bytes from 44.241.174.93: icmp_seq=6 ttl=34 time=81.6 ms
08-11 13:01:17.163 27146 28038 D cellinfo: 46 bytes from 44.241.174.93: icmp_seq=7 ttl=34 time=80.6 ms
08-11 13:01:17.380 27146 28038 D cellinfo: 46 bytes from 44.241.174.93: icmp_seq=8 ttl=34 time=94.9 ms
08-11 13:01:17.564 27146 28038 D cellinfo: 46 bytes from 44.241.174.93: icmp_seq=9 ttl=34 time=77.6 ms
08-11 13:01:17.764 27146 28038 D cellinfo: 46 bytes from 44.241.174.93: icmp_seq=10 ttl=34 time=74.2 ms
08-11 13:01:18.002 27146 28038 D cellinfo: 46 bytes from 44.241.174.93: icmp_seq=11 ttl=34 time=112 ms
08-11 13:01:18.162 27146 28038 D cellinfo: 46 bytes from 44.241.174.93: icmp_seq=12 ttl=34 time=71.0 ms
08-11 13:01:18.404 27146 28038 D cellinfo: 46 bytes from 44.241.174.93: icmp_seq=13 ttl=34 time=111 ms
08-11 13:01:18.605 27146 28038 D cellinfo: 46 bytes from 44.241.174.93: icmp_seq=14 ttl=34 time=110 ms
08-11 13:01:18.774 27146 28038 D cellinfo: 46 bytes from 44.241.174.93: icmp_seq=15 ttl=34 time=77.5 ms
08-11 13:01:19.004 27146 28038 D cellinfo: 46 bytes from 44.241.174.93: icmp_seq=16 ttl=34 time=106 ms
08-11 13:01:19.008 27146 27146 D cellinfo: Latitude is 39.7265499
08-11 13:01:19.008 27146 27146 D cellinfo: Longitude is -105.0241914
08-11 13:01:19.008 27146 27146 D cellinfo: Instantaneous GPS information: United States, 600 Federal Blvd, Denver, CO 80204, USA
08-11 13:01:19.008 27146 27146 D cellinfo: getCurrentLocation() result: Location (success): 39.7265499, -105.0241914
08-11 13:01:19.011 27146 27146 D cellinfo: onCellInfoChanged: Operator: AT&T...1 UpdateTimestamp: 249150647 CellConnectionStatus: 0
08-11 13:01:19.011 27146 27146 D cellinfo: onCellInfoChanged: LTE Cell Bands: [2] Bandwidth: 2147483647 Cell ID: 97347594 Physical Cell ID: 309 Tracking Area Code: 38405 EARFCN: 700
08-11 13:01:19.011 27146 27146 D cellinfo: onsignalStrengthsChanged: LTE Signal Strength info: rsrp: -74 rsrq: -11 rssi: -51 rssnr: 17
08-11 13:01:19.028 27146 27146 D cellinfo: Latitude is 39.7265499
08-11 13:01:19.028 27146 27146 D cellinfo: Longitude is -105.0241914
08-11 13:01:19.028 27146 27146 D cellinfo: Instantaneous GPS information: United States, 600 Federal Blvd, Denver, CO 80204, USA
08-11 13:01:19.028 27146 27146 D cellinfo: getCurrentLocation() result: Location (success): 39.7265499, -105.0241914
08-11 13:01:19.160 27146 27146 D cellinfo: onsignalStrengthsChanged: LTE Signal Strength info: rsrp: -75 rsrq: -11 rssi: -51 rssnr: 17
08-11 13:01:19.201 27146 28038 D cellinfo: 46 bytes from 44.241.174.93: icmp_seq=17 ttl=34 time=105 ms
08-11 13:01:19.402 27146 28038 D cellinfo: 46 bytes from 44.241.174.93: icmp_seq=18 ttl=34 time=104 ms
08-11 13:01:19.602 27146 28038 D cellinfo: 46 bytes from 44.241.174.93: icmp_seq=19 ttl=34 time=103 ms
08-11 13:01:19.802 27146 28038 D cellinfo: 46 bytes from 44.241.174.93: icmp_seq=20 ttl=34 time=103 ms
08-11 13:01:20.002 27146 28038 D cellinfo: 46 bytes from 44.241.174.93: icmp_seq=21 ttl=34 time=102 ms
08-11 13:01:20.200 27146 28038 D cellinfo: 46 bytes from 44.241.174.93: icmp_seq=22 ttl=34 time=103 ms
08-11 13:01:20.402 27146 28038 D cellinfo: 46 bytes from 44.241.174.93: icmp_seq=23 ttl=34 time=101 ms
08-11 13:01:20.602 27146 28038 D cellinfo: 46 bytes from 44.241.174.93: icmp_seq=24 ttl=34 time=101 ms
08-11 13:01:20.800 27146 28038 D cellinfo: 46 bytes from 44.241.174.93: icmp_seq=25 ttl=34 time=100 ms
08-11 13:01:20.867 27146 27146 D cellinfo: Latitude is 39.7265499
08-11 13:01:20.867 27146 27146 D cellinfo: Longitude is -105.0241914
08-11 13:01:20.867 27146 27146 D cellinfo: Instantaneous GPS information: United States, 600 Federal Blvd, Denver, CO 80204, USA
08-11 13:01:20.867 27146 27146 D cellinfo: getCurrentLocation() result: Location (success): 39.7265499, -105.0241914
08-11 13:01:21.001 27146 28038 D cellinfo: 46 bytes from 44.241.174.93: icmp_seq=26 ttl=34 time=100 ms
08-11 13:01:21.021 27146 27146 D cellinfo: onCellInfoChanged: Operator: AT&T...1 UpdateTimestamp: 249153754 CellConnectionStatus: 0
08-11 13:01:21.021 27146 27146 D cellinfo: onCellInfoChanged: LTE Cell Bands: [2] Bandwidth: 2147483647 Cell ID: 97347594 Physical Cell ID: 309 Tracking Area Code: 38405 EARFCN: 700
08-11 13:01:21.200 27146 28038 D cellinfo: 46 bytes from 44.241.174.93: icmp_seq=27 ttl=34 time=100 ms
08-11 13:01:21.402 27146 28038 D cellinfo: 46 bytes from 44.241.174.93: icmp_seq=28 ttl=34 time=98.9 ms
08-11 13:01:21.602 27146 28038 D cellinfo: 46 bytes from 44.241.174.93: icmp_seq=29 ttl=34 time=98.6 ms
08-11 13:01:21.801 27146 28038 D cellinfo: 46 bytes from 44.241.174.93: icmp_seq=30 ttl=34 time=97.6 ms
08-11 13:01:22.001 27146 28038 D cellinfo: 46 bytes from 44.241.174.93: icmp_seq=31 ttl=34 time=95.5 ms
08-11 13:01:22.202 27146 28038 D cellinfo: 46 bytes from 44.241.174.93: icmp_seq=32 ttl=34 time=94.9 ms
08-11 13:01:22.402 27146 28038 D cellinfo: 46 bytes from 44.241.174.93: icmp_seq=33 ttl=34 time=94.0 ms
08-11 13:01:22.602 27146 28038 D cellinfo: 46 bytes from 44.241.174.93: icmp_seq=34 ttl=34 time=92.9 ms
08-11 13:01:22.778 27146 28038 D cellinfo: 46 bytes from 44.241.174.93: icmp_seq=35 ttl=34 time=69.5 ms
08-11 13:01:23.001 27146 28038 D cellinfo: 46 bytes from 44.241.174.93: icmp_seq=36 ttl=34 time=91.4 ms
08-11 13:01:23.209 27146 28038 D cellinfo: 46 bytes from 44.241.174.93: icmp_seq=37 ttl=34 time=100 ms
08-11 13:01:23.402 27146 28038 D cellinfo: 46 bytes from 44.241.174.93: icmp_seq=38 ttl=34 time=91.6 ms
08-11 13:01:23.602 27146 28038 D cellinfo: 46 bytes from 44.241.174.93: icmp_seq=39 ttl=34 time=91.5 ms
08-11 13:01:23.778 27146 28038 D cellinfo: 46 bytes from 44.241.174.93: icmp_seq=40 ttl=34 time=68.5 ms
08-11 13:01:23.867 27146 27146 D cellinfo: Latitude is 39.7265499
08-11 13:01:23.867 27146 27146 D cellinfo: Longitude is -105.0241914
08-11 13:01:23.867 27146 27146 D cellinfo: Instantaneous GPS information: United States, 600 Federal Blvd, Denver, CO 80204, USA
08-11 13:01:23.868 27146 27146 D cellinfo: getCurrentLocation() result: Location (success): 39.7265499, -105.0241914
08-11 13:01:23.902 27146 27146 D cellinfo: onCellInfoChanged: Operator: AT&T...1 UpdateTimestamp: 249156640 CellConnectionStatus: 0
08-11 13:01:23.902 27146 27146 D cellinfo: onCellInfoChanged: LTE Cell Bands: [2] Bandwidth: 2147483647 Cell ID: 97347594 Physical Cell ID: 309 Tracking Area Code: 38405 EARFCN: 700
08-11 13:01:24.001 27146 28038 D cellinfo: 46 bytes from 44.241.174.93: icmp_seq=41 ttl=34 time=90.0 ms
08-11 13:01:24.200 27146 28038 D cellinfo: 46 bytes from 44.241.174.93: icmp_seq=42 ttl=34 time=90.0 ms
08-11 13:01:24.400 27146 28038 D cellinfo: 46 bytes from 44.241.174.93: icmp_seq=43 ttl=34 time=89.6 ms
08-11 13:01:24.602 27146 28038 D cellinfo: 46 bytes from 44.241.174.93: icmp_seq=44 ttl=34 time=89.0 ms
08-11 13:01:24.690 27146 27146 D cellinfo: onsignalStrengthsChanged: LTE Signal Strength info: rsrp: -77 rsrq: -10 rssi: -51 rssnr: 14
08-11 13:01:24.802 27146 28038 D cellinfo: 46 bytes from 44.241.174.93: icmp_seq=45 ttl=34 time=88.4 ms
08-11 13:01:25.001 27146 28038 D cellinfo: 46 bytes from 44.241.174.93: icmp_seq=46 ttl=34 time=87.6 ms
08-11 13:01:25.200 27146 28038 D cellinfo: 46 bytes from 44.241.174.93: icmp_seq=47 ttl=34 time=87.4 ms
08-11 13:01:25.402 27146 28038 D cellinfo: 46 bytes from 44.241.174.93: icmp_seq=48 ttl=34 time=86.7 ms
08-11 13:01:25.602 27146 28038 D cellinfo: 46 bytes from 44.241.174.93: icmp_seq=49 ttl=34 time=85.0 ms
08-11 13:01:25.801 27146 28038 D cellinfo: 46 bytes from 44.241.174.93: icmp_seq=50 ttl=34 time=82.8 ms
08-11 13:01:26.001 27146 28038 D cellinfo: 46 bytes from 44.241.174.93: icmp_seq=51 ttl=34 time=82.3 ms
08-11 13:01:26.200 27146 28038 D cellinfo: 46 bytes from 44.241.174.93: icmp_seq=52 ttl=34 time=82.1 ms
08-11 13:01:26.401 27146 28038 D cellinfo: 46 bytes from 44.241.174.93: icmp_seq=53 ttl=34 time=81.3 ms
08-11 13:01:26.603 27146 28038 D cellinfo: 46 bytes from 44.241.174.93: icmp_seq=54 ttl=34 time=81.6 ms
08-11 13:01:26.804 27146 28038 D cellinfo: 46 bytes from 44.241.174.93: icmp_seq=55 ttl=34 time=81.6 ms
08-11 13:01:26.896 27146 27146 D cellinfo: onCellInfoChanged: Operator: AT&T...1 UpdateTimestamp: 249159633 CellConnectionStatus: 0
08-11 13:01:26.896 27146 27146 D cellinfo: onCellInfoChanged: LTE Cell Bands: [2] Bandwidth: 2147483647 Cell ID: 97347594 Physical Cell ID: 309 Tracking Area Code: 38405 EARFCN: 700
08-11 13:01:27.001 27146 28038 D cellinfo: 46 bytes from 44.241.174.93: icmp_seq=56 ttl=34 time=78.3 ms
08-11 13:01:27.202 27146 28038 D cellinfo: 46 bytes from 44.241.174.93: icmp_seq=57 ttl=34 time=78.8 ms
08-11 13:01:27.402 27146 28038 D cellinfo: 46 bytes from 44.241.174.93: icmp_seq=58 ttl=34 time=77.7 ms
08-11 13:01:27.603 27146 28038 D cellinfo: 46 bytes from 44.241.174.93: icmp_seq=59 ttl=34 time=79.0 ms
08-11 13:01:27.801 27146 28038 D cellinfo: 46 bytes from 44.241.174.93: icmp_seq=60 ttl=34 time=76.6 ms
08-11 13:01:28.003 27146 28038 D cellinfo: 46 bytes from 44.241.174.93: icmp_seq=61 ttl=34 time=75.4 ms
08-11 13:01:28.131 27146 27146 D cellinfo: onsignalStrengthsChanged: LTE Signal Strength info: rsrp: -80 rsrq: -11 rssi: -57 rssnr: 11
08-11 13:01:28.200 27146 28038 D cellinfo: 46 bytes from 44.241.174.93: icmp_seq=62 ttl=34 time=76.2 ms
08-11 13:01:28.243 27146 27146 D cellinfo: Latitude is 39.7267651
08-11 13:01:28.243 27146 27146 D cellinfo: Longitude is -105.0241068
08-11 13:01:28.243 27146 27146 D cellinfo: Instantaneous GPS information: United States, 600 Federal Blvd, Denver, CO 80204, USA
08-11 13:01:28.243 27146 27146 D cellinfo: getCurrentLocation() result: Location (success): 39.7267651, -105.0241068
08-11 13:01:28.441 27146 28038 D cellinfo: 46 bytes from 44.241.174.93: icmp_seq=63 ttl=34 time=115 ms
08-11 13:01:28.641 27146 28038 D cellinfo: 46 bytes from 44.241.174.93: icmp_seq=64 ttl=34 time=114 ms
08-11 13:01:28.801 27146 28038 D cellinfo: 46 bytes from 44.241.174.93: icmp_seq=65 ttl=34 time=74.7 ms
08-11 13:01:29.041 27146 28038 D cellinfo: 46 bytes from 44.241.174.93: icmp_seq=66 ttl=34 time=113 ms
08-11 13:01:29.203 27146 28038 D cellinfo: 46 bytes from 44.241.174.93: icmp_seq=67 ttl=34 time=74.5 ms
08-11 13:01:29.401 27146 28038 D cellinfo: 46 bytes from 44.241.174.93: icmp_seq=68 ttl=34 time=69.2 ms
08-11 13:01:29.602 27146 28038 D cellinfo: 46 bytes from 44.241.174.93: icmp_seq=69 ttl=34 time=69.9 ms
08-11 13:01:29.841 27146 28038 D cellinfo: 46 bytes from 44.241.174.93: icmp_seq=70 ttl=34 time=106 ms
08-11 13:01:29.872 27146 27146 D cellinfo: Latitude is 39.7267651
08-11 13:01:29.872 27146 27146 D cellinfo: Longitude is -105.0241068
08-11 13:01:29.872 27146 27146 D cellinfo: Instantaneous GPS information: United States, 600 Federal Blvd, Denver, CO 80204, USA
08-11 13:01:29.872 27146 27146 D cellinfo: getCurrentLocation() result: Location (success): 39.7267651, -105.0241068
08-11 13:01:29.919 27146 27146 D cellinfo: onCellInfoChanged: Operator: AT&T...1 UpdateTimestamp: 249162655 CellConnectionStatus: 0
08-11 13:01:29.919 27146 27146 D cellinfo: onCellInfoChanged: LTE Cell Bands: [2] Bandwidth: 2147483647 Cell ID: 97347594 Physical Cell ID: 309 Tracking Area Code: 38405 EARFCN: 700
08-11 13:01:30.041 27146 28038 D cellinfo: 46 bytes from 44.241.174.93: icmp_seq=71 ttl=34 time=105 ms
08-11 13:01:30.241 27146 28038 D cellinfo: 46 bytes from 44.241.174.93: icmp_seq=72 ttl=34 time=106 ms
08-11 13:01:30.368 27146 27146 D cellinfo: onsignalStrengthsChanged: LTE Signal Strength info: rsrp: -81 rsrq: -11 rssi: -55 rssnr: 11
08-11 13:01:30.441 27146 28038 D cellinfo: 46 bytes from 44.241.174.93: icmp_seq=73 ttl=34 time=105 ms
08-11 13:01:30.641 27146 28038 D cellinfo: 46 bytes from 44.241.174.93: icmp_seq=74 ttl=34 time=104 ms
08-11 13:01:30.812 27146 28038 D cellinfo: 46 bytes from 44.241.174.93: icmp_seq=75 ttl=34 time=73.0 ms
08-11 13:01:31.042 27146 28038 D cellinfo: 46 bytes from 44.241.174.93: icmp_seq=76 ttl=34 time=102 ms
08-11 13:01:31.241 27146 28038 D cellinfo: 46 bytes from 44.241.174.93: icmp_seq=77 ttl=34 time=103 ms
08-11 13:01:31.442 27146 28038 D cellinfo: 46 bytes from 44.241.174.93: icmp_seq=78 ttl=34 time=102 ms
08-11 13:01:31.611 27146 28038 D cellinfo: 46 bytes from 44.241.174.93: icmp_seq=79 ttl=34 time=71.2 ms
08-11 13:01:31.842 27146 28038 D cellinfo: 46 bytes from 44.241.174.93: icmp_seq=80 ttl=34 time=99.8 ms
08-11 13:01:32.041 27146 28038 D cellinfo: 46 bytes from 44.241.174.93: icmp_seq=81 ttl=34 time=99.4 ms
08-11 13:01:32.241 27146 28038 D cellinfo: 46 bytes from 44.241.174.93: icmp_seq=82 ttl=34 time=100 ms
08-11 13:01:32.419 27146 28038 D cellinfo: 46 bytes from 44.241.174.93: icmp_seq=83 ttl=34 time=76.3 ms
08-11 13:01:32.642 27146 28038 D cellinfo: 46 bytes from 44.241.174.93: icmp_seq=84 ttl=34 time=96.6 ms
08-11 13:01:32.842 27146 28038 D cellinfo: 46 bytes from 44.241.174.93: icmp_seq=85 ttl=34 time=95.4 ms
08-11 13:01:32.871 27146 27146 D cellinfo: Latitude is 39.7267651
08-11 13:01:32.871 27146 27146 D cellinfo: Longitude is -105.0241068
08-11 13:01:32.871 27146 27146 D cellinfo: Instantaneous GPS information: United States, 600 Federal Blvd, Denver, CO 80204, USA
08-11 13:01:32.871 27146 27146 D cellinfo: getCurrentLocation() result: Location (success): 39.7267651, -105.0241068
08-11 13:01:32.921 27146 27146 D cellinfo: onCellInfoChanged: Operator: AT&T...1 UpdateTimestamp: 249165656 CellConnectionStatus: 0
08-11 13:01:32.921 27146 27146 D cellinfo: onCellInfoChanged: LTE Cell Bands: [2] Bandwidth: 2147483647 Cell ID: 97347594 Physical Cell ID: 309 Tracking Area Code: 38405 EARFCN: 700
08-11 13:01:33.042 27146 28038 D cellinfo: 46 bytes from 44.241.174.93: icmp_seq=86 ttl=34 time=95.1 ms
08-11 13:01:33.218 27146 28038 D cellinfo: 46 bytes from 44.241.174.93: icmp_seq=87 ttl=34 time=72.9 ms
08-11 13:01:33.442 27146 28038 D cellinfo: 46 bytes from 44.241.174.93: icmp_seq=88 ttl=34 time=94.3 ms
08-11 13:01:33.643 27146 28038 D cellinfo: 46 bytes from 44.241.174.93: icmp_seq=89 ttl=34 time=95.6 ms
08-11 13:01:33.842 27146 28038 D cellinfo: 46 bytes from 44.241.174.93: icmp_seq=90 ttl=34 time=93.6 ms
08-11 13:01:34.042 27146 28038 D cellinfo: 46 bytes from 44.241.174.93: icmp_seq=91 ttl=34 time=93.1 ms
08-11 13:01:34.242 27146 28038 D cellinfo: 46 bytes from 44.241.174.93: icmp_seq=92 ttl=34 time=93.2 ms
08-11 13:01:34.442 27146 28038 D cellinfo: 46 bytes from 44.241.174.93: icmp_seq=93 ttl=34 time=92.9 ms
08-11 13:01:34.642 27146 28038 D cellinfo: 46 bytes from 44.241.174.93: icmp_seq=94 ttl=34 time=91.9 ms
08-11 13:01:34.842 27146 28038 D cellinfo: 46 bytes from 44.241.174.93: icmp_seq=95 ttl=34 time=91.6 ms
08-11 13:01:35.041 27146 28038 D cellinfo: 46 bytes from 44.241.174.93: icmp_seq=96 ttl=34 time=91.0 ms
08-11 13:01:35.242 27146 28038 D cellinfo: 46 bytes from 44.241.174.93: icmp_seq=97 ttl=34 time=91.5 ms
08-11 13:01:35.441 27146 28038 D cellinfo: 46 bytes from 44.241.174.93: icmp_seq=98 ttl=34 time=90.8 ms
08-11 13:01:35.619 27146 28038 D cellinfo: 46 bytes from 44.241.174.93: icmp_seq=99 ttl=34 time=67.4 ms
08-11 13:01:35.841 27146 28038 D cellinfo: 46 bytes from 44.241.174.93: icmp_seq=100 ttl=34 time=89.7 ms
08-11 13:01:35.871 27146 27146 D cellinfo: Latitude is 39.7267651
08-11 13:01:35.871 27146 27146 D cellinfo: Longitude is -105.0241068
08-11 13:01:35.871 27146 27146 D cellinfo: Instantaneous GPS information: United States, 600 Federal Blvd, Denver, CO 80204, USA
08-11 13:01:35.871 27146 27146 D cellinfo: getCurrentLocation() result: Location (success): 39.7267651, -105.0241068
08-11 13:01:35.920 27146 27146 D cellinfo: onCellInfoChanged: Operator: AT&T...1 UpdateTimestamp: 249168657 CellConnectionStatus: 0
08-11 13:01:35.921 27146 27146 D cellinfo: onCellInfoChanged: LTE Cell Bands: [2] Bandwidth: 2147483647 Cell ID: 97347594 Physical Cell ID: 309 Tracking Area Code: 38405 EARFCN: 700
08-11 13:01:36.043 27146 28038 D cellinfo: 46 bytes from 44.241.174.93: icmp_seq=101 ttl=34 time=91.6 ms
08-11 13:01:36.241 27146 28038 D cellinfo: 46 bytes from 44.241.174.93: icmp_seq=102 ttl=34 time=89.9 ms
08-11 13:01:36.441 27146 28038 D cellinfo: 46 bytes from 44.241.174.93: icmp_seq=103 ttl=34 time=89.0 ms
08-11 13:01:36.641 27146 28038 D cellinfo: 46 bytes from 44.241.174.93: icmp_seq=104 ttl=34 time=88.2 ms
08-11 13:01:36.843 27146 28038 D cellinfo: 46 bytes from 44.241.174.93: icmp_seq=105 ttl=34 time=88.9 ms
08-11 13:01:37.044 27146 28038 D cellinfo: 46 bytes from 44.241.174.93: icmp_seq=106 ttl=34 time=89.2 ms
08-11 13:01:37.240 27146 28038 D cellinfo: 46 bytes from 44.241.174.93: icmp_seq=107 ttl=34 time=87.1 ms
08-11 13:01:37.442 27146 28038 D cellinfo: 46 bytes from 44.241.174.93: icmp_seq=108 ttl=34 time=85.9 ms
08-11 13:01:37.642 27146 28038 D cellinfo: 46 bytes from 44.241.174.93: icmp_seq=109 ttl=34 time=84.4 ms
08-11 13:01:37.843 27146 28038 D cellinfo: 46 bytes from 44.241.174.93: icmp_seq=110 ttl=34 time=83.6 ms
08-11 13:01:38.042 27146 28038 D cellinfo: 46 bytes from 44.241.174.93: icmp_seq=111 ttl=34 time=82.4 ms
08-11 13:01:38.242 27146 28038 D cellinfo: 46 bytes from 44.241.174.93: icmp_seq=112 ttl=34 time=81.9 ms
08-11 13:01:38.441 27146 28038 D cellinfo: 46 bytes from 44.241.174.93: icmp_seq=113 ttl=34 time=81.4 ms
08-11 13:01:38.642 27146 28038 D cellinfo: 46 bytes from 44.241.174.93: icmp_seq=114 ttl=34 time=80.0 ms
08-11 13:01:38.841 27146 28038 D cellinfo: 46 bytes from 44.241.174.93: icmp_seq=115 ttl=34 time=79.4 ms
08-11 13:01:38.923 27146 27146 D cellinfo: onCellInfoChanged: Operator: AT&T...1 UpdateTimestamp: 249171658 CellConnectionStatus: 0
08-11 13:01:38.923 27146 27146 D cellinfo: onCellInfoChanged: LTE Cell Bands: [2] Bandwidth: 2147483647 Cell ID: 97347594 Physical Cell ID: 309 Tracking Area Code: 38405 EARFCN: 700
08-11 13:01:39.041 27146 28038 D cellinfo: 46 bytes from 44.241.174.93: icmp_seq=116 ttl=34 time=78.9 ms
08-11 13:01:39.241 27146 28038 D cellinfo: 46 bytes from 44.241.174.93: icmp_seq=117 ttl=34 time=79.3 ms
08-11 13:01:39.329 27146 27146 D cellinfo: onsignalStrengthsChanged: LTE Signal Strength info: rsrp: -79 rsrq: -10 rssi: -51 rssnr: 12
08-11 13:01:39.441 27146 28038 D cellinfo: 46 bytes from 44.241.174.93: icmp_seq=118 ttl=34 time=79.1 ms
08-11 13:01:39.642 27146 28038 D cellinfo: 46 bytes from 44.241.174.93: icmp_seq=119 ttl=34 time=78.6 ms
08-11 13:01:39.840 27146 28038 D cellinfo: 46 bytes from 44.241.174.93: icmp_seq=120 ttl=34 time=74.3 ms
08-11 13:01:40.082 27146 28038 D cellinfo: 46 bytes from 44.241.174.93: icmp_seq=121 ttl=34 time=115 ms
08-11 13:01:40.241 27146 28038 D cellinfo: 46 bytes from 44.241.174.93: icmp_seq=122 ttl=34 time=75.1 ms
08-11 13:01:40.442 27146 28038 D cellinfo: 46 bytes from 44.241.174.93: icmp_seq=123 ttl=34 time=73.9 ms
08-11 13:01:40.645 27146 28038 D cellinfo: 46 bytes from 44.241.174.93: icmp_seq=124 ttl=34 time=74.7 ms
08-11 13:01:40.883 27146 28038 D cellinfo: 46 bytes from 44.241.174.93: icmp_seq=125 ttl=34 time=110 ms
08-11 13:01:41.045 27146 28038 D cellinfo: 46 bytes from 44.241.174.93: icmp_seq=126 ttl=34 time=70.4 ms
08-11 13:01:41.242 27146 28038 D cellinfo: 46 bytes from 44.241.174.93: icmp_seq=127 ttl=34 time=67.8 ms
08-11 13:01:41.480 27146 28038 D cellinfo: 46 bytes from 44.241.174.93: icmp_seq=128 ttl=34 time=105 ms
08-11 13:01:41.684 27146 28038 D cellinfo: 46 bytes from 44.241.174.93: icmp_seq=129 ttl=34 time=105 ms
08-11 13:01:41.851 27146 28038 D cellinfo: 46 bytes from 44.241.174.93: icmp_seq=130 ttl=34 time=70.9 ms
08-11 13:01:42.050 27146 28038 D cellinfo: 46 bytes from 44.241.174.93: icmp_seq=131 ttl=34 time=68.6 ms
08-11 13:01:42.282 27146 28038 D cellinfo: 46 bytes from 44.241.174.93: icmp_seq=132 ttl=34 time=99.8 ms
08-11 13:01:42.482 27146 28038 D cellinfo: 46 bytes from 44.241.174.93: icmp_seq=133 ttl=34 time=97.8 ms
08-11 13:01:42.682 27146 28038 D cellinfo: 46 bytes from 44.241.174.93: icmp_seq=134 ttl=34 time=96.1 ms
08-11 13:01:42.883 27146 28038 D cellinfo: 46 bytes from 44.241.174.93: icmp_seq=135 ttl=34 time=95.3 ms
08-11 13:01:43.083 27146 28038 D cellinfo: 46 bytes from 44.241.174.93: icmp_seq=136 ttl=34 time=94.3 ms
08-11 13:01:43.281 27146 28038 D cellinfo: 46 bytes from 44.241.174.93: icmp_seq=137 ttl=34 time=92.8 ms
08-11 13:01:43.295 27146 27146 D cellinfo: Latitude is 39.7268333
08-11 13:01:43.295 27146 27146 D cellinfo: Longitude is -105.0240447
08-11 13:01:43.295 27146 27146 D cellinfo: Instantaneous GPS information: United States, 600 Federal Blvd, Denver, CO 80204, USA
08-11 13:01:43.295 27146 27146 D cellinfo: getCurrentLocation() result: Location (success): 39.7268333, -105.0240447
08-11 13:01:43.297 27146 27146 D cellinfo: onsignalStrengthsChanged: LTE Signal Strength info: rsrp: -76 rsrq: -9 rssi: -51 rssnr: 15
08-11 13:01:43.298 27146 27146 D cellinfo: onCellInfoChanged: Operator: AT&T...1 UpdateTimestamp: 249174655 CellConnectionStatus: 0
08-11 13:01:43.298 27146 27146 D cellinfo: onCellInfoChanged: LTE Cell Bands: [2] Bandwidth: 2147483647 Cell ID: 97347594 Physical Cell ID: 309 Tracking Area Code: 38405 EARFCN: 700
08-11 13:01:43.316 27146 27146 D cellinfo: Latitude is 39.7268333
08-11 13:01:43.316 27146 27146 D cellinfo: Longitude is -105.0240447
08-11 13:01:43.316 27146 27146 D cellinfo: Instantaneous GPS information: United States, 600 Federal Blvd, Denver, CO 80204, USA
08-11 13:01:43.316 27146 27146 D cellinfo: getCurrentLocation() result: Location (success): 39.7268333, -105.0240447
08-11 13:01:43.481 27146 28038 D cellinfo: 46 bytes from 44.241.174.93: icmp_seq=138 ttl=34 time=91.9 ms
08-11 13:01:43.681 27146 28038 D cellinfo: 46 bytes from 44.241.174.93: icmp_seq=139 ttl=34 time=91.6 ms
08-11 13:01:43.810 27146 27146 D cellinfo: onsignalStrengthsChanged: LTE Signal Strength info: rsrp: -73 rsrq: -9 rssi: -51 rssnr: 17
08-11 13:01:43.862 27146 28038 D cellinfo: 46 bytes from 44.241.174.93: icmp_seq=140 ttl=34 time=70.0 ms
08-11 13:01:44.084 27146 28038 D cellinfo: 46 bytes from 44.241.174.93: icmp_seq=141 ttl=34 time=91.9 ms
08-11 13:01:44.281 27146 28038 D cellinfo: 46 bytes from 44.241.174.93: icmp_seq=142 ttl=34 time=91.1 ms
08-11 13:01:44.482 27146 28038 D cellinfo: 46 bytes from 44.241.174.93: icmp_seq=143 ttl=34 time=90.4 ms
08-11 13:01:44.682 27146 28038 D cellinfo: 46 bytes from 44.241.174.93: icmp_seq=144 ttl=34 time=89.1 ms
08-11 13:01:44.881 27146 28038 D cellinfo: 46 bytes from 44.241.174.93: icmp_seq=145 ttl=34 time=88.2 ms
08-11 13:01:45.083 27146 28038 D cellinfo: 46 bytes from 44.241.174.93: icmp_seq=146 ttl=34 time=87.3 ms
08-11 13:01:45.285 27146 28038 D cellinfo: 46 bytes from 44.241.174.93: icmp_seq=147 ttl=34 time=88.5 ms
08-11 13:01:45.482 27146 28038 D cellinfo: 46 bytes from 44.241.174.93: icmp_seq=148 ttl=34 time=84.6 ms
08-11 13:01:45.685 27146 28038 D cellinfo: 46 bytes from 44.241.174.93: icmp_seq=149 ttl=34 time=84.3 ms
08-11 13:01:45.882 27146 28038 D cellinfo: 46 bytes from 44.241.174.93: icmp_seq=150 ttl=34 time=81.1 ms
08-11 13:01:46.083 27146 28038 D cellinfo: 46 bytes from 44.241.174.93: icmp_seq=151 ttl=34 time=77.9 ms
08-11 13:01:46.283 27146 28038 D cellinfo: 46 bytes from 44.241.174.93: icmp_seq=152 ttl=34 time=77.2 ms
08-11 13:01:46.482 27146 28038 D cellinfo: 46 bytes from 44.241.174.93: icmp_seq=153 ttl=34 time=74.7 ms
08-11 13:01:46.684 27146 28038 D cellinfo: 46 bytes from 44.241.174.93: icmp_seq=154 ttl=34 time=74.2 ms
08-11 13:01:46.883 27146 28038 D cellinfo: 46 bytes from 44.241.174.93: icmp_seq=155 ttl=34 time=71.5 ms
08-11 13:01:47.123 27146 28038 D cellinfo: 46 bytes from 44.241.174.93: icmp_seq=156 ttl=34 time=109 ms
08-11 13:01:47.323 27146 28038 D cellinfo: 46 bytes from 44.241.174.93: icmp_seq=157 ttl=34 time=108 ms
08-11 13:01:47.522 27146 28038 D cellinfo: 46 bytes from 44.241.174.93: icmp_seq=158 ttl=34 time=105 ms
08-11 13:01:47.725 27146 28038 D cellinfo: 46 bytes from 44.241.174.93: icmp_seq=159 ttl=34 time=105 ms
08-11 13:01:47.920 27146 28038 D cellinfo: 46 bytes from 44.241.174.93: icmp_seq=160 ttl=34 time=100 ms
08-11 13:01:48.122 27146 28038 D cellinfo: 46 bytes from 44.241.174.93: icmp_seq=161 ttl=34 time=99.5 ms
08-11 13:01:48.324 27146 28038 D cellinfo: 46 bytes from 44.241.174.93: icmp_seq=162 ttl=34 time=99.5 ms
08-11 13:01:48.523 27146 28038 D cellinfo: 46 bytes from 44.241.174.93: icmp_seq=163 ttl=34 time=98.4 ms
08-11 13:01:48.723 27146 28038 D cellinfo: 46 bytes from 44.241.174.93: icmp_seq=164 ttl=34 time=96.6 ms
08-11 13:01:48.923 27146 28038 D cellinfo: 46 bytes from 44.241.174.93: icmp_seq=165 ttl=34 time=94.2 ms
08-11 13:01:49.100 27146 28038 D cellinfo: 46 bytes from 44.241.174.93: icmp_seq=166 ttl=34 time=70.5 ms
08-11 13:01:49.323 27146 28038 D cellinfo: 46 bytes from 44.241.174.93: icmp_seq=167 ttl=34 time=91.0 ms
08-11 13:01:49.522 27146 28038 D cellinfo: 46 bytes from 44.241.174.93: icmp_seq=168 ttl=34 time=88.3 ms
08-11 13:01:49.723 27146 28038 D cellinfo: 46 bytes from 44.241.174.93: icmp_seq=169 ttl=34 time=87.1 ms
08-11 13:01:49.883 27146 27146 D cellinfo: getCurrentLocation() result: Location (success): 39.7267937, -105.0240503
08-11 13:01:49.888 27146 27146 D cellinfo: onCellInfoChanged: Operator: AT&T...1 UpdateTimestamp: 249177659 CellConnectionStatus: 0
08-11 13:01:49.888 27146 27146 D cellinfo: onCellInfoChanged: LTE Cell Bands: [2] Bandwidth: 2147483647 Cell ID: 97347594 Physical Cell ID: 309 Tracking Area Code: 38405 EARFCN: 700
08-11 13:01:49.889 27146 27146 D cellinfo: onsignalStrengthsChanged: LTE Signal Strength info: rsrp: -72 rsrq: -9 rssi: -51 rssnr: 19
08-11 13:01:49.890 27146 27146 D cellinfo: onCellInfoChanged: Operator: AT&T...1 UpdateTimestamp: 249180667 CellConnectionStatus: 0
08-11 13:01:49.890 27146 27146 D cellinfo: onCellInfoChanged: LTE Cell Bands: [2] Bandwidth: 2147483647 Cell ID: 97347594 Physical Cell ID: 309 Tracking Area Code: 38405 EARFCN: 700
08-11 13:01:49.890 27146 27146 D cellinfo: onsignalStrengthsChanged: LTE Signal Strength info: rsrp: -71 rsrq: -9 rssi: -51 rssnr: 21
08-11 13:01:49.901 27146 28038 D cellinfo: 46 bytes from 44.241.174.93: icmp_seq=170 ttl=34 time=66.3 ms
08-11 13:01:50.122 27146 28038 D cellinfo: 46 bytes from 44.241.174.93: icmp_seq=171 ttl=34 time=83.7 ms
08-11 13:01:50.323 27146 28038 D cellinfo: 46 bytes from 44.241.174.93: icmp_seq=172 ttl=34 time=83.2 ms
08-11 13:01:50.522 27146 28038 D cellinfo: 46 bytes from 44.241.174.93: icmp_seq=173 ttl=34 time=79.9 ms
08-11 13:01:50.724 27146 28038 D cellinfo: 46 bytes from 44.241.174.93: icmp_seq=174 ttl=34 time=78.9 ms
08-11 13:01:50.920 27146 28038 D cellinfo: 46 bytes from 44.241.174.93: icmp_seq=175 ttl=34 time=74.6 ms
08-11 13:01:51.122 27146 28038 D cellinfo: 46 bytes from 44.241.174.93: icmp_seq=176 ttl=34 time=73.4 ms
08-11 13:01:51.322 27146 28038 D cellinfo: 46 bytes from 44.241.174.93: icmp_seq=177 ttl=34 time=71.1 ms
08-11 13:01:51.525 27146 28038 D cellinfo: 46 bytes from 44.241.174.93: icmp_seq=178 ttl=34 time=71.5 ms
08-11 13:01:51.722 27146 28038 D cellinfo: 46 bytes from 44.241.174.93: icmp_seq=179 ttl=34 time=67.5 ms
08-11 13:01:51.963 27146 28038 D cellinfo: 46 bytes from 44.241.174.93: icmp_seq=180 ttl=34 time=107 ms
08-11 13:01:51.973 27146 27146 D cellinfo: Latitude is 39.7267937
08-11 13:01:51.973 27146 27146 D cellinfo: Longitude is -105.0240503
08-11 13:01:51.973 27146 27146 D cellinfo: Instantaneous GPS information: United States, 600 Federal Blvd, Denver, CO 80204, USA
08-11 13:01:51.973 27146 27146 D cellinfo: getCurrentLocation() result: Location (success): 39.7267937, -105.0240503
08-11 13:01:51.977 27146 27146 D cellinfo: onCellInfoChanged: Operator: AT&T...1 UpdateTimestamp: 249183648 CellConnectionStatus: 0
08-11 13:01:51.978 27146 27146 D cellinfo: onCellInfoChanged: LTE Cell Bands: [2] Bandwidth: 2147483647 Cell ID: 97347594 Physical Cell ID: 309 Tracking Area Code: 38405 EARFCN: 700
08-11 13:01:51.978 27146 27146 D cellinfo: onsignalStrengthsChanged: LTE Signal Strength info: rsrp: -70 rsrq: -10 rssi: -51 rssnr: 24
08-11 13:01:51.997 27146 27146 D cellinfo: Latitude is 39.726806
08-11 13:01:51.997 27146 27146 D cellinfo: Longitude is -105.024044
08-11 13:01:51.997 27146 27146 D cellinfo: Instantaneous GPS information: United States, 600 Federal Blvd, Denver, CO 80204, USA
08-11 13:01:51.997 27146 27146 D cellinfo: getCurrentLocation() result: Location (success): 39.726806, -105.024044
08-11 13:01:52.139 27146 28038 D cellinfo: 46 bytes from 44.241.174.93: icmp_seq=181 ttl=34 time=82.0 ms
08-11 13:01:52.322 27146 28038 D cellinfo: 46 bytes from 44.241.174.93: icmp_seq=182 ttl=34 time=62.7 ms
08-11 13:01:52.561 27146 28038 D cellinfo: 46 bytes from 44.241.174.93: icmp_seq=183 ttl=34 time=101 ms
08-11 13:01:52.760 27146 28038 D cellinfo: 46 bytes from 44.241.174.93: icmp_seq=184 ttl=34 time=100 ms
08-11 13:01:52.938 27146 28038 D cellinfo: 46 bytes from 44.241.174.93: icmp_seq=185 ttl=34 time=77.5 ms
08-11 13:01:53.161 27146 28038 D cellinfo: 46 bytes from 44.241.174.93: icmp_seq=186 ttl=34 time=100 ms
08-11 13:01:53.361 27146 28038 D cellinfo: 46 bytes from 44.241.174.93: icmp_seq=187 ttl=34 time=99.6 ms
08-11 13:01:53.561 27146 28038 D cellinfo: 46 bytes from 44.241.174.93: icmp_seq=188 ttl=34 time=99.5 ms
08-11 13:01:53.732 27146 28038 D cellinfo: 46 bytes from 44.241.174.93: icmp_seq=189 ttl=34 time=68.6 ms
08-11 13:01:53.880 27146 27146 D cellinfo: Latitude is 39.726806
08-11 13:01:53.880 27146 27146 D cellinfo: Longitude is -105.024044
08-11 13:01:53.880 27146 27146 D cellinfo: Instantaneous GPS information: United States, 600 Federal Blvd, Denver, CO 80204, USA
08-11 13:01:53.880 27146 27146 D cellinfo: getCurrentLocation() result: Location (success): 39.726806, -105.024044
08-11 13:01:53.921 27146 27146 D cellinfo: onCellInfoChanged: Operator: AT&T...1 UpdateTimestamp: 249186659 CellConnectionStatus: 0
08-11 13:01:53.921 27146 27146 D cellinfo: onCellInfoChanged: LTE Cell Bands: [2] Bandwidth: 2147483647 Cell ID: 97347594 Physical Cell ID: 309 Tracking Area Code: 38405 EARFCN: 700
08-11 13:01:53.961 27146 28038 D cellinfo: 46 bytes from 44.241.174.93: icmp_seq=190 ttl=34 time=98.1 ms
08-11 13:01:54.160 27146 28038 D cellinfo: 46 bytes from 44.241.174.93: icmp_seq=191 ttl=34 time=97.0 ms
08-11 13:01:54.361 27146 28038 D cellinfo: 46 bytes from 44.241.174.93: icmp_seq=192 ttl=34 time=96.0 ms
08-11 13:01:54.561 27146 28038 D cellinfo: 46 bytes from 44.241.174.93: icmp_seq=193 ttl=34 time=95.6 ms
08-11 13:01:54.761 27146 28038 D cellinfo: 46 bytes from 44.241.174.93: icmp_seq=194 ttl=34 time=94.8 ms
08-11 13:01:54.961 27146 28038 D cellinfo: 46 bytes from 44.241.174.93: icmp_seq=195 ttl=34 time=93.4 ms
08-11 13:01:55.011 27146 27146 D cellinfo: onsignalStrengthsChanged: LTE Signal Strength info: rsrp: -69 rsrq: -10 rssi: -51 rssnr: 23
08-11 13:01:55.162 27146 28038 D cellinfo: 46 bytes from 44.241.174.93: icmp_seq=196 ttl=34 time=91.6 ms
08-11 13:01:55.339 27146 28038 D cellinfo: 46 bytes from 44.241.174.93: icmp_seq=197 ttl=34 time=68.9 ms
08-11 13:01:55.561 27146 28038 D cellinfo: 46 bytes from 44.241.174.93: icmp_seq=198 ttl=34 time=89.9 ms
08-11 13:01:55.761 27146 28038 D cellinfo: 46 bytes from 44.241.174.93: icmp_seq=199 ttl=34 time=88.3 ms
08-11 13:01:55.960 27146 28038 D cellinfo: 46 bytes from 44.241.174.93: icmp_seq=200 ttl=34 time=86.7 ms
08-11 13:01:56.162 27146 28038 D cellinfo: 46 bytes from 44.241.174.93: icmp_seq=201 ttl=34 time=86.1 ms
08-11 13:01:56.361 27146 28038 D cellinfo: 46 bytes from 44.241.174.93: icmp_seq=202 ttl=34 time=85.8 ms
08-11 13:01:56.561 27146 28038 D cellinfo: 46 bytes from 44.241.174.93: icmp_seq=203 ttl=34 time=85.5 ms
08-11 13:01:56.802 27146 28038 D cellinfo: 46 bytes from 44.241.174.93: icmp_seq=204 ttl=34 time=124 ms
08-11 13:01:56.875 27146 27146 D cellinfo: Latitude is 39.726806
08-11 13:01:56.875 27146 27146 D cellinfo: Longitude is -105.024044
08-11 13:01:56.875 27146 27146 D cellinfo: Instantaneous GPS information: United States, 600 Federal Blvd, Denver, CO 80204, USA
08-11 13:01:56.875 27146 27146 D cellinfo: getCurrentLocation() result: Location (success): 39.726806, -105.024044
08-11 13:01:56.926 27146 27146 D cellinfo: onCellInfoChanged: Operator: AT&T...1 UpdateTimestamp: 249189662 CellConnectionStatus: 0
08-11 13:01:56.926 27146 27146 D cellinfo: onCellInfoChanged: LTE Cell Bands: [2] Bandwidth: 2147483647 Cell ID: 97347594 Physical Cell ID: 309 Tracking Area Code: 38405 EARFCN: 700
08-11 13:01:56.961 27146 28038 D cellinfo: 46 bytes from 44.241.174.93: icmp_seq=205 ttl=34 time=83.3 ms
08-11 13:01:57.161 27146 28038 D cellinfo: 46 bytes from 44.241.174.93: icmp_seq=206 ttl=34 time=82.5 ms
08-11 13:01:57.362 27146 28038 D cellinfo: 46 bytes from 44.241.174.93: icmp_seq=207 ttl=34 time=80.4 ms
08-11 13:01:57.562 27146 28038 D cellinfo: 46 bytes from 44.241.174.93: icmp_seq=208 ttl=34 time=78.4 ms
08-11 13:01:57.762 27146 28038 D cellinfo: 46 bytes from 44.241.174.93: icmp_seq=209 ttl=34 time=77.1 ms
08-11 13:01:57.962 27146 28038 D cellinfo: 46 bytes from 44.241.174.93: icmp_seq=210 ttl=34 time=76.3 ms
08-11 13:01:58.200 27146 28038 D cellinfo: 46 bytes from 44.241.174.93: icmp_seq=211 ttl=34 time=115 ms
08-11 13:01:58.361 27146 28038 D cellinfo: 46 bytes from 44.241.174.93: icmp_seq=212 ttl=34 time=74.3 ms
08-11 13:01:58.561 27146 28038 D cellinfo: 46 bytes from 44.241.174.93: icmp_seq=213 ttl=34 time=73.0 ms
08-11 13:01:58.761 27146 28038 D cellinfo: 46 bytes from 44.241.174.93: icmp_seq=214 ttl=34 time=72.3 ms
08-11 13:01:58.963 27146 28038 D cellinfo: 46 bytes from 44.241.174.93: icmp_seq=215 ttl=34 time=73.9 ms
08-11 13:01:59.162 27146 28038 D cellinfo: 46 bytes from 44.241.174.93: icmp_seq=216 ttl=34 time=70.8 ms
08-11 13:01:59.363 27146 28038 D cellinfo: 46 bytes from 44.241.174.93: icmp_seq=217 ttl=34 time=72.2 ms
08-11 13:01:59.601 27146 28038 D cellinfo: 46 bytes from 44.241.174.93: icmp_seq=218 ttl=34 time=109 ms
08-11 13:01:59.800 27146 28038 D cellinfo: 46 bytes from 44.241.174.93: icmp_seq=219 ttl=34 time=107 ms
08-11 13:01:59.922 27146 27146 D cellinfo: onCellInfoChanged: Operator: AT&T...1 UpdateTimestamp: 249192659 CellConnectionStatus: 0
08-11 13:01:59.922 27146 27146 D cellinfo: onCellInfoChanged: LTE Cell Bands: [2] Bandwidth: 2147483647 Cell ID: 97347594 Physical Cell ID: 309 Tracking Area Code: 38405 EARFCN: 700
08-11 13:02:00.001 27146 28038 D cellinfo: 46 bytes from 44.241.174.93: icmp_seq=220 ttl=34 time=106 ms
08-11 13:02:00.161 27146 28038 D cellinfo: 46 bytes from 44.241.174.93: icmp_seq=221 ttl=34 time=67.6 ms
08-11 13:02:00.402 27146 28038 D cellinfo: 46 bytes from 44.241.174.93: icmp_seq=222 ttl=34 time=106 ms
08-11 13:02:00.602 27146 28038 D cellinfo: 46 bytes from 44.241.174.93: icmp_seq=223 ttl=34 time=105 ms
08-11 13:02:00.801 27146 28038 D cellinfo: 46 bytes from 44.241.174.93: icmp_seq=224 ttl=34 time=105 ms
08-11 13:02:01.001 27146 28038 D cellinfo: 46 bytes from 44.241.174.93: icmp_seq=225 ttl=34 time=104 ms
08-11 13:02:01.210 27146 28038 D cellinfo: 46 bytes from 44.241.174.93: icmp_seq=226 ttl=34 time=113 ms
08-11 13:02:01.279 27146 27146 D cellinfo: Latitude is 39.7268151
08-11 13:02:01.279 27146 27146 D cellinfo: Longitude is -105.0240549
08-11 13:02:01.280 27146 27146 D cellinfo: Instantaneous GPS information: United States, 600 Federal Blvd, Denver, CO 80204, USA
08-11 13:02:01.280 27146 27146 D cellinfo: getCurrentLocation() result: Location (success): 39.7268151, -105.0240549
08-11 13:02:01.400 27146 28038 D cellinfo: 46 bytes from 44.241.174.93: icmp_seq=227 ttl=34 time=103 ms
08-11 13:02:01.602 27146 28038 D cellinfo: 46 bytes from 44.241.174.93: icmp_seq=228 ttl=34 time=103 ms
08-11 13:02:01.802 27146 28038 D cellinfo: 46 bytes from 44.241.174.93: icmp_seq=229 ttl=34 time=102 ms
08-11 13:02:02.002 27146 28038 D cellinfo: 46 bytes from 44.241.174.93: icmp_seq=230 ttl=34 time=102 ms
08-11 13:02:02.202 27146 28038 D cellinfo: 46 bytes from 44.241.174.93: icmp_seq=231 ttl=29 time=103 ms
08-11 13:02:02.402 27146 28038 D cellinfo: 46 bytes from 44.241.174.93: icmp_seq=232 ttl=29 time=102 ms
08-11 13:02:02.602 27146 28038 D cellinfo: 46 bytes from 44.241.174.93: icmp_seq=233 ttl=29 time=102 ms
08-11 13:02:02.802 27146 28038 D cellinfo: 46 bytes from 44.241.174.93: icmp_seq=234 ttl=29 time=100 ms
08-11 13:02:02.878 27146 27146 D cellinfo: Latitude is 39.7268151
08-11 13:02:02.878 27146 27146 D cellinfo: Longitude is -105.0240549
08-11 13:02:02.878 27146 27146 D cellinfo: Instantaneous GPS information: United States, 600 Federal Blvd, Denver, CO 80204, USA
08-11 13:02:02.878 27146 27146 D cellinfo: getCurrentLocation() result: Location (success): 39.7268151, -105.0240549
08-11 13:02:02.921 27146 27146 D cellinfo: onCellInfoChanged: Operator: AT&T...1 UpdateTimestamp: 249195659 CellConnectionStatus: 0
08-11 13:02:02.921 27146 27146 D cellinfo: onCellInfoChanged: LTE Cell Bands: [2] Bandwidth: 2147483647 Cell ID: 97347594 Physical Cell ID: 309 Tracking Area Code: 38405 EARFCN: 700
08-11 13:02:03.002 27146 28038 D cellinfo: 46 bytes from 44.241.174.93: icmp_seq=235 ttl=29 time=99.0 ms
08-11 13:02:03.202 27146 28038 D cellinfo: 46 bytes from 44.241.174.93: icmp_seq=236 ttl=29 time=98.0 ms
08-11 13:02:03.401 27146 28038 D cellinfo: 46 bytes from 44.241.174.93: icmp_seq=237 ttl=29 time=96.4 ms
08-11 13:02:03.580 27146 28038 D cellinfo: 46 bytes from 44.241.174.93: icmp_seq=238 ttl=29 time=74.0 ms
08-11 13:02:03.706 27146 27146 D cellinfo: onsignalStrengthsChanged: LTE Signal Strength info: rsrp: -70 rsrq: -10 rssi: -51 rssnr: 20
08-11 13:02:03.801 27146 28038 D cellinfo: 46 bytes from 44.241.174.93: icmp_seq=239 ttl=29 time=93.8 ms
08-11 13:02:04.002 27146 28038 D cellinfo: 46 bytes from 44.241.174.93: icmp_seq=240 ttl=29 time=93.6 ms
08-11 13:02:04.201 27146 28038 D cellinfo: 46 bytes from 44.241.174.93: icmp_seq=241 ttl=29 time=93.1 ms
08-11 13:02:04.381 27146 28038 D cellinfo: 46 bytes from 44.241.174.93: icmp_seq=242 ttl=29 time=72.3 ms
08-11 13:02:04.604 27146 28038 D cellinfo: 46 bytes from 44.241.174.93: icmp_seq=243 ttl=29 time=95.3 ms
08-11 13:02:04.801 27146 28038 D cellinfo: 46 bytes from 44.241.174.93: icmp_seq=244 ttl=29 time=90.7 ms
08-11 13:02:05.001 27146 28038 D cellinfo: 46 bytes from 44.241.174.93: icmp_seq=245 ttl=29 time=90.4 ms
08-11 13:02:05.201 27146 28038 D cellinfo: 46 bytes from 44.241.174.93: icmp_seq=246 ttl=29 time=91.5 ms
08-11 13:02:05.401 27146 28038 D cellinfo: 46 bytes from 44.241.174.93: icmp_seq=247 ttl=29 time=90.2 ms
08-11 13:02:05.602 27146 28038 D cellinfo: 46 bytes from 44.241.174.93: icmp_seq=248 ttl=29 time=90.3 ms
08-11 13:02:05.801 27146 28038 D cellinfo: 46 bytes from 44.241.174.93: icmp_seq=249 ttl=29 time=88.2 ms
08-11 13:02:05.874 27146 27146 D cellinfo: Latitude is 39.7268151
08-11 13:02:05.874 27146 27146 D cellinfo: Longitude is -105.0240549
08-11 13:02:05.874 27146 27146 D cellinfo: Instantaneous GPS information: United States, 600 Federal Blvd, Denver, CO 80204, USA
08-11 13:02:05.874 27146 27146 D cellinfo: getCurrentLocation() result: Location (success): 39.7268151, -105.0240549
08-11 13:02:05.928 27146 27146 D cellinfo: onCellInfoChanged: Operator: AT&T...1 UpdateTimestamp: 249198663 CellConnectionStatus: 0
08-11 13:02:05.928 27146 27146 D cellinfo: onCellInfoChanged: LTE Cell Bands: [2] Bandwidth: 2147483647 Cell ID: 97347594 Physical Cell ID: 309 Tracking Area Code: 38405 EARFCN: 700
08-11 13:02:06.009 27146 28038 D cellinfo: 46 bytes from 44.241.174.93: icmp_seq=250 ttl=29 time=95.4 ms
08-11 13:02:06.201 27146 28038 D cellinfo: 46 bytes from 44.241.174.93: icmp_seq=251 ttl=29 time=87.9 ms
08-11 13:02:06.405 27146 28038 D cellinfo: 46 bytes from 44.241.174.93: icmp_seq=252 ttl=29 time=90.3 ms
08-11 13:02:06.601 27146 28038 D cellinfo: 46 bytes from 44.241.174.93: icmp_seq=253 ttl=29 time=84.7 ms
08-11 13:02:06.702 27146 27146 D cellinfo: onsignalStrengthsChanged: LTE Signal Strength info: rsrp: -73 rsrq: -10 rssi: -51 rssnr: 17
08-11 13:02:06.801 27146 28038 D cellinfo: 46 bytes from 44.241.174.93: icmp_seq=254 ttl=29 time=83.0 ms
08-11 13:02:07.003 27146 28038 D cellinfo: 46 bytes from 44.241.174.93: icmp_seq=255 ttl=29 time=84.0 ms
08-11 13:02:07.201 27146 28038 D cellinfo: 46 bytes from 44.241.174.93: icmp_seq=256 ttl=29 time=83.2 ms
08-11 13:02:07.401 27146 28038 D cellinfo: 46 bytes from 44.241.174.93: icmp_seq=257 ttl=29 time=82.3 ms
08-11 13:02:07.602 27146 28038 D cellinfo: 46 bytes from 44.241.174.93: icmp_seq=258 ttl=29 time=80.9 ms
08-11 13:02:07.801 27146 28038 D cellinfo: 46 bytes from 44.241.174.93: icmp_seq=259 ttl=29 time=80.5 ms
08-11 13:02:08.001 27146 28038 D cellinfo: 46 bytes from 44.241.174.93: icmp_seq=260 ttl=29 time=80.3 ms
08-11 13:02:08.201 27146 28038 D cellinfo: 46 bytes from 44.241.174.93: icmp_seq=261 ttl=29 time=80.3 ms
08-11 13:02:08.403 27146 28038 D cellinfo: 46 bytes from 44.241.174.93: icmp_seq=262 ttl=29 time=80.2 ms
08-11 13:02:08.600 27146 28038 D cellinfo: 46 bytes from 44.241.174.93: icmp_seq=263 ttl=29 time=78.6 ms
08-11 13:02:08.802 27146 28038 D cellinfo: 46 bytes from 44.241.174.93: icmp_seq=264 ttl=29 time=78.3 ms
08-11 13:02:08.878 27146 27146 D cellinfo: Latitude is 39.7268151
08-11 13:02:08.878 27146 27146 D cellinfo: Longitude is -105.0240549
08-11 13:02:08.878 27146 27146 D cellinfo: Instantaneous GPS information: United States, 600 Federal Blvd, Denver, CO 80204, USA
08-11 13:02:08.878 27146 27146 D cellinfo: getCurrentLocation() result: Location (success): 39.7268151, -105.0240549
08-11 13:02:08.934 27146 27146 D cellinfo: onCellInfoChanged: Operator: AT&T...1 UpdateTimestamp: 249201669 CellConnectionStatus: 0
08-11 13:02:08.934 27146 27146 D cellinfo: onCellInfoChanged: LTE Cell Bands: [2] Bandwidth: 2147483647 Cell ID: 97347594 Physical Cell ID: 309 Tracking Area Code: 38405 EARFCN: 700
08-11 13:02:09.001 27146 28038 D cellinfo: 46 bytes from 44.241.174.93: icmp_seq=265 ttl=29 time=78.4 ms
08-11 13:02:09.201 27146 28038 D cellinfo: 46 bytes from 44.241.174.93: icmp_seq=266 ttl=29 time=77.5 ms
08-11 13:02:09.402 27146 28038 D cellinfo: 46 bytes from 44.241.174.93: icmp_seq=267 ttl=29 time=77.7 ms
08-11 13:02:09.601 27146 28038 D cellinfo: 46 bytes from 44.241.174.93: icmp_seq=268 ttl=29 time=76.3 ms
08-11 13:02:09.706 27146 27146 D cellinfo: onsignalStrengthsChanged: LTE Signal Strength info: rsrp: -73 rsrq: -10 rssi: -51 rssnr: 14
08-11 13:02:09.800 27146 28038 D cellinfo: 46 bytes from 44.241.174.93: icmp_seq=269 ttl=29 time=75.5 ms
08-11 13:02:09.999 27146 28038 D cellinfo: 46 bytes from 44.241.174.93: icmp_seq=270 ttl=29 time=73.0 ms
08-11 13:02:10.200 27146 28038 D cellinfo: 46 bytes from 44.241.174.93: icmp_seq=271 ttl=29 time=73.1 ms
08-11 13:02:10.401 27146 28038 D cellinfo: 46 bytes from 44.241.174.93: icmp_seq=272 ttl=29 time=71.8 ms
08-11 13:02:10.601 27146 28038 D cellinfo: 46 bytes from 44.241.174.93: icmp_seq=273 ttl=29 time=70.4 ms
08-11 13:02:10.801 27146 28038 D cellinfo: 46 bytes from 44.241.174.93: icmp_seq=274 ttl=29 time=69.1 ms
08-11 13:02:11.001 27146 28038 D cellinfo: 46 bytes from 44.241.174.93: icmp_seq=275 ttl=29 time=68.6 ms
08-11 13:02:11.242 27146 28038 D cellinfo: 46 bytes from 44.241.174.93: icmp_seq=276 ttl=29 time=108 ms
08-11 13:02:11.401 27146 28038 D cellinfo: 46 bytes from 44.241.174.93: icmp_seq=277 ttl=29 time=67.8 ms
