08-11 13:06:59.638 30323 30323 D cellinfo: onsignalStrengthsChanged: 5G-NR Signal Strength info: ssrsrp: -62 ssrsrq: -11 sssinr: 19
08-11 13:06:59.875 30323 30417 D cellinfo: 46 bytes from 44.241.174.93: icmp_seq=91 ttl=29 time=287 ms
08-11 13:07:00.091 30323 30417 D cellinfo: 46 bytes from 44.241.174.93: icmp_seq=92 ttl=29 time=301 ms
08-11 13:07:00.334 30323 30417 D cellinfo: 46 bytes from 44.241.174.93: icmp_seq=93 ttl=29 time=344 ms
08-11 13:07:00.524 30323 30417 D cellinfo: 46 bytes from 44.241.174.93: icmp_seq=94 ttl=29 time=335 ms
08-11 13:07:00.739 30323 30417 D cellinfo: 46 bytes from 44.241.174.93: icmp_seq=95 ttl=29 time=348 ms
08-11 13:07:00.987 30323 30417 D cellinfo: 46 bytes from 44.241.174.93: icmp_seq=96 ttl=29 time=394 ms
08-11 13:07:01.175 30323 30417 D cellinfo: 46 bytes from 44.241.174.93: icmp_seq=97 ttl=29 time=385 ms
08-11 13:07:01.396 30323 30417 D cellinfo: 46 bytes from 44.241.174.93: icmp_seq=98 ttl=29 time=396 ms
08-11 13:07:01.456 30323 30323 D cellinfo: onsignalStrengthsChanged: LTE Signal Strength info: rsrp: -75 rsrq: -10 rssi: -51 rssnr: 15
08-11 13:07:01.456 30323 30323 D cellinfo: onsignalStrengthsChanged: 5G-NR Signal Strength info: ssrsrp: -62 ssrsrq: -11 sssinr: 20
08-11 13:07:01.697 30323 30417 D cellinfo: 46 bytes from 44.241.174.93: icmp_seq=99 ttl=29 time=499 ms
08-11 13:07:01.959 30323 30323 D cellinfo: onsignalStrengthsChanged: LTE Signal Strength info: rsrp: -74 rsrq: -10 rssi: -51 rssnr: 16
08-11 13:07:01.959 30323 30323 D cellinfo: onsignalStrengthsChanged: 5G-NR Signal Strength info: ssrsrp: -61 ssrsrq: -11 sssinr: 22
08-11 13:07:01.963 30323 30417 D cellinfo: 46 bytes from 44.241.174.93: icmp_seq=100 ttl=29 time=566 ms
08-11 13:07:02.567 30323 30417 D cellinfo: 46 bytes from 44.241.174.93: icmp_seq=102 ttl=29 time=756 ms
08-11 13:07:02.656 30323 30417 D cellinfo: 46 bytes from 44.241.174.93: icmp_seq=103 ttl=29 time=650 ms
08-11 13:07:02.865 30323 30417 D cellinfo: 46 bytes from 44.241.174.93: icmp_seq=104 ttl=29 time=653 ms
08-11 13:07:02.940 30323 30417 D cellinfo: 46 bytes from 44.241.174.93: icmp_seq=105 ttl=29 time=520 ms
08-11 13:07:03.092 30323 30417 D cellinfo: 46 bytes from 44.241.174.93: icmp_seq=106 ttl=29 time=470 ms
08-11 13:07:03.330 30323 30417 D cellinfo: 46 bytes from 44.241.174.93: icmp_seq=107 ttl=29 time=508 ms
08-11 13:07:03.622 30323 30417 D cellinfo: 46 bytes from 44.241.174.93: icmp_seq=108 ttl=29 time=594 ms
08-11 13:07:03.777 30323 30417 D cellinfo: 46 bytes from 44.241.174.93: icmp_seq=109 ttl=29 time=551 ms
08-11 13:07:03.905 30323 30417 D cellinfo: 46 bytes from 44.241.174.93: icmp_seq=110 ttl=29 time=483 ms
08-11 13:07:04.090 30323 30417 D cellinfo: 46 bytes from 44.241.174.93: icmp_seq=111 ttl=29 time=457 ms
08-11 13:07:04.295 30323 30417 D cellinfo: 46 bytes from 44.241.174.93: icmp_seq=112 ttl=29 time=462 ms
08-11 13:07:04.581 30323 30417 D cellinfo: 46 bytes from 44.241.174.93: icmp_seq=113 ttl=29 time=548 ms
08-11 13:07:04.649 30323 30323 D cellinfo: onsignalStrengthsChanged: LTE Signal Strength info: rsrp: -73 rsrq: -11 rssi: -51 rssnr: 17
08-11 13:07:04.649 30323 30323 D cellinfo: onsignalStrengthsChanged: 5G-NR Signal Strength info: ssrsrp: -63 ssrsrq: -11 sssinr: 19
08-11 13:07:04.760 30323 30417 D cellinfo: 46 bytes from 44.241.174.93: icmp_seq=114 ttl=29 time=522 ms
08-11 13:07:04.957 30323 30417 D cellinfo: 46 bytes from 44.241.174.93: icmp_seq=115 ttl=29 time=520 ms
08-11 13:07:05.143 30323 30417 D cellinfo: 46 bytes from 44.241.174.93: icmp_seq=116 ttl=29 time=504 ms
08-11 13:07:05.402 30323 30417 D cellinfo: 46 bytes from 44.241.174.93: icmp_seq=117 ttl=29 time=566 ms
08-11 13:07:05.642 30323 30323 D cellinfo: onsignalStrengthsChanged: LTE Signal Strength info: rsrp: -73 rsrq: -11 rssi: -51 rssnr: 17
08-11 13:07:05.642 30323 30323 D cellinfo: onsignalStrengthsChanged: 5G-NR Signal Strength info: ssrsrp: -59 ssrsrq: -11 sssinr: 24
08-11 13:07:05.691 30323 30417 D cellinfo: 46 bytes from 44.241.174.93: icmp_seq=118 ttl=29 time=654 ms
08-11 13:07:06.204 30323 30417 D cellinfo: 46 bytes from 44.241.174.93: icmp_seq=120 ttl=29 time=763 ms
08-11 13:07:06.382 30323 30417 D cellinfo: 46 bytes from 44.241.174.93: icmp_seq=121 ttl=29 time=739 ms
08-11 13:07:06.439 30323 30323 D cellinfo: onsignalStrengthsChanged: LTE Signal Strength info: rsrp: -72 rsrq: -12 rssi: -51 rssnr: 19
08-11 13:07:06.439 30323 30323 D cellinfo: onsignalStrengthsChanged: 5G-NR Signal Strength info: ssrsrp: -59 ssrsrq: -11 sssinr: 24
08-11 13:07:06.504 30323 30417 D cellinfo: 46 bytes from 44.241.174.93: icmp_seq=122 ttl=29 time=664 ms
08-11 13:07:06.625 30323 30417 D cellinfo: 46 bytes from 44.241.174.93: icmp_seq=123 ttl=29 time=587 ms
08-11 13:07:06.732 30323 30417 D cellinfo: 46 bytes from 44.241.174.93: icmp_seq=124 ttl=29 time=489 ms
08-11 13:07:06.850 30323 30417 D cellinfo: 46 bytes from 44.241.174.93: icmp_seq=125 ttl=29 time=411 ms
08-11 13:07:07.059 30323 30417 D cellinfo: 46 bytes from 44.241.174.93: icmp_seq=126 ttl=29 time=418 ms
08-11 13:07:07.255 30323 30417 D cellinfo: 46 bytes from 44.241.174.93: icmp_seq=127 ttl=29 time=413 ms
08-11 13:07:07.553 30323 30417 D cellinfo: 46 bytes from 44.241.174.93: icmp_seq=128 ttl=29 time=510 ms
08-11 13:07:07.638 30323 30323 D cellinfo: onsignalStrengthsChanged: LTE Signal Strength info: rsrp: -72 rsrq: -12 rssi: -51 rssnr: 19
08-11 13:07:07.638 30323 30323 D cellinfo: onsignalStrengthsChanged: 5G-NR Signal Strength info: ssrsrp: -67 ssrsrq: -11 sssinr: 21
08-11 13:07:07.965 30323 30417 D cellinfo: 46 bytes from 44.241.174.93: icmp_seq=129 ttl=29 time=715 ms
08-11 13:07:08.309 30323 30417 D cellinfo: 46 bytes from 44.241.174.93: icmp_seq=130 ttl=29 time=864 ms
08-11 13:07:08.619 30323 30417 D cellinfo: 46 bytes from 44.241.174.93: icmp_seq=131 ttl=29 time=974 ms
08-11 13:07:08.636 30323 30323 D cellinfo: onsignalStrengthsChanged: LTE Signal Strength info: rsrp: -72 rsrq: -12 rssi: -51 rssnr: 19
08-11 13:07:08.636 30323 30323 D cellinfo: onsignalStrengthsChanged: 5G-NR Signal Strength info: ssrsrp: -69 ssrsrq: -11 sssinr: 16
08-11 13:07:08.953 30323 30417 D cellinfo: 46 bytes from 44.241.174.93: icmp_seq=132 ttl=29 time=1101 ms
08-11 13:07:09.104 30323 30417 D cellinfo: 46 bytes from 44.241.174.93: icmp_seq=133 ttl=29 time=1051 ms
08-11 13:07:09.315 30323 30417 D cellinfo: 46 bytes from 44.241.174.93: icmp_seq=134 ttl=29 time=1055 ms
08-11 13:07:09.462 30323 30417 D cellinfo: 46 bytes from 44.241.174.93: icmp_seq=135 ttl=29 time=998 ms
08-11 13:07:09.598 30323 30417 D cellinfo: 46 bytes from 44.241.174.93: icmp_seq=136 ttl=29 time=936 ms
08-11 13:07:09.639 30323 30417 D cellinfo: 46 bytes from 44.241.174.93: icmp_seq=137 ttl=29 time=771 ms
08-11 13:07:09.698 30323 30417 D cellinfo: 46 bytes from 44.241.174.93: icmp_seq=138 ttl=29 time=629 ms
08-11 13:07:09.800 30323 30417 D cellinfo: 46 bytes from 44.241.174.93: icmp_seq=139 ttl=29 time=531 ms
08-11 13:07:09.803 30323 30417 D cellinfo: 46 bytes from 44.241.174.93: icmp_seq=140 ttl=29 time=328 ms
08-11 13:07:09.803 30323 30417 D cellinfo: 46 bytes from 44.241.174.93: icmp_seq=141 ttl=29 time=127 ms
08-11 13:07:09.937 30323 30417 D cellinfo: 46 bytes from 44.241.174.93: icmp_seq=142 ttl=29 time=61.7 ms
08-11 13:07:10.144 30323 30417 D cellinfo: 46 bytes from 44.241.174.93: icmp_seq=143 ttl=29 time=66.4 ms
08-11 13:07:10.346 30323 30417 D cellinfo: 46 bytes from 44.241.174.93: icmp_seq=144 ttl=29 time=68.8 ms
08-11 13:07:10.545 30323 30417 D cellinfo: 46 bytes from 44.241.174.93: icmp_seq=145 ttl=29 time=66.5 ms
08-11 13:07:10.639 30323 30323 D cellinfo: onsignalStrengthsChanged: LTE Signal Strength info: rsrp: -73 rsrq: -13 rssi: -53 rssnr: 20
08-11 13:07:10.639 30323 30323 D cellinfo: onsignalStrengthsChanged: 5G-NR Signal Strength info: ssrsrp: -75 ssrsrq: -11 sssinr: 13
08-11 13:07:10.746 30323 30417 D cellinfo: 46 bytes from 44.241.174.93: icmp_seq=146 ttl=29 time=65.7 ms
08-11 13:07:10.948 30323 30417 D cellinfo: 46 bytes from 44.241.174.93: icmp_seq=147 ttl=29 time=68.5 ms
08-11 13:07:11.148 30323 30417 D cellinfo: 46 bytes from 44.241.174.93: icmp_seq=148 ttl=29 time=67.3 ms
08-11 13:07:11.345 30323 30417 D cellinfo: 46 bytes from 44.241.174.93: icmp_seq=149 ttl=29 time=63.0 ms
08-11 13:07:11.561 30323 30417 D cellinfo: 46 bytes from 44.241.174.93: icmp_seq=150 ttl=29 time=80.5 ms
08-11 13:07:11.634 30323 30323 D cellinfo: onsignalStrengthsChanged: LTE Signal Strength info: rsrp: -74 rsrq: -13 rssi: -51 rssnr: 19
08-11 13:07:11.634 30323 30323 D cellinfo: onsignalStrengthsChanged: 5G-NR Signal Strength info: ssrsrp: -73 ssrsrq: -12 sssinr: 9
08-11 13:07:11.746 30323 30417 D cellinfo: 46 bytes from 44.241.174.93: icmp_seq=151 ttl=29 time=64.3 ms
08-11 13:07:12.001 30323 30417 D cellinfo: 46 bytes from 44.241.174.93: icmp_seq=152 ttl=29 time=118 ms
08-11 13:07:12.163 30323 30417 D cellinfo: 46 bytes from 44.241.174.93: icmp_seq=153 ttl=29 time=81.1 ms
08-11 13:07:12.360 30323 30417 D cellinfo: 46 bytes from 44.241.174.93: icmp_seq=154 ttl=29 time=76.2 ms
08-11 13:07:12.606 30323 30417 D cellinfo: 46 bytes from 44.241.174.93: icmp_seq=155 ttl=29 time=122 ms
08-11 13:07:12.799 30323 30417 D cellinfo: 46 bytes from 44.241.174.93: icmp_seq=156 ttl=29 time=114 ms
08-11 13:07:12.986 30323 30417 D cellinfo: 46 bytes from 44.241.174.93: icmp_seq=157 ttl=29 time=99.8 ms
08-11 13:07:13.183 30323 30417 D cellinfo: 46 bytes from 44.241.174.93: icmp_seq=158 ttl=29 time=95.2 ms
08-11 13:07:13.396 30323 30417 D cellinfo: 46 bytes from 44.241.174.93: icmp_seq=159 ttl=29 time=106 ms
08-11 13:07:13.569 30323 30417 D cellinfo: 46 bytes from 44.241.174.93: icmp_seq=160 ttl=29 time=79.9 ms
08-11 13:07:13.637 30323 30323 D cellinfo: onsignalStrengthsChanged: LTE Signal Strength info: rsrp: -74 rsrq: -12 rssi: -51 rssnr: 19
08-11 13:07:13.637 30323 30323 D cellinfo: onsignalStrengthsChanged: 5G-NR Signal Strength info: ssrsrp: -62 ssrsrq: -11 sssinr: 10
08-11 13:07:13.791 30323 30417 D cellinfo: 46 bytes from 44.241.174.93: icmp_seq=161 ttl=29 time=101 ms
08-11 13:07:13.990 30323 30417 D cellinfo: 46 bytes from 44.241.174.93: icmp_seq=162 ttl=29 time=99.2 ms
08-11 13:07:14.215 30323 30417 D cellinfo: 46 bytes from 44.241.174.93: icmp_seq=163 ttl=29 time=123 ms
08-11 13:07:14.375 30323 30417 D cellinfo: 46 bytes from 44.241.174.93: icmp_seq=164 ttl=29 time=82.5 ms
08-11 13:07:14.617 30323 30417 D cellinfo: 46 bytes from 44.241.174.93: icmp_seq=165 ttl=29 time=123 ms
08-11 13:07:14.636 30323 30323 D cellinfo: onsignalStrengthsChanged: LTE Signal Strength info: rsrp: -74 rsrq: -12 rssi: -51 rssnr: 19
08-11 13:07:14.636 30323 30323 D cellinfo: onsignalStrengthsChanged: 5G-NR Signal Strength info: ssrsrp: -56 ssrsrq: -11 sssinr: 16
08-11 13:07:14.824 30323 30417 D cellinfo: 46 bytes from 44.241.174.93: icmp_seq=166 ttl=29 time=129 ms
08-11 13:07:14.995 30323 30417 D cellinfo: 46 bytes from 44.241.174.93: icmp_seq=167 ttl=29 time=99.4 ms
08-11 13:07:15.229 30323 30417 D cellinfo: 46 bytes from 44.241.174.93: icmp_seq=168 ttl=29 time=133 ms
08-11 13:07:15.395 30323 30417 D cellinfo: 46 bytes from 44.241.174.93: icmp_seq=169 ttl=29 time=98.4 ms
08-11 13:07:15.632 30323 30323 D cellinfo: onsignalStrengthsChanged: LTE Signal Strength info: rsrp: -73 rsrq: -12 rssi: -51 rssnr: 18
08-11 13:07:15.632 30323 30323 D cellinfo: onsignalStrengthsChanged: 5G-NR Signal Strength info: ssrsrp: -57 ssrsrq: -11 sssinr: 17
08-11 13:07:15.636 30323 30417 D cellinfo: 46 bytes from 44.241.174.93: icmp_seq=170 ttl=29 time=137 ms
08-11 13:07:15.839 30323 30417 D cellinfo: 46 bytes from 44.241.174.93: icmp_seq=171 ttl=29 time=140 ms
08-11 13:07:15.989 30323 30417 D cellinfo: 46 bytes from 44.241.174.93: icmp_seq=172 ttl=29 time=89.8 ms
08-11 13:07:16.194 30323 30417 D cellinfo: 46 bytes from 44.241.174.93: icmp_seq=173 ttl=29 time=94.5 ms
08-11 13:07:16.255 30323 30323 D cellinfo: onServiceStateChanged: Channel Number: 700 Cell Bandwidths: [20000, 0]
08-11 13:07:16.362 30323 30417 D cellinfo: 46 bytes from 44.241.174.93: icmp_seq=174 ttl=29 time=60.5 ms
08-11 13:07:16.559 30323 30417 D cellinfo: 46 bytes from 44.241.174.93: icmp_seq=175 ttl=29 time=56.3 ms
08-11 13:07:16.639 30323 30323 D cellinfo: onsignalStrengthsChanged: LTE Signal Strength info: rsrp: -72 rsrq: -12 rssi: -51 rssnr: 18
08-11 13:07:16.639 30323 30323 D cellinfo: onsignalStrengthsChanged: 5G-NR Signal Strength info: ssrsrp: -54 ssrsrq: -11 sssinr: 17
08-11 13:07:16.768 30323 30417 D cellinfo: 46 bytes from 44.241.174.93: icmp_seq=176 ttl=29 time=63.9 ms
08-11 13:07:16.969 30323 30417 D cellinfo: 46 bytes from 44.241.174.93: icmp_seq=177 ttl=29 time=63.6 ms
08-11 13:07:17.164 30323 30417 D cellinfo: 46 bytes from 44.241.174.93: icmp_seq=178 ttl=29 time=56.4 ms
08-11 13:07:17.375 30323 30417 D cellinfo: 46 bytes from 44.241.174.93: icmp_seq=179 ttl=29 time=65.2 ms
08-11 13:07:17.570 30323 30417 D cellinfo: 46 bytes from 44.241.174.93: icmp_seq=180 ttl=29 time=60.2 ms
08-11 13:07:17.637 30323 30323 D cellinfo: onsignalStrengthsChanged: LTE Signal Strength info: rsrp: -72 rsrq: -11 rssi: -51 rssnr: 17
08-11 13:07:17.637 30323 30323 D cellinfo: onsignalStrengthsChanged: 5G-NR Signal Strength info: ssrsrp: -58 ssrsrq: -11 sssinr: 16
08-11 13:07:17.778 30323 30417 D cellinfo: 46 bytes from 44.241.174.93: icmp_seq=181 ttl=29 time=67.5 ms
08-11 13:07:17.988 30323 30417 D cellinfo: 46 bytes from 44.241.174.93: icmp_seq=182 ttl=29 time=75.7 ms
08-11 13:07:18.173 30323 30417 D cellinfo: 46 bytes from 44.241.174.93: icmp_seq=183 ttl=29 time=62.1 ms
08-11 13:07:18.369 30323 30417 D cellinfo: 46 bytes from 44.241.174.93: icmp_seq=184 ttl=29 time=57.5 ms
08-11 13:07:18.580 30323 30417 D cellinfo: 46 bytes from 44.241.174.93: icmp_seq=185 ttl=29 time=65.5 ms
08-11 13:07:18.778 30323 30417 D cellinfo: 46 bytes from 44.241.174.93: icmp_seq=186 ttl=29 time=64.3 ms
08-11 13:07:18.974 30323 30417 D cellinfo: 46 bytes from 44.241.174.93: icmp_seq=187 ttl=29 time=59.1 ms
08-11 13:07:19.179 30323 30417 D cellinfo: 46 bytes from 44.241.174.93: icmp_seq=188 ttl=29 time=62.6 ms
08-11 13:07:19.257 30323 30323 D cellinfo: Latitude is 39.7396267
08-11 13:07:19.257 30323 30323 D cellinfo: Longitude is -105.0161337
08-11 13:07:19.257 30323 30323 D cellinfo: Instantaneous GPS information: United States, 2000 W Colfax Ave, Denver, CO 80204, USA
08-11 13:07:19.257 30323 30323 D cellinfo: getCurrentLocation() result: Location (success): 39.7396267, -105.0161337
08-11 13:07:19.272 30323 30323 D cellinfo: Latitude is 39.7396267
08-11 13:07:19.272 30323 30323 D cellinfo: Longitude is -105.0161337
08-11 13:07:19.272 30323 30323 D cellinfo: Instantaneous GPS information: United States, 2000 W Colfax Ave, Denver, CO 80204, USA
08-11 13:07:19.272 30323 30323 D cellinfo: getCurrentLocation() result: Location (success): 39.7396267, -105.0161337
08-11 13:07:19.274 30323 30323 D cellinfo: Latitude is 39.7396267
08-11 13:07:19.274 30323 30323 D cellinfo: Longitude is -105.0161337
08-11 13:07:19.274 30323 30323 D cellinfo: Instantaneous GPS information: United States, 2000 W Colfax Ave, Denver, CO 80204, USA
08-11 13:07:19.274 30323 30323 D cellinfo: getCurrentLocation() result: Location (success): 39.7396267, -105.0161337
08-11 13:07:19.276 30323 30323 D cellinfo: Latitude is 39.7396267
08-11 13:07:19.276 30323 30323 D cellinfo: Longitude is -105.0161337
08-11 13:07:19.276 30323 30323 D cellinfo: Instantaneous GPS information: United States, 2000 W Colfax Ave, Denver, CO 80204, USA
08-11 13:07:19.276 30323 30323 D cellinfo: getCurrentLocation() result: Location (success): 39.7396267, -105.0161337
08-11 13:07:19.277 30323 30323 D cellinfo: Latitude is 39.7396267
08-11 13:07:19.277 30323 30323 D cellinfo: Longitude is -105.0161337
08-11 13:07:19.277 30323 30323 D cellinfo: Instantaneous GPS information: United States, 2000 W Colfax Ave, Denver, CO 80204, USA
08-11 13:07:19.277 30323 30323 D cellinfo: getCurrentLocation() result: Location (success): 39.7396267, -105.0161337
08-11 13:07:19.279 30323 30323 D cellinfo: Latitude is 39.7396267
08-11 13:07:19.279 30323 30323 D cellinfo: Longitude is -105.0161337
08-11 13:07:19.279 30323 30323 D cellinfo: Instantaneous GPS information: United States, 2000 W Colfax Ave, Denver, CO 80204, USA
08-11 13:07:19.279 30323 30323 D cellinfo: getCurrentLocation() result: Location (success): 39.7396267, -105.0161337
08-11 13:07:19.280 30323 30323 D cellinfo: Latitude is 39.7396267
08-11 13:07:19.280 30323 30323 D cellinfo: Longitude is -105.0161337
08-11 13:07:19.280 30323 30323 D cellinfo: Instantaneous GPS information: United States, 2000 W Colfax Ave, Denver, CO 80204, USA
08-11 13:07:19.280 30323 30323 D cellinfo: getCurrentLocation() result: Location (success): 39.7396267, -105.0161337
08-11 13:07:19.281 30323 30323 D cellinfo: Latitude is 39.7396267
08-11 13:07:19.281 30323 30323 D cellinfo: Longitude is -105.0161337
08-11 13:07:19.281 30323 30323 D cellinfo: Instantaneous GPS information: United States, 2000 W Colfax Ave, Denver, CO 80204, USA
08-11 13:07:19.281 30323 30323 D cellinfo: getCurrentLocation() result: Location (success): 39.7396267, -105.0161337
08-11 13:07:19.283 30323 30323 D cellinfo: Latitude is 39.7396267
08-11 13:07:19.283 30323 30323 D cellinfo: Longitude is -105.0161337
08-11 13:07:19.283 30323 30323 D cellinfo: Instantaneous GPS information: United States, 2000 W Colfax Ave, Denver, CO 80204, USA
08-11 13:07:19.283 30323 30323 D cellinfo: getCurrentLocation() result: Location (success): 39.7396267, -105.0161337
08-11 13:07:19.374 30323 30417 D cellinfo: 46 bytes from 44.241.174.93: icmp_seq=189 ttl=29 time=58.6 ms
08-11 13:07:19.589 30323 30417 D cellinfo: 46 bytes from 44.241.174.93: icmp_seq=190 ttl=29 time=73.4 ms
08-11 13:07:19.638 30323 30323 D cellinfo: onsignalStrengthsChanged: LTE Signal Strength info: rsrp: -72 rsrq: -11 rssi: -51 rssnr: 15
08-11 13:07:19.638 30323 30323 D cellinfo: onsignalStrengthsChanged: 5G-NR Signal Strength info: ssrsrp: -66 ssrsrq: -11 sssinr: 11
08-11 13:07:19.786 30323 30417 D cellinfo: 46 bytes from 44.241.174.93: icmp_seq=191 ttl=29 time=68.7 ms
08-11 13:07:19.882 30323 30323 D cellinfo: onsignalStrengthsChanged: LTE Signal Strength info: rsrp: -72 rsrq: -10 rssi: -51 rssnr: 14
08-11 13:07:19.882 30323 30323 D cellinfo: onsignalStrengthsChanged: 5G-NR Signal Strength info: ssrsrp: -66 ssrsrq: -11 sssinr: 11
08-11 13:07:19.989 30323 30417 D cellinfo: 46 bytes from 44.241.174.93: icmp_seq=192 ttl=29 time=70.8 ms
08-11 13:07:20.187 30323 30417 D cellinfo: 46 bytes from 44.241.174.93: icmp_seq=193 ttl=29 time=68.0 ms
08-11 13:07:20.388 30323 30417 D cellinfo: 46 bytes from 44.241.174.93: icmp_seq=194 ttl=29 time=68.4 ms
08-11 13:07:20.595 30323 30417 D cellinfo: 46 bytes from 44.241.174.93: icmp_seq=195 ttl=29 time=74.2 ms
08-11 13:07:20.788 30323 30417 D cellinfo: 46 bytes from 44.241.174.93: icmp_seq=196 ttl=29 time=66.7 ms
08-11 13:07:20.988 30323 30417 D cellinfo: 46 bytes from 44.241.174.93: icmp_seq=197 ttl=29 time=65.9 ms
08-11 13:07:21.189 30323 30417 D cellinfo: 46 bytes from 44.241.174.93: icmp_seq=198 ttl=29 time=65.3 ms
08-11 13:07:21.391 30323 30417 D cellinfo: 46 bytes from 44.241.174.93: icmp_seq=199 ttl=29 time=66.6 ms
08-11 13:07:21.588 30323 30417 D cellinfo: 46 bytes from 44.241.174.93: icmp_seq=200 ttl=29 time=64.2 ms
08-11 13:07:21.641 30323 30323 D cellinfo: onsignalStrengthsChanged: LTE Signal Strength info: rsrp: -72 rsrq: -10 rssi: -51 rssnr: 14
08-11 13:07:21.641 30323 30323 D cellinfo: onsignalStrengthsChanged: 5G-NR Signal Strength info: ssrsrp: -73 ssrsrq: -12 sssinr: 6
08-11 13:07:21.786 30323 30417 D cellinfo: 46 bytes from 44.241.174.93: icmp_seq=201 ttl=29 time=59.1 ms
08-11 13:07:21.993 30323 30417 D cellinfo: 46 bytes from 44.241.174.93: icmp_seq=202 ttl=29 time=67.5 ms
08-11 13:07:22.059 30323 30323 D cellinfo: Latitude is 39.7396267
08-11 13:07:22.059 30323 30323 D cellinfo: Longitude is -105.0161337
08-11 13:07:22.059 30323 30323 D cellinfo: Instantaneous GPS information: United States, 2000 W Colfax Ave, Denver, CO 80204, USA
08-11 13:07:22.059 30323 30323 D cellinfo: getCurrentLocation() result: Location (success): 39.7396267, -105.0161337
08-11 13:07:22.097 30323 30323 D cellinfo: onCellInfoChanged: Operator: AT&T...1 UpdateTimestamp: 249514836 CellConnectionStatus: 0
08-11 13:07:22.097 30323 30323 D cellinfo: onCellInfoChanged: LTE Cell Bands: [2] Bandwidth: 2147483647 Cell ID: 97540618 Physical Cell ID: 297 Tracking Area Code: 38405 EARFCN: 700
08-11 13:07:22.189 30323 30417 D cellinfo: 46 bytes from 44.241.174.93: icmp_seq=203 ttl=29 time=62.8 ms
08-11 13:07:22.384 30323 30417 D cellinfo: 46 bytes from 44.241.174.93: icmp_seq=204 ttl=29 time=56.7 ms
08-11 13:07:22.460 30323 30323 D cellinfo: onsignalStrengthsChanged: LTE Signal Strength info: rsrp: -73 rsrq: -10 rssi: -51 rssnr: 10
08-11 13:07:22.460 30323 30323 D cellinfo: onsignalStrengthsChanged: 5G-NR Signal Strength info: ssrsrp: -73 ssrsrq: -12 sssinr: 6
08-11 13:07:22.594 30323 30417 D cellinfo: 46 bytes from 44.241.174.93: icmp_seq=205 ttl=29 time=66.5 ms
08-11 13:07:22.642 30323 30323 D cellinfo: onsignalStrengthsChanged: LTE Signal Strength info: rsrp: -73 rsrq: -10 rssi: -51 rssnr: 10
08-11 13:07:22.642 30323 30323 D cellinfo: onsignalStrengthsChanged: 5G-NR Signal Strength info: ssrsrp: -72 ssrsrq: -15 sssinr: 2
08-11 13:07:22.791 30323 30417 D cellinfo: 46 bytes from 44.241.174.93: icmp_seq=206 ttl=29 time=62.5 ms
08-11 13:07:23.002 30323 30323 D cellinfo: onsignalStrengthsChanged: LTE Signal Strength info: rsrp: -73 rsrq: -10 rssi: -51 rssnr: 10
08-11 13:07:23.002 30323 30323 D cellinfo: onsignalStrengthsChanged: 5G-NR Signal Strength info: ssrsrp: -61 ssrsrq: -11 sssinr: -5
08-11 13:07:23.035 30323 30417 D cellinfo: 46 bytes from 44.241.174.93: icmp_seq=207 ttl=29 time=106 ms
08-11 13:07:23.192 30323 30417 D cellinfo: 46 bytes from 44.241.174.93: icmp_seq=208 ttl=29 time=61.0 ms
08-11 13:07:23.387 30323 30417 D cellinfo: 46 bytes from 44.241.174.93: icmp_seq=209 ttl=29 time=57.3 ms
08-11 13:07:23.599 30323 30417 D cellinfo: 46 bytes from 44.241.174.93: icmp_seq=210 ttl=29 time=66.6 ms
08-11 13:07:23.644 30323 30323 D cellinfo: onsignalStrengthsChanged: LTE Signal Strength info: rsrp: -73 rsrq: -10 rssi: -51 rssnr: 10
08-11 13:07:23.644 30323 30323 D cellinfo: onsignalStrengthsChanged: 5G-NR Signal Strength info: ssrsrp: -66 ssrsrq: -12 sssinr: 8
08-11 13:07:23.795 30323 30417 D cellinfo: 46 bytes from 44.241.174.93: icmp_seq=211 ttl=29 time=62.7 ms
08-11 13:07:23.995 30323 30417 D cellinfo: 46 bytes from 44.241.174.93: icmp_seq=212 ttl=29 time=61.4 ms
08-11 13:07:24.204 30323 30417 D cellinfo: 46 bytes from 44.241.174.93: icmp_seq=213 ttl=29 time=67.2 ms
08-11 13:07:24.406 30323 30417 D cellinfo: 46 bytes from 44.241.174.93: icmp_seq=214 ttl=29 time=68.8 ms
08-11 13:07:24.611 30323 30417 D cellinfo: 46 bytes from 44.241.174.93: icmp_seq=215 ttl=29 time=71.9 ms
08-11 13:07:24.642 30323 30323 D cellinfo: onsignalStrengthsChanged: LTE Signal Strength info: rsrp: -73 rsrq: -11 rssi: -51 rssnr: 9
08-11 13:07:24.643 30323 30323 D cellinfo: onsignalStrengthsChanged: 5G-NR Signal Strength info: ssrsrp: -71 ssrsrq: -13 sssinr: 3
08-11 13:07:24.799 30323 30417 D cellinfo: 46 bytes from 44.241.174.93: icmp_seq=216 ttl=29 time=58.5 ms
08-11 13:07:25.029 30323 30417 D cellinfo: 46 bytes from 44.241.174.93: icmp_seq=217 ttl=29 time=88.0 ms
08-11 13:07:25.060 30323 30323 D cellinfo: Latitude is 39.7396267
08-11 13:07:25.060 30323 30323 D cellinfo: Longitude is -105.0161337
08-11 13:07:25.060 30323 30323 D cellinfo: Instantaneous GPS information: United States, 2000 W Colfax Ave, Denver, CO 80204, USA
08-11 13:07:25.060 30323 30323 D cellinfo: getCurrentLocation() result: Location (success): 39.7396267, -105.0161337
08-11 13:07:25.102 30323 30323 D cellinfo: onCellInfoChanged: Operator: AT&T...1 UpdateTimestamp: 249517838 CellConnectionStatus: 0
08-11 13:07:25.102 30323 30323 D cellinfo: onCellInfoChanged: LTE Cell Bands: [2] Bandwidth: 2147483647 Cell ID: 97540618 Physical Cell ID: 297 Tracking Area Code: 38405 EARFCN: 700
08-11 13:07:25.207 30323 30417 D cellinfo: 46 bytes from 44.241.174.93: icmp_seq=218 ttl=29 time=68.7 ms
08-11 13:07:25.416 30323 30417 D cellinfo: 46 bytes from 44.241.174.93: icmp_seq=219 ttl=29 time=76.7 ms
08-11 13:07:25.463 30323 30323 D cellinfo: onsignalStrengthsChanged: LTE Signal Strength info: rsrp: -75 rsrq: -11 rssi: -51 rssnr: 7
08-11 13:07:25.463 30323 30323 D cellinfo: onsignalStrengthsChanged: 5G-NR Signal Strength info: ssrsrp: -71 ssrsrq: -13 sssinr: 3
08-11 13:07:25.601 30323 30417 D cellinfo: 46 bytes from 44.241.174.93: icmp_seq=220 ttl=29 time=61.3 ms
08-11 13:07:25.639 30323 30323 D cellinfo: onsignalStrengthsChanged: LTE Signal Strength info: rsrp: -75 rsrq: -11 rssi: -51 rssnr: 7
08-11 13:07:25.639 30323 30323 D cellinfo: onsignalStrengthsChanged: 5G-NR Signal Strength info: ssrsrp: -73 ssrsrq: -14 sssinr: 0
08-11 13:07:25.816 30323 30417 D cellinfo: 46 bytes from 44.241.174.93: icmp_seq=221 ttl=29 time=74.3 ms
08-11 13:07:26.007 30323 30417 D cellinfo: 46 bytes from 44.241.174.93: icmp_seq=222 ttl=29 time=65.2 ms
08-11 13:07:26.221 30323 30417 D cellinfo: 46 bytes from 44.241.174.93: icmp_seq=223 ttl=29 time=78.5 ms
08-11 13:07:26.409 30323 30417 D cellinfo: 46 bytes from 44.241.174.93: icmp_seq=224 ttl=29 time=65.5 ms
08-11 13:07:26.598 30323 30323 D cellinfo: onsignalStrengthsChanged: LTE Signal Strength info: rsrp: -76 rsrq: -12 rssi: -51 rssnr: 5
08-11 13:07:26.598 30323 30323 D cellinfo: onsignalStrengthsChanged: 5G-NR Signal Strength info: ssrsrp: -73 ssrsrq: -14 sssinr: 0
08-11 13:07:26.603 30323 30417 D cellinfo: 46 bytes from 44.241.174.93: icmp_seq=225 ttl=29 time=58.6 ms
08-11 13:07:26.638 30323 30323 D cellinfo: onsignalStrengthsChanged: LTE Signal Strength info: rsrp: -76 rsrq: -12 rssi: -51 rssnr: 5
08-11 13:07:26.638 30323 30323 D cellinfo: onsignalStrengthsChanged: 5G-NR Signal Strength info: ssrsrp: -79 ssrsrq: -16 sssinr: -1
08-11 13:07:26.803 30323 30417 D cellinfo: 46 bytes from 44.241.174.93: icmp_seq=226 ttl=29 time=57.7 ms
08-11 13:07:27.043 30323 30417 D cellinfo: 46 bytes from 44.241.174.93: icmp_seq=227 ttl=29 time=96.5 ms
08-11 13:07:27.279 30323 30417 D cellinfo: 46 bytes from 44.241.174.93: icmp_seq=228 ttl=29 time=131 ms
08-11 13:07:27.404 30323 30417 D cellinfo: 46 bytes from 44.241.174.93: icmp_seq=229 ttl=29 time=57.5 ms
08-11 13:07:27.616 30323 30417 D cellinfo: 46 bytes from 44.241.174.93: icmp_seq=230 ttl=29 time=65.8 ms
08-11 13:07:27.641 30323 30323 D cellinfo: onsignalStrengthsChanged: LTE Signal Strength info: rsrp: -76 rsrq: -12 rssi: -51 rssnr: 5
08-11 13:07:27.641 30323 30323 D cellinfo: onsignalStrengthsChanged: 5G-NR Signal Strength info: ssrsrp: -78 ssrsrq: -13 sssinr: 1
08-11 13:07:27.811 30323 30417 D cellinfo: 46 bytes from 44.241.174.93: icmp_seq=231 ttl=29 time=59.9 ms
08-11 13:07:28.017 30323 30417 D cellinfo: 46 bytes from 44.241.174.93: icmp_seq=232 ttl=29 time=67.8 ms
08-11 13:07:28.070 30323 30323 D cellinfo: Latitude is 39.7396267
08-11 13:07:28.070 30323 30323 D cellinfo: Longitude is -105.0161337
08-11 13:07:28.070 30323 30323 D cellinfo: Instantaneous GPS information: United States, 2000 W Colfax Ave, Denver, CO 80204, USA
08-11 13:07:28.070 30323 30323 D cellinfo: getCurrentLocation() result: Location (success): 39.7396267, -105.0161337
08-11 13:07:28.136 30323 30323 D cellinfo: onCellInfoChanged: Operator: AT&T...1 UpdateTimestamp: 249520866 CellConnectionStatus: 0
08-11 13:07:28.136 30323 30323 D cellinfo: onCellInfoChanged: LTE Cell Bands: [2] Bandwidth: 2147483647 Cell ID: 97540618 Physical Cell ID: 297 Tracking Area Code: 38405 EARFCN: 700
08-11 13:07:28.219 30323 30417 D cellinfo: 46 bytes from 44.241.174.93: icmp_seq=233 ttl=29 time=68.6 ms
08-11 13:07:28.426 30323 30417 D cellinfo: 46 bytes from 44.241.174.93: icmp_seq=234 ttl=29 time=74.8 ms
08-11 13:07:28.618 30323 30417 D cellinfo: 46 bytes from 44.241.174.93: icmp_seq=235 ttl=29 time=66.5 ms
08-11 13:07:28.643 30323 30323 D cellinfo: onsignalStrengthsChanged: LTE Signal Strength info: rsrp: -78 rsrq: -12 rssi: -53 rssnr: 3
08-11 13:07:28.643 30323 30323 D cellinfo: onsignalStrengthsChanged: 5G-NR Signal Strength info: ssrsrp: -77 ssrsrq: -12 sssinr: 4
08-11 13:07:28.817 30323 30417 D cellinfo: 46 bytes from 44.241.174.93: icmp_seq=236 ttl=29 time=65.6 ms
08-11 13:07:28.848 30323 30323 D cellinfo: onsignalStrengthsChanged: LTE Signal Strength info: rsrp: -80 rsrq: -13 rssi: -53 rssnr: 1
08-11 13:07:28.848 30323 30323 D cellinfo: onsignalStrengthsChanged: 5G-NR Signal Strength info: ssrsrp: -77 ssrsrq: -12 sssinr: 4
08-11 13:07:29.018 30323 30417 D cellinfo: 46 bytes from 44.241.174.93: icmp_seq=237 ttl=29 time=65.5 ms
08-11 13:07:29.226 30323 30417 D cellinfo: 46 bytes from 44.241.174.93: icmp_seq=238 ttl=29 time=72.4 ms
08-11 13:07:29.436 30323 30417 D cellinfo: 46 bytes from 44.241.174.93: icmp_seq=239 ttl=29 time=83.2 ms
08-11 13:07:29.618 30323 30417 D cellinfo: 46 bytes from 44.241.174.93: icmp_seq=240 ttl=29 time=65.1 ms
08-11 13:07:29.643 30323 30323 D cellinfo: onsignalStrengthsChanged: LTE Signal Strength info: rsrp: -80 rsrq: -13 rssi: -53 rssnr: 1
08-11 13:07:29.643 30323 30323 D cellinfo: onsignalStrengthsChanged: 5G-NR Signal Strength info: ssrsrp: -78 ssrsrq: -13 sssinr: 1
08-11 13:07:29.828 30323 30417 D cellinfo: 46 bytes from 44.241.174.93: icmp_seq=241 ttl=29 time=73.5 ms
08-11 13:07:30.016 30323 30417 D cellinfo: 46 bytes from 44.241.174.93: icmp_seq=242 ttl=29 time=62.1 ms
08-11 13:07:30.222 30323 30417 D cellinfo: 46 bytes from 44.241.174.93: icmp_seq=243 ttl=29 time=68.2 ms
08-11 13:07:30.423 30323 30417 D cellinfo: 46 bytes from 44.241.174.93: icmp_seq=244 ttl=29 time=65.9 ms
08-11 13:07:30.624 30323 30417 D cellinfo: 46 bytes from 44.241.174.93: icmp_seq=245 ttl=29 time=65.5 ms
08-11 13:07:30.646 30323 30323 D cellinfo: onsignalStrengthsChanged: LTE Signal Strength info: rsrp: -80 rsrq: -13 rssi: -53 rssnr: 1
08-11 13:07:30.646 30323 30323 D cellinfo: onsignalStrengthsChanged: 5G-NR Signal Strength info: ssrsrp: -87 ssrsrq: -17 sssinr: -2
08-11 13:07:30.817 30323 30417 D cellinfo: 46 bytes from 44.241.174.93: icmp_seq=246 ttl=29 time=57.4 ms
08-11 13:07:31.032 30323 30417 D cellinfo: 46 bytes from 44.241.174.93: icmp_seq=247 ttl=29 time=70.3 ms
08-11 13:07:31.079 30323 30323 D cellinfo: onsignalStrengthsChanged: LTE Signal Strength info: rsrp: -82 rsrq: -13 rssi: -55 rssnr: 0
08-11 13:07:31.079 30323 30323 D cellinfo: onsignalStrengthsChanged: 5G-NR Signal Strength info: ssrsrp: -87 ssrsrq: -17 sssinr: -2
08-11 13:07:31.118 30323 30323 D cellinfo: onCellInfoChanged: Operator: AT&T...1 UpdateTimestamp: 249523854 CellConnectionStatus: 0
08-11 13:07:31.118 30323 30323 D cellinfo: onCellInfoChanged: LTE Cell Bands: [2] Bandwidth: 2147483647 Cell ID: 97540618 Physical Cell ID: 297 Tracking Area Code: 38405 EARFCN: 700
08-11 13:07:31.279 30323 30323 D cellinfo: onsignalStrengthsChanged: LTE Signal Strength info: rsrp: -82 rsrq: -13 rssi: -55 rssnr: 0
08-11 13:07:31.279 30323 30323 D cellinfo: onsignalStrengthsChanged: 5G-NR Signal Strength info: ssrsrp: -79 ssrsrq: -13 sssinr: 0
08-11 13:07:31.293 30323 30417 D cellinfo: 46 bytes from 44.241.174.93: icmp_seq=248 ttl=29 time=129 ms
08-11 13:07:31.429 30323 30417 D cellinfo: 46 bytes from 44.241.174.93: icmp_seq=249 ttl=29 time=65.9 ms
08-11 13:07:31.467 30323 30323 D cellinfo: onsignalStrengthsChanged: LTE Signal Strength info: rsrp: -84 rsrq: -14 rssi: -55 rssnr: -1
08-11 13:07:31.467 30323 30323 D cellinfo: onsignalStrengthsChanged: 5G-NR Signal Strength info: ssrsrp: -79 ssrsrq: -13 sssinr: 0
08-11 13:07:31.624 30323 30417 D cellinfo: 46 bytes from 44.241.174.93: icmp_seq=250 ttl=29 time=59.3 ms
08-11 13:07:31.646 30323 30323 D cellinfo: onsignalStrengthsChanged: LTE Signal Strength info: rsrp: -84 rsrq: -14 rssi: -55 rssnr: -1
08-11 13:07:31.646 30323 30323 D cellinfo: onsignalStrengthsChanged: 5G-NR Signal Strength info: ssrsrp: -80 ssrsrq: -12 sssinr: 4
08-11 13:07:31.834 30323 30417 D cellinfo: 46 bytes from 44.241.174.93: icmp_seq=251 ttl=29 time=69.5 ms
08-11 13:07:32.024 30323 30417 D cellinfo: 46 bytes from 44.241.174.93: icmp_seq=252 ttl=29 time=57.3 ms
08-11 13:07:32.226 30323 30417 D cellinfo: 46 bytes from 44.241.174.93: icmp_seq=253 ttl=29 time=61.2 ms
08-11 13:07:32.433 30323 30417 D cellinfo: 46 bytes from 44.241.174.93: icmp_seq=254 ttl=29 time=67.8 ms
08-11 13:07:32.511 30323 30323 D cellinfo: onCellInfoChanged: Operator: AT&T...1 UpdateTimestamp: 249525237 CellConnectionStatus: 0
08-11 13:07:32.512 30323 30323 D cellinfo: onCellInfoChanged: LTE Cell Bands: [2] Bandwidth: 2147483647 Cell ID: 97540616 Physical Cell ID: 299 Tracking Area Code: 38405 EARFCN: 700
08-11 13:07:32.627 30323 30417 D cellinfo: 46 bytes from 44.241.174.93: icmp_seq=255 ttl=29 time=61.3 ms
08-11 13:07:32.646 30323 30323 D cellinfo: onServiceStateChanged: Channel Number: 700 Cell Bandwidths: []
08-11 13:07:32.831 30323 30417 D cellinfo: 46 bytes from 44.241.174.93: icmp_seq=256 ttl=29 time=63.7 ms
08-11 13:07:33.025 30323 30417 D cellinfo: 46 bytes from 44.241.174.93: icmp_seq=257 ttl=29 time=56.8 ms
08-11 13:07:33.226 30323 30417 D cellinfo: 46 bytes from 44.241.174.93: icmp_seq=258 ttl=29 time=57.5 ms
08-11 13:07:33.425 30323 30417 D cellinfo: 46 bytes from 44.241.174.93: icmp_seq=259 ttl=29 time=57.3 ms
08-11 13:07:33.627 30323 30417 D cellinfo: 46 bytes from 44.241.174.93: icmp_seq=260 ttl=29 time=56.7 ms
08-11 13:07:33.846 30323 30417 D cellinfo: 46 bytes from 44.241.174.93: icmp_seq=261 ttl=29 time=76.2 ms
08-11 13:07:34.028 30323 30417 D cellinfo: 46 bytes from 44.241.174.93: icmp_seq=262 ttl=29 time=58.6 ms
08-11 13:07:34.239 30323 30417 D cellinfo: 46 bytes from 44.241.174.93: icmp_seq=263 ttl=29 time=66.4 ms
08-11 13:07:34.438 30323 30417 D cellinfo: 46 bytes from 44.241.174.93: icmp_seq=264 ttl=29 time=64.0 ms
08-11 13:07:34.560 30323 30323 D cellinfo: Latitude is 39.7410247
08-11 13:07:34.561 30323 30323 D cellinfo: Longitude is -105.0153818
08-11 13:07:34.561 30323 30323 D cellinfo: Instantaneous GPS information: United States, 1338 1st St, Denver, CO 80204, USA
08-11 13:07:34.561 30323 30323 D cellinfo: getCurrentLocation() result: Location (success): 39.7410247, -105.0153818
08-11 13:07:34.580 30323 30323 D cellinfo: Latitude is 39.7410247
08-11 13:07:34.580 30323 30323 D cellinfo: Longitude is -105.0153818
08-11 13:07:34.580 30323 30323 D cellinfo: Instantaneous GPS information: United States, 1338 1st St, Denver, CO 80204, USA
08-11 13:07:34.580 30323 30323 D cellinfo: getCurrentLocation() result: Location (success): 39.7410247, -105.0153818
08-11 13:07:34.640 30323 30417 D cellinfo: 46 bytes from 44.241.174.93: icmp_seq=265 ttl=29 time=63.7 ms
08-11 13:07:34.661 30323 30323 D cellinfo: onsignalStrengthsChanged: LTE Signal Strength info: rsrp: -85 rsrq: -14 rssi: -57 rssnr: 0
08-11 13:07:34.661 30323 30323 D cellinfo: onsignalStrengthsChanged: 5G-NR Signal Strength info: ssrsrp: -73 ssrsrq: -11 sssinr: 13
08-11 13:07:34.844 30323 30417 D cellinfo: 46 bytes from 44.241.174.93: icmp_seq=266 ttl=29 time=68.8 ms
08-11 13:07:35.040 30323 30417 D cellinfo: 46 bytes from 44.241.174.93: icmp_seq=267 ttl=29 time=62.6 ms
08-11 13:07:35.235 30323 30417 D cellinfo: 46 bytes from 44.241.174.93: icmp_seq=268 ttl=29 time=58.9 ms
08-11 13:07:35.436 30323 30417 D cellinfo: 46 bytes from 44.241.174.93: icmp_seq=269 ttl=29 time=57.9 ms
08-11 13:07:35.562 30323 30323 D cellinfo: onsignalStrengthsChanged: LTE Signal Strength info: rsrp: -85 rsrq: -14 rssi: -51 rssnr: 0
08-11 13:07:35.562 30323 30323 D cellinfo: onsignalStrengthsChanged: 5G-NR Signal Strength info: ssrsrp: -73 ssrsrq: -11 sssinr: 13
08-11 13:07:35.642 30323 30323 D cellinfo: onsignalStrengthsChanged: LTE Signal Strength info: rsrp: -85 rsrq: -14 rssi: -51 rssnr: 0
08-11 13:07:35.642 30323 30323 D cellinfo: onsignalStrengthsChanged: 5G-NR Signal Strength info: ssrsrp: -76 ssrsrq: -11 sssinr: 13
08-11 13:07:35.647 30323 30417 D cellinfo: 46 bytes from 44.241.174.93: icmp_seq=270 ttl=29 time=68.0 ms
08-11 13:07:35.677 30323 30323 D cellinfo: onCellInfoChanged: Operator: AT&T...1 UpdateTimestamp: 249528407 CellConnectionStatus: 0
08-11 13:07:35.677 30323 30323 D cellinfo: onCellInfoChanged: LTE Cell Bands: [2] Bandwidth: 2147483647 Cell ID: 97540616 Physical Cell ID: 299 Tracking Area Code: 38405 EARFCN: 700
08-11 13:07:35.856 30323 30417 D cellinfo: 46 bytes from 44.241.174.93: icmp_seq=271 ttl=29 time=74.9 ms
08-11 13:07:36.048 30323 30417 D cellinfo: 46 bytes from 44.241.174.93: icmp_seq=272 ttl=29 time=67.5 ms
08-11 13:07:36.247 30323 30417 D cellinfo: 46 bytes from 44.241.174.93: icmp_seq=273 ttl=29 time=66.8 ms
08-11 13:07:36.449 30323 30417 D cellinfo: 46 bytes from 44.241.174.93: icmp_seq=274 ttl=29 time=66.9 ms
08-11 13:07:36.647 30323 30417 D cellinfo: 46 bytes from 44.241.174.93: icmp_seq=275 ttl=29 time=65.6 ms
08-11 13:07:36.847 30323 30417 D cellinfo: 46 bytes from 44.241.174.93: icmp_seq=276 ttl=29 time=63.8 ms
08-11 13:07:37.050 30323 30417 D cellinfo: 46 bytes from 44.241.174.93: icmp_seq=277 ttl=29 time=65.1 ms
08-11 13:07:37.061 30323 30323 D cellinfo: Latitude is 39.7410247
08-11 13:07:37.061 30323 30323 D cellinfo: Longitude is -105.0153818
08-11 13:07:37.061 30323 30323 D cellinfo: Instantaneous GPS information: United States, 1338 1st St, Denver, CO 80204, USA
08-11 13:07:37.061 30323 30323 D cellinfo: getCurrentLocation() result: Location (success): 39.7410247, -105.0153818
08-11 13:07:37.243 30323 30417 D cellinfo: 46 bytes from 44.241.174.93: icmp_seq=278 ttl=29 time=59.3 ms
08-11 13:07:37.458 30323 30417 D cellinfo: 46 bytes from 44.241.174.93: icmp_seq=279 ttl=29 time=72.2 ms
08-11 13:07:37.658 30323 30417 D cellinfo: 46 bytes from 44.241.174.93: icmp_seq=280 ttl=29 time=70.7 ms
08-11 13:07:37.848 30323 30417 D cellinfo: 46 bytes from 44.241.174.93: icmp_seq=281 ttl=29 time=59.4 ms
08-11 13:07:38.056 30323 30417 D cellinfo: 46 bytes from 44.241.174.93: icmp_seq=282 ttl=29 time=67.2 ms
08-11 13:07:38.259 30323 30417 D cellinfo: 46 bytes from 44.241.174.93: icmp_seq=283 ttl=29 time=69.4 ms
08-11 13:07:38.459 30323 30417 D cellinfo: 46 bytes from 44.241.174.93: icmp_seq=284 ttl=29 time=66.8 ms
08-11 13:07:38.658 30323 30417 D cellinfo: 46 bytes from 44.241.174.93: icmp_seq=285 ttl=29 time=66.8 ms
08-11 13:07:38.867 30323 30417 D cellinfo: 46 bytes from 44.241.174.93: icmp_seq=286 ttl=29 time=72.8 ms
08-11 13:07:39.053 30323 30417 D cellinfo: 46 bytes from 44.241.174.93: icmp_seq=287 ttl=29 time=58.6 ms
08-11 13:07:39.256 30323 30417 D cellinfo: 46 bytes from 44.241.174.93: icmp_seq=288 ttl=29 time=61.3 ms
08-11 13:07:39.472 30323 30417 D cellinfo: 46 bytes from 44.241.174.93: icmp_seq=289 ttl=29 time=76.9 ms
08-11 13:07:39.655 30323 30417 D cellinfo: 46 bytes from 44.241.174.93: icmp_seq=290 ttl=29 time=59.7 ms
08-11 13:07:39.855 30323 30417 D cellinfo: 46 bytes from 44.241.174.93: icmp_seq=291 ttl=29 time=59.7 ms
08-11 13:07:40.046 30323 30323 D cellinfo: onsignalStrengthsChanged: LTE Signal Strength info: rsrp: -85 rsrq: -14 rssi: -51 rssnr: 4
08-11 13:07:40.046 30323 30323 D cellinfo: onsignalStrengthsChanged: 5G-NR Signal Strength info: ssrsrp: -75 ssrsrq: -11 sssinr: 15
08-11 13:07:40.054 30323 30417 D cellinfo: 46 bytes from 44.241.174.93: icmp_seq=292 ttl=29 time=56.7 ms
08-11 13:07:40.073 30323 30323 D cellinfo: Latitude is 39.7410247
08-11 13:07:40.073 30323 30323 D cellinfo: Longitude is -105.0153818
08-11 13:07:40.073 30323 30323 D cellinfo: Instantaneous GPS information: United States, 1338 1st St, Denver, CO 80204, USA
08-11 13:07:40.073 30323 30323 D cellinfo: getCurrentLocation() result: Location (success): 39.7410247, -105.0153818
08-11 13:07:40.109 30323 30323 D cellinfo: onCellInfoChanged: Operator: AT&T...1 UpdateTimestamp: 249532844 CellConnectionStatus: 0
08-11 13:07:40.109 30323 30323 D cellinfo: onCellInfoChanged: LTE Cell Bands: [2] Bandwidth: 2147483647 Cell ID: 97540616 Physical Cell ID: 299 Tracking Area Code: 38405 EARFCN: 700
08-11 13:07:40.263 30323 30417 D cellinfo: 46 bytes from 44.241.174.93: icmp_seq=293 ttl=29 time=66.5 ms
08-11 13:07:40.468 30323 30417 D cellinfo: 46 bytes from 44.241.174.93: icmp_seq=294 ttl=29 time=70.6 ms
08-11 13:07:40.470 30323 30323 D cellinfo: onsignalStrengthsChanged: LTE Signal Strength info: rsrp: -83 rsrq: -14 rssi: -51 rssnr: 6
08-11 13:07:40.471 30323 30323 D cellinfo: onsignalStrengthsChanged: 5G-NR Signal Strength info: ssrsrp: -75 ssrsrq: -11 sssinr: 15
08-11 13:07:40.642 30323 30323 D cellinfo: onsignalStrengthsChanged: LTE Signal Strength info: rsrp: -83 rsrq: -14 rssi: -51 rssnr: 6
08-11 13:07:40.642 30323 30323 D cellinfo: onsignalStrengthsChanged: 5G-NR Signal Strength info: ssrsrp: -72 ssrsrq: -11 sssinr: 19
08-11 13:07:40.667 30323 30417 D cellinfo: 46 bytes from 44.241.174.93: icmp_seq=295 ttl=29 time=68.6 ms
08-11 13:07:40.875 30323 30417 D cellinfo: 46 bytes from 44.241.174.93: icmp_seq=296 ttl=29 time=75.4 ms
08-11 13:07:41.068 30323 30417 D cellinfo: 46 bytes from 44.241.174.93: icmp_seq=297 ttl=29 time=66.0 ms
08-11 13:07:41.270 30323 30417 D cellinfo: 46 bytes from 44.241.174.93: icmp_seq=298 ttl=29 time=64.8 ms
08-11 13:07:41.470 30323 30417 D cellinfo: 46 bytes from 44.241.174.93: icmp_seq=299 ttl=29 time=67.2 ms
08-11 13:07:41.640 30323 30323 D cellinfo: onsignalStrengthsChanged: LTE Signal Strength info: rsrp: -83 rsrq: -14 rssi: -51 rssnr: 6
08-11 13:07:41.640 30323 30323 D cellinfo: onsignalStrengthsChanged: 5G-NR Signal Strength info: ssrsrp: -75 ssrsrq: -11 sssinr: 17
08-11 13:07:41.665 30323 30417 D cellinfo: 46 bytes from 44.241.174.93: icmp_seq=300 ttl=29 time=59.1 ms
08-11 13:07:41.873 30323 30417 D cellinfo: 46 bytes from 44.241.174.93: icmp_seq=301 ttl=29 time=67.4 ms
08-11 13:07:42.070 30323 30417 D cellinfo: 46 bytes from 44.241.174.93: icmp_seq=302 ttl=29 time=62.3 ms
08-11 13:07:42.266 30323 30417 D cellinfo: 46 bytes from 44.241.174.93: icmp_seq=303 ttl=29 time=57.6 ms
08-11 13:07:42.287 30323 30323 D cellinfo: onsignalStrengthsChanged: LTE Signal Strength info: rsrp: -82 rsrq: -14 rssi: -51 rssnr: 9
08-11 13:07:42.287 30323 30323 D cellinfo: onsignalStrengthsChanged: 5G-NR Signal Strength info: ssrsrp: -75 ssrsrq: -11 sssinr: 17
08-11 13:07:42.468 30323 30417 D cellinfo: 46 bytes from 44.241.174.93: icmp_seq=304 ttl=29 time=60.1 ms
08-11 13:07:42.643 30323 30323 D cellinfo: onsignalStrengthsChanged: LTE Signal Strength info: rsrp: -82 rsrq: -14 rssi: -51 rssnr: 9
08-11 13:07:42.643 30323 30323 D cellinfo: onsignalStrengthsChanged: 5G-NR Signal Strength info: ssrsrp: -70 ssrsrq: -11 sssinr: 20
08-11 13:07:42.670 30323 30417 D cellinfo: 46 bytes from 44.241.174.93: icmp_seq=305 ttl=29 time=60.3 ms
08-11 13:07:42.879 30323 30417 D cellinfo: 46 bytes from 44.241.174.93: icmp_seq=306 ttl=29 time=68.8 ms
08-11 13:07:43.067 30323 30323 D cellinfo: Latitude is 39.7410247
08-11 13:07:43.067 30323 30323 D cellinfo: Longitude is -105.0153818
08-11 13:07:43.067 30323 30323 D cellinfo: Instantaneous GPS information: United States, 1338 1st St, Denver, CO 80204, USA
08-11 13:07:43.067 30323 30323 D cellinfo: getCurrentLocation() result: Location (success): 39.7410247, -105.0153818
08-11 13:07:43.077 30323 30417 D cellinfo: 46 bytes from 44.241.174.93: icmp_seq=307 ttl=29 time=67.2 ms
08-11 13:07:43.118 30323 30323 D cellinfo: onCellInfoChanged: Operator: AT&T...1 UpdateTimestamp: 249535855 CellConnectionStatus: 0
08-11 13:07:43.118 30323 30323 D cellinfo: onCellInfoChanged: LTE Cell Bands: [2] Bandwidth: 2147483647 Cell ID: 97540616 Physical Cell ID: 299 Tracking Area Code: 38405 EARFCN: 700
08-11 13:07:43.273 30323 30417 D cellinfo: 46 bytes from 44.241.174.93: icmp_seq=308 ttl=29 time=61.9 ms
08-11 13:07:43.471 30323 30323 D cellinfo: onsignalStrengthsChanged: LTE Signal Strength info: rsrp: -80 rsrq: -13 rssi: -51 rssnr: 12
08-11 13:07:43.471 30323 30323 D cellinfo: onsignalStrengthsChanged: 5G-NR Signal Strength info: ssrsrp: -70 ssrsrq: -11 sssinr: 20
08-11 13:07:43.480 30323 30417 D cellinfo: 46 bytes from 44.241.174.93: icmp_seq=309 ttl=29 time=68.2 ms
08-11 13:07:43.645 30323 30323 D cellinfo: onsignalStrengthsChanged: LTE Signal Strength info: rsrp: -80 rsrq: -13 rssi: -51 rssnr: 12
08-11 13:07:43.645 30323 30323 D cellinfo: onsignalStrengthsChanged: 5G-NR Signal Strength info: ssrsrp: -81 ssrsrq: -11 sssinr: 15
08-11 13:07:43.677 30323 30417 D cellinfo: 46 bytes from 44.241.174.93: icmp_seq=310 ttl=29 time=64.7 ms
08-11 13:07:43.880 30323 30417 D cellinfo: 46 bytes from 44.241.174.93: icmp_seq=311 ttl=29 time=64.7 ms
08-11 13:07:44.075 30323 30417 D cellinfo: 46 bytes from 44.241.174.93: icmp_seq=312 ttl=29 time=58.0 ms
08-11 13:07:44.280 30323 30417 D cellinfo: 46 bytes from 44.241.174.93: icmp_seq=313 ttl=29 time=62.4 ms
08-11 13:07:44.484 30323 30417 D cellinfo: 46 bytes from 44.241.174.93: icmp_seq=314 ttl=29 time=66.6 ms
08-11 13:07:44.523 30323 30323 D cellinfo: onsignalStrengthsChanged: LTE Signal Strength info: rsrp: -80 rsrq: -13 rssi: -51 rssnr: 15
08-11 13:07:44.523 30323 30323 D cellinfo: onsignalStrengthsChanged: 5G-NR Signal Strength info: ssrsrp: -81 ssrsrq: -11 sssinr: 15
08-11 13:07:44.681 30323 30417 D cellinfo: 46 bytes from 44.241.174.93: icmp_seq=315 ttl=29 time=61.7 ms
08-11 13:07:44.889 30323 30417 D cellinfo: 46 bytes from 44.241.174.93: icmp_seq=316 ttl=29 time=69.5 ms
08-11 13:07:45.088 30323 30417 D cellinfo: 46 bytes from 44.241.174.93: icmp_seq=317 ttl=29 time=67.6 ms
08-11 13:07:45.288 30323 30417 D cellinfo: 46 bytes from 44.241.174.93: icmp_seq=318 ttl=29 time=67.3 ms
08-11 13:07:45.486 30323 30417 D cellinfo: 46 bytes from 44.241.174.93: icmp_seq=319 ttl=29 time=65.7 ms
08-11 13:07:45.638 30323 30323 D cellinfo: onsignalStrengthsChanged: LTE Signal Strength info: rsrp: -80 rsrq: -13 rssi: -51 rssnr: 15
08-11 13:07:45.639 30323 30323 D cellinfo: onsignalStrengthsChanged: 5G-NR Signal Strength info: ssrsrp: -88 ssrsrq: -12 sssinr: 10
08-11 13:07:45.688 30323 30417 D cellinfo: 46 bytes from 44.241.174.93: icmp_seq=320 ttl=29 time=66.3 ms
08-11 13:07:45.895 30323 30417 D cellinfo: 46 bytes from 44.241.174.93: icmp_seq=321 ttl=29 time=72.7 ms
08-11 13:07:46.083 30323 30417 D cellinfo: 46 bytes from 44.241.174.93: icmp_seq=322 ttl=29 time=61.5 ms
08-11 13:07:46.105 30323 30323 D cellinfo: onCellInfoChanged: Operator: AT&T...1 UpdateTimestamp: 249538838 CellConnectionStatus: 0
08-11 13:07:46.105 30323 30323 D cellinfo: onCellInfoChanged: LTE Cell Bands: [2] Bandwidth: 2147483647 Cell ID: 97540616 Physical Cell ID: 299 Tracking Area Code: 38405 EARFCN: 700
08-11 13:07:46.295 30323 30417 D cellinfo: 46 bytes from 44.241.174.93: icmp_seq=323 ttl=29 time=71.1 ms
08-11 13:07:46.492 30323 30417 D cellinfo: 46 bytes from 44.241.174.93: icmp_seq=324 ttl=29 time=66.9 ms
08-11 13:07:46.634 30323 30323 D cellinfo: onsignalStrengthsChanged: LTE Signal Strength info: rsrp: -80 rsrq: -13 rssi: -51 rssnr: 16
08-11 13:07:46.634 30323 30323 D cellinfo: onsignalStrengthsChanged: 5G-NR Signal Strength info: ssrsrp: -82 ssrsrq: -11 sssinr: 11
08-11 13:07:46.686 30323 30417 D cellinfo: 46 bytes from 44.241.174.93: icmp_seq=325 ttl=29 time=58.7 ms
08-11 13:07:46.761 30323 30323 D cellinfo: onsignalStrengthsChanged: LTE Signal Strength info: rsrp: -80 rsrq: -13 rssi: -51 rssnr: 18
08-11 13:07:46.761 30323 30323 D cellinfo: onsignalStrengthsChanged: 5G-NR Signal Strength info: ssrsrp: -82 ssrsrq: -11 sssinr: 11
08-11 13:07:46.887 30323 30417 D cellinfo: 46 bytes from 44.241.174.93: icmp_seq=326 ttl=29 time=59.8 ms
08-11 13:07:47.084 30323 30417 D cellinfo: 46 bytes from 44.241.174.93: icmp_seq=327 ttl=29 time=56.1 ms
08-11 13:07:47.308 30323 30417 D cellinfo: 46 bytes from 44.241.174.93: icmp_seq=328 ttl=29 time=78.4 ms
08-11 13:07:47.498 30323 30417 D cellinfo: 46 bytes from 44.241.174.93: icmp_seq=329 ttl=29 time=67.5 ms
08-11 13:07:47.642 30323 30323 D cellinfo: onsignalStrengthsChanged: LTE Signal Strength info: rsrp: -80 rsrq: -13 rssi: -51 rssnr: 18
08-11 13:07:47.642 30323 30323 D cellinfo: onsignalStrengthsChanged: 5G-NR Signal Strength info: ssrsrp: -77 ssrsrq: -11 sssinr: 12
08-11 13:07:47.699 30323 30417 D cellinfo: 46 bytes from 44.241.174.93: icmp_seq=330 ttl=29 time=68.2 ms
08-11 13:07:47.897 30323 30417 D cellinfo: 46 bytes from 44.241.174.93: icmp_seq=331 ttl=29 time=65.3 ms
08-11 13:07:48.098 30323 30417 D cellinfo: 46 bytes from 44.241.174.93: icmp_seq=332 ttl=29 time=66.0 ms
08-11 13:07:48.299 30323 30417 D cellinfo: 46 bytes from 44.241.174.93: icmp_seq=333 ttl=29 time=64.6 ms
08-11 13:07:48.492 30323 30417 D cellinfo: 46 bytes from 44.241.174.93: icmp_seq=334 ttl=29 time=58.5 ms
08-11 13:07:48.702 30323 30417 D cellinfo: 46 bytes from 44.241.174.93: icmp_seq=335 ttl=29 time=66.6 ms
08-11 13:07:48.900 30323 30417 D cellinfo: 46 bytes from 44.241.174.93: icmp_seq=336 ttl=29 time=63.5 ms
08-11 13:07:49.095 30323 30417 D cellinfo: 46 bytes from 44.241.174.93: icmp_seq=337 ttl=29 time=59.4 ms
08-11 13:07:49.296 30323 30417 D cellinfo: 46 bytes from 44.241.174.93: icmp_seq=338 ttl=29 time=57.6 ms
08-11 13:07:49.508 30323 30417 D cellinfo: 46 bytes from 44.241.174.93: icmp_seq=339 ttl=29 time=68.6 ms
08-11 13:07:49.643 30323 30323 D cellinfo: onsignalStrengthsChanged: LTE Signal Strength info: rsrp: -78 rsrq: -13 rssi: -51 rssnr: 19
08-11 13:07:49.643 30323 30323 D cellinfo: onsignalStrengthsChanged: 5G-NR Signal Strength info: ssrsrp: -74 ssrsrq: -11 sssinr: 17
08-11 13:07:49.707 30323 30417 D cellinfo: 46 bytes from 44.241.174.93: icmp_seq=340 ttl=29 time=67.5 ms
08-11 13:07:49.907 30323 30417 D cellinfo: 46 bytes from 44.241.174.93: icmp_seq=341 ttl=29 time=66.8 ms
08-11 13:07:50.114 30323 30417 D cellinfo: 46 bytes from 44.241.174.93: icmp_seq=342 ttl=29 time=73.0 ms
08-11 13:07:50.306 30323 30417 D cellinfo: 46 bytes from 44.241.174.93: icmp_seq=343 ttl=29 time=61.7 ms
08-11 13:07:50.513 30323 30417 D cellinfo: 46 bytes from 44.241.174.93: icmp_seq=344 ttl=29 time=66.2 ms
08-11 13:07:50.609 30323 30323 D cellinfo: Latitude is 39.7423053
