08-11 13:03:09.033 27146 27146 D cellinfo: onsignalStrengthsChanged: 5G-NR Signal Strength info: ssrsrp: -98 ssrsrq: -17 sssinr: -5
08-11 13:03:09.053 27146 28038 D cellinfo: 46 bytes from 44.241.174.93: icmp_seq=560 ttl=29 time=360 ms
08-11 13:03:09.053 27146 28038 D cellinfo: 46 bytes from 44.241.174.93: icmp_seq=561 ttl=29 time=152 ms
08-11 13:03:09.203 27146 28038 D cellinfo: 46 bytes from 44.241.174.93: icmp_seq=562 ttl=29 time=103 ms
08-11 13:03:09.387 27146 28038 D cellinfo: 46 bytes from 44.241.174.93: icmp_seq=563 ttl=29 time=85.9 ms
08-11 13:03:09.602 27146 28038 D cellinfo: 46 bytes from 44.241.174.93: icmp_seq=564 ttl=29 time=100 ms
08-11 13:03:09.779 27146 27146 D cellinfo: onsignalStrengthsChanged: LTE Signal Strength info: rsrp: -93 rsrq: -15 rssi: -57 rssnr: 0
08-11 13:03:09.779 27146 27146 D cellinfo: onsignalStrengthsChanged: 5G-NR Signal Strength info: ssrsrp: -101 ssrsrq: -20 sssinr: -6
08-11 13:03:09.806 27146 28038 D cellinfo: 46 bytes from 44.241.174.93: icmp_seq=565 ttl=29 time=103 ms
08-11 13:03:10.054 27146 28038 D cellinfo: 46 bytes from 44.241.174.93: icmp_seq=566 ttl=29 time=150 ms
08-11 13:03:10.205 27146 28038 D cellinfo: 46 bytes from 44.241.174.93: icmp_seq=567 ttl=29 time=103 ms
08-11 13:03:10.774 27146 27146 D cellinfo: onsignalStrengthsChanged: LTE Signal Strength info: rsrp: -93 rsrq: -15 rssi: -57 rssnr: 0
08-11 13:03:10.774 27146 27146 D cellinfo: onsignalStrengthsChanged: 5G-NR Signal Strength info: ssrsrp: -104 ssrsrq: -21 sssinr: -3
08-11 13:03:10.798 27146 28038 D cellinfo: 46 bytes from 44.241.174.93: icmp_seq=568 ttl=29 time=496 ms
08-11 13:03:10.798 27146 28038 D cellinfo: 46 bytes from 44.241.174.93: icmp_seq=569 ttl=29 time=285 ms
08-11 13:03:10.804 27146 28038 D cellinfo: 46 bytes from 44.241.174.93: icmp_seq=570 ttl=29 time=84.5 ms
08-11 13:03:11.000 27146 28038 D cellinfo: 46 bytes from 44.241.174.93: icmp_seq=571 ttl=29 time=79.5 ms
08-11 13:03:11.213 27146 28038 D cellinfo: 46 bytes from 44.241.174.93: icmp_seq=572 ttl=29 time=92.2 ms
08-11 13:03:11.401 27146 28038 D cellinfo: 46 bytes from 44.241.174.93: icmp_seq=573 ttl=29 time=79.2 ms
08-11 13:03:11.652 27146 28038 D cellinfo: 46 bytes from 44.241.174.93: icmp_seq=574 ttl=29 time=129 ms
08-11 13:03:11.783 27146 27146 D cellinfo: onsignalStrengthsChanged: LTE Signal Strength info: rsrp: -93 rsrq: -15 rssi: -53 rssnr: 0
08-11 13:03:11.783 27146 27146 D cellinfo: onsignalStrengthsChanged: 5G-NR Signal Strength info: ssrsrp: -97 ssrsrq: -17 sssinr: -3
08-11 13:03:11.812 27146 28038 D cellinfo: 46 bytes from 44.241.174.93: icmp_seq=575 ttl=29 time=88.9 ms
08-11 13:03:11.883 27146 27146 D cellinfo: Latitude is 39.7327173
08-11 13:03:11.883 27146 27146 D cellinfo: Longitude is -105.0253822
08-11 13:03:11.883 27146 27146 D cellinfo: Instantaneous GPS information: United States, 975 Federal Blvd, Denver, CO 80204, USA
08-11 13:03:11.883 27146 27146 D cellinfo: getCurrentLocation() result: Location (success): 39.7327173, -105.0253822
08-11 13:03:11.936 27146 27146 D cellinfo: onCellInfoChanged: Operator: AT&T...1 UpdateTimestamp: 249264672 CellConnectionStatus: 0
08-11 13:03:11.936 27146 27146 D cellinfo: onCellInfoChanged: LTE Cell Bands: [2] Bandwidth: 2147483647 Cell ID: 97347592 Physical Cell ID: 311 Tracking Area Code: 38405 EARFCN: 700
08-11 13:03:12.130 27146 28038 D cellinfo: 46 bytes from 44.241.174.93: icmp_seq=576 ttl=29 time=206 ms
08-11 13:03:12.216 27146 28038 D cellinfo: 46 bytes from 44.241.174.93: icmp_seq=577 ttl=29 time=85.7 ms
08-11 13:03:12.451 27146 28038 D cellinfo: 46 bytes from 44.241.174.93: icmp_seq=578 ttl=29 time=119 ms
08-11 13:03:12.778 27146 27146 D cellinfo: onsignalStrengthsChanged: LTE Signal Strength info: rsrp: -92 rsrq: -15 rssi: -57 rssnr: 0
08-11 13:03:12.778 27146 27146 D cellinfo: onsignalStrengthsChanged: 5G-NR Signal Strength info: ssrsrp: -106 ssrsrq: -21 sssinr: -6
08-11 13:03:12.788 27146 28038 D cellinfo: 46 bytes from 44.241.174.93: icmp_seq=579 ttl=29 time=255 ms
08-11 13:03:12.834 27146 28038 D cellinfo: 46 bytes from 44.241.174.93: icmp_seq=580 ttl=29 time=92.7 ms
08-11 13:03:13.021 27146 28038 D cellinfo: 46 bytes from 44.241.174.93: icmp_seq=581 ttl=29 time=77.7 ms
08-11 13:03:13.243 27146 28038 D cellinfo: 46 bytes from 44.241.174.93: icmp_seq=582 ttl=29 time=101 ms
08-11 13:03:13.572 27146 28038 D cellinfo: 46 bytes from 44.241.174.93: icmp_seq=583 ttl=29 time=227 ms
08-11 13:03:13.631 27146 28038 D cellinfo: 46 bytes from 44.241.174.93: icmp_seq=584 ttl=29 time=77.8 ms
08-11 13:03:13.781 27146 27146 D cellinfo: onsignalStrengthsChanged: LTE Signal Strength info: rsrp: -91 rsrq: -15 rssi: -57 rssnr: 1
08-11 13:03:13.782 27146 27146 D cellinfo: onsignalStrengthsChanged: 5G-NR Signal Strength info: ssrsrp: -98 ssrsrq: -16 sssinr: -2
08-11 13:03:13.884 27146 28038 D cellinfo: 46 bytes from 44.241.174.93: icmp_seq=585 ttl=29 time=129 ms
08-11 13:03:14.045 27146 28038 D cellinfo: 46 bytes from 44.241.174.93: icmp_seq=586 ttl=29 time=89.7 ms
08-11 13:03:14.363 27146 28038 D cellinfo: 46 bytes from 44.241.174.93: icmp_seq=587 ttl=29 time=207 ms
08-11 13:03:14.449 27146 28038 D cellinfo: 46 bytes from 44.241.174.93: icmp_seq=588 ttl=29 time=84.5 ms
08-11 13:03:14.727 27146 28038 D cellinfo: 46 bytes from 44.241.174.93: icmp_seq=589 ttl=29 time=162 ms
08-11 13:03:14.780 27146 27146 D cellinfo: onsignalStrengthsChanged: LTE Signal Strength info: rsrp: -91 rsrq: -15 rssi: -57 rssnr: 1
08-11 13:03:14.780 27146 27146 D cellinfo: onsignalStrengthsChanged: 5G-NR Signal Strength info: ssrsrp: -104 ssrsrq: -18 sssinr: -7
08-11 13:03:14.875 27146 27146 D cellinfo: Latitude is 39.7327173
08-11 13:03:14.875 27146 27146 D cellinfo: Longitude is -105.0253822
08-11 13:03:14.875 27146 27146 D cellinfo: Instantaneous GPS information: United States, 975 Federal Blvd, Denver, CO 80204, USA
08-11 13:03:14.875 27146 27146 D cellinfo: getCurrentLocation() result: Location (success): 39.7327173, -105.0253822
08-11 13:03:14.930 27146 27146 D cellinfo: onCellInfoChanged: Operator: AT&T...1 UpdateTimestamp: 249267664 CellConnectionStatus: 0
08-11 13:03:14.930 27146 27146 D cellinfo: onCellInfoChanged: LTE Cell Bands: [2] Bandwidth: 2147483647 Cell ID: 97347592 Physical Cell ID: 311 Tracking Area Code: 38405 EARFCN: 700
08-11 13:03:15.018 27146 28038 D cellinfo: 46 bytes from 44.241.174.93: icmp_seq=590 ttl=29 time=251 ms
08-11 13:03:15.047 27146 28038 D cellinfo: 46 bytes from 44.241.174.93: icmp_seq=591 ttl=29 time=81.3 ms
08-11 13:03:15.324 27146 28038 D cellinfo: 46 bytes from 44.241.174.93: icmp_seq=592 ttl=29 time=157 ms
08-11 13:03:15.485 27146 28038 D cellinfo: 46 bytes from 44.241.174.93: icmp_seq=593 ttl=29 time=117 ms
08-11 13:03:15.644 27146 28038 D cellinfo: 46 bytes from 44.241.174.93: icmp_seq=594 ttl=29 time=77.2 ms
08-11 13:03:15.657 27146 27146 D cellinfo: onsignalStrengthsChanged: LTE Signal Strength info: rsrp: -90 rsrq: -14 rssi: -59 rssnr: 1
08-11 13:03:15.657 27146 27146 D cellinfo: onsignalStrengthsChanged: 5G-NR Signal Strength info: ssrsrp: -104 ssrsrq: -18 sssinr: -7
08-11 13:03:15.724 27146 27146 D cellinfo: onsignalStrengthsChanged: LTE Signal Strength info: rsrp: -90 rsrq: -14 rssi: -59 rssnr: 2
08-11 13:03:15.725 27146 27146 D cellinfo: onsignalStrengthsChanged: 5G-NR Signal Strength info: ssrsrp: -104 ssrsrq: -18 sssinr: -7
08-11 13:03:15.775 27146 27146 D cellinfo: onsignalStrengthsChanged: LTE Signal Strength info: rsrp: -90 rsrq: -14 rssi: -59 rssnr: 2
08-11 13:03:15.775 27146 27146 D cellinfo: onsignalStrengthsChanged: 5G-NR Signal Strength info: ssrsrp: -96 ssrsrq: -14 sssinr: 1
08-11 13:03:16.126 27146 28038 D cellinfo: 46 bytes from 44.241.174.93: icmp_seq=595 ttl=29 time=357 ms
08-11 13:03:16.126 27146 28038 D cellinfo: 46 bytes from 44.241.174.93: icmp_seq=596 ttl=29 time=149 ms
08-11 13:03:16.285 27146 28038 D cellinfo: 46 bytes from 44.241.174.93: icmp_seq=597 ttl=29 time=107 ms
08-11 13:03:16.605 27146 28038 D cellinfo: 46 bytes from 44.241.174.93: icmp_seq=598 ttl=29 time=226 ms
08-11 13:03:16.667 27146 28038 D cellinfo: 46 bytes from 44.241.174.93: icmp_seq=599 ttl=29 time=89.0 ms
08-11 13:03:16.778 27146 27146 D cellinfo: onsignalStrengthsChanged: LTE Signal Strength info: rsrp: -90 rsrq: -14 rssi: -59 rssnr: 2
08-11 13:03:16.778 27146 27146 D cellinfo: onsignalStrengthsChanged: 5G-NR Signal Strength info: ssrsrp: -97 ssrsrq: -15 sssinr: -2
08-11 13:03:16.925 27146 28038 D cellinfo: 46 bytes from 44.241.174.93: icmp_seq=600 ttl=29 time=146 ms
08-11 13:03:17.094 27146 28038 D cellinfo: 46 bytes from 44.241.174.93: icmp_seq=601 ttl=29 time=113 ms
08-11 13:03:17.411 27146 28038 D cellinfo: 46 bytes from 44.241.174.93: icmp_seq=602 ttl=29 time=232 ms
08-11 13:03:17.501 27146 28038 D cellinfo: 46 bytes from 44.241.174.93: icmp_seq=603 ttl=29 time=118 ms
08-11 13:03:17.731 27146 28038 D cellinfo: 46 bytes from 44.241.174.93: icmp_seq=604 ttl=29 time=148 ms
08-11 13:03:17.891 27146 28038 D cellinfo: 46 bytes from 44.241.174.93: icmp_seq=605 ttl=29 time=108 ms
08-11 13:03:17.927 27146 27146 D cellinfo: onCellInfoChanged: Operator: AT&T...1 UpdateTimestamp: 249270660 CellConnectionStatus: 0
08-11 13:03:17.927 27146 27146 D cellinfo: onCellInfoChanged: LTE Cell Bands: [2] Bandwidth: 2147483647 Cell ID: 97347592 Physical Cell ID: 311 Tracking Area Code: 38405 EARFCN: 700
08-11 13:03:18.068 27146 28038 D cellinfo: 46 bytes from 44.241.174.93: icmp_seq=606 ttl=29 time=83.4 ms
08-11 13:03:18.372 27146 28038 D cellinfo: 46 bytes from 44.241.174.93: icmp_seq=607 ttl=29 time=188 ms
08-11 13:03:18.469 27146 28038 D cellinfo: 46 bytes from 44.241.174.93: icmp_seq=608 ttl=29 time=84.5 ms
08-11 13:03:18.685 27146 28038 D cellinfo: 46 bytes from 44.241.174.93: icmp_seq=609 ttl=29 time=99.9 ms
08-11 13:03:18.778 27146 27146 D cellinfo: onsignalStrengthsChanged: LTE Signal Strength info: rsrp: -90 rsrq: -13 rssi: -61 rssnr: 2
08-11 13:03:18.778 27146 27146 D cellinfo: onsignalStrengthsChanged: 5G-NR Signal Strength info: ssrsrp: -100 ssrsrq: -18 sssinr: -4
08-11 13:03:19.012 27146 28038 D cellinfo: 46 bytes from 44.241.174.93: icmp_seq=610 ttl=29 time=226 ms
08-11 13:03:19.085 27146 28038 D cellinfo: 46 bytes from 44.241.174.93: icmp_seq=611 ttl=29 time=91.7 ms
08-11 13:03:19.332 27146 28038 D cellinfo: 46 bytes from 44.241.174.93: icmp_seq=612 ttl=29 time=139 ms
08-11 13:03:19.485 27146 28038 D cellinfo: 46 bytes from 44.241.174.93: icmp_seq=613 ttl=29 time=92.1 ms
08-11 13:03:19.821 27146 28038 D cellinfo: 46 bytes from 44.241.174.93: icmp_seq=614 ttl=29 time=224 ms
08-11 13:03:19.886 27146 28038 D cellinfo: 46 bytes from 44.241.174.93: icmp_seq=615 ttl=29 time=89.2 ms
08-11 13:03:20.139 27146 28038 D cellinfo: 46 bytes from 44.241.174.93: icmp_seq=616 ttl=29 time=141 ms
08-11 13:03:20.146 27146 27146 D cellinfo: Latitude is 39.7339954
08-11 13:03:20.146 27146 27146 D cellinfo: Longitude is -105.0255383
08-11 13:03:20.146 27146 27146 D cellinfo: Instantaneous GPS information: United States, 1063 Federal Blvd, Denver, CO 80204, USA
08-11 13:03:20.146 27146 27146 D cellinfo: getCurrentLocation() result: Location (success): 39.7339954, -105.0255383
08-11 13:03:20.272 27146 27146 D cellinfo: onsignalStrengthsChanged: LTE Signal Strength info: rsrp: -90 rsrq: -13 rssi: -61 rssnr: 3
08-11 13:03:20.272 27146 27146 D cellinfo: onsignalStrengthsChanged: 5G-NR Signal Strength info: ssrsrp: -103 ssrsrq: -21 sssinr: -5
08-11 13:03:20.325 27146 28038 D cellinfo: 46 bytes from 44.241.174.93: icmp_seq=617 ttl=29 time=130 ms
08-11 13:03:20.589 27146 28038 D cellinfo: 46 bytes from 44.241.174.93: icmp_seq=618 ttl=29 time=191 ms
08-11 13:03:20.685 27146 28038 D cellinfo: 46 bytes from 44.241.174.93: icmp_seq=619 ttl=29 time=88.1 ms
08-11 13:03:20.780 27146 27146 D cellinfo: onsignalStrengthsChanged: LTE Signal Strength info: rsrp: -90 rsrq: -13 rssi: -61 rssnr: 3
08-11 13:03:20.780 27146 27146 D cellinfo: onsignalStrengthsChanged: 5G-NR Signal Strength info: ssrsrp: -118 ssrsrq: -27 sssinr: -6
08-11 13:03:20.873 27146 27146 D cellinfo: Latitude is 39.7339954
08-11 13:03:20.873 27146 27146 D cellinfo: Longitude is -105.0255383
08-11 13:03:20.873 27146 27146 D cellinfo: Instantaneous GPS information: United States, 1063 Federal Blvd, Denver, CO 80204, USA
08-11 13:03:20.873 27146 27146 D cellinfo: getCurrentLocation() result: Location (success): 39.7339954, -105.0255383
08-11 13:03:20.908 27146 28038 D cellinfo: 46 bytes from 44.241.174.93: icmp_seq=620 ttl=29 time=111 ms
08-11 13:03:20.923 27146 27146 D cellinfo: onCellInfoChanged: Operator: AT&T...1 UpdateTimestamp: 249273660 CellConnectionStatus: 0
08-11 13:03:20.923 27146 27146 D cellinfo: onCellInfoChanged: LTE Cell Bands: [2] Bandwidth: 2147483647 Cell ID: 97347592 Physical Cell ID: 311 Tracking Area Code: 38405 EARFCN: 700
08-11 13:03:21.120 27146 27146 D cellinfo: onsignalStrengthsChanged: LTE Signal Strength info: rsrp: -90 rsrq: -13 rssi: -61 rssnr: 3
08-11 13:03:21.120 27146 27146 D cellinfo: onsignalStrengthsChanged: 5G-NR Signal Strength info: ssrsrp: -99 ssrsrq: -18 sssinr: -6
08-11 13:03:21.158 27146 28038 D cellinfo: 46 bytes from 44.241.174.93: icmp_seq=621 ttl=29 time=158 ms
08-11 13:03:21.289 27146 28038 D cellinfo: 46 bytes from 44.241.174.93: icmp_seq=622 ttl=29 time=89.9 ms
08-11 13:03:21.778 27146 27146 D cellinfo: onsignalStrengthsChanged: LTE Signal Strength info: rsrp: -90 rsrq: -13 rssi: -61 rssnr: 2
08-11 13:03:21.778 27146 27146 D cellinfo: onsignalStrengthsChanged: 5G-NR Signal Strength info: ssrsrp: -119 ssrsrq: -27 sssinr: -6
08-11 13:03:21.870 27146 28038 D cellinfo: 46 bytes from 44.241.174.93: icmp_seq=623 ttl=29 time=469 ms
08-11 13:03:21.871 27146 28038 D cellinfo: 46 bytes from 44.241.174.93: icmp_seq=624 ttl=29 time=260 ms
08-11 13:03:21.903 27146 28038 D cellinfo: 46 bytes from 44.241.174.93: icmp_seq=625 ttl=29 time=85.7 ms
08-11 13:03:21.974 27146 27146 D cellinfo: onsignalStrengthsChanged: LTE Signal Strength info: rsrp: -90 rsrq: -13 rssi: -61 rssnr: 2
08-11 13:03:22.054 27146 27146 D cellinfo: onServiceStateChanged: Channel Number: 700 Cell Bandwidths: [20000, 0]
08-11 13:03:22.076 27146 27146 D cellinfo: onDisplayInfoChanged: NetworkType: LTE OverrideNetworkType: 5G (Sub-6 GHz)
08-11 13:03:22.125 27146 28038 D cellinfo: 46 bytes from 44.241.174.93: icmp_seq=626 ttl=29 time=105 ms
08-11 13:03:22.324 27146 28038 D cellinfo: 46 bytes from 44.241.174.93: icmp_seq=627 ttl=29 time=105 ms
08-11 13:03:22.362 27146 27146 D cellinfo: onsignalStrengthsChanged: LTE Signal Strength info: rsrp: -91 rsrq: -13 rssi: -63 rssnr: 1
08-11 13:03:22.533 27146 28038 D cellinfo: 46 bytes from 44.241.174.93: icmp_seq=628 ttl=29 time=111 ms
08-11 13:03:22.725 27146 28038 D cellinfo: 46 bytes from 44.241.174.93: icmp_seq=629 ttl=29 time=104 ms
08-11 13:03:22.926 27146 28038 D cellinfo: 46 bytes from 44.241.174.93: icmp_seq=630 ttl=29 time=103 ms
08-11 13:03:23.126 27146 28038 D cellinfo: 46 bytes from 44.241.174.93: icmp_seq=631 ttl=29 time=102 ms
08-11 13:03:23.295 27146 28038 D cellinfo: 46 bytes from 44.241.174.93: icmp_seq=632 ttl=29 time=70.6 ms
08-11 13:03:23.525 27146 28038 D cellinfo: 46 bytes from 44.241.174.93: icmp_seq=633 ttl=29 time=100 ms
08-11 13:03:23.725 27146 28038 D cellinfo: 46 bytes from 44.241.174.93: icmp_seq=634 ttl=29 time=100 ms
08-11 13:03:23.869 27146 27146 D cellinfo: Latitude is 39.7339954
08-11 13:03:23.869 27146 27146 D cellinfo: Longitude is -105.0255383
08-11 13:03:23.869 27146 27146 D cellinfo: Instantaneous GPS information: United States, 1063 Federal Blvd, Denver, CO 80204, USA
08-11 13:03:23.869 27146 27146 D cellinfo: getCurrentLocation() result: Location (success): 39.7339954, -105.0255383
08-11 13:03:23.924 27146 28038 D cellinfo: 46 bytes from 44.241.174.93: icmp_seq=635 ttl=29 time=98.5 ms
08-11 13:03:23.933 27146 27146 D cellinfo: onCellInfoChanged: Operator: AT&T...1 UpdateTimestamp: 249276667 CellConnectionStatus: 0
08-11 13:03:23.933 27146 27146 D cellinfo: onCellInfoChanged: LTE Cell Bands: [2] Bandwidth: 2147483647 Cell ID: 97347592 Physical Cell ID: 311 Tracking Area Code: 38405 EARFCN: 700
08-11 13:03:24.095 27146 28038 D cellinfo: 46 bytes from 44.241.174.93: icmp_seq=636 ttl=29 time=66.5 ms
08-11 13:03:24.325 27146 28038 D cellinfo: 46 bytes from 44.241.174.93: icmp_seq=637 ttl=29 time=97.0 ms
08-11 13:03:24.525 27146 28038 D cellinfo: 46 bytes from 44.241.174.93: icmp_seq=638 ttl=29 time=96.9 ms
08-11 13:03:24.725 27146 28038 D cellinfo: 46 bytes from 44.241.174.93: icmp_seq=639 ttl=29 time=95.9 ms
08-11 13:03:24.926 27146 28038 D cellinfo: 46 bytes from 44.241.174.93: icmp_seq=640 ttl=29 time=94.9 ms
08-11 13:03:25.126 27146 28038 D cellinfo: 46 bytes from 44.241.174.93: icmp_seq=641 ttl=29 time=94.1 ms
08-11 13:03:25.326 27146 28038 D cellinfo: 46 bytes from 44.241.174.93: icmp_seq=642 ttl=29 time=91.8 ms
08-11 13:03:25.527 27146 28038 D cellinfo: 46 bytes from 44.241.174.93: icmp_seq=643 ttl=29 time=91.5 ms
08-11 13:03:25.725 27146 28038 D cellinfo: 46 bytes from 44.241.174.93: icmp_seq=644 ttl=29 time=89.8 ms
08-11 13:03:25.915 27146 28038 D cellinfo: 46 bytes from 44.241.174.93: icmp_seq=645 ttl=29 time=77.8 ms
08-11 13:03:26.125 27146 28038 D cellinfo: 46 bytes from 44.241.174.93: icmp_seq=646 ttl=29 time=88.0 ms
08-11 13:03:26.325 27146 28038 D cellinfo: 46 bytes from 44.241.174.93: icmp_seq=647 ttl=29 time=88.3 ms
08-11 13:03:26.566 27146 28038 D cellinfo: 46 bytes from 44.241.174.93: icmp_seq=648 ttl=29 time=128 ms
08-11 13:03:26.733 27146 28038 D cellinfo: 46 bytes from 44.241.174.93: icmp_seq=649 ttl=29 time=93.6 ms
08-11 13:03:26.872 27146 27146 D cellinfo: Latitude is 39.7339954
08-11 13:03:26.872 27146 27146 D cellinfo: Longitude is -105.0255383
08-11 13:03:26.872 27146 27146 D cellinfo: Instantaneous GPS information: United States, 1063 Federal Blvd, Denver, CO 80204, USA
08-11 13:03:26.872 27146 27146 D cellinfo: getCurrentLocation() result: Location (success): 39.7339954, -105.0255383
08-11 13:03:26.923 27146 27146 D cellinfo: onCellInfoChanged: Operator: AT&T...1 UpdateTimestamp: 249279658 CellConnectionStatus: 0
08-11 13:03:26.923 27146 27146 D cellinfo: onCellInfoChanged: LTE Cell Bands: [2] Bandwidth: 2147483647 Cell ID: 97347592 Physical Cell ID: 311 Tracking Area Code: 38405 EARFCN: 700
08-11 13:03:26.924 27146 28038 D cellinfo: 46 bytes from 44.241.174.93: icmp_seq=650 ttl=29 time=85.4 ms
08-11 13:03:27.166 27146 28038 D cellinfo: 46 bytes from 44.241.174.93: icmp_seq=651 ttl=29 time=124 ms
08-11 13:03:27.325 27146 28038 D cellinfo: 46 bytes from 44.241.174.93: icmp_seq=652 ttl=29 time=83.5 ms
08-11 13:03:27.524 27146 28038 D cellinfo: 46 bytes from 44.241.174.93: icmp_seq=653 ttl=29 time=82.9 ms
08-11 13:03:27.725 27146 28038 D cellinfo: 46 bytes from 44.241.174.93: icmp_seq=654 ttl=29 time=82.5 ms
08-11 13:03:27.926 27146 28038 D cellinfo: 46 bytes from 44.241.174.93: icmp_seq=655 ttl=29 time=81.5 ms
08-11 13:03:28.126 27146 28038 D cellinfo: 46 bytes from 44.241.174.93: icmp_seq=656 ttl=29 time=81.2 ms
08-11 13:03:28.326 27146 28038 D cellinfo: 46 bytes from 44.241.174.93: icmp_seq=657 ttl=29 time=79.9 ms
08-11 13:03:28.527 27146 28038 D cellinfo: 46 bytes from 44.241.174.93: icmp_seq=658 ttl=29 time=78.6 ms
08-11 13:03:28.765 27146 28038 D cellinfo: 46 bytes from 44.241.174.93: icmp_seq=659 ttl=29 time=117 ms
08-11 13:03:28.964 27146 28038 D cellinfo: 46 bytes from 44.241.174.93: icmp_seq=660 ttl=29 time=116 ms
08-11 13:03:29.093 27146 27146 D cellinfo: onsignalStrengthsChanged: LTE Signal Strength info: rsrp: -97 rsrq: -15 rssi: -63 rssnr: -1
08-11 13:03:29.166 27146 28038 D cellinfo: 46 bytes from 44.241.174.93: icmp_seq=661 ttl=29 time=117 ms
08-11 13:03:29.345 27146 28038 D cellinfo: 46 bytes from 44.241.174.93: icmp_seq=662 ttl=29 time=94.1 ms
08-11 13:03:29.405 27146 27146 D cellinfo: onCellInfoChanged: Operator: AT&T...1 UpdateTimestamp: 249282137 CellConnectionStatus: 0
08-11 13:03:29.405 27146 27146 D cellinfo: onCellInfoChanged: LTE Cell Bands: [2] Bandwidth: 2147483647 Cell ID: 99077411 Physical Cell ID: 443 Tracking Area Code: 38405 EARFCN: 700
08-11 13:03:29.435 27146 27146 D cellinfo: onServiceStateChanged: Channel Number: 700 Cell Bandwidths: []
08-11 13:03:29.518 27146 28038 D cellinfo: 46 bytes from 44.241.174.93: icmp_seq=663 ttl=29 time=66.4 ms
08-11 13:03:29.752 27146 28038 D cellinfo: 46 bytes from 44.241.174.93: icmp_seq=664 ttl=29 time=99.9 ms
08-11 13:03:29.922 27146 27146 D cellinfo: onCellInfoChanged: Operator: AT&T...1 UpdateTimestamp: 249282657 CellConnectionStatus: 0
08-11 13:03:29.922 27146 27146 D cellinfo: onCellInfoChanged: LTE Cell Bands: [2] Bandwidth: 2147483647 Cell ID: 99077411 Physical Cell ID: 443 Tracking Area Code: 38405 EARFCN: 700
08-11 13:03:29.952 27146 28038 D cellinfo: 46 bytes from 44.241.174.93: icmp_seq=665 ttl=29 time=99.8 ms
08-11 13:03:30.153 27146 28038 D cellinfo: 46 bytes from 44.241.174.93: icmp_seq=666 ttl=29 time=99.1 ms
08-11 13:03:30.334 27146 28038 D cellinfo: 46 bytes from 44.241.174.93: icmp_seq=667 ttl=29 time=80.5 ms
08-11 13:03:30.518 27146 28038 D cellinfo: 46 bytes from 44.241.174.93: icmp_seq=668 ttl=29 time=62.2 ms
08-11 13:03:30.752 27146 28038 D cellinfo: 46 bytes from 44.241.174.93: icmp_seq=669 ttl=29 time=95.8 ms
08-11 13:03:30.953 27146 28038 D cellinfo: 46 bytes from 44.241.174.93: icmp_seq=670 ttl=29 time=96.9 ms
08-11 13:03:31.152 27146 28038 D cellinfo: 46 bytes from 44.241.174.93: icmp_seq=671 ttl=29 time=94.8 ms
08-11 13:03:31.334 27146 28038 D cellinfo: 46 bytes from 44.241.174.93: icmp_seq=672 ttl=29 time=76.2 ms
08-11 13:03:31.535 27146 28038 D cellinfo: 46 bytes from 44.241.174.93: icmp_seq=673 ttl=29 time=73.2 ms
08-11 13:03:31.721 27146 27146 D cellinfo: Latitude is 39.7352228
08-11 13:03:31.721 27146 27146 D cellinfo: Longitude is -105.0253185
08-11 13:03:31.721 27146 27146 D cellinfo: Instantaneous GPS information: United States, 1227 Federal Blvd, Denver, CO 80204, USA
08-11 13:03:31.721 27146 27146 D cellinfo: getCurrentLocation() result: Location (success): 39.7352228, -105.0253185
08-11 13:03:31.744 27146 28038 D cellinfo: 46 bytes from 44.241.174.93: icmp_seq=674 ttl=29 time=81.0 ms
08-11 13:03:31.953 27146 28038 D cellinfo: 46 bytes from 44.241.174.93: icmp_seq=675 ttl=29 time=88.3 ms
08-11 13:03:32.152 27146 28038 D cellinfo: 46 bytes from 44.241.174.93: icmp_seq=676 ttl=29 time=87.1 ms
08-11 13:03:32.352 27146 28038 D cellinfo: 46 bytes from 44.241.174.93: icmp_seq=677 ttl=29 time=86.4 ms
08-11 13:03:32.466 27146 27146 D cellinfo: onCellInfoChanged: Operator: AT&T...1 UpdateTimestamp: 249285198 CellConnectionStatus: 0
08-11 13:03:32.466 27146 27146 D cellinfo: onCellInfoChanged: LTE Cell Bands: [2] Bandwidth: 2147483647 Cell ID: 99077411 Physical Cell ID: 443 Tracking Area Code: 38405 EARFCN: 700
08-11 13:03:32.552 27146 28038 D cellinfo: 46 bytes from 44.241.174.93: icmp_seq=678 ttl=29 time=87.0 ms
08-11 13:03:32.751 27146 28038 D cellinfo: 46 bytes from 44.241.174.93: icmp_seq=679 ttl=29 time=85.2 ms
08-11 13:03:32.872 27146 27146 D cellinfo: Latitude is 39.7352228
08-11 13:03:32.872 27146 27146 D cellinfo: Longitude is -105.0253185
08-11 13:03:32.872 27146 27146 D cellinfo: Instantaneous GPS information: United States, 1227 Federal Blvd, Denver, CO 80204, USA
08-11 13:03:32.872 27146 27146 D cellinfo: getCurrentLocation() result: Location (success): 39.7352228, -105.0253185
08-11 13:03:32.951 27146 28038 D cellinfo: 46 bytes from 44.241.174.93: icmp_seq=680 ttl=29 time=84.2 ms
08-11 13:03:33.152 27146 28038 D cellinfo: 46 bytes from 44.241.174.93: icmp_seq=681 ttl=29 time=84.0 ms
08-11 13:03:33.351 27146 28038 D cellinfo: 46 bytes from 44.241.174.93: icmp_seq=682 ttl=29 time=83.1 ms
08-11 13:03:33.552 27146 28038 D cellinfo: 46 bytes from 44.241.174.93: icmp_seq=683 ttl=29 time=82.8 ms
08-11 13:03:33.571 27146 27146 D cellinfo: onsignalStrengthsChanged: LTE Signal Strength info: rsrp: -97 rsrq: -15 rssi: -63 rssnr: 0
08-11 13:03:33.752 27146 28038 D cellinfo: 46 bytes from 44.241.174.93: icmp_seq=684 ttl=29 time=82.3 ms
08-11 13:03:33.952 27146 28038 D cellinfo: 46 bytes from 44.241.174.93: icmp_seq=685 ttl=29 time=80.9 ms
08-11 13:03:34.139 27146 28038 D cellinfo: 46 bytes from 44.241.174.93: icmp_seq=686 ttl=29 time=65.0 ms
08-11 13:03:34.376 27146 28038 D cellinfo: 46 bytes from 44.241.174.93: icmp_seq=687 ttl=29 time=98.4 ms
08-11 13:03:34.575 27146 28038 D cellinfo: 46 bytes from 44.241.174.93: icmp_seq=688 ttl=29 time=98.3 ms
08-11 13:03:34.753 27146 28038 D cellinfo: 46 bytes from 44.241.174.93: icmp_seq=689 ttl=29 time=75.0 ms
08-11 13:03:34.953 27146 28038 D cellinfo: 46 bytes from 44.241.174.93: icmp_seq=690 ttl=29 time=74.3 ms
08-11 13:03:35.152 27146 28038 D cellinfo: 46 bytes from 44.241.174.93: icmp_seq=691 ttl=29 time=73.3 ms
08-11 13:03:35.353 27146 28038 D cellinfo: 46 bytes from 44.241.174.93: icmp_seq=692 ttl=29 time=72.7 ms
08-11 13:03:35.553 27146 28038 D cellinfo: 46 bytes from 44.241.174.93: icmp_seq=693 ttl=29 time=72.4 ms
08-11 13:03:35.753 27146 28038 D cellinfo: 46 bytes from 44.241.174.93: icmp_seq=694 ttl=29 time=70.9 ms
08-11 13:03:35.874 27146 27146 D cellinfo: Latitude is 39.7352228
08-11 13:03:35.874 27146 27146 D cellinfo: Longitude is -105.0253185
08-11 13:03:35.874 27146 27146 D cellinfo: Instantaneous GPS information: United States, 1227 Federal Blvd, Denver, CO 80204, USA
08-11 13:03:35.874 27146 27146 D cellinfo: getCurrentLocation() result: Location (success): 39.7352228, -105.0253185
08-11 13:03:35.934 27146 27146 D cellinfo: onCellInfoChanged: Operator: AT&T...1 UpdateTimestamp: 249288669 CellConnectionStatus: 0
08-11 13:03:35.934 27146 27146 D cellinfo: onCellInfoChanged: LTE Cell Bands: [2] Bandwidth: 2147483647 Cell ID: 99077411 Physical Cell ID: 443 Tracking Area Code: 38405 EARFCN: 700
08-11 13:03:35.951 27146 28038 D cellinfo: 46 bytes from 44.241.174.93: icmp_seq=695 ttl=29 time=70.1 ms
08-11 13:03:36.152 27146 28038 D cellinfo: 46 bytes from 44.241.174.93: icmp_seq=696 ttl=29 time=69.0 ms
08-11 13:03:36.358 27146 28038 D cellinfo: 46 bytes from 44.241.174.93: icmp_seq=697 ttl=29 time=75.2 ms
08-11 13:03:36.553 27146 28038 D cellinfo: 46 bytes from 44.241.174.93: icmp_seq=698 ttl=29 time=68.3 ms
08-11 13:03:36.753 27146 28038 D cellinfo: 46 bytes from 44.241.174.93: icmp_seq=699 ttl=29 time=68.0 ms
08-11 13:03:36.958 27146 28038 D cellinfo: 46 bytes from 44.241.174.93: icmp_seq=700 ttl=29 time=71.4 ms
08-11 13:03:37.192 27146 28038 D cellinfo: 46 bytes from 44.241.174.93: icmp_seq=701 ttl=29 time=105 ms
08-11 13:03:37.391 27146 28038 D cellinfo: 46 bytes from 44.241.174.93: icmp_seq=702 ttl=29 time=104 ms
08-11 13:03:37.559 27146 28038 D cellinfo: 46 bytes from 44.241.174.93: icmp_seq=703 ttl=29 time=69.6 ms
08-11 13:03:37.757 27146 28038 D cellinfo: 46 bytes from 44.241.174.93: icmp_seq=704 ttl=29 time=67.4 ms
08-11 13:03:37.958 27146 28038 D cellinfo: 46 bytes from 44.241.174.93: icmp_seq=705 ttl=29 time=67.1 ms
08-11 13:03:38.176 27146 28038 D cellinfo: 46 bytes from 44.241.174.93: icmp_seq=706 ttl=29 time=84.1 ms
08-11 13:03:38.359 27146 28038 D cellinfo: 46 bytes from 44.241.174.93: icmp_seq=707 ttl=29 time=66.2 ms
08-11 13:03:38.558 27146 28038 D cellinfo: 46 bytes from 44.241.174.93: icmp_seq=708 ttl=29 time=65.6 ms
08-11 13:03:38.757 27146 28038 D cellinfo: 46 bytes from 44.241.174.93: icmp_seq=709 ttl=29 time=63.5 ms
08-11 13:03:38.875 27146 27146 D cellinfo: Latitude is 39.7352228
08-11 13:03:38.875 27146 27146 D cellinfo: Longitude is -105.0253185
08-11 13:03:38.875 27146 27146 D cellinfo: Instantaneous GPS information: United States, 1227 Federal Blvd, Denver, CO 80204, USA
08-11 13:03:38.875 27146 27146 D cellinfo: getCurrentLocation() result: Location (success): 39.7352228, -105.0253185
08-11 13:03:38.932 27146 27146 D cellinfo: onCellInfoChanged: Operator: AT&T...1 UpdateTimestamp: 249291667 CellConnectionStatus: 0
08-11 13:03:38.932 27146 27146 D cellinfo: onCellInfoChanged: LTE Cell Bands: [2] Bandwidth: 2147483647 Cell ID: 99077411 Physical Cell ID: 443 Tracking Area Code: 38405 EARFCN: 700
08-11 13:03:38.993 27146 28038 D cellinfo: 46 bytes from 44.241.174.93: icmp_seq=710 ttl=29 time=98.9 ms
08-11 13:03:39.192 27146 28038 D cellinfo: 46 bytes from 44.241.174.93: icmp_seq=711 ttl=29 time=97.7 ms
08-11 13:03:39.391 27146 28038 D cellinfo: 46 bytes from 44.241.174.93: icmp_seq=712 ttl=29 time=96.8 ms
08-11 13:03:39.591 27146 28038 D cellinfo: 46 bytes from 44.241.174.93: icmp_seq=713 ttl=29 time=96.3 ms
08-11 13:03:39.792 27146 28038 D cellinfo: 46 bytes from 44.241.174.93: icmp_seq=714 ttl=29 time=95.3 ms
08-11 13:03:39.992 27146 28038 D cellinfo: 46 bytes from 44.241.174.93: icmp_seq=715 ttl=29 time=94.8 ms
08-11 13:03:40.191 27146 28038 D cellinfo: 46 bytes from 44.241.174.93: icmp_seq=716 ttl=29 time=92.8 ms
08-11 13:03:40.391 27146 28038 D cellinfo: 46 bytes from 44.241.174.93: icmp_seq=717 ttl=29 time=92.2 ms
08-11 13:03:40.592 27146 28038 D cellinfo: 46 bytes from 44.241.174.93: icmp_seq=718 ttl=29 time=90.9 ms
08-11 13:03:40.792 27146 28038 D cellinfo: 46 bytes from 44.241.174.93: icmp_seq=719 ttl=29 time=89.6 ms
08-11 13:03:40.991 27146 28038 D cellinfo: 46 bytes from 44.241.174.93: icmp_seq=720 ttl=29 time=89.2 ms
08-11 13:03:41.194 27146 28038 D cellinfo: 46 bytes from 44.241.174.93: icmp_seq=721 ttl=29 time=90.1 ms
08-11 13:03:41.391 27146 28038 D cellinfo: 46 bytes from 44.241.174.93: icmp_seq=722 ttl=29 time=87.4 ms
08-11 13:03:41.594 27146 28038 D cellinfo: 46 bytes from 44.241.174.93: icmp_seq=723 ttl=29 time=88.3 ms
08-11 13:03:41.791 27146 28038 D cellinfo: 46 bytes from 44.241.174.93: icmp_seq=724 ttl=29 time=86.0 ms
08-11 13:03:41.906 27146 27146 D cellinfo: onCellInfoChanged: Operator: AT&T...1 UpdateTimestamp: 249294643 CellConnectionStatus: 0
08-11 13:03:41.906 27146 27146 D cellinfo: onCellInfoChanged: LTE Cell Bands: [2] Bandwidth: 2147483647 Cell ID: 99077411 Physical Cell ID: 443 Tracking Area Code: 38405 EARFCN: 700
08-11 13:03:41.992 27146 28038 D cellinfo: 46 bytes from 44.241.174.93: icmp_seq=725 ttl=29 time=85.3 ms
08-11 13:03:42.192 27146 28038 D cellinfo: 46 bytes from 44.241.174.93: icmp_seq=726 ttl=29 time=84.8 ms
08-11 13:03:42.392 27146 28038 D cellinfo: 46 bytes from 44.241.174.93: icmp_seq=727 ttl=29 time=83.6 ms
08-11 13:03:42.592 27146 28038 D cellinfo: 46 bytes from 44.241.174.93: icmp_seq=728 ttl=29 time=83.3 ms
08-11 13:03:42.793 27146 28038 D cellinfo: 46 bytes from 44.241.174.93: icmp_seq=729 ttl=29 time=83.1 ms
08-11 13:03:43.002 27146 28038 D cellinfo: 46 bytes from 44.241.174.93: icmp_seq=730 ttl=29 time=91.9 ms
08-11 13:03:43.191 27146 28038 D cellinfo: 46 bytes from 44.241.174.93: icmp_seq=731 ttl=29 time=82.6 ms
08-11 13:03:43.394 27146 28038 D cellinfo: 46 bytes from 44.241.174.93: icmp_seq=732 ttl=29 time=82.3 ms
08-11 13:03:43.579 27146 28038 D cellinfo: 46 bytes from 44.241.174.93: icmp_seq=733 ttl=29 time=65.4 ms
08-11 13:03:43.720 27146 27146 D cellinfo: Latitude is 39.7356439
08-11 13:03:43.720 27146 27146 D cellinfo: Longitude is -105.0252606
08-11 13:03:43.720 27146 27146 D cellinfo: Instantaneous GPS information: United States, 1251 Federal Blvd, Denver, CO 80204, USA
08-11 13:03:43.720 27146 27146 D cellinfo: getCurrentLocation() result: Location (success): 39.7356439, -105.0252606
08-11 13:03:43.793 27146 28038 D cellinfo: 46 bytes from 44.241.174.93: icmp_seq=734 ttl=29 time=78.1 ms
08-11 13:03:43.992 27146 28038 D cellinfo: 46 bytes from 44.241.174.93: icmp_seq=735 ttl=29 time=76.0 ms
08-11 13:03:44.191 27146 28038 D cellinfo: 46 bytes from 44.241.174.93: icmp_seq=736 ttl=29 time=75.5 ms
08-11 13:03:44.392 27146 28038 D cellinfo: 46 bytes from 44.241.174.93: icmp_seq=737 ttl=29 time=73.8 ms
08-11 13:03:44.601 27146 28038 D cellinfo: 46 bytes from 44.241.174.93: icmp_seq=738 ttl=29 time=81.5 ms
08-11 13:03:44.801 27146 28038 D cellinfo: 46 bytes from 44.241.174.93: icmp_seq=739 ttl=29 time=79.8 ms
08-11 13:03:44.882 27146 27146 D cellinfo: Latitude is 39.7356439
08-11 13:03:44.882 27146 27146 D cellinfo: Longitude is -105.0252606
08-11 13:03:44.882 27146 27146 D cellinfo: Instantaneous GPS information: United States, 1251 Federal Blvd, Denver, CO 80204, USA
08-11 13:03:44.882 27146 27146 D cellinfo: getCurrentLocation() result: Location (success): 39.7356439, -105.0252606
08-11 13:03:44.928 27146 27146 D cellinfo: onCellInfoChanged: Operator: AT&T...1 UpdateTimestamp: 249297663 CellConnectionStatus: 0
08-11 13:03:44.929 27146 27146 D cellinfo: onCellInfoChanged: LTE Cell Bands: [2] Bandwidth: 2147483647 Cell ID: 99077411 Physical Cell ID: 443 Tracking Area Code: 38405 EARFCN: 700
08-11 13:03:45.001 27146 28038 D cellinfo: 46 bytes from 44.241.174.93: icmp_seq=740 ttl=29 time=79.2 ms
08-11 13:03:45.191 27146 28038 D cellinfo: 46 bytes from 44.241.174.93: icmp_seq=741 ttl=29 time=70.7 ms
08-11 13:03:45.391 27146 28038 D cellinfo: 46 bytes from 44.241.174.93: icmp_seq=742 ttl=29 time=69.9 ms
08-11 13:03:45.591 27146 28038 D cellinfo: 46 bytes from 44.241.174.93: icmp_seq=743 ttl=29 time=69.2 ms
08-11 13:03:45.793 27146 28038 D cellinfo: 46 bytes from 44.241.174.93: icmp_seq=744 ttl=29 time=68.3 ms
08-11 13:03:45.991 27146 28038 D cellinfo: 46 bytes from 44.241.174.93: icmp_seq=745 ttl=29 time=67.2 ms
08-11 13:03:46.233 27146 28038 D cellinfo: 46 bytes from 44.241.174.93: icmp_seq=746 ttl=29 time=107 ms
08-11 13:03:46.397 27146 28038 D cellinfo: 46 bytes from 44.241.174.93: icmp_seq=747 ttl=29 time=69.8 ms
08-11 13:03:46.634 27146 28038 D cellinfo: 46 bytes from 44.241.174.93: icmp_seq=748 ttl=29 time=105 ms
08-11 13:03:46.835 27146 28038 D cellinfo: 46 bytes from 44.241.174.93: icmp_seq=749 ttl=29 time=104 ms
08-11 13:03:47.032 27146 28038 D cellinfo: 46 bytes from 44.241.174.93: icmp_seq=750 ttl=29 time=100 ms
08-11 13:03:47.231 27146 28038 D cellinfo: 46 bytes from 44.241.174.93: icmp_seq=751 ttl=29 time=100 ms
08-11 13:03:47.432 27146 28038 D cellinfo: 46 bytes from 44.241.174.93: icmp_seq=752 ttl=29 time=99.3 ms
08-11 13:03:47.597 27146 28038 D cellinfo: 46 bytes from 44.241.174.93: icmp_seq=753 ttl=29 time=63.4 ms
08-11 13:03:47.832 27146 28038 D cellinfo: 46 bytes from 44.241.174.93: icmp_seq=754 ttl=29 time=97.5 ms
08-11 13:03:47.872 27146 27146 D cellinfo: Latitude is 39.7356439
08-11 13:03:47.872 27146 27146 D cellinfo: Longitude is -105.0252606
08-11 13:03:47.872 27146 27146 D cellinfo: Instantaneous GPS information: United States, 1251 Federal Blvd, Denver, CO 80204, USA
08-11 13:03:47.872 27146 27146 D cellinfo: getCurrentLocation() result: Location (success): 39.7356439, -105.0252606
08-11 13:03:47.941 27146 27146 D cellinfo: onCellInfoChanged: Operator: AT&T...1 UpdateTimestamp: 249300676 CellConnectionStatus: 0
08-11 13:03:47.941 27146 27146 D cellinfo: onCellInfoChanged: LTE Cell Bands: [2] Bandwidth: 2147483647 Cell ID: 99077411 Physical Cell ID: 443 Tracking Area Code: 38405 EARFCN: 700
08-11 13:03:48.031 27146 28038 D cellinfo: 46 bytes from 44.241.174.93: icmp_seq=755 ttl=29 time=96.5 ms
08-11 13:03:48.197 27146 28038 D cellinfo: 46 bytes from 44.241.174.93: icmp_seq=756 ttl=29 time=61.9 ms
08-11 13:03:48.434 27146 28038 D cellinfo: 46 bytes from 44.241.174.93: icmp_seq=757 ttl=29 time=97.4 ms
08-11 13:03:48.631 27146 28038 D cellinfo: 46 bytes from 44.241.174.93: icmp_seq=758 ttl=29 time=95.3 ms
08-11 13:03:48.831 27146 28038 D cellinfo: 46 bytes from 44.241.174.93: icmp_seq=759 ttl=29 time=94.0 ms
08-11 13:03:49.033 27146 28038 D cellinfo: 46 bytes from 44.241.174.93: icmp_seq=760 ttl=29 time=94.0 ms
08-11 13:03:49.231 27146 28038 D cellinfo: 46 bytes from 44.241.174.93: icmp_seq=761 ttl=29 time=93.5 ms
08-11 13:03:49.433 27146 28038 D cellinfo: 46 bytes from 44.241.174.93: icmp_seq=762 ttl=29 time=93.9 ms
08-11 13:03:49.633 27146 28038 D cellinfo: 46 bytes from 44.241.174.93: icmp_seq=763 ttl=29 time=93.4 ms
08-11 13:03:49.833 27146 28038 D cellinfo: 46 bytes from 44.241.174.93: icmp_seq=764 ttl=29 time=91.0 ms
08-11 13:03:50.032 27146 28038 D cellinfo: 46 bytes from 44.241.174.93: icmp_seq=765 ttl=29 time=90.9 ms
08-11 13:03:50.232 27146 28038 D cellinfo: 46 bytes from 44.241.174.93: icmp_seq=766 ttl=29 time=90.3 ms
08-11 13:03:50.432 27146 28038 D cellinfo: 46 bytes from 44.241.174.93: icmp_seq=767 ttl=29 time=89.9 ms
08-11 13:03:50.632 27146 28038 D cellinfo: 46 bytes from 44.241.174.93: icmp_seq=768 ttl=29 time=88.6 ms
08-11 13:03:50.832 27146 28038 D cellinfo: 46 bytes from 44.241.174.93: icmp_seq=769 ttl=29 time=87.0 ms
08-11 13:03:50.872 27146 27146 D cellinfo: Latitude is 39.7356439
08-11 13:03:50.872 27146 27146 D cellinfo: Longitude is -105.0252606
08-11 13:03:50.872 27146 27146 D cellinfo: Instantaneous GPS information: United States, 1251 Federal Blvd, Denver, CO 80204, USA
08-11 13:03:50.872 27146 27146 D cellinfo: getCurrentLocation() result: Location (success): 39.7356439, -105.0252606
08-11 13:03:50.934 27146 27146 D cellinfo: onCellInfoChanged: Operator: AT&T...1 UpdateTimestamp: 249303670 CellConnectionStatus: 0
08-11 13:03:50.934 27146 27146 D cellinfo: onCellInfoChanged: LTE Cell Bands: [2] Bandwidth: 2147483647 Cell ID: 99077411 Physical Cell ID: 443 Tracking Area Code: 38405 EARFCN: 700
08-11 13:03:51.031 27146 28038 D cellinfo: 46 bytes from 44.241.174.93: icmp_seq=770 ttl=29 time=86.3 ms
08-11 13:03:51.240 27146 28038 D cellinfo: 46 bytes from 44.241.174.93: icmp_seq=771 ttl=29 time=94.2 ms
08-11 13:03:51.432 27146 28038 D cellinfo: 46 bytes from 44.241.174.93: icmp_seq=772 ttl=29 time=85.1 ms
08-11 13:03:51.495 27146 27146 D cellinfo: onsignalStrengthsChanged: LTE Signal Strength info: rsrp: -93 rsrq: -14 rssi: -59 rssnr: 0
08-11 13:03:51.631 27146 28038 D cellinfo: 46 bytes from 44.241.174.93: icmp_seq=773 ttl=29 time=84.4 ms
08-11 13:03:51.831 27146 28038 D cellinfo: 46 bytes from 44.241.174.93: icmp_seq=774 ttl=29 time=83.2 ms
08-11 13:03:52.032 27146 28038 D cellinfo: 46 bytes from 44.241.174.93: icmp_seq=775 ttl=29 time=83.5 ms
08-11 13:03:52.231 27146 28038 D cellinfo: 46 bytes from 44.241.174.93: icmp_seq=776 ttl=29 time=83.3 ms
08-11 13:03:52.432 27146 28038 D cellinfo: 46 bytes from 44.241.174.93: icmp_seq=777 ttl=29 time=83.0 ms
08-11 13:03:52.632 27146 28038 D cellinfo: 46 bytes from 44.241.174.93: icmp_seq=778 ttl=29 time=83.1 ms
08-11 13:03:52.832 27146 28038 D cellinfo: 46 bytes from 44.241.174.93: icmp_seq=779 ttl=29 time=83.3 ms
08-11 13:03:53.019 27146 28038 D cellinfo: 46 bytes from 44.241.174.93: icmp_seq=780 ttl=29 time=67.4 ms
08-11 13:03:53.232 27146 28038 D cellinfo: 46 bytes from 44.241.174.93: icmp_seq=781 ttl=29 time=81.6 ms
08-11 13:03:53.432 27146 28038 D cellinfo: 46 bytes from 44.241.174.93: icmp_seq=782 ttl=29 time=81.3 ms
08-11 13:03:53.632 27146 28038 D cellinfo: 46 bytes from 44.241.174.93: icmp_seq=783 ttl=29 time=81.0 ms
08-11 13:03:53.832 27146 28038 D cellinfo: 46 bytes from 44.241.174.93: icmp_seq=784 ttl=29 time=80.1 ms
08-11 13:03:53.917 27146 27146 D cellinfo: onCellInfoChanged: Operator: AT&T...1 UpdateTimestamp: 249306651 CellConnectionStatus: 0
08-11 13:03:53.917 27146 27146 D cellinfo: onCellInfoChanged: LTE Cell Bands: [2] Bandwidth: 2147483647 Cell ID: 99077411 Physical Cell ID: 443 Tracking Area Code: 38405 EARFCN: 700
08-11 13:03:54.032 27146 28038 D cellinfo: 46 bytes from 44.241.174.93: icmp_seq=785 ttl=29 time=78.9 ms
08-11 13:03:54.232 27146 28038 D cellinfo: 46 bytes from 44.241.174.93: icmp_seq=786 ttl=29 time=79.8 ms
08-11 13:03:54.435 27146 28038 D cellinfo: 46 bytes from 44.241.174.93: icmp_seq=787 ttl=29 time=81.6 ms
08-11 13:03:54.631 27146 28038 D cellinfo: 46 bytes from 44.241.174.93: icmp_seq=788 ttl=29 time=77.4 ms
08-11 13:03:54.832 27146 28038 D cellinfo: 46 bytes from 44.241.174.93: icmp_seq=789 ttl=29 time=76.7 ms
08-11 13:03:55.031 27146 28038 D cellinfo: 46 bytes from 44.241.174.93: icmp_seq=790 ttl=29 time=75.2 ms
08-11 13:03:55.232 27146 28038 D cellinfo: 46 bytes from 44.241.174.93: icmp_seq=791 ttl=29 time=73.7 ms
08-11 13:03:55.472 27146 28038 D cellinfo: 46 bytes from 44.241.174.93: icmp_seq=792 ttl=29 time=113 ms
08-11 13:03:55.640 27146 28038 D cellinfo: 46 bytes from 44.241.174.93: icmp_seq=793 ttl=29 time=78.6 ms
08-11 13:03:55.760 27146 27146 D cellinfo: Latitude is 39.7357053
08-11 13:03:55.760 27146 27146 D cellinfo: Longitude is -105.0249221
08-11 13:03:55.760 27146 27146 D cellinfo: Instantaneous GPS information: United States, Federal Blvd & W Holden Pl, Denver, CO 80204, USA
08-11 13:03:55.760 27146 27146 D cellinfo: getCurrentLocation() result: Location (success): 39.7357053, -105.0249221
08-11 13:03:55.837 27146 28038 D cellinfo: 46 bytes from 44.241.174.93: icmp_seq=794 ttl=29 time=75.2 ms
08-11 13:03:56.038 27146 28038 D cellinfo: 46 bytes from 44.241.174.93: icmp_seq=795 ttl=29 time=74.8 ms
08-11 13:03:56.232 27146 28038 D cellinfo: 46 bytes from 44.241.174.93: icmp_seq=796 ttl=29 time=69.9 ms
08-11 13:03:56.431 27146 28038 D cellinfo: 46 bytes from 44.241.174.93: icmp_seq=797 ttl=29 time=69.2 ms
08-11 13:03:56.631 27146 28038 D cellinfo: 46 bytes from 44.241.174.93: icmp_seq=798 ttl=29 time=68.6 ms
08-11 13:03:56.832 27146 28038 D cellinfo: 46 bytes from 44.241.174.93: icmp_seq=799 ttl=29 time=67.9 ms
08-11 13:03:56.871 27146 27146 D cellinfo: Latitude is 39.7357053
08-11 13:03:56.871 27146 27146 D cellinfo: Longitude is -105.0249221
08-11 13:03:56.871 27146 27146 D cellinfo: Instantaneous GPS information: United States, Federal Blvd & W Holden Pl, Denver, CO 80204, USA
08-11 13:03:56.871 27146 27146 D cellinfo: getCurrentLocation() result: Location (success): 39.7357053, -105.0249221
08-11 13:03:56.922 27146 27146 D cellinfo: onCellInfoChanged: Operator: AT&T...1 UpdateTimestamp: 249309659 CellConnectionStatus: 0
08-11 13:03:56.922 27146 27146 D cellinfo: onCellInfoChanged: LTE Cell Bands: [2] Bandwidth: 2147483647 Cell ID: 99077411 Physical Cell ID: 443 Tracking Area Code: 38405 EARFCN: 700
08-11 13:03:57.072 27146 28038 D cellinfo: 46 bytes from 44.241.174.93: icmp_seq=800 ttl=29 time=107 ms
08-11 13:03:57.255 27146 28038 D cellinfo: 46 bytes from 44.241.174.93: icmp_seq=801 ttl=29 time=90.6 ms
08-11 13:03:57.432 27146 28038 D cellinfo: 46 bytes from 44.241.174.93: icmp_seq=802 ttl=29 time=67.9 ms
08-11 13:03:57.632 27146 28038 D cellinfo: 46 bytes from 44.241.174.93: icmp_seq=803 ttl=29 time=67.3 ms
08-11 13:03:57.872 27146 28038 D cellinfo: 46 bytes from 44.241.174.93: icmp_seq=804 ttl=29 time=106 ms
08-11 13:03:58.072 27146 28038 D cellinfo: 46 bytes from 44.241.174.93: icmp_seq=805 ttl=29 time=106 ms
08-11 13:03:58.238 27146 28038 D cellinfo: 46 bytes from 44.241.174.93: icmp_seq=806 ttl=29 time=71.2 ms
08-11 13:03:58.437 27146 28038 D cellinfo: 46 bytes from 44.241.174.93: icmp_seq=807 ttl=29 time=69.1 ms
08-11 13:03:58.638 27146 28038 D cellinfo: 46 bytes from 44.241.174.93: icmp_seq=808 ttl=29 time=69.0 ms
08-11 13:03:58.874 27146 28038 D cellinfo: 46 bytes from 44.241.174.93: icmp_seq=809 ttl=29 time=102 ms
08-11 13:03:59.072 27146 28038 D cellinfo: 46 bytes from 44.241.174.93: icmp_seq=810 ttl=29 time=101 ms
08-11 13:03:59.274 27146 28038 D cellinfo: 46 bytes from 44.241.174.93: icmp_seq=811 ttl=29 time=101 ms
08-11 13:03:59.472 27146 28038 D cellinfo: 46 bytes from 44.241.174.93: icmp_seq=812 ttl=29 time=101 ms
08-11 13:03:59.638 27146 28038 D cellinfo: 46 bytes from 44.241.174.93: icmp_seq=813 ttl=29 time=65.9 ms
08-11 13:03:59.854 27146 28038 D cellinfo: 46 bytes from 44.241.174.93: icmp_seq=814 ttl=29 time=80.9 ms
08-11 13:03:59.878 27146 27146 D cellinfo: Latitude is 39.7357053
08-11 13:03:59.878 27146 27146 D cellinfo: Longitude is -105.0249221
08-11 13:03:59.878 27146 27146 D cellinfo: Instantaneous GPS information: United States, Federal Blvd & W Holden Pl, Denver, CO 80204, USA
08-11 13:03:59.878 27146 27146 D cellinfo: getCurrentLocation() result: Location (success): 39.7357053, -105.0249221
08-11 13:03:59.925 27146 27146 D cellinfo: onCellInfoChanged: Operator: AT&T...1 UpdateTimestamp: 249312662 CellConnectionStatus: 0
08-11 13:03:59.925 27146 27146 D cellinfo: onCellInfoChanged: LTE Cell Bands: [2] Bandwidth: 2147483647 Cell ID: 99077411 Physical Cell ID: 443 Tracking Area Code: 38405 EARFCN: 700
08-11 13:04:00.073 27146 28038 D cellinfo: 46 bytes from 44.241.174.93: icmp_seq=815 ttl=29 time=98.5 ms
08-11 13:04:00.237 27146 28038 D cellinfo: 46 bytes from 44.241.174.93: icmp_seq=816 ttl=29 time=63.8 ms
08-11 13:04:00.437 27146 28038 D cellinfo: 46 bytes from 44.241.174.93: icmp_seq=817 ttl=29 time=63.1 ms
08-11 13:04:00.638 27146 28038 D cellinfo: 46 bytes from 44.241.174.93: icmp_seq=818 ttl=29 time=64.4 ms
08-11 13:04:00.838 27146 28038 D cellinfo: 46 bytes from 44.241.174.93: icmp_seq=819 ttl=29 time=62.4 ms
08-11 13:04:01.071 27146 28038 D cellinfo: 46 bytes from 44.241.174.93: icmp_seq=820 ttl=29 time=96.4 ms
08-11 13:04:01.272 27146 28038 D cellinfo: 46 bytes from 44.241.174.93: icmp_seq=821 ttl=29 time=97.0 ms
08-11 13:04:01.471 27146 28038 D cellinfo: 46 bytes from 44.241.174.93: icmp_seq=822 ttl=29 time=96.6 ms
08-11 13:04:01.673 27146 28038 D cellinfo: 46 bytes from 44.241.174.93: icmp_seq=823 ttl=29 time=97.8 ms
08-11 13:04:01.871 27146 28038 D cellinfo: 46 bytes from 44.241.174.93: icmp_seq=824 ttl=29 time=95.7 ms
08-11 13:04:02.080 27146 28038 D cellinfo: 46 bytes from 44.241.174.93: icmp_seq=825 ttl=29 time=103 ms
08-11 13:04:02.275 27146 28038 D cellinfo: 46 bytes from 44.241.174.93: icmp_seq=826 ttl=29 time=97.8 ms
08-11 13:04:02.472 27146 28038 D cellinfo: 46 bytes from 44.241.174.93: icmp_seq=827 ttl=29 time=95.7 ms
08-11 13:04:02.673 27146 28038 D cellinfo: 46 bytes from 44.241.174.93: icmp_seq=828 ttl=29 time=95.9 ms
08-11 13:04:02.873 27146 28038 D cellinfo: 46 bytes from 44.241.174.93: icmp_seq=829 ttl=29 time=93.9 ms
08-11 13:04:02.874 27146 27146 D cellinfo: Latitude is 39.7357053
08-11 13:04:02.874 27146 27146 D cellinfo: Longitude is -105.0249221
08-11 13:04:02.874 27146 27146 D cellinfo: Instantaneous GPS information: United States, Federal Blvd & W Holden Pl, Denver, CO 80204, USA
08-11 13:04:02.874 27146 27146 D cellinfo: getCurrentLocation() result: Location (success): 39.7357053, -105.0249221
08-11 13:04:02.915 27146 27146 D cellinfo: onCellInfoChanged: Operator: AT&T...1 UpdateTimestamp: 249315654 CellConnectionStatus: 0
08-11 13:04:02.915 27146 27146 D cellinfo: onCellInfoChanged: LTE Cell Bands: [2] Bandwidth: 2147483647 Cell ID: 99077411 Physical Cell ID: 443 Tracking Area Code: 38405 EARFCN: 700
08-11 13:04:03.072 27146 28038 D cellinfo: 46 bytes from 44.241.174.93: icmp_seq=830 ttl=29 time=94.6 ms
08-11 13:04:03.276 27146 28038 D cellinfo: 46 bytes from 44.241.174.93: icmp_seq=831 ttl=29 time=94.0 ms
08-11 13:04:03.472 27146 28038 D cellinfo: 46 bytes from 44.241.174.93: icmp_seq=832 ttl=29 time=92.7 ms
08-11 13:04:03.672 27146 28038 D cellinfo: 46 bytes from 44.241.174.93: icmp_seq=833 ttl=29 time=91.9 ms
08-11 13:04:03.872 27146 28038 D cellinfo: 46 bytes from 44.241.174.93: icmp_seq=834 ttl=29 time=90.8 ms
08-11 13:04:04.071 27146 28038 D cellinfo: 46 bytes from 44.241.174.93: icmp_seq=835 ttl=29 time=90.1 ms
08-11 13:04:04.274 27146 28038 D cellinfo: 46 bytes from 44.241.174.93: icmp_seq=836 ttl=29 time=90.7 ms
08-11 13:04:04.472 27146 28038 D cellinfo: 46 bytes from 44.241.174.93: icmp_seq=837 ttl=29 time=89.7 ms
08-11 13:04:04.671 27146 28038 D cellinfo: 46 bytes from 44.241.174.93: icmp_seq=838 ttl=29 time=88.4 ms
08-11 13:04:04.872 27146 28038 D cellinfo: 46 bytes from 44.241.174.93: icmp_seq=839 ttl=29 time=86.9 ms
08-11 13:04:05.073 27146 28038 D cellinfo: 46 bytes from 44.241.174.93: icmp_seq=840 ttl=29 time=86.6 ms
08-11 13:04:05.273 27146 28038 D cellinfo: 46 bytes from 44.241.174.93: icmp_seq=841 ttl=29 time=88.9 ms
08-11 13:04:05.472 27146 28038 D cellinfo: 46 bytes from 44.241.174.93: icmp_seq=842 ttl=29 time=85.6 ms
08-11 13:04:05.672 27146 28038 D cellinfo: 46 bytes from 44.241.174.93: icmp_seq=843 ttl=29 time=84.8 ms
08-11 13:04:05.911 27146 28038 D cellinfo: 46 bytes from 44.241.174.93: icmp_seq=844 ttl=29 time=123 ms
08-11 13:04:05.925 27146 27146 D cellinfo: onCellInfoChanged: Operator: AT&T...1 UpdateTimestamp: 249318660 CellConnectionStatus: 0
08-11 13:04:05.925 27146 27146 D cellinfo: onCellInfoChanged: LTE Cell Bands: [2] Bandwidth: 2147483647 Cell ID: 99077411 Physical Cell ID: 443 Tracking Area Code: 38405 EARFCN: 700
08-11 13:04:06.072 27146 28038 D cellinfo: 46 bytes from 44.241.174.93: icmp_seq=845 ttl=29 time=83.7 ms
08-11 13:04:06.273 27146 28038 D cellinfo: 46 bytes from 44.241.174.93: icmp_seq=846 ttl=29 time=83.7 ms
08-11 13:04:06.459 27146 28038 D cellinfo: 46 bytes from 44.241.174.93: icmp_seq=847 ttl=29 time=67.7 ms
08-11 13:04:06.671 27146 28038 D cellinfo: 46 bytes from 44.241.174.93: icmp_seq=848 ttl=29 time=81.1 ms
08-11 13:04:06.871 27146 28038 D cellinfo: 46 bytes from 44.241.174.93: icmp_seq=849 ttl=29 time=80.3 ms
08-11 13:04:07.071 27146 28038 D cellinfo: 46 bytes from 44.241.174.93: icmp_seq=850 ttl=29 time=79.1 ms
08-11 13:04:07.271 27146 28038 D cellinfo: 46 bytes from 44.241.174.93: icmp_seq=851 ttl=29 time=78.8 ms
08-11 13:04:07.475 27146 28038 D cellinfo: 46 bytes from 44.241.174.93: icmp_seq=852 ttl=29 time=79.4 ms
08-11 13:04:07.673 27146 28038 D cellinfo: 46 bytes from 44.241.174.93: icmp_seq=853 ttl=29 time=75.2 ms
08-11 13:04:07.718 27146 27146 D cellinfo: Latitude is 39.7353656
08-11 13:04:07.718 27146 27146 D cellinfo: Longitude is -105.0253292
08-11 13:04:07.718 27146 27146 D cellinfo: Instantaneous GPS information: United States, 1229 Federal Blvd, Denver, CO 80204, USA
08-11 13:04:07.719 27146 27146 D cellinfo: getCurrentLocation() result: Location (success): 39.7353656, -105.0253292
08-11 13:04:07.876 27146 28038 D cellinfo: 46 bytes from 44.241.174.93: icmp_seq=854 ttl=29 time=78.1 ms
08-11 13:04:08.072 27146 28038 D cellinfo: 46 bytes from 44.241.174.93: icmp_seq=855 ttl=29 time=73.0 ms
08-11 13:04:08.272 27146 28038 D cellinfo: 46 bytes from 44.241.174.93: icmp_seq=856 ttl=29 time=73.7 ms
08-11 13:04:08.480 27146 28038 D cellinfo: 46 bytes from 44.241.174.93: icmp_seq=857 ttl=29 time=79.7 ms
