08-04 21:22:02.840 14336 14336 D cellinfo: onsignalStrengthsChanged: 5G-NR Signal Strength info: ssrsrp: -102 ssrsrq: -12 sssinr: 2147483647
08-04 21:22:02.855 14336 14336 D cellinfo: onServiceStateChanged: Channel Number: 66736 Cell Bandwidths: [20000, 10000, 15000]
08-04 21:22:03.018 14336 14394 D cellinfo: 46 bytes from 54.197.223.49: icmp_seq=1621 ttl=38 time=37.2 ms
08-04 21:22:03.220 14336 14394 D cellinfo: 46 bytes from 54.197.223.49: icmp_seq=1622 ttl=38 time=39.1 ms
08-04 21:22:03.425 14336 14394 D cellinfo: 46 bytes from 54.197.223.49: icmp_seq=1623 ttl=38 time=43.8 ms
08-04 21:22:03.625 14336 14394 D cellinfo: 46 bytes from 54.197.223.49: icmp_seq=1624 ttl=38 time=43.3 ms
08-04 21:22:03.824 14336 14394 D cellinfo: 46 bytes from 54.197.223.49: icmp_seq=1625 ttl=38 time=40.2 ms
08-04 21:22:03.902 14336 14336 D cellinfo: Latitude is 42.3344072
08-04 21:22:03.902 14336 14336 D cellinfo: Longitude is -71.084307
08-04 21:22:03.902 14336 14336 D cellinfo: Instantaneous GPS information: United States, 75 Dewitt Dr, Boston, MA 02120, USA
08-04 21:22:03.902 14336 14336 D cellinfo: getCurrentLocation() result: Location (success): 42.3344072, -71.084307
08-04 21:22:03.904 14336 14336 D cellinfo: onCellInfoChanged: Operator: T-Mobile UpdateTimestamp: 877004724 CellConnectionStatus: 0
08-04 21:22:03.904 14336 14336 D cellinfo: onCellInfoChanged: LTE Cell Bands: [66] Bandwidth: 20000 Cell ID: 122346241 Physical Cell ID: 360 Tracking Area Code: 22005 EARFCN: 66736
08-04 21:22:04.023 14336 14394 D cellinfo: 46 bytes from 54.197.223.49: icmp_seq=1626 ttl=38 time=38.8 ms
08-04 21:22:04.243 14336 14394 D cellinfo: 46 bytes from 54.197.223.49: icmp_seq=1627 ttl=38 time=59.4 ms
08-04 21:22:04.434 14336 14394 D cellinfo: 46 bytes from 54.197.223.49: icmp_seq=1628 ttl=38 time=49.5 ms
08-04 21:22:04.650 14336 14394 D cellinfo: 46 bytes from 54.197.223.49: icmp_seq=1629 ttl=38 time=64.2 ms
08-04 21:22:04.854 14336 14394 D cellinfo: 46 bytes from 54.197.223.49: icmp_seq=1630 ttl=38 time=67.9 ms
08-04 21:22:05.047 14336 14394 D cellinfo: 46 bytes from 54.197.223.49: icmp_seq=1631 ttl=38 time=60.8 ms
08-04 21:22:05.238 14336 14394 D cellinfo: 46 bytes from 54.197.223.49: icmp_seq=1632 ttl=38 time=52.1 ms
08-04 21:22:05.324 14336 14336 D cellinfo: onsignalStrengthsChanged: LTE Signal Strength info: rsrp: -103 rsrq: -16 rssi: -65 rssnr: -2
08-04 21:22:05.324 14336 14336 D cellinfo: onsignalStrengthsChanged: 5G-NR Signal Strength info: ssrsrp: -104 ssrsrq: -12 sssinr: 2147483647
08-04 21:22:05.450 14336 14394 D cellinfo: 46 bytes from 54.197.223.49: icmp_seq=1633 ttl=38 time=63.7 ms
08-04 21:22:05.541 14336 14336 D cellinfo: onsignalStrengthsChanged: LTE Signal Strength info: rsrp: -103 rsrq: -16 rssi: -67 rssnr: 0
08-04 21:22:05.541 14336 14336 D cellinfo: onsignalStrengthsChanged: 5G-NR Signal Strength info: ssrsrp: -104 ssrsrq: -12 sssinr: 2147483647
08-04 21:22:05.649 14336 14394 D cellinfo: 46 bytes from 54.197.223.49: icmp_seq=1634 ttl=38 time=61.6 ms
08-04 21:22:05.844 14336 14394 D cellinfo: 46 bytes from 54.197.223.49: icmp_seq=1635 ttl=38 time=55.1 ms
08-04 21:22:06.050 14336 14394 D cellinfo: 46 bytes from 54.197.223.49: icmp_seq=1636 ttl=38 time=60.5 ms
08-04 21:22:06.243 14336 14394 D cellinfo: 46 bytes from 54.197.223.49: icmp_seq=1637 ttl=38 time=53.3 ms
08-04 21:22:06.444 14336 14394 D cellinfo: 46 bytes from 54.197.223.49: icmp_seq=1638 ttl=38 time=53.0 ms
08-04 21:22:06.643 14336 14394 D cellinfo: 46 bytes from 54.197.223.49: icmp_seq=1639 ttl=38 time=51.4 ms
08-04 21:22:06.835 14336 14394 D cellinfo: 46 bytes from 54.197.223.49: icmp_seq=1640 ttl=38 time=41.4 ms
08-04 21:22:06.865 14336 14336 D cellinfo: Latitude is 42.3342793
08-04 21:22:06.865 14336 14336 D cellinfo: Longitude is -71.084026
08-04 21:22:06.865 14336 14336 D cellinfo: Instantaneous GPS information: United States, 59 Dewitt Dr, Boston, MA 02120, USA
08-04 21:22:06.865 14336 14336 D cellinfo: getCurrentLocation() result: Location (success): 42.3342793, -71.084026
08-04 21:22:06.867 14336 14336 D cellinfo: onCellInfoChanged: Operator: T-Mobile UpdateTimestamp: 877007728 CellConnectionStatus: 0
08-04 21:22:06.867 14336 14336 D cellinfo: onCellInfoChanged: LTE Cell Bands: [66] Bandwidth: 20000 Cell ID: 122346241 Physical Cell ID: 360 Tracking Area Code: 22005 EARFCN: 66736
08-04 21:22:07.038 14336 14394 D cellinfo: 46 bytes from 54.197.223.49: icmp_seq=1641 ttl=38 time=44.3 ms
08-04 21:22:07.243 14336 14394 D cellinfo: 46 bytes from 54.197.223.49: icmp_seq=1642 ttl=38 time=49.2 ms
08-04 21:22:07.444 14336 14394 D cellinfo: 46 bytes from 54.197.223.49: icmp_seq=1643 ttl=38 time=49.0 ms
08-04 21:22:07.644 14336 14394 D cellinfo: 46 bytes from 54.197.223.49: icmp_seq=1644 ttl=38 time=48.9 ms
08-04 21:22:07.849 14336 14394 D cellinfo: 46 bytes from 54.197.223.49: icmp_seq=1645 ttl=38 time=53.7 ms
08-04 21:22:08.039 14336 14394 D cellinfo: 46 bytes from 54.197.223.49: icmp_seq=1646 ttl=38 time=42.9 ms
08-04 21:22:08.243 14336 14394 D cellinfo: 46 bytes from 54.197.223.49: icmp_seq=1647 ttl=38 time=48.1 ms
08-04 21:22:08.327 14336 14336 D cellinfo: onsignalStrengthsChanged: LTE Signal Strength info: rsrp: -103 rsrq: -16 rssi: -67 rssnr: 0
08-04 21:22:08.327 14336 14336 D cellinfo: onsignalStrengthsChanged: 5G-NR Signal Strength info: ssrsrp: -107 ssrsrq: -14 sssinr: 21
08-04 21:22:08.444 14336 14394 D cellinfo: 46 bytes from 54.197.223.49: icmp_seq=1648 ttl=38 time=47.6 ms
08-04 21:22:08.643 14336 14394 D cellinfo: 46 bytes from 54.197.223.49: icmp_seq=1649 ttl=38 time=45.9 ms
08-04 21:22:08.849 14336 14394 D cellinfo: 46 bytes from 54.197.223.49: icmp_seq=1650 ttl=38 time=51.2 ms
08-04 21:22:09.050 14336 14394 D cellinfo: 46 bytes from 54.197.223.49: icmp_seq=1651 ttl=38 time=51.7 ms
08-04 21:22:09.244 14336 14394 D cellinfo: 46 bytes from 54.197.223.49: icmp_seq=1652 ttl=38 time=46.3 ms
08-04 21:22:09.443 14336 14394 D cellinfo: 46 bytes from 54.197.223.49: icmp_seq=1653 ttl=38 time=44.7 ms
08-04 21:22:09.650 14336 14394 D cellinfo: 46 bytes from 54.197.223.49: icmp_seq=1654 ttl=38 time=49.5 ms
08-04 21:22:09.839 14336 14394 D cellinfo: 46 bytes from 54.197.223.49: icmp_seq=1655 ttl=38 time=36.9 ms
08-04 21:22:09.897 14336 14336 D cellinfo: Latitude is 42.3342991
08-04 21:22:09.897 14336 14336 D cellinfo: Longitude is -71.0838575
08-04 21:22:09.897 14336 14336 D cellinfo: Instantaneous GPS information: United States, 59 Dewitt Dr, Boston, MA 02120, USA
08-04 21:22:09.897 14336 14336 D cellinfo: getCurrentLocation() result: Location (success): 42.3342991, -71.0838575
08-04 21:22:09.900 14336 14336 D cellinfo: onCellInfoChanged: Operator: T-Mobile UpdateTimestamp: 877010725 CellConnectionStatus: 0
08-04 21:22:09.900 14336 14336 D cellinfo: onCellInfoChanged: LTE Cell Bands: [66] Bandwidth: 20000 Cell ID: 122346241 Physical Cell ID: 360 Tracking Area Code: 22005 EARFCN: 66736
08-04 21:22:10.020 14336 14336 D cellinfo: onsignalStrengthsChanged: LTE Signal Strength info: rsrp: -104 rsrq: -19 rssi: -63 rssnr: 0
08-04 21:22:10.020 14336 14336 D cellinfo: onsignalStrengthsChanged: 5G-NR Signal Strength info: ssrsrp: -107 ssrsrq: -14 sssinr: 21
08-04 21:22:10.034 14336 14394 D cellinfo: 46 bytes from 54.197.223.49: icmp_seq=1656 ttl=38 time=31.5 ms
08-04 21:22:10.263 14336 14394 D cellinfo: 46 bytes from 54.197.223.49: icmp_seq=1657 ttl=38 time=59.7 ms
08-04 21:22:10.465 14336 14394 D cellinfo: 46 bytes from 54.197.223.49: icmp_seq=1658 ttl=38 time=59.9 ms
08-04 21:22:10.666 14336 14394 D cellinfo: 46 bytes from 54.197.223.49: icmp_seq=1659 ttl=38 time=60.2 ms
08-04 21:22:10.865 14336 14394 D cellinfo: 46 bytes from 54.197.223.49: icmp_seq=1660 ttl=38 time=58.7 ms
08-04 21:22:11.064 14336 14394 D cellinfo: 46 bytes from 54.197.223.49: icmp_seq=1661 ttl=38 time=56.7 ms
08-04 21:22:11.269 14336 14394 D cellinfo: 46 bytes from 54.197.223.49: icmp_seq=1662 ttl=38 time=60.6 ms
08-04 21:22:11.324 14336 14336 D cellinfo: onsignalStrengthsChanged: LTE Signal Strength info: rsrp: -104 rsrq: -19 rssi: -63 rssnr: 0
08-04 21:22:11.324 14336 14336 D cellinfo: onsignalStrengthsChanged: 5G-NR Signal Strength info: ssrsrp: -104 ssrsrq: -14 sssinr: 29
08-04 21:22:11.459 14336 14394 D cellinfo: 46 bytes from 54.197.223.49: icmp_seq=1663 ttl=38 time=49.9 ms
08-04 21:22:11.660 14336 14394 D cellinfo: 46 bytes from 54.197.223.49: icmp_seq=1664 ttl=38 time=49.8 ms
08-04 21:22:11.864 14336 14394 D cellinfo: 46 bytes from 54.197.223.49: icmp_seq=1665 ttl=38 time=53.9 ms
08-04 21:22:12.067 14336 14394 D cellinfo: 46 bytes from 54.197.223.49: icmp_seq=1666 ttl=38 time=56.2 ms
08-04 21:22:12.262 14336 14336 D cellinfo: onsignalStrengthsChanged: LTE Signal Strength info: rsrp: -105 rsrq: -20 rssi: -63 rssnr: -3
08-04 21:22:12.262 14336 14336 D cellinfo: onsignalStrengthsChanged: 5G-NR Signal Strength info: ssrsrp: -104 ssrsrq: -14 sssinr: 29
08-04 21:22:12.264 14336 14394 D cellinfo: 46 bytes from 54.197.223.49: icmp_seq=1667 ttl=38 time=52.7 ms
08-04 21:22:12.464 14336 14394 D cellinfo: 46 bytes from 54.197.223.49: icmp_seq=1668 ttl=38 time=52.1 ms
08-04 21:22:12.669 14336 14394 D cellinfo: 46 bytes from 54.197.223.49: icmp_seq=1669 ttl=38 time=55.4 ms
08-04 21:22:12.877 14336 14336 D cellinfo: Latitude is 42.334178
08-04 21:22:12.877 14336 14336 D cellinfo: Longitude is -71.0833025
08-04 21:22:12.877 14336 14336 D cellinfo: Instantaneous GPS information: United States, 58 Dewitt Dr, Boston, MA 02119, USA
08-04 21:22:12.877 14336 14336 D cellinfo: getCurrentLocation() result: Location (success): 42.334178, -71.0833025
08-04 21:22:12.900 14336 14394 D cellinfo: 46 bytes from 54.197.223.49: icmp_seq=1670 ttl=38 time=84.6 ms
08-04 21:22:12.926 14336 14336 D cellinfo: onsignalStrengthsChanged: LTE Signal Strength info: rsrp: -105 rsrq: -20 rssi: -63 rssnr: -3
08-04 21:22:12.944 14336 14336 D cellinfo: onServiceStateChanged: Channel Number: 66736 Cell Bandwidths: [20000, 10000, 15000]
08-04 21:22:13.053 14336 14394 D cellinfo: 46 bytes from 54.197.223.49: icmp_seq=1671 ttl=38 time=37.0 ms
08-04 21:22:13.206 14336 14336 D cellinfo: onServiceStateChanged: Channel Number: 66736 Cell Bandwidths: [20000, 15000, 10000]
08-04 21:22:13.238 14336 14336 D cellinfo: onsignalStrengthsChanged: LTE Signal Strength info: rsrp: -105 rsrq: -20 rssi: -63 rssnr: -3
08-04 21:22:13.238 14336 14336 D cellinfo: onsignalStrengthsChanged: 5G-NR Signal Strength info: ssrsrp: -104 ssrsrq: -14 sssinr: 29
08-04 21:22:13.253 14336 14394 D cellinfo: 46 bytes from 54.197.223.49: icmp_seq=1672 ttl=38 time=37.2 ms
08-04 21:22:13.261 14336 14336 D cellinfo: onServiceStateChanged: Channel Number: 66736 Cell Bandwidths: [20000, 15000, 10000]
08-04 21:22:13.271 14336 14336 D cellinfo: onCellInfoChanged: Operator: T-Mobile UpdateTimestamp: 877014148 CellConnectionStatus: 0
08-04 21:22:13.271 14336 14336 D cellinfo: onCellInfoChanged: LTE Cell Bands: [66] Bandwidth: 20000 Cell ID: 32217649 Physical Cell ID: 470 Tracking Area Code: 22005 EARFCN: 66736
08-04 21:22:13.454 14336 14394 D cellinfo: 46 bytes from 54.197.223.49: icmp_seq=1673 ttl=38 time=36.9 ms
08-04 21:22:13.654 14336 14394 D cellinfo: 46 bytes from 54.197.223.49: icmp_seq=1674 ttl=38 time=36.3 ms
08-04 21:22:13.859 14336 14394 D cellinfo: 46 bytes from 54.197.223.49: icmp_seq=1675 ttl=38 time=40.6 ms
08-04 21:22:14.058 14336 14394 D cellinfo: 46 bytes from 54.197.223.49: icmp_seq=1676 ttl=38 time=39.1 ms
08-04 21:22:14.259 14336 14394 D cellinfo: 46 bytes from 54.197.223.49: icmp_seq=1677 ttl=38 time=38.8 ms
08-04 21:22:14.458 14336 14394 D cellinfo: 46 bytes from 54.197.223.49: icmp_seq=1678 ttl=38 time=37.5 ms
08-04 21:22:14.664 14336 14394 D cellinfo: 46 bytes from 54.197.223.49: icmp_seq=1679 ttl=38 time=43.0 ms
08-04 21:22:14.864 14336 14394 D cellinfo: 46 bytes from 54.197.223.49: icmp_seq=1680 ttl=38 time=42.4 ms
08-04 21:22:15.063 14336 14394 D cellinfo: 46 bytes from 54.197.223.49: icmp_seq=1681 ttl=38 time=40.6 ms
08-04 21:22:15.269 14336 14394 D cellinfo: 46 bytes from 54.197.223.49: icmp_seq=1682 ttl=38 time=45.4 ms
08-04 21:22:15.470 14336 14394 D cellinfo: 46 bytes from 54.197.223.49: icmp_seq=1683 ttl=38 time=45.2 ms
08-04 21:22:15.669 14336 14394 D cellinfo: 46 bytes from 54.197.223.49: icmp_seq=1684 ttl=38 time=43.4 ms
08-04 21:22:15.865 14336 14394 D cellinfo: 46 bytes from 54.197.223.49: icmp_seq=1685 ttl=38 time=39.0 ms
08-04 21:22:15.891 14336 14336 D cellinfo: Latitude is 42.3341614
08-04 21:22:15.891 14336 14336 D cellinfo: Longitude is -71.0825893
08-04 21:22:15.891 14336 14336 D cellinfo: Instantaneous GPS information: United States, 10 Hammond St, Boston, MA 02120, USA
08-04 21:22:15.891 14336 14336 D cellinfo: getCurrentLocation() result: Location (success): 42.3341614, -71.0825893
08-04 21:22:15.893 14336 14336 D cellinfo: onCellInfoChanged: Operator: T-Mobile UpdateTimestamp: 877016728 CellConnectionStatus: 0
08-04 21:22:15.893 14336 14336 D cellinfo: onCellInfoChanged: LTE Cell Bands: [66] Bandwidth: 20000 Cell ID: 32217649 Physical Cell ID: 470 Tracking Area Code: 22005 EARFCN: 66736
08-04 21:22:15.893 14336 14336 D cellinfo: onsignalStrengthsChanged: LTE Signal Strength info: rsrp: -103 rsrq: -20 rssi: -65 rssnr: -4
08-04 21:22:15.893 14336 14336 D cellinfo: onsignalStrengthsChanged: 5G-NR Signal Strength info: ssrsrp: -99 ssrsrq: -13 sssinr: 15
08-04 21:22:16.063 14336 14394 D cellinfo: 46 bytes from 54.197.223.49: icmp_seq=1686 ttl=38 time=36.3 ms
08-04 21:22:16.280 14336 14394 D cellinfo: 46 bytes from 54.197.223.49: icmp_seq=1687 ttl=38 time=52.6 ms
08-04 21:22:16.463 14336 14394 D cellinfo: 46 bytes from 54.197.223.49: icmp_seq=1688 ttl=38 time=34.4 ms
08-04 21:22:16.669 14336 14394 D cellinfo: 46 bytes from 54.197.223.49: icmp_seq=1689 ttl=38 time=39.1 ms
08-04 21:22:16.874 14336 14394 D cellinfo: 46 bytes from 54.197.223.49: icmp_seq=1690 ttl=38 time=44.0 ms
08-04 21:22:17.074 14336 14394 D cellinfo: 46 bytes from 54.197.223.49: icmp_seq=1691 ttl=38 time=43.2 ms
08-04 21:22:17.268 14336 14394 D cellinfo: 46 bytes from 54.197.223.49: icmp_seq=1692 ttl=38 time=37.1 ms
08-04 21:22:17.469 14336 14394 D cellinfo: 46 bytes from 54.197.223.49: icmp_seq=1693 ttl=38 time=37.3 ms
08-04 21:22:17.679 14336 14394 D cellinfo: 46 bytes from 54.197.223.49: icmp_seq=1694 ttl=38 time=46.4 ms
08-04 21:22:17.873 14336 14394 D cellinfo: 46 bytes from 54.197.223.49: icmp_seq=1695 ttl=38 time=39.5 ms
08-04 21:22:18.073 14336 14394 D cellinfo: 46 bytes from 54.197.223.49: icmp_seq=1696 ttl=38 time=37.8 ms
08-04 21:22:18.275 14336 14394 D cellinfo: 46 bytes from 54.197.223.49: icmp_seq=1697 ttl=38 time=40.1 ms
08-04 21:22:18.473 14336 14394 D cellinfo: 46 bytes from 54.197.223.49: icmp_seq=1698 ttl=38 time=36.9 ms
08-04 21:22:18.673 14336 14394 D cellinfo: 46 bytes from 54.197.223.49: icmp_seq=1699 ttl=38 time=37.0 ms
08-04 21:22:18.870 14336 14394 D cellinfo: 46 bytes from 54.197.223.49: icmp_seq=1700 ttl=38 time=32.5 ms
08-04 21:22:18.911 14336 14336 D cellinfo: Latitude is 42.3341066
08-04 21:22:18.911 14336 14336 D cellinfo: Longitude is -71.0824936
08-04 21:22:18.911 14336 14336 D cellinfo: Instantaneous GPS information: United States, 435 Melnea Cass Blvd, Boston, MA 02120, USA
08-04 21:22:18.911 14336 14336 D cellinfo: getCurrentLocation() result: Location (success): 42.3341066, -71.0824936
08-04 21:22:18.913 14336 14336 D cellinfo: onCellInfoChanged: Operator: T-Mobile UpdateTimestamp: 877019729 CellConnectionStatus: 0
08-04 21:22:18.913 14336 14336 D cellinfo: onCellInfoChanged: LTE Cell Bands: [66] Bandwidth: 20000 Cell ID: 32217649 Physical Cell ID: 470 Tracking Area Code: 22005 EARFCN: 66736
08-04 21:22:18.913 14336 14336 D cellinfo: onsignalStrengthsChanged: LTE Signal Strength info: rsrp: -103 rsrq: -20 rssi: -65 rssnr: -4
08-04 21:22:18.913 14336 14336 D cellinfo: onsignalStrengthsChanged: 5G-NR Signal Strength info: ssrsrp: -100 ssrsrq: -13 sssinr: 11
08-04 21:22:18.985 14336 14336 D cellinfo: onsignalStrengthsChanged: LTE Signal Strength info: rsrp: -104 rsrq: -19 rssi: -65 rssnr: -2
08-04 21:22:18.985 14336 14336 D cellinfo: onsignalStrengthsChanged: 5G-NR Signal Strength info: ssrsrp: -100 ssrsrq: -13 sssinr: 11
08-04 21:22:19.079 14336 14394 D cellinfo: 46 bytes from 54.197.223.49: icmp_seq=1701 ttl=38 time=40.6 ms
08-04 21:22:19.280 14336 14394 D cellinfo: 46 bytes from 54.197.223.49: icmp_seq=1702 ttl=38 time=40.2 ms
08-04 21:22:19.477 14336 14394 D cellinfo: 46 bytes from 54.197.223.49: icmp_seq=1703 ttl=38 time=36.9 ms
08-04 21:22:19.679 14336 14394 D cellinfo: 46 bytes from 54.197.223.49: icmp_seq=1704 ttl=38 time=38.4 ms
08-04 21:22:19.878 14336 14394 D cellinfo: 46 bytes from 54.197.223.49: icmp_seq=1705 ttl=38 time=36.8 ms
08-04 21:22:20.084 14336 14394 D cellinfo: 46 bytes from 54.197.223.49: icmp_seq=1706 ttl=38 time=42.1 ms
08-04 21:22:20.279 14336 14394 D cellinfo: 46 bytes from 54.197.223.49: icmp_seq=1707 ttl=38 time=36.5 ms
08-04 21:22:20.484 14336 14394 D cellinfo: 46 bytes from 54.197.223.49: icmp_seq=1708 ttl=38 time=40.6 ms
08-04 21:22:20.684 14336 14394 D cellinfo: 46 bytes from 54.197.223.49: icmp_seq=1709 ttl=38 time=39.5 ms
08-04 21:22:20.885 14336 14394 D cellinfo: 46 bytes from 54.197.223.49: icmp_seq=1710 ttl=38 time=38.9 ms
08-04 21:22:21.085 14336 14394 D cellinfo: 46 bytes from 54.197.223.49: icmp_seq=1711 ttl=38 time=38.9 ms
08-04 21:22:21.221 14336 14336 D cellinfo: onsignalStrengthsChanged: LTE Signal Strength info: rsrp: -102 rsrq: -14 rssi: -65 rssnr: 0
08-04 21:22:21.221 14336 14336 D cellinfo: onsignalStrengthsChanged: 5G-NR Signal Strength info: ssrsrp: -100 ssrsrq: -13 sssinr: 11
08-04 21:22:21.286 14336 14394 D cellinfo: 46 bytes from 54.197.223.49: icmp_seq=1712 ttl=38 time=39.4 ms
08-04 21:22:21.484 14336 14394 D cellinfo: 46 bytes from 54.197.223.49: icmp_seq=1713 ttl=38 time=36.4 ms
08-04 21:22:21.688 14336 14394 D cellinfo: 46 bytes from 54.197.223.49: icmp_seq=1714 ttl=38 time=39.6 ms
08-04 21:22:21.889 14336 14394 D cellinfo: 46 bytes from 54.197.223.49: icmp_seq=1715 ttl=38 time=38.6 ms
08-04 21:22:21.894 14336 14336 D cellinfo: Latitude is 42.3341318
08-04 21:22:21.894 14336 14336 D cellinfo: Longitude is -71.0823737
08-04 21:22:21.894 14336 14336 D cellinfo: Instantaneous GPS information: United States, 435 Melnea Cass Blvd, Boston, MA 02120, USA
08-04 21:22:21.894 14336 14336 D cellinfo: getCurrentLocation() result: Location (success): 42.3341318, -71.0823737
08-04 21:22:21.896 14336 14336 D cellinfo: onCellInfoChanged: Operator: T-Mobile UpdateTimestamp: 877022727 CellConnectionStatus: 0
08-04 21:22:21.896 14336 14336 D cellinfo: onCellInfoChanged: LTE Cell Bands: [66] Bandwidth: 20000 Cell ID: 32217649 Physical Cell ID: 470 Tracking Area Code: 22005 EARFCN: 66736
08-04 21:22:21.896 14336 14336 D cellinfo: onsignalStrengthsChanged: LTE Signal Strength info: rsrp: -102 rsrq: -14 rssi: -65 rssnr: 0
08-04 21:22:21.896 14336 14336 D cellinfo: onsignalStrengthsChanged: 5G-NR Signal Strength info: ssrsrp: -101 ssrsrq: -13 sssinr: 15
08-04 21:22:22.091 14336 14394 D cellinfo: 46 bytes from 54.197.223.49: icmp_seq=1716 ttl=38 time=39.6 ms
08-04 21:22:22.289 14336 14394 D cellinfo: 46 bytes from 54.197.223.49: icmp_seq=1717 ttl=38 time=36.8 ms
08-04 21:22:22.488 14336 14394 D cellinfo: 46 bytes from 54.197.223.49: icmp_seq=1718 ttl=38 time=35.7 ms
08-04 21:22:22.693 14336 14394 D cellinfo: 46 bytes from 54.197.223.49: icmp_seq=1719 ttl=38 time=39.9 ms
08-04 21:22:22.893 14336 14394 D cellinfo: 46 bytes from 54.197.223.49: icmp_seq=1720 ttl=38 time=39.6 ms
08-04 21:22:23.100 14336 14394 D cellinfo: 46 bytes from 54.197.223.49: icmp_seq=1721 ttl=38 time=44.7 ms
08-04 21:22:23.299 14336 14394 D cellinfo: 46 bytes from 54.197.223.49: icmp_seq=1722 ttl=38 time=43.1 ms
08-04 21:22:23.461 14336 14336 D cellinfo: onsignalStrengthsChanged: LTE Signal Strength info: rsrp: -99 rsrq: -13 rssi: -65 rssnr: 2
08-04 21:22:23.461 14336 14336 D cellinfo: onsignalStrengthsChanged: 5G-NR Signal Strength info: ssrsrp: -101 ssrsrq: -13 sssinr: 15
08-04 21:22:23.493 14336 14394 D cellinfo: 46 bytes from 54.197.223.49: icmp_seq=1723 ttl=38 time=36.1 ms
08-04 21:22:23.694 14336 14394 D cellinfo: 46 bytes from 54.197.223.49: icmp_seq=1724 ttl=38 time=37.1 ms
08-04 21:22:23.898 14336 14394 D cellinfo: 46 bytes from 54.197.223.49: icmp_seq=1725 ttl=38 time=40.2 ms
08-04 21:22:24.098 14336 14394 D cellinfo: 46 bytes from 54.197.223.49: icmp_seq=1726 ttl=38 time=39.7 ms
08-04 21:22:24.304 14336 14394 D cellinfo: 46 bytes from 54.197.223.49: icmp_seq=1727 ttl=38 time=43.8 ms
08-04 21:22:24.504 14336 14394 D cellinfo: 46 bytes from 54.197.223.49: icmp_seq=1728 ttl=38 time=44.0 ms
08-04 21:22:24.698 14336 14394 D cellinfo: 46 bytes from 54.197.223.49: icmp_seq=1729 ttl=38 time=37.7 ms
08-04 21:22:24.901 14336 14336 D cellinfo: Latitude is 42.3339621
08-04 21:22:24.901 14336 14336 D cellinfo: Longitude is -71.0825023
08-04 21:22:24.901 14336 14336 D cellinfo: Instantaneous GPS information: United States, 435 Melnea Cass Blvd, Boston, MA 02120, USA
08-04 21:22:24.901 14336 14336 D cellinfo: getCurrentLocation() result: Location (success): 42.3339621, -71.0825023
08-04 21:22:24.903 14336 14336 D cellinfo: onCellInfoChanged: Operator: T-Mobile UpdateTimestamp: 877025727 CellConnectionStatus: 0
08-04 21:22:24.903 14336 14336 D cellinfo: onCellInfoChanged: LTE Cell Bands: [66] Bandwidth: 20000 Cell ID: 32217649 Physical Cell ID: 470 Tracking Area Code: 22005 EARFCN: 66736
08-04 21:22:24.903 14336 14336 D cellinfo: onsignalStrengthsChanged: LTE Signal Strength info: rsrp: -99 rsrq: -13 rssi: -65 rssnr: 2
08-04 21:22:24.903 14336 14336 D cellinfo: onsignalStrengthsChanged: 5G-NR Signal Strength info: ssrsrp: -101 ssrsrq: -13 sssinr: 21
08-04 21:22:24.904 14336 14394 D cellinfo: 46 bytes from 54.197.223.49: icmp_seq=1730 ttl=38 time=41.2 ms
08-04 21:22:25.118 14336 14394 D cellinfo: 46 bytes from 54.197.223.49: icmp_seq=1731 ttl=38 time=54.2 ms
08-04 21:22:25.303 14336 14394 D cellinfo: 46 bytes from 54.197.223.49: icmp_seq=1732 ttl=38 time=39.1 ms
08-04 21:22:25.509 14336 14394 D cellinfo: 46 bytes from 54.197.223.49: icmp_seq=1733 ttl=38 time=43.4 ms
08-04 21:22:25.703 14336 14394 D cellinfo: 46 bytes from 54.197.223.49: icmp_seq=1734 ttl=38 time=37.3 ms
08-04 21:22:25.909 14336 14394 D cellinfo: 46 bytes from 54.197.223.49: icmp_seq=1735 ttl=38 time=42.0 ms
08-04 21:22:26.104 14336 14394 D cellinfo: 46 bytes from 54.197.223.49: icmp_seq=1736 ttl=38 time=36.0 ms
08-04 21:22:26.309 14336 14394 D cellinfo: 46 bytes from 54.197.223.49: icmp_seq=1737 ttl=38 time=41.3 ms
08-04 21:22:26.508 14336 14394 D cellinfo: 46 bytes from 54.197.223.49: icmp_seq=1738 ttl=38 time=38.9 ms
08-04 21:22:26.709 14336 14394 D cellinfo: 46 bytes from 54.197.223.49: icmp_seq=1739 ttl=38 time=39.3 ms
08-04 21:22:26.911 14336 14394 D cellinfo: 46 bytes from 54.197.223.49: icmp_seq=1740 ttl=38 time=40.6 ms
08-04 21:22:27.109 14336 14394 D cellinfo: 46 bytes from 54.197.223.49: icmp_seq=1741 ttl=38 time=36.9 ms
08-04 21:22:27.309 14336 14394 D cellinfo: 46 bytes from 54.197.223.49: icmp_seq=1742 ttl=38 time=36.5 ms
08-04 21:22:27.519 14336 14394 D cellinfo: 46 bytes from 54.197.223.49: icmp_seq=1743 ttl=38 time=45.8 ms
08-04 21:22:27.720 14336 14394 D cellinfo: 46 bytes from 54.197.223.49: icmp_seq=1744 ttl=38 time=46.2 ms
08-04 21:22:27.904 14336 14336 D cellinfo: Latitude is 42.3337492
08-04 21:22:27.904 14336 14336 D cellinfo: Longitude is -71.0827363
08-04 21:22:27.904 14336 14336 D cellinfo: Instantaneous GPS information: United States, 38 Dewitt Dr, Boston, MA 02120, USA
08-04 21:22:27.904 14336 14336 D cellinfo: getCurrentLocation() result: Location (success): 42.3337492, -71.0827363
08-04 21:22:27.906 14336 14336 D cellinfo: onCellInfoChanged: Operator: T-Mobile UpdateTimestamp: 877028736 CellConnectionStatus: 0
08-04 21:22:27.906 14336 14336 D cellinfo: onCellInfoChanged: LTE Cell Bands: [66] Bandwidth: 20000 Cell ID: 32217649 Physical Cell ID: 470 Tracking Area Code: 22005 EARFCN: 66736
08-04 21:22:27.907 14336 14336 D cellinfo: onsignalStrengthsChanged: LTE Signal Strength info: rsrp: -99 rsrq: -13 rssi: -65 rssnr: 2
08-04 21:22:27.907 14336 14336 D cellinfo: onsignalStrengthsChanged: 5G-NR Signal Strength info: ssrsrp: -101 ssrsrq: -13 sssinr: 22
08-04 21:22:27.911 14336 14394 D cellinfo: 46 bytes from 54.197.223.49: icmp_seq=1745 ttl=38 time=35.2 ms
08-04 21:22:27.945 14336 14336 D cellinfo: onsignalStrengthsChanged: LTE Signal Strength info: rsrp: -99 rsrq: -14 rssi: -65 rssnr: 2
08-04 21:22:27.945 14336 14336 D cellinfo: onsignalStrengthsChanged: 5G-NR Signal Strength info: ssrsrp: -101 ssrsrq: -13 sssinr: 22
08-04 21:22:28.113 14336 14394 D cellinfo: 46 bytes from 54.197.223.49: icmp_seq=1746 ttl=38 time=37.2 ms
08-04 21:22:28.313 14336 14394 D cellinfo: 46 bytes from 54.197.223.49: icmp_seq=1747 ttl=38 time=36.5 ms
08-04 21:22:28.513 14336 14394 D cellinfo: 46 bytes from 54.197.223.49: icmp_seq=1748 ttl=38 time=35.2 ms
08-04 21:22:28.739 14336 14394 D cellinfo: 46 bytes from 54.197.223.49: icmp_seq=1749 ttl=38 time=60.8 ms
08-04 21:22:28.918 14336 14394 D cellinfo: 46 bytes from 54.197.223.49: icmp_seq=1750 ttl=38 time=39.0 ms
08-04 21:22:29.118 14336 14394 D cellinfo: 46 bytes from 54.197.223.49: icmp_seq=1751 ttl=38 time=38.7 ms
08-04 21:22:29.321 14336 14394 D cellinfo: 46 bytes from 54.197.223.49: icmp_seq=1752 ttl=38 time=40.3 ms
08-04 21:22:29.518 14336 14394 D cellinfo: 46 bytes from 54.197.223.49: icmp_seq=1753 ttl=38 time=36.8 ms
08-04 21:22:29.718 14336 14394 D cellinfo: 46 bytes from 54.197.223.49: icmp_seq=1754 ttl=38 time=36.7 ms
08-04 21:22:29.924 14336 14394 D cellinfo: 46 bytes from 54.197.223.49: icmp_seq=1755 ttl=38 time=41.7 ms
08-04 21:22:30.123 14336 14394 D cellinfo: 46 bytes from 54.197.223.49: icmp_seq=1756 ttl=38 time=39.5 ms
08-04 21:22:30.183 14336 14336 D cellinfo: onsignalStrengthsChanged: LTE Signal Strength info: rsrp: -99 rsrq: -15 rssi: -63 rssnr: 2
08-04 21:22:30.183 14336 14336 D cellinfo: onsignalStrengthsChanged: 5G-NR Signal Strength info: ssrsrp: -101 ssrsrq: -13 sssinr: 22
08-04 21:22:30.324 14336 14394 D cellinfo: 46 bytes from 54.197.223.49: icmp_seq=1757 ttl=38 time=38.8 ms
08-04 21:22:30.523 14336 14394 D cellinfo: 46 bytes from 54.197.223.49: icmp_seq=1758 ttl=38 time=37.8 ms
08-04 21:22:30.723 14336 14394 D cellinfo: 46 bytes from 54.197.223.49: icmp_seq=1759 ttl=38 time=37.4 ms
08-04 21:22:30.875 14336 14336 D cellinfo: Latitude is 42.3337126
08-04 21:22:30.875 14336 14336 D cellinfo: Longitude is -71.0828613
08-04 21:22:30.875 14336 14336 D cellinfo: Instantaneous GPS information: United States, 38 Dewitt Dr, Boston, MA 02120, USA
08-04 21:22:30.876 14336 14336 D cellinfo: getCurrentLocation() result: Location (success): 42.3337126, -71.0828613
08-04 21:22:30.877 14336 14336 D cellinfo: onCellInfoChanged: Operator: T-Mobile UpdateTimestamp: 877031721 CellConnectionStatus: 0
08-04 21:22:30.877 14336 14336 D cellinfo: onCellInfoChanged: LTE Cell Bands: [66] Bandwidth: 20000 Cell ID: 32217649 Physical Cell ID: 470 Tracking Area Code: 22005 EARFCN: 66736
08-04 21:22:30.878 14336 14336 D cellinfo: onsignalStrengthsChanged: LTE Signal Strength info: rsrp: -99 rsrq: -15 rssi: -63 rssnr: 2
08-04 21:22:30.878 14336 14336 D cellinfo: onsignalStrengthsChanged: 5G-NR Signal Strength info: ssrsrp: -102 ssrsrq: -13 sssinr: 14
08-04 21:22:30.923 14336 14394 D cellinfo: 46 bytes from 54.197.223.49: icmp_seq=1760 ttl=38 time=36.8 ms
08-04 21:22:31.123 14336 14394 D cellinfo: 46 bytes from 54.197.223.49: icmp_seq=1761 ttl=38 time=36.4 ms
08-04 21:22:31.323 14336 14394 D cellinfo: 46 bytes from 54.197.223.49: icmp_seq=1762 ttl=38 time=35.5 ms
08-04 21:22:31.533 14336 14394 D cellinfo: 46 bytes from 54.197.223.49: icmp_seq=1763 ttl=38 time=44.2 ms
08-04 21:22:31.728 14336 14394 D cellinfo: 46 bytes from 54.197.223.49: icmp_seq=1764 ttl=38 time=39.2 ms
08-04 21:22:31.935 14336 14394 D cellinfo: 46 bytes from 54.197.223.49: icmp_seq=1765 ttl=38 time=44.9 ms
08-04 21:22:32.129 14336 14394 D cellinfo: 46 bytes from 54.197.223.49: icmp_seq=1766 ttl=38 time=38.2 ms
08-04 21:22:32.328 14336 14394 D cellinfo: 46 bytes from 54.197.223.49: icmp_seq=1767 ttl=38 time=37.1 ms
08-04 21:22:32.422 14336 14336 D cellinfo: onsignalStrengthsChanged: LTE Signal Strength info: rsrp: -99 rsrq: -14 rssi: -63 rssnr: 3
08-04 21:22:32.422 14336 14336 D cellinfo: onsignalStrengthsChanged: 5G-NR Signal Strength info: ssrsrp: -102 ssrsrq: -13 sssinr: 14
08-04 21:22:32.528 14336 14394 D cellinfo: 46 bytes from 54.197.223.49: icmp_seq=1768 ttl=38 time=36.1 ms
08-04 21:22:32.734 14336 14394 D cellinfo: 46 bytes from 54.197.223.49: icmp_seq=1769 ttl=38 time=41.3 ms
08-04 21:22:32.934 14336 14394 D cellinfo: 46 bytes from 54.197.223.49: icmp_seq=1770 ttl=38 time=40.6 ms
08-04 21:22:33.135 14336 14394 D cellinfo: 46 bytes from 54.197.223.49: icmp_seq=1771 ttl=38 time=40.6 ms
08-04 21:22:33.333 14336 14394 D cellinfo: 46 bytes from 54.197.223.49: icmp_seq=1772 ttl=38 time=38.2 ms
08-04 21:22:33.533 14336 14394 D cellinfo: 46 bytes from 54.197.223.49: icmp_seq=1773 ttl=38 time=37.2 ms
08-04 21:22:33.738 14336 14394 D cellinfo: 46 bytes from 54.197.223.49: icmp_seq=1774 ttl=38 time=40.9 ms
08-04 21:22:33.905 14336 14336 D cellinfo: Latitude is 42.333746
08-04 21:22:33.905 14336 14336 D cellinfo: Longitude is -71.0828312
08-04 21:22:33.905 14336 14336 D cellinfo: Instantaneous GPS information: United States, 38 Dewitt Dr, Boston, MA 02120, USA
08-04 21:22:33.905 14336 14336 D cellinfo: getCurrentLocation() result: Location (success): 42.333746, -71.0828312
08-04 21:22:33.907 14336 14336 D cellinfo: onCellInfoChanged: Operator: T-Mobile UpdateTimestamp: 877034725 CellConnectionStatus: 0
08-04 21:22:33.907 14336 14336 D cellinfo: onCellInfoChanged: LTE Cell Bands: [66] Bandwidth: 20000 Cell ID: 32217649 Physical Cell ID: 470 Tracking Area Code: 22005 EARFCN: 66736
08-04 21:22:33.907 14336 14336 D cellinfo: onsignalStrengthsChanged: LTE Signal Strength info: rsrp: -99 rsrq: -14 rssi: -63 rssnr: 3
08-04 21:22:33.907 14336 14336 D cellinfo: onsignalStrengthsChanged: 5G-NR Signal Strength info: ssrsrp: -103 ssrsrq: -14 sssinr: 10
08-04 21:22:33.934 14336 14394 D cellinfo: 46 bytes from 54.197.223.49: icmp_seq=1775 ttl=38 time=35.0 ms
08-04 21:22:34.139 14336 14394 D cellinfo: 46 bytes from 54.197.223.49: icmp_seq=1776 ttl=38 time=39.4 ms
08-04 21:22:34.339 14336 14394 D cellinfo: 46 bytes from 54.197.223.49: icmp_seq=1777 ttl=38 time=39.0 ms
08-04 21:22:34.539 14336 14394 D cellinfo: 46 bytes from 54.197.223.49: icmp_seq=1778 ttl=38 time=38.1 ms
08-04 21:22:34.739 14336 14394 D cellinfo: 46 bytes from 54.197.223.49: icmp_seq=1779 ttl=38 time=37.4 ms
08-04 21:22:34.939 14336 14394 D cellinfo: 46 bytes from 54.197.223.49: icmp_seq=1780 ttl=38 time=36.2 ms
08-04 21:22:35.144 14336 14394 D cellinfo: 46 bytes from 54.197.223.49: icmp_seq=1781 ttl=38 time=40.7 ms
08-04 21:22:35.344 14336 14394 D cellinfo: 46 bytes from 54.197.223.49: icmp_seq=1782 ttl=38 time=39.2 ms
08-04 21:22:35.549 14336 14394 D cellinfo: 46 bytes from 54.197.223.49: icmp_seq=1783 ttl=38 time=43.9 ms
08-04 21:22:35.775 14336 14394 D cellinfo: 46 bytes from 54.197.223.49: icmp_seq=1784 ttl=38 time=69.9 ms
08-04 21:22:35.969 14336 14394 D cellinfo: 46 bytes from 54.197.223.49: icmp_seq=1785 ttl=38 time=63.4 ms
08-04 21:22:36.149 14336 14394 D cellinfo: 46 bytes from 54.197.223.49: icmp_seq=1786 ttl=38 time=42.3 ms
08-04 21:22:36.348 14336 14394 D cellinfo: 46 bytes from 54.197.223.49: icmp_seq=1787 ttl=38 time=40.2 ms
08-04 21:22:36.554 14336 14394 D cellinfo: 46 bytes from 54.197.223.49: icmp_seq=1788 ttl=38 time=45.4 ms
08-04 21:22:36.720 14336 14336 D cellinfo: Latitude is 42.333746
08-04 21:22:36.721 14336 14336 D cellinfo: Longitude is -71.0828312
08-04 21:22:36.721 14336 14336 D cellinfo: Instantaneous GPS information: United States, 38 Dewitt Dr, Boston, MA 02120, USA
08-04 21:22:36.721 14336 14336 D cellinfo: getCurrentLocation() result: Location (success): 42.333746, -71.0828312
08-04 21:22:36.754 14336 14394 D cellinfo: 46 bytes from 54.197.223.49: icmp_seq=1789 ttl=38 time=44.9 ms
08-04 21:22:36.772 14336 14336 D cellinfo: onCellInfoChanged: Operator: T-Mobile UpdateTimestamp: 877037720 CellConnectionStatus: 0
08-04 21:22:36.772 14336 14336 D cellinfo: onCellInfoChanged: LTE Cell Bands: [66] Bandwidth: 20000 Cell ID: 32217649 Physical Cell ID: 470 Tracking Area Code: 22005 EARFCN: 66736
08-04 21:22:36.799 14336 14336 D cellinfo: onsignalStrengthsChanged: LTE Signal Strength info: rsrp: -99 rsrq: -14 rssi: -63 rssnr: 3
08-04 21:22:36.799 14336 14336 D cellinfo: onsignalStrengthsChanged: 5G-NR Signal Strength info: ssrsrp: -102 ssrsrq: -13 sssinr: 18
08-04 21:22:36.897 14336 14336 D cellinfo: onsignalStrengthsChanged: LTE Signal Strength info: rsrp: -99 rsrq: -13 rssi: -67 rssnr: 2
08-04 21:22:36.897 14336 14336 D cellinfo: onsignalStrengthsChanged: 5G-NR Signal Strength info: ssrsrp: -102 ssrsrq: -13 sssinr: 18
08-04 21:22:36.968 14336 14394 D cellinfo: 46 bytes from 54.197.223.49: icmp_seq=1790 ttl=38 time=58.0 ms
08-04 21:22:37.148 14336 14394 D cellinfo: 46 bytes from 54.197.223.49: icmp_seq=1791 ttl=38 time=37.1 ms
08-04 21:22:37.369 14336 14394 D cellinfo: 46 bytes from 54.197.223.49: icmp_seq=1792 ttl=38 time=57.9 ms
08-04 21:22:37.549 14336 14394 D cellinfo: 46 bytes from 54.197.223.49: icmp_seq=1793 ttl=38 time=37.0 ms
08-04 21:22:37.764 14336 14394 D cellinfo: 46 bytes from 54.197.223.49: icmp_seq=1794 ttl=38 time=51.7 ms
08-04 21:22:37.969 14336 14394 D cellinfo: 46 bytes from 54.197.223.49: icmp_seq=1795 ttl=38 time=55.5 ms
08-04 21:22:38.169 14336 14394 D cellinfo: 46 bytes from 54.197.223.49: icmp_seq=1796 ttl=38 time=54.4 ms
08-04 21:22:38.374 14336 14394 D cellinfo: 46 bytes from 54.197.223.49: icmp_seq=1797 ttl=38 time=58.8 ms
08-04 21:22:38.553 14336 14394 D cellinfo: 46 bytes from 54.197.223.49: icmp_seq=1798 ttl=38 time=37.5 ms
08-04 21:22:38.775 14336 14394 D cellinfo: 46 bytes from 54.197.223.49: icmp_seq=1799 ttl=38 time=58.1 ms
08-04 21:22:38.954 14336 14394 D cellinfo: 46 bytes from 54.197.223.49: icmp_seq=1800 ttl=38 time=36.4 ms
08-04 21:22:39.141 14336 14336 D cellinfo: onsignalStrengthsChanged: LTE Signal Strength info: rsrp: -100 rsrq: -15 rssi: -67 rssnr: 1
08-04 21:22:39.142 14336 14336 D cellinfo: onsignalStrengthsChanged: 5G-NR Signal Strength info: ssrsrp: -102 ssrsrq: -13 sssinr: 18
08-04 21:22:39.168 14336 14394 D cellinfo: 46 bytes from 54.197.223.49: icmp_seq=1801 ttl=38 time=49.9 ms
08-04 21:22:39.364 14336 14394 D cellinfo: 46 bytes from 54.197.223.49: icmp_seq=1802 ttl=38 time=45.3 ms
08-04 21:22:39.559 14336 14394 D cellinfo: 46 bytes from 54.197.223.49: icmp_seq=1803 ttl=38 time=39.6 ms
08-04 21:22:39.760 14336 14394 D cellinfo: 46 bytes from 54.197.223.49: icmp_seq=1804 ttl=38 time=38.9 ms
08-04 21:22:39.896 14336 14336 D cellinfo: Latitude is 42.3341307
08-04 21:22:39.896 14336 14336 D cellinfo: Longitude is -71.0826178
08-04 21:22:39.896 14336 14336 D cellinfo: Instantaneous GPS information: United States, 10 Hammond St, Boston, MA 02120, USA
08-04 21:22:39.896 14336 14336 D cellinfo: getCurrentLocation() result: Location (success): 42.3341307, -71.0826178
08-04 21:22:39.897 14336 14336 D cellinfo: onCellInfoChanged: Operator: T-Mobile UpdateTimestamp: 877040723 CellConnectionStatus: 0
08-04 21:22:39.897 14336 14336 D cellinfo: onCellInfoChanged: LTE Cell Bands: [66] Bandwidth: 20000 Cell ID: 32217649 Physical Cell ID: 470 Tracking Area Code: 22005 EARFCN: 66736
08-04 21:22:39.898 14336 14336 D cellinfo: onsignalStrengthsChanged: LTE Signal Strength info: rsrp: -100 rsrq: -15 rssi: -67 rssnr: 1
08-04 21:22:39.898 14336 14336 D cellinfo: onsignalStrengthsChanged: 5G-NR Signal Strength info: ssrsrp: -102 ssrsrq: -13 sssinr: 17
08-04 21:22:39.959 14336 14394 D cellinfo: 46 bytes from 54.197.223.49: icmp_seq=1805 ttl=38 time=37.6 ms
08-04 21:22:40.164 14336 14394 D cellinfo: 46 bytes from 54.197.223.49: icmp_seq=1806 ttl=38 time=41.7 ms
08-04 21:22:40.236 14336 14336 D cellinfo: onsignalStrengthsChanged: LTE Signal Strength info: rsrp: -100 rsrq: -15 rssi: -67 rssnr: 1
08-04 21:22:40.236 14336 14336 D cellinfo: onsignalStrengthsChanged: 5G-NR Signal Strength info: ssrsrp: -102 ssrsrq: -13 sssinr: 12
08-04 21:22:40.436 14336 14394 D cellinfo: 46 bytes from 54.197.223.49: icmp_seq=1807 ttl=38 time=112 ms
08-04 21:22:40.474 14336 14336 D cellinfo: onsignalStrengthsChanged: LTE Signal Strength info: rsrp: -100 rsrq: -15 rssi: -67 rssnr: 1
08-04 21:22:40.486 14336 14336 D cellinfo: onServiceStateChanged: Channel Number: 66736 Cell Bandwidths: [20000, 15000, 10000]
08-04 21:22:40.541 14336 14336 D cellinfo: onServiceStateChanged: Channel Number: 66736 Cell Bandwidths: [20000]
08-04 21:22:40.635 14336 14394 D cellinfo: 46 bytes from 54.197.223.49: icmp_seq=1808 ttl=38 time=110 ms
08-04 21:22:40.765 14336 14394 D cellinfo: 46 bytes from 54.197.223.49: icmp_seq=1809 ttl=38 time=39.8 ms
08-04 21:22:40.814 14336 14336 D cellinfo: onServiceStateChanged: Channel Number: 66736 Cell Bandwidths: [20000, 15000, 10000]
08-04 21:22:40.853 14336 14336 D cellinfo: onsignalStrengthsChanged: LTE Signal Strength info: rsrp: -100 rsrq: -15 rssi: -67 rssnr: 1
08-04 21:22:40.853 14336 14336 D cellinfo: onsignalStrengthsChanged: 5G-NR Signal Strength info: ssrsrp: -102 ssrsrq: -13 sssinr: 12
08-04 21:22:40.886 14336 14336 D cellinfo: onServiceStateChanged: Channel Number: 66736 Cell Bandwidths: [20000, 15000, 10000]
08-04 21:22:40.984 14336 14394 D cellinfo: 46 bytes from 54.197.223.49: icmp_seq=1810 ttl=38 time=59.0 ms
08-04 21:22:41.185 14336 14394 D cellinfo: 46 bytes from 54.197.223.49: icmp_seq=1811 ttl=38 time=58.4 ms
08-04 21:22:41.377 14336 14394 D cellinfo: 46 bytes from 54.197.223.49: icmp_seq=1812 ttl=38 time=49.9 ms
08-04 21:22:41.580 14336 14394 D cellinfo: 46 bytes from 54.197.223.49: icmp_seq=1813 ttl=38 time=52.5 ms
08-04 21:22:41.785 14336 14394 D cellinfo: 46 bytes from 54.197.223.49: icmp_seq=1814 ttl=38 time=55.6 ms
08-04 21:22:41.980 14336 14394 D cellinfo: 46 bytes from 54.197.223.49: icmp_seq=1815 ttl=38 time=50.1 ms
08-04 21:22:42.179 14336 14394 D cellinfo: 46 bytes from 54.197.223.49: icmp_seq=1816 ttl=38 time=48.4 ms
08-04 21:22:42.384 14336 14394 D cellinfo: 46 bytes from 54.197.223.49: icmp_seq=1817 ttl=38 time=51.8 ms
08-04 21:22:42.578 14336 14394 D cellinfo: 46 bytes from 54.197.223.49: icmp_seq=1818 ttl=38 time=45.1 ms
08-04 21:22:42.783 14336 14394 D cellinfo: 46 bytes from 54.197.223.49: icmp_seq=1819 ttl=38 time=50.0 ms
08-04 21:22:42.854 14336 14336 D cellinfo: Latitude is 42.3341497
08-04 21:22:42.854 14336 14336 D cellinfo: Longitude is -71.0825284
08-04 21:22:42.854 14336 14336 D cellinfo: Instantaneous GPS information: United States, 10 Hammond St, Boston, MA 02120, USA
08-04 21:22:42.854 14336 14336 D cellinfo: getCurrentLocation() result: Location (success): 42.3341497, -71.0825284
08-04 21:22:42.855 14336 14336 D cellinfo: onCellInfoChanged: Operator: T-Mobile UpdateTimestamp: 877043729 CellConnectionStatus: 0
08-04 21:22:42.855 14336 14336 D cellinfo: onCellInfoChanged: LTE Cell Bands: [66] Bandwidth: 20000 Cell ID: 13813507 Physical Cell ID: 49 Tracking Area Code: 22005 EARFCN: 66736
08-04 21:22:42.974 14336 14394 D cellinfo: 46 bytes from 54.197.223.49: icmp_seq=1820 ttl=38 time=40.4 ms
08-04 21:22:43.177 14336 14394 D cellinfo: 46 bytes from 54.197.223.49: icmp_seq=1821 ttl=38 time=43.1 ms
08-04 21:22:43.377 14336 14394 D cellinfo: 46 bytes from 54.197.223.49: icmp_seq=1822 ttl=38 time=42.1 ms
08-04 21:22:43.565 14336 14336 D cellinfo: onsignalStrengthsChanged: LTE Signal Strength info: rsrp: -102 rsrq: -13 rssi: -67 rssnr: 0
08-04 21:22:43.565 14336 14336 D cellinfo: onsignalStrengthsChanged: 5G-NR Signal Strength info: ssrsrp: -97 ssrsrq: -13 sssinr: 23
08-04 21:22:43.577 14336 14394 D cellinfo: 46 bytes from 54.197.223.49: icmp_seq=1823 ttl=38 time=41.5 ms
08-04 21:22:43.781 14336 14394 D cellinfo: 46 bytes from 54.197.223.49: icmp_seq=1824 ttl=38 time=44.5 ms
08-04 21:22:43.977 14336 14394 D cellinfo: 46 bytes from 54.197.223.49: icmp_seq=1825 ttl=38 time=39.5 ms
08-04 21:22:44.189 14336 14394 D cellinfo: 46 bytes from 54.197.223.49: icmp_seq=1826 ttl=38 time=49.8 ms
08-04 21:22:44.376 14336 14394 D cellinfo: 46 bytes from 54.197.223.49: icmp_seq=1827 ttl=38 time=36.0 ms
08-04 21:22:44.577 14336 14394 D cellinfo: 46 bytes from 54.197.223.49: icmp_seq=1828 ttl=38 time=36.8 ms
08-04 21:22:44.778 14336 14394 D cellinfo: 46 bytes from 54.197.223.49: icmp_seq=1829 ttl=38 time=36.7 ms
08-04 21:22:44.996 14336 14394 D cellinfo: 46 bytes from 54.197.223.49: icmp_seq=1830 ttl=38 time=53.7 ms
08-04 21:22:45.203 14336 14394 D cellinfo: 46 bytes from 54.197.223.49: icmp_seq=1831 ttl=38 time=59.7 ms
08-04 21:22:45.398 14336 14394 D cellinfo: 46 bytes from 54.197.223.49: icmp_seq=1832 ttl=38 time=53.5 ms
08-04 21:22:45.604 14336 14394 D cellinfo: 46 bytes from 54.197.223.49: icmp_seq=1833 ttl=38 time=58.4 ms
08-04 21:22:45.805 14336 14394 D cellinfo: 46 bytes from 54.197.223.49: icmp_seq=1834 ttl=38 time=57.9 ms
08-04 21:22:45.898 14336 14336 D cellinfo: Latitude is 42.3340092
08-04 21:22:45.898 14336 14336 D cellinfo: Longitude is -71.0823248
08-04 21:22:45.898 14336 14336 D cellinfo: Instantaneous GPS information: United States, 435 Melnea Cass Blvd, Boston, MA 02120, USA
08-04 21:22:45.898 14336 14336 D cellinfo: getCurrentLocation() result: Location (success): 42.3340092, -71.0823248
08-04 21:22:45.899 14336 14336 D cellinfo: onCellInfoChanged: Operator: T-Mobile UpdateTimestamp: 877046729 CellConnectionStatus: 0
08-04 21:22:45.900 14336 14336 D cellinfo: onCellInfoChanged: LTE Cell Bands: [66] Bandwidth: 20000 Cell ID: 13813507 Physical Cell ID: 49 Tracking Area Code: 22005 EARFCN: 66736
08-04 21:22:45.900 14336 14336 D cellinfo: onsignalStrengthsChanged: LTE Signal Strength info: rsrp: -100 rsrq: -12 rssi: -67 rssnr: 2
08-04 21:22:45.900 14336 14336 D cellinfo: onsignalStrengthsChanged: 5G-NR Signal Strength info: ssrsrp: -97 ssrsrq: -13 sssinr: 23
08-04 21:22:45.978 14336 14394 D cellinfo: 46 bytes from 54.197.223.49: icmp_seq=1835 ttl=38 time=31.0 ms
08-04 21:22:46.204 14336 14394 D cellinfo: 46 bytes from 54.197.223.49: icmp_seq=1836 ttl=38 time=56.3 ms
08-04 21:22:46.397 14336 14394 D cellinfo: 46 bytes from 54.197.223.49: icmp_seq=1837 ttl=38 time=49.1 ms
08-04 21:22:46.566 14336 14336 D cellinfo: onsignalStrengthsChanged: LTE Signal Strength info: rsrp: -100 rsrq: -12 rssi: -67 rssnr: 2
08-04 21:22:46.566 14336 14336 D cellinfo: onsignalStrengthsChanged: 5G-NR Signal Strength info: ssrsrp: -93 ssrsrq: -12 sssinr: 2147483647
08-04 21:22:46.596 14336 14394 D cellinfo: 46 bytes from 54.197.223.49: icmp_seq=1838 ttl=38 time=47.3 ms
08-04 21:22:46.798 14336 14394 D cellinfo: 46 bytes from 54.197.223.49: icmp_seq=1839 ttl=38 time=47.8 ms
08-04 21:22:47.004 14336 14394 D cellinfo: 46 bytes from 54.197.223.49: icmp_seq=1840 ttl=38 time=54.1 ms
08-04 21:22:47.198 14336 14394 D cellinfo: 46 bytes from 54.197.223.49: icmp_seq=1841 ttl=38 time=47.8 ms
08-04 21:22:47.396 14336 14394 D cellinfo: 46 bytes from 54.197.223.49: icmp_seq=1842 ttl=38 time=45.7 ms
08-04 21:22:47.605 14336 14394 D cellinfo: 46 bytes from 54.197.223.49: icmp_seq=1843 ttl=38 time=54.1 ms
08-04 21:22:47.805 14336 14394 D cellinfo: 46 bytes from 54.197.223.49: icmp_seq=1844 ttl=38 time=53.2 ms
08-04 21:22:48.000 14336 14394 D cellinfo: 46 bytes from 54.197.223.49: icmp_seq=1845 ttl=38 time=47.3 ms
08-04 21:22:48.103 14336 14336 D cellinfo: onsignalStrengthsChanged: LTE Signal Strength info: rsrp: -96 rsrq: -13 rssi: -61 rssnr: 4
08-04 21:22:48.103 14336 14336 D cellinfo: onsignalStrengthsChanged: 5G-NR Signal Strength info: ssrsrp: -93 ssrsrq: -12 sssinr: 2147483647
08-04 21:22:48.198 14336 14394 D cellinfo: 46 bytes from 54.197.223.49: icmp_seq=1846 ttl=38 time=45.8 ms
08-04 21:22:48.396 14336 14394 D cellinfo: 46 bytes from 54.197.223.49: icmp_seq=1847 ttl=38 time=43.6 ms
08-04 21:22:48.604 14336 14394 D cellinfo: 46 bytes from 54.197.223.49: icmp_seq=1848 ttl=38 time=51.0 ms
08-04 21:22:48.798 14336 14394 D cellinfo: 46 bytes from 54.197.223.49: icmp_seq=1849 ttl=38 time=44.1 ms
08-04 21:22:48.899 14336 14336 D cellinfo: Latitude is 42.3337314
08-04 21:22:48.899 14336 14336 D cellinfo: Longitude is -71.0818682
08-04 21:22:48.899 14336 14336 D cellinfo: Instantaneous GPS information: United States, 429 Melnea Cass Blvd, Boston, MA 02119, USA
08-04 21:22:48.899 14336 14336 D cellinfo: getCurrentLocation() result: Location (success): 42.3337314, -71.0818682
08-04 21:22:48.900 14336 14336 D cellinfo: onCellInfoChanged: Operator: T-Mobile UpdateTimestamp: 877049735 CellConnectionStatus: 0
08-04 21:22:48.901 14336 14336 D cellinfo: onCellInfoChanged: LTE Cell Bands: [66] Bandwidth: 20000 Cell ID: 13813507 Physical Cell ID: 49 Tracking Area Code: 22005 EARFCN: 66736
08-04 21:22:48.993 14336 14394 D cellinfo: 46 bytes from 54.197.223.49: icmp_seq=1850 ttl=38 time=38.0 ms
08-04 21:22:49.197 14336 14394 D cellinfo: 46 bytes from 54.197.223.49: icmp_seq=1851 ttl=38 time=42.4 ms
08-04 21:22:49.410 14336 14394 D cellinfo: 46 bytes from 54.197.223.49: icmp_seq=1852 ttl=38 time=53.9 ms
08-04 21:22:49.565 14336 14336 D cellinfo: onsignalStrengthsChanged: LTE Signal Strength info: rsrp: -96 rsrq: -13 rssi: -61 rssnr: 4
08-04 21:22:49.565 14336 14336 D cellinfo: onsignalStrengthsChanged: 5G-NR Signal Strength info: ssrsrp: -92 ssrsrq: -13 sssinr: 18
08-04 21:22:49.604 14336 14394 D cellinfo: 46 bytes from 54.197.223.49: icmp_seq=1853 ttl=38 time=47.7 ms
08-04 21:22:49.805 14336 14394 D cellinfo: 46 bytes from 54.197.223.49: icmp_seq=1854 ttl=38 time=47.4 ms
08-04 21:22:49.997 14336 14394 D cellinfo: 46 bytes from 54.197.223.49: icmp_seq=1855 ttl=38 time=38.3 ms
08-04 21:22:50.205 14336 14394 D cellinfo: 46 bytes from 54.197.223.49: icmp_seq=1856 ttl=38 time=44.4 ms
08-04 21:22:50.296 14336 14336 D cellinfo: onsignalStrengthsChanged: LTE Signal Strength info: rsrp: -96 rsrq: -13 rssi: -61 rssnr: 4
08-04 21:22:50.296 14336 14336 D cellinfo: onsignalStrengthsChanged: 5G-NR Signal Strength info: ssrsrp: -91 ssrsrq: -13 sssinr: 15
08-04 21:22:50.338 14336 14336 D cellinfo: onsignalStrengthsChanged: LTE Signal Strength info: rsrp: -97 rsrq: -12 rssi: -65 rssnr: 3
08-04 21:22:50.339 14336 14336 D cellinfo: onsignalStrengthsChanged: 5G-NR Signal Strength info: ssrsrp: -91 ssrsrq: -13 sssinr: 15
08-04 21:22:50.414 14336 14394 D cellinfo: 46 bytes from 54.197.223.49: icmp_seq=1857 ttl=38 time=52.8 ms
08-04 21:22:50.620 14336 14394 D cellinfo: 46 bytes from 54.197.223.49: icmp_seq=1858 ttl=38 time=57.7 ms
08-04 21:22:50.831 14336 14394 D cellinfo: 46 bytes from 54.197.223.49: icmp_seq=1859 ttl=38 time=68.3 ms
08-04 21:22:51.055 14336 14394 D cellinfo: 46 bytes from 54.197.223.49: icmp_seq=1860 ttl=38 time=91.5 ms
08-04 21:22:51.404 14336 14394 D cellinfo: 46 bytes from 54.197.223.49: icmp_seq=1861 ttl=38 time=241 ms
08-04 21:22:51.433 14336 14394 D cellinfo: 46 bytes from 54.197.223.49: icmp_seq=1862 ttl=38 time=67.1 ms
08-04 21:22:51.615 14336 14394 D cellinfo: 46 bytes from 54.197.223.49: icmp_seq=1863 ttl=38 time=48.9 ms
08-04 21:22:51.815 14336 14394 D cellinfo: 46 bytes from 54.197.223.49: icmp_seq=1864 ttl=38 time=48.2 ms
08-04 21:22:51.897 14336 14336 D cellinfo: Latitude is 42.3335144
08-04 21:22:51.897 14336 14336 D cellinfo: Longitude is -71.08173
08-04 21:22:51.897 14336 14336 D cellinfo: Instantaneous GPS information: United States, 2001 Washington St, Roxbury, MA 02119, USA
08-04 21:22:51.897 14336 14336 D cellinfo: getCurrentLocation() result: Location (success): 42.3335144, -71.08173
08-04 21:22:51.899 14336 14336 D cellinfo: onCellInfoChanged: Operator: T-Mobile UpdateTimestamp: 877052734 CellConnectionStatus: 0
08-04 21:22:51.899 14336 14336 D cellinfo: onCellInfoChanged: LTE Cell Bands: [66] Bandwidth: 20000 Cell ID: 13813507 Physical Cell ID: 49 Tracking Area Code: 22005 EARFCN: 66736
08-04 21:22:52.020 14336 14394 D cellinfo: 46 bytes from 54.197.223.49: icmp_seq=1865 ttl=38 time=52.5 ms
08-04 21:22:52.105 14336 14336 D cellinfo: onsignalStrengthsChanged: LTE Signal Strength info: rsrp: -97 rsrq: -12 rssi: -65 rssnr: 3
08-04 21:22:52.105 14336 14336 D cellinfo: onsignalStrengthsChanged: 5G-NR Signal Strength info: ssrsrp: -94 ssrsrq: -15 sssinr: 2147483647
08-04 21:22:52.219 14336 14394 D cellinfo: 46 bytes from 54.197.223.49: icmp_seq=1866 ttl=38 time=51.5 ms
08-04 21:22:52.414 14336 14394 D cellinfo: 46 bytes from 54.197.223.49: icmp_seq=1867 ttl=38 time=45.9 ms
08-04 21:22:52.563 14336 14336 D cellinfo: onsignalStrengthsChanged: LTE Signal Strength info: rsrp: -97 rsrq: -12 rssi: -65 rssnr: 3
08-04 21:22:52.563 14336 14336 D cellinfo: onsignalStrengthsChanged: 5G-NR Signal Strength info: ssrsrp: -93 ssrsrq: -14 sssinr: -16
08-04 21:22:52.614 14336 14394 D cellinfo: 46 bytes from 54.197.223.49: icmp_seq=1868 ttl=38 time=45.5 ms
08-04 21:22:52.819 14336 14394 D cellinfo: 46 bytes from 54.197.223.49: icmp_seq=1869 ttl=38 time=49.5 ms
08-04 21:22:53.024 14336 14394 D cellinfo: 46 bytes from 54.197.223.49: icmp_seq=1870 ttl=38 time=53.4 ms
08-04 21:22:53.214 14336 14394 D cellinfo: 46 bytes from 54.197.223.49: icmp_seq=1871 ttl=38 time=43.6 ms
08-04 21:22:53.415 14336 14394 D cellinfo: 46 bytes from 54.197.223.49: icmp_seq=1872 ttl=38 time=43.4 ms
08-04 21:22:53.635 14336 14394 D cellinfo: 46 bytes from 54.197.223.49: icmp_seq=1873 ttl=38 time=62.4 ms
08-04 21:22:53.834 14336 14394 D cellinfo: 46 bytes from 54.197.223.49: icmp_seq=1874 ttl=38 time=60.0 ms
08-04 21:22:54.026 14336 14394 D cellinfo: 46 bytes from 54.197.223.49: icmp_seq=1875 ttl=38 time=51.9 ms
08-04 21:22:54.234 14336 14394 D cellinfo: 46 bytes from 54.197.223.49: icmp_seq=1876 ttl=38 time=60.8 ms
08-04 21:22:54.435 14336 14394 D cellinfo: 46 bytes from 54.197.223.49: icmp_seq=1877 ttl=38 time=60.6 ms
08-04 21:22:54.634 14336 14394 D cellinfo: 46 bytes from 54.197.223.49: icmp_seq=1878 ttl=38 time=58.6 ms
08-04 21:22:54.824 14336 14394 D cellinfo: 46 bytes from 54.197.223.49: icmp_seq=1879 ttl=38 time=47.8 ms
