08-04 21:19:21.773 14336 14336 D cellinfo: onCellInfoChanged: Operator: T-Mobile UpdateTimestamp: 876842721 CellConnectionStatus: 0
08-04 21:19:21.773 14336 14336 D cellinfo: onCellInfoChanged: LTE Cell Bands: [66] Bandwidth: 20000 Cell ID: 122346241 Physical Cell ID: 360 Tracking Area Code: 22005 EARFCN: 66736
08-04 21:19:21.798 14336 14394 D cellinfo: 46 bytes from 54.197.223.49: icmp_seq=818 ttl=38 time=42.7 ms
08-04 21:19:21.999 14336 14394 D cellinfo: 46 bytes from 54.197.223.49: icmp_seq=819 ttl=38 time=41.9 ms
08-04 21:19:22.027 14336 14336 D cellinfo: onsignalStrengthsChanged: LTE Signal Strength info: rsrp: -82 rsrq: -14 rssi: -51 rssnr: 6
08-04 21:19:22.027 14336 14336 D cellinfo: onsignalStrengthsChanged: 5G-NR Signal Strength info: ssrsrp: -104 ssrsrq: -16 sssinr: 2147483647
08-04 21:19:22.200 14336 14394 D cellinfo: 46 bytes from 54.197.223.49: icmp_seq=820 ttl=38 time=42.6 ms
08-04 21:19:22.399 14336 14394 D cellinfo: 46 bytes from 54.197.223.49: icmp_seq=821 ttl=38 time=40.0 ms
08-04 21:19:22.599 14336 14394 D cellinfo: 46 bytes from 54.197.223.49: icmp_seq=822 ttl=38 time=40.2 ms
08-04 21:19:22.800 14336 14394 D cellinfo: 46 bytes from 54.197.223.49: icmp_seq=823 ttl=38 time=40.3 ms
08-04 21:19:23.000 14336 14394 D cellinfo: 46 bytes from 54.197.223.49: icmp_seq=824 ttl=38 time=39.1 ms
08-04 21:19:23.199 14336 14394 D cellinfo: 46 bytes from 54.197.223.49: icmp_seq=825 ttl=38 time=37.5 ms
08-04 21:19:23.399 14336 14394 D cellinfo: 46 bytes from 54.197.223.49: icmp_seq=826 ttl=38 time=37.1 ms
08-04 21:19:23.619 14336 14394 D cellinfo: 46 bytes from 54.197.223.49: icmp_seq=827 ttl=38 time=56.2 ms
08-04 21:19:23.820 14336 14394 D cellinfo: 46 bytes from 54.197.223.49: icmp_seq=828 ttl=38 time=56.9 ms
08-04 21:19:24.020 14336 14394 D cellinfo: 46 bytes from 54.197.223.49: icmp_seq=829 ttl=38 time=56.5 ms
08-04 21:19:24.221 14336 14394 D cellinfo: 46 bytes from 54.197.223.49: icmp_seq=830 ttl=38 time=56.8 ms
08-04 21:19:24.262 14336 14336 D cellinfo: onsignalStrengthsChanged: LTE Signal Strength info: rsrp: -82 rsrq: -16 rssi: -51 rssnr: 7
08-04 21:19:24.262 14336 14336 D cellinfo: onsignalStrengthsChanged: 5G-NR Signal Strength info: ssrsrp: -104 ssrsrq: -16 sssinr: 2147483647
08-04 21:19:24.420 14336 14394 D cellinfo: 46 bytes from 54.197.223.49: icmp_seq=831 ttl=38 time=56.0 ms
08-04 21:19:24.619 14336 14394 D cellinfo: 46 bytes from 54.197.223.49: icmp_seq=832 ttl=38 time=54.3 ms
08-04 21:19:24.804 14336 14394 D cellinfo: 46 bytes from 54.197.223.49: icmp_seq=833 ttl=38 time=39.0 ms
08-04 21:19:24.870 14336 14336 D cellinfo: Latitude is 42.3369099
08-04 21:19:24.870 14336 14336 D cellinfo: Longitude is -71.0868406
08-04 21:19:24.870 14336 14336 D cellinfo: Instantaneous GPS information: United States, 780 Columbus Ave, Boston, MA 02120, USA
08-04 21:19:24.870 14336 14336 D cellinfo: getCurrentLocation() result: Location (success): 42.3369099, -71.0868406
08-04 21:19:24.873 14336 14336 D cellinfo: onCellInfoChanged: Operator: T-Mobile UpdateTimestamp: 876845723 CellConnectionStatus: 0
08-04 21:19:24.873 14336 14336 D cellinfo: onCellInfoChanged: LTE Cell Bands: [66] Bandwidth: 20000 Cell ID: 122346241 Physical Cell ID: 360 Tracking Area Code: 22005 EARFCN: 66736
08-04 21:19:24.999 14336 14394 D cellinfo: 46 bytes from 54.197.223.49: icmp_seq=834 ttl=38 time=33.6 ms
08-04 21:19:25.220 14336 14394 D cellinfo: 46 bytes from 54.197.223.49: icmp_seq=835 ttl=38 time=52.7 ms
08-04 21:19:25.420 14336 14394 D cellinfo: 46 bytes from 54.197.223.49: icmp_seq=836 ttl=38 time=52.6 ms
08-04 21:19:25.621 14336 14394 D cellinfo: 46 bytes from 54.197.223.49: icmp_seq=837 ttl=38 time=52.5 ms
08-04 21:19:25.819 14336 14394 D cellinfo: 46 bytes from 54.197.223.49: icmp_seq=838 ttl=38 time=49.3 ms
08-04 21:19:26.019 14336 14394 D cellinfo: 46 bytes from 54.197.223.49: icmp_seq=839 ttl=38 time=48.5 ms
08-04 21:19:26.219 14336 14394 D cellinfo: 46 bytes from 54.197.223.49: icmp_seq=840 ttl=38 time=48.6 ms
08-04 21:19:26.418 14336 14394 D cellinfo: 46 bytes from 54.197.223.49: icmp_seq=841 ttl=38 time=47.0 ms
08-04 21:19:26.502 14336 14336 D cellinfo: onsignalStrengthsChanged: LTE Signal Strength info: rsrp: -82 rsrq: -14 rssi: -51 rssnr: 6
08-04 21:19:26.502 14336 14336 D cellinfo: onsignalStrengthsChanged: 5G-NR Signal Strength info: ssrsrp: -104 ssrsrq: -16 sssinr: 2147483647
08-04 21:19:26.619 14336 14394 D cellinfo: 46 bytes from 54.197.223.49: icmp_seq=842 ttl=38 time=47.3 ms
08-04 21:19:26.820 14336 14394 D cellinfo: 46 bytes from 54.197.223.49: icmp_seq=843 ttl=38 time=47.2 ms
08-04 21:19:27.020 14336 14394 D cellinfo: 46 bytes from 54.197.223.49: icmp_seq=844 ttl=38 time=46.2 ms
08-04 21:19:27.219 14336 14394 D cellinfo: 46 bytes from 54.197.223.49: icmp_seq=845 ttl=38 time=45.8 ms
08-04 21:19:27.420 14336 14394 D cellinfo: 46 bytes from 54.197.223.49: icmp_seq=846 ttl=38 time=46.5 ms
08-04 21:19:27.622 14336 14394 D cellinfo: 46 bytes from 54.197.223.49: icmp_seq=847 ttl=38 time=47.4 ms
08-04 21:19:27.811 14336 14394 D cellinfo: 46 bytes from 54.197.223.49: icmp_seq=848 ttl=38 time=35.2 ms
08-04 21:19:27.843 14336 14336 D cellinfo: Latitude is 42.3368643
08-04 21:19:27.844 14336 14336 D cellinfo: Longitude is -71.0868806
08-04 21:19:27.844 14336 14336 D cellinfo: Instantaneous GPS information: United States, 780 Columbus Ave, Boston, MA 02120, USA
08-04 21:19:27.844 14336 14336 D cellinfo: getCurrentLocation() result: Location (success): 42.3368643, -71.0868806
08-04 21:19:27.845 14336 14336 D cellinfo: onCellInfoChanged: Operator: T-Mobile UpdateTimestamp: 876848734 CellConnectionStatus: 0
08-04 21:19:27.845 14336 14336 D cellinfo: onCellInfoChanged: LTE Cell Bands: [66] Bandwidth: 20000 Cell ID: 122346241 Physical Cell ID: 360 Tracking Area Code: 22005 EARFCN: 66736
08-04 21:19:28.020 14336 14394 D cellinfo: 46 bytes from 54.197.223.49: icmp_seq=849 ttl=38 time=43.4 ms
08-04 21:19:28.219 14336 14394 D cellinfo: 46 bytes from 54.197.223.49: icmp_seq=850 ttl=38 time=43.4 ms
08-04 21:19:28.420 14336 14394 D cellinfo: 46 bytes from 54.197.223.49: icmp_seq=851 ttl=38 time=42.7 ms
08-04 21:19:28.620 14336 14394 D cellinfo: 46 bytes from 54.197.223.49: icmp_seq=852 ttl=38 time=41.5 ms
08-04 21:19:28.819 14336 14394 D cellinfo: 46 bytes from 54.197.223.49: icmp_seq=853 ttl=38 time=40.2 ms
08-04 21:19:29.020 14336 14394 D cellinfo: 46 bytes from 54.197.223.49: icmp_seq=854 ttl=38 time=40.0 ms
08-04 21:19:29.220 14336 14394 D cellinfo: 46 bytes from 54.197.223.49: icmp_seq=855 ttl=38 time=40.3 ms
08-04 21:19:29.424 14336 14394 D cellinfo: 46 bytes from 54.197.223.49: icmp_seq=856 ttl=38 time=43.7 ms
08-04 21:19:29.647 14336 14394 D cellinfo: 46 bytes from 54.197.223.49: icmp_seq=857 ttl=38 time=65.4 ms
08-04 21:19:29.818 14336 14394 D cellinfo: 46 bytes from 54.197.223.49: icmp_seq=858 ttl=38 time=36.2 ms
08-04 21:19:30.018 14336 14394 D cellinfo: 46 bytes from 54.197.223.49: icmp_seq=859 ttl=38 time=35.3 ms
08-04 21:19:30.239 14336 14394 D cellinfo: 46 bytes from 54.197.223.49: icmp_seq=860 ttl=38 time=56.7 ms
08-04 21:19:30.440 14336 14394 D cellinfo: 46 bytes from 54.197.223.49: icmp_seq=861 ttl=38 time=56.1 ms
08-04 21:19:30.640 14336 14394 D cellinfo: 46 bytes from 54.197.223.49: icmp_seq=862 ttl=38 time=55.8 ms
08-04 21:19:30.719 14336 14336 D cellinfo: Latitude is 42.3369721
08-04 21:19:30.719 14336 14336 D cellinfo: Longitude is -71.0869829
08-04 21:19:30.719 14336 14336 D cellinfo: Instantaneous GPS information: United States, 780 Columbus Ave, Boston, MA 02120, USA
08-04 21:19:30.719 14336 14336 D cellinfo: getCurrentLocation() result: Location (success): 42.3369721, -71.0869829
08-04 21:19:30.776 14336 14336 D cellinfo: onCellInfoChanged: Operator: T-Mobile UpdateTimestamp: 876851726 CellConnectionStatus: 0
08-04 21:19:30.776 14336 14336 D cellinfo: onCellInfoChanged: LTE Cell Bands: [66] Bandwidth: 20000 Cell ID: 122346241 Physical Cell ID: 360 Tracking Area Code: 22005 EARFCN: 66736
08-04 21:19:30.840 14336 14394 D cellinfo: 46 bytes from 54.197.223.49: icmp_seq=863 ttl=38 time=54.9 ms
08-04 21:19:30.977 14336 14336 D cellinfo: onsignalStrengthsChanged: LTE Signal Strength info: rsrp: -81 rsrq: -15 rssi: -51 rssnr: 5
08-04 21:19:30.977 14336 14336 D cellinfo: onsignalStrengthsChanged: 5G-NR Signal Strength info: ssrsrp: -104 ssrsrq: -16 sssinr: 2147483647
08-04 21:19:31.039 14336 14394 D cellinfo: 46 bytes from 54.197.223.49: icmp_seq=864 ttl=38 time=54.2 ms
08-04 21:19:31.240 14336 14394 D cellinfo: 46 bytes from 54.197.223.49: icmp_seq=865 ttl=38 time=54.8 ms
08-04 21:19:31.439 14336 14394 D cellinfo: 46 bytes from 54.197.223.49: icmp_seq=866 ttl=38 time=54.0 ms
08-04 21:19:31.641 14336 14394 D cellinfo: 46 bytes from 54.197.223.49: icmp_seq=867 ttl=38 time=55.2 ms
08-04 21:19:31.844 14336 14394 D cellinfo: 46 bytes from 54.197.223.49: icmp_seq=868 ttl=38 time=57.8 ms
08-04 21:19:32.046 14336 14394 D cellinfo: 46 bytes from 54.197.223.49: icmp_seq=869 ttl=38 time=58.9 ms
08-04 21:19:32.220 14336 14394 D cellinfo: 46 bytes from 54.197.223.49: icmp_seq=870 ttl=38 time=33.9 ms
08-04 21:19:32.450 14336 14394 D cellinfo: 46 bytes from 54.197.223.49: icmp_seq=871 ttl=38 time=62.8 ms
08-04 21:19:32.639 14336 14394 D cellinfo: 46 bytes from 54.197.223.49: icmp_seq=872 ttl=38 time=51.8 ms
08-04 21:19:33.224 14336 14336 D cellinfo: onsignalStrengthsChanged: LTE Signal Strength info: rsrp: -81 rsrq: -14 rssi: -51 rssnr: 4
08-04 21:19:33.224 14336 14336 D cellinfo: onsignalStrengthsChanged: 5G-NR Signal Strength info: ssrsrp: -104 ssrsrq: -16 sssinr: 2147483647
08-04 21:19:33.227 14336 14394 D cellinfo: 46 bytes from 54.197.223.49: icmp_seq=873 ttl=38 time=439 ms
08-04 21:19:33.227 14336 14394 D cellinfo: 46 bytes from 54.197.223.49: icmp_seq=874 ttl=38 time=237 ms
08-04 21:19:33.239 14336 14394 D cellinfo: 46 bytes from 54.197.223.49: icmp_seq=875 ttl=38 time=46.7 ms
08-04 21:19:33.470 14336 14394 D cellinfo: 46 bytes from 54.197.223.49: icmp_seq=876 ttl=38 time=76.3 ms
08-04 21:19:33.592 14336 14336 D cellinfo: onsignalStrengthsChanged: LTE Signal Strength info: rsrp: -81 rsrq: -14 rssi: -51 rssnr: 4
08-04 21:19:33.592 14336 14336 D cellinfo: onsignalStrengthsChanged: 5G-NR Signal Strength info: ssrsrp: -103 ssrsrq: -16 sssinr: 2147483647
08-04 21:19:33.639 14336 14394 D cellinfo: 46 bytes from 54.197.223.49: icmp_seq=877 ttl=38 time=44.9 ms
08-04 21:19:33.724 14336 14336 D cellinfo: Latitude is 42.3369575
08-04 21:19:33.724 14336 14336 D cellinfo: Longitude is -71.0869506
08-04 21:19:33.724 14336 14336 D cellinfo: Instantaneous GPS information: United States, 780 Columbus Ave, Boston, MA 02120, USA
08-04 21:19:33.724 14336 14336 D cellinfo: getCurrentLocation() result: Location (success): 42.3369575, -71.0869506
08-04 21:19:33.771 14336 14336 D cellinfo: onCellInfoChanged: Operator: T-Mobile UpdateTimestamp: 876854713 CellConnectionStatus: 0
08-04 21:19:33.771 14336 14336 D cellinfo: onCellInfoChanged: LTE Cell Bands: [66] Bandwidth: 20000 Cell ID: 122346241 Physical Cell ID: 360 Tracking Area Code: 22005 EARFCN: 66736
08-04 21:19:33.838 14336 14394 D cellinfo: 46 bytes from 54.197.223.49: icmp_seq=878 ttl=38 time=43.3 ms
08-04 21:19:34.039 14336 14394 D cellinfo: 46 bytes from 54.197.223.49: icmp_seq=879 ttl=38 time=42.7 ms
08-04 21:19:34.240 14336 14394 D cellinfo: 46 bytes from 54.197.223.49: icmp_seq=880 ttl=38 time=43.6 ms
08-04 21:19:34.439 14336 14394 D cellinfo: 46 bytes from 54.197.223.49: icmp_seq=881 ttl=38 time=41.8 ms
08-04 21:19:34.640 14336 14394 D cellinfo: 46 bytes from 54.197.223.49: icmp_seq=882 ttl=38 time=42.6 ms
08-04 21:19:34.839 14336 14394 D cellinfo: 46 bytes from 54.197.223.49: icmp_seq=883 ttl=38 time=40.2 ms
08-04 21:19:35.040 14336 14394 D cellinfo: 46 bytes from 54.197.223.49: icmp_seq=884 ttl=38 time=40.5 ms
08-04 21:19:35.239 14336 14394 D cellinfo: 46 bytes from 54.197.223.49: icmp_seq=885 ttl=38 time=40.0 ms
08-04 21:19:35.438 14336 14394 D cellinfo: 46 bytes from 54.197.223.49: icmp_seq=886 ttl=38 time=38.5 ms
08-04 21:19:35.462 14336 14336 D cellinfo: onsignalStrengthsChanged: LTE Signal Strength info: rsrp: -80 rsrq: -15 rssi: -51 rssnr: 6
08-04 21:19:35.462 14336 14336 D cellinfo: onsignalStrengthsChanged: 5G-NR Signal Strength info: ssrsrp: -103 ssrsrq: -16 sssinr: 2147483647
08-04 21:19:35.640 14336 14394 D cellinfo: 46 bytes from 54.197.223.49: icmp_seq=887 ttl=38 time=38.7 ms
08-04 21:19:35.839 14336 14394 D cellinfo: 46 bytes from 54.197.223.49: icmp_seq=888 ttl=38 time=37.2 ms
08-04 21:19:36.039 14336 14394 D cellinfo: 46 bytes from 54.197.223.49: icmp_seq=889 ttl=38 time=36.4 ms
08-04 21:19:36.259 14336 14394 D cellinfo: 46 bytes from 54.197.223.49: icmp_seq=890 ttl=38 time=55.3 ms
08-04 21:19:36.459 14336 14394 D cellinfo: 46 bytes from 54.197.223.49: icmp_seq=891 ttl=38 time=54.2 ms
08-04 21:19:36.591 14336 14336 D cellinfo: onsignalStrengthsChanged: LTE Signal Strength info: rsrp: -80 rsrq: -15 rssi: -51 rssnr: 6
08-04 21:19:36.592 14336 14336 D cellinfo: onsignalStrengthsChanged: 5G-NR Signal Strength info: ssrsrp: -104 ssrsrq: -16 sssinr: 2147483647
08-04 21:19:36.659 14336 14394 D cellinfo: 46 bytes from 54.197.223.49: icmp_seq=892 ttl=38 time=54.0 ms
08-04 21:19:36.727 14336 14336 D cellinfo: Latitude is 42.3369668
08-04 21:19:36.727 14336 14336 D cellinfo: Longitude is -71.086935
08-04 21:19:36.727 14336 14336 D cellinfo: Instantaneous GPS information: United States, 780 Columbus Ave, Boston, MA 02120, USA
08-04 21:19:36.727 14336 14336 D cellinfo: getCurrentLocation() result: Location (success): 42.3369668, -71.086935
08-04 21:19:36.785 14336 14336 D cellinfo: onCellInfoChanged: Operator: T-Mobile UpdateTimestamp: 876857732 CellConnectionStatus: 0
08-04 21:19:36.785 14336 14336 D cellinfo: onCellInfoChanged: LTE Cell Bands: [66] Bandwidth: 20000 Cell ID: 122346241 Physical Cell ID: 360 Tracking Area Code: 22005 EARFCN: 66736
08-04 21:19:36.859 14336 14394 D cellinfo: 46 bytes from 54.197.223.49: icmp_seq=893 ttl=38 time=53.1 ms
08-04 21:19:37.059 14336 14394 D cellinfo: 46 bytes from 54.197.223.49: icmp_seq=894 ttl=38 time=52.8 ms
08-04 21:19:37.258 14336 14394 D cellinfo: 46 bytes from 54.197.223.49: icmp_seq=895 ttl=38 time=51.8 ms
08-04 21:19:37.459 14336 14394 D cellinfo: 46 bytes from 54.197.223.49: icmp_seq=896 ttl=38 time=52.7 ms
08-04 21:19:37.659 14336 14394 D cellinfo: 46 bytes from 54.197.223.49: icmp_seq=897 ttl=38 time=50.5 ms
08-04 21:19:37.859 14336 14394 D cellinfo: 46 bytes from 54.197.223.49: icmp_seq=898 ttl=38 time=49.2 ms
08-04 21:19:38.060 14336 14394 D cellinfo: 46 bytes from 54.197.223.49: icmp_seq=899 ttl=38 time=49.8 ms
08-04 21:19:38.261 14336 14394 D cellinfo: 46 bytes from 54.197.223.49: icmp_seq=900 ttl=38 time=50.5 ms
08-04 21:19:38.460 14336 14394 D cellinfo: 46 bytes from 54.197.223.49: icmp_seq=901 ttl=38 time=49.1 ms
08-04 21:19:38.660 14336 14394 D cellinfo: 46 bytes from 54.197.223.49: icmp_seq=902 ttl=38 time=47.8 ms
08-04 21:19:38.860 14336 14394 D cellinfo: 46 bytes from 54.197.223.49: icmp_seq=903 ttl=38 time=47.9 ms
08-04 21:19:39.069 14336 14394 D cellinfo: 46 bytes from 54.197.223.49: icmp_seq=904 ttl=38 time=56.6 ms
08-04 21:19:39.264 14336 14394 D cellinfo: 46 bytes from 54.197.223.49: icmp_seq=905 ttl=38 time=50.3 ms
08-04 21:19:39.459 14336 14394 D cellinfo: 46 bytes from 54.197.223.49: icmp_seq=906 ttl=38 time=44.3 ms
08-04 21:19:39.591 14336 14336 D cellinfo: onsignalStrengthsChanged: LTE Signal Strength info: rsrp: -80 rsrq: -15 rssi: -51 rssnr: 6
08-04 21:19:39.591 14336 14336 D cellinfo: onsignalStrengthsChanged: 5G-NR Signal Strength info: ssrsrp: -105 ssrsrq: -17 sssinr: 2147483647
08-04 21:19:39.659 14336 14394 D cellinfo: 46 bytes from 54.197.223.49: icmp_seq=907 ttl=38 time=43.4 ms
08-04 21:19:39.718 14336 14336 D cellinfo: Latitude is 42.337046
08-04 21:19:39.718 14336 14336 D cellinfo: Longitude is -71.086973
08-04 21:19:39.718 14336 14336 D cellinfo: Instantaneous GPS information: United States, 809 Columbus Ave, Boston, MA 02118, USA
08-04 21:19:39.718 14336 14336 D cellinfo: getCurrentLocation() result: Location (success): 42.337046, -71.086973
08-04 21:19:39.785 14336 14336 D cellinfo: onCellInfoChanged: Operator: T-Mobile UpdateTimestamp: 876860736 CellConnectionStatus: 0
08-04 21:19:39.785 14336 14336 D cellinfo: onCellInfoChanged: LTE Cell Bands: [66] Bandwidth: 20000 Cell ID: 122346241 Physical Cell ID: 360 Tracking Area Code: 22005 EARFCN: 66736
08-04 21:19:39.863 14336 14394 D cellinfo: 46 bytes from 54.197.223.49: icmp_seq=908 ttl=38 time=47.5 ms
08-04 21:19:39.937 14336 14336 D cellinfo: onsignalStrengthsChanged: LTE Signal Strength info: rsrp: -81 rsrq: -14 rssi: -51 rssnr: 6
08-04 21:19:39.937 14336 14336 D cellinfo: onsignalStrengthsChanged: 5G-NR Signal Strength info: ssrsrp: -105 ssrsrq: -17 sssinr: 2147483647
08-04 21:19:40.065 14336 14394 D cellinfo: 46 bytes from 54.197.223.49: icmp_seq=909 ttl=38 time=47.8 ms
08-04 21:19:40.260 14336 14394 D cellinfo: 46 bytes from 54.197.223.49: icmp_seq=910 ttl=38 time=42.7 ms
08-04 21:19:40.461 14336 14394 D cellinfo: 46 bytes from 54.197.223.49: icmp_seq=911 ttl=38 time=42.5 ms
08-04 21:19:40.658 14336 14394 D cellinfo: 46 bytes from 54.197.223.49: icmp_seq=912 ttl=38 time=39.1 ms
08-04 21:19:40.859 14336 14394 D cellinfo: 46 bytes from 54.197.223.49: icmp_seq=913 ttl=38 time=39.0 ms
08-04 21:19:41.058 14336 14394 D cellinfo: 46 bytes from 54.197.223.49: icmp_seq=914 ttl=38 time=37.7 ms
08-04 21:19:41.260 14336 14394 D cellinfo: 46 bytes from 54.197.223.49: icmp_seq=915 ttl=38 time=38.0 ms
08-04 21:19:41.459 14336 14394 D cellinfo: 46 bytes from 54.197.223.49: icmp_seq=916 ttl=38 time=36.7 ms
08-04 21:19:41.679 14336 14394 D cellinfo: 46 bytes from 54.197.223.49: icmp_seq=917 ttl=38 time=55.2 ms
08-04 21:19:41.879 14336 14394 D cellinfo: 46 bytes from 54.197.223.49: icmp_seq=918 ttl=38 time=54.6 ms
08-04 21:19:42.078 14336 14394 D cellinfo: 46 bytes from 54.197.223.49: icmp_seq=919 ttl=38 time=52.4 ms
08-04 21:19:42.182 14336 14336 D cellinfo: onsignalStrengthsChanged: LTE Signal Strength info: rsrp: -81 rsrq: -15 rssi: -51 rssnr: 7
08-04 21:19:42.182 14336 14336 D cellinfo: onsignalStrengthsChanged: 5G-NR Signal Strength info: ssrsrp: -105 ssrsrq: -17 sssinr: 2147483647
08-04 21:19:42.279 14336 14394 D cellinfo: 46 bytes from 54.197.223.49: icmp_seq=920 ttl=38 time=52.6 ms
08-04 21:19:42.488 14336 14394 D cellinfo: 46 bytes from 54.197.223.49: icmp_seq=921 ttl=38 time=60.6 ms
08-04 21:19:42.591 14336 14336 D cellinfo: onsignalStrengthsChanged: LTE Signal Strength info: rsrp: -81 rsrq: -15 rssi: -51 rssnr: 7
08-04 21:19:42.591 14336 14336 D cellinfo: onsignalStrengthsChanged: 5G-NR Signal Strength info: ssrsrp: -104 ssrsrq: -16 sssinr: 2147483647
08-04 21:19:42.680 14336 14394 D cellinfo: 46 bytes from 54.197.223.49: icmp_seq=922 ttl=38 time=50.9 ms
08-04 21:19:42.722 14336 14336 D cellinfo: Latitude is 42.3369931
08-04 21:19:42.722 14336 14336 D cellinfo: Longitude is -71.086969
08-04 21:19:42.722 14336 14336 D cellinfo: Instantaneous GPS information: United States, 809 Columbus Ave, Boston, MA 02118, USA
08-04 21:19:42.722 14336 14336 D cellinfo: getCurrentLocation() result: Location (success): 42.3369931, -71.086969
08-04 21:19:42.776 14336 14336 D cellinfo: onCellInfoChanged: Operator: T-Mobile UpdateTimestamp: 876863726 CellConnectionStatus: 0
08-04 21:19:42.777 14336 14336 D cellinfo: onCellInfoChanged: LTE Cell Bands: [66] Bandwidth: 20000 Cell ID: 122346241 Physical Cell ID: 360 Tracking Area Code: 22005 EARFCN: 66736
08-04 21:19:42.879 14336 14394 D cellinfo: 46 bytes from 54.197.223.49: icmp_seq=923 ttl=38 time=49.9 ms
08-04 21:19:43.078 14336 14394 D cellinfo: 46 bytes from 54.197.223.49: icmp_seq=924 ttl=38 time=48.5 ms
08-04 21:19:43.279 14336 14394 D cellinfo: 46 bytes from 54.197.223.49: icmp_seq=925 ttl=38 time=47.9 ms
08-04 21:19:43.480 14336 14394 D cellinfo: 46 bytes from 54.197.223.49: icmp_seq=926 ttl=38 time=48.4 ms
08-04 21:19:43.685 14336 14394 D cellinfo: 46 bytes from 54.197.223.49: icmp_seq=927 ttl=38 time=52.9 ms
08-04 21:19:43.880 14336 14394 D cellinfo: 46 bytes from 54.197.223.49: icmp_seq=928 ttl=38 time=47.1 ms
08-04 21:19:44.080 14336 14394 D cellinfo: 46 bytes from 54.197.223.49: icmp_seq=929 ttl=38 time=45.8 ms
08-04 21:19:44.274 14336 14394 D cellinfo: 46 bytes from 54.197.223.49: icmp_seq=930 ttl=38 time=39.4 ms
08-04 21:19:44.419 14336 14336 D cellinfo: onsignalStrengthsChanged: LTE Signal Strength info: rsrp: -80 rsrq: -15 rssi: -51 rssnr: 7
08-04 21:19:44.419 14336 14336 D cellinfo: onsignalStrengthsChanged: 5G-NR Signal Strength info: ssrsrp: -104 ssrsrq: -16 sssinr: 2147483647
08-04 21:19:44.480 14336 14394 D cellinfo: 46 bytes from 54.197.223.49: icmp_seq=931 ttl=38 time=44.9 ms
08-04 21:19:44.684 14336 14394 D cellinfo: 46 bytes from 54.197.223.49: icmp_seq=932 ttl=38 time=48.9 ms
08-04 21:19:44.879 14336 14394 D cellinfo: 46 bytes from 54.197.223.49: icmp_seq=933 ttl=38 time=43.1 ms
08-04 21:19:45.080 14336 14394 D cellinfo: 46 bytes from 54.197.223.49: icmp_seq=934 ttl=38 time=43.5 ms
08-04 21:19:45.280 14336 14394 D cellinfo: 46 bytes from 54.197.223.49: icmp_seq=935 ttl=38 time=42.4 ms
08-04 21:19:45.479 14336 14394 D cellinfo: 46 bytes from 54.197.223.49: icmp_seq=936 ttl=38 time=40.3 ms
08-04 21:19:45.590 14336 14336 D cellinfo: onsignalStrengthsChanged: LTE Signal Strength info: rsrp: -80 rsrq: -15 rssi: -51 rssnr: 7
08-04 21:19:45.590 14336 14336 D cellinfo: onsignalStrengthsChanged: 5G-NR Signal Strength info: ssrsrp: -103 ssrsrq: -16 sssinr: 2147483647
08-04 21:19:45.679 14336 14394 D cellinfo: 46 bytes from 54.197.223.49: icmp_seq=937 ttl=38 time=39.9 ms
08-04 21:19:45.720 14336 14336 D cellinfo: Latitude is 42.3369917
08-04 21:19:45.720 14336 14336 D cellinfo: Longitude is -71.0869439
08-04 21:19:45.720 14336 14336 D cellinfo: Instantaneous GPS information: United States, 780 Columbus Ave, Boston, MA 02120, USA
08-04 21:19:45.720 14336 14336 D cellinfo: getCurrentLocation() result: Location (success): 42.3369917, -71.0869439
08-04 21:19:45.769 14336 14336 D cellinfo: onCellInfoChanged: Operator: T-Mobile UpdateTimestamp: 876866715 CellConnectionStatus: 0
08-04 21:19:45.769 14336 14336 D cellinfo: onCellInfoChanged: LTE Cell Bands: [66] Bandwidth: 20000 Cell ID: 122346241 Physical Cell ID: 360 Tracking Area Code: 22005 EARFCN: 66736
08-04 21:19:45.879 14336 14394 D cellinfo: 46 bytes from 54.197.223.49: icmp_seq=938 ttl=38 time=39.5 ms
08-04 21:19:46.080 14336 14394 D cellinfo: 46 bytes from 54.197.223.49: icmp_seq=939 ttl=38 time=38.6 ms
08-04 21:19:46.279 14336 14394 D cellinfo: 46 bytes from 54.197.223.49: icmp_seq=940 ttl=38 time=37.0 ms
08-04 21:19:46.479 14336 14394 D cellinfo: 46 bytes from 54.197.223.49: icmp_seq=941 ttl=38 time=36.5 ms
08-04 21:19:46.699 14336 14394 D cellinfo: 46 bytes from 54.197.223.49: icmp_seq=942 ttl=38 time=55.2 ms
08-04 21:19:46.900 14336 14394 D cellinfo: 46 bytes from 54.197.223.49: icmp_seq=943 ttl=38 time=55.8 ms
08-04 21:19:47.099 14336 14394 D cellinfo: 46 bytes from 54.197.223.49: icmp_seq=944 ttl=38 time=54.1 ms
08-04 21:19:47.299 14336 14394 D cellinfo: 46 bytes from 54.197.223.49: icmp_seq=945 ttl=38 time=53.6 ms
08-04 21:19:47.502 14336 14394 D cellinfo: 46 bytes from 54.197.223.49: icmp_seq=946 ttl=38 time=55.3 ms
08-04 21:19:47.708 14336 14394 D cellinfo: 46 bytes from 54.197.223.49: icmp_seq=947 ttl=38 time=60.7 ms
08-04 21:19:47.898 14336 14394 D cellinfo: 46 bytes from 54.197.223.49: icmp_seq=948 ttl=38 time=49.6 ms
08-04 21:19:48.109 14336 14394 D cellinfo: 46 bytes from 54.197.223.49: icmp_seq=949 ttl=38 time=59.1 ms
08-04 21:19:48.310 14336 14394 D cellinfo: 46 bytes from 54.197.223.49: icmp_seq=950 ttl=38 time=59.9 ms
08-04 21:19:48.506 14336 14394 D cellinfo: 46 bytes from 54.197.223.49: icmp_seq=951 ttl=38 time=54.9 ms
08-04 21:19:48.591 14336 14336 D cellinfo: onsignalStrengthsChanged: LTE Signal Strength info: rsrp: -80 rsrq: -15 rssi: -51 rssnr: 7
08-04 21:19:48.591 14336 14336 D cellinfo: onsignalStrengthsChanged: 5G-NR Signal Strength info: ssrsrp: -104 ssrsrq: -16 sssinr: 2147483647
08-04 21:19:48.700 14336 14394 D cellinfo: 46 bytes from 54.197.223.49: icmp_seq=952 ttl=38 time=48.7 ms
08-04 21:19:48.723 14336 14336 D cellinfo: Latitude is 42.3369485
08-04 21:19:48.723 14336 14336 D cellinfo: Longitude is -71.0869692
08-04 21:19:48.723 14336 14336 D cellinfo: Instantaneous GPS information: United States, 780 Columbus Ave, Boston, MA 02120, USA
08-04 21:19:48.723 14336 14336 D cellinfo: getCurrentLocation() result: Location (success): 42.3369485, -71.0869692
08-04 21:19:48.784 14336 14336 D cellinfo: onCellInfoChanged: Operator: T-Mobile UpdateTimestamp: 876869732 CellConnectionStatus: 0
08-04 21:19:48.784 14336 14336 D cellinfo: onCellInfoChanged: LTE Cell Bands: [66] Bandwidth: 20000 Cell ID: 122346241 Physical Cell ID: 360 Tracking Area Code: 22005 EARFCN: 66736
08-04 21:19:48.898 14336 14336 D cellinfo: onsignalStrengthsChanged: LTE Signal Strength info: rsrp: -80 rsrq: -15 rssi: -51 rssnr: 6
08-04 21:19:48.898 14336 14336 D cellinfo: onsignalStrengthsChanged: 5G-NR Signal Strength info: ssrsrp: -104 ssrsrq: -16 sssinr: 2147483647
08-04 21:19:48.898 14336 14394 D cellinfo: 46 bytes from 54.197.223.49: icmp_seq=953 ttl=38 time=46.2 ms
08-04 21:19:49.105 14336 14394 D cellinfo: 46 bytes from 54.197.223.49: icmp_seq=954 ttl=38 time=51.9 ms
08-04 21:19:49.305 14336 14394 D cellinfo: 46 bytes from 54.197.223.49: icmp_seq=955 ttl=38 time=51.4 ms
08-04 21:19:49.500 14336 14394 D cellinfo: 46 bytes from 54.197.223.49: icmp_seq=956 ttl=38 time=45.5 ms
08-04 21:19:49.705 14336 14394 D cellinfo: 46 bytes from 54.197.223.49: icmp_seq=957 ttl=38 time=50.3 ms
08-04 21:19:49.899 14336 14394 D cellinfo: 46 bytes from 54.197.223.49: icmp_seq=958 ttl=38 time=43.1 ms
08-04 21:19:50.099 14336 14394 D cellinfo: 46 bytes from 54.197.223.49: icmp_seq=959 ttl=38 time=42.6 ms
08-04 21:19:50.300 14336 14394 D cellinfo: 46 bytes from 54.197.223.49: icmp_seq=960 ttl=38 time=42.2 ms
08-04 21:19:50.499 14336 14394 D cellinfo: 46 bytes from 54.197.223.49: icmp_seq=961 ttl=38 time=40.6 ms
08-04 21:19:50.701 14336 14394 D cellinfo: 46 bytes from 54.197.223.49: icmp_seq=962 ttl=38 time=41.3 ms
08-04 21:19:50.899 14336 14394 D cellinfo: 46 bytes from 54.197.223.49: icmp_seq=963 ttl=38 time=38.9 ms
08-04 21:19:51.100 14336 14394 D cellinfo: 46 bytes from 54.197.223.49: icmp_seq=964 ttl=38 time=39.1 ms
08-04 21:19:51.140 14336 14336 D cellinfo: onsignalStrengthsChanged: LTE Signal Strength info: rsrp: -81 rsrq: -15 rssi: -51 rssnr: 7
08-04 21:19:51.140 14336 14336 D cellinfo: onsignalStrengthsChanged: 5G-NR Signal Strength info: ssrsrp: -104 ssrsrq: -16 sssinr: 2147483647
08-04 21:19:51.298 14336 14394 D cellinfo: 46 bytes from 54.197.223.49: icmp_seq=965 ttl=38 time=37.3 ms
08-04 21:19:51.498 14336 14394 D cellinfo: 46 bytes from 54.197.223.49: icmp_seq=966 ttl=38 time=36.1 ms
08-04 21:19:51.590 14336 14336 D cellinfo: onsignalStrengthsChanged: LTE Signal Strength info: rsrp: -81 rsrq: -15 rssi: -51 rssnr: 7
08-04 21:19:51.590 14336 14336 D cellinfo: onsignalStrengthsChanged: 5G-NR Signal Strength info: ssrsrp: -104 ssrsrq: -15 sssinr: 2147483647
08-04 21:19:51.701 14336 14394 D cellinfo: 46 bytes from 54.197.223.49: icmp_seq=967 ttl=38 time=38.3 ms
08-04 21:19:51.722 14336 14336 D cellinfo: Latitude is 42.3369725
08-04 21:19:51.722 14336 14336 D cellinfo: Longitude is -71.0869199
08-04 21:19:51.722 14336 14336 D cellinfo: Instantaneous GPS information: United States, 780 Columbus Ave, Boston, MA 02120, USA
08-04 21:19:51.722 14336 14336 D cellinfo: getCurrentLocation() result: Location (success): 42.3369725, -71.0869199
08-04 21:19:51.770 14336 14336 D cellinfo: onCellInfoChanged: Operator: T-Mobile UpdateTimestamp: 876872720 CellConnectionStatus: 0
08-04 21:19:51.770 14336 14336 D cellinfo: onCellInfoChanged: LTE Cell Bands: [66] Bandwidth: 20000 Cell ID: 122346241 Physical Cell ID: 360 Tracking Area Code: 22005 EARFCN: 66736
08-04 21:19:51.898 14336 14394 D cellinfo: 46 bytes from 54.197.223.49: icmp_seq=968 ttl=38 time=35.0 ms
08-04 21:19:52.118 14336 14394 D cellinfo: 46 bytes from 54.197.223.49: icmp_seq=969 ttl=38 time=54.4 ms
08-04 21:19:52.320 14336 14394 D cellinfo: 46 bytes from 54.197.223.49: icmp_seq=970 ttl=38 time=55.2 ms
08-04 21:19:52.519 14336 14394 D cellinfo: 46 bytes from 54.197.223.49: icmp_seq=971 ttl=38 time=53.9 ms
08-04 21:19:52.719 14336 14394 D cellinfo: 46 bytes from 54.197.223.49: icmp_seq=972 ttl=38 time=53.4 ms
08-04 21:19:52.925 14336 14394 D cellinfo: 46 bytes from 54.197.223.49: icmp_seq=973 ttl=38 time=58.0 ms
08-04 21:19:53.119 14336 14394 D cellinfo: 46 bytes from 54.197.223.49: icmp_seq=974 ttl=38 time=52.0 ms
08-04 21:19:53.319 14336 14394 D cellinfo: 46 bytes from 54.197.223.49: icmp_seq=975 ttl=38 time=51.4 ms
08-04 21:19:53.382 14336 14336 D cellinfo: onsignalStrengthsChanged: LTE Signal Strength info: rsrp: -82 rsrq: -15 rssi: -51 rssnr: 7
08-04 21:19:53.382 14336 14336 D cellinfo: onsignalStrengthsChanged: 5G-NR Signal Strength info: ssrsrp: -104 ssrsrq: -15 sssinr: 2147483647
08-04 21:19:53.529 14336 14394 D cellinfo: 46 bytes from 54.197.223.49: icmp_seq=976 ttl=38 time=60.6 ms
08-04 21:19:53.719 14336 14394 D cellinfo: 46 bytes from 54.197.223.49: icmp_seq=977 ttl=38 time=49.6 ms
08-04 21:19:53.919 14336 14394 D cellinfo: 46 bytes from 54.197.223.49: icmp_seq=978 ttl=38 time=48.6 ms
08-04 21:19:54.580 14336 14394 D cellinfo: 46 bytes from 54.197.223.49: icmp_seq=981 ttl=38 time=100 ms
08-04 21:19:54.580 14336 14394 D cellinfo: 46 bytes from 54.197.223.49: icmp_seq=979 ttl=38 time=507 ms
08-04 21:19:54.580 14336 14394 D cellinfo: 46 bytes from 54.197.223.49: icmp_seq=980 ttl=38 time=304 ms
08-04 21:19:54.594 14336 14336 D cellinfo: onsignalStrengthsChanged: LTE Signal Strength info: rsrp: -82 rsrq: -15 rssi: -51 rssnr: 7
08-04 21:19:54.594 14336 14336 D cellinfo: onsignalStrengthsChanged: 5G-NR Signal Strength info: ssrsrp: -105 ssrsrq: -16 sssinr: 2147483647
08-04 21:19:54.721 14336 14336 D cellinfo: Latitude is 42.3369415
08-04 21:19:54.721 14336 14336 D cellinfo: Longitude is -71.0868868
08-04 21:19:54.721 14336 14336 D cellinfo: Instantaneous GPS information: United States, 780 Columbus Ave, Boston, MA 02120, USA
08-04 21:19:54.721 14336 14336 D cellinfo: getCurrentLocation() result: Location (success): 42.3369415, -71.0868868
08-04 21:19:54.724 14336 14394 D cellinfo: 46 bytes from 54.197.223.49: icmp_seq=982 ttl=38 time=44.4 ms
08-04 21:19:54.774 14336 14336 D cellinfo: onCellInfoChanged: Operator: T-Mobile UpdateTimestamp: 876875724 CellConnectionStatus: 0
08-04 21:19:54.774 14336 14336 D cellinfo: onCellInfoChanged: LTE Cell Bands: [66] Bandwidth: 20000 Cell ID: 122346241 Physical Cell ID: 360 Tracking Area Code: 22005 EARFCN: 66736
08-04 21:19:54.956 14336 14394 D cellinfo: 46 bytes from 54.197.223.49: icmp_seq=983 ttl=38 time=75.0 ms
08-04 21:19:55.125 14336 14394 D cellinfo: 46 bytes from 54.197.223.49: icmp_seq=984 ttl=38 time=43.9 ms
08-04 21:19:55.330 14336 14394 D cellinfo: 46 bytes from 54.197.223.49: icmp_seq=985 ttl=38 time=47.8 ms
08-04 21:19:55.525 14336 14394 D cellinfo: 46 bytes from 54.197.223.49: icmp_seq=986 ttl=38 time=42.5 ms
08-04 21:19:55.739 14336 14394 D cellinfo: 46 bytes from 54.197.223.49: icmp_seq=987 ttl=38 time=55.8 ms
08-04 21:19:55.939 14336 14394 D cellinfo: 46 bytes from 54.197.223.49: icmp_seq=988 ttl=38 time=55.9 ms
08-04 21:19:56.140 14336 14394 D cellinfo: 46 bytes from 54.197.223.49: icmp_seq=989 ttl=38 time=55.9 ms
08-04 21:19:56.345 14336 14394 D cellinfo: 46 bytes from 54.197.223.49: icmp_seq=990 ttl=38 time=60.8 ms
08-04 21:19:56.539 14336 14394 D cellinfo: 46 bytes from 54.197.223.49: icmp_seq=991 ttl=38 time=54.5 ms
08-04 21:19:56.739 14336 14394 D cellinfo: 46 bytes from 54.197.223.49: icmp_seq=992 ttl=38 time=53.4 ms
08-04 21:19:56.939 14336 14394 D cellinfo: 46 bytes from 54.197.223.49: icmp_seq=993 ttl=38 time=52.6 ms
08-04 21:19:57.140 14336 14394 D cellinfo: 46 bytes from 54.197.223.49: icmp_seq=994 ttl=38 time=52.6 ms
08-04 21:19:57.339 14336 14394 D cellinfo: 46 bytes from 54.197.223.49: icmp_seq=995 ttl=38 time=50.0 ms
08-04 21:19:57.538 14336 14394 D cellinfo: 46 bytes from 54.197.223.49: icmp_seq=996 ttl=38 time=48.7 ms
08-04 21:19:57.592 14336 14336 D cellinfo: onsignalStrengthsChanged: LTE Signal Strength info: rsrp: -82 rsrq: -15 rssi: -51 rssnr: 7
08-04 21:19:57.592 14336 14336 D cellinfo: onsignalStrengthsChanged: 5G-NR Signal Strength info: ssrsrp: -106 ssrsrq: -16 sssinr: 2147483647
08-04 21:19:57.721 14336 14336 D cellinfo: Latitude is 42.3369415
08-04 21:19:57.721 14336 14336 D cellinfo: Longitude is -71.0868868
08-04 21:19:57.721 14336 14336 D cellinfo: Instantaneous GPS information: United States, 780 Columbus Ave, Boston, MA 02120, USA
08-04 21:19:57.721 14336 14336 D cellinfo: getCurrentLocation() result: Location (success): 42.3369415, -71.0868868
08-04 21:19:57.739 14336 14394 D cellinfo: 46 bytes from 54.197.223.49: icmp_seq=997 ttl=38 time=48.7 ms
08-04 21:19:57.771 14336 14336 D cellinfo: onCellInfoChanged: Operator: T-Mobile UpdateTimestamp: 876878722 CellConnectionStatus: 0
08-04 21:19:57.772 14336 14336 D cellinfo: onCellInfoChanged: LTE Cell Bands: [66] Bandwidth: 20000 Cell ID: 122346241 Physical Cell ID: 360 Tracking Area Code: 22005 EARFCN: 66736
08-04 21:19:57.853 14336 14336 D cellinfo: onsignalStrengthsChanged: LTE Signal Strength info: rsrp: -82 rsrq: -16 rssi: -51 rssnr: 6
08-04 21:19:57.853 14336 14336 D cellinfo: onsignalStrengthsChanged: 5G-NR Signal Strength info: ssrsrp: -106 ssrsrq: -16 sssinr: 2147483647
08-04 21:19:57.939 14336 14394 D cellinfo: 46 bytes from 54.197.223.49: icmp_seq=998 ttl=38 time=48.3 ms
08-04 21:19:58.139 14336 14394 D cellinfo: 46 bytes from 54.197.223.49: icmp_seq=999 ttl=38 time=47.3 ms
08-04 21:19:58.338 14336 14394 D cellinfo: 46 bytes from 54.197.223.49: icmp_seq=1000 ttl=38 time=46.0 ms
08-04 21:19:58.539 14336 14394 D cellinfo: 46 bytes from 54.197.223.49: icmp_seq=1001 ttl=38 time=46.6 ms
08-04 21:19:58.738 14336 14394 D cellinfo: 46 bytes from 54.197.223.49: icmp_seq=1002 ttl=38 time=44.7 ms
08-04 21:19:58.938 14336 14394 D cellinfo: 46 bytes from 54.197.223.49: icmp_seq=1003 ttl=38 time=43.2 ms
08-04 21:19:59.139 14336 14394 D cellinfo: 46 bytes from 54.197.223.49: icmp_seq=1004 ttl=38 time=43.5 ms
08-04 21:19:59.339 14336 14394 D cellinfo: 46 bytes from 54.197.223.49: icmp_seq=1005 ttl=38 time=42.4 ms
08-04 21:19:59.540 14336 14394 D cellinfo: 46 bytes from 54.197.223.49: icmp_seq=1006 ttl=38 time=42.5 ms
08-04 21:19:59.740 14336 14394 D cellinfo: 46 bytes from 54.197.223.49: icmp_seq=1007 ttl=38 time=41.8 ms
08-04 21:19:59.939 14336 14394 D cellinfo: 46 bytes from 54.197.223.49: icmp_seq=1008 ttl=38 time=39.6 ms
08-04 21:20:00.103 14336 14336 D cellinfo: onsignalStrengthsChanged: LTE Signal Strength info: rsrp: -82 rsrq: -14 rssi: -51 rssnr: 6
08-04 21:20:00.103 14336 14336 D cellinfo: onsignalStrengthsChanged: 5G-NR Signal Strength info: ssrsrp: -106 ssrsrq: -16 sssinr: 2147483647
08-04 21:20:00.139 14336 14394 D cellinfo: 46 bytes from 54.197.223.49: icmp_seq=1009 ttl=38 time=39.1 ms
08-04 21:20:00.339 14336 14394 D cellinfo: 46 bytes from 54.197.223.49: icmp_seq=1010 ttl=38 time=38.4 ms
08-04 21:20:00.549 14336 14394 D cellinfo: 46 bytes from 54.197.223.49: icmp_seq=1011 ttl=38 time=47.1 ms
08-04 21:20:00.593 14336 14336 D cellinfo: onsignalStrengthsChanged: LTE Signal Strength info: rsrp: -82 rsrq: -14 rssi: -51 rssnr: 6
08-04 21:20:00.593 14336 14336 D cellinfo: onsignalStrengthsChanged: 5G-NR Signal Strength info: ssrsrp: -105 ssrsrq: -17 sssinr: 2147483647
08-04 21:20:00.721 14336 14336 D cellinfo: Latitude is 42.3369957
08-04 21:20:00.721 14336 14336 D cellinfo: Longitude is -71.0869744
08-04 21:20:00.721 14336 14336 D cellinfo: Instantaneous GPS information: United States, 809 Columbus Ave, Boston, MA 02118, USA
08-04 21:20:00.721 14336 14336 D cellinfo: getCurrentLocation() result: Location (success): 42.3369957, -71.0869744
08-04 21:20:00.771 14336 14394 D cellinfo: 46 bytes from 54.197.223.49: icmp_seq=1012 ttl=38 time=68.4 ms
08-04 21:20:00.778 14336 14336 D cellinfo: onCellInfoChanged: Operator: T-Mobile UpdateTimestamp: 876881719 CellConnectionStatus: 0
08-04 21:20:00.779 14336 14336 D cellinfo: onCellInfoChanged: LTE Cell Bands: [66] Bandwidth: 20000 Cell ID: 122346241 Physical Cell ID: 360 Tracking Area Code: 22005 EARFCN: 66736
08-04 21:20:00.964 14336 14394 D cellinfo: 46 bytes from 54.197.223.49: icmp_seq=1013 ttl=38 time=61.4 ms
08-04 21:20:01.165 14336 14394 D cellinfo: 46 bytes from 54.197.223.49: icmp_seq=1014 ttl=38 time=61.2 ms
08-04 21:20:01.358 14336 14394 D cellinfo: 46 bytes from 54.197.223.49: icmp_seq=1015 ttl=38 time=53.3 ms
08-04 21:20:01.570 14336 14394 D cellinfo: 46 bytes from 54.197.223.49: icmp_seq=1016 ttl=38 time=64.8 ms
08-04 21:20:01.763 14336 14394 D cellinfo: 46 bytes from 54.197.223.49: icmp_seq=1017 ttl=38 time=57.8 ms
08-04 21:20:01.959 14336 14394 D cellinfo: 46 bytes from 54.197.223.49: icmp_seq=1018 ttl=38 time=53.4 ms
08-04 21:20:02.159 14336 14394 D cellinfo: 46 bytes from 54.197.223.49: icmp_seq=1019 ttl=38 time=52.0 ms
08-04 21:20:02.343 14336 14336 D cellinfo: onsignalStrengthsChanged: LTE Signal Strength info: rsrp: -81 rsrq: -15 rssi: -51 rssnr: 5
08-04 21:20:02.343 14336 14336 D cellinfo: onsignalStrengthsChanged: 5G-NR Signal Strength info: ssrsrp: -105 ssrsrq: -17 sssinr: 2147483647
08-04 21:20:02.364 14336 14394 D cellinfo: 46 bytes from 54.197.223.49: icmp_seq=1020 ttl=38 time=56.3 ms
08-04 21:20:02.560 14336 14394 D cellinfo: 46 bytes from 54.197.223.49: icmp_seq=1021 ttl=38 time=52.4 ms
08-04 21:20:02.760 14336 14394 D cellinfo: 46 bytes from 54.197.223.49: icmp_seq=1022 ttl=38 time=50.6 ms
08-04 21:20:02.959 14336 14394 D cellinfo: 46 bytes from 54.197.223.49: icmp_seq=1023 ttl=38 time=49.1 ms
08-04 21:20:03.159 14336 14394 D cellinfo: 46 bytes from 54.197.223.49: icmp_seq=1024 ttl=38 time=47.8 ms
08-04 21:20:03.364 14336 14394 D cellinfo: 46 bytes from 54.197.223.49: icmp_seq=1025 ttl=38 time=53.3 ms
08-04 21:20:03.569 14336 14394 D cellinfo: 46 bytes from 54.197.223.49: icmp_seq=1026 ttl=38 time=57.1 ms
08-04 21:20:03.769 14336 14394 D cellinfo: 46 bytes from 54.197.223.49: icmp_seq=1027 ttl=38 time=56.6 ms
08-04 21:20:03.875 14336 14336 D cellinfo: Latitude is 42.3371752
08-04 21:20:03.875 14336 14336 D cellinfo: Longitude is -71.0867083
08-04 21:20:03.875 14336 14336 D cellinfo: Instantaneous GPS information: United States, 774 MA-28, Boston, MA 02120, USA
08-04 21:20:03.875 14336 14336 D cellinfo: getCurrentLocation() result: Location (success): 42.3371752, -71.0867083
08-04 21:20:03.877 14336 14336 D cellinfo: onCellInfoChanged: Operator: T-Mobile UpdateTimestamp: 876884713 CellConnectionStatus: 0
08-04 21:20:03.877 14336 14336 D cellinfo: onCellInfoChanged: LTE Cell Bands: [66] Bandwidth: 20000 Cell ID: 122346241 Physical Cell ID: 360 Tracking Area Code: 22005 EARFCN: 66736
08-04 21:20:03.961 14336 14394 D cellinfo: 46 bytes from 54.197.223.49: icmp_seq=1028 ttl=38 time=46.9 ms
08-04 21:20:04.188 14336 14394 D cellinfo: 46 bytes from 54.197.223.49: icmp_seq=1029 ttl=38 time=73.6 ms
08-04 21:20:04.369 14336 14394 D cellinfo: 46 bytes from 54.197.223.49: icmp_seq=1030 ttl=38 time=53.3 ms
08-04 21:20:04.559 14336 14394 D cellinfo: 46 bytes from 54.197.223.49: icmp_seq=1031 ttl=38 time=42.8 ms
08-04 21:20:04.759 14336 14394 D cellinfo: 46 bytes from 54.197.223.49: icmp_seq=1032 ttl=38 time=42.3 ms
08-04 21:20:04.988 14336 14394 D cellinfo: 46 bytes from 54.197.223.49: icmp_seq=1033 ttl=38 time=70.8 ms
08-04 21:20:05.158 14336 14394 D cellinfo: 46 bytes from 54.197.223.49: icmp_seq=1034 ttl=38 time=40.6 ms
08-04 21:20:05.385 14336 14394 D cellinfo: 46 bytes from 54.197.223.49: icmp_seq=1035 ttl=38 time=65.6 ms
08-04 21:20:05.559 14336 14394 D cellinfo: 46 bytes from 54.197.223.49: icmp_seq=1036 ttl=38 time=39.1 ms
08-04 21:20:05.760 14336 14394 D cellinfo: 46 bytes from 54.197.223.49: icmp_seq=1037 ttl=38 time=39.1 ms
08-04 21:20:05.960 14336 14394 D cellinfo: 46 bytes from 54.197.223.49: icmp_seq=1038 ttl=38 time=38.7 ms
08-04 21:20:06.161 14336 14394 D cellinfo: 46 bytes from 54.197.223.49: icmp_seq=1039 ttl=38 time=38.9 ms
08-04 21:20:06.360 14336 14394 D cellinfo: 46 bytes from 54.197.223.49: icmp_seq=1040 ttl=38 time=37.1 ms
08-04 21:20:06.579 14336 14394 D cellinfo: 46 bytes from 54.197.223.49: icmp_seq=1041 ttl=38 time=55.3 ms
08-04 21:20:06.591 14336 14336 D cellinfo: onsignalStrengthsChanged: LTE Signal Strength info: rsrp: -81 rsrq: -15 rssi: -51 rssnr: 5
08-04 21:20:06.591 14336 14336 D cellinfo: onsignalStrengthsChanged: 5G-NR Signal Strength info: ssrsrp: -104 ssrsrq: -16 sssinr: 2147483647
08-04 21:20:06.717 14336 14336 D cellinfo: Latitude is 42.3370129
08-04 21:20:06.718 14336 14336 D cellinfo: Longitude is -71.0868761
08-04 21:20:06.718 14336 14336 D cellinfo: Instantaneous GPS information: United States, 780 Columbus Ave, Boston, MA 02120, USA
08-04 21:20:06.718 14336 14336 D cellinfo: getCurrentLocation() result: Location (success): 42.3370129, -71.0868761
08-04 21:20:06.764 14336 14336 D cellinfo: onCellInfoChanged: Operator: T-Mobile UpdateTimestamp: 876887712 CellConnectionStatus: 0
08-04 21:20:06.764 14336 14336 D cellinfo: onCellInfoChanged: LTE Cell Bands: [66] Bandwidth: 20000 Cell ID: 122346241 Physical Cell ID: 360 Tracking Area Code: 22005 EARFCN: 66736
08-04 21:20:06.779 14336 14394 D cellinfo: 46 bytes from 54.197.223.49: icmp_seq=1042 ttl=38 time=54.6 ms
08-04 21:20:06.814 14336 14336 D cellinfo: onsignalStrengthsChanged: LTE Signal Strength info: rsrp: -81 rsrq: -16 rssi: -51 rssnr: 5
08-04 21:20:06.814 14336 14336 D cellinfo: onsignalStrengthsChanged: 5G-NR Signal Strength info: ssrsrp: -104 ssrsrq: -16 sssinr: 2147483647
08-04 21:20:06.979 14336 14394 D cellinfo: 46 bytes from 54.197.223.49: icmp_seq=1043 ttl=38 time=53.3 ms
08-04 21:20:07.179 14336 14394 D cellinfo: 46 bytes from 54.197.223.49: icmp_seq=1044 ttl=38 time=52.1 ms
08-04 21:20:07.378 14336 14394 D cellinfo: 46 bytes from 54.197.223.49: icmp_seq=1045 ttl=38 time=50.7 ms
08-04 21:20:07.579 14336 14394 D cellinfo: 46 bytes from 54.197.223.49: icmp_seq=1046 ttl=38 time=50.0 ms
08-04 21:20:07.780 14336 14394 D cellinfo: 46 bytes from 54.197.223.49: icmp_seq=1047 ttl=38 time=51.3 ms
08-04 21:20:07.984 14336 14394 D cellinfo: 46 bytes from 54.197.223.49: icmp_seq=1048 ttl=38 time=54.3 ms
08-04 21:20:08.190 14336 14394 D cellinfo: 46 bytes from 54.197.223.49: icmp_seq=1049 ttl=38 time=59.6 ms
08-04 21:20:08.379 14336 14394 D cellinfo: 46 bytes from 54.197.223.49: icmp_seq=1050 ttl=38 time=47.4 ms
08-04 21:20:08.589 14336 14394 D cellinfo: 46 bytes from 54.197.223.49: icmp_seq=1051 ttl=38 time=56.4 ms
08-04 21:20:08.783 14336 14394 D cellinfo: 46 bytes from 54.197.223.49: icmp_seq=1052 ttl=38 time=49.4 ms
08-04 21:20:09.009 14336 14394 D cellinfo: 46 bytes from 54.197.223.49: icmp_seq=1053 ttl=38 time=74.3 ms
08-04 21:20:09.184 14336 14394 D cellinfo: 46 bytes from 54.197.223.49: icmp_seq=1054 ttl=38 time=49.5 ms
08-04 21:20:09.379 14336 14394 D cellinfo: 46 bytes from 54.197.223.49: icmp_seq=1055 ttl=38 time=43.2 ms
08-04 21:20:09.579 14336 14394 D cellinfo: 46 bytes from 54.197.223.49: icmp_seq=1056 ttl=38 time=42.7 ms
08-04 21:20:09.589 14336 14336 D cellinfo: onsignalStrengthsChanged: LTE Signal Strength info: rsrp: -81 rsrq: -16 rssi: -51 rssnr: 5
08-04 21:20:09.589 14336 14336 D cellinfo: onsignalStrengthsChanged: 5G-NR Signal Strength info: ssrsrp: -105 ssrsrq: -16 sssinr: 2147483647
08-04 21:20:09.717 14336 14336 D cellinfo: Latitude is 42.3369753
08-04 21:20:09.717 14336 14336 D cellinfo: Longitude is -71.0869284
08-04 21:20:09.717 14336 14336 D cellinfo: Instantaneous GPS information: United States, 780 Columbus Ave, Boston, MA 02120, USA
08-04 21:20:09.717 14336 14336 D cellinfo: getCurrentLocation() result: Location (success): 42.3369753, -71.0869284
08-04 21:20:09.776 14336 14336 D cellinfo: onCellInfoChanged: Operator: T-Mobile UpdateTimestamp: 876890726 CellConnectionStatus: 0
08-04 21:20:09.776 14336 14336 D cellinfo: onCellInfoChanged: LTE Cell Bands: [66] Bandwidth: 20000 Cell ID: 122346241 Physical Cell ID: 360 Tracking Area Code: 22005 EARFCN: 66736
08-04 21:20:09.789 14336 14394 D cellinfo: 46 bytes from 54.197.223.49: icmp_seq=1057 ttl=38 time=50.7 ms
08-04 21:20:09.980 14336 14394 D cellinfo: 46 bytes from 54.197.223.49: icmp_seq=1058 ttl=38 time=40.5 ms
08-04 21:20:10.183 14336 14394 D cellinfo: 46 bytes from 54.197.223.49: icmp_seq=1059 ttl=38 time=43.5 ms
08-04 21:20:10.378 14336 14394 D cellinfo: 46 bytes from 54.197.223.49: icmp_seq=1060 ttl=38 time=37.3 ms
08-04 21:20:10.579 14336 14394 D cellinfo: 46 bytes from 54.197.223.49: icmp_seq=1061 ttl=38 time=37.6 ms
08-04 21:20:10.779 14336 14394 D cellinfo: 46 bytes from 54.197.223.49: icmp_seq=1062 ttl=38 time=36.1 ms
08-04 21:20:11.010 14336 14394 D cellinfo: 46 bytes from 54.197.223.49: icmp_seq=1063 ttl=38 time=66.1 ms
08-04 21:20:11.205 14336 14394 D cellinfo: 46 bytes from 54.197.223.49: icmp_seq=1064 ttl=38 time=61.7 ms
08-04 21:20:11.302 14336 14336 D cellinfo: onsignalStrengthsChanged: LTE Signal Strength info: rsrp: -81 rsrq: -13 rssi: -51 rssnr: 7
08-04 21:20:11.302 14336 14336 D cellinfo: onsignalStrengthsChanged: 5G-NR Signal Strength info: ssrsrp: -105 ssrsrq: -16 sssinr: 2147483647
08-04 21:20:11.431 14336 14394 D cellinfo: 46 bytes from 54.197.223.49: icmp_seq=1065 ttl=38 time=87.4 ms
08-04 21:20:11.605 14336 14394 D cellinfo: 46 bytes from 54.197.223.49: icmp_seq=1066 ttl=38 time=60.3 ms
08-04 21:20:11.805 14336 14394 D cellinfo: 46 bytes from 54.197.223.49: icmp_seq=1067 ttl=38 time=59.7 ms
08-04 21:20:12.005 14336 14394 D cellinfo: 46 bytes from 54.197.223.49: icmp_seq=1068 ttl=38 time=58.5 ms
08-04 21:20:12.205 14336 14394 D cellinfo: 46 bytes from 54.197.223.49: icmp_seq=1069 ttl=38 time=58.1 ms
08-04 21:20:12.410 14336 14394 D cellinfo: 46 bytes from 54.197.223.49: icmp_seq=1070 ttl=38 time=62.5 ms
08-04 21:20:12.591 14336 14336 D cellinfo: onsignalStrengthsChanged: LTE Signal Strength info: rsrp: -81 rsrq: -13 rssi: -51 rssnr: 7
08-04 21:20:12.591 14336 14336 D cellinfo: onsignalStrengthsChanged: 5G-NR Signal Strength info: ssrsrp: -106 ssrsrq: -16 sssinr: 2147483647
08-04 21:20:12.750 14336 14394 D cellinfo: 46 bytes from 54.197.223.49: icmp_seq=1071 ttl=38 time=201 ms
08-04 21:20:12.805 14336 14394 D cellinfo: 46 bytes from 54.197.223.49: icmp_seq=1072 ttl=38 time=55.6 ms
08-04 21:20:12.822 14336 14336 D cellinfo: Latitude is 42.3369409
08-04 21:20:12.822 14336 14336 D cellinfo: Longitude is -71.0869462
08-04 21:20:12.822 14336 14336 D cellinfo: Instantaneous GPS information: United States, 780 Columbus Ave, Boston, MA 02120, USA
08-04 21:20:12.822 14336 14336 D cellinfo: getCurrentLocation() result: Location (success): 42.3369409, -71.0869462
08-04 21:20:12.826 14336 14336 D cellinfo: onCellInfoChanged: Operator: T-Mobile UpdateTimestamp: 876893731 CellConnectionStatus: 0
08-04 21:20:12.826 14336 14336 D cellinfo: onCellInfoChanged: LTE Cell Bands: [66] Bandwidth: 20000 Cell ID: 122346241 Physical Cell ID: 360 Tracking Area Code: 22005 EARFCN: 66736
08-04 21:20:13.016 14336 14394 D cellinfo: 46 bytes from 54.197.223.49: icmp_seq=1073 ttl=38 time=65.6 ms
08-04 21:20:13.205 14336 14394 D cellinfo: 46 bytes from 54.197.223.49: icmp_seq=1074 ttl=38 time=54.7 ms
08-04 21:20:13.405 14336 14394 D cellinfo: 46 bytes from 54.197.223.49: icmp_seq=1075 ttl=38 time=54.7 ms
08-04 21:20:13.644 14336 14394 D cellinfo: 46 bytes from 54.197.223.49: icmp_seq=1076 ttl=38 time=93.5 ms
08-04 21:20:13.844 14336 14394 D cellinfo: 46 bytes from 54.197.223.49: icmp_seq=1077 ttl=38 time=92.7 ms
08-04 21:20:13.990 14336 14394 D cellinfo: 46 bytes from 54.197.223.49: icmp_seq=1078 ttl=38 time=37.1 ms
08-04 21:20:14.203 14336 14394 D cellinfo: 46 bytes from 54.197.223.49: icmp_seq=1079 ttl=38 time=49.7 ms
08-04 21:20:14.421 14336 14394 D cellinfo: 46 bytes from 54.197.223.49: icmp_seq=1080 ttl=38 time=65.9 ms
08-04 21:20:14.610 14336 14394 D cellinfo: 46 bytes from 54.197.223.49: icmp_seq=1081 ttl=38 time=55.3 ms
08-04 21:20:14.811 14336 14394 D cellinfo: 46 bytes from 54.197.223.49: icmp_seq=1082 ttl=38 time=55.1 ms
08-04 21:20:15.011 14336 14394 D cellinfo: 46 bytes from 54.197.223.49: icmp_seq=1083 ttl=38 time=54.9 ms
08-04 21:20:15.205 14336 14394 D cellinfo: 46 bytes from 54.197.223.49: icmp_seq=1084 ttl=38 time=49.2 ms
08-04 21:20:15.401 14336 14394 D cellinfo: 46 bytes from 54.197.223.49: icmp_seq=1085 ttl=38 time=44.6 ms
08-04 21:20:15.590 14336 14336 D cellinfo: onsignalStrengthsChanged: LTE Signal Strength info: rsrp: -81 rsrq: -13 rssi: -51 rssnr: 7
08-04 21:20:15.590 14336 14336 D cellinfo: onsignalStrengthsChanged: 5G-NR Signal Strength info: ssrsrp: -107 ssrsrq: -17 sssinr: 2147483647
08-04 21:20:15.605 14336 14394 D cellinfo: 46 bytes from 54.197.223.49: icmp_seq=1086 ttl=38 time=47.1 ms
08-04 21:20:15.800 14336 14394 D cellinfo: 46 bytes from 54.197.223.49: icmp_seq=1087 ttl=38 time=41.9 ms
08-04 21:20:15.849 14336 14336 D cellinfo: Latitude is 42.3368131
08-04 21:20:15.849 14336 14336 D cellinfo: Longitude is -71.0869638
08-04 21:20:15.849 14336 14336 D cellinfo: Instantaneous GPS information: United States, 780 Columbus Ave, Boston, MA 02120, USA
08-04 21:20:15.849 14336 14336 D cellinfo: getCurrentLocation() result: Location (success): 42.3368131, -71.0869638
08-04 21:20:15.850 14336 14336 D cellinfo: onCellInfoChanged: Operator: T-Mobile UpdateTimestamp: 876896728 CellConnectionStatus: 0
08-04 21:20:15.851 14336 14336 D cellinfo: onCellInfoChanged: LTE Cell Bands: [66] Bandwidth: 20000 Cell ID: 122346241 Physical Cell ID: 360 Tracking Area Code: 22005 EARFCN: 66736
08-04 21:20:15.851 14336 14336 D cellinfo: onsignalStrengthsChanged: LTE Signal Strength info: rsrp: -82 rsrq: -11 rssi: -51 rssnr: 9
08-04 21:20:15.851 14336 14336 D cellinfo: onsignalStrengthsChanged: 5G-NR Signal Strength info: ssrsrp: -107 ssrsrq: -17 sssinr: 2147483647
