08-04 21:20:16.005 14336 14394 D cellinfo: 46 bytes from 54.197.223.49: icmp_seq=1088 ttl=38 time=46.2 ms
08-04 21:20:16.249 14336 14394 D cellinfo: 46 bytes from 54.197.223.49: icmp_seq=1089 ttl=38 time=90.7 ms
08-04 21:20:16.404 14336 14394 D cellinfo: 46 bytes from 54.197.223.49: icmp_seq=1090 ttl=38 time=44.2 ms
08-04 21:20:16.605 14336 14394 D cellinfo: 46 bytes from 54.197.223.49: icmp_seq=1091 ttl=38 time=44.0 ms
08-04 21:20:16.805 14336 14394 D cellinfo: 46 bytes from 54.197.223.49: icmp_seq=1092 ttl=38 time=44.1 ms
08-04 21:20:17.010 14336 14394 D cellinfo: 46 bytes from 54.197.223.49: icmp_seq=1093 ttl=38 time=48.4 ms
08-04 21:20:17.209 14336 14394 D cellinfo: 46 bytes from 54.197.223.49: icmp_seq=1094 ttl=38 time=47.6 ms
08-04 21:20:17.595 14336 14394 D cellinfo: 46 bytes from 54.197.223.49: icmp_seq=1095 ttl=38 time=232 ms
08-04 21:20:17.599 14336 14394 D cellinfo: 46 bytes from 54.197.223.49: icmp_seq=1096 ttl=38 time=33.1 ms
08-04 21:20:17.831 14336 14394 D cellinfo: 46 bytes from 54.197.223.49: icmp_seq=1097 ttl=38 time=64.9 ms
08-04 21:20:18.022 14336 14336 D cellinfo: onsignalStrengthsChanged: LTE Signal Strength info: rsrp: -83 rsrq: -14 rssi: -51 rssnr: 7
08-04 21:20:18.022 14336 14336 D cellinfo: onsignalStrengthsChanged: 5G-NR Signal Strength info: ssrsrp: -107 ssrsrq: -17 sssinr: 2147483647
08-04 21:20:18.026 14336 14394 D cellinfo: 46 bytes from 54.197.223.49: icmp_seq=1098 ttl=38 time=58.9 ms
08-04 21:20:18.275 14336 14394 D cellinfo: 46 bytes from 54.197.223.49: icmp_seq=1099 ttl=38 time=108 ms
08-04 21:20:18.405 14336 14394 D cellinfo: 46 bytes from 54.197.223.49: icmp_seq=1100 ttl=38 time=38.3 ms
08-04 21:20:18.475 14336 14336 D cellinfo: onsignalStrengthsChanged: LTE Signal Strength info: rsrp: -83 rsrq: -14 rssi: -51 rssnr: 7
08-04 21:20:18.475 14336 14336 D cellinfo: onsignalStrengthsChanged: 5G-NR Signal Strength info: ssrsrp: -105 ssrsrq: -17 sssinr: 2147483647
08-04 21:20:18.591 14336 14336 D cellinfo: onsignalStrengthsChanged: LTE Signal Strength info: rsrp: -83 rsrq: -14 rssi: -51 rssnr: 7
08-04 21:20:18.591 14336 14336 D cellinfo: onsignalStrengthsChanged: 5G-NR Signal Strength info: ssrsrp: -104 ssrsrq: -16 sssinr: 2147483647
08-04 21:20:18.615 14336 14394 D cellinfo: 46 bytes from 54.197.223.49: icmp_seq=1101 ttl=38 time=47.9 ms
08-04 21:20:18.816 14336 14394 D cellinfo: 46 bytes from 54.197.223.49: icmp_seq=1102 ttl=38 time=47.5 ms
08-04 21:20:18.864 14336 14336 D cellinfo: Latitude is 42.336729
08-04 21:20:18.864 14336 14336 D cellinfo: Longitude is -71.0869949
08-04 21:20:18.864 14336 14336 D cellinfo: Instantaneous GPS information: United States, 788 Columbus Ave, Boston, MA 02120, USA
08-04 21:20:18.864 14336 14336 D cellinfo: getCurrentLocation() result: Location (success): 42.336729, -71.0869949
08-04 21:20:18.866 14336 14336 D cellinfo: onCellInfoChanged: Operator: T-Mobile UpdateTimestamp: 876899722 CellConnectionStatus: 0
08-04 21:20:18.866 14336 14336 D cellinfo: onCellInfoChanged: LTE Cell Bands: [66] Bandwidth: 20000 Cell ID: 122346241 Physical Cell ID: 360 Tracking Area Code: 22005 EARFCN: 66736
08-04 21:20:19.004 14336 14394 D cellinfo: 46 bytes from 54.197.223.49: icmp_seq=1103 ttl=38 time=34.6 ms
08-04 21:20:19.238 14336 14394 D cellinfo: 46 bytes from 54.197.223.49: icmp_seq=1104 ttl=38 time=69.0 ms
08-04 21:20:19.436 14336 14394 D cellinfo: 46 bytes from 54.197.223.49: icmp_seq=1105 ttl=38 time=66.7 ms
08-04 21:20:19.640 14336 14394 D cellinfo: 46 bytes from 54.197.223.49: icmp_seq=1106 ttl=38 time=69.6 ms
08-04 21:20:19.840 14336 14394 D cellinfo: 46 bytes from 54.197.223.49: icmp_seq=1107 ttl=38 time=68.6 ms
08-04 21:20:20.029 14336 14394 D cellinfo: 46 bytes from 54.197.223.49: icmp_seq=1108 ttl=38 time=56.1 ms
08-04 21:20:20.254 14336 14394 D cellinfo: 46 bytes from 54.197.223.49: icmp_seq=1109 ttl=38 time=82.1 ms
08-04 21:20:20.263 14336 14336 D cellinfo: onsignalStrengthsChanged: LTE Signal Strength info: rsrp: -82 rsrq: -13 rssi: -51 rssnr: 7
08-04 21:20:20.263 14336 14336 D cellinfo: onsignalStrengthsChanged: 5G-NR Signal Strength info: ssrsrp: -104 ssrsrq: -16 sssinr: 2147483647
08-04 21:20:20.435 14336 14394 D cellinfo: 46 bytes from 54.197.223.49: icmp_seq=1110 ttl=38 time=61.7 ms
08-04 21:20:20.635 14336 14394 D cellinfo: 46 bytes from 54.197.223.49: icmp_seq=1111 ttl=38 time=60.6 ms
08-04 21:20:20.824 14336 14394 D cellinfo: 46 bytes from 54.197.223.49: icmp_seq=1112 ttl=38 time=49.0 ms
08-04 21:20:21.029 14336 14394 D cellinfo: 46 bytes from 54.197.223.49: icmp_seq=1113 ttl=38 time=53.4 ms
08-04 21:20:21.229 14336 14394 D cellinfo: 46 bytes from 54.197.223.49: icmp_seq=1114 ttl=38 time=53.4 ms
08-04 21:20:21.590 14336 14336 D cellinfo: onsignalStrengthsChanged: LTE Signal Strength info: rsrp: -82 rsrq: -13 rssi: -51 rssnr: 7
08-04 21:20:21.590 14336 14336 D cellinfo: onsignalStrengthsChanged: 5G-NR Signal Strength info: ssrsrp: -103 ssrsrq: -16 sssinr: 2147483647
08-04 21:20:21.692 14336 14394 D cellinfo: 46 bytes from 54.197.223.49: icmp_seq=1115 ttl=38 time=315 ms
08-04 21:20:21.693 14336 14394 D cellinfo: 46 bytes from 54.197.223.49: icmp_seq=1116 ttl=38 time=113 ms
08-04 21:20:21.832 14336 14394 D cellinfo: 46 bytes from 54.197.223.49: icmp_seq=1117 ttl=38 time=51.3 ms
08-04 21:20:21.887 14336 14336 D cellinfo: Latitude is 42.3366286
08-04 21:20:21.887 14336 14336 D cellinfo: Longitude is -71.0870338
08-04 21:20:21.887 14336 14336 D cellinfo: Instantaneous GPS information: United States, 24 St Cyprians Pl, Boston, MA 02120, USA
08-04 21:20:21.887 14336 14336 D cellinfo: getCurrentLocation() result: Location (success): 42.3366286, -71.0870338
08-04 21:20:21.889 14336 14336 D cellinfo: onCellInfoChanged: Operator: T-Mobile UpdateTimestamp: 876902718 CellConnectionStatus: 0
08-04 21:20:21.889 14336 14336 D cellinfo: onCellInfoChanged: LTE Cell Bands: [66] Bandwidth: 20000 Cell ID: 122346241 Physical Cell ID: 360 Tracking Area Code: 22005 EARFCN: 66736
08-04 21:20:22.020 14336 14394 D cellinfo: 46 bytes from 54.197.223.49: icmp_seq=1118 ttl=38 time=39.2 ms
08-04 21:20:22.333 14336 14394 D cellinfo: 46 bytes from 54.197.223.49: icmp_seq=1119 ttl=38 time=151 ms
08-04 21:20:22.442 14336 14394 D cellinfo: 46 bytes from 54.197.223.49: icmp_seq=1120 ttl=38 time=61.6 ms
08-04 21:20:22.653 14336 14394 D cellinfo: 46 bytes from 54.197.223.49: icmp_seq=1121 ttl=38 time=71.1 ms
08-04 21:20:22.972 14336 14394 D cellinfo: 46 bytes from 54.197.223.49: icmp_seq=1122 ttl=38 time=189 ms
08-04 21:20:23.044 14336 14394 D cellinfo: 46 bytes from 54.197.223.49: icmp_seq=1123 ttl=38 time=61.7 ms
08-04 21:20:23.294 14336 14394 D cellinfo: 46 bytes from 54.197.223.49: icmp_seq=1124 ttl=38 time=111 ms
08-04 21:20:23.461 14336 14394 D cellinfo: 46 bytes from 54.197.223.49: icmp_seq=1125 ttl=38 time=77.8 ms
08-04 21:20:23.933 14336 14394 D cellinfo: 46 bytes from 54.197.223.49: icmp_seq=1126 ttl=38 time=349 ms
08-04 21:20:23.933 14336 14394 D cellinfo: 46 bytes from 54.197.223.49: icmp_seq=1127 ttl=38 time=146 ms
08-04 21:20:24.035 14336 14394 D cellinfo: 46 bytes from 54.197.223.49: icmp_seq=1128 ttl=38 time=49.3 ms
08-04 21:20:24.253 14336 14394 D cellinfo: 46 bytes from 54.197.223.49: icmp_seq=1129 ttl=38 time=67.1 ms
08-04 21:20:24.436 14336 14394 D cellinfo: 46 bytes from 54.197.223.49: icmp_seq=1130 ttl=38 time=49.3 ms
08-04 21:20:24.594 14336 14336 D cellinfo: onsignalStrengthsChanged: LTE Signal Strength info: rsrp: -82 rsrq: -13 rssi: -51 rssnr: 7
08-04 21:20:24.594 14336 14336 D cellinfo: onsignalStrengthsChanged: 5G-NR Signal Strength info: ssrsrp: -107 ssrsrq: -17 sssinr: 2147483647
08-04 21:20:24.629 14336 14394 D cellinfo: 46 bytes from 54.197.223.49: icmp_seq=1131 ttl=38 time=42.1 ms
08-04 21:20:24.829 14336 14394 D cellinfo: 46 bytes from 54.197.223.49: icmp_seq=1132 ttl=38 time=40.9 ms
08-04 21:20:24.922 14336 14336 D cellinfo: Latitude is 42.3366258
08-04 21:20:24.922 14336 14336 D cellinfo: Longitude is -71.0869577
08-04 21:20:24.922 14336 14336 D cellinfo: Instantaneous GPS information: United States, 23 St Cyprians Pl, Boston, MA 02120, USA
08-04 21:20:24.922 14336 14336 D cellinfo: getCurrentLocation() result: Location (success): 42.3366258, -71.0869577
08-04 21:20:24.924 14336 14336 D cellinfo: onsignalStrengthsChanged: LTE Signal Strength info: rsrp: -82 rsrq: -14 rssi: -51 rssnr: 7
08-04 21:20:24.924 14336 14336 D cellinfo: onsignalStrengthsChanged: 5G-NR Signal Strength info: ssrsrp: -107 ssrsrq: -17 sssinr: 2147483647
08-04 21:20:24.925 14336 14336 D cellinfo: onCellInfoChanged: Operator: T-Mobile UpdateTimestamp: 876905726 CellConnectionStatus: 0
08-04 21:20:24.925 14336 14336 D cellinfo: onCellInfoChanged: LTE Cell Bands: [66] Bandwidth: 20000 Cell ID: 122346241 Physical Cell ID: 360 Tracking Area Code: 22005 EARFCN: 66736
08-04 21:20:25.030 14336 14394 D cellinfo: 46 bytes from 54.197.223.49: icmp_seq=1133 ttl=38 time=41.3 ms
08-04 21:20:25.250 14336 14394 D cellinfo: 46 bytes from 54.197.223.49: icmp_seq=1134 ttl=38 time=61.6 ms
08-04 21:20:25.475 14336 14394 D cellinfo: 46 bytes from 54.197.223.49: icmp_seq=1135 ttl=38 time=86.1 ms
08-04 21:20:25.665 14336 14394 D cellinfo: 46 bytes from 54.197.223.49: icmp_seq=1136 ttl=38 time=75.6 ms
08-04 21:20:26.000 14336 14394 D cellinfo: 46 bytes from 54.197.223.49: icmp_seq=1137 ttl=38 time=209 ms
08-04 21:20:26.173 14336 14394 D cellinfo: 46 bytes from 54.197.223.49: icmp_seq=1138 ttl=38 time=180 ms
08-04 21:20:26.261 14336 14394 D cellinfo: 46 bytes from 54.197.223.49: icmp_seq=1139 ttl=38 time=69.0 ms
08-04 21:20:26.493 14336 14394 D cellinfo: 46 bytes from 54.197.223.49: icmp_seq=1140 ttl=38 time=100 ms
08-04 21:20:26.655 14336 14394 D cellinfo: 46 bytes from 54.197.223.49: icmp_seq=1141 ttl=38 time=61.5 ms
08-04 21:20:26.829 14336 14394 D cellinfo: 46 bytes from 54.197.223.49: icmp_seq=1142 ttl=38 time=34.4 ms
08-04 21:20:26.977 14336 14336 D cellinfo: onsignalStrengthsChanged: LTE Signal Strength info: rsrp: -80 rsrq: -13 rssi: -51 rssnr: 8
08-04 21:20:26.977 14336 14336 D cellinfo: onsignalStrengthsChanged: 5G-NR Signal Strength info: ssrsrp: -107 ssrsrq: -17 sssinr: 2147483647
08-04 21:20:27.115 14336 14394 D cellinfo: 46 bytes from 54.197.223.49: icmp_seq=1143 ttl=38 time=119 ms
08-04 21:20:27.234 14336 14394 D cellinfo: 46 bytes from 54.197.223.49: icmp_seq=1144 ttl=38 time=38.8 ms
08-04 21:20:27.450 14336 14394 D cellinfo: 46 bytes from 54.197.223.49: icmp_seq=1145 ttl=38 time=53.8 ms
08-04 21:20:27.644 14336 14394 D cellinfo: 46 bytes from 54.197.223.49: icmp_seq=1146 ttl=38 time=47.3 ms
08-04 21:20:27.835 14336 14394 D cellinfo: 46 bytes from 54.197.223.49: icmp_seq=1147 ttl=38 time=38.4 ms
08-04 21:20:27.858 14336 14336 D cellinfo: Latitude is 42.3365903
08-04 21:20:27.858 14336 14336 D cellinfo: Longitude is -71.0869784
08-04 21:20:27.858 14336 14336 D cellinfo: Instantaneous GPS information: United States, 23 St Cyprians Pl, Boston, MA 02120, USA
08-04 21:20:27.858 14336 14336 D cellinfo: getCurrentLocation() result: Location (success): 42.3365903, -71.0869784
08-04 21:20:27.859 14336 14336 D cellinfo: onCellInfoChanged: Operator: T-Mobile UpdateTimestamp: 876908730 CellConnectionStatus: 0
08-04 21:20:27.859 14336 14336 D cellinfo: onCellInfoChanged: LTE Cell Bands: [66] Bandwidth: 20000 Cell ID: 122346241 Physical Cell ID: 360 Tracking Area Code: 22005 EARFCN: 66736
08-04 21:20:28.035 14336 14394 D cellinfo: 46 bytes from 54.197.223.49: icmp_seq=1148 ttl=38 time=36.8 ms
08-04 21:20:28.244 14336 14394 D cellinfo: 46 bytes from 54.197.223.49: icmp_seq=1149 ttl=38 time=46.4 ms
08-04 21:20:28.444 14336 14394 D cellinfo: 46 bytes from 54.197.223.49: icmp_seq=1150 ttl=38 time=46.1 ms
08-04 21:20:28.650 14336 14394 D cellinfo: 46 bytes from 54.197.223.49: icmp_seq=1151 ttl=38 time=51.5 ms
08-04 21:20:28.850 14336 14394 D cellinfo: 46 bytes from 54.197.223.49: icmp_seq=1152 ttl=38 time=50.8 ms
08-04 21:20:29.051 14336 14394 D cellinfo: 46 bytes from 54.197.223.49: icmp_seq=1153 ttl=38 time=50.8 ms
08-04 21:20:29.222 14336 14336 D cellinfo: onsignalStrengthsChanged: LTE Signal Strength info: rsrp: -78 rsrq: -15 rssi: -51 rssnr: 10
08-04 21:20:29.222 14336 14336 D cellinfo: onsignalStrengthsChanged: 5G-NR Signal Strength info: ssrsrp: -107 ssrsrq: -17 sssinr: 2147483647
08-04 21:20:29.244 14336 14394 D cellinfo: 46 bytes from 54.197.223.49: icmp_seq=1154 ttl=38 time=42.5 ms
08-04 21:20:29.449 14336 14394 D cellinfo: 46 bytes from 54.197.223.49: icmp_seq=1155 ttl=38 time=47.3 ms
08-04 21:20:29.650 14336 14394 D cellinfo: 46 bytes from 54.197.223.49: icmp_seq=1156 ttl=38 time=46.9 ms
08-04 21:20:29.844 14336 14394 D cellinfo: 46 bytes from 54.197.223.49: icmp_seq=1157 ttl=38 time=40.3 ms
08-04 21:20:30.050 14336 14394 D cellinfo: 46 bytes from 54.197.223.49: icmp_seq=1158 ttl=38 time=45.7 ms
08-04 21:20:30.245 14336 14394 D cellinfo: 46 bytes from 54.197.223.49: icmp_seq=1159 ttl=38 time=39.7 ms
08-04 21:20:30.444 14336 14394 D cellinfo: 46 bytes from 54.197.223.49: icmp_seq=1160 ttl=38 time=37.2 ms
08-04 21:20:30.592 14336 14336 D cellinfo: onsignalStrengthsChanged: LTE Signal Strength info: rsrp: -78 rsrq: -15 rssi: -51 rssnr: 10
08-04 21:20:30.592 14336 14336 D cellinfo: onsignalStrengthsChanged: 5G-NR Signal Strength info: ssrsrp: -104 ssrsrq: -15 sssinr: 2147483647
08-04 21:20:30.644 14336 14394 D cellinfo: 46 bytes from 54.197.223.49: icmp_seq=1161 ttl=38 time=36.3 ms
08-04 21:20:30.840 14336 14394 D cellinfo: 46 bytes from 54.197.223.49: icmp_seq=1162 ttl=38 time=31.5 ms
08-04 21:20:30.853 14336 14336 D cellinfo: Latitude is 42.3365914
08-04 21:20:30.853 14336 14336 D cellinfo: Longitude is -71.0871006
08-04 21:20:30.853 14336 14336 D cellinfo: Instantaneous GPS information: United States, 24 St Cyprians Pl, Boston, MA 02120, USA
08-04 21:20:30.853 14336 14336 D cellinfo: getCurrentLocation() result: Location (success): 42.3365914, -71.0871006
08-04 21:20:30.854 14336 14336 D cellinfo: onCellInfoChanged: Operator: T-Mobile UpdateTimestamp: 876911722 CellConnectionStatus: 0
08-04 21:20:30.854 14336 14336 D cellinfo: onCellInfoChanged: LTE Cell Bands: [66] Bandwidth: 20000 Cell ID: 122346241 Physical Cell ID: 360 Tracking Area Code: 22005 EARFCN: 66736
08-04 21:20:31.075 14336 14394 D cellinfo: 46 bytes from 54.197.223.49: icmp_seq=1163 ttl=38 time=65.5 ms
08-04 21:20:31.281 14336 14394 D cellinfo: 46 bytes from 54.197.223.49: icmp_seq=1164 ttl=38 time=70.7 ms
08-04 21:20:31.486 14336 14394 D cellinfo: 46 bytes from 54.197.223.49: icmp_seq=1165 ttl=38 time=74.4 ms
08-04 21:20:31.670 14336 14394 D cellinfo: 46 bytes from 54.197.223.49: icmp_seq=1166 ttl=38 time=57.7 ms
08-04 21:20:31.864 14336 14394 D cellinfo: 46 bytes from 54.197.223.49: icmp_seq=1167 ttl=38 time=50.8 ms
08-04 21:20:32.069 14336 14394 D cellinfo: 46 bytes from 54.197.223.49: icmp_seq=1168 ttl=38 time=55.8 ms
08-04 21:20:32.269 14336 14394 D cellinfo: 46 bytes from 54.197.223.49: icmp_seq=1169 ttl=38 time=55.6 ms
08-04 21:20:32.466 14336 14394 D cellinfo: 46 bytes from 54.197.223.49: icmp_seq=1170 ttl=38 time=50.9 ms
08-04 21:20:32.664 14336 14394 D cellinfo: 46 bytes from 54.197.223.49: icmp_seq=1171 ttl=38 time=48.3 ms
08-04 21:20:32.874 14336 14394 D cellinfo: 46 bytes from 54.197.223.49: icmp_seq=1172 ttl=38 time=57.6 ms
08-04 21:20:33.081 14336 14394 D cellinfo: 46 bytes from 54.197.223.49: icmp_seq=1173 ttl=38 time=63.9 ms
08-04 21:20:33.266 14336 14394 D cellinfo: 46 bytes from 54.197.223.49: icmp_seq=1174 ttl=38 time=47.5 ms
08-04 21:20:33.463 14336 14394 D cellinfo: 46 bytes from 54.197.223.49: icmp_seq=1175 ttl=38 time=44.4 ms
08-04 21:20:33.591 14336 14336 D cellinfo: onsignalStrengthsChanged: LTE Signal Strength info: rsrp: -78 rsrq: -15 rssi: -51 rssnr: 10
08-04 21:20:33.591 14336 14336 D cellinfo: onsignalStrengthsChanged: 5G-NR Signal Strength info: ssrsrp: -104 ssrsrq: -14 sssinr: 2147483647
08-04 21:20:33.665 14336 14394 D cellinfo: 46 bytes from 54.197.223.49: icmp_seq=1176 ttl=38 time=45.1 ms
08-04 21:20:33.702 14336 14336 D cellinfo: onsignalStrengthsChanged: LTE Signal Strength info: rsrp: -79 rsrq: -13 rssi: -51 rssnr: 10
08-04 21:20:33.702 14336 14336 D cellinfo: onsignalStrengthsChanged: 5G-NR Signal Strength info: ssrsrp: -104 ssrsrq: -14 sssinr: 2147483647
08-04 21:20:33.865 14336 14394 D cellinfo: 46 bytes from 54.197.223.49: icmp_seq=1177 ttl=38 time=44.0 ms
08-04 21:20:33.878 14336 14336 D cellinfo: Latitude is 42.3366046
08-04 21:20:33.878 14336 14336 D cellinfo: Longitude is -71.087205
08-04 21:20:33.878 14336 14336 D cellinfo: Instantaneous GPS information: United States, 24 St Cyprians Pl, Boston, MA 02120, USA
08-04 21:20:33.878 14336 14336 D cellinfo: getCurrentLocation() result: Location (success): 42.3366046, -71.087205
08-04 21:20:33.880 14336 14336 D cellinfo: onCellInfoChanged: Operator: T-Mobile UpdateTimestamp: 876914716 CellConnectionStatus: 0
08-04 21:20:33.880 14336 14336 D cellinfo: onCellInfoChanged: LTE Cell Bands: [66] Bandwidth: 20000 Cell ID: 122346241 Physical Cell ID: 360 Tracking Area Code: 22005 EARFCN: 66736
08-04 21:20:34.064 14336 14394 D cellinfo: 46 bytes from 54.197.223.49: icmp_seq=1178 ttl=38 time=42.8 ms
08-04 21:20:34.264 14336 14394 D cellinfo: 46 bytes from 54.197.223.49: icmp_seq=1179 ttl=38 time=42.2 ms
08-04 21:20:34.470 14336 14394 D cellinfo: 46 bytes from 54.197.223.49: icmp_seq=1180 ttl=38 time=47.6 ms
08-04 21:20:34.669 14336 14394 D cellinfo: 46 bytes from 54.197.223.49: icmp_seq=1181 ttl=38 time=46.1 ms
08-04 21:20:34.864 14336 14394 D cellinfo: 46 bytes from 54.197.223.49: icmp_seq=1182 ttl=38 time=40.5 ms
08-04 21:20:35.065 14336 14394 D cellinfo: 46 bytes from 54.197.223.49: icmp_seq=1183 ttl=38 time=40.1 ms
08-04 21:20:35.265 14336 14394 D cellinfo: 46 bytes from 54.197.223.49: icmp_seq=1184 ttl=38 time=39.8 ms
08-04 21:20:35.464 14336 14394 D cellinfo: 46 bytes from 54.197.223.49: icmp_seq=1185 ttl=38 time=38.4 ms
08-04 21:20:35.664 14336 14394 D cellinfo: 46 bytes from 54.197.223.49: icmp_seq=1186 ttl=38 time=37.7 ms
08-04 21:20:35.870 14336 14394 D cellinfo: 46 bytes from 54.197.223.49: icmp_seq=1187 ttl=38 time=42.3 ms
08-04 21:20:35.942 14336 14336 D cellinfo: onsignalStrengthsChanged: LTE Signal Strength info: rsrp: -80 rsrq: -14 rssi: -51 rssnr: 11
08-04 21:20:35.943 14336 14336 D cellinfo: onsignalStrengthsChanged: 5G-NR Signal Strength info: ssrsrp: -104 ssrsrq: -14 sssinr: 2147483647
08-04 21:20:36.093 14336 14394 D cellinfo: 46 bytes from 54.197.223.49: icmp_seq=1188 ttl=38 time=64.4 ms
08-04 21:20:36.291 14336 14394 D cellinfo: 46 bytes from 54.197.223.49: icmp_seq=1189 ttl=38 time=61.8 ms
08-04 21:20:36.493 14336 14394 D cellinfo: 46 bytes from 54.197.223.49: icmp_seq=1190 ttl=38 time=63.0 ms
08-04 21:20:36.592 14336 14336 D cellinfo: onsignalStrengthsChanged: LTE Signal Strength info: rsrp: -80 rsrq: -14 rssi: -51 rssnr: 11
08-04 21:20:36.593 14336 14336 D cellinfo: onsignalStrengthsChanged: 5G-NR Signal Strength info: ssrsrp: -104 ssrsrq: -15 sssinr: 2147483647
08-04 21:20:36.684 14336 14394 D cellinfo: 46 bytes from 54.197.223.49: icmp_seq=1191 ttl=38 time=53.9 ms
08-04 21:20:36.858 14336 14336 D cellinfo: Latitude is 42.3364804
08-04 21:20:36.858 14336 14336 D cellinfo: Longitude is -71.0872275
08-04 21:20:36.858 14336 14336 D cellinfo: Instantaneous GPS information: United States, 24 St Cyprians Pl, Boston, MA 02120, USA
08-04 21:20:36.858 14336 14336 D cellinfo: getCurrentLocation() result: Location (success): 42.3364804, -71.0872275
08-04 21:20:36.860 14336 14336 D cellinfo: onCellInfoChanged: Operator: T-Mobile UpdateTimestamp: 876917716 CellConnectionStatus: 0
08-04 21:20:36.860 14336 14336 D cellinfo: onCellInfoChanged: LTE Cell Bands: [66] Bandwidth: 20000 Cell ID: 122346241 Physical Cell ID: 360 Tracking Area Code: 22005 EARFCN: 66736
08-04 21:20:36.870 14336 14394 D cellinfo: 46 bytes from 54.197.223.49: icmp_seq=1192 ttl=38 time=38.7 ms
08-04 21:20:37.085 14336 14394 D cellinfo: 46 bytes from 54.197.223.49: icmp_seq=1193 ttl=38 time=53.1 ms
08-04 21:20:37.284 14336 14394 D cellinfo: 46 bytes from 54.197.223.49: icmp_seq=1194 ttl=38 time=51.2 ms
08-04 21:20:37.484 14336 14394 D cellinfo: 46 bytes from 54.197.223.49: icmp_seq=1195 ttl=38 time=50.8 ms
08-04 21:20:37.685 14336 14394 D cellinfo: 46 bytes from 54.197.223.49: icmp_seq=1196 ttl=38 time=50.8 ms
08-04 21:20:37.890 14336 14394 D cellinfo: 46 bytes from 54.197.223.49: icmp_seq=1197 ttl=38 time=55.4 ms
08-04 21:20:38.086 14336 14394 D cellinfo: 46 bytes from 54.197.223.49: icmp_seq=1198 ttl=38 time=50.5 ms
08-04 21:20:38.284 14336 14394 D cellinfo: 46 bytes from 54.197.223.49: icmp_seq=1199 ttl=38 time=48.2 ms
08-04 21:20:38.485 14336 14394 D cellinfo: 46 bytes from 54.197.223.49: icmp_seq=1200 ttl=38 time=48.2 ms
08-04 21:20:38.684 14336 14394 D cellinfo: 46 bytes from 54.197.223.49: icmp_seq=1201 ttl=38 time=47.0 ms
08-04 21:20:38.885 14336 14394 D cellinfo: 46 bytes from 54.197.223.49: icmp_seq=1202 ttl=38 time=46.8 ms
08-04 21:20:39.084 14336 14394 D cellinfo: 46 bytes from 54.197.223.49: icmp_seq=1203 ttl=38 time=45.2 ms
08-04 21:20:39.289 14336 14394 D cellinfo: 46 bytes from 54.197.223.49: icmp_seq=1204 ttl=38 time=50.0 ms
08-04 21:20:39.484 14336 14394 D cellinfo: 46 bytes from 54.197.223.49: icmp_seq=1205 ttl=38 time=44.2 ms
08-04 21:20:39.592 14336 14336 D cellinfo: onsignalStrengthsChanged: LTE Signal Strength info: rsrp: -80 rsrq: -14 rssi: -51 rssnr: 11
08-04 21:20:39.592 14336 14336 D cellinfo: onsignalStrengthsChanged: 5G-NR Signal Strength info: ssrsrp: -105 ssrsrq: -15 sssinr: 2147483647
08-04 21:20:39.690 14336 14394 D cellinfo: 46 bytes from 54.197.223.49: icmp_seq=1206 ttl=38 time=49.4 ms
08-04 21:20:39.858 14336 14336 D cellinfo: Latitude is 42.3364904
08-04 21:20:39.858 14336 14336 D cellinfo: Longitude is -71.0871237
08-04 21:20:39.858 14336 14336 D cellinfo: Instantaneous GPS information: United States, 24 St Cyprians Pl, Boston, MA 02120, USA
08-04 21:20:39.858 14336 14336 D cellinfo: getCurrentLocation() result: Location (success): 42.3364904, -71.0871237
08-04 21:20:39.859 14336 14336 D cellinfo: onCellInfoChanged: Operator: T-Mobile UpdateTimestamp: 876920725 CellConnectionStatus: 0
08-04 21:20:39.859 14336 14336 D cellinfo: onCellInfoChanged: LTE Cell Bands: [66] Bandwidth: 20000 Cell ID: 122346241 Physical Cell ID: 360 Tracking Area Code: 22005 EARFCN: 66736
08-04 21:20:39.881 14336 14394 D cellinfo: 46 bytes from 54.197.223.49: icmp_seq=1207 ttl=38 time=39.7 ms
08-04 21:20:40.091 14336 14394 D cellinfo: 46 bytes from 54.197.223.49: icmp_seq=1208 ttl=38 time=47.7 ms
08-04 21:20:40.284 14336 14394 D cellinfo: 46 bytes from 54.197.223.49: icmp_seq=1209 ttl=38 time=39.8 ms
08-04 21:20:40.295 14336 14336 D cellinfo: onsignalStrengthsChanged: LTE Signal Strength info: rsrp: -79 rsrq: -13 rssi: -51 rssnr: 11
08-04 21:20:40.295 14336 14336 D cellinfo: onsignalStrengthsChanged: 5G-NR Signal Strength info: ssrsrp: -105 ssrsrq: -15 sssinr: 2147483647
08-04 21:20:40.489 14336 14394 D cellinfo: 46 bytes from 54.197.223.49: icmp_seq=1210 ttl=38 time=45.1 ms
08-04 21:20:40.684 14336 14394 D cellinfo: 46 bytes from 54.197.223.49: icmp_seq=1211 ttl=38 time=38.7 ms
08-04 21:20:40.889 14336 14394 D cellinfo: 46 bytes from 54.197.223.49: icmp_seq=1212 ttl=38 time=42.3 ms
08-04 21:20:41.085 14336 14394 D cellinfo: 46 bytes from 54.197.223.49: icmp_seq=1213 ttl=38 time=37.6 ms
08-04 21:20:41.305 14336 14394 D cellinfo: 46 bytes from 54.197.223.49: icmp_seq=1214 ttl=38 time=56.2 ms
08-04 21:20:41.520 14336 14394 D cellinfo: 46 bytes from 54.197.223.49: icmp_seq=1215 ttl=38 time=70.4 ms
08-04 21:20:41.713 14336 14394 D cellinfo: 46 bytes from 54.197.223.49: icmp_seq=1216 ttl=38 time=62.1 ms
08-04 21:20:41.904 14336 14394 D cellinfo: 46 bytes from 54.197.223.49: icmp_seq=1217 ttl=38 time=52.6 ms
08-04 21:20:42.105 14336 14394 D cellinfo: 46 bytes from 54.197.223.49: icmp_seq=1218 ttl=38 time=51.8 ms
08-04 21:20:42.304 14336 14394 D cellinfo: 46 bytes from 54.197.223.49: icmp_seq=1219 ttl=38 time=50.6 ms
08-04 21:20:42.504 14336 14394 D cellinfo: 46 bytes from 54.197.223.49: icmp_seq=1220 ttl=38 time=49.7 ms
08-04 21:20:42.664 14336 14336 D cellinfo: onsignalStrengthsChanged: LTE Signal Strength info: rsrp: -79 rsrq: -16 rssi: -51 rssnr: 10
08-04 21:20:42.664 14336 14336 D cellinfo: onsignalStrengthsChanged: 5G-NR Signal Strength info: ssrsrp: -105 ssrsrq: -15 sssinr: 2147483647
08-04 21:20:42.703 14336 14394 D cellinfo: 46 bytes from 54.197.223.49: icmp_seq=1221 ttl=38 time=46.8 ms
08-04 21:20:42.885 14336 14336 D cellinfo: Latitude is 42.3364523
08-04 21:20:42.885 14336 14336 D cellinfo: Longitude is -71.0873759
08-04 21:20:42.885 14336 14336 D cellinfo: Instantaneous GPS information: United States, 24 St Cyprians Pl, Boston, MA 02120, USA
08-04 21:20:42.885 14336 14336 D cellinfo: getCurrentLocation() result: Location (success): 42.3364523, -71.0873759
08-04 21:20:42.887 14336 14336 D cellinfo: onCellInfoChanged: Operator: T-Mobile UpdateTimestamp: 876923718 CellConnectionStatus: 0
08-04 21:20:42.887 14336 14336 D cellinfo: onCellInfoChanged: LTE Cell Bands: [66] Bandwidth: 20000 Cell ID: 122346241 Physical Cell ID: 360 Tracking Area Code: 22005 EARFCN: 66736
08-04 21:20:42.890 14336 14394 D cellinfo: 46 bytes from 54.197.223.49: icmp_seq=1222 ttl=38 time=32.7 ms
08-04 21:20:43.103 14336 14394 D cellinfo: 46 bytes from 54.197.223.49: icmp_seq=1223 ttl=38 time=46.1 ms
08-04 21:20:43.304 14336 14394 D cellinfo: 46 bytes from 54.197.223.49: icmp_seq=1224 ttl=38 time=45.7 ms
08-04 21:20:43.500 14336 14394 D cellinfo: 46 bytes from 54.197.223.49: icmp_seq=1225 ttl=38 time=41.2 ms
08-04 21:20:43.694 14336 14394 D cellinfo: 46 bytes from 54.197.223.49: icmp_seq=1226 ttl=38 time=33.9 ms
08-04 21:20:43.905 14336 14394 D cellinfo: 46 bytes from 54.197.223.49: icmp_seq=1227 ttl=38 time=44.9 ms
08-04 21:20:44.104 14336 14394 D cellinfo: 46 bytes from 54.197.223.49: icmp_seq=1228 ttl=38 time=43.5 ms
08-04 21:20:44.309 14336 14394 D cellinfo: 46 bytes from 54.197.223.49: icmp_seq=1229 ttl=38 time=47.7 ms
08-04 21:20:44.555 14336 14394 D cellinfo: 46 bytes from 54.197.223.49: icmp_seq=1230 ttl=38 time=92.4 ms
08-04 21:20:44.703 14336 14394 D cellinfo: 46 bytes from 54.197.223.49: icmp_seq=1231 ttl=38 time=39.7 ms
08-04 21:20:44.901 14336 14336 D cellinfo: onsignalStrengthsChanged: LTE Signal Strength info: rsrp: -79 rsrq: -15 rssi: -51 rssnr: 10
08-04 21:20:44.901 14336 14336 D cellinfo: onsignalStrengthsChanged: 5G-NR Signal Strength info: ssrsrp: -105 ssrsrq: -15 sssinr: 2147483647
08-04 21:20:44.910 14336 14394 D cellinfo: 46 bytes from 54.197.223.49: icmp_seq=1232 ttl=38 time=45.1 ms
08-04 21:20:45.110 14336 14394 D cellinfo: 46 bytes from 54.197.223.49: icmp_seq=1233 ttl=38 time=44.3 ms
08-04 21:20:45.310 14336 14394 D cellinfo: 46 bytes from 54.197.223.49: icmp_seq=1234 ttl=38 time=43.6 ms
08-04 21:20:45.504 14336 14394 D cellinfo: 46 bytes from 54.197.223.49: icmp_seq=1235 ttl=38 time=36.6 ms
08-04 21:20:45.590 14336 14336 D cellinfo: onsignalStrengthsChanged: LTE Signal Strength info: rsrp: -79 rsrq: -15 rssi: -51 rssnr: 10
08-04 21:20:45.590 14336 14336 D cellinfo: onsignalStrengthsChanged: 5G-NR Signal Strength info: ssrsrp: -106 ssrsrq: -17 sssinr: 2147483647
08-04 21:20:45.725 14336 14394 D cellinfo: 46 bytes from 54.197.223.49: icmp_seq=1236 ttl=38 time=56.5 ms
08-04 21:20:45.858 14336 14336 D cellinfo: Latitude is 42.3367027
08-04 21:20:45.858 14336 14336 D cellinfo: Longitude is -71.0871609
08-04 21:20:45.858 14336 14336 D cellinfo: Instantaneous GPS information: United States, 24 St Cyprians Pl, Boston, MA 02120, USA
08-04 21:20:45.858 14336 14336 D cellinfo: getCurrentLocation() result: Location (success): 42.3367027, -71.0871609
08-04 21:20:45.860 14336 14336 D cellinfo: onCellInfoChanged: Operator: T-Mobile UpdateTimestamp: 876926733 CellConnectionStatus: 0
08-04 21:20:45.860 14336 14336 D cellinfo: onCellInfoChanged: LTE Cell Bands: [66] Bandwidth: 20000 Cell ID: 122346241 Physical Cell ID: 360 Tracking Area Code: 22005 EARFCN: 66736
08-04 21:20:45.903 14336 14394 D cellinfo: 46 bytes from 54.197.223.49: icmp_seq=1237 ttl=38 time=33.5 ms
08-04 21:20:46.140 14336 14394 D cellinfo: 46 bytes from 54.197.223.49: icmp_seq=1238 ttl=38 time=69.1 ms
08-04 21:20:46.324 14336 14394 D cellinfo: 46 bytes from 54.197.223.49: icmp_seq=1239 ttl=38 time=53.0 ms
08-04 21:20:46.524 14336 14394 D cellinfo: 46 bytes from 54.197.223.49: icmp_seq=1240 ttl=38 time=52.6 ms
08-04 21:20:46.725 14336 14394 D cellinfo: 46 bytes from 54.197.223.49: icmp_seq=1241 ttl=38 time=52.8 ms
08-04 21:20:46.924 14336 14394 D cellinfo: 46 bytes from 54.197.223.49: icmp_seq=1242 ttl=38 time=50.6 ms
08-04 21:20:47.128 14336 14394 D cellinfo: 46 bytes from 54.197.223.49: icmp_seq=1243 ttl=38 time=54.1 ms
08-04 21:20:47.323 14336 14394 D cellinfo: 46 bytes from 54.197.223.49: icmp_seq=1244 ttl=38 time=48.8 ms
08-04 21:20:47.529 14336 14394 D cellinfo: 46 bytes from 54.197.223.49: icmp_seq=1245 ttl=38 time=53.7 ms
08-04 21:20:47.724 14336 14394 D cellinfo: 46 bytes from 54.197.223.49: icmp_seq=1246 ttl=38 time=48.5 ms
08-04 21:20:47.924 14336 14394 D cellinfo: 46 bytes from 54.197.223.49: icmp_seq=1247 ttl=38 time=47.3 ms
08-04 21:20:48.124 14336 14394 D cellinfo: 46 bytes from 54.197.223.49: icmp_seq=1248 ttl=38 time=46.6 ms
08-04 21:20:48.324 14336 14394 D cellinfo: 46 bytes from 54.197.223.49: icmp_seq=1249 ttl=38 time=46.0 ms
08-04 21:20:48.523 14336 14394 D cellinfo: 46 bytes from 54.197.223.49: icmp_seq=1250 ttl=38 time=44.1 ms
08-04 21:20:48.729 14336 14394 D cellinfo: 46 bytes from 54.197.223.49: icmp_seq=1251 ttl=38 time=50.0 ms
08-04 21:20:48.858 14336 14336 D cellinfo: Latitude is 42.3366926
08-04 21:20:48.858 14336 14336 D cellinfo: Longitude is -71.0871081
08-04 21:20:48.858 14336 14336 D cellinfo: Instantaneous GPS information: United States, 24 St Cyprians Pl, Boston, MA 02120, USA
08-04 21:20:48.858 14336 14336 D cellinfo: getCurrentLocation() result: Location (success): 42.3366926, -71.0871081
08-04 21:20:48.859 14336 14336 D cellinfo: onCellInfoChanged: Operator: T-Mobile UpdateTimestamp: 876929728 CellConnectionStatus: 0
08-04 21:20:48.859 14336 14336 D cellinfo: onCellInfoChanged: LTE Cell Bands: [66] Bandwidth: 20000 Cell ID: 122346241 Physical Cell ID: 360 Tracking Area Code: 22005 EARFCN: 66736
08-04 21:20:48.913 14336 14394 D cellinfo: 46 bytes from 54.197.223.49: icmp_seq=1252 ttl=38 time=33.0 ms
08-04 21:20:49.144 14336 14394 D cellinfo: 46 bytes from 54.197.223.49: icmp_seq=1253 ttl=38 time=63.5 ms
08-04 21:20:49.289 14336 14336 D cellinfo: onsignalStrengthsChanged: LTE Signal Strength info: rsrp: -79 rsrq: -14 rssi: -51 rssnr: 11
08-04 21:20:49.289 14336 14336 D cellinfo: onsignalStrengthsChanged: 5G-NR Signal Strength info: ssrsrp: -106 ssrsrq: -17 sssinr: 2147483647
08-04 21:20:49.374 14336 14394 D cellinfo: 46 bytes from 54.197.223.49: icmp_seq=1254 ttl=38 time=92.9 ms
08-04 21:20:49.529 14336 14394 D cellinfo: 46 bytes from 54.197.223.49: icmp_seq=1255 ttl=38 time=47.1 ms
08-04 21:20:49.724 14336 14394 D cellinfo: 46 bytes from 54.197.223.49: icmp_seq=1256 ttl=38 time=41.7 ms
08-04 21:20:49.924 14336 14394 D cellinfo: 46 bytes from 54.197.223.49: icmp_seq=1257 ttl=38 time=39.7 ms
08-04 21:20:50.286 14336 14394 D cellinfo: 46 bytes from 54.197.223.49: icmp_seq=1258 ttl=38 time=200 ms
08-04 21:20:50.329 14336 14394 D cellinfo: 46 bytes from 54.197.223.49: icmp_seq=1259 ttl=38 time=43.4 ms
08-04 21:20:50.529 14336 14394 D cellinfo: 46 bytes from 54.197.223.49: icmp_seq=1260 ttl=38 time=42.0 ms
08-04 21:20:50.729 14336 14394 D cellinfo: 46 bytes from 54.197.223.49: icmp_seq=1261 ttl=38 time=42.2 ms
08-04 21:20:50.930 14336 14394 D cellinfo: 46 bytes from 54.197.223.49: icmp_seq=1262 ttl=38 time=41.6 ms
08-04 21:20:51.149 14336 14394 D cellinfo: 46 bytes from 54.197.223.49: icmp_seq=1263 ttl=38 time=60.2 ms
08-04 21:20:51.355 14336 14394 D cellinfo: 46 bytes from 54.197.223.49: icmp_seq=1264 ttl=38 time=64.8 ms
08-04 21:20:51.544 14336 14394 D cellinfo: 46 bytes from 54.197.223.49: icmp_seq=1265 ttl=38 time=53.6 ms
08-04 21:20:51.621 14336 14336 D cellinfo: onsignalStrengthsChanged: LTE Signal Strength info: rsrp: -78 rsrq: -14 rssi: -51 rssnr: 13
08-04 21:20:51.621 14336 14336 D cellinfo: onsignalStrengthsChanged: 5G-NR Signal Strength info: ssrsrp: -106 ssrsrq: -17 sssinr: 2147483647
08-04 21:20:51.773 14336 14394 D cellinfo: 46 bytes from 54.197.223.49: icmp_seq=1266 ttl=38 time=81.8 ms
08-04 21:20:51.859 14336 14336 D cellinfo: Latitude is 42.3367345
08-04 21:20:51.859 14336 14336 D cellinfo: Longitude is -71.0871406
08-04 21:20:51.859 14336 14336 D cellinfo: Instantaneous GPS information: United States, 780 Columbus Ave, Boston, MA 02120, USA
08-04 21:20:51.859 14336 14336 D cellinfo: getCurrentLocation() result: Location (success): 42.3367345, -71.0871406
08-04 21:20:51.860 14336 14336 D cellinfo: onCellInfoChanged: Operator: T-Mobile UpdateTimestamp: 876932714 CellConnectionStatus: 0
08-04 21:20:51.860 14336 14336 D cellinfo: onCellInfoChanged: LTE Cell Bands: [66] Bandwidth: 20000 Cell ID: 122346241 Physical Cell ID: 360 Tracking Area Code: 22005 EARFCN: 66736
08-04 21:20:51.936 14336 14394 D cellinfo: 46 bytes from 54.197.223.49: icmp_seq=1267 ttl=38 time=44.4 ms
08-04 21:20:52.144 14336 14394 D cellinfo: 46 bytes from 54.197.223.49: icmp_seq=1268 ttl=38 time=51.9 ms
08-04 21:20:52.344 14336 14394 D cellinfo: 46 bytes from 54.197.223.49: icmp_seq=1269 ttl=38 time=51.7 ms
08-04 21:20:52.554 14336 14394 D cellinfo: 46 bytes from 54.197.223.49: icmp_seq=1270 ttl=38 time=60.3 ms
08-04 21:20:52.750 14336 14394 D cellinfo: 46 bytes from 54.197.223.49: icmp_seq=1271 ttl=38 time=55.0 ms
08-04 21:20:52.974 14336 14394 D cellinfo: 46 bytes from 54.197.223.49: icmp_seq=1272 ttl=38 time=78.9 ms
08-04 21:20:53.144 14336 14394 D cellinfo: 46 bytes from 54.197.223.49: icmp_seq=1273 ttl=38 time=48.2 ms
08-04 21:20:53.344 14336 14394 D cellinfo: 46 bytes from 54.197.223.49: icmp_seq=1274 ttl=38 time=46.7 ms
08-04 21:20:53.544 14336 14394 D cellinfo: 46 bytes from 54.197.223.49: icmp_seq=1275 ttl=38 time=46.2 ms
08-04 21:20:53.753 14336 14394 D cellinfo: 46 bytes from 54.197.223.49: icmp_seq=1276 ttl=38 time=54.2 ms
08-04 21:20:53.862 14336 14336 D cellinfo: onsignalStrengthsChanged: LTE Signal Strength info: rsrp: -78 rsrq: -14 rssi: -51 rssnr: 12
08-04 21:20:53.862 14336 14336 D cellinfo: onsignalStrengthsChanged: 5G-NR Signal Strength info: ssrsrp: -106 ssrsrq: -17 sssinr: 2147483647
08-04 21:20:53.964 14336 14394 D cellinfo: 46 bytes from 54.197.223.49: icmp_seq=1277 ttl=38 time=64.5 ms
08-04 21:20:54.149 14336 14394 D cellinfo: 46 bytes from 54.197.223.49: icmp_seq=1278 ttl=38 time=48.4 ms
08-04 21:20:54.344 14336 14394 D cellinfo: 46 bytes from 54.197.223.49: icmp_seq=1279 ttl=38 time=41.8 ms
08-04 21:20:54.544 14336 14394 D cellinfo: 46 bytes from 54.197.223.49: icmp_seq=1280 ttl=38 time=41.7 ms
08-04 21:20:54.719 14336 14336 D cellinfo: Latitude is 42.3366944
08-04 21:20:54.719 14336 14336 D cellinfo: Longitude is -71.0871786
08-04 21:20:54.719 14336 14336 D cellinfo: Instantaneous GPS information: United States, 24 St Cyprians Pl, Boston, MA 02120, USA
08-04 21:20:54.719 14336 14336 D cellinfo: getCurrentLocation() result: Location (success): 42.3366944, -71.0871786
08-04 21:20:54.748 14336 14394 D cellinfo: 46 bytes from 54.197.223.49: icmp_seq=1281 ttl=38 time=44.9 ms
08-04 21:20:54.775 14336 14336 D cellinfo: onCellInfoChanged: Operator: T-Mobile UpdateTimestamp: 876935724 CellConnectionStatus: 0
08-04 21:20:54.775 14336 14336 D cellinfo: onCellInfoChanged: LTE Cell Bands: [66] Bandwidth: 20000 Cell ID: 122346241 Physical Cell ID: 360 Tracking Area Code: 22005 EARFCN: 66736
08-04 21:20:54.949 14336 14394 D cellinfo: 46 bytes from 54.197.223.49: icmp_seq=1282 ttl=38 time=45.4 ms
08-04 21:20:55.144 14336 14394 D cellinfo: 46 bytes from 54.197.223.49: icmp_seq=1283 ttl=38 time=39.5 ms
08-04 21:20:55.344 14336 14394 D cellinfo: 46 bytes from 54.197.223.49: icmp_seq=1284 ttl=38 time=38.4 ms
08-04 21:20:55.544 14336 14394 D cellinfo: 46 bytes from 54.197.223.49: icmp_seq=1285 ttl=38 time=37.2 ms
08-04 21:20:55.749 14336 14394 D cellinfo: 46 bytes from 54.197.223.49: icmp_seq=1286 ttl=38 time=41.8 ms
08-04 21:20:55.945 14336 14394 D cellinfo: 46 bytes from 54.197.223.49: icmp_seq=1287 ttl=38 time=37.2 ms
08-04 21:20:56.169 14336 14394 D cellinfo: 46 bytes from 54.197.223.49: icmp_seq=1288 ttl=38 time=60.8 ms
08-04 21:20:56.364 14336 14394 D cellinfo: 46 bytes from 54.197.223.49: icmp_seq=1289 ttl=38 time=56.0 ms
08-04 21:20:56.563 14336 14394 D cellinfo: 46 bytes from 54.197.223.49: icmp_seq=1290 ttl=38 time=53.8 ms
08-04 21:20:56.783 14336 14394 D cellinfo: 46 bytes from 54.197.223.49: icmp_seq=1291 ttl=38 time=74.0 ms
08-04 21:20:56.966 14336 14394 D cellinfo: 46 bytes from 54.197.223.49: icmp_seq=1292 ttl=38 time=56.8 ms
08-04 21:20:57.175 14336 14394 D cellinfo: 46 bytes from 54.197.223.49: icmp_seq=1293 ttl=38 time=64.8 ms
08-04 21:20:57.369 14336 14394 D cellinfo: 46 bytes from 54.197.223.49: icmp_seq=1294 ttl=38 time=58.7 ms
08-04 21:20:57.569 14336 14394 D cellinfo: 46 bytes from 54.197.223.49: icmp_seq=1295 ttl=38 time=57.0 ms
08-04 21:20:57.764 14336 14394 D cellinfo: 46 bytes from 54.197.223.49: icmp_seq=1296 ttl=38 time=51.8 ms
08-04 21:20:57.894 14336 14336 D cellinfo: Latitude is 42.3366239
08-04 21:20:57.894 14336 14336 D cellinfo: Longitude is -71.0871401
08-04 21:20:57.894 14336 14336 D cellinfo: Instantaneous GPS information: United States, 24 St Cyprians Pl, Boston, MA 02120, USA
08-04 21:20:57.894 14336 14336 D cellinfo: getCurrentLocation() result: Location (success): 42.3366239, -71.0871401
08-04 21:20:57.896 14336 14336 D cellinfo: onCellInfoChanged: Operator: T-Mobile UpdateTimestamp: 876938735 CellConnectionStatus: 0
08-04 21:20:57.896 14336 14336 D cellinfo: onCellInfoChanged: LTE Cell Bands: [66] Bandwidth: 20000 Cell ID: 122346241 Physical Cell ID: 360 Tracking Area Code: 22005 EARFCN: 66736
08-04 21:20:57.948 14336 14394 D cellinfo: 46 bytes from 54.197.223.49: icmp_seq=1297 ttl=38 time=35.4 ms
08-04 21:20:58.164 14336 14394 D cellinfo: 46 bytes from 54.197.223.49: icmp_seq=1298 ttl=38 time=49.6 ms
08-04 21:20:58.289 14336 14336 D cellinfo: onsignalStrengthsChanged: LTE Signal Strength info: rsrp: -79 rsrq: -15 rssi: -51 rssnr: 11
08-04 21:20:58.289 14336 14336 D cellinfo: onsignalStrengthsChanged: 5G-NR Signal Strength info: ssrsrp: -106 ssrsrq: -17 sssinr: 2147483647
08-04 21:20:58.363 14336 14394 D cellinfo: 46 bytes from 54.197.223.49: icmp_seq=1299 ttl=38 time=48.2 ms
08-04 21:20:58.578 14336 14394 D cellinfo: 46 bytes from 54.197.223.49: icmp_seq=1300 ttl=38 time=62.6 ms
08-04 21:20:58.769 14336 14394 D cellinfo: 46 bytes from 54.197.223.49: icmp_seq=1301 ttl=38 time=52.4 ms
08-04 21:20:58.978 14336 14394 D cellinfo: 46 bytes from 54.197.223.49: icmp_seq=1302 ttl=38 time=60.1 ms
08-04 21:20:59.228 14336 14394 D cellinfo: 46 bytes from 54.197.223.49: icmp_seq=1303 ttl=38 time=109 ms
08-04 21:20:59.430 14336 14394 D cellinfo: 46 bytes from 54.197.223.49: icmp_seq=1304 ttl=38 time=110 ms
08-04 21:20:59.555 14336 14394 D cellinfo: 46 bytes from 54.197.223.49: icmp_seq=1305 ttl=38 time=34.0 ms
08-04 21:20:59.764 14336 14394 D cellinfo: 46 bytes from 54.197.223.49: icmp_seq=1306 ttl=38 time=42.8 ms
08-04 21:20:59.965 14336 14394 D cellinfo: 46 bytes from 54.197.223.49: icmp_seq=1307 ttl=38 time=43.2 ms
08-04 21:21:00.163 14336 14394 D cellinfo: 46 bytes from 54.197.223.49: icmp_seq=1308 ttl=38 time=40.4 ms
08-04 21:21:00.488 14336 14394 D cellinfo: 46 bytes from 54.197.223.49: icmp_seq=1309 ttl=38 time=164 ms
08-04 21:21:00.563 14336 14394 D cellinfo: 46 bytes from 54.197.223.49: icmp_seq=1310 ttl=38 time=39.1 ms
08-04 21:21:00.584 14336 14336 D cellinfo: onsignalStrengthsChanged: LTE Signal Strength info: rsrp: -78 rsrq: -12 rssi: -51 rssnr: 12
08-04 21:21:00.584 14336 14336 D cellinfo: onsignalStrengthsChanged: 5G-NR Signal Strength info: ssrsrp: -106 ssrsrq: -17 sssinr: 2147483647
08-04 21:21:00.596 14336 14336 D cellinfo: onsignalStrengthsChanged: LTE Signal Strength info: rsrp: -78 rsrq: -12 rssi: -51 rssnr: 12
08-04 21:21:00.596 14336 14336 D cellinfo: onsignalStrengthsChanged: 5G-NR Signal Strength info: ssrsrp: -106 ssrsrq: -17 sssinr: -18
08-04 21:21:00.795 14336 14394 D cellinfo: 46 bytes from 54.197.223.49: icmp_seq=1311 ttl=38 time=70.2 ms
08-04 21:21:00.835 14336 14336 D cellinfo: Latitude is 42.3365869
08-04 21:21:00.835 14336 14336 D cellinfo: Longitude is -71.0870347
08-04 21:21:00.835 14336 14336 D cellinfo: Instantaneous GPS information: United States, 24 St Cyprians Pl, Boston, MA 02120, USA
08-04 21:21:00.835 14336 14336 D cellinfo: getCurrentLocation() result: Location (success): 42.3365869, -71.0870347
08-04 21:21:00.837 14336 14336 D cellinfo: onCellInfoChanged: Operator: T-Mobile UpdateTimestamp: 876941722 CellConnectionStatus: 0
08-04 21:21:00.837 14336 14336 D cellinfo: onCellInfoChanged: LTE Cell Bands: [66] Bandwidth: 20000 Cell ID: 122346241 Physical Cell ID: 360 Tracking Area Code: 22005 EARFCN: 66736
08-04 21:21:00.964 14336 14394 D cellinfo: 46 bytes from 54.197.223.49: icmp_seq=1312 ttl=38 time=38.1 ms
08-04 21:21:01.174 14336 14394 D cellinfo: 46 bytes from 54.197.223.49: icmp_seq=1313 ttl=38 time=47.5 ms
08-04 21:21:01.364 14336 14394 D cellinfo: 46 bytes from 54.197.223.49: icmp_seq=1314 ttl=38 time=36.7 ms
08-04 21:21:01.584 14336 14394 D cellinfo: 46 bytes from 54.197.223.49: icmp_seq=1315 ttl=38 time=55.9 ms
08-04 21:21:01.789 14336 14394 D cellinfo: 46 bytes from 54.197.223.49: icmp_seq=1316 ttl=38 time=60.2 ms
08-04 21:21:01.990 14336 14394 D cellinfo: 46 bytes from 54.197.223.49: icmp_seq=1317 ttl=38 time=60.0 ms
08-04 21:21:02.205 14336 14394 D cellinfo: 46 bytes from 54.197.223.49: icmp_seq=1318 ttl=38 time=74.2 ms
08-04 21:21:02.384 14336 14394 D cellinfo: 46 bytes from 54.197.223.49: icmp_seq=1319 ttl=38 time=53.0 ms
08-04 21:21:02.645 14336 14394 D cellinfo: 46 bytes from 54.197.223.49: icmp_seq=1320 ttl=38 time=112 ms
08-04 21:21:02.775 14336 14394 D cellinfo: 46 bytes from 54.197.223.49: icmp_seq=1321 ttl=38 time=43.1 ms
08-04 21:21:02.823 14336 14336 D cellinfo: onsignalStrengthsChanged: LTE Signal Strength info: rsrp: -78 rsrq: -14 rssi: -51 rssnr: 12
08-04 21:21:02.823 14336 14336 D cellinfo: onsignalStrengthsChanged: 5G-NR Signal Strength info: ssrsrp: -106 ssrsrq: -17 sssinr: -18
08-04 21:21:03.010 14336 14394 D cellinfo: 46 bytes from 54.197.223.49: icmp_seq=1322 ttl=38 time=76.9 ms
08-04 21:21:03.188 14336 14394 D cellinfo: 46 bytes from 54.197.223.49: icmp_seq=1323 ttl=38 time=55.3 ms
08-04 21:21:03.491 14336 14394 D cellinfo: 46 bytes from 54.197.223.49: icmp_seq=1324 ttl=38 time=156 ms
08-04 21:21:03.573 14336 14394 D cellinfo: 46 bytes from 54.197.223.49: icmp_seq=1325 ttl=38 time=37.9 ms
08-04 21:21:03.592 14336 14336 D cellinfo: onsignalStrengthsChanged: LTE Signal Strength info: rsrp: -78 rsrq: -14 rssi: -51 rssnr: 12
08-04 21:21:03.592 14336 14336 D cellinfo: onsignalStrengthsChanged: 5G-NR Signal Strength info: ssrsrp: -106 ssrsrq: -16 sssinr: -21
08-04 21:21:03.788 14336 14394 D cellinfo: 46 bytes from 54.197.223.49: icmp_seq=1326 ttl=38 time=52.6 ms
08-04 21:21:03.822 14336 14336 D cellinfo: Latitude is 42.3365816
08-04 21:21:03.822 14336 14336 D cellinfo: Longitude is -71.0869946
08-04 21:21:03.822 14336 14336 D cellinfo: Instantaneous GPS information: United States, 23 St Cyprians Pl, Boston, MA 02120, USA
08-04 21:21:03.822 14336 14336 D cellinfo: getCurrentLocation() result: Location (success): 42.3365816, -71.0869946
08-04 21:21:03.824 14336 14336 D cellinfo: onCellInfoChanged: Operator: T-Mobile UpdateTimestamp: 876944719 CellConnectionStatus: 0
08-04 21:21:03.824 14336 14336 D cellinfo: onCellInfoChanged: LTE Cell Bands: [66] Bandwidth: 20000 Cell ID: 122346241 Physical Cell ID: 360 Tracking Area Code: 22005 EARFCN: 66736
08-04 21:21:03.968 14336 14394 D cellinfo: 46 bytes from 54.197.223.49: icmp_seq=1327 ttl=38 time=31.7 ms
08-04 21:21:04.194 14336 14394 D cellinfo: 46 bytes from 54.197.223.49: icmp_seq=1328 ttl=38 time=56.3 ms
08-04 21:21:04.403 14336 14394 D cellinfo: 46 bytes from 54.197.223.49: icmp_seq=1329 ttl=38 time=64.7 ms
08-04 21:21:04.584 14336 14394 D cellinfo: 46 bytes from 54.197.223.49: icmp_seq=1330 ttl=38 time=44.3 ms
08-04 21:21:04.785 14336 14394 D cellinfo: 46 bytes from 54.197.223.49: icmp_seq=1331 ttl=38 time=44.4 ms
08-04 21:21:04.984 14336 14394 D cellinfo: 46 bytes from 54.197.223.49: icmp_seq=1332 ttl=38 time=42.2 ms
08-04 21:21:05.189 14336 14394 D cellinfo: 46 bytes from 54.197.223.49: icmp_seq=1333 ttl=38 time=46.3 ms
08-04 21:21:05.403 14336 14394 D cellinfo: 46 bytes from 54.197.223.49: icmp_seq=1334 ttl=38 time=60.2 ms
08-04 21:21:05.584 14336 14394 D cellinfo: 46 bytes from 54.197.223.49: icmp_seq=1335 ttl=38 time=40.3 ms
08-04 21:21:05.804 14336 14394 D cellinfo: 46 bytes from 54.197.223.49: icmp_seq=1336 ttl=38 time=58.9 ms
08-04 21:21:05.984 14336 14394 D cellinfo: 46 bytes from 54.197.223.49: icmp_seq=1337 ttl=38 time=39.3 ms
08-04 21:21:06.194 14336 14394 D cellinfo: 46 bytes from 54.197.223.49: icmp_seq=1338 ttl=38 time=48.5 ms
08-04 21:21:06.389 14336 14394 D cellinfo: 46 bytes from 54.197.223.49: icmp_seq=1339 ttl=38 time=42.0 ms
08-04 21:21:06.591 14336 14336 D cellinfo: onsignalStrengthsChanged: LTE Signal Strength info: rsrp: -78 rsrq: -14 rssi: -51 rssnr: 12
08-04 21:21:06.592 14336 14336 D cellinfo: onsignalStrengthsChanged: 5G-NR Signal Strength info: ssrsrp: -106 ssrsrq: -17 sssinr: -17
08-04 21:21:06.603 14336 14394 D cellinfo: 46 bytes from 54.197.223.49: icmp_seq=1340 ttl=38 time=55.8 ms
08-04 21:21:06.786 14336 14394 D cellinfo: 46 bytes from 54.197.223.49: icmp_seq=1341 ttl=38 time=38.1 ms
08-04 21:21:06.820 14336 14336 D cellinfo: Latitude is 42.3366918
08-04 21:21:06.820 14336 14336 D cellinfo: Longitude is -71.0870359
08-04 21:21:06.820 14336 14336 D cellinfo: Instantaneous GPS information: United States, 23 St Cyprians Pl, Boston, MA 02120, USA
08-04 21:21:06.820 14336 14336 D cellinfo: getCurrentLocation() result: Location (success): 42.3366918, -71.0870359
08-04 21:21:06.821 14336 14336 D cellinfo: onCellInfoChanged: Operator: T-Mobile UpdateTimestamp: 876947734 CellConnectionStatus: 0
08-04 21:21:06.821 14336 14336 D cellinfo: onCellInfoChanged: LTE Cell Bands: [66] Bandwidth: 20000 Cell ID: 122346241 Physical Cell ID: 360 Tracking Area Code: 22005 EARFCN: 66736
08-04 21:21:06.989 14336 14394 D cellinfo: 46 bytes from 54.197.223.49: icmp_seq=1342 ttl=38 time=40.4 ms
08-04 21:21:07.209 14336 14394 D cellinfo: 46 bytes from 54.197.223.49: icmp_seq=1343 ttl=38 time=59.7 ms
08-04 21:21:07.289 14336 14336 D cellinfo: onsignalStrengthsChanged: LTE Signal Strength info: rsrp: -78 rsrq: -14 rssi: -51 rssnr: 11
08-04 21:21:07.289 14336 14336 D cellinfo: onsignalStrengthsChanged: 5G-NR Signal Strength info: ssrsrp: -106 ssrsrq: -17 sssinr: -17
08-04 21:21:07.404 14336 14394 D cellinfo: 46 bytes from 54.197.223.49: icmp_seq=1344 ttl=38 time=53.4 ms
08-04 21:21:07.609 14336 14394 D cellinfo: 46 bytes from 54.197.223.49: icmp_seq=1345 ttl=38 time=57.3 ms
08-04 21:21:07.803 14336 14394 D cellinfo: 46 bytes from 54.197.223.49: icmp_seq=1346 ttl=38 time=50.4 ms
08-04 21:21:08.009 14336 14394 D cellinfo: 46 bytes from 54.197.223.49: icmp_seq=1347 ttl=38 time=56.1 ms
08-04 21:21:08.260 14336 14394 D cellinfo: 46 bytes from 54.197.223.49: icmp_seq=1348 ttl=38 time=107 ms
08-04 21:21:08.414 14336 14394 D cellinfo: 46 bytes from 54.197.223.49: icmp_seq=1349 ttl=38 time=60.3 ms
08-04 21:21:08.614 14336 14394 D cellinfo: 46 bytes from 54.197.223.49: icmp_seq=1350 ttl=38 time=59.1 ms
08-04 21:21:08.806 14336 14394 D cellinfo: 46 bytes from 54.197.223.49: icmp_seq=1351 ttl=38 time=50.7 ms
08-04 21:21:09.024 14336 14394 D cellinfo: 46 bytes from 54.197.223.49: icmp_seq=1352 ttl=38 time=67.4 ms
08-04 21:21:09.205 14336 14394 D cellinfo: 46 bytes from 54.197.223.49: icmp_seq=1353 ttl=38 time=48.4 ms
08-04 21:21:09.404 14336 14394 D cellinfo: 46 bytes from 54.197.223.49: icmp_seq=1354 ttl=38 time=46.3 ms
08-04 21:21:09.542 14336 14336 D cellinfo: onsignalStrengthsChanged: LTE Signal Strength info: rsrp: -78 rsrq: -13 rssi: -51 rssnr: 11
08-04 21:21:09.542 14336 14336 D cellinfo: onsignalStrengthsChanged: 5G-NR Signal Strength info: ssrsrp: -106 ssrsrq: -17 sssinr: -17
08-04 21:21:09.590 14336 14336 D cellinfo: onsignalStrengthsChanged: LTE Signal Strength info: rsrp: -78 rsrq: -13 rssi: -51 rssnr: 11
08-04 21:21:09.590 14336 14336 D cellinfo: onsignalStrengthsChanged: 5G-NR Signal Strength info: ssrsrp: -106 ssrsrq: -16 sssinr: 2147483647
08-04 21:21:09.609 14336 14394 D cellinfo: 46 bytes from 54.197.223.49: icmp_seq=1355 ttl=38 time=51.1 ms
08-04 21:21:09.720 14336 14336 D cellinfo: Latitude is 42.3366357
08-04 21:21:09.720 14336 14336 D cellinfo: Longitude is -71.0871174
08-04 21:21:09.720 14336 14336 D cellinfo: Instantaneous GPS information: United States, 24 St Cyprians Pl, Boston, MA 02120, USA
08-04 21:21:09.720 14336 14336 D cellinfo: getCurrentLocation() result: Location (success): 42.3366357, -71.0871174
08-04 21:21:09.772 14336 14336 D cellinfo: onCellInfoChanged: Operator: T-Mobile UpdateTimestamp: 876950722 CellConnectionStatus: 0
08-04 21:21:09.772 14336 14336 D cellinfo: onCellInfoChanged: LTE Cell Bands: [66] Bandwidth: 20000 Cell ID: 122346241 Physical Cell ID: 360 Tracking Area Code: 22005 EARFCN: 66736
08-04 21:21:09.803 14336 14394 D cellinfo: 46 bytes from 54.197.223.49: icmp_seq=1356 ttl=38 time=44.9 ms
08-04 21:21:10.004 14336 14394 D cellinfo: 46 bytes from 54.197.223.49: icmp_seq=1357 ttl=38 time=45.1 ms
08-04 21:21:10.204 14336 14394 D cellinfo: 46 bytes from 54.197.223.49: icmp_seq=1358 ttl=38 time=45.0 ms
08-04 21:21:10.404 14336 14394 D cellinfo: 46 bytes from 54.197.223.49: icmp_seq=1359 ttl=38 time=44.4 ms
08-04 21:21:10.604 14336 14394 D cellinfo: 46 bytes from 54.197.223.49: icmp_seq=1360 ttl=38 time=44.3 ms
08-04 21:21:10.808 14336 14394 D cellinfo: 46 bytes from 54.197.223.49: icmp_seq=1361 ttl=38 time=47.3 ms
