08-04 21:18:27.801 14336 14394 D cellinfo: 46 bytes from 54.197.223.49: icmp_seq=549 ttl=38 time=40.1 ms
08-04 21:18:27.848 14336 14336 D cellinfo: Latitude is 42.3368621
08-04 21:18:27.848 14336 14336 D cellinfo: Longitude is -71.0869846
08-04 21:18:27.848 14336 14336 D cellinfo: Instantaneous GPS information: United States, 780 Columbus Ave, Boston, MA 02120, USA
08-04 21:18:27.848 14336 14336 D cellinfo: getCurrentLocation() result: Location (success): 42.3368621, -71.0869846
08-04 21:18:27.849 14336 14336 D cellinfo: onCellInfoChanged: Operator: T-Mobile UpdateTimestamp: 876788718 CellConnectionStatus: 0
08-04 21:18:27.849 14336 14336 D cellinfo: onCellInfoChanged: LTE Cell Bands: [66] Bandwidth: 20000 Cell ID: 122346241 Physical Cell ID: 360 Tracking Area Code: 22005 EARFCN: 66736
08-04 21:18:28.004 14336 14394 D cellinfo: 46 bytes from 54.197.223.49: icmp_seq=550 ttl=38 time=42.9 ms
08-04 21:18:28.200 14336 14394 D cellinfo: 46 bytes from 54.197.223.49: icmp_seq=551 ttl=38 time=39.3 ms
08-04 21:18:28.264 14336 14336 D cellinfo: onsignalStrengthsChanged: LTE Signal Strength info: rsrp: -77 rsrq: -14 rssi: -51 rssnr: 7
08-04 21:18:28.264 14336 14336 D cellinfo: onsignalStrengthsChanged: 5G-NR Signal Strength info: ssrsrp: -106 ssrsrq: -17 sssinr: 2147483647
08-04 21:18:28.399 14336 14394 D cellinfo: 46 bytes from 54.197.223.49: icmp_seq=552 ttl=38 time=37.8 ms
08-04 21:18:28.600 14336 14394 D cellinfo: 46 bytes from 54.197.223.49: icmp_seq=553 ttl=38 time=37.9 ms
08-04 21:18:28.799 14336 14394 D cellinfo: 46 bytes from 54.197.223.49: icmp_seq=554 ttl=38 time=36.9 ms
08-04 21:18:29.000 14336 14394 D cellinfo: 46 bytes from 54.197.223.49: icmp_seq=555 ttl=38 time=37.4 ms
08-04 21:18:29.211 14336 14394 D cellinfo: 46 bytes from 54.197.223.49: icmp_seq=556 ttl=38 time=48.7 ms
08-04 21:18:29.419 14336 14394 D cellinfo: 46 bytes from 54.197.223.49: icmp_seq=557 ttl=38 time=55.3 ms
08-04 21:18:29.568 14336 14336 D cellinfo: onsignalStrengthsChanged: LTE Signal Strength info: rsrp: -77 rsrq: -14 rssi: -51 rssnr: 7
08-04 21:18:29.568 14336 14336 D cellinfo: onsignalStrengthsChanged: 5G-NR Signal Strength info: ssrsrp: -107 ssrsrq: -18 sssinr: 2147483647
08-04 21:18:29.620 14336 14394 D cellinfo: 46 bytes from 54.197.223.49: icmp_seq=558 ttl=38 time=55.4 ms
08-04 21:18:29.820 14336 14394 D cellinfo: 46 bytes from 54.197.223.49: icmp_seq=559 ttl=38 time=54.5 ms
08-04 21:18:30.018 14336 14394 D cellinfo: 46 bytes from 54.197.223.49: icmp_seq=560 ttl=38 time=52.3 ms
08-04 21:18:30.219 14336 14394 D cellinfo: 46 bytes from 54.197.223.49: icmp_seq=561 ttl=38 time=53.2 ms
08-04 21:18:30.419 14336 14394 D cellinfo: 46 bytes from 54.197.223.49: icmp_seq=562 ttl=38 time=52.0 ms
08-04 21:18:30.501 14336 14336 D cellinfo: onsignalStrengthsChanged: LTE Signal Strength info: rsrp: -77 rsrq: -15 rssi: -51 rssnr: 8
08-04 21:18:30.501 14336 14336 D cellinfo: onsignalStrengthsChanged: 5G-NR Signal Strength info: ssrsrp: -107 ssrsrq: -18 sssinr: 2147483647
08-04 21:18:30.625 14336 14394 D cellinfo: 46 bytes from 54.197.223.49: icmp_seq=563 ttl=38 time=57.4 ms
08-04 21:18:30.715 14336 14336 D cellinfo: Latitude is 42.3369744
08-04 21:18:30.715 14336 14336 D cellinfo: Longitude is -71.0869452
08-04 21:18:30.715 14336 14336 D cellinfo: Instantaneous GPS information: United States, 780 Columbus Ave, Boston, MA 02120, USA
08-04 21:18:30.715 14336 14336 D cellinfo: getCurrentLocation() result: Location (success): 42.3369744, -71.0869452
08-04 21:18:30.771 14336 14336 D cellinfo: onCellInfoChanged: Operator: T-Mobile UpdateTimestamp: 876791722 CellConnectionStatus: 0
08-04 21:18:30.771 14336 14336 D cellinfo: onCellInfoChanged: LTE Cell Bands: [66] Bandwidth: 20000 Cell ID: 122346241 Physical Cell ID: 360 Tracking Area Code: 22005 EARFCN: 66736
08-04 21:18:30.819 14336 14394 D cellinfo: 46 bytes from 54.197.223.49: icmp_seq=564 ttl=38 time=50.7 ms
08-04 21:18:31.020 14336 14394 D cellinfo: 46 bytes from 54.197.223.49: icmp_seq=565 ttl=38 time=50.7 ms
08-04 21:18:31.220 14336 14394 D cellinfo: 46 bytes from 54.197.223.49: icmp_seq=566 ttl=38 time=50.3 ms
08-04 21:18:31.420 14336 14394 D cellinfo: 46 bytes from 54.197.223.49: icmp_seq=567 ttl=38 time=49.2 ms
08-04 21:18:31.620 14336 14394 D cellinfo: 46 bytes from 54.197.223.49: icmp_seq=568 ttl=38 time=48.6 ms
08-04 21:18:31.820 14336 14394 D cellinfo: 46 bytes from 54.197.223.49: icmp_seq=569 ttl=38 time=47.2 ms
08-04 21:18:32.020 14336 14394 D cellinfo: 46 bytes from 54.197.223.49: icmp_seq=570 ttl=38 time=46.5 ms
08-04 21:18:32.220 14336 14394 D cellinfo: 46 bytes from 54.197.223.49: icmp_seq=571 ttl=38 time=47.1 ms
08-04 21:18:32.420 14336 14394 D cellinfo: 46 bytes from 54.197.223.49: icmp_seq=572 ttl=38 time=46.0 ms
08-04 21:18:32.566 14336 14336 D cellinfo: onsignalStrengthsChanged: LTE Signal Strength info: rsrp: -77 rsrq: -15 rssi: -51 rssnr: 8
08-04 21:18:32.566 14336 14336 D cellinfo: onsignalStrengthsChanged: 5G-NR Signal Strength info: ssrsrp: -107 ssrsrq: -17 sssinr: 2147483647
08-04 21:18:32.619 14336 14394 D cellinfo: 46 bytes from 54.197.223.49: icmp_seq=573 ttl=38 time=44.7 ms
08-04 21:18:32.740 14336 14336 D cellinfo: onsignalStrengthsChanged: LTE Signal Strength info: rsrp: -77 rsrq: -14 rssi: -51 rssnr: 8
08-04 21:18:32.740 14336 14336 D cellinfo: onsignalStrengthsChanged: 5G-NR Signal Strength info: ssrsrp: -107 ssrsrq: -17 sssinr: 2147483647
08-04 21:18:32.819 14336 14394 D cellinfo: 46 bytes from 54.197.223.49: icmp_seq=574 ttl=38 time=43.7 ms
08-04 21:18:33.031 14336 14394 D cellinfo: 46 bytes from 54.197.223.49: icmp_seq=575 ttl=38 time=54.2 ms
08-04 21:18:33.219 14336 14394 D cellinfo: 46 bytes from 54.197.223.49: icmp_seq=576 ttl=38 time=42.6 ms
08-04 21:18:33.419 14336 14394 D cellinfo: 46 bytes from 54.197.223.49: icmp_seq=577 ttl=38 time=41.5 ms
08-04 21:18:33.621 14336 14394 D cellinfo: 46 bytes from 54.197.223.49: icmp_seq=578 ttl=38 time=42.9 ms
08-04 21:18:33.718 14336 14336 D cellinfo: Latitude is 42.3369744
08-04 21:18:33.718 14336 14336 D cellinfo: Longitude is -71.0869259
08-04 21:18:33.718 14336 14336 D cellinfo: Instantaneous GPS information: United States, 780 Columbus Ave, Boston, MA 02120, USA
08-04 21:18:33.718 14336 14336 D cellinfo: getCurrentLocation() result: Location (success): 42.3369744, -71.0869259
08-04 21:18:33.768 14336 14336 D cellinfo: onCellInfoChanged: Operator: T-Mobile UpdateTimestamp: 876794718 CellConnectionStatus: 0
08-04 21:18:33.768 14336 14336 D cellinfo: onCellInfoChanged: LTE Cell Bands: [66] Bandwidth: 20000 Cell ID: 122346241 Physical Cell ID: 360 Tracking Area Code: 22005 EARFCN: 66736
08-04 21:18:33.824 14336 14394 D cellinfo: 46 bytes from 54.197.223.49: icmp_seq=579 ttl=38 time=45.1 ms
08-04 21:18:34.019 14336 14394 D cellinfo: 46 bytes from 54.197.223.49: icmp_seq=580 ttl=38 time=39.9 ms
08-04 21:18:34.220 14336 14394 D cellinfo: 46 bytes from 54.197.223.49: icmp_seq=581 ttl=38 time=40.5 ms
08-04 21:18:34.418 14336 14394 D cellinfo: 46 bytes from 54.197.223.49: icmp_seq=582 ttl=38 time=38.1 ms
08-04 21:18:34.618 14336 14394 D cellinfo: 46 bytes from 54.197.223.49: icmp_seq=583 ttl=38 time=37.6 ms
08-04 21:18:34.820 14336 14394 D cellinfo: 46 bytes from 54.197.223.49: icmp_seq=584 ttl=38 time=38.2 ms
08-04 21:18:35.020 14336 14394 D cellinfo: 46 bytes from 54.197.223.49: icmp_seq=585 ttl=38 time=37.6 ms
08-04 21:18:35.221 14336 14394 D cellinfo: 46 bytes from 54.197.223.49: icmp_seq=586 ttl=38 time=38.1 ms
08-04 21:18:35.419 14336 14394 D cellinfo: 46 bytes from 54.197.223.49: icmp_seq=587 ttl=38 time=36.3 ms
08-04 21:18:35.567 14336 14336 D cellinfo: onsignalStrengthsChanged: LTE Signal Strength info: rsrp: -77 rsrq: -14 rssi: -51 rssnr: 8
08-04 21:18:35.567 14336 14336 D cellinfo: onsignalStrengthsChanged: 5G-NR Signal Strength info: ssrsrp: -106 ssrsrq: -17 sssinr: 2147483647
08-04 21:18:35.639 14336 14394 D cellinfo: 46 bytes from 54.197.223.49: icmp_seq=588 ttl=38 time=55.0 ms
08-04 21:18:35.838 14336 14394 D cellinfo: 46 bytes from 54.197.223.49: icmp_seq=589 ttl=38 time=53.8 ms
08-04 21:18:36.041 14336 14394 D cellinfo: 46 bytes from 54.197.223.49: icmp_seq=590 ttl=38 time=56.0 ms
08-04 21:18:36.316 14336 14394 D cellinfo: 46 bytes from 54.197.223.49: icmp_seq=591 ttl=38 time=131 ms
08-04 21:18:36.430 14336 14394 D cellinfo: 46 bytes from 54.197.223.49: icmp_seq=592 ttl=38 time=44.6 ms
08-04 21:18:36.431 14336 14336 D cellinfo: onsignalStrengthsChanged: LTE Signal Strength info: rsrp: -77 rsrq: -14 rssi: -51 rssnr: 8
08-04 21:18:36.442 14336 14336 D cellinfo: onServiceStateChanged: Channel Number: 66736 Cell Bandwidths: [20000, 10000, 15000]
08-04 21:18:36.692 14336 14394 D cellinfo: 46 bytes from 54.197.223.49: icmp_seq=593 ttl=38 time=105 ms
08-04 21:18:36.882 14336 14394 D cellinfo: 46 bytes from 54.197.223.49: icmp_seq=594 ttl=38 time=93.7 ms
08-04 21:18:36.907 14336 14336 D cellinfo: Latitude is 42.3369231
08-04 21:18:36.907 14336 14336 D cellinfo: Longitude is -71.0868117
08-04 21:18:36.908 14336 14336 D cellinfo: Instantaneous GPS information: United States, 780 Columbus Ave, Boston, MA 02120, USA
08-04 21:18:36.908 14336 14336 D cellinfo: getCurrentLocation() result: Location (success): 42.3369231, -71.0868117
08-04 21:18:37.029 14336 14394 D cellinfo: 46 bytes from 54.197.223.49: icmp_seq=595 ttl=38 time=39.8 ms
08-04 21:18:37.054 14336 14336 D cellinfo: onsignalStrengthsChanged: LTE Signal Strength info: rsrp: -77 rsrq: -14 rssi: -51 rssnr: 8
08-04 21:18:37.054 14336 14336 D cellinfo: onsignalStrengthsChanged: 5G-NR Signal Strength info: ssrsrp: -106 ssrsrq: -17 sssinr: 2147483647
08-04 21:18:37.076 14336 14336 D cellinfo: onServiceStateChanged: Channel Number: 66736 Cell Bandwidths: [20000, 10000, 15000]
08-04 21:18:37.101 14336 14336 D cellinfo: onCellInfoChanged: Operator: T-Mobile UpdateTimestamp: 876798012 CellConnectionStatus: 0
08-04 21:18:37.101 14336 14336 D cellinfo: onCellInfoChanged: LTE Cell Bands: [66] Bandwidth: 20000 Cell ID: 122346241 Physical Cell ID: 360 Tracking Area Code: 22005 EARFCN: 66736
08-04 21:18:37.239 14336 14394 D cellinfo: 46 bytes from 54.197.223.49: icmp_seq=596 ttl=38 time=50.9 ms
08-04 21:18:37.439 14336 14394 D cellinfo: 46 bytes from 54.197.223.49: icmp_seq=597 ttl=38 time=50.1 ms
08-04 21:18:37.645 14336 14394 D cellinfo: 46 bytes from 54.197.223.49: icmp_seq=598 ttl=38 time=55.5 ms
08-04 21:18:37.840 14336 14394 D cellinfo: 46 bytes from 54.197.223.49: icmp_seq=599 ttl=38 time=49.1 ms
08-04 21:18:38.040 14336 14394 D cellinfo: 46 bytes from 54.197.223.49: icmp_seq=600 ttl=38 time=48.6 ms
08-04 21:18:38.240 14336 14394 D cellinfo: 46 bytes from 54.197.223.49: icmp_seq=601 ttl=38 time=48.4 ms
08-04 21:18:38.438 14336 14394 D cellinfo: 46 bytes from 54.197.223.49: icmp_seq=602 ttl=38 time=46.2 ms
08-04 21:18:38.641 14336 14394 D cellinfo: 46 bytes from 54.197.223.49: icmp_seq=603 ttl=38 time=48.6 ms
08-04 21:18:38.844 14336 14394 D cellinfo: 46 bytes from 54.197.223.49: icmp_seq=604 ttl=38 time=49.7 ms
08-04 21:18:39.040 14336 14394 D cellinfo: 46 bytes from 54.197.223.49: icmp_seq=605 ttl=38 time=45.1 ms
08-04 21:18:39.242 14336 14394 D cellinfo: 46 bytes from 54.197.223.49: icmp_seq=606 ttl=38 time=46.7 ms
08-04 21:18:39.444 14336 14394 D cellinfo: 46 bytes from 54.197.223.49: icmp_seq=607 ttl=38 time=47.7 ms
08-04 21:18:39.592 14336 14336 D cellinfo: onsignalStrengthsChanged: LTE Signal Strength info: rsrp: -79 rsrq: -15 rssi: -51 rssnr: 8
08-04 21:18:39.592 14336 14336 D cellinfo: onsignalStrengthsChanged: 5G-NR Signal Strength info: ssrsrp: -107 ssrsrq: -19 sssinr: 2147483647
08-04 21:18:39.645 14336 14394 D cellinfo: 46 bytes from 54.197.223.49: icmp_seq=608 ttl=38 time=47.6 ms
08-04 21:18:39.829 14336 14336 D cellinfo: Latitude is 42.3369645
08-04 21:18:39.829 14336 14336 D cellinfo: Longitude is -71.0868907
08-04 21:18:39.829 14336 14336 D cellinfo: Instantaneous GPS information: United States, 780 Columbus Ave, Boston, MA 02120, USA
08-04 21:18:39.829 14336 14336 D cellinfo: getCurrentLocation() result: Location (success): 42.3369645, -71.0868907
08-04 21:18:39.831 14336 14336 D cellinfo: onCellInfoChanged: Operator: T-Mobile UpdateTimestamp: 876800710 CellConnectionStatus: 0
08-04 21:18:39.831 14336 14336 D cellinfo: onCellInfoChanged: LTE Cell Bands: [66] Bandwidth: 20000 Cell ID: 122346241 Physical Cell ID: 360 Tracking Area Code: 22005 EARFCN: 66736
08-04 21:18:39.840 14336 14394 D cellinfo: 46 bytes from 54.197.223.49: icmp_seq=609 ttl=38 time=40.6 ms
08-04 21:18:40.052 14336 14394 D cellinfo: 46 bytes from 54.197.223.49: icmp_seq=610 ttl=38 time=51.8 ms
08-04 21:18:40.241 14336 14394 D cellinfo: 46 bytes from 54.197.223.49: icmp_seq=611 ttl=38 time=40.6 ms
08-04 21:18:40.454 14336 14394 D cellinfo: 46 bytes from 54.197.223.49: icmp_seq=612 ttl=38 time=52.5 ms
08-04 21:18:40.639 14336 14394 D cellinfo: 46 bytes from 54.197.223.49: icmp_seq=613 ttl=38 time=36.0 ms
08-04 21:18:40.838 14336 14394 D cellinfo: 46 bytes from 54.197.223.49: icmp_seq=614 ttl=38 time=35.2 ms
08-04 21:18:41.060 14336 14394 D cellinfo: 46 bytes from 54.197.223.49: icmp_seq=615 ttl=38 time=55.7 ms
08-04 21:18:41.260 14336 14394 D cellinfo: 46 bytes from 54.197.223.49: icmp_seq=616 ttl=38 time=54.7 ms
08-04 21:18:41.461 14336 14394 D cellinfo: 46 bytes from 54.197.223.49: icmp_seq=617 ttl=38 time=54.2 ms
08-04 21:18:41.670 14336 14394 D cellinfo: 46 bytes from 54.197.223.49: icmp_seq=618 ttl=38 time=63.1 ms
08-04 21:18:41.698 14336 14336 D cellinfo: onsignalStrengthsChanged: LTE Signal Strength info: rsrp: -78 rsrq: -15 rssi: -51 rssnr: 8
08-04 21:18:41.698 14336 14336 D cellinfo: onsignalStrengthsChanged: 5G-NR Signal Strength info: ssrsrp: -107 ssrsrq: -19 sssinr: 2147483647
08-04 21:18:41.860 14336 14394 D cellinfo: 46 bytes from 54.197.223.49: icmp_seq=619 ttl=38 time=52.0 ms
08-04 21:18:42.064 14336 14394 D cellinfo: 46 bytes from 54.197.223.49: icmp_seq=620 ttl=38 time=55.9 ms
08-04 21:18:42.260 14336 14394 D cellinfo: 46 bytes from 54.197.223.49: icmp_seq=621 ttl=38 time=52.0 ms
08-04 21:18:42.464 14336 14394 D cellinfo: 46 bytes from 54.197.223.49: icmp_seq=622 ttl=38 time=54.6 ms
08-04 21:18:42.590 14336 14336 D cellinfo: onsignalStrengthsChanged: LTE Signal Strength info: rsrp: -78 rsrq: -15 rssi: -51 rssnr: 8
08-04 21:18:42.590 14336 14336 D cellinfo: onsignalStrengthsChanged: 5G-NR Signal Strength info: ssrsrp: -107 ssrsrq: -18 sssinr: 2147483647
08-04 21:18:42.649 14336 14394 D cellinfo: 46 bytes from 54.197.223.49: icmp_seq=623 ttl=38 time=39.3 ms
08-04 21:18:42.720 14336 14336 D cellinfo: Latitude is 42.3369882
08-04 21:18:42.720 14336 14336 D cellinfo: Longitude is -71.0868947
08-04 21:18:42.720 14336 14336 D cellinfo: Instantaneous GPS information: United States, 780 Columbus Ave, Boston, MA 02120, USA
08-04 21:18:42.720 14336 14336 D cellinfo: getCurrentLocation() result: Location (success): 42.3369882, -71.0868947
08-04 21:18:42.784 14336 14336 D cellinfo: onCellInfoChanged: Operator: T-Mobile UpdateTimestamp: 876803731 CellConnectionStatus: 0
08-04 21:18:42.784 14336 14336 D cellinfo: onCellInfoChanged: LTE Cell Bands: [66] Bandwidth: 20000 Cell ID: 122346241 Physical Cell ID: 360 Tracking Area Code: 22005 EARFCN: 66736
08-04 21:18:42.874 14336 14394 D cellinfo: 46 bytes from 54.197.223.49: icmp_seq=624 ttl=38 time=63.3 ms
08-04 21:18:43.065 14336 14394 D cellinfo: 46 bytes from 54.197.223.49: icmp_seq=625 ttl=38 time=52.8 ms
08-04 21:18:43.274 14336 14394 D cellinfo: 46 bytes from 54.197.223.49: icmp_seq=626 ttl=38 time=62.1 ms
08-04 21:18:43.459 14336 14394 D cellinfo: 46 bytes from 54.197.223.49: icmp_seq=627 ttl=38 time=45.8 ms
08-04 21:18:43.669 14336 14394 D cellinfo: 46 bytes from 54.197.223.49: icmp_seq=628 ttl=38 time=55.6 ms
08-04 21:18:43.890 14336 14394 D cellinfo: 46 bytes from 54.197.223.49: icmp_seq=629 ttl=38 time=75.5 ms
08-04 21:18:44.059 14336 14394 D cellinfo: 46 bytes from 54.197.223.49: icmp_seq=630 ttl=38 time=43.6 ms
08-04 21:18:44.259 14336 14394 D cellinfo: 46 bytes from 54.197.223.49: icmp_seq=631 ttl=38 time=43.0 ms
08-04 21:18:44.459 14336 14394 D cellinfo: 46 bytes from 54.197.223.49: icmp_seq=632 ttl=38 time=42.2 ms
08-04 21:18:44.665 14336 14394 D cellinfo: 46 bytes from 54.197.223.49: icmp_seq=633 ttl=38 time=47.8 ms
08-04 21:18:44.864 14336 14394 D cellinfo: 46 bytes from 54.197.223.49: icmp_seq=634 ttl=38 time=46.3 ms
08-04 21:18:45.059 14336 14394 D cellinfo: 46 bytes from 54.197.223.49: icmp_seq=635 ttl=38 time=40.9 ms
08-04 21:18:45.264 14336 14394 D cellinfo: 46 bytes from 54.197.223.49: icmp_seq=636 ttl=38 time=45.4 ms
08-04 21:18:45.461 14336 14394 D cellinfo: 46 bytes from 54.197.223.49: icmp_seq=637 ttl=38 time=41.0 ms
08-04 21:18:45.592 14336 14336 D cellinfo: onsignalStrengthsChanged: LTE Signal Strength info: rsrp: -78 rsrq: -15 rssi: -51 rssnr: 8
08-04 21:18:45.592 14336 14336 D cellinfo: onsignalStrengthsChanged: 5G-NR Signal Strength info: ssrsrp: -106 ssrsrq: -17 sssinr: 2147483647
08-04 21:18:45.663 14336 14394 D cellinfo: 46 bytes from 54.197.223.49: icmp_seq=638 ttl=38 time=43.2 ms
08-04 21:18:45.848 14336 14336 D cellinfo: Latitude is 42.3369264
08-04 21:18:45.848 14336 14336 D cellinfo: Longitude is -71.0867288
08-04 21:18:45.848 14336 14336 D cellinfo: Instantaneous GPS information: United States, 780 Columbus Ave, Boston, MA 02120, USA
08-04 21:18:45.848 14336 14336 D cellinfo: getCurrentLocation() result: Location (success): 42.3369264, -71.0867288
08-04 21:18:45.850 14336 14336 D cellinfo: onCellInfoChanged: Operator: T-Mobile UpdateTimestamp: 876806720 CellConnectionStatus: 0
08-04 21:18:45.850 14336 14336 D cellinfo: onCellInfoChanged: LTE Cell Bands: [66] Bandwidth: 20000 Cell ID: 122346241 Physical Cell ID: 360 Tracking Area Code: 22005 EARFCN: 66736
08-04 21:18:45.869 14336 14394 D cellinfo: 46 bytes from 54.197.223.49: icmp_seq=639 ttl=38 time=47.3 ms
08-04 21:18:46.064 14336 14394 D cellinfo: 46 bytes from 54.197.223.49: icmp_seq=640 ttl=38 time=41.3 ms
08-04 21:18:46.183 14336 14336 D cellinfo: onsignalStrengthsChanged: LTE Signal Strength info: rsrp: -79 rsrq: -14 rssi: -51 rssnr: 7
08-04 21:18:46.183 14336 14336 D cellinfo: onsignalStrengthsChanged: 5G-NR Signal Strength info: ssrsrp: -106 ssrsrq: -17 sssinr: 2147483647
08-04 21:18:46.266 14336 14394 D cellinfo: 46 bytes from 54.197.223.49: icmp_seq=641 ttl=38 time=42.1 ms
08-04 21:18:46.485 14336 14394 D cellinfo: 46 bytes from 54.197.223.49: icmp_seq=642 ttl=38 time=61.0 ms
08-04 21:18:46.682 14336 14394 D cellinfo: 46 bytes from 54.197.223.49: icmp_seq=643 ttl=38 time=57.2 ms
08-04 21:18:46.885 14336 14394 D cellinfo: 46 bytes from 54.197.223.49: icmp_seq=644 ttl=38 time=60.0 ms
08-04 21:18:47.087 14336 14394 D cellinfo: 46 bytes from 54.197.223.49: icmp_seq=645 ttl=38 time=61.4 ms
08-04 21:18:47.289 14336 14394 D cellinfo: 46 bytes from 54.197.223.49: icmp_seq=646 ttl=38 time=62.4 ms
08-04 21:18:47.489 14336 14394 D cellinfo: 46 bytes from 54.197.223.49: icmp_seq=647 ttl=38 time=61.1 ms
08-04 21:18:47.679 14336 14394 D cellinfo: 46 bytes from 54.197.223.49: icmp_seq=648 ttl=38 time=51.0 ms
08-04 21:18:47.879 14336 14394 D cellinfo: 46 bytes from 54.197.223.49: icmp_seq=649 ttl=38 time=50.4 ms
08-04 21:18:48.094 14336 14394 D cellinfo: 46 bytes from 54.197.223.49: icmp_seq=650 ttl=38 time=64.3 ms
08-04 21:18:48.295 14336 14394 D cellinfo: 46 bytes from 54.197.223.49: icmp_seq=651 ttl=38 time=65.0 ms
08-04 21:18:48.481 14336 14394 D cellinfo: 46 bytes from 54.197.223.49: icmp_seq=652 ttl=38 time=50.0 ms
08-04 21:18:48.683 14336 14394 D cellinfo: 46 bytes from 54.197.223.49: icmp_seq=653 ttl=38 time=52.2 ms
08-04 21:18:48.839 14336 14336 D cellinfo: Latitude is 42.3369197
08-04 21:18:48.839 14336 14336 D cellinfo: Longitude is -71.0866795
08-04 21:18:48.839 14336 14336 D cellinfo: Instantaneous GPS information: United States, 776 Columbus Ave, Boston, MA 02120, USA
08-04 21:18:48.839 14336 14336 D cellinfo: getCurrentLocation() result: Location (success): 42.3369197, -71.0866795
08-04 21:18:48.840 14336 14336 D cellinfo: onCellInfoChanged: Operator: T-Mobile UpdateTimestamp: 876809740 CellConnectionStatus: 0
08-04 21:18:48.840 14336 14336 D cellinfo: onCellInfoChanged: LTE Cell Bands: [66] Bandwidth: 20000 Cell ID: 122346241 Physical Cell ID: 360 Tracking Area Code: 22005 EARFCN: 66736
08-04 21:18:48.866 14336 14394 D cellinfo: 46 bytes from 54.197.223.49: icmp_seq=654 ttl=38 time=33.8 ms
08-04 21:18:49.101 14336 14394 D cellinfo: 46 bytes from 54.197.223.49: icmp_seq=655 ttl=38 time=68.9 ms
08-04 21:18:49.281 14336 14394 D cellinfo: 46 bytes from 54.197.223.49: icmp_seq=656 ttl=38 time=48.5 ms
08-04 21:18:49.484 14336 14394 D cellinfo: 46 bytes from 54.197.223.49: icmp_seq=657 ttl=38 time=50.9 ms
08-04 21:18:49.679 14336 14394 D cellinfo: 46 bytes from 54.197.223.49: icmp_seq=658 ttl=38 time=45.2 ms
08-04 21:18:49.885 14336 14394 D cellinfo: 46 bytes from 54.197.223.49: icmp_seq=659 ttl=38 time=50.2 ms
08-04 21:18:50.089 14336 14394 D cellinfo: 46 bytes from 54.197.223.49: icmp_seq=660 ttl=38 time=53.3 ms
08-04 21:18:50.286 14336 14394 D cellinfo: 46 bytes from 54.197.223.49: icmp_seq=661 ttl=38 time=50.0 ms
08-04 21:18:50.485 14336 14394 D cellinfo: 46 bytes from 54.197.223.49: icmp_seq=662 ttl=38 time=47.9 ms
08-04 21:18:50.662 14336 14336 D cellinfo: onsignalStrengthsChanged: LTE Signal Strength info: rsrp: -79 rsrq: -15 rssi: -51 rssnr: 8
08-04 21:18:50.662 14336 14336 D cellinfo: onsignalStrengthsChanged: 5G-NR Signal Strength info: ssrsrp: -106 ssrsrq: -17 sssinr: 2147483647
08-04 21:18:50.685 14336 14394 D cellinfo: 46 bytes from 54.197.223.49: icmp_seq=663 ttl=38 time=47.6 ms
08-04 21:18:50.883 14336 14394 D cellinfo: 46 bytes from 54.197.223.49: icmp_seq=664 ttl=38 time=44.9 ms
08-04 21:18:51.080 14336 14394 D cellinfo: 46 bytes from 54.197.223.49: icmp_seq=665 ttl=38 time=41.1 ms
08-04 21:18:51.280 14336 14394 D cellinfo: 46 bytes from 54.197.223.49: icmp_seq=666 ttl=38 time=40.0 ms
08-04 21:18:51.480 14336 14394 D cellinfo: 46 bytes from 54.197.223.49: icmp_seq=667 ttl=38 time=39.5 ms
08-04 21:18:51.690 14336 14394 D cellinfo: 46 bytes from 54.197.223.49: icmp_seq=668 ttl=38 time=48.6 ms
08-04 21:18:51.846 14336 14336 D cellinfo: Latitude is 42.3369497
08-04 21:18:51.846 14336 14336 D cellinfo: Longitude is -71.086837
08-04 21:18:51.846 14336 14336 D cellinfo: Instantaneous GPS information: United States, 780 Columbus Ave, Boston, MA 02120, USA
08-04 21:18:51.846 14336 14336 D cellinfo: getCurrentLocation() result: Location (success): 42.3369497, -71.086837
08-04 21:18:51.848 14336 14336 D cellinfo: onCellInfoChanged: Operator: T-Mobile UpdateTimestamp: 876812712 CellConnectionStatus: 0
08-04 21:18:51.848 14336 14336 D cellinfo: onCellInfoChanged: LTE Cell Bands: [66] Bandwidth: 20000 Cell ID: 122346241 Physical Cell ID: 360 Tracking Area Code: 22005 EARFCN: 66736
08-04 21:18:51.874 14336 14394 D cellinfo: 46 bytes from 54.197.223.49: icmp_seq=669 ttl=38 time=30.8 ms
08-04 21:18:52.129 14336 14394 D cellinfo: 46 bytes from 54.197.223.49: icmp_seq=670 ttl=38 time=86.0 ms
08-04 21:18:52.299 14336 14394 D cellinfo: 46 bytes from 54.197.223.49: icmp_seq=671 ttl=38 time=55.0 ms
08-04 21:18:52.499 14336 14394 D cellinfo: 46 bytes from 54.197.223.49: icmp_seq=672 ttl=38 time=54.6 ms
08-04 21:18:52.702 14336 14394 D cellinfo: 46 bytes from 54.197.223.49: icmp_seq=673 ttl=38 time=56.0 ms
08-04 21:18:52.904 14336 14394 D cellinfo: 46 bytes from 54.197.223.49: icmp_seq=674 ttl=38 time=58.0 ms
08-04 21:18:53.324 14336 14394 D cellinfo: 46 bytes from 54.197.223.49: icmp_seq=676 ttl=38 time=74.7 ms
08-04 21:18:53.324 14336 14394 D cellinfo: 46 bytes from 54.197.223.49: icmp_seq=675 ttl=38 time=276 ms
08-04 21:18:53.499 14336 14394 D cellinfo: 46 bytes from 54.197.223.49: icmp_seq=677 ttl=38 time=49.7 ms
08-04 21:18:53.704 14336 14394 D cellinfo: 46 bytes from 54.197.223.49: icmp_seq=678 ttl=38 time=53.8 ms
08-04 21:18:53.899 14336 14394 D cellinfo: 46 bytes from 54.197.223.49: icmp_seq=679 ttl=38 time=48.0 ms
08-04 21:18:54.103 14336 14394 D cellinfo: 46 bytes from 54.197.223.49: icmp_seq=680 ttl=38 time=52.0 ms
08-04 21:18:54.304 14336 14394 D cellinfo: 46 bytes from 54.197.223.49: icmp_seq=681 ttl=38 time=51.8 ms
08-04 21:18:54.504 14336 14394 D cellinfo: 46 bytes from 54.197.223.49: icmp_seq=682 ttl=38 time=50.7 ms
08-04 21:18:54.591 14336 14336 D cellinfo: onsignalStrengthsChanged: LTE Signal Strength info: rsrp: -79 rsrq: -15 rssi: -51 rssnr: 8
08-04 21:18:54.591 14336 14336 D cellinfo: onsignalStrengthsChanged: 5G-NR Signal Strength info: ssrsrp: -107 ssrsrq: -17 sssinr: 2147483647
08-04 21:18:54.706 14336 14394 D cellinfo: 46 bytes from 54.197.223.49: icmp_seq=683 ttl=38 time=52.7 ms
08-04 21:18:54.717 14336 14336 D cellinfo: Latitude is 42.3369596
08-04 21:18:54.717 14336 14336 D cellinfo: Longitude is -71.0868894
08-04 21:18:54.717 14336 14336 D cellinfo: Instantaneous GPS information: United States, 780 Columbus Ave, Boston, MA 02120, USA
08-04 21:18:54.717 14336 14336 D cellinfo: getCurrentLocation() result: Location (success): 42.3369596, -71.0868894
08-04 21:18:54.773 14336 14336 D cellinfo: onCellInfoChanged: Operator: T-Mobile UpdateTimestamp: 876815723 CellConnectionStatus: 0
08-04 21:18:54.773 14336 14336 D cellinfo: onCellInfoChanged: LTE Cell Bands: [66] Bandwidth: 20000 Cell ID: 122346241 Physical Cell ID: 360 Tracking Area Code: 22005 EARFCN: 66736
08-04 21:18:54.906 14336 14394 D cellinfo: 46 bytes from 54.197.223.49: icmp_seq=684 ttl=38 time=51.4 ms
08-04 21:18:55.104 14336 14394 D cellinfo: 46 bytes from 54.197.223.49: icmp_seq=685 ttl=38 time=48.3 ms
08-04 21:18:55.141 14336 14336 D cellinfo: onsignalStrengthsChanged: LTE Signal Strength info: rsrp: -78 rsrq: -15 rssi: -51 rssnr: 7
08-04 21:18:55.141 14336 14336 D cellinfo: onsignalStrengthsChanged: 5G-NR Signal Strength info: ssrsrp: -107 ssrsrq: -17 sssinr: 2147483647
08-04 21:18:55.299 14336 14394 D cellinfo: 46 bytes from 54.197.223.49: icmp_seq=686 ttl=38 time=43.3 ms
08-04 21:18:55.499 14336 14394 D cellinfo: 46 bytes from 54.197.223.49: icmp_seq=687 ttl=38 time=42.6 ms
08-04 21:18:55.700 14336 14394 D cellinfo: 46 bytes from 54.197.223.49: icmp_seq=688 ttl=38 time=41.8 ms
08-04 21:18:55.900 14336 14394 D cellinfo: 46 bytes from 54.197.223.49: icmp_seq=689 ttl=38 time=41.1 ms
08-04 21:18:56.100 14336 14394 D cellinfo: 46 bytes from 54.197.223.49: icmp_seq=690 ttl=38 time=40.7 ms
08-04 21:18:56.299 14336 14394 D cellinfo: 46 bytes from 54.197.223.49: icmp_seq=691 ttl=38 time=38.3 ms
08-04 21:18:56.501 14336 14394 D cellinfo: 46 bytes from 54.197.223.49: icmp_seq=692 ttl=38 time=39.3 ms
08-04 21:18:56.701 14336 14394 D cellinfo: 46 bytes from 54.197.223.49: icmp_seq=693 ttl=38 time=38.4 ms
08-04 21:18:56.900 14336 14394 D cellinfo: 46 bytes from 54.197.223.49: icmp_seq=694 ttl=38 time=36.8 ms
08-04 21:18:57.099 14336 14394 D cellinfo: 46 bytes from 54.197.223.49: icmp_seq=695 ttl=38 time=35.3 ms
08-04 21:18:57.318 14336 14394 D cellinfo: 46 bytes from 54.197.223.49: icmp_seq=696 ttl=38 time=54.1 ms
08-04 21:18:57.380 14336 14336 D cellinfo: onsignalStrengthsChanged: LTE Signal Strength info: rsrp: -79 rsrq: -11 rssi: -51 rssnr: 8
08-04 21:18:57.381 14336 14336 D cellinfo: onsignalStrengthsChanged: 5G-NR Signal Strength info: ssrsrp: -107 ssrsrq: -17 sssinr: 2147483647
08-04 21:18:57.533 14336 14394 D cellinfo: 46 bytes from 54.197.223.49: icmp_seq=697 ttl=38 time=68.7 ms
08-04 21:18:57.591 14336 14336 D cellinfo: onsignalStrengthsChanged: LTE Signal Strength info: rsrp: -79 rsrq: -11 rssi: -51 rssnr: 8
08-04 21:18:57.591 14336 14336 D cellinfo: onsignalStrengthsChanged: 5G-NR Signal Strength info: ssrsrp: -106 ssrsrq: -17 sssinr: 2147483647
08-04 21:18:57.718 14336 14336 D cellinfo: Latitude is 42.3368809
08-04 21:18:57.718 14336 14336 D cellinfo: Longitude is -71.0869765
08-04 21:18:57.718 14336 14336 D cellinfo: Instantaneous GPS information: United States, 780 Columbus Ave, Boston, MA 02120, USA
08-04 21:18:57.718 14336 14336 D cellinfo: getCurrentLocation() result: Location (success): 42.3368809, -71.0869765
08-04 21:18:57.723 14336 14394 D cellinfo: 46 bytes from 54.197.223.49: icmp_seq=698 ttl=38 time=57.5 ms
08-04 21:18:57.792 14336 14336 D cellinfo: onCellInfoChanged: Operator: T-Mobile UpdateTimestamp: 876818740 CellConnectionStatus: 0
08-04 21:18:57.792 14336 14336 D cellinfo: onCellInfoChanged: LTE Cell Bands: [66] Bandwidth: 20000 Cell ID: 122346241 Physical Cell ID: 360 Tracking Area Code: 22005 EARFCN: 66736
08-04 21:18:57.919 14336 14394 D cellinfo: 46 bytes from 54.197.223.49: icmp_seq=699 ttl=38 time=51.9 ms
08-04 21:18:58.135 14336 14394 D cellinfo: 46 bytes from 54.197.223.49: icmp_seq=700 ttl=38 time=67.8 ms
08-04 21:18:58.324 14336 14394 D cellinfo: 46 bytes from 54.197.223.49: icmp_seq=701 ttl=38 time=55.9 ms
08-04 21:18:58.529 14336 14394 D cellinfo: 46 bytes from 54.197.223.49: icmp_seq=702 ttl=38 time=61.0 ms
08-04 21:18:58.723 14336 14394 D cellinfo: 46 bytes from 54.197.223.49: icmp_seq=703 ttl=38 time=54.9 ms
08-04 21:18:58.924 14336 14394 D cellinfo: 46 bytes from 54.197.223.49: icmp_seq=704 ttl=38 time=55.3 ms
08-04 21:18:59.125 14336 14394 D cellinfo: 46 bytes from 54.197.223.49: icmp_seq=705 ttl=38 time=55.2 ms
08-04 21:18:59.330 14336 14394 D cellinfo: 46 bytes from 54.197.223.49: icmp_seq=706 ttl=38 time=59.3 ms
08-04 21:18:59.535 14336 14394 D cellinfo: 46 bytes from 54.197.223.49: icmp_seq=707 ttl=38 time=63.2 ms
08-04 21:18:59.620 14336 14336 D cellinfo: onsignalStrengthsChanged: LTE Signal Strength info: rsrp: -81 rsrq: -15 rssi: -51 rssnr: 9
08-04 21:18:59.620 14336 14336 D cellinfo: onsignalStrengthsChanged: 5G-NR Signal Strength info: ssrsrp: -106 ssrsrq: -17 sssinr: 2147483647
08-04 21:18:59.718 14336 14394 D cellinfo: 46 bytes from 54.197.223.49: icmp_seq=708 ttl=38 time=46.3 ms
08-04 21:18:59.918 14336 14394 D cellinfo: 46 bytes from 54.197.223.49: icmp_seq=709 ttl=38 time=45.6 ms
08-04 21:19:00.119 14336 14394 D cellinfo: 46 bytes from 54.197.223.49: icmp_seq=710 ttl=38 time=45.0 ms
08-04 21:19:00.319 14336 14394 D cellinfo: 46 bytes from 54.197.223.49: icmp_seq=711 ttl=38 time=45.0 ms
08-04 21:19:00.519 14336 14394 D cellinfo: 46 bytes from 54.197.223.49: icmp_seq=712 ttl=38 time=43.7 ms
08-04 21:19:00.589 14336 14336 D cellinfo: onsignalStrengthsChanged: LTE Signal Strength info: rsrp: -81 rsrq: -15 rssi: -51 rssnr: 9
08-04 21:19:00.589 14336 14336 D cellinfo: onsignalStrengthsChanged: 5G-NR Signal Strength info: ssrsrp: -104 ssrsrq: -16 sssinr: 2147483647
08-04 21:19:00.719 14336 14394 D cellinfo: 46 bytes from 54.197.223.49: icmp_seq=713 ttl=38 time=44.3 ms
08-04 21:19:00.853 14336 14336 D cellinfo: Latitude is 42.3369026
08-04 21:19:00.853 14336 14336 D cellinfo: Longitude is -71.0868898
08-04 21:19:00.853 14336 14336 D cellinfo: Instantaneous GPS information: United States, 780 Columbus Ave, Boston, MA 02120, USA
08-04 21:19:00.853 14336 14336 D cellinfo: getCurrentLocation() result: Location (success): 42.3369026, -71.0868898
08-04 21:19:00.854 14336 14336 D cellinfo: onCellInfoChanged: Operator: T-Mobile UpdateTimestamp: 876821718 CellConnectionStatus: 0
08-04 21:19:00.854 14336 14336 D cellinfo: onCellInfoChanged: LTE Cell Bands: [66] Bandwidth: 20000 Cell ID: 122346241 Physical Cell ID: 360 Tracking Area Code: 22005 EARFCN: 66736
08-04 21:19:00.909 14336 14394 D cellinfo: 46 bytes from 54.197.223.49: icmp_seq=714 ttl=38 time=33.3 ms
08-04 21:19:01.118 14336 14394 D cellinfo: 46 bytes from 54.197.223.49: icmp_seq=715 ttl=38 time=41.3 ms
08-04 21:19:01.319 14336 14394 D cellinfo: 46 bytes from 54.197.223.49: icmp_seq=716 ttl=38 time=41.4 ms
08-04 21:19:01.519 14336 14394 D cellinfo: 46 bytes from 54.197.223.49: icmp_seq=717 ttl=38 time=40.4 ms
08-04 21:19:01.719 14336 14394 D cellinfo: 46 bytes from 54.197.223.49: icmp_seq=718 ttl=38 time=39.5 ms
08-04 21:19:01.931 14336 14394 D cellinfo: 46 bytes from 54.197.223.49: icmp_seq=719 ttl=38 time=50.1 ms
08-04 21:19:02.120 14336 14394 D cellinfo: 46 bytes from 54.197.223.49: icmp_seq=720 ttl=38 time=38.9 ms
08-04 21:19:02.319 14336 14394 D cellinfo: 46 bytes from 54.197.223.49: icmp_seq=721 ttl=38 time=37.4 ms
08-04 21:19:02.525 14336 14394 D cellinfo: 46 bytes from 54.197.223.49: icmp_seq=722 ttl=38 time=42.7 ms
08-04 21:19:02.719 14336 14394 D cellinfo: 46 bytes from 54.197.223.49: icmp_seq=723 ttl=38 time=35.6 ms
08-04 21:19:02.952 14336 14394 D cellinfo: 46 bytes from 54.197.223.49: icmp_seq=724 ttl=38 time=68.0 ms
08-04 21:19:03.146 14336 14394 D cellinfo: 46 bytes from 54.197.223.49: icmp_seq=725 ttl=38 time=61.5 ms
08-04 21:19:03.348 14336 14394 D cellinfo: 46 bytes from 54.197.223.49: icmp_seq=726 ttl=38 time=62.8 ms
08-04 21:19:03.539 14336 14394 D cellinfo: 46 bytes from 54.197.223.49: icmp_seq=727 ttl=38 time=53.6 ms
08-04 21:19:03.593 14336 14336 D cellinfo: onsignalStrengthsChanged: LTE Signal Strength info: rsrp: -81 rsrq: -15 rssi: -51 rssnr: 9
08-04 21:19:03.593 14336 14336 D cellinfo: onsignalStrengthsChanged: 5G-NR Signal Strength info: ssrsrp: -105 ssrsrq: -17 sssinr: 2147483647
08-04 21:19:03.721 14336 14336 D cellinfo: Latitude is 42.3369709
08-04 21:19:03.721 14336 14336 D cellinfo: Longitude is -71.086954
08-04 21:19:03.721 14336 14336 D cellinfo: Instantaneous GPS information: United States, 780 Columbus Ave, Boston, MA 02120, USA
08-04 21:19:03.721 14336 14336 D cellinfo: getCurrentLocation() result: Location (success): 42.3369709, -71.086954
08-04 21:19:03.739 14336 14394 D cellinfo: 46 bytes from 54.197.223.49: icmp_seq=728 ttl=38 time=52.5 ms
08-04 21:19:03.771 14336 14336 D cellinfo: onCellInfoChanged: Operator: T-Mobile UpdateTimestamp: 876824719 CellConnectionStatus: 0
08-04 21:19:03.771 14336 14336 D cellinfo: onCellInfoChanged: LTE Cell Bands: [66] Bandwidth: 20000 Cell ID: 122346241 Physical Cell ID: 360 Tracking Area Code: 22005 EARFCN: 66736
08-04 21:19:03.939 14336 14394 D cellinfo: 46 bytes from 54.197.223.49: icmp_seq=729 ttl=38 time=51.1 ms
08-04 21:19:04.101 14336 14336 D cellinfo: onsignalStrengthsChanged: LTE Signal Strength info: rsrp: -81 rsrq: -14 rssi: -51 rssnr: 6
08-04 21:19:04.101 14336 14336 D cellinfo: onsignalStrengthsChanged: 5G-NR Signal Strength info: ssrsrp: -105 ssrsrq: -17 sssinr: 2147483647
08-04 21:19:04.140 14336 14394 D cellinfo: 46 bytes from 54.197.223.49: icmp_seq=730 ttl=38 time=51.6 ms
08-04 21:19:04.339 14336 14394 D cellinfo: 46 bytes from 54.197.223.49: icmp_seq=731 ttl=38 time=49.4 ms
08-04 21:19:04.539 14336 14394 D cellinfo: 46 bytes from 54.197.223.49: icmp_seq=732 ttl=38 time=48.1 ms
08-04 21:19:04.739 14336 14394 D cellinfo: 46 bytes from 54.197.223.49: icmp_seq=733 ttl=38 time=47.9 ms
08-04 21:19:04.939 14336 14394 D cellinfo: 46 bytes from 54.197.223.49: icmp_seq=734 ttl=38 time=47.1 ms
08-04 21:19:05.140 14336 14394 D cellinfo: 46 bytes from 54.197.223.49: icmp_seq=735 ttl=38 time=47.2 ms
08-04 21:19:05.339 14336 14394 D cellinfo: 46 bytes from 54.197.223.49: icmp_seq=736 ttl=38 time=45.9 ms
08-04 21:19:05.539 14336 14394 D cellinfo: 46 bytes from 54.197.223.49: icmp_seq=737 ttl=38 time=44.9 ms
08-04 21:19:05.741 14336 14394 D cellinfo: 46 bytes from 54.197.223.49: icmp_seq=738 ttl=38 time=46.9 ms
08-04 21:19:05.941 14336 14394 D cellinfo: 46 bytes from 54.197.223.49: icmp_seq=739 ttl=38 time=46.0 ms
08-04 21:19:06.140 14336 14394 D cellinfo: 46 bytes from 54.197.223.49: icmp_seq=740 ttl=38 time=45.0 ms
08-04 21:19:06.339 14336 14394 D cellinfo: 46 bytes from 54.197.223.49: icmp_seq=741 ttl=38 time=42.7 ms
08-04 21:19:06.346 14336 14336 D cellinfo: onsignalStrengthsChanged: LTE Signal Strength info: rsrp: -81 rsrq: -13 rssi: -51 rssnr: 6
08-04 21:19:06.346 14336 14336 D cellinfo: onsignalStrengthsChanged: 5G-NR Signal Strength info: ssrsrp: -105 ssrsrq: -17 sssinr: 2147483647
08-04 21:19:06.540 14336 14394 D cellinfo: 46 bytes from 54.197.223.49: icmp_seq=742 ttl=38 time=42.8 ms
08-04 21:19:06.590 14336 14336 D cellinfo: onsignalStrengthsChanged: LTE Signal Strength info: rsrp: -81 rsrq: -13 rssi: -51 rssnr: 6
08-04 21:19:06.590 14336 14336 D cellinfo: onsignalStrengthsChanged: 5G-NR Signal Strength info: ssrsrp: -105 ssrsrq: -16 sssinr: 2147483647
08-04 21:19:06.722 14336 14336 D cellinfo: Latitude is 42.3369903
08-04 21:19:06.722 14336 14336 D cellinfo: Longitude is -71.0869702
08-04 21:19:06.722 14336 14336 D cellinfo: Instantaneous GPS information: United States, 780 Columbus Ave, Boston, MA 02120, USA
08-04 21:19:06.722 14336 14336 D cellinfo: getCurrentLocation() result: Location (success): 42.3369903, -71.0869702
08-04 21:19:06.738 14336 14394 D cellinfo: 46 bytes from 54.197.223.49: icmp_seq=743 ttl=38 time=40.8 ms
08-04 21:19:06.778 14336 14336 D cellinfo: onCellInfoChanged: Operator: T-Mobile UpdateTimestamp: 876827721 CellConnectionStatus: 0
08-04 21:19:06.778 14336 14336 D cellinfo: onCellInfoChanged: LTE Cell Bands: [66] Bandwidth: 20000 Cell ID: 122346241 Physical Cell ID: 360 Tracking Area Code: 22005 EARFCN: 66736
08-04 21:19:06.945 14336 14394 D cellinfo: 46 bytes from 54.197.223.49: icmp_seq=744 ttl=38 time=46.3 ms
08-04 21:19:07.138 14336 14394 D cellinfo: 46 bytes from 54.197.223.49: icmp_seq=745 ttl=38 time=38.7 ms
08-04 21:19:07.339 14336 14394 D cellinfo: 46 bytes from 54.197.223.49: icmp_seq=746 ttl=38 time=37.8 ms
08-04 21:19:07.540 14336 14394 D cellinfo: 46 bytes from 54.197.223.49: icmp_seq=747 ttl=38 time=38.0 ms
08-04 21:19:07.740 14336 14394 D cellinfo: 46 bytes from 54.197.223.49: icmp_seq=748 ttl=38 time=37.3 ms
08-04 21:19:07.939 14336 14394 D cellinfo: 46 bytes from 54.197.223.49: icmp_seq=749 ttl=38 time=35.5 ms
08-04 21:19:08.160 14336 14394 D cellinfo: 46 bytes from 54.197.223.49: icmp_seq=750 ttl=38 time=56.2 ms
08-04 21:19:08.361 14336 14394 D cellinfo: 46 bytes from 54.197.223.49: icmp_seq=751 ttl=38 time=55.6 ms
08-04 21:19:08.565 14336 14394 D cellinfo: 46 bytes from 54.197.223.49: icmp_seq=752 ttl=38 time=58.5 ms
08-04 21:19:08.581 14336 14336 D cellinfo: onsignalStrengthsChanged: LTE Signal Strength info: rsrp: -82 rsrq: -13 rssi: -51 rssnr: 6
08-04 21:19:08.581 14336 14336 D cellinfo: onsignalStrengthsChanged: 5G-NR Signal Strength info: ssrsrp: -105 ssrsrq: -16 sssinr: 2147483647
08-04 21:19:08.761 14336 14394 D cellinfo: 46 bytes from 54.197.223.49: icmp_seq=753 ttl=38 time=53.1 ms
08-04 21:19:08.978 14336 14394 D cellinfo: 46 bytes from 54.197.223.49: icmp_seq=754 ttl=38 time=70.1 ms
08-04 21:19:09.161 14336 14394 D cellinfo: 46 bytes from 54.197.223.49: icmp_seq=755 ttl=38 time=51.9 ms
08-04 21:19:09.360 14336 14394 D cellinfo: 46 bytes from 54.197.223.49: icmp_seq=756 ttl=38 time=51.1 ms
08-04 21:19:09.560 14336 14394 D cellinfo: 46 bytes from 54.197.223.49: icmp_seq=757 ttl=38 time=50.3 ms
08-04 21:19:09.590 14336 14336 D cellinfo: onsignalStrengthsChanged: LTE Signal Strength info: rsrp: -82 rsrq: -13 rssi: -51 rssnr: 6
08-04 21:19:09.590 14336 14336 D cellinfo: onsignalStrengthsChanged: 5G-NR Signal Strength info: ssrsrp: -105 ssrsrq: -17 sssinr: 2147483647
08-04 21:19:09.720 14336 14336 D cellinfo: Latitude is 42.3369734
08-04 21:19:09.720 14336 14336 D cellinfo: Longitude is -71.0870116
08-04 21:19:09.720 14336 14336 D cellinfo: Instantaneous GPS information: United States, 809 Columbus Ave, Boston, MA 02118, USA
08-04 21:19:09.720 14336 14336 D cellinfo: getCurrentLocation() result: Location (success): 42.3369734, -71.0870116
08-04 21:19:09.758 14336 14394 D cellinfo: 46 bytes from 54.197.223.49: icmp_seq=758 ttl=38 time=47.8 ms
08-04 21:19:09.767 14336 14336 D cellinfo: onCellInfoChanged: Operator: T-Mobile UpdateTimestamp: 876830712 CellConnectionStatus: 0
08-04 21:19:09.767 14336 14336 D cellinfo: onCellInfoChanged: LTE Cell Bands: [66] Bandwidth: 20000 Cell ID: 122346241 Physical Cell ID: 360 Tracking Area Code: 22005 EARFCN: 66736
08-04 21:19:09.960 14336 14394 D cellinfo: 46 bytes from 54.197.223.49: icmp_seq=759 ttl=38 time=49.6 ms
08-04 21:19:10.159 14336 14394 D cellinfo: 46 bytes from 54.197.223.49: icmp_seq=760 ttl=38 time=47.6 ms
08-04 21:19:10.359 14336 14394 D cellinfo: 46 bytes from 54.197.223.49: icmp_seq=761 ttl=38 time=45.8 ms
08-04 21:19:10.559 14336 14394 D cellinfo: 46 bytes from 54.197.223.49: icmp_seq=762 ttl=38 time=45.5 ms
08-04 21:19:10.759 14336 14394 D cellinfo: 46 bytes from 54.197.223.49: icmp_seq=763 ttl=38 time=44.8 ms
08-04 21:19:10.960 14336 14394 D cellinfo: 46 bytes from 54.197.223.49: icmp_seq=764 ttl=38 time=45.1 ms
08-04 21:19:11.159 14336 14394 D cellinfo: 46 bytes from 54.197.223.49: icmp_seq=765 ttl=38 time=43.9 ms
08-04 21:19:11.365 14336 14394 D cellinfo: 46 bytes from 54.197.223.49: icmp_seq=766 ttl=38 time=48.9 ms
08-04 21:19:11.559 14336 14394 D cellinfo: 46 bytes from 54.197.223.49: icmp_seq=767 ttl=38 time=43.2 ms
08-04 21:19:11.760 14336 14394 D cellinfo: 46 bytes from 54.197.223.49: icmp_seq=768 ttl=38 time=43.2 ms
08-04 21:19:11.961 14336 14394 D cellinfo: 46 bytes from 54.197.223.49: icmp_seq=769 ttl=38 time=42.9 ms
08-04 21:19:12.161 14336 14394 D cellinfo: 46 bytes from 54.197.223.49: icmp_seq=770 ttl=38 time=43.1 ms
08-04 21:19:12.360 14336 14394 D cellinfo: 46 bytes from 54.197.223.49: icmp_seq=771 ttl=38 time=41.2 ms
08-04 21:19:12.559 14336 14394 D cellinfo: 46 bytes from 54.197.223.49: icmp_seq=772 ttl=38 time=39.2 ms
08-04 21:19:12.590 14336 14336 D cellinfo: onsignalStrengthsChanged: LTE Signal Strength info: rsrp: -82 rsrq: -13 rssi: -51 rssnr: 6
08-04 21:19:12.590 14336 14336 D cellinfo: onsignalStrengthsChanged: 5G-NR Signal Strength info: ssrsrp: -105 ssrsrq: -16 sssinr: 2147483647
08-04 21:19:12.718 14336 14336 D cellinfo: Latitude is 42.3369988
08-04 21:19:12.718 14336 14336 D cellinfo: Longitude is -71.0869661
08-04 21:19:12.718 14336 14336 D cellinfo: Instantaneous GPS information: United States, 809 Columbus Ave, Boston, MA 02118, USA
08-04 21:19:12.718 14336 14336 D cellinfo: getCurrentLocation() result: Location (success): 42.3369988, -71.0869661
08-04 21:19:12.759 14336 14394 D cellinfo: 46 bytes from 54.197.223.49: icmp_seq=773 ttl=38 time=38.9 ms
08-04 21:19:12.774 14336 14336 D cellinfo: onCellInfoChanged: Operator: T-Mobile UpdateTimestamp: 876833723 CellConnectionStatus: 0
08-04 21:19:12.774 14336 14336 D cellinfo: onCellInfoChanged: LTE Cell Bands: [66] Bandwidth: 20000 Cell ID: 122346241 Physical Cell ID: 360 Tracking Area Code: 22005 EARFCN: 66736
08-04 21:19:12.960 14336 14394 D cellinfo: 46 bytes from 54.197.223.49: icmp_seq=774 ttl=38 time=39.2 ms
08-04 21:19:13.061 14336 14336 D cellinfo: onsignalStrengthsChanged: LTE Signal Strength info: rsrp: -82 rsrq: -14 rssi: -51 rssnr: 6
08-04 21:19:13.061 14336 14336 D cellinfo: onsignalStrengthsChanged: 5G-NR Signal Strength info: ssrsrp: -105 ssrsrq: -16 sssinr: 2147483647
08-04 21:19:13.166 14336 14394 D cellinfo: 46 bytes from 54.197.223.49: icmp_seq=775 ttl=38 time=44.3 ms
08-04 21:19:13.359 14336 14394 D cellinfo: 46 bytes from 54.197.223.49: icmp_seq=776 ttl=38 time=36.8 ms
08-04 21:19:13.560 14336 14394 D cellinfo: 46 bytes from 54.197.223.49: icmp_seq=777 ttl=38 time=37.0 ms
08-04 21:19:13.759 14336 14394 D cellinfo: 46 bytes from 54.197.223.49: icmp_seq=778 ttl=38 time=35.6 ms
08-04 21:19:13.979 14336 14394 D cellinfo: 46 bytes from 54.197.223.49: icmp_seq=779 ttl=38 time=54.7 ms
08-04 21:19:14.178 14336 14394 D cellinfo: 46 bytes from 54.197.223.49: icmp_seq=780 ttl=38 time=53.9 ms
08-04 21:19:14.380 14336 14394 D cellinfo: 46 bytes from 54.197.223.49: icmp_seq=781 ttl=38 time=55.0 ms
08-04 21:19:14.586 14336 14394 D cellinfo: 46 bytes from 54.197.223.49: icmp_seq=782 ttl=38 time=60.3 ms
08-04 21:19:14.781 14336 14394 D cellinfo: 46 bytes from 54.197.223.49: icmp_seq=783 ttl=38 time=54.4 ms
08-04 21:19:14.981 14336 14394 D cellinfo: 46 bytes from 54.197.223.49: icmp_seq=784 ttl=38 time=53.7 ms
08-04 21:19:15.179 14336 14394 D cellinfo: 46 bytes from 54.197.223.49: icmp_seq=785 ttl=38 time=50.7 ms
08-04 21:19:15.301 14336 14336 D cellinfo: onsignalStrengthsChanged: LTE Signal Strength info: rsrp: -82 rsrq: -16 rssi: -51 rssnr: 6
08-04 21:19:15.301 14336 14336 D cellinfo: onsignalStrengthsChanged: 5G-NR Signal Strength info: ssrsrp: -105 ssrsrq: -16 sssinr: 2147483647
08-04 21:19:15.380 14336 14394 D cellinfo: 46 bytes from 54.197.223.49: icmp_seq=786 ttl=38 time=49.1 ms
08-04 21:19:15.580 14336 14394 D cellinfo: 46 bytes from 54.197.223.49: icmp_seq=787 ttl=38 time=48.5 ms
08-04 21:19:15.592 14336 14336 D cellinfo: onsignalStrengthsChanged: LTE Signal Strength info: rsrp: -82 rsrq: -16 rssi: -51 rssnr: 6
08-04 21:19:15.592 14336 14336 D cellinfo: onsignalStrengthsChanged: 5G-NR Signal Strength info: ssrsrp: -105 ssrsrq: -17 sssinr: 2147483647
08-04 21:19:15.720 14336 14336 D cellinfo: Latitude is 42.3369781
08-04 21:19:15.720 14336 14336 D cellinfo: Longitude is -71.0869117
08-04 21:19:15.720 14336 14336 D cellinfo: Instantaneous GPS information: United States, 780 Columbus Ave, Boston, MA 02120, USA
08-04 21:19:15.720 14336 14336 D cellinfo: getCurrentLocation() result: Location (success): 42.3369781, -71.0869117
08-04 21:19:15.780 14336 14394 D cellinfo: 46 bytes from 54.197.223.49: icmp_seq=788 ttl=38 time=47.4 ms
08-04 21:19:15.790 14336 14336 D cellinfo: onCellInfoChanged: Operator: T-Mobile UpdateTimestamp: 876836740 CellConnectionStatus: 0
08-04 21:19:15.790 14336 14336 D cellinfo: onCellInfoChanged: LTE Cell Bands: [66] Bandwidth: 20000 Cell ID: 122346241 Physical Cell ID: 360 Tracking Area Code: 22005 EARFCN: 66736
08-04 21:19:15.980 14336 14394 D cellinfo: 46 bytes from 54.197.223.49: icmp_seq=789 ttl=38 time=47.2 ms
08-04 21:19:16.179 14336 14394 D cellinfo: 46 bytes from 54.197.223.49: icmp_seq=790 ttl=38 time=44.9 ms
08-04 21:19:16.380 14336 14394 D cellinfo: 46 bytes from 54.197.223.49: icmp_seq=791 ttl=38 time=45.5 ms
08-04 21:19:16.579 14336 14394 D cellinfo: 46 bytes from 54.197.223.49: icmp_seq=792 ttl=38 time=44.2 ms
08-04 21:19:16.778 14336 14394 D cellinfo: 46 bytes from 54.197.223.49: icmp_seq=793 ttl=38 time=42.7 ms
08-04 21:19:16.979 14336 14394 D cellinfo: 46 bytes from 54.197.223.49: icmp_seq=794 ttl=38 time=42.4 ms
08-04 21:19:17.179 14336 14394 D cellinfo: 46 bytes from 54.197.223.49: icmp_seq=795 ttl=38 time=41.2 ms
08-04 21:19:17.385 14336 14394 D cellinfo: 46 bytes from 54.197.223.49: icmp_seq=796 ttl=38 time=46.0 ms
08-04 21:19:17.541 14336 14336 D cellinfo: onsignalStrengthsChanged: LTE Signal Strength info: rsrp: -82 rsrq: -15 rssi: -51 rssnr: 5
08-04 21:19:17.541 14336 14336 D cellinfo: onsignalStrengthsChanged: 5G-NR Signal Strength info: ssrsrp: -105 ssrsrq: -17 sssinr: 2147483647
08-04 21:19:17.580 14336 14394 D cellinfo: 46 bytes from 54.197.223.49: icmp_seq=797 ttl=38 time=40.8 ms
08-04 21:19:17.780 14336 14394 D cellinfo: 46 bytes from 54.197.223.49: icmp_seq=798 ttl=38 time=40.5 ms
08-04 21:19:17.979 14336 14394 D cellinfo: 46 bytes from 54.197.223.49: icmp_seq=799 ttl=38 time=38.5 ms
08-04 21:19:18.180 14336 14394 D cellinfo: 46 bytes from 54.197.223.49: icmp_seq=800 ttl=38 time=38.1 ms
08-04 21:19:18.380 14336 14394 D cellinfo: 46 bytes from 54.197.223.49: icmp_seq=801 ttl=38 time=37.5 ms
08-04 21:19:18.580 14336 14394 D cellinfo: 46 bytes from 54.197.223.49: icmp_seq=802 ttl=38 time=36.8 ms
08-04 21:19:18.594 14336 14336 D cellinfo: onsignalStrengthsChanged: LTE Signal Strength info: rsrp: -82 rsrq: -15 rssi: -51 rssnr: 5
08-04 21:19:18.594 14336 14336 D cellinfo: onsignalStrengthsChanged: 5G-NR Signal Strength info: ssrsrp: -104 ssrsrq: -16 sssinr: 2147483647
08-04 21:19:18.721 14336 14336 D cellinfo: Latitude is 42.336971
08-04 21:19:18.721 14336 14336 D cellinfo: Longitude is -71.086926
08-04 21:19:18.721 14336 14336 D cellinfo: Instantaneous GPS information: United States, 780 Columbus Ave, Boston, MA 02120, USA
08-04 21:19:18.721 14336 14336 D cellinfo: getCurrentLocation() result: Location (success): 42.336971, -71.086926
08-04 21:19:18.765 14336 14336 D cellinfo: onCellInfoChanged: Operator: T-Mobile UpdateTimestamp: 876839716 CellConnectionStatus: 0
08-04 21:19:18.766 14336 14336 D cellinfo: onCellInfoChanged: LTE Cell Bands: [66] Bandwidth: 20000 Cell ID: 122346241 Physical Cell ID: 360 Tracking Area Code: 22005 EARFCN: 66736
08-04 21:19:18.799 14336 14394 D cellinfo: 46 bytes from 54.197.223.49: icmp_seq=803 ttl=38 time=55.1 ms
08-04 21:19:19.000 14336 14394 D cellinfo: 46 bytes from 54.197.223.49: icmp_seq=804 ttl=38 time=56.2 ms
08-04 21:19:19.201 14336 14394 D cellinfo: 46 bytes from 54.197.223.49: icmp_seq=805 ttl=38 time=56.5 ms
08-04 21:19:19.400 14336 14394 D cellinfo: 46 bytes from 54.197.223.49: icmp_seq=806 ttl=38 time=54.4 ms
08-04 21:19:19.599 14336 14394 D cellinfo: 46 bytes from 54.197.223.49: icmp_seq=807 ttl=38 time=52.3 ms
08-04 21:19:19.799 14336 14394 D cellinfo: 46 bytes from 54.197.223.49: icmp_seq=808 ttl=38 time=51.6 ms
08-04 21:19:20.000 14336 14394 D cellinfo: 46 bytes from 54.197.223.49: icmp_seq=809 ttl=38 time=51.3 ms
08-04 21:19:20.204 14336 14394 D cellinfo: 46 bytes from 54.197.223.49: icmp_seq=810 ttl=38 time=55.6 ms
08-04 21:19:20.399 14336 14394 D cellinfo: 46 bytes from 54.197.223.49: icmp_seq=811 ttl=38 time=49.3 ms
08-04 21:19:20.600 14336 14394 D cellinfo: 46 bytes from 54.197.223.49: icmp_seq=812 ttl=38 time=49.7 ms
08-04 21:19:20.799 14336 14394 D cellinfo: 46 bytes from 54.197.223.49: icmp_seq=813 ttl=38 time=46.8 ms
08-04 21:19:20.999 14336 14394 D cellinfo: 46 bytes from 54.197.223.49: icmp_seq=814 ttl=38 time=46.4 ms
08-04 21:19:21.200 14336 14394 D cellinfo: 46 bytes from 54.197.223.49: icmp_seq=815 ttl=38 time=46.0 ms
08-04 21:19:21.403 14336 14394 D cellinfo: 46 bytes from 54.197.223.49: icmp_seq=816 ttl=38 time=48.9 ms
08-04 21:19:21.600 14336 14394 D cellinfo: 46 bytes from 54.197.223.49: icmp_seq=817 ttl=38 time=45.4 ms
08-04 21:19:21.719 14336 14336 D cellinfo: Latitude is 42.3369667
08-04 21:19:21.719 14336 14336 D cellinfo: Longitude is -71.0869588
08-04 21:19:21.719 14336 14336 D cellinfo: Instantaneous GPS information: United States, 780 Columbus Ave, Boston, MA 02120, USA
08-04 21:19:21.719 14336 14336 D cellinfo: getCurrentLocation() result: Location (success): 42.3369667, -71.0869588
