08-04 21:22:51.614  5006  5006 D cellinfo: onCellInfoChanged: Operator: Verizon Wireless UpdateTimestamp: 1083996511 CellConnectionStatus: 1
08-04 21:22:51.614  5006  5006 D cellinfo: onCellInfoChanged: LTE Cell Bands: [66, 2, 48, 48] Bandwidth: 20000 Cell ID: 14529578 Physical Cell ID: 3 Tracking Area Code: 14336 EARFCN: 66536
08-04 21:22:51.637  5006  5093 D cellinfo: 46 bytes from 155.146.11.34: icmp_seq=1849 ttl=56 time=27.1 ms
08-04 21:22:51.840  5006  5093 D cellinfo: 46 bytes from 155.146.11.34: icmp_seq=1850 ttl=56 time=29.5 ms
08-04 21:22:52.040  5006  5093 D cellinfo: 46 bytes from 155.146.11.34: icmp_seq=1851 ttl=56 time=28.9 ms
08-04 21:22:52.257  5006  5093 D cellinfo: 46 bytes from 155.146.11.34: icmp_seq=1852 ttl=56 time=45.6 ms
08-04 21:22:52.440  5006  5093 D cellinfo: 46 bytes from 155.146.11.34: icmp_seq=1853 ttl=56 time=28.2 ms
08-04 21:22:52.661  5006  5093 D cellinfo: 46 bytes from 155.146.11.34: icmp_seq=1854 ttl=56 time=48.0 ms
08-04 21:22:52.839  5006  5093 D cellinfo: 46 bytes from 155.146.11.34: icmp_seq=1855 ttl=56 time=25.1 ms
08-04 21:22:53.058  5006  5093 D cellinfo: 46 bytes from 155.146.11.34: icmp_seq=1856 ttl=56 time=43.0 ms
08-04 21:22:53.270  5006  5093 D cellinfo: 46 bytes from 155.146.11.34: icmp_seq=1857 ttl=56 time=53.4 ms
08-04 21:22:53.450  5006  5093 D cellinfo: 46 bytes from 155.146.11.34: icmp_seq=1858 ttl=56 time=33.7 ms
08-04 21:22:53.650  5006  5093 D cellinfo: 46 bytes from 155.146.11.34: icmp_seq=1859 ttl=56 time=33.5 ms
08-04 21:22:53.852  5006  5093 D cellinfo: 46 bytes from 155.146.11.34: icmp_seq=1860 ttl=56 time=34.1 ms
08-04 21:22:54.077  5006  5093 D cellinfo: 46 bytes from 155.146.11.34: icmp_seq=1861 ttl=56 time=58.0 ms
08-04 21:22:54.271  5006  5093 D cellinfo: 46 bytes from 155.146.11.34: icmp_seq=1862 ttl=56 time=51.1 ms
08-04 21:22:54.467  5006  5093 D cellinfo: 46 bytes from 155.146.11.34: icmp_seq=1863 ttl=56 time=46.7 ms
08-04 21:22:54.568  5006  5006 D cellinfo: Latitude is 42.3338279
08-04 21:22:54.569  5006  5006 D cellinfo: Longitude is -71.0826422
08-04 21:22:54.569  5006  5006 D cellinfo: Instantaneous GPS information: United States, 38 Dewitt Dr, Boston, MA 02120, USA
08-04 21:22:54.569  5006  5006 D cellinfo: getCurrentLocation() result: Location (success): 42.3338279, -71.0826422
08-04 21:22:54.641  5006  5006 D cellinfo: onCellInfoChanged: Operator: Verizon Wireless UpdateTimestamp: 1083999538 CellConnectionStatus: 1
08-04 21:22:54.641  5006  5006 D cellinfo: onCellInfoChanged: LTE Cell Bands: [66] Bandwidth: 20000 Cell ID: 14529578 Physical Cell ID: 3 Tracking Area Code: 14336 EARFCN: 66536
08-04 21:22:54.706  5006  5093 D cellinfo: 46 bytes from 155.146.11.34: icmp_seq=1864 ttl=56 time=85.6 ms
08-04 21:22:54.735  5006  5006 D cellinfo: onServiceStateChanged: Channel Number: 66536 Cell Bandwidths: []
08-04 21:22:54.745  5006  5006 D cellinfo: onsignalStrengthsChanged: LTE Signal Strength info: rsrp: -94 rsrq: -11 rssi: -63 rssnr: -6
08-04 21:22:54.853  5006  5093 D cellinfo: 46 bytes from 155.146.11.34: icmp_seq=1865 ttl=56 time=31.7 ms
08-04 21:22:54.916  5006  5006 D cellinfo: onServiceStateChanged: Channel Number: 66536 Cell Bandwidths: [20000, 15000, 10000]
08-04 21:22:54.931  5006  5006 D cellinfo: onDisplayInfoChanged: NetworkType: LTE OverrideNetworkType: 5G (Sub-6 GHz)
08-04 21:22:55.054  5006  5093 D cellinfo: 46 bytes from 155.146.11.34: icmp_seq=1866 ttl=56 time=32.5 ms
08-04 21:22:55.253  5006  5093 D cellinfo: 46 bytes from 155.146.11.34: icmp_seq=1867 ttl=56 time=30.3 ms
08-04 21:22:55.452  5006  5093 D cellinfo: 46 bytes from 155.146.11.34: icmp_seq=1868 ttl=56 time=28.6 ms
08-04 21:22:55.654  5006  5093 D cellinfo: 46 bytes from 155.146.11.34: icmp_seq=1869 ttl=56 time=28.3 ms
08-04 21:22:55.854  5006  5093 D cellinfo: 46 bytes from 155.146.11.34: icmp_seq=1870 ttl=56 time=28.3 ms
08-04 21:22:56.064  5006  5093 D cellinfo: 46 bytes from 155.146.11.34: icmp_seq=1871 ttl=56 time=37.3 ms
08-04 21:22:56.281  5006  5093 D cellinfo: 46 bytes from 155.146.11.34: icmp_seq=1872 ttl=56 time=53.4 ms
08-04 21:22:56.461  5006  5093 D cellinfo: 46 bytes from 155.146.11.34: icmp_seq=1873 ttl=56 time=33.3 ms
08-04 21:22:56.663  5006  5093 D cellinfo: 46 bytes from 155.146.11.34: icmp_seq=1874 ttl=56 time=34.1 ms
08-04 21:22:56.874  5006  5093 D cellinfo: 46 bytes from 155.146.11.34: icmp_seq=1875 ttl=56 time=44.4 ms
08-04 21:22:57.071  5006  5093 D cellinfo: 46 bytes from 155.146.11.34: icmp_seq=1876 ttl=56 time=39.2 ms
08-04 21:22:57.265  5006  5093 D cellinfo: 46 bytes from 155.146.11.34: icmp_seq=1877 ttl=56 time=33.0 ms
08-04 21:22:57.463  5006  5093 D cellinfo: 46 bytes from 155.146.11.34: icmp_seq=1878 ttl=56 time=31.4 ms
08-04 21:22:57.569  5006  5006 D cellinfo: Latitude is 42.3338288
08-04 21:22:57.569  5006  5006 D cellinfo: Longitude is -71.0826436
08-04 21:22:57.569  5006  5006 D cellinfo: Instantaneous GPS information: United States, 38 Dewitt Dr, Boston, MA 02120, USA
08-04 21:22:57.569  5006  5006 D cellinfo: getCurrentLocation() result: Location (success): 42.3338288, -71.0826436
08-04 21:22:57.624  5006  5006 D cellinfo: onCellInfoChanged: Operator: Verizon Wireless UpdateTimestamp: 1084002525 CellConnectionStatus: 1
08-04 21:22:57.624  5006  5006 D cellinfo: onCellInfoChanged: LTE Cell Bands: [66, 2, 5] Bandwidth: 20000 Cell ID: 14368022 Physical Cell ID: 31 Tracking Area Code: 14336 EARFCN: 66536
08-04 21:22:57.672  5006  5093 D cellinfo: 46 bytes from 155.146.11.34: icmp_seq=1879 ttl=56 time=39.9 ms
08-04 21:22:57.857  5006  5006 D cellinfo: onsignalStrengthsChanged: LTE Signal Strength info: rsrp: -76 rsrq: -7 rssi: -51 rssnr: 15
08-04 21:22:57.871  5006  5093 D cellinfo: 46 bytes from 155.146.11.34: icmp_seq=1880 ttl=56 time=38.5 ms
08-04 21:22:58.081  5006  5093 D cellinfo: 46 bytes from 155.146.11.34: icmp_seq=1881 ttl=56 time=48.3 ms
08-04 21:22:58.264  5006  5093 D cellinfo: 46 bytes from 155.146.11.34: icmp_seq=1882 ttl=56 time=30.1 ms
08-04 21:22:58.473  5006  5093 D cellinfo: 46 bytes from 155.146.11.34: icmp_seq=1883 ttl=56 time=38.3 ms
08-04 21:22:58.664  5006  5093 D cellinfo: 46 bytes from 155.146.11.34: icmp_seq=1884 ttl=56 time=27.6 ms
08-04 21:22:58.880  5006  5093 D cellinfo: 46 bytes from 155.146.11.34: icmp_seq=1885 ttl=56 time=44.0 ms
08-04 21:22:59.083  5006  5093 D cellinfo: 46 bytes from 155.146.11.34: icmp_seq=1886 ttl=56 time=45.8 ms
08-04 21:22:59.266  5006  5093 D cellinfo: 46 bytes from 155.146.11.34: icmp_seq=1887 ttl=56 time=28.0 ms
08-04 21:22:59.500  5006  5093 D cellinfo: 46 bytes from 155.146.11.34: icmp_seq=1888 ttl=56 time=61.8 ms
08-04 21:22:59.675  5006  5093 D cellinfo: 46 bytes from 155.146.11.34: icmp_seq=1889 ttl=56 time=35.2 ms
08-04 21:22:59.884  5006  5093 D cellinfo: 46 bytes from 155.146.11.34: icmp_seq=1890 ttl=56 time=44.6 ms
08-04 21:23:00.075  5006  5093 D cellinfo: 46 bytes from 155.146.11.34: icmp_seq=1891 ttl=56 time=35.3 ms
08-04 21:23:00.282  5006  5093 D cellinfo: 46 bytes from 155.146.11.34: icmp_seq=1892 ttl=56 time=40.7 ms
08-04 21:23:00.492  5006  5093 D cellinfo: 46 bytes from 155.146.11.34: icmp_seq=1893 ttl=56 time=50.2 ms
08-04 21:23:00.567  5006  5006 D cellinfo: Latitude is 42.3338285
08-04 21:23:00.567  5006  5006 D cellinfo: Longitude is -71.0826432
08-04 21:23:00.567  5006  5006 D cellinfo: Instantaneous GPS information: United States, 38 Dewitt Dr, Boston, MA 02120, USA
08-04 21:23:00.567  5006  5006 D cellinfo: getCurrentLocation() result: Location (success): 42.3338285, -71.0826432
08-04 21:23:00.608  5006  5006 D cellinfo: onCellInfoChanged: Operator: Verizon Wireless UpdateTimestamp: 1084005506 CellConnectionStatus: 1
08-04 21:23:00.608  5006  5006 D cellinfo: onCellInfoChanged: LTE Cell Bands: [66, 2, 5] Bandwidth: 20000 Cell ID: 14368022 Physical Cell ID: 31 Tracking Area Code: 14336 EARFCN: 66536
08-04 21:23:00.680  5006  5093 D cellinfo: 46 bytes from 155.146.11.34: icmp_seq=1894 ttl=56 time=37.7 ms
08-04 21:23:00.875  5006  5093 D cellinfo: 46 bytes from 155.146.11.34: icmp_seq=1895 ttl=56 time=31.4 ms
08-04 21:23:01.090  5006  5093 D cellinfo: 46 bytes from 155.146.11.34: icmp_seq=1896 ttl=56 time=46.8 ms
08-04 21:23:01.274  5006  5093 D cellinfo: 46 bytes from 155.146.11.34: icmp_seq=1897 ttl=56 time=29.9 ms
08-04 21:23:01.472  5006  5093 D cellinfo: 46 bytes from 155.146.11.34: icmp_seq=1898 ttl=56 time=27.9 ms
08-04 21:23:01.673  5006  5093 D cellinfo: 46 bytes from 155.146.11.34: icmp_seq=1899 ttl=56 time=28.1 ms
08-04 21:23:01.856  5006  5006 D cellinfo: onsignalStrengthsChanged: LTE Signal Strength info: rsrp: -78 rsrq: -6 rssi: -51 rssnr: 14
08-04 21:23:01.880  5006  5093 D cellinfo: 46 bytes from 155.146.11.34: icmp_seq=1900 ttl=56 time=34.2 ms
08-04 21:23:02.080  5006  5093 D cellinfo: 46 bytes from 155.146.11.34: icmp_seq=1901 ttl=56 time=33.3 ms
08-04 21:23:02.302  5006  5093 D cellinfo: 46 bytes from 155.146.11.34: icmp_seq=1902 ttl=56 time=53.2 ms
08-04 21:23:02.483  5006  5093 D cellinfo: 46 bytes from 155.146.11.34: icmp_seq=1903 ttl=56 time=33.3 ms
08-04 21:23:02.683  5006  5093 D cellinfo: 46 bytes from 155.146.11.34: icmp_seq=1904 ttl=56 time=31.9 ms
08-04 21:23:02.883  5006  5093 D cellinfo: 46 bytes from 155.146.11.34: icmp_seq=1905 ttl=56 time=31.1 ms
08-04 21:23:03.086  5006  5093 D cellinfo: 46 bytes from 155.146.11.34: icmp_seq=1906 ttl=56 time=32.5 ms
08-04 21:23:03.283  5006  5093 D cellinfo: 46 bytes from 155.146.11.34: icmp_seq=1907 ttl=56 time=29.0 ms
08-04 21:23:03.484  5006  5093 D cellinfo: 46 bytes from 155.146.11.34: icmp_seq=1908 ttl=56 time=29.1 ms
08-04 21:23:03.572  5006  5006 D cellinfo: Latitude is 42.3338282
08-04 21:23:03.572  5006  5006 D cellinfo: Longitude is -71.0826429
08-04 21:23:03.572  5006  5006 D cellinfo: Instantaneous GPS information: United States, 38 Dewitt Dr, Boston, MA 02120, USA
08-04 21:23:03.572  5006  5006 D cellinfo: getCurrentLocation() result: Location (success): 42.3338282, -71.0826429
08-04 21:23:03.627  5006  5006 D cellinfo: onCellInfoChanged: Operator: Verizon Wireless UpdateTimestamp: 1084008527 CellConnectionStatus: 1
08-04 21:23:03.627  5006  5006 D cellinfo: onCellInfoChanged: LTE Cell Bands: [66, 2, 5] Bandwidth: 20000 Cell ID: 14368022 Physical Cell ID: 31 Tracking Area Code: 14336 EARFCN: 66536
08-04 21:23:03.694  5006  5093 D cellinfo: 46 bytes from 155.146.11.34: icmp_seq=1909 ttl=56 time=38.8 ms
08-04 21:23:03.893  5006  5093 D cellinfo: 46 bytes from 155.146.11.34: icmp_seq=1910 ttl=56 time=37.7 ms
08-04 21:23:04.084  5006  5093 D cellinfo: 46 bytes from 155.146.11.34: icmp_seq=1911 ttl=56 time=28.1 ms
08-04 21:23:04.284  5006  5093 D cellinfo: 46 bytes from 155.146.11.34: icmp_seq=1912 ttl=56 time=27.3 ms
08-04 21:23:04.468  5006  5006 D cellinfo: onServiceStateChanged: Channel Number: 66536 Cell Bandwidths: [20000, 15000]
08-04 21:23:04.486  5006  5093 D cellinfo: 46 bytes from 155.146.11.34: icmp_seq=1913 ttl=56 time=27.6 ms
08-04 21:23:04.493  5006  5006 D cellinfo: onServiceStateChanged: Channel Number: 66536 Cell Bandwidths: [20000, 15000, 20000, 20000]
08-04 21:23:04.507  5006  5006 D cellinfo: onDisplayInfoChanged: NetworkType: LTE OverrideNetworkType: LTE-CA
08-04 21:23:04.685  5006  5093 D cellinfo: 46 bytes from 155.146.11.34: icmp_seq=1914 ttl=56 time=27.1 ms
08-04 21:23:04.885  5006  5093 D cellinfo: 46 bytes from 155.146.11.34: icmp_seq=1915 ttl=56 time=26.0 ms
08-04 21:23:05.095  5006  5093 D cellinfo: 46 bytes from 155.146.11.34: icmp_seq=1916 ttl=56 time=35.5 ms
08-04 21:23:05.255  5006  5006 D cellinfo: onsignalStrengthsChanged: LTE Signal Strength info: rsrp: -84 rsrq: -7 rssi: -57 rssnr: 9
08-04 21:23:05.294  5006  5093 D cellinfo: 46 bytes from 155.146.11.34: icmp_seq=1917 ttl=56 time=33.2 ms
08-04 21:23:05.494  5006  5093 D cellinfo: 46 bytes from 155.146.11.34: icmp_seq=1918 ttl=56 time=32.1 ms
08-04 21:23:05.695  5006  5093 D cellinfo: 46 bytes from 155.146.11.34: icmp_seq=1919 ttl=56 time=32.1 ms
08-04 21:23:05.896  5006  5093 D cellinfo: 46 bytes from 155.146.11.34: icmp_seq=1920 ttl=56 time=31.3 ms
08-04 21:23:06.095  5006  5093 D cellinfo: 46 bytes from 155.146.11.34: icmp_seq=1921 ttl=56 time=29.9 ms
08-04 21:23:06.294  5006  5093 D cellinfo: 46 bytes from 155.146.11.34: icmp_seq=1922 ttl=56 time=28.8 ms
08-04 21:23:06.495  5006  5093 D cellinfo: 46 bytes from 155.146.11.34: icmp_seq=1923 ttl=56 time=28.3 ms
08-04 21:23:06.568  5006  5006 D cellinfo: Latitude is 42.3338281
08-04 21:23:06.568  5006  5006 D cellinfo: Longitude is -71.0826427
08-04 21:23:06.568  5006  5006 D cellinfo: Instantaneous GPS information: United States, 38 Dewitt Dr, Boston, MA 02120, USA
08-04 21:23:06.568  5006  5006 D cellinfo: getCurrentLocation() result: Location (success): 42.3338281, -71.0826427
08-04 21:23:06.615  5006  5006 D cellinfo: onCellInfoChanged: Operator: Verizon Wireless UpdateTimestamp: 1084011517 CellConnectionStatus: 1
08-04 21:23:06.615  5006  5006 D cellinfo: onCellInfoChanged: LTE Cell Bands: [66, 2, 48, 48] Bandwidth: 20000 Cell ID: 14529578 Physical Cell ID: 3 Tracking Area Code: 14336 EARFCN: 66536
08-04 21:23:06.695  5006  5093 D cellinfo: 46 bytes from 155.146.11.34: icmp_seq=1924 ttl=56 time=27.7 ms
08-04 21:23:06.894  5006  5093 D cellinfo: 46 bytes from 155.146.11.34: icmp_seq=1925 ttl=56 time=26.7 ms
08-04 21:23:07.096  5006  5093 D cellinfo: 46 bytes from 155.146.11.34: icmp_seq=1926 ttl=56 time=27.4 ms
08-04 21:23:07.295  5006  5093 D cellinfo: 46 bytes from 155.146.11.34: icmp_seq=1927 ttl=56 time=26.3 ms
08-04 21:23:07.495  5006  5093 D cellinfo: 46 bytes from 155.146.11.34: icmp_seq=1928 ttl=56 time=24.4 ms
08-04 21:23:07.706  5006  5093 D cellinfo: 46 bytes from 155.146.11.34: icmp_seq=1929 ttl=56 time=34.2 ms
08-04 21:23:07.914  5006  5093 D cellinfo: 46 bytes from 155.146.11.34: icmp_seq=1930 ttl=56 time=43.8 ms
08-04 21:23:08.106  5006  5093 D cellinfo: 46 bytes from 155.146.11.34: icmp_seq=1931 ttl=56 time=34.3 ms
08-04 21:23:08.304  5006  5093 D cellinfo: 46 bytes from 155.146.11.34: icmp_seq=1932 ttl=56 time=32.0 ms
08-04 21:23:08.506  5006  5093 D cellinfo: 46 bytes from 155.146.11.34: icmp_seq=1933 ttl=56 time=32.4 ms
08-04 21:23:08.710  5006  5093 D cellinfo: 46 bytes from 155.146.11.34: icmp_seq=1934 ttl=56 time=36.2 ms
08-04 21:23:08.913  5006  5093 D cellinfo: 46 bytes from 155.146.11.34: icmp_seq=1935 ttl=56 time=38.6 ms
08-04 21:23:09.112  5006  5093 D cellinfo: 46 bytes from 155.146.11.34: icmp_seq=1936 ttl=56 time=37.2 ms
08-04 21:23:09.306  5006  5093 D cellinfo: 46 bytes from 155.146.11.34: icmp_seq=1937 ttl=56 time=29.4 ms
08-04 21:23:09.505  5006  5093 D cellinfo: 46 bytes from 155.146.11.34: icmp_seq=1938 ttl=56 time=26.8 ms
08-04 21:23:09.569  5006  5006 D cellinfo: Latitude is 42.3338281
08-04 21:23:09.569  5006  5006 D cellinfo: Longitude is -71.0826427
08-04 21:23:09.569  5006  5006 D cellinfo: Instantaneous GPS information: United States, 38 Dewitt Dr, Boston, MA 02120, USA
08-04 21:23:09.569  5006  5006 D cellinfo: getCurrentLocation() result: Location (success): 42.3338281, -71.0826427
08-04 21:23:09.625  5006  5006 D cellinfo: onCellInfoChanged: Operator: Verizon Wireless UpdateTimestamp: 1084014527 CellConnectionStatus: 1
08-04 21:23:09.625  5006  5006 D cellinfo: onCellInfoChanged: LTE Cell Bands: [66, 2, 48, 48] Bandwidth: 20000 Cell ID: 14529578 Physical Cell ID: 3 Tracking Area Code: 14336 EARFCN: 66536
08-04 21:23:09.713  5006  5093 D cellinfo: 46 bytes from 155.146.11.34: icmp_seq=1939 ttl=56 time=35.3 ms
08-04 21:23:09.916  5006  5093 D cellinfo: 46 bytes from 155.146.11.34: icmp_seq=1940 ttl=56 time=36.1 ms
08-04 21:23:10.114  5006  5093 D cellinfo: 46 bytes from 155.146.11.34: icmp_seq=1941 ttl=56 time=34.2 ms
08-04 21:23:10.315  5006  5093 D cellinfo: 46 bytes from 155.146.11.34: icmp_seq=1942 ttl=56 time=33.2 ms
08-04 21:23:10.514  5006  5093 D cellinfo: 46 bytes from 155.146.11.34: icmp_seq=1943 ttl=56 time=32.2 ms
08-04 21:23:10.715  5006  5093 D cellinfo: 46 bytes from 155.146.11.34: icmp_seq=1944 ttl=56 time=31.5 ms
08-04 21:23:10.916  5006  5093 D cellinfo: 46 bytes from 155.146.11.34: icmp_seq=1945 ttl=56 time=31.1 ms
08-04 21:23:11.118  5006  5093 D cellinfo: 46 bytes from 155.146.11.34: icmp_seq=1946 ttl=56 time=33.7 ms
08-04 21:23:11.315  5006  5093 D cellinfo: 46 bytes from 155.146.11.34: icmp_seq=1947 ttl=56 time=29.7 ms
08-04 21:23:11.523  5006  5093 D cellinfo: 46 bytes from 155.146.11.34: icmp_seq=1948 ttl=56 time=37.1 ms
08-04 21:23:11.715  5006  5093 D cellinfo: 46 bytes from 155.146.11.34: icmp_seq=1949 ttl=56 time=28.5 ms
08-04 21:23:11.915  5006  5093 D cellinfo: 46 bytes from 155.146.11.34: icmp_seq=1950 ttl=56 time=27.5 ms
08-04 21:23:12.115  5006  5093 D cellinfo: 46 bytes from 155.146.11.34: icmp_seq=1951 ttl=56 time=27.6 ms
08-04 21:23:12.315  5006  5093 D cellinfo: 46 bytes from 155.146.11.34: icmp_seq=1952 ttl=56 time=26.5 ms
08-04 21:23:12.516  5006  5093 D cellinfo: 46 bytes from 155.146.11.34: icmp_seq=1953 ttl=56 time=27.1 ms
08-04 21:23:12.571  5006  5006 D cellinfo: Latitude is 42.3338281
08-04 21:23:12.571  5006  5006 D cellinfo: Longitude is -71.0826427
08-04 21:23:12.571  5006  5006 D cellinfo: Instantaneous GPS information: United States, 38 Dewitt Dr, Boston, MA 02120, USA
08-04 21:23:12.571  5006  5006 D cellinfo: getCurrentLocation() result: Location (success): 42.3338281, -71.0826427
08-04 21:23:12.618  5006  5006 D cellinfo: onCellInfoChanged: Operator: Verizon Wireless UpdateTimestamp: 1084017516 CellConnectionStatus: 1
08-04 21:23:12.618  5006  5006 D cellinfo: onCellInfoChanged: LTE Cell Bands: [66, 2, 48, 48] Bandwidth: 20000 Cell ID: 14529578 Physical Cell ID: 3 Tracking Area Code: 14336 EARFCN: 66536
08-04 21:23:12.714  5006  5093 D cellinfo: 46 bytes from 155.146.11.34: icmp_seq=1954 ttl=56 time=24.8 ms
08-04 21:23:12.933  5006  5093 D cellinfo: 46 bytes from 155.146.11.34: icmp_seq=1955 ttl=56 time=43.2 ms
08-04 21:23:13.125  5006  5093 D cellinfo: 46 bytes from 155.146.11.34: icmp_seq=1956 ttl=56 time=33.6 ms
08-04 21:23:13.255  5006  5006 D cellinfo: onsignalStrengthsChanged: LTE Signal Strength info: rsrp: -81 rsrq: -6 rssi: -55 rssnr: 13
08-04 21:23:13.325  5006  5093 D cellinfo: 46 bytes from 155.146.11.34: icmp_seq=1957 ttl=56 time=33.0 ms
08-04 21:23:13.533  5006  5093 D cellinfo: 46 bytes from 155.146.11.34: icmp_seq=1958 ttl=56 time=40.1 ms
08-04 21:23:13.724  5006  5093 D cellinfo: 46 bytes from 155.146.11.34: icmp_seq=1959 ttl=56 time=31.1 ms
08-04 21:23:13.931  5006  5093 D cellinfo: 46 bytes from 155.146.11.34: icmp_seq=1960 ttl=56 time=37.2 ms
08-04 21:23:14.132  5006  5093 D cellinfo: 46 bytes from 155.146.11.34: icmp_seq=1961 ttl=56 time=37.3 ms
08-04 21:23:14.326  5006  5093 D cellinfo: 46 bytes from 155.146.11.34: icmp_seq=1962 ttl=56 time=29.3 ms
08-04 21:23:14.525  5006  5093 D cellinfo: 46 bytes from 155.146.11.34: icmp_seq=1963 ttl=56 time=27.2 ms
08-04 21:23:14.733  5006  5093 D cellinfo: 46 bytes from 155.146.11.34: icmp_seq=1964 ttl=56 time=34.1 ms
08-04 21:23:14.936  5006  5093 D cellinfo: 46 bytes from 155.146.11.34: icmp_seq=1965 ttl=56 time=36.0 ms
08-04 21:23:15.135  5006  5093 D cellinfo: 46 bytes from 155.146.11.34: icmp_seq=1966 ttl=56 time=33.4 ms
08-04 21:23:15.344  5006  5093 D cellinfo: 46 bytes from 155.146.11.34: icmp_seq=1967 ttl=56 time=40.5 ms
08-04 21:23:15.536  5006  5093 D cellinfo: 46 bytes from 155.146.11.34: icmp_seq=1968 ttl=56 time=32.5 ms
08-04 21:23:15.573  5006  5006 D cellinfo: Latitude is 42.3338281
08-04 21:23:15.573  5006  5006 D cellinfo: Longitude is -71.0826427
08-04 21:23:15.573  5006  5006 D cellinfo: Instantaneous GPS information: United States, 38 Dewitt Dr, Boston, MA 02120, USA
08-04 21:23:15.573  5006  5006 D cellinfo: getCurrentLocation() result: Location (success): 42.3338281, -71.0826427
08-04 21:23:15.621  5006  5006 D cellinfo: onCellInfoChanged: Operator: Verizon Wireless UpdateTimestamp: 1084020523 CellConnectionStatus: 1
08-04 21:23:15.621  5006  5006 D cellinfo: onCellInfoChanged: LTE Cell Bands: [66, 2, 48, 48] Bandwidth: 20000 Cell ID: 14529578 Physical Cell ID: 3 Tracking Area Code: 14336 EARFCN: 66536
08-04 21:23:15.735  5006  5093 D cellinfo: 46 bytes from 155.146.11.34: icmp_seq=1969 ttl=56 time=31.7 ms
08-04 21:23:15.943  5006  5093 D cellinfo: 46 bytes from 155.146.11.34: icmp_seq=1970 ttl=56 time=39.4 ms
08-04 21:23:16.136  5006  5093 D cellinfo: 46 bytes from 155.146.11.34: icmp_seq=1971 ttl=56 time=30.3 ms
08-04 21:23:16.334  5006  5093 D cellinfo: 46 bytes from 155.146.11.34: icmp_seq=1972 ttl=56 time=28.1 ms
08-04 21:23:16.543  5006  5093 D cellinfo: 46 bytes from 155.146.11.34: icmp_seq=1973 ttl=56 time=35.9 ms
08-04 21:23:16.735  5006  5093 D cellinfo: 46 bytes from 155.146.11.34: icmp_seq=1974 ttl=56 time=26.7 ms
08-04 21:23:16.936  5006  5093 D cellinfo: 46 bytes from 155.146.11.34: icmp_seq=1975 ttl=56 time=27.3 ms
08-04 21:23:17.144  5006  5093 D cellinfo: 46 bytes from 155.146.11.34: icmp_seq=1976 ttl=56 time=34.1 ms
08-04 21:23:17.258  5006  5006 D cellinfo: onsignalStrengthsChanged: LTE Signal Strength info: rsrp: -84 rsrq: -9 rssi: -55 rssnr: 6
08-04 21:23:17.353  5006  5093 D cellinfo: 46 bytes from 155.146.11.34: icmp_seq=1977 ttl=56 time=42.2 ms
08-04 21:23:17.546  5006  5093 D cellinfo: 46 bytes from 155.146.11.34: icmp_seq=1978 ttl=56 time=33.8 ms
08-04 21:23:17.745  5006  5093 D cellinfo: 46 bytes from 155.146.11.34: icmp_seq=1979 ttl=56 time=32.0 ms
08-04 21:23:17.944  5006  5093 D cellinfo: 46 bytes from 155.146.11.34: icmp_seq=1980 ttl=56 time=31.3 ms
08-04 21:23:18.135  5006  5093 D cellinfo: 46 bytes from 155.146.11.34: icmp_seq=1981 ttl=56 time=21.3 ms
08-04 21:23:18.355  5006  5093 D cellinfo: 46 bytes from 155.146.11.34: icmp_seq=1982 ttl=56 time=39.4 ms
08-04 21:23:18.546  5006  5093 D cellinfo: 46 bytes from 155.146.11.34: icmp_seq=1983 ttl=56 time=29.1 ms
08-04 21:23:18.579  5006  5006 D cellinfo: Latitude is 42.3338281
08-04 21:23:18.579  5006  5006 D cellinfo: Longitude is -71.0826427
08-04 21:23:18.579  5006  5006 D cellinfo: Instantaneous GPS information: United States, 38 Dewitt Dr, Boston, MA 02120, USA
08-04 21:23:18.579  5006  5006 D cellinfo: getCurrentLocation() result: Location (success): 42.3338281, -71.0826427
08-04 21:23:18.619  5006  5006 D cellinfo: onCellInfoChanged: Operator: Verizon Wireless UpdateTimestamp: 1084023520 CellConnectionStatus: 1
08-04 21:23:18.619  5006  5006 D cellinfo: onCellInfoChanged: LTE Cell Bands: [66, 2, 48, 48] Bandwidth: 20000 Cell ID: 14529578 Physical Cell ID: 3 Tracking Area Code: 14336 EARFCN: 66536
08-04 21:23:18.745  5006  5093 D cellinfo: 46 bytes from 155.146.11.34: icmp_seq=1984 ttl=56 time=27.1 ms
08-04 21:23:18.946  5006  5093 D cellinfo: 46 bytes from 155.146.11.34: icmp_seq=1985 ttl=56 time=27.0 ms
08-04 21:23:19.155  5006  5093 D cellinfo: 46 bytes from 155.146.11.34: icmp_seq=1986 ttl=56 time=35.4 ms
08-04 21:23:19.355  5006  5093 D cellinfo: 46 bytes from 155.146.11.34: icmp_seq=1987 ttl=56 time=34.0 ms
08-04 21:23:19.555  5006  5093 D cellinfo: 46 bytes from 155.146.11.34: icmp_seq=1988 ttl=56 time=33.2 ms
08-04 21:23:19.755  5006  5093 D cellinfo: 46 bytes from 155.146.11.34: icmp_seq=1989 ttl=56 time=32.4 ms
08-04 21:23:19.955  5006  5093 D cellinfo: 46 bytes from 155.146.11.34: icmp_seq=1990 ttl=56 time=31.9 ms
08-04 21:23:20.155  5006  5093 D cellinfo: 46 bytes from 155.146.11.34: icmp_seq=1991 ttl=56 time=30.9 ms
08-04 21:23:20.355  5006  5093 D cellinfo: 46 bytes from 155.146.11.34: icmp_seq=1992 ttl=56 time=29.8 ms
08-04 21:23:20.555  5006  5093 D cellinfo: 46 bytes from 155.146.11.34: icmp_seq=1993 ttl=56 time=28.8 ms
08-04 21:23:20.754  5006  5093 D cellinfo: 46 bytes from 155.146.11.34: icmp_seq=1994 ttl=56 time=27.2 ms
08-04 21:23:20.955  5006  5093 D cellinfo: 46 bytes from 155.146.11.34: icmp_seq=1995 ttl=56 time=27.3 ms
08-04 21:23:21.155  5006  5093 D cellinfo: 46 bytes from 155.146.11.34: icmp_seq=1996 ttl=56 time=26.9 ms
08-04 21:23:21.355  5006  5093 D cellinfo: 46 bytes from 155.146.11.34: icmp_seq=1997 ttl=56 time=25.9 ms
08-04 21:23:21.555  5006  5093 D cellinfo: 46 bytes from 155.146.11.34: icmp_seq=1998 ttl=56 time=25.2 ms
08-04 21:23:21.578  5006  5006 D cellinfo: Latitude is 42.3338281
08-04 21:23:21.578  5006  5006 D cellinfo: Longitude is -71.0826427
08-04 21:23:21.578  5006  5006 D cellinfo: Instantaneous GPS information: United States, 38 Dewitt Dr, Boston, MA 02120, USA
08-04 21:23:21.578  5006  5006 D cellinfo: getCurrentLocation() result: Location (success): 42.3338281, -71.0826427
08-04 21:23:21.623  5006  5006 D cellinfo: onCellInfoChanged: Operator: Verizon Wireless UpdateTimestamp: 1084026524 CellConnectionStatus: 1
08-04 21:23:21.623  5006  5006 D cellinfo: onCellInfoChanged: LTE Cell Bands: [66, 2, 48, 48] Bandwidth: 20000 Cell ID: 14529578 Physical Cell ID: 3 Tracking Area Code: 14336 EARFCN: 66536
08-04 21:23:21.766  5006  5093 D cellinfo: 46 bytes from 155.146.11.34: icmp_seq=1999 ttl=56 time=36.3 ms
08-04 21:23:21.965  5006  5093 D cellinfo: 46 bytes from 155.146.11.34: icmp_seq=2000 ttl=56 time=33.9 ms
08-04 21:23:22.263  5006  5006 D cellinfo: onsignalStrengthsChanged: LTE Signal Strength info: rsrp: -86 rsrq: -7 rssi: -59 rssnr: 8
08-04 21:23:22.735  5006  5093 D cellinfo: 
08-04 21:23:22.739  5006  5093 D cellinfo: --- 155.146.11.34 ping statistics ---
08-04 21:23:22.739  5006  5093 D cellinfo: 2000 packets transmitted, 1999 received, +2 duplicates, 0% packet loss, time 401340ms
08-04 21:23:22.739  5006  5093 D cellinfo: rtt min/avg/max/mdev = 14.135/40.709/402.175/17.506 ms, pipe 2
08-04 21:23:22.743  5006  5093 D cellinfo: Ping logging stopped
08-04 21:23:22.744  5006  5093 D cellinfo: Average latency is 41 ms
08-04 21:23:22.776  5006  5093 D cellinfo: All Process Stopped
08-04 21:23:22.776  5006  5093 D cellinfo: All Process Stopped
08-04 21:23:22.776  5006  5093 I cellinfo: debug
08-04 21:23:22.776  5006  5006 D cellinfo: false
08-04 21:23:22.776  5006  5006 D cellinfo: post ex LongOperation
08-04 21:23:24.571  5006  5006 D cellinfo: Latitude is 42.3338281
08-04 21:23:24.571  5006  5006 D cellinfo: Longitude is -71.0826427
08-04 21:23:24.571  5006  5006 D cellinfo: Instantaneous GPS information: United States, 38 Dewitt Dr, Boston, MA 02120, USA
08-04 21:23:24.571  5006  5006 D cellinfo: getCurrentLocation() result: Location (success): 42.3338281, -71.0826427
08-04 21:23:27.571  5006  5006 D cellinfo: Latitude is 42.3338281
08-04 21:23:27.571  5006  5006 D cellinfo: Longitude is -71.0826427
08-04 21:23:27.571  5006  5006 D cellinfo: Instantaneous GPS information: United States, 38 Dewitt Dr, Boston, MA 02120, USA
08-04 21:23:27.571  5006  5006 D cellinfo: getCurrentLocation() result: Location (success): 42.3338281, -71.0826427
08-04 21:23:30.567  5006  5006 D cellinfo: Latitude is 42.3338281
08-04 21:23:30.567  5006  5006 D cellinfo: Longitude is -71.0826427
08-04 21:23:30.567  5006  5006 D cellinfo: Instantaneous GPS information: United States, 38 Dewitt Dr, Boston, MA 02120, USA
08-04 21:23:30.567  5006  5006 D cellinfo: getCurrentLocation() result: Location (success): 42.3338281, -71.0826427
08-04 21:23:33.574  5006  5006 D cellinfo: Latitude is 42.3338281
08-04 21:23:33.574  5006  5006 D cellinfo: Longitude is -71.0826427
08-04 21:23:33.574  5006  5006 D cellinfo: Instantaneous GPS information: United States, 38 Dewitt Dr, Boston, MA 02120, USA
08-04 21:23:33.574  5006  5006 D cellinfo: getCurrentLocation() result: Location (success): 42.3338281, -71.0826427
08-04 21:23:36.567  5006  5006 D cellinfo: Latitude is 42.3338281
08-04 21:23:36.567  5006  5006 D cellinfo: Longitude is -71.0826427
08-04 21:23:36.567  5006  5006 D cellinfo: Instantaneous GPS information: United States, 38 Dewitt Dr, Boston, MA 02120, USA
08-04 21:23:36.567  5006  5006 D cellinfo: getCurrentLocation() result: Location (success): 42.3338281, -71.0826427
08-04 21:23:39.570  5006  5006 D cellinfo: Latitude is 42.3338281
08-04 21:23:39.570  5006  5006 D cellinfo: Longitude is -71.0826427
08-04 21:23:39.570  5006  5006 D cellinfo: Instantaneous GPS information: United States, 38 Dewitt Dr, Boston, MA 02120, USA
08-04 21:23:39.570  5006  5006 D cellinfo: getCurrentLocation() result: Location (success): 42.3338281, -71.0826427
08-04 21:23:42.567  5006  5006 D cellinfo: Latitude is 42.3338281
08-04 21:23:42.567  5006  5006 D cellinfo: Longitude is -71.0826427
08-04 21:23:42.567  5006  5006 D cellinfo: Instantaneous GPS information: United States, 38 Dewitt Dr, Boston, MA 02120, USA
08-04 21:23:42.567  5006  5006 D cellinfo: getCurrentLocation() result: Location (success): 42.3338281, -71.0826427
08-04 21:23:45.571  5006  5006 D cellinfo: Latitude is 42.3338281
08-04 21:23:45.571  5006  5006 D cellinfo: Longitude is -71.0826427
08-04 21:23:45.571  5006  5006 D cellinfo: Instantaneous GPS information: United States, 38 Dewitt Dr, Boston, MA 02120, USA
08-04 21:23:45.571  5006  5006 D cellinfo: getCurrentLocation() result: Location (success): 42.3338281, -71.0826427
08-04 21:23:48.576  5006  5006 D cellinfo: Latitude is 42.3338281
08-04 21:23:48.576  5006  5006 D cellinfo: Longitude is -71.0826427
08-04 21:23:48.576  5006  5006 D cellinfo: Instantaneous GPS information: United States, 38 Dewitt Dr, Boston, MA 02120, USA
08-04 21:23:48.576  5006  5006 D cellinfo: getCurrentLocation() result: Location (success): 42.3338281, -71.0826427
08-04 21:23:53.175  5006  5006 D cellinfo: Latitude is 42.3314174
08-04 21:23:53.175  5006  5006 D cellinfo: Longitude is -71.0776199
08-04 21:23:53.175  5006  5006 D cellinfo: Instantaneous GPS information: United States, 980 Harrison Ave, Boston, MA 02119, USA
08-04 21:23:53.175  5006  5006 D cellinfo: getCurrentLocation() result: Location (success): 42.3314174, -71.0776199
08-04 21:23:54.581  5006  5006 D cellinfo: Latitude is 42.3314174
08-04 21:23:54.581  5006  5006 D cellinfo: Longitude is -71.0776199
08-04 21:23:54.581  5006  5006 D cellinfo: Instantaneous GPS information: United States, 980 Harrison Ave, Boston, MA 02119, USA
08-04 21:23:54.581  5006  5006 D cellinfo: getCurrentLocation() result: Location (success): 42.3314174, -71.0776199
08-04 21:23:57.932  5006  5006 D cellinfo: Latitude is 42.3313898
08-04 21:23:57.933  5006  5006 D cellinfo: Longitude is -71.0775283
08-04 21:23:57.933  5006  5006 D cellinfo: Instantaneous GPS information: United States, 980 Harrison Ave, Boston, MA 02119, USA
08-04 21:23:57.933  5006  5006 D cellinfo: getCurrentLocation() result: Location (success): 42.3313898, -71.0775283
08-04 21:24:00.926  5006  5006 D cellinfo: Latitude is 42.3313979
08-04 21:24:00.926  5006  5006 D cellinfo: Longitude is -71.0775553
08-04 21:24:00.926  5006  5006 D cellinfo: Instantaneous GPS information: United States, 980 Harrison Ave, Boston, MA 02119, USA
08-04 21:24:00.926  5006  5006 D cellinfo: getCurrentLocation() result: Location (success): 42.3313979, -71.0775553
08-04 21:24:03.571  5006  5006 D cellinfo: Latitude is 42.3314102
08-04 21:24:03.571  5006  5006 D cellinfo: Longitude is -71.0775964
08-04 21:24:03.571  5006  5006 D cellinfo: Instantaneous GPS information: United States, 980 Harrison Ave, Boston, MA 02119, USA
08-04 21:24:03.571  5006  5006 D cellinfo: getCurrentLocation() result: Location (success): 42.3314102, -71.0775964
08-04 21:24:06.574  5006  5006 D cellinfo: Latitude is 42.3314133
08-04 21:24:06.574  5006  5006 D cellinfo: Longitude is -71.0776066
08-04 21:24:06.574  5006  5006 D cellinfo: Instantaneous GPS information: United States, 980 Harrison Ave, Boston, MA 02119, USA
08-04 21:24:06.574  5006  5006 D cellinfo: getCurrentLocation() result: Location (success): 42.3314133, -71.0776066
08-04 21:24:09.573  5006  5006 D cellinfo: Latitude is 42.3314132
08-04 21:24:09.574  5006  5006 D cellinfo: Longitude is -71.0776064
08-04 21:24:09.574  5006  5006 D cellinfo: Instantaneous GPS information: United States, 980 Harrison Ave, Boston, MA 02119, USA
08-04 21:24:09.574  5006  5006 D cellinfo: getCurrentLocation() result: Location (success): 42.3314132, -71.0776064
08-04 21:24:12.580  5006  5006 D cellinfo: Latitude is 42.3314127
08-04 21:24:12.580  5006  5006 D cellinfo: Longitude is -71.0776047
08-04 21:24:12.580  5006  5006 D cellinfo: Instantaneous GPS information: United States, 980 Harrison Ave, Boston, MA 02119, USA
08-04 21:24:12.580  5006  5006 D cellinfo: getCurrentLocation() result: Location (success): 42.3314127, -71.0776047
08-04 21:24:15.598  5006  5006 D cellinfo: Latitude is 42.3314124
08-04 21:24:15.598  5006  5006 D cellinfo: Longitude is -71.0776039
08-04 21:24:15.598  5006  5006 D cellinfo: Instantaneous GPS information: United States, 980 Harrison Ave, Boston, MA 02119, USA
08-04 21:24:15.598  5006  5006 D cellinfo: getCurrentLocation() result: Location (success): 42.3314124, -71.0776039
08-04 21:24:18.578  5006  5006 D cellinfo: Latitude is 42.3314124
08-04 21:24:18.578  5006  5006 D cellinfo: Longitude is -71.0776036
08-04 21:24:18.578  5006  5006 D cellinfo: Instantaneous GPS information: United States, 980 Harrison Ave, Boston, MA 02119, USA
08-04 21:24:18.578  5006  5006 D cellinfo: getCurrentLocation() result: Location (success): 42.3314124, -71.0776036
08-04 21:24:21.577  5006  5006 D cellinfo: Latitude is 42.3314124
08-04 21:24:21.577  5006  5006 D cellinfo: Longitude is -71.0776036
08-04 21:24:21.577  5006  5006 D cellinfo: Instantaneous GPS information: United States, 980 Harrison Ave, Boston, MA 02119, USA
08-04 21:24:21.577  5006  5006 D cellinfo: getCurrentLocation() result: Location (success): 42.3314124, -71.0776036
08-04 21:24:24.577  5006  5006 D cellinfo: Latitude is 42.3314124
08-04 21:24:24.577  5006  5006 D cellinfo: Longitude is -71.0776036
08-04 21:24:24.577  5006  5006 D cellinfo: Instantaneous GPS information: United States, 980 Harrison Ave, Boston, MA 02119, USA
08-04 21:24:24.577  5006  5006 D cellinfo: getCurrentLocation() result: Location (success): 42.3314124, -71.0776036
08-04 21:24:27.579  5006  5006 D cellinfo: Latitude is 42.3314124
08-04 21:24:27.579  5006  5006 D cellinfo: Longitude is -71.0776037
08-04 21:24:27.579  5006  5006 D cellinfo: Instantaneous GPS information: United States, 980 Harrison Ave, Boston, MA 02119, USA
08-04 21:24:27.579  5006  5006 D cellinfo: getCurrentLocation() result: Location (success): 42.3314124, -71.0776037
08-04 21:24:30.565  5006  5006 D cellinfo: Latitude is 42.3314124
08-04 21:24:30.566  5006  5006 D cellinfo: Longitude is -71.0776037
08-04 21:24:30.566  5006  5006 D cellinfo: Instantaneous GPS information: United States, 980 Harrison Ave, Boston, MA 02119, USA
08-04 21:24:30.566  5006  5006 D cellinfo: getCurrentLocation() result: Location (success): 42.3314124, -71.0776037
08-04 21:24:33.574  5006  5006 D cellinfo: Latitude is 42.3314124
08-04 21:24:33.575  5006  5006 D cellinfo: Longitude is -71.0776037
08-04 21:24:33.575  5006  5006 D cellinfo: Instantaneous GPS information: United States, 980 Harrison Ave, Boston, MA 02119, USA
08-04 21:24:33.575  5006  5006 D cellinfo: getCurrentLocation() result: Location (success): 42.3314124, -71.0776037
08-04 21:24:36.572  5006  5006 D cellinfo: Latitude is 42.3314124
08-04 21:24:36.572  5006  5006 D cellinfo: Longitude is -71.0776037
08-04 21:24:36.572  5006  5006 D cellinfo: Instantaneous GPS information: United States, 980 Harrison Ave, Boston, MA 02119, USA
08-04 21:24:36.572  5006  5006 D cellinfo: getCurrentLocation() result: Location (success): 42.3314124, -71.0776037
08-04 21:24:39.566  5006  5006 D cellinfo: Latitude is 42.3314124
08-04 21:24:39.566  5006  5006 D cellinfo: Longitude is -71.0776037
08-04 21:24:39.566  5006  5006 D cellinfo: Instantaneous GPS information: United States, 980 Harrison Ave, Boston, MA 02119, USA
08-04 21:24:39.566  5006  5006 D cellinfo: getCurrentLocation() result: Location (success): 42.3314124, -71.0776037
08-04 21:24:42.566  5006  5006 D cellinfo: Latitude is 42.3314124
08-04 21:24:42.566  5006  5006 D cellinfo: Longitude is -71.0776037
08-04 21:24:42.566  5006  5006 D cellinfo: Instantaneous GPS information: United States, 980 Harrison Ave, Boston, MA 02119, USA
08-04 21:24:42.566  5006  5006 D cellinfo: getCurrentLocation() result: Location (success): 42.3314124, -71.0776037
08-04 21:24:45.565  5006  5006 D cellinfo: Latitude is 42.3314124
08-04 21:24:45.565  5006  5006 D cellinfo: Longitude is -71.0776037
08-04 21:24:45.565  5006  5006 D cellinfo: Instantaneous GPS information: United States, 980 Harrison Ave, Boston, MA 02119, USA
08-04 21:24:45.566  5006  5006 D cellinfo: getCurrentLocation() result: Location (success): 42.3314124, -71.0776037
08-04 21:24:48.571  5006  5006 D cellinfo: Latitude is 42.3314124
08-04 21:24:48.571  5006  5006 D cellinfo: Longitude is -71.0776037
08-04 21:24:48.571  5006  5006 D cellinfo: Instantaneous GPS information: United States, 980 Harrison Ave, Boston, MA 02119, USA
08-04 21:24:48.571  5006  5006 D cellinfo: getCurrentLocation() result: Location (success): 42.3314124, -71.0776037
08-04 21:24:51.568  5006  5006 D cellinfo: Latitude is 42.3314124
08-04 21:24:51.568  5006  5006 D cellinfo: Longitude is -71.0776037
08-04 21:24:51.568  5006  5006 D cellinfo: Instantaneous GPS information: United States, 980 Harrison Ave, Boston, MA 02119, USA
08-04 21:24:51.568  5006  5006 D cellinfo: getCurrentLocation() result: Location (success): 42.3314124, -71.0776037
08-04 21:24:54.570  5006  5006 D cellinfo: Latitude is 42.3314124
08-04 21:24:54.570  5006  5006 D cellinfo: Longitude is -71.0776037
08-04 21:24:54.570  5006  5006 D cellinfo: Instantaneous GPS information: United States, 980 Harrison Ave, Boston, MA 02119, USA
08-04 21:24:54.570  5006  5006 D cellinfo: getCurrentLocation() result: Location (success): 42.3314124, -71.0776037
08-04 21:24:57.579  5006  5006 D cellinfo: Latitude is 42.3314124
08-04 21:24:57.579  5006  5006 D cellinfo: Longitude is -71.0776037
08-04 21:24:57.579  5006  5006 D cellinfo: Instantaneous GPS information: United States, 980 Harrison Ave, Boston, MA 02119, USA
08-04 21:24:57.579  5006  5006 D cellinfo: getCurrentLocation() result: Location (success): 42.3314124, -71.0776037
08-04 21:25:02.116  5006  5006 D cellinfo: Latitude is 42.3316478
08-04 21:25:02.116  5006  5006 D cellinfo: Longitude is -71.073628
08-04 21:25:02.116  5006  5006 D cellinfo: Instantaneous GPS information: United States, 15 Melnea Cass Bike Path, Boston, MA 02118, USA
08-04 21:25:02.116  5006  5006 D cellinfo: getCurrentLocation() result: Location (success): 42.3316478, -71.073628
08-04 21:25:03.570  5006  5006 D cellinfo: Latitude is 42.3316478
08-04 21:25:03.570  5006  5006 D cellinfo: Longitude is -71.073628
08-04 21:25:03.570  5006  5006 D cellinfo: Instantaneous GPS information: United States, 15 Melnea Cass Bike Path, Boston, MA 02118, USA
08-04 21:25:03.570  5006  5006 D cellinfo: getCurrentLocation() result: Location (success): 42.3316478, -71.073628
08-04 21:25:06.870  5006  5006 D cellinfo: Latitude is 42.3316812
08-04 21:25:06.870  5006  5006 D cellinfo: Longitude is -71.0735569
08-04 21:25:06.870  5006  5006 D cellinfo: Instantaneous GPS information: United States, 15 Melnea Cass Bike Path, Boston, MA 02118, USA
08-04 21:25:06.870  5006  5006 D cellinfo: getCurrentLocation() result: Location (success): 42.3316812, -71.0735569
08-04 21:25:09.571  5006  5006 D cellinfo: Latitude is 42.331668
08-04 21:25:09.571  5006  5006 D cellinfo: Longitude is -71.0735855
08-04 21:25:09.571  5006  5006 D cellinfo: Instantaneous GPS information: United States, 15 Melnea Cass Bike Path, Boston, MA 02118, USA
08-04 21:25:09.571  5006  5006 D cellinfo: getCurrentLocation() result: Location (success): 42.331668, -71.0735855
08-04 21:25:12.584  5006  5006 D cellinfo: Latitude is 42.3316545
08-04 21:25:12.584  5006  5006 D cellinfo: Longitude is -71.0736146
08-04 21:25:12.584  5006  5006 D cellinfo: Instantaneous GPS information: United States, 15 Melnea Cass Bike Path, Boston, MA 02118, USA
08-04 21:25:12.584  5006  5006 D cellinfo: getCurrentLocation() result: Location (success): 42.3316545, -71.0736146
08-04 21:25:15.573  5006  5006 D cellinfo: Latitude is 42.3316514
08-04 21:25:15.573  5006  5006 D cellinfo: Longitude is -71.0736212
08-04 21:25:15.573  5006  5006 D cellinfo: Instantaneous GPS information: United States, 15 Melnea Cass Bike Path, Boston, MA 02118, USA
08-04 21:25:15.573  5006  5006 D cellinfo: getCurrentLocation() result: Location (success): 42.3316514, -71.0736212
08-04 21:25:18.580  5006  5006 D cellinfo: Latitude is 42.3316516
08-04 21:25:18.580  5006  5006 D cellinfo: Longitude is -71.0736208
08-04 21:25:18.580  5006  5006 D cellinfo: Instantaneous GPS information: United States, 15 Melnea Cass Bike Path, Boston, MA 02118, USA
08-04 21:25:18.580  5006  5006 D cellinfo: getCurrentLocation() result: Location (success): 42.3316516, -71.0736208
08-04 21:25:21.570  5006  5006 D cellinfo: Latitude is 42.3316521
08-04 21:25:21.570  5006  5006 D cellinfo: Longitude is -71.0736197
08-04 21:25:21.570  5006  5006 D cellinfo: Instantaneous GPS information: United States, 15 Melnea Cass Bike Path, Boston, MA 02118, USA
08-04 21:25:21.570  5006  5006 D cellinfo: getCurrentLocation() result: Location (success): 42.3316521, -71.0736197
08-04 21:25:26.135  5006  5006 D cellinfo: Latitude is 42.3321265
08-04 21:25:26.135  5006  5006 D cellinfo: Longitude is -71.0727542
08-04 21:25:26.135  5006  5006 D cellinfo: Instantaneous GPS information: United States, 11 Gerard St, Boston, MA 02119, USA
08-04 21:25:26.135  5006  5006 D cellinfo: getCurrentLocation() result: Location (success): 42.3321265, -71.0727542
08-04 21:25:27.572  5006  5006 D cellinfo: Latitude is 42.3321265
08-04 21:25:27.572  5006  5006 D cellinfo: Longitude is -71.0727542
08-04 21:25:27.572  5006  5006 D cellinfo: Instantaneous GPS information: United States, 11 Gerard St, Boston, MA 02119, USA
08-04 21:25:27.572  5006  5006 D cellinfo: getCurrentLocation() result: Location (success): 42.3321265, -71.0727542
08-04 21:25:30.568  5006  5006 D cellinfo: Latitude is 42.3321265
08-04 21:25:30.568  5006  5006 D cellinfo: Longitude is -71.0727542
08-04 21:25:30.568  5006  5006 D cellinfo: Instantaneous GPS information: United States, 11 Gerard St, Boston, MA 02119, USA
08-04 21:25:30.568  5006  5006 D cellinfo: getCurrentLocation() result: Location (success): 42.3321265, -71.0727542
08-04 21:25:33.574  5006  5006 D cellinfo: Latitude is 42.3321265
08-04 21:25:33.575  5006  5006 D cellinfo: Longitude is -71.0727542
08-04 21:25:33.575  5006  5006 D cellinfo: Instantaneous GPS information: United States, 11 Gerard St, Boston, MA 02119, USA
08-04 21:25:33.575  5006  5006 D cellinfo: getCurrentLocation() result: Location (success): 42.3321265, -71.0727542
08-04 21:25:36.567  5006  5006 D cellinfo: Latitude is 42.3321266
08-04 21:25:36.567  5006  5006 D cellinfo: Longitude is -71.0727542
08-04 21:25:36.567  5006  5006 D cellinfo: Instantaneous GPS information: United States, 11 Gerard St, Boston, MA 02119, USA
08-04 21:25:36.567  5006  5006 D cellinfo: getCurrentLocation() result: Location (success): 42.3321266, -71.0727542
08-04 21:25:40.751  5006  5006 D cellinfo: Latitude is 42.3321475
08-04 21:25:40.751  5006  5006 D cellinfo: Longitude is -71.0727476
08-04 21:25:40.751  5006  5006 D cellinfo: Instantaneous GPS information: United States, 11 Gerard St, Boston, MA 02119, USA
08-04 21:25:40.751  5006  5006 D cellinfo: getCurrentLocation() result: Location (success): 42.3321475, -71.0727476
08-04 21:25:42.575  5006  5006 D cellinfo: Latitude is 42.3321475
08-04 21:25:42.575  5006  5006 D cellinfo: Longitude is -71.0727476
08-04 21:25:42.575  5006  5006 D cellinfo: Instantaneous GPS information: United States, 11 Gerard St, Boston, MA 02119, USA
08-04 21:25:42.575  5006  5006 D cellinfo: getCurrentLocation() result: Location (success): 42.3321475, -71.0727476
08-04 21:25:45.571  5006  5006 D cellinfo: Latitude is 42.3321475
08-04 21:25:45.571  5006  5006 D cellinfo: Longitude is -71.0727476
08-04 21:25:45.571  5006  5006 D cellinfo: Instantaneous GPS information: United States, 11 Gerard St, Boston, MA 02119, USA
08-04 21:25:45.571  5006  5006 D cellinfo: getCurrentLocation() result: Location (success): 42.3321475, -71.0727476
08-04 21:25:48.567  5006  5006 D cellinfo: Latitude is 42.3321475
08-04 21:25:48.567  5006  5006 D cellinfo: Longitude is -71.0727476
08-04 21:25:48.567  5006  5006 D cellinfo: Instantaneous GPS information: United States, 11 Gerard St, Boston, MA 02119, USA
08-04 21:25:48.567  5006  5006 D cellinfo: getCurrentLocation() result: Location (success): 42.3321475, -71.0727476
08-04 21:25:51.570  5006  5006 D cellinfo: Latitude is 42.3321475
08-04 21:25:51.571  5006  5006 D cellinfo: Longitude is -71.0727476
08-04 21:25:51.571  5006  5006 D cellinfo: Instantaneous GPS information: United States, 11 Gerard St, Boston, MA 02119, USA
08-04 21:25:51.571  5006  5006 D cellinfo: getCurrentLocation() result: Location (success): 42.3321475, -71.0727476
08-04 21:25:55.804  5006  5006 D cellinfo: Latitude is 42.3321449
08-04 21:25:55.804  5006  5006 D cellinfo: Longitude is -71.0727471
08-04 21:25:55.804  5006  5006 D cellinfo: Instantaneous GPS information: United States, 11 Gerard St, Boston, MA 02119, USA
08-04 21:25:55.804  5006  5006 D cellinfo: getCurrentLocation() result: Location (success): 42.3321449, -71.0727471
08-04 21:25:57.577  5006  5006 D cellinfo: Latitude is 42.3321449
08-04 21:25:57.577  5006  5006 D cellinfo: Longitude is -71.0727471
08-04 21:25:57.577  5006  5006 D cellinfo: Instantaneous GPS information: United States, 11 Gerard St, Boston, MA 02119, USA
08-04 21:25:57.577  5006  5006 D cellinfo: getCurrentLocation() result: Location (success): 42.3321449, -71.0727471
08-04 21:26:00.572  5006  5006 D cellinfo: Latitude is 42.332145
08-04 21:26:00.572  5006  5006 D cellinfo: Longitude is -71.0727471
08-04 21:26:00.572  5006  5006 D cellinfo: Instantaneous GPS information: United States, 11 Gerard St, Boston, MA 02119, USA
08-04 21:26:00.572  5006  5006 D cellinfo: getCurrentLocation() result: Location (success): 42.332145, -71.0727471
08-04 21:26:03.569  5006  5006 D cellinfo: Latitude is 42.332145
08-04 21:26:03.569  5006  5006 D cellinfo: Longitude is -71.0727471
08-04 21:26:03.569  5006  5006 D cellinfo: Instantaneous GPS information: United States, 11 Gerard St, Boston, MA 02119, USA
08-04 21:26:03.569  5006  5006 D cellinfo: getCurrentLocation() result: Location (success): 42.332145, -71.0727471
08-04 21:26:06.572  5006  5006 D cellinfo: Latitude is 42.332145
08-04 21:26:06.572  5006  5006 D cellinfo: Longitude is -71.0727471
08-04 21:26:06.572  5006  5006 D cellinfo: Instantaneous GPS information: United States, 11 Gerard St, Boston, MA 02119, USA
08-04 21:26:06.572  5006  5006 D cellinfo: getCurrentLocation() result: Location (success): 42.332145, -71.0727471
08-04 21:26:09.572  5006  5006 D cellinfo: Latitude is 42.332145
08-04 21:26:09.572  5006  5006 D cellinfo: Longitude is -71.0727471
08-04 21:26:09.573  5006  5006 D cellinfo: Instantaneous GPS information: United States, 11 Gerard St, Boston, MA 02119, USA
08-04 21:26:09.573  5006  5006 D cellinfo: getCurrentLocation() result: Location (success): 42.332145, -71.0727471
08-04 21:26:12.568  5006  5006 D cellinfo: Latitude is 42.332145
08-04 21:26:12.568  5006  5006 D cellinfo: Longitude is -71.0727471
08-04 21:26:12.568  5006  5006 D cellinfo: Instantaneous GPS information: United States, 11 Gerard St, Boston, MA 02119, USA
08-04 21:26:12.568  5006  5006 D cellinfo: getCurrentLocation() result: Location (success): 42.332145, -71.0727471
08-04 21:26:20.799  5006  5006 D cellinfo: getCurrentLocation() result: Location (success): 42.3333306, -71.0712024
08-04 21:26:21.225  5006  5006 D cellinfo: Latitude is 42.3333306
08-04 21:26:21.225  5006  5006 D cellinfo: Longitude is -71.0712024
08-04 21:26:21.225  5006  5006 D cellinfo: Instantaneous GPS information: United States, 19 Bradston St, Boston, MA 02118, USA
08-04 21:26:21.225  5006  5006 D cellinfo: getCurrentLocation() result: Location (success): 42.3333306, -71.0712024
08-04 21:26:21.872  5006  5006 D cellinfo: Latitude is 42.3337792
08-04 21:26:21.872  5006  5006 D cellinfo: Longitude is -71.0706064
08-04 21:26:21.872  5006  5006 D cellinfo: Instantaneous GPS information: United States, 33 Bradston St, Boston, MA 02118, USA
08-04 21:26:21.872  5006  5006 D cellinfo: getCurrentLocation() result: Location (success): 42.3337792, -71.0706064
08-04 21:26:24.893  5006  5006 D cellinfo: Latitude is 42.3338421
08-04 21:26:24.893  5006  5006 D cellinfo: Longitude is -71.0705172
08-04 21:26:24.893  5006  5006 D cellinfo: Instantaneous GPS information: United States, 33 Bradston St, Boston, MA 02118, USA
08-04 21:26:24.893  5006  5006 D cellinfo: getCurrentLocation() result: Location (success): 42.3338421, -71.0705172
08-04 21:26:27.961  5006  5006 D cellinfo: Latitude is 42.3340245
08-04 21:26:27.961  5006  5006 D cellinfo: Longitude is -71.0702609
08-04 21:26:27.962  5006  5006 D cellinfo: Instantaneous GPS information: United States, Massachusetts Ave Connector, Boston, MA 02118, USA
08-04 21:26:27.962  5006  5006 D cellinfo: getCurrentLocation() result: Location (success): 42.3340245, -71.0702609
08-04 21:26:30.935  5006  5006 D cellinfo: Latitude is 42.3340632
08-04 21:26:30.935  5006  5006 D cellinfo: Longitude is -71.0702054
08-04 21:26:30.935  5006  5006 D cellinfo: Instantaneous GPS information: United States, Massachusetts Ave Connector, Boston, MA 02118, USA
08-04 21:26:30.935  5006  5006 D cellinfo: getCurrentLocation() result: Location (success): 42.3340632, -71.0702054
08-04 21:26:35.083  5006  5006 D cellinfo: Latitude is 42.3349955
08-04 21:26:35.083  5006  5006 D cellinfo: Longitude is -71.0684131
08-04 21:26:35.083  5006  5006 D cellinfo: Instantaneous GPS information: United States, CGLD - Chip Gill Landscape and Design, Massachusetts Ave Connector, Boston, MA 02118, USA
08-04 21:26:35.083  5006  5006 D cellinfo: getCurrentLocation() result: Location (success): 42.3349955, -71.0684131
08-04 21:26:36.562  5006  5006 D cellinfo: Latitude is 42.3349955
