--------- beginning of main
08-04 21:16:39.568  5006  5006 D cellinfo: Country == United States
08-04 21:16:39.568  5006  5006 D cellinfo: City == Boston
08-04 21:16:39.569  5006  5006 D cellinfo: GPS Info == 58 Forsyth St, Boston, MA 02115, USA
08-04 21:16:39.569  5006  5006 D cellinfo: Network Operator == Verizon 
08-04 21:16:39.569  5006  5006 D cellinfo: User movement == Static
08-04 21:16:39.569  5006  5006 D cellinfo: isEastCoast == true
08-04 21:16:39.569  5006  5006 D cellinfo: isWestCoast == false
08-04 21:16:39.569  5006  5006 D cellinfo: isBoston == true
08-04 21:16:39.572  5006  5093 D cellinfo: Timestamp: 1659662199
08-04 21:16:40.074  5006  5094 D cellinfo: Logging started
08-04 21:16:40.084  5006  5006 D cellinfo: onServiceStateChanged: Channel Number: 66536 Cell Bandwidths: [20000, 60000]
08-04 21:16:40.085  5006  5006 D cellinfo: onsignalStrengthsChanged: LTE Signal Strength info: rsrp: -82 rsrq: -10 rssi: -53 rssnr: 5
08-04 21:16:40.086  5006  5006 D cellinfo: onCellInfoChanged: Operator: Verizon Wireless UpdateTimestamp: 1083624556 CellConnectionStatus: 1
08-04 21:16:40.086  5006  5006 D cellinfo: onCellInfoChanged: LTE Cell Bands: [66, 2, 13] Bandwidth: 20000 Cell ID: 14374412 Physical Cell ID: 283 Tracking Area Code: 14336 EARFCN: 66536
08-04 21:16:40.088  5006  5006 D cellinfo: onDisplayInfoChanged: NetworkType: LTE OverrideNetworkType: 5G (Sub-6 GHz)
08-04 21:16:40.575  5006  5093 D cellinfo: Ping command fired: /system/bin/ping -i 0.2 -s 38 -c 2000 155.146.11.34
08-04 21:16:40.620  5006  5093 D cellinfo: PING 155.146.11.34 (155.146.11.34) 38(66) bytes of data.
08-04 21:16:40.620  5006  5093 D cellinfo: 46 bytes from 155.146.11.34: icmp_seq=1 ttl=56 time=30.1 ms
08-04 21:16:40.831  5006  5093 D cellinfo: 46 bytes from 155.146.11.34: icmp_seq=2 ttl=56 time=39.3 ms
08-04 21:16:41.021  5006  5093 D cellinfo: 46 bytes from 155.146.11.34: icmp_seq=3 ttl=56 time=28.5 ms
08-04 21:16:41.221  5006  5093 D cellinfo: 46 bytes from 155.146.11.34: icmp_seq=4 ttl=56 time=29.3 ms
08-04 21:16:41.431  5006  5093 D cellinfo: 46 bytes from 155.146.11.34: icmp_seq=5 ttl=56 time=37.9 ms
08-04 21:16:41.630  5006  5093 D cellinfo: 46 bytes from 155.146.11.34: icmp_seq=6 ttl=56 time=36.9 ms
08-04 21:16:41.829  5006  5093 D cellinfo: 46 bytes from 155.146.11.34: icmp_seq=7 ttl=56 time=34.4 ms
08-04 21:16:42.021  5006  5093 D cellinfo: 46 bytes from 155.146.11.34: icmp_seq=8 ttl=56 time=26.2 ms
08-04 21:16:42.222  5006  5093 D cellinfo: 46 bytes from 155.146.11.34: icmp_seq=9 ttl=56 time=26.4 ms
08-04 21:16:42.430  5006  5093 D cellinfo: 46 bytes from 155.146.11.34: icmp_seq=10 ttl=56 time=34.6 ms
08-04 21:16:42.632  5006  5093 D cellinfo: 46 bytes from 155.146.11.34: icmp_seq=11 ttl=56 time=35.2 ms
08-04 21:16:42.841  5006  5093 D cellinfo: 46 bytes from 155.146.11.34: icmp_seq=12 ttl=56 time=43.4 ms
08-04 21:16:43.035  5006  5093 D cellinfo: 46 bytes from 155.146.11.34: icmp_seq=13 ttl=56 time=36.6 ms
08-04 21:16:43.230  5006  5093 D cellinfo: 46 bytes from 155.146.11.34: icmp_seq=14 ttl=56 time=32.5 ms
08-04 21:16:43.434  5006  5093 D cellinfo: 46 bytes from 155.146.11.34: icmp_seq=15 ttl=56 time=34.5 ms
08-04 21:16:43.631  5006  5093 D cellinfo: 46 bytes from 155.146.11.34: icmp_seq=16 ttl=56 time=30.5 ms
08-04 21:16:43.833  5006  5093 D cellinfo: 46 bytes from 155.146.11.34: icmp_seq=17 ttl=56 time=32.1 ms
08-04 21:16:44.026  5006  5093 D cellinfo: 46 bytes from 155.146.11.34: icmp_seq=18 ttl=56 time=23.9 ms
08-04 21:16:44.044  5006  5006 D cellinfo: Latitude is 42.3369604
08-04 21:16:44.044  5006  5006 D cellinfo: Longitude is -71.0866896
08-04 21:16:44.044  5006  5006 D cellinfo: Instantaneous GPS information: United States, 776 Columbus Ave, Boston, MA 02120, USA
08-04 21:16:44.044  5006  5006 D cellinfo: getCurrentLocation() result: Location (success): 42.3369604, -71.0866896
08-04 21:16:44.069  5006  5006 D cellinfo: Latitude is 42.3369604
08-04 21:16:44.069  5006  5006 D cellinfo: Longitude is -71.0866896
08-04 21:16:44.069  5006  5006 D cellinfo: Instantaneous GPS information: United States, 776 Columbus Ave, Boston, MA 02120, USA
08-04 21:16:44.069  5006  5006 D cellinfo: getCurrentLocation() result: Location (success): 42.3369604, -71.0866896
08-04 21:16:44.249  5006  5093 D cellinfo: 46 bytes from 155.146.11.34: icmp_seq=19 ttl=56 time=46.5 ms
08-04 21:16:44.478  5006  5093 D cellinfo: 46 bytes from 155.146.11.34: icmp_seq=20 ttl=56 time=75.2 ms
08-04 21:16:44.631  5006  5093 D cellinfo: 46 bytes from 155.146.11.34: icmp_seq=21 ttl=56 time=27.4 ms
08-04 21:16:44.712  5006  5006 D cellinfo: onCellInfoChanged: Operator: Verizon Wireless UpdateTimestamp: 1083629613 CellConnectionStatus: 1
08-04 21:16:44.712  5006  5006 D cellinfo: onCellInfoChanged: LTE Cell Bands: [66] Bandwidth: 20000 Cell ID: 14374412 Physical Cell ID: 283 Tracking Area Code: 14336 EARFCN: 66536
08-04 21:16:44.859  5006  5093 D cellinfo: 46 bytes from 155.146.11.34: icmp_seq=22 ttl=56 time=53.7 ms
08-04 21:16:45.042  5006  5093 D cellinfo: 46 bytes from 155.146.11.34: icmp_seq=23 ttl=56 time=36.6 ms
08-04 21:16:45.157  5006  5093 D cellinfo: 46 bytes from 155.146.11.34: icmp_seq=23 ttl=56 time=150 ms (DUP!)
08-04 21:16:45.200  5006  5006 D cellinfo: onServiceStateChanged: Channel Number: 66536 Cell Bandwidths: [20000, 60000]
08-04 21:16:45.208  5006  5006 D cellinfo: onDisplayInfoChanged: NetworkType: LTE OverrideNetworkType: 5G(mmWave)
08-04 21:16:45.229  5006  5093 D cellinfo: 46 bytes from 155.146.11.34: icmp_seq=24 ttl=56 time=23.5 ms
08-04 21:16:45.442  5006  5093 D cellinfo: 46 bytes from 155.146.11.34: icmp_seq=25 ttl=56 time=34.7 ms
08-04 21:16:45.670  5006  5093 D cellinfo: 46 bytes from 155.146.11.34: icmp_seq=26 ttl=56 time=61.8 ms
08-04 21:16:45.859  5006  5093 D cellinfo: 46 bytes from 155.146.11.34: icmp_seq=27 ttl=56 time=49.6 ms
08-04 21:16:45.897  5006  5006 D cellinfo: Latitude is 42.3369524
08-04 21:16:45.897  5006  5006 D cellinfo: Longitude is -71.0865578
08-04 21:16:45.897  5006  5006 D cellinfo: Instantaneous GPS information: United States, 776 Columbus Ave, Boston, MA 02120, USA
08-04 21:16:45.897  5006  5006 D cellinfo: getCurrentLocation() result: Location (success): 42.3369524, -71.0865578
08-04 21:16:46.037  5006  5093 D cellinfo: 46 bytes from 155.146.11.34: icmp_seq=28 ttl=56 time=27.5 ms
08-04 21:16:46.242  5006  5093 D cellinfo: 46 bytes from 155.146.11.34: icmp_seq=29 ttl=56 time=31.2 ms
08-04 21:16:46.448  5006  5093 D cellinfo: 46 bytes from 155.146.11.34: icmp_seq=30 ttl=56 time=36.3 ms
08-04 21:16:46.637  5006  5093 D cellinfo: 46 bytes from 155.146.11.34: icmp_seq=31 ttl=56 time=24.2 ms
08-04 21:16:46.843  5006  5093 D cellinfo: 46 bytes from 155.146.11.34: icmp_seq=32 ttl=56 time=29.0 ms
08-04 21:16:47.054  5006  5093 D cellinfo: 46 bytes from 155.146.11.34: icmp_seq=33 ttl=56 time=38.6 ms
08-04 21:16:47.254  5006  5093 D cellinfo: 46 bytes from 155.146.11.34: icmp_seq=34 ttl=56 time=37.4 ms
08-04 21:16:47.438  5006  5093 D cellinfo: 46 bytes from 155.146.11.34: icmp_seq=35 ttl=56 time=21.7 ms
08-04 21:16:47.659  5006  5093 D cellinfo: 46 bytes from 155.146.11.34: icmp_seq=36 ttl=56 time=41.9 ms
08-04 21:16:47.853  5006  5093 D cellinfo: 46 bytes from 155.146.11.34: icmp_seq=37 ttl=56 time=35.9 ms
08-04 21:16:48.047  5006  5093 D cellinfo: 46 bytes from 155.146.11.34: icmp_seq=38 ttl=56 time=29.3 ms
08-04 21:16:48.243  5006  5093 D cellinfo: 46 bytes from 155.146.11.34: icmp_seq=39 ttl=56 time=23.7 ms
08-04 21:16:48.459  5006  5093 D cellinfo: 46 bytes from 155.146.11.34: icmp_seq=40 ttl=56 time=38.6 ms
08-04 21:16:48.647  5006  5093 D cellinfo: 46 bytes from 155.146.11.34: icmp_seq=41 ttl=56 time=26.9 ms
08-04 21:16:48.847  5006  5093 D cellinfo: 46 bytes from 155.146.11.34: icmp_seq=42 ttl=56 time=25.1 ms
08-04 21:16:48.855  5006  5006 D cellinfo: Latitude is 42.3369503
08-04 21:16:48.855  5006  5006 D cellinfo: Longitude is -71.0865231
08-04 21:16:48.855  5006  5006 D cellinfo: Instantaneous GPS information: United States, 776-778 Columbus Ave, Boston, MA 02120, USA
08-04 21:16:48.855  5006  5006 D cellinfo: getCurrentLocation() result: Location (success): 42.3369503, -71.0865231
08-04 21:16:48.858  5006  5006 D cellinfo: onCellInfoChanged: Operator: Verizon Wireless UpdateTimestamp: 1083633507 CellConnectionStatus: 1
08-04 21:16:48.858  5006  5006 D cellinfo: onCellInfoChanged: 5G-NR Cell Bands: [] ARFCN: 648672 Cell ID: 9223372036854775807 Physical Cell ID: 131 Tracking Area Code: 16777215
08-04 21:16:49.048  5006  5093 D cellinfo: 46 bytes from 155.146.11.34: icmp_seq=43 ttl=56 time=25.6 ms
08-04 21:16:49.259  5006  5093 D cellinfo: 46 bytes from 155.146.11.34: icmp_seq=44 ttl=56 time=35.7 ms
08-04 21:16:49.464  5006  5093 D cellinfo: 46 bytes from 155.146.11.34: icmp_seq=45 ttl=56 time=39.9 ms
08-04 21:16:49.650  5006  5093 D cellinfo: 46 bytes from 155.146.11.34: icmp_seq=46 ttl=56 time=25.2 ms
08-04 21:16:49.853  5006  5093 D cellinfo: 46 bytes from 155.146.11.34: icmp_seq=47 ttl=56 time=27.8 ms
08-04 21:16:50.063  5006  5093 D cellinfo: 46 bytes from 155.146.11.34: icmp_seq=48 ttl=56 time=37.1 ms
08-04 21:16:50.258  5006  5093 D cellinfo: 46 bytes from 155.146.11.34: icmp_seq=49 ttl=56 time=30.9 ms
08-04 21:16:50.457  5006  5093 D cellinfo: 46 bytes from 155.146.11.34: icmp_seq=50 ttl=56 time=29.6 ms
08-04 21:16:50.662  5006  5093 D cellinfo: 46 bytes from 155.146.11.34: icmp_seq=51 ttl=56 time=34.0 ms
08-04 21:16:50.858  5006  5093 D cellinfo: 46 bytes from 155.146.11.34: icmp_seq=52 ttl=56 time=29.3 ms
08-04 21:16:51.073  5006  5093 D cellinfo: 46 bytes from 155.146.11.34: icmp_seq=53 ttl=56 time=44.2 ms
08-04 21:16:51.257  5006  5093 D cellinfo: 46 bytes from 155.146.11.34: icmp_seq=54 ttl=56 time=26.7 ms
08-04 21:16:51.457  5006  5093 D cellinfo: 46 bytes from 155.146.11.34: icmp_seq=55 ttl=56 time=26.3 ms
08-04 21:16:51.571  5006  5006 D cellinfo: Latitude is 42.3369503
08-04 21:16:51.571  5006  5006 D cellinfo: Longitude is -71.0865231
08-04 21:16:51.571  5006  5006 D cellinfo: Instantaneous GPS information: United States, 776-778 Columbus Ave, Boston, MA 02120, USA
08-04 21:16:51.571  5006  5006 D cellinfo: getCurrentLocation() result: Location (success): 42.3369503, -71.0865231
08-04 21:16:51.620  5006  5006 D cellinfo: onCellInfoChanged: Operator: Verizon Wireless UpdateTimestamp: 1083636520 CellConnectionStatus: 1
08-04 21:16:51.620  5006  5006 D cellinfo: onCellInfoChanged: 5G-NR Cell Bands: [] ARFCN: 648672 Cell ID: 9223372036854775807 Physical Cell ID: 131 Tracking Area Code: 16777215
08-04 21:16:51.707  5006  5093 D cellinfo: 46 bytes from 155.146.11.34: icmp_seq=56 ttl=56 time=75.5 ms
08-04 21:16:51.873  5006  5093 D cellinfo: 46 bytes from 155.146.11.34: icmp_seq=57 ttl=56 time=39.9 ms
08-04 21:16:52.058  5006  5093 D cellinfo: 46 bytes from 155.146.11.34: icmp_seq=58 ttl=56 time=24.6 ms
08-04 21:16:52.263  5006  5093 D cellinfo: 46 bytes from 155.146.11.34: icmp_seq=59 ttl=56 time=27.6 ms
08-04 21:16:52.472  5006  5093 D cellinfo: 46 bytes from 155.146.11.34: icmp_seq=60 ttl=56 time=36.2 ms
08-04 21:16:52.673  5006  5093 D cellinfo: 46 bytes from 155.146.11.34: icmp_seq=61 ttl=56 time=35.5 ms
08-04 21:16:52.875  5006  5093 D cellinfo: 46 bytes from 155.146.11.34: icmp_seq=62 ttl=56 time=36.7 ms
08-04 21:16:53.065  5006  5093 D cellinfo: 46 bytes from 155.146.11.34: icmp_seq=63 ttl=56 time=26.1 ms
08-04 21:16:53.283  5006  5093 D cellinfo: 46 bytes from 155.146.11.34: icmp_seq=64 ttl=56 time=43.6 ms
08-04 21:16:53.479  5006  5093 D cellinfo: 46 bytes from 155.146.11.34: icmp_seq=65 ttl=56 time=38.6 ms
08-04 21:16:53.679  5006  5093 D cellinfo: 46 bytes from 155.146.11.34: icmp_seq=66 ttl=56 time=37.9 ms
08-04 21:16:53.888  5006  5093 D cellinfo: 46 bytes from 155.146.11.34: icmp_seq=67 ttl=56 time=46.4 ms
08-04 21:16:54.085  5006  5093 D cellinfo: 46 bytes from 155.146.11.34: icmp_seq=68 ttl=56 time=42.7 ms
08-04 21:16:54.105  5006  5006 D cellinfo: onsignalStrengthsChanged: LTE Signal Strength info: rsrp: -86 rsrq: -11 rssi: -55 rssnr: 8
08-04 21:16:54.105  5006  5006 D cellinfo: onsignalStrengthsChanged: 5G-NR Signal Strength info: ssrsrp: -110 ssrsrq: -14 sssinr: 4
08-04 21:16:54.279  5006  5093 D cellinfo: 46 bytes from 155.146.11.34: icmp_seq=69 ttl=56 time=36.5 ms
08-04 21:16:54.476  5006  5093 D cellinfo: 46 bytes from 155.146.11.34: icmp_seq=70 ttl=56 time=31.8 ms
08-04 21:16:54.574  5006  5006 D cellinfo: Latitude is 42.3369503
08-04 21:16:54.574  5006  5006 D cellinfo: Longitude is -71.0865231
08-04 21:16:54.574  5006  5006 D cellinfo: Instantaneous GPS information: United States, 776-778 Columbus Ave, Boston, MA 02120, USA
08-04 21:16:54.574  5006  5006 D cellinfo: getCurrentLocation() result: Location (success): 42.3369503, -71.0865231
08-04 21:16:54.614  5006  5006 D cellinfo: onCellInfoChanged: Operator: Verizon Wireless UpdateTimestamp: 1083639515 CellConnectionStatus: 1
08-04 21:16:54.614  5006  5006 D cellinfo: onCellInfoChanged: 5G-NR Cell Bands: [] ARFCN: 648672 Cell ID: 9223372036854775807 Physical Cell ID: 131 Tracking Area Code: 16777215
08-04 21:16:54.663  5006  5093 D cellinfo: 46 bytes from 155.146.11.34: icmp_seq=71 ttl=56 time=17.7 ms
08-04 21:16:54.890  5006  5093 D cellinfo: 46 bytes from 155.146.11.34: icmp_seq=72 ttl=56 time=44.1 ms
08-04 21:16:55.088  5006  5093 D cellinfo: 46 bytes from 155.146.11.34: icmp_seq=73 ttl=56 time=41.0 ms
08-04 21:16:55.277  5006  5093 D cellinfo: 46 bytes from 155.146.11.34: icmp_seq=74 ttl=56 time=30.1 ms
08-04 21:16:55.468  5006  5093 D cellinfo: 46 bytes from 155.146.11.34: icmp_seq=75 ttl=56 time=20.1 ms
08-04 21:16:55.682  5006  5093 D cellinfo: 46 bytes from 155.146.11.34: icmp_seq=76 ttl=56 time=33.2 ms
08-04 21:16:55.888  5006  5093 D cellinfo: 46 bytes from 155.146.11.34: icmp_seq=77 ttl=56 time=38.1 ms
08-04 21:16:56.083  5006  5093 D cellinfo: 46 bytes from 155.146.11.34: icmp_seq=78 ttl=56 time=32.3 ms
08-04 21:16:56.282  5006  5093 D cellinfo: 46 bytes from 155.146.11.34: icmp_seq=79 ttl=56 time=29.9 ms
08-04 21:16:56.495  5006  5093 D cellinfo: 46 bytes from 155.146.11.34: icmp_seq=80 ttl=56 time=41.7 ms
08-04 21:16:56.686  5006  5093 D cellinfo: 46 bytes from 155.146.11.34: icmp_seq=81 ttl=56 time=32.2 ms
08-04 21:16:56.888  5006  5093 D cellinfo: 46 bytes from 155.146.11.34: icmp_seq=82 ttl=56 time=32.5 ms
08-04 21:16:57.098  5006  5093 D cellinfo: 46 bytes from 155.146.11.34: icmp_seq=83 ttl=56 time=42.1 ms
08-04 21:16:57.293  5006  5093 D cellinfo: 46 bytes from 155.146.11.34: icmp_seq=84 ttl=56 time=35.4 ms
08-04 21:16:57.498  5006  5093 D cellinfo: 46 bytes from 155.146.11.34: icmp_seq=85 ttl=56 time=39.7 ms
08-04 21:16:57.617  5006  5006 D cellinfo: onCellInfoChanged: Operator: Verizon Wireless UpdateTimestamp: 1083642518 CellConnectionStatus: 1
08-04 21:16:57.617  5006  5006 D cellinfo: onCellInfoChanged: 5G-NR Cell Bands: [] ARFCN: 648672 Cell ID: 9223372036854775807 Physical Cell ID: 131 Tracking Area Code: 16777215
08-04 21:16:57.680  5006  5093 D cellinfo: 46 bytes from 155.146.11.34: icmp_seq=86 ttl=56 time=21.9 ms
08-04 21:16:57.887  5006  5093 D cellinfo: 46 bytes from 155.146.11.34: icmp_seq=87 ttl=56 time=27.4 ms
08-04 21:16:58.054  5006  5006 D cellinfo: Latitude is 42.3370534
08-04 21:16:58.054  5006  5006 D cellinfo: Longitude is -71.0868726
08-04 21:16:58.054  5006  5006 D cellinfo: Instantaneous GPS information: United States, 809 Columbus Ave, Boston, MA 02118, USA
08-04 21:16:58.054  5006  5006 D cellinfo: getCurrentLocation() result: Location (success): 42.3370534, -71.0868726
08-04 21:16:58.089  5006  5006 D cellinfo: onsignalStrengthsChanged: LTE Signal Strength info: rsrp: -79 rsrq: -11 rssi: -51 rssnr: 6
08-04 21:16:58.089  5006  5006 D cellinfo: onsignalStrengthsChanged: 5G-NR Signal Strength info: ssrsrp: -110 ssrsrq: -14 sssinr: 1
08-04 21:16:58.096  5006  5093 D cellinfo: 46 bytes from 155.146.11.34: icmp_seq=88 ttl=56 time=35.5 ms
08-04 21:16:58.295  5006  5093 D cellinfo: 46 bytes from 155.146.11.34: icmp_seq=89 ttl=56 time=33.7 ms
08-04 21:16:58.487  5006  5093 D cellinfo: 46 bytes from 155.146.11.34: icmp_seq=90 ttl=56 time=25.1 ms
08-04 21:16:58.703  5006  5093 D cellinfo: 46 bytes from 155.146.11.34: icmp_seq=91 ttl=56 time=39.7 ms
08-04 21:16:58.904  5006  5093 D cellinfo: 46 bytes from 155.146.11.34: icmp_seq=92 ttl=56 time=40.0 ms
08-04 21:16:59.103  5006  5093 D cellinfo: 46 bytes from 155.146.11.34: icmp_seq=93 ttl=56 time=38.5 ms
08-04 21:16:59.293  5006  5093 D cellinfo: 46 bytes from 155.146.11.34: icmp_seq=94 ttl=56 time=27.6 ms
08-04 21:16:59.503  5006  5093 D cellinfo: 46 bytes from 155.146.11.34: icmp_seq=95 ttl=56 time=37.6 ms
08-04 21:16:59.705  5006  5093 D cellinfo: 46 bytes from 155.146.11.34: icmp_seq=96 ttl=56 time=39.0 ms
08-04 21:16:59.894  5006  5093 D cellinfo: 46 bytes from 155.146.11.34: icmp_seq=97 ttl=56 time=26.6 ms
08-04 21:17:00.114  5006  5093 D cellinfo: 46 bytes from 155.146.11.34: icmp_seq=98 ttl=56 time=46.2 ms
08-04 21:17:00.313  5006  5093 D cellinfo: 46 bytes from 155.146.11.34: icmp_seq=99 ttl=56 time=44.4 ms
08-04 21:17:00.510  5006  5093 D cellinfo: 46 bytes from 155.146.11.34: icmp_seq=100 ttl=56 time=41.3 ms
08-04 21:17:00.563  5006  5006 D cellinfo: Latitude is 42.3370534
08-04 21:17:00.563  5006  5006 D cellinfo: Longitude is -71.0868726
08-04 21:17:00.563  5006  5006 D cellinfo: Instantaneous GPS information: United States, 809 Columbus Ave, Boston, MA 02118, USA
08-04 21:17:00.563  5006  5006 D cellinfo: getCurrentLocation() result: Location (success): 42.3370534, -71.0868726
08-04 21:17:00.601  5006  5006 D cellinfo: onCellInfoChanged: Operator: Verizon Wireless UpdateTimestamp: 1083645499 CellConnectionStatus: 1
08-04 21:17:00.601  5006  5006 D cellinfo: onCellInfoChanged: 5G-NR Cell Bands: [] ARFCN: 648672 Cell ID: 9223372036854775807 Physical Cell ID: 131 Tracking Area Code: 16777215
08-04 21:17:00.698  5006  5093 D cellinfo: 46 bytes from 155.146.11.34: icmp_seq=101 ttl=56 time=28.4 ms
08-04 21:17:00.920  5006  5093 D cellinfo: 46 bytes from 155.146.11.34: icmp_seq=102 ttl=56 time=48.3 ms
08-04 21:17:01.103  5006  5093 D cellinfo: 46 bytes from 155.146.11.34: icmp_seq=103 ttl=56 time=30.4 ms
08-04 21:17:01.315  5006  5093 D cellinfo: 46 bytes from 155.146.11.34: icmp_seq=104 ttl=56 time=41.8 ms
08-04 21:17:01.499  5006  5093 D cellinfo: 46 bytes from 155.146.11.34: icmp_seq=105 ttl=56 time=25.1 ms
08-04 21:17:01.703  5006  5093 D cellinfo: 46 bytes from 155.146.11.34: icmp_seq=106 ttl=56 time=28.5 ms
08-04 21:17:01.926  5006  5093 D cellinfo: 46 bytes from 155.146.11.34: icmp_seq=107 ttl=56 time=49.4 ms
08-04 21:17:02.101  5006  5006 D cellinfo: onsignalStrengthsChanged: LTE Signal Strength info: rsrp: -87 rsrq: -11 rssi: -55 rssnr: 3
08-04 21:17:02.101  5006  5006 D cellinfo: onsignalStrengthsChanged: 5G-NR Signal Strength info: ssrsrp: -108 ssrsrq: -14 sssinr: 3
08-04 21:17:02.121  5006  5093 D cellinfo: 46 bytes from 155.146.11.34: icmp_seq=108 ttl=56 time=43.7 ms
08-04 21:17:02.322  5006  5093 D cellinfo: 46 bytes from 155.146.11.34: icmp_seq=109 ttl=56 time=44.9 ms
08-04 21:17:02.503  5006  5093 D cellinfo: 46 bytes from 155.146.11.34: icmp_seq=110 ttl=56 time=25.4 ms
08-04 21:17:02.723  5006  5093 D cellinfo: 46 bytes from 155.146.11.34: icmp_seq=111 ttl=56 time=44.1 ms
08-04 21:17:02.923  5006  5093 D cellinfo: 46 bytes from 155.146.11.34: icmp_seq=112 ttl=56 time=43.2 ms
08-04 21:17:03.108  5006  5093 D cellinfo: 46 bytes from 155.146.11.34: icmp_seq=113 ttl=56 time=27.4 ms
08-04 21:17:03.308  5006  5093 D cellinfo: 46 bytes from 155.146.11.34: icmp_seq=114 ttl=56 time=27.0 ms
08-04 21:17:03.518  5006  5093 D cellinfo: 46 bytes from 155.146.11.34: icmp_seq=115 ttl=56 time=35.5 ms
08-04 21:17:03.572  5006  5006 D cellinfo: Latitude is 42.3370534
08-04 21:17:03.572  5006  5006 D cellinfo: Longitude is -71.0868726
08-04 21:17:03.572  5006  5006 D cellinfo: Instantaneous GPS information: United States, 809 Columbus Ave, Boston, MA 02118, USA
08-04 21:17:03.572  5006  5006 D cellinfo: getCurrentLocation() result: Location (success): 42.3370534, -71.0868726
08-04 21:17:03.613  5006  5006 D cellinfo: onCellInfoChanged: Operator: Verizon Wireless UpdateTimestamp: 1083648513 CellConnectionStatus: 1
08-04 21:17:03.613  5006  5006 D cellinfo: onCellInfoChanged: 5G-NR Cell Bands: [] ARFCN: 648672 Cell ID: 9223372036854775807 Physical Cell ID: 131 Tracking Area Code: 16777215
08-04 21:17:03.706  5006  5093 D cellinfo: 46 bytes from 155.146.11.34: icmp_seq=116 ttl=56 time=23.6 ms
08-04 21:17:03.931  5006  5093 D cellinfo: 46 bytes from 155.146.11.34: icmp_seq=117 ttl=56 time=47.9 ms
08-04 21:17:04.103  5006  5093 D cellinfo: 46 bytes from 155.146.11.34: icmp_seq=118 ttl=56 time=19.2 ms
08-04 21:17:04.318  5006  5093 D cellinfo: 46 bytes from 155.146.11.34: icmp_seq=119 ttl=56 time=32.8 ms
08-04 21:17:04.519  5006  5093 D cellinfo: 46 bytes from 155.146.11.34: icmp_seq=120 ttl=56 time=33.4 ms
08-04 21:17:04.719  5006  5093 D cellinfo: 46 bytes from 155.146.11.34: icmp_seq=121 ttl=56 time=32.1 ms
08-04 21:17:04.913  5006  5093 D cellinfo: 46 bytes from 155.146.11.34: icmp_seq=122 ttl=56 time=25.3 ms
08-04 21:17:05.123  5006  5093 D cellinfo: 46 bytes from 155.146.11.34: icmp_seq=123 ttl=56 time=34.0 ms
08-04 21:17:05.336  5006  5093 D cellinfo: 46 bytes from 155.146.11.34: icmp_seq=124 ttl=56 time=46.5 ms
08-04 21:17:05.523  5006  5093 D cellinfo: 46 bytes from 155.146.11.34: icmp_seq=125 ttl=56 time=32.6 ms
08-04 21:17:05.714  5006  5093 D cellinfo: 46 bytes from 155.146.11.34: icmp_seq=126 ttl=56 time=23.2 ms
08-04 21:17:05.923  5006  5093 D cellinfo: 46 bytes from 155.146.11.34: icmp_seq=127 ttl=56 time=31.1 ms
08-04 21:17:06.129  5006  5093 D cellinfo: 46 bytes from 155.146.11.34: icmp_seq=128 ttl=56 time=35.4 ms
08-04 21:17:06.328  5006  5093 D cellinfo: 46 bytes from 155.146.11.34: icmp_seq=129 ttl=56 time=33.3 ms
08-04 21:17:06.543  5006  5093 D cellinfo: 46 bytes from 155.146.11.34: icmp_seq=130 ttl=56 time=48.5 ms
08-04 21:17:06.574  5006  5006 D cellinfo: Latitude is 42.3370534
08-04 21:17:06.574  5006  5006 D cellinfo: Longitude is -71.0868726
08-04 21:17:06.574  5006  5006 D cellinfo: Instantaneous GPS information: United States, 809 Columbus Ave, Boston, MA 02118, USA
08-04 21:17:06.574  5006  5006 D cellinfo: getCurrentLocation() result: Location (success): 42.3370534, -71.0868726
08-04 21:17:06.620  5006  5006 D cellinfo: onCellInfoChanged: Operator: Verizon Wireless UpdateTimestamp: 1083651521 CellConnectionStatus: 1
08-04 21:17:06.620  5006  5006 D cellinfo: onCellInfoChanged: 5G-NR Cell Bands: [] ARFCN: 648672 Cell ID: 9223372036854775807 Physical Cell ID: 131 Tracking Area Code: 16777215
08-04 21:17:06.724  5006  5093 D cellinfo: 46 bytes from 155.146.11.34: icmp_seq=131 ttl=56 time=27.6 ms
08-04 21:17:06.933  5006  5093 D cellinfo: 46 bytes from 155.146.11.34: icmp_seq=132 ttl=56 time=36.9 ms
08-04 21:17:07.123  5006  5093 D cellinfo: 46 bytes from 155.146.11.34: icmp_seq=133 ttl=56 time=26.2 ms
08-04 21:17:07.338  5006  5093 D cellinfo: 46 bytes from 155.146.11.34: icmp_seq=134 ttl=56 time=39.6 ms
08-04 21:17:07.528  5006  5093 D cellinfo: 46 bytes from 155.146.11.34: icmp_seq=135 ttl=56 time=29.7 ms
08-04 21:17:07.723  5006  5093 D cellinfo: 46 bytes from 155.146.11.34: icmp_seq=136 ttl=56 time=24.1 ms
08-04 21:17:07.922  5006  5093 D cellinfo: 46 bytes from 155.146.11.34: icmp_seq=137 ttl=56 time=22.3 ms
08-04 21:17:08.132  5006  5093 D cellinfo: 46 bytes from 155.146.11.34: icmp_seq=138 ttl=56 time=30.9 ms
08-04 21:17:08.340  5006  5093 D cellinfo: 46 bytes from 155.146.11.34: icmp_seq=139 ttl=56 time=37.8 ms
08-04 21:17:08.528  5006  5093 D cellinfo: 46 bytes from 155.146.11.34: icmp_seq=140 ttl=56 time=25.5 ms
08-04 21:17:08.728  5006  5093 D cellinfo: 46 bytes from 155.146.11.34: icmp_seq=141 ttl=56 time=25.1 ms
08-04 21:17:08.938  5006  5093 D cellinfo: 46 bytes from 155.146.11.34: icmp_seq=142 ttl=56 time=33.7 ms
08-04 21:17:09.133  5006  5006 D cellinfo: onsignalStrengthsChanged: LTE Signal Strength info: rsrp: -88 rsrq: -13 rssi: -55 rssnr: 2
08-04 21:17:09.133  5006  5006 D cellinfo: onsignalStrengthsChanged: 5G-NR Signal Strength info: ssrsrp: -110 ssrsrq: -14 sssinr: 2
08-04 21:17:09.143  5006  5093 D cellinfo: 46 bytes from 155.146.11.34: icmp_seq=143 ttl=56 time=37.8 ms
08-04 21:17:09.328  5006  5093 D cellinfo: 46 bytes from 155.146.11.34: icmp_seq=144 ttl=56 time=22.6 ms
08-04 21:17:09.528  5006  5093 D cellinfo: 46 bytes from 155.146.11.34: icmp_seq=145 ttl=56 time=21.8 ms
08-04 21:17:09.607  5006  5006 D cellinfo: onCellInfoChanged: Operator: Verizon Wireless UpdateTimestamp: 1083654508 CellConnectionStatus: 1
08-04 21:17:09.607  5006  5006 D cellinfo: onCellInfoChanged: 5G-NR Cell Bands: [] ARFCN: 648672 Cell ID: 9223372036854775807 Physical Cell ID: 131 Tracking Area Code: 16777215
08-04 21:17:09.725  5006  5093 D cellinfo: 46 bytes from 155.146.11.34: icmp_seq=146 ttl=56 time=18.3 ms
08-04 21:17:09.787  5006  5006 D cellinfo: Latitude is 42.3370763
08-04 21:17:09.787  5006  5006 D cellinfo: Longitude is -71.0869135
08-04 21:17:09.787  5006  5006 D cellinfo: Instantaneous GPS information: United States, 809 Columbus Ave, Boston, MA 02118, USA
08-04 21:17:09.787  5006  5006 D cellinfo: getCurrentLocation() result: Location (success): 42.3370763, -71.0869135
08-04 21:17:09.934  5006  5093 D cellinfo: 46 bytes from 155.146.11.34: icmp_seq=147 ttl=56 time=26.0 ms
08-04 21:17:10.147  5006  5093 D cellinfo: 46 bytes from 155.146.11.34: icmp_seq=148 ttl=56 time=38.6 ms
08-04 21:17:10.339  5006  5093 D cellinfo: 46 bytes from 155.146.11.34: icmp_seq=149 ttl=56 time=28.8 ms
08-04 21:17:10.543  5006  5093 D cellinfo: 46 bytes from 155.146.11.34: icmp_seq=150 ttl=56 time=32.7 ms
08-04 21:17:10.749  5006  5093 D cellinfo: 46 bytes from 155.146.11.34: icmp_seq=151 ttl=56 time=37.7 ms
08-04 21:17:10.944  5006  5093 D cellinfo: 46 bytes from 155.146.11.34: icmp_seq=152 ttl=56 time=32.3 ms
08-04 21:17:11.133  5006  5093 D cellinfo: 46 bytes from 155.146.11.34: icmp_seq=153 ttl=56 time=20.6 ms
08-04 21:17:11.353  5006  5093 D cellinfo: 46 bytes from 155.146.11.34: icmp_seq=154 ttl=56 time=40.5 ms
08-04 21:17:11.550  5006  5093 D cellinfo: 46 bytes from 155.146.11.34: icmp_seq=155 ttl=56 time=35.6 ms
08-04 21:17:11.738  5006  5093 D cellinfo: 46 bytes from 155.146.11.34: icmp_seq=156 ttl=56 time=23.3 ms
08-04 21:17:11.940  5006  5093 D cellinfo: 46 bytes from 155.146.11.34: icmp_seq=157 ttl=56 time=24.6 ms
08-04 21:17:12.140  5006  5006 D cellinfo: onsignalStrengthsChanged: LTE Signal Strength info: rsrp: -87 rsrq: -10 rssi: -55 rssnr: 9
08-04 21:17:12.140  5006  5006 D cellinfo: onsignalStrengthsChanged: 5G-NR Signal Strength info: ssrsrp: -110 ssrsrq: -14 sssinr: 2
08-04 21:17:12.154  5006  5093 D cellinfo: 46 bytes from 155.146.11.34: icmp_seq=158 ttl=56 time=38.1 ms
08-04 21:17:12.348  5006  5093 D cellinfo: 46 bytes from 155.146.11.34: icmp_seq=159 ttl=56 time=31.8 ms
08-04 21:17:12.552  5006  5093 D cellinfo: 46 bytes from 155.146.11.34: icmp_seq=160 ttl=56 time=35.2 ms
08-04 21:17:12.579  5006  5006 D cellinfo: Latitude is 42.3370763
08-04 21:17:12.579  5006  5006 D cellinfo: Longitude is -71.0869135
08-04 21:17:12.579  5006  5006 D cellinfo: Instantaneous GPS information: United States, 809 Columbus Ave, Boston, MA 02118, USA
08-04 21:17:12.579  5006  5006 D cellinfo: getCurrentLocation() result: Location (success): 42.3370763, -71.0869135
08-04 21:17:12.607  5006  5006 D cellinfo: onCellInfoChanged: Operator: Verizon Wireless UpdateTimestamp: 1083657508 CellConnectionStatus: 1
08-04 21:17:12.607  5006  5006 D cellinfo: onCellInfoChanged: 5G-NR Cell Bands: [] ARFCN: 648672 Cell ID: 9223372036854775807 Physical Cell ID: 131 Tracking Area Code: 16777215
08-04 21:17:12.733  5006  5093 D cellinfo: 46 bytes from 155.146.11.34: icmp_seq=161 ttl=56 time=15.2 ms
08-04 21:17:12.959  5006  5093 D cellinfo: 46 bytes from 155.146.11.34: icmp_seq=162 ttl=56 time=40.1 ms
08-04 21:17:13.158  5006  5093 D cellinfo: 46 bytes from 155.146.11.34: icmp_seq=163 ttl=56 time=38.1 ms
08-04 21:17:13.359  5006  5093 D cellinfo: 46 bytes from 155.146.11.34: icmp_seq=164 ttl=56 time=38.0 ms
08-04 21:17:13.548  5006  5093 D cellinfo: 46 bytes from 155.146.11.34: icmp_seq=165 ttl=56 time=26.5 ms
08-04 21:17:13.753  5006  5093 D cellinfo: 46 bytes from 155.146.11.34: icmp_seq=166 ttl=56 time=31.7 ms
08-04 21:17:13.966  5006  5093 D cellinfo: 46 bytes from 155.146.11.34: icmp_seq=167 ttl=56 time=43.4 ms
08-04 21:17:14.148  5006  5093 D cellinfo: 46 bytes from 155.146.11.34: icmp_seq=168 ttl=56 time=25.7 ms
08-04 21:17:14.347  5006  5093 D cellinfo: 46 bytes from 155.146.11.34: icmp_seq=169 ttl=56 time=24.2 ms
08-04 21:17:14.564  5006  5093 D cellinfo: 46 bytes from 155.146.11.34: icmp_seq=170 ttl=56 time=39.3 ms
08-04 21:17:14.763  5006  5093 D cellinfo: 46 bytes from 155.146.11.34: icmp_seq=171 ttl=56 time=38.4 ms
08-04 21:17:14.949  5006  5093 D cellinfo: 46 bytes from 155.146.11.34: icmp_seq=172 ttl=56 time=22.1 ms
08-04 21:17:15.155  5006  5093 D cellinfo: 46 bytes from 155.146.11.34: icmp_seq=173 ttl=56 time=28.7 ms
08-04 21:17:15.364  5006  5093 D cellinfo: 46 bytes from 155.146.11.34: icmp_seq=174 ttl=56 time=36.5 ms
08-04 21:17:15.564  5006  5093 D cellinfo: 46 bytes from 155.146.11.34: icmp_seq=175 ttl=56 time=36.1 ms
08-04 21:17:15.591  5006  5006 D cellinfo: Latitude is 42.3370763
08-04 21:17:15.591  5006  5006 D cellinfo: Longitude is -71.0869135
08-04 21:17:15.591  5006  5006 D cellinfo: Instantaneous GPS information: United States, 809 Columbus Ave, Boston, MA 02118, USA
08-04 21:17:15.591  5006  5006 D cellinfo: getCurrentLocation() result: Location (success): 42.3370763, -71.0869135
08-04 21:17:15.626  5006  5006 D cellinfo: onCellInfoChanged: Operator: Verizon Wireless UpdateTimestamp: 1083660526 CellConnectionStatus: 1
08-04 21:17:15.626  5006  5006 D cellinfo: onCellInfoChanged: 5G-NR Cell Bands: [] ARFCN: 648672 Cell ID: 9223372036854775807 Physical Cell ID: 131 Tracking Area Code: 16777215
08-04 21:17:15.748  5006  5093 D cellinfo: 46 bytes from 155.146.11.34: icmp_seq=176 ttl=56 time=19.6 ms
08-04 21:17:15.954  5006  5093 D cellinfo: 46 bytes from 155.146.11.34: icmp_seq=177 ttl=56 time=24.8 ms
08-04 21:17:16.168  5006  5093 D cellinfo: 46 bytes from 155.146.11.34: icmp_seq=178 ttl=56 time=38.8 ms
08-04 21:17:16.176  5006  5006 D cellinfo: onsignalStrengthsChanged: LTE Signal Strength info: rsrp: -84 rsrq: -13 rssi: -51 rssnr: 9
08-04 21:17:16.176  5006  5006 D cellinfo: onsignalStrengthsChanged: 5G-NR Signal Strength info: ssrsrp: -109 ssrsrq: -13 sssinr: 4
08-04 21:17:16.368  5006  5093 D cellinfo: 46 bytes from 155.146.11.34: icmp_seq=179 ttl=56 time=38.0 ms
08-04 21:17:16.558  5006  5093 D cellinfo: 46 bytes from 155.146.11.34: icmp_seq=180 ttl=56 time=27.3 ms
08-04 21:17:16.767  5006  5093 D cellinfo: 46 bytes from 155.146.11.34: icmp_seq=181 ttl=56 time=35.1 ms
08-04 21:17:16.968  5006  5093 D cellinfo: 46 bytes from 155.146.11.34: icmp_seq=182 ttl=56 time=34.9 ms
08-04 21:17:17.171  5006  5093 D cellinfo: 46 bytes from 155.146.11.34: icmp_seq=183 ttl=56 time=36.8 ms
08-04 21:17:17.369  5006  5093 D cellinfo: 46 bytes from 155.146.11.34: icmp_seq=184 ttl=56 time=34.0 ms
08-04 21:17:17.584  5006  5093 D cellinfo: 46 bytes from 155.146.11.34: icmp_seq=185 ttl=56 time=47.7 ms
08-04 21:17:17.774  5006  5093 D cellinfo: 46 bytes from 155.146.11.34: icmp_seq=186 ttl=56 time=36.6 ms
08-04 21:17:17.973  5006  5093 D cellinfo: 46 bytes from 155.146.11.34: icmp_seq=187 ttl=56 time=35.2 ms
08-04 21:17:18.164  5006  5093 D cellinfo: 46 bytes from 155.146.11.34: icmp_seq=188 ttl=56 time=25.0 ms
08-04 21:17:18.381  5006  5093 D cellinfo: 46 bytes from 155.146.11.34: icmp_seq=189 ttl=56 time=41.4 ms
08-04 21:17:18.572  5006  5006 D cellinfo: Latitude is 42.3370763
08-04 21:17:18.572  5006  5006 D cellinfo: Longitude is -71.0869135
08-04 21:17:18.572  5006  5006 D cellinfo: Instantaneous GPS information: United States, 809 Columbus Ave, Boston, MA 02118, USA
08-04 21:17:18.572  5006  5006 D cellinfo: getCurrentLocation() result: Location (success): 42.3370763, -71.0869135
08-04 21:17:18.578  5006  5093 D cellinfo: 46 bytes from 155.146.11.34: icmp_seq=190 ttl=56 time=38.4 ms
08-04 21:17:18.619  5006  5006 D cellinfo: onCellInfoChanged: Operator: Verizon Wireless UpdateTimestamp: 1083663520 CellConnectionStatus: 1
08-04 21:17:18.619  5006  5006 D cellinfo: onCellInfoChanged: 5G-NR Cell Bands: [] ARFCN: 648672 Cell ID: 9223372036854775807 Physical Cell ID: 131 Tracking Area Code: 16777215
08-04 21:17:18.763  5006  5093 D cellinfo: 46 bytes from 155.146.11.34: icmp_seq=191 ttl=56 time=22.1 ms
08-04 21:17:18.973  5006  5093 D cellinfo: 46 bytes from 155.146.11.34: icmp_seq=192 ttl=56 time=31.0 ms
08-04 21:17:19.185  5006  5093 D cellinfo: 46 bytes from 155.146.11.34: icmp_seq=193 ttl=56 time=42.9 ms
08-04 21:17:19.379  5006  5093 D cellinfo: 46 bytes from 155.146.11.34: icmp_seq=194 ttl=56 time=35.5 ms
08-04 21:17:19.583  5006  5093 D cellinfo: 46 bytes from 155.146.11.34: icmp_seq=195 ttl=56 time=39.6 ms
08-04 21:17:19.794  5006  5093 D cellinfo: 46 bytes from 155.146.11.34: icmp_seq=196 ttl=56 time=49.3 ms
08-04 21:17:19.987  5006  5093 D cellinfo: 46 bytes from 155.146.11.34: icmp_seq=197 ttl=56 time=41.8 ms
08-04 21:17:20.174  5006  5006 D cellinfo: onsignalStrengthsChanged: LTE Signal Strength info: rsrp: -87 rsrq: -11 rssi: -55 rssnr: 7
08-04 21:17:20.174  5006  5006 D cellinfo: onsignalStrengthsChanged: 5G-NR Signal Strength info: ssrsrp: -105 ssrsrq: -13 sssinr: 5
08-04 21:17:20.189  5006  5093 D cellinfo: 46 bytes from 155.146.11.34: icmp_seq=198 ttl=56 time=43.8 ms
08-04 21:17:20.384  5006  5093 D cellinfo: 46 bytes from 155.146.11.34: icmp_seq=199 ttl=56 time=37.5 ms
08-04 21:17:20.590  5006  5093 D cellinfo: 46 bytes from 155.146.11.34: icmp_seq=200 ttl=56 time=42.7 ms
08-04 21:17:20.784  5006  5093 D cellinfo: 46 bytes from 155.146.11.34: icmp_seq=201 ttl=56 time=36.1 ms
08-04 21:17:20.988  5006  5093 D cellinfo: 46 bytes from 155.146.11.34: icmp_seq=202 ttl=56 time=39.5 ms
08-04 21:17:21.188  5006  5093 D cellinfo: 46 bytes from 155.146.11.34: icmp_seq=203 ttl=56 time=38.9 ms
08-04 21:17:21.378  5006  5093 D cellinfo: 46 bytes from 155.146.11.34: icmp_seq=204 ttl=56 time=27.5 ms
08-04 21:17:21.588  5006  5093 D cellinfo: 46 bytes from 155.146.11.34: icmp_seq=205 ttl=56 time=37.8 ms
08-04 21:17:21.602  5006  5006 D cellinfo: onCellInfoChanged: Operator: Verizon Wireless UpdateTimestamp: 1083666502 CellConnectionStatus: 1
08-04 21:17:21.602  5006  5006 D cellinfo: onCellInfoChanged: 5G-NR Cell Bands: [] ARFCN: 648672 Cell ID: 9223372036854775807 Physical Cell ID: 131 Tracking Area Code: 16777215
08-04 21:17:21.780  5006  5093 D cellinfo: 46 bytes from 155.146.11.34: icmp_seq=206 ttl=56 time=29.5 ms
08-04 21:17:21.979  5006  5093 D cellinfo: 46 bytes from 155.146.11.34: icmp_seq=207 ttl=56 time=26.5 ms
08-04 21:17:22.071  5006  5006 D cellinfo: Latitude is 42.3371113
08-04 21:17:22.071  5006  5006 D cellinfo: Longitude is -71.0869192
08-04 21:17:22.071  5006  5006 D cellinfo: Instantaneous GPS information: United States, 809 Columbus Ave, Boston, MA 02118, USA
08-04 21:17:22.071  5006  5006 D cellinfo: getCurrentLocation() result: Location (success): 42.3371113, -71.0869192
08-04 21:17:22.173  5006  5093 D cellinfo: 46 bytes from 155.146.11.34: icmp_seq=208 ttl=56 time=20.7 ms
08-04 21:17:22.388  5006  5093 D cellinfo: 46 bytes from 155.146.11.34: icmp_seq=209 ttl=56 time=34.8 ms
08-04 21:17:22.593  5006  5093 D cellinfo: 46 bytes from 155.146.11.34: icmp_seq=210 ttl=56 time=39.7 ms
08-04 21:17:22.784  5006  5093 D cellinfo: 46 bytes from 155.146.11.34: icmp_seq=211 ttl=56 time=29.1 ms
08-04 21:17:22.980  5006  5093 D cellinfo: 46 bytes from 155.146.11.34: icmp_seq=212 ttl=56 time=24.7 ms
08-04 21:17:23.188  5006  5093 D cellinfo: 46 bytes from 155.146.11.34: icmp_seq=213 ttl=56 time=31.6 ms
08-04 21:17:23.394  5006  5093 D cellinfo: 46 bytes from 155.146.11.34: icmp_seq=214 ttl=56 time=36.6 ms
08-04 21:17:23.594  5006  5093 D cellinfo: 46 bytes from 155.146.11.34: icmp_seq=215 ttl=56 time=36.3 ms
08-04 21:17:23.784  5006  5093 D cellinfo: 46 bytes from 155.146.11.34: icmp_seq=216 ttl=56 time=25.0 ms
08-04 21:17:24.003  5006  5093 D cellinfo: 46 bytes from 155.146.11.34: icmp_seq=217 ttl=56 time=43.3 ms
08-04 21:17:24.198  5006  5093 D cellinfo: 46 bytes from 155.146.11.34: icmp_seq=218 ttl=56 time=37.8 ms
08-04 21:17:24.389  5006  5093 D cellinfo: 46 bytes from 155.146.11.34: icmp_seq=219 ttl=56 time=27.6 ms
08-04 21:17:24.566  5006  5006 D cellinfo: Latitude is 42.3371113
08-04 21:17:24.566  5006  5006 D cellinfo: Longitude is -71.0869192
08-04 21:17:24.566  5006  5006 D cellinfo: Instantaneous GPS information: United States, 809 Columbus Ave, Boston, MA 02118, USA
08-04 21:17:24.566  5006  5006 D cellinfo: getCurrentLocation() result: Location (success): 42.3371113, -71.0869192
08-04 21:17:24.594  5006  5093 D cellinfo: 46 bytes from 155.146.11.34: icmp_seq=220 ttl=56 time=32.8 ms
08-04 21:17:24.620  5006  5006 D cellinfo: onCellInfoChanged: Operator: Verizon Wireless UpdateTimestamp: 1083669521 CellConnectionStatus: 1
08-04 21:17:24.620  5006  5006 D cellinfo: onCellInfoChanged: 5G-NR Cell Bands: [] ARFCN: 648672 Cell ID: 9223372036854775807 Physical Cell ID: 131 Tracking Area Code: 16777215
08-04 21:17:24.788  5006  5093 D cellinfo: 46 bytes from 155.146.11.34: icmp_seq=221 ttl=56 time=26.7 ms
08-04 21:17:25.001  5006  5093 D cellinfo: 46 bytes from 155.146.11.34: icmp_seq=222 ttl=56 time=38.7 ms
08-04 21:17:25.188  5006  5093 D cellinfo: 46 bytes from 155.146.11.34: icmp_seq=223 ttl=56 time=26.6 ms
08-04 21:17:25.209  5006  5006 D cellinfo: onsignalStrengthsChanged: LTE Signal Strength info: rsrp: -84 rsrq: -9 rssi: -53 rssnr: 7
08-04 21:17:25.209  5006  5006 D cellinfo: onsignalStrengthsChanged: 5G-NR Signal Strength info: ssrsrp: -107 ssrsrq: -14 sssinr: 0
08-04 21:17:25.388  5006  5093 D cellinfo: 46 bytes from 155.146.11.34: icmp_seq=224 ttl=56 time=25.2 ms
08-04 21:17:25.603  5006  5093 D cellinfo: 46 bytes from 155.146.11.34: icmp_seq=225 ttl=56 time=38.3 ms
08-04 21:17:25.798  5006  5093 D cellinfo: 46 bytes from 155.146.11.34: icmp_seq=226 ttl=56 time=32.2 ms
08-04 21:17:26.000  5006  5093 D cellinfo: 46 bytes from 155.146.11.34: icmp_seq=227 ttl=56 time=33.0 ms
08-04 21:17:26.193  5006  5093 D cellinfo: 46 bytes from 155.146.11.34: icmp_seq=228 ttl=56 time=26.0 ms
08-04 21:17:26.403  5006  5093 D cellinfo: 46 bytes from 155.146.11.34: icmp_seq=229 ttl=56 time=35.1 ms
08-04 21:17:26.608  5006  5093 D cellinfo: 46 bytes from 155.146.11.34: icmp_seq=230 ttl=56 time=39.1 ms
08-04 21:17:26.808  5006  5093 D cellinfo: 46 bytes from 155.146.11.34: icmp_seq=231 ttl=56 time=37.8 ms
08-04 21:17:26.994  5006  5093 D cellinfo: 46 bytes from 155.146.11.34: icmp_seq=232 ttl=56 time=23.2 ms
08-04 21:17:27.209  5006  5093 D cellinfo: 46 bytes from 155.146.11.34: icmp_seq=233 ttl=56 time=36.2 ms
08-04 21:17:27.410  5006  5093 D cellinfo: 46 bytes from 155.146.11.34: icmp_seq=234 ttl=56 time=37.0 ms
08-04 21:17:27.570  5006  5006 D cellinfo: Latitude is 42.3371113
08-04 21:17:27.570  5006  5006 D cellinfo: Longitude is -71.0869192
08-04 21:17:27.570  5006  5006 D cellinfo: Instantaneous GPS information: United States, 809 Columbus Ave, Boston, MA 02118, USA
08-04 21:17:27.570  5006  5006 D cellinfo: getCurrentLocation() result: Location (success): 42.3371113, -71.0869192
08-04 21:17:27.618  5006  5093 D cellinfo: 46 bytes from 155.146.11.34: icmp_seq=235 ttl=56 time=44.0 ms
08-04 21:17:27.629  5006  5006 D cellinfo: onCellInfoChanged: Operator: Verizon Wireless UpdateTimestamp: 1083672518 CellConnectionStatus: 1
08-04 21:17:27.629  5006  5006 D cellinfo: onCellInfoChanged: 5G-NR Cell Bands: [] ARFCN: 648672 Cell ID: 9223372036854775807 Physical Cell ID: 131 Tracking Area Code: 16777215
08-04 21:17:27.793  5006  5093 D cellinfo: 46 bytes from 155.146.11.34: icmp_seq=236 ttl=56 time=18.2 ms
08-04 21:17:28.015  5006  5093 D cellinfo: 46 bytes from 155.146.11.34: icmp_seq=237 ttl=56 time=37.9 ms
08-04 21:17:28.210  5006  5093 D cellinfo: 46 bytes from 155.146.11.34: icmp_seq=238 ttl=56 time=34.5 ms
08-04 21:17:28.412  5006  5093 D cellinfo: 46 bytes from 155.146.11.34: icmp_seq=239 ttl=56 time=35.5 ms
08-04 21:17:28.613  5006  5093 D cellinfo: 46 bytes from 155.146.11.34: icmp_seq=240 ttl=56 time=34.9 ms
08-04 21:17:28.814  5006  5093 D cellinfo: 46 bytes from 155.146.11.34: icmp_seq=241 ttl=56 time=34.6 ms
08-04 21:17:29.008  5006  5093 D cellinfo: 46 bytes from 155.146.11.34: icmp_seq=242 ttl=56 time=28.3 ms
08-04 21:17:29.211  5006  5093 D cellinfo: 46 bytes from 155.146.11.34: icmp_seq=243 ttl=56 time=30.8 ms
08-04 21:17:29.424  5006  5093 D cellinfo: 46 bytes from 155.146.11.34: icmp_seq=244 ttl=56 time=42.6 ms
08-04 21:17:29.619  5006  5093 D cellinfo: 46 bytes from 155.146.11.34: icmp_seq=245 ttl=56 time=37.4 ms
08-04 21:17:29.819  5006  5093 D cellinfo: 46 bytes from 155.146.11.34: icmp_seq=246 ttl=56 time=37.0 ms
08-04 21:17:30.009  5006  5093 D cellinfo: 46 bytes from 155.146.11.34: icmp_seq=247 ttl=56 time=25.8 ms
08-04 21:17:30.211  5006  5006 D cellinfo: onsignalStrengthsChanged: LTE Signal Strength info: rsrp: -84 rsrq: -10 rssi: -53 rssnr: 4
08-04 21:17:30.212  5006  5006 D cellinfo: onsignalStrengthsChanged: 5G-NR Signal Strength info: ssrsrp: -107 ssrsrq: -13 sssinr: 3
08-04 21:17:30.219  5006  5093 D cellinfo: 46 bytes from 155.146.11.34: icmp_seq=248 ttl=56 time=36.4 ms
08-04 21:17:30.436  5006  5093 D cellinfo: 46 bytes from 155.146.11.34: icmp_seq=249 ttl=56 time=51.8 ms
08-04 21:17:30.565  5006  5006 D cellinfo: Latitude is 42.3371113
08-04 21:17:30.565  5006  5006 D cellinfo: Longitude is -71.0869192
08-04 21:17:30.565  5006  5006 D cellinfo: Instantaneous GPS information: United States, 809 Columbus Ave, Boston, MA 02118, USA
08-04 21:17:30.565  5006  5006 D cellinfo: getCurrentLocation() result: Location (success): 42.3371113, -71.0869192
08-04 21:17:30.610  5006  5093 D cellinfo: 46 bytes from 155.146.11.34: icmp_seq=250 ttl=56 time=25.5 ms
08-04 21:17:30.617  5006  5006 D cellinfo: onCellInfoChanged: Operator: Verizon Wireless UpdateTimestamp: 1083675515 CellConnectionStatus: 1
08-04 21:17:30.617  5006  5006 D cellinfo: onCellInfoChanged: 5G-NR Cell Bands: [] ARFCN: 648672 Cell ID: 9223372036854775807 Physical Cell ID: 131 Tracking Area Code: 16777215
08-04 21:17:30.808  5006  5093 D cellinfo: 46 bytes from 155.146.11.34: icmp_seq=251 ttl=56 time=21.4 ms
08-04 21:17:31.020  5006  5093 D cellinfo: 46 bytes from 155.146.11.34: icmp_seq=252 ttl=56 time=32.7 ms
08-04 21:17:31.223  5006  5093 D cellinfo: 46 bytes from 155.146.11.34: icmp_seq=253 ttl=56 time=36.5 ms
08-04 21:17:31.413  5006  5093 D cellinfo: 46 bytes from 155.146.11.34: icmp_seq=254 ttl=56 time=25.7 ms
08-04 21:17:31.619  5006  5093 D cellinfo: 46 bytes from 155.146.11.34: icmp_seq=255 ttl=56 time=31.6 ms
08-04 21:17:31.821  5006  5093 D cellinfo: 46 bytes from 155.146.11.34: icmp_seq=256 ttl=56 time=33.2 ms
08-04 21:17:32.028  5006  5093 D cellinfo: 46 bytes from 155.146.11.34: icmp_seq=257 ttl=56 time=38.9 ms
08-04 21:17:32.214  5006  5093 D cellinfo: 46 bytes from 155.146.11.34: icmp_seq=258 ttl=56 time=24.0 ms
08-04 21:17:32.426  5006  5093 D cellinfo: 46 bytes from 155.146.11.34: icmp_seq=259 ttl=56 time=36.8 ms
08-04 21:17:32.629  5006  5093 D cellinfo: 46 bytes from 155.146.11.34: icmp_seq=260 ttl=56 time=39.0 ms
08-04 21:17:32.834  5006  5093 D cellinfo: 46 bytes from 155.146.11.34: icmp_seq=261 ttl=56 time=42.8 ms
08-04 21:17:33.020  5006  5093 D cellinfo: 46 bytes from 155.146.11.34: icmp_seq=262 ttl=56 time=27.5 ms
08-04 21:17:33.229  5006  5093 D cellinfo: 46 bytes from 155.146.11.34: icmp_seq=263 ttl=56 time=37.4 ms
08-04 21:17:33.424  5006  5093 D cellinfo: 46 bytes from 155.146.11.34: icmp_seq=264 ttl=56 time=32.3 ms
08-04 21:17:33.620  5006  5006 D cellinfo: onCellInfoChanged: Operator: Verizon Wireless UpdateTimestamp: 1083678519 CellConnectionStatus: 1
08-04 21:17:33.620  5006  5006 D cellinfo: onCellInfoChanged: 5G-NR Cell Bands: [] ARFCN: 648672 Cell ID: 9223372036854775807 Physical Cell ID: 131 Tracking Area Code: 16777215
08-04 21:17:33.626  5006  5093 D cellinfo: 46 bytes from 155.146.11.34: icmp_seq=265 ttl=56 time=33.8 ms
08-04 21:17:33.781  5006  5006 D cellinfo: Latitude is 42.3371069
08-04 21:17:33.781  5006  5006 D cellinfo: Longitude is -71.0869209
08-04 21:17:33.781  5006  5006 D cellinfo: Instantaneous GPS information: United States, 809 Columbus Ave, Boston, MA 02118, USA
08-04 21:17:33.781  5006  5006 D cellinfo: getCurrentLocation() result: Location (success): 42.3371069, -71.0869209
08-04 21:17:33.817  5006  5093 D cellinfo: 46 bytes from 155.146.11.34: icmp_seq=266 ttl=56 time=23.7 ms
08-04 21:17:34.020  5006  5093 D cellinfo: 46 bytes from 155.146.11.34: icmp_seq=267 ttl=56 time=26.4 ms
08-04 21:17:34.219  5006  5006 D cellinfo: onsignalStrengthsChanged: LTE Signal Strength info: rsrp: -87 rsrq: -12 rssi: -55 rssnr: 4
08-04 21:17:34.219  5006  5006 D cellinfo: onsignalStrengthsChanged: 5G-NR Signal Strength info: ssrsrp: -106 ssrsrq: -13 sssinr: 5
08-04 21:17:34.235  5006  5093 D cellinfo: 46 bytes from 155.146.11.34: icmp_seq=268 ttl=56 time=41.1 ms
08-04 21:17:34.434  5006  5093 D cellinfo: 46 bytes from 155.146.11.34: icmp_seq=269 ttl=56 time=39.3 ms
08-04 21:17:34.634  5006  5093 D cellinfo: 46 bytes from 155.146.11.34: icmp_seq=270 ttl=56 time=37.8 ms
08-04 21:17:34.824  5006  5093 D cellinfo: 46 bytes from 155.146.11.34: icmp_seq=271 ttl=56 time=27.3 ms
08-04 21:17:35.034  5006  5093 D cellinfo: 46 bytes from 155.146.11.34: icmp_seq=272 ttl=56 time=37.4 ms
08-04 21:17:35.240  5006  5093 D cellinfo: 46 bytes from 155.146.11.34: icmp_seq=273 ttl=56 time=43.3 ms
08-04 21:17:35.439  5006  5093 D cellinfo: 46 bytes from 155.146.11.34: icmp_seq=274 ttl=56 time=42.6 ms
08-04 21:17:35.623  5006  5093 D cellinfo: 46 bytes from 155.146.11.34: icmp_seq=275 ttl=56 time=25.9 ms
08-04 21:17:35.836  5006  5093 D cellinfo: 46 bytes from 155.146.11.34: icmp_seq=276 ttl=56 time=37.5 ms
08-04 21:17:36.040  5006  5093 D cellinfo: 46 bytes from 155.146.11.34: icmp_seq=277 ttl=56 time=41.0 ms
08-04 21:17:36.233  5006  5093 D cellinfo: 46 bytes from 155.146.11.34: icmp_seq=278 ttl=56 time=34.7 ms
08-04 21:17:36.420  5006  5093 D cellinfo: 46 bytes from 155.146.11.34: icmp_seq=279 ttl=56 time=21.2 ms
08-04 21:17:36.568  5006  5006 D cellinfo: Latitude is 42.3371069
08-04 21:17:36.568  5006  5006 D cellinfo: Longitude is -71.0869209
08-04 21:17:36.568  5006  5006 D cellinfo: Instantaneous GPS information: United States, 809 Columbus Ave, Boston, MA 02118, USA
08-04 21:17:36.568  5006  5006 D cellinfo: getCurrentLocation() result: Location (success): 42.3371069, -71.0869209
08-04 21:17:36.619  5006  5006 D cellinfo: onCellInfoChanged: Operator: Verizon Wireless UpdateTimestamp: 1083681520 CellConnectionStatus: 1
08-04 21:17:36.619  5006  5006 D cellinfo: onCellInfoChanged: 5G-NR Cell Bands: [] ARFCN: 648672 Cell ID: 9223372036854775807 Physical Cell ID: 131 Tracking Area Code: 16777215
08-04 21:17:36.630  5006  5093 D cellinfo: 46 bytes from 155.146.11.34: icmp_seq=280 ttl=56 time=29.8 ms
08-04 21:17:36.823  5006  5093 D cellinfo: 46 bytes from 155.146.11.34: icmp_seq=281 ttl=56 time=22.8 ms
08-04 21:17:37.039  5006  5093 D cellinfo: 46 bytes from 155.146.11.34: icmp_seq=282 ttl=56 time=38.0 ms
08-04 21:17:37.228  5006  5093 D cellinfo: 46 bytes from 155.146.11.34: icmp_seq=283 ttl=56 time=26.2 ms
08-04 21:17:37.251  5006  5006 D cellinfo: onsignalStrengthsChanged: LTE Signal Strength info: rsrp: -84 rsrq: -9 rssi: -55 rssnr: 4
08-04 21:17:37.251  5006  5006 D cellinfo: onsignalStrengthsChanged: 5G-NR Signal Strength info: ssrsrp: -107 ssrsrq: -13 sssinr: 5
08-04 21:17:37.439  5006  5093 D cellinfo: 46 bytes from 155.146.11.34: icmp_seq=284 ttl=56 time=36.5 ms
08-04 21:17:37.659  5006  5093 D cellinfo: 46 bytes from 155.146.11.34: icmp_seq=285 ttl=56 time=55.0 ms
08-04 21:17:37.846  5006  5093 D cellinfo: 46 bytes from 155.146.11.34: icmp_seq=286 ttl=56 time=40.3 ms
08-04 21:17:38.034  5006  5093 D cellinfo: 46 bytes from 155.146.11.34: icmp_seq=287 ttl=56 time=28.4 ms
08-04 21:17:38.244  5006  5093 D cellinfo: 46 bytes from 155.146.11.34: icmp_seq=288 ttl=56 time=36.9 ms
08-04 21:17:38.445  5006  5093 D cellinfo: 46 bytes from 155.146.11.34: icmp_seq=289 ttl=56 time=37.4 ms
08-04 21:17:38.634  5006  5093 D cellinfo: 46 bytes from 155.146.11.34: icmp_seq=290 ttl=56 time=25.1 ms
08-04 21:17:38.839  5006  5093 D cellinfo: 46 bytes from 155.146.11.34: icmp_seq=291 ttl=56 time=29.9 ms
08-04 21:17:39.051  5006  5093 D cellinfo: 46 bytes from 155.146.11.34: icmp_seq=292 ttl=56 time=39.7 ms
08-04 21:17:39.249  5006  5093 D cellinfo: 46 bytes from 155.146.11.34: icmp_seq=293 ttl=56 time=37.2 ms
08-04 21:17:39.460  5006  5093 D cellinfo: 46 bytes from 155.146.11.34: icmp_seq=294 ttl=56 time=47.0 ms
08-04 21:17:39.570  5006  5006 D cellinfo: Latitude is 42.3371069
08-04 21:17:39.570  5006  5006 D cellinfo: Longitude is -71.0869209
08-04 21:17:39.570  5006  5006 D cellinfo: Instantaneous GPS information: United States, 809 Columbus Ave, Boston, MA 02118, USA
08-04 21:17:39.570  5006  5006 D cellinfo: getCurrentLocation() result: Location (success): 42.3371069, -71.0869209
08-04 21:17:39.618  5006  5006 D cellinfo: onCellInfoChanged: Operator: Verizon Wireless UpdateTimestamp: 1083684517 CellConnectionStatus: 1
08-04 21:17:39.618  5006  5006 D cellinfo: onCellInfoChanged: 5G-NR Cell Bands: [] ARFCN: 648672 Cell ID: 9223372036854775807 Physical Cell ID: 131 Tracking Area Code: 16777215
08-04 21:17:39.643  5006  5093 D cellinfo: 46 bytes from 155.146.11.34: icmp_seq=295 ttl=56 time=29.9 ms
08-04 21:17:39.841  5006  5093 D cellinfo: 46 bytes from 155.146.11.34: icmp_seq=296 ttl=56 time=26.3 ms
08-04 21:17:40.053  5006  5093 D cellinfo: 46 bytes from 155.146.11.34: icmp_seq=297 ttl=56 time=37.6 ms
