08-04 21:19:46.774  5006  5093 D cellinfo: 46 bytes from 155.146.11.34: icmp_seq=928 ttl=56 time=59.6 ms
08-04 21:19:46.965  5006  5093 D cellinfo: 46 bytes from 155.146.11.34: icmp_seq=929 ttl=56 time=48.4 ms
08-04 21:19:47.165  5006  5093 D cellinfo: 46 bytes from 155.146.11.34: icmp_seq=930 ttl=56 time=47.8 ms
08-04 21:19:47.373  5006  5093 D cellinfo: 46 bytes from 155.146.11.34: icmp_seq=931 ttl=56 time=55.6 ms
08-04 21:19:47.592  5006  5093 D cellinfo: 46 bytes from 155.146.11.34: icmp_seq=932 ttl=56 time=74.4 ms
08-04 21:19:47.753  5006  5093 D cellinfo: 46 bytes from 155.146.11.34: icmp_seq=933 ttl=56 time=35.0 ms
08-04 21:19:47.965  5006  5093 D cellinfo: 46 bytes from 155.146.11.34: icmp_seq=934 ttl=56 time=45.7 ms
08-04 21:19:48.175  5006  5093 D cellinfo: 46 bytes from 155.146.11.34: icmp_seq=935 ttl=56 time=55.6 ms
08-04 21:19:48.386  5006  5093 D cellinfo: 46 bytes from 155.146.11.34: icmp_seq=936 ttl=56 time=66.0 ms
08-04 21:19:48.564  5006  5093 D cellinfo: 46 bytes from 155.146.11.34: icmp_seq=937 ttl=56 time=43.7 ms
08-04 21:19:48.583  5006  5006 D cellinfo: Latitude is 42.3370754
08-04 21:19:48.583  5006  5006 D cellinfo: Longitude is -71.0869155
08-04 21:19:48.583  5006  5006 D cellinfo: Instantaneous GPS information: United States, 809 Columbus Ave, Boston, MA 02118, USA
08-04 21:19:48.583  5006  5006 D cellinfo: getCurrentLocation() result: Location (success): 42.3370754, -71.0869155
08-04 21:19:48.630  5006  5006 D cellinfo: onCellInfoChanged: Operator: Verizon Wireless UpdateTimestamp: 1083813531 CellConnectionStatus: 1
08-04 21:19:48.630  5006  5006 D cellinfo: onCellInfoChanged: 5G-NR Cell Bands: [] ARFCN: 648672 Cell ID: 9223372036854775807 Physical Cell ID: 131 Tracking Area Code: 16777215
08-04 21:19:48.754  5006  5093 D cellinfo: 46 bytes from 155.146.11.34: icmp_seq=938 ttl=56 time=32.2 ms
08-04 21:19:48.994  5006  5093 D cellinfo: 46 bytes from 155.146.11.34: icmp_seq=939 ttl=56 time=72.1 ms
08-04 21:19:49.200  5006  5093 D cellinfo: 46 bytes from 155.146.11.34: icmp_seq=940 ttl=56 time=76.6 ms
08-04 21:19:49.398  5006  5093 D cellinfo: 46 bytes from 155.146.11.34: icmp_seq=941 ttl=56 time=74.8 ms
08-04 21:19:49.563  5006  5093 D cellinfo: 46 bytes from 155.146.11.34: icmp_seq=942 ttl=56 time=39.3 ms
08-04 21:19:49.754  5006  5093 D cellinfo: 46 bytes from 155.146.11.34: icmp_seq=943 ttl=56 time=28.3 ms
08-04 21:19:49.986  5006  5093 D cellinfo: 46 bytes from 155.146.11.34: icmp_seq=944 ttl=56 time=59.5 ms
08-04 21:19:50.173  5006  5093 D cellinfo: 46 bytes from 155.146.11.34: icmp_seq=945 ttl=56 time=45.7 ms
08-04 21:19:50.374  5006  5093 D cellinfo: 46 bytes from 155.146.11.34: icmp_seq=946 ttl=56 time=46.3 ms
08-04 21:19:50.413  5006  5006 D cellinfo: onsignalStrengthsChanged: LTE Signal Strength info: rsrp: -87 rsrq: -12 rssi: -55 rssnr: -2
08-04 21:19:50.413  5006  5006 D cellinfo: onsignalStrengthsChanged: 5G-NR Signal Strength info: ssrsrp: -115 ssrsrq: -16 sssinr: 0
08-04 21:19:50.595  5006  5093 D cellinfo: 46 bytes from 155.146.11.34: icmp_seq=947 ttl=56 time=66.3 ms
08-04 21:19:50.793  5006  5093 D cellinfo: 46 bytes from 155.146.11.34: icmp_seq=948 ttl=56 time=63.3 ms
08-04 21:19:50.995  5006  5093 D cellinfo: 46 bytes from 155.146.11.34: icmp_seq=949 ttl=56 time=65.5 ms
08-04 21:19:51.164  5006  5093 D cellinfo: 46 bytes from 155.146.11.34: icmp_seq=950 ttl=56 time=33.4 ms
08-04 21:19:51.385  5006  5093 D cellinfo: 46 bytes from 155.146.11.34: icmp_seq=951 ttl=56 time=52.3 ms
08-04 21:19:51.573  5006  5006 D cellinfo: Latitude is 42.3370754
08-04 21:19:51.573  5006  5006 D cellinfo: Longitude is -71.0869155
08-04 21:19:51.573  5006  5006 D cellinfo: Instantaneous GPS information: United States, 809 Columbus Ave, Boston, MA 02118, USA
08-04 21:19:51.573  5006  5006 D cellinfo: getCurrentLocation() result: Location (success): 42.3370754, -71.0869155
08-04 21:19:51.602  5006  5093 D cellinfo: 46 bytes from 155.146.11.34: icmp_seq=952 ttl=56 time=69.4 ms
08-04 21:19:51.622  5006  5006 D cellinfo: onCellInfoChanged: Operator: Verizon Wireless UpdateTimestamp: 1083816522 CellConnectionStatus: 1
08-04 21:19:51.622  5006  5006 D cellinfo: onCellInfoChanged: 5G-NR Cell Bands: [] ARFCN: 648672 Cell ID: 9223372036854775807 Physical Cell ID: 131 Tracking Area Code: 16777215
08-04 21:19:51.764  5006  5093 D cellinfo: 46 bytes from 155.146.11.34: icmp_seq=953 ttl=56 time=29.4 ms
08-04 21:19:51.986  5006  5093 D cellinfo: 46 bytes from 155.146.11.34: icmp_seq=954 ttl=56 time=50.8 ms
08-04 21:19:52.186  5006  5093 D cellinfo: 46 bytes from 155.146.11.34: icmp_seq=955 ttl=56 time=51.1 ms
08-04 21:19:52.400  5006  5093 D cellinfo: 46 bytes from 155.146.11.34: icmp_seq=956 ttl=56 time=63.9 ms
08-04 21:19:52.574  5006  5093 D cellinfo: 46 bytes from 155.146.11.34: icmp_seq=957 ttl=56 time=37.7 ms
08-04 21:19:52.774  5006  5093 D cellinfo: 46 bytes from 155.146.11.34: icmp_seq=958 ttl=56 time=36.9 ms
08-04 21:19:53.013  5006  5093 D cellinfo: 46 bytes from 155.146.11.34: icmp_seq=959 ttl=56 time=74.1 ms
08-04 21:19:53.200  5006  5093 D cellinfo: 46 bytes from 155.146.11.34: icmp_seq=960 ttl=56 time=61.0 ms
08-04 21:19:53.397  5006  5093 D cellinfo: 46 bytes from 155.146.11.34: icmp_seq=961 ttl=56 time=57.3 ms
08-04 21:19:53.422  5006  5006 D cellinfo: onsignalStrengthsChanged: LTE Signal Strength info: rsrp: -81 rsrq: -9 rssi: -51 rssnr: 0
08-04 21:19:53.422  5006  5006 D cellinfo: onsignalStrengthsChanged: 5G-NR Signal Strength info: ssrsrp: -114 ssrsrq: -15 sssinr: 0
08-04 21:19:53.596  5006  5093 D cellinfo: 46 bytes from 155.146.11.34: icmp_seq=962 ttl=56 time=55.4 ms
08-04 21:19:53.775  5006  5093 D cellinfo: 46 bytes from 155.146.11.34: icmp_seq=963 ttl=56 time=34.5 ms
08-04 21:19:53.999  5006  5093 D cellinfo: 46 bytes from 155.146.11.34: icmp_seq=964 ttl=56 time=58.0 ms
08-04 21:19:54.193  5006  5093 D cellinfo: 46 bytes from 155.146.11.34: icmp_seq=965 ttl=56 time=51.9 ms
08-04 21:19:54.406  5006  5093 D cellinfo: 46 bytes from 155.146.11.34: icmp_seq=966 ttl=56 time=63.6 ms
08-04 21:19:54.573  5006  5006 D cellinfo: Latitude is 42.3370754
08-04 21:19:54.573  5006  5006 D cellinfo: Longitude is -71.0869155
08-04 21:19:54.573  5006  5006 D cellinfo: Instantaneous GPS information: United States, 809 Columbus Ave, Boston, MA 02118, USA
08-04 21:19:54.573  5006  5006 D cellinfo: getCurrentLocation() result: Location (success): 42.3370754, -71.0869155
08-04 21:19:54.599  5006  5093 D cellinfo: 46 bytes from 155.146.11.34: icmp_seq=967 ttl=56 time=56.1 ms
08-04 21:19:54.626  5006  5006 D cellinfo: onCellInfoChanged: Operator: Verizon Wireless UpdateTimestamp: 1083819526 CellConnectionStatus: 1
08-04 21:19:54.626  5006  5006 D cellinfo: onCellInfoChanged: 5G-NR Cell Bands: [] ARFCN: 648672 Cell ID: 9223372036854775807 Physical Cell ID: 131 Tracking Area Code: 16777215
08-04 21:19:54.774  5006  5093 D cellinfo: 46 bytes from 155.146.11.34: icmp_seq=968 ttl=56 time=30.0 ms
08-04 21:19:54.976  5006  5093 D cellinfo: 46 bytes from 155.146.11.34: icmp_seq=969 ttl=56 time=31.2 ms
08-04 21:19:55.193  5006  5093 D cellinfo: 46 bytes from 155.146.11.34: icmp_seq=970 ttl=56 time=47.0 ms
08-04 21:19:55.394  5006  5093 D cellinfo: 46 bytes from 155.146.11.34: icmp_seq=971 ttl=56 time=47.7 ms
08-04 21:19:55.603  5006  5093 D cellinfo: 46 bytes from 155.146.11.34: icmp_seq=972 ttl=56 time=56.0 ms
08-04 21:19:55.795  5006  5093 D cellinfo: 46 bytes from 155.146.11.34: icmp_seq=973 ttl=56 time=46.6 ms
08-04 21:19:56.016  5006  5093 D cellinfo: 46 bytes from 155.146.11.34: icmp_seq=974 ttl=56 time=67.5 ms
08-04 21:19:56.195  5006  5093 D cellinfo: 46 bytes from 155.146.11.34: icmp_seq=975 ttl=56 time=47.1 ms
08-04 21:19:56.405  5006  5093 D cellinfo: 46 bytes from 155.146.11.34: icmp_seq=976 ttl=56 time=55.8 ms
08-04 21:19:56.601  5006  5093 D cellinfo: 46 bytes from 155.146.11.34: icmp_seq=977 ttl=56 time=50.6 ms
08-04 21:19:56.793  5006  5093 D cellinfo: 46 bytes from 155.146.11.34: icmp_seq=978 ttl=56 time=42.7 ms
08-04 21:19:57.023  5006  5093 D cellinfo: 46 bytes from 155.146.11.34: icmp_seq=979 ttl=56 time=72.2 ms
08-04 21:19:57.195  5006  5093 D cellinfo: 46 bytes from 155.146.11.34: icmp_seq=980 ttl=56 time=43.3 ms
08-04 21:19:57.397  5006  5093 D cellinfo: 46 bytes from 155.146.11.34: icmp_seq=981 ttl=56 time=44.7 ms
08-04 21:19:57.418  5006  5006 D cellinfo: onsignalStrengthsChanged: LTE Signal Strength info: rsrp: -86 rsrq: -10 rssi: -55 rssnr: 1
08-04 21:19:57.418  5006  5006 D cellinfo: onsignalStrengthsChanged: 5G-NR Signal Strength info: ssrsrp: -115 ssrsrq: -15 sssinr: -1
08-04 21:19:57.599  5006  5093 D cellinfo: 46 bytes from 155.146.11.34: icmp_seq=982 ttl=56 time=46.6 ms
08-04 21:19:57.609  5006  5006 D cellinfo: onCellInfoChanged: Operator: Verizon Wireless UpdateTimestamp: 1083822504 CellConnectionStatus: 1
08-04 21:19:57.609  5006  5006 D cellinfo: onCellInfoChanged: 5G-NR Cell Bands: [] ARFCN: 648672 Cell ID: 9223372036854775807 Physical Cell ID: 131 Tracking Area Code: 16777215
08-04 21:19:57.783  5006  5093 D cellinfo: 46 bytes from 155.146.11.34: icmp_seq=983 ttl=56 time=29.5 ms
08-04 21:19:57.786  5006  5006 D cellinfo: Latitude is 42.3370764
08-04 21:19:57.786  5006  5006 D cellinfo: Longitude is -71.0869111
08-04 21:19:57.786  5006  5006 D cellinfo: Instantaneous GPS information: United States, 809 Columbus Ave, Boston, MA 02118, USA
08-04 21:19:57.787  5006  5006 D cellinfo: getCurrentLocation() result: Location (success): 42.3370764, -71.0869111
08-04 21:19:58.002  5006  5093 D cellinfo: 46 bytes from 155.146.11.34: icmp_seq=984 ttl=56 time=46.8 ms
08-04 21:19:58.196  5006  5093 D cellinfo: 46 bytes from 155.146.11.34: icmp_seq=985 ttl=56 time=41.8 ms
08-04 21:19:58.406  5006  5093 D cellinfo: 46 bytes from 155.146.11.34: icmp_seq=986 ttl=56 time=50.4 ms
08-04 21:19:58.616  5006  5093 D cellinfo: 46 bytes from 155.146.11.34: icmp_seq=987 ttl=56 time=58.9 ms
08-04 21:19:58.816  5006  5093 D cellinfo: 46 bytes from 155.146.11.34: icmp_seq=988 ttl=56 time=58.1 ms
08-04 21:19:59.022  5006  5093 D cellinfo: 46 bytes from 155.146.11.34: icmp_seq=989 ttl=56 time=64.6 ms
08-04 21:19:59.215  5006  5093 D cellinfo: 46 bytes from 155.146.11.34: icmp_seq=990 ttl=56 time=57.9 ms
08-04 21:19:59.418  5006  5093 D cellinfo: 46 bytes from 155.146.11.34: icmp_seq=991 ttl=56 time=59.6 ms
08-04 21:19:59.606  5006  5093 D cellinfo: 46 bytes from 155.146.11.34: icmp_seq=992 ttl=56 time=47.8 ms
08-04 21:19:59.795  5006  5093 D cellinfo: 46 bytes from 155.146.11.34: icmp_seq=993 ttl=56 time=36.5 ms
08-04 21:20:00.017  5006  5093 D cellinfo: 46 bytes from 155.146.11.34: icmp_seq=994 ttl=56 time=56.6 ms
08-04 21:20:00.224  5006  5093 D cellinfo: 46 bytes from 155.146.11.34: icmp_seq=995 ttl=56 time=64.8 ms
08-04 21:20:00.404  5006  5093 D cellinfo: 46 bytes from 155.146.11.34: icmp_seq=996 ttl=56 time=43.2 ms
08-04 21:20:00.569  5006  5006 D cellinfo: Latitude is 42.3370764
08-04 21:20:00.569  5006  5006 D cellinfo: Longitude is -71.0869111
08-04 21:20:00.569  5006  5006 D cellinfo: Instantaneous GPS information: United States, 809 Columbus Ave, Boston, MA 02118, USA
08-04 21:20:00.569  5006  5006 D cellinfo: getCurrentLocation() result: Location (success): 42.3370764, -71.0869111
08-04 21:20:00.605  5006  5093 D cellinfo: 46 bytes from 155.146.11.34: icmp_seq=997 ttl=56 time=43.3 ms
08-04 21:20:00.614  5006  5006 D cellinfo: onCellInfoChanged: Operator: Verizon Wireless UpdateTimestamp: 1083825514 CellConnectionStatus: 1
08-04 21:20:00.614  5006  5006 D cellinfo: onCellInfoChanged: 5G-NR Cell Bands: [] ARFCN: 648672 Cell ID: 9223372036854775807 Physical Cell ID: 131 Tracking Area Code: 16777215
08-04 21:20:00.792  5006  5093 D cellinfo: 46 bytes from 155.146.11.34: icmp_seq=998 ttl=56 time=29.6 ms
08-04 21:20:01.025  5006  5093 D cellinfo: 46 bytes from 155.146.11.34: icmp_seq=999 ttl=56 time=60.7 ms
08-04 21:20:01.214  5006  5093 D cellinfo: 46 bytes from 155.146.11.34: icmp_seq=1000 ttl=56 time=50.0 ms
08-04 21:20:01.414  5006  5006 D cellinfo: onsignalStrengthsChanged: LTE Signal Strength info: rsrp: -86 rsrq: -12 rssi: -55 rssnr: -6
08-04 21:20:01.414  5006  5006 D cellinfo: onsignalStrengthsChanged: 5G-NR Signal Strength info: ssrsrp: -114 ssrsrq: -15 sssinr: -1
08-04 21:20:01.423  5006  5093 D cellinfo: 46 bytes from 155.146.11.34: icmp_seq=1001 ttl=56 time=58.9 ms
08-04 21:20:01.626  5006  5093 D cellinfo: 46 bytes from 155.146.11.34: icmp_seq=1002 ttl=56 time=60.1 ms
08-04 21:20:01.826  5006  5093 D cellinfo: 46 bytes from 155.146.11.34: icmp_seq=1003 ttl=56 time=60.1 ms
08-04 21:20:02.014  5006  5093 D cellinfo: 46 bytes from 155.146.11.34: icmp_seq=1004 ttl=56 time=46.6 ms
08-04 21:20:02.223  5006  5093 D cellinfo: 46 bytes from 155.146.11.34: icmp_seq=1005 ttl=56 time=56.4 ms
08-04 21:20:02.435  5006  5093 D cellinfo: 46 bytes from 155.146.11.34: icmp_seq=1006 ttl=56 time=67.1 ms
08-04 21:20:02.639  5006  5093 D cellinfo: 46 bytes from 155.146.11.34: icmp_seq=1007 ttl=56 time=70.2 ms
08-04 21:20:02.825  5006  5093 D cellinfo: 46 bytes from 155.146.11.34: icmp_seq=1008 ttl=56 time=54.4 ms
08-04 21:20:03.015  5006  5093 D cellinfo: 46 bytes from 155.146.11.34: icmp_seq=1009 ttl=56 time=44.9 ms
08-04 21:20:03.235  5006  5093 D cellinfo: 46 bytes from 155.146.11.34: icmp_seq=1010 ttl=56 time=65.1 ms
08-04 21:20:03.426  5006  5093 D cellinfo: 46 bytes from 155.146.11.34: icmp_seq=1011 ttl=56 time=55.7 ms
08-04 21:20:03.575  5006  5006 D cellinfo: Latitude is 42.3370764
08-04 21:20:03.575  5006  5006 D cellinfo: Longitude is -71.0869111
08-04 21:20:03.575  5006  5006 D cellinfo: Instantaneous GPS information: United States, 809 Columbus Ave, Boston, MA 02118, USA
08-04 21:20:03.575  5006  5006 D cellinfo: getCurrentLocation() result: Location (success): 42.3370764, -71.0869111
08-04 21:20:03.614  5006  5093 D cellinfo: 46 bytes from 155.146.11.34: icmp_seq=1012 ttl=56 time=42.9 ms
08-04 21:20:03.620  5006  5006 D cellinfo: onCellInfoChanged: Operator: Verizon Wireless UpdateTimestamp: 1083828520 CellConnectionStatus: 1
08-04 21:20:03.620  5006  5006 D cellinfo: onCellInfoChanged: 5G-NR Cell Bands: [] ARFCN: 648672 Cell ID: 9223372036854775807 Physical Cell ID: 131 Tracking Area Code: 16777215
08-04 21:20:03.813  5006  5093 D cellinfo: 46 bytes from 155.146.11.34: icmp_seq=1013 ttl=56 time=41.2 ms
08-04 21:20:04.026  5006  5093 D cellinfo: 46 bytes from 155.146.11.34: icmp_seq=1014 ttl=56 time=53.1 ms
08-04 21:20:04.226  5006  5093 D cellinfo: 46 bytes from 155.146.11.34: icmp_seq=1015 ttl=56 time=53.0 ms
08-04 21:20:04.413  5006  5093 D cellinfo: 46 bytes from 155.146.11.34: icmp_seq=1016 ttl=56 time=38.8 ms
08-04 21:20:04.634  5006  5093 D cellinfo: 46 bytes from 155.146.11.34: icmp_seq=1017 ttl=56 time=59.9 ms
08-04 21:20:04.814  5006  5093 D cellinfo: 46 bytes from 155.146.11.34: icmp_seq=1018 ttl=56 time=38.6 ms
08-04 21:20:05.017  5006  5093 D cellinfo: 46 bytes from 155.146.11.34: icmp_seq=1019 ttl=56 time=41.0 ms
08-04 21:20:05.215  5006  5093 D cellinfo: 46 bytes from 155.146.11.34: icmp_seq=1020 ttl=56 time=39.4 ms
08-04 21:20:05.420  5006  5006 D cellinfo: onsignalStrengthsChanged: LTE Signal Strength info: rsrp: -86 rsrq: -10 rssi: -57 rssnr: 0
08-04 21:20:05.420  5006  5006 D cellinfo: onsignalStrengthsChanged: 5G-NR Signal Strength info: ssrsrp: -114 ssrsrq: -15 sssinr: -3
08-04 21:20:05.445  5006  5093 D cellinfo: 46 bytes from 155.146.11.34: icmp_seq=1021 ttl=56 time=67.7 ms
08-04 21:20:05.624  5006  5093 D cellinfo: 46 bytes from 155.146.11.34: icmp_seq=1022 ttl=56 time=45.8 ms
08-04 21:20:05.824  5006  5093 D cellinfo: 46 bytes from 155.146.11.34: icmp_seq=1023 ttl=56 time=45.3 ms
08-04 21:20:06.034  5006  5093 D cellinfo: 46 bytes from 155.146.11.34: icmp_seq=1024 ttl=56 time=53.9 ms
08-04 21:20:06.253  5006  5093 D cellinfo: 46 bytes from 155.146.11.34: icmp_seq=1025 ttl=56 time=73.6 ms
08-04 21:20:06.445  5006  5093 D cellinfo: 46 bytes from 155.146.11.34: icmp_seq=1026 ttl=56 time=64.2 ms
08-04 21:20:06.574  5006  5006 D cellinfo: Latitude is 42.3370764
08-04 21:20:06.574  5006  5006 D cellinfo: Longitude is -71.0869111
08-04 21:20:06.574  5006  5006 D cellinfo: Instantaneous GPS information: United States, 809 Columbus Ave, Boston, MA 02118, USA
08-04 21:20:06.574  5006  5006 D cellinfo: getCurrentLocation() result: Location (success): 42.3370764, -71.0869111
08-04 21:20:06.620  5006  5006 D cellinfo: onCellInfoChanged: Operator: Verizon Wireless UpdateTimestamp: 1083831520 CellConnectionStatus: 1
08-04 21:20:06.620  5006  5006 D cellinfo: onCellInfoChanged: 5G-NR Cell Bands: [] ARFCN: 648672 Cell ID: 9223372036854775807 Physical Cell ID: 131 Tracking Area Code: 16777215
08-04 21:20:06.642  5006  5093 D cellinfo: 46 bytes from 155.146.11.34: icmp_seq=1027 ttl=56 time=61.0 ms
08-04 21:20:06.825  5006  5093 D cellinfo: 46 bytes from 155.146.11.34: icmp_seq=1028 ttl=56 time=42.7 ms
08-04 21:20:07.034  5006  5093 D cellinfo: 46 bytes from 155.146.11.34: icmp_seq=1029 ttl=56 time=51.4 ms
08-04 21:20:07.254  5006  5093 D cellinfo: 46 bytes from 155.146.11.34: icmp_seq=1030 ttl=56 time=72.2 ms
08-04 21:20:07.440  5006  5093 D cellinfo: 46 bytes from 155.146.11.34: icmp_seq=1031 ttl=56 time=56.7 ms
08-04 21:20:07.640  5006  5093 D cellinfo: 46 bytes from 155.146.11.34: icmp_seq=1032 ttl=56 time=56.8 ms
08-04 21:20:07.837  5006  5093 D cellinfo: 46 bytes from 155.146.11.34: icmp_seq=1033 ttl=56 time=50.8 ms
08-04 21:20:08.022  5006  5093 D cellinfo: 46 bytes from 155.146.11.34: icmp_seq=1034 ttl=56 time=36.6 ms
08-04 21:20:08.214  5006  5093 D cellinfo: 46 bytes from 155.146.11.34: icmp_seq=1035 ttl=56 time=28.6 ms
08-04 21:20:08.438  5006  5093 D cellinfo: 46 bytes from 155.146.11.34: icmp_seq=1036 ttl=56 time=52.1 ms
08-04 21:20:08.624  5006  5093 D cellinfo: 46 bytes from 155.146.11.34: icmp_seq=1037 ttl=56 time=36.7 ms
08-04 21:20:08.835  5006  5093 D cellinfo: 46 bytes from 155.146.11.34: icmp_seq=1038 ttl=56 time=46.7 ms
08-04 21:20:09.046  5006  5093 D cellinfo: 46 bytes from 155.146.11.34: icmp_seq=1039 ttl=56 time=57.1 ms
08-04 21:20:09.255  5006  5093 D cellinfo: 46 bytes from 155.146.11.34: icmp_seq=1040 ttl=56 time=67.4 ms
08-04 21:20:09.463  5006  5093 D cellinfo: 46 bytes from 155.146.11.34: icmp_seq=1041 ttl=56 time=74.8 ms
08-04 21:20:09.610  5006  5006 D cellinfo: onCellInfoChanged: Operator: Verizon Wireless UpdateTimestamp: 1083834511 CellConnectionStatus: 1
08-04 21:20:09.610  5006  5006 D cellinfo: onCellInfoChanged: 5G-NR Cell Bands: [] ARFCN: 648672 Cell ID: 9223372036854775807 Physical Cell ID: 131 Tracking Area Code: 16777215
08-04 21:20:09.645  5006  5093 D cellinfo: 46 bytes from 155.146.11.34: icmp_seq=1042 ttl=56 time=56.0 ms
08-04 21:20:09.785  5006  5006 D cellinfo: Latitude is 42.3370739
08-04 21:20:09.785  5006  5006 D cellinfo: Longitude is -71.0869111
08-04 21:20:09.785  5006  5006 D cellinfo: Instantaneous GPS information: United States, 809 Columbus Ave, Boston, MA 02118, USA
08-04 21:20:09.785  5006  5006 D cellinfo: getCurrentLocation() result: Location (success): 42.3370739, -71.0869111
08-04 21:20:09.826  5006  5093 D cellinfo: 46 bytes from 155.146.11.34: icmp_seq=1043 ttl=56 time=36.1 ms
08-04 21:20:10.044  5006  5093 D cellinfo: 46 bytes from 155.146.11.34: icmp_seq=1044 ttl=56 time=53.2 ms
08-04 21:20:10.246  5006  5093 D cellinfo: 46 bytes from 155.146.11.34: icmp_seq=1045 ttl=56 time=55.0 ms
08-04 21:20:10.415  5006  5006 D cellinfo: onsignalStrengthsChanged: LTE Signal Strength info: rsrp: -83 rsrq: -10 rssi: -53 rssnr: 1
08-04 21:20:10.416  5006  5006 D cellinfo: onsignalStrengthsChanged: 5G-NR Signal Strength info: ssrsrp: -114 ssrsrq: -16 sssinr: -1
08-04 21:20:10.455  5006  5093 D cellinfo: 46 bytes from 155.146.11.34: icmp_seq=1046 ttl=56 time=63.7 ms
08-04 21:20:10.636  5006  5093 D cellinfo: 46 bytes from 155.146.11.34: icmp_seq=1047 ttl=56 time=43.6 ms
08-04 21:20:10.862  5006  5093 D cellinfo: 46 bytes from 155.146.11.34: icmp_seq=1048 ttl=56 time=69.7 ms
08-04 21:20:11.027  5006  5093 D cellinfo: 46 bytes from 155.146.11.34: icmp_seq=1049 ttl=56 time=33.5 ms
08-04 21:20:11.245  5006  5093 D cellinfo: 46 bytes from 155.146.11.34: icmp_seq=1050 ttl=56 time=51.5 ms
08-04 21:20:11.435  5006  5093 D cellinfo: 46 bytes from 155.146.11.34: icmp_seq=1051 ttl=56 time=41.1 ms
08-04 21:20:11.648  5006  5093 D cellinfo: 46 bytes from 155.146.11.34: icmp_seq=1052 ttl=56 time=52.5 ms
08-04 21:20:11.845  5006  5093 D cellinfo: 46 bytes from 155.146.11.34: icmp_seq=1053 ttl=56 time=49.3 ms
08-04 21:20:12.046  5006  5093 D cellinfo: 46 bytes from 155.146.11.34: icmp_seq=1054 ttl=56 time=49.5 ms
08-04 21:20:12.245  5006  5093 D cellinfo: 46 bytes from 155.146.11.34: icmp_seq=1055 ttl=56 time=47.7 ms
08-04 21:20:12.459  5006  5093 D cellinfo: 46 bytes from 155.146.11.34: icmp_seq=1056 ttl=56 time=61.5 ms
08-04 21:20:12.574  5006  5006 D cellinfo: Latitude is 42.3370739
08-04 21:20:12.575  5006  5006 D cellinfo: Longitude is -71.0869111
08-04 21:20:12.575  5006  5006 D cellinfo: Instantaneous GPS information: United States, 809 Columbus Ave, Boston, MA 02118, USA
08-04 21:20:12.575  5006  5006 D cellinfo: getCurrentLocation() result: Location (success): 42.3370739, -71.0869111
08-04 21:20:12.632  5006  5006 D cellinfo: onCellInfoChanged: Operator: Verizon Wireless UpdateTimestamp: 1083837533 CellConnectionStatus: 1
08-04 21:20:12.632  5006  5006 D cellinfo: onCellInfoChanged: 5G-NR Cell Bands: [] ARFCN: 648672 Cell ID: 9223372036854775807 Physical Cell ID: 131 Tracking Area Code: 16777215
08-04 21:20:12.667  5006  5093 D cellinfo: 46 bytes from 155.146.11.34: icmp_seq=1057 ttl=56 time=69.1 ms
08-04 21:20:12.841  5006  5093 D cellinfo: 46 bytes from 155.146.11.34: icmp_seq=1058 ttl=56 time=42.1 ms
08-04 21:20:13.038  5006  5093 D cellinfo: 46 bytes from 155.146.11.34: icmp_seq=1059 ttl=56 time=38.2 ms
08-04 21:20:13.275  5006  5093 D cellinfo: 46 bytes from 155.146.11.34: icmp_seq=1060 ttl=56 time=75.4 ms
08-04 21:20:13.425  5006  5006 D cellinfo: onsignalStrengthsChanged: LTE Signal Strength info: rsrp: -84 rsrq: -10 rssi: -53 rssnr: 6
08-04 21:20:13.425  5006  5006 D cellinfo: onsignalStrengthsChanged: 5G-NR Signal Strength info: ssrsrp: -114 ssrsrq: -16 sssinr: -1
08-04 21:20:13.466  5006  5093 D cellinfo: 46 bytes from 155.146.11.34: icmp_seq=1061 ttl=56 time=66.5 ms
08-04 21:20:13.657  5006  5093 D cellinfo: 46 bytes from 155.146.11.34: icmp_seq=1062 ttl=56 time=56.1 ms
08-04 21:20:13.844  5006  5093 D cellinfo: 46 bytes from 155.146.11.34: icmp_seq=1063 ttl=56 time=43.9 ms
08-04 21:20:14.059  5006  5093 D cellinfo: 46 bytes from 155.146.11.34: icmp_seq=1064 ttl=56 time=57.4 ms
08-04 21:20:14.246  5006  5093 D cellinfo: 46 bytes from 155.146.11.34: icmp_seq=1065 ttl=56 time=44.1 ms
08-04 21:20:14.461  5006  5093 D cellinfo: 46 bytes from 155.146.11.34: icmp_seq=1066 ttl=56 time=58.4 ms
08-04 21:20:14.651  5006  5093 D cellinfo: 46 bytes from 155.146.11.34: icmp_seq=1067 ttl=56 time=47.1 ms
08-04 21:20:14.863  5006  5093 D cellinfo: 46 bytes from 155.146.11.34: icmp_seq=1068 ttl=56 time=57.9 ms
08-04 21:20:15.056  5006  5093 D cellinfo: 46 bytes from 155.146.11.34: icmp_seq=1069 ttl=56 time=50.2 ms
08-04 21:20:15.255  5006  5093 D cellinfo: 46 bytes from 155.146.11.34: icmp_seq=1070 ttl=56 time=49.1 ms
08-04 21:20:15.457  5006  5093 D cellinfo: 46 bytes from 155.146.11.34: icmp_seq=1071 ttl=56 time=49.7 ms
08-04 21:20:15.575  5006  5006 D cellinfo: Latitude is 42.3370739
08-04 21:20:15.575  5006  5006 D cellinfo: Longitude is -71.0869111
08-04 21:20:15.575  5006  5006 D cellinfo: Instantaneous GPS information: United States, 809 Columbus Ave, Boston, MA 02118, USA
08-04 21:20:15.575  5006  5006 D cellinfo: getCurrentLocation() result: Location (success): 42.3370739, -71.0869111
08-04 21:20:15.633  5006  5006 D cellinfo: onCellInfoChanged: Operator: Verizon Wireless UpdateTimestamp: 1083840533 CellConnectionStatus: 1
08-04 21:20:15.633  5006  5006 D cellinfo: onCellInfoChanged: 5G-NR Cell Bands: [] ARFCN: 648672 Cell ID: 9223372036854775807 Physical Cell ID: 131 Tracking Area Code: 16777215
08-04 21:20:15.645  5006  5093 D cellinfo: 46 bytes from 155.146.11.34: icmp_seq=1072 ttl=56 time=38.0 ms
08-04 21:20:15.846  5006  5093 D cellinfo: 46 bytes from 155.146.11.34: icmp_seq=1073 ttl=56 time=37.4 ms
08-04 21:20:16.063  5006  5093 D cellinfo: 46 bytes from 155.146.11.34: icmp_seq=1074 ttl=56 time=53.7 ms
08-04 21:20:16.258  5006  5093 D cellinfo: 46 bytes from 155.146.11.34: icmp_seq=1075 ttl=56 time=48.0 ms
08-04 21:20:16.474  5006  5093 D cellinfo: 46 bytes from 155.146.11.34: icmp_seq=1076 ttl=56 time=62.2 ms
08-04 21:20:16.676  5006  5093 D cellinfo: 46 bytes from 155.146.11.34: icmp_seq=1077 ttl=56 time=64.1 ms
08-04 21:20:16.867  5006  5093 D cellinfo: 46 bytes from 155.146.11.34: icmp_seq=1078 ttl=56 time=54.4 ms
08-04 21:20:17.086  5006  5093 D cellinfo: 46 bytes from 155.146.11.34: icmp_seq=1079 ttl=56 time=72.5 ms
08-04 21:20:17.245  5006  5093 D cellinfo: 46 bytes from 155.146.11.34: icmp_seq=1080 ttl=56 time=31.1 ms
08-04 21:20:17.458  5006  5006 D cellinfo: onsignalStrengthsChanged: LTE Signal Strength info: rsrp: -86 rsrq: -12 rssi: -51 rssnr: 5
08-04 21:20:17.481  5006  5093 D cellinfo: 46 bytes from 155.146.11.34: icmp_seq=1081 ttl=56 time=66.3 ms
08-04 21:20:17.666  5006  5093 D cellinfo: 46 bytes from 155.146.11.34: icmp_seq=1082 ttl=56 time=49.6 ms
08-04 21:20:17.855  5006  5093 D cellinfo: 46 bytes from 155.146.11.34: icmp_seq=1083 ttl=56 time=37.9 ms
08-04 21:20:18.084  5006  5093 D cellinfo: 46 bytes from 155.146.11.34: icmp_seq=1084 ttl=56 time=66.1 ms
08-04 21:20:18.245  5006  5093 D cellinfo: 46 bytes from 155.146.11.34: icmp_seq=1085 ttl=56 time=26.4 ms
08-04 21:20:18.463  5006  5093 D cellinfo: 46 bytes from 155.146.11.34: icmp_seq=1086 ttl=56 time=43.2 ms
08-04 21:20:18.571  5006  5006 D cellinfo: Latitude is 42.3370739
08-04 21:20:18.571  5006  5006 D cellinfo: Longitude is -71.0869111
08-04 21:20:18.571  5006  5006 D cellinfo: Instantaneous GPS information: United States, 809 Columbus Ave, Boston, MA 02118, USA
08-04 21:20:18.571  5006  5006 D cellinfo: getCurrentLocation() result: Location (success): 42.3370739, -71.0869111
08-04 21:20:18.615  5006  5006 D cellinfo: onCellInfoChanged: Operator: Verizon Wireless UpdateTimestamp: 1083843511 CellConnectionStatus: 1
08-04 21:20:18.615  5006  5006 D cellinfo: onCellInfoChanged: 5G-NR Cell Bands: [] ARFCN: 648672 Cell ID: 9223372036854775807 Physical Cell ID: 131 Tracking Area Code: 16777215
08-04 21:20:18.684  5006  5093 D cellinfo: 46 bytes from 155.146.11.34: icmp_seq=1087 ttl=56 time=62.9 ms
08-04 21:20:18.856  5006  5093 D cellinfo: 46 bytes from 155.146.11.34: icmp_seq=1088 ttl=56 time=33.9 ms
08-04 21:20:19.090  5006  5093 D cellinfo: 46 bytes from 155.146.11.34: icmp_seq=1089 ttl=56 time=67.3 ms
08-04 21:20:19.280  5006  5093 D cellinfo: 46 bytes from 155.146.11.34: icmp_seq=1090 ttl=56 time=56.2 ms
08-04 21:20:19.494  5006  5093 D cellinfo: 46 bytes from 155.146.11.34: icmp_seq=1091 ttl=56 time=69.0 ms
08-04 21:20:19.697  5006  5093 D cellinfo: 46 bytes from 155.146.11.34: icmp_seq=1092 ttl=56 time=71.2 ms
08-04 21:20:19.876  5006  5093 D cellinfo: 46 bytes from 155.146.11.34: icmp_seq=1093 ttl=56 time=49.5 ms
08-04 21:20:20.065  5006  5093 D cellinfo: 46 bytes from 155.146.11.34: icmp_seq=1094 ttl=56 time=37.5 ms
08-04 21:20:20.275  5006  5093 D cellinfo: 46 bytes from 155.146.11.34: icmp_seq=1095 ttl=56 time=47.5 ms
08-04 21:20:20.486  5006  5093 D cellinfo: 46 bytes from 155.146.11.34: icmp_seq=1096 ttl=56 time=57.6 ms
08-04 21:20:20.686  5006  5093 D cellinfo: 46 bytes from 155.146.11.34: icmp_seq=1097 ttl=56 time=57.1 ms
08-04 21:20:20.885  5006  5093 D cellinfo: 46 bytes from 155.146.11.34: icmp_seq=1098 ttl=56 time=55.3 ms
08-04 21:20:21.102  5006  5093 D cellinfo: 46 bytes from 155.146.11.34: icmp_seq=1099 ttl=56 time=71.5 ms
08-04 21:20:21.288  5006  5093 D cellinfo: 46 bytes from 155.146.11.34: icmp_seq=1100 ttl=56 time=56.1 ms
08-04 21:20:21.459  5006  5006 D cellinfo: onsignalStrengthsChanged: LTE Signal Strength info: rsrp: -83 rsrq: -11 rssi: -51 rssnr: 4
08-04 21:20:21.459  5006  5006 D cellinfo: onsignalStrengthsChanged: 5G-NR Signal Strength info: ssrsrp: -117 ssrsrq: -17 sssinr: 0
08-04 21:20:21.486  5006  5093 D cellinfo: 46 bytes from 155.146.11.34: icmp_seq=1101 ttl=56 time=52.3 ms
08-04 21:20:21.602  5006  5006 D cellinfo: onCellInfoChanged: Operator: Verizon Wireless UpdateTimestamp: 1083846503 CellConnectionStatus: 1
08-04 21:20:21.602  5006  5006 D cellinfo: onCellInfoChanged: 5G-NR Cell Bands: [] ARFCN: 648672 Cell ID: 9223372036854775807 Physical Cell ID: 131 Tracking Area Code: 16777215
08-04 21:20:21.697  5006  5093 D cellinfo: 46 bytes from 155.146.11.34: icmp_seq=1102 ttl=56 time=63.3 ms
08-04 21:20:21.864  5006  5093 D cellinfo: 46 bytes from 155.146.11.34: icmp_seq=1103 ttl=56 time=29.3 ms
08-04 21:20:22.061  5006  5093 D cellinfo: 46 bytes from 155.146.11.34: icmp_seq=1104 ttl=56 time=24.2 ms
08-04 21:20:22.155  5006  5006 D cellinfo: Latitude is 42.3368227
08-04 21:20:22.155  5006  5006 D cellinfo: Longitude is -71.0872739
08-04 21:20:22.155  5006  5006 D cellinfo: Instantaneous GPS information: United States, 815 Columbus Ave, Boston, MA 02120, USA
08-04 21:20:22.155  5006  5006 D cellinfo: getCurrentLocation() result: Location (success): 42.3368227, -71.0872739
08-04 21:20:22.272  5006  5093 D cellinfo: 46 bytes from 155.146.11.34: icmp_seq=1105 ttl=56 time=35.0 ms
08-04 21:20:22.494  5006  5093 D cellinfo: 46 bytes from 155.146.11.34: icmp_seq=1106 ttl=56 time=55.9 ms
08-04 21:20:22.677  5006  5093 D cellinfo: 46 bytes from 155.146.11.34: icmp_seq=1107 ttl=56 time=37.9 ms
08-04 21:20:22.914  5006  5093 D cellinfo: 46 bytes from 155.146.11.34: icmp_seq=1108 ttl=56 time=74.4 ms
08-04 21:20:23.120  5006  5093 D cellinfo: 46 bytes from 155.146.11.34: icmp_seq=1109 ttl=56 time=80.0 ms
08-04 21:20:23.303  5006  5093 D cellinfo: 46 bytes from 155.146.11.34: icmp_seq=1110 ttl=56 time=62.6 ms
08-04 21:20:23.505  5006  5093 D cellinfo: 46 bytes from 155.146.11.34: icmp_seq=1111 ttl=56 time=64.2 ms
08-04 21:20:23.696  5006  5093 D cellinfo: 46 bytes from 155.146.11.34: icmp_seq=1112 ttl=56 time=54.4 ms
08-04 21:20:23.912  5006  5093 D cellinfo: 46 bytes from 155.146.11.34: icmp_seq=1113 ttl=56 time=70.6 ms
08-04 21:20:24.095  5006  5093 D cellinfo: 46 bytes from 155.146.11.34: icmp_seq=1114 ttl=56 time=53.4 ms
08-04 21:20:24.274  5006  5093 D cellinfo: 46 bytes from 155.146.11.34: icmp_seq=1115 ttl=56 time=31.3 ms
08-04 21:20:24.485  5006  5093 D cellinfo: 46 bytes from 155.146.11.34: icmp_seq=1116 ttl=56 time=40.9 ms
08-04 21:20:24.573  5006  5006 D cellinfo: Latitude is 42.3368227
08-04 21:20:24.573  5006  5006 D cellinfo: Longitude is -71.0872739
08-04 21:20:24.573  5006  5006 D cellinfo: Instantaneous GPS information: United States, 815 Columbus Ave, Boston, MA 02120, USA
08-04 21:20:24.573  5006  5006 D cellinfo: getCurrentLocation() result: Location (success): 42.3368227, -71.0872739
08-04 21:20:24.616  5006  5006 D cellinfo: onCellInfoChanged: Operator: Verizon Wireless UpdateTimestamp: 1083849517 CellConnectionStatus: 1
08-04 21:20:24.616  5006  5006 D cellinfo: onCellInfoChanged: 5G-NR Cell Bands: [] ARFCN: 648672 Cell ID: 9223372036854775807 Physical Cell ID: 131 Tracking Area Code: 16777215
08-04 21:20:25.047  5006  5093 D cellinfo: 46 bytes from 155.146.11.34: icmp_seq=1117 ttl=56 time=402 ms
08-04 21:20:25.047  5006  5093 D cellinfo: 46 bytes from 155.146.11.34: icmp_seq=1118 ttl=56 time=198 ms
08-04 21:20:25.086  5006  5093 D cellinfo: 46 bytes from 155.146.11.34: icmp_seq=1119 ttl=56 time=39.3 ms
08-04 21:20:25.295  5006  5093 D cellinfo: 46 bytes from 155.146.11.34: icmp_seq=1120 ttl=56 time=47.1 ms
08-04 21:20:25.511  5006  5093 D cellinfo: 46 bytes from 155.146.11.34: icmp_seq=1121 ttl=56 time=62.0 ms
08-04 21:20:25.694  5006  5093 D cellinfo: 46 bytes from 155.146.11.34: icmp_seq=1122 ttl=56 time=44.1 ms
08-04 21:20:25.908  5006  5093 D cellinfo: 46 bytes from 155.146.11.34: icmp_seq=1123 ttl=56 time=57.2 ms
08-04 21:20:26.104  5006  5093 D cellinfo: 46 bytes from 155.146.11.34: icmp_seq=1124 ttl=56 time=51.8 ms
08-04 21:20:26.320  5006  5093 D cellinfo: 46 bytes from 155.146.11.34: icmp_seq=1125 ttl=56 time=66.9 ms
08-04 21:20:26.524  5006  5093 D cellinfo: 46 bytes from 155.146.11.34: icmp_seq=1126 ttl=56 time=70.5 ms
08-04 21:20:26.706  5006  5093 D cellinfo: 46 bytes from 155.146.11.34: icmp_seq=1127 ttl=56 time=51.8 ms
08-04 21:20:26.906  5006  5093 D cellinfo: 46 bytes from 155.146.11.34: icmp_seq=1128 ttl=56 time=50.9 ms
08-04 21:20:27.109  5006  5093 D cellinfo: 46 bytes from 155.146.11.34: icmp_seq=1129 ttl=56 time=53.1 ms
08-04 21:20:27.302  5006  5093 D cellinfo: 46 bytes from 155.146.11.34: icmp_seq=1130 ttl=56 time=45.6 ms
08-04 21:20:27.484  5006  5093 D cellinfo: 46 bytes from 155.146.11.34: icmp_seq=1131 ttl=56 time=26.7 ms
08-04 21:20:27.568  5006  5006 D cellinfo: Latitude is 42.3368227
08-04 21:20:27.568  5006  5006 D cellinfo: Longitude is -71.0872739
08-04 21:20:27.568  5006  5006 D cellinfo: Instantaneous GPS information: United States, 815 Columbus Ave, Boston, MA 02120, USA
08-04 21:20:27.568  5006  5006 D cellinfo: getCurrentLocation() result: Location (success): 42.3368227, -71.0872739
08-04 21:20:27.607  5006  5006 D cellinfo: onCellInfoChanged: Operator: Verizon Wireless UpdateTimestamp: 1083852508 CellConnectionStatus: 1
08-04 21:20:27.607  5006  5006 D cellinfo: onCellInfoChanged: 5G-NR Cell Bands: [] ARFCN: 648672 Cell ID: 9223372036854775807 Physical Cell ID: 131 Tracking Area Code: 16777215
08-04 21:20:27.786  5006  5093 D cellinfo: 46 bytes from 155.146.11.34: icmp_seq=1132 ttl=56 time=128 ms
08-04 21:20:27.903  5006  5093 D cellinfo: 46 bytes from 155.146.11.34: icmp_seq=1133 ttl=56 time=44.2 ms
08-04 21:20:28.116  5006  5093 D cellinfo: 46 bytes from 155.146.11.34: icmp_seq=1134 ttl=56 time=56.6 ms
08-04 21:20:28.306  5006  5093 D cellinfo: 46 bytes from 155.146.11.34: icmp_seq=1135 ttl=56 time=46.4 ms
08-04 21:20:28.515  5006  5093 D cellinfo: 46 bytes from 155.146.11.34: icmp_seq=1136 ttl=56 time=53.9 ms
08-04 21:20:28.720  5006  5093 D cellinfo: 46 bytes from 155.146.11.34: icmp_seq=1137 ttl=56 time=57.9 ms
08-04 21:20:28.946  5006  5093 D cellinfo: 46 bytes from 155.146.11.34: icmp_seq=1138 ttl=56 time=82.4 ms
08-04 21:20:29.121  5006  5093 D cellinfo: 46 bytes from 155.146.11.34: icmp_seq=1139 ttl=56 time=57.4 ms
08-04 21:20:29.325  5006  5093 D cellinfo: 46 bytes from 155.146.11.34: icmp_seq=1140 ttl=56 time=61.2 ms
08-04 21:20:29.494  5006  5093 D cellinfo: 46 bytes from 155.146.11.34: icmp_seq=1141 ttl=56 time=29.0 ms
08-04 21:20:29.695  5006  5093 D cellinfo: 46 bytes from 155.146.11.34: icmp_seq=1142 ttl=56 time=29.3 ms
08-04 21:20:29.915  5006  5093 D cellinfo: 46 bytes from 155.146.11.34: icmp_seq=1143 ttl=56 time=48.0 ms
08-04 21:20:30.149  5006  5093 D cellinfo: 46 bytes from 155.146.11.34: icmp_seq=1144 ttl=56 time=80.5 ms
08-04 21:20:30.324  5006  5093 D cellinfo: 46 bytes from 155.146.11.34: icmp_seq=1145 ttl=56 time=54.7 ms
08-04 21:20:30.516  5006  5093 D cellinfo: 46 bytes from 155.146.11.34: icmp_seq=1146 ttl=56 time=46.4 ms
08-04 21:20:30.569  5006  5006 D cellinfo: Latitude is 42.3368227
08-04 21:20:30.569  5006  5006 D cellinfo: Longitude is -71.0872739
08-04 21:20:30.569  5006  5006 D cellinfo: Instantaneous GPS information: United States, 815 Columbus Ave, Boston, MA 02120, USA
08-04 21:20:30.569  5006  5006 D cellinfo: getCurrentLocation() result: Location (success): 42.3368227, -71.0872739
08-04 21:20:30.619  5006  5006 D cellinfo: onCellInfoChanged: Operator: Verizon Wireless UpdateTimestamp: 1083855519 CellConnectionStatus: 1
08-04 21:20:30.619  5006  5006 D cellinfo: onCellInfoChanged: 5G-NR Cell Bands: [] ARFCN: 648672 Cell ID: 9223372036854775807 Physical Cell ID: 131 Tracking Area Code: 16777215
08-04 21:20:30.704  5006  5093 D cellinfo: 46 bytes from 155.146.11.34: icmp_seq=1147 ttl=56 time=33.0 ms
08-04 21:20:30.945  5006  5093 D cellinfo: 46 bytes from 155.146.11.34: icmp_seq=1148 ttl=56 time=73.0 ms
08-04 21:20:31.126  5006  5093 D cellinfo: 46 bytes from 155.146.11.34: icmp_seq=1149 ttl=56 time=53.6 ms
08-04 21:20:31.326  5006  5093 D cellinfo: 46 bytes from 155.146.11.34: icmp_seq=1150 ttl=56 time=53.3 ms
08-04 21:20:31.453  5006  5006 D cellinfo: onsignalStrengthsChanged: LTE Signal Strength info: rsrp: -77 rsrq: -13 rssi: -51 rssnr: 2
08-04 21:20:31.453  5006  5006 D cellinfo: onsignalStrengthsChanged: 5G-NR Signal Strength info: ssrsrp: -117 ssrsrq: -16 sssinr: -1
08-04 21:20:31.523  5006  5093 D cellinfo: 46 bytes from 155.146.11.34: icmp_seq=1151 ttl=56 time=48.9 ms
08-04 21:20:31.736  5006  5093 D cellinfo: 46 bytes from 155.146.11.34: icmp_seq=1152 ttl=56 time=61.3 ms
08-04 21:20:31.914  5006  5093 D cellinfo: 46 bytes from 155.146.11.34: icmp_seq=1153 ttl=56 time=38.3 ms
08-04 21:20:32.118  5006  5093 D cellinfo: 46 bytes from 155.146.11.34: icmp_seq=1154 ttl=56 time=40.5 ms
08-04 21:20:32.326  5006  5093 D cellinfo: 46 bytes from 155.146.11.34: icmp_seq=1155 ttl=56 time=48.6 ms
08-04 21:20:32.504  5006  5093 D cellinfo: 46 bytes from 155.146.11.34: icmp_seq=1156 ttl=56 time=26.0 ms
08-04 21:20:32.735  5006  5093 D cellinfo: 46 bytes from 155.146.11.34: icmp_seq=1157 ttl=56 time=55.6 ms
08-04 21:20:32.934  5006  5093 D cellinfo: 46 bytes from 155.146.11.34: icmp_seq=1158 ttl=56 time=54.8 ms
08-04 21:20:33.147  5006  5093 D cellinfo: 46 bytes from 155.146.11.34: icmp_seq=1159 ttl=56 time=66.7 ms
08-04 21:20:33.346  5006  5093 D cellinfo: 46 bytes from 155.146.11.34: icmp_seq=1160 ttl=56 time=65.4 ms
08-04 21:20:33.534  5006  5093 D cellinfo: 46 bytes from 155.146.11.34: icmp_seq=1161 ttl=56 time=52.2 ms
08-04 21:20:33.609  5006  5006 D cellinfo: onCellInfoChanged: Operator: Verizon Wireless UpdateTimestamp: 1083858509 CellConnectionStatus: 1
08-04 21:20:33.609  5006  5006 D cellinfo: onCellInfoChanged: 5G-NR Cell Bands: [] ARFCN: 648672 Cell ID: 9223372036854775807 Physical Cell ID: 131 Tracking Area Code: 16777215
08-04 21:20:33.715  5006  5093 D cellinfo: 46 bytes from 155.146.11.34: icmp_seq=1162 ttl=56 time=32.8 ms
08-04 21:20:33.934  5006  5093 D cellinfo: 46 bytes from 155.146.11.34: icmp_seq=1163 ttl=56 time=51.3 ms
08-04 21:20:34.115  5006  5093 D cellinfo: 46 bytes from 155.146.11.34: icmp_seq=1164 ttl=56 time=30.5 ms
08-04 21:20:34.331  5006  5093 D cellinfo: 46 bytes from 155.146.11.34: icmp_seq=1165 ttl=56 time=46.0 ms
08-04 21:20:34.335  5006  5006 D cellinfo: Latitude is 42.3366066
08-04 21:20:34.336  5006  5006 D cellinfo: Longitude is -71.0875773
08-04 21:20:34.336  5006  5006 D cellinfo: Instantaneous GPS information: United States, 865-899 Columbus Ave, Boston, MA 02120, USA
08-04 21:20:34.336  5006  5006 D cellinfo: getCurrentLocation() result: Location (success): 42.3366066, -71.0875773
08-04 21:20:34.526  5006  5093 D cellinfo: 46 bytes from 155.146.11.34: icmp_seq=1166 ttl=56 time=40.5 ms
08-04 21:20:34.735  5006  5093 D cellinfo: 46 bytes from 155.146.11.34: icmp_seq=1167 ttl=56 time=48.9 ms
08-04 21:20:34.925  5006  5093 D cellinfo: 46 bytes from 155.146.11.34: icmp_seq=1168 ttl=56 time=37.6 ms
08-04 21:20:35.125  5006  5093 D cellinfo: 46 bytes from 155.146.11.34: icmp_seq=1169 ttl=56 time=37.3 ms
08-04 21:20:35.326  5006  5093 D cellinfo: 46 bytes from 155.146.11.34: icmp_seq=1170 ttl=56 time=37.2 ms
08-04 21:20:35.457  5006  5006 D cellinfo: onsignalStrengthsChanged: LTE Signal Strength info: rsrp: -77 rsrq: -10 rssi: -51 rssnr: 5
08-04 21:20:35.458  5006  5006 D cellinfo: onsignalStrengthsChanged: 5G-NR Signal Strength info: ssrsrp: -117 ssrsrq: -16 sssinr: 1
08-04 21:20:35.524  5006  5093 D cellinfo: 46 bytes from 155.146.11.34: icmp_seq=1171 ttl=56 time=34.3 ms
08-04 21:20:35.746  5006  5093 D cellinfo: 46 bytes from 155.146.11.34: icmp_seq=1172 ttl=56 time=54.6 ms
08-04 21:20:35.947  5006  5093 D cellinfo: 46 bytes from 155.146.11.34: icmp_seq=1173 ttl=56 time=55.4 ms
08-04 21:20:36.145  5006  5093 D cellinfo: 46 bytes from 155.146.11.34: icmp_seq=1174 ttl=56 time=52.9 ms
08-04 21:20:36.363  5006  5093 D cellinfo: 46 bytes from 155.146.11.34: icmp_seq=1175 ttl=56 time=70.6 ms
08-04 21:20:36.549  5006  5093 D cellinfo: 46 bytes from 155.146.11.34: icmp_seq=1176 ttl=56 time=55.7 ms
08-04 21:20:36.568  5006  5006 D cellinfo: Latitude is 42.3366066
08-04 21:20:36.568  5006  5006 D cellinfo: Longitude is -71.0875773
08-04 21:20:36.568  5006  5006 D cellinfo: Instantaneous GPS information: United States, 865-899 Columbus Ave, Boston, MA 02120, USA
08-04 21:20:36.569  5006  5006 D cellinfo: getCurrentLocation() result: Location (success): 42.3366066, -71.0875773
08-04 21:20:36.616  5006  5006 D cellinfo: onCellInfoChanged: Operator: Verizon Wireless UpdateTimestamp: 1083861518 CellConnectionStatus: 1
08-04 21:20:36.616  5006  5006 D cellinfo: onCellInfoChanged: 5G-NR Cell Bands: [] ARFCN: 648672 Cell ID: 9223372036854775807 Physical Cell ID: 131 Tracking Area Code: 16777215
08-04 21:20:36.732  5006  5093 D cellinfo: 46 bytes from 155.146.11.34: icmp_seq=1177 ttl=56 time=38.7 ms
08-04 21:20:36.945  5006  5093 D cellinfo: 46 bytes from 155.146.11.34: icmp_seq=1178 ttl=56 time=51.5 ms
08-04 21:20:37.146  5006  5093 D cellinfo: 46 bytes from 155.146.11.34: icmp_seq=1179 ttl=56 time=50.5 ms
08-04 21:20:37.360  5006  5093 D cellinfo: 46 bytes from 155.146.11.34: icmp_seq=1180 ttl=56 time=64.9 ms
08-04 21:20:37.553  5006  5093 D cellinfo: 46 bytes from 155.146.11.34: icmp_seq=1181 ttl=56 time=57.3 ms
08-04 21:20:37.766  5006  5093 D cellinfo: 46 bytes from 155.146.11.34: icmp_seq=1182 ttl=56 time=68.4 ms
08-04 21:20:37.946  5006  5093 D cellinfo: 46 bytes from 155.146.11.34: icmp_seq=1183 ttl=56 time=48.3 ms
08-04 21:20:38.160  5006  5093 D cellinfo: 46 bytes from 155.146.11.34: icmp_seq=1184 ttl=56 time=61.3 ms
08-04 21:20:38.366  5006  5093 D cellinfo: 46 bytes from 155.146.11.34: icmp_seq=1185 ttl=56 time=65.4 ms
08-04 21:20:38.546  5006  5093 D cellinfo: 46 bytes from 155.146.11.34: icmp_seq=1186 ttl=56 time=45.7 ms
08-04 21:20:38.746  5006  5093 D cellinfo: 46 bytes from 155.146.11.34: icmp_seq=1187 ttl=56 time=45.2 ms
08-04 21:20:38.962  5006  5093 D cellinfo: 46 bytes from 155.146.11.34: icmp_seq=1188 ttl=56 time=59.9 ms
08-04 21:20:39.166  5006  5093 D cellinfo: 46 bytes from 155.146.11.34: icmp_seq=1189 ttl=56 time=62.7 ms
08-04 21:20:39.357  5006  5093 D cellinfo: 46 bytes from 155.146.11.34: icmp_seq=1190 ttl=56 time=52.8 ms
08-04 21:20:39.569  5006  5093 D cellinfo: 46 bytes from 155.146.11.34: icmp_seq=1191 ttl=56 time=65.2 ms
08-04 21:20:39.572  5006  5006 D cellinfo: Latitude is 42.3366066
08-04 21:20:39.572  5006  5006 D cellinfo: Longitude is -71.0875773
08-04 21:20:39.572  5006  5006 D cellinfo: Instantaneous GPS information: United States, 865-899 Columbus Ave, Boston, MA 02120, USA
08-04 21:20:39.572  5006  5006 D cellinfo: getCurrentLocation() result: Location (success): 42.3366066, -71.0875773
08-04 21:20:39.623  5006  5006 D cellinfo: onCellInfoChanged: Operator: Verizon Wireless UpdateTimestamp: 1083864524 CellConnectionStatus: 1
08-04 21:20:39.623  5006  5006 D cellinfo: onCellInfoChanged: 5G-NR Cell Bands: [] ARFCN: 648672 Cell ID: 9223372036854775807 Physical Cell ID: 131 Tracking Area Code: 16777215
08-04 21:20:39.733  5006  5093 D cellinfo: 46 bytes from 155.146.11.34: icmp_seq=1192 ttl=56 time=27.4 ms
08-04 21:20:39.934  5006  5093 D cellinfo: 46 bytes from 155.146.11.34: icmp_seq=1193 ttl=56 time=29.0 ms
08-04 21:20:40.163  5006  5093 D cellinfo: 46 bytes from 155.146.11.34: icmp_seq=1194 ttl=56 time=56.6 ms
08-04 21:20:40.375  5006  5093 D cellinfo: 46 bytes from 155.146.11.34: icmp_seq=1195 ttl=56 time=68.7 ms
08-04 21:20:40.555  5006  5093 D cellinfo: 46 bytes from 155.146.11.34: icmp_seq=1196 ttl=56 time=48.2 ms
08-04 21:20:40.784  5006  5093 D cellinfo: 46 bytes from 155.146.11.34: icmp_seq=1197 ttl=56 time=75.2 ms
08-04 21:20:40.976  5006  5093 D cellinfo: 46 bytes from 155.146.11.34: icmp_seq=1198 ttl=56 time=67.5 ms
08-04 21:20:41.165  5006  5093 D cellinfo: 46 bytes from 155.146.11.34: icmp_seq=1199 ttl=56 time=55.4 ms
08-04 21:20:41.355  5006  5093 D cellinfo: 46 bytes from 155.146.11.34: icmp_seq=1200 ttl=56 time=45.8 ms
08-04 21:20:41.566  5006  5093 D cellinfo: 46 bytes from 155.146.11.34: icmp_seq=1201 ttl=56 time=56.2 ms
08-04 21:20:41.745  5006  5093 D cellinfo: 46 bytes from 155.146.11.34: icmp_seq=1202 ttl=56 time=34.3 ms
08-04 21:20:41.966  5006  5093 D cellinfo: 46 bytes from 155.146.11.34: icmp_seq=1203 ttl=56 time=54.0 ms
08-04 21:20:42.154  5006  5093 D cellinfo: 46 bytes from 155.146.11.34: icmp_seq=1204 ttl=56 time=40.5 ms
08-04 21:20:42.364  5006  5093 D cellinfo: 46 bytes from 155.146.11.34: icmp_seq=1205 ttl=56 time=50.6 ms
08-04 21:20:42.569  5006  5006 D cellinfo: Latitude is 42.3366066
08-04 21:20:42.569  5006  5006 D cellinfo: Longitude is -71.0875773
08-04 21:20:42.569  5006  5006 D cellinfo: Instantaneous GPS information: United States, 865-899 Columbus Ave, Boston, MA 02120, USA
08-04 21:20:42.569  5006  5006 D cellinfo: getCurrentLocation() result: Location (success): 42.3366066, -71.0875773
08-04 21:20:42.573  5006  5093 D cellinfo: 46 bytes from 155.146.11.34: icmp_seq=1206 ttl=56 time=59.1 ms
08-04 21:20:42.614  5006  5006 D cellinfo: onCellInfoChanged: Operator: Verizon Wireless UpdateTimestamp: 1083867513 CellConnectionStatus: 1
08-04 21:20:42.614  5006  5006 D cellinfo: onCellInfoChanged: 5G-NR Cell Bands: [] ARFCN: 648672 Cell ID: 9223372036854775807 Physical Cell ID: 131 Tracking Area Code: 16777215
08-04 21:20:42.744  5006  5093 D cellinfo: 46 bytes from 155.146.11.34: icmp_seq=1207 ttl=56 time=29.2 ms
08-04 21:20:42.946  5006  5093 D cellinfo: 46 bytes from 155.146.11.34: icmp_seq=1208 ttl=56 time=29.3 ms
08-04 21:20:43.164  5006  5093 D cellinfo: 46 bytes from 155.146.11.34: icmp_seq=1209 ttl=56 time=46.8 ms
08-04 21:20:43.375  5006  5093 D cellinfo: 46 bytes from 155.146.11.34: icmp_seq=1210 ttl=56 time=57.4 ms
08-04 21:20:43.566  5006  5093 D cellinfo: 46 bytes from 155.146.11.34: icmp_seq=1211 ttl=56 time=46.2 ms
08-04 21:20:43.766  5006  5093 D cellinfo: 46 bytes from 155.146.11.34: icmp_seq=1212 ttl=56 time=44.5 ms
08-04 21:20:43.966  5006  5093 D cellinfo: 46 bytes from 155.146.11.34: icmp_seq=1213 ttl=56 time=44.6 ms
08-04 21:20:44.176  5006  5093 D cellinfo: 46 bytes from 155.146.11.34: icmp_seq=1214 ttl=56 time=54.6 ms
08-04 21:20:44.376  5006  5093 D cellinfo: 46 bytes from 155.146.11.34: icmp_seq=1215 ttl=56 time=54.0 ms
08-04 21:20:44.565  5006  5093 D cellinfo: 46 bytes from 155.146.11.34: icmp_seq=1216 ttl=56 time=42.6 ms
08-04 21:20:44.764  5006  5093 D cellinfo: 46 bytes from 155.146.11.34: icmp_seq=1217 ttl=56 time=40.0 ms
08-04 21:20:44.976  5006  5093 D cellinfo: 46 bytes from 155.146.11.34: icmp_seq=1218 ttl=56 time=51.2 ms
08-04 21:20:45.176  5006  5093 D cellinfo: 46 bytes from 155.146.11.34: icmp_seq=1219 ttl=56 time=50.0 ms
08-04 21:20:45.365  5006  5093 D cellinfo: 46 bytes from 155.146.11.34: icmp_seq=1220 ttl=56 time=38.3 ms
08-04 21:20:45.565  5006  5093 D cellinfo: 46 bytes from 155.146.11.34: icmp_seq=1221 ttl=56 time=37.5 ms
08-04 21:20:45.617  5006  5006 D cellinfo: onCellInfoChanged: Operator: Verizon Wireless UpdateTimestamp: 1083870516 CellConnectionStatus: 1
08-04 21:20:45.617  5006  5006 D cellinfo: onCellInfoChanged: 5G-NR Cell Bands: [] ARFCN: 648672 Cell ID: 9223372036854775807 Physical Cell ID: 131 Tracking Area Code: 16777215
08-04 21:20:45.755  5006  5093 D cellinfo: 46 bytes from 155.146.11.34: icmp_seq=1222 ttl=56 time=27.2 ms
08-04 21:20:45.966  5006  5093 D cellinfo: 46 bytes from 155.146.11.34: icmp_seq=1223 ttl=56 time=35.8 ms
08-04 21:20:46.179  5006  5006 D cellinfo: Latitude is 42.3365898
08-04 21:20:46.179  5006  5006 D cellinfo: Longitude is -71.0875519
08-04 21:20:46.179  5006  5006 D cellinfo: Instantaneous GPS information: United States, 891 Columbus Ave, Boston, MA 02120, USA
08-04 21:20:46.179  5006  5006 D cellinfo: getCurrentLocation() result: Location (success): 42.3365898, -71.0875519
08-04 21:20:46.187  5006  5093 D cellinfo: 46 bytes from 155.146.11.34: icmp_seq=1224 ttl=56 time=56.4 ms
08-04 21:20:46.387  5006  5093 D cellinfo: 46 bytes from 155.146.11.34: icmp_seq=1225 ttl=56 time=55.5 ms
08-04 21:20:46.457  5006  5006 D cellinfo: onsignalStrengthsChanged: LTE Signal Strength info: rsrp: -76 rsrq: -13 rssi: -51 rssnr: 2
08-04 21:20:46.457  5006  5006 D cellinfo: onsignalStrengthsChanged: 5G-NR Signal Strength info: ssrsrp: -113 ssrsrq: -14 sssinr: 0
08-04 21:20:46.596  5006  5093 D cellinfo: 46 bytes from 155.146.11.34: icmp_seq=1226 ttl=56 time=63.5 ms
08-04 21:20:46.800  5006  5093 D cellinfo: 46 bytes from 155.146.11.34: icmp_seq=1227 ttl=56 time=66.7 ms
08-04 21:20:46.976  5006  5093 D cellinfo: 46 bytes from 155.146.11.34: icmp_seq=1228 ttl=56 time=42.0 ms
08-04 21:20:47.191  5006  5093 D cellinfo: 46 bytes from 155.146.11.34: icmp_seq=1229 ttl=56 time=56.0 ms
08-04 21:20:47.407  5006  5093 D cellinfo: 46 bytes from 155.146.11.34: icmp_seq=1230 ttl=56 time=70.9 ms
08-04 21:20:47.586  5006  5093 D cellinfo: 46 bytes from 155.146.11.34: icmp_seq=1231 ttl=56 time=49.3 ms
08-04 21:20:47.786  5006  5093 D cellinfo: 46 bytes from 155.146.11.34: icmp_seq=1232 ttl=56 time=47.5 ms
08-04 21:20:48.015  5006  5093 D cellinfo: 46 bytes from 155.146.11.34: icmp_seq=1233 ttl=56 time=75.5 ms
08-04 21:20:48.205  5006  5093 D cellinfo: 46 bytes from 155.146.11.34: icmp_seq=1234 ttl=56 time=66.6 ms
08-04 21:20:48.401  5006  5093 D cellinfo: 46 bytes from 155.146.11.34: icmp_seq=1235 ttl=56 time=61.5 ms
08-04 21:20:48.576  5006  5006 D cellinfo: Latitude is 42.3365898
08-04 21:20:48.576  5006  5006 D cellinfo: Longitude is -71.0875519
08-04 21:20:48.576  5006  5006 D cellinfo: Instantaneous GPS information: United States, 891 Columbus Ave, Boston, MA 02120, USA
08-04 21:20:48.576  5006  5006 D cellinfo: getCurrentLocation() result: Location (success): 42.3365898, -71.0875519
