08-04 21:18:44.307  5006  5093 D cellinfo: 46 bytes from 155.146.11.34: icmp_seq=617 ttl=56 time=41.8 ms
08-04 21:18:44.505  5006  5093 D cellinfo: 46 bytes from 155.146.11.34: icmp_seq=618 ttl=56 time=38.9 ms
08-04 21:18:44.696  5006  5093 D cellinfo: 46 bytes from 155.146.11.34: icmp_seq=619 ttl=56 time=29.3 ms
08-04 21:18:44.895  5006  5093 D cellinfo: 46 bytes from 155.146.11.34: icmp_seq=620 ttl=56 time=28.2 ms
08-04 21:18:45.115  5006  5093 D cellinfo: 46 bytes from 155.146.11.34: icmp_seq=621 ttl=56 time=46.7 ms
08-04 21:18:45.293  5006  5006 D cellinfo: onsignalStrengthsChanged: LTE Signal Strength info: rsrp: -85 rsrq: -9 rssi: -55 rssnr: 3
08-04 21:18:45.293  5006  5006 D cellinfo: onsignalStrengthsChanged: 5G-NR Signal Strength info: ssrsrp: -110 ssrsrq: -14 sssinr: 3
08-04 21:18:45.308  5006  5093 D cellinfo: 46 bytes from 155.146.11.34: icmp_seq=622 ttl=56 time=39.7 ms
08-04 21:18:45.512  5006  5093 D cellinfo: 46 bytes from 155.146.11.34: icmp_seq=623 ttl=56 time=42.5 ms
08-04 21:18:45.603  5006  5006 D cellinfo: onCellInfoChanged: Operator: Verizon Wireless UpdateTimestamp: 1083750503 CellConnectionStatus: 1
08-04 21:18:45.603  5006  5006 D cellinfo: onCellInfoChanged: 5G-NR Cell Bands: [] ARFCN: 648672 Cell ID: 9223372036854775807 Physical Cell ID: 131 Tracking Area Code: 16777215
08-04 21:18:45.701  5006  5093 D cellinfo: 46 bytes from 155.146.11.34: icmp_seq=624 ttl=56 time=31.8 ms
08-04 21:18:45.768  5006  5006 D cellinfo: Latitude is 42.3370824
08-04 21:18:45.768  5006  5006 D cellinfo: Longitude is -71.0869247
08-04 21:18:45.768  5006  5006 D cellinfo: Instantaneous GPS information: United States, 809 Columbus Ave, Boston, MA 02118, USA
08-04 21:18:45.768  5006  5006 D cellinfo: getCurrentLocation() result: Location (success): 42.3370824, -71.0869247
08-04 21:18:45.894  5006  5093 D cellinfo: 46 bytes from 155.146.11.34: icmp_seq=625 ttl=56 time=24.3 ms
08-04 21:18:46.112  5006  5093 D cellinfo: 46 bytes from 155.146.11.34: icmp_seq=626 ttl=56 time=40.7 ms
08-04 21:18:46.295  5006  5093 D cellinfo: 46 bytes from 155.146.11.34: icmp_seq=627 ttl=56 time=22.8 ms
08-04 21:18:46.499  5006  5093 D cellinfo: 46 bytes from 155.146.11.34: icmp_seq=628 ttl=56 time=26.7 ms
08-04 21:18:46.714  5006  5093 D cellinfo: 46 bytes from 155.146.11.34: icmp_seq=629 ttl=56 time=40.8 ms
08-04 21:18:46.915  5006  5093 D cellinfo: 46 bytes from 155.146.11.34: icmp_seq=630 ttl=56 time=41.2 ms
08-04 21:18:47.100  5006  5093 D cellinfo: 46 bytes from 155.146.11.34: icmp_seq=631 ttl=56 time=24.7 ms
08-04 21:18:47.310  5006  5093 D cellinfo: 46 bytes from 155.146.11.34: icmp_seq=632 ttl=56 time=33.7 ms
08-04 21:18:47.523  5006  5093 D cellinfo: 46 bytes from 155.146.11.34: icmp_seq=633 ttl=56 time=46.1 ms
08-04 21:18:47.721  5006  5093 D cellinfo: 46 bytes from 155.146.11.34: icmp_seq=634 ttl=56 time=42.3 ms
08-04 21:18:47.904  5006  5093 D cellinfo: 46 bytes from 155.146.11.34: icmp_seq=635 ttl=56 time=25.3 ms
08-04 21:18:48.105  5006  5093 D cellinfo: 46 bytes from 155.146.11.34: icmp_seq=636 ttl=56 time=25.2 ms
08-04 21:18:48.328  5006  5093 D cellinfo: 46 bytes from 155.146.11.34: icmp_seq=637 ttl=56 time=48.0 ms
08-04 21:18:48.530  5006  5093 D cellinfo: 46 bytes from 155.146.11.34: icmp_seq=638 ttl=56 time=48.6 ms
08-04 21:18:48.567  5006  5006 D cellinfo: Latitude is 42.3370824
08-04 21:18:48.567  5006  5006 D cellinfo: Longitude is -71.0869247
08-04 21:18:48.567  5006  5006 D cellinfo: Instantaneous GPS information: United States, 809 Columbus Ave, Boston, MA 02118, USA
08-04 21:18:48.567  5006  5006 D cellinfo: getCurrentLocation() result: Location (success): 42.3370824, -71.0869247
08-04 21:18:48.618  5006  5006 D cellinfo: onCellInfoChanged: Operator: Verizon Wireless UpdateTimestamp: 1083753520 CellConnectionStatus: 1
08-04 21:18:48.618  5006  5006 D cellinfo: onCellInfoChanged: 5G-NR Cell Bands: [] ARFCN: 648672 Cell ID: 9223372036854775807 Physical Cell ID: 131 Tracking Area Code: 16777215
08-04 21:18:48.707  5006  5093 D cellinfo: 46 bytes from 155.146.11.34: icmp_seq=639 ttl=56 time=25.5 ms
08-04 21:18:48.914  5006  5093 D cellinfo: 46 bytes from 155.146.11.34: icmp_seq=640 ttl=56 time=32.6 ms
08-04 21:18:49.121  5006  5093 D cellinfo: 46 bytes from 155.146.11.34: icmp_seq=641 ttl=56 time=38.3 ms
08-04 21:18:49.321  5006  5093 D cellinfo: 46 bytes from 155.146.11.34: icmp_seq=642 ttl=56 time=37.9 ms
08-04 21:18:49.529  5006  5093 D cellinfo: 46 bytes from 155.146.11.34: icmp_seq=643 ttl=56 time=46.0 ms
08-04 21:18:49.711  5006  5093 D cellinfo: 46 bytes from 155.146.11.34: icmp_seq=644 ttl=56 time=26.3 ms
08-04 21:18:49.925  5006  5093 D cellinfo: 46 bytes from 155.146.11.34: icmp_seq=645 ttl=56 time=39.5 ms
08-04 21:18:50.119  5006  5093 D cellinfo: 46 bytes from 155.146.11.34: icmp_seq=646 ttl=56 time=33.2 ms
08-04 21:18:50.310  5006  5093 D cellinfo: 46 bytes from 155.146.11.34: icmp_seq=647 ttl=56 time=23.5 ms
08-04 21:18:50.338  5006  5006 D cellinfo: onsignalStrengthsChanged: LTE Signal Strength info: rsrp: -90 rsrq: -10 rssi: -57 rssnr: 6
08-04 21:18:50.338  5006  5006 D cellinfo: onsignalStrengthsChanged: 5G-NR Signal Strength info: ssrsrp: -111 ssrsrq: -14 sssinr: 2
08-04 21:18:50.513  5006  5093 D cellinfo: 46 bytes from 155.146.11.34: icmp_seq=648 ttl=56 time=26.6 ms
08-04 21:18:50.730  5006  5093 D cellinfo: 46 bytes from 155.146.11.34: icmp_seq=649 ttl=56 time=42.8 ms
08-04 21:18:50.920  5006  5093 D cellinfo: 46 bytes from 155.146.11.34: icmp_seq=650 ttl=56 time=32.4 ms
08-04 21:18:51.125  5006  5093 D cellinfo: 46 bytes from 155.146.11.34: icmp_seq=651 ttl=56 time=35.2 ms
08-04 21:18:51.319  5006  5093 D cellinfo: 46 bytes from 155.146.11.34: icmp_seq=652 ttl=56 time=28.8 ms
08-04 21:18:51.534  5006  5093 D cellinfo: 46 bytes from 155.146.11.34: icmp_seq=653 ttl=56 time=43.3 ms
08-04 21:18:51.566  5006  5006 D cellinfo: Latitude is 42.3370824
08-04 21:18:51.566  5006  5006 D cellinfo: Longitude is -71.0869247
08-04 21:18:51.566  5006  5006 D cellinfo: Instantaneous GPS information: United States, 809 Columbus Ave, Boston, MA 02118, USA
08-04 21:18:51.566  5006  5006 D cellinfo: getCurrentLocation() result: Location (success): 42.3370824, -71.0869247
08-04 21:18:51.612  5006  5006 D cellinfo: onCellInfoChanged: Operator: Verizon Wireless UpdateTimestamp: 1083756513 CellConnectionStatus: 1
08-04 21:18:51.612  5006  5006 D cellinfo: onCellInfoChanged: 5G-NR Cell Bands: [] ARFCN: 648672 Cell ID: 9223372036854775807 Physical Cell ID: 131 Tracking Area Code: 16777215
08-04 21:18:51.716  5006  5093 D cellinfo: 46 bytes from 155.146.11.34: icmp_seq=654 ttl=56 time=24.4 ms
08-04 21:18:51.916  5006  5093 D cellinfo: 46 bytes from 155.146.11.34: icmp_seq=655 ttl=56 time=22.0 ms
08-04 21:18:52.120  5006  5093 D cellinfo: 46 bytes from 155.146.11.34: icmp_seq=656 ttl=56 time=24.9 ms
08-04 21:18:52.335  5006  5093 D cellinfo: 46 bytes from 155.146.11.34: icmp_seq=657 ttl=56 time=39.1 ms
08-04 21:18:52.529  5006  5093 D cellinfo: 46 bytes from 155.146.11.34: icmp_seq=658 ttl=56 time=32.9 ms
08-04 21:18:52.725  5006  5093 D cellinfo: 46 bytes from 155.146.11.34: icmp_seq=659 ttl=56 time=27.4 ms
08-04 21:18:52.938  5006  5093 D cellinfo: 46 bytes from 155.146.11.34: icmp_seq=660 ttl=56 time=40.3 ms
08-04 21:18:53.133  5006  5093 D cellinfo: 46 bytes from 155.146.11.34: icmp_seq=661 ttl=56 time=34.8 ms
08-04 21:18:53.332  5006  5093 D cellinfo: 46 bytes from 155.146.11.34: icmp_seq=662 ttl=56 time=30.4 ms
08-04 21:18:53.541  5006  5093 D cellinfo: 46 bytes from 155.146.11.34: icmp_seq=663 ttl=56 time=41.6 ms
08-04 21:18:53.745  5006  5093 D cellinfo: 46 bytes from 155.146.11.34: icmp_seq=664 ttl=56 time=44.9 ms
08-04 21:18:53.935  5006  5093 D cellinfo: 46 bytes from 155.146.11.34: icmp_seq=665 ttl=56 time=34.0 ms
08-04 21:18:54.130  5006  5093 D cellinfo: 46 bytes from 155.146.11.34: icmp_seq=666 ttl=56 time=28.5 ms
08-04 21:18:54.331  5006  5093 D cellinfo: 46 bytes from 155.146.11.34: icmp_seq=667 ttl=56 time=28.3 ms
08-04 21:18:54.540  5006  5093 D cellinfo: 46 bytes from 155.146.11.34: icmp_seq=668 ttl=56 time=36.8 ms
08-04 21:18:54.568  5006  5006 D cellinfo: Latitude is 42.3370824
08-04 21:18:54.568  5006  5006 D cellinfo: Longitude is -71.0869247
08-04 21:18:54.568  5006  5006 D cellinfo: Instantaneous GPS information: United States, 809 Columbus Ave, Boston, MA 02118, USA
08-04 21:18:54.568  5006  5006 D cellinfo: getCurrentLocation() result: Location (success): 42.3370824, -71.0869247
08-04 21:18:54.611  5006  5006 D cellinfo: onCellInfoChanged: Operator: Verizon Wireless UpdateTimestamp: 1083759509 CellConnectionStatus: 1
08-04 21:18:54.611  5006  5006 D cellinfo: onCellInfoChanged: 5G-NR Cell Bands: [] ARFCN: 648672 Cell ID: 9223372036854775807 Physical Cell ID: 131 Tracking Area Code: 16777215
08-04 21:18:54.725  5006  5093 D cellinfo: 46 bytes from 155.146.11.34: icmp_seq=669 ttl=56 time=21.8 ms
08-04 21:18:54.930  5006  5093 D cellinfo: 46 bytes from 155.146.11.34: icmp_seq=670 ttl=56 time=26.4 ms
08-04 21:18:55.129  5006  5093 D cellinfo: 46 bytes from 155.146.11.34: icmp_seq=671 ttl=56 time=24.2 ms
08-04 21:18:55.341  5006  5093 D cellinfo: 46 bytes from 155.146.11.34: icmp_seq=672 ttl=56 time=34.4 ms
08-04 21:18:55.546  5006  5093 D cellinfo: 46 bytes from 155.146.11.34: icmp_seq=673 ttl=56 time=39.0 ms
08-04 21:18:55.730  5006  5093 D cellinfo: 46 bytes from 155.146.11.34: icmp_seq=674 ttl=56 time=21.1 ms
08-04 21:18:55.940  5006  5093 D cellinfo: 46 bytes from 155.146.11.34: icmp_seq=675 ttl=56 time=30.5 ms
08-04 21:18:56.146  5006  5093 D cellinfo: 46 bytes from 155.146.11.34: icmp_seq=676 ttl=56 time=36.0 ms
08-04 21:18:56.339  5006  5006 D cellinfo: onsignalStrengthsChanged: LTE Signal Strength info: rsrp: -88 rsrq: -9 rssi: -57 rssnr: 7
08-04 21:18:56.340  5006  5006 D cellinfo: onsignalStrengthsChanged: 5G-NR Signal Strength info: ssrsrp: -113 ssrsrq: -15 sssinr: 2
08-04 21:18:56.345  5006  5093 D cellinfo: 46 bytes from 155.146.11.34: icmp_seq=677 ttl=56 time=34.1 ms
08-04 21:18:56.550  5006  5093 D cellinfo: 46 bytes from 155.146.11.34: icmp_seq=678 ttl=56 time=37.6 ms
08-04 21:18:56.745  5006  5093 D cellinfo: 46 bytes from 155.146.11.34: icmp_seq=679 ttl=56 time=32.7 ms
08-04 21:18:56.945  5006  5093 D cellinfo: 46 bytes from 155.146.11.34: icmp_seq=680 ttl=56 time=31.4 ms
08-04 21:18:57.151  5006  5093 D cellinfo: 46 bytes from 155.146.11.34: icmp_seq=681 ttl=56 time=35.5 ms
08-04 21:18:57.341  5006  5093 D cellinfo: 46 bytes from 155.146.11.34: icmp_seq=682 ttl=56 time=24.5 ms
08-04 21:18:57.535  5006  5093 D cellinfo: 46 bytes from 155.146.11.34: icmp_seq=683 ttl=56 time=18.0 ms
08-04 21:18:57.620  5006  5006 D cellinfo: onCellInfoChanged: Operator: Verizon Wireless UpdateTimestamp: 1083762521 CellConnectionStatus: 1
08-04 21:18:57.620  5006  5006 D cellinfo: onCellInfoChanged: 5G-NR Cell Bands: [] ARFCN: 648672 Cell ID: 9223372036854775807 Physical Cell ID: 131 Tracking Area Code: 16777215
08-04 21:18:57.737  5006  5093 D cellinfo: 46 bytes from 155.146.11.34: icmp_seq=684 ttl=56 time=20.2 ms
08-04 21:18:57.794  5006  5006 D cellinfo: Latitude is 42.3370826
08-04 21:18:57.794  5006  5006 D cellinfo: Longitude is -71.0869242
08-04 21:18:57.794  5006  5006 D cellinfo: Instantaneous GPS information: United States, 809 Columbus Ave, Boston, MA 02118, USA
08-04 21:18:57.794  5006  5006 D cellinfo: getCurrentLocation() result: Location (success): 42.3370826, -71.0869242
08-04 21:18:57.939  5006  5093 D cellinfo: 46 bytes from 155.146.11.34: icmp_seq=685 ttl=56 time=20.6 ms
08-04 21:18:58.145  5006  5093 D cellinfo: 46 bytes from 155.146.11.34: icmp_seq=686 ttl=56 time=25.6 ms
08-04 21:18:58.335  5006  5093 D cellinfo: 46 bytes from 155.146.11.34: icmp_seq=687 ttl=56 time=14.6 ms
08-04 21:18:58.554  5006  5093 D cellinfo: 46 bytes from 155.146.11.34: icmp_seq=688 ttl=56 time=33.9 ms
08-04 21:18:58.740  5006  5093 D cellinfo: 46 bytes from 155.146.11.34: icmp_seq=689 ttl=56 time=19.0 ms
08-04 21:18:58.946  5006  5093 D cellinfo: 46 bytes from 155.146.11.34: icmp_seq=690 ttl=56 time=23.9 ms
08-04 21:18:59.156  5006  5093 D cellinfo: 46 bytes from 155.146.11.34: icmp_seq=691 ttl=56 time=32.6 ms
08-04 21:18:59.362  5006  5093 D cellinfo: 46 bytes from 155.146.11.34: icmp_seq=692 ttl=56 time=38.6 ms
08-04 21:18:59.565  5006  5093 D cellinfo: 46 bytes from 155.146.11.34: icmp_seq=693 ttl=56 time=40.3 ms
08-04 21:18:59.752  5006  5093 D cellinfo: 46 bytes from 155.146.11.34: icmp_seq=694 ttl=56 time=24.5 ms
08-04 21:18:59.958  5006  5093 D cellinfo: 46 bytes from 155.146.11.34: icmp_seq=695 ttl=56 time=30.9 ms
08-04 21:19:00.161  5006  5093 D cellinfo: 46 bytes from 155.146.11.34: icmp_seq=696 ttl=56 time=33.6 ms
08-04 21:19:00.360  5006  5093 D cellinfo: 46 bytes from 155.146.11.34: icmp_seq=697 ttl=56 time=32.6 ms
08-04 21:19:00.551  5006  5093 D cellinfo: 46 bytes from 155.146.11.34: icmp_seq=698 ttl=56 time=22.1 ms
08-04 21:19:00.572  5006  5006 D cellinfo: Latitude is 42.3370826
08-04 21:19:00.572  5006  5006 D cellinfo: Longitude is -71.0869242
08-04 21:19:00.572  5006  5006 D cellinfo: Instantaneous GPS information: United States, 809 Columbus Ave, Boston, MA 02118, USA
08-04 21:19:00.572  5006  5006 D cellinfo: getCurrentLocation() result: Location (success): 42.3370826, -71.0869242
08-04 21:19:00.613  5006  5006 D cellinfo: onCellInfoChanged: Operator: Verizon Wireless UpdateTimestamp: 1083765515 CellConnectionStatus: 1
08-04 21:19:00.614  5006  5006 D cellinfo: onCellInfoChanged: 5G-NR Cell Bands: [] ARFCN: 648672 Cell ID: 9223372036854775807 Physical Cell ID: 131 Tracking Area Code: 16777215
08-04 21:19:00.745  5006  5093 D cellinfo: 46 bytes from 155.146.11.34: icmp_seq=699 ttl=56 time=15.8 ms
08-04 21:19:00.975  5006  5093 D cellinfo: 46 bytes from 155.146.11.34: icmp_seq=700 ttl=56 time=45.2 ms
08-04 21:19:01.169  5006  5093 D cellinfo: 46 bytes from 155.146.11.34: icmp_seq=701 ttl=56 time=38.8 ms
08-04 21:19:01.330  5006  5006 D cellinfo: onsignalStrengthsChanged: LTE Signal Strength info: rsrp: -85 rsrq: -11 rssi: -55 rssnr: 2
08-04 21:19:01.330  5006  5006 D cellinfo: onsignalStrengthsChanged: 5G-NR Signal Strength info: ssrsrp: -114 ssrsrq: -15 sssinr: 1
08-04 21:19:01.360  5006  5093 D cellinfo: 46 bytes from 155.146.11.34: icmp_seq=702 ttl=56 time=29.0 ms
08-04 21:19:01.566  5006  5093 D cellinfo: 46 bytes from 155.146.11.34: icmp_seq=703 ttl=56 time=34.9 ms
08-04 21:19:01.765  5006  5093 D cellinfo: 46 bytes from 155.146.11.34: icmp_seq=704 ttl=56 time=32.2 ms
08-04 21:19:01.966  5006  5093 D cellinfo: 46 bytes from 155.146.11.34: icmp_seq=705 ttl=56 time=32.6 ms
08-04 21:19:02.170  5006  5093 D cellinfo: 46 bytes from 155.146.11.34: icmp_seq=706 ttl=56 time=36.7 ms
08-04 21:19:02.355  5006  5093 D cellinfo: 46 bytes from 155.146.11.34: icmp_seq=707 ttl=56 time=21.0 ms
08-04 21:19:02.575  5006  5093 D cellinfo: 46 bytes from 155.146.11.34: icmp_seq=708 ttl=56 time=39.6 ms
08-04 21:19:02.775  5006  5093 D cellinfo: 46 bytes from 155.146.11.34: icmp_seq=709 ttl=56 time=38.9 ms
08-04 21:19:02.960  5006  5093 D cellinfo: 46 bytes from 155.146.11.34: icmp_seq=710 ttl=56 time=22.6 ms
08-04 21:19:03.161  5006  5093 D cellinfo: 46 bytes from 155.146.11.34: icmp_seq=711 ttl=56 time=23.2 ms
08-04 21:19:03.369  5006  5093 D cellinfo: 46 bytes from 155.146.11.34: icmp_seq=712 ttl=56 time=30.4 ms
08-04 21:19:03.574  5006  5006 D cellinfo: Latitude is 42.3370826
08-04 21:19:03.574  5006  5006 D cellinfo: Longitude is -71.0869242
08-04 21:19:03.574  5006  5006 D cellinfo: Instantaneous GPS information: United States, 809 Columbus Ave, Boston, MA 02118, USA
08-04 21:19:03.574  5006  5006 D cellinfo: getCurrentLocation() result: Location (success): 42.3370826, -71.0869242
08-04 21:19:03.581  5006  5093 D cellinfo: 46 bytes from 155.146.11.34: icmp_seq=713 ttl=56 time=40.9 ms
08-04 21:19:03.626  5006  5006 D cellinfo: onCellInfoChanged: Operator: Verizon Wireless UpdateTimestamp: 1083768527 CellConnectionStatus: 1
08-04 21:19:03.626  5006  5006 D cellinfo: onCellInfoChanged: 5G-NR Cell Bands: [] ARFCN: 648672 Cell ID: 9223372036854775807 Physical Cell ID: 131 Tracking Area Code: 16777215
08-04 21:19:03.761  5006  5093 D cellinfo: 46 bytes from 155.146.11.34: icmp_seq=714 ttl=56 time=20.1 ms
08-04 21:19:03.975  5006  5093 D cellinfo: 46 bytes from 155.146.11.34: icmp_seq=715 ttl=56 time=32.5 ms
08-04 21:19:04.175  5006  5093 D cellinfo: 46 bytes from 155.146.11.34: icmp_seq=716 ttl=56 time=31.8 ms
08-04 21:19:04.391  5006  5093 D cellinfo: 46 bytes from 155.146.11.34: icmp_seq=717 ttl=56 time=47.6 ms
08-04 21:19:04.575  5006  5093 D cellinfo: 46 bytes from 155.146.11.34: icmp_seq=718 ttl=56 time=31.3 ms
08-04 21:19:04.776  5006  5093 D cellinfo: 46 bytes from 155.146.11.34: icmp_seq=719 ttl=56 time=30.5 ms
08-04 21:19:04.986  5006  5093 D cellinfo: 46 bytes from 155.146.11.34: icmp_seq=720 ttl=56 time=39.8 ms
08-04 21:19:05.186  5006  5093 D cellinfo: 46 bytes from 155.146.11.34: icmp_seq=721 ttl=56 time=39.1 ms
08-04 21:19:05.336  5006  5006 D cellinfo: onsignalStrengthsChanged: LTE Signal Strength info: rsrp: -86 rsrq: -9 rssi: -57 rssnr: 4
08-04 21:19:05.336  5006  5006 D cellinfo: onsignalStrengthsChanged: 5G-NR Signal Strength info: ssrsrp: -113 ssrsrq: -15 sssinr: 3
08-04 21:19:05.385  5006  5093 D cellinfo: 46 bytes from 155.146.11.34: icmp_seq=722 ttl=56 time=37.9 ms
08-04 21:19:05.586  5006  5093 D cellinfo: 46 bytes from 155.146.11.34: icmp_seq=723 ttl=56 time=36.0 ms
08-04 21:19:05.781  5006  5093 D cellinfo: 46 bytes from 155.146.11.34: icmp_seq=724 ttl=56 time=30.8 ms
08-04 21:19:05.975  5006  5093 D cellinfo: 46 bytes from 155.146.11.34: icmp_seq=725 ttl=56 time=24.4 ms
08-04 21:19:06.185  5006  5093 D cellinfo: 46 bytes from 155.146.11.34: icmp_seq=726 ttl=56 time=33.1 ms
08-04 21:19:06.391  5006  5093 D cellinfo: 46 bytes from 155.146.11.34: icmp_seq=727 ttl=56 time=38.0 ms
08-04 21:19:06.570  5006  5006 D cellinfo: Latitude is 42.3370826
08-04 21:19:06.570  5006  5006 D cellinfo: Longitude is -71.0869242
08-04 21:19:06.570  5006  5006 D cellinfo: Instantaneous GPS information: United States, 809 Columbus Ave, Boston, MA 02118, USA
08-04 21:19:06.570  5006  5006 D cellinfo: getCurrentLocation() result: Location (success): 42.3370826, -71.0869242
08-04 21:19:06.586  5006  5093 D cellinfo: 46 bytes from 155.146.11.34: icmp_seq=728 ttl=56 time=32.3 ms
08-04 21:19:06.616  5006  5006 D cellinfo: onCellInfoChanged: Operator: Verizon Wireless UpdateTimestamp: 1083771517 CellConnectionStatus: 1
08-04 21:19:06.617  5006  5006 D cellinfo: onCellInfoChanged: 5G-NR Cell Bands: [] ARFCN: 648672 Cell ID: 9223372036854775807 Physical Cell ID: 131 Tracking Area Code: 16777215
08-04 21:19:06.775  5006  5093 D cellinfo: 46 bytes from 155.146.11.34: icmp_seq=729 ttl=56 time=20.7 ms
08-04 21:19:06.975  5006  5093 D cellinfo: 46 bytes from 155.146.11.34: icmp_seq=730 ttl=56 time=20.3 ms
08-04 21:19:07.196  5006  5093 D cellinfo: 46 bytes from 155.146.11.34: icmp_seq=731 ttl=56 time=39.5 ms
08-04 21:19:07.395  5006  5093 D cellinfo: 46 bytes from 155.146.11.34: icmp_seq=732 ttl=56 time=38.5 ms
08-04 21:19:07.591  5006  5093 D cellinfo: 46 bytes from 155.146.11.34: icmp_seq=733 ttl=56 time=32.9 ms
08-04 21:19:07.780  5006  5093 D cellinfo: 46 bytes from 155.146.11.34: icmp_seq=734 ttl=56 time=21.2 ms
08-04 21:19:07.997  5006  5093 D cellinfo: 46 bytes from 155.146.11.34: icmp_seq=735 ttl=56 time=36.9 ms
08-04 21:19:08.203  5006  5093 D cellinfo: 46 bytes from 155.146.11.34: icmp_seq=736 ttl=56 time=42.3 ms
08-04 21:19:08.390  5006  5093 D cellinfo: 46 bytes from 155.146.11.34: icmp_seq=737 ttl=56 time=28.8 ms
08-04 21:19:08.591  5006  5093 D cellinfo: 46 bytes from 155.146.11.34: icmp_seq=738 ttl=56 time=28.8 ms
08-04 21:19:08.802  5006  5093 D cellinfo: 46 bytes from 155.146.11.34: icmp_seq=739 ttl=56 time=38.7 ms
08-04 21:19:09.003  5006  5093 D cellinfo: 46 bytes from 155.146.11.34: icmp_seq=740 ttl=56 time=38.9 ms
08-04 21:19:09.192  5006  5093 D cellinfo: 46 bytes from 155.146.11.34: icmp_seq=741 ttl=56 time=28.3 ms
08-04 21:19:09.333  5006  5006 D cellinfo: onsignalStrengthsChanged: LTE Signal Strength info: rsrp: -86 rsrq: -8 rssi: -57 rssnr: 7
08-04 21:19:09.333  5006  5006 D cellinfo: onsignalStrengthsChanged: 5G-NR Signal Strength info: ssrsrp: -114 ssrsrq: -15 sssinr: 4
08-04 21:19:09.385  5006  5093 D cellinfo: 46 bytes from 155.146.11.34: icmp_seq=742 ttl=56 time=20.5 ms
08-04 21:19:09.603  5006  5006 D cellinfo: onCellInfoChanged: Operator: Verizon Wireless UpdateTimestamp: 1083774505 CellConnectionStatus: 1
08-04 21:19:09.604  5006  5006 D cellinfo: onCellInfoChanged: 5G-NR Cell Bands: [] ARFCN: 648672 Cell ID: 9223372036854775807 Physical Cell ID: 131 Tracking Area Code: 16777215
08-04 21:19:09.605  5006  5093 D cellinfo: 46 bytes from 155.146.11.34: icmp_seq=743 ttl=56 time=38.2 ms
08-04 21:19:09.778  5006  5006 D cellinfo: Latitude is 42.3370819
08-04 21:19:09.779  5006  5006 D cellinfo: Longitude is -71.0869224
08-04 21:19:09.779  5006  5006 D cellinfo: Instantaneous GPS information: United States, 809 Columbus Ave, Boston, MA 02118, USA
08-04 21:19:09.779  5006  5006 D cellinfo: getCurrentLocation() result: Location (success): 42.3370819, -71.0869224
08-04 21:19:09.795  5006  5093 D cellinfo: 46 bytes from 155.146.11.34: icmp_seq=744 ttl=56 time=28.6 ms
08-04 21:19:09.995  5006  5093 D cellinfo: 46 bytes from 155.146.11.34: icmp_seq=745 ttl=56 time=28.3 ms
08-04 21:19:10.195  5006  5093 D cellinfo: 46 bytes from 155.146.11.34: icmp_seq=746 ttl=56 time=26.6 ms
08-04 21:19:10.415  5006  5093 D cellinfo: 46 bytes from 155.146.11.34: icmp_seq=747 ttl=56 time=45.6 ms
08-04 21:19:10.606  5006  5093 D cellinfo: 46 bytes from 155.146.11.34: icmp_seq=748 ttl=56 time=36.2 ms
08-04 21:19:10.810  5006  5093 D cellinfo: 46 bytes from 155.146.11.34: icmp_seq=749 ttl=56 time=39.7 ms
08-04 21:19:10.992  5006  5093 D cellinfo: 46 bytes from 155.146.11.34: icmp_seq=750 ttl=56 time=21.3 ms
08-04 21:19:11.205  5006  5093 D cellinfo: 46 bytes from 155.146.11.34: icmp_seq=751 ttl=56 time=33.0 ms
08-04 21:19:11.410  5006  5093 D cellinfo: 46 bytes from 155.146.11.34: icmp_seq=752 ttl=56 time=36.7 ms
08-04 21:19:11.600  5006  5093 D cellinfo: 46 bytes from 155.146.11.34: icmp_seq=753 ttl=56 time=26.4 ms
08-04 21:19:11.801  5006  5093 D cellinfo: 46 bytes from 155.146.11.34: icmp_seq=754 ttl=56 time=26.8 ms
08-04 21:19:12.010  5006  5093 D cellinfo: 46 bytes from 155.146.11.34: icmp_seq=755 ttl=56 time=35.1 ms
08-04 21:19:12.210  5006  5093 D cellinfo: 46 bytes from 155.146.11.34: icmp_seq=756 ttl=56 time=34.2 ms
08-04 21:19:12.405  5006  5093 D cellinfo: 46 bytes from 155.146.11.34: icmp_seq=757 ttl=56 time=27.5 ms
08-04 21:19:12.566  5006  5006 D cellinfo: Latitude is 42.3370819
08-04 21:19:12.566  5006  5006 D cellinfo: Longitude is -71.0869224
08-04 21:19:12.566  5006  5006 D cellinfo: Instantaneous GPS information: United States, 809 Columbus Ave, Boston, MA 02118, USA
08-04 21:19:12.566  5006  5006 D cellinfo: getCurrentLocation() result: Location (success): 42.3370819, -71.0869224
08-04 21:19:12.607  5006  5006 D cellinfo: onCellInfoChanged: Operator: Verizon Wireless UpdateTimestamp: 1083777505 CellConnectionStatus: 1
08-04 21:19:12.607  5006  5006 D cellinfo: onCellInfoChanged: 5G-NR Cell Bands: [] ARFCN: 648672 Cell ID: 9223372036854775807 Physical Cell ID: 131 Tracking Area Code: 16777215
08-04 21:19:12.621  5006  5093 D cellinfo: 46 bytes from 155.146.11.34: icmp_seq=758 ttl=56 time=42.2 ms
08-04 21:19:12.800  5006  5093 D cellinfo: 46 bytes from 155.146.11.34: icmp_seq=759 ttl=56 time=20.4 ms
08-04 21:19:13.017  5006  5093 D cellinfo: 46 bytes from 155.146.11.34: icmp_seq=760 ttl=56 time=36.4 ms
08-04 21:19:13.200  5006  5093 D cellinfo: 46 bytes from 155.146.11.34: icmp_seq=761 ttl=56 time=19.4 ms
08-04 21:19:13.419  5006  5093 D cellinfo: 46 bytes from 155.146.11.34: icmp_seq=762 ttl=56 time=36.9 ms
08-04 21:19:13.619  5006  5093 D cellinfo: 46 bytes from 155.146.11.34: icmp_seq=763 ttl=56 time=36.4 ms
08-04 21:19:13.810  5006  5093 D cellinfo: 46 bytes from 155.146.11.34: icmp_seq=764 ttl=56 time=26.1 ms
08-04 21:19:14.015  5006  5093 D cellinfo: 46 bytes from 155.146.11.34: icmp_seq=765 ttl=56 time=30.3 ms
08-04 21:19:14.221  5006  5093 D cellinfo: 46 bytes from 155.146.11.34: icmp_seq=766 ttl=56 time=35.8 ms
08-04 21:19:14.421  5006  5093 D cellinfo: 46 bytes from 155.146.11.34: icmp_seq=767 ttl=56 time=34.8 ms
08-04 21:19:14.615  5006  5093 D cellinfo: 46 bytes from 155.146.11.34: icmp_seq=768 ttl=56 time=28.2 ms
08-04 21:19:14.816  5006  5093 D cellinfo: 46 bytes from 155.146.11.34: icmp_seq=769 ttl=56 time=28.3 ms
08-04 21:19:15.025  5006  5093 D cellinfo: 46 bytes from 155.146.11.34: icmp_seq=770 ttl=56 time=37.4 ms
08-04 21:19:15.226  5006  5093 D cellinfo: 46 bytes from 155.146.11.34: icmp_seq=771 ttl=56 time=37.5 ms
08-04 21:19:15.424  5006  5093 D cellinfo: 46 bytes from 155.146.11.34: icmp_seq=772 ttl=56 time=36.0 ms
08-04 21:19:15.572  5006  5006 D cellinfo: Latitude is 42.3370819
08-04 21:19:15.572  5006  5006 D cellinfo: Longitude is -71.0869224
08-04 21:19:15.572  5006  5006 D cellinfo: Instantaneous GPS information: United States, 809 Columbus Ave, Boston, MA 02118, USA
08-04 21:19:15.572  5006  5006 D cellinfo: getCurrentLocation() result: Location (success): 42.3370819, -71.0869224
08-04 21:19:15.614  5006  5006 D cellinfo: onCellInfoChanged: Operator: Verizon Wireless UpdateTimestamp: 1083780514 CellConnectionStatus: 1
08-04 21:19:15.614  5006  5006 D cellinfo: onCellInfoChanged: 5G-NR Cell Bands: [] ARFCN: 648672 Cell ID: 9223372036854775807 Physical Cell ID: 131 Tracking Area Code: 16777215
08-04 21:19:15.629  5006  5093 D cellinfo: 46 bytes from 155.146.11.34: icmp_seq=773 ttl=56 time=40.6 ms
08-04 21:19:15.809  5006  5093 D cellinfo: 46 bytes from 155.146.11.34: icmp_seq=774 ttl=56 time=19.0 ms
08-04 21:19:16.029  5006  5093 D cellinfo: 46 bytes from 155.146.11.34: icmp_seq=775 ttl=56 time=38.2 ms
08-04 21:19:16.213  5006  5093 D cellinfo: 46 bytes from 155.146.11.34: icmp_seq=776 ttl=56 time=22.0 ms
08-04 21:19:16.430  5006  5093 D cellinfo: 46 bytes from 155.146.11.34: icmp_seq=777 ttl=56 time=38.0 ms
08-04 21:19:16.625  5006  5093 D cellinfo: 46 bytes from 155.146.11.34: icmp_seq=778 ttl=56 time=32.5 ms
08-04 21:19:16.835  5006  5093 D cellinfo: 46 bytes from 155.146.11.34: icmp_seq=779 ttl=56 time=41.6 ms
08-04 21:19:17.021  5006  5093 D cellinfo: 46 bytes from 155.146.11.34: icmp_seq=780 ttl=56 time=27.1 ms
08-04 21:19:17.222  5006  5093 D cellinfo: 46 bytes from 155.146.11.34: icmp_seq=781 ttl=56 time=28.2 ms
08-04 21:19:17.335  5006  5006 D cellinfo: onsignalStrengthsChanged: LTE Signal Strength info: rsrp: -86 rsrq: -9 rssi: -57 rssnr: 4
08-04 21:19:17.335  5006  5006 D cellinfo: onsignalStrengthsChanged: 5G-NR Signal Strength info: ssrsrp: -115 ssrsrq: -16 sssinr: -1
08-04 21:19:17.430  5006  5093 D cellinfo: 46 bytes from 155.146.11.34: icmp_seq=782 ttl=56 time=35.5 ms
08-04 21:19:17.636  5006  5093 D cellinfo: 46 bytes from 155.146.11.34: icmp_seq=783 ttl=56 time=39.8 ms
08-04 21:19:17.820  5006  5093 D cellinfo: 46 bytes from 155.146.11.34: icmp_seq=784 ttl=56 time=23.8 ms
08-04 21:19:18.025  5006  5093 D cellinfo: 46 bytes from 155.146.11.34: icmp_seq=785 ttl=56 time=28.2 ms
08-04 21:19:18.234  5006  5093 D cellinfo: 46 bytes from 155.146.11.34: icmp_seq=786 ttl=56 time=37.1 ms
08-04 21:19:18.435  5006  5093 D cellinfo: 46 bytes from 155.146.11.34: icmp_seq=787 ttl=56 time=36.9 ms
08-04 21:19:18.567  5006  5006 D cellinfo: Latitude is 42.3370819
08-04 21:19:18.567  5006  5006 D cellinfo: Longitude is -71.0869224
08-04 21:19:18.567  5006  5006 D cellinfo: Instantaneous GPS information: United States, 809 Columbus Ave, Boston, MA 02118, USA
08-04 21:19:18.567  5006  5006 D cellinfo: getCurrentLocation() result: Location (success): 42.3370819, -71.0869224
08-04 21:19:18.607  5006  5006 D cellinfo: onCellInfoChanged: Operator: Verizon Wireless UpdateTimestamp: 1083783509 CellConnectionStatus: 1
08-04 21:19:18.607  5006  5006 D cellinfo: onCellInfoChanged: 5G-NR Cell Bands: [] ARFCN: 648672 Cell ID: 9223372036854775807 Physical Cell ID: 131 Tracking Area Code: 16777215
08-04 21:19:18.630  5006  5093 D cellinfo: 46 bytes from 155.146.11.34: icmp_seq=788 ttl=56 time=31.1 ms
08-04 21:19:18.825  5006  5093 D cellinfo: 46 bytes from 155.146.11.34: icmp_seq=789 ttl=56 time=25.4 ms
08-04 21:19:19.045  5006  5093 D cellinfo: 46 bytes from 155.146.11.34: icmp_seq=790 ttl=56 time=43.8 ms
08-04 21:19:19.240  5006  5093 D cellinfo: 46 bytes from 155.146.11.34: icmp_seq=791 ttl=56 time=38.4 ms
08-04 21:19:19.433  5006  5093 D cellinfo: 46 bytes from 155.146.11.34: icmp_seq=792 ttl=56 time=29.1 ms
08-04 21:19:19.636  5006  5093 D cellinfo: 46 bytes from 155.146.11.34: icmp_seq=793 ttl=56 time=31.3 ms
08-04 21:19:19.846  5006  5093 D cellinfo: 46 bytes from 155.146.11.34: icmp_seq=794 ttl=56 time=39.8 ms
08-04 21:19:20.045  5006  5093 D cellinfo: 46 bytes from 155.146.11.34: icmp_seq=795 ttl=56 time=38.6 ms
08-04 21:19:20.231  5006  5093 D cellinfo: 46 bytes from 155.146.11.34: icmp_seq=796 ttl=56 time=23.5 ms
08-04 21:19:20.432  5006  5093 D cellinfo: 46 bytes from 155.146.11.34: icmp_seq=797 ttl=56 time=24.1 ms
08-04 21:19:20.640  5006  5093 D cellinfo: 46 bytes from 155.146.11.34: icmp_seq=798 ttl=56 time=30.6 ms
08-04 21:19:20.850  5006  5093 D cellinfo: 46 bytes from 155.146.11.34: icmp_seq=799 ttl=56 time=40.3 ms
08-04 21:19:21.045  5006  5093 D cellinfo: 46 bytes from 155.146.11.34: icmp_seq=800 ttl=56 time=33.7 ms
08-04 21:19:21.370  5006  5093 D cellinfo: 46 bytes from 155.146.11.34: icmp_seq=801 ttl=56 time=158 ms
08-04 21:19:21.444  5006  5093 D cellinfo: 46 bytes from 155.146.11.34: icmp_seq=802 ttl=56 time=30.5 ms
08-04 21:19:21.618  5006  5006 D cellinfo: onCellInfoChanged: Operator: Verizon Wireless UpdateTimestamp: 1083786519 CellConnectionStatus: 1
08-04 21:19:21.618  5006  5006 D cellinfo: onCellInfoChanged: 5G-NR Cell Bands: [] ARFCN: 648672 Cell ID: 9223372036854775807 Physical Cell ID: 131 Tracking Area Code: 16777215
08-04 21:19:21.649  5006  5093 D cellinfo: 46 bytes from 155.146.11.34: icmp_seq=803 ttl=56 time=35.5 ms
08-04 21:19:21.799  5006  5006 D cellinfo: Latitude is 42.3370811
08-04 21:19:21.799  5006  5006 D cellinfo: Longitude is -71.0869227
08-04 21:19:21.799  5006  5006 D cellinfo: Instantaneous GPS information: United States, 809 Columbus Ave, Boston, MA 02118, USA
08-04 21:19:21.799  5006  5006 D cellinfo: getCurrentLocation() result: Location (success): 42.3370811, -71.0869227
08-04 21:19:21.851  5006  5093 D cellinfo: 46 bytes from 155.146.11.34: icmp_seq=804 ttl=56 time=36.5 ms
08-04 21:19:22.053  5006  5093 D cellinfo: 46 bytes from 155.146.11.34: icmp_seq=805 ttl=56 time=37.2 ms
08-04 21:19:22.275  5006  5093 D cellinfo: 46 bytes from 155.146.11.34: icmp_seq=806 ttl=56 time=58.3 ms
08-04 21:19:22.465  5006  5093 D cellinfo: 46 bytes from 155.146.11.34: icmp_seq=807 ttl=56 time=47.7 ms
08-04 21:19:22.682  5006  5093 D cellinfo: 46 bytes from 155.146.11.34: icmp_seq=808 ttl=56 time=63.7 ms
08-04 21:19:22.873  5006  5093 D cellinfo: 46 bytes from 155.146.11.34: icmp_seq=809 ttl=56 time=54.4 ms
08-04 21:19:23.077  5006  5093 D cellinfo: 46 bytes from 155.146.11.34: icmp_seq=810 ttl=56 time=57.1 ms
08-04 21:19:23.265  5006  5093 D cellinfo: 46 bytes from 155.146.11.34: icmp_seq=811 ttl=56 time=43.5 ms
08-04 21:19:23.476  5006  5093 D cellinfo: 46 bytes from 155.146.11.34: icmp_seq=812 ttl=56 time=54.5 ms
08-04 21:19:23.686  5006  5093 D cellinfo: 46 bytes from 155.146.11.34: icmp_seq=813 ttl=56 time=63.8 ms
08-04 21:19:23.884  5006  5093 D cellinfo: 46 bytes from 155.146.11.34: icmp_seq=814 ttl=56 time=61.6 ms
08-04 21:19:24.078  5006  5093 D cellinfo: 46 bytes from 155.146.11.34: icmp_seq=815 ttl=56 time=55.2 ms
08-04 21:19:24.280  5006  5093 D cellinfo: 46 bytes from 155.146.11.34: icmp_seq=816 ttl=56 time=56.1 ms
08-04 21:19:24.474  5006  5093 D cellinfo: 46 bytes from 155.146.11.34: icmp_seq=817 ttl=56 time=48.8 ms
08-04 21:19:24.572  5006  5006 D cellinfo: Latitude is 42.3370811
08-04 21:19:24.572  5006  5006 D cellinfo: Longitude is -71.0869227
08-04 21:19:24.572  5006  5006 D cellinfo: Instantaneous GPS information: United States, 809 Columbus Ave, Boston, MA 02118, USA
08-04 21:19:24.572  5006  5006 D cellinfo: getCurrentLocation() result: Location (success): 42.3370811, -71.0869227
08-04 21:19:24.613  5006  5006 D cellinfo: onCellInfoChanged: Operator: Verizon Wireless UpdateTimestamp: 1083789514 CellConnectionStatus: 1
08-04 21:19:24.613  5006  5006 D cellinfo: onCellInfoChanged: 5G-NR Cell Bands: [] ARFCN: 648672 Cell ID: 9223372036854775807 Physical Cell ID: 131 Tracking Area Code: 16777215
08-04 21:19:24.732  5006  5093 D cellinfo: 46 bytes from 155.146.11.34: icmp_seq=818 ttl=56 time=106 ms
08-04 21:19:24.860  5006  5093 D cellinfo: 46 bytes from 155.146.11.34: icmp_seq=819 ttl=56 time=32.3 ms
08-04 21:19:25.082  5006  5093 D cellinfo: 46 bytes from 155.146.11.34: icmp_seq=820 ttl=56 time=55.2 ms
08-04 21:19:25.292  5006  5093 D cellinfo: 46 bytes from 155.146.11.34: icmp_seq=821 ttl=56 time=63.2 ms
08-04 21:19:25.495  5006  5093 D cellinfo: 46 bytes from 155.146.11.34: icmp_seq=822 ttl=56 time=65.0 ms
08-04 21:19:25.691  5006  5093 D cellinfo: 46 bytes from 155.146.11.34: icmp_seq=823 ttl=56 time=60.4 ms
08-04 21:19:25.876  5006  5093 D cellinfo: 46 bytes from 155.146.11.34: icmp_seq=824 ttl=56 time=45.3 ms
08-04 21:19:26.096  5006  5093 D cellinfo: 46 bytes from 155.146.11.34: icmp_seq=825 ttl=56 time=64.6 ms
08-04 21:19:26.275  5006  5093 D cellinfo: 46 bytes from 155.146.11.34: icmp_seq=826 ttl=56 time=43.5 ms
08-04 21:19:26.473  5006  5093 D cellinfo: 46 bytes from 155.146.11.34: icmp_seq=827 ttl=56 time=40.8 ms
08-04 21:19:26.680  5006  5093 D cellinfo: 46 bytes from 155.146.11.34: icmp_seq=828 ttl=56 time=47.5 ms
08-04 21:19:26.884  5006  5093 D cellinfo: 46 bytes from 155.146.11.34: icmp_seq=829 ttl=56 time=50.0 ms
08-04 21:19:27.085  5006  5093 D cellinfo: 46 bytes from 155.146.11.34: icmp_seq=830 ttl=56 time=49.9 ms
08-04 21:19:27.284  5006  5093 D cellinfo: 46 bytes from 155.146.11.34: icmp_seq=831 ttl=56 time=47.8 ms
08-04 21:19:27.483  5006  5093 D cellinfo: 46 bytes from 155.146.11.34: icmp_seq=832 ttl=56 time=45.9 ms
08-04 21:19:27.573  5006  5006 D cellinfo: Latitude is 42.3370811
08-04 21:19:27.573  5006  5006 D cellinfo: Longitude is -71.0869227
08-04 21:19:27.573  5006  5006 D cellinfo: Instantaneous GPS information: United States, 809 Columbus Ave, Boston, MA 02118, USA
08-04 21:19:27.573  5006  5006 D cellinfo: getCurrentLocation() result: Location (success): 42.3370811, -71.0869227
08-04 21:19:27.618  5006  5006 D cellinfo: onCellInfoChanged: Operator: Verizon Wireless UpdateTimestamp: 1083792519 CellConnectionStatus: 1
08-04 21:19:27.619  5006  5006 D cellinfo: onCellInfoChanged: 5G-NR Cell Bands: [] ARFCN: 648672 Cell ID: 9223372036854775807 Physical Cell ID: 131 Tracking Area Code: 16777215
08-04 21:19:27.772  5006  5093 D cellinfo: 46 bytes from 155.146.11.34: icmp_seq=833 ttl=56 time=134 ms
08-04 21:19:27.883  5006  5093 D cellinfo: 46 bytes from 155.146.11.34: icmp_seq=834 ttl=56 time=44.1 ms
08-04 21:19:28.077  5006  5093 D cellinfo: 46 bytes from 155.146.11.34: icmp_seq=835 ttl=56 time=36.9 ms
08-04 21:19:28.295  5006  5093 D cellinfo: 46 bytes from 155.146.11.34: icmp_seq=836 ttl=56 time=53.5 ms
08-04 21:19:28.563  5006  5093 D cellinfo: 46 bytes from 155.146.11.34: icmp_seq=837 ttl=56 time=121 ms
08-04 21:19:28.703  5006  5093 D cellinfo: 46 bytes from 155.146.11.34: icmp_seq=838 ttl=56 time=60.7 ms
08-04 21:19:28.893  5006  5093 D cellinfo: 46 bytes from 155.146.11.34: icmp_seq=839 ttl=56 time=51.0 ms
08-04 21:19:29.099  5006  5093 D cellinfo: 46 bytes from 155.146.11.34: icmp_seq=840 ttl=56 time=55.6 ms
08-04 21:19:29.283  5006  5093 D cellinfo: 46 bytes from 155.146.11.34: icmp_seq=841 ttl=56 time=39.1 ms
08-04 21:19:29.501  5006  5093 D cellinfo: 46 bytes from 155.146.11.34: icmp_seq=842 ttl=56 time=56.0 ms
08-04 21:19:29.673  5006  5093 D cellinfo: 46 bytes from 155.146.11.34: icmp_seq=843 ttl=56 time=27.2 ms
08-04 21:19:29.896  5006  5093 D cellinfo: 46 bytes from 155.146.11.34: icmp_seq=844 ttl=56 time=48.5 ms
08-04 21:19:30.104  5006  5093 D cellinfo: 46 bytes from 155.146.11.34: icmp_seq=845 ttl=56 time=56.8 ms
08-04 21:19:30.297  5006  5093 D cellinfo: 46 bytes from 155.146.11.34: icmp_seq=846 ttl=56 time=48.5 ms
08-04 21:19:30.493  5006  5093 D cellinfo: 46 bytes from 155.146.11.34: icmp_seq=847 ttl=56 time=44.8 ms
08-04 21:19:30.571  5006  5006 D cellinfo: Latitude is 42.3370811
08-04 21:19:30.571  5006  5006 D cellinfo: Longitude is -71.0869227
08-04 21:19:30.571  5006  5006 D cellinfo: Instantaneous GPS information: United States, 809 Columbus Ave, Boston, MA 02118, USA
08-04 21:19:30.571  5006  5006 D cellinfo: getCurrentLocation() result: Location (success): 42.3370811, -71.0869227
08-04 21:19:30.619  5006  5006 D cellinfo: onCellInfoChanged: Operator: Verizon Wireless UpdateTimestamp: 1083795521 CellConnectionStatus: 1
08-04 21:19:30.620  5006  5006 D cellinfo: onCellInfoChanged: 5G-NR Cell Bands: [] ARFCN: 648672 Cell ID: 9223372036854775807 Physical Cell ID: 131 Tracking Area Code: 16777215
08-04 21:19:30.689  5006  5093 D cellinfo: 46 bytes from 155.146.11.34: icmp_seq=848 ttl=56 time=40.3 ms
08-04 21:19:30.908  5006  5093 D cellinfo: 46 bytes from 155.146.11.34: icmp_seq=849 ttl=56 time=57.9 ms
08-04 21:19:31.119  5006  5093 D cellinfo: 46 bytes from 155.146.11.34: icmp_seq=850 ttl=56 time=68.1 ms
08-04 21:19:31.323  5006  5093 D cellinfo: 46 bytes from 155.146.11.34: icmp_seq=851 ttl=56 time=71.2 ms
08-04 21:19:31.513  5006  5093 D cellinfo: 46 bytes from 155.146.11.34: icmp_seq=852 ttl=56 time=60.0 ms
08-04 21:19:31.717  5006  5093 D cellinfo: 46 bytes from 155.146.11.34: icmp_seq=853 ttl=56 time=63.4 ms
08-04 21:19:31.909  5006  5093 D cellinfo: 46 bytes from 155.146.11.34: icmp_seq=854 ttl=56 time=54.5 ms
08-04 21:19:32.116  5006  5093 D cellinfo: 46 bytes from 155.146.11.34: icmp_seq=855 ttl=56 time=61.4 ms
08-04 21:19:32.284  5006  5093 D cellinfo: 46 bytes from 155.146.11.34: icmp_seq=856 ttl=56 time=27.8 ms
08-04 21:19:32.515  5006  5093 D cellinfo: 46 bytes from 155.146.11.34: icmp_seq=857 ttl=56 time=57.8 ms
08-04 21:19:32.718  5006  5093 D cellinfo: 46 bytes from 155.146.11.34: icmp_seq=858 ttl=56 time=61.1 ms
08-04 21:19:32.924  5006  5093 D cellinfo: 46 bytes from 155.146.11.34: icmp_seq=859 ttl=56 time=65.8 ms
08-04 21:19:33.132  5006  5093 D cellinfo: 46 bytes from 155.146.11.34: icmp_seq=860 ttl=56 time=73.3 ms
08-04 21:19:33.316  5006  5093 D cellinfo: 46 bytes from 155.146.11.34: icmp_seq=861 ttl=56 time=55.9 ms
08-04 21:19:33.519  5006  5093 D cellinfo: 46 bytes from 155.146.11.34: icmp_seq=862 ttl=56 time=58.2 ms
08-04 21:19:33.604  5006  5006 D cellinfo: onCellInfoChanged: Operator: Verizon Wireless UpdateTimestamp: 1083798505 CellConnectionStatus: 1
08-04 21:19:33.604  5006  5006 D cellinfo: onCellInfoChanged: 5G-NR Cell Bands: [] ARFCN: 648672 Cell ID: 9223372036854775807 Physical Cell ID: 131 Tracking Area Code: 16777215
08-04 21:19:33.785  5006  5006 D cellinfo: Latitude is 42.3370774
08-04 21:19:33.786  5006  5006 D cellinfo: Longitude is -71.0869198
08-04 21:19:33.786  5006  5006 D cellinfo: Instantaneous GPS information: United States, 809 Columbus Ave, Boston, MA 02118, USA
08-04 21:19:33.786  5006  5006 D cellinfo: getCurrentLocation() result: Location (success): 42.3370774, -71.0869198
08-04 21:19:33.793  5006  5093 D cellinfo: 46 bytes from 155.146.11.34: icmp_seq=863 ttl=56 time=131 ms
08-04 21:19:33.888  5006  5093 D cellinfo: 46 bytes from 155.146.11.34: icmp_seq=864 ttl=56 time=25.5 ms
08-04 21:19:34.115  5006  5093 D cellinfo: 46 bytes from 155.146.11.34: icmp_seq=865 ttl=56 time=51.3 ms
08-04 21:19:34.319  5006  5093 D cellinfo: 46 bytes from 155.146.11.34: icmp_seq=866 ttl=56 time=54.2 ms
08-04 21:19:34.524  5006  5093 D cellinfo: 46 bytes from 155.146.11.34: icmp_seq=867 ttl=56 time=58.5 ms
08-04 21:19:34.725  5006  5093 D cellinfo: 46 bytes from 155.146.11.34: icmp_seq=868 ttl=56 time=59.0 ms
08-04 21:19:34.922  5006  5093 D cellinfo: 46 bytes from 155.146.11.34: icmp_seq=869 ttl=56 time=55.5 ms
08-04 21:19:35.104  5006  5093 D cellinfo: 46 bytes from 155.146.11.34: icmp_seq=870 ttl=56 time=36.7 ms
08-04 21:19:35.313  5006  5093 D cellinfo: 46 bytes from 155.146.11.34: icmp_seq=871 ttl=56 time=45.6 ms
08-04 21:19:35.530  5006  5093 D cellinfo: 46 bytes from 155.146.11.34: icmp_seq=872 ttl=56 time=61.7 ms
08-04 21:19:35.734  5006  5093 D cellinfo: 46 bytes from 155.146.11.34: icmp_seq=873 ttl=56 time=65.3 ms
08-04 21:19:35.923  5006  5093 D cellinfo: 46 bytes from 155.146.11.34: icmp_seq=874 ttl=56 time=53.0 ms
08-04 21:19:36.105  5006  5093 D cellinfo: 46 bytes from 155.146.11.34: icmp_seq=875 ttl=56 time=34.4 ms
08-04 21:19:36.331  5006  5093 D cellinfo: 46 bytes from 155.146.11.34: icmp_seq=876 ttl=56 time=59.4 ms
08-04 21:19:36.529  5006  5093 D cellinfo: 46 bytes from 155.146.11.34: icmp_seq=877 ttl=56 time=56.3 ms
08-04 21:19:36.580  5006  5006 D cellinfo: Latitude is 42.3370774
08-04 21:19:36.580  5006  5006 D cellinfo: Longitude is -71.0869198
08-04 21:19:36.580  5006  5006 D cellinfo: Instantaneous GPS information: United States, 809 Columbus Ave, Boston, MA 02118, USA
08-04 21:19:36.580  5006  5006 D cellinfo: getCurrentLocation() result: Location (success): 42.3370774, -71.0869198
08-04 21:19:36.635  5006  5006 D cellinfo: onCellInfoChanged: Operator: Verizon Wireless UpdateTimestamp: 1083801535 CellConnectionStatus: 1
08-04 21:19:36.635  5006  5006 D cellinfo: onCellInfoChanged: 5G-NR Cell Bands: [] ARFCN: 648672 Cell ID: 9223372036854775807 Physical Cell ID: 131 Tracking Area Code: 16777215
08-04 21:19:36.730  5006  5093 D cellinfo: 46 bytes from 155.146.11.34: icmp_seq=878 ttl=56 time=55.8 ms
08-04 21:19:36.903  5006  5093 D cellinfo: 46 bytes from 155.146.11.34: icmp_seq=879 ttl=56 time=28.7 ms
08-04 21:19:37.138  5006  5093 D cellinfo: 46 bytes from 155.146.11.34: icmp_seq=880 ttl=56 time=62.4 ms
08-04 21:19:37.343  5006  5093 D cellinfo: 46 bytes from 155.146.11.34: icmp_seq=881 ttl=56 time=66.6 ms
08-04 21:19:37.534  5006  5093 D cellinfo: 46 bytes from 155.146.11.34: icmp_seq=882 ttl=56 time=55.9 ms
08-04 21:19:37.720  5006  5093 D cellinfo: 46 bytes from 155.146.11.34: icmp_seq=883 ttl=56 time=42.0 ms
08-04 21:19:37.945  5006  5093 D cellinfo: 46 bytes from 155.146.11.34: icmp_seq=884 ttl=56 time=65.5 ms
08-04 21:19:38.146  5006  5093 D cellinfo: 46 bytes from 155.146.11.34: icmp_seq=885 ttl=56 time=66.3 ms
08-04 21:19:38.333  5006  5093 D cellinfo: 46 bytes from 155.146.11.34: icmp_seq=886 ttl=56 time=53.5 ms
08-04 21:19:38.348  5006  5006 D cellinfo: onsignalStrengthsChanged: LTE Signal Strength info: rsrp: -88 rsrq: -10 rssi: -57 rssnr: 3
08-04 21:19:38.348  5006  5006 D cellinfo: onsignalStrengthsChanged: 5G-NR Signal Strength info: ssrsrp: -115 ssrsrq: -16 sssinr: -1
08-04 21:19:38.540  5006  5093 D cellinfo: 46 bytes from 155.146.11.34: icmp_seq=887 ttl=56 time=58.7 ms
08-04 21:19:38.745  5006  5093 D cellinfo: 46 bytes from 155.146.11.34: icmp_seq=888 ttl=56 time=62.6 ms
08-04 21:19:38.946  5006  5093 D cellinfo: 46 bytes from 155.146.11.34: icmp_seq=889 ttl=56 time=63.1 ms
08-04 21:19:39.134  5006  5093 D cellinfo: 46 bytes from 155.146.11.34: icmp_seq=890 ttl=56 time=50.6 ms
08-04 21:19:39.335  5006  5093 D cellinfo: 46 bytes from 155.146.11.34: icmp_seq=891 ttl=56 time=51.1 ms
08-04 21:19:39.513  5006  5093 D cellinfo: 46 bytes from 155.146.11.34: icmp_seq=892 ttl=56 time=28.3 ms
08-04 21:19:39.572  5006  5006 D cellinfo: Latitude is 42.3370774
08-04 21:19:39.572  5006  5006 D cellinfo: Longitude is -71.0869198
08-04 21:19:39.572  5006  5006 D cellinfo: Instantaneous GPS information: United States, 809 Columbus Ave, Boston, MA 02118, USA
08-04 21:19:39.572  5006  5006 D cellinfo: getCurrentLocation() result: Location (success): 42.3370774, -71.0869198
08-04 21:19:39.623  5006  5006 D cellinfo: onCellInfoChanged: Operator: Verizon Wireless UpdateTimestamp: 1083804523 CellConnectionStatus: 1
08-04 21:19:39.623  5006  5006 D cellinfo: onCellInfoChanged: 5G-NR Cell Bands: [] ARFCN: 648672 Cell ID: 9223372036854775807 Physical Cell ID: 131 Tracking Area Code: 16777215
08-04 21:19:39.771  5006  5093 D cellinfo: 46 bytes from 155.146.11.34: icmp_seq=893 ttl=56 time=85.5 ms
08-04 21:19:39.913  5006  5093 D cellinfo: 46 bytes from 155.146.11.34: icmp_seq=894 ttl=56 time=25.8 ms
08-04 21:19:40.124  5006  5093 D cellinfo: 46 bytes from 155.146.11.34: icmp_seq=895 ttl=56 time=36.6 ms
08-04 21:19:40.368  5006  5093 D cellinfo: 46 bytes from 155.146.11.34: icmp_seq=896 ttl=56 time=79.3 ms
08-04 21:19:40.532  5006  5093 D cellinfo: 46 bytes from 155.146.11.34: icmp_seq=897 ttl=56 time=43.0 ms
08-04 21:19:40.755  5006  5093 D cellinfo: 46 bytes from 155.146.11.34: icmp_seq=898 ttl=56 time=65.3 ms
08-04 21:19:40.945  5006  5093 D cellinfo: 46 bytes from 155.146.11.34: icmp_seq=899 ttl=56 time=53.8 ms
08-04 21:19:41.146  5006  5093 D cellinfo: 46 bytes from 155.146.11.34: icmp_seq=900 ttl=56 time=54.1 ms
08-04 21:19:41.360  5006  5093 D cellinfo: 46 bytes from 155.146.11.34: icmp_seq=901 ttl=56 time=66.4 ms
08-04 21:19:41.376  5006  5006 D cellinfo: onsignalStrengthsChanged: LTE Signal Strength info: rsrp: -84 rsrq: -9 rssi: -55 rssnr: 0
08-04 21:19:41.376  5006  5006 D cellinfo: onsignalStrengthsChanged: 5G-NR Signal Strength info: ssrsrp: -115 ssrsrq: -15 sssinr: 0
08-04 21:19:41.534  5006  5093 D cellinfo: 46 bytes from 155.146.11.34: icmp_seq=902 ttl=56 time=40.9 ms
08-04 21:19:41.752  5006  5093 D cellinfo: 46 bytes from 155.146.11.34: icmp_seq=903 ttl=56 time=58.1 ms
08-04 21:19:41.965  5006  5093 D cellinfo: 46 bytes from 155.146.11.34: icmp_seq=904 ttl=56 time=70.2 ms
08-04 21:19:42.159  5006  5093 D cellinfo: 46 bytes from 155.146.11.34: icmp_seq=905 ttl=56 time=63.2 ms
08-04 21:19:42.349  5006  5093 D cellinfo: 46 bytes from 155.146.11.34: icmp_seq=906 ttl=56 time=51.5 ms
08-04 21:19:42.544  5006  5093 D cellinfo: 46 bytes from 155.146.11.34: icmp_seq=907 ttl=56 time=45.3 ms
08-04 21:19:42.571  5006  5006 D cellinfo: Latitude is 42.3370774
08-04 21:19:42.571  5006  5006 D cellinfo: Longitude is -71.0869198
08-04 21:19:42.571  5006  5006 D cellinfo: Instantaneous GPS information: United States, 809 Columbus Ave, Boston, MA 02118, USA
08-04 21:19:42.571  5006  5006 D cellinfo: getCurrentLocation() result: Location (success): 42.3370774, -71.0869198
08-04 21:19:42.622  5006  5006 D cellinfo: onCellInfoChanged: Operator: Verizon Wireless UpdateTimestamp: 1083807523 CellConnectionStatus: 1
08-04 21:19:42.622  5006  5006 D cellinfo: onCellInfoChanged: 5G-NR Cell Bands: [] ARFCN: 648672 Cell ID: 9223372036854775807 Physical Cell ID: 131 Tracking Area Code: 16777215
08-04 21:19:42.733  5006  5093 D cellinfo: 46 bytes from 155.146.11.34: icmp_seq=908 ttl=56 time=34.6 ms
08-04 21:19:42.934  5006  5093 D cellinfo: 46 bytes from 155.146.11.34: icmp_seq=909 ttl=56 time=35.1 ms
08-04 21:19:43.133  5006  5093 D cellinfo: 46 bytes from 155.146.11.34: icmp_seq=910 ttl=56 time=32.3 ms
08-04 21:19:43.372  5006  5093 D cellinfo: 46 bytes from 155.146.11.34: icmp_seq=911 ttl=56 time=71.1 ms
08-04 21:19:43.555  5006  5093 D cellinfo: 46 bytes from 155.146.11.34: icmp_seq=912 ttl=56 time=52.9 ms
08-04 21:19:43.760  5006  5093 D cellinfo: 46 bytes from 155.146.11.34: icmp_seq=913 ttl=56 time=56.2 ms
08-04 21:19:43.947  5006  5093 D cellinfo: 46 bytes from 155.146.11.34: icmp_seq=914 ttl=56 time=42.5 ms
08-04 21:19:44.162  5006  5093 D cellinfo: 46 bytes from 155.146.11.34: icmp_seq=915 ttl=56 time=57.5 ms
08-04 21:19:44.355  5006  5093 D cellinfo: 46 bytes from 155.146.11.34: icmp_seq=916 ttl=56 time=49.8 ms
08-04 21:19:44.564  5006  5093 D cellinfo: 46 bytes from 155.146.11.34: icmp_seq=917 ttl=56 time=57.3 ms
08-04 21:19:44.762  5006  5093 D cellinfo: 46 bytes from 155.146.11.34: icmp_seq=918 ttl=56 time=55.1 ms
08-04 21:19:44.983  5006  5093 D cellinfo: 46 bytes from 155.146.11.34: icmp_seq=919 ttl=56 time=74.7 ms
08-04 21:19:45.179  5006  5093 D cellinfo: 46 bytes from 155.146.11.34: icmp_seq=920 ttl=56 time=70.2 ms
08-04 21:19:45.369  5006  5093 D cellinfo: 46 bytes from 155.146.11.34: icmp_seq=921 ttl=56 time=58.7 ms
08-04 21:19:45.554  5006  5093 D cellinfo: 46 bytes from 155.146.11.34: icmp_seq=922 ttl=56 time=42.5 ms
08-04 21:19:45.628  5006  5006 D cellinfo: onCellInfoChanged: Operator: Verizon Wireless UpdateTimestamp: 1083810529 CellConnectionStatus: 1
08-04 21:19:45.628  5006  5006 D cellinfo: onCellInfoChanged: 5G-NR Cell Bands: [] ARFCN: 648672 Cell ID: 9223372036854775807 Physical Cell ID: 131 Tracking Area Code: 16777215
08-04 21:19:45.735  5006  5093 D cellinfo: 46 bytes from 155.146.11.34: icmp_seq=923 ttl=56 time=23.3 ms
08-04 21:19:45.791  5006  5006 D cellinfo: Latitude is 42.3370754
08-04 21:19:45.791  5006  5006 D cellinfo: Longitude is -71.0869155
08-04 21:19:45.791  5006  5006 D cellinfo: Instantaneous GPS information: United States, 809 Columbus Ave, Boston, MA 02118, USA
08-04 21:19:45.791  5006  5006 D cellinfo: getCurrentLocation() result: Location (success): 42.3370754, -71.0869155
08-04 21:19:45.980  5006  5093 D cellinfo: 46 bytes from 155.146.11.34: icmp_seq=924 ttl=56 time=67.4 ms
08-04 21:19:46.155  5006  5093 D cellinfo: 46 bytes from 155.146.11.34: icmp_seq=925 ttl=56 time=42.0 ms
08-04 21:19:46.356  5006  5093 D cellinfo: 46 bytes from 155.146.11.34: icmp_seq=926 ttl=56 time=43.0 ms
08-04 21:19:46.417  5006  5006 D cellinfo: onsignalStrengthsChanged: LTE Signal Strength info: rsrp: -86 rsrq: -10 rssi: -55 rssnr: 0
08-04 21:19:46.417  5006  5006 D cellinfo: onsignalStrengthsChanged: 5G-NR Signal Strength info: ssrsrp: -115 ssrsrq: -16 sssinr: -2
08-04 21:19:46.553  5006  5093 D cellinfo: 46 bytes from 155.146.11.34: icmp_seq=927 ttl=56 time=39.2 ms
