08-04 21:23:57.295 32542 32542 D cellinfo: Instantaneous GPS information: United States, Melnea Cass Blvd @ Harrison Ave, Boston, MA 02119, USA
08-04 21:23:57.295 32542 32542 D cellinfo: getCurrentLocation() result: Location (success): 42.3316687, -71.0783651
08-04 21:24:03.212 32542 32542 D cellinfo: Latitude is 42.3312131
08-04 21:24:03.212 32542 32542 D cellinfo: Longitude is -71.0771336
08-04 21:24:03.213 32542 32542 D cellinfo: Instantaneous GPS information: United States, 850 Albany St, Roxbury, MA 02119, USA
08-04 21:24:03.213 32542 32542 D cellinfo: getCurrentLocation() result: Location (success): 42.3312131, -71.0771336
08-04 21:24:03.296 32542 32542 D cellinfo: Latitude is 42.3312131
08-04 21:24:03.296 32542 32542 D cellinfo: Longitude is -71.0771336
08-04 21:24:03.296 32542 32542 D cellinfo: Instantaneous GPS information: United States, 850 Albany St, Roxbury, MA 02119, USA
08-04 21:24:03.296 32542 32542 D cellinfo: getCurrentLocation() result: Location (success): 42.3312131, -71.0771336
08-04 21:24:06.306 32542 32542 D cellinfo: Latitude is 42.3312131
08-04 21:24:06.306 32542 32542 D cellinfo: Longitude is -71.0771336
08-04 21:24:06.306 32542 32542 D cellinfo: Instantaneous GPS information: United States, 850 Albany St, Roxbury, MA 02119, USA
08-04 21:24:06.306 32542 32542 D cellinfo: getCurrentLocation() result: Location (success): 42.3312131, -71.0771336
08-04 21:24:09.296 32542 32542 D cellinfo: Latitude is 42.3312131
08-04 21:24:09.297 32542 32542 D cellinfo: Longitude is -71.0771336
08-04 21:24:09.297 32542 32542 D cellinfo: Instantaneous GPS information: United States, 850 Albany St, Roxbury, MA 02119, USA
08-04 21:24:09.297 32542 32542 D cellinfo: getCurrentLocation() result: Location (success): 42.3312131, -71.0771336
08-04 21:24:12.303 32542 32542 D cellinfo: Latitude is 42.3312131
08-04 21:24:12.303 32542 32542 D cellinfo: Longitude is -71.0771336
08-04 21:24:12.303 32542 32542 D cellinfo: Instantaneous GPS information: United States, 850 Albany St, Roxbury, MA 02119, USA
08-04 21:24:12.303 32542 32542 D cellinfo: getCurrentLocation() result: Location (success): 42.3312131, -71.0771336
08-04 21:24:18.138 32542 32542 D cellinfo: Latitude is 42.3312883
08-04 21:24:18.138 32542 32542 D cellinfo: Longitude is -71.0772749
08-04 21:24:18.138 32542 32542 D cellinfo: Instantaneous GPS information: United States, 850 Albany St, Roxbury, MA 02119, USA
08-04 21:24:18.138 32542 32542 D cellinfo: getCurrentLocation() result: Location (success): 42.3312883, -71.0772749
08-04 21:24:18.287 32542 32542 D cellinfo: Latitude is 42.3312883
08-04 21:24:18.287 32542 32542 D cellinfo: Longitude is -71.0772749
08-04 21:24:18.287 32542 32542 D cellinfo: Instantaneous GPS information: United States, 850 Albany St, Roxbury, MA 02119, USA
08-04 21:24:18.287 32542 32542 D cellinfo: getCurrentLocation() result: Location (success): 42.3312883, -71.0772749
08-04 21:24:21.298 32542 32542 D cellinfo: Latitude is 42.3312883
08-04 21:24:21.298 32542 32542 D cellinfo: Longitude is -71.0772749
08-04 21:24:21.298 32542 32542 D cellinfo: Instantaneous GPS information: United States, 850 Albany St, Roxbury, MA 02119, USA
08-04 21:24:21.298 32542 32542 D cellinfo: getCurrentLocation() result: Location (success): 42.3312883, -71.0772749
08-04 21:24:24.300 32542 32542 D cellinfo: Latitude is 42.3312883
08-04 21:24:24.300 32542 32542 D cellinfo: Longitude is -71.0772749
08-04 21:24:24.300 32542 32542 D cellinfo: Instantaneous GPS information: United States, 850 Albany St, Roxbury, MA 02119, USA
08-04 21:24:24.300 32542 32542 D cellinfo: getCurrentLocation() result: Location (success): 42.3312883, -71.0772749
08-04 21:24:27.302 32542 32542 D cellinfo: Latitude is 42.3312883
08-04 21:24:27.302 32542 32542 D cellinfo: Longitude is -71.0772749
08-04 21:24:27.302 32542 32542 D cellinfo: Instantaneous GPS information: United States, 850 Albany St, Roxbury, MA 02119, USA
08-04 21:24:27.302 32542 32542 D cellinfo: getCurrentLocation() result: Location (success): 42.3312883, -71.0772749
08-04 21:24:33.011 32542 32542 D cellinfo: Latitude is 42.3312014
08-04 21:24:33.011 32542 32542 D cellinfo: Longitude is -71.076324
08-04 21:24:33.011 32542 32542 D cellinfo: Instantaneous GPS information: United States, 1204 Melnea Cass Bike Path, Boston, MA 02118, USA
08-04 21:24:33.011 32542 32542 D cellinfo: getCurrentLocation() result: Location (success): 42.3312014, -71.076324
08-04 21:24:33.289 32542 32542 D cellinfo: Latitude is 42.3312014
08-04 21:24:33.289 32542 32542 D cellinfo: Longitude is -71.076324
08-04 21:24:33.289 32542 32542 D cellinfo: Instantaneous GPS information: United States, 1204 Melnea Cass Bike Path, Boston, MA 02118, USA
08-04 21:24:33.289 32542 32542 D cellinfo: getCurrentLocation() result: Location (success): 42.3312014, -71.076324
08-04 21:24:36.292 32542 32542 D cellinfo: Latitude is 42.3312014
08-04 21:24:36.292 32542 32542 D cellinfo: Longitude is -71.076324
08-04 21:24:36.292 32542 32542 D cellinfo: Instantaneous GPS information: United States, 1204 Melnea Cass Bike Path, Boston, MA 02118, USA
08-04 21:24:36.292 32542 32542 D cellinfo: getCurrentLocation() result: Location (success): 42.3312014, -71.076324
08-04 21:24:39.293 32542 32542 D cellinfo: Latitude is 42.3312014
08-04 21:24:39.293 32542 32542 D cellinfo: Longitude is -71.076324
08-04 21:24:39.293 32542 32542 D cellinfo: Instantaneous GPS information: United States, 1204 Melnea Cass Bike Path, Boston, MA 02118, USA
08-04 21:24:39.293 32542 32542 D cellinfo: getCurrentLocation() result: Location (success): 42.3312014, -71.076324
08-04 21:24:42.297 32542 32542 D cellinfo: Latitude is 42.3312014
08-04 21:24:42.297 32542 32542 D cellinfo: Longitude is -71.076324
08-04 21:24:42.297 32542 32542 D cellinfo: Instantaneous GPS information: United States, 1204 Melnea Cass Bike Path, Boston, MA 02118, USA
08-04 21:24:42.297 32542 32542 D cellinfo: getCurrentLocation() result: Location (success): 42.3312014, -71.076324
08-04 21:24:48.104 32542 32542 D cellinfo: Latitude is 42.3312748
08-04 21:24:48.104 32542 32542 D cellinfo: Longitude is -71.0751023
08-04 21:24:48.104 32542 32542 D cellinfo: Instantaneous GPS information: United States, 20 Hampden St, Roxbury, MA 02119, USA
08-04 21:24:48.104 32542 32542 D cellinfo: getCurrentLocation() result: Location (success): 42.3312748, -71.0751023
08-04 21:24:48.289 32542 32542 D cellinfo: Latitude is 42.3312748
08-04 21:24:48.289 32542 32542 D cellinfo: Longitude is -71.0751023
08-04 21:24:48.289 32542 32542 D cellinfo: Instantaneous GPS information: United States, 20 Hampden St, Roxbury, MA 02119, USA
08-04 21:24:48.289 32542 32542 D cellinfo: getCurrentLocation() result: Location (success): 42.3312748, -71.0751023
08-04 21:24:51.293 32542 32542 D cellinfo: Latitude is 42.3312748
08-04 21:24:51.293 32542 32542 D cellinfo: Longitude is -71.0751023
08-04 21:24:51.293 32542 32542 D cellinfo: Instantaneous GPS information: United States, 20 Hampden St, Roxbury, MA 02119, USA
08-04 21:24:51.293 32542 32542 D cellinfo: getCurrentLocation() result: Location (success): 42.3312748, -71.0751023
08-04 21:24:54.300 32542 32542 D cellinfo: Latitude is 42.3312748
08-04 21:24:54.300 32542 32542 D cellinfo: Longitude is -71.0751023
08-04 21:24:54.300 32542 32542 D cellinfo: Instantaneous GPS information: United States, 20 Hampden St, Roxbury, MA 02119, USA
08-04 21:24:54.300 32542 32542 D cellinfo: getCurrentLocation() result: Location (success): 42.3312748, -71.0751023
08-04 21:24:57.296 32542 32542 D cellinfo: Latitude is 42.3312748
08-04 21:24:57.296 32542 32542 D cellinfo: Longitude is -71.0751023
08-04 21:24:57.296 32542 32542 D cellinfo: Instantaneous GPS information: United States, 20 Hampden St, Roxbury, MA 02119, USA
08-04 21:24:57.296 32542 32542 D cellinfo: getCurrentLocation() result: Location (success): 42.3312748, -71.0751023
08-04 21:25:04.170 32542 32542 D cellinfo: Latitude is 42.331703
08-04 21:25:04.170 32542 32542 D cellinfo: Longitude is -71.0733953
08-04 21:25:04.170 32542 32542 D cellinfo: Instantaneous GPS information: United States, 13 Gerard St, Boston, MA 02119, USA
08-04 21:25:04.170 32542 32542 D cellinfo: getCurrentLocation() result: Location (success): 42.331703, -71.0733953
08-04 21:25:04.179 32542 32542 D cellinfo: Latitude is 42.331703
08-04 21:25:04.179 32542 32542 D cellinfo: Longitude is -71.0733953
08-04 21:25:04.179 32542 32542 D cellinfo: Instantaneous GPS information: United States, 13 Gerard St, Boston, MA 02119, USA
08-04 21:25:04.180 32542 32542 D cellinfo: getCurrentLocation() result: Location (success): 42.331703, -71.0733953
08-04 21:25:06.311 32542 32542 D cellinfo: Latitude is 42.331703
08-04 21:25:06.311 32542 32542 D cellinfo: Longitude is -71.0733953
08-04 21:25:06.311 32542 32542 D cellinfo: Instantaneous GPS information: United States, 13 Gerard St, Boston, MA 02119, USA
08-04 21:25:06.311 32542 32542 D cellinfo: getCurrentLocation() result: Location (success): 42.331703, -71.0733953
08-04 21:25:09.296 32542 32542 D cellinfo: Latitude is 42.331703
08-04 21:25:09.296 32542 32542 D cellinfo: Longitude is -71.0733953
08-04 21:25:09.296 32542 32542 D cellinfo: Instantaneous GPS information: United States, 13 Gerard St, Boston, MA 02119, USA
08-04 21:25:09.296 32542 32542 D cellinfo: getCurrentLocation() result: Location (success): 42.331703, -71.0733953
08-04 21:25:12.296 32542 32542 D cellinfo: Latitude is 42.331703
08-04 21:25:12.296 32542 32542 D cellinfo: Longitude is -71.0733953
08-04 21:25:12.296 32542 32542 D cellinfo: Instantaneous GPS information: United States, 13 Gerard St, Boston, MA 02119, USA
08-04 21:25:12.296 32542 32542 D cellinfo: getCurrentLocation() result: Location (success): 42.331703, -71.0733953
08-04 21:25:19.082 32542 32542 D cellinfo: Latitude is 42.3322136
08-04 21:25:19.082 32542 32542 D cellinfo: Longitude is -71.0727426
08-04 21:25:19.082 32542 32542 D cellinfo: Instantaneous GPS information: United States, 11 Gerard St, Boston, MA 02119, USA
08-04 21:25:19.082 32542 32542 D cellinfo: getCurrentLocation() result: Location (success): 42.3322136, -71.0727426
08-04 21:25:19.094 32542 32542 D cellinfo: Latitude is 42.3322136
08-04 21:25:19.094 32542 32542 D cellinfo: Longitude is -71.0727426
08-04 21:25:19.094 32542 32542 D cellinfo: Instantaneous GPS information: United States, 11 Gerard St, Boston, MA 02119, USA
08-04 21:25:19.094 32542 32542 D cellinfo: getCurrentLocation() result: Location (success): 42.3322136, -71.0727426
08-04 21:25:21.302 32542 32542 D cellinfo: Latitude is 42.3322136
08-04 21:25:21.302 32542 32542 D cellinfo: Longitude is -71.0727426
08-04 21:25:21.302 32542 32542 D cellinfo: Instantaneous GPS information: United States, 11 Gerard St, Boston, MA 02119, USA
08-04 21:25:21.302 32542 32542 D cellinfo: getCurrentLocation() result: Location (success): 42.3322136, -71.0727426
08-04 21:25:24.306 32542 32542 D cellinfo: Latitude is 42.3322136
08-04 21:25:24.306 32542 32542 D cellinfo: Longitude is -71.0727426
08-04 21:25:24.306 32542 32542 D cellinfo: Instantaneous GPS information: United States, 11 Gerard St, Boston, MA 02119, USA
08-04 21:25:24.306 32542 32542 D cellinfo: getCurrentLocation() result: Location (success): 42.3322136, -71.0727426
08-04 21:25:27.295 32542 32542 D cellinfo: Latitude is 42.3322136
08-04 21:25:27.295 32542 32542 D cellinfo: Longitude is -71.0727426
08-04 21:25:27.295 32542 32542 D cellinfo: Instantaneous GPS information: United States, 11 Gerard St, Boston, MA 02119, USA
08-04 21:25:27.295 32542 32542 D cellinfo: getCurrentLocation() result: Location (success): 42.3322136, -71.0727426
08-04 21:25:33.217 32542 32542 D cellinfo: Latitude is 42.3322527
08-04 21:25:33.218 32542 32542 D cellinfo: Longitude is -71.0729285
08-04 21:25:33.218 32542 32542 D cellinfo: Instantaneous GPS information: United States, 9 Melnea Cass Blvd, Boston, MA 02119, USA
08-04 21:25:33.218 32542 32542 D cellinfo: getCurrentLocation() result: Location (success): 42.3322527, -71.0729285
08-04 21:25:33.283 32542 32542 D cellinfo: Latitude is 42.3322527
08-04 21:25:33.283 32542 32542 D cellinfo: Longitude is -71.0729285
08-04 21:25:33.283 32542 32542 D cellinfo: Instantaneous GPS information: United States, 9 Melnea Cass Blvd, Boston, MA 02119, USA
08-04 21:25:33.283 32542 32542 D cellinfo: getCurrentLocation() result: Location (success): 42.3322527, -71.0729285
08-04 21:25:36.288 32542 32542 D cellinfo: Latitude is 42.3322527
08-04 21:25:36.288 32542 32542 D cellinfo: Longitude is -71.0729285
08-04 21:25:36.288 32542 32542 D cellinfo: Instantaneous GPS information: United States, 9 Melnea Cass Blvd, Boston, MA 02119, USA
08-04 21:25:36.288 32542 32542 D cellinfo: getCurrentLocation() result: Location (success): 42.3322527, -71.0729285
08-04 21:25:39.297 32542 32542 D cellinfo: Latitude is 42.3322527
08-04 21:25:39.297 32542 32542 D cellinfo: Longitude is -71.0729285
08-04 21:25:39.297 32542 32542 D cellinfo: Instantaneous GPS information: United States, 9 Melnea Cass Blvd, Boston, MA 02119, USA
08-04 21:25:39.297 32542 32542 D cellinfo: getCurrentLocation() result: Location (success): 42.3322527, -71.0729285
08-04 21:25:42.290 32542 32542 D cellinfo: Latitude is 42.3322527
08-04 21:25:42.290 32542 32542 D cellinfo: Longitude is -71.0729285
08-04 21:25:42.290 32542 32542 D cellinfo: Instantaneous GPS information: United States, 9 Melnea Cass Blvd, Boston, MA 02119, USA
08-04 21:25:42.290 32542 32542 D cellinfo: getCurrentLocation() result: Location (success): 42.3322527, -71.0729285
08-04 21:25:47.894 32542 32542 D cellinfo: Latitude is 42.3322169
08-04 21:25:47.894 32542 32542 D cellinfo: Longitude is -71.0728948
08-04 21:25:47.894 32542 32542 D cellinfo: Instantaneous GPS information: United States, 9 Melnea Cass Blvd, Boston, MA 02119, USA
08-04 21:25:47.894 32542 32542 D cellinfo: getCurrentLocation() result: Location (success): 42.3322169, -71.0728948
08-04 21:25:48.292 32542 32542 D cellinfo: Latitude is 42.3322169
08-04 21:25:48.292 32542 32542 D cellinfo: Longitude is -71.0728948
08-04 21:25:48.292 32542 32542 D cellinfo: Instantaneous GPS information: United States, 9 Melnea Cass Blvd, Boston, MA 02119, USA
08-04 21:25:48.292 32542 32542 D cellinfo: getCurrentLocation() result: Location (success): 42.3322169, -71.0728948
08-04 21:25:51.299 32542 32542 D cellinfo: Latitude is 42.3322169
08-04 21:25:51.299 32542 32542 D cellinfo: Longitude is -71.0728948
08-04 21:25:51.299 32542 32542 D cellinfo: Instantaneous GPS information: United States, 9 Melnea Cass Blvd, Boston, MA 02119, USA
08-04 21:25:51.299 32542 32542 D cellinfo: getCurrentLocation() result: Location (success): 42.3322169, -71.0728948
08-04 21:25:54.311 32542 32542 D cellinfo: Latitude is 42.3322169
08-04 21:25:54.311 32542 32542 D cellinfo: Longitude is -71.0728948
08-04 21:25:54.311 32542 32542 D cellinfo: Instantaneous GPS information: United States, 9 Melnea Cass Blvd, Boston, MA 02119, USA
08-04 21:25:54.311 32542 32542 D cellinfo: getCurrentLocation() result: Location (success): 42.3322169, -71.0728948
08-04 21:25:57.294 32542 32542 D cellinfo: Latitude is 42.3322169
08-04 21:25:57.294 32542 32542 D cellinfo: Longitude is -71.0728948
08-04 21:25:57.295 32542 32542 D cellinfo: Instantaneous GPS information: United States, 9 Melnea Cass Blvd, Boston, MA 02119, USA
08-04 21:25:57.295 32542 32542 D cellinfo: getCurrentLocation() result: Location (success): 42.3322169, -71.0728948
08-04 21:26:01.661 32542 32542 D cellinfo: Latitude is 42.3322946
08-04 21:26:01.661 32542 32542 D cellinfo: Longitude is -71.0727715
08-04 21:26:01.661 32542 32542 D cellinfo: Instantaneous GPS information: United States, 811 Massachusetts Ave, Boston, MA 02118, USA
08-04 21:26:01.661 32542 32542 D cellinfo: getCurrentLocation() result: Location (success): 42.3322946, -71.0727715
08-04 21:26:03.293 32542 32542 D cellinfo: Latitude is 42.3322946
08-04 21:26:03.293 32542 32542 D cellinfo: Longitude is -71.0727715
08-04 21:26:03.293 32542 32542 D cellinfo: Instantaneous GPS information: United States, 811 Massachusetts Ave, Boston, MA 02118, USA
08-04 21:26:03.293 32542 32542 D cellinfo: getCurrentLocation() result: Location (success): 42.3322946, -71.0727715
08-04 21:26:06.283 32542 32542 D cellinfo: Latitude is 42.3322946
08-04 21:26:06.283 32542 32542 D cellinfo: Longitude is -71.0727715
08-04 21:26:06.283 32542 32542 D cellinfo: Instantaneous GPS information: United States, 811 Massachusetts Ave, Boston, MA 02118, USA
08-04 21:26:06.283 32542 32542 D cellinfo: getCurrentLocation() result: Location (success): 42.3322946, -71.0727715
08-04 21:26:09.289 32542 32542 D cellinfo: Latitude is 42.3322946
08-04 21:26:09.290 32542 32542 D cellinfo: Longitude is -71.0727715
08-04 21:26:09.290 32542 32542 D cellinfo: Instantaneous GPS information: United States, 811 Massachusetts Ave, Boston, MA 02118, USA
08-04 21:26:09.290 32542 32542 D cellinfo: getCurrentLocation() result: Location (success): 42.3322946, -71.0727715
08-04 21:26:13.914 32542 32542 D cellinfo: Latitude is 42.3332241
08-04 21:26:13.914 32542 32542 D cellinfo: Longitude is -71.071331
08-04 21:26:13.914 32542 32542 D cellinfo: Instantaneous GPS information: United States, Boston City Hospital Heliport, Boston, MA 02118, USA
08-04 21:26:13.914 32542 32542 D cellinfo: getCurrentLocation() result: Location (success): 42.3332241, -71.071331
08-04 21:26:15.294 32542 32542 D cellinfo: Latitude is 42.3332241
08-04 21:26:15.294 32542 32542 D cellinfo: Longitude is -71.071331
08-04 21:26:15.294 32542 32542 D cellinfo: Instantaneous GPS information: United States, Boston City Hospital Heliport, Boston, MA 02118, USA
08-04 21:26:15.294 32542 32542 D cellinfo: getCurrentLocation() result: Location (success): 42.3332241, -71.071331
08-04 21:26:18.296 32542 32542 D cellinfo: Latitude is 42.3332241
08-04 21:26:18.296 32542 32542 D cellinfo: Longitude is -71.071331
08-04 21:26:18.296 32542 32542 D cellinfo: Instantaneous GPS information: United States, Boston City Hospital Heliport, Boston, MA 02118, USA
08-04 21:26:18.296 32542 32542 D cellinfo: getCurrentLocation() result: Location (success): 42.3332241, -71.071331
08-04 21:26:21.286 32542 32542 D cellinfo: Latitude is 42.3332241
08-04 21:26:21.286 32542 32542 D cellinfo: Longitude is -71.071331
08-04 21:26:21.287 32542 32542 D cellinfo: Instantaneous GPS information: United States, Boston City Hospital Heliport, Boston, MA 02118, USA
08-04 21:26:21.287 32542 32542 D cellinfo: getCurrentLocation() result: Location (success): 42.3332241, -71.071331
08-04 21:26:25.906 32542 32542 D cellinfo: Latitude is 42.3342249
08-04 21:26:25.906 32542 32542 D cellinfo: Longitude is -71.0699718
08-04 21:26:25.906 32542 32542 D cellinfo: Instantaneous GPS information: United States, 20 Bradston St, Boston, MA 02118, USA
08-04 21:26:25.906 32542 32542 D cellinfo: getCurrentLocation() result: Location (success): 42.3342249, -71.0699718
08-04 21:26:27.787 32542 32542 D cellinfo: Latitude is 42.3342866
08-04 21:26:27.788 32542 32542 D cellinfo: Longitude is -71.0698377
08-04 21:26:27.788 32542 32542 D cellinfo: Instantaneous GPS information: United States, 20 Bradston St, Boston, MA 02118, USA
08-04 21:26:27.788 32542 32542 D cellinfo: getCurrentLocation() result: Location (success): 42.3342866, -71.0698377
08-04 21:26:30.297 32542 32542 D cellinfo: Latitude is 42.3342866
08-04 21:26:30.297 32542 32542 D cellinfo: Longitude is -71.0698377
08-04 21:26:30.297 32542 32542 D cellinfo: Instantaneous GPS information: United States, 20 Bradston St, Boston, MA 02118, USA
08-04 21:26:30.297 32542 32542 D cellinfo: getCurrentLocation() result: Location (success): 42.3342866, -71.0698377
08-04 21:26:33.293 32542 32542 D cellinfo: Latitude is 42.3342866
08-04 21:26:33.294 32542 32542 D cellinfo: Longitude is -71.0698377
08-04 21:26:33.294 32542 32542 D cellinfo: Instantaneous GPS information: United States, 20 Bradston St, Boston, MA 02118, USA
08-04 21:26:33.294 32542 32542 D cellinfo: getCurrentLocation() result: Location (success): 42.3342866, -71.0698377
08-04 21:26:37.789 32542 32542 D cellinfo: Latitude is 42.3353045
08-04 21:26:37.789 32542 32542 D cellinfo: Longitude is -71.0680867
08-04 21:26:37.789 32542 32542 D cellinfo: Instantaneous GPS information: United States, CGLD - Chip Gill Landscape and Design, Massachusetts Ave Connector, Boston, MA 02118, USA
08-04 21:26:37.789 32542 32542 D cellinfo: getCurrentLocation() result: Location (success): 42.3353045, -71.0680867
08-04 21:26:39.288 32542 32542 D cellinfo: Latitude is 42.3353045
08-04 21:26:39.288 32542 32542 D cellinfo: Longitude is -71.0680867
08-04 21:26:39.288 32542 32542 D cellinfo: Instantaneous GPS information: United States, CGLD - Chip Gill Landscape and Design, Massachusetts Ave Connector, Boston, MA 02118, USA
08-04 21:26:39.288 32542 32542 D cellinfo: getCurrentLocation() result: Location (success): 42.3353045, -71.0680867
--------- beginning of crash
08-04 22:02:28.461  7640  7640 D cellinfo: Country == United States
08-04 22:02:28.461  7640  7640 D cellinfo: City == Boston
08-04 22:02:28.462  7640  7640 D cellinfo: GPS Info == 20 Bradston St, Boston, MA 02118, USA
08-04 22:02:28.462  7640  7640 D cellinfo: Network Operator == AT&T
08-04 22:02:28.462  7640  7640 D cellinfo: User movement == Static
08-04 22:02:28.462  7640  7640 D cellinfo: isEastCoast == true
08-04 22:02:28.462  7640  7640 D cellinfo: isWestCoast == false
08-04 22:02:28.462  7640  7640 D cellinfo: isBoston == true
08-04 22:02:28.462  7640  7640 D cellinfo: All GPS info fetched. Saving city and country info
08-04 22:02:28.463  7640 15749 D cellinfo: Timestamp: 1659664948
08-04 22:02:28.964  7640 15750 D cellinfo: Logging started
08-04 22:02:28.971  7640  7640 D cellinfo: onServiceStateChanged: Channel Number: 67086 Cell Bandwidths: [10000, 20000, 10000, 10000]
08-04 22:02:28.971  7640  7640 D cellinfo: onsignalStrengthsChanged: LTE Signal Strength info: rsrp: -74 rsrq: -12 rssi: -51 rssnr: 4
08-04 22:02:28.977  7640  7640 D cellinfo: onCellInfoChanged: Operator: AT&T...1 UpdateTimestamp: 716550390 CellConnectionStatus: 0
08-04 22:02:28.977  7640  7640 D cellinfo: onCellInfoChanged: LTE Cell Bands: [] Bandwidth: 2147483647 Cell ID: 16925377 Physical Cell ID: 172 Tracking Area Code: 1031 EARFCN: 67086
08-04 22:02:28.978  7640  7640 D cellinfo: onDisplayInfoChanged: NetworkType: LTE OverrideNetworkType: 5G (Sub-6 GHz)
08-04 22:02:29.001  7640  7640 D cellinfo: onServiceStateChanged: Channel Number: 67086 Cell Bandwidths: [10000, 20000, 10000, 10000]
08-04 22:02:29.005  7640  7640 D cellinfo: onDisplayInfoChanged: NetworkType: LTE OverrideNetworkType: 5G (Sub-6 GHz)
08-04 22:02:29.045  7640  7640 D cellinfo: onServiceStateChanged: Channel Number: 67086 Cell Bandwidths: []
08-04 22:02:29.467  7640 15749 D cellinfo: Ping command fired: /system/bin/ping -i 0.2 -s 38 -c 2000 54.197.223.49
08-04 22:02:29.532  7640 15749 D cellinfo: PING 54.197.223.49 (54.197.223.49) 38(66) bytes of data.
08-04 22:02:29.532  7640 15749 D cellinfo: 46 bytes from 54.197.223.49: icmp_seq=1 ttl=43 time=52.6 ms
08-04 22:02:29.565  7640  7640 D cellinfo: onsignalStrengthsChanged: LTE Signal Strength info: rsrp: -74 rsrq: -12 rssi: -51 rssnr: 5
08-04 22:02:29.566  7640  7640 D cellinfo: onsignalStrengthsChanged: 5G-NR Signal Strength info: ssrsrp: -80 ssrsrq: -16 sssinr: -1
08-04 22:02:29.734  7640 15749 D cellinfo: 46 bytes from 54.197.223.49: icmp_seq=2 ttl=43 time=52.5 ms
08-04 22:02:29.897  7640  7640 D cellinfo: Latitude is 42.3372961
08-04 22:02:29.897  7640  7640 D cellinfo: Longitude is -71.0863322
08-04 22:02:29.897  7640  7640 D cellinfo: Instantaneous GPS information: United States, 772 MA-28, Boston, MA 02120, USA
08-04 22:02:29.897  7640  7640 D cellinfo: getCurrentLocation() result: Location (success): 42.3372961, -71.0863322
08-04 22:02:29.915  7640 15749 D cellinfo: 46 bytes from 54.197.223.49: icmp_seq=3 ttl=43 time=33.8 ms
08-04 22:02:30.122  7640 15749 D cellinfo: 46 bytes from 54.197.223.49: icmp_seq=4 ttl=43 time=40.8 ms
08-04 22:02:30.306  7640  7640 D cellinfo: onsignalStrengthsChanged: LTE Signal Strength info: rsrp: -75 rsrq: -12 rssi: -51 rssnr: 6
08-04 22:02:30.306  7640  7640 D cellinfo: onsignalStrengthsChanged: 5G-NR Signal Strength info: ssrsrp: -80 ssrsrq: -16 sssinr: -1
08-04 22:02:30.324  7640 15749 D cellinfo: 46 bytes from 54.197.223.49: icmp_seq=5 ttl=43 time=42.1 ms
08-04 22:02:30.531  7640 15749 D cellinfo: 46 bytes from 54.197.223.49: icmp_seq=6 ttl=43 time=48.3 ms
08-04 22:02:30.570  7640  7640 D cellinfo: onsignalStrengthsChanged: LTE Signal Strength info: rsrp: -75 rsrq: -12 rssi: -51 rssnr: 6
08-04 22:02:30.570  7640  7640 D cellinfo: onsignalStrengthsChanged: 5G-NR Signal Strength info: ssrsrp: -80 ssrsrq: -15 sssinr: 0
08-04 22:02:30.813  7640 15749 D cellinfo: 46 bytes from 54.197.223.49: icmp_seq=7 ttl=43 time=129 ms
08-04 22:02:30.940  7640  7640 D cellinfo: Latitude is 42.3372961
08-04 22:02:30.940  7640  7640 D cellinfo: Longitude is -71.0863322
08-04 22:02:30.940  7640  7640 D cellinfo: Instantaneous GPS information: United States, 772 MA-28, Boston, MA 02120, USA
08-04 22:02:30.940  7640  7640 D cellinfo: getCurrentLocation() result: Location (success): 42.3372961, -71.0863322
08-04 22:02:30.940  7640 15749 D cellinfo: 46 bytes from 54.197.223.49: icmp_seq=8 ttl=43 time=55.2 ms
08-04 22:02:30.991  7640  7640 D cellinfo: onCellInfoChanged: Operator: AT&T...1 UpdateTimestamp: 716552850 CellConnectionStatus: 0
08-04 22:02:30.991  7640  7640 D cellinfo: onCellInfoChanged: LTE Cell Bands: [] Bandwidth: 2147483647 Cell ID: 16925377 Physical Cell ID: 172 Tracking Area Code: 1031 EARFCN: 67086
08-04 22:02:31.134  7640 15749 D cellinfo: 46 bytes from 54.197.223.49: icmp_seq=9 ttl=43 time=48.9 ms
08-04 22:02:31.323  7640 15749 D cellinfo: 46 bytes from 54.197.223.49: icmp_seq=10 ttl=43 time=37.8 ms
08-04 22:02:31.527  7640 15749 D cellinfo: 46 bytes from 54.197.223.49: icmp_seq=11 ttl=43 time=40.7 ms
08-04 22:02:31.570  7640  7640 D cellinfo: onsignalStrengthsChanged: LTE Signal Strength info: rsrp: -75 rsrq: -12 rssi: -51 rssnr: 6
08-04 22:02:31.570  7640  7640 D cellinfo: onsignalStrengthsChanged: 5G-NR Signal Strength info: ssrsrp: -78 ssrsrq: -15 sssinr: 1
08-04 22:02:31.740  7640 15749 D cellinfo: 46 bytes from 54.197.223.49: icmp_seq=12 ttl=43 time=50.6 ms
08-04 22:02:31.791  7640  7640 D cellinfo: onsignalStrengthsChanged: LTE Signal Strength info: rsrp: -75 rsrq: -12 rssi: -51 rssnr: 7
08-04 22:02:31.792  7640  7640 D cellinfo: onsignalStrengthsChanged: 5G-NR Signal Strength info: ssrsrp: -78 ssrsrq: -15 sssinr: 1
08-04 22:02:31.931  7640 15749 D cellinfo: 46 bytes from 54.197.223.49: icmp_seq=13 ttl=43 time=41.3 ms
08-04 22:02:32.127  7640 15749 D cellinfo: 46 bytes from 54.197.223.49: icmp_seq=14 ttl=43 time=36.3 ms
08-04 22:02:32.342  7640 15749 D cellinfo: 46 bytes from 54.197.223.49: icmp_seq=15 ttl=43 time=50.4 ms
08-04 22:02:32.550  7640 15749 D cellinfo: 46 bytes from 54.197.223.49: icmp_seq=16 ttl=43 time=56.4 ms
08-04 22:02:32.568  7640  7640 D cellinfo: onsignalStrengthsChanged: LTE Signal Strength info: rsrp: -75 rsrq: -12 rssi: -51 rssnr: 7
08-04 22:02:32.569  7640  7640 D cellinfo: onsignalStrengthsChanged: 5G-NR Signal Strength info: ssrsrp: -81 ssrsrq: -15 sssinr: -1
08-04 22:02:32.736  7640 15749 D cellinfo: 46 bytes from 54.197.223.49: icmp_seq=17 ttl=43 time=41.1 ms
08-04 22:02:32.932  7640 15749 D cellinfo: 46 bytes from 54.197.223.49: icmp_seq=18 ttl=43 time=36.3 ms
08-04 22:02:33.140  7640 15749 D cellinfo: 46 bytes from 54.197.223.49: icmp_seq=19 ttl=43 time=44.3 ms
08-04 22:02:33.339  7640 15749 D cellinfo: 46 bytes from 54.197.223.49: icmp_seq=20 ttl=43 time=42.8 ms
08-04 22:02:33.564  7640  7640 D cellinfo: onsignalStrengthsChanged: LTE Signal Strength info: rsrp: -75 rsrq: -12 rssi: -51 rssnr: 7
08-04 22:02:33.564  7640  7640 D cellinfo: onsignalStrengthsChanged: 5G-NR Signal Strength info: ssrsrp: -85 ssrsrq: -15 sssinr: 0
08-04 22:02:33.568  7640 15749 D cellinfo: 46 bytes from 54.197.223.49: icmp_seq=21 ttl=43 time=69.7 ms
08-04 22:02:33.755  7640 15749 D cellinfo: 46 bytes from 54.197.223.49: icmp_seq=22 ttl=43 time=54.3 ms
08-04 22:02:33.944  7640 15749 D cellinfo: 46 bytes from 54.197.223.49: icmp_seq=23 ttl=43 time=42.2 ms
08-04 22:02:33.958  7640  7640 D cellinfo: Latitude is 42.3372961
08-04 22:02:33.958  7640  7640 D cellinfo: Longitude is -71.0863322
08-04 22:02:33.958  7640  7640 D cellinfo: Instantaneous GPS information: United States, 772 MA-28, Boston, MA 02120, USA
08-04 22:02:33.958  7640  7640 D cellinfo: getCurrentLocation() result: Location (success): 42.3372961, -71.0863322
08-04 22:02:34.061  7640  7640 D cellinfo: onCellInfoChanged: Operator: AT&T...1 UpdateTimestamp: 716555919 CellConnectionStatus: 0
08-04 22:02:34.061  7640  7640 D cellinfo: onCellInfoChanged: LTE Cell Bands: [] Bandwidth: 2147483647 Cell ID: 16925377 Physical Cell ID: 172 Tracking Area Code: 1031 EARFCN: 67086
08-04 22:02:34.143  7640 15749 D cellinfo: 46 bytes from 54.197.223.49: icmp_seq=24 ttl=43 time=41.5 ms
08-04 22:02:34.354  7640 15749 D cellinfo: 46 bytes from 54.197.223.49: icmp_seq=25 ttl=43 time=51.4 ms
08-04 22:02:34.556  7640 15749 D cellinfo: 46 bytes from 54.197.223.49: icmp_seq=26 ttl=43 time=51.5 ms
08-04 22:02:34.572  7640  7640 D cellinfo: onsignalStrengthsChanged: LTE Signal Strength info: rsrp: -75 rsrq: -12 rssi: -51 rssnr: 7
08-04 22:02:34.572  7640  7640 D cellinfo: onsignalStrengthsChanged: 5G-NR Signal Strength info: ssrsrp: -82 ssrsrq: -15 sssinr: 0
08-04 22:02:34.814  7640 15749 D cellinfo: 46 bytes from 54.197.223.49: icmp_seq=27 ttl=43 time=108 ms
08-04 22:02:34.950  7640 15749 D cellinfo: 46 bytes from 54.197.223.49: icmp_seq=28 ttl=43 time=45.0 ms
08-04 22:02:35.148  7640 15749 D cellinfo: 46 bytes from 54.197.223.49: icmp_seq=29 ttl=43 time=41.8 ms
08-04 22:02:35.348  7640 15749 D cellinfo: 46 bytes from 54.197.223.49: icmp_seq=30 ttl=43 time=40.7 ms
08-04 22:02:35.559  7640 15749 D cellinfo: 46 bytes from 54.197.223.49: icmp_seq=31 ttl=43 time=50.9 ms
08-04 22:02:35.566  7640  7640 D cellinfo: onsignalStrengthsChanged: LTE Signal Strength info: rsrp: -75 rsrq: -12 rssi: -51 rssnr: 7
08-04 22:02:35.566  7640  7640 D cellinfo: onsignalStrengthsChanged: 5G-NR Signal Strength info: ssrsrp: -81 ssrsrq: -15 sssinr: 0
08-04 22:02:35.752  7640 15749 D cellinfo: 46 bytes from 54.197.223.49: icmp_seq=32 ttl=43 time=42.5 ms
08-04 22:02:35.956  7640 15749 D cellinfo: 46 bytes from 54.197.223.49: icmp_seq=33 ttl=43 time=44.6 ms
08-04 22:02:36.155  7640 15749 D cellinfo: 46 bytes from 54.197.223.49: icmp_seq=34 ttl=43 time=42.3 ms
08-04 22:02:36.357  7640 15749 D cellinfo: 46 bytes from 54.197.223.49: icmp_seq=35 ttl=43 time=41.0 ms
08-04 22:02:36.567  7640 15749 D cellinfo: 46 bytes from 54.197.223.49: icmp_seq=36 ttl=43 time=51.8 ms
08-04 22:02:36.760  7640 15749 D cellinfo: 46 bytes from 54.197.223.49: icmp_seq=37 ttl=43 time=43.2 ms
08-04 22:02:36.947  7640  7640 D cellinfo: Latitude is 42.3372961
08-04 22:02:36.947  7640  7640 D cellinfo: Longitude is -71.0863322
08-04 22:02:36.947  7640  7640 D cellinfo: Instantaneous GPS information: United States, 772 MA-28, Boston, MA 02120, USA
08-04 22:02:36.947  7640  7640 D cellinfo: getCurrentLocation() result: Location (success): 42.3372961, -71.0863322
08-04 22:02:36.959  7640 15749 D cellinfo: 46 bytes from 54.197.223.49: icmp_seq=38 ttl=43 time=41.7 ms
08-04 22:02:36.990  7640  7640 D cellinfo: onCellInfoChanged: Operator: AT&T...1 UpdateTimestamp: 716558851 CellConnectionStatus: 0
08-04 22:02:36.990  7640  7640 D cellinfo: onCellInfoChanged: LTE Cell Bands: [] Bandwidth: 2147483647 Cell ID: 16925377 Physical Cell ID: 172 Tracking Area Code: 1031 EARFCN: 67086
08-04 22:02:37.161  7640 15749 D cellinfo: 46 bytes from 54.197.223.49: icmp_seq=39 ttl=43 time=41.6 ms
08-04 22:02:37.367  7640 15749 D cellinfo: 46 bytes from 54.197.223.49: icmp_seq=40 ttl=43 time=48.3 ms
08-04 22:02:37.564  7640 15749 D cellinfo: 46 bytes from 54.197.223.49: icmp_seq=41 ttl=43 time=44.6 ms
08-04 22:02:37.581  7640  7640 D cellinfo: onsignalStrengthsChanged: LTE Signal Strength info: rsrp: -75 rsrq: -12 rssi: -51 rssnr: 7
08-04 22:02:37.581  7640  7640 D cellinfo: onsignalStrengthsChanged: 5G-NR Signal Strength info: ssrsrp: -80 ssrsrq: -16 sssinr: -3
08-04 22:02:37.772  7640 15749 D cellinfo: 46 bytes from 54.197.223.49: icmp_seq=42 ttl=43 time=50.2 ms
08-04 22:02:37.964  7640 15749 D cellinfo: 46 bytes from 54.197.223.49: icmp_seq=43 ttl=43 time=42.6 ms
08-04 22:02:38.164  7640 15749 D cellinfo: 46 bytes from 54.197.223.49: icmp_seq=44 ttl=43 time=41.4 ms
08-04 22:02:38.363  7640 15749 D cellinfo: 46 bytes from 54.197.223.49: icmp_seq=45 ttl=43 time=39.2 ms
08-04 22:02:38.499  7640  7640 D cellinfo: onsignalStrengthsChanged: LTE Signal Strength info: rsrp: -76 rsrq: -11 rssi: -51 rssnr: 7
08-04 22:02:38.499  7640  7640 D cellinfo: onsignalStrengthsChanged: 5G-NR Signal Strength info: ssrsrp: -80 ssrsrq: -16 sssinr: -3
08-04 22:02:38.567  7640 15749 D cellinfo: 46 bytes from 54.197.223.49: icmp_seq=46 ttl=43 time=42.1 ms
08-04 22:02:38.577  7640  7640 D cellinfo: onsignalStrengthsChanged: LTE Signal Strength info: rsrp: -76 rsrq: -11 rssi: -51 rssnr: 7
08-04 22:02:38.577  7640  7640 D cellinfo: onsignalStrengthsChanged: 5G-NR Signal Strength info: ssrsrp: -77 ssrsrq: -15 sssinr: -2
08-04 22:02:38.779  7640 15749 D cellinfo: 46 bytes from 54.197.223.49: icmp_seq=47 ttl=43 time=51.2 ms
08-04 22:02:38.978  7640 15749 D cellinfo: 46 bytes from 54.197.223.49: icmp_seq=48 ttl=43 time=50.3 ms
08-04 22:02:39.180  7640 15749 D cellinfo: 46 bytes from 54.197.223.49: icmp_seq=49 ttl=43 time=50.3 ms
08-04 22:02:39.313  7640  7640 D cellinfo: onsignalStrengthsChanged: LTE Signal Strength info: rsrp: -75 rsrq: -11 rssi: -51 rssnr: 6
08-04 22:02:39.313  7640  7640 D cellinfo: onsignalStrengthsChanged: 5G-NR Signal Strength info: ssrsrp: -77 ssrsrq: -15 sssinr: -2
08-04 22:02:39.375  7640 15749 D cellinfo: 46 bytes from 54.197.223.49: icmp_seq=50 ttl=43 time=41.9 ms
08-04 22:02:39.569  7640  7640 D cellinfo: onsignalStrengthsChanged: LTE Signal Strength info: rsrp: -75 rsrq: -11 rssi: -51 rssnr: 6
08-04 22:02:39.569  7640  7640 D cellinfo: onsignalStrengthsChanged: 5G-NR Signal Strength info: ssrsrp: -78 ssrsrq: -16 sssinr: -4
08-04 22:02:39.579  7640 15749 D cellinfo: 46 bytes from 54.197.223.49: icmp_seq=51 ttl=43 time=46.4 ms
08-04 22:02:39.776  7640 15749 D cellinfo: 46 bytes from 54.197.223.49: icmp_seq=52 ttl=43 time=42.9 ms
08-04 22:02:39.977  7640 15749 D cellinfo: 46 bytes from 54.197.223.49: icmp_seq=53 ttl=43 time=44.2 ms
08-04 22:02:39.992  7640  7640 D cellinfo: onCellInfoChanged: Operator: AT&T...1 UpdateTimestamp: 716561849 CellConnectionStatus: 0
08-04 22:02:39.992  7640  7640 D cellinfo: onCellInfoChanged: LTE Cell Bands: [] Bandwidth: 2147483647 Cell ID: 16925377 Physical Cell ID: 172 Tracking Area Code: 1031 EARFCN: 67086
08-04 22:02:40.179  7640 15749 D cellinfo: 46 bytes from 54.197.223.49: icmp_seq=54 ttl=43 time=44.0 ms
08-04 22:02:40.379  7640 15749 D cellinfo: 46 bytes from 54.197.223.49: icmp_seq=55 ttl=43 time=43.6 ms
08-04 22:02:40.577  7640  7640 D cellinfo: onsignalStrengthsChanged: LTE Signal Strength info: rsrp: -75 rsrq: -11 rssi: -51 rssnr: 6
08-04 22:02:40.577  7640  7640 D cellinfo: onsignalStrengthsChanged: 5G-NR Signal Strength info: ssrsrp: -77 ssrsrq: -15 sssinr: -2
08-04 22:02:40.586  7640 15749 D cellinfo: 46 bytes from 54.197.223.49: icmp_seq=56 ttl=43 time=50.2 ms
08-04 22:02:40.775  7640 15749 D cellinfo: 46 bytes from 54.197.223.49: icmp_seq=57 ttl=43 time=37.5 ms
08-04 22:02:40.973  7640 15749 D cellinfo: 46 bytes from 54.197.223.49: icmp_seq=58 ttl=43 time=33.3 ms
08-04 22:02:41.191  7640 15749 D cellinfo: 46 bytes from 54.197.223.49: icmp_seq=59 ttl=43 time=52.2 ms
08-04 22:02:41.345  7640  7640 D cellinfo: Latitude is 42.3372696
08-04 22:02:41.345  7640  7640 D cellinfo: Longitude is -71.0863551
08-04 22:02:41.345  7640  7640 D cellinfo: Instantaneous GPS information: United States, 772 MA-28, Boston, MA 02120, USA
08-04 22:02:41.345  7640  7640 D cellinfo: getCurrentLocation() result: Location (success): 42.3372696, -71.0863551
08-04 22:02:41.377  7640 15749 D cellinfo: 46 bytes from 54.197.223.49: icmp_seq=60 ttl=43 time=36.9 ms
08-04 22:02:41.570  7640  7640 D cellinfo: onsignalStrengthsChanged: LTE Signal Strength info: rsrp: -75 rsrq: -11 rssi: -51 rssnr: 6
08-04 22:02:41.571  7640  7640 D cellinfo: onsignalStrengthsChanged: 5G-NR Signal Strength info: ssrsrp: -79 ssrsrq: -16 sssinr: -3
08-04 22:02:41.575  7640 15749 D cellinfo: 46 bytes from 54.197.223.49: icmp_seq=61 ttl=43 time=33.3 ms
08-04 22:02:41.778  7640 15749 D cellinfo: 46 bytes from 54.197.223.49: icmp_seq=62 ttl=43 time=34.2 ms
08-04 22:02:42.190  7640 15749 D cellinfo: 46 bytes from 54.197.223.49: icmp_seq=63 ttl=43 time=244 ms
08-04 22:02:42.195  7640 15749 D cellinfo: 46 bytes from 54.197.223.49: icmp_seq=64 ttl=43 time=42.6 ms
08-04 22:02:42.314  7640  7640 D cellinfo: onsignalStrengthsChanged: LTE Signal Strength info: rsrp: -75 rsrq: -11 rssi: -51 rssnr: 5
08-04 22:02:42.314  7640  7640 D cellinfo: onsignalStrengthsChanged: 5G-NR Signal Strength info: ssrsrp: -79 ssrsrq: -16 sssinr: -3
08-04 22:02:42.394  7640 15749 D cellinfo: 46 bytes from 54.197.223.49: icmp_seq=65 ttl=43 time=40.8 ms
08-04 22:02:42.572  7640  7640 D cellinfo: onsignalStrengthsChanged: LTE Signal Strength info: rsrp: -75 rsrq: -11 rssi: -51 rssnr: 5
08-04 22:02:42.572  7640  7640 D cellinfo: onsignalStrengthsChanged: 5G-NR Signal Strength info: ssrsrp: -78 ssrsrq: -16 sssinr: -3
08-04 22:02:42.594  7640 15749 D cellinfo: 46 bytes from 54.197.223.49: icmp_seq=66 ttl=43 time=40.4 ms
08-04 22:02:42.800  7640 15749 D cellinfo: 46 bytes from 54.197.223.49: icmp_seq=67 ttl=43 time=43.2 ms
08-04 22:02:42.946  7640  7640 D cellinfo: Latitude is 42.3372696
08-04 22:02:42.946  7640  7640 D cellinfo: Longitude is -71.0863551
08-04 22:02:42.946  7640  7640 D cellinfo: Instantaneous GPS information: United States, 772 MA-28, Boston, MA 02120, USA
08-04 22:02:42.946  7640  7640 D cellinfo: getCurrentLocation() result: Location (success): 42.3372696, -71.0863551
08-04 22:02:42.984  7640  7640 D cellinfo: onsignalStrengthsChanged: LTE Signal Strength info: rsrp: -75 rsrq: -12 rssi: -51 rssnr: 5
08-04 22:02:42.984  7640  7640 D cellinfo: onsignalStrengthsChanged: 5G-NR Signal Strength info: ssrsrp: -78 ssrsrq: -16 sssinr: -3
08-04 22:02:42.998  7640  7640 D cellinfo: onCellInfoChanged: Operator: AT&T...1 UpdateTimestamp: 716564858 CellConnectionStatus: 0
08-04 22:02:42.998  7640  7640 D cellinfo: onCellInfoChanged: LTE Cell Bands: [] Bandwidth: 2147483647 Cell ID: 16925377 Physical Cell ID: 172 Tracking Area Code: 1031 EARFCN: 67086
08-04 22:02:43.006  7640 15749 D cellinfo: 46 bytes from 54.197.223.49: icmp_seq=68 ttl=43 time=49.1 ms
08-04 22:02:43.200  7640 15749 D cellinfo: 46 bytes from 54.197.223.49: icmp_seq=69 ttl=43 time=42.3 ms
08-04 22:02:43.391  7640 15749 D cellinfo: 46 bytes from 54.197.223.49: icmp_seq=70 ttl=43 time=32.7 ms
08-04 22:02:43.601  7640 15749 D cellinfo: 46 bytes from 54.197.223.49: icmp_seq=71 ttl=43 time=40.9 ms
08-04 22:02:43.810  7640 15749 D cellinfo: 46 bytes from 54.197.223.49: icmp_seq=72 ttl=43 time=50.6 ms
08-04 22:02:44.004  7640 15749 D cellinfo: 46 bytes from 54.197.223.49: icmp_seq=73 ttl=43 time=43.2 ms
08-04 22:02:44.204  7640 15749 D cellinfo: 46 bytes from 54.197.223.49: icmp_seq=74 ttl=43 time=43.5 ms
08-04 22:02:44.404  7640 15749 D cellinfo: 46 bytes from 54.197.223.49: icmp_seq=75 ttl=43 time=42.6 ms
08-04 22:02:44.605  7640 15749 D cellinfo: 46 bytes from 54.197.223.49: icmp_seq=76 ttl=43 time=43.1 ms
08-04 22:02:45.077  7640 15749 D cellinfo: 46 bytes from 54.197.223.49: icmp_seq=77 ttl=43 time=315 ms
08-04 22:02:45.077  7640 15749 D cellinfo: 46 bytes from 54.197.223.49: icmp_seq=78 ttl=43 time=115 ms
08-04 22:02:45.204  7640 15749 D cellinfo: 46 bytes from 54.197.223.49: icmp_seq=79 ttl=43 time=41.3 ms
08-04 22:02:45.226  7640  7640 D cellinfo: onsignalStrengthsChanged: LTE Signal Strength info: rsrp: -75 rsrq: -12 rssi: -51 rssnr: 4
08-04 22:02:45.226  7640  7640 D cellinfo: onsignalStrengthsChanged: 5G-NR Signal Strength info: ssrsrp: -78 ssrsrq: -16 sssinr: -3
08-04 22:02:45.314  7640  7640 D cellinfo: onsignalStrengthsChanged: LTE Signal Strength info: rsrp: -75 rsrq: -12 rssi: -51 rssnr: 5
08-04 22:02:45.314  7640  7640 D cellinfo: onsignalStrengthsChanged: 5G-NR Signal Strength info: ssrsrp: -78 ssrsrq: -16 sssinr: -3
08-04 22:02:45.404  7640 15749 D cellinfo: 46 bytes from 54.197.223.49: icmp_seq=80 ttl=43 time=40.2 ms
08-04 22:02:45.608  7640 15749 D cellinfo: 46 bytes from 54.197.223.49: icmp_seq=81 ttl=43 time=44.1 ms
08-04 22:02:45.809  7640 15749 D cellinfo: 46 bytes from 54.197.223.49: icmp_seq=82 ttl=43 time=45.0 ms
08-04 22:02:45.946  7640  7640 D cellinfo: Latitude is 42.3372696
08-04 22:02:45.946  7640  7640 D cellinfo: Longitude is -71.0863551
08-04 22:02:45.946  7640  7640 D cellinfo: Instantaneous GPS information: United States, 772 MA-28, Boston, MA 02120, USA
08-04 22:02:45.946  7640  7640 D cellinfo: getCurrentLocation() result: Location (success): 42.3372696, -71.0863551
08-04 22:02:45.998  7640  7640 D cellinfo: onCellInfoChanged: Operator: AT&T...1 UpdateTimestamp: 716567854 CellConnectionStatus: 0
08-04 22:02:45.999  7640  7640 D cellinfo: onCellInfoChanged: LTE Cell Bands: [] Bandwidth: 2147483647 Cell ID: 16925377 Physical Cell ID: 172 Tracking Area Code: 1031 EARFCN: 67086
08-04 22:02:46.017  7640 15749 D cellinfo: 46 bytes from 54.197.223.49: icmp_seq=83 ttl=43 time=51.1 ms
08-04 22:02:46.204  7640 15749 D cellinfo: 46 bytes from 54.197.223.49: icmp_seq=84 ttl=43 time=38.6 ms
08-04 22:02:46.407  7640 15749 D cellinfo: 46 bytes from 54.197.223.49: icmp_seq=85 ttl=43 time=42.5 ms
08-04 22:02:46.572  7640  7640 D cellinfo: onsignalStrengthsChanged: LTE Signal Strength info: rsrp: -75 rsrq: -12 rssi: -51 rssnr: 5
08-04 22:02:46.572  7640  7640 D cellinfo: onsignalStrengthsChanged: 5G-NR Signal Strength info: ssrsrp: -79 ssrsrq: -17 sssinr: -3
08-04 22:02:46.616  7640 15749 D cellinfo: 46 bytes from 54.197.223.49: icmp_seq=86 ttl=43 time=49.9 ms
08-04 22:02:46.807  7640 15749 D cellinfo: 46 bytes from 54.197.223.49: icmp_seq=87 ttl=43 time=41.9 ms
08-04 22:02:47.004  7640 15749 D cellinfo: 46 bytes from 54.197.223.49: icmp_seq=88 ttl=43 time=37.1 ms
08-04 22:02:47.207  7640 15749 D cellinfo: 46 bytes from 54.197.223.49: icmp_seq=89 ttl=43 time=40.1 ms
08-04 22:02:47.411  7640 15749 D cellinfo: 46 bytes from 54.197.223.49: icmp_seq=90 ttl=43 time=42.7 ms
08-04 22:02:47.571  7640  7640 D cellinfo: onsignalStrengthsChanged: LTE Signal Strength info: rsrp: -75 rsrq: -12 rssi: -51 rssnr: 5
08-04 22:02:47.571  7640  7640 D cellinfo: onsignalStrengthsChanged: 5G-NR Signal Strength info: ssrsrp: -79 ssrsrq: -16 sssinr: -3
08-04 22:02:47.612  7640 15749 D cellinfo: 46 bytes from 54.197.223.49: icmp_seq=91 ttl=43 time=41.8 ms
08-04 22:02:47.803  7640 15749 D cellinfo: 46 bytes from 54.197.223.49: icmp_seq=92 ttl=43 time=32.9 ms
08-04 22:02:48.011  7640 15749 D cellinfo: 46 bytes from 54.197.223.49: icmp_seq=93 ttl=43 time=40.0 ms
08-04 22:02:48.219  7640 15749 D cellinfo: 46 bytes from 54.197.223.49: icmp_seq=94 ttl=43 time=47.3 ms
08-04 22:02:48.317  7640  7640 D cellinfo: onsignalStrengthsChanged: LTE Signal Strength info: rsrp: -75 rsrq: -12 rssi: -51 rssnr: 4
08-04 22:02:48.317  7640  7640 D cellinfo: onsignalStrengthsChanged: 5G-NR Signal Strength info: ssrsrp: -79 ssrsrq: -16 sssinr: -3
08-04 22:02:48.422  7640 15749 D cellinfo: 46 bytes from 54.197.223.49: icmp_seq=95 ttl=43 time=49.3 ms
08-04 22:02:48.570  7640  7640 D cellinfo: onsignalStrengthsChanged: LTE Signal Strength info: rsrp: -75 rsrq: -12 rssi: -51 rssnr: 4
08-04 22:02:48.571  7640  7640 D cellinfo: onsignalStrengthsChanged: 5G-NR Signal Strength info: ssrsrp: -78 ssrsrq: -16 sssinr: -4
08-04 22:02:48.635  7640 15749 D cellinfo: 46 bytes from 54.197.223.49: icmp_seq=96 ttl=43 time=61.8 ms
08-04 22:02:48.816  7640 15749 D cellinfo: 46 bytes from 54.197.223.49: icmp_seq=97 ttl=43 time=40.1 ms
08-04 22:02:48.945  7640  7640 D cellinfo: Latitude is 42.3372696
08-04 22:02:48.945  7640  7640 D cellinfo: Longitude is -71.0863551
08-04 22:02:48.945  7640  7640 D cellinfo: Instantaneous GPS information: United States, 772 MA-28, Boston, MA 02120, USA
08-04 22:02:48.945  7640  7640 D cellinfo: getCurrentLocation() result: Location (success): 42.3372696, -71.0863551
08-04 22:02:49.004  7640  7640 D cellinfo: onCellInfoChanged: Operator: AT&T...1 UpdateTimestamp: 716570864 CellConnectionStatus: 0
08-04 22:02:49.005  7640  7640 D cellinfo: onCellInfoChanged: LTE Cell Bands: [] Bandwidth: 2147483647 Cell ID: 16925377 Physical Cell ID: 172 Tracking Area Code: 1031 EARFCN: 67086
08-04 22:02:49.021  7640 15749 D cellinfo: 46 bytes from 54.197.223.49: icmp_seq=98 ttl=43 time=44.2 ms
08-04 22:02:49.220  7640 15749 D cellinfo: 46 bytes from 54.197.223.49: icmp_seq=99 ttl=43 time=43.1 ms
08-04 22:02:49.420  7640 15749 D cellinfo: 46 bytes from 54.197.223.49: icmp_seq=100 ttl=43 time=43.3 ms
08-04 22:02:49.574  7640  7640 D cellinfo: onsignalStrengthsChanged: LTE Signal Strength info: rsrp: -75 rsrq: -12 rssi: -51 rssnr: 4
08-04 22:02:49.574  7640  7640 D cellinfo: onsignalStrengthsChanged: 5G-NR Signal Strength info: ssrsrp: -80 ssrsrq: -16 sssinr: -1
08-04 22:02:49.620  7640 15749 D cellinfo: 46 bytes from 54.197.223.49: icmp_seq=101 ttl=43 time=41.2 ms
08-04 22:02:49.824  7640 15749 D cellinfo: 46 bytes from 54.197.223.49: icmp_seq=102 ttl=43 time=44.6 ms
08-04 22:02:50.032  7640 15749 D cellinfo: 46 bytes from 54.197.223.49: icmp_seq=103 ttl=43 time=50.6 ms
08-04 22:02:50.235  7640 15749 D cellinfo: 46 bytes from 54.197.223.49: icmp_seq=104 ttl=43 time=53.4 ms
08-04 22:02:50.431  7640 15749 D cellinfo: 46 bytes from 54.197.223.49: icmp_seq=105 ttl=43 time=47.5 ms
08-04 22:02:50.581  7640  7640 D cellinfo: onsignalStrengthsChanged: LTE Signal Strength info: rsrp: -75 rsrq: -12 rssi: -51 rssnr: 4
08-04 22:02:50.581  7640  7640 D cellinfo: onsignalStrengthsChanged: 5G-NR Signal Strength info: ssrsrp: -79 ssrsrq: -16 sssinr: -1
08-04 22:02:50.631  7640 15749 D cellinfo: 46 bytes from 54.197.223.49: icmp_seq=106 ttl=43 time=43.9 ms
08-04 22:02:50.835  7640 15749 D cellinfo: 46 bytes from 54.197.223.49: icmp_seq=107 ttl=43 time=49.1 ms
08-04 22:02:51.029  7640 15749 D cellinfo: 46 bytes from 54.197.223.49: icmp_seq=108 ttl=43 time=41.2 ms
08-04 22:02:51.229  7640 15749 D cellinfo: 46 bytes from 54.197.223.49: icmp_seq=109 ttl=43 time=41.1 ms
08-04 22:02:51.314  7640  7640 D cellinfo: onsignalStrengthsChanged: LTE Signal Strength info: rsrp: -75 rsrq: -13 rssi: -51 rssnr: 4
08-04 22:02:51.314  7640  7640 D cellinfo: onsignalStrengthsChanged: 5G-NR Signal Strength info: ssrsrp: -79 ssrsrq: -16 sssinr: -1
08-04 22:02:51.439  7640 15749 D cellinfo: 46 bytes from 54.197.223.49: icmp_seq=110 ttl=43 time=51.2 ms
08-04 22:02:51.633  7640 15749 D cellinfo: 46 bytes from 54.197.223.49: icmp_seq=111 ttl=43 time=43.8 ms
08-04 22:02:51.832  7640 15749 D cellinfo: 46 bytes from 54.197.223.49: icmp_seq=112 ttl=43 time=42.4 ms
08-04 22:02:51.950  7640  7640 D cellinfo: onsignalStrengthsChanged: LTE Signal Strength info: rsrp: -75 rsrq: -13 rssi: -51 rssnr: 5
08-04 22:02:51.950  7640  7640 D cellinfo: onsignalStrengthsChanged: 5G-NR Signal Strength info: ssrsrp: -79 ssrsrq: -16 sssinr: -1
08-04 22:02:51.996  7640  7640 D cellinfo: onCellInfoChanged: Operator: AT&T...1 UpdateTimestamp: 716573855 CellConnectionStatus: 0
08-04 22:02:51.996  7640  7640 D cellinfo: onCellInfoChanged: LTE Cell Bands: [] Bandwidth: 2147483647 Cell ID: 16925377 Physical Cell ID: 172 Tracking Area Code: 1031 EARFCN: 67086
08-04 22:02:52.041  7640 15749 D cellinfo: 46 bytes from 54.197.223.49: icmp_seq=113 ttl=43 time=48.7 ms
08-04 22:02:52.430  7640 15749 D cellinfo: 46 bytes from 54.197.223.49: icmp_seq=114 ttl=43 time=238 ms
08-04 22:02:52.452  7640 15749 D cellinfo: 46 bytes from 54.197.223.49: icmp_seq=115 ttl=43 time=51.5 ms
08-04 22:02:52.644  7640 15749 D cellinfo: 46 bytes from 54.197.223.49: icmp_seq=116 ttl=43 time=41.3 ms
08-04 22:02:52.848  7640 15749 D cellinfo: 46 bytes from 54.197.223.49: icmp_seq=117 ttl=43 time=44.0 ms
08-04 22:02:53.048  7640 15749 D cellinfo: 46 bytes from 54.197.223.49: icmp_seq=118 ttl=43 time=42.8 ms
08-04 22:02:53.184  7640  7640 D cellinfo: Latitude is 42.3373001
08-04 22:02:53.184  7640  7640 D cellinfo: Longitude is -71.0863564
08-04 22:02:53.184  7640  7640 D cellinfo: Instantaneous GPS information: United States, 772 MA-28, Boston, MA 02120, USA
08-04 22:02:53.184  7640  7640 D cellinfo: getCurrentLocation() result: Location (success): 42.3373001, -71.0863564
08-04 22:02:53.243  7640 15749 D cellinfo: 46 bytes from 54.197.223.49: icmp_seq=119 ttl=43 time=38.3 ms
08-04 22:02:53.448  7640 15749 D cellinfo: 46 bytes from 54.197.223.49: icmp_seq=120 ttl=43 time=41.0 ms
08-04 22:02:53.571  7640  7640 D cellinfo: onsignalStrengthsChanged: LTE Signal Strength info: rsrp: -75 rsrq: -13 rssi: -51 rssnr: 5
08-04 22:02:53.571  7640  7640 D cellinfo: onsignalStrengthsChanged: 5G-NR Signal Strength info: ssrsrp: -79 ssrsrq: -16 sssinr: 0
08-04 22:02:53.652  7640 15749 D cellinfo: 46 bytes from 54.197.223.49: icmp_seq=121 ttl=43 time=44.7 ms
08-04 22:02:53.854  7640 15749 D cellinfo: 46 bytes from 54.197.223.49: icmp_seq=122 ttl=43 time=43.8 ms
08-04 22:02:54.045  7640 15749 D cellinfo: 46 bytes from 54.197.223.49: icmp_seq=123 ttl=43 time=33.3 ms
08-04 22:02:54.256  7640 15749 D cellinfo: 46 bytes from 54.197.223.49: icmp_seq=124 ttl=43 time=43.2 ms
08-04 22:02:54.319  7640  7640 D cellinfo: onsignalStrengthsChanged: LTE Signal Strength info: rsrp: -75 rsrq: -12 rssi: -51 rssnr: 4
08-04 22:02:54.320  7640  7640 D cellinfo: onsignalStrengthsChanged: 5G-NR Signal Strength info: ssrsrp: -79 ssrsrq: -16 sssinr: 0
