08-04 21:22:00.194 32542  7971 D cellinfo: 46 bytes from 54.197.223.49: icmp_seq=1607 ttl=43 time=63.3 ms
08-04 21:22:00.353 32542 32542 D cellinfo: onCellInfoChanged: Operator: AT&T...1 UpdateTimestamp: 714122215 CellConnectionStatus: 0
08-04 21:22:00.353 32542 32542 D cellinfo: onCellInfoChanged: LTE Cell Bands: [] Bandwidth: 2147483647 Cell ID: 16925193 Physical Cell ID: 154 Tracking Area Code: 1031 EARFCN: 700
08-04 21:22:00.390 32542  7971 D cellinfo: 46 bytes from 54.197.223.49: icmp_seq=1608 ttl=43 time=57.3 ms
08-04 21:22:00.467 32542 32542 D cellinfo: onsignalStrengthsChanged: LTE Signal Strength info: rsrp: -86 rsrq: -10 rssi: -59 rssnr: 13
08-04 21:22:00.467 32542 32542 D cellinfo: onsignalStrengthsChanged: 5G-NR Signal Strength info: ssrsrp: -83 ssrsrq: -12 sssinr: 10
08-04 21:22:00.569 32542  7971 D cellinfo: 46 bytes from 54.197.223.49: icmp_seq=1609 ttl=43 time=34.2 ms
08-04 21:22:00.789 32542  7971 D cellinfo: 46 bytes from 54.197.223.49: icmp_seq=1610 ttl=43 time=51.7 ms
08-04 21:22:00.807 32542 32542 D cellinfo: onsignalStrengthsChanged: LTE Signal Strength info: rsrp: -86 rsrq: -10 rssi: -59 rssnr: 13
08-04 21:22:00.807 32542 32542 D cellinfo: onsignalStrengthsChanged: 5G-NR Signal Strength info: ssrsrp: -84 ssrsrq: -12 sssinr: 6
08-04 21:22:00.989 32542  7971 D cellinfo: 46 bytes from 54.197.223.49: icmp_seq=1611 ttl=43 time=50.9 ms
08-04 21:22:01.189 32542  7971 D cellinfo: 46 bytes from 54.197.223.49: icmp_seq=1612 ttl=43 time=49.5 ms
08-04 21:22:01.388 32542  7971 D cellinfo: 46 bytes from 54.197.223.49: icmp_seq=1613 ttl=43 time=48.9 ms
08-04 21:22:01.590 32542  7971 D cellinfo: 46 bytes from 54.197.223.49: icmp_seq=1614 ttl=43 time=49.2 ms
08-04 21:22:01.789 32542  7971 D cellinfo: 46 bytes from 54.197.223.49: icmp_seq=1615 ttl=43 time=48.8 ms
08-04 21:22:01.811 32542 32542 D cellinfo: onsignalStrengthsChanged: LTE Signal Strength info: rsrp: -86 rsrq: -10 rssi: -59 rssnr: 13
08-04 21:22:01.811 32542 32542 D cellinfo: onsignalStrengthsChanged: 5G-NR Signal Strength info: ssrsrp: -86 ssrsrq: -13 sssinr: 5
08-04 21:22:02.003 32542  7971 D cellinfo: 46 bytes from 54.197.223.49: icmp_seq=1616 ttl=43 time=62.3 ms
08-04 21:22:02.195 32542  7971 D cellinfo: 46 bytes from 54.197.223.49: icmp_seq=1617 ttl=43 time=54.3 ms
08-04 21:22:02.360 32542 32542 D cellinfo: onsignalStrengthsChanged: LTE Signal Strength info: rsrp: -86 rsrq: -10 rssi: -59 rssnr: 12
08-04 21:22:02.360 32542 32542 D cellinfo: onsignalStrengthsChanged: 5G-NR Signal Strength info: ssrsrp: -86 ssrsrq: -13 sssinr: 5
08-04 21:22:02.396 32542  7971 D cellinfo: 46 bytes from 54.197.223.49: icmp_seq=1618 ttl=43 time=52.3 ms
08-04 21:22:02.596 32542  7971 D cellinfo: 46 bytes from 54.197.223.49: icmp_seq=1619 ttl=43 time=50.2 ms
08-04 21:22:02.789 32542  7971 D cellinfo: 46 bytes from 54.197.223.49: icmp_seq=1620 ttl=43 time=41.6 ms
08-04 21:22:02.811 32542 32542 D cellinfo: onsignalStrengthsChanged: LTE Signal Strength info: rsrp: -86 rsrq: -10 rssi: -59 rssnr: 12
08-04 21:22:02.811 32542 32542 D cellinfo: onsignalStrengthsChanged: 5G-NR Signal Strength info: ssrsrp: -85 ssrsrq: -13 sssinr: 4
08-04 21:22:03.009 32542  7971 D cellinfo: 46 bytes from 54.197.223.49: icmp_seq=1621 ttl=43 time=59.7 ms
08-04 21:22:03.222 32542  7971 D cellinfo: 46 bytes from 54.197.223.49: icmp_seq=1622 ttl=43 time=71.7 ms
08-04 21:22:03.407 32542  7971 D cellinfo: 46 bytes from 54.197.223.49: icmp_seq=1623 ttl=43 time=57.4 ms
08-04 21:22:03.473 32542 32542 D cellinfo: onsignalStrengthsChanged: LTE Signal Strength info: rsrp: -87 rsrq: -10 rssi: -59 rssnr: 12
08-04 21:22:03.473 32542 32542 D cellinfo: onsignalStrengthsChanged: 5G-NR Signal Strength info: ssrsrp: -85 ssrsrq: -13 sssinr: 4
08-04 21:22:03.588 32542  7971 D cellinfo: 46 bytes from 54.197.223.49: icmp_seq=1624 ttl=43 time=36.0 ms
08-04 21:22:03.809 32542  7971 D cellinfo: 46 bytes from 54.197.223.49: icmp_seq=1625 ttl=43 time=56.1 ms
08-04 21:22:03.809 32542 32542 D cellinfo: onsignalStrengthsChanged: LTE Signal Strength info: rsrp: -87 rsrq: -10 rssi: -59 rssnr: 12
08-04 21:22:03.809 32542 32542 D cellinfo: onsignalStrengthsChanged: 5G-NR Signal Strength info: ssrsrp: -86 ssrsrq: -14 sssinr: 0
08-04 21:22:04.010 32542  7971 D cellinfo: 46 bytes from 54.197.223.49: icmp_seq=1626 ttl=43 time=57.0 ms
08-04 21:22:04.210 32542  7971 D cellinfo: 46 bytes from 54.197.223.49: icmp_seq=1627 ttl=43 time=55.3 ms
08-04 21:22:04.409 32542  7971 D cellinfo: 46 bytes from 54.197.223.49: icmp_seq=1628 ttl=43 time=53.3 ms
08-04 21:22:04.608 32542  7971 D cellinfo: 46 bytes from 54.197.223.49: icmp_seq=1629 ttl=43 time=53.5 ms
08-04 21:22:04.703 32542 32542 D cellinfo: Latitude is 42.3344347
08-04 21:22:04.703 32542 32542 D cellinfo: Longitude is -71.083869
08-04 21:22:04.703 32542 32542 D cellinfo: Instantaneous GPS information: United States, 59 Dewitt Dr, Boston, MA 02120, USA
08-04 21:22:04.703 32542 32542 D cellinfo: getCurrentLocation() result: Location (success): 42.3344347, -71.083869
08-04 21:22:04.708 32542 32542 D cellinfo: onsignalStrengthsChanged: LTE Signal Strength info: rsrp: -87 rsrq: -10 rssi: -59 rssnr: 11
08-04 21:22:04.708 32542 32542 D cellinfo: onsignalStrengthsChanged: 5G-NR Signal Strength info: ssrsrp: -86 ssrsrq: -14 sssinr: 0
08-04 21:22:04.723 32542 32542 D cellinfo: Latitude is 42.3344347
08-04 21:22:04.723 32542 32542 D cellinfo: Longitude is -71.083869
08-04 21:22:04.724 32542 32542 D cellinfo: Instantaneous GPS information: United States, 59 Dewitt Dr, Boston, MA 02120, USA
08-04 21:22:04.724 32542 32542 D cellinfo: getCurrentLocation() result: Location (success): 42.3344347, -71.083869
08-04 21:22:04.794 32542  7971 D cellinfo: 46 bytes from 54.197.223.49: icmp_seq=1630 ttl=43 time=38.0 ms
08-04 21:22:04.802 32542 32542 D cellinfo: onsignalStrengthsChanged: LTE Signal Strength info: rsrp: -87 rsrq: -10 rssi: -59 rssnr: 11
08-04 21:22:04.802 32542 32542 D cellinfo: onsignalStrengthsChanged: 5G-NR Signal Strength info: ssrsrp: -88 ssrsrq: -13 sssinr: 4
08-04 21:22:05.053 32542  7971 D cellinfo: 46 bytes from 54.197.223.49: icmp_seq=1631 ttl=43 time=96.2 ms
08-04 21:22:05.211 32542  7971 D cellinfo: 46 bytes from 54.197.223.49: icmp_seq=1632 ttl=43 time=53.6 ms
08-04 21:22:05.355 32542 32542 D cellinfo: onCellInfoChanged: Operator: AT&T...1 UpdateTimestamp: 714127213 CellConnectionStatus: 0
08-04 21:22:05.355 32542 32542 D cellinfo: onCellInfoChanged: LTE Cell Bands: [] Bandwidth: 2147483647 Cell ID: 16925193 Physical Cell ID: 154 Tracking Area Code: 1031 EARFCN: 700
08-04 21:22:05.473 32542  7971 D cellinfo: 46 bytes from 54.197.223.49: icmp_seq=1633 ttl=43 time=115 ms
08-04 21:22:05.627 32542  7971 D cellinfo: 46 bytes from 54.197.223.49: icmp_seq=1634 ttl=43 time=67.8 ms
08-04 21:22:05.814 32542 32542 D cellinfo: onsignalStrengthsChanged: LTE Signal Strength info: rsrp: -87 rsrq: -10 rssi: -59 rssnr: 11
08-04 21:22:05.814 32542 32542 D cellinfo: onsignalStrengthsChanged: 5G-NR Signal Strength info: ssrsrp: -89 ssrsrq: -13 sssinr: 2
08-04 21:22:05.845 32542  7971 D cellinfo: 46 bytes from 54.197.223.49: icmp_seq=1635 ttl=43 time=85.4 ms
08-04 21:22:06.053 32542  7971 D cellinfo: 46 bytes from 54.197.223.49: icmp_seq=1636 ttl=43 time=93.7 ms
08-04 21:22:06.215 32542  7971 D cellinfo: 46 bytes from 54.197.223.49: icmp_seq=1637 ttl=43 time=54.7 ms
08-04 21:22:06.290 32542 32542 D cellinfo: Latitude is 42.3344347
08-04 21:22:06.290 32542 32542 D cellinfo: Longitude is -71.083869
08-04 21:22:06.290 32542 32542 D cellinfo: Instantaneous GPS information: United States, 59 Dewitt Dr, Boston, MA 02120, USA
08-04 21:22:06.290 32542 32542 D cellinfo: getCurrentLocation() result: Location (success): 42.3344347, -71.083869
08-04 21:22:06.412 32542  7971 D cellinfo: 46 bytes from 54.197.223.49: icmp_seq=1638 ttl=43 time=53.1 ms
08-04 21:22:06.460 32542 32542 D cellinfo: onsignalStrengthsChanged: LTE Signal Strength info: rsrp: -88 rsrq: -10 rssi: -63 rssnr: 10
08-04 21:22:06.460 32542 32542 D cellinfo: onsignalStrengthsChanged: 5G-NR Signal Strength info: ssrsrp: -89 ssrsrq: -13 sssinr: 2
08-04 21:22:06.593 32542  7971 D cellinfo: 46 bytes from 54.197.223.49: icmp_seq=1639 ttl=43 time=33.5 ms
08-04 21:22:06.805 32542 32542 D cellinfo: onsignalStrengthsChanged: LTE Signal Strength info: rsrp: -88 rsrq: -10 rssi: -63 rssnr: 10
08-04 21:22:06.805 32542 32542 D cellinfo: onsignalStrengthsChanged: 5G-NR Signal Strength info: ssrsrp: -90 ssrsrq: -14 sssinr: 0
08-04 21:22:06.806 32542  7971 D cellinfo: 46 bytes from 54.197.223.49: icmp_seq=1640 ttl=43 time=45.3 ms
08-04 21:22:06.832 32542 32542 D cellinfo: onsignalStrengthsChanged: LTE Signal Strength info: rsrp: -89 rsrq: -10 rssi: -71 rssnr: 10
08-04 21:22:06.832 32542 32542 D cellinfo: onsignalStrengthsChanged: 5G-NR Signal Strength info: ssrsrp: -90 ssrsrq: -14 sssinr: 0
08-04 21:22:07.050 32542  7971 D cellinfo: 46 bytes from 54.197.223.49: icmp_seq=1641 ttl=43 time=87.2 ms
08-04 21:22:07.208 32542  7971 D cellinfo: 46 bytes from 54.197.223.49: icmp_seq=1642 ttl=43 time=44.6 ms
08-04 21:22:07.412 32542  7971 D cellinfo: 46 bytes from 54.197.223.49: icmp_seq=1643 ttl=43 time=49.6 ms
08-04 21:22:07.606 32542  7971 D cellinfo: 46 bytes from 54.197.223.49: icmp_seq=1644 ttl=43 time=41.6 ms
08-04 21:22:07.806 32542  7971 D cellinfo: 46 bytes from 54.197.223.49: icmp_seq=1645 ttl=43 time=40.7 ms
08-04 21:22:07.807 32542 32542 D cellinfo: onsignalStrengthsChanged: LTE Signal Strength info: rsrp: -89 rsrq: -10 rssi: -71 rssnr: 10
08-04 21:22:07.807 32542 32542 D cellinfo: onsignalStrengthsChanged: 5G-NR Signal Strength info: ssrsrp: -89 ssrsrq: -14 sssinr: 0
08-04 21:22:08.008 32542  7971 D cellinfo: 46 bytes from 54.197.223.49: icmp_seq=1646 ttl=43 time=40.8 ms
08-04 21:22:08.209 32542  7971 D cellinfo: 46 bytes from 54.197.223.49: icmp_seq=1647 ttl=43 time=42.2 ms
08-04 21:22:08.409 32542  7971 D cellinfo: 46 bytes from 54.197.223.49: icmp_seq=1648 ttl=43 time=41.0 ms
08-04 21:22:08.608 32542  7971 D cellinfo: 46 bytes from 54.197.223.49: icmp_seq=1649 ttl=43 time=39.0 ms
08-04 21:22:08.815 32542 32542 D cellinfo: onsignalStrengthsChanged: LTE Signal Strength info: rsrp: -89 rsrq: -10 rssi: -71 rssnr: 10
08-04 21:22:08.815 32542 32542 D cellinfo: onsignalStrengthsChanged: 5G-NR Signal Strength info: ssrsrp: -88 ssrsrq: -14 sssinr: 3
08-04 21:22:08.828 32542  7971 D cellinfo: 46 bytes from 54.197.223.49: icmp_seq=1650 ttl=43 time=58.6 ms
08-04 21:22:09.028 32542  7971 D cellinfo: 46 bytes from 54.197.223.49: icmp_seq=1651 ttl=43 time=57.3 ms
08-04 21:22:09.078 32542 32542 D cellinfo: onsignalStrengthsChanged: LTE Signal Strength info: rsrp: -90 rsrq: -10 rssi: -69 rssnr: 9
08-04 21:22:09.078 32542 32542 D cellinfo: onsignalStrengthsChanged: 5G-NR Signal Strength info: ssrsrp: -88 ssrsrq: -14 sssinr: 3
08-04 21:22:09.229 32542  7971 D cellinfo: 46 bytes from 54.197.223.49: icmp_seq=1652 ttl=43 time=58.3 ms
08-04 21:22:09.287 32542 32542 D cellinfo: Latitude is 42.3344347
08-04 21:22:09.287 32542 32542 D cellinfo: Longitude is -71.083869
08-04 21:22:09.287 32542 32542 D cellinfo: Instantaneous GPS information: United States, 59 Dewitt Dr, Boston, MA 02120, USA
08-04 21:22:09.287 32542 32542 D cellinfo: getCurrentLocation() result: Location (success): 42.3344347, -71.083869
08-04 21:22:09.347 32542 32542 D cellinfo: onCellInfoChanged: Operator: AT&T...1 UpdateTimestamp: 714131205 CellConnectionStatus: 0
08-04 21:22:09.347 32542 32542 D cellinfo: onCellInfoChanged: LTE Cell Bands: [] Bandwidth: 2147483647 Cell ID: 16925193 Physical Cell ID: 154 Tracking Area Code: 1031 EARFCN: 700
08-04 21:22:09.408 32542  7971 D cellinfo: 46 bytes from 54.197.223.49: icmp_seq=1653 ttl=43 time=37.6 ms
08-04 21:22:09.468 32542 32542 D cellinfo: onsignalStrengthsChanged: LTE Signal Strength info: rsrp: -92 rsrq: -10 rssi: -69 rssnr: 7
08-04 21:22:09.468 32542 32542 D cellinfo: onsignalStrengthsChanged: 5G-NR Signal Strength info: ssrsrp: -88 ssrsrq: -14 sssinr: 3
08-04 21:22:09.629 32542  7971 D cellinfo: 46 bytes from 54.197.223.49: icmp_seq=1654 ttl=43 time=56.8 ms
08-04 21:22:09.812 32542 32542 D cellinfo: onsignalStrengthsChanged: LTE Signal Strength info: rsrp: -92 rsrq: -10 rssi: -69 rssnr: 7
08-04 21:22:09.812 32542 32542 D cellinfo: onsignalStrengthsChanged: 5G-NR Signal Strength info: ssrsrp: -87 ssrsrq: -13 sssinr: 4
08-04 21:22:09.828 32542  7971 D cellinfo: 46 bytes from 54.197.223.49: icmp_seq=1655 ttl=43 time=55.2 ms
08-04 21:22:10.009 32542  7971 D cellinfo: 46 bytes from 54.197.223.49: icmp_seq=1656 ttl=43 time=35.5 ms
08-04 21:22:10.209 32542  7971 D cellinfo: 46 bytes from 54.197.223.49: icmp_seq=1657 ttl=43 time=35.4 ms
08-04 21:22:10.429 32542  7971 D cellinfo: 46 bytes from 54.197.223.49: icmp_seq=1658 ttl=43 time=53.8 ms
08-04 21:22:10.629 32542  7971 D cellinfo: 46 bytes from 54.197.223.49: icmp_seq=1659 ttl=43 time=53.4 ms
08-04 21:22:10.814 32542 32542 D cellinfo: onsignalStrengthsChanged: LTE Signal Strength info: rsrp: -92 rsrq: -10 rssi: -69 rssnr: 7
08-04 21:22:10.814 32542 32542 D cellinfo: onsignalStrengthsChanged: 5G-NR Signal Strength info: ssrsrp: -89 ssrsrq: -14 sssinr: 0
08-04 21:22:10.828 32542  7971 D cellinfo: 46 bytes from 54.197.223.49: icmp_seq=1660 ttl=43 time=51.7 ms
08-04 21:22:11.028 32542  7971 D cellinfo: 46 bytes from 54.197.223.49: icmp_seq=1661 ttl=43 time=52.3 ms
08-04 21:22:11.230 32542  7971 D cellinfo: 46 bytes from 54.197.223.49: icmp_seq=1662 ttl=43 time=53.0 ms
08-04 21:22:11.320 32542 32542 D cellinfo: onsignalStrengthsChanged: LTE Signal Strength info: rsrp: -93 rsrq: -10 rssi: -69 rssnr: 6
08-04 21:22:11.321 32542 32542 D cellinfo: onsignalStrengthsChanged: 5G-NR Signal Strength info: ssrsrp: -89 ssrsrq: -14 sssinr: 0
08-04 21:22:11.428 32542  7971 D cellinfo: 46 bytes from 54.197.223.49: icmp_seq=1663 ttl=43 time=49.6 ms
08-04 21:22:11.637 32542  7971 D cellinfo: 46 bytes from 54.197.223.49: icmp_seq=1664 ttl=43 time=56.9 ms
08-04 21:22:11.813 32542 32542 D cellinfo: onsignalStrengthsChanged: LTE Signal Strength info: rsrp: -93 rsrq: -10 rssi: -69 rssnr: 6
08-04 21:22:11.813 32542 32542 D cellinfo: onsignalStrengthsChanged: 5G-NR Signal Strength info: ssrsrp: -92 ssrsrq: -15 sssinr: 0
08-04 21:22:11.828 32542  7971 D cellinfo: 46 bytes from 54.197.223.49: icmp_seq=1665 ttl=43 time=48.6 ms
08-04 21:22:12.029 32542  7971 D cellinfo: 46 bytes from 54.197.223.49: icmp_seq=1666 ttl=43 time=48.4 ms
08-04 21:22:12.228 32542  7971 D cellinfo: 46 bytes from 54.197.223.49: icmp_seq=1667 ttl=43 time=45.8 ms
08-04 21:22:12.304 32542 32542 D cellinfo: Latitude is 42.3344347
08-04 21:22:12.304 32542 32542 D cellinfo: Longitude is -71.083869
08-04 21:22:12.304 32542 32542 D cellinfo: Instantaneous GPS information: United States, 59 Dewitt Dr, Boston, MA 02120, USA
08-04 21:22:12.304 32542 32542 D cellinfo: getCurrentLocation() result: Location (success): 42.3344347, -71.083869
08-04 21:22:12.353 32542 32542 D cellinfo: onCellInfoChanged: Operator: AT&T...1 UpdateTimestamp: 714134214 CellConnectionStatus: 0
08-04 21:22:12.353 32542 32542 D cellinfo: onCellInfoChanged: LTE Cell Bands: [] Bandwidth: 2147483647 Cell ID: 16925193 Physical Cell ID: 154 Tracking Area Code: 1031 EARFCN: 700
08-04 21:22:12.428 32542  7971 D cellinfo: 46 bytes from 54.197.223.49: icmp_seq=1668 ttl=43 time=47.1 ms
08-04 21:22:12.470 32542 32542 D cellinfo: onsignalStrengthsChanged: LTE Signal Strength info: rsrp: -95 rsrq: -11 rssi: -69 rssnr: 5
08-04 21:22:12.470 32542 32542 D cellinfo: onsignalStrengthsChanged: 5G-NR Signal Strength info: ssrsrp: -92 ssrsrq: -15 sssinr: 0
08-04 21:22:12.628 32542  7971 D cellinfo: 46 bytes from 54.197.223.49: icmp_seq=1669 ttl=43 time=44.7 ms
08-04 21:22:12.812 32542 32542 D cellinfo: onsignalStrengthsChanged: LTE Signal Strength info: rsrp: -95 rsrq: -11 rssi: -69 rssnr: 5
08-04 21:22:12.812 32542 32542 D cellinfo: onsignalStrengthsChanged: 5G-NR Signal Strength info: ssrsrp: -92 ssrsrq: -16 sssinr: 0
08-04 21:22:12.832 32542  7971 D cellinfo: 46 bytes from 54.197.223.49: icmp_seq=1670 ttl=43 time=48.4 ms
08-04 21:22:13.027 32542  7971 D cellinfo: 46 bytes from 54.197.223.49: icmp_seq=1671 ttl=43 time=43.4 ms
08-04 21:22:13.229 32542  7971 D cellinfo: 46 bytes from 54.197.223.49: icmp_seq=1672 ttl=43 time=45.1 ms
08-04 21:22:13.457 32542  7971 D cellinfo: 46 bytes from 54.197.223.49: icmp_seq=1673 ttl=43 time=71.9 ms
08-04 21:22:13.562 32542 32542 D cellinfo: onsignalStrengthsChanged: LTE Signal Strength info: rsrp: -96 rsrq: -11 rssi: -61 rssnr: 4
08-04 21:22:13.562 32542 32542 D cellinfo: onsignalStrengthsChanged: 5G-NR Signal Strength info: ssrsrp: -92 ssrsrq: -16 sssinr: 0
08-04 21:22:13.630 32542  7971 D cellinfo: 46 bytes from 54.197.223.49: icmp_seq=1674 ttl=43 time=43.2 ms
08-04 21:22:13.815 32542 32542 D cellinfo: onsignalStrengthsChanged: LTE Signal Strength info: rsrp: -96 rsrq: -11 rssi: -61 rssnr: 4
08-04 21:22:13.815 32542 32542 D cellinfo: onsignalStrengthsChanged: 5G-NR Signal Strength info: ssrsrp: -91 ssrsrq: -14 sssinr: 1
08-04 21:22:13.830 32542  7971 D cellinfo: 46 bytes from 54.197.223.49: icmp_seq=1675 ttl=43 time=41.8 ms
08-04 21:22:14.058 32542  7971 D cellinfo: 46 bytes from 54.197.223.49: icmp_seq=1676 ttl=43 time=69.1 ms
08-04 21:22:14.229 32542  7971 D cellinfo: 46 bytes from 54.197.223.49: icmp_seq=1677 ttl=43 time=41.4 ms
08-04 21:22:14.448 32542  7971 D cellinfo: 46 bytes from 54.197.223.49: icmp_seq=1678 ttl=43 time=58.6 ms
08-04 21:22:14.649 32542  7971 D cellinfo: 46 bytes from 54.197.223.49: icmp_seq=1679 ttl=43 time=56.4 ms
08-04 21:22:14.812 32542 32542 D cellinfo: onsignalStrengthsChanged: LTE Signal Strength info: rsrp: -96 rsrq: -11 rssi: -61 rssnr: 4
08-04 21:22:14.812 32542 32542 D cellinfo: onsignalStrengthsChanged: 5G-NR Signal Strength info: ssrsrp: -90 ssrsrq: -15 sssinr: -1
08-04 21:22:14.848 32542  7971 D cellinfo: 46 bytes from 54.197.223.49: icmp_seq=1680 ttl=43 time=54.8 ms
08-04 21:22:15.048 32542  7971 D cellinfo: 46 bytes from 54.197.223.49: icmp_seq=1681 ttl=43 time=53.3 ms
08-04 21:22:15.250 32542  7971 D cellinfo: 46 bytes from 54.197.223.49: icmp_seq=1682 ttl=43 time=54.0 ms
08-04 21:22:15.351 32542 32542 D cellinfo: onCellInfoChanged: Operator: AT&T...1 UpdateTimestamp: 714137211 CellConnectionStatus: 0
08-04 21:22:15.351 32542 32542 D cellinfo: onCellInfoChanged: LTE Cell Bands: [] Bandwidth: 2147483647 Cell ID: 16925193 Physical Cell ID: 154 Tracking Area Code: 1031 EARFCN: 700
08-04 21:22:15.447 32542  7971 D cellinfo: 46 bytes from 54.197.223.49: icmp_seq=1683 ttl=43 time=51.2 ms
08-04 21:22:15.471 32542 32542 D cellinfo: onsignalStrengthsChanged: LTE Signal Strength info: rsrp: -96 rsrq: -11 rssi: -63 rssnr: 3
08-04 21:22:15.471 32542 32542 D cellinfo: onsignalStrengthsChanged: 5G-NR Signal Strength info: ssrsrp: -90 ssrsrq: -15 sssinr: -1
08-04 21:22:15.658 32542  7971 D cellinfo: 46 bytes from 54.197.223.49: icmp_seq=1684 ttl=43 time=59.8 ms
08-04 21:22:15.802 32542 32542 D cellinfo: onsignalStrengthsChanged: LTE Signal Strength info: rsrp: -97 rsrq: -11 rssi: -61 rssnr: 2
08-04 21:22:15.802 32542 32542 D cellinfo: onsignalStrengthsChanged: 5G-NR Signal Strength info: ssrsrp: -90 ssrsrq: -15 sssinr: -1
08-04 21:22:15.812 32542 32542 D cellinfo: onsignalStrengthsChanged: LTE Signal Strength info: rsrp: -97 rsrq: -11 rssi: -61 rssnr: 2
08-04 21:22:15.812 32542 32542 D cellinfo: onsignalStrengthsChanged: 5G-NR Signal Strength info: ssrsrp: -87 ssrsrq: -15 sssinr: 2
08-04 21:22:15.857 32542  7971 D cellinfo: 46 bytes from 54.197.223.49: icmp_seq=1685 ttl=43 time=59.0 ms
08-04 21:22:16.058 32542  7971 D cellinfo: 46 bytes from 54.197.223.49: icmp_seq=1686 ttl=43 time=58.4 ms
08-04 21:22:16.249 32542  7971 D cellinfo: 46 bytes from 54.197.223.49: icmp_seq=1687 ttl=43 time=51.3 ms
08-04 21:22:16.456 32542  7971 D cellinfo: 46 bytes from 54.197.223.49: icmp_seq=1688 ttl=43 time=57.4 ms
08-04 21:22:16.647 32542  7971 D cellinfo: 46 bytes from 54.197.223.49: icmp_seq=1689 ttl=43 time=48.2 ms
08-04 21:22:16.812 32542 32542 D cellinfo: onsignalStrengthsChanged: LTE Signal Strength info: rsrp: -97 rsrq: -11 rssi: -61 rssnr: 2
08-04 21:22:16.812 32542 32542 D cellinfo: onsignalStrengthsChanged: 5G-NR Signal Strength info: ssrsrp: -90 ssrsrq: -16 sssinr: 0
08-04 21:22:16.849 32542  7971 D cellinfo: 46 bytes from 54.197.223.49: icmp_seq=1690 ttl=43 time=48.7 ms
08-04 21:22:17.048 32542  7971 D cellinfo: 46 bytes from 54.197.223.49: icmp_seq=1691 ttl=43 time=47.9 ms
08-04 21:22:17.250 32542  7971 D cellinfo: 46 bytes from 54.197.223.49: icmp_seq=1692 ttl=43 time=46.6 ms
08-04 21:22:17.448 32542  7971 D cellinfo: 46 bytes from 54.197.223.49: icmp_seq=1693 ttl=43 time=44.2 ms
08-04 21:22:17.647 32542  7971 D cellinfo: 46 bytes from 54.197.223.49: icmp_seq=1694 ttl=43 time=43.0 ms
08-04 21:22:17.811 32542 32542 D cellinfo: onsignalStrengthsChanged: LTE Signal Strength info: rsrp: -97 rsrq: -11 rssi: -61 rssnr: 2
08-04 21:22:17.811 32542 32542 D cellinfo: onsignalStrengthsChanged: 5G-NR Signal Strength info: ssrsrp: -94 ssrsrq: -18 sssinr: -5
08-04 21:22:17.849 32542  7971 D cellinfo: 46 bytes from 54.197.223.49: icmp_seq=1695 ttl=43 time=41.8 ms
08-04 21:22:18.039 32542 32542 D cellinfo: onsignalStrengthsChanged: LTE Signal Strength info: rsrp: -98 rsrq: -11 rssi: -63 rssnr: 2
08-04 21:22:18.039 32542 32542 D cellinfo: onsignalStrengthsChanged: 5G-NR Signal Strength info: ssrsrp: -94 ssrsrq: -18 sssinr: -5
08-04 21:22:18.048 32542  7971 D cellinfo: 46 bytes from 54.197.223.49: icmp_seq=1696 ttl=43 time=40.0 ms
08-04 21:22:18.278 32542  7971 D cellinfo: 46 bytes from 54.197.223.49: icmp_seq=1697 ttl=43 time=67.7 ms
08-04 21:22:18.468 32542  7971 D cellinfo: 46 bytes from 54.197.223.49: icmp_seq=1698 ttl=43 time=56.8 ms
08-04 21:22:18.475 32542 32542 D cellinfo: onsignalStrengthsChanged: LTE Signal Strength info: rsrp: -98 rsrq: -11 rssi: -63 rssnr: 1
08-04 21:22:18.475 32542 32542 D cellinfo: onsignalStrengthsChanged: 5G-NR Signal Strength info: ssrsrp: -94 ssrsrq: -18 sssinr: -5
08-04 21:22:18.679 32542  7971 D cellinfo: 46 bytes from 54.197.223.49: icmp_seq=1699 ttl=43 time=67.8 ms
08-04 21:22:18.811 32542 32542 D cellinfo: onsignalStrengthsChanged: LTE Signal Strength info: rsrp: -98 rsrq: -11 rssi: -63 rssnr: 1
08-04 21:22:18.811 32542 32542 D cellinfo: onsignalStrengthsChanged: 5G-NR Signal Strength info: ssrsrp: -93 ssrsrq: -18 sssinr: -4
08-04 21:22:18.870 32542 32542 D cellinfo: onsignalStrengthsChanged: LTE Signal Strength info: rsrp: -98 rsrq: -11 rssi: -63 rssnr: 1
08-04 21:22:18.871 32542 32542 D cellinfo: onsignalStrengthsChanged: 5G-NR Signal Strength info: ssrsrp: -89 ssrsrq: -12 sssinr: -4
08-04 21:22:18.954 32542  7971 D cellinfo: 46 bytes from 54.197.223.49: icmp_seq=1700 ttl=43 time=139 ms
08-04 21:22:19.056 32542  7971 D cellinfo: 46 bytes from 54.197.223.49: icmp_seq=1701 ttl=43 time=42.4 ms
08-04 21:22:19.269 32542  7971 D cellinfo: 46 bytes from 54.197.223.49: icmp_seq=1702 ttl=43 time=53.1 ms
08-04 21:22:19.475 32542  7971 D cellinfo: 46 bytes from 54.197.223.49: icmp_seq=1703 ttl=43 time=60.9 ms
08-04 21:22:19.669 32542  7971 D cellinfo: 46 bytes from 54.197.223.49: icmp_seq=1704 ttl=43 time=50.7 ms
08-04 21:22:19.816 32542 32542 D cellinfo: onsignalStrengthsChanged: LTE Signal Strength info: rsrp: -98 rsrq: -11 rssi: -63 rssnr: 1
08-04 21:22:19.816 32542 32542 D cellinfo: onsignalStrengthsChanged: 5G-NR Signal Strength info: ssrsrp: -85 ssrsrq: -13 sssinr: 2
08-04 21:22:19.869 32542  7971 D cellinfo: 46 bytes from 54.197.223.49: icmp_seq=1705 ttl=43 time=50.6 ms
08-04 21:22:20.076 32542  7971 D cellinfo: 46 bytes from 54.197.223.49: icmp_seq=1706 ttl=43 time=56.3 ms
08-04 21:22:20.281 32542 32542 D cellinfo: onsignalStrengthsChanged: LTE Signal Strength info: rsrp: -97 rsrq: -12 rssi: -63 rssnr: 0
08-04 21:22:20.281 32542 32542 D cellinfo: onsignalStrengthsChanged: 5G-NR Signal Strength info: ssrsrp: -85 ssrsrq: -13 sssinr: 2
08-04 21:22:20.282 32542  7971 D cellinfo: 46 bytes from 54.197.223.49: icmp_seq=1707 ttl=43 time=60.6 ms
08-04 21:22:20.376 32542 32542 D cellinfo: onCellInfoChanged: Operator: AT&T...1 UpdateTimestamp: 714142236 CellConnectionStatus: 0
08-04 21:22:20.376 32542 32542 D cellinfo: onCellInfoChanged: LTE Cell Bands: [] Bandwidth: 2147483647 Cell ID: 16925193 Physical Cell ID: 154 Tracking Area Code: 1031 EARFCN: 700
08-04 21:22:20.468 32542  7971 D cellinfo: 46 bytes from 54.197.223.49: icmp_seq=1708 ttl=43 time=46.1 ms
08-04 21:22:20.655 32542  7971 D cellinfo: 46 bytes from 54.197.223.49: icmp_seq=1709 ttl=43 time=31.7 ms
08-04 21:22:20.666 32542 32542 D cellinfo: Latitude is 42.3339083
08-04 21:22:20.666 32542 32542 D cellinfo: Longitude is -71.0827154
08-04 21:22:20.666 32542 32542 D cellinfo: Instantaneous GPS information: United States, 38 Dewitt Dr, Boston, MA 02120, USA
08-04 21:22:20.666 32542 32542 D cellinfo: getCurrentLocation() result: Location (success): 42.3339083, -71.0827154
08-04 21:22:20.678 32542 32542 D cellinfo: Latitude is 42.3339083
08-04 21:22:20.678 32542 32542 D cellinfo: Longitude is -71.0827154
08-04 21:22:20.678 32542 32542 D cellinfo: Instantaneous GPS information: United States, 38 Dewitt Dr, Boston, MA 02120, USA
08-04 21:22:20.678 32542 32542 D cellinfo: getCurrentLocation() result: Location (success): 42.3339083, -71.0827154
08-04 21:22:20.806 32542 32542 D cellinfo: onsignalStrengthsChanged: LTE Signal Strength info: rsrp: -97 rsrq: -12 rssi: -63 rssnr: 0
08-04 21:22:20.806 32542 32542 D cellinfo: onsignalStrengthsChanged: 5G-NR Signal Strength info: ssrsrp: -83 ssrsrq: -13 sssinr: 4
08-04 21:22:20.868 32542  7971 D cellinfo: 46 bytes from 54.197.223.49: icmp_seq=1710 ttl=43 time=43.0 ms
08-04 21:22:21.075 32542  7971 D cellinfo: 46 bytes from 54.197.223.49: icmp_seq=1711 ttl=43 time=49.5 ms
08-04 21:22:21.287 32542 32542 D cellinfo: Latitude is 42.3339083
08-04 21:22:21.287 32542 32542 D cellinfo: Longitude is -71.0827154
08-04 21:22:21.287 32542 32542 D cellinfo: Instantaneous GPS information: United States, 38 Dewitt Dr, Boston, MA 02120, USA
08-04 21:22:21.287 32542 32542 D cellinfo: getCurrentLocation() result: Location (success): 42.3339083, -71.0827154
08-04 21:22:21.296 32542  7971 D cellinfo: 46 bytes from 54.197.223.49: icmp_seq=1712 ttl=43 time=68.7 ms
08-04 21:22:21.489 32542  7971 D cellinfo: 46 bytes from 54.197.223.49: icmp_seq=1713 ttl=43 time=62.0 ms
08-04 21:22:21.688 32542  7971 D cellinfo: 46 bytes from 54.197.223.49: icmp_seq=1714 ttl=43 time=59.1 ms
08-04 21:22:21.811 32542 32542 D cellinfo: onsignalStrengthsChanged: LTE Signal Strength info: rsrp: -97 rsrq: -12 rssi: -63 rssnr: 0
08-04 21:22:21.811 32542 32542 D cellinfo: onsignalStrengthsChanged: 5G-NR Signal Strength info: ssrsrp: -83 ssrsrq: -12 sssinr: 5
08-04 21:22:21.887 32542  7971 D cellinfo: 46 bytes from 54.197.223.49: icmp_seq=1715 ttl=43 time=58.2 ms
08-04 21:22:22.088 32542  7971 D cellinfo: 46 bytes from 54.197.223.49: icmp_seq=1716 ttl=43 time=57.3 ms
08-04 21:22:22.295 32542  7971 D cellinfo: 46 bytes from 54.197.223.49: icmp_seq=1717 ttl=43 time=64.7 ms
08-04 21:22:22.487 32542  7971 D cellinfo: 46 bytes from 54.197.223.49: icmp_seq=1718 ttl=43 time=56.8 ms
08-04 21:22:22.521 32542 32542 D cellinfo: onsignalStrengthsChanged: LTE Signal Strength info: rsrp: -96 rsrq: -12 rssi: -63 rssnr: 0
08-04 21:22:22.521 32542 32542 D cellinfo: onsignalStrengthsChanged: 5G-NR Signal Strength info: ssrsrp: -83 ssrsrq: -12 sssinr: 5
08-04 21:22:22.690 32542  7971 D cellinfo: 46 bytes from 54.197.223.49: icmp_seq=1719 ttl=43 time=58.1 ms
08-04 21:22:22.888 32542  7971 D cellinfo: 46 bytes from 54.197.223.49: icmp_seq=1720 ttl=43 time=55.9 ms
08-04 21:22:23.087 32542  7971 D cellinfo: 46 bytes from 54.197.223.49: icmp_seq=1721 ttl=43 time=53.3 ms
08-04 21:22:23.287 32542  7971 D cellinfo: 46 bytes from 54.197.223.49: icmp_seq=1722 ttl=43 time=51.0 ms
08-04 21:22:23.487 32542  7971 D cellinfo: 46 bytes from 54.197.223.49: icmp_seq=1723 ttl=43 time=50.0 ms
08-04 21:22:23.687 32542  7971 D cellinfo: 46 bytes from 54.197.223.49: icmp_seq=1724 ttl=43 time=48.9 ms
08-04 21:22:23.811 32542 32542 D cellinfo: onsignalStrengthsChanged: LTE Signal Strength info: rsrp: -96 rsrq: -12 rssi: -63 rssnr: 0
08-04 21:22:23.811 32542 32542 D cellinfo: onsignalStrengthsChanged: 5G-NR Signal Strength info: ssrsrp: -82 ssrsrq: -12 sssinr: 5
08-04 21:22:23.889 32542  7971 D cellinfo: 46 bytes from 54.197.223.49: icmp_seq=1725 ttl=43 time=48.8 ms
08-04 21:22:24.096 32542  7971 D cellinfo: 46 bytes from 54.197.223.49: icmp_seq=1726 ttl=43 time=54.3 ms
08-04 21:22:24.294 32542  7971 D cellinfo: 46 bytes from 54.197.223.49: icmp_seq=1727 ttl=43 time=52.4 ms
08-04 21:22:24.303 32542 32542 D cellinfo: Latitude is 42.3339083
08-04 21:22:24.303 32542 32542 D cellinfo: Longitude is -71.0827154
08-04 21:22:24.303 32542 32542 D cellinfo: Instantaneous GPS information: United States, 38 Dewitt Dr, Boston, MA 02120, USA
08-04 21:22:24.303 32542 32542 D cellinfo: getCurrentLocation() result: Location (success): 42.3339083, -71.0827154
08-04 21:22:24.358 32542 32542 D cellinfo: onCellInfoChanged: Operator: AT&T...1 UpdateTimestamp: 714146217 CellConnectionStatus: 0
08-04 21:22:24.358 32542 32542 D cellinfo: onCellInfoChanged: LTE Cell Bands: [] Bandwidth: 2147483647 Cell ID: 16925193 Physical Cell ID: 154 Tracking Area Code: 1031 EARFCN: 700
08-04 21:22:24.470 32542 32542 D cellinfo: onsignalStrengthsChanged: LTE Signal Strength info: rsrp: -96 rsrq: -12 rssi: -61 rssnr: 0
08-04 21:22:24.470 32542 32542 D cellinfo: onsignalStrengthsChanged: 5G-NR Signal Strength info: ssrsrp: -82 ssrsrq: -12 sssinr: 5
08-04 21:22:24.489 32542  7971 D cellinfo: 46 bytes from 54.197.223.49: icmp_seq=1728 ttl=43 time=47.2 ms
08-04 21:22:24.694 32542  7971 D cellinfo: 46 bytes from 54.197.223.49: icmp_seq=1729 ttl=43 time=51.2 ms
08-04 21:22:24.760 32542 32542 D cellinfo: onsignalStrengthsChanged: LTE Signal Strength info: rsrp: -96 rsrq: -13 rssi: -59 rssnr: 0
08-04 21:22:24.760 32542 32542 D cellinfo: onsignalStrengthsChanged: 5G-NR Signal Strength info: ssrsrp: -82 ssrsrq: -12 sssinr: 5
08-04 21:22:24.889 32542  7971 D cellinfo: 46 bytes from 54.197.223.49: icmp_seq=1730 ttl=43 time=44.8 ms
08-04 21:22:25.088 32542  7971 D cellinfo: 46 bytes from 54.197.223.49: icmp_seq=1731 ttl=43 time=44.0 ms
08-04 21:22:25.288 32542  7971 D cellinfo: 46 bytes from 54.197.223.49: icmp_seq=1732 ttl=43 time=42.3 ms
08-04 21:22:25.488 32542  7971 D cellinfo: 46 bytes from 54.197.223.49: icmp_seq=1733 ttl=43 time=42.2 ms
08-04 21:22:25.687 32542  7971 D cellinfo: 46 bytes from 54.197.223.49: icmp_seq=1734 ttl=43 time=41.6 ms
08-04 21:22:25.815 32542 32542 D cellinfo: onsignalStrengthsChanged: LTE Signal Strength info: rsrp: -96 rsrq: -13 rssi: -59 rssnr: 0
08-04 21:22:25.815 32542 32542 D cellinfo: onsignalStrengthsChanged: 5G-NR Signal Strength info: ssrsrp: -82 ssrsrq: -12 sssinr: 4
08-04 21:22:25.907 32542  7971 D cellinfo: 46 bytes from 54.197.223.49: icmp_seq=1735 ttl=43 time=59.8 ms
08-04 21:22:26.109 32542  7971 D cellinfo: 46 bytes from 54.197.223.49: icmp_seq=1736 ttl=43 time=58.3 ms
08-04 21:22:26.287 32542  7971 D cellinfo: 46 bytes from 54.197.223.49: icmp_seq=1737 ttl=43 time=36.6 ms
08-04 21:22:26.512 32542  7971 D cellinfo: 46 bytes from 54.197.223.49: icmp_seq=1738 ttl=43 time=59.4 ms
08-04 21:22:26.709 32542  7971 D cellinfo: 46 bytes from 54.197.223.49: icmp_seq=1739 ttl=43 time=55.0 ms
08-04 21:22:26.818 32542 32542 D cellinfo: onsignalStrengthsChanged: LTE Signal Strength info: rsrp: -96 rsrq: -13 rssi: -59 rssnr: 0
08-04 21:22:26.818 32542 32542 D cellinfo: onsignalStrengthsChanged: 5G-NR Signal Strength info: ssrsrp: -82 ssrsrq: -12 sssinr: 5
08-04 21:22:26.909 32542  7971 D cellinfo: 46 bytes from 54.197.223.49: icmp_seq=1740 ttl=43 time=55.3 ms
08-04 21:22:27.001 32542 32542 D cellinfo: onsignalStrengthsChanged: LTE Signal Strength info: rsrp: -96 rsrq: -13 rssi: -63 rssnr: 0
08-04 21:22:27.002 32542 32542 D cellinfo: onsignalStrengthsChanged: 5G-NR Signal Strength info: ssrsrp: -82 ssrsrq: -12 sssinr: 5
08-04 21:22:27.109 32542  7971 D cellinfo: 46 bytes from 54.197.223.49: icmp_seq=1741 ttl=43 time=53.9 ms
08-04 21:22:27.295 32542 32542 D cellinfo: Latitude is 42.3339083
08-04 21:22:27.295 32542 32542 D cellinfo: Longitude is -71.0827154
08-04 21:22:27.295 32542 32542 D cellinfo: Instantaneous GPS information: United States, 38 Dewitt Dr, Boston, MA 02120, USA
08-04 21:22:27.295 32542 32542 D cellinfo: getCurrentLocation() result: Location (success): 42.3339083, -71.0827154
08-04 21:22:27.308 32542  7971 D cellinfo: 46 bytes from 54.197.223.49: icmp_seq=1742 ttl=43 time=52.3 ms
08-04 21:22:27.350 32542 32542 D cellinfo: onCellInfoChanged: Operator: AT&T...1 UpdateTimestamp: 714149211 CellConnectionStatus: 0
08-04 21:22:27.350 32542 32542 D cellinfo: onCellInfoChanged: LTE Cell Bands: [] Bandwidth: 2147483647 Cell ID: 16925193 Physical Cell ID: 154 Tracking Area Code: 1031 EARFCN: 700
08-04 21:22:27.508 32542  7971 D cellinfo: 46 bytes from 54.197.223.49: icmp_seq=1743 ttl=43 time=50.8 ms
08-04 21:22:27.709 32542  7971 D cellinfo: 46 bytes from 54.197.223.49: icmp_seq=1744 ttl=43 time=49.6 ms
08-04 21:22:27.810 32542 32542 D cellinfo: onsignalStrengthsChanged: LTE Signal Strength info: rsrp: -96 rsrq: -13 rssi: -63 rssnr: 0
08-04 21:22:27.810 32542 32542 D cellinfo: onsignalStrengthsChanged: 5G-NR Signal Strength info: ssrsrp: -83 ssrsrq: -12 sssinr: 4
08-04 21:22:27.908 32542  7971 D cellinfo: 46 bytes from 54.197.223.49: icmp_seq=1745 ttl=43 time=49.3 ms
08-04 21:22:28.108 32542  7971 D cellinfo: 46 bytes from 54.197.223.49: icmp_seq=1746 ttl=43 time=49.4 ms
08-04 21:22:28.318 32542  7971 D cellinfo: 46 bytes from 54.197.223.49: icmp_seq=1747 ttl=43 time=58.2 ms
08-04 21:22:28.509 32542  7971 D cellinfo: 46 bytes from 54.197.223.49: icmp_seq=1748 ttl=43 time=47.3 ms
08-04 21:22:28.711 32542  7971 D cellinfo: 46 bytes from 54.197.223.49: icmp_seq=1749 ttl=43 time=47.0 ms
08-04 21:22:28.909 32542  7971 D cellinfo: 46 bytes from 54.197.223.49: icmp_seq=1750 ttl=43 time=44.3 ms
08-04 21:22:29.112 32542  7971 D cellinfo: 46 bytes from 54.197.223.49: icmp_seq=1751 ttl=43 time=45.1 ms
08-04 21:22:29.237 32542 32542 D cellinfo: onsignalStrengthsChanged: LTE Signal Strength info: rsrp: -96 rsrq: -13 rssi: -59 rssnr: 1
08-04 21:22:29.237 32542 32542 D cellinfo: onsignalStrengthsChanged: 5G-NR Signal Strength info: ssrsrp: -83 ssrsrq: -12 sssinr: 4
08-04 21:22:29.319 32542  7971 D cellinfo: 46 bytes from 54.197.223.49: icmp_seq=1752 ttl=43 time=52.0 ms
08-04 21:22:29.530 32542  7971 D cellinfo: 46 bytes from 54.197.223.49: icmp_seq=1753 ttl=43 time=60.4 ms
08-04 21:22:29.730 32542  7971 D cellinfo: 46 bytes from 54.197.223.49: icmp_seq=1754 ttl=43 time=59.6 ms
08-04 21:22:29.938 32542  7971 D cellinfo: 46 bytes from 54.197.223.49: icmp_seq=1755 ttl=43 time=66.6 ms
08-04 21:22:30.131 32542  7971 D cellinfo: 46 bytes from 54.197.223.49: icmp_seq=1756 ttl=43 time=60.5 ms
08-04 21:22:30.293 32542 32542 D cellinfo: Latitude is 42.3339083
08-04 21:22:30.293 32542 32542 D cellinfo: Longitude is -71.0827154
08-04 21:22:30.293 32542 32542 D cellinfo: Instantaneous GPS information: United States, 38 Dewitt Dr, Boston, MA 02120, USA
08-04 21:22:30.293 32542 32542 D cellinfo: getCurrentLocation() result: Location (success): 42.3339083, -71.0827154
08-04 21:22:30.336 32542  7971 D cellinfo: 46 bytes from 54.197.223.49: icmp_seq=1757 ttl=43 time=64.6 ms
08-04 21:22:30.355 32542 32542 D cellinfo: onCellInfoChanged: Operator: AT&T...1 UpdateTimestamp: 714152218 CellConnectionStatus: 0
08-04 21:22:30.355 32542 32542 D cellinfo: onCellInfoChanged: LTE Cell Bands: [] Bandwidth: 2147483647 Cell ID: 16925193 Physical Cell ID: 154 Tracking Area Code: 1031 EARFCN: 700
08-04 21:22:30.470 32542 32542 D cellinfo: onsignalStrengthsChanged: LTE Signal Strength info: rsrp: -96 rsrq: -13 rssi: -59 rssnr: 0
08-04 21:22:30.470 32542 32542 D cellinfo: onsignalStrengthsChanged: 5G-NR Signal Strength info: ssrsrp: -83 ssrsrq: -12 sssinr: 4
08-04 21:22:30.528 32542  7971 D cellinfo: 46 bytes from 54.197.223.49: icmp_seq=1758 ttl=43 time=55.1 ms
08-04 21:22:30.729 32542  7971 D cellinfo: 46 bytes from 54.197.223.49: icmp_seq=1759 ttl=43 time=54.5 ms
08-04 21:22:30.933 32542  7971 D cellinfo: 46 bytes from 54.197.223.49: icmp_seq=1760 ttl=43 time=59.4 ms
08-04 21:22:31.135 32542  7971 D cellinfo: 46 bytes from 54.197.223.49: icmp_seq=1761 ttl=43 time=58.9 ms
08-04 21:22:31.329 32542  7971 D cellinfo: 46 bytes from 54.197.223.49: icmp_seq=1762 ttl=43 time=52.4 ms
08-04 21:22:31.478 32542 32542 D cellinfo: onsignalStrengthsChanged: LTE Signal Strength info: rsrp: -96 rsrq: -14 rssi: -63 rssnr: 1
08-04 21:22:31.478 32542 32542 D cellinfo: onsignalStrengthsChanged: 5G-NR Signal Strength info: ssrsrp: -83 ssrsrq: -12 sssinr: 4
08-04 21:22:31.530 32542  7971 D cellinfo: 46 bytes from 54.197.223.49: icmp_seq=1763 ttl=43 time=52.3 ms
08-04 21:22:31.731 32542  7971 D cellinfo: 46 bytes from 54.197.223.49: icmp_seq=1764 ttl=43 time=52.3 ms
08-04 21:22:31.813 32542 32542 D cellinfo: onsignalStrengthsChanged: LTE Signal Strength info: rsrp: -96 rsrq: -14 rssi: -63 rssnr: 1
08-04 21:22:31.813 32542 32542 D cellinfo: onsignalStrengthsChanged: 5G-NR Signal Strength info: ssrsrp: -83 ssrsrq: -13 sssinr: 3
08-04 21:22:31.932 32542  7971 D cellinfo: 46 bytes from 54.197.223.49: icmp_seq=1765 ttl=43 time=51.3 ms
08-04 21:22:32.137 32542  7971 D cellinfo: 46 bytes from 54.197.223.49: icmp_seq=1766 ttl=43 time=55.0 ms
08-04 21:22:32.328 32542  7971 D cellinfo: 46 bytes from 54.197.223.49: icmp_seq=1767 ttl=43 time=45.2 ms
08-04 21:22:32.528 32542  7971 D cellinfo: 46 bytes from 54.197.223.49: icmp_seq=1768 ttl=43 time=44.1 ms
08-04 21:22:32.728 32542  7971 D cellinfo: 46 bytes from 54.197.223.49: icmp_seq=1769 ttl=43 time=43.5 ms
08-04 21:22:32.929 32542  7971 D cellinfo: 46 bytes from 54.197.223.49: icmp_seq=1770 ttl=43 time=43.7 ms
08-04 21:22:33.137 32542  7971 D cellinfo: 46 bytes from 54.197.223.49: icmp_seq=1771 ttl=43 time=50.6 ms
08-04 21:22:33.337 32542  7971 D cellinfo: 46 bytes from 54.197.223.49: icmp_seq=1772 ttl=43 time=49.2 ms
08-04 21:22:33.346 32542 32542 D cellinfo: onCellInfoChanged: Operator: AT&T...1 UpdateTimestamp: 714155201 CellConnectionStatus: 0
08-04 21:22:33.346 32542 32542 D cellinfo: onCellInfoChanged: LTE Cell Bands: [] Bandwidth: 2147483647 Cell ID: 16925193 Physical Cell ID: 154 Tracking Area Code: 1031 EARFCN: 700
08-04 21:22:33.480 32542 32542 D cellinfo: onsignalStrengthsChanged: LTE Signal Strength info: rsrp: -96 rsrq: -14 rssi: -59 rssnr: 1
08-04 21:22:33.480 32542 32542 D cellinfo: onsignalStrengthsChanged: 5G-NR Signal Strength info: ssrsrp: -83 ssrsrq: -13 sssinr: 3
08-04 21:22:33.549 32542  7971 D cellinfo: 46 bytes from 54.197.223.49: icmp_seq=1773 ttl=43 time=60.6 ms
08-04 21:22:33.748 32542  7971 D cellinfo: 46 bytes from 54.197.223.49: icmp_seq=1774 ttl=43 time=58.2 ms
08-04 21:22:33.812 32542 32542 D cellinfo: onsignalStrengthsChanged: LTE Signal Strength info: rsrp: -96 rsrq: -14 rssi: -59 rssnr: 1
08-04 21:22:33.813 32542 32542 D cellinfo: onsignalStrengthsChanged: 5G-NR Signal Strength info: ssrsrp: -82 ssrsrq: -12 sssinr: 4
08-04 21:22:33.950 32542  7971 D cellinfo: 46 bytes from 54.197.223.49: icmp_seq=1775 ttl=43 time=58.9 ms
08-04 21:22:34.127 32542  7971 D cellinfo: 46 bytes from 54.197.223.49: icmp_seq=1776 ttl=43 time=35.3 ms
08-04 21:22:34.348 32542  7971 D cellinfo: 46 bytes from 54.197.223.49: icmp_seq=1777 ttl=43 time=53.6 ms
08-04 21:22:34.557 32542  7971 D cellinfo: 46 bytes from 54.197.223.49: icmp_seq=1778 ttl=43 time=61.9 ms
08-04 21:22:34.747 32542  7971 D cellinfo: 46 bytes from 54.197.223.49: icmp_seq=1779 ttl=43 time=52.3 ms
08-04 21:22:34.949 32542  7971 D cellinfo: 46 bytes from 54.197.223.49: icmp_seq=1780 ttl=43 time=51.0 ms
08-04 21:22:34.956 32542 32542 D cellinfo: Latitude is 42.3337987
08-04 21:22:34.956 32542 32542 D cellinfo: Longitude is -71.0826856
08-04 21:22:34.956 32542 32542 D cellinfo: Instantaneous GPS information: United States, 38 Dewitt Dr, Boston, MA 02120, USA
08-04 21:22:34.956 32542 32542 D cellinfo: getCurrentLocation() result: Location (success): 42.3337987, -71.0826856
08-04 21:22:34.959 32542 32542 D cellinfo: onsignalStrengthsChanged: LTE Signal Strength info: rsrp: -96 rsrq: -14 rssi: -59 rssnr: 1
08-04 21:22:34.959 32542 32542 D cellinfo: onsignalStrengthsChanged: 5G-NR Signal Strength info: ssrsrp: -82 ssrsrq: -12 sssinr: 3
08-04 21:22:35.157 32542  7971 D cellinfo: 46 bytes from 54.197.223.49: icmp_seq=1781 ttl=43 time=58.3 ms
08-04 21:22:35.347 32542  7971 D cellinfo: 46 bytes from 54.197.223.49: icmp_seq=1782 ttl=43 time=48.7 ms
08-04 21:22:35.552 32542  7971 D cellinfo: 46 bytes from 54.197.223.49: icmp_seq=1783 ttl=43 time=52.2 ms
08-04 21:22:35.748 32542  7971 D cellinfo: 46 bytes from 54.197.223.49: icmp_seq=1784 ttl=43 time=48.3 ms
08-04 21:22:35.947 32542  7971 D cellinfo: 46 bytes from 54.197.223.49: icmp_seq=1785 ttl=43 time=46.4 ms
08-04 21:22:35.960 32542 32542 D cellinfo: onsignalStrengthsChanged: LTE Signal Strength info: rsrp: -96 rsrq: -14 rssi: -63 rssnr: 1
08-04 21:22:35.960 32542 32542 D cellinfo: onsignalStrengthsChanged: 5G-NR Signal Strength info: ssrsrp: -82 ssrsrq: -12 sssinr: 3
08-04 21:22:36.149 32542  7971 D cellinfo: 46 bytes from 54.197.223.49: icmp_seq=1786 ttl=43 time=46.4 ms
08-04 21:22:36.304 32542 32542 D cellinfo: Latitude is 42.3337987
08-04 21:22:36.304 32542 32542 D cellinfo: Longitude is -71.0826856
08-04 21:22:36.304 32542 32542 D cellinfo: Instantaneous GPS information: United States, 38 Dewitt Dr, Boston, MA 02120, USA
08-04 21:22:36.304 32542 32542 D cellinfo: getCurrentLocation() result: Location (success): 42.3337987, -71.0826856
08-04 21:22:36.346 32542  7971 D cellinfo: 46 bytes from 54.197.223.49: icmp_seq=1787 ttl=43 time=43.8 ms
08-04 21:22:36.367 32542 32542 D cellinfo: onCellInfoChanged: Operator: AT&T...1 UpdateTimestamp: 714158228 CellConnectionStatus: 0
08-04 21:22:36.367 32542 32542 D cellinfo: onCellInfoChanged: LTE Cell Bands: [] Bandwidth: 2147483647 Cell ID: 16925193 Physical Cell ID: 154 Tracking Area Code: 1031 EARFCN: 700
08-04 21:22:36.472 32542 32542 D cellinfo: onsignalStrengthsChanged: LTE Signal Strength info: rsrp: -97 rsrq: -14 rssi: -63 rssnr: 0
08-04 21:22:36.472 32542 32542 D cellinfo: onsignalStrengthsChanged: 5G-NR Signal Strength info: ssrsrp: -82 ssrsrq: -12 sssinr: 3
08-04 21:22:36.547 32542  7971 D cellinfo: 46 bytes from 54.197.223.49: icmp_seq=1788 ttl=43 time=43.7 ms
08-04 21:22:36.756 32542  7971 D cellinfo: 46 bytes from 54.197.223.49: icmp_seq=1789 ttl=43 time=49.8 ms
08-04 21:22:36.813 32542 32542 D cellinfo: onsignalStrengthsChanged: LTE Signal Strength info: rsrp: -97 rsrq: -14 rssi: -63 rssnr: 0
08-04 21:22:36.814 32542 32542 D cellinfo: onsignalStrengthsChanged: 5G-NR Signal Strength info: ssrsrp: -86 ssrsrq: -13 sssinr: 4
08-04 21:22:36.957 32542  7971 D cellinfo: 46 bytes from 54.197.223.49: icmp_seq=1790 ttl=43 time=50.5 ms
08-04 21:22:37.171 32542  7971 D cellinfo: 46 bytes from 54.197.223.49: icmp_seq=1791 ttl=43 time=61.7 ms
08-04 21:22:37.367 32542  7971 D cellinfo: 46 bytes from 54.197.223.49: icmp_seq=1792 ttl=43 time=58.8 ms
08-04 21:22:37.568 32542  7971 D cellinfo: 46 bytes from 54.197.223.49: icmp_seq=1793 ttl=43 time=58.4 ms
08-04 21:22:37.767 32542  7971 D cellinfo: 46 bytes from 54.197.223.49: icmp_seq=1794 ttl=43 time=57.3 ms
08-04 21:22:37.814 32542 32542 D cellinfo: onsignalStrengthsChanged: LTE Signal Strength info: rsrp: -97 rsrq: -14 rssi: -63 rssnr: 0
08-04 21:22:37.814 32542 32542 D cellinfo: onsignalStrengthsChanged: 5G-NR Signal Strength info: ssrsrp: -84 ssrsrq: -13 sssinr: 3
08-04 21:22:37.970 32542  7971 D cellinfo: 46 bytes from 54.197.223.49: icmp_seq=1795 ttl=43 time=58.4 ms
08-04 21:22:38.168 32542  7971 D cellinfo: 46 bytes from 54.197.223.49: icmp_seq=1796 ttl=43 time=55.3 ms
08-04 21:22:38.199 32542 32542 D cellinfo: onsignalStrengthsChanged: LTE Signal Strength info: rsrp: -97 rsrq: -14 rssi: -61 rssnr: 0
08-04 21:22:38.199 32542 32542 D cellinfo: onsignalStrengthsChanged: 5G-NR Signal Strength info: ssrsrp: -84 ssrsrq: -13 sssinr: 3
08-04 21:22:38.368 32542  7971 D cellinfo: 46 bytes from 54.197.223.49: icmp_seq=1797 ttl=43 time=54.4 ms
08-04 21:22:38.569 32542  7971 D cellinfo: 46 bytes from 54.197.223.49: icmp_seq=1798 ttl=43 time=54.3 ms
08-04 21:22:38.769 32542  7971 D cellinfo: 46 bytes from 54.197.223.49: icmp_seq=1799 ttl=43 time=53.4 ms
08-04 21:22:38.810 32542 32542 D cellinfo: onsignalStrengthsChanged: LTE Signal Strength info: rsrp: -97 rsrq: -14 rssi: -61 rssnr: 0
08-04 21:22:38.810 32542 32542 D cellinfo: onsignalStrengthsChanged: 5G-NR Signal Strength info: ssrsrp: -87 ssrsrq: -13 sssinr: 5
08-04 21:22:38.968 32542  7971 D cellinfo: 46 bytes from 54.197.223.49: icmp_seq=1800 ttl=43 time=51.4 ms
08-04 21:22:39.176 32542  7971 D cellinfo: 46 bytes from 54.197.223.49: icmp_seq=1801 ttl=43 time=58.6 ms
08-04 21:22:39.293 32542 32542 D cellinfo: Latitude is 42.3337987
08-04 21:22:39.293 32542 32542 D cellinfo: Longitude is -71.0826856
08-04 21:22:39.293 32542 32542 D cellinfo: Instantaneous GPS information: United States, 38 Dewitt Dr, Boston, MA 02120, USA
08-04 21:22:39.293 32542 32542 D cellinfo: getCurrentLocation() result: Location (success): 42.3337987, -71.0826856
08-04 21:22:39.336 32542 32542 D cellinfo: onCellInfoChanged: Operator: AT&T...1 UpdateTimestamp: 714161196 CellConnectionStatus: 0
08-04 21:22:39.336 32542 32542 D cellinfo: onCellInfoChanged: LTE Cell Bands: [] Bandwidth: 2147483647 Cell ID: 16925193 Physical Cell ID: 154 Tracking Area Code: 1031 EARFCN: 700
08-04 21:22:39.368 32542  7971 D cellinfo: 46 bytes from 54.197.223.49: icmp_seq=1802 ttl=43 time=49.9 ms
08-04 21:22:39.480 32542 32542 D cellinfo: onsignalStrengthsChanged: LTE Signal Strength info: rsrp: -97 rsrq: -14 rssi: -63 rssnr: -1
08-04 21:22:39.480 32542 32542 D cellinfo: onsignalStrengthsChanged: 5G-NR Signal Strength info: ssrsrp: -87 ssrsrq: -13 sssinr: 5
08-04 21:22:39.581 32542  7971 D cellinfo: 46 bytes from 54.197.223.49: icmp_seq=1803 ttl=43 time=63.1 ms
08-04 21:22:39.768 32542  7971 D cellinfo: 46 bytes from 54.197.223.49: icmp_seq=1804 ttl=43 time=47.2 ms
08-04 21:22:39.810 32542 32542 D cellinfo: onsignalStrengthsChanged: LTE Signal Strength info: rsrp: -97 rsrq: -14 rssi: -63 rssnr: -1
08-04 21:22:39.810 32542 32542 D cellinfo: onsignalStrengthsChanged: 5G-NR Signal Strength info: ssrsrp: -89 ssrsrq: -14 sssinr: 0
08-04 21:22:39.968 32542  7971 D cellinfo: 46 bytes from 54.197.223.49: icmp_seq=1805 ttl=43 time=46.5 ms
08-04 21:22:40.170 32542  7971 D cellinfo: 46 bytes from 54.197.223.49: icmp_seq=1806 ttl=43 time=46.6 ms
08-04 21:22:40.375 32542  7971 D cellinfo: 46 bytes from 54.197.223.49: icmp_seq=1807 ttl=43 time=52.2 ms
08-04 21:22:40.436 32542 32542 D cellinfo: onsignalStrengthsChanged: LTE Signal Strength info: rsrp: -97 rsrq: -14 rssi: -63 rssnr: -2
08-04 21:22:40.436 32542 32542 D cellinfo: onsignalStrengthsChanged: 5G-NR Signal Strength info: ssrsrp: -89 ssrsrq: -14 sssinr: 0
08-04 21:22:40.569 32542  7971 D cellinfo: 46 bytes from 54.197.223.49: icmp_seq=1808 ttl=43 time=43.9 ms
08-04 21:22:40.771 32542  7971 D cellinfo: 46 bytes from 54.197.223.49: icmp_seq=1809 ttl=43 time=45.7 ms
08-04 21:22:40.811 32542 32542 D cellinfo: onsignalStrengthsChanged: LTE Signal Strength info: rsrp: -97 rsrq: -14 rssi: -63 rssnr: -2
08-04 21:22:40.811 32542 32542 D cellinfo: onsignalStrengthsChanged: 5G-NR Signal Strength info: ssrsrp: -84 ssrsrq: -13 sssinr: 3
08-04 21:22:40.975 32542  7971 D cellinfo: 46 bytes from 54.197.223.49: icmp_seq=1810 ttl=43 time=49.6 ms
08-04 21:22:41.168 32542  7971 D cellinfo: 46 bytes from 54.197.223.49: icmp_seq=1811 ttl=43 time=40.8 ms
08-04 21:22:41.369 32542  7971 D cellinfo: 46 bytes from 54.197.223.49: icmp_seq=1812 ttl=43 time=40.9 ms
08-04 21:22:41.594 32542  7971 D cellinfo: 46 bytes from 54.197.223.49: icmp_seq=1813 ttl=43 time=67.0 ms
08-04 21:22:41.789 32542  7971 D cellinfo: 46 bytes from 54.197.223.49: icmp_seq=1814 ttl=43 time=60.8 ms
08-04 21:22:41.811 32542 32542 D cellinfo: onsignalStrengthsChanged: LTE Signal Strength info: rsrp: -97 rsrq: -14 rssi: -63 rssnr: -2
08-04 21:22:41.811 32542 32542 D cellinfo: onsignalStrengthsChanged: 5G-NR Signal Strength info: ssrsrp: -83 ssrsrq: -12 sssinr: 9
08-04 21:22:41.968 32542  7971 D cellinfo: 46 bytes from 54.197.223.49: icmp_seq=1815 ttl=43 time=38.7 ms
08-04 21:22:42.197 32542  7971 D cellinfo: 46 bytes from 54.197.223.49: icmp_seq=1816 ttl=43 time=66.5 ms
08-04 21:22:42.294 32542 32542 D cellinfo: Latitude is 42.3337987
08-04 21:22:42.294 32542 32542 D cellinfo: Longitude is -71.0826856
08-04 21:22:42.294 32542 32542 D cellinfo: Instantaneous GPS information: United States, 38 Dewitt Dr, Boston, MA 02120, USA
08-04 21:22:42.294 32542 32542 D cellinfo: getCurrentLocation() result: Location (success): 42.3337987, -71.0826856
08-04 21:22:42.348 32542 32542 D cellinfo: onCellInfoChanged: Operator: AT&T...1 UpdateTimestamp: 714164209 CellConnectionStatus: 0
08-04 21:22:42.348 32542 32542 D cellinfo: onCellInfoChanged: LTE Cell Bands: [] Bandwidth: 2147483647 Cell ID: 16925193 Physical Cell ID: 154 Tracking Area Code: 1031 EARFCN: 700
08-04 21:22:42.387 32542  7971 D cellinfo: 46 bytes from 54.197.223.49: icmp_seq=1817 ttl=43 time=56.1 ms
08-04 21:22:42.473 32542 32542 D cellinfo: onsignalStrengthsChanged: LTE Signal Strength info: rsrp: -97 rsrq: -14 rssi: -65 rssnr: -1
08-04 21:22:42.473 32542 32542 D cellinfo: onsignalStrengthsChanged: 5G-NR Signal Strength info: ssrsrp: -83 ssrsrq: -12 sssinr: 9
08-04 21:22:42.587 32542  7971 D cellinfo: 46 bytes from 54.197.223.49: icmp_seq=1818 ttl=43 time=55.0 ms
08-04 21:22:42.679 32542 32542 D cellinfo: onsignalStrengthsChanged: LTE Signal Strength info: rsrp: -97 rsrq: -13 rssi: -65 rssnr: -1
08-04 21:22:42.679 32542 32542 D cellinfo: onsignalStrengthsChanged: 5G-NR Signal Strength info: ssrsrp: -83 ssrsrq: -12 sssinr: 9
