--------- beginning of main
--------- beginning of system
08-04 21:16:36.277 32542 32542 D cellinfo: Country == United States
08-04 21:16:36.277 32542 32542 D cellinfo: City == Boston
08-04 21:16:36.277 32542 32542 D cellinfo: GPS Info == 774 MA-28, Boston, MA 02120, USA
08-04 21:16:36.277 32542 32542 D cellinfo: Network Operator == AT&T
08-04 21:16:36.277 32542 32542 D cellinfo: User movement == Static
08-04 21:16:36.277 32542 32542 D cellinfo: isEastCoast == true
08-04 21:16:36.277 32542 32542 D cellinfo: isWestCoast == false
08-04 21:16:36.277 32542 32542 D cellinfo: isBoston == true
08-04 21:16:36.277 32542 32542 D cellinfo: All GPS info fetched. Saving city and country info
08-04 21:16:36.278 32542  7971 D cellinfo: Timestamp: 1659662196
08-04 21:16:36.778 32542  7972 D cellinfo: Logging started
08-04 21:16:36.783 32542 32542 D cellinfo: onServiceStateChanged: Channel Number: 700 Cell Bandwidths: [20000, 10000, 0, 0]
08-04 21:16:36.783 32542 32542 D cellinfo: onsignalStrengthsChanged: LTE Signal Strength info: rsrp: -81 rsrq: -12 rssi: -51 rssnr: 5
08-04 21:16:36.783 32542 32542 D cellinfo: onCellInfoChanged: Operator: AT&T...1 UpdateTimestamp: 713798252 CellConnectionStatus: 0
08-04 21:16:36.783 32542 32542 D cellinfo: onCellInfoChanged: LTE Cell Bands: [] Bandwidth: 2147483647 Cell ID: 16925193 Physical Cell ID: 154 Tracking Area Code: 1031 EARFCN: 700
08-04 21:16:36.786 32542 32542 D cellinfo: onDisplayInfoChanged: NetworkType: LTE OverrideNetworkType: 5G (Sub-6 GHz)
08-04 21:16:37.110 32542 32542 D cellinfo: onServiceStateChanged: Channel Number: 700 Cell Bandwidths: []
08-04 21:16:37.117 32542 32542 D cellinfo: onServiceStateChanged: Channel Number: 700 Cell Bandwidths: [20000, 10000, 10000]
08-04 21:16:37.126 32542 32542 D cellinfo: onServiceStateChanged: Channel Number: 700 Cell Bandwidths: [20000, 10000, 10000]
08-04 21:16:37.144 32542 32542 D cellinfo: onDisplayInfoChanged: NetworkType: LTE OverrideNetworkType: 5G (Sub-6 GHz)
08-04 21:16:37.184 32542 32542 D cellinfo: onServiceStateChanged: Channel Number: 700 Cell Bandwidths: []
08-04 21:16:37.279 32542  7971 D cellinfo: Ping command fired: /system/bin/ping -i 0.2 -s 38 -c 2000 54.197.223.49
08-04 21:16:37.334 32542  7971 D cellinfo: PING 54.197.223.49 (54.197.223.49) 38(66) bytes of data.
08-04 21:16:37.334 32542  7971 D cellinfo: 46 bytes from 54.197.223.49: icmp_seq=1 ttl=43 time=49.2 ms
08-04 21:16:37.534 32542  7971 D cellinfo: 46 bytes from 54.197.223.49: icmp_seq=2 ttl=43 time=48.8 ms
08-04 21:16:37.732 32542  7971 D cellinfo: 46 bytes from 54.197.223.49: icmp_seq=3 ttl=43 time=43.1 ms
08-04 21:16:37.808 32542 32542 D cellinfo: Latitude is 42.3370732
08-04 21:16:37.808 32542 32542 D cellinfo: Longitude is -71.0867689
08-04 21:16:37.808 32542 32542 D cellinfo: Instantaneous GPS information: United States, 776 Columbus Ave, Boston, MA 02120, USA
08-04 21:16:37.808 32542 32542 D cellinfo: getCurrentLocation() result: Location (success): 42.3370732, -71.0867689
08-04 21:16:37.810 32542 32542 D cellinfo: onsignalStrengthsChanged: LTE Signal Strength info: rsrp: -80 rsrq: -12 rssi: -51 rssnr: 3
08-04 21:16:37.810 32542 32542 D cellinfo: onsignalStrengthsChanged: LTE Signal Strength info: rsrp: -80 rsrq: -12 rssi: -51 rssnr: 3
08-04 21:16:37.810 32542 32542 D cellinfo: onsignalStrengthsChanged: 5G-NR Signal Strength info: ssrsrp: -78 ssrsrq: -13 sssinr: 3
08-04 21:16:37.924 32542  7971 D cellinfo: 46 bytes from 54.197.223.49: icmp_seq=4 ttl=43 time=36.1 ms
08-04 21:16:38.131 32542  7971 D cellinfo: 46 bytes from 54.197.223.49: icmp_seq=5 ttl=43 time=42.3 ms
08-04 21:16:38.339 32542  7971 D cellinfo: 46 bytes from 54.197.223.49: icmp_seq=6 ttl=43 time=48.7 ms
08-04 21:16:38.532 32542  7971 D cellinfo: 46 bytes from 54.197.223.49: icmp_seq=7 ttl=43 time=42.0 ms
08-04 21:16:38.740 32542  7971 D cellinfo: 46 bytes from 54.197.223.49: icmp_seq=8 ttl=43 time=48.4 ms
08-04 21:16:38.806 32542 32542 D cellinfo: onsignalStrengthsChanged: LTE Signal Strength info: rsrp: -80 rsrq: -12 rssi: -51 rssnr: 3
08-04 21:16:38.806 32542 32542 D cellinfo: onsignalStrengthsChanged: 5G-NR Signal Strength info: ssrsrp: -77 ssrsrq: -13 sssinr: 2
08-04 21:16:38.944 32542  7971 D cellinfo: 46 bytes from 54.197.223.49: icmp_seq=9 ttl=43 time=50.6 ms
08-04 21:16:39.153 32542  7971 D cellinfo: 46 bytes from 54.197.223.49: icmp_seq=10 ttl=43 time=59.2 ms
08-04 21:16:39.292 32542 32542 D cellinfo: Latitude is 42.3370732
08-04 21:16:39.292 32542 32542 D cellinfo: Longitude is -71.0867689
08-04 21:16:39.292 32542 32542 D cellinfo: Instantaneous GPS information: United States, 776 Columbus Ave, Boston, MA 02120, USA
08-04 21:16:39.292 32542 32542 D cellinfo: getCurrentLocation() result: Location (success): 42.3370732, -71.0867689
08-04 21:16:39.342 32542  7971 D cellinfo: 46 bytes from 54.197.223.49: icmp_seq=11 ttl=43 time=48.5 ms
08-04 21:16:39.381 32542 32542 D cellinfo: onsignalStrengthsChanged: LTE Signal Strength info: rsrp: -80 rsrq: -12 rssi: -51 rssnr: 2
08-04 21:16:39.381 32542 32542 D cellinfo: onsignalStrengthsChanged: 5G-NR Signal Strength info: ssrsrp: -77 ssrsrq: -13 sssinr: 2
08-04 21:16:39.393 32542 32542 D cellinfo: onCellInfoChanged: Operator: AT&T...1 UpdateTimestamp: 713801250 CellConnectionStatus: 0
08-04 21:16:39.393 32542 32542 D cellinfo: onCellInfoChanged: LTE Cell Bands: [] Bandwidth: 2147483647 Cell ID: 16925193 Physical Cell ID: 154 Tracking Area Code: 1031 EARFCN: 700
08-04 21:16:39.535 32542  7971 D cellinfo: 46 bytes from 54.197.223.49: icmp_seq=12 ttl=43 time=40.7 ms
08-04 21:16:39.733 32542  7971 D cellinfo: 46 bytes from 54.197.223.49: icmp_seq=13 ttl=43 time=37.9 ms
08-04 21:16:39.811 32542 32542 D cellinfo: onsignalStrengthsChanged: LTE Signal Strength info: rsrp: -80 rsrq: -12 rssi: -51 rssnr: 2
08-04 21:16:39.811 32542 32542 D cellinfo: onsignalStrengthsChanged: 5G-NR Signal Strength info: ssrsrp: -77 ssrsrq: -14 sssinr: 0
08-04 21:16:39.950 32542  7971 D cellinfo: 46 bytes from 54.197.223.49: icmp_seq=14 ttl=43 time=54.7 ms
08-04 21:16:40.148 32542  7971 D cellinfo: 46 bytes from 54.197.223.49: icmp_seq=15 ttl=43 time=49.5 ms
08-04 21:16:40.343 32542  7971 D cellinfo: 46 bytes from 54.197.223.49: icmp_seq=16 ttl=43 time=42.7 ms
08-04 21:16:40.547 32542  7971 D cellinfo: 46 bytes from 54.197.223.49: icmp_seq=17 ttl=43 time=47.2 ms
08-04 21:16:40.747 32542  7971 D cellinfo: 46 bytes from 54.197.223.49: icmp_seq=18 ttl=43 time=46.0 ms
08-04 21:16:40.812 32542 32542 D cellinfo: onsignalStrengthsChanged: LTE Signal Strength info: rsrp: -80 rsrq: -12 rssi: -51 rssnr: 2
08-04 21:16:40.813 32542 32542 D cellinfo: onsignalStrengthsChanged: 5G-NR Signal Strength info: ssrsrp: -79 ssrsrq: -14 sssinr: 0
08-04 21:16:40.944 32542  7971 D cellinfo: 46 bytes from 54.197.223.49: icmp_seq=19 ttl=43 time=42.3 ms
08-04 21:16:41.144 32542  7971 D cellinfo: 46 bytes from 54.197.223.49: icmp_seq=20 ttl=43 time=41.8 ms
08-04 21:16:41.348 32542  7971 D cellinfo: 46 bytes from 54.197.223.49: icmp_seq=21 ttl=43 time=45.3 ms
08-04 21:16:41.557 32542  7971 D cellinfo: 46 bytes from 54.197.223.49: icmp_seq=22 ttl=43 time=52.8 ms
08-04 21:16:41.804 32542 32542 D cellinfo: onsignalStrengthsChanged: LTE Signal Strength info: rsrp: -80 rsrq: -12 rssi: -51 rssnr: 2
08-04 21:16:41.804 32542 32542 D cellinfo: onsignalStrengthsChanged: 5G-NR Signal Strength info: ssrsrp: -78 ssrsrq: -14 sssinr: 0
08-04 21:16:41.860 32542  7971 D cellinfo: 46 bytes from 54.197.223.49: icmp_seq=23 ttl=43 time=156 ms
08-04 21:16:41.941 32542  7971 D cellinfo: 46 bytes from 54.197.223.49: icmp_seq=24 ttl=43 time=35.5 ms
08-04 21:16:42.149 32542  7971 D cellinfo: 46 bytes from 54.197.223.49: icmp_seq=25 ttl=43 time=43.3 ms
08-04 21:16:42.297 32542 32542 D cellinfo: Latitude is 42.3370732
08-04 21:16:42.297 32542 32542 D cellinfo: Longitude is -71.0867689
08-04 21:16:42.297 32542 32542 D cellinfo: Instantaneous GPS information: United States, 776 Columbus Ave, Boston, MA 02120, USA
08-04 21:16:42.297 32542 32542 D cellinfo: getCurrentLocation() result: Location (success): 42.3370732, -71.0867689
08-04 21:16:42.345 32542 32542 D cellinfo: onCellInfoChanged: Operator: AT&T...1 UpdateTimestamp: 713804205 CellConnectionStatus: 0
08-04 21:16:42.345 32542 32542 D cellinfo: onCellInfoChanged: LTE Cell Bands: [] Bandwidth: 2147483647 Cell ID: 16925193 Physical Cell ID: 154 Tracking Area Code: 1031 EARFCN: 700
08-04 21:16:42.347 32542  7971 D cellinfo: 46 bytes from 54.197.223.49: icmp_seq=26 ttl=43 time=41.5 ms
08-04 21:16:42.549 32542  7971 D cellinfo: 46 bytes from 54.197.223.49: icmp_seq=27 ttl=43 time=41.9 ms
08-04 21:16:42.761 32542  7971 D cellinfo: 46 bytes from 54.197.223.49: icmp_seq=28 ttl=43 time=54.2 ms
08-04 21:16:42.815 32542 32542 D cellinfo: onsignalStrengthsChanged: LTE Signal Strength info: rsrp: -80 rsrq: -12 rssi: -51 rssnr: 2
08-04 21:16:42.815 32542 32542 D cellinfo: onsignalStrengthsChanged: 5G-NR Signal Strength info: ssrsrp: -78 ssrsrq: -14 sssinr: 1
08-04 21:16:42.959 32542  7971 D cellinfo: 46 bytes from 54.197.223.49: icmp_seq=29 ttl=43 time=50.4 ms
08-04 21:16:43.153 32542  7971 D cellinfo: 46 bytes from 54.197.223.49: icmp_seq=30 ttl=43 time=42.3 ms
08-04 21:16:43.374 32542  7971 D cellinfo: 46 bytes from 54.197.223.49: icmp_seq=31 ttl=43 time=63.5 ms
08-04 21:16:43.559 32542  7971 D cellinfo: 46 bytes from 54.197.223.49: icmp_seq=32 ttl=43 time=47.0 ms
08-04 21:16:43.772 32542  7971 D cellinfo: 46 bytes from 54.197.223.49: icmp_seq=33 ttl=43 time=57.7 ms
08-04 21:16:43.811 32542 32542 D cellinfo: onsignalStrengthsChanged: LTE Signal Strength info: rsrp: -80 rsrq: -12 rssi: -51 rssnr: 2
08-04 21:16:43.811 32542 32542 D cellinfo: onsignalStrengthsChanged: 5G-NR Signal Strength info: ssrsrp: -78 ssrsrq: -14 sssinr: -1
08-04 21:16:43.963 32542  7971 D cellinfo: 46 bytes from 54.197.223.49: icmp_seq=34 ttl=43 time=48.8 ms
08-04 21:16:44.163 32542  7971 D cellinfo: 46 bytes from 54.197.223.49: icmp_seq=35 ttl=43 time=48.2 ms
08-04 21:16:44.272 32542 32542 D cellinfo: onsignalStrengthsChanged: LTE Signal Strength info: rsrp: -80 rsrq: -12 rssi: -51 rssnr: 3
08-04 21:16:44.273 32542 32542 D cellinfo: onsignalStrengthsChanged: 5G-NR Signal Strength info: ssrsrp: -78 ssrsrq: -14 sssinr: -1
08-04 21:16:44.445 32542  7971 D cellinfo: 46 bytes from 54.197.223.49: icmp_seq=36 ttl=43 time=128 ms
08-04 21:16:44.554 32542  7971 D cellinfo: 46 bytes from 54.197.223.49: icmp_seq=37 ttl=43 time=37.1 ms
08-04 21:16:44.763 32542  7971 D cellinfo: 46 bytes from 54.197.223.49: icmp_seq=38 ttl=43 time=45.3 ms
08-04 21:16:44.813 32542 32542 D cellinfo: onsignalStrengthsChanged: LTE Signal Strength info: rsrp: -80 rsrq: -12 rssi: -51 rssnr: 3
08-04 21:16:44.813 32542 32542 D cellinfo: onsignalStrengthsChanged: 5G-NR Signal Strength info: ssrsrp: -79 ssrsrq: -15 sssinr: -2
08-04 21:16:44.968 32542  7971 D cellinfo: 46 bytes from 54.197.223.49: icmp_seq=39 ttl=43 time=48.8 ms
08-04 21:16:45.162 32542  7971 D cellinfo: 46 bytes from 54.197.223.49: icmp_seq=40 ttl=43 time=43.0 ms
08-04 21:16:45.292 32542 32542 D cellinfo: Latitude is 42.3370732
08-04 21:16:45.292 32542 32542 D cellinfo: Longitude is -71.0867689
08-04 21:16:45.292 32542 32542 D cellinfo: Instantaneous GPS information: United States, 776 Columbus Ave, Boston, MA 02120, USA
08-04 21:16:45.293 32542 32542 D cellinfo: getCurrentLocation() result: Location (success): 42.3370732, -71.0867689
08-04 21:16:45.341 32542 32542 D cellinfo: onsignalStrengthsChanged: LTE Signal Strength info: rsrp: -79 rsrq: -12 rssi: -51 rssnr: 3
08-04 21:16:45.341 32542 32542 D cellinfo: onsignalStrengthsChanged: 5G-NR Signal Strength info: ssrsrp: -79 ssrsrq: -15 sssinr: -2
08-04 21:16:45.353 32542 32542 D cellinfo: onCellInfoChanged: Operator: AT&T...1 UpdateTimestamp: 713807204 CellConnectionStatus: 0
08-04 21:16:45.353 32542 32542 D cellinfo: onCellInfoChanged: LTE Cell Bands: [] Bandwidth: 2147483647 Cell ID: 16925193 Physical Cell ID: 154 Tracking Area Code: 1031 EARFCN: 700
08-04 21:16:45.365 32542  7971 D cellinfo: 46 bytes from 54.197.223.49: icmp_seq=41 ttl=43 time=45.1 ms
08-04 21:16:45.565 32542  7971 D cellinfo: 46 bytes from 54.197.223.49: icmp_seq=42 ttl=43 time=43.2 ms
08-04 21:16:45.767 32542  7971 D cellinfo: 46 bytes from 54.197.223.49: icmp_seq=43 ttl=43 time=42.9 ms
08-04 21:16:45.972 32542  7971 D cellinfo: 46 bytes from 54.197.223.49: icmp_seq=44 ttl=43 time=49.3 ms
08-04 21:16:46.161 32542  7971 D cellinfo: 46 bytes from 54.197.223.49: icmp_seq=45 ttl=43 time=36.5 ms
08-04 21:16:46.422 32542  7971 D cellinfo: 46 bytes from 54.197.223.49: icmp_seq=46 ttl=43 time=97.3 ms
08-04 21:16:46.514 32542 32542 D cellinfo: onsignalStrengthsChanged: LTE Signal Strength info: rsrp: -79 rsrq: -12 rssi: -51 rssnr: 2
08-04 21:16:46.514 32542 32542 D cellinfo: onsignalStrengthsChanged: 5G-NR Signal Strength info: ssrsrp: -79 ssrsrq: -15 sssinr: -2
08-04 21:16:46.569 32542  7971 D cellinfo: 46 bytes from 54.197.223.49: icmp_seq=47 ttl=43 time=43.6 ms
08-04 21:16:46.767 32542  7971 D cellinfo: 46 bytes from 54.197.223.49: icmp_seq=48 ttl=43 time=38.6 ms
08-04 21:16:46.812 32542 32542 D cellinfo: onsignalStrengthsChanged: LTE Signal Strength info: rsrp: -79 rsrq: -12 rssi: -51 rssnr: 2
08-04 21:16:46.812 32542 32542 D cellinfo: onsignalStrengthsChanged: 5G-NR Signal Strength info: ssrsrp: -81 ssrsrq: -15 sssinr: -1
08-04 21:16:46.972 32542  7971 D cellinfo: 46 bytes from 54.197.223.49: icmp_seq=49 ttl=43 time=42.1 ms
08-04 21:16:47.177 32542  7971 D cellinfo: 46 bytes from 54.197.223.49: icmp_seq=50 ttl=43 time=45.5 ms
08-04 21:16:47.376 32542  7971 D cellinfo: 46 bytes from 54.197.223.49: icmp_seq=51 ttl=43 time=42.6 ms
08-04 21:16:47.569 32542  7971 D cellinfo: 46 bytes from 54.197.223.49: icmp_seq=52 ttl=43 time=34.6 ms
08-04 21:16:47.784 32542  7971 D cellinfo: 46 bytes from 54.197.223.49: icmp_seq=53 ttl=43 time=47.1 ms
08-04 21:16:47.815 32542 32542 D cellinfo: onsignalStrengthsChanged: LTE Signal Strength info: rsrp: -79 rsrq: -12 rssi: -51 rssnr: 2
08-04 21:16:47.815 32542 32542 D cellinfo: onsignalStrengthsChanged: 5G-NR Signal Strength info: ssrsrp: -81 ssrsrq: -16 sssinr: -1
08-04 21:16:47.972 32542  7971 D cellinfo: 46 bytes from 54.197.223.49: icmp_seq=54 ttl=43 time=35.3 ms
08-04 21:16:48.181 32542  7971 D cellinfo: 46 bytes from 54.197.223.49: icmp_seq=55 ttl=43 time=42.7 ms
08-04 21:16:48.385 32542 32542 D cellinfo: onsignalStrengthsChanged: LTE Signal Strength info: rsrp: -79 rsrq: -12 rssi: -51 rssnr: 3
08-04 21:16:48.385 32542 32542 D cellinfo: onsignalStrengthsChanged: 5G-NR Signal Strength info: ssrsrp: -81 ssrsrq: -16 sssinr: -1
08-04 21:16:48.391 32542  7971 D cellinfo: 46 bytes from 54.197.223.49: icmp_seq=56 ttl=43 time=53.4 ms
08-04 21:16:48.402 32542 32542 D cellinfo: onCellInfoChanged: Operator: AT&T...1 UpdateTimestamp: 713810254 CellConnectionStatus: 0
08-04 21:16:48.402 32542 32542 D cellinfo: onCellInfoChanged: LTE Cell Bands: [] Bandwidth: 2147483647 Cell ID: 16925193 Physical Cell ID: 154 Tracking Area Code: 1031 EARFCN: 700
08-04 21:16:48.572 32542  7971 D cellinfo: 46 bytes from 54.197.223.49: icmp_seq=57 ttl=43 time=33.8 ms
08-04 21:16:48.781 32542  7971 D cellinfo: 46 bytes from 54.197.223.49: icmp_seq=58 ttl=43 time=40.7 ms
08-04 21:16:48.815 32542 32542 D cellinfo: onsignalStrengthsChanged: LTE Signal Strength info: rsrp: -79 rsrq: -12 rssi: -51 rssnr: 3
08-04 21:16:48.815 32542 32542 D cellinfo: onsignalStrengthsChanged: 5G-NR Signal Strength info: ssrsrp: -81 ssrsrq: -15 sssinr: -1
08-04 21:16:48.985 32542  7971 D cellinfo: 46 bytes from 54.197.223.49: icmp_seq=59 ttl=43 time=45.9 ms
08-04 21:16:49.177 32542  7971 D cellinfo: 46 bytes from 54.197.223.49: icmp_seq=60 ttl=43 time=36.7 ms
08-04 21:16:49.393 32542  7971 D cellinfo: 46 bytes from 54.197.223.49: icmp_seq=61 ttl=43 time=51.3 ms
08-04 21:16:49.585 32542  7971 D cellinfo: 46 bytes from 54.197.223.49: icmp_seq=62 ttl=43 time=42.1 ms
08-04 21:16:49.741 32542 32542 D cellinfo: Latitude is 42.3370176
08-04 21:16:49.741 32542 32542 D cellinfo: Longitude is -71.0869334
08-04 21:16:49.741 32542 32542 D cellinfo: Instantaneous GPS information: United States, 780 Columbus Ave, Boston, MA 02120, USA
08-04 21:16:49.741 32542 32542 D cellinfo: getCurrentLocation() result: Location (success): 42.3370176, -71.0869334
08-04 21:16:49.784 32542  7971 D cellinfo: 46 bytes from 54.197.223.49: icmp_seq=63 ttl=43 time=40.1 ms
08-04 21:16:49.800 32542 32542 D cellinfo: onsignalStrengthsChanged: LTE Signal Strength info: rsrp: -79 rsrq: -12 rssi: -51 rssnr: 3
08-04 21:16:49.800 32542 32542 D cellinfo: onsignalStrengthsChanged: 5G-NR Signal Strength info: ssrsrp: -81 ssrsrq: -15 sssinr: 0
08-04 21:16:49.983 32542  7971 D cellinfo: 46 bytes from 54.197.223.49: icmp_seq=64 ttl=43 time=38.4 ms
08-04 21:16:50.188 32542  7971 D cellinfo: 46 bytes from 54.197.223.49: icmp_seq=65 ttl=43 time=43.0 ms
08-04 21:16:50.390 32542  7971 D cellinfo: 46 bytes from 54.197.223.49: icmp_seq=66 ttl=43 time=44.4 ms
08-04 21:16:50.602 32542  7971 D cellinfo: 46 bytes from 54.197.223.49: icmp_seq=67 ttl=43 time=54.0 ms
08-04 21:16:50.788 32542  7971 D cellinfo: 46 bytes from 54.197.223.49: icmp_seq=68 ttl=43 time=40.6 ms
08-04 21:16:50.814 32542 32542 D cellinfo: onsignalStrengthsChanged: LTE Signal Strength info: rsrp: -79 rsrq: -12 rssi: -51 rssnr: 3
08-04 21:16:50.814 32542 32542 D cellinfo: onsignalStrengthsChanged: 5G-NR Signal Strength info: ssrsrp: -79 ssrsrq: -14 sssinr: 0
08-04 21:16:50.993 32542  7971 D cellinfo: 46 bytes from 54.197.223.49: icmp_seq=69 ttl=43 time=44.7 ms
08-04 21:16:51.202 32542  7971 D cellinfo: 46 bytes from 54.197.223.49: icmp_seq=70 ttl=43 time=52.2 ms
08-04 21:16:51.290 32542 32542 D cellinfo: Latitude is 42.3370176
08-04 21:16:51.290 32542 32542 D cellinfo: Longitude is -71.0869334
08-04 21:16:51.290 32542 32542 D cellinfo: Instantaneous GPS information: United States, 780 Columbus Ave, Boston, MA 02120, USA
08-04 21:16:51.290 32542 32542 D cellinfo: getCurrentLocation() result: Location (success): 42.3370176, -71.0869334
08-04 21:16:51.340 32542 32542 D cellinfo: onCellInfoChanged: Operator: AT&T...1 UpdateTimestamp: 713813199 CellConnectionStatus: 0
08-04 21:16:51.340 32542 32542 D cellinfo: onCellInfoChanged: LTE Cell Bands: [] Bandwidth: 2147483647 Cell ID: 16925193 Physical Cell ID: 154 Tracking Area Code: 1031 EARFCN: 700
08-04 21:16:51.391 32542  7971 D cellinfo: 46 bytes from 54.197.223.49: icmp_seq=71 ttl=43 time=42.2 ms
08-04 21:16:51.593 32542  7971 D cellinfo: 46 bytes from 54.197.223.49: icmp_seq=72 ttl=43 time=42.0 ms
08-04 21:16:51.797 32542  7971 D cellinfo: 46 bytes from 54.197.223.49: icmp_seq=73 ttl=43 time=43.9 ms
08-04 21:16:51.807 32542 32542 D cellinfo: onsignalStrengthsChanged: LTE Signal Strength info: rsrp: -79 rsrq: -12 rssi: -51 rssnr: 3
08-04 21:16:51.807 32542 32542 D cellinfo: onsignalStrengthsChanged: 5G-NR Signal Strength info: ssrsrp: -81 ssrsrq: -14 sssinr: 0
08-04 21:16:52.003 32542  7971 D cellinfo: 46 bytes from 54.197.223.49: icmp_seq=74 ttl=43 time=50.8 ms
08-04 21:16:52.197 32542  7971 D cellinfo: 46 bytes from 54.197.223.49: icmp_seq=75 ttl=43 time=43.6 ms
08-04 21:16:52.503 32542  7971 D cellinfo: 46 bytes from 54.197.223.49: icmp_seq=76 ttl=43 time=149 ms
08-04 21:16:52.597 32542  7971 D cellinfo: 46 bytes from 54.197.223.49: icmp_seq=77 ttl=43 time=40.7 ms
08-04 21:16:52.797 32542  7971 D cellinfo: 46 bytes from 54.197.223.49: icmp_seq=78 ttl=43 time=40.2 ms
08-04 21:16:53.001 32542  7971 D cellinfo: 46 bytes from 54.197.223.49: icmp_seq=79 ttl=43 time=44.7 ms
08-04 21:16:53.201 32542  7971 D cellinfo: 46 bytes from 54.197.223.49: icmp_seq=80 ttl=43 time=45.4 ms
08-04 21:16:53.234 32542 32542 D cellinfo: onsignalStrengthsChanged: LTE Signal Strength info: rsrp: -80 rsrq: -12 rssi: -51 rssnr: 2
08-04 21:16:53.234 32542 32542 D cellinfo: onsignalStrengthsChanged: 5G-NR Signal Strength info: ssrsrp: -81 ssrsrq: -14 sssinr: 0
08-04 21:16:53.400 32542  7971 D cellinfo: 46 bytes from 54.197.223.49: icmp_seq=81 ttl=43 time=44.2 ms
08-04 21:16:53.608 32542  7971 D cellinfo: 46 bytes from 54.197.223.49: icmp_seq=82 ttl=43 time=50.4 ms
08-04 21:16:53.807 32542  7971 D cellinfo: 46 bytes from 54.197.223.49: icmp_seq=83 ttl=43 time=48.6 ms
08-04 21:16:53.820 32542 32542 D cellinfo: onsignalStrengthsChanged: LTE Signal Strength info: rsrp: -80 rsrq: -12 rssi: -51 rssnr: 2
08-04 21:16:53.820 32542 32542 D cellinfo: onsignalStrengthsChanged: 5G-NR Signal Strength info: ssrsrp: -82 ssrsrq: -14 sssinr: 0
08-04 21:16:54.000 32542  7971 D cellinfo: 46 bytes from 54.197.223.49: icmp_seq=84 ttl=43 time=40.8 ms
08-04 21:16:54.199 32542  7971 D cellinfo: 46 bytes from 54.197.223.49: icmp_seq=85 ttl=43 time=40.9 ms
08-04 21:16:54.304 32542 32542 D cellinfo: Latitude is 42.3370176
08-04 21:16:54.304 32542 32542 D cellinfo: Longitude is -71.0869334
08-04 21:16:54.304 32542 32542 D cellinfo: Instantaneous GPS information: United States, 780 Columbus Ave, Boston, MA 02120, USA
08-04 21:16:54.304 32542 32542 D cellinfo: getCurrentLocation() result: Location (success): 42.3370176, -71.0869334
08-04 21:16:54.402 32542 32542 D cellinfo: onCellInfoChanged: Operator: AT&T...1 UpdateTimestamp: 713816260 CellConnectionStatus: 0
08-04 21:16:54.402 32542 32542 D cellinfo: onCellInfoChanged: LTE Cell Bands: [] Bandwidth: 2147483647 Cell ID: 16925193 Physical Cell ID: 154 Tracking Area Code: 1031 EARFCN: 700
08-04 21:16:54.403 32542  7971 D cellinfo: 46 bytes from 54.197.223.49: icmp_seq=86 ttl=43 time=44.0 ms
08-04 21:16:54.605 32542  7971 D cellinfo: 46 bytes from 54.197.223.49: icmp_seq=87 ttl=43 time=42.5 ms
08-04 21:16:54.812 32542 32542 D cellinfo: onsignalStrengthsChanged: LTE Signal Strength info: rsrp: -80 rsrq: -12 rssi: -51 rssnr: 2
08-04 21:16:54.812 32542 32542 D cellinfo: onsignalStrengthsChanged: 5G-NR Signal Strength info: ssrsrp: -79 ssrsrq: -14 sssinr: 0
08-04 21:16:54.817 32542  7971 D cellinfo: 46 bytes from 54.197.223.49: icmp_seq=88 ttl=43 time=52.7 ms
08-04 21:16:55.008 32542  7971 D cellinfo: 46 bytes from 54.197.223.49: icmp_seq=89 ttl=43 time=42.7 ms
08-04 21:16:55.216 32542  7971 D cellinfo: 46 bytes from 54.197.223.49: icmp_seq=90 ttl=43 time=49.0 ms
08-04 21:16:55.405 32542  7971 D cellinfo: 46 bytes from 54.197.223.49: icmp_seq=91 ttl=43 time=37.3 ms
08-04 21:16:55.614 32542  7971 D cellinfo: 46 bytes from 54.197.223.49: icmp_seq=92 ttl=43 time=43.6 ms
08-04 21:16:55.811 32542 32542 D cellinfo: onsignalStrengthsChanged: LTE Signal Strength info: rsrp: -80 rsrq: -12 rssi: -51 rssnr: 2
08-04 21:16:55.811 32542 32542 D cellinfo: onsignalStrengthsChanged: 5G-NR Signal Strength info: ssrsrp: -80 ssrsrq: -14 sssinr: 0
08-04 21:16:55.820 32542  7971 D cellinfo: 46 bytes from 54.197.223.49: icmp_seq=93 ttl=43 time=51.0 ms
08-04 21:16:56.022 32542  7971 D cellinfo: 46 bytes from 54.197.223.49: icmp_seq=94 ttl=43 time=51.9 ms
08-04 21:16:56.215 32542  7971 D cellinfo: 46 bytes from 54.197.223.49: icmp_seq=95 ttl=43 time=44.1 ms
08-04 21:16:56.413 32542  7971 D cellinfo: 46 bytes from 54.197.223.49: icmp_seq=96 ttl=43 time=40.3 ms
08-04 21:16:56.617 32542  7971 D cellinfo: 46 bytes from 54.197.223.49: icmp_seq=97 ttl=43 time=43.3 ms
08-04 21:16:56.817 32542  7971 D cellinfo: 46 bytes from 54.197.223.49: icmp_seq=98 ttl=43 time=43.9 ms
08-04 21:16:57.010 32542  7971 D cellinfo: 46 bytes from 54.197.223.49: icmp_seq=99 ttl=43 time=34.8 ms
08-04 21:16:57.218 32542  7971 D cellinfo: 46 bytes from 54.197.223.49: icmp_seq=100 ttl=43 time=43.6 ms
08-04 21:16:57.290 32542 32542 D cellinfo: Latitude is 42.3370176
08-04 21:16:57.290 32542 32542 D cellinfo: Longitude is -71.0869334
08-04 21:16:57.290 32542 32542 D cellinfo: Instantaneous GPS information: United States, 780 Columbus Ave, Boston, MA 02120, USA
08-04 21:16:57.290 32542 32542 D cellinfo: getCurrentLocation() result: Location (success): 42.3370176, -71.0869334
08-04 21:16:57.347 32542 32542 D cellinfo: onCellInfoChanged: Operator: AT&T...1 UpdateTimestamp: 713819206 CellConnectionStatus: 0
08-04 21:16:57.347 32542 32542 D cellinfo: onCellInfoChanged: LTE Cell Bands: [] Bandwidth: 2147483647 Cell ID: 16925193 Physical Cell ID: 154 Tracking Area Code: 1031 EARFCN: 700
08-04 21:16:57.427 32542  7971 D cellinfo: 46 bytes from 54.197.223.49: icmp_seq=101 ttl=43 time=50.1 ms
08-04 21:16:57.621 32542  7971 D cellinfo: 46 bytes from 54.197.223.49: icmp_seq=102 ttl=43 time=44.3 ms
08-04 21:16:57.717 32542 32542 D cellinfo: onsignalStrengthsChanged: LTE Signal Strength info: rsrp: -80 rsrq: -12 rssi: -51 rssnr: 1
08-04 21:16:57.717 32542 32542 D cellinfo: onsignalStrengthsChanged: 5G-NR Signal Strength info: ssrsrp: -80 ssrsrq: -14 sssinr: 0
08-04 21:16:57.813 32542 32542 D cellinfo: onsignalStrengthsChanged: LTE Signal Strength info: rsrp: -80 rsrq: -12 rssi: -51 rssnr: 1
08-04 21:16:57.813 32542  7971 D cellinfo: 46 bytes from 54.197.223.49: icmp_seq=103 ttl=43 time=35.7 ms
08-04 21:16:57.814 32542 32542 D cellinfo: onsignalStrengthsChanged: 5G-NR Signal Strength info: ssrsrp: -82 ssrsrq: -14 sssinr: 0
08-04 21:16:58.022 32542  7971 D cellinfo: 46 bytes from 54.197.223.49: icmp_seq=104 ttl=43 time=43.1 ms
08-04 21:16:58.222 32542  7971 D cellinfo: 46 bytes from 54.197.223.49: icmp_seq=105 ttl=43 time=42.2 ms
08-04 21:16:58.427 32542  7971 D cellinfo: 46 bytes from 54.197.223.49: icmp_seq=106 ttl=43 time=44.5 ms
08-04 21:16:58.630 32542  7971 D cellinfo: 46 bytes from 54.197.223.49: icmp_seq=107 ttl=43 time=45.5 ms
08-04 21:16:58.828 32542  7971 D cellinfo: 46 bytes from 54.197.223.49: icmp_seq=108 ttl=43 time=42.1 ms
08-04 21:16:59.026 32542  7971 D cellinfo: 46 bytes from 54.197.223.49: icmp_seq=109 ttl=43 time=40.9 ms
08-04 21:16:59.225 32542  7971 D cellinfo: 46 bytes from 54.197.223.49: icmp_seq=110 ttl=43 time=39.9 ms
08-04 21:16:59.434 32542  7971 D cellinfo: 46 bytes from 54.197.223.49: icmp_seq=111 ttl=43 time=49.3 ms
08-04 21:16:59.636 32542  7971 D cellinfo: 46 bytes from 54.197.223.49: icmp_seq=112 ttl=43 time=50.1 ms
08-04 21:16:59.829 32542  7971 D cellinfo: 46 bytes from 54.197.223.49: icmp_seq=113 ttl=43 time=41.1 ms
08-04 21:17:00.030 32542  7971 D cellinfo: 46 bytes from 54.197.223.49: icmp_seq=114 ttl=43 time=41.0 ms
08-04 21:17:00.234 32542  7971 D cellinfo: 46 bytes from 54.197.223.49: icmp_seq=115 ttl=43 time=46.3 ms
08-04 21:17:00.377 32542 32542 D cellinfo: onCellInfoChanged: Operator: AT&T...1 UpdateTimestamp: 713822237 CellConnectionStatus: 0
08-04 21:17:00.377 32542 32542 D cellinfo: onCellInfoChanged: LTE Cell Bands: [] Bandwidth: 2147483647 Cell ID: 16925193 Physical Cell ID: 154 Tracking Area Code: 1031 EARFCN: 700
08-04 21:17:00.455 32542  7971 D cellinfo: 46 bytes from 54.197.223.49: icmp_seq=116 ttl=43 time=66.3 ms
08-04 21:17:00.627 32542  7971 D cellinfo: 46 bytes from 54.197.223.49: icmp_seq=117 ttl=43 time=36.4 ms
08-04 21:17:00.814 32542 32542 D cellinfo: onsignalStrengthsChanged: LTE Signal Strength info: rsrp: -80 rsrq: -12 rssi: -51 rssnr: 1
08-04 21:17:00.814 32542 32542 D cellinfo: onsignalStrengthsChanged: 5G-NR Signal Strength info: ssrsrp: -81 ssrsrq: -14 sssinr: 0
08-04 21:17:00.832 32542  7971 D cellinfo: 46 bytes from 54.197.223.49: icmp_seq=118 ttl=43 time=41.5 ms
08-04 21:17:01.033 32542  7971 D cellinfo: 46 bytes from 54.197.223.49: icmp_seq=119 ttl=43 time=41.8 ms
08-04 21:17:01.231 32542  7971 D cellinfo: 46 bytes from 54.197.223.49: icmp_seq=120 ttl=43 time=40.6 ms
08-04 21:17:01.437 32542  7971 D cellinfo: 46 bytes from 54.197.223.49: icmp_seq=121 ttl=43 time=44.3 ms
08-04 21:17:01.630 32542  7971 D cellinfo: 46 bytes from 54.197.223.49: icmp_seq=122 ttl=43 time=35.1 ms
08-04 21:17:01.688 32542 32542 D cellinfo: Latitude is 42.3371364
08-04 21:17:01.688 32542 32542 D cellinfo: Longitude is -71.086771
08-04 21:17:01.688 32542 32542 D cellinfo: Instantaneous GPS information: United States, 776 Columbus Ave, Boston, MA 02120, USA
08-04 21:17:01.688 32542 32542 D cellinfo: getCurrentLocation() result: Location (success): 42.3371364, -71.086771
08-04 21:17:01.810 32542 32542 D cellinfo: onsignalStrengthsChanged: LTE Signal Strength info: rsrp: -80 rsrq: -12 rssi: -51 rssnr: 1
08-04 21:17:01.810 32542 32542 D cellinfo: onsignalStrengthsChanged: 5G-NR Signal Strength info: ssrsrp: -82 ssrsrq: -14 sssinr: 0
08-04 21:17:01.829 32542  7971 D cellinfo: 46 bytes from 54.197.223.49: icmp_seq=123 ttl=43 time=33.8 ms
08-04 21:17:02.041 32542  7971 D cellinfo: 46 bytes from 54.197.223.49: icmp_seq=124 ttl=43 time=43.3 ms
08-04 21:17:02.241 32542  7971 D cellinfo: 46 bytes from 54.197.223.49: icmp_seq=125 ttl=43 time=43.9 ms
08-04 21:17:02.440 32542  7971 D cellinfo: 46 bytes from 54.197.223.49: icmp_seq=126 ttl=43 time=41.1 ms
08-04 21:17:02.641 32542  7971 D cellinfo: 46 bytes from 54.197.223.49: icmp_seq=127 ttl=43 time=40.1 ms
08-04 21:17:02.813 32542 32542 D cellinfo: onsignalStrengthsChanged: LTE Signal Strength info: rsrp: -80 rsrq: -12 rssi: -51 rssnr: 1
08-04 21:17:02.813 32542 32542 D cellinfo: onsignalStrengthsChanged: 5G-NR Signal Strength info: ssrsrp: -80 ssrsrq: -14 sssinr: 1
08-04 21:17:02.836 32542  7971 D cellinfo: 46 bytes from 54.197.223.49: icmp_seq=128 ttl=43 time=35.1 ms
08-04 21:17:03.045 32542  7971 D cellinfo: 46 bytes from 54.197.223.49: icmp_seq=129 ttl=43 time=41.9 ms
08-04 21:17:03.244 32542  7971 D cellinfo: 46 bytes from 54.197.223.49: icmp_seq=130 ttl=43 time=41.3 ms
08-04 21:17:03.302 32542 32542 D cellinfo: Latitude is 42.3371364
08-04 21:17:03.302 32542 32542 D cellinfo: Longitude is -71.086771
08-04 21:17:03.302 32542 32542 D cellinfo: Instantaneous GPS information: United States, 776 Columbus Ave, Boston, MA 02120, USA
08-04 21:17:03.302 32542 32542 D cellinfo: getCurrentLocation() result: Location (success): 42.3371364, -71.086771
08-04 21:17:03.355 32542 32542 D cellinfo: onsignalStrengthsChanged: LTE Signal Strength info: rsrp: -80 rsrq: -12 rssi: -51 rssnr: 0
08-04 21:17:03.355 32542 32542 D cellinfo: onsignalStrengthsChanged: 5G-NR Signal Strength info: ssrsrp: -80 ssrsrq: -14 sssinr: 1
08-04 21:17:03.369 32542 32542 D cellinfo: onCellInfoChanged: Operator: AT&T...1 UpdateTimestamp: 713825226 CellConnectionStatus: 0
08-04 21:17:03.370 32542 32542 D cellinfo: onCellInfoChanged: LTE Cell Bands: [] Bandwidth: 2147483647 Cell ID: 16925193 Physical Cell ID: 154 Tracking Area Code: 1031 EARFCN: 700
08-04 21:17:03.442 32542  7971 D cellinfo: 46 bytes from 54.197.223.49: icmp_seq=131 ttl=43 time=37.4 ms
08-04 21:17:03.648 32542  7971 D cellinfo: 46 bytes from 54.197.223.49: icmp_seq=132 ttl=43 time=44.2 ms
08-04 21:17:03.847 32542  7971 D cellinfo: 46 bytes from 54.197.223.49: icmp_seq=133 ttl=43 time=42.3 ms
08-04 21:17:04.044 32542  7971 D cellinfo: 46 bytes from 54.197.223.49: icmp_seq=134 ttl=43 time=37.1 ms
08-04 21:17:04.253 32542  7971 D cellinfo: 46 bytes from 54.197.223.49: icmp_seq=135 ttl=43 time=42.2 ms
08-04 21:17:04.424 32542 32542 D cellinfo: onsignalStrengthsChanged: LTE Signal Strength info: rsrp: -80 rsrq: -12 rssi: -51 rssnr: 1
08-04 21:17:04.424 32542 32542 D cellinfo: onsignalStrengthsChanged: 5G-NR Signal Strength info: ssrsrp: -80 ssrsrq: -14 sssinr: 1
08-04 21:17:04.453 32542  7971 D cellinfo: 46 bytes from 54.197.223.49: icmp_seq=136 ttl=43 time=42.8 ms
08-04 21:17:04.653 32542  7971 D cellinfo: 46 bytes from 54.197.223.49: icmp_seq=137 ttl=43 time=41.1 ms
08-04 21:17:04.813 32542 32542 D cellinfo: onsignalStrengthsChanged: LTE Signal Strength info: rsrp: -80 rsrq: -12 rssi: -51 rssnr: 1
08-04 21:17:04.813 32542 32542 D cellinfo: onsignalStrengthsChanged: 5G-NR Signal Strength info: ssrsrp: -80 ssrsrq: -14 sssinr: 0
08-04 21:17:04.848 32542  7971 D cellinfo: 46 bytes from 54.197.223.49: icmp_seq=138 ttl=43 time=36.2 ms
08-04 21:17:05.057 32542  7971 D cellinfo: 46 bytes from 54.197.223.49: icmp_seq=139 ttl=43 time=41.8 ms
08-04 21:17:05.257 32542  7971 D cellinfo: 46 bytes from 54.197.223.49: icmp_seq=140 ttl=43 time=41.3 ms
08-04 21:17:05.458 32542  7971 D cellinfo: 46 bytes from 54.197.223.49: icmp_seq=141 ttl=43 time=41.6 ms
08-04 21:17:05.660 32542  7971 D cellinfo: 46 bytes from 54.197.223.49: icmp_seq=142 ttl=43 time=44.4 ms
08-04 21:17:05.869 32542  7971 D cellinfo: 46 bytes from 54.197.223.49: icmp_seq=143 ttl=43 time=52.6 ms
08-04 21:17:06.061 32542  7971 D cellinfo: 46 bytes from 54.197.223.49: icmp_seq=144 ttl=43 time=43.9 ms
08-04 21:17:06.260 32542  7971 D cellinfo: 46 bytes from 54.197.223.49: icmp_seq=145 ttl=43 time=43.5 ms
08-04 21:17:06.294 32542 32542 D cellinfo: Latitude is 42.3371364
08-04 21:17:06.294 32542 32542 D cellinfo: Longitude is -71.086771
08-04 21:17:06.294 32542 32542 D cellinfo: Instantaneous GPS information: United States, 776 Columbus Ave, Boston, MA 02120, USA
08-04 21:17:06.294 32542 32542 D cellinfo: getCurrentLocation() result: Location (success): 42.3371364, -71.086771
08-04 21:17:06.387 32542 32542 D cellinfo: onCellInfoChanged: Operator: AT&T...1 UpdateTimestamp: 713828249 CellConnectionStatus: 0
08-04 21:17:06.387 32542 32542 D cellinfo: onCellInfoChanged: LTE Cell Bands: [] Bandwidth: 2147483647 Cell ID: 16925193 Physical Cell ID: 154 Tracking Area Code: 1031 EARFCN: 700
08-04 21:17:06.451 32542  7971 D cellinfo: 46 bytes from 54.197.223.49: icmp_seq=146 ttl=43 time=33.3 ms
08-04 21:17:06.662 32542  7971 D cellinfo: 46 bytes from 54.197.223.49: icmp_seq=147 ttl=43 time=43.2 ms
08-04 21:17:06.864 32542  7971 D cellinfo: 46 bytes from 54.197.223.49: icmp_seq=148 ttl=43 time=43.0 ms
08-04 21:17:07.066 32542  7971 D cellinfo: 46 bytes from 54.197.223.49: icmp_seq=149 ttl=43 time=42.5 ms
08-04 21:17:07.270 32542  7971 D cellinfo: 46 bytes from 54.197.223.49: icmp_seq=150 ttl=43 time=44.6 ms
08-04 21:17:07.469 32542  7971 D cellinfo: 46 bytes from 54.197.223.49: icmp_seq=151 ttl=43 time=42.0 ms
08-04 21:17:07.669 32542  7971 D cellinfo: 46 bytes from 54.197.223.49: icmp_seq=152 ttl=43 time=40.3 ms
08-04 21:17:07.873 32542  7971 D cellinfo: 46 bytes from 54.197.223.49: icmp_seq=153 ttl=43 time=44.7 ms
08-04 21:17:08.073 32542  7971 D cellinfo: 46 bytes from 54.197.223.49: icmp_seq=154 ttl=43 time=42.2 ms
08-04 21:17:08.273 32542  7971 D cellinfo: 46 bytes from 54.197.223.49: icmp_seq=155 ttl=43 time=41.6 ms
08-04 21:17:08.473 32542  7971 D cellinfo: 46 bytes from 54.197.223.49: icmp_seq=156 ttl=43 time=41.7 ms
08-04 21:17:08.673 32542  7971 D cellinfo: 46 bytes from 54.197.223.49: icmp_seq=157 ttl=43 time=40.8 ms
08-04 21:17:08.884 32542  7971 D cellinfo: 46 bytes from 54.197.223.49: icmp_seq=158 ttl=43 time=49.8 ms
08-04 21:17:08.912 32542 32542 D cellinfo: onsignalStrengthsChanged: LTE Signal Strength info: rsrp: -80 rsrq: -12 rssi: -51 rssnr: 2
08-04 21:17:08.912 32542 32542 D cellinfo: onsignalStrengthsChanged: 5G-NR Signal Strength info: ssrsrp: -80 ssrsrq: -14 sssinr: 0
08-04 21:17:09.073 32542  7971 D cellinfo: 46 bytes from 54.197.223.49: icmp_seq=159 ttl=43 time=37.7 ms
08-04 21:17:09.283 32542  7971 D cellinfo: 46 bytes from 54.197.223.49: icmp_seq=160 ttl=43 time=43.4 ms
08-04 21:17:09.304 32542 32542 D cellinfo: Latitude is 42.3371364
08-04 21:17:09.304 32542 32542 D cellinfo: Longitude is -71.086771
08-04 21:17:09.304 32542 32542 D cellinfo: Instantaneous GPS information: United States, 776 Columbus Ave, Boston, MA 02120, USA
08-04 21:17:09.304 32542 32542 D cellinfo: getCurrentLocation() result: Location (success): 42.3371364, -71.086771
08-04 21:17:09.414 32542 32542 D cellinfo: onCellInfoChanged: Operator: AT&T...1 UpdateTimestamp: 713831261 CellConnectionStatus: 0
08-04 21:17:09.414 32542 32542 D cellinfo: onCellInfoChanged: LTE Cell Bands: [] Bandwidth: 2147483647 Cell ID: 16925193 Physical Cell ID: 154 Tracking Area Code: 1031 EARFCN: 700
08-04 21:17:09.480 32542  7971 D cellinfo: 46 bytes from 54.197.223.49: icmp_seq=161 ttl=43 time=42.3 ms
08-04 21:17:09.680 32542  7971 D cellinfo: 46 bytes from 54.197.223.49: icmp_seq=162 ttl=43 time=41.3 ms
08-04 21:17:09.809 32542 32542 D cellinfo: onsignalStrengthsChanged: LTE Signal Strength info: rsrp: -80 rsrq: -12 rssi: -51 rssnr: 2
08-04 21:17:09.809 32542 32542 D cellinfo: onsignalStrengthsChanged: 5G-NR Signal Strength info: ssrsrp: -80 ssrsrq: -14 sssinr: -1
08-04 21:17:09.886 32542  7971 D cellinfo: 46 bytes from 54.197.223.49: icmp_seq=163 ttl=43 time=44.5 ms
08-04 21:17:10.092 32542  7971 D cellinfo: 46 bytes from 54.197.223.49: icmp_seq=164 ttl=43 time=50.3 ms
08-04 21:17:10.285 32542  7971 D cellinfo: 46 bytes from 54.197.223.49: icmp_seq=165 ttl=43 time=41.6 ms
08-04 21:17:10.486 32542  7971 D cellinfo: 46 bytes from 54.197.223.49: icmp_seq=166 ttl=43 time=42.5 ms
08-04 21:17:10.685 32542  7971 D cellinfo: 46 bytes from 54.197.223.49: icmp_seq=167 ttl=43 time=40.2 ms
08-04 21:17:10.814 32542 32542 D cellinfo: onsignalStrengthsChanged: LTE Signal Strength info: rsrp: -80 rsrq: -12 rssi: -51 rssnr: 2
08-04 21:17:10.814 32542 32542 D cellinfo: onsignalStrengthsChanged: 5G-NR Signal Strength info: ssrsrp: -80 ssrsrq: -14 sssinr: 0
08-04 21:17:10.889 32542  7971 D cellinfo: 46 bytes from 54.197.223.49: icmp_seq=168 ttl=43 time=44.6 ms
08-04 21:17:11.085 32542  7971 D cellinfo: 46 bytes from 54.197.223.49: icmp_seq=169 ttl=43 time=38.7 ms
08-04 21:17:11.288 32542  7971 D cellinfo: 46 bytes from 54.197.223.49: icmp_seq=170 ttl=43 time=42.5 ms
08-04 21:17:11.488 32542  7971 D cellinfo: 46 bytes from 54.197.223.49: icmp_seq=171 ttl=43 time=42.0 ms
08-04 21:17:11.687 32542  7971 D cellinfo: 46 bytes from 54.197.223.49: icmp_seq=172 ttl=43 time=40.7 ms
08-04 21:17:11.884 32542  7971 D cellinfo: 46 bytes from 54.197.223.49: icmp_seq=173 ttl=43 time=36.2 ms
08-04 21:17:12.091 32542  7971 D cellinfo: 46 bytes from 54.197.223.49: icmp_seq=174 ttl=43 time=43.2 ms
08-04 21:17:12.291 32542  7971 D cellinfo: 46 bytes from 54.197.223.49: icmp_seq=175 ttl=43 time=41.2 ms
08-04 21:17:12.380 32542 32542 D cellinfo: onCellInfoChanged: Operator: AT&T...1 UpdateTimestamp: 713834241 CellConnectionStatus: 0
08-04 21:17:12.380 32542 32542 D cellinfo: onCellInfoChanged: LTE Cell Bands: [] Bandwidth: 2147483647 Cell ID: 16925193 Physical Cell ID: 154 Tracking Area Code: 1031 EARFCN: 700
08-04 21:17:12.497 32542  7971 D cellinfo: 46 bytes from 54.197.223.49: icmp_seq=176 ttl=43 time=44.6 ms
08-04 21:17:12.688 32542  7971 D cellinfo: 46 bytes from 54.197.223.49: icmp_seq=177 ttl=43 time=35.6 ms
08-04 21:17:12.897 32542  7971 D cellinfo: 46 bytes from 54.197.223.49: icmp_seq=178 ttl=43 time=42.4 ms
08-04 21:17:13.098 32542  7971 D cellinfo: 46 bytes from 54.197.223.49: icmp_seq=179 ttl=43 time=42.3 ms
08-04 21:17:13.300 32542  7971 D cellinfo: 46 bytes from 54.197.223.49: icmp_seq=180 ttl=43 time=43.9 ms
08-04 21:17:13.492 32542  7971 D cellinfo: 46 bytes from 54.197.223.49: icmp_seq=181 ttl=43 time=36.3 ms
08-04 21:17:13.694 32542  7971 D cellinfo: 46 bytes from 54.197.223.49: icmp_seq=182 ttl=43 time=34.3 ms
08-04 21:17:13.730 32542 32542 D cellinfo: Latitude is 42.3370597
08-04 21:17:13.731 32542 32542 D cellinfo: Longitude is -71.0868309
08-04 21:17:13.731 32542 32542 D cellinfo: Instantaneous GPS information: United States, 809 Columbus Ave, Boston, MA 02118, USA
08-04 21:17:13.731 32542 32542 D cellinfo: getCurrentLocation() result: Location (success): 42.3370597, -71.0868309
08-04 21:17:13.905 32542  7971 D cellinfo: 46 bytes from 54.197.223.49: icmp_seq=183 ttl=43 time=46.6 ms
08-04 21:17:14.101 32542  7971 D cellinfo: 46 bytes from 54.197.223.49: icmp_seq=184 ttl=43 time=40.2 ms
08-04 21:17:14.298 32542  7971 D cellinfo: 46 bytes from 54.197.223.49: icmp_seq=185 ttl=43 time=36.1 ms
08-04 21:17:14.505 32542  7971 D cellinfo: 46 bytes from 54.197.223.49: icmp_seq=186 ttl=43 time=43.7 ms
08-04 21:17:14.704 32542  7971 D cellinfo: 46 bytes from 54.197.223.49: icmp_seq=187 ttl=43 time=42.6 ms
08-04 21:17:14.817 32542 32542 D cellinfo: onsignalStrengthsChanged: LTE Signal Strength info: rsrp: -80 rsrq: -12 rssi: -51 rssnr: 2
08-04 21:17:14.817 32542 32542 D cellinfo: onsignalStrengthsChanged: 5G-NR Signal Strength info: ssrsrp: -81 ssrsrq: -14 sssinr: 0
08-04 21:17:14.914 32542  7971 D cellinfo: 46 bytes from 54.197.223.49: icmp_seq=188 ttl=43 time=50.3 ms
08-04 21:17:15.107 32542  7971 D cellinfo: 46 bytes from 54.197.223.49: icmp_seq=189 ttl=43 time=43.5 ms
08-04 21:17:15.292 32542 32542 D cellinfo: Latitude is 42.3370597
08-04 21:17:15.292 32542 32542 D cellinfo: Longitude is -71.0868309
08-04 21:17:15.292 32542 32542 D cellinfo: Instantaneous GPS information: United States, 809 Columbus Ave, Boston, MA 02118, USA
08-04 21:17:15.292 32542 32542 D cellinfo: getCurrentLocation() result: Location (success): 42.3370597, -71.0868309
08-04 21:17:15.309 32542  7971 D cellinfo: 46 bytes from 54.197.223.49: icmp_seq=190 ttl=43 time=42.8 ms
08-04 21:17:15.393 32542 32542 D cellinfo: onCellInfoChanged: Operator: AT&T...1 UpdateTimestamp: 713837253 CellConnectionStatus: 0
08-04 21:17:15.393 32542 32542 D cellinfo: onCellInfoChanged: LTE Cell Bands: [] Bandwidth: 2147483647 Cell ID: 16925193 Physical Cell ID: 154 Tracking Area Code: 1031 EARFCN: 700
08-04 21:17:15.509 32542  7971 D cellinfo: 46 bytes from 54.197.223.49: icmp_seq=191 ttl=43 time=42.1 ms
08-04 21:17:15.708 32542  7971 D cellinfo: 46 bytes from 54.197.223.49: icmp_seq=192 ttl=43 time=41.5 ms
08-04 21:17:15.806 32542 32542 D cellinfo: onsignalStrengthsChanged: LTE Signal Strength info: rsrp: -80 rsrq: -12 rssi: -51 rssnr: 2
08-04 21:17:15.806 32542 32542 D cellinfo: onsignalStrengthsChanged: 5G-NR Signal Strength info: ssrsrp: -80 ssrsrq: -14 sssinr: -1
08-04 21:17:15.909 32542  7971 D cellinfo: 46 bytes from 54.197.223.49: icmp_seq=193 ttl=43 time=41.0 ms
08-04 21:17:16.117 32542  7971 D cellinfo: 46 bytes from 54.197.223.49: icmp_seq=194 ttl=43 time=47.8 ms
08-04 21:17:16.313 32542  7971 D cellinfo: 46 bytes from 54.197.223.49: icmp_seq=195 ttl=43 time=41.1 ms
08-04 21:17:16.513 32542  7971 D cellinfo: 46 bytes from 54.197.223.49: icmp_seq=196 ttl=43 time=40.3 ms
08-04 21:17:16.718 32542  7971 D cellinfo: 46 bytes from 54.197.223.49: icmp_seq=197 ttl=43 time=45.7 ms
08-04 21:17:16.807 32542 32542 D cellinfo: onsignalStrengthsChanged: LTE Signal Strength info: rsrp: -80 rsrq: -12 rssi: -51 rssnr: 2
08-04 21:17:16.807 32542 32542 D cellinfo: onsignalStrengthsChanged: 5G-NR Signal Strength info: ssrsrp: -79 ssrsrq: -14 sssinr: 0
08-04 21:17:16.916 32542  7971 D cellinfo: 46 bytes from 54.197.223.49: icmp_seq=198 ttl=43 time=43.1 ms
08-04 21:17:17.116 32542  7971 D cellinfo: 46 bytes from 54.197.223.49: icmp_seq=199 ttl=43 time=42.3 ms
08-04 21:17:17.316 32542  7971 D cellinfo: 46 bytes from 54.197.223.49: icmp_seq=200 ttl=43 time=43.1 ms
08-04 21:17:17.517 32542  7971 D cellinfo: 46 bytes from 54.197.223.49: icmp_seq=201 ttl=43 time=42.9 ms
08-04 21:17:17.717 32542  7971 D cellinfo: 46 bytes from 54.197.223.49: icmp_seq=202 ttl=43 time=41.1 ms
08-04 21:17:17.814 32542 32542 D cellinfo: onsignalStrengthsChanged: LTE Signal Strength info: rsrp: -80 rsrq: -12 rssi: -51 rssnr: 2
08-04 21:17:17.814 32542 32542 D cellinfo: onsignalStrengthsChanged: 5G-NR Signal Strength info: ssrsrp: -79 ssrsrq: -14 sssinr: 1
08-04 21:17:17.920 32542  7971 D cellinfo: 46 bytes from 54.197.223.49: icmp_seq=203 ttl=43 time=44.2 ms
08-04 21:17:18.119 32542  7971 D cellinfo: 46 bytes from 54.197.223.49: icmp_seq=204 ttl=43 time=41.8 ms
08-04 21:17:18.304 32542 32542 D cellinfo: Latitude is 42.3370597
08-04 21:17:18.304 32542 32542 D cellinfo: Longitude is -71.0868309
08-04 21:17:18.304 32542 32542 D cellinfo: Instantaneous GPS information: United States, 809 Columbus Ave, Boston, MA 02118, USA
08-04 21:17:18.304 32542 32542 D cellinfo: getCurrentLocation() result: Location (success): 42.3370597, -71.0868309
08-04 21:17:18.319 32542  7971 D cellinfo: 46 bytes from 54.197.223.49: icmp_seq=205 ttl=43 time=39.8 ms
08-04 21:17:18.366 32542 32542 D cellinfo: onCellInfoChanged: Operator: AT&T...1 UpdateTimestamp: 713840223 CellConnectionStatus: 0
08-04 21:17:18.366 32542 32542 D cellinfo: onCellInfoChanged: LTE Cell Bands: [] Bandwidth: 2147483647 Cell ID: 16925193 Physical Cell ID: 154 Tracking Area Code: 1031 EARFCN: 700
08-04 21:17:18.526 32542  7971 D cellinfo: 46 bytes from 54.197.223.49: icmp_seq=206 ttl=43 time=44.0 ms
08-04 21:17:18.727 32542  7971 D cellinfo: 46 bytes from 54.197.223.49: icmp_seq=207 ttl=43 time=44.4 ms
08-04 21:17:18.813 32542 32542 D cellinfo: onsignalStrengthsChanged: LTE Signal Strength info: rsrp: -80 rsrq: -12 rssi: -51 rssnr: 2
08-04 21:17:18.813 32542 32542 D cellinfo: onsignalStrengthsChanged: 5G-NR Signal Strength info: ssrsrp: -79 ssrsrq: -13 sssinr: 1
08-04 21:17:18.928 32542  7971 D cellinfo: 46 bytes from 54.197.223.49: icmp_seq=208 ttl=43 time=44.6 ms
08-04 21:17:19.125 32542  7971 D cellinfo: 46 bytes from 54.197.223.49: icmp_seq=209 ttl=43 time=41.6 ms
08-04 21:17:19.341 32542  7971 D cellinfo: 46 bytes from 54.197.223.49: icmp_seq=210 ttl=43 time=57.2 ms
08-04 21:17:19.533 32542  7971 D cellinfo: 46 bytes from 54.197.223.49: icmp_seq=211 ttl=43 time=49.2 ms
08-04 21:17:19.725 32542  7971 D cellinfo: 46 bytes from 54.197.223.49: icmp_seq=212 ttl=43 time=39.2 ms
08-04 21:17:19.813 32542 32542 D cellinfo: onsignalStrengthsChanged: LTE Signal Strength info: rsrp: -80 rsrq: -12 rssi: -51 rssnr: 2
08-04 21:17:19.813 32542 32542 D cellinfo: onsignalStrengthsChanged: 5G-NR Signal Strength info: ssrsrp: -80 ssrsrq: -14 sssinr: 1
08-04 21:17:19.930 32542  7971 D cellinfo: 46 bytes from 54.197.223.49: icmp_seq=213 ttl=43 time=43.9 ms
08-04 21:17:20.130 32542  7971 D cellinfo: 46 bytes from 54.197.223.49: icmp_seq=214 ttl=43 time=41.9 ms
08-04 21:17:20.342 32542  7971 D cellinfo: 46 bytes from 54.197.223.49: icmp_seq=215 ttl=43 time=52.5 ms
08-04 21:17:20.526 32542  7971 D cellinfo: 46 bytes from 54.197.223.49: icmp_seq=216 ttl=43 time=34.8 ms
08-04 21:17:20.734 32542  7971 D cellinfo: 46 bytes from 54.197.223.49: icmp_seq=217 ttl=43 time=42.8 ms
08-04 21:17:20.812 32542 32542 D cellinfo: onsignalStrengthsChanged: LTE Signal Strength info: rsrp: -80 rsrq: -12 rssi: -51 rssnr: 2
08-04 21:17:20.812 32542 32542 D cellinfo: onsignalStrengthsChanged: 5G-NR Signal Strength info: ssrsrp: -80 ssrsrq: -13 sssinr: 2
08-04 21:17:20.933 32542  7971 D cellinfo: 46 bytes from 54.197.223.49: icmp_seq=218 ttl=43 time=42.1 ms
08-04 21:17:21.133 32542  7971 D cellinfo: 46 bytes from 54.197.223.49: icmp_seq=219 ttl=43 time=40.7 ms
08-04 21:17:21.296 32542 32542 D cellinfo: Latitude is 42.3370597
08-04 21:17:21.296 32542 32542 D cellinfo: Longitude is -71.0868309
08-04 21:17:21.296 32542 32542 D cellinfo: Instantaneous GPS information: United States, 809 Columbus Ave, Boston, MA 02118, USA
08-04 21:17:21.296 32542 32542 D cellinfo: getCurrentLocation() result: Location (success): 42.3370597, -71.0868309
08-04 21:17:21.328 32542  7971 D cellinfo: 46 bytes from 54.197.223.49: icmp_seq=220 ttl=43 time=34.2 ms
08-04 21:17:21.400 32542 32542 D cellinfo: onCellInfoChanged: Operator: AT&T...1 UpdateTimestamp: 713843251 CellConnectionStatus: 0
08-04 21:17:21.400 32542 32542 D cellinfo: onCellInfoChanged: LTE Cell Bands: [] Bandwidth: 2147483647 Cell ID: 16925193 Physical Cell ID: 154 Tracking Area Code: 1031 EARFCN: 700
08-04 21:17:21.535 32542  7971 D cellinfo: 46 bytes from 54.197.223.49: icmp_seq=221 ttl=43 time=41.4 ms
08-04 21:17:21.736 32542  7971 D cellinfo: 46 bytes from 54.197.223.49: icmp_seq=222 ttl=43 time=41.3 ms
08-04 21:17:21.805 32542 32542 D cellinfo: onsignalStrengthsChanged: LTE Signal Strength info: rsrp: -80 rsrq: -12 rssi: -51 rssnr: 2
08-04 21:17:21.805 32542 32542 D cellinfo: onsignalStrengthsChanged: 5G-NR Signal Strength info: ssrsrp: -80 ssrsrq: -14 sssinr: 0
08-04 21:17:21.941 32542  7971 D cellinfo: 46 bytes from 54.197.223.49: icmp_seq=223 ttl=43 time=43.2 ms
08-04 21:17:22.132 32542  7971 D cellinfo: 46 bytes from 54.197.223.49: icmp_seq=224 ttl=43 time=33.7 ms
08-04 21:17:22.343 32542  7971 D cellinfo: 46 bytes from 54.197.223.49: icmp_seq=225 ttl=43 time=42.3 ms
08-04 21:17:22.362 32542 32542 D cellinfo: onsignalStrengthsChanged: LTE Signal Strength info: rsrp: -81 rsrq: -12 rssi: -51 rssnr: 2
08-04 21:17:22.362 32542 32542 D cellinfo: onsignalStrengthsChanged: 5G-NR Signal Strength info: ssrsrp: -80 ssrsrq: -14 sssinr: 0
08-04 21:17:22.549 32542  7971 D cellinfo: 46 bytes from 54.197.223.49: icmp_seq=226 ttl=43 time=48.2 ms
08-04 21:17:22.746 32542  7971 D cellinfo: 46 bytes from 54.197.223.49: icmp_seq=227 ttl=43 time=45.6 ms
08-04 21:17:22.811 32542 32542 D cellinfo: onsignalStrengthsChanged: LTE Signal Strength info: rsrp: -81 rsrq: -12 rssi: -51 rssnr: 2
08-04 21:17:22.811 32542 32542 D cellinfo: onsignalStrengthsChanged: 5G-NR Signal Strength info: ssrsrp: -80 ssrsrq: -14 sssinr: 1
08-04 21:17:22.938 32542  7971 D cellinfo: 46 bytes from 54.197.223.49: icmp_seq=228 ttl=43 time=35.2 ms
08-04 21:17:23.147 32542  7971 D cellinfo: 46 bytes from 54.197.223.49: icmp_seq=229 ttl=43 time=44.3 ms
08-04 21:17:23.350 32542  7971 D cellinfo: 46 bytes from 54.197.223.49: icmp_seq=230 ttl=43 time=45.9 ms
08-04 21:17:23.548 32542  7971 D cellinfo: 46 bytes from 54.197.223.49: icmp_seq=231 ttl=43 time=42.9 ms
08-04 21:17:23.754 32542  7971 D cellinfo: 46 bytes from 54.197.223.49: icmp_seq=232 ttl=43 time=44.8 ms
08-04 21:17:23.811 32542 32542 D cellinfo: onsignalStrengthsChanged: LTE Signal Strength info: rsrp: -81 rsrq: -12 rssi: -51 rssnr: 2
08-04 21:17:23.811 32542 32542 D cellinfo: onsignalStrengthsChanged: 5G-NR Signal Strength info: ssrsrp: -80 ssrsrq: -14 sssinr: 0
08-04 21:17:23.955 32542  7971 D cellinfo: 46 bytes from 54.197.223.49: icmp_seq=233 ttl=43 time=44.8 ms
08-04 21:17:24.154 32542  7971 D cellinfo: 46 bytes from 54.197.223.49: icmp_seq=234 ttl=43 time=43.3 ms
08-04 21:17:24.351 32542  7971 D cellinfo: 46 bytes from 54.197.223.49: icmp_seq=235 ttl=43 time=41.0 ms
08-04 21:17:24.392 32542 32542 D cellinfo: onCellInfoChanged: Operator: AT&T...1 UpdateTimestamp: 713846247 CellConnectionStatus: 0
08-04 21:17:24.392 32542 32542 D cellinfo: onCellInfoChanged: LTE Cell Bands: [] Bandwidth: 2147483647 Cell ID: 16925193 Physical Cell ID: 154 Tracking Area Code: 1031 EARFCN: 700
