08-04 21:18:56.433 32542 32542 D cellinfo: onsignalStrengthsChanged: 5G-NR Signal Strength info: ssrsrp: -79 ssrsrq: -15 sssinr: -2
08-04 21:18:56.616 32542  7971 D cellinfo: 46 bytes from 54.197.223.49: icmp_seq=694 ttl=43 time=41.3 ms
08-04 21:18:56.814 32542 32542 D cellinfo: onsignalStrengthsChanged: LTE Signal Strength info: rsrp: -84 rsrq: -12 rssi: -51 rssnr: 1
08-04 21:18:56.814 32542 32542 D cellinfo: onsignalStrengthsChanged: 5G-NR Signal Strength info: ssrsrp: -79 ssrsrq: -15 sssinr: -1
08-04 21:18:56.821 32542  7971 D cellinfo: 46 bytes from 54.197.223.49: icmp_seq=695 ttl=43 time=45.9 ms
08-04 21:18:57.012 32542  7971 D cellinfo: 46 bytes from 54.197.223.49: icmp_seq=696 ttl=43 time=34.8 ms
08-04 21:18:57.222 32542  7971 D cellinfo: 46 bytes from 54.197.223.49: icmp_seq=697 ttl=43 time=46.3 ms
08-04 21:18:57.296 32542 32542 D cellinfo: Latitude is 42.3369848
08-04 21:18:57.296 32542 32542 D cellinfo: Longitude is -71.0867471
08-04 21:18:57.296 32542 32542 D cellinfo: Instantaneous GPS information: United States, 780 Columbus Ave, Boston, MA 02120, USA
08-04 21:18:57.296 32542 32542 D cellinfo: getCurrentLocation() result: Location (success): 42.3369848, -71.0867471
08-04 21:18:57.350 32542 32542 D cellinfo: onCellInfoChanged: Operator: AT&T...1 UpdateTimestamp: 713939209 CellConnectionStatus: 0
08-04 21:18:57.350 32542 32542 D cellinfo: onCellInfoChanged: LTE Cell Bands: [] Bandwidth: 2147483647 Cell ID: 16925193 Physical Cell ID: 154 Tracking Area Code: 1031 EARFCN: 700
08-04 21:18:57.414 32542 32542 D cellinfo: onsignalStrengthsChanged: LTE Signal Strength info: rsrp: -84 rsrq: -12 rssi: -51 rssnr: 2
08-04 21:18:57.414 32542 32542 D cellinfo: onsignalStrengthsChanged: 5G-NR Signal Strength info: ssrsrp: -79 ssrsrq: -15 sssinr: -1
08-04 21:18:57.419 32542  7971 D cellinfo: 46 bytes from 54.197.223.49: icmp_seq=698 ttl=43 time=42.9 ms
08-04 21:18:57.620 32542  7971 D cellinfo: 46 bytes from 54.197.223.49: icmp_seq=699 ttl=43 time=41.0 ms
08-04 21:18:57.824 32542  7971 D cellinfo: 46 bytes from 54.197.223.49: icmp_seq=700 ttl=43 time=43.4 ms
08-04 21:18:58.025 32542  7971 D cellinfo: 46 bytes from 54.197.223.49: icmp_seq=701 ttl=43 time=42.5 ms
08-04 21:18:58.225 32542  7971 D cellinfo: 46 bytes from 54.197.223.49: icmp_seq=702 ttl=43 time=41.6 ms
08-04 21:18:58.429 32542  7971 D cellinfo: 46 bytes from 54.197.223.49: icmp_seq=703 ttl=43 time=43.6 ms
08-04 21:18:58.629 32542  7971 D cellinfo: 46 bytes from 54.197.223.49: icmp_seq=704 ttl=43 time=42.1 ms
08-04 21:18:58.671 32542 32542 D cellinfo: onsignalStrengthsChanged: LTE Signal Strength info: rsrp: -83 rsrq: -12 rssi: -51 rssnr: 3
08-04 21:18:58.672 32542 32542 D cellinfo: onsignalStrengthsChanged: 5G-NR Signal Strength info: ssrsrp: -79 ssrsrq: -15 sssinr: -1
08-04 21:18:58.811 32542 32542 D cellinfo: onsignalStrengthsChanged: LTE Signal Strength info: rsrp: -83 rsrq: -12 rssi: -51 rssnr: 3
08-04 21:18:58.811 32542 32542 D cellinfo: onsignalStrengthsChanged: 5G-NR Signal Strength info: ssrsrp: -75 ssrsrq: -14 sssinr: 1
08-04 21:18:58.831 32542  7971 D cellinfo: 46 bytes from 54.197.223.49: icmp_seq=705 ttl=43 time=41.4 ms
08-04 21:18:59.034 32542  7971 D cellinfo: 46 bytes from 54.197.223.49: icmp_seq=706 ttl=43 time=44.5 ms
08-04 21:18:59.234 32542  7971 D cellinfo: 46 bytes from 54.197.223.49: icmp_seq=707 ttl=43 time=44.4 ms
08-04 21:18:59.429 32542  7971 D cellinfo: 46 bytes from 54.197.223.49: icmp_seq=708 ttl=43 time=39.1 ms
08-04 21:18:59.633 32542  7971 D cellinfo: 46 bytes from 54.197.223.49: icmp_seq=709 ttl=43 time=41.5 ms
08-04 21:18:59.834 32542  7971 D cellinfo: 46 bytes from 54.197.223.49: icmp_seq=710 ttl=43 time=42.3 ms
08-04 21:19:00.036 32542  7971 D cellinfo: 46 bytes from 54.197.223.49: icmp_seq=711 ttl=43 time=43.8 ms
08-04 21:19:00.234 32542  7971 D cellinfo: 46 bytes from 54.197.223.49: icmp_seq=712 ttl=43 time=40.8 ms
08-04 21:19:00.383 32542 32542 D cellinfo: onCellInfoChanged: Operator: AT&T...1 UpdateTimestamp: 713942244 CellConnectionStatus: 0
08-04 21:19:00.383 32542 32542 D cellinfo: onCellInfoChanged: LTE Cell Bands: [] Bandwidth: 2147483647 Cell ID: 16925193 Physical Cell ID: 154 Tracking Area Code: 1031 EARFCN: 700
08-04 21:19:00.435 32542  7971 D cellinfo: 46 bytes from 54.197.223.49: icmp_seq=713 ttl=43 time=43.0 ms
08-04 21:19:00.628 32542  7971 D cellinfo: 46 bytes from 54.197.223.49: icmp_seq=714 ttl=43 time=34.2 ms
08-04 21:19:00.809 32542 32542 D cellinfo: onsignalStrengthsChanged: LTE Signal Strength info: rsrp: -83 rsrq: -12 rssi: -51 rssnr: 3
08-04 21:19:00.809 32542 32542 D cellinfo: onsignalStrengthsChanged: 5G-NR Signal Strength info: ssrsrp: -76 ssrsrq: -14 sssinr: 0
08-04 21:19:00.837 32542  7971 D cellinfo: 46 bytes from 54.197.223.49: icmp_seq=715 ttl=43 time=41.8 ms
08-04 21:19:00.919 32542 32542 D cellinfo: onsignalStrengthsChanged: LTE Signal Strength info: rsrp: -83 rsrq: -12 rssi: -51 rssnr: 4
08-04 21:19:00.919 32542 32542 D cellinfo: onsignalStrengthsChanged: 5G-NR Signal Strength info: ssrsrp: -76 ssrsrq: -14 sssinr: 0
08-04 21:19:01.041 32542  7971 D cellinfo: 46 bytes from 54.197.223.49: icmp_seq=716 ttl=43 time=44.1 ms
08-04 21:19:01.240 32542  7971 D cellinfo: 46 bytes from 54.197.223.49: icmp_seq=717 ttl=43 time=43.7 ms
08-04 21:19:01.439 32542  7971 D cellinfo: 46 bytes from 54.197.223.49: icmp_seq=718 ttl=43 time=42.6 ms
08-04 21:19:01.606 32542 32542 D cellinfo: Latitude is 42.3368744
08-04 21:19:01.606 32542 32542 D cellinfo: Longitude is -71.0869213
08-04 21:19:01.606 32542 32542 D cellinfo: Instantaneous GPS information: United States, 780 Columbus Ave, Boston, MA 02120, USA
08-04 21:19:01.606 32542 32542 D cellinfo: getCurrentLocation() result: Location (success): 42.3368744, -71.0869213
08-04 21:19:01.642 32542  7971 D cellinfo: 46 bytes from 54.197.223.49: icmp_seq=719 ttl=43 time=42.6 ms
08-04 21:19:01.843 32542  7971 D cellinfo: 46 bytes from 54.197.223.49: icmp_seq=720 ttl=43 time=42.5 ms
08-04 21:19:02.052 32542  7971 D cellinfo: 46 bytes from 54.197.223.49: icmp_seq=721 ttl=43 time=49.4 ms
08-04 21:19:02.244 32542  7971 D cellinfo: 46 bytes from 54.197.223.49: icmp_seq=722 ttl=43 time=40.6 ms
08-04 21:19:02.445 32542  7971 D cellinfo: 46 bytes from 54.197.223.49: icmp_seq=723 ttl=43 time=39.6 ms
08-04 21:19:02.655 32542  7971 D cellinfo: 46 bytes from 54.197.223.49: icmp_seq=724 ttl=43 time=50.3 ms
08-04 21:19:02.856 32542  7971 D cellinfo: 46 bytes from 54.197.223.49: icmp_seq=725 ttl=43 time=50.3 ms
08-04 21:19:03.048 32542  7971 D cellinfo: 46 bytes from 54.197.223.49: icmp_seq=726 ttl=43 time=42.1 ms
08-04 21:19:03.151 32542 32542 D cellinfo: onsignalStrengthsChanged: LTE Signal Strength info: rsrp: -82 rsrq: -11 rssi: -51 rssnr: 4
08-04 21:19:03.151 32542 32542 D cellinfo: onsignalStrengthsChanged: 5G-NR Signal Strength info: ssrsrp: -76 ssrsrq: -14 sssinr: 0
08-04 21:19:03.244 32542  7971 D cellinfo: 46 bytes from 54.197.223.49: icmp_seq=727 ttl=43 time=36.1 ms
08-04 21:19:03.292 32542 32542 D cellinfo: Latitude is 42.3368744
08-04 21:19:03.292 32542 32542 D cellinfo: Longitude is -71.0869213
08-04 21:19:03.292 32542 32542 D cellinfo: Instantaneous GPS information: United States, 780 Columbus Ave, Boston, MA 02120, USA
08-04 21:19:03.292 32542 32542 D cellinfo: getCurrentLocation() result: Location (success): 42.3368744, -71.0869213
08-04 21:19:03.447 32542  7971 D cellinfo: 46 bytes from 54.197.223.49: icmp_seq=728 ttl=43 time=39.3 ms
08-04 21:19:03.467 32542 32542 D cellinfo: onCellInfoChanged: Operator: AT&T...1 UpdateTimestamp: 713945322 CellConnectionStatus: 0
08-04 21:19:03.467 32542 32542 D cellinfo: onCellInfoChanged: LTE Cell Bands: [] Bandwidth: 2147483647 Cell ID: 16925193 Physical Cell ID: 154 Tracking Area Code: 1031 EARFCN: 700
08-04 21:19:03.651 32542  7971 D cellinfo: 46 bytes from 54.197.223.49: icmp_seq=729 ttl=43 time=41.6 ms
08-04 21:19:03.810 32542 32542 D cellinfo: onsignalStrengthsChanged: LTE Signal Strength info: rsrp: -82 rsrq: -11 rssi: -51 rssnr: 4
08-04 21:19:03.810 32542 32542 D cellinfo: onsignalStrengthsChanged: 5G-NR Signal Strength info: ssrsrp: -75 ssrsrq: -14 sssinr: 0
08-04 21:19:03.853 32542  7971 D cellinfo: 46 bytes from 54.197.223.49: icmp_seq=730 ttl=43 time=41.6 ms
08-04 21:19:04.048 32542  7971 D cellinfo: 46 bytes from 54.197.223.49: icmp_seq=731 ttl=43 time=34.9 ms
08-04 21:19:04.256 32542  7971 D cellinfo: 46 bytes from 54.197.223.49: icmp_seq=732 ttl=43 time=41.4 ms
08-04 21:19:04.457 32542  7971 D cellinfo: 46 bytes from 54.197.223.49: icmp_seq=733 ttl=43 time=41.1 ms
08-04 21:19:04.663 32542  7971 D cellinfo: 46 bytes from 54.197.223.49: icmp_seq=734 ttl=43 time=45.2 ms
08-04 21:19:04.852 32542  7971 D cellinfo: 46 bytes from 54.197.223.49: icmp_seq=735 ttl=43 time=35.0 ms
08-04 21:19:05.062 32542  7971 D cellinfo: 46 bytes from 54.197.223.49: icmp_seq=736 ttl=43 time=43.0 ms
08-04 21:19:05.262 32542  7971 D cellinfo: 46 bytes from 54.197.223.49: icmp_seq=737 ttl=43 time=42.1 ms
08-04 21:19:05.397 32542 32542 D cellinfo: onsignalStrengthsChanged: LTE Signal Strength info: rsrp: -82 rsrq: -11 rssi: -51 rssnr: 5
08-04 21:19:05.397 32542 32542 D cellinfo: onsignalStrengthsChanged: 5G-NR Signal Strength info: ssrsrp: -75 ssrsrq: -14 sssinr: 0
08-04 21:19:05.462 32542  7971 D cellinfo: 46 bytes from 54.197.223.49: icmp_seq=738 ttl=43 time=41.8 ms
08-04 21:19:05.659 32542  7971 D cellinfo: 46 bytes from 54.197.223.49: icmp_seq=739 ttl=43 time=36.6 ms
08-04 21:19:05.814 32542 32542 D cellinfo: onsignalStrengthsChanged: LTE Signal Strength info: rsrp: -82 rsrq: -11 rssi: -51 rssnr: 5
08-04 21:19:05.814 32542 32542 D cellinfo: onsignalStrengthsChanged: 5G-NR Signal Strength info: ssrsrp: -76 ssrsrq: -15 sssinr: -1
08-04 21:19:05.869 32542  7971 D cellinfo: 46 bytes from 54.197.223.49: icmp_seq=740 ttl=43 time=46.5 ms
08-04 21:19:06.066 32542  7971 D cellinfo: 46 bytes from 54.197.223.49: icmp_seq=741 ttl=43 time=43.6 ms
08-04 21:19:06.265 32542  7971 D cellinfo: 46 bytes from 54.197.223.49: icmp_seq=742 ttl=43 time=41.6 ms
08-04 21:19:06.299 32542 32542 D cellinfo: Latitude is 42.3368744
08-04 21:19:06.300 32542 32542 D cellinfo: Longitude is -71.0869213
08-04 21:19:06.300 32542 32542 D cellinfo: Instantaneous GPS information: United States, 780 Columbus Ave, Boston, MA 02120, USA
08-04 21:19:06.300 32542 32542 D cellinfo: getCurrentLocation() result: Location (success): 42.3368744, -71.0869213
08-04 21:19:06.394 32542 32542 D cellinfo: onsignalStrengthsChanged: LTE Signal Strength info: rsrp: -82 rsrq: -11 rssi: -51 rssnr: 4
08-04 21:19:06.394 32542 32542 D cellinfo: onsignalStrengthsChanged: 5G-NR Signal Strength info: ssrsrp: -76 ssrsrq: -15 sssinr: -1
08-04 21:19:06.404 32542 32542 D cellinfo: onCellInfoChanged: Operator: AT&T...1 UpdateTimestamp: 713948256 CellConnectionStatus: 0
08-04 21:19:06.404 32542 32542 D cellinfo: onCellInfoChanged: LTE Cell Bands: [] Bandwidth: 2147483647 Cell ID: 16925193 Physical Cell ID: 154 Tracking Area Code: 1031 EARFCN: 700
08-04 21:19:06.469 32542  7971 D cellinfo: 46 bytes from 54.197.223.49: icmp_seq=743 ttl=43 time=45.6 ms
08-04 21:19:06.669 32542  7971 D cellinfo: 46 bytes from 54.197.223.49: icmp_seq=744 ttl=43 time=42.7 ms
08-04 21:19:06.868 32542  7971 D cellinfo: 46 bytes from 54.197.223.49: icmp_seq=745 ttl=43 time=41.3 ms
08-04 21:19:07.076 32542  7971 D cellinfo: 46 bytes from 54.197.223.49: icmp_seq=746 ttl=43 time=45.8 ms
08-04 21:19:07.273 32542  7971 D cellinfo: 46 bytes from 54.197.223.49: icmp_seq=747 ttl=43 time=42.9 ms
08-04 21:19:07.488 32542  7971 D cellinfo: 46 bytes from 54.197.223.49: icmp_seq=748 ttl=43 time=56.9 ms
08-04 21:19:07.673 32542  7971 D cellinfo: 46 bytes from 54.197.223.49: icmp_seq=749 ttl=43 time=40.7 ms
08-04 21:19:07.812 32542 32542 D cellinfo: onsignalStrengthsChanged: LTE Signal Strength info: rsrp: -82 rsrq: -11 rssi: -51 rssnr: 4
08-04 21:19:07.812 32542 32542 D cellinfo: onsignalStrengthsChanged: 5G-NR Signal Strength info: ssrsrp: -77 ssrsrq: -14 sssinr: -1
08-04 21:19:07.876 32542  7971 D cellinfo: 46 bytes from 54.197.223.49: icmp_seq=750 ttl=43 time=43.0 ms
08-04 21:19:08.076 32542  7971 D cellinfo: 46 bytes from 54.197.223.49: icmp_seq=751 ttl=43 time=42.5 ms
08-04 21:19:08.276 32542  7971 D cellinfo: 46 bytes from 54.197.223.49: icmp_seq=752 ttl=43 time=41.4 ms
08-04 21:19:08.476 32542  7971 D cellinfo: 46 bytes from 54.197.223.49: icmp_seq=753 ttl=43 time=41.3 ms
08-04 21:19:08.677 32542  7971 D cellinfo: 46 bytes from 54.197.223.49: icmp_seq=754 ttl=43 time=41.0 ms
08-04 21:19:08.812 32542 32542 D cellinfo: onsignalStrengthsChanged: LTE Signal Strength info: rsrp: -82 rsrq: -11 rssi: -51 rssnr: 4
08-04 21:19:08.812 32542 32542 D cellinfo: onsignalStrengthsChanged: 5G-NR Signal Strength info: ssrsrp: -76 ssrsrq: -15 sssinr: -1
08-04 21:19:08.882 32542  7971 D cellinfo: 46 bytes from 54.197.223.49: icmp_seq=755 ttl=43 time=46.3 ms
08-04 21:19:09.080 32542  7971 D cellinfo: 46 bytes from 54.197.223.49: icmp_seq=756 ttl=43 time=43.1 ms
08-04 21:19:09.283 32542  7971 D cellinfo: 46 bytes from 54.197.223.49: icmp_seq=757 ttl=43 time=44.8 ms
08-04 21:19:09.304 32542 32542 D cellinfo: Latitude is 42.3368744
08-04 21:19:09.304 32542 32542 D cellinfo: Longitude is -71.0869213
08-04 21:19:09.304 32542 32542 D cellinfo: Instantaneous GPS information: United States, 780 Columbus Ave, Boston, MA 02120, USA
08-04 21:19:09.304 32542 32542 D cellinfo: getCurrentLocation() result: Location (success): 42.3368744, -71.0869213
08-04 21:19:09.386 32542 32542 D cellinfo: onsignalStrengthsChanged: LTE Signal Strength info: rsrp: -81 rsrq: -11 rssi: -51 rssnr: 4
08-04 21:19:09.386 32542 32542 D cellinfo: onsignalStrengthsChanged: 5G-NR Signal Strength info: ssrsrp: -76 ssrsrq: -15 sssinr: -1
08-04 21:19:09.393 32542 32542 D cellinfo: onCellInfoChanged: Operator: AT&T...1 UpdateTimestamp: 713951251 CellConnectionStatus: 0
08-04 21:19:09.393 32542 32542 D cellinfo: onCellInfoChanged: LTE Cell Bands: [] Bandwidth: 2147483647 Cell ID: 16925193 Physical Cell ID: 154 Tracking Area Code: 1031 EARFCN: 700
08-04 21:19:09.480 32542  7971 D cellinfo: 46 bytes from 54.197.223.49: icmp_seq=758 ttl=43 time=41.4 ms
08-04 21:19:09.684 32542  7971 D cellinfo: 46 bytes from 54.197.223.49: icmp_seq=759 ttl=43 time=42.5 ms
08-04 21:19:09.810 32542 32542 D cellinfo: onsignalStrengthsChanged: LTE Signal Strength info: rsrp: -81 rsrq: -11 rssi: -51 rssnr: 4
08-04 21:19:09.810 32542 32542 D cellinfo: onsignalStrengthsChanged: 5G-NR Signal Strength info: ssrsrp: -77 ssrsrq: -15 sssinr: -1
08-04 21:19:09.883 32542  7971 D cellinfo: 46 bytes from 54.197.223.49: icmp_seq=760 ttl=43 time=40.6 ms
08-04 21:19:10.088 32542  7971 D cellinfo: 46 bytes from 54.197.223.49: icmp_seq=761 ttl=43 time=43.2 ms
08-04 21:19:10.284 32542  7971 D cellinfo: 46 bytes from 54.197.223.49: icmp_seq=762 ttl=43 time=38.3 ms
08-04 21:19:10.487 32542  7971 D cellinfo: 46 bytes from 54.197.223.49: icmp_seq=763 ttl=43 time=41.3 ms
08-04 21:19:10.689 32542  7971 D cellinfo: 46 bytes from 54.197.223.49: icmp_seq=764 ttl=43 time=41.4 ms
08-04 21:19:10.811 32542 32542 D cellinfo: onsignalStrengthsChanged: LTE Signal Strength info: rsrp: -81 rsrq: -11 rssi: -51 rssnr: 4
08-04 21:19:10.811 32542 32542 D cellinfo: onsignalStrengthsChanged: 5G-NR Signal Strength info: ssrsrp: -76 ssrsrq: -15 sssinr: -1
08-04 21:19:10.892 32542  7971 D cellinfo: 46 bytes from 54.197.223.49: icmp_seq=765 ttl=43 time=44.5 ms
08-04 21:19:11.083 32542  7971 D cellinfo: 46 bytes from 54.197.223.49: icmp_seq=766 ttl=43 time=34.2 ms
08-04 21:19:11.291 32542  7971 D cellinfo: 46 bytes from 54.197.223.49: icmp_seq=767 ttl=43 time=41.9 ms
08-04 21:19:11.491 32542  7971 D cellinfo: 46 bytes from 54.197.223.49: icmp_seq=768 ttl=43 time=41.5 ms
08-04 21:19:11.694 32542  7971 D cellinfo: 46 bytes from 54.197.223.49: icmp_seq=769 ttl=43 time=43.2 ms
08-04 21:19:11.888 32542  7971 D cellinfo: 46 bytes from 54.197.223.49: icmp_seq=770 ttl=43 time=36.4 ms
08-04 21:19:12.091 32542  7971 D cellinfo: 46 bytes from 54.197.223.49: icmp_seq=771 ttl=43 time=37.6 ms
08-04 21:19:12.295 32542  7971 D cellinfo: 46 bytes from 54.197.223.49: icmp_seq=772 ttl=43 time=41.6 ms
08-04 21:19:12.380 32542 32542 D cellinfo: onsignalStrengthsChanged: LTE Signal Strength info: rsrp: -81 rsrq: -11 rssi: -51 rssnr: 5
08-04 21:19:12.380 32542 32542 D cellinfo: onsignalStrengthsChanged: 5G-NR Signal Strength info: ssrsrp: -76 ssrsrq: -15 sssinr: -1
08-04 21:19:12.389 32542 32542 D cellinfo: onCellInfoChanged: Operator: AT&T...1 UpdateTimestamp: 713954243 CellConnectionStatus: 0
08-04 21:19:12.390 32542 32542 D cellinfo: onCellInfoChanged: LTE Cell Bands: [] Bandwidth: 2147483647 Cell ID: 16925193 Physical Cell ID: 154 Tracking Area Code: 1031 EARFCN: 700
08-04 21:19:12.501 32542  7971 D cellinfo: 46 bytes from 54.197.223.49: icmp_seq=773 ttl=43 time=45.0 ms
08-04 21:19:12.691 32542  7971 D cellinfo: 46 bytes from 54.197.223.49: icmp_seq=774 ttl=43 time=34.4 ms
08-04 21:19:12.809 32542 32542 D cellinfo: onsignalStrengthsChanged: LTE Signal Strength info: rsrp: -81 rsrq: -11 rssi: -51 rssnr: 5
08-04 21:19:12.809 32542 32542 D cellinfo: onsignalStrengthsChanged: 5G-NR Signal Strength info: ssrsrp: -78 ssrsrq: -15 sssinr: -2
08-04 21:19:12.901 32542  7971 D cellinfo: 46 bytes from 54.197.223.49: icmp_seq=775 ttl=43 time=42.3 ms
08-04 21:19:13.101 32542  7971 D cellinfo: 46 bytes from 54.197.223.49: icmp_seq=776 ttl=43 time=41.4 ms
08-04 21:19:13.296 32542  7971 D cellinfo: 46 bytes from 54.197.223.49: icmp_seq=777 ttl=43 time=36.4 ms
08-04 21:19:13.496 32542  7971 D cellinfo: 46 bytes from 54.197.223.49: icmp_seq=778 ttl=43 time=34.3 ms
08-04 21:19:13.679 32542 32542 D cellinfo: Latitude is 42.336807
08-04 21:19:13.679 32542 32542 D cellinfo: Longitude is -71.0867862
08-04 21:19:13.679 32542 32542 D cellinfo: Instantaneous GPS information: United States, 780 Columbus Ave, Boston, MA 02120, USA
08-04 21:19:13.679 32542 32542 D cellinfo: getCurrentLocation() result: Location (success): 42.336807, -71.0867862
08-04 21:19:13.693 32542  7971 D cellinfo: 46 bytes from 54.197.223.49: icmp_seq=779 ttl=43 time=29.9 ms
08-04 21:19:13.908 32542  7971 D cellinfo: 46 bytes from 54.197.223.49: icmp_seq=780 ttl=43 time=42.4 ms
08-04 21:19:14.108 32542  7971 D cellinfo: 46 bytes from 54.197.223.49: icmp_seq=781 ttl=43 time=41.9 ms
08-04 21:19:14.309 32542  7971 D cellinfo: 46 bytes from 54.197.223.49: icmp_seq=782 ttl=43 time=40.9 ms
08-04 21:19:14.514 32542  7971 D cellinfo: 46 bytes from 54.197.223.49: icmp_seq=783 ttl=43 time=43.6 ms
08-04 21:19:14.712 32542  7971 D cellinfo: 46 bytes from 54.197.223.49: icmp_seq=784 ttl=43 time=40.9 ms
08-04 21:19:14.917 32542  7971 D cellinfo: 46 bytes from 54.197.223.49: icmp_seq=785 ttl=43 time=42.2 ms
08-04 21:19:15.118 32542  7971 D cellinfo: 46 bytes from 54.197.223.49: icmp_seq=786 ttl=43 time=42.0 ms
08-04 21:19:15.300 32542 32542 D cellinfo: Latitude is 42.336807
08-04 21:19:15.300 32542 32542 D cellinfo: Longitude is -71.0867862
08-04 21:19:15.300 32542 32542 D cellinfo: Instantaneous GPS information: United States, 780 Columbus Ave, Boston, MA 02120, USA
08-04 21:19:15.300 32542 32542 D cellinfo: getCurrentLocation() result: Location (success): 42.336807, -71.0867862
08-04 21:19:15.318 32542  7971 D cellinfo: 46 bytes from 54.197.223.49: icmp_seq=787 ttl=43 time=41.0 ms
08-04 21:19:15.361 32542 32542 D cellinfo: onCellInfoChanged: Operator: AT&T...1 UpdateTimestamp: 713957219 CellConnectionStatus: 0
08-04 21:19:15.361 32542 32542 D cellinfo: onCellInfoChanged: LTE Cell Bands: [] Bandwidth: 2147483647 Cell ID: 16925193 Physical Cell ID: 154 Tracking Area Code: 1031 EARFCN: 700
08-04 21:19:15.379 32542 32542 D cellinfo: onsignalStrengthsChanged: LTE Signal Strength info: rsrp: -81 rsrq: -12 rssi: -51 rssnr: 4
08-04 21:19:15.379 32542 32542 D cellinfo: onsignalStrengthsChanged: 5G-NR Signal Strength info: ssrsrp: -78 ssrsrq: -15 sssinr: -2
08-04 21:19:15.520 32542  7971 D cellinfo: 46 bytes from 54.197.223.49: icmp_seq=788 ttl=43 time=42.3 ms
08-04 21:19:15.721 32542  7971 D cellinfo: 46 bytes from 54.197.223.49: icmp_seq=789 ttl=43 time=42.9 ms
08-04 21:19:15.809 32542 32542 D cellinfo: onsignalStrengthsChanged: LTE Signal Strength info: rsrp: -81 rsrq: -12 rssi: -51 rssnr: 4
08-04 21:19:15.810 32542 32542 D cellinfo: onsignalStrengthsChanged: 5G-NR Signal Strength info: ssrsrp: -77 ssrsrq: -15 sssinr: -1
08-04 21:19:15.920 32542  7971 D cellinfo: 46 bytes from 54.197.223.49: icmp_seq=790 ttl=43 time=40.4 ms
08-04 21:19:16.124 32542  7971 D cellinfo: 46 bytes from 54.197.223.49: icmp_seq=791 ttl=43 time=44.3 ms
08-04 21:19:16.326 32542  7971 D cellinfo: 46 bytes from 54.197.223.49: icmp_seq=792 ttl=43 time=45.8 ms
08-04 21:19:16.524 32542  7971 D cellinfo: 46 bytes from 54.197.223.49: icmp_seq=793 ttl=43 time=43.0 ms
08-04 21:19:16.724 32542  7971 D cellinfo: 46 bytes from 54.197.223.49: icmp_seq=794 ttl=43 time=41.1 ms
08-04 21:19:16.812 32542 32542 D cellinfo: onsignalStrengthsChanged: LTE Signal Strength info: rsrp: -81 rsrq: -12 rssi: -51 rssnr: 4
08-04 21:19:16.813 32542 32542 D cellinfo: onsignalStrengthsChanged: 5G-NR Signal Strength info: ssrsrp: -77 ssrsrq: -14 sssinr: 0
08-04 21:19:16.930 32542  7971 D cellinfo: 46 bytes from 54.197.223.49: icmp_seq=795 ttl=43 time=45.5 ms
08-04 21:19:17.129 32542  7971 D cellinfo: 46 bytes from 54.197.223.49: icmp_seq=796 ttl=43 time=42.2 ms
08-04 21:19:17.332 32542  7971 D cellinfo: 46 bytes from 54.197.223.49: icmp_seq=797 ttl=43 time=44.2 ms
08-04 21:19:17.533 32542  7971 D cellinfo: 46 bytes from 54.197.223.49: icmp_seq=798 ttl=43 time=44.3 ms
08-04 21:19:17.733 32542  7971 D cellinfo: 46 bytes from 54.197.223.49: icmp_seq=799 ttl=43 time=42.9 ms
08-04 21:19:17.934 32542  7971 D cellinfo: 46 bytes from 54.197.223.49: icmp_seq=800 ttl=43 time=43.3 ms
08-04 21:19:18.129 32542  7971 D cellinfo: 46 bytes from 54.197.223.49: icmp_seq=801 ttl=43 time=37.3 ms
08-04 21:19:18.297 32542 32542 D cellinfo: Latitude is 42.336807
08-04 21:19:18.297 32542 32542 D cellinfo: Longitude is -71.0867862
08-04 21:19:18.297 32542 32542 D cellinfo: Instantaneous GPS information: United States, 780 Columbus Ave, Boston, MA 02120, USA
08-04 21:19:18.297 32542 32542 D cellinfo: getCurrentLocation() result: Location (success): 42.336807, -71.0867862
08-04 21:19:18.336 32542  7971 D cellinfo: 46 bytes from 54.197.223.49: icmp_seq=802 ttl=43 time=44.3 ms
08-04 21:19:18.405 32542 32542 D cellinfo: onCellInfoChanged: Operator: AT&T...1 UpdateTimestamp: 713960260 CellConnectionStatus: 0
08-04 21:19:18.405 32542 32542 D cellinfo: onCellInfoChanged: LTE Cell Bands: [] Bandwidth: 2147483647 Cell ID: 16925193 Physical Cell ID: 154 Tracking Area Code: 1031 EARFCN: 700
08-04 21:19:18.537 32542  7971 D cellinfo: 46 bytes from 54.197.223.49: icmp_seq=803 ttl=43 time=41.9 ms
08-04 21:19:18.736 32542  7971 D cellinfo: 46 bytes from 54.197.223.49: icmp_seq=804 ttl=43 time=41.4 ms
08-04 21:19:18.808 32542 32542 D cellinfo: onsignalStrengthsChanged: LTE Signal Strength info: rsrp: -81 rsrq: -12 rssi: -51 rssnr: 4
08-04 21:19:18.808 32542 32542 D cellinfo: onsignalStrengthsChanged: 5G-NR Signal Strength info: ssrsrp: -76 ssrsrq: -13 sssinr: 2
08-04 21:19:18.933 32542  7971 D cellinfo: 46 bytes from 54.197.223.49: icmp_seq=805 ttl=43 time=36.5 ms
08-04 21:19:19.141 32542  7971 D cellinfo: 46 bytes from 54.197.223.49: icmp_seq=806 ttl=43 time=43.1 ms
08-04 21:19:19.341 32542  7971 D cellinfo: 46 bytes from 54.197.223.49: icmp_seq=807 ttl=43 time=43.1 ms
08-04 21:19:19.539 32542  7971 D cellinfo: 46 bytes from 54.197.223.49: icmp_seq=808 ttl=43 time=40.8 ms
08-04 21:19:19.736 32542  7971 D cellinfo: 46 bytes from 54.197.223.49: icmp_seq=809 ttl=43 time=36.4 ms
08-04 21:19:19.811 32542 32542 D cellinfo: onsignalStrengthsChanged: LTE Signal Strength info: rsrp: -81 rsrq: -12 rssi: -51 rssnr: 4
08-04 21:19:19.811 32542 32542 D cellinfo: onsignalStrengthsChanged: 5G-NR Signal Strength info: ssrsrp: -75 ssrsrq: -14 sssinr: 2
08-04 21:19:19.945 32542  7971 D cellinfo: 46 bytes from 54.197.223.49: icmp_seq=810 ttl=43 time=43.3 ms
08-04 21:19:20.145 32542  7971 D cellinfo: 46 bytes from 54.197.223.49: icmp_seq=811 ttl=43 time=41.8 ms
08-04 21:19:20.344 32542  7971 D cellinfo: 46 bytes from 54.197.223.49: icmp_seq=812 ttl=43 time=40.3 ms
08-04 21:19:20.549 32542  7971 D cellinfo: 46 bytes from 54.197.223.49: icmp_seq=813 ttl=43 time=44.7 ms
08-04 21:19:20.748 32542  7971 D cellinfo: 46 bytes from 54.197.223.49: icmp_seq=814 ttl=43 time=43.3 ms
08-04 21:19:20.813 32542 32542 D cellinfo: onsignalStrengthsChanged: LTE Signal Strength info: rsrp: -81 rsrq: -12 rssi: -51 rssnr: 4
08-04 21:19:20.813 32542 32542 D cellinfo: onsignalStrengthsChanged: 5G-NR Signal Strength info: ssrsrp: -76 ssrsrq: -14 sssinr: 1
08-04 21:19:20.949 32542  7971 D cellinfo: 46 bytes from 54.197.223.49: icmp_seq=815 ttl=43 time=43.6 ms
08-04 21:19:21.074 32542 32542 D cellinfo: onsignalStrengthsChanged: LTE Signal Strength info: rsrp: -81 rsrq: -12 rssi: -51 rssnr: 5
08-04 21:19:21.075 32542 32542 D cellinfo: onsignalStrengthsChanged: 5G-NR Signal Strength info: ssrsrp: -76 ssrsrq: -14 sssinr: 1
08-04 21:19:21.148 32542  7971 D cellinfo: 46 bytes from 54.197.223.49: icmp_seq=816 ttl=43 time=41.4 ms
08-04 21:19:21.297 32542 32542 D cellinfo: Latitude is 42.336807
08-04 21:19:21.297 32542 32542 D cellinfo: Longitude is -71.0867862
08-04 21:19:21.297 32542 32542 D cellinfo: Instantaneous GPS information: United States, 780 Columbus Ave, Boston, MA 02120, USA
08-04 21:19:21.297 32542 32542 D cellinfo: getCurrentLocation() result: Location (success): 42.336807, -71.0867862
08-04 21:19:21.347 32542  7971 D cellinfo: 46 bytes from 54.197.223.49: icmp_seq=817 ttl=43 time=40.2 ms
08-04 21:19:21.393 32542 32542 D cellinfo: onsignalStrengthsChanged: LTE Signal Strength info: rsrp: -81 rsrq: -11 rssi: -51 rssnr: 5
08-04 21:19:21.393 32542 32542 D cellinfo: onsignalStrengthsChanged: 5G-NR Signal Strength info: ssrsrp: -76 ssrsrq: -14 sssinr: 1
08-04 21:19:21.400 32542 32542 D cellinfo: onCellInfoChanged: Operator: AT&T...1 UpdateTimestamp: 713963258 CellConnectionStatus: 0
08-04 21:19:21.400 32542 32542 D cellinfo: onCellInfoChanged: LTE Cell Bands: [] Bandwidth: 2147483647 Cell ID: 16925193 Physical Cell ID: 154 Tracking Area Code: 1031 EARFCN: 700
08-04 21:19:21.549 32542  7971 D cellinfo: 46 bytes from 54.197.223.49: icmp_seq=818 ttl=43 time=41.7 ms
08-04 21:19:21.753 32542  7971 D cellinfo: 46 bytes from 54.197.223.49: icmp_seq=819 ttl=43 time=44.1 ms
08-04 21:19:21.807 32542 32542 D cellinfo: onsignalStrengthsChanged: LTE Signal Strength info: rsrp: -81 rsrq: -11 rssi: -51 rssnr: 5
08-04 21:19:21.807 32542 32542 D cellinfo: onsignalStrengthsChanged: 5G-NR Signal Strength info: ssrsrp: -76 ssrsrq: -14 sssinr: 0
08-04 21:19:21.951 32542  7971 D cellinfo: 46 bytes from 54.197.223.49: icmp_seq=820 ttl=43 time=42.6 ms
08-04 21:19:22.152 32542  7971 D cellinfo: 46 bytes from 54.197.223.49: icmp_seq=821 ttl=43 time=41.7 ms
08-04 21:19:22.359 32542  7971 D cellinfo: 46 bytes from 54.197.223.49: icmp_seq=822 ttl=43 time=43.7 ms
08-04 21:19:22.561 32542  7971 D cellinfo: 46 bytes from 54.197.223.49: icmp_seq=823 ttl=43 time=44.8 ms
08-04 21:19:22.766 32542  7971 D cellinfo: 46 bytes from 54.197.223.49: icmp_seq=824 ttl=43 time=49.7 ms
08-04 21:19:22.811 32542 32542 D cellinfo: onsignalStrengthsChanged: LTE Signal Strength info: rsrp: -81 rsrq: -11 rssi: -51 rssnr: 5
08-04 21:19:22.811 32542 32542 D cellinfo: onsignalStrengthsChanged: 5G-NR Signal Strength info: ssrsrp: -76 ssrsrq: -15 sssinr: -2
08-04 21:19:22.963 32542  7971 D cellinfo: 46 bytes from 54.197.223.49: icmp_seq=825 ttl=43 time=44.6 ms
08-04 21:19:23.162 32542  7971 D cellinfo: 46 bytes from 54.197.223.49: icmp_seq=826 ttl=43 time=43.1 ms
08-04 21:19:23.312 32542 32542 D cellinfo: onsignalStrengthsChanged: LTE Signal Strength info: rsrp: -81 rsrq: -12 rssi: -51 rssnr: 5
08-04 21:19:23.312 32542 32542 D cellinfo: onsignalStrengthsChanged: 5G-NR Signal Strength info: ssrsrp: -76 ssrsrq: -15 sssinr: -2
08-04 21:19:23.361 32542  7971 D cellinfo: 46 bytes from 54.197.223.49: icmp_seq=827 ttl=43 time=40.9 ms
08-04 21:19:23.562 32542  7971 D cellinfo: 46 bytes from 54.197.223.49: icmp_seq=828 ttl=43 time=41.0 ms
08-04 21:19:23.765 32542  7971 D cellinfo: 46 bytes from 54.197.223.49: icmp_seq=829 ttl=43 time=44.2 ms
08-04 21:19:23.814 32542 32542 D cellinfo: onsignalStrengthsChanged: LTE Signal Strength info: rsrp: -81 rsrq: -12 rssi: -51 rssnr: 5
08-04 21:19:23.814 32542 32542 D cellinfo: onsignalStrengthsChanged: 5G-NR Signal Strength info: ssrsrp: -75 ssrsrq: -15 sssinr: -1
08-04 21:19:23.964 32542  7971 D cellinfo: 46 bytes from 54.197.223.49: icmp_seq=830 ttl=43 time=42.6 ms
08-04 21:19:24.164 32542  7971 D cellinfo: 46 bytes from 54.197.223.49: icmp_seq=831 ttl=43 time=42.5 ms
08-04 21:19:24.364 32542  7971 D cellinfo: 46 bytes from 54.197.223.49: icmp_seq=832 ttl=43 time=41.5 ms
08-04 21:19:24.386 32542 32542 D cellinfo: onsignalStrengthsChanged: LTE Signal Strength info: rsrp: -81 rsrq: -11 rssi: -51 rssnr: 5
08-04 21:19:24.386 32542 32542 D cellinfo: onsignalStrengthsChanged: 5G-NR Signal Strength info: ssrsrp: -75 ssrsrq: -15 sssinr: -1
08-04 21:19:24.397 32542 32542 D cellinfo: onCellInfoChanged: Operator: AT&T...1 UpdateTimestamp: 713966252 CellConnectionStatus: 0
08-04 21:19:24.397 32542 32542 D cellinfo: onCellInfoChanged: LTE Cell Bands: [] Bandwidth: 2147483647 Cell ID: 16925193 Physical Cell ID: 154 Tracking Area Code: 1031 EARFCN: 700
08-04 21:19:24.559 32542  7971 D cellinfo: 46 bytes from 54.197.223.49: icmp_seq=833 ttl=43 time=35.1 ms
08-04 21:19:24.767 32542  7971 D cellinfo: 46 bytes from 54.197.223.49: icmp_seq=834 ttl=43 time=41.3 ms
08-04 21:19:24.809 32542 32542 D cellinfo: onsignalStrengthsChanged: LTE Signal Strength info: rsrp: -81 rsrq: -11 rssi: -51 rssnr: 5
08-04 21:19:24.809 32542 32542 D cellinfo: onsignalStrengthsChanged: 5G-NR Signal Strength info: ssrsrp: -76 ssrsrq: -15 sssinr: -1
08-04 21:19:24.975 32542  7971 D cellinfo: 46 bytes from 54.197.223.49: icmp_seq=835 ttl=43 time=46.8 ms
08-04 21:19:25.172 32542  7971 D cellinfo: 46 bytes from 54.197.223.49: icmp_seq=836 ttl=43 time=42.7 ms
08-04 21:19:25.365 32542  7971 D cellinfo: 46 bytes from 54.197.223.49: icmp_seq=837 ttl=43 time=35.5 ms
08-04 21:19:25.573 32542  7971 D cellinfo: 46 bytes from 54.197.223.49: icmp_seq=838 ttl=43 time=42.6 ms
08-04 21:19:25.651 32542 32542 D cellinfo: Latitude is 42.3368839
08-04 21:19:25.651 32542 32542 D cellinfo: Longitude is -71.0868205
08-04 21:19:25.651 32542 32542 D cellinfo: Instantaneous GPS information: United States, 780 Columbus Ave, Boston, MA 02120, USA
08-04 21:19:25.651 32542 32542 D cellinfo: getCurrentLocation() result: Location (success): 42.3368839, -71.0868205
08-04 21:19:25.653 32542 32542 D cellinfo: onsignalStrengthsChanged: LTE Signal Strength info: rsrp: -81 rsrq: -11 rssi: -51 rssnr: 4
08-04 21:19:25.653 32542 32542 D cellinfo: onsignalStrengthsChanged: 5G-NR Signal Strength info: ssrsrp: -76 ssrsrq: -15 sssinr: -1
08-04 21:19:25.768 32542  7971 D cellinfo: 46 bytes from 54.197.223.49: icmp_seq=839 ttl=43 time=35.7 ms
08-04 21:19:25.812 32542 32542 D cellinfo: onsignalStrengthsChanged: LTE Signal Strength info: rsrp: -81 rsrq: -11 rssi: -51 rssnr: 4
08-04 21:19:25.812 32542 32542 D cellinfo: onsignalStrengthsChanged: 5G-NR Signal Strength info: ssrsrp: -77 ssrsrq: -15 sssinr: -2
08-04 21:19:25.969 32542  7971 D cellinfo: 46 bytes from 54.197.223.49: icmp_seq=840 ttl=43 time=35.6 ms
08-04 21:19:26.181 32542  7971 D cellinfo: 46 bytes from 54.197.223.49: icmp_seq=841 ttl=43 time=47.3 ms
08-04 21:19:26.372 32542  7971 D cellinfo: 46 bytes from 54.197.223.49: icmp_seq=842 ttl=43 time=36.2 ms
08-04 21:19:26.580 32542  7971 D cellinfo: 46 bytes from 54.197.223.49: icmp_seq=843 ttl=43 time=44.5 ms
08-04 21:19:26.772 32542  7971 D cellinfo: 46 bytes from 54.197.223.49: icmp_seq=844 ttl=43 time=34.7 ms
08-04 21:19:26.811 32542 32542 D cellinfo: onsignalStrengthsChanged: LTE Signal Strength info: rsrp: -81 rsrq: -11 rssi: -51 rssnr: 4
08-04 21:19:26.811 32542 32542 D cellinfo: onsignalStrengthsChanged: 5G-NR Signal Strength info: ssrsrp: -77 ssrsrq: -16 sssinr: -2
08-04 21:19:26.980 32542  7971 D cellinfo: 46 bytes from 54.197.223.49: icmp_seq=845 ttl=43 time=43.4 ms
08-04 21:19:27.173 32542  7971 D cellinfo: 46 bytes from 54.197.223.49: icmp_seq=846 ttl=43 time=33.7 ms
08-04 21:19:27.298 32542 32542 D cellinfo: Latitude is 42.3368839
08-04 21:19:27.298 32542 32542 D cellinfo: Longitude is -71.0868205
08-04 21:19:27.298 32542 32542 D cellinfo: Instantaneous GPS information: United States, 780 Columbus Ave, Boston, MA 02120, USA
08-04 21:19:27.298 32542 32542 D cellinfo: getCurrentLocation() result: Location (success): 42.3368839, -71.0868205
08-04 21:19:27.380 32542  7971 D cellinfo: 46 bytes from 54.197.223.49: icmp_seq=847 ttl=43 time=41.8 ms
08-04 21:19:27.416 32542 32542 D cellinfo: onCellInfoChanged: Operator: AT&T...1 UpdateTimestamp: 713969216 CellConnectionStatus: 0
08-04 21:19:27.416 32542 32542 D cellinfo: onCellInfoChanged: LTE Cell Bands: [] Bandwidth: 2147483647 Cell ID: 16925193 Physical Cell ID: 154 Tracking Area Code: 1031 EARFCN: 700
08-04 21:19:27.577 32542  7971 D cellinfo: 46 bytes from 54.197.223.49: icmp_seq=848 ttl=43 time=36.2 ms
08-04 21:19:27.784 32542  7971 D cellinfo: 46 bytes from 54.197.223.49: icmp_seq=849 ttl=43 time=42.9 ms
08-04 21:19:27.810 32542 32542 D cellinfo: onsignalStrengthsChanged: LTE Signal Strength info: rsrp: -81 rsrq: -11 rssi: -51 rssnr: 4
08-04 21:19:27.810 32542 32542 D cellinfo: onsignalStrengthsChanged: 5G-NR Signal Strength info: ssrsrp: -77 ssrsrq: -15 sssinr: -2
08-04 21:19:27.985 32542  7971 D cellinfo: 46 bytes from 54.197.223.49: icmp_seq=850 ttl=43 time=42.7 ms
08-04 21:19:28.184 32542  7971 D cellinfo: 46 bytes from 54.197.223.49: icmp_seq=851 ttl=43 time=39.9 ms
08-04 21:19:28.390 32542  7971 D cellinfo: 46 bytes from 54.197.223.49: icmp_seq=852 ttl=43 time=44.1 ms
08-04 21:19:28.589 32542  7971 D cellinfo: 46 bytes from 54.197.223.49: icmp_seq=853 ttl=43 time=42.5 ms
08-04 21:19:28.789 32542  7971 D cellinfo: 46 bytes from 54.197.223.49: icmp_seq=854 ttl=43 time=41.4 ms
08-04 21:19:28.813 32542 32542 D cellinfo: onsignalStrengthsChanged: LTE Signal Strength info: rsrp: -81 rsrq: -11 rssi: -51 rssnr: 4
08-04 21:19:28.813 32542 32542 D cellinfo: onsignalStrengthsChanged: 5G-NR Signal Strength info: ssrsrp: -77 ssrsrq: -15 sssinr: -1
08-04 21:19:28.994 32542  7971 D cellinfo: 46 bytes from 54.197.223.49: icmp_seq=855 ttl=43 time=45.9 ms
08-04 21:19:29.193 32542  7971 D cellinfo: 46 bytes from 54.197.223.49: icmp_seq=856 ttl=43 time=44.8 ms
08-04 21:19:29.393 32542  7971 D cellinfo: 46 bytes from 54.197.223.49: icmp_seq=857 ttl=43 time=43.3 ms
08-04 21:19:29.592 32542  7971 D cellinfo: 46 bytes from 54.197.223.49: icmp_seq=858 ttl=43 time=42.4 ms
08-04 21:19:29.792 32542  7971 D cellinfo: 46 bytes from 54.197.223.49: icmp_seq=859 ttl=43 time=41.1 ms
08-04 21:19:29.811 32542 32542 D cellinfo: onsignalStrengthsChanged: LTE Signal Strength info: rsrp: -81 rsrq: -11 rssi: -51 rssnr: 4
08-04 21:19:29.811 32542 32542 D cellinfo: onsignalStrengthsChanged: 5G-NR Signal Strength info: ssrsrp: -77 ssrsrq: -15 sssinr: -2
08-04 21:19:29.995 32542  7971 D cellinfo: 46 bytes from 54.197.223.49: icmp_seq=860 ttl=43 time=42.9 ms
08-04 21:19:30.195 32542  7971 D cellinfo: 46 bytes from 54.197.223.49: icmp_seq=861 ttl=43 time=42.1 ms
08-04 21:19:30.296 32542 32542 D cellinfo: Latitude is 42.3368839
08-04 21:19:30.296 32542 32542 D cellinfo: Longitude is -71.0868205
08-04 21:19:30.296 32542 32542 D cellinfo: Instantaneous GPS information: United States, 780 Columbus Ave, Boston, MA 02120, USA
08-04 21:19:30.296 32542 32542 D cellinfo: getCurrentLocation() result: Location (success): 42.3368839, -71.0868205
08-04 21:19:30.384 32542 32542 D cellinfo: onsignalStrengthsChanged: LTE Signal Strength info: rsrp: -80 rsrq: -11 rssi: -51 rssnr: 4
08-04 21:19:30.384 32542 32542 D cellinfo: onsignalStrengthsChanged: 5G-NR Signal Strength info: ssrsrp: -77 ssrsrq: -15 sssinr: -2
08-04 21:19:30.390 32542 32542 D cellinfo: onCellInfoChanged: Operator: AT&T...1 UpdateTimestamp: 713972244 CellConnectionStatus: 0
08-04 21:19:30.390 32542 32542 D cellinfo: onCellInfoChanged: LTE Cell Bands: [] Bandwidth: 2147483647 Cell ID: 16925193 Physical Cell ID: 154 Tracking Area Code: 1031 EARFCN: 700
08-04 21:19:30.396 32542  7971 D cellinfo: 46 bytes from 54.197.223.49: icmp_seq=862 ttl=43 time=42.5 ms
08-04 21:19:30.597 32542  7971 D cellinfo: 46 bytes from 54.197.223.49: icmp_seq=863 ttl=43 time=39.6 ms
08-04 21:19:30.801 32542  7971 D cellinfo: 46 bytes from 54.197.223.49: icmp_seq=864 ttl=43 time=43.1 ms
08-04 21:19:30.807 32542 32542 D cellinfo: onsignalStrengthsChanged: LTE Signal Strength info: rsrp: -80 rsrq: -11 rssi: -51 rssnr: 4
08-04 21:19:30.808 32542 32542 D cellinfo: onsignalStrengthsChanged: 5G-NR Signal Strength info: ssrsrp: -75 ssrsrq: -15 sssinr: -1
08-04 21:19:31.002 32542  7971 D cellinfo: 46 bytes from 54.197.223.49: icmp_seq=865 ttl=43 time=42.1 ms
08-04 21:19:31.202 32542  7971 D cellinfo: 46 bytes from 54.197.223.49: icmp_seq=866 ttl=43 time=41.6 ms
08-04 21:19:31.406 32542  7971 D cellinfo: 46 bytes from 54.197.223.49: icmp_seq=867 ttl=43 time=43.6 ms
08-04 21:19:31.604 32542  7971 D cellinfo: 46 bytes from 54.197.223.49: icmp_seq=868 ttl=43 time=42.2 ms
08-04 21:19:31.806 32542  7971 D cellinfo: 46 bytes from 54.197.223.49: icmp_seq=869 ttl=43 time=43.6 ms
08-04 21:19:31.825 32542 32542 D cellinfo: onsignalStrengthsChanged: LTE Signal Strength info: rsrp: -80 rsrq: -11 rssi: -51 rssnr: 4
08-04 21:19:31.825 32542 32542 D cellinfo: onsignalStrengthsChanged: 5G-NR Signal Strength info: ssrsrp: -76 ssrsrq: -15 sssinr: -1
08-04 21:19:32.004 32542  7971 D cellinfo: 46 bytes from 54.197.223.49: icmp_seq=870 ttl=43 time=40.4 ms
08-04 21:19:32.205 32542  7971 D cellinfo: 46 bytes from 54.197.223.49: icmp_seq=871 ttl=43 time=41.7 ms
08-04 21:19:32.403 32542  7971 D cellinfo: 46 bytes from 54.197.223.49: icmp_seq=872 ttl=43 time=36.2 ms
08-04 21:19:32.612 32542  7971 D cellinfo: 46 bytes from 54.197.223.49: icmp_seq=873 ttl=43 time=45.9 ms
08-04 21:19:32.811 32542  7971 D cellinfo: 46 bytes from 54.197.223.49: icmp_seq=874 ttl=43 time=45.1 ms
08-04 21:19:32.824 32542 32542 D cellinfo: onsignalStrengthsChanged: LTE Signal Strength info: rsrp: -80 rsrq: -11 rssi: -51 rssnr: 4
08-04 21:19:32.824 32542 32542 D cellinfo: onsignalStrengthsChanged: 5G-NR Signal Strength info: ssrsrp: -76 ssrsrq: -14 sssinr: 1
08-04 21:19:33.005 32542  7971 D cellinfo: 46 bytes from 54.197.223.49: icmp_seq=875 ttl=43 time=38.5 ms
08-04 21:19:33.208 32542  7971 D cellinfo: 46 bytes from 54.197.223.49: icmp_seq=876 ttl=43 time=40.8 ms
08-04 21:19:33.293 32542 32542 D cellinfo: Latitude is 42.3368839
08-04 21:19:33.293 32542 32542 D cellinfo: Longitude is -71.0868205
08-04 21:19:33.293 32542 32542 D cellinfo: Instantaneous GPS information: United States, 780 Columbus Ave, Boston, MA 02120, USA
08-04 21:19:33.293 32542 32542 D cellinfo: getCurrentLocation() result: Location (success): 42.3368839, -71.0868205
08-04 21:19:33.401 32542 32542 D cellinfo: onCellInfoChanged: Operator: AT&T...1 UpdateTimestamp: 713975218 CellConnectionStatus: 0
08-04 21:19:33.401 32542 32542 D cellinfo: onCellInfoChanged: LTE Cell Bands: [] Bandwidth: 2147483647 Cell ID: 16925193 Physical Cell ID: 154 Tracking Area Code: 1031 EARFCN: 700
08-04 21:19:33.410 32542  7971 D cellinfo: 46 bytes from 54.197.223.49: icmp_seq=877 ttl=43 time=43.0 ms
08-04 21:19:33.614 32542  7971 D cellinfo: 46 bytes from 54.197.223.49: icmp_seq=878 ttl=43 time=42.7 ms
08-04 21:19:33.810 32542 32542 D cellinfo: onsignalStrengthsChanged: LTE Signal Strength info: rsrp: -80 rsrq: -11 rssi: -51 rssnr: 4
08-04 21:19:33.810 32542 32542 D cellinfo: onsignalStrengthsChanged: 5G-NR Signal Strength info: ssrsrp: -77 ssrsrq: -14 sssinr: 0
08-04 21:19:33.896 32542  7971 D cellinfo: 46 bytes from 54.197.223.49: icmp_seq=879 ttl=43 time=124 ms
08-04 21:19:34.008 32542  7971 D cellinfo: 46 bytes from 54.197.223.49: icmp_seq=880 ttl=43 time=36.5 ms
08-04 21:19:34.216 32542  7971 D cellinfo: 46 bytes from 54.197.223.49: icmp_seq=881 ttl=43 time=44.1 ms
08-04 21:19:34.417 32542  7971 D cellinfo: 46 bytes from 54.197.223.49: icmp_seq=882 ttl=43 time=44.1 ms
08-04 21:19:34.608 32542  7971 D cellinfo: 46 bytes from 54.197.223.49: icmp_seq=883 ttl=43 time=35.4 ms
08-04 21:19:34.816 32542  7971 D cellinfo: 46 bytes from 54.197.223.49: icmp_seq=884 ttl=43 time=41.3 ms
08-04 21:19:34.817 32542 32542 D cellinfo: onsignalStrengthsChanged: LTE Signal Strength info: rsrp: -80 rsrq: -11 rssi: -51 rssnr: 4
08-04 21:19:34.817 32542 32542 D cellinfo: onsignalStrengthsChanged: 5G-NR Signal Strength info: ssrsrp: -76 ssrsrq: -14 sssinr: -1
08-04 21:19:35.017 32542  7971 D cellinfo: 46 bytes from 54.197.223.49: icmp_seq=885 ttl=43 time=40.5 ms
08-04 21:19:35.207 32542  7971 D cellinfo: 46 bytes from 54.197.223.49: icmp_seq=886 ttl=43 time=33.3 ms
08-04 21:19:35.413 32542  7971 D cellinfo: 46 bytes from 54.197.223.49: icmp_seq=887 ttl=43 time=37.2 ms
08-04 21:19:35.618 32542  7971 D cellinfo: 46 bytes from 54.197.223.49: icmp_seq=888 ttl=43 time=42.3 ms
08-04 21:19:35.812 32542 32542 D cellinfo: onsignalStrengthsChanged: LTE Signal Strength info: rsrp: -80 rsrq: -11 rssi: -51 rssnr: 4
08-04 21:19:35.812 32542 32542 D cellinfo: onsignalStrengthsChanged: 5G-NR Signal Strength info: ssrsrp: -76 ssrsrq: -14 sssinr: 1
08-04 21:19:35.821 32542  7971 D cellinfo: 46 bytes from 54.197.223.49: icmp_seq=889 ttl=43 time=44.2 ms
08-04 21:19:36.020 32542  7971 D cellinfo: 46 bytes from 54.197.223.49: icmp_seq=890 ttl=43 time=43.5 ms
08-04 21:19:36.214 32542  7971 D cellinfo: 46 bytes from 54.197.223.49: icmp_seq=891 ttl=43 time=34.4 ms
08-04 21:19:36.392 32542 32542 D cellinfo: onCellInfoChanged: Operator: AT&T...1 UpdateTimestamp: 713978252 CellConnectionStatus: 0
08-04 21:19:36.393 32542 32542 D cellinfo: onCellInfoChanged: LTE Cell Bands: [] Bandwidth: 2147483647 Cell ID: 16925193 Physical Cell ID: 154 Tracking Area Code: 1031 EARFCN: 700
08-04 21:19:36.420 32542  7971 D cellinfo: 46 bytes from 54.197.223.49: icmp_seq=892 ttl=43 time=41.7 ms
08-04 21:19:36.616 32542  7971 D cellinfo: 46 bytes from 54.197.223.49: icmp_seq=893 ttl=43 time=34.7 ms
08-04 21:19:36.752 32542 32542 D cellinfo: onsignalStrengthsChanged: LTE Signal Strength info: rsrp: -80 rsrq: -11 rssi: -51 rssnr: 5
08-04 21:19:36.752 32542 32542 D cellinfo: onsignalStrengthsChanged: 5G-NR Signal Strength info: ssrsrp: -76 ssrsrq: -14 sssinr: 1
08-04 21:19:36.814 32542 32542 D cellinfo: onsignalStrengthsChanged: LTE Signal Strength info: rsrp: -80 rsrq: -11 rssi: -51 rssnr: 5
08-04 21:19:36.814 32542 32542 D cellinfo: onsignalStrengthsChanged: 5G-NR Signal Strength info: ssrsrp: -77 ssrsrq: -14 sssinr: 1
08-04 21:19:36.824 32542  7971 D cellinfo: 46 bytes from 54.197.223.49: icmp_seq=894 ttl=43 time=43.2 ms
08-04 21:19:37.028 32542  7971 D cellinfo: 46 bytes from 54.197.223.49: icmp_seq=895 ttl=43 time=45.0 ms
08-04 21:19:37.221 32542  7971 D cellinfo: 46 bytes from 54.197.223.49: icmp_seq=896 ttl=43 time=38.9 ms
08-04 21:19:37.419 32542  7971 D cellinfo: 46 bytes from 54.197.223.49: icmp_seq=897 ttl=43 time=35.7 ms
08-04 21:19:37.489 32542 32542 D cellinfo: Latitude is 42.3368377
08-04 21:19:37.489 32542 32542 D cellinfo: Longitude is -71.0868667
08-04 21:19:37.489 32542 32542 D cellinfo: Instantaneous GPS information: United States, 780 Columbus Ave, Boston, MA 02120, USA
08-04 21:19:37.489 32542 32542 D cellinfo: getCurrentLocation() result: Location (success): 42.3368377, -71.0868667
08-04 21:19:37.629 32542  7971 D cellinfo: 46 bytes from 54.197.223.49: icmp_seq=898 ttl=43 time=42.3 ms
08-04 21:19:37.812 32542 32542 D cellinfo: onsignalStrengthsChanged: LTE Signal Strength info: rsrp: -80 rsrq: -11 rssi: -51 rssnr: 5
08-04 21:19:37.813 32542 32542 D cellinfo: onsignalStrengthsChanged: 5G-NR Signal Strength info: ssrsrp: -77 ssrsrq: -14 sssinr: -1
08-04 21:19:37.828 32542  7971 D cellinfo: 46 bytes from 54.197.223.49: icmp_seq=899 ttl=43 time=41.1 ms
08-04 21:19:38.029 32542  7971 D cellinfo: 46 bytes from 54.197.223.49: icmp_seq=900 ttl=43 time=40.6 ms
08-04 21:19:38.230 32542  7971 D cellinfo: 46 bytes from 54.197.223.49: icmp_seq=901 ttl=43 time=41.7 ms
08-04 21:19:38.431 32542  7971 D cellinfo: 46 bytes from 54.197.223.49: icmp_seq=902 ttl=43 time=42.0 ms
08-04 21:19:38.634 32542  7971 D cellinfo: 46 bytes from 54.197.223.49: icmp_seq=903 ttl=43 time=44.9 ms
08-04 21:19:38.817 32542 32542 D cellinfo: onsignalStrengthsChanged: LTE Signal Strength info: rsrp: -80 rsrq: -11 rssi: -51 rssnr: 5
08-04 21:19:38.817 32542 32542 D cellinfo: onsignalStrengthsChanged: 5G-NR Signal Strength info: ssrsrp: -75 ssrsrq: -13 sssinr: 4
08-04 21:19:38.833 32542  7971 D cellinfo: 46 bytes from 54.197.223.49: icmp_seq=904 ttl=43 time=43.5 ms
08-04 21:19:39.033 32542  7971 D cellinfo: 46 bytes from 54.197.223.49: icmp_seq=905 ttl=43 time=42.6 ms
08-04 21:19:39.233 32542  7971 D cellinfo: 46 bytes from 54.197.223.49: icmp_seq=906 ttl=43 time=41.6 ms
08-04 21:19:39.300 32542 32542 D cellinfo: Latitude is 42.3368377
08-04 21:19:39.300 32542 32542 D cellinfo: Longitude is -71.0868667
08-04 21:19:39.300 32542 32542 D cellinfo: Instantaneous GPS information: United States, 780 Columbus Ave, Boston, MA 02120, USA
08-04 21:19:39.300 32542 32542 D cellinfo: getCurrentLocation() result: Location (success): 42.3368377, -71.0868667
08-04 21:19:39.347 32542 32542 D cellinfo: onCellInfoChanged: Operator: AT&T...1 UpdateTimestamp: 713981207 CellConnectionStatus: 0
08-04 21:19:39.347 32542 32542 D cellinfo: onCellInfoChanged: LTE Cell Bands: [] Bandwidth: 2147483647 Cell ID: 16925193 Physical Cell ID: 154 Tracking Area Code: 1031 EARFCN: 700
08-04 21:19:39.383 32542 32542 D cellinfo: onsignalStrengthsChanged: LTE Signal Strength info: rsrp: -80 rsrq: -11 rssi: -51 rssnr: 6
08-04 21:19:39.383 32542 32542 D cellinfo: onsignalStrengthsChanged: 5G-NR Signal Strength info: ssrsrp: -75 ssrsrq: -13 sssinr: 4
08-04 21:19:39.432 32542  7971 D cellinfo: 46 bytes from 54.197.223.49: icmp_seq=907 ttl=43 time=39.5 ms
08-04 21:19:39.635 32542  7971 D cellinfo: 46 bytes from 54.197.223.49: icmp_seq=908 ttl=43 time=42.7 ms
08-04 21:19:39.816 32542 32542 D cellinfo: onsignalStrengthsChanged: LTE Signal Strength info: rsrp: -80 rsrq: -11 rssi: -51 rssnr: 6
08-04 21:19:39.816 32542 32542 D cellinfo: onsignalStrengthsChanged: 5G-NR Signal Strength info: ssrsrp: -75 ssrsrq: -12 sssinr: 4
08-04 21:19:39.835 32542  7971 D cellinfo: 46 bytes from 54.197.223.49: icmp_seq=909 ttl=43 time=41.1 ms
08-04 21:19:40.041 32542  7971 D cellinfo: 46 bytes from 54.197.223.49: icmp_seq=910 ttl=43 time=44.2 ms
08-04 21:19:40.233 32542  7971 D cellinfo: 46 bytes from 54.197.223.49: icmp_seq=911 ttl=43 time=36.2 ms
08-04 21:19:40.436 32542  7971 D cellinfo: 46 bytes from 54.197.223.49: icmp_seq=912 ttl=43 time=38.8 ms
08-04 21:19:40.640 32542  7971 D cellinfo: 46 bytes from 54.197.223.49: icmp_seq=913 ttl=43 time=41.6 ms
08-04 21:19:40.808 32542 32542 D cellinfo: onsignalStrengthsChanged: LTE Signal Strength info: rsrp: -80 rsrq: -11 rssi: -51 rssnr: 6
08-04 21:19:40.808 32542 32542 D cellinfo: onsignalStrengthsChanged: 5G-NR Signal Strength info: ssrsrp: -76 ssrsrq: -13 sssinr: 4
08-04 21:19:40.841 32542  7971 D cellinfo: 46 bytes from 54.197.223.49: icmp_seq=914 ttl=43 time=40.3 ms
08-04 21:19:41.044 32542  7971 D cellinfo: 46 bytes from 54.197.223.49: icmp_seq=915 ttl=43 time=42.3 ms
08-04 21:19:41.244 32542  7971 D cellinfo: 46 bytes from 54.197.223.49: icmp_seq=916 ttl=43 time=41.3 ms
08-04 21:19:41.446 32542  7971 D cellinfo: 46 bytes from 54.197.223.49: icmp_seq=917 ttl=43 time=42.3 ms
08-04 21:19:41.656 32542  7971 D cellinfo: 46 bytes from 54.197.223.49: icmp_seq=918 ttl=43 time=52.7 ms
08-04 21:19:41.814 32542 32542 D cellinfo: onsignalStrengthsChanged: LTE Signal Strength info: rsrp: -80 rsrq: -11 rssi: -51 rssnr: 6
08-04 21:19:41.814 32542 32542 D cellinfo: onsignalStrengthsChanged: 5G-NR Signal Strength info: ssrsrp: -77 ssrsrq: -13 sssinr: 2
08-04 21:19:41.853 32542  7971 D cellinfo: 46 bytes from 54.197.223.49: icmp_seq=919 ttl=43 time=49.0 ms
08-04 21:19:42.040 32542  7971 D cellinfo: 46 bytes from 54.197.223.49: icmp_seq=920 ttl=43 time=34.5 ms
08-04 21:19:42.248 32542  7971 D cellinfo: 46 bytes from 54.197.223.49: icmp_seq=921 ttl=43 time=42.4 ms
08-04 21:19:42.297 32542 32542 D cellinfo: Latitude is 42.3368377
08-04 21:19:42.297 32542 32542 D cellinfo: Longitude is -71.0868667
08-04 21:19:42.297 32542 32542 D cellinfo: Instantaneous GPS information: United States, 780 Columbus Ave, Boston, MA 02120, USA
08-04 21:19:42.297 32542 32542 D cellinfo: getCurrentLocation() result: Location (success): 42.3368377, -71.0868667
08-04 21:19:42.395 32542 32542 D cellinfo: onCellInfoChanged: Operator: AT&T...1 UpdateTimestamp: 713984250 CellConnectionStatus: 0
08-04 21:19:42.395 32542 32542 D cellinfo: onCellInfoChanged: LTE Cell Bands: [] Bandwidth: 2147483647 Cell ID: 16925193 Physical Cell ID: 154 Tracking Area Code: 1031 EARFCN: 700
08-04 21:19:42.443 32542  7971 D cellinfo: 46 bytes from 54.197.223.49: icmp_seq=922 ttl=43 time=37.5 ms
08-04 21:19:42.651 32542  7971 D cellinfo: 46 bytes from 54.197.223.49: icmp_seq=923 ttl=43 time=43.3 ms
08-04 21:19:42.813 32542 32542 D cellinfo: onsignalStrengthsChanged: LTE Signal Strength info: rsrp: -80 rsrq: -11 rssi: -51 rssnr: 6
08-04 21:19:42.813 32542 32542 D cellinfo: onsignalStrengthsChanged: 5G-NR Signal Strength info: ssrsrp: -78 ssrsrq: -13 sssinr: 3
08-04 21:19:42.854 32542  7971 D cellinfo: 46 bytes from 54.197.223.49: icmp_seq=924 ttl=43 time=44.0 ms
08-04 21:19:43.055 32542  7971 D cellinfo: 46 bytes from 54.197.223.49: icmp_seq=925 ttl=43 time=44.3 ms
08-04 21:19:43.247 32542  7971 D cellinfo: 46 bytes from 54.197.223.49: icmp_seq=926 ttl=43 time=35.1 ms
