08-14 23:36:22.872  6001  6238 D cellinfo: 46 bytes from 54.197.223.49: icmp_seq=1615 ttl=38 time=95.0 ms
08-14 23:36:23.073  6001  6238 D cellinfo: 46 bytes from 54.197.223.49: icmp_seq=1616 ttl=38 time=94.9 ms
08-14 23:36:23.280  6001  6238 D cellinfo: 46 bytes from 54.197.223.49: icmp_seq=1617 ttl=38 time=101 ms
08-14 23:36:23.486  6001  6238 D cellinfo: 46 bytes from 54.197.223.49: icmp_seq=1618 ttl=38 time=106 ms
08-14 23:36:23.504  6001  6001 D cellinfo: Latitude is 42.9298647
08-14 23:36:23.504  6001  6001 D cellinfo: Longitude is -78.8271581
08-14 23:36:23.504  6001  6001 D cellinfo: Instantaneous GPS information: United States, 52 Warwick Ave, Buffalo, NY 14215, USA
08-14 23:36:23.504  6001  6001 D cellinfo: getCurrentLocation() result: Location (success): 42.9298647, -78.8271581
08-14 23:36:23.692  6001  6238 D cellinfo: 46 bytes from 54.197.223.49: icmp_seq=1619 ttl=38 time=112 ms
08-14 23:36:23.816  6001  6001 D cellinfo: onCellInfoChanged: Operator:  UpdateTimestamp: 358463221 CellConnectionStatus: 1
08-14 23:36:23.816  6001  6001 D cellinfo: onCellInfoChanged: 5G-NR Cell Bands: [] ARFCN: 520020 Cell ID: 9223372036854775807 Physical Cell ID: 44 Tracking Area Code: 16777215
08-14 23:36:23.877  6001  6238 D cellinfo: 46 bytes from 54.197.223.49: icmp_seq=1620 ttl=38 time=96.8 ms
08-14 23:36:24.057  6001  6238 D cellinfo: 46 bytes from 54.197.223.49: icmp_seq=1621 ttl=38 time=76.0 ms
08-14 23:36:24.282  6001  6238 D cellinfo: 46 bytes from 54.197.223.49: icmp_seq=1622 ttl=38 time=101 ms
08-14 23:36:24.462  6001  6238 D cellinfo: 46 bytes from 54.197.223.49: icmp_seq=1623 ttl=38 time=80.2 ms
08-14 23:36:24.682  6001  6238 D cellinfo: 46 bytes from 54.197.223.49: icmp_seq=1624 ttl=38 time=98.4 ms
08-14 23:36:24.882  6001  6238 D cellinfo: 46 bytes from 54.197.223.49: icmp_seq=1625 ttl=38 time=98.5 ms
08-14 23:36:25.061  6001  6238 D cellinfo: 46 bytes from 54.197.223.49: icmp_seq=1626 ttl=38 time=77.4 ms
08-14 23:36:25.292  6001  6238 D cellinfo: 46 bytes from 54.197.223.49: icmp_seq=1627 ttl=38 time=107 ms
08-14 23:36:25.471  6001  6238 D cellinfo: 46 bytes from 54.197.223.49: icmp_seq=1628 ttl=38 time=86.5 ms
08-14 23:36:25.699  6001  6238 D cellinfo: 46 bytes from 54.197.223.49: icmp_seq=1629 ttl=38 time=112 ms
08-14 23:36:25.911  6001  6238 D cellinfo: 46 bytes from 54.197.223.49: icmp_seq=1630 ttl=38 time=122 ms
08-14 23:36:26.062  6001  6238 D cellinfo: 46 bytes from 54.197.223.49: icmp_seq=1631 ttl=38 time=73.5 ms
08-14 23:36:26.292  6001  6238 D cellinfo: 46 bytes from 54.197.223.49: icmp_seq=1632 ttl=38 time=104 ms
08-14 23:36:26.495  6001  6238 D cellinfo: 46 bytes from 54.197.223.49: icmp_seq=1633 ttl=38 time=107 ms
08-14 23:36:26.516  6001  6001 D cellinfo: Latitude is 42.9298647
08-14 23:36:26.516  6001  6001 D cellinfo: Longitude is -78.8271581
08-14 23:36:26.516  6001  6001 D cellinfo: Instantaneous GPS information: United States, 52 Warwick Ave, Buffalo, NY 14215, USA
08-14 23:36:26.516  6001  6001 D cellinfo: getCurrentLocation() result: Location (success): 42.9298647, -78.8271581
08-14 23:36:26.831  6001  6238 D cellinfo: 46 bytes from 54.197.223.49: icmp_seq=1634 ttl=38 time=242 ms
08-14 23:36:26.979  6001  6238 D cellinfo: 46 bytes from 54.197.223.49: icmp_seq=1635 ttl=38 time=187 ms
08-14 23:36:27.165  6001  6238 D cellinfo: 46 bytes from 54.197.223.49: icmp_seq=1636 ttl=38 time=173 ms
08-14 23:36:27.306  6001  6238 D cellinfo: 46 bytes from 54.197.223.49: icmp_seq=1637 ttl=38 time=114 ms
08-14 23:36:27.467  6001  6238 D cellinfo: 46 bytes from 54.197.223.49: icmp_seq=1638 ttl=38 time=75.4 ms
08-14 23:36:27.682  6001  6238 D cellinfo: 46 bytes from 54.197.223.49: icmp_seq=1639 ttl=38 time=88.1 ms
08-14 23:36:27.876  6001  6238 D cellinfo: 46 bytes from 54.197.223.49: icmp_seq=1640 ttl=38 time=81.3 ms
08-14 23:36:28.082  6001  6238 D cellinfo: 46 bytes from 54.197.223.49: icmp_seq=1641 ttl=38 time=86.3 ms
08-14 23:36:28.276  6001  6238 D cellinfo: 46 bytes from 54.197.223.49: icmp_seq=1642 ttl=38 time=80.0 ms
08-14 23:36:28.482  6001  6238 D cellinfo: 46 bytes from 54.197.223.49: icmp_seq=1643 ttl=38 time=84.9 ms
08-14 23:36:28.676  6001  6238 D cellinfo: 46 bytes from 54.197.223.49: icmp_seq=1644 ttl=38 time=77.7 ms
08-14 23:36:28.881  6001  6238 D cellinfo: 46 bytes from 54.197.223.49: icmp_seq=1645 ttl=38 time=82.0 ms
08-14 23:36:29.081  6001  6238 D cellinfo: 46 bytes from 54.197.223.49: icmp_seq=1646 ttl=38 time=81.0 ms
08-14 23:36:29.287  6001  6238 D cellinfo: 46 bytes from 54.197.223.49: icmp_seq=1647 ttl=38 time=87.0 ms
08-14 23:36:29.485  6001  6238 D cellinfo: 46 bytes from 54.197.223.49: icmp_seq=1648 ttl=38 time=84.7 ms
08-14 23:36:29.502  6001  6001 D cellinfo: Latitude is 42.9298647
08-14 23:36:29.502  6001  6001 D cellinfo: Longitude is -78.8271581
08-14 23:36:29.502  6001  6001 D cellinfo: Instantaneous GPS information: United States, 52 Warwick Ave, Buffalo, NY 14215, USA
08-14 23:36:29.502  6001  6001 D cellinfo: getCurrentLocation() result: Location (success): 42.9298647, -78.8271581
08-14 23:36:29.546  6001  6001 D cellinfo: onCellInfoChanged: Operator:  UpdateTimestamp: 358468954 CellConnectionStatus: 1
08-14 23:36:29.546  6001  6001 D cellinfo: onCellInfoChanged: 5G-NR Cell Bands: [] ARFCN: 520020 Cell ID: 9223372036854775807 Physical Cell ID: 41 Tracking Area Code: 16777215
08-14 23:36:29.678  6001  6238 D cellinfo: 46 bytes from 54.197.223.49: icmp_seq=1649 ttl=38 time=77.3 ms
08-14 23:36:29.881  6001  6238 D cellinfo: 46 bytes from 54.197.223.49: icmp_seq=1650 ttl=38 time=78.4 ms
08-14 23:36:30.080  6001  6238 D cellinfo: 46 bytes from 54.197.223.49: icmp_seq=1651 ttl=38 time=77.6 ms
08-14 23:36:30.285  6001  6238 D cellinfo: 46 bytes from 54.197.223.49: icmp_seq=1652 ttl=38 time=81.9 ms
08-14 23:36:30.477  6001  6238 D cellinfo: 46 bytes from 54.197.223.49: icmp_seq=1653 ttl=38 time=73.8 ms
08-14 23:36:30.685  6001  6238 D cellinfo: 46 bytes from 54.197.223.49: icmp_seq=1654 ttl=38 time=81.1 ms
08-14 23:36:30.888  6001  6238 D cellinfo: 46 bytes from 54.197.223.49: icmp_seq=1655 ttl=38 time=82.7 ms
08-14 23:36:31.085  6001  6238 D cellinfo: 46 bytes from 54.197.223.49: icmp_seq=1656 ttl=38 time=79.5 ms
08-14 23:36:31.285  6001  6238 D cellinfo: 46 bytes from 54.197.223.49: icmp_seq=1657 ttl=38 time=79.1 ms
08-14 23:36:31.485  6001  6238 D cellinfo: 46 bytes from 54.197.223.49: icmp_seq=1658 ttl=38 time=77.7 ms
08-14 23:36:31.685  6001  6238 D cellinfo: 46 bytes from 54.197.223.49: icmp_seq=1659 ttl=38 time=76.7 ms
08-14 23:36:31.891  6001  6238 D cellinfo: 46 bytes from 54.197.223.49: icmp_seq=1660 ttl=38 time=82.1 ms
08-14 23:36:32.096  6001  6238 D cellinfo: 46 bytes from 54.197.223.49: icmp_seq=1661 ttl=38 time=87.1 ms
08-14 23:36:32.291  6001  6238 D cellinfo: 46 bytes from 54.197.223.49: icmp_seq=1662 ttl=38 time=80.2 ms
08-14 23:36:32.490  6001  6238 D cellinfo: 46 bytes from 54.197.223.49: icmp_seq=1663 ttl=38 time=79.4 ms
08-14 23:36:32.687  6001  6238 D cellinfo: 46 bytes from 54.197.223.49: icmp_seq=1664 ttl=38 time=75.4 ms
08-14 23:36:32.886  6001  6238 D cellinfo: 46 bytes from 54.197.223.49: icmp_seq=1665 ttl=38 time=73.7 ms
08-14 23:36:33.085  6001  6238 D cellinfo: 46 bytes from 54.197.223.49: icmp_seq=1666 ttl=38 time=72.8 ms
08-14 23:36:33.215  6001  6001 D cellinfo: Latitude is 42.9297814
08-14 23:36:33.215  6001  6001 D cellinfo: Longitude is -78.8232954
08-14 23:36:33.215  6001  6001 D cellinfo: Instantaneous GPS information: United States, 536 Cambridge Ave, Buffalo, NY 14215, USA
08-14 23:36:33.215  6001  6001 D cellinfo: getCurrentLocation() result: Location (success): 42.9297814, -78.8232954
08-14 23:36:33.287  6001  6238 D cellinfo: 46 bytes from 54.197.223.49: icmp_seq=1667 ttl=38 time=73.1 ms
08-14 23:36:33.494  6001  6238 D cellinfo: 46 bytes from 54.197.223.49: icmp_seq=1668 ttl=38 time=79.9 ms
08-14 23:36:33.695  6001  6238 D cellinfo: 46 bytes from 54.197.223.49: icmp_seq=1669 ttl=38 time=80.0 ms
08-14 23:36:33.895  6001  6238 D cellinfo: 46 bytes from 54.197.223.49: icmp_seq=1670 ttl=38 time=79.1 ms
08-14 23:36:34.095  6001  6238 D cellinfo: 46 bytes from 54.197.223.49: icmp_seq=1671 ttl=38 time=78.1 ms
08-14 23:36:34.301  6001  6238 D cellinfo: 46 bytes from 54.197.223.49: icmp_seq=1672 ttl=38 time=82.6 ms
08-14 23:36:34.495  6001  6238 D cellinfo: 46 bytes from 54.197.223.49: icmp_seq=1673 ttl=38 time=76.9 ms
08-14 23:36:34.700  6001  6238 D cellinfo: 46 bytes from 54.197.223.49: icmp_seq=1674 ttl=38 time=81.6 ms
08-14 23:36:34.960  6001  6238 D cellinfo: 46 bytes from 54.197.223.49: icmp_seq=1675 ttl=38 time=140 ms
08-14 23:36:35.095  6001  6238 D cellinfo: 46 bytes from 54.197.223.49: icmp_seq=1676 ttl=38 time=75.2 ms
08-14 23:36:35.312  6001  6238 D cellinfo: 46 bytes from 54.197.223.49: icmp_seq=1677 ttl=38 time=90.9 ms
08-14 23:36:35.498  6001  6001 D cellinfo: Latitude is 42.9297814
08-14 23:36:35.498  6001  6001 D cellinfo: Longitude is -78.8232954
08-14 23:36:35.498  6001  6001 D cellinfo: Instantaneous GPS information: United States, 536 Cambridge Ave, Buffalo, NY 14215, USA
08-14 23:36:35.498  6001  6001 D cellinfo: getCurrentLocation() result: Location (success): 42.9297814, -78.8232954
08-14 23:36:35.522  6001  6238 D cellinfo: 46 bytes from 54.197.223.49: icmp_seq=1678 ttl=38 time=100 ms
08-14 23:36:35.696  6001  6238 D cellinfo: 46 bytes from 54.197.223.49: icmp_seq=1679 ttl=38 time=72.3 ms
08-14 23:36:35.737  6001  6001 D cellinfo: onCellInfoChanged: Operator:  UpdateTimestamp: 358475140 CellConnectionStatus: 1
08-14 23:36:35.737  6001  6001 D cellinfo: onCellInfoChanged: 5G-NR Cell Bands: [] ARFCN: 520020 Cell ID: 9223372036854775807 Physical Cell ID: 41 Tracking Area Code: 16777215
08-14 23:36:35.905  6001  6238 D cellinfo: 46 bytes from 54.197.223.49: icmp_seq=1680 ttl=38 time=80.7 ms
08-14 23:36:36.106  6001  6238 D cellinfo: 46 bytes from 54.197.223.49: icmp_seq=1681 ttl=38 time=80.7 ms
08-14 23:36:36.306  6001  6238 D cellinfo: 46 bytes from 54.197.223.49: icmp_seq=1682 ttl=38 time=80.6 ms
08-14 23:36:36.505  6001  6238 D cellinfo: 46 bytes from 54.197.223.49: icmp_seq=1683 ttl=38 time=78.6 ms
08-14 23:36:36.706  6001  6238 D cellinfo: 46 bytes from 54.197.223.49: icmp_seq=1684 ttl=38 time=78.6 ms
08-14 23:36:36.785  6001  6001 D cellinfo: onServiceStateChanged: Channel Number: 675 Cell Bandwidths: [15000, 20000, 40000]
08-14 23:36:36.818  6001  6001 D cellinfo: onServiceStateChanged: Channel Number: 675 Cell Bandwidths: [15000, 20000, 40000]
08-14 23:36:36.874  6001  6001 D cellinfo: onServiceStateChanged: Channel Number: 675 Cell Bandwidths: [15000, 20000, 40000]
08-14 23:36:36.946  6001  6001 D cellinfo: onServiceStateChanged: Channel Number: 675 Cell Bandwidths: [15000]
08-14 23:36:37.052  6001  6238 D cellinfo: 46 bytes from 54.197.223.49: icmp_seq=1685 ttl=38 time=224 ms
08-14 23:36:37.131  6001  6238 D cellinfo: 46 bytes from 54.197.223.49: icmp_seq=1686 ttl=38 time=95.4 ms
08-14 23:36:37.274  6001  6001 D cellinfo: onServiceStateChanged: Channel Number: 675 Cell Bandwidths: [15000, 20000]
08-14 23:36:37.321  6001  6001 D cellinfo: onServiceStateChanged: Channel Number: 675 Cell Bandwidths: [15000, 40000]
08-14 23:36:37.543  6001  6238 D cellinfo: 46 bytes from 54.197.223.49: icmp_seq=1688 ttl=38 time=103 ms
08-14 23:36:37.743  6001  6238 D cellinfo: 46 bytes from 54.197.223.49: icmp_seq=1689 ttl=38 time=103 ms
08-14 23:36:37.936  6001  6238 D cellinfo: 46 bytes from 54.197.223.49: icmp_seq=1690 ttl=38 time=94.2 ms
08-14 23:36:38.115  6001  6238 D cellinfo: 46 bytes from 54.197.223.49: icmp_seq=1691 ttl=38 time=73.7 ms
08-14 23:36:38.334  6001  6238 D cellinfo: 46 bytes from 54.197.223.49: icmp_seq=1692 ttl=38 time=92.4 ms
08-14 23:36:38.500  6001  6001 D cellinfo: Latitude is 42.9297814
08-14 23:36:38.500  6001  6001 D cellinfo: Longitude is -78.8232954
08-14 23:36:38.500  6001  6001 D cellinfo: Instantaneous GPS information: United States, 536 Cambridge Ave, Buffalo, NY 14215, USA
08-14 23:36:38.500  6001  6001 D cellinfo: getCurrentLocation() result: Location (success): 42.9297814, -78.8232954
08-14 23:36:38.535  6001  6238 D cellinfo: 46 bytes from 54.197.223.49: icmp_seq=1693 ttl=38 time=91.9 ms
08-14 23:36:38.720  6001  6238 D cellinfo: 46 bytes from 54.197.223.49: icmp_seq=1694 ttl=38 time=76.4 ms
08-14 23:36:38.935  6001  6238 D cellinfo: 46 bytes from 54.197.223.49: icmp_seq=1695 ttl=38 time=90.6 ms
08-14 23:36:39.136  6001  6238 D cellinfo: 46 bytes from 54.197.223.49: icmp_seq=1696 ttl=38 time=90.1 ms
08-14 23:36:39.336  6001  6238 D cellinfo: 46 bytes from 54.197.223.49: icmp_seq=1697 ttl=38 time=88.8 ms
08-14 23:36:39.537  6001  6238 D cellinfo: 46 bytes from 54.197.223.49: icmp_seq=1698 ttl=38 time=88.9 ms
08-14 23:36:39.735  6001  6238 D cellinfo: 46 bytes from 54.197.223.49: icmp_seq=1699 ttl=38 time=86.7 ms
08-14 23:36:39.937  6001  6238 D cellinfo: 46 bytes from 54.197.223.49: icmp_seq=1700 ttl=38 time=86.5 ms
08-14 23:36:40.135  6001  6238 D cellinfo: 46 bytes from 54.197.223.49: icmp_seq=1701 ttl=38 time=85.1 ms
08-14 23:36:40.337  6001  6238 D cellinfo: 46 bytes from 54.197.223.49: icmp_seq=1702 ttl=38 time=85.2 ms
08-14 23:36:40.542  6001  6238 D cellinfo: 46 bytes from 54.197.223.49: icmp_seq=1703 ttl=38 time=88.8 ms
08-14 23:36:40.736  6001  6238 D cellinfo: 46 bytes from 54.197.223.49: icmp_seq=1704 ttl=38 time=81.7 ms
08-14 23:36:40.935  6001  6238 D cellinfo: 46 bytes from 54.197.223.49: icmp_seq=1705 ttl=38 time=81.0 ms
08-14 23:36:41.137  6001  6238 D cellinfo: 46 bytes from 54.197.223.49: icmp_seq=1706 ttl=38 time=82.2 ms
08-14 23:36:41.339  6001  6238 D cellinfo: 46 bytes from 54.197.223.49: icmp_seq=1707 ttl=38 time=79.5 ms
08-14 23:36:41.496  6001  6001 D cellinfo: Latitude is 42.9297814
08-14 23:36:41.496  6001  6001 D cellinfo: Longitude is -78.8232954
08-14 23:36:41.496  6001  6001 D cellinfo: Instantaneous GPS information: United States, 536 Cambridge Ave, Buffalo, NY 14215, USA
08-14 23:36:41.496  6001  6001 D cellinfo: getCurrentLocation() result: Location (success): 42.9297814, -78.8232954
08-14 23:36:41.535  6001  6238 D cellinfo: 46 bytes from 54.197.223.49: icmp_seq=1708 ttl=38 time=78.0 ms
08-14 23:36:41.715  6001  6001 D cellinfo: onCellInfoChanged: Operator:  UpdateTimestamp: 358481120 CellConnectionStatus: 1
08-14 23:36:41.715  6001  6001 D cellinfo: onCellInfoChanged: 5G-NR Cell Bands: [] ARFCN: 520020 Cell ID: 9223372036854775807 Physical Cell ID: 39 Tracking Area Code: 16777215
08-14 23:36:41.730  6001  6238 D cellinfo: 46 bytes from 54.197.223.49: icmp_seq=1709 ttl=38 time=72.1 ms
08-14 23:36:41.963  6001  6238 D cellinfo: 46 bytes from 54.197.223.49: icmp_seq=1710 ttl=38 time=104 ms
08-14 23:36:42.136  6001  6238 D cellinfo: 46 bytes from 54.197.223.49: icmp_seq=1711 ttl=38 time=75.6 ms
08-14 23:36:42.356  6001  6238 D cellinfo: 46 bytes from 54.197.223.49: icmp_seq=1712 ttl=38 time=95.2 ms
08-14 23:36:42.556  6001  6238 D cellinfo: 46 bytes from 54.197.223.49: icmp_seq=1713 ttl=38 time=94.9 ms
08-14 23:36:42.761  6001  6238 D cellinfo: 46 bytes from 54.197.223.49: icmp_seq=1714 ttl=38 time=97.8 ms
08-14 23:36:42.956  6001  6238 D cellinfo: 46 bytes from 54.197.223.49: icmp_seq=1715 ttl=38 time=93.1 ms
08-14 23:36:43.155  6001  6238 D cellinfo: 46 bytes from 54.197.223.49: icmp_seq=1716 ttl=38 time=91.2 ms
08-14 23:36:43.356  6001  6238 D cellinfo: 46 bytes from 54.197.223.49: icmp_seq=1717 ttl=38 time=90.3 ms
08-14 23:36:43.555  6001  6238 D cellinfo: 46 bytes from 54.197.223.49: icmp_seq=1718 ttl=38 time=89.1 ms
08-14 23:36:43.756  6001  6238 D cellinfo: 46 bytes from 54.197.223.49: icmp_seq=1719 ttl=38 time=89.6 ms
08-14 23:36:43.956  6001  6238 D cellinfo: 46 bytes from 54.197.223.49: icmp_seq=1720 ttl=38 time=89.2 ms
08-14 23:36:44.156  6001  6238 D cellinfo: 46 bytes from 54.197.223.49: icmp_seq=1721 ttl=38 time=87.6 ms
08-14 23:36:44.355  6001  6238 D cellinfo: 46 bytes from 54.197.223.49: icmp_seq=1722 ttl=38 time=86.8 ms
08-14 23:36:44.555  6001  6238 D cellinfo: 46 bytes from 54.197.223.49: icmp_seq=1723 ttl=38 time=85.9 ms
08-14 23:36:44.751  6001  6238 D cellinfo: 46 bytes from 54.197.223.49: icmp_seq=1724 ttl=38 time=81.7 ms
08-14 23:36:44.950  6001  6238 D cellinfo: 46 bytes from 54.197.223.49: icmp_seq=1725 ttl=38 time=79.6 ms
08-14 23:36:45.145  6001  6238 D cellinfo: 46 bytes from 54.197.223.49: icmp_seq=1726 ttl=38 time=74.5 ms
08-14 23:36:45.186  6001  6001 D cellinfo: Latitude is 42.9302429
08-14 23:36:45.186  6001  6001 D cellinfo: Longitude is -78.8197037
08-14 23:36:45.186  6001  6001 D cellinfo: Instantaneous GPS information: United States, 545 Norfolk Ave, Buffalo, NY 14215, USA
08-14 23:36:45.186  6001  6001 D cellinfo: getCurrentLocation() result: Location (success): 42.9302429, -78.8197037
08-14 23:36:45.347  6001  6238 D cellinfo: 46 bytes from 54.197.223.49: icmp_seq=1727 ttl=38 time=74.6 ms
08-14 23:36:45.556  6001  6238 D cellinfo: 46 bytes from 54.197.223.49: icmp_seq=1728 ttl=38 time=83.7 ms
08-14 23:36:45.755  6001  6238 D cellinfo: 46 bytes from 54.197.223.49: icmp_seq=1729 ttl=38 time=82.1 ms
08-14 23:36:45.955  6001  6238 D cellinfo: 46 bytes from 54.197.223.49: icmp_seq=1730 ttl=38 time=80.8 ms
08-14 23:36:46.156  6001  6238 D cellinfo: 46 bytes from 54.197.223.49: icmp_seq=1731 ttl=38 time=80.9 ms
08-14 23:36:46.356  6001  6238 D cellinfo: 46 bytes from 54.197.223.49: icmp_seq=1732 ttl=38 time=80.2 ms
08-14 23:36:46.556  6001  6238 D cellinfo: 46 bytes from 54.197.223.49: icmp_seq=1733 ttl=38 time=80.0 ms
08-14 23:36:46.754  6001  6238 D cellinfo: 46 bytes from 54.197.223.49: icmp_seq=1734 ttl=38 time=77.9 ms
08-14 23:36:46.977  6001  6238 D cellinfo: 46 bytes from 54.197.223.49: icmp_seq=1735 ttl=38 time=98.6 ms
08-14 23:36:47.180  6001  6238 D cellinfo: 46 bytes from 54.197.223.49: icmp_seq=1736 ttl=38 time=100 ms
08-14 23:36:47.376  6001  6238 D cellinfo: 46 bytes from 54.197.223.49: icmp_seq=1737 ttl=38 time=95.6 ms
08-14 23:36:47.496  6001  6001 D cellinfo: Latitude is 42.9302429
08-14 23:36:47.496  6001  6001 D cellinfo: Longitude is -78.8197037
08-14 23:36:47.496  6001  6001 D cellinfo: Instantaneous GPS information: United States, 545 Norfolk Ave, Buffalo, NY 14215, USA
08-14 23:36:47.496  6001  6001 D cellinfo: getCurrentLocation() result: Location (success): 42.9302429, -78.8197037
08-14 23:36:47.576  6001  6238 D cellinfo: 46 bytes from 54.197.223.49: icmp_seq=1738 ttl=38 time=96.2 ms
08-14 23:36:47.743  6001  6001 D cellinfo: onCellInfoChanged: Operator:  UpdateTimestamp: 358487148 CellConnectionStatus: 1
08-14 23:36:47.743  6001  6001 D cellinfo: onCellInfoChanged: 5G-NR Cell Bands: [] ARFCN: 520020 Cell ID: 9223372036854775807 Physical Cell ID: 39 Tracking Area Code: 16777215
08-14 23:36:47.755  6001  6238 D cellinfo: 46 bytes from 54.197.223.49: icmp_seq=1739 ttl=38 time=74.0 ms
08-14 23:36:47.975  6001  6238 D cellinfo: 46 bytes from 54.197.223.49: icmp_seq=1740 ttl=38 time=93.8 ms
08-14 23:36:48.176  6001  6238 D cellinfo: 46 bytes from 54.197.223.49: icmp_seq=1741 ttl=38 time=93.5 ms
08-14 23:36:48.383  6001  6238 D cellinfo: 46 bytes from 54.197.223.49: icmp_seq=1742 ttl=38 time=100 ms
08-14 23:36:48.638  6001  6238 D cellinfo: 46 bytes from 54.197.223.49: icmp_seq=1743 ttl=38 time=153 ms
08-14 23:36:48.772  6001  6238 D cellinfo: 46 bytes from 54.197.223.49: icmp_seq=1744 ttl=38 time=86.4 ms
08-14 23:36:48.982  6001  6238 D cellinfo: 46 bytes from 54.197.223.49: icmp_seq=1745 ttl=38 time=95.8 ms
08-14 23:36:49.187  6001  6238 D cellinfo: 46 bytes from 54.197.223.49: icmp_seq=1746 ttl=38 time=99.9 ms
08-14 23:36:49.388  6001  6238 D cellinfo: 46 bytes from 54.197.223.49: icmp_seq=1747 ttl=38 time=99.2 ms
08-14 23:36:49.591  6001  6238 D cellinfo: 46 bytes from 54.197.223.49: icmp_seq=1748 ttl=38 time=102 ms
08-14 23:36:49.797  6001  6238 D cellinfo: 46 bytes from 54.197.223.49: icmp_seq=1749 ttl=38 time=107 ms
08-14 23:36:49.982  6001  6238 D cellinfo: 46 bytes from 54.197.223.49: icmp_seq=1750 ttl=38 time=90.4 ms
08-14 23:36:50.203  6001  6238 D cellinfo: 46 bytes from 54.197.223.49: icmp_seq=1751 ttl=38 time=110 ms
08-14 23:36:50.493  6001  6001 D cellinfo: Latitude is 42.9302429
08-14 23:36:50.493  6001  6001 D cellinfo: Longitude is -78.8197037
08-14 23:36:50.493  6001  6001 D cellinfo: Instantaneous GPS information: United States, 545 Norfolk Ave, Buffalo, NY 14215, USA
08-14 23:36:50.493  6001  6001 D cellinfo: getCurrentLocation() result: Location (success): 42.9302429, -78.8197037
08-14 23:36:50.552  6001  6238 D cellinfo: 46 bytes from 54.197.223.49: icmp_seq=1752 ttl=38 time=258 ms
08-14 23:36:50.734  6001  6238 D cellinfo: 46 bytes from 54.197.223.49: icmp_seq=1753 ttl=38 time=238 ms
08-14 23:36:50.782  6001  6238 D cellinfo: 46 bytes from 54.197.223.49: icmp_seq=1754 ttl=38 time=85.6 ms
08-14 23:36:50.983  6001  6238 D cellinfo: 46 bytes from 54.197.223.49: icmp_seq=1755 ttl=38 time=86.3 ms
08-14 23:36:51.227  6001  6238 D cellinfo: 46 bytes from 54.197.223.49: icmp_seq=1756 ttl=38 time=128 ms
08-14 23:36:51.378  6001  6238 D cellinfo: 46 bytes from 54.197.223.49: icmp_seq=1757 ttl=38 time=78.5 ms
08-14 23:36:51.607  6001  6238 D cellinfo: 46 bytes from 54.197.223.49: icmp_seq=1758 ttl=38 time=107 ms
08-14 23:36:51.783  6001  6238 D cellinfo: 46 bytes from 54.197.223.49: icmp_seq=1759 ttl=38 time=82.8 ms
08-14 23:36:52.002  6001  6238 D cellinfo: 46 bytes from 54.197.223.49: icmp_seq=1760 ttl=38 time=101 ms
08-14 23:36:52.207  6001  6238 D cellinfo: 46 bytes from 54.197.223.49: icmp_seq=1761 ttl=38 time=105 ms
08-14 23:36:52.433  6001  6238 D cellinfo: 46 bytes from 54.197.223.49: icmp_seq=1762 ttl=38 time=130 ms
08-14 23:36:52.576  6001  6238 D cellinfo: 46 bytes from 54.197.223.49: icmp_seq=1763 ttl=38 time=73.6 ms
08-14 23:36:52.795  6001  6238 D cellinfo: 46 bytes from 54.197.223.49: icmp_seq=1764 ttl=38 time=91.8 ms
08-14 23:36:52.996  6001  6238 D cellinfo: 46 bytes from 54.197.223.49: icmp_seq=1765 ttl=38 time=91.2 ms
08-14 23:36:53.208  6001  6238 D cellinfo: 46 bytes from 54.197.223.49: icmp_seq=1766 ttl=38 time=103 ms
08-14 23:36:53.399  6001  6238 D cellinfo: 46 bytes from 54.197.223.49: icmp_seq=1767 ttl=38 time=92.9 ms
08-14 23:36:53.493  6001  6001 D cellinfo: Latitude is 42.9302429
08-14 23:36:53.493  6001  6001 D cellinfo: Longitude is -78.8197037
08-14 23:36:53.493  6001  6001 D cellinfo: Instantaneous GPS information: United States, 545 Norfolk Ave, Buffalo, NY 14215, USA
08-14 23:36:53.493  6001  6001 D cellinfo: getCurrentLocation() result: Location (success): 42.9302429, -78.8197037
08-14 23:36:53.596  6001  6238 D cellinfo: 46 bytes from 54.197.223.49: icmp_seq=1768 ttl=38 time=89.9 ms
08-14 23:36:53.741  6001  6001 D cellinfo: onCellInfoChanged: Operator:  UpdateTimestamp: 358493146 CellConnectionStatus: 1
08-14 23:36:53.741  6001  6001 D cellinfo: onCellInfoChanged: 5G-NR Cell Bands: [] ARFCN: 520020 Cell ID: 9223372036854775807 Physical Cell ID: 39 Tracking Area Code: 16777215
08-14 23:36:53.787  6001  6238 D cellinfo: 46 bytes from 54.197.223.49: icmp_seq=1769 ttl=38 time=79.8 ms
08-14 23:36:54.002  6001  6238 D cellinfo: 46 bytes from 54.197.223.49: icmp_seq=1770 ttl=38 time=93.6 ms
08-14 23:36:54.202  6001  6238 D cellinfo: 46 bytes from 54.197.223.49: icmp_seq=1771 ttl=38 time=94.2 ms
08-14 23:36:54.407  6001  6238 D cellinfo: 46 bytes from 54.197.223.49: icmp_seq=1772 ttl=38 time=98.0 ms
08-14 23:36:54.602  6001  6238 D cellinfo: 46 bytes from 54.197.223.49: icmp_seq=1773 ttl=38 time=91.5 ms
08-14 23:36:54.817  6001  6238 D cellinfo: 46 bytes from 54.197.223.49: icmp_seq=1774 ttl=38 time=105 ms
08-14 23:36:54.993  6001  6238 D cellinfo: 46 bytes from 54.197.223.49: icmp_seq=1775 ttl=38 time=80.2 ms
08-14 23:36:55.408  6001  6238 D cellinfo: 46 bytes from 54.197.223.49: icmp_seq=1777 ttl=38 time=92.8 ms
08-14 23:36:55.594  6001  6238 D cellinfo: 46 bytes from 54.197.223.49: icmp_seq=1777 ttl=38 time=277 ms (DUP!)
08-14 23:36:55.614  6001  6238 D cellinfo: 46 bytes from 54.197.223.49: icmp_seq=1778 ttl=38 time=97.8 ms
08-14 23:36:55.803  6001  6238 D cellinfo: 46 bytes from 54.197.223.49: icmp_seq=1779 ttl=38 time=85.7 ms
08-14 23:36:56.108  6001  6238 D cellinfo: 46 bytes from 54.197.223.49: icmp_seq=1780 ttl=38 time=189 ms
08-14 23:36:56.239  6001  6238 D cellinfo: 46 bytes from 54.197.223.49: icmp_seq=1781 ttl=38 time=121 ms
08-14 23:36:56.468  6001  6238 D cellinfo: 46 bytes from 54.197.223.49: icmp_seq=1782 ttl=38 time=149 ms
08-14 23:36:56.633  6001  6238 D cellinfo: 46 bytes from 54.197.223.49: icmp_seq=1783 ttl=38 time=113 ms
08-14 23:36:56.857  6001  6238 D cellinfo: 46 bytes from 54.197.223.49: icmp_seq=1784 ttl=38 time=136 ms
08-14 23:36:57.076  6001  6238 D cellinfo: 46 bytes from 54.197.223.49: icmp_seq=1785 ttl=38 time=152 ms
08-14 23:36:57.253  6001  6238 D cellinfo: 46 bytes from 54.197.223.49: icmp_seq=1786 ttl=38 time=131 ms
08-14 23:36:57.404  6001  6238 D cellinfo: 46 bytes from 54.197.223.49: icmp_seq=1787 ttl=38 time=80.3 ms
08-14 23:36:57.518  6001  6001 D cellinfo: Latitude is 42.9315104
08-14 23:36:57.518  6001  6001 D cellinfo: Longitude is -78.8161756
08-14 23:36:57.518  6001  6001 D cellinfo: Instantaneous GPS information: United States, 69 Cloverdale Ave, Buffalo, NY 14215, USA
08-14 23:36:57.518  6001  6001 D cellinfo: getCurrentLocation() result: Location (success): 42.9315104, -78.8161756
08-14 23:36:57.524  6001  6001 D cellinfo: onCellInfoChanged: Operator:  UpdateTimestamp: 358496235 CellConnectionStatus: 1
08-14 23:36:57.524  6001  6001 D cellinfo: onCellInfoChanged: 5G-NR Cell Bands: [] ARFCN: 520020 Cell ID: 9223372036854775807 Physical Cell ID: 44 Tracking Area Code: 16777215
08-14 23:36:57.614  6001  6238 D cellinfo: 46 bytes from 54.197.223.49: icmp_seq=1788 ttl=38 time=90.0 ms
08-14 23:36:57.807  6001  6238 D cellinfo: 46 bytes from 54.197.223.49: icmp_seq=1789 ttl=38 time=83.5 ms
08-14 23:36:58.023  6001  6238 D cellinfo: 46 bytes from 54.197.223.49: icmp_seq=1790 ttl=38 time=97.9 ms
08-14 23:36:58.272  6001  6238 D cellinfo: 46 bytes from 54.197.223.49: icmp_seq=1791 ttl=38 time=147 ms
08-14 23:36:58.432  6001  6238 D cellinfo: 46 bytes from 54.197.223.49: icmp_seq=1792 ttl=38 time=106 ms
08-14 23:36:58.623  6001  6238 D cellinfo: 46 bytes from 54.197.223.49: icmp_seq=1793 ttl=38 time=96.6 ms
08-14 23:36:58.823  6001  6238 D cellinfo: 46 bytes from 54.197.223.49: icmp_seq=1794 ttl=38 time=96.0 ms
08-14 23:36:59.028  6001  6238 D cellinfo: 46 bytes from 54.197.223.49: icmp_seq=1795 ttl=38 time=100 ms
08-14 23:36:59.217  6001  6238 D cellinfo: 46 bytes from 54.197.223.49: icmp_seq=1796 ttl=38 time=90.3 ms
08-14 23:36:59.417  6001  6238 D cellinfo: 46 bytes from 54.197.223.49: icmp_seq=1797 ttl=38 time=88.5 ms
08-14 23:36:59.498  6001  6001 D cellinfo: Latitude is 42.9315104
08-14 23:36:59.498  6001  6001 D cellinfo: Longitude is -78.8161756
08-14 23:36:59.498  6001  6001 D cellinfo: Instantaneous GPS information: United States, 69 Cloverdale Ave, Buffalo, NY 14215, USA
08-14 23:36:59.498  6001  6001 D cellinfo: getCurrentLocation() result: Location (success): 42.9315104, -78.8161756
08-14 23:36:59.553  6001  6001 D cellinfo: onCellInfoChanged: Operator:  UpdateTimestamp: 358498950 CellConnectionStatus: 1
08-14 23:36:59.553  6001  6001 D cellinfo: onCellInfoChanged: 5G-NR Cell Bands: [] ARFCN: 520020 Cell ID: 9223372036854775807 Physical Cell ID: 44 Tracking Area Code: 16777215
08-14 23:36:59.600  6001  6238 D cellinfo: 46 bytes from 54.197.223.49: icmp_seq=1798 ttl=38 time=72.1 ms
08-14 23:36:59.807  6001  6238 D cellinfo: 46 bytes from 54.197.223.49: icmp_seq=1799 ttl=38 time=77.6 ms
08-14 23:37:00.022  6001  6238 D cellinfo: 46 bytes from 54.197.223.49: icmp_seq=1800 ttl=38 time=92.3 ms
08-14 23:37:00.233  6001  6238 D cellinfo: 46 bytes from 54.197.223.49: icmp_seq=1801 ttl=38 time=102 ms
08-14 23:37:00.407  6001  6238 D cellinfo: 46 bytes from 54.197.223.49: icmp_seq=1802 ttl=38 time=76.7 ms
08-14 23:37:00.633  6001  6238 D cellinfo: 46 bytes from 54.197.223.49: icmp_seq=1803 ttl=38 time=102 ms
08-14 23:37:00.817  6001  6238 D cellinfo: 46 bytes from 54.197.223.49: icmp_seq=1804 ttl=38 time=85.2 ms
08-14 23:37:01.023  6001  6238 D cellinfo: 46 bytes from 54.197.223.49: icmp_seq=1805 ttl=38 time=89.8 ms
08-14 23:37:01.226  6001  6238 D cellinfo: 46 bytes from 54.197.223.49: icmp_seq=1806 ttl=38 time=92.4 ms
08-14 23:37:01.424  6001  6238 D cellinfo: 46 bytes from 54.197.223.49: icmp_seq=1807 ttl=38 time=88.9 ms
08-14 23:37:01.631  6001  6238 D cellinfo: 46 bytes from 54.197.223.49: icmp_seq=1808 ttl=38 time=95.8 ms
08-14 23:37:01.816  6001  6238 D cellinfo: 46 bytes from 54.197.223.49: icmp_seq=1809 ttl=38 time=80.7 ms
08-14 23:37:02.018  6001  6238 D cellinfo: 46 bytes from 54.197.223.49: icmp_seq=1810 ttl=38 time=81.1 ms
08-14 23:37:02.218  6001  6238 D cellinfo: 46 bytes from 54.197.223.49: icmp_seq=1811 ttl=38 time=81.3 ms
08-14 23:37:02.412  6001  6238 D cellinfo: 46 bytes from 54.197.223.49: icmp_seq=1812 ttl=38 time=74.5 ms
08-14 23:37:02.621  6001  6238 D cellinfo: 46 bytes from 54.197.223.49: icmp_seq=1813 ttl=38 time=82.6 ms
08-14 23:37:02.812  6001  6238 D cellinfo: 46 bytes from 54.197.223.49: icmp_seq=1814 ttl=38 time=71.6 ms
08-14 23:37:02.919  6001  6001 D cellinfo: Latitude is 42.9316045
08-14 23:37:02.919  6001  6001 D cellinfo: Longitude is -78.815912
08-14 23:37:02.919  6001  6001 D cellinfo: Instantaneous GPS information: United States, 82 Cloverdale Ave, Buffalo, NY 14215, USA
08-14 23:37:02.919  6001  6001 D cellinfo: getCurrentLocation() result: Location (success): 42.9316045, -78.815912
08-14 23:37:02.924  6001  6001 D cellinfo: onCellInfoChanged: Operator:  UpdateTimestamp: 358501952 CellConnectionStatus: 1
08-14 23:37:02.924  6001  6001 D cellinfo: onCellInfoChanged: 5G-NR Cell Bands: [] ARFCN: 520020 Cell ID: 9223372036854775807 Physical Cell ID: 44 Tracking Area Code: 16777215
08-14 23:37:03.012  6001  6238 D cellinfo: 46 bytes from 54.197.223.49: icmp_seq=1815 ttl=38 time=71.3 ms
08-14 23:37:03.241  6001  6238 D cellinfo: 46 bytes from 54.197.223.49: icmp_seq=1816 ttl=38 time=98.8 ms
08-14 23:37:03.438  6001  6238 D cellinfo: 46 bytes from 54.197.223.49: icmp_seq=1817 ttl=38 time=94.9 ms
08-14 23:37:03.635  6001  6238 D cellinfo: 46 bytes from 54.197.223.49: icmp_seq=1818 ttl=38 time=91.9 ms
08-14 23:37:03.842  6001  6238 D cellinfo: 46 bytes from 54.197.223.49: icmp_seq=1819 ttl=38 time=98.2 ms
08-14 23:37:04.037  6001  6238 D cellinfo: 46 bytes from 54.197.223.49: icmp_seq=1820 ttl=38 time=91.8 ms
08-14 23:37:04.241  6001  6238 D cellinfo: 46 bytes from 54.197.223.49: icmp_seq=1821 ttl=38 time=96.6 ms
08-14 23:37:04.446  6001  6238 D cellinfo: 46 bytes from 54.197.223.49: icmp_seq=1822 ttl=38 time=101 ms
08-14 23:37:04.618  6001  6238 D cellinfo: 46 bytes from 54.197.223.49: icmp_seq=1823 ttl=38 time=71.5 ms
08-14 23:37:04.832  6001  6238 D cellinfo: 46 bytes from 54.197.223.49: icmp_seq=1824 ttl=38 time=85.5 ms
08-14 23:37:05.033  6001  6238 D cellinfo: 46 bytes from 54.197.223.49: icmp_seq=1825 ttl=38 time=86.4 ms
08-14 23:37:05.232  6001  6238 D cellinfo: 46 bytes from 54.197.223.49: icmp_seq=1826 ttl=38 time=85.3 ms
08-14 23:37:05.437  6001  6238 D cellinfo: 46 bytes from 54.197.223.49: icmp_seq=1827 ttl=38 time=88.9 ms
08-14 23:37:05.499  6001  6001 D cellinfo: Latitude is 42.9316045
08-14 23:37:05.499  6001  6001 D cellinfo: Longitude is -78.815912
08-14 23:37:05.499  6001  6001 D cellinfo: Instantaneous GPS information: United States, 82 Cloverdale Ave, Buffalo, NY 14215, USA
08-14 23:37:05.499  6001  6001 D cellinfo: getCurrentLocation() result: Location (success): 42.9316045, -78.815912
08-14 23:37:05.555  6001  6001 D cellinfo: onCellInfoChanged: Operator:  UpdateTimestamp: 358504962 CellConnectionStatus: 1
08-14 23:37:05.555  6001  6001 D cellinfo: onCellInfoChanged: 5G-NR Cell Bands: [] ARFCN: 520020 Cell ID: 9223372036854775807 Physical Cell ID: 44 Tracking Area Code: 16777215
08-14 23:37:05.630  6001  6238 D cellinfo: 46 bytes from 54.197.223.49: icmp_seq=1828 ttl=38 time=81.2 ms
08-14 23:37:05.826  6001  6238 D cellinfo: 46 bytes from 54.197.223.49: icmp_seq=1829 ttl=38 time=76.5 ms
08-14 23:37:06.040  6001  6238 D cellinfo: 46 bytes from 54.197.223.49: icmp_seq=1830 ttl=38 time=90.0 ms
08-14 23:37:06.232  6001  6238 D cellinfo: 46 bytes from 54.197.223.49: icmp_seq=1831 ttl=38 time=81.6 ms
08-14 23:37:06.437  6001  6238 D cellinfo: 46 bytes from 54.197.223.49: icmp_seq=1832 ttl=38 time=86.6 ms
08-14 23:37:07.729  6001  6001 D cellinfo: onServiceStateChanged: Channel Number: 675 Cell Bandwidths: [15000, 20000, 40000]
08-14 23:37:07.921  6001  6001 D cellinfo: onServiceStateChanged: Channel Number: 675 Cell Bandwidths: [15000, 20000, 40000]
08-14 23:37:07.981  6001  6001 D cellinfo: onServiceStateChanged: Channel Number: 675 Cell Bandwidths: [15000, 20000, 40000]
08-14 23:37:08.382  6001  6001 D cellinfo: onServiceStateChanged: Channel Number: 675 Cell Bandwidths: [15000]
08-14 23:37:08.486  6001  6238 D cellinfo: 46 bytes from 54.197.223.49: icmp_seq=1842 ttl=38 time=91.3 ms
08-14 23:37:08.547  6001  6001 D cellinfo: onCellInfoChanged: Operator:  UpdateTimestamp: 358507953 CellConnectionStatus: 1
08-14 23:37:08.547  6001  6001 D cellinfo: onCellInfoChanged: LTE Cell Bands: [2] Bandwidth: 15000 Cell ID: 34481927 Physical Cell ID: 120 Tracking Area Code: 22525 EARFCN: 675
08-14 23:37:08.572  6001  6001 D cellinfo: onServiceStateChanged: Channel Number: 675 Cell Bandwidths: [15000, 20000]
08-14 23:37:08.656  6001  6001 D cellinfo: onServiceStateChanged: Channel Number: 675 Cell Bandwidths: [15000, 40000]
08-14 23:37:08.712  6001  6238 D cellinfo: 46 bytes from 54.197.223.49: icmp_seq=1843 ttl=38 time=116 ms
08-14 23:37:08.872  6001  6238 D cellinfo: 46 bytes from 54.197.223.49: icmp_seq=1844 ttl=38 time=74.8 ms
08-14 23:37:09.072  6001  6238 D cellinfo: 46 bytes from 54.197.223.49: icmp_seq=1845 ttl=38 time=74.3 ms
08-14 23:37:09.282  6001  6238 D cellinfo: 46 bytes from 54.197.223.49: icmp_seq=1846 ttl=38 time=84.2 ms
08-14 23:37:09.482  6001  6238 D cellinfo: 46 bytes from 54.197.223.49: icmp_seq=1847 ttl=38 time=82.1 ms
08-14 23:37:09.692  6001  6238 D cellinfo: 46 bytes from 54.197.223.49: icmp_seq=1848 ttl=38 time=92.3 ms
08-14 23:37:09.880  6001  6238 D cellinfo: 46 bytes from 54.197.223.49: icmp_seq=1849 ttl=38 time=80.1 ms
08-14 23:37:10.083  6001  6238 D cellinfo: 46 bytes from 54.197.223.49: icmp_seq=1850 ttl=38 time=81.4 ms
08-14 23:37:10.230  6001  6001 D cellinfo: Latitude is 42.9328596
08-14 23:37:10.230  6001  6001 D cellinfo: Longitude is -78.8123472
08-14 23:37:10.230  6001  6001 D cellinfo: Instantaneous GPS information: United States, 2887 Bailey Ave, Buffalo, NY 14215, USA
08-14 23:37:10.230  6001  6001 D cellinfo: getCurrentLocation() result: Location (success): 42.9328596, -78.8123472
08-14 23:37:10.286  6001  6238 D cellinfo: 46 bytes from 54.197.223.49: icmp_seq=1851 ttl=38 time=82.9 ms
08-14 23:37:10.733  6001  6001 D cellinfo: onServiceStateChanged: Channel Number: 675 Cell Bandwidths: [15000, 20000, 40000]
08-14 23:37:10.784  6001  6001 D cellinfo: onServiceStateChanged: Channel Number: 675 Cell Bandwidths: [15000, 20000, 40000]
08-14 23:37:10.837  6001  6001 D cellinfo: onServiceStateChanged: Channel Number: 675 Cell Bandwidths: [15000, 20000, 40000]
08-14 23:37:10.893  6001  6001 D cellinfo: onServiceStateChanged: Channel Number: 675 Cell Bandwidths: [15000]
08-14 23:37:10.935  6001  6238 D cellinfo: 46 bytes from 54.197.223.49: icmp_seq=1853 ttl=38 time=327 ms
08-14 23:37:10.935  6001  6238 D cellinfo: 46 bytes from 54.197.223.49: icmp_seq=1854 ttl=38 time=123 ms
08-14 23:37:11.111  6001  6238 D cellinfo: 46 bytes from 54.197.223.49: icmp_seq=1855 ttl=38 time=99.7 ms
08-14 23:37:11.201  6001  6001 D cellinfo: onServiceStateChanged: Channel Number: 675 Cell Bandwidths: [15000, 20000]
08-14 23:37:11.212  6001  6238 D cellinfo: 46 bytes from 54.197.223.49: icmp_seq=1855 ttl=38 time=201 ms (DUP!)
08-14 23:37:11.236  6001  6001 D cellinfo: onServiceStateChanged: Channel Number: 675 Cell Bandwidths: [15000, 40000]
08-14 23:37:11.287  6001  6238 D cellinfo: 46 bytes from 54.197.223.49: icmp_seq=1856 ttl=38 time=74.8 ms
08-14 23:37:11.498  6001  6001 D cellinfo: Latitude is 42.9328596
08-14 23:37:11.498  6001  6001 D cellinfo: Longitude is -78.8123472
08-14 23:37:11.498  6001  6001 D cellinfo: Instantaneous GPS information: United States, 2887 Bailey Ave, Buffalo, NY 14215, USA
08-14 23:37:11.498  6001  6001 D cellinfo: getCurrentLocation() result: Location (success): 42.9328596, -78.8123472
08-14 23:37:11.507  6001  6238 D cellinfo: 46 bytes from 54.197.223.49: icmp_seq=1857 ttl=38 time=94.3 ms
08-14 23:37:11.547  6001  6001 D cellinfo: onCellInfoChanged: Operator:  UpdateTimestamp: 358510954 CellConnectionStatus: 1
08-14 23:37:11.547  6001  6001 D cellinfo: onCellInfoChanged: 5G-NR Cell Bands: [] ARFCN: 520020 Cell ID: 9223372036854775807 Physical Cell ID: 194 Tracking Area Code: 16777215
08-14 23:37:11.691  6001  6238 D cellinfo: 46 bytes from 54.197.223.49: icmp_seq=1858 ttl=38 time=76.7 ms
08-14 23:37:11.907  6001  6238 D cellinfo: 46 bytes from 54.197.223.49: icmp_seq=1859 ttl=38 time=93.3 ms
08-14 23:37:12.103  6001  6238 D cellinfo: 46 bytes from 54.197.223.49: icmp_seq=1860 ttl=38 time=87.0 ms
08-14 23:37:12.304  6001  6238 D cellinfo: 46 bytes from 54.197.223.49: icmp_seq=1861 ttl=38 time=88.6 ms
08-14 23:37:12.509  6001  6238 D cellinfo: 46 bytes from 54.197.223.49: icmp_seq=1862 ttl=38 time=92.8 ms
08-14 23:37:12.757  6001  6238 D cellinfo: 46 bytes from 54.197.223.49: icmp_seq=1863 ttl=38 time=139 ms
08-14 23:37:12.898  6001  6238 D cellinfo: 46 bytes from 54.197.223.49: icmp_seq=1864 ttl=38 time=79.7 ms
08-14 23:37:13.103  6001  6238 D cellinfo: 46 bytes from 54.197.223.49: icmp_seq=1865 ttl=38 time=84.4 ms
08-14 23:37:13.362  6001  6238 D cellinfo: 46 bytes from 54.197.223.49: icmp_seq=1866 ttl=38 time=143 ms
08-14 23:37:13.505  6001  6238 D cellinfo: 46 bytes from 54.197.223.49: icmp_seq=1867 ttl=38 time=86.2 ms
08-14 23:37:14.120  6001  6238 D cellinfo: 46 bytes from 54.197.223.49: icmp_seq=1869 ttl=38 time=296 ms
08-14 23:37:14.121  6001  6238 D cellinfo: 46 bytes from 54.197.223.49: icmp_seq=1870 ttl=38 time=92.8 ms
08-14 23:37:14.307  6001  6238 D cellinfo: 46 bytes from 54.197.223.49: icmp_seq=1871 ttl=38 time=78.8 ms
08-14 23:37:14.513  6001  6238 D cellinfo: 46 bytes from 54.197.223.49: icmp_seq=1872 ttl=38 time=84.7 ms
08-14 23:37:14.724  6001  6238 D cellinfo: 46 bytes from 54.197.223.49: icmp_seq=1873 ttl=38 time=94.0 ms
08-14 23:37:14.902  6001  6238 D cellinfo: 46 bytes from 54.197.223.49: icmp_seq=1874 ttl=38 time=71.2 ms
08-14 23:37:14.903  6001  6001 D cellinfo: Latitude is 42.932872
08-14 23:37:14.903  6001  6001 D cellinfo: Longitude is -78.8123041
08-14 23:37:14.903  6001  6001 D cellinfo: Instantaneous GPS information: United States, 2887 Bailey Ave, Buffalo, NY 14215, USA
08-14 23:37:14.903  6001  6001 D cellinfo: getCurrentLocation() result: Location (success): 42.932872, -78.8123041
08-14 23:37:14.908  6001  6001 D cellinfo: onCellInfoChanged: Operator:  UpdateTimestamp: 358513953 CellConnectionStatus: 1
08-14 23:37:14.908  6001  6001 D cellinfo: onCellInfoChanged: 5G-NR Cell Bands: [] ARFCN: 520020 Cell ID: 9223372036854775807 Physical Cell ID: 44 Tracking Area Code: 16777215
08-14 23:37:15.112  6001  6238 D cellinfo: 46 bytes from 54.197.223.49: icmp_seq=1875 ttl=38 time=79.7 ms
08-14 23:37:15.312  6001  6238 D cellinfo: 46 bytes from 54.197.223.49: icmp_seq=1876 ttl=38 time=79.2 ms
08-14 23:37:15.527  6001  6238 D cellinfo: 46 bytes from 54.197.223.49: icmp_seq=1877 ttl=38 time=93.0 ms
08-14 23:37:15.737  6001  6238 D cellinfo: 46 bytes from 54.197.223.49: icmp_seq=1878 ttl=38 time=102 ms
08-14 23:37:15.928  6001  6238 D cellinfo: 46 bytes from 54.197.223.49: icmp_seq=1879 ttl=38 time=91.6 ms
08-14 23:37:16.138  6001  6238 D cellinfo: 46 bytes from 54.197.223.49: icmp_seq=1880 ttl=38 time=101 ms
08-14 23:37:16.328  6001  6238 D cellinfo: 46 bytes from 54.197.223.49: icmp_seq=1881 ttl=38 time=90.0 ms
08-14 23:37:16.527  6001  6238 D cellinfo: 46 bytes from 54.197.223.49: icmp_seq=1882 ttl=38 time=88.9 ms
08-14 23:37:16.733  6001  6238 D cellinfo: 46 bytes from 54.197.223.49: icmp_seq=1883 ttl=38 time=94.0 ms
08-14 23:37:16.928  6001  6238 D cellinfo: 46 bytes from 54.197.223.49: icmp_seq=1884 ttl=38 time=88.4 ms
08-14 23:37:17.134  6001  6238 D cellinfo: 46 bytes from 54.197.223.49: icmp_seq=1885 ttl=38 time=93.1 ms
08-14 23:37:17.335  6001  6238 D cellinfo: 46 bytes from 54.197.223.49: icmp_seq=1886 ttl=38 time=92.6 ms
08-14 23:37:17.497  6001  6001 D cellinfo: Latitude is 42.932872
08-14 23:37:17.497  6001  6001 D cellinfo: Longitude is -78.8123041
08-14 23:37:17.497  6001  6001 D cellinfo: Instantaneous GPS information: United States, 2887 Bailey Ave, Buffalo, NY 14215, USA
08-14 23:37:17.497  6001  6001 D cellinfo: getCurrentLocation() result: Location (success): 42.932872, -78.8123041
08-14 23:37:17.536  6001  6238 D cellinfo: 46 bytes from 54.197.223.49: icmp_seq=1887 ttl=38 time=93.5 ms
08-14 23:37:17.550  6001  6001 D cellinfo: onCellInfoChanged: Operator:  UpdateTimestamp: 358516943 CellConnectionStatus: 1
08-14 23:37:17.550  6001  6001 D cellinfo: onCellInfoChanged: 5G-NR Cell Bands: [] ARFCN: 520020 Cell ID: 9223372036854775807 Physical Cell ID: 44 Tracking Area Code: 16777215
08-14 23:37:17.728  6001  6238 D cellinfo: 46 bytes from 54.197.223.49: icmp_seq=1888 ttl=38 time=84.2 ms
08-14 23:37:17.933  6001  6238 D cellinfo: 46 bytes from 54.197.223.49: icmp_seq=1889 ttl=38 time=88.7 ms
08-14 23:37:18.134  6001  6238 D cellinfo: 46 bytes from 54.197.223.49: icmp_seq=1890 ttl=38 time=88.6 ms
08-14 23:37:18.333  6001  6238 D cellinfo: 46 bytes from 54.197.223.49: icmp_seq=1891 ttl=38 time=88.1 ms
08-14 23:37:18.517  6001  6238 D cellinfo: 46 bytes from 54.197.223.49: icmp_seq=1892 ttl=38 time=71.2 ms
08-14 23:37:18.734  6001  6238 D cellinfo: 46 bytes from 54.197.223.49: icmp_seq=1893 ttl=38 time=86.7 ms
08-14 23:37:18.934  6001  6238 D cellinfo: 46 bytes from 54.197.223.49: icmp_seq=1894 ttl=38 time=85.9 ms
08-14 23:37:19.143  6001  6238 D cellinfo: 46 bytes from 54.197.223.49: icmp_seq=1895 ttl=38 time=93.4 ms
08-14 23:37:19.333  6001  6238 D cellinfo: 46 bytes from 54.197.223.49: icmp_seq=1896 ttl=38 time=83.5 ms
08-14 23:37:19.539  6001  6238 D cellinfo: 46 bytes from 54.197.223.49: icmp_seq=1897 ttl=38 time=88.1 ms
08-14 23:37:19.736  6001  6238 D cellinfo: 46 bytes from 54.197.223.49: icmp_seq=1898 ttl=38 time=84.1 ms
08-14 23:37:19.927  6001  6238 D cellinfo: 46 bytes from 54.197.223.49: icmp_seq=1899 ttl=38 time=74.3 ms
08-14 23:37:20.150  6001  6238 D cellinfo: 46 bytes from 54.197.223.49: icmp_seq=1900 ttl=38 time=95.9 ms
08-14 23:37:20.336  6001  6238 D cellinfo: 46 bytes from 54.197.223.49: icmp_seq=1901 ttl=38 time=81.5 ms
08-14 23:37:20.547  6001  6238 D cellinfo: 46 bytes from 54.197.223.49: icmp_seq=1902 ttl=38 time=92.1 ms
08-14 23:37:20.727  6001  6238 D cellinfo: 46 bytes from 54.197.223.49: icmp_seq=1903 ttl=38 time=71.0 ms
08-14 23:37:20.927  6001  6238 D cellinfo: 46 bytes from 54.197.223.49: icmp_seq=1904 ttl=38 time=70.4 ms
08-14 23:37:21.128  6001  6238 D cellinfo: 46 bytes from 54.197.223.49: icmp_seq=1905 ttl=38 time=70.8 ms
08-14 23:37:21.201  6001  6001 D cellinfo: Latitude is 42.9330955
08-14 23:37:21.201  6001  6001 D cellinfo: Longitude is -78.8090315
08-14 23:37:21.201  6001  6001 D cellinfo: Instantaneous GPS information: United States, 130 Oakmont Ave, Buffalo, NY 14215, USA
08-14 23:37:21.201  6001  6001 D cellinfo: getCurrentLocation() result: Location (success): 42.9330955, -78.8090315
08-14 23:37:21.332  6001  6238 D cellinfo: 46 bytes from 54.197.223.49: icmp_seq=1906 ttl=38 time=74.3 ms
08-14 23:37:21.548  6001  6238 D cellinfo: 46 bytes from 54.197.223.49: icmp_seq=1907 ttl=38 time=88.6 ms
08-14 23:37:21.747  6001  6238 D cellinfo: 46 bytes from 54.197.223.49: icmp_seq=1908 ttl=38 time=87.7 ms
08-14 23:37:21.952  6001  6238 D cellinfo: 46 bytes from 54.197.223.49: icmp_seq=1909 ttl=38 time=91.9 ms
08-14 23:37:22.148  6001  6238 D cellinfo: 46 bytes from 54.197.223.49: icmp_seq=1910 ttl=38 time=87.4 ms
08-14 23:37:22.354  6001  6238 D cellinfo: 46 bytes from 54.197.223.49: icmp_seq=1911 ttl=38 time=91.0 ms
08-14 23:37:22.557  6001  6238 D cellinfo: 46 bytes from 54.197.223.49: icmp_seq=1912 ttl=38 time=92.8 ms
08-14 23:37:22.764  6001  6238 D cellinfo: 46 bytes from 54.197.223.49: icmp_seq=1913 ttl=38 time=99.6 ms
08-14 23:37:22.958  6001  6238 D cellinfo: 46 bytes from 54.197.223.49: icmp_seq=1914 ttl=38 time=92.7 ms
08-14 23:37:23.218  6001  6238 D cellinfo: 46 bytes from 54.197.223.49: icmp_seq=1915 ttl=38 time=151 ms
08-14 23:37:23.388  6001  6238 D cellinfo: 46 bytes from 54.197.223.49: icmp_seq=1916 ttl=38 time=121 ms
08-14 23:37:23.492  6001  6001 D cellinfo: Latitude is 42.9330955
08-14 23:37:23.492  6001  6001 D cellinfo: Longitude is -78.8090315
08-14 23:37:23.492  6001  6001 D cellinfo: Instantaneous GPS information: United States, 130 Oakmont Ave, Buffalo, NY 14215, USA
08-14 23:37:23.492  6001  6001 D cellinfo: getCurrentLocation() result: Location (success): 42.9330955, -78.8090315
08-14 23:37:23.542  6001  6238 D cellinfo: 46 bytes from 54.197.223.49: icmp_seq=1917 ttl=38 time=74.5 ms
08-14 23:37:23.752  6001  6238 D cellinfo: 46 bytes from 54.197.223.49: icmp_seq=1918 ttl=38 time=83.0 ms
08-14 23:37:23.799  6001  6001 D cellinfo: onCellInfoChanged: Operator:  UpdateTimestamp: 358523203 CellConnectionStatus: 1
08-14 23:37:23.799  6001  6001 D cellinfo: onCellInfoChanged: 5G-NR Cell Bands: [] ARFCN: 520020 Cell ID: 9223372036854775807 Physical Cell ID: 44 Tracking Area Code: 16777215
08-14 23:37:23.962  6001  6238 D cellinfo: 46 bytes from 54.197.223.49: icmp_seq=1919 ttl=38 time=93.0 ms
08-14 23:37:24.173  6001  6238 D cellinfo: 46 bytes from 54.197.223.49: icmp_seq=1920 ttl=38 time=102 ms
08-14 23:37:24.359  6001  6238 D cellinfo: 46 bytes from 54.197.223.49: icmp_seq=1921 ttl=38 time=87.5 ms
08-14 23:37:24.553  6001  6238 D cellinfo: 46 bytes from 54.197.223.49: icmp_seq=1922 ttl=38 time=81.6 ms
08-14 23:37:24.758  6001  6238 D cellinfo: 46 bytes from 54.197.223.49: icmp_seq=1923 ttl=38 time=85.4 ms
08-14 23:37:24.989  6001  6238 D cellinfo: 46 bytes from 54.197.223.49: icmp_seq=1924 ttl=38 time=115 ms
08-14 23:37:25.159  6001  6238 D cellinfo: 46 bytes from 54.197.223.49: icmp_seq=1925 ttl=38 time=84.4 ms
08-14 23:37:25.354  6001  6238 D cellinfo: 46 bytes from 54.197.223.49: icmp_seq=1926 ttl=38 time=79.3 ms
08-14 23:37:25.578  6001  6238 D cellinfo: 46 bytes from 54.197.223.49: icmp_seq=1927 ttl=38 time=102 ms
08-14 23:37:25.844  6001  6238 D cellinfo: 46 bytes from 54.197.223.49: icmp_seq=1928 ttl=38 time=166 ms
08-14 23:37:25.958  6001  6238 D cellinfo: 46 bytes from 54.197.223.49: icmp_seq=1929 ttl=38 time=80.5 ms
08-14 23:37:26.173  6001  6238 D cellinfo: 46 bytes from 54.197.223.49: icmp_seq=1930 ttl=38 time=94.9 ms
08-14 23:37:26.421  6001  6238 D cellinfo: 46 bytes from 54.197.223.49: icmp_seq=1931 ttl=38 time=142 ms
08-14 23:37:26.498  6001  6001 D cellinfo: Latitude is 42.9330955
08-14 23:37:26.498  6001  6001 D cellinfo: Longitude is -78.8090315
08-14 23:37:26.498  6001  6001 D cellinfo: Instantaneous GPS information: United States, 130 Oakmont Ave, Buffalo, NY 14215, USA
08-14 23:37:26.498  6001  6001 D cellinfo: getCurrentLocation() result: Location (success): 42.9330955, -78.8090315
08-14 23:37:26.572  6001  6238 D cellinfo: 46 bytes from 54.197.223.49: icmp_seq=1932 ttl=38 time=94.0 ms
08-14 23:37:26.758  6001  6238 D cellinfo: 46 bytes from 54.197.223.49: icmp_seq=1933 ttl=38 time=78.7 ms
08-14 23:37:26.978  6001  6238 D cellinfo: 46 bytes from 54.197.223.49: icmp_seq=1934 ttl=38 time=97.9 ms
08-14 23:37:27.182  6001  6238 D cellinfo: 46 bytes from 54.197.223.49: icmp_seq=1935 ttl=38 time=101 ms
08-14 23:37:27.368  6001  6238 D cellinfo: 46 bytes from 54.197.223.49: icmp_seq=1936 ttl=38 time=87.2 ms
08-14 23:37:27.577  6001  6238 D cellinfo: 46 bytes from 54.197.223.49: icmp_seq=1937 ttl=38 time=95.2 ms
08-14 23:37:27.783  6001  6238 D cellinfo: 46 bytes from 54.197.223.49: icmp_seq=1938 ttl=38 time=99.5 ms
08-14 23:37:27.963  6001  6238 D cellinfo: 46 bytes from 54.197.223.49: icmp_seq=1939 ttl=38 time=79.4 ms
08-14 23:37:28.183  6001  6238 D cellinfo: 46 bytes from 54.197.223.49: icmp_seq=1940 ttl=38 time=99.3 ms
08-14 23:37:28.378  6001  6238 D cellinfo: 46 bytes from 54.197.223.49: icmp_seq=1941 ttl=38 time=93.3 ms
08-14 23:37:28.574  6001  6238 D cellinfo: 46 bytes from 54.197.223.49: icmp_seq=1942 ttl=38 time=87.2 ms
08-14 23:37:28.768  6001  6238 D cellinfo: 46 bytes from 54.197.223.49: icmp_seq=1943 ttl=38 time=81.5 ms
08-14 23:37:28.968  6001  6238 D cellinfo: 46 bytes from 54.197.223.49: icmp_seq=1944 ttl=38 time=81.4 ms
08-14 23:37:29.178  6001  6238 D cellinfo: 46 bytes from 54.197.223.49: icmp_seq=1945 ttl=38 time=90.0 ms
08-14 23:37:29.358  6001  6238 D cellinfo: 46 bytes from 54.197.223.49: icmp_seq=1946 ttl=38 time=69.4 ms
08-14 23:37:29.496  6001  6001 D cellinfo: Latitude is 42.9330955
08-14 23:37:29.496  6001  6001 D cellinfo: Longitude is -78.8090315
08-14 23:37:29.496  6001  6001 D cellinfo: Instantaneous GPS information: United States, 130 Oakmont Ave, Buffalo, NY 14215, USA
08-14 23:37:29.496  6001  6001 D cellinfo: getCurrentLocation() result: Location (success): 42.9330955, -78.8090315
08-14 23:37:29.567  6001  6238 D cellinfo: 46 bytes from 54.197.223.49: icmp_seq=1947 ttl=38 time=77.3 ms
08-14 23:37:29.743  6001  6001 D cellinfo: onCellInfoChanged: Operator:  UpdateTimestamp: 358529148 CellConnectionStatus: 1
08-14 23:37:29.743  6001  6001 D cellinfo: onCellInfoChanged: 5G-NR Cell Bands: [] ARFCN: 520020 Cell ID: 9223372036854775807 Physical Cell ID: 42 Tracking Area Code: 16777215
08-14 23:37:29.762  6001  6238 D cellinfo: 46 bytes from 54.197.223.49: icmp_seq=1948 ttl=38 time=71.2 ms
08-14 23:37:29.972  6001  6238 D cellinfo: 46 bytes from 54.197.223.49: icmp_seq=1949 ttl=38 time=80.1 ms
