08-14 23:39:43.301  6001  6238 D cellinfo: 46 bytes from 54.197.223.49: icmp_seq=2613 ttl=38 time=104 ms
08-14 23:39:43.471  6001  6238 D cellinfo: 46 bytes from 54.197.223.49: icmp_seq=2614 ttl=38 time=73.3 ms
08-14 23:39:43.542  6001  6001 D cellinfo: onCellInfoChanged: Operator:  UpdateTimestamp: 358662949 CellConnectionStatus: 1
08-14 23:39:43.542  6001  6001 D cellinfo: onCellInfoChanged: 5G-NR Cell Bands: [] ARFCN: 520020 Cell ID: 9223372036854775807 Physical Cell ID: 686 Tracking Area Code: 16777215
08-14 23:39:43.676  6001  6238 D cellinfo: 46 bytes from 54.197.223.49: icmp_seq=2615 ttl=38 time=76.7 ms
08-14 23:39:43.880  6001  6238 D cellinfo: 46 bytes from 54.197.223.49: icmp_seq=2616 ttl=38 time=81.1 ms
08-14 23:39:44.080  6001  6238 D cellinfo: 46 bytes from 54.197.223.49: icmp_seq=2617 ttl=38 time=79.7 ms
08-14 23:39:44.279  6001  6238 D cellinfo: 46 bytes from 54.197.223.49: icmp_seq=2618 ttl=38 time=79.7 ms
08-14 23:39:44.475  6001  6238 D cellinfo: 46 bytes from 54.197.223.49: icmp_seq=2619 ttl=38 time=74.4 ms
08-14 23:39:44.500  6001  6001 D cellinfo: Latitude is 42.9324533
08-14 23:39:44.500  6001  6001 D cellinfo: Longitude is -78.7678764
08-14 23:39:44.500  6001  6001 D cellinfo: Instantaneous GPS information: United States, NY-33, Cheektowaga, NY 14225, USA
08-14 23:39:44.500  6001  6001 D cellinfo: getCurrentLocation() result: Location (success): 42.9324533, -78.7678764
08-14 23:39:44.680  6001  6238 D cellinfo: 46 bytes from 54.197.223.49: icmp_seq=2620 ttl=38 time=79.2 ms
08-14 23:39:44.880  6001  6238 D cellinfo: 46 bytes from 54.197.223.49: icmp_seq=2621 ttl=38 time=79.0 ms
08-14 23:39:45.098  6001  6238 D cellinfo: 46 bytes from 54.197.223.49: icmp_seq=2622 ttl=38 time=95.5 ms
08-14 23:39:45.302  6001  6238 D cellinfo: 46 bytes from 54.197.223.49: icmp_seq=2623 ttl=38 time=98.0 ms
08-14 23:39:45.508  6001  6238 D cellinfo: 46 bytes from 54.197.223.49: icmp_seq=2624 ttl=38 time=103 ms
08-14 23:39:45.704  6001  6238 D cellinfo: 46 bytes from 54.197.223.49: icmp_seq=2625 ttl=38 time=98.0 ms
08-14 23:39:46.198  6001  6238 D cellinfo: 46 bytes from 54.197.223.49: icmp_seq=2626 ttl=38 time=390 ms
08-14 23:39:46.199  6001  6238 D cellinfo: 46 bytes from 54.197.223.49: icmp_seq=2627 ttl=38 time=190 ms
08-14 23:39:46.342  6001  6238 D cellinfo: 46 bytes from 54.197.223.49: icmp_seq=2628 ttl=38 time=134 ms
08-14 23:39:46.510  6001  6238 D cellinfo: 46 bytes from 54.197.223.49: icmp_seq=2629 ttl=38 time=101 ms
08-14 23:39:46.695  6001  6238 D cellinfo: 46 bytes from 54.197.223.49: icmp_seq=2630 ttl=38 time=86.8 ms
08-14 23:39:46.896  6001  6238 D cellinfo: 46 bytes from 54.197.223.49: icmp_seq=2631 ttl=38 time=87.6 ms
08-14 23:39:47.095  6001  6238 D cellinfo: 46 bytes from 54.197.223.49: icmp_seq=2632 ttl=38 time=85.5 ms
08-14 23:39:47.297  6001  6238 D cellinfo: 46 bytes from 54.197.223.49: icmp_seq=2633 ttl=38 time=86.3 ms
08-14 23:39:47.494  6001  6001 D cellinfo: Latitude is 42.9324533
08-14 23:39:47.494  6001  6001 D cellinfo: Longitude is -78.7678764
08-14 23:39:47.494  6001  6001 D cellinfo: Instantaneous GPS information: United States, NY-33, Cheektowaga, NY 14225, USA
08-14 23:39:47.494  6001  6001 D cellinfo: getCurrentLocation() result: Location (success): 42.9324533, -78.7678764
08-14 23:39:47.496  6001  6238 D cellinfo: 46 bytes from 54.197.223.49: icmp_seq=2634 ttl=38 time=84.6 ms
08-14 23:39:47.684  6001  6238 D cellinfo: 46 bytes from 54.197.223.49: icmp_seq=2635 ttl=38 time=73.1 ms
08-14 23:39:47.895  6001  6238 D cellinfo: 46 bytes from 54.197.223.49: icmp_seq=2636 ttl=38 time=82.7 ms
08-14 23:39:48.096  6001  6238 D cellinfo: 46 bytes from 54.197.223.49: icmp_seq=2637 ttl=38 time=83.0 ms
08-14 23:39:48.301  6001  6238 D cellinfo: 46 bytes from 54.197.223.49: icmp_seq=2638 ttl=38 time=87.1 ms
08-14 23:39:48.500  6001  6238 D cellinfo: 46 bytes from 54.197.223.49: icmp_seq=2639 ttl=38 time=83.7 ms
08-14 23:39:48.695  6001  6238 D cellinfo: 46 bytes from 54.197.223.49: icmp_seq=2640 ttl=38 time=79.0 ms
08-14 23:39:48.896  6001  6238 D cellinfo: 46 bytes from 54.197.223.49: icmp_seq=2641 ttl=38 time=79.2 ms
08-14 23:39:49.103  6001  6238 D cellinfo: 46 bytes from 54.197.223.49: icmp_seq=2642 ttl=38 time=84.4 ms
08-14 23:39:49.296  6001  6238 D cellinfo: 46 bytes from 54.197.223.49: icmp_seq=2643 ttl=38 time=75.8 ms
08-14 23:39:49.498  6001  6238 D cellinfo: 46 bytes from 54.197.223.49: icmp_seq=2644 ttl=38 time=77.4 ms
08-14 23:39:49.553  6001  6001 D cellinfo: onCellInfoChanged: Operator:  UpdateTimestamp: 358668957 CellConnectionStatus: 1
08-14 23:39:49.553  6001  6001 D cellinfo: onCellInfoChanged: 5G-NR Cell Bands: [] ARFCN: 520020 Cell ID: 9223372036854775807 Physical Cell ID: 686 Tracking Area Code: 16777215
08-14 23:39:49.710  6001  6238 D cellinfo: 46 bytes from 54.197.223.49: icmp_seq=2645 ttl=38 time=88.3 ms
08-14 23:39:50.039  6001  6238 D cellinfo: 46 bytes from 54.197.223.49: icmp_seq=2646 ttl=38 time=216 ms
08-14 23:39:50.128  6001  6238 D cellinfo: 46 bytes from 54.197.223.49: icmp_seq=2647 ttl=38 time=104 ms
08-14 23:39:50.342  6001  6238 D cellinfo: 46 bytes from 54.197.223.49: icmp_seq=2648 ttl=38 time=118 ms
08-14 23:39:50.522  6001  6238 D cellinfo: 46 bytes from 54.197.223.49: icmp_seq=2649 ttl=38 time=97.9 ms
08-14 23:39:50.702  6001  6238 D cellinfo: 46 bytes from 54.197.223.49: icmp_seq=2650 ttl=38 time=76.1 ms
08-14 23:39:50.992  6001  6238 D cellinfo: 46 bytes from 54.197.223.49: icmp_seq=2651 ttl=38 time=165 ms
08-14 23:39:51.114  6001  6238 D cellinfo: 46 bytes from 54.197.223.49: icmp_seq=2652 ttl=38 time=87.3 ms
08-14 23:39:51.306  6001  6238 D cellinfo: 46 bytes from 54.197.223.49: icmp_seq=2653 ttl=38 time=77.6 ms
08-14 23:39:51.357  6001  6001 D cellinfo: Latitude is 42.9324403
08-14 23:39:51.357  6001  6001 D cellinfo: Longitude is -78.7649732
08-14 23:39:51.357  6001  6001 D cellinfo: Instantaneous GPS information: United States, NY-33, Cheektowaga, NY 14225, USA
08-14 23:39:51.357  6001  6001 D cellinfo: getCurrentLocation() result: Location (success): 42.9324403, -78.7649732
08-14 23:39:51.520  6001  6238 D cellinfo: 46 bytes from 54.197.223.49: icmp_seq=2654 ttl=38 time=91.5 ms
08-14 23:39:51.943  6001  6238 D cellinfo: 46 bytes from 54.197.223.49: icmp_seq=2655 ttl=38 time=312 ms
08-14 23:39:51.943  6001  6238 D cellinfo: 46 bytes from 54.197.223.49: icmp_seq=2656 ttl=38 time=111 ms
08-14 23:39:52.262  6001  6238 D cellinfo: 46 bytes from 54.197.223.49: icmp_seq=2657 ttl=38 time=229 ms
08-14 23:39:52.317  6001  6238 D cellinfo: 46 bytes from 54.197.223.49: icmp_seq=2658 ttl=38 time=82.1 ms
08-14 23:39:52.583  6001  6238 D cellinfo: 46 bytes from 54.197.223.49: icmp_seq=2659 ttl=38 time=146 ms
08-14 23:39:52.742  6001  6238 D cellinfo: 46 bytes from 54.197.223.49: icmp_seq=2660 ttl=38 time=104 ms
08-14 23:39:53.234  6001  6238 D cellinfo: 46 bytes from 54.197.223.49: icmp_seq=2661 ttl=38 time=395 ms
08-14 23:39:53.234  6001  6238 D cellinfo: 46 bytes from 54.197.223.49: icmp_seq=2662 ttl=38 time=194 ms
08-14 23:39:53.317  6001  6238 D cellinfo: 46 bytes from 54.197.223.49: icmp_seq=2663 ttl=38 time=77.7 ms
08-14 23:39:53.318  6001  6238 D cellinfo: 46 bytes from 54.197.223.49: icmp_seq=2663 ttl=38 time=78.0 ms (DUP!)
08-14 23:39:53.494  6001  6001 D cellinfo: Latitude is 42.9324403
08-14 23:39:53.494  6001  6001 D cellinfo: Longitude is -78.7649732
08-14 23:39:53.494  6001  6001 D cellinfo: Instantaneous GPS information: United States, NY-33, Cheektowaga, NY 14225, USA
08-14 23:39:53.494  6001  6001 D cellinfo: getCurrentLocation() result: Location (success): 42.9324403, -78.7649732
08-14 23:39:53.515  6001  6238 D cellinfo: 46 bytes from 54.197.223.49: icmp_seq=2664 ttl=38 time=73.7 ms
08-14 23:39:53.721  6001  6238 D cellinfo: 46 bytes from 54.197.223.49: icmp_seq=2665 ttl=38 time=79.0 ms
08-14 23:39:53.982  6001  6238 D cellinfo: 46 bytes from 54.197.223.49: icmp_seq=2666 ttl=38 time=139 ms
08-14 23:39:54.135  6001  6238 D cellinfo: 46 bytes from 54.197.223.49: icmp_seq=2667 ttl=38 time=93.0 ms
08-14 23:39:54.349  6001  6238 D cellinfo: 46 bytes from 54.197.223.49: icmp_seq=2668 ttl=38 time=105 ms
08-14 23:39:54.535  6001  6238 D cellinfo: 46 bytes from 54.197.223.49: icmp_seq=2669 ttl=38 time=90.5 ms
08-14 23:39:54.745  6001  6238 D cellinfo: 46 bytes from 54.197.223.49: icmp_seq=2670 ttl=38 time=100 ms
08-14 23:39:54.950  6001  6238 D cellinfo: 46 bytes from 54.197.223.49: icmp_seq=2671 ttl=38 time=104 ms
08-14 23:39:55.137  6001  6238 D cellinfo: 46 bytes from 54.197.223.49: icmp_seq=2672 ttl=38 time=90.4 ms
08-14 23:39:55.335  6001  6238 D cellinfo: 46 bytes from 54.197.223.49: icmp_seq=2673 ttl=38 time=87.8 ms
08-14 23:39:55.535  6001  6238 D cellinfo: 46 bytes from 54.197.223.49: icmp_seq=2674 ttl=38 time=86.8 ms
08-14 23:39:55.552  6001  6001 D cellinfo: onCellInfoChanged: Operator:  UpdateTimestamp: 358674954 CellConnectionStatus: 1
08-14 23:39:55.552  6001  6001 D cellinfo: onCellInfoChanged: 5G-NR Cell Bands: [] ARFCN: 520020 Cell ID: 9223372036854775807 Physical Cell ID: 686 Tracking Area Code: 16777215
08-14 23:39:55.730  6001  6238 D cellinfo: 46 bytes from 54.197.223.49: icmp_seq=2675 ttl=38 time=81.2 ms
08-14 23:39:55.941  6001  6238 D cellinfo: 46 bytes from 54.197.223.49: icmp_seq=2676 ttl=38 time=90.7 ms
08-14 23:39:56.140  6001  6238 D cellinfo: 46 bytes from 54.197.223.49: icmp_seq=2677 ttl=38 time=89.2 ms
08-14 23:39:56.336  6001  6238 D cellinfo: 46 bytes from 54.197.223.49: icmp_seq=2678 ttl=38 time=84.5 ms
08-14 23:39:56.500  6001  6001 D cellinfo: Latitude is 42.9324403
08-14 23:39:56.500  6001  6001 D cellinfo: Longitude is -78.7649732
08-14 23:39:56.500  6001  6001 D cellinfo: Instantaneous GPS information: United States, NY-33, Cheektowaga, NY 14225, USA
08-14 23:39:56.500  6001  6001 D cellinfo: getCurrentLocation() result: Location (success): 42.9324403, -78.7649732
08-14 23:39:56.540  6001  6238 D cellinfo: 46 bytes from 54.197.223.49: icmp_seq=2679 ttl=38 time=88.2 ms
08-14 23:39:56.730  6001  6238 D cellinfo: 46 bytes from 54.197.223.49: icmp_seq=2680 ttl=38 time=78.0 ms
08-14 23:39:56.941  6001  6238 D cellinfo: 46 bytes from 54.197.223.49: icmp_seq=2681 ttl=38 time=87.2 ms
08-14 23:39:57.151  6001  6238 D cellinfo: 46 bytes from 54.197.223.49: icmp_seq=2682 ttl=38 time=95.4 ms
08-14 23:39:57.325  6001  6238 D cellinfo: 46 bytes from 54.197.223.49: icmp_seq=2683 ttl=38 time=69.8 ms
08-14 23:39:57.535  6001  6238 D cellinfo: 46 bytes from 54.197.223.49: icmp_seq=2684 ttl=38 time=79.0 ms
08-14 23:39:57.737  6001  6238 D cellinfo: 46 bytes from 54.197.223.49: icmp_seq=2685 ttl=38 time=78.5 ms
08-14 23:39:57.935  6001  6238 D cellinfo: 46 bytes from 54.197.223.49: icmp_seq=2686 ttl=38 time=77.1 ms
08-14 23:39:58.135  6001  6238 D cellinfo: 46 bytes from 54.197.223.49: icmp_seq=2687 ttl=38 time=75.7 ms
08-14 23:39:58.336  6001  6238 D cellinfo: 46 bytes from 54.197.223.49: icmp_seq=2688 ttl=38 time=75.3 ms
08-14 23:39:58.536  6001  6238 D cellinfo: 46 bytes from 54.197.223.49: icmp_seq=2689 ttl=38 time=74.7 ms
08-14 23:39:58.759  6001  6238 D cellinfo: 46 bytes from 54.197.223.49: icmp_seq=2690 ttl=38 time=96.6 ms
08-14 23:39:58.964  6001  6238 D cellinfo: 46 bytes from 54.197.223.49: icmp_seq=2691 ttl=38 time=101 ms
08-14 23:39:59.145  6001  6238 D cellinfo: 46 bytes from 54.197.223.49: icmp_seq=2692 ttl=38 time=82.3 ms
08-14 23:39:59.356  6001  6238 D cellinfo: 46 bytes from 54.197.223.49: icmp_seq=2693 ttl=38 time=91.3 ms
08-14 23:39:59.499  6001  6001 D cellinfo: Latitude is 42.9324403
08-14 23:39:59.499  6001  6001 D cellinfo: Longitude is -78.7649732
08-14 23:39:59.499  6001  6001 D cellinfo: Instantaneous GPS information: United States, NY-33, Cheektowaga, NY 14225, USA
08-14 23:39:59.499  6001  6001 D cellinfo: getCurrentLocation() result: Location (success): 42.9324403, -78.7649732
08-14 23:39:59.554  6001  6238 D cellinfo: 46 bytes from 54.197.223.49: icmp_seq=2694 ttl=38 time=89.6 ms
08-14 23:39:59.735  6001  6238 D cellinfo: 46 bytes from 54.197.223.49: icmp_seq=2695 ttl=38 time=68.7 ms
08-14 23:39:59.955  6001  6238 D cellinfo: 46 bytes from 54.197.223.49: icmp_seq=2696 ttl=38 time=87.9 ms
08-14 23:40:00.155  6001  6238 D cellinfo: 46 bytes from 54.197.223.49: icmp_seq=2697 ttl=38 time=87.6 ms
08-14 23:40:00.356  6001  6238 D cellinfo: 46 bytes from 54.197.223.49: icmp_seq=2698 ttl=38 time=87.5 ms
08-14 23:40:00.560  6001  6238 D cellinfo: 46 bytes from 54.197.223.49: icmp_seq=2699 ttl=38 time=91.8 ms
08-14 23:40:00.755  6001  6238 D cellinfo: 46 bytes from 54.197.223.49: icmp_seq=2700 ttl=38 time=86.1 ms
08-14 23:40:00.990  6001  6238 D cellinfo: 46 bytes from 54.197.223.49: icmp_seq=2701 ttl=38 time=119 ms
08-14 23:40:01.156  6001  6238 D cellinfo: 46 bytes from 54.197.223.49: icmp_seq=2702 ttl=38 time=84.1 ms
08-14 23:40:01.361  6001  6238 D cellinfo: 46 bytes from 54.197.223.49: icmp_seq=2703 ttl=38 time=88.5 ms
08-14 23:40:01.549  6001  6001 D cellinfo: onCellInfoChanged: Operator:  UpdateTimestamp: 358680953 CellConnectionStatus: 1
08-14 23:40:01.549  6001  6001 D cellinfo: onCellInfoChanged: 5G-NR Cell Bands: [] ARFCN: 520020 Cell ID: 9223372036854775807 Physical Cell ID: 686 Tracking Area Code: 16777215
08-14 23:40:01.566  6001  6238 D cellinfo: 46 bytes from 54.197.223.49: icmp_seq=2704 ttl=38 time=92.0 ms
08-14 23:40:01.748  6001  6238 D cellinfo: 46 bytes from 54.197.223.49: icmp_seq=2705 ttl=38 time=73.2 ms
08-14 23:40:01.961  6001  6238 D cellinfo: 46 bytes from 54.197.223.49: icmp_seq=2706 ttl=38 time=86.1 ms
08-14 23:40:02.160  6001  6238 D cellinfo: 46 bytes from 54.197.223.49: icmp_seq=2707 ttl=38 time=84.1 ms
08-14 23:40:02.362  6001  6238 D cellinfo: 46 bytes from 54.197.223.49: icmp_seq=2708 ttl=38 time=84.4 ms
08-14 23:40:02.564  6001  6238 D cellinfo: 46 bytes from 54.197.223.49: icmp_seq=2709 ttl=38 time=85.3 ms
08-14 23:40:02.752  6001  6238 D cellinfo: 46 bytes from 54.197.223.49: icmp_seq=2710 ttl=38 time=73.0 ms
08-14 23:40:02.956  6001  6238 D cellinfo: 46 bytes from 54.197.223.49: icmp_seq=2711 ttl=38 time=75.4 ms
08-14 23:40:03.161  6001  6238 D cellinfo: 46 bytes from 54.197.223.49: icmp_seq=2712 ttl=38 time=78.7 ms
08-14 23:40:03.191  6001  6001 D cellinfo: Latitude is 42.9313498
08-14 23:40:03.191  6001  6001 D cellinfo: Longitude is -78.7638114
08-14 23:40:03.191  6001  6001 D cellinfo: Instantaneous GPS information: United States, 374 Beach Rd, Buffalo, NY 14225, USA
08-14 23:40:03.191  6001  6001 D cellinfo: getCurrentLocation() result: Location (success): 42.9313498, -78.7638114
08-14 23:40:03.355  6001  6238 D cellinfo: 46 bytes from 54.197.223.49: icmp_seq=2713 ttl=38 time=73.1 ms
08-14 23:40:03.575  6001  6238 D cellinfo: 46 bytes from 54.197.223.49: icmp_seq=2714 ttl=38 time=91.3 ms
08-14 23:40:03.775  6001  6238 D cellinfo: 46 bytes from 54.197.223.49: icmp_seq=2715 ttl=38 time=90.6 ms
08-14 23:40:03.981  6001  6238 D cellinfo: 46 bytes from 54.197.223.49: icmp_seq=2716 ttl=38 time=95.7 ms
08-14 23:40:04.176  6001  6238 D cellinfo: 46 bytes from 54.197.223.49: icmp_seq=2717 ttl=38 time=89.9 ms
08-14 23:40:04.381  6001  6238 D cellinfo: 46 bytes from 54.197.223.49: icmp_seq=2718 ttl=38 time=93.6 ms
08-14 23:40:04.575  6001  6238 D cellinfo: 46 bytes from 54.197.223.49: icmp_seq=2719 ttl=38 time=87.5 ms
08-14 23:40:04.777  6001  6238 D cellinfo: 46 bytes from 54.197.223.49: icmp_seq=2720 ttl=38 time=88.0 ms
08-14 23:40:04.981  6001  6238 D cellinfo: 46 bytes from 54.197.223.49: icmp_seq=2721 ttl=38 time=90.6 ms
08-14 23:40:05.181  6001  6238 D cellinfo: 46 bytes from 54.197.223.49: icmp_seq=2722 ttl=38 time=90.3 ms
08-14 23:40:05.377  6001  6238 D cellinfo: 46 bytes from 54.197.223.49: icmp_seq=2723 ttl=38 time=84.9 ms
08-14 23:40:05.495  6001  6001 D cellinfo: Latitude is 42.9313498
08-14 23:40:05.496  6001  6001 D cellinfo: Longitude is -78.7638114
08-14 23:40:05.496  6001  6001 D cellinfo: Instantaneous GPS information: United States, 374 Beach Rd, Buffalo, NY 14225, USA
08-14 23:40:05.496  6001  6001 D cellinfo: getCurrentLocation() result: Location (success): 42.9313498, -78.7638114
08-14 23:40:05.581  6001  6238 D cellinfo: 46 bytes from 54.197.223.49: icmp_seq=2724 ttl=38 time=88.7 ms
08-14 23:40:05.765  6001  6238 D cellinfo: 46 bytes from 54.197.223.49: icmp_seq=2725 ttl=38 time=72.9 ms
08-14 23:40:05.982  6001  6238 D cellinfo: 46 bytes from 54.197.223.49: icmp_seq=2726 ttl=38 time=88.5 ms
08-14 23:40:06.180  6001  6238 D cellinfo: 46 bytes from 54.197.223.49: icmp_seq=2727 ttl=38 time=86.7 ms
08-14 23:40:06.386  6001  6238 D cellinfo: 46 bytes from 54.197.223.49: icmp_seq=2728 ttl=38 time=92.1 ms
08-14 23:40:06.581  6001  6238 D cellinfo: 46 bytes from 54.197.223.49: icmp_seq=2729 ttl=38 time=85.5 ms
08-14 23:40:06.791  6001  6238 D cellinfo: 46 bytes from 54.197.223.49: icmp_seq=2730 ttl=38 time=95.5 ms
08-14 23:40:06.984  6001  6238 D cellinfo: 46 bytes from 54.197.223.49: icmp_seq=2731 ttl=38 time=87.6 ms
08-14 23:40:07.176  6001  6238 D cellinfo: 46 bytes from 54.197.223.49: icmp_seq=2732 ttl=38 time=78.5 ms
08-14 23:40:07.376  6001  6238 D cellinfo: 46 bytes from 54.197.223.49: icmp_seq=2733 ttl=38 time=78.1 ms
08-14 23:40:07.544  6001  6001 D cellinfo: onCellInfoChanged: Operator:  UpdateTimestamp: 358686949 CellConnectionStatus: 1
08-14 23:40:07.545  6001  6001 D cellinfo: onCellInfoChanged: 5G-NR Cell Bands: [] ARFCN: 520020 Cell ID: 9223372036854775807 Physical Cell ID: 686 Tracking Area Code: 16777215
08-14 23:40:07.578  6001  6238 D cellinfo: 46 bytes from 54.197.223.49: icmp_seq=2734 ttl=38 time=79.2 ms
08-14 23:40:07.776  6001  6238 D cellinfo: 46 bytes from 54.197.223.49: icmp_seq=2735 ttl=38 time=76.0 ms
08-14 23:40:07.975  6001  6238 D cellinfo: 46 bytes from 54.197.223.49: icmp_seq=2736 ttl=38 time=74.8 ms
08-14 23:40:08.175  6001  6238 D cellinfo: 46 bytes from 54.197.223.49: icmp_seq=2737 ttl=38 time=73.9 ms
08-14 23:40:08.494  6001  6001 D cellinfo: Latitude is 42.9313498
08-14 23:40:08.494  6001  6001 D cellinfo: Longitude is -78.7638114
08-14 23:40:08.494  6001  6001 D cellinfo: Instantaneous GPS information: United States, 374 Beach Rd, Buffalo, NY 14225, USA
08-14 23:40:08.494  6001  6001 D cellinfo: getCurrentLocation() result: Location (success): 42.9313498, -78.7638114
08-14 23:40:08.581  6001  6238 D cellinfo: 46 bytes from 54.197.223.49: icmp_seq=2738 ttl=38 time=279 ms
08-14 23:40:08.624  6001  6238 D cellinfo: 46 bytes from 54.197.223.49: icmp_seq=2739 ttl=38 time=121 ms
08-14 23:40:08.776  6001  6238 D cellinfo: 46 bytes from 54.197.223.49: icmp_seq=2740 ttl=38 time=71.6 ms
08-14 23:40:08.778  6001  6238 D cellinfo: 46 bytes from 54.197.223.49: icmp_seq=2740 ttl=38 time=74.3 ms (DUP!)
08-14 23:40:08.999  6001  6238 D cellinfo: 46 bytes from 54.197.223.49: icmp_seq=2741 ttl=38 time=94.0 ms
08-14 23:40:09.206  6001  6238 D cellinfo: 46 bytes from 54.197.223.49: icmp_seq=2742 ttl=38 time=99.5 ms
08-14 23:40:09.380  6001  6238 D cellinfo: 46 bytes from 54.197.223.49: icmp_seq=2743 ttl=38 time=74.1 ms
08-14 23:40:09.597  6001  6238 D cellinfo: 46 bytes from 54.197.223.49: icmp_seq=2744 ttl=38 time=89.0 ms
08-14 23:40:09.797  6001  6238 D cellinfo: 46 bytes from 54.197.223.49: icmp_seq=2745 ttl=38 time=88.1 ms
08-14 23:40:10.007  6001  6238 D cellinfo: 46 bytes from 54.197.223.49: icmp_seq=2746 ttl=38 time=97.9 ms
08-14 23:40:10.200  6001  6238 D cellinfo: 46 bytes from 54.197.223.49: icmp_seq=2747 ttl=38 time=91.5 ms
08-14 23:40:10.400  6001  6238 D cellinfo: 46 bytes from 54.197.223.49: icmp_seq=2748 ttl=38 time=91.2 ms
08-14 23:40:10.602  6001  6238 D cellinfo: 46 bytes from 54.197.223.49: icmp_seq=2749 ttl=38 time=91.3 ms
08-14 23:40:10.805  6001  6238 D cellinfo: 46 bytes from 54.197.223.49: icmp_seq=2750 ttl=38 time=95.0 ms
08-14 23:40:10.996  6001  6238 D cellinfo: 46 bytes from 54.197.223.49: icmp_seq=2751 ttl=38 time=84.7 ms
08-14 23:40:11.198  6001  6238 D cellinfo: 46 bytes from 54.197.223.49: icmp_seq=2752 ttl=38 time=85.0 ms
08-14 23:40:11.463  6001  6238 D cellinfo: 46 bytes from 54.197.223.49: icmp_seq=2753 ttl=38 time=149 ms
08-14 23:40:11.497  6001  6001 D cellinfo: Latitude is 42.9313498
08-14 23:40:11.497  6001  6001 D cellinfo: Longitude is -78.7638114
08-14 23:40:11.497  6001  6001 D cellinfo: Instantaneous GPS information: United States, 374 Beach Rd, Buffalo, NY 14225, USA
08-14 23:40:11.497  6001  6001 D cellinfo: getCurrentLocation() result: Location (success): 42.9313498, -78.7638114
08-14 23:40:11.538  6001  6001 D cellinfo: onCellInfoChanged: Operator:  UpdateTimestamp: 358690943 CellConnectionStatus: 1
08-14 23:40:11.538  6001  6001 D cellinfo: onCellInfoChanged: 5G-NR Cell Bands: [] ARFCN: 520020 Cell ID: 9223372036854775807 Physical Cell ID: 686 Tracking Area Code: 16777215
08-14 23:40:11.636  6001  6238 D cellinfo: 46 bytes from 54.197.223.49: icmp_seq=2754 ttl=38 time=123 ms
08-14 23:40:12.111  6001  6238 D cellinfo: 46 bytes from 54.197.223.49: icmp_seq=2755 ttl=38 time=396 ms
08-14 23:40:12.111  6001  6238 D cellinfo: 46 bytes from 54.197.223.49: icmp_seq=2756 ttl=38 time=195 ms
08-14 23:40:12.195  6001  6238 D cellinfo: 46 bytes from 54.197.223.49: icmp_seq=2757 ttl=38 time=81.3 ms
08-14 23:40:12.214  6001  6238 D cellinfo: 46 bytes from 54.197.223.49: icmp_seq=2757 ttl=38 time=99.7 ms (DUP!)
08-14 23:40:12.424  6001  6238 D cellinfo: 46 bytes from 54.197.223.49: icmp_seq=2758 ttl=38 time=109 ms
08-14 23:40:12.599  6001  6238 D cellinfo: 46 bytes from 54.197.223.49: icmp_seq=2759 ttl=38 time=83.3 ms
08-14 23:40:12.796  6001  6238 D cellinfo: 46 bytes from 54.197.223.49: icmp_seq=2760 ttl=38 time=78.6 ms
08-14 23:40:12.996  6001  6238 D cellinfo: 46 bytes from 54.197.223.49: icmp_seq=2761 ttl=38 time=78.3 ms
08-14 23:40:13.196  6001  6238 D cellinfo: 46 bytes from 54.197.223.49: icmp_seq=2762 ttl=38 time=77.0 ms
08-14 23:40:13.400  6001  6238 D cellinfo: 46 bytes from 54.197.223.49: icmp_seq=2763 ttl=38 time=80.6 ms
08-14 23:40:13.597  6001  6238 D cellinfo: 46 bytes from 54.197.223.49: icmp_seq=2764 ttl=38 time=77.1 ms
08-14 23:40:14.024  6001  6238 D cellinfo: 46 bytes from 54.197.223.49: icmp_seq=2765 ttl=38 time=302 ms
08-14 23:40:14.025  6001  6238 D cellinfo: 46 bytes from 54.197.223.49: icmp_seq=2766 ttl=38 time=98.3 ms
08-14 23:40:14.223  6001  6238 D cellinfo: 46 bytes from 54.197.223.49: icmp_seq=2767 ttl=38 time=95.5 ms
08-14 23:40:14.425  6001  6238 D cellinfo: 46 bytes from 54.197.223.49: icmp_seq=2768 ttl=38 time=97.1 ms
08-14 23:40:14.680  6001  6238 D cellinfo: 46 bytes from 54.197.223.49: icmp_seq=2769 ttl=38 time=151 ms
08-14 23:40:14.804  6001  6238 D cellinfo: 46 bytes from 54.197.223.49: icmp_seq=2770 ttl=38 time=75.1 ms
08-14 23:40:15.004  6001  6238 D cellinfo: 46 bytes from 54.197.223.49: icmp_seq=2771 ttl=38 time=73.3 ms
08-14 23:40:15.202  6001  6238 D cellinfo: 46 bytes from 54.197.223.49: icmp_seq=2772 ttl=38 time=72.5 ms
08-14 23:40:15.219  6001  6001 D cellinfo: Latitude is 42.9301656
08-14 23:40:15.220  6001  6001 D cellinfo: Longitude is -78.7649156
08-14 23:40:15.220  6001  6001 D cellinfo: Instantaneous GPS information: United States, 294 Fonda Dr, Buffalo, NY 14225, USA
08-14 23:40:15.220  6001  6001 D cellinfo: getCurrentLocation() result: Location (success): 42.9301656, -78.7649156
08-14 23:40:15.411  6001  6238 D cellinfo: 46 bytes from 54.197.223.49: icmp_seq=2773 ttl=38 time=79.1 ms
08-14 23:40:15.616  6001  6238 D cellinfo: 46 bytes from 54.197.223.49: icmp_seq=2774 ttl=38 time=83.2 ms
08-14 23:40:15.823  6001  6238 D cellinfo: 46 bytes from 54.197.223.49: icmp_seq=2775 ttl=38 time=89.3 ms
08-14 23:40:16.015  6001  6238 D cellinfo: 46 bytes from 54.197.223.49: icmp_seq=2776 ttl=38 time=80.4 ms
08-14 23:40:16.222  6001  6238 D cellinfo: 46 bytes from 54.197.223.49: icmp_seq=2777 ttl=38 time=87.3 ms
08-14 23:40:16.416  6001  6238 D cellinfo: 46 bytes from 54.197.223.49: icmp_seq=2778 ttl=38 time=80.2 ms
08-14 23:40:16.621  6001  6238 D cellinfo: 46 bytes from 54.197.223.49: icmp_seq=2779 ttl=38 time=84.3 ms
08-14 23:40:16.821  6001  6238 D cellinfo: 46 bytes from 54.197.223.49: icmp_seq=2780 ttl=38 time=83.3 ms
08-14 23:40:17.017  6001  6238 D cellinfo: 46 bytes from 54.197.223.49: icmp_seq=2781 ttl=38 time=78.5 ms
08-14 23:40:17.222  6001  6238 D cellinfo: 46 bytes from 54.197.223.49: icmp_seq=2782 ttl=38 time=83.9 ms
08-14 23:40:17.417  6001  6238 D cellinfo: 46 bytes from 54.197.223.49: icmp_seq=2783 ttl=38 time=78.0 ms
08-14 23:40:17.495  6001  6001 D cellinfo: Latitude is 42.9301656
08-14 23:40:17.495  6001  6001 D cellinfo: Longitude is -78.7649156
08-14 23:40:17.495  6001  6001 D cellinfo: Instantaneous GPS information: United States, 294 Fonda Dr, Buffalo, NY 14225, USA
08-14 23:40:17.495  6001  6001 D cellinfo: getCurrentLocation() result: Location (success): 42.9301656, -78.7649156
08-14 23:40:17.615  6001  6238 D cellinfo: 46 bytes from 54.197.223.49: icmp_seq=2784 ttl=38 time=75.4 ms
08-14 23:40:17.821  6001  6238 D cellinfo: 46 bytes from 54.197.223.49: icmp_seq=2785 ttl=38 time=80.2 ms
08-14 23:40:18.026  6001  6238 D cellinfo: 46 bytes from 54.197.223.49: icmp_seq=2786 ttl=38 time=84.3 ms
08-14 23:40:18.217  6001  6238 D cellinfo: 46 bytes from 54.197.223.49: icmp_seq=2787 ttl=38 time=74.0 ms
08-14 23:40:18.441  6001  6238 D cellinfo: 46 bytes from 54.197.223.49: icmp_seq=2788 ttl=38 time=97.7 ms
08-14 23:40:18.645  6001  6238 D cellinfo: 46 bytes from 54.197.223.49: icmp_seq=2789 ttl=38 time=100 ms
08-14 23:40:18.844  6001  6238 D cellinfo: 46 bytes from 54.197.223.49: icmp_seq=2790 ttl=38 time=99.5 ms
08-14 23:40:19.015  6001  6238 D cellinfo: 46 bytes from 54.197.223.49: icmp_seq=2791 ttl=38 time=70.4 ms
08-14 23:40:19.257  6001  6238 D cellinfo: 46 bytes from 54.197.223.49: icmp_seq=2792 ttl=38 time=111 ms
08-14 23:40:19.454  6001  6238 D cellinfo: 46 bytes from 54.197.223.49: icmp_seq=2793 ttl=38 time=107 ms
08-14 23:40:19.544  6001  6001 D cellinfo: onCellInfoChanged: Operator:  UpdateTimestamp: 358698949 CellConnectionStatus: 1
08-14 23:40:19.544  6001  6001 D cellinfo: onCellInfoChanged: 5G-NR Cell Bands: [] ARFCN: 520020 Cell ID: 9223372036854775807 Physical Cell ID: 686 Tracking Area Code: 16777215
08-14 23:40:19.643  6001  6238 D cellinfo: 46 bytes from 54.197.223.49: icmp_seq=2794 ttl=38 time=96.8 ms
08-14 23:40:19.819  6001  6238 D cellinfo: 46 bytes from 54.197.223.49: icmp_seq=2795 ttl=38 time=72.1 ms
08-14 23:40:20.036  6001  6238 D cellinfo: 46 bytes from 54.197.223.49: icmp_seq=2796 ttl=38 time=87.2 ms
08-14 23:40:20.254  6001  6238 D cellinfo: 46 bytes from 54.197.223.49: icmp_seq=2797 ttl=38 time=104 ms
08-14 23:40:20.437  6001  6238 D cellinfo: 46 bytes from 54.197.223.49: icmp_seq=2798 ttl=38 time=87.0 ms
08-14 23:40:20.495  6001  6001 D cellinfo: Latitude is 42.9301656
08-14 23:40:20.495  6001  6001 D cellinfo: Longitude is -78.7649156
08-14 23:40:20.495  6001  6001 D cellinfo: Instantaneous GPS information: United States, 294 Fonda Dr, Buffalo, NY 14225, USA
08-14 23:40:20.495  6001  6001 D cellinfo: getCurrentLocation() result: Location (success): 42.9301656, -78.7649156
08-14 23:40:20.631  6001  6238 D cellinfo: 46 bytes from 54.197.223.49: icmp_seq=2799 ttl=38 time=81.0 ms
08-14 23:40:20.836  6001  6238 D cellinfo: 46 bytes from 54.197.223.49: icmp_seq=2800 ttl=38 time=84.9 ms
08-14 23:40:21.037  6001  6238 D cellinfo: 46 bytes from 54.197.223.49: icmp_seq=2801 ttl=38 time=85.4 ms
08-14 23:40:21.236  6001  6238 D cellinfo: 46 bytes from 54.197.223.49: icmp_seq=2802 ttl=38 time=83.4 ms
08-14 23:40:21.437  6001  6238 D cellinfo: 46 bytes from 54.197.223.49: icmp_seq=2803 ttl=38 time=84.0 ms
08-14 23:40:21.635  6001  6238 D cellinfo: 46 bytes from 54.197.223.49: icmp_seq=2804 ttl=38 time=81.9 ms
08-14 23:40:21.836  6001  6238 D cellinfo: 46 bytes from 54.197.223.49: icmp_seq=2805 ttl=38 time=81.7 ms
08-14 23:40:22.046  6001  6238 D cellinfo: 46 bytes from 54.197.223.49: icmp_seq=2806 ttl=38 time=91.0 ms
08-14 23:40:22.241  6001  6238 D cellinfo: 46 bytes from 54.197.223.49: icmp_seq=2807 ttl=38 time=85.8 ms
08-14 23:40:22.441  6001  6238 D cellinfo: 46 bytes from 54.197.223.49: icmp_seq=2808 ttl=38 time=85.6 ms
08-14 23:40:22.650  6001  6238 D cellinfo: 46 bytes from 54.197.223.49: icmp_seq=2809 ttl=38 time=93.8 ms
08-14 23:40:22.862  6001  6238 D cellinfo: 46 bytes from 54.197.223.49: icmp_seq=2810 ttl=38 time=104 ms
08-14 23:40:23.036  6001  6238 D cellinfo: 46 bytes from 54.197.223.49: icmp_seq=2811 ttl=38 time=78.3 ms
08-14 23:40:23.245  6001  6238 D cellinfo: 46 bytes from 54.197.223.49: icmp_seq=2812 ttl=38 time=86.7 ms
08-14 23:40:23.469  6001  6238 D cellinfo: 46 bytes from 54.197.223.49: icmp_seq=2813 ttl=38 time=110 ms
08-14 23:40:23.496  6001  6001 D cellinfo: Latitude is 42.9301656
08-14 23:40:23.496  6001  6001 D cellinfo: Longitude is -78.7649156
08-14 23:40:23.496  6001  6001 D cellinfo: Instantaneous GPS information: United States, 294 Fonda Dr, Buffalo, NY 14225, USA
08-14 23:40:23.496  6001  6001 D cellinfo: getCurrentLocation() result: Location (success): 42.9301656, -78.7649156
08-14 23:40:23.640  6001  6238 D cellinfo: 46 bytes from 54.197.223.49: icmp_seq=2814 ttl=38 time=78.5 ms
08-14 23:40:23.837  6001  6238 D cellinfo: 46 bytes from 54.197.223.49: icmp_seq=2815 ttl=38 time=76.1 ms
08-14 23:40:24.056  6001  6238 D cellinfo: 46 bytes from 54.197.223.49: icmp_seq=2816 ttl=38 time=93.7 ms
08-14 23:40:24.341  6001  6238 D cellinfo: 46 bytes from 54.197.223.49: icmp_seq=2817 ttl=38 time=179 ms
08-14 23:40:25.541  6001  6001 D cellinfo: onCellInfoChanged: Operator:  UpdateTimestamp: 358704948 CellConnectionStatus: 1
08-14 23:40:25.541  6001  6001 D cellinfo: onCellInfoChanged: 5G-NR Cell Bands: [] ARFCN: 520020 Cell ID: 9223372036854775807 Physical Cell ID: 67 Tracking Area Code: 16777215
08-14 23:40:25.887  6001  6238 D cellinfo: 46 bytes from 54.197.223.49: icmp_seq=2822 ttl=38 time=710 ms
08-14 23:40:25.888  6001  6238 D cellinfo: 46 bytes from 54.197.223.49: icmp_seq=2823 ttl=38 time=504 ms
08-14 23:40:25.888  6001  6238 D cellinfo: 46 bytes from 54.197.223.49: icmp_seq=2824 ttl=38 time=300 ms
08-14 23:40:25.986  6001  6238 D cellinfo: 46 bytes from 54.197.223.49: icmp_seq=2825 ttl=38 time=194 ms
08-14 23:40:26.066  6001  6238 D cellinfo: 46 bytes from 54.197.223.49: icmp_seq=2826 ttl=38 time=74.3 ms
08-14 23:40:26.286  6001  6238 D cellinfo: 46 bytes from 54.197.223.49: icmp_seq=2827 ttl=38 time=94.2 ms
08-14 23:40:26.486  6001  6238 D cellinfo: 46 bytes from 54.197.223.49: icmp_seq=2828 ttl=38 time=93.3 ms
08-14 23:40:26.710  6001  6238 D cellinfo: 46 bytes from 54.197.223.49: icmp_seq=2829 ttl=38 time=116 ms
08-14 23:40:26.870  6001  6238 D cellinfo: 46 bytes from 54.197.223.49: icmp_seq=2830 ttl=38 time=75.6 ms
08-14 23:40:27.072  6001  6238 D cellinfo: 46 bytes from 54.197.223.49: icmp_seq=2831 ttl=38 time=75.4 ms
08-14 23:40:27.214  6001  6001 D cellinfo: Latitude is 42.9313168
08-14 23:40:27.214  6001  6001 D cellinfo: Longitude is -78.7661446
08-14 23:40:27.214  6001  6001 D cellinfo: Instantaneous GPS information: United States, I-90, Cheektowaga, NY 14225, USA
08-14 23:40:27.214  6001  6001 D cellinfo: getCurrentLocation() result: Location (success): 42.9313168, -78.7661446
08-14 23:40:27.271  6001  6238 D cellinfo: 46 bytes from 54.197.223.49: icmp_seq=2832 ttl=38 time=76.1 ms
08-14 23:40:27.485  6001  6238 D cellinfo: 46 bytes from 54.197.223.49: icmp_seq=2833 ttl=38 time=89.0 ms
08-14 23:40:27.685  6001  6238 D cellinfo: 46 bytes from 54.197.223.49: icmp_seq=2834 ttl=38 time=87.8 ms
08-14 23:40:27.884  6001  6238 D cellinfo: 46 bytes from 54.197.223.49: icmp_seq=2835 ttl=38 time=85.2 ms
08-14 23:40:28.086  6001  6238 D cellinfo: 46 bytes from 54.197.223.49: icmp_seq=2836 ttl=38 time=87.3 ms
08-14 23:40:28.295  6001  6238 D cellinfo: 46 bytes from 54.197.223.49: icmp_seq=2837 ttl=38 time=96.6 ms
08-14 23:40:28.486  6001  6238 D cellinfo: 46 bytes from 54.197.223.49: icmp_seq=2838 ttl=38 time=86.9 ms
08-14 23:40:28.682  6001  6238 D cellinfo: 46 bytes from 54.197.223.49: icmp_seq=2839 ttl=38 time=82.9 ms
08-14 23:40:28.885  6001  6238 D cellinfo: 46 bytes from 54.197.223.49: icmp_seq=2840 ttl=38 time=84.4 ms
08-14 23:40:29.083  6001  6238 D cellinfo: 46 bytes from 54.197.223.49: icmp_seq=2841 ttl=38 time=81.4 ms
08-14 23:40:29.301  6001  6238 D cellinfo: 46 bytes from 54.197.223.49: icmp_seq=2842 ttl=38 time=97.9 ms
08-14 23:40:29.482  6001  6238 D cellinfo: 46 bytes from 54.197.223.49: icmp_seq=2843 ttl=38 time=78.3 ms
08-14 23:40:29.503  6001  6001 D cellinfo: Latitude is 42.9313168
08-14 23:40:29.503  6001  6001 D cellinfo: Longitude is -78.7661446
08-14 23:40:29.503  6001  6001 D cellinfo: Instantaneous GPS information: United States, I-90, Cheektowaga, NY 14225, USA
08-14 23:40:29.503  6001  6001 D cellinfo: getCurrentLocation() result: Location (success): 42.9313168, -78.7661446
08-14 23:40:29.686  6001  6238 D cellinfo: 46 bytes from 54.197.223.49: icmp_seq=2844 ttl=38 time=80.8 ms
08-14 23:40:29.883  6001  6238 D cellinfo: 46 bytes from 54.197.223.49: icmp_seq=2845 ttl=38 time=77.5 ms
08-14 23:40:30.101  6001  6238 D cellinfo: 46 bytes from 54.197.223.49: icmp_seq=2846 ttl=38 time=94.7 ms
08-14 23:40:30.282  6001  6238 D cellinfo: 46 bytes from 54.197.223.49: icmp_seq=2847 ttl=38 time=75.6 ms
08-14 23:40:30.504  6001  6238 D cellinfo: 46 bytes from 54.197.223.49: icmp_seq=2848 ttl=38 time=96.9 ms
08-14 23:40:30.701  6001  6238 D cellinfo: 46 bytes from 54.197.223.49: icmp_seq=2849 ttl=38 time=92.8 ms
08-14 23:40:30.906  6001  6238 D cellinfo: 46 bytes from 54.197.223.49: icmp_seq=2850 ttl=38 time=97.5 ms
08-14 23:40:31.165  6001  6238 D cellinfo: 46 bytes from 54.197.223.49: icmp_seq=2851 ttl=38 time=156 ms
08-14 23:40:31.286  6001  6238 D cellinfo: 46 bytes from 54.197.223.49: icmp_seq=2852 ttl=38 time=77.2 ms
08-14 23:40:31.515  6001  6238 D cellinfo: 46 bytes from 54.197.223.49: icmp_seq=2853 ttl=38 time=104 ms
08-14 23:40:31.544  6001  6001 D cellinfo: onCellInfoChanged: Operator:  UpdateTimestamp: 358710949 CellConnectionStatus: 1
08-14 23:40:31.544  6001  6001 D cellinfo: onCellInfoChanged: 5G-NR Cell Bands: [] ARFCN: 520020 Cell ID: 9223372036854775807 Physical Cell ID: 686 Tracking Area Code: 16777215
08-14 23:40:31.685  6001  6238 D cellinfo: 46 bytes from 54.197.223.49: icmp_seq=2854 ttl=38 time=74.4 ms
08-14 23:40:31.905  6001  6238 D cellinfo: 46 bytes from 54.197.223.49: icmp_seq=2855 ttl=38 time=91.9 ms
08-14 23:40:32.112  6001  6238 D cellinfo: 46 bytes from 54.197.223.49: icmp_seq=2856 ttl=38 time=97.9 ms
08-14 23:40:32.310  6001  6238 D cellinfo: 46 bytes from 54.197.223.49: icmp_seq=2857 ttl=38 time=95.9 ms
08-14 23:40:32.493  6001  6001 D cellinfo: Latitude is 42.9313168
08-14 23:40:32.493  6001  6001 D cellinfo: Longitude is -78.7661446
08-14 23:40:32.493  6001  6001 D cellinfo: Instantaneous GPS information: United States, I-90, Cheektowaga, NY 14225, USA
08-14 23:40:32.493  6001  6001 D cellinfo: getCurrentLocation() result: Location (success): 42.9313168, -78.7661446
08-14 23:40:32.511  6001  6238 D cellinfo: 46 bytes from 54.197.223.49: icmp_seq=2858 ttl=38 time=96.6 ms
08-14 23:40:32.686  6001  6238 D cellinfo: 46 bytes from 54.197.223.49: icmp_seq=2859 ttl=38 time=69.4 ms
08-14 23:40:32.906  6001  6238 D cellinfo: 46 bytes from 54.197.223.49: icmp_seq=2860 ttl=38 time=88.7 ms
08-14 23:40:33.101  6001  6238 D cellinfo: 46 bytes from 54.197.223.49: icmp_seq=2861 ttl=38 time=82.8 ms
08-14 23:40:33.318  6001  6238 D cellinfo: 46 bytes from 54.197.223.49: icmp_seq=2862 ttl=38 time=99.0 ms
08-14 23:40:33.512  6001  6238 D cellinfo: 46 bytes from 54.197.223.49: icmp_seq=2863 ttl=38 time=91.9 ms
08-14 23:40:33.775  6001  6238 D cellinfo: 46 bytes from 54.197.223.49: icmp_seq=2864 ttl=38 time=155 ms
08-14 23:40:33.982  6001  6238 D cellinfo: 46 bytes from 54.197.223.49: icmp_seq=2865 ttl=38 time=160 ms
08-14 23:40:34.111  6001  6238 D cellinfo: 46 bytes from 54.197.223.49: icmp_seq=2866 ttl=38 time=88.3 ms
08-14 23:40:34.306  6001  6238 D cellinfo: 46 bytes from 54.197.223.49: icmp_seq=2867 ttl=38 time=82.9 ms
08-14 23:40:34.506  6001  6238 D cellinfo: 46 bytes from 54.197.223.49: icmp_seq=2868 ttl=38 time=82.2 ms
08-14 23:40:34.713  6001  6238 D cellinfo: 46 bytes from 54.197.223.49: icmp_seq=2869 ttl=38 time=88.4 ms
08-14 23:40:34.906  6001  6238 D cellinfo: 46 bytes from 54.197.223.49: icmp_seq=2870 ttl=38 time=79.9 ms
08-14 23:40:35.107  6001  6238 D cellinfo: 46 bytes from 54.197.223.49: icmp_seq=2871 ttl=38 time=79.5 ms
08-14 23:40:35.312  6001  6238 D cellinfo: 46 bytes from 54.197.223.49: icmp_seq=2872 ttl=38 time=83.5 ms
08-14 23:40:35.505  6001  6001 D cellinfo: Latitude is 42.9313168
08-14 23:40:35.505  6001  6001 D cellinfo: Longitude is -78.7661446
08-14 23:40:35.505  6001  6001 D cellinfo: Instantaneous GPS information: United States, I-90, Cheektowaga, NY 14225, USA
08-14 23:40:35.505  6001  6001 D cellinfo: getCurrentLocation() result: Location (success): 42.9313168, -78.7661446
08-14 23:40:35.511  6001  6238 D cellinfo: 46 bytes from 54.197.223.49: icmp_seq=2873 ttl=38 time=82.2 ms
08-14 23:40:35.701  6001  6238 D cellinfo: 46 bytes from 54.197.223.49: icmp_seq=2874 ttl=38 time=70.8 ms
08-14 23:40:35.914  6001  6238 D cellinfo: 46 bytes from 54.197.223.49: icmp_seq=2875 ttl=38 time=83.6 ms
08-14 23:40:36.106  6001  6238 D cellinfo: 46 bytes from 54.197.223.49: icmp_seq=2876 ttl=38 time=75.4 ms
08-14 23:40:36.334  6001  6238 D cellinfo: 46 bytes from 54.197.223.49: icmp_seq=2877 ttl=38 time=102 ms
08-14 23:40:36.530  6001  6238 D cellinfo: 46 bytes from 54.197.223.49: icmp_seq=2878 ttl=38 time=97.7 ms
08-14 23:40:36.737  6001  6238 D cellinfo: 46 bytes from 54.197.223.49: icmp_seq=2879 ttl=38 time=103 ms
08-14 23:40:36.935  6001  6238 D cellinfo: 46 bytes from 54.197.223.49: icmp_seq=2880 ttl=38 time=100 ms
08-14 23:40:37.135  6001  6238 D cellinfo: 46 bytes from 54.197.223.49: icmp_seq=2881 ttl=38 time=100 ms
08-14 23:40:37.336  6001  6238 D cellinfo: 46 bytes from 54.197.223.49: icmp_seq=2882 ttl=38 time=100 ms
08-14 23:40:37.526  6001  6238 D cellinfo: 46 bytes from 54.197.223.49: icmp_seq=2883 ttl=38 time=88.4 ms
08-14 23:40:37.547  6001  6001 D cellinfo: onCellInfoChanged: Operator:  UpdateTimestamp: 358716944 CellConnectionStatus: 1
08-14 23:40:37.548  6001  6001 D cellinfo: onCellInfoChanged: 5G-NR Cell Bands: [] ARFCN: 520020 Cell ID: 9223372036854775807 Physical Cell ID: 67 Tracking Area Code: 16777215
08-14 23:40:37.714  6001  6238 D cellinfo: 46 bytes from 54.197.223.49: icmp_seq=2884 ttl=38 time=75.4 ms
08-14 23:40:37.926  6001  6238 D cellinfo: 46 bytes from 54.197.223.49: icmp_seq=2885 ttl=38 time=86.9 ms
08-14 23:40:38.126  6001  6238 D cellinfo: 46 bytes from 54.197.223.49: icmp_seq=2886 ttl=38 time=86.0 ms
08-14 23:40:38.326  6001  6238 D cellinfo: 46 bytes from 54.197.223.49: icmp_seq=2887 ttl=38 time=85.5 ms
08-14 23:40:38.530  6001  6238 D cellinfo: 46 bytes from 54.197.223.49: icmp_seq=2888 ttl=38 time=89.9 ms
08-14 23:40:38.711  6001  6238 D cellinfo: 46 bytes from 54.197.223.49: icmp_seq=2889 ttl=38 time=70.1 ms
08-14 23:40:38.941  6001  6238 D cellinfo: 46 bytes from 54.197.223.49: icmp_seq=2890 ttl=38 time=98.8 ms
08-14 23:40:39.137  6001  6238 D cellinfo: 46 bytes from 54.197.223.49: icmp_seq=2891 ttl=38 time=94.5 ms
08-14 23:40:39.248  6001  6001 D cellinfo: Latitude is 42.9335757
08-14 23:40:39.248  6001  6001 D cellinfo: Longitude is -78.766206
08-14 23:40:39.248  6001  6001 D cellinfo: Instantaneous GPS information: United States, 3330 Paul Kurdys Way, Cheektowaga, NY 14225, USA
08-14 23:40:39.248  6001  6001 D cellinfo: getCurrentLocation() result: Location (success): 42.9335757, -78.766206
08-14 23:40:39.318  6001  6238 D cellinfo: 46 bytes from 54.197.223.49: icmp_seq=2892 ttl=38 time=74.4 ms
08-14 23:40:39.531  6001  6238 D cellinfo: 46 bytes from 54.197.223.49: icmp_seq=2893 ttl=38 time=86.5 ms
08-14 23:40:39.736  6001  6238 D cellinfo: 46 bytes from 54.197.223.49: icmp_seq=2894 ttl=38 time=90.0 ms
08-14 23:40:39.935  6001  6238 D cellinfo: 46 bytes from 54.197.223.49: icmp_seq=2895 ttl=38 time=88.7 ms
08-14 23:40:40.126  6001  6238 D cellinfo: 46 bytes from 54.197.223.49: icmp_seq=2896 ttl=38 time=79.3 ms
08-14 23:40:40.325  6001  6238 D cellinfo: 46 bytes from 54.197.223.49: icmp_seq=2897 ttl=38 time=77.3 ms
08-14 23:40:40.531  6001  6238 D cellinfo: 46 bytes from 54.197.223.49: icmp_seq=2898 ttl=38 time=82.1 ms
08-14 23:40:40.731  6001  6238 D cellinfo: 46 bytes from 54.197.223.49: icmp_seq=2899 ttl=38 time=81.0 ms
08-14 23:40:40.931  6001  6238 D cellinfo: 46 bytes from 54.197.223.49: icmp_seq=2900 ttl=38 time=80.0 ms
08-14 23:40:41.137  6001  6238 D cellinfo: 46 bytes from 54.197.223.49: icmp_seq=2901 ttl=38 time=84.9 ms
08-14 23:40:41.331  6001  6238 D cellinfo: 46 bytes from 54.197.223.49: icmp_seq=2902 ttl=38 time=78.7 ms
08-14 23:40:41.503  6001  6001 D cellinfo: Latitude is 42.9335757
08-14 23:40:41.503  6001  6001 D cellinfo: Longitude is -78.766206
08-14 23:40:41.503  6001  6001 D cellinfo: Instantaneous GPS information: United States, 3330 Paul Kurdys Way, Cheektowaga, NY 14225, USA
08-14 23:40:41.503  6001  6001 D cellinfo: getCurrentLocation() result: Location (success): 42.9335757, -78.766206
08-14 23:40:41.545  6001  6238 D cellinfo: 46 bytes from 54.197.223.49: icmp_seq=2903 ttl=38 time=92.6 ms
08-14 23:40:41.725  6001  6238 D cellinfo: 46 bytes from 54.197.223.49: icmp_seq=2904 ttl=38 time=70.6 ms
08-14 23:40:41.951  6001  6238 D cellinfo: 46 bytes from 54.197.223.49: icmp_seq=2905 ttl=38 time=96.4 ms
08-14 23:40:42.051  6001  6001 D cellinfo: onCellInfoChanged: Operator:  UpdateTimestamp: 358721457 CellConnectionStatus: 1
08-14 23:40:42.051  6001  6001 D cellinfo: onCellInfoChanged: 5G-NR Cell Bands: [] ARFCN: 520020 Cell ID: 9223372036854775807 Physical Cell ID: 67 Tracking Area Code: 16777215
08-14 23:40:42.128  6001  6238 D cellinfo: 46 bytes from 54.197.223.49: icmp_seq=2906 ttl=38 time=72.4 ms
08-14 23:40:42.330  6001  6238 D cellinfo: 46 bytes from 54.197.223.49: icmp_seq=2907 ttl=38 time=73.7 ms
08-14 23:40:42.526  6001  6238 D cellinfo: 46 bytes from 54.197.223.49: icmp_seq=2908 ttl=38 time=69.3 ms
08-14 23:40:42.746  6001  6238 D cellinfo: 46 bytes from 54.197.223.49: icmp_seq=2909 ttl=38 time=87.3 ms
08-14 23:40:42.950  6001  6238 D cellinfo: 46 bytes from 54.197.223.49: icmp_seq=2910 ttl=38 time=90.8 ms
08-14 23:40:43.134  6001  6238 D cellinfo: 46 bytes from 54.197.223.49: icmp_seq=2911 ttl=38 time=73.5 ms
08-14 23:40:43.351  6001  6238 D cellinfo: 46 bytes from 54.197.223.49: icmp_seq=2912 ttl=38 time=90.0 ms
08-14 23:40:43.547  6001  6238 D cellinfo: 46 bytes from 54.197.223.49: icmp_seq=2913 ttl=38 time=85.6 ms
08-14 23:40:43.749  6001  6238 D cellinfo: 46 bytes from 54.197.223.49: icmp_seq=2914 ttl=38 time=86.5 ms
08-14 23:40:43.945  6001  6238 D cellinfo: 46 bytes from 54.197.223.49: icmp_seq=2915 ttl=38 time=82.1 ms
08-14 23:40:44.146  6001  6238 D cellinfo: 46 bytes from 54.197.223.49: icmp_seq=2916 ttl=38 time=81.5 ms
08-14 23:40:44.346  6001  6238 D cellinfo: 46 bytes from 54.197.223.49: icmp_seq=2917 ttl=38 time=81.2 ms
08-14 23:40:44.496  6001  6001 D cellinfo: Latitude is 42.9335757
08-14 23:40:44.496  6001  6001 D cellinfo: Longitude is -78.766206
08-14 23:40:44.496  6001  6001 D cellinfo: Instantaneous GPS information: United States, 3330 Paul Kurdys Way, Cheektowaga, NY 14225, USA
08-14 23:40:44.496  6001  6001 D cellinfo: getCurrentLocation() result: Location (success): 42.9335757, -78.766206
08-14 23:40:44.545  6001  6238 D cellinfo: 46 bytes from 54.197.223.49: icmp_seq=2918 ttl=38 time=79.7 ms
08-14 23:40:44.737  6001  6238 D cellinfo: 46 bytes from 54.197.223.49: icmp_seq=2919 ttl=38 time=70.5 ms
08-14 23:40:44.956  6001  6238 D cellinfo: 46 bytes from 54.197.223.49: icmp_seq=2920 ttl=38 time=89.7 ms
08-14 23:40:45.150  6001  6238 D cellinfo: 46 bytes from 54.197.223.49: icmp_seq=2921 ttl=38 time=83.3 ms
08-14 23:40:45.346  6001  6238 D cellinfo: 46 bytes from 54.197.223.49: icmp_seq=2922 ttl=38 time=77.9 ms
08-14 23:40:45.551  6001  6238 D cellinfo: 46 bytes from 54.197.223.49: icmp_seq=2923 ttl=38 time=82.1 ms
08-14 23:40:45.751  6001  6238 D cellinfo: 46 bytes from 54.197.223.49: icmp_seq=2924 ttl=38 time=80.8 ms
08-14 23:40:45.945  6001  6238 D cellinfo: 46 bytes from 54.197.223.49: icmp_seq=2925 ttl=38 time=74.0 ms
08-14 23:40:46.146  6001  6238 D cellinfo: 46 bytes from 54.197.223.49: icmp_seq=2926 ttl=38 time=73.6 ms
08-14 23:40:46.346  6001  6238 D cellinfo: 46 bytes from 54.197.223.49: icmp_seq=2927 ttl=38 time=73.5 ms
08-14 23:40:46.566  6001  6238 D cellinfo: 46 bytes from 54.197.223.49: icmp_seq=2928 ttl=38 time=92.8 ms
08-14 23:40:46.766  6001  6238 D cellinfo: 46 bytes from 54.197.223.49: icmp_seq=2929 ttl=38 time=92.1 ms
08-14 23:40:46.966  6001  6238 D cellinfo: 46 bytes from 54.197.223.49: icmp_seq=2930 ttl=38 time=91.6 ms
08-14 23:40:47.166  6001  6238 D cellinfo: 46 bytes from 54.197.223.49: icmp_seq=2931 ttl=38 time=90.5 ms
08-14 23:40:47.366  6001  6238 D cellinfo: 46 bytes from 54.197.223.49: icmp_seq=2932 ttl=38 time=90.9 ms
08-14 23:40:47.567  6001  6238 D cellinfo: 46 bytes from 54.197.223.49: icmp_seq=2933 ttl=38 time=91.2 ms
08-14 23:40:47.746  6001  6238 D cellinfo: 46 bytes from 54.197.223.49: icmp_seq=2934 ttl=38 time=69.1 ms
08-14 23:40:47.913  6001  6001 D cellinfo: Latitude is 42.9341367
08-14 23:40:47.913  6001  6001 D cellinfo: Longitude is -78.7662194
08-14 23:40:47.913  6001  6001 D cellinfo: Instantaneous GPS information: United States, 3330 Paul Kurdys Way, Cheektowaga, NY 14225, USA
08-14 23:40:47.913  6001  6001 D cellinfo: getCurrentLocation() result: Location (success): 42.9341367, -78.7662194
08-14 23:40:47.917  6001  6001 D cellinfo: onCellInfoChanged: Operator:  UpdateTimestamp: 358727110 CellConnectionStatus: 1
08-14 23:40:47.918  6001  6001 D cellinfo: onCellInfoChanged: 5G-NR Cell Bands: [] ARFCN: 520020 Cell ID: 9223372036854775807 Physical Cell ID: 67 Tracking Area Code: 16777215
08-14 23:40:47.951  6001  6238 D cellinfo: 46 bytes from 54.197.223.49: icmp_seq=2935 ttl=38 time=72.8 ms
08-14 23:40:48.166  6001  6238 D cellinfo: 46 bytes from 54.197.223.49: icmp_seq=2936 ttl=38 time=87.0 ms
08-14 23:40:48.366  6001  6238 D cellinfo: 46 bytes from 54.197.223.49: icmp_seq=2937 ttl=38 time=86.3 ms
08-14 23:40:48.565  6001  6238 D cellinfo: 46 bytes from 54.197.223.49: icmp_seq=2938 ttl=38 time=84.4 ms
08-14 23:40:48.769  6001  6238 D cellinfo: 46 bytes from 54.197.223.49: icmp_seq=2939 ttl=38 time=86.4 ms
08-14 23:40:48.965  6001  6238 D cellinfo: 46 bytes from 54.197.223.49: icmp_seq=2940 ttl=38 time=82.3 ms
08-14 23:40:49.165  6001  6238 D cellinfo: 46 bytes from 54.197.223.49: icmp_seq=2941 ttl=38 time=81.2 ms
08-14 23:40:49.269  6001  6001 D cellinfo: onServiceStateChanged: Channel Number: 675 Cell Bandwidths: [15000, 20000, 40000]
08-14 23:40:49.305  6001  6001 D cellinfo: onServiceStateChanged: Channel Number: 675 Cell Bandwidths: [15000, 20000, 40000]
08-14 23:40:49.358  6001  6001 D cellinfo: onServiceStateChanged: Channel Number: 675 Cell Bandwidths: [15000, 20000, 40000]
08-14 23:40:49.403  6001  6238 D cellinfo: 46 bytes from 54.197.223.49: icmp_seq=2942 ttl=38 time=117 ms
08-14 23:40:49.449  6001  6001 D cellinfo: onServiceStateChanged: Channel Number: 675 Cell Bandwidths: [15000]
08-14 23:40:49.583  6001  6238 D cellinfo: 46 bytes from 54.197.223.49: icmp_seq=2943 ttl=38 time=96.5 ms
08-14 23:40:49.767  6001  6001 D cellinfo: onServiceStateChanged: Channel Number: 675 Cell Bandwidths: [15000, 20000]
08-14 23:40:49.778  6001  6238 D cellinfo: 46 bytes from 54.197.223.49: icmp_seq=2944 ttl=38 time=90.1 ms
08-14 23:40:49.820  6001  6001 D cellinfo: onServiceStateChanged: Channel Number: 675 Cell Bandwidths: [15000, 40000]
08-14 23:40:49.862  6001  6238 D cellinfo: 46 bytes from 54.197.223.49: icmp_seq=2944 ttl=38 time=174 ms (DUP!)
08-14 23:40:49.977  6001  6238 D cellinfo: 46 bytes from 54.197.223.49: icmp_seq=2945 ttl=38 time=87.7 ms
08-14 23:40:50.244  6001  6238 D cellinfo: 46 bytes from 54.197.223.49: icmp_seq=2946 ttl=38 time=154 ms
08-14 23:40:50.372  6001  6238 D cellinfo: 46 bytes from 54.197.223.49: icmp_seq=2947 ttl=38 time=81.3 ms
08-14 23:40:50.493  6001  6001 D cellinfo: Latitude is 42.9341367
08-14 23:40:50.494  6001  6001 D cellinfo: Longitude is -78.7662194
08-14 23:40:50.494  6001  6001 D cellinfo: Instantaneous GPS information: United States, 3330 Paul Kurdys Way, Cheektowaga, NY 14225, USA
08-14 23:40:50.494  6001  6001 D cellinfo: getCurrentLocation() result: Location (success): 42.9341367, -78.7662194
08-14 23:40:50.581  6001  6238 D cellinfo: 46 bytes from 54.197.223.49: icmp_seq=2948 ttl=38 time=89.5 ms
08-14 23:40:50.766  6001  6238 D cellinfo: 46 bytes from 54.197.223.49: icmp_seq=2949 ttl=38 time=73.4 ms
08-14 23:40:50.996  6001  6238 D cellinfo: 46 bytes from 54.197.223.49: icmp_seq=2950 ttl=38 time=102 ms
08-14 23:40:51.193  6001  6238 D cellinfo: 46 bytes from 54.197.223.49: icmp_seq=2951 ttl=38 time=97.9 ms
08-14 23:40:51.392  6001  6238 D cellinfo: 46 bytes from 54.197.223.49: icmp_seq=2952 ttl=38 time=96.5 ms
08-14 23:40:51.591  6001  6238 D cellinfo: 46 bytes from 54.197.223.49: icmp_seq=2953 ttl=38 time=94.8 ms
08-14 23:40:51.796  6001  6238 D cellinfo: 46 bytes from 54.197.223.49: icmp_seq=2954 ttl=38 time=99.4 ms
08-14 23:40:52.002  6001  6238 D cellinfo: 46 bytes from 54.197.223.49: icmp_seq=2955 ttl=38 time=103 ms
08-14 23:40:52.176  6001  6238 D cellinfo: 46 bytes from 54.197.223.49: icmp_seq=2956 ttl=38 time=77.2 ms
08-14 23:40:52.391  6001  6238 D cellinfo: 46 bytes from 54.197.223.49: icmp_seq=2957 ttl=38 time=90.8 ms
08-14 23:40:52.597  6001  6238 D cellinfo: 46 bytes from 54.197.223.49: icmp_seq=2958 ttl=38 time=95.9 ms
08-14 23:40:52.796  6001  6238 D cellinfo: 46 bytes from 54.197.223.49: icmp_seq=2959 ttl=38 time=95.0 ms
08-14 23:40:52.991  6001  6238 D cellinfo: 46 bytes from 54.197.223.49: icmp_seq=2960 ttl=38 time=88.6 ms
08-14 23:40:53.193  6001  6238 D cellinfo: 46 bytes from 54.197.223.49: icmp_seq=2961 ttl=38 time=89.9 ms
