08-14 23:35:18.561  6001  6238 D cellinfo: 46 bytes from 54.197.223.49: icmp_seq=1295 ttl=38 time=70.9 ms
08-14 23:35:18.771  6001  6238 D cellinfo: 46 bytes from 54.197.223.49: icmp_seq=1296 ttl=38 time=80.4 ms
08-14 23:35:18.972  6001  6238 D cellinfo: 46 bytes from 54.197.223.49: icmp_seq=1297 ttl=38 time=79.3 ms
08-14 23:35:19.187  6001  6238 D cellinfo: 46 bytes from 54.197.223.49: icmp_seq=1298 ttl=38 time=93.1 ms
08-14 23:35:19.392  6001  6238 D cellinfo: 46 bytes from 54.197.223.49: icmp_seq=1299 ttl=38 time=96.9 ms
08-14 23:35:19.586  6001  6238 D cellinfo: 46 bytes from 54.197.223.49: icmp_seq=1300 ttl=38 time=90.8 ms
08-14 23:35:19.789  6001  6238 D cellinfo: 46 bytes from 54.197.223.49: icmp_seq=1301 ttl=38 time=93.2 ms
08-14 23:35:19.986  6001  6238 D cellinfo: 46 bytes from 54.197.223.49: icmp_seq=1302 ttl=38 time=88.9 ms
08-14 23:35:20.186  6001  6238 D cellinfo: 46 bytes from 54.197.223.49: icmp_seq=1303 ttl=38 time=87.9 ms
08-14 23:35:20.386  6001  6238 D cellinfo: 46 bytes from 54.197.223.49: icmp_seq=1304 ttl=38 time=87.1 ms
08-14 23:35:20.501  6001  6001 D cellinfo: Latitude is 42.9236171
08-14 23:35:20.501  6001  6001 D cellinfo: Longitude is -78.8423878
08-14 23:35:20.501  6001  6001 D cellinfo: Instantaneous GPS information: United States, 93 Gillette Ave, Buffalo, NY 14214, USA
08-14 23:35:20.501  6001  6001 D cellinfo: getCurrentLocation() result: Location (success): 42.9236171, -78.8423878
08-14 23:35:20.545  6001  6001 D cellinfo: onCellInfoChanged: Operator:  UpdateTimestamp: 358399949 CellConnectionStatus: 1
08-14 23:35:20.545  6001  6001 D cellinfo: onCellInfoChanged: 5G-NR Cell Bands: [] ARFCN: 520020 Cell ID: 9223372036854775807 Physical Cell ID: 61 Tracking Area Code: 16777215
08-14 23:35:20.600  6001  6238 D cellinfo: 46 bytes from 54.197.223.49: icmp_seq=1305 ttl=38 time=100 ms
08-14 23:35:20.771  6001  6238 D cellinfo: 46 bytes from 54.197.223.49: icmp_seq=1306 ttl=38 time=71.4 ms
08-14 23:35:20.906  6001  6001 D cellinfo: onsignalStrengthsChanged: LTE Signal Strength info: rsrp: -101 rsrq: -12 rssi: -69 rssnr: -3
08-14 23:35:20.906  6001  6001 D cellinfo: onsignalStrengthsChanged: 5G-NR Signal Strength info: ssrsrp: -107 ssrsrq: -13 sssinr: 0
08-14 23:35:20.992  6001  6238 D cellinfo: 46 bytes from 54.197.223.49: icmp_seq=1307 ttl=38 time=90.3 ms
08-14 23:35:21.193  6001  6238 D cellinfo: 46 bytes from 54.197.223.49: icmp_seq=1308 ttl=38 time=91.6 ms
08-14 23:35:21.397  6001  6238 D cellinfo: 46 bytes from 54.197.223.49: icmp_seq=1309 ttl=38 time=95.2 ms
08-14 23:35:21.586  6001  6238 D cellinfo: 46 bytes from 54.197.223.49: icmp_seq=1310 ttl=38 time=82.8 ms
08-14 23:35:21.791  6001  6238 D cellinfo: 46 bytes from 54.197.223.49: icmp_seq=1311 ttl=38 time=87.9 ms
08-14 23:35:21.975  6001  6238 D cellinfo: 46 bytes from 54.197.223.49: icmp_seq=1312 ttl=38 time=71.4 ms
08-14 23:35:22.196  6001  6238 D cellinfo: 46 bytes from 54.197.223.49: icmp_seq=1313 ttl=38 time=90.4 ms
08-14 23:35:22.392  6001  6238 D cellinfo: 46 bytes from 54.197.223.49: icmp_seq=1314 ttl=38 time=85.2 ms
08-14 23:35:22.592  6001  6238 D cellinfo: 46 bytes from 54.197.223.49: icmp_seq=1315 ttl=38 time=84.6 ms
08-14 23:35:22.794  6001  6238 D cellinfo: 46 bytes from 54.197.223.49: icmp_seq=1316 ttl=38 time=86.2 ms
08-14 23:35:22.986  6001  6238 D cellinfo: 46 bytes from 54.197.223.49: icmp_seq=1317 ttl=38 time=77.9 ms
08-14 23:35:23.191  6001  6238 D cellinfo: 46 bytes from 54.197.223.49: icmp_seq=1318 ttl=38 time=81.5 ms
08-14 23:35:23.393  6001  6238 D cellinfo: 46 bytes from 54.197.223.49: icmp_seq=1319 ttl=38 time=82.7 ms
08-14 23:35:23.500  6001  6001 D cellinfo: Latitude is 42.9236171
08-14 23:35:23.500  6001  6001 D cellinfo: Longitude is -78.8423878
08-14 23:35:23.500  6001  6001 D cellinfo: Instantaneous GPS information: United States, 93 Gillette Ave, Buffalo, NY 14214, USA
08-14 23:35:23.500  6001  6001 D cellinfo: getCurrentLocation() result: Location (success): 42.9236171, -78.8423878
08-14 23:35:23.540  6001  6001 D cellinfo: onCellInfoChanged: Operator:  UpdateTimestamp: 358402946 CellConnectionStatus: 1
08-14 23:35:23.540  6001  6001 D cellinfo: onCellInfoChanged: 5G-NR Cell Bands: [] ARFCN: 520020 Cell ID: 9223372036854775807 Physical Cell ID: 61 Tracking Area Code: 16777215
08-14 23:35:23.586  6001  6238 D cellinfo: 46 bytes from 54.197.223.49: icmp_seq=1320 ttl=38 time=75.7 ms
08-14 23:35:23.799  6001  6238 D cellinfo: 46 bytes from 54.197.223.49: icmp_seq=1321 ttl=38 time=87.1 ms
08-14 23:35:23.991  6001  6238 D cellinfo: 46 bytes from 54.197.223.49: icmp_seq=1322 ttl=38 time=78.3 ms
08-14 23:35:24.209  6001  6238 D cellinfo: 46 bytes from 54.197.223.49: icmp_seq=1323 ttl=38 time=96.0 ms
08-14 23:35:24.398  6001  6238 D cellinfo: 46 bytes from 54.197.223.49: icmp_seq=1324 ttl=38 time=84.2 ms
08-14 23:35:24.600  6001  6238 D cellinfo: 46 bytes from 54.197.223.49: icmp_seq=1325 ttl=38 time=85.4 ms
08-14 23:35:24.813  6001  6238 D cellinfo: 46 bytes from 54.197.223.49: icmp_seq=1326 ttl=38 time=96.8 ms
08-14 23:35:25.015  6001  6238 D cellinfo: 46 bytes from 54.197.223.49: icmp_seq=1327 ttl=38 time=98.9 ms
08-14 23:35:25.223  6001  6238 D cellinfo: 46 bytes from 54.197.223.49: icmp_seq=1328 ttl=38 time=106 ms
08-14 23:35:25.392  6001  6238 D cellinfo: 46 bytes from 54.197.223.49: icmp_seq=1329 ttl=38 time=74.7 ms
08-14 23:35:25.606  6001  6238 D cellinfo: 46 bytes from 54.197.223.49: icmp_seq=1330 ttl=38 time=88.5 ms
08-14 23:35:26.014  6001  6238 D cellinfo: 46 bytes from 54.197.223.49: icmp_seq=1331 ttl=38 time=295 ms
08-14 23:35:26.019  6001  6238 D cellinfo: 46 bytes from 54.197.223.49: icmp_seq=1332 ttl=38 time=100 ms
08-14 23:35:26.328  6001  6238 D cellinfo: 46 bytes from 54.197.223.49: icmp_seq=1333 ttl=38 time=209 ms
08-14 23:35:26.414  6001  6238 D cellinfo: 46 bytes from 54.197.223.49: icmp_seq=1334 ttl=38 time=90.4 ms
08-14 23:35:26.549  6001  6001 D cellinfo: onCellInfoChanged: Operator:  UpdateTimestamp: 358405954 CellConnectionStatus: 1
08-14 23:35:26.549  6001  6001 D cellinfo: onCellInfoChanged: 5G-NR Cell Bands: [] ARFCN: 520020 Cell ID: 9223372036854775807 Physical Cell ID: 61 Tracking Area Code: 16777215
08-14 23:35:26.621  6001  6238 D cellinfo: 46 bytes from 54.197.223.49: icmp_seq=1335 ttl=38 time=97.6 ms
08-14 23:35:26.799  6001  6238 D cellinfo: 46 bytes from 54.197.223.49: icmp_seq=1336 ttl=38 time=75.0 ms
08-14 23:35:27.002  6001  6238 D cellinfo: 46 bytes from 54.197.223.49: icmp_seq=1337 ttl=38 time=76.4 ms
08-14 23:35:27.197  6001  6001 D cellinfo: Latitude is 42.9250494
08-14 23:35:27.197  6001  6001 D cellinfo: Longitude is -78.8407084
08-14 23:35:27.197  6001  6001 D cellinfo: Instantaneous GPS information: United States, 1872 Fillmore Ave, Buffalo, NY 14214, USA
08-14 23:35:27.197  6001  6001 D cellinfo: getCurrentLocation() result: Location (success): 42.9250494, -78.8407084
08-14 23:35:27.209  6001  6238 D cellinfo: 46 bytes from 54.197.223.49: icmp_seq=1338 ttl=38 time=83.6 ms
08-14 23:35:27.397  6001  6238 D cellinfo: 46 bytes from 54.197.223.49: icmp_seq=1339 ttl=38 time=71.0 ms
08-14 23:35:27.611  6001  6238 D cellinfo: 46 bytes from 54.197.223.49: icmp_seq=1340 ttl=38 time=84.1 ms
08-14 23:35:27.817  6001  6238 D cellinfo: 46 bytes from 54.197.223.49: icmp_seq=1341 ttl=38 time=89.1 ms
08-14 23:35:28.248  6001  6238 D cellinfo: 46 bytes from 54.197.223.49: icmp_seq=1342 ttl=38 time=318 ms
08-14 23:35:28.248  6001  6238 D cellinfo: 46 bytes from 54.197.223.49: icmp_seq=1343 ttl=38 time=116 ms
08-14 23:35:28.431  6001  6238 D cellinfo: 46 bytes from 54.197.223.49: icmp_seq=1344 ttl=38 time=98.4 ms
08-14 23:35:28.632  6001  6238 D cellinfo: 46 bytes from 54.197.223.49: icmp_seq=1345 ttl=38 time=98.0 ms
08-14 23:35:28.674  6001  6001 D cellinfo: onsignalStrengthsChanged: LTE Signal Strength info: rsrp: -97 rsrq: -12 rssi: -67 rssnr: 0
08-14 23:35:28.674  6001  6001 D cellinfo: onsignalStrengthsChanged: 5G-NR Signal Strength info: ssrsrp: -105 ssrsrq: -13 sssinr: 4
08-14 23:35:28.827  6001  6238 D cellinfo: 46 bytes from 54.197.223.49: icmp_seq=1346 ttl=38 time=92.5 ms
08-14 23:35:29.026  6001  6238 D cellinfo: 46 bytes from 54.197.223.49: icmp_seq=1347 ttl=38 time=91.7 ms
08-14 23:35:29.226  6001  6238 D cellinfo: 46 bytes from 54.197.223.49: icmp_seq=1348 ttl=38 time=91.5 ms
08-14 23:35:29.437  6001  6238 D cellinfo: 46 bytes from 54.197.223.49: icmp_seq=1349 ttl=38 time=101 ms
08-14 23:35:29.501  6001  6001 D cellinfo: Latitude is 42.9250494
08-14 23:35:29.502  6001  6001 D cellinfo: Longitude is -78.8407084
08-14 23:35:29.502  6001  6001 D cellinfo: Instantaneous GPS information: United States, 1872 Fillmore Ave, Buffalo, NY 14214, USA
08-14 23:35:29.502  6001  6001 D cellinfo: getCurrentLocation() result: Location (success): 42.9250494, -78.8407084
08-14 23:35:29.568  6001  6001 D cellinfo: onCellInfoChanged: Operator:  UpdateTimestamp: 358408974 CellConnectionStatus: 1
08-14 23:35:29.568  6001  6001 D cellinfo: onCellInfoChanged: 5G-NR Cell Bands: [] ARFCN: 520020 Cell ID: 9223372036854775807 Physical Cell ID: 61 Tracking Area Code: 16777215
08-14 23:35:29.633  6001  6238 D cellinfo: 46 bytes from 54.197.223.49: icmp_seq=1350 ttl=38 time=98.3 ms
08-14 23:35:29.820  6001  6238 D cellinfo: 46 bytes from 54.197.223.49: icmp_seq=1351 ttl=38 time=83.5 ms
08-14 23:35:30.012  6001  6238 D cellinfo: 46 bytes from 54.197.223.49: icmp_seq=1352 ttl=38 time=75.3 ms
08-14 23:35:30.230  6001  6238 D cellinfo: 46 bytes from 54.197.223.49: icmp_seq=1353 ttl=38 time=93.0 ms
08-14 23:35:30.414  6001  6238 D cellinfo: 46 bytes from 54.197.223.49: icmp_seq=1354 ttl=38 time=76.2 ms
08-14 23:35:30.637  6001  6238 D cellinfo: 46 bytes from 54.197.223.49: icmp_seq=1355 ttl=38 time=98.2 ms
08-14 23:35:30.839  6001  6238 D cellinfo: 46 bytes from 54.197.223.49: icmp_seq=1356 ttl=38 time=99.0 ms
08-14 23:35:31.031  6001  6238 D cellinfo: 46 bytes from 54.197.223.49: icmp_seq=1357 ttl=38 time=90.0 ms
08-14 23:35:31.234  6001  6238 D cellinfo: 46 bytes from 54.197.223.49: icmp_seq=1358 ttl=38 time=93.4 ms
08-14 23:35:31.444  6001  6238 D cellinfo: 46 bytes from 54.197.223.49: icmp_seq=1359 ttl=38 time=102 ms
08-14 23:35:31.612  6001  6238 D cellinfo: 46 bytes from 54.197.223.49: icmp_seq=1360 ttl=38 time=69.7 ms
08-14 23:35:31.840  6001  6238 D cellinfo: 46 bytes from 54.197.223.49: icmp_seq=1361 ttl=38 time=97.3 ms
08-14 23:35:32.041  6001  6238 D cellinfo: 46 bytes from 54.197.223.49: icmp_seq=1362 ttl=38 time=96.9 ms
08-14 23:35:32.234  6001  6238 D cellinfo: 46 bytes from 54.197.223.49: icmp_seq=1363 ttl=38 time=89.8 ms
08-14 23:35:32.434  6001  6238 D cellinfo: 46 bytes from 54.197.223.49: icmp_seq=1364 ttl=38 time=89.3 ms
08-14 23:35:32.500  6001  6001 D cellinfo: Latitude is 42.9250494
08-14 23:35:32.500  6001  6001 D cellinfo: Longitude is -78.8407084
08-14 23:35:32.500  6001  6001 D cellinfo: Instantaneous GPS information: United States, 1872 Fillmore Ave, Buffalo, NY 14214, USA
08-14 23:35:32.500  6001  6001 D cellinfo: getCurrentLocation() result: Location (success): 42.9250494, -78.8407084
08-14 23:35:32.554  6001  6001 D cellinfo: onCellInfoChanged: Operator:  UpdateTimestamp: 358411959 CellConnectionStatus: 1
08-14 23:35:32.554  6001  6001 D cellinfo: onCellInfoChanged: 5G-NR Cell Bands: [] ARFCN: 520020 Cell ID: 9223372036854775807 Physical Cell ID: 61 Tracking Area Code: 16777215
08-14 23:35:32.616  6001  6238 D cellinfo: 46 bytes from 54.197.223.49: icmp_seq=1365 ttl=38 time=71.4 ms
08-14 23:35:32.856  6001  6238 D cellinfo: 46 bytes from 54.197.223.49: icmp_seq=1366 ttl=38 time=109 ms
08-14 23:35:33.024  6001  6238 D cellinfo: 46 bytes from 54.197.223.49: icmp_seq=1367 ttl=38 time=77.2 ms
08-14 23:35:33.241  6001  6238 D cellinfo: 46 bytes from 54.197.223.49: icmp_seq=1368 ttl=38 time=93.3 ms
08-14 23:35:33.386  6001  6001 D cellinfo: onsignalStrengthsChanged: LTE Signal Strength info: rsrp: -102 rsrq: -13 rssi: -71 rssnr: 1
08-14 23:35:33.386  6001  6001 D cellinfo: onsignalStrengthsChanged: 5G-NR Signal Strength info: ssrsrp: -108 ssrsrq: -13 sssinr: 1
08-14 23:35:33.438  6001  6238 D cellinfo: 46 bytes from 54.197.223.49: icmp_seq=1369 ttl=38 time=89.3 ms
08-14 23:35:33.621  6001  6238 D cellinfo: 46 bytes from 54.197.223.49: icmp_seq=1370 ttl=38 time=71.3 ms
08-14 23:35:33.841  6001  6238 D cellinfo: 46 bytes from 54.197.223.49: icmp_seq=1371 ttl=38 time=90.1 ms
08-14 23:35:34.032  6001  6238 D cellinfo: 46 bytes from 54.197.223.49: icmp_seq=1372 ttl=38 time=79.5 ms
08-14 23:35:34.231  6001  6238 D cellinfo: 46 bytes from 54.197.223.49: icmp_seq=1373 ttl=38 time=78.7 ms
08-14 23:35:34.459  6001  6238 D cellinfo: 46 bytes from 54.197.223.49: icmp_seq=1374 ttl=38 time=106 ms
08-14 23:35:34.636  6001  6238 D cellinfo: 46 bytes from 54.197.223.49: icmp_seq=1375 ttl=38 time=82.4 ms
08-14 23:35:34.862  6001  6238 D cellinfo: 46 bytes from 54.197.223.49: icmp_seq=1376 ttl=38 time=107 ms
08-14 23:35:35.027  6001  6238 D cellinfo: 46 bytes from 54.197.223.49: icmp_seq=1377 ttl=38 time=71.2 ms
08-14 23:35:35.264  6001  6238 D cellinfo: 46 bytes from 54.197.223.49: icmp_seq=1378 ttl=38 time=108 ms
08-14 23:35:35.455  6001  6238 D cellinfo: 46 bytes from 54.197.223.49: icmp_seq=1379 ttl=38 time=98.2 ms
08-14 23:35:35.495  6001  6001 D cellinfo: Latitude is 42.9250494
08-14 23:35:35.495  6001  6001 D cellinfo: Longitude is -78.8407084
08-14 23:35:35.495  6001  6001 D cellinfo: Instantaneous GPS information: United States, 1872 Fillmore Ave, Buffalo, NY 14214, USA
08-14 23:35:35.495  6001  6001 D cellinfo: getCurrentLocation() result: Location (success): 42.9250494, -78.8407084
08-14 23:35:35.542  6001  6001 D cellinfo: onCellInfoChanged: Operator:  UpdateTimestamp: 358414950 CellConnectionStatus: 1
08-14 23:35:35.542  6001  6001 D cellinfo: onCellInfoChanged: 5G-NR Cell Bands: [] ARFCN: 520020 Cell ID: 9223372036854775807 Physical Cell ID: 61 Tracking Area Code: 16777215
08-14 23:35:35.636  6001  6238 D cellinfo: 46 bytes from 54.197.223.49: icmp_seq=1380 ttl=38 time=78.6 ms
08-14 23:35:35.854  6001  6238 D cellinfo: 46 bytes from 54.197.223.49: icmp_seq=1381 ttl=38 time=96.5 ms
08-14 23:35:36.058  6001  6238 D cellinfo: 46 bytes from 54.197.223.49: icmp_seq=1382 ttl=38 time=99.3 ms
08-14 23:35:36.247  6001  6238 D cellinfo: 46 bytes from 54.197.223.49: icmp_seq=1383 ttl=38 time=88.6 ms
08-14 23:35:36.442  6001  6238 D cellinfo: 46 bytes from 54.197.223.49: icmp_seq=1384 ttl=38 time=83.2 ms
08-14 23:35:36.657  6001  6238 D cellinfo: 46 bytes from 54.197.223.49: icmp_seq=1385 ttl=38 time=97.2 ms
08-14 23:35:36.865  6001  6238 D cellinfo: 46 bytes from 54.197.223.49: icmp_seq=1386 ttl=38 time=103 ms
08-14 23:35:37.038  6001  6238 D cellinfo: 46 bytes from 54.197.223.49: icmp_seq=1387 ttl=38 time=76.4 ms
08-14 23:35:37.252  6001  6238 D cellinfo: 46 bytes from 54.197.223.49: icmp_seq=1388 ttl=38 time=90.0 ms
08-14 23:35:37.451  6001  6238 D cellinfo: 46 bytes from 54.197.223.49: icmp_seq=1389 ttl=38 time=88.4 ms
08-14 23:35:37.651  6001  6238 D cellinfo: 46 bytes from 54.197.223.49: icmp_seq=1390 ttl=38 time=87.1 ms
08-14 23:35:37.855  6001  6238 D cellinfo: 46 bytes from 54.197.223.49: icmp_seq=1391 ttl=38 time=89.8 ms
08-14 23:35:38.166  6001  6238 D cellinfo: 46 bytes from 54.197.223.49: icmp_seq=1392 ttl=38 time=200 ms
08-14 23:35:38.283  6001  6238 D cellinfo: 46 bytes from 54.197.223.49: icmp_seq=1393 ttl=38 time=116 ms
08-14 23:35:38.486  6001  6238 D cellinfo: 46 bytes from 54.197.223.49: icmp_seq=1394 ttl=38 time=118 ms
08-14 23:35:38.535  6001  6001 D cellinfo: onCellInfoChanged: Operator:  UpdateTimestamp: 358417943 CellConnectionStatus: 1
08-14 23:35:38.535  6001  6001 D cellinfo: onCellInfoChanged: 5G-NR Cell Bands: [] ARFCN: 520020 Cell ID: 9223372036854775807 Physical Cell ID: 61 Tracking Area Code: 16777215
08-14 23:35:38.907  6001  6238 D cellinfo: 46 bytes from 54.197.223.49: icmp_seq=1395 ttl=38 time=338 ms
08-14 23:35:38.908  6001  6238 D cellinfo: 46 bytes from 54.197.223.49: icmp_seq=1395 ttl=38 time=338 ms (DUP!)
08-14 23:35:38.908  6001  6238 D cellinfo: 46 bytes from 54.197.223.49: icmp_seq=1396 ttl=38 time=135 ms
08-14 23:35:39.056  6001  6238 D cellinfo: 46 bytes from 54.197.223.49: icmp_seq=1397 ttl=38 time=84.3 ms
08-14 23:35:39.261  6001  6238 D cellinfo: 46 bytes from 54.197.223.49: icmp_seq=1398 ttl=38 time=89.2 ms
08-14 23:35:39.300  6001  6001 D cellinfo: Latitude is 42.9265805
08-14 23:35:39.300  6001  6001 D cellinfo: Longitude is -78.8387437
08-14 23:35:39.300  6001  6001 D cellinfo: Instantaneous GPS information: United States, 1829 Fillmore Ave, Buffalo, NY 14214, USA
08-14 23:35:39.300  6001  6001 D cellinfo: getCurrentLocation() result: Location (success): 42.9265805, -78.8387437
08-14 23:35:39.626  6001  6238 D cellinfo: 46 bytes from 54.197.223.49: icmp_seq=1399 ttl=38 time=253 ms
08-14 23:35:39.696  6001  6238 D cellinfo: 46 bytes from 54.197.223.49: icmp_seq=1400 ttl=38 time=121 ms
08-14 23:35:39.866  6001  6238 D cellinfo: 46 bytes from 54.197.223.49: icmp_seq=1401 ttl=38 time=89.4 ms
08-14 23:35:40.074  6001  6238 D cellinfo: 46 bytes from 54.197.223.49: icmp_seq=1402 ttl=38 time=93.3 ms
08-14 23:35:40.271  6001  6238 D cellinfo: 46 bytes from 54.197.223.49: icmp_seq=1403 ttl=38 time=90.3 ms
08-14 23:35:40.482  6001  6238 D cellinfo: 46 bytes from 54.197.223.49: icmp_seq=1404 ttl=38 time=99.6 ms
08-14 23:35:40.670  6001  6238 D cellinfo: 46 bytes from 54.197.223.49: icmp_seq=1405 ttl=38 time=88.1 ms
08-14 23:35:40.746  6001  6001 D cellinfo: onsignalStrengthsChanged: LTE Signal Strength info: rsrp: -98 rsrq: -13 rssi: -65 rssnr: 2
08-14 23:35:40.746  6001  6001 D cellinfo: onsignalStrengthsChanged: 5G-NR Signal Strength info: ssrsrp: -106 ssrsrq: -15 sssinr: 3
08-14 23:35:40.870  6001  6238 D cellinfo: 46 bytes from 54.197.223.49: icmp_seq=1406 ttl=38 time=87.1 ms
08-14 23:35:41.071  6001  6238 D cellinfo: 46 bytes from 54.197.223.49: icmp_seq=1407 ttl=38 time=86.8 ms
08-14 23:35:41.272  6001  6238 D cellinfo: 46 bytes from 54.197.223.49: icmp_seq=1408 ttl=38 time=87.7 ms
08-14 23:35:41.467  6001  6238 D cellinfo: 46 bytes from 54.197.223.49: icmp_seq=1409 ttl=38 time=82.1 ms
08-14 23:35:41.501  6001  6001 D cellinfo: Latitude is 42.9265805
08-14 23:35:41.501  6001  6001 D cellinfo: Longitude is -78.8387437
08-14 23:35:41.502  6001  6001 D cellinfo: Instantaneous GPS information: United States, 1829 Fillmore Ave, Buffalo, NY 14214, USA
08-14 23:35:41.502  6001  6001 D cellinfo: getCurrentLocation() result: Location (success): 42.9265805, -78.8387437
08-14 23:35:41.537  6001  6001 D cellinfo: onCellInfoChanged: Operator:  UpdateTimestamp: 358420939 CellConnectionStatus: 1
08-14 23:35:41.537  6001  6001 D cellinfo: onCellInfoChanged: 5G-NR Cell Bands: [] ARFCN: 520020 Cell ID: 9223372036854775807 Physical Cell ID: 205 Tracking Area Code: 16777215
08-14 23:35:41.666  6001  6238 D cellinfo: 46 bytes from 54.197.223.49: icmp_seq=1410 ttl=38 time=80.5 ms
08-14 23:35:41.862  6001  6238 D cellinfo: 46 bytes from 54.197.223.49: icmp_seq=1411 ttl=38 time=75.1 ms
08-14 23:35:42.090  6001  6238 D cellinfo: 46 bytes from 54.197.223.49: icmp_seq=1412 ttl=38 time=102 ms
08-14 23:35:42.288  6001  6238 D cellinfo: 46 bytes from 54.197.223.49: icmp_seq=1413 ttl=38 time=100 ms
08-14 23:35:42.471  6001  6238 D cellinfo: 46 bytes from 54.197.223.49: icmp_seq=1414 ttl=38 time=82.1 ms
08-14 23:35:42.707  6001  6238 D cellinfo: 46 bytes from 54.197.223.49: icmp_seq=1415 ttl=38 time=118 ms
08-14 23:35:42.874  6001  6238 D cellinfo: 46 bytes from 54.197.223.49: icmp_seq=1416 ttl=38 time=83.7 ms
08-14 23:35:43.064  6001  6238 D cellinfo: 46 bytes from 54.197.223.49: icmp_seq=1417 ttl=38 time=73.5 ms
08-14 23:35:43.270  6001  6238 D cellinfo: 46 bytes from 54.197.223.49: icmp_seq=1418 ttl=38 time=78.8 ms
08-14 23:35:43.527  6001  6238 D cellinfo: 46 bytes from 54.197.223.49: icmp_seq=1419 ttl=38 time=134 ms
08-14 23:35:43.681  6001  6238 D cellinfo: 46 bytes from 54.197.223.49: icmp_seq=1420 ttl=38 time=89.0 ms
08-14 23:35:43.892  6001  6238 D cellinfo: 46 bytes from 54.197.223.49: icmp_seq=1421 ttl=38 time=98.0 ms
08-14 23:35:44.142  6001  6238 D cellinfo: 46 bytes from 54.197.223.49: icmp_seq=1422 ttl=38 time=147 ms
08-14 23:35:44.281  6001  6238 D cellinfo: 46 bytes from 54.197.223.49: icmp_seq=1423 ttl=38 time=87.9 ms
08-14 23:35:44.488  6001  6238 D cellinfo: 46 bytes from 54.197.223.49: icmp_seq=1424 ttl=38 time=93.7 ms
08-14 23:35:44.498  6001  6001 D cellinfo: Latitude is 42.9265805
08-14 23:35:44.498  6001  6001 D cellinfo: Longitude is -78.8387437
08-14 23:35:44.498  6001  6001 D cellinfo: Instantaneous GPS information: United States, 1829 Fillmore Ave, Buffalo, NY 14214, USA
08-14 23:35:44.498  6001  6001 D cellinfo: getCurrentLocation() result: Location (success): 42.9265805, -78.8387437
08-14 23:35:44.526  6001  6001 D cellinfo: onCellInfoChanged: Operator:  UpdateTimestamp: 358423931 CellConnectionStatus: 1
08-14 23:35:44.526  6001  6001 D cellinfo: onCellInfoChanged: 5G-NR Cell Bands: [] ARFCN: 520020 Cell ID: 9223372036854775807 Physical Cell ID: 61 Tracking Area Code: 16777215
08-14 23:35:44.676  6001  6238 D cellinfo: 46 bytes from 54.197.223.49: icmp_seq=1425 ttl=38 time=81.4 ms
08-14 23:35:44.888  6001  6238 D cellinfo: 46 bytes from 54.197.223.49: icmp_seq=1426 ttl=38 time=92.6 ms
08-14 23:35:44.903  6001  6001 D cellinfo: onsignalStrengthsChanged: LTE Signal Strength info: rsrp: -103 rsrq: -15 rssi: -67 rssnr: -10
08-14 23:35:44.903  6001  6001 D cellinfo: onsignalStrengthsChanged: 5G-NR Signal Strength info: ssrsrp: -110 ssrsrq: -16 sssinr: -2
08-14 23:35:45.081  6001  6238 D cellinfo: 46 bytes from 54.197.223.49: icmp_seq=1427 ttl=38 time=84.8 ms
08-14 23:35:45.291  6001  6238 D cellinfo: 46 bytes from 54.197.223.49: icmp_seq=1428 ttl=38 time=94.7 ms
08-14 23:35:45.471  6001  6238 D cellinfo: 46 bytes from 54.197.223.49: icmp_seq=1429 ttl=38 time=74.9 ms
08-14 23:35:45.686  6001  6238 D cellinfo: 46 bytes from 54.197.223.49: icmp_seq=1430 ttl=38 time=88.5 ms
08-14 23:35:45.902  6001  6238 D cellinfo: 46 bytes from 54.197.223.49: icmp_seq=1431 ttl=38 time=104 ms
08-14 23:35:46.091  6001  6238 D cellinfo: 46 bytes from 54.197.223.49: icmp_seq=1432 ttl=38 time=92.4 ms
08-14 23:35:46.401  6001  6238 D cellinfo: 46 bytes from 54.197.223.49: icmp_seq=1433 ttl=38 time=201 ms
08-14 23:35:46.476  6001  6238 D cellinfo: 46 bytes from 54.197.223.49: icmp_seq=1434 ttl=38 time=74.0 ms
08-14 23:35:46.707  6001  6238 D cellinfo: 46 bytes from 54.197.223.49: icmp_seq=1435 ttl=38 time=105 ms
08-14 23:35:46.886  6001  6238 D cellinfo: 46 bytes from 54.197.223.49: icmp_seq=1436 ttl=38 time=83.5 ms
08-14 23:35:47.102  6001  6238 D cellinfo: 46 bytes from 54.197.223.49: icmp_seq=1437 ttl=38 time=98.5 ms
08-14 23:35:47.357  6001  6238 D cellinfo: 46 bytes from 54.197.223.49: icmp_seq=1438 ttl=38 time=152 ms
08-14 23:35:47.481  6001  6238 D cellinfo: 46 bytes from 54.197.223.49: icmp_seq=1439 ttl=38 time=76.4 ms
08-14 23:35:47.495  6001  6001 D cellinfo: Latitude is 42.9265805
08-14 23:35:47.495  6001  6001 D cellinfo: Longitude is -78.8387437
08-14 23:35:47.495  6001  6001 D cellinfo: Instantaneous GPS information: United States, 1829 Fillmore Ave, Buffalo, NY 14214, USA
08-14 23:35:47.495  6001  6001 D cellinfo: getCurrentLocation() result: Location (success): 42.9265805, -78.8387437
08-14 23:35:47.802  6001  6238 D cellinfo: 46 bytes from 54.197.223.49: icmp_seq=1440 ttl=38 time=195 ms
08-14 23:35:47.896  6001  6238 D cellinfo: 46 bytes from 54.197.223.49: icmp_seq=1441 ttl=38 time=90.4 ms
08-14 23:35:48.102  6001  6238 D cellinfo: 46 bytes from 54.197.223.49: icmp_seq=1442 ttl=38 time=96.3 ms
08-14 23:35:48.294  6001  6238 D cellinfo: 46 bytes from 54.197.223.49: icmp_seq=1443 ttl=38 time=86.9 ms
08-14 23:35:48.499  6001  6238 D cellinfo: 46 bytes from 54.197.223.49: icmp_seq=1444 ttl=38 time=90.8 ms
08-14 23:35:48.696  6001  6238 D cellinfo: 46 bytes from 54.197.223.49: icmp_seq=1445 ttl=38 time=88.0 ms
08-14 23:35:48.907  6001  6238 D cellinfo: 46 bytes from 54.197.223.49: icmp_seq=1446 ttl=38 time=97.1 ms
08-14 23:35:49.106  6001  6238 D cellinfo: 46 bytes from 54.197.223.49: icmp_seq=1447 ttl=38 time=95.8 ms
08-14 23:35:49.311  6001  6238 D cellinfo: 46 bytes from 54.197.223.49: icmp_seq=1448 ttl=38 time=99.5 ms
08-14 23:35:49.482  6001  6238 D cellinfo: 46 bytes from 54.197.223.49: icmp_seq=1449 ttl=38 time=69.9 ms
08-14 23:35:49.702  6001  6238 D cellinfo: 46 bytes from 54.197.223.49: icmp_seq=1450 ttl=38 time=89.4 ms
08-14 23:35:49.903  6001  6238 D cellinfo: 46 bytes from 54.197.223.49: icmp_seq=1451 ttl=38 time=88.9 ms
08-14 23:35:50.106  6001  6238 D cellinfo: 46 bytes from 54.197.223.49: icmp_seq=1452 ttl=38 time=92.2 ms
08-14 23:35:50.304  6001  6238 D cellinfo: 46 bytes from 54.197.223.49: icmp_seq=1453 ttl=38 time=89.5 ms
08-14 23:35:50.502  6001  6238 D cellinfo: 46 bytes from 54.197.223.49: icmp_seq=1454 ttl=38 time=86.3 ms
08-14 23:35:50.692  6001  6238 D cellinfo: 46 bytes from 54.197.223.49: icmp_seq=1455 ttl=38 time=75.3 ms
08-14 23:35:50.903  6001  6238 D cellinfo: 46 bytes from 54.197.223.49: icmp_seq=1456 ttl=38 time=85.0 ms
08-14 23:35:51.003  6001  6001 D cellinfo: Latitude is 42.9274124
08-14 23:35:51.003  6001  6001 D cellinfo: Longitude is -78.8376076
08-14 23:35:51.003  6001  6001 D cellinfo: Instantaneous GPS information: United States, 355 Kensington Ave, Buffalo, NY 14214, USA
08-14 23:35:51.003  6001  6001 D cellinfo: getCurrentLocation() result: Location (success): 42.9274124, -78.8376076
08-14 23:35:51.007  6001  6001 D cellinfo: onCellInfoChanged: Operator:  UpdateTimestamp: 358430186 CellConnectionStatus: 1
08-14 23:35:51.007  6001  6001 D cellinfo: onCellInfoChanged: 5G-NR Cell Bands: [] ARFCN: 520020 Cell ID: 9223372036854775807 Physical Cell ID: 61 Tracking Area Code: 16777215
08-14 23:35:51.096  6001  6238 D cellinfo: 46 bytes from 54.197.223.49: icmp_seq=1457 ttl=38 time=77.3 ms
08-14 23:35:51.317  6001  6238 D cellinfo: 46 bytes from 54.197.223.49: icmp_seq=1458 ttl=38 time=96.2 ms
08-14 23:35:51.518  6001  6238 D cellinfo: 46 bytes from 54.197.223.49: icmp_seq=1459 ttl=38 time=95.5 ms
08-14 23:35:51.712  6001  6238 D cellinfo: 46 bytes from 54.197.223.49: icmp_seq=1460 ttl=38 time=89.5 ms
08-14 23:35:51.920  6001  6238 D cellinfo: 46 bytes from 54.197.223.49: icmp_seq=1461 ttl=38 time=95.5 ms
08-14 23:35:52.112  6001  6238 D cellinfo: 46 bytes from 54.197.223.49: icmp_seq=1462 ttl=38 time=86.4 ms
08-14 23:35:52.326  6001  6238 D cellinfo: 46 bytes from 54.197.223.49: icmp_seq=1463 ttl=38 time=99.7 ms
08-14 23:35:52.498  6001  6238 D cellinfo: 46 bytes from 54.197.223.49: icmp_seq=1464 ttl=38 time=71.0 ms
08-14 23:35:52.717  6001  6238 D cellinfo: 46 bytes from 54.197.223.49: icmp_seq=1465 ttl=38 time=89.6 ms
08-14 23:35:52.920  6001  6238 D cellinfo: 46 bytes from 54.197.223.49: icmp_seq=1466 ttl=38 time=91.8 ms
08-14 23:35:53.117  6001  6238 D cellinfo: 46 bytes from 54.197.223.49: icmp_seq=1467 ttl=38 time=87.8 ms
08-14 23:35:53.324  6001  6238 D cellinfo: 46 bytes from 54.197.223.49: icmp_seq=1468 ttl=38 time=94.7 ms
08-14 23:35:53.497  6001  6001 D cellinfo: Latitude is 42.9274124
08-14 23:35:53.497  6001  6001 D cellinfo: Longitude is -78.8376076
08-14 23:35:53.497  6001  6001 D cellinfo: Instantaneous GPS information: United States, 355 Kensington Ave, Buffalo, NY 14214, USA
08-14 23:35:53.497  6001  6001 D cellinfo: getCurrentLocation() result: Location (success): 42.9274124, -78.8376076
08-14 23:35:53.520  6001  6238 D cellinfo: 46 bytes from 54.197.223.49: icmp_seq=1469 ttl=38 time=90.4 ms
08-14 23:35:53.704  6001  6238 D cellinfo: 46 bytes from 54.197.223.49: icmp_seq=1470 ttl=38 time=71.2 ms
08-14 23:35:53.731  6001  6001 D cellinfo: onCellInfoChanged: Operator:  UpdateTimestamp: 358433137 CellConnectionStatus: 1
08-14 23:35:53.732  6001  6001 D cellinfo: onCellInfoChanged: 5G-NR Cell Bands: [] ARFCN: 520020 Cell ID: 9223372036854775807 Physical Cell ID: 61 Tracking Area Code: 16777215
08-14 23:35:53.929  6001  6238 D cellinfo: 46 bytes from 54.197.223.49: icmp_seq=1471 ttl=38 time=96.5 ms
08-14 23:35:54.111  6001  6238 D cellinfo: 46 bytes from 54.197.223.49: icmp_seq=1472 ttl=38 time=78.0 ms
08-14 23:35:54.313  6001  6238 D cellinfo: 46 bytes from 54.197.223.49: icmp_seq=1473 ttl=38 time=78.2 ms
08-14 23:35:54.509  6001  6001 D cellinfo: onsignalStrengthsChanged: LTE Signal Strength info: rsrp: -98 rsrq: -14 rssi: -65 rssnr: 0
08-14 23:35:54.510  6001  6001 D cellinfo: onsignalStrengthsChanged: 5G-NR Signal Strength info: ssrsrp: -107 ssrsrq: -15 sssinr: 2
08-14 23:35:54.524  6001  6238 D cellinfo: 46 bytes from 54.197.223.49: icmp_seq=1474 ttl=38 time=89.3 ms
08-14 23:35:54.712  6001  6238 D cellinfo: 46 bytes from 54.197.223.49: icmp_seq=1475 ttl=38 time=77.0 ms
08-14 23:35:54.911  6001  6238 D cellinfo: 46 bytes from 54.197.223.49: icmp_seq=1476 ttl=38 time=75.7 ms
08-14 23:35:55.115  6001  6238 D cellinfo: 46 bytes from 54.197.223.49: icmp_seq=1477 ttl=38 time=78.1 ms
08-14 23:35:55.311  6001  6238 D cellinfo: 46 bytes from 54.197.223.49: icmp_seq=1478 ttl=38 time=74.4 ms
08-14 23:35:55.517  6001  6238 D cellinfo: 46 bytes from 54.197.223.49: icmp_seq=1479 ttl=38 time=80.5 ms
08-14 23:35:55.711  6001  6238 D cellinfo: 46 bytes from 54.197.223.49: icmp_seq=1480 ttl=38 time=74.0 ms
08-14 23:35:55.934  6001  6238 D cellinfo: 46 bytes from 54.197.223.49: icmp_seq=1481 ttl=38 time=95.8 ms
08-14 23:35:56.135  6001  6238 D cellinfo: 46 bytes from 54.197.223.49: icmp_seq=1482 ttl=38 time=95.9 ms
08-14 23:35:56.332  6001  6238 D cellinfo: 46 bytes from 54.197.223.49: icmp_seq=1483 ttl=38 time=93.0 ms
08-14 23:35:56.532  6001  6238 D cellinfo: 46 bytes from 54.197.223.49: icmp_seq=1484 ttl=38 time=92.3 ms
08-14 23:35:56.716  6001  6238 D cellinfo: 46 bytes from 54.197.223.49: icmp_seq=1485 ttl=38 time=75.2 ms
08-14 23:35:56.921  6001  6238 D cellinfo: 46 bytes from 54.197.223.49: icmp_seq=1486 ttl=38 time=78.7 ms
08-14 23:35:57.117  6001  6238 D cellinfo: 46 bytes from 54.197.223.49: icmp_seq=1487 ttl=38 time=73.8 ms
08-14 23:35:57.184  6001  6001 D cellinfo: Latitude is 42.9288027
08-14 23:35:57.184  6001  6001 D cellinfo: Longitude is -78.8346546
08-14 23:35:57.184  6001  6001 D cellinfo: Instantaneous GPS information: United States, 397 Kensington Ave, Buffalo, NY 14214, USA
08-14 23:35:57.184  6001  6001 D cellinfo: getCurrentLocation() result: Location (success): 42.9288027, -78.8346546
08-14 23:35:57.316  6001  6238 D cellinfo: 46 bytes from 54.197.223.49: icmp_seq=1488 ttl=38 time=72.4 ms
08-14 23:35:57.543  6001  6238 D cellinfo: 46 bytes from 54.197.223.49: icmp_seq=1489 ttl=38 time=97.6 ms
08-14 23:35:57.739  6001  6238 D cellinfo: 46 bytes from 54.197.223.49: icmp_seq=1490 ttl=38 time=92.9 ms
08-14 23:35:57.932  6001  6238 D cellinfo: 46 bytes from 54.197.223.49: icmp_seq=1491 ttl=38 time=84.8 ms
08-14 23:35:58.027  6001  6001 D cellinfo: onsignalStrengthsChanged: LTE Signal Strength info: rsrp: -101 rsrq: -13 rssi: -69 rssnr: -2
08-14 23:35:58.027  6001  6001 D cellinfo: onsignalStrengthsChanged: 5G-NR Signal Strength info: ssrsrp: -106 ssrsrq: -14 sssinr: -3
08-14 23:35:58.131  6001  6238 D cellinfo: 46 bytes from 54.197.223.49: icmp_seq=1492 ttl=38 time=83.8 ms
08-14 23:35:58.345  6001  6238 D cellinfo: 46 bytes from 54.197.223.49: icmp_seq=1493 ttl=38 time=96.7 ms
08-14 23:35:58.541  6001  6238 D cellinfo: 46 bytes from 54.197.223.49: icmp_seq=1494 ttl=38 time=91.3 ms
08-14 23:35:58.722  6001  6238 D cellinfo: 46 bytes from 54.197.223.49: icmp_seq=1495 ttl=38 time=72.5 ms
08-14 23:35:58.950  6001  6238 D cellinfo: 46 bytes from 54.197.223.49: icmp_seq=1496 ttl=38 time=99.0 ms
08-14 23:35:59.170  6001  6238 D cellinfo: 46 bytes from 54.197.223.49: icmp_seq=1497 ttl=38 time=117 ms
08-14 23:35:59.328  6001  6238 D cellinfo: 46 bytes from 54.197.223.49: icmp_seq=1498 ttl=38 time=75.2 ms
08-14 23:35:59.501  6001  6001 D cellinfo: Latitude is 42.9288027
08-14 23:35:59.501  6001  6001 D cellinfo: Longitude is -78.8346546
08-14 23:35:59.502  6001  6001 D cellinfo: Instantaneous GPS information: United States, 397 Kensington Ave, Buffalo, NY 14214, USA
08-14 23:35:59.502  6001  6001 D cellinfo: getCurrentLocation() result: Location (success): 42.9288027, -78.8346546
08-14 23:35:59.537  6001  6238 D cellinfo: 46 bytes from 54.197.223.49: icmp_seq=1499 ttl=38 time=83.8 ms
08-14 23:35:59.736  6001  6238 D cellinfo: 46 bytes from 54.197.223.49: icmp_seq=1500 ttl=38 time=81.7 ms
08-14 23:35:59.750  6001  6001 D cellinfo: onCellInfoChanged: Operator:  UpdateTimestamp: 358439146 CellConnectionStatus: 1
08-14 23:35:59.750  6001  6001 D cellinfo: onCellInfoChanged: 5G-NR Cell Bands: [] ARFCN: 520020 Cell ID: 9223372036854775807 Physical Cell ID: 61 Tracking Area Code: 16777215
08-14 23:35:59.949  6001  6238 D cellinfo: 46 bytes from 54.197.223.49: icmp_seq=1501 ttl=38 time=93.8 ms
08-14 23:36:00.137  6001  6238 D cellinfo: 46 bytes from 54.197.223.49: icmp_seq=1502 ttl=38 time=81.0 ms
08-14 23:36:00.340  6001  6238 D cellinfo: 46 bytes from 54.197.223.49: icmp_seq=1503 ttl=38 time=83.3 ms
08-14 23:36:00.552  6001  6238 D cellinfo: 46 bytes from 54.197.223.49: icmp_seq=1504 ttl=38 time=93.7 ms
08-14 23:36:00.762  6001  6238 D cellinfo: 46 bytes from 54.197.223.49: icmp_seq=1505 ttl=38 time=102 ms
08-14 23:36:00.956  6001  6238 D cellinfo: 46 bytes from 54.197.223.49: icmp_seq=1506 ttl=38 time=96.6 ms
08-14 23:36:01.163  6001  6238 D cellinfo: 46 bytes from 54.197.223.49: icmp_seq=1507 ttl=38 time=102 ms
08-14 23:36:01.355  6001  6238 D cellinfo: 46 bytes from 54.197.223.49: icmp_seq=1508 ttl=38 time=93.7 ms
08-14 23:36:01.565  6001  6238 D cellinfo: 46 bytes from 54.197.223.49: icmp_seq=1509 ttl=38 time=102 ms
08-14 23:36:01.732  6001  6238 D cellinfo: 46 bytes from 54.197.223.49: icmp_seq=1510 ttl=38 time=69.8 ms
08-14 23:36:01.956  6001  6238 D cellinfo: 46 bytes from 54.197.223.49: icmp_seq=1511 ttl=38 time=93.2 ms
08-14 23:36:02.167  6001  6238 D cellinfo: 46 bytes from 54.197.223.49: icmp_seq=1512 ttl=38 time=102 ms
08-14 23:36:02.363  6001  6238 D cellinfo: 46 bytes from 54.197.223.49: icmp_seq=1513 ttl=38 time=97.9 ms
08-14 23:36:02.498  6001  6001 D cellinfo: Latitude is 42.9288027
08-14 23:36:02.498  6001  6001 D cellinfo: Longitude is -78.8346546
08-14 23:36:02.498  6001  6001 D cellinfo: Instantaneous GPS information: United States, 397 Kensington Ave, Buffalo, NY 14214, USA
08-14 23:36:02.498  6001  6001 D cellinfo: getCurrentLocation() result: Location (success): 42.9288027, -78.8346546
08-14 23:36:02.561  6001  6238 D cellinfo: 46 bytes from 54.197.223.49: icmp_seq=1514 ttl=38 time=96.1 ms
08-14 23:36:02.747  6001  6238 D cellinfo: 46 bytes from 54.197.223.49: icmp_seq=1515 ttl=38 time=80.2 ms
08-14 23:36:02.937  6001  6238 D cellinfo: 46 bytes from 54.197.223.49: icmp_seq=1516 ttl=38 time=69.5 ms
08-14 23:36:03.163  6001  6238 D cellinfo: 46 bytes from 54.197.223.49: icmp_seq=1517 ttl=38 time=93.6 ms
08-14 23:36:03.365  6001  6238 D cellinfo: 46 bytes from 54.197.223.49: icmp_seq=1518 ttl=38 time=95.3 ms
08-14 23:36:03.616  6001  6238 D cellinfo: 46 bytes from 54.197.223.49: icmp_seq=1519 ttl=38 time=144 ms
08-14 23:36:03.761  6001  6238 D cellinfo: 46 bytes from 54.197.223.49: icmp_seq=1520 ttl=38 time=89.3 ms
08-14 23:36:03.900  6001  6001 D cellinfo: onServiceStateChanged: Channel Number: 675 Cell Bandwidths: [15000, 20000, 40000]
08-14 23:36:03.950  6001  6001 D cellinfo: onServiceStateChanged: Channel Number: 675 Cell Bandwidths: [15000, 20000, 40000]
08-14 23:36:04.017  6001  6001 D cellinfo: onServiceStateChanged: Channel Number: 675 Cell Bandwidths: [15000, 20000, 40000]
08-14 23:36:04.052  6001  6238 D cellinfo: 46 bytes from 54.197.223.49: icmp_seq=1521 ttl=38 time=179 ms
08-14 23:36:04.095  6001  6001 D cellinfo: onServiceStateChanged: Channel Number: 675 Cell Bandwidths: [15000]
08-14 23:36:04.174  6001  6238 D cellinfo: 46 bytes from 54.197.223.49: icmp_seq=1522 ttl=38 time=101 ms
08-14 23:36:04.387  6001  6001 D cellinfo: onServiceStateChanged: Channel Number: 675 Cell Bandwidths: [15000, 20000]
08-14 23:36:04.399  6001  6238 D cellinfo: 46 bytes from 54.197.223.49: icmp_seq=1523 ttl=38 time=126 ms
08-14 23:36:04.411  6001  6001 D cellinfo: onsignalStrengthsChanged: LTE Signal Strength info: rsrp: -93 rsrq: -12 rssi: -63 rssnr: 1
08-14 23:36:04.434  6001  6001 D cellinfo: onServiceStateChanged: Channel Number: 675 Cell Bandwidths: [15000, 40000]
08-14 23:36:04.612  6001  6238 D cellinfo: 46 bytes from 54.197.223.49: icmp_seq=1524 ttl=38 time=137 ms
08-14 23:36:04.887  6001  6238 D cellinfo: 46 bytes from 54.197.223.49: icmp_seq=1525 ttl=38 time=212 ms
08-14 23:36:05.156  6001  6238 D cellinfo: 46 bytes from 54.197.223.49: icmp_seq=1526 ttl=38 time=277 ms
08-14 23:36:05.172  6001  6238 D cellinfo: 46 bytes from 54.197.223.49: icmp_seq=1527 ttl=38 time=91.0 ms
08-14 23:36:05.492  6001  6238 D cellinfo: 46 bytes from 54.197.223.49: icmp_seq=1528 ttl=38 time=210 ms
08-14 23:36:05.515  6001  6001 D cellinfo: Latitude is 42.9288027
08-14 23:36:05.515  6001  6001 D cellinfo: Longitude is -78.8346546
08-14 23:36:05.515  6001  6001 D cellinfo: Instantaneous GPS information: United States, 397 Kensington Ave, Buffalo, NY 14214, USA
08-14 23:36:05.515  6001  6001 D cellinfo: getCurrentLocation() result: Location (success): 42.9288027, -78.8346546
08-14 23:36:05.897  6001  6238 D cellinfo: 46 bytes from 54.197.223.49: icmp_seq=1529 ttl=38 time=413 ms
08-14 23:36:06.233  6001  6238 D cellinfo: 46 bytes from 54.197.223.49: icmp_seq=1530 ttl=38 time=548 ms
08-14 23:36:06.287  6001  6238 D cellinfo: 46 bytes from 54.197.223.49: icmp_seq=1531 ttl=38 time=399 ms
08-14 23:36:06.296  6001  6238 D cellinfo: 46 bytes from 54.197.223.49: icmp_seq=1532 ttl=38 time=207 ms
08-14 23:36:06.358  6001  6001 D cellinfo: onCellInfoChanged: Operator:  UpdateTimestamp: 358445761 CellConnectionStatus: 1
08-14 23:36:06.358  6001  6001 D cellinfo: onCellInfoChanged: 5G-NR Cell Bands: [] ARFCN: 520020 Cell ID: 9223372036854775807 Physical Cell ID: 27 Tracking Area Code: 16777215
08-14 23:36:06.402  6001  6238 D cellinfo: 46 bytes from 54.197.223.49: icmp_seq=1533 ttl=38 time=105 ms
08-14 23:36:06.596  6001  6238 D cellinfo: 46 bytes from 54.197.223.49: icmp_seq=1534 ttl=38 time=97.7 ms
08-14 23:36:06.836  6001  6238 D cellinfo: 46 bytes from 54.197.223.49: icmp_seq=1535 ttl=38 time=137 ms
08-14 23:36:07.009  6001  6238 D cellinfo: 46 bytes from 54.197.223.49: icmp_seq=1536 ttl=38 time=109 ms
08-14 23:36:07.212  6001  6238 D cellinfo: 46 bytes from 54.197.223.49: icmp_seq=1537 ttl=38 time=112 ms
08-14 23:36:07.397  6001  6238 D cellinfo: 46 bytes from 54.197.223.49: icmp_seq=1538 ttl=38 time=96.8 ms
08-14 23:36:07.609  6001  6238 D cellinfo: 46 bytes from 54.197.223.49: icmp_seq=1539 ttl=38 time=109 ms
08-14 23:36:07.808  6001  6238 D cellinfo: 46 bytes from 54.197.223.49: icmp_seq=1540 ttl=38 time=106 ms
08-14 23:36:08.002  6001  6238 D cellinfo: 46 bytes from 54.197.223.49: icmp_seq=1541 ttl=38 time=99.4 ms
08-14 23:36:08.176  6001  6238 D cellinfo: 46 bytes from 54.197.223.49: icmp_seq=1542 ttl=38 time=74.1 ms
08-14 23:36:08.400  6001  6238 D cellinfo: 46 bytes from 54.197.223.49: icmp_seq=1543 ttl=38 time=97.6 ms
08-14 23:36:08.587  6001  6238 D cellinfo: 46 bytes from 54.197.223.49: icmp_seq=1544 ttl=38 time=83.9 ms
08-14 23:36:08.796  6001  6238 D cellinfo: 46 bytes from 54.197.223.49: icmp_seq=1545 ttl=38 time=92.8 ms
08-14 23:36:09.004  6001  6238 D cellinfo: 46 bytes from 54.197.223.49: icmp_seq=1546 ttl=38 time=99.2 ms
08-14 23:36:09.191  6001  6238 D cellinfo: 46 bytes from 54.197.223.49: icmp_seq=1547 ttl=38 time=86.1 ms
08-14 23:36:09.265  6001  6001 D cellinfo: Latitude is 42.9297649
08-14 23:36:09.265  6001  6001 D cellinfo: Longitude is -78.831125
08-14 23:36:09.265  6001  6001 D cellinfo: Instantaneous GPS information: United States, 563 Kensington Ave, Buffalo, NY 14214, USA
08-14 23:36:09.265  6001  6001 D cellinfo: getCurrentLocation() result: Location (success): 42.9297649, -78.831125
08-14 23:36:09.385  6001  6238 D cellinfo: 46 bytes from 54.197.223.49: icmp_seq=1548 ttl=38 time=79.1 ms
08-14 23:36:09.609  6001  6238 D cellinfo: 46 bytes from 54.197.223.49: icmp_seq=1549 ttl=38 time=102 ms
08-14 23:36:09.790  6001  6238 D cellinfo: 46 bytes from 54.197.223.49: icmp_seq=1550 ttl=38 time=81.7 ms
08-14 23:36:10.016  6001  6238 D cellinfo: 46 bytes from 54.197.223.49: icmp_seq=1551 ttl=38 time=107 ms
08-14 23:36:10.191  6001  6001 D cellinfo: onsignalStrengthsChanged: LTE Signal Strength info: rsrp: -102 rsrq: -14 rssi: -69 rssnr: 1
08-14 23:36:10.191  6001  6001 D cellinfo: onsignalStrengthsChanged: 5G-NR Signal Strength info: ssrsrp: -106 ssrsrq: -15 sssinr: 0
08-14 23:36:10.219  6001  6238 D cellinfo: 46 bytes from 54.197.223.49: icmp_seq=1552 ttl=38 time=111 ms
08-14 23:36:10.400  6001  6238 D cellinfo: 46 bytes from 54.197.223.49: icmp_seq=1553 ttl=38 time=90.8 ms
08-14 23:36:10.615  6001  6238 D cellinfo: 46 bytes from 54.197.223.49: icmp_seq=1554 ttl=38 time=105 ms
08-14 23:36:10.812  6001  6238 D cellinfo: 46 bytes from 54.197.223.49: icmp_seq=1555 ttl=38 time=101 ms
08-14 23:36:11.257  6001  6238 D cellinfo: 46 bytes from 54.197.223.49: icmp_seq=1557 ttl=38 time=140 ms
08-14 23:36:11.427  6001  6238 D cellinfo: 46 bytes from 54.197.223.49: icmp_seq=1558 ttl=38 time=110 ms
08-14 23:36:11.493  6001  6001 D cellinfo: Latitude is 42.9297649
08-14 23:36:11.493  6001  6001 D cellinfo: Longitude is -78.831125
08-14 23:36:11.493  6001  6001 D cellinfo: Instantaneous GPS information: United States, 563 Kensington Ave, Buffalo, NY 14214, USA
08-14 23:36:11.493  6001  6001 D cellinfo: getCurrentLocation() result: Location (success): 42.9297649, -78.831125
08-14 23:36:11.640  6001  6238 D cellinfo: 46 bytes from 54.197.223.49: icmp_seq=1559 ttl=38 time=122 ms
08-14 23:36:11.778  6001  6001 D cellinfo: onCellInfoChanged: Operator:  UpdateTimestamp: 358451183 CellConnectionStatus: 1
08-14 23:36:11.779  6001  6001 D cellinfo: onCellInfoChanged: 5G-NR Cell Bands: [] ARFCN: 520020 Cell ID: 9223372036854775807 Physical Cell ID: 27 Tracking Area Code: 16777215
08-14 23:36:11.831  6001  6238 D cellinfo: 46 bytes from 54.197.223.49: icmp_seq=1560 ttl=38 time=113 ms
08-14 23:36:12.030  6001  6238 D cellinfo: 46 bytes from 54.197.223.49: icmp_seq=1561 ttl=38 time=111 ms
08-14 23:36:12.197  6001  6238 D cellinfo: 46 bytes from 54.197.223.49: icmp_seq=1562 ttl=38 time=77.9 ms
08-14 23:36:12.440  6001  6238 D cellinfo: 46 bytes from 54.197.223.49: icmp_seq=1563 ttl=38 time=119 ms
08-14 23:36:12.621  6001  6238 D cellinfo: 46 bytes from 54.197.223.49: icmp_seq=1564 ttl=38 time=100 ms
08-14 23:36:12.839  6001  6238 D cellinfo: 46 bytes from 54.197.223.49: icmp_seq=1565 ttl=38 time=116 ms
08-14 23:36:13.032  6001  6238 D cellinfo: 46 bytes from 54.197.223.49: icmp_seq=1566 ttl=38 time=108 ms
08-14 23:36:13.281  6001  6238 D cellinfo: 46 bytes from 54.197.223.49: icmp_seq=1567 ttl=38 time=157 ms
08-14 23:36:13.450  6001  6238 D cellinfo: 46 bytes from 54.197.223.49: icmp_seq=1568 ttl=38 time=125 ms
08-14 23:36:13.640  6001  6238 D cellinfo: 46 bytes from 54.197.223.49: icmp_seq=1569 ttl=38 time=115 ms
08-14 23:36:13.832  6001  6238 D cellinfo: 46 bytes from 54.197.223.49: icmp_seq=1570 ttl=38 time=106 ms
08-14 23:36:14.053  6001  6238 D cellinfo: 46 bytes from 54.197.223.49: icmp_seq=1571 ttl=38 time=127 ms
08-14 23:36:14.242  6001  6238 D cellinfo: 46 bytes from 54.197.223.49: icmp_seq=1572 ttl=38 time=115 ms
08-14 23:36:14.496  6001  6001 D cellinfo: Latitude is 42.9297649
08-14 23:36:14.496  6001  6001 D cellinfo: Longitude is -78.831125
08-14 23:36:14.496  6001  6001 D cellinfo: Instantaneous GPS information: United States, 563 Kensington Ave, Buffalo, NY 14214, USA
08-14 23:36:14.496  6001  6001 D cellinfo: getCurrentLocation() result: Location (success): 42.9297649, -78.831125
08-14 23:36:14.751  6001  6238 D cellinfo: 46 bytes from 54.197.223.49: icmp_seq=1573 ttl=38 time=424 ms
08-14 23:36:14.998  6001  6238 D cellinfo: 46 bytes from 54.197.223.49: icmp_seq=1574 ttl=38 time=466 ms
08-14 23:36:14.998  6001  6238 D cellinfo: 46 bytes from 54.197.223.49: icmp_seq=1575 ttl=38 time=263 ms
08-14 23:36:15.181  6001  6001 D cellinfo: onServiceStateChanged: Channel Number: 675 Cell Bandwidths: [15000, 40000]
08-14 23:36:15.190  6001  6001 D cellinfo: onDisplayInfoChanged: NetworkType: LTE OverrideNetworkType: 5G (Sub-6 GHz)
08-14 23:36:15.337  6001  6238 D cellinfo: 46 bytes from 54.197.223.49: icmp_seq=1576 ttl=38 time=400 ms
08-14 23:36:15.337  6001  6238 D cellinfo: 46 bytes from 54.197.223.49: icmp_seq=1577 ttl=38 time=199 ms
08-14 23:36:15.599  6001  6238 D cellinfo: 46 bytes from 54.197.223.49: icmp_seq=1578 ttl=38 time=261 ms
08-14 23:36:15.654  6001  6238 D cellinfo: 46 bytes from 54.197.223.49: icmp_seq=1579 ttl=38 time=114 ms
08-14 23:36:15.913  6001  6238 D cellinfo: 46 bytes from 54.197.223.49: icmp_seq=1580 ttl=38 time=172 ms
08-14 23:36:16.080  6001  6238 D cellinfo: 46 bytes from 54.197.223.49: icmp_seq=1581 ttl=38 time=138 ms
08-14 23:36:16.392  6001  6238 D cellinfo: 46 bytes from 54.197.223.49: icmp_seq=1582 ttl=38 time=250 ms
08-14 23:36:16.485  6001  6238 D cellinfo: 46 bytes from 54.197.223.49: icmp_seq=1583 ttl=38 time=141 ms
08-14 23:36:16.720  6001  6238 D cellinfo: 46 bytes from 54.197.223.49: icmp_seq=1584 ttl=38 time=175 ms
08-14 23:36:16.873  6001  6238 D cellinfo: 46 bytes from 54.197.223.49: icmp_seq=1585 ttl=38 time=127 ms
08-14 23:36:17.199  6001  6238 D cellinfo: 46 bytes from 54.197.223.49: icmp_seq=1586 ttl=38 time=252 ms
08-14 23:36:17.280  6001  6238 D cellinfo: 46 bytes from 54.197.223.49: icmp_seq=1587 ttl=38 time=132 ms
08-14 23:36:17.497  6001  6001 D cellinfo: Latitude is 42.9297649
08-14 23:36:17.497  6001  6001 D cellinfo: Longitude is -78.831125
08-14 23:36:17.497  6001  6001 D cellinfo: Instantaneous GPS information: United States, 563 Kensington Ave, Buffalo, NY 14214, USA
08-14 23:36:17.497  6001  6001 D cellinfo: getCurrentLocation() result: Location (success): 42.9297649, -78.831125
08-14 23:36:17.519  6001  6238 D cellinfo: 46 bytes from 54.197.223.49: icmp_seq=1588 ttl=38 time=170 ms
08-14 23:36:17.680  6001  6238 D cellinfo: 46 bytes from 54.197.223.49: icmp_seq=1589 ttl=38 time=131 ms
08-14 23:36:17.778  6001  6001 D cellinfo: onsignalStrengthsChanged: LTE Signal Strength info: rsrp: -97 rsrq: -13 rssi: -65 rssnr: -6
08-14 23:36:17.779  6001  6001 D cellinfo: onsignalStrengthsChanged: 5G-NR Signal Strength info: ssrsrp: -92 ssrsrq: -13 sssinr: 2
08-14 23:36:17.847  6001  6001 D cellinfo: onCellInfoChanged: Operator:  UpdateTimestamp: 358457253 CellConnectionStatus: 1
08-14 23:36:17.848  6001  6001 D cellinfo: onCellInfoChanged: 5G-NR Cell Bands: [] ARFCN: 126900 Cell ID: 9223372036854775807 Physical Cell ID: 939 Tracking Area Code: 16777215
08-14 23:36:17.981  6001  6001 D cellinfo: onServiceStateChanged: Channel Number: 675 Cell Bandwidths: [15000, 40000]
08-14 23:36:17.988  6001  6001 D cellinfo: onDisplayInfoChanged: NetworkType: LTE OverrideNetworkType: 5G(mmWave)
08-14 23:36:18.255  6001  6238 D cellinfo: 46 bytes from 54.197.223.49: icmp_seq=1591 ttl=38 time=303 ms
08-14 23:36:18.341  6001  6238 D cellinfo: 46 bytes from 54.197.223.49: icmp_seq=1592 ttl=38 time=185 ms
08-14 23:36:18.521  6001  6238 D cellinfo: 46 bytes from 54.197.223.49: icmp_seq=1593 ttl=38 time=165 ms
08-14 23:36:18.867  6001  6238 D cellinfo: 46 bytes from 54.197.223.49: icmp_seq=1594 ttl=38 time=311 ms
08-14 23:36:18.868  6001  6238 D cellinfo: 46 bytes from 54.197.223.49: icmp_seq=1595 ttl=38 time=108 ms
08-14 23:36:19.373  6001  6238 D cellinfo: 46 bytes from 54.197.223.49: icmp_seq=1596 ttl=38 time=411 ms
08-14 23:36:19.632  6001  6238 D cellinfo: 46 bytes from 54.197.223.49: icmp_seq=1597 ttl=38 time=468 ms
08-14 23:36:19.632  6001  6238 D cellinfo: 46 bytes from 54.197.223.49: icmp_seq=1598 ttl=38 time=264 ms
08-14 23:36:19.666  6001  6238 D cellinfo: 46 bytes from 54.197.223.49: icmp_seq=1599 ttl=38 time=98.0 ms
08-14 23:36:19.857  6001  6238 D cellinfo: 46 bytes from 54.197.223.49: icmp_seq=1600 ttl=38 time=88.2 ms
08-14 23:36:20.063  6001  6238 D cellinfo: 46 bytes from 54.197.223.49: icmp_seq=1601 ttl=38 time=92.6 ms
08-14 23:36:20.257  6001  6238 D cellinfo: 46 bytes from 54.197.223.49: icmp_seq=1602 ttl=38 time=87.4 ms
08-14 23:36:20.462  6001  6238 D cellinfo: 46 bytes from 54.197.223.49: icmp_seq=1603 ttl=38 time=91.5 ms
08-14 23:36:20.662  6001  6238 D cellinfo: 46 bytes from 54.197.223.49: icmp_seq=1604 ttl=38 time=91.2 ms
08-14 23:36:20.918  6001  6238 D cellinfo: 46 bytes from 54.197.223.49: icmp_seq=1605 ttl=38 time=145 ms
08-14 23:36:21.067  6001  6238 D cellinfo: 46 bytes from 54.197.223.49: icmp_seq=1606 ttl=38 time=93.7 ms
08-14 23:36:21.247  6001  6238 D cellinfo: 46 bytes from 54.197.223.49: icmp_seq=1607 ttl=38 time=75.0 ms
08-14 23:36:21.349  6001  6001 D cellinfo: Latitude is 42.9298647
08-14 23:36:21.349  6001  6001 D cellinfo: Longitude is -78.8271581
08-14 23:36:21.349  6001  6001 D cellinfo: Instantaneous GPS information: United States, 52 Warwick Ave, Buffalo, NY 14215, USA
08-14 23:36:21.349  6001  6001 D cellinfo: getCurrentLocation() result: Location (success): 42.9298647, -78.8271581
08-14 23:36:21.441  6001  6238 D cellinfo: 46 bytes from 54.197.223.49: icmp_seq=1608 ttl=38 time=68.5 ms
08-14 23:36:21.679  6001  6238 D cellinfo: 46 bytes from 54.197.223.49: icmp_seq=1609 ttl=38 time=104 ms
08-14 23:36:21.857  6001  6238 D cellinfo: 46 bytes from 54.197.223.49: icmp_seq=1610 ttl=38 time=81.9 ms
08-14 23:36:22.077  6001  6238 D cellinfo: 46 bytes from 54.197.223.49: icmp_seq=1611 ttl=38 time=100 ms
08-14 23:36:22.263  6001  6238 D cellinfo: 46 bytes from 54.197.223.49: icmp_seq=1612 ttl=38 time=86.9 ms
08-14 23:36:22.478  6001  6238 D cellinfo: 46 bytes from 54.197.223.49: icmp_seq=1613 ttl=38 time=101 ms
08-14 23:36:22.669  6001  6238 D cellinfo: 46 bytes from 54.197.223.49: icmp_seq=1614 ttl=38 time=93.1 ms
