08-14 23:34:12.503  6001  6238 D cellinfo: 46 bytes from 54.197.223.49: icmp_seq=966 ttl=38 time=92.9 ms
08-14 23:34:12.704  6001  6238 D cellinfo: 46 bytes from 54.197.223.49: icmp_seq=967 ttl=38 time=92.4 ms
08-14 23:34:12.903  6001  6238 D cellinfo: 46 bytes from 54.197.223.49: icmp_seq=968 ttl=38 time=91.9 ms
08-14 23:34:13.104  6001  6238 D cellinfo: 46 bytes from 54.197.223.49: icmp_seq=969 ttl=38 time=91.3 ms
08-14 23:34:13.303  6001  6238 D cellinfo: 46 bytes from 54.197.223.49: icmp_seq=970 ttl=38 time=90.5 ms
08-14 23:34:13.504  6001  6238 D cellinfo: 46 bytes from 54.197.223.49: icmp_seq=971 ttl=38 time=90.7 ms
08-14 23:34:13.703  6001  6238 D cellinfo: 46 bytes from 54.197.223.49: icmp_seq=972 ttl=38 time=89.7 ms
08-14 23:34:13.906  6001  6238 D cellinfo: 46 bytes from 54.197.223.49: icmp_seq=973 ttl=38 time=91.0 ms
08-14 23:34:14.103  6001  6238 D cellinfo: 46 bytes from 54.197.223.49: icmp_seq=974 ttl=38 time=88.1 ms
08-14 23:34:14.304  6001  6238 D cellinfo: 46 bytes from 54.197.223.49: icmp_seq=975 ttl=38 time=87.5 ms
08-14 23:34:14.503  6001  6238 D cellinfo: 46 bytes from 54.197.223.49: icmp_seq=976 ttl=38 time=86.4 ms
08-14 23:34:14.703  6001  6238 D cellinfo: 46 bytes from 54.197.223.49: icmp_seq=977 ttl=38 time=86.2 ms
08-14 23:34:14.904  6001  6238 D cellinfo: 46 bytes from 54.197.223.49: icmp_seq=978 ttl=38 time=85.9 ms
08-14 23:34:15.052  6001  6001 D cellinfo: Latitude is 42.9283644
08-14 23:34:15.052  6001  6001 D cellinfo: Longitude is -78.851891
08-14 23:34:15.052  6001  6001 D cellinfo: Instantaneous GPS information: United States, 152 Humboldt Pkwy, Buffalo, NY 14214, USA
08-14 23:34:15.052  6001  6001 D cellinfo: getCurrentLocation() result: Location (success): 42.9283644, -78.851891
08-14 23:34:15.059  6001  6001 D cellinfo: onCellInfoChanged: Operator:  UpdateTimestamp: 358333958 CellConnectionStatus: 1
08-14 23:34:15.059  6001  6001 D cellinfo: onCellInfoChanged: LTE Cell Bands: [41] Bandwidth: 20000 Cell ID: 38055299 Physical Cell ID: 108 Tracking Area Code: 22520 EARFCN: 40384
08-14 23:34:15.103  6001  6238 D cellinfo: 46 bytes from 54.197.223.49: icmp_seq=979 ttl=38 time=83.8 ms
08-14 23:34:15.313  6001  6238 D cellinfo: 46 bytes from 54.197.223.49: icmp_seq=980 ttl=38 time=93.2 ms
08-14 23:34:15.513  6001  6238 D cellinfo: 46 bytes from 54.197.223.49: icmp_seq=981 ttl=38 time=92.0 ms
08-14 23:34:15.714  6001  6238 D cellinfo: 46 bytes from 54.197.223.49: icmp_seq=982 ttl=38 time=91.4 ms
08-14 23:34:15.913  6001  6238 D cellinfo: 46 bytes from 54.197.223.49: icmp_seq=983 ttl=38 time=89.9 ms
08-14 23:34:16.113  6001  6238 D cellinfo: 46 bytes from 54.197.223.49: icmp_seq=984 ttl=38 time=89.0 ms
08-14 23:34:16.313  6001  6238 D cellinfo: 46 bytes from 54.197.223.49: icmp_seq=985 ttl=38 time=88.0 ms
08-14 23:34:16.515  6001  6238 D cellinfo: 46 bytes from 54.197.223.49: icmp_seq=986 ttl=38 time=88.1 ms
08-14 23:34:16.535  6001  6001 D cellinfo: onDisplayInfoChanged: NetworkType: LTE OverrideNetworkType: None
08-14 23:34:16.723  6001  6238 D cellinfo: 46 bytes from 54.197.223.49: icmp_seq=987 ttl=38 time=96.0 ms
08-14 23:34:16.915  6001  6238 D cellinfo: 46 bytes from 54.197.223.49: icmp_seq=988 ttl=38 time=86.3 ms
08-14 23:34:17.113  6001  6238 D cellinfo: 46 bytes from 54.197.223.49: icmp_seq=989 ttl=38 time=84.8 ms
08-14 23:34:17.314  6001  6238 D cellinfo: 46 bytes from 54.197.223.49: icmp_seq=990 ttl=38 time=84.6 ms
08-14 23:34:17.515  6001  6238 D cellinfo: 46 bytes from 54.197.223.49: icmp_seq=991 ttl=38 time=85.1 ms
08-14 23:34:17.545  6001  6001 D cellinfo: onCellInfoChanged: Operator:  UpdateTimestamp: 358336944 CellConnectionStatus: 1
08-14 23:34:17.545  6001  6001 D cellinfo: onCellInfoChanged: LTE Cell Bands: [41] Bandwidth: 20000 Cell ID: 38055299 Physical Cell ID: 108 Tracking Area Code: 22520 EARFCN: 40384
08-14 23:34:17.714  6001  6238 D cellinfo: 46 bytes from 54.197.223.49: icmp_seq=992 ttl=38 time=82.8 ms
08-14 23:34:17.934  6001  6238 D cellinfo: 46 bytes from 54.197.223.49: icmp_seq=993 ttl=38 time=101 ms
08-14 23:34:18.125  6001  6238 D cellinfo: 46 bytes from 54.197.223.49: icmp_seq=994 ttl=38 time=92.1 ms
08-14 23:34:18.266  6001  6001 D cellinfo: Latitude is 42.9266579
08-14 23:34:18.266  6001  6001 D cellinfo: Longitude is -78.8489996
08-14 23:34:18.266  6001  6001 D cellinfo: Instantaneous GPS information: United States, 247 Humboldt Pkwy, Buffalo, NY 14208, USA
08-14 23:34:18.266  6001  6001 D cellinfo: getCurrentLocation() result: Location (success): 42.9266579, -78.8489996
08-14 23:34:18.334  6001  6238 D cellinfo: 46 bytes from 54.197.223.49: icmp_seq=995 ttl=38 time=100 ms
08-14 23:34:18.524  6001  6238 D cellinfo: 46 bytes from 54.197.223.49: icmp_seq=996 ttl=38 time=90.1 ms
08-14 23:34:18.723  6001  6238 D cellinfo: 46 bytes from 54.197.223.49: icmp_seq=997 ttl=38 time=89.0 ms
08-14 23:34:18.924  6001  6238 D cellinfo: 46 bytes from 54.197.223.49: icmp_seq=998 ttl=38 time=88.4 ms
08-14 23:34:19.123  6001  6238 D cellinfo: 46 bytes from 54.197.223.49: icmp_seq=999 ttl=38 time=86.5 ms
08-14 23:34:19.324  6001  6238 D cellinfo: 46 bytes from 54.197.223.49: icmp_seq=1000 ttl=38 time=85.9 ms
08-14 23:34:19.523  6001  6238 D cellinfo: 46 bytes from 54.197.223.49: icmp_seq=1001 ttl=38 time=84.7 ms
08-14 23:34:19.723  6001  6238 D cellinfo: 46 bytes from 54.197.223.49: icmp_seq=1002 ttl=38 time=84.0 ms
08-14 23:34:19.934  6001  6238 D cellinfo: 46 bytes from 54.197.223.49: icmp_seq=1003 ttl=38 time=93.0 ms
08-14 23:34:20.134  6001  6238 D cellinfo: 46 bytes from 54.197.223.49: icmp_seq=1004 ttl=38 time=92.1 ms
08-14 23:34:20.335  6001  6238 D cellinfo: 46 bytes from 54.197.223.49: icmp_seq=1005 ttl=38 time=91.9 ms
08-14 23:34:20.499  6001  6001 D cellinfo: Latitude is 42.9266579
08-14 23:34:20.499  6001  6001 D cellinfo: Longitude is -78.8489996
08-14 23:34:20.499  6001  6001 D cellinfo: Instantaneous GPS information: United States, 247 Humboldt Pkwy, Buffalo, NY 14208, USA
08-14 23:34:20.499  6001  6001 D cellinfo: getCurrentLocation() result: Location (success): 42.9266579, -78.8489996
08-14 23:34:20.533  6001  6238 D cellinfo: 46 bytes from 54.197.223.49: icmp_seq=1006 ttl=38 time=89.7 ms
08-14 23:34:20.554  6001  6001 D cellinfo: onCellInfoChanged: Operator:  UpdateTimestamp: 358339954 CellConnectionStatus: 1
08-14 23:34:20.554  6001  6001 D cellinfo: onCellInfoChanged: LTE Cell Bands: [41] Bandwidth: 20000 Cell ID: 38055299 Physical Cell ID: 108 Tracking Area Code: 22520 EARFCN: 40384
08-14 23:34:20.734  6001  6238 D cellinfo: 46 bytes from 54.197.223.49: icmp_seq=1007 ttl=38 time=90.5 ms
08-14 23:34:20.934  6001  6238 D cellinfo: 46 bytes from 54.197.223.49: icmp_seq=1008 ttl=38 time=88.4 ms
08-14 23:34:21.135  6001  6238 D cellinfo: 46 bytes from 54.197.223.49: icmp_seq=1009 ttl=38 time=88.0 ms
08-14 23:34:21.334  6001  6238 D cellinfo: 46 bytes from 54.197.223.49: icmp_seq=1010 ttl=38 time=86.2 ms
08-14 23:34:21.537  6001  6238 D cellinfo: 46 bytes from 54.197.223.49: icmp_seq=1011 ttl=38 time=87.5 ms
08-14 23:34:21.745  6001  6238 D cellinfo: 46 bytes from 54.197.223.49: icmp_seq=1012 ttl=38 time=91.7 ms
08-14 23:34:21.944  6001  6238 D cellinfo: 46 bytes from 54.197.223.49: icmp_seq=1013 ttl=38 time=91.0 ms
08-14 23:34:22.143  6001  6238 D cellinfo: 46 bytes from 54.197.223.49: icmp_seq=1014 ttl=38 time=90.1 ms
08-14 23:34:22.344  6001  6238 D cellinfo: 46 bytes from 54.197.223.49: icmp_seq=1015 ttl=38 time=89.4 ms
08-14 23:34:22.545  6001  6238 D cellinfo: 46 bytes from 54.197.223.49: icmp_seq=1016 ttl=38 time=90.1 ms
08-14 23:34:22.744  6001  6238 D cellinfo: 46 bytes from 54.197.223.49: icmp_seq=1017 ttl=38 time=88.2 ms
08-14 23:34:22.944  6001  6238 D cellinfo: 46 bytes from 54.197.223.49: icmp_seq=1018 ttl=38 time=87.1 ms
08-14 23:34:23.144  6001  6238 D cellinfo: 46 bytes from 54.197.223.49: icmp_seq=1019 ttl=38 time=85.8 ms
08-14 23:34:23.344  6001  6238 D cellinfo: 46 bytes from 54.197.223.49: icmp_seq=1020 ttl=38 time=85.1 ms
08-14 23:34:23.502  6001  6001 D cellinfo: Latitude is 42.9266502
08-14 23:34:23.502  6001  6001 D cellinfo: Longitude is -78.8489866
08-14 23:34:23.502  6001  6001 D cellinfo: Instantaneous GPS information: United States, 247 Humboldt Pkwy, Buffalo, NY 14208, USA
08-14 23:34:23.502  6001  6001 D cellinfo: getCurrentLocation() result: Location (success): 42.9266502, -78.8489866
08-14 23:34:23.543  6001  6238 D cellinfo: 46 bytes from 54.197.223.49: icmp_seq=1021 ttl=38 time=83.1 ms
08-14 23:34:23.560  6001  6001 D cellinfo: onCellInfoChanged: Operator:  UpdateTimestamp: 358342965 CellConnectionStatus: 1
08-14 23:34:23.560  6001  6001 D cellinfo: onCellInfoChanged: LTE Cell Bands: [41] Bandwidth: 20000 Cell ID: 38055299 Physical Cell ID: 108 Tracking Area Code: 22520 EARFCN: 40384
08-14 23:34:23.762  6001  6238 D cellinfo: 46 bytes from 54.197.223.49: icmp_seq=1022 ttl=38 time=100 ms
08-14 23:34:23.962  6001  6238 D cellinfo: 46 bytes from 54.197.223.49: icmp_seq=1023 ttl=38 time=100 ms
08-14 23:34:24.162  6001  6238 D cellinfo: 46 bytes from 54.197.223.49: icmp_seq=1024 ttl=38 time=99.5 ms
08-14 23:34:24.372  6001  6238 D cellinfo: 46 bytes from 54.197.223.49: icmp_seq=1025 ttl=38 time=109 ms
08-14 23:34:24.441  6001  6238 D cellinfo: 46 bytes from 54.197.223.49: icmp_seq=1025 ttl=38 time=178 ms (DUP!)
08-14 23:34:24.531  6001  6001 D cellinfo: onServiceStateChanged: Channel Number: 40384 Cell Bandwidths: [20000]
08-14 23:34:24.580  6001  6238 D cellinfo: 46 bytes from 54.197.223.49: icmp_seq=1026 ttl=38 time=116 ms
08-14 23:34:24.768  6001  6238 D cellinfo: 46 bytes from 54.197.223.49: icmp_seq=1027 ttl=38 time=104 ms
08-14 23:34:24.979  6001  6238 D cellinfo: 46 bytes from 54.197.223.49: icmp_seq=1028 ttl=38 time=113 ms
08-14 23:34:25.179  6001  6238 D cellinfo: 46 bytes from 54.197.223.49: icmp_seq=1029 ttl=38 time=113 ms
08-14 23:34:25.268  6001  6001 D cellinfo: onServiceStateChanged: Channel Number: 40384 Cell Bandwidths: [20000, 20000, 5000]
08-14 23:34:25.277  6001  6001 D cellinfo: onDisplayInfoChanged: NetworkType: LTE OverrideNetworkType: LTE-CA
08-14 23:34:25.349  6001  6001 D cellinfo: onServiceStateChanged: Channel Number: 675 Cell Bandwidths: [15000, 20000, 5000]
08-14 23:34:25.350  6001  6238 D cellinfo: 46 bytes from 54.197.223.49: icmp_seq=1030 ttl=38 time=83.0 ms
08-14 23:34:25.409  6001  6001 D cellinfo: onServiceStateChanged: Channel Number: 675 Cell Bandwidths: [15000, 20000, 5000]
08-14 23:34:25.436  6001  6001 D cellinfo: onDisplayInfoChanged: NetworkType: LTE OverrideNetworkType: 5G (Sub-6 GHz)
08-14 23:34:25.525  6001  6001 D cellinfo: onServiceStateChanged: Channel Number: 675 Cell Bandwidths: [15000, 40000]
08-14 23:34:25.533  6001  6001 D cellinfo: onDisplayInfoChanged: NetworkType: LTE OverrideNetworkType: 5G(mmWave)
08-14 23:34:25.575  6001  6238 D cellinfo: 46 bytes from 54.197.223.49: icmp_seq=1031 ttl=38 time=108 ms
08-14 23:34:25.754  6001  6238 D cellinfo: 46 bytes from 54.197.223.49: icmp_seq=1032 ttl=38 time=86.1 ms
08-14 23:34:25.955  6001  6238 D cellinfo: 46 bytes from 54.197.223.49: icmp_seq=1033 ttl=38 time=86.3 ms
08-14 23:34:26.170  6001  6238 D cellinfo: 46 bytes from 54.197.223.49: icmp_seq=1034 ttl=38 time=101 ms
08-14 23:34:26.355  6001  6238 D cellinfo: 46 bytes from 54.197.223.49: icmp_seq=1035 ttl=38 time=84.7 ms
08-14 23:34:26.555  6001  6238 D cellinfo: 46 bytes from 54.197.223.49: icmp_seq=1036 ttl=38 time=84.0 ms
08-14 23:34:26.751  6001  6238 D cellinfo: 46 bytes from 54.197.223.49: icmp_seq=1037 ttl=38 time=78.2 ms
08-14 23:34:26.930  6001  6001 D cellinfo: Latitude is 42.9264002
08-14 23:34:26.930  6001  6001 D cellinfo: Longitude is -78.8485649
08-14 23:34:26.930  6001  6001 D cellinfo: Instantaneous GPS information: United States, 267 Humboldt Pkwy, Buffalo, NY 14208, USA
08-14 23:34:26.930  6001  6001 D cellinfo: getCurrentLocation() result: Location (success): 42.9264002, -78.8485649
08-14 23:34:26.933  6001  6001 D cellinfo: onCellInfoChanged: Operator:  UpdateTimestamp: 358345960 CellConnectionStatus: 1
08-14 23:34:26.933  6001  6001 D cellinfo: onCellInfoChanged: 5G-NR Cell Bands: [] ARFCN: 520020 Cell ID: 9223372036854775807 Physical Cell ID: 61 Tracking Area Code: 16777215
08-14 23:34:26.951  6001  6238 D cellinfo: 46 bytes from 54.197.223.49: icmp_seq=1038 ttl=38 time=77.7 ms
08-14 23:34:27.145  6001  6238 D cellinfo: 46 bytes from 54.197.223.49: icmp_seq=1039 ttl=38 time=70.6 ms
08-14 23:34:27.365  6001  6238 D cellinfo: 46 bytes from 54.197.223.49: icmp_seq=1040 ttl=38 time=89.2 ms
08-14 23:34:27.565  6001  6238 D cellinfo: 46 bytes from 54.197.223.49: icmp_seq=1041 ttl=38 time=88.4 ms
08-14 23:34:27.765  6001  6238 D cellinfo: 46 bytes from 54.197.223.49: icmp_seq=1042 ttl=38 time=87.6 ms
08-14 23:34:27.965  6001  6238 D cellinfo: 46 bytes from 54.197.223.49: icmp_seq=1043 ttl=38 time=87.1 ms
08-14 23:34:28.165  6001  6238 D cellinfo: 46 bytes from 54.197.223.49: icmp_seq=1044 ttl=38 time=86.0 ms
08-14 23:34:28.365  6001  6238 D cellinfo: 46 bytes from 54.197.223.49: icmp_seq=1045 ttl=38 time=85.0 ms
08-14 23:34:28.565  6001  6238 D cellinfo: 46 bytes from 54.197.223.49: icmp_seq=1046 ttl=38 time=84.6 ms
08-14 23:34:28.765  6001  6238 D cellinfo: 46 bytes from 54.197.223.49: icmp_seq=1047 ttl=38 time=84.1 ms
08-14 23:34:28.965  6001  6238 D cellinfo: 46 bytes from 54.197.223.49: icmp_seq=1048 ttl=38 time=83.2 ms
08-14 23:34:29.165  6001  6238 D cellinfo: 46 bytes from 54.197.223.49: icmp_seq=1049 ttl=38 time=81.7 ms
08-14 23:34:29.382  6001  6238 D cellinfo: 46 bytes from 54.197.223.49: icmp_seq=1050 ttl=38 time=97.7 ms
08-14 23:34:29.570  6001  6238 D cellinfo: 46 bytes from 54.197.223.49: icmp_seq=1051 ttl=38 time=85.3 ms
08-14 23:34:29.770  6001  6238 D cellinfo: 46 bytes from 54.197.223.49: icmp_seq=1052 ttl=38 time=84.2 ms
08-14 23:34:29.849  6001  6001 D cellinfo: Latitude is 42.9263207
08-14 23:34:29.849  6001  6001 D cellinfo: Longitude is -78.8484308
08-14 23:34:29.849  6001  6001 D cellinfo: Instantaneous GPS information: United States, 273 Humboldt Pkwy, Buffalo, NY 14208, USA
08-14 23:34:29.849  6001  6001 D cellinfo: getCurrentLocation() result: Location (success): 42.9263207, -78.8484308
08-14 23:34:29.964  6001  6238 D cellinfo: 46 bytes from 54.197.223.49: icmp_seq=1053 ttl=38 time=77.1 ms
08-14 23:34:30.174  6001  6238 D cellinfo: 46 bytes from 54.197.223.49: icmp_seq=1054 ttl=38 time=85.9 ms
08-14 23:34:30.374  6001  6238 D cellinfo: 46 bytes from 54.197.223.49: icmp_seq=1055 ttl=38 time=84.9 ms
08-14 23:34:30.590  6001  6238 D cellinfo: 46 bytes from 54.197.223.49: icmp_seq=1056 ttl=38 time=100 ms
08-14 23:34:30.785  6001  6238 D cellinfo: 46 bytes from 54.197.223.49: icmp_seq=1057 ttl=38 time=94.0 ms
08-14 23:34:30.986  6001  6238 D cellinfo: 46 bytes from 54.197.223.49: icmp_seq=1058 ttl=38 time=94.3 ms
08-14 23:34:31.190  6001  6238 D cellinfo: 46 bytes from 54.197.223.49: icmp_seq=1059 ttl=38 time=97.6 ms
08-14 23:34:31.388  6001  6238 D cellinfo: 46 bytes from 54.197.223.49: icmp_seq=1060 ttl=38 time=94.8 ms
08-14 23:34:31.586  6001  6238 D cellinfo: 46 bytes from 54.197.223.49: icmp_seq=1061 ttl=38 time=92.1 ms
08-14 23:34:31.791  6001  6238 D cellinfo: 46 bytes from 54.197.223.49: icmp_seq=1062 ttl=38 time=95.8 ms
08-14 23:34:31.989  6001  6238 D cellinfo: 46 bytes from 54.197.223.49: icmp_seq=1063 ttl=38 time=94.0 ms
08-14 23:34:32.186  6001  6238 D cellinfo: 46 bytes from 54.197.223.49: icmp_seq=1064 ttl=38 time=89.2 ms
08-14 23:34:32.386  6001  6238 D cellinfo: 46 bytes from 54.197.223.49: icmp_seq=1065 ttl=38 time=88.0 ms
08-14 23:34:32.589  6001  6238 D cellinfo: 46 bytes from 54.197.223.49: icmp_seq=1066 ttl=38 time=91.2 ms
08-14 23:34:32.772  6001  6238 D cellinfo: 46 bytes from 54.197.223.49: icmp_seq=1067 ttl=38 time=72.1 ms
08-14 23:34:32.927  6001  6001 D cellinfo: Latitude is 42.9262911
08-14 23:34:32.927  6001  6001 D cellinfo: Longitude is -78.848381
08-14 23:34:32.927  6001  6001 D cellinfo: Instantaneous GPS information: United States, 273 Humboldt Pkwy, Buffalo, NY 14208, USA
08-14 23:34:32.927  6001  6001 D cellinfo: getCurrentLocation() result: Location (success): 42.9262911, -78.848381
08-14 23:34:32.931  6001  6001 D cellinfo: onCellInfoChanged: Operator:  UpdateTimestamp: 358352155 CellConnectionStatus: 1
08-14 23:34:32.931  6001  6001 D cellinfo: onCellInfoChanged: 5G-NR Cell Bands: [] ARFCN: 520020 Cell ID: 9223372036854775807 Physical Cell ID: 61 Tracking Area Code: 16777215
08-14 23:34:32.978  6001  6238 D cellinfo: 46 bytes from 54.197.223.49: icmp_seq=1068 ttl=38 time=76.9 ms
08-14 23:34:33.185  6001  6238 D cellinfo: 46 bytes from 54.197.223.49: icmp_seq=1069 ttl=38 time=83.7 ms
08-14 23:34:33.391  6001  6238 D cellinfo: 46 bytes from 54.197.223.49: icmp_seq=1070 ttl=38 time=88.2 ms
08-14 23:34:33.591  6001  6238 D cellinfo: 46 bytes from 54.197.223.49: icmp_seq=1071 ttl=38 time=87.7 ms
08-14 23:34:33.793  6001  6238 D cellinfo: 46 bytes from 54.197.223.49: icmp_seq=1072 ttl=38 time=89.0 ms
08-14 23:34:33.988  6001  6238 D cellinfo: 46 bytes from 54.197.223.49: icmp_seq=1073 ttl=38 time=82.9 ms
08-14 23:34:34.187  6001  6238 D cellinfo: 46 bytes from 54.197.223.49: icmp_seq=1074 ttl=38 time=80.9 ms
08-14 23:34:34.385  6001  6238 D cellinfo: 46 bytes from 54.197.223.49: icmp_seq=1075 ttl=38 time=78.0 ms
08-14 23:34:34.589  6001  6238 D cellinfo: 46 bytes from 54.197.223.49: icmp_seq=1076 ttl=38 time=81.2 ms
08-14 23:34:34.783  6001  6238 D cellinfo: 46 bytes from 54.197.223.49: icmp_seq=1077 ttl=38 time=74.3 ms
08-14 23:34:34.984  6001  6238 D cellinfo: 46 bytes from 54.197.223.49: icmp_seq=1078 ttl=38 time=74.5 ms
08-14 23:34:35.205  6001  6238 D cellinfo: 46 bytes from 54.197.223.49: icmp_seq=1079 ttl=38 time=94.4 ms
08-14 23:34:35.407  6001  6238 D cellinfo: 46 bytes from 54.197.223.49: icmp_seq=1080 ttl=38 time=94.0 ms
08-14 23:34:35.497  6001  6001 D cellinfo: Latitude is 42.9262911
08-14 23:34:35.497  6001  6001 D cellinfo: Longitude is -78.848381
08-14 23:34:35.497  6001  6001 D cellinfo: Instantaneous GPS information: United States, 273 Humboldt Pkwy, Buffalo, NY 14208, USA
08-14 23:34:35.497  6001  6001 D cellinfo: getCurrentLocation() result: Location (success): 42.9262911, -78.848381
08-14 23:34:35.607  6001  6238 D cellinfo: 46 bytes from 54.197.223.49: icmp_seq=1081 ttl=38 time=94.6 ms
08-14 23:34:35.785  6001  6238 D cellinfo: 46 bytes from 54.197.223.49: icmp_seq=1082 ttl=38 time=70.9 ms
08-14 23:34:36.005  6001  6238 D cellinfo: 46 bytes from 54.197.223.49: icmp_seq=1083 ttl=38 time=90.6 ms
08-14 23:34:36.210  6001  6238 D cellinfo: 46 bytes from 54.197.223.49: icmp_seq=1084 ttl=38 time=96.0 ms
08-14 23:34:36.422  6001  6238 D cellinfo: 46 bytes from 54.197.223.49: icmp_seq=1085 ttl=38 time=107 ms
08-14 23:34:36.608  6001  6238 D cellinfo: 46 bytes from 54.197.223.49: icmp_seq=1086 ttl=38 time=92.4 ms
08-14 23:34:36.811  6001  6238 D cellinfo: 46 bytes from 54.197.223.49: icmp_seq=1087 ttl=38 time=94.4 ms
08-14 23:34:37.007  6001  6238 D cellinfo: 46 bytes from 54.197.223.49: icmp_seq=1088 ttl=38 time=90.1 ms
08-14 23:34:37.207  6001  6238 D cellinfo: 46 bytes from 54.197.223.49: icmp_seq=1089 ttl=38 time=90.3 ms
08-14 23:34:37.413  6001  6238 D cellinfo: 46 bytes from 54.197.223.49: icmp_seq=1090 ttl=38 time=94.3 ms
08-14 23:34:37.606  6001  6238 D cellinfo: 46 bytes from 54.197.223.49: icmp_seq=1091 ttl=38 time=86.0 ms
08-14 23:34:37.806  6001  6238 D cellinfo: 46 bytes from 54.197.223.49: icmp_seq=1092 ttl=38 time=85.0 ms
08-14 23:34:38.006  6001  6238 D cellinfo: 46 bytes from 54.197.223.49: icmp_seq=1093 ttl=38 time=84.2 ms
08-14 23:34:38.205  6001  6238 D cellinfo: 46 bytes from 54.197.223.49: icmp_seq=1094 ttl=38 time=83.2 ms
08-14 23:34:38.405  6001  6238 D cellinfo: 46 bytes from 54.197.223.49: icmp_seq=1095 ttl=38 time=83.0 ms
08-14 23:34:38.612  6001  6238 D cellinfo: 46 bytes from 54.197.223.49: icmp_seq=1096 ttl=38 time=89.5 ms
08-14 23:34:38.736  6001  6001 D cellinfo: onCellInfoChanged: Operator:  UpdateTimestamp: 358358142 CellConnectionStatus: 1
08-14 23:34:38.736  6001  6001 D cellinfo: onCellInfoChanged: 5G-NR Cell Bands: [] ARFCN: 520020 Cell ID: 9223372036854775807 Physical Cell ID: 61 Tracking Area Code: 16777215
08-14 23:34:38.795  6001  6238 D cellinfo: 46 bytes from 54.197.223.49: icmp_seq=1097 ttl=38 time=70.6 ms
08-14 23:34:38.999  6001  6238 D cellinfo: 46 bytes from 54.197.223.49: icmp_seq=1098 ttl=38 time=73.1 ms
08-14 23:34:39.130  6001  6001 D cellinfo: Latitude is 42.9239335
08-14 23:34:39.130  6001  6001 D cellinfo: Longitude is -78.8450998
08-14 23:34:39.130  6001  6001 D cellinfo: Instantaneous GPS information: United States, 393 Humboldt Pkwy, Buffalo, NY 14208, USA
08-14 23:34:39.130  6001  6001 D cellinfo: getCurrentLocation() result: Location (success): 42.9239335, -78.8450998
08-14 23:34:39.203  6001  6238 D cellinfo: 46 bytes from 54.197.223.49: icmp_seq=1099 ttl=38 time=74.9 ms
08-14 23:34:39.405  6001  6238 D cellinfo: 46 bytes from 54.197.223.49: icmp_seq=1100 ttl=38 time=76.3 ms
08-14 23:34:39.611  6001  6238 D cellinfo: 46 bytes from 54.197.223.49: icmp_seq=1101 ttl=38 time=80.6 ms
08-14 23:34:39.801  6001  6238 D cellinfo: 46 bytes from 54.197.223.49: icmp_seq=1102 ttl=38 time=70.9 ms
08-14 23:34:40.034  6001  6238 D cellinfo: 46 bytes from 54.197.223.49: icmp_seq=1103 ttl=38 time=102 ms
08-14 23:34:40.202  6001  6238 D cellinfo: 46 bytes from 54.197.223.49: icmp_seq=1104 ttl=38 time=71.2 ms
08-14 23:34:40.433  6001  6238 D cellinfo: 46 bytes from 54.197.223.49: icmp_seq=1105 ttl=38 time=101 ms
08-14 23:34:40.630  6001  6238 D cellinfo: 46 bytes from 54.197.223.49: icmp_seq=1106 ttl=38 time=96.1 ms
08-14 23:34:40.831  6001  6238 D cellinfo: 46 bytes from 54.197.223.49: icmp_seq=1107 ttl=38 time=96.4 ms
08-14 23:34:41.026  6001  6238 D cellinfo: 46 bytes from 54.197.223.49: icmp_seq=1108 ttl=38 time=90.9 ms
08-14 23:34:41.225  6001  6238 D cellinfo: 46 bytes from 54.197.223.49: icmp_seq=1109 ttl=38 time=90.8 ms
08-14 23:34:41.426  6001  6238 D cellinfo: 46 bytes from 54.197.223.49: icmp_seq=1110 ttl=38 time=91.0 ms
08-14 23:34:41.504  6001  6001 D cellinfo: Latitude is 42.9239335
08-14 23:34:41.504  6001  6001 D cellinfo: Longitude is -78.8450998
08-14 23:34:41.504  6001  6001 D cellinfo: Instantaneous GPS information: United States, 393 Humboldt Pkwy, Buffalo, NY 14208, USA
08-14 23:34:41.504  6001  6001 D cellinfo: getCurrentLocation() result: Location (success): 42.9239335, -78.8450998
08-14 23:34:41.549  6001  6001 D cellinfo: onCellInfoChanged: Operator:  UpdateTimestamp: 358360955 CellConnectionStatus: 1
08-14 23:34:41.549  6001  6001 D cellinfo: onCellInfoChanged: 5G-NR Cell Bands: [] ARFCN: 520020 Cell ID: 9223372036854775807 Physical Cell ID: 61 Tracking Area Code: 16777215
08-14 23:34:41.615  6001  6238 D cellinfo: 46 bytes from 54.197.223.49: icmp_seq=1111 ttl=38 time=79.8 ms
08-14 23:34:41.814  6001  6238 D cellinfo: 46 bytes from 54.197.223.49: icmp_seq=1112 ttl=38 time=77.8 ms
08-14 23:34:42.025  6001  6238 D cellinfo: 46 bytes from 54.197.223.49: icmp_seq=1113 ttl=38 time=88.8 ms
08-14 23:34:42.235  6001  6238 D cellinfo: 46 bytes from 54.197.223.49: icmp_seq=1114 ttl=38 time=98.2 ms
08-14 23:34:42.426  6001  6238 D cellinfo: 46 bytes from 54.197.223.49: icmp_seq=1115 ttl=38 time=89.0 ms
08-14 23:34:42.625  6001  6238 D cellinfo: 46 bytes from 54.197.223.49: icmp_seq=1116 ttl=38 time=86.6 ms
08-14 23:34:42.825  6001  6238 D cellinfo: 46 bytes from 54.197.223.49: icmp_seq=1117 ttl=38 time=86.8 ms
08-14 23:34:43.026  6001  6238 D cellinfo: 46 bytes from 54.197.223.49: icmp_seq=1118 ttl=38 time=86.2 ms
08-14 23:34:43.225  6001  6238 D cellinfo: 46 bytes from 54.197.223.49: icmp_seq=1119 ttl=38 time=85.4 ms
08-14 23:34:43.433  6001  6238 D cellinfo: 46 bytes from 54.197.223.49: icmp_seq=1120 ttl=38 time=93.3 ms
08-14 23:34:43.630  6001  6238 D cellinfo: 46 bytes from 54.197.223.49: icmp_seq=1121 ttl=38 time=89.5 ms
08-14 23:34:43.825  6001  6238 D cellinfo: 46 bytes from 54.197.223.49: icmp_seq=1122 ttl=38 time=84.0 ms
08-14 23:34:44.026  6001  6238 D cellinfo: 46 bytes from 54.197.223.49: icmp_seq=1123 ttl=38 time=83.6 ms
08-14 23:34:44.240  6001  6238 D cellinfo: 46 bytes from 54.197.223.49: icmp_seq=1124 ttl=38 time=98.0 ms
08-14 23:34:44.431  6001  6238 D cellinfo: 46 bytes from 54.197.223.49: icmp_seq=1125 ttl=38 time=88.0 ms
08-14 23:34:44.625  6001  6238 D cellinfo: 46 bytes from 54.197.223.49: icmp_seq=1126 ttl=38 time=81.8 ms
08-14 23:34:44.819  6001  6238 D cellinfo: 46 bytes from 54.197.223.49: icmp_seq=1127 ttl=38 time=74.9 ms
08-14 23:34:44.911  6001  6001 D cellinfo: Latitude is 42.9238558
08-14 23:34:44.911  6001  6001 D cellinfo: Longitude is -78.8450282
08-14 23:34:44.911  6001  6001 D cellinfo: Instantaneous GPS information: United States, 393 Humboldt Pkwy, Buffalo, NY 14208, USA
08-14 23:34:44.911  6001  6001 D cellinfo: getCurrentLocation() result: Location (success): 42.9238558, -78.8450282
08-14 23:34:44.912  6001  6001 D cellinfo: onsignalStrengthsChanged: LTE Signal Strength info: rsrp: -101 rsrq: -11 rssi: -71 rssnr: 3
08-14 23:34:44.912  6001  6001 D cellinfo: onsignalStrengthsChanged: 5G-NR Signal Strength info: ssrsrp: -103 ssrsrq: -11 sssinr: 4
08-14 23:34:45.038  6001  6238 D cellinfo: 46 bytes from 54.197.223.49: icmp_seq=1128 ttl=38 time=92.5 ms
08-14 23:34:45.241  6001  6238 D cellinfo: 46 bytes from 54.197.223.49: icmp_seq=1129 ttl=38 time=96.2 ms
08-14 23:34:45.430  6001  6238 D cellinfo: 46 bytes from 54.197.223.49: icmp_seq=1130 ttl=38 time=84.3 ms
08-14 23:34:45.625  6001  6238 D cellinfo: 46 bytes from 54.197.223.49: icmp_seq=1131 ttl=38 time=79.2 ms
08-14 23:34:45.829  6001  6238 D cellinfo: 46 bytes from 54.197.223.49: icmp_seq=1132 ttl=38 time=81.6 ms
08-14 23:34:46.037  6001  6238 D cellinfo: 46 bytes from 54.197.223.49: icmp_seq=1133 ttl=38 time=88.9 ms
08-14 23:34:46.240  6001  6238 D cellinfo: 46 bytes from 54.197.223.49: icmp_seq=1134 ttl=38 time=92.0 ms
08-14 23:34:46.448  6001  6238 D cellinfo: 46 bytes from 54.197.223.49: icmp_seq=1135 ttl=38 time=99.1 ms
08-14 23:34:46.623  6001  6238 D cellinfo: 46 bytes from 54.197.223.49: icmp_seq=1136 ttl=38 time=72.2 ms
08-14 23:34:46.830  6001  6238 D cellinfo: 46 bytes from 54.197.223.49: icmp_seq=1137 ttl=38 time=79.4 ms
08-14 23:34:47.045  6001  6238 D cellinfo: 46 bytes from 54.197.223.49: icmp_seq=1138 ttl=38 time=93.8 ms
08-14 23:34:47.235  6001  6238 D cellinfo: 46 bytes from 54.197.223.49: icmp_seq=1139 ttl=38 time=83.7 ms
08-14 23:34:47.445  6001  6238 D cellinfo: 46 bytes from 54.197.223.49: icmp_seq=1140 ttl=38 time=93.1 ms
08-14 23:34:47.490  6001  6001 D cellinfo: Latitude is 42.9238558
08-14 23:34:47.490  6001  6001 D cellinfo: Longitude is -78.8450282
08-14 23:34:47.490  6001  6001 D cellinfo: Instantaneous GPS information: United States, 393 Humboldt Pkwy, Buffalo, NY 14208, USA
08-14 23:34:47.490  6001  6001 D cellinfo: getCurrentLocation() result: Location (success): 42.9238558, -78.8450282
08-14 23:34:47.626  6001  6238 D cellinfo: 46 bytes from 54.197.223.49: icmp_seq=1141 ttl=38 time=73.2 ms
08-14 23:34:47.718  6001  6001 D cellinfo: onCellInfoChanged: Operator:  UpdateTimestamp: 358367123 CellConnectionStatus: 1
08-14 23:34:47.719  6001  6001 D cellinfo: onCellInfoChanged: 5G-NR Cell Bands: [] ARFCN: 520020 Cell ID: 9223372036854775807 Physical Cell ID: 61 Tracking Area Code: 16777215
08-14 23:34:47.827  6001  6238 D cellinfo: 46 bytes from 54.197.223.49: icmp_seq=1142 ttl=38 time=73.5 ms
08-14 23:34:48.048  6001  6238 D cellinfo: 46 bytes from 54.197.223.49: icmp_seq=1143 ttl=38 time=93.9 ms
08-14 23:34:48.248  6001  6238 D cellinfo: 46 bytes from 54.197.223.49: icmp_seq=1144 ttl=38 time=94.0 ms
08-14 23:34:48.456  6001  6238 D cellinfo: 46 bytes from 54.197.223.49: icmp_seq=1145 ttl=38 time=100 ms
08-14 23:34:48.649  6001  6238 D cellinfo: 46 bytes from 54.197.223.49: icmp_seq=1146 ttl=38 time=93.6 ms
08-14 23:34:48.850  6001  6238 D cellinfo: 46 bytes from 54.197.223.49: icmp_seq=1147 ttl=38 time=93.5 ms
08-14 23:34:49.036  6001  6238 D cellinfo: 46 bytes from 54.197.223.49: icmp_seq=1148 ttl=38 time=79.2 ms
08-14 23:34:49.265  6001  6238 D cellinfo: 46 bytes from 54.197.223.49: icmp_seq=1149 ttl=38 time=108 ms
08-14 23:34:49.430  6001  6238 D cellinfo: 46 bytes from 54.197.223.49: icmp_seq=1150 ttl=38 time=72.5 ms
08-14 23:34:49.653  6001  6238 D cellinfo: 46 bytes from 54.197.223.49: icmp_seq=1151 ttl=38 time=94.3 ms
08-14 23:34:49.851  6001  6238 D cellinfo: 46 bytes from 54.197.223.49: icmp_seq=1152 ttl=38 time=90.8 ms
08-14 23:34:50.054  6001  6238 D cellinfo: 46 bytes from 54.197.223.49: icmp_seq=1153 ttl=38 time=92.6 ms
08-14 23:34:50.249  6001  6238 D cellinfo: 46 bytes from 54.197.223.49: icmp_seq=1154 ttl=38 time=88.0 ms
08-14 23:34:50.446  6001  6238 D cellinfo: 46 bytes from 54.197.223.49: icmp_seq=1155 ttl=38 time=84.5 ms
08-14 23:34:50.641  6001  6238 D cellinfo: 46 bytes from 54.197.223.49: icmp_seq=1156 ttl=38 time=78.5 ms
08-14 23:34:50.844  6001  6238 D cellinfo: 46 bytes from 54.197.223.49: icmp_seq=1157 ttl=38 time=80.6 ms
08-14 23:34:51.037  6001  6238 D cellinfo: 46 bytes from 54.197.223.49: icmp_seq=1158 ttl=38 time=71.2 ms
08-14 23:34:51.180  6001  6001 D cellinfo: Latitude is 42.9221948
08-14 23:34:51.180  6001  6001 D cellinfo: Longitude is -78.8439586
08-14 23:34:51.180  6001  6001 D cellinfo: Instantaneous GPS information: United States, 342 E Delavan Ave, Buffalo, NY 14208, USA
08-14 23:34:51.180  6001  6001 D cellinfo: getCurrentLocation() result: Location (success): 42.9221948, -78.8439586
08-14 23:34:51.237  6001  6238 D cellinfo: 46 bytes from 54.197.223.49: icmp_seq=1159 ttl=38 time=71.3 ms
08-14 23:34:51.446  6001  6238 D cellinfo: 46 bytes from 54.197.223.49: icmp_seq=1160 ttl=38 time=78.5 ms
08-14 23:34:51.645  6001  6238 D cellinfo: 46 bytes from 54.197.223.49: icmp_seq=1161 ttl=38 time=77.7 ms
08-14 23:34:51.845  6001  6238 D cellinfo: 46 bytes from 54.197.223.49: icmp_seq=1162 ttl=38 time=77.3 ms
08-14 23:34:52.046  6001  6238 D cellinfo: 46 bytes from 54.197.223.49: icmp_seq=1163 ttl=38 time=76.5 ms
08-14 23:34:52.252  6001  6238 D cellinfo: 46 bytes from 54.197.223.49: icmp_seq=1164 ttl=38 time=83.2 ms
08-14 23:34:52.446  6001  6238 D cellinfo: 46 bytes from 54.197.223.49: icmp_seq=1165 ttl=38 time=76.8 ms
08-14 23:34:52.645  6001  6238 D cellinfo: 46 bytes from 54.197.223.49: icmp_seq=1166 ttl=38 time=74.9 ms
08-14 23:34:52.849  6001  6238 D cellinfo: 46 bytes from 54.197.223.49: icmp_seq=1167 ttl=38 time=77.8 ms
08-14 23:34:53.045  6001  6238 D cellinfo: 46 bytes from 54.197.223.49: icmp_seq=1168 ttl=38 time=73.3 ms
08-14 23:34:53.275  6001  6238 D cellinfo: 46 bytes from 54.197.223.49: icmp_seq=1169 ttl=38 time=103 ms
08-14 23:34:53.396  6001  6001 D cellinfo: onsignalStrengthsChanged: LTE Signal Strength info: rsrp: -96 rsrq: -13 rssi: -65 rssnr: 4
08-14 23:34:53.396  6001  6001 D cellinfo: onsignalStrengthsChanged: 5G-NR Signal Strength info: ssrsrp: -103 ssrsrq: -12 sssinr: 3
08-14 23:34:53.492  6001  6001 D cellinfo: Latitude is 42.9221948
08-14 23:34:53.492  6001  6001 D cellinfo: Longitude is -78.8439586
08-14 23:34:53.492  6001  6001 D cellinfo: Instantaneous GPS information: United States, 342 E Delavan Ave, Buffalo, NY 14208, USA
08-14 23:34:53.492  6001  6001 D cellinfo: getCurrentLocation() result: Location (success): 42.9221948, -78.8439586
08-14 23:34:53.685  6001  6238 D cellinfo: 46 bytes from 54.197.223.49: icmp_seq=1170 ttl=38 time=312 ms
08-14 23:34:53.717  6001  6238 D cellinfo: 46 bytes from 54.197.223.49: icmp_seq=1171 ttl=38 time=141 ms
08-14 23:34:53.848  6001  6001 D cellinfo: onCellInfoChanged: Operator:  UpdateTimestamp: 358373254 CellConnectionStatus: 1
08-14 23:34:53.848  6001  6001 D cellinfo: onCellInfoChanged: 5G-NR Cell Bands: [] ARFCN: 520020 Cell ID: 9223372036854775807 Physical Cell ID: 61 Tracking Area Code: 16777215
08-14 23:34:53.858  6001  6238 D cellinfo: 46 bytes from 54.197.223.49: icmp_seq=1172 ttl=38 time=81.4 ms
08-14 23:34:54.071  6001  6238 D cellinfo: 46 bytes from 54.197.223.49: icmp_seq=1173 ttl=38 time=93.8 ms
08-14 23:34:54.281  6001  6238 D cellinfo: 46 bytes from 54.197.223.49: icmp_seq=1174 ttl=38 time=103 ms
08-14 23:34:54.453  6001  6238 D cellinfo: 46 bytes from 54.197.223.49: icmp_seq=1175 ttl=38 time=75.8 ms
08-14 23:34:54.666  6001  6238 D cellinfo: 46 bytes from 54.197.223.49: icmp_seq=1176 ttl=38 time=87.8 ms
08-14 23:34:54.866  6001  6238 D cellinfo: 46 bytes from 54.197.223.49: icmp_seq=1177 ttl=38 time=87.0 ms
08-14 23:34:55.071  6001  6238 D cellinfo: 46 bytes from 54.197.223.49: icmp_seq=1178 ttl=38 time=90.9 ms
08-14 23:34:55.273  6001  6238 D cellinfo: 46 bytes from 54.197.223.49: icmp_seq=1179 ttl=38 time=93.2 ms
08-14 23:34:55.471  6001  6238 D cellinfo: 46 bytes from 54.197.223.49: icmp_seq=1180 ttl=38 time=90.1 ms
08-14 23:34:55.666  6001  6238 D cellinfo: 46 bytes from 54.197.223.49: icmp_seq=1181 ttl=38 time=84.0 ms
08-14 23:34:55.866  6001  6238 D cellinfo: 46 bytes from 54.197.223.49: icmp_seq=1182 ttl=38 time=83.2 ms
08-14 23:34:56.071  6001  6238 D cellinfo: 46 bytes from 54.197.223.49: icmp_seq=1183 ttl=38 time=87.2 ms
08-14 23:34:56.266  6001  6238 D cellinfo: 46 bytes from 54.197.223.49: icmp_seq=1184 ttl=38 time=81.7 ms
08-14 23:34:56.466  6001  6238 D cellinfo: 46 bytes from 54.197.223.49: icmp_seq=1185 ttl=38 time=81.3 ms
08-14 23:34:56.498  6001  6001 D cellinfo: Latitude is 42.9221948
08-14 23:34:56.498  6001  6001 D cellinfo: Longitude is -78.8439586
08-14 23:34:56.498  6001  6001 D cellinfo: Instantaneous GPS information: United States, 342 E Delavan Ave, Buffalo, NY 14208, USA
08-14 23:34:56.498  6001  6001 D cellinfo: getCurrentLocation() result: Location (success): 42.9221948, -78.8439586
08-14 23:34:56.670  6001  6238 D cellinfo: 46 bytes from 54.197.223.49: icmp_seq=1186 ttl=38 time=83.9 ms
08-14 23:34:56.866  6001  6238 D cellinfo: 46 bytes from 54.197.223.49: icmp_seq=1187 ttl=38 time=79.1 ms
08-14 23:34:57.075  6001  6238 D cellinfo: 46 bytes from 54.197.223.49: icmp_seq=1188 ttl=38 time=87.0 ms
08-14 23:34:57.265  6001  6238 D cellinfo: 46 bytes from 54.197.223.49: icmp_seq=1189 ttl=38 time=77.7 ms
08-14 23:34:57.466  6001  6238 D cellinfo: 46 bytes from 54.197.223.49: icmp_seq=1190 ttl=38 time=78.3 ms
08-14 23:34:57.666  6001  6238 D cellinfo: 46 bytes from 54.197.223.49: icmp_seq=1191 ttl=38 time=77.0 ms
08-14 23:34:58.173  6001  6238 D cellinfo: 46 bytes from 54.197.223.49: icmp_seq=1192 ttl=38 time=383 ms
08-14 23:34:58.174  6001  6238 D cellinfo: 46 bytes from 54.197.223.49: icmp_seq=1193 ttl=38 time=182 ms
08-14 23:34:58.272  6001  6238 D cellinfo: 46 bytes from 54.197.223.49: icmp_seq=1194 ttl=38 time=80.1 ms
08-14 23:34:58.485  6001  6238 D cellinfo: 46 bytes from 54.197.223.49: icmp_seq=1195 ttl=38 time=93.0 ms
08-14 23:34:58.686  6001  6238 D cellinfo: 46 bytes from 54.197.223.49: icmp_seq=1196 ttl=38 time=92.1 ms
08-14 23:34:58.897  6001  6238 D cellinfo: 46 bytes from 54.197.223.49: icmp_seq=1197 ttl=38 time=103 ms
08-14 23:34:59.080  6001  6238 D cellinfo: 46 bytes from 54.197.223.49: icmp_seq=1198 ttl=38 time=84.3 ms
08-14 23:34:59.286  6001  6238 D cellinfo: 46 bytes from 54.197.223.49: icmp_seq=1199 ttl=38 time=90.0 ms
08-14 23:34:59.485  6001  6238 D cellinfo: 46 bytes from 54.197.223.49: icmp_seq=1200 ttl=38 time=88.9 ms
08-14 23:34:59.504  6001  6001 D cellinfo: Latitude is 42.9221948
08-14 23:34:59.504  6001  6001 D cellinfo: Longitude is -78.8439586
08-14 23:34:59.504  6001  6001 D cellinfo: Instantaneous GPS information: United States, 342 E Delavan Ave, Buffalo, NY 14208, USA
08-14 23:34:59.504  6001  6001 D cellinfo: getCurrentLocation() result: Location (success): 42.9221948, -78.8439586
08-14 23:34:59.673  6001  6238 D cellinfo: 46 bytes from 54.197.223.49: icmp_seq=1201 ttl=38 time=75.9 ms
08-14 23:34:59.721  6001  6001 D cellinfo: onCellInfoChanged: Operator:  UpdateTimestamp: 358379126 CellConnectionStatus: 1
08-14 23:34:59.721  6001  6001 D cellinfo: onCellInfoChanged: 5G-NR Cell Bands: [] ARFCN: 520020 Cell ID: 9223372036854775807 Physical Cell ID: 61 Tracking Area Code: 16777215
08-14 23:35:00.086  6001  6238 D cellinfo: 46 bytes from 54.197.223.49: icmp_seq=1202 ttl=38 time=287 ms
08-14 23:35:00.097  6001  6238 D cellinfo: 46 bytes from 54.197.223.49: icmp_seq=1203 ttl=38 time=97.5 ms
08-14 23:35:00.413  6001  6238 D cellinfo: 46 bytes from 54.197.223.49: icmp_seq=1204 ttl=38 time=213 ms
08-14 23:35:00.495  6001  6238 D cellinfo: 46 bytes from 54.197.223.49: icmp_seq=1205 ttl=38 time=92.0 ms
08-14 23:35:00.725  6001  6238 D cellinfo: 46 bytes from 54.197.223.49: icmp_seq=1206 ttl=38 time=120 ms
08-14 23:35:00.901  6001  6238 D cellinfo: 46 bytes from 54.197.223.49: icmp_seq=1207 ttl=38 time=95.9 ms
08-14 23:35:01.365  6001  6238 D cellinfo: 46 bytes from 54.197.223.49: icmp_seq=1208 ttl=38 time=359 ms
08-14 23:35:01.366  6001  6238 D cellinfo: 46 bytes from 54.197.223.49: icmp_seq=1209 ttl=38 time=157 ms
08-14 23:35:01.694  6001  6238 D cellinfo: 46 bytes from 54.197.223.49: icmp_seq=1210 ttl=38 time=285 ms
08-14 23:35:01.716  6001  6238 D cellinfo: 46 bytes from 54.197.223.49: icmp_seq=1211 ttl=38 time=100 ms
08-14 23:35:02.021  6001  6238 D cellinfo: 46 bytes from 54.197.223.49: icmp_seq=1212 ttl=38 time=204 ms
08-14 23:35:02.132  6001  6238 D cellinfo: 46 bytes from 54.197.223.49: icmp_seq=1213 ttl=38 time=111 ms
08-14 23:35:02.325  6001  6238 D cellinfo: 46 bytes from 54.197.223.49: icmp_seq=1214 ttl=38 time=105 ms
08-14 23:35:02.653  6001  6238 D cellinfo: 46 bytes from 54.197.223.49: icmp_seq=1215 ttl=38 time=232 ms
08-14 23:35:02.706  6001  6238 D cellinfo: 46 bytes from 54.197.223.49: icmp_seq=1216 ttl=38 time=82.7 ms
08-14 23:35:02.901  6001  6238 D cellinfo: 46 bytes from 54.197.223.49: icmp_seq=1217 ttl=38 time=76.8 ms
08-14 23:35:03.096  6001  6238 D cellinfo: 46 bytes from 54.197.223.49: icmp_seq=1218 ttl=38 time=71.4 ms
08-14 23:35:03.203  6001  6001 D cellinfo: Latitude is 42.9222894
08-14 23:35:03.203  6001  6001 D cellinfo: Longitude is -78.8429071
08-14 23:35:03.203  6001  6001 D cellinfo: Instantaneous GPS information: United States, East Delavan Ave & Humboldt Parkway, Buffalo, NY 14214, USA
08-14 23:35:03.203  6001  6001 D cellinfo: getCurrentLocation() result: Location (success): 42.9222894, -78.8429071
08-14 23:35:03.301  6001  6238 D cellinfo: 46 bytes from 54.197.223.49: icmp_seq=1219 ttl=38 time=76.1 ms
08-14 23:35:03.506  6001  6238 D cellinfo: 46 bytes from 54.197.223.49: icmp_seq=1220 ttl=38 time=79.4 ms
08-14 23:35:03.729  6001  6238 D cellinfo: 46 bytes from 54.197.223.49: icmp_seq=1221 ttl=38 time=103 ms
08-14 23:35:03.907  6001  6238 D cellinfo: 46 bytes from 54.197.223.49: icmp_seq=1222 ttl=38 time=80.0 ms
08-14 23:35:04.106  6001  6238 D cellinfo: 46 bytes from 54.197.223.49: icmp_seq=1223 ttl=38 time=78.0 ms
08-14 23:35:04.307  6001  6238 D cellinfo: 46 bytes from 54.197.223.49: icmp_seq=1224 ttl=38 time=77.7 ms
08-14 23:35:04.506  6001  6238 D cellinfo: 46 bytes from 54.197.223.49: icmp_seq=1225 ttl=38 time=77.0 ms
08-14 23:35:04.714  6001  6238 D cellinfo: 46 bytes from 54.197.223.49: icmp_seq=1226 ttl=38 time=84.1 ms
08-14 23:35:05.223  6001  6238 D cellinfo: 46 bytes from 54.197.223.49: icmp_seq=1227 ttl=38 time=391 ms
08-14 23:35:05.223  6001  6238 D cellinfo: 46 bytes from 54.197.223.49: icmp_seq=1228 ttl=38 time=187 ms
08-14 23:35:05.357  6001  6238 D cellinfo: 46 bytes from 54.197.223.49: icmp_seq=1229 ttl=38 time=120 ms
08-14 23:35:05.494  6001  6001 D cellinfo: Latitude is 42.9222894
08-14 23:35:05.494  6001  6001 D cellinfo: Longitude is -78.8429071
08-14 23:35:05.494  6001  6001 D cellinfo: Instantaneous GPS information: United States, East Delavan Ave & Humboldt Parkway, Buffalo, NY 14214, USA
08-14 23:35:05.494  6001  6001 D cellinfo: getCurrentLocation() result: Location (success): 42.9222894, -78.8429071
08-14 23:35:05.518  6001  6238 D cellinfo: 46 bytes from 54.197.223.49: icmp_seq=1230 ttl=38 time=81.9 ms
08-14 23:35:05.711  6001  6238 D cellinfo: 46 bytes from 54.197.223.49: icmp_seq=1231 ttl=38 time=73.0 ms
08-14 23:35:05.741  6001  6001 D cellinfo: onCellInfoChanged: Operator:  UpdateTimestamp: 358385147 CellConnectionStatus: 1
08-14 23:35:05.742  6001  6001 D cellinfo: onCellInfoChanged: 5G-NR Cell Bands: [] ARFCN: 520020 Cell ID: 9223372036854775807 Physical Cell ID: 61 Tracking Area Code: 16777215
08-14 23:35:05.926  6001  6238 D cellinfo: 46 bytes from 54.197.223.49: icmp_seq=1232 ttl=38 time=87.6 ms
08-14 23:35:06.127  6001  6238 D cellinfo: 46 bytes from 54.197.223.49: icmp_seq=1233 ttl=38 time=88.1 ms
08-14 23:35:06.326  6001  6238 D cellinfo: 46 bytes from 54.197.223.49: icmp_seq=1234 ttl=38 time=86.0 ms
08-14 23:35:06.526  6001  6238 D cellinfo: 46 bytes from 54.197.223.49: icmp_seq=1235 ttl=38 time=85.0 ms
08-14 23:35:06.726  6001  6238 D cellinfo: 46 bytes from 54.197.223.49: icmp_seq=1236 ttl=38 time=84.1 ms
08-14 23:35:06.925  6001  6238 D cellinfo: 46 bytes from 54.197.223.49: icmp_seq=1237 ttl=38 time=82.9 ms
08-14 23:35:07.129  6001  6238 D cellinfo: 46 bytes from 54.197.223.49: icmp_seq=1238 ttl=38 time=85.4 ms
08-14 23:35:07.329  6001  6238 D cellinfo: 46 bytes from 54.197.223.49: icmp_seq=1239 ttl=38 time=84.5 ms
08-14 23:35:07.531  6001  6238 D cellinfo: 46 bytes from 54.197.223.49: icmp_seq=1240 ttl=38 time=85.8 ms
08-14 23:35:07.731  6001  6238 D cellinfo: 46 bytes from 54.197.223.49: icmp_seq=1241 ttl=38 time=85.1 ms
08-14 23:35:07.928  6001  6238 D cellinfo: 46 bytes from 54.197.223.49: icmp_seq=1242 ttl=38 time=81.6 ms
08-14 23:35:08.128  6001  6238 D cellinfo: 46 bytes from 54.197.223.49: icmp_seq=1243 ttl=38 time=80.8 ms
08-14 23:35:08.327  6001  6238 D cellinfo: 46 bytes from 54.197.223.49: icmp_seq=1244 ttl=38 time=79.4 ms
08-14 23:35:08.498  6001  6001 D cellinfo: Latitude is 42.9222894
08-14 23:35:08.498  6001  6001 D cellinfo: Longitude is -78.8429071
08-14 23:35:08.498  6001  6001 D cellinfo: Instantaneous GPS information: United States, East Delavan Ave & Humboldt Parkway, Buffalo, NY 14214, USA
08-14 23:35:08.498  6001  6001 D cellinfo: getCurrentLocation() result: Location (success): 42.9222894, -78.8429071
08-14 23:35:08.530  6001  6238 D cellinfo: 46 bytes from 54.197.223.49: icmp_seq=1245 ttl=38 time=82.7 ms
08-14 23:35:08.723  6001  6238 D cellinfo: 46 bytes from 54.197.223.49: icmp_seq=1246 ttl=38 time=75.0 ms
08-14 23:35:08.927  6001  6238 D cellinfo: 46 bytes from 54.197.223.49: icmp_seq=1247 ttl=38 time=78.0 ms
08-14 23:35:09.128  6001  6238 D cellinfo: 46 bytes from 54.197.223.49: icmp_seq=1248 ttl=38 time=77.8 ms
08-14 23:35:09.332  6001  6238 D cellinfo: 46 bytes from 54.197.223.49: icmp_seq=1249 ttl=38 time=81.1 ms
08-14 23:35:09.526  6001  6238 D cellinfo: 46 bytes from 54.197.223.49: icmp_seq=1250 ttl=38 time=74.3 ms
08-14 23:35:09.746  6001  6238 D cellinfo: 46 bytes from 54.197.223.49: icmp_seq=1251 ttl=38 time=93.8 ms
08-14 23:35:09.946  6001  6238 D cellinfo: 46 bytes from 54.197.223.49: icmp_seq=1252 ttl=38 time=92.6 ms
08-14 23:35:10.146  6001  6238 D cellinfo: 46 bytes from 54.197.223.49: icmp_seq=1253 ttl=38 time=92.3 ms
08-14 23:35:10.346  6001  6238 D cellinfo: 46 bytes from 54.197.223.49: icmp_seq=1254 ttl=38 time=90.9 ms
08-14 23:35:10.546  6001  6238 D cellinfo: 46 bytes from 54.197.223.49: icmp_seq=1255 ttl=38 time=90.0 ms
08-14 23:35:10.746  6001  6238 D cellinfo: 46 bytes from 54.197.223.49: icmp_seq=1256 ttl=38 time=89.8 ms
08-14 23:35:10.947  6001  6238 D cellinfo: 46 bytes from 54.197.223.49: icmp_seq=1257 ttl=38 time=89.3 ms
08-14 23:35:11.146  6001  6238 D cellinfo: 46 bytes from 54.197.223.49: icmp_seq=1258 ttl=38 time=88.0 ms
08-14 23:35:11.351  6001  6238 D cellinfo: 46 bytes from 54.197.223.49: icmp_seq=1259 ttl=38 time=91.7 ms
08-14 23:35:11.499  6001  6001 D cellinfo: Latitude is 42.9222894
08-14 23:35:11.499  6001  6001 D cellinfo: Longitude is -78.8429071
08-14 23:35:11.499  6001  6001 D cellinfo: Instantaneous GPS information: United States, East Delavan Ave & Humboldt Parkway, Buffalo, NY 14214, USA
08-14 23:35:11.499  6001  6001 D cellinfo: getCurrentLocation() result: Location (success): 42.9222894, -78.8429071
08-14 23:35:11.551  6001  6238 D cellinfo: 46 bytes from 54.197.223.49: icmp_seq=1260 ttl=38 time=91.0 ms
08-14 23:35:11.732  6001  6001 D cellinfo: onCellInfoChanged: Operator:  UpdateTimestamp: 358391136 CellConnectionStatus: 1
08-14 23:35:11.732  6001  6001 D cellinfo: onCellInfoChanged: 5G-NR Cell Bands: [] ARFCN: 520020 Cell ID: 9223372036854775807 Physical Cell ID: 61 Tracking Area Code: 16777215
08-14 23:35:11.736  6001  6238 D cellinfo: 46 bytes from 54.197.223.49: icmp_seq=1261 ttl=38 time=75.5 ms
08-14 23:35:11.933  6001  6238 D cellinfo: 46 bytes from 54.197.223.49: icmp_seq=1262 ttl=38 time=71.8 ms
08-14 23:35:12.141  6001  6238 D cellinfo: 46 bytes from 54.197.223.49: icmp_seq=1263 ttl=38 time=79.3 ms
08-14 23:35:12.376  6001  6238 D cellinfo: 46 bytes from 54.197.223.49: icmp_seq=1264 ttl=38 time=111 ms
08-14 23:35:12.536  6001  6238 D cellinfo: 46 bytes from 54.197.223.49: icmp_seq=1265 ttl=38 time=72.0 ms
08-14 23:35:12.751  6001  6238 D cellinfo: 46 bytes from 54.197.223.49: icmp_seq=1266 ttl=38 time=85.9 ms
08-14 23:35:12.947  6001  6238 D cellinfo: 46 bytes from 54.197.223.49: icmp_seq=1267 ttl=38 time=80.5 ms
08-14 23:35:13.148  6001  6238 D cellinfo: 46 bytes from 54.197.223.49: icmp_seq=1268 ttl=38 time=82.2 ms
08-14 23:35:13.317  6001  6001 D cellinfo: onsignalStrengthsChanged: LTE Signal Strength info: rsrp: -100 rsrq: -12 rssi: -69 rssnr: 0
08-14 23:35:13.317  6001  6001 D cellinfo: onsignalStrengthsChanged: 5G-NR Signal Strength info: ssrsrp: -106 ssrsrq: -12 sssinr: 5
08-14 23:35:13.345  6001  6238 D cellinfo: 46 bytes from 54.197.223.49: icmp_seq=1269 ttl=38 time=78.2 ms
08-14 23:35:13.559  6001  6238 D cellinfo: 46 bytes from 54.197.223.49: icmp_seq=1270 ttl=38 time=90.3 ms
08-14 23:35:13.746  6001  6238 D cellinfo: 46 bytes from 54.197.223.49: icmp_seq=1271 ttl=38 time=76.1 ms
08-14 23:35:13.941  6001  6238 D cellinfo: 46 bytes from 54.197.223.49: icmp_seq=1272 ttl=38 time=70.5 ms
08-14 23:35:14.146  6001  6238 D cellinfo: 46 bytes from 54.197.223.49: icmp_seq=1273 ttl=38 time=75.2 ms
08-14 23:35:14.366  6001  6238 D cellinfo: 46 bytes from 54.197.223.49: icmp_seq=1274 ttl=38 time=94.0 ms
08-14 23:35:14.569  6001  6238 D cellinfo: 46 bytes from 54.197.223.49: icmp_seq=1275 ttl=38 time=95.8 ms
08-14 23:35:14.751  6001  6238 D cellinfo: 46 bytes from 54.197.223.49: icmp_seq=1276 ttl=38 time=77.2 ms
08-14 23:35:14.947  6001  6238 D cellinfo: 46 bytes from 54.197.223.49: icmp_seq=1277 ttl=38 time=72.1 ms
08-14 23:35:15.158  6001  6238 D cellinfo: 46 bytes from 54.197.223.49: icmp_seq=1278 ttl=38 time=81.8 ms
08-14 23:35:15.244  6001  6001 D cellinfo: Latitude is 42.9236171
08-14 23:35:15.244  6001  6001 D cellinfo: Longitude is -78.8423878
08-14 23:35:15.244  6001  6001 D cellinfo: Instantaneous GPS information: United States, 93 Gillette Ave, Buffalo, NY 14214, USA
08-14 23:35:15.244  6001  6001 D cellinfo: getCurrentLocation() result: Location (success): 42.9236171, -78.8423878
08-14 23:35:15.248  6001  6001 D cellinfo: onCellInfoChanged: Operator:  UpdateTimestamp: 358394274 CellConnectionStatus: 1
08-14 23:35:15.248  6001  6001 D cellinfo: onCellInfoChanged: 5G-NR Cell Bands: [] ARFCN: 520020 Cell ID: 9223372036854775807 Physical Cell ID: 61 Tracking Area Code: 16777215
08-14 23:35:15.351  6001  6238 D cellinfo: 46 bytes from 54.197.223.49: icmp_seq=1279 ttl=38 time=74.0 ms
08-14 23:35:15.572  6001  6238 D cellinfo: 46 bytes from 54.197.223.49: icmp_seq=1280 ttl=38 time=94.8 ms
08-14 23:35:15.758  6001  6238 D cellinfo: 46 bytes from 54.197.223.49: icmp_seq=1281 ttl=38 time=79.7 ms
08-14 23:35:15.967  6001  6238 D cellinfo: 46 bytes from 54.197.223.49: icmp_seq=1282 ttl=38 time=88.0 ms
08-14 23:35:16.166  6001  6238 D cellinfo: 46 bytes from 54.197.223.49: icmp_seq=1283 ttl=38 time=86.0 ms
08-14 23:35:16.366  6001  6238 D cellinfo: 46 bytes from 54.197.223.49: icmp_seq=1284 ttl=38 time=84.6 ms
08-14 23:35:16.576  6001  6238 D cellinfo: 46 bytes from 54.197.223.49: icmp_seq=1285 ttl=38 time=94.2 ms
08-14 23:35:16.770  6001  6238 D cellinfo: 46 bytes from 54.197.223.49: icmp_seq=1286 ttl=38 time=87.7 ms
08-14 23:35:16.967  6001  6238 D cellinfo: 46 bytes from 54.197.223.49: icmp_seq=1287 ttl=38 time=83.1 ms
08-14 23:35:17.157  6001  6001 D cellinfo: onsignalStrengthsChanged: LTE Signal Strength info: rsrp: -97 rsrq: -11 rssi: -67 rssnr: 3
08-14 23:35:17.157  6001  6001 D cellinfo: onsignalStrengthsChanged: 5G-NR Signal Strength info: ssrsrp: -102 ssrsrq: -12 sssinr: 5
08-14 23:35:17.173  6001  6238 D cellinfo: 46 bytes from 54.197.223.49: icmp_seq=1288 ttl=38 time=88.7 ms
08-14 23:35:17.367  6001  6238 D cellinfo: 46 bytes from 54.197.223.49: icmp_seq=1289 ttl=38 time=81.2 ms
08-14 23:35:17.498  6001  6001 D cellinfo: Latitude is 42.9236171
08-14 23:35:17.499  6001  6001 D cellinfo: Longitude is -78.8423878
08-14 23:35:17.499  6001  6001 D cellinfo: Instantaneous GPS information: United States, 93 Gillette Ave, Buffalo, NY 14214, USA
08-14 23:35:17.499  6001  6001 D cellinfo: getCurrentLocation() result: Location (success): 42.9236171, -78.8423878
08-14 23:35:17.540  6001  6001 D cellinfo: onCellInfoChanged: Operator:  UpdateTimestamp: 358396944 CellConnectionStatus: 1
08-14 23:35:17.540  6001  6001 D cellinfo: onCellInfoChanged: 5G-NR Cell Bands: [] ARFCN: 520020 Cell ID: 9223372036854775807 Physical Cell ID: 61 Tracking Area Code: 16777215
08-14 23:35:17.565  6001  6238 D cellinfo: 46 bytes from 54.197.223.49: icmp_seq=1290 ttl=38 time=79.1 ms
08-14 23:35:17.756  6001  6238 D cellinfo: 46 bytes from 54.197.223.49: icmp_seq=1291 ttl=38 time=69.5 ms
08-14 23:35:17.967  6001  6238 D cellinfo: 46 bytes from 54.197.223.49: icmp_seq=1292 ttl=38 time=78.2 ms
08-14 23:35:18.167  6001  6238 D cellinfo: 46 bytes from 54.197.223.49: icmp_seq=1293 ttl=38 time=77.8 ms
08-14 23:35:18.375  6001  6238 D cellinfo: 46 bytes from 54.197.223.49: icmp_seq=1294 ttl=38 time=86.3 ms
