--------- beginning of main
08-10 21:59:02.017 26036 26036 D cellinfo: Country == United States
08-10 21:59:02.017 26036 26036 D cellinfo: City == Livermore
08-10 21:59:02.017 26036 26036 D cellinfo: GPS Info == Rest Area Access, Livermore, CO 80536, USA
08-10 21:59:02.017 26036 26036 D cellinfo: Network Operator == 
08-10 21:59:02.017 26036 26036 D cellinfo: User movement == Static
08-10 21:59:02.017 26036 26036 D cellinfo: isEastCoast == false
08-10 21:59:02.017 26036 26036 D cellinfo: isWestCoast == true
08-10 21:59:02.017 26036 26036 D cellinfo: isBoston == false
08-10 21:59:02.017 26036 26036 D cellinfo: All GPS info fetched. Saving city and country info
08-10 21:59:02.018 26036 26088 D cellinfo: Timestamp: 1660190342
08-10 21:59:02.519 26036 26089 D cellinfo: Logging started
08-10 21:59:02.530 26036 26036 D cellinfo: onServiceStateChanged: Channel Number: 2147483647 Cell Bandwidths: []
08-10 21:59:02.530 26036 26036 D cellinfo: onsignalStrengthsChanged: LTE Signal Strength info: rsrp: -123 rsrq: -14 rssi: -95 rssnr: 0
08-10 21:59:02.531 26036 26036 D cellinfo: onDisplayInfoChanged: NetworkType: LTE OverrideNetworkType: None
08-10 21:59:03.021 26036 26088 D cellinfo: Ping command fired: /system/bin/ping -i 0.2 -s 38 44.241.174.93
08-10 21:59:03.028 26036 26088 D cellinfo: Ping logging stopped
08-10 21:59:03.028 26036 26088 D cellinfo: Average latency is INF
08-10 21:59:03.030 26036 26088 D cellinfo: All Process Stopped
08-10 21:59:03.030 26036 26088 D cellinfo: All Process Stopped
08-10 21:59:03.030 26036 26088 I cellinfo: debug
08-10 21:59:03.035 26036 26036 D cellinfo: false
08-10 21:59:03.035 26036 26036 D cellinfo: post ex LongOperation
08-10 21:59:04.983 26036 26036 D cellinfo: Latitude is 40.9811051
08-10 21:59:04.983 26036 26036 D cellinfo: Longitude is -105.393753
08-10 21:59:04.983 26036 26036 D cellinfo: Instantaneous GPS information: United States, Rest Area Access, Livermore, CO 80536, USA
08-10 21:59:04.983 26036 26036 D cellinfo: getCurrentLocation() result: Location (success): 40.9811051, -105.393753
08-10 21:59:05.018 26036 26036 D cellinfo: Latitude is 40.9811051
08-10 21:59:05.018 26036 26036 D cellinfo: Longitude is -105.393753
08-10 21:59:05.018 26036 26036 D cellinfo: Instantaneous GPS information: United States, Rest Area Access, Livermore, CO 80536, USA
08-10 21:59:05.018 26036 26036 D cellinfo: getCurrentLocation() result: Location (success): 40.9811051, -105.393753
08-10 21:59:08.026 26036 26036 D cellinfo: Latitude is 40.9811051
08-10 21:59:08.026 26036 26036 D cellinfo: Longitude is -105.393753
08-10 21:59:08.026 26036 26036 D cellinfo: Instantaneous GPS information: United States, Rest Area Access, Livermore, CO 80536, USA
08-10 21:59:08.026 26036 26036 D cellinfo: getCurrentLocation() result: Location (success): 40.9811051, -105.393753
08-10 21:59:11.029 26036 26036 D cellinfo: Latitude is 40.9811051
08-10 21:59:11.029 26036 26036 D cellinfo: Longitude is -105.393753
08-10 21:59:11.029 26036 26036 D cellinfo: Instantaneous GPS information: United States, Rest Area Access, Livermore, CO 80536, USA
08-10 21:59:11.029 26036 26036 D cellinfo: getCurrentLocation() result: Location (success): 40.9811051, -105.393753
08-10 21:59:14.030 26036 26036 D cellinfo: Latitude is 40.9811051
08-10 21:59:14.030 26036 26036 D cellinfo: Longitude is -105.393753
08-10 21:59:14.030 26036 26036 D cellinfo: Instantaneous GPS information: United States, Rest Area Access, Livermore, CO 80536, USA
08-10 21:59:14.030 26036 26036 D cellinfo: getCurrentLocation() result: Location (success): 40.9811051, -105.393753
08-10 21:59:18.987 26036 26036 D cellinfo: Latitude is 40.9811039
08-10 21:59:18.987 26036 26036 D cellinfo: Longitude is -105.3937534
08-10 21:59:18.987 26036 26036 D cellinfo: Instantaneous GPS information: United States, Rest Area Access, Livermore, CO 80536, USA
08-10 21:59:18.987 26036 26036 D cellinfo: getCurrentLocation() result: Location (success): 40.9811039, -105.3937534
08-10 21:59:20.027 26036 26036 D cellinfo: Latitude is 40.9811039
08-10 21:59:20.027 26036 26036 D cellinfo: Longitude is -105.3937534
08-10 21:59:20.027 26036 26036 D cellinfo: Instantaneous GPS information: United States, Rest Area Access, Livermore, CO 80536, USA
08-10 21:59:20.027 26036 26036 D cellinfo: getCurrentLocation() result: Location (success): 40.9811039, -105.3937534
08-10 21:59:23.030 26036 26036 D cellinfo: Latitude is 40.9811039
08-10 21:59:23.030 26036 26036 D cellinfo: Longitude is -105.3937534
08-10 21:59:23.030 26036 26036 D cellinfo: Instantaneous GPS information: United States, Rest Area Access, Livermore, CO 80536, USA
08-10 21:59:23.030 26036 26036 D cellinfo: getCurrentLocation() result: Location (success): 40.9811039, -105.3937534
08-10 21:59:26.028 26036 26036 D cellinfo: Latitude is 40.9811039
08-10 21:59:26.028 26036 26036 D cellinfo: Longitude is -105.3937534
08-10 21:59:26.028 26036 26036 D cellinfo: Instantaneous GPS information: United States, Rest Area Access, Livermore, CO 80536, USA
08-10 21:59:26.028 26036 26036 D cellinfo: getCurrentLocation() result: Location (success): 40.9811039, -105.3937534
08-10 21:59:30.983 26036 26036 D cellinfo: Latitude is 40.9811012
08-10 21:59:30.983 26036 26036 D cellinfo: Longitude is -105.3937524
08-10 21:59:30.983 26036 26036 D cellinfo: Instantaneous GPS information: United States, Rest Area Access, Livermore, CO 80536, USA
08-10 21:59:30.983 26036 26036 D cellinfo: getCurrentLocation() result: Location (success): 40.9811012, -105.3937524
08-10 21:59:32.033 26036 26036 D cellinfo: Latitude is 40.9811012
08-10 21:59:32.033 26036 26036 D cellinfo: Longitude is -105.3937524
08-10 21:59:32.033 26036 26036 D cellinfo: Instantaneous GPS information: United States, Rest Area Access, Livermore, CO 80536, USA
08-10 21:59:32.033 26036 26036 D cellinfo: getCurrentLocation() result: Location (success): 40.9811012, -105.3937524
08-10 21:59:35.030 26036 26036 D cellinfo: Latitude is 40.9811012
08-10 21:59:35.030 26036 26036 D cellinfo: Longitude is -105.3937524
08-10 21:59:35.030 26036 26036 D cellinfo: Instantaneous GPS information: United States, Rest Area Access, Livermore, CO 80536, USA
08-10 21:59:35.030 26036 26036 D cellinfo: getCurrentLocation() result: Location (success): 40.9811012, -105.3937524
08-10 21:59:38.029 26036 26036 D cellinfo: Latitude is 40.9811012
08-10 21:59:38.030 26036 26036 D cellinfo: Longitude is -105.3937524
08-10 21:59:38.030 26036 26036 D cellinfo: Instantaneous GPS information: United States, Rest Area Access, Livermore, CO 80536, USA
08-10 21:59:38.030 26036 26036 D cellinfo: getCurrentLocation() result: Location (success): 40.9811012, -105.3937524
08-10 21:59:42.025 26036 26036 D cellinfo: Country == United States
08-10 21:59:42.025 26036 26036 D cellinfo: City == Livermore
08-10 21:59:42.026 26036 26036 D cellinfo: GPS Info == Rest Area Access, Livermore, CO 80536, USA
08-10 21:59:42.026 26036 26036 D cellinfo: Network Operator == 
08-10 21:59:42.026 26036 26036 D cellinfo: User movement == Static
08-10 21:59:42.026 26036 26036 D cellinfo: isEastCoast == false
08-10 21:59:42.026 26036 26036 D cellinfo: isWestCoast == true
08-10 21:59:42.026 26036 26036 D cellinfo: isBoston == false
08-10 21:59:42.026 26036 26036 D cellinfo: All GPS info fetched. Saving city and country info
08-10 21:59:42.026 26036 26507 D cellinfo: Timestamp: 1660190382
08-10 21:59:42.138 26036 26036 D cellinfo: getCurrentLocation() result: Location (success): 40.9809202, -105.3934555
08-10 21:59:42.149 26036 26036 D cellinfo: getCurrentLocation() result: Location (success): 40.9809202, -105.3934555
08-10 21:59:42.528 26036 26508 D cellinfo: Logging started
08-10 21:59:42.534 26036 26036 D cellinfo: onServiceStateChanged: Channel Number: 2147483647 Cell Bandwidths: []
08-10 21:59:42.535 26036 26036 D cellinfo: onsignalStrengthsChanged: LTE Signal Strength info: rsrp: -123 rsrq: -14 rssi: -95 rssnr: 0
08-10 21:59:42.547 26036 26036 D cellinfo: onDisplayInfoChanged: NetworkType: LTE OverrideNetworkType: None
08-10 21:59:43.029 26036 26507 D cellinfo: Ping command fired: /system/bin/ping -i 0.2 -s 38 44.241.174.93
08-10 21:59:43.036 26036 26507 D cellinfo: Ping logging stopped
08-10 21:59:43.036 26036 26507 D cellinfo: Average latency is INF
08-10 21:59:43.037 26036 26507 D cellinfo: All Process Stopped
08-10 21:59:43.037 26036 26507 D cellinfo: All Process Stopped
08-10 21:59:43.037 26036 26507 I cellinfo: debug
08-10 21:59:43.044 26036 26036 D cellinfo: false
08-10 21:59:43.044 26036 26036 D cellinfo: post ex LongOperation
08-10 21:59:44.029 26036 26036 D cellinfo: getCurrentLocation() result: Location (success): 40.9809202, -105.3934555
08-10 21:59:45.052 26036 26036 D cellinfo: getCurrentLocation() result: Location (success): 40.9809202, -105.3934555
08-10 21:59:46.092 26036 26036 D cellinfo: GPS Info == 
08-10 21:59:46.092 26036 26036 D cellinfo: Network Operator == 
08-10 21:59:46.092 26036 26036 D cellinfo: User movement == Static
08-10 21:59:46.092 26036 26036 D cellinfo: isEastCoast == false
08-10 21:59:46.092 26036 26036 D cellinfo: isWestCoast == true
08-10 21:59:46.092 26036 26036 D cellinfo: isBoston == false
08-10 21:59:46.092 26036 26036 D cellinfo: Probably only country fetched. Saving only country info
08-10 21:59:46.092 26036 26520 D cellinfo: Timestamp: 1660190386
08-10 21:59:46.140 26036 26036 D cellinfo: getCurrentLocation() result: Location (success): 40.9809202, -105.3934555
08-10 21:59:46.594 26036 26521 D cellinfo: Logging started
08-10 21:59:46.599 26036 26036 D cellinfo: onServiceStateChanged: Channel Number: 2147483647 Cell Bandwidths: []
08-10 21:59:46.600 26036 26036 D cellinfo: onsignalStrengthsChanged: LTE Signal Strength info: rsrp: -123 rsrq: -14 rssi: -95 rssnr: 0
08-10 21:59:46.610 26036 26036 D cellinfo: onDisplayInfoChanged: NetworkType: LTE OverrideNetworkType: None
08-10 21:59:47.027 26036 26036 D cellinfo: getCurrentLocation() result: Location (success): 40.9809202, -105.3934555
08-10 21:59:47.094 26036 26520 D cellinfo: Ping command fired: /system/bin/ping -i 0.2 -s 38 44.241.174.93
08-10 21:59:47.100 26036 26520 D cellinfo: Ping logging stopped
08-10 21:59:47.100 26036 26520 D cellinfo: Average latency is INF
08-10 21:59:47.102 26036 26520 D cellinfo: All Process Stopped
08-10 21:59:47.102 26036 26520 D cellinfo: All Process Stopped
08-10 21:59:47.102 26036 26520 I cellinfo: debug
08-10 21:59:47.109 26036 26036 D cellinfo: false
08-10 21:59:47.109 26036 26036 D cellinfo: post ex LongOperation
08-10 21:59:48.088 26036 26036 D cellinfo: getCurrentLocation() result: Location (success): 40.9809202, -105.3934555
08-10 21:59:49.129 26036 26036 D cellinfo: getCurrentLocation() result: Location (success): 40.9809202, -105.3934555
08-10 21:59:50.032 26036 26036 D cellinfo: getCurrentLocation() result: Location (success): 40.9809202, -105.3934555
08-10 21:59:51.086 26036 26036 D cellinfo: getCurrentLocation() result: Location (success): 40.9809202, -105.3934555
08-10 21:59:54.033 26036 26036 D cellinfo: getCurrentLocation() result: Location (success): 40.9806574, -105.3924982
08-10 21:59:54.044 26036 26036 D cellinfo: getCurrentLocation() result: Location (success): 40.9806574, -105.3924982
08-10 21:59:54.053 26036 26036 D cellinfo: getCurrentLocation() result: Location (success): 40.9806574, -105.3924982
08-10 21:59:55.138 26036 26036 D cellinfo: getCurrentLocation() result: Location (success): 40.9806574, -105.3924982
08-10 21:59:56.041 26036 26036 D cellinfo: getCurrentLocation() result: Location (success): 40.9806574, -105.3924982
08-10 21:59:57.084 26036 26036 D cellinfo: getCurrentLocation() result: Location (success): 40.9806574, -105.3924982
08-10 21:59:58.119 26036 26036 D cellinfo: getCurrentLocation() result: Location (success): 40.9806574, -105.3924982
08-10 21:59:59.087 26036 26036 D cellinfo: getCurrentLocation() result: Location (success): 40.9806574, -105.3924982
08-10 22:00:00.057 26036 26036 D cellinfo: getCurrentLocation() result: Location (success): 40.9806574, -105.3924982
08-10 22:00:01.134 26036 26036 D cellinfo: getCurrentLocation() result: Location (success): 40.9806574, -105.3924982
08-10 22:00:02.033 26036 26036 D cellinfo: getCurrentLocation() result: Location (success): 40.9806574, -105.3924982
08-10 22:00:03.093 26036 26036 D cellinfo: getCurrentLocation() result: Location (success): 40.9806574, -105.3924982
08-10 22:00:05.233 26036 26036 D cellinfo: getCurrentLocation() result: Location (success): 40.9806546, -105.3923654
08-10 22:00:05.246 26036 26036 D cellinfo: getCurrentLocation() result: Location (success): 40.9806546, -105.3923654
08-10 22:00:06.045 26036 26036 D cellinfo: getCurrentLocation() result: Location (success): 40.9806546, -105.3923654
08-10 22:00:07.134 26036 26036 D cellinfo: getCurrentLocation() result: Location (success): 40.9806546, -105.3923654
08-10 22:00:08.045 26036 26036 D cellinfo: getCurrentLocation() result: Location (success): 40.9806546, -105.3923654
08-10 22:00:09.502 26036 26036 D cellinfo: Latitude is 40.9806546
08-10 22:00:09.502 26036 26036 D cellinfo: Longitude is -105.3923654
08-10 22:00:09.502 26036 26036 D cellinfo: Instantaneous GPS information: United States, Rest Area Access, Livermore, CO 80536, USA
08-10 22:00:09.502 26036 26036 D cellinfo: getCurrentLocation() result: Location (success): 40.9806546, -105.3923654
08-10 22:00:10.098 26036 26036 D cellinfo: Latitude is 40.9806546
08-10 22:00:10.099 26036 26036 D cellinfo: Longitude is -105.3923654
08-10 22:00:10.099 26036 26036 D cellinfo: Instantaneous GPS information: United States, Rest Area Access, Livermore, CO 80536, USA
08-10 22:00:10.099 26036 26036 D cellinfo: getCurrentLocation() result: Location (success): 40.9806546, -105.3923654
08-10 22:00:11.427 26036 26036 D cellinfo: Latitude is 40.9806461
08-10 22:00:11.427 26036 26036 D cellinfo: Longitude is -105.3923619
08-10 22:00:11.427 26036 26036 D cellinfo: Instantaneous GPS information: United States, Rest Area Access, Livermore, CO 80536, USA
08-10 22:00:11.427 26036 26036 D cellinfo: getCurrentLocation() result: Location (success): 40.9806461, -105.3923619
08-10 22:00:12.034 26036 26036 D cellinfo: Latitude is 40.9806438
08-10 22:00:12.034 26036 26036 D cellinfo: Longitude is -105.3923552
08-10 22:00:12.034 26036 26036 D cellinfo: Instantaneous GPS information: United States, Rest Area Access, Livermore, CO 80536, USA
08-10 22:00:12.034 26036 26036 D cellinfo: getCurrentLocation() result: Location (success): 40.9806438, -105.3923552
08-10 22:00:13.461 26036 26036 D cellinfo: Latitude is 40.9806406
08-10 22:00:13.461 26036 26036 D cellinfo: Longitude is -105.3923402
08-10 22:00:13.461 26036 26036 D cellinfo: Instantaneous GPS information: United States, Rest Area Access, Livermore, CO 80536, USA
08-10 22:00:13.461 26036 26036 D cellinfo: getCurrentLocation() result: Location (success): 40.9806406, -105.3923402
08-10 22:00:14.028 26036 26036 D cellinfo: Latitude is 40.9806366
08-10 22:00:14.028 26036 26036 D cellinfo: Longitude is -105.3923172
08-10 22:00:14.028 26036 26036 D cellinfo: Instantaneous GPS information: United States, Rest Area Access, Livermore, CO 80536, USA
08-10 22:00:14.028 26036 26036 D cellinfo: getCurrentLocation() result: Location (success): 40.9806366, -105.3923172
08-10 22:00:15.372 26036 26036 D cellinfo: Latitude is 40.9806333
08-10 22:00:15.372 26036 26036 D cellinfo: Longitude is -105.392294
08-10 22:00:15.372 26036 26036 D cellinfo: Instantaneous GPS information: United States, Rest Area Access, Livermore, CO 80536, USA
08-10 22:00:15.372 26036 26036 D cellinfo: getCurrentLocation() result: Location (success): 40.9806333, -105.392294
08-10 22:00:17.583 26036 26036 D cellinfo: Latitude is 40.9808833
08-10 22:00:17.583 26036 26036 D cellinfo: Longitude is -105.3923179
08-10 22:00:17.583 26036 26036 D cellinfo: Instantaneous GPS information: United States, 34275-34205 US-287, Livermore, CO 80536, USA
08-10 22:00:17.584 26036 26036 D cellinfo: getCurrentLocation() result: Location (success): 40.9808833, -105.3923179
08-10 22:00:17.594 26036 26036 D cellinfo: Latitude is 40.9808833
08-10 22:00:17.594 26036 26036 D cellinfo: Longitude is -105.3923179
08-10 22:00:17.594 26036 26036 D cellinfo: Instantaneous GPS information: United States, 34275-34205 US-287, Livermore, CO 80536, USA
08-10 22:00:17.595 26036 26036 D cellinfo: getCurrentLocation() result: Location (success): 40.9808833, -105.3923179
08-10 22:00:18.036 26036 26036 D cellinfo: Latitude is 40.9808833
08-10 22:00:18.036 26036 26036 D cellinfo: Longitude is -105.3923179
08-10 22:00:18.036 26036 26036 D cellinfo: Instantaneous GPS information: United States, 34275-34205 US-287, Livermore, CO 80536, USA
08-10 22:00:18.036 26036 26036 D cellinfo: getCurrentLocation() result: Location (success): 40.9808833, -105.3923179
08-10 22:00:19.441 26036 26036 D cellinfo: Latitude is 40.9808913
08-10 22:00:19.441 26036 26036 D cellinfo: Longitude is -105.3923112
08-10 22:00:19.441 26036 26036 D cellinfo: Instantaneous GPS information: United States, 34225 US-287, Livermore, CO 80536, USA
08-10 22:00:19.441 26036 26036 D cellinfo: getCurrentLocation() result: Location (success): 40.9808913, -105.3923112
08-10 22:00:20.026 26036 26036 D cellinfo: Latitude is 40.9808994
08-10 22:00:20.026 26036 26036 D cellinfo: Longitude is -105.3923042
08-10 22:00:20.026 26036 26036 D cellinfo: Instantaneous GPS information: United States, 34225 US-287, Livermore, CO 80536, USA
08-10 22:00:20.026 26036 26036 D cellinfo: getCurrentLocation() result: Location (success): 40.9808994, -105.3923042
08-10 22:00:21.440 26036 26036 D cellinfo: Latitude is 40.9809048
08-10 22:00:21.440 26036 26036 D cellinfo: Longitude is -105.3922997
08-10 22:00:21.440 26036 26036 D cellinfo: Instantaneous GPS information: United States, 34275-34205 US-287, Livermore, CO 80536, USA
08-10 22:00:21.440 26036 26036 D cellinfo: getCurrentLocation() result: Location (success): 40.9809048, -105.3922997
08-10 22:00:22.099 26036 26036 D cellinfo: Latitude is 40.980908
08-10 22:00:22.099 26036 26036 D cellinfo: Longitude is -105.3922973
08-10 22:00:22.099 26036 26036 D cellinfo: Instantaneous GPS information: United States, 34275-34205 US-287, Livermore, CO 80536, USA
08-10 22:00:22.099 26036 26036 D cellinfo: getCurrentLocation() result: Location (success): 40.980908, -105.3922973
08-10 22:00:23.024 26036 26036 D cellinfo: Latitude is 40.9809089
08-10 22:00:23.024 26036 26036 D cellinfo: Longitude is -105.3922971
08-10 22:00:23.024 26036 26036 D cellinfo: Instantaneous GPS information: United States, 34275-34205 US-287, Livermore, CO 80536, USA
08-10 22:00:23.024 26036 26036 D cellinfo: getCurrentLocation() result: Location (success): 40.9809089, -105.3922971
08-10 22:00:24.036 26036 26036 D cellinfo: Latitude is 40.9809075
08-10 22:00:24.036 26036 26036 D cellinfo: Longitude is -105.3922988
08-10 22:00:24.036 26036 26036 D cellinfo: Instantaneous GPS information: United States, 34275-34205 US-287, Livermore, CO 80536, USA
08-10 22:00:24.036 26036 26036 D cellinfo: getCurrentLocation() result: Location (success): 40.9809075, -105.3922988
08-10 22:00:25.098 26036 26036 D cellinfo: Latitude is 40.9809053
08-10 22:00:25.098 26036 26036 D cellinfo: Longitude is -105.3923011
08-10 22:00:25.098 26036 26036 D cellinfo: Instantaneous GPS information: United States, 34275-34205 US-287, Livermore, CO 80536, USA
08-10 22:00:25.099 26036 26036 D cellinfo: getCurrentLocation() result: Location (success): 40.9809053, -105.3923011
08-10 22:00:26.024 26036 26036 D cellinfo: Latitude is 40.9809026
08-10 22:00:26.024 26036 26036 D cellinfo: Longitude is -105.3923039
08-10 22:00:26.024 26036 26036 D cellinfo: Instantaneous GPS information: United States, 34225 US-287, Livermore, CO 80536, USA
08-10 22:00:26.024 26036 26036 D cellinfo: getCurrentLocation() result: Location (success): 40.9809026, -105.3923039
08-10 22:00:27.032 26036 26036 D cellinfo: Latitude is 40.9808997
08-10 22:00:27.032 26036 26036 D cellinfo: Longitude is -105.3923068
08-10 22:00:27.032 26036 26036 D cellinfo: Instantaneous GPS information: United States, 34225 US-287, Livermore, CO 80536, USA
08-10 22:00:27.032 26036 26036 D cellinfo: getCurrentLocation() result: Location (success): 40.9808997, -105.3923068
08-10 22:00:30.411 26036 26036 D cellinfo: Latitude is 40.9804697
08-10 22:00:30.411 26036 26036 D cellinfo: Longitude is -105.3914448
08-10 22:00:30.411 26036 26036 D cellinfo: Instantaneous GPS information: United States, 34167-34049 US-287, Livermore, CO 80536, USA
08-10 22:00:30.411 26036 26036 D cellinfo: getCurrentLocation() result: Location (success): 40.9804697, -105.3914448
08-10 22:00:30.419 26036 26036 D cellinfo: Latitude is 40.9804697
08-10 22:00:30.419 26036 26036 D cellinfo: Longitude is -105.3914448
08-10 22:00:30.419 26036 26036 D cellinfo: Instantaneous GPS information: United States, 34167-34049 US-287, Livermore, CO 80536, USA
08-10 22:00:30.420 26036 26036 D cellinfo: getCurrentLocation() result: Location (success): 40.9804697, -105.3914448
08-10 22:00:30.841 26036 26036 D cellinfo: Latitude is 40.9803369
08-10 22:00:30.841 26036 26036 D cellinfo: Longitude is -105.3912301
08-10 22:00:30.841 26036 26036 D cellinfo: Instantaneous GPS information: United States, 34167-34049 US-287, Livermore, CO 80536, USA
08-10 22:00:30.841 26036 26036 D cellinfo: getCurrentLocation() result: Location (success): 40.9803369, -105.3912301
08-10 22:00:31.101 26036 26036 D cellinfo: Latitude is 40.9803369
08-10 22:00:31.101 26036 26036 D cellinfo: Longitude is -105.3912301
08-10 22:00:31.101 26036 26036 D cellinfo: Instantaneous GPS information: United States, 34167-34049 US-287, Livermore, CO 80536, USA
08-10 22:00:31.101 26036 26036 D cellinfo: getCurrentLocation() result: Location (success): 40.9803369, -105.3912301
08-10 22:00:32.520 26036 26036 D cellinfo: Latitude is 40.9802472
08-10 22:00:32.520 26036 26036 D cellinfo: Longitude is -105.3910736
08-10 22:00:32.520 26036 26036 D cellinfo: Instantaneous GPS information: United States, 34167-34049 US-287, Livermore, CO 80536, USA
08-10 22:00:32.520 26036 26036 D cellinfo: getCurrentLocation() result: Location (success): 40.9802472, -105.3910736
08-10 22:00:33.309 26036 26036 D cellinfo: Latitude is 40.9801891
08-10 22:00:33.309 26036 26036 D cellinfo: Longitude is -105.3909727
08-10 22:00:33.309 26036 26036 D cellinfo: Instantaneous GPS information: United States, 34167-34049 US-287, Livermore, CO 80536, USA
08-10 22:00:33.309 26036 26036 D cellinfo: getCurrentLocation() result: Location (success): 40.9801891, -105.3909727
08-10 22:00:34.397 26036 26036 D cellinfo: Latitude is 40.9801438
08-10 22:00:34.397 26036 26036 D cellinfo: Longitude is -105.3908944
08-10 22:00:34.397 26036 26036 D cellinfo: Instantaneous GPS information: United States, 34167-34049 US-287, Livermore, CO 80536, USA
08-10 22:00:34.397 26036 26036 D cellinfo: getCurrentLocation() result: Location (success): 40.9801438, -105.3908944
08-10 22:00:35.361 26036 26036 D cellinfo: Latitude is 40.9801197
08-10 22:00:35.361 26036 26036 D cellinfo: Longitude is -105.3908533
08-10 22:00:35.361 26036 26036 D cellinfo: Instantaneous GPS information: United States, 33982 US-287, Livermore, CO 80536, USA
08-10 22:00:35.361 26036 26036 D cellinfo: getCurrentLocation() result: Location (success): 40.9801197, -105.3908533
08-10 22:00:35.628 26036 26036 D cellinfo: Country == United States
08-10 22:00:35.628 26036 26036 D cellinfo: City == Livermore
08-10 22:00:35.628 26036 26036 D cellinfo: GPS Info == 34167-34049 US-287, Livermore, CO 80536, USA
08-10 22:00:35.628 26036 26036 D cellinfo: Network Operator == T-Mobile
08-10 22:00:35.628 26036 26036 D cellinfo: User movement == Static
08-10 22:00:35.628 26036 26036 D cellinfo: isEastCoast == false
08-10 22:00:35.628 26036 26036 D cellinfo: isWestCoast == true
08-10 22:00:35.628 26036 26036 D cellinfo: isBoston == false
08-10 22:00:35.628 26036 26036 D cellinfo: All GPS info fetched. Saving city and country info
08-10 22:00:35.629 26036 27626 D cellinfo: Timestamp: 1660190435
08-10 22:00:35.665 26036 26036 D cellinfo: Latitude is 40.9801197
08-10 22:00:35.665 26036 26036 D cellinfo: Longitude is -105.3908533
08-10 22:00:35.665 26036 26036 D cellinfo: Instantaneous GPS information: United States, 33982 US-287, Livermore, CO 80536, USA
08-10 22:00:35.665 26036 26036 D cellinfo: getCurrentLocation() result: Location (success): 40.9801197, -105.3908533
08-10 22:00:36.130 26036 27627 D cellinfo: Logging started
08-10 22:00:36.287 26036 26036 D cellinfo: Latitude is 40.980123
08-10 22:00:36.287 26036 26036 D cellinfo: Longitude is -105.3908601
08-10 22:00:36.287 26036 26036 D cellinfo: Instantaneous GPS information: United States, 34167-34049 US-287, Livermore, CO 80536, USA
08-10 22:00:36.287 26036 26036 D cellinfo: getCurrentLocation() result: Location (success): 40.980123, -105.3908601
08-10 22:00:36.290 26036 26036 D cellinfo: onServiceStateChanged: Channel Number: 875 Cell Bandwidths: [15000]
08-10 22:00:36.291 26036 26036 D cellinfo: onsignalStrengthsChanged: LTE Signal Strength info: rsrp: -116 rsrq: -12 rssi: -79 rssnr: 8
08-10 22:00:36.291 26036 26036 D cellinfo: onCellInfoChanged: Operator: T-Mobile UpdateTimestamp: 14155171 CellConnectionStatus: 0
08-10 22:00:36.292 26036 26036 D cellinfo: onCellInfoChanged: LTE Cell Bands: [2] Bandwidth: 15000 Cell ID: 7915531 Physical Cell ID: 456 Tracking Area Code: 41465 EARFCN: 875
08-10 22:00:36.292 26036 26036 D cellinfo: onDisplayInfoChanged: NetworkType: LTE OverrideNetworkType: 5G (Sub-6 GHz)
08-10 22:00:36.631 26036 27626 D cellinfo: Ping command fired: /system/bin/ping -i 0.2 -s 38 44.241.174.93
08-10 22:00:36.683 26036 27626 D cellinfo: PING 44.241.174.93 (44.241.174.93) 38(66) bytes of data.
08-10 22:00:36.683 26036 27626 D cellinfo: 46 bytes from 44.241.174.93: icmp_seq=1 ttl=44 time=46.9 ms
08-10 22:00:36.882 26036 27626 D cellinfo: 46 bytes from 44.241.174.93: icmp_seq=2 ttl=44 time=45.3 ms
08-10 22:00:37.082 26036 27626 D cellinfo: 46 bytes from 44.241.174.93: icmp_seq=3 ttl=44 time=44.2 ms
08-10 22:00:37.101 26036 26036 D cellinfo: Latitude is 40.980136
08-10 22:00:37.101 26036 26036 D cellinfo: Longitude is -105.3908836
08-10 22:00:37.101 26036 26036 D cellinfo: Instantaneous GPS information: United States, 34167-34049 US-287, Livermore, CO 80536, USA
08-10 22:00:37.101 26036 26036 D cellinfo: getCurrentLocation() result: Location (success): 40.980136, -105.3908836
08-10 22:00:37.143 26036 26036 D cellinfo: onCellInfoChanged: Operator: T-Mobile UpdateTimestamp: 14158178 CellConnectionStatus: 0
08-10 22:00:37.143 26036 26036 D cellinfo: onCellInfoChanged: LTE Cell Bands: [2] Bandwidth: 15000 Cell ID: 7915531 Physical Cell ID: 456 Tracking Area Code: 41465 EARFCN: 875
08-10 22:00:37.283 26036 27626 D cellinfo: 46 bytes from 44.241.174.93: icmp_seq=4 ttl=44 time=44.3 ms
08-10 22:00:37.483 26036 27626 D cellinfo: 46 bytes from 44.241.174.93: icmp_seq=5 ttl=44 time=43.3 ms
08-10 22:00:37.703 26036 27626 D cellinfo: 46 bytes from 44.241.174.93: icmp_seq=6 ttl=44 time=62.1 ms
08-10 22:00:37.904 26036 27626 D cellinfo: 46 bytes from 44.241.174.93: icmp_seq=7 ttl=44 time=62.7 ms
08-10 22:00:38.103 26036 27626 D cellinfo: 46 bytes from 44.241.174.93: icmp_seq=8 ttl=44 time=60.3 ms
08-10 22:00:38.303 26036 27626 D cellinfo: 46 bytes from 44.241.174.93: icmp_seq=9 ttl=44 time=58.8 ms
08-10 22:00:38.351 26036 26036 D cellinfo: Latitude is 40.9801567
08-10 22:00:38.351 26036 26036 D cellinfo: Longitude is -105.3909204
08-10 22:00:38.351 26036 26036 D cellinfo: Instantaneous GPS information: United States, 34167-34049 US-287, Livermore, CO 80536, USA
08-10 22:00:38.351 26036 26036 D cellinfo: getCurrentLocation() result: Location (success): 40.9801567, -105.3909204
08-10 22:00:38.387 26036 26036 D cellinfo: Latitude is 40.9801567
08-10 22:00:38.388 26036 26036 D cellinfo: Longitude is -105.3909204
08-10 22:00:38.388 26036 26036 D cellinfo: Instantaneous GPS information: United States, 34167-34049 US-287, Livermore, CO 80536, USA
08-10 22:00:38.388 26036 26036 D cellinfo: getCurrentLocation() result: Location (success): 40.9801567, -105.3909204
08-10 22:00:38.502 26036 27626 D cellinfo: 46 bytes from 44.241.174.93: icmp_seq=10 ttl=44 time=58.1 ms
08-10 22:00:38.702 26036 27626 D cellinfo: 46 bytes from 44.241.174.93: icmp_seq=11 ttl=44 time=56.9 ms
08-10 22:00:38.902 26036 27626 D cellinfo: 46 bytes from 44.241.174.93: icmp_seq=12 ttl=44 time=56.5 ms
08-10 22:00:39.103 26036 27626 D cellinfo: 46 bytes from 44.241.174.93: icmp_seq=13 ttl=44 time=56.6 ms
08-10 22:00:39.304 26036 27626 D cellinfo: 46 bytes from 44.241.174.93: icmp_seq=14 ttl=44 time=55.3 ms
08-10 22:00:39.309 26036 26036 D cellinfo: Latitude is 40.9801821
08-10 22:00:39.309 26036 26036 D cellinfo: Longitude is -105.3909651
08-10 22:00:39.309 26036 26036 D cellinfo: Instantaneous GPS information: United States, 34167-34049 US-287, Livermore, CO 80536, USA
08-10 22:00:39.309 26036 26036 D cellinfo: getCurrentLocation() result: Location (success): 40.9801821, -105.3909651
08-10 22:00:39.311 26036 26036 D cellinfo: onServiceStateChanged: Channel Number: 875 Cell Bandwidths: [15000, 5000]
08-10 22:00:39.501 26036 27626 D cellinfo: 46 bytes from 44.241.174.93: icmp_seq=15 ttl=44 time=51.5 ms
08-10 22:00:39.703 26036 27626 D cellinfo: 46 bytes from 44.241.174.93: icmp_seq=16 ttl=44 time=52.4 ms
08-10 22:00:39.902 26036 27626 D cellinfo: 46 bytes from 44.241.174.93: icmp_seq=17 ttl=44 time=50.4 ms
08-10 22:00:40.104 26036 27626 D cellinfo: 46 bytes from 44.241.174.93: icmp_seq=18 ttl=44 time=51.1 ms
08-10 22:00:40.311 26036 27626 D cellinfo: 46 bytes from 44.241.174.93: icmp_seq=19 ttl=44 time=57.8 ms
08-10 22:00:40.409 26036 26036 D cellinfo: Latitude is 40.9802072
08-10 22:00:40.409 26036 26036 D cellinfo: Longitude is -105.3910094
08-10 22:00:40.409 26036 26036 D cellinfo: Instantaneous GPS information: United States, 34167-34049 US-287, Livermore, CO 80536, USA
08-10 22:00:40.409 26036 26036 D cellinfo: getCurrentLocation() result: Location (success): 40.9802072, -105.3910094
08-10 22:00:40.412 26036 26036 D cellinfo: onCellInfoChanged: Operator: T-Mobile UpdateTimestamp: 14161164 CellConnectionStatus: 0
08-10 22:00:40.412 26036 26036 D cellinfo: onCellInfoChanged: LTE Cell Bands: [2] Bandwidth: 15000 Cell ID: 7915531 Physical Cell ID: 456 Tracking Area Code: 41465 EARFCN: 875
08-10 22:00:40.502 26036 27626 D cellinfo: 46 bytes from 44.241.174.93: icmp_seq=20 ttl=44 time=48.7 ms
08-10 22:00:40.702 26036 27626 D cellinfo: 46 bytes from 44.241.174.93: icmp_seq=21 ttl=44 time=46.9 ms
08-10 22:00:40.904 26036 27626 D cellinfo: 46 bytes from 44.241.174.93: icmp_seq=22 ttl=44 time=48.4 ms
08-10 22:00:41.104 26036 27626 D cellinfo: 46 bytes from 44.241.174.93: icmp_seq=23 ttl=44 time=47.2 ms
08-10 22:00:41.305 26036 27626 D cellinfo: 46 bytes from 44.241.174.93: icmp_seq=24 ttl=44 time=47.9 ms
08-10 22:00:41.503 26036 27626 D cellinfo: 46 bytes from 44.241.174.93: icmp_seq=25 ttl=44 time=45.4 ms
08-10 22:00:41.717 26036 27626 D cellinfo: 46 bytes from 44.241.174.93: icmp_seq=26 ttl=44 time=58.7 ms
08-10 22:00:41.910 26036 27626 D cellinfo: 46 bytes from 44.241.174.93: icmp_seq=27 ttl=44 time=50.3 ms
08-10 22:00:42.113 26036 27626 D cellinfo: 46 bytes from 44.241.174.93: icmp_seq=28 ttl=44 time=52.4 ms
08-10 22:00:42.319 26036 27626 D cellinfo: 46 bytes from 44.241.174.93: icmp_seq=29 ttl=44 time=57.9 ms
08-10 22:00:42.519 26036 27626 D cellinfo: 46 bytes from 44.241.174.93: icmp_seq=30 ttl=44 time=57.4 ms
08-10 22:00:42.720 26036 27626 D cellinfo: 46 bytes from 44.241.174.93: icmp_seq=31 ttl=44 time=57.6 ms
08-10 22:00:42.920 26036 27626 D cellinfo: 46 bytes from 44.241.174.93: icmp_seq=32 ttl=44 time=56.7 ms
08-10 22:00:43.121 26036 27626 D cellinfo: 46 bytes from 44.241.174.93: icmp_seq=33 ttl=44 time=55.3 ms
08-10 22:00:43.308 26036 26036 D cellinfo: Latitude is 40.9788051
08-10 22:00:43.309 26036 26036 D cellinfo: Longitude is -105.3890282
08-10 22:00:43.309 26036 26036 D cellinfo: Instantaneous GPS information: United States, 33697 US-287, Livermore, CO 80536, USA
08-10 22:00:43.309 26036 26036 D cellinfo: getCurrentLocation() result: Location (success): 40.9788051, -105.3890282
08-10 22:00:43.313 26036 27626 D cellinfo: 46 bytes from 44.241.174.93: icmp_seq=34 ttl=44 time=45.8 ms
08-10 22:00:43.324 26036 26036 D cellinfo: Latitude is 40.9788051
08-10 22:00:43.324 26036 26036 D cellinfo: Longitude is -105.3890282
08-10 22:00:43.324 26036 26036 D cellinfo: Instantaneous GPS information: United States, 33697 US-287, Livermore, CO 80536, USA
08-10 22:00:43.324 26036 26036 D cellinfo: getCurrentLocation() result: Location (success): 40.9788051, -105.3890282
08-10 22:00:43.331 26036 26036 D cellinfo: Latitude is 40.9788051
08-10 22:00:43.331 26036 26036 D cellinfo: Longitude is -105.3890282
08-10 22:00:43.331 26036 26036 D cellinfo: Instantaneous GPS information: United States, 33697 US-287, Livermore, CO 80536, USA
08-10 22:00:43.331 26036 26036 D cellinfo: getCurrentLocation() result: Location (success): 40.9788051, -105.3890282
08-10 22:00:43.334 26036 26036 D cellinfo: Latitude is 40.9788051
08-10 22:00:43.334 26036 26036 D cellinfo: Longitude is -105.3890282
08-10 22:00:43.334 26036 26036 D cellinfo: Instantaneous GPS information: United States, 33697 US-287, Livermore, CO 80536, USA
08-10 22:00:43.334 26036 26036 D cellinfo: getCurrentLocation() result: Location (success): 40.9788051, -105.3890282
08-10 22:00:43.513 26036 27626 D cellinfo: 46 bytes from 44.241.174.93: icmp_seq=35 ttl=44 time=45.3 ms
08-10 22:00:43.741 26036 27626 D cellinfo: 46 bytes from 44.241.174.93: icmp_seq=36 ttl=44 time=72.5 ms
08-10 22:00:43.919 26036 27626 D cellinfo: 46 bytes from 44.241.174.93: icmp_seq=37 ttl=44 time=49.7 ms
08-10 22:00:44.025 26036 26036 D cellinfo: Latitude is 40.9788051
08-10 22:00:44.025 26036 26036 D cellinfo: Longitude is -105.3890282
08-10 22:00:44.025 26036 26036 D cellinfo: Instantaneous GPS information: United States, 33697 US-287, Livermore, CO 80536, USA
08-10 22:00:44.025 26036 26036 D cellinfo: getCurrentLocation() result: Location (success): 40.9788051, -105.3890282
08-10 22:00:44.089 26036 26036 D cellinfo: onCellInfoChanged: Operator: T-Mobile UpdateTimestamp: 14165123 CellConnectionStatus: 0
08-10 22:00:44.089 26036 26036 D cellinfo: onCellInfoChanged: LTE Cell Bands: [2] Bandwidth: 15000 Cell ID: 7915531 Physical Cell ID: 456 Tracking Area Code: 41465 EARFCN: 875
08-10 22:00:44.141 26036 27626 D cellinfo: 46 bytes from 44.241.174.93: icmp_seq=38 ttl=44 time=70.6 ms
08-10 22:00:44.342 26036 27626 D cellinfo: 46 bytes from 44.241.174.93: icmp_seq=39 ttl=44 time=69.8 ms
08-10 22:00:44.389 26036 26036 D cellinfo: Latitude is 40.9788051
08-10 22:00:44.389 26036 26036 D cellinfo: Longitude is -105.3890282
08-10 22:00:44.389 26036 26036 D cellinfo: Instantaneous GPS information: United States, 33697 US-287, Livermore, CO 80536, USA
08-10 22:00:44.390 26036 26036 D cellinfo: getCurrentLocation() result: Location (success): 40.9788051, -105.3890282
08-10 22:00:44.542 26036 27626 D cellinfo: 46 bytes from 44.241.174.93: icmp_seq=40 ttl=44 time=70.3 ms
08-10 22:00:44.742 26036 27626 D cellinfo: 46 bytes from 44.241.174.93: icmp_seq=41 ttl=44 time=68.9 ms
08-10 22:00:44.943 26036 27626 D cellinfo: 46 bytes from 44.241.174.93: icmp_seq=42 ttl=44 time=69.1 ms
08-10 22:00:45.147 26036 27626 D cellinfo: 46 bytes from 44.241.174.93: icmp_seq=43 ttl=44 time=72.5 ms
08-10 22:00:45.344 26036 27626 D cellinfo: 46 bytes from 44.241.174.93: icmp_seq=44 ttl=44 time=67.6 ms
08-10 22:00:45.395 26036 26036 D cellinfo: Latitude is 40.9786329
08-10 22:00:45.396 26036 26036 D cellinfo: Longitude is -105.3888054
08-10 22:00:45.396 26036 26036 D cellinfo: Instantaneous GPS information: United States, 33000-33694 US-287, Livermore, CO 80536, USA
08-10 22:00:45.396 26036 26036 D cellinfo: getCurrentLocation() result: Location (success): 40.9786329, -105.3888054
08-10 22:00:45.523 26036 27626 D cellinfo: 46 bytes from 44.241.174.93: icmp_seq=45 ttl=44 time=45.5 ms
08-10 22:00:45.723 26036 27626 D cellinfo: 46 bytes from 44.241.174.93: icmp_seq=46 ttl=44 time=44.3 ms
08-10 22:00:45.942 26036 27626 D cellinfo: 46 bytes from 44.241.174.93: icmp_seq=47 ttl=44 time=62.3 ms
08-10 22:00:46.150 26036 27626 D cellinfo: 46 bytes from 44.241.174.93: icmp_seq=48 ttl=44 time=70.4 ms
08-10 22:00:46.357 26036 27626 D cellinfo: 46 bytes from 44.241.174.93: icmp_seq=49 ttl=44 time=75.7 ms
08-10 22:00:46.508 26036 26036 D cellinfo: Latitude is 40.9784942
08-10 22:00:46.508 26036 26036 D cellinfo: Longitude is -105.3886266
08-10 22:00:46.508 26036 26036 D cellinfo: Instantaneous GPS information: United States, 33644 US-287, Livermore, CO 80536, USA
08-10 22:00:46.508 26036 26036 D cellinfo: getCurrentLocation() result: Location (success): 40.9784942, -105.3886266
08-10 22:00:46.511 26036 26036 D cellinfo: onCellInfoChanged: Operator: T-Mobile UpdateTimestamp: 14167189 CellConnectionStatus: 0
08-10 22:00:46.511 26036 26036 D cellinfo: onCellInfoChanged: LTE Cell Bands: [2] Bandwidth: 15000 Cell ID: 7915531 Physical Cell ID: 456 Tracking Area Code: 41465 EARFCN: 875
08-10 22:00:46.512 26036 26036 D cellinfo: onsignalStrengthsChanged: LTE Signal Strength info: rsrp: -123 rsrq: -11 rssi: -89 rssnr: 0
08-10 22:00:46.543 26036 27626 D cellinfo: 46 bytes from 44.241.174.93: icmp_seq=50 ttl=44 time=60.1 ms
08-10 22:00:46.750 26036 27626 D cellinfo: 46 bytes from 44.241.174.93: icmp_seq=51 ttl=44 time=66.2 ms
08-10 22:00:46.949 26036 27626 D cellinfo: 46 bytes from 44.241.174.93: icmp_seq=52 ttl=44 time=64.6 ms
08-10 22:00:47.145 26036 27626 D cellinfo: 46 bytes from 44.241.174.93: icmp_seq=53 ttl=44 time=58.1 ms
08-10 22:00:47.337 26036 26036 D cellinfo: Latitude is 40.9783758
08-10 22:00:47.337 26036 26036 D cellinfo: Longitude is -105.3884736
08-10 22:00:47.337 26036 26036 D cellinfo: Instantaneous GPS information: United States, 33000-33694 US-287, Livermore, CO 80536, USA
08-10 22:00:47.337 26036 26036 D cellinfo: getCurrentLocation() result: Location (success): 40.9783758, -105.3884736
08-10 22:00:47.350 26036 27626 D cellinfo: 46 bytes from 44.241.174.93: icmp_seq=54 ttl=44 time=62.2 ms
08-10 22:00:47.395 26036 26036 D cellinfo: Latitude is 40.9783758
08-10 22:00:47.395 26036 26036 D cellinfo: Longitude is -105.3884736
08-10 22:00:47.395 26036 26036 D cellinfo: Instantaneous GPS information: United States, 33000-33694 US-287, Livermore, CO 80536, USA
08-10 22:00:47.395 26036 26036 D cellinfo: getCurrentLocation() result: Location (success): 40.9783758, -105.3884736
08-10 22:00:47.551 26036 27626 D cellinfo: 46 bytes from 44.241.174.93: icmp_seq=55 ttl=44 time=62.9 ms
08-10 22:00:47.783 26036 27626 D cellinfo: 46 bytes from 44.241.174.93: icmp_seq=56 ttl=44 time=94.4 ms
08-10 22:00:47.959 26036 27626 D cellinfo: 46 bytes from 44.241.174.93: icmp_seq=57 ttl=44 time=69.0 ms
08-10 22:00:48.143 26036 27626 D cellinfo: 46 bytes from 44.241.174.93: icmp_seq=58 ttl=44 time=52.6 ms
08-10 22:00:48.354 26036 27626 D cellinfo: 46 bytes from 44.241.174.93: icmp_seq=59 ttl=44 time=62.0 ms
08-10 22:00:48.393 26036 26036 D cellinfo: Latitude is 40.9783233
08-10 22:00:48.393 26036 26036 D cellinfo: Longitude is -105.388405
08-10 22:00:48.393 26036 26036 D cellinfo: Instantaneous GPS information: United States, 33000-33694 US-287, Livermore, CO 80536, USA
08-10 22:00:48.393 26036 26036 D cellinfo: getCurrentLocation() result: Location (success): 40.9783233, -105.388405
08-10 22:00:48.542 26036 27626 D cellinfo: 46 bytes from 44.241.174.93: icmp_seq=60 ttl=44 time=49.2 ms
08-10 22:00:48.743 26036 27626 D cellinfo: 46 bytes from 44.241.174.93: icmp_seq=61 ttl=44 time=49.6 ms
08-10 22:00:48.944 26036 27626 D cellinfo: 46 bytes from 44.241.174.93: icmp_seq=62 ttl=44 time=49.3 ms
08-10 22:00:49.144 26036 27626 D cellinfo: 46 bytes from 44.241.174.93: icmp_seq=63 ttl=44 time=48.1 ms
08-10 22:00:49.359 26036 27626 D cellinfo: 46 bytes from 44.241.174.93: icmp_seq=64 ttl=44 time=62.0 ms
08-10 22:00:49.385 26036 26036 D cellinfo: Latitude is 40.9783012
08-10 22:00:49.385 26036 26036 D cellinfo: Longitude is -105.3883754
08-10 22:00:49.385 26036 26036 D cellinfo: Instantaneous GPS information: United States, 33608 US-287, Livermore, CO 80536, USA
08-10 22:00:49.385 26036 26036 D cellinfo: getCurrentLocation() result: Location (success): 40.9783012, -105.3883754
08-10 22:00:49.388 26036 26036 D cellinfo: onCellInfoChanged: Operator: T-Mobile UpdateTimestamp: 14170193 CellConnectionStatus: 0
08-10 22:00:49.388 26036 26036 D cellinfo: onCellInfoChanged: LTE Cell Bands: [2] Bandwidth: 15000 Cell ID: 7915531 Physical Cell ID: 456 Tracking Area Code: 41465 EARFCN: 875
08-10 22:00:49.551 26036 27626 D cellinfo: 46 bytes from 44.241.174.93: icmp_seq=65 ttl=44 time=53.2 ms
08-10 22:00:49.751 26036 27626 D cellinfo: 46 bytes from 44.241.174.93: icmp_seq=66 ttl=44 time=52.8 ms
08-10 22:00:49.958 26036 27626 D cellinfo: 46 bytes from 44.241.174.93: icmp_seq=67 ttl=44 time=59.6 ms
08-10 22:00:50.025 26036 26036 D cellinfo: Latitude is 40.9783143
08-10 22:00:50.025 26036 26036 D cellinfo: Longitude is -105.388391
08-10 22:00:50.025 26036 26036 D cellinfo: Instantaneous GPS information: United States, 33000-33694 US-287, Livermore, CO 80536, USA
08-10 22:00:50.025 26036 26036 D cellinfo: getCurrentLocation() result: Location (success): 40.9783143, -105.388391
08-10 22:00:50.150 26036 27626 D cellinfo: 46 bytes from 44.241.174.93: icmp_seq=68 ttl=44 time=50.3 ms
08-10 22:00:50.359 26036 27626 D cellinfo: 46 bytes from 44.241.174.93: icmp_seq=69 ttl=44 time=58.7 ms
08-10 22:00:50.389 26036 26036 D cellinfo: Latitude is 40.9783143
08-10 22:00:50.389 26036 26036 D cellinfo: Longitude is -105.388391
08-10 22:00:50.389 26036 26036 D cellinfo: Instantaneous GPS information: United States, 33000-33694 US-287, Livermore, CO 80536, USA
08-10 22:00:50.389 26036 26036 D cellinfo: getCurrentLocation() result: Location (success): 40.9783143, -105.388391
08-10 22:00:50.567 26036 27626 D cellinfo: 46 bytes from 44.241.174.93: icmp_seq=70 ttl=44 time=65.5 ms
08-10 22:00:50.781 26036 27626 D cellinfo: 46 bytes from 44.241.174.93: icmp_seq=71 ttl=44 time=78.5 ms
08-10 22:00:50.954 26036 27626 D cellinfo: 46 bytes from 44.241.174.93: icmp_seq=72 ttl=44 time=50.2 ms
08-10 22:00:51.184 26036 27626 D cellinfo: 46 bytes from 44.241.174.93: icmp_seq=73 ttl=44 time=79.7 ms
08-10 22:00:51.361 26036 27626 D cellinfo: 46 bytes from 44.241.174.93: icmp_seq=74 ttl=44 time=54.3 ms
08-10 22:00:51.533 26036 26036 D cellinfo: Latitude is 40.9783582
08-10 22:00:51.533 26036 26036 D cellinfo: Longitude is -105.3884464
08-10 22:00:51.533 26036 26036 D cellinfo: Instantaneous GPS information: United States, 33000-33694 US-287, Livermore, CO 80536, USA
08-10 22:00:51.533 26036 26036 D cellinfo: getCurrentLocation() result: Location (success): 40.9783582, -105.3884464
08-10 22:00:51.581 26036 27626 D cellinfo: 46 bytes from 44.241.174.93: icmp_seq=75 ttl=44 time=72.4 ms
08-10 22:00:51.784 26036 27626 D cellinfo: 46 bytes from 44.241.174.93: icmp_seq=76 ttl=44 time=73.8 ms
08-10 22:00:51.995 26036 27626 D cellinfo: 46 bytes from 44.241.174.93: icmp_seq=77 ttl=44 time=84.7 ms
08-10 22:00:52.205 26036 27626 D cellinfo: 46 bytes from 44.241.174.93: icmp_seq=78 ttl=44 time=93.2 ms
08-10 22:00:52.396 26036 27626 D cellinfo: 46 bytes from 44.241.174.93: icmp_seq=79 ttl=44 time=82.6 ms
08-10 22:00:52.640 26036 27626 D cellinfo: 46 bytes from 44.241.174.93: icmp_seq=80 ttl=44 time=124 ms
08-10 22:00:52.640 26036 26036 D cellinfo: Latitude is 40.9784092
08-10 22:00:52.640 26036 26036 D cellinfo: Longitude is -105.388511
08-10 22:00:52.640 26036 26036 D cellinfo: Instantaneous GPS information: United States, 33000-33694 US-287, Livermore, CO 80536, USA
08-10 22:00:52.640 26036 26036 D cellinfo: getCurrentLocation() result: Location (success): 40.9784092, -105.388511
08-10 22:00:52.642 26036 26036 D cellinfo: onCellInfoChanged: Operator: T-Mobile UpdateTimestamp: 14173193 CellConnectionStatus: 0
08-10 22:00:52.642 26036 26036 D cellinfo: onCellInfoChanged: LTE Cell Bands: [2] Bandwidth: 15000 Cell ID: 7915531 Physical Cell ID: 456 Tracking Area Code: 41465 EARFCN: 875
08-10 22:00:52.788 26036 27626 D cellinfo: 46 bytes from 44.241.174.93: icmp_seq=81 ttl=44 time=71.6 ms
08-10 22:00:52.982 26036 27626 D cellinfo: 46 bytes from 44.241.174.93: icmp_seq=82 ttl=44 time=64.4 ms
08-10 22:00:53.182 26036 27626 D cellinfo: 46 bytes from 44.241.174.93: icmp_seq=83 ttl=44 time=64.1 ms
08-10 22:00:53.383 26036 27626 D cellinfo: 46 bytes from 44.241.174.93: icmp_seq=84 ttl=44 time=64.7 ms
08-10 22:00:53.595 26036 27626 D cellinfo: 46 bytes from 44.241.174.93: icmp_seq=85 ttl=44 time=75.1 ms
08-10 22:00:53.797 26036 27626 D cellinfo: 46 bytes from 44.241.174.93: icmp_seq=86 ttl=44 time=76.9 ms
08-10 22:00:53.998 26036 27626 D cellinfo: 46 bytes from 44.241.174.93: icmp_seq=87 ttl=44 time=77.4 ms
08-10 22:00:54.241 26036 27626 D cellinfo: 46 bytes from 44.241.174.93: icmp_seq=88 ttl=44 time=119 ms
08-10 22:00:54.399 26036 27626 D cellinfo: 46 bytes from 44.241.174.93: icmp_seq=89 ttl=44 time=76.3 ms
08-10 22:00:54.591 26036 27626 D cellinfo: 46 bytes from 44.241.174.93: icmp_seq=90 ttl=44 time=67.8 ms
08-10 22:00:54.808 26036 27626 D cellinfo: 46 bytes from 44.241.174.93: icmp_seq=91 ttl=44 time=84.6 ms
08-10 22:00:54.990 26036 27626 D cellinfo: 46 bytes from 44.241.174.93: icmp_seq=92 ttl=44 time=66.0 ms
08-10 22:00:55.194 26036 27626 D cellinfo: 46 bytes from 44.241.174.93: icmp_seq=93 ttl=44 time=67.5 ms
08-10 22:00:55.347 26036 26036 D cellinfo: Latitude is 40.9757715
08-10 22:00:55.347 26036 26036 D cellinfo: Longitude is -105.3857126
08-10 22:00:55.347 26036 26036 D cellinfo: Instantaneous GPS information: United States, 33000-33694 US-287, Livermore, CO 80536, USA
08-10 22:00:55.347 26036 26036 D cellinfo: getCurrentLocation() result: Location (success): 40.9757715, -105.3857126
08-10 22:00:55.368 26036 26036 D cellinfo: Latitude is 40.9757715
08-10 22:00:55.368 26036 26036 D cellinfo: Longitude is -105.3857126
08-10 22:00:55.368 26036 26036 D cellinfo: Instantaneous GPS information: United States, 33000-33694 US-287, Livermore, CO 80536, USA
08-10 22:00:55.368 26036 26036 D cellinfo: getCurrentLocation() result: Location (success): 40.9757715, -105.3857126
08-10 22:00:55.372 26036 26036 D cellinfo: Latitude is 40.9757715
08-10 22:00:55.372 26036 26036 D cellinfo: Longitude is -105.3857126
08-10 22:00:55.372 26036 26036 D cellinfo: Instantaneous GPS information: United States, 33000-33694 US-287, Livermore, CO 80536, USA
08-10 22:00:55.372 26036 26036 D cellinfo: getCurrentLocation() result: Location (success): 40.9757715, -105.3857126
08-10 22:00:55.375 26036 26036 D cellinfo: Latitude is 40.9757715
08-10 22:00:55.375 26036 26036 D cellinfo: Longitude is -105.3857126
08-10 22:00:55.375 26036 26036 D cellinfo: Instantaneous GPS information: United States, 33000-33694 US-287, Livermore, CO 80536, USA
08-10 22:00:55.375 26036 26036 D cellinfo: getCurrentLocation() result: Location (success): 40.9757715, -105.3857126
08-10 22:00:55.480 26036 27626 D cellinfo: 46 bytes from 44.241.174.93: icmp_seq=94 ttl=44 time=151 ms
08-10 22:00:55.598 26036 27626 D cellinfo: 46 bytes from 44.241.174.93: icmp_seq=95 ttl=44 time=69.4 ms
08-10 22:00:55.796 26036 27626 D cellinfo: 46 bytes from 44.241.174.93: icmp_seq=96 ttl=44 time=65.8 ms
08-10 22:00:56.026 26036 26036 D cellinfo: Latitude is 40.9757715
08-10 22:00:56.026 26036 26036 D cellinfo: Longitude is -105.3857126
08-10 22:00:56.026 26036 26036 D cellinfo: Instantaneous GPS information: United States, 33000-33694 US-287, Livermore, CO 80536, USA
08-10 22:00:56.026 26036 26036 D cellinfo: getCurrentLocation() result: Location (success): 40.9757715, -105.3857126
08-10 22:00:56.061 26036 27626 D cellinfo: 46 bytes from 44.241.174.93: icmp_seq=97 ttl=44 time=130 ms
08-10 22:00:56.099 26036 26036 D cellinfo: onCellInfoChanged: Operator: T-Mobile UpdateTimestamp: 14177125 CellConnectionStatus: 0
08-10 22:00:56.099 26036 26036 D cellinfo: onCellInfoChanged: LTE Cell Bands: [2] Bandwidth: 15000 Cell ID: 7915531 Physical Cell ID: 456 Tracking Area Code: 41465 EARFCN: 875
08-10 22:00:56.262 26036 27626 D cellinfo: 46 bytes from 44.241.174.93: icmp_seq=98 ttl=44 time=131 ms
08-10 22:00:56.384 26036 26036 D cellinfo: Latitude is 40.9757715
08-10 22:00:56.384 26036 26036 D cellinfo: Longitude is -105.3857126
08-10 22:00:56.384 26036 26036 D cellinfo: Instantaneous GPS information: United States, 33000-33694 US-287, Livermore, CO 80536, USA
08-10 22:00:56.384 26036 26036 D cellinfo: getCurrentLocation() result: Location (success): 40.9757715, -105.3857126
08-10 22:00:56.428 26036 27626 D cellinfo: 46 bytes from 44.241.174.93: icmp_seq=99 ttl=44 time=96.0 ms
08-10 22:00:56.662 26036 27626 D cellinfo: 46 bytes from 44.241.174.93: icmp_seq=100 ttl=44 time=129 ms
08-10 22:00:56.810 26036 27626 D cellinfo: 46 bytes from 44.241.174.93: icmp_seq=101 ttl=44 time=76.4 ms
08-10 22:00:57.002 26036 27626 D cellinfo: 46 bytes from 44.241.174.93: icmp_seq=102 ttl=44 time=67.7 ms
08-10 22:00:57.231 26036 27626 D cellinfo: 46 bytes from 44.241.174.93: icmp_seq=103 ttl=44 time=95.3 ms
08-10 22:00:57.405 26036 27626 D cellinfo: 46 bytes from 44.241.174.93: icmp_seq=104 ttl=44 time=67.7 ms
08-10 22:00:57.529 26036 26036 D cellinfo: Latitude is 40.9755671
08-10 22:00:57.529 26036 26036 D cellinfo: Longitude is -105.3855086
08-10 22:00:57.529 26036 26036 D cellinfo: Instantaneous GPS information: United States, 33000-33694 US-287, Livermore, CO 80536, USA
08-10 22:00:57.529 26036 26036 D cellinfo: getCurrentLocation() result: Location (success): 40.9755671, -105.3855086
08-10 22:00:57.630 26036 27626 D cellinfo: 46 bytes from 44.241.174.93: icmp_seq=105 ttl=44 time=92.8 ms
08-10 22:00:57.790 26036 27626 D cellinfo: 46 bytes from 44.241.174.93: icmp_seq=106 ttl=44 time=52.2 ms
