08-10 15:04:08.831 10557 12571 D cellinfo: 46 bytes from 44.241.174.93: icmp_seq=817 ttl=20 time=104 ms
08-10 15:04:09.026 10557 12571 D cellinfo: 46 bytes from 44.241.174.93: icmp_seq=818 ttl=20 time=99.5 ms
08-10 15:04:09.225 10557 12571 D cellinfo: 46 bytes from 44.241.174.93: icmp_seq=819 ttl=20 time=98.8 ms
08-10 15:04:09.425 10557 12571 D cellinfo: 46 bytes from 44.241.174.93: icmp_seq=820 ttl=20 time=98.4 ms
08-10 15:04:09.628 10557 12571 D cellinfo: 46 bytes from 44.241.174.93: icmp_seq=821 ttl=20 time=100 ms
08-10 15:04:09.825 10557 12571 D cellinfo: 46 bytes from 44.241.174.93: icmp_seq=822 ttl=20 time=96.6 ms
08-10 15:04:10.026 10557 12571 D cellinfo: 46 bytes from 44.241.174.93: icmp_seq=823 ttl=20 time=96.5 ms
08-10 15:04:10.248 10557 12571 D cellinfo: 46 bytes from 44.241.174.93: icmp_seq=824 ttl=20 time=118 ms
08-10 15:04:10.425 10557 12571 D cellinfo: 46 bytes from 44.241.174.93: icmp_seq=825 ttl=20 time=95.4 ms
08-10 15:04:10.647 10557 12571 D cellinfo: 46 bytes from 44.241.174.93: icmp_seq=826 ttl=20 time=115 ms
08-10 15:04:10.826 10557 12571 D cellinfo: 46 bytes from 44.241.174.93: icmp_seq=827 ttl=20 time=94.3 ms
08-10 15:04:11.025 10557 12571 D cellinfo: 46 bytes from 44.241.174.93: icmp_seq=828 ttl=20 time=92.7 ms
08-10 15:04:11.243 10557 12571 D cellinfo: 46 bytes from 44.241.174.93: icmp_seq=829 ttl=20 time=112 ms
08-10 15:04:11.427 10557 12571 D cellinfo: 46 bytes from 44.241.174.93: icmp_seq=830 ttl=20 time=94.9 ms
08-10 15:04:11.435 10557 10557 D cellinfo: onCellInfoChanged: Operator: T-Mobile UpdateTimestamp: 292431 CellConnectionStatus: 0
08-10 15:04:11.435 10557 10557 D cellinfo: onCellInfoChanged: LTE Cell Bands: [2] Bandwidth: 15000 Cell ID: 21559051 Physical Cell ID: 176 Tracking Area Code: 11620 EARFCN: 675
08-10 15:04:11.593 10557 10557 D cellinfo: onsignalStrengthsChanged: LTE Signal Strength info: rsrp: -98 rsrq: -13 rssi: -67 rssnr: 13
08-10 15:04:11.593 10557 10557 D cellinfo: onsignalStrengthsChanged: 5G-NR Signal Strength info: ssrsrp: -81 ssrsrq: -11 sssinr: 2147483647
08-10 15:04:11.626 10557 12571 D cellinfo: 46 bytes from 44.241.174.93: icmp_seq=831 ttl=20 time=93.5 ms
08-10 15:04:11.824 10557 12571 D cellinfo: 46 bytes from 44.241.174.93: icmp_seq=832 ttl=20 time=91.1 ms
08-10 15:04:12.025 10557 12571 D cellinfo: 46 bytes from 44.241.174.93: icmp_seq=833 ttl=20 time=91.1 ms
08-10 15:04:12.247 10557 12571 D cellinfo: 46 bytes from 44.241.174.93: icmp_seq=834 ttl=20 time=113 ms
08-10 15:04:12.429 10557 12571 D cellinfo: 46 bytes from 44.241.174.93: icmp_seq=835 ttl=20 time=95.2 ms
08-10 15:04:12.645 10557 12571 D cellinfo: 46 bytes from 44.241.174.93: icmp_seq=836 ttl=20 time=110 ms
08-10 15:04:12.826 10557 12571 D cellinfo: 46 bytes from 44.241.174.93: icmp_seq=837 ttl=20 time=90.1 ms
08-10 15:04:13.046 10557 12571 D cellinfo: 46 bytes from 44.241.174.93: icmp_seq=838 ttl=20 time=109 ms
08-10 15:04:13.227 10557 12571 D cellinfo: 46 bytes from 44.241.174.93: icmp_seq=839 ttl=20 time=91.4 ms
08-10 15:04:13.427 10557 12571 D cellinfo: 46 bytes from 44.241.174.93: icmp_seq=840 ttl=20 time=89.9 ms
08-10 15:04:13.516 10557 10557 D cellinfo: Latitude is 40.7128771
08-10 15:04:13.516 10557 10557 D cellinfo: Longitude is -111.8708343
08-10 15:04:13.516 10557 10557 D cellinfo: Instantaneous GPS information: United States, 2685 700 E, Salt Lake City, UT 84106, USA
08-10 15:04:13.516 10557 10557 D cellinfo: getCurrentLocation() result: Location (success): 40.7128771, -111.8708343
08-10 15:04:13.560 10557 10557 D cellinfo: onCellInfoChanged: Operator: T-Mobile UpdateTimestamp: 294553 CellConnectionStatus: 0
08-10 15:04:13.560 10557 10557 D cellinfo: onCellInfoChanged: LTE Cell Bands: [2] Bandwidth: 15000 Cell ID: 21559051 Physical Cell ID: 176 Tracking Area Code: 11620 EARFCN: 675
08-10 15:04:13.647 10557 12571 D cellinfo: 46 bytes from 44.241.174.93: icmp_seq=841 ttl=20 time=108 ms
08-10 15:04:13.830 10557 12571 D cellinfo: 46 bytes from 44.241.174.93: icmp_seq=842 ttl=20 time=91.7 ms
08-10 15:04:14.035 10557 12571 D cellinfo: 46 bytes from 44.241.174.93: icmp_seq=843 ttl=20 time=95.3 ms
08-10 15:04:14.253 10557 12571 D cellinfo: 46 bytes from 44.241.174.93: icmp_seq=844 ttl=20 time=113 ms
08-10 15:04:14.412 10557 10557 D cellinfo: Latitude is 40.7128772
08-10 15:04:14.412 10557 10557 D cellinfo: Longitude is -111.8708346
08-10 15:04:14.412 10557 10557 D cellinfo: Instantaneous GPS information: United States, 2685 700 E, Salt Lake City, UT 84106, USA
08-10 15:04:14.412 10557 10557 D cellinfo: getCurrentLocation() result: Location (success): 40.7128772, -111.8708346
08-10 15:04:14.442 10557 12571 D cellinfo: 46 bytes from 44.241.174.93: icmp_seq=845 ttl=20 time=102 ms
08-10 15:04:14.593 10557 10557 D cellinfo: onsignalStrengthsChanged: LTE Signal Strength info: rsrp: -96 rsrq: -14 rssi: -63 rssnr: 14
08-10 15:04:14.593 10557 10557 D cellinfo: onsignalStrengthsChanged: 5G-NR Signal Strength info: ssrsrp: -81 ssrsrq: -11 sssinr: 2147483647
08-10 15:04:14.626 10557 12571 D cellinfo: 46 bytes from 44.241.174.93: icmp_seq=846 ttl=20 time=84.8 ms
08-10 15:04:14.784 10557 10557 D cellinfo: onsignalStrengthsChanged: LTE Signal Strength info: rsrp: -96 rsrq: -14 rssi: -63 rssnr: 14
08-10 15:04:14.784 10557 10557 D cellinfo: onsignalStrengthsChanged: 5G-NR Signal Strength info: ssrsrp: -80 ssrsrq: -11 sssinr: 2147483647
08-10 15:04:14.846 10557 12571 D cellinfo: 46 bytes from 44.241.174.93: icmp_seq=847 ttl=20 time=105 ms
08-10 15:04:15.045 10557 12571 D cellinfo: 46 bytes from 44.241.174.93: icmp_seq=848 ttl=20 time=102 ms
08-10 15:04:15.227 10557 12571 D cellinfo: 46 bytes from 44.241.174.93: icmp_seq=849 ttl=20 time=85.0 ms
08-10 15:04:15.446 10557 12571 D cellinfo: 46 bytes from 44.241.174.93: icmp_seq=850 ttl=20 time=103 ms
08-10 15:04:15.635 10557 12571 D cellinfo: 46 bytes from 44.241.174.93: icmp_seq=851 ttl=20 time=91.7 ms
08-10 15:04:15.846 10557 12571 D cellinfo: 46 bytes from 44.241.174.93: icmp_seq=852 ttl=20 time=102 ms
08-10 15:04:16.048 10557 12571 D cellinfo: 46 bytes from 44.241.174.93: icmp_seq=853 ttl=20 time=103 ms
08-10 15:04:16.259 10557 12571 D cellinfo: 46 bytes from 44.241.174.93: icmp_seq=854 ttl=20 time=114 ms
08-10 15:04:16.448 10557 12571 D cellinfo: 46 bytes from 44.241.174.93: icmp_seq=855 ttl=20 time=102 ms
08-10 15:04:16.649 10557 12571 D cellinfo: 46 bytes from 44.241.174.93: icmp_seq=856 ttl=20 time=102 ms
08-10 15:04:16.846 10557 12571 D cellinfo: 46 bytes from 44.241.174.93: icmp_seq=857 ttl=20 time=98.3 ms
08-10 15:04:17.048 10557 12571 D cellinfo: 46 bytes from 44.241.174.93: icmp_seq=858 ttl=20 time=99.1 ms
08-10 15:04:17.249 10557 12571 D cellinfo: 46 bytes from 44.241.174.93: icmp_seq=859 ttl=20 time=99.8 ms
08-10 15:04:17.411 10557 10557 D cellinfo: Latitude is 40.7128779
08-10 15:04:17.411 10557 10557 D cellinfo: Longitude is -111.8708427
08-10 15:04:17.411 10557 10557 D cellinfo: Instantaneous GPS information: United States, 2685 700 E, Salt Lake City, UT 84106, USA
08-10 15:04:17.411 10557 10557 D cellinfo: getCurrentLocation() result: Location (success): 40.7128779, -111.8708427
08-10 15:04:17.457 10557 10557 D cellinfo: onCellInfoChanged: Operator: T-Mobile UpdateTimestamp: 298445 CellConnectionStatus: 0
08-10 15:04:17.457 10557 10557 D cellinfo: onCellInfoChanged: LTE Cell Bands: [2] Bandwidth: 15000 Cell ID: 21559051 Physical Cell ID: 176 Tracking Area Code: 11620 EARFCN: 675
08-10 15:04:17.464 10557 12571 D cellinfo: 46 bytes from 44.241.174.93: icmp_seq=860 ttl=20 time=114 ms
08-10 15:04:17.594 10557 10557 D cellinfo: onsignalStrengthsChanged: LTE Signal Strength info: rsrp: -95 rsrq: -13 rssi: -63 rssnr: 16
08-10 15:04:17.594 10557 10557 D cellinfo: onsignalStrengthsChanged: 5G-NR Signal Strength info: ssrsrp: -80 ssrsrq: -11 sssinr: 2147483647
08-10 15:04:17.646 10557 12571 D cellinfo: 46 bytes from 44.241.174.93: icmp_seq=861 ttl=20 time=96.0 ms
08-10 15:04:17.784 10557 10557 D cellinfo: onsignalStrengthsChanged: LTE Signal Strength info: rsrp: -95 rsrq: -13 rssi: -63 rssnr: 16
08-10 15:04:17.784 10557 10557 D cellinfo: onsignalStrengthsChanged: 5G-NR Signal Strength info: ssrsrp: -79 ssrsrq: -11 sssinr: 2147483647
08-10 15:04:17.847 10557 12571 D cellinfo: 46 bytes from 44.241.174.93: icmp_seq=862 ttl=20 time=96.1 ms
08-10 15:04:18.056 10557 12571 D cellinfo: 46 bytes from 44.241.174.93: icmp_seq=863 ttl=20 time=104 ms
08-10 15:04:18.250 10557 12571 D cellinfo: 46 bytes from 44.241.174.93: icmp_seq=864 ttl=20 time=98.1 ms
08-10 15:04:18.468 10557 12571 D cellinfo: 46 bytes from 44.241.174.93: icmp_seq=865 ttl=20 time=114 ms
08-10 15:04:18.658 10557 12571 D cellinfo: 46 bytes from 44.241.174.93: icmp_seq=866 ttl=20 time=104 ms
08-10 15:04:18.845 10557 12571 D cellinfo: 46 bytes from 44.241.174.93: icmp_seq=867 ttl=20 time=90.9 ms
08-10 15:04:19.074 10557 12571 D cellinfo: 46 bytes from 44.241.174.93: icmp_seq=868 ttl=20 time=118 ms
08-10 15:04:19.243 10557 12571 D cellinfo: 46 bytes from 44.241.174.93: icmp_seq=869 ttl=20 time=89.4 ms
08-10 15:04:19.473 10557 12571 D cellinfo: 46 bytes from 44.241.174.93: icmp_seq=870 ttl=20 time=118 ms
08-10 15:04:19.642 10557 12571 D cellinfo: 46 bytes from 44.241.174.93: icmp_seq=871 ttl=20 time=86.9 ms
08-10 15:04:19.865 10557 12571 D cellinfo: 46 bytes from 44.241.174.93: icmp_seq=872 ttl=20 time=109 ms
08-10 15:04:20.043 10557 12571 D cellinfo: 46 bytes from 44.241.174.93: icmp_seq=873 ttl=20 time=85.8 ms
08-10 15:04:20.265 10557 12571 D cellinfo: 46 bytes from 44.241.174.93: icmp_seq=874 ttl=20 time=109 ms
08-10 15:04:20.414 10557 10557 D cellinfo: Latitude is 40.71288
08-10 15:04:20.415 10557 10557 D cellinfo: Longitude is -111.8708696
08-10 15:04:20.415 10557 10557 D cellinfo: Instantaneous GPS information: United States, 2685 700 E, Salt Lake City, UT 84106, USA
08-10 15:04:20.415 10557 10557 D cellinfo: getCurrentLocation() result: Location (success): 40.71288, -111.8708696
08-10 15:04:20.443 10557 12571 D cellinfo: 46 bytes from 44.241.174.93: icmp_seq=875 ttl=20 time=86.4 ms
08-10 15:04:20.461 10557 10557 D cellinfo: onCellInfoChanged: Operator: T-Mobile UpdateTimestamp: 301455 CellConnectionStatus: 0
08-10 15:04:20.461 10557 10557 D cellinfo: onCellInfoChanged: LTE Cell Bands: [2] Bandwidth: 15000 Cell ID: 21559051 Physical Cell ID: 176 Tracking Area Code: 11620 EARFCN: 675
08-10 15:04:20.595 10557 10557 D cellinfo: onsignalStrengthsChanged: LTE Signal Strength info: rsrp: -96 rsrq: -10 rssi: -67 rssnr: 15
08-10 15:04:20.595 10557 10557 D cellinfo: onsignalStrengthsChanged: 5G-NR Signal Strength info: ssrsrp: -79 ssrsrq: -11 sssinr: 2147483647
08-10 15:04:20.665 10557 12571 D cellinfo: 46 bytes from 44.241.174.93: icmp_seq=876 ttl=20 time=106 ms
08-10 15:04:20.784 10557 10557 D cellinfo: onsignalStrengthsChanged: LTE Signal Strength info: rsrp: -96 rsrq: -10 rssi: -67 rssnr: 15
08-10 15:04:20.784 10557 10557 D cellinfo: onsignalStrengthsChanged: 5G-NR Signal Strength info: ssrsrp: -78 ssrsrq: -11 sssinr: 2147483647
08-10 15:04:20.843 10557 12571 D cellinfo: 46 bytes from 44.241.174.93: icmp_seq=877 ttl=20 time=83.7 ms
08-10 15:04:21.065 10557 12571 D cellinfo: 46 bytes from 44.241.174.93: icmp_seq=878 ttl=20 time=104 ms
08-10 15:04:21.254 10557 12571 D cellinfo: 46 bytes from 44.241.174.93: icmp_seq=879 ttl=20 time=92.9 ms
08-10 15:04:21.443 10557 12571 D cellinfo: 46 bytes from 44.241.174.93: icmp_seq=880 ttl=20 time=82.0 ms
08-10 15:04:21.673 10557 12571 D cellinfo: 46 bytes from 44.241.174.93: icmp_seq=881 ttl=20 time=110 ms
08-10 15:04:21.844 10557 12571 D cellinfo: 46 bytes from 44.241.174.93: icmp_seq=882 ttl=20 time=81.9 ms
08-10 15:04:22.068 10557 12571 D cellinfo: 46 bytes from 44.241.174.93: icmp_seq=883 ttl=20 time=106 ms
08-10 15:04:22.251 10557 12571 D cellinfo: 46 bytes from 44.241.174.93: icmp_seq=884 ttl=20 time=88.7 ms
08-10 15:04:22.444 10557 12571 D cellinfo: 46 bytes from 44.241.174.93: icmp_seq=885 ttl=20 time=81.9 ms
08-10 15:04:22.668 10557 12571 D cellinfo: 46 bytes from 44.241.174.93: icmp_seq=886 ttl=20 time=106 ms
08-10 15:04:22.843 10557 12571 D cellinfo: 46 bytes from 44.241.174.93: icmp_seq=887 ttl=20 time=79.7 ms
08-10 15:04:23.065 10557 12571 D cellinfo: 46 bytes from 44.241.174.93: icmp_seq=888 ttl=20 time=101 ms
08-10 15:04:23.266 10557 12571 D cellinfo: 46 bytes from 44.241.174.93: icmp_seq=889 ttl=20 time=101 ms
08-10 15:04:23.409 10557 10557 D cellinfo: Latitude is 40.7128811
08-10 15:04:23.409 10557 10557 D cellinfo: Longitude is -111.870882
08-10 15:04:23.409 10557 10557 D cellinfo: Instantaneous GPS information: United States, 2685 700 E, Salt Lake City, UT 84106, USA
08-10 15:04:23.409 10557 10557 D cellinfo: getCurrentLocation() result: Location (success): 40.7128811, -111.870882
08-10 15:04:23.460 10557 10557 D cellinfo: onCellInfoChanged: Operator: T-Mobile UpdateTimestamp: 304450 CellConnectionStatus: 0
08-10 15:04:23.460 10557 10557 D cellinfo: onCellInfoChanged: LTE Cell Bands: [2] Bandwidth: 15000 Cell ID: 21559051 Physical Cell ID: 176 Tracking Area Code: 11620 EARFCN: 675
08-10 15:04:23.463 10557 12571 D cellinfo: 46 bytes from 44.241.174.93: icmp_seq=890 ttl=20 time=99.2 ms
08-10 15:04:23.592 10557 10557 D cellinfo: onsignalStrengthsChanged: LTE Signal Strength info: rsrp: -93 rsrq: -11 rssi: -61 rssnr: 19
08-10 15:04:23.592 10557 10557 D cellinfo: onsignalStrengthsChanged: 5G-NR Signal Strength info: ssrsrp: -78 ssrsrq: -11 sssinr: 2147483647
08-10 15:04:23.665 10557 12571 D cellinfo: 46 bytes from 44.241.174.93: icmp_seq=891 ttl=20 time=100 ms
08-10 15:04:23.864 10557 12571 D cellinfo: 46 bytes from 44.241.174.93: icmp_seq=892 ttl=20 time=98.0 ms
08-10 15:04:24.063 10557 12571 D cellinfo: 46 bytes from 44.241.174.93: icmp_seq=893 ttl=20 time=97.0 ms
08-10 15:04:24.265 10557 12571 D cellinfo: 46 bytes from 44.241.174.93: icmp_seq=894 ttl=20 time=99.0 ms
08-10 15:04:24.474 10557 12571 D cellinfo: 46 bytes from 44.241.174.93: icmp_seq=895 ttl=20 time=107 ms
08-10 15:04:24.664 10557 12571 D cellinfo: 46 bytes from 44.241.174.93: icmp_seq=896 ttl=20 time=97.2 ms
08-10 15:04:24.867 10557 12571 D cellinfo: 46 bytes from 44.241.174.93: icmp_seq=897 ttl=20 time=99.8 ms
08-10 15:04:25.065 10557 12571 D cellinfo: 46 bytes from 44.241.174.93: icmp_seq=898 ttl=20 time=97.3 ms
08-10 15:04:25.272 10557 12571 D cellinfo: 46 bytes from 44.241.174.93: icmp_seq=899 ttl=20 time=104 ms
08-10 15:04:25.464 10557 12571 D cellinfo: 46 bytes from 44.241.174.93: icmp_seq=900 ttl=20 time=96.1 ms
08-10 15:04:25.667 10557 12571 D cellinfo: 46 bytes from 44.241.174.93: icmp_seq=901 ttl=20 time=98.7 ms
08-10 15:04:25.864 10557 12571 D cellinfo: 46 bytes from 44.241.174.93: icmp_seq=902 ttl=20 time=95.1 ms
08-10 15:04:26.064 10557 12571 D cellinfo: 46 bytes from 44.241.174.93: icmp_seq=903 ttl=20 time=94.5 ms
08-10 15:04:26.266 10557 12571 D cellinfo: 46 bytes from 44.241.174.93: icmp_seq=904 ttl=20 time=96.2 ms
08-10 15:04:26.456 10557 10557 D cellinfo: onCellInfoChanged: Operator: T-Mobile UpdateTimestamp: 307449 CellConnectionStatus: 0
08-10 15:04:26.456 10557 10557 D cellinfo: onCellInfoChanged: LTE Cell Bands: [2] Bandwidth: 15000 Cell ID: 21559051 Physical Cell ID: 176 Tracking Area Code: 11620 EARFCN: 675
08-10 15:04:26.466 10557 12571 D cellinfo: 46 bytes from 44.241.174.93: icmp_seq=905 ttl=20 time=95.7 ms
08-10 15:04:26.593 10557 10557 D cellinfo: onsignalStrengthsChanged: LTE Signal Strength info: rsrp: -95 rsrq: -13 rssi: -61 rssnr: 16
08-10 15:04:26.593 10557 10557 D cellinfo: onsignalStrengthsChanged: 5G-NR Signal Strength info: ssrsrp: -78 ssrsrq: -11 sssinr: 2147483647
08-10 15:04:26.664 10557 12571 D cellinfo: 46 bytes from 44.241.174.93: icmp_seq=906 ttl=20 time=92.9 ms
08-10 15:04:26.865 10557 12571 D cellinfo: 46 bytes from 44.241.174.93: icmp_seq=907 ttl=20 time=93.5 ms
08-10 15:04:27.065 10557 12571 D cellinfo: 46 bytes from 44.241.174.93: icmp_seq=908 ttl=20 time=92.5 ms
08-10 15:04:27.265 10557 12571 D cellinfo: 46 bytes from 44.241.174.93: icmp_seq=909 ttl=20 time=91.3 ms
08-10 15:04:27.466 10557 12571 D cellinfo: 46 bytes from 44.241.174.93: icmp_seq=910 ttl=20 time=91.6 ms
08-10 15:04:27.665 10557 12571 D cellinfo: 46 bytes from 44.241.174.93: icmp_seq=911 ttl=20 time=89.7 ms
08-10 15:04:27.885 10557 12571 D cellinfo: 46 bytes from 44.241.174.93: icmp_seq=912 ttl=20 time=108 ms
08-10 15:04:28.064 10557 12571 D cellinfo: 46 bytes from 44.241.174.93: icmp_seq=913 ttl=20 time=87.2 ms
08-10 15:04:28.265 10557 12571 D cellinfo: 46 bytes from 44.241.174.93: icmp_seq=914 ttl=20 time=88.8 ms
08-10 15:04:28.464 10557 12571 D cellinfo: 46 bytes from 44.241.174.93: icmp_seq=915 ttl=20 time=88.0 ms
08-10 15:04:28.682 10557 12571 D cellinfo: 46 bytes from 44.241.174.93: icmp_seq=916 ttl=20 time=105 ms
08-10 15:04:28.864 10557 12571 D cellinfo: 46 bytes from 44.241.174.93: icmp_seq=917 ttl=20 time=86.0 ms
08-10 15:04:29.066 10557 12571 D cellinfo: 46 bytes from 44.241.174.93: icmp_seq=918 ttl=20 time=88.0 ms
08-10 15:04:29.276 10557 10557 D cellinfo: Latitude is 40.7128713
08-10 15:04:29.276 10557 10557 D cellinfo: Longitude is -111.8707971
08-10 15:04:29.276 10557 10557 D cellinfo: Instantaneous GPS information: United States, 2685 UT-71, Salt Lake City, UT 84106, USA
08-10 15:04:29.276 10557 10557 D cellinfo: getCurrentLocation() result: Location (success): 40.7128713, -111.8707971
08-10 15:04:29.283 10557 12571 D cellinfo: 46 bytes from 44.241.174.93: icmp_seq=919 ttl=20 time=105 ms
08-10 15:04:29.377 10557 10557 D cellinfo: onCellInfoChanged: Operator: T-Mobile UpdateTimestamp: 310370 CellConnectionStatus: 0
08-10 15:04:29.377 10557 10557 D cellinfo: onCellInfoChanged: LTE Cell Bands: [2] Bandwidth: 15000 Cell ID: 21559051 Physical Cell ID: 176 Tracking Area Code: 11620 EARFCN: 675
08-10 15:04:29.401 10557 10557 D cellinfo: Latitude is 40.7128713
08-10 15:04:29.402 10557 10557 D cellinfo: Longitude is -111.8707971
08-10 15:04:29.402 10557 10557 D cellinfo: Instantaneous GPS information: United States, 2685 UT-71, Salt Lake City, UT 84106, USA
08-10 15:04:29.402 10557 10557 D cellinfo: getCurrentLocation() result: Location (success): 40.7128713, -111.8707971
08-10 15:04:29.463 10557 12571 D cellinfo: 46 bytes from 44.241.174.93: icmp_seq=920 ttl=20 time=85.7 ms
08-10 15:04:29.568 10557 10557 D cellinfo: onsignalStrengthsChanged: LTE Signal Strength info: rsrp: -94 rsrq: -11 rssi: -65 rssnr: 17
08-10 15:04:29.568 10557 10557 D cellinfo: onsignalStrengthsChanged: 5G-NR Signal Strength info: ssrsrp: -78 ssrsrq: -11 sssinr: 2147483647
08-10 15:04:29.685 10557 12571 D cellinfo: 46 bytes from 44.241.174.93: icmp_seq=921 ttl=20 time=105 ms
08-10 15:04:29.865 10557 12571 D cellinfo: 46 bytes from 44.241.174.93: icmp_seq=922 ttl=20 time=85.7 ms
08-10 15:04:30.085 10557 12571 D cellinfo: 46 bytes from 44.241.174.93: icmp_seq=923 ttl=20 time=103 ms
08-10 15:04:30.284 10557 12571 D cellinfo: 46 bytes from 44.241.174.93: icmp_seq=924 ttl=20 time=104 ms
08-10 15:04:30.483 10557 12571 D cellinfo: 46 bytes from 44.241.174.93: icmp_seq=925 ttl=20 time=101 ms
08-10 15:04:30.665 10557 12571 D cellinfo: 46 bytes from 44.241.174.93: icmp_seq=926 ttl=20 time=83.3 ms
08-10 15:04:30.885 10557 12571 D cellinfo: 46 bytes from 44.241.174.93: icmp_seq=927 ttl=20 time=101 ms
08-10 15:04:31.085 10557 12571 D cellinfo: 46 bytes from 44.241.174.93: icmp_seq=928 ttl=20 time=101 ms
08-10 15:04:31.285 10557 12571 D cellinfo: 46 bytes from 44.241.174.93: icmp_seq=929 ttl=20 time=102 ms
08-10 15:04:31.484 10557 12571 D cellinfo: 46 bytes from 44.241.174.93: icmp_seq=930 ttl=20 time=100 ms
08-10 15:04:31.683 10557 12571 D cellinfo: 46 bytes from 44.241.174.93: icmp_seq=931 ttl=20 time=99.2 ms
08-10 15:04:31.885 10557 12571 D cellinfo: 46 bytes from 44.241.174.93: icmp_seq=932 ttl=20 time=100 ms
08-10 15:04:32.085 10557 12571 D cellinfo: 46 bytes from 44.241.174.93: icmp_seq=933 ttl=20 time=99.2 ms
08-10 15:04:32.286 10557 12571 D cellinfo: 46 bytes from 44.241.174.93: icmp_seq=934 ttl=20 time=100 ms
08-10 15:04:32.410 10557 10557 D cellinfo: Latitude is 40.7128711
08-10 15:04:32.410 10557 10557 D cellinfo: Longitude is -111.8707956
08-10 15:04:32.411 10557 10557 D cellinfo: Instantaneous GPS information: United States, 2685 UT-71, Salt Lake City, UT 84106, USA
08-10 15:04:32.411 10557 10557 D cellinfo: getCurrentLocation() result: Location (success): 40.7128711, -111.8707956
08-10 15:04:32.458 10557 10557 D cellinfo: onCellInfoChanged: Operator: T-Mobile UpdateTimestamp: 313450 CellConnectionStatus: 0
08-10 15:04:32.458 10557 10557 D cellinfo: onCellInfoChanged: LTE Cell Bands: [2] Bandwidth: 15000 Cell ID: 21559051 Physical Cell ID: 176 Tracking Area Code: 11620 EARFCN: 675
08-10 15:04:32.492 10557 12571 D cellinfo: 46 bytes from 44.241.174.93: icmp_seq=935 ttl=20 time=105 ms
08-10 15:04:32.595 10557 10557 D cellinfo: onsignalStrengthsChanged: LTE Signal Strength info: rsrp: -96 rsrq: -13 rssi: -65 rssnr: 15
08-10 15:04:32.595 10557 10557 D cellinfo: onsignalStrengthsChanged: 5G-NR Signal Strength info: ssrsrp: -78 ssrsrq: -11 sssinr: 2147483647
08-10 15:04:32.683 10557 12571 D cellinfo: 46 bytes from 44.241.174.93: icmp_seq=936 ttl=20 time=95.5 ms
08-10 15:04:32.891 10557 12571 D cellinfo: 46 bytes from 44.241.174.93: icmp_seq=937 ttl=20 time=101 ms
08-10 15:04:33.085 10557 12571 D cellinfo: 46 bytes from 44.241.174.93: icmp_seq=938 ttl=20 time=94.7 ms
08-10 15:04:33.283 10557 12571 D cellinfo: 46 bytes from 44.241.174.93: icmp_seq=939 ttl=20 time=93.1 ms
08-10 15:04:33.483 10557 12571 D cellinfo: 46 bytes from 44.241.174.93: icmp_seq=940 ttl=20 time=92.5 ms
08-10 15:04:33.683 10557 12571 D cellinfo: 46 bytes from 44.241.174.93: icmp_seq=941 ttl=20 time=91.5 ms
08-10 15:04:33.884 10557 12571 D cellinfo: 46 bytes from 44.241.174.93: icmp_seq=942 ttl=20 time=90.9 ms
08-10 15:04:34.084 10557 12571 D cellinfo: 46 bytes from 44.241.174.93: icmp_seq=943 ttl=20 time=90.4 ms
08-10 15:04:34.303 10557 12571 D cellinfo: 46 bytes from 44.241.174.93: icmp_seq=944 ttl=20 time=110 ms
08-10 15:04:34.485 10557 12571 D cellinfo: 46 bytes from 44.241.174.93: icmp_seq=945 ttl=20 time=90.6 ms
08-10 15:04:34.705 10557 12571 D cellinfo: 46 bytes from 44.241.174.93: icmp_seq=946 ttl=20 time=110 ms
08-10 15:04:34.883 10557 12571 D cellinfo: 46 bytes from 44.241.174.93: icmp_seq=947 ttl=20 time=87.0 ms
08-10 15:04:35.106 10557 12571 D cellinfo: 46 bytes from 44.241.174.93: icmp_seq=948 ttl=20 time=109 ms
08-10 15:04:35.291 10557 12571 D cellinfo: 46 bytes from 44.241.174.93: icmp_seq=949 ttl=20 time=95.4 ms
08-10 15:04:35.408 10557 10557 D cellinfo: Latitude is 40.712888
08-10 15:04:35.408 10557 10557 D cellinfo: Longitude is -111.8708094
08-10 15:04:35.408 10557 10557 D cellinfo: Instantaneous GPS information: United States, 2685 UT-71, Salt Lake City, UT 84106, USA
08-10 15:04:35.408 10557 10557 D cellinfo: getCurrentLocation() result: Location (success): 40.712888, -111.8708094
08-10 15:04:35.448 10557 10557 D cellinfo: onCellInfoChanged: Operator: T-Mobile UpdateTimestamp: 316443 CellConnectionStatus: 0
08-10 15:04:35.448 10557 10557 D cellinfo: onCellInfoChanged: LTE Cell Bands: [2] Bandwidth: 15000 Cell ID: 21559051 Physical Cell ID: 176 Tracking Area Code: 11620 EARFCN: 675
08-10 15:04:35.505 10557 12571 D cellinfo: 46 bytes from 44.241.174.93: icmp_seq=950 ttl=20 time=107 ms
08-10 15:04:35.596 10557 10557 D cellinfo: onsignalStrengthsChanged: LTE Signal Strength info: rsrp: -92 rsrq: -13 rssi: -59 rssnr: 19
08-10 15:04:35.596 10557 10557 D cellinfo: onsignalStrengthsChanged: 5G-NR Signal Strength info: ssrsrp: -78 ssrsrq: -11 sssinr: 2147483647
08-10 15:04:35.683 10557 12571 D cellinfo: 46 bytes from 44.241.174.93: icmp_seq=951 ttl=20 time=84.8 ms
08-10 15:04:35.904 10557 12571 D cellinfo: 46 bytes from 44.241.174.93: icmp_seq=952 ttl=20 time=104 ms
08-10 15:04:36.113 10557 12571 D cellinfo: 46 bytes from 44.241.174.93: icmp_seq=953 ttl=20 time=112 ms
08-10 15:04:36.283 10557 12571 D cellinfo: 46 bytes from 44.241.174.93: icmp_seq=954 ttl=20 time=81.6 ms
08-10 15:04:36.506 10557 12571 D cellinfo: 46 bytes from 44.241.174.93: icmp_seq=955 ttl=20 time=104 ms
08-10 15:04:36.684 10557 12571 D cellinfo: 46 bytes from 44.241.174.93: icmp_seq=956 ttl=20 time=80.8 ms
08-10 15:04:36.904 10557 12571 D cellinfo: 46 bytes from 44.241.174.93: icmp_seq=957 ttl=20 time=101 ms
08-10 15:04:37.104 10557 12571 D cellinfo: 46 bytes from 44.241.174.93: icmp_seq=958 ttl=20 time=99.7 ms
08-10 15:04:37.305 10557 12571 D cellinfo: 46 bytes from 44.241.174.93: icmp_seq=959 ttl=20 time=99.9 ms
08-10 15:04:37.503 10557 12571 D cellinfo: 46 bytes from 44.241.174.93: icmp_seq=960 ttl=20 time=98.1 ms
08-10 15:04:37.704 10557 12571 D cellinfo: 46 bytes from 44.241.174.93: icmp_seq=961 ttl=20 time=98.0 ms
08-10 15:04:37.904 10557 12571 D cellinfo: 46 bytes from 44.241.174.93: icmp_seq=962 ttl=20 time=98.4 ms
08-10 15:04:38.108 10557 12571 D cellinfo: 46 bytes from 44.241.174.93: icmp_seq=963 ttl=20 time=100 ms
08-10 15:04:38.304 10557 12571 D cellinfo: 46 bytes from 44.241.174.93: icmp_seq=964 ttl=20 time=96.5 ms
08-10 15:04:38.411 10557 10557 D cellinfo: Latitude is 40.7128995
08-10 15:04:38.411 10557 10557 D cellinfo: Longitude is -111.8708187
08-10 15:04:38.412 10557 10557 D cellinfo: Instantaneous GPS information: United States, 2685 UT-71, Salt Lake City, UT 84106, USA
08-10 15:04:38.412 10557 10557 D cellinfo: getCurrentLocation() result: Location (success): 40.7128995, -111.8708187
08-10 15:04:38.441 10557 10557 D cellinfo: onCellInfoChanged: Operator: T-Mobile UpdateTimestamp: 319434 CellConnectionStatus: 0
08-10 15:04:38.441 10557 10557 D cellinfo: onCellInfoChanged: LTE Cell Bands: [2] Bandwidth: 15000 Cell ID: 21559051 Physical Cell ID: 176 Tracking Area Code: 11620 EARFCN: 675
08-10 15:04:38.504 10557 12571 D cellinfo: 46 bytes from 44.241.174.93: icmp_seq=965 ttl=20 time=96.1 ms
08-10 15:04:38.526 10557 10557 D cellinfo: onsignalStrengthsChanged: LTE Signal Strength info: rsrp: -93 rsrq: -14 rssi: -63 rssnr: 18
08-10 15:04:38.526 10557 10557 D cellinfo: onsignalStrengthsChanged: 5G-NR Signal Strength info: ssrsrp: -78 ssrsrq: -11 sssinr: 2147483647
08-10 15:04:38.705 10557 12571 D cellinfo: 46 bytes from 44.241.174.93: icmp_seq=966 ttl=20 time=96.7 ms
08-10 15:04:38.904 10557 12571 D cellinfo: 46 bytes from 44.241.174.93: icmp_seq=967 ttl=20 time=93.9 ms
08-10 15:04:39.104 10557 12571 D cellinfo: 46 bytes from 44.241.174.93: icmp_seq=968 ttl=20 time=94.1 ms
08-10 15:04:39.304 10557 12571 D cellinfo: 46 bytes from 44.241.174.93: icmp_seq=969 ttl=20 time=92.8 ms
08-10 15:04:39.504 10557 12571 D cellinfo: 46 bytes from 44.241.174.93: icmp_seq=970 ttl=20 time=93.4 ms
08-10 15:04:39.703 10557 12571 D cellinfo: 46 bytes from 44.241.174.93: icmp_seq=971 ttl=20 time=91.7 ms
08-10 15:04:39.904 10557 12571 D cellinfo: 46 bytes from 44.241.174.93: icmp_seq=972 ttl=20 time=91.5 ms
08-10 15:04:40.104 10557 12571 D cellinfo: 46 bytes from 44.241.174.93: icmp_seq=973 ttl=20 time=89.8 ms
08-10 15:04:40.305 10557 12571 D cellinfo: 46 bytes from 44.241.174.93: icmp_seq=974 ttl=20 time=90.8 ms
08-10 15:04:40.508 10557 12571 D cellinfo: 46 bytes from 44.241.174.93: icmp_seq=975 ttl=20 time=94.1 ms
08-10 15:04:40.706 10557 12571 D cellinfo: 46 bytes from 44.241.174.93: icmp_seq=976 ttl=20 time=91.1 ms
08-10 15:04:40.905 10557 12571 D cellinfo: 46 bytes from 44.241.174.93: icmp_seq=977 ttl=20 time=89.6 ms
08-10 15:04:41.123 10557 12571 D cellinfo: 46 bytes from 44.241.174.93: icmp_seq=978 ttl=20 time=106 ms
08-10 15:04:41.304 10557 12571 D cellinfo: 46 bytes from 44.241.174.93: icmp_seq=979 ttl=20 time=87.4 ms
08-10 15:04:41.447 10557 10557 D cellinfo: onCellInfoChanged: Operator: T-Mobile UpdateTimestamp: 322441 CellConnectionStatus: 0
08-10 15:04:41.447 10557 10557 D cellinfo: onCellInfoChanged: LTE Cell Bands: [2] Bandwidth: 15000 Cell ID: 21559051 Physical Cell ID: 176 Tracking Area Code: 11620 EARFCN: 675
08-10 15:04:41.512 10557 12571 D cellinfo: 46 bytes from 44.241.174.93: icmp_seq=980 ttl=20 time=94.9 ms
08-10 15:04:41.597 10557 10557 D cellinfo: onsignalStrengthsChanged: LTE Signal Strength info: rsrp: -93 rsrq: -13 rssi: -61 rssnr: 18
08-10 15:04:41.597 10557 10557 D cellinfo: onsignalStrengthsChanged: 5G-NR Signal Strength info: ssrsrp: -78 ssrsrq: -11 sssinr: 2147483647
08-10 15:04:41.715 10557 12571 D cellinfo: 46 bytes from 44.241.174.93: icmp_seq=981 ttl=20 time=97.6 ms
08-10 15:04:41.787 10557 10557 D cellinfo: onsignalStrengthsChanged: LTE Signal Strength info: rsrp: -93 rsrq: -13 rssi: -61 rssnr: 18
08-10 15:04:41.787 10557 10557 D cellinfo: onsignalStrengthsChanged: 5G-NR Signal Strength info: ssrsrp: -79 ssrsrq: -11 sssinr: 2147483647
08-10 15:04:41.908 10557 12571 D cellinfo: 46 bytes from 44.241.174.93: icmp_seq=982 ttl=20 time=89.6 ms
08-10 15:04:42.123 10557 12571 D cellinfo: 46 bytes from 44.241.174.93: icmp_seq=983 ttl=20 time=103 ms
08-10 15:04:42.324 10557 12571 D cellinfo: 46 bytes from 44.241.174.93: icmp_seq=984 ttl=20 time=103 ms
08-10 15:04:42.522 10557 12571 D cellinfo: 46 bytes from 44.241.174.93: icmp_seq=985 ttl=20 time=100 ms
08-10 15:04:42.723 10557 12571 D cellinfo: 46 bytes from 44.241.174.93: icmp_seq=986 ttl=20 time=100 ms
08-10 15:04:42.923 10557 12571 D cellinfo: 46 bytes from 44.241.174.93: icmp_seq=987 ttl=20 time=100 ms
08-10 15:04:43.123 10557 12571 D cellinfo: 46 bytes from 44.241.174.93: icmp_seq=988 ttl=20 time=99.4 ms
08-10 15:04:43.323 10557 12571 D cellinfo: 46 bytes from 44.241.174.93: icmp_seq=989 ttl=20 time=98.4 ms
08-10 15:04:43.532 10557 12571 D cellinfo: 46 bytes from 44.241.174.93: icmp_seq=990 ttl=20 time=106 ms
08-10 15:04:43.723 10557 12571 D cellinfo: 46 bytes from 44.241.174.93: icmp_seq=991 ttl=20 time=97.3 ms
08-10 15:04:43.923 10557 12571 D cellinfo: 46 bytes from 44.241.174.93: icmp_seq=992 ttl=20 time=96.3 ms
08-10 15:04:44.127 10557 12571 D cellinfo: 46 bytes from 44.241.174.93: icmp_seq=993 ttl=20 time=99.2 ms
08-10 15:04:44.286 10557 10557 D cellinfo: Latitude is 40.7128835
08-10 15:04:44.286 10557 10557 D cellinfo: Longitude is -111.8708309
08-10 15:04:44.286 10557 10557 D cellinfo: Instantaneous GPS information: United States, 2685 UT-71, Salt Lake City, UT 84106, USA
08-10 15:04:44.286 10557 10557 D cellinfo: getCurrentLocation() result: Location (success): 40.7128835, -111.8708309
08-10 15:04:44.323 10557 12571 D cellinfo: 46 bytes from 44.241.174.93: icmp_seq=994 ttl=20 time=95.2 ms
08-10 15:04:44.377 10557 10557 D cellinfo: onCellInfoChanged: Operator: T-Mobile UpdateTimestamp: 325369 CellConnectionStatus: 0
08-10 15:04:44.377 10557 10557 D cellinfo: onCellInfoChanged: LTE Cell Bands: [2] Bandwidth: 15000 Cell ID: 21559051 Physical Cell ID: 176 Tracking Area Code: 11620 EARFCN: 675
08-10 15:04:44.402 10557 10557 D cellinfo: Latitude is 40.7128835
08-10 15:04:44.402 10557 10557 D cellinfo: Longitude is -111.8708309
08-10 15:04:44.402 10557 10557 D cellinfo: Instantaneous GPS information: United States, 2685 UT-71, Salt Lake City, UT 84106, USA
08-10 15:04:44.402 10557 10557 D cellinfo: getCurrentLocation() result: Location (success): 40.7128835, -111.8708309
08-10 15:04:44.533 10557 12571 D cellinfo: 46 bytes from 44.241.174.93: icmp_seq=995 ttl=20 time=104 ms
08-10 15:04:44.596 10557 10557 D cellinfo: onsignalStrengthsChanged: LTE Signal Strength info: rsrp: -92 rsrq: -13 rssi: -61 rssnr: 19
08-10 15:04:44.596 10557 10557 D cellinfo: onsignalStrengthsChanged: 5G-NR Signal Strength info: ssrsrp: -79 ssrsrq: -11 sssinr: 2147483647
08-10 15:04:44.729 10557 12571 D cellinfo: 46 bytes from 44.241.174.93: icmp_seq=996 ttl=20 time=99.9 ms
08-10 15:04:44.785 10557 10557 D cellinfo: onsignalStrengthsChanged: LTE Signal Strength info: rsrp: -92 rsrq: -13 rssi: -61 rssnr: 19
08-10 15:04:44.785 10557 10557 D cellinfo: onsignalStrengthsChanged: 5G-NR Signal Strength info: ssrsrp: -78 ssrsrq: -11 sssinr: 2147483647
08-10 15:04:44.931 10557 12571 D cellinfo: 46 bytes from 44.241.174.93: icmp_seq=997 ttl=20 time=101 ms
08-10 15:04:45.123 10557 12571 D cellinfo: 46 bytes from 44.241.174.93: icmp_seq=998 ttl=20 time=93.2 ms
08-10 15:04:45.324 10557 12571 D cellinfo: 46 bytes from 44.241.174.93: icmp_seq=999 ttl=20 time=93.5 ms
08-10 15:04:45.524 10557 12571 D cellinfo: 46 bytes from 44.241.174.93: icmp_seq=1000 ttl=20 time=91.9 ms
08-10 15:04:45.729 10557 12571 D cellinfo: 46 bytes from 44.241.174.93: icmp_seq=1001 ttl=20 time=97.2 ms
08-10 15:04:45.930 10557 12571 D cellinfo: 46 bytes from 44.241.174.93: icmp_seq=1002 ttl=20 time=97.4 ms
08-10 15:04:46.151 10557 12571 D cellinfo: 46 bytes from 44.241.174.93: icmp_seq=1003 ttl=20 time=117 ms
08-10 15:04:46.338 10557 12571 D cellinfo: 46 bytes from 44.241.174.93: icmp_seq=1004 ttl=20 time=103 ms
08-10 15:04:46.524 10557 12571 D cellinfo: 46 bytes from 44.241.174.93: icmp_seq=1005 ttl=20 time=89.2 ms
08-10 15:04:46.742 10557 12571 D cellinfo: 46 bytes from 44.241.174.93: icmp_seq=1006 ttl=20 time=107 ms
08-10 15:04:46.923 10557 12571 D cellinfo: 46 bytes from 44.241.174.93: icmp_seq=1007 ttl=20 time=87.7 ms
08-10 15:04:47.144 10557 12571 D cellinfo: 46 bytes from 44.241.174.93: icmp_seq=1008 ttl=20 time=107 ms
08-10 15:04:47.323 10557 12571 D cellinfo: 46 bytes from 44.241.174.93: icmp_seq=1009 ttl=20 time=85.7 ms
08-10 15:04:47.400 10557 10557 D cellinfo: Latitude is 40.7128838
08-10 15:04:47.400 10557 10557 D cellinfo: Longitude is -111.8708315
08-10 15:04:47.400 10557 10557 D cellinfo: Instantaneous GPS information: United States, 2685 UT-71, Salt Lake City, UT 84106, USA
08-10 15:04:47.400 10557 10557 D cellinfo: getCurrentLocation() result: Location (success): 40.7128838, -111.8708315
08-10 15:04:47.434 10557 10557 D cellinfo: onCellInfoChanged: Operator: T-Mobile UpdateTimestamp: 328429 CellConnectionStatus: 0
08-10 15:04:47.434 10557 10557 D cellinfo: onCellInfoChanged: LTE Cell Bands: [2] Bandwidth: 15000 Cell ID: 21559051 Physical Cell ID: 176 Tracking Area Code: 11620 EARFCN: 675
08-10 15:04:47.485 10557 10557 D cellinfo: onsignalStrengthsChanged: LTE Signal Strength info: rsrp: -92 rsrq: -12 rssi: -61 rssnr: 19
08-10 15:04:47.485 10557 10557 D cellinfo: onsignalStrengthsChanged: 5G-NR Signal Strength info: ssrsrp: -78 ssrsrq: -11 sssinr: 2147483647
08-10 15:04:47.544 10557 12571 D cellinfo: 46 bytes from 44.241.174.93: icmp_seq=1010 ttl=20 time=105 ms
08-10 15:04:47.723 10557 12571 D cellinfo: 46 bytes from 44.241.174.93: icmp_seq=1011 ttl=20 time=83.9 ms
08-10 15:04:47.777 10557 10557 D cellinfo: onsignalStrengthsChanged: LTE Signal Strength info: rsrp: -92 rsrq: -12 rssi: -61 rssnr: 19
08-10 15:04:47.777 10557 10557 D cellinfo: onsignalStrengthsChanged: 5G-NR Signal Strength info: ssrsrp: -79 ssrsrq: -11 sssinr: 2147483647
08-10 15:04:47.944 10557 12571 D cellinfo: 46 bytes from 44.241.174.93: icmp_seq=1012 ttl=20 time=104 ms
08-10 15:04:48.144 10557 12571 D cellinfo: 46 bytes from 44.241.174.93: icmp_seq=1013 ttl=20 time=103 ms
08-10 15:04:48.346 10557 12571 D cellinfo: 46 bytes from 44.241.174.93: icmp_seq=1014 ttl=20 time=104 ms
08-10 15:04:48.545 10557 12571 D cellinfo: 46 bytes from 44.241.174.93: icmp_seq=1015 ttl=20 time=102 ms
08-10 15:04:48.753 10557 12571 D cellinfo: 46 bytes from 44.241.174.93: icmp_seq=1016 ttl=20 time=109 ms
08-10 15:04:48.950 10557 12571 D cellinfo: 46 bytes from 44.241.174.93: icmp_seq=1017 ttl=20 time=105 ms
08-10 15:04:49.147 10557 12571 D cellinfo: 46 bytes from 44.241.174.93: icmp_seq=1018 ttl=20 time=102 ms
08-10 15:04:49.348 10557 12571 D cellinfo: 46 bytes from 44.241.174.93: icmp_seq=1019 ttl=20 time=102 ms
08-10 15:04:49.545 10557 12571 D cellinfo: 46 bytes from 44.241.174.93: icmp_seq=1020 ttl=20 time=99.3 ms
08-10 15:04:49.750 10557 12571 D cellinfo: 46 bytes from 44.241.174.93: icmp_seq=1021 ttl=20 time=103 ms
08-10 15:04:49.950 10557 12571 D cellinfo: 46 bytes from 44.241.174.93: icmp_seq=1022 ttl=20 time=102 ms
08-10 15:04:50.152 10557 12571 D cellinfo: 46 bytes from 44.241.174.93: icmp_seq=1023 ttl=20 time=103 ms
08-10 15:04:50.348 10557 12571 D cellinfo: 46 bytes from 44.241.174.93: icmp_seq=1024 ttl=20 time=99.0 ms
08-10 15:04:50.544 10557 12571 D cellinfo: 46 bytes from 44.241.174.93: icmp_seq=1025 ttl=20 time=93.6 ms
08-10 15:04:50.751 10557 12571 D cellinfo: 46 bytes from 44.241.174.93: icmp_seq=1026 ttl=20 time=98.9 ms
08-10 15:04:50.820 10557 10557 D cellinfo: Latitude is 40.7129018
08-10 15:04:50.820 10557 10557 D cellinfo: Longitude is -111.8708527
08-10 15:04:50.820 10557 10557 D cellinfo: Instantaneous GPS information: United States, 2685 UT-71, Salt Lake City, UT 84106, USA
08-10 15:04:50.820 10557 10557 D cellinfo: getCurrentLocation() result: Location (success): 40.7129018, -111.8708527
08-10 15:04:50.823 10557 10557 D cellinfo: onCellInfoChanged: Operator: T-Mobile UpdateTimestamp: 331438 CellConnectionStatus: 0
08-10 15:04:50.823 10557 10557 D cellinfo: onCellInfoChanged: LTE Cell Bands: [2] Bandwidth: 15000 Cell ID: 21559051 Physical Cell ID: 176 Tracking Area Code: 11620 EARFCN: 675
08-10 15:04:50.824 10557 10557 D cellinfo: onsignalStrengthsChanged: LTE Signal Strength info: rsrp: -93 rsrq: -13 rssi: -61 rssnr: 19
08-10 15:04:50.824 10557 10557 D cellinfo: onsignalStrengthsChanged: 5G-NR Signal Strength info: ssrsrp: -79 ssrsrq: -11 sssinr: 2147483647
08-10 15:04:50.930 10557 12571 D cellinfo: 46 bytes from 44.241.174.93: icmp_seq=1027 ttl=20 time=77.1 ms
08-10 15:04:51.155 10557 12571 D cellinfo: 46 bytes from 44.241.174.93: icmp_seq=1028 ttl=20 time=101 ms
08-10 15:04:51.359 10557 12571 D cellinfo: 46 bytes from 44.241.174.93: icmp_seq=1029 ttl=20 time=105 ms
08-10 15:04:51.546 10557 12571 D cellinfo: 46 bytes from 44.241.174.93: icmp_seq=1030 ttl=20 time=91.9 ms
08-10 15:04:51.776 10557 12571 D cellinfo: 46 bytes from 44.241.174.93: icmp_seq=1031 ttl=20 time=120 ms
08-10 15:04:51.950 10557 12571 D cellinfo: 46 bytes from 44.241.174.93: icmp_seq=1032 ttl=20 time=95.1 ms
08-10 15:04:52.166 10557 12571 D cellinfo: 46 bytes from 44.241.174.93: icmp_seq=1033 ttl=20 time=110 ms
08-10 15:04:52.344 10557 12571 D cellinfo: 46 bytes from 44.241.174.93: icmp_seq=1034 ttl=20 time=87.8 ms
08-10 15:04:52.562 10557 12571 D cellinfo: 46 bytes from 44.241.174.93: icmp_seq=1035 ttl=20 time=106 ms
08-10 15:04:52.759 10557 12571 D cellinfo: 46 bytes from 44.241.174.93: icmp_seq=1036 ttl=20 time=102 ms
08-10 15:04:52.948 10557 12571 D cellinfo: 46 bytes from 44.241.174.93: icmp_seq=1037 ttl=20 time=90.7 ms
08-10 15:04:53.168 10557 12571 D cellinfo: 46 bytes from 44.241.174.93: icmp_seq=1038 ttl=20 time=108 ms
08-10 15:04:53.351 10557 12571 D cellinfo: 46 bytes from 44.241.174.93: icmp_seq=1039 ttl=20 time=92.1 ms
08-10 15:04:53.415 10557 10557 D cellinfo: Latitude is 40.7129134
08-10 15:04:53.415 10557 10557 D cellinfo: Longitude is -111.8708664
08-10 15:04:53.415 10557 10557 D cellinfo: Instantaneous GPS information: United States, 2685 UT-71, Salt Lake City, UT 84106, USA
08-10 15:04:53.415 10557 10557 D cellinfo: getCurrentLocation() result: Location (success): 40.7129134, -111.8708664
08-10 15:04:53.463 10557 10557 D cellinfo: onCellInfoChanged: Operator: T-Mobile UpdateTimestamp: 334456 CellConnectionStatus: 0
08-10 15:04:53.463 10557 10557 D cellinfo: onCellInfoChanged: LTE Cell Bands: [2] Bandwidth: 15000 Cell ID: 21559051 Physical Cell ID: 176 Tracking Area Code: 11620 EARFCN: 675
08-10 15:04:53.573 10557 12571 D cellinfo: 46 bytes from 44.241.174.93: icmp_seq=1040 ttl=20 time=113 ms
08-10 15:04:53.599 10557 10557 D cellinfo: onsignalStrengthsChanged: LTE Signal Strength info: rsrp: -95 rsrq: -12 rssi: -67 rssnr: 16
08-10 15:04:53.599 10557 10557 D cellinfo: onsignalStrengthsChanged: 5G-NR Signal Strength info: ssrsrp: -79 ssrsrq: -11 sssinr: 2147483647
08-10 15:04:53.750 10557 12571 D cellinfo: 46 bytes from 44.241.174.93: icmp_seq=1041 ttl=20 time=89.0 ms
08-10 15:04:53.972 10557 12571 D cellinfo: 46 bytes from 44.241.174.93: icmp_seq=1042 ttl=20 time=111 ms
08-10 15:04:54.155 10557 12571 D cellinfo: 46 bytes from 44.241.174.93: icmp_seq=1043 ttl=20 time=92.8 ms
08-10 15:04:54.345 10557 12571 D cellinfo: 46 bytes from 44.241.174.93: icmp_seq=1044 ttl=20 time=82.6 ms
08-10 15:04:54.574 10557 12571 D cellinfo: 46 bytes from 44.241.174.93: icmp_seq=1045 ttl=20 time=111 ms
08-10 15:04:54.765 10557 12571 D cellinfo: 46 bytes from 44.241.174.93: icmp_seq=1046 ttl=20 time=101 ms
08-10 15:04:54.966 10557 12571 D cellinfo: 46 bytes from 44.241.174.93: icmp_seq=1047 ttl=20 time=102 ms
08-10 15:04:55.164 10557 12571 D cellinfo: 46 bytes from 44.241.174.93: icmp_seq=1048 ttl=20 time=99.3 ms
08-10 15:04:55.378 10557 12571 D cellinfo: 46 bytes from 44.241.174.93: icmp_seq=1049 ttl=20 time=112 ms
08-10 15:04:55.565 10557 12571 D cellinfo: 46 bytes from 44.241.174.93: icmp_seq=1050 ttl=20 time=98.6 ms
08-10 15:04:55.765 10557 12571 D cellinfo: 46 bytes from 44.241.174.93: icmp_seq=1051 ttl=20 time=98.2 ms
08-10 15:04:55.966 10557 12571 D cellinfo: 46 bytes from 44.241.174.93: icmp_seq=1052 ttl=20 time=98.1 ms
08-10 15:04:56.166 10557 12571 D cellinfo: 46 bytes from 44.241.174.93: icmp_seq=1053 ttl=20 time=97.5 ms
08-10 15:04:56.367 10557 12571 D cellinfo: 46 bytes from 44.241.174.93: icmp_seq=1054 ttl=20 time=97.5 ms
08-10 15:04:56.447 10557 10557 D cellinfo: onCellInfoChanged: Operator: T-Mobile UpdateTimestamp: 337442 CellConnectionStatus: 0
08-10 15:04:56.447 10557 10557 D cellinfo: onCellInfoChanged: LTE Cell Bands: [2] Bandwidth: 15000 Cell ID: 21559051 Physical Cell ID: 176 Tracking Area Code: 11620 EARFCN: 675
08-10 15:04:56.458 10557 10557 D cellinfo: onsignalStrengthsChanged: LTE Signal Strength info: rsrp: -97 rsrq: -13 rssi: -67 rssnr: 14
08-10 15:04:56.458 10557 10557 D cellinfo: onsignalStrengthsChanged: 5G-NR Signal Strength info: ssrsrp: -79 ssrsrq: -11 sssinr: 2147483647
08-10 15:04:56.564 10557 12571 D cellinfo: 46 bytes from 44.241.174.93: icmp_seq=1055 ttl=20 time=93.8 ms
08-10 15:04:56.771 10557 12571 D cellinfo: 46 bytes from 44.241.174.93: icmp_seq=1056 ttl=20 time=100 ms
08-10 15:04:56.964 10557 12571 D cellinfo: 46 bytes from 44.241.174.93: icmp_seq=1057 ttl=20 time=93.6 ms
08-10 15:04:57.163 10557 12571 D cellinfo: 46 bytes from 44.241.174.93: icmp_seq=1058 ttl=20 time=91.5 ms
08-10 15:04:57.387 10557 12571 D cellinfo: 46 bytes from 44.241.174.93: icmp_seq=1059 ttl=20 time=114 ms
08-10 15:04:57.564 10557 12571 D cellinfo: 46 bytes from 44.241.174.93: icmp_seq=1060 ttl=20 time=90.2 ms
08-10 15:04:57.793 10557 12571 D cellinfo: 46 bytes from 44.241.174.93: icmp_seq=1061 ttl=20 time=118 ms
08-10 15:04:57.963 10557 12571 D cellinfo: 46 bytes from 44.241.174.93: icmp_seq=1062 ttl=20 time=88.0 ms
08-10 15:04:58.188 10557 12571 D cellinfo: 46 bytes from 44.241.174.93: icmp_seq=1063 ttl=20 time=112 ms
08-10 15:04:58.366 10557 12571 D cellinfo: 46 bytes from 44.241.174.93: icmp_seq=1064 ttl=20 time=90.2 ms
08-10 15:04:58.563 10557 12571 D cellinfo: 46 bytes from 44.241.174.93: icmp_seq=1065 ttl=20 time=86.4 ms
08-10 15:04:58.789 10557 12571 D cellinfo: 46 bytes from 44.241.174.93: icmp_seq=1066 ttl=20 time=111 ms
08-10 15:04:58.965 10557 12571 D cellinfo: 46 bytes from 44.241.174.93: icmp_seq=1067 ttl=20 time=86.7 ms
08-10 15:04:59.184 10557 12571 D cellinfo: 46 bytes from 44.241.174.93: icmp_seq=1068 ttl=20 time=105 ms
08-10 15:04:59.366 10557 12571 D cellinfo: 46 bytes from 44.241.174.93: icmp_seq=1069 ttl=20 time=86.0 ms
08-10 15:04:59.585 10557 12571 D cellinfo: 46 bytes from 44.241.174.93: icmp_seq=1070 ttl=20 time=105 ms
08-10 15:04:59.600 10557 10557 D cellinfo: onsignalStrengthsChanged: LTE Signal Strength info: rsrp: -96 rsrq: -12 rssi: -67 rssnr: 15
08-10 15:04:59.600 10557 10557 D cellinfo: onsignalStrengthsChanged: 5G-NR Signal Strength info: ssrsrp: -79 ssrsrq: -11 sssinr: 2147483647
08-10 15:04:59.784 10557 12571 D cellinfo: 46 bytes from 44.241.174.93: icmp_seq=1071 ttl=20 time=103 ms
08-10 15:04:59.984 10557 12571 D cellinfo: 46 bytes from 44.241.174.93: icmp_seq=1072 ttl=20 time=102 ms
08-10 15:05:00.185 10557 12571 D cellinfo: 46 bytes from 44.241.174.93: icmp_seq=1073 ttl=20 time=102 ms
08-10 15:05:00.287 10557 10557 D cellinfo: Latitude is 40.7128624
08-10 15:05:00.287 10557 10557 D cellinfo: Longitude is -111.8708455
08-10 15:05:00.287 10557 10557 D cellinfo: Instantaneous GPS information: United States, 2685 700 E, Salt Lake City, UT 84106, USA
08-10 15:05:00.287 10557 10557 D cellinfo: getCurrentLocation() result: Location (success): 40.7128624, -111.8708455
08-10 15:05:00.291 10557 10557 D cellinfo: Latitude is 40.7128624
08-10 15:05:00.292 10557 10557 D cellinfo: Longitude is -111.8708455
08-10 15:05:00.292 10557 10557 D cellinfo: Instantaneous GPS information: United States, 2685 700 E, Salt Lake City, UT 84106, USA
08-10 15:05:00.292 10557 10557 D cellinfo: getCurrentLocation() result: Location (success): 40.7128624, -111.8708455
08-10 15:05:00.371 10557 12571 D cellinfo: 46 bytes from 44.241.174.93: icmp_seq=1074 ttl=20 time=88.6 ms
08-10 15:05:00.382 10557 10557 D cellinfo: onCellInfoChanged: Operator: T-Mobile UpdateTimestamp: 341371 CellConnectionStatus: 0
08-10 15:05:00.382 10557 10557 D cellinfo: onCellInfoChanged: LTE Cell Bands: [2] Bandwidth: 15000 Cell ID: 21559051 Physical Cell ID: 176 Tracking Area Code: 11620 EARFCN: 675
08-10 15:05:00.585 10557 12571 D cellinfo: 46 bytes from 44.241.174.93: icmp_seq=1075 ttl=20 time=100 ms
08-10 15:05:00.790 10557 12571 D cellinfo: 46 bytes from 44.241.174.93: icmp_seq=1076 ttl=20 time=106 ms
08-10 15:05:00.986 10557 12571 D cellinfo: 46 bytes from 44.241.174.93: icmp_seq=1077 ttl=20 time=101 ms
08-10 15:05:01.189 10557 12571 D cellinfo: 46 bytes from 44.241.174.93: icmp_seq=1078 ttl=20 time=103 ms
08-10 15:05:01.387 10557 12571 D cellinfo: 46 bytes from 44.241.174.93: icmp_seq=1079 ttl=20 time=100 ms
08-10 15:05:01.592 10557 12571 D cellinfo: 46 bytes from 44.241.174.93: icmp_seq=1080 ttl=20 time=104 ms
08-10 15:05:01.796 10557 12571 D cellinfo: 46 bytes from 44.241.174.93: icmp_seq=1081 ttl=20 time=107 ms
08-10 15:05:01.992 10557 12571 D cellinfo: 46 bytes from 44.241.174.93: icmp_seq=1082 ttl=20 time=102 ms
08-10 15:05:02.187 10557 12571 D cellinfo: 46 bytes from 44.241.174.93: icmp_seq=1083 ttl=20 time=97.0 ms
08-10 15:05:02.397 10557 12571 D cellinfo: 46 bytes from 44.241.174.93: icmp_seq=1084 ttl=20 time=106 ms
08-10 15:05:02.416 10557 10557 D cellinfo: Latitude is 40.7128617
08-10 15:05:02.416 10557 10557 D cellinfo: Longitude is -111.8708452
08-10 15:05:02.416 10557 10557 D cellinfo: Instantaneous GPS information: United States, 2685 700 E, Salt Lake City, UT 84106, USA
08-10 15:05:02.416 10557 10557 D cellinfo: getCurrentLocation() result: Location (success): 40.7128617, -111.8708452
08-10 15:05:02.463 10557 10557 D cellinfo: onCellInfoChanged: Operator: T-Mobile UpdateTimestamp: 343455 CellConnectionStatus: 0
08-10 15:05:02.463 10557 10557 D cellinfo: onCellInfoChanged: LTE Cell Bands: [2] Bandwidth: 15000 Cell ID: 21559051 Physical Cell ID: 176 Tracking Area Code: 11620 EARFCN: 675
08-10 15:05:02.586 10557 12571 D cellinfo: 46 bytes from 44.241.174.93: icmp_seq=1085 ttl=20 time=94.6 ms
08-10 15:05:02.600 10557 10557 D cellinfo: onsignalStrengthsChanged: LTE Signal Strength info: rsrp: -96 rsrq: -15 rssi: -63 rssnr: 16
08-10 15:05:02.600 10557 10557 D cellinfo: onsignalStrengthsChanged: 5G-NR Signal Strength info: ssrsrp: -79 ssrsrq: -11 sssinr: 2147483647
08-10 15:05:02.785 10557 12571 D cellinfo: 46 bytes from 44.241.174.93: icmp_seq=1086 ttl=20 time=93.1 ms
08-10 15:05:02.785 10557 10557 D cellinfo: onsignalStrengthsChanged: LTE Signal Strength info: rsrp: -96 rsrq: -15 rssi: -63 rssnr: 16
08-10 15:05:02.785 10557 10557 D cellinfo: onsignalStrengthsChanged: 5G-NR Signal Strength info: ssrsrp: -80 ssrsrq: -11 sssinr: 2147483647
08-10 15:05:02.985 10557 12571 D cellinfo: 46 bytes from 44.241.174.93: icmp_seq=1087 ttl=20 time=91.9 ms
08-10 15:05:03.186 10557 12571 D cellinfo: 46 bytes from 44.241.174.93: icmp_seq=1088 ttl=20 time=93.2 ms
08-10 15:05:03.402 10557 12571 D cellinfo: 46 bytes from 44.241.174.93: icmp_seq=1089 ttl=20 time=108 ms
08-10 15:05:03.592 10557 12571 D cellinfo: 46 bytes from 44.241.174.93: icmp_seq=1090 ttl=20 time=97.6 ms
08-10 15:05:03.786 10557 12571 D cellinfo: 46 bytes from 44.241.174.93: icmp_seq=1091 ttl=20 time=89.8 ms
08-10 15:05:04.003 10557 12571 D cellinfo: 46 bytes from 44.241.174.93: icmp_seq=1092 ttl=20 time=107 ms
08-10 15:05:04.194 10557 12571 D cellinfo: 46 bytes from 44.241.174.93: icmp_seq=1093 ttl=20 time=98.1 ms
08-10 15:05:04.385 10557 12571 D cellinfo: 46 bytes from 44.241.174.93: icmp_seq=1094 ttl=20 time=88.0 ms
08-10 15:05:04.584 10557 12571 D cellinfo: 46 bytes from 44.241.174.93: icmp_seq=1095 ttl=20 time=86.5 ms
08-10 15:05:04.804 10557 12571 D cellinfo: 46 bytes from 44.241.174.93: icmp_seq=1096 ttl=20 time=106 ms
08-10 15:05:05.002 10557 12571 D cellinfo: 46 bytes from 44.241.174.93: icmp_seq=1097 ttl=20 time=103 ms
08-10 15:05:05.192 10557 12571 D cellinfo: 46 bytes from 44.241.174.93: icmp_seq=1098 ttl=20 time=94.7 ms
08-10 15:05:05.403 10557 12571 D cellinfo: 46 bytes from 44.241.174.93: icmp_seq=1099 ttl=20 time=104 ms
08-10 15:05:05.421 10557 10557 D cellinfo: Latitude is 40.7128555
08-10 15:05:05.421 10557 10557 D cellinfo: Longitude is -111.8708434
08-10 15:05:05.422 10557 10557 D cellinfo: Instantaneous GPS information: United States, 2685 700 E, Salt Lake City, UT 84106, USA
08-10 15:05:05.422 10557 10557 D cellinfo: getCurrentLocation() result: Location (success): 40.7128555, -111.8708434
08-10 15:05:05.422 10557 10557 D cellinfo: onsignalStrengthsChanged: LTE Signal Strength info: rsrp: -96 rsrq: -13 rssi: -65 rssnr: 16
08-10 15:05:05.422 10557 10557 D cellinfo: onsignalStrengthsChanged: 5G-NR Signal Strength info: ssrsrp: -80 ssrsrq: -11 sssinr: 2147483647
08-10 15:05:05.469 10557 10557 D cellinfo: onCellInfoChanged: Operator: T-Mobile UpdateTimestamp: 346461 CellConnectionStatus: 0
08-10 15:05:05.469 10557 10557 D cellinfo: onCellInfoChanged: LTE Cell Bands: [2] Bandwidth: 15000 Cell ID: 21559051 Physical Cell ID: 176 Tracking Area Code: 11620 EARFCN: 675
