08-10 22:09:36.486 27960 27960 D cellinfo: onCellInfoChanged: Operator: T-Mobile UpdateTimestamp: 14697519 CellConnectionStatus: 0
08-10 22:09:36.486 27960 27960 D cellinfo: onCellInfoChanged: LTE Cell Bands: [2] Bandwidth: 15000 Cell ID: 7915532 Physical Cell ID: 52 Tracking Area Code: 41465 EARFCN: 875
08-10 22:09:36.550 27960 28002 D cellinfo: 46 bytes from 44.241.174.93: icmp_seq=1965 ttl=44 time=75.8 ms
08-10 22:09:36.728 27960 28002 D cellinfo: 46 bytes from 44.241.174.93: icmp_seq=1966 ttl=44 time=53.6 ms
08-10 22:09:36.754 27960 27960 D cellinfo: onServiceStateChanged: Channel Number: 875 Cell Bandwidths: [15000]
08-10 22:09:36.932 27960 28002 D cellinfo: 46 bytes from 44.241.174.93: icmp_seq=1967 ttl=44 time=56.9 ms
08-10 22:09:37.092 27960 27960 D cellinfo: onsignalStrengthsChanged: LTE Signal Strength info: rsrp: -120 rsrq: -11 rssi: -85 rssnr: 8
08-10 22:09:37.157 27960 28002 D cellinfo: 46 bytes from 44.241.174.93: icmp_seq=1968 ttl=44 time=81.5 ms
08-10 22:09:37.341 27960 28002 D cellinfo: 46 bytes from 44.241.174.93: icmp_seq=1969 ttl=44 time=64.4 ms
08-10 22:09:37.557 27960 28002 D cellinfo: 46 bytes from 44.241.174.93: icmp_seq=1970 ttl=44 time=79.8 ms
08-10 22:09:37.760 27960 28002 D cellinfo: 46 bytes from 44.241.174.93: icmp_seq=1971 ttl=44 time=82.6 ms
08-10 22:09:37.941 27960 28002 D cellinfo: 46 bytes from 44.241.174.93: icmp_seq=1972 ttl=44 time=62.3 ms
08-10 22:09:38.134 27960 28002 D cellinfo: 46 bytes from 44.241.174.93: icmp_seq=1973 ttl=44 time=54.4 ms
08-10 22:09:38.340 27960 28002 D cellinfo: 46 bytes from 44.241.174.93: icmp_seq=1974 ttl=44 time=60.3 ms
08-10 22:09:38.568 27960 28002 D cellinfo: 46 bytes from 44.241.174.93: icmp_seq=1975 ttl=44 time=86.9 ms
08-10 22:09:38.735 27960 28002 D cellinfo: 46 bytes from 44.241.174.93: icmp_seq=1976 ttl=44 time=53.9 ms
08-10 22:09:38.936 27960 28002 D cellinfo: 46 bytes from 44.241.174.93: icmp_seq=1977 ttl=44 time=53.8 ms
08-10 22:09:39.171 27960 28002 D cellinfo: 46 bytes from 44.241.174.93: icmp_seq=1978 ttl=44 time=89.2 ms
08-10 22:09:39.380 27960 28002 D cellinfo: 46 bytes from 44.241.174.93: icmp_seq=1979 ttl=44 time=96.9 ms
08-10 22:09:39.404 27960 27960 D cellinfo: onServiceStateChanged: Channel Number: 875 Cell Bandwidths: [15000]
08-10 22:09:39.549 27960 28002 D cellinfo: 46 bytes from 44.241.174.93: icmp_seq=1980 ttl=44 time=65.1 ms
08-10 22:09:39.742 27960 28002 D cellinfo: 46 bytes from 44.241.174.93: icmp_seq=1981 ttl=44 time=57.8 ms
08-10 22:09:39.750 27960 27960 D cellinfo: Latitude is 40.8597529
08-10 22:09:39.751 27960 27960 D cellinfo: Longitude is -105.2604385
08-10 22:09:39.751 27960 27960 D cellinfo: Instantaneous GPS information: United States, 23086-23432 US-287, Livermore, CO 80536, USA
08-10 22:09:39.751 27960 27960 D cellinfo: getCurrentLocation() result: Location (success): 40.8597529, -105.2604385
08-10 22:09:39.752 27960 27960 D cellinfo: onCellInfoChanged: Operator: T-Mobile UpdateTimestamp: 14700503 CellConnectionStatus: 0
08-10 22:09:39.752 27960 27960 D cellinfo: onCellInfoChanged: LTE Cell Bands: [2] Bandwidth: 15000 Cell ID: 7915532 Physical Cell ID: 52 Tracking Area Code: 41465 EARFCN: 875
08-10 22:09:39.941 27960 28002 D cellinfo: 46 bytes from 44.241.174.93: icmp_seq=1982 ttl=44 time=56.3 ms
08-10 22:09:40.140 27960 28002 D cellinfo: 46 bytes from 44.241.174.93: icmp_seq=1983 ttl=44 time=53.9 ms
08-10 22:09:40.344 27960 28002 D cellinfo: 46 bytes from 44.241.174.93: icmp_seq=1984 ttl=44 time=57.5 ms
08-10 22:09:40.547 27960 28002 D cellinfo: 46 bytes from 44.241.174.93: icmp_seq=1985 ttl=44 time=59.8 ms
08-10 22:09:40.747 27960 28002 D cellinfo: 46 bytes from 44.241.174.93: icmp_seq=1986 ttl=44 time=59.5 ms
08-10 22:09:40.945 27960 28002 D cellinfo: 46 bytes from 44.241.174.93: icmp_seq=1987 ttl=44 time=56.7 ms
08-10 22:09:41.140 27960 28002 D cellinfo: 46 bytes from 44.241.174.93: icmp_seq=1988 ttl=44 time=51.0 ms
08-10 22:09:41.345 27960 28002 D cellinfo: 46 bytes from 44.241.174.93: icmp_seq=1989 ttl=44 time=55.2 ms
08-10 22:09:41.545 27960 28002 D cellinfo: 46 bytes from 44.241.174.93: icmp_seq=1990 ttl=44 time=54.6 ms
08-10 22:09:41.745 27960 28002 D cellinfo: 46 bytes from 44.241.174.93: icmp_seq=1991 ttl=44 time=53.4 ms
08-10 22:09:41.942 27960 28002 D cellinfo: 46 bytes from 44.241.174.93: icmp_seq=1992 ttl=44 time=48.9 ms
08-10 22:09:42.140 27960 28002 D cellinfo: 46 bytes from 44.241.174.93: icmp_seq=1993 ttl=44 time=46.9 ms
08-10 22:09:42.346 27960 28002 D cellinfo: 46 bytes from 44.241.174.93: icmp_seq=1994 ttl=44 time=52.8 ms
08-10 22:09:42.549 27960 28002 D cellinfo: 46 bytes from 44.241.174.93: icmp_seq=1995 ttl=44 time=55.1 ms
08-10 22:09:42.741 27960 28002 D cellinfo: 46 bytes from 44.241.174.93: icmp_seq=1996 ttl=44 time=45.7 ms
08-10 22:09:42.850 27960 27960 D cellinfo: Latitude is 40.8590263
08-10 22:09:42.850 27960 27960 D cellinfo: Longitude is -105.2600887
08-10 22:09:42.850 27960 27960 D cellinfo: Instantaneous GPS information: United States, 23086-23432 US-287, Livermore, CO 80536, USA
08-10 22:09:42.850 27960 27960 D cellinfo: getCurrentLocation() result: Location (success): 40.8590263, -105.2600887
08-10 22:09:42.852 27960 27960 D cellinfo: onCellInfoChanged: Operator: T-Mobile UpdateTimestamp: 14703520 CellConnectionStatus: 0
08-10 22:09:42.852 27960 27960 D cellinfo: onCellInfoChanged: LTE Cell Bands: [2] Bandwidth: 15000 Cell ID: 7915532 Physical Cell ID: 52 Tracking Area Code: 41465 EARFCN: 875
08-10 22:09:42.956 27960 28002 D cellinfo: 46 bytes from 44.241.174.93: icmp_seq=1997 ttl=44 time=57.8 ms
08-10 22:09:43.156 27960 28002 D cellinfo: 46 bytes from 44.241.174.93: icmp_seq=1998 ttl=44 time=57.9 ms
08-10 22:09:43.355 27960 28002 D cellinfo: 46 bytes from 44.241.174.93: icmp_seq=1999 ttl=44 time=56.4 ms
08-10 22:09:43.556 27960 28002 D cellinfo: 46 bytes from 44.241.174.93: icmp_seq=2000 ttl=44 time=56.2 ms
08-10 22:09:43.748 27960 28002 D cellinfo: 46 bytes from 44.241.174.93: icmp_seq=2001 ttl=44 time=48.0 ms
08-10 22:09:43.946 27960 28002 D cellinfo: 46 bytes from 44.241.174.93: icmp_seq=2002 ttl=44 time=45.7 ms
08-10 22:09:44.110 27960 27960 D cellinfo: onServiceStateChanged: Channel Number: 875 Cell Bandwidths: [15000, 5000]
08-10 22:09:44.148 27960 28002 D cellinfo: 46 bytes from 44.241.174.93: icmp_seq=2003 ttl=44 time=46.2 ms
08-10 22:09:44.348 27960 28002 D cellinfo: 46 bytes from 44.241.174.93: icmp_seq=2004 ttl=44 time=45.4 ms
08-10 22:09:44.548 27960 28002 D cellinfo: 46 bytes from 44.241.174.93: icmp_seq=2005 ttl=44 time=44.7 ms
08-10 22:09:44.748 27960 28002 D cellinfo: 46 bytes from 44.241.174.93: icmp_seq=2006 ttl=44 time=43.7 ms
08-10 22:09:44.949 27960 28002 D cellinfo: 46 bytes from 44.241.174.93: icmp_seq=2007 ttl=44 time=42.7 ms
08-10 22:09:45.160 27960 28002 D cellinfo: 46 bytes from 44.241.174.93: icmp_seq=2008 ttl=44 time=53.2 ms
08-10 22:09:45.360 27960 28002 D cellinfo: 46 bytes from 44.241.174.93: icmp_seq=2009 ttl=44 time=51.8 ms
08-10 22:09:45.588 27960 28002 D cellinfo: 46 bytes from 44.241.174.93: icmp_seq=2010 ttl=44 time=79.2 ms
08-10 22:09:45.759 27960 28002 D cellinfo: 46 bytes from 44.241.174.93: icmp_seq=2011 ttl=44 time=49.2 ms
08-10 22:09:45.795 27960 27960 D cellinfo: Latitude is 40.858563
08-10 22:09:45.795 27960 27960 D cellinfo: Longitude is -105.2598655
08-10 22:09:45.795 27960 27960 D cellinfo: Instantaneous GPS information: United States, 23086-23432 US-287, Livermore, CO 80536, USA
08-10 22:09:45.795 27960 27960 D cellinfo: getCurrentLocation() result: Location (success): 40.858563, -105.2598655
08-10 22:09:45.797 27960 27960 D cellinfo: onCellInfoChanged: Operator: T-Mobile UpdateTimestamp: 14706503 CellConnectionStatus: 0
08-10 22:09:45.797 27960 27960 D cellinfo: onCellInfoChanged: LTE Cell Bands: [2] Bandwidth: 15000 Cell ID: 7915532 Physical Cell ID: 52 Tracking Area Code: 41465 EARFCN: 875
08-10 22:09:45.980 27960 28002 D cellinfo: 46 bytes from 44.241.174.93: icmp_seq=2012 ttl=44 time=69.0 ms
08-10 22:09:46.180 27960 28002 D cellinfo: 46 bytes from 44.241.174.93: icmp_seq=2013 ttl=44 time=68.7 ms
08-10 22:09:46.359 27960 28002 D cellinfo: 46 bytes from 44.241.174.93: icmp_seq=2014 ttl=44 time=46.6 ms
08-10 22:09:46.579 27960 28002 D cellinfo: 46 bytes from 44.241.174.93: icmp_seq=2015 ttl=44 time=65.5 ms
08-10 22:09:46.789 27960 28002 D cellinfo: 46 bytes from 44.241.174.93: icmp_seq=2016 ttl=44 time=74.3 ms
08-10 22:09:46.979 27960 28002 D cellinfo: 46 bytes from 44.241.174.93: icmp_seq=2017 ttl=44 time=63.5 ms
08-10 22:09:47.181 27960 28002 D cellinfo: 46 bytes from 44.241.174.93: icmp_seq=2018 ttl=44 time=64.6 ms
08-10 22:09:47.380 27960 28002 D cellinfo: 46 bytes from 44.241.174.93: icmp_seq=2019 ttl=44 time=62.4 ms
08-10 22:09:47.580 27960 28002 D cellinfo: 46 bytes from 44.241.174.93: icmp_seq=2020 ttl=44 time=61.1 ms
08-10 22:09:47.797 27960 28002 D cellinfo: 46 bytes from 44.241.174.93: icmp_seq=2021 ttl=44 time=77.2 ms
08-10 22:09:47.981 27960 28002 D cellinfo: 46 bytes from 44.241.174.93: icmp_seq=2022 ttl=44 time=60.8 ms
08-10 22:09:48.180 27960 28002 D cellinfo: 46 bytes from 44.241.174.93: icmp_seq=2023 ttl=44 time=59.4 ms
08-10 22:09:48.380 27960 28002 D cellinfo: 46 bytes from 44.241.174.93: icmp_seq=2024 ttl=44 time=58.6 ms
08-10 22:09:48.472 27960 27960 D cellinfo: onCellInfoChanged: Operator: T-Mobile UpdateTimestamp: 14709507 CellConnectionStatus: 0
08-10 22:09:48.472 27960 27960 D cellinfo: onCellInfoChanged: LTE Cell Bands: [2] Bandwidth: 15000 Cell ID: 7915532 Physical Cell ID: 52 Tracking Area Code: 41465 EARFCN: 875
08-10 22:09:48.581 27960 28002 D cellinfo: 46 bytes from 44.241.174.93: icmp_seq=2025 ttl=44 time=58.5 ms
08-10 22:09:48.780 27960 28002 D cellinfo: 46 bytes from 44.241.174.93: icmp_seq=2026 ttl=44 time=56.4 ms
08-10 22:09:48.981 27960 28002 D cellinfo: 46 bytes from 44.241.174.93: icmp_seq=2027 ttl=44 time=56.4 ms
08-10 22:09:49.181 27960 28002 D cellinfo: 46 bytes from 44.241.174.93: icmp_seq=2028 ttl=44 time=56.0 ms
08-10 22:09:49.380 27960 28002 D cellinfo: 46 bytes from 44.241.174.93: icmp_seq=2029 ttl=44 time=54.4 ms
08-10 22:09:49.586 27960 28002 D cellinfo: 46 bytes from 44.241.174.93: icmp_seq=2030 ttl=44 time=59.0 ms
08-10 22:09:49.785 27960 28002 D cellinfo: 46 bytes from 44.241.174.93: icmp_seq=2031 ttl=44 time=58.0 ms
08-10 22:09:49.988 27960 28002 D cellinfo: 46 bytes from 44.241.174.93: icmp_seq=2032 ttl=44 time=60.1 ms
08-10 22:09:50.184 27960 28002 D cellinfo: 46 bytes from 44.241.174.93: icmp_seq=2033 ttl=44 time=55.2 ms
08-10 22:09:50.328 27960 27960 D cellinfo: Latitude is 40.856011
08-10 22:09:50.328 27960 27960 D cellinfo: Longitude is -105.2585959
08-10 22:09:50.328 27960 27960 D cellinfo: Instantaneous GPS information: United States, 22900-22994 US-287, Livermore, CO 80536, USA
08-10 22:09:50.328 27960 27960 D cellinfo: getCurrentLocation() result: Location (success): 40.856011, -105.2585959
08-10 22:09:50.384 27960 28002 D cellinfo: 46 bytes from 44.241.174.93: icmp_seq=2034 ttl=44 time=54.1 ms
08-10 22:09:50.580 27960 28002 D cellinfo: 46 bytes from 44.241.174.93: icmp_seq=2035 ttl=44 time=48.9 ms
08-10 22:09:50.780 27960 28002 D cellinfo: 46 bytes from 44.241.174.93: icmp_seq=2036 ttl=44 time=48.6 ms
08-10 22:09:50.979 27960 28002 D cellinfo: 46 bytes from 44.241.174.93: icmp_seq=2037 ttl=44 time=47.0 ms
08-10 22:09:51.179 27960 28002 D cellinfo: 46 bytes from 44.241.174.93: icmp_seq=2038 ttl=44 time=46.7 ms
08-10 22:09:51.388 27960 28002 D cellinfo: 46 bytes from 44.241.174.93: icmp_seq=2039 ttl=44 time=54.5 ms
08-10 22:09:51.435 27960 27960 D cellinfo: Latitude is 40.856011
08-10 22:09:51.435 27960 27960 D cellinfo: Longitude is -105.2585959
08-10 22:09:51.435 27960 27960 D cellinfo: Instantaneous GPS information: United States, 22900-22994 US-287, Livermore, CO 80536, USA
08-10 22:09:51.435 27960 27960 D cellinfo: getCurrentLocation() result: Location (success): 40.856011, -105.2585959
08-10 22:09:51.491 27960 27960 D cellinfo: onCellInfoChanged: Operator: T-Mobile UpdateTimestamp: 14712526 CellConnectionStatus: 0
08-10 22:09:51.491 27960 27960 D cellinfo: onCellInfoChanged: LTE Cell Bands: [2] Bandwidth: 15000 Cell ID: 7915532 Physical Cell ID: 52 Tracking Area Code: 41465 EARFCN: 875
08-10 22:09:51.580 27960 28002 D cellinfo: 46 bytes from 44.241.174.93: icmp_seq=2040 ttl=44 time=45.3 ms
08-10 22:09:51.779 27960 28002 D cellinfo: 46 bytes from 44.241.174.93: icmp_seq=2041 ttl=44 time=43.4 ms
08-10 22:09:51.988 27960 28002 D cellinfo: 46 bytes from 44.241.174.93: icmp_seq=2042 ttl=44 time=51.9 ms
08-10 22:09:52.188 27960 28002 D cellinfo: 46 bytes from 44.241.174.93: icmp_seq=2043 ttl=44 time=50.9 ms
08-10 22:09:52.388 27960 28002 D cellinfo: 46 bytes from 44.241.174.93: icmp_seq=2044 ttl=44 time=50.5 ms
08-10 22:09:52.588 27960 28002 D cellinfo: 46 bytes from 44.241.174.93: icmp_seq=2045 ttl=44 time=49.6 ms
08-10 22:09:52.796 27960 28002 D cellinfo: 46 bytes from 44.241.174.93: icmp_seq=2046 ttl=44 time=56.3 ms
08-10 22:09:53.109 27960 28002 D cellinfo: 46 bytes from 44.241.174.93: icmp_seq=2047 ttl=44 time=168 ms
08-10 22:09:53.193 27960 28002 D cellinfo: 46 bytes from 44.241.174.93: icmp_seq=2048 ttl=44 time=53.1 ms
08-10 22:09:53.389 27960 28002 D cellinfo: 46 bytes from 44.241.174.93: icmp_seq=2049 ttl=44 time=48.3 ms
08-10 22:09:53.589 27960 28002 D cellinfo: 46 bytes from 44.241.174.93: icmp_seq=2050 ttl=44 time=47.9 ms
08-10 22:09:53.789 27960 28002 D cellinfo: 46 bytes from 44.241.174.93: icmp_seq=2051 ttl=44 time=47.3 ms
08-10 22:09:53.989 27960 28002 D cellinfo: 46 bytes from 44.241.174.93: icmp_seq=2052 ttl=44 time=45.8 ms
08-10 22:09:54.189 27960 28002 D cellinfo: 46 bytes from 44.241.174.93: icmp_seq=2053 ttl=44 time=45.5 ms
08-10 22:09:54.389 27960 28002 D cellinfo: 46 bytes from 44.241.174.93: icmp_seq=2054 ttl=44 time=44.6 ms
08-10 22:09:54.629 27960 28002 D cellinfo: 46 bytes from 44.241.174.93: icmp_seq=2055 ttl=44 time=83.2 ms
08-10 22:09:54.820 27960 28002 D cellinfo: 46 bytes from 44.241.174.93: icmp_seq=2056 ttl=44 time=72.8 ms
08-10 22:09:54.832 27960 27960 D cellinfo: Latitude is 40.8557126
08-10 22:09:54.832 27960 27960 D cellinfo: Longitude is -105.2584523
08-10 22:09:54.832 27960 27960 D cellinfo: Instantaneous GPS information: United States, 22900-22994 US-287, Livermore, CO 80536, USA
08-10 22:09:54.832 27960 27960 D cellinfo: getCurrentLocation() result: Location (success): 40.8557126, -105.2584523
08-10 22:09:54.834 27960 27960 D cellinfo: onCellInfoChanged: Operator: T-Mobile UpdateTimestamp: 14715521 CellConnectionStatus: 0
08-10 22:09:54.834 27960 27960 D cellinfo: onCellInfoChanged: LTE Cell Bands: [2] Bandwidth: 15000 Cell ID: 7915532 Physical Cell ID: 52 Tracking Area Code: 41465 EARFCN: 875
08-10 22:09:54.999 27960 28002 D cellinfo: 46 bytes from 44.241.174.93: icmp_seq=2057 ttl=44 time=51.5 ms
08-10 22:09:55.199 27960 28002 D cellinfo: 46 bytes from 44.241.174.93: icmp_seq=2058 ttl=44 time=50.5 ms
08-10 22:09:55.399 27960 28002 D cellinfo: 46 bytes from 44.241.174.93: icmp_seq=2059 ttl=44 time=49.7 ms
08-10 22:09:55.598 27960 28002 D cellinfo: 46 bytes from 44.241.174.93: icmp_seq=2060 ttl=44 time=47.6 ms
08-10 22:09:55.798 27960 28002 D cellinfo: 46 bytes from 44.241.174.93: icmp_seq=2061 ttl=44 time=46.9 ms
08-10 22:09:56.019 27960 28002 D cellinfo: 46 bytes from 44.241.174.93: icmp_seq=2062 ttl=44 time=67.2 ms
08-10 22:09:56.198 27960 28002 D cellinfo: 46 bytes from 44.241.174.93: icmp_seq=2063 ttl=44 time=46.7 ms
08-10 22:09:56.398 27960 28002 D cellinfo: 46 bytes from 44.241.174.93: icmp_seq=2064 ttl=44 time=46.3 ms
08-10 22:09:56.608 27960 28002 D cellinfo: 46 bytes from 44.241.174.93: icmp_seq=2065 ttl=44 time=55.9 ms
08-10 22:09:56.819 27960 28002 D cellinfo: 46 bytes from 44.241.174.93: icmp_seq=2066 ttl=44 time=66.3 ms
08-10 22:09:57.008 27960 28002 D cellinfo: 46 bytes from 44.241.174.93: icmp_seq=2067 ttl=44 time=54.9 ms
08-10 22:09:57.220 27960 28002 D cellinfo: 46 bytes from 44.241.174.93: icmp_seq=2068 ttl=44 time=66.9 ms
08-10 22:09:57.398 27960 28002 D cellinfo: 46 bytes from 44.241.174.93: icmp_seq=2069 ttl=44 time=45.2 ms
08-10 22:09:57.595 27960 28002 D cellinfo: 46 bytes from 44.241.174.93: icmp_seq=2070 ttl=44 time=40.6 ms
08-10 22:09:57.765 27960 27960 D cellinfo: Latitude is 40.8551492
08-10 22:09:57.765 27960 27960 D cellinfo: Longitude is -105.2581808
08-10 22:09:57.765 27960 27960 D cellinfo: Instantaneous GPS information: United States, 22965-22779 US-287, Livermore, CO 80536, USA
08-10 22:09:57.765 27960 27960 D cellinfo: getCurrentLocation() result: Location (success): 40.8551492, -105.2581808
08-10 22:09:57.767 27960 27960 D cellinfo: onCellInfoChanged: Operator: T-Mobile UpdateTimestamp: 14718531 CellConnectionStatus: 0
08-10 22:09:57.767 27960 27960 D cellinfo: onCellInfoChanged: LTE Cell Bands: [2] Bandwidth: 15000 Cell ID: 7915532 Physical Cell ID: 52 Tracking Area Code: 41465 EARFCN: 875
08-10 22:09:57.821 27960 28002 D cellinfo: 46 bytes from 44.241.174.93: icmp_seq=2071 ttl=44 time=63.8 ms
08-10 22:09:58.021 27960 28002 D cellinfo: 46 bytes from 44.241.174.93: icmp_seq=2072 ttl=44 time=63.7 ms
08-10 22:09:58.221 27960 28002 D cellinfo: 46 bytes from 44.241.174.93: icmp_seq=2073 ttl=44 time=63.6 ms
08-10 22:09:58.422 27960 28002 D cellinfo: 46 bytes from 44.241.174.93: icmp_seq=2074 ttl=44 time=63.0 ms
08-10 22:09:58.621 27960 28002 D cellinfo: 46 bytes from 44.241.174.93: icmp_seq=2075 ttl=44 time=62.1 ms
08-10 22:09:58.823 27960 28002 D cellinfo: 46 bytes from 44.241.174.93: icmp_seq=2076 ttl=44 time=63.6 ms
08-10 22:09:59.025 27960 28002 D cellinfo: 46 bytes from 44.241.174.93: icmp_seq=2077 ttl=44 time=64.2 ms
08-10 22:09:59.188 27960 27960 D cellinfo: onServiceStateChanged: Channel Number: 875 Cell Bandwidths: [15000]
08-10 22:09:59.221 27960 28002 D cellinfo: 46 bytes from 44.241.174.93: icmp_seq=2078 ttl=44 time=60.8 ms
08-10 22:09:59.425 27960 28002 D cellinfo: 46 bytes from 44.241.174.93: icmp_seq=2079 ttl=44 time=64.7 ms
08-10 22:09:59.492 27960 27960 D cellinfo: onsignalStrengthsChanged: LTE Signal Strength info: rsrp: -115 rsrq: -11 rssi: -85 rssnr: 7
08-10 22:09:59.623 27960 28002 D cellinfo: 46 bytes from 44.241.174.93: icmp_seq=2080 ttl=44 time=61.5 ms
08-10 22:09:59.824 27960 28002 D cellinfo: 46 bytes from 44.241.174.93: icmp_seq=2081 ttl=44 time=61.0 ms
08-10 22:10:00.024 27960 28002 D cellinfo: 46 bytes from 44.241.174.93: icmp_seq=2082 ttl=44 time=60.6 ms
08-10 22:10:00.224 27960 28002 D cellinfo: 46 bytes from 44.241.174.93: icmp_seq=2083 ttl=44 time=60.6 ms
08-10 22:10:00.423 27960 28002 D cellinfo: 46 bytes from 44.241.174.93: icmp_seq=2084 ttl=44 time=58.7 ms
08-10 22:10:00.639 27960 28002 D cellinfo: 46 bytes from 44.241.174.93: icmp_seq=2085 ttl=44 time=73.1 ms
08-10 22:10:00.795 27960 27960 D cellinfo: Latitude is 40.8549054
08-10 22:10:00.795 27960 27960 D cellinfo: Longitude is -105.2580632
08-10 22:10:00.795 27960 27960 D cellinfo: Instantaneous GPS information: United States, 22965-22779 US-287, Livermore, CO 80536, USA
08-10 22:10:00.795 27960 27960 D cellinfo: getCurrentLocation() result: Location (success): 40.8549054, -105.2580632
08-10 22:10:00.797 27960 27960 D cellinfo: onCellInfoChanged: Operator: T-Mobile UpdateTimestamp: 14721512 CellConnectionStatus: 0
08-10 22:10:00.798 27960 27960 D cellinfo: onCellInfoChanged: LTE Cell Bands: [2] Bandwidth: 15000 Cell ID: 7810315 Physical Cell ID: 221 Tracking Area Code: 41465 EARFCN: 875
08-10 22:10:00.831 27960 28002 D cellinfo: 46 bytes from 44.241.174.93: icmp_seq=2086 ttl=44 time=63.1 ms
08-10 22:10:01.029 27960 28002 D cellinfo: 46 bytes from 44.241.174.93: icmp_seq=2087 ttl=44 time=60.0 ms
08-10 22:10:01.229 27960 28002 D cellinfo: 46 bytes from 44.241.174.93: icmp_seq=2088 ttl=44 time=60.8 ms
08-10 22:10:01.436 27960 28002 D cellinfo: 46 bytes from 44.241.174.93: icmp_seq=2089 ttl=44 time=67.2 ms
08-10 22:10:01.632 27960 28002 D cellinfo: 46 bytes from 44.241.174.93: icmp_seq=2090 ttl=44 time=62.4 ms
08-10 22:10:01.733 27960 27960 D cellinfo: onsignalStrengthsChanged: LTE Signal Strength info: rsrp: -108 rsrq: -9 rssi: -79 rssnr: 12
08-10 22:10:01.823 27960 28002 D cellinfo: 46 bytes from 44.241.174.93: icmp_seq=2091 ttl=44 time=52.5 ms
08-10 22:10:02.023 27960 28002 D cellinfo: 46 bytes from 44.241.174.93: icmp_seq=2092 ttl=44 time=51.1 ms
08-10 22:10:02.231 27960 28002 D cellinfo: 46 bytes from 44.241.174.93: icmp_seq=2093 ttl=44 time=59.5 ms
08-10 22:10:02.423 27960 28002 D cellinfo: 46 bytes from 44.241.174.93: icmp_seq=2094 ttl=44 time=50.6 ms
08-10 22:10:02.623 27960 28002 D cellinfo: 46 bytes from 44.241.174.93: icmp_seq=2095 ttl=44 time=49.3 ms
08-10 22:10:02.823 27960 28002 D cellinfo: 46 bytes from 44.241.174.93: icmp_seq=2096 ttl=44 time=48.0 ms
08-10 22:10:03.023 27960 28002 D cellinfo: 46 bytes from 44.241.174.93: icmp_seq=2097 ttl=44 time=47.3 ms
08-10 22:10:03.223 27960 28002 D cellinfo: 46 bytes from 44.241.174.93: icmp_seq=2098 ttl=44 time=47.2 ms
08-10 22:10:03.423 27960 28002 D cellinfo: 46 bytes from 44.241.174.93: icmp_seq=2099 ttl=44 time=46.5 ms
08-10 22:10:03.473 27960 27960 D cellinfo: onCellInfoChanged: Operator: T-Mobile UpdateTimestamp: 14724510 CellConnectionStatus: 0
08-10 22:10:03.473 27960 27960 D cellinfo: onCellInfoChanged: LTE Cell Bands: [2] Bandwidth: 15000 Cell ID: 7810315 Physical Cell ID: 221 Tracking Area Code: 41465 EARFCN: 875
08-10 22:10:03.625 27960 28002 D cellinfo: 46 bytes from 44.241.174.93: icmp_seq=2100 ttl=44 time=47.4 ms
08-10 22:10:03.824 27960 28002 D cellinfo: 46 bytes from 44.241.174.93: icmp_seq=2101 ttl=44 time=45.2 ms
08-10 22:10:03.974 27960 27960 D cellinfo: onsignalStrengthsChanged: LTE Signal Strength info: rsrp: -102 rsrq: -10 rssi: -75 rssnr: 13
08-10 22:10:04.023 27960 28002 D cellinfo: 46 bytes from 44.241.174.93: icmp_seq=2102 ttl=44 time=43.7 ms
08-10 22:10:04.224 27960 28002 D cellinfo: 46 bytes from 44.241.174.93: icmp_seq=2103 ttl=44 time=44.5 ms
08-10 22:10:04.432 27960 28002 D cellinfo: 46 bytes from 44.241.174.93: icmp_seq=2104 ttl=44 time=51.6 ms
08-10 22:10:04.634 27960 28002 D cellinfo: 46 bytes from 44.241.174.93: icmp_seq=2105 ttl=44 time=52.1 ms
08-10 22:10:04.833 27960 28002 D cellinfo: 46 bytes from 44.241.174.93: icmp_seq=2106 ttl=44 time=50.8 ms
08-10 22:10:05.033 27960 28002 D cellinfo: 46 bytes from 44.241.174.93: icmp_seq=2107 ttl=44 time=50.2 ms
08-10 22:10:05.235 27960 28002 D cellinfo: 46 bytes from 44.241.174.93: icmp_seq=2108 ttl=44 time=52.2 ms
08-10 22:10:05.287 27960 27960 D cellinfo: Latitude is 40.8521944
08-10 22:10:05.287 27960 27960 D cellinfo: Longitude is -105.2567196
08-10 22:10:05.287 27960 27960 D cellinfo: Instantaneous GPS information: United States, 22777-22683 US-287, Livermore, CO 80536, USA
08-10 22:10:05.287 27960 27960 D cellinfo: getCurrentLocation() result: Location (success): 40.8521944, -105.2567196
08-10 22:10:05.437 27960 28002 D cellinfo: 46 bytes from 44.241.174.93: icmp_seq=2109 ttl=44 time=53.8 ms
08-10 22:10:05.640 27960 28002 D cellinfo: 46 bytes from 44.241.174.93: icmp_seq=2110 ttl=44 time=56.2 ms
08-10 22:10:05.837 27960 28002 D cellinfo: 46 bytes from 44.241.174.93: icmp_seq=2111 ttl=44 time=52.8 ms
08-10 22:10:06.040 27960 28002 D cellinfo: 46 bytes from 44.241.174.93: icmp_seq=2112 ttl=44 time=55.0 ms
08-10 22:10:06.238 27960 28002 D cellinfo: 46 bytes from 44.241.174.93: icmp_seq=2113 ttl=44 time=53.6 ms
08-10 22:10:06.434 27960 27960 D cellinfo: Latitude is 40.8521944
08-10 22:10:06.434 27960 27960 D cellinfo: Longitude is -105.2567196
08-10 22:10:06.434 27960 27960 D cellinfo: Instantaneous GPS information: United States, 22777-22683 US-287, Livermore, CO 80536, USA
08-10 22:10:06.434 27960 27960 D cellinfo: getCurrentLocation() result: Location (success): 40.8521944, -105.2567196
08-10 22:10:06.435 27960 28002 D cellinfo: 46 bytes from 44.241.174.93: icmp_seq=2114 ttl=44 time=49.8 ms
08-10 22:10:06.486 27960 27960 D cellinfo: onCellInfoChanged: Operator: T-Mobile UpdateTimestamp: 14727519 CellConnectionStatus: 0
08-10 22:10:06.486 27960 27960 D cellinfo: onCellInfoChanged: LTE Cell Bands: [2] Bandwidth: 15000 Cell ID: 7810315 Physical Cell ID: 221 Tracking Area Code: 41465 EARFCN: 875
08-10 22:10:06.641 27960 28002 D cellinfo: 46 bytes from 44.241.174.93: icmp_seq=2115 ttl=44 time=55.5 ms
08-10 22:10:06.847 27960 28002 D cellinfo: 46 bytes from 44.241.174.93: icmp_seq=2116 ttl=44 time=60.5 ms
08-10 22:10:07.044 27960 28002 D cellinfo: 46 bytes from 44.241.174.93: icmp_seq=2117 ttl=44 time=56.6 ms
08-10 22:10:07.240 27960 28002 D cellinfo: 46 bytes from 44.241.174.93: icmp_seq=2118 ttl=44 time=52.3 ms
08-10 22:10:07.432 27960 28002 D cellinfo: 46 bytes from 44.241.174.93: icmp_seq=2119 ttl=44 time=44.0 ms
08-10 22:10:07.633 27960 28002 D cellinfo: 46 bytes from 44.241.174.93: icmp_seq=2120 ttl=44 time=44.3 ms
08-10 22:10:07.833 27960 28002 D cellinfo: 46 bytes from 44.241.174.93: icmp_seq=2121 ttl=44 time=43.6 ms
08-10 22:10:08.033 27960 28002 D cellinfo: 46 bytes from 44.241.174.93: icmp_seq=2122 ttl=44 time=42.5 ms
08-10 22:10:08.233 27960 28002 D cellinfo: 46 bytes from 44.241.174.93: icmp_seq=2123 ttl=44 time=42.9 ms
08-10 22:10:08.433 27960 28002 D cellinfo: 46 bytes from 44.241.174.93: icmp_seq=2124 ttl=44 time=42.5 ms
08-10 22:10:08.660 27960 28002 D cellinfo: 46 bytes from 44.241.174.93: icmp_seq=2125 ttl=44 time=67.9 ms
08-10 22:10:08.868 27960 28002 D cellinfo: 46 bytes from 44.241.174.93: icmp_seq=2126 ttl=44 time=76.1 ms
08-10 22:10:09.060 27960 28002 D cellinfo: 46 bytes from 44.241.174.93: icmp_seq=2127 ttl=44 time=67.3 ms
08-10 22:10:09.259 27960 28002 D cellinfo: 46 bytes from 44.241.174.93: icmp_seq=2128 ttl=44 time=66.6 ms
08-10 22:10:09.461 27960 28002 D cellinfo: 46 bytes from 44.241.174.93: icmp_seq=2129 ttl=44 time=67.2 ms
08-10 22:10:09.642 27960 28002 D cellinfo: 46 bytes from 44.241.174.93: icmp_seq=2130 ttl=44 time=46.1 ms
08-10 22:10:09.786 27960 27960 D cellinfo: Latitude is 40.8519037
08-10 22:10:09.787 27960 27960 D cellinfo: Longitude is -105.256572
08-10 22:10:09.787 27960 27960 D cellinfo: Instantaneous GPS information: United States, 22777-22683 US-287, Livermore, CO 80536, USA
08-10 22:10:09.787 27960 27960 D cellinfo: getCurrentLocation() result: Location (success): 40.8519037, -105.256572
08-10 22:10:09.789 27960 27960 D cellinfo: onCellInfoChanged: Operator: T-Mobile UpdateTimestamp: 14730523 CellConnectionStatus: 0
08-10 22:10:09.790 27960 27960 D cellinfo: onCellInfoChanged: LTE Cell Bands: [2] Bandwidth: 15000 Cell ID: 7810315 Physical Cell ID: 221 Tracking Area Code: 41465 EARFCN: 875
08-10 22:10:09.859 27960 28002 D cellinfo: 46 bytes from 44.241.174.93: icmp_seq=2131 ttl=44 time=63.1 ms
08-10 22:10:10.059 27960 28002 D cellinfo: 46 bytes from 44.241.174.93: icmp_seq=2132 ttl=44 time=62.7 ms
08-10 22:10:10.260 27960 28002 D cellinfo: 46 bytes from 44.241.174.93: icmp_seq=2133 ttl=44 time=62.7 ms
08-10 22:10:10.460 27960 28002 D cellinfo: 46 bytes from 44.241.174.93: icmp_seq=2134 ttl=44 time=62.2 ms
08-10 22:10:10.660 27960 28002 D cellinfo: 46 bytes from 44.241.174.93: icmp_seq=2135 ttl=44 time=60.9 ms
08-10 22:10:10.859 27960 28002 D cellinfo: 46 bytes from 44.241.174.93: icmp_seq=2136 ttl=44 time=59.8 ms
08-10 22:10:11.060 27960 28002 D cellinfo: 46 bytes from 44.241.174.93: icmp_seq=2137 ttl=44 time=60.3 ms
08-10 22:10:11.259 27960 28002 D cellinfo: 46 bytes from 44.241.174.93: icmp_seq=2138 ttl=44 time=60.1 ms
08-10 22:10:11.459 27960 28002 D cellinfo: 46 bytes from 44.241.174.93: icmp_seq=2139 ttl=44 time=59.4 ms
08-10 22:10:11.659 27960 28002 D cellinfo: 46 bytes from 44.241.174.93: icmp_seq=2140 ttl=44 time=58.4 ms
08-10 22:10:11.864 27960 28002 D cellinfo: 46 bytes from 44.241.174.93: icmp_seq=2141 ttl=44 time=62.9 ms
08-10 22:10:12.064 27960 28002 D cellinfo: 46 bytes from 44.241.174.93: icmp_seq=2142 ttl=44 time=62.6 ms
08-10 22:10:12.264 27960 28002 D cellinfo: 46 bytes from 44.241.174.93: icmp_seq=2143 ttl=44 time=60.9 ms
08-10 22:10:12.463 27960 28002 D cellinfo: 46 bytes from 44.241.174.93: icmp_seq=2144 ttl=44 time=60.1 ms
08-10 22:10:12.662 27960 28002 D cellinfo: 46 bytes from 44.241.174.93: icmp_seq=2145 ttl=44 time=58.2 ms
08-10 22:10:12.765 27960 27960 D cellinfo: Latitude is 40.8513404
08-10 22:10:12.765 27960 27960 D cellinfo: Longitude is -105.256286
08-10 22:10:12.765 27960 27960 D cellinfo: Instantaneous GPS information: United States, 22681-22455 US-287, Livermore, CO 80536, USA
08-10 22:10:12.765 27960 27960 D cellinfo: getCurrentLocation() result: Location (success): 40.8513404, -105.256286
08-10 22:10:12.767 27960 27960 D cellinfo: onCellInfoChanged: Operator: T-Mobile UpdateTimestamp: 14733536 CellConnectionStatus: 0
08-10 22:10:12.767 27960 27960 D cellinfo: onCellInfoChanged: LTE Cell Bands: [2] Bandwidth: 15000 Cell ID: 7810315 Physical Cell ID: 221 Tracking Area Code: 41465 EARFCN: 875
08-10 22:10:12.865 27960 28002 D cellinfo: 46 bytes from 44.241.174.93: icmp_seq=2146 ttl=44 time=60.0 ms
08-10 22:10:13.064 27960 28002 D cellinfo: 46 bytes from 44.241.174.93: icmp_seq=2147 ttl=44 time=58.6 ms
08-10 22:10:13.263 27960 28002 D cellinfo: 46 bytes from 44.241.174.93: icmp_seq=2148 ttl=44 time=57.0 ms
08-10 22:10:13.464 27960 28002 D cellinfo: 46 bytes from 44.241.174.93: icmp_seq=2149 ttl=44 time=57.1 ms
08-10 22:10:13.663 27960 28002 D cellinfo: 46 bytes from 44.241.174.93: icmp_seq=2150 ttl=44 time=55.8 ms
08-10 22:10:13.864 27960 28002 D cellinfo: 46 bytes from 44.241.174.93: icmp_seq=2151 ttl=44 time=56.0 ms
08-10 22:10:14.070 27960 28002 D cellinfo: 46 bytes from 44.241.174.93: icmp_seq=2152 ttl=44 time=61.8 ms
08-10 22:10:14.271 27960 28002 D cellinfo: 46 bytes from 44.241.174.93: icmp_seq=2153 ttl=44 time=62.8 ms
08-10 22:10:14.463 27960 28002 D cellinfo: 46 bytes from 44.241.174.93: icmp_seq=2154 ttl=44 time=54.3 ms
08-10 22:10:14.663 27960 28002 D cellinfo: 46 bytes from 44.241.174.93: icmp_seq=2155 ttl=44 time=53.5 ms
08-10 22:10:14.863 27960 28002 D cellinfo: 46 bytes from 44.241.174.93: icmp_seq=2156 ttl=44 time=52.9 ms
08-10 22:10:15.062 27960 28002 D cellinfo: 46 bytes from 44.241.174.93: icmp_seq=2157 ttl=44 time=51.2 ms
08-10 22:10:15.263 27960 28002 D cellinfo: 46 bytes from 44.241.174.93: icmp_seq=2158 ttl=44 time=51.6 ms
08-10 22:10:15.472 27960 28002 D cellinfo: 46 bytes from 44.241.174.93: icmp_seq=2159 ttl=44 time=59.1 ms
08-10 22:10:15.661 27960 28002 D cellinfo: 46 bytes from 44.241.174.93: icmp_seq=2160 ttl=44 time=46.7 ms
08-10 22:10:15.760 27960 27960 D cellinfo: Latitude is 40.8510878
08-10 22:10:15.760 27960 27960 D cellinfo: Longitude is -105.2561576
08-10 22:10:15.760 27960 27960 D cellinfo: Instantaneous GPS information: United States, 22588 US-287, Livermore, CO 80536, USA
08-10 22:10:15.760 27960 27960 D cellinfo: getCurrentLocation() result: Location (success): 40.8510878, -105.2561576
08-10 22:10:15.762 27960 27960 D cellinfo: onCellInfoChanged: Operator: T-Mobile UpdateTimestamp: 14736519 CellConnectionStatus: 0
08-10 22:10:15.762 27960 27960 D cellinfo: onCellInfoChanged: LTE Cell Bands: [2] Bandwidth: 15000 Cell ID: 7810315 Physical Cell ID: 221 Tracking Area Code: 41465 EARFCN: 875
08-10 22:10:15.863 27960 28002 D cellinfo: 46 bytes from 44.241.174.93: icmp_seq=2161 ttl=44 time=47.5 ms
08-10 22:10:16.063 27960 28002 D cellinfo: 46 bytes from 44.241.174.93: icmp_seq=2162 ttl=44 time=46.4 ms
08-10 22:10:16.272 27960 28002 D cellinfo: 46 bytes from 44.241.174.93: icmp_seq=2163 ttl=44 time=54.1 ms
08-10 22:10:16.472 27960 28002 D cellinfo: 46 bytes from 44.241.174.93: icmp_seq=2164 ttl=44 time=53.3 ms
08-10 22:10:16.672 27960 28002 D cellinfo: 46 bytes from 44.241.174.93: icmp_seq=2165 ttl=44 time=52.8 ms
08-10 22:10:16.863 27960 28002 D cellinfo: 46 bytes from 44.241.174.93: icmp_seq=2166 ttl=44 time=43.3 ms
08-10 22:10:17.063 27960 28002 D cellinfo: 46 bytes from 44.241.174.93: icmp_seq=2167 ttl=44 time=43.0 ms
08-10 22:10:17.272 27960 28002 D cellinfo: 46 bytes from 44.241.174.93: icmp_seq=2168 ttl=44 time=51.0 ms
08-10 22:10:17.480 27960 28002 D cellinfo: 46 bytes from 44.241.174.93: icmp_seq=2169 ttl=44 time=58.9 ms
08-10 22:10:17.674 27960 28002 D cellinfo: 46 bytes from 44.241.174.93: icmp_seq=2170 ttl=44 time=52.9 ms
08-10 22:10:17.872 27960 28002 D cellinfo: 46 bytes from 44.241.174.93: icmp_seq=2171 ttl=44 time=50.0 ms
08-10 22:10:18.073 27960 28002 D cellinfo: 46 bytes from 44.241.174.93: icmp_seq=2172 ttl=44 time=50.8 ms
08-10 22:10:18.273 27960 28002 D cellinfo: 46 bytes from 44.241.174.93: icmp_seq=2173 ttl=44 time=50.3 ms
08-10 22:10:18.473 27960 28002 D cellinfo: 46 bytes from 44.241.174.93: icmp_seq=2174 ttl=44 time=49.5 ms
08-10 22:10:18.481 27960 27960 D cellinfo: onCellInfoChanged: Operator: T-Mobile UpdateTimestamp: 14739512 CellConnectionStatus: 0
08-10 22:10:18.481 27960 27960 D cellinfo: onCellInfoChanged: LTE Cell Bands: [2] Bandwidth: 15000 Cell ID: 7810315 Physical Cell ID: 221 Tracking Area Code: 41465 EARFCN: 875
08-10 22:10:18.673 27960 28002 D cellinfo: 46 bytes from 44.241.174.93: icmp_seq=2175 ttl=44 time=48.6 ms
08-10 22:10:18.873 27960 28002 D cellinfo: 46 bytes from 44.241.174.93: icmp_seq=2176 ttl=44 time=47.4 ms
08-10 22:10:19.073 27960 28002 D cellinfo: 46 bytes from 44.241.174.93: icmp_seq=2177 ttl=44 time=46.7 ms
08-10 22:10:19.273 27960 28002 D cellinfo: 46 bytes from 44.241.174.93: icmp_seq=2178 ttl=44 time=45.3 ms
08-10 22:10:19.473 27960 28002 D cellinfo: 46 bytes from 44.241.174.93: icmp_seq=2179 ttl=44 time=44.5 ms
08-10 22:10:19.703 27960 28002 D cellinfo: 46 bytes from 44.241.174.93: icmp_seq=2180 ttl=44 time=73.2 ms
08-10 22:10:19.872 27960 28002 D cellinfo: 46 bytes from 44.241.174.93: icmp_seq=2181 ttl=44 time=42.3 ms
08-10 22:10:20.081 27960 28002 D cellinfo: 46 bytes from 44.241.174.93: icmp_seq=2182 ttl=44 time=49.1 ms
08-10 22:10:20.287 27960 27960 D cellinfo: Latitude is 40.8484123
08-10 22:10:20.287 27960 27960 D cellinfo: Longitude is -105.2547957
08-10 22:10:20.287 27960 27960 D cellinfo: Instantaneous GPS information: United States, 22681-22455 US-287, Livermore, CO 80536, USA
08-10 22:10:20.287 27960 27960 D cellinfo: getCurrentLocation() result: Location (success): 40.8484123, -105.2547957
08-10 22:10:20.299 27960 28002 D cellinfo: 46 bytes from 44.241.174.93: icmp_seq=2183 ttl=44 time=64.8 ms
08-10 22:10:20.499 27960 28002 D cellinfo: 46 bytes from 44.241.174.93: icmp_seq=2184 ttl=44 time=64.5 ms
08-10 22:10:20.699 27960 28002 D cellinfo: 46 bytes from 44.241.174.93: icmp_seq=2185 ttl=44 time=63.6 ms
08-10 22:10:20.899 27960 28002 D cellinfo: 46 bytes from 44.241.174.93: icmp_seq=2186 ttl=44 time=62.5 ms
08-10 22:10:21.099 27960 28002 D cellinfo: 46 bytes from 44.241.174.93: icmp_seq=2187 ttl=44 time=61.5 ms
08-10 22:10:21.299 27960 28002 D cellinfo: 46 bytes from 44.241.174.93: icmp_seq=2188 ttl=44 time=60.5 ms
08-10 22:10:21.435 27960 27960 D cellinfo: Latitude is 40.8484123
08-10 22:10:21.435 27960 27960 D cellinfo: Longitude is -105.2547957
08-10 22:10:21.435 27960 27960 D cellinfo: Instantaneous GPS information: United States, 22681-22455 US-287, Livermore, CO 80536, USA
08-10 22:10:21.435 27960 27960 D cellinfo: getCurrentLocation() result: Location (success): 40.8484123, -105.2547957
08-10 22:10:21.487 27960 27960 D cellinfo: onCellInfoChanged: Operator: T-Mobile UpdateTimestamp: 14742521 CellConnectionStatus: 0
08-10 22:10:21.487 27960 27960 D cellinfo: onCellInfoChanged: LTE Cell Bands: [2] Bandwidth: 15000 Cell ID: 7810315 Physical Cell ID: 221 Tracking Area Code: 41465 EARFCN: 875
08-10 22:10:21.499 27960 28002 D cellinfo: 46 bytes from 44.241.174.93: icmp_seq=2189 ttl=44 time=59.6 ms
08-10 22:10:21.699 27960 28002 D cellinfo: 46 bytes from 44.241.174.93: icmp_seq=2190 ttl=44 time=58.8 ms
08-10 22:10:21.901 27960 28002 D cellinfo: 46 bytes from 44.241.174.93: icmp_seq=2191 ttl=44 time=60.6 ms
08-10 22:10:22.103 27960 28002 D cellinfo: 46 bytes from 44.241.174.93: icmp_seq=2192 ttl=44 time=61.0 ms
08-10 22:10:22.304 27960 28002 D cellinfo: 46 bytes from 44.241.174.93: icmp_seq=2193 ttl=44 time=61.2 ms
08-10 22:10:22.503 27960 28002 D cellinfo: 46 bytes from 44.241.174.93: icmp_seq=2194 ttl=44 time=59.6 ms
08-10 22:10:22.703 27960 28002 D cellinfo: 46 bytes from 44.241.174.93: icmp_seq=2195 ttl=44 time=58.5 ms
08-10 22:10:22.903 27960 28002 D cellinfo: 46 bytes from 44.241.174.93: icmp_seq=2196 ttl=44 time=57.5 ms
08-10 22:10:23.103 27960 28002 D cellinfo: 46 bytes from 44.241.174.93: icmp_seq=2197 ttl=44 time=56.5 ms
08-10 22:10:23.311 27960 28002 D cellinfo: 46 bytes from 44.241.174.93: icmp_seq=2198 ttl=44 time=63.8 ms
08-10 22:10:23.512 27960 28002 D cellinfo: 46 bytes from 44.241.174.93: icmp_seq=2199 ttl=44 time=64.1 ms
08-10 22:10:23.704 27960 28002 D cellinfo: 46 bytes from 44.241.174.93: icmp_seq=2200 ttl=44 time=55.4 ms
08-10 22:10:23.903 27960 28002 D cellinfo: 46 bytes from 44.241.174.93: icmp_seq=2201 ttl=44 time=53.9 ms
08-10 22:10:24.103 27960 28002 D cellinfo: 46 bytes from 44.241.174.93: icmp_seq=2202 ttl=44 time=53.9 ms
08-10 22:10:24.302 27960 28002 D cellinfo: 46 bytes from 44.241.174.93: icmp_seq=2203 ttl=44 time=52.4 ms
08-10 22:10:24.503 27960 28002 D cellinfo: 46 bytes from 44.241.174.93: icmp_seq=2204 ttl=44 time=52.8 ms
08-10 22:10:24.713 27960 28002 D cellinfo: 46 bytes from 44.241.174.93: icmp_seq=2205 ttl=44 time=60.5 ms
08-10 22:10:24.826 27960 27960 D cellinfo: Latitude is 40.8481091
08-10 22:10:24.826 27960 27960 D cellinfo: Longitude is -105.2546255
08-10 22:10:24.826 27960 27960 D cellinfo: Instantaneous GPS information: United States, 22453-21527 US-287, Livermore, CO 80536, USA
08-10 22:10:24.826 27960 27960 D cellinfo: getCurrentLocation() result: Location (success): 40.8481091, -105.2546255
08-10 22:10:24.828 27960 27960 D cellinfo: onCellInfoChanged: Operator: T-Mobile UpdateTimestamp: 14745525 CellConnectionStatus: 0
08-10 22:10:24.828 27960 27960 D cellinfo: onCellInfoChanged: LTE Cell Bands: [2] Bandwidth: 15000 Cell ID: 7810315 Physical Cell ID: 221 Tracking Area Code: 41465 EARFCN: 875
08-10 22:10:24.905 27960 28002 D cellinfo: 46 bytes from 44.241.174.93: icmp_seq=2206 ttl=44 time=50.9 ms
08-10 22:10:25.104 27960 28002 D cellinfo: 46 bytes from 44.241.174.93: icmp_seq=2207 ttl=44 time=49.6 ms
08-10 22:10:25.304 27960 28002 D cellinfo: 46 bytes from 44.241.174.93: icmp_seq=2208 ttl=44 time=48.5 ms
08-10 22:10:25.504 27960 28002 D cellinfo: 46 bytes from 44.241.174.93: icmp_seq=2209 ttl=44 time=47.7 ms
08-10 22:10:25.704 27960 28002 D cellinfo: 46 bytes from 44.241.174.93: icmp_seq=2210 ttl=44 time=46.4 ms
08-10 22:10:25.904 27960 28002 D cellinfo: 46 bytes from 44.241.174.93: icmp_seq=2211 ttl=44 time=45.5 ms
08-10 22:10:26.111 27960 28002 D cellinfo: 46 bytes from 44.241.174.93: icmp_seq=2212 ttl=44 time=51.8 ms
08-10 22:10:26.311 27960 28002 D cellinfo: 46 bytes from 44.241.174.93: icmp_seq=2213 ttl=44 time=51.6 ms
08-10 22:10:26.511 27960 28002 D cellinfo: 46 bytes from 44.241.174.93: icmp_seq=2214 ttl=44 time=50.5 ms
08-10 22:10:26.721 27960 28002 D cellinfo: 46 bytes from 44.241.174.93: icmp_seq=2215 ttl=44 time=58.7 ms
08-10 22:10:26.913 27960 28002 D cellinfo: 46 bytes from 44.241.174.93: icmp_seq=2216 ttl=44 time=49.7 ms
08-10 22:10:27.121 27960 28002 D cellinfo: 46 bytes from 44.241.174.93: icmp_seq=2217 ttl=44 time=56.7 ms
08-10 22:10:27.320 27960 28002 D cellinfo: 46 bytes from 44.241.174.93: icmp_seq=2218 ttl=44 time=54.0 ms
08-10 22:10:27.544 27960 28002 D cellinfo: 46 bytes from 44.241.174.93: icmp_seq=2219 ttl=44 time=78.0 ms
08-10 22:10:27.723 27960 28002 D cellinfo: 46 bytes from 44.241.174.93: icmp_seq=2220 ttl=44 time=55.3 ms
08-10 22:10:27.854 27960 27960 D cellinfo: Latitude is 40.8475375
08-10 22:10:27.855 27960 27960 D cellinfo: Longitude is -105.2543045
08-10 22:10:27.855 27960 27960 D cellinfo: Instantaneous GPS information: United States, 22453-21527 US-287, Livermore, CO 80536, USA
08-10 22:10:27.855 27960 27960 D cellinfo: getCurrentLocation() result: Location (success): 40.8475375, -105.2543045
08-10 22:10:27.857 27960 27960 D cellinfo: onCellInfoChanged: Operator: T-Mobile UpdateTimestamp: 14748520 CellConnectionStatus: 0
08-10 22:10:27.857 27960 27960 D cellinfo: onCellInfoChanged: LTE Cell Bands: [2] Bandwidth: 15000 Cell ID: 7810315 Physical Cell ID: 221 Tracking Area Code: 41465 EARFCN: 875
08-10 22:10:27.941 27960 28002 D cellinfo: 46 bytes from 44.241.174.93: icmp_seq=2221 ttl=44 time=71.9 ms
08-10 22:10:28.128 27960 28002 D cellinfo: 46 bytes from 44.241.174.93: icmp_seq=2222 ttl=44 time=58.7 ms
08-10 22:10:28.321 27960 28002 D cellinfo: 46 bytes from 44.241.174.93: icmp_seq=2223 ttl=44 time=50.3 ms
08-10 22:10:28.557 27960 28002 D cellinfo: 46 bytes from 44.241.174.93: icmp_seq=2224 ttl=44 time=85.7 ms
08-10 22:10:28.614 27960 27960 D cellinfo: onsignalStrengthsChanged: LTE Signal Strength info: rsrp: -113 rsrq: -9 rssi: -87 rssnr: 12
08-10 22:10:28.743 27960 28002 D cellinfo: 46 bytes from 44.241.174.93: icmp_seq=2225 ttl=44 time=70.3 ms
08-10 22:10:28.941 27960 28002 D cellinfo: 46 bytes from 44.241.174.93: icmp_seq=2226 ttl=44 time=67.7 ms
08-10 22:10:29.140 27960 28002 D cellinfo: 46 bytes from 44.241.174.93: icmp_seq=2227 ttl=44 time=65.5 ms
08-10 22:10:29.349 27960 28002 D cellinfo: 46 bytes from 44.241.174.93: icmp_seq=2228 ttl=44 time=73.4 ms
08-10 22:10:29.540 27960 28002 D cellinfo: 46 bytes from 44.241.174.93: icmp_seq=2229 ttl=44 time=63.6 ms
08-10 22:10:29.749 27960 28002 D cellinfo: 46 bytes from 44.241.174.93: icmp_seq=2230 ttl=44 time=72.0 ms
08-10 22:10:29.940 27960 28002 D cellinfo: 46 bytes from 44.241.174.93: icmp_seq=2231 ttl=44 time=62.1 ms
08-10 22:10:30.140 27960 28002 D cellinfo: 46 bytes from 44.241.174.93: icmp_seq=2232 ttl=44 time=61.5 ms
08-10 22:10:30.340 27960 28002 D cellinfo: 46 bytes from 44.241.174.93: icmp_seq=2233 ttl=44 time=60.7 ms
08-10 22:10:30.559 27960 28002 D cellinfo: 46 bytes from 44.241.174.93: icmp_seq=2234 ttl=44 time=77.4 ms
08-10 22:10:30.757 27960 28002 D cellinfo: 46 bytes from 44.241.174.93: icmp_seq=2235 ttl=44 time=73.6 ms
08-10 22:10:30.887 27960 27960 D cellinfo: Latitude is 40.8472972
08-10 22:10:30.887 27960 27960 D cellinfo: Longitude is -105.2541694
08-10 22:10:30.887 27960 27960 D cellinfo: Instantaneous GPS information: United States, 22453-21527 US-287, Livermore, CO 80536, USA
08-10 22:10:30.887 27960 27960 D cellinfo: getCurrentLocation() result: Location (success): 40.8472972, -105.2541694
08-10 22:10:30.889 27960 27960 D cellinfo: onCellInfoChanged: Operator: T-Mobile UpdateTimestamp: 14751526 CellConnectionStatus: 0
08-10 22:10:30.889 27960 27960 D cellinfo: onCellInfoChanged: LTE Cell Bands: [2] Bandwidth: 15000 Cell ID: 7810315 Physical Cell ID: 221 Tracking Area Code: 41465 EARFCN: 875
08-10 22:10:30.983 27960 28002 D cellinfo: 46 bytes from 44.241.174.93: icmp_seq=2236 ttl=44 time=97.4 ms
08-10 22:10:31.151 27960 28002 D cellinfo: 46 bytes from 44.241.174.93: icmp_seq=2237 ttl=44 time=64.6 ms
08-10 22:10:31.390 27960 28002 D cellinfo: 46 bytes from 44.241.174.93: icmp_seq=2238 ttl=44 time=102 ms
08-10 22:10:31.583 27960 28002 D cellinfo: 46 bytes from 44.241.174.93: icmp_seq=2239 ttl=44 time=94.5 ms
08-10 22:10:32.033 27960 28002 D cellinfo: 46 bytes from 44.241.174.93: icmp_seq=2240 ttl=44 time=343 ms
08-10 22:10:32.033 27960 28002 D cellinfo: 46 bytes from 44.241.174.93: icmp_seq=2241 ttl=44 time=140 ms
08-10 22:10:32.199 27960 28002 D cellinfo: 46 bytes from 44.241.174.93: icmp_seq=2242 ttl=44 time=107 ms
08-10 22:10:32.380 27960 28002 D cellinfo: 46 bytes from 44.241.174.93: icmp_seq=2243 ttl=44 time=89.1 ms
08-10 22:10:32.620 27960 28002 D cellinfo: 46 bytes from 44.241.174.93: icmp_seq=2244 ttl=44 time=128 ms
08-10 22:10:32.825 27960 28002 D cellinfo: 46 bytes from 44.241.174.93: icmp_seq=2245 ttl=44 time=132 ms
08-10 22:10:33.024 27960 28002 D cellinfo: 46 bytes from 44.241.174.93: icmp_seq=2246 ttl=44 time=131 ms
08-10 22:10:33.241 27960 28002 D cellinfo: 46 bytes from 44.241.174.93: icmp_seq=2247 ttl=44 time=148 ms
08-10 22:10:33.401 27960 28002 D cellinfo: 46 bytes from 44.241.174.93: icmp_seq=2248 ttl=44 time=107 ms
08-10 22:10:33.472 27960 27960 D cellinfo: onCellInfoChanged: Operator: T-Mobile UpdateTimestamp: 14754509 CellConnectionStatus: 0
08-10 22:10:33.472 27960 27960 D cellinfo: onCellInfoChanged: LTE Cell Bands: [2] Bandwidth: 15000 Cell ID: 7810315 Physical Cell ID: 221 Tracking Area Code: 41465 EARFCN: 875
08-10 22:10:33.599 27960 28002 D cellinfo: 46 bytes from 44.241.174.93: icmp_seq=2249 ttl=44 time=104 ms
08-10 22:10:33.786 27960 28002 D cellinfo: 46 bytes from 44.241.174.93: icmp_seq=2250 ttl=44 time=90.8 ms
08-10 22:10:34.005 27960 28002 D cellinfo: 46 bytes from 44.241.174.93: icmp_seq=2251 ttl=44 time=109 ms
08-10 22:10:34.199 27960 28002 D cellinfo: 46 bytes from 44.241.174.93: icmp_seq=2252 ttl=44 time=102 ms
08-10 22:10:34.436 27960 28002 D cellinfo: 46 bytes from 44.241.174.93: icmp_seq=2253 ttl=44 time=139 ms
08-10 22:10:34.596 27960 28002 D cellinfo: 46 bytes from 44.241.174.93: icmp_seq=2254 ttl=44 time=98.9 ms
08-10 22:10:34.905 27960 28002 D cellinfo: 46 bytes from 44.241.174.93: icmp_seq=2255 ttl=44 time=208 ms
08-10 22:10:34.987 27960 28002 D cellinfo: 46 bytes from 44.241.174.93: icmp_seq=2256 ttl=44 time=88.3 ms
08-10 22:10:35.271 27960 28002 D cellinfo: 46 bytes from 44.241.174.93: icmp_seq=2257 ttl=44 time=170 ms
08-10 22:10:35.604 27960 28002 D cellinfo: 46 bytes from 44.241.174.93: icmp_seq=2258 ttl=44 time=302 ms
08-10 22:10:35.661 27960 28002 D cellinfo: 46 bytes from 44.241.174.93: icmp_seq=2259 ttl=44 time=155 ms
08-10 22:10:35.842 27960 28002 D cellinfo: 46 bytes from 44.241.174.93: icmp_seq=2260 ttl=44 time=135 ms
08-10 22:10:35.882 27960 27960 D cellinfo: Latitude is 40.84434
08-10 22:10:35.882 27960 27960 D cellinfo: Longitude is -105.2526897
08-10 22:10:35.882 27960 27960 D cellinfo: Instantaneous GPS information: United States, 22453-21527 US-287, Livermore, CO 80536, USA
08-10 22:10:35.882 27960 27960 D cellinfo: getCurrentLocation() result: Location (success): 40.84434, -105.2526897
08-10 22:10:35.885 27960 27960 D cellinfo: onsignalStrengthsChanged: LTE Signal Strength info: rsrp: -123 rsrq: -13 rssi: -89 rssnr: 4
08-10 22:10:35.997 27960 28002 D cellinfo: 46 bytes from 44.241.174.93: icmp_seq=2261 ttl=44 time=88.9 ms
08-10 22:10:36.179 27960 28002 D cellinfo: 46 bytes from 44.241.174.93: icmp_seq=2262 ttl=44 time=70.8 ms
08-10 22:10:36.381 27960 28002 D cellinfo: 46 bytes from 44.241.174.93: icmp_seq=2263 ttl=44 time=72.9 ms
08-10 22:10:36.435 27960 27960 D cellinfo: Latitude is 40.84434
08-10 22:10:36.435 27960 27960 D cellinfo: Longitude is -105.2526897
08-10 22:10:36.435 27960 27960 D cellinfo: Instantaneous GPS information: United States, 22453-21527 US-287, Livermore, CO 80536, USA
08-10 22:10:36.435 27960 27960 D cellinfo: getCurrentLocation() result: Location (success): 40.84434, -105.2526897
08-10 22:10:36.469 27960 27960 D cellinfo: onCellInfoChanged: Operator: T-Mobile UpdateTimestamp: 14757505 CellConnectionStatus: 0
08-10 22:10:36.469 27960 27960 D cellinfo: onCellInfoChanged: LTE Cell Bands: [2] Bandwidth: 15000 Cell ID: 7810315 Physical Cell ID: 221 Tracking Area Code: 41465 EARFCN: 875
08-10 22:10:36.620 27960 28002 D cellinfo: 46 bytes from 44.241.174.93: icmp_seq=2264 ttl=44 time=111 ms
08-10 22:10:36.785 27960 28002 D cellinfo: 46 bytes from 44.241.174.93: icmp_seq=2265 ttl=44 time=75.0 ms
08-10 22:10:36.980 27960 28002 D cellinfo: 46 bytes from 44.241.174.93: icmp_seq=2266 ttl=44 time=70.2 ms
08-10 22:10:37.179 27960 28002 D cellinfo: 46 bytes from 44.241.174.93: icmp_seq=2267 ttl=44 time=68.2 ms
08-10 22:10:37.396 27960 28002 D cellinfo: 46 bytes from 44.241.174.93: icmp_seq=2268 ttl=44 time=84.7 ms
08-10 22:10:37.596 27960 28002 D cellinfo: 46 bytes from 44.241.174.93: icmp_seq=2269 ttl=44 time=83.4 ms
08-10 22:10:37.839 27960 28002 D cellinfo: 46 bytes from 44.241.174.93: icmp_seq=2270 ttl=44 time=125 ms
08-10 22:10:37.995 27960 28002 D cellinfo: 46 bytes from 44.241.174.93: icmp_seq=2271 ttl=44 time=81.2 ms
08-10 22:10:38.221 27960 28002 D cellinfo: 46 bytes from 44.241.174.93: icmp_seq=2272 ttl=44 time=106 ms
08-10 22:10:38.432 27960 28002 D cellinfo: 46 bytes from 44.241.174.93: icmp_seq=2273 ttl=44 time=117 ms
08-10 22:10:38.588 27960 28002 D cellinfo: 46 bytes from 44.241.174.93: icmp_seq=2274 ttl=44 time=71.6 ms
08-10 22:10:38.786 27960 28002 D cellinfo: 46 bytes from 44.241.174.93: icmp_seq=2275 ttl=44 time=68.7 ms
08-10 22:10:38.997 27960 28002 D cellinfo: 46 bytes from 44.241.174.93: icmp_seq=2276 ttl=44 time=78.6 ms
08-10 22:10:39.181 27960 28002 D cellinfo: 46 bytes from 44.241.174.93: icmp_seq=2277 ttl=44 time=62.3 ms
08-10 22:10:39.389 27960 28002 D cellinfo: 46 bytes from 44.241.174.93: icmp_seq=2278 ttl=44 time=69.5 ms
08-10 22:10:39.683 27960 28002 D cellinfo: 46 bytes from 44.241.174.93: icmp_seq=2279 ttl=44 time=160 ms
08-10 22:10:39.798 27960 28002 D cellinfo: 46 bytes from 44.241.174.93: icmp_seq=2280 ttl=44 time=74.8 ms
08-10 22:10:39.989 27960 28002 D cellinfo: 46 bytes from 44.241.174.93: icmp_seq=2281 ttl=44 time=64.3 ms
08-10 22:10:39.996 27960 27960 D cellinfo: Latitude is 40.8440465
08-10 22:10:39.996 27960 27960 D cellinfo: Longitude is -105.252525
08-10 22:10:39.996 27960 27960 D cellinfo: Instantaneous GPS information: United States, 22453-21527 US-287, Livermore, CO 80536, USA
08-10 22:10:39.996 27960 27960 D cellinfo: getCurrentLocation() result: Location (success): 40.8440465, -105.252525
08-10 22:10:39.999 27960 27960 D cellinfo: onCellInfoChanged: Operator: T-Mobile UpdateTimestamp: 14760498 CellConnectionStatus: 0
08-10 22:10:39.999 27960 27960 D cellinfo: onCellInfoChanged: LTE Cell Bands: [2] Bandwidth: 15000 Cell ID: 7810315 Physical Cell ID: 221 Tracking Area Code: 41465 EARFCN: 875
08-10 22:10:40.188 27960 28002 D cellinfo: 46 bytes from 44.241.174.93: icmp_seq=2282 ttl=44 time=62.9 ms
08-10 22:10:40.398 27960 28002 D cellinfo: 46 bytes from 44.241.174.93: icmp_seq=2283 ttl=44 time=72.0 ms
08-10 22:10:40.619 27960 28002 D cellinfo: 46 bytes from 44.241.174.93: icmp_seq=2284 ttl=44 time=93.0 ms
