08-10 23:21:24.022  5910  5982 D cellinfo: 46 bytes from 44.241.174.93: icmp_seq=7123 ttl=44 time=47.5 ms
08-10 23:21:24.221  5910  5982 D cellinfo: 46 bytes from 44.241.174.93: icmp_seq=7124 ttl=44 time=46.4 ms
08-10 23:21:24.431  5910  5982 D cellinfo: 46 bytes from 44.241.174.93: icmp_seq=7125 ttl=44 time=54.3 ms
08-10 23:21:24.500  5910  5910 D cellinfo: Latitude is 39.9954716
08-10 23:21:24.500  5910  5910 D cellinfo: Longitude is -104.9835528
08-10 23:21:24.500  5910  5910 D cellinfo: Instantaneous GPS information: United States, 16509 N, 16509 Washington St, Thornton, CO 80023, USA
08-10 23:21:24.500  5910  5910 D cellinfo: getCurrentLocation() result: Location (success): 39.9954716, -104.9835528
08-10 23:21:24.622  5910  5982 D cellinfo: 46 bytes from 44.241.174.93: icmp_seq=7126 ttl=44 time=44.2 ms
08-10 23:21:24.823  5910  5982 D cellinfo: 46 bytes from 44.241.174.93: icmp_seq=7127 ttl=44 time=44.1 ms
08-10 23:21:25.023  5910  5982 D cellinfo: 46 bytes from 44.241.174.93: icmp_seq=7128 ttl=44 time=43.7 ms
08-10 23:21:25.131  5910  5910 D cellinfo: onsignalStrengthsChanged: LTE Signal Strength info: rsrp: -79 rsrq: -14 rssi: -51 rssnr: 21
08-10 23:21:25.131  5910  5910 D cellinfo: onsignalStrengthsChanged: 5G-NR Signal Strength info: ssrsrp: -87 ssrsrq: -11 sssinr: 2147483647
08-10 23:21:25.221  5910  5982 D cellinfo: 46 bytes from 44.241.174.93: icmp_seq=7129 ttl=44 time=42.4 ms
08-10 23:21:25.248  5910  5910 D cellinfo: onsignalStrengthsChanged: LTE Signal Strength info: rsrp: -79 rsrq: -14 rssi: -51 rssnr: 21
08-10 23:21:25.248  5910  5910 D cellinfo: onsignalStrengthsChanged: 5G-NR Signal Strength info: ssrsrp: -84 ssrsrq: -11 sssinr: 2147483647
08-10 23:21:25.450  5910  5982 D cellinfo: 46 bytes from 44.241.174.93: icmp_seq=7130 ttl=44 time=70.4 ms
08-10 23:21:25.641  5910  5982 D cellinfo: 46 bytes from 44.241.174.93: icmp_seq=7131 ttl=44 time=60.5 ms
08-10 23:21:25.842  5910  5982 D cellinfo: 46 bytes from 44.241.174.93: icmp_seq=7132 ttl=44 time=61.3 ms
08-10 23:21:26.043  5910  5982 D cellinfo: 46 bytes from 44.241.174.93: icmp_seq=7133 ttl=44 time=60.6 ms
08-10 23:21:26.057  5910  5910 D cellinfo: Latitude is 39.9954716
08-10 23:21:26.057  5910  5910 D cellinfo: Longitude is -104.9835528
08-10 23:21:26.057  5910  5910 D cellinfo: Instantaneous GPS information: United States, 16509 N, 16509 Washington St, Thornton, CO 80023, USA
08-10 23:21:26.057  5910  5910 D cellinfo: getCurrentLocation() result: Location (success): 39.9954716, -104.9835528
08-10 23:21:26.107  5910  5910 D cellinfo: onCellInfoChanged: Operator: T-Mobile UpdateTimestamp: 19007142 CellConnectionStatus: 0
08-10 23:21:26.107  5910  5910 D cellinfo: onCellInfoChanged: LTE Cell Bands: [2] Bandwidth: 15000 Cell ID: 26609163 Physical Cell ID: 186 Tracking Area Code: 41463 EARFCN: 875
08-10 23:21:26.242  5910  5982 D cellinfo: 46 bytes from 44.241.174.93: icmp_seq=7134 ttl=44 time=60.0 ms
08-10 23:21:26.450  5910  5982 D cellinfo: 46 bytes from 44.241.174.93: icmp_seq=7135 ttl=44 time=67.4 ms
08-10 23:21:26.647  5910  5982 D cellinfo: 46 bytes from 44.241.174.93: icmp_seq=7136 ttl=44 time=63.6 ms
08-10 23:21:26.844  5910  5982 D cellinfo: 46 bytes from 44.241.174.93: icmp_seq=7137 ttl=44 time=59.8 ms
08-10 23:21:27.042  5910  5982 D cellinfo: 46 bytes from 44.241.174.93: icmp_seq=7138 ttl=44 time=57.1 ms
08-10 23:21:27.248  5910  5982 D cellinfo: 46 bytes from 44.241.174.93: icmp_seq=7139 ttl=44 time=63.4 ms
08-10 23:21:27.451  5910  5982 D cellinfo: 46 bytes from 44.241.174.93: icmp_seq=7140 ttl=44 time=64.7 ms
08-10 23:21:27.642  5910  5982 D cellinfo: 46 bytes from 44.241.174.93: icmp_seq=7141 ttl=44 time=55.2 ms
08-10 23:21:27.812  5910  5910 D cellinfo: onsignalStrengthsChanged: LTE Signal Strength info: rsrp: -85 rsrq: -15 rssi: -51 rssnr: 14
08-10 23:21:27.812  5910  5910 D cellinfo: onsignalStrengthsChanged: 5G-NR Signal Strength info: ssrsrp: -84 ssrsrq: -11 sssinr: 2147483647
08-10 23:21:27.844  5910  5982 D cellinfo: 46 bytes from 44.241.174.93: icmp_seq=7142 ttl=44 time=56.8 ms
08-10 23:21:28.041  5910  5982 D cellinfo: 46 bytes from 44.241.174.93: icmp_seq=7143 ttl=44 time=53.5 ms
08-10 23:21:28.242  5910  5982 D cellinfo: 46 bytes from 44.241.174.93: icmp_seq=7144 ttl=44 time=53.4 ms
08-10 23:21:28.253  5910  5910 D cellinfo: onsignalStrengthsChanged: LTE Signal Strength info: rsrp: -85 rsrq: -15 rssi: -51 rssnr: 14
08-10 23:21:28.253  5910  5910 D cellinfo: onsignalStrengthsChanged: 5G-NR Signal Strength info: ssrsrp: -77 ssrsrq: -11 sssinr: 2147483647
08-10 23:21:28.442  5910  5982 D cellinfo: 46 bytes from 44.241.174.93: icmp_seq=7145 ttl=44 time=52.6 ms
08-10 23:21:28.642  5910  5982 D cellinfo: 46 bytes from 44.241.174.93: icmp_seq=7146 ttl=44 time=53.0 ms
08-10 23:21:28.843  5910  5982 D cellinfo: 46 bytes from 44.241.174.93: icmp_seq=7147 ttl=44 time=52.5 ms
08-10 23:21:29.041  5910  5982 D cellinfo: 46 bytes from 44.241.174.93: icmp_seq=7148 ttl=44 time=49.7 ms
08-10 23:21:29.259  5910  5982 D cellinfo: 46 bytes from 44.241.174.93: icmp_seq=7149 ttl=44 time=67.5 ms
08-10 23:21:29.400  5910  5910 D cellinfo: Latitude is 39.9949992
08-10 23:21:29.400  5910  5910 D cellinfo: Longitude is -104.9838023
08-10 23:21:29.400  5910  5910 D cellinfo: Instantaneous GPS information: United States, Dwight D. Eisenhower Hwy, Broomfield, CO 80023, USA
08-10 23:21:29.400  5910  5910 D cellinfo: getCurrentLocation() result: Location (success): 39.9949992, -104.9838023
08-10 23:21:29.403  5910  5910 D cellinfo: onCellInfoChanged: Operator: T-Mobile UpdateTimestamp: 19010145 CellConnectionStatus: 0
08-10 23:21:29.403  5910  5910 D cellinfo: onCellInfoChanged: LTE Cell Bands: [2] Bandwidth: 15000 Cell ID: 26609163 Physical Cell ID: 186 Tracking Area Code: 41463 EARFCN: 875
08-10 23:21:29.442  5910  5982 D cellinfo: 46 bytes from 44.241.174.93: icmp_seq=7150 ttl=44 time=50.2 ms
08-10 23:21:29.641  5910  5982 D cellinfo: 46 bytes from 44.241.174.93: icmp_seq=7151 ttl=44 time=48.5 ms
08-10 23:21:29.842  5910  5982 D cellinfo: 46 bytes from 44.241.174.93: icmp_seq=7152 ttl=44 time=47.5 ms
08-10 23:21:30.044  5910  5982 D cellinfo: 46 bytes from 44.241.174.93: icmp_seq=7153 ttl=44 time=48.5 ms
08-10 23:21:30.243  5910  5982 D cellinfo: 46 bytes from 44.241.174.93: icmp_seq=7154 ttl=44 time=47.1 ms
08-10 23:21:30.441  5910  5982 D cellinfo: 46 bytes from 44.241.174.93: icmp_seq=7155 ttl=44 time=44.7 ms
08-10 23:21:30.642  5910  5982 D cellinfo: 46 bytes from 44.241.174.93: icmp_seq=7156 ttl=44 time=44.1 ms
08-10 23:21:30.842  5910  5982 D cellinfo: 46 bytes from 44.241.174.93: icmp_seq=7157 ttl=44 time=42.5 ms
08-10 23:21:31.043  5910  5982 D cellinfo: 46 bytes from 44.241.174.93: icmp_seq=7158 ttl=44 time=43.2 ms
08-10 23:21:31.138  5910  5910 D cellinfo: onsignalStrengthsChanged: LTE Signal Strength info: rsrp: -81 rsrq: -14 rssi: -51 rssnr: 19
08-10 23:21:31.138  5910  5910 D cellinfo: onsignalStrengthsChanged: 5G-NR Signal Strength info: ssrsrp: -77 ssrsrq: -11 sssinr: 2147483647
08-10 23:21:31.249  5910  5910 D cellinfo: onsignalStrengthsChanged: LTE Signal Strength info: rsrp: -81 rsrq: -14 rssi: -51 rssnr: 19
08-10 23:21:31.249  5910  5910 D cellinfo: onsignalStrengthsChanged: 5G-NR Signal Strength info: ssrsrp: -78 ssrsrq: -11 sssinr: 2147483647
08-10 23:21:31.266  5910  5982 D cellinfo: 46 bytes from 44.241.174.93: icmp_seq=7159 ttl=44 time=66.2 ms
08-10 23:21:31.469  5910  5982 D cellinfo: 46 bytes from 44.241.174.93: icmp_seq=7160 ttl=44 time=68.1 ms
08-10 23:21:31.661  5910  5982 D cellinfo: 46 bytes from 44.241.174.93: icmp_seq=7161 ttl=44 time=59.4 ms
08-10 23:21:31.862  5910  5982 D cellinfo: 46 bytes from 44.241.174.93: icmp_seq=7162 ttl=44 time=58.6 ms
08-10 23:21:32.048  5910  5982 D cellinfo: 46 bytes from 44.241.174.93: icmp_seq=7163 ttl=44 time=45.0 ms
08-10 23:21:32.248  5910  5982 D cellinfo: 46 bytes from 44.241.174.93: icmp_seq=7164 ttl=44 time=44.4 ms
08-10 23:21:32.397  5910  5910 D cellinfo: Latitude is 39.9943881
08-10 23:21:32.397  5910  5910 D cellinfo: Longitude is -104.9841257
08-10 23:21:32.397  5910  5910 D cellinfo: Instantaneous GPS information: United States, Dwight D. Eisenhower Hwy, Broomfield, CO 80023, USA
08-10 23:21:32.397  5910  5910 D cellinfo: getCurrentLocation() result: Location (success): 39.9943881, -104.9841257
08-10 23:21:32.398  5910  5910 D cellinfo: onCellInfoChanged: Operator: T-Mobile UpdateTimestamp: 19013126 CellConnectionStatus: 0
08-10 23:21:32.399  5910  5910 D cellinfo: onCellInfoChanged: LTE Cell Bands: [2] Bandwidth: 15000 Cell ID: 26609163 Physical Cell ID: 186 Tracking Area Code: 41463 EARFCN: 875
08-10 23:21:32.476  5910  5982 D cellinfo: 46 bytes from 44.241.174.93: icmp_seq=7165 ttl=44 time=71.2 ms
08-10 23:21:32.663  5910  5982 D cellinfo: 46 bytes from 44.241.174.93: icmp_seq=7166 ttl=44 time=57.1 ms
08-10 23:21:32.863  5910  5982 D cellinfo: 46 bytes from 44.241.174.93: icmp_seq=7167 ttl=44 time=56.4 ms
08-10 23:21:33.062  5910  5982 D cellinfo: 46 bytes from 44.241.174.93: icmp_seq=7168 ttl=44 time=54.4 ms
08-10 23:21:33.270  5910  5982 D cellinfo: 46 bytes from 44.241.174.93: icmp_seq=7169 ttl=44 time=61.7 ms
08-10 23:21:33.462  5910  5982 D cellinfo: 46 bytes from 44.241.174.93: icmp_seq=7170 ttl=44 time=52.3 ms
08-10 23:21:33.662  5910  5982 D cellinfo: 46 bytes from 44.241.174.93: icmp_seq=7171 ttl=44 time=51.5 ms
08-10 23:21:33.862  5910  5982 D cellinfo: 46 bytes from 44.241.174.93: icmp_seq=7172 ttl=44 time=50.2 ms
08-10 23:21:34.062  5910  5982 D cellinfo: 46 bytes from 44.241.174.93: icmp_seq=7173 ttl=44 time=49.7 ms
08-10 23:21:34.137  5910  5910 D cellinfo: onsignalStrengthsChanged: LTE Signal Strength info: rsrp: -78 rsrq: -12 rssi: -51 rssnr: 17
08-10 23:21:34.137  5910  5910 D cellinfo: onsignalStrengthsChanged: 5G-NR Signal Strength info: ssrsrp: -78 ssrsrq: -11 sssinr: 2147483647
08-10 23:21:34.262  5910  5982 D cellinfo: 46 bytes from 44.241.174.93: icmp_seq=7174 ttl=44 time=49.3 ms
08-10 23:21:34.469  5910  5982 D cellinfo: 46 bytes from 44.241.174.93: icmp_seq=7175 ttl=44 time=55.3 ms
08-10 23:21:34.661  5910  5982 D cellinfo: 46 bytes from 44.241.174.93: icmp_seq=7176 ttl=44 time=46.4 ms
08-10 23:21:34.863  5910  5982 D cellinfo: 46 bytes from 44.241.174.93: icmp_seq=7177 ttl=44 time=46.9 ms
08-10 23:21:35.062  5910  5982 D cellinfo: 46 bytes from 44.241.174.93: icmp_seq=7178 ttl=44 time=45.4 ms
08-10 23:21:35.269  5910  5982 D cellinfo: 46 bytes from 44.241.174.93: icmp_seq=7179 ttl=44 time=51.6 ms
08-10 23:21:35.438  5910  5910 D cellinfo: Latitude is 39.9941938
08-10 23:21:35.438  5910  5910 D cellinfo: Longitude is -104.984229
08-10 23:21:35.438  5910  5910 D cellinfo: Instantaneous GPS information: United States, Dwight D. Eisenhower Hwy, Broomfield, CO 80023, USA
08-10 23:21:35.438  5910  5910 D cellinfo: getCurrentLocation() result: Location (success): 39.9941938, -104.984229
08-10 23:21:35.440  5910  5910 D cellinfo: onCellInfoChanged: Operator: T-Mobile UpdateTimestamp: 19016145 CellConnectionStatus: 0
08-10 23:21:35.440  5910  5910 D cellinfo: onCellInfoChanged: LTE Cell Bands: [2] Bandwidth: 15000 Cell ID: 26609163 Physical Cell ID: 186 Tracking Area Code: 41463 EARFCN: 875
08-10 23:21:35.462  5910  5982 D cellinfo: 46 bytes from 44.241.174.93: icmp_seq=7180 ttl=44 time=43.7 ms
08-10 23:21:35.661  5910  5982 D cellinfo: 46 bytes from 44.241.174.93: icmp_seq=7181 ttl=44 time=42.7 ms
08-10 23:21:35.862  5910  5982 D cellinfo: 46 bytes from 44.241.174.93: icmp_seq=7182 ttl=44 time=43.6 ms
08-10 23:21:36.081  5910  5982 D cellinfo: 46 bytes from 44.241.174.93: icmp_seq=7183 ttl=44 time=61.2 ms
08-10 23:21:36.292  5910  5982 D cellinfo: 46 bytes from 44.241.174.93: icmp_seq=7184 ttl=44 time=71.3 ms
08-10 23:21:36.483  5910  5982 D cellinfo: 46 bytes from 44.241.174.93: icmp_seq=7185 ttl=44 time=60.9 ms
08-10 23:21:36.684  5910  5982 D cellinfo: 46 bytes from 44.241.174.93: icmp_seq=7186 ttl=44 time=61.0 ms
08-10 23:21:36.773  5910  5910 D cellinfo: onsignalStrengthsChanged: LTE Signal Strength info: rsrp: -74 rsrq: -14 rssi: -51 rssnr: 23
08-10 23:21:36.773  5910  5910 D cellinfo: onsignalStrengthsChanged: 5G-NR Signal Strength info: ssrsrp: -78 ssrsrq: -11 sssinr: 2147483647
08-10 23:21:36.884  5910  5982 D cellinfo: 46 bytes from 44.241.174.93: icmp_seq=7187 ttl=44 time=60.1 ms
08-10 23:21:37.084  5910  5982 D cellinfo: 46 bytes from 44.241.174.93: icmp_seq=7188 ttl=44 time=59.7 ms
08-10 23:21:37.250  5910  5910 D cellinfo: onsignalStrengthsChanged: LTE Signal Strength info: rsrp: -74 rsrq: -14 rssi: -51 rssnr: 23
08-10 23:21:37.250  5910  5910 D cellinfo: onsignalStrengthsChanged: 5G-NR Signal Strength info: ssrsrp: -77 ssrsrq: -11 sssinr: 2147483647
08-10 23:21:37.281  5910  5982 D cellinfo: 46 bytes from 44.241.174.93: icmp_seq=7189 ttl=44 time=56.3 ms
08-10 23:21:37.481  5910  5982 D cellinfo: 46 bytes from 44.241.174.93: icmp_seq=7190 ttl=44 time=55.3 ms
08-10 23:21:37.684  5910  5982 D cellinfo: 46 bytes from 44.241.174.93: icmp_seq=7191 ttl=44 time=56.9 ms
08-10 23:21:37.890  5910  5982 D cellinfo: 46 bytes from 44.241.174.93: icmp_seq=7192 ttl=44 time=62.4 ms
08-10 23:21:38.083  5910  5982 D cellinfo: 46 bytes from 44.241.174.93: icmp_seq=7193 ttl=44 time=54.3 ms
08-10 23:21:38.100  5910  5910 D cellinfo: onCellInfoChanged: Operator: T-Mobile UpdateTimestamp: 19019134 CellConnectionStatus: 0
08-10 23:21:38.101  5910  5910 D cellinfo: onCellInfoChanged: LTE Cell Bands: [2] Bandwidth: 15000 Cell ID: 26609163 Physical Cell ID: 186 Tracking Area Code: 41463 EARFCN: 875
08-10 23:21:38.281  5910  5982 D cellinfo: 46 bytes from 44.241.174.93: icmp_seq=7194 ttl=44 time=51.5 ms
08-10 23:21:38.481  5910  5982 D cellinfo: 46 bytes from 44.241.174.93: icmp_seq=7195 ttl=44 time=51.1 ms
08-10 23:21:38.681  5910  5982 D cellinfo: 46 bytes from 44.241.174.93: icmp_seq=7196 ttl=44 time=50.4 ms
08-10 23:21:38.883  5910  5982 D cellinfo: 46 bytes from 44.241.174.93: icmp_seq=7197 ttl=44 time=51.0 ms
08-10 23:21:39.084  5910  5982 D cellinfo: 46 bytes from 44.241.174.93: icmp_seq=7198 ttl=44 time=50.9 ms
08-10 23:21:39.282  5910  5982 D cellinfo: 46 bytes from 44.241.174.93: icmp_seq=7199 ttl=44 time=48.6 ms
08-10 23:21:39.483  5910  5982 D cellinfo: 46 bytes from 44.241.174.93: icmp_seq=7200 ttl=44 time=48.4 ms
08-10 23:21:39.518  5910  5910 D cellinfo: Latitude is 39.9912881
08-10 23:21:39.518  5910  5910 D cellinfo: Longitude is -104.9857114
08-10 23:21:39.518  5910  5910 D cellinfo: Instantaneous GPS information: United States, 16321 I-25, Broomfield, CO 80023, USA
08-10 23:21:39.518  5910  5910 D cellinfo: getCurrentLocation() result: Location (success): 39.9912881, -104.9857114
08-10 23:21:39.682  5910  5982 D cellinfo: 46 bytes from 44.241.174.93: icmp_seq=7201 ttl=44 time=46.9 ms
08-10 23:21:39.882  5910  5982 D cellinfo: 46 bytes from 44.241.174.93: icmp_seq=7202 ttl=44 time=45.5 ms
08-10 23:21:40.084  5910  5982 D cellinfo: 46 bytes from 44.241.174.93: icmp_seq=7203 ttl=44 time=47.5 ms
08-10 23:21:40.137  5910  5910 D cellinfo: onsignalStrengthsChanged: LTE Signal Strength info: rsrp: -71 rsrq: -14 rssi: -51 rssnr: 22
08-10 23:21:40.138  5910  5910 D cellinfo: onsignalStrengthsChanged: 5G-NR Signal Strength info: ssrsrp: -77 ssrsrq: -11 sssinr: 2147483647
08-10 23:21:40.282  5910  5982 D cellinfo: 46 bytes from 44.241.174.93: icmp_seq=7204 ttl=44 time=44.2 ms
08-10 23:21:40.490  5910  5982 D cellinfo: 46 bytes from 44.241.174.93: icmp_seq=7205 ttl=44 time=52.1 ms
08-10 23:21:40.681  5910  5982 D cellinfo: 46 bytes from 44.241.174.93: icmp_seq=7206 ttl=44 time=41.9 ms
08-10 23:21:40.901  5910  5982 D cellinfo: 46 bytes from 44.241.174.93: icmp_seq=7207 ttl=44 time=61.2 ms
08-10 23:21:41.056  5910  5910 D cellinfo: Latitude is 39.9912881
08-10 23:21:41.056  5910  5910 D cellinfo: Longitude is -104.9857114
08-10 23:21:41.056  5910  5910 D cellinfo: Instantaneous GPS information: United States, 16321 I-25, Broomfield, CO 80023, USA
08-10 23:21:41.056  5910  5910 D cellinfo: getCurrentLocation() result: Location (success): 39.9912881, -104.9857114
08-10 23:21:41.093  5910  5910 D cellinfo: onCellInfoChanged: Operator: T-Mobile UpdateTimestamp: 19022128 CellConnectionStatus: 0
08-10 23:21:41.093  5910  5910 D cellinfo: onCellInfoChanged: LTE Cell Bands: [2] Bandwidth: 15000 Cell ID: 26609163 Physical Cell ID: 186 Tracking Area Code: 41463 EARFCN: 875
08-10 23:21:41.109  5910  5982 D cellinfo: 46 bytes from 44.241.174.93: icmp_seq=7208 ttl=44 time=68.4 ms
08-10 23:21:41.303  5910  5982 D cellinfo: 46 bytes from 44.241.174.93: icmp_seq=7209 ttl=44 time=60.7 ms
08-10 23:21:41.490  5910  5982 D cellinfo: 46 bytes from 44.241.174.93: icmp_seq=7210 ttl=44 time=47.2 ms
08-10 23:21:41.703  5910  5982 D cellinfo: 46 bytes from 44.241.174.93: icmp_seq=7211 ttl=44 time=59.1 ms
08-10 23:21:41.901  5910  5982 D cellinfo: 46 bytes from 44.241.174.93: icmp_seq=7212 ttl=44 time=56.6 ms
08-10 23:21:42.102  5910  5982 D cellinfo: 46 bytes from 44.241.174.93: icmp_seq=7213 ttl=44 time=57.0 ms
08-10 23:21:42.302  5910  5982 D cellinfo: 46 bytes from 44.241.174.93: icmp_seq=7214 ttl=44 time=56.6 ms
08-10 23:21:42.503  5910  5982 D cellinfo: 46 bytes from 44.241.174.93: icmp_seq=7215 ttl=44 time=56.3 ms
08-10 23:21:42.702  5910  5982 D cellinfo: 46 bytes from 44.241.174.93: icmp_seq=7216 ttl=44 time=54.2 ms
08-10 23:21:42.904  5910  5982 D cellinfo: 46 bytes from 44.241.174.93: icmp_seq=7217 ttl=44 time=55.0 ms
08-10 23:21:43.101  5910  5982 D cellinfo: 46 bytes from 44.241.174.93: icmp_seq=7218 ttl=44 time=51.4 ms
08-10 23:21:43.141  5910  5910 D cellinfo: onsignalStrengthsChanged: LTE Signal Strength info: rsrp: -76 rsrq: -14 rssi: -51 rssnr: 18
08-10 23:21:43.141  5910  5910 D cellinfo: onsignalStrengthsChanged: 5G-NR Signal Strength info: ssrsrp: -77 ssrsrq: -11 sssinr: 2147483647
08-10 23:21:43.247  5910  5910 D cellinfo: onsignalStrengthsChanged: LTE Signal Strength info: rsrp: -76 rsrq: -14 rssi: -51 rssnr: 18
08-10 23:21:43.247  5910  5910 D cellinfo: onsignalStrengthsChanged: 5G-NR Signal Strength info: ssrsrp: -75 ssrsrq: -11 sssinr: 2147483647
08-10 23:21:43.308  5910  5982 D cellinfo: 46 bytes from 44.241.174.93: icmp_seq=7219 ttl=44 time=57.3 ms
08-10 23:21:43.502  5910  5982 D cellinfo: 46 bytes from 44.241.174.93: icmp_seq=7220 ttl=44 time=49.6 ms
08-10 23:21:43.702  5910  5982 D cellinfo: 46 bytes from 44.241.174.93: icmp_seq=7221 ttl=44 time=49.4 ms
08-10 23:21:43.903  5910  5982 D cellinfo: 46 bytes from 44.241.174.93: icmp_seq=7222 ttl=44 time=49.5 ms
08-10 23:21:44.103  5910  5982 D cellinfo: 46 bytes from 44.241.174.93: icmp_seq=7223 ttl=44 time=48.5 ms
08-10 23:21:44.302  5910  5982 D cellinfo: 46 bytes from 44.241.174.93: icmp_seq=7224 ttl=44 time=45.8 ms
08-10 23:21:44.333  5910  5910 D cellinfo: Latitude is 39.9908455
08-10 23:21:44.333  5910  5910 D cellinfo: Longitude is -104.9859451
08-10 23:21:44.333  5910  5910 D cellinfo: Instantaneous GPS information: United States, 16375 Washington St, Thornton, CO 80023, USA
08-10 23:21:44.333  5910  5910 D cellinfo: getCurrentLocation() result: Location (success): 39.9908455, -104.9859451
08-10 23:21:44.335  5910  5910 D cellinfo: onCellInfoChanged: Operator: T-Mobile UpdateTimestamp: 19025130 CellConnectionStatus: 0
08-10 23:21:44.335  5910  5910 D cellinfo: onCellInfoChanged: LTE Cell Bands: [2] Bandwidth: 15000 Cell ID: 26609163 Physical Cell ID: 186 Tracking Area Code: 41463 EARFCN: 875
08-10 23:21:44.502  5910  5982 D cellinfo: 46 bytes from 44.241.174.93: icmp_seq=7225 ttl=44 time=45.5 ms
08-10 23:21:44.701  5910  5982 D cellinfo: 46 bytes from 44.241.174.93: icmp_seq=7226 ttl=44 time=43.4 ms
08-10 23:21:44.902  5910  5982 D cellinfo: 46 bytes from 44.241.174.93: icmp_seq=7227 ttl=44 time=43.5 ms
08-10 23:21:45.123  5910  5982 D cellinfo: 46 bytes from 44.241.174.93: icmp_seq=7228 ttl=44 time=62.7 ms
08-10 23:21:45.324  5910  5982 D cellinfo: 46 bytes from 44.241.174.93: icmp_seq=7229 ttl=44 time=63.5 ms
08-10 23:21:45.522  5910  5982 D cellinfo: 46 bytes from 44.241.174.93: icmp_seq=7230 ttl=44 time=60.8 ms
08-10 23:21:45.722  5910  5982 D cellinfo: 46 bytes from 44.241.174.93: icmp_seq=7231 ttl=44 time=60.4 ms
08-10 23:21:45.732  5910  5910 D cellinfo: onsignalStrengthsChanged: LTE Signal Strength info: rsrp: -79 rsrq: -12 rssi: -51 rssnr: 16
08-10 23:21:45.732  5910  5910 D cellinfo: onsignalStrengthsChanged: 5G-NR Signal Strength info: ssrsrp: -75 ssrsrq: -11 sssinr: 2147483647
08-10 23:21:45.921  5910  5982 D cellinfo: 46 bytes from 44.241.174.93: icmp_seq=7232 ttl=44 time=58.2 ms
08-10 23:21:46.122  5910  5982 D cellinfo: 46 bytes from 44.241.174.93: icmp_seq=7233 ttl=44 time=58.4 ms
08-10 23:21:46.248  5910  5910 D cellinfo: onsignalStrengthsChanged: LTE Signal Strength info: rsrp: -79 rsrq: -12 rssi: -51 rssnr: 16
08-10 23:21:46.248  5910  5910 D cellinfo: onsignalStrengthsChanged: 5G-NR Signal Strength info: ssrsrp: -72 ssrsrq: -11 sssinr: 2147483647
08-10 23:21:46.322  5910  5982 D cellinfo: 46 bytes from 44.241.174.93: icmp_seq=7234 ttl=44 time=55.5 ms
08-10 23:21:46.522  5910  5982 D cellinfo: 46 bytes from 44.241.174.93: icmp_seq=7235 ttl=44 time=54.2 ms
08-10 23:21:46.729  5910  5982 D cellinfo: 46 bytes from 44.241.174.93: icmp_seq=7236 ttl=44 time=60.3 ms
08-10 23:21:46.921  5910  5982 D cellinfo: 46 bytes from 44.241.174.93: icmp_seq=7237 ttl=44 time=51.6 ms
08-10 23:21:47.121  5910  5982 D cellinfo: 46 bytes from 44.241.174.93: icmp_seq=7238 ttl=44 time=50.8 ms
08-10 23:21:47.322  5910  5982 D cellinfo: 46 bytes from 44.241.174.93: icmp_seq=7239 ttl=44 time=50.9 ms
08-10 23:21:47.419  5910  5910 D cellinfo: Latitude is 39.990227
08-10 23:21:47.419  5910  5910 D cellinfo: Longitude is -104.9862725
08-10 23:21:47.419  5910  5910 D cellinfo: Instantaneous GPS information: United States, 16201 I-25, Broomfield, CO 80023, USA
08-10 23:21:47.419  5910  5910 D cellinfo: getCurrentLocation() result: Location (success): 39.990227, -104.9862725
08-10 23:21:47.422  5910  5910 D cellinfo: onCellInfoChanged: Operator: T-Mobile UpdateTimestamp: 19028144 CellConnectionStatus: 0
08-10 23:21:47.422  5910  5910 D cellinfo: onCellInfoChanged: LTE Cell Bands: [2] Bandwidth: 15000 Cell ID: 26609163 Physical Cell ID: 186 Tracking Area Code: 41463 EARFCN: 875
08-10 23:21:47.529  5910  5982 D cellinfo: 46 bytes from 44.241.174.93: icmp_seq=7240 ttl=44 time=56.7 ms
08-10 23:21:47.722  5910  5982 D cellinfo: 46 bytes from 44.241.174.93: icmp_seq=7241 ttl=44 time=49.5 ms
08-10 23:21:47.922  5910  5982 D cellinfo: 46 bytes from 44.241.174.93: icmp_seq=7242 ttl=44 time=48.5 ms
08-10 23:21:48.129  5910  5982 D cellinfo: 46 bytes from 44.241.174.93: icmp_seq=7243 ttl=44 time=54.6 ms
08-10 23:21:48.322  5910  5982 D cellinfo: 46 bytes from 44.241.174.93: icmp_seq=7244 ttl=44 time=47.5 ms
08-10 23:21:48.521  5910  5982 D cellinfo: 46 bytes from 44.241.174.93: icmp_seq=7245 ttl=44 time=46.4 ms
08-10 23:21:48.723  5910  5982 D cellinfo: 46 bytes from 44.241.174.93: icmp_seq=7246 ttl=44 time=47.3 ms
08-10 23:21:48.922  5910  5982 D cellinfo: 46 bytes from 44.241.174.93: icmp_seq=7247 ttl=44 time=44.5 ms
08-10 23:21:49.122  5910  5982 D cellinfo: 46 bytes from 44.241.174.93: icmp_seq=7248 ttl=44 time=43.4 ms
08-10 23:21:49.141  5910  5910 D cellinfo: onsignalStrengthsChanged: LTE Signal Strength info: rsrp: -77 rsrq: -14 rssi: -51 rssnr: 17
08-10 23:21:49.141  5910  5910 D cellinfo: onsignalStrengthsChanged: 5G-NR Signal Strength info: ssrsrp: -72 ssrsrq: -11 sssinr: 2147483647
08-10 23:21:49.344  5910  5982 D cellinfo: 46 bytes from 44.241.174.93: icmp_seq=7249 ttl=44 time=64.7 ms
08-10 23:21:49.541  5910  5982 D cellinfo: 46 bytes from 44.241.174.93: icmp_seq=7250 ttl=44 time=61.5 ms
08-10 23:21:49.734  5910  5982 D cellinfo: 46 bytes from 44.241.174.93: icmp_seq=7251 ttl=44 time=53.8 ms
08-10 23:21:49.949  5910  5982 D cellinfo: 46 bytes from 44.241.174.93: icmp_seq=7252 ttl=44 time=68.7 ms
08-10 23:21:50.128  5910  5982 D cellinfo: 46 bytes from 44.241.174.93: icmp_seq=7253 ttl=44 time=46.9 ms
08-10 23:21:50.350  5910  5982 D cellinfo: 46 bytes from 44.241.174.93: icmp_seq=7254 ttl=44 time=67.7 ms
08-10 23:21:50.385  5910  5910 D cellinfo: Latitude is 39.989995
08-10 23:21:50.385  5910  5910 D cellinfo: Longitude is -104.986396
08-10 23:21:50.385  5910  5910 D cellinfo: Instantaneous GPS information: United States, 16201 I-25, Broomfield, CO 80023, USA
08-10 23:21:50.385  5910  5910 D cellinfo: getCurrentLocation() result: Location (success): 39.989995, -104.986396
08-10 23:21:50.387  5910  5910 D cellinfo: onCellInfoChanged: Operator: T-Mobile UpdateTimestamp: 19031129 CellConnectionStatus: 0
08-10 23:21:50.387  5910  5910 D cellinfo: onCellInfoChanged: LTE Cell Bands: [2] Bandwidth: 15000 Cell ID: 26609163 Physical Cell ID: 186 Tracking Area Code: 41463 EARFCN: 875
08-10 23:21:50.541  5910  5982 D cellinfo: 46 bytes from 44.241.174.93: icmp_seq=7255 ttl=44 time=58.3 ms
08-10 23:21:50.721  5910  5982 D cellinfo: 46 bytes from 44.241.174.93: icmp_seq=7256 ttl=44 time=37.4 ms
08-10 23:21:50.942  5910  5982 D cellinfo: 46 bytes from 44.241.174.93: icmp_seq=7257 ttl=44 time=56.9 ms
08-10 23:21:51.142  5910  5982 D cellinfo: 46 bytes from 44.241.174.93: icmp_seq=7258 ttl=44 time=56.3 ms
08-10 23:21:51.349  5910  5982 D cellinfo: 46 bytes from 44.241.174.93: icmp_seq=7259 ttl=44 time=63.2 ms
08-10 23:21:51.543  5910  5982 D cellinfo: 46 bytes from 44.241.174.93: icmp_seq=7260 ttl=44 time=55.6 ms
08-10 23:21:51.741  5910  5982 D cellinfo: 46 bytes from 44.241.174.93: icmp_seq=7261 ttl=44 time=53.7 ms
08-10 23:21:51.942  5910  5982 D cellinfo: 46 bytes from 44.241.174.93: icmp_seq=7262 ttl=44 time=53.7 ms
08-10 23:21:52.142  5910  5910 D cellinfo: onsignalStrengthsChanged: LTE Signal Strength info: rsrp: -79 rsrq: -15 rssi: -51 rssnr: 11
08-10 23:21:52.142  5910  5910 D cellinfo: onsignalStrengthsChanged: 5G-NR Signal Strength info: ssrsrp: -72 ssrsrq: -11 sssinr: 2147483647
08-10 23:21:52.142  5910  5982 D cellinfo: 46 bytes from 44.241.174.93: icmp_seq=7263 ttl=44 time=53.9 ms
08-10 23:21:52.247  5910  5910 D cellinfo: onsignalStrengthsChanged: LTE Signal Strength info: rsrp: -79 rsrq: -15 rssi: -51 rssnr: 11
08-10 23:21:52.247  5910  5910 D cellinfo: onsignalStrengthsChanged: 5G-NR Signal Strength info: ssrsrp: -76 ssrsrq: -12 sssinr: 2147483647
08-10 23:21:52.357  5910  5982 D cellinfo: 46 bytes from 44.241.174.93: icmp_seq=7264 ttl=44 time=68.3 ms
08-10 23:21:52.549  5910  5982 D cellinfo: 46 bytes from 44.241.174.93: icmp_seq=7265 ttl=44 time=58.4 ms
08-10 23:21:52.742  5910  5982 D cellinfo: 46 bytes from 44.241.174.93: icmp_seq=7266 ttl=44 time=50.2 ms
08-10 23:21:52.941  5910  5982 D cellinfo: 46 bytes from 44.241.174.93: icmp_seq=7267 ttl=44 time=47.8 ms
08-10 23:21:53.091  5910  5910 D cellinfo: onCellInfoChanged: Operator: T-Mobile UpdateTimestamp: 19034126 CellConnectionStatus: 0
08-10 23:21:53.091  5910  5910 D cellinfo: onCellInfoChanged: LTE Cell Bands: [2] Bandwidth: 15000 Cell ID: 26609163 Physical Cell ID: 186 Tracking Area Code: 41463 EARFCN: 875
08-10 23:21:53.142  5910  5982 D cellinfo: 46 bytes from 44.241.174.93: icmp_seq=7268 ttl=44 time=48.5 ms
08-10 23:21:53.341  5910  5982 D cellinfo: 46 bytes from 44.241.174.93: icmp_seq=7269 ttl=44 time=47.6 ms
08-10 23:21:53.541  5910  5982 D cellinfo: 46 bytes from 44.241.174.93: icmp_seq=7270 ttl=44 time=47.3 ms
08-10 23:21:53.742  5910  5982 D cellinfo: 46 bytes from 44.241.174.93: icmp_seq=7271 ttl=44 time=47.3 ms
08-10 23:21:53.942  5910  5982 D cellinfo: 46 bytes from 44.241.174.93: icmp_seq=7272 ttl=44 time=45.4 ms
08-10 23:21:54.143  5910  5982 D cellinfo: 46 bytes from 44.241.174.93: icmp_seq=7273 ttl=44 time=45.3 ms
08-10 23:21:54.348  5910  5982 D cellinfo: 46 bytes from 44.241.174.93: icmp_seq=7274 ttl=44 time=49.2 ms
08-10 23:21:54.570  5910  5982 D cellinfo: 46 bytes from 44.241.174.93: icmp_seq=7275 ttl=44 time=70.3 ms
08-10 23:21:54.691  5910  5910 D cellinfo: onsignalStrengthsChanged: LTE Signal Strength info: rsrp: -86 rsrq: -17 rssi: -55 rssnr: 2
08-10 23:21:54.691  5910  5910 D cellinfo: onsignalStrengthsChanged: 5G-NR Signal Strength info: ssrsrp: -76 ssrsrq: -12 sssinr: 2147483647
08-10 23:21:54.762  5910  5982 D cellinfo: 46 bytes from 44.241.174.93: icmp_seq=7276 ttl=44 time=61.8 ms
08-10 23:21:54.969  5910  5982 D cellinfo: 46 bytes from 44.241.174.93: icmp_seq=7277 ttl=44 time=68.4 ms
08-10 23:21:55.162  5910  5982 D cellinfo: 46 bytes from 44.241.174.93: icmp_seq=7278 ttl=44 time=59.5 ms
08-10 23:21:55.328  5910  5910 D cellinfo: Latitude is 39.9865553
08-10 23:21:55.328  5910  5910 D cellinfo: Longitude is -104.9878953
08-10 23:21:55.328  5910  5910 D cellinfo: Instantaneous GPS information: United States, 25 W 160th Ave, Broomfield, CO 80023, USA
08-10 23:21:55.328  5910  5910 D cellinfo: getCurrentLocation() result: Location (success): 39.9865553, -104.9878953
08-10 23:21:55.331  5910  5910 D cellinfo: onsignalStrengthsChanged: LTE Signal Strength info: rsrp: -86 rsrq: -17 rssi: -55 rssnr: 2
08-10 23:21:55.331  5910  5910 D cellinfo: onsignalStrengthsChanged: 5G-NR Signal Strength info: ssrsrp: -86 ssrsrq: -14 sssinr: -8
08-10 23:21:55.378  5910  5982 D cellinfo: 46 bytes from 44.241.174.93: icmp_seq=7279 ttl=44 time=73.0 ms
08-10 23:21:55.571  5910  5982 D cellinfo: 46 bytes from 44.241.174.93: icmp_seq=7280 ttl=44 time=66.1 ms
08-10 23:21:55.855  5910  5982 D cellinfo: 46 bytes from 44.241.174.93: icmp_seq=7281 ttl=44 time=148 ms
08-10 23:21:56.014  5910  5982 D cellinfo: 46 bytes from 44.241.174.93: icmp_seq=7282 ttl=44 time=106 ms
08-10 23:21:56.055  5910  5910 D cellinfo: Latitude is 39.9865553
08-10 23:21:56.055  5910  5910 D cellinfo: Longitude is -104.9878953
08-10 23:21:56.055  5910  5910 D cellinfo: Instantaneous GPS information: United States, 25 W 160th Ave, Broomfield, CO 80023, USA
08-10 23:21:56.055  5910  5910 D cellinfo: getCurrentLocation() result: Location (success): 39.9865553, -104.9878953
08-10 23:21:56.104  5910  5910 D cellinfo: onCellInfoChanged: Operator: T-Mobile UpdateTimestamp: 19037139 CellConnectionStatus: 0
08-10 23:21:56.105  5910  5910 D cellinfo: onCellInfoChanged: LTE Cell Bands: [2] Bandwidth: 15000 Cell ID: 26609163 Physical Cell ID: 186 Tracking Area Code: 41463 EARFCN: 875
08-10 23:21:56.137  5910  5910 D cellinfo: onsignalStrengthsChanged: LTE Signal Strength info: rsrp: -86 rsrq: -17 rssi: -55 rssnr: 2
08-10 23:21:56.137  5910  5910 D cellinfo: onsignalStrengthsChanged: 5G-NR Signal Strength info: ssrsrp: -87 ssrsrq: -14 sssinr: 2147483647
08-10 23:21:56.191  5910  5982 D cellinfo: 46 bytes from 44.241.174.93: icmp_seq=7283 ttl=44 time=84.3 ms
08-10 23:21:56.382  5910  5982 D cellinfo: 46 bytes from 44.241.174.93: icmp_seq=7284 ttl=44 time=74.3 ms
08-10 23:21:56.557  5910  5982 D cellinfo: 46 bytes from 44.241.174.93: icmp_seq=7285 ttl=44 time=49.0 ms
08-10 23:21:56.596  5910  5910 D cellinfo: onServiceStateChanged: Channel Number: 875 Cell Bandwidths: [15000]
08-10 23:21:56.783  5910  5982 D cellinfo: 46 bytes from 44.241.174.93: icmp_seq=7286 ttl=44 time=73.9 ms
08-10 23:21:56.931  5910  5910 D cellinfo: onsignalStrengthsChanged: LTE Signal Strength info: rsrp: -86 rsrq: -12 rssi: -51 rssnr: -2
08-10 23:21:56.931  5910  5910 D cellinfo: onsignalStrengthsChanged: 5G-NR Signal Strength info: ssrsrp: -87 ssrsrq: -14 sssinr: 2147483647
08-10 23:21:56.957  5910  5982 D cellinfo: 46 bytes from 44.241.174.93: icmp_seq=7287 ttl=44 time=47.8 ms
08-10 23:21:57.157  5910  5982 D cellinfo: 46 bytes from 44.241.174.93: icmp_seq=7288 ttl=44 time=47.4 ms
08-10 23:21:57.365  5910  5982 D cellinfo: 46 bytes from 44.241.174.93: icmp_seq=7289 ttl=44 time=54.1 ms
08-10 23:21:57.557  5910  5982 D cellinfo: 46 bytes from 44.241.174.93: icmp_seq=7290 ttl=44 time=45.5 ms
08-10 23:21:57.759  5910  5982 D cellinfo: 46 bytes from 44.241.174.93: icmp_seq=7291 ttl=44 time=45.5 ms
08-10 23:21:57.966  5910  5982 D cellinfo: 46 bytes from 44.241.174.93: icmp_seq=7292 ttl=44 time=50.9 ms
08-10 23:21:58.138  5910  5910 D cellinfo: onsignalStrengthsChanged: LTE Signal Strength info: rsrp: -79 rsrq: -14 rssi: -51 rssnr: 1
08-10 23:21:58.138  5910  5910 D cellinfo: onsignalStrengthsChanged: 5G-NR Signal Strength info: ssrsrp: -87 ssrsrq: -14 sssinr: 2147483647
08-10 23:21:58.158  5910  5982 D cellinfo: 46 bytes from 44.241.174.93: icmp_seq=7293 ttl=44 time=42.5 ms
08-10 23:21:58.249  5910  5910 D cellinfo: onsignalStrengthsChanged: LTE Signal Strength info: rsrp: -79 rsrq: -14 rssi: -51 rssnr: 1
08-10 23:21:58.249  5910  5910 D cellinfo: onsignalStrengthsChanged: 5G-NR Signal Strength info: ssrsrp: -82 ssrsrq: -12 sssinr: 30
08-10 23:21:58.377  5910  5982 D cellinfo: 46 bytes from 44.241.174.93: icmp_seq=7294 ttl=44 time=60.3 ms
08-10 23:21:58.577  5910  5982 D cellinfo: 46 bytes from 44.241.174.93: icmp_seq=7295 ttl=44 time=59.4 ms
08-10 23:21:58.773  5910  5982 D cellinfo: 46 bytes from 44.241.174.93: icmp_seq=7296 ttl=44 time=53.8 ms
08-10 23:21:58.978  5910  5982 D cellinfo: 46 bytes from 44.241.174.93: icmp_seq=7297 ttl=44 time=58.4 ms
08-10 23:21:59.164  5910  5982 D cellinfo: 46 bytes from 44.241.174.93: icmp_seq=7298 ttl=44 time=44.1 ms
08-10 23:21:59.336  5910  5910 D cellinfo: Latitude is 39.9863021
08-10 23:21:59.336  5910  5910 D cellinfo: Longitude is -104.9879596
08-10 23:21:59.336  5910  5910 D cellinfo: Instantaneous GPS information: United States, 25 W 160th Ave, Broomfield, CO 80023, USA
08-10 23:21:59.336  5910  5910 D cellinfo: getCurrentLocation() result: Location (success): 39.9863021, -104.9879596
08-10 23:21:59.337  5910  5910 D cellinfo: onCellInfoChanged: Operator: T-Mobile UpdateTimestamp: 19040124 CellConnectionStatus: 0
08-10 23:21:59.338  5910  5910 D cellinfo: onCellInfoChanged: LTE Cell Bands: [2] Bandwidth: 15000 Cell ID: 26609164 Physical Cell ID: 304 Tracking Area Code: 41463 EARFCN: 875
08-10 23:21:59.377  5910  5982 D cellinfo: 46 bytes from 44.241.174.93: icmp_seq=7299 ttl=44 time=56.3 ms
08-10 23:21:59.577  5910  5982 D cellinfo: 46 bytes from 44.241.174.93: icmp_seq=7300 ttl=44 time=55.1 ms
08-10 23:21:59.778  5910  5982 D cellinfo: 46 bytes from 44.241.174.93: icmp_seq=7301 ttl=44 time=54.7 ms
08-10 23:21:59.977  5910  5982 D cellinfo: 46 bytes from 44.241.174.93: icmp_seq=7302 ttl=44 time=52.9 ms
08-10 23:22:00.177  5910  5982 D cellinfo: 46 bytes from 44.241.174.93: icmp_seq=7303 ttl=44 time=52.8 ms
08-10 23:22:00.378  5910  5982 D cellinfo: 46 bytes from 44.241.174.93: icmp_seq=7304 ttl=44 time=53.3 ms
08-10 23:22:00.578  5910  5982 D cellinfo: 46 bytes from 44.241.174.93: icmp_seq=7305 ttl=44 time=51.9 ms
08-10 23:22:00.783  5910  5982 D cellinfo: 46 bytes from 44.241.174.93: icmp_seq=7306 ttl=44 time=56.0 ms
08-10 23:22:00.978  5910  5982 D cellinfo: 46 bytes from 44.241.174.93: icmp_seq=7307 ttl=44 time=50.3 ms
08-10 23:22:01.141  5910  5910 D cellinfo: onsignalStrengthsChanged: LTE Signal Strength info: rsrp: -76 rsrq: -14 rssi: -51 rssnr: 9
08-10 23:22:01.141  5910  5910 D cellinfo: onsignalStrengthsChanged: 5G-NR Signal Strength info: ssrsrp: -82 ssrsrq: -12 sssinr: 30
08-10 23:22:01.178  5910  5982 D cellinfo: 46 bytes from 44.241.174.93: icmp_seq=7308 ttl=44 time=49.8 ms
08-10 23:22:01.251  5910  5910 D cellinfo: onsignalStrengthsChanged: LTE Signal Strength info: rsrp: -76 rsrq: -14 rssi: -51 rssnr: 9
08-10 23:22:01.252  5910  5910 D cellinfo: onsignalStrengthsChanged: 5G-NR Signal Strength info: ssrsrp: -77 ssrsrq: -11 sssinr: 2147483647
08-10 23:22:01.377  5910  5982 D cellinfo: 46 bytes from 44.241.174.93: icmp_seq=7309 ttl=44 time=48.2 ms
08-10 23:22:01.577  5910  5982 D cellinfo: 46 bytes from 44.241.174.93: icmp_seq=7310 ttl=44 time=47.3 ms
08-10 23:22:01.777  5910  5982 D cellinfo: 46 bytes from 44.241.174.93: icmp_seq=7311 ttl=44 time=46.5 ms
08-10 23:22:01.978  5910  5982 D cellinfo: 46 bytes from 44.241.174.93: icmp_seq=7312 ttl=44 time=45.6 ms
08-10 23:22:02.178  5910  5982 D cellinfo: 46 bytes from 44.241.174.93: icmp_seq=7313 ttl=44 time=45.3 ms
08-10 23:22:02.379  5910  5982 D cellinfo: 46 bytes from 44.241.174.93: icmp_seq=7314 ttl=44 time=45.8 ms
08-10 23:22:02.388  5910  5910 D cellinfo: Latitude is 39.9855755
08-10 23:22:02.388  5910  5910 D cellinfo: Longitude is -104.9881441
08-10 23:22:02.388  5910  5910 D cellinfo: Instantaneous GPS information: United States, 25 W 160th Ave, Broomfield, CO 80023, USA
08-10 23:22:02.388  5910  5910 D cellinfo: getCurrentLocation() result: Location (success): 39.9855755, -104.9881441
08-10 23:22:02.390  5910  5910 D cellinfo: onCellInfoChanged: Operator: T-Mobile UpdateTimestamp: 19043141 CellConnectionStatus: 0
08-10 23:22:02.390  5910  5910 D cellinfo: onCellInfoChanged: LTE Cell Bands: [2] Bandwidth: 15000 Cell ID: 26609164 Physical Cell ID: 304 Tracking Area Code: 41463 EARFCN: 875
08-10 23:22:02.578  5910  5982 D cellinfo: 46 bytes from 44.241.174.93: icmp_seq=7315 ttl=44 time=43.5 ms
08-10 23:22:02.806  5910  5982 D cellinfo: 46 bytes from 44.241.174.93: icmp_seq=7316 ttl=44 time=70.9 ms
08-10 23:22:02.998  5910  5982 D cellinfo: 46 bytes from 44.241.174.93: icmp_seq=7317 ttl=44 time=61.2 ms
08-10 23:22:03.198  5910  5982 D cellinfo: 46 bytes from 44.241.174.93: icmp_seq=7318 ttl=44 time=61.3 ms
08-10 23:22:03.398  5910  5982 D cellinfo: 46 bytes from 44.241.174.93: icmp_seq=7319 ttl=44 time=59.6 ms
08-10 23:22:03.599  5910  5982 D cellinfo: 46 bytes from 44.241.174.93: icmp_seq=7320 ttl=44 time=59.4 ms
08-10 23:22:03.651  5910  5910 D cellinfo: onsignalStrengthsChanged: LTE Signal Strength info: rsrp: -83 rsrq: -14 rssi: -51 rssnr: 9
08-10 23:22:03.651  5910  5910 D cellinfo: onsignalStrengthsChanged: 5G-NR Signal Strength info: ssrsrp: -77 ssrsrq: -11 sssinr: 2147483647
08-10 23:22:03.797  5910  5982 D cellinfo: 46 bytes from 44.241.174.93: icmp_seq=7321 ttl=44 time=57.5 ms
08-10 23:22:03.997  5910  5982 D cellinfo: 46 bytes from 44.241.174.93: icmp_seq=7322 ttl=44 time=56.9 ms
08-10 23:22:04.198  5910  5982 D cellinfo: 46 bytes from 44.241.174.93: icmp_seq=7323 ttl=44 time=57.1 ms
08-10 23:22:04.249  5910  5910 D cellinfo: onsignalStrengthsChanged: LTE Signal Strength info: rsrp: -83 rsrq: -14 rssi: -51 rssnr: 9
08-10 23:22:04.249  5910  5910 D cellinfo: onsignalStrengthsChanged: 5G-NR Signal Strength info: ssrsrp: -79 ssrsrq: -11 sssinr: 2147483647
08-10 23:22:04.397  5910  5982 D cellinfo: 46 bytes from 44.241.174.93: icmp_seq=7324 ttl=44 time=55.4 ms
08-10 23:22:04.598  5910  5982 D cellinfo: 46 bytes from 44.241.174.93: icmp_seq=7325 ttl=44 time=54.5 ms
08-10 23:22:04.798  5910  5982 D cellinfo: 46 bytes from 44.241.174.93: icmp_seq=7326 ttl=44 time=54.1 ms
08-10 23:22:05.005  5910  5982 D cellinfo: 46 bytes from 44.241.174.93: icmp_seq=7327 ttl=44 time=60.7 ms
08-10 23:22:05.205  5910  5982 D cellinfo: 46 bytes from 44.241.174.93: icmp_seq=7328 ttl=44 time=61.3 ms
08-10 23:22:05.392  5910  5910 D cellinfo: Latitude is 39.9852165
08-10 23:22:05.392  5910  5910 D cellinfo: Longitude is -104.9882354
08-10 23:22:05.393  5910  5910 D cellinfo: Instantaneous GPS information: United States, Dwight D. Eisenhower Hwy, Broomfield, CO 80023, USA
08-10 23:22:05.393  5910  5910 D cellinfo: getCurrentLocation() result: Location (success): 39.9852165, -104.9882354
08-10 23:22:05.395  5910  5910 D cellinfo: onCellInfoChanged: Operator: T-Mobile UpdateTimestamp: 19046129 CellConnectionStatus: 0
08-10 23:22:05.395  5910  5910 D cellinfo: onCellInfoChanged: LTE Cell Bands: [2] Bandwidth: 15000 Cell ID: 26609164 Physical Cell ID: 304 Tracking Area Code: 41463 EARFCN: 875
08-10 23:22:05.397  5910  5982 D cellinfo: 46 bytes from 44.241.174.93: icmp_seq=7329 ttl=44 time=51.7 ms
08-10 23:22:05.599  5910  5982 D cellinfo: 46 bytes from 44.241.174.93: icmp_seq=7330 ttl=44 time=53.0 ms
08-10 23:22:05.797  5910  5982 D cellinfo: 46 bytes from 44.241.174.93: icmp_seq=7331 ttl=44 time=51.0 ms
08-10 23:22:05.999  5910  5982 D cellinfo: 46 bytes from 44.241.174.93: icmp_seq=7332 ttl=44 time=51.7 ms
08-10 23:22:06.198  5910  5982 D cellinfo: 46 bytes from 44.241.174.93: icmp_seq=7333 ttl=44 time=50.0 ms
08-10 23:22:06.397  5910  5982 D cellinfo: 46 bytes from 44.241.174.93: icmp_seq=7334 ttl=44 time=48.1 ms
08-10 23:22:06.598  5910  5982 D cellinfo: 46 bytes from 44.241.174.93: icmp_seq=7335 ttl=44 time=48.2 ms
08-10 23:22:06.798  5910  5982 D cellinfo: 46 bytes from 44.241.174.93: icmp_seq=7336 ttl=44 time=47.4 ms
08-10 23:22:06.997  5910  5982 D cellinfo: 46 bytes from 44.241.174.93: icmp_seq=7337 ttl=44 time=45.9 ms
08-10 23:22:07.143  5910  5910 D cellinfo: onsignalStrengthsChanged: LTE Signal Strength info: rsrp: -77 rsrq: -14 rssi: -51 rssnr: 19
08-10 23:22:07.143  5910  5910 D cellinfo: onsignalStrengthsChanged: 5G-NR Signal Strength info: ssrsrp: -79 ssrsrq: -11 sssinr: 2147483647
08-10 23:22:07.199  5910  5982 D cellinfo: 46 bytes from 44.241.174.93: icmp_seq=7338 ttl=44 time=46.9 ms
08-10 23:22:07.246  5910  5910 D cellinfo: onsignalStrengthsChanged: LTE Signal Strength info: rsrp: -77 rsrq: -14 rssi: -51 rssnr: 19
08-10 23:22:07.246  5910  5910 D cellinfo: onsignalStrengthsChanged: 5G-NR Signal Strength info: ssrsrp: -77 ssrsrq: -11 sssinr: 2147483647
08-10 23:22:07.399  5910  5982 D cellinfo: 46 bytes from 44.241.174.93: icmp_seq=7339 ttl=44 time=46.0 ms
08-10 23:22:07.597  5910  5982 D cellinfo: 46 bytes from 44.241.174.93: icmp_seq=7340 ttl=44 time=43.2 ms
08-10 23:22:07.801  5910  5982 D cellinfo: 46 bytes from 44.241.174.93: icmp_seq=7341 ttl=44 time=45.8 ms
08-10 23:22:07.998  5910  5982 D cellinfo: 46 bytes from 44.241.174.93: icmp_seq=7342 ttl=44 time=43.2 ms
08-10 23:22:08.100  5910  5910 D cellinfo: onCellInfoChanged: Operator: T-Mobile UpdateTimestamp: 19049134 CellConnectionStatus: 0
08-10 23:22:08.100  5910  5910 D cellinfo: onCellInfoChanged: LTE Cell Bands: [2] Bandwidth: 15000 Cell ID: 26609164 Physical Cell ID: 304 Tracking Area Code: 41463 EARFCN: 875
08-10 23:22:08.217  5910  5982 D cellinfo: 46 bytes from 44.241.174.93: icmp_seq=7343 ttl=44 time=61.4 ms
08-10 23:22:08.426  5910  5982 D cellinfo: 46 bytes from 44.241.174.93: icmp_seq=7344 ttl=44 time=68.7 ms
08-10 23:22:08.613  5910  5982 D cellinfo: 46 bytes from 44.241.174.93: icmp_seq=7345 ttl=44 time=55.1 ms
08-10 23:22:08.826  5910  5982 D cellinfo: 46 bytes from 44.241.174.93: icmp_seq=7346 ttl=44 time=67.5 ms
08-10 23:22:09.013  5910  5982 D cellinfo: 46 bytes from 44.241.174.93: icmp_seq=7347 ttl=44 time=53.5 ms
08-10 23:22:09.219  5910  5982 D cellinfo: 46 bytes from 44.241.174.93: icmp_seq=7348 ttl=44 time=58.6 ms
08-10 23:22:09.421  5910  5982 D cellinfo: 46 bytes from 44.241.174.93: icmp_seq=7349 ttl=44 time=60.2 ms
08-10 23:22:09.505  5910  5910 D cellinfo: Latitude is 39.9825008
08-10 23:22:09.505  5910  5910 D cellinfo: Longitude is -104.9882603
08-10 23:22:09.505  5910  5910 D cellinfo: Instantaneous GPS information: United States, Dwight D. Eisenhower Hwy, Broomfield, CO 80023, USA
08-10 23:22:09.505  5910  5910 D cellinfo: getCurrentLocation() result: Location (success): 39.9825008, -104.9882603
08-10 23:22:09.618  5910  5982 D cellinfo: 46 bytes from 44.241.174.93: icmp_seq=7350 ttl=44 time=55.9 ms
08-10 23:22:09.818  5910  5982 D cellinfo: 46 bytes from 44.241.174.93: icmp_seq=7351 ttl=44 time=55.2 ms
08-10 23:22:10.025  5910  5982 D cellinfo: 46 bytes from 44.241.174.93: icmp_seq=7352 ttl=44 time=61.0 ms
08-10 23:22:10.141  5910  5910 D cellinfo: onsignalStrengthsChanged: LTE Signal Strength info: rsrp: -84 rsrq: -13 rssi: -53 rssnr: 17
08-10 23:22:10.141  5910  5910 D cellinfo: onsignalStrengthsChanged: 5G-NR Signal Strength info: ssrsrp: -77 ssrsrq: -11 sssinr: 2147483647
08-10 23:22:10.217  5910  5982 D cellinfo: 46 bytes from 44.241.174.93: icmp_seq=7353 ttl=44 time=53.7 ms
08-10 23:22:10.246  5910  5910 D cellinfo: onsignalStrengthsChanged: LTE Signal Strength info: rsrp: -84 rsrq: -13 rssi: -53 rssnr: 17
08-10 23:22:10.246  5910  5910 D cellinfo: onsignalStrengthsChanged: 5G-NR Signal Strength info: ssrsrp: -83 ssrsrq: -11 sssinr: 2147483647
08-10 23:22:10.417  5910  5982 D cellinfo: 46 bytes from 44.241.174.93: icmp_seq=7354 ttl=44 time=53.0 ms
08-10 23:22:10.617  5910  5982 D cellinfo: 46 bytes from 44.241.174.93: icmp_seq=7355 ttl=44 time=52.1 ms
08-10 23:22:10.818  5910  5982 D cellinfo: 46 bytes from 44.241.174.93: icmp_seq=7356 ttl=44 time=51.9 ms
08-10 23:22:11.056  5910  5910 D cellinfo: Latitude is 39.9825008
08-10 23:22:11.056  5910  5910 D cellinfo: Longitude is -104.9882603
08-10 23:22:11.057  5910  5910 D cellinfo: Instantaneous GPS information: United States, Dwight D. Eisenhower Hwy, Broomfield, CO 80023, USA
08-10 23:22:11.057  5910  5910 D cellinfo: getCurrentLocation() result: Location (success): 39.9825008, -104.9882603
08-10 23:22:11.096  5910  5910 D cellinfo: onCellInfoChanged: Operator: T-Mobile UpdateTimestamp: 19052132 CellConnectionStatus: 0
08-10 23:22:11.096  5910  5910 D cellinfo: onCellInfoChanged: LTE Cell Bands: [2] Bandwidth: 15000 Cell ID: 26609164 Physical Cell ID: 304 Tracking Area Code: 41463 EARFCN: 875
08-10 23:22:11.135  5910  5982 D cellinfo: 46 bytes from 44.241.174.93: icmp_seq=7357 ttl=44 time=168 ms
08-10 23:22:11.225  5910  5982 D cellinfo: 46 bytes from 44.241.174.93: icmp_seq=7358 ttl=44 time=58.7 ms
08-10 23:22:11.439  5910  5982 D cellinfo: 46 bytes from 44.241.174.93: icmp_seq=7359 ttl=44 time=72.3 ms
08-10 23:22:11.622  5910  5982 D cellinfo: 46 bytes from 44.241.174.93: icmp_seq=7360 ttl=44 time=54.2 ms
08-10 23:22:11.819  5910  5982 D cellinfo: 46 bytes from 44.241.174.93: icmp_seq=7361 ttl=44 time=50.3 ms
08-10 23:22:12.017  5910  5982 D cellinfo: 46 bytes from 44.241.174.93: icmp_seq=7362 ttl=44 time=47.5 ms
08-10 23:22:12.218  5910  5982 D cellinfo: 46 bytes from 44.241.174.93: icmp_seq=7363 ttl=44 time=47.6 ms
08-10 23:22:12.423  5910  5982 D cellinfo: 46 bytes from 44.241.174.93: icmp_seq=7364 ttl=44 time=52.1 ms
08-10 23:22:12.611  5910  5910 D cellinfo: onsignalStrengthsChanged: LTE Signal Strength info: rsrp: -80 rsrq: -13 rssi: -51 rssnr: 17
08-10 23:22:12.611  5910  5910 D cellinfo: onsignalStrengthsChanged: 5G-NR Signal Strength info: ssrsrp: -83 ssrsrq: -11 sssinr: 2147483647
08-10 23:22:12.617  5910  5982 D cellinfo: 46 bytes from 44.241.174.93: icmp_seq=7365 ttl=44 time=45.2 ms
08-10 23:22:12.832  5910  5982 D cellinfo: 46 bytes from 44.241.174.93: icmp_seq=7366 ttl=44 time=59.6 ms
08-10 23:22:13.030  5910  5982 D cellinfo: 46 bytes from 44.241.174.93: icmp_seq=7367 ttl=44 time=57.6 ms
08-10 23:22:13.217  5910  5982 D cellinfo: 46 bytes from 44.241.174.93: icmp_seq=7368 ttl=44 time=45.5 ms
08-10 23:22:13.248  5910  5910 D cellinfo: onsignalStrengthsChanged: LTE Signal Strength info: rsrp: -80 rsrq: -13 rssi: -51 rssnr: 17
08-10 23:22:13.248  5910  5910 D cellinfo: onsignalStrengthsChanged: 5G-NR Signal Strength info: ssrsrp: -89 ssrsrq: -11 sssinr: 2147483647
08-10 23:22:13.418  5910  5982 D cellinfo: 46 bytes from 44.241.174.93: icmp_seq=7369 ttl=44 time=44.4 ms
08-10 23:22:13.618  5910  5982 D cellinfo: 46 bytes from 44.241.174.93: icmp_seq=7370 ttl=44 time=42.6 ms
08-10 23:22:13.838  5910  5982 D cellinfo: 46 bytes from 44.241.174.93: icmp_seq=7371 ttl=44 time=62.3 ms
08-10 23:22:14.041  5910  5982 D cellinfo: 46 bytes from 44.241.174.93: icmp_seq=7372 ttl=44 time=64.4 ms
08-10 23:22:14.225  5910  5982 D cellinfo: 46 bytes from 44.241.174.93: icmp_seq=7373 ttl=44 time=48.0 ms
08-10 23:22:14.334  5910  5910 D cellinfo: Latitude is 39.9820183
08-10 23:22:14.334  5910  5910 D cellinfo: Longitude is -104.9882603
08-10 23:22:14.335  5910  5910 D cellinfo: Instantaneous GPS information: United States, Dwight D. Eisenhower Hwy, Broomfield, CO 80023, USA
08-10 23:22:14.335  5910  5910 D cellinfo: getCurrentLocation() result: Location (success): 39.9820183, -104.9882603
08-10 23:22:14.336  5910  5910 D cellinfo: onCellInfoChanged: Operator: T-Mobile UpdateTimestamp: 19055128 CellConnectionStatus: 0
08-10 23:22:14.336  5910  5910 D cellinfo: onCellInfoChanged: LTE Cell Bands: [2] Bandwidth: 15000 Cell ID: 26609164 Physical Cell ID: 304 Tracking Area Code: 41463 EARFCN: 875
08-10 23:22:14.417  5910  5982 D cellinfo: 46 bytes from 44.241.174.93: icmp_seq=7374 ttl=44 time=40.0 ms
08-10 23:22:14.648  5910  5982 D cellinfo: 46 bytes from 44.241.174.93: icmp_seq=7375 ttl=44 time=70.0 ms
08-10 23:22:14.841  5910  5982 D cellinfo: 46 bytes from 44.241.174.93: icmp_seq=7376 ttl=44 time=61.7 ms
08-10 23:22:15.041  5910  5982 D cellinfo: 46 bytes from 44.241.174.93: icmp_seq=7377 ttl=44 time=61.4 ms
08-10 23:22:15.262  5910  5982 D cellinfo: 46 bytes from 44.241.174.93: icmp_seq=7378 ttl=44 time=82.4 ms
08-10 23:22:15.459  5910  5982 D cellinfo: 46 bytes from 44.241.174.93: icmp_seq=7379 ttl=44 time=78.3 ms
08-10 23:22:15.637  5910  5982 D cellinfo: 46 bytes from 44.241.174.93: icmp_seq=7380 ttl=44 time=55.3 ms
08-10 23:22:15.838  5910  5982 D cellinfo: 46 bytes from 44.241.174.93: icmp_seq=7381 ttl=44 time=54.8 ms
08-10 23:22:16.038  5910  5982 D cellinfo: 46 bytes from 44.241.174.93: icmp_seq=7382 ttl=44 time=54.3 ms
08-10 23:22:16.142  5910  5910 D cellinfo: onsignalStrengthsChanged: LTE Signal Strength info: rsrp: -76 rsrq: -13 rssi: -51 rssnr: 21
08-10 23:22:16.142  5910  5910 D cellinfo: onsignalStrengthsChanged: 5G-NR Signal Strength info: ssrsrp: -89 ssrsrq: -11 sssinr: 2147483647
08-10 23:22:16.238  5910  5982 D cellinfo: 46 bytes from 44.241.174.93: icmp_seq=7383 ttl=44 time=54.4 ms
08-10 23:22:16.249  5910  5910 D cellinfo: onsignalStrengthsChanged: LTE Signal Strength info: rsrp: -76 rsrq: -13 rssi: -51 rssnr: 21
08-10 23:22:16.249  5910  5910 D cellinfo: onsignalStrengthsChanged: 5G-NR Signal Strength info: ssrsrp: -86 ssrsrq: -11 sssinr: 2147483647
08-10 23:22:16.437  5910  5982 D cellinfo: 46 bytes from 44.241.174.93: icmp_seq=7384 ttl=44 time=52.7 ms
08-10 23:22:16.637  5910  5982 D cellinfo: 46 bytes from 44.241.174.93: icmp_seq=7385 ttl=44 time=52.4 ms
08-10 23:22:16.838  5910  5982 D cellinfo: 46 bytes from 44.241.174.93: icmp_seq=7386 ttl=44 time=52.1 ms
08-10 23:22:17.037  5910  5982 D cellinfo: 46 bytes from 44.241.174.93: icmp_seq=7387 ttl=44 time=50.5 ms
