08-10 23:34:50.331  5910  5910 D cellinfo: getCurrentLocation() result: Location (success): 39.7732457, -104.9899791
08-10 23:34:50.333  5910  5910 D cellinfo: onCellInfoChanged: Operator: T-Mobile UpdateTimestamp: 19811139 CellConnectionStatus: 0
08-10 23:34:50.333  5910  5910 D cellinfo: onCellInfoChanged: LTE Cell Bands: [2] Bandwidth: 15000 Cell ID: 26642189 Physical Cell ID: 320 Tracking Area Code: 41224 EARFCN: 875
08-10 23:34:50.480  5910  5982 D cellinfo: 46 bytes from 44.241.174.93: icmp_seq=11139 ttl=30 time=51.8 ms
08-10 23:34:50.671  5910  5982 D cellinfo: 46 bytes from 44.241.174.93: icmp_seq=11140 ttl=30 time=42.0 ms
08-10 23:34:50.871  5910  5982 D cellinfo: 46 bytes from 44.241.174.93: icmp_seq=11141 ttl=30 time=41.9 ms
08-10 23:34:51.071  5910  5982 D cellinfo: 46 bytes from 44.241.174.93: icmp_seq=11142 ttl=30 time=41.1 ms
08-10 23:34:51.271  5910  5982 D cellinfo: 46 bytes from 44.241.174.93: icmp_seq=11143 ttl=30 time=39.7 ms
08-10 23:34:51.471  5910  5982 D cellinfo: 46 bytes from 44.241.174.93: icmp_seq=11144 ttl=30 time=39.3 ms
08-10 23:34:51.673  5910  5982 D cellinfo: 46 bytes from 44.241.174.93: icmp_seq=11145 ttl=30 time=40.4 ms
08-10 23:34:51.876  5910  5982 D cellinfo: 46 bytes from 44.241.174.93: icmp_seq=11146 ttl=30 time=42.2 ms
08-10 23:34:51.975  5910  5910 D cellinfo: onsignalStrengthsChanged: LTE Signal Strength info: rsrp: -93 rsrq: -16 rssi: -61 rssnr: 2
08-10 23:34:51.975  5910  5910 D cellinfo: onsignalStrengthsChanged: 5G-NR Signal Strength info: ssrsrp: -76 ssrsrq: -11 sssinr: 2147483647
08-10 23:34:52.078  5910  5982 D cellinfo: 46 bytes from 44.241.174.93: icmp_seq=11147 ttl=30 time=43.7 ms
08-10 23:34:52.242  5910  5910 D cellinfo: onsignalStrengthsChanged: LTE Signal Strength info: rsrp: -93 rsrq: -16 rssi: -61 rssnr: 2
08-10 23:34:52.242  5910  5910 D cellinfo: onsignalStrengthsChanged: 5G-NR Signal Strength info: ssrsrp: -78 ssrsrq: -11 sssinr: 2147483647
08-10 23:34:52.277  5910  5982 D cellinfo: 46 bytes from 44.241.174.93: icmp_seq=11148 ttl=30 time=42.2 ms
08-10 23:34:52.476  5910  5982 D cellinfo: 46 bytes from 44.241.174.93: icmp_seq=11149 ttl=30 time=39.7 ms
08-10 23:34:52.677  5910  5982 D cellinfo: 46 bytes from 44.241.174.93: icmp_seq=11150 ttl=30 time=40.9 ms
08-10 23:34:52.880  5910  5982 D cellinfo: 46 bytes from 44.241.174.93: icmp_seq=11151 ttl=30 time=43.1 ms
08-10 23:34:53.080  5910  5982 D cellinfo: 46 bytes from 44.241.174.93: icmp_seq=11152 ttl=30 time=41.0 ms
08-10 23:34:53.105  5910  5910 D cellinfo: onCellInfoChanged: Operator: T-Mobile UpdateTimestamp: 19814139 CellConnectionStatus: 0
08-10 23:34:53.105  5910  5910 D cellinfo: onCellInfoChanged: LTE Cell Bands: [2] Bandwidth: 15000 Cell ID: 26642189 Physical Cell ID: 320 Tracking Area Code: 41224 EARFCN: 875
08-10 23:34:53.283  5910  5982 D cellinfo: 46 bytes from 44.241.174.93: icmp_seq=11153 ttl=30 time=44.2 ms
08-10 23:34:53.481  5910  5982 D cellinfo: 46 bytes from 44.241.174.93: icmp_seq=11154 ttl=30 time=40.9 ms
08-10 23:34:53.698  5910  5982 D cellinfo: 46 bytes from 44.241.174.93: icmp_seq=11155 ttl=30 time=58.0 ms
08-10 23:34:53.881  5910  5982 D cellinfo: 46 bytes from 44.241.174.93: icmp_seq=11156 ttl=30 time=39.6 ms
08-10 23:34:54.005  5910  5910 D cellinfo: Latitude is 39.7713894
08-10 23:34:54.005  5910  5910 D cellinfo: Longitude is -104.9923737
08-10 23:34:54.005  5910  5910 D cellinfo: Instantaneous GPS information: United States, 3900 Elati St, Denver, CO 80216, USA
08-10 23:34:54.005  5910  5910 D cellinfo: getCurrentLocation() result: Location (success): 39.7713894, -104.9923737
08-10 23:34:54.083  5910  5982 D cellinfo: 46 bytes from 44.241.174.93: icmp_seq=11157 ttl=30 time=41.7 ms
08-10 23:34:54.215  5910  5910 D cellinfo: onsignalStrengthsChanged: LTE Signal Strength info: rsrp: -98 rsrq: -15 rssi: -63 rssnr: 0
08-10 23:34:54.215  5910  5910 D cellinfo: onsignalStrengthsChanged: 5G-NR Signal Strength info: ssrsrp: -78 ssrsrq: -11 sssinr: 2147483647
08-10 23:34:54.294  5910  5982 D cellinfo: 46 bytes from 44.241.174.93: icmp_seq=11158 ttl=30 time=51.7 ms
08-10 23:34:54.491  5910  5982 D cellinfo: 46 bytes from 44.241.174.93: icmp_seq=11159 ttl=30 time=48.6 ms
08-10 23:34:54.686  5910  5982 D cellinfo: 46 bytes from 44.241.174.93: icmp_seq=11160 ttl=30 time=42.9 ms
08-10 23:34:54.888  5910  5982 D cellinfo: 46 bytes from 44.241.174.93: icmp_seq=11161 ttl=30 time=44.3 ms
08-10 23:34:55.089  5910  5982 D cellinfo: 46 bytes from 44.241.174.93: icmp_seq=11162 ttl=30 time=43.6 ms
08-10 23:34:55.241  5910  5910 D cellinfo: onsignalStrengthsChanged: LTE Signal Strength info: rsrp: -98 rsrq: -15 rssi: -63 rssnr: 0
08-10 23:34:55.241  5910  5910 D cellinfo: onsignalStrengthsChanged: 5G-NR Signal Strength info: ssrsrp: -85 ssrsrq: -12 sssinr: 2147483647
08-10 23:34:55.288  5910  5982 D cellinfo: 46 bytes from 44.241.174.93: icmp_seq=11163 ttl=30 time=42.9 ms
08-10 23:34:55.486  5910  5982 D cellinfo: 46 bytes from 44.241.174.93: icmp_seq=11164 ttl=30 time=39.9 ms
08-10 23:34:55.691  5910  5982 D cellinfo: 46 bytes from 44.241.174.93: icmp_seq=11165 ttl=30 time=44.1 ms
08-10 23:34:55.888  5910  5982 D cellinfo: 46 bytes from 44.241.174.93: icmp_seq=11166 ttl=30 time=40.4 ms
08-10 23:34:56.056  5910  5910 D cellinfo: Latitude is 39.7713894
08-10 23:34:56.056  5910  5910 D cellinfo: Longitude is -104.9923737
08-10 23:34:56.056  5910  5910 D cellinfo: Instantaneous GPS information: United States, 3900 Elati St, Denver, CO 80216, USA
08-10 23:34:56.056  5910  5910 D cellinfo: getCurrentLocation() result: Location (success): 39.7713894, -104.9923737
08-10 23:34:56.095  5910  5910 D cellinfo: onCellInfoChanged: Operator: T-Mobile UpdateTimestamp: 19817130 CellConnectionStatus: 0
08-10 23:34:56.095  5910  5910 D cellinfo: onCellInfoChanged: LTE Cell Bands: [2] Bandwidth: 15000 Cell ID: 26642189 Physical Cell ID: 320 Tracking Area Code: 41224 EARFCN: 875
08-10 23:34:56.097  5910  5982 D cellinfo: 46 bytes from 44.241.174.93: icmp_seq=11167 ttl=30 time=48.0 ms
08-10 23:34:56.270  5910  5910 D cellinfo: onServiceStateChanged: Channel Number: 875 Cell Bandwidths: [15000]
08-10 23:34:56.295  5910  5982 D cellinfo: 46 bytes from 44.241.174.93: icmp_seq=11168 ttl=30 time=46.3 ms
08-10 23:34:56.453  5910  5910 D cellinfo: onsignalStrengthsChanged: LTE Signal Strength info: rsrp: -97 rsrq: -11 rssi: -63 rssnr: 0
08-10 23:34:56.453  5910  5910 D cellinfo: onsignalStrengthsChanged: 5G-NR Signal Strength info: ssrsrp: -85 ssrsrq: -12 sssinr: 2147483647
08-10 23:34:56.499  5910  5982 D cellinfo: 46 bytes from 44.241.174.93: icmp_seq=11169 ttl=30 time=48.9 ms
08-10 23:34:56.695  5910  5982 D cellinfo: 46 bytes from 44.241.174.93: icmp_seq=11170 ttl=30 time=44.6 ms
08-10 23:34:56.895  5910  5982 D cellinfo: 46 bytes from 44.241.174.93: icmp_seq=11171 ttl=30 time=43.2 ms
08-10 23:34:57.100  5910  5982 D cellinfo: 46 bytes from 44.241.174.93: icmp_seq=11172 ttl=30 time=47.1 ms
08-10 23:34:57.301  5910  5982 D cellinfo: 46 bytes from 44.241.174.93: icmp_seq=11173 ttl=30 time=47.0 ms
08-10 23:34:57.504  5910  5982 D cellinfo: 46 bytes from 44.241.174.93: icmp_seq=11174 ttl=30 time=49.9 ms
08-10 23:34:57.765  5910  5982 D cellinfo: 46 bytes from 44.241.174.93: icmp_seq=11175 ttl=30 time=109 ms
08-10 23:34:57.943  5910  5982 D cellinfo: 46 bytes from 44.241.174.93: icmp_seq=11176 ttl=30 time=87.9 ms
08-10 23:34:58.054  5910  5910 D cellinfo: onsignalStrengthsChanged: LTE Signal Strength info: rsrp: -97 rsrq: -11 rssi: -63 rssnr: 0
08-10 23:34:58.054  5910  5910 D cellinfo: onsignalStrengthsChanged: 5G-NR Signal Strength info: ssrsrp: -87 ssrsrq: -13 sssinr: -10
08-10 23:34:58.171  5910  5982 D cellinfo: 46 bytes from 44.241.174.93: icmp_seq=11177 ttl=30 time=115 ms
08-10 23:34:58.240  5910  5910 D cellinfo: onsignalStrengthsChanged: LTE Signal Strength info: rsrp: -97 rsrq: -11 rssi: -63 rssnr: 0
08-10 23:34:58.240  5910  5910 D cellinfo: onsignalStrengthsChanged: 5G-NR Signal Strength info: ssrsrp: -88 ssrsrq: -12 sssinr: 13
08-10 23:34:58.248  5910  5910 D cellinfo: onsignalStrengthsChanged: LTE Signal Strength info: rsrp: -95 rsrq: -12 rssi: -61 rssnr: 2
08-10 23:34:58.248  5910  5910 D cellinfo: onsignalStrengthsChanged: 5G-NR Signal Strength info: ssrsrp: -88 ssrsrq: -12 sssinr: 13
08-10 23:34:58.306  5910  5982 D cellinfo: 46 bytes from 44.241.174.93: icmp_seq=11178 ttl=30 time=48.8 ms
08-10 23:34:58.508  5910  5982 D cellinfo: 46 bytes from 44.241.174.93: icmp_seq=11179 ttl=30 time=50.7 ms
08-10 23:34:58.696  5910  5982 D cellinfo: 46 bytes from 44.241.174.93: icmp_seq=11180 ttl=30 time=38.3 ms
08-10 23:34:58.910  5910  5982 D cellinfo: 46 bytes from 44.241.174.93: icmp_seq=11181 ttl=30 time=51.0 ms
08-10 23:34:59.101  5910  5982 D cellinfo: 46 bytes from 44.241.174.93: icmp_seq=11182 ttl=30 time=41.5 ms
08-10 23:34:59.302  5910  5982 D cellinfo: 46 bytes from 44.241.174.93: icmp_seq=11183 ttl=30 time=41.0 ms
08-10 23:34:59.329  5910  5910 D cellinfo: Latitude is 39.7710783
08-10 23:34:59.330  5910  5910 D cellinfo: Longitude is -104.9925546
08-10 23:34:59.330  5910  5910 D cellinfo: Instantaneous GPS information: United States, 3900 Elati St, Denver, CO 80216, USA
08-10 23:34:59.330  5910  5910 D cellinfo: getCurrentLocation() result: Location (success): 39.7710783, -104.9925546
08-10 23:34:59.332  5910  5910 D cellinfo: onCellInfoChanged: Operator: T-Mobile UpdateTimestamp: 19820147 CellConnectionStatus: 0
08-10 23:34:59.332  5910  5910 D cellinfo: onCellInfoChanged: LTE Cell Bands: [2] Bandwidth: 15000 Cell ID: 29298443 Physical Cell ID: 159 Tracking Area Code: 41224 EARFCN: 875
08-10 23:34:59.503  5910  5982 D cellinfo: 46 bytes from 44.241.174.93: icmp_seq=11184 ttl=30 time=41.5 ms
08-10 23:34:59.705  5910  5982 D cellinfo: 46 bytes from 44.241.174.93: icmp_seq=11185 ttl=30 time=41.7 ms
08-10 23:34:59.916  5910  5982 D cellinfo: 46 bytes from 44.241.174.93: icmp_seq=11186 ttl=30 time=52.7 ms
08-10 23:35:00.125  5910  5982 D cellinfo: 46 bytes from 44.241.174.93: icmp_seq=11187 ttl=30 time=61.6 ms
08-10 23:35:00.308  5910  5982 D cellinfo: 46 bytes from 44.241.174.93: icmp_seq=11188 ttl=30 time=44.0 ms
08-10 23:35:00.508  5910  5982 D cellinfo: 46 bytes from 44.241.174.93: icmp_seq=11189 ttl=30 time=43.3 ms
08-10 23:35:00.708  5910  5982 D cellinfo: 46 bytes from 44.241.174.93: icmp_seq=11190 ttl=30 time=42.1 ms
08-10 23:35:00.908  5910  5982 D cellinfo: 46 bytes from 44.241.174.93: icmp_seq=11191 ttl=30 time=40.9 ms
08-10 23:35:00.934  5910  5910 D cellinfo: onsignalStrengthsChanged: LTE Signal Strength info: rsrp: -94 rsrq: -12 rssi: -61 rssnr: 3
08-10 23:35:00.934  5910  5910 D cellinfo: onsignalStrengthsChanged: 5G-NR Signal Strength info: ssrsrp: -88 ssrsrq: -12 sssinr: 13
08-10 23:35:01.108  5910  5982 D cellinfo: 46 bytes from 44.241.174.93: icmp_seq=11192 ttl=30 time=40.2 ms
08-10 23:35:01.240  5910  5910 D cellinfo: onsignalStrengthsChanged: LTE Signal Strength info: rsrp: -94 rsrq: -12 rssi: -61 rssnr: 3
08-10 23:35:01.240  5910  5910 D cellinfo: onsignalStrengthsChanged: 5G-NR Signal Strength info: ssrsrp: -85 ssrsrq: -11 sssinr: 2147483647
08-10 23:35:01.313  5910  5982 D cellinfo: 46 bytes from 44.241.174.93: icmp_seq=11193 ttl=30 time=44.3 ms
08-10 23:35:01.513  5910  5982 D cellinfo: 46 bytes from 44.241.174.93: icmp_seq=11194 ttl=30 time=43.4 ms
08-10 23:35:01.728  5910  5982 D cellinfo: 46 bytes from 44.241.174.93: icmp_seq=11195 ttl=30 time=57.7 ms
08-10 23:35:01.913  5910  5982 D cellinfo: 46 bytes from 44.241.174.93: icmp_seq=11196 ttl=30 time=42.0 ms
08-10 23:35:02.082  5910  5910 D cellinfo: onCellInfoChanged: Operator: T-Mobile UpdateTimestamp: 19823118 CellConnectionStatus: 0
08-10 23:35:02.082  5910  5910 D cellinfo: onCellInfoChanged: LTE Cell Bands: [2] Bandwidth: 15000 Cell ID: 29298443 Physical Cell ID: 159 Tracking Area Code: 41224 EARFCN: 875
08-10 23:35:02.112  5910  5982 D cellinfo: 46 bytes from 44.241.174.93: icmp_seq=11197 ttl=30 time=40.7 ms
08-10 23:35:02.318  5910  5982 D cellinfo: 46 bytes from 44.241.174.93: icmp_seq=11198 ttl=30 time=45.7 ms
08-10 23:35:02.513  5910  5982 D cellinfo: 46 bytes from 44.241.174.93: icmp_seq=11199 ttl=30 time=40.0 ms
08-10 23:35:02.718  5910  5982 D cellinfo: 46 bytes from 44.241.174.93: icmp_seq=11200 ttl=30 time=44.7 ms
08-10 23:35:02.918  5910  5982 D cellinfo: 46 bytes from 44.241.174.93: icmp_seq=11201 ttl=30 time=44.1 ms
08-10 23:35:03.126  5910  5982 D cellinfo: 46 bytes from 44.241.174.93: icmp_seq=11202 ttl=30 time=50.6 ms
08-10 23:35:03.174  5910  5910 D cellinfo: onsignalStrengthsChanged: LTE Signal Strength info: rsrp: -89 rsrq: -10 rssi: -57 rssnr: 7
08-10 23:35:03.174  5910  5910 D cellinfo: onsignalStrengthsChanged: 5G-NR Signal Strength info: ssrsrp: -85 ssrsrq: -11 sssinr: 2147483647
08-10 23:35:03.321  5910  5982 D cellinfo: 46 bytes from 44.241.174.93: icmp_seq=11203 ttl=30 time=45.7 ms
08-10 23:35:03.518  5910  5982 D cellinfo: 46 bytes from 44.241.174.93: icmp_seq=11204 ttl=30 time=41.9 ms
08-10 23:35:03.718  5910  5982 D cellinfo: 46 bytes from 44.241.174.93: icmp_seq=11205 ttl=30 time=41.2 ms
08-10 23:35:03.918  5910  5982 D cellinfo: 46 bytes from 44.241.174.93: icmp_seq=11206 ttl=30 time=40.1 ms
08-10 23:35:04.131  5910  5982 D cellinfo: 46 bytes from 44.241.174.93: icmp_seq=11207 ttl=30 time=52.4 ms
08-10 23:35:04.242  5910  5910 D cellinfo: onsignalStrengthsChanged: LTE Signal Strength info: rsrp: -89 rsrq: -10 rssi: -57 rssnr: 7
08-10 23:35:04.242  5910  5910 D cellinfo: onsignalStrengthsChanged: 5G-NR Signal Strength info: ssrsrp: -80 ssrsrq: -11 sssinr: 2147483647
08-10 23:35:04.327  5910  5982 D cellinfo: 46 bytes from 44.241.174.93: icmp_seq=11208 ttl=30 time=46.8 ms
08-10 23:35:04.526  5910  5982 D cellinfo: 46 bytes from 44.241.174.93: icmp_seq=11209 ttl=30 time=45.4 ms
08-10 23:35:04.728  5910  5982 D cellinfo: 46 bytes from 44.241.174.93: icmp_seq=11210 ttl=30 time=46.2 ms
08-10 23:35:04.923  5910  5982 D cellinfo: 46 bytes from 44.241.174.93: icmp_seq=11211 ttl=30 time=40.4 ms
08-10 23:35:05.131  5910  5982 D cellinfo: 46 bytes from 44.241.174.93: icmp_seq=11212 ttl=30 time=47.8 ms
08-10 23:35:05.246  5910  5910 D cellinfo: Latitude is 39.7687205
08-10 23:35:05.246  5910  5910 D cellinfo: Longitude is -104.9941616
08-10 23:35:05.246  5910  5910 D cellinfo: Instantaneous GPS information: United States, I-25, Denver, CO 80216, USA
08-10 23:35:05.246  5910  5910 D cellinfo: getCurrentLocation() result: Location (success): 39.7687205, -104.9941616
08-10 23:35:05.249  5910  5910 D cellinfo: onCellInfoChanged: Operator: T-Mobile UpdateTimestamp: 19826130 CellConnectionStatus: 0
08-10 23:35:05.249  5910  5910 D cellinfo: onCellInfoChanged: LTE Cell Bands: [2] Bandwidth: 15000 Cell ID: 29298443 Physical Cell ID: 159 Tracking Area Code: 41224 EARFCN: 875
08-10 23:35:05.260  5910  5910 D cellinfo: Latitude is 39.7687205
08-10 23:35:05.260  5910  5910 D cellinfo: Longitude is -104.9941616
08-10 23:35:05.260  5910  5910 D cellinfo: Instantaneous GPS information: United States, I-25, Denver, CO 80216, USA
08-10 23:35:05.260  5910  5910 D cellinfo: getCurrentLocation() result: Location (success): 39.7687205, -104.9941616
08-10 23:35:05.329  5910  5982 D cellinfo: 46 bytes from 44.241.174.93: icmp_seq=11213 ttl=30 time=45.2 ms
08-10 23:35:05.528  5910  5982 D cellinfo: 46 bytes from 44.241.174.93: icmp_seq=11214 ttl=30 time=42.9 ms
08-10 23:35:05.728  5910  5982 D cellinfo: 46 bytes from 44.241.174.93: icmp_seq=11215 ttl=30 time=42.5 ms
08-10 23:35:05.935  5910  5982 D cellinfo: 46 bytes from 44.241.174.93: icmp_seq=11216 ttl=30 time=47.7 ms
08-10 23:35:06.128  5910  5982 D cellinfo: 46 bytes from 44.241.174.93: icmp_seq=11217 ttl=30 time=40.4 ms
08-10 23:35:06.331  5910  5982 D cellinfo: 46 bytes from 44.241.174.93: icmp_seq=11218 ttl=30 time=42.7 ms
08-10 23:35:06.536  5910  5982 D cellinfo: 46 bytes from 44.241.174.93: icmp_seq=11219 ttl=30 time=47.6 ms
08-10 23:35:06.735  5910  5982 D cellinfo: 46 bytes from 44.241.174.93: icmp_seq=11220 ttl=30 time=46.4 ms
08-10 23:35:06.933  5910  5982 D cellinfo: 46 bytes from 44.241.174.93: icmp_seq=11221 ttl=30 time=42.9 ms
08-10 23:35:07.133  5910  5982 D cellinfo: 46 bytes from 44.241.174.93: icmp_seq=11222 ttl=30 time=42.3 ms
08-10 23:35:07.240  5910  5910 D cellinfo: onsignalStrengthsChanged: LTE Signal Strength info: rsrp: -89 rsrq: -10 rssi: -57 rssnr: 7
08-10 23:35:07.240  5910  5910 D cellinfo: onsignalStrengthsChanged: 5G-NR Signal Strength info: ssrsrp: -77 ssrsrq: -11 sssinr: 2147483647
08-10 23:35:07.249  5910  5910 D cellinfo: onsignalStrengthsChanged: LTE Signal Strength info: rsrp: -83 rsrq: -7 rssi: -51 rssnr: 9
08-10 23:35:07.249  5910  5910 D cellinfo: onsignalStrengthsChanged: 5G-NR Signal Strength info: ssrsrp: -77 ssrsrq: -11 sssinr: 2147483647
08-10 23:35:07.335  5910  5982 D cellinfo: 46 bytes from 44.241.174.93: icmp_seq=11223 ttl=30 time=43.6 ms
08-10 23:35:07.540  5910  5982 D cellinfo: 46 bytes from 44.241.174.93: icmp_seq=11224 ttl=30 time=47.9 ms
08-10 23:35:07.736  5910  5982 D cellinfo: 46 bytes from 44.241.174.93: icmp_seq=11225 ttl=30 time=43.3 ms
08-10 23:35:07.938  5910  5982 D cellinfo: 46 bytes from 44.241.174.93: icmp_seq=11226 ttl=30 time=44.2 ms
08-10 23:35:08.142  5910  5982 D cellinfo: 46 bytes from 44.241.174.93: icmp_seq=11227 ttl=30 time=47.3 ms
08-10 23:35:08.343  5910  5982 D cellinfo: 46 bytes from 44.241.174.93: icmp_seq=11228 ttl=30 time=47.8 ms
08-10 23:35:08.367  5910  5910 D cellinfo: Latitude is 39.7687067
08-10 23:35:08.367  5910  5910 D cellinfo: Longitude is -104.9941855
08-10 23:35:08.367  5910  5910 D cellinfo: Instantaneous GPS information: United States, I-25, Denver, CO 80216, USA
08-10 23:35:08.367  5910  5910 D cellinfo: getCurrentLocation() result: Location (success): 39.7687067, -104.9941855
08-10 23:35:08.369  5910  5910 D cellinfo: onCellInfoChanged: Operator: T-Mobile UpdateTimestamp: 19829152 CellConnectionStatus: 0
08-10 23:35:08.369  5910  5910 D cellinfo: onCellInfoChanged: LTE Cell Bands: [2] Bandwidth: 15000 Cell ID: 29298443 Physical Cell ID: 159 Tracking Area Code: 41224 EARFCN: 875
08-10 23:35:08.539  5910  5982 D cellinfo: 46 bytes from 44.241.174.93: icmp_seq=11229 ttl=30 time=43.0 ms
08-10 23:35:08.745  5910  5982 D cellinfo: 46 bytes from 44.241.174.93: icmp_seq=11230 ttl=30 time=47.5 ms
08-10 23:35:08.944  5910  5982 D cellinfo: 46 bytes from 44.241.174.93: icmp_seq=11231 ttl=30 time=46.6 ms
08-10 23:35:09.148  5910  5982 D cellinfo: 46 bytes from 44.241.174.93: icmp_seq=11232 ttl=30 time=50.3 ms
08-10 23:35:09.355  5910  5982 D cellinfo: 46 bytes from 44.241.174.93: icmp_seq=11233 ttl=30 time=56.3 ms
08-10 23:35:09.545  5910  5982 D cellinfo: 46 bytes from 44.241.174.93: icmp_seq=11234 ttl=30 time=45.4 ms
08-10 23:35:09.748  5910  5982 D cellinfo: 46 bytes from 44.241.174.93: icmp_seq=11235 ttl=30 time=47.2 ms
08-10 23:35:09.894  5910  5910 D cellinfo: onsignalStrengthsChanged: LTE Signal Strength info: rsrp: -88 rsrq: -19 rssi: -57 rssnr: 3
08-10 23:35:09.894  5910  5910 D cellinfo: onsignalStrengthsChanged: 5G-NR Signal Strength info: ssrsrp: -77 ssrsrq: -11 sssinr: 2147483647
08-10 23:35:09.954  5910  5982 D cellinfo: 46 bytes from 44.241.174.93: icmp_seq=11236 ttl=30 time=52.0 ms
08-10 23:35:10.154  5910  5982 D cellinfo: 46 bytes from 44.241.174.93: icmp_seq=11237 ttl=30 time=51.0 ms
08-10 23:35:10.242  5910  5910 D cellinfo: onsignalStrengthsChanged: LTE Signal Strength info: rsrp: -88 rsrq: -19 rssi: -57 rssnr: 3
08-10 23:35:10.242  5910  5910 D cellinfo: onsignalStrengthsChanged: 5G-NR Signal Strength info: ssrsrp: -81 ssrsrq: -11 sssinr: 2147483647
08-10 23:35:10.354  5910  5982 D cellinfo: 46 bytes from 44.241.174.93: icmp_seq=11238 ttl=30 time=50.0 ms
08-10 23:35:10.553  5910  5982 D cellinfo: 46 bytes from 44.241.174.93: icmp_seq=11239 ttl=30 time=48.6 ms
08-10 23:35:10.759  5910  5982 D cellinfo: 46 bytes from 44.241.174.93: icmp_seq=11240 ttl=30 time=54.2 ms
08-10 23:35:10.948  5910  5982 D cellinfo: 46 bytes from 44.241.174.93: icmp_seq=11241 ttl=30 time=42.1 ms
08-10 23:35:11.163  5910  5982 D cellinfo: 46 bytes from 44.241.174.93: icmp_seq=11242 ttl=30 time=55.8 ms
08-10 23:35:11.344  5910  5910 D cellinfo: Latitude is 39.7683067
08-10 23:35:11.344  5910  5910 D cellinfo: Longitude is -104.9948763
08-10 23:35:11.344  5910  5910 D cellinfo: Instantaneous GPS information: United States, I-25, Denver, CO 80216, USA
08-10 23:35:11.344  5910  5910 D cellinfo: getCurrentLocation() result: Location (success): 39.7683067, -104.9948763
08-10 23:35:11.346  5910  5910 D cellinfo: onCellInfoChanged: Operator: T-Mobile UpdateTimestamp: 19832146 CellConnectionStatus: 0
08-10 23:35:11.346  5910  5910 D cellinfo: onCellInfoChanged: LTE Cell Bands: [2] Bandwidth: 15000 Cell ID: 29298443 Physical Cell ID: 159 Tracking Area Code: 41224 EARFCN: 875
08-10 23:35:11.348  5910  5982 D cellinfo: 46 bytes from 44.241.174.93: icmp_seq=11243 ttl=30 time=40.6 ms
08-10 23:35:11.551  5910  5982 D cellinfo: 46 bytes from 44.241.174.93: icmp_seq=11244 ttl=30 time=42.3 ms
08-10 23:35:11.753  5910  5982 D cellinfo: 46 bytes from 44.241.174.93: icmp_seq=11245 ttl=30 time=43.2 ms
08-10 23:35:11.959  5910  5982 D cellinfo: 46 bytes from 44.241.174.93: icmp_seq=11246 ttl=30 time=48.1 ms
08-10 23:35:12.135  5910  5910 D cellinfo: onsignalStrengthsChanged: LTE Signal Strength info: rsrp: -84 rsrq: -11 rssi: -51 rssnr: 5
08-10 23:35:12.135  5910  5910 D cellinfo: onsignalStrengthsChanged: 5G-NR Signal Strength info: ssrsrp: -81 ssrsrq: -11 sssinr: 2147483647
08-10 23:35:12.153  5910  5982 D cellinfo: 46 bytes from 44.241.174.93: icmp_seq=11247 ttl=30 time=41.7 ms
08-10 23:35:12.369  5910  5982 D cellinfo: 46 bytes from 44.241.174.93: icmp_seq=11248 ttl=30 time=57.2 ms
08-10 23:35:12.553  5910  5982 D cellinfo: 46 bytes from 44.241.174.93: icmp_seq=11249 ttl=30 time=40.4 ms
08-10 23:35:12.769  5910  5982 D cellinfo: 46 bytes from 44.241.174.93: icmp_seq=11250 ttl=30 time=55.4 ms
08-10 23:35:12.958  5910  5982 D cellinfo: 46 bytes from 44.241.174.93: icmp_seq=11251 ttl=30 time=42.6 ms
08-10 23:35:13.158  5910  5982 D cellinfo: 46 bytes from 44.241.174.93: icmp_seq=11252 ttl=30 time=42.6 ms
08-10 23:35:13.241  5910  5910 D cellinfo: onsignalStrengthsChanged: LTE Signal Strength info: rsrp: -84 rsrq: -11 rssi: -51 rssnr: 5
08-10 23:35:13.241  5910  5910 D cellinfo: onsignalStrengthsChanged: 5G-NR Signal Strength info: ssrsrp: -79 ssrsrq: -11 sssinr: 2147483647
08-10 23:35:13.359  5910  5982 D cellinfo: 46 bytes from 44.241.174.93: icmp_seq=11253 ttl=30 time=43.7 ms
08-10 23:35:13.558  5910  5982 D cellinfo: 46 bytes from 44.241.174.93: icmp_seq=11254 ttl=30 time=41.8 ms
08-10 23:35:13.760  5910  5982 D cellinfo: 46 bytes from 44.241.174.93: icmp_seq=11255 ttl=30 time=41.7 ms
08-10 23:35:13.969  5910  5982 D cellinfo: 46 bytes from 44.241.174.93: icmp_seq=11256 ttl=30 time=51.6 ms
08-10 23:35:14.161  5910  5982 D cellinfo: 46 bytes from 44.241.174.93: icmp_seq=11257 ttl=30 time=43.1 ms
08-10 23:35:14.316  5910  5910 D cellinfo: Latitude is 39.7680629
08-10 23:35:14.316  5910  5910 D cellinfo: Longitude is -104.9952978
08-10 23:35:14.316  5910  5910 D cellinfo: Instantaneous GPS information: United States, 4220 Broadway, Denver, CO 80216, USA
08-10 23:35:14.316  5910  5910 D cellinfo: getCurrentLocation() result: Location (success): 39.7680629, -104.9952978
08-10 23:35:14.318  5910  5910 D cellinfo: onCellInfoChanged: Operator: T-Mobile UpdateTimestamp: 19835152 CellConnectionStatus: 0
08-10 23:35:14.318  5910  5910 D cellinfo: onCellInfoChanged: LTE Cell Bands: [2] Bandwidth: 15000 Cell ID: 29298443 Physical Cell ID: 159 Tracking Area Code: 41224 EARFCN: 875
08-10 23:35:14.374  5910  5982 D cellinfo: 46 bytes from 44.241.174.93: icmp_seq=11258 ttl=30 time=55.3 ms
08-10 23:35:14.563  5910  5982 D cellinfo: 46 bytes from 44.241.174.93: icmp_seq=11259 ttl=30 time=43.5 ms
08-10 23:35:14.776  5910  5982 D cellinfo: 46 bytes from 44.241.174.93: icmp_seq=11260 ttl=30 time=55.3 ms
08-10 23:35:14.968  5910  5982 D cellinfo: 46 bytes from 44.241.174.93: icmp_seq=11261 ttl=30 time=45.8 ms
08-10 23:35:15.168  5910  5982 D cellinfo: 46 bytes from 44.241.174.93: icmp_seq=11262 ttl=30 time=45.2 ms
08-10 23:35:15.378  5910  5982 D cellinfo: 46 bytes from 44.241.174.93: icmp_seq=11263 ttl=30 time=54.3 ms
08-10 23:35:15.569  5910  5982 D cellinfo: 46 bytes from 44.241.174.93: icmp_seq=11264 ttl=30 time=44.1 ms
08-10 23:35:15.768  5910  5982 D cellinfo: 46 bytes from 44.241.174.93: icmp_seq=11265 ttl=30 time=42.5 ms
08-10 23:35:15.968  5910  5982 D cellinfo: 46 bytes from 44.241.174.93: icmp_seq=11266 ttl=30 time=42.3 ms
08-10 23:35:16.168  5910  5982 D cellinfo: 46 bytes from 44.241.174.93: icmp_seq=11267 ttl=30 time=41.2 ms
08-10 23:35:16.242  5910  5910 D cellinfo: onsignalStrengthsChanged: LTE Signal Strength info: rsrp: -84 rsrq: -11 rssi: -51 rssnr: 5
08-10 23:35:16.242  5910  5910 D cellinfo: onsignalStrengthsChanged: 5G-NR Signal Strength info: ssrsrp: -72 ssrsrq: -11 sssinr: 2147483647
08-10 23:35:16.251  5910  5910 D cellinfo: onsignalStrengthsChanged: LTE Signal Strength info: rsrp: -81 rsrq: -10 rssi: -55 rssnr: 11
08-10 23:35:16.251  5910  5910 D cellinfo: onsignalStrengthsChanged: 5G-NR Signal Strength info: ssrsrp: -72 ssrsrq: -11 sssinr: 2147483647
08-10 23:35:16.373  5910  5982 D cellinfo: 46 bytes from 44.241.174.93: icmp_seq=11268 ttl=30 time=45.1 ms
08-10 23:35:16.573  5910  5982 D cellinfo: 46 bytes from 44.241.174.93: icmp_seq=11269 ttl=30 time=44.1 ms
08-10 23:35:16.776  5910  5982 D cellinfo: 46 bytes from 44.241.174.93: icmp_seq=11270 ttl=30 time=46.1 ms
08-10 23:35:16.976  5910  5982 D cellinfo: 46 bytes from 44.241.174.93: icmp_seq=11271 ttl=30 time=45.0 ms
08-10 23:35:17.092  5910  5910 D cellinfo: onCellInfoChanged: Operator: T-Mobile UpdateTimestamp: 19838128 CellConnectionStatus: 0
08-10 23:35:17.093  5910  5910 D cellinfo: onCellInfoChanged: LTE Cell Bands: [2] Bandwidth: 15000 Cell ID: 29298443 Physical Cell ID: 159 Tracking Area Code: 41224 EARFCN: 875
08-10 23:35:17.173  5910  5982 D cellinfo: 46 bytes from 44.241.174.93: icmp_seq=11272 ttl=30 time=41.5 ms
08-10 23:35:17.398  5910  5982 D cellinfo: 46 bytes from 44.241.174.93: icmp_seq=11273 ttl=30 time=65.4 ms
08-10 23:35:17.578  5910  5982 D cellinfo: 46 bytes from 44.241.174.93: icmp_seq=11274 ttl=30 time=44.1 ms
08-10 23:35:17.778  5910  5982 D cellinfo: 46 bytes from 44.241.174.93: icmp_seq=11275 ttl=30 time=43.2 ms
08-10 23:35:17.976  5910  5982 D cellinfo: 46 bytes from 44.241.174.93: icmp_seq=11276 ttl=30 time=40.2 ms
08-10 23:35:18.178  5910  5982 D cellinfo: 46 bytes from 44.241.174.93: icmp_seq=11277 ttl=30 time=41.0 ms
08-10 23:35:18.385  5910  5982 D cellinfo: 46 bytes from 44.241.174.93: icmp_seq=11278 ttl=30 time=47.0 ms
08-10 23:35:18.409  5910  5910 D cellinfo: Latitude is 39.7673356
08-10 23:35:18.409  5910  5910 D cellinfo: Longitude is -104.9976755
08-10 23:35:18.409  5910  5910 D cellinfo: Instantaneous GPS information: United States, 3600 Inca St, Denver, CO 80211, USA
08-10 23:35:18.409  5910  5910 D cellinfo: getCurrentLocation() result: Location (success): 39.7673356, -104.9976755
08-10 23:35:18.583  5910  5982 D cellinfo: 46 bytes from 44.241.174.93: icmp_seq=11279 ttl=30 time=44.4 ms
08-10 23:35:18.783  5910  5982 D cellinfo: 46 bytes from 44.241.174.93: icmp_seq=11280 ttl=30 time=42.9 ms
08-10 23:35:18.857  5910  5910 D cellinfo: onsignalStrengthsChanged: LTE Signal Strength info: rsrp: -87 rsrq: -16 rssi: -57 rssnr: 5
08-10 23:35:18.857  5910  5910 D cellinfo: onsignalStrengthsChanged: 5G-NR Signal Strength info: ssrsrp: -72 ssrsrq: -11 sssinr: 2147483647
08-10 23:35:18.983  5910  5982 D cellinfo: 46 bytes from 44.241.174.93: icmp_seq=11281 ttl=30 time=42.6 ms
08-10 23:35:19.183  5910  5982 D cellinfo: 46 bytes from 44.241.174.93: icmp_seq=11282 ttl=30 time=42.4 ms
08-10 23:35:19.243  5910  5910 D cellinfo: onsignalStrengthsChanged: LTE Signal Strength info: rsrp: -87 rsrq: -16 rssi: -57 rssnr: 5
08-10 23:35:19.243  5910  5910 D cellinfo: onsignalStrengthsChanged: 5G-NR Signal Strength info: ssrsrp: -73 ssrsrq: -11 sssinr: 2147483647
08-10 23:35:19.384  5910  5982 D cellinfo: 46 bytes from 44.241.174.93: icmp_seq=11283 ttl=30 time=41.5 ms
08-10 23:35:19.599  5910  5982 D cellinfo: 46 bytes from 44.241.174.93: icmp_seq=11284 ttl=30 time=56.2 ms
08-10 23:35:19.796  5910  5982 D cellinfo: 46 bytes from 44.241.174.93: icmp_seq=11285 ttl=30 time=51.4 ms
08-10 23:35:20.000  5910  5982 D cellinfo: 46 bytes from 44.241.174.93: icmp_seq=11286 ttl=30 time=55.0 ms
08-10 23:35:20.062  5910  5910 D cellinfo: Latitude is 39.7673356
08-10 23:35:20.062  5910  5910 D cellinfo: Longitude is -104.9976755
08-10 23:35:20.062  5910  5910 D cellinfo: Instantaneous GPS information: United States, 3600 Inca St, Denver, CO 80211, USA
08-10 23:35:20.062  5910  5910 D cellinfo: getCurrentLocation() result: Location (success): 39.7673356, -104.9976755
08-10 23:35:20.099  5910  5910 D cellinfo: onCellInfoChanged: Operator: T-Mobile UpdateTimestamp: 19841133 CellConnectionStatus: 0
08-10 23:35:20.099  5910  5910 D cellinfo: onCellInfoChanged: LTE Cell Bands: [2] Bandwidth: 15000 Cell ID: 29298443 Physical Cell ID: 159 Tracking Area Code: 41224 EARFCN: 875
08-10 23:35:20.188  5910  5982 D cellinfo: 46 bytes from 44.241.174.93: icmp_seq=11287 ttl=30 time=42.7 ms
08-10 23:35:20.389  5910  5982 D cellinfo: 46 bytes from 44.241.174.93: icmp_seq=11288 ttl=30 time=43.9 ms
08-10 23:35:20.591  5910  5982 D cellinfo: 46 bytes from 44.241.174.93: icmp_seq=11289 ttl=30 time=45.0 ms
08-10 23:35:20.789  5910  5982 D cellinfo: 46 bytes from 44.241.174.93: icmp_seq=11290 ttl=30 time=42.4 ms
08-10 23:35:20.988  5910  5982 D cellinfo: 46 bytes from 44.241.174.93: icmp_seq=11291 ttl=30 time=39.9 ms
08-10 23:35:21.193  5910  5982 D cellinfo: 46 bytes from 44.241.174.93: icmp_seq=11292 ttl=30 time=44.2 ms
08-10 23:35:21.404  5910  5982 D cellinfo: 46 bytes from 44.241.174.93: icmp_seq=11293 ttl=30 time=54.5 ms
08-10 23:35:21.593  5910  5982 D cellinfo: 46 bytes from 44.241.174.93: icmp_seq=11294 ttl=30 time=42.4 ms
08-10 23:35:21.792  5910  5982 D cellinfo: 46 bytes from 44.241.174.93: icmp_seq=11295 ttl=30 time=39.5 ms
08-10 23:35:22.006  5910  5982 D cellinfo: 46 bytes from 44.241.174.93: icmp_seq=11296 ttl=30 time=52.7 ms
08-10 23:35:22.198  5910  5982 D cellinfo: 46 bytes from 44.241.174.93: icmp_seq=11297 ttl=30 time=44.8 ms
08-10 23:35:22.240  5910  5910 D cellinfo: onsignalStrengthsChanged: LTE Signal Strength info: rsrp: -87 rsrq: -16 rssi: -57 rssnr: 5
08-10 23:35:22.241  5910  5910 D cellinfo: onsignalStrengthsChanged: 5G-NR Signal Strength info: ssrsrp: -69 ssrsrq: -11 sssinr: 5
08-10 23:35:22.251  5910  5910 D cellinfo: onsignalStrengthsChanged: LTE Signal Strength info: rsrp: -85 rsrq: -10 rssi: -57 rssnr: 5
08-10 23:35:22.251  5910  5910 D cellinfo: onsignalStrengthsChanged: 5G-NR Signal Strength info: ssrsrp: -69 ssrsrq: -11 sssinr: 5
08-10 23:35:22.398  5910  5982 D cellinfo: 46 bytes from 44.241.174.93: icmp_seq=11298 ttl=30 time=44.2 ms
08-10 23:35:22.598  5910  5982 D cellinfo: 46 bytes from 44.241.174.93: icmp_seq=11299 ttl=30 time=43.0 ms
08-10 23:35:22.798  5910  5982 D cellinfo: 46 bytes from 44.241.174.93: icmp_seq=11300 ttl=30 time=41.9 ms
08-10 23:35:22.998  5910  5982 D cellinfo: 46 bytes from 44.241.174.93: icmp_seq=11301 ttl=30 time=41.1 ms
08-10 23:35:23.213  5910  5982 D cellinfo: 46 bytes from 44.241.174.93: icmp_seq=11302 ttl=30 time=54.7 ms
08-10 23:35:23.320  5910  5910 D cellinfo: Latitude is 39.7671568
08-10 23:35:23.320  5910  5910 D cellinfo: Longitude is -104.9981528
08-10 23:35:23.320  5910  5910 D cellinfo: Instantaneous GPS information: United States, 3600 Inca St, Denver, CO 80211, USA
08-10 23:35:23.320  5910  5910 D cellinfo: getCurrentLocation() result: Location (success): 39.7671568, -104.9981528
08-10 23:35:23.322  5910  5910 D cellinfo: onCellInfoChanged: Operator: T-Mobile UpdateTimestamp: 19844158 CellConnectionStatus: 0
08-10 23:35:23.322  5910  5910 D cellinfo: onCellInfoChanged: LTE Cell Bands: [2] Bandwidth: 15000 Cell ID: 29298443 Physical Cell ID: 159 Tracking Area Code: 41224 EARFCN: 875
08-10 23:35:23.398  5910  5982 D cellinfo: 46 bytes from 44.241.174.93: icmp_seq=11303 ttl=30 time=39.3 ms
08-10 23:35:23.607  5910  5982 D cellinfo: 46 bytes from 44.241.174.93: icmp_seq=11304 ttl=30 time=47.5 ms
08-10 23:35:23.801  5910  5982 D cellinfo: 46 bytes from 44.241.174.93: icmp_seq=11305 ttl=30 time=40.4 ms
08-10 23:35:24.006  5910  5982 D cellinfo: 46 bytes from 44.241.174.93: icmp_seq=11306 ttl=30 time=44.1 ms
08-10 23:35:24.209  5910  5982 D cellinfo: 46 bytes from 44.241.174.93: icmp_seq=11307 ttl=30 time=46.5 ms
08-10 23:35:24.421  5910  5982 D cellinfo: 46 bytes from 44.241.174.93: icmp_seq=11308 ttl=30 time=58.0 ms
08-10 23:35:24.609  5910  5982 D cellinfo: 46 bytes from 44.241.174.93: icmp_seq=11309 ttl=30 time=43.8 ms
08-10 23:35:24.808  5910  5982 D cellinfo: 46 bytes from 44.241.174.93: icmp_seq=11310 ttl=30 time=43.1 ms
08-10 23:35:25.008  5910  5982 D cellinfo: 46 bytes from 44.241.174.93: icmp_seq=11311 ttl=30 time=42.4 ms
08-10 23:35:25.208  5910  5982 D cellinfo: 46 bytes from 44.241.174.93: icmp_seq=11312 ttl=30 time=42.3 ms
08-10 23:35:25.240  5910  5910 D cellinfo: onsignalStrengthsChanged: LTE Signal Strength info: rsrp: -85 rsrq: -10 rssi: -57 rssnr: 5
08-10 23:35:25.240  5910  5910 D cellinfo: onsignalStrengthsChanged: 5G-NR Signal Strength info: ssrsrp: -67 ssrsrq: -11 sssinr: 17
08-10 23:35:25.247  5910  5910 D cellinfo: onsignalStrengthsChanged: LTE Signal Strength info: rsrp: -83 rsrq: -13 rssi: -51 rssnr: 5
08-10 23:35:25.247  5910  5910 D cellinfo: onsignalStrengthsChanged: 5G-NR Signal Strength info: ssrsrp: -67 ssrsrq: -11 sssinr: 17
08-10 23:35:25.408  5910  5982 D cellinfo: 46 bytes from 44.241.174.93: icmp_seq=11313 ttl=30 time=41.2 ms
08-10 23:35:25.608  5910  5982 D cellinfo: 46 bytes from 44.241.174.93: icmp_seq=11314 ttl=30 time=40.3 ms
08-10 23:35:25.811  5910  5982 D cellinfo: 46 bytes from 44.241.174.93: icmp_seq=11315 ttl=30 time=42.2 ms
08-10 23:35:26.013  5910  5982 D cellinfo: 46 bytes from 44.241.174.93: icmp_seq=11316 ttl=30 time=42.9 ms
08-10 23:35:26.214  5910  5982 D cellinfo: 46 bytes from 44.241.174.93: icmp_seq=11317 ttl=30 time=43.8 ms
08-10 23:35:26.353  5910  5910 D cellinfo: Latitude is 39.7669402
08-10 23:35:26.353  5910  5910 D cellinfo: Longitude is -104.9987305
08-10 23:35:26.353  5910  5910 D cellinfo: Instantaneous GPS information: United States, 3610 Jason St, Denver, CO 80211, USA
08-10 23:35:26.353  5910  5910 D cellinfo: getCurrentLocation() result: Location (success): 39.7669402, -104.9987305
08-10 23:35:26.354  5910  5910 D cellinfo: onCellInfoChanged: Operator: T-Mobile UpdateTimestamp: 19847163 CellConnectionStatus: 0
08-10 23:35:26.354  5910  5910 D cellinfo: onCellInfoChanged: LTE Cell Bands: [2] Bandwidth: 15000 Cell ID: 29298443 Physical Cell ID: 159 Tracking Area Code: 41224 EARFCN: 875
08-10 23:35:26.411  5910  5982 D cellinfo: 46 bytes from 44.241.174.93: icmp_seq=11318 ttl=30 time=40.2 ms
08-10 23:35:26.617  5910  5982 D cellinfo: 46 bytes from 44.241.174.93: icmp_seq=11319 ttl=30 time=44.8 ms
08-10 23:35:26.813  5910  5982 D cellinfo: 46 bytes from 44.241.174.93: icmp_seq=11320 ttl=30 time=40.9 ms
08-10 23:35:27.013  5910  5982 D cellinfo: 46 bytes from 44.241.174.93: icmp_seq=11321 ttl=30 time=40.1 ms
08-10 23:35:27.218  5910  5982 D cellinfo: 46 bytes from 44.241.174.93: icmp_seq=11322 ttl=30 time=45.2 ms
08-10 23:35:27.418  5910  5982 D cellinfo: 46 bytes from 44.241.174.93: icmp_seq=11323 ttl=30 time=44.5 ms
08-10 23:35:27.618  5910  5982 D cellinfo: 46 bytes from 44.241.174.93: icmp_seq=11324 ttl=30 time=43.1 ms
08-10 23:35:27.813  5910  5910 D cellinfo: onsignalStrengthsChanged: LTE Signal Strength info: rsrp: -85 rsrq: -15 rssi: -51 rssnr: 4
08-10 23:35:27.814  5910  5910 D cellinfo: onsignalStrengthsChanged: 5G-NR Signal Strength info: ssrsrp: -67 ssrsrq: -11 sssinr: 17
08-10 23:35:27.816  5910  5982 D cellinfo: 46 bytes from 44.241.174.93: icmp_seq=11325 ttl=30 time=40.3 ms
08-10 23:35:28.018  5910  5982 D cellinfo: 46 bytes from 44.241.174.93: icmp_seq=11326 ttl=30 time=39.5 ms
08-10 23:35:28.218  5910  5982 D cellinfo: 46 bytes from 44.241.174.93: icmp_seq=11327 ttl=30 time=41.3 ms
08-10 23:35:28.240  5910  5910 D cellinfo: onsignalStrengthsChanged: LTE Signal Strength info: rsrp: -85 rsrq: -15 rssi: -51 rssnr: 4
08-10 23:35:28.240  5910  5910 D cellinfo: onsignalStrengthsChanged: 5G-NR Signal Strength info: ssrsrp: -70 ssrsrq: -11 sssinr: 37
08-10 23:35:28.418  5910  5982 D cellinfo: 46 bytes from 44.241.174.93: icmp_seq=11328 ttl=30 time=40.8 ms
08-10 23:35:28.622  5910  5982 D cellinfo: 46 bytes from 44.241.174.93: icmp_seq=11329 ttl=30 time=43.4 ms
08-10 23:35:28.823  5910  5982 D cellinfo: 46 bytes from 44.241.174.93: icmp_seq=11330 ttl=30 time=43.4 ms
08-10 23:35:29.023  5910  5982 D cellinfo: 46 bytes from 44.241.174.93: icmp_seq=11331 ttl=30 time=42.1 ms
08-10 23:35:29.223  5910  5982 D cellinfo: 46 bytes from 44.241.174.93: icmp_seq=11332 ttl=30 time=42.0 ms
08-10 23:35:29.329  5910  5910 D cellinfo: Latitude is 39.7668699
08-10 23:35:29.329  5910  5910 D cellinfo: Longitude is -104.9989185
08-10 23:35:29.329  5910  5910 D cellinfo: Instantaneous GPS information: United States, 3600 Jason St, Denver, CO 80211, USA
08-10 23:35:29.329  5910  5910 D cellinfo: getCurrentLocation() result: Location (success): 39.7668699, -104.9989185
08-10 23:35:29.331  5910  5910 D cellinfo: onCellInfoChanged: Operator: T-Mobile UpdateTimestamp: 19850148 CellConnectionStatus: 0
08-10 23:35:29.331  5910  5910 D cellinfo: onCellInfoChanged: LTE Cell Bands: [2] Bandwidth: 15000 Cell ID: 29298443 Physical Cell ID: 159 Tracking Area Code: 41224 EARFCN: 875
08-10 23:35:29.423  5910  5982 D cellinfo: 46 bytes from 44.241.174.93: icmp_seq=11333 ttl=30 time=40.8 ms
08-10 23:35:29.623  5910  5982 D cellinfo: 46 bytes from 44.241.174.93: icmp_seq=11334 ttl=30 time=40.6 ms
08-10 23:35:29.828  5910  5982 D cellinfo: 46 bytes from 44.241.174.93: icmp_seq=11335 ttl=30 time=43.9 ms
08-10 23:35:30.028  5910  5982 D cellinfo: 46 bytes from 44.241.174.93: icmp_seq=11336 ttl=30 time=43.1 ms
08-10 23:35:30.228  5910  5982 D cellinfo: 46 bytes from 44.241.174.93: icmp_seq=11337 ttl=30 time=43.1 ms
08-10 23:35:30.433  5910  5982 D cellinfo: 46 bytes from 44.241.174.93: icmp_seq=11338 ttl=30 time=46.8 ms
08-10 23:35:30.628  5910  5982 D cellinfo: 46 bytes from 44.241.174.93: icmp_seq=11339 ttl=30 time=41.1 ms
08-10 23:35:30.838  5910  5982 D cellinfo: 46 bytes from 44.241.174.93: icmp_seq=11340 ttl=30 time=49.7 ms
08-10 23:35:31.033  5910  5982 D cellinfo: 46 bytes from 44.241.174.93: icmp_seq=11341 ttl=30 time=44.2 ms
08-10 23:35:31.231  5910  5982 D cellinfo: 46 bytes from 44.241.174.93: icmp_seq=11342 ttl=30 time=42.0 ms
08-10 23:35:31.243  5910  5910 D cellinfo: onsignalStrengthsChanged: LTE Signal Strength info: rsrp: -85 rsrq: -15 rssi: -51 rssnr: 4
08-10 23:35:31.243  5910  5910 D cellinfo: onsignalStrengthsChanged: 5G-NR Signal Strength info: ssrsrp: -68 ssrsrq: -11 sssinr: 2147483647
08-10 23:35:31.251  5910  5910 D cellinfo: onsignalStrengthsChanged: LTE Signal Strength info: rsrp: -88 rsrq: -13 rssi: -57 rssnr: 4
08-10 23:35:31.251  5910  5910 D cellinfo: onsignalStrengthsChanged: 5G-NR Signal Strength info: ssrsrp: -68 ssrsrq: -11 sssinr: 2147483647
08-10 23:35:31.433  5910  5982 D cellinfo: 46 bytes from 44.241.174.93: icmp_seq=11343 ttl=30 time=43.4 ms
08-10 23:35:31.633  5910  5982 D cellinfo: 46 bytes from 44.241.174.93: icmp_seq=11344 ttl=30 time=42.2 ms
08-10 23:35:31.831  5910  5982 D cellinfo: 46 bytes from 44.241.174.93: icmp_seq=11345 ttl=30 time=38.3 ms
08-10 23:35:32.036  5910  5982 D cellinfo: 46 bytes from 44.241.174.93: icmp_seq=11346 ttl=30 time=42.6 ms
08-10 23:35:32.096  5910  5910 D cellinfo: onCellInfoChanged: Operator: T-Mobile UpdateTimestamp: 19853129 CellConnectionStatus: 0
08-10 23:35:32.096  5910  5910 D cellinfo: onCellInfoChanged: LTE Cell Bands: [2] Bandwidth: 15000 Cell ID: 29298443 Physical Cell ID: 159 Tracking Area Code: 41224 EARFCN: 875
08-10 23:35:32.233  5910  5982 D cellinfo: 46 bytes from 44.241.174.93: icmp_seq=11347 ttl=30 time=39.9 ms
08-10 23:35:32.438  5910  5982 D cellinfo: 46 bytes from 44.241.174.93: icmp_seq=11348 ttl=30 time=44.8 ms
08-10 23:35:32.638  5910  5982 D cellinfo: 46 bytes from 44.241.174.93: icmp_seq=11349 ttl=30 time=43.9 ms
08-10 23:35:32.836  5910  5982 D cellinfo: 46 bytes from 44.241.174.93: icmp_seq=11350 ttl=30 time=41.0 ms
08-10 23:35:33.046  5910  5982 D cellinfo: 46 bytes from 44.241.174.93: icmp_seq=11351 ttl=30 time=50.3 ms
08-10 23:35:33.313  5910  5982 D cellinfo: 46 bytes from 44.241.174.93: icmp_seq=11352 ttl=30 time=117 ms
08-10 23:35:33.330  5910  5910 D cellinfo: onServiceStateChanged: Channel Number: 875 Cell Bandwidths: [15000]
08-10 23:35:33.436  5910  5982 D cellinfo: 46 bytes from 44.241.174.93: icmp_seq=11353 ttl=30 time=39.9 ms
08-10 23:35:33.638  5910  5982 D cellinfo: 46 bytes from 44.241.174.93: icmp_seq=11354 ttl=30 time=41.7 ms
08-10 23:35:33.838  5910  5982 D cellinfo: 46 bytes from 44.241.174.93: icmp_seq=11355 ttl=30 time=41.1 ms
08-10 23:35:34.038  5910  5982 D cellinfo: 46 bytes from 44.241.174.93: icmp_seq=11356 ttl=30 time=39.9 ms
08-10 23:35:34.240  5910  5910 D cellinfo: onsignalStrengthsChanged: LTE Signal Strength info: rsrp: -88 rsrq: -13 rssi: -57 rssnr: 4
08-10 23:35:34.240  5910  5910 D cellinfo: onsignalStrengthsChanged: 5G-NR Signal Strength info: ssrsrp: -69 ssrsrq: -11 sssinr: 2147483647
08-10 23:35:34.248  5910  5982 D cellinfo: 46 bytes from 44.241.174.93: icmp_seq=11357 ttl=30 time=50.1 ms
08-10 23:35:34.249  5910  5910 D cellinfo: onsignalStrengthsChanged: LTE Signal Strength info: rsrp: -89 rsrq: -14 rssi: -51 rssnr: -1
08-10 23:35:34.249  5910  5910 D cellinfo: onsignalStrengthsChanged: 5G-NR Signal Strength info: ssrsrp: -69 ssrsrq: -11 sssinr: 2147483647
08-10 23:35:34.447  5910  5982 D cellinfo: 46 bytes from 44.241.174.93: icmp_seq=11358 ttl=30 time=47.8 ms
08-10 23:35:34.648  5910  5982 D cellinfo: 46 bytes from 44.241.174.93: icmp_seq=11359 ttl=30 time=48.5 ms
08-10 23:35:34.843  5910  5982 D cellinfo: 46 bytes from 44.241.174.93: icmp_seq=11360 ttl=30 time=43.4 ms
08-10 23:35:35.042  5910  5982 D cellinfo: 46 bytes from 44.241.174.93: icmp_seq=11361 ttl=30 time=42.0 ms
08-10 23:35:35.243  5910  5910 D cellinfo: Latitude is 39.7642425
08-10 23:35:35.243  5910  5910 D cellinfo: Longitude is -105.0018624
08-10 23:35:35.244  5910  5910 D cellinfo: Instantaneous GPS information: United States, 3360 Mariposa St, Denver, CO 80211, USA
08-10 23:35:35.244  5910  5910 D cellinfo: getCurrentLocation() result: Location (success): 39.7642425, -105.0018624
08-10 23:35:35.246  5910  5910 D cellinfo: onCellInfoChanged: Operator: T-Mobile UpdateTimestamp: 19856114 CellConnectionStatus: 0
08-10 23:35:35.246  5910  5910 D cellinfo: onCellInfoChanged: LTE Cell Bands: [2] Bandwidth: 15000 Cell ID: 26624523 Physical Cell ID: 168 Tracking Area Code: 41224 EARFCN: 875
08-10 23:35:35.254  5910  5910 D cellinfo: Latitude is 39.7642425
08-10 23:35:35.254  5910  5910 D cellinfo: Longitude is -105.0018624
08-10 23:35:35.254  5910  5910 D cellinfo: Instantaneous GPS information: United States, 3360 Mariposa St, Denver, CO 80211, USA
08-10 23:35:35.254  5910  5910 D cellinfo: getCurrentLocation() result: Location (success): 39.7642425, -105.0018624
08-10 23:35:35.255  5910  5982 D cellinfo: 46 bytes from 44.241.174.93: icmp_seq=11362 ttl=30 time=54.2 ms
08-10 23:35:35.447  5910  5982 D cellinfo: 46 bytes from 44.241.174.93: icmp_seq=11363 ttl=30 time=44.8 ms
08-10 23:35:35.655  5910  5982 D cellinfo: 46 bytes from 44.241.174.93: icmp_seq=11364 ttl=30 time=52.2 ms
08-10 23:35:35.842  5910  5982 D cellinfo: 46 bytes from 44.241.174.93: icmp_seq=11365 ttl=30 time=39.3 ms
08-10 23:35:36.048  5910  5982 D cellinfo: 46 bytes from 44.241.174.93: icmp_seq=11366 ttl=30 time=43.6 ms
08-10 23:35:36.247  5910  5982 D cellinfo: 46 bytes from 44.241.174.93: icmp_seq=11367 ttl=30 time=42.4 ms
08-10 23:35:36.447  5910  5982 D cellinfo: 46 bytes from 44.241.174.93: icmp_seq=11368 ttl=30 time=41.3 ms
08-10 23:35:36.654  5910  5982 D cellinfo: 46 bytes from 44.241.174.93: icmp_seq=11369 ttl=30 time=46.8 ms
08-10 23:35:36.774  5910  5910 D cellinfo: onsignalStrengthsChanged: LTE Signal Strength info: rsrp: -85 rsrq: -13 rssi: -53 rssnr: 7
08-10 23:35:36.774  5910  5910 D cellinfo: onsignalStrengthsChanged: 5G-NR Signal Strength info: ssrsrp: -69 ssrsrq: -11 sssinr: 2147483647
08-10 23:35:36.846  5910  5982 D cellinfo: 46 bytes from 44.241.174.93: icmp_seq=11370 ttl=30 time=38.5 ms
08-10 23:35:37.053  5910  5982 D cellinfo: 46 bytes from 44.241.174.93: icmp_seq=11371 ttl=30 time=44.0 ms
08-10 23:35:37.241  5910  5910 D cellinfo: onsignalStrengthsChanged: LTE Signal Strength info: rsrp: -85 rsrq: -13 rssi: -53 rssnr: 7
08-10 23:35:37.242  5910  5910 D cellinfo: onsignalStrengthsChanged: 5G-NR Signal Strength info: ssrsrp: -76 ssrsrq: -11 sssinr: 2147483647
08-10 23:35:37.253  5910  5982 D cellinfo: 46 bytes from 44.241.174.93: icmp_seq=11372 ttl=30 time=43.5 ms
08-10 23:35:37.451  5910  5982 D cellinfo: 46 bytes from 44.241.174.93: icmp_seq=11373 ttl=30 time=40.3 ms
08-10 23:35:37.653  5910  5982 D cellinfo: 46 bytes from 44.241.174.93: icmp_seq=11374 ttl=30 time=41.1 ms
08-10 23:35:37.853  5910  5982 D cellinfo: 46 bytes from 44.241.174.93: icmp_seq=11375 ttl=30 time=40.4 ms
08-10 23:35:38.060  5910  5982 D cellinfo: 46 bytes from 44.241.174.93: icmp_seq=11376 ttl=30 time=47.2 ms
08-10 23:35:38.258  5910  5982 D cellinfo: 46 bytes from 44.241.174.93: icmp_seq=11377 ttl=30 time=43.9 ms
08-10 23:35:38.293  5910  5910 D cellinfo: Latitude is 39.764218
08-10 23:35:38.293  5910  5910 D cellinfo: Longitude is -105.0018831
08-10 23:35:38.293  5910  5910 D cellinfo: Instantaneous GPS information: United States, 3360 Mariposa St, Denver, CO 80211, USA
08-10 23:35:38.293  5910  5910 D cellinfo: getCurrentLocation() result: Location (success): 39.764218, -105.0018831
08-10 23:35:38.295  5910  5910 D cellinfo: onCellInfoChanged: Operator: T-Mobile UpdateTimestamp: 19859121 CellConnectionStatus: 0
08-10 23:35:38.295  5910  5910 D cellinfo: onCellInfoChanged: LTE Cell Bands: [2] Bandwidth: 15000 Cell ID: 26624523 Physical Cell ID: 168 Tracking Area Code: 41224 EARFCN: 875
08-10 23:35:38.458  5910  5982 D cellinfo: 46 bytes from 44.241.174.93: icmp_seq=11378 ttl=30 time=43.0 ms
08-10 23:35:38.658  5910  5982 D cellinfo: 46 bytes from 44.241.174.93: icmp_seq=11379 ttl=30 time=42.3 ms
08-10 23:35:38.884  5910  5910 D cellinfo: onsignalStrengthsChanged: LTE Signal Strength info: rsrp: -85 rsrq: -13 rssi: -53 rssnr: 7
08-10 23:35:38.884  5910  5910 D cellinfo: onsignalStrengthsChanged: 5G-NR Signal Strength info: ssrsrp: -80 ssrsrq: -12 sssinr: 2147483647
08-10 23:35:38.916  5910  5982 D cellinfo: 46 bytes from 44.241.174.93: icmp_seq=11380 ttl=30 time=99.1 ms
08-10 23:35:39.067  5910  5982 D cellinfo: 46 bytes from 44.241.174.93: icmp_seq=11381 ttl=30 time=49.4 ms
08-10 23:35:39.263  5910  5982 D cellinfo: 46 bytes from 44.241.174.93: icmp_seq=11382 ttl=30 time=44.2 ms
08-10 23:35:39.468  5910  5982 D cellinfo: 46 bytes from 44.241.174.93: icmp_seq=11383 ttl=30 time=48.2 ms
08-10 23:35:39.665  5910  5982 D cellinfo: 46 bytes from 44.241.174.93: icmp_seq=11384 ttl=30 time=45.1 ms
08-10 23:35:39.868  5910  5982 D cellinfo: 46 bytes from 44.241.174.93: icmp_seq=11385 ttl=30 time=46.5 ms
08-10 23:35:40.063  5910  5982 D cellinfo: 46 bytes from 44.241.174.93: icmp_seq=11386 ttl=30 time=40.3 ms
08-10 23:35:40.241  5910  5910 D cellinfo: onsignalStrengthsChanged: LTE Signal Strength info: rsrp: -85 rsrq: -13 rssi: -53 rssnr: 7
08-10 23:35:40.241  5910  5910 D cellinfo: onsignalStrengthsChanged: 5G-NR Signal Strength info: ssrsrp: -82 ssrsrq: -12 sssinr: 2147483647
08-10 23:35:40.250  5910  5910 D cellinfo: onsignalStrengthsChanged: LTE Signal Strength info: rsrp: -93 rsrq: -14 rssi: -61 rssnr: 4
08-10 23:35:40.250  5910  5910 D cellinfo: onsignalStrengthsChanged: 5G-NR Signal Strength info: ssrsrp: -82 ssrsrq: -12 sssinr: 2147483647
08-10 23:35:40.268  5910  5982 D cellinfo: 46 bytes from 44.241.174.93: icmp_seq=11387 ttl=30 time=44.3 ms
08-10 23:35:40.466  5910  5982 D cellinfo: 46 bytes from 44.241.174.93: icmp_seq=11388 ttl=30 time=40.9 ms
08-10 23:35:40.668  5910  5982 D cellinfo: 46 bytes from 44.241.174.93: icmp_seq=11389 ttl=30 time=42.9 ms
08-10 23:35:40.868  5910  5982 D cellinfo: 46 bytes from 44.241.174.93: icmp_seq=11390 ttl=30 time=41.7 ms
08-10 23:35:41.066  5910  5982 D cellinfo: 46 bytes from 44.241.174.93: icmp_seq=11391 ttl=30 time=39.1 ms
08-10 23:35:41.276  5910  5982 D cellinfo: 46 bytes from 44.241.174.93: icmp_seq=11392 ttl=30 time=48.2 ms
08-10 23:35:41.305  5910  5910 D cellinfo: Latitude is 39.7636326
08-10 23:35:41.305  5910  5910 D cellinfo: Longitude is -105.0023777
08-10 23:35:41.305  5910  5910 D cellinfo: Instantaneous GPS information: United States, 3330 Mariposa St, Denver, CO 80211, USA
08-10 23:35:41.305  5910  5910 D cellinfo: getCurrentLocation() result: Location (success): 39.7636326, -105.0023777
08-10 23:35:41.307  5910  5910 D cellinfo: onCellInfoChanged: Operator: T-Mobile UpdateTimestamp: 19862129 CellConnectionStatus: 0
08-10 23:35:41.307  5910  5910 D cellinfo: onCellInfoChanged: LTE Cell Bands: [2] Bandwidth: 15000 Cell ID: 26624523 Physical Cell ID: 168 Tracking Area Code: 41224 EARFCN: 875
08-10 23:35:41.470  5910  5982 D cellinfo: 46 bytes from 44.241.174.93: icmp_seq=11393 ttl=30 time=41.5 ms
08-10 23:35:41.671  5910  5982 D cellinfo: 46 bytes from 44.241.174.93: icmp_seq=11394 ttl=30 time=40.8 ms
08-10 23:35:41.876  5910  5982 D cellinfo: 46 bytes from 44.241.174.93: icmp_seq=11395 ttl=30 time=45.3 ms
08-10 23:35:42.098  5910  5982 D cellinfo: 46 bytes from 44.241.174.93: icmp_seq=11396 ttl=30 time=65.8 ms
