08-10 20:43:04.676 14030 14080 D cellinfo: 46 bytes from 44.241.174.93: icmp_seq=1596 ttl=42 time=47.2 ms
08-10 20:43:04.886 14030 14080 D cellinfo: 46 bytes from 44.241.174.93: icmp_seq=1597 ttl=42 time=55.8 ms
08-10 20:43:05.086 14030 14080 D cellinfo: 46 bytes from 44.241.174.93: icmp_seq=1598 ttl=42 time=54.6 ms
08-10 20:43:05.287 14030 14080 D cellinfo: 46 bytes from 44.241.174.93: icmp_seq=1599 ttl=42 time=54.9 ms
08-10 20:43:05.487 14030 14080 D cellinfo: 46 bytes from 44.241.174.93: icmp_seq=1600 ttl=42 time=54.0 ms
08-10 20:43:05.687 14030 14080 D cellinfo: 46 bytes from 44.241.174.93: icmp_seq=1601 ttl=42 time=53.7 ms
08-10 20:43:05.887 14030 14080 D cellinfo: 46 bytes from 44.241.174.93: icmp_seq=1602 ttl=42 time=52.4 ms
08-10 20:43:06.087 14030 14080 D cellinfo: 46 bytes from 44.241.174.93: icmp_seq=1603 ttl=42 time=51.6 ms
08-10 20:43:06.296 14030 14080 D cellinfo: 46 bytes from 44.241.174.93: icmp_seq=1604 ttl=42 time=59.4 ms
08-10 20:43:06.379 14030 14030 D cellinfo: onsignalStrengthsChanged: LTE Signal Strength info: rsrp: -99 rsrq: -11 rssi: -71 rssnr: 9
08-10 20:43:06.490 14030 14080 D cellinfo: 46 bytes from 44.241.174.93: icmp_seq=1605 ttl=42 time=52.7 ms
08-10 20:43:06.686 14030 14080 D cellinfo: 46 bytes from 44.241.174.93: icmp_seq=1606 ttl=42 time=48.2 ms
08-10 20:43:06.889 14030 14080 D cellinfo: 46 bytes from 44.241.174.93: icmp_seq=1607 ttl=42 time=50.0 ms
08-10 20:43:07.091 14030 14080 D cellinfo: 46 bytes from 44.241.174.93: icmp_seq=1608 ttl=42 time=51.8 ms
08-10 20:43:07.315 14030 14080 D cellinfo: 46 bytes from 44.241.174.93: icmp_seq=1609 ttl=42 time=74.8 ms
08-10 20:43:07.453 14030 14030 D cellinfo: Latitude is 41.4305934
08-10 20:43:07.453 14030 14030 D cellinfo: Longitude is -105.8874268
08-10 20:43:07.453 14030 14030 D cellinfo: Instantaneous GPS information: United States, Dwight D. Eisenhower Hwy, Laramie, WY 82070, USA
08-10 20:43:07.453 14030 14030 D cellinfo: getCurrentLocation() result: Location (success): 41.4305934, -105.8874268
08-10 20:43:07.455 14030 14030 D cellinfo: onCellInfoChanged: Operator: T-Mobile UpdateTimestamp: 9508190 CellConnectionStatus: 0
08-10 20:43:07.455 14030 14030 D cellinfo: onCellInfoChanged: LTE Cell Bands: [2] Bandwidth: 10000 Cell ID: 25826571 Physical Cell ID: 219 Tracking Area Code: 47617 EARFCN: 852
08-10 20:43:07.515 14030 14080 D cellinfo: 46 bytes from 44.241.174.93: icmp_seq=1610 ttl=42 time=73.4 ms
08-10 20:43:07.697 14030 14080 D cellinfo: 46 bytes from 44.241.174.93: icmp_seq=1611 ttl=42 time=53.8 ms
08-10 20:43:07.897 14030 14080 D cellinfo: 46 bytes from 44.241.174.93: icmp_seq=1612 ttl=42 time=53.4 ms
08-10 20:43:08.101 14030 14080 D cellinfo: 46 bytes from 44.241.174.93: icmp_seq=1613 ttl=42 time=56.0 ms
08-10 20:43:08.296 14030 14080 D cellinfo: 46 bytes from 44.241.174.93: icmp_seq=1614 ttl=42 time=50.8 ms
08-10 20:43:08.499 14030 14080 D cellinfo: 46 bytes from 44.241.174.93: icmp_seq=1615 ttl=42 time=52.9 ms
08-10 20:43:08.700 14030 14080 D cellinfo: 46 bytes from 44.241.174.93: icmp_seq=1616 ttl=42 time=53.1 ms
08-10 20:43:09.040 14030 14080 D cellinfo: 46 bytes from 44.241.174.93: icmp_seq=1617 ttl=42 time=192 ms
08-10 20:43:09.114 14030 14080 D cellinfo: 46 bytes from 44.241.174.93: icmp_seq=1618 ttl=42 time=67.0 ms
08-10 20:43:09.198 14030 14030 D cellinfo: onServiceStateChanged: Channel Number: 852 Cell Bandwidths: [10000, 5000]
08-10 20:43:09.306 14030 14080 D cellinfo: 46 bytes from 44.241.174.93: icmp_seq=1619 ttl=42 time=58.2 ms
08-10 20:43:09.508 14030 14080 D cellinfo: 46 bytes from 44.241.174.93: icmp_seq=1620 ttl=42 time=58.9 ms
08-10 20:43:09.702 14030 14080 D cellinfo: 46 bytes from 44.241.174.93: icmp_seq=1621 ttl=42 time=52.4 ms
08-10 20:43:09.908 14030 14080 D cellinfo: 46 bytes from 44.241.174.93: icmp_seq=1622 ttl=42 time=56.2 ms
08-10 20:43:10.121 14030 14080 D cellinfo: 46 bytes from 44.241.174.93: icmp_seq=1623 ttl=42 time=68.4 ms
08-10 20:43:10.310 14030 14080 D cellinfo: 46 bytes from 44.241.174.93: icmp_seq=1624 ttl=42 time=56.2 ms
08-10 20:43:10.416 14030 14030 D cellinfo: Latitude is 41.4301834
08-10 20:43:10.416 14030 14030 D cellinfo: Longitude is -105.8864063
08-10 20:43:10.416 14030 14030 D cellinfo: Instantaneous GPS information: United States, Dwight D. Eisenhower Hwy, Laramie, WY 82070, USA
08-10 20:43:10.416 14030 14030 D cellinfo: getCurrentLocation() result: Location (success): 41.4301834, -105.8864063
08-10 20:43:10.419 14030 14030 D cellinfo: onCellInfoChanged: Operator: T-Mobile UpdateTimestamp: 9511207 CellConnectionStatus: 0
08-10 20:43:10.419 14030 14030 D cellinfo: onCellInfoChanged: LTE Cell Bands: [2] Bandwidth: 10000 Cell ID: 25826571 Physical Cell ID: 219 Tracking Area Code: 47617 EARFCN: 852
08-10 20:43:10.514 14030 14080 D cellinfo: 46 bytes from 44.241.174.93: icmp_seq=1625 ttl=42 time=58.9 ms
08-10 20:43:10.717 14030 14080 D cellinfo: 46 bytes from 44.241.174.93: icmp_seq=1626 ttl=42 time=61.7 ms
08-10 20:43:10.913 14030 14080 D cellinfo: 46 bytes from 44.241.174.93: icmp_seq=1627 ttl=42 time=56.7 ms
08-10 20:43:11.107 14030 14080 D cellinfo: 46 bytes from 44.241.174.93: icmp_seq=1628 ttl=42 time=49.7 ms
08-10 20:43:11.308 14030 14080 D cellinfo: 46 bytes from 44.241.174.93: icmp_seq=1629 ttl=42 time=48.7 ms
08-10 20:43:11.508 14030 14080 D cellinfo: 46 bytes from 44.241.174.93: icmp_seq=1630 ttl=42 time=48.0 ms
08-10 20:43:11.707 14030 14080 D cellinfo: 46 bytes from 44.241.174.93: icmp_seq=1631 ttl=42 time=45.7 ms
08-10 20:43:11.925 14030 14080 D cellinfo: 46 bytes from 44.241.174.93: icmp_seq=1632 ttl=42 time=62.2 ms
08-10 20:43:11.964 14030 14030 D cellinfo: onsignalStrengthsChanged: LTE Signal Strength info: rsrp: -101 rsrq: -10 rssi: -77 rssnr: 9
08-10 20:43:11.964 14030 14030 D cellinfo: onsignalStrengthsChanged: 5G-NR Signal Strength info: ssrsrp: -108 ssrsrq: -18 sssinr: 2147483647
08-10 20:43:12.129 14030 14080 D cellinfo: 46 bytes from 44.241.174.93: icmp_seq=1633 ttl=42 time=65.5 ms
08-10 20:43:12.336 14030 14080 D cellinfo: 46 bytes from 44.241.174.93: icmp_seq=1634 ttl=42 time=71.3 ms
08-10 20:43:12.527 14030 14080 D cellinfo: 46 bytes from 44.241.174.93: icmp_seq=1635 ttl=42 time=61.3 ms
08-10 20:43:12.763 14030 14080 D cellinfo: 46 bytes from 44.241.174.93: icmp_seq=1636 ttl=42 time=95.4 ms
08-10 20:43:12.936 14030 14080 D cellinfo: 46 bytes from 44.241.174.93: icmp_seq=1637 ttl=42 time=67.5 ms
08-10 20:43:13.100 14030 14030 D cellinfo: onsignalStrengthsChanged: LTE Signal Strength info: rsrp: -102 rsrq: -9 rssi: -77 rssnr: 13
08-10 20:43:13.100 14030 14030 D cellinfo: onsignalStrengthsChanged: 5G-NR Signal Strength info: ssrsrp: -108 ssrsrq: -18 sssinr: 2147483647
08-10 20:43:13.133 14030 14080 D cellinfo: 46 bytes from 44.241.174.93: icmp_seq=1638 ttl=42 time=63.1 ms
08-10 20:43:13.152 14030 14030 D cellinfo: onCellInfoChanged: Operator: T-Mobile UpdateTimestamp: 9514186 CellConnectionStatus: 0
08-10 20:43:13.152 14030 14030 D cellinfo: onCellInfoChanged: LTE Cell Bands: [2] Bandwidth: 10000 Cell ID: 25826571 Physical Cell ID: 219 Tracking Area Code: 47617 EARFCN: 852
08-10 20:43:13.622 14030 14080 D cellinfo: 46 bytes from 44.241.174.93: icmp_seq=1639 ttl=42 time=350 ms
08-10 20:43:13.878 14030 14030 D cellinfo: onsignalStrengthsChanged: LTE Signal Strength info: rsrp: -102 rsrq: -9 rssi: -77 rssnr: 13
08-10 20:43:13.890 14030 14030 D cellinfo: onServiceStateChanged: Channel Number: 852 Cell Bandwidths: [10000, 5000]
08-10 20:43:14.129 14030 14080 D cellinfo: 46 bytes from 44.241.174.93: icmp_seq=1640 ttl=42 time=656 ms
08-10 20:43:14.129 14030 14080 D cellinfo: 46 bytes from 44.241.174.93: icmp_seq=1641 ttl=42 time=456 ms
08-10 20:43:14.130 14030 14080 D cellinfo: 46 bytes from 44.241.174.93: icmp_seq=1642 ttl=42 time=254 ms
08-10 20:43:14.154 14030 14080 D cellinfo: 46 bytes from 44.241.174.93: icmp_seq=1643 ttl=42 time=75.3 ms
08-10 20:43:14.340 14030 14080 D cellinfo: 46 bytes from 44.241.174.93: icmp_seq=1644 ttl=42 time=59.9 ms
08-10 20:43:14.543 14030 14080 D cellinfo: 46 bytes from 44.241.174.93: icmp_seq=1645 ttl=42 time=62.0 ms
08-10 20:43:14.589 14030 14030 D cellinfo: Latitude is 41.4290427
08-10 20:43:14.589 14030 14030 D cellinfo: Longitude is -105.8835077
08-10 20:43:14.589 14030 14030 D cellinfo: Instantaneous GPS information: United States, Dwight D. Eisenhower Hwy, Laramie, WY 82070, USA
08-10 20:43:14.589 14030 14030 D cellinfo: getCurrentLocation() result: Location (success): 41.4290427, -105.8835077
08-10 20:43:14.757 14030 14080 D cellinfo: 46 bytes from 44.241.174.93: icmp_seq=1646 ttl=42 time=75.5 ms
08-10 20:43:14.967 14030 14080 D cellinfo: 46 bytes from 44.241.174.93: icmp_seq=1647 ttl=42 time=83.8 ms
08-10 20:43:15.155 14030 14080 D cellinfo: 46 bytes from 44.241.174.93: icmp_seq=1648 ttl=42 time=70.8 ms
08-10 20:43:15.339 14030 14030 D cellinfo: onsignalStrengthsChanged: LTE Signal Strength info: rsrp: -117 rsrq: -17 rssi: -77 rssnr: -3
08-10 20:43:15.354 14030 14080 D cellinfo: 46 bytes from 44.241.174.93: icmp_seq=1649 ttl=42 time=68.9 ms
08-10 20:43:15.554 14030 14080 D cellinfo: 46 bytes from 44.241.174.93: icmp_seq=1650 ttl=42 time=68.2 ms
08-10 20:43:15.755 14030 14080 D cellinfo: 46 bytes from 44.241.174.93: icmp_seq=1651 ttl=42 time=67.0 ms
08-10 20:43:15.936 14030 14080 D cellinfo: 46 bytes from 44.241.174.93: icmp_seq=1652 ttl=42 time=47.6 ms
08-10 20:43:16.111 14030 14030 D cellinfo: Latitude is 41.4290427
08-10 20:43:16.111 14030 14030 D cellinfo: Longitude is -105.8835077
08-10 20:43:16.111 14030 14030 D cellinfo: Instantaneous GPS information: United States, Dwight D. Eisenhower Hwy, Laramie, WY 82070, USA
08-10 20:43:16.111 14030 14030 D cellinfo: getCurrentLocation() result: Location (success): 41.4290427, -105.8835077
08-10 20:43:16.136 14030 14080 D cellinfo: 46 bytes from 44.241.174.93: icmp_seq=1653 ttl=42 time=46.3 ms
08-10 20:43:16.164 14030 14030 D cellinfo: onCellInfoChanged: Operator: T-Mobile UpdateTimestamp: 9517198 CellConnectionStatus: 0
08-10 20:43:16.164 14030 14030 D cellinfo: onCellInfoChanged: LTE Cell Bands: [2] Bandwidth: 10000 Cell ID: 25826571 Physical Cell ID: 219 Tracking Area Code: 47617 EARFCN: 852
08-10 20:43:16.336 14030 14080 D cellinfo: 46 bytes from 44.241.174.93: icmp_seq=1654 ttl=42 time=45.8 ms
08-10 20:43:16.537 14030 14080 D cellinfo: 46 bytes from 44.241.174.93: icmp_seq=1655 ttl=42 time=46.5 ms
08-10 20:43:16.639 14030 14030 D cellinfo: onServiceStateChanged: Channel Number: 852 Cell Bandwidths: [10000, 5000]
08-10 20:43:16.756 14030 14080 D cellinfo: 46 bytes from 44.241.174.93: icmp_seq=1656 ttl=42 time=64.4 ms
08-10 20:43:16.956 14030 14080 D cellinfo: 46 bytes from 44.241.174.93: icmp_seq=1657 ttl=42 time=63.7 ms
08-10 20:43:17.166 14030 14080 D cellinfo: 46 bytes from 44.241.174.93: icmp_seq=1658 ttl=42 time=71.8 ms
08-10 20:43:17.363 14030 14080 D cellinfo: 46 bytes from 44.241.174.93: icmp_seq=1659 ttl=42 time=69.3 ms
08-10 20:43:17.547 14030 14080 D cellinfo: 46 bytes from 44.241.174.93: icmp_seq=1660 ttl=42 time=52.6 ms
08-10 20:43:17.748 14030 14080 D cellinfo: 46 bytes from 44.241.174.93: icmp_seq=1661 ttl=42 time=52.1 ms
08-10 20:43:17.955 14030 14080 D cellinfo: 46 bytes from 44.241.174.93: icmp_seq=1662 ttl=42 time=58.3 ms
08-10 20:43:18.174 14030 14080 D cellinfo: 46 bytes from 44.241.174.93: icmp_seq=1663 ttl=42 time=76.3 ms
08-10 20:43:18.348 14030 14080 D cellinfo: 46 bytes from 44.241.174.93: icmp_seq=1664 ttl=42 time=48.8 ms
08-10 20:43:18.548 14030 14080 D cellinfo: 46 bytes from 44.241.174.93: icmp_seq=1665 ttl=42 time=48.3 ms
08-10 20:43:18.754 14030 14080 D cellinfo: 46 bytes from 44.241.174.93: icmp_seq=1666 ttl=42 time=53.8 ms
08-10 20:43:18.957 14030 14080 D cellinfo: 46 bytes from 44.241.174.93: icmp_seq=1667 ttl=42 time=55.3 ms
08-10 20:43:19.174 14030 14080 D cellinfo: 46 bytes from 44.241.174.93: icmp_seq=1668 ttl=42 time=70.9 ms
08-10 20:43:19.357 14030 14080 D cellinfo: 46 bytes from 44.241.174.93: icmp_seq=1669 ttl=42 time=52.4 ms
08-10 20:43:19.436 14030 14030 D cellinfo: Latitude is 41.4287872
08-10 20:43:19.436 14030 14030 D cellinfo: Longitude is -105.8828674
08-10 20:43:19.436 14030 14030 D cellinfo: Instantaneous GPS information: United States, Dwight D. Eisenhower Hwy, Laramie, WY 82070, USA
08-10 20:43:19.436 14030 14030 D cellinfo: getCurrentLocation() result: Location (success): 41.4287872, -105.8828674
08-10 20:43:19.438 14030 14030 D cellinfo: onCellInfoChanged: Operator: T-Mobile UpdateTimestamp: 9520215 CellConnectionStatus: 0
08-10 20:43:19.438 14030 14030 D cellinfo: onCellInfoChanged: LTE Cell Bands: [2] Bandwidth: 10000 Cell ID: 25826571 Physical Cell ID: 219 Tracking Area Code: 47617 EARFCN: 852
08-10 20:43:19.438 14030 14030 D cellinfo: onsignalStrengthsChanged: LTE Signal Strength info: rsrp: -117 rsrq: -17 rssi: -77 rssnr: -3
08-10 20:43:19.438 14030 14030 D cellinfo: onsignalStrengthsChanged: 5G-NR Signal Strength info: ssrsrp: -108 ssrsrq: -14 sssinr: 2147483647
08-10 20:43:19.557 14030 14080 D cellinfo: 46 bytes from 44.241.174.93: icmp_seq=1670 ttl=42 time=50.9 ms
08-10 20:43:19.757 14030 14080 D cellinfo: 46 bytes from 44.241.174.93: icmp_seq=1671 ttl=42 time=49.7 ms
08-10 20:43:19.821 14030 14030 D cellinfo: onsignalStrengthsChanged: LTE Signal Strength info: rsrp: -107 rsrq: -12 rssi: -77 rssnr: 2
08-10 20:43:19.821 14030 14030 D cellinfo: onsignalStrengthsChanged: 5G-NR Signal Strength info: ssrsrp: -108 ssrsrq: -14 sssinr: 2147483647
08-10 20:43:19.979 14030 14080 D cellinfo: 46 bytes from 44.241.174.93: icmp_seq=1672 ttl=42 time=70.5 ms
08-10 20:43:20.157 14030 14080 D cellinfo: 46 bytes from 44.241.174.93: icmp_seq=1673 ttl=42 time=47.3 ms
08-10 20:43:20.361 14030 14080 D cellinfo: 46 bytes from 44.241.174.93: icmp_seq=1674 ttl=42 time=50.1 ms
08-10 20:43:20.559 14030 14080 D cellinfo: 46 bytes from 44.241.174.93: icmp_seq=1675 ttl=42 time=47.0 ms
08-10 20:43:20.767 14030 14080 D cellinfo: 46 bytes from 44.241.174.93: icmp_seq=1676 ttl=42 time=54.6 ms
08-10 20:43:20.967 14030 14080 D cellinfo: 46 bytes from 44.241.174.93: icmp_seq=1677 ttl=42 time=53.6 ms
08-10 20:43:21.170 14030 14080 D cellinfo: 46 bytes from 44.241.174.93: icmp_seq=1678 ttl=42 time=55.7 ms
08-10 20:43:21.358 14030 14080 D cellinfo: 46 bytes from 44.241.174.93: icmp_seq=1679 ttl=42 time=42.3 ms
08-10 20:43:21.568 14030 14080 D cellinfo: 46 bytes from 44.241.174.93: icmp_seq=1680 ttl=42 time=51.0 ms
08-10 20:43:21.776 14030 14080 D cellinfo: 46 bytes from 44.241.174.93: icmp_seq=1681 ttl=42 time=58.1 ms
08-10 20:43:21.977 14030 14080 D cellinfo: 46 bytes from 44.241.174.93: icmp_seq=1682 ttl=42 time=58.9 ms
08-10 20:43:22.062 14030 14030 D cellinfo: onsignalStrengthsChanged: LTE Signal Strength info: rsrp: -106 rsrq: -11 rssi: -77 rssnr: 7
08-10 20:43:22.062 14030 14030 D cellinfo: onsignalStrengthsChanged: 5G-NR Signal Strength info: ssrsrp: -108 ssrsrq: -14 sssinr: 2147483647
08-10 20:43:22.176 14030 14080 D cellinfo: 46 bytes from 44.241.174.93: icmp_seq=1683 ttl=42 time=56.9 ms
08-10 20:43:22.377 14030 14080 D cellinfo: 46 bytes from 44.241.174.93: icmp_seq=1684 ttl=42 time=55.9 ms
08-10 20:43:22.411 14030 14030 D cellinfo: Latitude is 41.428362
08-10 20:43:22.411 14030 14030 D cellinfo: Longitude is -105.8818047
08-10 20:43:22.411 14030 14030 D cellinfo: Instantaneous GPS information: United States, Dwight D. Eisenhower Hwy, Laramie, WY 82070, USA
08-10 20:43:22.411 14030 14030 D cellinfo: getCurrentLocation() result: Location (success): 41.428362, -105.8818047
08-10 20:43:22.414 14030 14030 D cellinfo: onCellInfoChanged: Operator: T-Mobile UpdateTimestamp: 9523185 CellConnectionStatus: 0
08-10 20:43:22.414 14030 14030 D cellinfo: onCellInfoChanged: LTE Cell Bands: [2] Bandwidth: 10000 Cell ID: 25826571 Physical Cell ID: 219 Tracking Area Code: 47617 EARFCN: 852
08-10 20:43:22.414 14030 14030 D cellinfo: onsignalStrengthsChanged: LTE Signal Strength info: rsrp: -106 rsrq: -11 rssi: -77 rssnr: 7
08-10 20:43:22.414 14030 14030 D cellinfo: onsignalStrengthsChanged: 5G-NR Signal Strength info: ssrsrp: -108 ssrsrq: -11 sssinr: 2147483647
08-10 20:43:22.567 14030 14080 D cellinfo: 46 bytes from 44.241.174.93: icmp_seq=1685 ttl=42 time=45.6 ms
08-10 20:43:22.780 14030 14080 D cellinfo: 46 bytes from 44.241.174.93: icmp_seq=1686 ttl=42 time=57.6 ms
08-10 20:43:22.977 14030 14080 D cellinfo: 46 bytes from 44.241.174.93: icmp_seq=1687 ttl=42 time=52.9 ms
08-10 20:43:23.179 14030 14080 D cellinfo: 46 bytes from 44.241.174.93: icmp_seq=1688 ttl=42 time=53.4 ms
08-10 20:43:23.377 14030 14080 D cellinfo: 46 bytes from 44.241.174.93: icmp_seq=1689 ttl=42 time=50.5 ms
08-10 20:43:23.578 14030 14080 D cellinfo: 46 bytes from 44.241.174.93: icmp_seq=1690 ttl=42 time=49.3 ms
08-10 20:43:23.778 14030 14080 D cellinfo: 46 bytes from 44.241.174.93: icmp_seq=1691 ttl=42 time=48.6 ms
08-10 20:43:23.977 14030 14080 D cellinfo: 46 bytes from 44.241.174.93: icmp_seq=1692 ttl=42 time=46.7 ms
08-10 20:43:24.177 14030 14080 D cellinfo: 46 bytes from 44.241.174.93: icmp_seq=1693 ttl=42 time=45.8 ms
08-10 20:43:24.300 14030 14030 D cellinfo: onsignalStrengthsChanged: LTE Signal Strength info: rsrp: -102 rsrq: -11 rssi: -73 rssnr: 9
08-10 20:43:24.300 14030 14030 D cellinfo: onsignalStrengthsChanged: 5G-NR Signal Strength info: ssrsrp: -108 ssrsrq: -11 sssinr: 2147483647
08-10 20:43:24.377 14030 14080 D cellinfo: 46 bytes from 44.241.174.93: icmp_seq=1694 ttl=42 time=45.5 ms
08-10 20:43:24.590 14030 14080 D cellinfo: 46 bytes from 44.241.174.93: icmp_seq=1695 ttl=42 time=57.6 ms
08-10 20:43:24.794 14030 14080 D cellinfo: 46 bytes from 44.241.174.93: icmp_seq=1696 ttl=42 time=60.8 ms
08-10 20:43:24.994 14030 14080 D cellinfo: 46 bytes from 44.241.174.93: icmp_seq=1697 ttl=42 time=59.9 ms
08-10 20:43:25.193 14030 14080 D cellinfo: 46 bytes from 44.241.174.93: icmp_seq=1698 ttl=42 time=58.4 ms
08-10 20:43:25.393 14030 14080 D cellinfo: 46 bytes from 44.241.174.93: icmp_seq=1699 ttl=42 time=56.4 ms
08-10 20:43:25.433 14030 14030 D cellinfo: Latitude is 41.4279563
08-10 20:43:25.433 14030 14030 D cellinfo: Longitude is -105.8807939
08-10 20:43:25.433 14030 14030 D cellinfo: Instantaneous GPS information: United States, Dwight D. Eisenhower Hwy, Laramie, WY 82070, USA
08-10 20:43:25.433 14030 14030 D cellinfo: getCurrentLocation() result: Location (success): 41.4279563, -105.8807939
08-10 20:43:25.435 14030 14030 D cellinfo: onCellInfoChanged: Operator: T-Mobile UpdateTimestamp: 9526204 CellConnectionStatus: 0
08-10 20:43:25.435 14030 14030 D cellinfo: onCellInfoChanged: LTE Cell Bands: [2] Bandwidth: 10000 Cell ID: 25826571 Physical Cell ID: 219 Tracking Area Code: 47617 EARFCN: 852
08-10 20:43:25.436 14030 14030 D cellinfo: onsignalStrengthsChanged: LTE Signal Strength info: rsrp: -102 rsrq: -11 rssi: -73 rssnr: 9
08-10 20:43:25.436 14030 14030 D cellinfo: onsignalStrengthsChanged: 5G-NR Signal Strength info: ssrsrp: -109 ssrsrq: -11 sssinr: 2147483647
08-10 20:43:25.587 14030 14080 D cellinfo: 46 bytes from 44.241.174.93: icmp_seq=1700 ttl=42 time=49.8 ms
08-10 20:43:25.787 14030 14080 D cellinfo: 46 bytes from 44.241.174.93: icmp_seq=1701 ttl=42 time=49.6 ms
08-10 20:43:25.987 14030 14080 D cellinfo: 46 bytes from 44.241.174.93: icmp_seq=1702 ttl=42 time=47.8 ms
08-10 20:43:26.187 14030 14080 D cellinfo: 46 bytes from 44.241.174.93: icmp_seq=1703 ttl=42 time=47.5 ms
08-10 20:43:26.388 14030 14080 D cellinfo: 46 bytes from 44.241.174.93: icmp_seq=1704 ttl=42 time=46.3 ms
08-10 20:43:26.601 14030 14080 D cellinfo: 46 bytes from 44.241.174.93: icmp_seq=1705 ttl=42 time=58.1 ms
08-10 20:43:26.804 14030 14080 D cellinfo: 46 bytes from 44.241.174.93: icmp_seq=1706 ttl=42 time=60.9 ms
08-10 20:43:27.003 14030 14080 D cellinfo: 46 bytes from 44.241.174.93: icmp_seq=1707 ttl=42 time=59.0 ms
08-10 20:43:27.203 14030 14080 D cellinfo: 46 bytes from 44.241.174.93: icmp_seq=1708 ttl=42 time=58.3 ms
08-10 20:43:27.402 14030 14080 D cellinfo: 46 bytes from 44.241.174.93: icmp_seq=1709 ttl=42 time=56.5 ms
08-10 20:43:27.597 14030 14080 D cellinfo: 46 bytes from 44.241.174.93: icmp_seq=1710 ttl=42 time=49.3 ms
08-10 20:43:27.797 14030 14080 D cellinfo: 46 bytes from 44.241.174.93: icmp_seq=1711 ttl=42 time=48.3 ms
08-10 20:43:27.998 14030 14080 D cellinfo: 46 bytes from 44.241.174.93: icmp_seq=1712 ttl=42 time=48.3 ms
08-10 20:43:28.175 14030 14030 D cellinfo: onCellInfoChanged: Operator: T-Mobile UpdateTimestamp: 9529210 CellConnectionStatus: 0
08-10 20:43:28.175 14030 14030 D cellinfo: onCellInfoChanged: LTE Cell Bands: [2] Bandwidth: 10000 Cell ID: 25826571 Physical Cell ID: 219 Tracking Area Code: 47617 EARFCN: 852
08-10 20:43:28.198 14030 14080 D cellinfo: 46 bytes from 44.241.174.93: icmp_seq=1713 ttl=42 time=47.2 ms
08-10 20:43:28.395 14030 14030 D cellinfo: onsignalStrengthsChanged: LTE Signal Strength info: rsrp: -102 rsrq: -11 rssi: -73 rssnr: 9
08-10 20:43:28.396 14030 14030 D cellinfo: onsignalStrengthsChanged: 5G-NR Signal Strength info: ssrsrp: -110 ssrsrq: -11 sssinr: 2147483647
08-10 20:43:28.407 14030 14080 D cellinfo: 46 bytes from 44.241.174.93: icmp_seq=1714 ttl=42 time=55.5 ms
08-10 20:43:28.617 14030 14080 D cellinfo: 46 bytes from 44.241.174.93: icmp_seq=1715 ttl=42 time=63.9 ms
08-10 20:43:28.782 14030 14030 D cellinfo: onsignalStrengthsChanged: LTE Signal Strength info: rsrp: -100 rsrq: -11 rssi: -73 rssnr: 13
08-10 20:43:28.782 14030 14030 D cellinfo: onsignalStrengthsChanged: 5G-NR Signal Strength info: ssrsrp: -110 ssrsrq: -11 sssinr: 2147483647
08-10 20:43:28.812 14030 14080 D cellinfo: 46 bytes from 44.241.174.93: icmp_seq=1716 ttl=42 time=58.4 ms
08-10 20:43:29.013 14030 14080 D cellinfo: 46 bytes from 44.241.174.93: icmp_seq=1717 ttl=42 time=59.1 ms
08-10 20:43:29.211 14030 14080 D cellinfo: 46 bytes from 44.241.174.93: icmp_seq=1718 ttl=42 time=56.9 ms
08-10 20:43:29.418 14030 14080 D cellinfo: 46 bytes from 44.241.174.93: icmp_seq=1719 ttl=42 time=62.9 ms
08-10 20:43:29.530 14030 14030 D cellinfo: Latitude is 41.4267233
08-10 20:43:29.530 14030 14030 D cellinfo: Longitude is -105.8776016
08-10 20:43:29.530 14030 14030 D cellinfo: Instantaneous GPS information: United States, Dwight D. Eisenhower Hwy, Laramie, WY 82070, USA
08-10 20:43:29.530 14030 14030 D cellinfo: getCurrentLocation() result: Location (success): 41.4267233, -105.8776016
08-10 20:43:29.610 14030 14080 D cellinfo: 46 bytes from 44.241.174.93: icmp_seq=1720 ttl=42 time=54.8 ms
08-10 20:43:29.808 14030 14080 D cellinfo: 46 bytes from 44.241.174.93: icmp_seq=1721 ttl=42 time=51.1 ms
08-10 20:43:30.012 14030 14080 D cellinfo: 46 bytes from 44.241.174.93: icmp_seq=1722 ttl=42 time=54.6 ms
08-10 20:43:30.208 14030 14080 D cellinfo: 46 bytes from 44.241.174.93: icmp_seq=1723 ttl=42 time=50.5 ms
08-10 20:43:30.408 14030 14080 D cellinfo: 46 bytes from 44.241.174.93: icmp_seq=1724 ttl=42 time=49.2 ms
08-10 20:43:30.622 14030 14080 D cellinfo: 46 bytes from 44.241.174.93: icmp_seq=1725 ttl=42 time=62.9 ms
08-10 20:43:30.811 14030 14080 D cellinfo: 46 bytes from 44.241.174.93: icmp_seq=1726 ttl=42 time=50.7 ms
08-10 20:43:31.007 14030 14080 D cellinfo: 46 bytes from 44.241.174.93: icmp_seq=1727 ttl=42 time=45.1 ms
08-10 20:43:31.027 14030 14030 D cellinfo: onsignalStrengthsChanged: LTE Signal Strength info: rsrp: -102 rsrq: -10 rssi: -75 rssnr: 9
08-10 20:43:31.027 14030 14030 D cellinfo: onsignalStrengthsChanged: 5G-NR Signal Strength info: ssrsrp: -110 ssrsrq: -11 sssinr: 2147483647
08-10 20:43:31.104 14030 14030 D cellinfo: Latitude is 41.4267233
08-10 20:43:31.104 14030 14030 D cellinfo: Longitude is -105.8776016
08-10 20:43:31.104 14030 14030 D cellinfo: Instantaneous GPS information: United States, Dwight D. Eisenhower Hwy, Laramie, WY 82070, USA
08-10 20:43:31.104 14030 14030 D cellinfo: getCurrentLocation() result: Location (success): 41.4267233, -105.8776016
08-10 20:43:31.149 14030 14030 D cellinfo: onCellInfoChanged: Operator: T-Mobile UpdateTimestamp: 9532184 CellConnectionStatus: 0
08-10 20:43:31.149 14030 14030 D cellinfo: onCellInfoChanged: LTE Cell Bands: [2] Bandwidth: 10000 Cell ID: 25826571 Physical Cell ID: 219 Tracking Area Code: 47617 EARFCN: 852
08-10 20:43:31.207 14030 14080 D cellinfo: 46 bytes from 44.241.174.93: icmp_seq=1728 ttl=42 time=45.6 ms
08-10 20:43:31.417 14030 14080 D cellinfo: 46 bytes from 44.241.174.93: icmp_seq=1729 ttl=42 time=54.5 ms
08-10 20:43:31.615 14030 14080 D cellinfo: 46 bytes from 44.241.174.93: icmp_seq=1730 ttl=42 time=51.2 ms
08-10 20:43:31.817 14030 14080 D cellinfo: 46 bytes from 44.241.174.93: icmp_seq=1731 ttl=42 time=52.0 ms
08-10 20:43:32.020 14030 14080 D cellinfo: 46 bytes from 44.241.174.93: icmp_seq=1732 ttl=42 time=54.2 ms
08-10 20:43:32.217 14030 14080 D cellinfo: 46 bytes from 44.241.174.93: icmp_seq=1733 ttl=42 time=51.4 ms
08-10 20:43:32.418 14030 14080 D cellinfo: 46 bytes from 44.241.174.93: icmp_seq=1734 ttl=42 time=49.9 ms
08-10 20:43:32.618 14030 14080 D cellinfo: 46 bytes from 44.241.174.93: icmp_seq=1735 ttl=42 time=49.1 ms
08-10 20:43:32.816 14030 14080 D cellinfo: 46 bytes from 44.241.174.93: icmp_seq=1736 ttl=42 time=46.6 ms
08-10 20:43:33.029 14030 14080 D cellinfo: 46 bytes from 44.241.174.93: icmp_seq=1737 ttl=42 time=56.7 ms
08-10 20:43:33.236 14030 14080 D cellinfo: 46 bytes from 44.241.174.93: icmp_seq=1738 ttl=42 time=64.3 ms
08-10 20:43:33.261 14030 14030 D cellinfo: onsignalStrengthsChanged: LTE Signal Strength info: rsrp: -102 rsrq: -10 rssi: -75 rssnr: 7
08-10 20:43:33.261 14030 14030 D cellinfo: onsignalStrengthsChanged: 5G-NR Signal Strength info: ssrsrp: -110 ssrsrq: -11 sssinr: 2147483647
08-10 20:43:33.439 14030 14080 D cellinfo: 46 bytes from 44.241.174.93: icmp_seq=1739 ttl=42 time=66.2 ms
08-10 20:43:33.635 14030 14080 D cellinfo: 46 bytes from 44.241.174.93: icmp_seq=1740 ttl=42 time=61.7 ms
08-10 20:43:33.837 14030 14080 D cellinfo: 46 bytes from 44.241.174.93: icmp_seq=1741 ttl=42 time=63.2 ms
08-10 20:43:34.029 14030 14080 D cellinfo: 46 bytes from 44.241.174.93: icmp_seq=1742 ttl=42 time=54.2 ms
08-10 20:43:34.239 14030 14080 D cellinfo: 46 bytes from 44.241.174.93: icmp_seq=1743 ttl=42 time=64.9 ms
08-10 20:43:34.429 14030 14080 D cellinfo: 46 bytes from 44.241.174.93: icmp_seq=1744 ttl=42 time=53.3 ms
08-10 20:43:34.439 14030 14030 D cellinfo: Latitude is 41.4264619
08-10 20:43:34.439 14030 14030 D cellinfo: Longitude is -105.8769467
08-10 20:43:34.439 14030 14030 D cellinfo: Instantaneous GPS information: United States, Dwight D. Eisenhower Hwy, Laramie, WY 82070, USA
08-10 20:43:34.439 14030 14030 D cellinfo: getCurrentLocation() result: Location (success): 41.4264619, -105.8769467
08-10 20:43:34.441 14030 14030 D cellinfo: onCellInfoChanged: Operator: T-Mobile UpdateTimestamp: 9535199 CellConnectionStatus: 0
08-10 20:43:34.441 14030 14030 D cellinfo: onCellInfoChanged: LTE Cell Bands: [2] Bandwidth: 10000 Cell ID: 25826571 Physical Cell ID: 219 Tracking Area Code: 47617 EARFCN: 852
08-10 20:43:34.441 14030 14030 D cellinfo: onsignalStrengthsChanged: LTE Signal Strength info: rsrp: -102 rsrq: -10 rssi: -75 rssnr: 7
08-10 20:43:34.441 14030 14030 D cellinfo: onsignalStrengthsChanged: 5G-NR Signal Strength info: ssrsrp: -111 ssrsrq: -11 sssinr: 2147483647
08-10 20:43:34.627 14030 14080 D cellinfo: 46 bytes from 44.241.174.93: icmp_seq=1745 ttl=42 time=51.1 ms
08-10 20:43:34.827 14030 14080 D cellinfo: 46 bytes from 44.241.174.93: icmp_seq=1746 ttl=42 time=50.3 ms
08-10 20:43:35.028 14030 14080 D cellinfo: 46 bytes from 44.241.174.93: icmp_seq=1747 ttl=42 time=49.8 ms
08-10 20:43:35.228 14030 14080 D cellinfo: 46 bytes from 44.241.174.93: icmp_seq=1748 ttl=42 time=50.2 ms
08-10 20:43:35.427 14030 14080 D cellinfo: 46 bytes from 44.241.174.93: icmp_seq=1749 ttl=42 time=48.6 ms
08-10 20:43:35.627 14030 14080 D cellinfo: 46 bytes from 44.241.174.93: icmp_seq=1750 ttl=42 time=47.9 ms
08-10 20:43:35.828 14030 14080 D cellinfo: 46 bytes from 44.241.174.93: icmp_seq=1751 ttl=42 time=48.1 ms
08-10 20:43:36.034 14030 14080 D cellinfo: 46 bytes from 44.241.174.93: icmp_seq=1752 ttl=42 time=53.8 ms
08-10 20:43:36.229 14030 14080 D cellinfo: 46 bytes from 44.241.174.93: icmp_seq=1753 ttl=42 time=48.8 ms
08-10 20:43:36.427 14030 14080 D cellinfo: 46 bytes from 44.241.174.93: icmp_seq=1754 ttl=42 time=47.5 ms
08-10 20:43:36.628 14030 14080 D cellinfo: 46 bytes from 44.241.174.93: icmp_seq=1755 ttl=42 time=46.7 ms
08-10 20:43:36.828 14030 14080 D cellinfo: 46 bytes from 44.241.174.93: icmp_seq=1756 ttl=42 time=46.6 ms
08-10 20:43:37.047 14030 14080 D cellinfo: 46 bytes from 44.241.174.93: icmp_seq=1757 ttl=42 time=64.2 ms
08-10 20:43:37.228 14030 14080 D cellinfo: 46 bytes from 44.241.174.93: icmp_seq=1758 ttl=42 time=45.6 ms
08-10 20:43:37.410 14030 14030 D cellinfo: Latitude is 41.4260298
08-10 20:43:37.410 14030 14030 D cellinfo: Longitude is -105.8758662
08-10 20:43:37.410 14030 14030 D cellinfo: Instantaneous GPS information: United States, Dwight D. Eisenhower Hwy, Laramie, WY 82070, USA
08-10 20:43:37.410 14030 14030 D cellinfo: getCurrentLocation() result: Location (success): 41.4260298, -105.8758662
08-10 20:43:37.412 14030 14030 D cellinfo: onCellInfoChanged: Operator: T-Mobile UpdateTimestamp: 9538177 CellConnectionStatus: 0
08-10 20:43:37.412 14030 14030 D cellinfo: onCellInfoChanged: LTE Cell Bands: [2] Bandwidth: 10000 Cell ID: 25826571 Physical Cell ID: 219 Tracking Area Code: 47617 EARFCN: 852
08-10 20:43:37.412 14030 14030 D cellinfo: onsignalStrengthsChanged: LTE Signal Strength info: rsrp: -102 rsrq: -10 rssi: -75 rssnr: 7
08-10 20:43:37.412 14030 14030 D cellinfo: onsignalStrengthsChanged: 5G-NR Signal Strength info: ssrsrp: -110 ssrsrq: -11 sssinr: 2147483647
08-10 20:43:37.438 14030 14080 D cellinfo: 46 bytes from 44.241.174.93: icmp_seq=1759 ttl=42 time=53.3 ms
08-10 20:43:37.638 14030 14080 D cellinfo: 46 bytes from 44.241.174.93: icmp_seq=1760 ttl=42 time=52.7 ms
08-10 20:43:37.740 14030 14030 D cellinfo: onsignalStrengthsChanged: LTE Signal Strength info: rsrp: -103 rsrq: -11 rssi: -75 rssnr: 10
08-10 20:43:37.740 14030 14030 D cellinfo: onsignalStrengthsChanged: 5G-NR Signal Strength info: ssrsrp: -110 ssrsrq: -11 sssinr: 2147483647
08-10 20:43:37.837 14030 14080 D cellinfo: 46 bytes from 44.241.174.93: icmp_seq=1761 ttl=42 time=50.8 ms
08-10 20:43:38.038 14030 14080 D cellinfo: 46 bytes from 44.241.174.93: icmp_seq=1762 ttl=42 time=51.5 ms
08-10 20:43:38.238 14030 14080 D cellinfo: 46 bytes from 44.241.174.93: icmp_seq=1763 ttl=42 time=50.7 ms
08-10 20:43:38.439 14030 14080 D cellinfo: 46 bytes from 44.241.174.93: icmp_seq=1764 ttl=42 time=49.7 ms
08-10 20:43:38.637 14030 14080 D cellinfo: 46 bytes from 44.241.174.93: icmp_seq=1765 ttl=42 time=46.9 ms
08-10 20:43:38.838 14030 14080 D cellinfo: 46 bytes from 44.241.174.93: icmp_seq=1766 ttl=42 time=47.3 ms
08-10 20:43:39.048 14030 14080 D cellinfo: 46 bytes from 44.241.174.93: icmp_seq=1767 ttl=42 time=55.4 ms
08-10 20:43:39.248 14030 14080 D cellinfo: 46 bytes from 44.241.174.93: icmp_seq=1768 ttl=42 time=55.8 ms
08-10 20:43:39.448 14030 14080 D cellinfo: 46 bytes from 44.241.174.93: icmp_seq=1769 ttl=42 time=54.6 ms
08-10 20:43:39.647 14030 14080 D cellinfo: 46 bytes from 44.241.174.93: icmp_seq=1770 ttl=42 time=52.2 ms
08-10 20:43:39.847 14030 14080 D cellinfo: 46 bytes from 44.241.174.93: icmp_seq=1771 ttl=42 time=51.3 ms
08-10 20:43:39.981 14030 14030 D cellinfo: onsignalStrengthsChanged: LTE Signal Strength info: rsrp: -104 rsrq: -9 rssi: -79 rssnr: 8
08-10 20:43:39.981 14030 14030 D cellinfo: onsignalStrengthsChanged: 5G-NR Signal Strength info: ssrsrp: -110 ssrsrq: -11 sssinr: 2147483647
08-10 20:43:40.047 14030 14080 D cellinfo: 46 bytes from 44.241.174.93: icmp_seq=1772 ttl=42 time=49.9 ms
08-10 20:43:40.249 14030 14080 D cellinfo: 46 bytes from 44.241.174.93: icmp_seq=1773 ttl=42 time=50.8 ms
08-10 20:43:40.448 14030 14080 D cellinfo: 46 bytes from 44.241.174.93: icmp_seq=1774 ttl=42 time=48.7 ms
08-10 20:43:40.456 14030 14030 D cellinfo: Latitude is 41.4256157
08-10 20:43:40.456 14030 14030 D cellinfo: Longitude is -105.8748337
08-10 20:43:40.456 14030 14030 D cellinfo: Instantaneous GPS information: United States, Dwight D. Eisenhower Hwy, Laramie, WY 82070, USA
08-10 20:43:40.456 14030 14030 D cellinfo: getCurrentLocation() result: Location (success): 41.4256157, -105.8748337
08-10 20:43:40.458 14030 14030 D cellinfo: onCellInfoChanged: Operator: T-Mobile UpdateTimestamp: 9541207 CellConnectionStatus: 0
08-10 20:43:40.458 14030 14030 D cellinfo: onCellInfoChanged: LTE Cell Bands: [2] Bandwidth: 10000 Cell ID: 25826571 Physical Cell ID: 219 Tracking Area Code: 47617 EARFCN: 852
08-10 20:43:40.458 14030 14030 D cellinfo: onsignalStrengthsChanged: LTE Signal Strength info: rsrp: -104 rsrq: -9 rssi: -79 rssnr: 8
08-10 20:43:40.458 14030 14030 D cellinfo: onsignalStrengthsChanged: 5G-NR Signal Strength info: ssrsrp: -111 ssrsrq: -11 sssinr: 2147483647
08-10 20:43:40.647 14030 14080 D cellinfo: 46 bytes from 44.241.174.93: icmp_seq=1775 ttl=42 time=46.5 ms
08-10 20:43:40.847 14030 14080 D cellinfo: 46 bytes from 44.241.174.93: icmp_seq=1776 ttl=42 time=45.5 ms
08-10 20:43:41.058 14030 14080 D cellinfo: 46 bytes from 44.241.174.93: icmp_seq=1777 ttl=42 time=55.7 ms
08-10 20:43:41.260 14030 14080 D cellinfo: 46 bytes from 44.241.174.93: icmp_seq=1778 ttl=42 time=56.4 ms
08-10 20:43:41.458 14030 14080 D cellinfo: 46 bytes from 44.241.174.93: icmp_seq=1779 ttl=42 time=53.2 ms
08-10 20:43:41.657 14030 14080 D cellinfo: 46 bytes from 44.241.174.93: icmp_seq=1780 ttl=42 time=52.1 ms
08-10 20:43:41.857 14030 14080 D cellinfo: 46 bytes from 44.241.174.93: icmp_seq=1781 ttl=42 time=51.4 ms
08-10 20:43:42.057 14030 14080 D cellinfo: 46 bytes from 44.241.174.93: icmp_seq=1782 ttl=42 time=50.4 ms
08-10 20:43:42.222 14030 14030 D cellinfo: onsignalStrengthsChanged: LTE Signal Strength info: rsrp: -103 rsrq: -10 rssi: -79 rssnr: 12
08-10 20:43:42.222 14030 14030 D cellinfo: onsignalStrengthsChanged: 5G-NR Signal Strength info: ssrsrp: -111 ssrsrq: -11 sssinr: 2147483647
08-10 20:43:42.259 14030 14080 D cellinfo: 46 bytes from 44.241.174.93: icmp_seq=1783 ttl=42 time=51.1 ms
08-10 20:43:42.458 14030 14080 D cellinfo: 46 bytes from 44.241.174.93: icmp_seq=1784 ttl=42 time=50.4 ms
08-10 20:43:42.657 14030 14080 D cellinfo: 46 bytes from 44.241.174.93: icmp_seq=1785 ttl=42 time=48.0 ms
08-10 20:43:42.857 14030 14080 D cellinfo: 46 bytes from 44.241.174.93: icmp_seq=1786 ttl=42 time=46.7 ms
08-10 20:43:43.067 14030 14080 D cellinfo: 46 bytes from 44.241.174.93: icmp_seq=1787 ttl=42 time=55.1 ms
08-10 20:43:43.166 14030 14030 D cellinfo: onCellInfoChanged: Operator: T-Mobile UpdateTimestamp: 9544200 CellConnectionStatus: 0
08-10 20:43:43.166 14030 14030 D cellinfo: onCellInfoChanged: LTE Cell Bands: [2] Bandwidth: 10000 Cell ID: 25826571 Physical Cell ID: 219 Tracking Area Code: 47617 EARFCN: 852
08-10 20:43:43.268 14030 14080 D cellinfo: 46 bytes from 44.241.174.93: icmp_seq=1788 ttl=42 time=55.1 ms
08-10 20:43:43.394 14030 14030 D cellinfo: onsignalStrengthsChanged: LTE Signal Strength info: rsrp: -103 rsrq: -10 rssi: -79 rssnr: 12
08-10 20:43:43.395 14030 14030 D cellinfo: onsignalStrengthsChanged: 5G-NR Signal Strength info: ssrsrp: -112 ssrsrq: -11 sssinr: 2147483647
08-10 20:43:43.468 14030 14080 D cellinfo: 46 bytes from 44.241.174.93: icmp_seq=1789 ttl=42 time=54.1 ms
08-10 20:43:43.668 14030 14080 D cellinfo: 46 bytes from 44.241.174.93: icmp_seq=1790 ttl=42 time=52.7 ms
08-10 20:43:43.868 14030 14080 D cellinfo: 46 bytes from 44.241.174.93: icmp_seq=1791 ttl=42 time=50.8 ms
08-10 20:43:44.067 14030 14080 D cellinfo: 46 bytes from 44.241.174.93: icmp_seq=1792 ttl=42 time=48.5 ms
08-10 20:43:44.267 14030 14080 D cellinfo: 46 bytes from 44.241.174.93: icmp_seq=1793 ttl=42 time=48.5 ms
08-10 20:43:44.468 14030 14080 D cellinfo: 46 bytes from 44.241.174.93: icmp_seq=1794 ttl=42 time=47.3 ms
08-10 20:43:44.520 14030 14030 D cellinfo: Latitude is 41.4243564
08-10 20:43:44.520 14030 14030 D cellinfo: Longitude is -105.8719774
08-10 20:43:44.520 14030 14030 D cellinfo: Instantaneous GPS information: United States, Dwight D. Eisenhower Hwy, Laramie, WY 82070, USA
08-10 20:43:44.520 14030 14030 D cellinfo: getCurrentLocation() result: Location (success): 41.4243564, -105.8719774
08-10 20:43:44.677 14030 14080 D cellinfo: 46 bytes from 44.241.174.93: icmp_seq=1795 ttl=42 time=54.9 ms
08-10 20:43:44.878 14030 14080 D cellinfo: 46 bytes from 44.241.174.93: icmp_seq=1796 ttl=42 time=55.8 ms
08-10 20:43:45.077 14030 14080 D cellinfo: 46 bytes from 44.241.174.93: icmp_seq=1797 ttl=42 time=54.3 ms
08-10 20:43:45.278 14030 14080 D cellinfo: 46 bytes from 44.241.174.93: icmp_seq=1798 ttl=42 time=54.2 ms
08-10 20:43:45.477 14030 14080 D cellinfo: 46 bytes from 44.241.174.93: icmp_seq=1799 ttl=42 time=53.0 ms
08-10 20:43:45.677 14030 14080 D cellinfo: 46 bytes from 44.241.174.93: icmp_seq=1800 ttl=42 time=52.2 ms
08-10 20:43:45.877 14030 14080 D cellinfo: 46 bytes from 44.241.174.93: icmp_seq=1801 ttl=42 time=51.7 ms
08-10 20:43:46.078 14030 14080 D cellinfo: 46 bytes from 44.241.174.93: icmp_seq=1802 ttl=42 time=51.1 ms
08-10 20:43:46.119 14030 14030 D cellinfo: Latitude is 41.4243564
08-10 20:43:46.119 14030 14030 D cellinfo: Longitude is -105.8719774
08-10 20:43:46.119 14030 14030 D cellinfo: Instantaneous GPS information: United States, Dwight D. Eisenhower Hwy, Laramie, WY 82070, USA
08-10 20:43:46.119 14030 14030 D cellinfo: getCurrentLocation() result: Location (success): 41.4243564, -105.8719774
08-10 20:43:46.163 14030 14030 D cellinfo: onCellInfoChanged: Operator: T-Mobile UpdateTimestamp: 9547200 CellConnectionStatus: 0
08-10 20:43:46.163 14030 14030 D cellinfo: onCellInfoChanged: LTE Cell Bands: [2] Bandwidth: 10000 Cell ID: 25826571 Physical Cell ID: 219 Tracking Area Code: 47617 EARFCN: 852
08-10 20:43:46.276 14030 14080 D cellinfo: 46 bytes from 44.241.174.93: icmp_seq=1803 ttl=42 time=49.2 ms
08-10 20:43:46.394 14030 14030 D cellinfo: onsignalStrengthsChanged: LTE Signal Strength info: rsrp: -103 rsrq: -10 rssi: -79 rssnr: 12
08-10 20:43:46.394 14030 14030 D cellinfo: onsignalStrengthsChanged: 5G-NR Signal Strength info: ssrsrp: -109 ssrsrq: -11 sssinr: 2147483647
08-10 20:43:46.478 14030 14080 D cellinfo: 46 bytes from 44.241.174.93: icmp_seq=1804 ttl=42 time=50.1 ms
08-10 20:43:46.677 14030 14080 D cellinfo: 46 bytes from 44.241.174.93: icmp_seq=1805 ttl=42 time=48.5 ms
08-10 20:43:46.702 14030 14030 D cellinfo: onsignalStrengthsChanged: LTE Signal Strength info: rsrp: -103 rsrq: -9 rssi: -75 rssnr: 13
08-10 20:43:46.702 14030 14030 D cellinfo: onsignalStrengthsChanged: 5G-NR Signal Strength info: ssrsrp: -109 ssrsrq: -11 sssinr: 2147483647
08-10 20:43:46.878 14030 14080 D cellinfo: 46 bytes from 44.241.174.93: icmp_seq=1806 ttl=42 time=48.7 ms
08-10 20:43:47.077 14030 14080 D cellinfo: 46 bytes from 44.241.174.93: icmp_seq=1807 ttl=42 time=46.4 ms
08-10 20:43:47.287 14030 14080 D cellinfo: 46 bytes from 44.241.174.93: icmp_seq=1808 ttl=42 time=54.9 ms
08-10 20:43:47.488 14030 14080 D cellinfo: 46 bytes from 44.241.174.93: icmp_seq=1809 ttl=42 time=54.4 ms
08-10 20:43:47.689 14030 14080 D cellinfo: 46 bytes from 44.241.174.93: icmp_seq=1810 ttl=42 time=53.7 ms
08-10 20:43:47.895 14030 14080 D cellinfo: 46 bytes from 44.241.174.93: icmp_seq=1811 ttl=42 time=59.4 ms
08-10 20:43:48.116 14030 14080 D cellinfo: 46 bytes from 44.241.174.93: icmp_seq=1812 ttl=42 time=78.7 ms
08-10 20:43:48.287 14030 14080 D cellinfo: 46 bytes from 44.241.174.93: icmp_seq=1813 ttl=42 time=47.9 ms
08-10 20:43:48.496 14030 14080 D cellinfo: 46 bytes from 44.241.174.93: icmp_seq=1814 ttl=42 time=55.4 ms
08-10 20:43:48.687 14030 14080 D cellinfo: 46 bytes from 44.241.174.93: icmp_seq=1815 ttl=42 time=46.2 ms
08-10 20:43:48.897 14030 14080 D cellinfo: 46 bytes from 44.241.174.93: icmp_seq=1816 ttl=42 time=55.4 ms
08-10 20:43:48.940 14030 14030 D cellinfo: onsignalStrengthsChanged: LTE Signal Strength info: rsrp: -108 rsrq: -11 rssi: -75 rssnr: 5
08-10 20:43:48.940 14030 14030 D cellinfo: onsignalStrengthsChanged: 5G-NR Signal Strength info: ssrsrp: -109 ssrsrq: -11 sssinr: 2147483647
08-10 20:43:49.120 14030 14080 D cellinfo: 46 bytes from 44.241.174.93: icmp_seq=1817 ttl=42 time=77.5 ms
08-10 20:43:49.293 14030 14080 D cellinfo: 46 bytes from 44.241.174.93: icmp_seq=1818 ttl=42 time=48.8 ms
08-10 20:43:49.459 14030 14030 D cellinfo: Latitude is 41.4240873
08-10 20:43:49.459 14030 14030 D cellinfo: Longitude is -105.8713032
08-10 20:43:49.459 14030 14030 D cellinfo: Instantaneous GPS information: United States, Dwight D. Eisenhower Hwy, Laramie, WY 82070, USA
08-10 20:43:49.459 14030 14030 D cellinfo: getCurrentLocation() result: Location (success): 41.4240873, -105.8713032
08-10 20:43:49.461 14030 14030 D cellinfo: onCellInfoChanged: Operator: T-Mobile UpdateTimestamp: 9550211 CellConnectionStatus: 0
08-10 20:43:49.461 14030 14030 D cellinfo: onCellInfoChanged: LTE Cell Bands: [2] Bandwidth: 10000 Cell ID: 25826571 Physical Cell ID: 219 Tracking Area Code: 47617 EARFCN: 852
08-10 20:43:49.546 14030 14080 D cellinfo: 46 bytes from 44.241.174.93: icmp_seq=1819 ttl=42 time=99.5 ms
08-10 20:43:49.699 14030 14080 D cellinfo: 46 bytes from 44.241.174.93: icmp_seq=1820 ttl=42 time=51.6 ms
08-10 20:43:49.917 14030 14080 D cellinfo: 46 bytes from 44.241.174.93: icmp_seq=1821 ttl=42 time=68.8 ms
08-10 20:43:50.098 14030 14080 D cellinfo: 46 bytes from 44.241.174.93: icmp_seq=1822 ttl=42 time=49.2 ms
08-10 20:43:50.298 14030 14080 D cellinfo: 46 bytes from 44.241.174.93: icmp_seq=1823 ttl=42 time=47.4 ms
08-10 20:43:50.498 14030 14080 D cellinfo: 46 bytes from 44.241.174.93: icmp_seq=1824 ttl=42 time=46.3 ms
08-10 20:43:50.708 14030 14080 D cellinfo: 46 bytes from 44.241.174.93: icmp_seq=1825 ttl=42 time=56.0 ms
08-10 20:43:50.908 14030 14080 D cellinfo: 46 bytes from 44.241.174.93: icmp_seq=1826 ttl=42 time=54.6 ms
08-10 20:43:51.107 14030 14080 D cellinfo: 46 bytes from 44.241.174.93: icmp_seq=1827 ttl=42 time=52.1 ms
08-10 20:43:51.308 14030 14080 D cellinfo: 46 bytes from 44.241.174.93: icmp_seq=1828 ttl=42 time=52.4 ms
08-10 20:43:51.507 14030 14080 D cellinfo: 46 bytes from 44.241.174.93: icmp_seq=1829 ttl=42 time=50.8 ms
08-10 20:43:51.708 14030 14080 D cellinfo: 46 bytes from 44.241.174.93: icmp_seq=1830 ttl=42 time=50.4 ms
08-10 20:43:51.908 14030 14080 D cellinfo: 46 bytes from 44.241.174.93: icmp_seq=1831 ttl=42 time=49.3 ms
08-10 20:43:52.108 14030 14080 D cellinfo: 46 bytes from 44.241.174.93: icmp_seq=1832 ttl=42 time=47.7 ms
08-10 20:43:52.316 14030 14080 D cellinfo: 46 bytes from 44.241.174.93: icmp_seq=1833 ttl=42 time=55.4 ms
08-10 20:43:52.438 14030 14030 D cellinfo: Latitude is 41.4236542
08-10 20:43:52.438 14030 14030 D cellinfo: Longitude is -105.8702206
08-10 20:43:52.438 14030 14030 D cellinfo: Instantaneous GPS information: United States, Dwight D. Eisenhower Hwy, Laramie, WY 82070, USA
08-10 20:43:52.438 14030 14030 D cellinfo: getCurrentLocation() result: Location (success): 41.4236542, -105.8702206
08-10 20:43:52.440 14030 14030 D cellinfo: onCellInfoChanged: Operator: T-Mobile UpdateTimestamp: 9553210 CellConnectionStatus: 0
08-10 20:43:52.440 14030 14030 D cellinfo: onCellInfoChanged: LTE Cell Bands: [2] Bandwidth: 10000 Cell ID: 25826571 Physical Cell ID: 219 Tracking Area Code: 47617 EARFCN: 852
08-10 20:43:52.441 14030 14030 D cellinfo: onsignalStrengthsChanged: LTE Signal Strength info: rsrp: -108 rsrq: -11 rssi: -75 rssnr: 5
08-10 20:43:52.441 14030 14030 D cellinfo: onsignalStrengthsChanged: 5G-NR Signal Strength info: ssrsrp: -111 ssrsrq: -11 sssinr: 2147483647
08-10 20:43:52.516 14030 14080 D cellinfo: 46 bytes from 44.241.174.93: icmp_seq=1834 ttl=42 time=54.5 ms
08-10 20:43:52.733 14030 14080 D cellinfo: 46 bytes from 44.241.174.93: icmp_seq=1835 ttl=42 time=70.3 ms
08-10 20:43:52.934 14030 14080 D cellinfo: 46 bytes from 44.241.174.93: icmp_seq=1836 ttl=42 time=70.1 ms
08-10 20:43:53.126 14030 14080 D cellinfo: 46 bytes from 44.241.174.93: icmp_seq=1837 ttl=42 time=61.3 ms
08-10 20:43:53.325 14030 14080 D cellinfo: 46 bytes from 44.241.174.93: icmp_seq=1838 ttl=42 time=60.1 ms
08-10 20:43:53.421 14030 14030 D cellinfo: onsignalStrengthsChanged: LTE Signal Strength info: rsrp: -109 rsrq: -11 rssi: -75 rssnr: 3
08-10 20:43:53.421 14030 14030 D cellinfo: onsignalStrengthsChanged: 5G-NR Signal Strength info: ssrsrp: -111 ssrsrq: -11 sssinr: 2147483647
08-10 20:43:53.526 14030 14080 D cellinfo: 46 bytes from 44.241.174.93: icmp_seq=1839 ttl=42 time=60.1 ms
08-10 20:43:53.718 14030 14080 D cellinfo: 46 bytes from 44.241.174.93: icmp_seq=1840 ttl=42 time=51.6 ms
08-10 20:43:53.925 14030 14080 D cellinfo: 46 bytes from 44.241.174.93: icmp_seq=1841 ttl=42 time=57.6 ms
08-10 20:43:54.125 14030 14080 D cellinfo: 46 bytes from 44.241.174.93: icmp_seq=1842 ttl=42 time=56.1 ms
08-10 20:43:54.317 14030 14080 D cellinfo: 46 bytes from 44.241.174.93: icmp_seq=1843 ttl=42 time=47.7 ms
08-10 20:43:54.518 14030 14080 D cellinfo: 46 bytes from 44.241.174.93: icmp_seq=1844 ttl=42 time=46.1 ms
08-10 20:43:54.727 14030 14080 D cellinfo: 46 bytes from 44.241.174.93: icmp_seq=1845 ttl=42 time=54.7 ms
08-10 20:43:54.927 14030 14080 D cellinfo: 46 bytes from 44.241.174.93: icmp_seq=1846 ttl=42 time=52.9 ms
08-10 20:43:55.127 14030 14080 D cellinfo: 46 bytes from 44.241.174.93: icmp_seq=1847 ttl=42 time=51.5 ms
08-10 20:43:55.332 14030 14080 D cellinfo: 46 bytes from 44.241.174.93: icmp_seq=1848 ttl=42 time=55.2 ms
08-10 20:43:55.426 14030 14030 D cellinfo: Latitude is 41.423237
08-10 20:43:55.426 14030 14030 D cellinfo: Longitude is -105.8691807
08-10 20:43:55.426 14030 14030 D cellinfo: Instantaneous GPS information: United States, Dwight D. Eisenhower Hwy, Laramie, WY 82070, USA
08-10 20:43:55.426 14030 14030 D cellinfo: getCurrentLocation() result: Location (success): 41.423237, -105.8691807
08-10 20:43:55.429 14030 14030 D cellinfo: onCellInfoChanged: Operator: T-Mobile UpdateTimestamp: 9556206 CellConnectionStatus: 0
08-10 20:43:55.429 14030 14030 D cellinfo: onCellInfoChanged: LTE Cell Bands: [2] Bandwidth: 10000 Cell ID: 25826571 Physical Cell ID: 219 Tracking Area Code: 47617 EARFCN: 852
08-10 20:43:55.429 14030 14030 D cellinfo: onsignalStrengthsChanged: LTE Signal Strength info: rsrp: -109 rsrq: -11 rssi: -75 rssnr: 3
08-10 20:43:55.429 14030 14030 D cellinfo: onsignalStrengthsChanged: 5G-NR Signal Strength info: ssrsrp: -107 ssrsrq: -11 sssinr: 2147483647
08-10 20:43:55.527 14030 14080 D cellinfo: 46 bytes from 44.241.174.93: icmp_seq=1849 ttl=42 time=48.8 ms
08-10 20:43:55.657 14030 14030 D cellinfo: onsignalStrengthsChanged: LTE Signal Strength info: rsrp: -106 rsrq: -13 rssi: -75 rssnr: 3
08-10 20:43:55.658 14030 14030 D cellinfo: onsignalStrengthsChanged: 5G-NR Signal Strength info: ssrsrp: -107 ssrsrq: -11 sssinr: 2147483647
08-10 20:43:55.727 14030 14080 D cellinfo: 46 bytes from 44.241.174.93: icmp_seq=1850 ttl=42 time=48.3 ms
08-10 20:43:55.927 14030 14080 D cellinfo: 46 bytes from 44.241.174.93: icmp_seq=1851 ttl=42 time=48.0 ms
08-10 20:43:56.127 14030 14080 D cellinfo: 46 bytes from 44.241.174.93: icmp_seq=1852 ttl=42 time=47.4 ms
08-10 20:43:56.327 14030 14080 D cellinfo: 46 bytes from 44.241.174.93: icmp_seq=1853 ttl=42 time=46.7 ms
08-10 20:43:56.548 14030 14080 D cellinfo: 46 bytes from 44.241.174.93: icmp_seq=1854 ttl=42 time=66.3 ms
08-10 20:43:56.741 14030 14080 D cellinfo: 46 bytes from 44.241.174.93: icmp_seq=1855 ttl=42 time=58.1 ms
08-10 20:43:56.937 14030 14080 D cellinfo: 46 bytes from 44.241.174.93: icmp_seq=1856 ttl=42 time=53.7 ms
08-10 20:43:57.137 14030 14080 D cellinfo: 46 bytes from 44.241.174.93: icmp_seq=1857 ttl=42 time=53.1 ms
08-10 20:43:57.337 14030 14080 D cellinfo: 46 bytes from 44.241.174.93: icmp_seq=1858 ttl=42 time=52.2 ms
08-10 20:43:57.538 14030 14080 D cellinfo: 46 bytes from 44.241.174.93: icmp_seq=1859 ttl=42 time=52.1 ms
08-10 20:43:57.738 14030 14080 D cellinfo: 46 bytes from 44.241.174.93: icmp_seq=1860 ttl=42 time=51.6 ms
08-10 20:43:57.900 14030 14030 D cellinfo: onsignalStrengthsChanged: LTE Signal Strength info: rsrp: -107 rsrq: -12 rssi: -77 rssnr: 4
08-10 20:43:57.900 14030 14030 D cellinfo: onsignalStrengthsChanged: 5G-NR Signal Strength info: ssrsrp: -107 ssrsrq: -11 sssinr: 2147483647
08-10 20:43:57.937 14030 14080 D cellinfo: 46 bytes from 44.241.174.93: icmp_seq=1861 ttl=42 time=49.9 ms
08-10 20:43:58.137 14030 14080 D cellinfo: 46 bytes from 44.241.174.93: icmp_seq=1862 ttl=42 time=48.7 ms
08-10 20:43:58.152 14030 14030 D cellinfo: onCellInfoChanged: Operator: T-Mobile UpdateTimestamp: 9559185 CellConnectionStatus: 0
08-10 20:43:58.152 14030 14030 D cellinfo: onCellInfoChanged: LTE Cell Bands: [2] Bandwidth: 10000 Cell ID: 25826571 Physical Cell ID: 219 Tracking Area Code: 47617 EARFCN: 852
08-10 20:43:58.337 14030 14080 D cellinfo: 46 bytes from 44.241.174.93: icmp_seq=1863 ttl=42 time=47.5 ms
08-10 20:43:58.396 14030 14030 D cellinfo: onsignalStrengthsChanged: LTE Signal Strength info: rsrp: -107 rsrq: -12 rssi: -77 rssnr: 4
08-10 20:43:58.396 14030 14030 D cellinfo: onsignalStrengthsChanged: 5G-NR Signal Strength info: ssrsrp: -106 ssrsrq: -11 sssinr: 2147483647
08-10 20:43:58.537 14030 14080 D cellinfo: 46 bytes from 44.241.174.93: icmp_seq=1864 ttl=42 time=46.2 ms
08-10 20:43:58.763 14030 14080 D cellinfo: 46 bytes from 44.241.174.93: icmp_seq=1865 ttl=42 time=71.2 ms
08-10 20:43:58.947 14030 14080 D cellinfo: 46 bytes from 44.241.174.93: icmp_seq=1866 ttl=42 time=53.9 ms
08-10 20:43:59.148 14030 14080 D cellinfo: 46 bytes from 44.241.174.93: icmp_seq=1867 ttl=42 time=53.3 ms
08-10 20:43:59.354 14030 14080 D cellinfo: 46 bytes from 44.241.174.93: icmp_seq=1868 ttl=42 time=57.5 ms
08-10 20:43:59.522 14030 14030 D cellinfo: Latitude is 41.4219186
08-10 20:43:59.523 14030 14030 D cellinfo: Longitude is -105.8662573
08-10 20:43:59.523 14030 14030 D cellinfo: Instantaneous GPS information: United States, Dwight D. Eisenhower Hwy, Laramie, WY 82070, USA
08-10 20:43:59.523 14030 14030 D cellinfo: getCurrentLocation() result: Location (success): 41.4219186, -105.8662573
