08-10 23:25:46.501  5910  5982 D cellinfo: 46 bytes from 44.241.174.93: icmp_seq=8430 ttl=42 time=39.0 ms
08-10 23:25:46.705  5910  5982 D cellinfo: 46 bytes from 44.241.174.93: icmp_seq=8431 ttl=42 time=43.1 ms
08-10 23:25:46.898  5910  5982 D cellinfo: 46 bytes from 44.241.174.93: icmp_seq=8432 ttl=42 time=34.8 ms
08-10 23:25:47.098  5910  5982 D cellinfo: 46 bytes from 44.241.174.93: icmp_seq=8433 ttl=42 time=34.1 ms
08-10 23:25:47.299  5910  5982 D cellinfo: 46 bytes from 44.241.174.93: icmp_seq=8434 ttl=42 time=33.7 ms
08-10 23:25:47.330  5910  5910 D cellinfo: Latitude is 39.9238527
08-10 23:25:47.330  5910  5910 D cellinfo: Longitude is -104.9878515
08-10 23:25:47.330  5910  5910 D cellinfo: Instantaneous GPS information: United States, 12500 Delaware Dr, Westminster, CO 80234, USA
08-10 23:25:47.330  5910  5910 D cellinfo: getCurrentLocation() result: Location (success): 39.9238527, -104.9878515
08-10 23:25:47.332  5910  5910 D cellinfo: onCellInfoChanged: Operator: T-Mobile UpdateTimestamp: 19268142 CellConnectionStatus: 0
08-10 23:25:47.333  5910  5910 D cellinfo: onCellInfoChanged: LTE Cell Bands: [2] Bandwidth: 15000 Cell ID: 5703435 Physical Cell ID: 125 Tracking Area Code: 41463 EARFCN: 875
08-10 23:25:47.498  5910  5982 D cellinfo: 46 bytes from 44.241.174.93: icmp_seq=8435 ttl=42 time=33.0 ms
08-10 23:25:47.703  5910  5982 D cellinfo: 46 bytes from 44.241.174.93: icmp_seq=8436 ttl=42 time=37.3 ms
08-10 23:25:47.908  5910  5982 D cellinfo: 46 bytes from 44.241.174.93: icmp_seq=8437 ttl=42 time=41.4 ms
08-10 23:25:48.110  5910  5982 D cellinfo: 46 bytes from 44.241.174.93: icmp_seq=8438 ttl=42 time=41.7 ms
08-10 23:25:48.303  5910  5982 D cellinfo: 46 bytes from 44.241.174.93: icmp_seq=8439 ttl=42 time=34.4 ms
08-10 23:25:48.505  5910  5982 D cellinfo: 46 bytes from 44.241.174.93: icmp_seq=8440 ttl=42 time=35.6 ms
08-10 23:25:48.538  5910  5910 D cellinfo: onsignalStrengthsChanged: LTE Signal Strength info: rsrp: -104 rsrq: -18 rssi: -67 rssnr: -7
08-10 23:25:48.538  5910  5910 D cellinfo: onsignalStrengthsChanged: 5G-NR Signal Strength info: ssrsrp: -86 ssrsrq: -11 sssinr: 2147483647
08-10 23:25:48.708  5910  5982 D cellinfo: 46 bytes from 44.241.174.93: icmp_seq=8441 ttl=42 time=37.8 ms
08-10 23:25:48.908  5910  5982 D cellinfo: 46 bytes from 44.241.174.93: icmp_seq=8442 ttl=42 time=37.6 ms
08-10 23:25:49.109  5910  5982 D cellinfo: 46 bytes from 44.241.174.93: icmp_seq=8443 ttl=42 time=36.3 ms
08-10 23:25:49.168  5910  5910 D cellinfo: onsignalStrengthsChanged: LTE Signal Strength info: rsrp: -96 rsrq: -15 rssi: -57 rssnr: 3
08-10 23:25:49.168  5910  5910 D cellinfo: onsignalStrengthsChanged: 5G-NR Signal Strength info: ssrsrp: -86 ssrsrq: -11 sssinr: 2147483647
08-10 23:25:49.308  5910  5982 D cellinfo: 46 bytes from 44.241.174.93: icmp_seq=8444 ttl=42 time=34.6 ms
08-10 23:25:49.508  5910  5982 D cellinfo: 46 bytes from 44.241.174.93: icmp_seq=8445 ttl=42 time=34.0 ms
08-10 23:25:49.708  5910  5982 D cellinfo: 46 bytes from 44.241.174.93: icmp_seq=8446 ttl=42 time=33.3 ms
08-10 23:25:49.918  5910  5982 D cellinfo: 46 bytes from 44.241.174.93: icmp_seq=8447 ttl=42 time=41.4 ms
08-10 23:25:50.113  5910  5982 D cellinfo: 46 bytes from 44.241.174.93: icmp_seq=8448 ttl=42 time=34.6 ms
08-10 23:25:50.313  5910  5982 D cellinfo: 46 bytes from 44.241.174.93: icmp_seq=8449 ttl=42 time=33.9 ms
08-10 23:25:50.331  5910  5910 D cellinfo: Latitude is 39.9236358
08-10 23:25:50.331  5910  5910 D cellinfo: Longitude is -104.9878565
08-10 23:25:50.331  5910  5910 D cellinfo: Instantaneous GPS information: United States, 12500 Delaware Dr, Westminster, CO 80234, USA
08-10 23:25:50.331  5910  5910 D cellinfo: getCurrentLocation() result: Location (success): 39.9236358, -104.9878565
08-10 23:25:50.333  5910  5910 D cellinfo: onCellInfoChanged: Operator: T-Mobile UpdateTimestamp: 19271149 CellConnectionStatus: 0
08-10 23:25:50.333  5910  5910 D cellinfo: onCellInfoChanged: LTE Cell Bands: [2] Bandwidth: 15000 Cell ID: 5703435 Physical Cell ID: 125 Tracking Area Code: 41463 EARFCN: 875
08-10 23:25:50.518  5910  5982 D cellinfo: 46 bytes from 44.241.174.93: icmp_seq=8450 ttl=42 time=37.7 ms
08-10 23:25:50.720  5910  5982 D cellinfo: 46 bytes from 44.241.174.93: icmp_seq=8451 ttl=42 time=39.5 ms
08-10 23:25:50.920  5910  5982 D cellinfo: 46 bytes from 44.241.174.93: icmp_seq=8452 ttl=42 time=39.4 ms
08-10 23:25:51.121  5910  5982 D cellinfo: 46 bytes from 44.241.174.93: icmp_seq=8453 ttl=42 time=38.6 ms
08-10 23:25:51.323  5910  5982 D cellinfo: 46 bytes from 44.241.174.93: icmp_seq=8454 ttl=42 time=40.9 ms
08-10 23:25:51.525  5910  5982 D cellinfo: 46 bytes from 44.241.174.93: icmp_seq=8455 ttl=42 time=42.1 ms
08-10 23:25:51.542  5910  5910 D cellinfo: onsignalStrengthsChanged: LTE Signal Strength info: rsrp: -96 rsrq: -15 rssi: -57 rssnr: 3
08-10 23:25:51.542  5910  5910 D cellinfo: onsignalStrengthsChanged: 5G-NR Signal Strength info: ssrsrp: -79 ssrsrq: -11 sssinr: 2147483647
08-10 23:25:51.718  5910  5982 D cellinfo: 46 bytes from 44.241.174.93: icmp_seq=8456 ttl=42 time=33.7 ms
08-10 23:25:51.918  5910  5982 D cellinfo: 46 bytes from 44.241.174.93: icmp_seq=8457 ttl=42 time=33.1 ms
08-10 23:25:52.122  5910  5982 D cellinfo: 46 bytes from 44.241.174.93: icmp_seq=8458 ttl=42 time=37.2 ms
08-10 23:25:52.132  5910  5910 D cellinfo: onsignalStrengthsChanged: LTE Signal Strength info: rsrp: -90 rsrq: -16 rssi: -57 rssnr: 9
08-10 23:25:52.132  5910  5910 D cellinfo: onsignalStrengthsChanged: 5G-NR Signal Strength info: ssrsrp: -79 ssrsrq: -11 sssinr: 2147483647
08-10 23:25:52.323  5910  5982 D cellinfo: 46 bytes from 44.241.174.93: icmp_seq=8459 ttl=42 time=36.6 ms
08-10 23:25:52.523  5910  5982 D cellinfo: 46 bytes from 44.241.174.93: icmp_seq=8460 ttl=42 time=36.1 ms
08-10 23:25:52.724  5910  5982 D cellinfo: 46 bytes from 44.241.174.93: icmp_seq=8461 ttl=42 time=36.2 ms
08-10 23:25:52.923  5910  5982 D cellinfo: 46 bytes from 44.241.174.93: icmp_seq=8462 ttl=42 time=34.6 ms
08-10 23:25:53.086  5910  5910 D cellinfo: onCellInfoChanged: Operator: T-Mobile UpdateTimestamp: 19274120 CellConnectionStatus: 0
08-10 23:25:53.086  5910  5910 D cellinfo: onCellInfoChanged: LTE Cell Bands: [2] Bandwidth: 15000 Cell ID: 5703435 Physical Cell ID: 125 Tracking Area Code: 41463 EARFCN: 875
08-10 23:25:53.122  5910  5982 D cellinfo: 46 bytes from 44.241.174.93: icmp_seq=8463 ttl=42 time=32.7 ms
08-10 23:25:53.328  5910  5982 D cellinfo: 46 bytes from 44.241.174.93: icmp_seq=8464 ttl=42 time=38.5 ms
08-10 23:25:53.528  5910  5982 D cellinfo: 46 bytes from 44.241.174.93: icmp_seq=8465 ttl=42 time=37.5 ms
08-10 23:25:53.728  5910  5982 D cellinfo: 46 bytes from 44.241.174.93: icmp_seq=8466 ttl=42 time=35.7 ms
08-10 23:25:53.929  5910  5982 D cellinfo: 46 bytes from 44.241.174.93: icmp_seq=8467 ttl=42 time=35.9 ms
08-10 23:25:54.131  5910  5982 D cellinfo: 46 bytes from 44.241.174.93: icmp_seq=8468 ttl=42 time=38.0 ms
08-10 23:25:54.328  5910  5982 D cellinfo: 46 bytes from 44.241.174.93: icmp_seq=8469 ttl=42 time=33.7 ms
08-10 23:25:54.373  5910  5910 D cellinfo: onsignalStrengthsChanged: LTE Signal Strength info: rsrp: -90 rsrq: -15 rssi: -55 rssnr: 8
08-10 23:25:54.373  5910  5910 D cellinfo: onsignalStrengthsChanged: 5G-NR Signal Strength info: ssrsrp: -79 ssrsrq: -11 sssinr: 2147483647
08-10 23:25:54.528  5910  5982 D cellinfo: 46 bytes from 44.241.174.93: icmp_seq=8470 ttl=42 time=33.1 ms
08-10 23:25:54.539  5910  5910 D cellinfo: onsignalStrengthsChanged: LTE Signal Strength info: rsrp: -90 rsrq: -15 rssi: -55 rssnr: 8
08-10 23:25:54.539  5910  5910 D cellinfo: onsignalStrengthsChanged: 5G-NR Signal Strength info: ssrsrp: -77 ssrsrq: -11 sssinr: 2147483647
08-10 23:25:54.729  5910  5982 D cellinfo: 46 bytes from 44.241.174.93: icmp_seq=8471 ttl=42 time=33.4 ms
08-10 23:25:54.933  5910  5982 D cellinfo: 46 bytes from 44.241.174.93: icmp_seq=8472 ttl=42 time=36.8 ms
08-10 23:25:55.134  5910  5982 D cellinfo: 46 bytes from 44.241.174.93: icmp_seq=8473 ttl=42 time=36.4 ms
08-10 23:25:55.217  5910  5910 D cellinfo: Latitude is 39.9202988
08-10 23:25:55.217  5910  5910 D cellinfo: Longitude is -104.988048
08-10 23:25:55.217  5910  5910 D cellinfo: Instantaneous GPS information: United States, 12310 Bannock St, Westminster, CO 80234, USA
08-10 23:25:55.217  5910  5910 D cellinfo: getCurrentLocation() result: Location (success): 39.9202988, -104.988048
08-10 23:25:55.333  5910  5982 D cellinfo: 46 bytes from 44.241.174.93: icmp_seq=8474 ttl=42 time=34.3 ms
08-10 23:25:55.533  5910  5982 D cellinfo: 46 bytes from 44.241.174.93: icmp_seq=8475 ttl=42 time=33.2 ms
08-10 23:25:55.738  5910  5982 D cellinfo: 46 bytes from 44.241.174.93: icmp_seq=8476 ttl=42 time=36.9 ms
08-10 23:25:55.940  5910  5982 D cellinfo: 46 bytes from 44.241.174.93: icmp_seq=8477 ttl=42 time=37.9 ms
08-10 23:25:56.055  5910  5910 D cellinfo: Latitude is 39.9202988
08-10 23:25:56.055  5910  5910 D cellinfo: Longitude is -104.988048
08-10 23:25:56.055  5910  5910 D cellinfo: Instantaneous GPS information: United States, 12310 Bannock St, Westminster, CO 80234, USA
08-10 23:25:56.055  5910  5910 D cellinfo: getCurrentLocation() result: Location (success): 39.9202988, -104.988048
08-10 23:25:56.106  5910  5910 D cellinfo: onCellInfoChanged: Operator: T-Mobile UpdateTimestamp: 19277141 CellConnectionStatus: 0
08-10 23:25:56.106  5910  5910 D cellinfo: onCellInfoChanged: LTE Cell Bands: [2] Bandwidth: 15000 Cell ID: 5703435 Physical Cell ID: 125 Tracking Area Code: 41463 EARFCN: 875
08-10 23:25:56.138  5910  5982 D cellinfo: 46 bytes from 44.241.174.93: icmp_seq=8478 ttl=42 time=34.7 ms
08-10 23:25:56.338  5910  5982 D cellinfo: 46 bytes from 44.241.174.93: icmp_seq=8479 ttl=42 time=34.7 ms
08-10 23:25:56.538  5910  5982 D cellinfo: 46 bytes from 44.241.174.93: icmp_seq=8480 ttl=42 time=33.7 ms
08-10 23:25:56.747  5910  5982 D cellinfo: 46 bytes from 44.241.174.93: icmp_seq=8481 ttl=42 time=42.7 ms
08-10 23:25:56.938  5910  5982 D cellinfo: 46 bytes from 44.241.174.93: icmp_seq=8482 ttl=42 time=33.3 ms
08-10 23:25:57.143  5910  5982 D cellinfo: 46 bytes from 44.241.174.93: icmp_seq=8483 ttl=42 time=37.4 ms
08-10 23:25:57.343  5910  5982 D cellinfo: 46 bytes from 44.241.174.93: icmp_seq=8484 ttl=42 time=36.4 ms
08-10 23:25:57.539  5910  5910 D cellinfo: onsignalStrengthsChanged: LTE Signal Strength info: rsrp: -90 rsrq: -15 rssi: -55 rssnr: 8
08-10 23:25:57.539  5910  5910 D cellinfo: onsignalStrengthsChanged: 5G-NR Signal Strength info: ssrsrp: -83 ssrsrq: -11 sssinr: 2147483647
08-10 23:25:57.543  5910  5982 D cellinfo: 46 bytes from 44.241.174.93: icmp_seq=8485 ttl=42 time=35.3 ms
08-10 23:25:57.743  5910  5982 D cellinfo: 46 bytes from 44.241.174.93: icmp_seq=8486 ttl=42 time=34.4 ms
08-10 23:25:57.948  5910  5982 D cellinfo: 46 bytes from 44.241.174.93: icmp_seq=8487 ttl=42 time=37.5 ms
08-10 23:25:58.149  5910  5982 D cellinfo: 46 bytes from 44.241.174.93: icmp_seq=8488 ttl=42 time=37.5 ms
08-10 23:25:58.170  5910  5910 D cellinfo: onsignalStrengthsChanged: LTE Signal Strength info: rsrp: -91 rsrq: -15 rssi: -59 rssnr: 10
08-10 23:25:58.170  5910  5910 D cellinfo: onsignalStrengthsChanged: 5G-NR Signal Strength info: ssrsrp: -83 ssrsrq: -11 sssinr: 2147483647
08-10 23:25:58.347  5910  5982 D cellinfo: 46 bytes from 44.241.174.93: icmp_seq=8489 ttl=42 time=34.8 ms
08-10 23:25:58.548  5910  5982 D cellinfo: 46 bytes from 44.241.174.93: icmp_seq=8490 ttl=42 time=34.7 ms
08-10 23:25:58.748  5910  5982 D cellinfo: 46 bytes from 44.241.174.93: icmp_seq=8491 ttl=42 time=34.1 ms
08-10 23:25:58.959  5910  5982 D cellinfo: 46 bytes from 44.241.174.93: icmp_seq=8492 ttl=42 time=42.8 ms
08-10 23:25:59.157  5910  5982 D cellinfo: 46 bytes from 44.241.174.93: icmp_seq=8493 ttl=42 time=41.6 ms
08-10 23:25:59.285  5910  5910 D cellinfo: Latitude is 39.9200438
08-10 23:25:59.285  5910  5910 D cellinfo: Longitude is -104.9880654
08-10 23:25:59.285  5910  5910 D cellinfo: Instantaneous GPS information: United States, 12310 Bannock St, Westminster, CO 80234, USA
08-10 23:25:59.285  5910  5910 D cellinfo: getCurrentLocation() result: Location (success): 39.9200438, -104.9880654
08-10 23:25:59.287  5910  5910 D cellinfo: onCellInfoChanged: Operator: T-Mobile UpdateTimestamp: 19280130 CellConnectionStatus: 0
08-10 23:25:59.287  5910  5910 D cellinfo: onCellInfoChanged: LTE Cell Bands: [2] Bandwidth: 15000 Cell ID: 5703435 Physical Cell ID: 125 Tracking Area Code: 41463 EARFCN: 875
08-10 23:25:59.358  5910  5982 D cellinfo: 46 bytes from 44.241.174.93: icmp_seq=8494 ttl=42 time=41.3 ms
08-10 23:25:59.553  5910  5982 D cellinfo: 46 bytes from 44.241.174.93: icmp_seq=8495 ttl=42 time=35.4 ms
08-10 23:25:59.758  5910  5982 D cellinfo: 46 bytes from 44.241.174.93: icmp_seq=8496 ttl=42 time=39.0 ms
08-10 23:25:59.956  5910  5982 D cellinfo: 46 bytes from 44.241.174.93: icmp_seq=8497 ttl=42 time=35.6 ms
08-10 23:26:00.158  5910  5982 D cellinfo: 46 bytes from 44.241.174.93: icmp_seq=8498 ttl=42 time=37.2 ms
08-10 23:26:00.368  5910  5982 D cellinfo: 46 bytes from 44.241.174.93: icmp_seq=8499 ttl=42 time=46.3 ms
08-10 23:26:00.547  5910  5910 D cellinfo: onsignalStrengthsChanged: LTE Signal Strength info: rsrp: -91 rsrq: -15 rssi: -59 rssnr: 10
08-10 23:26:00.547  5910  5910 D cellinfo: onsignalStrengthsChanged: 5G-NR Signal Strength info: ssrsrp: -84 ssrsrq: -11 sssinr: 2147483647
08-10 23:26:00.561  5910  5982 D cellinfo: 46 bytes from 44.241.174.93: icmp_seq=8500 ttl=42 time=37.7 ms
08-10 23:26:00.760  5910  5982 D cellinfo: 46 bytes from 44.241.174.93: icmp_seq=8501 ttl=42 time=36.3 ms
08-10 23:26:00.958  5910  5982 D cellinfo: 46 bytes from 44.241.174.93: icmp_seq=8502 ttl=42 time=33.6 ms
08-10 23:26:01.094  5910  5910 D cellinfo: onsignalStrengthsChanged: LTE Signal Strength info: rsrp: -88 rsrq: -14 rssi: -55 rssnr: 11
08-10 23:26:01.094  5910  5910 D cellinfo: onsignalStrengthsChanged: 5G-NR Signal Strength info: ssrsrp: -84 ssrsrq: -11 sssinr: 2147483647
08-10 23:26:01.164  5910  5982 D cellinfo: 46 bytes from 44.241.174.93: icmp_seq=8503 ttl=42 time=38.4 ms
08-10 23:26:01.363  5910  5982 D cellinfo: 46 bytes from 44.241.174.93: icmp_seq=8504 ttl=42 time=36.9 ms
08-10 23:26:01.562  5910  5982 D cellinfo: 46 bytes from 44.241.174.93: icmp_seq=8505 ttl=42 time=35.3 ms
08-10 23:26:01.763  5910  5982 D cellinfo: 46 bytes from 44.241.174.93: icmp_seq=8506 ttl=42 time=35.1 ms
08-10 23:26:01.964  5910  5982 D cellinfo: 46 bytes from 44.241.174.93: icmp_seq=8507 ttl=42 time=35.2 ms
08-10 23:26:02.168  5910  5982 D cellinfo: 46 bytes from 44.241.174.93: icmp_seq=8508 ttl=42 time=38.0 ms
08-10 23:26:02.299  5910  5910 D cellinfo: Latitude is 39.919383
08-10 23:26:02.299  5910  5910 D cellinfo: Longitude is -104.9881106
08-10 23:26:02.300  5910  5910 D cellinfo: Instantaneous GPS information: United States, 12298 Bannock St, Westminster, CO 80234, USA
08-10 23:26:02.300  5910  5910 D cellinfo: getCurrentLocation() result: Location (success): 39.919383, -104.9881106
08-10 23:26:02.301  5910  5910 D cellinfo: onCellInfoChanged: Operator: T-Mobile UpdateTimestamp: 19283136 CellConnectionStatus: 0
08-10 23:26:02.301  5910  5910 D cellinfo: onCellInfoChanged: LTE Cell Bands: [2] Bandwidth: 15000 Cell ID: 5703435 Physical Cell ID: 125 Tracking Area Code: 41463 EARFCN: 875
08-10 23:26:02.368  5910  5982 D cellinfo: 46 bytes from 44.241.174.93: icmp_seq=8509 ttl=42 time=37.4 ms
08-10 23:26:02.567  5910  5982 D cellinfo: 46 bytes from 44.241.174.93: icmp_seq=8510 ttl=42 time=35.6 ms
08-10 23:26:02.768  5910  5982 D cellinfo: 46 bytes from 44.241.174.93: icmp_seq=8511 ttl=42 time=35.0 ms
08-10 23:26:02.973  5910  5982 D cellinfo: 46 bytes from 44.241.174.93: icmp_seq=8512 ttl=42 time=38.6 ms
08-10 23:26:03.175  5910  5982 D cellinfo: 46 bytes from 44.241.174.93: icmp_seq=8513 ttl=42 time=38.9 ms
08-10 23:26:03.331  5910  5910 D cellinfo: onsignalStrengthsChanged: LTE Signal Strength info: rsrp: -79 rsrq: -10 rssi: -51 rssnr: 12
08-10 23:26:03.331  5910  5910 D cellinfo: onsignalStrengthsChanged: 5G-NR Signal Strength info: ssrsrp: -84 ssrsrq: -11 sssinr: 2147483647
08-10 23:26:03.375  5910  5982 D cellinfo: 46 bytes from 44.241.174.93: icmp_seq=8514 ttl=42 time=38.5 ms
08-10 23:26:03.538  5910  5910 D cellinfo: onsignalStrengthsChanged: LTE Signal Strength info: rsrp: -79 rsrq: -10 rssi: -51 rssnr: 12
08-10 23:26:03.538  5910  5910 D cellinfo: onsignalStrengthsChanged: 5G-NR Signal Strength info: ssrsrp: -80 ssrsrq: -11 sssinr: 2147483647
08-10 23:26:03.579  5910  5982 D cellinfo: 46 bytes from 44.241.174.93: icmp_seq=8515 ttl=42 time=41.7 ms
08-10 23:26:03.773  5910  5982 D cellinfo: 46 bytes from 44.241.174.93: icmp_seq=8516 ttl=42 time=34.5 ms
08-10 23:26:03.973  5910  5982 D cellinfo: 46 bytes from 44.241.174.93: icmp_seq=8517 ttl=42 time=33.3 ms
08-10 23:26:04.178  5910  5982 D cellinfo: 46 bytes from 44.241.174.93: icmp_seq=8518 ttl=42 time=37.0 ms
08-10 23:26:04.379  5910  5982 D cellinfo: 46 bytes from 44.241.174.93: icmp_seq=8519 ttl=42 time=37.9 ms
08-10 23:26:04.579  5910  5982 D cellinfo: 46 bytes from 44.241.174.93: icmp_seq=8520 ttl=42 time=36.9 ms
08-10 23:26:04.778  5910  5982 D cellinfo: 46 bytes from 44.241.174.93: icmp_seq=8521 ttl=42 time=34.9 ms
08-10 23:26:04.978  5910  5982 D cellinfo: 46 bytes from 44.241.174.93: icmp_seq=8522 ttl=42 time=34.1 ms
08-10 23:26:05.177  5910  5982 D cellinfo: 46 bytes from 44.241.174.93: icmp_seq=8523 ttl=42 time=32.9 ms
08-10 23:26:05.338  5910  5910 D cellinfo: Latitude is 39.9190654
08-10 23:26:05.338  5910  5910 D cellinfo: Longitude is -104.9881324
08-10 23:26:05.338  5910  5910 D cellinfo: Instantaneous GPS information: United States, 12298 Bannock St, Westminster, CO 80234, USA
08-10 23:26:05.338  5910  5910 D cellinfo: getCurrentLocation() result: Location (success): 39.9190654, -104.9881324
08-10 23:26:05.341  5910  5910 D cellinfo: onCellInfoChanged: Operator: T-Mobile UpdateTimestamp: 19286154 CellConnectionStatus: 0
08-10 23:26:05.341  5910  5910 D cellinfo: onCellInfoChanged: LTE Cell Bands: [2] Bandwidth: 15000 Cell ID: 5703435 Physical Cell ID: 125 Tracking Area Code: 41463 EARFCN: 875
08-10 23:26:05.388  5910  5982 D cellinfo: 46 bytes from 44.241.174.93: icmp_seq=8524 ttl=42 time=42.6 ms
08-10 23:26:05.588  5910  5982 D cellinfo: 46 bytes from 44.241.174.93: icmp_seq=8525 ttl=42 time=41.5 ms
08-10 23:26:05.784  5910  5982 D cellinfo: 46 bytes from 44.241.174.93: icmp_seq=8526 ttl=42 time=35.7 ms
08-10 23:26:05.988  5910  5982 D cellinfo: 46 bytes from 44.241.174.93: icmp_seq=8527 ttl=42 time=39.0 ms
08-10 23:26:06.188  5910  5982 D cellinfo: 46 bytes from 44.241.174.93: icmp_seq=8528 ttl=42 time=38.8 ms
08-10 23:26:06.387  5910  5982 D cellinfo: 46 bytes from 44.241.174.93: icmp_seq=8529 ttl=42 time=37.6 ms
08-10 23:26:06.538  5910  5910 D cellinfo: onsignalStrengthsChanged: LTE Signal Strength info: rsrp: -79 rsrq: -10 rssi: -51 rssnr: 12
08-10 23:26:06.538  5910  5910 D cellinfo: onsignalStrengthsChanged: 5G-NR Signal Strength info: ssrsrp: -79 ssrsrq: -11 sssinr: 2147483647
08-10 23:26:06.586  5910  5982 D cellinfo: 46 bytes from 44.241.174.93: icmp_seq=8530 ttl=42 time=35.5 ms
08-10 23:26:06.788  5910  5982 D cellinfo: 46 bytes from 44.241.174.93: icmp_seq=8531 ttl=42 time=36.5 ms
08-10 23:26:06.988  5910  5982 D cellinfo: 46 bytes from 44.241.174.93: icmp_seq=8532 ttl=42 time=35.1 ms
08-10 23:26:07.172  5910  5910 D cellinfo: onsignalStrengthsChanged: LTE Signal Strength info: rsrp: -84 rsrq: -16 rssi: -51 rssnr: 13
08-10 23:26:07.172  5910  5910 D cellinfo: onsignalStrengthsChanged: 5G-NR Signal Strength info: ssrsrp: -79 ssrsrq: -11 sssinr: 2147483647
08-10 23:26:07.188  5910  5982 D cellinfo: 46 bytes from 44.241.174.93: icmp_seq=8533 ttl=42 time=34.5 ms
08-10 23:26:07.388  5910  5982 D cellinfo: 46 bytes from 44.241.174.93: icmp_seq=8534 ttl=42 time=33.4 ms
08-10 23:26:07.592  5910  5982 D cellinfo: 46 bytes from 44.241.174.93: icmp_seq=8535 ttl=42 time=36.3 ms
08-10 23:26:07.799  5910  5982 D cellinfo: 46 bytes from 44.241.174.93: icmp_seq=8536 ttl=42 time=42.5 ms
08-10 23:26:07.994  5910  5982 D cellinfo: 46 bytes from 44.241.174.93: icmp_seq=8537 ttl=42 time=35.5 ms
08-10 23:26:08.193  5910  5982 D cellinfo: 46 bytes from 44.241.174.93: icmp_seq=8538 ttl=42 time=33.9 ms
08-10 23:26:08.315  5910  5910 D cellinfo: Latitude is 39.917302
08-10 23:26:08.315  5910  5910 D cellinfo: Longitude is -104.9889752
08-10 23:26:08.315  5910  5910 D cellinfo: Instantaneous GPS information: United States, 12242 Bannock Cir, Westminster, CO 80234, USA
08-10 23:26:08.315  5910  5910 D cellinfo: getCurrentLocation() result: Location (success): 39.917302, -104.9889752
08-10 23:26:08.316  5910  5910 D cellinfo: onCellInfoChanged: Operator: T-Mobile UpdateTimestamp: 19289143 CellConnectionStatus: 0
08-10 23:26:08.316  5910  5910 D cellinfo: onCellInfoChanged: LTE Cell Bands: [2] Bandwidth: 15000 Cell ID: 5703435 Physical Cell ID: 125 Tracking Area Code: 41463 EARFCN: 875
08-10 23:26:08.397  5910  5982 D cellinfo: 46 bytes from 44.241.174.93: icmp_seq=8539 ttl=42 time=37.6 ms
08-10 23:26:08.598  5910  5982 D cellinfo: 46 bytes from 44.241.174.93: icmp_seq=8540 ttl=42 time=36.2 ms
08-10 23:26:08.801  5910  5982 D cellinfo: 46 bytes from 44.241.174.93: icmp_seq=8541 ttl=42 time=39.0 ms
08-10 23:26:08.998  5910  5982 D cellinfo: 46 bytes from 44.241.174.93: icmp_seq=8542 ttl=42 time=35.4 ms
08-10 23:26:09.198  5910  5982 D cellinfo: 46 bytes from 44.241.174.93: icmp_seq=8543 ttl=42 time=33.9 ms
08-10 23:26:09.401  5910  5982 D cellinfo: 46 bytes from 44.241.174.93: icmp_seq=8544 ttl=42 time=35.6 ms
08-10 23:26:09.541  5910  5910 D cellinfo: onsignalStrengthsChanged: LTE Signal Strength info: rsrp: -84 rsrq: -16 rssi: -51 rssnr: 13
08-10 23:26:09.542  5910  5910 D cellinfo: onsignalStrengthsChanged: 5G-NR Signal Strength info: ssrsrp: -76 ssrsrq: -11 sssinr: 2147483647
08-10 23:26:09.598  5910  5982 D cellinfo: 46 bytes from 44.241.174.93: icmp_seq=8545 ttl=42 time=32.7 ms
08-10 23:26:09.803  5910  5982 D cellinfo: 46 bytes from 44.241.174.93: icmp_seq=8546 ttl=42 time=37.0 ms
08-10 23:26:10.002  5910  5982 D cellinfo: 46 bytes from 44.241.174.93: icmp_seq=8547 ttl=42 time=35.5 ms
08-10 23:26:10.051  5910  5910 D cellinfo: onsignalStrengthsChanged: LTE Signal Strength info: rsrp: -80 rsrq: -12 rssi: -51 rssnr: 17
08-10 23:26:10.051  5910  5910 D cellinfo: onsignalStrengthsChanged: 5G-NR Signal Strength info: ssrsrp: -76 ssrsrq: -11 sssinr: 2147483647
08-10 23:26:10.203  5910  5982 D cellinfo: 46 bytes from 44.241.174.93: icmp_seq=8548 ttl=42 time=36.0 ms
08-10 23:26:10.403  5910  5982 D cellinfo: 46 bytes from 44.241.174.93: icmp_seq=8549 ttl=42 time=34.5 ms
08-10 23:26:10.603  5910  5982 D cellinfo: 46 bytes from 44.241.174.93: icmp_seq=8550 ttl=42 time=33.5 ms
08-10 23:26:10.808  5910  5982 D cellinfo: 46 bytes from 44.241.174.93: icmp_seq=8551 ttl=42 time=37.6 ms
08-10 23:26:11.007  5910  5982 D cellinfo: 46 bytes from 44.241.174.93: icmp_seq=8552 ttl=42 time=36.6 ms
08-10 23:26:11.215  5910  5982 D cellinfo: 46 bytes from 44.241.174.93: icmp_seq=8553 ttl=42 time=44.6 ms
08-10 23:26:11.333  5910  5910 D cellinfo: Latitude is 39.9163695
08-10 23:26:11.333  5910  5910 D cellinfo: Longitude is -104.9892991
08-10 23:26:11.333  5910  5910 D cellinfo: Instantaneous GPS information: United States, 12162 Bannock Cir, Denver, CO 80234, USA
08-10 23:26:11.333  5910  5910 D cellinfo: getCurrentLocation() result: Location (success): 39.9163695, -104.9892991
08-10 23:26:11.335  5910  5910 D cellinfo: onCellInfoChanged: Operator: T-Mobile UpdateTimestamp: 19292141 CellConnectionStatus: 0
08-10 23:26:11.335  5910  5910 D cellinfo: onCellInfoChanged: LTE Cell Bands: [2] Bandwidth: 15000 Cell ID: 5703435 Physical Cell ID: 125 Tracking Area Code: 41463 EARFCN: 875
08-10 23:26:11.408  5910  5982 D cellinfo: 46 bytes from 44.241.174.93: icmp_seq=8554 ttl=42 time=37.3 ms
08-10 23:26:11.608  5910  5982 D cellinfo: 46 bytes from 44.241.174.93: icmp_seq=8555 ttl=42 time=36.3 ms
08-10 23:26:11.809  5910  5982 D cellinfo: 46 bytes from 44.241.174.93: icmp_seq=8556 ttl=42 time=35.8 ms
08-10 23:26:12.007  5910  5982 D cellinfo: 46 bytes from 44.241.174.93: icmp_seq=8557 ttl=42 time=33.7 ms
08-10 23:26:12.208  5910  5982 D cellinfo: 46 bytes from 44.241.174.93: icmp_seq=8558 ttl=42 time=35.2 ms
08-10 23:26:12.292  5910  5910 D cellinfo: onsignalStrengthsChanged: LTE Signal Strength info: rsrp: -78 rsrq: -14 rssi: -51 rssnr: 19
08-10 23:26:12.292  5910  5910 D cellinfo: onsignalStrengthsChanged: 5G-NR Signal Strength info: ssrsrp: -76 ssrsrq: -11 sssinr: 2147483647
08-10 23:26:12.408  5910  5982 D cellinfo: 46 bytes from 44.241.174.93: icmp_seq=8559 ttl=42 time=34.2 ms
08-10 23:26:12.608  5910  5982 D cellinfo: 46 bytes from 44.241.174.93: icmp_seq=8560 ttl=42 time=33.0 ms
08-10 23:26:12.815  5910  5982 D cellinfo: 46 bytes from 44.241.174.93: icmp_seq=8561 ttl=42 time=39.2 ms
08-10 23:26:13.013  5910  5982 D cellinfo: 46 bytes from 44.241.174.93: icmp_seq=8562 ttl=42 time=36.5 ms
08-10 23:26:13.213  5910  5982 D cellinfo: 46 bytes from 44.241.174.93: icmp_seq=8563 ttl=42 time=35.9 ms
08-10 23:26:13.413  5910  5982 D cellinfo: 46 bytes from 44.241.174.93: icmp_seq=8564 ttl=42 time=35.4 ms
08-10 23:26:13.613  5910  5982 D cellinfo: 46 bytes from 44.241.174.93: icmp_seq=8565 ttl=42 time=34.4 ms
08-10 23:26:13.818  5910  5982 D cellinfo: 46 bytes from 44.241.174.93: icmp_seq=8566 ttl=42 time=37.8 ms
08-10 23:26:14.018  5910  5982 D cellinfo: 46 bytes from 44.241.174.93: icmp_seq=8567 ttl=42 time=37.7 ms
08-10 23:26:14.224  5910  5982 D cellinfo: 46 bytes from 44.241.174.93: icmp_seq=8568 ttl=42 time=44.1 ms
08-10 23:26:14.342  5910  5910 D cellinfo: Latitude is 39.9158597
08-10 23:26:14.342  5910  5910 D cellinfo: Longitude is -104.9894708
08-10 23:26:14.342  5910  5910 D cellinfo: Instantaneous GPS information: United States, 12142 Bannock Cir, Westminster, CO 80234, USA
08-10 23:26:14.342  5910  5910 D cellinfo: getCurrentLocation() result: Location (success): 39.9158597, -104.9894708
08-10 23:26:14.344  5910  5910 D cellinfo: onCellInfoChanged: Operator: T-Mobile UpdateTimestamp: 19295151 CellConnectionStatus: 0
08-10 23:26:14.344  5910  5910 D cellinfo: onCellInfoChanged: LTE Cell Bands: [2] Bandwidth: 15000 Cell ID: 5703435 Physical Cell ID: 125 Tracking Area Code: 41463 EARFCN: 875
08-10 23:26:14.417  5910  5982 D cellinfo: 46 bytes from 44.241.174.93: icmp_seq=8569 ttl=42 time=36.5 ms
08-10 23:26:14.620  5910  5982 D cellinfo: 46 bytes from 44.241.174.93: icmp_seq=8570 ttl=42 time=37.8 ms
08-10 23:26:14.822  5910  5982 D cellinfo: 46 bytes from 44.241.174.93: icmp_seq=8571 ttl=42 time=39.7 ms
08-10 23:26:15.024  5910  5982 D cellinfo: 46 bytes from 44.241.174.93: icmp_seq=8572 ttl=42 time=41.0 ms
08-10 23:26:15.218  5910  5982 D cellinfo: 46 bytes from 44.241.174.93: icmp_seq=8573 ttl=42 time=35.7 ms
08-10 23:26:15.421  5910  5982 D cellinfo: 46 bytes from 44.241.174.93: icmp_seq=8574 ttl=42 time=37.7 ms
08-10 23:26:15.539  5910  5910 D cellinfo: onsignalStrengthsChanged: LTE Signal Strength info: rsrp: -78 rsrq: -14 rssi: -51 rssnr: 19
08-10 23:26:15.539  5910  5910 D cellinfo: onsignalStrengthsChanged: 5G-NR Signal Strength info: ssrsrp: -80 ssrsrq: -11 sssinr: 2147483647
08-10 23:26:15.618  5910  5982 D cellinfo: 46 bytes from 44.241.174.93: icmp_seq=8575 ttl=42 time=33.7 ms
08-10 23:26:15.823  5910  5982 D cellinfo: 46 bytes from 44.241.174.93: icmp_seq=8576 ttl=42 time=38.3 ms
08-10 23:26:16.023  5910  5982 D cellinfo: 46 bytes from 44.241.174.93: icmp_seq=8577 ttl=42 time=37.6 ms
08-10 23:26:16.171  5910  5910 D cellinfo: onsignalStrengthsChanged: LTE Signal Strength info: rsrp: -82 rsrq: -16 rssi: -51 rssnr: 17
08-10 23:26:16.171  5910  5910 D cellinfo: onsignalStrengthsChanged: 5G-NR Signal Strength info: ssrsrp: -80 ssrsrq: -11 sssinr: 2147483647
08-10 23:26:16.223  5910  5982 D cellinfo: 46 bytes from 44.241.174.93: icmp_seq=8578 ttl=42 time=38.1 ms
08-10 23:26:16.423  5910  5982 D cellinfo: 46 bytes from 44.241.174.93: icmp_seq=8579 ttl=42 time=36.9 ms
08-10 23:26:16.630  5910  5982 D cellinfo: 46 bytes from 44.241.174.93: icmp_seq=8580 ttl=42 time=43.5 ms
08-10 23:26:16.825  5910  5982 D cellinfo: 46 bytes from 44.241.174.93: icmp_seq=8581 ttl=42 time=37.1 ms
08-10 23:26:17.025  5910  5982 D cellinfo: 46 bytes from 44.241.174.93: icmp_seq=8582 ttl=42 time=36.2 ms
08-10 23:26:17.086  5910  5910 D cellinfo: onCellInfoChanged: Operator: T-Mobile UpdateTimestamp: 19298121 CellConnectionStatus: 0
08-10 23:26:17.086  5910  5910 D cellinfo: onCellInfoChanged: LTE Cell Bands: [2] Bandwidth: 15000 Cell ID: 5703435 Physical Cell ID: 125 Tracking Area Code: 41463 EARFCN: 875
08-10 23:26:17.230  5910  5982 D cellinfo: 46 bytes from 44.241.174.93: icmp_seq=8583 ttl=42 time=41.6 ms
08-10 23:26:17.436  5910  5982 D cellinfo: 46 bytes from 44.241.174.93: icmp_seq=8584 ttl=42 time=46.8 ms
08-10 23:26:17.632  5910  5982 D cellinfo: 46 bytes from 44.241.174.93: icmp_seq=8585 ttl=42 time=41.8 ms
08-10 23:26:17.839  5910  5982 D cellinfo: 46 bytes from 44.241.174.93: icmp_seq=8586 ttl=42 time=48.1 ms
08-10 23:26:18.032  5910  5982 D cellinfo: 46 bytes from 44.241.174.93: icmp_seq=8587 ttl=42 time=40.8 ms
08-10 23:26:18.235  5910  5982 D cellinfo: 46 bytes from 44.241.174.93: icmp_seq=8588 ttl=42 time=43.9 ms
08-10 23:26:18.443  5910  5982 D cellinfo: 46 bytes from 44.241.174.93: icmp_seq=8589 ttl=42 time=51.4 ms
08-10 23:26:18.539  5910  5910 D cellinfo: onsignalStrengthsChanged: LTE Signal Strength info: rsrp: -82 rsrq: -16 rssi: -51 rssnr: 17
08-10 23:26:18.539  5910  5910 D cellinfo: onsignalStrengthsChanged: 5G-NR Signal Strength info: ssrsrp: -70 ssrsrq: -11 sssinr: 2147483647
08-10 23:26:18.635  5910  5982 D cellinfo: 46 bytes from 44.241.174.93: icmp_seq=8590 ttl=42 time=42.5 ms
08-10 23:26:18.838  5910  5982 D cellinfo: 46 bytes from 44.241.174.93: icmp_seq=8591 ttl=42 time=44.0 ms
08-10 23:26:19.042  5910  5982 D cellinfo: 46 bytes from 44.241.174.93: icmp_seq=8592 ttl=42 time=46.7 ms
08-10 23:26:19.189  5910  5910 D cellinfo: Latitude is 39.913635
08-10 23:26:19.189  5910  5910 D cellinfo: Longitude is -104.9900157
08-10 23:26:19.189  5910  5910 D cellinfo: Instantaneous GPS information: United States, Dwight D. Eisenhower Hwy, Northglenn, CO 80234, USA
08-10 23:26:19.189  5910  5910 D cellinfo: getCurrentLocation() result: Location (success): 39.913635, -104.9900157
08-10 23:26:19.191  5910  5910 D cellinfo: onsignalStrengthsChanged: LTE Signal Strength info: rsrp: -73 rsrq: -13 rssi: -51 rssnr: 19
08-10 23:26:19.191  5910  5910 D cellinfo: onsignalStrengthsChanged: 5G-NR Signal Strength info: ssrsrp: -70 ssrsrq: -11 sssinr: 2147483647
08-10 23:26:19.237  5910  5982 D cellinfo: 46 bytes from 44.241.174.93: icmp_seq=8593 ttl=42 time=42.3 ms
08-10 23:26:19.441  5910  5982 D cellinfo: 46 bytes from 44.241.174.93: icmp_seq=8594 ttl=42 time=45.4 ms
08-10 23:26:19.633  5910  5982 D cellinfo: 46 bytes from 44.241.174.93: icmp_seq=8595 ttl=42 time=35.6 ms
08-10 23:26:19.833  5910  5982 D cellinfo: 46 bytes from 44.241.174.93: icmp_seq=8596 ttl=42 time=34.4 ms
08-10 23:26:20.042  5910  5982 D cellinfo: 46 bytes from 44.241.174.93: icmp_seq=8597 ttl=42 time=41.1 ms
08-10 23:26:20.054  5910  5910 D cellinfo: Latitude is 39.913635
08-10 23:26:20.054  5910  5910 D cellinfo: Longitude is -104.9900157
08-10 23:26:20.054  5910  5910 D cellinfo: Instantaneous GPS information: United States, Dwight D. Eisenhower Hwy, Northglenn, CO 80234, USA
08-10 23:26:20.054  5910  5910 D cellinfo: getCurrentLocation() result: Location (success): 39.913635, -104.9900157
08-10 23:26:20.110  5910  5910 D cellinfo: onCellInfoChanged: Operator: T-Mobile UpdateTimestamp: 19301146 CellConnectionStatus: 0
08-10 23:26:20.111  5910  5910 D cellinfo: onCellInfoChanged: LTE Cell Bands: [2] Bandwidth: 15000 Cell ID: 5703435 Physical Cell ID: 125 Tracking Area Code: 41463 EARFCN: 875
08-10 23:26:20.245  5910  5982 D cellinfo: 46 bytes from 44.241.174.93: icmp_seq=8598 ttl=42 time=46.0 ms
08-10 23:26:20.438  5910  5982 D cellinfo: 46 bytes from 44.241.174.93: icmp_seq=8599 ttl=42 time=37.5 ms
08-10 23:26:20.650  5910  5982 D cellinfo: 46 bytes from 44.241.174.93: icmp_seq=8600 ttl=42 time=48.3 ms
08-10 23:26:20.858  5910  5982 D cellinfo: 46 bytes from 44.241.174.93: icmp_seq=8601 ttl=42 time=55.4 ms
08-10 23:26:21.061  5910  5982 D cellinfo: 46 bytes from 44.241.174.93: icmp_seq=8602 ttl=42 time=57.2 ms
08-10 23:26:21.238  5910  5982 D cellinfo: 46 bytes from 44.241.174.93: icmp_seq=8603 ttl=42 time=33.2 ms
08-10 23:26:21.251  5910  5910 D cellinfo: onsignalStrengthsChanged: LTE Signal Strength info: rsrp: -67 rsrq: -11 rssi: -51 rssnr: 17
08-10 23:26:21.252  5910  5910 D cellinfo: onsignalStrengthsChanged: 5G-NR Signal Strength info: ssrsrp: -70 ssrsrq: -11 sssinr: 2147483647
08-10 23:26:21.438  5910  5982 D cellinfo: 46 bytes from 44.241.174.93: icmp_seq=8604 ttl=42 time=32.3 ms
08-10 23:26:21.538  5910  5910 D cellinfo: onsignalStrengthsChanged: LTE Signal Strength info: rsrp: -67 rsrq: -11 rssi: -51 rssnr: 17
08-10 23:26:21.538  5910  5910 D cellinfo: onsignalStrengthsChanged: 5G-NR Signal Strength info: ssrsrp: -65 ssrsrq: -11 sssinr: 2147483647
08-10 23:26:21.643  5910  5982 D cellinfo: 46 bytes from 44.241.174.93: icmp_seq=8605 ttl=42 time=36.6 ms
08-10 23:26:21.860  5910  5982 D cellinfo: 46 bytes from 44.241.174.93: icmp_seq=8606 ttl=42 time=53.4 ms
08-10 23:26:22.043  5910  5982 D cellinfo: 46 bytes from 44.241.174.93: icmp_seq=8607 ttl=42 time=35.2 ms
08-10 23:26:22.248  5910  5982 D cellinfo: 46 bytes from 44.241.174.93: icmp_seq=8608 ttl=42 time=39.1 ms
08-10 23:26:22.443  5910  5982 D cellinfo: 46 bytes from 44.241.174.93: icmp_seq=8609 ttl=42 time=33.6 ms
08-10 23:26:22.648  5910  5982 D cellinfo: 46 bytes from 44.241.174.93: icmp_seq=8610 ttl=42 time=38.6 ms
08-10 23:26:22.846  5910  5982 D cellinfo: 46 bytes from 44.241.174.93: icmp_seq=8611 ttl=42 time=35.7 ms
08-10 23:26:23.050  5910  5982 D cellinfo: 46 bytes from 44.241.174.93: icmp_seq=8612 ttl=42 time=40.1 ms
08-10 23:26:23.249  5910  5982 D cellinfo: 46 bytes from 44.241.174.93: icmp_seq=8613 ttl=42 time=37.5 ms
08-10 23:26:23.313  5910  5910 D cellinfo: Latitude is 39.9133288
08-10 23:26:23.313  5910  5910 D cellinfo: Longitude is -104.9901295
08-10 23:26:23.313  5910  5910 D cellinfo: Instantaneous GPS information: United States, Dwight D. Eisenhower Hwy, Northglenn, CO 80234, USA
08-10 23:26:23.313  5910  5910 D cellinfo: getCurrentLocation() result: Location (success): 39.9133288, -104.9901295
08-10 23:26:23.315  5910  5910 D cellinfo: onCellInfoChanged: Operator: T-Mobile UpdateTimestamp: 19304132 CellConnectionStatus: 0
08-10 23:26:23.315  5910  5910 D cellinfo: onCellInfoChanged: LTE Cell Bands: [2] Bandwidth: 15000 Cell ID: 5703435 Physical Cell ID: 125 Tracking Area Code: 41463 EARFCN: 875
08-10 23:26:23.448  5910  5982 D cellinfo: 46 bytes from 44.241.174.93: icmp_seq=8614 ttl=42 time=35.6 ms
08-10 23:26:23.649  5910  5982 D cellinfo: 46 bytes from 44.241.174.93: icmp_seq=8615 ttl=42 time=36.6 ms
08-10 23:26:23.790  5910  5910 D cellinfo: onServiceStateChanged: Channel Number: 875 Cell Bandwidths: [15000]
08-10 23:26:23.873  5910  5982 D cellinfo: 46 bytes from 44.241.174.93: icmp_seq=8616 ttl=42 time=60.1 ms
08-10 23:26:24.047  5910  5982 D cellinfo: 46 bytes from 44.241.174.93: icmp_seq=8617 ttl=42 time=33.1 ms
08-10 23:26:24.215  5910  5910 D cellinfo: onsignalStrengthsChanged: LTE Signal Strength info: rsrp: -67 rsrq: -11 rssi: -51 rssnr: 17
08-10 23:26:24.215  5910  5910 D cellinfo: onsignalStrengthsChanged: 5G-NR Signal Strength info: ssrsrp: -72 ssrsrq: -11 sssinr: 28
08-10 23:26:24.308  5910  5982 D cellinfo: 46 bytes from 44.241.174.93: icmp_seq=8618 ttl=42 time=92.6 ms
08-10 23:26:24.453  5910  5982 D cellinfo: 46 bytes from 44.241.174.93: icmp_seq=8619 ttl=42 time=37.1 ms
08-10 23:26:24.539  5910  5910 D cellinfo: onsignalStrengthsChanged: LTE Signal Strength info: rsrp: -67 rsrq: -11 rssi: -51 rssnr: 17
08-10 23:26:24.539  5910  5910 D cellinfo: onsignalStrengthsChanged: 5G-NR Signal Strength info: ssrsrp: -72 ssrsrq: -11 sssinr: 2147483647
08-10 23:26:24.653  5910  5982 D cellinfo: 46 bytes from 44.241.174.93: icmp_seq=8620 ttl=42 time=36.9 ms
08-10 23:26:24.853  5910  5982 D cellinfo: 46 bytes from 44.241.174.93: icmp_seq=8621 ttl=42 time=36.4 ms
08-10 23:26:25.062  5910  5982 D cellinfo: 46 bytes from 44.241.174.93: icmp_seq=8622 ttl=42 time=44.2 ms
08-10 23:26:25.174  5910  5910 D cellinfo: onsignalStrengthsChanged: LTE Signal Strength info: rsrp: -69 rsrq: -12 rssi: -51 rssnr: 10
08-10 23:26:25.174  5910  5910 D cellinfo: onsignalStrengthsChanged: 5G-NR Signal Strength info: ssrsrp: -72 ssrsrq: -11 sssinr: 2147483647
08-10 23:26:25.255  5910  5982 D cellinfo: 46 bytes from 44.241.174.93: icmp_seq=8623 ttl=42 time=36.3 ms
08-10 23:26:25.455  5910  5982 D cellinfo: 46 bytes from 44.241.174.93: icmp_seq=8624 ttl=42 time=35.3 ms
08-10 23:26:25.658  5910  5982 D cellinfo: 46 bytes from 44.241.174.93: icmp_seq=8625 ttl=42 time=36.6 ms
08-10 23:26:25.863  5910  5982 D cellinfo: 46 bytes from 44.241.174.93: icmp_seq=8626 ttl=42 time=40.6 ms
08-10 23:26:26.057  5910  5982 D cellinfo: 46 bytes from 44.241.174.93: icmp_seq=8627 ttl=42 time=34.8 ms
08-10 23:26:26.265  5910  5982 D cellinfo: 46 bytes from 44.241.174.93: icmp_seq=8628 ttl=42 time=42.0 ms
08-10 23:26:26.318  5910  5910 D cellinfo: Latitude is 39.9126629
08-10 23:26:26.318  5910  5910 D cellinfo: Longitude is -104.9903783
08-10 23:26:26.318  5910  5910 D cellinfo: Instantaneous GPS information: United States, 350 W 120th Ave, Northglenn, CO 80234, USA
08-10 23:26:26.319  5910  5910 D cellinfo: getCurrentLocation() result: Location (success): 39.9126629, -104.9903783
08-10 23:26:26.322  5910  5910 D cellinfo: onCellInfoChanged: Operator: T-Mobile UpdateTimestamp: 19307144 CellConnectionStatus: 0
08-10 23:26:26.322  5910  5910 D cellinfo: onCellInfoChanged: LTE Cell Bands: [2] Bandwidth: 15000 Cell ID: 5703440 Physical Cell ID: 279 Tracking Area Code: 41463 EARFCN: 875
08-10 23:26:26.458  5910  5982 D cellinfo: 46 bytes from 44.241.174.93: icmp_seq=8629 ttl=42 time=33.7 ms
08-10 23:26:26.661  5910  5982 D cellinfo: 46 bytes from 44.241.174.93: icmp_seq=8630 ttl=42 time=36.5 ms
08-10 23:26:26.865  5910  5982 D cellinfo: 46 bytes from 44.241.174.93: icmp_seq=8631 ttl=42 time=39.6 ms
08-10 23:26:27.065  5910  5982 D cellinfo: 46 bytes from 44.241.174.93: icmp_seq=8632 ttl=42 time=39.0 ms
08-10 23:26:27.263  5910  5982 D cellinfo: 46 bytes from 44.241.174.93: icmp_seq=8633 ttl=42 time=36.0 ms
08-10 23:26:27.465  5910  5982 D cellinfo: 46 bytes from 44.241.174.93: icmp_seq=8634 ttl=42 time=37.8 ms
08-10 23:26:27.539  5910  5910 D cellinfo: onsignalStrengthsChanged: LTE Signal Strength info: rsrp: -69 rsrq: -12 rssi: -51 rssnr: 10
08-10 23:26:27.539  5910  5910 D cellinfo: onsignalStrengthsChanged: 5G-NR Signal Strength info: ssrsrp: -66 ssrsrq: -11 sssinr: 2147483647
08-10 23:26:27.670  5910  5982 D cellinfo: 46 bytes from 44.241.174.93: icmp_seq=8635 ttl=42 time=42.4 ms
08-10 23:26:27.867  5910  5982 D cellinfo: 46 bytes from 44.241.174.93: icmp_seq=8636 ttl=42 time=38.5 ms
08-10 23:26:27.971  5910  5910 D cellinfo: onsignalStrengthsChanged: LTE Signal Strength info: rsrp: -72 rsrq: -12 rssi: -51 rssnr: 17
08-10 23:26:27.972  5910  5910 D cellinfo: onsignalStrengthsChanged: 5G-NR Signal Strength info: ssrsrp: -66 ssrsrq: -11 sssinr: 2147483647
08-10 23:26:28.065  5910  5982 D cellinfo: 46 bytes from 44.241.174.93: icmp_seq=8637 ttl=42 time=34.8 ms
08-10 23:26:28.270  5910  5982 D cellinfo: 46 bytes from 44.241.174.93: icmp_seq=8638 ttl=42 time=39.6 ms
08-10 23:26:28.468  5910  5982 D cellinfo: 46 bytes from 44.241.174.93: icmp_seq=8639 ttl=42 time=36.5 ms
08-10 23:26:28.673  5910  5982 D cellinfo: 46 bytes from 44.241.174.93: icmp_seq=8640 ttl=42 time=40.2 ms
08-10 23:26:28.872  5910  5982 D cellinfo: 46 bytes from 44.241.174.93: icmp_seq=8641 ttl=42 time=38.5 ms
08-10 23:26:29.082  5910  5982 D cellinfo: 46 bytes from 44.241.174.93: icmp_seq=8642 ttl=42 time=46.8 ms
08-10 23:26:29.272  5910  5982 D cellinfo: 46 bytes from 44.241.174.93: icmp_seq=8643 ttl=42 time=36.4 ms
08-10 23:26:29.352  5910  5910 D cellinfo: Latitude is 39.9123424
08-10 23:26:29.352  5910  5910 D cellinfo: Longitude is -104.9904978
08-10 23:26:29.352  5910  5910 D cellinfo: Instantaneous GPS information: United States, Dwight D. Eisenhower Hwy, Northglenn, CO 80233, USA
08-10 23:26:29.352  5910  5910 D cellinfo: getCurrentLocation() result: Location (success): 39.9123424, -104.9904978
08-10 23:26:29.354  5910  5910 D cellinfo: onCellInfoChanged: Operator: T-Mobile UpdateTimestamp: 19310165 CellConnectionStatus: 0
08-10 23:26:29.354  5910  5910 D cellinfo: onCellInfoChanged: LTE Cell Bands: [2] Bandwidth: 15000 Cell ID: 5703440 Physical Cell ID: 279 Tracking Area Code: 41463 EARFCN: 875
08-10 23:26:29.472  5910  5982 D cellinfo: 46 bytes from 44.241.174.93: icmp_seq=8644 ttl=42 time=35.2 ms
08-10 23:26:29.676  5910  5982 D cellinfo: 46 bytes from 44.241.174.93: icmp_seq=8645 ttl=42 time=37.1 ms
08-10 23:26:29.881  5910  5982 D cellinfo: 46 bytes from 44.241.174.93: icmp_seq=8646 ttl=42 time=41.7 ms
08-10 23:26:30.080  5910  5982 D cellinfo: 46 bytes from 44.241.174.93: icmp_seq=8647 ttl=42 time=40.3 ms
08-10 23:26:30.213  5910  5910 D cellinfo: onsignalStrengthsChanged: LTE Signal Strength info: rsrp: -72 rsrq: -15 rssi: -51 rssnr: 16
08-10 23:26:30.213  5910  5910 D cellinfo: onsignalStrengthsChanged: 5G-NR Signal Strength info: ssrsrp: -66 ssrsrq: -11 sssinr: 2147483647
08-10 23:26:30.280  5910  5982 D cellinfo: 46 bytes from 44.241.174.93: icmp_seq=8648 ttl=42 time=38.7 ms
08-10 23:26:30.481  5910  5982 D cellinfo: 46 bytes from 44.241.174.93: icmp_seq=8649 ttl=42 time=39.7 ms
08-10 23:26:30.538  5910  5910 D cellinfo: onsignalStrengthsChanged: LTE Signal Strength info: rsrp: -72 rsrq: -15 rssi: -51 rssnr: 16
08-10 23:26:30.538  5910  5910 D cellinfo: onsignalStrengthsChanged: 5G-NR Signal Strength info: ssrsrp: -61 ssrsrq: -11 sssinr: 2147483647
08-10 23:26:30.681  5910  5982 D cellinfo: 46 bytes from 44.241.174.93: icmp_seq=8650 ttl=42 time=39.4 ms
08-10 23:26:30.883  5910  5982 D cellinfo: 46 bytes from 44.241.174.93: icmp_seq=8651 ttl=42 time=39.1 ms
08-10 23:26:31.088  5910  5982 D cellinfo: 46 bytes from 44.241.174.93: icmp_seq=8652 ttl=42 time=43.1 ms
08-10 23:26:31.283  5910  5982 D cellinfo: 46 bytes from 44.241.174.93: icmp_seq=8653 ttl=42 time=37.4 ms
08-10 23:26:31.485  5910  5982 D cellinfo: 46 bytes from 44.241.174.93: icmp_seq=8654 ttl=42 time=38.1 ms
08-10 23:26:31.686  5910  5982 D cellinfo: 46 bytes from 44.241.174.93: icmp_seq=8655 ttl=42 time=38.1 ms
08-10 23:26:31.886  5910  5982 D cellinfo: 46 bytes from 44.241.174.93: icmp_seq=8656 ttl=42 time=37.2 ms
08-10 23:26:32.090  5910  5982 D cellinfo: 46 bytes from 44.241.174.93: icmp_seq=8657 ttl=42 time=40.3 ms
08-10 23:26:32.107  5910  5910 D cellinfo: onCellInfoChanged: Operator: T-Mobile UpdateTimestamp: 19313142 CellConnectionStatus: 0
08-10 23:26:32.107  5910  5910 D cellinfo: onCellInfoChanged: LTE Cell Bands: [2] Bandwidth: 15000 Cell ID: 5703440 Physical Cell ID: 279 Tracking Area Code: 41463 EARFCN: 875
08-10 23:26:32.292  5910  5982 D cellinfo: 46 bytes from 44.241.174.93: icmp_seq=8658 ttl=42 time=41.9 ms
08-10 23:26:32.310  5910  5910 D cellinfo: onServiceStateChanged: Channel Number: 875 Cell Bandwidths: [15000]
08-10 23:26:32.449  5910  5910 D cellinfo: onsignalStrengthsChanged: LTE Signal Strength info: rsrp: -75 rsrq: -10 rssi: -51 rssnr: 16
08-10 23:26:32.449  5910  5910 D cellinfo: onsignalStrengthsChanged: 5G-NR Signal Strength info: ssrsrp: -61 ssrsrq: -11 sssinr: 2147483647
08-10 23:26:32.492  5910  5982 D cellinfo: 46 bytes from 44.241.174.93: icmp_seq=8659 ttl=42 time=41.2 ms
08-10 23:26:32.694  5910  5982 D cellinfo: 46 bytes from 44.241.174.93: icmp_seq=8660 ttl=42 time=42.7 ms
08-10 23:26:32.898  5910  5982 D cellinfo: 46 bytes from 44.241.174.93: icmp_seq=8661 ttl=42 time=45.2 ms
08-10 23:26:33.095  5910  5982 D cellinfo: 46 bytes from 44.241.174.93: icmp_seq=8662 ttl=42 time=41.1 ms
08-10 23:26:33.294  5910  5982 D cellinfo: 46 bytes from 44.241.174.93: icmp_seq=8663 ttl=42 time=38.5 ms
08-10 23:26:33.415  5910  5910 D cellinfo: Latitude is 39.9099127
08-10 23:26:33.415  5910  5910 D cellinfo: Longitude is -104.9911294
08-10 23:26:33.415  5910  5910 D cellinfo: Instantaneous GPS information: United States, 11750 Acoma St, Northglenn, CO 80234, USA
08-10 23:26:33.415  5910  5910 D cellinfo: getCurrentLocation() result: Location (success): 39.9099127, -104.9911294
08-10 23:26:33.502  5910  5982 D cellinfo: 46 bytes from 44.241.174.93: icmp_seq=8664 ttl=42 time=46.3 ms
08-10 23:26:33.537  5910  5910 D cellinfo: onsignalStrengthsChanged: LTE Signal Strength info: rsrp: -75 rsrq: -10 rssi: -51 rssnr: 16
08-10 23:26:33.537  5910  5910 D cellinfo: onsignalStrengthsChanged: 5G-NR Signal Strength info: ssrsrp: -59 ssrsrq: -11 sssinr: 2147483647
08-10 23:26:33.695  5910  5982 D cellinfo: 46 bytes from 44.241.174.93: icmp_seq=8665 ttl=42 time=38.6 ms
08-10 23:26:33.900  5910  5982 D cellinfo: 46 bytes from 44.241.174.93: icmp_seq=8666 ttl=42 time=43.4 ms
08-10 23:26:34.096  5910  5982 D cellinfo: 46 bytes from 44.241.174.93: icmp_seq=8667 ttl=42 time=37.5 ms
08-10 23:26:34.174  5910  5910 D cellinfo: onsignalStrengthsChanged: LTE Signal Strength info: rsrp: -75 rsrq: -9 rssi: -51 rssnr: 5
08-10 23:26:34.174  5910  5910 D cellinfo: onsignalStrengthsChanged: 5G-NR Signal Strength info: ssrsrp: -59 ssrsrq: -11 sssinr: 2147483647
08-10 23:26:34.305  5910  5982 D cellinfo: 46 bytes from 44.241.174.93: icmp_seq=8668 ttl=42 time=45.3 ms
08-10 23:26:34.503  5910  5982 D cellinfo: 46 bytes from 44.241.174.93: icmp_seq=8669 ttl=42 time=42.1 ms
08-10 23:26:34.708  5910  5982 D cellinfo: 46 bytes from 44.241.174.93: icmp_seq=8670 ttl=42 time=46.3 ms
08-10 23:26:34.905  5910  5982 D cellinfo: 46 bytes from 44.241.174.93: icmp_seq=8671 ttl=42 time=42.5 ms
08-10 23:26:35.056  5910  5910 D cellinfo: Latitude is 39.9099127
08-10 23:26:35.057  5910  5910 D cellinfo: Longitude is -104.9911294
08-10 23:26:35.057  5910  5910 D cellinfo: Instantaneous GPS information: United States, 11750 Acoma St, Northglenn, CO 80234, USA
08-10 23:26:35.057  5910  5910 D cellinfo: getCurrentLocation() result: Location (success): 39.9099127, -104.9911294
08-10 23:26:35.102  5910  5982 D cellinfo: 46 bytes from 44.241.174.93: icmp_seq=8672 ttl=42 time=38.4 ms
08-10 23:26:35.115  5910  5910 D cellinfo: onCellInfoChanged: Operator: T-Mobile UpdateTimestamp: 19316139 CellConnectionStatus: 0
08-10 23:26:35.115  5910  5910 D cellinfo: onCellInfoChanged: LTE Cell Bands: [2] Bandwidth: 15000 Cell ID: 5703437 Physical Cell ID: 202 Tracking Area Code: 41463 EARFCN: 875
08-10 23:26:35.306  5910  5982 D cellinfo: 46 bytes from 44.241.174.93: icmp_seq=8673 ttl=42 time=40.9 ms
08-10 23:26:35.505  5910  5982 D cellinfo: 46 bytes from 44.241.174.93: icmp_seq=8674 ttl=42 time=39.2 ms
08-10 23:26:35.710  5910  5982 D cellinfo: 46 bytes from 44.241.174.93: icmp_seq=8675 ttl=42 time=43.2 ms
08-10 23:26:35.907  5910  5982 D cellinfo: 46 bytes from 44.241.174.93: icmp_seq=8676 ttl=42 time=39.3 ms
08-10 23:26:36.111  5910  5982 D cellinfo: 46 bytes from 44.241.174.93: icmp_seq=8677 ttl=42 time=41.8 ms
08-10 23:26:36.315  5910  5982 D cellinfo: 46 bytes from 44.241.174.93: icmp_seq=8678 ttl=42 time=45.4 ms
08-10 23:26:36.513  5910  5982 D cellinfo: 46 bytes from 44.241.174.93: icmp_seq=8679 ttl=42 time=41.4 ms
08-10 23:26:36.546  5910  5910 D cellinfo: onsignalStrengthsChanged: LTE Signal Strength info: rsrp: -75 rsrq: -9 rssi: -51 rssnr: 5
08-10 23:26:36.546  5910  5910 D cellinfo: onsignalStrengthsChanged: 5G-NR Signal Strength info: ssrsrp: -66 ssrsrq: -11 sssinr: 2147483647
08-10 23:26:36.718  5910  5982 D cellinfo: 46 bytes from 44.241.174.93: icmp_seq=8680 ttl=42 time=45.7 ms
08-10 23:26:36.915  5910  5982 D cellinfo: 46 bytes from 44.241.174.93: icmp_seq=8681 ttl=42 time=42.3 ms
08-10 23:26:36.935  5910  5910 D cellinfo: onsignalStrengthsChanged: LTE Signal Strength info: rsrp: -72 rsrq: -9 rssi: -51 rssnr: 19
08-10 23:26:36.935  5910  5910 D cellinfo: onsignalStrengthsChanged: 5G-NR Signal Strength info: ssrsrp: -66 ssrsrq: -11 sssinr: 2147483647
08-10 23:26:37.116  5910  5982 D cellinfo: 46 bytes from 44.241.174.93: icmp_seq=8682 ttl=42 time=41.9 ms
08-10 23:26:37.321  5910  5982 D cellinfo: 46 bytes from 44.241.174.93: icmp_seq=8683 ttl=42 time=46.6 ms
08-10 23:26:37.515  5910  5982 D cellinfo: 46 bytes from 44.241.174.93: icmp_seq=8684 ttl=42 time=40.4 ms
08-10 23:26:37.717  5910  5982 D cellinfo: 46 bytes from 44.241.174.93: icmp_seq=8685 ttl=42 time=41.1 ms
08-10 23:26:37.917  5910  5982 D cellinfo: 46 bytes from 44.241.174.93: icmp_seq=8686 ttl=42 time=39.9 ms
08-10 23:26:38.118  5910  5982 D cellinfo: 46 bytes from 44.241.174.93: icmp_seq=8687 ttl=42 time=40.2 ms
08-10 23:26:38.323  5910  5982 D cellinfo: 46 bytes from 44.241.174.93: icmp_seq=8688 ttl=42 time=44.0 ms
08-10 23:26:38.330  5910  5910 D cellinfo: Latitude is 39.9095074
08-10 23:26:38.330  5910  5910 D cellinfo: Longitude is -104.9911572
08-10 23:26:38.330  5910  5910 D cellinfo: Instantaneous GPS information: United States, 11730 Acoma St, Northglenn, CO 80234, USA
08-10 23:26:38.330  5910  5910 D cellinfo: getCurrentLocation() result: Location (success): 39.9095074, -104.9911572
08-10 23:26:38.332  5910  5910 D cellinfo: onCellInfoChanged: Operator: T-Mobile UpdateTimestamp: 19319150 CellConnectionStatus: 0
08-10 23:26:38.332  5910  5910 D cellinfo: onCellInfoChanged: LTE Cell Bands: [2] Bandwidth: 15000 Cell ID: 5703437 Physical Cell ID: 202 Tracking Area Code: 41463 EARFCN: 875
08-10 23:26:38.525  5910  5982 D cellinfo: 46 bytes from 44.241.174.93: icmp_seq=8689 ttl=42 time=45.2 ms
08-10 23:26:38.722  5910  5982 D cellinfo: 46 bytes from 44.241.174.93: icmp_seq=8690 ttl=42 time=40.4 ms
