08-10 22:00:57.990 26036 27626 D cellinfo: 46 bytes from 44.241.174.93: icmp_seq=107 ttl=44 time=51.4 ms
08-10 22:00:58.200 26036 27626 D cellinfo: 46 bytes from 44.241.174.93: icmp_seq=108 ttl=44 time=60.9 ms
08-10 22:00:58.524 26036 27626 D cellinfo: 46 bytes from 44.241.174.93: icmp_seq=109 ttl=44 time=183 ms
08-10 22:00:58.712 26036 27626 D cellinfo: 46 bytes from 44.241.174.93: icmp_seq=110 ttl=44 time=169 ms
08-10 22:00:58.828 26036 27626 D cellinfo: 46 bytes from 44.241.174.93: icmp_seq=111 ttl=44 time=84.6 ms
08-10 22:00:58.878 26036 26036 D cellinfo: Latitude is 40.9753885
08-10 22:00:58.878 26036 26036 D cellinfo: Longitude is -105.3853303
08-10 22:00:58.878 26036 26036 D cellinfo: Instantaneous GPS information: United States, 33000-33694 US-287, Livermore, CO 80536, USA
08-10 22:00:58.878 26036 26036 D cellinfo: getCurrentLocation() result: Location (success): 40.9753885, -105.3853303
08-10 22:00:58.881 26036 26036 D cellinfo: onCellInfoChanged: Operator: T-Mobile UpdateTimestamp: 14179191 CellConnectionStatus: 0
08-10 22:00:58.882 26036 26036 D cellinfo: onCellInfoChanged: LTE Cell Bands: [2] Bandwidth: 15000 Cell ID: 7915531 Physical Cell ID: 456 Tracking Area Code: 41465 EARFCN: 875
08-10 22:00:59.143 26036 27626 D cellinfo: 46 bytes from 44.241.174.93: icmp_seq=112 ttl=44 time=198 ms
08-10 22:00:59.274 26036 27626 D cellinfo: 46 bytes from 44.241.174.93: icmp_seq=113 ttl=44 time=130 ms
08-10 22:00:59.468 26036 27626 D cellinfo: 46 bytes from 44.241.174.93: icmp_seq=114 ttl=44 time=121 ms
08-10 22:00:59.593 26036 26036 D cellinfo: Latitude is 40.9752408
08-10 22:00:59.593 26036 26036 D cellinfo: Longitude is -105.3851827
08-10 22:00:59.593 26036 26036 D cellinfo: Instantaneous GPS information: United States, 33000-33694 US-287, Livermore, CO 80536, USA
08-10 22:00:59.593 26036 26036 D cellinfo: getCurrentLocation() result: Location (success): 40.9752408, -105.3851827
08-10 22:00:59.614 26036 26036 D cellinfo: Latitude is 40.9752408
08-10 22:00:59.614 26036 26036 D cellinfo: Longitude is -105.3851827
08-10 22:00:59.614 26036 26036 D cellinfo: Instantaneous GPS information: United States, 33000-33694 US-287, Livermore, CO 80536, USA
08-10 22:00:59.614 26036 26036 D cellinfo: getCurrentLocation() result: Location (success): 40.9752408, -105.3851827
08-10 22:00:59.622 26036 27626 D cellinfo: 46 bytes from 44.241.174.93: icmp_seq=115 ttl=44 time=74.7 ms
08-10 22:00:59.822 26036 27626 D cellinfo: 46 bytes from 44.241.174.93: icmp_seq=116 ttl=44 time=73.6 ms
08-10 22:01:00.021 26036 27626 D cellinfo: 46 bytes from 44.241.174.93: icmp_seq=117 ttl=44 time=71.8 ms
08-10 22:01:00.248 26036 27626 D cellinfo: 46 bytes from 44.241.174.93: icmp_seq=118 ttl=44 time=97.2 ms
08-10 22:01:00.405 26036 27626 D cellinfo: 46 bytes from 44.241.174.93: icmp_seq=119 ttl=44 time=52.5 ms
08-10 22:01:00.616 26036 26036 D cellinfo: Latitude is 40.9751798
08-10 22:01:00.616 26036 26036 D cellinfo: Longitude is -105.3851218
08-10 22:01:00.616 26036 26036 D cellinfo: Instantaneous GPS information: United States, 33000-33694 US-287, Livermore, CO 80536, USA
08-10 22:01:00.617 26036 26036 D cellinfo: getCurrentLocation() result: Location (success): 40.9751798, -105.3851218
08-10 22:01:00.623 26036 27626 D cellinfo: 46 bytes from 44.241.174.93: icmp_seq=120 ttl=44 time=67.7 ms
08-10 22:01:00.833 26036 27626 D cellinfo: 46 bytes from 44.241.174.93: icmp_seq=121 ttl=44 time=76.9 ms
08-10 22:01:01.021 26036 27626 D cellinfo: 46 bytes from 44.241.174.93: icmp_seq=122 ttl=44 time=64.6 ms
08-10 22:01:01.222 26036 27626 D cellinfo: 46 bytes from 44.241.174.93: icmp_seq=123 ttl=44 time=65.6 ms
08-10 22:01:01.746 26036 27626 D cellinfo: 46 bytes from 44.241.174.93: icmp_seq=124 ttl=44 time=387 ms
08-10 22:01:01.750 26036 27626 D cellinfo: 46 bytes from 44.241.174.93: icmp_seq=125 ttl=44 time=187 ms
08-10 22:01:01.991 26036 27626 D cellinfo: 46 bytes from 44.241.174.93: icmp_seq=126 ttl=44 time=227 ms
08-10 22:01:02.050 26036 26036 D cellinfo: Latitude is 40.9751635
08-10 22:01:02.050 26036 26036 D cellinfo: Longitude is -105.3851054
08-10 22:01:02.050 26036 26036 D cellinfo: Instantaneous GPS information: United States, 33000-33694 US-287, Livermore, CO 80536, USA
08-10 22:01:02.050 26036 26036 D cellinfo: getCurrentLocation() result: Location (success): 40.9751635, -105.3851054
08-10 22:01:02.052 26036 26036 D cellinfo: onCellInfoChanged: Operator: T-Mobile UpdateTimestamp: 14182202 CellConnectionStatus: 0
08-10 22:01:02.052 26036 26036 D cellinfo: onCellInfoChanged: LTE Cell Bands: [2] Bandwidth: 15000 Cell ID: 7915531 Physical Cell ID: 456 Tracking Area Code: 41465 EARFCN: 875
08-10 22:01:02.052 26036 26036 D cellinfo: onsignalStrengthsChanged: LTE Signal Strength info: rsrp: -131 rsrq: -16 rssi: -93 rssnr: -1
08-10 22:01:02.065 26036 26036 D cellinfo: Latitude is 40.9751865
08-10 22:01:02.065 26036 26036 D cellinfo: Longitude is -105.3851284
08-10 22:01:02.065 26036 26036 D cellinfo: Instantaneous GPS information: United States, 33000-33694 US-287, Livermore, CO 80536, USA
08-10 22:01:02.065 26036 26036 D cellinfo: getCurrentLocation() result: Location (success): 40.9751865, -105.3851284
08-10 22:01:02.087 26036 27626 D cellinfo: 46 bytes from 44.241.174.93: icmp_seq=127 ttl=44 time=120 ms
08-10 22:01:02.272 26036 27626 D cellinfo: 46 bytes from 44.241.174.93: icmp_seq=128 ttl=44 time=105 ms
08-10 22:01:02.385 26036 26036 D cellinfo: Latitude is 40.9751865
08-10 22:01:02.385 26036 26036 D cellinfo: Longitude is -105.3851284
08-10 22:01:02.385 26036 26036 D cellinfo: Instantaneous GPS information: United States, 33000-33694 US-287, Livermore, CO 80536, USA
08-10 22:01:02.385 26036 26036 D cellinfo: getCurrentLocation() result: Location (success): 40.9751865, -105.3851284
08-10 22:01:02.462 26036 27626 D cellinfo: 46 bytes from 44.241.174.93: icmp_seq=129 ttl=44 time=94.6 ms
08-10 22:01:02.650 26036 27626 D cellinfo: 46 bytes from 44.241.174.93: icmp_seq=130 ttl=44 time=81.2 ms
08-10 22:01:02.870 26036 27626 D cellinfo: 46 bytes from 44.241.174.93: icmp_seq=131 ttl=44 time=100 ms
08-10 22:01:03.036 26036 26036 D cellinfo: Latitude is 40.9752494
08-10 22:01:03.036 26036 26036 D cellinfo: Longitude is -105.3851912
08-10 22:01:03.036 26036 26036 D cellinfo: Instantaneous GPS information: United States, 33000-33694 US-287, Livermore, CO 80536, USA
08-10 22:01:03.036 26036 26036 D cellinfo: getCurrentLocation() result: Location (success): 40.9752494, -105.3851912
08-10 22:01:03.067 26036 27626 D cellinfo: 46 bytes from 44.241.174.93: icmp_seq=132 ttl=44 time=96.2 ms
08-10 22:01:03.233 26036 27626 D cellinfo: 46 bytes from 44.241.174.93: icmp_seq=133 ttl=44 time=62.9 ms
08-10 22:01:03.462 26036 27626 D cellinfo: 46 bytes from 44.241.174.93: icmp_seq=134 ttl=44 time=91.5 ms
08-10 22:01:03.642 26036 27626 D cellinfo: 46 bytes from 44.241.174.93: icmp_seq=135 ttl=44 time=70.5 ms
08-10 22:01:03.832 26036 27626 D cellinfo: 46 bytes from 44.241.174.93: icmp_seq=136 ttl=44 time=59.4 ms
08-10 22:01:04.040 26036 27626 D cellinfo: 46 bytes from 44.241.174.93: icmp_seq=137 ttl=44 time=66.9 ms
08-10 22:01:04.265 26036 27626 D cellinfo: 46 bytes from 44.241.174.93: icmp_seq=138 ttl=44 time=91.2 ms
08-10 22:01:04.442 26036 27626 D cellinfo: 46 bytes from 44.241.174.93: icmp_seq=139 ttl=44 time=67.0 ms
08-10 22:01:04.557 26036 26036 D cellinfo: Latitude is 40.9753216
08-10 22:01:04.557 26036 26036 D cellinfo: Longitude is -105.3852632
08-10 22:01:04.557 26036 26036 D cellinfo: Instantaneous GPS information: United States, 33000-33694 US-287, Livermore, CO 80536, USA
08-10 22:01:04.557 26036 26036 D cellinfo: getCurrentLocation() result: Location (success): 40.9753216, -105.3852632
08-10 22:01:04.560 26036 26036 D cellinfo: onCellInfoChanged: Operator: T-Mobile UpdateTimestamp: 14185190 CellConnectionStatus: 0
08-10 22:01:04.560 26036 26036 D cellinfo: onCellInfoChanged: LTE Cell Bands: [2] Bandwidth: 15000 Cell ID: 7915531 Physical Cell ID: 456 Tracking Area Code: 41465 EARFCN: 875
08-10 22:01:04.675 26036 27626 D cellinfo: 46 bytes from 44.241.174.93: icmp_seq=140 ttl=44 time=99.2 ms
08-10 22:01:04.832 26036 27626 D cellinfo: 46 bytes from 44.241.174.93: icmp_seq=141 ttl=44 time=55.9 ms
08-10 22:01:05.062 26036 27626 D cellinfo: 46 bytes from 44.241.174.93: icmp_seq=142 ttl=44 time=85.3 ms
08-10 22:01:05.238 26036 27626 D cellinfo: 46 bytes from 44.241.174.93: icmp_seq=143 ttl=44 time=62.0 ms
08-10 22:01:05.462 26036 27626 D cellinfo: 46 bytes from 44.241.174.93: icmp_seq=144 ttl=44 time=85.5 ms
08-10 22:01:05.641 26036 27626 D cellinfo: 46 bytes from 44.241.174.93: icmp_seq=145 ttl=44 time=63.1 ms
08-10 22:01:05.832 26036 27626 D cellinfo: 46 bytes from 44.241.174.93: icmp_seq=146 ttl=44 time=53.9 ms
08-10 22:01:06.031 26036 27626 D cellinfo: 46 bytes from 44.241.174.93: icmp_seq=147 ttl=44 time=52.1 ms
08-10 22:01:06.229 26036 27626 D cellinfo: 46 bytes from 44.241.174.93: icmp_seq=148 ttl=44 time=50.8 ms
08-10 22:01:06.432 26036 27626 D cellinfo: 46 bytes from 44.241.174.93: icmp_seq=149 ttl=44 time=53.2 ms
08-10 22:01:06.637 26036 27626 D cellinfo: 46 bytes from 44.241.174.93: icmp_seq=150 ttl=44 time=58.2 ms
08-10 22:01:06.837 26036 27626 D cellinfo: 46 bytes from 44.241.174.93: icmp_seq=151 ttl=44 time=57.1 ms
08-10 22:01:07.072 26036 27626 D cellinfo: 46 bytes from 44.241.174.93: icmp_seq=152 ttl=44 time=91.3 ms
08-10 22:01:07.262 26036 27626 D cellinfo: 46 bytes from 44.241.174.93: icmp_seq=153 ttl=44 time=80.8 ms
08-10 22:01:07.402 26036 26036 D cellinfo: Latitude is 40.9725452
08-10 22:01:07.402 26036 26036 D cellinfo: Longitude is -105.3829956
08-10 22:01:07.402 26036 26036 D cellinfo: Instantaneous GPS information: United States, 33845 US-287, Livermore, CO 80536, USA
08-10 22:01:07.402 26036 26036 D cellinfo: getCurrentLocation() result: Location (success): 40.9725452, -105.3829956
08-10 22:01:07.425 26036 26036 D cellinfo: Latitude is 40.9725452
08-10 22:01:07.425 26036 26036 D cellinfo: Longitude is -105.3829956
08-10 22:01:07.425 26036 26036 D cellinfo: Instantaneous GPS information: United States, 33845 US-287, Livermore, CO 80536, USA
08-10 22:01:07.425 26036 26036 D cellinfo: getCurrentLocation() result: Location (success): 40.9725452, -105.3829956
08-10 22:01:07.430 26036 26036 D cellinfo: Latitude is 40.9725452
08-10 22:01:07.430 26036 26036 D cellinfo: Longitude is -105.3829956
08-10 22:01:07.430 26036 26036 D cellinfo: Instantaneous GPS information: United States, 33845 US-287, Livermore, CO 80536, USA
08-10 22:01:07.430 26036 26036 D cellinfo: getCurrentLocation() result: Location (success): 40.9725452, -105.3829956
08-10 22:01:07.435 26036 26036 D cellinfo: Latitude is 40.9725452
08-10 22:01:07.435 26036 26036 D cellinfo: Longitude is -105.3829956
08-10 22:01:07.435 26036 26036 D cellinfo: Instantaneous GPS information: United States, 33845 US-287, Livermore, CO 80536, USA
08-10 22:01:07.435 26036 26036 D cellinfo: getCurrentLocation() result: Location (success): 40.9725452, -105.3829956
08-10 22:01:07.461 26036 27626 D cellinfo: 46 bytes from 44.241.174.93: icmp_seq=154 ttl=44 time=77.7 ms
08-10 22:01:07.661 26036 27626 D cellinfo: 46 bytes from 44.241.174.93: icmp_seq=155 ttl=44 time=76.5 ms
08-10 22:01:07.873 26036 27626 D cellinfo: 46 bytes from 44.241.174.93: icmp_seq=156 ttl=44 time=87.5 ms
08-10 22:01:08.029 26036 26036 D cellinfo: Latitude is 40.9725452
08-10 22:01:08.029 26036 26036 D cellinfo: Longitude is -105.3829956
08-10 22:01:08.029 26036 26036 D cellinfo: Instantaneous GPS information: United States, 33845 US-287, Livermore, CO 80536, USA
08-10 22:01:08.029 26036 26036 D cellinfo: getCurrentLocation() result: Location (success): 40.9725452, -105.3829956
08-10 22:01:08.064 26036 27626 D cellinfo: 46 bytes from 44.241.174.93: icmp_seq=157 ttl=44 time=77.8 ms
08-10 22:01:08.072 26036 26036 D cellinfo: onCellInfoChanged: Operator: T-Mobile UpdateTimestamp: 14189107 CellConnectionStatus: 0
08-10 22:01:08.073 26036 26036 D cellinfo: onCellInfoChanged: LTE Cell Bands: [2] Bandwidth: 15000 Cell ID: 7915531 Physical Cell ID: 456 Tracking Area Code: 41465 EARFCN: 875
08-10 22:01:08.266 26036 27626 D cellinfo: 46 bytes from 44.241.174.93: icmp_seq=158 ttl=44 time=79.1 ms
08-10 22:01:08.386 26036 26036 D cellinfo: Latitude is 40.9725452
08-10 22:01:08.386 26036 26036 D cellinfo: Longitude is -105.3829956
08-10 22:01:08.386 26036 26036 D cellinfo: Instantaneous GPS information: United States, 33845 US-287, Livermore, CO 80536, USA
08-10 22:01:08.386 26036 26036 D cellinfo: getCurrentLocation() result: Location (success): 40.9725452, -105.3829956
08-10 22:01:08.439 26036 27626 D cellinfo: 46 bytes from 44.241.174.93: icmp_seq=159 ttl=44 time=51.7 ms
08-10 22:01:08.661 26036 27626 D cellinfo: 46 bytes from 44.241.174.93: icmp_seq=160 ttl=44 time=72.7 ms
08-10 22:01:08.843 26036 27626 D cellinfo: 46 bytes from 44.241.174.93: icmp_seq=161 ttl=44 time=53.5 ms
08-10 22:01:09.062 26036 27626 D cellinfo: 46 bytes from 44.241.174.93: icmp_seq=162 ttl=44 time=71.4 ms
08-10 22:01:09.245 26036 27626 D cellinfo: 46 bytes from 44.241.174.93: icmp_seq=163 ttl=44 time=53.7 ms
08-10 22:01:09.446 26036 26036 D cellinfo: Latitude is 40.9723362
08-10 22:01:09.446 26036 26036 D cellinfo: Longitude is -105.3828421
08-10 22:01:09.447 26036 26036 D cellinfo: Instantaneous GPS information: United States, 33845 US-287, Livermore, CO 80536, USA
08-10 22:01:09.447 26036 26036 D cellinfo: getCurrentLocation() result: Location (success): 40.9723362, -105.3828421
08-10 22:01:09.464 26036 27626 D cellinfo: 46 bytes from 44.241.174.93: icmp_seq=164 ttl=44 time=71.1 ms
08-10 22:01:09.666 26036 27626 D cellinfo: 46 bytes from 44.241.174.93: icmp_seq=165 ttl=44 time=71.2 ms
08-10 22:01:09.862 26036 27626 D cellinfo: 46 bytes from 44.241.174.93: icmp_seq=166 ttl=44 time=66.2 ms
08-10 22:01:10.066 26036 27626 D cellinfo: 46 bytes from 44.241.174.93: icmp_seq=167 ttl=44 time=69.8 ms
08-10 22:01:10.262 26036 27626 D cellinfo: 46 bytes from 44.241.174.93: icmp_seq=168 ttl=44 time=65.1 ms
08-10 22:01:10.466 26036 27626 D cellinfo: 46 bytes from 44.241.174.93: icmp_seq=169 ttl=44 time=67.4 ms
08-10 22:01:10.473 26036 26036 D cellinfo: Latitude is 40.9721463
08-10 22:01:10.473 26036 26036 D cellinfo: Longitude is -105.3827026
08-10 22:01:10.473 26036 26036 D cellinfo: Instantaneous GPS information: United States, 33845 US-287, Livermore, CO 80536, USA
08-10 22:01:10.473 26036 26036 D cellinfo: getCurrentLocation() result: Location (success): 40.9721463, -105.3827026
08-10 22:01:10.475 26036 26036 D cellinfo: onCellInfoChanged: Operator: T-Mobile UpdateTimestamp: 14191197 CellConnectionStatus: 0
08-10 22:01:10.475 26036 26036 D cellinfo: onCellInfoChanged: LTE Cell Bands: [2] Bandwidth: 15000 Cell ID: 7915531 Physical Cell ID: 456 Tracking Area Code: 41465 EARFCN: 875
08-10 22:01:10.650 26036 27626 D cellinfo: 46 bytes from 44.241.174.93: icmp_seq=170 ttl=44 time=50.4 ms
08-10 22:01:10.843 26036 26036 D cellinfo: onsignalStrengthsChanged: LTE Signal Strength info: rsrp: -124 rsrq: -13 rssi: -91 rssnr: 1
08-10 22:01:10.872 26036 27626 D cellinfo: 46 bytes from 44.241.174.93: icmp_seq=171 ttl=44 time=71.1 ms
08-10 22:01:11.062 26036 27626 D cellinfo: 46 bytes from 44.241.174.93: icmp_seq=172 ttl=44 time=61.4 ms
08-10 22:01:11.270 26036 27626 D cellinfo: 46 bytes from 44.241.174.93: icmp_seq=173 ttl=44 time=67.2 ms
08-10 22:01:11.367 26036 26036 D cellinfo: Latitude is 40.9719842
08-10 22:01:11.367 26036 26036 D cellinfo: Longitude is -105.3825834
08-10 22:01:11.367 26036 26036 D cellinfo: Instantaneous GPS information: United States, 33845 US-287, Livermore, CO 80536, USA
08-10 22:01:11.367 26036 26036 D cellinfo: getCurrentLocation() result: Location (success): 40.9719842, -105.3825834
08-10 22:01:11.387 26036 26036 D cellinfo: Latitude is 40.9719842
08-10 22:01:11.387 26036 26036 D cellinfo: Longitude is -105.3825834
08-10 22:01:11.387 26036 26036 D cellinfo: Instantaneous GPS information: United States, 33845 US-287, Livermore, CO 80536, USA
08-10 22:01:11.387 26036 26036 D cellinfo: getCurrentLocation() result: Location (success): 40.9719842, -105.3825834
08-10 22:01:11.469 26036 27626 D cellinfo: 46 bytes from 44.241.174.93: icmp_seq=174 ttl=44 time=65.4 ms
08-10 22:01:11.662 26036 27626 D cellinfo: 46 bytes from 44.241.174.93: icmp_seq=175 ttl=44 time=57.6 ms
08-10 22:01:11.862 26036 27626 D cellinfo: 46 bytes from 44.241.174.93: icmp_seq=176 ttl=44 time=57.1 ms
08-10 22:01:12.070 26036 27626 D cellinfo: 46 bytes from 44.241.174.93: icmp_seq=177 ttl=44 time=64.0 ms
08-10 22:01:12.279 26036 27626 D cellinfo: 46 bytes from 44.241.174.93: icmp_seq=178 ttl=44 time=71.1 ms
08-10 22:01:12.392 26036 26036 D cellinfo: Latitude is 40.9719172
08-10 22:01:12.392 26036 26036 D cellinfo: Longitude is -105.3825341
08-10 22:01:12.392 26036 26036 D cellinfo: Instantaneous GPS information: United States, 33845 US-287, Livermore, CO 80536, USA
08-10 22:01:12.392 26036 26036 D cellinfo: getCurrentLocation() result: Location (success): 40.9719172, -105.3825341
08-10 22:01:12.474 26036 27626 D cellinfo: 46 bytes from 44.241.174.93: icmp_seq=179 ttl=44 time=65.2 ms
08-10 22:01:12.669 26036 27626 D cellinfo: 46 bytes from 44.241.174.93: icmp_seq=180 ttl=44 time=59.7 ms
08-10 22:01:12.869 26036 27626 D cellinfo: 46 bytes from 44.241.174.93: icmp_seq=181 ttl=44 time=58.2 ms
08-10 22:01:13.063 26036 27626 D cellinfo: 46 bytes from 44.241.174.93: icmp_seq=182 ttl=44 time=51.4 ms
08-10 22:01:13.302 26036 27626 D cellinfo: 46 bytes from 44.241.174.93: icmp_seq=183 ttl=44 time=90.0 ms
08-10 22:01:13.413 26036 26036 D cellinfo: Latitude is 40.971895
08-10 22:01:13.413 26036 26036 D cellinfo: Longitude is -105.3825177
08-10 22:01:13.413 26036 26036 D cellinfo: Instantaneous GPS information: United States, 33845 US-287, Livermore, CO 80536, USA
08-10 22:01:13.413 26036 26036 D cellinfo: getCurrentLocation() result: Location (success): 40.971895, -105.3825177
08-10 22:01:13.416 26036 26036 D cellinfo: onCellInfoChanged: Operator: T-Mobile UpdateTimestamp: 14194187 CellConnectionStatus: 0
08-10 22:01:13.416 26036 26036 D cellinfo: onCellInfoChanged: LTE Cell Bands: [2] Bandwidth: 15000 Cell ID: 7915531 Physical Cell ID: 456 Tracking Area Code: 41465 EARFCN: 875
08-10 22:01:13.479 26036 27626 D cellinfo: 46 bytes from 44.241.174.93: icmp_seq=184 ttl=44 time=65.1 ms
08-10 22:01:13.678 26036 27626 D cellinfo: 46 bytes from 44.241.174.93: icmp_seq=185 ttl=44 time=63.5 ms
08-10 22:01:13.862 26036 27626 D cellinfo: 46 bytes from 44.241.174.93: icmp_seq=186 ttl=44 time=46.6 ms
08-10 22:01:14.028 26036 26036 D cellinfo: Latitude is 40.9719189
08-10 22:01:14.028 26036 26036 D cellinfo: Longitude is -105.3825352
08-10 22:01:14.028 26036 26036 D cellinfo: Instantaneous GPS information: United States, 33845 US-287, Livermore, CO 80536, USA
08-10 22:01:14.028 26036 26036 D cellinfo: getCurrentLocation() result: Location (success): 40.9719189, -105.3825352
08-10 22:01:14.076 26036 27626 D cellinfo: 46 bytes from 44.241.174.93: icmp_seq=187 ttl=44 time=59.6 ms
08-10 22:01:14.358 26036 27626 D cellinfo: 46 bytes from 44.241.174.93: icmp_seq=188 ttl=44 time=141 ms
08-10 22:01:14.392 26036 26036 D cellinfo: Latitude is 40.9719189
08-10 22:01:14.392 26036 26036 D cellinfo: Longitude is -105.3825352
08-10 22:01:14.392 26036 26036 D cellinfo: Instantaneous GPS information: United States, 33845 US-287, Livermore, CO 80536, USA
08-10 22:01:14.392 26036 26036 D cellinfo: getCurrentLocation() result: Location (success): 40.9719189, -105.3825352
08-10 22:01:14.478 26036 26036 D cellinfo: onServiceStateChanged: Channel Number: 5035 Cell Bandwidths: [5000]
08-10 22:01:14.483 26036 27626 D cellinfo: 46 bytes from 44.241.174.93: icmp_seq=189 ttl=44 time=65.0 ms
08-10 22:01:14.687 26036 27626 D cellinfo: 46 bytes from 44.241.174.93: icmp_seq=190 ttl=44 time=68.5 ms
08-10 22:01:14.917 26036 27626 D cellinfo: 46 bytes from 44.241.174.93: icmp_seq=191 ttl=44 time=97.9 ms
08-10 22:01:15.036 26036 26036 D cellinfo: Latitude is 40.9719828
08-10 22:01:15.036 26036 26036 D cellinfo: Longitude is -105.3825821
08-10 22:01:15.036 26036 26036 D cellinfo: Instantaneous GPS information: United States, 33845 US-287, Livermore, CO 80536, USA
08-10 22:01:15.036 26036 26036 D cellinfo: getCurrentLocation() result: Location (success): 40.9719828, -105.3825821
08-10 22:01:15.118 26036 27626 D cellinfo: 46 bytes from 44.241.174.93: icmp_seq=192 ttl=44 time=98.5 ms
08-10 22:01:15.292 26036 27626 D cellinfo: 46 bytes from 44.241.174.93: icmp_seq=193 ttl=44 time=71.2 ms
08-10 22:01:15.492 26036 27626 D cellinfo: 46 bytes from 44.241.174.93: icmp_seq=194 ttl=44 time=71.2 ms
08-10 22:01:15.686 26036 27626 D cellinfo: 46 bytes from 44.241.174.93: icmp_seq=195 ttl=44 time=63.9 ms
08-10 22:01:15.895 26036 27626 D cellinfo: 46 bytes from 44.241.174.93: icmp_seq=196 ttl=44 time=73.2 ms
08-10 22:01:16.090 26036 27626 D cellinfo: 46 bytes from 44.241.174.93: icmp_seq=197 ttl=44 time=67.4 ms
08-10 22:01:16.410 26036 27626 D cellinfo: 46 bytes from 44.241.174.93: icmp_seq=198 ttl=44 time=185 ms
08-10 22:01:16.505 26036 27626 D cellinfo: 46 bytes from 44.241.174.93: icmp_seq=199 ttl=44 time=80.0 ms
08-10 22:01:16.661 26036 26036 D cellinfo: Latitude is 40.9720571
08-10 22:01:16.661 26036 26036 D cellinfo: Longitude is -105.3826367
08-10 22:01:16.661 26036 26036 D cellinfo: Instantaneous GPS information: United States, 33845 US-287, Livermore, CO 80536, USA
08-10 22:01:16.661 26036 26036 D cellinfo: getCurrentLocation() result: Location (success): 40.9720571, -105.3826367
08-10 22:01:16.666 26036 26036 D cellinfo: onCellInfoChanged: Operator: T-Mobile UpdateTimestamp: 14197185 CellConnectionStatus: 0
08-10 22:01:16.666 26036 26036 D cellinfo: onCellInfoChanged: LTE Cell Bands: [12] Bandwidth: 5000 Cell ID: 7915541 Physical Cell ID: 186 Tracking Area Code: 41465 EARFCN: 5035
08-10 22:01:16.667 26036 26036 D cellinfo: onServiceStateChanged: Channel Number: 5035 Cell Bandwidths: [5000, 15000]
08-10 22:01:16.699 26036 27626 D cellinfo: 46 bytes from 44.241.174.93: icmp_seq=200 ttl=44 time=72.1 ms
08-10 22:01:16.845 26036 26036 D cellinfo: onsignalStrengthsChanged: LTE Signal Strength info: rsrp: -115 rsrq: -11 rssi: -85 rssnr: 10
08-10 22:01:16.884 26036 27626 D cellinfo: 46 bytes from 44.241.174.93: icmp_seq=201 ttl=44 time=56.4 ms
08-10 22:01:17.090 26036 27626 D cellinfo: 46 bytes from 44.241.174.93: icmp_seq=202 ttl=44 time=61.3 ms
08-10 22:01:17.294 26036 27626 D cellinfo: 46 bytes from 44.241.174.93: icmp_seq=203 ttl=44 time=64.7 ms
08-10 22:01:17.497 26036 27626 D cellinfo: 46 bytes from 44.241.174.93: icmp_seq=204 ttl=44 time=66.4 ms
08-10 22:01:17.701 26036 27626 D cellinfo: 46 bytes from 44.241.174.93: icmp_seq=205 ttl=44 time=70.2 ms
08-10 22:01:17.884 26036 27626 D cellinfo: 46 bytes from 44.241.174.93: icmp_seq=206 ttl=44 time=52.0 ms
08-10 22:01:18.076 26036 27626 D cellinfo: 46 bytes from 44.241.174.93: icmp_seq=207 ttl=44 time=44.2 ms
08-10 22:01:18.280 26036 27626 D cellinfo: 46 bytes from 44.241.174.93: icmp_seq=208 ttl=44 time=46.4 ms
08-10 22:01:18.467 26036 26036 D cellinfo: Latitude is 40.9695787
08-10 22:01:18.467 26036 26036 D cellinfo: Longitude is -105.3807022
08-10 22:01:18.467 26036 26036 D cellinfo: Instantaneous GPS information: United States, 32992-32996 US-287, Livermore, CO 80536, USA
08-10 22:01:18.467 26036 26036 D cellinfo: getCurrentLocation() result: Location (success): 40.9695787, -105.3807022
08-10 22:01:18.487 26036 26036 D cellinfo: Latitude is 40.9695787
08-10 22:01:18.487 26036 26036 D cellinfo: Longitude is -105.3807022
08-10 22:01:18.487 26036 26036 D cellinfo: Instantaneous GPS information: United States, 32992-32996 US-287, Livermore, CO 80536, USA
08-10 22:01:18.487 26036 26036 D cellinfo: getCurrentLocation() result: Location (success): 40.9695787, -105.3807022
08-10 22:01:18.492 26036 26036 D cellinfo: Latitude is 40.9695787
08-10 22:01:18.492 26036 26036 D cellinfo: Longitude is -105.3807022
08-10 22:01:18.492 26036 26036 D cellinfo: Instantaneous GPS information: United States, 32992-32996 US-287, Livermore, CO 80536, USA
08-10 22:01:18.492 26036 26036 D cellinfo: getCurrentLocation() result: Location (success): 40.9695787, -105.3807022
08-10 22:01:18.495 26036 27626 D cellinfo: 46 bytes from 44.241.174.93: icmp_seq=209 ttl=44 time=58.2 ms
08-10 22:01:18.716 26036 27626 D cellinfo: 46 bytes from 44.241.174.93: icmp_seq=210 ttl=44 time=79.0 ms
08-10 22:01:18.916 26036 27626 D cellinfo: 46 bytes from 44.241.174.93: icmp_seq=211 ttl=44 time=78.5 ms
08-10 22:01:19.097 26036 27626 D cellinfo: 46 bytes from 44.241.174.93: icmp_seq=212 ttl=44 time=58.0 ms
08-10 22:01:19.102 26036 26036 D cellinfo: Latitude is 40.9695787
08-10 22:01:19.102 26036 26036 D cellinfo: Longitude is -105.3807022
08-10 22:01:19.102 26036 26036 D cellinfo: Instantaneous GPS information: United States, 32992-32996 US-287, Livermore, CO 80536, USA
08-10 22:01:19.102 26036 26036 D cellinfo: getCurrentLocation() result: Location (success): 40.9695787, -105.3807022
08-10 22:01:19.156 26036 26036 D cellinfo: onCellInfoChanged: Operator: T-Mobile UpdateTimestamp: 14200190 CellConnectionStatus: 0
08-10 22:01:19.156 26036 26036 D cellinfo: onCellInfoChanged: LTE Cell Bands: [12] Bandwidth: 5000 Cell ID: 7915541 Physical Cell ID: 186 Tracking Area Code: 41465 EARFCN: 5035
08-10 22:01:19.297 26036 27626 D cellinfo: 46 bytes from 44.241.174.93: icmp_seq=213 ttl=44 time=57.4 ms
08-10 22:01:19.503 26036 27626 D cellinfo: 46 bytes from 44.241.174.93: icmp_seq=214 ttl=44 time=62.9 ms
08-10 22:01:19.699 26036 27626 D cellinfo: 46 bytes from 44.241.174.93: icmp_seq=215 ttl=44 time=58.4 ms
08-10 22:01:19.917 26036 27626 D cellinfo: 46 bytes from 44.241.174.93: icmp_seq=216 ttl=44 time=75.8 ms
08-10 22:01:20.107 26036 27626 D cellinfo: 46 bytes from 44.241.174.93: icmp_seq=217 ttl=44 time=65.9 ms
08-10 22:01:20.312 26036 27626 D cellinfo: 46 bytes from 44.241.174.93: icmp_seq=218 ttl=44 time=69.4 ms
08-10 22:01:20.333 26036 26036 D cellinfo: Latitude is 40.9693898
08-10 22:01:20.333 26036 26036 D cellinfo: Longitude is -105.3805397
08-10 22:01:20.333 26036 26036 D cellinfo: Instantaneous GPS information: United States, 32992-32996 US-287, Livermore, CO 80536, USA
08-10 22:01:20.333 26036 26036 D cellinfo: getCurrentLocation() result: Location (success): 40.9693898, -105.3805397
08-10 22:01:20.336 26036 26036 D cellinfo: onServiceStateChanged: Channel Number: 875 Cell Bandwidths: [15000]
08-10 22:01:20.389 26036 26036 D cellinfo: Latitude is 40.9693898
08-10 22:01:20.389 26036 26036 D cellinfo: Longitude is -105.3805397
08-10 22:01:20.389 26036 26036 D cellinfo: Instantaneous GPS information: United States, 32992-32996 US-287, Livermore, CO 80536, USA
08-10 22:01:20.389 26036 26036 D cellinfo: getCurrentLocation() result: Location (success): 40.9693898, -105.3805397
08-10 22:01:20.511 26036 27626 D cellinfo: 46 bytes from 44.241.174.93: icmp_seq=219 ttl=44 time=67.8 ms
08-10 22:01:20.708 26036 27626 D cellinfo: 46 bytes from 44.241.174.93: icmp_seq=220 ttl=44 time=64.1 ms
08-10 22:01:20.903 26036 27626 D cellinfo: 46 bytes from 44.241.174.93: icmp_seq=221 ttl=44 time=58.9 ms
08-10 22:01:21.112 26036 27626 D cellinfo: 46 bytes from 44.241.174.93: icmp_seq=222 ttl=44 time=67.1 ms
08-10 22:01:21.305 26036 27626 D cellinfo: 46 bytes from 44.241.174.93: icmp_seq=223 ttl=44 time=58.8 ms
08-10 22:01:21.325 26036 26036 D cellinfo: Latitude is 40.9692232
08-10 22:01:21.326 26036 26036 D cellinfo: Longitude is -105.3803961
08-10 22:01:21.326 26036 26036 D cellinfo: Instantaneous GPS information: United States, 32992-32996 US-287, Livermore, CO 80536, USA
08-10 22:01:21.326 26036 26036 D cellinfo: getCurrentLocation() result: Location (success): 40.9692232, -105.3803961
08-10 22:01:21.508 26036 27626 D cellinfo: 46 bytes from 44.241.174.93: icmp_seq=224 ttl=44 time=61.9 ms
08-10 22:01:21.712 26036 27626 D cellinfo: 46 bytes from 44.241.174.93: icmp_seq=225 ttl=44 time=64.8 ms
08-10 22:01:21.913 26036 27626 D cellinfo: 46 bytes from 44.241.174.93: icmp_seq=226 ttl=44 time=65.8 ms
08-10 22:01:22.117 26036 27626 D cellinfo: 46 bytes from 44.241.174.93: icmp_seq=227 ttl=44 time=69.9 ms
08-10 22:01:22.315 26036 27626 D cellinfo: 46 bytes from 44.241.174.93: icmp_seq=228 ttl=44 time=65.7 ms
08-10 22:01:22.466 26036 26036 D cellinfo: Latitude is 40.9690728
08-10 22:01:22.466 26036 26036 D cellinfo: Longitude is -105.3802665
08-10 22:01:22.466 26036 26036 D cellinfo: Instantaneous GPS information: United States, 32992-32996 US-287, Livermore, CO 80536, USA
08-10 22:01:22.466 26036 26036 D cellinfo: getCurrentLocation() result: Location (success): 40.9690728, -105.3802665
08-10 22:01:22.468 26036 26036 D cellinfo: onCellInfoChanged: Operator: T-Mobile UpdateTimestamp: 14203200 CellConnectionStatus: 0
08-10 22:01:22.468 26036 26036 D cellinfo: onCellInfoChanged: LTE Cell Bands: [2] Bandwidth: 15000 Cell ID: 7915531 Physical Cell ID: 456 Tracking Area Code: 41465 EARFCN: 875
08-10 22:01:22.543 26036 27626 D cellinfo: 46 bytes from 44.241.174.93: icmp_seq=229 ttl=44 time=92.1 ms
08-10 22:01:22.704 26036 27626 D cellinfo: 46 bytes from 44.241.174.93: icmp_seq=230 ttl=44 time=52.8 ms
08-10 22:01:22.903 26036 27626 D cellinfo: 46 bytes from 44.241.174.93: icmp_seq=231 ttl=44 time=50.8 ms
08-10 22:01:23.104 26036 27626 D cellinfo: 46 bytes from 44.241.174.93: icmp_seq=232 ttl=44 time=50.8 ms
08-10 22:01:23.266 26036 26036 D cellinfo: Latitude is 40.9689749
08-10 22:01:23.266 26036 26036 D cellinfo: Longitude is -105.3801819
08-10 22:01:23.266 26036 26036 D cellinfo: Instantaneous GPS information: United States, 32992-32996 US-287, Livermore, CO 80536, USA
08-10 22:01:23.266 26036 26036 D cellinfo: getCurrentLocation() result: Location (success): 40.9689749, -105.3801819
08-10 22:01:23.319 26036 27626 D cellinfo: 46 bytes from 44.241.174.93: icmp_seq=233 ttl=44 time=65.7 ms
08-10 22:01:23.387 26036 26036 D cellinfo: Latitude is 40.9689749
08-10 22:01:23.387 26036 26036 D cellinfo: Longitude is -105.3801819
08-10 22:01:23.387 26036 26036 D cellinfo: Instantaneous GPS information: United States, 32992-32996 US-287, Livermore, CO 80536, USA
08-10 22:01:23.387 26036 26036 D cellinfo: getCurrentLocation() result: Location (success): 40.9689749, -105.3801819
08-10 22:01:23.504 26036 27626 D cellinfo: 46 bytes from 44.241.174.93: icmp_seq=234 ttl=44 time=49.4 ms
08-10 22:01:23.703 26036 27626 D cellinfo: 46 bytes from 44.241.174.93: icmp_seq=235 ttl=44 time=48.3 ms
08-10 22:01:23.903 26036 27626 D cellinfo: 46 bytes from 44.241.174.93: icmp_seq=236 ttl=44 time=47.4 ms
08-10 22:01:24.104 26036 27626 D cellinfo: 46 bytes from 44.241.174.93: icmp_seq=237 ttl=44 time=47.5 ms
08-10 22:01:24.311 26036 27626 D cellinfo: 46 bytes from 44.241.174.93: icmp_seq=238 ttl=44 time=52.2 ms
08-10 22:01:24.378 26036 26036 D cellinfo: Latitude is 40.9689666
08-10 22:01:24.378 26036 26036 D cellinfo: Longitude is -105.3801746
08-10 22:01:24.378 26036 26036 D cellinfo: Instantaneous GPS information: United States, 32992-32996 US-287, Livermore, CO 80536, USA
08-10 22:01:24.378 26036 26036 D cellinfo: getCurrentLocation() result: Location (success): 40.9689666, -105.3801746
08-10 22:01:24.520 26036 27626 D cellinfo: 46 bytes from 44.241.174.93: icmp_seq=239 ttl=44 time=60.1 ms
08-10 22:01:24.710 26036 27626 D cellinfo: 46 bytes from 44.241.174.93: icmp_seq=240 ttl=44 time=49.3 ms
08-10 22:01:24.940 26036 27626 D cellinfo: 46 bytes from 44.241.174.93: icmp_seq=241 ttl=44 time=78.7 ms
08-10 22:01:25.045 26036 26036 D cellinfo: onServiceStateChanged: Channel Number: 5035 Cell Bandwidths: [5000]
08-10 22:01:25.131 26036 27626 D cellinfo: 46 bytes from 44.241.174.93: icmp_seq=242 ttl=44 time=69.0 ms
08-10 22:01:25.335 26036 27626 D cellinfo: 46 bytes from 44.241.174.93: icmp_seq=243 ttl=44 time=71.5 ms
08-10 22:01:25.455 26036 26036 D cellinfo: Latitude is 40.9689892
08-10 22:01:25.455 26036 26036 D cellinfo: Longitude is -105.380194
08-10 22:01:25.455 26036 26036 D cellinfo: Instantaneous GPS information: United States, 32992-32996 US-287, Livermore, CO 80536, USA
08-10 22:01:25.456 26036 26036 D cellinfo: getCurrentLocation() result: Location (success): 40.9689892, -105.380194
08-10 22:01:25.459 26036 26036 D cellinfo: onCellInfoChanged: Operator: T-Mobile UpdateTimestamp: 14206168 CellConnectionStatus: 0
08-10 22:01:25.459 26036 26036 D cellinfo: onCellInfoChanged: LTE Cell Bands: [12] Bandwidth: 5000 Cell ID: 7915541 Physical Cell ID: 186 Tracking Area Code: 41465 EARFCN: 5035
08-10 22:01:25.527 26036 27626 D cellinfo: 46 bytes from 44.241.174.93: icmp_seq=244 ttl=44 time=62.8 ms
08-10 22:01:25.731 26036 27626 D cellinfo: 46 bytes from 44.241.174.93: icmp_seq=245 ttl=44 time=65.8 ms
08-10 22:01:25.932 26036 27626 D cellinfo: 46 bytes from 44.241.174.93: icmp_seq=246 ttl=44 time=67.3 ms
08-10 22:01:26.130 26036 27626 D cellinfo: 46 bytes from 44.241.174.93: icmp_seq=247 ttl=44 time=63.4 ms
08-10 22:01:26.335 26036 27626 D cellinfo: 46 bytes from 44.241.174.93: icmp_seq=248 ttl=44 time=67.8 ms
08-10 22:01:26.495 26036 26036 D cellinfo: Latitude is 40.9690437
08-10 22:01:26.495 26036 26036 D cellinfo: Longitude is -105.3802409
08-10 22:01:26.495 26036 26036 D cellinfo: Instantaneous GPS information: United States, 32992-32996 US-287, Livermore, CO 80536, USA
08-10 22:01:26.495 26036 26036 D cellinfo: getCurrentLocation() result: Location (success): 40.9690437, -105.3802409
08-10 22:01:26.498 26036 26036 D cellinfo: onServiceStateChanged: Channel Number: 5035 Cell Bandwidths: [5000, 15000]
08-10 22:01:26.509 26036 26036 D cellinfo: Latitude is 40.9690437
08-10 22:01:26.509 26036 26036 D cellinfo: Longitude is -105.3802409
08-10 22:01:26.509 26036 26036 D cellinfo: Instantaneous GPS information: United States, 32992-32996 US-287, Livermore, CO 80536, USA
08-10 22:01:26.509 26036 26036 D cellinfo: getCurrentLocation() result: Location (success): 40.9690437, -105.3802409
08-10 22:01:26.610 26036 27626 D cellinfo: 46 bytes from 44.241.174.93: icmp_seq=249 ttl=44 time=141 ms
08-10 22:01:26.756 26036 27626 D cellinfo: 46 bytes from 44.241.174.93: icmp_seq=250 ttl=44 time=86.2 ms
08-10 22:01:26.936 26036 27626 D cellinfo: 46 bytes from 44.241.174.93: icmp_seq=251 ttl=44 time=66.0 ms
08-10 22:01:27.126 26036 27626 D cellinfo: 46 bytes from 44.241.174.93: icmp_seq=252 ttl=44 time=55.2 ms
08-10 22:01:27.450 26036 27626 D cellinfo: 46 bytes from 44.241.174.93: icmp_seq=253 ttl=44 time=178 ms
08-10 22:01:27.538 26036 27626 D cellinfo: 46 bytes from 44.241.174.93: icmp_seq=254 ttl=44 time=64.2 ms
08-10 22:01:27.656 26036 26036 D cellinfo: Latitude is 40.9691184
08-10 22:01:27.656 26036 26036 D cellinfo: Longitude is -105.3803053
08-10 22:01:27.656 26036 26036 D cellinfo: Instantaneous GPS information: United States, 32992-32996 US-287, Livermore, CO 80536, USA
08-10 22:01:27.656 26036 26036 D cellinfo: getCurrentLocation() result: Location (success): 40.9691184, -105.3803053
08-10 22:01:27.735 26036 27626 D cellinfo: 46 bytes from 44.241.174.93: icmp_seq=255 ttl=44 time=60.4 ms
08-10 22:01:27.956 26036 27626 D cellinfo: 46 bytes from 44.241.174.93: icmp_seq=256 ttl=44 time=81.1 ms
08-10 22:01:28.156 26036 27626 D cellinfo: 46 bytes from 44.241.174.93: icmp_seq=257 ttl=44 time=80.6 ms
08-10 22:01:28.357 26036 27626 D cellinfo: 46 bytes from 44.241.174.93: icmp_seq=258 ttl=44 time=79.1 ms
08-10 22:01:28.562 26036 27626 D cellinfo: 46 bytes from 44.241.174.93: icmp_seq=259 ttl=44 time=82.9 ms
08-10 22:01:28.562 26036 26036 D cellinfo: Latitude is 40.9691954
08-10 22:01:28.562 26036 26036 D cellinfo: Longitude is -105.3803717
08-10 22:01:28.562 26036 26036 D cellinfo: Instantaneous GPS information: United States, 32992-32996 US-287, Livermore, CO 80536, USA
08-10 22:01:28.562 26036 26036 D cellinfo: getCurrentLocation() result: Location (success): 40.9691954, -105.3803717
08-10 22:01:28.564 26036 26036 D cellinfo: onCellInfoChanged: Operator: T-Mobile UpdateTimestamp: 14209191 CellConnectionStatus: 0
08-10 22:01:28.564 26036 26036 D cellinfo: onCellInfoChanged: LTE Cell Bands: [12] Bandwidth: 5000 Cell ID: 7915541 Physical Cell ID: 186 Tracking Area Code: 41465 EARFCN: 5035
08-10 22:01:28.779 26036 27626 D cellinfo: 46 bytes from 44.241.174.93: icmp_seq=260 ttl=44 time=99.0 ms
08-10 22:01:28.965 26036 27626 D cellinfo: 46 bytes from 44.241.174.93: icmp_seq=261 ttl=44 time=85.0 ms
08-10 22:01:29.164 26036 27626 D cellinfo: 46 bytes from 44.241.174.93: icmp_seq=262 ttl=44 time=83.3 ms
08-10 22:01:29.396 26036 27626 D cellinfo: 46 bytes from 44.241.174.93: icmp_seq=263 ttl=44 time=114 ms
08-10 22:01:29.561 26036 27626 D cellinfo: 46 bytes from 44.241.174.93: icmp_seq=264 ttl=44 time=78.8 ms
08-10 22:01:29.756 26036 27626 D cellinfo: 46 bytes from 44.241.174.93: icmp_seq=265 ttl=44 time=74.1 ms
08-10 22:01:29.956 26036 27626 D cellinfo: 46 bytes from 44.241.174.93: icmp_seq=266 ttl=44 time=73.5 ms
08-10 22:01:30.196 26036 27626 D cellinfo: 46 bytes from 44.241.174.93: icmp_seq=267 ttl=44 time=111 ms
08-10 22:01:30.357 26036 27626 D cellinfo: 46 bytes from 44.241.174.93: icmp_seq=268 ttl=44 time=72.5 ms
08-10 22:01:30.556 26036 27626 D cellinfo: 46 bytes from 44.241.174.93: icmp_seq=269 ttl=44 time=70.5 ms
08-10 22:01:30.779 26036 27626 D cellinfo: 46 bytes from 44.241.174.93: icmp_seq=270 ttl=44 time=92.6 ms
08-10 22:01:30.967 26036 27626 D cellinfo: 46 bytes from 44.241.174.93: icmp_seq=271 ttl=44 time=79.9 ms
08-10 22:01:31.477 26036 27626 D cellinfo: 46 bytes from 44.241.174.93: icmp_seq=272 ttl=44 time=387 ms
08-10 22:01:31.519 26036 27626 D cellinfo: 46 bytes from 44.241.174.93: icmp_seq=273 ttl=44 time=226 ms
08-10 22:01:31.810 26036 27626 D cellinfo: 46 bytes from 44.241.174.93: icmp_seq=274 ttl=44 time=316 ms
08-10 22:01:31.821 26036 27626 D cellinfo: 46 bytes from 44.241.174.93: icmp_seq=275 ttl=44 time=125 ms
08-10 22:01:32.144 26036 26036 D cellinfo: Latitude is 40.9666155
08-10 22:01:32.145 26036 26036 D cellinfo: Longitude is -105.3770403
08-10 22:01:32.145 26036 26036 D cellinfo: Instantaneous GPS information: United States, 32867-32467 US-287, Livermore, CO 80536, USA
08-10 22:01:32.145 26036 26036 D cellinfo: getCurrentLocation() result: Location (success): 40.9666155, -105.3770403
08-10 22:01:32.160 26036 27626 D cellinfo: 46 bytes from 44.241.174.93: icmp_seq=276 ttl=44 time=262 ms
08-10 22:01:32.163 26036 26036 D cellinfo: Latitude is 40.9666155
08-10 22:01:32.163 26036 26036 D cellinfo: Longitude is -105.3770403
08-10 22:01:32.163 26036 26036 D cellinfo: Instantaneous GPS information: United States, 32867-32467 US-287, Livermore, CO 80536, USA
08-10 22:01:32.163 26036 26036 D cellinfo: getCurrentLocation() result: Location (success): 40.9666155, -105.3770403
08-10 22:01:32.167 26036 26036 D cellinfo: Latitude is 40.9666155
08-10 22:01:32.167 26036 26036 D cellinfo: Longitude is -105.3770403
08-10 22:01:32.167 26036 26036 D cellinfo: Instantaneous GPS information: United States, 32867-32467 US-287, Livermore, CO 80536, USA
08-10 22:01:32.167 26036 26036 D cellinfo: getCurrentLocation() result: Location (success): 40.9666155, -105.3770403
08-10 22:01:32.170 26036 26036 D cellinfo: Latitude is 40.9666155
08-10 22:01:32.170 26036 26036 D cellinfo: Longitude is -105.3770403
08-10 22:01:32.170 26036 26036 D cellinfo: Instantaneous GPS information: United States, 32867-32467 US-287, Livermore, CO 80536, USA
08-10 22:01:32.170 26036 26036 D cellinfo: getCurrentLocation() result: Location (success): 40.9666155, -105.3770403
08-10 22:01:32.171 26036 27626 D cellinfo: 46 bytes from 44.241.174.93: icmp_seq=277 ttl=44 time=72.2 ms
08-10 22:01:32.417 26036 27626 D cellinfo: 46 bytes from 44.241.174.93: icmp_seq=278 ttl=44 time=116 ms
08-10 22:01:32.965 26036 27626 D cellinfo: 46 bytes from 44.241.174.93: icmp_seq=279 ttl=44 time=463 ms
08-10 22:01:32.996 26036 27626 D cellinfo: 46 bytes from 44.241.174.93: icmp_seq=280 ttl=44 time=290 ms
08-10 22:01:33.079 26036 27626 D cellinfo: 46 bytes from 44.241.174.93: icmp_seq=281 ttl=44 time=170 ms
08-10 22:01:33.486 26036 27626 D cellinfo: 46 bytes from 44.241.174.93: icmp_seq=282 ttl=44 time=376 ms
08-10 22:01:33.522 26036 27626 D cellinfo: 46 bytes from 44.241.174.93: icmp_seq=283 ttl=44 time=209 ms
08-10 22:01:34.320 26036 27626 D cellinfo: 46 bytes from 44.241.174.93: icmp_seq=284 ttl=44 time=806 ms
08-10 22:01:34.337 26036 26036 D cellinfo: Latitude is 40.9664729
08-10 22:01:34.337 26036 26036 D cellinfo: Longitude is -105.3768342
08-10 22:01:34.337 26036 26036 D cellinfo: Instantaneous GPS information: United States, 32867-32467 US-287, Livermore, CO 80536, USA
08-10 22:01:34.337 26036 26036 D cellinfo: getCurrentLocation() result: Location (success): 40.9664729, -105.3768342
08-10 22:01:34.342 26036 26036 D cellinfo: onCellInfoChanged: Operator: T-Mobile UpdateTimestamp: 14213475 CellConnectionStatus: 0
08-10 22:01:34.342 26036 26036 D cellinfo: onCellInfoChanged: LTE Cell Bands: [12] Bandwidth: 5000 Cell ID: 7915541 Physical Cell ID: 186 Tracking Area Code: 41465 EARFCN: 5035
08-10 22:01:34.356 26036 26036 D cellinfo: Latitude is 40.9664729
08-10 22:01:34.356 26036 26036 D cellinfo: Longitude is -105.3768342
08-10 22:01:34.356 26036 26036 D cellinfo: Instantaneous GPS information: United States, 32867-32467 US-287, Livermore, CO 80536, USA
08-10 22:01:34.356 26036 26036 D cellinfo: getCurrentLocation() result: Location (success): 40.9664729, -105.3768342
08-10 22:01:34.398 26036 27626 D cellinfo: 46 bytes from 44.241.174.93: icmp_seq=285 ttl=44 time=682 ms
08-10 22:01:34.678 26036 27626 D cellinfo: 46 bytes from 44.241.174.93: icmp_seq=286 ttl=44 time=758 ms
08-10 22:01:34.759 26036 27626 D cellinfo: 46 bytes from 44.241.174.93: icmp_seq=287 ttl=44 time=636 ms
08-10 22:01:34.760 26036 27626 D cellinfo: 46 bytes from 44.241.174.93: icmp_seq=288 ttl=44 time=429 ms
08-10 22:01:35.134 26036 27626 D cellinfo: 46 bytes from 44.241.174.93: icmp_seq=289 ttl=44 time=601 ms
08-10 22:01:35.277 26036 27626 D cellinfo: 46 bytes from 44.241.174.93: icmp_seq=290 ttl=44 time=541 ms
08-10 22:01:35.325 26036 27626 D cellinfo: 46 bytes from 44.241.174.93: icmp_seq=291 ttl=44 time=388 ms
08-10 22:01:35.521 26036 27626 D cellinfo: 46 bytes from 44.241.174.93: icmp_seq=292 ttl=44 time=375 ms
08-10 22:01:35.608 26036 27626 D cellinfo: 46 bytes from 44.241.174.93: icmp_seq=293 ttl=44 time=261 ms
08-10 22:01:35.719 26036 27626 D cellinfo: 46 bytes from 44.241.174.93: icmp_seq=294 ttl=44 time=170 ms
08-10 22:01:35.841 26036 27626 D cellinfo: 46 bytes from 44.241.174.93: icmp_seq=295 ttl=44 time=89.0 ms
08-10 22:01:35.861 26036 26036 D cellinfo: Latitude is 40.9664089
08-10 22:01:35.861 26036 26036 D cellinfo: Longitude is -105.37671
08-10 22:01:35.861 26036 26036 D cellinfo: Instantaneous GPS information: United States, 32867-32467 US-287, Livermore, CO 80536, USA
08-10 22:01:35.861 26036 26036 D cellinfo: getCurrentLocation() result: Location (success): 40.9664089, -105.37671
08-10 22:01:36.039 26036 27626 D cellinfo: 46 bytes from 44.241.174.93: icmp_seq=296 ttl=44 time=85.0 ms
08-10 22:01:36.247 26036 27626 D cellinfo: 46 bytes from 44.241.174.93: icmp_seq=297 ttl=44 time=92.5 ms
08-10 22:01:36.375 26036 26036 D cellinfo: Latitude is 40.9661636
08-10 22:01:36.375 26036 26036 D cellinfo: Longitude is -105.3762462
08-10 22:01:36.375 26036 26036 D cellinfo: Instantaneous GPS information: United States, 32867-32467 US-287, Livermore, CO 80536, USA
08-10 22:01:36.376 26036 26036 D cellinfo: getCurrentLocation() result: Location (success): 40.9661636, -105.3762462
08-10 22:01:36.380 26036 26036 D cellinfo: onsignalStrengthsChanged: LTE Signal Strength info: rsrp: -125 rsrq: -15 rssi: -95 rssnr: 1
08-10 22:01:36.381 26036 26036 D cellinfo: onCellInfoChanged: Operator: T-Mobile UpdateTimestamp: 14216123 CellConnectionStatus: 0
08-10 22:01:36.382 26036 26036 D cellinfo: onCellInfoChanged: LTE Cell Bands: [12] Bandwidth: 5000 Cell ID: 7915541 Physical Cell ID: 186 Tracking Area Code: 41465 EARFCN: 5035
08-10 22:01:36.405 26036 26036 D cellinfo: Latitude is 40.9661636
08-10 22:01:36.405 26036 26036 D cellinfo: Longitude is -105.3762462
08-10 22:01:36.405 26036 26036 D cellinfo: Instantaneous GPS information: United States, 32867-32467 US-287, Livermore, CO 80536, USA
08-10 22:01:36.405 26036 26036 D cellinfo: getCurrentLocation() result: Location (success): 40.9661636, -105.3762462
08-10 22:01:36.408 26036 26036 D cellinfo: Latitude is 40.9661636
08-10 22:01:36.408 26036 26036 D cellinfo: Longitude is -105.3762462
08-10 22:01:36.408 26036 26036 D cellinfo: Instantaneous GPS information: United States, 32867-32467 US-287, Livermore, CO 80536, USA
08-10 22:01:36.408 26036 26036 D cellinfo: getCurrentLocation() result: Location (success): 40.9661636, -105.3762462
08-10 22:01:36.446 26036 27626 D cellinfo: 46 bytes from 44.241.174.93: icmp_seq=298 ttl=44 time=89.7 ms
08-10 22:01:36.664 26036 27626 D cellinfo: 46 bytes from 44.241.174.93: icmp_seq=299 ttl=44 time=104 ms
08-10 22:01:36.870 26036 26036 D cellinfo: Latitude is 40.9659851
08-10 22:01:36.870 26036 26036 D cellinfo: Longitude is -105.3758993
08-10 22:01:36.870 26036 26036 D cellinfo: Instantaneous GPS information: United States, 32867-32467 US-287, Livermore, CO 80536, USA
08-10 22:01:36.870 26036 26036 D cellinfo: getCurrentLocation() result: Location (success): 40.9659851, -105.3758993
08-10 22:01:36.879 26036 27626 D cellinfo: 46 bytes from 44.241.174.93: icmp_seq=300 ttl=44 time=117 ms
08-10 22:01:37.037 26036 27626 D cellinfo: 46 bytes from 44.241.174.93: icmp_seq=301 ttl=44 time=74.5 ms
08-10 22:01:37.248 26036 27626 D cellinfo: 46 bytes from 44.241.174.93: icmp_seq=302 ttl=44 time=85.2 ms
08-10 22:01:37.438 26036 27626 D cellinfo: 46 bytes from 44.241.174.93: icmp_seq=303 ttl=44 time=73.3 ms
08-10 22:01:37.453 26036 26036 D cellinfo: Latitude is 40.9658408
08-10 22:01:37.453 26036 26036 D cellinfo: Longitude is -105.3756055
08-10 22:01:37.453 26036 26036 D cellinfo: Instantaneous GPS information: United States, 32867-32467 US-287, Livermore, CO 80536, USA
08-10 22:01:37.453 26036 26036 D cellinfo: getCurrentLocation() result: Location (success): 40.9658408, -105.3756055
08-10 22:01:37.455 26036 26036 D cellinfo: onCellInfoChanged: Operator: T-Mobile UpdateTimestamp: 14218179 CellConnectionStatus: 0
08-10 22:01:37.455 26036 26036 D cellinfo: onCellInfoChanged: LTE Cell Bands: [12] Bandwidth: 5000 Cell ID: 7915541 Physical Cell ID: 186 Tracking Area Code: 41465 EARFCN: 5035
08-10 22:01:37.636 26036 27626 D cellinfo: 46 bytes from 44.241.174.93: icmp_seq=304 ttl=44 time=70.0 ms
08-10 22:01:37.836 26036 27626 D cellinfo: 46 bytes from 44.241.174.93: icmp_seq=305 ttl=44 time=70.3 ms
08-10 22:01:38.036 26036 27626 D cellinfo: 46 bytes from 44.241.174.93: icmp_seq=306 ttl=44 time=69.1 ms
08-10 22:01:38.237 26036 27626 D cellinfo: 46 bytes from 44.241.174.93: icmp_seq=307 ttl=44 time=69.6 ms
08-10 22:01:38.436 26036 27626 D cellinfo: 46 bytes from 44.241.174.93: icmp_seq=308 ttl=44 time=66.7 ms
08-10 22:01:38.459 26036 26036 D cellinfo: Latitude is 40.9656957
08-10 22:01:38.459 26036 26036 D cellinfo: Longitude is -105.3753097
08-10 22:01:38.459 26036 26036 D cellinfo: Instantaneous GPS information: United States, 32867-32467 US-287, Livermore, CO 80536, USA
08-10 22:01:38.459 26036 26036 D cellinfo: getCurrentLocation() result: Location (success): 40.9656957, -105.3753097
08-10 22:01:38.480 26036 26036 D cellinfo: Latitude is 40.9656957
08-10 22:01:38.480 26036 26036 D cellinfo: Longitude is -105.3753097
08-10 22:01:38.480 26036 26036 D cellinfo: Instantaneous GPS information: United States, 32867-32467 US-287, Livermore, CO 80536, USA
08-10 22:01:38.480 26036 26036 D cellinfo: getCurrentLocation() result: Location (success): 40.9656957, -105.3753097
08-10 22:01:38.647 26036 27626 D cellinfo: 46 bytes from 44.241.174.93: icmp_seq=309 ttl=44 time=76.2 ms
08-10 22:01:38.836 26036 27626 D cellinfo: 46 bytes from 44.241.174.93: icmp_seq=310 ttl=44 time=64.8 ms
08-10 22:01:39.054 26036 27626 D cellinfo: 46 bytes from 44.241.174.93: icmp_seq=311 ttl=44 time=82.4 ms
08-10 22:01:39.324 26036 27626 D cellinfo: 46 bytes from 44.241.174.93: icmp_seq=312 ttl=44 time=151 ms
08-10 22:01:39.442 26036 27626 D cellinfo: 46 bytes from 44.241.174.93: icmp_seq=313 ttl=44 time=68.5 ms
08-10 22:01:39.564 26036 26036 D cellinfo: Latitude is 40.9655754
08-10 22:01:39.564 26036 26036 D cellinfo: Longitude is -105.3750645
08-10 22:01:39.564 26036 26036 D cellinfo: Instantaneous GPS information: United States, 32867-32467 US-287, Livermore, CO 80536, USA
08-10 22:01:39.564 26036 26036 D cellinfo: getCurrentLocation() result: Location (success): 40.9655754, -105.3750645
08-10 22:01:39.662 26036 27626 D cellinfo: 46 bytes from 44.241.174.93: icmp_seq=314 ttl=44 time=87.0 ms
08-10 22:01:39.844 26036 27626 D cellinfo: 46 bytes from 44.241.174.93: icmp_seq=315 ttl=44 time=68.7 ms
08-10 22:01:40.043 26036 27626 D cellinfo: 46 bytes from 44.241.174.93: icmp_seq=316 ttl=44 time=66.5 ms
08-10 22:01:40.257 26036 27626 D cellinfo: 46 bytes from 44.241.174.93: icmp_seq=317 ttl=44 time=80.5 ms
08-10 22:01:40.482 26036 27626 D cellinfo: 46 bytes from 44.241.174.93: icmp_seq=318 ttl=44 time=103 ms
08-10 22:01:40.685 26036 27626 D cellinfo: 46 bytes from 44.241.174.93: icmp_seq=319 ttl=44 time=104 ms
08-10 22:01:40.722 26036 26036 D cellinfo: Latitude is 40.9654832
08-10 22:01:40.722 26036 26036 D cellinfo: Longitude is -105.3748768
08-10 22:01:40.722 26036 26036 D cellinfo: Instantaneous GPS information: United States, 32867-32467 US-287, Livermore, CO 80536, USA
08-10 22:01:40.722 26036 26036 D cellinfo: getCurrentLocation() result: Location (success): 40.9654832, -105.3748768
08-10 22:01:40.724 26036 26036 D cellinfo: onCellInfoChanged: Operator: T-Mobile UpdateTimestamp: 14221191 CellConnectionStatus: 0
08-10 22:01:40.724 26036 26036 D cellinfo: onCellInfoChanged: LTE Cell Bands: [12] Bandwidth: 5000 Cell ID: 7915541 Physical Cell ID: 186 Tracking Area Code: 41465 EARFCN: 5035
