08-10 23:20:30.022  5910  5982 D cellinfo: 46 bytes from 44.241.174.93: icmp_seq=6854 ttl=44 time=62.4 ms
08-10 23:20:30.209  5910  5982 D cellinfo: 46 bytes from 44.241.174.93: icmp_seq=6855 ttl=44 time=48.8 ms
08-10 23:20:30.423  5910  5982 D cellinfo: 46 bytes from 44.241.174.93: icmp_seq=6856 ttl=44 time=62.3 ms
08-10 23:20:30.609  5910  5982 D cellinfo: 46 bytes from 44.241.174.93: icmp_seq=6857 ttl=44 time=47.4 ms
08-10 23:20:30.822  5910  5982 D cellinfo: 46 bytes from 44.241.174.93: icmp_seq=6858 ttl=44 time=59.7 ms
08-10 23:20:31.009  5910  5982 D cellinfo: 46 bytes from 44.241.174.93: icmp_seq=6859 ttl=44 time=46.0 ms
08-10 23:20:31.129  5910  5910 D cellinfo: onsignalStrengthsChanged: LTE Signal Strength info: rsrp: -95 rsrq: -14 rssi: -63 rssnr: 5
08-10 23:20:31.129  5910  5910 D cellinfo: onsignalStrengthsChanged: 5G-NR Signal Strength info: ssrsrp: -97 ssrsrq: -13 sssinr: 2147483647
08-10 23:20:31.222  5910  5982 D cellinfo: 46 bytes from 44.241.174.93: icmp_seq=6860 ttl=44 time=59.2 ms
08-10 23:20:31.248  5910  5910 D cellinfo: onsignalStrengthsChanged: LTE Signal Strength info: rsrp: -95 rsrq: -14 rssi: -63 rssnr: 5
08-10 23:20:31.248  5910  5910 D cellinfo: onsignalStrengthsChanged: 5G-NR Signal Strength info: ssrsrp: -94 ssrsrq: -12 sssinr: 2147483647
08-10 23:20:31.408  5910  5982 D cellinfo: 46 bytes from 44.241.174.93: icmp_seq=6861 ttl=44 time=44.5 ms
08-10 23:20:31.621  5910  5982 D cellinfo: 46 bytes from 44.241.174.93: icmp_seq=6862 ttl=44 time=56.2 ms
08-10 23:20:31.823  5910  5982 D cellinfo: 46 bytes from 44.241.174.93: icmp_seq=6863 ttl=44 time=56.6 ms
08-10 23:20:32.021  5910  5982 D cellinfo: 46 bytes from 44.241.174.93: icmp_seq=6864 ttl=44 time=55.1 ms
08-10 23:20:32.219  5910  5982 D cellinfo: 46 bytes from 44.241.174.93: icmp_seq=6865 ttl=44 time=52.7 ms
08-10 23:20:32.391  5910  5910 D cellinfo: Latitude is 40.0120843
08-10 23:20:32.391  5910  5910 D cellinfo: Longitude is -104.9809668
08-10 23:20:32.391  5910  5910 D cellinfo: Instantaneous GPS information: United States, US-87, Erie, CO 80516, USA
08-10 23:20:32.391  5910  5910 D cellinfo: getCurrentLocation() result: Location (success): 40.0120843, -104.9809668
08-10 23:20:32.393  5910  5910 D cellinfo: onCellInfoChanged: Operator: T-Mobile UpdateTimestamp: 18953109 CellConnectionStatus: 0
08-10 23:20:32.393  5910  5910 D cellinfo: onCellInfoChanged: LTE Cell Bands: [2] Bandwidth: 15000 Cell ID: 26609163 Physical Cell ID: 186 Tracking Area Code: 41463 EARFCN: 875
08-10 23:20:32.421  5910  5982 D cellinfo: 46 bytes from 44.241.174.93: icmp_seq=6866 ttl=44 time=54.9 ms
08-10 23:20:32.621  5910  5982 D cellinfo: 46 bytes from 44.241.174.93: icmp_seq=6867 ttl=44 time=54.4 ms
08-10 23:20:32.837  5910  5982 D cellinfo: 46 bytes from 44.241.174.93: icmp_seq=6868 ttl=44 time=69.7 ms
08-10 23:20:33.010  5910  5982 D cellinfo: 46 bytes from 44.241.174.93: icmp_seq=6869 ttl=44 time=42.6 ms
08-10 23:20:33.221  5910  5982 D cellinfo: 46 bytes from 44.241.174.93: icmp_seq=6870 ttl=44 time=54.3 ms
08-10 23:20:33.422  5910  5982 D cellinfo: 46 bytes from 44.241.174.93: icmp_seq=6871 ttl=44 time=54.7 ms
08-10 23:20:33.621  5910  5982 D cellinfo: 46 bytes from 44.241.174.93: icmp_seq=6872 ttl=44 time=52.7 ms
08-10 23:20:33.821  5910  5982 D cellinfo: 46 bytes from 44.241.174.93: icmp_seq=6873 ttl=44 time=50.6 ms
08-10 23:20:34.022  5910  5982 D cellinfo: 46 bytes from 44.241.174.93: icmp_seq=6874 ttl=44 time=51.4 ms
08-10 23:20:34.046  5910  5910 D cellinfo: onsignalStrengthsChanged: LTE Signal Strength info: rsrp: -94 rsrq: -14 rssi: -63 rssnr: 7
08-10 23:20:34.046  5910  5910 D cellinfo: onsignalStrengthsChanged: 5G-NR Signal Strength info: ssrsrp: -94 ssrsrq: -12 sssinr: 2147483647
08-10 23:20:34.221  5910  5982 D cellinfo: 46 bytes from 44.241.174.93: icmp_seq=6875 ttl=44 time=50.7 ms
08-10 23:20:34.241  5910  5910 D cellinfo: onsignalStrengthsChanged: LTE Signal Strength info: rsrp: -94 rsrq: -14 rssi: -63 rssnr: 7
08-10 23:20:34.241  5910  5910 D cellinfo: onsignalStrengthsChanged: 5G-NR Signal Strength info: ssrsrp: -90 ssrsrq: -11 sssinr: 2147483647
08-10 23:20:34.423  5910  5982 D cellinfo: 46 bytes from 44.241.174.93: icmp_seq=6876 ttl=44 time=52.7 ms
08-10 23:20:34.622  5910  5982 D cellinfo: 46 bytes from 44.241.174.93: icmp_seq=6877 ttl=44 time=50.6 ms
08-10 23:20:34.822  5910  5982 D cellinfo: 46 bytes from 44.241.174.93: icmp_seq=6878 ttl=44 time=48.8 ms
08-10 23:20:35.022  5910  5982 D cellinfo: 46 bytes from 44.241.174.93: icmp_seq=6879 ttl=44 time=48.6 ms
08-10 23:20:35.221  5910  5982 D cellinfo: 46 bytes from 44.241.174.93: icmp_seq=6880 ttl=44 time=46.8 ms
08-10 23:20:35.362  5910  5910 D cellinfo: Latitude is 40.01171
08-10 23:20:35.362  5910  5910 D cellinfo: Longitude is -104.9809668
08-10 23:20:35.363  5910  5910 D cellinfo: Instantaneous GPS information: United States, US-87, Erie, CO 80516, USA
08-10 23:20:35.363  5910  5910 D cellinfo: getCurrentLocation() result: Location (success): 40.01171, -104.9809668
08-10 23:20:35.364  5910  5910 D cellinfo: onCellInfoChanged: Operator: T-Mobile UpdateTimestamp: 18956144 CellConnectionStatus: 0
08-10 23:20:35.364  5910  5910 D cellinfo: onCellInfoChanged: LTE Cell Bands: [2] Bandwidth: 15000 Cell ID: 26609163 Physical Cell ID: 186 Tracking Area Code: 41463 EARFCN: 875
08-10 23:20:35.431  5910  5982 D cellinfo: 46 bytes from 44.241.174.93: icmp_seq=6881 ttl=44 time=56.0 ms
08-10 23:20:35.622  5910  5982 D cellinfo: 46 bytes from 44.241.174.93: icmp_seq=6882 ttl=44 time=46.4 ms
08-10 23:20:35.823  5910  5982 D cellinfo: 46 bytes from 44.241.174.93: icmp_seq=6883 ttl=44 time=46.4 ms
08-10 23:20:36.023  5910  5982 D cellinfo: 46 bytes from 44.241.174.93: icmp_seq=6884 ttl=44 time=45.0 ms
08-10 23:20:36.222  5910  5982 D cellinfo: 46 bytes from 44.241.174.93: icmp_seq=6885 ttl=44 time=44.2 ms
08-10 23:20:36.291  5910  5910 D cellinfo: onsignalStrengthsChanged: LTE Signal Strength info: rsrp: -92 rsrq: -13 rssi: -53 rssnr: 12
08-10 23:20:36.291  5910  5910 D cellinfo: onsignalStrengthsChanged: 5G-NR Signal Strength info: ssrsrp: -90 ssrsrq: -11 sssinr: 2147483647
08-10 23:20:36.429  5910  5982 D cellinfo: 46 bytes from 44.241.174.93: icmp_seq=6886 ttl=44 time=50.2 ms
08-10 23:20:36.642  5910  5982 D cellinfo: 46 bytes from 44.241.174.93: icmp_seq=6887 ttl=44 time=61.6 ms
08-10 23:20:36.842  5910  5982 D cellinfo: 46 bytes from 44.241.174.93: icmp_seq=6888 ttl=44 time=61.9 ms
08-10 23:20:37.042  5910  5982 D cellinfo: 46 bytes from 44.241.174.93: icmp_seq=6889 ttl=44 time=60.5 ms
08-10 23:20:37.243  5910  5982 D cellinfo: 46 bytes from 44.241.174.93: icmp_seq=6890 ttl=44 time=61.2 ms
08-10 23:20:37.258  5910  5910 D cellinfo: onsignalStrengthsChanged: LTE Signal Strength info: rsrp: -92 rsrq: -13 rssi: -53 rssnr: 12
08-10 23:20:37.258  5910  5910 D cellinfo: onsignalStrengthsChanged: 5G-NR Signal Strength info: ssrsrp: -88 ssrsrq: -11 sssinr: 2147483647
08-10 23:20:37.443  5910  5982 D cellinfo: 46 bytes from 44.241.174.93: icmp_seq=6891 ttl=44 time=60.7 ms
08-10 23:20:37.641  5910  5982 D cellinfo: 46 bytes from 44.241.174.93: icmp_seq=6892 ttl=44 time=58.1 ms
08-10 23:20:37.841  5910  5982 D cellinfo: 46 bytes from 44.241.174.93: icmp_seq=6893 ttl=44 time=57.3 ms
08-10 23:20:38.041  5910  5982 D cellinfo: 46 bytes from 44.241.174.93: icmp_seq=6894 ttl=44 time=56.4 ms
08-10 23:20:38.095  5910  5910 D cellinfo: onCellInfoChanged: Operator: T-Mobile UpdateTimestamp: 18959130 CellConnectionStatus: 0
08-10 23:20:38.095  5910  5910 D cellinfo: onCellInfoChanged: LTE Cell Bands: [2] Bandwidth: 15000 Cell ID: 26609163 Physical Cell ID: 186 Tracking Area Code: 41463 EARFCN: 875
08-10 23:20:38.243  5910  5982 D cellinfo: 46 bytes from 44.241.174.93: icmp_seq=6895 ttl=44 time=58.5 ms
08-10 23:20:38.443  5910  5982 D cellinfo: 46 bytes from 44.241.174.93: icmp_seq=6896 ttl=44 time=55.8 ms
08-10 23:20:38.643  5910  5982 D cellinfo: 46 bytes from 44.241.174.93: icmp_seq=6897 ttl=44 time=56.0 ms
08-10 23:20:38.841  5910  5982 D cellinfo: 46 bytes from 44.241.174.93: icmp_seq=6898 ttl=44 time=53.6 ms
08-10 23:20:39.042  5910  5982 D cellinfo: 46 bytes from 44.241.174.93: icmp_seq=6899 ttl=44 time=53.0 ms
08-10 23:20:39.242  5910  5982 D cellinfo: 46 bytes from 44.241.174.93: icmp_seq=6900 ttl=44 time=53.3 ms
08-10 23:20:39.444  5910  5982 D cellinfo: 46 bytes from 44.241.174.93: icmp_seq=6901 ttl=44 time=53.6 ms
08-10 23:20:39.483  5910  5910 D cellinfo: Latitude is 40.0089084
08-10 23:20:39.483  5910  5910 D cellinfo: Longitude is -104.9809601
08-10 23:20:39.483  5910  5910 D cellinfo: Instantaneous GPS information: United States, 201 Lowell Ln, Broomfield, CO 80023, USA
08-10 23:20:39.483  5910  5910 D cellinfo: getCurrentLocation() result: Location (success): 40.0089084, -104.9809601
08-10 23:20:39.643  5910  5982 D cellinfo: 46 bytes from 44.241.174.93: icmp_seq=6902 ttl=44 time=52.4 ms
08-10 23:20:39.843  5910  5982 D cellinfo: 46 bytes from 44.241.174.93: icmp_seq=6903 ttl=44 time=51.2 ms
08-10 23:20:40.041  5910  5982 D cellinfo: 46 bytes from 44.241.174.93: icmp_seq=6904 ttl=44 time=48.9 ms
08-10 23:20:40.131  5910  5910 D cellinfo: onsignalStrengthsChanged: LTE Signal Strength info: rsrp: -83 rsrq: -13 rssi: -51 rssnr: 19
08-10 23:20:40.131  5910  5910 D cellinfo: onsignalStrengthsChanged: 5G-NR Signal Strength info: ssrsrp: -88 ssrsrq: -11 sssinr: 2147483647
08-10 23:20:40.242  5910  5982 D cellinfo: 46 bytes from 44.241.174.93: icmp_seq=6905 ttl=44 time=49.5 ms
08-10 23:20:40.450  5910  5982 D cellinfo: 46 bytes from 44.241.174.93: icmp_seq=6906 ttl=44 time=56.8 ms
08-10 23:20:40.643  5910  5982 D cellinfo: 46 bytes from 44.241.174.93: icmp_seq=6907 ttl=44 time=48.8 ms
08-10 23:20:40.844  5910  5982 D cellinfo: 46 bytes from 44.241.174.93: icmp_seq=6908 ttl=44 time=49.4 ms
08-10 23:20:41.042  5910  5982 D cellinfo: 46 bytes from 44.241.174.93: icmp_seq=6909 ttl=44 time=46.3 ms
08-10 23:20:41.058  5910  5910 D cellinfo: Latitude is 40.0089084
08-10 23:20:41.058  5910  5910 D cellinfo: Longitude is -104.9809601
08-10 23:20:41.058  5910  5910 D cellinfo: Instantaneous GPS information: United States, 201 Lowell Ln, Broomfield, CO 80023, USA
08-10 23:20:41.058  5910  5910 D cellinfo: getCurrentLocation() result: Location (success): 40.0089084, -104.9809601
08-10 23:20:41.103  5910  5910 D cellinfo: onCellInfoChanged: Operator: T-Mobile UpdateTimestamp: 18962138 CellConnectionStatus: 0
08-10 23:20:41.103  5910  5910 D cellinfo: onCellInfoChanged: LTE Cell Bands: [2] Bandwidth: 15000 Cell ID: 26609163 Physical Cell ID: 186 Tracking Area Code: 41463 EARFCN: 875
08-10 23:20:41.242  5910  5982 D cellinfo: 46 bytes from 44.241.174.93: icmp_seq=6910 ttl=44 time=46.4 ms
08-10 23:20:41.442  5910  5982 D cellinfo: 46 bytes from 44.241.174.93: icmp_seq=6911 ttl=44 time=45.2 ms
08-10 23:20:41.642  5910  5982 D cellinfo: 46 bytes from 44.241.174.93: icmp_seq=6912 ttl=44 time=44.3 ms
08-10 23:20:41.843  5910  5982 D cellinfo: 46 bytes from 44.241.174.93: icmp_seq=6913 ttl=44 time=44.4 ms
08-10 23:20:42.063  5910  5982 D cellinfo: 46 bytes from 44.241.174.93: icmp_seq=6914 ttl=44 time=63.0 ms
08-10 23:20:42.244  5910  5982 D cellinfo: 46 bytes from 44.241.174.93: icmp_seq=6915 ttl=44 time=43.5 ms
08-10 23:20:42.464  5910  5982 D cellinfo: 46 bytes from 44.241.174.93: icmp_seq=6916 ttl=44 time=63.3 ms
08-10 23:20:42.663  5910  5982 D cellinfo: 46 bytes from 44.241.174.93: icmp_seq=6917 ttl=44 time=61.7 ms
08-10 23:20:42.848  5910  5982 D cellinfo: 46 bytes from 44.241.174.93: icmp_seq=6918 ttl=44 time=46.5 ms
08-10 23:20:43.012  5910  5910 D cellinfo: onsignalStrengthsChanged: LTE Signal Strength info: rsrp: -91 rsrq: -14 rssi: -59 rssnr: 12
08-10 23:20:43.012  5910  5910 D cellinfo: onsignalStrengthsChanged: 5G-NR Signal Strength info: ssrsrp: -88 ssrsrq: -11 sssinr: 2147483647
08-10 23:20:43.062  5910  5982 D cellinfo: 46 bytes from 44.241.174.93: icmp_seq=6919 ttl=44 time=59.3 ms
08-10 23:20:43.248  5910  5910 D cellinfo: onsignalStrengthsChanged: LTE Signal Strength info: rsrp: -91 rsrq: -14 rssi: -59 rssnr: 12
08-10 23:20:43.248  5910  5910 D cellinfo: onsignalStrengthsChanged: 5G-NR Signal Strength info: ssrsrp: -89 ssrsrq: -11 sssinr: 2147483647
08-10 23:20:43.262  5910  5982 D cellinfo: 46 bytes from 44.241.174.93: icmp_seq=6920 ttl=44 time=57.8 ms
08-10 23:20:43.462  5910  5982 D cellinfo: 46 bytes from 44.241.174.93: icmp_seq=6921 ttl=44 time=57.5 ms
08-10 23:20:43.663  5910  5982 D cellinfo: 46 bytes from 44.241.174.93: icmp_seq=6922 ttl=44 time=57.4 ms
08-10 23:20:43.861  5910  5982 D cellinfo: 46 bytes from 44.241.174.93: icmp_seq=6923 ttl=44 time=53.8 ms
08-10 23:20:44.061  5910  5982 D cellinfo: 46 bytes from 44.241.174.93: icmp_seq=6924 ttl=44 time=52.8 ms
08-10 23:20:44.264  5910  5982 D cellinfo: 46 bytes from 44.241.174.93: icmp_seq=6925 ttl=44 time=55.2 ms
08-10 23:20:44.375  5910  5910 D cellinfo: Latitude is 40.0084116
08-10 23:20:44.375  5910  5910 D cellinfo: Longitude is -104.9809488
08-10 23:20:44.375  5910  5910 D cellinfo: Instantaneous GPS information: United States, 201 Lowell Ln, Broomfield, CO 80023, USA
08-10 23:20:44.375  5910  5910 D cellinfo: getCurrentLocation() result: Location (success): 40.0084116, -104.9809488
08-10 23:20:44.377  5910  5910 D cellinfo: onCellInfoChanged: Operator: T-Mobile UpdateTimestamp: 18965117 CellConnectionStatus: 0
08-10 23:20:44.377  5910  5910 D cellinfo: onCellInfoChanged: LTE Cell Bands: [2] Bandwidth: 15000 Cell ID: 26609163 Physical Cell ID: 186 Tracking Area Code: 41463 EARFCN: 875
08-10 23:20:44.462  5910  5982 D cellinfo: 46 bytes from 44.241.174.93: icmp_seq=6926 ttl=44 time=52.1 ms
08-10 23:20:44.672  5910  5982 D cellinfo: 46 bytes from 44.241.174.93: icmp_seq=6927 ttl=44 time=62.2 ms
08-10 23:20:44.864  5910  5982 D cellinfo: 46 bytes from 44.241.174.93: icmp_seq=6928 ttl=44 time=52.7 ms
08-10 23:20:45.063  5910  5982 D cellinfo: 46 bytes from 44.241.174.93: icmp_seq=6929 ttl=44 time=51.1 ms
08-10 23:20:45.251  5910  5910 D cellinfo: onsignalStrengthsChanged: LTE Signal Strength info: rsrp: -94 rsrq: -15 rssi: -63 rssnr: 8
08-10 23:20:45.251  5910  5910 D cellinfo: onsignalStrengthsChanged: 5G-NR Signal Strength info: ssrsrp: -89 ssrsrq: -11 sssinr: 2147483647
08-10 23:20:45.262  5910  5982 D cellinfo: 46 bytes from 44.241.174.93: icmp_seq=6930 ttl=44 time=48.5 ms
08-10 23:20:45.481  5910  5982 D cellinfo: 46 bytes from 44.241.174.93: icmp_seq=6931 ttl=44 time=66.4 ms
08-10 23:20:45.663  5910  5982 D cellinfo: 46 bytes from 44.241.174.93: icmp_seq=6932 ttl=44 time=47.1 ms
08-10 23:20:45.863  5910  5982 D cellinfo: 46 bytes from 44.241.174.93: icmp_seq=6933 ttl=44 time=47.1 ms
08-10 23:20:46.063  5910  5982 D cellinfo: 46 bytes from 44.241.174.93: icmp_seq=6934 ttl=44 time=46.2 ms
08-10 23:20:46.249  5910  5910 D cellinfo: onsignalStrengthsChanged: LTE Signal Strength info: rsrp: -94 rsrq: -15 rssi: -63 rssnr: 8
08-10 23:20:46.249  5910  5910 D cellinfo: onsignalStrengthsChanged: 5G-NR Signal Strength info: ssrsrp: -90 ssrsrq: -11 sssinr: 2147483647
08-10 23:20:46.262  5910  5982 D cellinfo: 46 bytes from 44.241.174.93: icmp_seq=6935 ttl=44 time=44.4 ms
08-10 23:20:46.462  5910  5982 D cellinfo: 46 bytes from 44.241.174.93: icmp_seq=6936 ttl=44 time=43.5 ms
08-10 23:20:46.681  5910  5982 D cellinfo: 46 bytes from 44.241.174.93: icmp_seq=6937 ttl=44 time=61.4 ms
08-10 23:20:46.891  5910  5982 D cellinfo: 46 bytes from 44.241.174.93: icmp_seq=6938 ttl=44 time=69.6 ms
08-10 23:20:47.082  5910  5982 D cellinfo: 46 bytes from 44.241.174.93: icmp_seq=6939 ttl=44 time=59.2 ms
08-10 23:20:47.284  5910  5982 D cellinfo: 46 bytes from 44.241.174.93: icmp_seq=6940 ttl=44 time=60.2 ms
08-10 23:20:47.393  5910  5910 D cellinfo: Latitude is 40.0077477
08-10 23:20:47.393  5910  5910 D cellinfo: Longitude is -104.9809336
08-10 23:20:47.393  5910  5910 D cellinfo: Instantaneous GPS information: United States, 201 Lowell Ln, Broomfield, CO 80023, USA
08-10 23:20:47.393  5910  5910 D cellinfo: getCurrentLocation() result: Location (success): 40.0077477, -104.9809336
08-10 23:20:47.395  5910  5910 D cellinfo: onCellInfoChanged: Operator: T-Mobile UpdateTimestamp: 18968148 CellConnectionStatus: 0
08-10 23:20:47.395  5910  5910 D cellinfo: onCellInfoChanged: LTE Cell Bands: [2] Bandwidth: 15000 Cell ID: 26609163 Physical Cell ID: 186 Tracking Area Code: 41463 EARFCN: 875
08-10 23:20:47.489  5910  5982 D cellinfo: 46 bytes from 44.241.174.93: icmp_seq=6941 ttl=44 time=64.5 ms
08-10 23:20:47.683  5910  5982 D cellinfo: 46 bytes from 44.241.174.93: icmp_seq=6942 ttl=44 time=57.1 ms
08-10 23:20:47.881  5910  5982 D cellinfo: 46 bytes from 44.241.174.93: icmp_seq=6943 ttl=44 time=54.9 ms
08-10 23:20:48.082  5910  5982 D cellinfo: 46 bytes from 44.241.174.93: icmp_seq=6944 ttl=44 time=54.3 ms
08-10 23:20:48.283  5910  5982 D cellinfo: 46 bytes from 44.241.174.93: icmp_seq=6945 ttl=44 time=54.3 ms
08-10 23:20:48.483  5910  5982 D cellinfo: 46 bytes from 44.241.174.93: icmp_seq=6946 ttl=44 time=53.4 ms
08-10 23:20:48.681  5910  5982 D cellinfo: 46 bytes from 44.241.174.93: icmp_seq=6947 ttl=44 time=50.4 ms
08-10 23:20:48.882  5910  5982 D cellinfo: 46 bytes from 44.241.174.93: icmp_seq=6948 ttl=44 time=50.0 ms
08-10 23:20:49.083  5910  5982 D cellinfo: 46 bytes from 44.241.174.93: icmp_seq=6949 ttl=44 time=50.1 ms
08-10 23:20:49.132  5910  5910 D cellinfo: onsignalStrengthsChanged: LTE Signal Strength info: rsrp: -92 rsrq: -14 rssi: -59 rssnr: 13
08-10 23:20:49.132  5910  5910 D cellinfo: onsignalStrengthsChanged: 5G-NR Signal Strength info: ssrsrp: -90 ssrsrq: -11 sssinr: 2147483647
08-10 23:20:49.249  5910  5910 D cellinfo: onsignalStrengthsChanged: LTE Signal Strength info: rsrp: -92 rsrq: -14 rssi: -59 rssnr: 13
08-10 23:20:49.249  5910  5910 D cellinfo: onsignalStrengthsChanged: 5G-NR Signal Strength info: ssrsrp: -95 ssrsrq: -11 sssinr: 2147483647
08-10 23:20:49.281  5910  5982 D cellinfo: 46 bytes from 44.241.174.93: icmp_seq=6950 ttl=44 time=47.4 ms
08-10 23:20:49.482  5910  5982 D cellinfo: 46 bytes from 44.241.174.93: icmp_seq=6951 ttl=44 time=46.4 ms
08-10 23:20:49.691  5910  5982 D cellinfo: 46 bytes from 44.241.174.93: icmp_seq=6952 ttl=44 time=54.5 ms
08-10 23:20:49.884  5910  5982 D cellinfo: 46 bytes from 44.241.174.93: icmp_seq=6953 ttl=44 time=47.3 ms
08-10 23:20:50.084  5910  5982 D cellinfo: 46 bytes from 44.241.174.93: icmp_seq=6954 ttl=44 time=44.5 ms
08-10 23:20:50.290  5910  5982 D cellinfo: 46 bytes from 44.241.174.93: icmp_seq=6955 ttl=44 time=51.5 ms
08-10 23:20:50.380  5910  5910 D cellinfo: Latitude is 40.0075015
08-10 23:20:50.380  5910  5910 D cellinfo: Longitude is -104.9809279
08-10 23:20:50.380  5910  5910 D cellinfo: Instantaneous GPS information: United States, 201 Lowell Ln, Broomfield, CO 80023, USA
08-10 23:20:50.380  5910  5910 D cellinfo: getCurrentLocation() result: Location (success): 40.0075015, -104.9809279
08-10 23:20:50.381  5910  5910 D cellinfo: onCellInfoChanged: Operator: T-Mobile UpdateTimestamp: 18971131 CellConnectionStatus: 0
08-10 23:20:50.381  5910  5910 D cellinfo: onCellInfoChanged: LTE Cell Bands: [2] Bandwidth: 15000 Cell ID: 26609163 Physical Cell ID: 186 Tracking Area Code: 41463 EARFCN: 875
08-10 23:20:50.490  5910  5982 D cellinfo: 46 bytes from 44.241.174.93: icmp_seq=6956 ttl=44 time=50.7 ms
08-10 23:20:50.700  5910  5982 D cellinfo: 46 bytes from 44.241.174.93: icmp_seq=6957 ttl=44 time=60.0 ms
08-10 23:20:50.903  5910  5982 D cellinfo: 46 bytes from 44.241.174.93: icmp_seq=6958 ttl=44 time=62.7 ms
08-10 23:20:51.090  5910  5982 D cellinfo: 46 bytes from 44.241.174.93: icmp_seq=6959 ttl=44 time=49.3 ms
08-10 23:20:51.301  5910  5982 D cellinfo: 46 bytes from 44.241.174.93: icmp_seq=6960 ttl=44 time=59.6 ms
08-10 23:20:51.488  5910  5982 D cellinfo: 46 bytes from 44.241.174.93: icmp_seq=6961 ttl=44 time=45.9 ms
08-10 23:20:51.691  5910  5982 D cellinfo: 46 bytes from 44.241.174.93: icmp_seq=6962 ttl=44 time=47.6 ms
08-10 23:20:51.902  5910  5982 D cellinfo: 46 bytes from 44.241.174.93: icmp_seq=6963 ttl=44 time=58.6 ms
08-10 23:20:51.971  5910  5910 D cellinfo: onsignalStrengthsChanged: LTE Signal Strength info: rsrp: -92 rsrq: -14 rssi: -59 rssnr: 16
08-10 23:20:51.971  5910  5910 D cellinfo: onsignalStrengthsChanged: 5G-NR Signal Strength info: ssrsrp: -95 ssrsrq: -11 sssinr: 2147483647
08-10 23:20:52.102  5910  5982 D cellinfo: 46 bytes from 44.241.174.93: icmp_seq=6964 ttl=44 time=58.3 ms
08-10 23:20:52.248  5910  5910 D cellinfo: onsignalStrengthsChanged: LTE Signal Strength info: rsrp: -92 rsrq: -14 rssi: -59 rssnr: 16
08-10 23:20:52.248  5910  5910 D cellinfo: onsignalStrengthsChanged: 5G-NR Signal Strength info: ssrsrp: -99 ssrsrq: -12 sssinr: 2147483647
08-10 23:20:52.303  5910  5982 D cellinfo: 46 bytes from 44.241.174.93: icmp_seq=6965 ttl=44 time=58.0 ms
08-10 23:20:52.502  5910  5982 D cellinfo: 46 bytes from 44.241.174.93: icmp_seq=6966 ttl=44 time=56.4 ms
08-10 23:20:52.701  5910  5982 D cellinfo: 46 bytes from 44.241.174.93: icmp_seq=6967 ttl=44 time=54.7 ms
08-10 23:20:52.902  5910  5982 D cellinfo: 46 bytes from 44.241.174.93: icmp_seq=6968 ttl=44 time=55.2 ms
08-10 23:20:53.103  5910  5982 D cellinfo: 46 bytes from 44.241.174.93: icmp_seq=6969 ttl=44 time=55.0 ms
08-10 23:20:53.103  5910  5910 D cellinfo: onCellInfoChanged: Operator: T-Mobile UpdateTimestamp: 18974137 CellConnectionStatus: 0
08-10 23:20:53.103  5910  5910 D cellinfo: onCellInfoChanged: LTE Cell Bands: [2] Bandwidth: 15000 Cell ID: 26609163 Physical Cell ID: 186 Tracking Area Code: 41463 EARFCN: 875
08-10 23:20:53.303  5910  5982 D cellinfo: 46 bytes from 44.241.174.93: icmp_seq=6970 ttl=44 time=54.8 ms
08-10 23:20:53.503  5910  5982 D cellinfo: 46 bytes from 44.241.174.93: icmp_seq=6971 ttl=44 time=54.7 ms
08-10 23:20:53.703  5910  5982 D cellinfo: 46 bytes from 44.241.174.93: icmp_seq=6972 ttl=44 time=53.4 ms
08-10 23:20:53.904  5910  5982 D cellinfo: 46 bytes from 44.241.174.93: icmp_seq=6973 ttl=44 time=53.5 ms
08-10 23:20:54.102  5910  5982 D cellinfo: 46 bytes from 44.241.174.93: icmp_seq=6974 ttl=44 time=49.9 ms
08-10 23:20:54.302  5910  5982 D cellinfo: 46 bytes from 44.241.174.93: icmp_seq=6975 ttl=44 time=49.7 ms
08-10 23:20:54.481  5910  5910 D cellinfo: Latitude is 40.0043425
08-10 23:20:54.481  5910  5910 D cellinfo: Longitude is -104.9807977
08-10 23:20:54.481  5910  5910 D cellinfo: Instantaneous GPS information: United States, 421 CO-7, Broomfield, CO 80023, USA
08-10 23:20:54.481  5910  5910 D cellinfo: getCurrentLocation() result: Location (success): 40.0043425, -104.9807977
08-10 23:20:54.483  5910  5910 D cellinfo: onsignalStrengthsChanged: LTE Signal Strength info: rsrp: -88 rsrq: -14 rssi: -55 rssnr: 18
08-10 23:20:54.483  5910  5910 D cellinfo: onsignalStrengthsChanged: 5G-NR Signal Strength info: ssrsrp: -99 ssrsrq: -12 sssinr: 2147483647
08-10 23:20:54.503  5910  5982 D cellinfo: 46 bytes from 44.241.174.93: icmp_seq=6976 ttl=44 time=49.8 ms
08-10 23:20:54.702  5910  5982 D cellinfo: 46 bytes from 44.241.174.93: icmp_seq=6977 ttl=44 time=48.5 ms
08-10 23:20:54.902  5910  5982 D cellinfo: 46 bytes from 44.241.174.93: icmp_seq=6978 ttl=44 time=47.3 ms
08-10 23:20:55.101  5910  5982 D cellinfo: 46 bytes from 44.241.174.93: icmp_seq=6979 ttl=44 time=45.2 ms
08-10 23:20:55.247  5910  5910 D cellinfo: onsignalStrengthsChanged: LTE Signal Strength info: rsrp: -88 rsrq: -14 rssi: -55 rssnr: 18
08-10 23:20:55.247  5910  5910 D cellinfo: onsignalStrengthsChanged: 5G-NR Signal Strength info: ssrsrp: -100 ssrsrq: -11 sssinr: 2147483647
08-10 23:20:55.302  5910  5982 D cellinfo: 46 bytes from 44.241.174.93: icmp_seq=6980 ttl=44 time=44.4 ms
08-10 23:20:55.508  5910  5982 D cellinfo: 46 bytes from 44.241.174.93: icmp_seq=6981 ttl=44 time=50.0 ms
08-10 23:20:55.711  5910  5982 D cellinfo: 46 bytes from 44.241.174.93: icmp_seq=6982 ttl=44 time=51.5 ms
08-10 23:20:55.922  5910  5982 D cellinfo: 46 bytes from 44.241.174.93: icmp_seq=6983 ttl=44 time=61.6 ms
08-10 23:20:56.054  5910  5910 D cellinfo: Latitude is 40.0043425
08-10 23:20:56.054  5910  5910 D cellinfo: Longitude is -104.9807977
08-10 23:20:56.054  5910  5910 D cellinfo: Instantaneous GPS information: United States, 421 CO-7, Broomfield, CO 80023, USA
08-10 23:20:56.054  5910  5910 D cellinfo: getCurrentLocation() result: Location (success): 40.0043425, -104.9807977
08-10 23:20:56.101  5910  5910 D cellinfo: onCellInfoChanged: Operator: T-Mobile UpdateTimestamp: 18977134 CellConnectionStatus: 0
08-10 23:20:56.101  5910  5910 D cellinfo: onCellInfoChanged: LTE Cell Bands: [2] Bandwidth: 15000 Cell ID: 26609163 Physical Cell ID: 186 Tracking Area Code: 41463 EARFCN: 875
08-10 23:20:56.121  5910  5982 D cellinfo: 46 bytes from 44.241.174.93: icmp_seq=6984 ttl=44 time=60.0 ms
08-10 23:20:56.321  5910  5982 D cellinfo: 46 bytes from 44.241.174.93: icmp_seq=6985 ttl=44 time=59.4 ms
08-10 23:20:56.521  5910  5982 D cellinfo: 46 bytes from 44.241.174.93: icmp_seq=6986 ttl=44 time=58.6 ms
08-10 23:20:56.721  5910  5982 D cellinfo: 46 bytes from 44.241.174.93: icmp_seq=6987 ttl=44 time=58.5 ms
08-10 23:20:56.923  5910  5982 D cellinfo: 46 bytes from 44.241.174.93: icmp_seq=6988 ttl=44 time=57.4 ms
08-10 23:20:57.123  5910  5982 D cellinfo: 46 bytes from 44.241.174.93: icmp_seq=6989 ttl=44 time=57.6 ms
08-10 23:20:57.322  5910  5982 D cellinfo: 46 bytes from 44.241.174.93: icmp_seq=6990 ttl=44 time=55.9 ms
08-10 23:20:57.521  5910  5982 D cellinfo: 46 bytes from 44.241.174.93: icmp_seq=6991 ttl=44 time=54.5 ms
08-10 23:20:57.721  5910  5982 D cellinfo: 46 bytes from 44.241.174.93: icmp_seq=6992 ttl=44 time=53.5 ms
08-10 23:20:57.922  5910  5982 D cellinfo: 46 bytes from 44.241.174.93: icmp_seq=6993 ttl=44 time=53.2 ms
08-10 23:20:58.129  5910  5982 D cellinfo: 46 bytes from 44.241.174.93: icmp_seq=6994 ttl=44 time=59.2 ms
08-10 23:20:58.138  5910  5910 D cellinfo: onsignalStrengthsChanged: LTE Signal Strength info: rsrp: -89 rsrq: -13 rssi: -59 rssnr: 20
08-10 23:20:58.138  5910  5910 D cellinfo: onsignalStrengthsChanged: 5G-NR Signal Strength info: ssrsrp: -100 ssrsrq: -11 sssinr: 2147483647
08-10 23:20:58.247  5910  5910 D cellinfo: onsignalStrengthsChanged: LTE Signal Strength info: rsrp: -89 rsrq: -13 rssi: -59 rssnr: 20
08-10 23:20:58.247  5910  5910 D cellinfo: onsignalStrengthsChanged: 5G-NR Signal Strength info: ssrsrp: -98 ssrsrq: -11 sssinr: 2147483647
08-10 23:20:58.322  5910  5982 D cellinfo: 46 bytes from 44.241.174.93: icmp_seq=6995 ttl=44 time=51.4 ms
08-10 23:20:58.522  5910  5982 D cellinfo: 46 bytes from 44.241.174.93: icmp_seq=6996 ttl=44 time=50.6 ms
08-10 23:20:58.722  5910  5982 D cellinfo: 46 bytes from 44.241.174.93: icmp_seq=6997 ttl=44 time=49.8 ms
08-10 23:20:58.922  5910  5982 D cellinfo: 46 bytes from 44.241.174.93: icmp_seq=6998 ttl=44 time=49.4 ms
08-10 23:20:59.122  5910  5982 D cellinfo: 46 bytes from 44.241.174.93: icmp_seq=6999 ttl=44 time=48.4 ms
08-10 23:20:59.338  5910  5982 D cellinfo: 46 bytes from 44.241.174.93: icmp_seq=7000 ttl=44 time=62.6 ms
08-10 23:20:59.405  5910  5910 D cellinfo: Latitude is 40.0038492
08-10 23:20:59.406  5910  5910 D cellinfo: Longitude is -104.9807864
08-10 23:20:59.406  5910  5910 D cellinfo: Instantaneous GPS information: United States, 413 CO-7, Broomfield, CO 80023, USA
08-10 23:20:59.406  5910  5910 D cellinfo: getCurrentLocation() result: Location (success): 40.0038492, -104.9807864
08-10 23:20:59.408  5910  5910 D cellinfo: onCellInfoChanged: Operator: T-Mobile UpdateTimestamp: 18980144 CellConnectionStatus: 0
08-10 23:20:59.409  5910  5910 D cellinfo: onCellInfoChanged: LTE Cell Bands: [2] Bandwidth: 15000 Cell ID: 26609163 Physical Cell ID: 186 Tracking Area Code: 41463 EARFCN: 875
08-10 23:20:59.527  5910  5982 D cellinfo: 46 bytes from 44.241.174.93: icmp_seq=7001 ttl=44 time=50.1 ms
08-10 23:20:59.728  5910  5982 D cellinfo: 46 bytes from 44.241.174.93: icmp_seq=7002 ttl=44 time=51.3 ms
08-10 23:20:59.922  5910  5982 D cellinfo: 46 bytes from 44.241.174.93: icmp_seq=7003 ttl=44 time=44.3 ms
08-10 23:21:00.131  5910  5982 D cellinfo: 46 bytes from 44.241.174.93: icmp_seq=7004 ttl=44 time=52.4 ms
08-10 23:21:00.342  5910  5982 D cellinfo: 46 bytes from 44.241.174.93: icmp_seq=7005 ttl=44 time=62.7 ms
08-10 23:21:00.529  5910  5982 D cellinfo: 46 bytes from 44.241.174.93: icmp_seq=7006 ttl=44 time=49.0 ms
08-10 23:21:00.742  5910  5982 D cellinfo: 46 bytes from 44.241.174.93: icmp_seq=7007 ttl=44 time=60.8 ms
08-10 23:21:00.931  5910  5910 D cellinfo: onsignalStrengthsChanged: LTE Signal Strength info: rsrp: -98 rsrq: -13 rssi: -69 rssnr: 10
08-10 23:21:00.931  5910  5910 D cellinfo: onsignalStrengthsChanged: 5G-NR Signal Strength info: ssrsrp: -98 ssrsrq: -11 sssinr: 2147483647
08-10 23:21:00.939  5910  5982 D cellinfo: 46 bytes from 44.241.174.93: icmp_seq=7008 ttl=44 time=57.1 ms
08-10 23:21:01.143  5910  5982 D cellinfo: 46 bytes from 44.241.174.93: icmp_seq=7009 ttl=44 time=60.8 ms
08-10 23:21:01.247  5910  5910 D cellinfo: onsignalStrengthsChanged: LTE Signal Strength info: rsrp: -98 rsrq: -13 rssi: -69 rssnr: 10
08-10 23:21:01.247  5910  5910 D cellinfo: onsignalStrengthsChanged: 5G-NR Signal Strength info: ssrsrp: -101 ssrsrq: -11 sssinr: 2147483647
08-10 23:21:01.344  5910  5982 D cellinfo: 46 bytes from 44.241.174.93: icmp_seq=7010 ttl=44 time=60.9 ms
08-10 23:21:01.541  5910  5982 D cellinfo: 46 bytes from 44.241.174.93: icmp_seq=7011 ttl=44 time=57.1 ms
08-10 23:21:01.744  5910  5982 D cellinfo: 46 bytes from 44.241.174.93: icmp_seq=7012 ttl=44 time=58.2 ms
08-10 23:21:01.942  5910  5982 D cellinfo: 46 bytes from 44.241.174.93: icmp_seq=7013 ttl=44 time=56.1 ms
08-10 23:21:02.157  5910  5982 D cellinfo: 46 bytes from 44.241.174.93: icmp_seq=7014 ttl=44 time=69.5 ms
08-10 23:21:02.339  5910  5982 D cellinfo: 46 bytes from 44.241.174.93: icmp_seq=7015 ttl=44 time=51.3 ms
08-10 23:21:02.403  5910  5910 D cellinfo: Latitude is 40.0031796
08-10 23:21:02.403  5910  5910 D cellinfo: Longitude is -104.9807711
08-10 23:21:02.403  5910  5910 D cellinfo: Instantaneous GPS information: United States, 16975 W I- 25 Frontage Rd, Broomfield, CO 80023, USA
08-10 23:21:02.403  5910  5910 D cellinfo: getCurrentLocation() result: Location (success): 40.0031796, -104.9807711
08-10 23:21:02.406  5910  5910 D cellinfo: onCellInfoChanged: Operator: T-Mobile UpdateTimestamp: 18983150 CellConnectionStatus: 0
08-10 23:21:02.406  5910  5910 D cellinfo: onCellInfoChanged: LTE Cell Bands: [2] Bandwidth: 15000 Cell ID: 26609163 Physical Cell ID: 186 Tracking Area Code: 41463 EARFCN: 875
08-10 23:21:02.543  5910  5982 D cellinfo: 46 bytes from 44.241.174.93: icmp_seq=7016 ttl=44 time=54.6 ms
08-10 23:21:02.742  5910  5982 D cellinfo: 46 bytes from 44.241.174.93: icmp_seq=7017 ttl=44 time=53.4 ms
08-10 23:21:02.944  5910  5982 D cellinfo: 46 bytes from 44.241.174.93: icmp_seq=7018 ttl=44 time=54.3 ms
08-10 23:21:03.148  5910  5982 D cellinfo: 46 bytes from 44.241.174.93: icmp_seq=7019 ttl=44 time=57.3 ms
08-10 23:21:03.171  5910  5910 D cellinfo: onsignalStrengthsChanged: LTE Signal Strength info: rsrp: -103 rsrq: -13 rssi: -73 rssnr: 8
08-10 23:21:03.171  5910  5910 D cellinfo: onsignalStrengthsChanged: 5G-NR Signal Strength info: ssrsrp: -101 ssrsrq: -11 sssinr: 2147483647
08-10 23:21:03.342  5910  5982 D cellinfo: 46 bytes from 44.241.174.93: icmp_seq=7020 ttl=44 time=50.0 ms
08-10 23:21:03.553  5910  5982 D cellinfo: 46 bytes from 44.241.174.93: icmp_seq=7021 ttl=44 time=59.9 ms
08-10 23:21:03.763  5910  5982 D cellinfo: 46 bytes from 44.241.174.93: icmp_seq=7022 ttl=44 time=69.4 ms
08-10 23:21:03.948  5910  5982 D cellinfo: 46 bytes from 44.241.174.93: icmp_seq=7023 ttl=44 time=53.4 ms
08-10 23:21:04.151  5910  5982 D cellinfo: 46 bytes from 44.241.174.93: icmp_seq=7024 ttl=44 time=54.5 ms
08-10 23:21:04.248  5910  5910 D cellinfo: onsignalStrengthsChanged: LTE Signal Strength info: rsrp: -103 rsrq: -13 rssi: -73 rssnr: 8
08-10 23:21:04.248  5910  5910 D cellinfo: onsignalStrengthsChanged: 5G-NR Signal Strength info: ssrsrp: -104 ssrsrq: -11 sssinr: 2147483647
08-10 23:21:04.341  5910  5982 D cellinfo: 46 bytes from 44.241.174.93: icmp_seq=7025 ttl=44 time=44.2 ms
08-10 23:21:04.560  5910  5982 D cellinfo: 46 bytes from 44.241.174.93: icmp_seq=7026 ttl=44 time=62.5 ms
08-10 23:21:04.748  5910  5982 D cellinfo: 46 bytes from 44.241.174.93: icmp_seq=7027 ttl=44 time=49.3 ms
08-10 23:21:04.963  5910  5982 D cellinfo: 46 bytes from 44.241.174.93: icmp_seq=7028 ttl=44 time=62.6 ms
08-10 23:21:05.163  5910  5982 D cellinfo: 46 bytes from 44.241.174.93: icmp_seq=7029 ttl=44 time=61.9 ms
08-10 23:21:05.363  5910  5982 D cellinfo: 46 bytes from 44.241.174.93: icmp_seq=7030 ttl=44 time=61.0 ms
08-10 23:21:05.378  5910  5910 D cellinfo: Latitude is 40.0029662
08-10 23:21:05.378  5910  5910 D cellinfo: Longitude is -104.9807661
08-10 23:21:05.378  5910  5910 D cellinfo: Instantaneous GPS information: United States, 16975 W I- 25 Frontage Rd, Broomfield, CO 80023, USA
08-10 23:21:05.378  5910  5910 D cellinfo: getCurrentLocation() result: Location (success): 40.0029662, -104.9807661
08-10 23:21:05.379  5910  5910 D cellinfo: onCellInfoChanged: Operator: T-Mobile UpdateTimestamp: 18986154 CellConnectionStatus: 0
08-10 23:21:05.380  5910  5910 D cellinfo: onCellInfoChanged: LTE Cell Bands: [2] Bandwidth: 15000 Cell ID: 26609163 Physical Cell ID: 186 Tracking Area Code: 41463 EARFCN: 875
08-10 23:21:05.561  5910  5982 D cellinfo: 46 bytes from 44.241.174.93: icmp_seq=7031 ttl=44 time=59.0 ms
08-10 23:21:05.761  5910  5982 D cellinfo: 46 bytes from 44.241.174.93: icmp_seq=7032 ttl=44 time=58.2 ms
08-10 23:21:05.969  5910  5982 D cellinfo: 46 bytes from 44.241.174.93: icmp_seq=7033 ttl=44 time=64.3 ms
08-10 23:21:06.162  5910  5982 D cellinfo: 46 bytes from 44.241.174.93: icmp_seq=7034 ttl=44 time=56.4 ms
08-10 23:21:06.363  5910  5982 D cellinfo: 46 bytes from 44.241.174.93: icmp_seq=7035 ttl=44 time=56.6 ms
08-10 23:21:06.563  5910  5982 D cellinfo: 46 bytes from 44.241.174.93: icmp_seq=7036 ttl=44 time=54.9 ms
08-10 23:21:06.765  5910  5982 D cellinfo: 46 bytes from 44.241.174.93: icmp_seq=7037 ttl=44 time=56.5 ms
08-10 23:21:06.961  5910  5982 D cellinfo: 46 bytes from 44.241.174.93: icmp_seq=7038 ttl=44 time=51.7 ms
08-10 23:21:07.134  5910  5910 D cellinfo: onsignalStrengthsChanged: LTE Signal Strength info: rsrp: -102 rsrq: -13 rssi: -67 rssnr: 9
08-10 23:21:07.134  5910  5910 D cellinfo: onsignalStrengthsChanged: 5G-NR Signal Strength info: ssrsrp: -104 ssrsrq: -11 sssinr: 2147483647
08-10 23:21:07.165  5910  5982 D cellinfo: 46 bytes from 44.241.174.93: icmp_seq=7039 ttl=44 time=54.9 ms
08-10 23:21:07.248  5910  5910 D cellinfo: onsignalStrengthsChanged: LTE Signal Strength info: rsrp: -102 rsrq: -13 rssi: -67 rssnr: 9
08-10 23:21:07.248  5910  5910 D cellinfo: onsignalStrengthsChanged: 5G-NR Signal Strength info: ssrsrp: -101 ssrsrq: -11 sssinr: 2147483647
08-10 23:21:07.377  5910  5982 D cellinfo: 46 bytes from 44.241.174.93: icmp_seq=7040 ttl=44 time=65.7 ms
08-10 23:21:07.569  5910  5982 D cellinfo: 46 bytes from 44.241.174.93: icmp_seq=7041 ttl=44 time=55.5 ms
08-10 23:21:07.763  5910  5982 D cellinfo: 46 bytes from 44.241.174.93: icmp_seq=7042 ttl=44 time=51.0 ms
08-10 23:21:07.964  5910  5982 D cellinfo: 46 bytes from 44.241.174.93: icmp_seq=7043 ttl=44 time=51.4 ms
08-10 23:21:08.104  5910  5910 D cellinfo: onCellInfoChanged: Operator: T-Mobile UpdateTimestamp: 18989137 CellConnectionStatus: 0
08-10 23:21:08.104  5910  5910 D cellinfo: onCellInfoChanged: LTE Cell Bands: [2] Bandwidth: 15000 Cell ID: 26609163 Physical Cell ID: 186 Tracking Area Code: 41463 EARFCN: 875
08-10 23:21:08.172  5910  5982 D cellinfo: 46 bytes from 44.241.174.93: icmp_seq=7044 ttl=44 time=58.2 ms
08-10 23:21:08.362  5910  5982 D cellinfo: 46 bytes from 44.241.174.93: icmp_seq=7045 ttl=44 time=47.6 ms
08-10 23:21:08.566  5910  5982 D cellinfo: 46 bytes from 44.241.174.93: icmp_seq=7046 ttl=44 time=49.8 ms
08-10 23:21:08.774  5910  5982 D cellinfo: 46 bytes from 44.241.174.93: icmp_seq=7047 ttl=44 time=57.3 ms
08-10 23:21:08.965  5910  5982 D cellinfo: 46 bytes from 44.241.174.93: icmp_seq=7048 ttl=44 time=47.7 ms
08-10 23:21:09.168  5910  5982 D cellinfo: 46 bytes from 44.241.174.93: icmp_seq=7049 ttl=44 time=50.2 ms
08-10 23:21:09.362  5910  5982 D cellinfo: 46 bytes from 44.241.174.93: icmp_seq=7050 ttl=44 time=42.3 ms
08-10 23:21:09.482  5910  5910 D cellinfo: Latitude is 39.999797
08-10 23:21:09.482  5910  5910 D cellinfo: Longitude is -104.9813041
08-10 23:21:09.482  5910  5910 D cellinfo: Instantaneous GPS information: United States, Dwight D. Eisenhower Hwy, Broomfield, CO 80023, USA
08-10 23:21:09.482  5910  5910 D cellinfo: getCurrentLocation() result: Location (success): 39.999797, -104.9813041
08-10 23:21:09.561  5910  5982 D cellinfo: 46 bytes from 44.241.174.93: icmp_seq=7051 ttl=44 time=41.1 ms
08-10 23:21:09.782  5910  5982 D cellinfo: 46 bytes from 44.241.174.93: icmp_seq=7052 ttl=44 time=60.7 ms
08-10 23:21:09.891  5910  5910 D cellinfo: onsignalStrengthsChanged: LTE Signal Strength info: rsrp: -93 rsrq: -14 rssi: -59 rssnr: 22
08-10 23:21:09.891  5910  5910 D cellinfo: onsignalStrengthsChanged: 5G-NR Signal Strength info: ssrsrp: -101 ssrsrq: -11 sssinr: 2147483647
08-10 23:21:09.987  5910  5982 D cellinfo: 46 bytes from 44.241.174.93: icmp_seq=7053 ttl=44 time=65.5 ms
08-10 23:21:10.184  5910  5982 D cellinfo: 46 bytes from 44.241.174.93: icmp_seq=7054 ttl=44 time=60.9 ms
08-10 23:21:10.248  5910  5910 D cellinfo: onsignalStrengthsChanged: LTE Signal Strength info: rsrp: -93 rsrq: -14 rssi: -59 rssnr: 22
08-10 23:21:10.248  5910  5910 D cellinfo: onsignalStrengthsChanged: 5G-NR Signal Strength info: ssrsrp: -99 ssrsrq: -11 sssinr: 2147483647
08-10 23:21:10.368  5910  5982 D cellinfo: 46 bytes from 44.241.174.93: icmp_seq=7055 ttl=44 time=44.6 ms
08-10 23:21:10.582  5910  5982 D cellinfo: 46 bytes from 44.241.174.93: icmp_seq=7056 ttl=44 time=58.3 ms
08-10 23:21:10.788  5910  5982 D cellinfo: 46 bytes from 44.241.174.93: icmp_seq=7057 ttl=44 time=63.3 ms
08-10 23:21:10.983  5910  5982 D cellinfo: 46 bytes from 44.241.174.93: icmp_seq=7058 ttl=44 time=57.2 ms
08-10 23:21:11.054  5910  5910 D cellinfo: Latitude is 39.999797
08-10 23:21:11.054  5910  5910 D cellinfo: Longitude is -104.9813041
08-10 23:21:11.055  5910  5910 D cellinfo: Instantaneous GPS information: United States, Dwight D. Eisenhower Hwy, Broomfield, CO 80023, USA
08-10 23:21:11.055  5910  5910 D cellinfo: getCurrentLocation() result: Location (success): 39.999797, -104.9813041
08-10 23:21:11.105  5910  5910 D cellinfo: onCellInfoChanged: Operator: T-Mobile UpdateTimestamp: 18992140 CellConnectionStatus: 0
08-10 23:21:11.105  5910  5910 D cellinfo: onCellInfoChanged: LTE Cell Bands: [2] Bandwidth: 15000 Cell ID: 26609163 Physical Cell ID: 186 Tracking Area Code: 41463 EARFCN: 875
08-10 23:21:11.182  5910  5982 D cellinfo: 46 bytes from 44.241.174.93: icmp_seq=7059 ttl=44 time=54.5 ms
08-10 23:21:11.386  5910  5982 D cellinfo: 46 bytes from 44.241.174.93: icmp_seq=7060 ttl=44 time=57.5 ms
08-10 23:21:11.581  5910  5982 D cellinfo: 46 bytes from 44.241.174.93: icmp_seq=7061 ttl=44 time=51.3 ms
08-10 23:21:11.783  5910  5982 D cellinfo: 46 bytes from 44.241.174.93: icmp_seq=7062 ttl=44 time=51.7 ms
08-10 23:21:11.991  5910  5982 D cellinfo: 46 bytes from 44.241.174.93: icmp_seq=7063 ttl=44 time=59.3 ms
08-10 23:21:12.131  5910  5910 D cellinfo: onsignalStrengthsChanged: LTE Signal Strength info: rsrp: -92 rsrq: -15 rssi: -57 rssnr: 21
08-10 23:21:12.131  5910  5910 D cellinfo: onsignalStrengthsChanged: 5G-NR Signal Strength info: ssrsrp: -99 ssrsrq: -11 sssinr: 2147483647
08-10 23:21:12.190  5910  5982 D cellinfo: 46 bytes from 44.241.174.93: icmp_seq=7064 ttl=44 time=57.4 ms
08-10 23:21:12.388  5910  5982 D cellinfo: 46 bytes from 44.241.174.93: icmp_seq=7065 ttl=44 time=53.7 ms
08-10 23:21:12.592  5910  5982 D cellinfo: 46 bytes from 44.241.174.93: icmp_seq=7066 ttl=44 time=57.4 ms
08-10 23:21:12.794  5910  5982 D cellinfo: 46 bytes from 44.241.174.93: icmp_seq=7067 ttl=44 time=58.3 ms
08-10 23:21:12.982  5910  5982 D cellinfo: 46 bytes from 44.241.174.93: icmp_seq=7068 ttl=44 time=45.8 ms
08-10 23:21:13.181  5910  5982 D cellinfo: 46 bytes from 44.241.174.93: icmp_seq=7069 ttl=44 time=44.2 ms
08-10 23:21:13.381  5910  5982 D cellinfo: 46 bytes from 44.241.174.93: icmp_seq=7070 ttl=44 time=43.2 ms
08-10 23:21:13.582  5910  5982 D cellinfo: 46 bytes from 44.241.174.93: icmp_seq=7071 ttl=44 time=42.7 ms
08-10 23:21:13.785  5910  5982 D cellinfo: 46 bytes from 44.241.174.93: icmp_seq=7072 ttl=44 time=45.3 ms
08-10 23:21:14.002  5910  5982 D cellinfo: 46 bytes from 44.241.174.93: icmp_seq=7073 ttl=44 time=61.7 ms
08-10 23:21:14.213  5910  5982 D cellinfo: 46 bytes from 44.241.174.93: icmp_seq=7074 ttl=44 time=73.3 ms
08-10 23:21:14.344  5910  5910 D cellinfo: Latitude is 39.9993289
08-10 23:21:14.344  5910  5910 D cellinfo: Longitude is -104.9814795
08-10 23:21:14.344  5910  5910 D cellinfo: Instantaneous GPS information: United States, Dwight D. Eisenhower Hwy, Broomfield, CO 80023, USA
08-10 23:21:14.344  5910  5910 D cellinfo: getCurrentLocation() result: Location (success): 39.9993289, -104.9814795
08-10 23:21:14.346  5910  5910 D cellinfo: onCellInfoChanged: Operator: T-Mobile UpdateTimestamp: 18995130 CellConnectionStatus: 0
08-10 23:21:14.346  5910  5910 D cellinfo: onCellInfoChanged: LTE Cell Bands: [2] Bandwidth: 15000 Cell ID: 26609163 Physical Cell ID: 186 Tracking Area Code: 41463 EARFCN: 875
08-10 23:21:14.408  5910  5982 D cellinfo: 46 bytes from 44.241.174.93: icmp_seq=7075 ttl=44 time=67.7 ms
08-10 23:21:14.602  5910  5982 D cellinfo: 46 bytes from 44.241.174.93: icmp_seq=7076 ttl=44 time=60.3 ms
08-10 23:21:14.804  5910  5982 D cellinfo: 46 bytes from 44.241.174.93: icmp_seq=7077 ttl=44 time=61.6 ms
08-10 23:21:15.002  5910  5982 D cellinfo: 46 bytes from 44.241.174.93: icmp_seq=7078 ttl=44 time=59.3 ms
08-10 23:21:15.203  5910  5982 D cellinfo: 46 bytes from 44.241.174.93: icmp_seq=7079 ttl=44 time=60.3 ms
08-10 23:21:15.412  5910  5982 D cellinfo: 46 bytes from 44.241.174.93: icmp_seq=7080 ttl=44 time=68.5 ms
08-10 23:21:15.606  5910  5982 D cellinfo: 46 bytes from 44.241.174.93: icmp_seq=7081 ttl=44 time=60.8 ms
08-10 23:21:15.802  5910  5982 D cellinfo: 46 bytes from 44.241.174.93: icmp_seq=7082 ttl=44 time=57.3 ms
08-10 23:21:16.009  5910  5982 D cellinfo: 46 bytes from 44.241.174.93: icmp_seq=7083 ttl=44 time=63.2 ms
08-10 23:21:16.137  5910  5910 D cellinfo: onsignalStrengthsChanged: LTE Signal Strength info: rsrp: -87 rsrq: -13 rssi: -53 rssnr: 19
08-10 23:21:16.137  5910  5910 D cellinfo: onsignalStrengthsChanged: 5G-NR Signal Strength info: ssrsrp: -99 ssrsrq: -11 sssinr: 2147483647
08-10 23:21:16.211  5910  5982 D cellinfo: 46 bytes from 44.241.174.93: icmp_seq=7084 ttl=44 time=64.5 ms
08-10 23:21:16.251  5910  5910 D cellinfo: onsignalStrengthsChanged: LTE Signal Strength info: rsrp: -87 rsrq: -13 rssi: -53 rssnr: 19
08-10 23:21:16.251  5910  5910 D cellinfo: onsignalStrengthsChanged: 5G-NR Signal Strength info: ssrsrp: -94 ssrsrq: -11 sssinr: 2147483647
08-10 23:21:16.419  5910  5982 D cellinfo: 46 bytes from 44.241.174.93: icmp_seq=7085 ttl=44 time=71.7 ms
08-10 23:21:16.601  5910  5982 D cellinfo: 46 bytes from 44.241.174.93: icmp_seq=7086 ttl=44 time=53.2 ms
08-10 23:21:16.801  5910  5982 D cellinfo: 46 bytes from 44.241.174.93: icmp_seq=7087 ttl=44 time=52.7 ms
08-10 23:21:17.006  5910  5982 D cellinfo: 46 bytes from 44.241.174.93: icmp_seq=7088 ttl=44 time=57.3 ms
08-10 23:21:17.202  5910  5982 D cellinfo: 46 bytes from 44.241.174.93: icmp_seq=7089 ttl=44 time=52.3 ms
08-10 23:21:17.382  5910  5910 D cellinfo: Latitude is 39.9986942
08-10 23:21:17.382  5910  5910 D cellinfo: Longitude is -104.9817181
08-10 23:21:17.382  5910  5910 D cellinfo: Instantaneous GPS information: United States, Dwight D. Eisenhower Hwy, Broomfield, CO 80023, USA
08-10 23:21:17.382  5910  5910 D cellinfo: getCurrentLocation() result: Location (success): 39.9986942, -104.9817181
08-10 23:21:17.384  5910  5910 D cellinfo: onCellInfoChanged: Operator: T-Mobile UpdateTimestamp: 18998147 CellConnectionStatus: 0
08-10 23:21:17.384  5910  5910 D cellinfo: onCellInfoChanged: LTE Cell Bands: [2] Bandwidth: 15000 Cell ID: 26609163 Physical Cell ID: 186 Tracking Area Code: 41463 EARFCN: 875
08-10 23:21:17.402  5910  5982 D cellinfo: 46 bytes from 44.241.174.93: icmp_seq=7090 ttl=44 time=50.9 ms
08-10 23:21:17.602  5910  5982 D cellinfo: 46 bytes from 44.241.174.93: icmp_seq=7091 ttl=44 time=50.8 ms
08-10 23:21:17.801  5910  5982 D cellinfo: 46 bytes from 44.241.174.93: icmp_seq=7092 ttl=44 time=49.3 ms
08-10 23:21:18.001  5910  5982 D cellinfo: 46 bytes from 44.241.174.93: icmp_seq=7093 ttl=44 time=48.6 ms
08-10 23:21:18.203  5910  5982 D cellinfo: 46 bytes from 44.241.174.93: icmp_seq=7094 ttl=44 time=50.2 ms
08-10 23:21:18.406  5910  5982 D cellinfo: 46 bytes from 44.241.174.93: icmp_seq=7095 ttl=44 time=52.2 ms
08-10 23:21:18.602  5910  5982 D cellinfo: 46 bytes from 44.241.174.93: icmp_seq=7096 ttl=44 time=47.6 ms
08-10 23:21:18.802  5910  5982 D cellinfo: 46 bytes from 44.241.174.93: icmp_seq=7097 ttl=44 time=47.3 ms
08-10 23:21:18.853  5910  5910 D cellinfo: onsignalStrengthsChanged: LTE Signal Strength info: rsrp: -87 rsrq: -13 rssi: -51 rssnr: 19
08-10 23:21:18.853  5910  5910 D cellinfo: onsignalStrengthsChanged: 5G-NR Signal Strength info: ssrsrp: -94 ssrsrq: -11 sssinr: 2147483647
08-10 23:21:19.003  5910  5982 D cellinfo: 46 bytes from 44.241.174.93: icmp_seq=7098 ttl=44 time=47.3 ms
08-10 23:21:19.203  5910  5982 D cellinfo: 46 bytes from 44.241.174.93: icmp_seq=7099 ttl=44 time=47.4 ms
08-10 23:21:19.250  5910  5910 D cellinfo: onsignalStrengthsChanged: LTE Signal Strength info: rsrp: -87 rsrq: -13 rssi: -51 rssnr: 19
08-10 23:21:19.250  5910  5910 D cellinfo: onsignalStrengthsChanged: 5G-NR Signal Strength info: ssrsrp: -90 ssrsrq: -11 sssinr: 2147483647
08-10 23:21:19.411  5910  5982 D cellinfo: 46 bytes from 44.241.174.93: icmp_seq=7100 ttl=44 time=54.3 ms
08-10 23:21:19.605  5910  5982 D cellinfo: 46 bytes from 44.241.174.93: icmp_seq=7101 ttl=44 time=46.6 ms
08-10 23:21:19.806  5910  5982 D cellinfo: 46 bytes from 44.241.174.93: icmp_seq=7102 ttl=44 time=47.7 ms
08-10 23:21:20.010  5910  5982 D cellinfo: 46 bytes from 44.241.174.93: icmp_seq=7103 ttl=44 time=50.5 ms
08-10 23:21:20.217  5910  5982 D cellinfo: 46 bytes from 44.241.174.93: icmp_seq=7104 ttl=44 time=57.5 ms
08-10 23:21:20.380  5910  5910 D cellinfo: Latitude is 39.9984563
08-10 23:21:20.380  5910  5910 D cellinfo: Longitude is -104.981808
08-10 23:21:20.380  5910  5910 D cellinfo: Instantaneous GPS information: United States, Dwight D. Eisenhower Hwy, Broomfield, CO 80023, USA
08-10 23:21:20.380  5910  5910 D cellinfo: getCurrentLocation() result: Location (success): 39.9984563, -104.981808
08-10 23:21:20.382  5910  5910 D cellinfo: onCellInfoChanged: Operator: T-Mobile UpdateTimestamp: 19001148 CellConnectionStatus: 0
08-10 23:21:20.383  5910  5910 D cellinfo: onCellInfoChanged: LTE Cell Bands: [2] Bandwidth: 15000 Cell ID: 26609163 Physical Cell ID: 186 Tracking Area Code: 41463 EARFCN: 875
08-10 23:21:20.428  5910  5982 D cellinfo: 46 bytes from 44.241.174.93: icmp_seq=7105 ttl=44 time=67.2 ms
08-10 23:21:20.621  5910  5982 D cellinfo: 46 bytes from 44.241.174.93: icmp_seq=7106 ttl=44 time=59.2 ms
08-10 23:21:20.823  5910  5982 D cellinfo: 46 bytes from 44.241.174.93: icmp_seq=7107 ttl=44 time=60.1 ms
08-10 23:21:21.013  5910  5982 D cellinfo: 46 bytes from 44.241.174.93: icmp_seq=7108 ttl=44 time=49.2 ms
08-10 23:21:21.222  5910  5982 D cellinfo: 46 bytes from 44.241.174.93: icmp_seq=7109 ttl=44 time=58.3 ms
08-10 23:21:21.423  5910  5982 D cellinfo: 46 bytes from 44.241.174.93: icmp_seq=7110 ttl=44 time=58.4 ms
08-10 23:21:21.621  5910  5982 D cellinfo: 46 bytes from 44.241.174.93: icmp_seq=7111 ttl=44 time=56.2 ms
08-10 23:21:21.821  5910  5982 D cellinfo: 46 bytes from 44.241.174.93: icmp_seq=7112 ttl=44 time=55.1 ms
08-10 23:21:22.022  5910  5982 D cellinfo: 46 bytes from 44.241.174.93: icmp_seq=7113 ttl=44 time=54.3 ms
08-10 23:21:22.136  5910  5910 D cellinfo: onsignalStrengthsChanged: LTE Signal Strength info: rsrp: -78 rsrq: -13 rssi: -51 rssnr: 23
08-10 23:21:22.136  5910  5910 D cellinfo: onsignalStrengthsChanged: 5G-NR Signal Strength info: ssrsrp: -90 ssrsrq: -11 sssinr: 2147483647
08-10 23:21:22.222  5910  5982 D cellinfo: 46 bytes from 44.241.174.93: icmp_seq=7114 ttl=44 time=54.3 ms
08-10 23:21:22.248  5910  5910 D cellinfo: onsignalStrengthsChanged: LTE Signal Strength info: rsrp: -78 rsrq: -13 rssi: -51 rssnr: 23
08-10 23:21:22.248  5910  5910 D cellinfo: onsignalStrengthsChanged: 5G-NR Signal Strength info: ssrsrp: -87 ssrsrq: -11 sssinr: 2147483647
08-10 23:21:22.423  5910  5982 D cellinfo: 46 bytes from 44.241.174.93: icmp_seq=7115 ttl=44 time=54.2 ms
08-10 23:21:22.624  5910  5982 D cellinfo: 46 bytes from 44.241.174.93: icmp_seq=7116 ttl=44 time=54.7 ms
08-10 23:21:22.830  5910  5982 D cellinfo: 46 bytes from 44.241.174.93: icmp_seq=7117 ttl=44 time=60.2 ms
08-10 23:21:23.023  5910  5982 D cellinfo: 46 bytes from 44.241.174.93: icmp_seq=7118 ttl=44 time=52.6 ms
08-10 23:21:23.101  5910  5910 D cellinfo: onCellInfoChanged: Operator: T-Mobile UpdateTimestamp: 19004137 CellConnectionStatus: 0
08-10 23:21:23.101  5910  5910 D cellinfo: onCellInfoChanged: LTE Cell Bands: [2] Bandwidth: 15000 Cell ID: 26609163 Physical Cell ID: 186 Tracking Area Code: 41463 EARFCN: 875
08-10 23:21:23.223  5910  5982 D cellinfo: 46 bytes from 44.241.174.93: icmp_seq=7119 ttl=44 time=52.2 ms
08-10 23:21:23.424  5910  5982 D cellinfo: 46 bytes from 44.241.174.93: icmp_seq=7120 ttl=44 time=52.2 ms
08-10 23:21:23.630  5910  5982 D cellinfo: 46 bytes from 44.241.174.93: icmp_seq=7121 ttl=44 time=57.0 ms
08-10 23:21:23.822  5910  5982 D cellinfo: 46 bytes from 44.241.174.93: icmp_seq=7122 ttl=44 time=48.3 ms
