08-10 15:05:05.592 10557 12571 D cellinfo: 46 bytes from 44.241.174.93: icmp_seq=1100 ttl=20 time=92.2 ms
08-10 15:05:05.804 10557 12571 D cellinfo: 46 bytes from 44.241.174.93: icmp_seq=1101 ttl=20 time=103 ms
08-10 15:05:06.003 10557 12571 D cellinfo: 46 bytes from 44.241.174.93: icmp_seq=1102 ttl=20 time=102 ms
08-10 15:05:06.203 10557 12571 D cellinfo: 46 bytes from 44.241.174.93: icmp_seq=1103 ttl=20 time=102 ms
08-10 15:05:06.383 10557 12571 D cellinfo: 46 bytes from 44.241.174.93: icmp_seq=1104 ttl=20 time=81.7 ms
08-10 15:05:06.603 10557 12571 D cellinfo: 46 bytes from 44.241.174.93: icmp_seq=1105 ttl=20 time=100 ms
08-10 15:05:06.802 10557 12571 D cellinfo: 46 bytes from 44.241.174.93: icmp_seq=1106 ttl=20 time=98.6 ms
08-10 15:05:07.015 10557 12571 D cellinfo: 46 bytes from 44.241.174.93: icmp_seq=1107 ttl=20 time=110 ms
08-10 15:05:07.203 10557 12571 D cellinfo: 46 bytes from 44.241.174.93: icmp_seq=1108 ttl=20 time=98.0 ms
08-10 15:05:07.403 10557 12571 D cellinfo: 46 bytes from 44.241.174.93: icmp_seq=1109 ttl=20 time=98.2 ms
08-10 15:05:07.611 10557 12571 D cellinfo: 46 bytes from 44.241.174.93: icmp_seq=1110 ttl=20 time=105 ms
08-10 15:05:07.803 10557 12571 D cellinfo: 46 bytes from 44.241.174.93: icmp_seq=1111 ttl=20 time=96.3 ms
08-10 15:05:08.007 10557 12571 D cellinfo: 46 bytes from 44.241.174.93: icmp_seq=1112 ttl=20 time=99.5 ms
08-10 15:05:08.205 10557 12571 D cellinfo: 46 bytes from 44.241.174.93: icmp_seq=1113 ttl=20 time=97.1 ms
08-10 15:05:08.407 10557 12571 D cellinfo: 46 bytes from 44.241.174.93: icmp_seq=1114 ttl=20 time=98.5 ms
08-10 15:05:08.423 10557 10557 D cellinfo: Latitude is 40.7128521
08-10 15:05:08.423 10557 10557 D cellinfo: Longitude is -111.8708424
08-10 15:05:08.423 10557 10557 D cellinfo: Instantaneous GPS information: United States, 2685 700 E, Salt Lake City, UT 84106, USA
08-10 15:05:08.423 10557 10557 D cellinfo: getCurrentLocation() result: Location (success): 40.7128521, -111.8708424
08-10 15:05:08.462 10557 10557 D cellinfo: onCellInfoChanged: Operator: T-Mobile UpdateTimestamp: 349453 CellConnectionStatus: 0
08-10 15:05:08.462 10557 10557 D cellinfo: onCellInfoChanged: LTE Cell Bands: [2] Bandwidth: 15000 Cell ID: 21559051 Physical Cell ID: 176 Tracking Area Code: 11620 EARFCN: 675
08-10 15:05:08.602 10557 10557 D cellinfo: onsignalStrengthsChanged: LTE Signal Strength info: rsrp: -95 rsrq: -12 rssi: -63 rssnr: 17
08-10 15:05:08.602 10557 10557 D cellinfo: onsignalStrengthsChanged: 5G-NR Signal Strength info: ssrsrp: -80 ssrsrq: -11 sssinr: 2147483647
08-10 15:05:08.603 10557 12571 D cellinfo: 46 bytes from 44.241.174.93: icmp_seq=1115 ttl=20 time=93.6 ms
08-10 15:05:08.809 10557 12571 D cellinfo: 46 bytes from 44.241.174.93: icmp_seq=1116 ttl=20 time=99.4 ms
08-10 15:05:09.009 10557 12571 D cellinfo: 46 bytes from 44.241.174.93: icmp_seq=1117 ttl=20 time=97.9 ms
08-10 15:05:09.207 10557 12571 D cellinfo: 46 bytes from 44.241.174.93: icmp_seq=1118 ttl=20 time=96.8 ms
08-10 15:05:09.422 10557 12571 D cellinfo: 46 bytes from 44.241.174.93: icmp_seq=1119 ttl=20 time=111 ms
08-10 15:05:09.609 10557 12571 D cellinfo: 46 bytes from 44.241.174.93: icmp_seq=1120 ttl=20 time=97.5 ms
08-10 15:05:09.811 10557 12571 D cellinfo: 46 bytes from 44.241.174.93: icmp_seq=1121 ttl=20 time=99.3 ms
08-10 15:05:10.009 10557 12571 D cellinfo: 46 bytes from 44.241.174.93: icmp_seq=1122 ttl=20 time=96.1 ms
08-10 15:05:10.224 10557 12571 D cellinfo: 46 bytes from 44.241.174.93: icmp_seq=1123 ttl=20 time=111 ms
08-10 15:05:10.402 10557 12571 D cellinfo: 46 bytes from 44.241.174.93: icmp_seq=1124 ttl=20 time=89.1 ms
08-10 15:05:10.625 10557 12571 D cellinfo: 46 bytes from 44.241.174.93: icmp_seq=1125 ttl=20 time=111 ms
08-10 15:05:10.803 10557 12571 D cellinfo: 46 bytes from 44.241.174.93: icmp_seq=1126 ttl=20 time=88.8 ms
08-10 15:05:11.018 10557 12571 D cellinfo: 46 bytes from 44.241.174.93: icmp_seq=1127 ttl=20 time=102 ms
08-10 15:05:11.204 10557 12571 D cellinfo: 46 bytes from 44.241.174.93: icmp_seq=1128 ttl=20 time=89.3 ms
08-10 15:05:11.430 10557 12571 D cellinfo: 46 bytes from 44.241.174.93: icmp_seq=1129 ttl=20 time=114 ms
08-10 15:05:11.460 10557 10557 D cellinfo: onCellInfoChanged: Operator: T-Mobile UpdateTimestamp: 352453 CellConnectionStatus: 0
08-10 15:05:11.460 10557 10557 D cellinfo: onCellInfoChanged: LTE Cell Bands: [2] Bandwidth: 15000 Cell ID: 21559051 Physical Cell ID: 176 Tracking Area Code: 11620 EARFCN: 675
08-10 15:05:11.600 10557 10557 D cellinfo: onsignalStrengthsChanged: LTE Signal Strength info: rsrp: -96 rsrq: -10 rssi: -69 rssnr: 17
08-10 15:05:11.600 10557 10557 D cellinfo: onsignalStrengthsChanged: 5G-NR Signal Strength info: ssrsrp: -80 ssrsrq: -11 sssinr: 2147483647
08-10 15:05:11.624 10557 12571 D cellinfo: 46 bytes from 44.241.174.93: icmp_seq=1130 ttl=20 time=108 ms
08-10 15:05:11.819 10557 12571 D cellinfo: 46 bytes from 44.241.174.93: icmp_seq=1131 ttl=20 time=102 ms
08-10 15:05:12.003 10557 12571 D cellinfo: 46 bytes from 44.241.174.93: icmp_seq=1132 ttl=20 time=85.9 ms
08-10 15:05:12.224 10557 12571 D cellinfo: 46 bytes from 44.241.174.93: icmp_seq=1133 ttl=20 time=107 ms
08-10 15:05:12.403 10557 12571 D cellinfo: 46 bytes from 44.241.174.93: icmp_seq=1134 ttl=20 time=85.6 ms
08-10 15:05:12.630 10557 12571 D cellinfo: 46 bytes from 44.241.174.93: icmp_seq=1135 ttl=20 time=111 ms
08-10 15:05:12.803 10557 12571 D cellinfo: 46 bytes from 44.241.174.93: icmp_seq=1136 ttl=20 time=83.5 ms
08-10 15:05:12.999 10557 12571 D cellinfo: 46 bytes from 44.241.174.93: icmp_seq=1137 ttl=20 time=78.2 ms
08-10 15:05:13.203 10557 12571 D cellinfo: 46 bytes from 44.241.174.93: icmp_seq=1138 ttl=20 time=81.2 ms
08-10 15:05:13.431 10557 12571 D cellinfo: 46 bytes from 44.241.174.93: icmp_seq=1139 ttl=20 time=109 ms
08-10 15:05:13.602 10557 12571 D cellinfo: 46 bytes from 44.241.174.93: icmp_seq=1140 ttl=20 time=79.8 ms
08-10 15:05:13.810 10557 12571 D cellinfo: 46 bytes from 44.241.174.93: icmp_seq=1141 ttl=20 time=87.3 ms
08-10 15:05:14.026 10557 12571 D cellinfo: 46 bytes from 44.241.174.93: icmp_seq=1142 ttl=20 time=102 ms
08-10 15:05:14.229 10557 12571 D cellinfo: 46 bytes from 44.241.174.93: icmp_seq=1143 ttl=20 time=105 ms
08-10 15:05:14.270 10557 10557 D cellinfo: Latitude is 40.7128484
08-10 15:05:14.270 10557 10557 D cellinfo: Longitude is -111.8707501
08-10 15:05:14.270 10557 10557 D cellinfo: Instantaneous GPS information: United States, 2685 700 E, Salt Lake City, UT 84106, USA
08-10 15:05:14.270 10557 10557 D cellinfo: getCurrentLocation() result: Location (success): 40.7128484, -111.8707501
08-10 15:05:14.315 10557 10557 D cellinfo: onCellInfoChanged: Operator: T-Mobile UpdateTimestamp: 355309 CellConnectionStatus: 0
08-10 15:05:14.315 10557 10557 D cellinfo: onCellInfoChanged: LTE Cell Bands: [2] Bandwidth: 15000 Cell ID: 21559051 Physical Cell ID: 176 Tracking Area Code: 11620 EARFCN: 675
08-10 15:05:14.371 10557 10557 D cellinfo: onsignalStrengthsChanged: LTE Signal Strength info: rsrp: -96 rsrq: -13 rssi: -65 rssnr: 15
08-10 15:05:14.371 10557 10557 D cellinfo: onsignalStrengthsChanged: 5G-NR Signal Strength info: ssrsrp: -80 ssrsrq: -11 sssinr: 2147483647
08-10 15:05:14.407 10557 10557 D cellinfo: Latitude is 40.7128484
08-10 15:05:14.407 10557 10557 D cellinfo: Longitude is -111.8707483
08-10 15:05:14.407 10557 10557 D cellinfo: Instantaneous GPS information: United States, 2685 700 E, Salt Lake City, UT 84106, USA
08-10 15:05:14.407 10557 10557 D cellinfo: getCurrentLocation() result: Location (success): 40.7128484, -111.8707483
08-10 15:05:14.444 10557 12571 D cellinfo: 46 bytes from 44.241.174.93: icmp_seq=1144 ttl=20 time=120 ms
08-10 15:05:14.623 10557 12571 D cellinfo: 46 bytes from 44.241.174.93: icmp_seq=1145 ttl=20 time=97.9 ms
08-10 15:05:14.824 10557 12571 D cellinfo: 46 bytes from 44.241.174.93: icmp_seq=1146 ttl=20 time=98.1 ms
08-10 15:05:15.024 10557 12571 D cellinfo: 46 bytes from 44.241.174.93: icmp_seq=1147 ttl=20 time=96.6 ms
08-10 15:05:15.230 10557 12571 D cellinfo: 46 bytes from 44.241.174.93: icmp_seq=1148 ttl=20 time=102 ms
08-10 15:05:15.424 10557 12571 D cellinfo: 46 bytes from 44.241.174.93: icmp_seq=1149 ttl=20 time=95.4 ms
08-10 15:05:15.622 10557 12571 D cellinfo: 46 bytes from 44.241.174.93: icmp_seq=1150 ttl=20 time=93.0 ms
08-10 15:05:15.824 10557 12571 D cellinfo: 46 bytes from 44.241.174.93: icmp_seq=1151 ttl=20 time=94.1 ms
08-10 15:05:16.025 10557 12571 D cellinfo: 46 bytes from 44.241.174.93: icmp_seq=1152 ttl=20 time=94.3 ms
08-10 15:05:16.225 10557 12571 D cellinfo: 46 bytes from 44.241.174.93: icmp_seq=1153 ttl=20 time=94.5 ms
08-10 15:05:16.423 10557 12571 D cellinfo: 46 bytes from 44.241.174.93: icmp_seq=1154 ttl=20 time=91.7 ms
08-10 15:05:16.630 10557 12571 D cellinfo: 46 bytes from 44.241.174.93: icmp_seq=1155 ttl=20 time=97.5 ms
08-10 15:05:16.824 10557 12571 D cellinfo: 46 bytes from 44.241.174.93: icmp_seq=1156 ttl=20 time=90.8 ms
08-10 15:05:17.057 10557 12571 D cellinfo: 46 bytes from 44.241.174.93: icmp_seq=1157 ttl=20 time=122 ms
08-10 15:05:17.225 10557 12571 D cellinfo: 46 bytes from 44.241.174.93: icmp_seq=1158 ttl=20 time=90.0 ms
08-10 15:05:17.412 10557 10557 D cellinfo: Latitude is 40.712848
08-10 15:05:17.412 10557 10557 D cellinfo: Longitude is -111.8707489
08-10 15:05:17.412 10557 10557 D cellinfo: Instantaneous GPS information: United States, 2685 700 E, Salt Lake City, UT 84106, USA
08-10 15:05:17.412 10557 10557 D cellinfo: getCurrentLocation() result: Location (success): 40.712848, -111.8707489
08-10 15:05:17.445 10557 12571 D cellinfo: 46 bytes from 44.241.174.93: icmp_seq=1159 ttl=20 time=109 ms
08-10 15:05:17.464 10557 10557 D cellinfo: onCellInfoChanged: Operator: T-Mobile UpdateTimestamp: 358454 CellConnectionStatus: 0
08-10 15:05:17.465 10557 10557 D cellinfo: onCellInfoChanged: LTE Cell Bands: [2] Bandwidth: 15000 Cell ID: 21559051 Physical Cell ID: 176 Tracking Area Code: 11620 EARFCN: 675
08-10 15:05:17.604 10557 10557 D cellinfo: onsignalStrengthsChanged: LTE Signal Strength info: rsrp: -97 rsrq: -11 rssi: -67 rssnr: 15
08-10 15:05:17.604 10557 10557 D cellinfo: onsignalStrengthsChanged: 5G-NR Signal Strength info: ssrsrp: -80 ssrsrq: -11 sssinr: 2147483647
08-10 15:05:17.637 10557 12571 D cellinfo: 46 bytes from 44.241.174.93: icmp_seq=1160 ttl=20 time=101 ms
08-10 15:05:17.824 10557 12571 D cellinfo: 46 bytes from 44.241.174.93: icmp_seq=1161 ttl=20 time=87.3 ms
08-10 15:05:18.029 10557 12571 D cellinfo: 46 bytes from 44.241.174.93: icmp_seq=1162 ttl=20 time=91.2 ms
08-10 15:05:18.231 10557 12571 D cellinfo: 46 bytes from 44.241.174.93: icmp_seq=1163 ttl=20 time=93.2 ms
08-10 15:05:18.434 10557 12571 D cellinfo: 46 bytes from 44.241.174.93: icmp_seq=1164 ttl=20 time=95.5 ms
08-10 15:05:18.629 10557 12571 D cellinfo: 46 bytes from 44.241.174.93: icmp_seq=1165 ttl=20 time=90.3 ms
08-10 15:05:18.852 10557 12571 D cellinfo: 46 bytes from 44.241.174.93: icmp_seq=1166 ttl=20 time=112 ms
08-10 15:05:19.023 10557 12571 D cellinfo: 46 bytes from 44.241.174.93: icmp_seq=1167 ttl=20 time=82.3 ms
08-10 15:05:19.245 10557 12571 D cellinfo: 46 bytes from 44.241.174.93: icmp_seq=1168 ttl=20 time=104 ms
08-10 15:05:19.448 10557 12571 D cellinfo: 46 bytes from 44.241.174.93: icmp_seq=1169 ttl=20 time=106 ms
08-10 15:05:19.623 10557 12571 D cellinfo: 46 bytes from 44.241.174.93: icmp_seq=1170 ttl=20 time=80.7 ms
08-10 15:05:19.842 10557 12571 D cellinfo: 46 bytes from 44.241.174.93: icmp_seq=1171 ttl=20 time=98.7 ms
08-10 15:05:20.049 10557 12571 D cellinfo: 46 bytes from 44.241.174.93: icmp_seq=1172 ttl=20 time=104 ms
08-10 15:05:20.244 10557 12571 D cellinfo: 46 bytes from 44.241.174.93: icmp_seq=1173 ttl=20 time=99.4 ms
08-10 15:05:20.413 10557 10557 D cellinfo: Latitude is 40.7128373
08-10 15:05:20.413 10557 10557 D cellinfo: Longitude is -111.8707839
08-10 15:05:20.413 10557 10557 D cellinfo: Instantaneous GPS information: United States, 2685 700 E, Salt Lake City, UT 84106, USA
08-10 15:05:20.413 10557 10557 D cellinfo: getCurrentLocation() result: Location (success): 40.7128373, -111.8707839
08-10 15:05:20.443 10557 12571 D cellinfo: 46 bytes from 44.241.174.93: icmp_seq=1174 ttl=20 time=97.0 ms
08-10 15:05:20.473 10557 10557 D cellinfo: onCellInfoChanged: Operator: T-Mobile UpdateTimestamp: 361466 CellConnectionStatus: 0
08-10 15:05:20.473 10557 10557 D cellinfo: onCellInfoChanged: LTE Cell Bands: [2] Bandwidth: 15000 Cell ID: 21559051 Physical Cell ID: 176 Tracking Area Code: 11620 EARFCN: 675
08-10 15:05:20.603 10557 10557 D cellinfo: onsignalStrengthsChanged: LTE Signal Strength info: rsrp: -96 rsrq: -11 rssi: -67 rssnr: 16
08-10 15:05:20.603 10557 10557 D cellinfo: onsignalStrengthsChanged: 5G-NR Signal Strength info: ssrsrp: -80 ssrsrq: -11 sssinr: 2147483647
08-10 15:05:20.647 10557 12571 D cellinfo: 46 bytes from 44.241.174.93: icmp_seq=1175 ttl=20 time=101 ms
08-10 15:05:20.828 10557 12571 D cellinfo: 46 bytes from 44.241.174.93: icmp_seq=1176 ttl=20 time=81.4 ms
08-10 15:05:21.043 10557 12571 D cellinfo: 46 bytes from 44.241.174.93: icmp_seq=1177 ttl=20 time=95.7 ms
08-10 15:05:21.263 10557 12571 D cellinfo: 46 bytes from 44.241.174.93: icmp_seq=1178 ttl=20 time=115 ms
08-10 15:05:21.442 10557 12571 D cellinfo: 46 bytes from 44.241.174.93: icmp_seq=1179 ttl=20 time=93.6 ms
08-10 15:05:21.643 10557 12571 D cellinfo: 46 bytes from 44.241.174.93: icmp_seq=1180 ttl=20 time=92.8 ms
08-10 15:05:21.842 10557 12571 D cellinfo: 46 bytes from 44.241.174.93: icmp_seq=1181 ttl=20 time=92.1 ms
08-10 15:05:22.048 10557 12571 D cellinfo: 46 bytes from 44.241.174.93: icmp_seq=1182 ttl=20 time=97.9 ms
08-10 15:05:22.239 10557 12571 D cellinfo: 46 bytes from 44.241.174.93: icmp_seq=1183 ttl=20 time=88.9 ms
08-10 15:05:22.468 10557 12571 D cellinfo: 46 bytes from 44.241.174.93: icmp_seq=1184 ttl=20 time=117 ms
08-10 15:05:22.650 10557 12571 D cellinfo: 46 bytes from 44.241.174.93: icmp_seq=1185 ttl=20 time=98.9 ms
08-10 15:05:22.855 10557 12571 D cellinfo: 46 bytes from 44.241.174.93: icmp_seq=1186 ttl=20 time=103 ms
08-10 15:05:23.043 10557 12571 D cellinfo: 46 bytes from 44.241.174.93: icmp_seq=1187 ttl=20 time=90.2 ms
08-10 15:05:23.243 10557 12571 D cellinfo: 46 bytes from 44.241.174.93: icmp_seq=1188 ttl=20 time=90.2 ms
08-10 15:05:23.443 10557 12571 D cellinfo: 46 bytes from 44.241.174.93: icmp_seq=1189 ttl=20 time=89.3 ms
08-10 15:05:23.651 10557 12571 D cellinfo: 46 bytes from 44.241.174.93: icmp_seq=1190 ttl=20 time=96.3 ms
08-10 15:05:23.993 10557 12571 D cellinfo: 46 bytes from 44.241.174.93: icmp_seq=1191 ttl=20 time=236 ms
08-10 15:05:23.994 10557 12571 D cellinfo: 46 bytes from 44.241.174.93: icmp_seq=1191 ttl=20 time=237 ms (DUP!)
08-10 15:05:23.999 10557 10557 D cellinfo: Latitude is 40.71283
08-10 15:05:23.999 10557 10557 D cellinfo: Longitude is -111.8708055
08-10 15:05:23.999 10557 10557 D cellinfo: Instantaneous GPS information: United States, 2685 700 E, Salt Lake City, UT 84106, USA
08-10 15:05:23.999 10557 10557 D cellinfo: getCurrentLocation() result: Location (success): 40.71283, -111.8708055
08-10 15:05:24.001 10557 10557 D cellinfo: onCellInfoChanged: Operator: T-Mobile UpdateTimestamp: 364467 CellConnectionStatus: 0
08-10 15:05:24.001 10557 10557 D cellinfo: onCellInfoChanged: LTE Cell Bands: [2] Bandwidth: 15000 Cell ID: 21559051 Physical Cell ID: 176 Tracking Area Code: 11620 EARFCN: 675
08-10 15:05:24.002 10557 10557 D cellinfo: onsignalStrengthsChanged: LTE Signal Strength info: rsrp: -96 rsrq: -14 rssi: -63 rssnr: 15
08-10 15:05:24.002 10557 10557 D cellinfo: onsignalStrengthsChanged: 5G-NR Signal Strength info: ssrsrp: -80 ssrsrq: -11 sssinr: 2147483647
08-10 15:05:24.043 10557 12571 D cellinfo: 46 bytes from 44.241.174.93: icmp_seq=1192 ttl=20 time=85.1 ms
08-10 15:05:24.254 10557 12571 D cellinfo: 46 bytes from 44.241.174.93: icmp_seq=1193 ttl=20 time=96.9 ms
08-10 15:05:24.455 10557 12571 D cellinfo: 46 bytes from 44.241.174.93: icmp_seq=1194 ttl=20 time=97.1 ms
08-10 15:05:24.650 10557 12571 D cellinfo: 46 bytes from 44.241.174.93: icmp_seq=1195 ttl=20 time=91.2 ms
08-10 15:05:24.846 10557 12571 D cellinfo: 46 bytes from 44.241.174.93: icmp_seq=1196 ttl=20 time=86.0 ms
08-10 15:05:25.067 10557 12571 D cellinfo: 46 bytes from 44.241.174.93: icmp_seq=1197 ttl=20 time=107 ms
08-10 15:05:25.244 10557 12571 D cellinfo: 46 bytes from 44.241.174.93: icmp_seq=1198 ttl=20 time=84.3 ms
08-10 15:05:25.451 10557 12571 D cellinfo: 46 bytes from 44.241.174.93: icmp_seq=1199 ttl=20 time=89.9 ms
08-10 15:05:25.671 10557 12571 D cellinfo: 46 bytes from 44.241.174.93: icmp_seq=1200 ttl=20 time=109 ms
08-10 15:05:25.848 10557 12571 D cellinfo: 46 bytes from 44.241.174.93: icmp_seq=1201 ttl=20 time=85.9 ms
08-10 15:05:26.070 10557 12571 D cellinfo: 46 bytes from 44.241.174.93: icmp_seq=1202 ttl=20 time=107 ms
08-10 15:05:26.272 10557 12571 D cellinfo: 46 bytes from 44.241.174.93: icmp_seq=1203 ttl=20 time=108 ms
08-10 15:05:26.471 10557 12571 D cellinfo: 46 bytes from 44.241.174.93: icmp_seq=1204 ttl=20 time=106 ms
08-10 15:05:26.471 10557 10557 D cellinfo: onCellInfoChanged: Operator: T-Mobile UpdateTimestamp: 367465 CellConnectionStatus: 0
08-10 15:05:26.471 10557 10557 D cellinfo: onCellInfoChanged: LTE Cell Bands: [2] Bandwidth: 15000 Cell ID: 21559051 Physical Cell ID: 176 Tracking Area Code: 11620 EARFCN: 675
08-10 15:05:26.667 10557 12571 D cellinfo: 46 bytes from 44.241.174.93: icmp_seq=1205 ttl=20 time=102 ms
08-10 15:05:26.869 10557 12571 D cellinfo: 46 bytes from 44.241.174.93: icmp_seq=1206 ttl=20 time=102 ms
08-10 15:05:27.068 10557 12571 D cellinfo: 46 bytes from 44.241.174.93: icmp_seq=1207 ttl=20 time=100 ms
08-10 15:05:27.267 10557 12571 D cellinfo: 46 bytes from 44.241.174.93: icmp_seq=1208 ttl=20 time=99.8 ms
08-10 15:05:27.472 10557 12571 D cellinfo: 46 bytes from 44.241.174.93: icmp_seq=1209 ttl=20 time=104 ms
08-10 15:05:27.670 10557 12571 D cellinfo: 46 bytes from 44.241.174.93: icmp_seq=1210 ttl=20 time=101 ms
08-10 15:05:27.882 10557 12571 D cellinfo: 46 bytes from 44.241.174.93: icmp_seq=1211 ttl=20 time=112 ms
08-10 15:05:28.069 10557 12571 D cellinfo: 46 bytes from 44.241.174.93: icmp_seq=1212 ttl=20 time=98.3 ms
08-10 15:05:28.284 10557 12571 D cellinfo: 46 bytes from 44.241.174.93: icmp_seq=1213 ttl=20 time=113 ms
08-10 15:05:28.472 10557 12571 D cellinfo: 46 bytes from 44.241.174.93: icmp_seq=1214 ttl=20 time=101 ms
08-10 15:05:28.673 10557 12571 D cellinfo: 46 bytes from 44.241.174.93: icmp_seq=1215 ttl=20 time=100 ms
08-10 15:05:28.869 10557 12571 D cellinfo: 46 bytes from 44.241.174.93: icmp_seq=1216 ttl=20 time=96.2 ms
08-10 15:05:29.068 10557 12571 D cellinfo: 46 bytes from 44.241.174.93: icmp_seq=1217 ttl=20 time=93.9 ms
08-10 15:05:29.280 10557 10557 D cellinfo: Latitude is 40.7128834
08-10 15:05:29.280 10557 10557 D cellinfo: Longitude is -111.8707649
08-10 15:05:29.280 10557 10557 D cellinfo: Instantaneous GPS information: United States, 2685 UT-71, Salt Lake City, UT 84106, USA
08-10 15:05:29.280 10557 10557 D cellinfo: getCurrentLocation() result: Location (success): 40.7128834, -111.8707649
08-10 15:05:29.286 10557 12571 D cellinfo: 46 bytes from 44.241.174.93: icmp_seq=1218 ttl=20 time=112 ms
08-10 15:05:29.378 10557 10557 D cellinfo: onCellInfoChanged: Operator: T-Mobile UpdateTimestamp: 370374 CellConnectionStatus: 0
08-10 15:05:29.379 10557 10557 D cellinfo: onCellInfoChanged: LTE Cell Bands: [2] Bandwidth: 15000 Cell ID: 21559051 Physical Cell ID: 176 Tracking Area Code: 11620 EARFCN: 675
08-10 15:05:29.403 10557 10557 D cellinfo: Latitude is 40.7128834
08-10 15:05:29.403 10557 10557 D cellinfo: Longitude is -111.8707649
08-10 15:05:29.403 10557 10557 D cellinfo: Instantaneous GPS information: United States, 2685 UT-71, Salt Lake City, UT 84106, USA
08-10 15:05:29.403 10557 10557 D cellinfo: getCurrentLocation() result: Location (success): 40.7128834, -111.8707649
08-10 15:05:29.464 10557 12571 D cellinfo: 46 bytes from 44.241.174.93: icmp_seq=1219 ttl=20 time=89.9 ms
08-10 15:05:29.605 10557 10557 D cellinfo: onsignalStrengthsChanged: LTE Signal Strength info: rsrp: -97 rsrq: -16 rssi: -63 rssnr: 15
08-10 15:05:29.605 10557 10557 D cellinfo: onsignalStrengthsChanged: 5G-NR Signal Strength info: ssrsrp: -80 ssrsrq: -11 sssinr: 2147483647
08-10 15:05:29.665 10557 12571 D cellinfo: 46 bytes from 44.241.174.93: icmp_seq=1220 ttl=20 time=90.1 ms
08-10 15:05:29.864 10557 12571 D cellinfo: 46 bytes from 44.241.174.93: icmp_seq=1221 ttl=20 time=88.9 ms
08-10 15:05:30.084 10557 12571 D cellinfo: 46 bytes from 44.241.174.93: icmp_seq=1222 ttl=20 time=107 ms
08-10 15:05:30.263 10557 12571 D cellinfo: 46 bytes from 44.241.174.93: icmp_seq=1223 ttl=20 time=88.3 ms
08-10 15:05:30.472 10557 12571 D cellinfo: 46 bytes from 44.241.174.93: icmp_seq=1224 ttl=20 time=96.1 ms
08-10 15:05:30.669 10557 12571 D cellinfo: 46 bytes from 44.241.174.93: icmp_seq=1225 ttl=20 time=92.0 ms
08-10 15:05:30.889 10557 12571 D cellinfo: 46 bytes from 44.241.174.93: icmp_seq=1226 ttl=20 time=111 ms
08-10 15:05:31.070 10557 12571 D cellinfo: 46 bytes from 44.241.174.93: icmp_seq=1227 ttl=20 time=92.7 ms
08-10 15:05:31.271 10557 12571 D cellinfo: 46 bytes from 44.241.174.93: icmp_seq=1228 ttl=20 time=93.6 ms
08-10 15:05:31.487 10557 12571 D cellinfo: 46 bytes from 44.241.174.93: icmp_seq=1229 ttl=20 time=108 ms
08-10 15:05:31.672 10557 12571 D cellinfo: 46 bytes from 44.241.174.93: icmp_seq=1230 ttl=20 time=92.9 ms
08-10 15:05:31.873 10557 12571 D cellinfo: 46 bytes from 44.241.174.93: icmp_seq=1231 ttl=20 time=93.5 ms
08-10 15:05:32.074 10557 12571 D cellinfo: 46 bytes from 44.241.174.93: icmp_seq=1232 ttl=20 time=92.9 ms
08-10 15:05:32.286 10557 12571 D cellinfo: 46 bytes from 44.241.174.93: icmp_seq=1233 ttl=20 time=105 ms
08-10 15:05:32.417 10557 10557 D cellinfo: Latitude is 40.7128837
08-10 15:05:32.418 10557 10557 D cellinfo: Longitude is -111.8707645
08-10 15:05:32.418 10557 10557 D cellinfo: Instantaneous GPS information: United States, 2685 UT-71, Salt Lake City, UT 84106, USA
08-10 15:05:32.418 10557 10557 D cellinfo: getCurrentLocation() result: Location (success): 40.7128837, -111.8707645
08-10 15:05:32.476 10557 12571 D cellinfo: 46 bytes from 44.241.174.93: icmp_seq=1234 ttl=20 time=94.3 ms
08-10 15:05:32.487 10557 10557 D cellinfo: onCellInfoChanged: Operator: T-Mobile UpdateTimestamp: 373479 CellConnectionStatus: 0
08-10 15:05:32.488 10557 10557 D cellinfo: onCellInfoChanged: LTE Cell Bands: [2] Bandwidth: 15000 Cell ID: 21559051 Physical Cell ID: 176 Tracking Area Code: 11620 EARFCN: 675
08-10 15:05:32.603 10557 10557 D cellinfo: onsignalStrengthsChanged: LTE Signal Strength info: rsrp: -94 rsrq: -14 rssi: -63 rssnr: 16
08-10 15:05:32.603 10557 10557 D cellinfo: onsignalStrengthsChanged: 5G-NR Signal Strength info: ssrsrp: -80 ssrsrq: -11 sssinr: 2147483647
08-10 15:05:32.687 10557 12571 D cellinfo: 46 bytes from 44.241.174.93: icmp_seq=1235 ttl=20 time=104 ms
08-10 15:05:32.784 10557 10557 D cellinfo: onsignalStrengthsChanged: LTE Signal Strength info: rsrp: -94 rsrq: -14 rssi: -63 rssnr: 16
08-10 15:05:32.784 10557 10557 D cellinfo: onsignalStrengthsChanged: 5G-NR Signal Strength info: ssrsrp: -81 ssrsrq: -11 sssinr: 2147483647
08-10 15:05:32.868 10557 12571 D cellinfo: 46 bytes from 44.241.174.93: icmp_seq=1236 ttl=20 time=85.4 ms
08-10 15:05:33.083 10557 12571 D cellinfo: 46 bytes from 44.241.174.93: icmp_seq=1237 ttl=20 time=99.3 ms
08-10 15:05:33.286 10557 12571 D cellinfo: 46 bytes from 44.241.174.93: icmp_seq=1238 ttl=20 time=102 ms
08-10 15:05:33.483 10557 12571 D cellinfo: 46 bytes from 44.241.174.93: icmp_seq=1239 ttl=20 time=98.8 ms
08-10 15:05:33.684 10557 12571 D cellinfo: 46 bytes from 44.241.174.93: icmp_seq=1240 ttl=20 time=99.4 ms
08-10 15:05:33.884 10557 12571 D cellinfo: 46 bytes from 44.241.174.93: icmp_seq=1241 ttl=20 time=98.1 ms
08-10 15:05:34.088 10557 12571 D cellinfo: 46 bytes from 44.241.174.93: icmp_seq=1242 ttl=20 time=102 ms
08-10 15:05:34.286 10557 12571 D cellinfo: 46 bytes from 44.241.174.93: icmp_seq=1243 ttl=20 time=100 ms
08-10 15:05:34.483 10557 12571 D cellinfo: 46 bytes from 44.241.174.93: icmp_seq=1244 ttl=20 time=96.6 ms
08-10 15:05:34.684 10557 12571 D cellinfo: 46 bytes from 44.241.174.93: icmp_seq=1245 ttl=20 time=96.5 ms
08-10 15:05:34.888 10557 12571 D cellinfo: 46 bytes from 44.241.174.93: icmp_seq=1246 ttl=20 time=99.4 ms
08-10 15:05:35.089 10557 12571 D cellinfo: 46 bytes from 44.241.174.93: icmp_seq=1247 ttl=20 time=99.7 ms
08-10 15:05:35.294 10557 12571 D cellinfo: 46 bytes from 44.241.174.93: icmp_seq=1248 ttl=20 time=104 ms
08-10 15:05:35.411 10557 10557 D cellinfo: Latitude is 40.7128642
08-10 15:05:35.411 10557 10557 D cellinfo: Longitude is -111.8707585
08-10 15:05:35.411 10557 10557 D cellinfo: Instantaneous GPS information: United States, 2685 700 E, Salt Lake City, UT 84106, USA
08-10 15:05:35.411 10557 10557 D cellinfo: getCurrentLocation() result: Location (success): 40.7128642, -111.8707585
08-10 15:05:35.474 10557 10557 D cellinfo: onCellInfoChanged: Operator: T-Mobile UpdateTimestamp: 376463 CellConnectionStatus: 0
08-10 15:05:35.474 10557 10557 D cellinfo: onCellInfoChanged: LTE Cell Bands: [2] Bandwidth: 15000 Cell ID: 21559051 Physical Cell ID: 176 Tracking Area Code: 11620 EARFCN: 675
08-10 15:05:35.489 10557 12571 D cellinfo: 46 bytes from 44.241.174.93: icmp_seq=1249 ttl=20 time=98.9 ms
08-10 15:05:35.602 10557 10557 D cellinfo: onsignalStrengthsChanged: LTE Signal Strength info: rsrp: -94 rsrq: -13 rssi: -63 rssnr: 16
08-10 15:05:35.602 10557 10557 D cellinfo: onsignalStrengthsChanged: 5G-NR Signal Strength info: ssrsrp: -81 ssrsrq: -11 sssinr: 2147483647
08-10 15:05:35.690 10557 12571 D cellinfo: 46 bytes from 44.241.174.93: icmp_seq=1250 ttl=20 time=99.5 ms
08-10 15:05:35.889 10557 12571 D cellinfo: 46 bytes from 44.241.174.93: icmp_seq=1251 ttl=20 time=97.7 ms
08-10 15:05:36.082 10557 12571 D cellinfo: 46 bytes from 44.241.174.93: icmp_seq=1252 ttl=20 time=89.5 ms
08-10 15:05:36.304 10557 12571 D cellinfo: 46 bytes from 44.241.174.93: icmp_seq=1253 ttl=20 time=110 ms
08-10 15:05:36.686 10557 12571 D cellinfo: 46 bytes from 44.241.174.93: icmp_seq=1254 ttl=20 time=292 ms
08-10 15:05:36.688 10557 12571 D cellinfo: 46 bytes from 44.241.174.93: icmp_seq=1255 ttl=20 time=90.5 ms
08-10 15:05:36.904 10557 12571 D cellinfo: 46 bytes from 44.241.174.93: icmp_seq=1256 ttl=20 time=105 ms
08-10 15:05:37.087 10557 12571 D cellinfo: 46 bytes from 44.241.174.93: icmp_seq=1257 ttl=20 time=87.3 ms
08-10 15:05:37.286 10557 12571 D cellinfo: 46 bytes from 44.241.174.93: icmp_seq=1258 ttl=20 time=86.8 ms
08-10 15:05:37.512 10557 12571 D cellinfo: 46 bytes from 44.241.174.93: icmp_seq=1259 ttl=20 time=111 ms
08-10 15:05:37.686 10557 12571 D cellinfo: 46 bytes from 44.241.174.93: icmp_seq=1260 ttl=20 time=84.8 ms
08-10 15:05:37.908 10557 12571 D cellinfo: 46 bytes from 44.241.174.93: icmp_seq=1261 ttl=20 time=106 ms
08-10 15:05:38.084 10557 12571 D cellinfo: 46 bytes from 44.241.174.93: icmp_seq=1262 ttl=20 time=81.7 ms
08-10 15:05:38.307 10557 12571 D cellinfo: 46 bytes from 44.241.174.93: icmp_seq=1263 ttl=20 time=103 ms
08-10 15:05:38.412 10557 10557 D cellinfo: Latitude is 40.712852
08-10 15:05:38.412 10557 10557 D cellinfo: Longitude is -111.8707546
08-10 15:05:38.412 10557 10557 D cellinfo: Instantaneous GPS information: United States, 2685 700 E, Salt Lake City, UT 84106, USA
08-10 15:05:38.412 10557 10557 D cellinfo: getCurrentLocation() result: Location (success): 40.712852, -111.8707546
08-10 15:05:38.465 10557 10557 D cellinfo: onCellInfoChanged: Operator: T-Mobile UpdateTimestamp: 379459 CellConnectionStatus: 0
08-10 15:05:38.465 10557 10557 D cellinfo: onCellInfoChanged: LTE Cell Bands: [2] Bandwidth: 15000 Cell ID: 21559051 Physical Cell ID: 176 Tracking Area Code: 11620 EARFCN: 675
08-10 15:05:38.515 10557 12571 D cellinfo: 46 bytes from 44.241.174.93: icmp_seq=1264 ttl=20 time=110 ms
08-10 15:05:38.599 10557 10557 D cellinfo: onsignalStrengthsChanged: LTE Signal Strength info: rsrp: -94 rsrq: -12 rssi: -63 rssnr: 16
08-10 15:05:38.599 10557 10557 D cellinfo: onsignalStrengthsChanged: 5G-NR Signal Strength info: ssrsrp: -81 ssrsrq: -11 sssinr: 2147483647
08-10 15:05:38.706 10557 12571 D cellinfo: 46 bytes from 44.241.174.93: icmp_seq=1265 ttl=20 time=100 ms
08-10 15:05:38.784 10557 10557 D cellinfo: onsignalStrengthsChanged: LTE Signal Strength info: rsrp: -94 rsrq: -12 rssi: -63 rssnr: 16
08-10 15:05:38.784 10557 10557 D cellinfo: onsignalStrengthsChanged: 5G-NR Signal Strength info: ssrsrp: -80 ssrsrq: -11 sssinr: 2147483647
08-10 15:05:38.921 10557 12571 D cellinfo: 46 bytes from 44.241.174.93: icmp_seq=1266 ttl=20 time=114 ms
08-10 15:05:39.120 10557 12571 D cellinfo: 46 bytes from 44.241.174.93: icmp_seq=1267 ttl=20 time=112 ms
08-10 15:05:39.313 10557 12571 D cellinfo: 46 bytes from 44.241.174.93: icmp_seq=1268 ttl=20 time=105 ms
08-10 15:05:39.508 10557 12571 D cellinfo: 46 bytes from 44.241.174.93: icmp_seq=1269 ttl=20 time=98.6 ms
08-10 15:05:39.713 10557 12571 D cellinfo: 46 bytes from 44.241.174.93: icmp_seq=1270 ttl=20 time=102 ms
08-10 15:05:39.918 10557 12571 D cellinfo: 46 bytes from 44.241.174.93: icmp_seq=1271 ttl=20 time=106 ms
08-10 15:05:40.107 10557 12571 D cellinfo: 46 bytes from 44.241.174.93: icmp_seq=1272 ttl=20 time=94.7 ms
08-10 15:05:40.325 10557 12571 D cellinfo: 46 bytes from 44.241.174.93: icmp_seq=1273 ttl=20 time=111 ms
08-10 15:05:40.506 10557 12571 D cellinfo: 46 bytes from 44.241.174.93: icmp_seq=1274 ttl=20 time=92.6 ms
08-10 15:05:40.731 10557 12571 D cellinfo: 46 bytes from 44.241.174.93: icmp_seq=1275 ttl=20 time=116 ms
08-10 15:05:40.904 10557 12571 D cellinfo: 46 bytes from 44.241.174.93: icmp_seq=1276 ttl=20 time=88.1 ms
08-10 15:05:41.127 10557 12571 D cellinfo: 46 bytes from 44.241.174.93: icmp_seq=1277 ttl=20 time=110 ms
08-10 15:05:41.305 10557 12571 D cellinfo: 46 bytes from 44.241.174.93: icmp_seq=1278 ttl=20 time=88.3 ms
08-10 15:05:41.449 10557 10557 D cellinfo: onCellInfoChanged: Operator: T-Mobile UpdateTimestamp: 382444 CellConnectionStatus: 0
08-10 15:05:41.450 10557 10557 D cellinfo: onCellInfoChanged: LTE Cell Bands: [2] Bandwidth: 15000 Cell ID: 21559051 Physical Cell ID: 176 Tracking Area Code: 11620 EARFCN: 675
08-10 15:05:41.593 10557 12571 D cellinfo: 46 bytes from 44.241.174.93: icmp_seq=1279 ttl=20 time=174 ms
08-10 15:05:41.602 10557 10557 D cellinfo: onsignalStrengthsChanged: LTE Signal Strength info: rsrp: -94 rsrq: -13 rssi: -63 rssnr: 17
08-10 15:05:41.602 10557 10557 D cellinfo: onsignalStrengthsChanged: 5G-NR Signal Strength info: ssrsrp: -80 ssrsrq: -11 sssinr: 2147483647
08-10 15:05:41.708 10557 12571 D cellinfo: 46 bytes from 44.241.174.93: icmp_seq=1280 ttl=20 time=89.3 ms
08-10 15:05:41.785 10557 10557 D cellinfo: onsignalStrengthsChanged: LTE Signal Strength info: rsrp: -94 rsrq: -13 rssi: -63 rssnr: 17
08-10 15:05:41.785 10557 10557 D cellinfo: onsignalStrengthsChanged: 5G-NR Signal Strength info: ssrsrp: -79 ssrsrq: -11 sssinr: 2147483647
08-10 15:05:41.929 10557 12571 D cellinfo: 46 bytes from 44.241.174.93: icmp_seq=1281 ttl=20 time=109 ms
08-10 15:05:42.112 10557 12571 D cellinfo: 46 bytes from 44.241.174.93: icmp_seq=1282 ttl=20 time=91.5 ms
08-10 15:05:42.303 10557 12571 D cellinfo: 46 bytes from 44.241.174.93: icmp_seq=1283 ttl=20 time=81.7 ms
08-10 15:05:42.533 10557 12571 D cellinfo: 46 bytes from 44.241.174.93: icmp_seq=1284 ttl=20 time=110 ms
08-10 15:05:42.738 10557 12571 D cellinfo: 46 bytes from 44.241.174.93: icmp_seq=1285 ttl=20 time=114 ms
08-10 15:05:42.931 10557 12571 D cellinfo: 46 bytes from 44.241.174.93: icmp_seq=1286 ttl=20 time=106 ms
08-10 15:05:43.131 10557 12571 D cellinfo: 46 bytes from 44.241.174.93: icmp_seq=1287 ttl=20 time=105 ms
08-10 15:05:43.329 10557 12571 D cellinfo: 46 bytes from 44.241.174.93: icmp_seq=1288 ttl=20 time=102 ms
08-10 15:05:43.538 10557 12571 D cellinfo: 46 bytes from 44.241.174.93: icmp_seq=1289 ttl=20 time=110 ms
08-10 15:05:43.729 10557 12571 D cellinfo: 46 bytes from 44.241.174.93: icmp_seq=1290 ttl=20 time=100 ms
08-10 15:05:43.925 10557 12571 D cellinfo: 46 bytes from 44.241.174.93: icmp_seq=1291 ttl=20 time=95.8 ms
08-10 15:05:44.150 10557 12571 D cellinfo: 46 bytes from 44.241.174.93: icmp_seq=1292 ttl=20 time=120 ms
08-10 15:05:44.328 10557 12571 D cellinfo: 46 bytes from 44.241.174.93: icmp_seq=1293 ttl=20 time=97.9 ms
08-10 15:05:44.524 10557 12571 D cellinfo: 46 bytes from 44.241.174.93: icmp_seq=1294 ttl=20 time=93.0 ms
08-10 15:05:44.609 10557 10557 D cellinfo: onsignalStrengthsChanged: LTE Signal Strength info: rsrp: -94 rsrq: -14 rssi: -61 rssnr: 17
08-10 15:05:44.609 10557 10557 D cellinfo: onsignalStrengthsChanged: 5G-NR Signal Strength info: ssrsrp: -79 ssrsrq: -11 sssinr: 2147483647
08-10 15:05:44.728 10557 12571 D cellinfo: 46 bytes from 44.241.174.93: icmp_seq=1295 ttl=20 time=96.3 ms
08-10 15:05:44.784 10557 10557 D cellinfo: onsignalStrengthsChanged: LTE Signal Strength info: rsrp: -94 rsrq: -14 rssi: -61 rssnr: 17
08-10 15:05:44.784 10557 10557 D cellinfo: onsignalStrengthsChanged: 5G-NR Signal Strength info: ssrsrp: -77 ssrsrq: -11 sssinr: 2147483647
08-10 15:05:44.945 10557 12571 D cellinfo: 46 bytes from 44.241.174.93: icmp_seq=1296 ttl=20 time=113 ms
08-10 15:05:45.129 10557 12571 D cellinfo: 46 bytes from 44.241.174.93: icmp_seq=1297 ttl=20 time=95.8 ms
08-10 15:05:45.327 10557 12571 D cellinfo: 46 bytes from 44.241.174.93: icmp_seq=1298 ttl=20 time=94.0 ms
08-10 15:05:45.524 10557 12571 D cellinfo: 46 bytes from 44.241.174.93: icmp_seq=1299 ttl=20 time=90.3 ms
08-10 15:05:45.690 10557 10557 D cellinfo: Latitude is 40.7129052
08-10 15:05:45.690 10557 10557 D cellinfo: Longitude is -111.8706583
08-10 15:05:45.690 10557 10557 D cellinfo: Instantaneous GPS information: United States, 2653 700 E, Salt Lake City, UT 84106, USA
08-10 15:05:45.691 10557 10557 D cellinfo: getCurrentLocation() result: Location (success): 40.7129052, -111.8706583
08-10 15:05:45.713 10557 10557 D cellinfo: Latitude is 40.7129052
08-10 15:05:45.713 10557 10557 D cellinfo: Longitude is -111.8706583
08-10 15:05:45.713 10557 10557 D cellinfo: Instantaneous GPS information: United States, 2653 700 E, Salt Lake City, UT 84106, USA
08-10 15:05:45.713 10557 10557 D cellinfo: getCurrentLocation() result: Location (success): 40.7129052, -111.8706583
08-10 15:05:45.729 10557 12571 D cellinfo: 46 bytes from 44.241.174.93: icmp_seq=1300 ttl=20 time=94.4 ms
08-10 15:05:45.739 10557 10557 D cellinfo: onCellInfoChanged: Operator: T-Mobile UpdateTimestamp: 386733 CellConnectionStatus: 0
08-10 15:05:45.739 10557 10557 D cellinfo: onCellInfoChanged: LTE Cell Bands: [2] Bandwidth: 15000 Cell ID: 21559051 Physical Cell ID: 176 Tracking Area Code: 11620 EARFCN: 675
08-10 15:05:45.925 10557 12571 D cellinfo: 46 bytes from 44.241.174.93: icmp_seq=1301 ttl=20 time=89.2 ms
08-10 15:05:46.144 10557 12571 D cellinfo: 46 bytes from 44.241.174.93: icmp_seq=1302 ttl=20 time=107 ms
08-10 15:05:46.325 10557 12571 D cellinfo: 46 bytes from 44.241.174.93: icmp_seq=1303 ttl=20 time=88.8 ms
08-10 15:05:46.545 10557 12571 D cellinfo: 46 bytes from 44.241.174.93: icmp_seq=1304 ttl=20 time=108 ms
08-10 15:05:46.723 10557 12571 D cellinfo: 46 bytes from 44.241.174.93: icmp_seq=1305 ttl=20 time=86.2 ms
08-10 15:05:46.944 10557 12571 D cellinfo: 46 bytes from 44.241.174.93: icmp_seq=1306 ttl=20 time=105 ms
08-10 15:05:47.124 10557 12571 D cellinfo: 46 bytes from 44.241.174.93: icmp_seq=1307 ttl=20 time=85.7 ms
08-10 15:05:47.346 10557 12571 D cellinfo: 46 bytes from 44.241.174.93: icmp_seq=1308 ttl=20 time=106 ms
08-10 15:05:47.402 10557 10557 D cellinfo: Latitude is 40.7129069
08-10 15:05:47.402 10557 10557 D cellinfo: Longitude is -111.8706547
08-10 15:05:47.402 10557 10557 D cellinfo: Instantaneous GPS information: United States, 2653 700 E, Salt Lake City, UT 84106, USA
08-10 15:05:47.402 10557 10557 D cellinfo: getCurrentLocation() result: Location (success): 40.7129069, -111.8706547
08-10 15:05:47.524 10557 12571 D cellinfo: 46 bytes from 44.241.174.93: icmp_seq=1309 ttl=20 time=83.8 ms
08-10 15:05:47.599 10557 10557 D cellinfo: onsignalStrengthsChanged: LTE Signal Strength info: rsrp: -94 rsrq: -15 rssi: -61 rssnr: 17
08-10 15:05:47.599 10557 10557 D cellinfo: onsignalStrengthsChanged: 5G-NR Signal Strength info: ssrsrp: -77 ssrsrq: -11 sssinr: 2147483647
08-10 15:05:47.752 10557 12571 D cellinfo: 46 bytes from 44.241.174.93: icmp_seq=1310 ttl=20 time=111 ms
08-10 15:05:47.777 10557 10557 D cellinfo: onsignalStrengthsChanged: LTE Signal Strength info: rsrp: -94 rsrq: -15 rssi: -61 rssnr: 17
08-10 15:05:47.777 10557 10557 D cellinfo: onsignalStrengthsChanged: 5G-NR Signal Strength info: ssrsrp: -82 ssrsrq: -11 sssinr: 2147483647
08-10 15:05:47.922 10557 12571 D cellinfo: 46 bytes from 44.241.174.93: icmp_seq=1311 ttl=20 time=80.8 ms
08-10 15:05:48.146 10557 12571 D cellinfo: 46 bytes from 44.241.174.93: icmp_seq=1312 ttl=20 time=103 ms
08-10 15:06:30.894 17841 17841 D cellinfo: Country == United States
08-10 15:06:30.894 17841 17841 D cellinfo: City == Salt Lake City
08-10 15:06:30.895 17841 17841 D cellinfo: GPS Info == 2653 700 E, Salt Lake City, UT 84106, USA
08-10 15:06:30.895 17841 17841 D cellinfo: Network Operator == T-Mobile
08-10 15:06:30.895 17841 17841 D cellinfo: User movement == Static
08-10 15:06:30.895 17841 17841 D cellinfo: isEastCoast == false
08-10 15:06:30.895 17841 17841 D cellinfo: isWestCoast == true
08-10 15:06:30.895 17841 17841 D cellinfo: isBoston == false
08-10 15:06:30.895 17841 17841 D cellinfo: All GPS info fetched. Saving city and country info
08-10 15:06:30.896 17841 17895 D cellinfo: Timestamp: 1660165590
08-10 15:06:31.397 17841 17896 D cellinfo: Logging started
08-10 15:06:31.408 17841 17841 D cellinfo: onServiceStateChanged: Channel Number: 675 Cell Bandwidths: [15000, 20000, 5000]
08-10 15:06:31.410 17841 17841 D cellinfo: onsignalStrengthsChanged: LTE Signal Strength info: rsrp: -98 rsrq: -13 rssi: -67 rssnr: 14
08-10 15:06:31.410 17841 17841 D cellinfo: onsignalStrengthsChanged: 5G-NR Signal Strength info: ssrsrp: -78 ssrsrq: -11 sssinr: 2147483647
08-10 15:06:31.410 17841 17841 D cellinfo: onCellInfoChanged: Operator: T-Mobile UpdateTimestamp: 431941 CellConnectionStatus: 0
08-10 15:06:31.410 17841 17841 D cellinfo: onCellInfoChanged: LTE Cell Bands: [2] Bandwidth: 15000 Cell ID: 21559051 Physical Cell ID: 176 Tracking Area Code: 11620 EARFCN: 675
08-10 15:06:31.411 17841 17841 D cellinfo: onDisplayInfoChanged: NetworkType: LTE OverrideNetworkType: 5G (Sub-6 GHz)
08-10 15:06:31.899 17841 17895 D cellinfo: Ping command fired: /system/bin/ping -i 0.2 -s 38 44.241.174.93
08-10 15:06:32.009 17841 17895 D cellinfo: PING 44.241.174.93 (44.241.174.93) 38(66) bytes of data.
08-10 15:06:32.009 17841 17895 D cellinfo: 46 bytes from 44.241.174.93: icmp_seq=1 ttl=20 time=103 ms
08-10 15:06:32.189 17841 17895 D cellinfo: 46 bytes from 44.241.174.93: icmp_seq=2 ttl=20 time=84.6 ms
08-10 15:06:32.407 17841 17895 D cellinfo: 46 bytes from 44.241.174.93: icmp_seq=3 ttl=20 time=101 ms
08-10 15:06:32.415 17841 17841 D cellinfo: onsignalStrengthsChanged: LTE Signal Strength info: rsrp: -98 rsrq: -13 rssi: -67 rssnr: 14
08-10 15:06:32.415 17841 17841 D cellinfo: onsignalStrengthsChanged: 5G-NR Signal Strength info: ssrsrp: -79 ssrsrq: -11 sssinr: 2147483647
08-10 15:06:32.532 17841 17841 D cellinfo: onsignalStrengthsChanged: LTE Signal Strength info: rsrp: -98 rsrq: -13 rssi: -65 rssnr: 14
08-10 15:06:32.532 17841 17841 D cellinfo: onsignalStrengthsChanged: 5G-NR Signal Strength info: ssrsrp: -79 ssrsrq: -11 sssinr: 2147483647
08-10 15:06:32.607 17841 17895 D cellinfo: 46 bytes from 44.241.174.93: icmp_seq=4 ttl=20 time=100 ms
08-10 15:06:32.808 17841 17895 D cellinfo: 46 bytes from 44.241.174.93: icmp_seq=5 ttl=20 time=100 ms
08-10 15:06:33.007 17841 17895 D cellinfo: 46 bytes from 44.241.174.93: icmp_seq=6 ttl=20 time=98.5 ms
08-10 15:06:33.208 17841 17895 D cellinfo: 46 bytes from 44.241.174.93: icmp_seq=7 ttl=20 time=99.8 ms
08-10 15:06:33.409 17841 17895 D cellinfo: 46 bytes from 44.241.174.93: icmp_seq=8 ttl=20 time=100 ms
08-10 15:06:33.607 17841 17895 D cellinfo: 46 bytes from 44.241.174.93: icmp_seq=9 ttl=20 time=97.7 ms
08-10 15:06:33.816 17841 17895 D cellinfo: 46 bytes from 44.241.174.93: icmp_seq=10 ttl=20 time=105 ms
08-10 15:06:34.008 17841 17895 D cellinfo: 46 bytes from 44.241.174.93: icmp_seq=11 ttl=20 time=96.2 ms
08-10 15:06:34.213 17841 17895 D cellinfo: 46 bytes from 44.241.174.93: icmp_seq=12 ttl=20 time=102 ms
08-10 15:06:34.291 17841 17841 D cellinfo: Latitude is 40.7129313
08-10 15:06:34.291 17841 17841 D cellinfo: Longitude is -111.8706552
08-10 15:06:34.291 17841 17841 D cellinfo: Instantaneous GPS information: United States, 2653 700 E, Salt Lake City, UT 84106, USA
08-10 15:06:34.291 17841 17841 D cellinfo: getCurrentLocation() result: Location (success): 40.7129313, -111.8706552
08-10 15:06:34.294 17841 17841 D cellinfo: Latitude is 40.7129313
08-10 15:06:34.294 17841 17841 D cellinfo: Longitude is -111.8706552
08-10 15:06:34.294 17841 17841 D cellinfo: Instantaneous GPS information: United States, 2653 700 E, Salt Lake City, UT 84106, USA
08-10 15:06:34.294 17841 17841 D cellinfo: getCurrentLocation() result: Location (success): 40.7129313, -111.8706552
08-10 15:06:34.349 17841 17841 D cellinfo: onCellInfoChanged: Operator: T-Mobile UpdateTimestamp: 435344 CellConnectionStatus: 0
08-10 15:06:34.349 17841 17841 D cellinfo: onCellInfoChanged: LTE Cell Bands: [2] Bandwidth: 15000 Cell ID: 21559051 Physical Cell ID: 176 Tracking Area Code: 11620 EARFCN: 675
08-10 15:06:34.408 17841 17895 D cellinfo: 46 bytes from 44.241.174.93: icmp_seq=13 ttl=20 time=96.3 ms
08-10 15:06:34.609 17841 17895 D cellinfo: 46 bytes from 44.241.174.93: icmp_seq=14 ttl=20 time=96.0 ms
08-10 15:06:34.806 17841 17895 D cellinfo: 46 bytes from 44.241.174.93: icmp_seq=15 ttl=20 time=93.0 ms
08-10 15:06:35.010 17841 17895 D cellinfo: 46 bytes from 44.241.174.93: icmp_seq=16 ttl=20 time=96.7 ms
08-10 15:06:35.033 17841 17841 D cellinfo: onsignalStrengthsChanged: LTE Signal Strength info: rsrp: -96 rsrq: -14 rssi: -63 rssnr: 16
08-10 15:06:35.033 17841 17841 D cellinfo: onsignalStrengthsChanged: 5G-NR Signal Strength info: ssrsrp: -79 ssrsrq: -11 sssinr: 2147483647
08-10 15:06:35.208 17841 17895 D cellinfo: 46 bytes from 44.241.174.93: icmp_seq=17 ttl=20 time=93.9 ms
08-10 15:06:35.412 17841 17895 D cellinfo: 46 bytes from 44.241.174.93: icmp_seq=18 ttl=20 time=97.9 ms
08-10 15:06:35.424 17841 17841 D cellinfo: onsignalStrengthsChanged: LTE Signal Strength info: rsrp: -96 rsrq: -14 rssi: -63 rssnr: 16
08-10 15:06:35.424 17841 17841 D cellinfo: onsignalStrengthsChanged: 5G-NR Signal Strength info: ssrsrp: -81 ssrsrq: -11 sssinr: 2147483647
08-10 15:06:35.612 17841 17895 D cellinfo: 46 bytes from 44.241.174.93: icmp_seq=19 ttl=20 time=97.9 ms
08-10 15:06:35.811 17841 17895 D cellinfo: 46 bytes from 44.241.174.93: icmp_seq=20 ttl=20 time=96.1 ms
08-10 15:06:36.006 17841 17895 D cellinfo: 46 bytes from 44.241.174.93: icmp_seq=21 ttl=20 time=91.0 ms
08-10 15:06:36.208 17841 17895 D cellinfo: 46 bytes from 44.241.174.93: icmp_seq=22 ttl=20 time=92.9 ms
08-10 15:06:36.407 17841 17895 D cellinfo: 46 bytes from 44.241.174.93: icmp_seq=23 ttl=20 time=91.6 ms
08-10 15:06:36.606 17841 17895 D cellinfo: 46 bytes from 44.241.174.93: icmp_seq=24 ttl=20 time=89.5 ms
08-10 15:06:36.829 17841 17895 D cellinfo: 46 bytes from 44.241.174.93: icmp_seq=25 ttl=20 time=111 ms
08-10 15:06:36.901 17841 17841 D cellinfo: Latitude is 40.7129269
08-10 15:06:36.901 17841 17841 D cellinfo: Longitude is -111.8706548
08-10 15:06:36.901 17841 17841 D cellinfo: Instantaneous GPS information: United States, 2653 700 E, Salt Lake City, UT 84106, USA
08-10 15:06:36.901 17841 17841 D cellinfo: getCurrentLocation() result: Location (success): 40.7129269, -111.8706548
08-10 15:06:36.943 17841 17841 D cellinfo: onCellInfoChanged: Operator: T-Mobile UpdateTimestamp: 437934 CellConnectionStatus: 0
08-10 15:06:36.943 17841 17841 D cellinfo: onCellInfoChanged: LTE Cell Bands: [2] Bandwidth: 15000 Cell ID: 21559051 Physical Cell ID: 176 Tracking Area Code: 11620 EARFCN: 675
08-10 15:06:37.007 17841 17895 D cellinfo: 46 bytes from 44.241.174.93: icmp_seq=26 ttl=20 time=88.9 ms
08-10 15:06:37.227 17841 17895 D cellinfo: 46 bytes from 44.241.174.93: icmp_seq=27 ttl=20 time=109 ms
08-10 15:06:37.419 17841 17895 D cellinfo: 46 bytes from 44.241.174.93: icmp_seq=28 ttl=20 time=101 ms
08-10 15:06:37.608 17841 17895 D cellinfo: 46 bytes from 44.241.174.93: icmp_seq=29 ttl=20 time=89.6 ms
08-10 15:06:37.827 17841 17895 D cellinfo: 46 bytes from 44.241.174.93: icmp_seq=30 ttl=20 time=107 ms
08-10 15:06:38.013 17841 17895 D cellinfo: 46 bytes from 44.241.174.93: icmp_seq=31 ttl=20 time=92.5 ms
08-10 15:06:38.226 17841 17895 D cellinfo: 46 bytes from 44.241.174.93: icmp_seq=32 ttl=20 time=105 ms
08-10 15:06:38.411 17841 17895 D cellinfo: 46 bytes from 44.241.174.93: icmp_seq=33 ttl=20 time=89.8 ms
08-10 15:06:38.423 17841 17841 D cellinfo: onsignalStrengthsChanged: LTE Signal Strength info: rsrp: -96 rsrq: -14 rssi: -63 rssnr: 16
08-10 15:06:38.423 17841 17841 D cellinfo: onsignalStrengthsChanged: 5G-NR Signal Strength info: ssrsrp: -79 ssrsrq: -11 sssinr: 2147483647
08-10 15:06:38.538 17841 17841 D cellinfo: onsignalStrengthsChanged: LTE Signal Strength info: rsrp: -95 rsrq: -14 rssi: -63 rssnr: 16
08-10 15:06:38.538 17841 17841 D cellinfo: onsignalStrengthsChanged: 5G-NR Signal Strength info: ssrsrp: -79 ssrsrq: -11 sssinr: 2147483647
08-10 15:06:38.628 17841 17895 D cellinfo: 46 bytes from 44.241.174.93: icmp_seq=34 ttl=20 time=106 ms
08-10 15:06:38.814 17841 17895 D cellinfo: 46 bytes from 44.241.174.93: icmp_seq=35 ttl=20 time=91.7 ms
08-10 15:06:39.032 17841 17895 D cellinfo: 46 bytes from 44.241.174.93: icmp_seq=36 ttl=20 time=108 ms
08-10 15:06:39.213 17841 17895 D cellinfo: 46 bytes from 44.241.174.93: icmp_seq=37 ttl=20 time=90.6 ms
08-10 15:06:39.414 17841 17895 D cellinfo: 46 bytes from 44.241.174.93: icmp_seq=38 ttl=20 time=89.2 ms
08-10 15:06:39.626 17841 17895 D cellinfo: 46 bytes from 44.241.174.93: icmp_seq=39 ttl=20 time=101 ms
08-10 15:06:39.827 17841 17895 D cellinfo: 46 bytes from 44.241.174.93: icmp_seq=40 ttl=20 time=101 ms
08-10 15:06:39.900 17841 17841 D cellinfo: Latitude is 40.7129066
08-10 15:06:39.900 17841 17841 D cellinfo: Longitude is -111.870653
08-10 15:06:39.900 17841 17841 D cellinfo: Instantaneous GPS information: United States, 2653 700 E, Salt Lake City, UT 84106, USA
08-10 15:06:39.901 17841 17841 D cellinfo: getCurrentLocation() result: Location (success): 40.7129066, -111.870653
08-10 15:06:39.961 17841 17841 D cellinfo: onCellInfoChanged: Operator: T-Mobile UpdateTimestamp: 440953 CellConnectionStatus: 0
08-10 15:06:39.961 17841 17841 D cellinfo: onCellInfoChanged: LTE Cell Bands: [2] Bandwidth: 15000 Cell ID: 21559051 Physical Cell ID: 176 Tracking Area Code: 11620 EARFCN: 675
08-10 15:06:40.027 17841 17895 D cellinfo: 46 bytes from 44.241.174.93: icmp_seq=41 ttl=20 time=100 ms
08-10 15:06:40.229 17841 17895 D cellinfo: 46 bytes from 44.241.174.93: icmp_seq=42 ttl=20 time=102 ms
08-10 15:06:40.433 17841 17895 D cellinfo: 46 bytes from 44.241.174.93: icmp_seq=43 ttl=20 time=105 ms
08-10 15:06:40.635 17841 17895 D cellinfo: 46 bytes from 44.241.174.93: icmp_seq=44 ttl=20 time=107 ms
08-10 15:06:40.826 17841 17895 D cellinfo: 46 bytes from 44.241.174.93: icmp_seq=45 ttl=20 time=97.1 ms
08-10 15:06:41.026 17841 17895 D cellinfo: 46 bytes from 44.241.174.93: icmp_seq=46 ttl=20 time=96.6 ms
08-10 15:06:41.227 17841 17895 D cellinfo: 46 bytes from 44.241.174.93: icmp_seq=47 ttl=20 time=97.0 ms
08-10 15:06:41.426 17841 17895 D cellinfo: 46 bytes from 44.241.174.93: icmp_seq=48 ttl=20 time=96.0 ms
08-10 15:06:41.536 17841 17841 D cellinfo: onsignalStrengthsChanged: LTE Signal Strength info: rsrp: -97 rsrq: -13 rssi: -65 rssnr: 14
08-10 15:06:41.536 17841 17841 D cellinfo: onsignalStrengthsChanged: 5G-NR Signal Strength info: ssrsrp: -79 ssrsrq: -11 sssinr: 2147483647
08-10 15:06:41.628 17841 17895 D cellinfo: 46 bytes from 44.241.174.93: icmp_seq=49 ttl=20 time=97.1 ms
08-10 15:06:41.829 17841 17895 D cellinfo: 46 bytes from 44.241.174.93: icmp_seq=50 ttl=20 time=97.5 ms
08-10 15:06:42.029 17841 17895 D cellinfo: 46 bytes from 44.241.174.93: icmp_seq=51 ttl=20 time=96.3 ms
08-10 15:06:42.228 17841 17895 D cellinfo: 46 bytes from 44.241.174.93: icmp_seq=52 ttl=20 time=96.3 ms
08-10 15:06:42.430 17841 17895 D cellinfo: 46 bytes from 44.241.174.93: icmp_seq=53 ttl=20 time=97.0 ms
08-10 15:06:42.631 17841 17895 D cellinfo: 46 bytes from 44.241.174.93: icmp_seq=54 ttl=20 time=97.4 ms
08-10 15:06:42.838 17841 17895 D cellinfo: 46 bytes from 44.241.174.93: icmp_seq=55 ttl=20 time=103 ms
08-10 15:06:42.900 17841 17841 D cellinfo: Latitude is 40.7128988
08-10 15:06:42.900 17841 17841 D cellinfo: Longitude is -111.8706523
08-10 15:06:42.900 17841 17841 D cellinfo: Instantaneous GPS information: United States, 2653 700 E, Salt Lake City, UT 84106, USA
08-10 15:06:42.900 17841 17841 D cellinfo: getCurrentLocation() result: Location (success): 40.7128988, -111.8706523
08-10 15:06:42.964 17841 17841 D cellinfo: onCellInfoChanged: Operator: T-Mobile UpdateTimestamp: 443957 CellConnectionStatus: 0
08-10 15:06:42.964 17841 17841 D cellinfo: onCellInfoChanged: LTE Cell Bands: [2] Bandwidth: 15000 Cell ID: 21559051 Physical Cell ID: 176 Tracking Area Code: 11620 EARFCN: 675
08-10 15:06:43.031 17841 17895 D cellinfo: 46 bytes from 44.241.174.93: icmp_seq=56 ttl=20 time=95.4 ms
08-10 15:06:43.236 17841 17895 D cellinfo: 46 bytes from 44.241.174.93: icmp_seq=57 ttl=20 time=100 ms
08-10 15:06:43.433 17841 17895 D cellinfo: 46 bytes from 44.241.174.93: icmp_seq=58 ttl=20 time=96.0 ms
08-10 15:06:43.649 17841 17895 D cellinfo: 46 bytes from 44.241.174.93: icmp_seq=59 ttl=20 time=111 ms
08-10 15:06:43.835 17841 17895 D cellinfo: 46 bytes from 44.241.174.93: icmp_seq=60 ttl=20 time=97.5 ms
