08-10 20:35:08.997 10997 10997 D cellinfo: Instantaneous GPS information: United States, 168 Hunt Rd, Laramie, WY 82070, USA
08-10 20:35:08.997 10997 10997 D cellinfo: getCurrentLocation() result: Location (success): 41.4383681, -105.9433581
08-10 20:35:09.045 10997 11072 D cellinfo: 46 bytes from 44.241.174.93: icmp_seq=1063 ttl=32 time=66.3 ms
08-10 20:35:09.254 10997 11072 D cellinfo: 46 bytes from 44.241.174.93: icmp_seq=1064 ttl=32 time=75.8 ms
08-10 20:35:09.454 10997 11072 D cellinfo: 46 bytes from 44.241.174.93: icmp_seq=1065 ttl=32 time=75.0 ms
08-10 20:35:09.655 10997 11072 D cellinfo: 46 bytes from 44.241.174.93: icmp_seq=1066 ttl=32 time=74.9 ms
08-10 20:35:09.863 10997 11072 D cellinfo: 46 bytes from 44.241.174.93: icmp_seq=1067 ttl=32 time=81.6 ms
08-10 20:35:10.055 10997 11072 D cellinfo: 46 bytes from 44.241.174.93: icmp_seq=1068 ttl=32 time=71.9 ms
08-10 20:35:10.262 10997 11072 D cellinfo: 46 bytes from 44.241.174.93: icmp_seq=1069 ttl=32 time=78.4 ms
08-10 20:35:10.463 10997 11072 D cellinfo: 46 bytes from 44.241.174.93: icmp_seq=1070 ttl=32 time=78.0 ms
08-10 20:35:10.635 10997 10997 D cellinfo: Latitude is 41.4383681
08-10 20:35:10.636 10997 10997 D cellinfo: Longitude is -105.9433581
08-10 20:35:10.636 10997 10997 D cellinfo: Instantaneous GPS information: United States, 168 Hunt Rd, Laramie, WY 82070, USA
08-10 20:35:10.636 10997 10997 D cellinfo: getCurrentLocation() result: Location (success): 41.4383681, -105.9433581
08-10 20:35:10.654 10997 11072 D cellinfo: 46 bytes from 44.241.174.93: icmp_seq=1071 ttl=32 time=68.7 ms
08-10 20:35:10.691 10997 10997 D cellinfo: onCellInfoChanged: Operator: T-Mobile UpdateTimestamp: 9031725 CellConnectionStatus: 0
08-10 20:35:10.691 10997 10997 D cellinfo: onCellInfoChanged: LTE Cell Bands: [2] Bandwidth: 10000 Cell ID: 26173965 Physical Cell ID: 182 Tracking Area Code: 47617 EARFCN: 852
08-10 20:35:10.865 10997 11072 D cellinfo: 46 bytes from 44.241.174.93: icmp_seq=1072 ttl=32 time=77.9 ms
08-10 20:35:11.056 10997 11072 D cellinfo: 46 bytes from 44.241.174.93: icmp_seq=1073 ttl=32 time=69.0 ms
08-10 20:35:11.156 10997 10997 D cellinfo: onsignalStrengthsChanged: LTE Signal Strength info: rsrp: -111 rsrq: -11 rssi: -83 rssnr: 2
08-10 20:35:11.156 10997 10997 D cellinfo: onsignalStrengthsChanged: 5G-NR Signal Strength info: ssrsrp: -115 ssrsrq: -15 sssinr: 2147483647
08-10 20:35:11.271 10997 11072 D cellinfo: 46 bytes from 44.241.174.93: icmp_seq=1074 ttl=32 time=84.3 ms
08-10 20:35:11.464 10997 11072 D cellinfo: 46 bytes from 44.241.174.93: icmp_seq=1075 ttl=32 time=76.4 ms
08-10 20:35:11.659 10997 11072 D cellinfo: 46 bytes from 44.241.174.93: icmp_seq=1076 ttl=32 time=71.2 ms
08-10 20:35:11.733 10997 10997 D cellinfo: onsignalStrengthsChanged: LTE Signal Strength info: rsrp: -111 rsrq: -11 rssi: -83 rssnr: 2
08-10 20:35:11.733 10997 10997 D cellinfo: onsignalStrengthsChanged: 5G-NR Signal Strength info: ssrsrp: -116 ssrsrq: -16 sssinr: 2147483647
08-10 20:35:11.865 10997 11072 D cellinfo: 46 bytes from 44.241.174.93: icmp_seq=1077 ttl=32 time=76.8 ms
08-10 20:35:12.067 10997 11072 D cellinfo: 46 bytes from 44.241.174.93: icmp_seq=1078 ttl=32 time=78.2 ms
08-10 20:35:12.279 10997 11072 D cellinfo: 46 bytes from 44.241.174.93: icmp_seq=1079 ttl=32 time=90.4 ms
08-10 20:35:12.467 10997 11072 D cellinfo: 46 bytes from 44.241.174.93: icmp_seq=1080 ttl=32 time=77.7 ms
08-10 20:35:12.675 10997 11072 D cellinfo: 46 bytes from 44.241.174.93: icmp_seq=1081 ttl=32 time=84.5 ms
08-10 20:35:12.870 10997 11072 D cellinfo: 46 bytes from 44.241.174.93: icmp_seq=1082 ttl=32 time=78.2 ms
08-10 20:35:13.069 10997 11072 D cellinfo: 46 bytes from 44.241.174.93: icmp_seq=1083 ttl=32 time=76.3 ms
08-10 20:35:13.268 10997 11072 D cellinfo: 46 bytes from 44.241.174.93: icmp_seq=1084 ttl=32 time=75.9 ms
08-10 20:35:13.471 10997 11072 D cellinfo: 46 bytes from 44.241.174.93: icmp_seq=1085 ttl=32 time=78.4 ms
08-10 20:35:13.638 10997 10997 D cellinfo: Latitude is 41.4383681
08-10 20:35:13.638 10997 10997 D cellinfo: Longitude is -105.943358
08-10 20:35:13.638 10997 10997 D cellinfo: Instantaneous GPS information: United States, 168 Hunt Rd, Laramie, WY 82070, USA
08-10 20:35:13.638 10997 10997 D cellinfo: getCurrentLocation() result: Location (success): 41.4383681, -105.943358
08-10 20:35:13.673 10997 11072 D cellinfo: 46 bytes from 44.241.174.93: icmp_seq=1086 ttl=32 time=79.0 ms
08-10 20:35:13.710 10997 10997 D cellinfo: onCellInfoChanged: Operator: T-Mobile UpdateTimestamp: 9034736 CellConnectionStatus: 0
08-10 20:35:13.711 10997 10997 D cellinfo: onCellInfoChanged: LTE Cell Bands: [2] Bandwidth: 10000 Cell ID: 26173965 Physical Cell ID: 182 Tracking Area Code: 47617 EARFCN: 852
08-10 20:35:13.877 10997 11072 D cellinfo: 46 bytes from 44.241.174.93: icmp_seq=1087 ttl=32 time=82.6 ms
08-10 20:35:14.079 10997 11072 D cellinfo: 46 bytes from 44.241.174.93: icmp_seq=1088 ttl=32 time=83.8 ms
08-10 20:35:14.156 10997 10997 D cellinfo: onsignalStrengthsChanged: LTE Signal Strength info: rsrp: -113 rsrq: -13 rssi: -83 rssnr: 2
08-10 20:35:14.156 10997 10997 D cellinfo: onsignalStrengthsChanged: 5G-NR Signal Strength info: ssrsrp: -116 ssrsrq: -16 sssinr: 2147483647
08-10 20:35:14.265 10997 11072 D cellinfo: 46 bytes from 44.241.174.93: icmp_seq=1089 ttl=32 time=70.6 ms
08-10 20:35:14.473 10997 11072 D cellinfo: 46 bytes from 44.241.174.93: icmp_seq=1090 ttl=32 time=77.8 ms
08-10 20:35:14.664 10997 11072 D cellinfo: 46 bytes from 44.241.174.93: icmp_seq=1091 ttl=32 time=68.6 ms
08-10 20:35:14.865 10997 11072 D cellinfo: 46 bytes from 44.241.174.93: icmp_seq=1092 ttl=32 time=67.8 ms
08-10 20:35:15.065 10997 11072 D cellinfo: 46 bytes from 44.241.174.93: icmp_seq=1093 ttl=32 time=68.2 ms
08-10 20:35:15.265 10997 11072 D cellinfo: 46 bytes from 44.241.174.93: icmp_seq=1094 ttl=32 time=68.2 ms
08-10 20:35:15.465 10997 11072 D cellinfo: 46 bytes from 44.241.174.93: icmp_seq=1095 ttl=32 time=67.2 ms
08-10 20:35:15.680 10997 11072 D cellinfo: 46 bytes from 44.241.174.93: icmp_seq=1096 ttl=32 time=82.0 ms
08-10 20:35:15.881 10997 11072 D cellinfo: 46 bytes from 44.241.174.93: icmp_seq=1097 ttl=32 time=82.9 ms
08-10 20:35:16.082 10997 11072 D cellinfo: 46 bytes from 44.241.174.93: icmp_seq=1098 ttl=32 time=82.9 ms
08-10 20:35:16.337 10997 11072 D cellinfo: 46 bytes from 44.241.174.93: icmp_seq=1099 ttl=32 time=139 ms
08-10 20:35:16.466 10997 11072 D cellinfo: 46 bytes from 44.241.174.93: icmp_seq=1100 ttl=32 time=67.6 ms
08-10 20:35:16.626 10997 10997 D cellinfo: onsignalStrengthsChanged: LTE Signal Strength info: rsrp: -112 rsrq: -13 rssi: -79 rssnr: 0
08-10 20:35:16.626 10997 10997 D cellinfo: onsignalStrengthsChanged: 5G-NR Signal Strength info: ssrsrp: -116 ssrsrq: -16 sssinr: 2147483647
08-10 20:35:16.639 10997 10997 D cellinfo: Latitude is 41.4383681
08-10 20:35:16.639 10997 10997 D cellinfo: Longitude is -105.943358
08-10 20:35:16.639 10997 10997 D cellinfo: Instantaneous GPS information: United States, 168 Hunt Rd, Laramie, WY 82070, USA
08-10 20:35:16.639 10997 10997 D cellinfo: getCurrentLocation() result: Location (success): 41.4383681, -105.943358
08-10 20:35:16.686 10997 11072 D cellinfo: 46 bytes from 44.241.174.93: icmp_seq=1101 ttl=32 time=85.7 ms
08-10 20:35:16.711 10997 10997 D cellinfo: onCellInfoChanged: Operator: T-Mobile UpdateTimestamp: 9037743 CellConnectionStatus: 0
08-10 20:35:16.711 10997 10997 D cellinfo: onCellInfoChanged: LTE Cell Bands: [2] Bandwidth: 10000 Cell ID: 26173965 Physical Cell ID: 182 Tracking Area Code: 47617 EARFCN: 852
08-10 20:35:16.865 10997 11072 D cellinfo: 46 bytes from 44.241.174.93: icmp_seq=1102 ttl=32 time=64.0 ms
08-10 20:35:17.092 10997 11072 D cellinfo: 46 bytes from 44.241.174.93: icmp_seq=1103 ttl=32 time=90.3 ms
08-10 20:35:17.264 10997 11072 D cellinfo: 46 bytes from 44.241.174.93: icmp_seq=1104 ttl=32 time=62.0 ms
08-10 20:35:17.607 10997 11072 D cellinfo: 46 bytes from 44.241.174.93: icmp_seq=1105 ttl=32 time=203 ms
08-10 20:35:17.673 10997 11072 D cellinfo: 46 bytes from 44.241.174.93: icmp_seq=1106 ttl=32 time=67.5 ms
08-10 20:35:17.731 10997 10997 D cellinfo: onsignalStrengthsChanged: LTE Signal Strength info: rsrp: -112 rsrq: -13 rssi: -79 rssnr: 0
08-10 20:35:17.731 10997 10997 D cellinfo: onsignalStrengthsChanged: 5G-NR Signal Strength info: ssrsrp: -114 ssrsrq: -14 sssinr: -7
08-10 20:35:17.874 10997 11072 D cellinfo: 46 bytes from 44.241.174.93: icmp_seq=1107 ttl=32 time=67.0 ms
08-10 20:35:18.073 10997 11072 D cellinfo: 46 bytes from 44.241.174.93: icmp_seq=1108 ttl=32 time=65.4 ms
08-10 20:35:18.286 10997 11072 D cellinfo: 46 bytes from 44.241.174.93: icmp_seq=1109 ttl=32 time=76.9 ms
08-10 20:35:18.477 10997 11072 D cellinfo: 46 bytes from 44.241.174.93: icmp_seq=1110 ttl=32 time=66.7 ms
08-10 20:35:18.686 10997 11072 D cellinfo: 46 bytes from 44.241.174.93: icmp_seq=1111 ttl=32 time=74.3 ms
08-10 20:35:18.885 10997 11072 D cellinfo: 46 bytes from 44.241.174.93: icmp_seq=1112 ttl=32 time=71.6 ms
08-10 20:35:19.085 10997 11072 D cellinfo: 46 bytes from 44.241.174.93: icmp_seq=1113 ttl=32 time=70.7 ms
08-10 20:35:19.284 10997 11072 D cellinfo: 46 bytes from 44.241.174.93: icmp_seq=1114 ttl=32 time=68.7 ms
08-10 20:35:19.483 10997 11072 D cellinfo: 46 bytes from 44.241.174.93: icmp_seq=1115 ttl=32 time=66.3 ms
08-10 20:35:19.636 10997 10997 D cellinfo: Latitude is 41.438368
08-10 20:35:19.636 10997 10997 D cellinfo: Longitude is -105.9433579
08-10 20:35:19.636 10997 10997 D cellinfo: Instantaneous GPS information: United States, 168 Hunt Rd, Laramie, WY 82070, USA
08-10 20:35:19.636 10997 10997 D cellinfo: getCurrentLocation() result: Location (success): 41.438368, -105.9433579
08-10 20:35:19.683 10997 10997 D cellinfo: onCellInfoChanged: Operator: T-Mobile UpdateTimestamp: 9040719 CellConnectionStatus: 0
08-10 20:35:19.683 10997 10997 D cellinfo: onCellInfoChanged: LTE Cell Bands: [2] Bandwidth: 10000 Cell ID: 26173965 Physical Cell ID: 182 Tracking Area Code: 47617 EARFCN: 852
08-10 20:35:19.684 10997 11072 D cellinfo: 46 bytes from 44.241.174.93: icmp_seq=1116 ttl=32 time=66.7 ms
08-10 20:35:19.884 10997 11072 D cellinfo: 46 bytes from 44.241.174.93: icmp_seq=1117 ttl=32 time=66.0 ms
08-10 20:35:20.094 10997 11072 D cellinfo: 46 bytes from 44.241.174.93: icmp_seq=1118 ttl=32 time=75.1 ms
08-10 20:35:20.156 10997 10997 D cellinfo: onsignalStrengthsChanged: LTE Signal Strength info: rsrp: -113 rsrq: -13 rssi: -81 rssnr: 0
08-10 20:35:20.156 10997 10997 D cellinfo: onsignalStrengthsChanged: 5G-NR Signal Strength info: ssrsrp: -114 ssrsrq: -14 sssinr: -7
08-10 20:35:20.295 10997 11072 D cellinfo: 46 bytes from 44.241.174.93: icmp_seq=1119 ttl=32 time=75.4 ms
08-10 20:35:20.494 10997 11072 D cellinfo: 46 bytes from 44.241.174.93: icmp_seq=1120 ttl=32 time=74.1 ms
08-10 20:35:20.695 10997 11072 D cellinfo: 46 bytes from 44.241.174.93: icmp_seq=1121 ttl=32 time=74.3 ms
08-10 20:35:20.731 10997 10997 D cellinfo: onsignalStrengthsChanged: LTE Signal Strength info: rsrp: -113 rsrq: -13 rssi: -81 rssnr: 0
08-10 20:35:20.731 10997 10997 D cellinfo: onsignalStrengthsChanged: 5G-NR Signal Strength info: ssrsrp: -110 ssrsrq: -13 sssinr: 19
08-10 20:35:20.912 10997 11072 D cellinfo: 46 bytes from 44.241.174.93: icmp_seq=1122 ttl=32 time=90.8 ms
08-10 20:35:21.093 10997 11072 D cellinfo: 46 bytes from 44.241.174.93: icmp_seq=1123 ttl=32 time=71.6 ms
08-10 20:35:21.295 10997 11072 D cellinfo: 46 bytes from 44.241.174.93: icmp_seq=1124 ttl=32 time=72.0 ms
08-10 20:35:21.509 10997 11072 D cellinfo: 46 bytes from 44.241.174.93: icmp_seq=1125 ttl=32 time=85.9 ms
08-10 20:35:21.712 10997 11072 D cellinfo: 46 bytes from 44.241.174.93: icmp_seq=1126 ttl=32 time=87.8 ms
08-10 20:35:21.895 10997 11072 D cellinfo: 46 bytes from 44.241.174.93: icmp_seq=1127 ttl=32 time=70.7 ms
08-10 20:35:22.097 10997 11072 D cellinfo: 46 bytes from 44.241.174.93: icmp_seq=1128 ttl=32 time=71.2 ms
08-10 20:35:22.295 10997 11072 D cellinfo: 46 bytes from 44.241.174.93: icmp_seq=1129 ttl=32 time=68.2 ms
08-10 20:35:22.522 10997 11072 D cellinfo: 46 bytes from 44.241.174.93: icmp_seq=1130 ttl=32 time=94.2 ms
08-10 20:35:22.695 10997 10997 D cellinfo: onCellInfoChanged: Operator: T-Mobile UpdateTimestamp: 9043731 CellConnectionStatus: 0
08-10 20:35:22.695 10997 10997 D cellinfo: onCellInfoChanged: LTE Cell Bands: [2] Bandwidth: 10000 Cell ID: 26173965 Physical Cell ID: 182 Tracking Area Code: 47617 EARFCN: 852
08-10 20:35:22.720 10997 11072 D cellinfo: 46 bytes from 44.241.174.93: icmp_seq=1131 ttl=32 time=91.2 ms
08-10 20:35:22.914 10997 11072 D cellinfo: 46 bytes from 44.241.174.93: icmp_seq=1132 ttl=32 time=83.9 ms
08-10 20:35:23.106 10997 11072 D cellinfo: 46 bytes from 44.241.174.93: icmp_seq=1133 ttl=32 time=75.0 ms
08-10 20:35:23.156 10997 10997 D cellinfo: onsignalStrengthsChanged: LTE Signal Strength info: rsrp: -113 rsrq: -14 rssi: -79 rssnr: 0
08-10 20:35:23.156 10997 10997 D cellinfo: onsignalStrengthsChanged: 5G-NR Signal Strength info: ssrsrp: -110 ssrsrq: -13 sssinr: 19
08-10 20:35:23.322 10997 11072 D cellinfo: 46 bytes from 44.241.174.93: icmp_seq=1134 ttl=32 time=89.3 ms
08-10 20:35:23.534 10997 11072 D cellinfo: 46 bytes from 44.241.174.93: icmp_seq=1135 ttl=32 time=100 ms
08-10 20:35:23.709 10997 11072 D cellinfo: 46 bytes from 44.241.174.93: icmp_seq=1136 ttl=32 time=73.7 ms
08-10 20:35:23.732 10997 10997 D cellinfo: onsignalStrengthsChanged: LTE Signal Strength info: rsrp: -113 rsrq: -14 rssi: -79 rssnr: 0
08-10 20:35:23.732 10997 10997 D cellinfo: onsignalStrengthsChanged: 5G-NR Signal Strength info: ssrsrp: -110 ssrsrq: -13 sssinr: 5
08-10 20:35:23.743 10997 10997 D cellinfo: Latitude is 41.438368
08-10 20:35:23.743 10997 10997 D cellinfo: Longitude is -105.9433577
08-10 20:35:23.743 10997 10997 D cellinfo: Instantaneous GPS information: United States, 168 Hunt Rd, Laramie, WY 82070, USA
08-10 20:35:23.743 10997 10997 D cellinfo: getCurrentLocation() result: Location (success): 41.438368, -105.9433577
08-10 20:35:23.906 10997 11072 D cellinfo: 46 bytes from 44.241.174.93: icmp_seq=1137 ttl=32 time=69.7 ms
08-10 20:35:24.105 10997 11072 D cellinfo: 46 bytes from 44.241.174.93: icmp_seq=1138 ttl=32 time=67.3 ms
08-10 20:35:24.303 10997 11072 D cellinfo: 46 bytes from 44.241.174.93: icmp_seq=1139 ttl=32 time=65.1 ms
08-10 20:35:24.515 10997 11072 D cellinfo: 46 bytes from 44.241.174.93: icmp_seq=1140 ttl=32 time=76.0 ms
08-10 20:35:24.713 10997 11072 D cellinfo: 46 bytes from 44.241.174.93: icmp_seq=1141 ttl=32 time=73.7 ms
08-10 20:35:24.914 10997 11072 D cellinfo: 46 bytes from 44.241.174.93: icmp_seq=1142 ttl=32 time=73.7 ms
08-10 20:35:25.105 10997 11072 D cellinfo: 46 bytes from 44.241.174.93: icmp_seq=1143 ttl=32 time=63.5 ms
08-10 20:35:25.316 10997 11072 D cellinfo: 46 bytes from 44.241.174.93: icmp_seq=1144 ttl=32 time=72.9 ms
08-10 20:35:25.529 10997 11072 D cellinfo: 46 bytes from 44.241.174.93: icmp_seq=1145 ttl=32 time=85.0 ms
08-10 20:35:25.586 10997 10997 D cellinfo: onsignalStrengthsChanged: LTE Signal Strength info: rsrp: -113 rsrq: -13 rssi: -83 rssnr: 0
08-10 20:35:25.587 10997 10997 D cellinfo: onsignalStrengthsChanged: 5G-NR Signal Strength info: ssrsrp: -110 ssrsrq: -13 sssinr: 5
08-10 20:35:25.643 10997 10997 D cellinfo: Latitude is 41.438368
08-10 20:35:25.644 10997 10997 D cellinfo: Longitude is -105.9433577
08-10 20:35:25.644 10997 10997 D cellinfo: Instantaneous GPS information: United States, 168 Hunt Rd, Laramie, WY 82070, USA
08-10 20:35:25.644 10997 10997 D cellinfo: getCurrentLocation() result: Location (success): 41.438368, -105.9433577
08-10 20:35:25.698 10997 10997 D cellinfo: onCellInfoChanged: Operator: T-Mobile UpdateTimestamp: 9046733 CellConnectionStatus: 0
08-10 20:35:25.698 10997 10997 D cellinfo: onCellInfoChanged: LTE Cell Bands: [2] Bandwidth: 10000 Cell ID: 26173965 Physical Cell ID: 182 Tracking Area Code: 47617 EARFCN: 852
08-10 20:35:25.715 10997 11072 D cellinfo: 46 bytes from 44.241.174.93: icmp_seq=1146 ttl=32 time=70.7 ms
08-10 20:35:25.913 10997 11072 D cellinfo: 46 bytes from 44.241.174.93: icmp_seq=1147 ttl=32 time=67.4 ms
08-10 20:35:26.115 10997 11072 D cellinfo: 46 bytes from 44.241.174.93: icmp_seq=1148 ttl=32 time=67.4 ms
08-10 20:35:26.336 10997 11072 D cellinfo: 46 bytes from 44.241.174.93: icmp_seq=1149 ttl=32 time=86.6 ms
08-10 20:35:26.544 10997 11072 D cellinfo: 46 bytes from 44.241.174.93: icmp_seq=1150 ttl=32 time=92.8 ms
08-10 20:35:26.724 10997 11072 D cellinfo: 46 bytes from 44.241.174.93: icmp_seq=1151 ttl=32 time=71.9 ms
08-10 20:35:26.925 10997 11072 D cellinfo: 46 bytes from 44.241.174.93: icmp_seq=1152 ttl=32 time=72.1 ms
08-10 20:35:27.141 10997 11072 D cellinfo: 46 bytes from 44.241.174.93: icmp_seq=1153 ttl=32 time=87.8 ms
08-10 20:35:27.325 10997 11072 D cellinfo: 46 bytes from 44.241.174.93: icmp_seq=1154 ttl=32 time=71.2 ms
08-10 20:35:27.518 10997 11072 D cellinfo: 46 bytes from 44.241.174.93: icmp_seq=1155 ttl=32 time=62.9 ms
08-10 20:35:27.716 10997 11072 D cellinfo: 46 bytes from 44.241.174.93: icmp_seq=1156 ttl=32 time=61.0 ms
08-10 20:35:27.926 10997 11072 D cellinfo: 46 bytes from 44.241.174.93: icmp_seq=1157 ttl=32 time=69.7 ms
08-10 20:35:28.126 10997 11072 D cellinfo: 46 bytes from 44.241.174.93: icmp_seq=1158 ttl=32 time=68.7 ms
08-10 20:35:28.328 10997 11072 D cellinfo: 46 bytes from 44.241.174.93: icmp_seq=1159 ttl=32 time=69.6 ms
08-10 20:35:28.528 10997 11072 D cellinfo: 46 bytes from 44.241.174.93: icmp_seq=1160 ttl=32 time=68.7 ms
08-10 20:35:28.637 10997 10997 D cellinfo: Latitude is 41.438368
08-10 20:35:28.637 10997 10997 D cellinfo: Longitude is -105.9433577
08-10 20:35:28.637 10997 10997 D cellinfo: Instantaneous GPS information: United States, 168 Hunt Rd, Laramie, WY 82070, USA
08-10 20:35:28.637 10997 10997 D cellinfo: getCurrentLocation() result: Location (success): 41.438368, -105.9433577
08-10 20:35:28.675 10997 10997 D cellinfo: onCellInfoChanged: Operator: T-Mobile UpdateTimestamp: 9049710 CellConnectionStatus: 0
08-10 20:35:28.675 10997 10997 D cellinfo: onCellInfoChanged: LTE Cell Bands: [2] Bandwidth: 10000 Cell ID: 26173965 Physical Cell ID: 182 Tracking Area Code: 47617 EARFCN: 852
08-10 20:35:28.726 10997 11072 D cellinfo: 46 bytes from 44.241.174.93: icmp_seq=1161 ttl=32 time=65.8 ms
08-10 20:35:28.931 10997 11072 D cellinfo: 46 bytes from 44.241.174.93: icmp_seq=1162 ttl=32 time=71.2 ms
08-10 20:35:29.142 10997 11072 D cellinfo: 46 bytes from 44.241.174.93: icmp_seq=1163 ttl=32 time=81.7 ms
08-10 20:35:29.154 10997 10997 D cellinfo: onsignalStrengthsChanged: LTE Signal Strength info: rsrp: -111 rsrq: -12 rssi: -79 rssnr: 3
08-10 20:35:29.154 10997 10997 D cellinfo: onsignalStrengthsChanged: 5G-NR Signal Strength info: ssrsrp: -110 ssrsrq: -13 sssinr: 5
08-10 20:35:29.334 10997 11072 D cellinfo: 46 bytes from 44.241.174.93: icmp_seq=1164 ttl=32 time=72.1 ms
08-10 20:35:29.542 10997 11072 D cellinfo: 46 bytes from 44.241.174.93: icmp_seq=1165 ttl=32 time=79.2 ms
08-10 20:35:29.730 10997 10997 D cellinfo: onsignalStrengthsChanged: LTE Signal Strength info: rsrp: -111 rsrq: -12 rssi: -79 rssnr: 3
08-10 20:35:29.730 10997 10997 D cellinfo: onsignalStrengthsChanged: 5G-NR Signal Strength info: ssrsrp: -109 ssrsrq: -13 sssinr: 4
08-10 20:35:29.735 10997 11072 D cellinfo: 46 bytes from 44.241.174.93: icmp_seq=1166 ttl=32 time=71.8 ms
08-10 20:35:29.942 10997 11072 D cellinfo: 46 bytes from 44.241.174.93: icmp_seq=1167 ttl=32 time=77.8 ms
08-10 20:35:30.136 10997 11072 D cellinfo: 46 bytes from 44.241.174.93: icmp_seq=1168 ttl=32 time=71.1 ms
08-10 20:35:30.334 10997 11072 D cellinfo: 46 bytes from 44.241.174.93: icmp_seq=1169 ttl=32 time=69.3 ms
08-10 20:35:30.534 10997 11072 D cellinfo: 46 bytes from 44.241.174.93: icmp_seq=1170 ttl=32 time=68.4 ms
08-10 20:35:30.736 10997 11072 D cellinfo: 46 bytes from 44.241.174.93: icmp_seq=1171 ttl=32 time=68.5 ms
08-10 20:35:30.945 10997 11072 D cellinfo: 46 bytes from 44.241.174.93: icmp_seq=1172 ttl=32 time=75.9 ms
08-10 20:35:31.146 10997 11072 D cellinfo: 46 bytes from 44.241.174.93: icmp_seq=1173 ttl=32 time=75.5 ms
08-10 20:35:31.353 10997 11072 D cellinfo: 46 bytes from 44.241.174.93: icmp_seq=1174 ttl=32 time=80.6 ms
08-10 20:35:31.544 10997 11072 D cellinfo: 46 bytes from 44.241.174.93: icmp_seq=1175 ttl=32 time=70.4 ms
08-10 20:35:31.637 10997 10997 D cellinfo: Latitude is 41.438368
08-10 20:35:31.637 10997 10997 D cellinfo: Longitude is -105.9433576
08-10 20:35:31.637 10997 10997 D cellinfo: Instantaneous GPS information: United States, 168 Hunt Rd, Laramie, WY 82070, USA
08-10 20:35:31.637 10997 10997 D cellinfo: getCurrentLocation() result: Location (success): 41.438368, -105.9433576
08-10 20:35:31.702 10997 10997 D cellinfo: onCellInfoChanged: Operator: T-Mobile UpdateTimestamp: 9052739 CellConnectionStatus: 0
08-10 20:35:31.702 10997 10997 D cellinfo: onCellInfoChanged: LTE Cell Bands: [2] Bandwidth: 10000 Cell ID: 26173965 Physical Cell ID: 182 Tracking Area Code: 47617 EARFCN: 852
08-10 20:35:31.745 10997 11072 D cellinfo: 46 bytes from 44.241.174.93: icmp_seq=1176 ttl=32 time=70.3 ms
08-10 20:35:31.947 10997 11072 D cellinfo: 46 bytes from 44.241.174.93: icmp_seq=1177 ttl=32 time=71.7 ms
08-10 20:35:32.148 10997 11072 D cellinfo: 46 bytes from 44.241.174.93: icmp_seq=1178 ttl=32 time=71.0 ms
08-10 20:35:32.156 10997 10997 D cellinfo: onsignalStrengthsChanged: LTE Signal Strength info: rsrp: -113 rsrq: -12 rssi: -79 rssnr: 3
08-10 20:35:32.157 10997 10997 D cellinfo: onsignalStrengthsChanged: 5G-NR Signal Strength info: ssrsrp: -109 ssrsrq: -13 sssinr: 4
08-10 20:35:32.345 10997 11072 D cellinfo: 46 bytes from 44.241.174.93: icmp_seq=1179 ttl=32 time=67.7 ms
08-10 20:35:32.541 10997 11072 D cellinfo: 46 bytes from 44.241.174.93: icmp_seq=1180 ttl=32 time=62.6 ms
08-10 20:35:32.733 10997 10997 D cellinfo: onsignalStrengthsChanged: LTE Signal Strength info: rsrp: -113 rsrq: -12 rssi: -79 rssnr: 3
08-10 20:35:32.733 10997 10997 D cellinfo: onsignalStrengthsChanged: 5G-NR Signal Strength info: ssrsrp: -110 ssrsrq: -14 sssinr: -2
08-10 20:35:32.747 10997 11072 D cellinfo: 46 bytes from 44.241.174.93: icmp_seq=1181 ttl=32 time=67.4 ms
08-10 20:35:33.048 10997 11072 D cellinfo: 46 bytes from 44.241.174.93: icmp_seq=1182 ttl=32 time=167 ms
08-10 20:35:33.208 10997 11072 D cellinfo: 46 bytes from 44.241.174.93: icmp_seq=1183 ttl=32 time=128 ms
08-10 20:35:33.368 10997 11072 D cellinfo: 46 bytes from 44.241.174.93: icmp_seq=1184 ttl=32 time=87.6 ms
08-10 20:35:33.688 10997 11072 D cellinfo: 46 bytes from 44.241.174.93: icmp_seq=1185 ttl=32 time=206 ms
08-10 20:35:33.748 10997 11072 D cellinfo: 46 bytes from 44.241.174.93: icmp_seq=1186 ttl=32 time=65.5 ms
08-10 20:35:34.169 10997 11072 D cellinfo: 46 bytes from 44.241.174.93: icmp_seq=1187 ttl=32 time=285 ms
08-10 20:35:34.170 10997 11072 D cellinfo: 46 bytes from 44.241.174.93: icmp_seq=1188 ttl=32 time=83.6 ms
08-10 20:35:34.488 10997 11072 D cellinfo: 46 bytes from 44.241.174.93: icmp_seq=1189 ttl=32 time=201 ms
08-10 20:35:34.546 10997 10997 D cellinfo: onsignalStrengthsChanged: LTE Signal Strength info: rsrp: -112 rsrq: -12 rssi: -81 rssnr: 3
08-10 20:35:34.546 10997 10997 D cellinfo: onsignalStrengthsChanged: 5G-NR Signal Strength info: ssrsrp: -110 ssrsrq: -14 sssinr: -2
08-10 20:35:34.567 10997 11072 D cellinfo: 46 bytes from 44.241.174.93: icmp_seq=1190 ttl=32 time=78.1 ms
08-10 20:35:34.637 10997 10997 D cellinfo: Latitude is 41.438368
08-10 20:35:34.637 10997 10997 D cellinfo: Longitude is -105.9433575
08-10 20:35:34.637 10997 10997 D cellinfo: Instantaneous GPS information: United States, 168 Hunt Rd, Laramie, WY 82070, USA
08-10 20:35:34.637 10997 10997 D cellinfo: getCurrentLocation() result: Location (success): 41.438368, -105.9433575
08-10 20:35:34.685 10997 10997 D cellinfo: onCellInfoChanged: Operator: T-Mobile UpdateTimestamp: 9055720 CellConnectionStatus: 0
08-10 20:35:34.685 10997 10997 D cellinfo: onCellInfoChanged: LTE Cell Bands: [2] Bandwidth: 10000 Cell ID: 26173965 Physical Cell ID: 182 Tracking Area Code: 47617 EARFCN: 852
08-10 20:35:35.028 10997 11072 D cellinfo: 46 bytes from 44.241.174.93: icmp_seq=1191 ttl=32 time=339 ms
08-10 20:35:35.029 10997 11072 D cellinfo: 46 bytes from 44.241.174.93: icmp_seq=1192 ttl=32 time=136 ms
08-10 20:35:35.288 10997 11072 D cellinfo: 46 bytes from 44.241.174.93: icmp_seq=1193 ttl=32 time=195 ms
08-10 20:35:35.364 10997 11072 D cellinfo: 46 bytes from 44.241.174.93: icmp_seq=1194 ttl=32 time=71.5 ms
08-10 20:35:35.608 10997 11072 D cellinfo: 46 bytes from 44.241.174.93: icmp_seq=1195 ttl=32 time=114 ms
08-10 20:35:35.707 10997 10997 D cellinfo: onsignalStrengthsChanged: LTE Signal Strength info: rsrp: -112 rsrq: -12 rssi: -81 rssnr: 3
08-10 20:35:35.725 10997 10997 D cellinfo: onServiceStateChanged: Channel Number: 852 Cell Bandwidths: [10000]
08-10 20:35:35.957 10997 11072 D cellinfo: 46 bytes from 44.241.174.93: icmp_seq=1196 ttl=32 time=261 ms
08-10 20:35:35.983 10997 11072 D cellinfo: 46 bytes from 44.241.174.93: icmp_seq=1197 ttl=32 time=87.3 ms
08-10 20:35:36.174 10997 11072 D cellinfo: 46 bytes from 44.241.174.93: icmp_seq=1198 ttl=32 time=77.9 ms
08-10 20:35:36.374 10997 11072 D cellinfo: 46 bytes from 44.241.174.93: icmp_seq=1199 ttl=32 time=76.9 ms
08-10 20:35:36.615 10997 10997 D cellinfo: onsignalStrengthsChanged: LTE Signal Strength info: rsrp: -112 rsrq: -12 rssi: -81 rssnr: 3
08-10 20:35:36.615 10997 10997 D cellinfo: onsignalStrengthsChanged: 5G-NR Signal Strength info: ssrsrp: -110 ssrsrq: -14 sssinr: -2
08-10 20:35:36.635 10997 10997 D cellinfo: onServiceStateChanged: Channel Number: 852 Cell Bandwidths: [10000]
08-10 20:35:36.671 10997 11072 D cellinfo: 46 bytes from 44.241.174.93: icmp_seq=1200 ttl=32 time=174 ms
08-10 20:35:36.767 10997 11072 D cellinfo: 46 bytes from 44.241.174.93: icmp_seq=1201 ttl=32 time=70.0 ms
08-10 20:35:36.975 10997 11072 D cellinfo: 46 bytes from 44.241.174.93: icmp_seq=1202 ttl=32 time=76.9 ms
08-10 20:35:37.177 10997 11072 D cellinfo: 46 bytes from 44.241.174.93: icmp_seq=1203 ttl=32 time=79.0 ms
08-10 20:35:37.265 10997 10997 D cellinfo: onsignalStrengthsChanged: LTE Signal Strength info: rsrp: -112 rsrq: -12 rssi: -81 rssnr: 3
08-10 20:35:37.281 10997 10997 D cellinfo: onServiceStateChanged: Channel Number: 852 Cell Bandwidths: [10000]
08-10 20:35:37.516 10997 11072 D cellinfo: 46 bytes from 44.241.174.93: icmp_seq=1204 ttl=32 time=217 ms
08-10 20:35:37.584 10997 11072 D cellinfo: 46 bytes from 44.241.174.93: icmp_seq=1205 ttl=32 time=85.1 ms
08-10 20:35:37.676 10997 10997 D cellinfo: onCellInfoChanged: Operator: T-Mobile UpdateTimestamp: 9058710 CellConnectionStatus: 0
08-10 20:35:37.676 10997 10997 D cellinfo: onCellInfoChanged: LTE Cell Bands: [2] Bandwidth: 10000 Cell ID: 26173965 Physical Cell ID: 182 Tracking Area Code: 47617 EARFCN: 852
08-10 20:35:37.796 10997 11072 D cellinfo: 46 bytes from 44.241.174.93: icmp_seq=1206 ttl=32 time=96.6 ms
08-10 20:35:38.179 10997 10997 D cellinfo: onsignalStrengthsChanged: LTE Signal Strength info: rsrp: -112 rsrq: -12 rssi: -81 rssnr: 3
08-10 20:35:38.179 10997 10997 D cellinfo: onsignalStrengthsChanged: 5G-NR Signal Strength info: ssrsrp: -110 ssrsrq: -14 sssinr: -2
08-10 20:35:38.200 10997 10997 D cellinfo: onServiceStateChanged: Channel Number: 852 Cell Bandwidths: [10000]
08-10 20:35:38.284 10997 11072 D cellinfo: 46 bytes from 44.241.174.93: icmp_seq=1208 ttl=32 time=182 ms
08-10 20:35:38.373 10997 11072 D cellinfo: 46 bytes from 44.241.174.93: icmp_seq=1209 ttl=32 time=70.4 ms
08-10 20:35:38.583 10997 11072 D cellinfo: 46 bytes from 44.241.174.93: icmp_seq=1210 ttl=32 time=79.8 ms
08-10 20:35:38.757 10997 10997 D cellinfo: Latitude is 41.4383679
08-10 20:35:38.757 10997 10997 D cellinfo: Longitude is -105.9433576
08-10 20:35:38.757 10997 10997 D cellinfo: Instantaneous GPS information: United States, 168 Hunt Rd, Laramie, WY 82070, USA
08-10 20:35:38.757 10997 10997 D cellinfo: getCurrentLocation() result: Location (success): 41.4383679, -105.9433576
08-10 20:35:38.776 10997 11072 D cellinfo: 46 bytes from 44.241.174.93: icmp_seq=1211 ttl=32 time=70.8 ms
08-10 20:35:38.968 10997 11072 D cellinfo: 46 bytes from 44.241.174.93: icmp_seq=1212 ttl=32 time=61.2 ms
08-10 20:35:39.168 10997 11072 D cellinfo: 46 bytes from 44.241.174.93: icmp_seq=1213 ttl=32 time=60.8 ms
08-10 20:35:39.384 10997 11072 D cellinfo: 46 bytes from 44.241.174.93: icmp_seq=1214 ttl=32 time=76.0 ms
08-10 20:35:39.586 10997 11072 D cellinfo: 46 bytes from 44.241.174.93: icmp_seq=1215 ttl=32 time=77.2 ms
08-10 20:35:39.785 10997 11072 D cellinfo: 46 bytes from 44.241.174.93: icmp_seq=1216 ttl=32 time=74.9 ms
08-10 20:35:40.000 10997 11072 D cellinfo: 46 bytes from 44.241.174.93: icmp_seq=1217 ttl=32 time=88.7 ms
08-10 20:35:40.178 10997 11072 D cellinfo: 46 bytes from 44.241.174.93: icmp_seq=1218 ttl=32 time=66.2 ms
08-10 20:35:40.381 10997 11072 D cellinfo: 46 bytes from 44.241.174.93: icmp_seq=1219 ttl=32 time=68.4 ms
08-10 20:35:40.581 10997 11072 D cellinfo: 46 bytes from 44.241.174.93: icmp_seq=1220 ttl=32 time=66.4 ms
08-10 20:35:40.637 10997 10997 D cellinfo: Latitude is 41.4383679
08-10 20:35:40.637 10997 10997 D cellinfo: Longitude is -105.9433576
08-10 20:35:40.637 10997 10997 D cellinfo: Instantaneous GPS information: United States, 168 Hunt Rd, Laramie, WY 82070, USA
08-10 20:35:40.637 10997 10997 D cellinfo: getCurrentLocation() result: Location (success): 41.4383679, -105.9433576
08-10 20:35:40.687 10997 10997 D cellinfo: onCellInfoChanged: Operator: T-Mobile UpdateTimestamp: 9061723 CellConnectionStatus: 0
08-10 20:35:40.687 10997 10997 D cellinfo: onCellInfoChanged: LTE Cell Bands: [2] Bandwidth: 10000 Cell ID: 26173965 Physical Cell ID: 182 Tracking Area Code: 47617 EARFCN: 852
08-10 20:35:40.778 10997 11072 D cellinfo: 46 bytes from 44.241.174.93: icmp_seq=1221 ttl=32 time=62.0 ms
08-10 20:35:40.977 10997 10997 D cellinfo: onsignalStrengthsChanged: LTE Signal Strength info: rsrp: -110 rsrq: -13 rssi: -79 rssnr: 3
08-10 20:35:40.977 10997 10997 D cellinfo: onsignalStrengthsChanged: 5G-NR Signal Strength info: ssrsrp: -113 ssrsrq: -14 sssinr: 6
08-10 20:35:40.978 10997 11072 D cellinfo: 46 bytes from 44.241.174.93: icmp_seq=1222 ttl=32 time=61.3 ms
08-10 20:35:41.157 10997 10997 D cellinfo: onsignalStrengthsChanged: LTE Signal Strength info: rsrp: -113 rsrq: -12 rssi: -85 rssnr: 0
08-10 20:35:41.157 10997 10997 D cellinfo: onsignalStrengthsChanged: 5G-NR Signal Strength info: ssrsrp: -113 ssrsrq: -14 sssinr: 6
08-10 20:35:41.179 10997 11072 D cellinfo: 46 bytes from 44.241.174.93: icmp_seq=1223 ttl=32 time=61.3 ms
08-10 20:35:41.393 10997 11072 D cellinfo: 46 bytes from 44.241.174.93: icmp_seq=1224 ttl=32 time=75.1 ms
08-10 20:35:41.595 10997 11072 D cellinfo: 46 bytes from 44.241.174.93: icmp_seq=1225 ttl=32 time=76.6 ms
08-10 20:35:41.793 10997 11072 D cellinfo: 46 bytes from 44.241.174.93: icmp_seq=1226 ttl=32 time=73.7 ms
08-10 20:35:41.992 10997 11072 D cellinfo: 46 bytes from 44.241.174.93: icmp_seq=1227 ttl=32 time=71.7 ms
08-10 20:35:42.202 10997 11072 D cellinfo: 46 bytes from 44.241.174.93: icmp_seq=1228 ttl=32 time=79.8 ms
08-10 20:35:42.384 10997 11072 D cellinfo: 46 bytes from 44.241.174.93: icmp_seq=1229 ttl=32 time=60.8 ms
08-10 20:35:42.595 10997 11072 D cellinfo: 46 bytes from 44.241.174.93: icmp_seq=1230 ttl=32 time=70.8 ms
08-10 20:35:42.805 10997 11072 D cellinfo: 46 bytes from 44.241.174.93: icmp_seq=1231 ttl=32 time=79.8 ms
08-10 20:35:43.003 10997 11072 D cellinfo: 46 bytes from 44.241.174.93: icmp_seq=1232 ttl=32 time=76.8 ms
