--------- beginning of main
08-10 20:31:34.629 10997 10997 D cellinfo: Country == United States
08-10 20:31:34.629 10997 10997 D cellinfo: City == Laramie
08-10 20:31:34.629 10997 10997 D cellinfo: GPS Info == 176 Hunt Rd, Laramie, WY 82070, USA
08-10 20:31:34.629 10997 10997 D cellinfo: Network Operator == T-Mobile
08-10 20:31:34.630 10997 10997 D cellinfo: User movement == Static
08-10 20:31:34.630 10997 10997 D cellinfo: isEastCoast == false
08-10 20:31:34.630 10997 10997 D cellinfo: isWestCoast == true
08-10 20:31:34.630 10997 10997 D cellinfo: isBoston == false
08-10 20:31:34.630 10997 10997 D cellinfo: All GPS info fetched. Saving city and country info
08-10 20:31:34.636 10997 11072 D cellinfo: Timestamp: 1660185094
08-10 20:31:35.137 10997 11073 D cellinfo: Logging started
08-10 20:31:35.144 10997 10997 D cellinfo: onServiceStateChanged: Channel Number: 852 Cell Bandwidths: [2147483647]
08-10 20:31:35.144 10997 10997 D cellinfo: onsignalStrengthsChanged: LTE Signal Strength info: rsrp: -112 rsrq: -13 rssi: -83 rssnr: 4
08-10 20:31:35.156 10997 10997 D cellinfo: onCellInfoChanged: Operator: T-Mobile UpdateTimestamp: 8815801 CellConnectionStatus: 0
08-10 20:31:35.156 10997 10997 D cellinfo: onCellInfoChanged: LTE Cell Bands: [2] Bandwidth: 10000 Cell ID: 25826571 Physical Cell ID: 219 Tracking Area Code: 47617 EARFCN: 852
08-10 20:31:35.157 10997 10997 D cellinfo: onDisplayInfoChanged: NetworkType: LTE OverrideNetworkType: 5G (Sub-6 GHz)
08-10 20:31:35.638 10997 11072 D cellinfo: Ping command fired: /system/bin/ping -i 0.2 -s 38 44.241.174.93
08-10 20:31:35.714 10997 11072 D cellinfo: PING 44.241.174.93 (44.241.174.93) 38(66) bytes of data.
08-10 20:31:35.714 10997 11072 D cellinfo: 46 bytes from 44.241.174.93: icmp_seq=1 ttl=32 time=71.2 ms
08-10 20:31:36.110 10997 10997 D cellinfo: onsignalStrengthsChanged: LTE Signal Strength info: rsrp: -112 rsrq: -13 rssi: -83 rssnr: 4
08-10 20:31:36.110 10997 10997 D cellinfo: onsignalStrengthsChanged: 5G-NR Signal Strength info: ssrsrp: -107 ssrsrq: -13 sssinr: 28
08-10 20:31:36.113 10997 11072 D cellinfo: 46 bytes from 44.241.174.93: icmp_seq=3 ttl=32 time=67.7 ms
08-10 20:31:36.142 10997 10997 D cellinfo: onServiceStateChanged: Channel Number: 852 Cell Bandwidths: [2147483647]
08-10 20:31:36.315 10997 11072 D cellinfo: 46 bytes from 44.241.174.93: icmp_seq=4 ttl=32 time=69.4 ms
08-10 20:31:36.515 10997 11072 D cellinfo: 46 bytes from 44.241.174.93: icmp_seq=5 ttl=32 time=68.7 ms
08-10 20:31:36.715 10997 11072 D cellinfo: 46 bytes from 44.241.174.93: icmp_seq=6 ttl=32 time=67.1 ms
08-10 20:31:36.915 10997 11072 D cellinfo: 46 bytes from 44.241.174.93: icmp_seq=7 ttl=32 time=67.0 ms
08-10 20:31:37.122 10997 11072 D cellinfo: 46 bytes from 44.241.174.93: icmp_seq=8 ttl=32 time=73.6 ms
08-10 20:31:37.315 10997 11072 D cellinfo: 46 bytes from 44.241.174.93: icmp_seq=9 ttl=32 time=65.0 ms
08-10 20:31:37.515 10997 11072 D cellinfo: 46 bytes from 44.241.174.93: icmp_seq=10 ttl=32 time=64.6 ms
08-10 20:31:37.715 10997 11072 D cellinfo: 46 bytes from 44.241.174.93: icmp_seq=11 ttl=32 time=63.6 ms
08-10 20:31:37.915 10997 11072 D cellinfo: 46 bytes from 44.241.174.93: icmp_seq=12 ttl=32 time=62.2 ms
08-10 20:31:38.115 10997 11072 D cellinfo: 46 bytes from 44.241.174.93: icmp_seq=13 ttl=32 time=61.0 ms
08-10 20:31:38.322 10997 11072 D cellinfo: 46 bytes from 44.241.174.93: icmp_seq=14 ttl=32 time=67.1 ms
08-10 20:31:38.521 10997 10997 D cellinfo: Latitude is 41.4383884
08-10 20:31:38.521 10997 10997 D cellinfo: Longitude is -105.9433041
08-10 20:31:38.521 10997 10997 D cellinfo: Instantaneous GPS information: United States, 168 Hunt Rd, Laramie, WY 82070, USA
08-10 20:31:38.521 10997 10997 D cellinfo: getCurrentLocation() result: Location (success): 41.4383884, -105.9433041
08-10 20:31:38.526 10997 11072 D cellinfo: 46 bytes from 44.241.174.93: icmp_seq=15 ttl=32 time=70.0 ms
08-10 20:31:38.532 10997 10997 D cellinfo: Latitude is 41.4383884
08-10 20:31:38.532 10997 10997 D cellinfo: Longitude is -105.9433041
08-10 20:31:38.532 10997 10997 D cellinfo: Instantaneous GPS information: United States, 168 Hunt Rd, Laramie, WY 82070, USA
08-10 20:31:38.532 10997 10997 D cellinfo: getCurrentLocation() result: Location (success): 41.4383884, -105.9433041
08-10 20:31:38.733 10997 11072 D cellinfo: 46 bytes from 44.241.174.93: icmp_seq=16 ttl=32 time=76.6 ms
08-10 20:31:38.911 10997 10997 D cellinfo: onsignalStrengthsChanged: LTE Signal Strength info: rsrp: -113 rsrq: -11 rssi: -85 rssnr: 6
08-10 20:31:38.911 10997 10997 D cellinfo: onsignalStrengthsChanged: 5G-NR Signal Strength info: ssrsrp: -109 ssrsrq: -13 sssinr: 6
08-10 20:31:38.924 10997 11072 D cellinfo: 46 bytes from 44.241.174.93: icmp_seq=17 ttl=32 time=65.4 ms
08-10 20:31:39.124 10997 11072 D cellinfo: 46 bytes from 44.241.174.93: icmp_seq=18 ttl=32 time=64.0 ms
08-10 20:31:39.325 10997 11072 D cellinfo: 46 bytes from 44.241.174.93: icmp_seq=19 ttl=32 time=63.7 ms
08-10 20:31:39.524 10997 11072 D cellinfo: 46 bytes from 44.241.174.93: icmp_seq=20 ttl=32 time=62.1 ms
08-10 20:31:39.728 10997 11072 D cellinfo: 46 bytes from 44.241.174.93: icmp_seq=21 ttl=32 time=65.2 ms
08-10 20:31:39.924 10997 11072 D cellinfo: 46 bytes from 44.241.174.93: icmp_seq=22 ttl=32 time=60.4 ms
08-10 20:31:40.140 10997 11072 D cellinfo: 46 bytes from 44.241.174.93: icmp_seq=23 ttl=32 time=75.1 ms
08-10 20:31:40.334 10997 11072 D cellinfo: 46 bytes from 44.241.174.93: icmp_seq=24 ttl=32 time=69.2 ms
08-10 20:31:40.535 10997 11072 D cellinfo: 46 bytes from 44.241.174.93: icmp_seq=25 ttl=32 time=69.1 ms
08-10 20:31:40.551 10997 10997 D cellinfo: onCellInfoChanged: Operator: T-Mobile UpdateTimestamp: 8821586 CellConnectionStatus: 0
08-10 20:31:40.551 10997 10997 D cellinfo: onCellInfoChanged: LTE Cell Bands: [2] Bandwidth: 10000 Cell ID: 25826571 Physical Cell ID: 219 Tracking Area Code: 47617 EARFCN: 852
08-10 20:31:40.634 10997 10997 D cellinfo: Latitude is 41.4383884
08-10 20:31:40.634 10997 10997 D cellinfo: Longitude is -105.9433041
08-10 20:31:40.634 10997 10997 D cellinfo: Instantaneous GPS information: United States, 168 Hunt Rd, Laramie, WY 82070, USA
08-10 20:31:40.634 10997 10997 D cellinfo: getCurrentLocation() result: Location (success): 41.4383884, -105.9433041
08-10 20:31:40.734 10997 11072 D cellinfo: 46 bytes from 44.241.174.93: icmp_seq=26 ttl=32 time=68.1 ms
08-10 20:31:40.935 10997 11072 D cellinfo: 46 bytes from 44.241.174.93: icmp_seq=27 ttl=32 time=67.9 ms
08-10 20:31:41.126 10997 10997 D cellinfo: onsignalStrengthsChanged: LTE Signal Strength info: rsrp: -114 rsrq: -13 rssi: -85 rssnr: 3
08-10 20:31:41.126 10997 10997 D cellinfo: onsignalStrengthsChanged: 5G-NR Signal Strength info: ssrsrp: -109 ssrsrq: -13 sssinr: 6
08-10 20:31:41.134 10997 11072 D cellinfo: 46 bytes from 44.241.174.93: icmp_seq=28 ttl=32 time=66.7 ms
08-10 20:31:41.335 10997 11072 D cellinfo: 46 bytes from 44.241.174.93: icmp_seq=29 ttl=32 time=66.4 ms
08-10 20:31:41.534 10997 11072 D cellinfo: 46 bytes from 44.241.174.93: icmp_seq=30 ttl=32 time=64.8 ms
08-10 20:31:41.742 10997 11072 D cellinfo: 46 bytes from 44.241.174.93: icmp_seq=31 ttl=32 time=72.5 ms
08-10 20:31:41.912 10997 10997 D cellinfo: onsignalStrengthsChanged: LTE Signal Strength info: rsrp: -114 rsrq: -13 rssi: -85 rssnr: 3
08-10 20:31:41.912 10997 10997 D cellinfo: onsignalStrengthsChanged: 5G-NR Signal Strength info: ssrsrp: -112 ssrsrq: -15 sssinr: -17
08-10 20:31:41.943 10997 11072 D cellinfo: 46 bytes from 44.241.174.93: icmp_seq=32 ttl=32 time=72.3 ms
08-10 20:31:42.142 10997 11072 D cellinfo: 46 bytes from 44.241.174.93: icmp_seq=33 ttl=32 time=70.1 ms
08-10 20:31:42.341 10997 11072 D cellinfo: 46 bytes from 44.241.174.93: icmp_seq=34 ttl=32 time=68.9 ms
08-10 20:31:42.534 10997 11072 D cellinfo: 46 bytes from 44.241.174.93: icmp_seq=35 ttl=32 time=60.9 ms
08-10 20:31:42.734 10997 11072 D cellinfo: 46 bytes from 44.241.174.93: icmp_seq=36 ttl=32 time=60.8 ms
08-10 20:31:42.935 10997 11072 D cellinfo: 46 bytes from 44.241.174.93: icmp_seq=37 ttl=32 time=61.1 ms
08-10 20:31:43.145 10997 11072 D cellinfo: 46 bytes from 44.241.174.93: icmp_seq=38 ttl=32 time=69.7 ms
08-10 20:31:43.345 10997 11072 D cellinfo: 46 bytes from 44.241.174.93: icmp_seq=39 ttl=32 time=68.4 ms
08-10 20:31:43.545 10997 11072 D cellinfo: 46 bytes from 44.241.174.93: icmp_seq=40 ttl=32 time=66.7 ms
08-10 20:31:43.744 10997 11072 D cellinfo: 46 bytes from 44.241.174.93: icmp_seq=41 ttl=32 time=64.8 ms
08-10 20:31:43.944 10997 11072 D cellinfo: 46 bytes from 44.241.174.93: icmp_seq=42 ttl=32 time=64.0 ms
08-10 20:31:43.984 10997 10997 D cellinfo: Latitude is 41.4383732
08-10 20:31:43.985 10997 10997 D cellinfo: Longitude is -105.943315
08-10 20:31:43.985 10997 10997 D cellinfo: Instantaneous GPS information: United States, 168 Hunt Rd, Laramie, WY 82070, USA
08-10 20:31:43.985 10997 10997 D cellinfo: getCurrentLocation() result: Location (success): 41.4383732, -105.943315
08-10 20:31:43.987 10997 10997 D cellinfo: onCellInfoChanged: Operator: T-Mobile UpdateTimestamp: 8824741 CellConnectionStatus: 0
08-10 20:31:43.987 10997 10997 D cellinfo: onCellInfoChanged: LTE Cell Bands: [2] Bandwidth: 10000 Cell ID: 25826571 Physical Cell ID: 219 Tracking Area Code: 47617 EARFCN: 852
08-10 20:31:43.988 10997 10997 D cellinfo: onsignalStrengthsChanged: LTE Signal Strength info: rsrp: -116 rsrq: -11 rssi: -87 rssnr: 4
08-10 20:31:43.988 10997 10997 D cellinfo: onsignalStrengthsChanged: 5G-NR Signal Strength info: ssrsrp: -112 ssrsrq: -15 sssinr: -17
08-10 20:31:44.145 10997 11072 D cellinfo: 46 bytes from 44.241.174.93: icmp_seq=43 ttl=32 time=63.5 ms
08-10 20:31:44.344 10997 11072 D cellinfo: 46 bytes from 44.241.174.93: icmp_seq=44 ttl=32 time=62.1 ms
08-10 20:31:44.545 10997 11072 D cellinfo: 46 bytes from 44.241.174.93: icmp_seq=45 ttl=32 time=62.1 ms
08-10 20:31:44.744 10997 11072 D cellinfo: 46 bytes from 44.241.174.93: icmp_seq=46 ttl=32 time=60.4 ms
08-10 20:31:44.911 10997 10997 D cellinfo: onsignalStrengthsChanged: LTE Signal Strength info: rsrp: -116 rsrq: -11 rssi: -87 rssnr: 4
08-10 20:31:44.911 10997 10997 D cellinfo: onsignalStrengthsChanged: 5G-NR Signal Strength info: ssrsrp: -114 ssrsrq: -15 sssinr: 2147483647
08-10 20:31:44.951 10997 11072 D cellinfo: 46 bytes from 44.241.174.93: icmp_seq=47 ttl=32 time=66.2 ms
08-10 20:31:45.164 10997 11072 D cellinfo: 46 bytes from 44.241.174.93: icmp_seq=48 ttl=32 time=79.1 ms
08-10 20:31:45.362 10997 11072 D cellinfo: 46 bytes from 44.241.174.93: icmp_seq=49 ttl=32 time=76.1 ms
08-10 20:31:45.554 10997 11072 D cellinfo: 46 bytes from 44.241.174.93: icmp_seq=50 ttl=32 time=68.3 ms
08-10 20:31:45.762 10997 11072 D cellinfo: 46 bytes from 44.241.174.93: icmp_seq=51 ttl=32 time=75.1 ms
08-10 20:31:45.953 10997 11072 D cellinfo: 46 bytes from 44.241.174.93: icmp_seq=52 ttl=32 time=65.9 ms
08-10 20:31:46.154 10997 11072 D cellinfo: 46 bytes from 44.241.174.93: icmp_seq=53 ttl=32 time=65.7 ms
08-10 20:31:46.362 10997 11072 D cellinfo: 46 bytes from 44.241.174.93: icmp_seq=54 ttl=32 time=73.0 ms
08-10 20:31:46.554 10997 11072 D cellinfo: 46 bytes from 44.241.174.93: icmp_seq=55 ttl=32 time=64.3 ms
08-10 20:31:46.637 10997 10997 D cellinfo: Latitude is 41.4383701
08-10 20:31:46.637 10997 10997 D cellinfo: Longitude is -105.9433176
08-10 20:31:46.637 10997 10997 D cellinfo: Instantaneous GPS information: United States, 168 Hunt Rd, Laramie, WY 82070, USA
08-10 20:31:46.637 10997 10997 D cellinfo: getCurrentLocation() result: Location (success): 41.4383701, -105.9433176
08-10 20:31:46.685 10997 10997 D cellinfo: onCellInfoChanged: Operator: T-Mobile UpdateTimestamp: 8827720 CellConnectionStatus: 0
08-10 20:31:46.685 10997 10997 D cellinfo: onCellInfoChanged: LTE Cell Bands: [2] Bandwidth: 10000 Cell ID: 25826571 Physical Cell ID: 219 Tracking Area Code: 47617 EARFCN: 852
08-10 20:31:46.754 10997 11072 D cellinfo: 46 bytes from 44.241.174.93: icmp_seq=56 ttl=32 time=63.9 ms
08-10 20:31:46.954 10997 11072 D cellinfo: 46 bytes from 44.241.174.93: icmp_seq=57 ttl=32 time=63.5 ms
08-10 20:31:47.136 10997 10997 D cellinfo: onsignalStrengthsChanged: LTE Signal Strength info: rsrp: -116 rsrq: -12 rssi: -87 rssnr: 4
08-10 20:31:47.136 10997 10997 D cellinfo: onsignalStrengthsChanged: 5G-NR Signal Strength info: ssrsrp: -114 ssrsrq: -15 sssinr: 2147483647
08-10 20:31:47.161 10997 11072 D cellinfo: 46 bytes from 44.241.174.93: icmp_seq=58 ttl=32 time=69.2 ms
08-10 20:31:47.354 10997 11072 D cellinfo: 46 bytes from 44.241.174.93: icmp_seq=59 ttl=32 time=61.5 ms
08-10 20:31:47.554 10997 11072 D cellinfo: 46 bytes from 44.241.174.93: icmp_seq=60 ttl=32 time=60.6 ms
08-10 20:31:47.764 10997 11072 D cellinfo: 46 bytes from 44.241.174.93: icmp_seq=61 ttl=32 time=69.0 ms
08-10 20:31:47.912 10997 10997 D cellinfo: onsignalStrengthsChanged: LTE Signal Strength info: rsrp: -116 rsrq: -12 rssi: -87 rssnr: 4
08-10 20:31:47.912 10997 10997 D cellinfo: onsignalStrengthsChanged: 5G-NR Signal Strength info: ssrsrp: -114 ssrsrq: -14 sssinr: -17
08-10 20:31:47.965 10997 11072 D cellinfo: 46 bytes from 44.241.174.93: icmp_seq=62 ttl=32 time=68.8 ms
08-10 20:31:48.172 10997 11072 D cellinfo: 46 bytes from 44.241.174.93: icmp_seq=63 ttl=32 time=74.9 ms
08-10 20:31:48.365 10997 11072 D cellinfo: 46 bytes from 44.241.174.93: icmp_seq=64 ttl=32 time=67.3 ms
08-10 20:31:48.572 10997 11072 D cellinfo: 46 bytes from 44.241.174.93: icmp_seq=65 ttl=32 time=73.0 ms
08-10 20:31:48.764 10997 11072 D cellinfo: 46 bytes from 44.241.174.93: icmp_seq=66 ttl=32 time=64.3 ms
08-10 20:31:48.964 10997 11072 D cellinfo: 46 bytes from 44.241.174.93: icmp_seq=67 ttl=32 time=62.8 ms
08-10 20:31:49.164 10997 11072 D cellinfo: 46 bytes from 44.241.174.93: icmp_seq=68 ttl=32 time=62.4 ms
08-10 20:31:49.365 10997 11072 D cellinfo: 46 bytes from 44.241.174.93: icmp_seq=69 ttl=32 time=61.6 ms
08-10 20:31:49.565 10997 11072 D cellinfo: 46 bytes from 44.241.174.93: icmp_seq=70 ttl=32 time=60.7 ms
08-10 20:31:49.639 10997 10997 D cellinfo: Latitude is 41.4383672
08-10 20:31:49.639 10997 10997 D cellinfo: Longitude is -105.9433198
08-10 20:31:49.639 10997 10997 D cellinfo: Instantaneous GPS information: United States, 168 Hunt Rd, Laramie, WY 82070, USA
08-10 20:31:49.639 10997 10997 D cellinfo: getCurrentLocation() result: Location (success): 41.4383672, -105.9433198
08-10 20:31:49.707 10997 10997 D cellinfo: onCellInfoChanged: Operator: T-Mobile UpdateTimestamp: 8830740 CellConnectionStatus: 0
08-10 20:31:49.707 10997 10997 D cellinfo: onCellInfoChanged: LTE Cell Bands: [2] Bandwidth: 10000 Cell ID: 25826571 Physical Cell ID: 219 Tracking Area Code: 47617 EARFCN: 852
08-10 20:31:49.780 10997 10997 D cellinfo: onsignalStrengthsChanged: LTE Signal Strength info: rsrp: -116 rsrq: -12 rssi: -87 rssnr: 4
08-10 20:31:49.780 10997 10997 D cellinfo: onsignalStrengthsChanged: 5G-NR Signal Strength info: ssrsrp: -113 ssrsrq: -14 sssinr: 2147483647
08-10 20:31:50.131 10997 10997 D cellinfo: onsignalStrengthsChanged: LTE Signal Strength info: rsrp: -116 rsrq: -11 rssi: -87 rssnr: 3
08-10 20:31:50.131 10997 10997 D cellinfo: onsignalStrengthsChanged: 5G-NR Signal Strength info: ssrsrp: -113 ssrsrq: -14 sssinr: 2147483647
08-10 20:31:50.349 10997 11072 D cellinfo: 46 bytes from 44.241.174.93: icmp_seq=72 ttl=32 time=443 ms
08-10 20:31:50.352 10997 11072 D cellinfo: 46 bytes from 44.241.174.93: icmp_seq=73 ttl=32 time=243 ms
08-10 20:31:50.374 10997 11072 D cellinfo: 46 bytes from 44.241.174.93: icmp_seq=74 ttl=32 time=61.4 ms
08-10 20:31:50.573 10997 11072 D cellinfo: 46 bytes from 44.241.174.93: icmp_seq=75 ttl=32 time=59.0 ms
08-10 20:31:50.792 10997 11072 D cellinfo: 46 bytes from 44.241.174.93: icmp_seq=76 ttl=32 time=76.6 ms
08-10 20:31:50.911 10997 10997 D cellinfo: onsignalStrengthsChanged: LTE Signal Strength info: rsrp: -116 rsrq: -11 rssi: -87 rssnr: 3
08-10 20:31:50.911 10997 10997 D cellinfo: onsignalStrengthsChanged: 5G-NR Signal Strength info: ssrsrp: -112 ssrsrq: -13 sssinr: -5
08-10 20:31:50.985 10997 11072 D cellinfo: 46 bytes from 44.241.174.93: icmp_seq=77 ttl=32 time=68.0 ms
08-10 20:31:51.184 10997 11072 D cellinfo: 46 bytes from 44.241.174.93: icmp_seq=78 ttl=32 time=66.4 ms
08-10 20:31:51.391 10997 11072 D cellinfo: 46 bytes from 44.241.174.93: icmp_seq=79 ttl=32 time=73.0 ms
08-10 20:31:51.583 10997 11072 D cellinfo: 46 bytes from 44.241.174.93: icmp_seq=80 ttl=32 time=64.6 ms
08-10 20:31:51.784 10997 11072 D cellinfo: 46 bytes from 44.241.174.93: icmp_seq=81 ttl=32 time=63.7 ms
08-10 20:31:51.991 10997 11072 D cellinfo: 46 bytes from 44.241.174.93: icmp_seq=82 ttl=32 time=70.3 ms
08-10 20:31:52.185 10997 11072 D cellinfo: 46 bytes from 44.241.174.93: icmp_seq=83 ttl=32 time=63.0 ms
08-10 20:31:52.390 10997 11072 D cellinfo: 46 bytes from 44.241.174.93: icmp_seq=84 ttl=32 time=67.4 ms
08-10 20:31:52.584 10997 11072 D cellinfo: 46 bytes from 44.241.174.93: icmp_seq=85 ttl=32 time=60.5 ms
08-10 20:31:52.687 10997 10997 D cellinfo: onCellInfoChanged: Operator: T-Mobile UpdateTimestamp: 8833720 CellConnectionStatus: 0
08-10 20:31:52.687 10997 10997 D cellinfo: onCellInfoChanged: LTE Cell Bands: [2] Bandwidth: 10000 Cell ID: 25826571 Physical Cell ID: 219 Tracking Area Code: 47617 EARFCN: 852
08-10 20:31:52.781 10997 10997 D cellinfo: onsignalStrengthsChanged: LTE Signal Strength info: rsrp: -114 rsrq: -12 rssi: -87 rssnr: 5
08-10 20:31:52.781 10997 10997 D cellinfo: onsignalStrengthsChanged: 5G-NR Signal Strength info: ssrsrp: -112 ssrsrq: -13 sssinr: -5
08-10 20:31:52.783 10997 11072 D cellinfo: 46 bytes from 44.241.174.93: icmp_seq=86 ttl=32 time=58.8 ms
08-10 20:31:53.001 10997 11072 D cellinfo: 46 bytes from 44.241.174.93: icmp_seq=87 ttl=32 time=75.8 ms
08-10 20:31:53.191 10997 11072 D cellinfo: 46 bytes from 44.241.174.93: icmp_seq=88 ttl=32 time=66.2 ms
08-10 20:31:53.393 10997 11072 D cellinfo: 46 bytes from 44.241.174.93: icmp_seq=89 ttl=32 time=67.7 ms
08-10 20:31:53.594 10997 11072 D cellinfo: 46 bytes from 44.241.174.93: icmp_seq=90 ttl=32 time=66.8 ms
08-10 20:31:53.793 10997 11072 D cellinfo: 46 bytes from 44.241.174.93: icmp_seq=91 ttl=32 time=65.5 ms
08-10 20:31:53.911 10997 10997 D cellinfo: onsignalStrengthsChanged: LTE Signal Strength info: rsrp: -114 rsrq: -12 rssi: -87 rssnr: 5
08-10 20:31:53.911 10997 10997 D cellinfo: onsignalStrengthsChanged: 5G-NR Signal Strength info: ssrsrp: -109 ssrsrq: -13 sssinr: 31
08-10 20:31:53.994 10997 11072 D cellinfo: 46 bytes from 44.241.174.93: icmp_seq=92 ttl=32 time=65.6 ms
08-10 20:31:54.193 10997 11072 D cellinfo: 46 bytes from 44.241.174.93: icmp_seq=93 ttl=32 time=63.2 ms
08-10 20:31:54.531 10997 11072 D cellinfo: 46 bytes from 44.241.174.93: icmp_seq=94 ttl=32 time=199 ms
08-10 20:31:54.600 10997 11072 D cellinfo: 46 bytes from 44.241.174.93: icmp_seq=95 ttl=32 time=68.3 ms
08-10 20:31:54.851 10997 11072 D cellinfo: 46 bytes from 44.241.174.93: icmp_seq=96 ttl=32 time=118 ms
08-10 20:31:55.011 10997 11072 D cellinfo: 46 bytes from 44.241.174.93: icmp_seq=97 ttl=32 time=76.7 ms
08-10 20:31:55.332 10997 11072 D cellinfo: 46 bytes from 44.241.174.93: icmp_seq=98 ttl=32 time=197 ms
08-10 20:31:55.340 10997 10997 D cellinfo: Latitude is 41.4383745
08-10 20:31:55.340 10997 10997 D cellinfo: Longitude is -105.9433509
08-10 20:31:55.340 10997 10997 D cellinfo: Instantaneous GPS information: United States, 168 Hunt Rd, Laramie, WY 82070, USA
08-10 20:31:55.340 10997 10997 D cellinfo: getCurrentLocation() result: Location (success): 41.4383745, -105.9433509
08-10 20:31:55.401 10997 11072 D cellinfo: 46 bytes from 44.241.174.93: icmp_seq=99 ttl=32 time=65.7 ms
08-10 20:31:55.638 10997 10997 D cellinfo: Latitude is 41.4383745
08-10 20:31:55.638 10997 10997 D cellinfo: Longitude is -105.9433509
08-10 20:31:55.638 10997 10997 D cellinfo: Instantaneous GPS information: United States, 168 Hunt Rd, Laramie, WY 82070, USA
08-10 20:31:55.638 10997 10997 D cellinfo: getCurrentLocation() result: Location (success): 41.4383745, -105.9433509
08-10 20:31:55.651 10997 11072 D cellinfo: 46 bytes from 44.241.174.93: icmp_seq=100 ttl=32 time=114 ms
08-10 20:31:55.696 10997 10997 D cellinfo: onCellInfoChanged: Operator: T-Mobile UpdateTimestamp: 8836730 CellConnectionStatus: 0
08-10 20:31:55.697 10997 10997 D cellinfo: onCellInfoChanged: LTE Cell Bands: [2] Bandwidth: 10000 Cell ID: 25826571 Physical Cell ID: 219 Tracking Area Code: 47617 EARFCN: 852
08-10 20:31:55.811 10997 11072 D cellinfo: 46 bytes from 44.241.174.93: icmp_seq=101 ttl=32 time=73.9 ms
08-10 20:31:56.131 10997 11072 D cellinfo: 46 bytes from 44.241.174.93: icmp_seq=102 ttl=32 time=193 ms
08-10 20:31:56.131 10997 10997 D cellinfo: onsignalStrengthsChanged: LTE Signal Strength info: rsrp: -114 rsrq: -11 rssi: -87 rssnr: 4
08-10 20:31:56.132 10997 10997 D cellinfo: onsignalStrengthsChanged: 5G-NR Signal Strength info: ssrsrp: -109 ssrsrq: -13 sssinr: 31
08-10 20:31:56.204 10997 11072 D cellinfo: 46 bytes from 44.241.174.93: icmp_seq=103 ttl=32 time=67.6 ms
08-10 20:31:56.451 10997 11072 D cellinfo: 46 bytes from 44.241.174.93: icmp_seq=104 ttl=32 time=113 ms
08-10 20:31:56.611 10997 11072 D cellinfo: 46 bytes from 44.241.174.93: icmp_seq=105 ttl=32 time=72.7 ms
08-10 20:31:56.912 10997 10997 D cellinfo: onsignalStrengthsChanged: LTE Signal Strength info: rsrp: -114 rsrq: -11 rssi: -87 rssnr: 4
08-10 20:31:56.912 10997 10997 D cellinfo: onsignalStrengthsChanged: 5G-NR Signal Strength info: ssrsrp: -109 ssrsrq: -13 sssinr: 16
08-10 20:31:56.931 10997 11072 D cellinfo: 46 bytes from 44.241.174.93: icmp_seq=106 ttl=32 time=191 ms
08-10 20:31:57.012 10997 11072 D cellinfo: 46 bytes from 44.241.174.93: icmp_seq=107 ttl=32 time=72.5 ms
08-10 20:31:57.251 10997 11072 D cellinfo: 46 bytes from 44.241.174.93: icmp_seq=108 ttl=32 time=111 ms
08-10 20:31:57.411 10997 11072 D cellinfo: 46 bytes from 44.241.174.93: icmp_seq=109 ttl=32 time=70.6 ms
08-10 20:31:57.730 10997 11072 D cellinfo: 46 bytes from 44.241.174.93: icmp_seq=110 ttl=32 time=188 ms
08-10 20:31:57.804 10997 11072 D cellinfo: 46 bytes from 44.241.174.93: icmp_seq=111 ttl=32 time=61.6 ms
08-10 20:31:58.051 10997 11072 D cellinfo: 46 bytes from 44.241.174.93: icmp_seq=112 ttl=32 time=107 ms
08-10 20:31:58.210 10997 11072 D cellinfo: 46 bytes from 44.241.174.93: icmp_seq=113 ttl=32 time=67.8 ms
08-10 20:31:58.531 10997 11072 D cellinfo: 46 bytes from 44.241.174.93: icmp_seq=114 ttl=32 time=188 ms
08-10 20:31:58.605 10997 11072 D cellinfo: 46 bytes from 44.241.174.93: icmp_seq=115 ttl=32 time=61.6 ms
08-10 20:31:58.638 10997 10997 D cellinfo: Latitude is 41.4383746
08-10 20:31:58.638 10997 10997 D cellinfo: Longitude is -105.9433528
08-10 20:31:58.638 10997 10997 D cellinfo: Instantaneous GPS information: United States, 168 Hunt Rd, Laramie, WY 82070, USA
08-10 20:31:58.638 10997 10997 D cellinfo: getCurrentLocation() result: Location (success): 41.4383746, -105.9433528
08-10 20:31:58.684 10997 10997 D cellinfo: onCellInfoChanged: Operator: T-Mobile UpdateTimestamp: 8839720 CellConnectionStatus: 0
08-10 20:31:58.684 10997 10997 D cellinfo: onCellInfoChanged: LTE Cell Bands: [2] Bandwidth: 10000 Cell ID: 25826571 Physical Cell ID: 219 Tracking Area Code: 47617 EARFCN: 852
08-10 20:31:58.851 10997 11072 D cellinfo: 46 bytes from 44.241.174.93: icmp_seq=116 ttl=32 time=106 ms
08-10 20:31:59.131 10997 10997 D cellinfo: onsignalStrengthsChanged: LTE Signal Strength info: rsrp: -114 rsrq: -12 rssi: -85 rssnr: 5
08-10 20:31:59.131 10997 10997 D cellinfo: onsignalStrengthsChanged: 5G-NR Signal Strength info: ssrsrp: -109 ssrsrq: -13 sssinr: 16
08-10 20:31:59.171 10997 11072 D cellinfo: 46 bytes from 44.241.174.93: icmp_seq=117 ttl=32 time=225 ms
08-10 20:31:59.215 10997 11072 D cellinfo: 46 bytes from 44.241.174.93: icmp_seq=118 ttl=32 time=65.9 ms
08-10 20:31:59.490 10997 11072 D cellinfo: 46 bytes from 44.241.174.93: icmp_seq=119 ttl=32 time=140 ms
08-10 20:31:59.651 10997 11072 D cellinfo: 46 bytes from 44.241.174.93: icmp_seq=120 ttl=32 time=101 ms
08-10 20:31:59.913 10997 10997 D cellinfo: onsignalStrengthsChanged: LTE Signal Strength info: rsrp: -114 rsrq: -12 rssi: -85 rssnr: 5
08-10 20:31:59.913 10997 10997 D cellinfo: onsignalStrengthsChanged: 5G-NR Signal Strength info: ssrsrp: -110 ssrsrq: -14 sssinr: 11
08-10 20:31:59.971 10997 11072 D cellinfo: 46 bytes from 44.241.174.93: icmp_seq=121 ttl=32 time=219 ms
08-10 20:32:00.013 10997 11072 D cellinfo: 46 bytes from 44.241.174.93: icmp_seq=122 ttl=32 time=60.6 ms
08-10 20:32:00.291 10997 11072 D cellinfo: 46 bytes from 44.241.174.93: icmp_seq=123 ttl=32 time=137 ms
08-10 20:32:00.451 10997 11072 D cellinfo: 46 bytes from 44.241.174.93: icmp_seq=124 ttl=32 time=96.0 ms
08-10 20:32:00.771 10997 11072 D cellinfo: 46 bytes from 44.241.174.93: icmp_seq=125 ttl=32 time=215 ms
08-10 20:32:00.824 10997 11072 D cellinfo: 46 bytes from 44.241.174.93: icmp_seq=126 ttl=32 time=64.6 ms
08-10 20:32:01.091 10997 11072 D cellinfo: 46 bytes from 44.241.174.93: icmp_seq=127 ttl=32 time=130 ms
08-10 20:32:01.251 10997 11072 D cellinfo: 46 bytes from 44.241.174.93: icmp_seq=128 ttl=32 time=91.1 ms
08-10 20:32:01.571 10997 11072 D cellinfo: 46 bytes from 44.241.174.93: icmp_seq=129 ttl=32 time=210 ms
08-10 20:32:01.624 10997 11072 D cellinfo: 46 bytes from 44.241.174.93: icmp_seq=130 ttl=32 time=61.4 ms
08-10 20:32:01.637 10997 10997 D cellinfo: Latitude is 41.4383746
08-10 20:32:01.637 10997 10997 D cellinfo: Longitude is -105.9433572
08-10 20:32:01.637 10997 10997 D cellinfo: Instantaneous GPS information: United States, 168 Hunt Rd, Laramie, WY 82070, USA
08-10 20:32:01.637 10997 10997 D cellinfo: getCurrentLocation() result: Location (success): 41.4383746, -105.9433572
08-10 20:32:01.686 10997 10997 D cellinfo: onCellInfoChanged: Operator: T-Mobile UpdateTimestamp: 8842722 CellConnectionStatus: 0
08-10 20:32:01.686 10997 10997 D cellinfo: onCellInfoChanged: LTE Cell Bands: [2] Bandwidth: 10000 Cell ID: 25826571 Physical Cell ID: 219 Tracking Area Code: 47617 EARFCN: 852
08-10 20:32:01.739 10997 10997 D cellinfo: onsignalStrengthsChanged: LTE Signal Strength info: rsrp: -114 rsrq: -11 rssi: -87 rssnr: 4
08-10 20:32:01.739 10997 10997 D cellinfo: onsignalStrengthsChanged: 5G-NR Signal Strength info: ssrsrp: -110 ssrsrq: -14 sssinr: 11
08-10 20:32:01.891 10997 11072 D cellinfo: 46 bytes from 44.241.174.93: icmp_seq=131 ttl=32 time=127 ms
08-10 20:32:02.050 10997 11072 D cellinfo: 46 bytes from 44.241.174.93: icmp_seq=132 ttl=32 time=85.3 ms
08-10 20:32:02.371 10997 11072 D cellinfo: 46 bytes from 44.241.174.93: icmp_seq=133 ttl=32 time=206 ms
08-10 20:32:02.440 10997 11072 D cellinfo: 46 bytes from 44.241.174.93: icmp_seq=134 ttl=32 time=73.9 ms
08-10 20:32:02.691 10997 11072 D cellinfo: 46 bytes from 44.241.174.93: icmp_seq=135 ttl=32 time=124 ms
08-10 20:32:02.833 10997 11072 D cellinfo: 46 bytes from 44.241.174.93: icmp_seq=136 ttl=32 time=65.2 ms
08-10 20:32:02.911 10997 10997 D cellinfo: onsignalStrengthsChanged: LTE Signal Strength info: rsrp: -114 rsrq: -11 rssi: -87 rssnr: 4
08-10 20:32:02.911 10997 10997 D cellinfo: onsignalStrengthsChanged: 5G-NR Signal Strength info: ssrsrp: -110 ssrsrq: -14 sssinr: 20
08-10 20:32:03.171 10997 11072 D cellinfo: 46 bytes from 44.241.174.93: icmp_seq=137 ttl=32 time=202 ms
08-10 20:32:03.234 10997 11072 D cellinfo: 46 bytes from 44.241.174.93: icmp_seq=138 ttl=32 time=62.4 ms
08-10 20:32:03.491 10997 11072 D cellinfo: 46 bytes from 44.241.174.93: icmp_seq=139 ttl=32 time=117 ms
08-10 20:32:03.651 10997 11072 D cellinfo: 46 bytes from 44.241.174.93: icmp_seq=140 ttl=32 time=77.1 ms
08-10 20:32:03.971 10997 11072 D cellinfo: 46 bytes from 44.241.174.93: icmp_seq=141 ttl=32 time=195 ms
08-10 20:32:04.044 10997 11072 D cellinfo: 46 bytes from 44.241.174.93: icmp_seq=142 ttl=32 time=68.9 ms
08-10 20:32:04.291 10997 11072 D cellinfo: 46 bytes from 44.241.174.93: icmp_seq=143 ttl=32 time=116 ms
08-10 20:32:04.443 10997 11072 D cellinfo: 46 bytes from 44.241.174.93: icmp_seq=144 ttl=32 time=67.9 ms
08-10 20:32:04.636 10997 10997 D cellinfo: Latitude is 41.4383746
08-10 20:32:04.636 10997 10997 D cellinfo: Longitude is -105.9433579
08-10 20:32:04.636 10997 10997 D cellinfo: Instantaneous GPS information: United States, 168 Hunt Rd, Laramie, WY 82070, USA
08-10 20:32:04.637 10997 10997 D cellinfo: getCurrentLocation() result: Location (success): 41.4383746, -105.9433579
08-10 20:32:04.644 10997 11072 D cellinfo: 46 bytes from 44.241.174.93: icmp_seq=145 ttl=32 time=67.6 ms
08-10 20:32:04.692 10997 10997 D cellinfo: onCellInfoChanged: Operator: T-Mobile UpdateTimestamp: 8845727 CellConnectionStatus: 0
08-10 20:32:04.692 10997 10997 D cellinfo: onCellInfoChanged: LTE Cell Bands: [2] Bandwidth: 10000 Cell ID: 25826571 Physical Cell ID: 219 Tracking Area Code: 47617 EARFCN: 852
08-10 20:32:04.931 10997 11072 D cellinfo: 46 bytes from 44.241.174.93: icmp_seq=146 ttl=32 time=154 ms
08-10 20:32:05.090 10997 11072 D cellinfo: 46 bytes from 44.241.174.93: icmp_seq=147 ttl=32 time=112 ms
08-10 20:32:05.133 10997 10997 D cellinfo: onsignalStrengthsChanged: LTE Signal Strength info: rsrp: -113 rsrq: -12 rssi: -87 rssnr: 4
08-10 20:32:05.133 10997 10997 D cellinfo: onsignalStrengthsChanged: 5G-NR Signal Strength info: ssrsrp: -110 ssrsrq: -14 sssinr: 20
08-10 20:32:05.251 10997 11072 D cellinfo: 46 bytes from 44.241.174.93: icmp_seq=148 ttl=32 time=73.4 ms
08-10 20:32:05.570 10997 11072 D cellinfo: 46 bytes from 44.241.174.93: icmp_seq=149 ttl=32 time=192 ms
08-10 20:32:05.652 10997 11072 D cellinfo: 46 bytes from 44.241.174.93: icmp_seq=150 ttl=32 time=73.6 ms
08-10 20:32:05.890 10997 11072 D cellinfo: 46 bytes from 44.241.174.93: icmp_seq=151 ttl=32 time=111 ms
08-10 20:32:05.913 10997 10997 D cellinfo: onsignalStrengthsChanged: LTE Signal Strength info: rsrp: -113 rsrq: -12 rssi: -87 rssnr: 4
08-10 20:32:05.913 10997 10997 D cellinfo: onsignalStrengthsChanged: 5G-NR Signal Strength info: ssrsrp: -111 ssrsrq: -14 sssinr: 32
08-10 20:32:06.051 10997 11072 D cellinfo: 46 bytes from 44.241.174.93: icmp_seq=152 ttl=32 time=72.5 ms
08-10 20:32:06.371 10997 11072 D cellinfo: 46 bytes from 44.241.174.93: icmp_seq=153 ttl=32 time=192 ms
08-10 20:32:06.449 10997 11072 D cellinfo: 46 bytes from 44.241.174.93: icmp_seq=154 ttl=32 time=70.4 ms
08-10 20:32:06.690 10997 11072 D cellinfo: 46 bytes from 44.241.174.93: icmp_seq=155 ttl=32 time=110 ms
08-10 20:32:06.851 10997 11072 D cellinfo: 46 bytes from 44.241.174.93: icmp_seq=156 ttl=32 time=69.5 ms
08-10 20:32:07.171 10997 11072 D cellinfo: 46 bytes from 44.241.174.93: icmp_seq=157 ttl=32 time=188 ms
08-10 20:32:07.245 10997 11072 D cellinfo: 46 bytes from 44.241.174.93: icmp_seq=158 ttl=32 time=62.7 ms
08-10 20:32:07.491 10997 11072 D cellinfo: 46 bytes from 44.241.174.93: icmp_seq=159 ttl=32 time=107 ms
08-10 20:32:07.652 10997 11072 D cellinfo: 46 bytes from 44.241.174.93: icmp_seq=160 ttl=32 time=67.3 ms
08-10 20:32:07.663 10997 10997 D cellinfo: onCellInfoChanged: Operator: T-Mobile UpdateTimestamp: 8848699 CellConnectionStatus: 0
08-10 20:32:07.663 10997 10997 D cellinfo: onCellInfoChanged: LTE Cell Bands: [2] Bandwidth: 10000 Cell ID: 25826571 Physical Cell ID: 219 Tracking Area Code: 47617 EARFCN: 852
08-10 20:32:07.970 10997 11072 D cellinfo: 46 bytes from 44.241.174.93: icmp_seq=161 ttl=32 time=185 ms
08-10 20:32:08.055 10997 11072 D cellinfo: 46 bytes from 44.241.174.93: icmp_seq=162 ttl=32 time=68.5 ms
08-10 20:32:08.133 10997 10997 D cellinfo: onsignalStrengthsChanged: LTE Signal Strength info: rsrp: -114 rsrq: -13 rssi: -85 rssnr: 0
08-10 20:32:08.133 10997 10997 D cellinfo: onsignalStrengthsChanged: 5G-NR Signal Strength info: ssrsrp: -111 ssrsrq: -14 sssinr: 32
08-10 20:32:08.291 10997 11072 D cellinfo: 46 bytes from 44.241.174.93: icmp_seq=163 ttl=32 time=104 ms
08-10 20:32:08.455 10997 11072 D cellinfo: 46 bytes from 44.241.174.93: icmp_seq=164 ttl=32 time=67.6 ms
08-10 20:32:08.736 10997 10997 D cellinfo: Latitude is 41.4383867
08-10 20:32:08.736 10997 10997 D cellinfo: Longitude is -105.9433592
08-10 20:32:08.736 10997 10997 D cellinfo: Instantaneous GPS information: United States, 168 Hunt Rd, Laramie, WY 82070, USA
08-10 20:32:08.736 10997 10997 D cellinfo: getCurrentLocation() result: Location (success): 41.4383867, -105.9433592
08-10 20:32:08.770 10997 11072 D cellinfo: 46 bytes from 44.241.174.93: icmp_seq=165 ttl=32 time=181 ms
08-10 20:32:08.860 10997 11072 D cellinfo: 46 bytes from 44.241.174.93: icmp_seq=166 ttl=32 time=70.3 ms
08-10 20:32:08.915 10997 10997 D cellinfo: onsignalStrengthsChanged: LTE Signal Strength info: rsrp: -114 rsrq: -13 rssi: -85 rssnr: 0
08-10 20:32:08.915 10997 10997 D cellinfo: onsignalStrengthsChanged: 5G-NR Signal Strength info: ssrsrp: -111 ssrsrq: -15 sssinr: 18
08-10 20:32:09.091 10997 11072 D cellinfo: 46 bytes from 44.241.174.93: icmp_seq=167 ttl=32 time=100 ms
08-10 20:32:09.257 10997 11072 D cellinfo: 46 bytes from 44.241.174.93: icmp_seq=168 ttl=32 time=65.6 ms
08-10 20:32:09.571 10997 11072 D cellinfo: 46 bytes from 44.241.174.93: icmp_seq=169 ttl=32 time=178 ms
08-10 20:32:09.657 10997 11072 D cellinfo: 46 bytes from 44.241.174.93: icmp_seq=170 ttl=32 time=63.3 ms
08-10 20:32:09.891 10997 11072 D cellinfo: 46 bytes from 44.241.174.93: icmp_seq=171 ttl=32 time=95.9 ms
08-10 20:32:10.211 10997 11072 D cellinfo: 46 bytes from 44.241.174.93: icmp_seq=172 ttl=32 time=215 ms
08-10 20:32:10.270 10997 11072 D cellinfo: 46 bytes from 44.241.174.93: icmp_seq=173 ttl=32 time=70.7 ms
08-10 20:32:10.531 10997 11072 D cellinfo: 46 bytes from 44.241.174.93: icmp_seq=174 ttl=32 time=130 ms
08-10 20:32:10.638 10997 10997 D cellinfo: Latitude is 41.4383867
08-10 20:32:10.638 10997 10997 D cellinfo: Longitude is -105.9433592
08-10 20:32:10.638 10997 10997 D cellinfo: Instantaneous GPS information: United States, 168 Hunt Rd, Laramie, WY 82070, USA
08-10 20:32:10.638 10997 10997 D cellinfo: getCurrentLocation() result: Location (success): 41.4383867, -105.9433592
08-10 20:32:10.691 10997 11072 D cellinfo: 46 bytes from 44.241.174.93: icmp_seq=175 ttl=32 time=89.1 ms
08-10 20:32:10.701 10997 10997 D cellinfo: onCellInfoChanged: Operator: T-Mobile UpdateTimestamp: 8851734 CellConnectionStatus: 0
08-10 20:32:10.701 10997 10997 D cellinfo: onCellInfoChanged: LTE Cell Bands: [2] Bandwidth: 10000 Cell ID: 25826571 Physical Cell ID: 219 Tracking Area Code: 47617 EARFCN: 852
08-10 20:32:10.711 10997 10997 D cellinfo: onsignalStrengthsChanged: LTE Signal Strength info: rsrp: -114 rsrq: -14 rssi: -83 rssnr: -2
08-10 20:32:10.711 10997 10997 D cellinfo: onsignalStrengthsChanged: 5G-NR Signal Strength info: ssrsrp: -111 ssrsrq: -15 sssinr: 18
08-10 20:32:11.010 10997 11072 D cellinfo: 46 bytes from 44.241.174.93: icmp_seq=176 ttl=32 time=208 ms
08-10 20:32:11.075 10997 11072 D cellinfo: 46 bytes from 44.241.174.93: icmp_seq=177 ttl=32 time=69.2 ms
08-10 20:32:11.331 10997 11072 D cellinfo: 46 bytes from 44.241.174.93: icmp_seq=178 ttl=32 time=123 ms
08-10 20:32:11.491 10997 11072 D cellinfo: 46 bytes from 44.241.174.93: icmp_seq=179 ttl=32 time=82.8 ms
08-10 20:32:11.811 10997 11072 D cellinfo: 46 bytes from 44.241.174.93: icmp_seq=180 ttl=32 time=202 ms
08-10 20:32:11.874 10997 11072 D cellinfo: 46 bytes from 44.241.174.93: icmp_seq=181 ttl=32 time=62.5 ms
08-10 20:32:11.912 10997 10997 D cellinfo: onsignalStrengthsChanged: LTE Signal Strength info: rsrp: -114 rsrq: -14 rssi: -83 rssnr: -2
08-10 20:32:11.912 10997 10997 D cellinfo: onsignalStrengthsChanged: 5G-NR Signal Strength info: ssrsrp: -111 ssrsrq: -15 sssinr: -6
08-10 20:32:12.131 10997 11072 D cellinfo: 46 bytes from 44.241.174.93: icmp_seq=182 ttl=32 time=119 ms
08-10 20:32:12.292 10997 11072 D cellinfo: 46 bytes from 44.241.174.93: icmp_seq=183 ttl=32 time=78.8 ms
08-10 20:32:12.611 10997 11072 D cellinfo: 46 bytes from 44.241.174.93: icmp_seq=184 ttl=32 time=197 ms
08-10 20:32:12.683 10997 11072 D cellinfo: 46 bytes from 44.241.174.93: icmp_seq=185 ttl=32 time=69.5 ms
08-10 20:32:12.931 10997 11072 D cellinfo: 46 bytes from 44.241.174.93: icmp_seq=186 ttl=32 time=116 ms
08-10 20:32:13.093 10997 11072 D cellinfo: 46 bytes from 44.241.174.93: icmp_seq=187 ttl=32 time=77.5 ms
08-10 20:32:13.411 10997 11072 D cellinfo: 46 bytes from 44.241.174.93: icmp_seq=188 ttl=32 time=194 ms
08-10 20:32:13.492 10997 11072 D cellinfo: 46 bytes from 44.241.174.93: icmp_seq=189 ttl=32 time=75.7 ms
08-10 20:32:13.550 10997 10997 D cellinfo: onsignalStrengthsChanged: LTE Signal Strength info: rsrp: -114 rsrq: -14 rssi: -83 rssnr: -2
08-10 20:32:13.551 10997 10997 D cellinfo: onsignalStrengthsChanged: 5G-NR Signal Strength info: ssrsrp: -110 ssrsrq: -15 sssinr: 2147483647
08-10 20:32:13.637 10997 10997 D cellinfo: Latitude is 41.4383884
08-10 20:32:13.637 10997 10997 D cellinfo: Longitude is -105.9433597
08-10 20:32:13.637 10997 10997 D cellinfo: Instantaneous GPS information: United States, 168 Hunt Rd, Laramie, WY 82070, USA
08-10 20:32:13.637 10997 10997 D cellinfo: getCurrentLocation() result: Location (success): 41.4383884, -105.9433597
08-10 20:32:13.674 10997 11072 D cellinfo: 46 bytes from 44.241.174.93: icmp_seq=190 ttl=32 time=57.8 ms
08-10 20:32:13.699 10997 10997 D cellinfo: onCellInfoChanged: Operator: T-Mobile UpdateTimestamp: 8854732 CellConnectionStatus: 0
08-10 20:32:13.699 10997 10997 D cellinfo: onCellInfoChanged: LTE Cell Bands: [2] Bandwidth: 10000 Cell ID: 25826571 Physical Cell ID: 219 Tracking Area Code: 47617 EARFCN: 852
08-10 20:32:13.884 10997 11072 D cellinfo: 46 bytes from 44.241.174.93: icmp_seq=191 ttl=32 time=67.7 ms
08-10 20:32:14.091 10997 11072 D cellinfo: 46 bytes from 44.241.174.93: icmp_seq=192 ttl=32 time=72.6 ms
08-10 20:32:14.135 10997 10997 D cellinfo: onsignalStrengthsChanged: LTE Signal Strength info: rsrp: -114 rsrq: -12 rssi: -87 rssnr: 1
08-10 20:32:14.135 10997 10997 D cellinfo: onsignalStrengthsChanged: 5G-NR Signal Strength info: ssrsrp: -110 ssrsrq: -15 sssinr: 2147483647
08-10 20:32:14.295 10997 11072 D cellinfo: 46 bytes from 44.241.174.93: icmp_seq=193 ttl=32 time=75.8 ms
08-10 20:32:14.496 10997 11072 D cellinfo: 46 bytes from 44.241.174.93: icmp_seq=194 ttl=32 time=76.5 ms
08-10 20:32:14.684 10997 11072 D cellinfo: 46 bytes from 44.241.174.93: icmp_seq=195 ttl=32 time=63.9 ms
08-10 20:32:14.894 10997 11072 D cellinfo: 46 bytes from 44.241.174.93: icmp_seq=196 ttl=32 time=72.9 ms
08-10 20:32:14.908 10997 10997 D cellinfo: onsignalStrengthsChanged: LTE Signal Strength info: rsrp: -114 rsrq: -12 rssi: -87 rssnr: 1
08-10 20:32:14.908 10997 10997 D cellinfo: onsignalStrengthsChanged: 5G-NR Signal Strength info: ssrsrp: -109 ssrsrq: -13 sssinr: 0
08-10 20:32:15.084 10997 11072 D cellinfo: 46 bytes from 44.241.174.93: icmp_seq=197 ttl=32 time=62.3 ms
08-10 20:32:15.292 10997 11072 D cellinfo: 46 bytes from 44.241.174.93: icmp_seq=198 ttl=32 time=69.4 ms
08-10 20:32:15.491 10997 11072 D cellinfo: 46 bytes from 44.241.174.93: icmp_seq=199 ttl=32 time=67.3 ms
08-10 20:32:15.694 10997 11072 D cellinfo: 46 bytes from 44.241.174.93: icmp_seq=200 ttl=32 time=69.3 ms
08-10 20:32:15.896 10997 11072 D cellinfo: 46 bytes from 44.241.174.93: icmp_seq=201 ttl=32 time=69.4 ms
08-10 20:32:16.095 10997 11072 D cellinfo: 46 bytes from 44.241.174.93: icmp_seq=202 ttl=32 time=67.9 ms
08-10 20:32:16.294 10997 11072 D cellinfo: 46 bytes from 44.241.174.93: icmp_seq=203 ttl=32 time=65.9 ms
08-10 20:32:16.551 10997 11072 D cellinfo: 46 bytes from 44.241.174.93: icmp_seq=204 ttl=32 time=121 ms
08-10 20:32:16.637 10997 10997 D cellinfo: Latitude is 41.4383894
08-10 20:32:16.637 10997 10997 D cellinfo: Longitude is -105.94336
08-10 20:32:16.637 10997 10997 D cellinfo: Instantaneous GPS information: United States, 168 Hunt Rd, Laramie, WY 82070, USA
08-10 20:32:16.637 10997 10997 D cellinfo: getCurrentLocation() result: Location (success): 41.4383894, -105.94336
08-10 20:32:16.688 10997 10997 D cellinfo: onCellInfoChanged: Operator: T-Mobile UpdateTimestamp: 8857722 CellConnectionStatus: 0
08-10 20:32:16.688 10997 10997 D cellinfo: onCellInfoChanged: LTE Cell Bands: [2] Bandwidth: 10000 Cell ID: 25826571 Physical Cell ID: 219 Tracking Area Code: 47617 EARFCN: 852
08-10 20:32:16.710 10997 11072 D cellinfo: 46 bytes from 44.241.174.93: icmp_seq=205 ttl=32 time=78.9 ms
08-10 20:32:17.031 10997 11072 D cellinfo: 46 bytes from 44.241.174.93: icmp_seq=206 ttl=32 time=199 ms
08-10 20:32:17.102 10997 11072 D cellinfo: 46 bytes from 44.241.174.93: icmp_seq=207 ttl=32 time=70.4 ms
08-10 20:32:17.135 10997 10997 D cellinfo: onsignalStrengthsChanged: LTE Signal Strength info: rsrp: -114 rsrq: -13 rssi: -85 rssnr: 3
08-10 20:32:17.135 10997 10997 D cellinfo: onsignalStrengthsChanged: 5G-NR Signal Strength info: ssrsrp: -109 ssrsrq: -13 sssinr: 0
08-10 20:32:17.351 10997 11072 D cellinfo: 46 bytes from 44.241.174.93: icmp_seq=208 ttl=32 time=118 ms
08-10 20:32:17.511 10997 11072 D cellinfo: 46 bytes from 44.241.174.93: icmp_seq=209 ttl=32 time=77.5 ms
08-10 20:32:17.831 10997 11072 D cellinfo: 46 bytes from 44.241.174.93: icmp_seq=210 ttl=32 time=197 ms
08-10 20:32:17.897 10997 11072 D cellinfo: 46 bytes from 44.241.174.93: icmp_seq=211 ttl=32 time=63.0 ms
08-10 20:32:17.912 10997 10997 D cellinfo: onsignalStrengthsChanged: LTE Signal Strength info: rsrp: -114 rsrq: -13 rssi: -85 rssnr: 3
08-10 20:32:17.912 10997 10997 D cellinfo: onsignalStrengthsChanged: 5G-NR Signal Strength info: ssrsrp: -108 ssrsrq: -12 sssinr: 37
08-10 20:32:18.151 10997 11072 D cellinfo: 46 bytes from 44.241.174.93: icmp_seq=212 ttl=32 time=116 ms
08-10 20:32:18.311 10997 11072 D cellinfo: 46 bytes from 44.241.174.93: icmp_seq=213 ttl=32 time=75.0 ms
08-10 20:32:18.631 10997 11072 D cellinfo: 46 bytes from 44.241.174.93: icmp_seq=214 ttl=32 time=194 ms
08-10 20:32:18.714 10997 11072 D cellinfo: 46 bytes from 44.241.174.93: icmp_seq=215 ttl=32 time=77.7 ms
08-10 20:32:18.951 10997 11072 D cellinfo: 46 bytes from 44.241.174.93: icmp_seq=216 ttl=32 time=114 ms
08-10 20:32:19.113 10997 11072 D cellinfo: 46 bytes from 44.241.174.93: icmp_seq=217 ttl=32 time=75.8 ms
08-10 20:32:19.431 10997 11072 D cellinfo: 46 bytes from 44.241.174.93: icmp_seq=218 ttl=32 time=193 ms
08-10 20:32:19.514 10997 11072 D cellinfo: 46 bytes from 44.241.174.93: icmp_seq=219 ttl=32 time=76.7 ms
08-10 20:32:19.639 10997 10997 D cellinfo: Latitude is 41.4383894
08-10 20:32:19.639 10997 10997 D cellinfo: Longitude is -105.94336
08-10 20:32:19.639 10997 10997 D cellinfo: Instantaneous GPS information: United States, 168 Hunt Rd, Laramie, WY 82070, USA
08-10 20:32:19.639 10997 10997 D cellinfo: getCurrentLocation() result: Location (success): 41.4383894, -105.94336
08-10 20:32:19.662 10997 10997 D cellinfo: onsignalStrengthsChanged: LTE Signal Strength info: rsrp: -114 rsrq: -13 rssi: -85 rssnr: 2
08-10 20:32:19.662 10997 10997 D cellinfo: onsignalStrengthsChanged: 5G-NR Signal Strength info: ssrsrp: -108 ssrsrq: -12 sssinr: 37
08-10 20:32:19.689 10997 10997 D cellinfo: onCellInfoChanged: Operator: T-Mobile UpdateTimestamp: 8860724 CellConnectionStatus: 0
08-10 20:32:19.689 10997 10997 D cellinfo: onCellInfoChanged: LTE Cell Bands: [2] Bandwidth: 10000 Cell ID: 25826571 Physical Cell ID: 219 Tracking Area Code: 47617 EARFCN: 852
08-10 20:32:19.750 10997 11072 D cellinfo: 46 bytes from 44.241.174.93: icmp_seq=220 ttl=32 time=112 ms
08-10 20:32:19.913 10997 11072 D cellinfo: 46 bytes from 44.241.174.93: icmp_seq=221 ttl=32 time=74.4 ms
08-10 20:32:20.231 10997 11072 D cellinfo: 46 bytes from 44.241.174.93: icmp_seq=222 ttl=32 time=191 ms
08-10 20:32:20.304 10997 11072 D cellinfo: 46 bytes from 44.241.174.93: icmp_seq=223 ttl=32 time=64.7 ms
08-10 20:32:20.550 10997 11072 D cellinfo: 46 bytes from 44.241.174.93: icmp_seq=224 ttl=32 time=110 ms
08-10 20:32:20.713 10997 11072 D cellinfo: 46 bytes from 44.241.174.93: icmp_seq=225 ttl=32 time=71.8 ms
08-10 20:32:20.911 10997 10997 D cellinfo: onsignalStrengthsChanged: LTE Signal Strength info: rsrp: -114 rsrq: -13 rssi: -85 rssnr: 2
08-10 20:32:20.911 10997 10997 D cellinfo: onsignalStrengthsChanged: 5G-NR Signal Strength info: ssrsrp: -109 ssrsrq: -13 sssinr: 17
08-10 20:32:21.030 10997 11072 D cellinfo: 46 bytes from 44.241.174.93: icmp_seq=226 ttl=32 time=189 ms
08-10 20:32:21.107 10997 11072 D cellinfo: 46 bytes from 44.241.174.93: icmp_seq=227 ttl=32 time=66.6 ms
08-10 20:32:21.351 10997 11072 D cellinfo: 46 bytes from 44.241.174.93: icmp_seq=228 ttl=32 time=110 ms
08-10 20:32:21.671 10997 11072 D cellinfo: 46 bytes from 44.241.174.93: icmp_seq=229 ttl=32 time=229 ms
08-10 20:32:21.710 10997 11072 D cellinfo: 46 bytes from 44.241.174.93: icmp_seq=230 ttl=32 time=66.9 ms
08-10 20:32:21.991 10997 11072 D cellinfo: 46 bytes from 44.241.174.93: icmp_seq=231 ttl=32 time=147 ms
08-10 20:32:22.151 10997 11072 D cellinfo: 46 bytes from 44.241.174.93: icmp_seq=232 ttl=32 time=106 ms
08-10 20:32:22.471 10997 11072 D cellinfo: 46 bytes from 44.241.174.93: icmp_seq=233 ttl=32 time=225 ms
08-10 20:32:22.520 10997 11072 D cellinfo: 46 bytes from 44.241.174.93: icmp_seq=234 ttl=32 time=74.5 ms
08-10 20:32:22.673 10997 10997 D cellinfo: onCellInfoChanged: Operator: T-Mobile UpdateTimestamp: 8863709 CellConnectionStatus: 0
08-10 20:32:22.673 10997 10997 D cellinfo: onCellInfoChanged: LTE Cell Bands: [2] Bandwidth: 10000 Cell ID: 25826571 Physical Cell ID: 219 Tracking Area Code: 47617 EARFCN: 852
08-10 20:32:22.790 10997 11072 D cellinfo: 46 bytes from 44.241.174.93: icmp_seq=235 ttl=32 time=143 ms
08-10 20:32:22.951 10997 11072 D cellinfo: 46 bytes from 44.241.174.93: icmp_seq=236 ttl=32 time=102 ms
08-10 20:32:23.119 10997 11072 D cellinfo: 46 bytes from 44.241.174.93: icmp_seq=237 ttl=32 time=69.6 ms
08-10 20:32:23.135 10997 10997 D cellinfo: onsignalStrengthsChanged: LTE Signal Strength info: rsrp: -114 rsrq: -11 rssi: -87 rssnr: 5
08-10 20:32:23.135 10997 10997 D cellinfo: onsignalStrengthsChanged: 5G-NR Signal Strength info: ssrsrp: -109 ssrsrq: -13 sssinr: 17
08-10 20:32:23.431 10997 11072 D cellinfo: 46 bytes from 44.241.174.93: icmp_seq=238 ttl=32 time=180 ms
08-10 20:32:23.591 10997 11072 D cellinfo: 46 bytes from 44.241.174.93: icmp_seq=239 ttl=32 time=139 ms
08-10 20:32:23.750 10997 11072 D cellinfo: 46 bytes from 44.241.174.93: icmp_seq=240 ttl=32 time=98.1 ms
08-10 20:32:23.914 10997 10997 D cellinfo: onsignalStrengthsChanged: LTE Signal Strength info: rsrp: -114 rsrq: -11 rssi: -87 rssnr: 5
08-10 20:32:23.914 10997 10997 D cellinfo: onsignalStrengthsChanged: 5G-NR Signal Strength info: ssrsrp: -109 ssrsrq: -13 sssinr: 7
08-10 20:32:24.071 10997 11072 D cellinfo: 46 bytes from 44.241.174.93: icmp_seq=241 ttl=32 time=217 ms
08-10 20:32:24.135 10997 11072 D cellinfo: 46 bytes from 44.241.174.93: icmp_seq=242 ttl=32 time=79.4 ms
08-10 20:32:24.328 10997 10997 D cellinfo: Latitude is 41.4383631
08-10 20:32:24.328 10997 10997 D cellinfo: Longitude is -105.9433531
08-10 20:32:24.328 10997 10997 D cellinfo: Instantaneous GPS information: United States, 168 Hunt Rd, Laramie, WY 82070, USA
08-10 20:32:24.328 10997 10997 D cellinfo: getCurrentLocation() result: Location (success): 41.4383631, -105.9433531
08-10 20:32:24.392 10997 11072 D cellinfo: 46 bytes from 44.241.174.93: icmp_seq=243 ttl=32 time=134 ms
08-10 20:32:24.551 10997 11072 D cellinfo: 46 bytes from 44.241.174.93: icmp_seq=244 ttl=32 time=92.7 ms
08-10 20:32:24.870 10997 11072 D cellinfo: 46 bytes from 44.241.174.93: icmp_seq=245 ttl=32 time=210 ms
08-10 20:32:24.930 10997 11072 D cellinfo: 46 bytes from 44.241.174.93: icmp_seq=246 ttl=32 time=67.6 ms
08-10 20:32:25.191 10997 11072 D cellinfo: 46 bytes from 44.241.174.93: icmp_seq=247 ttl=32 time=126 ms
08-10 20:32:25.351 10997 11072 D cellinfo: 46 bytes from 44.241.174.93: icmp_seq=248 ttl=32 time=86.3 ms
08-10 20:32:25.639 10997 10997 D cellinfo: Latitude is 41.4383631
08-10 20:32:25.640 10997 10997 D cellinfo: Longitude is -105.9433531
08-10 20:32:25.640 10997 10997 D cellinfo: Instantaneous GPS information: United States, 168 Hunt Rd, Laramie, WY 82070, USA
08-10 20:32:25.640 10997 10997 D cellinfo: getCurrentLocation() result: Location (success): 41.4383631, -105.9433531
08-10 20:32:25.672 10997 11072 D cellinfo: 46 bytes from 44.241.174.93: icmp_seq=249 ttl=32 time=206 ms
08-10 20:32:25.693 10997 10997 D cellinfo: onCellInfoChanged: Operator: T-Mobile UpdateTimestamp: 8866726 CellConnectionStatus: 0
08-10 20:32:25.693 10997 10997 D cellinfo: onCellInfoChanged: LTE Cell Bands: [2] Bandwidth: 10000 Cell ID: 25826571 Physical Cell ID: 219 Tracking Area Code: 47617 EARFCN: 852
08-10 20:32:25.734 10997 11072 D cellinfo: 46 bytes from 44.241.174.93: icmp_seq=250 ttl=32 time=65.5 ms
08-10 20:32:25.991 10997 11072 D cellinfo: 46 bytes from 44.241.174.93: icmp_seq=251 ttl=32 time=120 ms
08-10 20:32:26.135 10997 10997 D cellinfo: onsignalStrengthsChanged: LTE Signal Strength info: rsrp: -115 rsrq: -11 rssi: -85 rssnr: 4
08-10 20:32:26.135 10997 10997 D cellinfo: onsignalStrengthsChanged: 5G-NR Signal Strength info: ssrsrp: -109 ssrsrq: -13 sssinr: 7
08-10 20:32:26.150 10997 11072 D cellinfo: 46 bytes from 44.241.174.93: icmp_seq=252 ttl=32 time=78.4 ms
08-10 20:32:26.471 10997 11072 D cellinfo: 46 bytes from 44.241.174.93: icmp_seq=253 ttl=32 time=198 ms
08-10 20:32:26.536 10997 11072 D cellinfo: 46 bytes from 44.241.174.93: icmp_seq=254 ttl=32 time=62.9 ms
08-10 20:32:26.791 10997 11072 D cellinfo: 46 bytes from 44.241.174.93: icmp_seq=255 ttl=32 time=117 ms
08-10 20:32:26.913 10997 10997 D cellinfo: onsignalStrengthsChanged: LTE Signal Strength info: rsrp: -115 rsrq: -11 rssi: -85 rssnr: 4
08-10 20:32:26.913 10997 10997 D cellinfo: onsignalStrengthsChanged: 5G-NR Signal Strength info: ssrsrp: -110 ssrsrq: -13 sssinr: 15
08-10 20:32:26.951 10997 11072 D cellinfo: 46 bytes from 44.241.174.93: icmp_seq=256 ttl=32 time=76.1 ms
08-10 20:32:27.271 10997 11072 D cellinfo: 46 bytes from 44.241.174.93: icmp_seq=257 ttl=32 time=195 ms
08-10 20:32:27.342 10997 11072 D cellinfo: 46 bytes from 44.241.174.93: icmp_seq=258 ttl=32 time=66.8 ms
08-10 20:32:27.591 10997 11072 D cellinfo: 46 bytes from 44.241.174.93: icmp_seq=259 ttl=32 time=115 ms
