--------- beginning of main
08-10 15:00:46.916  9757  9757 D cellinfo: GPS Info == 
08-10 15:00:46.916  9757  9757 D cellinfo: Network Operator == 
08-10 15:00:46.917  9757  9757 D cellinfo: User movement == Static
08-10 15:00:46.917  9757  9757 D cellinfo: isEastCoast == false
08-10 15:00:46.917  9757  9757 D cellinfo: isWestCoast == false
08-10 15:00:46.917  9757  9757 D cellinfo: isBoston == false
08-10 15:00:46.917  9757  9757 D cellinfo: Probably only country fetched. Saving only country info
08-10 15:00:46.917  9757  9901 D cellinfo: Timestamp: 1660165246
08-10 15:00:47.418  9757  9902 D cellinfo: Logging started
08-10 15:00:47.430  9757  9757 D cellinfo: onServiceStateChanged: Channel Number: -1 Cell Bandwidths: []
08-10 15:00:47.431  9757  9757 D cellinfo: onDisplayInfoChanged: NetworkType: Unknown OverrideNetworkType: None
08-10 15:00:47.923  9757  9901 D cellinfo: Ping command fired: /system/bin/ping -i 0.2 -s 38 18.192.157.241
08-10 15:00:47.930  9757  9901 D cellinfo: Ping logging stopped
08-10 15:00:47.930  9757  9901 D cellinfo: Average latency is INF
08-10 15:00:47.931  9757  9901 D cellinfo: All Process Stopped
08-10 15:00:47.931  9757  9901 D cellinfo: All Process Stopped
08-10 15:00:47.931  9757  9901 I cellinfo: debug
08-10 15:00:47.936  9757  9757 D cellinfo: false
08-10 15:00:47.936  9757  9757 D cellinfo: post ex LongOperation
08-10 15:01:23.952 10557 10557 D cellinfo: Country == United States
08-10 15:01:23.952 10557 10557 D cellinfo: City == Salt Lake City
08-10 15:01:23.953 10557 10557 D cellinfo: GPS Info == 2685 700 E, Salt Lake City, UT 84106, USA
08-10 15:01:23.953 10557 10557 D cellinfo: Network Operator == T-Mobile
08-10 15:01:23.953 10557 10557 D cellinfo: User movement == Static
08-10 15:01:23.953 10557 10557 D cellinfo: isEastCoast == false
08-10 15:01:23.953 10557 10557 D cellinfo: isWestCoast == true
08-10 15:01:23.953 10557 10557 D cellinfo: isBoston == false
08-10 15:01:23.953 10557 10557 D cellinfo: All GPS info fetched. Saving city and country info
08-10 15:01:23.957 10557 12571 D cellinfo: Timestamp: 1660165283
08-10 15:01:24.057 10557 10557 D cellinfo: Latitude is 40.7128297
08-10 15:01:24.057 10557 10557 D cellinfo: Longitude is -111.8707056
08-10 15:01:24.057 10557 10557 D cellinfo: Instantaneous GPS information: United States, 2685 700 E, Salt Lake City, UT 84106, USA
08-10 15:01:24.057 10557 10557 D cellinfo: getCurrentLocation() result: Location (success): 40.7128297, -111.8707056
08-10 15:01:24.461 10557 12572 D cellinfo: Logging started
08-10 15:01:24.469 10557 10557 D cellinfo: onServiceStateChanged: Channel Number: 675 Cell Bandwidths: [15000]
08-10 15:01:24.469 10557 10557 D cellinfo: onsignalStrengthsChanged: LTE Signal Strength info: rsrp: -94 rsrq: -14 rssi: -65 rssnr: 16
08-10 15:01:24.469 10557 10557 D cellinfo: onsignalStrengthsChanged: 5G-NR Signal Strength info: ssrsrp: -83 ssrsrq: -11 sssinr: 2147483647
08-10 15:01:24.478 10557 10557 D cellinfo: onCellInfoChanged: Operator: T-Mobile UpdateTimestamp: 125135 CellConnectionStatus: 0
08-10 15:01:24.478 10557 10557 D cellinfo: onCellInfoChanged: LTE Cell Bands: [2] Bandwidth: 15000 Cell ID: 21559051 Physical Cell ID: 176 Tracking Area Code: 11620 EARFCN: 675
08-10 15:01:24.479 10557 10557 D cellinfo: onDisplayInfoChanged: NetworkType: LTE OverrideNetworkType: 5G (Sub-6 GHz)
08-10 15:01:24.961 10557 12571 D cellinfo: Ping command fired: /system/bin/ping -i 0.2 -s 38 44.241.174.93
08-10 15:01:25.073 10557 12571 D cellinfo: PING 44.241.174.93 (44.241.174.93) 38(66) bytes of data.
08-10 15:01:25.074 10557 12571 D cellinfo: 46 bytes from 44.241.174.93: icmp_seq=1 ttl=20 time=107 ms
08-10 15:01:25.266 10557 12571 D cellinfo: 46 bytes from 44.241.174.93: icmp_seq=2 ttl=20 time=99.6 ms
08-10 15:01:25.552 10557 12571 D cellinfo: 46 bytes from 44.241.174.93: icmp_seq=3 ttl=20 time=185 ms
08-10 15:01:25.659 10557 12571 D cellinfo: 46 bytes from 44.241.174.93: icmp_seq=4 ttl=20 time=91.7 ms
08-10 15:01:25.849 10557 12571 D cellinfo: 46 bytes from 44.241.174.93: icmp_seq=5 ttl=20 time=80.8 ms
08-10 15:01:26.069 10557 12571 D cellinfo: 46 bytes from 44.241.174.93: icmp_seq=6 ttl=20 time=100 ms
08-10 15:01:26.265 10557 12571 D cellinfo: 46 bytes from 44.241.174.93: icmp_seq=7 ttl=20 time=96.0 ms
08-10 15:01:26.444 10557 10557 D cellinfo: onCellInfoChanged: Operator: T-Mobile UpdateTimestamp: 127436 CellConnectionStatus: 0
08-10 15:01:26.444 10557 10557 D cellinfo: onCellInfoChanged: LTE Cell Bands: [2] Bandwidth: 15000 Cell ID: 21559051 Physical Cell ID: 176 Tracking Area Code: 11620 EARFCN: 675
08-10 15:01:26.450 10557 12571 D cellinfo: 46 bytes from 44.241.174.93: icmp_seq=8 ttl=20 time=81.3 ms
08-10 15:01:26.572 10557 10557 D cellinfo: onsignalStrengthsChanged: LTE Signal Strength info: rsrp: -93 rsrq: -12 rssi: -65 rssnr: 18
08-10 15:01:26.572 10557 10557 D cellinfo: onsignalStrengthsChanged: 5G-NR Signal Strength info: ssrsrp: -83 ssrsrq: -11 sssinr: 2147483647
08-10 15:01:26.666 10557 12571 D cellinfo: 46 bytes from 44.241.174.93: icmp_seq=9 ttl=20 time=96.2 ms
08-10 15:01:26.776 10557 10557 D cellinfo: onsignalStrengthsChanged: LTE Signal Strength info: rsrp: -93 rsrq: -12 rssi: -65 rssnr: 18
08-10 15:01:26.776 10557 10557 D cellinfo: onsignalStrengthsChanged: 5G-NR Signal Strength info: ssrsrp: -82 ssrsrq: -11 sssinr: 2147483647
08-10 15:01:26.866 10557 12571 D cellinfo: 46 bytes from 44.241.174.93: icmp_seq=10 ttl=20 time=95.8 ms
08-10 15:01:27.065 10557 12571 D cellinfo: 46 bytes from 44.241.174.93: icmp_seq=11 ttl=20 time=94.6 ms
08-10 15:01:27.253 10557 12571 D cellinfo: 46 bytes from 44.241.174.93: icmp_seq=12 ttl=20 time=82.5 ms
08-10 15:01:27.453 10557 12571 D cellinfo: 46 bytes from 44.241.174.93: icmp_seq=13 ttl=20 time=81.8 ms
08-10 15:01:27.664 10557 12571 D cellinfo: 46 bytes from 44.241.174.93: icmp_seq=14 ttl=20 time=91.8 ms
08-10 15:01:27.856 10557 12571 D cellinfo: 46 bytes from 44.241.174.93: icmp_seq=15 ttl=20 time=83.0 ms
08-10 15:01:28.065 10557 12571 D cellinfo: 46 bytes from 44.241.174.93: icmp_seq=16 ttl=20 time=91.6 ms
08-10 15:01:28.265 10557 12571 D cellinfo: 46 bytes from 44.241.174.93: icmp_seq=17 ttl=20 time=91.6 ms
08-10 15:01:28.467 10557 12571 D cellinfo: 46 bytes from 44.241.174.93: icmp_seq=18 ttl=20 time=93.4 ms
08-10 15:01:28.660 10557 12571 D cellinfo: 46 bytes from 44.241.174.93: icmp_seq=19 ttl=20 time=85.2 ms
08-10 15:01:28.865 10557 12571 D cellinfo: 46 bytes from 44.241.174.93: icmp_seq=20 ttl=20 time=88.8 ms
08-10 15:01:29.066 10557 12571 D cellinfo: 46 bytes from 44.241.174.93: icmp_seq=21 ttl=20 time=89.8 ms
08-10 15:01:29.286 10557 12571 D cellinfo: 46 bytes from 44.241.174.93: icmp_seq=22 ttl=20 time=110 ms
08-10 15:01:29.449 10557 12571 D cellinfo: 46 bytes from 44.241.174.93: icmp_seq=23 ttl=20 time=73.1 ms
08-10 15:01:29.662 10557 12571 D cellinfo: 46 bytes from 44.241.174.93: icmp_seq=24 ttl=20 time=86.0 ms
08-10 15:01:29.701 10557 10557 D cellinfo: Latitude is 40.7128773
08-10 15:01:29.701 10557 10557 D cellinfo: Longitude is -111.8708131
08-10 15:01:29.701 10557 10557 D cellinfo: Instantaneous GPS information: United States, 2685 UT-71, Salt Lake City, UT 84106, USA
08-10 15:01:29.702 10557 10557 D cellinfo: getCurrentLocation() result: Location (success): 40.7128773, -111.8708131
08-10 15:01:29.705 10557 10557 D cellinfo: onCellInfoChanged: Operator: T-Mobile UpdateTimestamp: 130372 CellConnectionStatus: 0
08-10 15:01:29.705 10557 10557 D cellinfo: onCellInfoChanged: LTE Cell Bands: [2] Bandwidth: 15000 Cell ID: 21559051 Physical Cell ID: 176 Tracking Area Code: 11620 EARFCN: 675
08-10 15:01:29.705 10557 10557 D cellinfo: onsignalStrengthsChanged: LTE Signal Strength info: rsrp: -95 rsrq: -12 rssi: -65 rssnr: 17
08-10 15:01:29.705 10557 10557 D cellinfo: onsignalStrengthsChanged: 5G-NR Signal Strength info: ssrsrp: -82 ssrsrq: -11 sssinr: 2147483647
08-10 15:01:29.718 10557 10557 D cellinfo: Latitude is 40.7128773
08-10 15:01:29.718 10557 10557 D cellinfo: Longitude is -111.8708131
08-10 15:01:29.718 10557 10557 D cellinfo: Instantaneous GPS information: United States, 2685 UT-71, Salt Lake City, UT 84106, USA
08-10 15:01:29.718 10557 10557 D cellinfo: getCurrentLocation() result: Location (success): 40.7128773, -111.8708131
08-10 15:01:29.782 10557 10557 D cellinfo: onsignalStrengthsChanged: LTE Signal Strength info: rsrp: -95 rsrq: -12 rssi: -65 rssnr: 17
08-10 15:01:29.782 10557 10557 D cellinfo: onsignalStrengthsChanged: 5G-NR Signal Strength info: ssrsrp: -83 ssrsrq: -11 sssinr: 2147483647
08-10 15:01:29.869 10557 12571 D cellinfo: 46 bytes from 44.241.174.93: icmp_seq=25 ttl=20 time=92.5 ms
08-10 15:01:30.070 10557 12571 D cellinfo: 46 bytes from 44.241.174.93: icmp_seq=26 ttl=20 time=92.8 ms
08-10 15:01:30.253 10557 12571 D cellinfo: 46 bytes from 44.241.174.93: icmp_seq=27 ttl=20 time=75.7 ms
08-10 15:01:30.470 10557 12571 D cellinfo: 46 bytes from 44.241.174.93: icmp_seq=28 ttl=20 time=91.3 ms
08-10 15:01:30.674 10557 12571 D cellinfo: 46 bytes from 44.241.174.93: icmp_seq=29 ttl=20 time=94.5 ms
08-10 15:01:30.859 10557 12571 D cellinfo: 46 bytes from 44.241.174.93: icmp_seq=30 ttl=20 time=78.9 ms
08-10 15:01:31.068 10557 12571 D cellinfo: 46 bytes from 44.241.174.93: icmp_seq=31 ttl=20 time=87.4 ms
08-10 15:01:31.352 10557 12571 D cellinfo: 46 bytes from 44.241.174.93: icmp_seq=32 ttl=20 time=171 ms
08-10 15:01:31.477 10557 12571 D cellinfo: 46 bytes from 44.241.174.93: icmp_seq=33 ttl=20 time=95.4 ms
08-10 15:01:31.663 10557 12571 D cellinfo: 46 bytes from 44.241.174.93: icmp_seq=34 ttl=20 time=80.2 ms
08-10 15:01:31.865 10557 12571 D cellinfo: 46 bytes from 44.241.174.93: icmp_seq=35 ttl=20 time=81.8 ms
08-10 15:01:32.065 10557 12571 D cellinfo: 46 bytes from 44.241.174.93: icmp_seq=36 ttl=20 time=80.9 ms
08-10 15:01:32.259 10557 12571 D cellinfo: 46 bytes from 44.241.174.93: icmp_seq=37 ttl=20 time=75.1 ms
08-10 15:01:32.400 10557 10557 D cellinfo: Latitude is 40.7128781
08-10 15:01:32.400 10557 10557 D cellinfo: Longitude is -111.8708191
08-10 15:01:32.400 10557 10557 D cellinfo: Instantaneous GPS information: United States, 2685 UT-71, Salt Lake City, UT 84106, USA
08-10 15:01:32.400 10557 10557 D cellinfo: getCurrentLocation() result: Location (success): 40.7128781, -111.8708191
08-10 15:01:32.447 10557 10557 D cellinfo: onCellInfoChanged: Operator: T-Mobile UpdateTimestamp: 133439 CellConnectionStatus: 0
08-10 15:01:32.447 10557 10557 D cellinfo: onCellInfoChanged: LTE Cell Bands: [2] Bandwidth: 15000 Cell ID: 21559051 Physical Cell ID: 176 Tracking Area Code: 11620 EARFCN: 675
08-10 15:01:32.466 10557 12571 D cellinfo: 46 bytes from 44.241.174.93: icmp_seq=38 ttl=20 time=81.5 ms
08-10 15:01:32.572 10557 10557 D cellinfo: onsignalStrengthsChanged: LTE Signal Strength info: rsrp: -94 rsrq: -12 rssi: -65 rssnr: 15
08-10 15:01:32.572 10557 10557 D cellinfo: onsignalStrengthsChanged: 5G-NR Signal Strength info: ssrsrp: -83 ssrsrq: -11 sssinr: 2147483647
08-10 15:01:32.670 10557 12571 D cellinfo: 46 bytes from 44.241.174.93: icmp_seq=39 ttl=20 time=84.7 ms
08-10 15:01:32.777 10557 10557 D cellinfo: onsignalStrengthsChanged: LTE Signal Strength info: rsrp: -94 rsrq: -12 rssi: -65 rssnr: 15
08-10 15:01:32.777 10557 10557 D cellinfo: onsignalStrengthsChanged: 5G-NR Signal Strength info: ssrsrp: -86 ssrsrq: -11 sssinr: 2147483647
08-10 15:01:32.886 10557 12571 D cellinfo: 46 bytes from 44.241.174.93: icmp_seq=40 ttl=20 time=100 ms
08-10 15:01:33.091 10557 12571 D cellinfo: 46 bytes from 44.241.174.93: icmp_seq=41 ttl=20 time=104 ms
08-10 15:01:33.287 10557 12571 D cellinfo: 46 bytes from 44.241.174.93: icmp_seq=42 ttl=20 time=100 ms
08-10 15:01:33.499 10557 12571 D cellinfo: 46 bytes from 44.241.174.93: icmp_seq=43 ttl=20 time=110 ms
08-10 15:01:33.688 10557 12571 D cellinfo: 46 bytes from 44.241.174.93: icmp_seq=44 ttl=20 time=98.9 ms
08-10 15:01:33.888 10557 12571 D cellinfo: 46 bytes from 44.241.174.93: icmp_seq=45 ttl=20 time=98.6 ms
08-10 15:01:34.087 10557 12571 D cellinfo: 46 bytes from 44.241.174.93: icmp_seq=46 ttl=20 time=96.4 ms
08-10 15:01:34.286 10557 12571 D cellinfo: 46 bytes from 44.241.174.93: icmp_seq=47 ttl=20 time=96.2 ms
08-10 15:01:34.491 10557 12571 D cellinfo: 46 bytes from 44.241.174.93: icmp_seq=48 ttl=20 time=100 ms
08-10 15:01:34.689 10557 12571 D cellinfo: 46 bytes from 44.241.174.93: icmp_seq=49 ttl=20 time=96.9 ms
08-10 15:01:34.894 10557 12571 D cellinfo: 46 bytes from 44.241.174.93: icmp_seq=50 ttl=20 time=102 ms
08-10 15:01:35.085 10557 12571 D cellinfo: 46 bytes from 44.241.174.93: icmp_seq=51 ttl=20 time=92.5 ms
08-10 15:01:35.284 10557 12571 D cellinfo: 46 bytes from 44.241.174.93: icmp_seq=52 ttl=20 time=91.8 ms
08-10 15:01:35.442 10557 10557 D cellinfo: onCellInfoChanged: Operator: T-Mobile UpdateTimestamp: 136434 CellConnectionStatus: 0
08-10 15:01:35.442 10557 10557 D cellinfo: onCellInfoChanged: LTE Cell Bands: [2] Bandwidth: 15000 Cell ID: 21559051 Physical Cell ID: 176 Tracking Area Code: 11620 EARFCN: 675
08-10 15:01:35.486 10557 12571 D cellinfo: 46 bytes from 44.241.174.93: icmp_seq=53 ttl=20 time=93.0 ms
08-10 15:01:35.571 10557 10557 D cellinfo: onsignalStrengthsChanged: LTE Signal Strength info: rsrp: -95 rsrq: -15 rssi: -61 rssnr: 15
08-10 15:01:35.571 10557 10557 D cellinfo: onsignalStrengthsChanged: 5G-NR Signal Strength info: ssrsrp: -86 ssrsrq: -11 sssinr: 2147483647
08-10 15:01:35.684 10557 12571 D cellinfo: 46 bytes from 44.241.174.93: icmp_seq=54 ttl=20 time=90.7 ms
08-10 15:01:35.780 10557 10557 D cellinfo: onsignalStrengthsChanged: LTE Signal Strength info: rsrp: -95 rsrq: -15 rssi: -61 rssnr: 15
08-10 15:01:35.780 10557 10557 D cellinfo: onsignalStrengthsChanged: 5G-NR Signal Strength info: ssrsrp: -87 ssrsrq: -11 sssinr: 2147483647
08-10 15:01:35.885 10557 12571 D cellinfo: 46 bytes from 44.241.174.93: icmp_seq=55 ttl=20 time=90.5 ms
08-10 15:01:36.106 10557 12571 D cellinfo: 46 bytes from 44.241.174.93: icmp_seq=56 ttl=20 time=109 ms
08-10 15:01:36.300 10557 12571 D cellinfo: 46 bytes from 44.241.174.93: icmp_seq=57 ttl=20 time=103 ms
08-10 15:01:36.495 10557 12571 D cellinfo: 46 bytes from 44.241.174.93: icmp_seq=58 ttl=20 time=97.6 ms
08-10 15:01:36.765 10557 12571 D cellinfo: 46 bytes from 44.241.174.93: icmp_seq=59 ttl=20 time=166 ms
08-10 15:01:36.889 10557 12571 D cellinfo: 46 bytes from 44.241.174.93: icmp_seq=60 ttl=20 time=89.7 ms
08-10 15:01:37.085 10557 12571 D cellinfo: 46 bytes from 44.241.174.93: icmp_seq=61 ttl=20 time=85.0 ms
08-10 15:01:37.315 10557 12571 D cellinfo: 46 bytes from 44.241.174.93: icmp_seq=62 ttl=20 time=114 ms
08-10 15:01:37.485 10557 12571 D cellinfo: 46 bytes from 44.241.174.93: icmp_seq=63 ttl=20 time=83.5 ms
08-10 15:01:37.707 10557 12571 D cellinfo: 46 bytes from 44.241.174.93: icmp_seq=64 ttl=20 time=105 ms
08-10 15:01:37.885 10557 12571 D cellinfo: 46 bytes from 44.241.174.93: icmp_seq=65 ttl=20 time=81.8 ms
08-10 15:01:38.087 10557 12571 D cellinfo: 46 bytes from 44.241.174.93: icmp_seq=66 ttl=20 time=83.8 ms
08-10 15:01:38.290 10557 12571 D cellinfo: 46 bytes from 44.241.174.93: icmp_seq=67 ttl=20 time=87.0 ms
08-10 15:01:38.495 10557 12571 D cellinfo: 46 bytes from 44.241.174.93: icmp_seq=68 ttl=20 time=91.5 ms
08-10 15:01:38.575 10557 10557 D cellinfo: onsignalStrengthsChanged: LTE Signal Strength info: rsrp: -95 rsrq: -12 rssi: -61 rssnr: 16
08-10 15:01:38.575 10557 10557 D cellinfo: onsignalStrengthsChanged: 5G-NR Signal Strength info: ssrsrp: -87 ssrsrq: -11 sssinr: 2147483647
08-10 15:01:38.710 10557 12571 D cellinfo: 46 bytes from 44.241.174.93: icmp_seq=69 ttl=20 time=105 ms
08-10 15:01:38.914 10557 12571 D cellinfo: 46 bytes from 44.241.174.93: icmp_seq=70 ttl=20 time=108 ms
08-10 15:01:39.111 10557 12571 D cellinfo: 46 bytes from 44.241.174.93: icmp_seq=71 ttl=20 time=105 ms
08-10 15:01:39.291 10557 12571 D cellinfo: 46 bytes from 44.241.174.93: icmp_seq=72 ttl=20 time=85.1 ms
08-10 15:01:39.505 10557 12571 D cellinfo: 46 bytes from 44.241.174.93: icmp_seq=73 ttl=20 time=98.3 ms
08-10 15:01:39.701 10557 10557 D cellinfo: Latitude is 40.7129312
08-10 15:01:39.701 10557 10557 D cellinfo: Longitude is -111.8707965
08-10 15:01:39.701 10557 10557 D cellinfo: Instantaneous GPS information: United States, 2653 700 E, Salt Lake City, UT 84106, USA
08-10 15:01:39.701 10557 10557 D cellinfo: getCurrentLocation() result: Location (success): 40.7129312, -111.8707965
08-10 15:01:39.706 10557 12571 D cellinfo: 46 bytes from 44.241.174.93: icmp_seq=74 ttl=20 time=98.3 ms
08-10 15:01:39.712 10557 10557 D cellinfo: Latitude is 40.7129312
08-10 15:01:39.712 10557 10557 D cellinfo: Longitude is -111.8707965
08-10 15:01:39.712 10557 10557 D cellinfo: Instantaneous GPS information: United States, 2653 700 E, Salt Lake City, UT 84106, USA
08-10 15:01:39.712 10557 10557 D cellinfo: getCurrentLocation() result: Location (success): 40.7129312, -111.8707965
08-10 15:01:39.765 10557 10557 D cellinfo: onCellInfoChanged: Operator: T-Mobile UpdateTimestamp: 140757 CellConnectionStatus: 0
08-10 15:01:39.765 10557 10557 D cellinfo: onCellInfoChanged: LTE Cell Bands: [2] Bandwidth: 15000 Cell ID: 21559051 Physical Cell ID: 176 Tracking Area Code: 11620 EARFCN: 675
08-10 15:01:39.905 10557 12571 D cellinfo: 46 bytes from 44.241.174.93: icmp_seq=75 ttl=20 time=95.2 ms
08-10 15:01:40.105 10557 12571 D cellinfo: 46 bytes from 44.241.174.93: icmp_seq=76 ttl=20 time=94.3 ms
08-10 15:01:40.306 10557 12571 D cellinfo: 46 bytes from 44.241.174.93: icmp_seq=77 ttl=20 time=94.3 ms
08-10 15:01:40.503 10557 12571 D cellinfo: 46 bytes from 44.241.174.93: icmp_seq=78 ttl=20 time=90.5 ms
08-10 15:01:40.704 10557 12571 D cellinfo: 46 bytes from 44.241.174.93: icmp_seq=79 ttl=20 time=91.1 ms
08-10 15:01:40.904 10557 12571 D cellinfo: 46 bytes from 44.241.174.93: icmp_seq=80 ttl=20 time=90.4 ms
08-10 15:01:41.106 10557 12571 D cellinfo: 46 bytes from 44.241.174.93: icmp_seq=81 ttl=20 time=91.5 ms
08-10 15:01:41.330 10557 12571 D cellinfo: 46 bytes from 44.241.174.93: icmp_seq=82 ttl=20 time=114 ms
08-10 15:01:41.402 10557 10557 D cellinfo: Latitude is 40.7129324
08-10 15:01:41.402 10557 10557 D cellinfo: Longitude is -111.8707954
08-10 15:01:41.402 10557 10557 D cellinfo: Instantaneous GPS information: United States, 2653 700 E, Salt Lake City, UT 84106, USA
08-10 15:01:41.402 10557 10557 D cellinfo: getCurrentLocation() result: Location (success): 40.7129324, -111.8707954
08-10 15:01:41.505 10557 12571 D cellinfo: 46 bytes from 44.241.174.93: icmp_seq=83 ttl=20 time=89.9 ms
08-10 15:01:41.566 10557 10557 D cellinfo: onsignalStrengthsChanged: LTE Signal Strength info: rsrp: -94 rsrq: -13 rssi: -63 rssnr: 15
08-10 15:01:41.567 10557 10557 D cellinfo: onsignalStrengthsChanged: 5G-NR Signal Strength info: ssrsrp: -87 ssrsrq: -11 sssinr: 2147483647
08-10 15:01:41.710 10557 12571 D cellinfo: 46 bytes from 44.241.174.93: icmp_seq=84 ttl=20 time=94.3 ms
08-10 15:01:41.778 10557 10557 D cellinfo: onsignalStrengthsChanged: LTE Signal Strength info: rsrp: -94 rsrq: -13 rssi: -63 rssnr: 15
08-10 15:01:41.778 10557 10557 D cellinfo: onsignalStrengthsChanged: 5G-NR Signal Strength info: ssrsrp: -86 ssrsrq: -11 sssinr: 2147483647
08-10 15:01:41.939 10557 12571 D cellinfo: 46 bytes from 44.241.174.93: icmp_seq=85 ttl=20 time=122 ms
08-10 15:01:42.110 10557 12571 D cellinfo: 46 bytes from 44.241.174.93: icmp_seq=86 ttl=20 time=93.1 ms
08-10 15:01:42.330 10557 12571 D cellinfo: 46 bytes from 44.241.174.93: icmp_seq=87 ttl=20 time=112 ms
08-10 15:01:42.506 10557 12571 D cellinfo: 46 bytes from 44.241.174.93: icmp_seq=88 ttl=20 time=88.6 ms
08-10 15:01:42.730 10557 12571 D cellinfo: 46 bytes from 44.241.174.93: icmp_seq=89 ttl=20 time=111 ms
08-10 15:01:42.906 10557 12571 D cellinfo: 46 bytes from 44.241.174.93: icmp_seq=90 ttl=20 time=86.8 ms
08-10 15:01:43.119 10557 12571 D cellinfo: 46 bytes from 44.241.174.93: icmp_seq=91 ttl=20 time=98.5 ms
08-10 15:01:43.307 10557 12571 D cellinfo: 46 bytes from 44.241.174.93: icmp_seq=92 ttl=20 time=85.9 ms
08-10 15:01:43.506 10557 12571 D cellinfo: 46 bytes from 44.241.174.93: icmp_seq=93 ttl=20 time=85.0 ms
08-10 15:01:43.726 10557 12571 D cellinfo: 46 bytes from 44.241.174.93: icmp_seq=94 ttl=20 time=104 ms
08-10 15:01:43.926 10557 12571 D cellinfo: 46 bytes from 44.241.174.93: icmp_seq=95 ttl=20 time=103 ms
08-10 15:01:44.125 10557 12571 D cellinfo: 46 bytes from 44.241.174.93: icmp_seq=96 ttl=20 time=101 ms
08-10 15:01:44.317 10557 12571 D cellinfo: 46 bytes from 44.241.174.93: icmp_seq=97 ttl=20 time=91.8 ms
08-10 15:01:44.435 10557 10557 D cellinfo: onCellInfoChanged: Operator: T-Mobile UpdateTimestamp: 145429 CellConnectionStatus: 0
08-10 15:01:44.435 10557 10557 D cellinfo: onCellInfoChanged: LTE Cell Bands: [2] Bandwidth: 15000 Cell ID: 21559051 Physical Cell ID: 176 Tracking Area Code: 11620 EARFCN: 675
08-10 15:01:44.514 10557 12571 D cellinfo: 46 bytes from 44.241.174.93: icmp_seq=98 ttl=20 time=89.4 ms
08-10 15:01:44.572 10557 10557 D cellinfo: onsignalStrengthsChanged: LTE Signal Strength info: rsrp: -96 rsrq: -14 rssi: -63 rssnr: 15
08-10 15:01:44.572 10557 10557 D cellinfo: onsignalStrengthsChanged: 5G-NR Signal Strength info: ssrsrp: -86 ssrsrq: -11 sssinr: 2147483647
08-10 15:01:44.732 10557 12571 D cellinfo: 46 bytes from 44.241.174.93: icmp_seq=99 ttl=20 time=105 ms
08-10 15:01:44.778 10557 10557 D cellinfo: onsignalStrengthsChanged: LTE Signal Strength info: rsrp: -96 rsrq: -14 rssi: -63 rssnr: 15
08-10 15:01:44.778 10557 10557 D cellinfo: onsignalStrengthsChanged: 5G-NR Signal Strength info: ssrsrp: -84 ssrsrq: -11 sssinr: 2147483647
08-10 15:01:44.933 10557 12571 D cellinfo: 46 bytes from 44.241.174.93: icmp_seq=100 ttl=20 time=106 ms
08-10 15:01:45.136 10557 12571 D cellinfo: 46 bytes from 44.241.174.93: icmp_seq=101 ttl=20 time=108 ms
08-10 15:01:45.325 10557 12571 D cellinfo: 46 bytes from 44.241.174.93: icmp_seq=102 ttl=20 time=96.7 ms
08-10 15:01:45.529 10557 12571 D cellinfo: 46 bytes from 44.241.174.93: icmp_seq=103 ttl=20 time=99.9 ms
08-10 15:01:45.725 10557 12571 D cellinfo: 46 bytes from 44.241.174.93: icmp_seq=104 ttl=20 time=95.9 ms
08-10 15:01:45.930 10557 12571 D cellinfo: 46 bytes from 44.241.174.93: icmp_seq=105 ttl=20 time=100 ms
08-10 15:01:46.124 10557 12571 D cellinfo: 46 bytes from 44.241.174.93: icmp_seq=106 ttl=20 time=93.1 ms
08-10 15:01:46.324 10557 12571 D cellinfo: 46 bytes from 44.241.174.93: icmp_seq=107 ttl=20 time=92.3 ms
08-10 15:01:46.527 10557 12571 D cellinfo: 46 bytes from 44.241.174.93: icmp_seq=108 ttl=20 time=95.0 ms
08-10 15:01:46.729 10557 12571 D cellinfo: 46 bytes from 44.241.174.93: icmp_seq=109 ttl=20 time=96.5 ms
08-10 15:01:46.931 10557 12571 D cellinfo: 46 bytes from 44.241.174.93: icmp_seq=110 ttl=20 time=97.8 ms
08-10 15:01:47.123 10557 12571 D cellinfo: 46 bytes from 44.241.174.93: icmp_seq=111 ttl=20 time=89.7 ms
08-10 15:01:47.325 10557 12571 D cellinfo: 46 bytes from 44.241.174.93: icmp_seq=112 ttl=20 time=90.5 ms
08-10 15:01:47.531 10557 12571 D cellinfo: 46 bytes from 44.241.174.93: icmp_seq=113 ttl=20 time=94.9 ms
08-10 15:01:47.672 10557 10557 D cellinfo: Latitude is 40.7129765
08-10 15:01:47.672 10557 10557 D cellinfo: Longitude is -111.8708213
08-10 15:01:47.672 10557 10557 D cellinfo: Instantaneous GPS information: United States, 2653 700 E, Salt Lake City, UT 84106, USA
08-10 15:01:47.672 10557 10557 D cellinfo: getCurrentLocation() result: Location (success): 40.7129765, -111.8708213
08-10 15:01:47.675 10557 10557 D cellinfo: onCellInfoChanged: Operator: T-Mobile UpdateTimestamp: 148295 CellConnectionStatus: 0
08-10 15:01:47.675 10557 10557 D cellinfo: onCellInfoChanged: LTE Cell Bands: [2] Bandwidth: 15000 Cell ID: 21559051 Physical Cell ID: 176 Tracking Area Code: 11620 EARFCN: 675
08-10 15:01:47.675 10557 10557 D cellinfo: onsignalStrengthsChanged: LTE Signal Strength info: rsrp: -95 rsrq: -13 rssi: -63 rssnr: 14
08-10 15:01:47.675 10557 10557 D cellinfo: onsignalStrengthsChanged: 5G-NR Signal Strength info: ssrsrp: -84 ssrsrq: -11 sssinr: 2147483647
08-10 15:01:47.736 10557 12571 D cellinfo: 46 bytes from 44.241.174.93: icmp_seq=114 ttl=20 time=98.8 ms
08-10 15:01:47.932 10557 12571 D cellinfo: 46 bytes from 44.241.174.93: icmp_seq=115 ttl=20 time=93.3 ms
08-10 15:01:48.131 10557 12571 D cellinfo: 46 bytes from 44.241.174.93: icmp_seq=116 ttl=20 time=89.6 ms
08-10 15:01:48.144 10557 10557 D cellinfo: Latitude is 40.7129813
08-10 15:01:48.144 10557 10557 D cellinfo: Longitude is -111.8708316
08-10 15:01:48.144 10557 10557 D cellinfo: Instantaneous GPS information: United States, 2653 700 E, Salt Lake City, UT 84106, USA
08-10 15:01:48.144 10557 10557 D cellinfo: getCurrentLocation() result: Location (success): 40.7129813, -111.8708316
08-10 15:01:48.146 10557 10557 D cellinfo: onsignalStrengthsChanged: LTE Signal Strength info: rsrp: -95 rsrq: -13 rssi: -63 rssnr: 14
08-10 15:01:48.146 10557 10557 D cellinfo: onsignalStrengthsChanged: 5G-NR Signal Strength info: ssrsrp: -82 ssrsrq: -11 sssinr: 2147483647
08-10 15:01:48.333 10557 12571 D cellinfo: 46 bytes from 44.241.174.93: icmp_seq=117 ttl=20 time=90.4 ms
08-10 15:01:48.526 10557 12571 D cellinfo: 46 bytes from 44.241.174.93: icmp_seq=118 ttl=20 time=82.3 ms
08-10 15:01:48.754 10557 12571 D cellinfo: 46 bytes from 44.241.174.93: icmp_seq=119 ttl=20 time=110 ms
08-10 15:01:48.954 10557 12571 D cellinfo: 46 bytes from 44.241.174.93: icmp_seq=120 ttl=20 time=108 ms
08-10 15:01:49.146 10557 12571 D cellinfo: 46 bytes from 44.241.174.93: icmp_seq=121 ttl=20 time=100 ms
08-10 15:01:49.372 10557 12571 D cellinfo: 46 bytes from 44.241.174.93: icmp_seq=122 ttl=20 time=125 ms
08-10 15:01:49.552 10557 12571 D cellinfo: 46 bytes from 44.241.174.93: icmp_seq=123 ttl=20 time=104 ms
08-10 15:01:49.752 10557 12571 D cellinfo: 46 bytes from 44.241.174.93: icmp_seq=124 ttl=20 time=103 ms
08-10 15:01:49.945 10557 12571 D cellinfo: 46 bytes from 44.241.174.93: icmp_seq=125 ttl=20 time=95.6 ms
08-10 15:01:50.146 10557 12571 D cellinfo: 46 bytes from 44.241.174.93: icmp_seq=126 ttl=20 time=95.3 ms
08-10 15:01:50.345 10557 12571 D cellinfo: 46 bytes from 44.241.174.93: icmp_seq=127 ttl=20 time=93.4 ms
08-10 15:01:50.558 10557 12571 D cellinfo: 46 bytes from 44.241.174.93: icmp_seq=128 ttl=20 time=105 ms
08-10 15:01:50.762 10557 12571 D cellinfo: 46 bytes from 44.241.174.93: icmp_seq=129 ttl=20 time=107 ms
08-10 15:01:50.782 10557 10557 D cellinfo: Latitude is 40.7129858
08-10 15:01:50.782 10557 10557 D cellinfo: Longitude is -111.8708389
08-10 15:01:50.782 10557 10557 D cellinfo: Instantaneous GPS information: United States, 2653 700 E, Salt Lake City, UT 84106, USA
08-10 15:01:50.782 10557 10557 D cellinfo: getCurrentLocation() result: Location (success): 40.7129858, -111.8708389
08-10 15:01:50.784 10557 10557 D cellinfo: onCellInfoChanged: Operator: T-Mobile UpdateTimestamp: 151455 CellConnectionStatus: 0
08-10 15:01:50.784 10557 10557 D cellinfo: onCellInfoChanged: LTE Cell Bands: [2] Bandwidth: 15000 Cell ID: 21559051 Physical Cell ID: 176 Tracking Area Code: 11620 EARFCN: 675
08-10 15:01:50.784 10557 10557 D cellinfo: onsignalStrengthsChanged: LTE Signal Strength info: rsrp: -95 rsrq: -15 rssi: -63 rssnr: 15
08-10 15:01:50.785 10557 10557 D cellinfo: onsignalStrengthsChanged: 5G-NR Signal Strength info: ssrsrp: -82 ssrsrq: -11 sssinr: 2147483647
08-10 15:01:50.945 10557 12571 D cellinfo: 46 bytes from 44.241.174.93: icmp_seq=130 ttl=20 time=89.9 ms
08-10 15:01:51.146 10557 12571 D cellinfo: 46 bytes from 44.241.174.93: icmp_seq=131 ttl=20 time=90.5 ms
08-10 15:01:51.372 10557 12571 D cellinfo: 46 bytes from 44.241.174.93: icmp_seq=132 ttl=20 time=115 ms
08-10 15:01:51.550 10557 12571 D cellinfo: 46 bytes from 44.241.174.93: icmp_seq=133 ttl=20 time=93.1 ms
08-10 15:01:51.776 10557 12571 D cellinfo: 46 bytes from 44.241.174.93: icmp_seq=134 ttl=20 time=118 ms
08-10 15:01:51.950 10557 12571 D cellinfo: 46 bytes from 44.241.174.93: icmp_seq=135 ttl=20 time=92.2 ms
08-10 15:01:52.171 10557 12571 D cellinfo: 46 bytes from 44.241.174.93: icmp_seq=136 ttl=20 time=112 ms
08-10 15:01:52.345 10557 12571 D cellinfo: 46 bytes from 44.241.174.93: icmp_seq=137 ttl=20 time=85.2 ms
08-10 15:01:52.544 10557 12571 D cellinfo: 46 bytes from 44.241.174.93: icmp_seq=138 ttl=20 time=84.3 ms
08-10 15:01:52.765 10557 12571 D cellinfo: 46 bytes from 44.241.174.93: icmp_seq=139 ttl=20 time=104 ms
08-10 15:01:52.947 10557 12571 D cellinfo: 46 bytes from 44.241.174.93: icmp_seq=140 ttl=20 time=85.2 ms
08-10 15:01:53.144 10557 12571 D cellinfo: 46 bytes from 44.241.174.93: icmp_seq=141 ttl=20 time=82.0 ms
08-10 15:01:53.366 10557 12571 D cellinfo: 46 bytes from 44.241.174.93: icmp_seq=142 ttl=20 time=103 ms
08-10 15:01:53.457 10557 10557 D cellinfo: onCellInfoChanged: Operator: T-Mobile UpdateTimestamp: 154451 CellConnectionStatus: 0
08-10 15:01:53.457 10557 10557 D cellinfo: onCellInfoChanged: LTE Cell Bands: [2] Bandwidth: 15000 Cell ID: 21559051 Physical Cell ID: 176 Tracking Area Code: 11620 EARFCN: 675
08-10 15:01:53.545 10557 12571 D cellinfo: 46 bytes from 44.241.174.93: icmp_seq=143 ttl=20 time=81.3 ms
08-10 15:01:53.575 10557 10557 D cellinfo: onsignalStrengthsChanged: LTE Signal Strength info: rsrp: -99 rsrq: -15 rssi: -61 rssnr: 11
08-10 15:01:53.575 10557 10557 D cellinfo: onsignalStrengthsChanged: 5G-NR Signal Strength info: ssrsrp: -82 ssrsrq: -11 sssinr: 2147483647
08-10 15:01:53.771 10557 12571 D cellinfo: 46 bytes from 44.241.174.93: icmp_seq=144 ttl=20 time=106 ms
08-10 15:01:53.784 10557 10557 D cellinfo: onsignalStrengthsChanged: LTE Signal Strength info: rsrp: -99 rsrq: -15 rssi: -61 rssnr: 11
08-10 15:01:53.784 10557 10557 D cellinfo: onsignalStrengthsChanged: 5G-NR Signal Strength info: ssrsrp: -83 ssrsrq: -11 sssinr: 2147483647
08-10 15:01:53.965 10557 12571 D cellinfo: 46 bytes from 44.241.174.93: icmp_seq=145 ttl=20 time=100 ms
08-10 15:01:54.166 10557 12571 D cellinfo: 46 bytes from 44.241.174.93: icmp_seq=146 ttl=20 time=100 ms
08-10 15:01:54.365 10557 12571 D cellinfo: 46 bytes from 44.241.174.93: icmp_seq=147 ttl=20 time=98.2 ms
08-10 15:01:54.565 10557 12571 D cellinfo: 46 bytes from 44.241.174.93: icmp_seq=148 ttl=20 time=97.3 ms
08-10 15:01:54.764 10557 12571 D cellinfo: 46 bytes from 44.241.174.93: icmp_seq=149 ttl=20 time=95.8 ms
08-10 15:01:54.974 10557 12571 D cellinfo: 46 bytes from 44.241.174.93: icmp_seq=150 ttl=20 time=105 ms
08-10 15:01:55.169 10557 12571 D cellinfo: 46 bytes from 44.241.174.93: icmp_seq=151 ttl=20 time=100 ms
08-10 15:01:55.372 10557 12571 D cellinfo: 46 bytes from 44.241.174.93: icmp_seq=152 ttl=20 time=101 ms
08-10 15:01:55.570 10557 12571 D cellinfo: 46 bytes from 44.241.174.93: icmp_seq=153 ttl=20 time=99.3 ms
08-10 15:01:55.763 10557 12571 D cellinfo: 46 bytes from 44.241.174.93: icmp_seq=154 ttl=20 time=91.9 ms
08-10 15:01:55.970 10557 12571 D cellinfo: 46 bytes from 44.241.174.93: icmp_seq=155 ttl=20 time=99.0 ms
08-10 15:01:56.169 10557 12571 D cellinfo: 46 bytes from 44.241.174.93: icmp_seq=156 ttl=20 time=97.1 ms
08-10 15:01:56.364 10557 12571 D cellinfo: 46 bytes from 44.241.174.93: icmp_seq=157 ttl=20 time=91.7 ms
08-10 15:01:56.566 10557 12571 D cellinfo: 46 bytes from 44.241.174.93: icmp_seq=158 ttl=20 time=92.8 ms
08-10 15:01:56.579 10557 10557 D cellinfo: onsignalStrengthsChanged: LTE Signal Strength info: rsrp: -94 rsrq: -12 rssi: -61 rssnr: 15
08-10 15:01:56.579 10557 10557 D cellinfo: onsignalStrengthsChanged: 5G-NR Signal Strength info: ssrsrp: -83 ssrsrq: -11 sssinr: 2147483647
08-10 15:01:56.771 10557 12571 D cellinfo: 46 bytes from 44.241.174.93: icmp_seq=159 ttl=20 time=96.5 ms
08-10 15:01:56.787 10557 10557 D cellinfo: onsignalStrengthsChanged: LTE Signal Strength info: rsrp: -94 rsrq: -12 rssi: -61 rssnr: 15
08-10 15:01:56.787 10557 10557 D cellinfo: onsignalStrengthsChanged: 5G-NR Signal Strength info: ssrsrp: -86 ssrsrq: -11 sssinr: 2147483647
08-10 15:01:56.970 10557 12571 D cellinfo: 46 bytes from 44.241.174.93: icmp_seq=160 ttl=20 time=94.1 ms
08-10 15:01:57.190 10557 12571 D cellinfo: 46 bytes from 44.241.174.93: icmp_seq=161 ttl=20 time=113 ms
08-10 15:01:57.368 10557 12571 D cellinfo: 46 bytes from 44.241.174.93: icmp_seq=162 ttl=20 time=90.3 ms
08-10 15:01:57.565 10557 12571 D cellinfo: 46 bytes from 44.241.174.93: icmp_seq=163 ttl=20 time=85.6 ms
08-10 15:01:57.658 10557 10557 D cellinfo: Latitude is 40.7128882
08-10 15:01:57.658 10557 10557 D cellinfo: Longitude is -111.8707495
08-10 15:01:57.659 10557 10557 D cellinfo: Instantaneous GPS information: United States, 2685 UT-71, Salt Lake City, UT 84106, USA
08-10 15:01:57.659 10557 10557 D cellinfo: getCurrentLocation() result: Location (success): 40.7128882, -111.8707495
08-10 15:01:57.677 10557 10557 D cellinfo: Latitude is 40.7128882
08-10 15:01:57.677 10557 10557 D cellinfo: Longitude is -111.8707495
08-10 15:01:57.677 10557 10557 D cellinfo: Instantaneous GPS information: United States, 2685 UT-71, Salt Lake City, UT 84106, USA
08-10 15:01:57.677 10557 10557 D cellinfo: getCurrentLocation() result: Location (success): 40.7128882, -111.8707495
08-10 15:01:57.701 10557 10557 D cellinfo: onCellInfoChanged: Operator: T-Mobile UpdateTimestamp: 158696 CellConnectionStatus: 0
08-10 15:01:57.701 10557 10557 D cellinfo: onCellInfoChanged: LTE Cell Bands: [2] Bandwidth: 15000 Cell ID: 21559051 Physical Cell ID: 176 Tracking Area Code: 11620 EARFCN: 675
08-10 15:01:57.764 10557 12571 D cellinfo: 46 bytes from 44.241.174.93: icmp_seq=164 ttl=20 time=83.7 ms
08-10 15:01:57.979 10557 12571 D cellinfo: 46 bytes from 44.241.174.93: icmp_seq=165 ttl=20 time=97.5 ms
08-10 15:01:58.164 10557 12571 D cellinfo: 46 bytes from 44.241.174.93: icmp_seq=166 ttl=20 time=80.9 ms
08-10 15:01:58.385 10557 12571 D cellinfo: 46 bytes from 44.241.174.93: icmp_seq=167 ttl=20 time=101 ms
08-10 15:01:58.585 10557 12571 D cellinfo: 46 bytes from 44.241.174.93: icmp_seq=168 ttl=20 time=101 ms
08-10 15:01:58.786 10557 12571 D cellinfo: 46 bytes from 44.241.174.93: icmp_seq=169 ttl=20 time=101 ms
08-10 15:01:58.989 10557 12571 D cellinfo: 46 bytes from 44.241.174.93: icmp_seq=170 ttl=20 time=104 ms
08-10 15:01:59.186 10557 12571 D cellinfo: 46 bytes from 44.241.174.93: icmp_seq=171 ttl=20 time=100 ms
08-10 15:01:59.385 10557 12571 D cellinfo: 46 bytes from 44.241.174.93: icmp_seq=172 ttl=20 time=97.8 ms
08-10 15:01:59.586 10557 12571 D cellinfo: 46 bytes from 44.241.174.93: icmp_seq=173 ttl=20 time=98.5 ms
08-10 15:01:59.799 10557 12571 D cellinfo: 46 bytes from 44.241.174.93: icmp_seq=174 ttl=20 time=109 ms
08-10 15:01:59.829 10557 10557 D cellinfo: Latitude is 40.7128783
08-10 15:01:59.829 10557 10557 D cellinfo: Longitude is -111.8707409
08-10 15:01:59.829 10557 10557 D cellinfo: Instantaneous GPS information: United States, 2685 700 E, Salt Lake City, UT 84106, USA
08-10 15:01:59.829 10557 10557 D cellinfo: getCurrentLocation() result: Location (success): 40.7128783, -111.8707409
08-10 15:01:59.832 10557 10557 D cellinfo: onsignalStrengthsChanged: LTE Signal Strength info: rsrp: -96 rsrq: -14 rssi: -63 rssnr: 14
08-10 15:01:59.832 10557 10557 D cellinfo: onsignalStrengthsChanged: 5G-NR Signal Strength info: ssrsrp: -86 ssrsrq: -11 sssinr: 2147483647
08-10 15:01:59.987 10557 12571 D cellinfo: 46 bytes from 44.241.174.93: icmp_seq=175 ttl=20 time=97.5 ms
08-10 15:02:00.185 10557 12571 D cellinfo: 46 bytes from 44.241.174.93: icmp_seq=176 ttl=20 time=95.1 ms
08-10 15:02:00.386 10557 12571 D cellinfo: 46 bytes from 44.241.174.93: icmp_seq=177 ttl=20 time=95.0 ms
08-10 15:02:00.584 10557 12571 D cellinfo: 46 bytes from 44.241.174.93: icmp_seq=178 ttl=20 time=92.9 ms
08-10 15:02:00.784 10557 12571 D cellinfo: 46 bytes from 44.241.174.93: icmp_seq=179 ttl=20 time=92.4 ms
08-10 15:02:00.985 10557 12571 D cellinfo: 46 bytes from 44.241.174.93: icmp_seq=180 ttl=20 time=93.0 ms
08-10 15:02:01.184 10557 12571 D cellinfo: 46 bytes from 44.241.174.93: icmp_seq=181 ttl=20 time=91.2 ms
08-10 15:02:01.384 10557 12571 D cellinfo: 46 bytes from 44.241.174.93: icmp_seq=182 ttl=20 time=90.7 ms
08-10 15:02:01.605 10557 12571 D cellinfo: 46 bytes from 44.241.174.93: icmp_seq=183 ttl=20 time=110 ms
08-10 15:02:01.784 10557 12571 D cellinfo: 46 bytes from 44.241.174.93: icmp_seq=184 ttl=20 time=88.9 ms
08-10 15:02:02.005 10557 12571 D cellinfo: 46 bytes from 44.241.174.93: icmp_seq=185 ttl=20 time=109 ms
08-10 15:02:02.193 10557 12571 D cellinfo: 46 bytes from 44.241.174.93: icmp_seq=186 ttl=20 time=98.5 ms
08-10 15:02:02.391 10557 12571 D cellinfo: 46 bytes from 44.241.174.93: icmp_seq=187 ttl=20 time=95.4 ms
08-10 15:02:02.443 10557 10557 D cellinfo: onCellInfoChanged: Operator: T-Mobile UpdateTimestamp: 163433 CellConnectionStatus: 0
08-10 15:02:02.443 10557 10557 D cellinfo: onCellInfoChanged: LTE Cell Bands: [2] Bandwidth: 15000 Cell ID: 21559051 Physical Cell ID: 176 Tracking Area Code: 11620 EARFCN: 675
08-10 15:02:02.574 10557 10557 D cellinfo: onsignalStrengthsChanged: LTE Signal Strength info: rsrp: -97 rsrq: -15 rssi: -63 rssnr: 12
08-10 15:02:02.574 10557 10557 D cellinfo: onsignalStrengthsChanged: 5G-NR Signal Strength info: ssrsrp: -86 ssrsrq: -11 sssinr: 2147483647
08-10 15:02:02.587 10557 12571 D cellinfo: 46 bytes from 44.241.174.93: icmp_seq=188 ttl=20 time=90.2 ms
08-10 15:02:02.783 10557 10557 D cellinfo: onsignalStrengthsChanged: LTE Signal Strength info: rsrp: -97 rsrq: -15 rssi: -63 rssnr: 12
08-10 15:02:02.783 10557 10557 D cellinfo: onsignalStrengthsChanged: 5G-NR Signal Strength info: ssrsrp: -87 ssrsrq: -11 sssinr: 2147483647
08-10 15:02:02.804 10557 12571 D cellinfo: 46 bytes from 44.241.174.93: icmp_seq=189 ttl=20 time=106 ms
08-10 15:02:02.985 10557 12571 D cellinfo: 46 bytes from 44.241.174.93: icmp_seq=190 ttl=20 time=86.8 ms
08-10 15:02:03.213 10557 12571 D cellinfo: 46 bytes from 44.241.174.93: icmp_seq=191 ttl=20 time=114 ms
08-10 15:02:03.389 10557 12571 D cellinfo: 46 bytes from 44.241.174.93: icmp_seq=192 ttl=20 time=89.8 ms
08-10 15:02:03.612 10557 12571 D cellinfo: 46 bytes from 44.241.174.93: icmp_seq=193 ttl=20 time=112 ms
08-10 15:02:03.784 10557 12571 D cellinfo: 46 bytes from 44.241.174.93: icmp_seq=194 ttl=20 time=84.0 ms
08-10 15:02:04.005 10557 12571 D cellinfo: 46 bytes from 44.241.174.93: icmp_seq=195 ttl=20 time=104 ms
08-10 15:02:04.184 10557 12571 D cellinfo: 46 bytes from 44.241.174.93: icmp_seq=196 ttl=20 time=83.8 ms
08-10 15:02:04.413 10557 12571 D cellinfo: 46 bytes from 44.241.174.93: icmp_seq=197 ttl=20 time=112 ms
08-10 15:02:04.587 10557 12571 D cellinfo: 46 bytes from 44.241.174.93: icmp_seq=198 ttl=20 time=85.3 ms
08-10 15:02:04.812 10557 12571 D cellinfo: 46 bytes from 44.241.174.93: icmp_seq=199 ttl=20 time=109 ms
08-10 15:02:04.986 10557 12571 D cellinfo: 46 bytes from 44.241.174.93: icmp_seq=200 ttl=20 time=83.0 ms
08-10 15:02:05.205 10557 12571 D cellinfo: 46 bytes from 44.241.174.93: icmp_seq=201 ttl=20 time=101 ms
08-10 15:02:05.271 10557 10557 D cellinfo: Latitude is 40.7128397
08-10 15:02:05.271 10557 10557 D cellinfo: Longitude is -111.8707288
08-10 15:02:05.271 10557 10557 D cellinfo: Instantaneous GPS information: United States, 2685 700 E, Salt Lake City, UT 84106, USA
08-10 15:02:05.271 10557 10557 D cellinfo: getCurrentLocation() result: Location (success): 40.7128397, -111.8707288
08-10 15:02:05.317 10557 10557 D cellinfo: onCellInfoChanged: Operator: T-Mobile UpdateTimestamp: 166310 CellConnectionStatus: 0
08-10 15:02:05.317 10557 10557 D cellinfo: onCellInfoChanged: LTE Cell Bands: [2] Bandwidth: 15000 Cell ID: 21559051 Physical Cell ID: 176 Tracking Area Code: 11620 EARFCN: 675
08-10 15:02:05.403 10557 12571 D cellinfo: 46 bytes from 44.241.174.93: icmp_seq=202 ttl=20 time=98.5 ms
08-10 15:02:05.408 10557 10557 D cellinfo: Latitude is 40.7128353
08-10 15:02:05.408 10557 10557 D cellinfo: Longitude is -111.8707303
08-10 15:02:05.408 10557 10557 D cellinfo: Instantaneous GPS information: United States, 2685 700 E, Salt Lake City, UT 84106, USA
08-10 15:02:05.408 10557 10557 D cellinfo: getCurrentLocation() result: Location (success): 40.7128353, -111.8707303
08-10 15:02:05.579 10557 10557 D cellinfo: onsignalStrengthsChanged: LTE Signal Strength info: rsrp: -96 rsrq: -14 rssi: -67 rssnr: 14
08-10 15:02:05.579 10557 10557 D cellinfo: onsignalStrengthsChanged: 5G-NR Signal Strength info: ssrsrp: -87 ssrsrq: -11 sssinr: 2147483647
08-10 15:02:05.605 10557 12571 D cellinfo: 46 bytes from 44.241.174.93: icmp_seq=203 ttl=20 time=99.0 ms
08-10 15:02:05.787 10557 10557 D cellinfo: onsignalStrengthsChanged: LTE Signal Strength info: rsrp: -96 rsrq: -14 rssi: -67 rssnr: 14
08-10 15:02:05.787 10557 10557 D cellinfo: onsignalStrengthsChanged: 5G-NR Signal Strength info: ssrsrp: -88 ssrsrq: -11 sssinr: 2147483647
08-10 15:02:05.804 10557 12571 D cellinfo: 46 bytes from 44.241.174.93: icmp_seq=204 ttl=20 time=98.0 ms
08-10 15:02:06.004 10557 12571 D cellinfo: 46 bytes from 44.241.174.93: icmp_seq=205 ttl=20 time=97.8 ms
08-10 15:02:06.203 10557 12571 D cellinfo: 46 bytes from 44.241.174.93: icmp_seq=206 ttl=20 time=97.4 ms
08-10 15:02:06.404 10557 12571 D cellinfo: 46 bytes from 44.241.174.93: icmp_seq=207 ttl=20 time=97.3 ms
08-10 15:02:06.603 10557 12571 D cellinfo: 46 bytes from 44.241.174.93: icmp_seq=208 ttl=20 time=95.7 ms
08-10 15:02:06.805 10557 12571 D cellinfo: 46 bytes from 44.241.174.93: icmp_seq=209 ttl=20 time=96.3 ms
08-10 15:02:07.004 10557 12571 D cellinfo: 46 bytes from 44.241.174.93: icmp_seq=210 ttl=20 time=95.0 ms
08-10 15:02:07.205 10557 12571 D cellinfo: 46 bytes from 44.241.174.93: icmp_seq=211 ttl=20 time=96.0 ms
08-10 15:02:07.425 10557 12571 D cellinfo: 46 bytes from 44.241.174.93: icmp_seq=212 ttl=20 time=115 ms
08-10 15:02:07.603 10557 12571 D cellinfo: 46 bytes from 44.241.174.93: icmp_seq=213 ttl=20 time=92.6 ms
08-10 15:02:07.805 10557 12571 D cellinfo: 46 bytes from 44.241.174.93: icmp_seq=214 ttl=20 time=93.4 ms
08-10 15:02:08.004 10557 12571 D cellinfo: 46 bytes from 44.241.174.93: icmp_seq=215 ttl=20 time=91.6 ms
08-10 15:02:08.204 10557 12571 D cellinfo: 46 bytes from 44.241.174.93: icmp_seq=216 ttl=20 time=91.9 ms
08-10 15:02:08.404 10557 12571 D cellinfo: 46 bytes from 44.241.174.93: icmp_seq=217 ttl=20 time=90.7 ms
08-10 15:02:08.406 10557 10557 D cellinfo: Latitude is 40.7128331
08-10 15:02:08.406 10557 10557 D cellinfo: Longitude is -111.8707306
08-10 15:02:08.406 10557 10557 D cellinfo: Instantaneous GPS information: United States, 2685 700 E, Salt Lake City, UT 84106, USA
08-10 15:02:08.406 10557 10557 D cellinfo: getCurrentLocation() result: Location (success): 40.7128331, -111.8707306
08-10 15:02:08.446 10557 10557 D cellinfo: onsignalStrengthsChanged: LTE Signal Strength info: rsrp: -94 rsrq: -12 rssi: -63 rssnr: 15
08-10 15:02:08.446 10557 10557 D cellinfo: onsignalStrengthsChanged: 5G-NR Signal Strength info: ssrsrp: -88 ssrsrq: -11 sssinr: 2147483647
08-10 15:02:08.459 10557 10557 D cellinfo: onCellInfoChanged: Operator: T-Mobile UpdateTimestamp: 169447 CellConnectionStatus: 0
08-10 15:02:08.459 10557 10557 D cellinfo: onCellInfoChanged: LTE Cell Bands: [2] Bandwidth: 15000 Cell ID: 21559051 Physical Cell ID: 176 Tracking Area Code: 11620 EARFCN: 675
08-10 15:02:08.604 10557 12571 D cellinfo: 46 bytes from 44.241.174.93: icmp_seq=218 ttl=20 time=89.6 ms
08-10 15:02:08.827 10557 12571 D cellinfo: 46 bytes from 44.241.174.93: icmp_seq=219 ttl=20 time=111 ms
08-10 15:02:09.005 10557 12571 D cellinfo: 46 bytes from 44.241.174.93: icmp_seq=220 ttl=20 time=89.1 ms
08-10 15:02:09.227 10557 12571 D cellinfo: 46 bytes from 44.241.174.93: icmp_seq=221 ttl=20 time=110 ms
08-10 15:02:09.405 10557 12571 D cellinfo: 46 bytes from 44.241.174.93: icmp_seq=222 ttl=20 time=89.5 ms
08-10 15:02:09.625 10557 12571 D cellinfo: 46 bytes from 44.241.174.93: icmp_seq=223 ttl=20 time=108 ms
08-10 15:02:09.803 10557 12571 D cellinfo: 46 bytes from 44.241.174.93: icmp_seq=224 ttl=20 time=85.5 ms
08-10 15:02:10.025 10557 12571 D cellinfo: 46 bytes from 44.241.174.93: icmp_seq=225 ttl=20 time=106 ms
08-10 15:02:10.204 10557 12571 D cellinfo: 46 bytes from 44.241.174.93: icmp_seq=226 ttl=20 time=85.4 ms
08-10 15:02:10.425 10557 12571 D cellinfo: 46 bytes from 44.241.174.93: icmp_seq=227 ttl=20 time=105 ms
08-10 15:02:10.603 10557 12571 D cellinfo: 46 bytes from 44.241.174.93: icmp_seq=228 ttl=20 time=83.6 ms
08-10 15:02:10.825 10557 12571 D cellinfo: 46 bytes from 44.241.174.93: icmp_seq=229 ttl=20 time=104 ms
08-10 15:02:11.005 10557 12571 D cellinfo: 46 bytes from 44.241.174.93: icmp_seq=230 ttl=20 time=83.1 ms
08-10 15:02:11.229 10557 12571 D cellinfo: 46 bytes from 44.241.174.93: icmp_seq=231 ttl=20 time=107 ms
08-10 15:02:11.403 10557 12571 D cellinfo: 46 bytes from 44.241.174.93: icmp_seq=232 ttl=20 time=81.9 ms
08-10 15:02:11.448 10557 10557 D cellinfo: onCellInfoChanged: Operator: T-Mobile UpdateTimestamp: 172439 CellConnectionStatus: 0
08-10 15:02:11.448 10557 10557 D cellinfo: onCellInfoChanged: LTE Cell Bands: [2] Bandwidth: 15000 Cell ID: 21559051 Physical Cell ID: 176 Tracking Area Code: 11620 EARFCN: 675
08-10 15:02:11.577 10557 10557 D cellinfo: onsignalStrengthsChanged: LTE Signal Strength info: rsrp: -94 rsrq: -16 rssi: -63 rssnr: 14
08-10 15:02:11.577 10557 10557 D cellinfo: onsignalStrengthsChanged: 5G-NR Signal Strength info: ssrsrp: -88 ssrsrq: -11 sssinr: 2147483647
08-10 15:02:11.629 10557 12571 D cellinfo: 46 bytes from 44.241.174.93: icmp_seq=233 ttl=20 time=107 ms
08-10 15:02:11.781 10557 10557 D cellinfo: onsignalStrengthsChanged: LTE Signal Strength info: rsrp: -94 rsrq: -16 rssi: -63 rssnr: 14
08-10 15:02:11.781 10557 10557 D cellinfo: onsignalStrengthsChanged: 5G-NR Signal Strength info: ssrsrp: -87 ssrsrq: -11 sssinr: 2147483647
08-10 15:02:11.811 10557 12571 D cellinfo: 46 bytes from 44.241.174.93: icmp_seq=234 ttl=20 time=88.5 ms
08-10 15:02:12.027 10557 12571 D cellinfo: 46 bytes from 44.241.174.93: icmp_seq=235 ttl=20 time=103 ms
08-10 15:02:12.225 10557 12571 D cellinfo: 46 bytes from 44.241.174.93: icmp_seq=236 ttl=20 time=101 ms
08-10 15:02:12.426 10557 12571 D cellinfo: 46 bytes from 44.241.174.93: icmp_seq=237 ttl=20 time=101 ms
08-10 15:02:12.632 10557 12571 D cellinfo: 46 bytes from 44.241.174.93: icmp_seq=238 ttl=20 time=106 ms
08-10 15:02:12.825 10557 12571 D cellinfo: 46 bytes from 44.241.174.93: icmp_seq=239 ttl=20 time=98.1 ms
08-10 15:02:13.024 10557 12571 D cellinfo: 46 bytes from 44.241.174.93: icmp_seq=240 ttl=20 time=96.9 ms
08-10 15:02:13.225 10557 12571 D cellinfo: 46 bytes from 44.241.174.93: icmp_seq=241 ttl=20 time=98.3 ms
08-10 15:02:13.424 10557 12571 D cellinfo: 46 bytes from 44.241.174.93: icmp_seq=242 ttl=20 time=96.8 ms
08-10 15:02:13.630 10557 12571 D cellinfo: 46 bytes from 44.241.174.93: icmp_seq=243 ttl=20 time=103 ms
08-10 15:02:13.829 10557 12571 D cellinfo: 46 bytes from 44.241.174.93: icmp_seq=244 ttl=20 time=101 ms
08-10 15:02:14.013 10557 12571 D cellinfo: 46 bytes from 44.241.174.93: icmp_seq=245 ttl=20 time=84.5 ms
08-10 15:02:14.224 10557 12571 D cellinfo: 46 bytes from 44.241.174.93: icmp_seq=246 ttl=20 time=95.6 ms
08-10 15:02:14.412 10557 12571 D cellinfo: 46 bytes from 44.241.174.93: icmp_seq=247 ttl=20 time=82.2 ms
08-10 15:02:14.829 10557 12571 D cellinfo: 46 bytes from 44.241.174.93: icmp_seq=248 ttl=20 time=297 ms
08-10 15:02:14.833 10557 12571 D cellinfo: 46 bytes from 44.241.174.93: icmp_seq=249 ttl=20 time=98.6 ms
08-10 15:02:14.836 10557 10557 D cellinfo: Latitude is 40.7129196
08-10 15:02:14.836 10557 10557 D cellinfo: Longitude is -111.8706955
08-10 15:02:14.836 10557 10557 D cellinfo: Instantaneous GPS information: United States, 2653 700 E, Salt Lake City, UT 84106, USA
08-10 15:02:14.836 10557 10557 D cellinfo: getCurrentLocation() result: Location (success): 40.7129196, -111.8706955
08-10 15:02:14.838 10557 10557 D cellinfo: onCellInfoChanged: Operator: T-Mobile UpdateTimestamp: 175302 CellConnectionStatus: 0
08-10 15:02:14.838 10557 10557 D cellinfo: onCellInfoChanged: LTE Cell Bands: [2] Bandwidth: 15000 Cell ID: 21559051 Physical Cell ID: 176 Tracking Area Code: 11620 EARFCN: 675
08-10 15:02:14.839 10557 10557 D cellinfo: onsignalStrengthsChanged: LTE Signal Strength info: rsrp: -95 rsrq: -12 rssi: -67 rssnr: 16
08-10 15:02:14.839 10557 10557 D cellinfo: onsignalStrengthsChanged: 5G-NR Signal Strength info: ssrsrp: -87 ssrsrq: -11 sssinr: 2147483647
08-10 15:02:14.865 10557 10557 D cellinfo: Latitude is 40.7129249
08-10 15:02:14.865 10557 10557 D cellinfo: Longitude is -111.8706947
08-10 15:02:14.865 10557 10557 D cellinfo: Instantaneous GPS information: United States, 2653 700 E, Salt Lake City, UT 84106, USA
08-10 15:02:14.865 10557 10557 D cellinfo: getCurrentLocation() result: Location (success): 40.7129249, -111.8706947
08-10 15:02:15.029 10557 12571 D cellinfo: 46 bytes from 44.241.174.93: icmp_seq=250 ttl=20 time=94.0 ms
08-10 15:02:15.240 10557 12571 D cellinfo: 46 bytes from 44.241.174.93: icmp_seq=251 ttl=20 time=105 ms
08-10 15:02:15.242 10557 12571 D cellinfo: 46 bytes from 44.241.174.93: icmp_seq=251 ttl=20 time=107 ms (DUP!)
08-10 15:02:15.441 10557 12571 D cellinfo: 46 bytes from 44.241.174.93: icmp_seq=252 ttl=20 time=106 ms
08-10 15:02:15.625 10557 12571 D cellinfo: 46 bytes from 44.241.174.93: icmp_seq=253 ttl=20 time=88.8 ms
08-10 15:02:15.838 10557 12571 D cellinfo: 46 bytes from 44.241.174.93: icmp_seq=254 ttl=20 time=101 ms
08-10 15:02:16.018 10557 12571 D cellinfo: 46 bytes from 44.241.174.93: icmp_seq=255 ttl=20 time=81.4 ms
08-10 15:02:16.230 10557 12571 D cellinfo: 46 bytes from 44.241.174.93: icmp_seq=256 ttl=20 time=93.8 ms
08-10 15:02:16.439 10557 12571 D cellinfo: 46 bytes from 44.241.174.93: icmp_seq=257 ttl=20 time=101 ms
08-10 15:02:16.625 10557 12571 D cellinfo: 46 bytes from 44.241.174.93: icmp_seq=258 ttl=20 time=87.7 ms
08-10 15:02:16.815 10557 12571 D cellinfo: 46 bytes from 44.241.174.93: icmp_seq=259 ttl=20 time=76.5 ms
08-10 15:02:17.030 10557 12571 D cellinfo: 46 bytes from 44.241.174.93: icmp_seq=260 ttl=20 time=90.4 ms
08-10 15:02:17.244 10557 12571 D cellinfo: 46 bytes from 44.241.174.93: icmp_seq=261 ttl=20 time=104 ms
