08-10 22:31:05.850 32511 32565 D cellinfo: 46 bytes from 44.241.174.93: icmp_seq=1812 ttl=44 time=72.6 ms
08-10 22:31:06.059 32511 32565 D cellinfo: 46 bytes from 44.241.174.93: icmp_seq=1813 ttl=44 time=80.4 ms
08-10 22:31:06.266 32511 32565 D cellinfo: 46 bytes from 44.241.174.93: icmp_seq=1814 ttl=44 time=87.3 ms
08-10 22:31:06.468 32511 32565 D cellinfo: 46 bytes from 44.241.174.93: icmp_seq=1815 ttl=44 time=88.5 ms
08-10 22:31:06.667 32511 32565 D cellinfo: 46 bytes from 44.241.174.93: icmp_seq=1816 ttl=44 time=86.7 ms
08-10 22:31:06.858 32511 32565 D cellinfo: 46 bytes from 44.241.174.93: icmp_seq=1817 ttl=44 time=78.0 ms
08-10 22:31:07.246 32511 32565 D cellinfo: 46 bytes from 44.241.174.93: icmp_seq=1818 ttl=44 time=265 ms
08-10 22:31:07.306 32511 32511 D cellinfo: Latitude is 40.6213511
08-10 22:31:07.306 32511 32511 D cellinfo: Longitude is -105.0836822
08-10 22:31:07.306 32511 32511 D cellinfo: Instantaneous GPS information: United States, 532 N U.S. Hwy 287, Fort Collins, CO 80524, USA
08-10 22:31:07.306 32511 32511 D cellinfo: getCurrentLocation() result: Location (success): 40.6213511, -105.0836822
08-10 22:31:07.308 32511 32565 D cellinfo: 46 bytes from 44.241.174.93: icmp_seq=1819 ttl=44 time=125 ms
08-10 22:31:07.310 32511 32511 D cellinfo: onCellInfoChanged: Operator: T-Mobile UpdateTimestamp: 15987770 CellConnectionStatus: 0
08-10 22:31:07.310 32511 32511 D cellinfo: onCellInfoChanged: LTE Cell Bands: [2] Bandwidth: 15000 Cell ID: 5750539 Physical Cell ID: 468 Tracking Area Code: 41465 EARFCN: 875
08-10 22:31:07.603 32511 32565 D cellinfo: 46 bytes from 44.241.174.93: icmp_seq=1820 ttl=44 time=219 ms
08-10 22:31:07.666 32511 32565 D cellinfo: 46 bytes from 44.241.174.93: icmp_seq=1821 ttl=44 time=80.7 ms
08-10 22:31:07.814 32511 32511 D cellinfo: onsignalStrengthsChanged: LTE Signal Strength info: rsrp: -114 rsrq: -18 rssi: -79 rssnr: 4
08-10 22:31:07.814 32511 32511 D cellinfo: onsignalStrengthsChanged: 5G-NR Signal Strength info: ssrsrp: -114 ssrsrq: -13 sssinr: 2147483647
08-10 22:31:07.878 32511 32565 D cellinfo: 46 bytes from 44.241.174.93: icmp_seq=1822 ttl=44 time=92.4 ms
08-10 22:31:08.068 32511 32565 D cellinfo: 46 bytes from 44.241.174.93: icmp_seq=1823 ttl=44 time=81.3 ms
08-10 22:31:08.320 32511 32565 D cellinfo: 46 bytes from 44.241.174.93: icmp_seq=1824 ttl=44 time=132 ms
08-10 22:31:08.453 32511 32511 D cellinfo: onsignalStrengthsChanged: LTE Signal Strength info: rsrp: -114 rsrq: -16 rssi: -79 rssnr: 0
08-10 22:31:08.453 32511 32511 D cellinfo: onsignalStrengthsChanged: 5G-NR Signal Strength info: ssrsrp: -114 ssrsrq: -13 sssinr: 2147483647
08-10 22:31:08.510 32511 32565 D cellinfo: 46 bytes from 44.241.174.93: icmp_seq=1825 ttl=44 time=121 ms
08-10 22:31:08.743 32511 32565 D cellinfo: 46 bytes from 44.241.174.93: icmp_seq=1826 ttl=44 time=153 ms
08-10 22:31:08.864 32511 32565 D cellinfo: 46 bytes from 44.241.174.93: icmp_seq=1827 ttl=44 time=73.5 ms
08-10 22:31:09.109 32511 32565 D cellinfo: 46 bytes from 44.241.174.93: icmp_seq=1828 ttl=44 time=117 ms
08-10 22:31:09.306 32511 32565 D cellinfo: 46 bytes from 44.241.174.93: icmp_seq=1829 ttl=44 time=115 ms
08-10 22:31:09.546 32511 32565 D cellinfo: 46 bytes from 44.241.174.93: icmp_seq=1830 ttl=44 time=154 ms
08-10 22:31:09.708 32511 32565 D cellinfo: 46 bytes from 44.241.174.93: icmp_seq=1831 ttl=44 time=115 ms
08-10 22:31:10.068 32511 32565 D cellinfo: 46 bytes from 44.241.174.93: icmp_seq=1832 ttl=44 time=274 ms
08-10 22:31:10.154 32511 32565 D cellinfo: 46 bytes from 44.241.174.93: icmp_seq=1833 ttl=44 time=158 ms
08-10 22:31:10.470 32511 32565 D cellinfo: 46 bytes from 44.241.174.93: icmp_seq=1834 ttl=44 time=274 ms
08-10 22:31:10.481 32511 32565 D cellinfo: 46 bytes from 44.241.174.93: icmp_seq=1835 ttl=44 time=81.1 ms
08-10 22:31:10.508 32511 32511 D cellinfo: Latitude is 40.6209568
08-10 22:31:10.508 32511 32511 D cellinfo: Longitude is -105.0830918
08-10 22:31:10.508 32511 32511 D cellinfo: Instantaneous GPS information: United States, 417 US-287, Fort Collins, CO 80524, USA
08-10 22:31:10.508 32511 32511 D cellinfo: getCurrentLocation() result: Location (success): 40.6209568, -105.0830918
08-10 22:31:10.510 32511 32511 D cellinfo: onCellInfoChanged: Operator: T-Mobile UpdateTimestamp: 15990731 CellConnectionStatus: 0
08-10 22:31:10.510 32511 32511 D cellinfo: onCellInfoChanged: LTE Cell Bands: [2] Bandwidth: 15000 Cell ID: 5750539 Physical Cell ID: 468 Tracking Area Code: 41465 EARFCN: 875
08-10 22:31:10.666 32511 32565 D cellinfo: 46 bytes from 44.241.174.93: icmp_seq=1836 ttl=44 time=65.6 ms
08-10 22:31:10.817 32511 32511 D cellinfo: onsignalStrengthsChanged: LTE Signal Strength info: rsrp: -114 rsrq: -16 rssi: -79 rssnr: 0
08-10 22:31:10.817 32511 32511 D cellinfo: onsignalStrengthsChanged: 5G-NR Signal Strength info: ssrsrp: -114 ssrsrq: -12 sssinr: 2147483647
08-10 22:31:10.863 32511 32565 D cellinfo: 46 bytes from 44.241.174.93: icmp_seq=1837 ttl=44 time=61.5 ms
08-10 22:31:11.063 32511 32565 D cellinfo: 46 bytes from 44.241.174.93: icmp_seq=1838 ttl=44 time=60.7 ms
08-10 22:31:11.295 32511 32565 D cellinfo: 46 bytes from 44.241.174.93: icmp_seq=1839 ttl=44 time=91.8 ms
08-10 22:31:11.506 32511 32565 D cellinfo: 46 bytes from 44.241.174.93: icmp_seq=1840 ttl=44 time=102 ms
08-10 22:31:11.658 32511 32565 D cellinfo: 46 bytes from 44.241.174.93: icmp_seq=1841 ttl=44 time=53.0 ms
08-10 22:31:11.744 32511 32511 D cellinfo: onsignalStrengthsChanged: LTE Signal Strength info: rsrp: -115 rsrq: -15 rssi: -79 rssnr: 0
08-10 22:31:11.744 32511 32511 D cellinfo: onsignalStrengthsChanged: 5G-NR Signal Strength info: ssrsrp: -114 ssrsrq: -12 sssinr: 2147483647
08-10 22:31:11.861 32511 32565 D cellinfo: 46 bytes from 44.241.174.93: icmp_seq=1842 ttl=44 time=55.2 ms
08-10 22:31:12.066 32511 32565 D cellinfo: 46 bytes from 44.241.174.93: icmp_seq=1843 ttl=44 time=59.7 ms
08-10 22:31:12.266 32511 32565 D cellinfo: 46 bytes from 44.241.174.93: icmp_seq=1844 ttl=44 time=59.3 ms
08-10 22:31:12.506 32511 32565 D cellinfo: 46 bytes from 44.241.174.93: icmp_seq=1845 ttl=44 time=98.2 ms
08-10 22:31:12.652 32511 32565 D cellinfo: 46 bytes from 44.241.174.93: icmp_seq=1846 ttl=44 time=42.6 ms
08-10 22:31:12.861 32511 32565 D cellinfo: 46 bytes from 44.241.174.93: icmp_seq=1847 ttl=44 time=51.6 ms
08-10 22:31:13.093 32511 32565 D cellinfo: 46 bytes from 44.241.174.93: icmp_seq=1848 ttl=44 time=83.5 ms
08-10 22:31:13.151 32511 32511 D cellinfo: Latitude is 40.6202345
08-10 22:31:13.151 32511 32511 D cellinfo: Longitude is -105.082696
08-10 22:31:13.151 32511 32511 D cellinfo: Instantaneous GPS information: United States, 413 US-287, Fort Collins, CO 80524, USA
08-10 22:31:13.152 32511 32511 D cellinfo: getCurrentLocation() result: Location (success): 40.6202345, -105.082696
08-10 22:31:13.153 32511 32511 D cellinfo: onCellInfoChanged: Operator: T-Mobile UpdateTimestamp: 15993735 CellConnectionStatus: 0
08-10 22:31:13.153 32511 32511 D cellinfo: onCellInfoChanged: LTE Cell Bands: [2] Bandwidth: 15000 Cell ID: 5750539 Physical Cell ID: 468 Tracking Area Code: 41465 EARFCN: 875
08-10 22:31:13.263 32511 32565 D cellinfo: 46 bytes from 44.241.174.93: icmp_seq=1849 ttl=44 time=52.9 ms
08-10 22:31:13.453 32511 32565 D cellinfo: 46 bytes from 44.241.174.93: icmp_seq=1850 ttl=44 time=42.1 ms
08-10 22:31:13.710 32511 32565 D cellinfo: 46 bytes from 44.241.174.93: icmp_seq=1851 ttl=44 time=98.8 ms
08-10 22:31:13.815 32511 32511 D cellinfo: onsignalStrengthsChanged: LTE Signal Strength info: rsrp: -115 rsrq: -15 rssi: -79 rssnr: 0
08-10 22:31:13.815 32511 32511 D cellinfo: onsignalStrengthsChanged: 5G-NR Signal Strength info: ssrsrp: -113 ssrsrq: -12 sssinr: 2147483647
08-10 22:31:13.869 32511 32565 D cellinfo: 46 bytes from 44.241.174.93: icmp_seq=1852 ttl=44 time=56.8 ms
08-10 22:31:14.106 32511 32565 D cellinfo: 46 bytes from 44.241.174.93: icmp_seq=1853 ttl=44 time=93.9 ms
08-10 22:31:14.308 32511 32565 D cellinfo: 46 bytes from 44.241.174.93: icmp_seq=1854 ttl=44 time=95.2 ms
08-10 22:31:14.469 32511 32565 D cellinfo: 46 bytes from 44.241.174.93: icmp_seq=1855 ttl=44 time=55.0 ms
08-10 22:31:14.706 32511 32565 D cellinfo: 46 bytes from 44.241.174.93: icmp_seq=1856 ttl=44 time=91.2 ms
08-10 22:31:14.746 32511 32511 D cellinfo: onsignalStrengthsChanged: LTE Signal Strength info: rsrp: -116 rsrq: -19 rssi: -83 rssnr: 0
08-10 22:31:14.746 32511 32511 D cellinfo: onsignalStrengthsChanged: 5G-NR Signal Strength info: ssrsrp: -113 ssrsrq: -12 sssinr: 2147483647
08-10 22:31:14.906 32511 32565 D cellinfo: 46 bytes from 44.241.174.93: icmp_seq=1857 ttl=44 time=90.4 ms
08-10 22:31:15.063 32511 32565 D cellinfo: 46 bytes from 44.241.174.93: icmp_seq=1858 ttl=44 time=46.5 ms
08-10 22:31:15.266 32511 32565 D cellinfo: 46 bytes from 44.241.174.93: icmp_seq=1859 ttl=44 time=48.1 ms
08-10 22:31:15.749 32511 32565 D cellinfo: 46 bytes from 44.241.174.93: icmp_seq=1860 ttl=44 time=329 ms
08-10 22:31:15.750 32511 32565 D cellinfo: 46 bytes from 44.241.174.93: icmp_seq=1861 ttl=44 time=127 ms
08-10 22:31:16.274 32511 32565 D cellinfo: 46 bytes from 44.241.174.93: icmp_seq=1862 ttl=44 time=450 ms
08-10 22:31:16.281 32511 32565 D cellinfo: 46 bytes from 44.241.174.93: icmp_seq=1863 ttl=44 time=255 ms
08-10 22:31:16.373 32511 32565 D cellinfo: 46 bytes from 44.241.174.93: icmp_seq=1864 ttl=44 time=144 ms
08-10 22:31:16.508 32511 32565 D cellinfo: 46 bytes from 44.241.174.93: icmp_seq=1865 ttl=44 time=79.0 ms
08-10 22:31:16.553 32511 32511 D cellinfo: Latitude is 40.6198265
08-10 22:31:16.553 32511 32511 D cellinfo: Longitude is -105.0824396
08-10 22:31:16.553 32511 32511 D cellinfo: Instantaneous GPS information: United States, 413 US-287, Fort Collins, CO 80524, USA
08-10 22:31:16.553 32511 32511 D cellinfo: getCurrentLocation() result: Location (success): 40.6198265, -105.0824396
08-10 22:31:16.555 32511 32511 D cellinfo: onCellInfoChanged: Operator: T-Mobile UpdateTimestamp: 15996759 CellConnectionStatus: 0
08-10 22:31:16.555 32511 32511 D cellinfo: onCellInfoChanged: LTE Cell Bands: [2] Bandwidth: 15000 Cell ID: 5750539 Physical Cell ID: 468 Tracking Area Code: 41465 EARFCN: 875
08-10 22:31:16.708 32511 32565 D cellinfo: 46 bytes from 44.241.174.93: icmp_seq=1866 ttl=44 time=78.0 ms
08-10 22:31:16.903 32511 32565 D cellinfo: 46 bytes from 44.241.174.93: icmp_seq=1867 ttl=44 time=72.6 ms
08-10 22:31:17.072 32511 32565 D cellinfo: 46 bytes from 44.241.174.93: icmp_seq=1868 ttl=44 time=41.1 ms
08-10 22:31:17.307 32511 32565 D cellinfo: 46 bytes from 44.241.174.93: icmp_seq=1869 ttl=44 time=75.8 ms
08-10 22:31:17.411 32511 32511 D cellinfo: onsignalStrengthsChanged: LTE Signal Strength info: rsrp: -114 rsrq: -15 rssi: -77 rssnr: 1
08-10 22:31:17.411 32511 32511 D cellinfo: onsignalStrengthsChanged: 5G-NR Signal Strength info: ssrsrp: -113 ssrsrq: -12 sssinr: 2147483647
08-10 22:31:17.508 32511 32565 D cellinfo: 46 bytes from 44.241.174.93: icmp_seq=1870 ttl=44 time=75.9 ms
08-10 22:31:17.706 32511 32565 D cellinfo: 46 bytes from 44.241.174.93: icmp_seq=1871 ttl=44 time=73.0 ms
08-10 22:31:17.907 32511 32565 D cellinfo: 46 bytes from 44.241.174.93: icmp_seq=1872 ttl=44 time=73.3 ms
08-10 22:31:18.071 32511 32565 D cellinfo: 46 bytes from 44.241.174.93: icmp_seq=1873 ttl=44 time=36.4 ms
08-10 22:31:18.308 32511 32565 D cellinfo: 46 bytes from 44.241.174.93: icmp_seq=1874 ttl=44 time=72.7 ms
08-10 22:31:18.508 32511 32565 D cellinfo: 46 bytes from 44.241.174.93: icmp_seq=1875 ttl=44 time=71.9 ms
08-10 22:31:18.702 32511 32565 D cellinfo: 46 bytes from 44.241.174.93: icmp_seq=1876 ttl=44 time=65.6 ms
08-10 22:31:18.878 32511 32565 D cellinfo: 46 bytes from 44.241.174.93: icmp_seq=1877 ttl=44 time=39.9 ms
08-10 22:31:18.993 32511 32511 D cellinfo: Latitude is 40.6187333
08-10 22:31:18.993 32511 32511 D cellinfo: Longitude is -105.0812267
08-10 22:31:18.993 32511 32511 D cellinfo: Instantaneous GPS information: United States, 309 US-287, Fort Collins, CO 80524, USA
08-10 22:31:18.993 32511 32511 D cellinfo: getCurrentLocation() result: Location (success): 40.6187333, -105.0812267
08-10 22:31:18.995 32511 32511 D cellinfo: onCellInfoChanged: Operator: T-Mobile UpdateTimestamp: 15999756 CellConnectionStatus: 0
08-10 22:31:18.995 32511 32511 D cellinfo: onCellInfoChanged: LTE Cell Bands: [2] Bandwidth: 15000 Cell ID: 5750539 Physical Cell ID: 468 Tracking Area Code: 41465 EARFCN: 875
08-10 22:31:19.081 32511 32565 D cellinfo: 46 bytes from 44.241.174.93: icmp_seq=1878 ttl=44 time=42.1 ms
08-10 22:31:19.304 32511 32565 D cellinfo: 46 bytes from 44.241.174.93: icmp_seq=1879 ttl=44 time=64.5 ms
08-10 22:31:19.488 32511 32565 D cellinfo: 46 bytes from 44.241.174.93: icmp_seq=1880 ttl=44 time=47.4 ms
08-10 22:31:19.676 32511 32565 D cellinfo: 46 bytes from 44.241.174.93: icmp_seq=1881 ttl=44 time=34.3 ms
08-10 22:31:19.826 32511 32511 D cellinfo: onsignalStrengthsChanged: LTE Signal Strength info: rsrp: -114 rsrq: -15 rssi: -77 rssnr: 1
08-10 22:31:19.826 32511 32511 D cellinfo: onsignalStrengthsChanged: 5G-NR Signal Strength info: ssrsrp: -109 ssrsrq: -11 sssinr: 2147483647
08-10 22:31:19.906 32511 32565 D cellinfo: 46 bytes from 44.241.174.93: icmp_seq=1882 ttl=44 time=63.0 ms
08-10 22:31:20.086 32511 32565 D cellinfo: 46 bytes from 44.241.174.93: icmp_seq=1883 ttl=44 time=41.8 ms
08-10 22:31:20.280 32511 32565 D cellinfo: 46 bytes from 44.241.174.93: icmp_seq=1884 ttl=44 time=35.9 ms
08-10 22:31:20.498 32511 32565 D cellinfo: 46 bytes from 44.241.174.93: icmp_seq=1885 ttl=44 time=52.6 ms
08-10 22:31:20.688 32511 32565 D cellinfo: 46 bytes from 44.241.174.93: icmp_seq=1886 ttl=44 time=42.3 ms
08-10 22:31:20.744 32511 32511 D cellinfo: onsignalStrengthsChanged: LTE Signal Strength info: rsrp: -109 rsrq: -15 rssi: -71 rssnr: 6
08-10 22:31:20.744 32511 32511 D cellinfo: onsignalStrengthsChanged: 5G-NR Signal Strength info: ssrsrp: -109 ssrsrq: -11 sssinr: 2147483647
08-10 22:31:20.949 32511 32565 D cellinfo: 46 bytes from 44.241.174.93: icmp_seq=1887 ttl=44 time=101 ms
08-10 22:31:21.146 32511 32565 D cellinfo: 46 bytes from 44.241.174.93: icmp_seq=1888 ttl=44 time=97.7 ms
08-10 22:31:21.348 32511 32565 D cellinfo: 46 bytes from 44.241.174.93: icmp_seq=1889 ttl=44 time=99.8 ms
08-10 22:31:21.547 32511 32565 D cellinfo: 46 bytes from 44.241.174.93: icmp_seq=1890 ttl=44 time=97.2 ms
08-10 22:31:21.748 32511 32565 D cellinfo: 46 bytes from 44.241.174.93: icmp_seq=1891 ttl=44 time=98.1 ms
08-10 22:31:21.951 32511 32565 D cellinfo: 46 bytes from 44.241.174.93: icmp_seq=1892 ttl=44 time=99.9 ms
08-10 22:31:22.147 32511 32565 D cellinfo: 46 bytes from 44.241.174.93: icmp_seq=1893 ttl=44 time=94.7 ms
08-10 22:31:22.155 32511 32511 D cellinfo: Latitude is 40.6183574
08-10 22:31:22.155 32511 32511 D cellinfo: Longitude is -105.0803307
08-10 22:31:22.155 32511 32511 D cellinfo: Instantaneous GPS information: United States, 229 US-287, Fort Collins, CO 80524, USA
08-10 22:31:22.155 32511 32511 D cellinfo: getCurrentLocation() result: Location (success): 40.6183574, -105.0803307
08-10 22:31:22.157 32511 32511 D cellinfo: onCellInfoChanged: Operator: T-Mobile UpdateTimestamp: 16002779 CellConnectionStatus: 0
08-10 22:31:22.157 32511 32511 D cellinfo: onCellInfoChanged: LTE Cell Bands: [2] Bandwidth: 15000 Cell ID: 5750539 Physical Cell ID: 468 Tracking Area Code: 41465 EARFCN: 875
08-10 22:31:22.346 32511 32565 D cellinfo: 46 bytes from 44.241.174.93: icmp_seq=1894 ttl=44 time=93.2 ms
08-10 22:31:22.546 32511 32565 D cellinfo: 46 bytes from 44.241.174.93: icmp_seq=1895 ttl=44 time=92.5 ms
08-10 22:31:22.746 32511 32565 D cellinfo: 46 bytes from 44.241.174.93: icmp_seq=1896 ttl=44 time=92.4 ms
08-10 22:31:22.815 32511 32511 D cellinfo: onsignalStrengthsChanged: LTE Signal Strength info: rsrp: -109 rsrq: -15 rssi: -71 rssnr: 6
08-10 22:31:22.815 32511 32511 D cellinfo: onsignalStrengthsChanged: 5G-NR Signal Strength info: ssrsrp: -106 ssrsrq: -11 sssinr: 2147483647
08-10 22:31:22.948 32511 32565 D cellinfo: 46 bytes from 44.241.174.93: icmp_seq=1897 ttl=44 time=93.5 ms
08-10 22:31:23.146 32511 32565 D cellinfo: 46 bytes from 44.241.174.93: icmp_seq=1898 ttl=44 time=90.0 ms
08-10 22:31:23.347 32511 32565 D cellinfo: 46 bytes from 44.241.174.93: icmp_seq=1899 ttl=44 time=89.9 ms
08-10 22:31:23.547 32511 32565 D cellinfo: 46 bytes from 44.241.174.93: icmp_seq=1900 ttl=44 time=89.7 ms
08-10 22:31:23.744 32511 32511 D cellinfo: onsignalStrengthsChanged: LTE Signal Strength info: rsrp: -106 rsrq: -15 rssi: -71 rssnr: 5
08-10 22:31:23.744 32511 32511 D cellinfo: onsignalStrengthsChanged: 5G-NR Signal Strength info: ssrsrp: -106 ssrsrq: -11 sssinr: 2147483647
08-10 22:31:23.747 32511 32565 D cellinfo: 46 bytes from 44.241.174.93: icmp_seq=1901 ttl=44 time=88.9 ms
08-10 22:31:23.946 32511 32565 D cellinfo: 46 bytes from 44.241.174.93: icmp_seq=1902 ttl=44 time=88.0 ms
08-10 22:31:24.146 32511 32565 D cellinfo: 46 bytes from 44.241.174.93: icmp_seq=1903 ttl=44 time=87.2 ms
08-10 22:31:24.346 32511 32565 D cellinfo: 46 bytes from 44.241.174.93: icmp_seq=1904 ttl=44 time=86.3 ms
08-10 22:31:24.549 32511 32565 D cellinfo: 46 bytes from 44.241.174.93: icmp_seq=1905 ttl=44 time=87.9 ms
08-10 22:31:24.749 32511 32565 D cellinfo: 46 bytes from 44.241.174.93: icmp_seq=1906 ttl=44 time=88.2 ms
08-10 22:31:25.189 32511 32565 D cellinfo: 46 bytes from 44.241.174.93: icmp_seq=1907 ttl=44 time=326 ms
08-10 22:31:25.196 32511 32565 D cellinfo: 46 bytes from 44.241.174.93: icmp_seq=1908 ttl=44 time=130 ms
08-10 22:31:25.468 32511 32565 D cellinfo: 46 bytes from 44.241.174.93: icmp_seq=1909 ttl=44 time=201 ms
08-10 22:31:25.526 32511 32565 D cellinfo: 46 bytes from 44.241.174.93: icmp_seq=1910 ttl=44 time=57.1 ms
08-10 22:31:25.593 32511 32511 D cellinfo: Latitude is 40.6181599
08-10 22:31:25.593 32511 32511 D cellinfo: Longitude is -105.0800351
08-10 22:31:25.593 32511 32511 D cellinfo: Instantaneous GPS information: United States, 229 US-287, Fort Collins, CO 80524, USA
08-10 22:31:25.593 32511 32511 D cellinfo: getCurrentLocation() result: Location (success): 40.6181599, -105.0800351
08-10 22:31:25.595 32511 32511 D cellinfo: onCellInfoChanged: Operator: T-Mobile UpdateTimestamp: 16005764 CellConnectionStatus: 0
08-10 22:31:25.595 32511 32511 D cellinfo: onCellInfoChanged: LTE Cell Bands: [2] Bandwidth: 15000 Cell ID: 5750539 Physical Cell ID: 468 Tracking Area Code: 41465 EARFCN: 875
08-10 22:31:25.749 32511 32565 D cellinfo: 46 bytes from 44.241.174.93: icmp_seq=1911 ttl=44 time=79.3 ms
08-10 22:31:25.814 32511 32511 D cellinfo: onsignalStrengthsChanged: LTE Signal Strength info: rsrp: -106 rsrq: -15 rssi: -71 rssnr: 5
08-10 22:31:25.814 32511 32511 D cellinfo: onsignalStrengthsChanged: 5G-NR Signal Strength info: ssrsrp: -104 ssrsrq: -11 sssinr: 2147483647
08-10 22:31:25.946 32511 32565 D cellinfo: 46 bytes from 44.241.174.93: icmp_seq=1912 ttl=44 time=75.7 ms
08-10 22:31:26.186 32511 32565 D cellinfo: 46 bytes from 44.241.174.93: icmp_seq=1913 ttl=44 time=114 ms
08-10 22:31:26.346 32511 32565 D cellinfo: 46 bytes from 44.241.174.93: icmp_seq=1914 ttl=44 time=74.2 ms
08-10 22:31:26.372 32511 32511 D cellinfo: onsignalStrengthsChanged: LTE Signal Strength info: rsrp: -104 rsrq: -16 rssi: -67 rssnr: 7
08-10 22:31:26.372 32511 32511 D cellinfo: onsignalStrengthsChanged: 5G-NR Signal Strength info: ssrsrp: -104 ssrsrq: -11 sssinr: 2147483647
08-10 22:31:26.546 32511 32565 D cellinfo: 46 bytes from 44.241.174.93: icmp_seq=1915 ttl=44 time=73.2 ms
08-10 22:31:26.746 32511 32565 D cellinfo: 46 bytes from 44.241.174.93: icmp_seq=1916 ttl=44 time=72.1 ms
08-10 22:31:26.946 32511 32565 D cellinfo: 46 bytes from 44.241.174.93: icmp_seq=1917 ttl=44 time=71.5 ms
08-10 22:31:27.146 32511 32565 D cellinfo: 46 bytes from 44.241.174.93: icmp_seq=1918 ttl=44 time=70.4 ms
08-10 22:31:27.346 32511 32565 D cellinfo: 46 bytes from 44.241.174.93: icmp_seq=1919 ttl=44 time=69.1 ms
08-10 22:31:27.546 32511 32565 D cellinfo: 46 bytes from 44.241.174.93: icmp_seq=1920 ttl=44 time=68.4 ms
08-10 22:31:27.746 32511 32565 D cellinfo: 46 bytes from 44.241.174.93: icmp_seq=1921 ttl=44 time=67.4 ms
08-10 22:31:27.956 32511 32565 D cellinfo: 46 bytes from 44.241.174.93: icmp_seq=1922 ttl=44 time=76.1 ms
08-10 22:31:28.032 32511 32511 D cellinfo: Latitude is 40.618143
08-10 22:31:28.032 32511 32511 D cellinfo: Longitude is -105.0799614
08-10 22:31:28.032 32511 32511 D cellinfo: Instantaneous GPS information: United States, 229 US-287, Fort Collins, CO 80524, USA
08-10 22:31:28.032 32511 32511 D cellinfo: getCurrentLocation() result: Location (success): 40.618143, -105.0799614
08-10 22:31:28.034 32511 32511 D cellinfo: onCellInfoChanged: Operator: T-Mobile UpdateTimestamp: 16008749 CellConnectionStatus: 0
08-10 22:31:28.034 32511 32511 D cellinfo: onCellInfoChanged: LTE Cell Bands: [2] Bandwidth: 15000 Cell ID: 5750539 Physical Cell ID: 468 Tracking Area Code: 41465 EARFCN: 875
08-10 22:31:28.186 32511 32565 D cellinfo: 46 bytes from 44.241.174.93: icmp_seq=1923 ttl=44 time=105 ms
08-10 22:31:28.386 32511 32565 D cellinfo: 46 bytes from 44.241.174.93: icmp_seq=1924 ttl=44 time=104 ms
08-10 22:31:28.586 32511 32565 D cellinfo: 46 bytes from 44.241.174.93: icmp_seq=1925 ttl=44 time=104 ms
08-10 22:31:28.746 32511 32565 D cellinfo: 46 bytes from 44.241.174.93: icmp_seq=1926 ttl=44 time=63.1 ms
08-10 22:31:28.816 32511 32511 D cellinfo: onsignalStrengthsChanged: LTE Signal Strength info: rsrp: -104 rsrq: -16 rssi: -67 rssnr: 7
08-10 22:31:28.816 32511 32511 D cellinfo: onsignalStrengthsChanged: 5G-NR Signal Strength info: ssrsrp: -101 ssrsrq: -11 sssinr: 2147483647
08-10 22:31:28.986 32511 32565 D cellinfo: 46 bytes from 44.241.174.93: icmp_seq=1927 ttl=44 time=102 ms
08-10 22:31:29.186 32511 32565 D cellinfo: 46 bytes from 44.241.174.93: icmp_seq=1928 ttl=44 time=101 ms
08-10 22:31:29.386 32511 32565 D cellinfo: 46 bytes from 44.241.174.93: icmp_seq=1929 ttl=44 time=100 ms
08-10 22:31:29.586 32511 32565 D cellinfo: 46 bytes from 44.241.174.93: icmp_seq=1930 ttl=44 time=100 ms
08-10 22:31:29.746 32511 32511 D cellinfo: onsignalStrengthsChanged: LTE Signal Strength info: rsrp: -103 rsrq: -16 rssi: -65 rssnr: 6
08-10 22:31:29.747 32511 32511 D cellinfo: onsignalStrengthsChanged: 5G-NR Signal Strength info: ssrsrp: -101 ssrsrq: -11 sssinr: 2147483647
08-10 22:31:29.786 32511 32565 D cellinfo: 46 bytes from 44.241.174.93: icmp_seq=1931 ttl=44 time=99.6 ms
08-10 22:31:29.986 32511 32565 D cellinfo: 46 bytes from 44.241.174.93: icmp_seq=1932 ttl=44 time=98.9 ms
08-10 22:31:30.186 32511 32565 D cellinfo: 46 bytes from 44.241.174.93: icmp_seq=1933 ttl=44 time=97.9 ms
08-10 22:31:30.386 32511 32565 D cellinfo: 46 bytes from 44.241.174.93: icmp_seq=1934 ttl=44 time=98.0 ms
08-10 22:31:30.586 32511 32565 D cellinfo: 46 bytes from 44.241.174.93: icmp_seq=1935 ttl=44 time=96.8 ms
08-10 22:31:30.786 32511 32565 D cellinfo: 46 bytes from 44.241.174.93: icmp_seq=1936 ttl=44 time=96.2 ms
08-10 22:31:30.946 32511 32565 D cellinfo: 46 bytes from 44.241.174.93: icmp_seq=1937 ttl=44 time=55.0 ms
08-10 22:31:31.003 32511 32511 D cellinfo: Latitude is 40.6174019
08-10 22:31:31.003 32511 32511 D cellinfo: Longitude is -105.0783993
08-10 22:31:31.003 32511 32511 D cellinfo: Instantaneous GPS information: United States, 124 N U.S. Hwy 287, Fort Collins, CO 80524, USA
08-10 22:31:31.003 32511 32511 D cellinfo: getCurrentLocation() result: Location (success): 40.6174019, -105.0783993
08-10 22:31:31.005 32511 32511 D cellinfo: onCellInfoChanged: Operator: T-Mobile UpdateTimestamp: 16011752 CellConnectionStatus: 0
08-10 22:31:31.005 32511 32511 D cellinfo: onCellInfoChanged: LTE Cell Bands: [2] Bandwidth: 15000 Cell ID: 5750539 Physical Cell ID: 468 Tracking Area Code: 41465 EARFCN: 875
08-10 22:31:31.186 32511 32565 D cellinfo: 46 bytes from 44.241.174.93: icmp_seq=1938 ttl=44 time=94.2 ms
08-10 22:31:31.386 32511 32565 D cellinfo: 46 bytes from 44.241.174.93: icmp_seq=1939 ttl=44 time=93.2 ms
08-10 22:31:31.586 32511 32565 D cellinfo: 46 bytes from 44.241.174.93: icmp_seq=1940 ttl=44 time=92.1 ms
08-10 22:31:31.786 32511 32565 D cellinfo: 46 bytes from 44.241.174.93: icmp_seq=1941 ttl=44 time=91.3 ms
08-10 22:31:31.815 32511 32511 D cellinfo: onsignalStrengthsChanged: LTE Signal Strength info: rsrp: -103 rsrq: -16 rssi: -65 rssnr: 6
08-10 22:31:31.815 32511 32511 D cellinfo: onsignalStrengthsChanged: 5G-NR Signal Strength info: ssrsrp: -95 ssrsrq: -11 sssinr: 2147483647
08-10 22:31:31.986 32511 32565 D cellinfo: 46 bytes from 44.241.174.93: icmp_seq=1942 ttl=44 time=89.9 ms
08-10 22:31:32.186 32511 32565 D cellinfo: 46 bytes from 44.241.174.93: icmp_seq=1943 ttl=44 time=90.2 ms
08-10 22:31:32.386 32511 32565 D cellinfo: 46 bytes from 44.241.174.93: icmp_seq=1944 ttl=44 time=88.7 ms
08-10 22:31:32.586 32511 32565 D cellinfo: 46 bytes from 44.241.174.93: icmp_seq=1945 ttl=44 time=88.2 ms
08-10 22:31:32.747 32511 32511 D cellinfo: onsignalStrengthsChanged: LTE Signal Strength info: rsrp: -97 rsrq: -14 rssi: -65 rssnr: 11
08-10 22:31:32.747 32511 32511 D cellinfo: onsignalStrengthsChanged: 5G-NR Signal Strength info: ssrsrp: -95 ssrsrq: -11 sssinr: 2147483647
08-10 22:31:32.786 32511 32565 D cellinfo: 46 bytes from 44.241.174.93: icmp_seq=1946 ttl=44 time=87.2 ms
08-10 22:31:32.986 32511 32565 D cellinfo: 46 bytes from 44.241.174.93: icmp_seq=1947 ttl=44 time=86.2 ms
08-10 22:31:33.186 32511 32565 D cellinfo: 46 bytes from 44.241.174.93: icmp_seq=1948 ttl=44 time=85.2 ms
08-10 22:31:33.386 32511 32565 D cellinfo: 46 bytes from 44.241.174.93: icmp_seq=1949 ttl=44 time=84.4 ms
08-10 22:31:33.586 32511 32565 D cellinfo: 46 bytes from 44.241.174.93: icmp_seq=1950 ttl=44 time=83.5 ms
08-10 22:31:33.787 32511 32565 D cellinfo: 46 bytes from 44.241.174.93: icmp_seq=1951 ttl=44 time=82.7 ms
08-10 22:31:33.987 32511 32565 D cellinfo: 46 bytes from 44.241.174.93: icmp_seq=1952 ttl=44 time=82.2 ms
08-10 22:31:33.997 32511 32511 D cellinfo: Latitude is 40.6166669
08-10 22:31:33.997 32511 32511 D cellinfo: Longitude is -105.077993
08-10 22:31:33.997 32511 32511 D cellinfo: Instantaneous GPS information: United States, 120 N U.S. Hwy 287, Fort Collins, CO 80524, USA
08-10 22:31:33.998 32511 32511 D cellinfo: getCurrentLocation() result: Location (success): 40.6166669, -105.077993
08-10 22:31:34.000 32511 32511 D cellinfo: onCellInfoChanged: Operator: T-Mobile UpdateTimestamp: 16014753 CellConnectionStatus: 0
08-10 22:31:34.000 32511 32511 D cellinfo: onCellInfoChanged: LTE Cell Bands: [2] Bandwidth: 15000 Cell ID: 5750539 Physical Cell ID: 468 Tracking Area Code: 41465 EARFCN: 875
08-10 22:31:34.186 32511 32565 D cellinfo: 46 bytes from 44.241.174.93: icmp_seq=1953 ttl=44 time=80.8 ms
08-10 22:31:34.388 32511 32565 D cellinfo: 46 bytes from 44.241.174.93: icmp_seq=1954 ttl=44 time=82.6 ms
08-10 22:31:34.586 32511 32565 D cellinfo: 46 bytes from 44.241.174.93: icmp_seq=1955 ttl=44 time=80.0 ms
08-10 22:31:34.786 32511 32565 D cellinfo: 46 bytes from 44.241.174.93: icmp_seq=1956 ttl=44 time=79.5 ms
08-10 22:31:34.815 32511 32511 D cellinfo: onsignalStrengthsChanged: LTE Signal Strength info: rsrp: -97 rsrq: -14 rssi: -65 rssnr: 11
08-10 22:31:34.815 32511 32511 D cellinfo: onsignalStrengthsChanged: 5G-NR Signal Strength info: ssrsrp: -93 ssrsrq: -11 sssinr: 2147483647
08-10 22:31:34.986 32511 32565 D cellinfo: 46 bytes from 44.241.174.93: icmp_seq=1957 ttl=44 time=78.6 ms
08-10 22:31:35.187 32511 32565 D cellinfo: 46 bytes from 44.241.174.93: icmp_seq=1958 ttl=44 time=78.9 ms
08-10 22:31:35.333 32511 32511 D cellinfo: onsignalStrengthsChanged: LTE Signal Strength info: rsrp: -99 rsrq: -15 rssi: -61 rssnr: 9
08-10 22:31:35.333 32511 32511 D cellinfo: onsignalStrengthsChanged: 5G-NR Signal Strength info: ssrsrp: -93 ssrsrq: -11 sssinr: 2147483647
08-10 22:31:35.387 32511 32565 D cellinfo: 46 bytes from 44.241.174.93: icmp_seq=1959 ttl=44 time=78.3 ms
08-10 22:31:35.586 32511 32565 D cellinfo: 46 bytes from 44.241.174.93: icmp_seq=1960 ttl=44 time=76.4 ms
08-10 22:31:35.787 32511 32565 D cellinfo: 46 bytes from 44.241.174.93: icmp_seq=1961 ttl=44 time=76.4 ms
08-10 22:31:35.986 32511 32565 D cellinfo: 46 bytes from 44.241.174.93: icmp_seq=1962 ttl=44 time=74.0 ms
08-10 22:31:36.187 32511 32565 D cellinfo: 46 bytes from 44.241.174.93: icmp_seq=1963 ttl=44 time=74.6 ms
08-10 22:31:36.386 32511 32565 D cellinfo: 46 bytes from 44.241.174.93: icmp_seq=1964 ttl=44 time=72.1 ms
08-10 22:31:36.586 32511 32565 D cellinfo: 46 bytes from 44.241.174.93: icmp_seq=1965 ttl=44 time=71.2 ms
08-10 22:31:36.786 32511 32565 D cellinfo: 46 bytes from 44.241.174.93: icmp_seq=1966 ttl=44 time=70.8 ms
08-10 22:31:36.988 32511 32565 D cellinfo: 46 bytes from 44.241.174.93: icmp_seq=1967 ttl=44 time=71.2 ms
08-10 22:31:37.012 32511 32511 D cellinfo: Latitude is 40.6164792
08-10 22:31:37.012 32511 32511 D cellinfo: Longitude is -105.0780962
08-10 22:31:37.012 32511 32511 D cellinfo: Instantaneous GPS information: United States, 120 N U.S. Hwy 287, Fort Collins, CO 80524, USA
08-10 22:31:37.012 32511 32511 D cellinfo: getCurrentLocation() result: Location (success): 40.6164792, -105.0780962
08-10 22:31:37.014 32511 32511 D cellinfo: onCellInfoChanged: Operator: T-Mobile UpdateTimestamp: 16017758 CellConnectionStatus: 0
08-10 22:31:37.014 32511 32511 D cellinfo: onCellInfoChanged: LTE Cell Bands: [2] Bandwidth: 15000 Cell ID: 5750539 Physical Cell ID: 468 Tracking Area Code: 41465 EARFCN: 875
08-10 22:31:37.186 32511 32565 D cellinfo: 46 bytes from 44.241.174.93: icmp_seq=1968 ttl=44 time=68.8 ms
08-10 22:31:37.386 32511 32565 D cellinfo: 46 bytes from 44.241.174.93: icmp_seq=1969 ttl=44 time=68.3 ms
08-10 22:31:37.626 32511 32565 D cellinfo: 46 bytes from 44.241.174.93: icmp_seq=1970 ttl=44 time=107 ms
08-10 22:31:37.786 32511 32565 D cellinfo: 46 bytes from 44.241.174.93: icmp_seq=1971 ttl=44 time=66.2 ms
08-10 22:31:37.815 32511 32511 D cellinfo: onsignalStrengthsChanged: LTE Signal Strength info: rsrp: -99 rsrq: -15 rssi: -61 rssnr: 9
08-10 22:31:37.815 32511 32511 D cellinfo: onsignalStrengthsChanged: 5G-NR Signal Strength info: ssrsrp: -96 ssrsrq: -11 sssinr: 2147483647
08-10 22:31:38.026 32511 32565 D cellinfo: 46 bytes from 44.241.174.93: icmp_seq=1972 ttl=44 time=105 ms
08-10 22:31:38.186 32511 32565 D cellinfo: 46 bytes from 44.241.174.93: icmp_seq=1973 ttl=44 time=64.6 ms
08-10 22:31:38.427 32511 32565 D cellinfo: 46 bytes from 44.241.174.93: icmp_seq=1974 ttl=44 time=105 ms
08-10 22:31:38.586 32511 32565 D cellinfo: 46 bytes from 44.241.174.93: icmp_seq=1975 ttl=44 time=63.0 ms
08-10 22:31:38.746 32511 32511 D cellinfo: onsignalStrengthsChanged: LTE Signal Strength info: rsrp: -97 rsrq: -16 rssi: -59 rssnr: 13
08-10 22:31:38.746 32511 32511 D cellinfo: onsignalStrengthsChanged: 5G-NR Signal Strength info: ssrsrp: -96 ssrsrq: -11 sssinr: 2147483647
08-10 22:31:38.826 32511 32565 D cellinfo: 46 bytes from 44.241.174.93: icmp_seq=1976 ttl=44 time=102 ms
08-10 22:31:39.027 32511 32565 D cellinfo: 46 bytes from 44.241.174.93: icmp_seq=1977 ttl=44 time=102 ms
08-10 22:31:39.226 32511 32565 D cellinfo: 46 bytes from 44.241.174.93: icmp_seq=1978 ttl=44 time=101 ms
08-10 22:31:39.426 32511 32565 D cellinfo: 46 bytes from 44.241.174.93: icmp_seq=1979 ttl=44 time=100 ms
08-10 22:31:39.626 32511 32565 D cellinfo: 46 bytes from 44.241.174.93: icmp_seq=1980 ttl=44 time=100 ms
08-10 22:31:39.802 32511 32565 D cellinfo: 46 bytes from 44.241.174.93: icmp_seq=1981 ttl=44 time=75.1 ms
08-10 22:31:39.987 32511 32565 D cellinfo: 46 bytes from 44.241.174.93: icmp_seq=1982 ttl=44 time=58.6 ms
08-10 22:31:40.041 32511 32511 D cellinfo: Latitude is 40.6163462
08-10 22:31:40.042 32511 32511 D cellinfo: Longitude is -105.0782495
08-10 22:31:40.042 32511 32511 D cellinfo: Instantaneous GPS information: United States, 205 US-287, Fort Collins, CO 80524, USA
08-10 22:31:40.042 32511 32511 D cellinfo: getCurrentLocation() result: Location (success): 40.6163462, -105.0782495
08-10 22:31:40.044 32511 32511 D cellinfo: onCellInfoChanged: Operator: T-Mobile UpdateTimestamp: 16020771 CellConnectionStatus: 0
08-10 22:31:40.045 32511 32511 D cellinfo: onCellInfoChanged: LTE Cell Bands: [2] Bandwidth: 15000 Cell ID: 5750539 Physical Cell ID: 468 Tracking Area Code: 41465 EARFCN: 875
08-10 22:31:40.226 32511 32565 D cellinfo: 46 bytes from 44.241.174.93: icmp_seq=1983 ttl=44 time=97.8 ms
08-10 22:31:40.426 32511 32565 D cellinfo: 46 bytes from 44.241.174.93: icmp_seq=1984 ttl=44 time=97.3 ms
08-10 22:31:40.626 32511 32565 D cellinfo: 46 bytes from 44.241.174.93: icmp_seq=1985 ttl=44 time=96.5 ms
08-10 22:31:40.814 32511 32511 D cellinfo: onsignalStrengthsChanged: LTE Signal Strength info: rsrp: -97 rsrq: -16 rssi: -59 rssnr: 13
08-10 22:31:40.814 32511 32511 D cellinfo: onsignalStrengthsChanged: 5G-NR Signal Strength info: ssrsrp: -92 ssrsrq: -11 sssinr: 2147483647
08-10 22:31:40.826 32511 32565 D cellinfo: 46 bytes from 44.241.174.93: icmp_seq=1986 ttl=44 time=95.0 ms
08-10 22:31:41.026 32511 32565 D cellinfo: 46 bytes from 44.241.174.93: icmp_seq=1987 ttl=44 time=94.1 ms
08-10 22:31:41.226 32511 32565 D cellinfo: 46 bytes from 44.241.174.93: icmp_seq=1988 ttl=44 time=94.2 ms
08-10 22:31:41.426 32511 32565 D cellinfo: 46 bytes from 44.241.174.93: icmp_seq=1989 ttl=44 time=93.4 ms
08-10 22:31:41.626 32511 32565 D cellinfo: 46 bytes from 44.241.174.93: icmp_seq=1990 ttl=44 time=92.1 ms
08-10 22:31:41.747 32511 32511 D cellinfo: onsignalStrengthsChanged: LTE Signal Strength info: rsrp: -93 rsrq: -14 rssi: -59 rssnr: 18
08-10 22:31:41.747 32511 32511 D cellinfo: onsignalStrengthsChanged: 5G-NR Signal Strength info: ssrsrp: -92 ssrsrq: -11 sssinr: 2147483647
08-10 22:31:41.826 32511 32565 D cellinfo: 46 bytes from 44.241.174.93: icmp_seq=1991 ttl=44 time=91.4 ms
08-10 22:31:42.026 32511 32565 D cellinfo: 46 bytes from 44.241.174.93: icmp_seq=1992 ttl=44 time=90.4 ms
08-10 22:31:42.226 32511 32565 D cellinfo: 46 bytes from 44.241.174.93: icmp_seq=1993 ttl=44 time=90.6 ms
08-10 22:31:42.427 32511 32565 D cellinfo: 46 bytes from 44.241.174.93: icmp_seq=1994 ttl=44 time=90.9 ms
08-10 22:31:42.626 32511 32565 D cellinfo: 46 bytes from 44.241.174.93: icmp_seq=1995 ttl=44 time=89.5 ms
08-10 22:31:42.803 32511 32565 D cellinfo: 46 bytes from 44.241.174.93: icmp_seq=1996 ttl=44 time=65.4 ms
08-10 22:31:43.027 32511 32565 D cellinfo: 46 bytes from 44.241.174.93: icmp_seq=1997 ttl=44 time=88.3 ms
08-10 22:31:43.035 32511 32511 D cellinfo: Latitude is 40.6160523
08-10 22:31:43.035 32511 32511 D cellinfo: Longitude is -105.0781745
08-10 22:31:43.035 32511 32511 D cellinfo: Instantaneous GPS information: United States, 2025 N College Ave, Severance, CO 80524, USA
08-10 22:31:43.035 32511 32511 D cellinfo: getCurrentLocation() result: Location (success): 40.6160523, -105.0781745
08-10 22:31:43.038 32511 32511 D cellinfo: onCellInfoChanged: Operator: T-Mobile UpdateTimestamp: 16023773 CellConnectionStatus: 0
08-10 22:31:43.038 32511 32511 D cellinfo: onCellInfoChanged: LTE Cell Bands: [2] Bandwidth: 15000 Cell ID: 5750539 Physical Cell ID: 468 Tracking Area Code: 41465 EARFCN: 875
08-10 22:31:43.226 32511 32565 D cellinfo: 46 bytes from 44.241.174.93: icmp_seq=1998 ttl=44 time=87.9 ms
08-10 22:31:43.427 32511 32565 D cellinfo: 46 bytes from 44.241.174.93: icmp_seq=1999 ttl=44 time=87.3 ms
08-10 22:31:43.626 32511 32565 D cellinfo: 46 bytes from 44.241.174.93: icmp_seq=2000 ttl=44 time=86.5 ms
08-10 22:31:43.814 32511 32511 D cellinfo: onsignalStrengthsChanged: LTE Signal Strength info: rsrp: -93 rsrq: -14 rssi: -59 rssnr: 18
08-10 22:31:43.814 32511 32511 D cellinfo: onsignalStrengthsChanged: 5G-NR Signal Strength info: ssrsrp: -90 ssrsrq: -11 sssinr: 2147483647
08-10 22:31:43.826 32511 32565 D cellinfo: 46 bytes from 44.241.174.93: icmp_seq=2001 ttl=44 time=85.2 ms
08-10 22:31:44.026 32511 32565 D cellinfo: 46 bytes from 44.241.174.93: icmp_seq=2002 ttl=44 time=84.3 ms
08-10 22:31:44.226 32511 32565 D cellinfo: 46 bytes from 44.241.174.93: icmp_seq=2003 ttl=44 time=84.6 ms
08-10 22:31:44.290 32511 32511 D cellinfo: onsignalStrengthsChanged: LTE Signal Strength info: rsrp: -95 rsrq: -14 rssi: -67 rssnr: 15
08-10 22:31:44.290 32511 32511 D cellinfo: onsignalStrengthsChanged: 5G-NR Signal Strength info: ssrsrp: -90 ssrsrq: -11 sssinr: 2147483647
08-10 22:31:44.426 32511 32565 D cellinfo: 46 bytes from 44.241.174.93: icmp_seq=2004 ttl=44 time=84.1 ms
08-10 22:31:44.626 32511 32565 D cellinfo: 46 bytes from 44.241.174.93: icmp_seq=2005 ttl=44 time=83.7 ms
08-10 22:31:44.826 32511 32565 D cellinfo: 46 bytes from 44.241.174.93: icmp_seq=2006 ttl=44 time=83.1 ms
08-10 22:31:45.026 32511 32565 D cellinfo: 46 bytes from 44.241.174.93: icmp_seq=2007 ttl=44 time=82.1 ms
08-10 22:31:45.226 32511 32565 D cellinfo: 46 bytes from 44.241.174.93: icmp_seq=2008 ttl=44 time=82.5 ms
08-10 22:31:45.426 32511 32565 D cellinfo: 46 bytes from 44.241.174.93: icmp_seq=2009 ttl=44 time=81.5 ms
08-10 22:31:45.626 32511 32565 D cellinfo: 46 bytes from 44.241.174.93: icmp_seq=2010 ttl=44 time=81.3 ms
08-10 22:31:45.804 32511 32565 D cellinfo: 46 bytes from 44.241.174.93: icmp_seq=2011 ttl=44 time=57.4 ms
08-10 22:31:46.027 32511 32565 D cellinfo: 46 bytes from 44.241.174.93: icmp_seq=2012 ttl=44 time=79.6 ms
08-10 22:31:46.043 32511 32511 D cellinfo: Latitude is 40.6157834
08-10 22:31:46.043 32511 32511 D cellinfo: Longitude is -105.0775427
08-10 22:31:46.043 32511 32511 D cellinfo: Instantaneous GPS information: United States, 2025 N College Ave, Severance, CO 80524, USA
08-10 22:31:46.043 32511 32511 D cellinfo: getCurrentLocation() result: Location (success): 40.6157834, -105.0775427
08-10 22:31:46.045 32511 32511 D cellinfo: onCellInfoChanged: Operator: T-Mobile UpdateTimestamp: 16026761 CellConnectionStatus: 0
08-10 22:31:46.045 32511 32511 D cellinfo: onCellInfoChanged: LTE Cell Bands: [2] Bandwidth: 15000 Cell ID: 5750539 Physical Cell ID: 468 Tracking Area Code: 41465 EARFCN: 875
08-10 22:31:46.226 32511 32565 D cellinfo: 46 bytes from 44.241.174.93: icmp_seq=2013 ttl=44 time=79.0 ms
08-10 22:31:46.426 32511 32565 D cellinfo: 46 bytes from 44.241.174.93: icmp_seq=2014 ttl=44 time=78.4 ms
08-10 22:31:46.627 32511 32565 D cellinfo: 46 bytes from 44.241.174.93: icmp_seq=2015 ttl=44 time=77.4 ms
08-10 22:31:46.815 32511 32511 D cellinfo: onsignalStrengthsChanged: LTE Signal Strength info: rsrp: -95 rsrq: -14 rssi: -67 rssnr: 15
08-10 22:31:46.815 32511 32511 D cellinfo: onsignalStrengthsChanged: 5G-NR Signal Strength info: ssrsrp: -91 ssrsrq: -11 sssinr: 2147483647
08-10 22:31:46.826 32511 32565 D cellinfo: 46 bytes from 44.241.174.93: icmp_seq=2016 ttl=44 time=76.3 ms
08-10 22:31:47.026 32511 32565 D cellinfo: 46 bytes from 44.241.174.93: icmp_seq=2017 ttl=44 time=75.6 ms
08-10 22:31:47.226 32511 32565 D cellinfo: 46 bytes from 44.241.174.93: icmp_seq=2018 ttl=44 time=76.4 ms
08-10 22:31:47.426 32511 32565 D cellinfo: 46 bytes from 44.241.174.93: icmp_seq=2019 ttl=44 time=74.9 ms
08-10 22:31:47.626 32511 32565 D cellinfo: 46 bytes from 44.241.174.93: icmp_seq=2020 ttl=44 time=74.7 ms
08-10 22:31:47.750 32511 32511 D cellinfo: onsignalStrengthsChanged: LTE Signal Strength info: rsrp: -97 rsrq: -16 rssi: -61 rssnr: 15
08-10 22:31:47.750 32511 32511 D cellinfo: onsignalStrengthsChanged: 5G-NR Signal Strength info: ssrsrp: -91 ssrsrq: -11 sssinr: 2147483647
08-10 22:31:47.826 32511 32565 D cellinfo: 46 bytes from 44.241.174.93: icmp_seq=2021 ttl=44 time=73.9 ms
08-10 22:31:48.026 32511 32565 D cellinfo: 46 bytes from 44.241.174.93: icmp_seq=2022 ttl=44 time=73.3 ms
08-10 22:31:48.226 32511 32565 D cellinfo: 46 bytes from 44.241.174.93: icmp_seq=2023 ttl=44 time=73.3 ms
08-10 22:31:48.426 32511 32565 D cellinfo: 46 bytes from 44.241.174.93: icmp_seq=2024 ttl=44 time=71.9 ms
08-10 22:31:48.626 32511 32565 D cellinfo: 46 bytes from 44.241.174.93: icmp_seq=2025 ttl=44 time=71.6 ms
08-10 22:31:48.809 32511 32565 D cellinfo: 46 bytes from 44.241.174.93: icmp_seq=2026 ttl=44 time=53.7 ms
08-10 22:31:49.005 32511 32565 D cellinfo: 46 bytes from 44.241.174.93: icmp_seq=2027 ttl=44 time=49.3 ms
08-10 22:31:49.008 32511 32511 D cellinfo: Latitude is 40.6149976
08-10 22:31:49.008 32511 32511 D cellinfo: Longitude is -105.0771149
08-10 22:31:49.008 32511 32511 D cellinfo: Instantaneous GPS information: United States, 2019 N College Ave, Fort Collins, CO 80524, USA
08-10 22:31:49.008 32511 32511 D cellinfo: getCurrentLocation() result: Location (success): 40.6149976, -105.0771149
08-10 22:31:49.010 32511 32511 D cellinfo: onCellInfoChanged: Operator: T-Mobile UpdateTimestamp: 16029762 CellConnectionStatus: 0
08-10 22:31:49.010 32511 32511 D cellinfo: onCellInfoChanged: LTE Cell Bands: [2] Bandwidth: 15000 Cell ID: 5750539 Physical Cell ID: 468 Tracking Area Code: 41465 EARFCN: 875
08-10 22:31:49.226 32511 32565 D cellinfo: 46 bytes from 44.241.174.93: icmp_seq=2028 ttl=44 time=70.6 ms
08-10 22:31:49.426 32511 32565 D cellinfo: 46 bytes from 44.241.174.93: icmp_seq=2029 ttl=44 time=70.0 ms
08-10 22:31:49.626 32511 32565 D cellinfo: 46 bytes from 44.241.174.93: icmp_seq=2030 ttl=44 time=69.3 ms
08-10 22:31:49.816 32511 32511 D cellinfo: onsignalStrengthsChanged: LTE Signal Strength info: rsrp: -97 rsrq: -16 rssi: -61 rssnr: 15
08-10 22:31:49.816 32511 32511 D cellinfo: onsignalStrengthsChanged: 5G-NR Signal Strength info: ssrsrp: -93 ssrsrq: -11 sssinr: 2147483647
08-10 22:31:49.826 32511 32565 D cellinfo: 46 bytes from 44.241.174.93: icmp_seq=2031 ttl=44 time=68.1 ms
08-10 22:31:50.066 32511 32565 D cellinfo: 46 bytes from 44.241.174.93: icmp_seq=2032 ttl=44 time=107 ms
08-10 22:31:50.226 32511 32565 D cellinfo: 46 bytes from 44.241.174.93: icmp_seq=2033 ttl=44 time=67.7 ms
08-10 22:31:50.466 32511 32565 D cellinfo: 46 bytes from 44.241.174.93: icmp_seq=2034 ttl=44 time=107 ms
08-10 22:31:50.666 32511 32565 D cellinfo: 46 bytes from 44.241.174.93: icmp_seq=2035 ttl=44 time=106 ms
08-10 22:31:50.745 32511 32511 D cellinfo: onsignalStrengthsChanged: LTE Signal Strength info: rsrp: -96 rsrq: -15 rssi: -61 rssnr: 14
08-10 22:31:50.745 32511 32511 D cellinfo: onsignalStrengthsChanged: 5G-NR Signal Strength info: ssrsrp: -93 ssrsrq: -11 sssinr: 2147483647
08-10 22:31:50.826 32511 32565 D cellinfo: 46 bytes from 44.241.174.93: icmp_seq=2036 ttl=44 time=65.4 ms
08-10 22:31:51.066 32511 32565 D cellinfo: 46 bytes from 44.241.174.93: icmp_seq=2037 ttl=44 time=104 ms
08-10 22:31:51.226 32511 32565 D cellinfo: 46 bytes from 44.241.174.93: icmp_seq=2038 ttl=44 time=65.2 ms
08-10 22:31:51.466 32511 32565 D cellinfo: 46 bytes from 44.241.174.93: icmp_seq=2039 ttl=44 time=104 ms
08-10 22:31:51.626 32511 32565 D cellinfo: 46 bytes from 44.241.174.93: icmp_seq=2040 ttl=44 time=63.0 ms
08-10 22:31:51.826 32511 32565 D cellinfo: 46 bytes from 44.241.174.93: icmp_seq=2041 ttl=44 time=62.7 ms
08-10 22:31:52.067 32511 32565 D cellinfo: 46 bytes from 44.241.174.93: icmp_seq=2042 ttl=44 time=102 ms
08-10 22:31:52.075 32511 32511 D cellinfo: Latitude is 40.6142414
08-10 22:31:52.075 32511 32511 D cellinfo: Longitude is -105.0770219
08-10 22:31:52.075 32511 32511 D cellinfo: Instantaneous GPS information: United States, 2003 N College Ave, Fort Collins, CO 80524, USA
08-10 22:31:52.075 32511 32511 D cellinfo: getCurrentLocation() result: Location (success): 40.6142414, -105.0770219
08-10 22:31:52.077 32511 32511 D cellinfo: onCellInfoChanged: Operator: T-Mobile UpdateTimestamp: 16032780 CellConnectionStatus: 0
08-10 22:31:52.077 32511 32511 D cellinfo: onCellInfoChanged: LTE Cell Bands: [2] Bandwidth: 15000 Cell ID: 5750539 Physical Cell ID: 468 Tracking Area Code: 41465 EARFCN: 875
08-10 22:31:52.266 32511 32565 D cellinfo: 46 bytes from 44.241.174.93: icmp_seq=2043 ttl=44 time=102 ms
08-10 22:31:52.426 32511 32565 D cellinfo: 46 bytes from 44.241.174.93: icmp_seq=2044 ttl=44 time=61.4 ms
08-10 22:31:52.666 32511 32565 D cellinfo: 46 bytes from 44.241.174.93: icmp_seq=2045 ttl=44 time=100 ms
08-10 22:31:52.816 32511 32511 D cellinfo: onsignalStrengthsChanged: LTE Signal Strength info: rsrp: -96 rsrq: -15 rssi: -61 rssnr: 14
08-10 22:31:52.816 32511 32511 D cellinfo: onsignalStrengthsChanged: 5G-NR Signal Strength info: ssrsrp: -92 ssrsrq: -11 sssinr: 2147483647
08-10 22:31:52.866 32511 32565 D cellinfo: 46 bytes from 44.241.174.93: icmp_seq=2046 ttl=44 time=99.9 ms
08-10 22:31:53.066 32511 32565 D cellinfo: 46 bytes from 44.241.174.93: icmp_seq=2047 ttl=44 time=99.2 ms
08-10 22:31:53.252 32511 32511 D cellinfo: onsignalStrengthsChanged: LTE Signal Strength info: rsrp: -95 rsrq: -14 rssi: -65 rssnr: 14
08-10 22:31:53.252 32511 32511 D cellinfo: onsignalStrengthsChanged: 5G-NR Signal Strength info: ssrsrp: -92 ssrsrq: -11 sssinr: 2147483647
08-10 22:31:53.266 32511 32565 D cellinfo: 46 bytes from 44.241.174.93: icmp_seq=2048 ttl=44 time=99.5 ms
08-10 22:31:53.466 32511 32565 D cellinfo: 46 bytes from 44.241.174.93: icmp_seq=2049 ttl=44 time=98.0 ms
08-10 22:31:53.666 32511 32565 D cellinfo: 46 bytes from 44.241.174.93: icmp_seq=2050 ttl=44 time=97.4 ms
08-10 22:31:53.866 32511 32565 D cellinfo: 46 bytes from 44.241.174.93: icmp_seq=2051 ttl=44 time=96.3 ms
08-10 22:31:54.066 32511 32565 D cellinfo: 46 bytes from 44.241.174.93: icmp_seq=2052 ttl=44 time=95.4 ms
08-10 22:31:54.266 32511 32565 D cellinfo: 46 bytes from 44.241.174.93: icmp_seq=2053 ttl=44 time=95.5 ms
08-10 22:31:54.467 32511 32565 D cellinfo: 46 bytes from 44.241.174.93: icmp_seq=2054 ttl=44 time=94.9 ms
08-10 22:31:54.666 32511 32565 D cellinfo: 46 bytes from 44.241.174.93: icmp_seq=2055 ttl=44 time=93.3 ms
08-10 22:31:54.866 32511 32565 D cellinfo: 46 bytes from 44.241.174.93: icmp_seq=2056 ttl=44 time=92.2 ms
08-10 22:31:55.001 32511 32511 D cellinfo: Latitude is 40.6137706
08-10 22:31:55.002 32511 32511 D cellinfo: Longitude is -105.0763254
08-10 22:31:55.002 32511 32511 D cellinfo: Instantaneous GPS information: United States, 2020 N College Ave, Fort Collins, CO 80524, USA
08-10 22:31:55.002 32511 32511 D cellinfo: getCurrentLocation() result: Location (success): 40.6137706, -105.0763254
08-10 22:31:55.004 32511 32511 D cellinfo: onCellInfoChanged: Operator: T-Mobile UpdateTimestamp: 16035749 CellConnectionStatus: 0
08-10 22:31:55.004 32511 32511 D cellinfo: onCellInfoChanged: LTE Cell Bands: [2] Bandwidth: 15000 Cell ID: 5750539 Physical Cell ID: 468 Tracking Area Code: 41465 EARFCN: 875
08-10 22:31:55.048 32511 32565 D cellinfo: 46 bytes from 44.241.174.93: icmp_seq=2057 ttl=44 time=73.4 ms
08-10 22:31:55.266 32511 32565 D cellinfo: 46 bytes from 44.241.174.93: icmp_seq=2058 ttl=44 time=90.8 ms
08-10 22:31:55.466 32511 32565 D cellinfo: 46 bytes from 44.241.174.93: icmp_seq=2059 ttl=44 time=90.2 ms
08-10 22:31:55.666 32511 32565 D cellinfo: 46 bytes from 44.241.174.93: icmp_seq=2060 ttl=44 time=89.2 ms
08-10 22:31:55.815 32511 32511 D cellinfo: onsignalStrengthsChanged: LTE Signal Strength info: rsrp: -95 rsrq: -14 rssi: -65 rssnr: 14
08-10 22:31:55.815 32511 32511 D cellinfo: onsignalStrengthsChanged: 5G-NR Signal Strength info: ssrsrp: -91 ssrsrq: -11 sssinr: 2147483647
08-10 22:31:55.866 32511 32565 D cellinfo: 46 bytes from 44.241.174.93: icmp_seq=2061 ttl=44 time=88.5 ms
08-10 22:31:56.066 32511 32565 D cellinfo: 46 bytes from 44.241.174.93: icmp_seq=2062 ttl=44 time=88.0 ms
08-10 22:31:56.266 32511 32565 D cellinfo: 46 bytes from 44.241.174.93: icmp_seq=2063 ttl=44 time=88.5 ms
08-10 22:31:56.466 32511 32565 D cellinfo: 46 bytes from 44.241.174.93: icmp_seq=2064 ttl=44 time=87.0 ms
08-10 22:31:56.666 32511 32565 D cellinfo: 46 bytes from 44.241.174.93: icmp_seq=2065 ttl=44 time=86.1 ms
08-10 22:31:56.750 32511 32511 D cellinfo: onsignalStrengthsChanged: LTE Signal Strength info: rsrp: -93 rsrq: -16 rssi: -59 rssnr: 13
08-10 22:31:56.750 32511 32511 D cellinfo: onsignalStrengthsChanged: 5G-NR Signal Strength info: ssrsrp: -91 ssrsrq: -11 sssinr: 2147483647
08-10 22:31:56.866 32511 32565 D cellinfo: 46 bytes from 44.241.174.93: icmp_seq=2066 ttl=44 time=85.8 ms
08-10 22:31:57.066 32511 32565 D cellinfo: 46 bytes from 44.241.174.93: icmp_seq=2067 ttl=44 time=85.2 ms
08-10 22:31:57.266 32511 32565 D cellinfo: 46 bytes from 44.241.174.93: icmp_seq=2068 ttl=44 time=85.1 ms
08-10 22:31:57.466 32511 32565 D cellinfo: 46 bytes from 44.241.174.93: icmp_seq=2069 ttl=44 time=84.3 ms
08-10 22:31:57.666 32511 32565 D cellinfo: 46 bytes from 44.241.174.93: icmp_seq=2070 ttl=44 time=83.2 ms
08-10 22:31:57.866 32511 32565 D cellinfo: 46 bytes from 44.241.174.93: icmp_seq=2071 ttl=44 time=82.3 ms
08-10 22:31:58.106 32511 32565 D cellinfo: 46 bytes from 44.241.174.93: icmp_seq=2072 ttl=44 time=120 ms
08-10 22:31:58.235 32511 32511 D cellinfo: Latitude is 40.6134915
08-10 22:31:58.235 32511 32511 D cellinfo: Longitude is -105.076137
08-10 22:31:58.235 32511 32511 D cellinfo: Instantaneous GPS information: United States, 2020 N College Ave, Fort Collins, CO 80524, USA
08-10 22:31:58.235 32511 32511 D cellinfo: getCurrentLocation() result: Location (success): 40.6134915, -105.076137
08-10 22:31:58.237 32511 32511 D cellinfo: onCellInfoChanged: Operator: T-Mobile UpdateTimestamp: 16038760 CellConnectionStatus: 0
08-10 22:31:58.237 32511 32511 D cellinfo: onCellInfoChanged: LTE Cell Bands: [2] Bandwidth: 15000 Cell ID: 5750539 Physical Cell ID: 468 Tracking Area Code: 41465 EARFCN: 875
08-10 22:31:58.266 32511 32565 D cellinfo: 46 bytes from 44.241.174.93: icmp_seq=2073 ttl=44 time=78.8 ms
08-10 22:31:58.443 32511 32565 D cellinfo: 46 bytes from 44.241.174.93: icmp_seq=2074 ttl=44 time=55.1 ms
08-10 22:31:58.667 32511 32565 D cellinfo: 46 bytes from 44.241.174.93: icmp_seq=2075 ttl=44 time=78.3 ms
08-10 22:31:58.815 32511 32511 D cellinfo: onsignalStrengthsChanged: LTE Signal Strength info: rsrp: -93 rsrq: -16 rssi: -59 rssnr: 13
08-10 22:31:58.815 32511 32511 D cellinfo: onsignalStrengthsChanged: 5G-NR Signal Strength info: ssrsrp: -93 ssrsrq: -11 sssinr: 2147483647
08-10 22:31:58.867 32511 32565 D cellinfo: 46 bytes from 44.241.174.93: icmp_seq=2076 ttl=44 time=77.6 ms
08-10 22:31:59.066 32511 32565 D cellinfo: 46 bytes from 44.241.174.93: icmp_seq=2077 ttl=44 time=76.4 ms
