--------- beginning of main
08-10 23:31:05.084  5910  5910 D cellinfo: onCellInfoChanged: Operator: T-Mobile UpdateTimestamp: 19586121 CellConnectionStatus: 0
08-10 23:31:05.084  5910  5910 D cellinfo: onCellInfoChanged: LTE Cell Bands: [2] Bandwidth: 15000 Cell ID: 8843022 Physical Cell ID: 69 Tracking Area Code: 41224 EARFCN: 875
08-10 23:31:05.190  5910  5982 D cellinfo: 46 bytes from 44.241.174.93: icmp_seq=10017 ttl=30 time=41.3 ms
08-10 23:31:05.394  5910  5982 D cellinfo: 46 bytes from 44.241.174.93: icmp_seq=10018 ttl=30 time=44.7 ms
08-10 23:31:05.594  5910  5982 D cellinfo: 46 bytes from 44.241.174.93: icmp_seq=10019 ttl=30 time=43.6 ms
08-10 23:31:05.794  5910  5982 D cellinfo: 46 bytes from 44.241.174.93: icmp_seq=10020 ttl=30 time=42.4 ms
08-10 23:31:05.994  5910  5982 D cellinfo: 46 bytes from 44.241.174.93: icmp_seq=10021 ttl=30 time=41.4 ms
08-10 23:31:06.199  5910  5982 D cellinfo: 46 bytes from 44.241.174.93: icmp_seq=10022 ttl=30 time=45.8 ms
08-10 23:31:06.394  5910  5982 D cellinfo: 46 bytes from 44.241.174.93: icmp_seq=10023 ttl=30 time=40.4 ms
08-10 23:31:06.599  5910  5982 D cellinfo: 46 bytes from 44.241.174.93: icmp_seq=10024 ttl=30 time=44.3 ms
08-10 23:31:06.799  5910  5982 D cellinfo: 46 bytes from 44.241.174.93: icmp_seq=10025 ttl=30 time=42.5 ms
08-10 23:31:06.999  5910  5982 D cellinfo: 46 bytes from 44.241.174.93: icmp_seq=10026 ttl=30 time=41.4 ms
08-10 23:31:07.199  5910  5982 D cellinfo: 46 bytes from 44.241.174.93: icmp_seq=10027 ttl=30 time=40.1 ms
08-10 23:31:07.211  5910  5910 D cellinfo: onsignalStrengthsChanged: LTE Signal Strength info: rsrp: -103 rsrq: -20 rssi: -67 rssnr: -4
08-10 23:31:07.211  5910  5910 D cellinfo: onsignalStrengthsChanged: 5G-NR Signal Strength info: ssrsrp: -92 ssrsrq: -13 sssinr: 29
08-10 23:31:07.242  5910  5910 D cellinfo: onsignalStrengthsChanged: LTE Signal Strength info: rsrp: -103 rsrq: -20 rssi: -67 rssnr: -4
08-10 23:31:07.242  5910  5910 D cellinfo: onsignalStrengthsChanged: 5G-NR Signal Strength info: ssrsrp: -92 ssrsrq: -13 sssinr: 39
08-10 23:31:07.404  5910  5982 D cellinfo: 46 bytes from 44.241.174.93: icmp_seq=10028 ttl=30 time=44.4 ms
08-10 23:31:07.604  5910  5982 D cellinfo: 46 bytes from 44.241.174.93: icmp_seq=10029 ttl=30 time=43.6 ms
08-10 23:31:07.804  5910  5982 D cellinfo: 46 bytes from 44.241.174.93: icmp_seq=10030 ttl=30 time=43.4 ms
08-10 23:31:08.004  5910  5982 D cellinfo: 46 bytes from 44.241.174.93: icmp_seq=10031 ttl=30 time=41.8 ms
08-10 23:31:08.209  5910  5982 D cellinfo: 46 bytes from 44.241.174.93: icmp_seq=10032 ttl=30 time=47.4 ms
08-10 23:31:08.247  5910  5910 D cellinfo: Latitude is 39.8325273
08-10 23:31:08.247  5910  5910 D cellinfo: Longitude is -104.9834172
08-10 23:31:08.247  5910  5910 D cellinfo: Instantaneous GPS information: United States, 7510 Sherman St, Denver, CO 80221, USA
08-10 23:31:08.247  5910  5910 D cellinfo: getCurrentLocation() result: Location (success): 39.8325273, -104.9834172
08-10 23:31:08.249  5910  5910 D cellinfo: onCellInfoChanged: Operator: T-Mobile UpdateTimestamp: 19589127 CellConnectionStatus: 0
08-10 23:31:08.249  5910  5910 D cellinfo: onCellInfoChanged: LTE Cell Bands: [2] Bandwidth: 15000 Cell ID: 8843022 Physical Cell ID: 69 Tracking Area Code: 41224 EARFCN: 875
08-10 23:31:08.257  5910  5910 D cellinfo: Latitude is 39.8325273
08-10 23:31:08.257  5910  5910 D cellinfo: Longitude is -104.9834172
08-10 23:31:08.257  5910  5910 D cellinfo: Instantaneous GPS information: United States, 7510 Sherman St, Denver, CO 80221, USA
08-10 23:31:08.257  5910  5910 D cellinfo: getCurrentLocation() result: Location (success): 39.8325273, -104.9834172
08-10 23:31:08.404  5910  5982 D cellinfo: 46 bytes from 44.241.174.93: icmp_seq=10033 ttl=30 time=41.7 ms
08-10 23:31:08.604  5910  5982 D cellinfo: 46 bytes from 44.241.174.93: icmp_seq=10034 ttl=30 time=41.2 ms
08-10 23:31:08.811  5910  5982 D cellinfo: 46 bytes from 44.241.174.93: icmp_seq=10035 ttl=30 time=46.8 ms
08-10 23:31:09.074  5910  5982 D cellinfo: 46 bytes from 44.241.174.93: icmp_seq=10036 ttl=30 time=110 ms
08-10 23:31:09.229  5910  5982 D cellinfo: 46 bytes from 44.241.174.93: icmp_seq=10037 ttl=30 time=65.2 ms
08-10 23:31:09.429  5910  5982 D cellinfo: 46 bytes from 44.241.174.93: icmp_seq=10038 ttl=30 time=64.1 ms
08-10 23:31:09.629  5910  5982 D cellinfo: 46 bytes from 44.241.174.93: icmp_seq=10039 ttl=30 time=61.8 ms
08-10 23:31:09.830  5910  5982 D cellinfo: 46 bytes from 44.241.174.93: icmp_seq=10040 ttl=30 time=62.6 ms
08-10 23:31:09.871  5910  5910 D cellinfo: onsignalStrengthsChanged: LTE Signal Strength info: rsrp: -103 rsrq: -20 rssi: -67 rssnr: -4
08-10 23:31:09.871  5910  5910 D cellinfo: onsignalStrengthsChanged: 5G-NR Signal Strength info: ssrsrp: -96 ssrsrq: -14 sssinr: 5
08-10 23:31:10.014  5910  5982 D cellinfo: 46 bytes from 44.241.174.93: icmp_seq=10041 ttl=30 time=46.0 ms
08-10 23:31:10.213  5910  5910 D cellinfo: onsignalStrengthsChanged: LTE Signal Strength info: rsrp: -104 rsrq: -17 rssi: -67 rssnr: -1
08-10 23:31:10.213  5910  5910 D cellinfo: onsignalStrengthsChanged: 5G-NR Signal Strength info: ssrsrp: -96 ssrsrq: -14 sssinr: 5
08-10 23:31:10.220  5910  5982 D cellinfo: 46 bytes from 44.241.174.93: icmp_seq=10042 ttl=30 time=52.2 ms
08-10 23:31:10.239  5910  5910 D cellinfo: onsignalStrengthsChanged: LTE Signal Strength info: rsrp: -104 rsrq: -17 rssi: -67 rssnr: -1
08-10 23:31:10.240  5910  5910 D cellinfo: onsignalStrengthsChanged: 5G-NR Signal Strength info: ssrsrp: -97 ssrsrq: -14 sssinr: 16
08-10 23:31:10.420  5910  5982 D cellinfo: 46 bytes from 44.241.174.93: icmp_seq=10043 ttl=30 time=51.3 ms
08-10 23:31:10.615  5910  5982 D cellinfo: 46 bytes from 44.241.174.93: icmp_seq=10044 ttl=30 time=45.0 ms
08-10 23:31:10.814  5910  5982 D cellinfo: 46 bytes from 44.241.174.93: icmp_seq=10045 ttl=30 time=43.3 ms
08-10 23:31:11.014  5910  5982 D cellinfo: 46 bytes from 44.241.174.93: icmp_seq=10046 ttl=30 time=42.5 ms
08-10 23:31:11.215  5910  5982 D cellinfo: 46 bytes from 44.241.174.93: icmp_seq=10047 ttl=30 time=42.8 ms
08-10 23:31:11.313  5910  5910 D cellinfo: Latitude is 39.8324772
08-10 23:31:11.313  5910  5910 D cellinfo: Longitude is -104.9834169
08-10 23:31:11.313  5910  5910 D cellinfo: Instantaneous GPS information: United States, 7510 Sherman St, Denver, CO 80221, USA
08-10 23:31:11.313  5910  5910 D cellinfo: getCurrentLocation() result: Location (success): 39.8324772, -104.9834169
08-10 23:31:11.315  5910  5910 D cellinfo: onCellInfoChanged: Operator: T-Mobile UpdateTimestamp: 19592140 CellConnectionStatus: 0
08-10 23:31:11.315  5910  5910 D cellinfo: onCellInfoChanged: LTE Cell Bands: [2] Bandwidth: 15000 Cell ID: 8843022 Physical Cell ID: 69 Tracking Area Code: 41224 EARFCN: 875
08-10 23:31:11.429  5910  5982 D cellinfo: 46 bytes from 44.241.174.93: icmp_seq=10048 ttl=30 time=56.9 ms
08-10 23:31:11.661  5910  5982 D cellinfo: 46 bytes from 44.241.174.93: icmp_seq=10049 ttl=30 time=86.7 ms
08-10 23:31:11.838  5910  5982 D cellinfo: 46 bytes from 44.241.174.93: icmp_seq=10050 ttl=30 time=62.8 ms
08-10 23:31:12.060  5910  5982 D cellinfo: 46 bytes from 44.241.174.93: icmp_seq=10051 ttl=30 time=85.9 ms
08-10 23:31:12.260  5910  5982 D cellinfo: 46 bytes from 44.241.174.93: icmp_seq=10052 ttl=30 time=86.6 ms
08-10 23:31:12.453  5910  5910 D cellinfo: onsignalStrengthsChanged: LTE Signal Strength info: rsrp: -103 rsrq: -15 rssi: -71 rssnr: 1
08-10 23:31:12.453  5910  5910 D cellinfo: onsignalStrengthsChanged: 5G-NR Signal Strength info: ssrsrp: -97 ssrsrq: -14 sssinr: 16
08-10 23:31:12.465  5910  5910 D cellinfo: onsignalStrengthsChanged: LTE Signal Strength info: rsrp: -103 rsrq: -15 rssi: -71 rssnr: 1
08-10 23:31:12.465  5910  5910 D cellinfo: onsignalStrengthsChanged: 5G-NR Signal Strength info: ssrsrp: -98 ssrsrq: -14 sssinr: -5
08-10 23:31:12.571  5910  5982 D cellinfo: 46 bytes from 44.241.174.93: icmp_seq=10053 ttl=30 time=195 ms
08-10 23:31:12.618  5910  5982 D cellinfo: 46 bytes from 44.241.174.93: icmp_seq=10054 ttl=30 time=43.8 ms
08-10 23:31:12.832  5910  5982 D cellinfo: 46 bytes from 44.241.174.93: icmp_seq=10055 ttl=30 time=55.8 ms
08-10 23:31:13.021  5910  5982 D cellinfo: 46 bytes from 44.241.174.93: icmp_seq=10056 ttl=30 time=44.9 ms
08-10 23:31:13.219  5910  5982 D cellinfo: 46 bytes from 44.241.174.93: icmp_seq=10057 ttl=30 time=43.1 ms
08-10 23:31:13.240  5910  5910 D cellinfo: onsignalStrengthsChanged: LTE Signal Strength info: rsrp: -103 rsrq: -15 rssi: -71 rssnr: 1
08-10 23:31:13.240  5910  5910 D cellinfo: onsignalStrengthsChanged: 5G-NR Signal Strength info: ssrsrp: -97 ssrsrq: -13 sssinr: 40
08-10 23:31:13.419  5910  5982 D cellinfo: 46 bytes from 44.241.174.93: icmp_seq=10058 ttl=30 time=42.3 ms
08-10 23:31:13.620  5910  5982 D cellinfo: 46 bytes from 44.241.174.93: icmp_seq=10059 ttl=30 time=42.1 ms
08-10 23:31:13.819  5910  5982 D cellinfo: 46 bytes from 44.241.174.93: icmp_seq=10060 ttl=30 time=40.1 ms
08-10 23:31:14.024  5910  5982 D cellinfo: 46 bytes from 44.241.174.93: icmp_seq=10061 ttl=30 time=44.2 ms
08-10 23:31:14.229  5910  5982 D cellinfo: 46 bytes from 44.241.174.93: icmp_seq=10062 ttl=30 time=49.9 ms
08-10 23:31:14.324  5910  5910 D cellinfo: Latitude is 39.8316746
08-10 23:31:14.324  5910  5910 D cellinfo: Longitude is -104.9833442
08-10 23:31:14.324  5910  5910 D cellinfo: Instantaneous GPS information: United States, 7480 Broadway, Denver, CO 80221, USA
08-10 23:31:14.324  5910  5910 D cellinfo: getCurrentLocation() result: Location (success): 39.8316746, -104.9833442
08-10 23:31:14.326  5910  5910 D cellinfo: onCellInfoChanged: Operator: T-Mobile UpdateTimestamp: 19595141 CellConnectionStatus: 0
08-10 23:31:14.326  5910  5910 D cellinfo: onCellInfoChanged: LTE Cell Bands: [2] Bandwidth: 15000 Cell ID: 8843022 Physical Cell ID: 69 Tracking Area Code: 41224 EARFCN: 875
08-10 23:31:14.424  5910  5982 D cellinfo: 46 bytes from 44.241.174.93: icmp_seq=10063 ttl=30 time=44.0 ms
08-10 23:31:14.525  5910  5910 D cellinfo: onsignalStrengthsChanged: LTE Signal Strength info: rsrp: -103 rsrq: -15 rssi: -71 rssnr: 1
08-10 23:31:14.525  5910  5910 D cellinfo: onsignalStrengthsChanged: 5G-NR Signal Strength info: ssrsrp: -95 ssrsrq: -12 sssinr: 38
08-10 23:31:14.635  5910  5982 D cellinfo: 46 bytes from 44.241.174.93: icmp_seq=10064 ttl=30 time=54.1 ms
08-10 23:31:14.840  5910  5982 D cellinfo: 46 bytes from 44.241.174.93: icmp_seq=10065 ttl=30 time=58.1 ms
08-10 23:31:15.042  5910  5982 D cellinfo: 46 bytes from 44.241.174.93: icmp_seq=10066 ttl=30 time=59.6 ms
08-10 23:31:15.231  5910  5982 D cellinfo: 46 bytes from 44.241.174.93: icmp_seq=10067 ttl=30 time=49.1 ms
08-10 23:31:15.449  5910  5982 D cellinfo: 46 bytes from 44.241.174.93: icmp_seq=10068 ttl=30 time=66.8 ms
08-10 23:31:15.680  5910  5982 D cellinfo: 46 bytes from 44.241.174.93: icmp_seq=10069 ttl=30 time=97.3 ms
08-10 23:31:15.765  5910  5910 D cellinfo: onsignalStrengthsChanged: LTE Signal Strength info: rsrp: -103 rsrq: -15 rssi: -71 rssnr: 1
08-10 23:31:15.765  5910  5910 D cellinfo: onsignalStrengthsChanged: 5G-NR Signal Strength info: ssrsrp: -92 ssrsrq: -11 sssinr: 2147483647
08-10 23:31:15.832  5910  5982 D cellinfo: 46 bytes from 44.241.174.93: icmp_seq=10070 ttl=30 time=48.4 ms
08-10 23:31:16.029  5910  5982 D cellinfo: 46 bytes from 44.241.174.93: icmp_seq=10071 ttl=30 time=44.3 ms
08-10 23:31:16.217  5910  5910 D cellinfo: onsignalStrengthsChanged: LTE Signal Strength info: rsrp: -100 rsrq: -14 rssi: -61 rssnr: 3
08-10 23:31:16.217  5910  5910 D cellinfo: onsignalStrengthsChanged: 5G-NR Signal Strength info: ssrsrp: -92 ssrsrq: -11 sssinr: 2147483647
08-10 23:31:16.229  5910  5982 D cellinfo: 46 bytes from 44.241.174.93: icmp_seq=10072 ttl=30 time=44.1 ms
08-10 23:31:16.240  5910  5910 D cellinfo: onsignalStrengthsChanged: LTE Signal Strength info: rsrp: -100 rsrq: -14 rssi: -61 rssnr: 3
08-10 23:31:16.240  5910  5910 D cellinfo: onsignalStrengthsChanged: 5G-NR Signal Strength info: ssrsrp: -91 ssrsrq: -11 sssinr: 2147483647
08-10 23:31:16.434  5910  5982 D cellinfo: 46 bytes from 44.241.174.93: icmp_seq=10073 ttl=30 time=48.3 ms
08-10 23:31:16.630  5910  5982 D cellinfo: 46 bytes from 44.241.174.93: icmp_seq=10074 ttl=30 time=42.8 ms
08-10 23:31:16.829  5910  5982 D cellinfo: 46 bytes from 44.241.174.93: icmp_seq=10075 ttl=30 time=42.0 ms
08-10 23:31:17.031  5910  5982 D cellinfo: 46 bytes from 44.241.174.93: icmp_seq=10076 ttl=30 time=42.6 ms
08-10 23:31:17.230  5910  5982 D cellinfo: 46 bytes from 44.241.174.93: icmp_seq=10077 ttl=30 time=42.5 ms
08-10 23:31:17.296  5910  5910 D cellinfo: Latitude is 39.8311621
08-10 23:31:17.296  5910  5910 D cellinfo: Longitude is -104.9832987
08-10 23:31:17.296  5910  5910 D cellinfo: Instantaneous GPS information: United States, 7480 Broadway, Denver, CO 80221, USA
08-10 23:31:17.296  5910  5910 D cellinfo: getCurrentLocation() result: Location (success): 39.8311621, -104.9832987
08-10 23:31:17.298  5910  5910 D cellinfo: onCellInfoChanged: Operator: T-Mobile UpdateTimestamp: 19598142 CellConnectionStatus: 0
08-10 23:31:17.298  5910  5910 D cellinfo: onCellInfoChanged: LTE Cell Bands: [2] Bandwidth: 15000 Cell ID: 8843022 Physical Cell ID: 69 Tracking Area Code: 41224 EARFCN: 875
08-10 23:31:17.429  5910  5982 D cellinfo: 46 bytes from 44.241.174.93: icmp_seq=10078 ttl=30 time=40.2 ms
08-10 23:31:17.634  5910  5982 D cellinfo: 46 bytes from 44.241.174.93: icmp_seq=10079 ttl=30 time=44.9 ms
08-10 23:31:17.834  5910  5982 D cellinfo: 46 bytes from 44.241.174.93: icmp_seq=10080 ttl=30 time=44.5 ms
08-10 23:31:18.035  5910  5982 D cellinfo: 46 bytes from 44.241.174.93: icmp_seq=10081 ttl=30 time=44.1 ms
08-10 23:31:18.239  5910  5982 D cellinfo: 46 bytes from 44.241.174.93: icmp_seq=10082 ttl=30 time=48.8 ms
08-10 23:31:18.447  5910  5982 D cellinfo: 46 bytes from 44.241.174.93: icmp_seq=10083 ttl=30 time=55.5 ms
08-10 23:31:18.637  5910  5982 D cellinfo: 46 bytes from 44.241.174.93: icmp_seq=10084 ttl=30 time=44.4 ms
08-10 23:31:18.835  5910  5982 D cellinfo: 46 bytes from 44.241.174.93: icmp_seq=10085 ttl=30 time=41.9 ms
08-10 23:31:19.039  5910  5982 D cellinfo: 46 bytes from 44.241.174.93: icmp_seq=10086 ttl=30 time=44.9 ms
08-10 23:31:19.173  5910  5910 D cellinfo: onsignalStrengthsChanged: LTE Signal Strength info: rsrp: -102 rsrq: -12 rssi: -71 rssnr: 0
08-10 23:31:19.174  5910  5910 D cellinfo: onsignalStrengthsChanged: 5G-NR Signal Strength info: ssrsrp: -91 ssrsrq: -11 sssinr: 2147483647
08-10 23:31:19.240  5910  5982 D cellinfo: 46 bytes from 44.241.174.93: icmp_seq=10087 ttl=30 time=46.6 ms
08-10 23:31:19.249  5910  5910 D cellinfo: onsignalStrengthsChanged: LTE Signal Strength info: rsrp: -102 rsrq: -12 rssi: -71 rssnr: 0
08-10 23:31:19.249  5910  5910 D cellinfo: onsignalStrengthsChanged: 5G-NR Signal Strength info: ssrsrp: -87 ssrsrq: -11 sssinr: 2147483647
08-10 23:31:19.439  5910  5982 D cellinfo: 46 bytes from 44.241.174.93: icmp_seq=10088 ttl=30 time=44.9 ms
08-10 23:31:19.644  5910  5982 D cellinfo: 46 bytes from 44.241.174.93: icmp_seq=10089 ttl=30 time=49.3 ms
08-10 23:31:19.839  5910  5982 D cellinfo: 46 bytes from 44.241.174.93: icmp_seq=10090 ttl=30 time=43.1 ms
08-10 23:31:20.040  5910  5982 D cellinfo: 46 bytes from 44.241.174.93: icmp_seq=10091 ttl=30 time=43.8 ms
08-10 23:31:20.079  5910  5910 D cellinfo: onCellInfoChanged: Operator: T-Mobile UpdateTimestamp: 19601115 CellConnectionStatus: 0
08-10 23:31:20.080  5910  5910 D cellinfo: onCellInfoChanged: LTE Cell Bands: [2] Bandwidth: 15000 Cell ID: 8843022 Physical Cell ID: 69 Tracking Area Code: 41224 EARFCN: 875
08-10 23:31:20.249  5910  5982 D cellinfo: 46 bytes from 44.241.174.93: icmp_seq=10092 ttl=30 time=53.0 ms
08-10 23:31:20.439  5910  5982 D cellinfo: 46 bytes from 44.241.174.93: icmp_seq=10093 ttl=30 time=42.3 ms
08-10 23:31:20.657  5910  5982 D cellinfo: 46 bytes from 44.241.174.93: icmp_seq=10094 ttl=30 time=58.9 ms
08-10 23:31:20.845  5910  5982 D cellinfo: 46 bytes from 44.241.174.93: icmp_seq=10095 ttl=30 time=46.6 ms
08-10 23:31:21.044  5910  5982 D cellinfo: 46 bytes from 44.241.174.93: icmp_seq=10096 ttl=30 time=45.0 ms
08-10 23:31:21.246  5910  5982 D cellinfo: 46 bytes from 44.241.174.93: icmp_seq=10097 ttl=30 time=46.8 ms
08-10 23:31:21.402  5910  5910 D cellinfo: Latitude is 39.8287164
08-10 23:31:21.402  5910  5910 D cellinfo: Longitude is -104.9832319
08-10 23:31:21.402  5910  5910 D cellinfo: Instantaneous GPS information: United States, I-25, Denver, CO 80221, USA
08-10 23:31:21.402  5910  5910 D cellinfo: getCurrentLocation() result: Location (success): 39.8287164, -104.9832319
08-10 23:31:21.418  5910  5910 D cellinfo: onsignalStrengthsChanged: LTE Signal Strength info: rsrp: -97 rsrq: -13 rssi: -67 rssnr: 5
08-10 23:31:21.418  5910  5910 D cellinfo: onsignalStrengthsChanged: 5G-NR Signal Strength info: ssrsrp: -87 ssrsrq: -11 sssinr: 2147483647
08-10 23:31:21.444  5910  5982 D cellinfo: 46 bytes from 44.241.174.93: icmp_seq=10098 ttl=30 time=44.5 ms
08-10 23:31:21.655  5910  5982 D cellinfo: 46 bytes from 44.241.174.93: icmp_seq=10099 ttl=30 time=54.8 ms
08-10 23:31:21.850  5910  5982 D cellinfo: 46 bytes from 44.241.174.93: icmp_seq=10100 ttl=30 time=48.3 ms
08-10 23:31:22.049  5910  5982 D cellinfo: 46 bytes from 44.241.174.93: icmp_seq=10101 ttl=30 time=46.7 ms
08-10 23:31:22.240  5910  5910 D cellinfo: onsignalStrengthsChanged: LTE Signal Strength info: rsrp: -97 rsrq: -13 rssi: -67 rssnr: 5
08-10 23:31:22.240  5910  5910 D cellinfo: onsignalStrengthsChanged: 5G-NR Signal Strength info: ssrsrp: -83 ssrsrq: -11 sssinr: 2147483647
08-10 23:31:22.244  5910  5982 D cellinfo: 46 bytes from 44.241.174.93: icmp_seq=10102 ttl=30 time=41.6 ms
08-10 23:31:22.444  5910  5982 D cellinfo: 46 bytes from 44.241.174.93: icmp_seq=10103 ttl=30 time=41.5 ms
08-10 23:31:22.664  5910  5982 D cellinfo: 46 bytes from 44.241.174.93: icmp_seq=10104 ttl=30 time=60.0 ms
08-10 23:31:22.859  5910  5982 D cellinfo: 46 bytes from 44.241.174.93: icmp_seq=10105 ttl=30 time=54.3 ms
08-10 23:31:23.049  5910  5982 D cellinfo: 46 bytes from 44.241.174.93: icmp_seq=10106 ttl=30 time=43.2 ms
08-10 23:31:23.063  5910  5910 D cellinfo: Latitude is 39.8287164
08-10 23:31:23.063  5910  5910 D cellinfo: Longitude is -104.9832319
08-10 23:31:23.063  5910  5910 D cellinfo: Instantaneous GPS information: United States, I-25, Denver, CO 80221, USA
08-10 23:31:23.063  5910  5910 D cellinfo: getCurrentLocation() result: Location (success): 39.8287164, -104.9832319
08-10 23:31:23.116  5910  5910 D cellinfo: onCellInfoChanged: Operator: T-Mobile UpdateTimestamp: 19604149 CellConnectionStatus: 0
08-10 23:31:23.116  5910  5910 D cellinfo: onCellInfoChanged: LTE Cell Bands: [2] Bandwidth: 15000 Cell ID: 8843022 Physical Cell ID: 69 Tracking Area Code: 41224 EARFCN: 875
08-10 23:31:23.249  5910  5982 D cellinfo: 46 bytes from 44.241.174.93: icmp_seq=10107 ttl=30 time=41.8 ms
08-10 23:31:23.449  5910  5982 D cellinfo: 46 bytes from 44.241.174.93: icmp_seq=10108 ttl=30 time=41.4 ms
08-10 23:31:23.664  5910  5982 D cellinfo: 46 bytes from 44.241.174.93: icmp_seq=10109 ttl=30 time=54.9 ms
08-10 23:31:23.854  5910  5982 D cellinfo: 46 bytes from 44.241.174.93: icmp_seq=10110 ttl=30 time=44.6 ms
08-10 23:31:24.055  5910  5982 D cellinfo: 46 bytes from 44.241.174.93: icmp_seq=10111 ttl=30 time=44.9 ms
08-10 23:31:24.255  5910  5982 D cellinfo: 46 bytes from 44.241.174.93: icmp_seq=10112 ttl=30 time=44.6 ms
08-10 23:31:24.455  5910  5982 D cellinfo: 46 bytes from 44.241.174.93: icmp_seq=10113 ttl=30 time=43.1 ms
08-10 23:31:24.674  5910  5982 D cellinfo: 46 bytes from 44.241.174.93: icmp_seq=10114 ttl=30 time=61.1 ms
08-10 23:31:24.859  5910  5982 D cellinfo: 46 bytes from 44.241.174.93: icmp_seq=10115 ttl=30 time=45.3 ms
08-10 23:31:25.059  5910  5982 D cellinfo: 46 bytes from 44.241.174.93: icmp_seq=10116 ttl=30 time=44.1 ms
08-10 23:31:25.225  5910  5910 D cellinfo: onsignalStrengthsChanged: LTE Signal Strength info: rsrp: -87 rsrq: -9 rssi: -59 rssnr: 11
08-10 23:31:25.225  5910  5910 D cellinfo: onsignalStrengthsChanged: 5G-NR Signal Strength info: ssrsrp: -83 ssrsrq: -11 sssinr: 2147483647
08-10 23:31:25.247  5910  5910 D cellinfo: onsignalStrengthsChanged: LTE Signal Strength info: rsrp: -87 rsrq: -9 rssi: -59 rssnr: 11
08-10 23:31:25.247  5910  5910 D cellinfo: onsignalStrengthsChanged: 5G-NR Signal Strength info: ssrsrp: -72 ssrsrq: -11 sssinr: 2147483647
08-10 23:31:25.259  5910  5982 D cellinfo: 46 bytes from 44.241.174.93: icmp_seq=10117 ttl=30 time=43.1 ms
08-10 23:31:25.462  5910  5982 D cellinfo: 46 bytes from 44.241.174.93: icmp_seq=10118 ttl=30 time=44.7 ms
08-10 23:31:25.657  5910  5982 D cellinfo: 46 bytes from 44.241.174.93: icmp_seq=10119 ttl=30 time=39.4 ms
08-10 23:31:25.859  5910  5982 D cellinfo: 46 bytes from 44.241.174.93: icmp_seq=10120 ttl=30 time=40.5 ms
08-10 23:31:26.064  5910  5982 D cellinfo: 46 bytes from 44.241.174.93: icmp_seq=10121 ttl=30 time=44.0 ms
08-10 23:31:26.276  5910  5982 D cellinfo: 46 bytes from 44.241.174.93: icmp_seq=10122 ttl=30 time=55.3 ms
08-10 23:31:26.336  5910  5910 D cellinfo: Latitude is 39.8282059
08-10 23:31:26.336  5910  5910 D cellinfo: Longitude is -104.983197
08-10 23:31:26.336  5910  5910 D cellinfo: Instantaneous GPS information: United States, I-25, Denver, CO 80221, USA
08-10 23:31:26.336  5910  5910 D cellinfo: getCurrentLocation() result: Location (success): 39.8282059, -104.983197
08-10 23:31:26.338  5910  5910 D cellinfo: onCellInfoChanged: Operator: T-Mobile UpdateTimestamp: 19607140 CellConnectionStatus: 0
08-10 23:31:26.338  5910  5910 D cellinfo: onCellInfoChanged: LTE Cell Bands: [2] Bandwidth: 15000 Cell ID: 8843022 Physical Cell ID: 69 Tracking Area Code: 41224 EARFCN: 875
08-10 23:31:26.465  5910  5982 D cellinfo: 46 bytes from 44.241.174.93: icmp_seq=10123 ttl=30 time=44.1 ms
08-10 23:31:26.664  5910  5982 D cellinfo: 46 bytes from 44.241.174.93: icmp_seq=10124 ttl=30 time=41.6 ms
08-10 23:31:26.864  5910  5982 D cellinfo: 46 bytes from 44.241.174.93: icmp_seq=10125 ttl=30 time=41.8 ms
08-10 23:31:27.066  5910  5982 D cellinfo: 46 bytes from 44.241.174.93: icmp_seq=10126 ttl=30 time=42.7 ms
08-10 23:31:27.264  5910  5982 D cellinfo: 46 bytes from 44.241.174.93: icmp_seq=10127 ttl=30 time=40.9 ms
08-10 23:31:27.465  5910  5982 D cellinfo: 46 bytes from 44.241.174.93: icmp_seq=10128 ttl=30 time=40.8 ms
08-10 23:31:27.669  5910  5982 D cellinfo: 46 bytes from 44.241.174.93: icmp_seq=10129 ttl=30 time=44.6 ms
08-10 23:31:27.869  5910  5982 D cellinfo: 46 bytes from 44.241.174.93: icmp_seq=10130 ttl=30 time=44.0 ms
08-10 23:31:28.069  5910  5982 D cellinfo: 46 bytes from 44.241.174.93: icmp_seq=10131 ttl=30 time=43.6 ms
08-10 23:31:28.133  5910  5910 D cellinfo: onsignalStrengthsChanged: LTE Signal Strength info: rsrp: -81 rsrq: -14 rssi: -51 rssnr: 15
08-10 23:31:28.133  5910  5910 D cellinfo: onsignalStrengthsChanged: 5G-NR Signal Strength info: ssrsrp: -72 ssrsrq: -11 sssinr: 2147483647
08-10 23:31:28.240  5910  5910 D cellinfo: onsignalStrengthsChanged: LTE Signal Strength info: rsrp: -81 rsrq: -14 rssi: -51 rssnr: 15
08-10 23:31:28.240  5910  5910 D cellinfo: onsignalStrengthsChanged: 5G-NR Signal Strength info: ssrsrp: -68 ssrsrq: -11 sssinr: 2147483647
08-10 23:31:28.270  5910  5982 D cellinfo: 46 bytes from 44.241.174.93: icmp_seq=10132 ttl=30 time=44.1 ms
08-10 23:31:28.469  5910  5982 D cellinfo: 46 bytes from 44.241.174.93: icmp_seq=10133 ttl=30 time=42.7 ms
08-10 23:31:28.676  5910  5982 D cellinfo: 46 bytes from 44.241.174.93: icmp_seq=10134 ttl=30 time=48.6 ms
08-10 23:31:28.870  5910  5982 D cellinfo: 46 bytes from 44.241.174.93: icmp_seq=10135 ttl=30 time=42.4 ms
08-10 23:31:29.069  5910  5982 D cellinfo: 46 bytes from 44.241.174.93: icmp_seq=10136 ttl=30 time=40.3 ms
08-10 23:31:29.279  5910  5982 D cellinfo: 46 bytes from 44.241.174.93: icmp_seq=10137 ttl=30 time=49.6 ms
08-10 23:31:29.284  5910  5910 D cellinfo: Latitude is 39.8275704
08-10 23:31:29.284  5910  5910 D cellinfo: Longitude is -104.9831533
08-10 23:31:29.284  5910  5910 D cellinfo: Instantaneous GPS information: United States, Interstate 25 HOV, Denver, CO 80221, USA
08-10 23:31:29.284  5910  5910 D cellinfo: getCurrentLocation() result: Location (success): 39.8275704, -104.9831533
08-10 23:31:29.286  5910  5910 D cellinfo: onCellInfoChanged: Operator: T-Mobile UpdateTimestamp: 19610138 CellConnectionStatus: 0
08-10 23:31:29.286  5910  5910 D cellinfo: onCellInfoChanged: LTE Cell Bands: [2] Bandwidth: 15000 Cell ID: 8843022 Physical Cell ID: 69 Tracking Area Code: 41224 EARFCN: 875
08-10 23:31:29.475  5910  5982 D cellinfo: 46 bytes from 44.241.174.93: icmp_seq=10138 ttl=30 time=44.9 ms
08-10 23:31:29.684  5910  5982 D cellinfo: 46 bytes from 44.241.174.93: icmp_seq=10139 ttl=30 time=53.4 ms
08-10 23:31:29.874  5910  5982 D cellinfo: 46 bytes from 44.241.174.93: icmp_seq=10140 ttl=30 time=42.8 ms
08-10 23:31:30.075  5910  5982 D cellinfo: 46 bytes from 44.241.174.93: icmp_seq=10141 ttl=30 time=42.5 ms
08-10 23:31:30.273  5910  5982 D cellinfo: 46 bytes from 44.241.174.93: icmp_seq=10142 ttl=30 time=40.1 ms
08-10 23:31:30.374  5910  5910 D cellinfo: onsignalStrengthsChanged: LTE Signal Strength info: rsrp: -80 rsrq: -15 rssi: -53 rssnr: 9
08-10 23:31:30.374  5910  5910 D cellinfo: onsignalStrengthsChanged: 5G-NR Signal Strength info: ssrsrp: -68 ssrsrq: -11 sssinr: 2147483647
08-10 23:31:30.479  5910  5982 D cellinfo: 46 bytes from 44.241.174.93: icmp_seq=10143 ttl=30 time=45.0 ms
08-10 23:31:30.679  5910  5982 D cellinfo: 46 bytes from 44.241.174.93: icmp_seq=10144 ttl=30 time=43.6 ms
08-10 23:31:30.881  5910  5982 D cellinfo: 46 bytes from 44.241.174.93: icmp_seq=10145 ttl=30 time=44.8 ms
08-10 23:31:31.079  5910  5982 D cellinfo: 46 bytes from 44.241.174.93: icmp_seq=10146 ttl=30 time=42.6 ms
08-10 23:31:31.241  5910  5910 D cellinfo: onsignalStrengthsChanged: LTE Signal Strength info: rsrp: -80 rsrq: -15 rssi: -53 rssnr: 9
08-10 23:31:31.241  5910  5910 D cellinfo: onsignalStrengthsChanged: 5G-NR Signal Strength info: ssrsrp: -77 ssrsrq: -11 sssinr: 2147483647
08-10 23:31:31.280  5910  5982 D cellinfo: 46 bytes from 44.241.174.93: icmp_seq=10147 ttl=30 time=43.7 ms
08-10 23:31:31.484  5910  5982 D cellinfo: 46 bytes from 44.241.174.93: icmp_seq=10148 ttl=30 time=47.0 ms
08-10 23:31:31.681  5910  5982 D cellinfo: 46 bytes from 44.241.174.93: icmp_seq=10149 ttl=30 time=42.6 ms
08-10 23:31:31.886  5910  5982 D cellinfo: 46 bytes from 44.241.174.93: icmp_seq=10150 ttl=30 time=47.1 ms
08-10 23:31:32.086  5910  5982 D cellinfo: 46 bytes from 44.241.174.93: icmp_seq=10151 ttl=30 time=44.9 ms
08-10 23:31:32.291  5910  5982 D cellinfo: 46 bytes from 44.241.174.93: icmp_seq=10152 ttl=30 time=50.0 ms
08-10 23:31:32.405  5910  5910 D cellinfo: Latitude is 39.8273454
08-10 23:31:32.405  5910  5910 D cellinfo: Longitude is -104.9831377
08-10 23:31:32.405  5910  5910 D cellinfo: Instantaneous GPS information: United States, I-25, Denver, CO 80221, USA
08-10 23:31:32.405  5910  5910 D cellinfo: getCurrentLocation() result: Location (success): 39.8273454, -104.9831377
08-10 23:31:32.407  5910  5910 D cellinfo: onCellInfoChanged: Operator: T-Mobile UpdateTimestamp: 19613136 CellConnectionStatus: 0
08-10 23:31:32.407  5910  5910 D cellinfo: onCellInfoChanged: LTE Cell Bands: [2] Bandwidth: 15000 Cell ID: 8843022 Physical Cell ID: 69 Tracking Area Code: 41224 EARFCN: 875
08-10 23:31:32.527  5910  5982 D cellinfo: 46 bytes from 44.241.174.93: icmp_seq=10153 ttl=30 time=85.8 ms
08-10 23:31:32.559  5910  5910 D cellinfo: onServiceStateChanged: Channel Number: 875 Cell Bandwidths: [15000]
08-10 23:31:32.611  5910  5910 D cellinfo: onsignalStrengthsChanged: LTE Signal Strength info: rsrp: -88 rsrq: -10 rssi: -51 rssnr: 0
08-10 23:31:32.611  5910  5910 D cellinfo: onsignalStrengthsChanged: 5G-NR Signal Strength info: ssrsrp: -77 ssrsrq: -11 sssinr: 2147483647
08-10 23:31:32.685  5910  5982 D cellinfo: 46 bytes from 44.241.174.93: icmp_seq=10154 ttl=30 time=43.7 ms
08-10 23:31:32.894  5910  5910 D cellinfo: onsignalStrengthsChanged: LTE Signal Strength info: rsrp: -88 rsrq: -10 rssi: -51 rssnr: 0
08-10 23:31:32.894  5910  5910 D cellinfo: onsignalStrengthsChanged: 5G-NR Signal Strength info: ssrsrp: -84 ssrsrq: -16 sssinr: 29
08-10 23:31:33.015  5910  5982 D cellinfo: 46 bytes from 44.241.174.93: icmp_seq=10155 ttl=30 time=172 ms
08-10 23:31:33.084  5910  5982 D cellinfo: 46 bytes from 44.241.174.93: icmp_seq=10156 ttl=30 time=42.5 ms
08-10 23:31:33.284  5910  5982 D cellinfo: 46 bytes from 44.241.174.93: icmp_seq=10157 ttl=30 time=41.0 ms
08-10 23:31:33.496  5910  5982 D cellinfo: 46 bytes from 44.241.174.93: icmp_seq=10158 ttl=30 time=52.1 ms
08-10 23:31:33.693  5910  5982 D cellinfo: 46 bytes from 44.241.174.93: icmp_seq=10159 ttl=30 time=48.2 ms
08-10 23:31:33.900  5910  5982 D cellinfo: 46 bytes from 44.241.174.93: icmp_seq=10160 ttl=30 time=54.0 ms
08-10 23:31:34.091  5910  5982 D cellinfo: 46 bytes from 44.241.174.93: icmp_seq=10161 ttl=30 time=44.3 ms
08-10 23:31:34.220  5910  5910 D cellinfo: onsignalStrengthsChanged: LTE Signal Strength info: rsrp: -79 rsrq: -9 rssi: -51 rssnr: 9
08-10 23:31:34.220  5910  5910 D cellinfo: onsignalStrengthsChanged: 5G-NR Signal Strength info: ssrsrp: -84 ssrsrq: -16 sssinr: 29
08-10 23:31:34.240  5910  5910 D cellinfo: onsignalStrengthsChanged: LTE Signal Strength info: rsrp: -79 rsrq: -9 rssi: -51 rssnr: 9
08-10 23:31:34.240  5910  5910 D cellinfo: onsignalStrengthsChanged: 5G-NR Signal Strength info: ssrsrp: -79 ssrsrq: -15 sssinr: 2147483647
08-10 23:31:34.291  5910  5982 D cellinfo: 46 bytes from 44.241.174.93: icmp_seq=10162 ttl=30 time=43.9 ms
08-10 23:31:34.494  5910  5982 D cellinfo: 46 bytes from 44.241.174.93: icmp_seq=10163 ttl=30 time=45.5 ms
08-10 23:31:34.704  5910  5982 D cellinfo: 46 bytes from 44.241.174.93: icmp_seq=10164 ttl=30 time=54.7 ms
08-10 23:31:34.899  5910  5982 D cellinfo: 46 bytes from 44.241.174.93: icmp_seq=10165 ttl=30 time=48.7 ms
08-10 23:31:35.102  5910  5910 D cellinfo: onCellInfoChanged: Operator: T-Mobile UpdateTimestamp: 19616137 CellConnectionStatus: 0
08-10 23:31:35.102  5910  5910 D cellinfo: onCellInfoChanged: LTE Cell Bands: [2] Bandwidth: 15000 Cell ID: 8843020 Physical Cell ID: 451 Tracking Area Code: 41224 EARFCN: 875
08-10 23:31:35.108  5910  5982 D cellinfo: 46 bytes from 44.241.174.93: icmp_seq=10166 ttl=30 time=58.0 ms
08-10 23:31:35.306  5910  5982 D cellinfo: 46 bytes from 44.241.174.93: icmp_seq=10167 ttl=30 time=55.2 ms
08-10 23:31:35.499  5910  5982 D cellinfo: 46 bytes from 44.241.174.93: icmp_seq=10168 ttl=30 time=47.0 ms
08-10 23:31:35.713  5910  5982 D cellinfo: 46 bytes from 44.241.174.93: icmp_seq=10169 ttl=30 time=61.0 ms
08-10 23:31:35.898  5910  5910 D cellinfo: Latitude is 39.8247185
08-10 23:31:35.898  5910  5910 D cellinfo: Longitude is -104.9841176
08-10 23:31:35.898  5910  5910 D cellinfo: Instantaneous GPS information: United States, 7010 Broadway, Denver, CO 80221, USA
08-10 23:31:35.898  5910  5910 D cellinfo: getCurrentLocation() result: Location (success): 39.8247185, -104.9841176
08-10 23:31:35.899  5910  5982 D cellinfo: 46 bytes from 44.241.174.93: icmp_seq=10170 ttl=30 time=44.7 ms
08-10 23:31:36.107  5910  5910 D cellinfo: onServiceStateChanged: Channel Number: 875 Cell Bandwidths: [15000]
08-10 23:31:36.136  5910  5982 D cellinfo: 46 bytes from 44.241.174.93: icmp_seq=10171 ttl=30 time=81.6 ms
08-10 23:31:36.305  5910  5982 D cellinfo: 46 bytes from 44.241.174.93: icmp_seq=10172 ttl=30 time=49.1 ms
08-10 23:31:36.506  5910  5982 D cellinfo: 46 bytes from 44.241.174.93: icmp_seq=10173 ttl=30 time=49.9 ms
08-10 23:31:36.708  5910  5982 D cellinfo: 46 bytes from 44.241.174.93: icmp_seq=10174 ttl=30 time=50.7 ms
08-10 23:31:36.904  5910  5982 D cellinfo: 46 bytes from 44.241.174.93: icmp_seq=10175 ttl=30 time=46.3 ms
08-10 23:31:37.093  5910  5910 D cellinfo: onsignalStrengthsChanged: LTE Signal Strength info: rsrp: -77 rsrq: -9 rssi: -51 rssnr: 18
08-10 23:31:37.093  5910  5910 D cellinfo: onsignalStrengthsChanged: 5G-NR Signal Strength info: ssrsrp: -79 ssrsrq: -15 sssinr: 2147483647
08-10 23:31:37.099  5910  5982 D cellinfo: 46 bytes from 44.241.174.93: icmp_seq=10176 ttl=30 time=40.7 ms
08-10 23:31:37.240  5910  5910 D cellinfo: onsignalStrengthsChanged: LTE Signal Strength info: rsrp: -77 rsrq: -9 rssi: -51 rssnr: 18
08-10 23:31:37.240  5910  5910 D cellinfo: onsignalStrengthsChanged: 5G-NR Signal Strength info: ssrsrp: -67 ssrsrq: -11 sssinr: 2147483647
08-10 23:31:37.304  5910  5982 D cellinfo: 46 bytes from 44.241.174.93: icmp_seq=10177 ttl=30 time=45.6 ms
08-10 23:31:37.504  5910  5982 D cellinfo: 46 bytes from 44.241.174.93: icmp_seq=10178 ttl=30 time=44.9 ms
08-10 23:31:37.705  5910  5982 D cellinfo: 46 bytes from 44.241.174.93: icmp_seq=10179 ttl=30 time=44.9 ms
08-10 23:31:37.905  5910  5982 D cellinfo: 46 bytes from 44.241.174.93: icmp_seq=10180 ttl=30 time=44.1 ms
08-10 23:31:38.056  5910  5910 D cellinfo: Latitude is 39.8247185
08-10 23:31:38.056  5910  5910 D cellinfo: Longitude is -104.9841176
08-10 23:31:38.056  5910  5910 D cellinfo: Instantaneous GPS information: United States, 7010 Broadway, Denver, CO 80221, USA
08-10 23:31:38.056  5910  5910 D cellinfo: getCurrentLocation() result: Location (success): 39.8247185, -104.9841176
08-10 23:31:38.105  5910  5982 D cellinfo: 46 bytes from 44.241.174.93: icmp_seq=10181 ttl=30 time=42.7 ms
08-10 23:31:38.117  5910  5910 D cellinfo: onCellInfoChanged: Operator: T-Mobile UpdateTimestamp: 19619149 CellConnectionStatus: 0
08-10 23:31:38.117  5910  5910 D cellinfo: onCellInfoChanged: LTE Cell Bands: [2] Bandwidth: 15000 Cell ID: 8843023 Physical Cell ID: 491 Tracking Area Code: 41224 EARFCN: 875
08-10 23:31:38.304  5910  5982 D cellinfo: 46 bytes from 44.241.174.93: icmp_seq=10182 ttl=30 time=42.1 ms
08-10 23:31:38.504  5910  5982 D cellinfo: 46 bytes from 44.241.174.93: icmp_seq=10183 ttl=30 time=41.3 ms
08-10 23:31:38.703  5910  5982 D cellinfo: 46 bytes from 44.241.174.93: icmp_seq=10184 ttl=30 time=40.0 ms
08-10 23:31:38.909  5910  5982 D cellinfo: 46 bytes from 44.241.174.93: icmp_seq=10185 ttl=30 time=44.9 ms
08-10 23:31:39.107  5910  5982 D cellinfo: 46 bytes from 44.241.174.93: icmp_seq=10186 ttl=30 time=42.2 ms
08-10 23:31:39.309  5910  5982 D cellinfo: 46 bytes from 44.241.174.93: icmp_seq=10187 ttl=30 time=42.7 ms
08-10 23:31:39.334  5910  5910 D cellinfo: onsignalStrengthsChanged: LTE Signal Strength info: rsrp: -88 rsrq: -11 rssi: -63 rssnr: 12
08-10 23:31:39.334  5910  5910 D cellinfo: onsignalStrengthsChanged: 5G-NR Signal Strength info: ssrsrp: -67 ssrsrq: -11 sssinr: 2147483647
08-10 23:31:39.510  5910  5982 D cellinfo: 46 bytes from 44.241.174.93: icmp_seq=10188 ttl=30 time=43.1 ms
08-10 23:31:39.709  5910  5982 D cellinfo: 46 bytes from 44.241.174.93: icmp_seq=10189 ttl=30 time=41.7 ms
08-10 23:31:39.909  5910  5982 D cellinfo: 46 bytes from 44.241.174.93: icmp_seq=10190 ttl=30 time=41.1 ms
08-10 23:31:40.109  5910  5982 D cellinfo: 46 bytes from 44.241.174.93: icmp_seq=10191 ttl=30 time=40.2 ms
08-10 23:31:40.239  5910  5910 D cellinfo: onsignalStrengthsChanged: LTE Signal Strength info: rsrp: -88 rsrq: -11 rssi: -63 rssnr: 12
08-10 23:31:40.239  5910  5910 D cellinfo: onsignalStrengthsChanged: 5G-NR Signal Strength info: ssrsrp: -77 ssrsrq: -11 sssinr: 2147483647
08-10 23:31:40.314  5910  5982 D cellinfo: 46 bytes from 44.241.174.93: icmp_seq=10192 ttl=30 time=44.6 ms
08-10 23:31:40.514  5910  5982 D cellinfo: 46 bytes from 44.241.174.93: icmp_seq=10193 ttl=30 time=43.6 ms
08-10 23:31:40.714  5910  5982 D cellinfo: 46 bytes from 44.241.174.93: icmp_seq=10194 ttl=30 time=43.7 ms
08-10 23:31:40.914  5910  5982 D cellinfo: 46 bytes from 44.241.174.93: icmp_seq=10195 ttl=30 time=43.1 ms
08-10 23:31:41.114  5910  5982 D cellinfo: 46 bytes from 44.241.174.93: icmp_seq=10196 ttl=30 time=42.3 ms
08-10 23:31:41.320  5910  5982 D cellinfo: 46 bytes from 44.241.174.93: icmp_seq=10197 ttl=30 time=47.3 ms
08-10 23:31:41.345  5910  5910 D cellinfo: Latitude is 39.8220385
08-10 23:31:41.345  5910  5910 D cellinfo: Longitude is -104.9846586
08-10 23:31:41.345  5910  5910 D cellinfo: Instantaneous GPS information: United States, 6870 Broadway, Denver, CO 80221, USA
08-10 23:31:41.345  5910  5910 D cellinfo: getCurrentLocation() result: Location (success): 39.8220385, -104.9846586
08-10 23:31:41.347  5910  5910 D cellinfo: onCellInfoChanged: Operator: T-Mobile UpdateTimestamp: 19622145 CellConnectionStatus: 0
08-10 23:31:41.347  5910  5910 D cellinfo: onCellInfoChanged: LTE Cell Bands: [2] Bandwidth: 15000 Cell ID: 8843023 Physical Cell ID: 491 Tracking Area Code: 41224 EARFCN: 875
08-10 23:31:41.514  5910  5982 D cellinfo: 46 bytes from 44.241.174.93: icmp_seq=10198 ttl=30 time=40.1 ms
08-10 23:31:41.719  5910  5982 D cellinfo: 46 bytes from 44.241.174.93: icmp_seq=10199 ttl=30 time=44.8 ms
08-10 23:31:41.919  5910  5982 D cellinfo: 46 bytes from 44.241.174.93: icmp_seq=10200 ttl=30 time=43.8 ms
08-10 23:31:42.117  5910  5982 D cellinfo: 46 bytes from 44.241.174.93: icmp_seq=10201 ttl=30 time=41.2 ms
08-10 23:31:42.319  5910  5982 D cellinfo: 46 bytes from 44.241.174.93: icmp_seq=10202 ttl=30 time=42.0 ms
08-10 23:31:42.517  5910  5982 D cellinfo: 46 bytes from 44.241.174.93: icmp_seq=10203 ttl=30 time=39.4 ms
08-10 23:31:42.722  5910  5982 D cellinfo: 46 bytes from 44.241.174.93: icmp_seq=10204 ttl=30 time=42.7 ms
08-10 23:31:42.924  5910  5982 D cellinfo: 46 bytes from 44.241.174.93: icmp_seq=10205 ttl=30 time=43.9 ms
08-10 23:31:43.124  5910  5982 D cellinfo: 46 bytes from 44.241.174.93: icmp_seq=10206 ttl=30 time=43.1 ms
08-10 23:31:43.221  5910  5910 D cellinfo: onsignalStrengthsChanged: LTE Signal Strength info: rsrp: -81 rsrq: -13 rssi: -51 rssnr: 6
08-10 23:31:43.221  5910  5910 D cellinfo: onsignalStrengthsChanged: 5G-NR Signal Strength info: ssrsrp: -77 ssrsrq: -11 sssinr: 2147483647
08-10 23:31:43.240  5910  5910 D cellinfo: onsignalStrengthsChanged: LTE Signal Strength info: rsrp: -81 rsrq: -13 rssi: -51 rssnr: 6
08-10 23:31:43.240  5910  5910 D cellinfo: onsignalStrengthsChanged: 5G-NR Signal Strength info: ssrsrp: -84 ssrsrq: -13 sssinr: 40
08-10 23:31:43.324  5910  5982 D cellinfo: 46 bytes from 44.241.174.93: icmp_seq=10207 ttl=30 time=42.7 ms
08-10 23:31:43.524  5910  5982 D cellinfo: 46 bytes from 44.241.174.93: icmp_seq=10208 ttl=30 time=42.2 ms
08-10 23:31:43.656  5910  5910 D cellinfo: onsignalStrengthsChanged: LTE Signal Strength info: rsrp: -81 rsrq: -13 rssi: -51 rssnr: 6
08-10 23:31:43.656  5910  5910 D cellinfo: onsignalStrengthsChanged: 5G-NR Signal Strength info: ssrsrp: -83 ssrsrq: -13 sssinr: 24
08-10 23:31:43.792  5910  5982 D cellinfo: 46 bytes from 44.241.174.93: icmp_seq=10209 ttl=30 time=109 ms
08-10 23:31:43.922  5910  5982 D cellinfo: 46 bytes from 44.241.174.93: icmp_seq=10210 ttl=30 time=38.8 ms
08-10 23:31:44.091  5910  5910 D cellinfo: onCellInfoChanged: Operator: T-Mobile UpdateTimestamp: 19625128 CellConnectionStatus: 0
08-10 23:31:44.091  5910  5910 D cellinfo: onCellInfoChanged: LTE Cell Bands: [2] Bandwidth: 15000 Cell ID: 8843023 Physical Cell ID: 491 Tracking Area Code: 41224 EARFCN: 875
08-10 23:31:44.123  5910  5982 D cellinfo: 46 bytes from 44.241.174.93: icmp_seq=10211 ttl=30 time=40.1 ms
08-10 23:31:44.328  5910  5982 D cellinfo: 46 bytes from 44.241.174.93: icmp_seq=10212 ttl=30 time=44.5 ms
08-10 23:31:44.530  5910  5982 D cellinfo: 46 bytes from 44.241.174.93: icmp_seq=10213 ttl=30 time=45.0 ms
08-10 23:31:44.730  5910  5982 D cellinfo: 46 bytes from 44.241.174.93: icmp_seq=10214 ttl=30 time=42.9 ms
08-10 23:31:44.929  5910  5982 D cellinfo: 46 bytes from 44.241.174.93: icmp_seq=10215 ttl=30 time=41.9 ms
08-10 23:31:45.129  5910  5982 D cellinfo: 46 bytes from 44.241.174.93: icmp_seq=10216 ttl=30 time=41.6 ms
08-10 23:31:45.260  5910  5910 D cellinfo: onServiceStateChanged: Channel Number: 875 Cell Bandwidths: [15000]
08-10 23:31:45.394  5910  5982 D cellinfo: 46 bytes from 44.241.174.93: icmp_seq=10217 ttl=30 time=106 ms
08-10 23:31:45.529  5910  5982 D cellinfo: 46 bytes from 44.241.174.93: icmp_seq=10218 ttl=30 time=40.1 ms
08-10 23:31:45.734  5910  5982 D cellinfo: 46 bytes from 44.241.174.93: icmp_seq=10219 ttl=30 time=44.7 ms
08-10 23:31:45.939  5910  5982 D cellinfo: 46 bytes from 44.241.174.93: icmp_seq=10220 ttl=30 time=48.9 ms
08-10 23:31:46.053  5910  5910 D cellinfo: onsignalStrengthsChanged: LTE Signal Strength info: rsrp: -90 rsrq: -10 rssi: -67 rssnr: 6
08-10 23:31:46.053  5910  5910 D cellinfo: onsignalStrengthsChanged: 5G-NR Signal Strength info: ssrsrp: -83 ssrsrq: -13 sssinr: 24
08-10 23:31:46.134  5910  5982 D cellinfo: 46 bytes from 44.241.174.93: icmp_seq=10221 ttl=30 time=43.4 ms
08-10 23:31:46.241  5910  5910 D cellinfo: onsignalStrengthsChanged: LTE Signal Strength info: rsrp: -90 rsrq: -10 rssi: -67 rssnr: 6
08-10 23:31:46.241  5910  5910 D cellinfo: onsignalStrengthsChanged: 5G-NR Signal Strength info: ssrsrp: -83 ssrsrq: -11 sssinr: 2147483647
08-10 23:31:46.334  5910  5982 D cellinfo: 46 bytes from 44.241.174.93: icmp_seq=10222 ttl=30 time=42.3 ms
08-10 23:31:46.534  5910  5982 D cellinfo: 46 bytes from 44.241.174.93: icmp_seq=10223 ttl=30 time=41.1 ms
08-10 23:31:46.734  5910  5982 D cellinfo: 46 bytes from 44.241.174.93: icmp_seq=10224 ttl=30 time=40.8 ms
08-10 23:31:46.934  5910  5982 D cellinfo: 46 bytes from 44.241.174.93: icmp_seq=10225 ttl=30 time=40.1 ms
08-10 23:31:47.144  5910  5982 D cellinfo: 46 bytes from 44.241.174.93: icmp_seq=10226 ttl=30 time=49.3 ms
08-10 23:31:47.205  5910  5910 D cellinfo: Latitude is 39.8210247
08-10 23:31:47.205  5910  5910 D cellinfo: Longitude is -104.9833006
08-10 23:31:47.205  5910  5910 D cellinfo: Instantaneous GPS information: United States, I-25, Denver, CO 80221, USA
08-10 23:31:47.205  5910  5910 D cellinfo: getCurrentLocation() result: Location (success): 39.8210247, -104.9833006
08-10 23:31:47.207  5910  5910 D cellinfo: onCellInfoChanged: Operator: T-Mobile UpdateTimestamp: 19628144 CellConnectionStatus: 0
08-10 23:31:47.207  5910  5910 D cellinfo: onCellInfoChanged: LTE Cell Bands: [2] Bandwidth: 15000 Cell ID: 8843021 Physical Cell ID: 180 Tracking Area Code: 41224 EARFCN: 875
08-10 23:31:47.220  5910  5910 D cellinfo: Latitude is 39.8210247
08-10 23:31:47.220  5910  5910 D cellinfo: Longitude is -104.9833006
08-10 23:31:47.220  5910  5910 D cellinfo: Instantaneous GPS information: United States, I-25, Denver, CO 80221, USA
08-10 23:31:47.221  5910  5910 D cellinfo: getCurrentLocation() result: Location (success): 39.8210247, -104.9833006
08-10 23:31:47.339  5910  5982 D cellinfo: 46 bytes from 44.241.174.93: icmp_seq=10227 ttl=30 time=43.3 ms
08-10 23:31:47.538  5910  5982 D cellinfo: 46 bytes from 44.241.174.93: icmp_seq=10228 ttl=30 time=41.8 ms
08-10 23:31:47.737  5910  5982 D cellinfo: 46 bytes from 44.241.174.93: icmp_seq=10229 ttl=30 time=39.3 ms
08-10 23:31:47.939  5910  5982 D cellinfo: 46 bytes from 44.241.174.93: icmp_seq=10230 ttl=30 time=40.3 ms
08-10 23:31:48.145  5910  5982 D cellinfo: 46 bytes from 44.241.174.93: icmp_seq=10231 ttl=30 time=45.2 ms
08-10 23:31:48.293  5910  5910 D cellinfo: onsignalStrengthsChanged: LTE Signal Strength info: rsrp: -83 rsrq: -11 rssi: -55 rssnr: 16
08-10 23:31:48.293  5910  5910 D cellinfo: onsignalStrengthsChanged: 5G-NR Signal Strength info: ssrsrp: -83 ssrsrq: -11 sssinr: 2147483647
08-10 23:31:48.344  5910  5982 D cellinfo: 46 bytes from 44.241.174.93: icmp_seq=10232 ttl=30 time=43.6 ms
08-10 23:31:48.544  5910  5982 D cellinfo: 46 bytes from 44.241.174.93: icmp_seq=10233 ttl=30 time=43.4 ms
08-10 23:31:48.745  5910  5982 D cellinfo: 46 bytes from 44.241.174.93: icmp_seq=10234 ttl=30 time=42.9 ms
08-10 23:31:48.944  5910  5982 D cellinfo: 46 bytes from 44.241.174.93: icmp_seq=10235 ttl=30 time=41.1 ms
08-10 23:31:49.144  5910  5982 D cellinfo: 46 bytes from 44.241.174.93: icmp_seq=10236 ttl=30 time=40.6 ms
08-10 23:31:49.242  5910  5910 D cellinfo: onsignalStrengthsChanged: LTE Signal Strength info: rsrp: -83 rsrq: -11 rssi: -55 rssnr: 16
08-10 23:31:49.242  5910  5910 D cellinfo: onsignalStrengthsChanged: 5G-NR Signal Strength info: ssrsrp: -81 ssrsrq: -11 sssinr: 2147483647
08-10 23:31:49.349  5910  5982 D cellinfo: 46 bytes from 44.241.174.93: icmp_seq=10237 ttl=30 time=45.2 ms
08-10 23:31:49.555  5910  5982 D cellinfo: 46 bytes from 44.241.174.93: icmp_seq=10238 ttl=30 time=49.3 ms
08-10 23:31:49.749  5910  5982 D cellinfo: 46 bytes from 44.241.174.93: icmp_seq=10239 ttl=30 time=42.5 ms
08-10 23:31:49.947  5910  5982 D cellinfo: 46 bytes from 44.241.174.93: icmp_seq=10240 ttl=30 time=38.5 ms
08-10 23:31:50.155  5910  5982 D cellinfo: 46 bytes from 44.241.174.93: icmp_seq=10241 ttl=30 time=44.9 ms
08-10 23:31:50.314  5910  5910 D cellinfo: Latitude is 39.8209924
08-10 23:31:50.314  5910  5910 D cellinfo: Longitude is -104.9832677
08-10 23:31:50.314  5910  5910 D cellinfo: Instantaneous GPS information: United States, I-25, Denver, CO 80221, USA
08-10 23:31:50.314  5910  5910 D cellinfo: getCurrentLocation() result: Location (success): 39.8209924, -104.9832677
08-10 23:31:50.316  5910  5910 D cellinfo: onCellInfoChanged: Operator: T-Mobile UpdateTimestamp: 19631151 CellConnectionStatus: 0
08-10 23:31:50.316  5910  5910 D cellinfo: onCellInfoChanged: LTE Cell Bands: [2] Bandwidth: 15000 Cell ID: 8843021 Physical Cell ID: 180 Tracking Area Code: 41224 EARFCN: 875
08-10 23:31:50.357  5910  5982 D cellinfo: 46 bytes from 44.241.174.93: icmp_seq=10242 ttl=30 time=46.0 ms
08-10 23:31:50.554  5910  5982 D cellinfo: 46 bytes from 44.241.174.93: icmp_seq=10243 ttl=30 time=42.5 ms
08-10 23:31:50.754  5910  5982 D cellinfo: 46 bytes from 44.241.174.93: icmp_seq=10244 ttl=30 time=41.3 ms
08-10 23:31:50.959  5910  5982 D cellinfo: 46 bytes from 44.241.174.93: icmp_seq=10245 ttl=30 time=45.3 ms
08-10 23:31:51.159  5910  5982 D cellinfo: 46 bytes from 44.241.174.93: icmp_seq=10246 ttl=30 time=44.5 ms
08-10 23:31:51.359  5910  5982 D cellinfo: 46 bytes from 44.241.174.93: icmp_seq=10247 ttl=30 time=43.0 ms
08-10 23:31:51.559  5910  5982 D cellinfo: 46 bytes from 44.241.174.93: icmp_seq=10248 ttl=30 time=42.1 ms
08-10 23:31:51.757  5910  5982 D cellinfo: 46 bytes from 44.241.174.93: icmp_seq=10249 ttl=30 time=39.7 ms
08-10 23:31:51.959  5910  5982 D cellinfo: 46 bytes from 44.241.174.93: icmp_seq=10250 ttl=30 time=41.1 ms
08-10 23:31:52.157  5910  5982 D cellinfo: 46 bytes from 44.241.174.93: icmp_seq=10251 ttl=30 time=38.5 ms
08-10 23:31:52.222  5910  5910 D cellinfo: onsignalStrengthsChanged: LTE Signal Strength info: rsrp: -90 rsrq: -10 rssi: -61 rssnr: 10
08-10 23:31:52.223  5910  5910 D cellinfo: onsignalStrengthsChanged: 5G-NR Signal Strength info: ssrsrp: -81 ssrsrq: -11 sssinr: 2147483647
08-10 23:31:52.240  5910  5910 D cellinfo: onsignalStrengthsChanged: LTE Signal Strength info: rsrp: -90 rsrq: -10 rssi: -61 rssnr: 10
08-10 23:31:52.240  5910  5910 D cellinfo: onsignalStrengthsChanged: 5G-NR Signal Strength info: ssrsrp: -83 ssrsrq: -11 sssinr: 2147483647
08-10 23:31:52.364  5910  5982 D cellinfo: 46 bytes from 44.241.174.93: icmp_seq=10252 ttl=30 time=44.2 ms
08-10 23:31:52.564  5910  5982 D cellinfo: 46 bytes from 44.241.174.93: icmp_seq=10253 ttl=30 time=43.2 ms
08-10 23:31:52.764  5910  5982 D cellinfo: 46 bytes from 44.241.174.93: icmp_seq=10254 ttl=30 time=42.0 ms
08-10 23:31:52.964  5910  5982 D cellinfo: 46 bytes from 44.241.174.93: icmp_seq=10255 ttl=30 time=41.9 ms
08-10 23:31:53.169  5910  5982 D cellinfo: 46 bytes from 44.241.174.93: icmp_seq=10256 ttl=30 time=45.8 ms
08-10 23:31:53.315  5910  5910 D cellinfo: Latitude is 39.8202242
08-10 23:31:53.315  5910  5910 D cellinfo: Longitude is -104.9832393
08-10 23:31:53.315  5910  5910 D cellinfo: Instantaneous GPS information: United States, I-25, Denver, CO 80221, USA
08-10 23:31:53.315  5910  5910 D cellinfo: getCurrentLocation() result: Location (success): 39.8202242, -104.9832393
08-10 23:31:53.317  5910  5910 D cellinfo: onCellInfoChanged: Operator: T-Mobile UpdateTimestamp: 19634138 CellConnectionStatus: 0
08-10 23:31:53.317  5910  5910 D cellinfo: onCellInfoChanged: LTE Cell Bands: [2] Bandwidth: 15000 Cell ID: 8843021 Physical Cell ID: 180 Tracking Area Code: 41224 EARFCN: 875
08-10 23:31:53.369  5910  5982 D cellinfo: 46 bytes from 44.241.174.93: icmp_seq=10257 ttl=30 time=45.3 ms
08-10 23:31:53.569  5910  5982 D cellinfo: 46 bytes from 44.241.174.93: icmp_seq=10258 ttl=30 time=44.4 ms
08-10 23:31:53.769  5910  5982 D cellinfo: 46 bytes from 44.241.174.93: icmp_seq=10259 ttl=30 time=42.7 ms
08-10 23:31:53.969  5910  5982 D cellinfo: 46 bytes from 44.241.174.93: icmp_seq=10260 ttl=30 time=41.9 ms
08-10 23:31:54.170  5910  5982 D cellinfo: 46 bytes from 44.241.174.93: icmp_seq=10261 ttl=30 time=41.9 ms
08-10 23:31:54.369  5910  5982 D cellinfo: 46 bytes from 44.241.174.93: icmp_seq=10262 ttl=30 time=40.4 ms
08-10 23:31:54.574  5910  5982 D cellinfo: 46 bytes from 44.241.174.93: icmp_seq=10263 ttl=30 time=44.1 ms
08-10 23:31:54.775  5910  5982 D cellinfo: 46 bytes from 44.241.174.93: icmp_seq=10264 ttl=30 time=43.8 ms
08-10 23:31:54.979  5910  5982 D cellinfo: 46 bytes from 44.241.174.93: icmp_seq=10265 ttl=30 time=47.4 ms
08-10 23:31:55.013  5910  5910 D cellinfo: onsignalStrengthsChanged: LTE Signal Strength info: rsrp: -93 rsrq: -13 rssi: -63 rssnr: 6
08-10 23:31:55.013  5910  5910 D cellinfo: onsignalStrengthsChanged: 5G-NR Signal Strength info: ssrsrp: -83 ssrsrq: -11 sssinr: 2147483647
08-10 23:31:55.174  5910  5982 D cellinfo: 46 bytes from 44.241.174.93: icmp_seq=10266 ttl=30 time=42.2 ms
08-10 23:31:55.240  5910  5910 D cellinfo: onsignalStrengthsChanged: LTE Signal Strength info: rsrp: -93 rsrq: -13 rssi: -63 rssnr: 6
08-10 23:31:55.240  5910  5910 D cellinfo: onsignalStrengthsChanged: 5G-NR Signal Strength info: ssrsrp: -86 ssrsrq: -11 sssinr: 2147483647
08-10 23:31:55.375  5910  5982 D cellinfo: 46 bytes from 44.241.174.93: icmp_seq=10267 ttl=30 time=41.1 ms
