--------- beginning of main
08-10 21:48:05.751 21632 21632 D cellinfo: Country == United States
08-10 21:48:05.751 21632 21632 D cellinfo: City == Tie Siding
08-10 21:48:05.751 21632 21632 D cellinfo: GPS Info == 1803-1811 US-287, Tie Siding, WY 82084, USA
08-10 21:48:05.751 21632 21632 D cellinfo: Network Operator == T-Mobile
08-10 21:48:05.752 21632 21632 D cellinfo: User movement == Static
08-10 21:48:05.752 21632 21632 D cellinfo: isEastCoast == false
08-10 21:48:05.752 21632 21632 D cellinfo: isWestCoast == true
08-10 21:48:05.752 21632 21632 D cellinfo: isBoston == false
08-10 21:48:05.752 21632 21632 D cellinfo: All GPS info fetched. Saving city and country info
08-10 21:48:05.753 21632 21683 D cellinfo: Timestamp: 1660189685
08-10 21:48:06.254 21632 21684 D cellinfo: Logging started
08-10 21:48:06.263 21632 21632 D cellinfo: onServiceStateChanged: Channel Number: 68661 Cell Bandwidths: [5000]
08-10 21:48:06.263 21632 21632 D cellinfo: onsignalStrengthsChanged: LTE Signal Strength info: rsrp: -120 rsrq: -12 rssi: -91 rssnr: 5
08-10 21:48:06.263 21632 21632 D cellinfo: onCellInfoChanged: Operator: T-Mobile UpdateTimestamp: 13406843 CellConnectionStatus: 0
08-10 21:48:06.264 21632 21632 D cellinfo: onCellInfoChanged: LTE Cell Bands: [71] Bandwidth: 5000 Cell ID: 25835583 Physical Cell ID: 246 Tracking Area Code: 47617 EARFCN: 68661
08-10 21:48:06.264 21632 21632 D cellinfo: onDisplayInfoChanged: NetworkType: LTE OverrideNetworkType: 5G (Sub-6 GHz)
08-10 21:48:06.756 21632 21683 D cellinfo: Ping command fired: /system/bin/ping -i 0.2 -s 38 44.241.174.93
08-10 21:48:06.837 21632 21683 D cellinfo: PING 44.241.174.93 (44.241.174.93) 38(66) bytes of data.
08-10 21:48:06.837 21632 21683 D cellinfo: 46 bytes from 44.241.174.93: icmp_seq=1 ttl=27 time=76.4 ms
08-10 21:48:06.845 21632 21632 D cellinfo: onsignalStrengthsChanged: LTE Signal Strength info: rsrp: -112 rsrq: -11 rssi: -85 rssnr: 8
08-10 21:48:07.037 21632 21683 D cellinfo: 46 bytes from 44.241.174.93: icmp_seq=2 ttl=27 time=74.8 ms
08-10 21:48:07.240 21632 21683 D cellinfo: 46 bytes from 44.241.174.93: icmp_seq=3 ttl=27 time=78.0 ms
08-10 21:48:07.442 21632 21683 D cellinfo: 46 bytes from 44.241.174.93: icmp_seq=4 ttl=27 time=79.1 ms
08-10 21:48:07.639 21632 21683 D cellinfo: 46 bytes from 44.241.174.93: icmp_seq=5 ttl=27 time=75.3 ms
08-10 21:48:07.848 21632 21683 D cellinfo: 46 bytes from 44.241.174.93: icmp_seq=6 ttl=27 time=82.7 ms
08-10 21:48:08.041 21632 21683 D cellinfo: 46 bytes from 44.241.174.93: icmp_seq=7 ttl=27 time=74.3 ms
08-10 21:48:08.237 21632 21683 D cellinfo: 46 bytes from 44.241.174.93: icmp_seq=8 ttl=27 time=69.1 ms
08-10 21:48:08.321 21632 21632 D cellinfo: Latitude is 41.0461847
08-10 21:48:08.321 21632 21632 D cellinfo: Longitude is -105.4633419
08-10 21:48:08.321 21632 21632 D cellinfo: Instantaneous GPS information: United States, 2063 US-287, Tie Siding, WY 82084, USA
08-10 21:48:08.321 21632 21632 D cellinfo: getCurrentLocation() result: Location (success): 41.0461847, -105.4633419
08-10 21:48:08.324 21632 21632 D cellinfo: onServiceStateChanged: Channel Number: 68661 Cell Bandwidths: [5000, 10000]
08-10 21:48:08.442 21632 21683 D cellinfo: 46 bytes from 44.241.174.93: icmp_seq=9 ttl=27 time=74.3 ms
08-10 21:48:08.643 21632 21683 D cellinfo: 46 bytes from 44.241.174.93: icmp_seq=10 ttl=27 time=74.6 ms
08-10 21:48:08.752 21632 21632 D cellinfo: Latitude is 41.0461847
08-10 21:48:08.752 21632 21632 D cellinfo: Longitude is -105.4633419
08-10 21:48:08.752 21632 21632 D cellinfo: Instantaneous GPS information: United States, 2063 US-287, Tie Siding, WY 82084, USA
08-10 21:48:08.752 21632 21632 D cellinfo: getCurrentLocation() result: Location (success): 41.0461847, -105.4633419
08-10 21:48:08.780 21632 21632 D cellinfo: onCellInfoChanged: Operator: T-Mobile UpdateTimestamp: 13409816 CellConnectionStatus: 0
08-10 21:48:08.780 21632 21632 D cellinfo: onCellInfoChanged: LTE Cell Bands: [71] Bandwidth: 5000 Cell ID: 25835583 Physical Cell ID: 246 Tracking Area Code: 47617 EARFCN: 68661
08-10 21:48:08.844 21632 21683 D cellinfo: 46 bytes from 44.241.174.93: icmp_seq=11 ttl=27 time=73.9 ms
08-10 21:48:09.046 21632 21683 D cellinfo: 46 bytes from 44.241.174.93: icmp_seq=12 ttl=27 time=76.3 ms
08-10 21:48:09.256 21632 21683 D cellinfo: 46 bytes from 44.241.174.93: icmp_seq=13 ttl=27 time=86.0 ms
08-10 21:48:09.457 21632 21683 D cellinfo: 46 bytes from 44.241.174.93: icmp_seq=14 ttl=27 time=86.3 ms
08-10 21:48:09.640 21632 21683 D cellinfo: 46 bytes from 44.241.174.93: icmp_seq=15 ttl=27 time=69.3 ms
08-10 21:48:09.856 21632 21683 D cellinfo: 46 bytes from 44.241.174.93: icmp_seq=16 ttl=27 time=83.7 ms
08-10 21:48:10.059 21632 21683 D cellinfo: 46 bytes from 44.241.174.93: icmp_seq=17 ttl=27 time=85.7 ms
08-10 21:48:10.261 21632 21683 D cellinfo: 46 bytes from 44.241.174.93: icmp_seq=18 ttl=27 time=87.5 ms
08-10 21:48:10.454 21632 21683 D cellinfo: 46 bytes from 44.241.174.93: icmp_seq=19 ttl=27 time=80.4 ms
08-10 21:48:10.660 21632 21683 D cellinfo: 46 bytes from 44.241.174.93: icmp_seq=20 ttl=27 time=85.1 ms
08-10 21:48:10.883 21632 21683 D cellinfo: 46 bytes from 44.241.174.93: icmp_seq=21 ttl=27 time=108 ms
08-10 21:48:11.062 21632 21683 D cellinfo: 46 bytes from 44.241.174.93: icmp_seq=22 ttl=27 time=86.6 ms
08-10 21:48:11.263 21632 21683 D cellinfo: 46 bytes from 44.241.174.93: icmp_seq=23 ttl=27 time=87.4 ms
08-10 21:48:11.476 21632 21683 D cellinfo: 46 bytes from 44.241.174.93: icmp_seq=24 ttl=27 time=99.5 ms
08-10 21:48:11.661 21632 21683 D cellinfo: 46 bytes from 44.241.174.93: icmp_seq=25 ttl=27 time=83.4 ms
08-10 21:48:11.860 21632 21683 D cellinfo: 46 bytes from 44.241.174.93: icmp_seq=26 ttl=27 time=81.4 ms
08-10 21:48:12.056 21632 21683 D cellinfo: 46 bytes from 44.241.174.93: icmp_seq=27 ttl=27 time=75.7 ms
08-10 21:48:12.083 21632 21632 D cellinfo: Latitude is 41.0460555
08-10 21:48:12.083 21632 21632 D cellinfo: Longitude is -105.4632174
08-10 21:48:12.083 21632 21632 D cellinfo: Instantaneous GPS information: United States, 2065 US-287, Tie Siding, WY 82084, USA
08-10 21:48:12.083 21632 21632 D cellinfo: getCurrentLocation() result: Location (success): 41.0460555, -105.4632174
08-10 21:48:12.085 21632 21632 D cellinfo: onCellInfoChanged: Operator: T-Mobile UpdateTimestamp: 13412829 CellConnectionStatus: 0
08-10 21:48:12.085 21632 21632 D cellinfo: onCellInfoChanged: LTE Cell Bands: [71] Bandwidth: 5000 Cell ID: 25835583 Physical Cell ID: 246 Tracking Area Code: 47617 EARFCN: 68661
08-10 21:48:12.254 21632 21683 D cellinfo: 46 bytes from 44.241.174.93: icmp_seq=28 ttl=27 time=73.4 ms
08-10 21:48:12.521 21632 21683 D cellinfo: 46 bytes from 44.241.174.93: icmp_seq=29 ttl=27 time=139 ms
08-10 21:48:12.669 21632 21683 D cellinfo: 46 bytes from 44.241.174.93: icmp_seq=30 ttl=27 time=85.9 ms
08-10 21:48:12.761 21632 21632 D cellinfo: onServiceStateChanged: Channel Number: 852 Cell Bandwidths: [10000]
08-10 21:48:12.864 21632 21683 D cellinfo: 46 bytes from 44.241.174.93: icmp_seq=31 ttl=27 time=79.8 ms
08-10 21:48:13.073 21632 21683 D cellinfo: 46 bytes from 44.241.174.93: icmp_seq=32 ttl=27 time=89.1 ms
08-10 21:48:13.264 21632 21683 D cellinfo: 46 bytes from 44.241.174.93: icmp_seq=33 ttl=27 time=79.8 ms
08-10 21:48:13.512 21632 21632 D cellinfo: onServiceStateChanged: Channel Number: 852 Cell Bandwidths: [10000]
08-10 21:48:13.570 21632 21683 D cellinfo: 46 bytes from 44.241.174.93: icmp_seq=34 ttl=27 time=184 ms
08-10 21:48:13.701 21632 21683 D cellinfo: 46 bytes from 44.241.174.93: icmp_seq=35 ttl=27 time=114 ms
08-10 21:48:13.887 21632 21683 D cellinfo: 46 bytes from 44.241.174.93: icmp_seq=36 ttl=27 time=99.1 ms
08-10 21:48:14.089 21632 21683 D cellinfo: 46 bytes from 44.241.174.93: icmp_seq=37 ttl=27 time=99.9 ms
08-10 21:48:14.290 21632 21683 D cellinfo: 46 bytes from 44.241.174.93: icmp_seq=38 ttl=27 time=102 ms
08-10 21:48:14.479 21632 21683 D cellinfo: 46 bytes from 44.241.174.93: icmp_seq=39 ttl=27 time=90.5 ms
08-10 21:48:14.685 21632 21683 D cellinfo: 46 bytes from 44.241.174.93: icmp_seq=40 ttl=27 time=95.2 ms
08-10 21:48:14.881 21632 21683 D cellinfo: 46 bytes from 44.241.174.93: icmp_seq=41 ttl=27 time=90.1 ms
08-10 21:48:15.090 21632 21683 D cellinfo: 46 bytes from 44.241.174.93: icmp_seq=42 ttl=27 time=97.2 ms
08-10 21:48:15.309 21632 21632 D cellinfo: Latitude is 41.0454559
08-10 21:48:15.309 21632 21632 D cellinfo: Longitude is -105.4626398
08-10 21:48:15.309 21632 21632 D cellinfo: Instantaneous GPS information: United States, 2055-2073 US-287, Tie Siding, WY 82084, USA
08-10 21:48:15.309 21632 21632 D cellinfo: getCurrentLocation() result: Location (success): 41.0454559, -105.4626398
08-10 21:48:15.311 21632 21632 D cellinfo: onCellInfoChanged: Operator: T-Mobile UpdateTimestamp: 13415847 CellConnectionStatus: 0
08-10 21:48:15.312 21632 21632 D cellinfo: onCellInfoChanged: LTE Cell Bands: [2] Bandwidth: 10000 Cell ID: 25832716 Physical Cell ID: 286 Tracking Area Code: 47617 EARFCN: 852
08-10 21:48:15.343 21632 21683 D cellinfo: 46 bytes from 44.241.174.93: icmp_seq=43 ttl=27 time=149 ms
08-10 21:48:15.499 21632 21683 D cellinfo: 46 bytes from 44.241.174.93: icmp_seq=44 ttl=27 time=104 ms
08-10 21:48:15.695 21632 21683 D cellinfo: 46 bytes from 44.241.174.93: icmp_seq=45 ttl=27 time=99.6 ms
08-10 21:48:15.895 21632 21683 D cellinfo: 46 bytes from 44.241.174.93: icmp_seq=46 ttl=27 time=98.8 ms
08-10 21:48:16.096 21632 21683 D cellinfo: 46 bytes from 44.241.174.93: icmp_seq=47 ttl=27 time=99.7 ms
08-10 21:48:16.280 21632 21683 D cellinfo: 46 bytes from 44.241.174.93: icmp_seq=48 ttl=27 time=83.2 ms
08-10 21:48:16.291 21632 21632 D cellinfo: onsignalStrengthsChanged: LTE Signal Strength info: rsrp: -113 rsrq: -12 rssi: -79 rssnr: 2
08-10 21:48:16.291 21632 21632 D cellinfo: onsignalStrengthsChanged: 5G-NR Signal Strength info: ssrsrp: -107 ssrsrq: -11 sssinr: 2147483647
08-10 21:48:16.479 21632 21683 D cellinfo: 46 bytes from 44.241.174.93: icmp_seq=49 ttl=27 time=81.6 ms
08-10 21:48:16.703 21632 21683 D cellinfo: 46 bytes from 44.241.174.93: icmp_seq=50 ttl=27 time=104 ms
08-10 21:48:16.879 21632 21683 D cellinfo: 46 bytes from 44.241.174.93: icmp_seq=51 ttl=27 time=79.2 ms
08-10 21:48:17.085 21632 21683 D cellinfo: 46 bytes from 44.241.174.93: icmp_seq=52 ttl=27 time=84.4 ms
08-10 21:48:17.286 21632 21683 D cellinfo: 46 bytes from 44.241.174.93: icmp_seq=53 ttl=27 time=84.1 ms
08-10 21:48:17.488 21632 21683 D cellinfo: 46 bytes from 44.241.174.93: icmp_seq=54 ttl=27 time=86.0 ms
08-10 21:48:17.687 21632 21683 D cellinfo: 46 bytes from 44.241.174.93: icmp_seq=55 ttl=27 time=84.4 ms
08-10 21:48:17.888 21632 21683 D cellinfo: 46 bytes from 44.241.174.93: icmp_seq=56 ttl=27 time=84.7 ms
08-10 21:48:18.089 21632 21683 D cellinfo: 46 bytes from 44.241.174.93: icmp_seq=57 ttl=27 time=83.3 ms
08-10 21:48:18.198 21632 21632 D cellinfo: Latitude is 41.0451344
08-10 21:48:18.198 21632 21632 D cellinfo: Longitude is -105.46233
08-10 21:48:18.199 21632 21632 D cellinfo: Instantaneous GPS information: United States, 2073 US-287, Tie Siding, WY 82084, USA
08-10 21:48:18.199 21632 21632 D cellinfo: getCurrentLocation() result: Location (success): 41.0451344, -105.46233
08-10 21:48:18.201 21632 21632 D cellinfo: onCellInfoChanged: Operator: T-Mobile UpdateTimestamp: 13418857 CellConnectionStatus: 0
08-10 21:48:18.201 21632 21632 D cellinfo: onCellInfoChanged: LTE Cell Bands: [2] Bandwidth: 10000 Cell ID: 25832716 Physical Cell ID: 286 Tracking Area Code: 47617 EARFCN: 852
08-10 21:48:18.305 21632 21683 D cellinfo: 46 bytes from 44.241.174.93: icmp_seq=58 ttl=27 time=98.5 ms
08-10 21:48:18.489 21632 21683 D cellinfo: 46 bytes from 44.241.174.93: icmp_seq=59 ttl=27 time=81.0 ms
08-10 21:48:18.688 21632 21683 D cellinfo: 46 bytes from 44.241.174.93: icmp_seq=60 ttl=27 time=79.4 ms
08-10 21:48:18.896 21632 21683 D cellinfo: 46 bytes from 44.241.174.93: icmp_seq=61 ttl=27 time=86.3 ms
08-10 21:48:19.089 21632 21683 D cellinfo: 46 bytes from 44.241.174.93: icmp_seq=62 ttl=27 time=77.8 ms
08-10 21:48:19.288 21632 21683 D cellinfo: 46 bytes from 44.241.174.93: icmp_seq=63 ttl=27 time=76.9 ms
08-10 21:48:19.290 21632 21632 D cellinfo: onsignalStrengthsChanged: LTE Signal Strength info: rsrp: -113 rsrq: -12 rssi: -79 rssnr: 2
08-10 21:48:19.290 21632 21632 D cellinfo: onsignalStrengthsChanged: 5G-NR Signal Strength info: ssrsrp: -102 ssrsrq: -12 sssinr: 2147483647
08-10 21:48:19.494 21632 21683 D cellinfo: 46 bytes from 44.241.174.93: icmp_seq=64 ttl=27 time=82.3 ms
08-10 21:48:19.703 21632 21683 D cellinfo: 46 bytes from 44.241.174.93: icmp_seq=65 ttl=27 time=90.3 ms
08-10 21:48:19.758 21632 21632 D cellinfo: onsignalStrengthsChanged: LTE Signal Strength info: rsrp: -110 rsrq: -13 rssi: -81 rssnr: 3
08-10 21:48:19.758 21632 21632 D cellinfo: onsignalStrengthsChanged: 5G-NR Signal Strength info: ssrsrp: -102 ssrsrq: -12 sssinr: 2147483647
08-10 21:48:19.905 21632 21683 D cellinfo: 46 bytes from 44.241.174.93: icmp_seq=66 ttl=27 time=91.7 ms
08-10 21:48:20.108 21632 21683 D cellinfo: 46 bytes from 44.241.174.93: icmp_seq=67 ttl=27 time=93.6 ms
08-10 21:48:20.304 21632 21683 D cellinfo: 46 bytes from 44.241.174.93: icmp_seq=68 ttl=27 time=88.8 ms
08-10 21:48:20.563 21632 21683 D cellinfo: 46 bytes from 44.241.174.93: icmp_seq=69 ttl=27 time=147 ms
08-10 21:48:20.587 21632 21632 D cellinfo: onServiceStateChanged: Channel Number: 852 Cell Bandwidths: [10000]
08-10 21:48:20.699 21632 21683 D cellinfo: 46 bytes from 44.241.174.93: icmp_seq=70 ttl=27 time=82.8 ms
08-10 21:48:20.788 21632 21632 D cellinfo: onCellInfoChanged: Operator: T-Mobile UpdateTimestamp: 13421822 CellConnectionStatus: 0
08-10 21:48:20.788 21632 21632 D cellinfo: onCellInfoChanged: LTE Cell Bands: [2] Bandwidth: 10000 Cell ID: 25835533 Physical Cell ID: 207 Tracking Area Code: 47617 EARFCN: 852
08-10 21:48:20.892 21632 21683 D cellinfo: 46 bytes from 44.241.174.93: icmp_seq=71 ttl=27 time=74.8 ms
08-10 21:48:21.099 21632 21683 D cellinfo: 46 bytes from 44.241.174.93: icmp_seq=72 ttl=27 time=81.4 ms
08-10 21:48:21.299 21632 21683 D cellinfo: 46 bytes from 44.241.174.93: icmp_seq=73 ttl=27 time=80.7 ms
08-10 21:48:21.500 21632 21683 D cellinfo: 46 bytes from 44.241.174.93: icmp_seq=74 ttl=27 time=79.7 ms
08-10 21:48:21.697 21632 21683 D cellinfo: 46 bytes from 44.241.174.93: icmp_seq=75 ttl=27 time=76.4 ms
08-10 21:48:21.892 21632 21683 D cellinfo: 46 bytes from 44.241.174.93: icmp_seq=76 ttl=27 time=70.3 ms
08-10 21:48:22.106 21632 21683 D cellinfo: 46 bytes from 44.241.174.93: icmp_seq=77 ttl=27 time=82.7 ms
08-10 21:48:22.312 21632 21632 D cellinfo: Latitude is 41.0432685
08-10 21:48:22.312 21632 21632 D cellinfo: Longitude is -105.4593656
08-10 21:48:22.312 21632 21632 D cellinfo: Instantaneous GPS information: United States, US-287, Tie Siding, WY 82084, USA
08-10 21:48:22.312 21632 21632 D cellinfo: getCurrentLocation() result: Location (success): 41.0432685, -105.4593656
08-10 21:48:22.312 21632 21683 D cellinfo: 46 bytes from 44.241.174.93: icmp_seq=78 ttl=27 time=86.8 ms
08-10 21:48:22.314 21632 21632 D cellinfo: onsignalStrengthsChanged: LTE Signal Strength info: rsrp: -110 rsrq: -13 rssi: -81 rssnr: 3
08-10 21:48:22.315 21632 21632 D cellinfo: onsignalStrengthsChanged: 5G-NR Signal Strength info: ssrsrp: -104 ssrsrq: -12 sssinr: 2147483647
08-10 21:48:22.506 21632 21683 D cellinfo: 46 bytes from 44.241.174.93: icmp_seq=79 ttl=27 time=80.1 ms
08-10 21:48:22.532 21632 21632 D cellinfo: onsignalStrengthsChanged: LTE Signal Strength info: rsrp: -106 rsrq: -7 rssi: -79 rssnr: 12
08-10 21:48:22.532 21632 21632 D cellinfo: onsignalStrengthsChanged: 5G-NR Signal Strength info: ssrsrp: -104 ssrsrq: -12 sssinr: 2147483647
08-10 21:48:22.708 21632 21683 D cellinfo: 46 bytes from 44.241.174.93: icmp_seq=80 ttl=27 time=81.3 ms
08-10 21:48:22.908 21632 21683 D cellinfo: 46 bytes from 44.241.174.93: icmp_seq=81 ttl=27 time=79.3 ms
08-10 21:48:23.109 21632 21683 D cellinfo: 46 bytes from 44.241.174.93: icmp_seq=82 ttl=27 time=78.7 ms
08-10 21:48:23.314 21632 21683 D cellinfo: 46 bytes from 44.241.174.93: icmp_seq=83 ttl=27 time=83.0 ms
08-10 21:48:23.516 21632 21683 D cellinfo: 46 bytes from 44.241.174.93: icmp_seq=84 ttl=27 time=85.1 ms
08-10 21:48:23.711 21632 21683 D cellinfo: 46 bytes from 44.241.174.93: icmp_seq=85 ttl=27 time=78.9 ms
08-10 21:48:23.762 21632 21632 D cellinfo: Latitude is 41.0432685
08-10 21:48:23.762 21632 21632 D cellinfo: Longitude is -105.4593656
08-10 21:48:23.762 21632 21632 D cellinfo: Instantaneous GPS information: United States, US-287, Tie Siding, WY 82084, USA
08-10 21:48:23.762 21632 21632 D cellinfo: getCurrentLocation() result: Location (success): 41.0432685, -105.4593656
08-10 21:48:23.795 21632 21632 D cellinfo: onCellInfoChanged: Operator: T-Mobile UpdateTimestamp: 13424828 CellConnectionStatus: 0
08-10 21:48:23.795 21632 21632 D cellinfo: onCellInfoChanged: LTE Cell Bands: [2] Bandwidth: 10000 Cell ID: 25835533 Physical Cell ID: 207 Tracking Area Code: 47617 EARFCN: 852
08-10 21:48:23.918 21632 21683 D cellinfo: 46 bytes from 44.241.174.93: icmp_seq=86 ttl=27 time=85.4 ms
08-10 21:48:24.111 21632 21683 D cellinfo: 46 bytes from 44.241.174.93: icmp_seq=87 ttl=27 time=78.3 ms
08-10 21:48:24.346 21632 21683 D cellinfo: 46 bytes from 44.241.174.93: icmp_seq=88 ttl=27 time=111 ms
08-10 21:48:24.510 21632 21683 D cellinfo: 46 bytes from 44.241.174.93: icmp_seq=89 ttl=27 time=76.3 ms
08-10 21:48:24.727 21632 21683 D cellinfo: 46 bytes from 44.241.174.93: icmp_seq=90 ttl=27 time=91.9 ms
08-10 21:48:24.771 21632 21632 D cellinfo: onsignalStrengthsChanged: LTE Signal Strength info: rsrp: -112 rsrq: -16 rssi: -83 rssnr: 6
08-10 21:48:24.771 21632 21632 D cellinfo: onsignalStrengthsChanged: 5G-NR Signal Strength info: ssrsrp: -104 ssrsrq: -12 sssinr: 2147483647
08-10 21:48:24.917 21632 21683 D cellinfo: 46 bytes from 44.241.174.93: icmp_seq=91 ttl=27 time=81.7 ms
08-10 21:48:25.126 21632 21683 D cellinfo: 46 bytes from 44.241.174.93: icmp_seq=92 ttl=27 time=89.7 ms
08-10 21:48:25.290 21632 21632 D cellinfo: onsignalStrengthsChanged: LTE Signal Strength info: rsrp: -112 rsrq: -16 rssi: -83 rssnr: 6
08-10 21:48:25.290 21632 21632 D cellinfo: onsignalStrengthsChanged: 5G-NR Signal Strength info: ssrsrp: -108 ssrsrq: -12 sssinr: 2147483647
08-10 21:48:25.309 21632 21683 D cellinfo: 46 bytes from 44.241.174.93: icmp_seq=93 ttl=27 time=71.5 ms
08-10 21:48:25.518 21632 21683 D cellinfo: 46 bytes from 44.241.174.93: icmp_seq=94 ttl=27 time=79.1 ms
08-10 21:48:25.720 21632 21683 D cellinfo: 46 bytes from 44.241.174.93: icmp_seq=95 ttl=27 time=80.9 ms
08-10 21:48:25.925 21632 21683 D cellinfo: 46 bytes from 44.241.174.93: icmp_seq=96 ttl=27 time=84.3 ms
08-10 21:48:25.937 21632 21632 D cellinfo: onServiceStateChanged: Channel Number: 852 Cell Bandwidths: [10000]
08-10 21:48:26.118 21632 21683 D cellinfo: 46 bytes from 44.241.174.93: icmp_seq=97 ttl=27 time=76.4 ms
08-10 21:48:26.336 21632 21683 D cellinfo: 46 bytes from 44.241.174.93: icmp_seq=98 ttl=27 time=93.0 ms
08-10 21:48:26.528 21632 21683 D cellinfo: 46 bytes from 44.241.174.93: icmp_seq=99 ttl=27 time=83.9 ms
08-10 21:48:26.729 21632 21683 D cellinfo: 46 bytes from 44.241.174.93: icmp_seq=100 ttl=27 time=83.3 ms
08-10 21:48:26.929 21632 21683 D cellinfo: 46 bytes from 44.241.174.93: icmp_seq=101 ttl=27 time=81.5 ms
08-10 21:48:27.132 21632 21683 D cellinfo: 46 bytes from 44.241.174.93: icmp_seq=102 ttl=27 time=83.4 ms
08-10 21:48:27.148 21632 21632 D cellinfo: Latitude is 41.0430249
08-10 21:48:27.148 21632 21632 D cellinfo: Longitude is -105.4588683
08-10 21:48:27.148 21632 21632 D cellinfo: Instantaneous GPS information: United States, US-287, Tie Siding, WY 82084, USA
08-10 21:48:27.148 21632 21632 D cellinfo: getCurrentLocation() result: Location (success): 41.0430249, -105.4588683
08-10 21:48:27.150 21632 21632 D cellinfo: onCellInfoChanged: Operator: T-Mobile UpdateTimestamp: 13427822 CellConnectionStatus: 0
08-10 21:48:27.150 21632 21632 D cellinfo: onCellInfoChanged: LTE Cell Bands: [2] Bandwidth: 10000 Cell ID: 25832716 Physical Cell ID: 286 Tracking Area Code: 47617 EARFCN: 852
08-10 21:48:27.151 21632 21632 D cellinfo: onsignalStrengthsChanged: LTE Signal Strength info: rsrp: -114 rsrq: -14 rssi: -81 rssnr: -1
08-10 21:48:27.151 21632 21632 D cellinfo: onsignalStrengthsChanged: 5G-NR Signal Strength info: ssrsrp: -108 ssrsrq: -12 sssinr: 2147483647
08-10 21:48:27.327 21632 21683 D cellinfo: 46 bytes from 44.241.174.93: icmp_seq=103 ttl=27 time=78.1 ms
08-10 21:48:27.543 21632 21683 D cellinfo: 46 bytes from 44.241.174.93: icmp_seq=104 ttl=27 time=93.2 ms
08-10 21:48:27.728 21632 21683 D cellinfo: 46 bytes from 44.241.174.93: icmp_seq=105 ttl=27 time=77.4 ms
08-10 21:48:27.943 21632 21683 D cellinfo: 46 bytes from 44.241.174.93: icmp_seq=106 ttl=27 time=91.9 ms
08-10 21:48:28.135 21632 21683 D cellinfo: 46 bytes from 44.241.174.93: icmp_seq=107 ttl=27 time=83.5 ms
08-10 21:48:28.290 21632 21632 D cellinfo: onsignalStrengthsChanged: LTE Signal Strength info: rsrp: -114 rsrq: -14 rssi: -81 rssnr: -1
08-10 21:48:28.290 21632 21632 D cellinfo: onsignalStrengthsChanged: 5G-NR Signal Strength info: ssrsrp: -110 ssrsrq: -14 sssinr: -6
08-10 21:48:28.340 21632 21683 D cellinfo: 46 bytes from 44.241.174.93: icmp_seq=108 ttl=27 time=87.1 ms
08-10 21:48:28.540 21632 21683 D cellinfo: 46 bytes from 44.241.174.93: icmp_seq=109 ttl=27 time=86.5 ms
08-10 21:48:28.738 21632 21683 D cellinfo: 46 bytes from 44.241.174.93: icmp_seq=110 ttl=27 time=83.2 ms
08-10 21:48:28.758 21632 21632 D cellinfo: onsignalStrengthsChanged: LTE Signal Strength info: rsrp: -112 rsrq: -13 rssi: -81 rssnr: 1
08-10 21:48:28.758 21632 21632 D cellinfo: onsignalStrengthsChanged: 5G-NR Signal Strength info: ssrsrp: -110 ssrsrq: -14 sssinr: -6
08-10 21:48:28.938 21632 21683 D cellinfo: 46 bytes from 44.241.174.93: icmp_seq=111 ttl=27 time=82.0 ms
08-10 21:48:29.145 21632 21683 D cellinfo: 46 bytes from 44.241.174.93: icmp_seq=112 ttl=27 time=88.5 ms
08-10 21:48:29.338 21632 21683 D cellinfo: 46 bytes from 44.241.174.93: icmp_seq=113 ttl=27 time=80.5 ms
08-10 21:48:29.538 21632 21683 D cellinfo: 46 bytes from 44.241.174.93: icmp_seq=114 ttl=27 time=79.1 ms
08-10 21:48:29.738 21632 21683 D cellinfo: 46 bytes from 44.241.174.93: icmp_seq=115 ttl=27 time=78.2 ms
08-10 21:48:29.939 21632 21683 D cellinfo: 46 bytes from 44.241.174.93: icmp_seq=116 ttl=27 time=77.5 ms
08-10 21:48:30.149 21632 21683 D cellinfo: 46 bytes from 44.241.174.93: icmp_seq=117 ttl=27 time=85.2 ms
08-10 21:48:30.575 21632 21683 D cellinfo: 46 bytes from 44.241.174.93: icmp_seq=118 ttl=27 time=309 ms
08-10 21:48:30.575 21632 21683 D cellinfo: 46 bytes from 44.241.174.93: icmp_seq=119 ttl=27 time=105 ms
08-10 21:48:30.579 21632 21632 D cellinfo: Latitude is 41.0426612
08-10 21:48:30.579 21632 21632 D cellinfo: Longitude is -105.4581261
08-10 21:48:30.579 21632 21632 D cellinfo: Instantaneous GPS information: United States, 2075-2115 US-287, Tie Siding, WY 82084, USA
08-10 21:48:30.579 21632 21632 D cellinfo: getCurrentLocation() result: Location (success): 41.0426612, -105.4581261
08-10 21:48:30.582 21632 21632 D cellinfo: onCellInfoChanged: Operator: T-Mobile UpdateTimestamp: 13430852 CellConnectionStatus: 0
08-10 21:48:30.582 21632 21632 D cellinfo: onCellInfoChanged: LTE Cell Bands: [2] Bandwidth: 10000 Cell ID: 25832716 Physical Cell ID: 286 Tracking Area Code: 47617 EARFCN: 852
08-10 21:48:30.582 21632 21632 D cellinfo: onsignalStrengthsChanged: LTE Signal Strength info: rsrp: -112 rsrq: -13 rssi: -81 rssnr: 1
08-10 21:48:30.583 21632 21632 D cellinfo: onsignalStrengthsChanged: 5G-NR Signal Strength info: ssrsrp: -112 ssrsrq: -14 sssinr: -20
08-10 21:48:30.740 21632 21683 D cellinfo: 46 bytes from 44.241.174.93: icmp_seq=120 ttl=27 time=69.3 ms
08-10 21:48:30.932 21632 21683 D cellinfo: 46 bytes from 44.241.174.93: icmp_seq=121 ttl=27 time=60.6 ms
08-10 21:48:31.141 21632 21683 D cellinfo: 46 bytes from 44.241.174.93: icmp_seq=122 ttl=27 time=68.6 ms
08-10 21:48:31.289 21632 21632 D cellinfo: onsignalStrengthsChanged: LTE Signal Strength info: rsrp: -112 rsrq: -13 rssi: -81 rssnr: 1
08-10 21:48:31.289 21632 21632 D cellinfo: onsignalStrengthsChanged: 5G-NR Signal Strength info: ssrsrp: -112 ssrsrq: -13 sssinr: -10
08-10 21:48:31.342 21632 21683 D cellinfo: 46 bytes from 44.241.174.93: icmp_seq=123 ttl=27 time=68.4 ms
08-10 21:48:31.493 21632 21632 D cellinfo: onsignalStrengthsChanged: LTE Signal Strength info: rsrp: -113 rsrq: -14 rssi: -81 rssnr: 2
08-10 21:48:31.493 21632 21632 D cellinfo: onsignalStrengthsChanged: 5G-NR Signal Strength info: ssrsrp: -112 ssrsrq: -13 sssinr: -10
08-10 21:48:31.549 21632 21683 D cellinfo: 46 bytes from 44.241.174.93: icmp_seq=124 ttl=27 time=74.0 ms
08-10 21:48:31.750 21632 21683 D cellinfo: 46 bytes from 44.241.174.93: icmp_seq=125 ttl=27 time=72.9 ms
08-10 21:48:31.950 21632 21683 D cellinfo: 46 bytes from 44.241.174.93: icmp_seq=126 ttl=27 time=72.7 ms
08-10 21:48:32.153 21632 21683 D cellinfo: 46 bytes from 44.241.174.93: icmp_seq=127 ttl=27 time=73.5 ms
08-10 21:48:32.346 21632 21683 D cellinfo: 46 bytes from 44.241.174.93: icmp_seq=128 ttl=27 time=65.4 ms
08-10 21:48:32.552 21632 21683 D cellinfo: 46 bytes from 44.241.174.93: icmp_seq=129 ttl=27 time=70.2 ms
08-10 21:48:32.754 21632 21683 D cellinfo: 46 bytes from 44.241.174.93: icmp_seq=130 ttl=27 time=71.6 ms
08-10 21:48:33.163 21632 21683 D cellinfo: 46 bytes from 44.241.174.93: icmp_seq=132 ttl=27 time=77.7 ms
08-10 21:48:33.232 21632 21632 D cellinfo: Latitude is 41.0425139
08-10 21:48:33.232 21632 21632 D cellinfo: Longitude is -105.4578255
08-10 21:48:33.232 21632 21632 D cellinfo: Instantaneous GPS information: United States, 2075-2115 US-287, Tie Siding, WY 82084, USA
08-10 21:48:33.232 21632 21632 D cellinfo: getCurrentLocation() result: Location (success): 41.0425139, -105.4578255
08-10 21:48:33.234 21632 21632 D cellinfo: onCellInfoChanged: Operator: T-Mobile UpdateTimestamp: 13433838 CellConnectionStatus: 0
08-10 21:48:33.234 21632 21632 D cellinfo: onCellInfoChanged: LTE Cell Bands: [2] Bandwidth: 10000 Cell ID: 25832716 Physical Cell ID: 286 Tracking Area Code: 47617 EARFCN: 852
08-10 21:48:33.234 21632 21632 D cellinfo: onServiceStateChanged: Channel Number: 68661 Cell Bandwidths: [10000]
08-10 21:48:33.234 21632 21632 D cellinfo: onsignalStrengthsChanged: LTE Signal Strength info: rsrp: -113 rsrq: -14 rssi: -81 rssnr: 2
08-10 21:48:33.234 21632 21632 D cellinfo: onServiceStateChanged: Channel Number: 68661 Cell Bandwidths: [10000]
08-10 21:48:33.359 21632 21632 D cellinfo: onServiceStateChanged: Channel Number: 68661 Cell Bandwidths: [5000]
08-10 21:48:33.369 21632 21683 D cellinfo: 46 bytes from 44.241.174.93: icmp_seq=133 ttl=27 time=82.3 ms
08-10 21:48:33.576 21632 21683 D cellinfo: 46 bytes from 44.241.174.93: icmp_seq=134 ttl=27 time=88.9 ms
08-10 21:48:33.777 21632 21683 D cellinfo: 46 bytes from 44.241.174.93: icmp_seq=135 ttl=27 time=88.7 ms
08-10 21:48:33.961 21632 21683 D cellinfo: 46 bytes from 44.241.174.93: icmp_seq=136 ttl=27 time=72.1 ms
08-10 21:48:34.090 21632 21632 D cellinfo: onServiceStateChanged: Channel Number: 68661 Cell Bandwidths: [15000]
08-10 21:48:34.133 21632 21632 D cellinfo: onServiceStateChanged: Channel Number: 875 Cell Bandwidths: [15000]
08-10 21:48:34.171 21632 21683 D cellinfo: 46 bytes from 44.241.174.93: icmp_seq=137 ttl=27 time=81.1 ms
08-10 21:48:34.371 21632 21683 D cellinfo: 46 bytes from 44.241.174.93: icmp_seq=138 ttl=27 time=80.3 ms
08-10 21:48:34.562 21632 21683 D cellinfo: 46 bytes from 44.241.174.93: icmp_seq=139 ttl=27 time=70.3 ms
08-10 21:48:34.770 21632 21683 D cellinfo: 46 bytes from 44.241.174.93: icmp_seq=140 ttl=27 time=78.0 ms
08-10 21:48:34.962 21632 21683 D cellinfo: 46 bytes from 44.241.174.93: icmp_seq=141 ttl=27 time=68.7 ms
08-10 21:48:35.162 21632 21683 D cellinfo: 46 bytes from 44.241.174.93: icmp_seq=142 ttl=27 time=67.3 ms
08-10 21:48:35.361 21632 21683 D cellinfo: 46 bytes from 44.241.174.93: icmp_seq=143 ttl=27 time=65.4 ms
08-10 21:48:35.579 21632 21683 D cellinfo: 46 bytes from 44.241.174.93: icmp_seq=144 ttl=27 time=81.1 ms
08-10 21:48:35.770 21632 21683 D cellinfo: 46 bytes from 44.241.174.93: icmp_seq=145 ttl=27 time=72.0 ms
08-10 21:48:35.803 21632 21632 D cellinfo: onCellInfoChanged: Operator: T-Mobile UpdateTimestamp: 13436838 CellConnectionStatus: 0
08-10 21:48:35.803 21632 21632 D cellinfo: onCellInfoChanged: LTE Cell Bands: [2] Bandwidth: 15000 Cell ID: 7915531 Physical Cell ID: 456 Tracking Area Code: 41465 EARFCN: 875
08-10 21:48:35.980 21632 21683 D cellinfo: 46 bytes from 44.241.174.93: icmp_seq=146 ttl=27 time=81.1 ms
08-10 21:48:36.171 21632 21683 D cellinfo: 46 bytes from 44.241.174.93: icmp_seq=147 ttl=27 time=71.3 ms
08-10 21:48:36.378 21632 21683 D cellinfo: 46 bytes from 44.241.174.93: icmp_seq=148 ttl=27 time=78.2 ms
08-10 21:48:36.578 21632 21683 D cellinfo: 46 bytes from 44.241.174.93: icmp_seq=149 ttl=27 time=77.9 ms
08-10 21:48:36.771 21632 21683 D cellinfo: 46 bytes from 44.241.174.93: icmp_seq=150 ttl=27 time=69.6 ms
08-10 21:48:36.978 21632 21683 D cellinfo: 46 bytes from 44.241.174.93: icmp_seq=151 ttl=27 time=76.6 ms
08-10 21:48:37.171 21632 21683 D cellinfo: 46 bytes from 44.241.174.93: icmp_seq=152 ttl=27 time=68.3 ms
08-10 21:48:37.370 21632 21683 D cellinfo: 46 bytes from 44.241.174.93: icmp_seq=153 ttl=27 time=66.7 ms
08-10 21:48:37.570 21632 21683 D cellinfo: 46 bytes from 44.241.174.93: icmp_seq=154 ttl=27 time=65.4 ms
08-10 21:48:37.780 21632 21683 D cellinfo: 46 bytes from 44.241.174.93: icmp_seq=155 ttl=27 time=74.1 ms
08-10 21:48:37.929 21632 21632 D cellinfo: onServiceStateChanged: Channel Number: 875 Cell Bandwidths: [15000]
08-10 21:48:37.979 21632 21683 D cellinfo: 46 bytes from 44.241.174.93: icmp_seq=156 ttl=27 time=72.6 ms
08-10 21:48:38.183 21632 21683 D cellinfo: 46 bytes from 44.241.174.93: icmp_seq=157 ttl=27 time=74.0 ms
08-10 21:48:38.312 21632 21632 D cellinfo: Latitude is 41.0408234
08-10 21:48:38.312 21632 21632 D cellinfo: Longitude is -105.4534901
08-10 21:48:38.312 21632 21632 D cellinfo: Instantaneous GPS information: United States, 2117-2175 US-287, Tie Siding, WY 82084, USA
08-10 21:48:38.312 21632 21632 D cellinfo: getCurrentLocation() result: Location (success): 41.0408234, -105.4534901
08-10 21:48:38.384 21632 21683 D cellinfo: 46 bytes from 44.241.174.93: icmp_seq=158 ttl=27 time=73.0 ms
08-10 21:48:38.582 21632 21683 D cellinfo: 46 bytes from 44.241.174.93: icmp_seq=159 ttl=27 time=71.0 ms
08-10 21:48:38.759 21632 21632 D cellinfo: Latitude is 41.0408234
08-10 21:48:38.759 21632 21632 D cellinfo: Longitude is -105.4534901
08-10 21:48:38.759 21632 21632 D cellinfo: Instantaneous GPS information: United States, 2117-2175 US-287, Tie Siding, WY 82084, USA
08-10 21:48:38.759 21632 21632 D cellinfo: getCurrentLocation() result: Location (success): 41.0408234, -105.4534901
08-10 21:48:38.783 21632 21683 D cellinfo: 46 bytes from 44.241.174.93: icmp_seq=160 ttl=27 time=70.5 ms
08-10 21:48:38.819 21632 21632 D cellinfo: onCellInfoChanged: Operator: T-Mobile UpdateTimestamp: 13439852 CellConnectionStatus: 0
08-10 21:48:38.819 21632 21632 D cellinfo: onCellInfoChanged: LTE Cell Bands: [2] Bandwidth: 15000 Cell ID: 7810315 Physical Cell ID: 221 Tracking Area Code: 41465 EARFCN: 875
08-10 21:48:38.992 21632 21683 D cellinfo: 46 bytes from 44.241.174.93: icmp_seq=161 ttl=27 time=78.2 ms
08-10 21:48:39.192 21632 21683 D cellinfo: 46 bytes from 44.241.174.93: icmp_seq=162 ttl=27 time=76.8 ms
08-10 21:48:39.442 21632 21683 D cellinfo: 46 bytes from 44.241.174.93: icmp_seq=163 ttl=27 time=125 ms
08-10 21:48:39.610 21632 21683 D cellinfo: 46 bytes from 44.241.174.93: icmp_seq=164 ttl=27 time=93.4 ms
08-10 21:48:39.803 21632 21683 D cellinfo: 46 bytes from 44.241.174.93: icmp_seq=165 ttl=27 time=85.2 ms
08-10 21:48:40.003 21632 21683 D cellinfo: 46 bytes from 44.241.174.93: icmp_seq=166 ttl=27 time=84.7 ms
08-10 21:48:40.203 21632 21683 D cellinfo: 46 bytes from 44.241.174.93: icmp_seq=167 ttl=27 time=84.0 ms
08-10 21:48:40.421 21632 21683 D cellinfo: 46 bytes from 44.241.174.93: icmp_seq=168 ttl=27 time=102 ms
08-10 21:48:40.603 21632 21683 D cellinfo: 46 bytes from 44.241.174.93: icmp_seq=169 ttl=27 time=83.0 ms
08-10 21:48:40.803 21632 21683 D cellinfo: 46 bytes from 44.241.174.93: icmp_seq=170 ttl=27 time=82.6 ms
08-10 21:48:41.026 21632 21683 D cellinfo: 46 bytes from 44.241.174.93: icmp_seq=171 ttl=27 time=105 ms
08-10 21:48:41.203 21632 21683 D cellinfo: 46 bytes from 44.241.174.93: icmp_seq=172 ttl=27 time=82.3 ms
08-10 21:48:41.403 21632 21683 D cellinfo: 46 bytes from 44.241.174.93: icmp_seq=173 ttl=27 time=81.7 ms
08-10 21:48:41.603 21632 21683 D cellinfo: 46 bytes from 44.241.174.93: icmp_seq=174 ttl=27 time=80.5 ms
08-10 21:48:41.802 21632 21683 D cellinfo: 46 bytes from 44.241.174.93: icmp_seq=175 ttl=27 time=78.8 ms
08-10 21:48:42.043 21632 21683 D cellinfo: 46 bytes from 44.241.174.93: icmp_seq=176 ttl=27 time=117 ms
08-10 21:48:42.284 21632 21683 D cellinfo: 46 bytes from 44.241.174.93: icmp_seq=177 ttl=27 time=157 ms
08-10 21:48:42.292 21632 21632 D cellinfo: Latitude is 41.0407474
08-10 21:48:42.292 21632 21632 D cellinfo: Longitude is -105.4532835
08-10 21:48:42.292 21632 21632 D cellinfo: Instantaneous GPS information: United States, 2117-2175 US-287, Tie Siding, WY 82084, USA
08-10 21:48:42.292 21632 21632 D cellinfo: getCurrentLocation() result: Location (success): 41.0407474, -105.4532835
08-10 21:48:42.295 21632 21632 D cellinfo: onCellInfoChanged: Operator: T-Mobile UpdateTimestamp: 13442848 CellConnectionStatus: 0
08-10 21:48:42.295 21632 21632 D cellinfo: onCellInfoChanged: LTE Cell Bands: [2] Bandwidth: 15000 Cell ID: 7810315 Physical Cell ID: 221 Tracking Area Code: 41465 EARFCN: 875
08-10 21:48:42.443 21632 21683 D cellinfo: 46 bytes from 44.241.174.93: icmp_seq=178 ttl=27 time=115 ms
08-10 21:48:42.620 21632 21683 D cellinfo: 46 bytes from 44.241.174.93: icmp_seq=179 ttl=27 time=92.4 ms
08-10 21:48:42.843 21632 21683 D cellinfo: 46 bytes from 44.241.174.93: icmp_seq=180 ttl=27 time=114 ms
08-10 21:48:43.020 21632 21683 D cellinfo: 46 bytes from 44.241.174.93: icmp_seq=181 ttl=27 time=90.1 ms
08-10 21:48:43.232 21632 21683 D cellinfo: 46 bytes from 44.241.174.93: icmp_seq=182 ttl=27 time=102 ms
08-10 21:48:43.432 21632 21683 D cellinfo: 46 bytes from 44.241.174.93: icmp_seq=183 ttl=27 time=102 ms
08-10 21:48:43.645 21632 21683 D cellinfo: 46 bytes from 44.241.174.93: icmp_seq=184 ttl=27 time=114 ms
08-10 21:48:43.843 21632 21683 D cellinfo: 46 bytes from 44.241.174.93: icmp_seq=185 ttl=27 time=110 ms
08-10 21:48:44.019 21632 21683 D cellinfo: 46 bytes from 44.241.174.93: icmp_seq=186 ttl=27 time=84.9 ms
08-10 21:48:44.247 21632 21683 D cellinfo: 46 bytes from 44.241.174.93: icmp_seq=187 ttl=27 time=114 ms
08-10 21:48:44.443 21632 21683 D cellinfo: 46 bytes from 44.241.174.93: icmp_seq=188 ttl=27 time=108 ms
08-10 21:48:44.657 21632 21683 D cellinfo: 46 bytes from 44.241.174.93: icmp_seq=189 ttl=27 time=120 ms
08-10 21:48:44.856 21632 21683 D cellinfo: 46 bytes from 44.241.174.93: icmp_seq=190 ttl=27 time=119 ms
08-10 21:48:45.184 21632 21683 D cellinfo: 46 bytes from 44.241.174.93: icmp_seq=191 ttl=27 time=246 ms
08-10 21:48:45.379 21632 21683 D cellinfo: 46 bytes from 44.241.174.93: icmp_seq=192 ttl=27 time=240 ms
08-10 21:48:45.473 21632 21683 D cellinfo: 46 bytes from 44.241.174.93: icmp_seq=193 ttl=27 time=132 ms
08-10 21:48:46.022 21632 21632 D cellinfo: Latitude is 41.0404135
08-10 21:48:46.022 21632 21632 D cellinfo: Longitude is -105.4523766
08-10 21:48:46.022 21632 21632 D cellinfo: Instantaneous GPS information: United States, 2117-2175 US-287, Tie Siding, WY 82084, USA
08-10 21:48:46.022 21632 21632 D cellinfo: getCurrentLocation() result: Location (success): 41.0404135, -105.4523766
08-10 21:48:46.024 21632 21632 D cellinfo: onCellInfoChanged: Operator: T-Mobile UpdateTimestamp: 13445850 CellConnectionStatus: 0
08-10 21:48:46.024 21632 21632 D cellinfo: onCellInfoChanged: LTE Cell Bands: [2] Bandwidth: 15000 Cell ID: 7810315 Physical Cell ID: 221 Tracking Area Code: 41465 EARFCN: 875
08-10 21:48:46.031 21632 21683 D cellinfo: 46 bytes from 44.241.174.93: icmp_seq=194 ttl=27 time=488 ms
08-10 21:48:46.322 21632 21683 D cellinfo: 46 bytes from 44.241.174.93: icmp_seq=195 ttl=27 time=576 ms
08-10 21:48:46.363 21632 21683 D cellinfo: 46 bytes from 44.241.174.93: icmp_seq=196 ttl=27 time=414 ms
08-10 21:48:46.562 21632 21683 D cellinfo: 46 bytes from 44.241.174.93: icmp_seq=197 ttl=27 time=411 ms
08-10 21:48:46.563 21632 21683 D cellinfo: 46 bytes from 44.241.174.93: icmp_seq=198 ttl=27 time=212 ms
08-10 21:48:46.623 21632 21683 D cellinfo: 46 bytes from 44.241.174.93: icmp_seq=199 ttl=27 time=70.4 ms
08-10 21:48:46.632 21632 21632 D cellinfo: onsignalStrengthsChanged: LTE Signal Strength info: rsrp: -122 rsrq: -13 rssi: -85 rssnr: 1
08-10 21:48:46.804 21632 21632 D cellinfo: onServiceStateChanged: Channel Number: 68661 Cell Bandwidths: [5000]
08-10 21:48:46.830 21632 21683 D cellinfo: 46 bytes from 44.241.174.93: icmp_seq=200 ttl=27 time=76.7 ms
08-10 21:48:47.036 21632 21683 D cellinfo: 46 bytes from 44.241.174.93: icmp_seq=201 ttl=27 time=82.3 ms
08-10 21:48:47.236 21632 21683 D cellinfo: 46 bytes from 44.241.174.93: icmp_seq=202 ttl=27 time=82.6 ms
08-10 21:48:47.437 21632 21683 D cellinfo: 46 bytes from 44.241.174.93: icmp_seq=203 ttl=27 time=82.5 ms
08-10 21:48:47.662 21632 21683 D cellinfo: 46 bytes from 44.241.174.93: icmp_seq=204 ttl=27 time=106 ms
08-10 21:48:47.838 21632 21683 D cellinfo: 46 bytes from 44.241.174.93: icmp_seq=205 ttl=27 time=81.4 ms
08-10 21:48:48.063 21632 21683 D cellinfo: 46 bytes from 44.241.174.93: icmp_seq=206 ttl=27 time=105 ms
08-10 21:48:48.189 21632 21632 D cellinfo: Latitude is 41.0402251
08-10 21:48:48.189 21632 21632 D cellinfo: Longitude is -105.4518659
08-10 21:48:48.189 21632 21632 D cellinfo: Instantaneous GPS information: United States, 2117-2175 US-287, Tie Siding, WY 82084, USA
08-10 21:48:48.189 21632 21632 D cellinfo: getCurrentLocation() result: Location (success): 41.0402251, -105.4518659
08-10 21:48:48.192 21632 21632 D cellinfo: onCellInfoChanged: Operator: T-Mobile UpdateTimestamp: 13448845 CellConnectionStatus: 0
08-10 21:48:48.192 21632 21632 D cellinfo: onCellInfoChanged: LTE Cell Bands: [71] Bandwidth: 5000 Cell ID: 25835583 Physical Cell ID: 246 Tracking Area Code: 47617 EARFCN: 68661
08-10 21:48:48.236 21632 21683 D cellinfo: 46 bytes from 44.241.174.93: icmp_seq=207 ttl=27 time=76.9 ms
08-10 21:48:48.436 21632 21683 D cellinfo: 46 bytes from 44.241.174.93: icmp_seq=208 ttl=27 time=76.2 ms
08-10 21:48:48.636 21632 21683 D cellinfo: 46 bytes from 44.241.174.93: icmp_seq=209 ttl=27 time=75.0 ms
08-10 21:48:48.863 21632 21683 D cellinfo: 46 bytes from 44.241.174.93: icmp_seq=210 ttl=27 time=101 ms
08-10 21:48:49.056 21632 21683 D cellinfo: 46 bytes from 44.241.174.93: icmp_seq=211 ttl=27 time=93.5 ms
08-10 21:48:49.256 21632 21683 D cellinfo: 46 bytes from 44.241.174.93: icmp_seq=212 ttl=27 time=93.6 ms
08-10 21:48:49.456 21632 21683 D cellinfo: 46 bytes from 44.241.174.93: icmp_seq=213 ttl=27 time=92.4 ms
08-10 21:48:49.659 21632 21683 D cellinfo: 46 bytes from 44.241.174.93: icmp_seq=214 ttl=27 time=94.5 ms
08-10 21:48:49.856 21632 21683 D cellinfo: 46 bytes from 44.241.174.93: icmp_seq=215 ttl=27 time=90.1 ms
08-10 21:48:50.077 21632 21683 D cellinfo: 46 bytes from 44.241.174.93: icmp_seq=216 ttl=27 time=110 ms
08-10 21:48:50.277 21632 21683 D cellinfo: 46 bytes from 44.241.174.93: icmp_seq=217 ttl=27 time=110 ms
08-10 21:48:50.484 21632 21683 D cellinfo: 46 bytes from 44.241.174.93: icmp_seq=218 ttl=27 time=115 ms
08-10 21:48:50.679 21632 21683 D cellinfo: 46 bytes from 44.241.174.93: icmp_seq=219 ttl=27 time=109 ms
08-10 21:48:50.796 21632 21632 D cellinfo: onCellInfoChanged: Operator: T-Mobile UpdateTimestamp: 13451832 CellConnectionStatus: 0
08-10 21:48:50.797 21632 21632 D cellinfo: onCellInfoChanged: LTE Cell Bands: [71] Bandwidth: 5000 Cell ID: 25835583 Physical Cell ID: 246 Tracking Area Code: 47617 EARFCN: 68661
08-10 21:48:50.876 21632 21683 D cellinfo: 46 bytes from 44.241.174.93: icmp_seq=220 ttl=27 time=106 ms
08-10 21:48:51.063 21632 21683 D cellinfo: 46 bytes from 44.241.174.93: icmp_seq=221 ttl=27 time=91.9 ms
08-10 21:48:51.276 21632 21683 D cellinfo: 46 bytes from 44.241.174.93: icmp_seq=222 ttl=27 time=104 ms
08-10 21:48:51.465 21632 21683 D cellinfo: 46 bytes from 44.241.174.93: icmp_seq=223 ttl=27 time=92.3 ms
08-10 21:48:51.677 21632 21683 D cellinfo: 46 bytes from 44.241.174.93: icmp_seq=224 ttl=27 time=104 ms
08-10 21:48:51.877 21632 21683 D cellinfo: 46 bytes from 44.241.174.93: icmp_seq=225 ttl=27 time=103 ms
08-10 21:48:52.076 21632 21683 D cellinfo: 46 bytes from 44.241.174.93: icmp_seq=226 ttl=27 time=101 ms
08-10 21:48:52.283 21632 21683 D cellinfo: 46 bytes from 44.241.174.93: icmp_seq=227 ttl=27 time=108 ms
08-10 21:48:52.477 21632 21683 D cellinfo: 46 bytes from 44.241.174.93: icmp_seq=228 ttl=27 time=101 ms
08-10 21:48:52.665 21632 21683 D cellinfo: 46 bytes from 44.241.174.93: icmp_seq=229 ttl=27 time=89.8 ms
08-10 21:48:52.864 21632 21683 D cellinfo: 46 bytes from 44.241.174.93: icmp_seq=230 ttl=27 time=88.8 ms
08-10 21:48:53.066 21632 21683 D cellinfo: 46 bytes from 44.241.174.93: icmp_seq=231 ttl=27 time=89.0 ms
08-10 21:48:53.305 21632 21683 D cellinfo: 46 bytes from 44.241.174.93: icmp_seq=232 ttl=27 time=127 ms
08-10 21:48:53.494 21632 21683 D cellinfo: 46 bytes from 44.241.174.93: icmp_seq=233 ttl=27 time=114 ms
08-10 21:48:53.590 21632 21632 D cellinfo: Latitude is 41.0385564
08-10 21:48:53.591 21632 21632 D cellinfo: Longitude is -105.448205
08-10 21:48:53.591 21632 21632 D cellinfo: Instantaneous GPS information: United States, 2117-2175 US-287, Tie Siding, WY 82084, USA
08-10 21:48:53.591 21632 21632 D cellinfo: getCurrentLocation() result: Location (success): 41.0385564, -105.448205
08-10 21:48:53.692 21632 21683 D cellinfo: 46 bytes from 44.241.174.93: icmp_seq=234 ttl=27 time=111 ms
08-10 21:48:53.754 21632 21632 D cellinfo: Latitude is 41.0385564
08-10 21:48:53.754 21632 21632 D cellinfo: Longitude is -105.448205
08-10 21:48:53.754 21632 21632 D cellinfo: Instantaneous GPS information: United States, 2117-2175 US-287, Tie Siding, WY 82084, USA
08-10 21:48:53.754 21632 21632 D cellinfo: getCurrentLocation() result: Location (success): 41.0385564, -105.448205
08-10 21:48:53.806 21632 21632 D cellinfo: onCellInfoChanged: Operator: T-Mobile UpdateTimestamp: 13454842 CellConnectionStatus: 0
08-10 21:48:53.806 21632 21632 D cellinfo: onCellInfoChanged: LTE Cell Bands: [71] Bandwidth: 5000 Cell ID: 25835583 Physical Cell ID: 246 Tracking Area Code: 47617 EARFCN: 68661
08-10 21:48:53.878 21632 21683 D cellinfo: 46 bytes from 44.241.174.93: icmp_seq=235 ttl=27 time=96.4 ms
08-10 21:48:54.076 21632 21683 D cellinfo: 46 bytes from 44.241.174.93: icmp_seq=236 ttl=27 time=93.6 ms
08-10 21:48:54.302 21632 21683 D cellinfo: 46 bytes from 44.241.174.93: icmp_seq=237 ttl=27 time=119 ms
08-10 21:48:54.516 21632 21683 D cellinfo: 46 bytes from 44.241.174.93: icmp_seq=238 ttl=27 time=132 ms
08-10 21:48:54.677 21632 21683 D cellinfo: 46 bytes from 44.241.174.93: icmp_seq=239 ttl=27 time=92.7 ms
08-10 21:48:54.879 21632 21683 D cellinfo: 46 bytes from 44.241.174.93: icmp_seq=240 ttl=27 time=93.5 ms
08-10 21:48:55.080 21632 21683 D cellinfo: 46 bytes from 44.241.174.93: icmp_seq=241 ttl=27 time=93.3 ms
08-10 21:48:55.277 21632 21683 D cellinfo: 46 bytes from 44.241.174.93: icmp_seq=242 ttl=27 time=90.2 ms
08-10 21:48:55.478 21632 21683 D cellinfo: 46 bytes from 44.241.174.93: icmp_seq=243 ttl=27 time=90.4 ms
08-10 21:48:55.683 21632 21683 D cellinfo: 46 bytes from 44.241.174.93: icmp_seq=244 ttl=27 time=94.6 ms
08-10 21:48:55.902 21632 21683 D cellinfo: 46 bytes from 44.241.174.93: icmp_seq=245 ttl=27 time=111 ms
08-10 21:48:56.141 21632 21683 D cellinfo: 46 bytes from 44.241.174.93: icmp_seq=246 ttl=27 time=149 ms
08-10 21:48:56.301 21632 21683 D cellinfo: 46 bytes from 44.241.174.93: icmp_seq=247 ttl=27 time=109 ms
08-10 21:48:56.480 21632 21683 D cellinfo: 46 bytes from 44.241.174.93: icmp_seq=248 ttl=27 time=86.5 ms
08-10 21:48:56.699 21632 21683 D cellinfo: 46 bytes from 44.241.174.93: icmp_seq=249 ttl=27 time=105 ms
08-10 21:48:56.906 21632 21683 D cellinfo: 46 bytes from 44.241.174.93: icmp_seq=250 ttl=27 time=110 ms
08-10 21:48:57.116 21632 21683 D cellinfo: 46 bytes from 44.241.174.93: icmp_seq=251 ttl=27 time=120 ms
08-10 21:48:57.292 21632 21632 D cellinfo: Latitude is 41.0384599
08-10 21:48:57.292 21632 21632 D cellinfo: Longitude is -105.4480289
08-10 21:48:57.292 21632 21632 D cellinfo: Instantaneous GPS information: United States, 2117-2175 US-287, Tie Siding, WY 82084, USA
08-10 21:48:57.292 21632 21632 D cellinfo: getCurrentLocation() result: Location (success): 41.0384599, -105.4480289
08-10 21:48:57.294 21632 21632 D cellinfo: onCellInfoChanged: Operator: T-Mobile UpdateTimestamp: 13457826 CellConnectionStatus: 0
08-10 21:48:57.294 21632 21632 D cellinfo: onCellInfoChanged: LTE Cell Bands: [71] Bandwidth: 5000 Cell ID: 25835583 Physical Cell ID: 246 Tracking Area Code: 47617 EARFCN: 68661
08-10 21:48:57.295 21632 21632 D cellinfo: onServiceStateChanged: Channel Number: 68661 Cell Bandwidths: [5000, 10000]
08-10 21:48:57.316 21632 21683 D cellinfo: 46 bytes from 44.241.174.93: icmp_seq=252 ttl=27 time=118 ms
08-10 21:48:57.517 21632 21683 D cellinfo: 46 bytes from 44.241.174.93: icmp_seq=253 ttl=27 time=118 ms
08-10 21:48:57.688 21632 21683 D cellinfo: 46 bytes from 44.241.174.93: icmp_seq=254 ttl=27 time=89.1 ms
08-10 21:48:57.896 21632 21683 D cellinfo: 46 bytes from 44.241.174.93: icmp_seq=255 ttl=27 time=96.6 ms
08-10 21:48:58.082 21632 21683 D cellinfo: 46 bytes from 44.241.174.93: icmp_seq=256 ttl=27 time=81.1 ms
08-10 21:48:58.299 21632 21683 D cellinfo: 46 bytes from 44.241.174.93: icmp_seq=257 ttl=27 time=97.7 ms
08-10 21:48:58.520 21632 21683 D cellinfo: 46 bytes from 44.241.174.93: icmp_seq=258 ttl=27 time=117 ms
08-10 21:48:58.723 21632 21683 D cellinfo: 46 bytes from 44.241.174.93: icmp_seq=259 ttl=27 time=118 ms
08-10 21:48:58.793 21632 21632 D cellinfo: onServiceStateChanged: Channel Number: 68661 Cell Bandwidths: [5000]
08-10 21:48:58.883 21632 21683 D cellinfo: 46 bytes from 44.241.174.93: icmp_seq=260 ttl=27 time=77.9 ms
08-10 21:48:59.083 21632 21683 D cellinfo: 46 bytes from 44.241.174.93: icmp_seq=261 ttl=27 time=77.2 ms
08-10 21:48:59.282 21632 21683 D cellinfo: 46 bytes from 44.241.174.93: icmp_seq=262 ttl=27 time=76.0 ms
08-10 21:48:59.469 21632 21683 D cellinfo: 46 bytes from 44.241.174.93: icmp_seq=263 ttl=27 time=62.0 ms
08-10 21:48:59.668 21632 21683 D cellinfo: 46 bytes from 44.241.174.93: icmp_seq=264 ttl=27 time=60.4 ms
08-10 21:48:59.883 21632 21683 D cellinfo: 46 bytes from 44.241.174.93: icmp_seq=265 ttl=27 time=74.1 ms
08-10 21:49:00.095 21632 21683 D cellinfo: 46 bytes from 44.241.174.93: icmp_seq=266 ttl=27 time=85.5 ms
08-10 21:49:00.210 21632 21632 D cellinfo: Latitude is 41.0380259
08-10 21:49:00.210 21632 21632 D cellinfo: Longitude is -105.4472371
08-10 21:49:00.211 21632 21632 D cellinfo: Instantaneous GPS information: United States, 2117-2175 US-287, Tie Siding, WY 82084, USA
08-10 21:49:00.211 21632 21632 D cellinfo: getCurrentLocation() result: Location (success): 41.0380259, -105.4472371
08-10 21:49:00.214 21632 21632 D cellinfo: onCellInfoChanged: Operator: T-Mobile UpdateTimestamp: 13460856 CellConnectionStatus: 0
08-10 21:49:00.215 21632 21632 D cellinfo: onCellInfoChanged: LTE Cell Bands: [71] Bandwidth: 5000 Cell ID: 25832766 Physical Cell ID: 34 Tracking Area Code: 47617 EARFCN: 68661
08-10 21:49:00.282 21632 21683 D cellinfo: 46 bytes from 44.241.174.93: icmp_seq=267 ttl=27 time=70.0 ms
08-10 21:49:00.483 21632 21683 D cellinfo: 46 bytes from 44.241.174.93: icmp_seq=268 ttl=27 time=70.7 ms
08-10 21:49:00.682 21632 21683 D cellinfo: 46 bytes from 44.241.174.93: icmp_seq=269 ttl=27 time=68.3 ms
08-10 21:49:00.882 21632 21683 D cellinfo: 46 bytes from 44.241.174.93: icmp_seq=270 ttl=27 time=67.6 ms
08-10 21:49:01.101 21632 21683 D cellinfo: 46 bytes from 44.241.174.93: icmp_seq=271 ttl=27 time=85.3 ms
08-10 21:49:01.294 21632 21683 D cellinfo: 46 bytes from 44.241.174.93: icmp_seq=272 ttl=27 time=77.8 ms
08-10 21:49:01.494 21632 21683 D cellinfo: 46 bytes from 44.241.174.93: icmp_seq=273 ttl=27 time=77.6 ms
08-10 21:49:01.682 21632 21683 D cellinfo: 46 bytes from 44.241.174.93: icmp_seq=274 ttl=27 time=64.7 ms
08-10 21:49:01.882 21632 21683 D cellinfo: 46 bytes from 44.241.174.93: icmp_seq=275 ttl=27 time=63.6 ms
08-10 21:49:02.093 21632 21683 D cellinfo: 46 bytes from 44.241.174.93: icmp_seq=276 ttl=27 time=73.5 ms
08-10 21:49:02.294 21632 21683 D cellinfo: 46 bytes from 44.241.174.93: icmp_seq=277 ttl=27 time=73.1 ms
08-10 21:49:02.493 21632 21683 D cellinfo: 46 bytes from 44.241.174.93: icmp_seq=278 ttl=27 time=71.8 ms
08-10 21:49:02.695 21632 21683 D cellinfo: 46 bytes from 44.241.174.93: icmp_seq=279 ttl=27 time=72.0 ms
08-10 21:49:02.900 21632 21683 D cellinfo: 46 bytes from 44.241.174.93: icmp_seq=280 ttl=27 time=76.0 ms
08-10 21:49:03.126 21632 21683 D cellinfo: 46 bytes from 44.241.174.93: icmp_seq=281 ttl=27 time=100 ms
08-10 21:49:03.157 21632 21632 D cellinfo: Latitude is 41.0377812
08-10 21:49:03.157 21632 21632 D cellinfo: Longitude is -105.4467906
08-10 21:49:03.157 21632 21632 D cellinfo: Instantaneous GPS information: United States, US-287, Tie Siding, WY 82084, USA
08-10 21:49:03.157 21632 21632 D cellinfo: getCurrentLocation() result: Location (success): 41.0377812, -105.4467906
08-10 21:49:03.160 21632 21632 D cellinfo: onCellInfoChanged: Operator: T-Mobile UpdateTimestamp: 13463832 CellConnectionStatus: 0
08-10 21:49:03.160 21632 21632 D cellinfo: onCellInfoChanged: LTE Cell Bands: [71] Bandwidth: 5000 Cell ID: 25832766 Physical Cell ID: 34 Tracking Area Code: 47617 EARFCN: 68661
