08-10 22:06:26.360 27960 28002 D cellinfo: 46 bytes from 44.241.174.93: icmp_seq=1018 ttl=44 time=67.0 ms
08-10 22:06:26.560 27960 28002 D cellinfo: 46 bytes from 44.241.174.93: icmp_seq=1019 ttl=44 time=66.3 ms
08-10 22:06:26.760 27960 28002 D cellinfo: 46 bytes from 44.241.174.93: icmp_seq=1020 ttl=44 time=65.2 ms
08-10 22:06:26.960 27960 28002 D cellinfo: 46 bytes from 44.241.174.93: icmp_seq=1021 ttl=44 time=64.6 ms
08-10 22:06:27.160 27960 28002 D cellinfo: 46 bytes from 44.241.174.93: icmp_seq=1022 ttl=44 time=63.5 ms
08-10 22:06:27.360 27960 28002 D cellinfo: 46 bytes from 44.241.174.93: icmp_seq=1023 ttl=44 time=62.6 ms
08-10 22:06:27.560 27960 28002 D cellinfo: 46 bytes from 44.241.174.93: icmp_seq=1024 ttl=44 time=61.8 ms
08-10 22:06:27.765 27960 28002 D cellinfo: 46 bytes from 44.241.174.93: icmp_seq=1025 ttl=44 time=64.1 ms
08-10 22:06:27.796 27960 27960 D cellinfo: Latitude is 40.9059054
08-10 22:06:27.796 27960 27960 D cellinfo: Longitude is -105.308314
08-10 22:06:27.796 27960 27960 D cellinfo: Instantaneous GPS information: United States, 27594-27692 US-287, Livermore, CO 80536, USA
08-10 22:06:27.796 27960 27960 D cellinfo: getCurrentLocation() result: Location (success): 40.9059054, -105.308314
08-10 22:06:27.798 27960 27960 D cellinfo: onCellInfoChanged: Operator: T-Mobile UpdateTimestamp: 14508529 CellConnectionStatus: 0
08-10 22:06:27.799 27960 27960 D cellinfo: onCellInfoChanged: LTE Cell Bands: [2] Bandwidth: 15000 Cell ID: 7915531 Physical Cell ID: 456 Tracking Area Code: 41465 EARFCN: 875
08-10 22:06:27.960 27960 28002 D cellinfo: 46 bytes from 44.241.174.93: icmp_seq=1026 ttl=44 time=58.3 ms
08-10 22:06:28.160 27960 28002 D cellinfo: 46 bytes from 44.241.174.93: icmp_seq=1027 ttl=44 time=57.6 ms
08-10 22:06:28.369 27960 28002 D cellinfo: 46 bytes from 44.241.174.93: icmp_seq=1028 ttl=44 time=64.6 ms
08-10 22:06:28.565 27960 28002 D cellinfo: 46 bytes from 44.241.174.93: icmp_seq=1029 ttl=44 time=59.7 ms
08-10 22:06:28.770 27960 28002 D cellinfo: 46 bytes from 44.241.174.93: icmp_seq=1030 ttl=44 time=63.4 ms
08-10 22:06:28.875 27960 27960 D cellinfo: onsignalStrengthsChanged: LTE Signal Strength info: rsrp: -82 rsrq: -7 rssi: -55 rssnr: 25
08-10 22:06:28.972 27960 28002 D cellinfo: 46 bytes from 44.241.174.93: icmp_seq=1031 ttl=44 time=64.5 ms
08-10 22:06:29.173 27960 28002 D cellinfo: 46 bytes from 44.241.174.93: icmp_seq=1032 ttl=44 time=65.6 ms
08-10 22:06:29.374 27960 28002 D cellinfo: 46 bytes from 44.241.174.93: icmp_seq=1033 ttl=44 time=65.2 ms
08-10 22:06:29.573 27960 28002 D cellinfo: 46 bytes from 44.241.174.93: icmp_seq=1034 ttl=44 time=63.6 ms
08-10 22:06:29.771 27960 28002 D cellinfo: 46 bytes from 44.241.174.93: icmp_seq=1035 ttl=44 time=60.8 ms
08-10 22:06:29.965 27960 28002 D cellinfo: 46 bytes from 44.241.174.93: icmp_seq=1036 ttl=44 time=53.9 ms
08-10 22:06:30.165 27960 28002 D cellinfo: 46 bytes from 44.241.174.93: icmp_seq=1037 ttl=44 time=53.5 ms
08-10 22:06:30.366 27960 28002 D cellinfo: 46 bytes from 44.241.174.93: icmp_seq=1038 ttl=44 time=53.9 ms
08-10 22:06:30.563 27960 28002 D cellinfo: 46 bytes from 44.241.174.93: icmp_seq=1039 ttl=44 time=50.2 ms
08-10 22:06:30.762 27960 28002 D cellinfo: 46 bytes from 44.241.174.93: icmp_seq=1040 ttl=44 time=46.9 ms
08-10 22:06:30.775 27960 27960 D cellinfo: Latitude is 40.9057009
08-10 22:06:30.775 27960 27960 D cellinfo: Longitude is -105.3080527
08-10 22:06:30.775 27960 27960 D cellinfo: Instantaneous GPS information: United States, 27594-27692 US-287, Livermore, CO 80536, USA
08-10 22:06:30.775 27960 27960 D cellinfo: getCurrentLocation() result: Location (success): 40.9057009, -105.3080527
08-10 22:06:30.777 27960 27960 D cellinfo: onCellInfoChanged: Operator: T-Mobile UpdateTimestamp: 14511506 CellConnectionStatus: 0
08-10 22:06:30.777 27960 27960 D cellinfo: onCellInfoChanged: LTE Cell Bands: [2] Bandwidth: 15000 Cell ID: 7915531 Physical Cell ID: 456 Tracking Area Code: 41465 EARFCN: 875
08-10 22:06:30.965 27960 28002 D cellinfo: 46 bytes from 44.241.174.93: icmp_seq=1041 ttl=44 time=50.3 ms
08-10 22:06:31.165 27960 28002 D cellinfo: 46 bytes from 44.241.174.93: icmp_seq=1042 ttl=44 time=49.0 ms
08-10 22:06:31.173 27960 27960 D cellinfo: onsignalStrengthsChanged: LTE Signal Strength info: rsrp: -88 rsrq: -7 rssi: -59 rssnr: 27
08-10 22:06:31.365 27960 28002 D cellinfo: 46 bytes from 44.241.174.93: icmp_seq=1043 ttl=44 time=49.1 ms
08-10 22:06:31.565 27960 28002 D cellinfo: 46 bytes from 44.241.174.93: icmp_seq=1044 ttl=44 time=48.6 ms
08-10 22:06:31.766 27960 28002 D cellinfo: 46 bytes from 44.241.174.93: icmp_seq=1045 ttl=44 time=48.4 ms
08-10 22:06:31.965 27960 28002 D cellinfo: 46 bytes from 44.241.174.93: icmp_seq=1046 ttl=44 time=46.6 ms
08-10 22:06:32.165 27960 28002 D cellinfo: 46 bytes from 44.241.174.93: icmp_seq=1047 ttl=44 time=45.1 ms
08-10 22:06:32.367 27960 28002 D cellinfo: 46 bytes from 44.241.174.93: icmp_seq=1048 ttl=44 time=46.0 ms
08-10 22:06:32.565 27960 28002 D cellinfo: 46 bytes from 44.241.174.93: icmp_seq=1049 ttl=44 time=43.9 ms
08-10 22:06:32.765 27960 28002 D cellinfo: 46 bytes from 44.241.174.93: icmp_seq=1050 ttl=44 time=43.2 ms
08-10 22:06:32.966 27960 28002 D cellinfo: 46 bytes from 44.241.174.93: icmp_seq=1051 ttl=44 time=43.8 ms
08-10 22:06:33.165 27960 28002 D cellinfo: 46 bytes from 44.241.174.93: icmp_seq=1052 ttl=44 time=42.2 ms
08-10 22:06:33.375 27960 28002 D cellinfo: 46 bytes from 44.241.174.93: icmp_seq=1053 ttl=44 time=51.6 ms
08-10 22:06:33.461 27960 27960 D cellinfo: onCellInfoChanged: Operator: T-Mobile UpdateTimestamp: 14514495 CellConnectionStatus: 0
08-10 22:06:33.461 27960 27960 D cellinfo: onCellInfoChanged: LTE Cell Bands: [2] Bandwidth: 15000 Cell ID: 7915531 Physical Cell ID: 456 Tracking Area Code: 41465 EARFCN: 875
08-10 22:06:33.575 27960 28002 D cellinfo: 46 bytes from 44.241.174.93: icmp_seq=1054 ttl=44 time=50.5 ms
08-10 22:06:33.776 27960 28002 D cellinfo: 46 bytes from 44.241.174.93: icmp_seq=1055 ttl=44 time=51.2 ms
08-10 22:06:33.975 27960 28002 D cellinfo: 46 bytes from 44.241.174.93: icmp_seq=1056 ttl=44 time=48.9 ms
08-10 22:06:34.175 27960 28002 D cellinfo: 46 bytes from 44.241.174.93: icmp_seq=1057 ttl=44 time=48.8 ms
08-10 22:06:34.375 27960 28002 D cellinfo: 46 bytes from 44.241.174.93: icmp_seq=1058 ttl=44 time=48.1 ms
08-10 22:06:34.575 27960 28002 D cellinfo: 46 bytes from 44.241.174.93: icmp_seq=1059 ttl=44 time=47.1 ms
08-10 22:06:34.775 27960 28002 D cellinfo: 46 bytes from 44.241.174.93: icmp_seq=1060 ttl=44 time=46.6 ms
08-10 22:06:34.975 27960 28002 D cellinfo: 46 bytes from 44.241.174.93: icmp_seq=1061 ttl=44 time=45.3 ms
08-10 22:06:35.177 27960 28002 D cellinfo: 46 bytes from 44.241.174.93: icmp_seq=1062 ttl=44 time=45.5 ms
08-10 22:06:35.276 27960 27960 D cellinfo: Latitude is 40.9032708
08-10 22:06:35.276 27960 27960 D cellinfo: Longitude is -105.3051678
08-10 22:06:35.276 27960 27960 D cellinfo: Instantaneous GPS information: United States, 3314 Red Mountain Rd, Livermore, CO 80536, USA
08-10 22:06:35.276 27960 27960 D cellinfo: getCurrentLocation() result: Location (success): 40.9032708, -105.3051678
08-10 22:06:35.375 27960 28002 D cellinfo: 46 bytes from 44.241.174.93: icmp_seq=1063 ttl=44 time=42.9 ms
08-10 22:06:35.575 27960 28002 D cellinfo: 46 bytes from 44.241.174.93: icmp_seq=1064 ttl=44 time=42.5 ms
08-10 22:06:35.800 27960 28002 D cellinfo: 46 bytes from 44.241.174.93: icmp_seq=1065 ttl=44 time=66.5 ms
08-10 22:06:36.000 27960 28002 D cellinfo: 46 bytes from 44.241.174.93: icmp_seq=1066 ttl=44 time=65.5 ms
08-10 22:06:36.201 27960 28002 D cellinfo: 46 bytes from 44.241.174.93: icmp_seq=1067 ttl=44 time=66.2 ms
08-10 22:06:36.401 27960 28002 D cellinfo: 46 bytes from 44.241.174.93: icmp_seq=1068 ttl=44 time=65.5 ms
08-10 22:06:36.433 27960 27960 D cellinfo: Latitude is 40.9032708
08-10 22:06:36.434 27960 27960 D cellinfo: Longitude is -105.3051678
08-10 22:06:36.434 27960 27960 D cellinfo: Instantaneous GPS information: United States, 3314 Red Mountain Rd, Livermore, CO 80536, USA
08-10 22:06:36.434 27960 27960 D cellinfo: getCurrentLocation() result: Location (success): 40.9032708, -105.3051678
08-10 22:06:36.482 27960 27960 D cellinfo: onCellInfoChanged: Operator: T-Mobile UpdateTimestamp: 14517516 CellConnectionStatus: 0
08-10 22:06:36.482 27960 27960 D cellinfo: onCellInfoChanged: LTE Cell Bands: [2] Bandwidth: 15000 Cell ID: 7915531 Physical Cell ID: 456 Tracking Area Code: 41465 EARFCN: 875
08-10 22:06:36.602 27960 28002 D cellinfo: 46 bytes from 44.241.174.93: icmp_seq=1069 ttl=44 time=65.7 ms
08-10 22:06:36.800 27960 28002 D cellinfo: 46 bytes from 44.241.174.93: icmp_seq=1070 ttl=44 time=62.8 ms
08-10 22:06:37.000 27960 28002 D cellinfo: 46 bytes from 44.241.174.93: icmp_seq=1071 ttl=44 time=62.5 ms
08-10 22:06:37.208 27960 28002 D cellinfo: 46 bytes from 44.241.174.93: icmp_seq=1072 ttl=44 time=70.1 ms
08-10 22:06:37.400 27960 28002 D cellinfo: 46 bytes from 44.241.174.93: icmp_seq=1073 ttl=44 time=62.1 ms
08-10 22:06:37.600 27960 28002 D cellinfo: 46 bytes from 44.241.174.93: icmp_seq=1074 ttl=44 time=60.8 ms
08-10 22:06:37.800 27960 28002 D cellinfo: 46 bytes from 44.241.174.93: icmp_seq=1075 ttl=44 time=60.4 ms
08-10 22:06:38.000 27960 28002 D cellinfo: 46 bytes from 44.241.174.93: icmp_seq=1076 ttl=44 time=58.7 ms
08-10 22:06:38.208 27960 28002 D cellinfo: 46 bytes from 44.241.174.93: icmp_seq=1077 ttl=44 time=65.6 ms
08-10 22:06:38.406 27960 28002 D cellinfo: 46 bytes from 44.241.174.93: icmp_seq=1078 ttl=44 time=62.9 ms
08-10 22:06:38.606 27960 28002 D cellinfo: 46 bytes from 44.241.174.93: icmp_seq=1079 ttl=44 time=62.6 ms
08-10 22:06:38.806 27960 28002 D cellinfo: 46 bytes from 44.241.174.93: icmp_seq=1080 ttl=44 time=61.0 ms
08-10 22:06:39.005 27960 28002 D cellinfo: 46 bytes from 44.241.174.93: icmp_seq=1081 ttl=44 time=59.9 ms
08-10 22:06:39.205 27960 28002 D cellinfo: 46 bytes from 44.241.174.93: icmp_seq=1082 ttl=44 time=60.8 ms
08-10 22:06:39.405 27960 28002 D cellinfo: 46 bytes from 44.241.174.93: icmp_seq=1083 ttl=44 time=59.5 ms
08-10 22:06:39.611 27960 28002 D cellinfo: 46 bytes from 44.241.174.93: icmp_seq=1084 ttl=44 time=64.3 ms
08-10 22:06:39.780 27960 27960 D cellinfo: Latitude is 40.9030083
08-10 22:06:39.780 27960 27960 D cellinfo: Longitude is -105.3048204
08-10 22:06:39.780 27960 27960 D cellinfo: Instantaneous GPS information: United States, 3314 Red Mountain Rd, Livermore, CO 80536, USA
08-10 22:06:39.780 27960 27960 D cellinfo: getCurrentLocation() result: Location (success): 40.9030083, -105.3048204
08-10 22:06:39.782 27960 27960 D cellinfo: onCellInfoChanged: Operator: T-Mobile UpdateTimestamp: 14520526 CellConnectionStatus: 0
08-10 22:06:39.783 27960 27960 D cellinfo: onCellInfoChanged: LTE Cell Bands: [2] Bandwidth: 15000 Cell ID: 7915531 Physical Cell ID: 456 Tracking Area Code: 41465 EARFCN: 875
08-10 22:06:39.805 27960 28002 D cellinfo: 46 bytes from 44.241.174.93: icmp_seq=1085 ttl=44 time=56.8 ms
08-10 22:06:40.005 27960 28002 D cellinfo: 46 bytes from 44.241.174.93: icmp_seq=1086 ttl=44 time=56.5 ms
08-10 22:06:40.205 27960 28002 D cellinfo: 46 bytes from 44.241.174.93: icmp_seq=1087 ttl=44 time=55.6 ms
08-10 22:06:40.405 27960 28002 D cellinfo: 46 bytes from 44.241.174.93: icmp_seq=1088 ttl=44 time=54.5 ms
08-10 22:06:40.605 27960 28002 D cellinfo: 46 bytes from 44.241.174.93: icmp_seq=1089 ttl=44 time=54.3 ms
08-10 22:06:40.805 27960 28002 D cellinfo: 46 bytes from 44.241.174.93: icmp_seq=1090 ttl=44 time=53.3 ms
08-10 22:06:41.005 27960 28002 D cellinfo: 46 bytes from 44.241.174.93: icmp_seq=1091 ttl=44 time=51.4 ms
08-10 22:06:41.205 27960 28002 D cellinfo: 46 bytes from 44.241.174.93: icmp_seq=1092 ttl=44 time=51.5 ms
08-10 22:06:41.405 27960 28002 D cellinfo: 46 bytes from 44.241.174.93: icmp_seq=1093 ttl=44 time=50.6 ms
08-10 22:06:41.742 27960 28002 D cellinfo: 46 bytes from 44.241.174.93: icmp_seq=1094 ttl=44 time=186 ms
08-10 22:06:41.800 27960 28002 D cellinfo: 46 bytes from 44.241.174.93: icmp_seq=1095 ttl=44 time=43.7 ms
08-10 22:06:42.002 27960 28002 D cellinfo: 46 bytes from 44.241.174.93: icmp_seq=1096 ttl=44 time=44.9 ms
08-10 22:06:42.096 27960 27960 D cellinfo: onServiceStateChanged: Channel Number: 875 Cell Bandwidths: [15000]
08-10 22:06:42.203 27960 28002 D cellinfo: 46 bytes from 44.241.174.93: icmp_seq=1097 ttl=44 time=46.2 ms
08-10 22:06:42.402 27960 28002 D cellinfo: 46 bytes from 44.241.174.93: icmp_seq=1098 ttl=44 time=44.6 ms
08-10 22:06:42.603 27960 28002 D cellinfo: 46 bytes from 44.241.174.93: icmp_seq=1099 ttl=44 time=42.9 ms
08-10 22:06:42.763 27960 27960 D cellinfo: Latitude is 40.9025
08-10 22:06:42.763 27960 27960 D cellinfo: Longitude is -105.304148
08-10 22:06:42.763 27960 27960 D cellinfo: Instantaneous GPS information: United States, 3314 Red Mountain Rd, Livermore, CO 80536, USA
08-10 22:06:42.763 27960 27960 D cellinfo: getCurrentLocation() result: Location (success): 40.9025, -105.304148
08-10 22:06:42.764 27960 27960 D cellinfo: onCellInfoChanged: Operator: T-Mobile UpdateTimestamp: 14523526 CellConnectionStatus: 0
08-10 22:06:42.765 27960 27960 D cellinfo: onCellInfoChanged: LTE Cell Bands: [2] Bandwidth: 15000 Cell ID: 7915532 Physical Cell ID: 52 Tracking Area Code: 41465 EARFCN: 875
08-10 22:06:42.825 27960 28002 D cellinfo: 46 bytes from 44.241.174.93: icmp_seq=1100 ttl=44 time=65.1 ms
08-10 22:06:43.022 27960 28002 D cellinfo: 46 bytes from 44.241.174.93: icmp_seq=1101 ttl=44 time=60.8 ms
08-10 22:06:43.222 27960 28002 D cellinfo: 46 bytes from 44.241.174.93: icmp_seq=1102 ttl=44 time=61.6 ms
08-10 22:06:43.422 27960 28002 D cellinfo: 46 bytes from 44.241.174.93: icmp_seq=1103 ttl=44 time=60.8 ms
08-10 22:06:43.622 27960 28002 D cellinfo: 46 bytes from 44.241.174.93: icmp_seq=1104 ttl=44 time=60.4 ms
08-10 22:06:43.830 27960 28002 D cellinfo: 46 bytes from 44.241.174.93: icmp_seq=1105 ttl=44 time=67.4 ms
08-10 22:06:44.226 27960 27960 D cellinfo: onServiceStateChanged: Channel Number: 875 Cell Bandwidths: [15000]
08-10 22:06:44.355 27960 28002 D cellinfo: 46 bytes from 44.241.174.93: icmp_seq=1107 ttl=44 time=190 ms
08-10 22:06:44.414 27960 28002 D cellinfo: 46 bytes from 44.241.174.93: icmp_seq=1108 ttl=44 time=48.7 ms
08-10 22:06:44.614 27960 28002 D cellinfo: 46 bytes from 44.241.174.93: icmp_seq=1109 ttl=44 time=47.6 ms
08-10 22:06:44.814 27960 28002 D cellinfo: 46 bytes from 44.241.174.93: icmp_seq=1110 ttl=44 time=46.7 ms
08-10 22:06:45.013 27960 28002 D cellinfo: 46 bytes from 44.241.174.93: icmp_seq=1111 ttl=44 time=45.2 ms
08-10 22:06:45.213 27960 28002 D cellinfo: 46 bytes from 44.241.174.93: icmp_seq=1112 ttl=44 time=44.9 ms
08-10 22:06:45.413 27960 28002 D cellinfo: 46 bytes from 44.241.174.93: icmp_seq=1113 ttl=44 time=44.6 ms
08-10 22:06:45.624 27960 28002 D cellinfo: 46 bytes from 44.241.174.93: icmp_seq=1114 ttl=44 time=53.8 ms
08-10 22:06:45.766 27960 27960 D cellinfo: Latitude is 40.9022761
08-10 22:06:45.766 27960 27960 D cellinfo: Longitude is -105.3038518
08-10 22:06:45.766 27960 27960 D cellinfo: Instantaneous GPS information: United States, 3314 Red Mountain Rd, Livermore, CO 80536, USA
08-10 22:06:45.766 27960 27960 D cellinfo: getCurrentLocation() result: Location (success): 40.9022761, -105.3038518
08-10 22:06:45.769 27960 27960 D cellinfo: onCellInfoChanged: Operator: T-Mobile UpdateTimestamp: 14526532 CellConnectionStatus: 0
08-10 22:06:45.769 27960 27960 D cellinfo: onCellInfoChanged: LTE Cell Bands: [2] Bandwidth: 15000 Cell ID: 7915532 Physical Cell ID: 52 Tracking Area Code: 41465 EARFCN: 875
08-10 22:06:45.821 27960 28002 D cellinfo: 46 bytes from 44.241.174.93: icmp_seq=1115 ttl=44 time=50.0 ms
08-10 22:06:46.025 27960 28002 D cellinfo: 46 bytes from 44.241.174.93: icmp_seq=1116 ttl=44 time=53.2 ms
08-10 22:06:46.224 27960 28002 D cellinfo: 46 bytes from 44.241.174.93: icmp_seq=1117 ttl=44 time=52.8 ms
08-10 22:06:46.425 27960 28002 D cellinfo: 46 bytes from 44.241.174.93: icmp_seq=1118 ttl=44 time=52.9 ms
08-10 22:06:46.624 27960 28002 D cellinfo: 46 bytes from 44.241.174.93: icmp_seq=1119 ttl=44 time=52.5 ms
08-10 22:06:46.824 27960 28002 D cellinfo: 46 bytes from 44.241.174.93: icmp_seq=1120 ttl=44 time=51.5 ms
08-10 22:06:46.994 27960 27960 D cellinfo: onsignalStrengthsChanged: LTE Signal Strength info: rsrp: -87 rsrq: -8 rssi: -57 rssnr: 17
08-10 22:06:46.994 27960 27960 D cellinfo: onsignalStrengthsChanged: 5G-NR Signal Strength info: ssrsrp: -114 ssrsrq: -11 sssinr: 2147483647
08-10 22:06:47.023 27960 28002 D cellinfo: 46 bytes from 44.241.174.93: icmp_seq=1121 ttl=44 time=48.6 ms
08-10 22:06:47.224 27960 28002 D cellinfo: 46 bytes from 44.241.174.93: icmp_seq=1122 ttl=44 time=50.1 ms
08-10 22:06:47.423 27960 28002 D cellinfo: 46 bytes from 44.241.174.93: icmp_seq=1123 ttl=44 time=48.0 ms
08-10 22:06:47.623 27960 28002 D cellinfo: 46 bytes from 44.241.174.93: icmp_seq=1124 ttl=44 time=48.2 ms
08-10 22:06:47.823 27960 28002 D cellinfo: 46 bytes from 44.241.174.93: icmp_seq=1125 ttl=44 time=47.3 ms
08-10 22:06:48.023 27960 28002 D cellinfo: 46 bytes from 44.241.174.93: icmp_seq=1126 ttl=44 time=46.7 ms
08-10 22:06:48.225 27960 28002 D cellinfo: 46 bytes from 44.241.174.93: icmp_seq=1127 ttl=44 time=48.4 ms
08-10 22:06:48.422 27960 28002 D cellinfo: 46 bytes from 44.241.174.93: icmp_seq=1128 ttl=44 time=44.8 ms
08-10 22:06:48.478 27960 27960 D cellinfo: onCellInfoChanged: Operator: T-Mobile UpdateTimestamp: 14529513 CellConnectionStatus: 0
08-10 22:06:48.478 27960 27960 D cellinfo: onCellInfoChanged: LTE Cell Bands: [2] Bandwidth: 15000 Cell ID: 7915532 Physical Cell ID: 52 Tracking Area Code: 41465 EARFCN: 875
08-10 22:06:48.623 27960 28002 D cellinfo: 46 bytes from 44.241.174.93: icmp_seq=1129 ttl=44 time=44.8 ms
08-10 22:06:48.826 27960 28002 D cellinfo: 46 bytes from 44.241.174.93: icmp_seq=1130 ttl=44 time=47.6 ms
08-10 22:06:49.033 27960 28002 D cellinfo: 46 bytes from 44.241.174.93: icmp_seq=1131 ttl=44 time=53.6 ms
08-10 22:06:49.120 27960 27960 D cellinfo: onsignalStrengthsChanged: LTE Signal Strength info: rsrp: -77 rsrq: -7 rssi: -51 rssnr: 20
08-10 22:06:49.134 27960 27960 D cellinfo: onServiceStateChanged: Channel Number: 875 Cell Bandwidths: [15000]
08-10 22:06:49.409 27960 28002 D cellinfo: 46 bytes from 44.241.174.93: icmp_seq=1132 ttl=44 time=229 ms
08-10 22:06:49.432 27960 28002 D cellinfo: 46 bytes from 44.241.174.93: icmp_seq=1133 ttl=44 time=50.0 ms
08-10 22:06:49.632 27960 28002 D cellinfo: 46 bytes from 44.241.174.93: icmp_seq=1134 ttl=44 time=49.6 ms
08-10 22:06:49.832 27960 28002 D cellinfo: 46 bytes from 44.241.174.93: icmp_seq=1135 ttl=44 time=48.8 ms
08-10 22:06:50.032 27960 28002 D cellinfo: 46 bytes from 44.241.174.93: icmp_seq=1136 ttl=44 time=48.8 ms
08-10 22:06:50.231 27960 28002 D cellinfo: 46 bytes from 44.241.174.93: icmp_seq=1137 ttl=44 time=47.1 ms
08-10 22:06:50.284 27960 27960 D cellinfo: Latitude is 40.8997697
08-10 22:06:50.284 27960 27960 D cellinfo: Longitude is -105.3005569
08-10 22:06:50.284 27960 27960 D cellinfo: Instantaneous GPS information: United States, 27381-26789 US-287, Livermore, CO 80536, USA
08-10 22:06:50.284 27960 27960 D cellinfo: getCurrentLocation() result: Location (success): 40.8997697, -105.3005569
08-10 22:06:50.440 27960 28002 D cellinfo: 46 bytes from 44.241.174.93: icmp_seq=1138 ttl=44 time=56.0 ms
08-10 22:06:50.632 27960 28002 D cellinfo: 46 bytes from 44.241.174.93: icmp_seq=1139 ttl=44 time=47.0 ms
08-10 22:06:50.832 27960 28002 D cellinfo: 46 bytes from 44.241.174.93: icmp_seq=1140 ttl=44 time=46.5 ms
08-10 22:06:51.032 27960 28002 D cellinfo: 46 bytes from 44.241.174.93: icmp_seq=1141 ttl=44 time=46.0 ms
08-10 22:06:51.234 27960 28002 D cellinfo: 46 bytes from 44.241.174.93: icmp_seq=1142 ttl=44 time=48.7 ms
08-10 22:06:51.432 27960 27960 D cellinfo: Latitude is 40.8997697
08-10 22:06:51.432 27960 27960 D cellinfo: Longitude is -105.3005569
08-10 22:06:51.432 27960 27960 D cellinfo: Instantaneous GPS information: United States, 27381-26789 US-287, Livermore, CO 80536, USA
08-10 22:06:51.433 27960 27960 D cellinfo: getCurrentLocation() result: Location (success): 40.8997697, -105.3005569
08-10 22:06:51.435 27960 28002 D cellinfo: 46 bytes from 44.241.174.93: icmp_seq=1143 ttl=44 time=48.3 ms
08-10 22:06:51.483 27960 27960 D cellinfo: onCellInfoChanged: Operator: T-Mobile UpdateTimestamp: 14532515 CellConnectionStatus: 0
08-10 22:06:51.483 27960 27960 D cellinfo: onCellInfoChanged: LTE Cell Bands: [2] Bandwidth: 15000 Cell ID: 7915532 Physical Cell ID: 52 Tracking Area Code: 41465 EARFCN: 875
08-10 22:06:51.634 27960 28002 D cellinfo: 46 bytes from 44.241.174.93: icmp_seq=1144 ttl=44 time=46.6 ms
08-10 22:06:51.841 27960 28002 D cellinfo: 46 bytes from 44.241.174.93: icmp_seq=1145 ttl=44 time=51.8 ms
08-10 22:06:52.033 27960 28002 D cellinfo: 46 bytes from 44.241.174.93: icmp_seq=1146 ttl=44 time=44.1 ms
08-10 22:06:52.243 27960 28002 D cellinfo: 46 bytes from 44.241.174.93: icmp_seq=1147 ttl=44 time=53.8 ms
08-10 22:06:52.434 27960 28002 D cellinfo: 46 bytes from 44.241.174.93: icmp_seq=1148 ttl=44 time=45.3 ms
08-10 22:06:52.642 27960 28002 D cellinfo: 46 bytes from 44.241.174.93: icmp_seq=1149 ttl=44 time=51.7 ms
08-10 22:06:52.842 27960 28002 D cellinfo: 46 bytes from 44.241.174.93: icmp_seq=1150 ttl=44 time=50.3 ms
08-10 22:06:52.878 27960 27960 D cellinfo: onsignalStrengthsChanged: LTE Signal Strength info: rsrp: -85 rsrq: -6 rssi: -63 rssnr: 20
08-10 22:06:53.060 27960 28002 D cellinfo: 46 bytes from 44.241.174.93: icmp_seq=1151 ttl=44 time=68.0 ms
08-10 22:06:53.260 27960 28002 D cellinfo: 46 bytes from 44.241.174.93: icmp_seq=1152 ttl=44 time=68.3 ms
08-10 22:06:53.460 27960 28002 D cellinfo: 46 bytes from 44.241.174.93: icmp_seq=1153 ttl=44 time=67.6 ms
08-10 22:06:53.660 27960 28002 D cellinfo: 46 bytes from 44.241.174.93: icmp_seq=1154 ttl=44 time=66.0 ms
08-10 22:06:53.842 27960 28002 D cellinfo: 46 bytes from 44.241.174.93: icmp_seq=1155 ttl=44 time=47.5 ms
08-10 22:06:54.060 27960 28002 D cellinfo: 46 bytes from 44.241.174.93: icmp_seq=1156 ttl=44 time=64.9 ms
08-10 22:06:54.243 27960 28002 D cellinfo: 46 bytes from 44.241.174.93: icmp_seq=1157 ttl=44 time=48.1 ms
08-10 22:06:54.442 27960 28002 D cellinfo: 46 bytes from 44.241.174.93: icmp_seq=1158 ttl=44 time=46.3 ms
08-10 22:06:54.661 27960 28002 D cellinfo: 46 bytes from 44.241.174.93: icmp_seq=1159 ttl=44 time=64.4 ms
08-10 22:06:54.772 27960 27960 D cellinfo: Latitude is 40.8994923
08-10 22:06:54.772 27960 27960 D cellinfo: Longitude is -105.3002025
08-10 22:06:54.772 27960 27960 D cellinfo: Instantaneous GPS information: United States, 27381-26789 US-287, Livermore, CO 80536, USA
08-10 22:06:54.772 27960 27960 D cellinfo: getCurrentLocation() result: Location (success): 40.8994923, -105.3002025
08-10 22:06:54.775 27960 27960 D cellinfo: onCellInfoChanged: Operator: T-Mobile UpdateTimestamp: 14535521 CellConnectionStatus: 0
08-10 22:06:54.776 27960 27960 D cellinfo: onCellInfoChanged: LTE Cell Bands: [2] Bandwidth: 15000 Cell ID: 7915532 Physical Cell ID: 52 Tracking Area Code: 41465 EARFCN: 875
08-10 22:06:54.860 27960 28002 D cellinfo: 46 bytes from 44.241.174.93: icmp_seq=1160 ttl=44 time=62.8 ms
08-10 22:06:55.042 27960 28002 D cellinfo: 46 bytes from 44.241.174.93: icmp_seq=1161 ttl=44 time=44.0 ms
08-10 22:06:55.242 27960 28002 D cellinfo: 46 bytes from 44.241.174.93: icmp_seq=1162 ttl=44 time=44.2 ms
08-10 22:06:55.442 27960 28002 D cellinfo: 46 bytes from 44.241.174.93: icmp_seq=1163 ttl=44 time=43.3 ms
08-10 22:06:55.668 27960 28002 D cellinfo: 46 bytes from 44.241.174.93: icmp_seq=1164 ttl=44 time=67.8 ms
08-10 22:06:56.063 27960 28002 D cellinfo: 46 bytes from 44.241.174.93: icmp_seq=1166 ttl=44 time=61.5 ms
08-10 22:06:56.103 27960 27960 D cellinfo: onServiceStateChanged: Channel Number: 875 Cell Bandwidths: [15000]
08-10 22:06:56.254 27960 28002 D cellinfo: 46 bytes from 44.241.174.93: icmp_seq=1167 ttl=44 time=51.5 ms
08-10 22:06:56.453 27960 28002 D cellinfo: 46 bytes from 44.241.174.93: icmp_seq=1168 ttl=44 time=49.5 ms
08-10 22:06:56.653 27960 28002 D cellinfo: 46 bytes from 44.241.174.93: icmp_seq=1169 ttl=44 time=48.6 ms
08-10 22:06:56.854 27960 28002 D cellinfo: 46 bytes from 44.241.174.93: icmp_seq=1170 ttl=44 time=47.7 ms
08-10 22:06:57.055 27960 28002 D cellinfo: 46 bytes from 44.241.174.93: icmp_seq=1171 ttl=44 time=47.7 ms
08-10 22:06:57.254 27960 28002 D cellinfo: 46 bytes from 44.241.174.93: icmp_seq=1172 ttl=44 time=45.9 ms
08-10 22:06:57.453 27960 28002 D cellinfo: 46 bytes from 44.241.174.93: icmp_seq=1173 ttl=44 time=44.6 ms
08-10 22:06:57.673 27960 28002 D cellinfo: 46 bytes from 44.241.174.93: icmp_seq=1174 ttl=44 time=62.5 ms
08-10 22:06:57.722 27960 27960 D cellinfo: Latitude is 40.8989735
08-10 22:06:57.722 27960 27960 D cellinfo: Longitude is -105.2995396
08-10 22:06:57.722 27960 27960 D cellinfo: Instantaneous GPS information: United States, 27381-26789 US-287, Livermore, CO 80536, USA
08-10 22:06:57.722 27960 27960 D cellinfo: getCurrentLocation() result: Location (success): 40.8989735, -105.2995396
08-10 22:06:57.724 27960 27960 D cellinfo: onCellInfoChanged: Operator: T-Mobile UpdateTimestamp: 14538524 CellConnectionStatus: 0
08-10 22:06:57.724 27960 27960 D cellinfo: onCellInfoChanged: LTE Cell Bands: [2] Bandwidth: 15000 Cell ID: 7915532 Physical Cell ID: 52 Tracking Area Code: 41465 EARFCN: 875
08-10 22:06:57.866 27960 28002 D cellinfo: 46 bytes from 44.241.174.93: icmp_seq=1175 ttl=44 time=55.4 ms
08-10 22:06:58.063 27960 28002 D cellinfo: 46 bytes from 44.241.174.93: icmp_seq=1176 ttl=44 time=50.7 ms
08-10 22:06:58.266 27960 28002 D cellinfo: 46 bytes from 44.241.174.93: icmp_seq=1177 ttl=44 time=52.7 ms
08-10 22:06:58.464 27960 28002 D cellinfo: 46 bytes from 44.241.174.93: icmp_seq=1178 ttl=44 time=50.7 ms
08-10 22:06:58.652 27960 27960 D cellinfo: onServiceStateChanged: Channel Number: 875 Cell Bandwidths: [15000]
08-10 22:06:58.902 27960 28002 D cellinfo: 46 bytes from 44.241.174.93: icmp_seq=1179 ttl=44 time=288 ms
08-10 22:06:58.902 27960 28002 D cellinfo: 46 bytes from 44.241.174.93: icmp_seq=1180 ttl=44 time=86.9 ms
08-10 22:06:59.062 27960 28002 D cellinfo: 46 bytes from 44.241.174.93: icmp_seq=1181 ttl=44 time=46.7 ms
08-10 22:06:59.262 27960 28002 D cellinfo: 46 bytes from 44.241.174.93: icmp_seq=1182 ttl=44 time=44.8 ms
08-10 22:06:59.462 27960 28002 D cellinfo: 46 bytes from 44.241.174.93: icmp_seq=1183 ttl=44 time=44.4 ms
08-10 22:06:59.662 27960 28002 D cellinfo: 46 bytes from 44.241.174.93: icmp_seq=1184 ttl=44 time=43.8 ms
08-10 22:06:59.862 27960 28002 D cellinfo: 46 bytes from 44.241.174.93: icmp_seq=1185 ttl=44 time=43.2 ms
08-10 22:07:00.062 27960 28002 D cellinfo: 46 bytes from 44.241.174.93: icmp_seq=1186 ttl=44 time=42.0 ms
08-10 22:07:00.272 27960 28002 D cellinfo: 46 bytes from 44.241.174.93: icmp_seq=1187 ttl=44 time=52.4 ms
08-10 22:07:00.473 27960 28002 D cellinfo: 46 bytes from 44.241.174.93: icmp_seq=1188 ttl=44 time=52.5 ms
08-10 22:07:00.672 27960 28002 D cellinfo: 46 bytes from 44.241.174.93: icmp_seq=1189 ttl=44 time=49.5 ms
08-10 22:07:00.749 27960 27960 D cellinfo: Latitude is 40.898761
08-10 22:07:00.749 27960 27960 D cellinfo: Longitude is -105.2992681
08-10 22:07:00.749 27960 27960 D cellinfo: Instantaneous GPS information: United States, 27381-26789 US-287, Livermore, CO 80536, USA
08-10 22:07:00.749 27960 27960 D cellinfo: getCurrentLocation() result: Location (success): 40.898761, -105.2992681
08-10 22:07:00.751 27960 27960 D cellinfo: onCellInfoChanged: Operator: T-Mobile UpdateTimestamp: 14541515 CellConnectionStatus: 0
08-10 22:07:00.751 27960 27960 D cellinfo: onCellInfoChanged: LTE Cell Bands: [2] Bandwidth: 15000 Cell ID: 7915532 Physical Cell ID: 52 Tracking Area Code: 41465 EARFCN: 875
08-10 22:07:00.752 27960 27960 D cellinfo: onServiceStateChanged: Channel Number: 875 Cell Bandwidths: [15000, 5000]
08-10 22:07:00.862 27960 28002 D cellinfo: 46 bytes from 44.241.174.93: icmp_seq=1190 ttl=44 time=37.7 ms
08-10 22:07:01.072 27960 28002 D cellinfo: 46 bytes from 44.241.174.93: icmp_seq=1191 ttl=44 time=46.9 ms
08-10 22:07:01.272 27960 28002 D cellinfo: 46 bytes from 44.241.174.93: icmp_seq=1192 ttl=44 time=46.5 ms
08-10 22:07:01.472 27960 28002 D cellinfo: 46 bytes from 44.241.174.93: icmp_seq=1193 ttl=44 time=45.2 ms
08-10 22:07:01.672 27960 28002 D cellinfo: 46 bytes from 44.241.174.93: icmp_seq=1194 ttl=44 time=44.4 ms
08-10 22:07:01.874 27960 28002 D cellinfo: 46 bytes from 44.241.174.93: icmp_seq=1195 ttl=44 time=45.5 ms
08-10 22:07:02.072 27960 28002 D cellinfo: 46 bytes from 44.241.174.93: icmp_seq=1196 ttl=44 time=42.6 ms
08-10 22:07:02.283 27960 28002 D cellinfo: 46 bytes from 44.241.174.93: icmp_seq=1197 ttl=44 time=52.6 ms
08-10 22:07:02.482 27960 28002 D cellinfo: 46 bytes from 44.241.174.93: icmp_seq=1198 ttl=44 time=50.3 ms
08-10 22:07:02.683 27960 28002 D cellinfo: 46 bytes from 44.241.174.93: icmp_seq=1199 ttl=44 time=50.8 ms
08-10 22:07:02.882 27960 28002 D cellinfo: 46 bytes from 44.241.174.93: icmp_seq=1200 ttl=44 time=49.8 ms
08-10 22:07:03.082 27960 28002 D cellinfo: 46 bytes from 44.241.174.93: icmp_seq=1201 ttl=44 time=49.5 ms
08-10 22:07:03.282 27960 28002 D cellinfo: 46 bytes from 44.241.174.93: icmp_seq=1202 ttl=44 time=48.5 ms
08-10 22:07:03.474 27960 27960 D cellinfo: onCellInfoChanged: Operator: T-Mobile UpdateTimestamp: 14544509 CellConnectionStatus: 0
08-10 22:07:03.475 27960 27960 D cellinfo: onCellInfoChanged: LTE Cell Bands: [2] Bandwidth: 15000 Cell ID: 7915532 Physical Cell ID: 52 Tracking Area Code: 41465 EARFCN: 875
08-10 22:07:03.482 27960 28002 D cellinfo: 46 bytes from 44.241.174.93: icmp_seq=1203 ttl=44 time=47.0 ms
08-10 22:07:03.682 27960 28002 D cellinfo: 46 bytes from 44.241.174.93: icmp_seq=1204 ttl=44 time=47.3 ms
08-10 22:07:03.883 27960 28002 D cellinfo: 46 bytes from 44.241.174.93: icmp_seq=1205 ttl=44 time=47.4 ms
08-10 22:07:04.084 27960 28002 D cellinfo: 46 bytes from 44.241.174.93: icmp_seq=1206 ttl=44 time=47.2 ms
08-10 22:07:04.282 27960 28002 D cellinfo: 46 bytes from 44.241.174.93: icmp_seq=1207 ttl=44 time=44.5 ms
08-10 22:07:04.500 27960 28002 D cellinfo: 46 bytes from 44.241.174.93: icmp_seq=1208 ttl=44 time=60.6 ms
08-10 22:07:04.703 27960 28002 D cellinfo: 46 bytes from 44.241.174.93: icmp_seq=1209 ttl=44 time=61.6 ms
08-10 22:07:04.848 27960 27960 D cellinfo: Latitude is 40.8964721
08-10 22:07:04.848 27960 27960 D cellinfo: Longitude is -105.2963954
08-10 22:07:04.848 27960 27960 D cellinfo: Instantaneous GPS information: United States, 27381-26789 US-287, Livermore, CO 80536, USA
08-10 22:07:04.848 27960 27960 D cellinfo: getCurrentLocation() result: Location (success): 40.8964721, -105.2963954
08-10 22:07:04.885 27960 28002 D cellinfo: 46 bytes from 44.241.174.93: icmp_seq=1210 ttl=44 time=41.1 ms
08-10 22:07:05.106 27960 28002 D cellinfo: 46 bytes from 44.241.174.93: icmp_seq=1211 ttl=44 time=61.6 ms
08-10 22:07:05.311 27960 28002 D cellinfo: 46 bytes from 44.241.174.93: icmp_seq=1212 ttl=44 time=65.3 ms
08-10 22:07:05.510 27960 28002 D cellinfo: 46 bytes from 44.241.174.93: icmp_seq=1213 ttl=44 time=64.4 ms
08-10 22:07:05.702 27960 28002 D cellinfo: 46 bytes from 44.241.174.93: icmp_seq=1214 ttl=44 time=54.8 ms
08-10 22:07:05.910 27960 28002 D cellinfo: 46 bytes from 44.241.174.93: icmp_seq=1215 ttl=44 time=62.6 ms
08-10 22:07:06.102 27960 28002 D cellinfo: 46 bytes from 44.241.174.93: icmp_seq=1216 ttl=44 time=54.4 ms
08-10 22:07:06.302 27960 28002 D cellinfo: 46 bytes from 44.241.174.93: icmp_seq=1217 ttl=44 time=53.4 ms
08-10 22:07:06.434 27960 27960 D cellinfo: Latitude is 40.8964721
08-10 22:07:06.434 27960 27960 D cellinfo: Longitude is -105.2963954
08-10 22:07:06.434 27960 27960 D cellinfo: Instantaneous GPS information: United States, 27381-26789 US-287, Livermore, CO 80536, USA
08-10 22:07:06.434 27960 27960 D cellinfo: getCurrentLocation() result: Location (success): 40.8964721, -105.2963954
08-10 22:07:06.487 27960 27960 D cellinfo: onCellInfoChanged: Operator: T-Mobile UpdateTimestamp: 14547523 CellConnectionStatus: 0
08-10 22:07:06.487 27960 27960 D cellinfo: onCellInfoChanged: LTE Cell Bands: [2] Bandwidth: 15000 Cell ID: 7915532 Physical Cell ID: 52 Tracking Area Code: 41465 EARFCN: 875
08-10 22:07:06.502 27960 28002 D cellinfo: 46 bytes from 44.241.174.93: icmp_seq=1218 ttl=44 time=52.4 ms
08-10 22:07:06.702 27960 28002 D cellinfo: 46 bytes from 44.241.174.93: icmp_seq=1219 ttl=44 time=51.7 ms
08-10 22:07:06.902 27960 28002 D cellinfo: 46 bytes from 44.241.174.93: icmp_seq=1220 ttl=44 time=50.5 ms
08-10 22:07:07.016 27960 27960 D cellinfo: onsignalStrengthsChanged: LTE Signal Strength info: rsrp: -79 rsrq: -6 rssi: -57 rssnr: 30
08-10 22:07:07.102 27960 28002 D cellinfo: 46 bytes from 44.241.174.93: icmp_seq=1221 ttl=44 time=48.8 ms
08-10 22:07:07.308 27960 28002 D cellinfo: 46 bytes from 44.241.174.93: icmp_seq=1222 ttl=44 time=54.9 ms
08-10 22:07:07.508 27960 28002 D cellinfo: 46 bytes from 44.241.174.93: icmp_seq=1223 ttl=44 time=54.5 ms
08-10 22:07:07.703 27960 28002 D cellinfo: 46 bytes from 44.241.174.93: icmp_seq=1224 ttl=44 time=48.6 ms
08-10 22:07:07.907 27960 28002 D cellinfo: 46 bytes from 44.241.174.93: icmp_seq=1225 ttl=44 time=51.3 ms
08-10 22:07:08.109 27960 28002 D cellinfo: 46 bytes from 44.241.174.93: icmp_seq=1226 ttl=44 time=52.5 ms
08-10 22:07:08.302 27960 28002 D cellinfo: 46 bytes from 44.241.174.93: icmp_seq=1227 ttl=44 time=44.4 ms
08-10 22:07:08.519 27960 28002 D cellinfo: 46 bytes from 44.241.174.93: icmp_seq=1228 ttl=44 time=61.2 ms
08-10 22:07:08.701 27960 28002 D cellinfo: 46 bytes from 44.241.174.93: icmp_seq=1229 ttl=44 time=42.8 ms
08-10 22:07:08.902 27960 28002 D cellinfo: 46 bytes from 44.241.174.93: icmp_seq=1230 ttl=44 time=42.5 ms
08-10 22:07:09.117 27960 28002 D cellinfo: 46 bytes from 44.241.174.93: icmp_seq=1231 ttl=44 time=57.3 ms
08-10 22:07:09.314 27960 28002 D cellinfo: 46 bytes from 44.241.174.93: icmp_seq=1232 ttl=44 time=53.7 ms
08-10 22:07:09.522 27960 28002 D cellinfo: 46 bytes from 44.241.174.93: icmp_seq=1233 ttl=44 time=60.2 ms
08-10 22:07:09.729 27960 28002 D cellinfo: 46 bytes from 44.241.174.93: icmp_seq=1234 ttl=44 time=65.9 ms
08-10 22:07:09.772 27960 27960 D cellinfo: Latitude is 40.8960879
08-10 22:07:09.772 27960 27960 D cellinfo: Longitude is -105.2959046
08-10 22:07:09.772 27960 27960 D cellinfo: Instantaneous GPS information: United States, 27381-26789 US-287, Livermore, CO 80536, USA
08-10 22:07:09.772 27960 27960 D cellinfo: getCurrentLocation() result: Location (success): 40.8960879, -105.2959046
08-10 22:07:09.774 27960 27960 D cellinfo: onCellInfoChanged: Operator: T-Mobile UpdateTimestamp: 14550522 CellConnectionStatus: 0
08-10 22:07:09.774 27960 27960 D cellinfo: onCellInfoChanged: LTE Cell Bands: [2] Bandwidth: 15000 Cell ID: 7915532 Physical Cell ID: 52 Tracking Area Code: 41465 EARFCN: 875
08-10 22:07:09.912 27960 28002 D cellinfo: 46 bytes from 44.241.174.93: icmp_seq=1235 ttl=44 time=47.7 ms
08-10 22:07:10.112 27960 28002 D cellinfo: 46 bytes from 44.241.174.93: icmp_seq=1236 ttl=44 time=46.7 ms
08-10 22:07:10.312 27960 28002 D cellinfo: 46 bytes from 44.241.174.93: icmp_seq=1237 ttl=44 time=44.9 ms
08-10 22:07:10.513 27960 28002 D cellinfo: 46 bytes from 44.241.174.93: icmp_seq=1238 ttl=44 time=45.4 ms
08-10 22:07:10.713 27960 28002 D cellinfo: 46 bytes from 44.241.174.93: icmp_seq=1239 ttl=44 time=44.9 ms
08-10 22:07:10.880 27960 27960 D cellinfo: onsignalStrengthsChanged: LTE Signal Strength info: rsrp: -85 rsrq: -6 rssi: -67 rssnr: 30
08-10 22:07:10.913 27960 28002 D cellinfo: 46 bytes from 44.241.174.93: icmp_seq=1240 ttl=44 time=44.5 ms
08-10 22:07:11.112 27960 28002 D cellinfo: 46 bytes from 44.241.174.93: icmp_seq=1241 ttl=44 time=42.4 ms
08-10 22:07:11.340 27960 28002 D cellinfo: 46 bytes from 44.241.174.93: icmp_seq=1242 ttl=44 time=69.4 ms
08-10 22:07:11.541 27960 28002 D cellinfo: 46 bytes from 44.241.174.93: icmp_seq=1243 ttl=44 time=69.5 ms
08-10 22:07:11.723 27960 28002 D cellinfo: 46 bytes from 44.241.174.93: icmp_seq=1244 ttl=44 time=51.3 ms
08-10 22:07:11.924 27960 28002 D cellinfo: 46 bytes from 44.241.174.93: icmp_seq=1245 ttl=44 time=51.5 ms
08-10 22:07:12.122 27960 28002 D cellinfo: 46 bytes from 44.241.174.93: icmp_seq=1246 ttl=44 time=47.8 ms
08-10 22:07:12.323 27960 28002 D cellinfo: 46 bytes from 44.241.174.93: icmp_seq=1247 ttl=44 time=49.2 ms
08-10 22:07:12.524 27960 28002 D cellinfo: 46 bytes from 44.241.174.93: icmp_seq=1248 ttl=44 time=48.6 ms
08-10 22:07:12.724 27960 28002 D cellinfo: 46 bytes from 44.241.174.93: icmp_seq=1249 ttl=44 time=46.7 ms
08-10 22:07:12.763 27960 27960 D cellinfo: Latitude is 40.8955886
08-10 22:07:12.764 27960 27960 D cellinfo: Longitude is -105.2952665
08-10 22:07:12.764 27960 27960 D cellinfo: Instantaneous GPS information: United States, 27381-26789 US-287, Livermore, CO 80536, USA
08-10 22:07:12.764 27960 27960 D cellinfo: getCurrentLocation() result: Location (success): 40.8955886, -105.2952665
08-10 22:07:12.765 27960 27960 D cellinfo: onCellInfoChanged: Operator: T-Mobile UpdateTimestamp: 14553524 CellConnectionStatus: 0
08-10 22:07:12.765 27960 27960 D cellinfo: onCellInfoChanged: LTE Cell Bands: [2] Bandwidth: 15000 Cell ID: 7915532 Physical Cell ID: 52 Tracking Area Code: 41465 EARFCN: 875
08-10 22:07:12.922 27960 28002 D cellinfo: 46 bytes from 44.241.174.93: icmp_seq=1250 ttl=44 time=43.1 ms
08-10 22:07:13.122 27960 28002 D cellinfo: 46 bytes from 44.241.174.93: icmp_seq=1251 ttl=44 time=42.6 ms
08-10 22:07:13.349 27960 28002 D cellinfo: 46 bytes from 44.241.174.93: icmp_seq=1252 ttl=44 time=68.1 ms
08-10 22:07:13.551 27960 28002 D cellinfo: 46 bytes from 44.241.174.93: icmp_seq=1253 ttl=44 time=70.3 ms
08-10 22:07:13.748 27960 28002 D cellinfo: 46 bytes from 44.241.174.93: icmp_seq=1254 ttl=44 time=65.4 ms
08-10 22:07:13.954 27960 28002 D cellinfo: 46 bytes from 44.241.174.93: icmp_seq=1255 ttl=44 time=70.7 ms
08-10 22:07:14.146 27960 28002 D cellinfo: 46 bytes from 44.241.174.93: icmp_seq=1256 ttl=44 time=60.9 ms
08-10 22:07:14.350 27960 28002 D cellinfo: 46 bytes from 44.241.174.93: icmp_seq=1257 ttl=44 time=64.3 ms
08-10 22:07:14.549 27960 28002 D cellinfo: 46 bytes from 44.241.174.93: icmp_seq=1258 ttl=44 time=62.3 ms
08-10 22:07:14.742 27960 28002 D cellinfo: 46 bytes from 44.241.174.93: icmp_seq=1259 ttl=44 time=55.2 ms
08-10 22:07:14.942 27960 28002 D cellinfo: 46 bytes from 44.241.174.93: icmp_seq=1260 ttl=44 time=54.3 ms
08-10 22:07:15.142 27960 28002 D cellinfo: 46 bytes from 44.241.174.93: icmp_seq=1261 ttl=44 time=53.0 ms
08-10 22:07:15.342 27960 28002 D cellinfo: 46 bytes from 44.241.174.93: icmp_seq=1262 ttl=44 time=52.5 ms
08-10 22:07:15.544 27960 28002 D cellinfo: 46 bytes from 44.241.174.93: icmp_seq=1263 ttl=44 time=53.0 ms
08-10 22:07:15.743 27960 28002 D cellinfo: 46 bytes from 44.241.174.93: icmp_seq=1264 ttl=44 time=50.4 ms
08-10 22:07:15.776 27960 27960 D cellinfo: Latitude is 40.8954185
08-10 22:07:15.776 27960 27960 D cellinfo: Longitude is -105.2950492
08-10 22:07:15.777 27960 27960 D cellinfo: Instantaneous GPS information: United States, 27381-26789 US-287, Livermore, CO 80536, USA
08-10 22:07:15.777 27960 27960 D cellinfo: getCurrentLocation() result: Location (success): 40.8954185, -105.2950492
08-10 22:07:15.780 27960 27960 D cellinfo: onCellInfoChanged: Operator: T-Mobile UpdateTimestamp: 14556542 CellConnectionStatus: 0
08-10 22:07:15.781 27960 27960 D cellinfo: onCellInfoChanged: LTE Cell Bands: [2] Bandwidth: 15000 Cell ID: 7915532 Physical Cell ID: 52 Tracking Area Code: 41465 EARFCN: 875
08-10 22:07:15.944 27960 28002 D cellinfo: 46 bytes from 44.241.174.93: icmp_seq=1265 ttl=44 time=50.9 ms
08-10 22:07:16.142 27960 28002 D cellinfo: 46 bytes from 44.241.174.93: icmp_seq=1266 ttl=44 time=47.8 ms
08-10 22:07:16.342 27960 28002 D cellinfo: 46 bytes from 44.241.174.93: icmp_seq=1267 ttl=44 time=48.2 ms
08-10 22:07:16.542 27960 28002 D cellinfo: 46 bytes from 44.241.174.93: icmp_seq=1268 ttl=44 time=46.9 ms
08-10 22:07:16.742 27960 28002 D cellinfo: 46 bytes from 44.241.174.93: icmp_seq=1269 ttl=44 time=47.2 ms
08-10 22:07:16.941 27960 28002 D cellinfo: 46 bytes from 44.241.174.93: icmp_seq=1270 ttl=44 time=45.6 ms
08-10 22:07:17.142 27960 28002 D cellinfo: 46 bytes from 44.241.174.93: icmp_seq=1271 ttl=44 time=44.7 ms
08-10 22:07:17.342 27960 28002 D cellinfo: 46 bytes from 44.241.174.93: icmp_seq=1272 ttl=44 time=43.4 ms
08-10 22:07:17.542 27960 28002 D cellinfo: 46 bytes from 44.241.174.93: icmp_seq=1273 ttl=44 time=42.7 ms
08-10 22:07:17.752 27960 28002 D cellinfo: 46 bytes from 44.241.174.93: icmp_seq=1274 ttl=44 time=51.3 ms
08-10 22:07:17.952 27960 28002 D cellinfo: 46 bytes from 44.241.174.93: icmp_seq=1275 ttl=44 time=50.9 ms
08-10 22:07:18.152 27960 28002 D cellinfo: 46 bytes from 44.241.174.93: icmp_seq=1276 ttl=44 time=50.7 ms
08-10 22:07:18.352 27960 28002 D cellinfo: 46 bytes from 44.241.174.93: icmp_seq=1277 ttl=44 time=49.8 ms
08-10 22:07:18.464 27960 27960 D cellinfo: onCellInfoChanged: Operator: T-Mobile UpdateTimestamp: 14559499 CellConnectionStatus: 0
08-10 22:07:18.464 27960 27960 D cellinfo: onCellInfoChanged: LTE Cell Bands: [2] Bandwidth: 15000 Cell ID: 7915532 Physical Cell ID: 52 Tracking Area Code: 41465 EARFCN: 875
08-10 22:07:18.557 27960 28002 D cellinfo: 46 bytes from 44.241.174.93: icmp_seq=1278 ttl=44 time=53.9 ms
08-10 22:07:18.753 27960 28002 D cellinfo: 46 bytes from 44.241.174.93: icmp_seq=1279 ttl=44 time=49.8 ms
08-10 22:07:18.952 27960 28002 D cellinfo: 46 bytes from 44.241.174.93: icmp_seq=1280 ttl=44 time=48.8 ms
08-10 22:07:19.153 27960 28002 D cellinfo: 46 bytes from 44.241.174.93: icmp_seq=1281 ttl=44 time=49.5 ms
08-10 22:07:19.360 27960 28002 D cellinfo: 46 bytes from 44.241.174.93: icmp_seq=1282 ttl=44 time=55.0 ms
08-10 22:07:19.560 27960 28002 D cellinfo: 46 bytes from 44.241.174.93: icmp_seq=1283 ttl=44 time=54.7 ms
08-10 22:07:19.761 27960 28002 D cellinfo: 46 bytes from 44.241.174.93: icmp_seq=1284 ttl=44 time=54.2 ms
08-10 22:07:19.952 27960 28002 D cellinfo: 46 bytes from 44.241.174.93: icmp_seq=1285 ttl=44 time=45.3 ms
08-10 22:07:20.152 27960 28002 D cellinfo: 46 bytes from 44.241.174.93: icmp_seq=1286 ttl=44 time=43.3 ms
08-10 22:07:20.323 27960 27960 D cellinfo: Latitude is 40.8927816
08-10 22:07:20.323 27960 27960 D cellinfo: Longitude is -105.2918567
08-10 22:07:20.323 27960 27960 D cellinfo: Instantaneous GPS information: United States, 26787-26279 US-287, Livermore, CO 80536, USA
08-10 22:07:20.324 27960 27960 D cellinfo: getCurrentLocation() result: Location (success): 40.8927816, -105.2918567
08-10 22:07:20.362 27960 28002 D cellinfo: 46 bytes from 44.241.174.93: icmp_seq=1287 ttl=44 time=51.9 ms
08-10 22:07:20.565 27960 28002 D cellinfo: 46 bytes from 44.241.174.93: icmp_seq=1288 ttl=44 time=53.7 ms
08-10 22:07:20.762 27960 28002 D cellinfo: 46 bytes from 44.241.174.93: icmp_seq=1289 ttl=44 time=50.4 ms
08-10 22:07:20.963 27960 28002 D cellinfo: 46 bytes from 44.241.174.93: icmp_seq=1290 ttl=44 time=49.7 ms
08-10 22:07:21.163 27960 28002 D cellinfo: 46 bytes from 44.241.174.93: icmp_seq=1291 ttl=44 time=48.4 ms
08-10 22:07:21.363 27960 28002 D cellinfo: 46 bytes from 44.241.174.93: icmp_seq=1292 ttl=44 time=47.4 ms
08-10 22:07:21.437 27960 27960 D cellinfo: Latitude is 40.8927816
08-10 22:07:21.437 27960 27960 D cellinfo: Longitude is -105.2918567
08-10 22:07:21.437 27960 27960 D cellinfo: Instantaneous GPS information: United States, 26787-26279 US-287, Livermore, CO 80536, USA
08-10 22:07:21.437 27960 27960 D cellinfo: getCurrentLocation() result: Location (success): 40.8927816, -105.2918567
08-10 22:07:21.486 27960 27960 D cellinfo: onCellInfoChanged: Operator: T-Mobile UpdateTimestamp: 14562521 CellConnectionStatus: 0
08-10 22:07:21.486 27960 27960 D cellinfo: onCellInfoChanged: LTE Cell Bands: [2] Bandwidth: 15000 Cell ID: 7915532 Physical Cell ID: 52 Tracking Area Code: 41465 EARFCN: 875
08-10 22:07:21.562 27960 28002 D cellinfo: 46 bytes from 44.241.174.93: icmp_seq=1293 ttl=44 time=46.5 ms
08-10 22:07:21.763 27960 28002 D cellinfo: 46 bytes from 44.241.174.93: icmp_seq=1294 ttl=44 time=46.3 ms
08-10 22:07:21.963 27960 28002 D cellinfo: 46 bytes from 44.241.174.93: icmp_seq=1295 ttl=44 time=45.1 ms
08-10 22:07:22.163 27960 28002 D cellinfo: 46 bytes from 44.241.174.93: icmp_seq=1296 ttl=44 time=44.6 ms
08-10 22:07:22.362 27960 28002 D cellinfo: 46 bytes from 44.241.174.93: icmp_seq=1297 ttl=44 time=43.1 ms
08-10 22:07:22.582 27960 28002 D cellinfo: 46 bytes from 44.241.174.93: icmp_seq=1298 ttl=44 time=61.6 ms
08-10 22:07:22.782 27960 28002 D cellinfo: 46 bytes from 44.241.174.93: icmp_seq=1299 ttl=44 time=60.5 ms
08-10 22:07:22.982 27960 28002 D cellinfo: 46 bytes from 44.241.174.93: icmp_seq=1300 ttl=44 time=60.2 ms
08-10 22:07:23.182 27960 28002 D cellinfo: 46 bytes from 44.241.174.93: icmp_seq=1301 ttl=44 time=59.6 ms
08-10 22:07:23.382 27960 28002 D cellinfo: 46 bytes from 44.241.174.93: icmp_seq=1302 ttl=44 time=57.7 ms
08-10 22:07:23.582 27960 28002 D cellinfo: 46 bytes from 44.241.174.93: icmp_seq=1303 ttl=44 time=56.3 ms
08-10 22:07:23.782 27960 28002 D cellinfo: 46 bytes from 44.241.174.93: icmp_seq=1304 ttl=44 time=55.5 ms
08-10 22:07:23.981 27960 28002 D cellinfo: 46 bytes from 44.241.174.93: icmp_seq=1305 ttl=44 time=54.4 ms
08-10 22:07:24.180 27960 28002 D cellinfo: 46 bytes from 44.241.174.93: icmp_seq=1306 ttl=44 time=51.6 ms
08-10 22:07:24.382 27960 28002 D cellinfo: 46 bytes from 44.241.174.93: icmp_seq=1307 ttl=44 time=52.5 ms
08-10 22:07:24.590 27960 28002 D cellinfo: 46 bytes from 44.241.174.93: icmp_seq=1308 ttl=44 time=60.0 ms
08-10 22:07:24.763 27960 27960 D cellinfo: Latitude is 40.8925206
08-10 22:07:24.763 27960 27960 D cellinfo: Longitude is -105.2915233
08-10 22:07:24.763 27960 27960 D cellinfo: Instantaneous GPS information: United States, 26787-26279 US-287, Livermore, CO 80536, USA
08-10 22:07:24.763 27960 27960 D cellinfo: getCurrentLocation() result: Location (success): 40.8925206, -105.2915233
08-10 22:07:24.765 27960 27960 D cellinfo: onCellInfoChanged: Operator: T-Mobile UpdateTimestamp: 14565519 CellConnectionStatus: 0
08-10 22:07:24.766 27960 27960 D cellinfo: onCellInfoChanged: LTE Cell Bands: [2] Bandwidth: 15000 Cell ID: 7915532 Physical Cell ID: 52 Tracking Area Code: 41465 EARFCN: 875
08-10 22:07:24.784 27960 28002 D cellinfo: 46 bytes from 44.241.174.93: icmp_seq=1309 ttl=44 time=52.1 ms
08-10 22:07:24.982 27960 28002 D cellinfo: 46 bytes from 44.241.174.93: icmp_seq=1310 ttl=44 time=49.6 ms
08-10 22:07:25.182 27960 28002 D cellinfo: 46 bytes from 44.241.174.93: icmp_seq=1311 ttl=44 time=48.4 ms
08-10 22:07:25.381 27960 28002 D cellinfo: 46 bytes from 44.241.174.93: icmp_seq=1312 ttl=44 time=46.8 ms
08-10 22:07:25.582 27960 28002 D cellinfo: 46 bytes from 44.241.174.93: icmp_seq=1313 ttl=44 time=47.5 ms
08-10 22:07:25.781 27960 28002 D cellinfo: 46 bytes from 44.241.174.93: icmp_seq=1314 ttl=44 time=45.4 ms
08-10 22:07:25.985 27960 28002 D cellinfo: 46 bytes from 44.241.174.93: icmp_seq=1315 ttl=44 time=47.7 ms
08-10 22:07:26.182 27960 28002 D cellinfo: 46 bytes from 44.241.174.93: icmp_seq=1316 ttl=44 time=43.7 ms
08-10 22:07:26.382 27960 28002 D cellinfo: 46 bytes from 44.241.174.93: icmp_seq=1317 ttl=44 time=42.3 ms
08-10 22:07:26.593 27960 28002 D cellinfo: 46 bytes from 44.241.174.93: icmp_seq=1318 ttl=44 time=52.9 ms
08-10 22:07:26.792 27960 28002 D cellinfo: 46 bytes from 44.241.174.93: icmp_seq=1319 ttl=44 time=51.8 ms
08-10 22:07:26.992 27960 28002 D cellinfo: 46 bytes from 44.241.174.93: icmp_seq=1320 ttl=44 time=51.7 ms
08-10 22:07:27.192 27960 28002 D cellinfo: 46 bytes from 44.241.174.93: icmp_seq=1321 ttl=44 time=50.4 ms
08-10 22:07:27.392 27960 28002 D cellinfo: 46 bytes from 44.241.174.93: icmp_seq=1322 ttl=44 time=49.7 ms
08-10 22:07:27.597 27960 28002 D cellinfo: 46 bytes from 44.241.174.93: icmp_seq=1323 ttl=44 time=52.2 ms
08-10 22:07:27.766 27960 27960 D cellinfo: Latitude is 40.8920203
08-10 22:07:27.766 27960 27960 D cellinfo: Longitude is -105.2908842
08-10 22:07:27.766 27960 27960 D cellinfo: Instantaneous GPS information: United States, 26787-26279 US-287, Livermore, CO 80536, USA
08-10 22:07:27.766 27960 27960 D cellinfo: getCurrentLocation() result: Location (success): 40.8920203, -105.2908842
08-10 22:07:27.767 27960 27960 D cellinfo: onCellInfoChanged: Operator: T-Mobile UpdateTimestamp: 14568523 CellConnectionStatus: 0
08-10 22:07:27.767 27960 27960 D cellinfo: onCellInfoChanged: LTE Cell Bands: [2] Bandwidth: 15000 Cell ID: 7915532 Physical Cell ID: 52 Tracking Area Code: 41465 EARFCN: 875
08-10 22:07:27.792 27960 28002 D cellinfo: 46 bytes from 44.241.174.93: icmp_seq=1324 ttl=44 time=45.0 ms
08-10 22:07:27.992 27960 28002 D cellinfo: 46 bytes from 44.241.174.93: icmp_seq=1325 ttl=44 time=44.5 ms
08-10 22:07:28.192 27960 28002 D cellinfo: 46 bytes from 44.241.174.93: icmp_seq=1326 ttl=44 time=43.6 ms
08-10 22:07:28.402 27960 28002 D cellinfo: 46 bytes from 44.241.174.93: icmp_seq=1327 ttl=44 time=51.6 ms
08-10 22:07:28.603 27960 28002 D cellinfo: 46 bytes from 44.241.174.93: icmp_seq=1328 ttl=44 time=51.4 ms
08-10 22:07:28.802 27960 28002 D cellinfo: 46 bytes from 44.241.174.93: icmp_seq=1329 ttl=44 time=49.3 ms
08-10 22:07:29.001 27960 28002 D cellinfo: 46 bytes from 44.241.174.93: icmp_seq=1330 ttl=44 time=48.3 ms
08-10 22:07:29.202 27960 28002 D cellinfo: 46 bytes from 44.241.174.93: icmp_seq=1331 ttl=44 time=48.4 ms
08-10 22:07:29.402 27960 28002 D cellinfo: 46 bytes from 44.241.174.93: icmp_seq=1332 ttl=44 time=48.5 ms
08-10 22:07:29.602 27960 28002 D cellinfo: 46 bytes from 44.241.174.93: icmp_seq=1333 ttl=44 time=46.5 ms
08-10 22:07:29.802 27960 28002 D cellinfo: 46 bytes from 44.241.174.93: icmp_seq=1334 ttl=44 time=45.5 ms
08-10 22:07:30.002 27960 28002 D cellinfo: 46 bytes from 44.241.174.93: icmp_seq=1335 ttl=44 time=44.6 ms
08-10 22:07:30.202 27960 28002 D cellinfo: 46 bytes from 44.241.174.93: icmp_seq=1336 ttl=44 time=44.7 ms
08-10 22:07:30.614 27960 28002 D cellinfo: 46 bytes from 44.241.174.93: icmp_seq=1338 ttl=44 time=51.9 ms
