08-10 22:28:25.124 32511 32565 D cellinfo: 46 bytes from 44.241.174.93: icmp_seq=1012 ttl=44 time=56.3 ms
08-10 22:28:25.153 32511 32511 D cellinfo: onsignalStrengthsChanged: LTE Signal Strength info: rsrp: -97 rsrq: -14 rssi: -65 rssnr: 3
08-10 22:28:25.153 32511 32511 D cellinfo: onsignalStrengthsChanged: 5G-NR Signal Strength info: ssrsrp: -87 ssrsrq: -12 sssinr: 29
08-10 22:28:25.325 32511 32565 D cellinfo: 46 bytes from 44.241.174.93: icmp_seq=1013 ttl=44 time=57.6 ms
08-10 22:28:25.526 32511 32565 D cellinfo: 46 bytes from 44.241.174.93: icmp_seq=1014 ttl=44 time=57.8 ms
08-10 22:28:25.726 32511 32565 D cellinfo: 46 bytes from 44.241.174.93: icmp_seq=1015 ttl=44 time=57.7 ms
08-10 22:28:25.925 32511 32565 D cellinfo: 46 bytes from 44.241.174.93: icmp_seq=1016 ttl=44 time=56.2 ms
08-10 22:28:26.142 32511 32565 D cellinfo: 46 bytes from 44.241.174.93: icmp_seq=1017 ttl=44 time=72.3 ms
08-10 22:28:26.326 32511 32565 D cellinfo: 46 bytes from 44.241.174.93: icmp_seq=1018 ttl=44 time=54.8 ms
08-10 22:28:26.532 32511 32565 D cellinfo: 46 bytes from 44.241.174.93: icmp_seq=1019 ttl=44 time=61.2 ms
08-10 22:28:26.741 32511 32565 D cellinfo: 46 bytes from 44.241.174.93: icmp_seq=1020 ttl=44 time=69.3 ms
08-10 22:28:26.933 32511 32565 D cellinfo: 46 bytes from 44.241.174.93: icmp_seq=1021 ttl=44 time=59.5 ms
08-10 22:28:27.125 32511 32565 D cellinfo: 46 bytes from 44.241.174.93: icmp_seq=1022 ttl=44 time=50.4 ms
08-10 22:28:27.172 32511 32511 D cellinfo: onsignalStrengthsChanged: LTE Signal Strength info: rsrp: -94 rsrq: -15 rssi: -67 rssnr: 0
08-10 22:28:27.172 32511 32511 D cellinfo: onsignalStrengthsChanged: 5G-NR Signal Strength info: ssrsrp: -87 ssrsrq: -12 sssinr: 29
08-10 22:28:27.335 32511 32565 D cellinfo: 46 bytes from 44.241.174.93: icmp_seq=1023 ttl=44 time=59.4 ms
08-10 22:28:27.535 32511 32565 D cellinfo: 46 bytes from 44.241.174.93: icmp_seq=1024 ttl=44 time=58.4 ms
08-10 22:28:27.742 32511 32565 D cellinfo: 46 bytes from 44.241.174.93: icmp_seq=1025 ttl=44 time=64.2 ms
08-10 22:28:27.963 32511 32565 D cellinfo: 46 bytes from 44.241.174.93: icmp_seq=1026 ttl=44 time=83.7 ms
08-10 22:28:28.080 32511 32511 D cellinfo: Latitude is 40.6367973
08-10 22:28:28.080 32511 32511 D cellinfo: Longitude is -105.1177592
08-10 22:28:28.080 32511 32511 D cellinfo: Instantaneous GPS information: United States, 3519-3129 US-287, Fort Collins, CO 80524, USA
08-10 22:28:28.080 32511 32511 D cellinfo: getCurrentLocation() result: Location (success): 40.6367973, -105.1177592
08-10 22:28:28.083 32511 32511 D cellinfo: onCellInfoChanged: Operator: T-Mobile UpdateTimestamp: 15828748 CellConnectionStatus: 0
08-10 22:28:28.083 32511 32511 D cellinfo: onCellInfoChanged: LTE Cell Bands: [66] Bandwidth: 10000 Cell ID: 27489567 Physical Cell ID: 90 Tracking Area Code: 41465 EARFCN: 66886
08-10 22:28:28.153 32511 32511 D cellinfo: onsignalStrengthsChanged: LTE Signal Strength info: rsrp: -94 rsrq: -15 rssi: -67 rssnr: 0
08-10 22:28:28.153 32511 32511 D cellinfo: onsignalStrengthsChanged: 5G-NR Signal Strength info: ssrsrp: -91 ssrsrq: -15 sssinr: -21
08-10 22:28:28.158 32511 32565 D cellinfo: 46 bytes from 44.241.174.93: icmp_seq=1027 ttl=44 time=78.3 ms
08-10 22:28:28.359 32511 32565 D cellinfo: 46 bytes from 44.241.174.93: icmp_seq=1028 ttl=44 time=78.8 ms
08-10 22:28:28.534 32511 32511 D cellinfo: onsignalStrengthsChanged: LTE Signal Strength info: rsrp: -94 rsrq: -15 rssi: -67 rssnr: 0
08-10 22:28:28.534 32511 32511 D cellinfo: onsignalStrengthsChanged: 5G-NR Signal Strength info: ssrsrp: -91 ssrsrq: -15 sssinr: 2147483647
08-10 22:28:28.584 32511 32565 D cellinfo: 46 bytes from 44.241.174.93: icmp_seq=1029 ttl=44 time=102 ms
08-10 22:28:28.749 32511 32565 D cellinfo: 46 bytes from 44.241.174.93: icmp_seq=1030 ttl=44 time=67.8 ms
08-10 22:28:29.016 32511 32565 D cellinfo: 46 bytes from 44.241.174.93: icmp_seq=1031 ttl=44 time=133 ms
08-10 22:28:29.293 32511 32565 D cellinfo: 46 bytes from 44.241.174.93: icmp_seq=1032 ttl=44 time=212 ms
08-10 22:28:29.409 32511 32511 D cellinfo: onsignalStrengthsChanged: LTE Signal Strength info: rsrp: -99 rsrq: -18 rssi: -63 rssnr: -3
08-10 22:28:29.409 32511 32511 D cellinfo: onsignalStrengthsChanged: 5G-NR Signal Strength info: ssrsrp: -91 ssrsrq: -15 sssinr: 2147483647
08-10 22:28:29.929 32511 32565 D cellinfo: 46 bytes from 44.241.174.93: icmp_seq=1033 ttl=44 time=646 ms
08-10 22:28:29.930 32511 32565 D cellinfo: 46 bytes from 44.241.174.93: icmp_seq=1034 ttl=44 time=446 ms
08-10 22:28:29.930 32511 32565 D cellinfo: 46 bytes from 44.241.174.93: icmp_seq=1035 ttl=44 time=243 ms
08-10 22:28:29.983 32511 32565 D cellinfo: 46 bytes from 44.241.174.93: icmp_seq=1036 ttl=44 time=93.7 ms
08-10 22:28:30.293 32511 32565 D cellinfo: 46 bytes from 44.241.174.93: icmp_seq=1037 ttl=44 time=203 ms
08-10 22:28:30.601 32511 32565 D cellinfo: 46 bytes from 44.241.174.93: icmp_seq=1038 ttl=44 time=309 ms
08-10 22:28:30.602 32511 32565 D cellinfo: 46 bytes from 44.241.174.93: icmp_seq=1039 ttl=44 time=108 ms
08-10 22:28:30.690 32511 32511 D cellinfo: onCellInfoChanged: Operator: T-Mobile UpdateTimestamp: 15831725 CellConnectionStatus: 0
08-10 22:28:30.690 32511 32511 D cellinfo: onCellInfoChanged: LTE Cell Bands: [66] Bandwidth: 10000 Cell ID: 27489567 Physical Cell ID: 90 Tracking Area Code: 41465 EARFCN: 66886
08-10 22:28:30.745 32511 32565 D cellinfo: 46 bytes from 44.241.174.93: icmp_seq=1040 ttl=44 time=52.1 ms
08-10 22:28:30.944 32511 32565 D cellinfo: 46 bytes from 44.241.174.93: icmp_seq=1041 ttl=44 time=50.7 ms
08-10 22:28:31.153 32511 32511 D cellinfo: onsignalStrengthsChanged: LTE Signal Strength info: rsrp: -99 rsrq: -18 rssi: -63 rssnr: -3
08-10 22:28:31.153 32511 32511 D cellinfo: onsignalStrengthsChanged: 5G-NR Signal Strength info: ssrsrp: -88 ssrsrq: -13 sssinr: 2
08-10 22:28:31.153 32511 32565 D cellinfo: 46 bytes from 44.241.174.93: icmp_seq=1042 ttl=44 time=59.4 ms
08-10 22:28:31.349 32511 32565 D cellinfo: 46 bytes from 44.241.174.93: icmp_seq=1043 ttl=44 time=54.4 ms
08-10 22:28:31.561 32511 32565 D cellinfo: 46 bytes from 44.241.174.93: icmp_seq=1044 ttl=44 time=66.1 ms
08-10 22:28:31.759 32511 32565 D cellinfo: 46 bytes from 44.241.174.93: icmp_seq=1045 ttl=44 time=63.3 ms
08-10 22:28:31.958 32511 32565 D cellinfo: 46 bytes from 44.241.174.93: icmp_seq=1046 ttl=44 time=59.4 ms
08-10 22:28:32.154 32511 32511 D cellinfo: Latitude is 40.6348228
08-10 22:28:32.154 32511 32511 D cellinfo: Longitude is -105.1157896
08-10 22:28:32.154 32511 32511 D cellinfo: Instantaneous GPS information: United States, 3195 US-287, Fort Collins, CO 80524, USA
08-10 22:28:32.154 32511 32511 D cellinfo: getCurrentLocation() result: Location (success): 40.6348228, -105.1157896
08-10 22:28:32.156 32511 32565 D cellinfo: 46 bytes from 44.241.174.93: icmp_seq=1047 ttl=44 time=56.4 ms
08-10 22:28:32.356 32511 32565 D cellinfo: 46 bytes from 44.241.174.93: icmp_seq=1048 ttl=44 time=55.5 ms
08-10 22:28:32.555 32511 32565 D cellinfo: 46 bytes from 44.241.174.93: icmp_seq=1049 ttl=44 time=53.5 ms
08-10 22:28:32.714 32511 32511 D cellinfo: onsignalStrengthsChanged: LTE Signal Strength info: rsrp: -93 rsrq: -19 rssi: -55 rssnr: -3
08-10 22:28:32.714 32511 32511 D cellinfo: onsignalStrengthsChanged: 5G-NR Signal Strength info: ssrsrp: -88 ssrsrq: -13 sssinr: 2
08-10 22:28:32.755 32511 32565 D cellinfo: 46 bytes from 44.241.174.93: icmp_seq=1050 ttl=44 time=52.6 ms
08-10 22:28:32.955 32511 32565 D cellinfo: 46 bytes from 44.241.174.93: icmp_seq=1051 ttl=44 time=52.1 ms
08-10 22:28:33.154 32511 32565 D cellinfo: 46 bytes from 44.241.174.93: icmp_seq=1052 ttl=44 time=50.2 ms
08-10 22:28:33.325 32511 32511 D cellinfo: onServiceStateChanged: Channel Number: 66886 Cell Bandwidths: [10000]
08-10 22:28:33.452 32511 32565 D cellinfo: 46 bytes from 44.241.174.93: icmp_seq=1053 ttl=44 time=147 ms
08-10 22:28:33.559 32511 32565 D cellinfo: 46 bytes from 44.241.174.93: icmp_seq=1054 ttl=44 time=53.4 ms
08-10 22:28:33.662 32511 32511 D cellinfo: Latitude is 40.6348228
08-10 22:28:33.662 32511 32511 D cellinfo: Longitude is -105.1157896
08-10 22:28:33.662 32511 32511 D cellinfo: Instantaneous GPS information: United States, 3195 US-287, Fort Collins, CO 80524, USA
08-10 22:28:33.662 32511 32511 D cellinfo: getCurrentLocation() result: Location (success): 40.6348228, -105.1157896
08-10 22:28:33.710 32511 32511 D cellinfo: onCellInfoChanged: Operator: T-Mobile UpdateTimestamp: 15834746 CellConnectionStatus: 0
08-10 22:28:33.710 32511 32511 D cellinfo: onCellInfoChanged: LTE Cell Bands: [66] Bandwidth: 10000 Cell ID: 27489568 Physical Cell ID: 49 Tracking Area Code: 41465 EARFCN: 66886
08-10 22:28:33.760 32511 32565 D cellinfo: 46 bytes from 44.241.174.93: icmp_seq=1055 ttl=44 time=53.2 ms
08-10 22:28:33.888 32511 32511 D cellinfo: onsignalStrengthsChanged: LTE Signal Strength info: rsrp: -92 rsrq: -13 rssi: -55 rssnr: -2
08-10 22:28:33.888 32511 32511 D cellinfo: onsignalStrengthsChanged: 5G-NR Signal Strength info: ssrsrp: -88 ssrsrq: -13 sssinr: 2
08-10 22:28:33.959 32511 32565 D cellinfo: 46 bytes from 44.241.174.93: icmp_seq=1056 ttl=44 time=51.4 ms
08-10 22:28:34.153 32511 32511 D cellinfo: onsignalStrengthsChanged: LTE Signal Strength info: rsrp: -92 rsrq: -13 rssi: -55 rssnr: -2
08-10 22:28:34.153 32511 32511 D cellinfo: onsignalStrengthsChanged: 5G-NR Signal Strength info: ssrsrp: -87 ssrsrq: -11 sssinr: 2147483647
08-10 22:28:34.160 32511 32565 D cellinfo: 46 bytes from 44.241.174.93: icmp_seq=1057 ttl=44 time=50.8 ms
08-10 22:28:34.358 32511 32565 D cellinfo: 46 bytes from 44.241.174.93: icmp_seq=1058 ttl=44 time=48.9 ms
08-10 22:28:34.560 32511 32565 D cellinfo: 46 bytes from 44.241.174.93: icmp_seq=1059 ttl=44 time=49.5 ms
08-10 22:28:34.759 32511 32565 D cellinfo: 46 bytes from 44.241.174.93: icmp_seq=1060 ttl=44 time=47.1 ms
08-10 22:28:34.967 32511 32565 D cellinfo: 46 bytes from 44.241.174.93: icmp_seq=1061 ttl=44 time=53.3 ms
08-10 22:28:35.185 32511 32565 D cellinfo: 46 bytes from 44.241.174.93: icmp_seq=1062 ttl=44 time=70.9 ms
08-10 22:28:35.369 32511 32565 D cellinfo: 46 bytes from 44.241.174.93: icmp_seq=1063 ttl=44 time=53.8 ms
08-10 22:28:35.584 32511 32565 D cellinfo: 46 bytes from 44.241.174.93: icmp_seq=1064 ttl=44 time=69.1 ms
08-10 22:28:35.715 32511 32511 D cellinfo: onsignalStrengthsChanged: LTE Signal Strength info: rsrp: -93 rsrq: -16 rssi: -65 rssnr: 5
08-10 22:28:35.715 32511 32511 D cellinfo: onsignalStrengthsChanged: 5G-NR Signal Strength info: ssrsrp: -87 ssrsrq: -11 sssinr: 2147483647
08-10 22:28:35.769 32511 32565 D cellinfo: 46 bytes from 44.241.174.93: icmp_seq=1065 ttl=44 time=52.5 ms
08-10 22:28:35.969 32511 32565 D cellinfo: 46 bytes from 44.241.174.93: icmp_seq=1066 ttl=44 time=51.5 ms
08-10 22:28:36.169 32511 32565 D cellinfo: 46 bytes from 44.241.174.93: icmp_seq=1067 ttl=44 time=50.3 ms
08-10 22:28:36.384 32511 32565 D cellinfo: 46 bytes from 44.241.174.93: icmp_seq=1068 ttl=44 time=64.2 ms
08-10 22:28:36.579 32511 32565 D cellinfo: 46 bytes from 44.241.174.93: icmp_seq=1069 ttl=44 time=58.7 ms
08-10 22:28:36.769 32511 32565 D cellinfo: 46 bytes from 44.241.174.93: icmp_seq=1070 ttl=44 time=47.3 ms
08-10 22:28:36.959 32511 32511 D cellinfo: Latitude is 40.6344579
08-10 22:28:36.959 32511 32511 D cellinfo: Longitude is -105.1154138
08-10 22:28:36.959 32511 32511 D cellinfo: Instantaneous GPS information: United States, 3519-3129 US-287, Fort Collins, CO 80524, USA
08-10 22:28:36.959 32511 32511 D cellinfo: getCurrentLocation() result: Location (success): 40.6344579, -105.1154138
08-10 22:28:36.962 32511 32511 D cellinfo: onCellInfoChanged: Operator: T-Mobile UpdateTimestamp: 15837728 CellConnectionStatus: 0
08-10 22:28:36.962 32511 32511 D cellinfo: onCellInfoChanged: LTE Cell Bands: [66] Bandwidth: 10000 Cell ID: 27489568 Physical Cell ID: 49 Tracking Area Code: 41465 EARFCN: 66886
08-10 22:28:36.969 32511 32565 D cellinfo: 46 bytes from 44.241.174.93: icmp_seq=1071 ttl=44 time=46.4 ms
08-10 22:28:37.156 32511 32511 D cellinfo: onsignalStrengthsChanged: LTE Signal Strength info: rsrp: -93 rsrq: -16 rssi: -65 rssnr: 5
08-10 22:28:37.156 32511 32511 D cellinfo: onsignalStrengthsChanged: 5G-NR Signal Strength info: ssrsrp: -91 ssrsrq: -12 sssinr: 2147483647
08-10 22:28:37.168 32511 32565 D cellinfo: 46 bytes from 44.241.174.93: icmp_seq=1072 ttl=44 time=44.8 ms
08-10 22:28:37.369 32511 32565 D cellinfo: 46 bytes from 44.241.174.93: icmp_seq=1073 ttl=44 time=45.3 ms
08-10 22:28:37.569 32511 32565 D cellinfo: 46 bytes from 44.241.174.93: icmp_seq=1074 ttl=44 time=43.7 ms
08-10 22:28:37.777 32511 32565 D cellinfo: 46 bytes from 44.241.174.93: icmp_seq=1075 ttl=44 time=51.0 ms
08-10 22:28:37.980 32511 32565 D cellinfo: 46 bytes from 44.241.174.93: icmp_seq=1076 ttl=44 time=53.7 ms
08-10 22:28:38.179 32511 32565 D cellinfo: 46 bytes from 44.241.174.93: icmp_seq=1077 ttl=44 time=52.5 ms
08-10 22:28:38.369 32511 32511 D cellinfo: onsignalStrengthsChanged: LTE Signal Strength info: rsrp: -95 rsrq: -14 rssi: -61 rssnr: 5
08-10 22:28:38.369 32511 32511 D cellinfo: onsignalStrengthsChanged: 5G-NR Signal Strength info: ssrsrp: -91 ssrsrq: -12 sssinr: 2147483647
08-10 22:28:38.379 32511 32565 D cellinfo: 46 bytes from 44.241.174.93: icmp_seq=1078 ttl=44 time=51.0 ms
08-10 22:28:38.585 32511 32565 D cellinfo: 46 bytes from 44.241.174.93: icmp_seq=1079 ttl=44 time=56.4 ms
08-10 22:28:38.785 32511 32565 D cellinfo: 46 bytes from 44.241.174.93: icmp_seq=1080 ttl=44 time=55.1 ms
08-10 22:28:38.986 32511 32565 D cellinfo: 46 bytes from 44.241.174.93: icmp_seq=1081 ttl=44 time=54.4 ms
08-10 22:28:39.179 32511 32565 D cellinfo: 46 bytes from 44.241.174.93: icmp_seq=1082 ttl=44 time=46.2 ms
08-10 22:28:39.379 32511 32565 D cellinfo: 46 bytes from 44.241.174.93: icmp_seq=1083 ttl=44 time=46.1 ms
08-10 22:28:39.589 32511 32565 D cellinfo: 46 bytes from 44.241.174.93: icmp_seq=1084 ttl=44 time=54.5 ms
08-10 22:28:39.785 32511 32565 D cellinfo: 46 bytes from 44.241.174.93: icmp_seq=1085 ttl=44 time=49.1 ms
08-10 22:28:39.952 32511 32511 D cellinfo: Latitude is 40.6339943
08-10 22:28:39.952 32511 32511 D cellinfo: Longitude is -105.114936
08-10 22:28:39.952 32511 32511 D cellinfo: Instantaneous GPS information: United States, 3224 N Taft Hill Rd, Fort Collins, CO 80524, USA
08-10 22:28:39.952 32511 32511 D cellinfo: getCurrentLocation() result: Location (success): 40.6339943, -105.114936
08-10 22:28:39.954 32511 32511 D cellinfo: onCellInfoChanged: Operator: T-Mobile UpdateTimestamp: 15840741 CellConnectionStatus: 0
08-10 22:28:39.954 32511 32511 D cellinfo: onCellInfoChanged: LTE Cell Bands: [66] Bandwidth: 10000 Cell ID: 27489568 Physical Cell ID: 49 Tracking Area Code: 41465 EARFCN: 66886
08-10 22:28:39.996 32511 32565 D cellinfo: 46 bytes from 44.241.174.93: icmp_seq=1086 ttl=44 time=59.5 ms
08-10 22:28:40.154 32511 32511 D cellinfo: onsignalStrengthsChanged: LTE Signal Strength info: rsrp: -95 rsrq: -14 rssi: -61 rssnr: 5
08-10 22:28:40.154 32511 32511 D cellinfo: onsignalStrengthsChanged: 5G-NR Signal Strength info: ssrsrp: -93 ssrsrq: -12 sssinr: 2147483647
08-10 22:28:40.190 32511 32565 D cellinfo: 46 bytes from 44.241.174.93: icmp_seq=1087 ttl=44 time=52.4 ms
08-10 22:28:40.389 32511 32565 D cellinfo: 46 bytes from 44.241.174.93: icmp_seq=1088 ttl=44 time=49.1 ms
08-10 22:28:40.595 32511 32565 D cellinfo: 46 bytes from 44.241.174.93: icmp_seq=1089 ttl=44 time=55.8 ms
08-10 22:28:40.792 32511 32565 D cellinfo: 46 bytes from 44.241.174.93: icmp_seq=1090 ttl=44 time=51.6 ms
08-10 22:28:40.998 32511 32565 D cellinfo: 46 bytes from 44.241.174.93: icmp_seq=1091 ttl=44 time=57.2 ms
08-10 22:28:41.189 32511 32565 D cellinfo: 46 bytes from 44.241.174.93: icmp_seq=1092 ttl=44 time=47.2 ms
08-10 22:28:41.396 32511 32565 D cellinfo: 46 bytes from 44.241.174.93: icmp_seq=1093 ttl=44 time=53.3 ms
08-10 22:28:41.589 32511 32565 D cellinfo: 46 bytes from 44.241.174.93: icmp_seq=1094 ttl=44 time=45.3 ms
08-10 22:28:41.715 32511 32511 D cellinfo: onsignalStrengthsChanged: LTE Signal Strength info: rsrp: -97 rsrq: -16 rssi: -65 rssnr: 8
08-10 22:28:41.715 32511 32511 D cellinfo: onsignalStrengthsChanged: 5G-NR Signal Strength info: ssrsrp: -93 ssrsrq: -12 sssinr: 2147483647
08-10 22:28:41.799 32511 32565 D cellinfo: 46 bytes from 44.241.174.93: icmp_seq=1095 ttl=44 time=54.4 ms
08-10 22:28:41.999 32511 32565 D cellinfo: 46 bytes from 44.241.174.93: icmp_seq=1096 ttl=44 time=53.6 ms
08-10 22:28:42.199 32511 32565 D cellinfo: 46 bytes from 44.241.174.93: icmp_seq=1097 ttl=44 time=53.6 ms
08-10 22:28:42.398 32511 32565 D cellinfo: 46 bytes from 44.241.174.93: icmp_seq=1098 ttl=44 time=52.2 ms
08-10 22:28:42.598 32511 32565 D cellinfo: 46 bytes from 44.241.174.93: icmp_seq=1099 ttl=44 time=51.4 ms
08-10 22:28:42.797 32511 32565 D cellinfo: 46 bytes from 44.241.174.93: icmp_seq=1100 ttl=44 time=48.8 ms
08-10 22:28:42.981 32511 32511 D cellinfo: Latitude is 40.6338222
08-10 22:28:42.981 32511 32511 D cellinfo: Longitude is -105.1147585
08-10 22:28:42.981 32511 32511 D cellinfo: Instantaneous GPS information: United States, 3224 N Taft Hill Rd, Fort Collins, CO 80524, USA
08-10 22:28:42.982 32511 32511 D cellinfo: getCurrentLocation() result: Location (success): 40.6338222, -105.1147585
08-10 22:28:42.983 32511 32511 D cellinfo: onCellInfoChanged: Operator: T-Mobile UpdateTimestamp: 15843733 CellConnectionStatus: 0
08-10 22:28:42.983 32511 32511 D cellinfo: onCellInfoChanged: LTE Cell Bands: [66] Bandwidth: 10000 Cell ID: 27489568 Physical Cell ID: 49 Tracking Area Code: 41465 EARFCN: 66886
08-10 22:28:42.998 32511 32565 D cellinfo: 46 bytes from 44.241.174.93: icmp_seq=1101 ttl=44 time=49.6 ms
08-10 22:28:43.152 32511 32511 D cellinfo: onsignalStrengthsChanged: LTE Signal Strength info: rsrp: -97 rsrq: -16 rssi: -65 rssnr: 8
08-10 22:28:43.152 32511 32511 D cellinfo: onsignalStrengthsChanged: 5G-NR Signal Strength info: ssrsrp: -92 ssrsrq: -11 sssinr: 2147483647
08-10 22:28:43.207 32511 32565 D cellinfo: 46 bytes from 44.241.174.93: icmp_seq=1102 ttl=44 time=56.5 ms
08-10 22:28:43.414 32511 32565 D cellinfo: 46 bytes from 44.241.174.93: icmp_seq=1103 ttl=44 time=62.5 ms
08-10 22:28:43.601 32511 32565 D cellinfo: 46 bytes from 44.241.174.93: icmp_seq=1104 ttl=44 time=48.4 ms
08-10 22:28:43.799 32511 32565 D cellinfo: 46 bytes from 44.241.174.93: icmp_seq=1105 ttl=44 time=45.4 ms
08-10 22:28:44.017 32511 32565 D cellinfo: 46 bytes from 44.241.174.93: icmp_seq=1106 ttl=44 time=62.4 ms
08-10 22:28:44.208 32511 32565 D cellinfo: 46 bytes from 44.241.174.93: icmp_seq=1107 ttl=44 time=52.9 ms
08-10 22:28:44.408 32511 32565 D cellinfo: 46 bytes from 44.241.174.93: icmp_seq=1108 ttl=44 time=52.5 ms
08-10 22:28:44.609 32511 32565 D cellinfo: 46 bytes from 44.241.174.93: icmp_seq=1109 ttl=44 time=53.4 ms
08-10 22:28:44.714 32511 32511 D cellinfo: onsignalStrengthsChanged: LTE Signal Strength info: rsrp: -102 rsrq: -13 rssi: -67 rssnr: 3
08-10 22:28:44.714 32511 32511 D cellinfo: onsignalStrengthsChanged: 5G-NR Signal Strength info: ssrsrp: -92 ssrsrq: -11 sssinr: 2147483647
08-10 22:28:44.809 32511 32565 D cellinfo: 46 bytes from 44.241.174.93: icmp_seq=1110 ttl=44 time=51.5 ms
08-10 22:28:45.008 32511 32565 D cellinfo: 46 bytes from 44.241.174.93: icmp_seq=1111 ttl=44 time=50.8 ms
08-10 22:28:45.209 32511 32565 D cellinfo: 46 bytes from 44.241.174.93: icmp_seq=1112 ttl=44 time=51.2 ms
08-10 22:28:45.409 32511 32565 D cellinfo: 46 bytes from 44.241.174.93: icmp_seq=1113 ttl=44 time=50.4 ms
08-10 22:28:45.610 32511 32565 D cellinfo: 46 bytes from 44.241.174.93: icmp_seq=1114 ttl=44 time=50.5 ms
08-10 22:28:45.697 32511 32511 D cellinfo: onCellInfoChanged: Operator: T-Mobile UpdateTimestamp: 15846731 CellConnectionStatus: 0
08-10 22:28:45.697 32511 32511 D cellinfo: onCellInfoChanged: LTE Cell Bands: [66] Bandwidth: 10000 Cell ID: 27489568 Physical Cell ID: 49 Tracking Area Code: 41465 EARFCN: 66886
08-10 22:28:45.813 32511 32565 D cellinfo: 46 bytes from 44.241.174.93: icmp_seq=1115 ttl=44 time=52.9 ms
08-10 22:28:46.010 32511 32565 D cellinfo: 46 bytes from 44.241.174.93: icmp_seq=1116 ttl=44 time=48.0 ms
08-10 22:28:46.152 32511 32511 D cellinfo: onsignalStrengthsChanged: LTE Signal Strength info: rsrp: -102 rsrq: -13 rssi: -67 rssnr: 3
08-10 22:28:46.152 32511 32511 D cellinfo: onsignalStrengthsChanged: 5G-NR Signal Strength info: ssrsrp: -91 ssrsrq: -11 sssinr: 2147483647
08-10 22:28:46.211 32511 32565 D cellinfo: 46 bytes from 44.241.174.93: icmp_seq=1117 ttl=44 time=50.1 ms
08-10 22:28:46.417 32511 32565 D cellinfo: 46 bytes from 44.241.174.93: icmp_seq=1118 ttl=44 time=55.4 ms
08-10 22:28:46.609 32511 32565 D cellinfo: 46 bytes from 44.241.174.93: icmp_seq=1119 ttl=44 time=45.6 ms
08-10 22:28:46.817 32511 32565 D cellinfo: 46 bytes from 44.241.174.93: icmp_seq=1120 ttl=44 time=53.3 ms
08-10 22:28:47.019 32511 32565 D cellinfo: 46 bytes from 44.241.174.93: icmp_seq=1121 ttl=44 time=53.5 ms
08-10 22:28:47.101 32511 32511 D cellinfo: Latitude is 40.6316474
08-10 22:28:47.101 32511 32511 D cellinfo: Longitude is -105.1125811
08-10 22:28:47.101 32511 32511 D cellinfo: Instantaneous GPS information: United States, 3118 N 19, Fort Collins, CO 80524, USA
08-10 22:28:47.101 32511 32511 D cellinfo: getCurrentLocation() result: Location (success): 40.6316474, -105.1125811
08-10 22:28:47.216 32511 32565 D cellinfo: 46 bytes from 44.241.174.93: icmp_seq=1122 ttl=44 time=51.1 ms
08-10 22:28:47.329 32511 32511 D cellinfo: onsignalStrengthsChanged: LTE Signal Strength info: rsrp: -100 rsrq: -16 rssi: -77 rssnr: 1
08-10 22:28:47.329 32511 32511 D cellinfo: onsignalStrengthsChanged: 5G-NR Signal Strength info: ssrsrp: -91 ssrsrq: -11 sssinr: 2147483647
08-10 22:28:47.419 32511 32565 D cellinfo: 46 bytes from 44.241.174.93: icmp_seq=1123 ttl=44 time=53.3 ms
08-10 22:28:47.619 32511 32565 D cellinfo: 46 bytes from 44.241.174.93: icmp_seq=1124 ttl=44 time=52.3 ms
08-10 22:28:47.818 32511 32565 D cellinfo: 46 bytes from 44.241.174.93: icmp_seq=1125 ttl=44 time=50.5 ms
08-10 22:28:48.019 32511 32565 D cellinfo: 46 bytes from 44.241.174.93: icmp_seq=1126 ttl=44 time=51.3 ms
08-10 22:28:48.222 32511 32565 D cellinfo: 46 bytes from 44.241.174.93: icmp_seq=1127 ttl=44 time=53.4 ms
08-10 22:28:48.426 32511 32565 D cellinfo: 46 bytes from 44.241.174.93: icmp_seq=1128 ttl=44 time=57.0 ms
08-10 22:28:48.618 32511 32565 D cellinfo: 46 bytes from 44.241.174.93: icmp_seq=1129 ttl=44 time=48.5 ms
08-10 22:28:48.659 32511 32511 D cellinfo: Latitude is 40.6316474
08-10 22:28:48.659 32511 32511 D cellinfo: Longitude is -105.1125811
08-10 22:28:48.659 32511 32511 D cellinfo: Instantaneous GPS information: United States, 3118 N 19, Fort Collins, CO 80524, USA
08-10 22:28:48.659 32511 32511 D cellinfo: getCurrentLocation() result: Location (success): 40.6316474, -105.1125811
08-10 22:28:48.698 32511 32511 D cellinfo: onCellInfoChanged: Operator: T-Mobile UpdateTimestamp: 15849734 CellConnectionStatus: 0
08-10 22:28:48.698 32511 32511 D cellinfo: onCellInfoChanged: LTE Cell Bands: [66] Bandwidth: 10000 Cell ID: 27489568 Physical Cell ID: 49 Tracking Area Code: 41465 EARFCN: 66886
08-10 22:28:48.818 32511 32565 D cellinfo: 46 bytes from 44.241.174.93: icmp_seq=1130 ttl=44 time=48.3 ms
08-10 22:28:49.019 32511 32565 D cellinfo: 46 bytes from 44.241.174.93: icmp_seq=1131 ttl=44 time=47.3 ms
08-10 22:28:49.154 32511 32511 D cellinfo: onsignalStrengthsChanged: LTE Signal Strength info: rsrp: -100 rsrq: -16 rssi: -77 rssnr: 1
08-10 22:28:49.154 32511 32511 D cellinfo: onsignalStrengthsChanged: 5G-NR Signal Strength info: ssrsrp: -97 ssrsrq: -13 sssinr: 2147483647
08-10 22:28:49.219 32511 32565 D cellinfo: 46 bytes from 44.241.174.93: icmp_seq=1132 ttl=44 time=47.6 ms
08-10 22:28:49.420 32511 32565 D cellinfo: 46 bytes from 44.241.174.93: icmp_seq=1133 ttl=44 time=47.2 ms
08-10 22:28:49.640 32511 32565 D cellinfo: 46 bytes from 44.241.174.93: icmp_seq=1134 ttl=44 time=65.5 ms
08-10 22:28:49.819 32511 32565 D cellinfo: 46 bytes from 44.241.174.93: icmp_seq=1135 ttl=44 time=44.0 ms
08-10 22:28:50.028 32511 32565 D cellinfo: 46 bytes from 44.241.174.93: icmp_seq=1136 ttl=44 time=52.1 ms
08-10 22:28:50.234 32511 32565 D cellinfo: 46 bytes from 44.241.174.93: icmp_seq=1137 ttl=44 time=58.7 ms
08-10 22:28:50.435 32511 32565 D cellinfo: 46 bytes from 44.241.174.93: icmp_seq=1138 ttl=44 time=59.4 ms
08-10 22:28:50.629 32511 32565 D cellinfo: 46 bytes from 44.241.174.93: icmp_seq=1139 ttl=44 time=51.0 ms
08-10 22:28:50.717 32511 32511 D cellinfo: onsignalStrengthsChanged: LTE Signal Strength info: rsrp: -111 rsrq: -16 rssi: -77 rssnr: -3
08-10 22:28:50.717 32511 32511 D cellinfo: onsignalStrengthsChanged: 5G-NR Signal Strength info: ssrsrp: -97 ssrsrq: -13 sssinr: 2147483647
08-10 22:28:50.834 32511 32565 D cellinfo: 46 bytes from 44.241.174.93: icmp_seq=1140 ttl=44 time=56.4 ms
08-10 22:28:51.035 32511 32565 D cellinfo: 46 bytes from 44.241.174.93: icmp_seq=1141 ttl=44 time=55.6 ms
08-10 22:28:51.244 32511 32565 D cellinfo: 46 bytes from 44.241.174.93: icmp_seq=1142 ttl=44 time=64.9 ms
08-10 22:28:51.430 32511 32565 D cellinfo: 46 bytes from 44.241.174.93: icmp_seq=1143 ttl=44 time=50.7 ms
08-10 22:28:51.634 32511 32565 D cellinfo: 46 bytes from 44.241.174.93: icmp_seq=1144 ttl=44 time=54.3 ms
08-10 22:28:51.850 32511 32565 D cellinfo: 46 bytes from 44.241.174.93: icmp_seq=1145 ttl=44 time=69.5 ms
08-10 22:28:52.019 32511 32511 D cellinfo: Latitude is 40.6313162
08-10 22:28:52.019 32511 32511 D cellinfo: Longitude is -105.1122016
08-10 22:28:52.019 32511 32511 D cellinfo: Instantaneous GPS information: United States, 3044 N 19, Fort Collins, CO 80524, USA
08-10 22:28:52.019 32511 32511 D cellinfo: getCurrentLocation() result: Location (success): 40.6313162, -105.1122016
08-10 22:28:52.021 32511 32511 D cellinfo: onCellInfoChanged: Operator: T-Mobile UpdateTimestamp: 15852763 CellConnectionStatus: 0
08-10 22:28:52.021 32511 32511 D cellinfo: onCellInfoChanged: LTE Cell Bands: [66] Bandwidth: 10000 Cell ID: 27489568 Physical Cell ID: 49 Tracking Area Code: 41465 EARFCN: 66886
08-10 22:28:52.034 32511 32565 D cellinfo: 46 bytes from 44.241.174.93: icmp_seq=1146 ttl=44 time=52.4 ms
08-10 22:28:52.152 32511 32511 D cellinfo: onsignalStrengthsChanged: LTE Signal Strength info: rsrp: -111 rsrq: -16 rssi: -77 rssnr: -3
08-10 22:28:52.152 32511 32511 D cellinfo: onsignalStrengthsChanged: 5G-NR Signal Strength info: ssrsrp: -104 ssrsrq: -15 sssinr: -11
08-10 22:28:52.258 32511 32565 D cellinfo: 46 bytes from 44.241.174.93: icmp_seq=1147 ttl=44 time=76.1 ms
08-10 22:28:52.442 32511 32565 D cellinfo: 46 bytes from 44.241.174.93: icmp_seq=1148 ttl=44 time=58.6 ms
08-10 22:28:52.634 32511 32565 D cellinfo: 46 bytes from 44.241.174.93: icmp_seq=1149 ttl=44 time=51.2 ms
08-10 22:28:52.839 32511 32565 D cellinfo: 46 bytes from 44.241.174.93: icmp_seq=1150 ttl=44 time=54.8 ms
08-10 22:28:53.030 32511 32565 D cellinfo: 46 bytes from 44.241.174.93: icmp_seq=1151 ttl=44 time=45.0 ms
08-10 22:28:53.230 32511 32565 D cellinfo: 46 bytes from 44.241.174.93: icmp_seq=1152 ttl=44 time=45.6 ms
08-10 22:28:53.432 32511 32565 D cellinfo: 46 bytes from 44.241.174.93: icmp_seq=1153 ttl=44 time=47.2 ms
08-10 22:28:53.644 32511 32565 D cellinfo: 46 bytes from 44.241.174.93: icmp_seq=1154 ttl=44 time=58.2 ms
08-10 22:28:53.717 32511 32511 D cellinfo: onsignalStrengthsChanged: LTE Signal Strength info: rsrp: -107 rsrq: -15 rssi: -75 rssnr: 3
08-10 22:28:53.717 32511 32511 D cellinfo: onsignalStrengthsChanged: 5G-NR Signal Strength info: ssrsrp: -104 ssrsrq: -15 sssinr: -11
08-10 22:28:53.839 32511 32565 D cellinfo: 46 bytes from 44.241.174.93: icmp_seq=1155 ttl=44 time=51.8 ms
08-10 22:28:54.045 32511 32565 D cellinfo: 46 bytes from 44.241.174.93: icmp_seq=1156 ttl=44 time=57.8 ms
08-10 22:28:54.250 32511 32565 D cellinfo: 46 bytes from 44.241.174.93: icmp_seq=1157 ttl=44 time=63.4 ms
08-10 22:28:54.447 32511 32565 D cellinfo: 46 bytes from 44.241.174.93: icmp_seq=1158 ttl=44 time=59.0 ms
08-10 22:28:54.649 32511 32565 D cellinfo: 46 bytes from 44.241.174.93: icmp_seq=1159 ttl=44 time=59.6 ms
08-10 22:28:54.847 32511 32565 D cellinfo: 46 bytes from 44.241.174.93: icmp_seq=1160 ttl=44 time=57.8 ms
08-10 22:28:54.964 32511 32511 D cellinfo: Latitude is 40.6308993
08-10 22:28:54.964 32511 32511 D cellinfo: Longitude is -105.1117234
08-10 22:28:54.964 32511 32511 D cellinfo: Instantaneous GPS information: United States, 3044 N 19, Fort Collins, CO 80524, USA
08-10 22:28:54.964 32511 32511 D cellinfo: getCurrentLocation() result: Location (success): 40.6308993, -105.1117234
08-10 22:28:54.968 32511 32511 D cellinfo: onCellInfoChanged: Operator: T-Mobile UpdateTimestamp: 15855742 CellConnectionStatus: 0
08-10 22:28:54.969 32511 32511 D cellinfo: onCellInfoChanged: LTE Cell Bands: [66] Bandwidth: 10000 Cell ID: 27489568 Physical Cell ID: 49 Tracking Area Code: 41465 EARFCN: 66886
08-10 22:28:55.052 32511 32565 D cellinfo: 46 bytes from 44.241.174.93: icmp_seq=1161 ttl=44 time=62.1 ms
08-10 22:28:55.153 32511 32511 D cellinfo: onsignalStrengthsChanged: LTE Signal Strength info: rsrp: -107 rsrq: -15 rssi: -75 rssnr: 3
08-10 22:28:55.153 32511 32511 D cellinfo: onsignalStrengthsChanged: 5G-NR Signal Strength info: ssrsrp: -103 ssrsrq: -14 sssinr: 8
08-10 22:28:55.238 32511 32565 D cellinfo: 46 bytes from 44.241.174.93: icmp_seq=1162 ttl=44 time=48.3 ms
08-10 22:28:55.440 32511 32565 D cellinfo: 46 bytes from 44.241.174.93: icmp_seq=1163 ttl=44 time=49.4 ms
08-10 22:28:55.651 32511 32565 D cellinfo: 46 bytes from 44.241.174.93: icmp_seq=1164 ttl=44 time=59.3 ms
08-10 22:28:55.842 32511 32565 D cellinfo: 46 bytes from 44.241.174.93: icmp_seq=1165 ttl=44 time=49.0 ms
08-10 22:28:56.038 32511 32565 D cellinfo: 46 bytes from 44.241.174.93: icmp_seq=1166 ttl=44 time=44.6 ms
08-10 22:28:56.239 32511 32565 D cellinfo: 46 bytes from 44.241.174.93: icmp_seq=1167 ttl=44 time=45.8 ms
08-10 22:28:56.289 32511 32511 D cellinfo: onsignalStrengthsChanged: LTE Signal Strength info: rsrp: -109 rsrq: -15 rssi: -69 rssnr: 3
08-10 22:28:56.289 32511 32511 D cellinfo: onsignalStrengthsChanged: 5G-NR Signal Strength info: ssrsrp: -103 ssrsrq: -14 sssinr: 8
08-10 22:28:56.439 32511 32565 D cellinfo: 46 bytes from 44.241.174.93: icmp_seq=1168 ttl=44 time=45.0 ms
08-10 22:28:56.639 32511 32565 D cellinfo: 46 bytes from 44.241.174.93: icmp_seq=1169 ttl=44 time=44.4 ms
08-10 22:28:56.849 32511 32565 D cellinfo: 46 bytes from 44.241.174.93: icmp_seq=1170 ttl=44 time=53.0 ms
08-10 22:28:57.058 32511 32565 D cellinfo: 46 bytes from 44.241.174.93: icmp_seq=1171 ttl=44 time=61.8 ms
08-10 22:28:57.250 32511 32565 D cellinfo: 46 bytes from 44.241.174.93: icmp_seq=1172 ttl=44 time=53.6 ms
08-10 22:28:57.449 32511 32565 D cellinfo: 46 bytes from 44.241.174.93: icmp_seq=1173 ttl=44 time=52.4 ms
08-10 22:28:57.648 32511 32565 D cellinfo: 46 bytes from 44.241.174.93: icmp_seq=1174 ttl=44 time=49.9 ms
08-10 22:28:57.850 32511 32565 D cellinfo: 46 bytes from 44.241.174.93: icmp_seq=1175 ttl=44 time=50.6 ms
08-10 22:28:58.010 32511 32511 D cellinfo: Latitude is 40.6303899
08-10 22:28:58.010 32511 32511 D cellinfo: Longitude is -105.1101855
08-10 22:28:58.010 32511 32511 D cellinfo: Instantaneous GPS information: United States, 3220 County Rd 19, Fort Collins, CO 80524, USA
08-10 22:28:58.010 32511 32511 D cellinfo: getCurrentLocation() result: Location (success): 40.6303899, -105.1101855
08-10 22:28:58.013 32511 32511 D cellinfo: onCellInfoChanged: Operator: T-Mobile UpdateTimestamp: 15858758 CellConnectionStatus: 0
08-10 22:28:58.013 32511 32511 D cellinfo: onCellInfoChanged: LTE Cell Bands: [66] Bandwidth: 10000 Cell ID: 27489568 Physical Cell ID: 49 Tracking Area Code: 41465 EARFCN: 66886
08-10 22:28:58.055 32511 32565 D cellinfo: 46 bytes from 44.241.174.93: icmp_seq=1176 ttl=44 time=55.9 ms
08-10 22:28:58.154 32511 32511 D cellinfo: onsignalStrengthsChanged: LTE Signal Strength info: rsrp: -109 rsrq: -15 rssi: -69 rssnr: 3
08-10 22:28:58.154 32511 32511 D cellinfo: onsignalStrengthsChanged: 5G-NR Signal Strength info: ssrsrp: -102 ssrsrq: -13 sssinr: 38
08-10 22:28:58.249 32511 32565 D cellinfo: 46 bytes from 44.241.174.93: icmp_seq=1177 ttl=44 time=50.2 ms
08-10 22:28:58.449 32511 32565 D cellinfo: 46 bytes from 44.241.174.93: icmp_seq=1178 ttl=44 time=48.5 ms
08-10 22:28:58.649 32511 32565 D cellinfo: 46 bytes from 44.241.174.93: icmp_seq=1179 ttl=44 time=47.5 ms
08-10 22:28:58.849 32511 32565 D cellinfo: 46 bytes from 44.241.174.93: icmp_seq=1180 ttl=44 time=46.1 ms
08-10 22:28:59.049 32511 32565 D cellinfo: 46 bytes from 44.241.174.93: icmp_seq=1181 ttl=44 time=46.0 ms
08-10 22:28:59.255 32511 32565 D cellinfo: 46 bytes from 44.241.174.93: icmp_seq=1182 ttl=44 time=50.9 ms
08-10 22:28:59.455 32511 32565 D cellinfo: 46 bytes from 44.241.174.93: icmp_seq=1183 ttl=44 time=49.9 ms
08-10 22:28:59.658 32511 32565 D cellinfo: 46 bytes from 44.241.174.93: icmp_seq=1184 ttl=44 time=52.6 ms
08-10 22:28:59.719 32511 32511 D cellinfo: onsignalStrengthsChanged: LTE Signal Strength info: rsrp: -106 rsrq: -14 rssi: -73 rssnr: 7
08-10 22:28:59.719 32511 32511 D cellinfo: onsignalStrengthsChanged: 5G-NR Signal Strength info: ssrsrp: -102 ssrsrq: -13 sssinr: 38
08-10 22:28:59.859 32511 32565 D cellinfo: 46 bytes from 44.241.174.93: icmp_seq=1185 ttl=44 time=52.6 ms
08-10 22:29:00.058 32511 32565 D cellinfo: 46 bytes from 44.241.174.93: icmp_seq=1186 ttl=44 time=52.0 ms
08-10 22:29:00.259 32511 32565 D cellinfo: 46 bytes from 44.241.174.93: icmp_seq=1187 ttl=44 time=51.5 ms
08-10 22:29:00.460 32511 32565 D cellinfo: 46 bytes from 44.241.174.93: icmp_seq=1188 ttl=44 time=51.2 ms
08-10 22:29:00.666 32511 32565 D cellinfo: 46 bytes from 44.241.174.93: icmp_seq=1189 ttl=44 time=57.3 ms
08-10 22:29:00.866 32511 32565 D cellinfo: 46 bytes from 44.241.174.93: icmp_seq=1190 ttl=44 time=55.3 ms
08-10 22:29:00.946 32511 32511 D cellinfo: Latitude is 40.6313721
08-10 22:29:00.946 32511 32511 D cellinfo: Longitude is -105.1136374
08-10 22:29:00.946 32511 32511 D cellinfo: Instantaneous GPS information: United States, 3118 N Co Rd 19, Fort Collins, CO 80524, USA
08-10 22:29:00.946 32511 32511 D cellinfo: getCurrentLocation() result: Location (success): 40.6313721, -105.1136374
08-10 22:29:00.948 32511 32511 D cellinfo: onCellInfoChanged: Operator: T-Mobile UpdateTimestamp: 15861735 CellConnectionStatus: 0
08-10 22:29:00.948 32511 32511 D cellinfo: onCellInfoChanged: LTE Cell Bands: [66] Bandwidth: 10000 Cell ID: 27489568 Physical Cell ID: 49 Tracking Area Code: 41465 EARFCN: 66886
08-10 22:29:01.065 32511 32565 D cellinfo: 46 bytes from 44.241.174.93: icmp_seq=1191 ttl=44 time=53.8 ms
08-10 22:29:01.153 32511 32511 D cellinfo: onsignalStrengthsChanged: LTE Signal Strength info: rsrp: -106 rsrq: -14 rssi: -73 rssnr: 7
08-10 22:29:01.153 32511 32511 D cellinfo: onsignalStrengthsChanged: 5G-NR Signal Strength info: ssrsrp: -98 ssrsrq: -11 sssinr: 2147483647
08-10 22:29:01.273 32511 32565 D cellinfo: 46 bytes from 44.241.174.93: icmp_seq=1192 ttl=44 time=61.2 ms
08-10 22:29:01.469 32511 32565 D cellinfo: 46 bytes from 44.241.174.93: icmp_seq=1193 ttl=44 time=56.5 ms
08-10 22:29:01.665 32511 32565 D cellinfo: 46 bytes from 44.241.174.93: icmp_seq=1194 ttl=44 time=51.3 ms
08-10 22:29:01.869 32511 32565 D cellinfo: 46 bytes from 44.241.174.93: icmp_seq=1195 ttl=44 time=54.6 ms
08-10 22:29:02.059 32511 32565 D cellinfo: 46 bytes from 44.241.174.93: icmp_seq=1196 ttl=44 time=43.3 ms
08-10 22:29:02.276 32511 32565 D cellinfo: 46 bytes from 44.241.174.93: icmp_seq=1197 ttl=44 time=59.5 ms
08-10 22:29:02.475 32511 32565 D cellinfo: 46 bytes from 44.241.174.93: icmp_seq=1198 ttl=44 time=57.8 ms
08-10 22:29:02.676 32511 32565 D cellinfo: 46 bytes from 44.241.174.93: icmp_seq=1199 ttl=44 time=58.8 ms
08-10 22:29:02.711 32511 32511 D cellinfo: onsignalStrengthsChanged: LTE Signal Strength info: rsrp: -101 rsrq: -15 rssi: -67 rssnr: 9
08-10 22:29:02.711 32511 32511 D cellinfo: onsignalStrengthsChanged: 5G-NR Signal Strength info: ssrsrp: -98 ssrsrq: -11 sssinr: 2147483647
08-10 22:29:02.869 32511 32565 D cellinfo: 46 bytes from 44.241.174.93: icmp_seq=1200 ttl=44 time=50.2 ms
08-10 22:29:03.073 32511 32565 D cellinfo: 46 bytes from 44.241.174.93: icmp_seq=1201 ttl=44 time=53.5 ms
08-10 22:29:03.276 32511 32565 D cellinfo: 46 bytes from 44.241.174.93: icmp_seq=1202 ttl=44 time=55.4 ms
08-10 22:29:03.478 32511 32565 D cellinfo: 46 bytes from 44.241.174.93: icmp_seq=1203 ttl=44 time=56.2 ms
08-10 22:29:03.677 32511 32565 D cellinfo: 46 bytes from 44.241.174.93: icmp_seq=1204 ttl=44 time=53.9 ms
08-10 22:29:03.707 32511 32511 D cellinfo: onCellInfoChanged: Operator: T-Mobile UpdateTimestamp: 15864739 CellConnectionStatus: 0
08-10 22:29:03.707 32511 32511 D cellinfo: onCellInfoChanged: LTE Cell Bands: [66] Bandwidth: 10000 Cell ID: 27489568 Physical Cell ID: 49 Tracking Area Code: 41465 EARFCN: 66886
08-10 22:29:03.869 32511 32565 D cellinfo: 46 bytes from 44.241.174.93: icmp_seq=1205 ttl=44 time=44.7 ms
08-10 22:29:04.069 32511 32565 D cellinfo: 46 bytes from 44.241.174.93: icmp_seq=1206 ttl=44 time=44.2 ms
08-10 22:29:04.269 32511 32565 D cellinfo: 46 bytes from 44.241.174.93: icmp_seq=1207 ttl=44 time=44.0 ms
08-10 22:29:04.479 32511 32565 D cellinfo: 46 bytes from 44.241.174.93: icmp_seq=1208 ttl=44 time=53.1 ms
08-10 22:29:04.680 32511 32565 D cellinfo: 46 bytes from 44.241.174.93: icmp_seq=1209 ttl=44 time=53.7 ms
08-10 22:29:04.886 32511 32565 D cellinfo: 46 bytes from 44.241.174.93: icmp_seq=1210 ttl=44 time=59.3 ms
08-10 22:29:05.092 32511 32565 D cellinfo: 46 bytes from 44.241.174.93: icmp_seq=1211 ttl=44 time=63.8 ms
08-10 22:29:05.249 32511 32511 D cellinfo: onsignalStrengthsChanged: LTE Signal Strength info: rsrp: -100 rsrq: -15 rssi: -67 rssnr: 10
08-10 22:29:05.249 32511 32511 D cellinfo: onsignalStrengthsChanged: 5G-NR Signal Strength info: ssrsrp: -98 ssrsrq: -11 sssinr: 2147483647
08-10 22:29:05.281 32511 32565 D cellinfo: 46 bytes from 44.241.174.93: icmp_seq=1212 ttl=44 time=52.1 ms
08-10 22:29:05.479 32511 32565 D cellinfo: 46 bytes from 44.241.174.93: icmp_seq=1213 ttl=44 time=49.3 ms
08-10 22:29:05.678 32511 32565 D cellinfo: 46 bytes from 44.241.174.93: icmp_seq=1214 ttl=44 time=47.4 ms
08-10 22:29:05.878 32511 32565 D cellinfo: 46 bytes from 44.241.174.93: icmp_seq=1215 ttl=44 time=46.7 ms
08-10 22:29:06.078 32511 32565 D cellinfo: 46 bytes from 44.241.174.93: icmp_seq=1216 ttl=44 time=46.3 ms
08-10 22:29:06.297 32511 32565 D cellinfo: 46 bytes from 44.241.174.93: icmp_seq=1217 ttl=44 time=62.8 ms
08-10 22:29:06.305 32511 32511 D cellinfo: Latitude is 40.6285146
08-10 22:29:06.305 32511 32511 D cellinfo: Longitude is -105.1088208
08-10 22:29:06.305 32511 32511 D cellinfo: Instantaneous GPS information: United States, 1800 US-287, Fort Collins, CO 80524, USA
08-10 22:29:06.305 32511 32511 D cellinfo: getCurrentLocation() result: Location (success): 40.6285146, -105.1088208
08-10 22:29:06.495 32511 32565 D cellinfo: 46 bytes from 44.241.174.93: icmp_seq=1218 ttl=44 time=60.6 ms
08-10 22:29:06.663 32511 32511 D cellinfo: Latitude is 40.6285146
08-10 22:29:06.663 32511 32511 D cellinfo: Longitude is -105.1088208
08-10 22:29:06.663 32511 32511 D cellinfo: Instantaneous GPS information: United States, 1800 US-287, Fort Collins, CO 80524, USA
08-10 22:29:06.663 32511 32511 D cellinfo: getCurrentLocation() result: Location (success): 40.6285146, -105.1088208
08-10 22:29:06.681 32511 32565 D cellinfo: 46 bytes from 44.241.174.93: icmp_seq=1219 ttl=44 time=45.9 ms
08-10 22:29:06.711 32511 32511 D cellinfo: onCellInfoChanged: Operator: T-Mobile UpdateTimestamp: 15867745 CellConnectionStatus: 0
08-10 22:29:06.711 32511 32511 D cellinfo: onCellInfoChanged: LTE Cell Bands: [66] Bandwidth: 10000 Cell ID: 27489568 Physical Cell ID: 49 Tracking Area Code: 41465 EARFCN: 66886
08-10 22:29:06.879 32511 32565 D cellinfo: 46 bytes from 44.241.174.93: icmp_seq=1220 ttl=44 time=43.7 ms
08-10 22:29:07.080 32511 32565 D cellinfo: 46 bytes from 44.241.174.93: icmp_seq=1221 ttl=44 time=44.3 ms
08-10 22:29:07.153 32511 32511 D cellinfo: onsignalStrengthsChanged: LTE Signal Strength info: rsrp: -100 rsrq: -15 rssi: -67 rssnr: 10
08-10 22:29:07.153 32511 32511 D cellinfo: onsignalStrengthsChanged: 5G-NR Signal Strength info: ssrsrp: -94 ssrsrq: -11 sssinr: 2147483647
08-10 22:29:07.289 32511 32565 D cellinfo: 46 bytes from 44.241.174.93: icmp_seq=1222 ttl=44 time=52.3 ms
08-10 22:29:07.490 32511 32565 D cellinfo: 46 bytes from 44.241.174.93: icmp_seq=1223 ttl=44 time=52.3 ms
08-10 22:29:07.688 32511 32565 D cellinfo: 46 bytes from 44.241.174.93: icmp_seq=1224 ttl=44 time=49.4 ms
08-10 22:29:07.888 32511 32565 D cellinfo: 46 bytes from 44.241.174.93: icmp_seq=1225 ttl=44 time=48.7 ms
08-10 22:29:08.088 32511 32565 D cellinfo: 46 bytes from 44.241.174.93: icmp_seq=1226 ttl=44 time=48.2 ms
08-10 22:29:08.289 32511 32565 D cellinfo: 46 bytes from 44.241.174.93: icmp_seq=1227 ttl=44 time=47.7 ms
08-10 22:29:08.489 32511 32565 D cellinfo: 46 bytes from 44.241.174.93: icmp_seq=1228 ttl=44 time=47.1 ms
08-10 22:29:08.689 32511 32565 D cellinfo: 46 bytes from 44.241.174.93: icmp_seq=1229 ttl=44 time=46.0 ms
08-10 22:29:08.712 32511 32511 D cellinfo: onsignalStrengthsChanged: LTE Signal Strength info: rsrp: -102 rsrq: -16 rssi: -75 rssnr: 7
08-10 22:29:08.712 32511 32511 D cellinfo: onsignalStrengthsChanged: 5G-NR Signal Strength info: ssrsrp: -94 ssrsrq: -11 sssinr: 2147483647
08-10 22:29:08.889 32511 32565 D cellinfo: 46 bytes from 44.241.174.93: icmp_seq=1230 ttl=44 time=45.2 ms
08-10 22:29:09.097 32511 32565 D cellinfo: 46 bytes from 44.241.174.93: icmp_seq=1231 ttl=44 time=51.9 ms
08-10 22:29:09.313 32511 32565 D cellinfo: 46 bytes from 44.241.174.93: icmp_seq=1232 ttl=44 time=67.3 ms
08-10 22:29:09.508 32511 32565 D cellinfo: 46 bytes from 44.241.174.93: icmp_seq=1233 ttl=44 time=61.4 ms
08-10 22:29:09.698 32511 32565 D cellinfo: 46 bytes from 44.241.174.93: icmp_seq=1234 ttl=44 time=50.2 ms
08-10 22:29:09.888 32511 32565 D cellinfo: 46 bytes from 44.241.174.93: icmp_seq=1235 ttl=44 time=39.5 ms
08-10 22:29:09.949 32511 32511 D cellinfo: Latitude is 40.6284551
08-10 22:29:09.950 32511 32511 D cellinfo: Longitude is -105.1087596
08-10 22:29:09.950 32511 32511 D cellinfo: Instantaneous GPS information: United States, 1800 US-287, Fort Collins, CO 80524, USA
08-10 22:29:09.950 32511 32511 D cellinfo: getCurrentLocation() result: Location (success): 40.6284551, -105.1087596
08-10 22:29:09.951 32511 32511 D cellinfo: onCellInfoChanged: Operator: T-Mobile UpdateTimestamp: 15870729 CellConnectionStatus: 0
08-10 22:29:09.951 32511 32511 D cellinfo: onCellInfoChanged: LTE Cell Bands: [66] Bandwidth: 10000 Cell ID: 27489568 Physical Cell ID: 49 Tracking Area Code: 41465 EARFCN: 66886
08-10 22:29:10.098 32511 32565 D cellinfo: 46 bytes from 44.241.174.93: icmp_seq=1236 ttl=44 time=49.4 ms
08-10 22:29:10.299 32511 32565 D cellinfo: 46 bytes from 44.241.174.93: icmp_seq=1237 ttl=44 time=49.4 ms
08-10 22:29:10.499 32511 32565 D cellinfo: 46 bytes from 44.241.174.93: icmp_seq=1238 ttl=44 time=47.5 ms
08-10 22:29:10.706 32511 32565 D cellinfo: 46 bytes from 44.241.174.93: icmp_seq=1239 ttl=44 time=53.1 ms
08-10 22:29:10.900 32511 32565 D cellinfo: 46 bytes from 44.241.174.93: icmp_seq=1240 ttl=44 time=46.3 ms
08-10 22:29:11.099 32511 32565 D cellinfo: 46 bytes from 44.241.174.93: icmp_seq=1241 ttl=44 time=44.4 ms
08-10 22:29:11.312 32511 32565 D cellinfo: 46 bytes from 44.241.174.93: icmp_seq=1242 ttl=44 time=55.3 ms
08-10 22:29:11.509 32511 32565 D cellinfo: 46 bytes from 44.241.174.93: icmp_seq=1243 ttl=44 time=53.1 ms
08-10 22:29:11.718 32511 32511 D cellinfo: onsignalStrengthsChanged: LTE Signal Strength info: rsrp: -98 rsrq: -13 rssi: -57 rssnr: 11
08-10 22:29:11.718 32511 32511 D cellinfo: onsignalStrengthsChanged: 5G-NR Signal Strength info: ssrsrp: -94 ssrsrq: -11 sssinr: 2147483647
08-10 22:29:11.722 32511 32565 D cellinfo: 46 bytes from 44.241.174.93: icmp_seq=1244 ttl=44 time=65.1 ms
08-10 22:29:11.924 32511 32565 D cellinfo: 46 bytes from 44.241.174.93: icmp_seq=1245 ttl=44 time=66.4 ms
08-10 22:29:12.109 32511 32565 D cellinfo: 46 bytes from 44.241.174.93: icmp_seq=1246 ttl=44 time=50.1 ms
08-10 22:29:12.308 32511 32565 D cellinfo: 46 bytes from 44.241.174.93: icmp_seq=1247 ttl=44 time=48.4 ms
08-10 22:29:12.509 32511 32565 D cellinfo: 46 bytes from 44.241.174.93: icmp_seq=1248 ttl=44 time=47.6 ms
08-10 22:29:12.709 32511 32565 D cellinfo: 46 bytes from 44.241.174.93: icmp_seq=1249 ttl=44 time=47.2 ms
08-10 22:29:12.917 32511 32565 D cellinfo: 46 bytes from 44.241.174.93: icmp_seq=1250 ttl=44 time=54.3 ms
08-10 22:29:12.989 32511 32511 D cellinfo: Latitude is 40.6281542
08-10 22:29:12.989 32511 32511 D cellinfo: Longitude is -105.1084498
08-10 22:29:12.989 32511 32511 D cellinfo: Instantaneous GPS information: United States, 1800 US-287, Fort Collins, CO 80524, USA
08-10 22:29:12.989 32511 32511 D cellinfo: getCurrentLocation() result: Location (success): 40.6281542, -105.1084498
08-10 22:29:12.991 32511 32511 D cellinfo: onCellInfoChanged: Operator: T-Mobile UpdateTimestamp: 15873756 CellConnectionStatus: 0
08-10 22:29:12.991 32511 32511 D cellinfo: onCellInfoChanged: LTE Cell Bands: [66] Bandwidth: 10000 Cell ID: 27489568 Physical Cell ID: 49 Tracking Area Code: 41465 EARFCN: 66886
08-10 22:29:13.117 32511 32565 D cellinfo: 46 bytes from 44.241.174.93: icmp_seq=1251 ttl=44 time=53.4 ms
08-10 22:29:13.310 32511 32565 D cellinfo: 46 bytes from 44.241.174.93: icmp_seq=1252 ttl=44 time=45.3 ms
08-10 22:29:13.519 32511 32565 D cellinfo: 46 bytes from 44.241.174.93: icmp_seq=1253 ttl=44 time=53.2 ms
08-10 22:29:13.718 32511 32565 D cellinfo: 46 bytes from 44.241.174.93: icmp_seq=1254 ttl=44 time=51.2 ms
08-10 22:29:13.918 32511 32565 D cellinfo: 46 bytes from 44.241.174.93: icmp_seq=1255 ttl=44 time=50.4 ms
08-10 22:29:14.118 32511 32565 D cellinfo: 46 bytes from 44.241.174.93: icmp_seq=1256 ttl=44 time=49.1 ms
08-10 22:29:14.210 32511 32511 D cellinfo: onsignalStrengthsChanged: LTE Signal Strength info: rsrp: -101 rsrq: -14 rssi: -73 rssnr: 13
08-10 22:29:14.210 32511 32511 D cellinfo: onsignalStrengthsChanged: 5G-NR Signal Strength info: ssrsrp: -94 ssrsrq: -11 sssinr: 2147483647
08-10 22:29:14.320 32511 32565 D cellinfo: 46 bytes from 44.241.174.93: icmp_seq=1257 ttl=44 time=49.9 ms
08-10 22:29:14.519 32511 32565 D cellinfo: 46 bytes from 44.241.174.93: icmp_seq=1258 ttl=44 time=47.7 ms
08-10 22:29:14.718 32511 32565 D cellinfo: 46 bytes from 44.241.174.93: icmp_seq=1259 ttl=44 time=47.0 ms
08-10 22:29:14.919 32511 32565 D cellinfo: 46 bytes from 44.241.174.93: icmp_seq=1260 ttl=44 time=46.4 ms
08-10 22:29:15.119 32511 32565 D cellinfo: 46 bytes from 44.241.174.93: icmp_seq=1261 ttl=44 time=45.5 ms
08-10 22:29:15.327 32511 32565 D cellinfo: 46 bytes from 44.241.174.93: icmp_seq=1262 ttl=44 time=52.6 ms
08-10 22:29:15.542 32511 32565 D cellinfo: 46 bytes from 44.241.174.93: icmp_seq=1263 ttl=44 time=65.7 ms
08-10 22:29:15.729 32511 32565 D cellinfo: 46 bytes from 44.241.174.93: icmp_seq=1264 ttl=44 time=52.0 ms
08-10 22:29:15.928 32511 32565 D cellinfo: 46 bytes from 44.241.174.93: icmp_seq=1265 ttl=44 time=50.3 ms
08-10 22:29:15.992 32511 32511 D cellinfo: Latitude is 40.62797
08-10 22:29:15.992 32511 32511 D cellinfo: Longitude is -105.1082601
08-10 22:29:15.992 32511 32511 D cellinfo: Instantaneous GPS information: United States, 1800 US-287, Fort Collins, CO 80524, USA
08-10 22:29:15.992 32511 32511 D cellinfo: getCurrentLocation() result: Location (success): 40.62797, -105.1082601
08-10 22:29:15.994 32511 32511 D cellinfo: onCellInfoChanged: Operator: T-Mobile UpdateTimestamp: 15876736 CellConnectionStatus: 0
08-10 22:29:15.995 32511 32511 D cellinfo: onCellInfoChanged: LTE Cell Bands: [66] Bandwidth: 10000 Cell ID: 27489568 Physical Cell ID: 49 Tracking Area Code: 41465 EARFCN: 66886
08-10 22:29:16.129 32511 32565 D cellinfo: 46 bytes from 44.241.174.93: icmp_seq=1266 ttl=44 time=50.2 ms
08-10 22:29:16.152 32511 32511 D cellinfo: onsignalStrengthsChanged: LTE Signal Strength info: rsrp: -101 rsrq: -14 rssi: -73 rssnr: 13
08-10 22:29:16.152 32511 32511 D cellinfo: onsignalStrengthsChanged: 5G-NR Signal Strength info: ssrsrp: -95 ssrsrq: -11 sssinr: 2147483647
08-10 22:29:16.329 32511 32565 D cellinfo: 46 bytes from 44.241.174.93: icmp_seq=1267 ttl=44 time=49.4 ms
08-10 22:29:16.529 32511 32565 D cellinfo: 46 bytes from 44.241.174.93: icmp_seq=1268 ttl=44 time=48.3 ms
08-10 22:29:16.730 32511 32565 D cellinfo: 46 bytes from 44.241.174.93: icmp_seq=1269 ttl=44 time=49.3 ms
08-10 22:29:16.936 32511 32565 D cellinfo: 46 bytes from 44.241.174.93: icmp_seq=1270 ttl=44 time=53.3 ms
08-10 22:29:17.131 32511 32565 D cellinfo: 46 bytes from 44.241.174.93: icmp_seq=1271 ttl=44 time=47.8 ms
08-10 22:29:17.336 32511 32565 D cellinfo: 46 bytes from 44.241.174.93: icmp_seq=1272 ttl=44 time=52.4 ms
08-10 22:29:17.539 32511 32565 D cellinfo: 46 bytes from 44.241.174.93: icmp_seq=1273 ttl=44 time=54.5 ms
08-10 22:29:17.720 32511 32511 D cellinfo: onsignalStrengthsChanged: LTE Signal Strength info: rsrp: -99 rsrq: -14 rssi: -65 rssnr: 12
08-10 22:29:17.720 32511 32511 D cellinfo: onsignalStrengthsChanged: 5G-NR Signal Strength info: ssrsrp: -95 ssrsrq: -11 sssinr: 2147483647
08-10 22:29:17.738 32511 32565 D cellinfo: 46 bytes from 44.241.174.93: icmp_seq=1274 ttl=44 time=52.1 ms
08-10 22:29:17.939 32511 32565 D cellinfo: 46 bytes from 44.241.174.93: icmp_seq=1275 ttl=44 time=52.6 ms
08-10 22:29:18.138 32511 32565 D cellinfo: 46 bytes from 44.241.174.93: icmp_seq=1276 ttl=44 time=51.3 ms
08-10 22:29:18.338 32511 32565 D cellinfo: 46 bytes from 44.241.174.93: icmp_seq=1277 ttl=44 time=50.2 ms
08-10 22:29:18.539 32511 32565 D cellinfo: 46 bytes from 44.241.174.93: icmp_seq=1278 ttl=44 time=50.0 ms
08-10 22:29:18.715 32511 32511 D cellinfo: onCellInfoChanged: Operator: T-Mobile UpdateTimestamp: 15879749 CellConnectionStatus: 0
