--------- beginning of main
08-10 23:42:27.747  5910  5982 D cellinfo: 46 bytes from 44.241.174.93: icmp_seq=13416 ttl=30 time=59.2 ms
08-10 23:42:27.950  5910  5982 D cellinfo: 46 bytes from 44.241.174.93: icmp_seq=13417 ttl=30 time=61.1 ms
08-10 23:42:28.149  5910  5982 D cellinfo: 46 bytes from 44.241.174.93: icmp_seq=13418 ttl=30 time=59.8 ms
08-10 23:42:28.302  5910  5910 D cellinfo: onsignalStrengthsChanged: LTE Signal Strength info: rsrp: -82 rsrq: -11 rssi: -53 rssnr: 17
08-10 23:42:28.302  5910  5910 D cellinfo: onsignalStrengthsChanged: 5G-NR Signal Strength info: ssrsrp: -83 ssrsrq: -11 sssinr: 2147483647
08-10 23:42:28.352  5910  5982 D cellinfo: 46 bytes from 44.241.174.93: icmp_seq=13419 ttl=30 time=62.3 ms
08-10 23:42:28.549  5910  5982 D cellinfo: 46 bytes from 44.241.174.93: icmp_seq=13420 ttl=30 time=58.9 ms
08-10 23:42:28.746  5910  5982 D cellinfo: 46 bytes from 44.241.174.93: icmp_seq=13421 ttl=30 time=55.0 ms
08-10 23:42:28.950  5910  5982 D cellinfo: 46 bytes from 44.241.174.93: icmp_seq=13422 ttl=30 time=57.4 ms
08-10 23:42:29.147  5910  5982 D cellinfo: 46 bytes from 44.241.174.93: icmp_seq=13423 ttl=30 time=53.3 ms
08-10 23:42:29.349  5910  5982 D cellinfo: 46 bytes from 44.241.174.93: icmp_seq=13424 ttl=30 time=54.9 ms
08-10 23:42:29.358  5910  5910 D cellinfo: Latitude is 39.7256202
08-10 23:42:29.358  5910  5910 D cellinfo: Longitude is -105.0518162
08-10 23:42:29.359  5910  5910 D cellinfo: Instantaneous GPS information: United States, 16 W 6th Ave S Dr, Denver, CO 80204, USA
08-10 23:42:29.359  5910  5910 D cellinfo: getCurrentLocation() result: Location (success): 39.7256202, -105.0518162
08-10 23:42:29.360  5910  5910 D cellinfo: onCellInfoChanged: Operator: T-Mobile UpdateTimestamp: 20270147 CellConnectionStatus: 0
08-10 23:42:29.360  5910  5910 D cellinfo: onCellInfoChanged: LTE Cell Bands: [2] Bandwidth: 15000 Cell ID: 5658124 Physical Cell ID: 241 Tracking Area Code: 41224 EARFCN: 875
08-10 23:42:29.361  5910  5910 D cellinfo: onsignalStrengthsChanged: LTE Signal Strength info: rsrp: -82 rsrq: -11 rssi: -53 rssnr: 17
08-10 23:42:29.361  5910  5910 D cellinfo: onsignalStrengthsChanged: 5G-NR Signal Strength info: ssrsrp: -81 ssrsrq: -11 sssinr: 2147483647
08-10 23:42:29.553  5910  5982 D cellinfo: 46 bytes from 44.241.174.93: icmp_seq=13425 ttl=30 time=58.0 ms
08-10 23:42:29.789  5910  5982 D cellinfo: 46 bytes from 44.241.174.93: icmp_seq=13426 ttl=30 time=93.4 ms
08-10 23:42:29.949  5910  5982 D cellinfo: 46 bytes from 44.241.174.93: icmp_seq=13427 ttl=30 time=52.2 ms
08-10 23:42:30.149  5910  5982 D cellinfo: 46 bytes from 44.241.174.93: icmp_seq=13428 ttl=30 time=51.0 ms
08-10 23:42:30.349  5910  5982 D cellinfo: 46 bytes from 44.241.174.93: icmp_seq=13429 ttl=30 time=50.2 ms
08-10 23:42:30.549  5910  5982 D cellinfo: 46 bytes from 44.241.174.93: icmp_seq=13430 ttl=30 time=48.6 ms
08-10 23:42:30.749  5910  5982 D cellinfo: 46 bytes from 44.241.174.93: icmp_seq=13431 ttl=30 time=48.6 ms
08-10 23:42:30.950  5910  5982 D cellinfo: 46 bytes from 44.241.174.93: icmp_seq=13432 ttl=30 time=48.6 ms
08-10 23:42:31.150  5910  5982 D cellinfo: 46 bytes from 44.241.174.93: icmp_seq=13433 ttl=30 time=48.1 ms
08-10 23:42:31.174  5910  5910 D cellinfo: onsignalStrengthsChanged: LTE Signal Strength info: rsrp: -91 rsrq: -17 rssi: -57 rssnr: 5
08-10 23:42:31.174  5910  5910 D cellinfo: onsignalStrengthsChanged: 5G-NR Signal Strength info: ssrsrp: -81 ssrsrq: -11 sssinr: 2147483647
08-10 23:42:31.346  5910  5982 D cellinfo: 46 bytes from 44.241.174.93: icmp_seq=13434 ttl=30 time=44.0 ms
08-10 23:42:31.550  5910  5982 D cellinfo: 46 bytes from 44.241.174.93: icmp_seq=13435 ttl=30 time=46.6 ms
08-10 23:42:31.750  5910  5982 D cellinfo: 46 bytes from 44.241.174.93: icmp_seq=13436 ttl=30 time=46.8 ms
08-10 23:42:31.944  5910  5982 D cellinfo: 46 bytes from 44.241.174.93: icmp_seq=13437 ttl=30 time=40.1 ms
08-10 23:42:32.151  5910  5982 D cellinfo: 46 bytes from 44.241.174.93: icmp_seq=13438 ttl=30 time=46.2 ms
08-10 23:42:32.316  5910  5910 D cellinfo: Latitude is 39.725626
08-10 23:42:32.316  5910  5910 D cellinfo: Longitude is -105.0516343
08-10 23:42:32.316  5910  5910 D cellinfo: Instantaneous GPS information: United States, 16 W 6th Ave S Dr, Denver, CO 80204, USA
08-10 23:42:32.316  5910  5910 D cellinfo: getCurrentLocation() result: Location (success): 39.725626, -105.0516343
08-10 23:42:32.318  5910  5910 D cellinfo: onCellInfoChanged: Operator: T-Mobile UpdateTimestamp: 20273141 CellConnectionStatus: 0
08-10 23:42:32.318  5910  5910 D cellinfo: onCellInfoChanged: LTE Cell Bands: [2] Bandwidth: 15000 Cell ID: 5658124 Physical Cell ID: 241 Tracking Area Code: 41224 EARFCN: 875
08-10 23:42:32.319  5910  5910 D cellinfo: onsignalStrengthsChanged: LTE Signal Strength info: rsrp: -91 rsrq: -17 rssi: -57 rssnr: 5
08-10 23:42:32.319  5910  5910 D cellinfo: onsignalStrengthsChanged: 5G-NR Signal Strength info: ssrsrp: -80 ssrsrq: -11 sssinr: 2147483647
08-10 23:42:32.392  5910  5982 D cellinfo: 46 bytes from 44.241.174.93: icmp_seq=13439 ttl=30 time=86.2 ms
08-10 23:42:32.554  5910  5982 D cellinfo: 46 bytes from 44.241.174.93: icmp_seq=13440 ttl=30 time=47.4 ms
08-10 23:42:32.790  5910  5982 D cellinfo: 46 bytes from 44.241.174.93: icmp_seq=13441 ttl=30 time=81.6 ms
08-10 23:42:32.956  5910  5982 D cellinfo: 46 bytes from 44.241.174.93: icmp_seq=13442 ttl=30 time=47.6 ms
08-10 23:42:33.184  5910  5982 D cellinfo: 46 bytes from 44.241.174.93: icmp_seq=13443 ttl=30 time=74.7 ms
08-10 23:42:33.354  5910  5982 D cellinfo: 46 bytes from 44.241.174.93: icmp_seq=13444 ttl=30 time=44.4 ms
08-10 23:42:33.417  5910  5910 D cellinfo: onsignalStrengthsChanged: LTE Signal Strength info: rsrp: -88 rsrq: -12 rssi: -59 rssnr: 7
08-10 23:42:33.417  5910  5910 D cellinfo: onsignalStrengthsChanged: 5G-NR Signal Strength info: ssrsrp: -80 ssrsrq: -11 sssinr: 2147483647
08-10 23:42:33.553  5910  5982 D cellinfo: 46 bytes from 44.241.174.93: icmp_seq=13445 ttl=30 time=42.1 ms
08-10 23:42:33.789  5910  5982 D cellinfo: 46 bytes from 44.241.174.93: icmp_seq=13446 ttl=30 time=77.7 ms
08-10 23:42:33.957  5910  5982 D cellinfo: 46 bytes from 44.241.174.93: icmp_seq=13447 ttl=30 time=44.5 ms
08-10 23:42:34.186  5910  5982 D cellinfo: 46 bytes from 44.241.174.93: icmp_seq=13448 ttl=30 time=72.7 ms
08-10 23:42:34.386  5910  5982 D cellinfo: 46 bytes from 44.241.174.93: icmp_seq=13449 ttl=30 time=72.5 ms
08-10 23:42:34.589  5910  5982 D cellinfo: 46 bytes from 44.241.174.93: icmp_seq=13450 ttl=30 time=74.1 ms
08-10 23:42:34.790  5910  5982 D cellinfo: 46 bytes from 44.241.174.93: icmp_seq=13451 ttl=30 time=74.2 ms
08-10 23:42:34.989  5910  5982 D cellinfo: 46 bytes from 44.241.174.93: icmp_seq=13452 ttl=30 time=72.7 ms
08-10 23:42:35.187  5910  5982 D cellinfo: 46 bytes from 44.241.174.93: icmp_seq=13453 ttl=30 time=69.6 ms
08-10 23:42:35.362  5910  5982 D cellinfo: 46 bytes from 44.241.174.93: icmp_seq=13454 ttl=30 time=44.2 ms
08-10 23:42:35.365  5910  5910 D cellinfo: Latitude is 39.7254451
08-10 23:42:35.365  5910  5910 D cellinfo: Longitude is -105.0505756
08-10 23:42:35.365  5910  5910 D cellinfo: Instantaneous GPS information: United States, 4970 W 6th Ave, Denver, CO 80204, USA
08-10 23:42:35.365  5910  5910 D cellinfo: getCurrentLocation() result: Location (success): 39.7254451, -105.0505756
08-10 23:42:35.367  5910  5910 D cellinfo: onCellInfoChanged: Operator: T-Mobile UpdateTimestamp: 20276148 CellConnectionStatus: 0
08-10 23:42:35.367  5910  5910 D cellinfo: onCellInfoChanged: LTE Cell Bands: [2] Bandwidth: 15000 Cell ID: 5658124 Physical Cell ID: 241 Tracking Area Code: 41224 EARFCN: 875
08-10 23:42:35.368  5910  5910 D cellinfo: onsignalStrengthsChanged: LTE Signal Strength info: rsrp: -88 rsrq: -12 rssi: -59 rssnr: 7
08-10 23:42:35.368  5910  5910 D cellinfo: onsignalStrengthsChanged: 5G-NR Signal Strength info: ssrsrp: -81 ssrsrq: -11 sssinr: 2147483647
08-10 23:42:35.589  5910  5982 D cellinfo: 46 bytes from 44.241.174.93: icmp_seq=13455 ttl=30 time=70.8 ms
08-10 23:42:35.789  5910  5982 D cellinfo: 46 bytes from 44.241.174.93: icmp_seq=13456 ttl=30 time=70.4 ms
08-10 23:42:35.989  5910  5982 D cellinfo: 46 bytes from 44.241.174.93: icmp_seq=13457 ttl=30 time=69.5 ms
08-10 23:42:36.190  5910  5982 D cellinfo: 46 bytes from 44.241.174.93: icmp_seq=13458 ttl=30 time=68.4 ms
08-10 23:42:36.394  5910  5982 D cellinfo: 46 bytes from 44.241.174.93: icmp_seq=13459 ttl=30 time=71.3 ms
08-10 23:42:36.589  5910  5982 D cellinfo: 46 bytes from 44.241.174.93: icmp_seq=13460 ttl=30 time=65.9 ms
08-10 23:42:36.789  5910  5982 D cellinfo: 46 bytes from 44.241.174.93: icmp_seq=13461 ttl=30 time=65.3 ms
08-10 23:42:36.989  5910  5982 D cellinfo: 46 bytes from 44.241.174.93: icmp_seq=13462 ttl=30 time=64.3 ms
08-10 23:42:37.189  5910  5982 D cellinfo: 46 bytes from 44.241.174.93: icmp_seq=13463 ttl=30 time=63.1 ms
08-10 23:42:37.298  5910  5910 D cellinfo: onsignalStrengthsChanged: LTE Signal Strength info: rsrp: -84 rsrq: -15 rssi: -51 rssnr: 8
08-10 23:42:37.298  5910  5910 D cellinfo: onsignalStrengthsChanged: 5G-NR Signal Strength info: ssrsrp: -81 ssrsrq: -11 sssinr: 2147483647
08-10 23:42:37.389  5910  5982 D cellinfo: 46 bytes from 44.241.174.93: icmp_seq=13464 ttl=30 time=62.0 ms
08-10 23:42:37.589  5910  5982 D cellinfo: 46 bytes from 44.241.174.93: icmp_seq=13465 ttl=30 time=60.7 ms
08-10 23:42:37.791  5910  5982 D cellinfo: 46 bytes from 44.241.174.93: icmp_seq=13466 ttl=30 time=62.2 ms
08-10 23:42:37.984  5910  5982 D cellinfo: 46 bytes from 44.241.174.93: icmp_seq=13467 ttl=30 time=54.5 ms
08-10 23:42:38.174  5910  5982 D cellinfo: 46 bytes from 44.241.174.93: icmp_seq=13468 ttl=30 time=43.1 ms
08-10 23:42:38.315  5910  5910 D cellinfo: Latitude is 39.7253556
08-10 23:42:38.315  5910  5910 D cellinfo: Longitude is -105.0489873
08-10 23:42:38.315  5910  5910 D cellinfo: Instantaneous GPS information: United States, 595 Wolff St, Denver, CO 80204, USA
08-10 23:42:38.315  5910  5910 D cellinfo: getCurrentLocation() result: Location (success): 39.7253556, -105.0489873
08-10 23:42:38.316  5910  5910 D cellinfo: onCellInfoChanged: Operator: T-Mobile UpdateTimestamp: 20279140 CellConnectionStatus: 0
08-10 23:42:38.317  5910  5910 D cellinfo: onCellInfoChanged: LTE Cell Bands: [2] Bandwidth: 15000 Cell ID: 5658124 Physical Cell ID: 241 Tracking Area Code: 41224 EARFCN: 875
08-10 23:42:38.381  5910  5982 D cellinfo: 46 bytes from 44.241.174.93: icmp_seq=13469 ttl=30 time=49.5 ms
08-10 23:42:38.589  5910  5982 D cellinfo: 46 bytes from 44.241.174.93: icmp_seq=13470 ttl=30 time=57.4 ms
08-10 23:42:38.789  5910  5982 D cellinfo: 46 bytes from 44.241.174.93: icmp_seq=13471 ttl=30 time=55.8 ms
08-10 23:42:38.986  5910  5982 D cellinfo: 46 bytes from 44.241.174.93: icmp_seq=13472 ttl=30 time=52.3 ms
08-10 23:42:39.189  5910  5982 D cellinfo: 46 bytes from 44.241.174.93: icmp_seq=13473 ttl=30 time=54.7 ms
08-10 23:42:39.390  5910  5982 D cellinfo: 46 bytes from 44.241.174.93: icmp_seq=13474 ttl=30 time=55.2 ms
08-10 23:42:39.589  5910  5982 D cellinfo: 46 bytes from 44.241.174.93: icmp_seq=13475 ttl=30 time=53.4 ms
08-10 23:42:39.789  5910  5982 D cellinfo: 46 bytes from 44.241.174.93: icmp_seq=13476 ttl=30 time=52.4 ms
08-10 23:42:39.989  5910  5982 D cellinfo: 46 bytes from 44.241.174.93: icmp_seq=13477 ttl=30 time=51.0 ms
08-10 23:42:40.130  5910  5910 D cellinfo: onsignalStrengthsChanged: LTE Signal Strength info: rsrp: -80 rsrq: -13 rssi: -51 rssnr: 15
08-10 23:42:40.130  5910  5910 D cellinfo: onsignalStrengthsChanged: 5G-NR Signal Strength info: ssrsrp: -81 ssrsrq: -11 sssinr: 2147483647
08-10 23:42:40.189  5910  5982 D cellinfo: 46 bytes from 44.241.174.93: icmp_seq=13478 ttl=30 time=50.2 ms
08-10 23:42:40.389  5910  5982 D cellinfo: 46 bytes from 44.241.174.93: icmp_seq=13479 ttl=30 time=49.6 ms
08-10 23:42:40.629  5910  5982 D cellinfo: 46 bytes from 44.241.174.93: icmp_seq=13480 ttl=30 time=89.5 ms
08-10 23:42:40.789  5910  5982 D cellinfo: 46 bytes from 44.241.174.93: icmp_seq=13481 ttl=30 time=48.3 ms
08-10 23:42:40.992  5910  5982 D cellinfo: 46 bytes from 44.241.174.93: icmp_seq=13482 ttl=30 time=49.5 ms
08-10 23:42:41.193  5910  5982 D cellinfo: 46 bytes from 44.241.174.93: icmp_seq=13483 ttl=30 time=49.4 ms
08-10 23:42:41.354  5910  5910 D cellinfo: Latitude is 39.7253406
08-10 23:42:41.354  5910  5910 D cellinfo: Longitude is -105.0482314
08-10 23:42:41.354  5910  5910 D cellinfo: Instantaneous GPS information: United States, 596 Wolff St, Denver, CO 80204, USA
08-10 23:42:41.354  5910  5910 D cellinfo: getCurrentLocation() result: Location (success): 39.7253406, -105.0482314
08-10 23:42:41.356  5910  5910 D cellinfo: onCellInfoChanged: Operator: T-Mobile UpdateTimestamp: 20282150 CellConnectionStatus: 0
08-10 23:42:41.356  5910  5910 D cellinfo: onCellInfoChanged: LTE Cell Bands: [2] Bandwidth: 15000 Cell ID: 5658124 Physical Cell ID: 241 Tracking Area Code: 41224 EARFCN: 875
08-10 23:42:41.356  5910  5910 D cellinfo: onsignalStrengthsChanged: LTE Signal Strength info: rsrp: -80 rsrq: -13 rssi: -51 rssnr: 15
08-10 23:42:41.357  5910  5910 D cellinfo: onsignalStrengthsChanged: 5G-NR Signal Strength info: ssrsrp: -78 ssrsrq: -11 sssinr: 2147483647
08-10 23:42:41.429  5910  5982 D cellinfo: 46 bytes from 44.241.174.93: icmp_seq=13484 ttl=30 time=84.3 ms
08-10 23:42:41.590  5910  5982 D cellinfo: 46 bytes from 44.241.174.93: icmp_seq=13485 ttl=30 time=43.6 ms
08-10 23:42:41.789  5910  5982 D cellinfo: 46 bytes from 44.241.174.93: icmp_seq=13486 ttl=30 time=43.1 ms
08-10 23:42:42.029  5910  5982 D cellinfo: 46 bytes from 44.241.174.93: icmp_seq=13487 ttl=30 time=81.9 ms
08-10 23:42:42.229  5910  5982 D cellinfo: 46 bytes from 44.241.174.93: icmp_seq=13488 ttl=30 time=82.0 ms
08-10 23:42:42.376  5910  5910 D cellinfo: onsignalStrengthsChanged: LTE Signal Strength info: rsrp: -81 rsrq: -14 rssi: -51 rssnr: 12
08-10 23:42:42.376  5910  5910 D cellinfo: onsignalStrengthsChanged: 5G-NR Signal Strength info: ssrsrp: -78 ssrsrq: -11 sssinr: 2147483647
08-10 23:42:42.429  5910  5982 D cellinfo: 46 bytes from 44.241.174.93: icmp_seq=13489 ttl=30 time=80.6 ms
08-10 23:42:42.662  5910  5910 D cellinfo: onsignalStrengthsChanged: LTE Signal Strength info: rsrp: -81 rsrq: -14 rssi: -51 rssnr: 12
08-10 23:42:42.662  5910  5910 D cellinfo: onsignalStrengthsChanged: 5G-NR Signal Strength info: ssrsrp: -77 ssrsrq: -11 sssinr: 2147483647
08-10 23:42:42.767  5910  5982 D cellinfo: 46 bytes from 44.241.174.93: icmp_seq=13490 ttl=30 time=218 ms
08-10 23:42:42.802  5910  5982 D cellinfo: 46 bytes from 44.241.174.93: icmp_seq=13491 ttl=30 time=50.0 ms
08-10 23:42:43.001  5910  5982 D cellinfo: 46 bytes from 44.241.174.93: icmp_seq=13492 ttl=30 time=48.4 ms
08-10 23:42:43.201  5910  5982 D cellinfo: 46 bytes from 44.241.174.93: icmp_seq=13493 ttl=30 time=48.5 ms
08-10 23:42:43.401  5910  5982 D cellinfo: 46 bytes from 44.241.174.93: icmp_seq=13494 ttl=30 time=47.0 ms
08-10 23:42:43.603  5910  5982 D cellinfo: 46 bytes from 44.241.174.93: icmp_seq=13495 ttl=30 time=48.0 ms
08-10 23:42:43.796  5910  5982 D cellinfo: 46 bytes from 44.241.174.93: icmp_seq=13496 ttl=30 time=40.7 ms
08-10 23:42:44.010  5910  5910 D cellinfo: onsignalStrengthsChanged: LTE Signal Strength info: rsrp: -81 rsrq: -14 rssi: -51 rssnr: 12
08-10 23:42:44.010  5910  5910 D cellinfo: onsignalStrengthsChanged: 5G-NR Signal Strength info: ssrsrp: -78 ssrsrq: -11 sssinr: 2147483647
08-10 23:42:44.054  5910  5982 D cellinfo: 46 bytes from 44.241.174.93: icmp_seq=13497 ttl=30 time=98.4 ms
08-10 23:42:44.207  5910  5982 D cellinfo: 46 bytes from 44.241.174.93: icmp_seq=13498 ttl=30 time=51.0 ms
08-10 23:42:44.275  5910  5910 D cellinfo: Latitude is 39.7253712
08-10 23:42:44.275  5910  5910 D cellinfo: Longitude is -105.0471763
08-10 23:42:44.275  5910  5910 D cellinfo: Instantaneous GPS information: United States, 4656 W 6th Ave, Denver, CO 80204, USA
08-10 23:42:44.275  5910  5910 D cellinfo: getCurrentLocation() result: Location (success): 39.7253712, -105.0471763
08-10 23:42:44.279  5910  5910 D cellinfo: onCellInfoChanged: Operator: T-Mobile UpdateTimestamp: 20285126 CellConnectionStatus: 0
08-10 23:42:44.279  5910  5910 D cellinfo: onCellInfoChanged: LTE Cell Bands: [2] Bandwidth: 15000 Cell ID: 5658124 Physical Cell ID: 241 Tracking Area Code: 41224 EARFCN: 875
08-10 23:42:44.409  5910  5982 D cellinfo: 46 bytes from 44.241.174.93: icmp_seq=13499 ttl=30 time=52.7 ms
08-10 23:42:44.611  5910  5982 D cellinfo: 46 bytes from 44.241.174.93: icmp_seq=13500 ttl=30 time=53.9 ms
08-10 23:42:44.814  5910  5982 D cellinfo: 46 bytes from 44.241.174.93: icmp_seq=13501 ttl=30 time=56.0 ms
08-10 23:42:45.032  5910  5982 D cellinfo: 46 bytes from 44.241.174.93: icmp_seq=13502 ttl=30 time=73.5 ms
08-10 23:42:45.202  5910  5982 D cellinfo: 46 bytes from 44.241.174.93: icmp_seq=13503 ttl=30 time=42.7 ms
08-10 23:42:45.429  5910  5982 D cellinfo: 46 bytes from 44.241.174.93: icmp_seq=13504 ttl=30 time=69.6 ms
08-10 23:42:45.601  5910  5982 D cellinfo: 46 bytes from 44.241.174.93: icmp_seq=13505 ttl=30 time=41.4 ms
08-10 23:42:45.801  5910  5982 D cellinfo: 46 bytes from 44.241.174.93: icmp_seq=13506 ttl=30 time=40.4 ms
08-10 23:42:46.032  5910  5982 D cellinfo: 46 bytes from 44.241.174.93: icmp_seq=13507 ttl=30 time=69.9 ms
08-10 23:42:46.229  5910  5982 D cellinfo: 46 bytes from 44.241.174.93: icmp_seq=13508 ttl=30 time=67.4 ms
08-10 23:42:46.299  5910  5910 D cellinfo: onsignalStrengthsChanged: LTE Signal Strength info: rsrp: -84 rsrq: -14 rssi: -51 rssnr: 11
08-10 23:42:46.299  5910  5910 D cellinfo: onsignalStrengthsChanged: 5G-NR Signal Strength info: ssrsrp: -78 ssrsrq: -11 sssinr: 2147483647
08-10 23:42:46.409  5910  5982 D cellinfo: 46 bytes from 44.241.174.93: icmp_seq=13509 ttl=30 time=46.3 ms
08-10 23:42:46.636  5910  5982 D cellinfo: 46 bytes from 44.241.174.93: icmp_seq=13510 ttl=30 time=72.7 ms
08-10 23:42:46.806  5910  5982 D cellinfo: 46 bytes from 44.241.174.93: icmp_seq=13511 ttl=30 time=42.2 ms
08-10 23:42:47.031  5910  5982 D cellinfo: 46 bytes from 44.241.174.93: icmp_seq=13512 ttl=30 time=66.1 ms
08-10 23:42:47.214  5910  5982 D cellinfo: 46 bytes from 44.241.174.93: icmp_seq=13513 ttl=30 time=49.7 ms
08-10 23:42:47.307  5910  5910 D cellinfo: Latitude is 39.7257319
08-10 23:42:47.307  5910  5910 D cellinfo: Longitude is -105.0466878
08-10 23:42:47.308  5910  5910 D cellinfo: Instantaneous GPS information: United States, 4663 W 6th Ave N Dr, Denver, CO 80204, USA
08-10 23:42:47.308  5910  5910 D cellinfo: getCurrentLocation() result: Location (success): 39.7257319, -105.0466878
08-10 23:42:47.310  5910  5910 D cellinfo: onCellInfoChanged: Operator: T-Mobile UpdateTimestamp: 20288151 CellConnectionStatus: 0
08-10 23:42:47.310  5910  5910 D cellinfo: onCellInfoChanged: LTE Cell Bands: [2] Bandwidth: 15000 Cell ID: 5658124 Physical Cell ID: 241 Tracking Area Code: 41224 EARFCN: 875
08-10 23:42:47.310  5910  5910 D cellinfo: onsignalStrengthsChanged: LTE Signal Strength info: rsrp: -84 rsrq: -14 rssi: -51 rssnr: 11
08-10 23:42:47.310  5910  5910 D cellinfo: onsignalStrengthsChanged: 5G-NR Signal Strength info: ssrsrp: -79 ssrsrq: -11 sssinr: 2147483647
08-10 23:42:47.404  5910  5982 D cellinfo: 46 bytes from 44.241.174.93: icmp_seq=13514 ttl=30 time=38.5 ms
08-10 23:42:47.607  5910  5982 D cellinfo: 46 bytes from 44.241.174.93: icmp_seq=13515 ttl=30 time=40.1 ms
08-10 23:42:47.836  5910  5982 D cellinfo: 46 bytes from 44.241.174.93: icmp_seq=13516 ttl=30 time=69.1 ms
08-10 23:42:48.034  5910  5982 D cellinfo: 46 bytes from 44.241.174.93: icmp_seq=13517 ttl=30 time=65.9 ms
08-10 23:42:48.231  5910  5982 D cellinfo: 46 bytes from 44.241.174.93: icmp_seq=13518 ttl=30 time=63.6 ms
08-10 23:42:48.409  5910  5982 D cellinfo: 46 bytes from 44.241.174.93: icmp_seq=13519 ttl=30 time=40.9 ms
08-10 23:42:48.614  5910  5982 D cellinfo: 46 bytes from 44.241.174.93: icmp_seq=13520 ttl=30 time=45.5 ms
08-10 23:42:48.872  5910  5982 D cellinfo: 46 bytes from 44.241.174.93: icmp_seq=13521 ttl=30 time=102 ms
08-10 23:42:49.032  5910  5982 D cellinfo: 46 bytes from 44.241.174.93: icmp_seq=13522 ttl=30 time=60.7 ms
08-10 23:42:49.098  5910  5910 D cellinfo: onsignalStrengthsChanged: LTE Signal Strength info: rsrp: -84 rsrq: -12 rssi: -55 rssnr: 15
08-10 23:42:49.098  5910  5910 D cellinfo: onsignalStrengthsChanged: 5G-NR Signal Strength info: ssrsrp: -79 ssrsrq: -11 sssinr: 2147483647
08-10 23:42:49.212  5910  5982 D cellinfo: 46 bytes from 44.241.174.93: icmp_seq=13523 ttl=30 time=41.6 ms
08-10 23:42:49.436  5910  5982 D cellinfo: 46 bytes from 44.241.174.93: icmp_seq=13524 ttl=30 time=64.7 ms
08-10 23:42:49.639  5910  5982 D cellinfo: 46 bytes from 44.241.174.93: icmp_seq=13525 ttl=30 time=67.4 ms
08-10 23:42:49.829  5910  5982 D cellinfo: 46 bytes from 44.241.174.93: icmp_seq=13526 ttl=30 time=56.4 ms
08-10 23:42:50.014  5910  5982 D cellinfo: 46 bytes from 44.241.174.93: icmp_seq=13527 ttl=30 time=39.9 ms
08-10 23:42:50.217  5910  5982 D cellinfo: 46 bytes from 44.241.174.93: icmp_seq=13528 ttl=30 time=43.1 ms
08-10 23:42:50.336  5910  5910 D cellinfo: Latitude is 39.7254559
08-10 23:42:50.336  5910  5910 D cellinfo: Longitude is -105.0454831
08-10 23:42:50.336  5910  5910 D cellinfo: Instantaneous GPS information: United States, 4500 W 6th Ave, Denver, CO 80204, USA
08-10 23:42:50.336  5910  5910 D cellinfo: getCurrentLocation() result: Location (success): 39.7254559, -105.0454831
08-10 23:42:50.338  5910  5910 D cellinfo: onsignalStrengthsChanged: LTE Signal Strength info: rsrp: -84 rsrq: -12 rssi: -55 rssnr: 15
08-10 23:42:50.338  5910  5910 D cellinfo: onsignalStrengthsChanged: 5G-NR Signal Strength info: ssrsrp: -80 ssrsrq: -11 sssinr: 2147483647
08-10 23:42:50.338  5910  5910 D cellinfo: onCellInfoChanged: Operator: T-Mobile UpdateTimestamp: 20291144 CellConnectionStatus: 0
08-10 23:42:50.338  5910  5910 D cellinfo: onCellInfoChanged: LTE Cell Bands: [2] Bandwidth: 15000 Cell ID: 5658124 Physical Cell ID: 241 Tracking Area Code: 41224 EARFCN: 875
08-10 23:42:50.533  5910  5982 D cellinfo: 46 bytes from 44.241.174.93: icmp_seq=13529 ttl=30 time=158 ms
08-10 23:42:50.549  5910  5910 D cellinfo: onServiceStateChanged: Channel Number: 875 Cell Bandwidths: [15000]
08-10 23:42:50.643  5910  5982 D cellinfo: 46 bytes from 44.241.174.93: icmp_seq=13530 ttl=30 time=68.1 ms
08-10 23:42:50.818  5910  5982 D cellinfo: 46 bytes from 44.241.174.93: icmp_seq=13531 ttl=30 time=42.3 ms
08-10 23:42:51.023  5910  5982 D cellinfo: 46 bytes from 44.241.174.93: icmp_seq=13532 ttl=30 time=46.0 ms
08-10 23:42:51.227  5910  5982 D cellinfo: 46 bytes from 44.241.174.93: icmp_seq=13533 ttl=30 time=50.6 ms
08-10 23:42:51.337  5910  5910 D cellinfo: onsignalStrengthsChanged: LTE Signal Strength info: rsrp: -92 rsrq: -16 rssi: -59 rssnr: -3
08-10 23:42:51.337  5910  5910 D cellinfo: onsignalStrengthsChanged: 5G-NR Signal Strength info: ssrsrp: -80 ssrsrq: -11 sssinr: 2147483647
08-10 23:42:51.448  5910  5982 D cellinfo: 46 bytes from 44.241.174.93: icmp_seq=13534 ttl=30 time=71.7 ms
08-10 23:42:51.619  5910  5982 D cellinfo: 46 bytes from 44.241.174.93: icmp_seq=13535 ttl=30 time=41.9 ms
08-10 23:42:51.821  5910  5982 D cellinfo: 46 bytes from 44.241.174.93: icmp_seq=13536 ttl=30 time=43.5 ms
08-10 23:42:52.028  5910  5982 D cellinfo: 46 bytes from 44.241.174.93: icmp_seq=13537 ttl=30 time=50.3 ms
08-10 23:42:52.222  5910  5982 D cellinfo: 46 bytes from 44.241.174.93: icmp_seq=13538 ttl=30 time=43.7 ms
08-10 23:42:52.428  5910  5982 D cellinfo: 46 bytes from 44.241.174.93: icmp_seq=13539 ttl=30 time=49.6 ms
08-10 23:42:52.631  5910  5982 D cellinfo: 46 bytes from 44.241.174.93: icmp_seq=13540 ttl=30 time=52.6 ms
08-10 23:42:52.827  5910  5982 D cellinfo: 46 bytes from 44.241.174.93: icmp_seq=13541 ttl=30 time=47.4 ms
08-10 23:42:53.029  5910  5982 D cellinfo: 46 bytes from 44.241.174.93: icmp_seq=13542 ttl=30 time=48.3 ms
08-10 23:42:53.232  5910  5982 D cellinfo: 46 bytes from 44.241.174.93: icmp_seq=13543 ttl=30 time=51.0 ms
08-10 23:42:53.299  5910  5910 D cellinfo: Latitude is 39.7258382
08-10 23:42:53.299  5910  5910 D cellinfo: Longitude is -105.0447139
08-10 23:42:53.299  5910  5910 D cellinfo: Instantaneous GPS information: United States, 4499 W 6th Ave N Dr, Denver, CO 80204, USA
08-10 23:42:53.299  5910  5910 D cellinfo: getCurrentLocation() result: Location (success): 39.7258382, -105.0447139
08-10 23:42:53.301  5910  5910 D cellinfo: onCellInfoChanged: Operator: T-Mobile UpdateTimestamp: 20294127 CellConnectionStatus: 0
08-10 23:42:53.301  5910  5910 D cellinfo: onCellInfoChanged: LTE Cell Bands: [2] Bandwidth: 15000 Cell ID: 25676045 Physical Cell ID: 423 Tracking Area Code: 41224 EARFCN: 875
08-10 23:42:53.507  5910  5910 D cellinfo: onServiceStateChanged: Channel Number: 875 Cell Bandwidths: [15000]
08-10 23:42:53.531  5910  5982 D cellinfo: 46 bytes from 44.241.174.93: icmp_seq=13544 ttl=30 time=149 ms
08-10 23:42:53.574  5910  5910 D cellinfo: onsignalStrengthsChanged: LTE Signal Strength info: rsrp: -92 rsrq: -12 rssi: -59 rssnr: 2
08-10 23:42:53.574  5910  5910 D cellinfo: onsignalStrengthsChanged: 5G-NR Signal Strength info: ssrsrp: -80 ssrsrq: -11 sssinr: 2147483647
08-10 23:42:53.628  5910  5982 D cellinfo: 46 bytes from 44.241.174.93: icmp_seq=13545 ttl=30 time=45.9 ms
08-10 23:42:53.831  5910  5982 D cellinfo: 46 bytes from 44.241.174.93: icmp_seq=13546 ttl=30 time=48.1 ms
08-10 23:42:54.037  5910  5982 D cellinfo: 46 bytes from 44.241.174.93: icmp_seq=13547 ttl=30 time=53.0 ms
08-10 23:42:54.236  5910  5982 D cellinfo: 46 bytes from 44.241.174.93: icmp_seq=13548 ttl=30 time=52.4 ms
08-10 23:42:54.441  5910  5982 D cellinfo: 46 bytes from 44.241.174.93: icmp_seq=13549 ttl=30 time=56.5 ms
08-10 23:42:54.631  5910  5982 D cellinfo: 46 bytes from 44.241.174.93: icmp_seq=13550 ttl=30 time=45.1 ms
08-10 23:42:54.837  5910  5982 D cellinfo: 46 bytes from 44.241.174.93: icmp_seq=13551 ttl=30 time=49.6 ms
08-10 23:42:55.037  5910  5982 D cellinfo: 46 bytes from 44.241.174.93: icmp_seq=13552 ttl=30 time=49.3 ms
08-10 23:42:55.232  5910  5982 D cellinfo: 46 bytes from 44.241.174.93: icmp_seq=13553 ttl=30 time=44.6 ms
08-10 23:42:55.303  5910  5910 D cellinfo: onsignalStrengthsChanged: LTE Signal Strength info: rsrp: -93 rsrq: -13 rssi: -57 rssnr: 2
08-10 23:42:55.303  5910  5910 D cellinfo: onsignalStrengthsChanged: 5G-NR Signal Strength info: ssrsrp: -80 ssrsrq: -11 sssinr: 2147483647
08-10 23:42:55.343  5910  5910 D cellinfo: onsignalStrengthsChanged: LTE Signal Strength info: rsrp: -93 rsrq: -13 rssi: -57 rssnr: 2
08-10 23:42:55.343  5910  5910 D cellinfo: onsignalStrengthsChanged: 5G-NR Signal Strength info: ssrsrp: -84 ssrsrq: -12 sssinr: 2147483647
08-10 23:42:55.469  5910  5982 D cellinfo: 46 bytes from 44.241.174.93: icmp_seq=13554 ttl=30 time=80.9 ms
08-10 23:42:55.637  5910  5982 D cellinfo: 46 bytes from 44.241.174.93: icmp_seq=13555 ttl=30 time=47.5 ms
08-10 23:42:55.831  5910  5982 D cellinfo: 46 bytes from 44.241.174.93: icmp_seq=13556 ttl=30 time=41.7 ms
08-10 23:42:56.032  5910  5982 D cellinfo: 46 bytes from 44.241.174.93: icmp_seq=13557 ttl=30 time=41.4 ms
08-10 23:42:56.233  5910  5982 D cellinfo: 46 bytes from 44.241.174.93: icmp_seq=13558 ttl=30 time=42.1 ms
08-10 23:42:56.275  5910  5910 D cellinfo: Latitude is 39.7260412
08-10 23:42:56.275  5910  5910 D cellinfo: Longitude is -105.0443622
08-10 23:42:56.275  5910  5910 D cellinfo: Instantaneous GPS information: United States, 605 Tennyson St, Denver, CO 80204, USA
08-10 23:42:56.275  5910  5910 D cellinfo: getCurrentLocation() result: Location (success): 39.7260412, -105.0443622
08-10 23:42:56.276  5910  5910 D cellinfo: onCellInfoChanged: Operator: T-Mobile UpdateTimestamp: 20297142 CellConnectionStatus: 0
08-10 23:42:56.276  5910  5910 D cellinfo: onCellInfoChanged: LTE Cell Bands: [2] Bandwidth: 15000 Cell ID: 26689035 Physical Cell ID: 219 Tracking Area Code: 41224 EARFCN: 875
08-10 23:42:56.277  5910  5910 D cellinfo: onsignalStrengthsChanged: LTE Signal Strength info: rsrp: -93 rsrq: -13 rssi: -57 rssnr: 2
08-10 23:42:56.277  5910  5910 D cellinfo: onsignalStrengthsChanged: 5G-NR Signal Strength info: ssrsrp: -86 ssrsrq: -12 sssinr: 2147483647
08-10 23:42:56.431  5910  5982 D cellinfo: 46 bytes from 44.241.174.93: icmp_seq=13559 ttl=30 time=40.0 ms
08-10 23:42:56.636  5910  5982 D cellinfo: 46 bytes from 44.241.174.93: icmp_seq=13560 ttl=30 time=44.7 ms
08-10 23:42:56.834  5910  5982 D cellinfo: 46 bytes from 44.241.174.93: icmp_seq=13561 ttl=30 time=41.7 ms
08-10 23:42:57.035  5910  5982 D cellinfo: 46 bytes from 44.241.174.93: icmp_seq=13562 ttl=30 time=42.7 ms
08-10 23:42:57.234  5910  5982 D cellinfo: 46 bytes from 44.241.174.93: icmp_seq=13563 ttl=30 time=42.4 ms
08-10 23:42:57.436  5910  5982 D cellinfo: 46 bytes from 44.241.174.93: icmp_seq=13564 ttl=30 time=43.3 ms
08-10 23:42:57.636  5910  5982 D cellinfo: 46 bytes from 44.241.174.93: icmp_seq=13565 ttl=30 time=42.6 ms
08-10 23:42:57.836  5910  5982 D cellinfo: 46 bytes from 44.241.174.93: icmp_seq=13566 ttl=30 time=42.3 ms
08-10 23:42:58.037  5910  5982 D cellinfo: 46 bytes from 44.241.174.93: icmp_seq=13567 ttl=30 time=41.7 ms
08-10 23:42:58.055  5910  5910 D cellinfo: onsignalStrengthsChanged: LTE Signal Strength info: rsrp: -86 rsrq: -10 rssi: -57 rssnr: 13
08-10 23:42:58.055  5910  5910 D cellinfo: onsignalStrengthsChanged: 5G-NR Signal Strength info: ssrsrp: -86 ssrsrq: -12 sssinr: 2147483647
08-10 23:42:58.236  5910  5982 D cellinfo: 46 bytes from 44.241.174.93: icmp_seq=13568 ttl=30 time=41.4 ms
08-10 23:42:58.434  5910  5982 D cellinfo: 46 bytes from 44.241.174.93: icmp_seq=13569 ttl=30 time=38.5 ms
08-10 23:42:58.639  5910  5982 D cellinfo: 46 bytes from 44.241.174.93: icmp_seq=13570 ttl=30 time=42.9 ms
08-10 23:42:58.841  5910  5982 D cellinfo: 46 bytes from 44.241.174.93: icmp_seq=13571 ttl=30 time=44.6 ms
08-10 23:42:59.042  5910  5982 D cellinfo: 46 bytes from 44.241.174.93: icmp_seq=13572 ttl=30 time=44.4 ms
08-10 23:42:59.241  5910  5982 D cellinfo: 46 bytes from 44.241.174.93: icmp_seq=13573 ttl=30 time=43.4 ms
08-10 23:42:59.302  5910  5910 D cellinfo: Latitude is 39.7254279
08-10 23:42:59.302  5910  5910 D cellinfo: Longitude is -105.0428497
08-10 23:42:59.302  5910  5910 D cellinfo: Instantaneous GPS information: United States, 545 Stuart St, Denver, CO 80204, USA
08-10 23:42:59.302  5910  5910 D cellinfo: getCurrentLocation() result: Location (success): 39.7254279, -105.0428497
08-10 23:42:59.304  5910  5910 D cellinfo: onCellInfoChanged: Operator: T-Mobile UpdateTimestamp: 20300148 CellConnectionStatus: 0
08-10 23:42:59.304  5910  5910 D cellinfo: onCellInfoChanged: LTE Cell Bands: [2] Bandwidth: 15000 Cell ID: 26689035 Physical Cell ID: 219 Tracking Area Code: 41224 EARFCN: 875
08-10 23:42:59.305  5910  5910 D cellinfo: onsignalStrengthsChanged: LTE Signal Strength info: rsrp: -86 rsrq: -10 rssi: -57 rssnr: 13
08-10 23:42:59.305  5910  5910 D cellinfo: onsignalStrengthsChanged: 5G-NR Signal Strength info: ssrsrp: -79 ssrsrq: -11 sssinr: 2147483647
08-10 23:42:59.441  5910  5982 D cellinfo: 46 bytes from 44.241.174.93: icmp_seq=13574 ttl=30 time=42.5 ms
08-10 23:42:59.641  5910  5982 D cellinfo: 46 bytes from 44.241.174.93: icmp_seq=13575 ttl=30 time=40.7 ms
08-10 23:42:59.846  5910  5982 D cellinfo: 46 bytes from 44.241.174.93: icmp_seq=13576 ttl=30 time=45.3 ms
08-10 23:43:00.046  5910  5982 D cellinfo: 46 bytes from 44.241.174.93: icmp_seq=13577 ttl=30 time=44.2 ms
08-10 23:43:00.247  5910  5982 D cellinfo: 46 bytes from 44.241.174.93: icmp_seq=13578 ttl=30 time=44.0 ms
08-10 23:43:00.298  5910  5910 D cellinfo: onsignalStrengthsChanged: LTE Signal Strength info: rsrp: -77 rsrq: -8 rssi: -51 rssnr: 14
08-10 23:43:00.298  5910  5910 D cellinfo: onsignalStrengthsChanged: 5G-NR Signal Strength info: ssrsrp: -79 ssrsrq: -11 sssinr: 2147483647
08-10 23:43:00.446  5910  5982 D cellinfo: 46 bytes from 44.241.174.93: icmp_seq=13579 ttl=30 time=42.2 ms
08-10 23:43:00.646  5910  5982 D cellinfo: 46 bytes from 44.241.174.93: icmp_seq=13580 ttl=30 time=41.1 ms
08-10 23:43:00.844  5910  5982 D cellinfo: 46 bytes from 44.241.174.93: icmp_seq=13581 ttl=30 time=38.0 ms
08-10 23:43:01.054  5910  5982 D cellinfo: 46 bytes from 44.241.174.93: icmp_seq=13582 ttl=30 time=47.2 ms
08-10 23:43:01.251  5910  5982 D cellinfo: 46 bytes from 44.241.174.93: icmp_seq=13583 ttl=30 time=43.7 ms
08-10 23:43:01.452  5910  5982 D cellinfo: 46 bytes from 44.241.174.93: icmp_seq=13584 ttl=30 time=43.8 ms
08-10 23:43:01.651  5910  5982 D cellinfo: 46 bytes from 44.241.174.93: icmp_seq=13585 ttl=30 time=42.3 ms
08-10 23:43:01.852  5910  5982 D cellinfo: 46 bytes from 44.241.174.93: icmp_seq=13586 ttl=30 time=41.7 ms
08-10 23:43:02.051  5910  5982 D cellinfo: 46 bytes from 44.241.174.93: icmp_seq=13587 ttl=30 time=40.3 ms
08-10 23:43:02.254  5910  5982 D cellinfo: 46 bytes from 44.241.174.93: icmp_seq=13588 ttl=30 time=42.1 ms
08-10 23:43:02.331  5910  5910 D cellinfo: Latitude is 39.7255435
08-10 23:43:02.331  5910  5910 D cellinfo: Longitude is -105.0422625
08-10 23:43:02.331  5910  5910 D cellinfo: Instantaneous GPS information: United States, 542 Stuart St, Denver, CO 80204, USA
08-10 23:43:02.331  5910  5910 D cellinfo: getCurrentLocation() result: Location (success): 39.7255435, -105.0422625
08-10 23:43:02.333  5910  5910 D cellinfo: onCellInfoChanged: Operator: T-Mobile UpdateTimestamp: 20303144 CellConnectionStatus: 0
08-10 23:43:02.333  5910  5910 D cellinfo: onCellInfoChanged: LTE Cell Bands: [2] Bandwidth: 15000 Cell ID: 26689035 Physical Cell ID: 219 Tracking Area Code: 41224 EARFCN: 875
08-10 23:43:02.334  5910  5910 D cellinfo: onsignalStrengthsChanged: LTE Signal Strength info: rsrp: -77 rsrq: -8 rssi: -51 rssnr: 14
08-10 23:43:02.334  5910  5910 D cellinfo: onsignalStrengthsChanged: 5G-NR Signal Strength info: ssrsrp: -68 ssrsrq: -11 sssinr: 2147483647
08-10 23:43:02.457  5910  5982 D cellinfo: 46 bytes from 44.241.174.93: icmp_seq=13589 ttl=30 time=44.0 ms
08-10 23:43:02.658  5910  5982 D cellinfo: 46 bytes from 44.241.174.93: icmp_seq=13590 ttl=30 time=44.8 ms
08-10 23:43:02.856  5910  5982 D cellinfo: 46 bytes from 44.241.174.93: icmp_seq=13591 ttl=30 time=42.3 ms
08-10 23:43:03.054  5910  5982 D cellinfo: 46 bytes from 44.241.174.93: icmp_seq=13592 ttl=30 time=38.8 ms
08-10 23:43:03.256  5910  5982 D cellinfo: 46 bytes from 44.241.174.93: icmp_seq=13593 ttl=30 time=40.5 ms
08-10 23:43:03.456  5910  5982 D cellinfo: 46 bytes from 44.241.174.93: icmp_seq=13594 ttl=30 time=40.5 ms
08-10 23:43:03.657  5910  5982 D cellinfo: 46 bytes from 44.241.174.93: icmp_seq=13595 ttl=30 time=40.3 ms
08-10 23:43:03.861  5910  5982 D cellinfo: 46 bytes from 44.241.174.93: icmp_seq=13596 ttl=30 time=43.6 ms
08-10 23:43:04.061  5910  5982 D cellinfo: 46 bytes from 44.241.174.93: icmp_seq=13597 ttl=30 time=43.2 ms
08-10 23:43:04.262  5910  5982 D cellinfo: 46 bytes from 44.241.174.93: icmp_seq=13598 ttl=30 time=43.7 ms
08-10 23:43:04.303  5910  5910 D cellinfo: onsignalStrengthsChanged: LTE Signal Strength info: rsrp: -74 rsrq: -9 rssi: -51 rssnr: 19
08-10 23:43:04.303  5910  5910 D cellinfo: onsignalStrengthsChanged: 5G-NR Signal Strength info: ssrsrp: -68 ssrsrq: -11 sssinr: 2147483647
08-10 23:43:04.461  5910  5982 D cellinfo: 46 bytes from 44.241.174.93: icmp_seq=13599 ttl=30 time=42.4 ms
08-10 23:43:04.661  5910  5982 D cellinfo: 46 bytes from 44.241.174.93: icmp_seq=13600 ttl=30 time=41.3 ms
08-10 23:43:04.865  5910  5982 D cellinfo: 46 bytes from 44.241.174.93: icmp_seq=13601 ttl=30 time=43.9 ms
08-10 23:43:05.066  5910  5982 D cellinfo: 46 bytes from 44.241.174.93: icmp_seq=13602 ttl=30 time=44.3 ms
08-10 23:43:05.266  5910  5982 D cellinfo: 46 bytes from 44.241.174.93: icmp_seq=13603 ttl=30 time=43.2 ms
08-10 23:43:05.321  5910  5910 D cellinfo: Latitude is 39.7258511
08-10 23:43:05.321  5910  5910 D cellinfo: Longitude is -105.0413627
08-10 23:43:05.321  5910  5910 D cellinfo: Instantaneous GPS information: United States, 600 Raleigh St, Denver, CO 80204, USA
08-10 23:43:05.321  5910  5910 D cellinfo: getCurrentLocation() result: Location (success): 39.7258511, -105.0413627
08-10 23:43:05.323  5910  5910 D cellinfo: onCellInfoChanged: Operator: T-Mobile UpdateTimestamp: 20306149 CellConnectionStatus: 0
08-10 23:43:05.323  5910  5910 D cellinfo: onCellInfoChanged: LTE Cell Bands: [2] Bandwidth: 15000 Cell ID: 26689035 Physical Cell ID: 219 Tracking Area Code: 41224 EARFCN: 875
08-10 23:43:05.323  5910  5910 D cellinfo: onsignalStrengthsChanged: LTE Signal Strength info: rsrp: -74 rsrq: -9 rssi: -51 rssnr: 19
08-10 23:43:05.323  5910  5910 D cellinfo: onsignalStrengthsChanged: 5G-NR Signal Strength info: ssrsrp: -73 ssrsrq: -11 sssinr: 2147483647
08-10 23:43:05.467  5910  5982 D cellinfo: 46 bytes from 44.241.174.93: icmp_seq=13604 ttl=30 time=43.4 ms
08-10 23:43:05.667  5910  5982 D cellinfo: 46 bytes from 44.241.174.93: icmp_seq=13605 ttl=30 time=41.1 ms
08-10 23:43:05.868  5910  5982 D cellinfo: 46 bytes from 44.241.174.93: icmp_seq=13606 ttl=30 time=42.4 ms
08-10 23:43:06.069  5910  5982 D cellinfo: 46 bytes from 44.241.174.93: icmp_seq=13607 ttl=30 time=42.3 ms
08-10 23:43:06.269  5910  5982 D cellinfo: 46 bytes from 44.241.174.93: icmp_seq=13608 ttl=30 time=40.8 ms
08-10 23:43:06.469  5910  5982 D cellinfo: 46 bytes from 44.241.174.93: icmp_seq=13609 ttl=30 time=40.4 ms
08-10 23:43:06.670  5910  5910 D cellinfo: onsignalStrengthsChanged: LTE Signal Strength info: rsrp: -74 rsrq: -9 rssi: -51 rssnr: 19
08-10 23:43:06.670  5910  5910 D cellinfo: onsignalStrengthsChanged: 5G-NR Signal Strength info: ssrsrp: -82 ssrsrq: -11 sssinr: 2147483647
08-10 23:43:06.750  5910  5982 D cellinfo: 46 bytes from 44.241.174.93: icmp_seq=13610 ttl=30 time=119 ms
08-10 23:43:06.869  5910  5982 D cellinfo: 46 bytes from 44.241.174.93: icmp_seq=13611 ttl=30 time=38.7 ms
08-10 23:43:07.015  5910  5910 D cellinfo: onsignalStrengthsChanged: LTE Signal Strength info: rsrp: -90 rsrq: -13 rssi: -67 rssnr: 1
08-10 23:43:07.015  5910  5910 D cellinfo: onsignalStrengthsChanged: 5G-NR Signal Strength info: ssrsrp: -82 ssrsrq: -11 sssinr: 2147483647
08-10 23:43:07.071  5910  5982 D cellinfo: 46 bytes from 44.241.174.93: icmp_seq=13612 ttl=30 time=40.4 ms
08-10 23:43:07.230  5910  5910 D cellinfo: onServiceStateChanged: Channel Number: 875 Cell Bandwidths: [15000]
08-10 23:43:07.276  5910  5982 D cellinfo: 46 bytes from 44.241.174.93: icmp_seq=13613 ttl=30 time=44.1 ms
08-10 23:43:07.300  5910  5910 D cellinfo: onsignalStrengthsChanged: LTE Signal Strength info: rsrp: -91 rsrq: -10 rssi: -69 rssnr: 1
08-10 23:43:07.300  5910  5910 D cellinfo: onsignalStrengthsChanged: 5G-NR Signal Strength info: ssrsrp: -82 ssrsrq: -11 sssinr: 2147483647
08-10 23:43:07.474  5910  5982 D cellinfo: 46 bytes from 44.241.174.93: icmp_seq=13614 ttl=30 time=40.8 ms
08-10 23:43:07.676  5910  5982 D cellinfo: 46 bytes from 44.241.174.93: icmp_seq=13615 ttl=30 time=42.4 ms
08-10 23:43:07.876  5910  5982 D cellinfo: 46 bytes from 44.241.174.93: icmp_seq=13616 ttl=30 time=41.2 ms
08-10 23:43:08.076  5910  5982 D cellinfo: 46 bytes from 44.241.174.93: icmp_seq=13617 ttl=30 time=39.9 ms
08-10 23:43:08.282  5910  5982 D cellinfo: 46 bytes from 44.241.174.93: icmp_seq=13618 ttl=30 time=44.8 ms
08-10 23:43:08.296  5910  5910 D cellinfo: Latitude is 39.725818
08-10 23:43:08.296  5910  5910 D cellinfo: Longitude is -105.0406559
08-10 23:43:08.296  5910  5910 D cellinfo: Instantaneous GPS information: United States, 4111 W 6th Ave, Denver, CO 80204, USA
08-10 23:43:08.296  5910  5910 D cellinfo: getCurrentLocation() result: Location (success): 39.725818, -105.0406559
08-10 23:43:08.298  5910  5910 D cellinfo: onCellInfoChanged: Operator: T-Mobile UpdateTimestamp: 20309151 CellConnectionStatus: 0
08-10 23:43:08.298  5910  5910 D cellinfo: onCellInfoChanged: LTE Cell Bands: [2] Bandwidth: 15000 Cell ID: 26689036 Physical Cell ID: 355 Tracking Area Code: 41224 EARFCN: 875
08-10 23:43:08.298  5910  5910 D cellinfo: onsignalStrengthsChanged: LTE Signal Strength info: rsrp: -91 rsrq: -10 rssi: -69 rssnr: 1
08-10 23:43:08.299  5910  5910 D cellinfo: onsignalStrengthsChanged: 5G-NR Signal Strength info: ssrsrp: -86 ssrsrq: -11 sssinr: 2147483647
08-10 23:43:08.481  5910  5982 D cellinfo: 46 bytes from 44.241.174.93: icmp_seq=13619 ttl=30 time=44.1 ms
08-10 23:43:08.679  5910  5982 D cellinfo: 46 bytes from 44.241.174.93: icmp_seq=13620 ttl=30 time=40.9 ms
08-10 23:43:08.880  5910  5982 D cellinfo: 46 bytes from 44.241.174.93: icmp_seq=13621 ttl=30 time=40.9 ms
08-10 23:43:09.079  5910  5982 D cellinfo: 46 bytes from 44.241.174.93: icmp_seq=13622 ttl=30 time=39.9 ms
08-10 23:43:09.256  5910  5910 D cellinfo: onsignalStrengthsChanged: LTE Signal Strength info: rsrp: -96 rsrq: -12 rssi: -71 rssnr: 6
08-10 23:43:09.256  5910  5910 D cellinfo: onsignalStrengthsChanged: 5G-NR Signal Strength info: ssrsrp: -86 ssrsrq: -11 sssinr: 2147483647
08-10 23:43:09.282  5910  5982 D cellinfo: 46 bytes from 44.241.174.93: icmp_seq=13623 ttl=30 time=40.7 ms
08-10 23:43:09.484  5910  5982 D cellinfo: 46 bytes from 44.241.174.93: icmp_seq=13624 ttl=30 time=42.9 ms
08-10 23:43:09.684  5910  5982 D cellinfo: 46 bytes from 44.241.174.93: icmp_seq=13625 ttl=30 time=42.4 ms
08-10 23:43:09.884  5910  5982 D cellinfo: 46 bytes from 44.241.174.93: icmp_seq=13626 ttl=30 time=41.3 ms
08-10 23:43:10.088  5910  5982 D cellinfo: 46 bytes from 44.241.174.93: icmp_seq=13627 ttl=30 time=43.5 ms
08-10 23:43:10.285  5910  5982 D cellinfo: 46 bytes from 44.241.174.93: icmp_seq=13628 ttl=30 time=39.4 ms
08-10 23:43:10.484  5910  5982 D cellinfo: 46 bytes from 44.241.174.93: icmp_seq=13629 ttl=30 time=38.5 ms
08-10 23:43:10.694  5910  5982 D cellinfo: 46 bytes from 44.241.174.93: icmp_seq=13630 ttl=30 time=47.4 ms
08-10 23:43:10.889  5910  5982 D cellinfo: 46 bytes from 44.241.174.93: icmp_seq=13631 ttl=30 time=41.1 ms
08-10 23:43:11.089  5910  5982 D cellinfo: 46 bytes from 44.241.174.93: icmp_seq=13632 ttl=30 time=40.4 ms
08-10 23:43:11.287  5910  5910 D cellinfo: Latitude is 39.725759
08-10 23:43:11.287  5910  5910 D cellinfo: Longitude is -105.0402598
08-10 23:43:11.287  5910  5910 D cellinfo: Instantaneous GPS information: United States, 600 Quitman St, Denver, CO 80204, USA
08-10 23:43:11.287  5910  5910 D cellinfo: getCurrentLocation() result: Location (success): 39.725759, -105.0402598
08-10 23:43:11.289  5910  5910 D cellinfo: onCellInfoChanged: Operator: T-Mobile UpdateTimestamp: 20312140 CellConnectionStatus: 0
08-10 23:43:11.289  5910  5910 D cellinfo: onCellInfoChanged: LTE Cell Bands: [2] Bandwidth: 15000 Cell ID: 26689036 Physical Cell ID: 355 Tracking Area Code: 41224 EARFCN: 875
08-10 23:43:11.289  5910  5910 D cellinfo: onsignalStrengthsChanged: LTE Signal Strength info: rsrp: -96 rsrq: -12 rssi: -71 rssnr: 6
08-10 23:43:11.289  5910  5910 D cellinfo: onsignalStrengthsChanged: 5G-NR Signal Strength info: ssrsrp: -89 ssrsrq: -11 sssinr: 2147483647
08-10 23:43:11.291  5910  5982 D cellinfo: 46 bytes from 44.241.174.93: icmp_seq=13633 ttl=30 time=41.6 ms
08-10 23:43:11.490  5910  5982 D cellinfo: 46 bytes from 44.241.174.93: icmp_seq=13634 ttl=30 time=39.6 ms
08-10 23:43:11.692  5910  5982 D cellinfo: 46 bytes from 44.241.174.93: icmp_seq=13635 ttl=30 time=39.5 ms
08-10 23:43:11.897  5910  5982 D cellinfo: 46 bytes from 44.241.174.93: icmp_seq=13636 ttl=30 time=43.9 ms
08-10 23:43:12.097  5910  5982 D cellinfo: 46 bytes from 44.241.174.93: icmp_seq=13637 ttl=30 time=43.2 ms
08-10 23:43:12.297  5910  5982 D cellinfo: 46 bytes from 44.241.174.93: icmp_seq=13638 ttl=30 time=41.4 ms
08-10 23:43:12.496  5910  5982 D cellinfo: 46 bytes from 44.241.174.93: icmp_seq=13639 ttl=30 time=40.1 ms
08-10 23:43:12.699  5910  5982 D cellinfo: 46 bytes from 44.241.174.93: icmp_seq=13640 ttl=30 time=42.1 ms
08-10 23:43:12.907  5910  5982 D cellinfo: 46 bytes from 44.241.174.93: icmp_seq=13641 ttl=30 time=48.2 ms
08-10 23:43:13.101  5910  5982 D cellinfo: 46 bytes from 44.241.174.93: icmp_seq=13642 ttl=30 time=41.4 ms
08-10 23:43:13.302  5910  5982 D cellinfo: 46 bytes from 44.241.174.93: icmp_seq=13643 ttl=30 time=41.2 ms
08-10 23:43:13.310  5910  5910 D cellinfo: onsignalStrengthsChanged: LTE Signal Strength info: rsrp: -108 rsrq: -13 rssi: -75 rssnr: 4
08-10 23:43:13.310  5910  5910 D cellinfo: onsignalStrengthsChanged: 5G-NR Signal Strength info: ssrsrp: -89 ssrsrq: -11 sssinr: 2147483647
08-10 23:43:13.506  5910  5982 D cellinfo: 46 bytes from 44.241.174.93: icmp_seq=13644 ttl=30 time=44.5 ms
08-10 23:43:13.706  5910  5982 D cellinfo: 46 bytes from 44.241.174.93: icmp_seq=13645 ttl=30 time=43.7 ms
08-10 23:43:13.906  5910  5982 D cellinfo: 46 bytes from 44.241.174.93: icmp_seq=13646 ttl=30 time=42.9 ms
08-10 23:43:14.105  5910  5982 D cellinfo: 46 bytes from 44.241.174.93: icmp_seq=13647 ttl=30 time=41.2 ms
08-10 23:43:14.281  5910  5910 D cellinfo: Latitude is 39.7255655
08-10 23:43:14.281  5910  5910 D cellinfo: Longitude is -105.0384216
08-10 23:43:14.281  5910  5910 D cellinfo: Instantaneous GPS information: United States, 545 Osceola St, Denver, CO 80204, USA
08-10 23:43:14.281  5910  5910 D cellinfo: getCurrentLocation() result: Location (success): 39.7255655, -105.0384216
08-10 23:43:14.283  5910  5910 D cellinfo: onCellInfoChanged: Operator: T-Mobile UpdateTimestamp: 20315131 CellConnectionStatus: 0
08-10 23:43:14.283  5910  5910 D cellinfo: onCellInfoChanged: LTE Cell Bands: [2] Bandwidth: 15000 Cell ID: 26689036 Physical Cell ID: 355 Tracking Area Code: 41224 EARFCN: 875
08-10 23:43:14.309  5910  5982 D cellinfo: 46 bytes from 44.241.174.93: icmp_seq=13648 ttl=30 time=43.2 ms
08-10 23:43:14.511  5910  5982 D cellinfo: 46 bytes from 44.241.174.93: icmp_seq=13649 ttl=30 time=44.7 ms
08-10 23:43:14.712  5910  5982 D cellinfo: 46 bytes from 44.241.174.93: icmp_seq=13650 ttl=30 time=44.4 ms
08-10 23:43:14.911  5910  5982 D cellinfo: 46 bytes from 44.241.174.93: icmp_seq=13651 ttl=30 time=42.9 ms
08-10 23:43:15.112  5910  5982 D cellinfo: 46 bytes from 44.241.174.93: icmp_seq=13652 ttl=30 time=42.1 ms
08-10 23:43:15.311  5910  5982 D cellinfo: 46 bytes from 44.241.174.93: icmp_seq=13653 ttl=30 time=41.1 ms
08-10 23:43:15.511  5910  5982 D cellinfo: 46 bytes from 44.241.174.93: icmp_seq=13654 ttl=30 time=40.1 ms
08-10 23:43:15.718  5910  5982 D cellinfo: 46 bytes from 44.241.174.93: icmp_seq=13655 ttl=30 time=45.8 ms
08-10 23:43:15.916  5910  5982 D cellinfo: 46 bytes from 44.241.174.93: icmp_seq=13656 ttl=30 time=43.5 ms
08-10 23:43:15.985  5910  5910 D cellinfo: onsignalStrengthsChanged: LTE Signal Strength info: rsrp: -107 rsrq: -16 rssi: -71 rssnr: 1
08-10 23:43:15.985  5910  5910 D cellinfo: onsignalStrengthsChanged: 5G-NR Signal Strength info: ssrsrp: -89 ssrsrq: -11 sssinr: 2147483647
08-10 23:43:16.116  5910  5982 D cellinfo: 46 bytes from 44.241.174.93: icmp_seq=13657 ttl=30 time=43.3 ms
08-10 23:43:16.316  5910  5982 D cellinfo: 46 bytes from 44.241.174.93: icmp_seq=13658 ttl=30 time=42.6 ms
08-10 23:43:16.516  5910  5982 D cellinfo: 46 bytes from 44.241.174.93: icmp_seq=13659 ttl=30 time=41.9 ms
08-10 23:43:16.719  5910  5982 D cellinfo: 46 bytes from 44.241.174.93: icmp_seq=13660 ttl=30 time=44.0 ms
08-10 23:43:16.916  5910  5982 D cellinfo: 46 bytes from 44.241.174.93: icmp_seq=13661 ttl=30 time=40.4 ms
08-10 23:43:17.127  5910  5982 D cellinfo: 46 bytes from 44.241.174.93: icmp_seq=13662 ttl=30 time=50.2 ms
08-10 23:43:17.292  5910  5910 D cellinfo: Latitude is 39.7256877
08-10 23:43:17.292  5910  5910 D cellinfo: Longitude is -105.0377515
08-10 23:43:17.292  5910  5910 D cellinfo: Instantaneous GPS information: United States, 601 Newton St, Denver, CO 80204, USA
08-10 23:43:17.292  5910  5910 D cellinfo: getCurrentLocation() result: Location (success): 39.7256877, -105.0377515
08-10 23:43:17.294  5910  5910 D cellinfo: onCellInfoChanged: Operator: T-Mobile UpdateTimestamp: 20318140 CellConnectionStatus: 0
08-10 23:43:17.294  5910  5910 D cellinfo: onCellInfoChanged: LTE Cell Bands: [2] Bandwidth: 15000 Cell ID: 26689036 Physical Cell ID: 355 Tracking Area Code: 41224 EARFCN: 875
08-10 23:43:17.294  5910  5910 D cellinfo: onsignalStrengthsChanged: LTE Signal Strength info: rsrp: -107 rsrq: -16 rssi: -71 rssnr: 1
08-10 23:43:17.294  5910  5910 D cellinfo: onsignalStrengthsChanged: 5G-NR Signal Strength info: ssrsrp: -86 ssrsrq: -11 sssinr: 2147483647
08-10 23:43:17.321  5910  5982 D cellinfo: 46 bytes from 44.241.174.93: icmp_seq=13663 ttl=30 time=43.1 ms
08-10 23:43:17.521  5910  5982 D cellinfo: 46 bytes from 44.241.174.93: icmp_seq=13664 ttl=30 time=42.0 ms
08-10 23:43:17.721  5910  5982 D cellinfo: 46 bytes from 44.241.174.93: icmp_seq=13665 ttl=30 time=41.8 ms
08-10 23:43:17.919  5910  5982 D cellinfo: 46 bytes from 44.241.174.93: icmp_seq=13666 ttl=30 time=38.5 ms
08-10 23:43:18.127  5910  5982 D cellinfo: 46 bytes from 44.241.174.93: icmp_seq=13667 ttl=30 time=44.7 ms
08-10 23:43:18.216  5910  5910 D cellinfo: onsignalStrengthsChanged: LTE Signal Strength info: rsrp: -105 rsrq: -17 rssi: -69 rssnr: 0
08-10 23:43:18.216  5910  5910 D cellinfo: onsignalStrengthsChanged: 5G-NR Signal Strength info: ssrsrp: -86 ssrsrq: -11 sssinr: 2147483647
08-10 23:43:18.326  5910  5982 D cellinfo: 46 bytes from 44.241.174.93: icmp_seq=13668 ttl=30 time=43.9 ms
08-10 23:43:18.527  5910  5982 D cellinfo: 46 bytes from 44.241.174.93: icmp_seq=13669 ttl=30 time=43.2 ms
08-10 23:43:18.726  5910  5982 D cellinfo: 46 bytes from 44.241.174.93: icmp_seq=13670 ttl=30 time=41.7 ms
08-10 23:43:18.924  5910  5982 D cellinfo: 46 bytes from 44.241.174.93: icmp_seq=13671 ttl=30 time=39.1 ms
08-10 23:43:19.129  5910  5982 D cellinfo: 46 bytes from 44.241.174.93: icmp_seq=13672 ttl=30 time=42.0 ms
08-10 23:43:19.329  5910  5982 D cellinfo: 46 bytes from 44.241.174.93: icmp_seq=13673 ttl=30 time=41.6 ms
08-10 23:43:19.531  5910  5982 D cellinfo: 46 bytes from 44.241.174.93: icmp_seq=13674 ttl=30 time=43.3 ms
