--------- beginning of main
08-10 22:24:59.672 32511 32511 D cellinfo: GPS Info == 
08-10 22:24:59.672 32511 32511 D cellinfo: Network Operator == 
08-10 22:24:59.672 32511 32511 D cellinfo: User movement == Static
08-10 22:24:59.672 32511 32511 D cellinfo: isEastCoast == false
08-10 22:24:59.672 32511 32511 D cellinfo: isWestCoast == true
08-10 22:24:59.672 32511 32511 D cellinfo: isBoston == false
08-10 22:24:59.672 32511 32511 D cellinfo: Probably only country fetched. Saving only country info
08-10 22:24:59.674 32511 32565 D cellinfo: Timestamp: 1660191899
08-10 22:25:00.178 32511 32566 D cellinfo: Logging started
08-10 22:25:00.190 32511 32511 D cellinfo: onServiceStateChanged: Channel Number: -1 Cell Bandwidths: []
08-10 22:25:00.198 32511 32511 D cellinfo: onDisplayInfoChanged: NetworkType: Unknown OverrideNetworkType: None
08-10 22:25:00.678 32511 32565 D cellinfo: Ping command fired: /system/bin/ping -i 0.2 -s 38 44.241.174.93
08-10 22:25:07.990 32511 32511 D cellinfo: getCurrentLocation() result: Location (success): 40.6503759, -105.1714606
08-10 22:25:13.046 32511 32511 D cellinfo: getCurrentLocation() result: Location (success): 40.6503759, -105.1714606
08-10 22:25:18.072 32511 32511 D cellinfo: getCurrentLocation() result: Location (success): 40.6503759, -105.1714606
08-10 22:25:23.098 32511 32511 D cellinfo: getCurrentLocation() result: Location (success): 40.6503759, -105.1714606
08-10 22:25:28.122 32511 32511 D cellinfo: getCurrentLocation() result: Location (success): 40.6507419, -105.1704136
08-10 22:25:28.125 32511 32511 D cellinfo: onServiceStateChanged: Channel Number: -1 Cell Bandwidths: [10000]
08-10 22:25:28.125 32511 32511 D cellinfo: onServiceStateChanged: Channel Number: 5780 Cell Bandwidths: [10000]
08-10 22:25:28.125 32511 32511 D cellinfo: onDisplayInfoChanged: NetworkType: LTE OverrideNetworkType: None
08-10 22:25:28.125 32511 32511 D cellinfo: onServiceStateChanged: Channel Number: 5780 Cell Bandwidths: [15000]
08-10 22:25:28.125 32511 32511 D cellinfo: onServiceStateChanged: Channel Number: 66711 Cell Bandwidths: [15000]
08-10 22:25:28.126 32511 32511 D cellinfo: onServiceStateChanged: Channel Number: 684 Cell Bandwidths: []
08-10 22:25:28.126 32511 32511 D cellinfo: onDisplayInfoChanged: NetworkType: Unknown OverrideNetworkType: None
08-10 22:25:28.167 32511 32511 D cellinfo: getCurrentLocation() result: Location (success): 40.6509614, -105.1697255
08-10 22:25:28.178 32511 32511 D cellinfo: getCurrentLocation() result: Location (success): 40.6514357, -105.1684395
08-10 22:25:28.189 32511 32511 D cellinfo: getCurrentLocation() result: Location (success): 40.6518272, -105.1674476
08-10 22:25:28.200 32511 32511 D cellinfo: getCurrentLocation() result: Location (success): 40.6521937, -105.1665267
08-10 22:25:28.212 32511 32511 D cellinfo: getCurrentLocation() result: Location (success): 40.6525374, -105.165654
08-10 22:25:28.223 32511 32511 D cellinfo: getCurrentLocation() result: Location (success): 40.652874, -105.1647927
08-10 22:25:28.234 32511 32511 D cellinfo: getCurrentLocation() result: Location (success): 40.6532067, -105.1639156
08-10 22:25:35.668 32511 32511 D cellinfo: getCurrentLocation() result: Location (success): 40.6533219, -105.1636216
08-10 22:25:35.672 32511 32511 D cellinfo: onServiceStateChanged: Channel Number: 684 Cell Bandwidths: []
08-10 22:25:35.672 32511 32511 D cellinfo: onDisplayInfoChanged: NetworkType: Unknown OverrideNetworkType: None
08-10 22:25:35.715 32511 32511 D cellinfo: getCurrentLocation() result: Location (success): 40.6533219, -105.1636216
08-10 22:25:35.717 32511 32511 D cellinfo: onCellInfoChanged: Operator: T-Mobile UpdateTimestamp: 15656747 CellConnectionStatus: 0
08-10 22:25:36.701 32511 32511 D cellinfo: getCurrentLocation() result: Location (success): 40.6540812, -105.1617425
08-10 22:25:44.672 32511 32511 D cellinfo: getCurrentLocation() result: Location (success): 40.6540812, -105.1617425
08-10 22:25:44.674 32511 32511 D cellinfo: onCellInfoChanged: Operator: T-Mobile UpdateTimestamp: 15662762 CellConnectionStatus: 0
08-10 22:25:49.722 32511 32511 D cellinfo: getCurrentLocation() result: Location (success): 40.6540812, -105.1617425
08-10 22:25:49.725 32511 32511 D cellinfo: onCellInfoChanged: Operator: T-Mobile UpdateTimestamp: 15668767 CellConnectionStatus: 0
08-10 22:25:49.758 32511 32511 D cellinfo: getCurrentLocation() result: Location (success): 40.6564858, -105.1584369
08-10 22:25:49.772 32511 32511 D cellinfo: getCurrentLocation() result: Location (success): 40.6564858, -105.1584369
08-10 22:25:51.667 32511 32511 D cellinfo: getCurrentLocation() result: Location (success): 40.6566724, -105.1582127
08-10 22:25:52.741 32511 32511 D cellinfo: onCellInfoChanged: Operator: T-Mobile UpdateTimestamp: 15673775 CellConnectionStatus: 0
08-10 22:25:59.672 32511 32511 D cellinfo: getCurrentLocation() result: Location (success): 40.6566724, -105.1582127
08-10 22:26:04.708 32511 32511 D cellinfo: getCurrentLocation() result: Location (success): 40.6566724, -105.1582127
08-10 22:26:04.709 32511 32511 D cellinfo: onCellInfoChanged: Operator: T-Mobile UpdateTimestamp: 15680744 CellConnectionStatus: 0
08-10 22:26:04.709 32511 32511 D cellinfo: onServiceStateChanged: Channel Number: 0 Cell Bandwidths: []
08-10 22:26:04.721 32511 32511 D cellinfo: onCellInfoChanged: Operator: 000000 UpdateTimestamp: 15685747 CellConnectionStatus: 0
08-10 22:26:09.753 32511 32511 D cellinfo: getCurrentLocation() result: Location (success): 40.6584928, -105.1548524
08-10 22:26:14.782 32511 32511 D cellinfo: getCurrentLocation() result: Location (success): 40.6587326, -105.1542923
08-10 22:26:14.788 32511 32511 D cellinfo: onServiceStateChanged: Channel Number: -1 Cell Bandwidths: []
08-10 22:26:14.788 32511 32511 D cellinfo: onDisplayInfoChanged: NetworkType: Unknown OverrideNetworkType: None
08-10 22:26:14.789 32511 32511 D cellinfo: onServiceStateChanged: Channel Number: -1 Cell Bandwidths: [10000]
08-10 22:26:14.789 32511 32511 D cellinfo: onServiceStateChanged: Channel Number: 66886 Cell Bandwidths: []
08-10 22:26:14.789 32511 32511 D cellinfo: onDisplayInfoChanged: NetworkType: LTE OverrideNetworkType: None
08-10 22:26:14.829 32511 32511 D cellinfo: getCurrentLocation() result: Location (success): 40.6588591, -105.1539413
08-10 22:26:14.851 32511 32511 D cellinfo: getCurrentLocation() result: Location (success): 40.6591755, -105.1521266
08-10 22:26:14.865 32511 32511 D cellinfo: getCurrentLocation() result: Location (success): 40.6592349, -105.1509322
08-10 22:26:15.673 32511 32511 D cellinfo: getCurrentLocation() result: Location (success): 40.6591991, -105.1501799
08-10 22:26:23.673 32511 32511 D cellinfo: getCurrentLocation() result: Location (success): 40.6591991, -105.1501799
08-10 22:26:28.725 32511 32511 D cellinfo: getCurrentLocation() result: Location (success): 40.6591991, -105.1501799
08-10 22:26:33.773 32511 32511 D cellinfo: getCurrentLocation() result: Location (success): 40.6584894, -105.1470769
08-10 22:26:38.808 32511 32511 D cellinfo: getCurrentLocation() result: Location (success): 40.657851, -105.1458464
08-10 22:26:38.848 32511 32511 D cellinfo: getCurrentLocation() result: Location (success): 40.657694, -105.1455229
08-10 22:26:38.859 32511 32511 D cellinfo: getCurrentLocation() result: Location (success): 40.6567209, -105.1442381
08-10 22:26:38.871 32511 32511 D cellinfo: getCurrentLocation() result: Location (success): 40.656026, -105.143556
08-10 22:26:39.669 32511 32511 D cellinfo: getCurrentLocation() result: Location (success): 40.6555421, -105.1431875
08-10 22:26:47.105 32511 32565 D cellinfo: PING 44.241.174.93 (44.241.174.93) 38(66) bytes of data.
08-10 22:26:47.105 32511 32565 D cellinfo: 46 bytes from 44.241.174.93: icmp_seq=524 ttl=44 time=70.4 ms
08-10 22:26:47.311 32511 32565 D cellinfo: 46 bytes from 44.241.174.93: icmp_seq=525 ttl=44 time=76.2 ms
08-10 22:26:47.511 32511 32565 D cellinfo: 46 bytes from 44.241.174.93: icmp_seq=526 ttl=44 time=74.2 ms
08-10 22:26:47.667 32511 32511 D cellinfo: getCurrentLocation() result: Location (success): 40.6555421, -105.1431875
08-10 22:26:47.670 32511 32511 D cellinfo: onServiceStateChanged: Channel Number: 66886 Cell Bandwidths: [10000]
08-10 22:26:47.670 32511 32511 D cellinfo: onServiceStateChanged: Channel Number: 66886 Cell Bandwidths: [10000]
08-10 22:26:47.671 32511 32511 D cellinfo: onDisplayInfoChanged: NetworkType: LTE OverrideNetworkType: 5G (Sub-6 GHz)
08-10 22:26:47.671 32511 32511 D cellinfo: onsignalStrengthsChanged: LTE Signal Strength info: rsrp: -104 rsrq: -10 rssi: -79 rssnr: 13
08-10 22:26:47.672 32511 32511 D cellinfo: onServiceStateChanged: Channel Number: 66886 Cell Bandwidths: [10000]
08-10 22:26:47.672 32511 32511 D cellinfo: onCellInfoChanged: Operator: T-Mobile UpdateTimestamp: 15726783 CellConnectionStatus: 0
08-10 22:26:47.672 32511 32511 D cellinfo: onCellInfoChanged: LTE Cell Bands: [66] Bandwidth: 10000 Cell ID: 6884895 Physical Cell ID: 339 Tracking Area Code: 41465 EARFCN: 66886
08-10 22:26:47.672 32511 32511 D cellinfo: onDisplayInfoChanged: NetworkType: Unknown OverrideNetworkType: None
08-10 22:26:47.672 32511 32511 D cellinfo: onServiceStateChanged: Channel Number: 66886 Cell Bandwidths: [10000]
08-10 22:26:47.672 32511 32511 D cellinfo: onServiceStateChanged: Channel Number: 66886 Cell Bandwidths: [10000]
08-10 22:26:47.673 32511 32511 D cellinfo: onDisplayInfoChanged: NetworkType: LTE OverrideNetworkType: 5G (Sub-6 GHz)
08-10 22:26:47.710 32511 32565 D cellinfo: 46 bytes from 44.241.174.93: icmp_seq=527 ttl=44 time=72.3 ms
08-10 22:26:47.713 32511 32511 D cellinfo: getCurrentLocation() result: Location (success): 40.6555421, -105.1431875
08-10 22:26:47.910 32511 32565 D cellinfo: 46 bytes from 44.241.174.93: icmp_seq=528 ttl=44 time=71.4 ms
08-10 22:26:48.110 32511 32565 D cellinfo: 46 bytes from 44.241.174.93: icmp_seq=529 ttl=44 time=70.1 ms
08-10 22:26:48.310 32511 32565 D cellinfo: 46 bytes from 44.241.174.93: icmp_seq=530 ttl=44 time=69.5 ms
08-10 22:26:48.509 32511 32565 D cellinfo: 46 bytes from 44.241.174.93: icmp_seq=531 ttl=44 time=67.7 ms
08-10 22:26:48.684 32511 32511 D cellinfo: getCurrentLocation() result: Location (success): 40.6532461, -105.1419316
08-10 22:26:48.709 32511 32565 D cellinfo: 46 bytes from 44.241.174.93: icmp_seq=532 ttl=44 time=67.5 ms
08-10 22:26:48.717 32511 32511 D cellinfo: onCellInfoChanged: Operator: T-Mobile UpdateTimestamp: 15729749 CellConnectionStatus: 0
08-10 22:26:48.717 32511 32511 D cellinfo: onCellInfoChanged: LTE Cell Bands: [66] Bandwidth: 10000 Cell ID: 6884895 Physical Cell ID: 339 Tracking Area Code: 41465 EARFCN: 66886
08-10 22:26:48.910 32511 32565 D cellinfo: 46 bytes from 44.241.174.93: icmp_seq=533 ttl=44 time=66.1 ms
08-10 22:26:48.993 32511 32511 D cellinfo: onsignalStrengthsChanged: LTE Signal Strength info: rsrp: -105 rsrq: -12 rssi: -83 rssnr: 10
08-10 22:26:48.993 32511 32511 D cellinfo: onsignalStrengthsChanged: 5G-NR Signal Strength info: ssrsrp: -102 ssrsrq: -13 sssinr: 2147483647
08-10 22:26:49.109 32511 32565 D cellinfo: 46 bytes from 44.241.174.93: icmp_seq=534 ttl=44 time=65.2 ms
08-10 22:26:49.310 32511 32565 D cellinfo: 46 bytes from 44.241.174.93: icmp_seq=535 ttl=44 time=64.5 ms
08-10 22:26:49.509 32511 32565 D cellinfo: 46 bytes from 44.241.174.93: icmp_seq=536 ttl=44 time=64.1 ms
08-10 22:26:49.709 32511 32565 D cellinfo: 46 bytes from 44.241.174.93: icmp_seq=537 ttl=44 time=63.0 ms
08-10 22:26:49.909 32511 32565 D cellinfo: 46 bytes from 44.241.174.93: icmp_seq=538 ttl=44 time=62.2 ms
08-10 22:26:50.109 32511 32565 D cellinfo: 46 bytes from 44.241.174.93: icmp_seq=539 ttl=44 time=61.7 ms
08-10 22:26:50.316 32511 32565 D cellinfo: 46 bytes from 44.241.174.93: icmp_seq=540 ttl=44 time=67.9 ms
08-10 22:26:50.510 32511 32565 D cellinfo: 46 bytes from 44.241.174.93: icmp_seq=541 ttl=44 time=60.5 ms
08-10 22:26:50.710 32511 32565 D cellinfo: 46 bytes from 44.241.174.93: icmp_seq=542 ttl=44 time=60.3 ms
08-10 22:26:50.851 32511 32511 D cellinfo: onsignalStrengthsChanged: LTE Signal Strength info: rsrp: -110 rsrq: -16 rssi: -79 rssnr: 5
08-10 22:26:50.851 32511 32511 D cellinfo: onsignalStrengthsChanged: 5G-NR Signal Strength info: ssrsrp: -102 ssrsrq: -13 sssinr: 2147483647
08-10 22:26:50.909 32511 32565 D cellinfo: 46 bytes from 44.241.174.93: icmp_seq=543 ttl=44 time=59.0 ms
08-10 22:26:51.109 32511 32565 D cellinfo: 46 bytes from 44.241.174.93: icmp_seq=544 ttl=44 time=58.6 ms
08-10 22:26:51.309 32511 32565 D cellinfo: 46 bytes from 44.241.174.93: icmp_seq=545 ttl=44 time=58.3 ms
08-10 22:26:51.509 32511 32565 D cellinfo: 46 bytes from 44.241.174.93: icmp_seq=546 ttl=44 time=57.2 ms
08-10 22:26:51.710 32511 32565 D cellinfo: 46 bytes from 44.241.174.93: icmp_seq=547 ttl=44 time=57.2 ms
08-10 22:26:51.917 32511 32565 D cellinfo: 46 bytes from 44.241.174.93: icmp_seq=548 ttl=44 time=62.9 ms
08-10 22:26:52.037 32511 32511 D cellinfo: Latitude is 40.6528901
08-10 22:26:52.037 32511 32511 D cellinfo: Longitude is -105.1417881
08-10 22:26:52.037 32511 32511 D cellinfo: Instantaneous GPS information: United States, 4266-4432 CO-14, Laporte, CO 80535, USA
08-10 22:26:52.037 32511 32511 D cellinfo: getCurrentLocation() result: Location (success): 40.6528901, -105.1417881
08-10 22:26:52.040 32511 32511 D cellinfo: onCellInfoChanged: Operator: T-Mobile UpdateTimestamp: 15732725 CellConnectionStatus: 0
08-10 22:26:52.040 32511 32511 D cellinfo: onCellInfoChanged: LTE Cell Bands: [66] Bandwidth: 10000 Cell ID: 6884895 Physical Cell ID: 339 Tracking Area Code: 41465 EARFCN: 66886
08-10 22:26:52.041 32511 32511 D cellinfo: onsignalStrengthsChanged: LTE Signal Strength info: rsrp: -110 rsrq: -16 rssi: -79 rssnr: 5
08-10 22:26:52.041 32511 32511 D cellinfo: onsignalStrengthsChanged: 5G-NR Signal Strength info: ssrsrp: -103 ssrsrq: -11 sssinr: 2147483647
08-10 22:26:52.117 32511 32565 D cellinfo: 46 bytes from 44.241.174.93: icmp_seq=549 ttl=44 time=62.3 ms
08-10 22:26:52.317 32511 32565 D cellinfo: 46 bytes from 44.241.174.93: icmp_seq=550 ttl=44 time=60.8 ms
08-10 22:26:52.516 32511 32565 D cellinfo: 46 bytes from 44.241.174.93: icmp_seq=551 ttl=44 time=59.9 ms
08-10 22:26:52.715 32511 32565 D cellinfo: 46 bytes from 44.241.174.93: icmp_seq=552 ttl=44 time=58.6 ms
08-10 22:26:52.915 32511 32565 D cellinfo: 46 bytes from 44.241.174.93: icmp_seq=553 ttl=44 time=58.1 ms
08-10 22:26:53.116 32511 32565 D cellinfo: 46 bytes from 44.241.174.93: icmp_seq=554 ttl=44 time=58.4 ms
08-10 22:26:53.309 32511 32565 D cellinfo: 46 bytes from 44.241.174.93: icmp_seq=555 ttl=44 time=50.3 ms
08-10 22:26:53.511 32511 32565 D cellinfo: 46 bytes from 44.241.174.93: icmp_seq=556 ttl=44 time=51.2 ms
08-10 22:26:53.714 32511 32565 D cellinfo: 46 bytes from 44.241.174.93: icmp_seq=557 ttl=44 time=52.9 ms
08-10 22:26:53.909 32511 32565 D cellinfo: 46 bytes from 44.241.174.93: icmp_seq=558 ttl=44 time=47.6 ms
08-10 22:26:54.109 32511 32565 D cellinfo: 46 bytes from 44.241.174.93: icmp_seq=559 ttl=44 time=47.2 ms
08-10 22:26:54.316 32511 32565 D cellinfo: 46 bytes from 44.241.174.93: icmp_seq=560 ttl=44 time=53.3 ms
08-10 22:26:54.515 32511 32565 D cellinfo: 46 bytes from 44.241.174.93: icmp_seq=561 ttl=44 time=51.3 ms
08-10 22:26:54.719 32511 32565 D cellinfo: 46 bytes from 44.241.174.93: icmp_seq=562 ttl=44 time=53.3 ms
08-10 22:26:54.951 32511 32565 D cellinfo: 46 bytes from 44.241.174.93: icmp_seq=563 ttl=44 time=84.1 ms
08-10 22:26:55.076 32511 32511 D cellinfo: Latitude is 40.6523324
08-10 22:26:55.076 32511 32511 D cellinfo: Longitude is -105.1415631
08-10 22:26:55.076 32511 32511 D cellinfo: Instantaneous GPS information: United States, 4266-4432 CO-14, Laporte, CO 80535, USA
08-10 22:26:55.076 32511 32511 D cellinfo: getCurrentLocation() result: Location (success): 40.6523324, -105.1415631
08-10 22:26:55.079 32511 32511 D cellinfo: onCellInfoChanged: Operator: T-Mobile UpdateTimestamp: 15735749 CellConnectionStatus: 0
08-10 22:26:55.080 32511 32511 D cellinfo: onCellInfoChanged: LTE Cell Bands: [66] Bandwidth: 10000 Cell ID: 6884895 Physical Cell ID: 339 Tracking Area Code: 41465 EARFCN: 66886
08-10 22:26:55.080 32511 32511 D cellinfo: onsignalStrengthsChanged: LTE Signal Strength info: rsrp: -110 rsrq: -16 rssi: -79 rssnr: 5
08-10 22:26:55.080 32511 32511 D cellinfo: onsignalStrengthsChanged: 5G-NR Signal Strength info: ssrsrp: -110 ssrsrq: -11 sssinr: 2147483647
08-10 22:26:55.116 32511 32565 D cellinfo: 46 bytes from 44.241.174.93: icmp_seq=564 ttl=44 time=47.7 ms
08-10 22:26:55.325 32511 32511 D cellinfo: onsignalStrengthsChanged: LTE Signal Strength info: rsrp: -113 rsrq: -13 rssi: -83 rssnr: 0
08-10 22:26:55.325 32511 32511 D cellinfo: onsignalStrengthsChanged: 5G-NR Signal Strength info: ssrsrp: -110 ssrsrq: -11 sssinr: 2147483647
08-10 22:26:55.349 32511 32565 D cellinfo: 46 bytes from 44.241.174.93: icmp_seq=565 ttl=44 time=81.2 ms
08-10 22:26:55.520 32511 32565 D cellinfo: 46 bytes from 44.241.174.93: icmp_seq=566 ttl=44 time=50.3 ms
08-10 22:26:55.750 32511 32565 D cellinfo: 46 bytes from 44.241.174.93: icmp_seq=567 ttl=44 time=79.0 ms
08-10 22:26:55.926 32511 32565 D cellinfo: 46 bytes from 44.241.174.93: icmp_seq=568 ttl=44 time=54.2 ms
08-10 22:26:56.116 32511 32565 D cellinfo: 46 bytes from 44.241.174.93: icmp_seq=569 ttl=44 time=43.8 ms
08-10 22:26:56.349 32511 32565 D cellinfo: 46 bytes from 44.241.174.93: icmp_seq=570 ttl=44 time=76.2 ms
08-10 22:26:56.550 32511 32565 D cellinfo: 46 bytes from 44.241.174.93: icmp_seq=571 ttl=44 time=75.6 ms
08-10 22:26:56.750 32511 32565 D cellinfo: 46 bytes from 44.241.174.93: icmp_seq=572 ttl=44 time=75.2 ms
08-10 22:26:56.950 32511 32565 D cellinfo: 46 bytes from 44.241.174.93: icmp_seq=573 ttl=44 time=74.2 ms
08-10 22:26:57.149 32511 32565 D cellinfo: 46 bytes from 44.241.174.93: icmp_seq=574 ttl=44 time=73.2 ms
08-10 22:26:57.350 32511 32565 D cellinfo: 46 bytes from 44.241.174.93: icmp_seq=575 ttl=44 time=72.3 ms
08-10 22:26:57.550 32511 32565 D cellinfo: 46 bytes from 44.241.174.93: icmp_seq=576 ttl=44 time=71.3 ms
08-10 22:26:57.570 32511 32511 D cellinfo: onsignalStrengthsChanged: LTE Signal Strength info: rsrp: -110 rsrq: -14 rssi: -81 rssnr: 1
08-10 22:26:57.570 32511 32511 D cellinfo: onsignalStrengthsChanged: 5G-NR Signal Strength info: ssrsrp: -110 ssrsrq: -11 sssinr: 2147483647
08-10 22:26:57.750 32511 32565 D cellinfo: 46 bytes from 44.241.174.93: icmp_seq=577 ttl=44 time=70.2 ms
08-10 22:26:57.950 32511 32565 D cellinfo: 46 bytes from 44.241.174.93: icmp_seq=578 ttl=44 time=69.2 ms
08-10 22:26:58.036 32511 32511 D cellinfo: Latitude is 40.6521015
08-10 22:26:58.036 32511 32511 D cellinfo: Longitude is -105.1414698
08-10 22:26:58.036 32511 32511 D cellinfo: Instantaneous GPS information: United States, 4266-4432 CO-14, Laporte, CO 80535, USA
08-10 22:26:58.036 32511 32511 D cellinfo: getCurrentLocation() result: Location (success): 40.6521015, -105.1414698
08-10 22:26:58.038 32511 32511 D cellinfo: onCellInfoChanged: Operator: T-Mobile UpdateTimestamp: 15738737 CellConnectionStatus: 0
08-10 22:26:58.038 32511 32511 D cellinfo: onCellInfoChanged: LTE Cell Bands: [66] Bandwidth: 10000 Cell ID: 6884895 Physical Cell ID: 339 Tracking Area Code: 41465 EARFCN: 66886
08-10 22:26:58.039 32511 32511 D cellinfo: onsignalStrengthsChanged: LTE Signal Strength info: rsrp: -110 rsrq: -14 rssi: -81 rssnr: 1
08-10 22:26:58.039 32511 32511 D cellinfo: onsignalStrengthsChanged: 5G-NR Signal Strength info: ssrsrp: -107 ssrsrq: -11 sssinr: 2147483647
08-10 22:26:58.149 32511 32565 D cellinfo: 46 bytes from 44.241.174.93: icmp_seq=579 ttl=44 time=67.4 ms
08-10 22:26:58.334 32511 32565 D cellinfo: 46 bytes from 44.241.174.93: icmp_seq=580 ttl=44 time=51.2 ms
08-10 22:26:58.550 32511 32565 D cellinfo: 46 bytes from 44.241.174.93: icmp_seq=581 ttl=44 time=66.2 ms
08-10 22:26:58.750 32511 32565 D cellinfo: 46 bytes from 44.241.174.93: icmp_seq=582 ttl=44 time=65.6 ms
08-10 22:26:58.949 32511 32565 D cellinfo: 46 bytes from 44.241.174.93: icmp_seq=583 ttl=44 time=64.7 ms
08-10 22:26:59.149 32511 32565 D cellinfo: 46 bytes from 44.241.174.93: icmp_seq=584 ttl=44 time=64.4 ms
08-10 22:26:59.350 32511 32565 D cellinfo: 46 bytes from 44.241.174.93: icmp_seq=585 ttl=44 time=63.6 ms
08-10 22:26:59.550 32511 32565 D cellinfo: 46 bytes from 44.241.174.93: icmp_seq=586 ttl=44 time=62.3 ms
08-10 22:26:59.749 32511 32565 D cellinfo: 46 bytes from 44.241.174.93: icmp_seq=587 ttl=44 time=60.8 ms
08-10 22:26:59.809 32511 32511 D cellinfo: onsignalStrengthsChanged: LTE Signal Strength info: rsrp: -105 rsrq: -11 rssi: -77 rssnr: 11
08-10 22:26:59.810 32511 32511 D cellinfo: onsignalStrengthsChanged: 5G-NR Signal Strength info: ssrsrp: -107 ssrsrq: -11 sssinr: 2147483647
08-10 22:26:59.951 32511 32565 D cellinfo: 46 bytes from 44.241.174.93: icmp_seq=588 ttl=44 time=61.6 ms
08-10 22:27:00.151 32511 32565 D cellinfo: 46 bytes from 44.241.174.93: icmp_seq=589 ttl=44 time=61.5 ms
08-10 22:27:00.350 32511 32565 D cellinfo: 46 bytes from 44.241.174.93: icmp_seq=590 ttl=44 time=58.8 ms
08-10 22:27:00.550 32511 32565 D cellinfo: 46 bytes from 44.241.174.93: icmp_seq=591 ttl=44 time=58.1 ms
08-10 22:27:00.693 32511 32511 D cellinfo: onCellInfoChanged: Operator: T-Mobile UpdateTimestamp: 15741726 CellConnectionStatus: 0
08-10 22:27:00.693 32511 32511 D cellinfo: onCellInfoChanged: LTE Cell Bands: [66] Bandwidth: 10000 Cell ID: 6884895 Physical Cell ID: 339 Tracking Area Code: 41465 EARFCN: 66886
08-10 22:27:00.749 32511 32565 D cellinfo: 46 bytes from 44.241.174.93: icmp_seq=592 ttl=44 time=57.0 ms
08-10 22:27:00.950 32511 32565 D cellinfo: 46 bytes from 44.241.174.93: icmp_seq=593 ttl=44 time=57.1 ms
08-10 22:27:00.990 32511 32511 D cellinfo: onsignalStrengthsChanged: LTE Signal Strength info: rsrp: -105 rsrq: -11 rssi: -77 rssnr: 11
08-10 22:27:00.990 32511 32511 D cellinfo: onsignalStrengthsChanged: 5G-NR Signal Strength info: ssrsrp: -101 ssrsrq: -11 sssinr: 2147483647
08-10 22:27:01.149 32511 32565 D cellinfo: 46 bytes from 44.241.174.93: icmp_seq=594 ttl=44 time=55.8 ms
08-10 22:27:01.355 32511 32565 D cellinfo: 46 bytes from 44.241.174.93: icmp_seq=595 ttl=44 time=61.1 ms
08-10 22:27:01.550 32511 32565 D cellinfo: 46 bytes from 44.241.174.93: icmp_seq=596 ttl=44 time=55.0 ms
08-10 22:27:01.759 32511 32565 D cellinfo: 46 bytes from 44.241.174.93: icmp_seq=597 ttl=44 time=63.4 ms
08-10 22:27:01.950 32511 32565 D cellinfo: 46 bytes from 44.241.174.93: icmp_seq=598 ttl=44 time=52.4 ms
08-10 22:27:02.115 32511 32511 D cellinfo: Latitude is 40.6494915
08-10 22:27:02.115 32511 32511 D cellinfo: Longitude is -105.1407164
08-10 22:27:02.115 32511 32511 D cellinfo: Instantaneous GPS information: United States, US-287, Laporte, CO 80535, USA
08-10 22:27:02.115 32511 32511 D cellinfo: getCurrentLocation() result: Location (success): 40.6494915, -105.1407164
08-10 22:27:02.156 32511 32565 D cellinfo: 46 bytes from 44.241.174.93: icmp_seq=599 ttl=44 time=57.0 ms
08-10 22:27:02.357 32511 32565 D cellinfo: 46 bytes from 44.241.174.93: icmp_seq=600 ttl=44 time=57.3 ms
08-10 22:27:02.555 32511 32565 D cellinfo: 46 bytes from 44.241.174.93: icmp_seq=601 ttl=44 time=54.1 ms
08-10 22:27:02.758 32511 32565 D cellinfo: 46 bytes from 44.241.174.93: icmp_seq=602 ttl=44 time=55.7 ms
08-10 22:27:02.954 32511 32565 D cellinfo: 46 bytes from 44.241.174.93: icmp_seq=603 ttl=44 time=51.7 ms
08-10 22:27:03.151 32511 32565 D cellinfo: 46 bytes from 44.241.174.93: icmp_seq=604 ttl=44 time=48.0 ms
08-10 22:27:03.357 32511 32565 D cellinfo: 46 bytes from 44.241.174.93: icmp_seq=605 ttl=44 time=53.4 ms
08-10 22:27:03.590 32511 32565 D cellinfo: 46 bytes from 44.241.174.93: icmp_seq=606 ttl=44 time=84.9 ms
08-10 22:27:03.664 32511 32511 D cellinfo: Latitude is 40.6494915
08-10 22:27:03.664 32511 32511 D cellinfo: Longitude is -105.1407164
08-10 22:27:03.664 32511 32511 D cellinfo: Instantaneous GPS information: United States, US-287, Laporte, CO 80535, USA
08-10 22:27:03.664 32511 32511 D cellinfo: getCurrentLocation() result: Location (success): 40.6494915, -105.1407164
08-10 22:27:03.705 32511 32511 D cellinfo: onCellInfoChanged: Operator: T-Mobile UpdateTimestamp: 15744739 CellConnectionStatus: 0
08-10 22:27:03.705 32511 32511 D cellinfo: onCellInfoChanged: LTE Cell Bands: [66] Bandwidth: 10000 Cell ID: 6884895 Physical Cell ID: 339 Tracking Area Code: 41465 EARFCN: 66886
08-10 22:27:03.756 32511 32565 D cellinfo: 46 bytes from 44.241.174.93: icmp_seq=607 ttl=44 time=51.1 ms
08-10 22:27:03.985 32511 32511 D cellinfo: onsignalStrengthsChanged: LTE Signal Strength info: rsrp: -105 rsrq: -11 rssi: -77 rssnr: 11
08-10 22:27:03.985 32511 32511 D cellinfo: onsignalStrengthsChanged: 5G-NR Signal Strength info: ssrsrp: -104 ssrsrq: -11 sssinr: 2147483647
08-10 22:27:04.287 32511 32511 D cellinfo: onsignalStrengthsChanged: LTE Signal Strength info: rsrp: -114 rsrq: -13 rssi: -79 rssnr: 0
08-10 22:27:04.287 32511 32511 D cellinfo: onsignalStrengthsChanged: 5G-NR Signal Strength info: ssrsrp: -104 ssrsrq: -11 sssinr: 2147483647
08-10 22:27:04.470 32511 32565 D cellinfo: 46 bytes from 44.241.174.93: icmp_seq=609 ttl=44 time=360 ms
08-10 22:27:04.470 32511 32565 D cellinfo: 46 bytes from 44.241.174.93: icmp_seq=610 ttl=44 time=157 ms
08-10 22:27:04.590 32511 32565 D cellinfo: 46 bytes from 44.241.174.93: icmp_seq=611 ttl=44 time=77.2 ms
08-10 22:27:04.795 32511 32565 D cellinfo: 46 bytes from 44.241.174.93: icmp_seq=612 ttl=44 time=82.0 ms
08-10 22:27:04.996 32511 32565 D cellinfo: 46 bytes from 44.241.174.93: icmp_seq=613 ttl=44 time=81.9 ms
08-10 22:27:05.189 32511 32565 D cellinfo: 46 bytes from 44.241.174.93: icmp_seq=614 ttl=44 time=74.3 ms
08-10 22:27:05.389 32511 32565 D cellinfo: 46 bytes from 44.241.174.93: icmp_seq=615 ttl=44 time=73.3 ms
08-10 22:27:05.589 32511 32565 D cellinfo: 46 bytes from 44.241.174.93: icmp_seq=616 ttl=44 time=72.2 ms
08-10 22:27:05.789 32511 32565 D cellinfo: 46 bytes from 44.241.174.93: icmp_seq=617 ttl=44 time=71.3 ms
08-10 22:27:05.991 32511 32565 D cellinfo: 46 bytes from 44.241.174.93: icmp_seq=618 ttl=44 time=70.4 ms
08-10 22:27:06.189 32511 32565 D cellinfo: 46 bytes from 44.241.174.93: icmp_seq=619 ttl=44 time=69.2 ms
08-10 22:27:06.389 32511 32565 D cellinfo: 46 bytes from 44.241.174.93: icmp_seq=620 ttl=44 time=68.2 ms
08-10 22:27:06.529 32511 32511 D cellinfo: onsignalStrengthsChanged: LTE Signal Strength info: rsrp: -118 rsrq: -18 rssi: -85 rssnr: -3
08-10 22:27:06.529 32511 32511 D cellinfo: onsignalStrengthsChanged: 5G-NR Signal Strength info: ssrsrp: -104 ssrsrq: -11 sssinr: 2147483647
08-10 22:27:06.590 32511 32565 D cellinfo: 46 bytes from 44.241.174.93: icmp_seq=621 ttl=44 time=68.1 ms
08-10 22:27:06.790 32511 32565 D cellinfo: 46 bytes from 44.241.174.93: icmp_seq=622 ttl=44 time=67.1 ms
08-10 22:27:06.990 32511 32565 D cellinfo: 46 bytes from 44.241.174.93: icmp_seq=623 ttl=44 time=65.8 ms
08-10 22:27:07.006 32511 32511 D cellinfo: Latitude is 40.6490987
08-10 22:27:07.006 32511 32511 D cellinfo: Longitude is -105.140548
08-10 22:27:07.006 32511 32511 D cellinfo: Instantaneous GPS information: United States, US-287, Laporte, CO 80535, USA
08-10 22:27:07.006 32511 32511 D cellinfo: getCurrentLocation() result: Location (success): 40.6490987, -105.140548
08-10 22:27:07.009 32511 32511 D cellinfo: onCellInfoChanged: Operator: T-Mobile UpdateTimestamp: 15747749 CellConnectionStatus: 0
08-10 22:27:07.009 32511 32511 D cellinfo: onCellInfoChanged: LTE Cell Bands: [66] Bandwidth: 10000 Cell ID: 6884895 Physical Cell ID: 339 Tracking Area Code: 41465 EARFCN: 66886
08-10 22:27:07.010 32511 32511 D cellinfo: onsignalStrengthsChanged: LTE Signal Strength info: rsrp: -118 rsrq: -18 rssi: -85 rssnr: -3
08-10 22:27:07.010 32511 32511 D cellinfo: onsignalStrengthsChanged: 5G-NR Signal Strength info: ssrsrp: -111 ssrsrq: -13 sssinr: 39
08-10 22:27:07.189 32511 32565 D cellinfo: 46 bytes from 44.241.174.93: icmp_seq=624 ttl=44 time=65.2 ms
08-10 22:27:07.393 32511 32565 D cellinfo: 46 bytes from 44.241.174.93: icmp_seq=625 ttl=44 time=68.6 ms
08-10 22:27:07.589 32511 32565 D cellinfo: 46 bytes from 44.241.174.93: icmp_seq=626 ttl=44 time=63.0 ms
08-10 22:27:07.789 32511 32565 D cellinfo: 46 bytes from 44.241.174.93: icmp_seq=627 ttl=44 time=62.4 ms
08-10 22:27:07.989 32511 32565 D cellinfo: 46 bytes from 44.241.174.93: icmp_seq=628 ttl=44 time=61.5 ms
08-10 22:27:08.190 32511 32565 D cellinfo: 46 bytes from 44.241.174.93: icmp_seq=629 ttl=44 time=60.3 ms
08-10 22:27:08.390 32511 32565 D cellinfo: 46 bytes from 44.241.174.93: icmp_seq=630 ttl=44 time=59.0 ms
08-10 22:27:08.589 32511 32565 D cellinfo: 46 bytes from 44.241.174.93: icmp_seq=631 ttl=44 time=58.2 ms
08-10 22:27:08.769 32511 32511 D cellinfo: onsignalStrengthsChanged: LTE Signal Strength info: rsrp: -115 rsrq: -15 rssi: -85 rssnr: 0
08-10 22:27:08.769 32511 32511 D cellinfo: onsignalStrengthsChanged: 5G-NR Signal Strength info: ssrsrp: -111 ssrsrq: -13 sssinr: 39
08-10 22:27:08.797 32511 32565 D cellinfo: 46 bytes from 44.241.174.93: icmp_seq=632 ttl=44 time=64.4 ms
08-10 22:27:08.996 32511 32565 D cellinfo: 46 bytes from 44.241.174.93: icmp_seq=633 ttl=44 time=62.0 ms
08-10 22:27:09.197 32511 32565 D cellinfo: 46 bytes from 44.241.174.93: icmp_seq=634 ttl=44 time=62.2 ms
08-10 22:27:09.397 32511 32565 D cellinfo: 46 bytes from 44.241.174.93: icmp_seq=635 ttl=44 time=61.6 ms
08-10 22:27:09.852 32511 32565 D cellinfo: 46 bytes from 44.241.174.93: icmp_seq=636 ttl=44 time=315 ms
08-10 22:27:10.184 32511 32565 D cellinfo: 46 bytes from 44.241.174.93: icmp_seq=637 ttl=44 time=445 ms
08-10 22:27:12.035 32511 32565 D cellinfo: 46 bytes from 44.241.174.93: icmp_seq=644 ttl=44 time=878 ms
08-10 22:27:12.036 32511 32565 D cellinfo: 46 bytes from 44.241.174.93: icmp_seq=645 ttl=44 time=676 ms
08-10 22:27:12.037 32511 32565 D cellinfo: 46 bytes from 44.241.174.93: icmp_seq=646 ttl=44 time=473 ms
08-10 22:27:12.038 32511 32565 D cellinfo: 46 bytes from 44.241.174.93: icmp_seq=647 ttl=44 time=272 ms
08-10 22:27:12.075 32511 32565 D cellinfo: 46 bytes from 44.241.174.93: icmp_seq=648 ttl=44 time=105 ms
08-10 22:27:12.355 32511 32565 D cellinfo: 46 bytes from 44.241.174.93: icmp_seq=649 ttl=44 time=185 ms
08-10 22:27:12.443 32511 32565 D cellinfo: 46 bytes from 44.241.174.93: icmp_seq=650 ttl=44 time=72.6 ms
08-10 22:27:12.448 32511 32511 D cellinfo: Latitude is 40.6485618
08-10 22:27:12.449 32511 32511 D cellinfo: Longitude is -105.1403173
08-10 22:27:12.449 32511 32511 D cellinfo: Instantaneous GPS information: United States, US-287, Laporte, CO 80535, USA
08-10 22:27:12.449 32511 32511 D cellinfo: getCurrentLocation() result: Location (success): 40.6485618, -105.1403173
08-10 22:27:12.452 32511 32511 D cellinfo: onCellInfoChanged: Operator: 000000 UpdateTimestamp: 15750731 CellConnectionStatus: 0
08-10 22:27:12.452 32511 32511 D cellinfo: onCellInfoChanged: LTE Cell Bands: [66] Bandwidth: 10000 Cell ID: 2147483647 Physical Cell ID: 90 Tracking Area Code: 65535 EARFCN: 66886
08-10 22:27:12.453 32511 32511 D cellinfo: onServiceStateChanged: Channel Number: 66886 Cell Bandwidths: [10000]
08-10 22:27:12.454 32511 32511 D cellinfo: onsignalStrengthsChanged: LTE Signal Strength info: rsrp: -115 rsrq: -15 rssi: -85 rssnr: 0
08-10 22:27:12.454 32511 32511 D cellinfo: onsignalStrengthsChanged: 5G-NR Signal Strength info: ssrsrp: -113 ssrsrq: -15 sssinr: 20
08-10 22:27:12.454 32511 32511 D cellinfo: onsignalStrengthsChanged: LTE Signal Strength info: rsrp: -117 rsrq: -15 rssi: -81 rssnr: -2
08-10 22:27:12.454 32511 32511 D cellinfo: onsignalStrengthsChanged: 5G-NR Signal Strength info: ssrsrp: -113 ssrsrq: -15 sssinr: 20
08-10 22:27:12.633 32511 32565 D cellinfo: 46 bytes from 44.241.174.93: icmp_seq=651 ttl=44 time=63.2 ms
08-10 22:27:12.661 32511 32511 D cellinfo: Latitude is 40.6485618
08-10 22:27:12.661 32511 32511 D cellinfo: Longitude is -105.1403173
08-10 22:27:12.661 32511 32511 D cellinfo: Instantaneous GPS information: United States, US-287, Laporte, CO 80535, USA
08-10 22:27:12.661 32511 32511 D cellinfo: getCurrentLocation() result: Location (success): 40.6485618, -105.1403173
08-10 22:27:12.705 32511 32511 D cellinfo: onCellInfoChanged: Operator: T-Mobile UpdateTimestamp: 15753742 CellConnectionStatus: 0
08-10 22:27:12.705 32511 32511 D cellinfo: onCellInfoChanged: LTE Cell Bands: [66] Bandwidth: 10000 Cell ID: 27489567 Physical Cell ID: 90 Tracking Area Code: 41465 EARFCN: 66886
08-10 22:27:12.834 32511 32565 D cellinfo: 46 bytes from 44.241.174.93: icmp_seq=652 ttl=44 time=62.6 ms
08-10 22:27:12.991 32511 32511 D cellinfo: onsignalStrengthsChanged: LTE Signal Strength info: rsrp: -117 rsrq: -15 rssi: -81 rssnr: -2
08-10 22:27:12.991 32511 32511 D cellinfo: onsignalStrengthsChanged: 5G-NR Signal Strength info: ssrsrp: -115 ssrsrq: -17 sssinr: 2147483647
08-10 22:27:13.074 32511 32565 D cellinfo: 46 bytes from 44.241.174.93: icmp_seq=653 ttl=44 time=102 ms
08-10 22:27:13.250 32511 32511 D cellinfo: onsignalStrengthsChanged: LTE Signal Strength info: rsrp: -117 rsrq: -20 rssi: -81 rssnr: -4
08-10 22:27:13.250 32511 32511 D cellinfo: onsignalStrengthsChanged: 5G-NR Signal Strength info: ssrsrp: -115 ssrsrq: -17 sssinr: 2147483647
08-10 22:27:13.274 32511 32565 D cellinfo: 46 bytes from 44.241.174.93: icmp_seq=654 ttl=44 time=102 ms
08-10 22:27:13.437 32511 32565 D cellinfo: 46 bytes from 44.241.174.93: icmp_seq=655 ttl=44 time=64.3 ms
08-10 22:27:14.154 32511 32565 D cellinfo: 46 bytes from 44.241.174.93: icmp_seq=657 ttl=44 time=378 ms
08-10 22:27:14.154 32511 32565 D cellinfo: 46 bytes from 44.241.174.93: icmp_seq=658 ttl=44 time=175 ms
08-10 22:27:14.240 32511 32565 D cellinfo: 46 bytes from 44.241.174.93: icmp_seq=659 ttl=44 time=61.3 ms
08-10 22:27:15.154 32511 32565 D cellinfo: 46 bytes from 44.241.174.93: icmp_seq=660 ttl=44 time=774 ms
08-10 22:27:15.155 32511 32565 D cellinfo: 46 bytes from 44.241.174.93: icmp_seq=661 ttl=44 time=571 ms
08-10 22:27:15.155 32511 32565 D cellinfo: 46 bytes from 44.241.174.93: icmp_seq=662 ttl=44 time=368 ms
08-10 22:27:15.155 32511 32565 D cellinfo: 46 bytes from 44.241.174.93: icmp_seq=663 ttl=44 time=165 ms
08-10 22:27:15.273 32511 32565 D cellinfo: 46 bytes from 44.241.174.93: icmp_seq=664 ttl=44 time=85.4 ms
08-10 22:27:15.489 32511 32511 D cellinfo: onsignalStrengthsChanged: LTE Signal Strength info: rsrp: -116 rsrq: -14 rssi: -83 rssnr: 2
08-10 22:27:15.489 32511 32511 D cellinfo: onsignalStrengthsChanged: 5G-NR Signal Strength info: ssrsrp: -115 ssrsrq: -17 sssinr: 2147483647
08-10 22:27:15.514 32511 32565 D cellinfo: 46 bytes from 44.241.174.93: icmp_seq=665 ttl=44 time=124 ms
08-10 22:27:15.675 32511 32565 D cellinfo: 46 bytes from 44.241.174.93: icmp_seq=666 ttl=44 time=84.6 ms
08-10 22:27:15.709 32511 32511 D cellinfo: onCellInfoChanged: Operator: T-Mobile UpdateTimestamp: 15756744 CellConnectionStatus: 0
08-10 22:27:15.709 32511 32511 D cellinfo: onCellInfoChanged: LTE Cell Bands: [66] Bandwidth: 10000 Cell ID: 27489567 Physical Cell ID: 90 Tracking Area Code: 41465 EARFCN: 66886
08-10 22:27:15.880 32511 32565 D cellinfo: 46 bytes from 44.241.174.93: icmp_seq=667 ttl=44 time=90.4 ms
08-10 22:27:15.993 32511 32511 D cellinfo: onsignalStrengthsChanged: LTE Signal Strength info: rsrp: -116 rsrq: -14 rssi: -83 rssnr: 2
08-10 22:27:15.993 32511 32511 D cellinfo: onsignalStrengthsChanged: 5G-NR Signal Strength info: ssrsrp: -116 ssrsrq: -17 sssinr: 2147483647
08-10 22:27:16.114 32511 32565 D cellinfo: 46 bytes from 44.241.174.93: icmp_seq=668 ttl=44 time=123 ms
08-10 22:27:16.314 32511 32565 D cellinfo: 46 bytes from 44.241.174.93: icmp_seq=669 ttl=44 time=123 ms
08-10 22:27:16.513 32511 32565 D cellinfo: 46 bytes from 44.241.174.93: icmp_seq=670 ttl=44 time=123 ms
08-10 22:27:16.674 32511 32565 D cellinfo: 46 bytes from 44.241.174.93: icmp_seq=671 ttl=44 time=82.9 ms
08-10 22:27:16.874 32511 32565 D cellinfo: 46 bytes from 44.241.174.93: icmp_seq=672 ttl=44 time=82.3 ms
08-10 22:27:17.074 32511 32565 D cellinfo: 46 bytes from 44.241.174.93: icmp_seq=673 ttl=44 time=81.5 ms
08-10 22:27:17.274 32511 32565 D cellinfo: 46 bytes from 44.241.174.93: icmp_seq=674 ttl=44 time=80.9 ms
08-10 22:27:17.474 32511 32565 D cellinfo: 46 bytes from 44.241.174.93: icmp_seq=675 ttl=44 time=80.4 ms
08-10 22:27:17.674 32511 32565 D cellinfo: 46 bytes from 44.241.174.93: icmp_seq=676 ttl=44 time=79.1 ms
08-10 22:27:17.725 32511 32511 D cellinfo: onsignalStrengthsChanged: LTE Signal Strength info: rsrp: -113 rsrq: -15 rssi: -79 rssnr: 0
08-10 22:27:17.725 32511 32511 D cellinfo: onsignalStrengthsChanged: 5G-NR Signal Strength info: ssrsrp: -116 ssrsrq: -17 sssinr: 2147483647
08-10 22:27:17.874 32511 32565 D cellinfo: 46 bytes from 44.241.174.93: icmp_seq=677 ttl=44 time=78.7 ms
08-10 22:27:18.074 32511 32565 D cellinfo: 46 bytes from 44.241.174.93: icmp_seq=678 ttl=44 time=78.0 ms
08-10 22:27:18.295 32511 32565 D cellinfo: 46 bytes from 44.241.174.93: icmp_seq=679 ttl=44 time=98.2 ms
08-10 22:27:18.476 32511 32565 D cellinfo: 46 bytes from 44.241.174.93: icmp_seq=680 ttl=44 time=78.2 ms
08-10 22:27:18.493 32511 32511 D cellinfo: Latitude is 40.6460025
08-10 22:27:18.493 32511 32511 D cellinfo: Longitude is -105.137631
08-10 22:27:18.493 32511 32511 D cellinfo: Instantaneous GPS information: United States, 4101 US-287, Laporte, CO 80535, USA
08-10 22:27:18.493 32511 32511 D cellinfo: getCurrentLocation() result: Location (success): 40.6460025, -105.137631
08-10 22:27:18.663 32511 32511 D cellinfo: Latitude is 40.6460025
08-10 22:27:18.663 32511 32511 D cellinfo: Longitude is -105.137631
08-10 22:27:18.663 32511 32511 D cellinfo: Instantaneous GPS information: United States, 4101 US-287, Laporte, CO 80535, USA
08-10 22:27:18.663 32511 32511 D cellinfo: getCurrentLocation() result: Location (success): 40.6460025, -105.137631
08-10 22:27:18.674 32511 32565 D cellinfo: 46 bytes from 44.241.174.93: icmp_seq=681 ttl=44 time=76.2 ms
08-10 22:27:18.711 32511 32511 D cellinfo: onCellInfoChanged: Operator: T-Mobile UpdateTimestamp: 15759743 CellConnectionStatus: 0
08-10 22:27:18.711 32511 32511 D cellinfo: onCellInfoChanged: LTE Cell Bands: [66] Bandwidth: 10000 Cell ID: 27489567 Physical Cell ID: 90 Tracking Area Code: 41465 EARFCN: 66886
08-10 22:27:18.874 32511 32565 D cellinfo: 46 bytes from 44.241.174.93: icmp_seq=682 ttl=44 time=75.2 ms
08-10 22:27:18.991 32511 32511 D cellinfo: onsignalStrengthsChanged: LTE Signal Strength info: rsrp: -113 rsrq: -15 rssi: -79 rssnr: 0
08-10 22:27:18.991 32511 32511 D cellinfo: onsignalStrengthsChanged: 5G-NR Signal Strength info: ssrsrp: -114 ssrsrq: -13 sssinr: 2147483647
08-10 22:27:19.353 32511 32565 D cellinfo: 46 bytes from 44.241.174.93: icmp_seq=683 ttl=44 time=354 ms
08-10 22:27:19.354 32511 32565 D cellinfo: 46 bytes from 44.241.174.93: icmp_seq=684 ttl=44 time=151 ms
08-10 22:27:19.514 32511 32565 D cellinfo: 46 bytes from 44.241.174.93: icmp_seq=685 ttl=44 time=111 ms
08-10 22:27:19.674 32511 32565 D cellinfo: 46 bytes from 44.241.174.93: icmp_seq=686 ttl=44 time=70.7 ms
08-10 22:27:19.873 32511 32565 D cellinfo: 46 bytes from 44.241.174.93: icmp_seq=687 ttl=44 time=69.5 ms
08-10 22:27:20.073 32511 32565 D cellinfo: 46 bytes from 44.241.174.93: icmp_seq=688 ttl=44 time=68.0 ms
08-10 22:27:20.275 32511 32565 D cellinfo: 46 bytes from 44.241.174.93: icmp_seq=689 ttl=44 time=68.2 ms
08-10 22:27:20.476 32511 32565 D cellinfo: 46 bytes from 44.241.174.93: icmp_seq=690 ttl=44 time=69.0 ms
08-10 22:27:20.747 32511 32565 D cellinfo: 46 bytes from 44.241.174.93: icmp_seq=691 ttl=44 time=138 ms
08-10 22:27:20.759 32511 32511 D cellinfo: onsignalStrengthsChanged: LTE Signal Strength info: rsrp: -113 rsrq: -15 rssi: -79 rssnr: 0
08-10 22:27:20.771 32511 32511 D cellinfo: onServiceStateChanged: Channel Number: 66886 Cell Bandwidths: [10000]
08-10 22:27:20.900 32511 32565 D cellinfo: 46 bytes from 44.241.174.93: icmp_seq=692 ttl=44 time=89.7 ms
08-10 22:27:21.072 32511 32565 D cellinfo: 46 bytes from 44.241.174.93: icmp_seq=693 ttl=44 time=62.6 ms
08-10 22:27:21.266 32511 32565 D cellinfo: 46 bytes from 44.241.174.93: icmp_seq=694 ttl=44 time=55.1 ms
08-10 22:27:21.464 32511 32565 D cellinfo: 46 bytes from 44.241.174.93: icmp_seq=695 ttl=44 time=52.5 ms
08-10 22:27:21.664 32511 32565 D cellinfo: 46 bytes from 44.241.174.93: icmp_seq=696 ttl=44 time=51.1 ms
08-10 22:27:21.897 32511 32565 D cellinfo: 46 bytes from 44.241.174.93: icmp_seq=697 ttl=44 time=83.6 ms
08-10 22:27:22.076 32511 32565 D cellinfo: 46 bytes from 44.241.174.93: icmp_seq=698 ttl=44 time=61.9 ms
08-10 22:27:22.081 32511 32511 D cellinfo: Latitude is 40.6459213
08-10 22:27:22.081 32511 32511 D cellinfo: Longitude is -105.1375079
08-10 22:27:22.081 32511 32511 D cellinfo: Instantaneous GPS information: United States, County Rd 21C, Laporte, CO 80535, USA
08-10 22:27:22.081 32511 32511 D cellinfo: getCurrentLocation() result: Location (success): 40.6459213, -105.1375079
08-10 22:27:22.084 32511 32511 D cellinfo: onCellInfoChanged: Operator: T-Mobile UpdateTimestamp: 15762736 CellConnectionStatus: 0
08-10 22:27:22.084 32511 32511 D cellinfo: onCellInfoChanged: LTE Cell Bands: [66] Bandwidth: 10000 Cell ID: 27489567 Physical Cell ID: 90 Tracking Area Code: 41465 EARFCN: 66886
08-10 22:27:22.084 32511 32511 D cellinfo: onServiceStateChanged: Channel Number: 66886 Cell Bandwidths: [10000, 15000, 10000, 10000]
08-10 22:27:22.269 32511 32565 D cellinfo: 46 bytes from 44.241.174.93: icmp_seq=699 ttl=44 time=54.8 ms
08-10 22:27:22.466 32511 32565 D cellinfo: 46 bytes from 44.241.174.93: icmp_seq=700 ttl=44 time=51.5 ms
08-10 22:27:22.492 32511 32511 D cellinfo: onsignalStrengthsChanged: LTE Signal Strength info: rsrp: -113 rsrq: -15 rssi: -79 rssnr: 0
08-10 22:27:22.492 32511 32511 D cellinfo: onsignalStrengthsChanged: 5G-NR Signal Strength info: ssrsrp: -114 ssrsrq: -13 sssinr: 2147483647
08-10 22:27:22.517 32511 32511 D cellinfo: onServiceStateChanged: Channel Number: 66886 Cell Bandwidths: [10000, 15000, 10000, 10000]
08-10 22:27:22.677 32511 32565 D cellinfo: 46 bytes from 44.241.174.93: icmp_seq=701 ttl=44 time=60.7 ms
08-10 22:27:22.876 32511 32565 D cellinfo: 46 bytes from 44.241.174.93: icmp_seq=702 ttl=44 time=59.3 ms
08-10 22:27:23.076 32511 32565 D cellinfo: 46 bytes from 44.241.174.93: icmp_seq=703 ttl=44 time=58.3 ms
08-10 22:27:23.291 32511 32565 D cellinfo: 46 bytes from 44.241.174.93: icmp_seq=704 ttl=44 time=72.7 ms
08-10 22:27:23.468 32511 32565 D cellinfo: 46 bytes from 44.241.174.93: icmp_seq=705 ttl=44 time=49.6 ms
08-10 22:27:23.675 32511 32565 D cellinfo: 46 bytes from 44.241.174.93: icmp_seq=706 ttl=44 time=56.1 ms
08-10 22:27:23.891 32511 32565 D cellinfo: 46 bytes from 44.241.174.93: icmp_seq=707 ttl=44 time=70.6 ms
08-10 22:27:24.077 32511 32565 D cellinfo: 46 bytes from 44.241.174.93: icmp_seq=708 ttl=44 time=56.6 ms
08-10 22:27:24.275 32511 32565 D cellinfo: 46 bytes from 44.241.174.93: icmp_seq=709 ttl=44 time=54.7 ms
08-10 22:27:24.450 32511 32511 D cellinfo: onsignalStrengthsChanged: LTE Signal Strength info: rsrp: -102 rsrq: -11 rssi: -69 rssnr: 12
08-10 22:27:24.475 32511 32565 D cellinfo: 46 bytes from 44.241.174.93: icmp_seq=710 ttl=44 time=54.1 ms
08-10 22:27:24.675 32511 32565 D cellinfo: 46 bytes from 44.241.174.93: icmp_seq=711 ttl=44 time=53.6 ms
08-10 22:27:24.904 32511 32565 D cellinfo: 46 bytes from 44.241.174.93: icmp_seq=712 ttl=44 time=81.1 ms
08-10 22:27:25.064 32511 32511 D cellinfo: Latitude is 40.6454989
08-10 22:27:25.064 32511 32511 D cellinfo: Longitude is -105.1368677
08-10 22:27:25.064 32511 32511 D cellinfo: Instantaneous GPS information: United States, US-287, Laporte, CO 80535, USA
08-10 22:27:25.064 32511 32511 D cellinfo: getCurrentLocation() result: Location (success): 40.6454989, -105.1368677
08-10 22:27:25.067 32511 32511 D cellinfo: onCellInfoChanged: Operator: T-Mobile UpdateTimestamp: 15765751 CellConnectionStatus: 0
08-10 22:27:25.067 32511 32511 D cellinfo: onCellInfoChanged: LTE Cell Bands: [66] Bandwidth: 10000 Cell ID: 27489567 Physical Cell ID: 90 Tracking Area Code: 41465 EARFCN: 66886
08-10 22:27:25.074 32511 32565 D cellinfo: 46 bytes from 44.241.174.93: icmp_seq=713 ttl=44 time=50.6 ms
08-10 22:27:25.153 32511 32511 D cellinfo: onsignalStrengthsChanged: LTE Signal Strength info: rsrp: -102 rsrq: -11 rssi: -69 rssnr: 12
08-10 22:27:25.153 32511 32511 D cellinfo: onsignalStrengthsChanged: 5G-NR Signal Strength info: ssrsrp: -101 ssrsrq: -14 sssinr: 18
08-10 22:27:25.285 32511 32565 D cellinfo: 46 bytes from 44.241.174.93: icmp_seq=714 ttl=44 time=59.3 ms
08-10 22:27:25.478 32511 32565 D cellinfo: 46 bytes from 44.241.174.93: icmp_seq=715 ttl=44 time=52.2 ms
08-10 22:27:25.687 32511 32565 D cellinfo: 46 bytes from 44.241.174.93: icmp_seq=716 ttl=44 time=59.8 ms
08-10 22:27:25.884 32511 32565 D cellinfo: 46 bytes from 44.241.174.93: icmp_seq=717 ttl=44 time=56.7 ms
08-10 22:27:26.080 32511 32565 D cellinfo: 46 bytes from 44.241.174.93: icmp_seq=718 ttl=44 time=52.4 ms
08-10 22:27:26.293 32511 32565 D cellinfo: 46 bytes from 44.241.174.93: icmp_seq=719 ttl=44 time=64.1 ms
08-10 22:27:26.482 32511 32565 D cellinfo: 46 bytes from 44.241.174.93: icmp_seq=720 ttl=44 time=51.5 ms
08-10 22:27:26.678 32511 32565 D cellinfo: 46 bytes from 44.241.174.93: icmp_seq=721 ttl=44 time=47.1 ms
08-10 22:27:26.690 32511 32511 D cellinfo: onsignalStrengthsChanged: LTE Signal Strength info: rsrp: -95 rsrq: -13 rssi: -59 rssnr: 11
08-10 22:27:26.690 32511 32511 D cellinfo: onsignalStrengthsChanged: 5G-NR Signal Strength info: ssrsrp: -101 ssrsrq: -14 sssinr: 18
08-10 22:27:26.896 32511 32565 D cellinfo: 46 bytes from 44.241.174.93: icmp_seq=722 ttl=44 time=65.1 ms
08-10 22:27:27.085 32511 32565 D cellinfo: 46 bytes from 44.241.174.93: icmp_seq=723 ttl=44 time=52.4 ms
08-10 22:27:27.286 32511 32565 D cellinfo: 46 bytes from 44.241.174.93: icmp_seq=724 ttl=44 time=52.4 ms
08-10 22:27:27.485 32511 32565 D cellinfo: 46 bytes from 44.241.174.93: icmp_seq=725 ttl=44 time=50.5 ms
08-10 22:27:27.705 32511 32565 D cellinfo: 46 bytes from 44.241.174.93: icmp_seq=726 ttl=44 time=69.0 ms
08-10 22:27:27.885 32511 32565 D cellinfo: 46 bytes from 44.241.174.93: icmp_seq=727 ttl=44 time=48.0 ms
08-10 22:27:27.992 32511 32511 D cellinfo: Latitude is 40.6452556
08-10 22:27:27.992 32511 32511 D cellinfo: Longitude is -105.1364989
08-10 22:27:27.992 32511 32511 D cellinfo: Instantaneous GPS information: United States, US-287, Laporte, CO 80535, USA
08-10 22:27:27.992 32511 32511 D cellinfo: getCurrentLocation() result: Location (success): 40.6452556, -105.1364989
08-10 22:27:27.995 32511 32511 D cellinfo: onCellInfoChanged: Operator: T-Mobile UpdateTimestamp: 15768743 CellConnectionStatus: 0
08-10 22:27:27.995 32511 32511 D cellinfo: onCellInfoChanged: LTE Cell Bands: [66] Bandwidth: 10000 Cell ID: 27489567 Physical Cell ID: 90 Tracking Area Code: 41465 EARFCN: 66886
08-10 22:27:28.091 32511 32565 D cellinfo: 46 bytes from 44.241.174.93: icmp_seq=728 ttl=44 time=53.1 ms
08-10 22:27:28.152 32511 32511 D cellinfo: onsignalStrengthsChanged: LTE Signal Strength info: rsrp: -95 rsrq: -13 rssi: -59 rssnr: 11
08-10 22:27:28.153 32511 32511 D cellinfo: onsignalStrengthsChanged: 5G-NR Signal Strength info: ssrsrp: -96 ssrsrq: -12 sssinr: 35
08-10 22:27:28.296 32511 32565 D cellinfo: 46 bytes from 44.241.174.93: icmp_seq=729 ttl=44 time=57.5 ms
08-10 22:27:28.496 32511 32565 D cellinfo: 46 bytes from 44.241.174.93: icmp_seq=730 ttl=44 time=55.2 ms
08-10 22:27:28.695 32511 32565 D cellinfo: 46 bytes from 44.241.174.93: icmp_seq=731 ttl=44 time=53.2 ms
08-10 22:27:28.896 32511 32565 D cellinfo: 46 bytes from 44.241.174.93: icmp_seq=732 ttl=44 time=52.7 ms
08-10 22:27:29.096 32511 32565 D cellinfo: 46 bytes from 44.241.174.93: icmp_seq=733 ttl=44 time=53.5 ms
08-10 22:27:29.296 32511 32565 D cellinfo: 46 bytes from 44.241.174.93: icmp_seq=734 ttl=44 time=51.6 ms
08-10 22:27:29.512 32511 32565 D cellinfo: 46 bytes from 44.241.174.93: icmp_seq=735 ttl=44 time=66.5 ms
08-10 22:27:29.705 32511 32565 D cellinfo: 46 bytes from 44.241.174.93: icmp_seq=736 ttl=44 time=58.4 ms
08-10 22:27:29.905 32511 32565 D cellinfo: 46 bytes from 44.241.174.93: icmp_seq=737 ttl=44 time=57.2 ms
08-10 22:27:30.106 32511 32565 D cellinfo: 46 bytes from 44.241.174.93: icmp_seq=738 ttl=44 time=57.7 ms
08-10 22:27:30.304 32511 32565 D cellinfo: 46 bytes from 44.241.174.93: icmp_seq=739 ttl=44 time=55.1 ms
08-10 22:27:30.506 32511 32565 D cellinfo: 46 bytes from 44.241.174.93: icmp_seq=740 ttl=44 time=55.4 ms
08-10 22:27:30.705 32511 32565 D cellinfo: 46 bytes from 44.241.174.93: icmp_seq=741 ttl=44 time=53.5 ms
08-10 22:27:30.714 32511 32511 D cellinfo: onCellInfoChanged: Operator: T-Mobile UpdateTimestamp: 15771748 CellConnectionStatus: 0
08-10 22:27:30.714 32511 32511 D cellinfo: onCellInfoChanged: LTE Cell Bands: [66] Bandwidth: 10000 Cell ID: 27489567 Physical Cell ID: 90 Tracking Area Code: 41465 EARFCN: 66886
08-10 22:27:30.913 32511 32565 D cellinfo: 46 bytes from 44.241.174.93: icmp_seq=742 ttl=44 time=61.3 ms
08-10 22:27:31.113 32511 32565 D cellinfo: 46 bytes from 44.241.174.93: icmp_seq=743 ttl=44 time=59.8 ms
08-10 22:27:31.147 32511 32511 D cellinfo: onsignalStrengthsChanged: LTE Signal Strength info: rsrp: -95 rsrq: -13 rssi: -59 rssnr: 11
08-10 22:27:31.147 32511 32511 D cellinfo: onsignalStrengthsChanged: 5G-NR Signal Strength info: ssrsrp: -89 ssrsrq: -11 sssinr: 2147483647
08-10 22:27:31.163 32511 32511 D cellinfo: onsignalStrengthsChanged: LTE Signal Strength info: rsrp: -90 rsrq: -14 rssi: -59 rssnr: 14
08-10 22:27:31.163 32511 32511 D cellinfo: onsignalStrengthsChanged: 5G-NR Signal Strength info: ssrsrp: -89 ssrsrq: -11 sssinr: 2147483647
08-10 22:27:31.308 32511 32565 D cellinfo: 46 bytes from 44.241.174.93: icmp_seq=744 ttl=44 time=54.7 ms
08-10 22:27:31.505 32511 32565 D cellinfo: 46 bytes from 44.241.174.93: icmp_seq=745 ttl=44 time=50.8 ms
08-10 22:27:31.724 32511 32565 D cellinfo: 46 bytes from 44.241.174.93: icmp_seq=746 ttl=44 time=69.3 ms
