08-10 23:26:38.927  5910  5982 D cellinfo: 46 bytes from 44.241.174.93: icmp_seq=8691 ttl=42 time=45.2 ms
08-10 23:26:39.125  5910  5982 D cellinfo: 46 bytes from 44.241.174.93: icmp_seq=8692 ttl=42 time=42.7 ms
08-10 23:26:39.171  5910  5910 D cellinfo: onsignalStrengthsChanged: LTE Signal Strength info: rsrp: -79 rsrq: -9 rssi: -59 rssnr: 14
08-10 23:26:39.171  5910  5910 D cellinfo: onsignalStrengthsChanged: 5G-NR Signal Strength info: ssrsrp: -66 ssrsrq: -11 sssinr: 2147483647
08-10 23:26:39.325  5910  5982 D cellinfo: 46 bytes from 44.241.174.93: icmp_seq=8693 ttl=42 time=42.6 ms
08-10 23:26:39.530  5910  5982 D cellinfo: 46 bytes from 44.241.174.93: icmp_seq=8694 ttl=42 time=47.3 ms
08-10 23:26:39.539  5910  5910 D cellinfo: onsignalStrengthsChanged: LTE Signal Strength info: rsrp: -79 rsrq: -9 rssi: -59 rssnr: 14
08-10 23:26:39.539  5910  5910 D cellinfo: onsignalStrengthsChanged: 5G-NR Signal Strength info: ssrsrp: -73 ssrsrq: -11 sssinr: 2147483647
08-10 23:26:39.719  5910  5982 D cellinfo: 46 bytes from 44.241.174.93: icmp_seq=8695 ttl=42 time=34.6 ms
08-10 23:26:39.917  5910  5982 D cellinfo: 46 bytes from 44.241.174.93: icmp_seq=8696 ttl=42 time=32.9 ms
08-10 23:26:40.133  5910  5982 D cellinfo: 46 bytes from 44.241.174.93: icmp_seq=8697 ttl=42 time=47.8 ms
08-10 23:26:40.333  5910  5982 D cellinfo: 46 bytes from 44.241.174.93: icmp_seq=8698 ttl=42 time=46.7 ms
08-10 23:26:40.523  5910  5982 D cellinfo: 46 bytes from 44.241.174.93: icmp_seq=8699 ttl=42 time=36.0 ms
08-10 23:26:40.723  5910  5982 D cellinfo: 46 bytes from 44.241.174.93: icmp_seq=8700 ttl=42 time=35.9 ms
08-10 23:26:40.924  5910  5982 D cellinfo: 46 bytes from 44.241.174.93: icmp_seq=8701 ttl=42 time=35.6 ms
08-10 23:26:41.123  5910  5982 D cellinfo: 46 bytes from 44.241.174.93: icmp_seq=8702 ttl=42 time=34.5 ms
08-10 23:26:41.325  5910  5982 D cellinfo: 46 bytes from 44.241.174.93: icmp_seq=8703 ttl=42 time=34.9 ms
08-10 23:26:41.330  5910  5910 D cellinfo: Latitude is 39.9089685
08-10 23:26:41.330  5910  5910 D cellinfo: Longitude is -104.9911944
08-10 23:26:41.330  5910  5910 D cellinfo: Instantaneous GPS information: United States, 11690 Acoma St, Northglenn, CO 80234, USA
08-10 23:26:41.330  5910  5910 D cellinfo: getCurrentLocation() result: Location (success): 39.9089685, -104.9911944
08-10 23:26:41.333  5910  5910 D cellinfo: onCellInfoChanged: Operator: T-Mobile UpdateTimestamp: 19322146 CellConnectionStatus: 0
08-10 23:26:41.333  5910  5910 D cellinfo: onCellInfoChanged: LTE Cell Bands: [2] Bandwidth: 15000 Cell ID: 5703437 Physical Cell ID: 202 Tracking Area Code: 41463 EARFCN: 875
08-10 23:26:41.529  5910  5982 D cellinfo: 46 bytes from 44.241.174.93: icmp_seq=8704 ttl=42 time=38.1 ms
08-10 23:26:41.729  5910  5982 D cellinfo: 46 bytes from 44.241.174.93: icmp_seq=8705 ttl=42 time=37.7 ms
08-10 23:26:41.929  5910  5982 D cellinfo: 46 bytes from 44.241.174.93: icmp_seq=8706 ttl=42 time=37.5 ms
08-10 23:26:42.129  5910  5982 D cellinfo: 46 bytes from 44.241.174.93: icmp_seq=8707 ttl=42 time=34.7 ms
08-10 23:26:42.328  5910  5982 D cellinfo: 46 bytes from 44.241.174.93: icmp_seq=8708 ttl=42 time=33.7 ms
08-10 23:26:42.527  5910  5982 D cellinfo: 46 bytes from 44.241.174.93: icmp_seq=8709 ttl=42 time=32.8 ms
08-10 23:26:42.537  5910  5910 D cellinfo: onsignalStrengthsChanged: LTE Signal Strength info: rsrp: -79 rsrq: -9 rssi: -59 rssnr: 14
08-10 23:26:42.537  5910  5910 D cellinfo: onsignalStrengthsChanged: 5G-NR Signal Strength info: ssrsrp: -83 ssrsrq: -11 sssinr: 2147483647
08-10 23:26:42.733  5910  5982 D cellinfo: 46 bytes from 44.241.174.93: icmp_seq=8710 ttl=42 time=38.0 ms
08-10 23:26:42.933  5910  5982 D cellinfo: 46 bytes from 44.241.174.93: icmp_seq=8711 ttl=42 time=37.2 ms
08-10 23:26:43.139  5910  5982 D cellinfo: 46 bytes from 44.241.174.93: icmp_seq=8712 ttl=42 time=41.9 ms
08-10 23:26:43.186  5910  5910 D cellinfo: onsignalStrengthsChanged: LTE Signal Strength info: rsrp: -91 rsrq: -12 rssi: -65 rssnr: 6
08-10 23:26:43.186  5910  5910 D cellinfo: onsignalStrengthsChanged: 5G-NR Signal Strength info: ssrsrp: -83 ssrsrq: -11 sssinr: 2147483647
08-10 23:26:43.333  5910  5982 D cellinfo: 46 bytes from 44.241.174.93: icmp_seq=8713 ttl=42 time=35.8 ms
08-10 23:26:43.537  5910  5982 D cellinfo: 46 bytes from 44.241.174.93: icmp_seq=8714 ttl=42 time=39.6 ms
08-10 23:26:43.735  5910  5982 D cellinfo: 46 bytes from 44.241.174.93: icmp_seq=8715 ttl=42 time=36.6 ms
08-10 23:26:43.938  5910  5982 D cellinfo: 46 bytes from 44.241.174.93: icmp_seq=8716 ttl=42 time=39.5 ms
08-10 23:26:44.137  5910  5982 D cellinfo: 46 bytes from 44.241.174.93: icmp_seq=8717 ttl=42 time=38.2 ms
08-10 23:26:44.326  5910  5910 D cellinfo: Latitude is 39.9087759
08-10 23:26:44.326  5910  5910 D cellinfo: Longitude is -104.9912079
08-10 23:26:44.326  5910  5910 D cellinfo: Instantaneous GPS information: United States, 11680 Acoma St, Northglenn, CO 80234, USA
08-10 23:26:44.326  5910  5910 D cellinfo: getCurrentLocation() result: Location (success): 39.9087759, -104.9912079
08-10 23:26:44.328  5910  5910 D cellinfo: onCellInfoChanged: Operator: T-Mobile UpdateTimestamp: 19325139 CellConnectionStatus: 0
08-10 23:26:44.328  5910  5910 D cellinfo: onCellInfoChanged: LTE Cell Bands: [2] Bandwidth: 15000 Cell ID: 5703437 Physical Cell ID: 202 Tracking Area Code: 41463 EARFCN: 875
08-10 23:26:44.337  5910  5982 D cellinfo: 46 bytes from 44.241.174.93: icmp_seq=8718 ttl=42 time=37.5 ms
08-10 23:26:44.540  5910  5982 D cellinfo: 46 bytes from 44.241.174.93: icmp_seq=8719 ttl=42 time=39.0 ms
08-10 23:26:44.738  5910  5982 D cellinfo: 46 bytes from 44.241.174.93: icmp_seq=8720 ttl=42 time=35.9 ms
08-10 23:26:44.938  5910  5982 D cellinfo: 46 bytes from 44.241.174.93: icmp_seq=8721 ttl=42 time=35.1 ms
08-10 23:26:45.137  5910  5982 D cellinfo: 46 bytes from 44.241.174.93: icmp_seq=8722 ttl=42 time=33.6 ms
08-10 23:26:45.338  5910  5982 D cellinfo: 46 bytes from 44.241.174.93: icmp_seq=8723 ttl=42 time=33.9 ms
08-10 23:26:45.535  5910  5910 D cellinfo: onServiceStateChanged: Channel Number: 875 Cell Bandwidths: [15000]
08-10 23:26:45.548  5910  5982 D cellinfo: 46 bytes from 44.241.174.93: icmp_seq=8724 ttl=42 time=43.6 ms
08-10 23:26:45.561  5910  5910 D cellinfo: onsignalStrengthsChanged: LTE Signal Strength info: rsrp: -91 rsrq: -12 rssi: -65 rssnr: 6
08-10 23:26:45.561  5910  5910 D cellinfo: onsignalStrengthsChanged: 5G-NR Signal Strength info: ssrsrp: -92 ssrsrq: -11 sssinr: 2147483647
08-10 23:26:45.738  5910  5982 D cellinfo: 46 bytes from 44.241.174.93: icmp_seq=8725 ttl=42 time=32.7 ms
08-10 23:26:45.892  5910  5910 D cellinfo: onsignalStrengthsChanged: LTE Signal Strength info: rsrp: -97 rsrq: -11 rssi: -59 rssnr: 0
08-10 23:26:45.893  5910  5910 D cellinfo: onsignalStrengthsChanged: 5G-NR Signal Strength info: ssrsrp: -92 ssrsrq: -11 sssinr: 2147483647
08-10 23:26:45.942  5910  5982 D cellinfo: 46 bytes from 44.241.174.93: icmp_seq=8726 ttl=42 time=37.0 ms
08-10 23:26:46.142  5910  5982 D cellinfo: 46 bytes from 44.241.174.93: icmp_seq=8727 ttl=42 time=36.4 ms
08-10 23:26:46.343  5910  5982 D cellinfo: 46 bytes from 44.241.174.93: icmp_seq=8728 ttl=42 time=35.9 ms
08-10 23:26:46.547  5910  5982 D cellinfo: 46 bytes from 44.241.174.93: icmp_seq=8729 ttl=42 time=39.1 ms
08-10 23:26:46.743  5910  5982 D cellinfo: 46 bytes from 44.241.174.93: icmp_seq=8730 ttl=42 time=34.4 ms
08-10 23:26:46.948  5910  5982 D cellinfo: 46 bytes from 44.241.174.93: icmp_seq=8731 ttl=42 time=38.1 ms
08-10 23:26:47.090  5910  5910 D cellinfo: onCellInfoChanged: Operator: T-Mobile UpdateTimestamp: 19328126 CellConnectionStatus: 0
08-10 23:26:47.090  5910  5910 D cellinfo: onCellInfoChanged: LTE Cell Bands: [2] Bandwidth: 15000 Cell ID: 5742092 Physical Cell ID: 286 Tracking Area Code: 41463 EARFCN: 875
08-10 23:26:47.147  5910  5982 D cellinfo: 46 bytes from 44.241.174.93: icmp_seq=8732 ttl=42 time=36.9 ms
08-10 23:26:47.347  5910  5982 D cellinfo: 46 bytes from 44.241.174.93: icmp_seq=8733 ttl=42 time=36.3 ms
08-10 23:26:47.548  5910  5982 D cellinfo: 46 bytes from 44.241.174.93: icmp_seq=8734 ttl=42 time=35.7 ms
08-10 23:26:47.748  5910  5982 D cellinfo: 46 bytes from 44.241.174.93: icmp_seq=8735 ttl=42 time=35.0 ms
08-10 23:26:47.949  5910  5982 D cellinfo: 46 bytes from 44.241.174.93: icmp_seq=8736 ttl=42 time=34.6 ms
08-10 23:26:48.013  5910  5910 D cellinfo: Latitude is 39.9062383
08-10 23:26:48.013  5910  5910 D cellinfo: Longitude is -104.9894874
08-10 23:26:48.013  5910  5910 D cellinfo: Instantaneous GPS information: United States, 11525 Community Center Dr, Northglenn, CO 80233, USA
08-10 23:26:48.013  5910  5910 D cellinfo: getCurrentLocation() result: Location (success): 39.9062383, -104.9894874
08-10 23:26:48.133  5910  5910 D cellinfo: onsignalStrengthsChanged: LTE Signal Strength info: rsrp: -88 rsrq: -7 rssi: -55 rssnr: 12
08-10 23:26:48.133  5910  5910 D cellinfo: onsignalStrengthsChanged: 5G-NR Signal Strength info: ssrsrp: -92 ssrsrq: -11 sssinr: 2147483647
08-10 23:26:48.148  5910  5982 D cellinfo: 46 bytes from 44.241.174.93: icmp_seq=8737 ttl=42 time=32.9 ms
08-10 23:26:48.352  5910  5982 D cellinfo: 46 bytes from 44.241.174.93: icmp_seq=8738 ttl=42 time=36.5 ms
08-10 23:26:48.538  5910  5910 D cellinfo: onsignalStrengthsChanged: LTE Signal Strength info: rsrp: -88 rsrq: -7 rssi: -55 rssnr: 12
08-10 23:26:48.538  5910  5910 D cellinfo: onsignalStrengthsChanged: 5G-NR Signal Strength info: ssrsrp: -98 ssrsrq: -11 sssinr: 2147483647
08-10 23:26:48.557  5910  5982 D cellinfo: 46 bytes from 44.241.174.93: icmp_seq=8739 ttl=42 time=40.4 ms
08-10 23:26:48.752  5910  5982 D cellinfo: 46 bytes from 44.241.174.93: icmp_seq=8740 ttl=42 time=33.6 ms
08-10 23:26:48.953  5910  5982 D cellinfo: 46 bytes from 44.241.174.93: icmp_seq=8741 ttl=42 time=33.7 ms
08-10 23:26:49.153  5910  5982 D cellinfo: 46 bytes from 44.241.174.93: icmp_seq=8742 ttl=42 time=33.5 ms
08-10 23:26:49.357  5910  5982 D cellinfo: 46 bytes from 44.241.174.93: icmp_seq=8743 ttl=42 time=35.5 ms
08-10 23:26:49.557  5910  5982 D cellinfo: 46 bytes from 44.241.174.93: icmp_seq=8744 ttl=42 time=35.1 ms
08-10 23:26:49.758  5910  5982 D cellinfo: 46 bytes from 44.241.174.93: icmp_seq=8745 ttl=42 time=34.9 ms
08-10 23:26:49.963  5910  5982 D cellinfo: 46 bytes from 44.241.174.93: icmp_seq=8746 ttl=42 time=38.8 ms
08-10 23:26:50.057  5910  5910 D cellinfo: Latitude is 39.9062383
08-10 23:26:50.057  5910  5910 D cellinfo: Longitude is -104.9894874
08-10 23:26:50.057  5910  5910 D cellinfo: Instantaneous GPS information: United States, 11525 Community Center Dr, Northglenn, CO 80233, USA
08-10 23:26:50.057  5910  5910 D cellinfo: getCurrentLocation() result: Location (success): 39.9062383, -104.9894874
08-10 23:26:50.091  5910  5910 D cellinfo: onCellInfoChanged: Operator: T-Mobile UpdateTimestamp: 19331126 CellConnectionStatus: 0
08-10 23:26:50.091  5910  5910 D cellinfo: onCellInfoChanged: LTE Cell Bands: [2] Bandwidth: 15000 Cell ID: 5742092 Physical Cell ID: 286 Tracking Area Code: 41463 EARFCN: 875
08-10 23:26:50.163  5910  5982 D cellinfo: 46 bytes from 44.241.174.93: icmp_seq=8747 ttl=42 time=38.9 ms
08-10 23:26:50.357  5910  5982 D cellinfo: 46 bytes from 44.241.174.93: icmp_seq=8748 ttl=42 time=32.8 ms
08-10 23:26:50.563  5910  5982 D cellinfo: 46 bytes from 44.241.174.93: icmp_seq=8749 ttl=42 time=37.8 ms
08-10 23:26:50.762  5910  5982 D cellinfo: 46 bytes from 44.241.174.93: icmp_seq=8750 ttl=42 time=36.7 ms
08-10 23:26:50.968  5910  5982 D cellinfo: 46 bytes from 44.241.174.93: icmp_seq=8751 ttl=42 time=41.7 ms
08-10 23:26:51.187  5910  5982 D cellinfo: 46 bytes from 44.241.174.93: icmp_seq=8752 ttl=42 time=60.6 ms
08-10 23:26:51.387  5910  5982 D cellinfo: 46 bytes from 44.241.174.93: icmp_seq=8753 ttl=42 time=60.3 ms
08-10 23:26:51.539  5910  5910 D cellinfo: onsignalStrengthsChanged: LTE Signal Strength info: rsrp: -88 rsrq: -7 rssi: -55 rssnr: 12
08-10 23:26:51.539  5910  5910 D cellinfo: onsignalStrengthsChanged: 5G-NR Signal Strength info: ssrsrp: -101 ssrsrq: -11 sssinr: 2147483647
08-10 23:26:51.589  5910  5982 D cellinfo: 46 bytes from 44.241.174.93: icmp_seq=8754 ttl=42 time=61.6 ms
08-10 23:26:51.787  5910  5982 D cellinfo: 46 bytes from 44.241.174.93: icmp_seq=8755 ttl=42 time=59.0 ms
08-10 23:26:51.987  5910  5982 D cellinfo: 46 bytes from 44.241.174.93: icmp_seq=8756 ttl=42 time=58.1 ms
08-10 23:26:52.184  5910  5910 D cellinfo: onsignalStrengthsChanged: LTE Signal Strength info: rsrp: -89 rsrq: -12 rssi: -63 rssnr: 14
08-10 23:26:52.184  5910  5910 D cellinfo: onsignalStrengthsChanged: 5G-NR Signal Strength info: ssrsrp: -101 ssrsrq: -11 sssinr: 2147483647
08-10 23:26:52.187  5910  5982 D cellinfo: 46 bytes from 44.241.174.93: icmp_seq=8757 ttl=42 time=57.3 ms
08-10 23:26:52.387  5910  5982 D cellinfo: 46 bytes from 44.241.174.93: icmp_seq=8758 ttl=42 time=56.2 ms
08-10 23:26:52.590  5910  5982 D cellinfo: 46 bytes from 44.241.174.93: icmp_seq=8759 ttl=42 time=59.1 ms
08-10 23:26:52.787  5910  5982 D cellinfo: 46 bytes from 44.241.174.93: icmp_seq=8760 ttl=42 time=54.4 ms
08-10 23:26:52.987  5910  5982 D cellinfo: 46 bytes from 44.241.174.93: icmp_seq=8761 ttl=42 time=53.3 ms
08-10 23:26:53.188  5910  5982 D cellinfo: 46 bytes from 44.241.174.93: icmp_seq=8762 ttl=42 time=53.7 ms
08-10 23:26:53.389  5910  5982 D cellinfo: 46 bytes from 44.241.174.93: icmp_seq=8763 ttl=42 time=52.9 ms
08-10 23:26:53.434  5910  5910 D cellinfo: Latitude is 39.905659
08-10 23:26:53.434  5910  5910 D cellinfo: Longitude is -104.9893889
08-10 23:26:53.434  5910  5910 D cellinfo: Instantaneous GPS information: United States, 11525 Community Center Dr, Northglenn, CO 80233, USA
08-10 23:26:53.434  5910  5910 D cellinfo: getCurrentLocation() result: Location (success): 39.905659, -104.9893889
08-10 23:26:53.435  5910  5910 D cellinfo: onCellInfoChanged: Operator: T-Mobile UpdateTimestamp: 19334142 CellConnectionStatus: 0
08-10 23:26:53.435  5910  5910 D cellinfo: onCellInfoChanged: LTE Cell Bands: [2] Bandwidth: 15000 Cell ID: 5742092 Physical Cell ID: 286 Tracking Area Code: 41463 EARFCN: 875
08-10 23:26:53.591  5910  5982 D cellinfo: 46 bytes from 44.241.174.93: icmp_seq=8764 ttl=42 time=54.3 ms
08-10 23:26:53.787  5910  5982 D cellinfo: 46 bytes from 44.241.174.93: icmp_seq=8765 ttl=42 time=49.5 ms
08-10 23:26:53.990  5910  5982 D cellinfo: 46 bytes from 44.241.174.93: icmp_seq=8766 ttl=42 time=51.2 ms
08-10 23:26:54.189  5910  5982 D cellinfo: 46 bytes from 44.241.174.93: icmp_seq=8767 ttl=42 time=49.0 ms
08-10 23:26:54.392  5910  5982 D cellinfo: 46 bytes from 44.241.174.93: icmp_seq=8768 ttl=42 time=51.6 ms
08-10 23:26:54.540  5910  5910 D cellinfo: onsignalStrengthsChanged: LTE Signal Strength info: rsrp: -89 rsrq: -12 rssi: -63 rssnr: 14
08-10 23:26:54.540  5910  5910 D cellinfo: onsignalStrengthsChanged: 5G-NR Signal Strength info: ssrsrp: -106 ssrsrq: -12 sssinr: 2147483647
08-10 23:26:54.588  5910  5982 D cellinfo: 46 bytes from 44.241.174.93: icmp_seq=8769 ttl=42 time=46.9 ms
08-10 23:26:54.792  5910  5982 D cellinfo: 46 bytes from 44.241.174.93: icmp_seq=8770 ttl=42 time=50.2 ms
08-10 23:26:54.852  5910  5910 D cellinfo: onsignalStrengthsChanged: LTE Signal Strength info: rsrp: -94 rsrq: -9 rssi: -73 rssnr: 11
08-10 23:26:54.852  5910  5910 D cellinfo: onsignalStrengthsChanged: 5G-NR Signal Strength info: ssrsrp: -106 ssrsrq: -12 sssinr: 2147483647
08-10 23:26:54.988  5910  5982 D cellinfo: 46 bytes from 44.241.174.93: icmp_seq=8771 ttl=42 time=44.6 ms
08-10 23:26:55.188  5910  5982 D cellinfo: 46 bytes from 44.241.174.93: icmp_seq=8772 ttl=42 time=44.8 ms
08-10 23:26:55.388  5910  5982 D cellinfo: 46 bytes from 44.241.174.93: icmp_seq=8773 ttl=42 time=44.0 ms
08-10 23:26:55.627  5910  5982 D cellinfo: 46 bytes from 44.241.174.93: icmp_seq=8774 ttl=42 time=82.0 ms
08-10 23:26:55.829  5910  5982 D cellinfo: 46 bytes from 44.241.174.93: icmp_seq=8775 ttl=42 time=83.5 ms
08-10 23:26:56.027  5910  5982 D cellinfo: 46 bytes from 44.241.174.93: icmp_seq=8776 ttl=42 time=79.6 ms
08-10 23:26:56.198  5910  5982 D cellinfo: 46 bytes from 44.241.174.93: icmp_seq=8777 ttl=42 time=51.5 ms
08-10 23:26:56.428  5910  5982 D cellinfo: 46 bytes from 44.241.174.93: icmp_seq=8778 ttl=42 time=80.4 ms
08-10 23:26:56.433  5910  5910 D cellinfo: Latitude is 39.9052847
08-10 23:26:56.433  5910  5910 D cellinfo: Longitude is -104.9897335
08-10 23:26:56.433  5910  5910 D cellinfo: Instantaneous GPS information: United States, 11525 Community Center Dr, Northglenn, CO 80233, USA
08-10 23:26:56.433  5910  5910 D cellinfo: getCurrentLocation() result: Location (success): 39.9052847, -104.9897335
08-10 23:26:56.434  5910  5910 D cellinfo: onCellInfoChanged: Operator: T-Mobile UpdateTimestamp: 19337128 CellConnectionStatus: 0
08-10 23:26:56.435  5910  5910 D cellinfo: onCellInfoChanged: LTE Cell Bands: [2] Bandwidth: 15000 Cell ID: 5742092 Physical Cell ID: 286 Tracking Area Code: 41463 EARFCN: 875
08-10 23:26:56.629  5910  5982 D cellinfo: 46 bytes from 44.241.174.93: icmp_seq=8779 ttl=42 time=80.0 ms
08-10 23:26:56.820  5910  5982 D cellinfo: 46 bytes from 44.241.174.93: icmp_seq=8780 ttl=42 time=70.5 ms
08-10 23:26:57.027  5910  5982 D cellinfo: 46 bytes from 44.241.174.93: icmp_seq=8781 ttl=42 time=76.4 ms
08-10 23:26:57.227  5910  5982 D cellinfo: 46 bytes from 44.241.174.93: icmp_seq=8782 ttl=42 time=76.1 ms
08-10 23:26:57.427  5910  5982 D cellinfo: 46 bytes from 44.241.174.93: icmp_seq=8783 ttl=42 time=75.4 ms
08-10 23:26:57.541  5910  5910 D cellinfo: onsignalStrengthsChanged: LTE Signal Strength info: rsrp: -94 rsrq: -9 rssi: -73 rssnr: 11
08-10 23:26:57.541  5910  5910 D cellinfo: onsignalStrengthsChanged: 5G-NR Signal Strength info: ssrsrp: -111 ssrsrq: -15 sssinr: -17
08-10 23:26:57.627  5910  5982 D cellinfo: 46 bytes from 44.241.174.93: icmp_seq=8784 ttl=42 time=74.0 ms
08-10 23:26:57.827  5910  5982 D cellinfo: 46 bytes from 44.241.174.93: icmp_seq=8785 ttl=42 time=73.5 ms
08-10 23:26:58.027  5910  5982 D cellinfo: 46 bytes from 44.241.174.93: icmp_seq=8786 ttl=42 time=72.4 ms
08-10 23:26:58.186  5910  5910 D cellinfo: onsignalStrengthsChanged: LTE Signal Strength info: rsrp: -97 rsrq: -9 rssi: -69 rssnr: 9
08-10 23:26:58.186  5910  5910 D cellinfo: onsignalStrengthsChanged: 5G-NR Signal Strength info: ssrsrp: -111 ssrsrq: -15 sssinr: -17
08-10 23:26:58.227  5910  5982 D cellinfo: 46 bytes from 44.241.174.93: icmp_seq=8787 ttl=42 time=72.5 ms
08-10 23:26:58.427  5910  5982 D cellinfo: 46 bytes from 44.241.174.93: icmp_seq=8788 ttl=42 time=70.9 ms
08-10 23:26:58.627  5910  5982 D cellinfo: 46 bytes from 44.241.174.93: icmp_seq=8789 ttl=42 time=70.4 ms
08-10 23:26:58.947  5910  5982 D cellinfo: 46 bytes from 44.241.174.93: icmp_seq=8790 ttl=42 time=189 ms
08-10 23:26:59.026  5910  5982 D cellinfo: 46 bytes from 44.241.174.93: icmp_seq=8791 ttl=42 time=69.0 ms
08-10 23:26:59.226  5910  5982 D cellinfo: 46 bytes from 44.241.174.93: icmp_seq=8792 ttl=42 time=69.3 ms
08-10 23:26:59.401  5910  5910 D cellinfo: Latitude is 39.9042156
08-10 23:26:59.401  5910  5910 D cellinfo: Longitude is -104.9908644
08-10 23:26:59.401  5910  5910 D cellinfo: Instantaneous GPS information: United States, 11450 Cherokee St, Northglenn, CO 80234, USA
08-10 23:26:59.401  5910  5910 D cellinfo: getCurrentLocation() result: Location (success): 39.9042156, -104.9908644
08-10 23:26:59.403  5910  5910 D cellinfo: onCellInfoChanged: Operator: T-Mobile UpdateTimestamp: 19340131 CellConnectionStatus: 0
08-10 23:26:59.403  5910  5910 D cellinfo: onCellInfoChanged: LTE Cell Bands: [2] Bandwidth: 15000 Cell ID: 5742092 Physical Cell ID: 286 Tracking Area Code: 41463 EARFCN: 875
08-10 23:26:59.407  5910  5982 D cellinfo: 46 bytes from 44.241.174.93: icmp_seq=8793 ttl=42 time=48.4 ms
08-10 23:26:59.627  5910  5982 D cellinfo: 46 bytes from 44.241.174.93: icmp_seq=8794 ttl=42 time=66.8 ms
08-10 23:26:59.832  5910  5982 D cellinfo: 46 bytes from 44.241.174.93: icmp_seq=8795 ttl=42 time=71.6 ms
08-10 23:27:00.026  5910  5982 D cellinfo: 46 bytes from 44.241.174.93: icmp_seq=8796 ttl=42 time=64.4 ms
08-10 23:27:00.427  5910  5982 D cellinfo: 46 bytes from 44.241.174.93: icmp_seq=8797 ttl=42 time=264 ms
08-10 23:27:00.488  5910  5982 D cellinfo: 46 bytes from 44.241.174.93: icmp_seq=8798 ttl=42 time=123 ms
08-10 23:27:00.500  5910  5910 D cellinfo: onsignalStrengthsChanged: LTE Signal Strength info: rsrp: -97 rsrq: -9 rssi: -69 rssnr: 9
08-10 23:27:00.507  5910  5910 D cellinfo: onServiceStateChanged: Channel Number: 875 Cell Bandwidths: [15000]
08-10 23:27:00.617  5910  5982 D cellinfo: 46 bytes from 44.241.174.93: icmp_seq=8799 ttl=42 time=50.9 ms
08-10 23:27:00.938  5910  5982 D cellinfo: 46 bytes from 44.241.174.93: icmp_seq=8800 ttl=42 time=171 ms
08-10 23:27:01.007  5910  5982 D cellinfo: 46 bytes from 44.241.174.93: icmp_seq=8801 ttl=42 time=38.8 ms
08-10 23:27:01.054  5910  5910 D cellinfo: onsignalStrengthsChanged: LTE Signal Strength info: rsrp: -97 rsrq: -9 rssi: -69 rssnr: 9
08-10 23:27:01.054  5910  5910 D cellinfo: onsignalStrengthsChanged: 5G-NR Signal Strength info: ssrsrp: -111 ssrsrq: -15 sssinr: -17
08-10 23:27:01.074  5910  5910 D cellinfo: onServiceStateChanged: Channel Number: 875 Cell Bandwidths: [15000]
08-10 23:27:01.207  5910  5982 D cellinfo: 46 bytes from 44.241.174.93: icmp_seq=8802 ttl=42 time=39.5 ms
08-10 23:27:01.438  5910  5982 D cellinfo: 46 bytes from 44.241.174.93: icmp_seq=8803 ttl=42 time=68.5 ms
08-10 23:27:01.638  5910  5982 D cellinfo: 46 bytes from 44.241.174.93: icmp_seq=8804 ttl=42 time=67.3 ms
08-10 23:27:01.838  5910  5982 D cellinfo: 46 bytes from 44.241.174.93: icmp_seq=8805 ttl=42 time=66.3 ms
08-10 23:27:02.038  5910  5982 D cellinfo: 46 bytes from 44.241.174.93: icmp_seq=8806 ttl=42 time=65.5 ms
08-10 23:27:02.216  5910  5982 D cellinfo: 46 bytes from 44.241.174.93: icmp_seq=8807 ttl=42 time=43.8 ms
08-10 23:27:02.439  5910  5982 D cellinfo: 46 bytes from 44.241.174.93: icmp_seq=8808 ttl=42 time=64.9 ms
08-10 23:27:02.445  5910  5910 D cellinfo: Latitude is 39.9032567
08-10 23:27:02.445  5910  5910 D cellinfo: Longitude is -104.9908239
08-10 23:27:02.445  5910  5910 D cellinfo: Instantaneous GPS information: United States, 11402 Cherokee St, Northglenn, CO 80234, USA
08-10 23:27:02.445  5910  5910 D cellinfo: getCurrentLocation() result: Location (success): 39.9032567, -104.9908239
08-10 23:27:02.447  5910  5910 D cellinfo: onCellInfoChanged: Operator: T-Mobile UpdateTimestamp: 19343142 CellConnectionStatus: 0
08-10 23:27:02.447  5910  5910 D cellinfo: onCellInfoChanged: LTE Cell Bands: [2] Bandwidth: 15000 Cell ID: 5742092 Physical Cell ID: 286 Tracking Area Code: 41463 EARFCN: 875
08-10 23:27:02.637  5910  5982 D cellinfo: 46 bytes from 44.241.174.93: icmp_seq=8809 ttl=42 time=62.9 ms
08-10 23:27:02.842  5910  5982 D cellinfo: 46 bytes from 44.241.174.93: icmp_seq=8810 ttl=42 time=66.6 ms
08-10 23:27:03.038  5910  5982 D cellinfo: 46 bytes from 44.241.174.93: icmp_seq=8811 ttl=42 time=62.2 ms
08-10 23:27:03.238  5910  5982 D cellinfo: 46 bytes from 44.241.174.93: icmp_seq=8812 ttl=42 time=62.4 ms
08-10 23:27:03.438  5910  5982 D cellinfo: 46 bytes from 44.241.174.93: icmp_seq=8813 ttl=42 time=61.6 ms
08-10 23:27:03.638  5910  5982 D cellinfo: 46 bytes from 44.241.174.93: icmp_seq=8814 ttl=42 time=61.0 ms
08-10 23:27:03.812  5910  5910 D cellinfo: onsignalStrengthsChanged: LTE Signal Strength info: rsrp: -110 rsrq: -17 rssi: -77 rssnr: -2
08-10 23:27:03.824  5910  5910 D cellinfo: onsignalStrengthsChanged: LTE Signal Strength info: rsrp: -110 rsrq: -17 rssi: -77 rssnr: -2
08-10 23:27:03.824  5910  5910 D cellinfo: onsignalStrengthsChanged: 5G-NR Signal Strength info: ssrsrp: -96 ssrsrq: -15 sssinr: 2147483647
08-10 23:27:03.842  5910  5982 D cellinfo: 46 bytes from 44.241.174.93: icmp_seq=8815 ttl=42 time=64.6 ms
08-10 23:27:04.038  5910  5982 D cellinfo: 46 bytes from 44.241.174.93: icmp_seq=8816 ttl=42 time=59.1 ms
08-10 23:27:04.238  5910  5982 D cellinfo: 46 bytes from 44.241.174.93: icmp_seq=8817 ttl=42 time=59.2 ms
08-10 23:27:04.438  5910  5982 D cellinfo: 46 bytes from 44.241.174.93: icmp_seq=8818 ttl=42 time=58.2 ms
08-10 23:27:04.642  5910  5982 D cellinfo: 46 bytes from 44.241.174.93: icmp_seq=8819 ttl=42 time=61.6 ms
08-10 23:27:04.837  5910  5982 D cellinfo: 46 bytes from 44.241.174.93: icmp_seq=8820 ttl=42 time=57.0 ms
08-10 23:27:05.038  5910  5982 D cellinfo: 46 bytes from 44.241.174.93: icmp_seq=8821 ttl=42 time=57.2 ms
08-10 23:27:05.091  5910  5910 D cellinfo: onCellInfoChanged: Operator: T-Mobile UpdateTimestamp: 19346125 CellConnectionStatus: 0
08-10 23:27:05.091  5910  5910 D cellinfo: onCellInfoChanged: LTE Cell Bands: [2] Bandwidth: 15000 Cell ID: 5742092 Physical Cell ID: 286 Tracking Area Code: 41463 EARFCN: 875
08-10 23:27:05.241  5910  5982 D cellinfo: 46 bytes from 44.241.174.93: icmp_seq=8822 ttl=42 time=59.9 ms
08-10 23:27:05.437  5910  5982 D cellinfo: 46 bytes from 44.241.174.93: icmp_seq=8823 ttl=42 time=55.8 ms
08-10 23:27:05.638  5910  5982 D cellinfo: 46 bytes from 44.241.174.93: icmp_seq=8824 ttl=42 time=55.1 ms
08-10 23:27:05.837  5910  5982 D cellinfo: 46 bytes from 44.241.174.93: icmp_seq=8825 ttl=42 time=54.3 ms
08-10 23:27:06.037  5910  5982 D cellinfo: 46 bytes from 44.241.174.93: icmp_seq=8826 ttl=42 time=53.4 ms
08-10 23:27:06.242  5910  5982 D cellinfo: 46 bytes from 44.241.174.93: icmp_seq=8827 ttl=42 time=57.5 ms
08-10 23:27:06.478  5910  5982 D cellinfo: 46 bytes from 44.241.174.93: icmp_seq=8828 ttl=42 time=92.4 ms
08-10 23:27:06.820  5910  5910 D cellinfo: onsignalStrengthsChanged: LTE Signal Strength info: rsrp: -110 rsrq: -17 rssi: -77 rssnr: -2
08-10 23:27:06.821  5910  5910 D cellinfo: onsignalStrengthsChanged: 5G-NR Signal Strength info: ssrsrp: -90 ssrsrq: -11 sssinr: 2147483647
08-10 23:27:06.923  5910  5910 D cellinfo: onServiceStateChanged: Channel Number: 2147483647 Cell Bandwidths: [15000]
08-10 23:27:07.983  5910  5982 D cellinfo: 46 bytes from 44.241.174.93: icmp_seq=8831 ttl=42 time=990 ms
08-10 23:27:07.983  5910  5982 D cellinfo: 46 bytes from 44.241.174.93: icmp_seq=8832 ttl=42 time=787 ms
08-10 23:27:07.983  5910  5982 D cellinfo: 46 bytes from 44.241.174.93: icmp_seq=8833 ttl=42 time=583 ms
08-10 23:27:07.983  5910  5982 D cellinfo: 46 bytes from 44.241.174.93: icmp_seq=8834 ttl=42 time=380 ms
08-10 23:27:08.062  5910  5982 D cellinfo: 46 bytes from 44.241.174.93: icmp_seq=8836 ttl=42 time=56.0 ms
08-10 23:27:08.305  5910  5910 D cellinfo: Latitude is 39.9009858
08-10 23:27:08.305  5910  5910 D cellinfo: Longitude is -104.9884532
08-10 23:27:08.305  5910  5910 D cellinfo: Instantaneous GPS information: United States, 50 W Community Center Dr, Northglenn, CO 80234, USA
08-10 23:27:08.305  5910  5910 D cellinfo: getCurrentLocation() result: Location (success): 39.9009858, -104.9884532
08-10 23:27:08.306  5910  5910 D cellinfo: onsignalStrengthsChanged: LTE Signal Strength info: rsrp: -110 rsrq: -17 rssi: -77 rssnr: -2
08-10 23:27:08.307  5910  5910 D cellinfo: onServiceStateChanged: Channel Number: 2147483647 Cell Bandwidths: [15000]
08-10 23:27:08.307  5910  5910 D cellinfo: onServiceStateChanged: Channel Number: 875 Cell Bandwidths: [15000]
08-10 23:27:08.307  5910  5910 D cellinfo: onServiceStateChanged: Channel Number: 875 Cell Bandwidths: [15000]
08-10 23:27:08.307  5910  5910 D cellinfo: onCellInfoChanged: Operator: T-Mobile UpdateTimestamp: 19349116 CellConnectionStatus: 0
08-10 23:27:08.307  5910  5910 D cellinfo: onCellInfoChanged: LTE Cell Bands: [2] Bandwidth: 15000 Cell ID: 30358027 Physical Cell ID: 193 Tracking Area Code: 41224 EARFCN: 875
08-10 23:27:08.319  5910  5910 D cellinfo: Latitude is 39.9009858
08-10 23:27:08.319  5910  5910 D cellinfo: Longitude is -104.9884532
08-10 23:27:08.319  5910  5910 D cellinfo: Instantaneous GPS information: United States, 50 W Community Center Dr, Northglenn, CO 80234, USA
08-10 23:27:08.319  5910  5910 D cellinfo: getCurrentLocation() result: Location (success): 39.9009858, -104.9884532
08-10 23:27:08.333  5910  5982 D cellinfo: 46 bytes from 44.241.174.93: icmp_seq=8837 ttl=42 time=124 ms
08-10 23:27:08.346  5910  5910 D cellinfo: onsignalStrengthsChanged: LTE Signal Strength info: rsrp: -106 rsrq: -17 rssi: -69 rssnr: -3
08-10 23:27:08.366  5910  5910 D cellinfo: onServiceStateChanged: Channel Number: 875 Cell Bandwidths: [15000]
08-10 23:27:08.442  5910  5982 D cellinfo: 46 bytes from 44.241.174.93: icmp_seq=8838 ttl=42 time=33.8 ms
08-10 23:27:08.642  5910  5982 D cellinfo: 46 bytes from 44.241.174.93: icmp_seq=8839 ttl=42 time=33.4 ms
08-10 23:27:08.853  5910  5982 D cellinfo: 46 bytes from 44.241.174.93: icmp_seq=8840 ttl=42 time=43.7 ms
08-10 23:27:09.047  5910  5982 D cellinfo: 46 bytes from 44.241.174.93: icmp_seq=8841 ttl=42 time=35.4 ms
08-10 23:27:09.247  5910  5982 D cellinfo: 46 bytes from 44.241.174.93: icmp_seq=8842 ttl=42 time=34.0 ms
08-10 23:27:09.472  5910  5982 D cellinfo: 46 bytes from 44.241.174.93: icmp_seq=8843 ttl=42 time=58.1 ms
08-10 23:27:09.646  5910  5982 D cellinfo: 46 bytes from 44.241.174.93: icmp_seq=8844 ttl=42 time=31.9 ms
08-10 23:27:09.858  5910  5982 D cellinfo: 46 bytes from 44.241.174.93: icmp_seq=8845 ttl=42 time=41.9 ms
08-10 23:27:10.051  5910  5982 D cellinfo: 46 bytes from 44.241.174.93: icmp_seq=8846 ttl=42 time=35.3 ms
08-10 23:27:10.252  5910  5982 D cellinfo: 46 bytes from 44.241.174.93: icmp_seq=8847 ttl=42 time=35.2 ms
08-10 23:27:10.451  5910  5982 D cellinfo: 46 bytes from 44.241.174.93: icmp_seq=8848 ttl=42 time=33.4 ms
08-10 23:27:10.666  5910  5982 D cellinfo: 46 bytes from 44.241.174.93: icmp_seq=8849 ttl=42 time=47.3 ms
08-10 23:27:10.862  5910  5982 D cellinfo: 46 bytes from 44.241.174.93: icmp_seq=8850 ttl=42 time=41.9 ms
08-10 23:27:11.065  5910  5982 D cellinfo: 46 bytes from 44.241.174.93: icmp_seq=8851 ttl=42 time=44.5 ms
08-10 23:27:11.257  5910  5982 D cellinfo: 46 bytes from 44.241.174.93: icmp_seq=8852 ttl=42 time=35.2 ms
08-10 23:27:11.285  5910  5910 D cellinfo: Latitude is 39.9007233
08-10 23:27:11.285  5910  5910 D cellinfo: Longitude is -104.9883454
08-10 23:27:11.285  5910  5910 D cellinfo: Instantaneous GPS information: United States, 50 W Community Center Dr, Northglenn, CO 80234, USA
08-10 23:27:11.285  5910  5910 D cellinfo: getCurrentLocation() result: Location (success): 39.9007233, -104.9883454
08-10 23:27:11.286  5910  5910 D cellinfo: onCellInfoChanged: Operator: T-Mobile UpdateTimestamp: 19352128 CellConnectionStatus: 0
08-10 23:27:11.286  5910  5910 D cellinfo: onCellInfoChanged: LTE Cell Bands: [2] Bandwidth: 15000 Cell ID: 5735693 Physical Cell ID: 308 Tracking Area Code: 41463 EARFCN: 875
08-10 23:27:11.287  5910  5910 D cellinfo: onsignalStrengthsChanged: LTE Signal Strength info: rsrp: -108 rsrq: -13 rssi: -79 rssnr: -4
08-10 23:27:11.287  5910  5910 D cellinfo: onsignalStrengthsChanged: 5G-NR Signal Strength info: ssrsrp: -90 ssrsrq: -11 sssinr: 2147483647
08-10 23:27:11.287  5910  5910 D cellinfo: onServiceStateChanged: Channel Number: 875 Cell Bandwidths: [15000]
08-10 23:27:11.457  5910  5982 D cellinfo: 46 bytes from 44.241.174.93: icmp_seq=8853 ttl=42 time=34.2 ms
08-10 23:27:11.666  5910  5982 D cellinfo: 46 bytes from 44.241.174.93: icmp_seq=8854 ttl=42 time=42.7 ms
08-10 23:27:11.862  5910  5982 D cellinfo: 46 bytes from 44.241.174.93: icmp_seq=8855 ttl=42 time=38.2 ms
08-10 23:27:12.062  5910  5982 D cellinfo: 46 bytes from 44.241.174.93: icmp_seq=8856 ttl=42 time=37.2 ms
08-10 23:27:12.272  5910  5982 D cellinfo: 46 bytes from 44.241.174.93: icmp_seq=8857 ttl=42 time=46.3 ms
08-10 23:27:12.278  5910  5910 D cellinfo: onServiceStateChanged: Channel Number: 875 Cell Bandwidths: [15000]
08-10 23:27:12.473  5910  5982 D cellinfo: 46 bytes from 44.241.174.93: icmp_seq=8858 ttl=42 time=45.4 ms
08-10 23:27:12.662  5910  5982 D cellinfo: 46 bytes from 44.241.174.93: icmp_seq=8859 ttl=42 time=33.6 ms
08-10 23:27:12.771  5910  5910 D cellinfo: onsignalStrengthsChanged: LTE Signal Strength info: rsrp: -106 rsrq: -14 rssi: -79 rssnr: -4
08-10 23:27:12.771  5910  5910 D cellinfo: onsignalStrengthsChanged: 5G-NR Signal Strength info: ssrsrp: -90 ssrsrq: -11 sssinr: 2147483647
08-10 23:27:12.862  5910  5982 D cellinfo: 46 bytes from 44.241.174.93: icmp_seq=8860 ttl=42 time=32.8 ms
08-10 23:27:13.067  5910  5982 D cellinfo: 46 bytes from 44.241.174.93: icmp_seq=8861 ttl=42 time=37.5 ms
08-10 23:27:13.272  5910  5982 D cellinfo: 46 bytes from 44.241.174.93: icmp_seq=8862 ttl=42 time=41.2 ms
08-10 23:27:13.467  5910  5982 D cellinfo: 46 bytes from 44.241.174.93: icmp_seq=8863 ttl=42 time=34.9 ms
08-10 23:27:13.671  5910  5982 D cellinfo: 46 bytes from 44.241.174.93: icmp_seq=8864 ttl=42 time=38.9 ms
08-10 23:27:13.872  5910  5982 D cellinfo: 46 bytes from 44.241.174.93: icmp_seq=8865 ttl=42 time=38.7 ms
08-10 23:27:14.072  5910  5982 D cellinfo: 46 bytes from 44.241.174.93: icmp_seq=8866 ttl=42 time=37.9 ms
08-10 23:27:14.277  5910  5982 D cellinfo: 46 bytes from 44.241.174.93: icmp_seq=8867 ttl=42 time=42.5 ms
08-10 23:27:14.326  5910  5910 D cellinfo: Latitude is 39.9000811
08-10 23:27:14.326  5910  5910 D cellinfo: Longitude is -104.9880841
08-10 23:27:14.326  5910  5910 D cellinfo: Instantaneous GPS information: United States, 11170 Acoma St, Northglenn, CO 80234, USA
08-10 23:27:14.326  5910  5910 D cellinfo: getCurrentLocation() result: Location (success): 39.9000811, -104.9880841
08-10 23:27:14.328  5910  5910 D cellinfo: onCellInfoChanged: Operator: T-Mobile UpdateTimestamp: 19355141 CellConnectionStatus: 0
08-10 23:27:14.328  5910  5910 D cellinfo: onCellInfoChanged: LTE Cell Bands: [2] Bandwidth: 15000 Cell ID: 8824843 Physical Cell ID: 149 Tracking Area Code: 41463 EARFCN: 875
08-10 23:27:14.328  5910  5910 D cellinfo: onsignalStrengthsChanged: LTE Signal Strength info: rsrp: -106 rsrq: -14 rssi: -79 rssnr: -4
08-10 23:27:14.328  5910  5910 D cellinfo: onsignalStrengthsChanged: 5G-NR Signal Strength info: ssrsrp: -91 ssrsrq: -11 sssinr: 2147483647
08-10 23:27:14.477  5910  5982 D cellinfo: 46 bytes from 44.241.174.93: icmp_seq=8868 ttl=42 time=41.2 ms
08-10 23:27:14.672  5910  5982 D cellinfo: 46 bytes from 44.241.174.93: icmp_seq=8869 ttl=42 time=35.2 ms
08-10 23:27:14.877  5910  5982 D cellinfo: 46 bytes from 44.241.174.93: icmp_seq=8870 ttl=42 time=39.1 ms
08-10 23:27:15.072  5910  5982 D cellinfo: 46 bytes from 44.241.174.93: icmp_seq=8871 ttl=42 time=33.6 ms
08-10 23:27:15.272  5910  5982 D cellinfo: 46 bytes from 44.241.174.93: icmp_seq=8872 ttl=42 time=32.9 ms
08-10 23:27:15.477  5910  5982 D cellinfo: 46 bytes from 44.241.174.93: icmp_seq=8873 ttl=42 time=37.6 ms
08-10 23:27:15.681  5910  5982 D cellinfo: 46 bytes from 44.241.174.93: icmp_seq=8874 ttl=42 time=41.3 ms
08-10 23:27:15.876  5910  5982 D cellinfo: 46 bytes from 44.241.174.93: icmp_seq=8875 ttl=42 time=35.4 ms
08-10 23:27:16.077  5910  5982 D cellinfo: 46 bytes from 44.241.174.93: icmp_seq=8876 ttl=42 time=34.9 ms
08-10 23:27:16.189  5910  5910 D cellinfo: onsignalStrengthsChanged: LTE Signal Strength info: rsrp: -107 rsrq: -12 rssi: -75 rssnr: -1
08-10 23:27:16.189  5910  5910 D cellinfo: onsignalStrengthsChanged: 5G-NR Signal Strength info: ssrsrp: -91 ssrsrq: -11 sssinr: 2147483647
08-10 23:27:16.277  5910  5982 D cellinfo: 46 bytes from 44.241.174.93: icmp_seq=8877 ttl=42 time=34.4 ms
08-10 23:27:16.476  5910  5982 D cellinfo: 46 bytes from 44.241.174.93: icmp_seq=8878 ttl=42 time=32.3 ms
08-10 23:27:16.677  5910  5982 D cellinfo: 46 bytes from 44.241.174.93: icmp_seq=8879 ttl=42 time=31.9 ms
08-10 23:27:16.882  5910  5982 D cellinfo: 46 bytes from 44.241.174.93: icmp_seq=8880 ttl=42 time=36.1 ms
08-10 23:27:17.087  5910  5982 D cellinfo: 46 bytes from 44.241.174.93: icmp_seq=8881 ttl=42 time=41.2 ms
08-10 23:27:17.288  5910  5982 D cellinfo: 46 bytes from 44.241.174.93: icmp_seq=8882 ttl=42 time=40.8 ms
08-10 23:27:17.333  5910  5910 D cellinfo: Latitude is 39.8997769
08-10 23:27:17.334  5910  5910 D cellinfo: Longitude is -104.9879585
08-10 23:27:17.334  5910  5910 D cellinfo: Instantaneous GPS information: United States, 11170 Acoma St, Northglenn, CO 80234, USA
08-10 23:27:17.334  5910  5910 D cellinfo: getCurrentLocation() result: Location (success): 39.8997769, -104.9879585
08-10 23:27:17.335  5910  5910 D cellinfo: onCellInfoChanged: Operator: T-Mobile UpdateTimestamp: 19358148 CellConnectionStatus: 0
08-10 23:27:17.335  5910  5910 D cellinfo: onCellInfoChanged: LTE Cell Bands: [2] Bandwidth: 15000 Cell ID: 8824843 Physical Cell ID: 149 Tracking Area Code: 41463 EARFCN: 875
08-10 23:27:17.336  5910  5910 D cellinfo: onsignalStrengthsChanged: LTE Signal Strength info: rsrp: -107 rsrq: -12 rssi: -75 rssnr: -1
08-10 23:27:17.336  5910  5910 D cellinfo: onsignalStrengthsChanged: 5G-NR Signal Strength info: ssrsrp: -92 ssrsrq: -11 sssinr: 2147483647
08-10 23:27:17.482  5910  5982 D cellinfo: 46 bytes from 44.241.174.93: icmp_seq=8883 ttl=42 time=34.0 ms
08-10 23:27:17.681  5910  5982 D cellinfo: 46 bytes from 44.241.174.93: icmp_seq=8884 ttl=42 time=32.4 ms
08-10 23:27:17.887  5910  5982 D cellinfo: 46 bytes from 44.241.174.93: icmp_seq=8885 ttl=42 time=36.7 ms
08-10 23:27:18.087  5910  5982 D cellinfo: 46 bytes from 44.241.174.93: icmp_seq=8886 ttl=42 time=36.3 ms
08-10 23:27:18.312  5910  5982 D cellinfo: 46 bytes from 44.241.174.93: icmp_seq=8887 ttl=42 time=60.5 ms
08-10 23:27:18.487  5910  5982 D cellinfo: 46 bytes from 44.241.174.93: icmp_seq=8888 ttl=42 time=34.1 ms
08-10 23:27:18.686  5910  5982 D cellinfo: 46 bytes from 44.241.174.93: icmp_seq=8889 ttl=42 time=32.5 ms
08-10 23:27:18.892  5910  5982 D cellinfo: 46 bytes from 44.241.174.93: icmp_seq=8890 ttl=42 time=37.3 ms
08-10 23:27:19.097  5910  5982 D cellinfo: 46 bytes from 44.241.174.93: icmp_seq=8891 ttl=42 time=40.6 ms
08-10 23:27:19.190  5910  5910 D cellinfo: onsignalStrengthsChanged: LTE Signal Strength info: rsrp: -91 rsrq: -7 rssi: -61 rssnr: 11
08-10 23:27:19.190  5910  5910 D cellinfo: onsignalStrengthsChanged: 5G-NR Signal Strength info: ssrsrp: -92 ssrsrq: -11 sssinr: 2147483647
08-10 23:27:19.292  5910  5982 D cellinfo: 46 bytes from 44.241.174.93: icmp_seq=8892 ttl=42 time=35.8 ms
08-10 23:27:19.495  5910  5982 D cellinfo: 46 bytes from 44.241.174.93: icmp_seq=8893 ttl=42 time=37.9 ms
08-10 23:27:19.693  5910  5982 D cellinfo: 46 bytes from 44.241.174.93: icmp_seq=8894 ttl=42 time=35.8 ms
08-10 23:27:19.891  5910  5982 D cellinfo: 46 bytes from 44.241.174.93: icmp_seq=8895 ttl=42 time=32.7 ms
08-10 23:27:20.094  5910  5982 D cellinfo: 46 bytes from 44.241.174.93: icmp_seq=8896 ttl=42 time=35.0 ms
08-10 23:27:20.107  5910  5910 D cellinfo: onCellInfoChanged: Operator: T-Mobile UpdateTimestamp: 19361141 CellConnectionStatus: 0
08-10 23:27:20.107  5910  5910 D cellinfo: onCellInfoChanged: LTE Cell Bands: [2] Bandwidth: 15000 Cell ID: 8824843 Physical Cell ID: 149 Tracking Area Code: 41463 EARFCN: 875
08-10 23:27:20.199  5910  5910 D cellinfo: onsignalStrengthsChanged: LTE Signal Strength info: rsrp: -91 rsrq: -7 rssi: -61 rssnr: 11
08-10 23:27:20.199  5910  5910 D cellinfo: onsignalStrengthsChanged: 5G-NR Signal Strength info: ssrsrp: -93 ssrsrq: -11 sssinr: 2147483647
08-10 23:27:20.292  5910  5982 D cellinfo: 46 bytes from 44.241.174.93: icmp_seq=8897 ttl=42 time=32.6 ms
08-10 23:27:20.496  5910  5982 D cellinfo: 46 bytes from 44.241.174.93: icmp_seq=8898 ttl=42 time=36.1 ms
08-10 23:27:20.697  5910  5982 D cellinfo: 46 bytes from 44.241.174.93: icmp_seq=8899 ttl=42 time=35.8 ms
08-10 23:27:20.902  5910  5982 D cellinfo: 46 bytes from 44.241.174.93: icmp_seq=8900 ttl=42 time=40.4 ms
08-10 23:27:21.098  5910  5982 D cellinfo: 46 bytes from 44.241.174.93: icmp_seq=8901 ttl=42 time=35.3 ms
08-10 23:27:21.297  5910  5982 D cellinfo: 46 bytes from 44.241.174.93: icmp_seq=8902 ttl=42 time=33.5 ms
08-10 23:27:21.497  5910  5982 D cellinfo: 46 bytes from 44.241.174.93: icmp_seq=8903 ttl=42 time=32.7 ms
08-10 23:27:21.702  5910  5982 D cellinfo: 46 bytes from 44.241.174.93: icmp_seq=8904 ttl=42 time=37.1 ms
08-10 23:27:21.733  5910  5910 D cellinfo: onsignalStrengthsChanged: LTE Signal Strength info: rsrp: -92 rsrq: -8 rssi: -65 rssnr: 11
08-10 23:27:21.733  5910  5910 D cellinfo: onsignalStrengthsChanged: 5G-NR Signal Strength info: ssrsrp: -93 ssrsrq: -11 sssinr: 2147483647
08-10 23:27:21.917  5910  5982 D cellinfo: 46 bytes from 44.241.174.93: icmp_seq=8905 ttl=42 time=51.1 ms
08-10 23:27:22.108  5910  5982 D cellinfo: 46 bytes from 44.241.174.93: icmp_seq=8906 ttl=42 time=41.4 ms
08-10 23:27:22.193  5910  5910 D cellinfo: Latitude is 39.8964368
08-10 23:27:22.193  5910  5910 D cellinfo: Longitude is -104.9876657
08-10 23:27:22.193  5910  5910 D cellinfo: Instantaneous GPS information: United States, 11020 Acoma St, Northglenn, CO 80234, USA
08-10 23:27:22.193  5910  5910 D cellinfo: getCurrentLocation() result: Location (success): 39.8964368, -104.9876657
08-10 23:27:22.301  5910  5982 D cellinfo: 46 bytes from 44.241.174.93: icmp_seq=8907 ttl=42 time=33.5 ms
08-10 23:27:22.511  5910  5982 D cellinfo: 46 bytes from 44.241.174.93: icmp_seq=8908 ttl=42 time=42.3 ms
08-10 23:27:22.705  5910  5982 D cellinfo: 46 bytes from 44.241.174.93: icmp_seq=8909 ttl=42 time=34.9 ms
08-10 23:27:22.911  5910  5982 D cellinfo: 46 bytes from 44.241.174.93: icmp_seq=8910 ttl=42 time=40.5 ms
08-10 23:27:23.054  5910  5910 D cellinfo: Latitude is 39.8964368
08-10 23:27:23.054  5910  5910 D cellinfo: Longitude is -104.9876657
08-10 23:27:23.054  5910  5910 D cellinfo: Instantaneous GPS information: United States, 11020 Acoma St, Northglenn, CO 80234, USA
08-10 23:27:23.054  5910  5910 D cellinfo: getCurrentLocation() result: Location (success): 39.8964368, -104.9876657
08-10 23:27:23.112  5910  5982 D cellinfo: 46 bytes from 44.241.174.93: icmp_seq=8911 ttl=42 time=40.1 ms
08-10 23:27:23.126  5910  5910 D cellinfo: onCellInfoChanged: Operator: T-Mobile UpdateTimestamp: 19364149 CellConnectionStatus: 0
08-10 23:27:23.126  5910  5910 D cellinfo: onCellInfoChanged: LTE Cell Bands: [2] Bandwidth: 15000 Cell ID: 8824843 Physical Cell ID: 149 Tracking Area Code: 41463 EARFCN: 875
08-10 23:27:23.204  5910  5910 D cellinfo: onsignalStrengthsChanged: LTE Signal Strength info: rsrp: -92 rsrq: -8 rssi: -65 rssnr: 11
08-10 23:27:23.204  5910  5910 D cellinfo: onsignalStrengthsChanged: 5G-NR Signal Strength info: ssrsrp: -97 ssrsrq: -11 sssinr: 2147483647
08-10 23:27:23.311  5910  5982 D cellinfo: 46 bytes from 44.241.174.93: icmp_seq=8912 ttl=42 time=38.8 ms
08-10 23:27:23.515  5910  5982 D cellinfo: 46 bytes from 44.241.174.93: icmp_seq=8913 ttl=42 time=41.6 ms
08-10 23:27:23.715  5910  5982 D cellinfo: 46 bytes from 44.241.174.93: icmp_seq=8914 ttl=42 time=41.8 ms
08-10 23:27:23.912  5910  5982 D cellinfo: 46 bytes from 44.241.174.93: icmp_seq=8915 ttl=42 time=38.2 ms
08-10 23:27:24.115  5910  5982 D cellinfo: 46 bytes from 44.241.174.93: icmp_seq=8916 ttl=42 time=40.3 ms
08-10 23:27:24.312  5910  5982 D cellinfo: 46 bytes from 44.241.174.93: icmp_seq=8917 ttl=42 time=36.6 ms
08-10 23:27:24.521  5910  5982 D cellinfo: 46 bytes from 44.241.174.93: icmp_seq=8918 ttl=42 time=44.5 ms
08-10 23:27:24.715  5910  5982 D cellinfo: 46 bytes from 44.241.174.93: icmp_seq=8919 ttl=42 time=37.8 ms
08-10 23:27:24.923  5910  5982 D cellinfo: 46 bytes from 44.241.174.93: icmp_seq=8920 ttl=42 time=44.4 ms
08-10 23:27:25.142  5910  5982 D cellinfo: 46 bytes from 44.241.174.93: icmp_seq=8921 ttl=42 time=62.5 ms
08-10 23:27:25.190  5910  5910 D cellinfo: onsignalStrengthsChanged: LTE Signal Strength info: rsrp: -91 rsrq: -8 rssi: -63 rssnr: 11
08-10 23:27:25.191  5910  5910 D cellinfo: onsignalStrengthsChanged: 5G-NR Signal Strength info: ssrsrp: -97 ssrsrq: -11 sssinr: 2147483647
08-10 23:27:25.317  5910  5982 D cellinfo: 46 bytes from 44.241.174.93: icmp_seq=8922 ttl=42 time=36.5 ms
08-10 23:27:25.523  5910  5982 D cellinfo: 46 bytes from 44.241.174.93: icmp_seq=8923 ttl=42 time=40.5 ms
08-10 23:27:25.721  5910  5982 D cellinfo: 46 bytes from 44.241.174.93: icmp_seq=8924 ttl=42 time=36.9 ms
08-10 23:27:25.922  5910  5982 D cellinfo: 46 bytes from 44.241.174.93: icmp_seq=8925 ttl=42 time=38.2 ms
08-10 23:27:26.126  5910  5982 D cellinfo: 46 bytes from 44.241.174.93: icmp_seq=8926 ttl=42 time=41.0 ms
08-10 23:27:26.270  5910  5910 D cellinfo: Latitude is 39.8961518
08-10 23:27:26.270  5910  5910 D cellinfo: Longitude is -104.9876592
08-10 23:27:26.270  5910  5910 D cellinfo: Instantaneous GPS information: United States, 11000 Acoma St, Northglenn, CO 80234, USA
08-10 23:27:26.270  5910  5910 D cellinfo: getCurrentLocation() result: Location (success): 39.8961518, -104.9876592
08-10 23:27:26.272  5910  5910 D cellinfo: onCellInfoChanged: Operator: T-Mobile UpdateTimestamp: 19367141 CellConnectionStatus: 0
08-10 23:27:26.273  5910  5910 D cellinfo: onCellInfoChanged: LTE Cell Bands: [2] Bandwidth: 15000 Cell ID: 8824843 Physical Cell ID: 149 Tracking Area Code: 41463 EARFCN: 875
08-10 23:27:26.327  5910  5982 D cellinfo: 46 bytes from 44.241.174.93: icmp_seq=8927 ttl=42 time=40.6 ms
08-10 23:27:26.552  5910  5982 D cellinfo: 46 bytes from 44.241.174.93: icmp_seq=8928 ttl=42 time=65.8 ms
08-10 23:27:26.742  5910  5982 D cellinfo: 46 bytes from 44.241.174.93: icmp_seq=8929 ttl=42 time=55.1 ms
08-10 23:27:26.952  5910  5982 D cellinfo: 46 bytes from 44.241.174.93: icmp_seq=8930 ttl=42 time=64.7 ms
08-10 23:27:27.140  5910  5982 D cellinfo: 46 bytes from 44.241.174.93: icmp_seq=8931 ttl=42 time=51.6 ms
08-10 23:27:27.335  5910  5982 D cellinfo: 46 bytes from 44.241.174.93: icmp_seq=8932 ttl=42 time=46.0 ms
08-10 23:27:27.523  5910  5982 D cellinfo: 46 bytes from 44.241.174.93: icmp_seq=8933 ttl=42 time=33.5 ms
08-10 23:27:27.742  5910  5982 D cellinfo: 46 bytes from 44.241.174.93: icmp_seq=8934 ttl=42 time=51.7 ms
08-10 23:27:27.937  5910  5982 D cellinfo: 46 bytes from 44.241.174.93: icmp_seq=8935 ttl=42 time=46.6 ms
08-10 23:27:28.135  5910  5982 D cellinfo: 46 bytes from 44.241.174.93: icmp_seq=8936 ttl=42 time=44.3 ms
08-10 23:27:28.191  5910  5910 D cellinfo: onsignalStrengthsChanged: LTE Signal Strength info: rsrp: -90 rsrq: -10 rssi: -63 rssnr: 11
08-10 23:27:28.191  5910  5910 D cellinfo: onsignalStrengthsChanged: 5G-NR Signal Strength info: ssrsrp: -97 ssrsrq: -11 sssinr: 2147483647
08-10 23:27:28.352  5910  5982 D cellinfo: 46 bytes from 44.241.174.93: icmp_seq=8937 ttl=42 time=60.0 ms
08-10 23:27:28.552  5910  5982 D cellinfo: 46 bytes from 44.241.174.93: icmp_seq=8938 ttl=42 time=59.4 ms
08-10 23:27:28.733  5910  5982 D cellinfo: 46 bytes from 44.241.174.93: icmp_seq=8939 ttl=42 time=38.7 ms
08-10 23:27:28.926  5910  5982 D cellinfo: 46 bytes from 44.241.174.93: icmp_seq=8940 ttl=42 time=31.6 ms
08-10 23:27:29.126  5910  5982 D cellinfo: 46 bytes from 44.241.174.93: icmp_seq=8941 ttl=42 time=31.6 ms
08-10 23:27:29.332  5910  5982 D cellinfo: 46 bytes from 44.241.174.93: icmp_seq=8942 ttl=42 time=35.8 ms
08-10 23:27:29.342  5910  5910 D cellinfo: Latitude is 39.8954413
08-10 23:27:29.342  5910  5910 D cellinfo: Longitude is -104.987643
08-10 23:27:29.342  5910  5910 D cellinfo: Instantaneous GPS information: United States, 10940 Acoma St, Northglenn, CO 80234, USA
08-10 23:27:29.342  5910  5910 D cellinfo: getCurrentLocation() result: Location (success): 39.8954413, -104.987643
08-10 23:27:29.344  5910  5910 D cellinfo: onCellInfoChanged: Operator: T-Mobile UpdateTimestamp: 19370146 CellConnectionStatus: 0
08-10 23:27:29.344  5910  5910 D cellinfo: onCellInfoChanged: LTE Cell Bands: [2] Bandwidth: 15000 Cell ID: 8824843 Physical Cell ID: 149 Tracking Area Code: 41463 EARFCN: 875
08-10 23:27:29.345  5910  5910 D cellinfo: onsignalStrengthsChanged: LTE Signal Strength info: rsrp: -90 rsrq: -10 rssi: -63 rssnr: 11
08-10 23:27:29.345  5910  5910 D cellinfo: onsignalStrengthsChanged: 5G-NR Signal Strength info: ssrsrp: -99 ssrsrq: -11 sssinr: 2147483647
08-10 23:27:29.532  5910  5982 D cellinfo: 46 bytes from 44.241.174.93: icmp_seq=8943 ttl=42 time=36.0 ms
08-10 23:27:29.746  5910  5982 D cellinfo: 46 bytes from 44.241.174.93: icmp_seq=8944 ttl=42 time=48.9 ms
08-10 23:27:29.933  5910  5982 D cellinfo: 46 bytes from 44.241.174.93: icmp_seq=8945 ttl=42 time=34.6 ms
08-10 23:27:30.152  5910  5982 D cellinfo: 46 bytes from 44.241.174.93: icmp_seq=8946 ttl=42 time=53.5 ms
08-10 23:27:30.332  5910  5982 D cellinfo: 46 bytes from 44.241.174.93: icmp_seq=8947 ttl=42 time=32.9 ms
08-10 23:27:30.537  5910  5982 D cellinfo: 46 bytes from 44.241.174.93: icmp_seq=8948 ttl=42 time=36.5 ms
08-10 23:27:30.702  5910  5910 D cellinfo: onsignalStrengthsChanged: LTE Signal Strength info: rsrp: -91 rsrq: -9 rssi: -63 rssnr: 11
08-10 23:27:30.702  5910  5910 D cellinfo: onsignalStrengthsChanged: 5G-NR Signal Strength info: ssrsrp: -99 ssrsrq: -11 sssinr: 2147483647
08-10 23:27:30.756  5910  5982 D cellinfo: 46 bytes from 44.241.174.93: icmp_seq=8949 ttl=42 time=55.0 ms
08-10 23:27:30.938  5910  5982 D cellinfo: 46 bytes from 44.241.174.93: icmp_seq=8950 ttl=42 time=35.8 ms
08-10 23:27:31.140  5910  5982 D cellinfo: 46 bytes from 44.241.174.93: icmp_seq=8951 ttl=42 time=37.2 ms
08-10 23:27:31.340  5910  5982 D cellinfo: 46 bytes from 44.241.174.93: icmp_seq=8952 ttl=42 time=36.1 ms
08-10 23:27:31.542  5910  5982 D cellinfo: 46 bytes from 44.241.174.93: icmp_seq=8953 ttl=42 time=37.6 ms
08-10 23:27:31.742  5910  5982 D cellinfo: 46 bytes from 44.241.174.93: icmp_seq=8954 ttl=42 time=37.1 ms
08-10 23:27:31.943  5910  5982 D cellinfo: 46 bytes from 44.241.174.93: icmp_seq=8955 ttl=42 time=37.0 ms
08-10 23:27:32.142  5910  5982 D cellinfo: 46 bytes from 44.241.174.93: icmp_seq=8956 ttl=42 time=35.8 ms
08-10 23:27:32.319  5910  5910 D cellinfo: Latitude is 39.8951074
08-10 23:27:32.320  5910  5910 D cellinfo: Longitude is -104.9876354
08-10 23:27:32.320  5910  5910 D cellinfo: Instantaneous GPS information: United States, 10920 Acoma St, Northglenn, CO 80234, USA
08-10 23:27:32.320  5910  5910 D cellinfo: getCurrentLocation() result: Location (success): 39.8951074, -104.9876354
