08-10 20:45:47.430 14030 14080 D cellinfo: 46 bytes from 44.241.174.93: icmp_seq=2406 ttl=42 time=47.6 ms
08-10 20:45:47.637 14030 14080 D cellinfo: 46 bytes from 44.241.174.93: icmp_seq=2407 ttl=42 time=53.8 ms
08-10 20:45:47.750 14030 14030 D cellinfo: onsignalStrengthsChanged: LTE Signal Strength info: rsrp: -107 rsrq: -11 rssi: -79 rssnr: 3
08-10 20:45:47.750 14030 14030 D cellinfo: onsignalStrengthsChanged: 5G-NR Signal Strength info: ssrsrp: -106 ssrsrq: -13 sssinr: 2147483647
08-10 20:45:47.837 14030 14080 D cellinfo: 46 bytes from 44.241.174.93: icmp_seq=2408 ttl=42 time=53.9 ms
08-10 20:45:48.030 14030 14080 D cellinfo: 46 bytes from 44.241.174.93: icmp_seq=2409 ttl=42 time=46.3 ms
08-10 20:45:48.231 14030 14080 D cellinfo: 46 bytes from 44.241.174.93: icmp_seq=2410 ttl=42 time=47.1 ms
08-10 20:45:48.440 14030 14080 D cellinfo: 46 bytes from 44.241.174.93: icmp_seq=2411 ttl=42 time=55.7 ms
08-10 20:45:48.639 14030 14080 D cellinfo: 46 bytes from 44.241.174.93: icmp_seq=2412 ttl=42 time=54.0 ms
08-10 20:45:48.840 14030 14080 D cellinfo: 46 bytes from 44.241.174.93: icmp_seq=2413 ttl=42 time=54.6 ms
08-10 20:45:49.040 14030 14080 D cellinfo: 46 bytes from 44.241.174.93: icmp_seq=2414 ttl=42 time=53.1 ms
08-10 20:45:49.240 14030 14080 D cellinfo: 46 bytes from 44.241.174.93: icmp_seq=2415 ttl=42 time=53.2 ms
08-10 20:45:49.437 14030 14030 D cellinfo: Latitude is 41.4015967
08-10 20:45:49.437 14030 14030 D cellinfo: Longitude is -105.8299945
08-10 20:45:49.437 14030 14030 D cellinfo: Instantaneous GPS information: United States, Dwight D. Eisenhower Hwy, Laramie, WY 82070, USA
08-10 20:45:49.437 14030 14030 D cellinfo: getCurrentLocation() result: Location (success): 41.4015967, -105.8299945
08-10 20:45:49.438 14030 14030 D cellinfo: onCellInfoChanged: Operator: T-Mobile UpdateTimestamp: 9670187 CellConnectionStatus: 0
08-10 20:45:49.438 14030 14030 D cellinfo: onCellInfoChanged: LTE Cell Bands: [2] Bandwidth: 10000 Cell ID: 25826571 Physical Cell ID: 219 Tracking Area Code: 47617 EARFCN: 852
08-10 20:45:49.440 14030 14080 D cellinfo: 46 bytes from 44.241.174.93: icmp_seq=2416 ttl=42 time=52.1 ms
08-10 20:45:49.630 14030 14080 D cellinfo: 46 bytes from 44.241.174.93: icmp_seq=2417 ttl=42 time=41.5 ms
08-10 20:45:49.840 14030 14080 D cellinfo: 46 bytes from 44.241.174.93: icmp_seq=2418 ttl=42 time=49.3 ms
08-10 20:45:49.899 14030 14030 D cellinfo: onsignalStrengthsChanged: LTE Signal Strength info: rsrp: -108 rsrq: -12 rssi: -79 rssnr: 2
08-10 20:45:49.899 14030 14030 D cellinfo: onsignalStrengthsChanged: 5G-NR Signal Strength info: ssrsrp: -106 ssrsrq: -13 sssinr: 2147483647
08-10 20:45:50.040 14030 14080 D cellinfo: 46 bytes from 44.241.174.93: icmp_seq=2419 ttl=42 time=48.9 ms
08-10 20:45:50.241 14030 14080 D cellinfo: 46 bytes from 44.241.174.93: icmp_seq=2420 ttl=42 time=50.9 ms
08-10 20:45:50.450 14030 14080 D cellinfo: 46 bytes from 44.241.174.93: icmp_seq=2421 ttl=42 time=59.2 ms
08-10 20:45:50.651 14030 14080 D cellinfo: 46 bytes from 44.241.174.93: icmp_seq=2422 ttl=42 time=58.8 ms
08-10 20:45:50.746 14030 14030 D cellinfo: onsignalStrengthsChanged: LTE Signal Strength info: rsrp: -108 rsrq: -12 rssi: -79 rssnr: 2
08-10 20:45:50.746 14030 14030 D cellinfo: onsignalStrengthsChanged: 5G-NR Signal Strength info: ssrsrp: -101 ssrsrq: -11 sssinr: 2147483647
08-10 20:45:50.839 14030 14080 D cellinfo: 46 bytes from 44.241.174.93: icmp_seq=2423 ttl=42 time=46.8 ms
08-10 20:45:51.046 14030 14080 D cellinfo: 46 bytes from 44.241.174.93: icmp_seq=2424 ttl=42 time=53.1 ms
08-10 20:45:51.240 14030 14080 D cellinfo: 46 bytes from 44.241.174.93: icmp_seq=2425 ttl=42 time=46.8 ms
08-10 20:45:51.448 14030 14080 D cellinfo: 46 bytes from 44.241.174.93: icmp_seq=2426 ttl=42 time=54.2 ms
08-10 20:45:51.650 14030 14080 D cellinfo: 46 bytes from 44.241.174.93: icmp_seq=2427 ttl=42 time=55.2 ms
08-10 20:45:51.850 14030 14080 D cellinfo: 46 bytes from 44.241.174.93: icmp_seq=2428 ttl=42 time=54.8 ms
08-10 20:45:52.050 14030 14080 D cellinfo: 46 bytes from 44.241.174.93: icmp_seq=2429 ttl=42 time=53.9 ms
08-10 20:45:52.248 14030 14080 D cellinfo: 46 bytes from 44.241.174.93: icmp_seq=2430 ttl=42 time=51.8 ms
08-10 20:45:52.449 14030 14030 D cellinfo: Latitude is 41.4008296
08-10 20:45:52.449 14030 14030 D cellinfo: Longitude is -105.8293287
08-10 20:45:52.449 14030 14030 D cellinfo: Instantaneous GPS information: United States, Dwight D. Eisenhower Hwy, Laramie, WY 82070, USA
08-10 20:45:52.449 14030 14030 D cellinfo: getCurrentLocation() result: Location (success): 41.4008296, -105.8293287
08-10 20:45:52.451 14030 14030 D cellinfo: onsignalStrengthsChanged: LTE Signal Strength info: rsrp: -111 rsrq: -17 rssi: -73 rssnr: -1
08-10 20:45:52.451 14030 14030 D cellinfo: onsignalStrengthsChanged: 5G-NR Signal Strength info: ssrsrp: -101 ssrsrq: -11 sssinr: 2147483647
08-10 20:45:52.451 14030 14030 D cellinfo: onCellInfoChanged: Operator: T-Mobile UpdateTimestamp: 9673205 CellConnectionStatus: 0
08-10 20:45:52.451 14030 14030 D cellinfo: onCellInfoChanged: LTE Cell Bands: [2] Bandwidth: 10000 Cell ID: 25826571 Physical Cell ID: 219 Tracking Area Code: 47617 EARFCN: 852
08-10 20:45:52.451 14030 14080 D cellinfo: 46 bytes from 44.241.174.93: icmp_seq=2431 ttl=42 time=53.6 ms
08-10 20:45:52.651 14030 14080 D cellinfo: 46 bytes from 44.241.174.93: icmp_seq=2432 ttl=42 time=51.3 ms
08-10 20:45:52.849 14030 14080 D cellinfo: 46 bytes from 44.241.174.93: icmp_seq=2433 ttl=42 time=48.3 ms
08-10 20:45:53.058 14030 14080 D cellinfo: 46 bytes from 44.241.174.93: icmp_seq=2434 ttl=42 time=55.8 ms
08-10 20:45:53.259 14030 14080 D cellinfo: 46 bytes from 44.241.174.93: icmp_seq=2435 ttl=42 time=55.8 ms
08-10 20:45:53.456 14030 14080 D cellinfo: 46 bytes from 44.241.174.93: icmp_seq=2436 ttl=42 time=52.2 ms
08-10 20:45:53.660 14030 14080 D cellinfo: 46 bytes from 44.241.174.93: icmp_seq=2437 ttl=42 time=54.9 ms
08-10 20:45:53.860 14030 14080 D cellinfo: 46 bytes from 44.241.174.93: icmp_seq=2438 ttl=42 time=54.2 ms
08-10 20:45:54.060 14030 14080 D cellinfo: 46 bytes from 44.241.174.93: icmp_seq=2439 ttl=42 time=52.9 ms
08-10 20:45:54.260 14030 14080 D cellinfo: 46 bytes from 44.241.174.93: icmp_seq=2440 ttl=42 time=52.5 ms
08-10 20:45:54.382 14030 14030 D cellinfo: onsignalStrengthsChanged: LTE Signal Strength info: rsrp: -108 rsrq: -11 rssi: -81 rssnr: 0
08-10 20:45:54.382 14030 14030 D cellinfo: onsignalStrengthsChanged: 5G-NR Signal Strength info: ssrsrp: -101 ssrsrq: -11 sssinr: 2147483647
08-10 20:45:54.459 14030 14080 D cellinfo: 46 bytes from 44.241.174.93: icmp_seq=2441 ttl=42 time=50.8 ms
08-10 20:45:54.660 14030 14080 D cellinfo: 46 bytes from 44.241.174.93: icmp_seq=2442 ttl=42 time=50.6 ms
08-10 20:45:54.860 14030 14080 D cellinfo: 46 bytes from 44.241.174.93: icmp_seq=2443 ttl=42 time=49.6 ms
08-10 20:45:55.067 14030 14080 D cellinfo: 46 bytes from 44.241.174.93: icmp_seq=2444 ttl=42 time=55.8 ms
08-10 20:45:55.275 14030 14080 D cellinfo: 46 bytes from 44.241.174.93: icmp_seq=2445 ttl=42 time=62.6 ms
08-10 20:45:55.461 14030 14030 D cellinfo: Latitude is 41.400081
08-10 20:45:55.461 14030 14030 D cellinfo: Longitude is -105.8286774
08-10 20:45:55.461 14030 14030 D cellinfo: Instantaneous GPS information: United States, Dwight D. Eisenhower Hwy, Laramie, WY 82070, USA
08-10 20:45:55.461 14030 14030 D cellinfo: getCurrentLocation() result: Location (success): 41.400081, -105.8286774
08-10 20:45:55.463 14030 14030 D cellinfo: onCellInfoChanged: Operator: T-Mobile UpdateTimestamp: 9676205 CellConnectionStatus: 0
08-10 20:45:55.463 14030 14030 D cellinfo: onCellInfoChanged: LTE Cell Bands: [2] Bandwidth: 10000 Cell ID: 25826571 Physical Cell ID: 219 Tracking Area Code: 47617 EARFCN: 852
08-10 20:45:55.472 14030 14080 D cellinfo: 46 bytes from 44.241.174.93: icmp_seq=2446 ttl=42 time=57.4 ms
08-10 20:45:55.669 14030 14080 D cellinfo: 46 bytes from 44.241.174.93: icmp_seq=2447 ttl=42 time=53.8 ms
08-10 20:45:55.869 14030 14080 D cellinfo: 46 bytes from 44.241.174.93: icmp_seq=2448 ttl=42 time=53.0 ms
08-10 20:45:56.080 14030 14080 D cellinfo: 46 bytes from 44.241.174.93: icmp_seq=2449 ttl=42 time=62.4 ms
08-10 20:45:56.295 14030 14080 D cellinfo: 46 bytes from 44.241.174.93: icmp_seq=2450 ttl=42 time=76.5 ms
08-10 20:45:56.470 14030 14080 D cellinfo: 46 bytes from 44.241.174.93: icmp_seq=2451 ttl=42 time=50.2 ms
08-10 20:45:56.670 14030 14080 D cellinfo: 46 bytes from 44.241.174.93: icmp_seq=2452 ttl=42 time=49.4 ms
08-10 20:45:56.870 14030 14080 D cellinfo: 46 bytes from 44.241.174.93: icmp_seq=2453 ttl=42 time=47.7 ms
08-10 20:45:57.086 14030 14080 D cellinfo: 46 bytes from 44.241.174.93: icmp_seq=2454 ttl=42 time=61.8 ms
08-10 20:45:57.280 14030 14080 D cellinfo: 46 bytes from 44.241.174.93: icmp_seq=2455 ttl=42 time=54.7 ms
08-10 20:45:57.479 14030 14080 D cellinfo: 46 bytes from 44.241.174.93: icmp_seq=2456 ttl=42 time=53.2 ms
08-10 20:45:57.680 14030 14080 D cellinfo: 46 bytes from 44.241.174.93: icmp_seq=2457 ttl=42 time=52.7 ms
08-10 20:45:57.888 14030 14080 D cellinfo: 46 bytes from 44.241.174.93: icmp_seq=2458 ttl=42 time=59.8 ms
08-10 20:45:58.080 14030 14080 D cellinfo: 46 bytes from 44.241.174.93: icmp_seq=2459 ttl=42 time=51.6 ms
08-10 20:45:58.150 14030 14030 D cellinfo: onCellInfoChanged: Operator: T-Mobile UpdateTimestamp: 9679186 CellConnectionStatus: 0
08-10 20:45:58.150 14030 14030 D cellinfo: onCellInfoChanged: LTE Cell Bands: [2] Bandwidth: 10000 Cell ID: 25826571 Physical Cell ID: 219 Tracking Area Code: 47617 EARFCN: 852
08-10 20:45:58.279 14030 14080 D cellinfo: 46 bytes from 44.241.174.93: icmp_seq=2460 ttl=42 time=50.1 ms
08-10 20:45:58.480 14030 14080 D cellinfo: 46 bytes from 44.241.174.93: icmp_seq=2461 ttl=42 time=49.7 ms
08-10 20:45:58.680 14030 14080 D cellinfo: 46 bytes from 44.241.174.93: icmp_seq=2462 ttl=42 time=48.9 ms
08-10 20:45:58.860 14030 14030 D cellinfo: onsignalStrengthsChanged: LTE Signal Strength info: rsrp: -109 rsrq: -11 rssi: -81 rssnr: 4
08-10 20:45:58.860 14030 14030 D cellinfo: onsignalStrengthsChanged: 5G-NR Signal Strength info: ssrsrp: -101 ssrsrq: -11 sssinr: 2147483647
08-10 20:45:58.888 14030 14080 D cellinfo: 46 bytes from 44.241.174.93: icmp_seq=2463 ttl=42 time=56.1 ms
08-10 20:45:59.080 14030 14080 D cellinfo: 46 bytes from 44.241.174.93: icmp_seq=2464 ttl=42 time=47.4 ms
08-10 20:45:59.282 14030 14080 D cellinfo: 46 bytes from 44.241.174.93: icmp_seq=2465 ttl=42 time=48.8 ms
08-10 20:45:59.490 14030 14080 D cellinfo: 46 bytes from 44.241.174.93: icmp_seq=2466 ttl=42 time=54.4 ms
08-10 20:45:59.509 14030 14030 D cellinfo: Latitude is 41.3979395
08-10 20:45:59.509 14030 14030 D cellinfo: Longitude is -105.8266504
08-10 20:45:59.509 14030 14030 D cellinfo: Instantaneous GPS information: United States, Dwight D. Eisenhower Hwy, Laramie, WY 82070, USA
08-10 20:45:59.509 14030 14030 D cellinfo: getCurrentLocation() result: Location (success): 41.3979395, -105.8266504
08-10 20:45:59.697 14030 14080 D cellinfo: 46 bytes from 44.241.174.93: icmp_seq=2467 ttl=42 time=60.3 ms
08-10 20:45:59.887 14030 14080 D cellinfo: 46 bytes from 44.241.174.93: icmp_seq=2468 ttl=42 time=48.9 ms
08-10 20:46:00.098 14030 14080 D cellinfo: 46 bytes from 44.241.174.93: icmp_seq=2469 ttl=42 time=57.9 ms
08-10 20:46:00.290 14030 14080 D cellinfo: 46 bytes from 44.241.174.93: icmp_seq=2470 ttl=42 time=49.7 ms
08-10 20:46:00.490 14030 14080 D cellinfo: 46 bytes from 44.241.174.93: icmp_seq=2471 ttl=42 time=48.3 ms
08-10 20:46:00.689 14030 14080 D cellinfo: 46 bytes from 44.241.174.93: icmp_seq=2472 ttl=42 time=45.7 ms
08-10 20:46:00.900 14030 14080 D cellinfo: 46 bytes from 44.241.174.93: icmp_seq=2473 ttl=42 time=54.8 ms
08-10 20:46:01.100 14030 14030 D cellinfo: onsignalStrengthsChanged: LTE Signal Strength info: rsrp: -109 rsrq: -9 rssi: -83 rssnr: 6
08-10 20:46:01.100 14030 14030 D cellinfo: onsignalStrengthsChanged: 5G-NR Signal Strength info: ssrsrp: -101 ssrsrq: -11 sssinr: 2147483647
08-10 20:46:01.100 14030 14080 D cellinfo: 46 bytes from 44.241.174.93: icmp_seq=2474 ttl=42 time=55.1 ms
08-10 20:46:01.116 14030 14030 D cellinfo: Latitude is 41.3979395
08-10 20:46:01.116 14030 14030 D cellinfo: Longitude is -105.8266504
08-10 20:46:01.117 14030 14030 D cellinfo: Instantaneous GPS information: United States, Dwight D. Eisenhower Hwy, Laramie, WY 82070, USA
08-10 20:46:01.117 14030 14030 D cellinfo: getCurrentLocation() result: Location (success): 41.3979395, -105.8266504
08-10 20:46:01.161 14030 14030 D cellinfo: onCellInfoChanged: Operator: T-Mobile UpdateTimestamp: 9682196 CellConnectionStatus: 0
08-10 20:46:01.161 14030 14030 D cellinfo: onCellInfoChanged: LTE Cell Bands: [2] Bandwidth: 10000 Cell ID: 25826571 Physical Cell ID: 219 Tracking Area Code: 47617 EARFCN: 852
08-10 20:46:01.300 14030 14080 D cellinfo: 46 bytes from 44.241.174.93: icmp_seq=2475 ttl=42 time=54.4 ms
08-10 20:46:01.500 14030 14080 D cellinfo: 46 bytes from 44.241.174.93: icmp_seq=2476 ttl=42 time=53.6 ms
08-10 20:46:01.700 14030 14080 D cellinfo: 46 bytes from 44.241.174.93: icmp_seq=2477 ttl=42 time=52.7 ms
08-10 20:46:01.901 14030 14080 D cellinfo: 46 bytes from 44.241.174.93: icmp_seq=2478 ttl=42 time=51.8 ms
08-10 20:46:02.100 14030 14080 D cellinfo: 46 bytes from 44.241.174.93: icmp_seq=2479 ttl=42 time=51.1 ms
08-10 20:46:02.300 14030 14080 D cellinfo: 46 bytes from 44.241.174.93: icmp_seq=2480 ttl=42 time=50.3 ms
08-10 20:46:02.500 14030 14080 D cellinfo: 46 bytes from 44.241.174.93: icmp_seq=2481 ttl=42 time=49.8 ms
08-10 20:46:02.700 14030 14080 D cellinfo: 46 bytes from 44.241.174.93: icmp_seq=2482 ttl=42 time=49.2 ms
08-10 20:46:02.753 14030 14030 D cellinfo: onsignalStrengthsChanged: LTE Signal Strength info: rsrp: -109 rsrq: -9 rssi: -83 rssnr: 6
08-10 20:46:02.753 14030 14030 D cellinfo: onsignalStrengthsChanged: 5G-NR Signal Strength info: ssrsrp: -100 ssrsrq: -11 sssinr: 2147483647
08-10 20:46:02.900 14030 14080 D cellinfo: 46 bytes from 44.241.174.93: icmp_seq=2483 ttl=42 time=48.6 ms
08-10 20:46:03.100 14030 14080 D cellinfo: 46 bytes from 44.241.174.93: icmp_seq=2484 ttl=42 time=47.7 ms
08-10 20:46:03.309 14030 14080 D cellinfo: 46 bytes from 44.241.174.93: icmp_seq=2485 ttl=42 time=55.7 ms
08-10 20:46:03.337 14030 14030 D cellinfo: onsignalStrengthsChanged: LTE Signal Strength info: rsrp: -107 rsrq: -11 rssi: -81 rssnr: 3
08-10 20:46:03.337 14030 14030 D cellinfo: onsignalStrengthsChanged: 5G-NR Signal Strength info: ssrsrp: -100 ssrsrq: -11 sssinr: 2147483647
08-10 20:46:03.509 14030 14080 D cellinfo: 46 bytes from 44.241.174.93: icmp_seq=2486 ttl=42 time=54.2 ms
08-10 20:46:03.710 14030 14080 D cellinfo: 46 bytes from 44.241.174.93: icmp_seq=2487 ttl=42 time=53.1 ms
08-10 20:46:03.910 14030 14080 D cellinfo: 46 bytes from 44.241.174.93: icmp_seq=2488 ttl=42 time=52.3 ms
08-10 20:46:04.111 14030 14080 D cellinfo: 46 bytes from 44.241.174.93: icmp_seq=2489 ttl=42 time=52.0 ms
08-10 20:46:04.317 14030 14080 D cellinfo: 46 bytes from 44.241.174.93: icmp_seq=2490 ttl=42 time=56.3 ms
08-10 20:46:04.449 14030 14030 D cellinfo: Latitude is 41.3974809
08-10 20:46:04.449 14030 14030 D cellinfo: Longitude is -105.8262532
08-10 20:46:04.449 14030 14030 D cellinfo: Instantaneous GPS information: United States, Dwight D. Eisenhower Hwy, Laramie, WY 82070, USA
08-10 20:46:04.449 14030 14030 D cellinfo: getCurrentLocation() result: Location (success): 41.3974809, -105.8262532
08-10 20:46:04.453 14030 14030 D cellinfo: onCellInfoChanged: Operator: T-Mobile UpdateTimestamp: 9685188 CellConnectionStatus: 0
08-10 20:46:04.453 14030 14030 D cellinfo: onCellInfoChanged: LTE Cell Bands: [2] Bandwidth: 10000 Cell ID: 25826571 Physical Cell ID: 219 Tracking Area Code: 47617 EARFCN: 852
08-10 20:46:04.515 14030 14080 D cellinfo: 46 bytes from 44.241.174.93: icmp_seq=2491 ttl=42 time=53.7 ms
08-10 20:46:04.709 14030 14080 D cellinfo: 46 bytes from 44.241.174.93: icmp_seq=2492 ttl=42 time=46.8 ms
08-10 20:46:04.919 14030 14080 D cellinfo: 46 bytes from 44.241.174.93: icmp_seq=2493 ttl=42 time=56.0 ms
08-10 20:46:05.120 14030 14080 D cellinfo: 46 bytes from 44.241.174.93: icmp_seq=2494 ttl=42 time=55.9 ms
08-10 20:46:05.329 14030 14080 D cellinfo: 46 bytes from 44.241.174.93: icmp_seq=2495 ttl=42 time=64.1 ms
08-10 20:46:05.535 14030 14080 D cellinfo: 46 bytes from 44.241.174.93: icmp_seq=2496 ttl=42 time=68.8 ms
08-10 20:46:05.720 14030 14080 D cellinfo: 46 bytes from 44.241.174.93: icmp_seq=2497 ttl=42 time=53.7 ms
08-10 20:46:05.753 14030 14030 D cellinfo: onsignalStrengthsChanged: LTE Signal Strength info: rsrp: -107 rsrq: -11 rssi: -81 rssnr: 3
08-10 20:46:05.753 14030 14030 D cellinfo: onsignalStrengthsChanged: 5G-NR Signal Strength info: ssrsrp: -101 ssrsrq: -11 sssinr: 2147483647
08-10 20:46:05.920 14030 14080 D cellinfo: 46 bytes from 44.241.174.93: icmp_seq=2498 ttl=42 time=51.6 ms
08-10 20:46:06.120 14030 14080 D cellinfo: 46 bytes from 44.241.174.93: icmp_seq=2499 ttl=42 time=50.5 ms
08-10 20:46:06.320 14030 14080 D cellinfo: 46 bytes from 44.241.174.93: icmp_seq=2500 ttl=42 time=49.5 ms
08-10 20:46:06.520 14030 14080 D cellinfo: 46 bytes from 44.241.174.93: icmp_seq=2501 ttl=42 time=48.7 ms
08-10 20:46:06.721 14030 14080 D cellinfo: 46 bytes from 44.241.174.93: icmp_seq=2502 ttl=42 time=48.0 ms
08-10 20:46:06.920 14030 14080 D cellinfo: 46 bytes from 44.241.174.93: icmp_seq=2503 ttl=42 time=47.0 ms
08-10 20:46:07.127 14030 14080 D cellinfo: 46 bytes from 44.241.174.93: icmp_seq=2504 ttl=42 time=53.2 ms
08-10 20:46:07.320 14030 14080 D cellinfo: 46 bytes from 44.241.174.93: icmp_seq=2505 ttl=42 time=44.7 ms
08-10 20:46:07.425 14030 14030 D cellinfo: Latitude is 41.3967223
08-10 20:46:07.425 14030 14030 D cellinfo: Longitude is -105.825595
08-10 20:46:07.425 14030 14030 D cellinfo: Instantaneous GPS information: United States, 826 Herrick Ln, Laramie, WY 82070, USA
08-10 20:46:07.425 14030 14030 D cellinfo: getCurrentLocation() result: Location (success): 41.3967223, -105.825595
08-10 20:46:07.427 14030 14030 D cellinfo: onCellInfoChanged: Operator: T-Mobile UpdateTimestamp: 9688192 CellConnectionStatus: 0
08-10 20:46:07.427 14030 14030 D cellinfo: onCellInfoChanged: LTE Cell Bands: [2] Bandwidth: 10000 Cell ID: 25826571 Physical Cell ID: 219 Tracking Area Code: 47617 EARFCN: 852
08-10 20:46:07.531 14030 14080 D cellinfo: 46 bytes from 44.241.174.93: icmp_seq=2506 ttl=42 time=54.3 ms
08-10 20:46:07.806 14030 14080 D cellinfo: 46 bytes from 44.241.174.93: icmp_seq=2507 ttl=42 time=128 ms
08-10 20:46:07.820 14030 14030 D cellinfo: onsignalStrengthsChanged: LTE Signal Strength info: rsrp: -104 rsrq: -10 rssi: -75 rssnr: 8
08-10 20:46:07.820 14030 14030 D cellinfo: onsignalStrengthsChanged: 5G-NR Signal Strength info: ssrsrp: -101 ssrsrq: -11 sssinr: 2147483647
08-10 20:46:07.966 14030 14080 D cellinfo: 46 bytes from 44.241.174.93: icmp_seq=2508 ttl=42 time=88.0 ms
08-10 20:46:08.130 14030 14080 D cellinfo: 46 bytes from 44.241.174.93: icmp_seq=2509 ttl=42 time=51.1 ms
08-10 20:46:08.446 14030 14080 D cellinfo: 46 bytes from 44.241.174.93: icmp_seq=2510 ttl=42 time=165 ms
08-10 20:46:08.529 14030 14080 D cellinfo: 46 bytes from 44.241.174.93: icmp_seq=2511 ttl=42 time=47.0 ms
08-10 20:46:08.751 14030 14030 D cellinfo: onsignalStrengthsChanged: LTE Signal Strength info: rsrp: -104 rsrq: -10 rssi: -75 rssnr: 8
08-10 20:46:08.751 14030 14030 D cellinfo: onsignalStrengthsChanged: 5G-NR Signal Strength info: ssrsrp: -104 ssrsrq: -12 sssinr: 2147483647
08-10 20:46:08.766 14030 14080 D cellinfo: 46 bytes from 44.241.174.93: icmp_seq=2512 ttl=42 time=82.9 ms
08-10 20:46:08.930 14030 14080 D cellinfo: 46 bytes from 44.241.174.93: icmp_seq=2513 ttl=42 time=46.1 ms
08-10 20:46:09.246 14030 14080 D cellinfo: 46 bytes from 44.241.174.93: icmp_seq=2514 ttl=42 time=160 ms
08-10 20:46:09.406 14030 14080 D cellinfo: 46 bytes from 44.241.174.93: icmp_seq=2515 ttl=42 time=120 ms
08-10 20:46:09.566 14030 14080 D cellinfo: 46 bytes from 44.241.174.93: icmp_seq=2516 ttl=42 time=79.5 ms
08-10 20:46:09.886 14030 14080 D cellinfo: 46 bytes from 44.241.174.93: icmp_seq=2517 ttl=42 time=198 ms
08-10 20:46:09.943 14030 14080 D cellinfo: 46 bytes from 44.241.174.93: icmp_seq=2518 ttl=42 time=56.1 ms
08-10 20:46:10.061 14030 14030 D cellinfo: onsignalStrengthsChanged: LTE Signal Strength info: rsrp: -104 rsrq: -10 rssi: -77 rssnr: 7
08-10 20:46:10.061 14030 14030 D cellinfo: onsignalStrengthsChanged: 5G-NR Signal Strength info: ssrsrp: -104 ssrsrq: -12 sssinr: 2147483647
08-10 20:46:10.207 14030 14080 D cellinfo: 46 bytes from 44.241.174.93: icmp_seq=2519 ttl=42 time=118 ms
08-10 20:46:10.344 14030 14080 D cellinfo: 46 bytes from 44.241.174.93: icmp_seq=2520 ttl=42 time=53.7 ms
08-10 20:46:10.532 14030 14030 D cellinfo: Latitude is 41.3959807
08-10 20:46:10.532 14030 14030 D cellinfo: Longitude is -105.8249504
08-10 20:46:10.532 14030 14030 D cellinfo: Instantaneous GPS information: United States, Dwight D. Eisenhower Hwy, Laramie, WY 82070, USA
08-10 20:46:10.532 14030 14030 D cellinfo: getCurrentLocation() result: Location (success): 41.3959807, -105.8249504
08-10 20:46:10.534 14030 14030 D cellinfo: onCellInfoChanged: Operator: T-Mobile UpdateTimestamp: 9691210 CellConnectionStatus: 0
08-10 20:46:10.534 14030 14030 D cellinfo: onCellInfoChanged: LTE Cell Bands: [2] Bandwidth: 10000 Cell ID: 25826571 Physical Cell ID: 219 Tracking Area Code: 47617 EARFCN: 852
08-10 20:46:10.549 14030 14080 D cellinfo: 46 bytes from 44.241.174.93: icmp_seq=2521 ttl=42 time=55.4 ms
08-10 20:46:10.846 14030 14080 D cellinfo: 46 bytes from 44.241.174.93: icmp_seq=2522 ttl=42 time=150 ms
08-10 20:46:11.006 14030 14080 D cellinfo: 46 bytes from 44.241.174.93: icmp_seq=2523 ttl=42 time=109 ms
08-10 20:46:11.166 14030 14080 D cellinfo: 46 bytes from 44.241.174.93: icmp_seq=2524 ttl=42 time=69.8 ms
08-10 20:46:11.486 14030 14080 D cellinfo: 46 bytes from 44.241.174.93: icmp_seq=2525 ttl=42 time=188 ms
08-10 20:46:11.549 14030 14080 D cellinfo: 46 bytes from 44.241.174.93: icmp_seq=2526 ttl=42 time=50.6 ms
08-10 20:46:11.752 14030 14030 D cellinfo: onsignalStrengthsChanged: LTE Signal Strength info: rsrp: -104 rsrq: -10 rssi: -77 rssnr: 7
08-10 20:46:11.752 14030 14030 D cellinfo: onsignalStrengthsChanged: 5G-NR Signal Strength info: ssrsrp: -107 ssrsrq: -12 sssinr: 2147483647
08-10 20:46:11.806 14030 14080 D cellinfo: 46 bytes from 44.241.174.93: icmp_seq=2527 ttl=42 time=105 ms
08-10 20:46:11.966 14030 14080 D cellinfo: 46 bytes from 44.241.174.93: icmp_seq=2528 ttl=42 time=64.1 ms
08-10 20:46:12.286 14030 14080 D cellinfo: 46 bytes from 44.241.174.93: icmp_seq=2529 ttl=42 time=182 ms
08-10 20:46:12.300 14030 14030 D cellinfo: onsignalStrengthsChanged: LTE Signal Strength info: rsrp: -104 rsrq: -12 rssi: -77 rssnr: 4
08-10 20:46:12.300 14030 14030 D cellinfo: onsignalStrengthsChanged: 5G-NR Signal Strength info: ssrsrp: -107 ssrsrq: -12 sssinr: 2147483647
08-10 20:46:12.360 14030 14080 D cellinfo: 46 bytes from 44.241.174.93: icmp_seq=2530 ttl=42 time=56.4 ms
08-10 20:46:12.606 14030 14080 D cellinfo: 46 bytes from 44.241.174.93: icmp_seq=2531 ttl=42 time=100 ms
08-10 20:46:12.768 14030 14080 D cellinfo: 46 bytes from 44.241.174.93: icmp_seq=2532 ttl=42 time=62.7 ms
08-10 20:46:12.959 14030 14080 D cellinfo: 46 bytes from 44.241.174.93: icmp_seq=2533 ttl=42 time=52.6 ms
08-10 20:46:13.143 14030 14030 D cellinfo: onCellInfoChanged: Operator: T-Mobile UpdateTimestamp: 9694179 CellConnectionStatus: 0
08-10 20:46:13.144 14030 14030 D cellinfo: onCellInfoChanged: LTE Cell Bands: [2] Bandwidth: 10000 Cell ID: 25826571 Physical Cell ID: 219 Tracking Area Code: 47617 EARFCN: 852
08-10 20:46:13.246 14030 14080 D cellinfo: 46 bytes from 44.241.174.93: icmp_seq=2534 ttl=42 time=138 ms
08-10 20:46:13.406 14030 14080 D cellinfo: 46 bytes from 44.241.174.93: icmp_seq=2535 ttl=42 time=97.9 ms
08-10 20:46:13.566 14030 14080 D cellinfo: 46 bytes from 44.241.174.93: icmp_seq=2536 ttl=42 time=57.8 ms
08-10 20:46:13.886 14030 14080 D cellinfo: 46 bytes from 44.241.174.93: icmp_seq=2537 ttl=42 time=176 ms
08-10 20:46:13.959 14030 14080 D cellinfo: 46 bytes from 44.241.174.93: icmp_seq=2538 ttl=42 time=49.8 ms
08-10 20:46:14.206 14030 14080 D cellinfo: 46 bytes from 44.241.174.93: icmp_seq=2539 ttl=42 time=96.9 ms
08-10 20:46:14.366 14030 14080 D cellinfo: 46 bytes from 44.241.174.93: icmp_seq=2540 ttl=42 time=55.8 ms
08-10 20:46:14.686 14030 14080 D cellinfo: 46 bytes from 44.241.174.93: icmp_seq=2541 ttl=42 time=176 ms
08-10 20:46:14.751 14030 14030 D cellinfo: onsignalStrengthsChanged: LTE Signal Strength info: rsrp: -104 rsrq: -12 rssi: -77 rssnr: 4
08-10 20:46:14.751 14030 14030 D cellinfo: onsignalStrengthsChanged: 5G-NR Signal Strength info: ssrsrp: -105 ssrsrq: -12 sssinr: 2147483647
08-10 20:46:14.760 14030 14080 D cellinfo: 46 bytes from 44.241.174.93: icmp_seq=2542 ttl=42 time=49.2 ms
08-10 20:46:15.006 14030 14080 D cellinfo: 46 bytes from 44.241.174.93: icmp_seq=2543 ttl=42 time=94.2 ms
08-10 20:46:15.161 14030 14080 D cellinfo: 46 bytes from 44.241.174.93: icmp_seq=2544 ttl=42 time=48.7 ms
08-10 20:46:15.351 14030 14030 D cellinfo: Latitude is 41.3934019
08-10 20:46:15.351 14030 14030 D cellinfo: Longitude is -105.8230138
08-10 20:46:15.351 14030 14030 D cellinfo: Instantaneous GPS information: United States, Dwight D. Eisenhower Hwy, Laramie, WY 82070, USA
08-10 20:46:15.351 14030 14030 D cellinfo: getCurrentLocation() result: Location (success): 41.3934019, -105.8230138
08-10 20:46:15.369 14030 14080 D cellinfo: 46 bytes from 44.241.174.93: icmp_seq=2545 ttl=42 time=53.4 ms
08-10 20:46:15.646 14030 14080 D cellinfo: 46 bytes from 44.241.174.93: icmp_seq=2546 ttl=42 time=128 ms
08-10 20:46:15.806 14030 14080 D cellinfo: 46 bytes from 44.241.174.93: icmp_seq=2547 ttl=42 time=87.8 ms
08-10 20:46:15.970 14030 14080 D cellinfo: 46 bytes from 44.241.174.93: icmp_seq=2548 ttl=42 time=50.8 ms
08-10 20:46:16.115 14030 14030 D cellinfo: Latitude is 41.3934019
08-10 20:46:16.115 14030 14030 D cellinfo: Longitude is -105.8230138
08-10 20:46:16.115 14030 14030 D cellinfo: Instantaneous GPS information: United States, Dwight D. Eisenhower Hwy, Laramie, WY 82070, USA
08-10 20:46:16.115 14030 14030 D cellinfo: getCurrentLocation() result: Location (success): 41.3934019, -105.8230138
08-10 20:46:16.171 14030 14030 D cellinfo: onCellInfoChanged: Operator: T-Mobile UpdateTimestamp: 9697207 CellConnectionStatus: 0
08-10 20:46:16.171 14030 14030 D cellinfo: onCellInfoChanged: LTE Cell Bands: [2] Bandwidth: 10000 Cell ID: 25826571 Physical Cell ID: 219 Tracking Area Code: 47617 EARFCN: 852
08-10 20:46:16.286 14030 14080 D cellinfo: 46 bytes from 44.241.174.93: icmp_seq=2549 ttl=42 time=166 ms
08-10 20:46:16.369 14030 14080 D cellinfo: 46 bytes from 44.241.174.93: icmp_seq=2550 ttl=42 time=48.5 ms
08-10 20:46:16.606 14030 14080 D cellinfo: 46 bytes from 44.241.174.93: icmp_seq=2551 ttl=42 time=83.7 ms
08-10 20:46:16.782 14030 14030 D cellinfo: onsignalStrengthsChanged: LTE Signal Strength info: rsrp: -102 rsrq: -10 rssi: -73 rssnr: 4
08-10 20:46:16.782 14030 14030 D cellinfo: onsignalStrengthsChanged: 5G-NR Signal Strength info: ssrsrp: -105 ssrsrq: -12 sssinr: 2147483647
08-10 20:46:16.926 14030 14080 D cellinfo: 46 bytes from 44.241.174.93: icmp_seq=2552 ttl=42 time=202 ms
08-10 20:46:16.980 14030 14080 D cellinfo: 46 bytes from 44.241.174.93: icmp_seq=2553 ttl=42 time=54.7 ms
08-10 20:46:17.246 14030 14080 D cellinfo: 46 bytes from 44.241.174.93: icmp_seq=2554 ttl=42 time=119 ms
08-10 20:46:17.406 14030 14080 D cellinfo: 46 bytes from 44.241.174.93: icmp_seq=2555 ttl=42 time=78.2 ms
08-10 20:46:17.726 14030 14080 D cellinfo: 46 bytes from 44.241.174.93: icmp_seq=2556 ttl=42 time=197 ms
08-10 20:46:17.746 14030 14030 D cellinfo: onsignalStrengthsChanged: LTE Signal Strength info: rsrp: -102 rsrq: -10 rssi: -73 rssnr: 4
08-10 20:46:17.746 14030 14030 D cellinfo: onsignalStrengthsChanged: 5G-NR Signal Strength info: ssrsrp: -104 ssrsrq: -12 sssinr: 2147483647
08-10 20:46:17.780 14030 14080 D cellinfo: 46 bytes from 44.241.174.93: icmp_seq=2557 ttl=42 time=51.6 ms
08-10 20:46:18.046 14030 14080 D cellinfo: 46 bytes from 44.241.174.93: icmp_seq=2558 ttl=42 time=116 ms
08-10 20:46:18.206 14030 14080 D cellinfo: 46 bytes from 44.241.174.93: icmp_seq=2559 ttl=42 time=76.5 ms
08-10 20:46:18.527 14030 14080 D cellinfo: 46 bytes from 44.241.174.93: icmp_seq=2560 ttl=42 time=196 ms
08-10 20:46:18.586 14030 14080 D cellinfo: 46 bytes from 44.241.174.93: icmp_seq=2561 ttl=42 time=55.8 ms
08-10 20:46:18.846 14030 14080 D cellinfo: 46 bytes from 44.241.174.93: icmp_seq=2562 ttl=42 time=115 ms
08-10 20:46:19.006 14030 14080 D cellinfo: 46 bytes from 44.241.174.93: icmp_seq=2563 ttl=42 time=74.9 ms
08-10 20:46:19.021 14030 14030 D cellinfo: onsignalStrengthsChanged: LTE Signal Strength info: rsrp: -104 rsrq: -11 rssi: -73 rssnr: 6
08-10 20:46:19.021 14030 14030 D cellinfo: onsignalStrengthsChanged: 5G-NR Signal Strength info: ssrsrp: -104 ssrsrq: -12 sssinr: 2147483647
08-10 20:46:19.326 14030 14080 D cellinfo: 46 bytes from 44.241.174.93: icmp_seq=2564 ttl=42 time=195 ms
08-10 20:46:19.378 14030 14080 D cellinfo: 46 bytes from 44.241.174.93: icmp_seq=2565 ttl=42 time=47.5 ms
08-10 20:46:19.589 14030 14030 D cellinfo: Latitude is 41.393144
08-10 20:46:19.589 14030 14030 D cellinfo: Longitude is -105.8227905
08-10 20:46:19.589 14030 14030 D cellinfo: Instantaneous GPS information: United States, Dwight D. Eisenhower Hwy, Laramie, WY 82070, USA
08-10 20:46:19.589 14030 14030 D cellinfo: getCurrentLocation() result: Location (success): 41.393144, -105.8227905
08-10 20:46:19.589 14030 14080 D cellinfo: 46 bytes from 44.241.174.93: icmp_seq=2566 ttl=42 time=55.9 ms
08-10 20:46:19.591 14030 14030 D cellinfo: onCellInfoChanged: Operator: T-Mobile UpdateTimestamp: 9700209 CellConnectionStatus: 0
08-10 20:46:19.591 14030 14030 D cellinfo: onCellInfoChanged: LTE Cell Bands: [2] Bandwidth: 10000 Cell ID: 25826571 Physical Cell ID: 219 Tracking Area Code: 47617 EARFCN: 852
08-10 20:46:19.806 14030 14080 D cellinfo: 46 bytes from 44.241.174.93: icmp_seq=2567 ttl=42 time=72.9 ms
08-10 20:46:20.126 14030 14080 D cellinfo: 46 bytes from 44.241.174.93: icmp_seq=2568 ttl=42 time=192 ms
08-10 20:46:20.188 14030 14080 D cellinfo: 46 bytes from 44.241.174.93: icmp_seq=2569 ttl=42 time=55.3 ms
08-10 20:46:20.446 14030 14080 D cellinfo: 46 bytes from 44.241.174.93: icmp_seq=2570 ttl=42 time=111 ms
08-10 20:46:20.606 14030 14080 D cellinfo: 46 bytes from 44.241.174.93: icmp_seq=2571 ttl=42 time=71.7 ms
08-10 20:46:20.752 14030 14030 D cellinfo: onsignalStrengthsChanged: LTE Signal Strength info: rsrp: -104 rsrq: -11 rssi: -73 rssnr: 6
08-10 20:46:20.752 14030 14030 D cellinfo: onsignalStrengthsChanged: 5G-NR Signal Strength info: ssrsrp: -108 ssrsrq: -12 sssinr: 2147483647
08-10 20:46:20.926 14030 14080 D cellinfo: 46 bytes from 44.241.174.93: icmp_seq=2572 ttl=42 time=190 ms
08-10 20:46:20.991 14030 14080 D cellinfo: 46 bytes from 44.241.174.93: icmp_seq=2573 ttl=42 time=55.3 ms
08-10 20:46:21.246 14030 14080 D cellinfo: 46 bytes from 44.241.174.93: icmp_seq=2574 ttl=42 time=109 ms
08-10 20:46:21.259 14030 14030 D cellinfo: onsignalStrengthsChanged: LTE Signal Strength info: rsrp: -100 rsrq: -9 rssi: -75 rssnr: 8
08-10 20:46:21.259 14030 14030 D cellinfo: onsignalStrengthsChanged: 5G-NR Signal Strength info: ssrsrp: -108 ssrsrq: -12 sssinr: 2147483647
08-10 20:46:21.406 14030 14080 D cellinfo: 46 bytes from 44.241.174.93: icmp_seq=2575 ttl=42 time=69.2 ms
08-10 20:46:21.726 14030 14080 D cellinfo: 46 bytes from 44.241.174.93: icmp_seq=2576 ttl=42 time=188 ms
08-10 20:46:21.795 14030 14080 D cellinfo: 46 bytes from 44.241.174.93: icmp_seq=2577 ttl=42 time=56.3 ms
08-10 20:46:22.046 14030 14080 D cellinfo: 46 bytes from 44.241.174.93: icmp_seq=2578 ttl=42 time=107 ms
08-10 20:46:22.206 14030 14080 D cellinfo: 46 bytes from 44.241.174.93: icmp_seq=2579 ttl=42 time=67.0 ms
08-10 20:46:22.393 14030 14080 D cellinfo: 46 bytes from 44.241.174.93: icmp_seq=2580 ttl=42 time=51.7 ms
08-10 20:46:22.462 14030 14030 D cellinfo: Latitude is 41.3923829
08-10 20:46:22.463 14030 14030 D cellinfo: Longitude is -105.822131
08-10 20:46:22.463 14030 14030 D cellinfo: Instantaneous GPS information: United States, Dwight D. Eisenhower Hwy, Laramie, WY 82070, USA
08-10 20:46:22.463 14030 14030 D cellinfo: getCurrentLocation() result: Location (success): 41.3923829, -105.822131
08-10 20:46:22.464 14030 14030 D cellinfo: onCellInfoChanged: Operator: T-Mobile UpdateTimestamp: 9703212 CellConnectionStatus: 0
08-10 20:46:22.464 14030 14030 D cellinfo: onCellInfoChanged: LTE Cell Bands: [2] Bandwidth: 10000 Cell ID: 25826571 Physical Cell ID: 219 Tracking Area Code: 47617 EARFCN: 852
08-10 20:46:22.686 14030 14080 D cellinfo: 46 bytes from 44.241.174.93: icmp_seq=2581 ttl=42 time=143 ms
08-10 20:46:22.794 14030 14080 D cellinfo: 46 bytes from 44.241.174.93: icmp_seq=2582 ttl=42 time=50.8 ms
08-10 20:46:23.006 14030 14080 D cellinfo: 46 bytes from 44.241.174.93: icmp_seq=2583 ttl=42 time=61.8 ms
08-10 20:46:23.326 14030 14080 D cellinfo: 46 bytes from 44.241.174.93: icmp_seq=2584 ttl=42 time=182 ms
08-10 20:46:23.399 14030 14080 D cellinfo: 46 bytes from 44.241.174.93: icmp_seq=2585 ttl=42 time=53.9 ms
08-10 20:46:23.646 14030 14080 D cellinfo: 46 bytes from 44.241.174.93: icmp_seq=2586 ttl=42 time=100 ms
08-10 20:46:23.750 14030 14030 D cellinfo: onsignalStrengthsChanged: LTE Signal Strength info: rsrp: -100 rsrq: -9 rssi: -75 rssnr: 8
08-10 20:46:23.750 14030 14030 D cellinfo: onsignalStrengthsChanged: 5G-NR Signal Strength info: ssrsrp: -111 ssrsrq: -12 sssinr: 2147483647
08-10 20:46:23.806 14030 14080 D cellinfo: 46 bytes from 44.241.174.93: icmp_seq=2587 ttl=42 time=59.2 ms
08-10 20:46:24.126 14030 14080 D cellinfo: 46 bytes from 44.241.174.93: icmp_seq=2588 ttl=42 time=178 ms
08-10 20:46:24.201 14030 14080 D cellinfo: 46 bytes from 44.241.174.93: icmp_seq=2589 ttl=42 time=52.7 ms
08-10 20:46:24.446 14030 14080 D cellinfo: 46 bytes from 44.241.174.93: icmp_seq=2590 ttl=42 time=96.3 ms
08-10 20:46:24.606 14030 14080 D cellinfo: 46 bytes from 44.241.174.93: icmp_seq=2591 ttl=42 time=55.2 ms
08-10 20:46:24.926 14030 14080 D cellinfo: 46 bytes from 44.241.174.93: icmp_seq=2592 ttl=42 time=174 ms
08-10 20:46:25.000 14030 14080 D cellinfo: 46 bytes from 44.241.174.93: icmp_seq=2593 ttl=42 time=47.1 ms
08-10 20:46:25.248 14030 14080 D cellinfo: 46 bytes from 44.241.174.93: icmp_seq=2594 ttl=42 time=95.1 ms
08-10 20:46:25.411 14030 14080 D cellinfo: 46 bytes from 44.241.174.93: icmp_seq=2595 ttl=42 time=56.7 ms
08-10 20:46:25.479 14030 14030 D cellinfo: Latitude is 41.3916571
08-10 20:46:25.479 14030 14030 D cellinfo: Longitude is -105.8215017
08-10 20:46:25.479 14030 14030 D cellinfo: Instantaneous GPS information: United States, Dwight D. Eisenhower Hwy, Laramie, WY 82070, USA
08-10 20:46:25.479 14030 14030 D cellinfo: getCurrentLocation() result: Location (success): 41.3916571, -105.8215017
08-10 20:46:25.481 14030 14030 D cellinfo: onCellInfoChanged: Operator: T-Mobile UpdateTimestamp: 9706205 CellConnectionStatus: 0
08-10 20:46:25.481 14030 14030 D cellinfo: onCellInfoChanged: LTE Cell Bands: [2] Bandwidth: 10000 Cell ID: 25826571 Physical Cell ID: 219 Tracking Area Code: 47617 EARFCN: 852
08-10 20:46:25.610 14030 14080 D cellinfo: 46 bytes from 44.241.174.93: icmp_seq=2596 ttl=42 time=54.0 ms
08-10 20:46:25.738 14030 14030 D cellinfo: onsignalStrengthsChanged: LTE Signal Strength info: rsrp: -101 rsrq: -10 rssi: -81 rssnr: 10
08-10 20:46:25.738 14030 14030 D cellinfo: onsignalStrengthsChanged: 5G-NR Signal Strength info: ssrsrp: -111 ssrsrq: -12 sssinr: 2147483647
08-10 20:46:25.886 14030 14080 D cellinfo: 46 bytes from 44.241.174.93: icmp_seq=2597 ttl=42 time=130 ms
08-10 20:46:26.046 14030 14080 D cellinfo: 46 bytes from 44.241.174.93: icmp_seq=2598 ttl=42 time=89.0 ms
08-10 20:46:26.210 14030 14080 D cellinfo: 46 bytes from 44.241.174.93: icmp_seq=2599 ttl=42 time=52.9 ms
08-10 20:46:26.526 14030 14080 D cellinfo: 46 bytes from 44.241.174.93: icmp_seq=2600 ttl=42 time=167 ms
08-10 20:46:26.686 14030 14080 D cellinfo: 46 bytes from 44.241.174.93: icmp_seq=2601 ttl=42 time=126 ms
08-10 20:46:26.749 14030 14030 D cellinfo: onsignalStrengthsChanged: LTE Signal Strength info: rsrp: -101 rsrq: -10 rssi: -81 rssnr: 10
08-10 20:46:26.750 14030 14030 D cellinfo: onsignalStrengthsChanged: 5G-NR Signal Strength info: ssrsrp: -110 ssrsrq: -12 sssinr: 2147483647
08-10 20:46:26.846 14030 14080 D cellinfo: 46 bytes from 44.241.174.93: icmp_seq=2602 ttl=42 time=85.4 ms
08-10 20:46:27.010 14030 14080 D cellinfo: 46 bytes from 44.241.174.93: icmp_seq=2603 ttl=42 time=48.4 ms
08-10 20:46:27.326 14030 14080 D cellinfo: 46 bytes from 44.241.174.93: icmp_seq=2604 ttl=42 time=164 ms
08-10 20:46:27.409 14030 14080 D cellinfo: 46 bytes from 44.241.174.93: icmp_seq=2605 ttl=42 time=46.3 ms
08-10 20:46:27.646 14030 14080 D cellinfo: 46 bytes from 44.241.174.93: icmp_seq=2606 ttl=42 time=82.9 ms
08-10 20:46:27.810 14030 14080 D cellinfo: 46 bytes from 44.241.174.93: icmp_seq=2607 ttl=42 time=46.0 ms
08-10 20:46:27.981 14030 14030 D cellinfo: onsignalStrengthsChanged: LTE Signal Strength info: rsrp: -107 rsrq: -12 rssi: -73 rssnr: 0
08-10 20:46:27.982 14030 14030 D cellinfo: onsignalStrengthsChanged: 5G-NR Signal Strength info: ssrsrp: -110 ssrsrq: -12 sssinr: 2147483647
08-10 20:46:28.126 14030 14080 D cellinfo: 46 bytes from 44.241.174.93: icmp_seq=2608 ttl=42 time=161 ms
08-10 20:46:28.174 14030 14030 D cellinfo: onCellInfoChanged: Operator: T-Mobile UpdateTimestamp: 9709209 CellConnectionStatus: 0
08-10 20:46:28.174 14030 14030 D cellinfo: onCellInfoChanged: LTE Cell Bands: [2] Bandwidth: 10000 Cell ID: 25826571 Physical Cell ID: 219 Tracking Area Code: 47617 EARFCN: 852
08-10 20:46:28.209 14030 14080 D cellinfo: 46 bytes from 44.241.174.93: icmp_seq=2609 ttl=42 time=45.6 ms
08-10 20:46:28.446 14030 14080 D cellinfo: 46 bytes from 44.241.174.93: icmp_seq=2610 ttl=42 time=81.4 ms
08-10 20:46:28.766 14030 14080 D cellinfo: 46 bytes from 44.241.174.93: icmp_seq=2611 ttl=42 time=200 ms
08-10 20:46:28.816 14030 14080 D cellinfo: 46 bytes from 44.241.174.93: icmp_seq=2612 ttl=42 time=50.3 ms
08-10 20:46:29.086 14030 14080 D cellinfo: 46 bytes from 44.241.174.93: icmp_seq=2613 ttl=42 time=119 ms
08-10 20:46:29.246 14030 14080 D cellinfo: 46 bytes from 44.241.174.93: icmp_seq=2614 ttl=42 time=79.9 ms
08-10 20:46:29.421 14030 14080 D cellinfo: 46 bytes from 44.241.174.93: icmp_seq=2615 ttl=42 time=53.5 ms
08-10 20:46:29.555 14030 14030 D cellinfo: Latitude is 41.3896803
08-10 20:46:29.555 14030 14030 D cellinfo: Longitude is -105.8199828
08-10 20:46:29.555 14030 14030 D cellinfo: Instantaneous GPS information: United States, Dwight D. Eisenhower Hwy, Laramie, WY 82070, USA
08-10 20:46:29.555 14030 14030 D cellinfo: getCurrentLocation() result: Location (success): 41.3896803, -105.8199828
08-10 20:46:29.620 14030 14080 D cellinfo: 46 bytes from 44.241.174.93: icmp_seq=2616 ttl=42 time=51.8 ms
08-10 20:46:29.752 14030 14030 D cellinfo: onsignalStrengthsChanged: LTE Signal Strength info: rsrp: -107 rsrq: -12 rssi: -73 rssnr: 0
08-10 20:46:29.752 14030 14030 D cellinfo: onsignalStrengthsChanged: 5G-NR Signal Strength info: ssrsrp: -112 ssrsrq: -13 sssinr: 35
08-10 20:46:29.886 14030 14080 D cellinfo: 46 bytes from 44.241.174.93: icmp_seq=2617 ttl=42 time=117 ms
08-10 20:46:30.045 14030 14080 D cellinfo: 46 bytes from 44.241.174.93: icmp_seq=2618 ttl=42 time=75.7 ms
08-10 20:46:30.222 14030 14030 D cellinfo: onsignalStrengthsChanged: LTE Signal Strength info: rsrp: -105 rsrq: -12 rssi: -75 rssnr: 1
08-10 20:46:30.222 14030 14030 D cellinfo: onsignalStrengthsChanged: 5G-NR Signal Strength info: ssrsrp: -112 ssrsrq: -13 sssinr: 35
08-10 20:46:30.366 14030 14080 D cellinfo: 46 bytes from 44.241.174.93: icmp_seq=2619 ttl=42 time=196 ms
08-10 20:46:30.427 14030 14080 D cellinfo: 46 bytes from 44.241.174.93: icmp_seq=2620 ttl=42 time=57.4 ms
08-10 20:46:30.686 14030 14080 D cellinfo: 46 bytes from 44.241.174.93: icmp_seq=2621 ttl=42 time=115 ms
08-10 20:46:30.846 14030 14080 D cellinfo: 46 bytes from 44.241.174.93: icmp_seq=2622 ttl=42 time=74.7 ms
08-10 20:46:31.113 14030 14030 D cellinfo: Latitude is 41.3896803
08-10 20:46:31.113 14030 14030 D cellinfo: Longitude is -105.8199828
08-10 20:46:31.113 14030 14030 D cellinfo: Instantaneous GPS information: United States, Dwight D. Eisenhower Hwy, Laramie, WY 82070, USA
08-10 20:46:31.113 14030 14030 D cellinfo: getCurrentLocation() result: Location (success): 41.3896803, -105.8199828
08-10 20:46:31.166 14030 14080 D cellinfo: 46 bytes from 44.241.174.93: icmp_seq=2623 ttl=42 time=193 ms
08-10 20:46:31.171 14030 14030 D cellinfo: onCellInfoChanged: Operator: T-Mobile UpdateTimestamp: 9712205 CellConnectionStatus: 0
08-10 20:46:31.171 14030 14030 D cellinfo: onCellInfoChanged: LTE Cell Bands: [2] Bandwidth: 10000 Cell ID: 25826571 Physical Cell ID: 219 Tracking Area Code: 47617 EARFCN: 852
08-10 20:46:31.235 14030 14080 D cellinfo: 46 bytes from 44.241.174.93: icmp_seq=2624 ttl=42 time=63.4 ms
08-10 20:46:31.486 14030 14080 D cellinfo: 46 bytes from 44.241.174.93: icmp_seq=2625 ttl=42 time=114 ms
08-10 20:46:31.646 14030 14080 D cellinfo: 46 bytes from 44.241.174.93: icmp_seq=2626 ttl=42 time=74.0 ms
08-10 20:46:31.966 14030 14080 D cellinfo: 46 bytes from 44.241.174.93: icmp_seq=2627 ttl=42 time=192 ms
08-10 20:46:32.027 14030 14080 D cellinfo: 46 bytes from 44.241.174.93: icmp_seq=2628 ttl=42 time=53.8 ms
08-10 20:46:32.286 14030 14080 D cellinfo: 46 bytes from 44.241.174.93: icmp_seq=2629 ttl=42 time=113 ms
08-10 20:46:32.446 14030 14080 D cellinfo: 46 bytes from 44.241.174.93: icmp_seq=2630 ttl=42 time=72.5 ms
08-10 20:46:32.755 14030 14030 D cellinfo: onsignalStrengthsChanged: LTE Signal Strength info: rsrp: -105 rsrq: -12 rssi: -75 rssnr: 1
08-10 20:46:32.755 14030 14030 D cellinfo: onsignalStrengthsChanged: 5G-NR Signal Strength info: ssrsrp: -114 ssrsrq: -15 sssinr: 10
08-10 20:46:32.766 14030 14080 D cellinfo: 46 bytes from 44.241.174.93: icmp_seq=2631 ttl=42 time=191 ms
08-10 20:46:32.829 14030 14080 D cellinfo: 46 bytes from 44.241.174.93: icmp_seq=2632 ttl=42 time=54.5 ms
08-10 20:46:33.086 14030 14080 D cellinfo: 46 bytes from 44.241.174.93: icmp_seq=2633 ttl=42 time=111 ms
08-10 20:46:33.246 14030 14080 D cellinfo: 46 bytes from 44.241.174.93: icmp_seq=2634 ttl=42 time=71.5 ms
08-10 20:46:33.566 14030 14080 D cellinfo: 46 bytes from 44.241.174.93: icmp_seq=2635 ttl=42 time=190 ms
08-10 20:46:33.631 14030 14080 D cellinfo: 46 bytes from 44.241.174.93: icmp_seq=2636 ttl=42 time=56.1 ms
08-10 20:46:33.886 14030 14080 D cellinfo: 46 bytes from 44.241.174.93: icmp_seq=2637 ttl=42 time=109 ms
08-10 20:46:34.046 14030 14080 D cellinfo: 46 bytes from 44.241.174.93: icmp_seq=2638 ttl=42 time=69.2 ms
08-10 20:46:34.220 14030 14080 D cellinfo: 46 bytes from 44.241.174.93: icmp_seq=2639 ttl=42 time=43.0 ms
08-10 20:46:34.431 14030 14080 D cellinfo: 46 bytes from 44.241.174.93: icmp_seq=2640 ttl=42 time=51.9 ms
08-10 20:46:34.452 14030 14030 D cellinfo: Latitude is 41.3892113
08-10 20:46:34.452 14030 14030 D cellinfo: Longitude is -105.8195765
08-10 20:46:34.452 14030 14030 D cellinfo: Instantaneous GPS information: United States, Dwight D. Eisenhower Hwy, Laramie, WY 82070, USA
08-10 20:46:34.452 14030 14030 D cellinfo: getCurrentLocation() result: Location (success): 41.3892113, -105.8195765
08-10 20:46:34.455 14030 14030 D cellinfo: onCellInfoChanged: Operator: T-Mobile UpdateTimestamp: 9715198 CellConnectionStatus: 0
08-10 20:46:34.456 14030 14030 D cellinfo: onCellInfoChanged: LTE Cell Bands: [2] Bandwidth: 10000 Cell ID: 25826571 Physical Cell ID: 219 Tracking Area Code: 47617 EARFCN: 852
08-10 20:46:34.686 14030 14080 D cellinfo: 46 bytes from 44.241.174.93: icmp_seq=2641 ttl=42 time=106 ms
08-10 20:46:34.704 14030 14030 D cellinfo: onsignalStrengthsChanged: LTE Signal Strength info: rsrp: -108 rsrq: -10 rssi: -77 rssnr: 5
08-10 20:46:34.704 14030 14030 D cellinfo: onsignalStrengthsChanged: 5G-NR Signal Strength info: ssrsrp: -114 ssrsrq: -15 sssinr: 10
08-10 20:46:34.846 14030 14080 D cellinfo: 46 bytes from 44.241.174.93: icmp_seq=2642 ttl=42 time=64.6 ms
08-10 20:46:35.166 14030 14080 D cellinfo: 46 bytes from 44.241.174.93: icmp_seq=2643 ttl=42 time=184 ms
08-10 20:46:35.240 14030 14080 D cellinfo: 46 bytes from 44.241.174.93: icmp_seq=2644 ttl=42 time=57.9 ms
08-10 20:46:35.486 14030 14080 D cellinfo: 46 bytes from 44.241.174.93: icmp_seq=2645 ttl=42 time=103 ms
08-10 20:46:35.646 14030 14080 D cellinfo: 46 bytes from 44.241.174.93: icmp_seq=2646 ttl=42 time=63.4 ms
08-10 20:46:35.751 14030 14030 D cellinfo: onsignalStrengthsChanged: LTE Signal Strength info: rsrp: -108 rsrq: -10 rssi: -77 rssnr: 5
08-10 20:46:35.751 14030 14030 D cellinfo: onsignalStrengthsChanged: 5G-NR Signal Strength info: ssrsrp: -116 ssrsrq: -17 sssinr: 2147483647
08-10 20:46:35.967 14030 14080 D cellinfo: 46 bytes from 44.241.174.93: icmp_seq=2647 ttl=42 time=183 ms
08-10 20:46:36.039 14030 14080 D cellinfo: 46 bytes from 44.241.174.93: icmp_seq=2648 ttl=42 time=54.8 ms
08-10 20:46:36.286 14030 14080 D cellinfo: 46 bytes from 44.241.174.93: icmp_seq=2649 ttl=42 time=102 ms
08-10 20:46:36.446 14030 14080 D cellinfo: 46 bytes from 44.241.174.93: icmp_seq=2650 ttl=42 time=61.4 ms
08-10 20:46:36.926 14030 14080 D cellinfo: 46 bytes from 44.241.174.93: icmp_seq=2651 ttl=42 time=340 ms
08-10 20:46:36.930 14030 14080 D cellinfo: 46 bytes from 44.241.174.93: icmp_seq=2652 ttl=42 time=141 ms
08-10 20:46:36.941 14030 14030 D cellinfo: onsignalStrengthsChanged: LTE Signal Strength info: rsrp: -109 rsrq: -9 rssi: -83 rssnr: 9
08-10 20:46:36.941 14030 14030 D cellinfo: onsignalStrengthsChanged: 5G-NR Signal Strength info: ssrsrp: -116 ssrsrq: -17 sssinr: 2147483647
08-10 20:46:37.044 14030 14080 D cellinfo: 46 bytes from 44.241.174.93: icmp_seq=2653 ttl=42 time=54.1 ms
08-10 20:46:37.247 14030 14080 D cellinfo: 46 bytes from 44.241.174.93: icmp_seq=2654 ttl=42 time=56.8 ms
08-10 20:46:37.612 14030 14080 D cellinfo: 46 bytes from 44.241.174.93: icmp_seq=2655 ttl=42 time=221 ms
08-10 20:46:37.654 14030 14080 D cellinfo: 46 bytes from 44.241.174.93: icmp_seq=2656 ttl=42 time=61.7 ms
08-10 20:46:37.855 14030 14080 D cellinfo: 46 bytes from 44.241.174.93: icmp_seq=2657 ttl=42 time=61.1 ms
08-10 20:46:37.920 14030 14030 D cellinfo: Latitude is 41.3884473
08-10 20:46:37.920 14030 14030 D cellinfo: Longitude is -105.8189134
08-10 20:46:37.920 14030 14030 D cellinfo: Instantaneous GPS information: United States, Dwight D. Eisenhower Hwy, Laramie, WY 82070, USA
08-10 20:46:37.920 14030 14030 D cellinfo: getCurrentLocation() result: Location (success): 41.3884473, -105.8189134
08-10 20:46:37.923 14030 14030 D cellinfo: onCellInfoChanged: Operator: T-Mobile UpdateTimestamp: 9718200 CellConnectionStatus: 0
08-10 20:46:37.923 14030 14030 D cellinfo: onCellInfoChanged: LTE Cell Bands: [2] Bandwidth: 10000 Cell ID: 25826571 Physical Cell ID: 219 Tracking Area Code: 47617 EARFCN: 852
08-10 20:46:37.923 14030 14030 D cellinfo: onsignalStrengthsChanged: LTE Signal Strength info: rsrp: -109 rsrq: -9 rssi: -83 rssnr: 9
08-10 20:46:37.923 14030 14030 D cellinfo: onServiceStateChanged: Channel Number: 852 Cell Bandwidths: [10000]
08-10 20:46:37.923 14030 14030 D cellinfo: onServiceStateChanged: Channel Number: 852 Cell Bandwidths: [10000, 5000]
08-10 20:46:38.046 14030 14080 D cellinfo: 46 bytes from 44.241.174.93: icmp_seq=2658 ttl=42 time=50.4 ms
08-10 20:46:38.251 14030 14080 D cellinfo: 46 bytes from 44.241.174.93: icmp_seq=2659 ttl=42 time=55.2 ms
08-10 20:46:38.450 14030 14080 D cellinfo: 46 bytes from 44.241.174.93: icmp_seq=2660 ttl=42 time=53.1 ms
08-10 20:46:38.653 14030 14080 D cellinfo: 46 bytes from 44.241.174.93: icmp_seq=2661 ttl=42 time=55.8 ms
08-10 20:46:38.862 14030 14080 D cellinfo: 46 bytes from 44.241.174.93: icmp_seq=2662 ttl=42 time=63.8 ms
08-10 20:46:39.063 14030 14080 D cellinfo: 46 bytes from 44.241.174.93: icmp_seq=2663 ttl=42 time=64.3 ms
08-10 20:46:39.252 14030 14080 D cellinfo: 46 bytes from 44.241.174.93: icmp_seq=2664 ttl=42 time=53.3 ms
08-10 20:46:39.460 14030 14080 D cellinfo: 46 bytes from 44.241.174.93: icmp_seq=2665 ttl=42 time=60.1 ms
08-10 20:46:39.674 14030 14080 D cellinfo: 46 bytes from 44.241.174.93: icmp_seq=2666 ttl=42 time=73.5 ms
08-10 20:46:39.850 14030 14080 D cellinfo: 46 bytes from 44.241.174.93: icmp_seq=2667 ttl=42 time=48.6 ms
08-10 20:46:40.049 14030 14080 D cellinfo: 46 bytes from 44.241.174.93: icmp_seq=2668 ttl=42 time=46.7 ms
08-10 20:46:40.250 14030 14080 D cellinfo: 46 bytes from 44.241.174.93: icmp_seq=2669 ttl=42 time=45.9 ms
08-10 20:46:40.476 14030 14080 D cellinfo: 46 bytes from 44.241.174.93: icmp_seq=2670 ttl=42 time=70.7 ms
08-10 20:46:40.480 14030 14030 D cellinfo: Latitude is 41.38771
08-10 20:46:40.480 14030 14030 D cellinfo: Longitude is -105.818272
08-10 20:46:40.480 14030 14030 D cellinfo: Instantaneous GPS information: United States, Dwight D. Eisenhower Hwy, Laramie, WY 82070, USA
08-10 20:46:40.480 14030 14030 D cellinfo: getCurrentLocation() result: Location (success): 41.38771, -105.818272
08-10 20:46:40.482 14030 14030 D cellinfo: onCellInfoChanged: Operator: T-Mobile UpdateTimestamp: 9721203 CellConnectionStatus: 0
08-10 20:46:40.482 14030 14030 D cellinfo: onCellInfoChanged: LTE Cell Bands: [2] Bandwidth: 10000 Cell ID: 25826571 Physical Cell ID: 219 Tracking Area Code: 47617 EARFCN: 852
08-10 20:46:40.674 14030 14080 D cellinfo: 46 bytes from 44.241.174.93: icmp_seq=2671 ttl=42 time=66.8 ms
08-10 20:46:40.874 14030 14080 D cellinfo: 46 bytes from 44.241.174.93: icmp_seq=2672 ttl=42 time=66.1 ms
08-10 20:46:41.073 14030 14080 D cellinfo: 46 bytes from 44.241.174.93: icmp_seq=2673 ttl=42 time=64.9 ms
08-10 20:46:41.275 14030 14080 D cellinfo: 46 bytes from 44.241.174.93: icmp_seq=2674 ttl=42 time=65.4 ms
08-10 20:46:41.474 14030 14080 D cellinfo: 46 bytes from 44.241.174.93: icmp_seq=2675 ttl=42 time=64.1 ms
