08-10 21:51:17.848 21632 21683 D cellinfo: 46 bytes from 44.241.174.93: icmp_seq=950 ttl=44 time=86.3 ms
08-10 21:51:18.077 21632 21683 D cellinfo: 46 bytes from 44.241.174.93: icmp_seq=951 ttl=44 time=114 ms
08-10 21:51:18.245 21632 21683 D cellinfo: 46 bytes from 44.241.174.93: icmp_seq=952 ttl=44 time=81.9 ms
08-10 21:51:18.444 21632 21683 D cellinfo: 46 bytes from 44.241.174.93: icmp_seq=953 ttl=44 time=80.3 ms
08-10 21:51:18.668 21632 21683 D cellinfo: 46 bytes from 44.241.174.93: icmp_seq=954 ttl=44 time=103 ms
08-10 21:51:18.852 21632 21683 D cellinfo: 46 bytes from 44.241.174.93: icmp_seq=955 ttl=44 time=86.3 ms
08-10 21:51:19.072 21632 21683 D cellinfo: 46 bytes from 44.241.174.93: icmp_seq=956 ttl=44 time=104 ms
08-10 21:51:19.269 21632 21683 D cellinfo: 46 bytes from 44.241.174.93: icmp_seq=957 ttl=44 time=102 ms
08-10 21:51:19.450 21632 21683 D cellinfo: 46 bytes from 44.241.174.93: icmp_seq=958 ttl=44 time=80.8 ms
08-10 21:51:19.517 21632 21632 D cellinfo: Latitude is 41.0039886
08-10 21:51:19.518 21632 21632 D cellinfo: Longitude is -105.416236
08-10 21:51:19.518 21632 21632 D cellinfo: Instantaneous GPS information: United States, 2471-2551 US-287, Laramie, WY 82070, USA
08-10 21:51:19.518 21632 21632 D cellinfo: getCurrentLocation() result: Location (success): 41.0039886, -105.416236
08-10 21:51:19.668 21632 21683 D cellinfo: 46 bytes from 44.241.174.93: icmp_seq=959 ttl=44 time=98.3 ms
08-10 21:51:19.847 21632 21683 D cellinfo: 46 bytes from 44.241.174.93: icmp_seq=960 ttl=44 time=76.0 ms
08-10 21:51:20.063 21632 21683 D cellinfo: 46 bytes from 44.241.174.93: icmp_seq=961 ttl=44 time=92.0 ms
08-10 21:51:20.237 21632 21683 D cellinfo: 46 bytes from 44.241.174.93: icmp_seq=962 ttl=44 time=66.6 ms
08-10 21:51:20.463 21632 21683 D cellinfo: 46 bytes from 44.241.174.93: icmp_seq=963 ttl=44 time=91.9 ms
08-10 21:51:20.637 21632 21683 D cellinfo: 46 bytes from 44.241.174.93: icmp_seq=964 ttl=44 time=65.3 ms
08-10 21:51:20.756 21632 21632 D cellinfo: Latitude is 41.0039886
08-10 21:51:20.756 21632 21632 D cellinfo: Longitude is -105.416236
08-10 21:51:20.756 21632 21632 D cellinfo: Instantaneous GPS information: United States, 2471-2551 US-287, Laramie, WY 82070, USA
08-10 21:51:20.756 21632 21632 D cellinfo: getCurrentLocation() result: Location (success): 41.0039886, -105.416236
08-10 21:51:20.783 21632 21632 D cellinfo: onCellInfoChanged: Operator: T-Mobile UpdateTimestamp: 13601818 CellConnectionStatus: 0
08-10 21:51:20.784 21632 21632 D cellinfo: onCellInfoChanged: LTE Cell Bands: [2] Bandwidth: 15000 Cell ID: 7915531 Physical Cell ID: 456 Tracking Area Code: 41465 EARFCN: 875
08-10 21:51:20.863 21632 21683 D cellinfo: 46 bytes from 44.241.174.93: icmp_seq=965 ttl=44 time=90.7 ms
08-10 21:51:21.037 21632 21683 D cellinfo: 46 bytes from 44.241.174.93: icmp_seq=966 ttl=44 time=63.4 ms
08-10 21:51:21.263 21632 21683 D cellinfo: 46 bytes from 44.241.174.93: icmp_seq=967 ttl=44 time=89.2 ms
08-10 21:51:21.442 21632 21683 D cellinfo: 46 bytes from 44.241.174.93: icmp_seq=968 ttl=44 time=67.6 ms
08-10 21:51:21.663 21632 21683 D cellinfo: 46 bytes from 44.241.174.93: icmp_seq=969 ttl=44 time=87.3 ms
08-10 21:51:21.730 21632 21632 D cellinfo: onsignalStrengthsChanged: LTE Signal Strength info: rsrp: -127 rsrq: -13 rssi: -91 rssnr: -2
08-10 21:51:21.868 21632 21683 D cellinfo: 46 bytes from 44.241.174.93: icmp_seq=970 ttl=44 time=91.3 ms
08-10 21:51:22.075 21632 21683 D cellinfo: 46 bytes from 44.241.174.93: icmp_seq=971 ttl=44 time=97.3 ms
08-10 21:51:22.288 21632 21683 D cellinfo: 46 bytes from 44.241.174.93: icmp_seq=972 ttl=44 time=110 ms
08-10 21:51:23.109 21632 21683 D cellinfo: 46 bytes from 44.241.174.93: icmp_seq=973 ttl=44 time=729 ms
08-10 21:51:23.109 21632 21683 D cellinfo: 46 bytes from 44.241.174.93: icmp_seq=974 ttl=44 time=527 ms
08-10 21:51:23.114 21632 21683 D cellinfo: 46 bytes from 44.241.174.93: icmp_seq=975 ttl=44 time=328 ms
08-10 21:51:23.143 21632 21683 D cellinfo: 46 bytes from 44.241.174.93: icmp_seq=976 ttl=44 time=154 ms
08-10 21:51:23.245 21632 21683 D cellinfo: 46 bytes from 44.241.174.93: icmp_seq=977 ttl=44 time=56.2 ms
08-10 21:51:23.463 21632 21683 D cellinfo: 46 bytes from 44.241.174.93: icmp_seq=978 ttl=44 time=73.5 ms
08-10 21:51:23.663 21632 21683 D cellinfo: 46 bytes from 44.241.174.93: icmp_seq=979 ttl=44 time=72.4 ms
08-10 21:51:23.879 21632 21683 D cellinfo: 46 bytes from 44.241.174.93: icmp_seq=980 ttl=44 time=86.7 ms
08-10 21:51:24.112 21632 21683 D cellinfo: 46 bytes from 44.241.174.93: icmp_seq=981 ttl=44 time=118 ms
08-10 21:51:24.217 21632 21632 D cellinfo: Latitude is 41.0036256
08-10 21:51:24.217 21632 21632 D cellinfo: Longitude is -105.4158028
08-10 21:51:24.217 21632 21632 D cellinfo: Instantaneous GPS information: United States, 2471-2551 US-287, Laramie, WY 82070, USA
08-10 21:51:24.217 21632 21632 D cellinfo: getCurrentLocation() result: Location (success): 41.0036256, -105.4158028
08-10 21:51:24.218 21632 21632 D cellinfo: onCellInfoChanged: Operator: T-Mobile UpdateTimestamp: 13604856 CellConnectionStatus: 0
08-10 21:51:24.219 21632 21632 D cellinfo: onCellInfoChanged: LTE Cell Bands: [2] Bandwidth: 15000 Cell ID: 7915531 Physical Cell ID: 456 Tracking Area Code: 41465 EARFCN: 875
08-10 21:51:24.277 21632 21683 D cellinfo: 46 bytes from 44.241.174.93: icmp_seq=982 ttl=44 time=82.8 ms
08-10 21:51:24.463 21632 21683 D cellinfo: 46 bytes from 44.241.174.93: icmp_seq=983 ttl=44 time=68.4 ms
08-10 21:51:24.681 21632 21683 D cellinfo: 46 bytes from 44.241.174.93: icmp_seq=984 ttl=44 time=84.8 ms
08-10 21:51:24.866 21632 21683 D cellinfo: 46 bytes from 44.241.174.93: icmp_seq=985 ttl=44 time=67.8 ms
08-10 21:51:25.103 21632 21683 D cellinfo: 46 bytes from 44.241.174.93: icmp_seq=986 ttl=44 time=103 ms
08-10 21:51:25.303 21632 21683 D cellinfo: 46 bytes from 44.241.174.93: icmp_seq=987 ttl=44 time=103 ms
08-10 21:51:25.468 21632 21683 D cellinfo: 46 bytes from 44.241.174.93: icmp_seq=988 ttl=44 time=67.3 ms
08-10 21:51:25.666 21632 21683 D cellinfo: 46 bytes from 44.241.174.93: icmp_seq=989 ttl=44 time=64.7 ms
08-10 21:51:25.881 21632 21683 D cellinfo: 46 bytes from 44.241.174.93: icmp_seq=990 ttl=44 time=78.6 ms
08-10 21:51:26.086 21632 21683 D cellinfo: 46 bytes from 44.241.174.93: icmp_seq=991 ttl=44 time=82.6 ms
08-10 21:51:26.292 21632 21683 D cellinfo: 46 bytes from 44.241.174.93: icmp_seq=992 ttl=44 time=87.5 ms
08-10 21:51:26.492 21632 21683 D cellinfo: 46 bytes from 44.241.174.93: icmp_seq=993 ttl=44 time=86.3 ms
08-10 21:51:26.688 21632 21683 D cellinfo: 46 bytes from 44.241.174.93: icmp_seq=994 ttl=44 time=81.6 ms
08-10 21:51:26.903 21632 21683 D cellinfo: 46 bytes from 44.241.174.93: icmp_seq=995 ttl=44 time=95.5 ms
08-10 21:51:27.074 21632 21683 D cellinfo: 46 bytes from 44.241.174.93: icmp_seq=996 ttl=44 time=65.4 ms
08-10 21:51:27.205 21632 21632 D cellinfo: Latitude is 41.003125
08-10 21:51:27.205 21632 21632 D cellinfo: Longitude is -105.4152053
08-10 21:51:27.205 21632 21632 D cellinfo: Instantaneous GPS information: United States, 2471-2551 US-287, Laramie, WY 82070, USA
08-10 21:51:27.205 21632 21632 D cellinfo: getCurrentLocation() result: Location (success): 41.003125, -105.4152053
08-10 21:51:27.207 21632 21632 D cellinfo: onCellInfoChanged: Operator: T-Mobile UpdateTimestamp: 13607849 CellConnectionStatus: 0
08-10 21:51:27.207 21632 21632 D cellinfo: onCellInfoChanged: LTE Cell Bands: [2] Bandwidth: 15000 Cell ID: 7915531 Physical Cell ID: 456 Tracking Area Code: 41465 EARFCN: 875
08-10 21:51:27.269 21632 21683 D cellinfo: 46 bytes from 44.241.174.93: icmp_seq=997 ttl=44 time=59.6 ms
08-10 21:51:27.503 21632 21683 D cellinfo: 46 bytes from 44.241.174.93: icmp_seq=998 ttl=44 time=92.3 ms
08-10 21:51:27.703 21632 21683 D cellinfo: 46 bytes from 44.241.174.93: icmp_seq=999 ttl=44 time=91.3 ms
08-10 21:51:27.885 21632 21683 D cellinfo: 46 bytes from 44.241.174.93: icmp_seq=1000 ttl=44 time=71.8 ms
08-10 21:51:28.119 21632 21683 D cellinfo: 46 bytes from 44.241.174.93: icmp_seq=1001 ttl=44 time=105 ms
08-10 21:51:28.277 21632 21683 D cellinfo: 46 bytes from 44.241.174.93: icmp_seq=1002 ttl=44 time=61.7 ms
08-10 21:51:28.480 21632 21683 D cellinfo: 46 bytes from 44.241.174.93: icmp_seq=1003 ttl=44 time=62.8 ms
08-10 21:51:28.677 21632 21683 D cellinfo: 46 bytes from 44.241.174.93: icmp_seq=1004 ttl=44 time=58.9 ms
08-10 21:51:28.877 21632 21683 D cellinfo: 46 bytes from 44.241.174.93: icmp_seq=1005 ttl=44 time=58.3 ms
08-10 21:51:29.077 21632 21683 D cellinfo: 46 bytes from 44.241.174.93: icmp_seq=1006 ttl=44 time=57.4 ms
08-10 21:51:29.271 21632 21683 D cellinfo: 46 bytes from 44.241.174.93: icmp_seq=1007 ttl=44 time=50.9 ms
08-10 21:51:29.476 21632 21683 D cellinfo: 46 bytes from 44.241.174.93: icmp_seq=1008 ttl=44 time=55.5 ms
08-10 21:51:29.727 21632 21683 D cellinfo: 46 bytes from 44.241.174.93: icmp_seq=1009 ttl=44 time=105 ms
08-10 21:51:29.877 21632 21683 D cellinfo: 46 bytes from 44.241.174.93: icmp_seq=1010 ttl=44 time=54.2 ms
08-10 21:51:30.077 21632 21683 D cellinfo: 46 bytes from 44.241.174.93: icmp_seq=1011 ttl=44 time=52.0 ms
08-10 21:51:30.171 21632 21632 D cellinfo: Latitude is 41.0029494
08-10 21:51:30.171 21632 21632 D cellinfo: Longitude is -105.4149957
08-10 21:51:30.171 21632 21632 D cellinfo: Instantaneous GPS information: United States, 2471-2551 US-287, Laramie, WY 82070, USA
08-10 21:51:30.171 21632 21632 D cellinfo: getCurrentLocation() result: Location (success): 41.0029494, -105.4149957
08-10 21:51:30.174 21632 21632 D cellinfo: onCellInfoChanged: Operator: T-Mobile UpdateTimestamp: 13610834 CellConnectionStatus: 0
08-10 21:51:30.174 21632 21632 D cellinfo: onCellInfoChanged: LTE Cell Bands: [2] Bandwidth: 15000 Cell ID: 7915531 Physical Cell ID: 456 Tracking Area Code: 41465 EARFCN: 875
08-10 21:51:30.276 21632 21683 D cellinfo: 46 bytes from 44.241.174.93: icmp_seq=1012 ttl=44 time=50.8 ms
08-10 21:51:30.479 21632 21683 D cellinfo: 46 bytes from 44.241.174.93: icmp_seq=1013 ttl=44 time=52.5 ms
08-10 21:51:30.727 21632 21683 D cellinfo: 46 bytes from 44.241.174.93: icmp_seq=1014 ttl=44 time=99.6 ms
08-10 21:51:30.887 21632 21683 D cellinfo: 46 bytes from 44.241.174.93: icmp_seq=1015 ttl=44 time=58.7 ms
08-10 21:51:31.086 21632 21683 D cellinfo: 46 bytes from 44.241.174.93: icmp_seq=1016 ttl=44 time=55.9 ms
08-10 21:51:31.286 21632 21683 D cellinfo: 46 bytes from 44.241.174.93: icmp_seq=1017 ttl=44 time=55.0 ms
08-10 21:51:31.544 21632 21683 D cellinfo: 46 bytes from 44.241.174.93: icmp_seq=1018 ttl=44 time=111 ms
08-10 21:51:31.686 21632 21683 D cellinfo: 46 bytes from 44.241.174.93: icmp_seq=1019 ttl=44 time=52.1 ms
08-10 21:51:31.903 21632 21683 D cellinfo: 46 bytes from 44.241.174.93: icmp_seq=1020 ttl=44 time=68.3 ms
08-10 21:51:32.105 21632 21683 D cellinfo: 46 bytes from 44.241.174.93: icmp_seq=1021 ttl=44 time=68.6 ms
08-10 21:51:32.303 21632 21683 D cellinfo: 46 bytes from 44.241.174.93: icmp_seq=1022 ttl=44 time=66.1 ms
08-10 21:51:32.505 21632 21683 D cellinfo: 46 bytes from 44.241.174.93: icmp_seq=1023 ttl=44 time=67.4 ms
08-10 21:51:32.705 21632 21683 D cellinfo: 46 bytes from 44.241.174.93: icmp_seq=1024 ttl=44 time=66.2 ms
08-10 21:51:32.798 21632 21632 D cellinfo: onCellInfoChanged: Operator: T-Mobile UpdateTimestamp: 13613831 CellConnectionStatus: 0
08-10 21:51:32.798 21632 21632 D cellinfo: onCellInfoChanged: LTE Cell Bands: [2] Bandwidth: 15000 Cell ID: 7915531 Physical Cell ID: 456 Tracking Area Code: 41465 EARFCN: 875
08-10 21:51:32.913 21632 21683 D cellinfo: 46 bytes from 44.241.174.93: icmp_seq=1025 ttl=44 time=74.3 ms
08-10 21:51:33.107 21632 21683 D cellinfo: 46 bytes from 44.241.174.93: icmp_seq=1026 ttl=44 time=67.2 ms
08-10 21:51:33.305 21632 21683 D cellinfo: 46 bytes from 44.241.174.93: icmp_seq=1027 ttl=44 time=64.6 ms
08-10 21:51:33.543 21632 21683 D cellinfo: 46 bytes from 44.241.174.93: icmp_seq=1028 ttl=44 time=101 ms
08-10 21:51:33.705 21632 21683 D cellinfo: 46 bytes from 44.241.174.93: icmp_seq=1029 ttl=44 time=62.5 ms
08-10 21:51:33.914 21632 21683 D cellinfo: 46 bytes from 44.241.174.93: icmp_seq=1030 ttl=44 time=70.8 ms
08-10 21:51:34.118 21632 21683 D cellinfo: 46 bytes from 44.241.174.93: icmp_seq=1031 ttl=44 time=74.0 ms
08-10 21:51:34.676 21632 21683 D cellinfo: 46 bytes from 44.241.174.93: icmp_seq=1032 ttl=44 time=430 ms
08-10 21:51:34.678 21632 21683 D cellinfo: 46 bytes from 44.241.174.93: icmp_seq=1033 ttl=44 time=229 ms
08-10 21:51:34.717 21632 21632 D cellinfo: Latitude is 41.0001756
08-10 21:51:34.717 21632 21632 D cellinfo: Longitude is -105.4132095
08-10 21:51:34.717 21632 21632 D cellinfo: Instantaneous GPS information: United States, 2540 US-287, Laramie, WY 82070, USA
08-10 21:51:34.717 21632 21632 D cellinfo: getCurrentLocation() result: Location (success): 41.0001756, -105.4132095
08-10 21:51:34.718 21632 21683 D cellinfo: 46 bytes from 44.241.174.93: icmp_seq=1034 ttl=44 time=65.4 ms
08-10 21:51:34.945 21632 21683 D cellinfo: 46 bytes from 44.241.174.93: icmp_seq=1035 ttl=44 time=91.4 ms
08-10 21:51:35.163 21632 21683 D cellinfo: 46 bytes from 44.241.174.93: icmp_seq=1036 ttl=44 time=108 ms
08-10 21:51:35.358 21632 21683 D cellinfo: 46 bytes from 44.241.174.93: icmp_seq=1037 ttl=44 time=102 ms
08-10 21:51:35.556 21632 21683 D cellinfo: 46 bytes from 44.241.174.93: icmp_seq=1038 ttl=44 time=99.3 ms
08-10 21:51:35.727 21632 21683 D cellinfo: 46 bytes from 44.241.174.93: icmp_seq=1039 ttl=44 time=70.2 ms
08-10 21:51:35.759 21632 21632 D cellinfo: Latitude is 41.0001756
08-10 21:51:35.759 21632 21632 D cellinfo: Longitude is -105.4132095
08-10 21:51:35.759 21632 21632 D cellinfo: Instantaneous GPS information: United States, 2540 US-287, Laramie, WY 82070, USA
08-10 21:51:35.759 21632 21632 D cellinfo: getCurrentLocation() result: Location (success): 41.0001756, -105.4132095
08-10 21:51:35.809 21632 21632 D cellinfo: onCellInfoChanged: Operator: T-Mobile UpdateTimestamp: 13616841 CellConnectionStatus: 0
08-10 21:51:35.809 21632 21632 D cellinfo: onCellInfoChanged: LTE Cell Bands: [2] Bandwidth: 15000 Cell ID: 7915531 Physical Cell ID: 456 Tracking Area Code: 41465 EARFCN: 875
08-10 21:51:35.954 21632 21683 D cellinfo: 46 bytes from 44.241.174.93: icmp_seq=1040 ttl=44 time=96.8 ms
08-10 21:51:36.122 21632 21683 D cellinfo: 46 bytes from 44.241.174.93: icmp_seq=1041 ttl=44 time=64.3 ms
08-10 21:51:36.319 21632 21683 D cellinfo: 46 bytes from 44.241.174.93: icmp_seq=1042 ttl=44 time=60.7 ms
08-10 21:51:36.635 21632 21683 D cellinfo: 46 bytes from 44.241.174.93: icmp_seq=1043 ttl=44 time=175 ms
08-10 21:51:36.724 21632 21683 D cellinfo: 46 bytes from 44.241.174.93: icmp_seq=1044 ttl=44 time=63.6 ms
08-10 21:51:36.924 21632 21683 D cellinfo: 46 bytes from 44.241.174.93: icmp_seq=1045 ttl=44 time=62.4 ms
08-10 21:51:37.119 21632 21683 D cellinfo: 46 bytes from 44.241.174.93: icmp_seq=1046 ttl=44 time=56.2 ms
08-10 21:51:37.320 21632 21683 D cellinfo: 46 bytes from 44.241.174.93: icmp_seq=1047 ttl=44 time=56.3 ms
08-10 21:51:37.586 21632 21683 D cellinfo: 46 bytes from 44.241.174.93: icmp_seq=1048 ttl=44 time=121 ms
08-10 21:51:37.764 21632 21683 D cellinfo: 46 bytes from 44.241.174.93: icmp_seq=1049 ttl=44 time=98.3 ms
08-10 21:51:37.991 21632 21683 D cellinfo: 46 bytes from 44.241.174.93: icmp_seq=1050 ttl=44 time=124 ms
08-10 21:51:38.143 21632 21683 D cellinfo: 46 bytes from 44.241.174.93: icmp_seq=1051 ttl=44 time=74.3 ms
08-10 21:51:38.351 21632 21683 D cellinfo: 46 bytes from 44.241.174.93: icmp_seq=1052 ttl=44 time=81.3 ms
08-10 21:51:38.546 21632 21683 D cellinfo: 46 bytes from 44.241.174.93: icmp_seq=1053 ttl=44 time=74.9 ms
08-10 21:51:38.752 21632 21683 D cellinfo: 46 bytes from 44.241.174.93: icmp_seq=1054 ttl=44 time=79.3 ms
08-10 21:51:38.986 21632 21683 D cellinfo: 46 bytes from 44.241.174.93: icmp_seq=1055 ttl=44 time=111 ms
08-10 21:51:39.304 21632 21683 D cellinfo: 46 bytes from 44.241.174.93: icmp_seq=1056 ttl=44 time=229 ms
08-10 21:51:39.365 21632 21683 D cellinfo: 46 bytes from 44.241.174.93: icmp_seq=1057 ttl=44 time=85.8 ms
08-10 21:51:39.596 21632 21683 D cellinfo: 46 bytes from 44.241.174.93: icmp_seq=1058 ttl=44 time=116 ms
08-10 21:51:39.601 21632 21632 D cellinfo: Latitude is 40.9996922
08-10 21:51:39.601 21632 21632 D cellinfo: Longitude is -105.4130377
08-10 21:51:39.601 21632 21632 D cellinfo: Instantaneous GPS information: United States, 2540 US-287, Laramie, WY 82070, USA
08-10 21:51:39.601 21632 21632 D cellinfo: getCurrentLocation() result: Location (success): 40.9996922, -105.4130377
08-10 21:51:39.604 21632 21632 D cellinfo: onCellInfoChanged: Operator: T-Mobile UpdateTimestamp: 13619845 CellConnectionStatus: 0
08-10 21:51:39.604 21632 21632 D cellinfo: onCellInfoChanged: LTE Cell Bands: [2] Bandwidth: 15000 Cell ID: 7915531 Physical Cell ID: 456 Tracking Area Code: 41465 EARFCN: 875
08-10 21:51:39.795 21632 21683 D cellinfo: 46 bytes from 44.241.174.93: icmp_seq=1059 ttl=44 time=114 ms
08-10 21:51:39.988 21632 21683 D cellinfo: 46 bytes from 44.241.174.93: icmp_seq=1060 ttl=44 time=106 ms
08-10 21:51:40.193 21632 21683 D cellinfo: 46 bytes from 44.241.174.93: icmp_seq=1061 ttl=44 time=110 ms
08-10 21:51:40.372 21632 21683 D cellinfo: 46 bytes from 44.241.174.93: icmp_seq=1062 ttl=44 time=88.2 ms
08-10 21:51:40.547 21632 21683 D cellinfo: 46 bytes from 44.241.174.93: icmp_seq=1063 ttl=44 time=61.9 ms
08-10 21:51:40.983 21632 21683 D cellinfo: 46 bytes from 44.241.174.93: icmp_seq=1064 ttl=44 time=296 ms
08-10 21:51:41.001 21632 21683 D cellinfo: 46 bytes from 44.241.174.93: icmp_seq=1065 ttl=44 time=112 ms
08-10 21:51:41.224 21632 21683 D cellinfo: 46 bytes from 44.241.174.93: icmp_seq=1066 ttl=44 time=135 ms
08-10 21:51:41.401 21632 21683 D cellinfo: 46 bytes from 44.241.174.93: icmp_seq=1067 ttl=44 time=111 ms
08-10 21:51:41.582 21632 21683 D cellinfo: 46 bytes from 44.241.174.93: icmp_seq=1068 ttl=44 time=92.6 ms
08-10 21:51:41.807 21632 21683 D cellinfo: 46 bytes from 44.241.174.93: icmp_seq=1069 ttl=44 time=116 ms
08-10 21:51:42.066 21632 21683 D cellinfo: 46 bytes from 44.241.174.93: icmp_seq=1070 ttl=44 time=174 ms
08-10 21:51:42.283 21632 21683 D cellinfo: 46 bytes from 44.241.174.93: icmp_seq=1071 ttl=44 time=189 ms
08-10 21:51:42.427 21632 21683 D cellinfo: 46 bytes from 44.241.174.93: icmp_seq=1072 ttl=44 time=134 ms
08-10 21:51:42.565 21632 21683 D cellinfo: 46 bytes from 44.241.174.93: icmp_seq=1073 ttl=44 time=69.2 ms
08-10 21:51:42.569 21632 21632 D cellinfo: Latitude is 40.9990227
08-10 21:51:42.569 21632 21632 D cellinfo: Longitude is -105.4127993
08-10 21:51:42.569 21632 21632 D cellinfo: Instantaneous GPS information: United States, 36292 US-287, Virginia Dale, CO 80536, USA
08-10 21:51:42.569 21632 21632 D cellinfo: getCurrentLocation() result: Location (success): 40.9990227, -105.4127993
08-10 21:51:42.572 21632 21632 D cellinfo: onCellInfoChanged: Operator: T-Mobile UpdateTimestamp: 13622846 CellConnectionStatus: 0
08-10 21:51:42.572 21632 21632 D cellinfo: onCellInfoChanged: LTE Cell Bands: [2] Bandwidth: 15000 Cell ID: 7915531 Physical Cell ID: 456 Tracking Area Code: 41465 EARFCN: 875
08-10 21:51:42.876 21632 21683 D cellinfo: 46 bytes from 44.241.174.93: icmp_seq=1074 ttl=44 time=179 ms
08-10 21:51:42.964 21632 21683 D cellinfo: 46 bytes from 44.241.174.93: icmp_seq=1075 ttl=44 time=66.4 ms
08-10 21:51:43.164 21632 21683 D cellinfo: 46 bytes from 44.241.174.93: icmp_seq=1076 ttl=44 time=65.1 ms
08-10 21:51:43.364 21632 21683 D cellinfo: 46 bytes from 44.241.174.93: icmp_seq=1077 ttl=44 time=64.3 ms
08-10 21:51:43.587 21632 21683 D cellinfo: 46 bytes from 44.241.174.93: icmp_seq=1078 ttl=44 time=86.4 ms
08-10 21:51:43.796 21632 21683 D cellinfo: 46 bytes from 44.241.174.93: icmp_seq=1079 ttl=44 time=93.3 ms
08-10 21:51:43.965 21632 21683 D cellinfo: 46 bytes from 44.241.174.93: icmp_seq=1080 ttl=44 time=61.2 ms
08-10 21:51:44.157 21632 21683 D cellinfo: 46 bytes from 44.241.174.93: icmp_seq=1081 ttl=44 time=52.2 ms
08-10 21:51:44.367 21632 21683 D cellinfo: 46 bytes from 44.241.174.93: icmp_seq=1082 ttl=44 time=60.8 ms
08-10 21:51:44.623 21632 21683 D cellinfo: 46 bytes from 44.241.174.93: icmp_seq=1083 ttl=44 time=116 ms
08-10 21:51:44.793 21632 21683 D cellinfo: 46 bytes from 44.241.174.93: icmp_seq=1084 ttl=44 time=85.4 ms
08-10 21:51:45.128 21632 21683 D cellinfo: 46 bytes from 44.241.174.93: icmp_seq=1085 ttl=44 time=218 ms
08-10 21:51:45.464 21632 21683 D cellinfo: 46 bytes from 44.241.174.93: icmp_seq=1086 ttl=44 time=351 ms
08-10 21:51:45.525 21632 21683 D cellinfo: 46 bytes from 44.241.174.93: icmp_seq=1087 ttl=44 time=211 ms
08-10 21:51:45.588 21632 21683 D cellinfo: 46 bytes from 44.241.174.93: icmp_seq=1088 ttl=44 time=71.5 ms
08-10 21:51:45.590 21632 21632 D cellinfo: Latitude is 40.9987999
08-10 21:51:45.590 21632 21632 D cellinfo: Longitude is -105.4127196
08-10 21:51:45.590 21632 21632 D cellinfo: Instantaneous GPS information: United States, 36292 US-287, Virginia Dale, CO 80536, USA
08-10 21:51:45.590 21632 21632 D cellinfo: getCurrentLocation() result: Location (success): 40.9987999, -105.4127196
08-10 21:51:45.592 21632 21632 D cellinfo: onCellInfoChanged: Operator: T-Mobile UpdateTimestamp: 13625845 CellConnectionStatus: 0
08-10 21:51:45.593 21632 21632 D cellinfo: onCellInfoChanged: LTE Cell Bands: [2] Bandwidth: 15000 Cell ID: 7915531 Physical Cell ID: 456 Tracking Area Code: 41465 EARFCN: 875
08-10 21:51:45.943 21632 21683 D cellinfo: 46 bytes from 44.241.174.93: icmp_seq=1089 ttl=44 time=224 ms
08-10 21:51:46.001 21632 21683 D cellinfo: 46 bytes from 44.241.174.93: icmp_seq=1090 ttl=44 time=79.1 ms
08-10 21:51:46.205 21632 21683 D cellinfo: 46 bytes from 44.241.174.93: icmp_seq=1091 ttl=44 time=83.5 ms
08-10 21:51:46.428 21632 21683 D cellinfo: 46 bytes from 44.241.174.93: icmp_seq=1092 ttl=44 time=105 ms
08-10 21:51:46.607 21632 21683 D cellinfo: 46 bytes from 44.241.174.93: icmp_seq=1093 ttl=44 time=83.3 ms
08-10 21:51:46.832 21632 21683 D cellinfo: 46 bytes from 44.241.174.93: icmp_seq=1094 ttl=44 time=108 ms
08-10 21:51:47.265 21632 21683 D cellinfo: 46 bytes from 44.241.174.93: icmp_seq=1095 ttl=44 time=339 ms
08-10 21:51:47.318 21632 21683 D cellinfo: 46 bytes from 44.241.174.93: icmp_seq=1096 ttl=44 time=193 ms
08-10 21:51:47.791 21632 21632 D cellinfo: onCellInfoChanged: Operator: T-Mobile UpdateTimestamp: 13628825 CellConnectionStatus: 0
08-10 21:51:47.791 21632 21632 D cellinfo: onCellInfoChanged: LTE Cell Bands: [2] Bandwidth: 15000 Cell ID: 7915531 Physical Cell ID: 456 Tracking Area Code: 41465 EARFCN: 875
08-10 21:51:47.931 21632 21683 D cellinfo: 46 bytes from 44.241.174.93: icmp_seq=1097 ttl=44 time=606 ms
08-10 21:51:48.212 21632 21683 D cellinfo: 46 bytes from 44.241.174.93: icmp_seq=1098 ttl=44 time=683 ms
08-10 21:51:48.213 21632 21683 D cellinfo: 46 bytes from 44.241.174.93: icmp_seq=1099 ttl=44 time=480 ms
08-10 21:51:48.242 21632 21683 D cellinfo: 46 bytes from 44.241.174.93: icmp_seq=1100 ttl=44 time=299 ms
08-10 21:51:48.272 21632 21683 D cellinfo: 46 bytes from 44.241.174.93: icmp_seq=1101 ttl=44 time=126 ms
08-10 21:51:48.482 21632 21683 D cellinfo: 46 bytes from 44.241.174.93: icmp_seq=1102 ttl=44 time=135 ms
08-10 21:51:48.674 21632 21683 D cellinfo: 46 bytes from 44.241.174.93: icmp_seq=1103 ttl=44 time=126 ms
08-10 21:51:49.025 21632 21683 D cellinfo: 46 bytes from 44.241.174.93: icmp_seq=1104 ttl=44 time=276 ms
08-10 21:51:49.063 21632 21683 D cellinfo: 46 bytes from 44.241.174.93: icmp_seq=1105 ttl=44 time=111 ms
08-10 21:51:49.268 21632 21683 D cellinfo: 46 bytes from 44.241.174.93: icmp_seq=1106 ttl=44 time=116 ms
08-10 21:51:49.471 21632 21683 D cellinfo: 46 bytes from 44.241.174.93: icmp_seq=1107 ttl=44 time=119 ms
08-10 21:51:49.645 21632 21683 D cellinfo: 46 bytes from 44.241.174.93: icmp_seq=1108 ttl=44 time=92.4 ms
08-10 21:51:49.823 21632 21683 D cellinfo: 46 bytes from 44.241.174.93: icmp_seq=1109 ttl=44 time=69.4 ms
08-10 21:51:50.063 21632 21683 D cellinfo: 46 bytes from 44.241.174.93: icmp_seq=1110 ttl=44 time=109 ms
08-10 21:51:50.490 21632 21683 D cellinfo: 46 bytes from 44.241.174.93: icmp_seq=1111 ttl=44 time=334 ms
08-10 21:51:50.525 21632 21683 D cellinfo: 46 bytes from 44.241.174.93: icmp_seq=1112 ttl=44 time=166 ms
08-10 21:51:50.707 21632 21683 D cellinfo: 46 bytes from 44.241.174.93: icmp_seq=1113 ttl=44 time=146 ms
08-10 21:51:51.144 21632 21683 D cellinfo: 46 bytes from 44.241.174.93: icmp_seq=1114 ttl=44 time=382 ms
08-10 21:51:51.160 21632 21683 D cellinfo: 46 bytes from 44.241.174.93: icmp_seq=1115 ttl=44 time=197 ms
08-10 21:51:51.174 21632 21632 D cellinfo: Latitude is 40.9951139
08-10 21:51:51.174 21632 21632 D cellinfo: Longitude is -105.4121292
08-10 21:51:51.174 21632 21632 D cellinfo: Instantaneous GPS information: United States, 36726-36998 US-287, Livermore, CO 80536, USA
08-10 21:51:51.174 21632 21632 D cellinfo: getCurrentLocation() result: Location (success): 40.9951139, -105.4121292
08-10 21:51:51.176 21632 21632 D cellinfo: onCellInfoChanged: Operator: T-Mobile UpdateTimestamp: 13631825 CellConnectionStatus: 0
08-10 21:51:51.176 21632 21632 D cellinfo: onCellInfoChanged: LTE Cell Bands: [2] Bandwidth: 15000 Cell ID: 7915531 Physical Cell ID: 456 Tracking Area Code: 41465 EARFCN: 875
08-10 21:51:51.193 21632 21632 D cellinfo: Latitude is 40.9951139
08-10 21:51:51.193 21632 21632 D cellinfo: Longitude is -105.4121292
08-10 21:51:51.193 21632 21632 D cellinfo: Instantaneous GPS information: United States, 36726-36998 US-287, Livermore, CO 80536, USA
08-10 21:51:51.193 21632 21632 D cellinfo: getCurrentLocation() result: Location (success): 40.9951139, -105.4121292
08-10 21:51:51.676 21632 21683 D cellinfo: 46 bytes from 44.241.174.93: icmp_seq=1116 ttl=44 time=514 ms
08-10 21:51:51.686 21632 21683 D cellinfo: 46 bytes from 44.241.174.93: icmp_seq=1117 ttl=44 time=324 ms
08-10 21:51:51.705 21632 21683 D cellinfo: 46 bytes from 44.241.174.93: icmp_seq=1118 ttl=44 time=139 ms
08-10 21:51:51.872 21632 21683 D cellinfo: 46 bytes from 44.241.174.93: icmp_seq=1119 ttl=44 time=105 ms
08-10 21:51:52.044 21632 21683 D cellinfo: 46 bytes from 44.241.174.93: icmp_seq=1120 ttl=44 time=76.8 ms
08-10 21:51:52.237 21632 21683 D cellinfo: 46 bytes from 44.241.174.93: icmp_seq=1121 ttl=44 time=70.0 ms
08-10 21:51:52.438 21632 21683 D cellinfo: 46 bytes from 44.241.174.93: icmp_seq=1122 ttl=44 time=70.3 ms
08-10 21:51:52.671 21632 21683 D cellinfo: 46 bytes from 44.241.174.93: icmp_seq=1123 ttl=44 time=102 ms
08-10 21:51:52.773 21632 21632 D cellinfo: onsignalStrengthsChanged: LTE Signal Strength info: rsrp: -135 rsrq: -20 rssi: -95 rssnr: -5
08-10 21:51:52.875 21632 21683 D cellinfo: 46 bytes from 44.241.174.93: icmp_seq=1124 ttl=44 time=106 ms
08-10 21:51:53.086 21632 21683 D cellinfo: 46 bytes from 44.241.174.93: icmp_seq=1125 ttl=44 time=117 ms
08-10 21:51:53.269 21632 21683 D cellinfo: 46 bytes from 44.241.174.93: icmp_seq=1126 ttl=44 time=100 ms
08-10 21:51:53.446 21632 21683 D cellinfo: 46 bytes from 44.241.174.93: icmp_seq=1127 ttl=44 time=76.8 ms
08-10 21:51:53.645 21632 21683 D cellinfo: 46 bytes from 44.241.174.93: icmp_seq=1128 ttl=44 time=75.2 ms
08-10 21:51:53.886 21632 21683 D cellinfo: 46 bytes from 44.241.174.93: icmp_seq=1129 ttl=44 time=115 ms
08-10 21:51:54.254 21632 21683 D cellinfo: 46 bytes from 44.241.174.93: icmp_seq=1130 ttl=44 time=281 ms
08-10 21:51:54.304 21632 21683 D cellinfo: 46 bytes from 44.241.174.93: icmp_seq=1131 ttl=44 time=128 ms
08-10 21:51:54.452 21632 21683 D cellinfo: 46 bytes from 44.241.174.93: icmp_seq=1132 ttl=44 time=74.5 ms
08-10 21:51:54.592 21632 21632 D cellinfo: Latitude is 40.9949621
08-10 21:51:54.592 21632 21632 D cellinfo: Longitude is -105.412079
08-10 21:51:54.592 21632 21632 D cellinfo: Instantaneous GPS information: United States, 36726-36998 US-287, Livermore, CO 80536, USA
08-10 21:51:54.592 21632 21632 D cellinfo: getCurrentLocation() result: Location (success): 40.9949621, -105.412079
08-10 21:51:54.593 21632 21632 D cellinfo: onCellInfoChanged: Operator: T-Mobile UpdateTimestamp: 13634828 CellConnectionStatus: 0
08-10 21:51:54.593 21632 21632 D cellinfo: onCellInfoChanged: LTE Cell Bands: [2] Bandwidth: 15000 Cell ID: 7915531 Physical Cell ID: 456 Tracking Area Code: 41465 EARFCN: 875
08-10 21:51:54.718 21632 21683 D cellinfo: 46 bytes from 44.241.174.93: icmp_seq=1133 ttl=44 time=138 ms
08-10 21:51:55.117 21632 21683 D cellinfo: 46 bytes from 44.241.174.93: icmp_seq=1134 ttl=44 time=336 ms
08-10 21:51:55.117 21632 21683 D cellinfo: 46 bytes from 44.241.174.93: icmp_seq=1135 ttl=44 time=135 ms
08-10 21:51:55.262 21632 21683 D cellinfo: 46 bytes from 44.241.174.93: icmp_seq=1136 ttl=44 time=80.1 ms
08-10 21:51:55.513 21632 21683 D cellinfo: 46 bytes from 44.241.174.93: icmp_seq=1137 ttl=44 time=129 ms
08-10 21:51:55.801 21632 21683 D cellinfo: 46 bytes from 44.241.174.93: icmp_seq=1138 ttl=44 time=216 ms
08-10 21:51:55.849 21632 21683 D cellinfo: 46 bytes from 44.241.174.93: icmp_seq=1139 ttl=44 time=60.9 ms
08-10 21:51:56.104 21632 21683 D cellinfo: 46 bytes from 44.241.174.93: icmp_seq=1140 ttl=44 time=114 ms
08-10 21:51:56.562 21632 21683 D cellinfo: 46 bytes from 44.241.174.93: icmp_seq=1141 ttl=44 time=373 ms
08-10 21:51:56.563 21632 21683 D cellinfo: 46 bytes from 44.241.174.93: icmp_seq=1142 ttl=44 time=170 ms
08-10 21:51:56.703 21632 21683 D cellinfo: 46 bytes from 44.241.174.93: icmp_seq=1143 ttl=44 time=109 ms
08-10 21:51:56.865 21632 21683 D cellinfo: 46 bytes from 44.241.174.93: icmp_seq=1144 ttl=44 time=70.2 ms
08-10 21:51:57.087 21632 21683 D cellinfo: 46 bytes from 44.241.174.93: icmp_seq=1145 ttl=44 time=91.4 ms
08-10 21:51:57.403 21632 21632 D cellinfo: Latitude is 40.994266
08-10 21:51:57.404 21632 21632 D cellinfo: Longitude is -105.411849
08-10 21:51:57.404 21632 21632 D cellinfo: Instantaneous GPS information: United States, 36726-36998 US-287, Livermore, CO 80536, USA
08-10 21:51:57.404 21632 21632 D cellinfo: getCurrentLocation() result: Location (success): 40.994266, -105.411849
08-10 21:51:57.405 21632 21632 D cellinfo: onCellInfoChanged: Operator: T-Mobile UpdateTimestamp: 13637844 CellConnectionStatus: 0
08-10 21:51:57.406 21632 21632 D cellinfo: onCellInfoChanged: LTE Cell Bands: [2] Bandwidth: 15000 Cell ID: 7915531 Physical Cell ID: 456 Tracking Area Code: 41465 EARFCN: 875
08-10 21:51:57.520 21632 21683 D cellinfo: 46 bytes from 44.241.174.93: icmp_seq=1146 ttl=44 time=323 ms
08-10 21:51:57.520 21632 21683 D cellinfo: 46 bytes from 44.241.174.93: icmp_seq=1147 ttl=44 time=121 ms
08-10 21:51:57.769 21632 21683 D cellinfo: 46 bytes from 44.241.174.93: icmp_seq=1148 ttl=44 time=169 ms
08-10 21:51:57.952 21632 21683 D cellinfo: 46 bytes from 44.241.174.93: icmp_seq=1149 ttl=44 time=151 ms
08-10 21:51:58.075 21632 21683 D cellinfo: 46 bytes from 44.241.174.93: icmp_seq=1150 ttl=44 time=73.1 ms
08-10 21:51:58.272 21632 21683 D cellinfo: 46 bytes from 44.241.174.93: icmp_seq=1151 ttl=44 time=69.5 ms
08-10 21:51:58.521 21632 21683 D cellinfo: 46 bytes from 44.241.174.93: icmp_seq=1152 ttl=44 time=117 ms
08-10 21:51:58.675 21632 21683 D cellinfo: 46 bytes from 44.241.174.93: icmp_seq=1153 ttl=44 time=70.6 ms
08-10 21:51:58.877 21632 21683 D cellinfo: 46 bytes from 44.241.174.93: icmp_seq=1154 ttl=44 time=72.0 ms
08-10 21:51:59.103 21632 21683 D cellinfo: 46 bytes from 44.241.174.93: icmp_seq=1155 ttl=44 time=97.5 ms
08-10 21:51:59.280 21632 21683 D cellinfo: 46 bytes from 44.241.174.93: icmp_seq=1156 ttl=44 time=73.6 ms
08-10 21:51:59.543 21632 21683 D cellinfo: 46 bytes from 44.241.174.93: icmp_seq=1157 ttl=44 time=135 ms
08-10 21:51:59.716 21632 21683 D cellinfo: 46 bytes from 44.241.174.93: icmp_seq=1158 ttl=44 time=107 ms
08-10 21:51:59.909 21632 21683 D cellinfo: 46 bytes from 44.241.174.93: icmp_seq=1159 ttl=44 time=99.7 ms
08-10 21:52:00.077 21632 21683 D cellinfo: 46 bytes from 44.241.174.93: icmp_seq=1160 ttl=44 time=67.5 ms
08-10 21:52:00.466 21632 21683 D cellinfo: 46 bytes from 44.241.174.93: icmp_seq=1161 ttl=44 time=253 ms
08-10 21:52:04.815 21632 21632 D cellinfo: getCurrentLocation() result: Location (success): 40.9938863, -105.4117234
08-10 21:52:04.817 21632 21632 D cellinfo: onCellInfoChanged: Operator: T-Mobile UpdateTimestamp: 13640845 CellConnectionStatus: 0
08-10 21:52:04.817 21632 21632 D cellinfo: onCellInfoChanged: LTE Cell Bands: [2] Bandwidth: 15000 Cell ID: 7915531 Physical Cell ID: 456 Tracking Area Code: 41465 EARFCN: 875
08-10 21:52:04.817 21632 21632 D cellinfo: onCellInfoChanged: Operator: T-Mobile UpdateTimestamp: 13643834 CellConnectionStatus: 0
08-10 21:52:04.818 21632 21632 D cellinfo: onCellInfoChanged: LTE Cell Bands: [2] Bandwidth: 15000 Cell ID: 7915531 Physical Cell ID: 456 Tracking Area Code: 41465 EARFCN: 875
08-10 21:52:05.146 21632 21683 D cellinfo: 46 bytes from 44.241.174.93: icmp_seq=1178 ttl=41 time=1480 ms
08-10 21:52:05.167 21632 21683 D cellinfo: 46 bytes from 44.241.174.93: icmp_seq=1179 ttl=41 time=1298 ms
08-10 21:52:05.180 21632 21683 D cellinfo: 46 bytes from 44.241.174.93: icmp_seq=1180 ttl=41 time=1107 ms
08-10 21:52:05.205 21632 21683 D cellinfo: 46 bytes from 44.241.174.93: icmp_seq=1181 ttl=41 time=929 ms
08-10 21:52:05.214 21632 21683 D cellinfo: 46 bytes from 44.241.174.93: icmp_seq=1182 ttl=41 time=734 ms
08-10 21:52:05.223 21632 21683 D cellinfo: 46 bytes from 44.241.174.93: icmp_seq=1183 ttl=41 time=541 ms
08-10 21:52:05.299 21632 21683 D cellinfo: 46 bytes from 44.241.174.93: icmp_seq=1184 ttl=41 time=413 ms
08-10 21:52:05.310 21632 21683 D cellinfo: 46 bytes from 44.241.174.93: icmp_seq=1185 ttl=41 time=220 ms
08-10 21:52:05.765 21632 21683 D cellinfo: 46 bytes from 44.241.174.93: icmp_seq=1186 ttl=41 time=472 ms
08-10 21:52:05.766 21632 21683 D cellinfo: 46 bytes from 44.241.174.93: icmp_seq=1187 ttl=41 time=270 ms
08-10 21:52:05.781 21632 21683 D cellinfo: 46 bytes from 44.241.174.93: icmp_seq=1188 ttl=41 time=81.7 ms
08-10 21:52:06.227 21632 21683 D cellinfo: 46 bytes from 44.241.174.93: icmp_seq=1189 ttl=41 time=325 ms
08-10 21:52:06.245 21632 21683 D cellinfo: 46 bytes from 44.241.174.93: icmp_seq=1190 ttl=41 time=143 ms
08-10 21:52:06.290 21632 21632 D cellinfo: Latitude is 40.9914319
08-10 21:52:06.290 21632 21632 D cellinfo: Longitude is -105.410106
08-10 21:52:06.290 21632 21632 D cellinfo: Instantaneous GPS information: United States, 36668-36724 US-287, Livermore, CO 80536, USA
08-10 21:52:06.290 21632 21632 D cellinfo: getCurrentLocation() result: Location (success): 40.9914319, -105.410106
08-10 21:52:06.292 21632 21632 D cellinfo: onCellInfoChanged: Operator: T-Mobile UpdateTimestamp: 13646861 CellConnectionStatus: 0
08-10 21:52:06.292 21632 21632 D cellinfo: onCellInfoChanged: LTE Cell Bands: [2] Bandwidth: 15000 Cell ID: 7915531 Physical Cell ID: 456 Tracking Area Code: 41465 EARFCN: 875
08-10 21:52:06.628 21632 21683 D cellinfo: 46 bytes from 44.241.174.93: icmp_seq=1191 ttl=41 time=324 ms
08-10 21:52:06.653 21632 21683 D cellinfo: 46 bytes from 44.241.174.93: icmp_seq=1192 ttl=41 time=146 ms
08-10 21:52:06.810 21632 21683 D cellinfo: 46 bytes from 44.241.174.93: icmp_seq=1193 ttl=41 time=102 ms
08-10 21:52:07.015 21632 21683 D cellinfo: 46 bytes from 44.241.174.93: icmp_seq=1194 ttl=41 time=104 ms
08-10 21:52:07.648 21632 21632 D cellinfo: Latitude is 40.9913159
08-10 21:52:07.648 21632 21632 D cellinfo: Longitude is -105.4100203
08-10 21:52:07.648 21632 21632 D cellinfo: Instantaneous GPS information: United States, 36668-36724 US-287, Livermore, CO 80536, USA
08-10 21:52:07.648 21632 21632 D cellinfo: getCurrentLocation() result: Location (success): 40.9913159, -105.4100203
08-10 21:52:07.648 21632 21683 D cellinfo: 46 bytes from 44.241.174.93: icmp_seq=1195 ttl=41 time=537 ms
08-10 21:52:07.650 21632 21683 D cellinfo: 46 bytes from 44.241.174.93: icmp_seq=1196 ttl=41 time=337 ms
08-10 21:52:07.658 21632 21683 D cellinfo: 46 bytes from 44.241.174.93: icmp_seq=1197 ttl=41 time=142 ms
08-10 21:52:07.865 21632 21683 D cellinfo: 46 bytes from 44.241.174.93: icmp_seq=1198 ttl=41 time=148 ms
08-10 21:52:08.148 21632 21683 D cellinfo: 46 bytes from 44.241.174.93: icmp_seq=1199 ttl=41 time=230 ms
08-10 21:52:08.463 21632 21683 D cellinfo: 46 bytes from 44.241.174.93: icmp_seq=1200 ttl=41 time=344 ms
08-10 21:52:08.466 21632 21683 D cellinfo: 46 bytes from 44.241.174.93: icmp_seq=1201 ttl=41 time=146 ms
08-10 21:52:08.606 21632 21683 D cellinfo: 46 bytes from 44.241.174.93: icmp_seq=1202 ttl=41 time=85.4 ms
08-10 21:52:08.781 21632 21683 D cellinfo: 46 bytes from 44.241.174.93: icmp_seq=1203 ttl=41 time=58.6 ms
08-10 21:52:09.266 21632 21683 D cellinfo: 46 bytes from 44.241.174.93: icmp_seq=1204 ttl=41 time=342 ms
08-10 21:52:09.268 21632 21683 D cellinfo: 46 bytes from 44.241.174.93: icmp_seq=1205 ttl=41 time=143 ms
08-10 21:52:09.526 21632 21683 D cellinfo: 46 bytes from 44.241.174.93: icmp_seq=1206 ttl=41 time=199 ms
08-10 21:52:09.705 21632 21683 D cellinfo: 46 bytes from 44.241.174.93: icmp_seq=1207 ttl=41 time=179 ms
08-10 21:52:09.768 21632 21632 D cellinfo: Latitude is 40.9909052
08-10 21:52:09.768 21632 21632 D cellinfo: Longitude is -105.4097063
08-10 21:52:09.768 21632 21632 D cellinfo: Instantaneous GPS information: United States, 36668-36724 US-287, Livermore, CO 80536, USA
08-10 21:52:09.768 21632 21632 D cellinfo: getCurrentLocation() result: Location (success): 40.9909052, -105.4097063
08-10 21:52:09.770 21632 21632 D cellinfo: onCellInfoChanged: Operator: T-Mobile UpdateTimestamp: 13649834 CellConnectionStatus: 0
08-10 21:52:09.770 21632 21632 D cellinfo: onCellInfoChanged: LTE Cell Bands: [2] Bandwidth: 15000 Cell ID: 7915531 Physical Cell ID: 456 Tracking Area Code: 41465 EARFCN: 875
08-10 21:52:09.803 21632 21683 D cellinfo: 46 bytes from 44.241.174.93: icmp_seq=1208 ttl=41 time=74.6 ms
08-10 21:52:10.003 21632 21683 D cellinfo: 46 bytes from 44.241.174.93: icmp_seq=1209 ttl=41 time=74.1 ms
08-10 21:52:10.225 21632 21683 D cellinfo: 46 bytes from 44.241.174.93: icmp_seq=1210 ttl=41 time=96.5 ms
08-10 21:52:10.443 21632 21683 D cellinfo: 46 bytes from 44.241.174.93: icmp_seq=1211 ttl=41 time=113 ms
08-10 21:52:10.647 21632 21683 D cellinfo: 46 bytes from 44.241.174.93: icmp_seq=1212 ttl=41 time=117 ms
08-10 21:52:10.843 21632 21683 D cellinfo: 46 bytes from 44.241.174.93: icmp_seq=1213 ttl=41 time=112 ms
08-10 21:52:11.443 21632 21683 D cellinfo: 46 bytes from 44.241.174.93: icmp_seq=1214 ttl=41 time=511 ms
08-10 21:52:11.446 21632 21683 D cellinfo: 46 bytes from 44.241.174.93: icmp_seq=1215 ttl=41 time=313 ms
08-10 21:52:11.446 21632 21683 D cellinfo: 46 bytes from 44.241.174.93: icmp_seq=1216 ttl=41 time=110 ms
08-10 21:52:11.622 21632 21683 D cellinfo: 46 bytes from 44.241.174.93: icmp_seq=1217 ttl=41 time=85.4 ms
08-10 21:52:11.811 21632 21683 D cellinfo: 46 bytes from 44.241.174.93: icmp_seq=1218 ttl=41 time=73.2 ms
08-10 21:52:12.028 21632 21683 D cellinfo: 46 bytes from 44.241.174.93: icmp_seq=1219 ttl=41 time=88.2 ms
08-10 21:52:16.822 21632 21632 D cellinfo: getCurrentLocation() result: Location (success): 40.9903669, -105.4092944
08-10 21:52:16.823 21632 21632 D cellinfo: onCellInfoChanged: Operator: T-Mobile UpdateTimestamp: 13652843 CellConnectionStatus: 0
08-10 21:52:16.823 21632 21632 D cellinfo: onCellInfoChanged: LTE Cell Bands: [2] Bandwidth: 15000 Cell ID: 7915531 Physical Cell ID: 456 Tracking Area Code: 41465 EARFCN: 875
08-10 21:52:16.825 21632 21632 D cellinfo: onCellInfoChanged: Operator: T-Mobile UpdateTimestamp: 13655860 CellConnectionStatus: 0
08-10 21:52:16.825 21632 21632 D cellinfo: onCellInfoChanged: LTE Cell Bands: [2] Bandwidth: 15000 Cell ID: 7915531 Physical Cell ID: 456 Tracking Area Code: 41465 EARFCN: 875
08-10 21:52:21.863 21632 21632 D cellinfo: getCurrentLocation() result: Location (success): 40.9901754, -105.4091481
08-10 21:52:26.927 21632 21632 D cellinfo: getCurrentLocation() result: Location (success): 40.9886701, -105.4074976
08-10 21:52:31.973 21632 21632 D cellinfo: getCurrentLocation() result: Location (success): 40.9877875, -105.4064654
08-10 21:52:37.025 21632 21632 D cellinfo: getCurrentLocation() result: Location (success): 40.9875405, -105.4061668
08-10 21:52:42.058 21632 21632 D cellinfo: getCurrentLocation() result: Location (success): 40.9865932, -105.4047468
08-10 21:52:47.096 21632 21632 D cellinfo: getCurrentLocation() result: Location (success): 40.9860817, -105.4038156
08-10 21:52:47.107 21632 21632 D cellinfo: onServiceStateChanged: Channel Number: -1 Cell Bandwidths: []
08-10 21:52:47.110 21632 21632 D cellinfo: onDisplayInfoChanged: NetworkType: Unknown OverrideNetworkType: None
08-10 21:52:52.161 21632 21632 D cellinfo: getCurrentLocation() result: Location (success): 40.9856058, -105.4028837
08-10 21:52:53.095 21632 21632 D cellinfo: getCurrentLocation() result: Location (success): 40.9851723, -105.4019398
08-10 21:52:53.105 21632 21632 D cellinfo: getCurrentLocation() result: Location (success): 40.9847374, -105.4009466
08-10 21:52:53.115 21632 21632 D cellinfo: getCurrentLocation() result: Location (success): 40.9843137, -105.399976
08-10 21:52:53.126 21632 21632 D cellinfo: getCurrentLocation() result: Location (success): 40.9838894, -105.398992
08-10 21:52:53.129 21632 21632 D cellinfo: onServiceStateChanged: Channel Number: -1 Cell Bandwidths: [10000]
08-10 21:52:53.129 21632 21632 D cellinfo: onServiceStateChanged: Channel Number: 5780 Cell Bandwidths: []
08-10 21:52:53.129 21632 21632 D cellinfo: onDisplayInfoChanged: NetworkType: LTE OverrideNetworkType: 5G (Sub-6 GHz)
08-10 21:52:53.130 21632 21632 D cellinfo: onServiceStateChanged: Channel Number: 5780 Cell Bandwidths: [10000]
08-10 21:52:53.130 21632 21632 D cellinfo: onServiceStateChanged: Channel Number: 2147483647 Cell Bandwidths: [10000]
08-10 21:52:53.167 21632 21632 D cellinfo: getCurrentLocation() result: Location (success): 40.9834758, -105.3980285
08-10 21:52:53.181 21632 21632 D cellinfo: getCurrentLocation() result: Location (success): 40.9830903, -105.3971394
08-10 21:52:53.462 21632 21632 D cellinfo: onServiceStateChanged: Channel Number: 2147483647 Cell Bandwidths: [10000]
08-10 21:52:53.799 21632 21632 D cellinfo: getCurrentLocation() result: Location (success): 40.9826639, -105.3961639
08-10 21:52:56.779 21632 21632 D cellinfo: getCurrentLocation() result: Location (success): 40.9826639, -105.3961639
08-10 21:52:57.578 21632 21632 D cellinfo: onsignalStrengthsChanged: LTE Signal Strength info: rsrp: -124 rsrq: -15 rssi: -95 rssnr: 2
08-10 21:52:57.665 21632 21632 D cellinfo: onServiceStateChanged: Channel Number: 5035 Cell Bandwidths: [5000]
08-10 21:52:57.758 21632 21632 D cellinfo: onDisplayInfoChanged: NetworkType: Unknown OverrideNetworkType: None
08-10 21:52:58.159 21632 21632 D cellinfo: onServiceStateChanged: Channel Number: 5035 Cell Bandwidths: [5000]
08-10 21:52:58.194 21632 21632 D cellinfo: onDisplayInfoChanged: NetworkType: LTE OverrideNetworkType: None
08-10 21:52:58.592 21632 21683 D cellinfo: 46 bytes from 44.241.174.93: icmp_seq=1448 ttl=41 time=93.6 ms
08-10 21:52:58.782 21632 21683 D cellinfo: 46 bytes from 44.241.174.93: icmp_seq=1449 ttl=41 time=82.5 ms
08-10 21:52:59.009 21632 21683 D cellinfo: 46 bytes from 44.241.174.93: icmp_seq=1450 ttl=41 time=107 ms
08-10 21:52:59.183 21632 21683 D cellinfo: 46 bytes from 44.241.174.93: icmp_seq=1451 ttl=41 time=82.2 ms
08-10 21:52:59.558 21632 21683 D cellinfo: 46 bytes from 44.241.174.93: icmp_seq=1452 ttl=41 time=256 ms
08-10 21:52:59.597 21632 21683 D cellinfo: 46 bytes from 44.241.174.93: icmp_seq=1453 ttl=41 time=91.3 ms
08-10 21:52:59.929 21632 21683 D cellinfo: 46 bytes from 44.241.174.93: icmp_seq=1454 ttl=41 time=222 ms
08-10 21:53:00.027 21632 21683 D cellinfo: 46 bytes from 44.241.174.93: icmp_seq=1455 ttl=41 time=117 ms
08-10 21:53:00.438 21632 21683 D cellinfo: 46 bytes from 44.241.174.93: icmp_seq=1456 ttl=41 time=329 ms
08-10 21:53:00.450 21632 21683 D cellinfo: 46 bytes from 44.241.174.93: icmp_seq=1457 ttl=41 time=140 ms
08-10 21:53:00.713 21632 21683 D cellinfo: 46 bytes from 44.241.174.93: icmp_seq=1458 ttl=41 time=202 ms
08-10 21:53:00.830 21632 21683 D cellinfo: 46 bytes from 44.241.174.93: icmp_seq=1459 ttl=41 time=117 ms
08-10 21:53:00.898 21632 21632 D cellinfo: Latitude is 40.9826639
08-10 21:53:00.898 21632 21632 D cellinfo: Longitude is -105.3961639
08-10 21:53:00.898 21632 21632 D cellinfo: Instantaneous GPS information: United States, 35183 US-287, Livermore, CO 80536, USA
08-10 21:53:00.898 21632 21632 D cellinfo: getCurrentLocation() result: Location (success): 40.9826639, -105.3961639
08-10 21:53:00.900 21632 21632 D cellinfo: onCellInfoChanged: Operator: T-Mobile UpdateTimestamp: 13700851 CellConnectionStatus: 0
08-10 21:53:00.900 21632 21632 D cellinfo: onCellInfoChanged: LTE Cell Bands: [12] Bandwidth: 5000 Cell ID: 7915541 Physical Cell ID: 186 Tracking Area Code: 41465 EARFCN: 5035
08-10 21:53:00.900 21632 21632 D cellinfo: onServiceStateChanged: Channel Number: 5035 Cell Bandwidths: [5000, 15000]
08-10 21:53:01.010 21632 21683 D cellinfo: 46 bytes from 44.241.174.93: icmp_seq=1460 ttl=41 time=96.2 ms
08-10 21:53:01.310 21632 21683 D cellinfo: 46 bytes from 44.241.174.93: icmp_seq=1461 ttl=41 time=196 ms
08-10 21:53:01.460 21632 21683 D cellinfo: 46 bytes from 44.241.174.93: icmp_seq=1462 ttl=41 time=146 ms
08-10 21:53:01.630 21632 21683 D cellinfo: 46 bytes from 44.241.174.93: icmp_seq=1463 ttl=41 time=115 ms
08-10 21:53:01.793 21632 21683 D cellinfo: 46 bytes from 44.241.174.93: icmp_seq=1464 ttl=41 time=77.1 ms
08-10 21:53:02.209 21632 21683 D cellinfo: 46 bytes from 44.241.174.93: icmp_seq=1465 ttl=41 time=292 ms
08-10 21:53:02.210 21632 21683 D cellinfo: 46 bytes from 44.241.174.93: icmp_seq=1466 ttl=41 time=91.5 ms
08-10 21:53:02.409 21632 21683 D cellinfo: 46 bytes from 44.241.174.93: icmp_seq=1467 ttl=41 time=88.9 ms
08-10 21:53:02.696 21632 21683 D cellinfo: 46 bytes from 44.241.174.93: icmp_seq=1468 ttl=41 time=175 ms
08-10 21:53:02.933 21632 21683 D cellinfo: 46 bytes from 44.241.174.93: icmp_seq=1469 ttl=41 time=211 ms
08-10 21:53:04.946 21632 21683 D cellinfo: 46 bytes from 44.241.174.93: icmp_seq=1470 ttl=42 time=2023 ms
08-10 21:53:04.993 21632 21683 D cellinfo: 46 bytes from 44.241.174.93: icmp_seq=1471 ttl=42 time=1870 ms
08-10 21:53:04.996 21632 21683 D cellinfo: 46 bytes from 44.241.174.93: icmp_seq=1472 ttl=42 time=1670 ms
08-10 21:53:05.237 21632 21683 D cellinfo: 46 bytes from 44.241.174.93: icmp_seq=1473 ttl=42 time=1707 ms
08-10 21:53:05.238 21632 21683 D cellinfo: 46 bytes from 44.241.174.93: icmp_seq=1474 ttl=42 time=1504 ms
08-10 21:53:05.238 21632 21683 D cellinfo: 46 bytes from 44.241.174.93: icmp_seq=1475 ttl=42 time=1300 ms
08-10 21:53:05.238 21632 21683 D cellinfo: 46 bytes from 44.241.174.93: icmp_seq=1476 ttl=42 time=1097 ms
08-10 21:53:05.238 21632 21683 D cellinfo: 46 bytes from 44.241.174.93: icmp_seq=1477 ttl=42 time=895 ms
08-10 21:53:05.262 21632 21683 D cellinfo: 46 bytes from 44.241.174.93: icmp_seq=1478 ttl=42 time=715 ms
08-10 21:53:05.378 21632 21683 D cellinfo: 46 bytes from 44.241.174.93: icmp_seq=1479 ttl=42 time=629 ms
08-10 21:53:05.390 21632 21683 D cellinfo: 46 bytes from 44.241.174.93: icmp_seq=1480 ttl=42 time=433 ms
08-10 21:53:05.476 21632 21683 D cellinfo: 46 bytes from 44.241.174.93: icmp_seq=1481 ttl=42 time=318 ms
08-10 21:53:05.513 21632 21683 D cellinfo: 46 bytes from 44.241.174.93: icmp_seq=1482 ttl=42 time=153 ms
08-10 21:53:05.873 21632 21683 D cellinfo: 46 bytes from 44.241.174.93: icmp_seq=1483 ttl=42 time=312 ms
08-10 21:53:05.915 21632 21683 D cellinfo: 46 bytes from 44.241.174.93: icmp_seq=1484 ttl=42 time=152 ms
08-10 21:53:05.956 21632 21632 D cellinfo: Latitude is 40.9817526
08-10 21:53:05.956 21632 21632 D cellinfo: Longitude is -105.3940683
08-10 21:53:05.956 21632 21632 D cellinfo: Instantaneous GPS information: United States, 35095-35085 US-287, Livermore, CO 80536, USA
08-10 21:53:05.956 21632 21632 D cellinfo: getCurrentLocation() result: Location (success): 40.9817526, -105.3940683
08-10 21:53:05.959 21632 21632 D cellinfo: onCellInfoChanged: Operator: T-Mobile UpdateTimestamp: 13703846 CellConnectionStatus: 0
08-10 21:53:05.959 21632 21632 D cellinfo: onCellInfoChanged: LTE Cell Bands: [12] Bandwidth: 5000 Cell ID: 7915541 Physical Cell ID: 186 Tracking Area Code: 41465 EARFCN: 5035
08-10 21:53:05.963 21632 21632 D cellinfo: onCellInfoChanged: Operator: T-Mobile UpdateTimestamp: 13706844 CellConnectionStatus: 0
08-10 21:53:05.964 21632 21632 D cellinfo: onCellInfoChanged: LTE Cell Bands: [12] Bandwidth: 5000 Cell ID: 7915541 Physical Cell ID: 186 Tracking Area Code: 41465 EARFCN: 5035
08-10 21:53:06.208 21632 21683 D cellinfo: 46 bytes from 44.241.174.93: icmp_seq=1485 ttl=42 time=245 ms
08-10 21:53:06.214 21632 21683 D cellinfo: 46 bytes from 44.241.174.93: icmp_seq=1486 ttl=42 time=49.1 ms
08-10 21:53:06.506 21632 21683 D cellinfo: 46 bytes from 44.241.174.93: icmp_seq=1487 ttl=42 time=139 ms
08-10 21:53:06.662 21632 21683 D cellinfo: 46 bytes from 44.241.174.93: icmp_seq=1488 ttl=42 time=95.5 ms
08-10 21:53:06.906 21632 21683 D cellinfo: 46 bytes from 44.241.174.93: icmp_seq=1489 ttl=42 time=138 ms
08-10 21:53:07.070 21632 21683 D cellinfo: 46 bytes from 44.241.174.93: icmp_seq=1490 ttl=42 time=101 ms
08-10 21:53:07.541 21632 21683 D cellinfo: 46 bytes from 44.241.174.93: icmp_seq=1491 ttl=42 time=371 ms
08-10 21:53:07.546 21632 21683 D cellinfo: 46 bytes from 44.241.174.93: icmp_seq=1492 ttl=42 time=173 ms
08-10 21:53:07.911 21632 21683 D cellinfo: 46 bytes from 44.241.174.93: icmp_seq=1493 ttl=42 time=337 ms
08-10 21:53:07.912 21632 21683 D cellinfo: 46 bytes from 44.241.174.93: icmp_seq=1494 ttl=42 time=136 ms
08-10 21:53:07.984 21632 21632 D cellinfo: Latitude is 40.9815544
08-10 21:53:07.984 21632 21632 D cellinfo: Longitude is -105.3940916
08-10 21:53:07.984 21632 21632 D cellinfo: Instantaneous GPS information: United States, Rest Area Access, Livermore, CO 80536, USA
08-10 21:53:07.984 21632 21632 D cellinfo: getCurrentLocation() result: Location (success): 40.9815544, -105.3940916
