08-10 15:03:13.224 10557 12571 D cellinfo: 46 bytes from 44.241.174.93: icmp_seq=540 ttl=20 time=86.6 ms
08-10 15:03:13.443 10557 12571 D cellinfo: 46 bytes from 44.241.174.93: icmp_seq=541 ttl=20 time=104 ms
08-10 15:03:13.643 10557 12571 D cellinfo: 46 bytes from 44.241.174.93: icmp_seq=542 ttl=20 time=104 ms
08-10 15:03:13.845 10557 12571 D cellinfo: 46 bytes from 44.241.174.93: icmp_seq=543 ttl=20 time=105 ms
08-10 15:03:14.052 10557 12571 D cellinfo: 46 bytes from 44.241.174.93: icmp_seq=544 ttl=20 time=111 ms
08-10 15:03:14.235 10557 12571 D cellinfo: 46 bytes from 44.241.174.93: icmp_seq=545 ttl=20 time=95.0 ms
08-10 15:03:14.407 10557 10557 D cellinfo: Latitude is 40.7129
08-10 15:03:14.407 10557 10557 D cellinfo: Longitude is -111.8709974
08-10 15:03:14.407 10557 10557 D cellinfo: Instantaneous GPS information: United States, 2685 700 E, Salt Lake City, UT 84106, USA
08-10 15:03:14.407 10557 10557 D cellinfo: getCurrentLocation() result: Location (success): 40.7129, -111.8709974
08-10 15:03:14.433 10557 12571 D cellinfo: 46 bytes from 44.241.174.93: icmp_seq=546 ttl=20 time=92.2 ms
08-10 15:03:14.588 10557 10557 D cellinfo: onsignalStrengthsChanged: LTE Signal Strength info: rsrp: -92 rsrq: -13 rssi: -61 rssnr: 18
08-10 15:03:14.588 10557 10557 D cellinfo: onsignalStrengthsChanged: 5G-NR Signal Strength info: ssrsrp: -82 ssrsrq: -11 sssinr: 2147483647
08-10 15:03:14.646 10557 12571 D cellinfo: 46 bytes from 44.241.174.93: icmp_seq=547 ttl=20 time=105 ms
08-10 15:03:14.778 10557 10557 D cellinfo: onsignalStrengthsChanged: LTE Signal Strength info: rsrp: -92 rsrq: -13 rssi: -61 rssnr: 18
08-10 15:03:14.778 10557 10557 D cellinfo: onsignalStrengthsChanged: 5G-NR Signal Strength info: ssrsrp: -81 ssrsrq: -11 sssinr: 2147483647
08-10 15:03:14.833 10557 12571 D cellinfo: 46 bytes from 44.241.174.93: icmp_seq=548 ttl=20 time=91.1 ms
08-10 15:03:15.043 10557 12571 D cellinfo: 46 bytes from 44.241.174.93: icmp_seq=549 ttl=20 time=100 ms
08-10 15:03:15.233 10557 12571 D cellinfo: 46 bytes from 44.241.174.93: icmp_seq=550 ttl=20 time=90.8 ms
08-10 15:03:15.427 10557 12571 D cellinfo: 46 bytes from 44.241.174.93: icmp_seq=551 ttl=20 time=84.2 ms
08-10 15:03:15.643 10557 12571 D cellinfo: 46 bytes from 44.241.174.93: icmp_seq=552 ttl=20 time=100 ms
08-10 15:03:15.843 10557 12571 D cellinfo: 46 bytes from 44.241.174.93: icmp_seq=553 ttl=20 time=99.3 ms
08-10 15:03:16.043 10557 12571 D cellinfo: 46 bytes from 44.241.174.93: icmp_seq=554 ttl=20 time=98.6 ms
08-10 15:03:16.222 10557 12571 D cellinfo: 46 bytes from 44.241.174.93: icmp_seq=555 ttl=20 time=77.7 ms
08-10 15:03:16.457 10557 12571 D cellinfo: 46 bytes from 44.241.174.93: icmp_seq=556 ttl=20 time=111 ms
08-10 15:03:16.646 10557 12571 D cellinfo: 46 bytes from 44.241.174.93: icmp_seq=557 ttl=20 time=99.1 ms
08-10 15:03:16.844 10557 12571 D cellinfo: 46 bytes from 44.241.174.93: icmp_seq=558 ttl=20 time=96.5 ms
08-10 15:03:17.046 10557 12571 D cellinfo: 46 bytes from 44.241.174.93: icmp_seq=559 ttl=20 time=97.9 ms
08-10 15:03:17.244 10557 12571 D cellinfo: 46 bytes from 44.241.174.93: icmp_seq=560 ttl=20 time=96.4 ms
08-10 15:03:17.455 10557 12571 D cellinfo: 46 bytes from 44.241.174.93: icmp_seq=561 ttl=20 time=106 ms
08-10 15:03:17.638 10557 12571 D cellinfo: 46 bytes from 44.241.174.93: icmp_seq=562 ttl=20 time=88.2 ms
08-10 15:03:17.853 10557 12571 D cellinfo: 46 bytes from 44.241.174.93: icmp_seq=563 ttl=20 time=100 ms
08-10 15:03:17.892 10557 10557 D cellinfo: Latitude is 40.712906
08-10 15:03:17.892 10557 10557 D cellinfo: Longitude is -111.8710076
08-10 15:03:17.892 10557 10557 D cellinfo: Instantaneous GPS information: United States, 2685 700 E, Salt Lake City, UT 84106, USA
08-10 15:03:17.892 10557 10557 D cellinfo: getCurrentLocation() result: Location (success): 40.712906, -111.8710076
08-10 15:03:17.895 10557 10557 D cellinfo: onCellInfoChanged: Operator: T-Mobile UpdateTimestamp: 238462 CellConnectionStatus: 0
08-10 15:03:17.895 10557 10557 D cellinfo: onCellInfoChanged: LTE Cell Bands: [2] Bandwidth: 15000 Cell ID: 21559051 Physical Cell ID: 176 Tracking Area Code: 11620 EARFCN: 675
08-10 15:03:17.895 10557 10557 D cellinfo: onsignalStrengthsChanged: LTE Signal Strength info: rsrp: -94 rsrq: -10 rssi: -67 rssnr: 16
08-10 15:03:17.895 10557 10557 D cellinfo: onsignalStrengthsChanged: 5G-NR Signal Strength info: ssrsrp: -81 ssrsrq: -11 sssinr: 2147483647
08-10 15:03:17.896 10557 10557 D cellinfo: onsignalStrengthsChanged: LTE Signal Strength info: rsrp: -94 rsrq: -10 rssi: -67 rssnr: 16
08-10 15:03:17.896 10557 10557 D cellinfo: onsignalStrengthsChanged: 5G-NR Signal Strength info: ssrsrp: -80 ssrsrq: -11 sssinr: 2147483647
08-10 15:03:18.050 10557 12571 D cellinfo: 46 bytes from 44.241.174.93: icmp_seq=564 ttl=20 time=96.7 ms
08-10 15:03:18.253 10557 12571 D cellinfo: 46 bytes from 44.241.174.93: icmp_seq=565 ttl=20 time=99.9 ms
08-10 15:03:18.456 10557 12571 D cellinfo: 46 bytes from 44.241.174.93: icmp_seq=566 ttl=20 time=102 ms
08-10 15:03:18.652 10557 12571 D cellinfo: 46 bytes from 44.241.174.93: icmp_seq=567 ttl=20 time=98.2 ms
08-10 15:03:18.859 10557 12571 D cellinfo: 46 bytes from 44.241.174.93: icmp_seq=568 ttl=20 time=104 ms
08-10 15:03:19.048 10557 12571 D cellinfo: 46 bytes from 44.241.174.93: icmp_seq=569 ttl=20 time=92.8 ms
08-10 15:03:19.245 10557 12571 D cellinfo: 46 bytes from 44.241.174.93: icmp_seq=570 ttl=20 time=90.7 ms
08-10 15:03:19.465 10557 12571 D cellinfo: 46 bytes from 44.241.174.93: icmp_seq=571 ttl=20 time=109 ms
08-10 15:03:19.653 10557 12571 D cellinfo: 46 bytes from 44.241.174.93: icmp_seq=572 ttl=20 time=96.4 ms
08-10 15:03:19.848 10557 12571 D cellinfo: 46 bytes from 44.241.174.93: icmp_seq=573 ttl=20 time=90.2 ms
08-10 15:03:20.067 10557 12571 D cellinfo: 46 bytes from 44.241.174.93: icmp_seq=574 ttl=20 time=108 ms
08-10 15:03:20.250 10557 12571 D cellinfo: 46 bytes from 44.241.174.93: icmp_seq=575 ttl=20 time=92.4 ms
08-10 15:03:20.444 10557 12571 D cellinfo: 46 bytes from 44.241.174.93: icmp_seq=576 ttl=20 time=85.9 ms
08-10 15:03:20.644 10557 12571 D cellinfo: 46 bytes from 44.241.174.93: icmp_seq=577 ttl=20 time=85.0 ms
08-10 15:03:20.845 10557 10557 D cellinfo: Latitude is 40.7129159
08-10 15:03:20.845 10557 10557 D cellinfo: Longitude is -111.8710246
08-10 15:03:20.845 10557 10557 D cellinfo: Instantaneous GPS information: United States, 2685 UT-71, Salt Lake City, UT 84106, USA
08-10 15:03:20.845 10557 10557 D cellinfo: getCurrentLocation() result: Location (success): 40.7129159, -111.8710246
08-10 15:03:20.847 10557 10557 D cellinfo: onCellInfoChanged: Operator: T-Mobile UpdateTimestamp: 241443 CellConnectionStatus: 0
08-10 15:03:20.847 10557 10557 D cellinfo: onCellInfoChanged: LTE Cell Bands: [2] Bandwidth: 15000 Cell ID: 21559051 Physical Cell ID: 176 Tracking Area Code: 11620 EARFCN: 675
08-10 15:03:20.848 10557 10557 D cellinfo: onsignalStrengthsChanged: LTE Signal Strength info: rsrp: -94 rsrq: -10 rssi: -67 rssnr: 17
08-10 15:03:20.848 10557 10557 D cellinfo: onsignalStrengthsChanged: 5G-NR Signal Strength info: ssrsrp: -80 ssrsrq: -11 sssinr: 2147483647
08-10 15:03:20.854 10557 12571 D cellinfo: 46 bytes from 44.241.174.93: icmp_seq=578 ttl=20 time=93.4 ms
08-10 15:03:21.048 10557 12571 D cellinfo: 46 bytes from 44.241.174.93: icmp_seq=579 ttl=20 time=86.8 ms
08-10 15:03:21.253 10557 12571 D cellinfo: 46 bytes from 44.241.174.93: icmp_seq=580 ttl=20 time=91.6 ms
08-10 15:03:21.451 10557 12571 D cellinfo: 46 bytes from 44.241.174.93: icmp_seq=581 ttl=20 time=88.0 ms
08-10 15:03:21.648 10557 12571 D cellinfo: 46 bytes from 44.241.174.93: icmp_seq=582 ttl=20 time=85.1 ms
08-10 15:03:21.844 10557 12571 D cellinfo: 46 bytes from 44.241.174.93: icmp_seq=583 ttl=20 time=80.9 ms
08-10 15:03:22.073 10557 12571 D cellinfo: 46 bytes from 44.241.174.93: icmp_seq=584 ttl=20 time=109 ms
08-10 15:03:22.245 10557 12571 D cellinfo: 46 bytes from 44.241.174.93: icmp_seq=585 ttl=20 time=82.2 ms
08-10 15:03:22.475 10557 12571 D cellinfo: 46 bytes from 44.241.174.93: icmp_seq=586 ttl=20 time=111 ms
08-10 15:03:22.675 10557 12571 D cellinfo: 46 bytes from 44.241.174.93: icmp_seq=587 ttl=20 time=111 ms
08-10 15:03:22.867 10557 12571 D cellinfo: 46 bytes from 44.241.174.93: icmp_seq=588 ttl=20 time=102 ms
08-10 15:03:23.065 10557 12571 D cellinfo: 46 bytes from 44.241.174.93: icmp_seq=589 ttl=20 time=99.8 ms
08-10 15:03:23.267 10557 12571 D cellinfo: 46 bytes from 44.241.174.93: icmp_seq=590 ttl=20 time=102 ms
08-10 15:03:23.413 10557 10557 D cellinfo: Latitude is 40.7129234
08-10 15:03:23.413 10557 10557 D cellinfo: Longitude is -111.8710375
08-10 15:03:23.413 10557 10557 D cellinfo: Instantaneous GPS information: United States, 2685 UT-71, Salt Lake City, UT 84106, USA
08-10 15:03:23.413 10557 10557 D cellinfo: getCurrentLocation() result: Location (success): 40.7129234, -111.8710375
08-10 15:03:23.443 10557 12571 D cellinfo: 46 bytes from 44.241.174.93: icmp_seq=591 ttl=20 time=77.6 ms
08-10 15:03:23.474 10557 10557 D cellinfo: onCellInfoChanged: Operator: T-Mobile UpdateTimestamp: 244465 CellConnectionStatus: 0
08-10 15:03:23.475 10557 10557 D cellinfo: onCellInfoChanged: LTE Cell Bands: [2] Bandwidth: 15000 Cell ID: 21559051 Physical Cell ID: 176 Tracking Area Code: 11620 EARFCN: 675
08-10 15:03:23.585 10557 10557 D cellinfo: onsignalStrengthsChanged: LTE Signal Strength info: rsrp: -96 rsrq: -14 rssi: -65 rssnr: 14
08-10 15:03:23.585 10557 10557 D cellinfo: onsignalStrengthsChanged: 5G-NR Signal Strength info: ssrsrp: -80 ssrsrq: -11 sssinr: 2147483647
08-10 15:03:23.664 10557 12571 D cellinfo: 46 bytes from 44.241.174.93: icmp_seq=592 ttl=20 time=97.3 ms
08-10 15:03:23.784 10557 10557 D cellinfo: onsignalStrengthsChanged: LTE Signal Strength info: rsrp: -96 rsrq: -14 rssi: -65 rssnr: 14
08-10 15:03:23.784 10557 10557 D cellinfo: onsignalStrengthsChanged: 5G-NR Signal Strength info: ssrsrp: -78 ssrsrq: -11 sssinr: 2147483647
08-10 15:03:23.864 10557 12571 D cellinfo: 46 bytes from 44.241.174.93: icmp_seq=593 ttl=20 time=97.1 ms
08-10 15:03:24.066 10557 12571 D cellinfo: 46 bytes from 44.241.174.93: icmp_seq=594 ttl=20 time=97.6 ms
08-10 15:03:24.266 10557 12571 D cellinfo: 46 bytes from 44.241.174.93: icmp_seq=595 ttl=20 time=97.5 ms
08-10 15:03:24.466 10557 12571 D cellinfo: 46 bytes from 44.241.174.93: icmp_seq=596 ttl=20 time=96.9 ms
08-10 15:03:24.685 10557 12571 D cellinfo: 46 bytes from 44.241.174.93: icmp_seq=597 ttl=20 time=115 ms
08-10 15:03:24.867 10557 12571 D cellinfo: 46 bytes from 44.241.174.93: icmp_seq=598 ttl=20 time=95.4 ms
08-10 15:03:25.064 10557 12571 D cellinfo: 46 bytes from 44.241.174.93: icmp_seq=599 ttl=20 time=92.3 ms
08-10 15:03:25.269 10557 12571 D cellinfo: 46 bytes from 44.241.174.93: icmp_seq=600 ttl=20 time=97.7 ms
08-10 15:03:25.466 10557 12571 D cellinfo: 46 bytes from 44.241.174.93: icmp_seq=601 ttl=20 time=92.9 ms
08-10 15:03:25.668 10557 12571 D cellinfo: 46 bytes from 44.241.174.93: icmp_seq=602 ttl=20 time=95.0 ms
08-10 15:03:25.868 10557 12571 D cellinfo: 46 bytes from 44.241.174.93: icmp_seq=603 ttl=20 time=94.2 ms
08-10 15:03:26.067 10557 12571 D cellinfo: 46 bytes from 44.241.174.93: icmp_seq=604 ttl=20 time=92.7 ms
08-10 15:03:26.265 10557 12571 D cellinfo: 46 bytes from 44.241.174.93: icmp_seq=605 ttl=20 time=90.7 ms
08-10 15:03:26.466 10557 10557 D cellinfo: onCellInfoChanged: Operator: T-Mobile UpdateTimestamp: 247460 CellConnectionStatus: 0
08-10 15:03:26.466 10557 12571 D cellinfo: 46 bytes from 44.241.174.93: icmp_seq=606 ttl=20 time=90.9 ms
08-10 15:03:26.466 10557 10557 D cellinfo: onCellInfoChanged: LTE Cell Bands: [2] Bandwidth: 15000 Cell ID: 21559051 Physical Cell ID: 176 Tracking Area Code: 11620 EARFCN: 675
08-10 15:03:26.586 10557 10557 D cellinfo: onsignalStrengthsChanged: LTE Signal Strength info: rsrp: -97 rsrq: -14 rssi: -65 rssnr: 12
08-10 15:03:26.586 10557 10557 D cellinfo: onsignalStrengthsChanged: 5G-NR Signal Strength info: ssrsrp: -78 ssrsrq: -11 sssinr: 2147483647
08-10 15:03:26.666 10557 12571 D cellinfo: 46 bytes from 44.241.174.93: icmp_seq=607 ttl=20 time=90.3 ms
08-10 15:03:26.784 10557 10557 D cellinfo: onsignalStrengthsChanged: LTE Signal Strength info: rsrp: -97 rsrq: -14 rssi: -65 rssnr: 12
08-10 15:03:26.784 10557 10557 D cellinfo: onsignalStrengthsChanged: 5G-NR Signal Strength info: ssrsrp: -77 ssrsrq: -11 sssinr: 2147483647
08-10 15:03:26.893 10557 12571 D cellinfo: 46 bytes from 44.241.174.93: icmp_seq=608 ttl=20 time=116 ms
08-10 15:03:27.074 10557 12571 D cellinfo: 46 bytes from 44.241.174.93: icmp_seq=609 ttl=20 time=96.8 ms
08-10 15:03:27.267 10557 12571 D cellinfo: 46 bytes from 44.241.174.93: icmp_seq=610 ttl=20 time=90.5 ms
08-10 15:03:27.466 10557 12571 D cellinfo: 46 bytes from 44.241.174.93: icmp_seq=611 ttl=20 time=87.7 ms
08-10 15:03:27.684 10557 12571 D cellinfo: 46 bytes from 44.241.174.93: icmp_seq=612 ttl=20 time=104 ms
08-10 15:03:27.887 10557 12571 D cellinfo: 46 bytes from 44.241.174.93: icmp_seq=613 ttl=20 time=106 ms
08-10 15:03:28.065 10557 12571 D cellinfo: 46 bytes from 44.241.174.93: icmp_seq=614 ttl=20 time=83.7 ms
08-10 15:03:28.285 10557 12571 D cellinfo: 46 bytes from 44.241.174.93: icmp_seq=615 ttl=20 time=103 ms
08-10 15:03:28.485 10557 12571 D cellinfo: 46 bytes from 44.241.174.93: icmp_seq=616 ttl=20 time=103 ms
08-10 15:03:28.669 10557 12571 D cellinfo: 46 bytes from 44.241.174.93: icmp_seq=617 ttl=20 time=85.9 ms
08-10 15:03:28.874 10557 12571 D cellinfo: 46 bytes from 44.241.174.93: icmp_seq=618 ttl=20 time=90.3 ms
08-10 15:03:29.090 10557 12571 D cellinfo: 46 bytes from 44.241.174.93: icmp_seq=619 ttl=20 time=105 ms
08-10 15:03:29.284 10557 12571 D cellinfo: 46 bytes from 44.241.174.93: icmp_seq=620 ttl=20 time=99.9 ms
08-10 15:03:29.496 10557 12571 D cellinfo: 46 bytes from 44.241.174.93: icmp_seq=621 ttl=20 time=111 ms
08-10 15:03:29.592 10557 10557 D cellinfo: onsignalStrengthsChanged: LTE Signal Strength info: rsrp: -97 rsrq: -15 rssi: -65 rssnr: 11
08-10 15:03:29.592 10557 10557 D cellinfo: onsignalStrengthsChanged: 5G-NR Signal Strength info: ssrsrp: -77 ssrsrq: -11 sssinr: 2147483647
08-10 15:03:29.690 10557 12571 D cellinfo: 46 bytes from 44.241.174.93: icmp_seq=622 ttl=20 time=104 ms
08-10 15:03:29.894 10557 12571 D cellinfo: 46 bytes from 44.241.174.93: icmp_seq=623 ttl=20 time=107 ms
08-10 15:03:30.084 10557 12571 D cellinfo: 46 bytes from 44.241.174.93: icmp_seq=624 ttl=20 time=96.5 ms
08-10 15:03:30.285 10557 12571 D cellinfo: 46 bytes from 44.241.174.93: icmp_seq=625 ttl=20 time=97.4 ms
08-10 15:03:30.286 10557 10557 D cellinfo: Latitude is 40.7128445
08-10 15:03:30.286 10557 10557 D cellinfo: Longitude is -111.8708882
08-10 15:03:30.286 10557 10557 D cellinfo: Instantaneous GPS information: United States, 2685 700 E, Salt Lake City, UT 84106, USA
08-10 15:03:30.286 10557 10557 D cellinfo: getCurrentLocation() result: Location (success): 40.7128445, -111.8708882
08-10 15:03:30.295 10557 10557 D cellinfo: Latitude is 40.7128445
08-10 15:03:30.295 10557 10557 D cellinfo: Longitude is -111.8708882
08-10 15:03:30.295 10557 10557 D cellinfo: Instantaneous GPS information: United States, 2685 700 E, Salt Lake City, UT 84106, USA
08-10 15:03:30.295 10557 10557 D cellinfo: getCurrentLocation() result: Location (success): 40.7128445, -111.8708882
08-10 15:03:30.387 10557 10557 D cellinfo: onCellInfoChanged: Operator: T-Mobile UpdateTimestamp: 251381 CellConnectionStatus: 0
08-10 15:03:30.387 10557 10557 D cellinfo: onCellInfoChanged: LTE Cell Bands: [2] Bandwidth: 15000 Cell ID: 21559051 Physical Cell ID: 176 Tracking Area Code: 11620 EARFCN: 675
08-10 15:03:30.490 10557 12571 D cellinfo: 46 bytes from 44.241.174.93: icmp_seq=626 ttl=20 time=101 ms
08-10 15:03:30.694 10557 12571 D cellinfo: 46 bytes from 44.241.174.93: icmp_seq=627 ttl=20 time=105 ms
08-10 15:03:30.902 10557 12571 D cellinfo: 46 bytes from 44.241.174.93: icmp_seq=628 ttl=20 time=112 ms
08-10 15:03:31.087 10557 12571 D cellinfo: 46 bytes from 44.241.174.93: icmp_seq=629 ttl=20 time=96.2 ms
08-10 15:03:31.285 10557 12571 D cellinfo: 46 bytes from 44.241.174.93: icmp_seq=630 ttl=20 time=94.3 ms
08-10 15:03:31.485 10557 12571 D cellinfo: 46 bytes from 44.241.174.93: icmp_seq=631 ttl=20 time=92.6 ms
08-10 15:03:31.685 10557 12571 D cellinfo: 46 bytes from 44.241.174.93: icmp_seq=632 ttl=20 time=91.4 ms
08-10 15:03:31.908 10557 12571 D cellinfo: 46 bytes from 44.241.174.93: icmp_seq=633 ttl=20 time=113 ms
08-10 15:03:32.085 10557 12571 D cellinfo: 46 bytes from 44.241.174.93: icmp_seq=634 ttl=20 time=90.8 ms
08-10 15:03:32.307 10557 12571 D cellinfo: 46 bytes from 44.241.174.93: icmp_seq=635 ttl=20 time=113 ms
08-10 15:03:32.414 10557 10557 D cellinfo: Latitude is 40.7128426
08-10 15:03:32.414 10557 10557 D cellinfo: Longitude is -111.8708847
08-10 15:03:32.414 10557 10557 D cellinfo: Instantaneous GPS information: United States, 2685 700 E, Salt Lake City, UT 84106, USA
08-10 15:03:32.414 10557 10557 D cellinfo: getCurrentLocation() result: Location (success): 40.7128426, -111.8708847
08-10 15:03:32.464 10557 10557 D cellinfo: onCellInfoChanged: Operator: T-Mobile UpdateTimestamp: 253457 CellConnectionStatus: 0
08-10 15:03:32.464 10557 10557 D cellinfo: onCellInfoChanged: LTE Cell Bands: [2] Bandwidth: 15000 Cell ID: 21559051 Physical Cell ID: 176 Tracking Area Code: 11620 EARFCN: 675
08-10 15:03:32.483 10557 12571 D cellinfo: 46 bytes from 44.241.174.93: icmp_seq=636 ttl=20 time=88.2 ms
08-10 15:03:32.585 10557 10557 D cellinfo: onsignalStrengthsChanged: LTE Signal Strength info: rsrp: -95 rsrq: -14 rssi: -61 rssnr: 15
08-10 15:03:32.585 10557 10557 D cellinfo: onsignalStrengthsChanged: 5G-NR Signal Strength info: ssrsrp: -77 ssrsrq: -11 sssinr: 2147483647
08-10 15:03:32.714 10557 12571 D cellinfo: 46 bytes from 44.241.174.93: icmp_seq=637 ttl=20 time=118 ms
08-10 15:03:32.889 10557 12571 D cellinfo: 46 bytes from 44.241.174.93: icmp_seq=638 ttl=20 time=93.0 ms
08-10 15:03:33.106 10557 12571 D cellinfo: 46 bytes from 44.241.174.93: icmp_seq=639 ttl=20 time=109 ms
08-10 15:03:33.292 10557 12571 D cellinfo: 46 bytes from 44.241.174.93: icmp_seq=640 ttl=20 time=95.6 ms
08-10 15:03:33.504 10557 12571 D cellinfo: 46 bytes from 44.241.174.93: icmp_seq=641 ttl=20 time=105 ms
08-10 15:03:33.691 10557 12571 D cellinfo: 46 bytes from 44.241.174.93: icmp_seq=642 ttl=20 time=92.4 ms
08-10 15:03:33.904 10557 12571 D cellinfo: 46 bytes from 44.241.174.93: icmp_seq=643 ttl=20 time=104 ms
08-10 15:03:34.091 10557 12571 D cellinfo: 46 bytes from 44.241.174.93: icmp_seq=644 ttl=20 time=91.1 ms
08-10 15:03:34.300 10557 12571 D cellinfo: 46 bytes from 44.241.174.93: icmp_seq=645 ttl=20 time=99.5 ms
08-10 15:03:34.511 10557 12571 D cellinfo: 46 bytes from 44.241.174.93: icmp_seq=646 ttl=20 time=109 ms
08-10 15:03:34.684 10557 12571 D cellinfo: 46 bytes from 44.241.174.93: icmp_seq=647 ttl=20 time=81.8 ms
08-10 15:03:34.913 10557 12571 D cellinfo: 46 bytes from 44.241.174.93: icmp_seq=648 ttl=20 time=110 ms
08-10 15:03:35.084 10557 12571 D cellinfo: 46 bytes from 44.241.174.93: icmp_seq=649 ttl=20 time=80.8 ms
08-10 15:03:35.306 10557 12571 D cellinfo: 46 bytes from 44.241.174.93: icmp_seq=650 ttl=20 time=102 ms
08-10 15:03:35.506 10557 12571 D cellinfo: 46 bytes from 44.241.174.93: icmp_seq=651 ttl=20 time=101 ms
08-10 15:03:35.710 10557 12571 D cellinfo: 46 bytes from 44.241.174.93: icmp_seq=652 ttl=20 time=103 ms
08-10 15:03:35.868 10557 10557 D cellinfo: Latitude is 40.7128352
08-10 15:03:35.868 10557 10557 D cellinfo: Longitude is -111.8708703
08-10 15:03:35.868 10557 10557 D cellinfo: Instantaneous GPS information: United States, 2685 700 E, Salt Lake City, UT 84106, USA
08-10 15:03:35.868 10557 10557 D cellinfo: getCurrentLocation() result: Location (success): 40.7128352, -111.8708703
08-10 15:03:35.870 10557 10557 D cellinfo: onCellInfoChanged: Operator: T-Mobile UpdateTimestamp: 256453 CellConnectionStatus: 0
08-10 15:03:35.870 10557 10557 D cellinfo: onCellInfoChanged: LTE Cell Bands: [2] Bandwidth: 15000 Cell ID: 21559051 Physical Cell ID: 176 Tracking Area Code: 11620 EARFCN: 675
08-10 15:03:35.871 10557 10557 D cellinfo: onsignalStrengthsChanged: LTE Signal Strength info: rsrp: -96 rsrq: -9 rssi: -65 rssnr: 14
08-10 15:03:35.871 10557 10557 D cellinfo: onsignalStrengthsChanged: 5G-NR Signal Strength info: ssrsrp: -77 ssrsrq: -11 sssinr: 2147483647
08-10 15:03:35.871 10557 10557 D cellinfo: onsignalStrengthsChanged: LTE Signal Strength info: rsrp: -96 rsrq: -9 rssi: -65 rssnr: 14
08-10 15:03:35.871 10557 10557 D cellinfo: onsignalStrengthsChanged: 5G-NR Signal Strength info: ssrsrp: -79 ssrsrq: -11 sssinr: 2147483647
08-10 15:03:35.904 10557 12571 D cellinfo: 46 bytes from 44.241.174.93: icmp_seq=653 ttl=20 time=95.8 ms
08-10 15:03:36.105 10557 12571 D cellinfo: 46 bytes from 44.241.174.93: icmp_seq=654 ttl=20 time=95.8 ms
08-10 15:03:36.306 10557 12571 D cellinfo: 46 bytes from 44.241.174.93: icmp_seq=655 ttl=20 time=97.2 ms
08-10 15:03:36.528 10557 12571 D cellinfo: 46 bytes from 44.241.174.93: icmp_seq=656 ttl=20 time=118 ms
08-10 15:03:36.721 10557 12571 D cellinfo: 46 bytes from 44.241.174.93: icmp_seq=657 ttl=20 time=110 ms
08-10 15:03:36.906 10557 12571 D cellinfo: 46 bytes from 44.241.174.93: icmp_seq=658 ttl=20 time=94.2 ms
08-10 15:03:37.111 10557 12571 D cellinfo: 46 bytes from 44.241.174.93: icmp_seq=659 ttl=20 time=98.7 ms
08-10 15:03:37.314 10557 12571 D cellinfo: 46 bytes from 44.241.174.93: icmp_seq=660 ttl=20 time=100 ms
08-10 15:03:37.525 10557 12571 D cellinfo: 46 bytes from 44.241.174.93: icmp_seq=661 ttl=20 time=110 ms
08-10 15:03:37.707 10557 12571 D cellinfo: 46 bytes from 44.241.174.93: icmp_seq=662 ttl=20 time=91.7 ms
08-10 15:03:37.925 10557 12571 D cellinfo: 46 bytes from 44.241.174.93: icmp_seq=663 ttl=20 time=108 ms
08-10 15:03:38.107 10557 12571 D cellinfo: 46 bytes from 44.241.174.93: icmp_seq=664 ttl=20 time=90.3 ms
08-10 15:03:38.305 10557 12571 D cellinfo: 46 bytes from 44.241.174.93: icmp_seq=665 ttl=20 time=87.7 ms
08-10 15:03:38.410 10557 10557 D cellinfo: Latitude is 40.7128251
08-10 15:03:38.410 10557 10557 D cellinfo: Longitude is -111.8708507
08-10 15:03:38.410 10557 10557 D cellinfo: Instantaneous GPS information: United States, 2685 700 E, Salt Lake City, UT 84106, USA
08-10 15:03:38.410 10557 10557 D cellinfo: getCurrentLocation() result: Location (success): 40.7128251, -111.8708507
08-10 15:03:38.457 10557 10557 D cellinfo: onCellInfoChanged: Operator: T-Mobile UpdateTimestamp: 259451 CellConnectionStatus: 0
08-10 15:03:38.457 10557 10557 D cellinfo: onCellInfoChanged: LTE Cell Bands: [2] Bandwidth: 15000 Cell ID: 21559051 Physical Cell ID: 176 Tracking Area Code: 11620 EARFCN: 675
08-10 15:03:38.507 10557 12571 D cellinfo: 46 bytes from 44.241.174.93: icmp_seq=666 ttl=20 time=88.5 ms
08-10 15:03:38.588 10557 10557 D cellinfo: onsignalStrengthsChanged: LTE Signal Strength info: rsrp: -93 rsrq: -10 rssi: -65 rssnr: 16
08-10 15:03:38.589 10557 10557 D cellinfo: onsignalStrengthsChanged: 5G-NR Signal Strength info: ssrsrp: -79 ssrsrq: -11 sssinr: 2147483647
08-10 15:03:38.725 10557 12571 D cellinfo: 46 bytes from 44.241.174.93: icmp_seq=667 ttl=20 time=106 ms
08-10 15:03:38.784 10557 10557 D cellinfo: onsignalStrengthsChanged: LTE Signal Strength info: rsrp: -93 rsrq: -10 rssi: -65 rssnr: 16
08-10 15:03:38.785 10557 10557 D cellinfo: onsignalStrengthsChanged: 5G-NR Signal Strength info: ssrsrp: -80 ssrsrq: -11 sssinr: 2147483647
08-10 15:03:38.904 10557 12571 D cellinfo: 46 bytes from 44.241.174.93: icmp_seq=668 ttl=20 time=84.1 ms
08-10 15:03:39.127 10557 12571 D cellinfo: 46 bytes from 44.241.174.93: icmp_seq=669 ttl=20 time=106 ms
08-10 15:03:39.329 10557 12571 D cellinfo: 46 bytes from 44.241.174.93: icmp_seq=670 ttl=20 time=106 ms
08-10 15:03:39.504 10557 12571 D cellinfo: 46 bytes from 44.241.174.93: icmp_seq=671 ttl=20 time=82.3 ms
08-10 15:03:39.729 10557 12571 D cellinfo: 46 bytes from 44.241.174.93: icmp_seq=672 ttl=20 time=105 ms
08-10 15:03:39.923 10557 12571 D cellinfo: 46 bytes from 44.241.174.93: icmp_seq=673 ttl=20 time=99.4 ms
08-10 15:03:40.132 10557 12571 D cellinfo: 46 bytes from 44.241.174.93: icmp_seq=674 ttl=20 time=107 ms
08-10 15:03:40.326 10557 12571 D cellinfo: 46 bytes from 44.241.174.93: icmp_seq=675 ttl=20 time=101 ms
08-10 15:03:40.539 10557 12571 D cellinfo: 46 bytes from 44.241.174.93: icmp_seq=676 ttl=20 time=113 ms
08-10 15:03:40.725 10557 12571 D cellinfo: 46 bytes from 44.241.174.93: icmp_seq=677 ttl=20 time=98.9 ms
08-10 15:03:40.925 10557 12571 D cellinfo: 46 bytes from 44.241.174.93: icmp_seq=678 ttl=20 time=97.8 ms
08-10 15:03:41.125 10557 12571 D cellinfo: 46 bytes from 44.241.174.93: icmp_seq=679 ttl=20 time=97.7 ms
08-10 15:03:41.325 10557 12571 D cellinfo: 46 bytes from 44.241.174.93: icmp_seq=680 ttl=20 time=97.2 ms
08-10 15:03:41.442 10557 10557 D cellinfo: onCellInfoChanged: Operator: T-Mobile UpdateTimestamp: 262437 CellConnectionStatus: 0
08-10 15:03:41.442 10557 10557 D cellinfo: onCellInfoChanged: LTE Cell Bands: [2] Bandwidth: 15000 Cell ID: 21559051 Physical Cell ID: 176 Tracking Area Code: 11620 EARFCN: 675
08-10 15:03:41.525 10557 12571 D cellinfo: 46 bytes from 44.241.174.93: icmp_seq=681 ttl=20 time=97.2 ms
08-10 15:03:41.588 10557 10557 D cellinfo: onsignalStrengthsChanged: LTE Signal Strength info: rsrp: -96 rsrq: -11 rssi: -65 rssnr: 15
08-10 15:03:41.588 10557 10557 D cellinfo: onsignalStrengthsChanged: 5G-NR Signal Strength info: ssrsrp: -80 ssrsrq: -11 sssinr: 2147483647
08-10 15:03:41.724 10557 12571 D cellinfo: 46 bytes from 44.241.174.93: icmp_seq=682 ttl=20 time=95.5 ms
08-10 15:03:41.784 10557 10557 D cellinfo: onsignalStrengthsChanged: LTE Signal Strength info: rsrp: -96 rsrq: -11 rssi: -65 rssnr: 15
08-10 15:03:41.784 10557 10557 D cellinfo: onsignalStrengthsChanged: 5G-NR Signal Strength info: ssrsrp: -79 ssrsrq: -11 sssinr: 2147483647
08-10 15:03:41.926 10557 12571 D cellinfo: 46 bytes from 44.241.174.93: icmp_seq=683 ttl=20 time=96.4 ms
08-10 15:03:42.123 10557 12571 D cellinfo: 46 bytes from 44.241.174.93: icmp_seq=684 ttl=20 time=92.6 ms
08-10 15:03:42.325 10557 12571 D cellinfo: 46 bytes from 44.241.174.93: icmp_seq=685 ttl=20 time=93.1 ms
08-10 15:03:42.524 10557 12571 D cellinfo: 46 bytes from 44.241.174.93: icmp_seq=686 ttl=20 time=92.1 ms
08-10 15:03:42.724 10557 12571 D cellinfo: 46 bytes from 44.241.174.93: icmp_seq=687 ttl=20 time=91.6 ms
08-10 15:03:42.924 10557 12571 D cellinfo: 46 bytes from 44.241.174.93: icmp_seq=688 ttl=20 time=90.4 ms
08-10 15:03:43.126 10557 12571 D cellinfo: 46 bytes from 44.241.174.93: icmp_seq=689 ttl=20 time=91.7 ms
08-10 15:03:43.345 10557 12571 D cellinfo: 46 bytes from 44.241.174.93: icmp_seq=690 ttl=20 time=108 ms
08-10 15:03:43.523 10557 12571 D cellinfo: 46 bytes from 44.241.174.93: icmp_seq=691 ttl=20 time=86.7 ms
08-10 15:03:43.750 10557 12571 D cellinfo: 46 bytes from 44.241.174.93: icmp_seq=692 ttl=20 time=112 ms
08-10 15:03:43.930 10557 12571 D cellinfo: 46 bytes from 44.241.174.93: icmp_seq=693 ttl=20 time=91.7 ms
08-10 15:03:44.124 10557 12571 D cellinfo: 46 bytes from 44.241.174.93: icmp_seq=694 ttl=20 time=84.5 ms
08-10 15:03:44.355 10557 12571 D cellinfo: 46 bytes from 44.241.174.93: icmp_seq=695 ttl=20 time=114 ms
08-10 15:03:44.526 10557 12571 D cellinfo: 46 bytes from 44.241.174.93: icmp_seq=696 ttl=20 time=84.4 ms
08-10 15:03:44.593 10557 10557 D cellinfo: onsignalStrengthsChanged: LTE Signal Strength info: rsrp: -95 rsrq: -13 rssi: -63 rssnr: 15
08-10 15:03:44.593 10557 10557 D cellinfo: onsignalStrengthsChanged: 5G-NR Signal Strength info: ssrsrp: -79 ssrsrq: -11 sssinr: 2147483647
08-10 15:03:44.753 10557 12571 D cellinfo: 46 bytes from 44.241.174.93: icmp_seq=697 ttl=20 time=110 ms
08-10 15:03:44.931 10557 12571 D cellinfo: 46 bytes from 44.241.174.93: icmp_seq=698 ttl=20 time=87.8 ms
08-10 15:03:45.149 10557 12571 D cellinfo: 46 bytes from 44.241.174.93: icmp_seq=699 ttl=20 time=105 ms
08-10 15:03:45.293 10557 10557 D cellinfo: Latitude is 40.7130081
08-10 15:03:45.294 10557 10557 D cellinfo: Longitude is -111.8707968
08-10 15:03:45.294 10557 10557 D cellinfo: Instantaneous GPS information: United States, 2653 700 E, Salt Lake City, UT 84106, USA
08-10 15:03:45.294 10557 10557 D cellinfo: getCurrentLocation() result: Location (success): 40.7130081, -111.8707968
08-10 15:03:45.298 10557 10557 D cellinfo: Latitude is 40.7130081
08-10 15:03:45.298 10557 10557 D cellinfo: Longitude is -111.8707968
08-10 15:03:45.298 10557 10557 D cellinfo: Instantaneous GPS information: United States, 2653 700 E, Salt Lake City, UT 84106, USA
08-10 15:03:45.298 10557 10557 D cellinfo: getCurrentLocation() result: Location (success): 40.7130081, -111.8707968
08-10 15:03:45.346 10557 12571 D cellinfo: 46 bytes from 44.241.174.93: icmp_seq=700 ttl=20 time=101 ms
08-10 15:03:45.391 10557 10557 D cellinfo: onCellInfoChanged: Operator: T-Mobile UpdateTimestamp: 266385 CellConnectionStatus: 0
08-10 15:03:45.391 10557 10557 D cellinfo: onCellInfoChanged: LTE Cell Bands: [2] Bandwidth: 15000 Cell ID: 21559051 Physical Cell ID: 176 Tracking Area Code: 11620 EARFCN: 675
08-10 15:03:45.554 10557 12571 D cellinfo: 46 bytes from 44.241.174.93: icmp_seq=701 ttl=20 time=108 ms
08-10 15:03:45.745 10557 12571 D cellinfo: 46 bytes from 44.241.174.93: icmp_seq=702 ttl=20 time=98.7 ms
08-10 15:03:45.945 10557 12571 D cellinfo: 46 bytes from 44.241.174.93: icmp_seq=703 ttl=20 time=97.7 ms
08-10 15:03:46.145 10557 12571 D cellinfo: 46 bytes from 44.241.174.93: icmp_seq=704 ttl=20 time=96.1 ms
08-10 15:03:46.345 10557 12571 D cellinfo: 46 bytes from 44.241.174.93: icmp_seq=705 ttl=20 time=95.5 ms
08-10 15:03:46.568 10557 12571 D cellinfo: 46 bytes from 44.241.174.93: icmp_seq=706 ttl=20 time=116 ms
08-10 15:03:46.749 10557 12571 D cellinfo: 46 bytes from 44.241.174.93: icmp_seq=707 ttl=20 time=97.4 ms
08-10 15:03:46.944 10557 12571 D cellinfo: 46 bytes from 44.241.174.93: icmp_seq=708 ttl=20 time=91.3 ms
08-10 15:03:47.144 10557 12571 D cellinfo: 46 bytes from 44.241.174.93: icmp_seq=709 ttl=20 time=90.4 ms
08-10 15:03:47.370 10557 12571 D cellinfo: 46 bytes from 44.241.174.93: icmp_seq=710 ttl=20 time=115 ms
08-10 15:03:47.412 10557 10557 D cellinfo: Latitude is 40.7130111
08-10 15:03:47.412 10557 10557 D cellinfo: Longitude is -111.8707967
08-10 15:03:47.412 10557 10557 D cellinfo: Instantaneous GPS information: United States, 2653 700 E, Salt Lake City, UT 84106, USA
08-10 15:03:47.412 10557 10557 D cellinfo: getCurrentLocation() result: Location (success): 40.7130111, -111.8707967
08-10 15:03:47.457 10557 10557 D cellinfo: onCellInfoChanged: Operator: T-Mobile UpdateTimestamp: 268449 CellConnectionStatus: 0
08-10 15:03:47.457 10557 10557 D cellinfo: onCellInfoChanged: LTE Cell Bands: [2] Bandwidth: 15000 Cell ID: 21559051 Physical Cell ID: 176 Tracking Area Code: 11620 EARFCN: 675
08-10 15:03:47.544 10557 12571 D cellinfo: 46 bytes from 44.241.174.93: icmp_seq=711 ttl=20 time=89.2 ms
08-10 15:03:47.589 10557 10557 D cellinfo: onsignalStrengthsChanged: LTE Signal Strength info: rsrp: -95 rsrq: -13 rssi: -65 rssnr: 16
08-10 15:03:47.589 10557 10557 D cellinfo: onsignalStrengthsChanged: 5G-NR Signal Strength info: ssrsrp: -79 ssrsrq: -11 sssinr: 2147483647
08-10 15:03:47.767 10557 12571 D cellinfo: 46 bytes from 44.241.174.93: icmp_seq=712 ttl=20 time=111 ms
08-10 15:03:47.786 10557 10557 D cellinfo: onsignalStrengthsChanged: LTE Signal Strength info: rsrp: -95 rsrq: -13 rssi: -65 rssnr: 16
08-10 15:03:47.786 10557 10557 D cellinfo: onsignalStrengthsChanged: 5G-NR Signal Strength info: ssrsrp: -78 ssrsrq: -11 sssinr: 2147483647
08-10 15:03:47.946 10557 12571 D cellinfo: 46 bytes from 44.241.174.93: icmp_seq=713 ttl=20 time=89.2 ms
08-10 15:03:48.148 10557 12571 D cellinfo: 46 bytes from 44.241.174.93: icmp_seq=714 ttl=20 time=91.2 ms
08-10 15:03:48.368 10557 12571 D cellinfo: 46 bytes from 44.241.174.93: icmp_seq=715 ttl=20 time=110 ms
08-10 15:03:48.540 10557 12571 D cellinfo: 46 bytes from 44.241.174.93: icmp_seq=716 ttl=20 time=81.0 ms
08-10 15:03:48.776 10557 12571 D cellinfo: 46 bytes from 44.241.174.93: icmp_seq=717 ttl=20 time=116 ms
08-10 15:03:48.945 10557 12571 D cellinfo: 46 bytes from 44.241.174.93: icmp_seq=718 ttl=20 time=85.2 ms
08-10 15:03:49.150 10557 12571 D cellinfo: 46 bytes from 44.241.174.93: icmp_seq=719 ttl=20 time=89.0 ms
08-10 15:03:49.364 10557 12571 D cellinfo: 46 bytes from 44.241.174.93: icmp_seq=720 ttl=20 time=102 ms
08-10 15:03:49.564 10557 12571 D cellinfo: 46 bytes from 44.241.174.93: icmp_seq=721 ttl=20 time=101 ms
08-10 15:03:49.749 10557 12571 D cellinfo: 46 bytes from 44.241.174.93: icmp_seq=722 ttl=20 time=86.0 ms
08-10 15:03:49.967 10557 12571 D cellinfo: 46 bytes from 44.241.174.93: icmp_seq=723 ttl=20 time=103 ms
08-10 15:03:50.163 10557 12571 D cellinfo: 46 bytes from 44.241.174.93: icmp_seq=724 ttl=20 time=98.9 ms
08-10 15:03:50.364 10557 12571 D cellinfo: 46 bytes from 44.241.174.93: icmp_seq=725 ttl=20 time=99.7 ms
08-10 15:03:50.415 10557 10557 D cellinfo: Latitude is 40.7130106
08-10 15:03:50.415 10557 10557 D cellinfo: Longitude is -111.8707988
08-10 15:03:50.415 10557 10557 D cellinfo: Instantaneous GPS information: United States, 2653 700 E, Salt Lake City, UT 84106, USA
08-10 15:03:50.415 10557 10557 D cellinfo: getCurrentLocation() result: Location (success): 40.7130106, -111.8707988
08-10 15:03:50.482 10557 10557 D cellinfo: onCellInfoChanged: Operator: T-Mobile UpdateTimestamp: 271468 CellConnectionStatus: 0
08-10 15:03:50.482 10557 10557 D cellinfo: onCellInfoChanged: LTE Cell Bands: [2] Bandwidth: 15000 Cell ID: 21559051 Physical Cell ID: 176 Tracking Area Code: 11620 EARFCN: 675
08-10 15:03:50.564 10557 12571 D cellinfo: 46 bytes from 44.241.174.93: icmp_seq=726 ttl=20 time=98.3 ms
08-10 15:03:50.590 10557 10557 D cellinfo: onsignalStrengthsChanged: LTE Signal Strength info: rsrp: -95 rsrq: -12 rssi: -65 rssnr: 15
08-10 15:03:50.590 10557 10557 D cellinfo: onsignalStrengthsChanged: 5G-NR Signal Strength info: ssrsrp: -78 ssrsrq: -11 sssinr: 2147483647
08-10 15:03:50.774 10557 12571 D cellinfo: 46 bytes from 44.241.174.93: icmp_seq=727 ttl=20 time=107 ms
08-10 15:03:50.785 10557 10557 D cellinfo: onsignalStrengthsChanged: LTE Signal Strength info: rsrp: -95 rsrq: -12 rssi: -65 rssnr: 15
08-10 15:03:50.785 10557 10557 D cellinfo: onsignalStrengthsChanged: 5G-NR Signal Strength info: ssrsrp: -80 ssrsrq: -11 sssinr: 2147483647
08-10 15:03:50.964 10557 12571 D cellinfo: 46 bytes from 44.241.174.93: icmp_seq=728 ttl=20 time=96.4 ms
08-10 15:03:51.165 10557 12571 D cellinfo: 46 bytes from 44.241.174.93: icmp_seq=729 ttl=20 time=97.4 ms
08-10 15:03:51.364 10557 12571 D cellinfo: 46 bytes from 44.241.174.93: icmp_seq=730 ttl=20 time=95.4 ms
08-10 15:03:51.549 10557 12571 D cellinfo: 46 bytes from 44.241.174.93: icmp_seq=731 ttl=20 time=79.1 ms
08-10 15:03:51.752 10557 12571 D cellinfo: 46 bytes from 44.241.174.93: icmp_seq=732 ttl=20 time=81.7 ms
08-10 15:03:51.988 10557 12571 D cellinfo: 46 bytes from 44.241.174.93: icmp_seq=733 ttl=20 time=116 ms
08-10 15:03:52.163 10557 12571 D cellinfo: 46 bytes from 44.241.174.93: icmp_seq=734 ttl=20 time=91.1 ms
08-10 15:03:52.365 10557 12571 D cellinfo: 46 bytes from 44.241.174.93: icmp_seq=735 ttl=20 time=92.4 ms
08-10 15:03:52.563 10557 12571 D cellinfo: 46 bytes from 44.241.174.93: icmp_seq=736 ttl=20 time=90.5 ms
08-10 15:03:52.785 10557 12571 D cellinfo: 46 bytes from 44.241.174.93: icmp_seq=737 ttl=20 time=111 ms
08-10 15:03:52.963 10557 12571 D cellinfo: 46 bytes from 44.241.174.93: icmp_seq=738 ttl=20 time=87.7 ms
08-10 15:03:53.185 10557 12571 D cellinfo: 46 bytes from 44.241.174.93: icmp_seq=739 ttl=20 time=108 ms
08-10 15:03:53.363 10557 12571 D cellinfo: 46 bytes from 44.241.174.93: icmp_seq=740 ttl=20 time=86.6 ms
08-10 15:03:53.412 10557 10557 D cellinfo: Latitude is 40.7130104
08-10 15:03:53.412 10557 10557 D cellinfo: Longitude is -111.8708011
08-10 15:03:53.412 10557 10557 D cellinfo: Instantaneous GPS information: United States, 2653 700 E, Salt Lake City, UT 84106, USA
08-10 15:03:53.412 10557 10557 D cellinfo: getCurrentLocation() result: Location (success): 40.7130104, -111.8708011
08-10 15:03:53.464 10557 10557 D cellinfo: onCellInfoChanged: Operator: T-Mobile UpdateTimestamp: 274455 CellConnectionStatus: 0
08-10 15:03:53.464 10557 10557 D cellinfo: onCellInfoChanged: LTE Cell Bands: [2] Bandwidth: 15000 Cell ID: 21559051 Physical Cell ID: 176 Tracking Area Code: 11620 EARFCN: 675
08-10 15:03:53.589 10557 10557 D cellinfo: onsignalStrengthsChanged: LTE Signal Strength info: rsrp: -97 rsrq: -14 rssi: -65 rssnr: 12
08-10 15:03:53.589 10557 10557 D cellinfo: onsignalStrengthsChanged: 5G-NR Signal Strength info: ssrsrp: -80 ssrsrq: -11 sssinr: 2147483647
08-10 15:03:53.590 10557 12571 D cellinfo: 46 bytes from 44.241.174.93: icmp_seq=741 ttl=20 time=113 ms
08-10 15:03:53.764 10557 12571 D cellinfo: 46 bytes from 44.241.174.93: icmp_seq=742 ttl=20 time=86.3 ms
08-10 15:03:53.784 10557 10557 D cellinfo: onsignalStrengthsChanged: LTE Signal Strength info: rsrp: -97 rsrq: -14 rssi: -65 rssnr: 12
08-10 15:03:53.784 10557 10557 D cellinfo: onsignalStrengthsChanged: 5G-NR Signal Strength info: ssrsrp: -81 ssrsrq: -11 sssinr: 2147483647
08-10 15:03:53.992 10557 12571 D cellinfo: 46 bytes from 44.241.174.93: icmp_seq=743 ttl=20 time=112 ms
08-10 15:03:54.170 10557 12571 D cellinfo: 46 bytes from 44.241.174.93: icmp_seq=744 ttl=20 time=89.6 ms
08-10 15:03:54.368 10557 12571 D cellinfo: 46 bytes from 44.241.174.93: icmp_seq=745 ttl=20 time=86.7 ms
08-10 15:03:54.566 10557 12571 D cellinfo: 46 bytes from 44.241.174.93: icmp_seq=746 ttl=20 time=83.4 ms
08-10 15:03:54.791 10557 12571 D cellinfo: 46 bytes from 44.241.174.93: icmp_seq=747 ttl=20 time=107 ms
08-10 15:03:54.992 10557 12571 D cellinfo: 46 bytes from 44.241.174.93: icmp_seq=748 ttl=20 time=108 ms
08-10 15:03:55.185 10557 12571 D cellinfo: 46 bytes from 44.241.174.93: icmp_seq=749 ttl=20 time=100 ms
08-10 15:03:55.388 10557 12571 D cellinfo: 46 bytes from 44.241.174.93: icmp_seq=750 ttl=20 time=103 ms
08-10 15:03:55.587 10557 12571 D cellinfo: 46 bytes from 44.241.174.93: icmp_seq=751 ttl=20 time=100 ms
08-10 15:03:55.785 10557 12571 D cellinfo: 46 bytes from 44.241.174.93: icmp_seq=752 ttl=20 time=97.4 ms
08-10 15:03:55.996 10557 12571 D cellinfo: 46 bytes from 44.241.174.93: icmp_seq=753 ttl=20 time=107 ms
08-10 15:03:56.184 10557 12571 D cellinfo: 46 bytes from 44.241.174.93: icmp_seq=754 ttl=20 time=95.4 ms
08-10 15:03:56.370 10557 12571 D cellinfo: 46 bytes from 44.241.174.93: icmp_seq=755 ttl=20 time=81.0 ms
08-10 15:03:56.453 10557 10557 D cellinfo: onCellInfoChanged: Operator: T-Mobile UpdateTimestamp: 277447 CellConnectionStatus: 0
08-10 15:03:56.453 10557 10557 D cellinfo: onCellInfoChanged: LTE Cell Bands: [2] Bandwidth: 15000 Cell ID: 21559051 Physical Cell ID: 176 Tracking Area Code: 11620 EARFCN: 675
08-10 15:03:56.589 10557 12571 D cellinfo: 46 bytes from 44.241.174.93: icmp_seq=756 ttl=20 time=99.5 ms
08-10 15:03:56.590 10557 10557 D cellinfo: onsignalStrengthsChanged: LTE Signal Strength info: rsrp: -96 rsrq: -11 rssi: -63 rssnr: 14
08-10 15:03:56.590 10557 10557 D cellinfo: onsignalStrengthsChanged: 5G-NR Signal Strength info: ssrsrp: -81 ssrsrq: -11 sssinr: 2147483647
08-10 15:03:56.785 10557 12571 D cellinfo: 46 bytes from 44.241.174.93: icmp_seq=757 ttl=20 time=94.7 ms
08-10 15:03:56.987 10557 12571 D cellinfo: 46 bytes from 44.241.174.93: icmp_seq=758 ttl=20 time=94.8 ms
08-10 15:03:57.189 10557 12571 D cellinfo: 46 bytes from 44.241.174.93: icmp_seq=759 ttl=20 time=97.0 ms
08-10 15:03:57.397 10557 12571 D cellinfo: 46 bytes from 44.241.174.93: icmp_seq=760 ttl=20 time=104 ms
08-10 15:03:57.587 10557 12571 D cellinfo: 46 bytes from 44.241.174.93: icmp_seq=761 ttl=20 time=92.9 ms
08-10 15:03:57.808 10557 12571 D cellinfo: 46 bytes from 44.241.174.93: icmp_seq=762 ttl=20 time=114 ms
08-10 15:03:57.996 10557 12571 D cellinfo: 46 bytes from 44.241.174.93: icmp_seq=763 ttl=20 time=100 ms
08-10 15:03:58.186 10557 12571 D cellinfo: 46 bytes from 44.241.174.93: icmp_seq=764 ttl=20 time=90.8 ms
08-10 15:03:58.392 10557 12571 D cellinfo: 46 bytes from 44.241.174.93: icmp_seq=765 ttl=20 time=96.7 ms
08-10 15:03:58.611 10557 12571 D cellinfo: 46 bytes from 44.241.174.93: icmp_seq=766 ttl=20 time=115 ms
08-10 15:03:58.784 10557 12571 D cellinfo: 46 bytes from 44.241.174.93: icmp_seq=767 ttl=20 time=87.4 ms
08-10 15:03:58.986 10557 12571 D cellinfo: 46 bytes from 44.241.174.93: icmp_seq=768 ttl=20 time=88.7 ms
08-10 15:03:59.204 10557 12571 D cellinfo: 46 bytes from 44.241.174.93: icmp_seq=769 ttl=20 time=105 ms
08-10 15:03:59.404 10557 12571 D cellinfo: 46 bytes from 44.241.174.93: icmp_seq=770 ttl=20 time=104 ms
08-10 15:03:59.584 10557 12571 D cellinfo: 46 bytes from 44.241.174.93: icmp_seq=771 ttl=20 time=84.3 ms
08-10 15:03:59.597 10557 10557 D cellinfo: onsignalStrengthsChanged: LTE Signal Strength info: rsrp: -96 rsrq: -14 rssi: -63 rssnr: 14
08-10 15:03:59.597 10557 10557 D cellinfo: onsignalStrengthsChanged: 5G-NR Signal Strength info: ssrsrp: -81 ssrsrq: -11 sssinr: 2147483647
08-10 15:03:59.805 10557 12571 D cellinfo: 46 bytes from 44.241.174.93: icmp_seq=772 ttl=20 time=104 ms
08-10 15:04:00.014 10557 12571 D cellinfo: 46 bytes from 44.241.174.93: icmp_seq=773 ttl=20 time=113 ms
08-10 15:04:00.193 10557 12571 D cellinfo: 46 bytes from 44.241.174.93: icmp_seq=774 ttl=20 time=93.0 ms
08-10 15:04:00.404 10557 12571 D cellinfo: 46 bytes from 44.241.174.93: icmp_seq=775 ttl=20 time=102 ms
08-10 15:04:00.584 10557 12571 D cellinfo: 46 bytes from 44.241.174.93: icmp_seq=776 ttl=20 time=81.1 ms
08-10 15:04:00.740 10557 10557 D cellinfo: Latitude is 40.7128636
08-10 15:04:00.740 10557 10557 D cellinfo: Longitude is -111.870874
08-10 15:04:00.740 10557 10557 D cellinfo: Instantaneous GPS information: United States, 2685 700 E, Salt Lake City, UT 84106, USA
08-10 15:04:00.740 10557 10557 D cellinfo: getCurrentLocation() result: Location (success): 40.7128636, -111.870874
08-10 15:04:00.758 10557 10557 D cellinfo: Latitude is 40.7128636
08-10 15:04:00.758 10557 10557 D cellinfo: Longitude is -111.870874
08-10 15:04:00.758 10557 10557 D cellinfo: Instantaneous GPS information: United States, 2685 700 E, Salt Lake City, UT 84106, USA
08-10 15:04:00.758 10557 10557 D cellinfo: getCurrentLocation() result: Location (success): 40.7128636, -111.870874
08-10 15:04:00.789 10557 10557 D cellinfo: onCellInfoChanged: Operator: T-Mobile UpdateTimestamp: 281783 CellConnectionStatus: 0
08-10 15:04:00.789 10557 10557 D cellinfo: onCellInfoChanged: LTE Cell Bands: [2] Bandwidth: 15000 Cell ID: 21559051 Physical Cell ID: 176 Tracking Area Code: 11620 EARFCN: 675
08-10 15:04:00.799 10557 12571 D cellinfo: 46 bytes from 44.241.174.93: icmp_seq=777 ttl=20 time=93.9 ms
08-10 15:04:01.014 10557 12571 D cellinfo: 46 bytes from 44.241.174.93: icmp_seq=778 ttl=20 time=108 ms
08-10 15:04:01.205 10557 12571 D cellinfo: 46 bytes from 44.241.174.93: icmp_seq=779 ttl=20 time=99.6 ms
08-10 15:04:01.412 10557 12571 D cellinfo: 46 bytes from 44.241.174.93: icmp_seq=780 ttl=20 time=105 ms
08-10 15:04:01.603 10557 12571 D cellinfo: 46 bytes from 44.241.174.93: icmp_seq=781 ttl=20 time=95.7 ms
08-10 15:04:01.805 10557 12571 D cellinfo: 46 bytes from 44.241.174.93: icmp_seq=782 ttl=20 time=96.7 ms
08-10 15:04:02.004 10557 12571 D cellinfo: 46 bytes from 44.241.174.93: icmp_seq=783 ttl=20 time=94.9 ms
08-10 15:04:02.208 10557 12571 D cellinfo: 46 bytes from 44.241.174.93: icmp_seq=784 ttl=20 time=99.9 ms
08-10 15:04:02.404 10557 12571 D cellinfo: 46 bytes from 44.241.174.93: icmp_seq=785 ttl=20 time=95.2 ms
08-10 15:04:02.420 10557 10557 D cellinfo: Latitude is 40.7128571
08-10 15:04:02.420 10557 10557 D cellinfo: Longitude is -111.8708772
08-10 15:04:02.420 10557 10557 D cellinfo: Instantaneous GPS information: United States, 2685 700 E, Salt Lake City, UT 84106, USA
08-10 15:04:02.420 10557 10557 D cellinfo: getCurrentLocation() result: Location (success): 40.7128571, -111.8708772
08-10 15:04:02.590 10557 10557 D cellinfo: onsignalStrengthsChanged: LTE Signal Strength info: rsrp: -96 rsrq: -15 rssi: -61 rssnr: 15
08-10 15:04:02.590 10557 10557 D cellinfo: onsignalStrengthsChanged: 5G-NR Signal Strength info: ssrsrp: -81 ssrsrq: -11 sssinr: 2147483647
08-10 15:04:02.696 10557 12571 D cellinfo: 46 bytes from 44.241.174.93: icmp_seq=786 ttl=20 time=186 ms
08-10 15:04:02.790 10557 12571 D cellinfo: 46 bytes from 44.241.174.93: icmp_seq=787 ttl=20 time=79.7 ms
08-10 15:04:03.025 10557 12571 D cellinfo: 46 bytes from 44.241.174.93: icmp_seq=788 ttl=20 time=113 ms
08-10 15:04:03.212 10557 12571 D cellinfo: 46 bytes from 44.241.174.93: icmp_seq=789 ttl=20 time=100 ms
08-10 15:04:03.416 10557 12571 D cellinfo: 46 bytes from 44.241.174.93: icmp_seq=790 ttl=20 time=104 ms
08-10 15:04:03.607 10557 12571 D cellinfo: 46 bytes from 44.241.174.93: icmp_seq=791 ttl=20 time=95.2 ms
08-10 15:04:03.809 10557 12571 D cellinfo: 46 bytes from 44.241.174.93: icmp_seq=792 ttl=20 time=96.2 ms
08-10 15:04:04.008 10557 12571 D cellinfo: 46 bytes from 44.241.174.93: icmp_seq=793 ttl=20 time=94.5 ms
08-10 15:04:04.209 10557 12571 D cellinfo: 46 bytes from 44.241.174.93: icmp_seq=794 ttl=20 time=95.5 ms
08-10 15:04:04.405 10557 12571 D cellinfo: 46 bytes from 44.241.174.93: icmp_seq=795 ttl=20 time=90.7 ms
08-10 15:04:04.624 10557 12571 D cellinfo: 46 bytes from 44.241.174.93: icmp_seq=796 ttl=20 time=109 ms
08-10 15:04:04.812 10557 12571 D cellinfo: 46 bytes from 44.241.174.93: icmp_seq=797 ttl=20 time=96.0 ms
08-10 15:04:05.003 10557 12571 D cellinfo: 46 bytes from 44.241.174.93: icmp_seq=798 ttl=20 time=87.0 ms
08-10 15:04:05.229 10557 12571 D cellinfo: 46 bytes from 44.241.174.93: icmp_seq=799 ttl=20 time=113 ms
08-10 15:04:05.404 10557 12571 D cellinfo: 46 bytes from 44.241.174.93: icmp_seq=800 ttl=20 time=87.6 ms
08-10 15:04:05.421 10557 10557 D cellinfo: Latitude is 40.7128487
08-10 15:04:05.421 10557 10557 D cellinfo: Longitude is -111.8708814
08-10 15:04:05.421 10557 10557 D cellinfo: Instantaneous GPS information: United States, 2685 700 E, Salt Lake City, UT 84106, USA
08-10 15:04:05.422 10557 10557 D cellinfo: getCurrentLocation() result: Location (success): 40.7128487, -111.8708814
08-10 15:04:05.458 10557 10557 D cellinfo: onCellInfoChanged: Operator: T-Mobile UpdateTimestamp: 286450 CellConnectionStatus: 0
08-10 15:04:05.458 10557 10557 D cellinfo: onCellInfoChanged: LTE Cell Bands: [2] Bandwidth: 15000 Cell ID: 21559051 Physical Cell ID: 176 Tracking Area Code: 11620 EARFCN: 675
08-10 15:04:05.588 10557 10557 D cellinfo: onsignalStrengthsChanged: LTE Signal Strength info: rsrp: -96 rsrq: -14 rssi: -63 rssnr: 15
08-10 15:04:05.588 10557 10557 D cellinfo: onsignalStrengthsChanged: 5G-NR Signal Strength info: ssrsrp: -81 ssrsrq: -11 sssinr: 2147483647
08-10 15:04:05.624 10557 12571 D cellinfo: 46 bytes from 44.241.174.93: icmp_seq=801 ttl=20 time=106 ms
08-10 15:04:05.785 10557 10557 D cellinfo: onsignalStrengthsChanged: LTE Signal Strength info: rsrp: -96 rsrq: -14 rssi: -63 rssnr: 15
08-10 15:04:05.785 10557 10557 D cellinfo: onsignalStrengthsChanged: 5G-NR Signal Strength info: ssrsrp: -82 ssrsrq: -11 sssinr: 2147483647
08-10 15:04:05.803 10557 12571 D cellinfo: 46 bytes from 44.241.174.93: icmp_seq=802 ttl=20 time=84.2 ms
08-10 15:04:06.024 10557 12571 D cellinfo: 46 bytes from 44.241.174.93: icmp_seq=803 ttl=20 time=104 ms
08-10 15:04:06.204 10557 12571 D cellinfo: 46 bytes from 44.241.174.93: icmp_seq=804 ttl=20 time=85.0 ms
08-10 15:04:06.424 10557 12571 D cellinfo: 46 bytes from 44.241.174.93: icmp_seq=805 ttl=20 time=104 ms
08-10 15:04:06.628 10557 12571 D cellinfo: 46 bytes from 44.241.174.93: icmp_seq=806 ttl=20 time=107 ms
08-10 15:04:06.806 10557 12571 D cellinfo: 46 bytes from 44.241.174.93: icmp_seq=807 ttl=20 time=85.5 ms
08-10 15:04:07.028 10557 12571 D cellinfo: 46 bytes from 44.241.174.93: icmp_seq=808 ttl=20 time=106 ms
08-10 15:04:07.203 10557 12571 D cellinfo: 46 bytes from 44.241.174.93: icmp_seq=809 ttl=20 time=81.0 ms
08-10 15:04:07.425 10557 12571 D cellinfo: 46 bytes from 44.241.174.93: icmp_seq=810 ttl=20 time=102 ms
08-10 15:04:07.604 10557 12571 D cellinfo: 46 bytes from 44.241.174.93: icmp_seq=811 ttl=20 time=81.2 ms
08-10 15:04:07.826 10557 12571 D cellinfo: 46 bytes from 44.241.174.93: icmp_seq=812 ttl=20 time=102 ms
08-10 15:04:08.024 10557 12571 D cellinfo: 46 bytes from 44.241.174.93: icmp_seq=813 ttl=20 time=100 ms
08-10 15:04:08.227 10557 12571 D cellinfo: 46 bytes from 44.241.174.93: icmp_seq=814 ttl=20 time=102 ms
08-10 15:04:08.411 10557 10557 D cellinfo: Latitude is 40.7128378
08-10 15:04:08.411 10557 10557 D cellinfo: Longitude is -111.8708869
08-10 15:04:08.411 10557 10557 D cellinfo: Instantaneous GPS information: United States, 2685 700 E, Salt Lake City, UT 84106, USA
08-10 15:04:08.411 10557 10557 D cellinfo: getCurrentLocation() result: Location (success): 40.7128378, -111.8708869
08-10 15:04:08.426 10557 12571 D cellinfo: 46 bytes from 44.241.174.93: icmp_seq=815 ttl=20 time=101 ms
08-10 15:04:08.466 10557 10557 D cellinfo: onCellInfoChanged: Operator: T-Mobile UpdateTimestamp: 289460 CellConnectionStatus: 0
08-10 15:04:08.466 10557 10557 D cellinfo: onCellInfoChanged: LTE Cell Bands: [2] Bandwidth: 15000 Cell ID: 21559051 Physical Cell ID: 176 Tracking Area Code: 11620 EARFCN: 675
08-10 15:04:08.594 10557 10557 D cellinfo: onsignalStrengthsChanged: LTE Signal Strength info: rsrp: -98 rsrq: -14 rssi: -67 rssnr: 13
08-10 15:04:08.594 10557 10557 D cellinfo: onsignalStrengthsChanged: 5G-NR Signal Strength info: ssrsrp: -82 ssrsrq: -11 sssinr: 2147483647
08-10 15:04:08.626 10557 12571 D cellinfo: 46 bytes from 44.241.174.93: icmp_seq=816 ttl=20 time=101 ms
08-10 15:04:08.783 10557 10557 D cellinfo: onsignalStrengthsChanged: LTE Signal Strength info: rsrp: -98 rsrq: -14 rssi: -67 rssnr: 13
08-10 15:04:08.783 10557 10557 D cellinfo: onsignalStrengthsChanged: 5G-NR Signal Strength info: ssrsrp: -81 ssrsrq: -11 sssinr: 2147483647
