08-10 20:34:14.912 10997 10997 D cellinfo: onsignalStrengthsChanged: 5G-NR Signal Strength info: ssrsrp: -111 ssrsrq: -13 sssinr: 29
08-10 20:34:15.029 10997 11072 D cellinfo: 46 bytes from 44.241.174.93: icmp_seq=794 ttl=32 time=79.9 ms
08-10 20:34:15.216 10997 11072 D cellinfo: 46 bytes from 44.241.174.93: icmp_seq=795 ttl=32 time=67.7 ms
08-10 20:34:15.435 10997 11072 D cellinfo: 46 bytes from 44.241.174.93: icmp_seq=796 ttl=32 time=85.2 ms
08-10 20:34:15.640 10997 11072 D cellinfo: 46 bytes from 44.241.174.93: icmp_seq=797 ttl=32 time=88.7 ms
08-10 20:34:15.824 10997 11072 D cellinfo: 46 bytes from 44.241.174.93: icmp_seq=798 ttl=32 time=72.1 ms
08-10 20:34:16.025 10997 11072 D cellinfo: 46 bytes from 44.241.174.93: icmp_seq=799 ttl=32 time=71.4 ms
08-10 20:34:16.225 10997 11072 D cellinfo: 46 bytes from 44.241.174.93: icmp_seq=800 ttl=32 time=71.8 ms
08-10 20:34:16.439 10997 11072 D cellinfo: 46 bytes from 44.241.174.93: icmp_seq=801 ttl=32 time=84.7 ms
08-10 20:34:16.626 10997 11072 D cellinfo: 46 bytes from 44.241.174.93: icmp_seq=802 ttl=32 time=70.2 ms
08-10 20:34:16.645 10997 10997 D cellinfo: Latitude is 41.4383675
08-10 20:34:16.645 10997 10997 D cellinfo: Longitude is -105.9433532
08-10 20:34:16.645 10997 10997 D cellinfo: Instantaneous GPS information: United States, 168 Hunt Rd, Laramie, WY 82070, USA
08-10 20:34:16.645 10997 10997 D cellinfo: getCurrentLocation() result: Location (success): 41.4383675, -105.9433532
08-10 20:34:16.691 10997 10997 D cellinfo: onCellInfoChanged: Operator: T-Mobile UpdateTimestamp: 8977727 CellConnectionStatus: 0
08-10 20:34:16.691 10997 10997 D cellinfo: onCellInfoChanged: LTE Cell Bands: [2] Bandwidth: 10000 Cell ID: 26173965 Physical Cell ID: 182 Tracking Area Code: 47617 EARFCN: 852
08-10 20:34:16.849 10997 11072 D cellinfo: 46 bytes from 44.241.174.93: icmp_seq=803 ttl=32 time=93.0 ms
08-10 20:34:17.025 10997 11072 D cellinfo: 46 bytes from 44.241.174.93: icmp_seq=804 ttl=32 time=67.7 ms
08-10 20:34:17.148 10997 10997 D cellinfo: onsignalStrengthsChanged: LTE Signal Strength info: rsrp: -110 rsrq: -11 rssi: -81 rssnr: 3
08-10 20:34:17.148 10997 10997 D cellinfo: onsignalStrengthsChanged: 5G-NR Signal Strength info: ssrsrp: -111 ssrsrq: -13 sssinr: 29
08-10 20:34:17.225 10997 11072 D cellinfo: 46 bytes from 44.241.174.93: icmp_seq=805 ttl=32 time=67.5 ms
08-10 20:34:17.448 10997 11072 D cellinfo: 46 bytes from 44.241.174.93: icmp_seq=806 ttl=32 time=89.0 ms
08-10 20:34:17.637 10997 11072 D cellinfo: 46 bytes from 44.241.174.93: icmp_seq=807 ttl=32 time=76.6 ms
08-10 20:34:17.834 10997 11072 D cellinfo: 46 bytes from 44.241.174.93: icmp_seq=808 ttl=32 time=72.5 ms
08-10 20:34:17.911 10997 10997 D cellinfo: onsignalStrengthsChanged: LTE Signal Strength info: rsrp: -110 rsrq: -11 rssi: -81 rssnr: 3
08-10 20:34:17.911 10997 10997 D cellinfo: onsignalStrengthsChanged: 5G-NR Signal Strength info: ssrsrp: -110 ssrsrq: -12 sssinr: 30
08-10 20:34:18.035 10997 11072 D cellinfo: 46 bytes from 44.241.174.93: icmp_seq=809 ttl=32 time=72.5 ms
08-10 20:34:18.234 10997 11072 D cellinfo: 46 bytes from 44.241.174.93: icmp_seq=810 ttl=32 time=71.4 ms
08-10 20:34:18.434 10997 11072 D cellinfo: 46 bytes from 44.241.174.93: icmp_seq=811 ttl=32 time=69.7 ms
08-10 20:34:18.634 10997 11072 D cellinfo: 46 bytes from 44.241.174.93: icmp_seq=812 ttl=32 time=68.8 ms
08-10 20:34:18.835 10997 11072 D cellinfo: 46 bytes from 44.241.174.93: icmp_seq=813 ttl=32 time=69.8 ms
08-10 20:34:19.048 10997 11072 D cellinfo: 46 bytes from 44.241.174.93: icmp_seq=814 ttl=32 time=82.5 ms
08-10 20:34:19.253 10997 11072 D cellinfo: 46 bytes from 44.241.174.93: icmp_seq=815 ttl=32 time=87.7 ms
08-10 20:34:19.460 10997 11072 D cellinfo: 46 bytes from 44.241.174.93: icmp_seq=816 ttl=32 time=93.1 ms
08-10 20:34:19.635 10997 11072 D cellinfo: 46 bytes from 44.241.174.93: icmp_seq=817 ttl=32 time=67.9 ms
08-10 20:34:19.651 10997 10997 D cellinfo: Latitude is 41.4383674
08-10 20:34:19.651 10997 10997 D cellinfo: Longitude is -105.9433533
08-10 20:34:19.651 10997 10997 D cellinfo: Instantaneous GPS information: United States, 168 Hunt Rd, Laramie, WY 82070, USA
08-10 20:34:19.651 10997 10997 D cellinfo: getCurrentLocation() result: Location (success): 41.4383674, -105.9433533
08-10 20:34:19.691 10997 10997 D cellinfo: onCellInfoChanged: Operator: T-Mobile UpdateTimestamp: 8980726 CellConnectionStatus: 0
08-10 20:34:19.691 10997 10997 D cellinfo: onCellInfoChanged: LTE Cell Bands: [2] Bandwidth: 10000 Cell ID: 26173965 Physical Cell ID: 182 Tracking Area Code: 47617 EARFCN: 852
08-10 20:34:19.844 10997 11072 D cellinfo: 46 bytes from 44.241.174.93: icmp_seq=818 ttl=32 time=76.8 ms
08-10 20:34:20.043 10997 11072 D cellinfo: 46 bytes from 44.241.174.93: icmp_seq=819 ttl=32 time=75.4 ms
08-10 20:34:20.149 10997 10997 D cellinfo: onsignalStrengthsChanged: LTE Signal Strength info: rsrp: -109 rsrq: -11 rssi: -79 rssnr: 4
08-10 20:34:20.149 10997 10997 D cellinfo: onsignalStrengthsChanged: 5G-NR Signal Strength info: ssrsrp: -110 ssrsrq: -12 sssinr: 30
08-10 20:34:20.244 10997 11072 D cellinfo: 46 bytes from 44.241.174.93: icmp_seq=820 ttl=32 time=76.3 ms
08-10 20:34:20.445 10997 11072 D cellinfo: 46 bytes from 44.241.174.93: icmp_seq=821 ttl=32 time=76.7 ms
08-10 20:34:20.645 10997 11072 D cellinfo: 46 bytes from 44.241.174.93: icmp_seq=822 ttl=32 time=75.8 ms
08-10 20:34:20.845 10997 11072 D cellinfo: 46 bytes from 44.241.174.93: icmp_seq=823 ttl=32 time=75.0 ms
08-10 20:34:20.911 10997 10997 D cellinfo: onsignalStrengthsChanged: LTE Signal Strength info: rsrp: -109 rsrq: -11 rssi: -79 rssnr: 4
08-10 20:34:20.911 10997 10997 D cellinfo: onsignalStrengthsChanged: 5G-NR Signal Strength info: ssrsrp: -110 ssrsrq: -12 sssinr: 25
08-10 20:34:21.045 10997 11072 D cellinfo: 46 bytes from 44.241.174.93: icmp_seq=824 ttl=32 time=74.7 ms
08-10 20:34:21.245 10997 11072 D cellinfo: 46 bytes from 44.241.174.93: icmp_seq=825 ttl=32 time=74.3 ms
08-10 20:34:21.445 10997 11072 D cellinfo: 46 bytes from 44.241.174.93: icmp_seq=826 ttl=32 time=74.1 ms
08-10 20:34:21.652 10997 11072 D cellinfo: 46 bytes from 44.241.174.93: icmp_seq=827 ttl=32 time=80.3 ms
08-10 20:34:21.852 10997 11072 D cellinfo: 46 bytes from 44.241.174.93: icmp_seq=828 ttl=32 time=79.7 ms
08-10 20:34:22.045 10997 11072 D cellinfo: 46 bytes from 44.241.174.93: icmp_seq=829 ttl=32 time=71.1 ms
08-10 20:34:22.247 10997 11072 D cellinfo: 46 bytes from 44.241.174.93: icmp_seq=830 ttl=32 time=73.3 ms
08-10 20:34:22.453 10997 11072 D cellinfo: 46 bytes from 44.241.174.93: icmp_seq=831 ttl=32 time=78.8 ms
08-10 20:34:22.648 10997 11072 D cellinfo: 46 bytes from 44.241.174.93: icmp_seq=832 ttl=32 time=74.3 ms
08-10 20:34:22.683 10997 10997 D cellinfo: onCellInfoChanged: Operator: T-Mobile UpdateTimestamp: 8983719 CellConnectionStatus: 0
08-10 20:34:22.683 10997 10997 D cellinfo: onCellInfoChanged: LTE Cell Bands: [2] Bandwidth: 10000 Cell ID: 26173965 Physical Cell ID: 182 Tracking Area Code: 47617 EARFCN: 852
08-10 20:34:22.857 10997 11072 D cellinfo: 46 bytes from 44.241.174.93: icmp_seq=833 ttl=32 time=82.6 ms
08-10 20:34:22.862 10997 10997 D cellinfo: onsignalStrengthsChanged: LTE Signal Strength info: rsrp: -109 rsrq: -11 rssi: -81 rssnr: 6
08-10 20:34:22.862 10997 10997 D cellinfo: onsignalStrengthsChanged: 5G-NR Signal Strength info: ssrsrp: -110 ssrsrq: -12 sssinr: 25
08-10 20:34:23.056 10997 11072 D cellinfo: 46 bytes from 44.241.174.93: icmp_seq=834 ttl=32 time=79.6 ms
08-10 20:34:23.245 10997 11072 D cellinfo: 46 bytes from 44.241.174.93: icmp_seq=835 ttl=32 time=69.0 ms
08-10 20:34:23.451 10997 11072 D cellinfo: 46 bytes from 44.241.174.93: icmp_seq=836 ttl=32 time=74.1 ms
08-10 20:34:23.656 10997 11072 D cellinfo: 46 bytes from 44.241.174.93: icmp_seq=837 ttl=32 time=78.7 ms
08-10 20:34:23.740 10997 10997 D cellinfo: Latitude is 41.4383675
08-10 20:34:23.740 10997 10997 D cellinfo: Longitude is -105.9433529
08-10 20:34:23.740 10997 10997 D cellinfo: Instantaneous GPS information: United States, 168 Hunt Rd, Laramie, WY 82070, USA
08-10 20:34:23.740 10997 10997 D cellinfo: getCurrentLocation() result: Location (success): 41.4383675, -105.9433529
08-10 20:34:23.851 10997 11072 D cellinfo: 46 bytes from 44.241.174.93: icmp_seq=838 ttl=32 time=72.9 ms
08-10 20:34:23.912 10997 10997 D cellinfo: onsignalStrengthsChanged: LTE Signal Strength info: rsrp: -109 rsrq: -11 rssi: -81 rssnr: 6
08-10 20:34:23.912 10997 10997 D cellinfo: onsignalStrengthsChanged: 5G-NR Signal Strength info: ssrsrp: -110 ssrsrq: -13 sssinr: 19
08-10 20:34:24.056 10997 11072 D cellinfo: 46 bytes from 44.241.174.93: icmp_seq=839 ttl=32 time=77.0 ms
08-10 20:34:24.260 10997 11072 D cellinfo: 46 bytes from 44.241.174.93: icmp_seq=840 ttl=32 time=81.9 ms
08-10 20:34:24.455 10997 11072 D cellinfo: 46 bytes from 44.241.174.93: icmp_seq=841 ttl=32 time=76.2 ms
08-10 20:34:24.660 10997 11072 D cellinfo: 46 bytes from 44.241.174.93: icmp_seq=842 ttl=32 time=80.2 ms
08-10 20:34:24.858 10997 11072 D cellinfo: 46 bytes from 44.241.174.93: icmp_seq=843 ttl=32 time=78.3 ms
08-10 20:34:25.066 10997 11072 D cellinfo: 46 bytes from 44.241.174.93: icmp_seq=844 ttl=32 time=85.1 ms
08-10 20:34:25.259 10997 11072 D cellinfo: 46 bytes from 44.241.174.93: icmp_seq=845 ttl=32 time=78.7 ms
08-10 20:34:25.466 10997 11072 D cellinfo: 46 bytes from 44.241.174.93: icmp_seq=846 ttl=32 time=83.8 ms
08-10 20:34:25.639 10997 10997 D cellinfo: Latitude is 41.4383675
08-10 20:34:25.639 10997 10997 D cellinfo: Longitude is -105.9433529
08-10 20:34:25.639 10997 10997 D cellinfo: Instantaneous GPS information: United States, 168 Hunt Rd, Laramie, WY 82070, USA
08-10 20:34:25.639 10997 10997 D cellinfo: getCurrentLocation() result: Location (success): 41.4383675, -105.9433529
08-10 20:34:25.667 10997 11072 D cellinfo: 46 bytes from 44.241.174.93: icmp_seq=847 ttl=32 time=84.6 ms
08-10 20:34:25.698 10997 10997 D cellinfo: onCellInfoChanged: Operator: T-Mobile UpdateTimestamp: 8986732 CellConnectionStatus: 0
08-10 20:34:25.698 10997 10997 D cellinfo: onCellInfoChanged: LTE Cell Bands: [2] Bandwidth: 10000 Cell ID: 26173965 Physical Cell ID: 182 Tracking Area Code: 47617 EARFCN: 852
08-10 20:34:25.848 10997 11072 D cellinfo: 46 bytes from 44.241.174.93: icmp_seq=848 ttl=32 time=64.8 ms
08-10 20:34:26.065 10997 11072 D cellinfo: 46 bytes from 44.241.174.93: icmp_seq=849 ttl=32 time=79.5 ms
08-10 20:34:26.148 10997 10997 D cellinfo: onsignalStrengthsChanged: LTE Signal Strength info: rsrp: -110 rsrq: -12 rssi: -81 rssnr: 4
08-10 20:34:26.148 10997 10997 D cellinfo: onsignalStrengthsChanged: 5G-NR Signal Strength info: ssrsrp: -110 ssrsrq: -13 sssinr: 19
08-10 20:34:26.269 10997 11072 D cellinfo: 46 bytes from 44.241.174.93: icmp_seq=850 ttl=32 time=83.3 ms
08-10 20:34:26.455 10997 11072 D cellinfo: 46 bytes from 44.241.174.93: icmp_seq=851 ttl=32 time=68.2 ms
08-10 20:34:26.655 10997 11072 D cellinfo: 46 bytes from 44.241.174.93: icmp_seq=852 ttl=32 time=67.7 ms
08-10 20:34:26.875 10997 11072 D cellinfo: 46 bytes from 44.241.174.93: icmp_seq=853 ttl=32 time=86.6 ms
08-10 20:34:26.910 10997 10997 D cellinfo: onsignalStrengthsChanged: LTE Signal Strength info: rsrp: -110 rsrq: -12 rssi: -81 rssnr: 4
08-10 20:34:26.910 10997 10997 D cellinfo: onsignalStrengthsChanged: 5G-NR Signal Strength info: ssrsrp: -111 ssrsrq: -13 sssinr: 17
08-10 20:34:27.070 10997 11072 D cellinfo: 46 bytes from 44.241.174.93: icmp_seq=854 ttl=32 time=79.0 ms
08-10 20:34:27.270 10997 11072 D cellinfo: 46 bytes from 44.241.174.93: icmp_seq=855 ttl=32 time=79.5 ms
08-10 20:34:27.475 10997 11072 D cellinfo: 46 bytes from 44.241.174.93: icmp_seq=856 ttl=32 time=82.0 ms
08-10 20:34:27.681 10997 11072 D cellinfo: 46 bytes from 44.241.174.93: icmp_seq=857 ttl=32 time=87.7 ms
08-10 20:34:27.870 10997 11072 D cellinfo: 46 bytes from 44.241.174.93: icmp_seq=858 ttl=32 time=75.6 ms
08-10 20:34:28.075 10997 11072 D cellinfo: 46 bytes from 44.241.174.93: icmp_seq=859 ttl=32 time=79.4 ms
08-10 20:34:28.282 10997 11072 D cellinfo: 46 bytes from 44.241.174.93: icmp_seq=860 ttl=32 time=86.1 ms
08-10 20:34:28.473 10997 11072 D cellinfo: 46 bytes from 44.241.174.93: icmp_seq=861 ttl=32 time=76.8 ms
08-10 20:34:28.638 10997 10997 D cellinfo: Latitude is 41.4383675
08-10 20:34:28.638 10997 10997 D cellinfo: Longitude is -105.9433529
08-10 20:34:28.638 10997 10997 D cellinfo: Instantaneous GPS information: United States, 168 Hunt Rd, Laramie, WY 82070, USA
08-10 20:34:28.638 10997 10997 D cellinfo: getCurrentLocation() result: Location (success): 41.4383675, -105.9433529
08-10 20:34:28.666 10997 11072 D cellinfo: 46 bytes from 44.241.174.93: icmp_seq=862 ttl=32 time=69.8 ms
08-10 20:34:28.700 10997 10997 D cellinfo: onCellInfoChanged: Operator: T-Mobile UpdateTimestamp: 8989736 CellConnectionStatus: 0
08-10 20:34:28.700 10997 10997 D cellinfo: onCellInfoChanged: LTE Cell Bands: [2] Bandwidth: 10000 Cell ID: 26173965 Physical Cell ID: 182 Tracking Area Code: 47617 EARFCN: 852
08-10 20:34:28.885 10997 11072 D cellinfo: 46 bytes from 44.241.174.93: icmp_seq=863 ttl=32 time=88.5 ms
08-10 20:34:29.058 10997 11072 D cellinfo: 46 bytes from 44.241.174.93: icmp_seq=864 ttl=32 time=60.0 ms
08-10 20:34:29.153 10997 10997 D cellinfo: onsignalStrengthsChanged: LTE Signal Strength info: rsrp: -112 rsrq: -13 rssi: -83 rssnr: 3
08-10 20:34:29.153 10997 10997 D cellinfo: onsignalStrengthsChanged: 5G-NR Signal Strength info: ssrsrp: -111 ssrsrq: -13 sssinr: 17
08-10 20:34:29.264 10997 11072 D cellinfo: 46 bytes from 44.241.174.93: icmp_seq=865 ttl=32 time=66.4 ms
08-10 20:34:29.482 10997 11072 D cellinfo: 46 bytes from 44.241.174.93: icmp_seq=866 ttl=32 time=84.0 ms
08-10 20:34:29.679 10997 11072 D cellinfo: 46 bytes from 44.241.174.93: icmp_seq=867 ttl=32 time=80.7 ms
08-10 20:34:29.890 10997 11072 D cellinfo: 46 bytes from 44.241.174.93: icmp_seq=868 ttl=32 time=89.8 ms
08-10 20:34:29.911 10997 10997 D cellinfo: onsignalStrengthsChanged: LTE Signal Strength info: rsrp: -112 rsrq: -13 rssi: -83 rssnr: 3
08-10 20:34:29.911 10997 10997 D cellinfo: onsignalStrengthsChanged: 5G-NR Signal Strength info: ssrsrp: -111 ssrsrq: -13 sssinr: 15
08-10 20:34:30.064 10997 11072 D cellinfo: 46 bytes from 44.241.174.93: icmp_seq=869 ttl=32 time=63.9 ms
08-10 20:34:30.295 10997 11072 D cellinfo: 46 bytes from 44.241.174.93: icmp_seq=870 ttl=32 time=94.4 ms
08-10 20:34:30.466 10997 11072 D cellinfo: 46 bytes from 44.241.174.93: icmp_seq=871 ttl=32 time=64.6 ms
08-10 20:34:30.676 10997 11072 D cellinfo: 46 bytes from 44.241.174.93: icmp_seq=872 ttl=32 time=73.6 ms
08-10 20:34:30.906 10997 11072 D cellinfo: 46 bytes from 44.241.174.93: icmp_seq=873 ttl=32 time=102 ms
08-10 20:34:31.075 10997 11072 D cellinfo: 46 bytes from 44.241.174.93: icmp_seq=874 ttl=32 time=71.0 ms
08-10 20:34:31.278 10997 11072 D cellinfo: 46 bytes from 44.241.174.93: icmp_seq=875 ttl=32 time=73.7 ms
08-10 20:34:31.475 10997 11072 D cellinfo: 46 bytes from 44.241.174.93: icmp_seq=876 ttl=32 time=69.1 ms
08-10 20:34:31.638 10997 10997 D cellinfo: Latitude is 41.4383675
08-10 20:34:31.638 10997 10997 D cellinfo: Longitude is -105.9433529
08-10 20:34:31.638 10997 10997 D cellinfo: Instantaneous GPS information: United States, 168 Hunt Rd, Laramie, WY 82070, USA
08-10 20:34:31.638 10997 10997 D cellinfo: getCurrentLocation() result: Location (success): 41.4383675, -105.9433529
08-10 20:34:31.693 10997 10997 D cellinfo: onCellInfoChanged: Operator: T-Mobile UpdateTimestamp: 8992728 CellConnectionStatus: 0
08-10 20:34:31.693 10997 10997 D cellinfo: onCellInfoChanged: LTE Cell Bands: [2] Bandwidth: 10000 Cell ID: 26173965 Physical Cell ID: 182 Tracking Area Code: 47617 EARFCN: 852
08-10 20:34:31.696 10997 11072 D cellinfo: 46 bytes from 44.241.174.93: icmp_seq=877 ttl=32 time=88.9 ms
08-10 20:34:31.825 10997 10997 D cellinfo: onsignalStrengthsChanged: LTE Signal Strength info: rsrp: -111 rsrq: -13 rssi: -83 rssnr: 3
08-10 20:34:31.825 10997 10997 D cellinfo: onsignalStrengthsChanged: 5G-NR Signal Strength info: ssrsrp: -111 ssrsrq: -13 sssinr: 15
08-10 20:34:31.875 10997 11072 D cellinfo: 46 bytes from 44.241.174.93: icmp_seq=878 ttl=32 time=67.5 ms
08-10 20:34:32.086 10997 11072 D cellinfo: 46 bytes from 44.241.174.93: icmp_seq=879 ttl=32 time=77.4 ms
08-10 20:34:32.285 10997 11072 D cellinfo: 46 bytes from 44.241.174.93: icmp_seq=880 ttl=32 time=75.3 ms
08-10 20:34:32.484 10997 11072 D cellinfo: 46 bytes from 44.241.174.93: icmp_seq=881 ttl=32 time=73.4 ms
08-10 20:34:32.693 10997 11072 D cellinfo: 46 bytes from 44.241.174.93: icmp_seq=882 ttl=32 time=80.0 ms
08-10 20:34:32.886 10997 11072 D cellinfo: 46 bytes from 44.241.174.93: icmp_seq=883 ttl=32 time=71.7 ms
08-10 20:34:32.912 10997 10997 D cellinfo: onsignalStrengthsChanged: LTE Signal Strength info: rsrp: -111 rsrq: -13 rssi: -83 rssnr: 3
08-10 20:34:32.912 10997 10997 D cellinfo: onsignalStrengthsChanged: 5G-NR Signal Strength info: ssrsrp: -112 ssrsrq: -13 sssinr: 10
08-10 20:34:33.085 10997 11072 D cellinfo: 46 bytes from 44.241.174.93: icmp_seq=884 ttl=32 time=69.4 ms
08-10 20:34:33.292 10997 11072 D cellinfo: 46 bytes from 44.241.174.93: icmp_seq=885 ttl=32 time=75.7 ms
08-10 20:34:33.484 10997 11072 D cellinfo: 46 bytes from 44.241.174.93: icmp_seq=886 ttl=32 time=66.3 ms
08-10 20:34:33.685 10997 11072 D cellinfo: 46 bytes from 44.241.174.93: icmp_seq=887 ttl=32 time=66.7 ms
08-10 20:34:33.896 10997 11072 D cellinfo: 46 bytes from 44.241.174.93: icmp_seq=888 ttl=32 time=76.8 ms
08-10 20:34:34.103 10997 11072 D cellinfo: 46 bytes from 44.241.174.93: icmp_seq=889 ttl=32 time=83.5 ms
08-10 20:34:34.303 10997 11072 D cellinfo: 46 bytes from 44.241.174.93: icmp_seq=890 ttl=32 time=82.7 ms
08-10 20:34:34.496 10997 11072 D cellinfo: 46 bytes from 44.241.174.93: icmp_seq=891 ttl=32 time=74.2 ms
08-10 20:34:34.639 10997 10997 D cellinfo: Latitude is 41.4383675
08-10 20:34:34.639 10997 10997 D cellinfo: Longitude is -105.9433529
08-10 20:34:34.639 10997 10997 D cellinfo: Instantaneous GPS information: United States, 168 Hunt Rd, Laramie, WY 82070, USA
08-10 20:34:34.640 10997 10997 D cellinfo: getCurrentLocation() result: Location (success): 41.4383675, -105.9433529
08-10 20:34:34.704 10997 11072 D cellinfo: 46 bytes from 44.241.174.93: icmp_seq=892 ttl=32 time=81.9 ms
08-10 20:34:34.709 10997 10997 D cellinfo: onCellInfoChanged: Operator: T-Mobile UpdateTimestamp: 8995744 CellConnectionStatus: 0
08-10 20:34:34.710 10997 10997 D cellinfo: onCellInfoChanged: LTE Cell Bands: [2] Bandwidth: 10000 Cell ID: 26173965 Physical Cell ID: 182 Tracking Area Code: 47617 EARFCN: 852
08-10 20:34:34.897 10997 11072 D cellinfo: 46 bytes from 44.241.174.93: icmp_seq=893 ttl=32 time=73.8 ms
08-10 20:34:35.095 10997 11072 D cellinfo: 46 bytes from 44.241.174.93: icmp_seq=894 ttl=32 time=72.3 ms
08-10 20:34:35.150 10997 10997 D cellinfo: onsignalStrengthsChanged: LTE Signal Strength info: rsrp: -110 rsrq: -12 rssi: -79 rssnr: 3
08-10 20:34:35.150 10997 10997 D cellinfo: onsignalStrengthsChanged: 5G-NR Signal Strength info: ssrsrp: -112 ssrsrq: -13 sssinr: 10
08-10 20:34:35.302 10997 11072 D cellinfo: 46 bytes from 44.241.174.93: icmp_seq=895 ttl=32 time=78.7 ms
08-10 20:34:35.508 10997 11072 D cellinfo: 46 bytes from 44.241.174.93: icmp_seq=896 ttl=32 time=82.8 ms
08-10 20:34:35.695 10997 11072 D cellinfo: 46 bytes from 44.241.174.93: icmp_seq=897 ttl=32 time=68.9 ms
08-10 20:34:35.895 10997 11072 D cellinfo: 46 bytes from 44.241.174.93: icmp_seq=898 ttl=32 time=68.4 ms
08-10 20:34:35.911 10997 10997 D cellinfo: onsignalStrengthsChanged: LTE Signal Strength info: rsrp: -110 rsrq: -12 rssi: -79 rssnr: 3
08-10 20:34:35.911 10997 10997 D cellinfo: onsignalStrengthsChanged: 5G-NR Signal Strength info: ssrsrp: -111 ssrsrq: -13 sssinr: 5
08-10 20:34:36.095 10997 11072 D cellinfo: 46 bytes from 44.241.174.93: icmp_seq=899 ttl=32 time=67.4 ms
08-10 20:34:36.306 10997 11072 D cellinfo: 46 bytes from 44.241.174.93: icmp_seq=900 ttl=32 time=77.3 ms
08-10 20:34:36.505 10997 11072 D cellinfo: 46 bytes from 44.241.174.93: icmp_seq=901 ttl=32 time=74.3 ms
08-10 20:34:36.698 10997 11072 D cellinfo: 46 bytes from 44.241.174.93: icmp_seq=902 ttl=32 time=66.3 ms
08-10 20:34:36.904 10997 11072 D cellinfo: 46 bytes from 44.241.174.93: icmp_seq=903 ttl=32 time=71.7 ms
08-10 20:34:37.392 10997 11072 D cellinfo: 46 bytes from 44.241.174.93: icmp_seq=904 ttl=32 time=358 ms
08-10 20:34:37.393 10997 11072 D cellinfo: 46 bytes from 44.241.174.93: icmp_seq=905 ttl=32 time=156 ms
08-10 20:34:37.498 10997 11072 D cellinfo: 46 bytes from 44.241.174.93: icmp_seq=906 ttl=32 time=61.0 ms
08-10 20:34:37.679 10997 10997 D cellinfo: onCellInfoChanged: Operator: T-Mobile UpdateTimestamp: 8998715 CellConnectionStatus: 0
08-10 20:34:37.679 10997 10997 D cellinfo: onCellInfoChanged: LTE Cell Bands: [2] Bandwidth: 10000 Cell ID: 26173965 Physical Cell ID: 182 Tracking Area Code: 47617 EARFCN: 852
08-10 20:34:37.698 10997 11072 D cellinfo: 46 bytes from 44.241.174.93: icmp_seq=907 ttl=32 time=60.4 ms
08-10 20:34:37.898 10997 11072 D cellinfo: 46 bytes from 44.241.174.93: icmp_seq=908 ttl=32 time=59.8 ms
08-10 20:34:38.117 10997 11072 D cellinfo: 46 bytes from 44.241.174.93: icmp_seq=909 ttl=32 time=77.7 ms
08-10 20:34:38.151 10997 10997 D cellinfo: onsignalStrengthsChanged: LTE Signal Strength info: rsrp: -111 rsrq: -14 rssi: -79 rssnr: 1
08-10 20:34:38.152 10997 10997 D cellinfo: onsignalStrengthsChanged: 5G-NR Signal Strength info: ssrsrp: -111 ssrsrq: -13 sssinr: 5
08-10 20:34:38.305 10997 11072 D cellinfo: 46 bytes from 44.241.174.93: icmp_seq=910 ttl=32 time=64.6 ms
08-10 20:34:38.507 10997 11072 D cellinfo: 46 bytes from 44.241.174.93: icmp_seq=911 ttl=32 time=65.5 ms
08-10 20:34:38.722 10997 11072 D cellinfo: 46 bytes from 44.241.174.93: icmp_seq=912 ttl=32 time=79.2 ms
08-10 20:34:38.910 10997 10997 D cellinfo: onsignalStrengthsChanged: LTE Signal Strength info: rsrp: -111 rsrq: -14 rssi: -79 rssnr: 1
08-10 20:34:38.910 10997 10997 D cellinfo: onsignalStrengthsChanged: 5G-NR Signal Strength info: ssrsrp: -110 ssrsrq: -13 sssinr: 9
08-10 20:34:38.922 10997 11072 D cellinfo: 46 bytes from 44.241.174.93: icmp_seq=913 ttl=32 time=78.4 ms
08-10 20:34:39.001 10997 10997 D cellinfo: Latitude is 41.4383675
08-10 20:34:39.001 10997 10997 D cellinfo: Longitude is -105.9433528
08-10 20:34:39.002 10997 10997 D cellinfo: Instantaneous GPS information: United States, 168 Hunt Rd, Laramie, WY 82070, USA
08-10 20:34:39.002 10997 10997 D cellinfo: getCurrentLocation() result: Location (success): 41.4383675, -105.9433528
08-10 20:34:39.102 10997 11072 D cellinfo: 46 bytes from 44.241.174.93: icmp_seq=914 ttl=32 time=56.8 ms
08-10 20:34:39.316 10997 11072 D cellinfo: 46 bytes from 44.241.174.93: icmp_seq=915 ttl=32 time=69.4 ms
08-10 20:34:39.523 10997 11072 D cellinfo: 46 bytes from 44.241.174.93: icmp_seq=916 ttl=32 time=75.0 ms
08-10 20:34:39.724 10997 11072 D cellinfo: 46 bytes from 44.241.174.93: icmp_seq=917 ttl=32 time=74.7 ms
08-10 20:34:39.925 10997 11072 D cellinfo: 46 bytes from 44.241.174.93: icmp_seq=918 ttl=32 time=73.9 ms
08-10 20:34:40.125 10997 11072 D cellinfo: 46 bytes from 44.241.174.93: icmp_seq=919 ttl=32 time=72.9 ms
08-10 20:34:40.333 10997 11072 D cellinfo: 46 bytes from 44.241.174.93: icmp_seq=920 ttl=32 time=80.0 ms
08-10 20:34:40.524 10997 11072 D cellinfo: 46 bytes from 44.241.174.93: icmp_seq=921 ttl=32 time=70.3 ms
08-10 20:34:40.636 10997 10997 D cellinfo: Latitude is 41.4383675
08-10 20:34:40.637 10997 10997 D cellinfo: Longitude is -105.9433528
08-10 20:34:40.637 10997 10997 D cellinfo: Instantaneous GPS information: United States, 168 Hunt Rd, Laramie, WY 82070, USA
08-10 20:34:40.637 10997 10997 D cellinfo: getCurrentLocation() result: Location (success): 41.4383675, -105.9433528
08-10 20:34:40.675 10997 10997 D cellinfo: onCellInfoChanged: Operator: T-Mobile UpdateTimestamp: 9001711 CellConnectionStatus: 0
08-10 20:34:40.675 10997 10997 D cellinfo: onCellInfoChanged: LTE Cell Bands: [2] Bandwidth: 10000 Cell ID: 26173965 Physical Cell ID: 182 Tracking Area Code: 47617 EARFCN: 852
08-10 20:34:40.718 10997 11072 D cellinfo: 46 bytes from 44.241.174.93: icmp_seq=922 ttl=32 time=63.8 ms
08-10 20:34:40.784 10997 10997 D cellinfo: onsignalStrengthsChanged: LTE Signal Strength info: rsrp: -112 rsrq: -15 rssi: -79 rssnr: 0
08-10 20:34:40.784 10997 10997 D cellinfo: onsignalStrengthsChanged: 5G-NR Signal Strength info: ssrsrp: -110 ssrsrq: -13 sssinr: 9
08-10 20:34:40.925 10997 11072 D cellinfo: 46 bytes from 44.241.174.93: icmp_seq=923 ttl=32 time=69.9 ms
08-10 20:34:41.133 10997 11072 D cellinfo: 46 bytes from 44.241.174.93: icmp_seq=924 ttl=32 time=78.2 ms
08-10 20:34:41.325 10997 11072 D cellinfo: 46 bytes from 44.241.174.93: icmp_seq=925 ttl=32 time=68.7 ms
08-10 20:34:41.525 10997 11072 D cellinfo: 46 bytes from 44.241.174.93: icmp_seq=926 ttl=32 time=67.8 ms
08-10 20:34:41.724 10997 11072 D cellinfo: 46 bytes from 44.241.174.93: icmp_seq=927 ttl=32 time=67.1 ms
08-10 20:34:41.911 10997 10997 D cellinfo: onsignalStrengthsChanged: LTE Signal Strength info: rsrp: -112 rsrq: -15 rssi: -79 rssnr: 0
08-10 20:34:41.911 10997 10997 D cellinfo: onsignalStrengthsChanged: 5G-NR Signal Strength info: ssrsrp: -108 ssrsrq: -13 sssinr: 9
08-10 20:34:41.933 10997 11072 D cellinfo: 46 bytes from 44.241.174.93: icmp_seq=928 ttl=32 time=75.4 ms
08-10 20:34:42.136 10997 11072 D cellinfo: 46 bytes from 44.241.174.93: icmp_seq=929 ttl=32 time=76.9 ms
08-10 20:34:42.336 10997 11072 D cellinfo: 46 bytes from 44.241.174.93: icmp_seq=930 ttl=32 time=77.0 ms
08-10 20:34:42.535 10997 11072 D cellinfo: 46 bytes from 44.241.174.93: icmp_seq=931 ttl=32 time=75.6 ms
08-10 20:34:42.742 10997 11072 D cellinfo: 46 bytes from 44.241.174.93: icmp_seq=932 ttl=32 time=81.7 ms
08-10 20:34:42.935 10997 11072 D cellinfo: 46 bytes from 44.241.174.93: icmp_seq=933 ttl=32 time=73.0 ms
08-10 20:34:43.135 10997 11072 D cellinfo: 46 bytes from 44.241.174.93: icmp_seq=934 ttl=32 time=72.7 ms
08-10 20:34:43.336 10997 11072 D cellinfo: 46 bytes from 44.241.174.93: icmp_seq=935 ttl=32 time=72.3 ms
08-10 20:34:43.541 10997 11072 D cellinfo: 46 bytes from 44.241.174.93: icmp_seq=936 ttl=32 time=76.7 ms
08-10 20:34:43.640 10997 10997 D cellinfo: Latitude is 41.4383675
08-10 20:34:43.640 10997 10997 D cellinfo: Longitude is -105.9433528
08-10 20:34:43.640 10997 10997 D cellinfo: Instantaneous GPS information: United States, 168 Hunt Rd, Laramie, WY 82070, USA
08-10 20:34:43.640 10997 10997 D cellinfo: getCurrentLocation() result: Location (success): 41.4383675, -105.9433528
08-10 20:34:43.697 10997 10997 D cellinfo: onCellInfoChanged: Operator: T-Mobile UpdateTimestamp: 9004731 CellConnectionStatus: 0
08-10 20:34:43.697 10997 10997 D cellinfo: onCellInfoChanged: LTE Cell Bands: [2] Bandwidth: 10000 Cell ID: 26173965 Physical Cell ID: 182 Tracking Area Code: 47617 EARFCN: 852
08-10 20:34:43.736 10997 11072 D cellinfo: 46 bytes from 44.241.174.93: icmp_seq=937 ttl=32 time=70.2 ms
08-10 20:34:43.935 10997 11072 D cellinfo: 46 bytes from 44.241.174.93: icmp_seq=938 ttl=32 time=68.0 ms
08-10 20:34:44.146 10997 11072 D cellinfo: 46 bytes from 44.241.174.93: icmp_seq=939 ttl=32 time=77.8 ms
08-10 20:34:44.153 10997 10997 D cellinfo: onsignalStrengthsChanged: LTE Signal Strength info: rsrp: -110 rsrq: -12 rssi: -83 rssnr: 2
08-10 20:34:44.153 10997 10997 D cellinfo: onsignalStrengthsChanged: 5G-NR Signal Strength info: ssrsrp: -108 ssrsrq: -13 sssinr: 9
08-10 20:34:44.376 10997 11072 D cellinfo: 46 bytes from 44.241.174.93: icmp_seq=940 ttl=32 time=107 ms
08-10 20:34:44.562 10997 11072 D cellinfo: 46 bytes from 44.241.174.93: icmp_seq=941 ttl=32 time=91.8 ms
08-10 20:34:44.753 10997 11072 D cellinfo: 46 bytes from 44.241.174.93: icmp_seq=942 ttl=32 time=82.1 ms
08-10 20:34:44.912 10997 10997 D cellinfo: onsignalStrengthsChanged: LTE Signal Strength info: rsrp: -110 rsrq: -12 rssi: -83 rssnr: 2
08-10 20:34:44.912 10997 10997 D cellinfo: onsignalStrengthsChanged: 5G-NR Signal Strength info: ssrsrp: -111 ssrsrq: -14 sssinr: -1
08-10 20:34:44.945 10997 11072 D cellinfo: 46 bytes from 44.241.174.93: icmp_seq=943 ttl=32 time=73.2 ms
08-10 20:34:45.146 10997 11072 D cellinfo: 46 bytes from 44.241.174.93: icmp_seq=944 ttl=32 time=72.0 ms
08-10 20:34:45.353 10997 11072 D cellinfo: 46 bytes from 44.241.174.93: icmp_seq=945 ttl=32 time=77.9 ms
08-10 20:34:45.561 10997 11072 D cellinfo: 46 bytes from 44.241.174.93: icmp_seq=946 ttl=32 time=85.2 ms
08-10 20:34:45.744 10997 11072 D cellinfo: 46 bytes from 44.241.174.93: icmp_seq=947 ttl=32 time=68.3 ms
08-10 20:34:45.961 10997 11072 D cellinfo: 46 bytes from 44.241.174.93: icmp_seq=948 ttl=32 time=84.1 ms
08-10 20:34:46.160 10997 11072 D cellinfo: 46 bytes from 44.241.174.93: icmp_seq=949 ttl=32 time=82.9 ms
08-10 20:34:46.338 10997 11072 D cellinfo: 46 bytes from 44.241.174.93: icmp_seq=950 ttl=32 time=60.5 ms
08-10 20:34:46.547 10997 11072 D cellinfo: 46 bytes from 44.241.174.93: icmp_seq=951 ttl=32 time=68.3 ms
08-10 20:34:46.639 10997 10997 D cellinfo: Latitude is 41.4383675
08-10 20:34:46.639 10997 10997 D cellinfo: Longitude is -105.9433528
08-10 20:34:46.639 10997 10997 D cellinfo: Instantaneous GPS information: United States, 168 Hunt Rd, Laramie, WY 82070, USA
08-10 20:34:46.639 10997 10997 D cellinfo: getCurrentLocation() result: Location (success): 41.4383675, -105.9433528
08-10 20:34:46.699 10997 10997 D cellinfo: onCellInfoChanged: Operator: T-Mobile UpdateTimestamp: 9007733 CellConnectionStatus: 0
08-10 20:34:46.699 10997 10997 D cellinfo: onCellInfoChanged: LTE Cell Bands: [2] Bandwidth: 10000 Cell ID: 26173965 Physical Cell ID: 182 Tracking Area Code: 47617 EARFCN: 852
08-10 20:34:46.755 10997 11072 D cellinfo: 46 bytes from 44.241.174.93: icmp_seq=952 ttl=32 time=75.7 ms
08-10 20:34:46.945 10997 11072 D cellinfo: 46 bytes from 44.241.174.93: icmp_seq=953 ttl=32 time=64.0 ms
08-10 20:34:47.153 10997 10997 D cellinfo: onsignalStrengthsChanged: LTE Signal Strength info: rsrp: -110 rsrq: -13 rssi: -81 rssnr: 4
08-10 20:34:47.153 10997 10997 D cellinfo: onsignalStrengthsChanged: 5G-NR Signal Strength info: ssrsrp: -111 ssrsrq: -14 sssinr: -1
08-10 20:34:47.170 10997 11072 D cellinfo: 46 bytes from 44.241.174.93: icmp_seq=954 ttl=32 time=89.1 ms
08-10 20:34:47.345 10997 11072 D cellinfo: 46 bytes from 44.241.174.93: icmp_seq=955 ttl=32 time=63.8 ms
08-10 20:34:47.596 10997 11072 D cellinfo: 46 bytes from 44.241.174.93: icmp_seq=956 ttl=32 time=113 ms
08-10 20:34:47.748 10997 11072 D cellinfo: 46 bytes from 44.241.174.93: icmp_seq=957 ttl=32 time=63.8 ms
08-10 20:34:47.911 10997 10997 D cellinfo: onsignalStrengthsChanged: LTE Signal Strength info: rsrp: -110 rsrq: -13 rssi: -81 rssnr: 4
08-10 20:34:47.911 10997 10997 D cellinfo: onsignalStrengthsChanged: 5G-NR Signal Strength info: ssrsrp: -112 ssrsrq: -14 sssinr: -1
08-10 20:34:47.956 10997 11072 D cellinfo: 46 bytes from 44.241.174.93: icmp_seq=958 ttl=32 time=72.0 ms
08-10 20:34:48.157 10997 11072 D cellinfo: 46 bytes from 44.241.174.93: icmp_seq=959 ttl=32 time=72.3 ms
08-10 20:34:48.348 10997 11072 D cellinfo: 46 bytes from 44.241.174.93: icmp_seq=960 ttl=32 time=61.8 ms
08-10 20:34:48.548 10997 11072 D cellinfo: 46 bytes from 44.241.174.93: icmp_seq=961 ttl=32 time=62.2 ms
08-10 20:34:48.748 10997 11072 D cellinfo: 46 bytes from 44.241.174.93: icmp_seq=962 ttl=32 time=61.0 ms
08-10 20:34:48.955 10997 11072 D cellinfo: 46 bytes from 44.241.174.93: icmp_seq=963 ttl=32 time=67.2 ms
08-10 20:34:49.166 10997 11072 D cellinfo: 46 bytes from 44.241.174.93: icmp_seq=964 ttl=32 time=77.7 ms
08-10 20:34:49.366 10997 11072 D cellinfo: 46 bytes from 44.241.174.93: icmp_seq=965 ttl=32 time=75.9 ms
08-10 20:34:49.573 10997 11072 D cellinfo: 46 bytes from 44.241.174.93: icmp_seq=966 ttl=32 time=81.9 ms
08-10 20:34:49.633 10997 10997 D cellinfo: Latitude is 41.4383675
08-10 20:34:49.633 10997 10997 D cellinfo: Longitude is -105.9433527
08-10 20:34:49.633 10997 10997 D cellinfo: Instantaneous GPS information: United States, 168 Hunt Rd, Laramie, WY 82070, USA
08-10 20:34:49.633 10997 10997 D cellinfo: getCurrentLocation() result: Location (success): 41.4383675, -105.9433527
08-10 20:34:49.678 10997 10997 D cellinfo: onCellInfoChanged: Operator: T-Mobile UpdateTimestamp: 9010713 CellConnectionStatus: 0
08-10 20:34:49.678 10997 10997 D cellinfo: onCellInfoChanged: LTE Cell Bands: [2] Bandwidth: 10000 Cell ID: 26173965 Physical Cell ID: 182 Tracking Area Code: 47617 EARFCN: 852
08-10 20:34:49.740 10997 10997 D cellinfo: onsignalStrengthsChanged: LTE Signal Strength info: rsrp: -110 rsrq: -12 rssi: -81 rssnr: 3
08-10 20:34:49.740 10997 10997 D cellinfo: onsignalStrengthsChanged: 5G-NR Signal Strength info: ssrsrp: -112 ssrsrq: -14 sssinr: -1
08-10 20:34:49.766 10997 11072 D cellinfo: 46 bytes from 44.241.174.93: icmp_seq=967 ttl=32 time=74.2 ms
08-10 20:34:49.965 10997 11072 D cellinfo: 46 bytes from 44.241.174.93: icmp_seq=968 ttl=32 time=72.5 ms
08-10 20:34:50.164 10997 11072 D cellinfo: 46 bytes from 44.241.174.93: icmp_seq=969 ttl=32 time=69.1 ms
08-10 20:34:50.358 10997 11072 D cellinfo: 46 bytes from 44.241.174.93: icmp_seq=970 ttl=32 time=63.2 ms
08-10 20:34:50.575 10997 11072 D cellinfo: 46 bytes from 44.241.174.93: icmp_seq=971 ttl=32 time=77.9 ms
08-10 20:34:50.765 10997 11072 D cellinfo: 46 bytes from 44.241.174.93: icmp_seq=972 ttl=32 time=67.2 ms
08-10 20:34:50.911 10997 10997 D cellinfo: onsignalStrengthsChanged: LTE Signal Strength info: rsrp: -110 rsrq: -12 rssi: -81 rssnr: 3
08-10 20:34:50.911 10997 10997 D cellinfo: onsignalStrengthsChanged: 5G-NR Signal Strength info: ssrsrp: -113 ssrsrq: -14 sssinr: -11
08-10 20:34:50.975 10997 11072 D cellinfo: 46 bytes from 44.241.174.93: icmp_seq=973 ttl=32 time=76.8 ms
08-10 20:34:51.175 10997 11072 D cellinfo: 46 bytes from 44.241.174.93: icmp_seq=974 ttl=32 time=76.6 ms
08-10 20:34:51.376 10997 11072 D cellinfo: 46 bytes from 44.241.174.93: icmp_seq=975 ttl=32 time=76.5 ms
08-10 20:34:51.575 10997 11072 D cellinfo: 46 bytes from 44.241.174.93: icmp_seq=976 ttl=32 time=73.8 ms
08-10 20:34:51.774 10997 11072 D cellinfo: 46 bytes from 44.241.174.93: icmp_seq=977 ttl=32 time=73.2 ms
08-10 20:34:51.975 10997 11072 D cellinfo: 46 bytes from 44.241.174.93: icmp_seq=978 ttl=32 time=72.7 ms
08-10 20:34:52.183 10997 11072 D cellinfo: 46 bytes from 44.241.174.93: icmp_seq=979 ttl=32 time=79.8 ms
08-10 20:34:52.383 10997 11072 D cellinfo: 46 bytes from 44.241.174.93: icmp_seq=980 ttl=32 time=79.7 ms
08-10 20:34:52.575 10997 11072 D cellinfo: 46 bytes from 44.241.174.93: icmp_seq=981 ttl=32 time=70.7 ms
08-10 20:34:52.682 10997 10997 D cellinfo: onCellInfoChanged: Operator: T-Mobile UpdateTimestamp: 9013717 CellConnectionStatus: 0
08-10 20:34:52.682 10997 10997 D cellinfo: onCellInfoChanged: LTE Cell Bands: [2] Bandwidth: 10000 Cell ID: 26173965 Physical Cell ID: 182 Tracking Area Code: 47617 EARFCN: 852
08-10 20:34:52.775 10997 11072 D cellinfo: 46 bytes from 44.241.174.93: icmp_seq=982 ttl=32 time=69.1 ms
08-10 20:34:52.907 10997 10997 D cellinfo: onsignalStrengthsChanged: LTE Signal Strength info: rsrp: -110 rsrq: -12 rssi: -81 rssnr: 3
08-10 20:34:52.929 10997 10997 D cellinfo: onServiceStateChanged: Channel Number: 852 Cell Bandwidths: [10000]
08-10 20:34:53.177 10997 11072 D cellinfo: 46 bytes from 44.241.174.93: icmp_seq=983 ttl=32 time=271 ms
08-10 20:34:53.183 10997 11072 D cellinfo: 46 bytes from 44.241.174.93: icmp_seq=984 ttl=32 time=74.3 ms
08-10 20:34:53.383 10997 11072 D cellinfo: 46 bytes from 44.241.174.93: icmp_seq=985 ttl=32 time=73.4 ms
08-10 20:34:53.604 10997 11072 D cellinfo: 46 bytes from 44.241.174.93: icmp_seq=986 ttl=32 time=93.0 ms
08-10 20:34:53.768 10997 11072 D cellinfo: 46 bytes from 44.241.174.93: icmp_seq=987 ttl=32 time=55.5 ms
08-10 20:34:53.816 10997 10997 D cellinfo: onsignalStrengthsChanged: LTE Signal Strength info: rsrp: -110 rsrq: -12 rssi: -81 rssnr: 3
08-10 20:34:53.816 10997 10997 D cellinfo: onsignalStrengthsChanged: 5G-NR Signal Strength info: ssrsrp: -113 ssrsrq: -14 sssinr: -11
08-10 20:34:53.847 10997 10997 D cellinfo: onServiceStateChanged: Channel Number: 852 Cell Bandwidths: [10000]
08-10 20:34:53.993 10997 11072 D cellinfo: 46 bytes from 44.241.174.93: icmp_seq=988 ttl=32 time=78.8 ms
08-10 20:34:54.184 10997 11072 D cellinfo: 46 bytes from 44.241.174.93: icmp_seq=989 ttl=32 time=68.7 ms
08-10 20:34:54.384 10997 11072 D cellinfo: 46 bytes from 44.241.174.93: icmp_seq=990 ttl=32 time=67.4 ms
08-10 20:34:54.566 10997 10997 D cellinfo: onsignalStrengthsChanged: LTE Signal Strength info: rsrp: -110 rsrq: -12 rssi: -81 rssnr: 3
08-10 20:34:54.596 10997 10997 D cellinfo: onServiceStateChanged: Channel Number: 852 Cell Bandwidths: [10000]
08-10 20:34:54.818 10997 11072 D cellinfo: 46 bytes from 44.241.174.93: icmp_seq=991 ttl=32 time=300 ms
08-10 20:34:54.836 10997 11072 D cellinfo: 46 bytes from 44.241.174.93: icmp_seq=992 ttl=32 time=116 ms
08-10 20:34:54.996 10997 11072 D cellinfo: 46 bytes from 44.241.174.93: icmp_seq=993 ttl=32 time=76.7 ms
08-10 20:34:55.011 10997 10997 D cellinfo: Latitude is 41.4383682
08-10 20:34:55.011 10997 10997 D cellinfo: Longitude is -105.9433578
08-10 20:34:55.011 10997 10997 D cellinfo: Instantaneous GPS information: United States, 168 Hunt Rd, Laramie, WY 82070, USA
08-10 20:34:55.011 10997 10997 D cellinfo: getCurrentLocation() result: Location (success): 41.4383682, -105.9433578
08-10 20:34:55.207 10997 11072 D cellinfo: 46 bytes from 44.241.174.93: icmp_seq=994 ttl=32 time=86.8 ms
08-10 20:34:55.394 10997 11072 D cellinfo: 46 bytes from 44.241.174.93: icmp_seq=995 ttl=32 time=72.8 ms
08-10 20:34:55.492 10997 10997 D cellinfo: onsignalStrengthsChanged: LTE Signal Strength info: rsrp: -110 rsrq: -12 rssi: -81 rssnr: 3
08-10 20:34:55.493 10997 10997 D cellinfo: onsignalStrengthsChanged: 5G-NR Signal Strength info: ssrsrp: -113 ssrsrq: -14 sssinr: -11
08-10 20:34:55.539 10997 10997 D cellinfo: onServiceStateChanged: Channel Number: 852 Cell Bandwidths: [10000]
08-10 20:34:55.635 10997 10997 D cellinfo: Latitude is 41.4383682
08-10 20:34:55.635 10997 10997 D cellinfo: Longitude is -105.9433578
08-10 20:34:55.635 10997 10997 D cellinfo: Instantaneous GPS information: United States, 168 Hunt Rd, Laramie, WY 82070, USA
08-10 20:34:55.635 10997 10997 D cellinfo: getCurrentLocation() result: Location (success): 41.4383682, -105.9433578
08-10 20:34:55.680 10997 10997 D cellinfo: onCellInfoChanged: Operator: T-Mobile UpdateTimestamp: 9016713 CellConnectionStatus: 0
08-10 20:34:55.680 10997 10997 D cellinfo: onCellInfoChanged: LTE Cell Bands: [2] Bandwidth: 10000 Cell ID: 26173965 Physical Cell ID: 182 Tracking Area Code: 47617 EARFCN: 852
08-10 20:34:55.711 10997 11072 D cellinfo: 46 bytes from 44.241.174.93: icmp_seq=996 ttl=32 time=188 ms
08-10 20:34:55.798 10997 11072 D cellinfo: 46 bytes from 44.241.174.93: icmp_seq=997 ttl=32 time=74.8 ms
08-10 20:34:55.997 10997 11072 D cellinfo: 46 bytes from 44.241.174.93: icmp_seq=998 ttl=32 time=72.3 ms
08-10 20:34:56.212 10997 11072 D cellinfo: 46 bytes from 44.241.174.93: icmp_seq=999 ttl=32 time=86.0 ms
08-10 20:34:56.394 10997 11072 D cellinfo: 46 bytes from 44.241.174.93: icmp_seq=1000 ttl=32 time=67.3 ms
08-10 20:34:56.597 10997 11072 D cellinfo: 46 bytes from 44.241.174.93: icmp_seq=1001 ttl=32 time=68.7 ms
08-10 20:34:56.763 10997 10997 D cellinfo: onsignalStrengthsChanged: LTE Signal Strength info: rsrp: -110 rsrq: -12 rssi: -81 rssnr: 3
08-10 20:34:56.786 10997 10997 D cellinfo: onServiceStateChanged: Channel Number: 852 Cell Bandwidths: [10000]
08-10 20:34:57.011 10997 11072 D cellinfo: 46 bytes from 44.241.174.93: icmp_seq=1002 ttl=32 time=281 ms
08-10 20:34:57.126 10997 11072 D cellinfo: 46 bytes from 44.241.174.93: icmp_seq=1003 ttl=32 time=193 ms
08-10 20:34:57.219 10997 11072 D cellinfo: 46 bytes from 44.241.174.93: icmp_seq=1004 ttl=32 time=87.8 ms
08-10 20:34:57.446 10997 11072 D cellinfo: 46 bytes from 44.241.174.93: icmp_seq=1005 ttl=32 time=114 ms
08-10 20:34:57.639 10997 11072 D cellinfo: 46 bytes from 44.241.174.93: icmp_seq=1006 ttl=32 time=105 ms
08-10 20:34:57.876 10997 11072 D cellinfo: 46 bytes from 44.241.174.93: icmp_seq=1007 ttl=32 time=141 ms
08-10 20:34:58.084 10997 11072 D cellinfo: 46 bytes from 44.241.174.93: icmp_seq=1008 ttl=32 time=148 ms
08-10 20:34:58.261 10997 11072 D cellinfo: 46 bytes from 44.241.174.93: icmp_seq=1009 ttl=32 time=125 ms
08-10 20:34:58.425 10997 11072 D cellinfo: 46 bytes from 44.241.174.93: icmp_seq=1010 ttl=32 time=88.6 ms
08-10 20:34:58.623 10997 11072 D cellinfo: 46 bytes from 44.241.174.93: icmp_seq=1011 ttl=32 time=86.0 ms
08-10 20:34:58.636 10997 10997 D cellinfo: Latitude is 41.4383682
08-10 20:34:58.636 10997 10997 D cellinfo: Longitude is -105.9433581
08-10 20:34:58.636 10997 10997 D cellinfo: Instantaneous GPS information: United States, 168 Hunt Rd, Laramie, WY 82070, USA
08-10 20:34:58.636 10997 10997 D cellinfo: getCurrentLocation() result: Location (success): 41.4383682, -105.9433581
08-10 20:34:58.690 10997 10997 D cellinfo: onCellInfoChanged: Operator: T-Mobile UpdateTimestamp: 9019724 CellConnectionStatus: 0
08-10 20:34:58.690 10997 10997 D cellinfo: onCellInfoChanged: LTE Cell Bands: [2] Bandwidth: 10000 Cell ID: 26173965 Physical Cell ID: 182 Tracking Area Code: 47617 EARFCN: 852
08-10 20:34:58.859 10997 11072 D cellinfo: 46 bytes from 44.241.174.93: icmp_seq=1012 ttl=32 time=121 ms
08-10 20:34:59.100 10997 11072 D cellinfo: 46 bytes from 44.241.174.93: icmp_seq=1013 ttl=32 time=161 ms
08-10 20:34:59.222 10997 11072 D cellinfo: 46 bytes from 44.241.174.93: icmp_seq=1014 ttl=32 time=83.7 ms
08-10 20:34:59.436 10997 11072 D cellinfo: 46 bytes from 44.241.174.93: icmp_seq=1015 ttl=32 time=96.7 ms
08-10 20:34:59.616 10997 11072 D cellinfo: 46 bytes from 44.241.174.93: icmp_seq=1016 ttl=32 time=76.1 ms
08-10 20:34:59.700 10997 10997 D cellinfo: onsignalStrengthsChanged: LTE Signal Strength info: rsrp: -110 rsrq: -12 rssi: -81 rssnr: 3
08-10 20:34:59.700 10997 10997 D cellinfo: onsignalStrengthsChanged: 5G-NR Signal Strength info: ssrsrp: -113 ssrsrq: -14 sssinr: -11
08-10 20:34:59.725 10997 10997 D cellinfo: onServiceStateChanged: Channel Number: 852 Cell Bandwidths: [10000]
08-10 20:34:59.816 10997 11072 D cellinfo: 46 bytes from 44.241.174.93: icmp_seq=1017 ttl=32 time=74.9 ms
08-10 20:35:00.016 10997 11072 D cellinfo: 46 bytes from 44.241.174.93: icmp_seq=1018 ttl=32 time=75.2 ms
08-10 20:35:00.218 10997 11072 D cellinfo: 46 bytes from 44.241.174.93: icmp_seq=1019 ttl=32 time=76.9 ms
08-10 20:35:00.419 10997 11072 D cellinfo: 46 bytes from 44.241.174.93: icmp_seq=1020 ttl=32 time=77.5 ms
08-10 20:35:00.618 10997 11072 D cellinfo: 46 bytes from 44.241.174.93: icmp_seq=1021 ttl=32 time=76.0 ms
08-10 20:35:00.815 10997 11072 D cellinfo: 46 bytes from 44.241.174.93: icmp_seq=1022 ttl=32 time=72.5 ms
08-10 20:35:01.017 10997 11072 D cellinfo: 46 bytes from 44.241.174.93: icmp_seq=1023 ttl=32 time=73.2 ms
08-10 20:35:01.216 10997 11072 D cellinfo: 46 bytes from 44.241.174.93: icmp_seq=1024 ttl=32 time=71.9 ms
08-10 20:35:01.423 10997 11072 D cellinfo: 46 bytes from 44.241.174.93: icmp_seq=1025 ttl=32 time=78.5 ms
08-10 20:35:01.616 10997 11072 D cellinfo: 46 bytes from 44.241.174.93: icmp_seq=1026 ttl=32 time=70.7 ms
08-10 20:35:01.636 10997 10997 D cellinfo: Latitude is 41.4383683
08-10 20:35:01.636 10997 10997 D cellinfo: Longitude is -105.9433591
08-10 20:35:01.636 10997 10997 D cellinfo: Instantaneous GPS information: United States, 168 Hunt Rd, Laramie, WY 82070, USA
08-10 20:35:01.636 10997 10997 D cellinfo: getCurrentLocation() result: Location (success): 41.4383683, -105.9433591
08-10 20:35:01.688 10997 10997 D cellinfo: onCellInfoChanged: Operator: T-Mobile UpdateTimestamp: 9022724 CellConnectionStatus: 0
08-10 20:35:01.688 10997 10997 D cellinfo: onCellInfoChanged: LTE Cell Bands: [2] Bandwidth: 10000 Cell ID: 26173965 Physical Cell ID: 182 Tracking Area Code: 47617 EARFCN: 852
08-10 20:35:01.818 10997 11072 D cellinfo: 46 bytes from 44.241.174.93: icmp_seq=1027 ttl=32 time=71.9 ms
08-10 20:35:02.031 10997 11072 D cellinfo: 46 bytes from 44.241.174.93: icmp_seq=1028 ttl=32 time=84.7 ms
08-10 20:35:02.497 10997 10997 D cellinfo: onsignalStrengthsChanged: LTE Signal Strength info: rsrp: -110 rsrq: -13 rssi: -81 rssnr: 3
08-10 20:35:02.497 10997 10997 D cellinfo: onsignalStrengthsChanged: 5G-NR Signal Strength info: ssrsrp: -117 ssrsrq: -17 sssinr: 2147483647
08-10 20:35:02.553 10997 11072 D cellinfo: 46 bytes from 44.241.174.93: icmp_seq=1029 ttl=32 time=406 ms
08-10 20:35:02.587 10997 11072 D cellinfo: 46 bytes from 44.241.174.93: icmp_seq=1030 ttl=32 time=238 ms
08-10 20:35:02.656 10997 11072 D cellinfo: 46 bytes from 44.241.174.93: icmp_seq=1031 ttl=32 time=104 ms
08-10 20:35:02.841 10997 11072 D cellinfo: 46 bytes from 44.241.174.93: icmp_seq=1032 ttl=32 time=87.4 ms
08-10 20:35:03.036 10997 11072 D cellinfo: 46 bytes from 44.241.174.93: icmp_seq=1033 ttl=32 time=81.3 ms
08-10 20:35:03.225 10997 11072 D cellinfo: 46 bytes from 44.241.174.93: icmp_seq=1034 ttl=32 time=69.8 ms
08-10 20:35:03.341 10997 10997 D cellinfo: onsignalStrengthsChanged: LTE Signal Strength info: rsrp: -110 rsrq: -13 rssi: -81 rssnr: 3
08-10 20:35:03.350 10997 10997 D cellinfo: onServiceStateChanged: Channel Number: 852 Cell Bandwidths: [10000]
08-10 20:35:03.596 10997 11072 D cellinfo: 46 bytes from 44.241.174.93: icmp_seq=1035 ttl=32 time=240 ms
08-10 20:35:03.621 10997 11072 D cellinfo: 46 bytes from 44.241.174.93: icmp_seq=1036 ttl=32 time=65.1 ms
08-10 20:35:03.825 10997 11072 D cellinfo: 46 bytes from 44.241.174.93: icmp_seq=1037 ttl=32 time=68.2 ms
08-10 20:35:04.036 10997 11072 D cellinfo: 46 bytes from 44.241.174.93: icmp_seq=1038 ttl=32 time=77.7 ms
08-10 20:35:04.249 10997 11072 D cellinfo: 46 bytes from 44.241.174.93: icmp_seq=1039 ttl=32 time=90.1 ms
08-10 20:35:04.436 10997 11072 D cellinfo: 46 bytes from 44.241.174.93: icmp_seq=1040 ttl=32 time=76.1 ms
08-10 20:35:04.634 10997 10997 D cellinfo: Latitude is 41.4383685
08-10 20:35:04.634 10997 10997 D cellinfo: Longitude is -105.94336
08-10 20:35:04.634 10997 10997 D cellinfo: Instantaneous GPS information: United States, 168 Hunt Rd, Laramie, WY 82070, USA
08-10 20:35:04.634 10997 10997 D cellinfo: getCurrentLocation() result: Location (success): 41.4383685, -105.94336
08-10 20:35:04.646 10997 11072 D cellinfo: 46 bytes from 44.241.174.93: icmp_seq=1041 ttl=32 time=85.3 ms
08-10 20:35:04.697 10997 10997 D cellinfo: onCellInfoChanged: Operator: T-Mobile UpdateTimestamp: 9025730 CellConnectionStatus: 0
08-10 20:35:04.697 10997 10997 D cellinfo: onCellInfoChanged: LTE Cell Bands: [2] Bandwidth: 10000 Cell ID: 26173965 Physical Cell ID: 182 Tracking Area Code: 47617 EARFCN: 852
08-10 20:35:04.836 10997 11072 D cellinfo: 46 bytes from 44.241.174.93: icmp_seq=1042 ttl=32 time=74.5 ms
08-10 20:35:05.036 10997 11072 D cellinfo: 46 bytes from 44.241.174.93: icmp_seq=1043 ttl=32 time=73.2 ms
08-10 20:35:05.236 10997 11072 D cellinfo: 46 bytes from 44.241.174.93: icmp_seq=1044 ttl=32 time=73.2 ms
08-10 20:35:05.436 10997 11072 D cellinfo: 46 bytes from 44.241.174.93: icmp_seq=1045 ttl=32 time=72.3 ms
08-10 20:35:05.810 10997 11072 D cellinfo: 46 bytes from 44.241.174.93: icmp_seq=1046 ttl=32 time=245 ms
08-10 20:35:05.835 10997 11072 D cellinfo: 46 bytes from 44.241.174.93: icmp_seq=1047 ttl=32 time=69.4 ms
08-10 20:35:05.933 10997 10997 D cellinfo: onsignalStrengthsChanged: LTE Signal Strength info: rsrp: -110 rsrq: -13 rssi: -81 rssnr: 3
08-10 20:35:05.933 10997 10997 D cellinfo: onsignalStrengthsChanged: 5G-NR Signal Strength info: ssrsrp: -117 ssrsrq: -17 sssinr: 2147483647
08-10 20:35:05.954 10997 10997 D cellinfo: onServiceStateChanged: Channel Number: 852 Cell Bandwidths: [10000]
08-10 20:35:06.168 10997 11072 D cellinfo: 46 bytes from 44.241.174.93: icmp_seq=1048 ttl=32 time=201 ms
08-10 20:35:06.276 10997 11072 D cellinfo: 46 bytes from 44.241.174.93: icmp_seq=1049 ttl=32 time=108 ms
08-10 20:35:06.444 10997 11072 D cellinfo: 46 bytes from 44.241.174.93: icmp_seq=1050 ttl=32 time=75.3 ms
08-10 20:35:06.650 10997 11072 D cellinfo: 46 bytes from 44.241.174.93: icmp_seq=1051 ttl=32 time=80.2 ms
08-10 20:35:06.845 10997 11072 D cellinfo: 46 bytes from 44.241.174.93: icmp_seq=1052 ttl=32 time=73.8 ms
08-10 20:35:07.044 10997 11072 D cellinfo: 46 bytes from 44.241.174.93: icmp_seq=1053 ttl=32 time=72.9 ms
08-10 20:35:07.244 10997 11072 D cellinfo: 46 bytes from 44.241.174.93: icmp_seq=1054 ttl=32 time=73.4 ms
08-10 20:35:07.453 10997 11072 D cellinfo: 46 bytes from 44.241.174.93: icmp_seq=1055 ttl=32 time=80.9 ms
08-10 20:35:07.645 10997 11072 D cellinfo: 46 bytes from 44.241.174.93: icmp_seq=1056 ttl=32 time=72.2 ms
08-10 20:35:07.685 10997 10997 D cellinfo: onCellInfoChanged: Operator: T-Mobile UpdateTimestamp: 9028721 CellConnectionStatus: 0
08-10 20:35:07.685 10997 10997 D cellinfo: onCellInfoChanged: LTE Cell Bands: [2] Bandwidth: 10000 Cell ID: 26173965 Physical Cell ID: 182 Tracking Area Code: 47617 EARFCN: 852
08-10 20:35:07.854 10997 11072 D cellinfo: 46 bytes from 44.241.174.93: icmp_seq=1057 ttl=32 time=80.2 ms
08-10 20:35:08.046 10997 11072 D cellinfo: 46 bytes from 44.241.174.93: icmp_seq=1058 ttl=32 time=70.6 ms
08-10 20:35:08.247 10997 11072 D cellinfo: 46 bytes from 44.241.174.93: icmp_seq=1059 ttl=32 time=72.0 ms
08-10 20:35:08.445 10997 11072 D cellinfo: 46 bytes from 44.241.174.93: icmp_seq=1060 ttl=32 time=68.8 ms
08-10 20:35:08.652 10997 11072 D cellinfo: 46 bytes from 44.241.174.93: icmp_seq=1061 ttl=32 time=74.8 ms
08-10 20:35:08.732 10997 10997 D cellinfo: onsignalStrengthsChanged: LTE Signal Strength info: rsrp: -112 rsrq: -13 rssi: -83 rssnr: 1
08-10 20:35:08.732 10997 10997 D cellinfo: onsignalStrengthsChanged: 5G-NR Signal Strength info: ssrsrp: -115 ssrsrq: -15 sssinr: 2147483647
08-10 20:35:08.845 10997 11072 D cellinfo: 46 bytes from 44.241.174.93: icmp_seq=1062 ttl=32 time=66.8 ms
08-10 20:35:08.997 10997 10997 D cellinfo: Latitude is 41.4383681
08-10 20:35:08.997 10997 10997 D cellinfo: Longitude is -105.9433581
