08-10 22:32:52.813 32511 32511 D cellinfo: onsignalStrengthsChanged: LTE Signal Strength info: rsrp: -87 rsrq: -13 rssi: -51 rssnr: 1
08-10 22:32:52.813 32511 32511 D cellinfo: onsignalStrengthsChanged: 5G-NR Signal Strength info: ssrsrp: -67 ssrsrq: -11 sssinr: 2147483647
08-10 22:32:52.831 32511 32565 D cellinfo: 46 bytes from 44.241.174.93: icmp_seq=2345 ttl=44 time=34.3 ms
08-10 22:32:53.031 32511 32565 D cellinfo: 46 bytes from 44.241.174.93: icmp_seq=2346 ttl=44 time=33.2 ms
08-10 22:32:53.237 32511 32565 D cellinfo: 46 bytes from 44.241.174.93: icmp_seq=2347 ttl=44 time=40.0 ms
08-10 22:32:53.436 32511 32565 D cellinfo: 46 bytes from 44.241.174.93: icmp_seq=2348 ttl=44 time=37.4 ms
08-10 22:32:53.636 32511 32565 D cellinfo: 46 bytes from 44.241.174.93: icmp_seq=2349 ttl=44 time=36.3 ms
08-10 22:32:53.746 32511 32511 D cellinfo: onsignalStrengthsChanged: LTE Signal Strength info: rsrp: -72 rsrq: -9 rssi: -51 rssnr: 12
08-10 22:32:53.747 32511 32511 D cellinfo: onsignalStrengthsChanged: 5G-NR Signal Strength info: ssrsrp: -67 ssrsrq: -11 sssinr: 2147483647
08-10 22:32:53.838 32511 32565 D cellinfo: 46 bytes from 44.241.174.93: icmp_seq=2350 ttl=44 time=37.4 ms
08-10 22:32:54.038 32511 32565 D cellinfo: 46 bytes from 44.241.174.93: icmp_seq=2351 ttl=44 time=36.3 ms
08-10 22:32:54.238 32511 32565 D cellinfo: 46 bytes from 44.241.174.93: icmp_seq=2352 ttl=44 time=35.4 ms
08-10 22:32:54.440 32511 32565 D cellinfo: 46 bytes from 44.241.174.93: icmp_seq=2353 ttl=44 time=36.8 ms
08-10 22:32:54.640 32511 32565 D cellinfo: 46 bytes from 44.241.174.93: icmp_seq=2354 ttl=44 time=36.4 ms
08-10 22:32:54.847 32511 32565 D cellinfo: 46 bytes from 44.241.174.93: icmp_seq=2355 ttl=44 time=41.6 ms
08-10 22:32:54.949 32511 32511 D cellinfo: Latitude is 40.6041032
08-10 22:32:54.949 32511 32511 D cellinfo: Longitude is -105.0769029
08-10 22:32:54.949 32511 32511 D cellinfo: Instantaneous GPS information: United States, 1235 N College Ave, Fort Collins, CO 80524, USA
08-10 22:32:54.949 32511 32511 D cellinfo: getCurrentLocation() result: Location (success): 40.6041032, -105.0769029
08-10 22:32:54.951 32511 32511 D cellinfo: onCellInfoChanged: Operator: T-Mobile UpdateTimestamp: 16095756 CellConnectionStatus: 0
08-10 22:32:54.951 32511 32511 D cellinfo: onCellInfoChanged: LTE Cell Bands: [2] Bandwidth: 15000 Cell ID: 5750541 Physical Cell ID: 185 Tracking Area Code: 41465 EARFCN: 875
08-10 22:32:55.043 32511 32565 D cellinfo: 46 bytes from 44.241.174.93: icmp_seq=2356 ttl=44 time=36.6 ms
08-10 22:32:55.243 32511 32565 D cellinfo: 46 bytes from 44.241.174.93: icmp_seq=2357 ttl=44 time=36.5 ms
08-10 22:32:55.443 32511 32565 D cellinfo: 46 bytes from 44.241.174.93: icmp_seq=2358 ttl=44 time=35.3 ms
08-10 22:32:55.673 32511 32565 D cellinfo: 46 bytes from 44.241.174.93: icmp_seq=2359 ttl=44 time=64.2 ms
08-10 22:32:55.814 32511 32511 D cellinfo: onsignalStrengthsChanged: LTE Signal Strength info: rsrp: -72 rsrq: -9 rssi: -51 rssnr: 12
08-10 22:32:55.814 32511 32511 D cellinfo: onsignalStrengthsChanged: 5G-NR Signal Strength info: ssrsrp: -64 ssrsrq: -11 sssinr: 2147483647
08-10 22:32:55.848 32511 32565 D cellinfo: 46 bytes from 44.241.174.93: icmp_seq=2360 ttl=44 time=38.4 ms
08-10 22:32:56.046 32511 32565 D cellinfo: 46 bytes from 44.241.174.93: icmp_seq=2361 ttl=44 time=34.9 ms
08-10 22:32:56.248 32511 32565 D cellinfo: 46 bytes from 44.241.174.93: icmp_seq=2362 ttl=44 time=36.2 ms
08-10 22:32:56.450 32511 32565 D cellinfo: 46 bytes from 44.241.174.93: icmp_seq=2363 ttl=44 time=37.8 ms
08-10 22:32:56.664 32511 32565 D cellinfo: 46 bytes from 44.241.174.93: icmp_seq=2364 ttl=44 time=49.2 ms
08-10 22:32:56.756 32511 32511 D cellinfo: onsignalStrengthsChanged: LTE Signal Strength info: rsrp: -70 rsrq: -11 rssi: -51 rssnr: 19
08-10 22:32:56.756 32511 32511 D cellinfo: onsignalStrengthsChanged: 5G-NR Signal Strength info: ssrsrp: -64 ssrsrq: -11 sssinr: 2147483647
08-10 22:32:56.853 32511 32565 D cellinfo: 46 bytes from 44.241.174.93: icmp_seq=2365 ttl=44 time=37.9 ms
08-10 22:32:57.051 32511 32565 D cellinfo: 46 bytes from 44.241.174.93: icmp_seq=2366 ttl=44 time=35.2 ms
08-10 22:32:57.250 32511 32565 D cellinfo: 46 bytes from 44.241.174.93: icmp_seq=2367 ttl=44 time=34.2 ms
08-10 22:32:57.458 32511 32565 D cellinfo: 46 bytes from 44.241.174.93: icmp_seq=2368 ttl=44 time=40.1 ms
08-10 22:32:57.657 32511 32565 D cellinfo: 46 bytes from 44.241.174.93: icmp_seq=2369 ttl=44 time=38.6 ms
08-10 22:32:57.863 32511 32565 D cellinfo: 46 bytes from 44.241.174.93: icmp_seq=2370 ttl=44 time=43.8 ms
08-10 22:32:57.946 32511 32511 D cellinfo: Latitude is 40.6034391
08-10 22:32:57.946 32511 32511 D cellinfo: Longitude is -105.076783
08-10 22:32:57.946 32511 32511 D cellinfo: Instantaneous GPS information: United States, 1229 N College Ave, Fort Collins, CO 80524, USA
08-10 22:32:57.946 32511 32511 D cellinfo: getCurrentLocation() result: Location (success): 40.6034391, -105.076783
08-10 22:32:57.950 32511 32511 D cellinfo: onCellInfoChanged: Operator: T-Mobile UpdateTimestamp: 16098765 CellConnectionStatus: 0
08-10 22:32:57.950 32511 32511 D cellinfo: onCellInfoChanged: LTE Cell Bands: [2] Bandwidth: 15000 Cell ID: 5750541 Physical Cell ID: 185 Tracking Area Code: 41465 EARFCN: 875
08-10 22:32:58.058 32511 32565 D cellinfo: 46 bytes from 44.241.174.93: icmp_seq=2371 ttl=44 time=37.8 ms
08-10 22:32:58.258 32511 32565 D cellinfo: 46 bytes from 44.241.174.93: icmp_seq=2372 ttl=44 time=37.3 ms
08-10 22:32:58.456 32511 32565 D cellinfo: 46 bytes from 44.241.174.93: icmp_seq=2373 ttl=44 time=35.0 ms
08-10 22:32:58.655 32511 32565 D cellinfo: 46 bytes from 44.241.174.93: icmp_seq=2374 ttl=44 time=32.9 ms
08-10 22:32:58.816 32511 32511 D cellinfo: onsignalStrengthsChanged: LTE Signal Strength info: rsrp: -70 rsrq: -11 rssi: -51 rssnr: 19
08-10 22:32:58.816 32511 32511 D cellinfo: onsignalStrengthsChanged: 5G-NR Signal Strength info: ssrsrp: -63 ssrsrq: -11 sssinr: 2147483647
08-10 22:32:58.864 32511 32565 D cellinfo: 46 bytes from 44.241.174.93: icmp_seq=2375 ttl=44 time=40.7 ms
08-10 22:32:59.063 32511 32565 D cellinfo: 46 bytes from 44.241.174.93: icmp_seq=2376 ttl=44 time=39.2 ms
08-10 22:32:59.263 32511 32565 D cellinfo: 46 bytes from 44.241.174.93: icmp_seq=2377 ttl=44 time=38.7 ms
08-10 22:32:59.461 32511 32565 D cellinfo: 46 bytes from 44.241.174.93: icmp_seq=2378 ttl=44 time=35.7 ms
08-10 22:32:59.660 32511 32565 D cellinfo: 46 bytes from 44.241.174.93: icmp_seq=2379 ttl=44 time=34.7 ms
08-10 22:32:59.756 32511 32511 D cellinfo: onsignalStrengthsChanged: LTE Signal Strength info: rsrp: -72 rsrq: -13 rssi: -51 rssnr: 19
08-10 22:32:59.756 32511 32511 D cellinfo: onsignalStrengthsChanged: 5G-NR Signal Strength info: ssrsrp: -63 ssrsrq: -11 sssinr: 2147483647
08-10 22:32:59.863 32511 32565 D cellinfo: 46 bytes from 44.241.174.93: icmp_seq=2380 ttl=44 time=36.7 ms
08-10 22:33:00.064 32511 32565 D cellinfo: 46 bytes from 44.241.174.93: icmp_seq=2381 ttl=44 time=37.4 ms
08-10 22:33:00.262 32511 32565 D cellinfo: 46 bytes from 44.241.174.93: icmp_seq=2382 ttl=44 time=35.0 ms
08-10 22:33:00.465 32511 32565 D cellinfo: 46 bytes from 44.241.174.93: icmp_seq=2383 ttl=44 time=37.2 ms
08-10 22:33:00.667 32511 32565 D cellinfo: 46 bytes from 44.241.174.93: icmp_seq=2384 ttl=44 time=38.5 ms
08-10 22:33:00.865 32511 32565 D cellinfo: 46 bytes from 44.241.174.93: icmp_seq=2385 ttl=44 time=34.5 ms
08-10 22:33:00.924 32511 32511 D cellinfo: Latitude is 40.6032202
08-10 22:33:00.924 32511 32511 D cellinfo: Longitude is -105.0767902
08-10 22:33:00.924 32511 32511 D cellinfo: Instantaneous GPS information: United States, 1229 N College Ave, Fort Collins, CO 80524, USA
08-10 22:33:00.924 32511 32511 D cellinfo: getCurrentLocation() result: Location (success): 40.6032202, -105.0767902
08-10 22:33:00.926 32511 32511 D cellinfo: onCellInfoChanged: Operator: T-Mobile UpdateTimestamp: 16101761 CellConnectionStatus: 0
08-10 22:33:00.926 32511 32511 D cellinfo: onCellInfoChanged: LTE Cell Bands: [2] Bandwidth: 15000 Cell ID: 5750541 Physical Cell ID: 185 Tracking Area Code: 41465 EARFCN: 875
08-10 22:33:01.065 32511 32565 D cellinfo: 46 bytes from 44.241.174.93: icmp_seq=2386 ttl=44 time=34.5 ms
08-10 22:33:01.268 32511 32565 D cellinfo: 46 bytes from 44.241.174.93: icmp_seq=2387 ttl=44 time=35.6 ms
08-10 22:33:01.468 32511 32565 D cellinfo: 46 bytes from 44.241.174.93: icmp_seq=2388 ttl=44 time=35.1 ms
08-10 22:33:01.673 32511 32565 D cellinfo: 46 bytes from 44.241.174.93: icmp_seq=2389 ttl=44 time=39.4 ms
08-10 22:33:01.814 32511 32511 D cellinfo: onsignalStrengthsChanged: LTE Signal Strength info: rsrp: -72 rsrq: -13 rssi: -51 rssnr: 19
08-10 22:33:01.814 32511 32511 D cellinfo: onsignalStrengthsChanged: 5G-NR Signal Strength info: ssrsrp: -62 ssrsrq: -11 sssinr: 2147483647
08-10 22:33:01.871 32511 32565 D cellinfo: 46 bytes from 44.241.174.93: icmp_seq=2390 ttl=44 time=36.6 ms
08-10 22:33:02.075 32511 32565 D cellinfo: 46 bytes from 44.241.174.93: icmp_seq=2391 ttl=44 time=39.4 ms
08-10 22:33:02.271 32511 32565 D cellinfo: 46 bytes from 44.241.174.93: icmp_seq=2392 ttl=44 time=34.1 ms
08-10 22:33:02.471 32511 32565 D cellinfo: 46 bytes from 44.241.174.93: icmp_seq=2393 ttl=44 time=33.4 ms
08-10 22:33:02.678 32511 32565 D cellinfo: 46 bytes from 44.241.174.93: icmp_seq=2394 ttl=44 time=39.1 ms
08-10 22:33:02.706 32511 32511 D cellinfo: onsignalStrengthsChanged: LTE Signal Strength info: rsrp: -71 rsrq: -10 rssi: -51 rssnr: 20
08-10 22:33:02.706 32511 32511 D cellinfo: onsignalStrengthsChanged: 5G-NR Signal Strength info: ssrsrp: -62 ssrsrq: -11 sssinr: 2147483647
08-10 22:33:02.879 32511 32565 D cellinfo: 46 bytes from 44.241.174.93: icmp_seq=2395 ttl=44 time=39.5 ms
08-10 22:33:03.076 32511 32565 D cellinfo: 46 bytes from 44.241.174.93: icmp_seq=2396 ttl=44 time=35.1 ms
08-10 22:33:03.275 32511 32565 D cellinfo: 46 bytes from 44.241.174.93: icmp_seq=2397 ttl=44 time=33.4 ms
08-10 22:33:03.482 32511 32565 D cellinfo: 46 bytes from 44.241.174.93: icmp_seq=2398 ttl=44 time=39.3 ms
08-10 22:33:03.681 32511 32565 D cellinfo: 46 bytes from 44.241.174.93: icmp_seq=2399 ttl=44 time=36.5 ms
08-10 22:33:03.881 32511 32565 D cellinfo: 46 bytes from 44.241.174.93: icmp_seq=2400 ttl=44 time=35.1 ms
08-10 22:33:03.939 32511 32511 D cellinfo: Latitude is 40.6025245
08-10 22:33:03.939 32511 32511 D cellinfo: Longitude is -105.0765175
08-10 22:33:03.939 32511 32511 D cellinfo: Instantaneous GPS information: United States, 1209 N College Ave, Fort Collins, CO 80524, USA
08-10 22:33:03.939 32511 32511 D cellinfo: getCurrentLocation() result: Location (success): 40.6025245, -105.0765175
08-10 22:33:03.941 32511 32511 D cellinfo: onCellInfoChanged: Operator: T-Mobile UpdateTimestamp: 16104752 CellConnectionStatus: 0
08-10 22:33:03.942 32511 32511 D cellinfo: onCellInfoChanged: LTE Cell Bands: [2] Bandwidth: 15000 Cell ID: 5750541 Physical Cell ID: 185 Tracking Area Code: 41465 EARFCN: 875
08-10 22:33:04.082 32511 32565 D cellinfo: 46 bytes from 44.241.174.93: icmp_seq=2401 ttl=44 time=36.0 ms
08-10 22:33:04.290 32511 32565 D cellinfo: 46 bytes from 44.241.174.93: icmp_seq=2402 ttl=44 time=42.8 ms
08-10 22:33:04.494 32511 32565 D cellinfo: 46 bytes from 44.241.174.93: icmp_seq=2403 ttl=44 time=45.6 ms
08-10 22:33:04.686 32511 32565 D cellinfo: 46 bytes from 44.241.174.93: icmp_seq=2404 ttl=44 time=37.2 ms
08-10 22:33:04.814 32511 32511 D cellinfo: onsignalStrengthsChanged: LTE Signal Strength info: rsrp: -71 rsrq: -10 rssi: -51 rssnr: 20
08-10 22:33:04.814 32511 32511 D cellinfo: onsignalStrengthsChanged: 5G-NR Signal Strength info: ssrsrp: -64 ssrsrq: -11 sssinr: 2147483647
08-10 22:33:04.885 32511 32565 D cellinfo: 46 bytes from 44.241.174.93: icmp_seq=2405 ttl=44 time=36.1 ms
08-10 22:33:05.086 32511 32565 D cellinfo: 46 bytes from 44.241.174.93: icmp_seq=2406 ttl=44 time=35.5 ms
08-10 22:33:05.286 32511 32565 D cellinfo: 46 bytes from 44.241.174.93: icmp_seq=2407 ttl=44 time=34.3 ms
08-10 22:33:05.486 32511 32565 D cellinfo: 46 bytes from 44.241.174.93: icmp_seq=2408 ttl=44 time=33.6 ms
08-10 22:33:05.692 32511 32565 D cellinfo: 46 bytes from 44.241.174.93: icmp_seq=2409 ttl=44 time=39.7 ms
08-10 22:33:05.758 32511 32511 D cellinfo: onsignalStrengthsChanged: LTE Signal Strength info: rsrp: -69 rsrq: -11 rssi: -51 rssnr: 23
08-10 22:33:05.758 32511 32511 D cellinfo: onsignalStrengthsChanged: 5G-NR Signal Strength info: ssrsrp: -64 ssrsrq: -11 sssinr: 2147483647
08-10 22:33:05.891 32511 32565 D cellinfo: 46 bytes from 44.241.174.93: icmp_seq=2410 ttl=44 time=37.6 ms
08-10 22:33:06.091 32511 32565 D cellinfo: 46 bytes from 44.241.174.93: icmp_seq=2411 ttl=44 time=37.3 ms
08-10 22:33:06.291 32511 32565 D cellinfo: 46 bytes from 44.241.174.93: icmp_seq=2412 ttl=44 time=36.3 ms
08-10 22:33:06.496 32511 32565 D cellinfo: 46 bytes from 44.241.174.93: icmp_seq=2413 ttl=44 time=40.2 ms
08-10 22:33:06.690 32511 32565 D cellinfo: 46 bytes from 44.241.174.93: icmp_seq=2414 ttl=44 time=33.5 ms
08-10 22:33:06.896 32511 32565 D cellinfo: 46 bytes from 44.241.174.93: icmp_seq=2415 ttl=44 time=37.8 ms
08-10 22:33:06.914 32511 32511 D cellinfo: Latitude is 40.6022369
08-10 22:33:06.914 32511 32511 D cellinfo: Longitude is -105.0770965
08-10 22:33:06.914 32511 32511 D cellinfo: Instantaneous GPS information: United States, 1203 N College Ave, Fort Collins, CO 80524, USA
08-10 22:33:06.914 32511 32511 D cellinfo: getCurrentLocation() result: Location (success): 40.6022369, -105.0770965
08-10 22:33:06.916 32511 32511 D cellinfo: onCellInfoChanged: Operator: T-Mobile UpdateTimestamp: 16107763 CellConnectionStatus: 0
08-10 22:33:06.916 32511 32511 D cellinfo: onCellInfoChanged: LTE Cell Bands: [2] Bandwidth: 15000 Cell ID: 5750541 Physical Cell ID: 185 Tracking Area Code: 41465 EARFCN: 875
08-10 22:33:07.097 32511 32565 D cellinfo: 46 bytes from 44.241.174.93: icmp_seq=2416 ttl=44 time=38.8 ms
08-10 22:33:07.297 32511 32565 D cellinfo: 46 bytes from 44.241.174.93: icmp_seq=2417 ttl=44 time=38.4 ms
08-10 22:33:07.495 32511 32565 D cellinfo: 46 bytes from 44.241.174.93: icmp_seq=2418 ttl=44 time=35.1 ms
08-10 22:33:07.698 32511 32565 D cellinfo: 46 bytes from 44.241.174.93: icmp_seq=2419 ttl=44 time=36.8 ms
08-10 22:33:07.816 32511 32511 D cellinfo: onsignalStrengthsChanged: LTE Signal Strength info: rsrp: -69 rsrq: -11 rssi: -51 rssnr: 23
08-10 22:33:07.816 32511 32511 D cellinfo: onsignalStrengthsChanged: 5G-NR Signal Strength info: ssrsrp: -72 ssrsrq: -11 sssinr: 2147483647
08-10 22:33:07.898 32511 32565 D cellinfo: 46 bytes from 44.241.174.93: icmp_seq=2420 ttl=44 time=36.1 ms
08-10 22:33:08.102 32511 32565 D cellinfo: 46 bytes from 44.241.174.93: icmp_seq=2421 ttl=44 time=39.8 ms
08-10 22:33:08.300 32511 32565 D cellinfo: 46 bytes from 44.241.174.93: icmp_seq=2422 ttl=44 time=36.8 ms
08-10 22:33:08.502 32511 32565 D cellinfo: 46 bytes from 44.241.174.93: icmp_seq=2423 ttl=44 time=38.7 ms
08-10 22:33:08.701 32511 32565 D cellinfo: 46 bytes from 44.241.174.93: icmp_seq=2424 ttl=44 time=36.4 ms
08-10 22:33:08.758 32511 32511 D cellinfo: onsignalStrengthsChanged: LTE Signal Strength info: rsrp: -76 rsrq: -11 rssi: -51 rssnr: 23
08-10 22:33:08.758 32511 32511 D cellinfo: onsignalStrengthsChanged: 5G-NR Signal Strength info: ssrsrp: -72 ssrsrq: -11 sssinr: 2147483647
08-10 22:33:08.900 32511 32565 D cellinfo: 46 bytes from 44.241.174.93: icmp_seq=2425 ttl=44 time=34.7 ms
08-10 22:33:09.101 32511 32565 D cellinfo: 46 bytes from 44.241.174.93: icmp_seq=2426 ttl=44 time=34.9 ms
08-10 22:33:09.300 32511 32565 D cellinfo: 46 bytes from 44.241.174.93: icmp_seq=2427 ttl=44 time=33.4 ms
08-10 22:33:09.507 32511 32565 D cellinfo: 46 bytes from 44.241.174.93: icmp_seq=2428 ttl=44 time=39.6 ms
08-10 22:33:09.707 32511 32565 D cellinfo: 46 bytes from 44.241.174.93: icmp_seq=2429 ttl=44 time=39.5 ms
08-10 22:33:09.905 32511 32565 D cellinfo: 46 bytes from 44.241.174.93: icmp_seq=2430 ttl=44 time=36.2 ms
08-10 22:33:09.918 32511 32511 D cellinfo: Latitude is 40.6018509
08-10 22:33:09.918 32511 32511 D cellinfo: Longitude is -105.0771271
08-10 22:33:09.919 32511 32511 D cellinfo: Instantaneous GPS information: United States, 1201 N College Ave, Fort Collins, CO 80524, USA
08-10 22:33:09.919 32511 32511 D cellinfo: getCurrentLocation() result: Location (success): 40.6018509, -105.0771271
08-10 22:33:09.920 32511 32511 D cellinfo: onCellInfoChanged: Operator: T-Mobile UpdateTimestamp: 16110759 CellConnectionStatus: 0
08-10 22:33:09.920 32511 32511 D cellinfo: onCellInfoChanged: LTE Cell Bands: [2] Bandwidth: 15000 Cell ID: 5750541 Physical Cell ID: 185 Tracking Area Code: 41465 EARFCN: 875
08-10 22:33:10.108 32511 32565 D cellinfo: 46 bytes from 44.241.174.93: icmp_seq=2431 ttl=44 time=37.5 ms
08-10 22:33:10.310 32511 32565 D cellinfo: 46 bytes from 44.241.174.93: icmp_seq=2432 ttl=44 time=38.2 ms
08-10 22:33:10.510 32511 32565 D cellinfo: 46 bytes from 44.241.174.93: icmp_seq=2433 ttl=44 time=36.8 ms
08-10 22:33:10.713 32511 32565 D cellinfo: 46 bytes from 44.241.174.93: icmp_seq=2434 ttl=44 time=39.1 ms
08-10 22:33:10.815 32511 32511 D cellinfo: onsignalStrengthsChanged: LTE Signal Strength info: rsrp: -76 rsrq: -11 rssi: -51 rssnr: 23
08-10 22:33:10.815 32511 32511 D cellinfo: onsignalStrengthsChanged: 5G-NR Signal Strength info: ssrsrp: -77 ssrsrq: -11 sssinr: 2147483647
08-10 22:33:10.918 32511 32565 D cellinfo: 46 bytes from 44.241.174.93: icmp_seq=2435 ttl=44 time=43.4 ms
08-10 22:33:11.110 32511 32565 D cellinfo: 46 bytes from 44.241.174.93: icmp_seq=2436 ttl=44 time=34.6 ms
08-10 22:33:11.315 32511 32565 D cellinfo: 46 bytes from 44.241.174.93: icmp_seq=2437 ttl=44 time=39.6 ms
08-10 22:33:11.515 32511 32565 D cellinfo: 46 bytes from 44.241.174.93: icmp_seq=2438 ttl=44 time=39.3 ms
08-10 22:33:11.666 32511 32511 D cellinfo: onsignalStrengthsChanged: LTE Signal Strength info: rsrp: -79 rsrq: -14 rssi: -51 rssnr: 23
08-10 22:33:11.666 32511 32511 D cellinfo: onsignalStrengthsChanged: 5G-NR Signal Strength info: ssrsrp: -77 ssrsrq: -11 sssinr: 2147483647
08-10 22:33:11.712 32511 32565 D cellinfo: 46 bytes from 44.241.174.93: icmp_seq=2439 ttl=44 time=35.2 ms
08-10 22:33:11.920 32511 32565 D cellinfo: 46 bytes from 44.241.174.93: icmp_seq=2440 ttl=44 time=41.8 ms
08-10 22:33:12.118 32511 32565 D cellinfo: 46 bytes from 44.241.174.93: icmp_seq=2441 ttl=44 time=39.3 ms
08-10 22:33:12.316 32511 32565 D cellinfo: 46 bytes from 44.241.174.93: icmp_seq=2442 ttl=44 time=35.8 ms
08-10 22:33:12.515 32511 32565 D cellinfo: 46 bytes from 44.241.174.93: icmp_seq=2443 ttl=44 time=34.9 ms
08-10 22:33:12.715 32511 32565 D cellinfo: 46 bytes from 44.241.174.93: icmp_seq=2444 ttl=44 time=34.1 ms
08-10 22:33:12.916 32511 32565 D cellinfo: 46 bytes from 44.241.174.93: icmp_seq=2445 ttl=44 time=33.6 ms
08-10 22:33:12.940 32511 32511 D cellinfo: Latitude is 40.6012425
08-10 22:33:12.940 32511 32511 D cellinfo: Longitude is -105.0764323
08-10 22:33:12.940 32511 32511 D cellinfo: Instantaneous GPS information: United States, 1108 N College Ave, Fort Collins, CO 80524, USA
08-10 22:33:12.940 32511 32511 D cellinfo: getCurrentLocation() result: Location (success): 40.6012425, -105.0764323
08-10 22:33:12.941 32511 32511 D cellinfo: onCellInfoChanged: Operator: T-Mobile UpdateTimestamp: 16113759 CellConnectionStatus: 0
08-10 22:33:12.941 32511 32511 D cellinfo: onCellInfoChanged: LTE Cell Bands: [2] Bandwidth: 15000 Cell ID: 5750541 Physical Cell ID: 185 Tracking Area Code: 41465 EARFCN: 875
08-10 22:33:13.122 32511 32565 D cellinfo: 46 bytes from 44.241.174.93: icmp_seq=2446 ttl=44 time=38.9 ms
08-10 22:33:13.322 32511 32565 D cellinfo: 46 bytes from 44.241.174.93: icmp_seq=2447 ttl=44 time=38.4 ms
08-10 22:33:13.521 32511 32565 D cellinfo: 46 bytes from 44.241.174.93: icmp_seq=2448 ttl=44 time=35.4 ms
08-10 22:33:13.723 32511 32565 D cellinfo: 46 bytes from 44.241.174.93: icmp_seq=2449 ttl=44 time=36.2 ms
08-10 22:33:13.815 32511 32511 D cellinfo: onsignalStrengthsChanged: LTE Signal Strength info: rsrp: -79 rsrq: -14 rssi: -51 rssnr: 23
08-10 22:33:13.815 32511 32511 D cellinfo: onsignalStrengthsChanged: 5G-NR Signal Strength info: ssrsrp: -79 ssrsrq: -11 sssinr: 2147483647
08-10 22:33:13.923 32511 32565 D cellinfo: 46 bytes from 44.241.174.93: icmp_seq=2450 ttl=44 time=35.4 ms
08-10 22:33:14.127 32511 32565 D cellinfo: 46 bytes from 44.241.174.93: icmp_seq=2451 ttl=44 time=38.9 ms
08-10 22:33:14.327 32511 32565 D cellinfo: 46 bytes from 44.241.174.93: icmp_seq=2452 ttl=44 time=38.1 ms
08-10 22:33:14.527 32511 32565 D cellinfo: 46 bytes from 44.241.174.93: icmp_seq=2453 ttl=44 time=37.2 ms
08-10 22:33:14.726 32511 32565 D cellinfo: 46 bytes from 44.241.174.93: icmp_seq=2454 ttl=44 time=34.4 ms
08-10 22:33:14.760 32511 32511 D cellinfo: onsignalStrengthsChanged: LTE Signal Strength info: rsrp: -86 rsrq: -12 rssi: -57 rssnr: 22
08-10 22:33:14.760 32511 32511 D cellinfo: onsignalStrengthsChanged: 5G-NR Signal Strength info: ssrsrp: -79 ssrsrq: -11 sssinr: 2147483647
08-10 22:33:14.930 32511 32565 D cellinfo: 46 bytes from 44.241.174.93: icmp_seq=2455 ttl=44 time=38.1 ms
08-10 22:33:15.131 32511 32565 D cellinfo: 46 bytes from 44.241.174.93: icmp_seq=2456 ttl=44 time=37.9 ms
08-10 22:33:15.330 32511 32565 D cellinfo: 46 bytes from 44.241.174.93: icmp_seq=2457 ttl=44 time=36.2 ms
08-10 22:33:15.530 32511 32565 D cellinfo: 46 bytes from 44.241.174.93: icmp_seq=2458 ttl=44 time=35.0 ms
08-10 22:33:15.730 32511 32565 D cellinfo: 46 bytes from 44.241.174.93: icmp_seq=2459 ttl=44 time=34.2 ms
08-10 22:33:15.932 32511 32565 D cellinfo: 46 bytes from 44.241.174.93: icmp_seq=2460 ttl=44 time=35.2 ms
08-10 22:33:15.933 32511 32511 D cellinfo: Latitude is 40.6006165
08-10 22:33:15.933 32511 32511 D cellinfo: Longitude is -105.076749
08-10 22:33:15.933 32511 32511 D cellinfo: Instantaneous GPS information: United States, 1023 N College Ave, Fort Collins, CO 80524, USA
08-10 22:33:15.933 32511 32511 D cellinfo: getCurrentLocation() result: Location (success): 40.6006165, -105.076749
08-10 22:33:15.935 32511 32511 D cellinfo: onCellInfoChanged: Operator: T-Mobile UpdateTimestamp: 16116769 CellConnectionStatus: 0
08-10 22:33:15.935 32511 32511 D cellinfo: onCellInfoChanged: LTE Cell Bands: [2] Bandwidth: 15000 Cell ID: 5750541 Physical Cell ID: 185 Tracking Area Code: 41465 EARFCN: 875
08-10 22:33:16.135 32511 32565 D cellinfo: 46 bytes from 44.241.174.93: icmp_seq=2461 ttl=44 time=36.5 ms
08-10 22:33:16.339 32511 32565 D cellinfo: 46 bytes from 44.241.174.93: icmp_seq=2462 ttl=44 time=39.2 ms
08-10 22:33:16.535 32511 32565 D cellinfo: 46 bytes from 44.241.174.93: icmp_seq=2463 ttl=44 time=34.8 ms
08-10 22:33:16.738 32511 32565 D cellinfo: 46 bytes from 44.241.174.93: icmp_seq=2464 ttl=44 time=37.0 ms
08-10 22:33:16.815 32511 32511 D cellinfo: onsignalStrengthsChanged: LTE Signal Strength info: rsrp: -86 rsrq: -12 rssi: -57 rssnr: 22
08-10 22:33:16.815 32511 32511 D cellinfo: onsignalStrengthsChanged: 5G-NR Signal Strength info: ssrsrp: -82 ssrsrq: -11 sssinr: 2147483647
08-10 22:33:16.943 32511 32565 D cellinfo: 46 bytes from 44.241.174.93: icmp_seq=2465 ttl=44 time=40.9 ms
08-10 22:33:17.148 32511 32565 D cellinfo: 46 bytes from 44.241.174.93: icmp_seq=2466 ttl=44 time=45.5 ms
08-10 22:33:17.345 32511 32565 D cellinfo: 46 bytes from 44.241.174.93: icmp_seq=2467 ttl=44 time=41.4 ms
08-10 22:33:17.544 32511 32565 D cellinfo: 46 bytes from 44.241.174.93: icmp_seq=2468 ttl=44 time=39.4 ms
08-10 22:33:17.745 32511 32565 D cellinfo: 46 bytes from 44.241.174.93: icmp_seq=2469 ttl=44 time=39.1 ms
08-10 22:33:17.761 32511 32511 D cellinfo: onsignalStrengthsChanged: LTE Signal Strength info: rsrp: -90 rsrq: -13 rssi: -61 rssnr: 16
08-10 22:33:17.761 32511 32511 D cellinfo: onsignalStrengthsChanged: 5G-NR Signal Strength info: ssrsrp: -82 ssrsrq: -11 sssinr: 2147483647
08-10 22:33:17.943 32511 32565 D cellinfo: 46 bytes from 44.241.174.93: icmp_seq=2470 ttl=44 time=36.1 ms
08-10 22:33:18.164 32511 32565 D cellinfo: 46 bytes from 44.241.174.93: icmp_seq=2471 ttl=44 time=56.7 ms
08-10 22:33:18.353 32511 32565 D cellinfo: 46 bytes from 44.241.174.93: icmp_seq=2472 ttl=44 time=44.8 ms
08-10 22:33:18.550 32511 32565 D cellinfo: 46 bytes from 44.241.174.93: icmp_seq=2473 ttl=44 time=41.9 ms
08-10 22:33:18.745 32511 32565 D cellinfo: 46 bytes from 44.241.174.93: icmp_seq=2474 ttl=44 time=36.1 ms
08-10 22:33:18.934 32511 32511 D cellinfo: Latitude is 40.5999381
08-10 22:33:18.934 32511 32511 D cellinfo: Longitude is -105.0768685
08-10 22:33:18.934 32511 32511 D cellinfo: Instantaneous GPS information: United States, 108 W Suniga Rd, Fort Collins, CO 80524, USA
08-10 22:33:18.934 32511 32511 D cellinfo: getCurrentLocation() result: Location (success): 40.5999381, -105.0768685
08-10 22:33:18.936 32511 32511 D cellinfo: onCellInfoChanged: Operator: T-Mobile UpdateTimestamp: 16119750 CellConnectionStatus: 0
08-10 22:33:18.936 32511 32511 D cellinfo: onCellInfoChanged: LTE Cell Bands: [2] Bandwidth: 15000 Cell ID: 5750541 Physical Cell ID: 185 Tracking Area Code: 41465 EARFCN: 875
08-10 22:33:18.949 32511 32565 D cellinfo: 46 bytes from 44.241.174.93: icmp_seq=2475 ttl=44 time=39.6 ms
08-10 22:33:19.153 32511 32565 D cellinfo: 46 bytes from 44.241.174.93: icmp_seq=2476 ttl=44 time=43.2 ms
08-10 22:33:19.348 32511 32565 D cellinfo: 46 bytes from 44.241.174.93: icmp_seq=2477 ttl=44 time=37.8 ms
08-10 22:33:19.553 32511 32565 D cellinfo: 46 bytes from 44.241.174.93: icmp_seq=2478 ttl=44 time=41.5 ms
08-10 22:33:19.754 32511 32565 D cellinfo: 46 bytes from 44.241.174.93: icmp_seq=2479 ttl=44 time=40.3 ms
08-10 22:33:19.817 32511 32511 D cellinfo: onsignalStrengthsChanged: LTE Signal Strength info: rsrp: -90 rsrq: -13 rssi: -61 rssnr: 16
08-10 22:33:19.817 32511 32511 D cellinfo: onsignalStrengthsChanged: 5G-NR Signal Strength info: ssrsrp: -84 ssrsrq: -11 sssinr: 2147483647
08-10 22:33:19.959 32511 32565 D cellinfo: 46 bytes from 44.241.174.93: icmp_seq=2480 ttl=44 time=46.1 ms
08-10 22:33:20.158 32511 32565 D cellinfo: 46 bytes from 44.241.174.93: icmp_seq=2481 ttl=44 time=43.5 ms
08-10 22:33:20.355 32511 32565 D cellinfo: 46 bytes from 44.241.174.93: icmp_seq=2482 ttl=44 time=39.3 ms
08-10 22:33:20.563 32511 32565 D cellinfo: 46 bytes from 44.241.174.93: icmp_seq=2483 ttl=44 time=45.8 ms
08-10 22:33:20.627 32511 32511 D cellinfo: onsignalStrengthsChanged: LTE Signal Strength info: rsrp: -92 rsrq: -12 rssi: -65 rssnr: 17
08-10 22:33:20.627 32511 32511 D cellinfo: onsignalStrengthsChanged: 5G-NR Signal Strength info: ssrsrp: -84 ssrsrq: -11 sssinr: 2147483647
08-10 22:33:20.758 32511 32565 D cellinfo: 46 bytes from 44.241.174.93: icmp_seq=2484 ttl=44 time=40.6 ms
08-10 22:33:20.963 32511 32565 D cellinfo: 46 bytes from 44.241.174.93: icmp_seq=2485 ttl=44 time=44.7 ms
08-10 22:33:21.163 32511 32565 D cellinfo: 46 bytes from 44.241.174.93: icmp_seq=2486 ttl=44 time=44.0 ms
08-10 22:33:21.363 32511 32565 D cellinfo: 46 bytes from 44.241.174.93: icmp_seq=2487 ttl=44 time=43.1 ms
08-10 22:33:21.559 32511 32565 D cellinfo: 46 bytes from 44.241.174.93: icmp_seq=2488 ttl=44 time=38.2 ms
08-10 22:33:21.759 32511 32565 D cellinfo: 46 bytes from 44.241.174.93: icmp_seq=2489 ttl=44 time=37.6 ms
08-10 22:33:21.948 32511 32511 D cellinfo: Latitude is 40.5993954
08-10 22:33:21.949 32511 32511 D cellinfo: Longitude is -105.0771153
08-10 22:33:21.949 32511 32511 D cellinfo: Instantaneous GPS information: United States, 905 N College Ave, Fort Collins, CO 80524, USA
08-10 22:33:21.949 32511 32511 D cellinfo: getCurrentLocation() result: Location (success): 40.5993954, -105.0771153
08-10 22:33:21.951 32511 32511 D cellinfo: onCellInfoChanged: Operator: T-Mobile UpdateTimestamp: 16122777 CellConnectionStatus: 0
08-10 22:33:21.951 32511 32511 D cellinfo: onCellInfoChanged: LTE Cell Bands: [2] Bandwidth: 15000 Cell ID: 5750541 Physical Cell ID: 185 Tracking Area Code: 41465 EARFCN: 875
08-10 22:33:21.964 32511 32565 D cellinfo: 46 bytes from 44.241.174.93: icmp_seq=2490 ttl=44 time=41.8 ms
08-10 22:33:22.165 32511 32565 D cellinfo: 46 bytes from 44.241.174.93: icmp_seq=2491 ttl=44 time=41.7 ms
08-10 22:33:22.365 32511 32565 D cellinfo: 46 bytes from 44.241.174.93: icmp_seq=2492 ttl=44 time=41.3 ms
08-10 22:33:22.568 32511 32565 D cellinfo: 46 bytes from 44.241.174.93: icmp_seq=2493 ttl=44 time=43.4 ms
08-10 22:33:22.768 32511 32565 D cellinfo: 46 bytes from 44.241.174.93: icmp_seq=2494 ttl=44 time=41.6 ms
08-10 22:33:22.815 32511 32511 D cellinfo: onsignalStrengthsChanged: LTE Signal Strength info: rsrp: -92 rsrq: -12 rssi: -65 rssnr: 17
08-10 22:33:22.815 32511 32511 D cellinfo: onsignalStrengthsChanged: 5G-NR Signal Strength info: ssrsrp: -82 ssrsrq: -11 sssinr: 2147483647
08-10 22:33:22.963 32511 32565 D cellinfo: 46 bytes from 44.241.174.93: icmp_seq=2495 ttl=44 time=36.3 ms
08-10 22:33:23.168 32511 32565 D cellinfo: 46 bytes from 44.241.174.93: icmp_seq=2496 ttl=44 time=40.4 ms
08-10 22:33:23.375 32511 32565 D cellinfo: 46 bytes from 44.241.174.93: icmp_seq=2497 ttl=44 time=46.0 ms
08-10 22:33:23.573 32511 32565 D cellinfo: 46 bytes from 44.241.174.93: icmp_seq=2498 ttl=44 time=43.9 ms
08-10 22:33:23.760 32511 32511 D cellinfo: onsignalStrengthsChanged: LTE Signal Strength info: rsrp: -92 rsrq: -14 rssi: -59 rssnr: 16
08-10 22:33:23.760 32511 32511 D cellinfo: onsignalStrengthsChanged: 5G-NR Signal Strength info: ssrsrp: -82 ssrsrq: -11 sssinr: 2147483647
08-10 22:33:23.775 32511 32565 D cellinfo: 46 bytes from 44.241.174.93: icmp_seq=2499 ttl=44 time=45.5 ms
08-10 22:33:23.965 32511 32565 D cellinfo: 46 bytes from 44.241.174.93: icmp_seq=2500 ttl=44 time=34.3 ms
08-10 22:33:24.165 32511 32565 D cellinfo: 46 bytes from 44.241.174.93: icmp_seq=2501 ttl=44 time=33.5 ms
08-10 22:33:24.377 32511 32565 D cellinfo: 46 bytes from 44.241.174.93: icmp_seq=2502 ttl=44 time=44.0 ms
08-10 22:33:24.600 32511 32565 D cellinfo: 46 bytes from 44.241.174.93: icmp_seq=2503 ttl=44 time=65.9 ms
08-10 22:33:24.770 32511 32565 D cellinfo: 46 bytes from 44.241.174.93: icmp_seq=2504 ttl=44 time=35.3 ms
08-10 22:33:24.970 32511 32565 D cellinfo: 46 bytes from 44.241.174.93: icmp_seq=2505 ttl=44 time=33.9 ms
08-10 22:33:24.970 32511 32511 D cellinfo: Latitude is 40.5988611
08-10 22:33:24.970 32511 32511 D cellinfo: Longitude is -105.0770144
08-10 22:33:24.970 32511 32511 D cellinfo: Instantaneous GPS information: United States, 899 N College Ave, Fort Collins, CO 80524, USA
08-10 22:33:24.970 32511 32511 D cellinfo: getCurrentLocation() result: Location (success): 40.5988611, -105.0770144
08-10 22:33:24.972 32511 32511 D cellinfo: onCellInfoChanged: Operator: T-Mobile UpdateTimestamp: 16125766 CellConnectionStatus: 0
08-10 22:33:24.972 32511 32511 D cellinfo: onCellInfoChanged: LTE Cell Bands: [2] Bandwidth: 15000 Cell ID: 5750541 Physical Cell ID: 185 Tracking Area Code: 41465 EARFCN: 875
08-10 22:33:25.171 32511 32565 D cellinfo: 46 bytes from 44.241.174.93: icmp_seq=2506 ttl=44 time=34.2 ms
08-10 22:33:25.371 32511 32565 D cellinfo: 46 bytes from 44.241.174.93: icmp_seq=2507 ttl=44 time=33.4 ms
08-10 22:33:25.586 32511 32565 D cellinfo: 46 bytes from 44.241.174.93: icmp_seq=2508 ttl=44 time=47.3 ms
08-10 22:33:25.777 32511 32565 D cellinfo: 46 bytes from 44.241.174.93: icmp_seq=2509 ttl=44 time=37.7 ms
08-10 22:33:25.813 32511 32511 D cellinfo: onsignalStrengthsChanged: LTE Signal Strength info: rsrp: -92 rsrq: -14 rssi: -59 rssnr: 16
08-10 22:33:25.813 32511 32511 D cellinfo: onsignalStrengthsChanged: 5G-NR Signal Strength info: ssrsrp: -83 ssrsrq: -11 sssinr: 2147483647
08-10 22:33:25.976 32511 32565 D cellinfo: 46 bytes from 44.241.174.93: icmp_seq=2510 ttl=44 time=35.6 ms
08-10 22:33:26.176 32511 32565 D cellinfo: 46 bytes from 44.241.174.93: icmp_seq=2511 ttl=44 time=35.3 ms
08-10 22:33:26.376 32511 32565 D cellinfo: 46 bytes from 44.241.174.93: icmp_seq=2512 ttl=44 time=34.0 ms
08-10 22:33:26.593 32511 32565 D cellinfo: 46 bytes from 44.241.174.93: icmp_seq=2513 ttl=44 time=51.1 ms
08-10 22:33:26.761 32511 32511 D cellinfo: onsignalStrengthsChanged: LTE Signal Strength info: rsrp: -87 rsrq: -10 rssi: -59 rssnr: 19
08-10 22:33:26.761 32511 32511 D cellinfo: onsignalStrengthsChanged: 5G-NR Signal Strength info: ssrsrp: -83 ssrsrq: -11 sssinr: 2147483647
08-10 22:33:26.783 32511 32565 D cellinfo: 46 bytes from 44.241.174.93: icmp_seq=2514 ttl=44 time=39.8 ms
08-10 22:33:26.984 32511 32565 D cellinfo: 46 bytes from 44.241.174.93: icmp_seq=2515 ttl=44 time=40.9 ms
08-10 22:33:27.182 32511 32565 D cellinfo: 46 bytes from 44.241.174.93: icmp_seq=2516 ttl=44 time=37.7 ms
08-10 22:33:27.383 32511 32565 D cellinfo: 46 bytes from 44.241.174.93: icmp_seq=2517 ttl=44 time=37.3 ms
08-10 22:33:27.583 32511 32565 D cellinfo: 46 bytes from 44.241.174.93: icmp_seq=2518 ttl=44 time=36.9 ms
08-10 22:33:27.781 32511 32565 D cellinfo: 46 bytes from 44.241.174.93: icmp_seq=2519 ttl=44 time=33.4 ms
08-10 22:33:27.907 32511 32511 D cellinfo: Latitude is 40.6002757
08-10 22:33:27.907 32511 32511 D cellinfo: Longitude is -105.0740449
08-10 22:33:27.907 32511 32511 D cellinfo: Instantaneous GPS information: United States, 1044 Jerome St, Fort Collins, CO 80524, USA
08-10 22:33:27.907 32511 32511 D cellinfo: getCurrentLocation() result: Location (success): 40.6002757, -105.0740449
08-10 22:33:27.909 32511 32511 D cellinfo: onCellInfoChanged: Operator: T-Mobile UpdateTimestamp: 16128747 CellConnectionStatus: 0
08-10 22:33:27.909 32511 32511 D cellinfo: onCellInfoChanged: LTE Cell Bands: [2] Bandwidth: 15000 Cell ID: 5750541 Physical Cell ID: 185 Tracking Area Code: 41465 EARFCN: 875
08-10 22:33:27.990 32511 32565 D cellinfo: 46 bytes from 44.241.174.93: icmp_seq=2520 ttl=44 time=41.8 ms
08-10 22:33:28.185 32511 32565 D cellinfo: 46 bytes from 44.241.174.93: icmp_seq=2521 ttl=44 time=35.6 ms
08-10 22:33:28.385 32511 32565 D cellinfo: 46 bytes from 44.241.174.93: icmp_seq=2522 ttl=44 time=34.3 ms
08-10 22:33:28.587 32511 32565 D cellinfo: 46 bytes from 44.241.174.93: icmp_seq=2523 ttl=44 time=36.4 ms
08-10 22:33:28.789 32511 32565 D cellinfo: 46 bytes from 44.241.174.93: icmp_seq=2524 ttl=44 time=36.6 ms
08-10 22:33:28.815 32511 32511 D cellinfo: onsignalStrengthsChanged: LTE Signal Strength info: rsrp: -87 rsrq: -10 rssi: -59 rssnr: 19
08-10 22:33:28.815 32511 32511 D cellinfo: onsignalStrengthsChanged: 5G-NR Signal Strength info: ssrsrp: -86 ssrsrq: -11 sssinr: 2147483647
08-10 22:33:28.987 32511 32565 D cellinfo: 46 bytes from 44.241.174.93: icmp_seq=2525 ttl=44 time=35.1 ms
08-10 22:33:29.190 32511 32565 D cellinfo: 46 bytes from 44.241.174.93: icmp_seq=2526 ttl=44 time=36.9 ms
08-10 22:33:29.393 32511 32565 D cellinfo: 46 bytes from 44.241.174.93: icmp_seq=2527 ttl=44 time=39.1 ms
08-10 22:33:29.585 32511 32511 D cellinfo: onsignalStrengthsChanged: LTE Signal Strength info: rsrp: -87 rsrq: -13 rssi: -51 rssnr: 19
08-10 22:33:29.585 32511 32511 D cellinfo: onsignalStrengthsChanged: 5G-NR Signal Strength info: ssrsrp: -86 ssrsrq: -11 sssinr: 2147483647
08-10 22:33:29.590 32511 32565 D cellinfo: 46 bytes from 44.241.174.93: icmp_seq=2528 ttl=44 time=34.2 ms
08-10 22:33:29.793 32511 32565 D cellinfo: 46 bytes from 44.241.174.93: icmp_seq=2529 ttl=44 time=35.7 ms
08-10 22:33:29.991 32511 32565 D cellinfo: 46 bytes from 44.241.174.93: icmp_seq=2530 ttl=44 time=33.3 ms
08-10 22:33:30.198 32511 32565 D cellinfo: 46 bytes from 44.241.174.93: icmp_seq=2531 ttl=44 time=39.4 ms
08-10 22:33:30.398 32511 32565 D cellinfo: 46 bytes from 44.241.174.93: icmp_seq=2532 ttl=44 time=38.4 ms
08-10 22:33:30.598 32511 32565 D cellinfo: 46 bytes from 44.241.174.93: icmp_seq=2533 ttl=44 time=37.6 ms
08-10 22:33:30.795 32511 32565 D cellinfo: 46 bytes from 44.241.174.93: icmp_seq=2534 ttl=44 time=33.8 ms
08-10 22:33:30.923 32511 32511 D cellinfo: Latitude is 40.6003274
08-10 22:33:30.923 32511 32511 D cellinfo: Longitude is -105.074116
08-10 22:33:30.923 32511 32511 D cellinfo: Instantaneous GPS information: United States, 1039 Jerome St, Fort Collins, CO 80524, USA
08-10 22:33:30.923 32511 32511 D cellinfo: getCurrentLocation() result: Location (success): 40.6003274, -105.074116
08-10 22:33:30.925 32511 32511 D cellinfo: onCellInfoChanged: Operator: T-Mobile UpdateTimestamp: 16131754 CellConnectionStatus: 0
08-10 22:33:30.925 32511 32511 D cellinfo: onCellInfoChanged: LTE Cell Bands: [2] Bandwidth: 15000 Cell ID: 5750541 Physical Cell ID: 185 Tracking Area Code: 41465 EARFCN: 875
08-10 22:33:31.000 32511 32565 D cellinfo: 46 bytes from 44.241.174.93: icmp_seq=2535 ttl=44 time=38.3 ms
08-10 22:33:31.197 32511 32565 D cellinfo: 46 bytes from 44.241.174.93: icmp_seq=2536 ttl=44 time=35.8 ms
08-10 22:33:31.395 32511 32565 D cellinfo: 46 bytes from 44.241.174.93: icmp_seq=2537 ttl=44 time=32.9 ms
08-10 22:33:31.608 32511 32565 D cellinfo: 46 bytes from 44.241.174.93: icmp_seq=2538 ttl=44 time=44.9 ms
08-10 22:33:31.803 32511 32565 D cellinfo: 46 bytes from 44.241.174.93: icmp_seq=2539 ttl=44 time=39.4 ms
08-10 22:33:31.814 32511 32511 D cellinfo: onsignalStrengthsChanged: LTE Signal Strength info: rsrp: -87 rsrq: -13 rssi: -51 rssnr: 19
08-10 22:33:31.814 32511 32511 D cellinfo: onsignalStrengthsChanged: 5G-NR Signal Strength info: ssrsrp: -87 ssrsrq: -11 sssinr: 2147483647
08-10 22:33:32.001 32511 32565 D cellinfo: 46 bytes from 44.241.174.93: icmp_seq=2540 ttl=44 time=36.1 ms
08-10 22:33:32.203 32511 32565 D cellinfo: 46 bytes from 44.241.174.93: icmp_seq=2541 ttl=44 time=38.1 ms
08-10 22:33:32.402 32511 32565 D cellinfo: 46 bytes from 44.241.174.93: icmp_seq=2542 ttl=44 time=37.2 ms
08-10 22:33:32.601 32511 32565 D cellinfo: 46 bytes from 44.241.174.93: icmp_seq=2543 ttl=44 time=34.7 ms
08-10 22:33:32.762 32511 32511 D cellinfo: onsignalStrengthsChanged: LTE Signal Strength info: rsrp: -90 rsrq: -11 rssi: -61 rssnr: 19
08-10 22:33:32.762 32511 32511 D cellinfo: onsignalStrengthsChanged: 5G-NR Signal Strength info: ssrsrp: -87 ssrsrq: -11 sssinr: 2147483647
08-10 22:33:32.803 32511 32565 D cellinfo: 46 bytes from 44.241.174.93: icmp_seq=2544 ttl=44 time=36.2 ms
08-10 22:33:33.005 32511 32565 D cellinfo: 46 bytes from 44.241.174.93: icmp_seq=2545 ttl=44 time=37.5 ms
08-10 22:33:33.203 32511 32565 D cellinfo: 46 bytes from 44.241.174.93: icmp_seq=2546 ttl=44 time=35.8 ms
08-10 22:33:33.403 32511 32565 D cellinfo: 46 bytes from 44.241.174.93: icmp_seq=2547 ttl=44 time=35.5 ms
08-10 22:33:33.608 32511 32565 D cellinfo: 46 bytes from 44.241.174.93: icmp_seq=2548 ttl=44 time=39.9 ms
08-10 22:33:33.808 32511 32565 D cellinfo: 46 bytes from 44.241.174.93: icmp_seq=2549 ttl=44 time=39.5 ms
08-10 22:33:33.945 32511 32511 D cellinfo: Latitude is 40.5985437
08-10 22:33:33.945 32511 32511 D cellinfo: Longitude is -105.0767907
08-10 22:33:33.945 32511 32511 D cellinfo: Instantaneous GPS information: United States, 825 N College Ave, Fort Collins, CO 80524, USA
08-10 22:33:33.945 32511 32511 D cellinfo: getCurrentLocation() result: Location (success): 40.5985437, -105.0767907
08-10 22:33:33.947 32511 32511 D cellinfo: onCellInfoChanged: Operator: T-Mobile UpdateTimestamp: 16134772 CellConnectionStatus: 0
08-10 22:33:33.947 32511 32511 D cellinfo: onCellInfoChanged: LTE Cell Bands: [2] Bandwidth: 15000 Cell ID: 5750541 Physical Cell ID: 185 Tracking Area Code: 41465 EARFCN: 875
08-10 22:33:34.010 32511 32565 D cellinfo: 46 bytes from 44.241.174.93: icmp_seq=2550 ttl=44 time=41.2 ms
08-10 22:33:34.205 32511 32565 D cellinfo: 46 bytes from 44.241.174.93: icmp_seq=2551 ttl=44 time=36.1 ms
08-10 22:33:34.409 32511 32565 D cellinfo: 46 bytes from 44.241.174.93: icmp_seq=2552 ttl=44 time=38.5 ms
08-10 22:33:34.611 32511 32565 D cellinfo: 46 bytes from 44.241.174.93: icmp_seq=2553 ttl=44 time=39.4 ms
08-10 22:33:34.810 32511 32565 D cellinfo: 46 bytes from 44.241.174.93: icmp_seq=2554 ttl=44 time=37.8 ms
08-10 22:33:34.816 32511 32511 D cellinfo: onsignalStrengthsChanged: LTE Signal Strength info: rsrp: -90 rsrq: -11 rssi: -61 rssnr: 19
08-10 22:33:34.816 32511 32511 D cellinfo: onsignalStrengthsChanged: 5G-NR Signal Strength info: ssrsrp: -88 ssrsrq: -11 sssinr: 2147483647
08-10 22:33:35.013 32511 32565 D cellinfo: 46 bytes from 44.241.174.93: icmp_seq=2555 ttl=44 time=39.6 ms
08-10 22:33:35.217 32511 32565 D cellinfo: 46 bytes from 44.241.174.93: icmp_seq=2556 ttl=44 time=44.9 ms
08-10 22:33:35.414 32511 32565 D cellinfo: 46 bytes from 44.241.174.93: icmp_seq=2557 ttl=44 time=41.1 ms
08-10 22:33:35.623 32511 32565 D cellinfo: 46 bytes from 44.241.174.93: icmp_seq=2558 ttl=44 time=48.8 ms
08-10 22:33:35.762 32511 32511 D cellinfo: onsignalStrengthsChanged: LTE Signal Strength info: rsrp: -93 rsrq: -15 rssi: -61 rssnr: 16
08-10 22:33:35.762 32511 32511 D cellinfo: onsignalStrengthsChanged: 5G-NR Signal Strength info: ssrsrp: -88 ssrsrq: -11 sssinr: 2147483647
08-10 22:33:35.810 32511 32565 D cellinfo: 46 bytes from 44.241.174.93: icmp_seq=2559 ttl=44 time=36.1 ms
08-10 22:33:36.013 32511 32565 D cellinfo: 46 bytes from 44.241.174.93: icmp_seq=2560 ttl=44 time=37.6 ms
08-10 22:33:36.214 32511 32565 D cellinfo: 46 bytes from 44.241.174.93: icmp_seq=2561 ttl=44 time=39.6 ms
08-10 22:33:36.420 32511 32565 D cellinfo: 46 bytes from 44.241.174.93: icmp_seq=2562 ttl=44 time=44.9 ms
08-10 22:33:36.619 32511 32565 D cellinfo: 46 bytes from 44.241.174.93: icmp_seq=2563 ttl=44 time=43.3 ms
08-10 22:33:36.823 32511 32565 D cellinfo: 46 bytes from 44.241.174.93: icmp_seq=2564 ttl=44 time=46.2 ms
08-10 22:33:36.912 32511 32511 D cellinfo: Latitude is 40.5985457
08-10 22:33:36.912 32511 32511 D cellinfo: Longitude is -105.0766777
08-10 22:33:36.912 32511 32511 D cellinfo: Instantaneous GPS information: United States, College & Alpine, Fort Collins, CO 80524, USA
08-10 22:33:36.912 32511 32511 D cellinfo: getCurrentLocation() result: Location (success): 40.5985457, -105.0766777
08-10 22:33:36.914 32511 32511 D cellinfo: onCellInfoChanged: Operator: T-Mobile UpdateTimestamp: 16137755 CellConnectionStatus: 0
08-10 22:33:36.914 32511 32511 D cellinfo: onCellInfoChanged: LTE Cell Bands: [2] Bandwidth: 15000 Cell ID: 5750541 Physical Cell ID: 185 Tracking Area Code: 41465 EARFCN: 875
08-10 22:33:37.025 32511 32565 D cellinfo: 46 bytes from 44.241.174.93: icmp_seq=2565 ttl=44 time=47.3 ms
08-10 22:33:37.210 32511 32565 D cellinfo: 46 bytes from 44.241.174.93: icmp_seq=2566 ttl=44 time=33.0 ms
08-10 22:33:37.425 32511 32565 D cellinfo: 46 bytes from 44.241.174.93: icmp_seq=2567 ttl=44 time=47.5 ms
08-10 22:33:37.625 32511 32565 D cellinfo: 46 bytes from 44.241.174.93: icmp_seq=2568 ttl=44 time=45.8 ms
08-10 22:33:37.815 32511 32511 D cellinfo: onsignalStrengthsChanged: LTE Signal Strength info: rsrp: -93 rsrq: -15 rssi: -61 rssnr: 16
08-10 22:33:37.815 32511 32511 D cellinfo: onsignalStrengthsChanged: 5G-NR Signal Strength info: ssrsrp: -91 ssrsrq: -11 sssinr: 2147483647
08-10 22:33:37.825 32511 32565 D cellinfo: 46 bytes from 44.241.174.93: icmp_seq=2569 ttl=44 time=45.0 ms
08-10 22:33:38.025 32511 32565 D cellinfo: 46 bytes from 44.241.174.93: icmp_seq=2570 ttl=44 time=44.7 ms
08-10 22:33:38.216 32511 32565 D cellinfo: 46 bytes from 44.241.174.93: icmp_seq=2571 ttl=44 time=35.3 ms
08-10 22:33:38.415 32511 32565 D cellinfo: 46 bytes from 44.241.174.93: icmp_seq=2572 ttl=44 time=33.4 ms
08-10 22:33:38.546 32511 32511 D cellinfo: onsignalStrengthsChanged: LTE Signal Strength info: rsrp: -90 rsrq: -13 rssi: -57 rssnr: 14
08-10 22:33:38.546 32511 32511 D cellinfo: onsignalStrengthsChanged: 5G-NR Signal Strength info: ssrsrp: -91 ssrsrq: -11 sssinr: 2147483647
08-10 22:33:38.641 32511 32565 D cellinfo: 46 bytes from 44.241.174.93: icmp_seq=2573 ttl=44 time=57.9 ms
08-10 22:33:38.824 32511 32565 D cellinfo: 46 bytes from 44.241.174.93: icmp_seq=2574 ttl=44 time=40.4 ms
08-10 22:33:39.030 32511 32565 D cellinfo: 46 bytes from 44.241.174.93: icmp_seq=2575 ttl=44 time=45.9 ms
08-10 22:33:39.222 32511 32565 D cellinfo: 46 bytes from 44.241.174.93: icmp_seq=2576 ttl=44 time=37.9 ms
08-10 22:33:39.421 32511 32565 D cellinfo: 46 bytes from 44.241.174.93: icmp_seq=2577 ttl=44 time=36.1 ms
08-10 22:33:39.620 32511 32565 D cellinfo: 46 bytes from 44.241.174.93: icmp_seq=2578 ttl=44 time=34.5 ms
08-10 22:33:39.830 32511 32565 D cellinfo: 46 bytes from 44.241.174.93: icmp_seq=2579 ttl=44 time=43.1 ms
08-10 22:33:39.888 32511 32511 D cellinfo: Latitude is 40.5985779
08-10 22:33:39.888 32511 32511 D cellinfo: Longitude is -105.0767912
08-10 22:33:39.888 32511 32511 D cellinfo: Instantaneous GPS information: United States, 825 N College Ave, Fort Collins, CO 80524, USA
08-10 22:33:39.888 32511 32511 D cellinfo: getCurrentLocation() result: Location (success): 40.5985779, -105.0767912
08-10 22:33:39.889 32511 32511 D cellinfo: onCellInfoChanged: Operator: T-Mobile UpdateTimestamp: 16140727 CellConnectionStatus: 0
08-10 22:33:39.889 32511 32511 D cellinfo: onCellInfoChanged: LTE Cell Bands: [2] Bandwidth: 15000 Cell ID: 5750541 Physical Cell ID: 185 Tracking Area Code: 41465 EARFCN: 875
08-10 22:33:40.022 32511 32565 D cellinfo: 46 bytes from 44.241.174.93: icmp_seq=2580 ttl=44 time=34.8 ms
08-10 22:33:40.220 32511 32565 D cellinfo: 46 bytes from 44.241.174.93: icmp_seq=2581 ttl=44 time=33.2 ms
08-10 22:33:40.437 32511 32565 D cellinfo: 46 bytes from 44.241.174.93: icmp_seq=2582 ttl=44 time=49.2 ms
08-10 22:33:40.626 32511 32565 D cellinfo: 46 bytes from 44.241.174.93: icmp_seq=2583 ttl=44 time=36.4 ms
08-10 22:33:40.815 32511 32511 D cellinfo: onsignalStrengthsChanged: LTE Signal Strength info: rsrp: -90 rsrq: -13 rssi: -57 rssnr: 14
08-10 22:33:40.815 32511 32511 D cellinfo: onsignalStrengthsChanged: 5G-NR Signal Strength info: ssrsrp: -90 ssrsrq: -11 sssinr: 2147483647
08-10 22:33:40.838 32511 32565 D cellinfo: 46 bytes from 44.241.174.93: icmp_seq=2584 ttl=44 time=47.2 ms
08-10 22:33:41.028 32511 32565 D cellinfo: 46 bytes from 44.241.174.93: icmp_seq=2585 ttl=44 time=36.7 ms
08-10 22:33:41.228 32511 32565 D cellinfo: 46 bytes from 44.241.174.93: icmp_seq=2586 ttl=44 time=36.4 ms
08-10 22:33:41.441 32511 32565 D cellinfo: 46 bytes from 44.241.174.93: icmp_seq=2587 ttl=44 time=49.6 ms
08-10 22:33:41.624 32511 32565 D cellinfo: 46 bytes from 44.241.174.93: icmp_seq=2588 ttl=44 time=33.2 ms
08-10 22:33:41.762 32511 32511 D cellinfo: onsignalStrengthsChanged: LTE Signal Strength info: rsrp: -91 rsrq: -13 rssi: -55 rssnr: 16
08-10 22:33:41.762 32511 32511 D cellinfo: onsignalStrengthsChanged: 5G-NR Signal Strength info: ssrsrp: -90 ssrsrq: -11 sssinr: 2147483647
08-10 22:33:41.830 32511 32565 D cellinfo: 46 bytes from 44.241.174.93: icmp_seq=2589 ttl=44 time=38.5 ms
08-10 22:33:42.043 32511 32565 D cellinfo: 46 bytes from 44.241.174.93: icmp_seq=2590 ttl=44 time=49.7 ms
08-10 22:33:42.230 32511 32565 D cellinfo: 46 bytes from 44.241.174.93: icmp_seq=2591 ttl=44 time=37.5 ms
08-10 22:33:42.430 32511 32565 D cellinfo: 46 bytes from 44.241.174.93: icmp_seq=2592 ttl=44 time=36.0 ms
08-10 22:33:42.632 32511 32565 D cellinfo: 46 bytes from 44.241.174.93: icmp_seq=2593 ttl=44 time=37.2 ms
08-10 22:33:42.838 32511 32565 D cellinfo: 46 bytes from 44.241.174.93: icmp_seq=2594 ttl=44 time=41.7 ms
08-10 22:33:42.912 32511 32511 D cellinfo: Latitude is 40.598625
08-10 22:33:42.912 32511 32511 D cellinfo: Longitude is -105.0763881
08-10 22:33:42.912 32511 32511 D cellinfo: Instantaneous GPS information: United States, 830 N College Ave, Fort Collins, CO 80524, USA
08-10 22:33:42.912 32511 32511 D cellinfo: getCurrentLocation() result: Location (success): 40.598625, -105.0763881
08-10 22:33:42.914 32511 32511 D cellinfo: onCellInfoChanged: Operator: T-Mobile UpdateTimestamp: 16143753 CellConnectionStatus: 0
08-10 22:33:42.914 32511 32511 D cellinfo: onCellInfoChanged: LTE Cell Bands: [2] Bandwidth: 15000 Cell ID: 5750541 Physical Cell ID: 185 Tracking Area Code: 41465 EARFCN: 875
08-10 22:33:43.030 32511 32565 D cellinfo: 46 bytes from 44.241.174.93: icmp_seq=2595 ttl=44 time=34.2 ms
08-10 22:33:43.234 32511 32565 D cellinfo: 46 bytes from 44.241.174.93: icmp_seq=2596 ttl=44 time=37.5 ms
08-10 22:33:43.430 32511 32565 D cellinfo: 46 bytes from 44.241.174.93: icmp_seq=2597 ttl=44 time=33.0 ms
08-10 22:33:43.632 32511 32565 D cellinfo: 46 bytes from 44.241.174.93: icmp_seq=2598 ttl=44 time=35.0 ms
08-10 22:33:43.816 32511 32511 D cellinfo: onsignalStrengthsChanged: LTE Signal Strength info: rsrp: -91 rsrq: -13 rssi: -55 rssnr: 16
08-10 22:33:43.816 32511 32511 D cellinfo: onsignalStrengthsChanged: 5G-NR Signal Strength info: ssrsrp: -88 ssrsrq: -11 sssinr: 2147483647
08-10 22:33:43.835 32511 32565 D cellinfo: 46 bytes from 44.241.174.93: icmp_seq=2599 ttl=44 time=36.5 ms
08-10 22:33:44.035 32511 32565 D cellinfo: 46 bytes from 44.241.174.93: icmp_seq=2600 ttl=44 time=35.3 ms
08-10 22:33:44.238 32511 32565 D cellinfo: 46 bytes from 44.241.174.93: icmp_seq=2601 ttl=44 time=38.3 ms
08-10 22:33:44.436 32511 32565 D cellinfo: 46 bytes from 44.241.174.93: icmp_seq=2602 ttl=44 time=34.4 ms
08-10 22:33:44.640 32511 32565 D cellinfo: 46 bytes from 44.241.174.93: icmp_seq=2603 ttl=44 time=37.8 ms
08-10 22:33:44.762 32511 32511 D cellinfo: onsignalStrengthsChanged: LTE Signal Strength info: rsrp: -92 rsrq: -12 rssi: -65 rssnr: 15
08-10 22:33:44.762 32511 32511 D cellinfo: onsignalStrengthsChanged: 5G-NR Signal Strength info: ssrsrp: -88 ssrsrq: -11 sssinr: 2147483647
08-10 22:33:44.842 32511 32565 D cellinfo: 46 bytes from 44.241.174.93: icmp_seq=2604 ttl=44 time=39.4 ms
08-10 22:33:45.041 32511 32565 D cellinfo: 46 bytes from 44.241.174.93: icmp_seq=2605 ttl=44 time=36.7 ms
08-10 22:33:45.242 32511 32565 D cellinfo: 46 bytes from 44.241.174.93: icmp_seq=2606 ttl=44 time=38.0 ms
08-10 22:33:45.440 32511 32565 D cellinfo: 46 bytes from 44.241.174.93: icmp_seq=2607 ttl=44 time=35.2 ms
08-10 22:33:45.640 32511 32565 D cellinfo: 46 bytes from 44.241.174.93: icmp_seq=2608 ttl=44 time=33.6 ms
08-10 22:33:45.840 32511 32565 D cellinfo: 46 bytes from 44.241.174.93: icmp_seq=2609 ttl=44 time=33.9 ms
08-10 22:33:45.928 32511 32511 D cellinfo: Latitude is 40.5986282
08-10 22:33:45.928 32511 32511 D cellinfo: Longitude is -105.0771108
