08-10 20:40:22.872 14030 14030 D cellinfo: onCellInfoChanged: Operator: T-Mobile UpdateTimestamp: 9343207 CellConnectionStatus: 0
08-10 20:40:22.872 14030 14030 D cellinfo: onCellInfoChanged: LTE Cell Bands: [2] Bandwidth: 10000 Cell ID: 26173965 Physical Cell ID: 182 Tracking Area Code: 47617 EARFCN: 852
08-10 20:40:22.872 14030 14030 D cellinfo: onServiceStateChanged: Channel Number: 852 Cell Bandwidths: [10000]
08-10 20:40:22.872 14030 14030 D cellinfo: onsignalStrengthsChanged: LTE Signal Strength info: rsrp: -115 rsrq: -12 rssi: -83 rssnr: 0
08-10 20:40:22.872 14030 14030 D cellinfo: onsignalStrengthsChanged: 5G-NR Signal Strength info: ssrsrp: -107 ssrsrq: -11 sssinr: 2147483647
08-10 20:40:22.887 14030 14080 D cellinfo: 46 bytes from 44.241.174.93: icmp_seq=791 ttl=42 time=49.8 ms
08-10 20:40:23.090 14030 14080 D cellinfo: 46 bytes from 44.241.174.93: icmp_seq=792 ttl=42 time=51.5 ms
08-10 20:40:23.298 14030 14080 D cellinfo: 46 bytes from 44.241.174.93: icmp_seq=793 ttl=42 time=57.5 ms
08-10 20:40:23.492 14030 14080 D cellinfo: 46 bytes from 44.241.174.93: icmp_seq=794 ttl=42 time=50.0 ms
08-10 20:40:23.505 14030 14030 D cellinfo: onsignalStrengthsChanged: LTE Signal Strength info: rsrp: -115 rsrq: -12 rssi: -83 rssnr: 0
08-10 20:40:23.505 14030 14030 D cellinfo: onsignalStrengthsChanged: 5G-NR Signal Strength info: ssrsrp: -111 ssrsrq: -12 sssinr: 34
08-10 20:40:23.699 14030 14080 D cellinfo: 46 bytes from 44.241.174.93: icmp_seq=795 ttl=42 time=56.0 ms
08-10 20:40:23.899 14030 14080 D cellinfo: 46 bytes from 44.241.174.93: icmp_seq=796 ttl=42 time=56.0 ms
08-10 20:40:24.091 14030 14080 D cellinfo: 46 bytes from 44.241.174.93: icmp_seq=797 ttl=42 time=47.0 ms
08-10 20:40:24.298 14030 14080 D cellinfo: 46 bytes from 44.241.174.93: icmp_seq=798 ttl=42 time=53.9 ms
08-10 20:40:24.490 14030 14080 D cellinfo: 46 bytes from 44.241.174.93: icmp_seq=799 ttl=42 time=45.2 ms
08-10 20:40:24.707 14030 14080 D cellinfo: 46 bytes from 44.241.174.93: icmp_seq=800 ttl=42 time=61.8 ms
08-10 20:40:24.900 14030 14080 D cellinfo: 46 bytes from 44.241.174.93: icmp_seq=801 ttl=42 time=54.4 ms
08-10 20:40:25.102 14030 14030 D cellinfo: onsignalStrengthsChanged: LTE Signal Strength info: rsrp: -112 rsrq: -13 rssi: -87 rssnr: 4
08-10 20:40:25.102 14030 14030 D cellinfo: onsignalStrengthsChanged: 5G-NR Signal Strength info: ssrsrp: -111 ssrsrq: -12 sssinr: 34
08-10 20:40:25.108 14030 14080 D cellinfo: 46 bytes from 44.241.174.93: icmp_seq=802 ttl=42 time=60.7 ms
08-10 20:40:25.130 14030 14030 D cellinfo: Latitude is 41.4397995
08-10 20:40:25.130 14030 14030 D cellinfo: Longitude is -105.9438469
08-10 20:40:25.130 14030 14030 D cellinfo: Instantaneous GPS information: United States, 176 Hunt Rd, Laramie, WY 82070, USA
08-10 20:40:25.130 14030 14030 D cellinfo: getCurrentLocation() result: Location (success): 41.4397995, -105.9438469
08-10 20:40:25.165 14030 14030 D cellinfo: onCellInfoChanged: Operator: T-Mobile UpdateTimestamp: 9346200 CellConnectionStatus: 0
08-10 20:40:25.165 14030 14030 D cellinfo: onCellInfoChanged: LTE Cell Bands: [2] Bandwidth: 10000 Cell ID: 25826571 Physical Cell ID: 219 Tracking Area Code: 47617 EARFCN: 852
08-10 20:40:25.302 14030 14080 D cellinfo: 46 bytes from 44.241.174.93: icmp_seq=803 ttl=42 time=53.7 ms
08-10 20:40:25.502 14030 14080 D cellinfo: 46 bytes from 44.241.174.93: icmp_seq=804 ttl=42 time=53.1 ms
08-10 20:40:25.702 14030 14080 D cellinfo: 46 bytes from 44.241.174.93: icmp_seq=805 ttl=42 time=52.8 ms
08-10 20:40:25.909 14030 14080 D cellinfo: 46 bytes from 44.241.174.93: icmp_seq=806 ttl=42 time=58.6 ms
08-10 20:40:26.102 14030 14080 D cellinfo: 46 bytes from 44.241.174.93: icmp_seq=807 ttl=42 time=50.9 ms
08-10 20:40:26.301 14030 14080 D cellinfo: 46 bytes from 44.241.174.93: icmp_seq=808 ttl=42 time=49.3 ms
08-10 20:40:26.503 14030 14080 D cellinfo: 46 bytes from 44.241.174.93: icmp_seq=809 ttl=42 time=50.1 ms
08-10 20:40:26.507 14030 14030 D cellinfo: onsignalStrengthsChanged: LTE Signal Strength info: rsrp: -112 rsrq: -13 rssi: -87 rssnr: 4
08-10 20:40:26.507 14030 14030 D cellinfo: onsignalStrengthsChanged: 5G-NR Signal Strength info: ssrsrp: -110 ssrsrq: -12 sssinr: 2147483647
08-10 20:40:26.708 14030 14080 D cellinfo: 46 bytes from 44.241.174.93: icmp_seq=810 ttl=42 time=55.1 ms
08-10 20:40:26.909 14030 14080 D cellinfo: 46 bytes from 44.241.174.93: icmp_seq=811 ttl=42 time=54.5 ms
08-10 20:40:27.121 14030 14080 D cellinfo: 46 bytes from 44.241.174.93: icmp_seq=812 ttl=42 time=65.4 ms
08-10 20:40:27.320 14030 14080 D cellinfo: 46 bytes from 44.241.174.93: icmp_seq=813 ttl=42 time=62.8 ms
08-10 20:40:27.341 14030 14030 D cellinfo: onsignalStrengthsChanged: LTE Signal Strength info: rsrp: -113 rsrq: -10 rssi: -77 rssnr: 4
08-10 20:40:27.341 14030 14030 D cellinfo: onsignalStrengthsChanged: 5G-NR Signal Strength info: ssrsrp: -110 ssrsrq: -12 sssinr: 2147483647
08-10 20:40:27.511 14030 14080 D cellinfo: 46 bytes from 44.241.174.93: icmp_seq=814 ttl=42 time=54.5 ms
08-10 20:40:27.712 14030 14080 D cellinfo: 46 bytes from 44.241.174.93: icmp_seq=815 ttl=42 time=53.7 ms
08-10 20:40:27.919 14030 14080 D cellinfo: 46 bytes from 44.241.174.93: icmp_seq=816 ttl=42 time=59.0 ms
08-10 20:40:28.119 14030 14080 D cellinfo: 46 bytes from 44.241.174.93: icmp_seq=817 ttl=42 time=59.1 ms
08-10 20:40:28.148 14030 14030 D cellinfo: onCellInfoChanged: Operator: T-Mobile UpdateTimestamp: 9349184 CellConnectionStatus: 0
08-10 20:40:28.148 14030 14030 D cellinfo: onCellInfoChanged: LTE Cell Bands: [2] Bandwidth: 10000 Cell ID: 25826571 Physical Cell ID: 219 Tracking Area Code: 47617 EARFCN: 852
08-10 20:40:28.311 14030 14080 D cellinfo: 46 bytes from 44.241.174.93: icmp_seq=818 ttl=42 time=49.7 ms
08-10 20:40:28.526 14030 14080 D cellinfo: 46 bytes from 44.241.174.93: icmp_seq=819 ttl=42 time=62.0 ms
08-10 20:40:28.718 14030 14080 D cellinfo: 46 bytes from 44.241.174.93: icmp_seq=820 ttl=42 time=53.3 ms
08-10 20:40:28.921 14030 14080 D cellinfo: 46 bytes from 44.241.174.93: icmp_seq=821 ttl=42 time=55.9 ms
08-10 20:40:29.119 14030 14080 D cellinfo: 46 bytes from 44.241.174.93: icmp_seq=822 ttl=42 time=52.6 ms
08-10 20:40:29.322 14030 14080 D cellinfo: 46 bytes from 44.241.174.93: icmp_seq=823 ttl=42 time=54.7 ms
08-10 20:40:29.507 14030 14030 D cellinfo: onsignalStrengthsChanged: LTE Signal Strength info: rsrp: -113 rsrq: -10 rssi: -77 rssnr: 4
08-10 20:40:29.507 14030 14030 D cellinfo: onsignalStrengthsChanged: 5G-NR Signal Strength info: ssrsrp: -106 ssrsrq: -12 sssinr: 2147483647
08-10 20:40:29.523 14030 14080 D cellinfo: 46 bytes from 44.241.174.93: icmp_seq=824 ttl=42 time=54.3 ms
08-10 20:40:29.719 14030 14080 D cellinfo: 46 bytes from 44.241.174.93: icmp_seq=825 ttl=42 time=49.3 ms
08-10 20:40:29.922 14030 14080 D cellinfo: 46 bytes from 44.241.174.93: icmp_seq=826 ttl=42 time=51.6 ms
08-10 20:40:30.123 14030 14080 D cellinfo: 46 bytes from 44.241.174.93: icmp_seq=827 ttl=42 time=50.4 ms
08-10 20:40:30.288 14030 14030 D cellinfo: Latitude is 41.4397108
08-10 20:40:30.288 14030 14030 D cellinfo: Longitude is -105.9421628
08-10 20:40:30.288 14030 14030 D cellinfo: Instantaneous GPS information: United States, 168 Hunt Rd, Laramie, WY 82070, USA
08-10 20:40:30.288 14030 14030 D cellinfo: getCurrentLocation() result: Location (success): 41.4397108, -105.9421628
08-10 20:40:30.321 14030 14080 D cellinfo: 46 bytes from 44.241.174.93: icmp_seq=828 ttl=42 time=46.3 ms
08-10 20:40:30.531 14030 14080 D cellinfo: 46 bytes from 44.241.174.93: icmp_seq=829 ttl=42 time=55.5 ms
08-10 20:40:30.730 14030 14080 D cellinfo: 46 bytes from 44.241.174.93: icmp_seq=830 ttl=42 time=53.1 ms
08-10 20:40:30.930 14030 14080 D cellinfo: 46 bytes from 44.241.174.93: icmp_seq=831 ttl=42 time=51.8 ms
08-10 20:40:31.113 14030 14030 D cellinfo: Latitude is 41.4397108
08-10 20:40:31.113 14030 14030 D cellinfo: Longitude is -105.9421628
08-10 20:40:31.113 14030 14030 D cellinfo: Instantaneous GPS information: United States, 168 Hunt Rd, Laramie, WY 82070, USA
08-10 20:40:31.113 14030 14030 D cellinfo: getCurrentLocation() result: Location (success): 41.4397108, -105.9421628
08-10 20:40:31.130 14030 14080 D cellinfo: 46 bytes from 44.241.174.93: icmp_seq=832 ttl=42 time=50.4 ms
08-10 20:40:31.171 14030 14030 D cellinfo: onCellInfoChanged: Operator: T-Mobile UpdateTimestamp: 9352204 CellConnectionStatus: 0
08-10 20:40:31.171 14030 14030 D cellinfo: onCellInfoChanged: LTE Cell Bands: [2] Bandwidth: 10000 Cell ID: 25826571 Physical Cell ID: 219 Tracking Area Code: 47617 EARFCN: 852
08-10 20:40:31.331 14030 14080 D cellinfo: 46 bytes from 44.241.174.93: icmp_seq=833 ttl=42 time=49.3 ms
08-10 20:40:31.531 14030 14080 D cellinfo: 46 bytes from 44.241.174.93: icmp_seq=834 ttl=42 time=48.3 ms
08-10 20:40:31.731 14030 14080 D cellinfo: 46 bytes from 44.241.174.93: icmp_seq=835 ttl=42 time=47.7 ms
08-10 20:40:31.820 14030 14030 D cellinfo: onsignalStrengthsChanged: LTE Signal Strength info: rsrp: -109 rsrq: -11 rssi: -77 rssnr: 6
08-10 20:40:31.820 14030 14030 D cellinfo: onsignalStrengthsChanged: 5G-NR Signal Strength info: ssrsrp: -106 ssrsrq: -12 sssinr: 2147483647
08-10 20:40:31.931 14030 14080 D cellinfo: 46 bytes from 44.241.174.93: icmp_seq=836 ttl=42 time=46.3 ms
08-10 20:40:32.138 14030 14080 D cellinfo: 46 bytes from 44.241.174.93: icmp_seq=837 ttl=42 time=52.5 ms
08-10 20:40:32.349 14030 14080 D cellinfo: 46 bytes from 44.241.174.93: icmp_seq=838 ttl=42 time=62.7 ms
08-10 20:40:32.505 14030 14030 D cellinfo: onsignalStrengthsChanged: LTE Signal Strength info: rsrp: -109 rsrq: -11 rssi: -77 rssnr: 6
08-10 20:40:32.505 14030 14030 D cellinfo: onsignalStrengthsChanged: 5G-NR Signal Strength info: ssrsrp: -105 ssrsrq: -13 sssinr: 4
08-10 20:40:32.549 14030 14080 D cellinfo: 46 bytes from 44.241.174.93: icmp_seq=839 ttl=42 time=62.6 ms
08-10 20:40:32.749 14030 14080 D cellinfo: 46 bytes from 44.241.174.93: icmp_seq=840 ttl=42 time=61.2 ms
08-10 20:40:32.941 14030 14080 D cellinfo: 46 bytes from 44.241.174.93: icmp_seq=841 ttl=42 time=52.7 ms
08-10 20:40:33.143 14030 14080 D cellinfo: 46 bytes from 44.241.174.93: icmp_seq=842 ttl=42 time=53.1 ms
08-10 20:40:33.341 14030 14080 D cellinfo: 46 bytes from 44.241.174.93: icmp_seq=843 ttl=42 time=50.0 ms
08-10 20:40:33.540 14030 14080 D cellinfo: 46 bytes from 44.241.174.93: icmp_seq=844 ttl=42 time=48.9 ms
08-10 20:40:33.741 14030 14080 D cellinfo: 46 bytes from 44.241.174.93: icmp_seq=845 ttl=42 time=48.7 ms
08-10 20:40:33.941 14030 14080 D cellinfo: 46 bytes from 44.241.174.93: icmp_seq=846 ttl=42 time=47.3 ms
08-10 20:40:34.025 14030 14030 D cellinfo: onsignalStrengthsChanged: LTE Signal Strength info: rsrp: -109 rsrq: -11 rssi: -77 rssnr: 6
08-10 20:40:34.025 14030 14030 D cellinfo: onsignalStrengthsChanged: 5G-NR Signal Strength info: ssrsrp: -103 ssrsrq: -14 sssinr: -16
08-10 20:40:34.066 14030 14030 D cellinfo: onsignalStrengthsChanged: LTE Signal Strength info: rsrp: -107 rsrq: -9 rssi: -83 rssnr: 10
08-10 20:40:34.066 14030 14030 D cellinfo: onsignalStrengthsChanged: 5G-NR Signal Strength info: ssrsrp: -103 ssrsrq: -14 sssinr: -16
08-10 20:40:34.140 14030 14080 D cellinfo: 46 bytes from 44.241.174.93: icmp_seq=847 ttl=42 time=45.4 ms
08-10 20:40:34.352 14030 14080 D cellinfo: 46 bytes from 44.241.174.93: icmp_seq=848 ttl=42 time=55.4 ms
08-10 20:40:34.397 14030 14030 D cellinfo: Latitude is 41.4397078
08-10 20:40:34.397 14030 14030 D cellinfo: Longitude is -105.9419479
08-10 20:40:34.397 14030 14030 D cellinfo: Instantaneous GPS information: United States, 168 Hunt Rd, Laramie, WY 82070, USA
08-10 20:40:34.397 14030 14030 D cellinfo: getCurrentLocation() result: Location (success): 41.4397078, -105.9419479
08-10 20:40:34.399 14030 14030 D cellinfo: onCellInfoChanged: Operator: T-Mobile UpdateTimestamp: 9355171 CellConnectionStatus: 0
08-10 20:40:34.399 14030 14030 D cellinfo: onCellInfoChanged: LTE Cell Bands: [2] Bandwidth: 10000 Cell ID: 25826571 Physical Cell ID: 219 Tracking Area Code: 47617 EARFCN: 852
08-10 20:40:34.551 14030 14080 D cellinfo: 46 bytes from 44.241.174.93: icmp_seq=849 ttl=42 time=52.4 ms
08-10 20:40:34.751 14030 14080 D cellinfo: 46 bytes from 44.241.174.93: icmp_seq=850 ttl=42 time=50.8 ms
08-10 20:40:34.951 14030 14080 D cellinfo: 46 bytes from 44.241.174.93: icmp_seq=851 ttl=42 time=50.0 ms
08-10 20:40:35.151 14030 14080 D cellinfo: 46 bytes from 44.241.174.93: icmp_seq=852 ttl=42 time=49.3 ms
08-10 20:40:35.352 14030 14080 D cellinfo: 46 bytes from 44.241.174.93: icmp_seq=853 ttl=42 time=49.8 ms
08-10 20:40:35.505 14030 14030 D cellinfo: onsignalStrengthsChanged: LTE Signal Strength info: rsrp: -107 rsrq: -9 rssi: -83 rssnr: 10
08-10 20:40:35.505 14030 14030 D cellinfo: onsignalStrengthsChanged: 5G-NR Signal Strength info: ssrsrp: -101 ssrsrq: -13 sssinr: 5
08-10 20:40:35.550 14030 14080 D cellinfo: 46 bytes from 44.241.174.93: icmp_seq=854 ttl=42 time=47.5 ms
08-10 20:40:35.760 14030 14080 D cellinfo: 46 bytes from 44.241.174.93: icmp_seq=855 ttl=42 time=55.7 ms
08-10 20:40:35.952 14030 14080 D cellinfo: 46 bytes from 44.241.174.93: icmp_seq=856 ttl=42 time=46.6 ms
08-10 20:40:36.161 14030 14080 D cellinfo: 46 bytes from 44.241.174.93: icmp_seq=857 ttl=42 time=54.8 ms
08-10 20:40:36.301 14030 14030 D cellinfo: onsignalStrengthsChanged: LTE Signal Strength info: rsrp: -113 rsrq: -12 rssi: -85 rssnr: 1
08-10 20:40:36.301 14030 14030 D cellinfo: onsignalStrengthsChanged: 5G-NR Signal Strength info: ssrsrp: -101 ssrsrq: -13 sssinr: 5
08-10 20:40:36.359 14030 14080 D cellinfo: 46 bytes from 44.241.174.93: icmp_seq=858 ttl=42 time=52.4 ms
08-10 20:40:36.561 14030 14080 D cellinfo: 46 bytes from 44.241.174.93: icmp_seq=859 ttl=42 time=53.5 ms
08-10 20:40:36.761 14030 14080 D cellinfo: 46 bytes from 44.241.174.93: icmp_seq=860 ttl=42 time=52.8 ms
08-10 20:40:36.961 14030 14080 D cellinfo: 46 bytes from 44.241.174.93: icmp_seq=861 ttl=42 time=52.1 ms
08-10 20:40:37.160 14030 14080 D cellinfo: 46 bytes from 44.241.174.93: icmp_seq=862 ttl=42 time=50.9 ms
08-10 20:40:37.369 14030 14080 D cellinfo: 46 bytes from 44.241.174.93: icmp_seq=863 ttl=42 time=58.1 ms
08-10 20:40:37.472 14030 14030 D cellinfo: Latitude is 41.4397012
08-10 20:40:37.472 14030 14030 D cellinfo: Longitude is -105.9414627
08-10 20:40:37.472 14030 14030 D cellinfo: Instantaneous GPS information: United States, 168 Hunt Rd, Laramie, WY 82070, USA
08-10 20:40:37.472 14030 14030 D cellinfo: getCurrentLocation() result: Location (success): 41.4397012, -105.9414627
08-10 20:40:37.475 14030 14030 D cellinfo: onCellInfoChanged: Operator: T-Mobile UpdateTimestamp: 9358210 CellConnectionStatus: 0
08-10 20:40:37.475 14030 14030 D cellinfo: onCellInfoChanged: LTE Cell Bands: [2] Bandwidth: 10000 Cell ID: 25826571 Physical Cell ID: 219 Tracking Area Code: 47617 EARFCN: 852
08-10 20:40:37.568 14030 14080 D cellinfo: 46 bytes from 44.241.174.93: icmp_seq=864 ttl=42 time=56.4 ms
08-10 20:40:37.760 14030 14080 D cellinfo: 46 bytes from 44.241.174.93: icmp_seq=865 ttl=42 time=47.4 ms
08-10 20:40:37.967 14030 14080 D cellinfo: 46 bytes from 44.241.174.93: icmp_seq=866 ttl=42 time=52.9 ms
08-10 20:40:38.160 14030 14080 D cellinfo: 46 bytes from 44.241.174.93: icmp_seq=867 ttl=42 time=45.9 ms
08-10 20:40:38.370 14030 14080 D cellinfo: 46 bytes from 44.241.174.93: icmp_seq=868 ttl=42 time=55.4 ms
08-10 20:40:38.505 14030 14030 D cellinfo: onsignalStrengthsChanged: LTE Signal Strength info: rsrp: -113 rsrq: -12 rssi: -85 rssnr: 1
08-10 20:40:38.505 14030 14030 D cellinfo: onsignalStrengthsChanged: 5G-NR Signal Strength info: ssrsrp: -99 ssrsrq: -12 sssinr: 2147483647
08-10 20:40:38.631 14030 14080 D cellinfo: 46 bytes from 44.241.174.93: icmp_seq=869 ttl=42 time=115 ms
08-10 20:40:38.791 14030 14080 D cellinfo: 46 bytes from 44.241.174.93: icmp_seq=870 ttl=42 time=73.6 ms
08-10 20:40:39.111 14030 14080 D cellinfo: 46 bytes from 44.241.174.93: icmp_seq=871 ttl=42 time=191 ms
08-10 20:40:39.179 14030 14080 D cellinfo: 46 bytes from 44.241.174.93: icmp_seq=872 ttl=42 time=60.7 ms
08-10 20:40:39.431 14030 14080 D cellinfo: 46 bytes from 44.241.174.93: icmp_seq=873 ttl=42 time=111 ms
08-10 20:40:39.591 14030 14080 D cellinfo: 46 bytes from 44.241.174.93: icmp_seq=874 ttl=42 time=70.0 ms
08-10 20:40:39.911 14030 14080 D cellinfo: 46 bytes from 44.241.174.93: icmp_seq=875 ttl=42 time=189 ms
08-10 20:40:39.971 14030 14080 D cellinfo: 46 bytes from 44.241.174.93: icmp_seq=876 ttl=42 time=47.9 ms
08-10 20:40:40.232 14030 14080 D cellinfo: 46 bytes from 44.241.174.93: icmp_seq=877 ttl=42 time=108 ms
08-10 20:40:40.392 14030 14080 D cellinfo: 46 bytes from 44.241.174.93: icmp_seq=878 ttl=42 time=66.5 ms
08-10 20:40:40.492 14030 14030 D cellinfo: Latitude is 41.439698
08-10 20:40:40.492 14030 14030 D cellinfo: Longitude is -105.9412359
08-10 20:40:40.492 14030 14030 D cellinfo: Instantaneous GPS information: United States, Dwight D. Eisenhower Hwy, Laramie, WY 82070, USA
08-10 20:40:40.492 14030 14030 D cellinfo: getCurrentLocation() result: Location (success): 41.439698, -105.9412359
08-10 20:40:40.494 14030 14030 D cellinfo: onCellInfoChanged: Operator: T-Mobile UpdateTimestamp: 9361209 CellConnectionStatus: 0
08-10 20:40:40.494 14030 14030 D cellinfo: onCellInfoChanged: LTE Cell Bands: [2] Bandwidth: 10000 Cell ID: 25826571 Physical Cell ID: 219 Tracking Area Code: 47617 EARFCN: 852
08-10 20:40:40.711 14030 14080 D cellinfo: 46 bytes from 44.241.174.93: icmp_seq=879 ttl=42 time=184 ms
08-10 20:40:40.771 14030 14080 D cellinfo: 46 bytes from 44.241.174.93: icmp_seq=880 ttl=42 time=43.1 ms
08-10 20:40:40.784 14030 14030 D cellinfo: onsignalStrengthsChanged: LTE Signal Strength info: rsrp: -109 rsrq: -9 rssi: -81 rssnr: 9
08-10 20:40:40.784 14030 14030 D cellinfo: onsignalStrengthsChanged: 5G-NR Signal Strength info: ssrsrp: -99 ssrsrq: -12 sssinr: 2147483647
08-10 20:40:41.031 14030 14080 D cellinfo: 46 bytes from 44.241.174.93: icmp_seq=881 ttl=42 time=102 ms
08-10 20:40:41.199 14030 14080 D cellinfo: 46 bytes from 44.241.174.93: icmp_seq=882 ttl=42 time=71.8 ms
08-10 20:40:41.506 14030 14030 D cellinfo: onsignalStrengthsChanged: LTE Signal Strength info: rsrp: -109 rsrq: -9 rssi: -81 rssnr: 9
08-10 20:40:41.506 14030 14030 D cellinfo: onsignalStrengthsChanged: 5G-NR Signal Strength info: ssrsrp: -104 ssrsrq: -13 sssinr: 32
08-10 20:40:41.512 14030 14080 D cellinfo: 46 bytes from 44.241.174.93: icmp_seq=883 ttl=42 time=183 ms
08-10 20:40:41.600 14030 14080 D cellinfo: 46 bytes from 44.241.174.93: icmp_seq=884 ttl=42 time=71.2 ms
08-10 20:40:41.831 14030 14080 D cellinfo: 46 bytes from 44.241.174.93: icmp_seq=885 ttl=42 time=102 ms
08-10 20:40:41.991 14030 14080 D cellinfo: 46 bytes from 44.241.174.93: icmp_seq=886 ttl=42 time=61.7 ms
08-10 20:40:42.311 14030 14080 D cellinfo: 46 bytes from 44.241.174.93: icmp_seq=887 ttl=42 time=180 ms
08-10 20:40:42.390 14030 14080 D cellinfo: 46 bytes from 44.241.174.93: icmp_seq=888 ttl=42 time=58.7 ms
08-10 20:40:42.645 14030 14080 D cellinfo: 46 bytes from 44.241.174.93: icmp_seq=889 ttl=42 time=112 ms
08-10 20:40:42.787 14030 14080 D cellinfo: 46 bytes from 44.241.174.93: icmp_seq=890 ttl=42 time=52.6 ms
08-10 20:40:43.020 14030 14030 D cellinfo: onsignalStrengthsChanged: LTE Signal Strength info: rsrp: -109 rsrq: -12 rssi: -81 rssnr: 8
08-10 20:40:43.021 14030 14030 D cellinfo: onsignalStrengthsChanged: 5G-NR Signal Strength info: ssrsrp: -104 ssrsrq: -13 sssinr: 32
08-10 20:40:43.111 14030 14080 D cellinfo: 46 bytes from 44.241.174.93: icmp_seq=891 ttl=42 time=175 ms
08-10 20:40:43.146 14030 14030 D cellinfo: onCellInfoChanged: Operator: T-Mobile UpdateTimestamp: 9364180 CellConnectionStatus: 0
08-10 20:40:43.146 14030 14030 D cellinfo: onCellInfoChanged: LTE Cell Bands: [2] Bandwidth: 10000 Cell ID: 25826571 Physical Cell ID: 219 Tracking Area Code: 47617 EARFCN: 852
08-10 20:40:43.191 14030 14080 D cellinfo: 46 bytes from 44.241.174.93: icmp_seq=892 ttl=42 time=55.3 ms
08-10 20:40:43.431 14030 14080 D cellinfo: 46 bytes from 44.241.174.93: icmp_seq=893 ttl=42 time=94.5 ms
08-10 20:40:43.751 14030 14080 D cellinfo: 46 bytes from 44.241.174.93: icmp_seq=894 ttl=42 time=213 ms
08-10 20:40:43.799 14030 14080 D cellinfo: 46 bytes from 44.241.174.93: icmp_seq=895 ttl=42 time=59.6 ms
08-10 20:40:44.079 14030 14080 D cellinfo: 46 bytes from 44.241.174.93: icmp_seq=896 ttl=42 time=138 ms
08-10 20:40:44.399 14030 14080 D cellinfo: 46 bytes from 44.241.174.93: icmp_seq=897 ttl=42 time=258 ms
08-10 20:40:44.400 14030 14080 D cellinfo: 46 bytes from 44.241.174.93: icmp_seq=898 ttl=42 time=57.2 ms
08-10 20:40:44.505 14030 14030 D cellinfo: onsignalStrengthsChanged: LTE Signal Strength info: rsrp: -109 rsrq: -12 rssi: -81 rssnr: 8
08-10 20:40:44.505 14030 14030 D cellinfo: onsignalStrengthsChanged: 5G-NR Signal Strength info: ssrsrp: -108 ssrsrq: -14 sssinr: -3
08-10 20:40:44.715 14030 14080 D cellinfo: 46 bytes from 44.241.174.93: icmp_seq=899 ttl=42 time=171 ms
08-10 20:40:44.799 14030 14080 D cellinfo: 46 bytes from 44.241.174.93: icmp_seq=900 ttl=42 time=55.3 ms
08-10 20:40:45.034 14030 14080 D cellinfo: 46 bytes from 44.241.174.93: icmp_seq=901 ttl=42 time=88.2 ms
08-10 20:40:45.351 14030 14080 D cellinfo: 46 bytes from 44.241.174.93: icmp_seq=902 ttl=42 time=204 ms
08-10 20:40:45.402 14030 14080 D cellinfo: 46 bytes from 44.241.174.93: icmp_seq=903 ttl=42 time=52.7 ms
08-10 20:40:45.503 14030 14030 D cellinfo: Latitude is 41.4395226
08-10 20:40:45.503 14030 14030 D cellinfo: Longitude is -105.938564
08-10 20:40:45.503 14030 14030 D cellinfo: Instantaneous GPS information: United States, Dwight D. Eisenhower Hwy, Laramie, WY 82070, USA
08-10 20:40:45.503 14030 14030 D cellinfo: getCurrentLocation() result: Location (success): 41.4395226, -105.938564
08-10 20:40:45.505 14030 14030 D cellinfo: onsignalStrengthsChanged: LTE Signal Strength info: rsrp: -112 rsrq: -16 rssi: -81 rssnr: 0
08-10 20:40:45.505 14030 14030 D cellinfo: onsignalStrengthsChanged: 5G-NR Signal Strength info: ssrsrp: -108 ssrsrq: -14 sssinr: -3
08-10 20:40:45.671 14030 14080 D cellinfo: 46 bytes from 44.241.174.93: icmp_seq=904 ttl=42 time=121 ms
08-10 20:40:45.831 14030 14080 D cellinfo: 46 bytes from 44.241.174.93: icmp_seq=905 ttl=42 time=81.2 ms
08-10 20:40:46.110 14030 14030 D cellinfo: Latitude is 41.4395226
08-10 20:40:46.110 14030 14030 D cellinfo: Longitude is -105.938564
08-10 20:40:46.110 14030 14030 D cellinfo: Instantaneous GPS information: United States, Dwight D. Eisenhower Hwy, Laramie, WY 82070, USA
08-10 20:40:46.110 14030 14030 D cellinfo: getCurrentLocation() result: Location (success): 41.4395226, -105.938564
08-10 20:40:46.151 14030 14080 D cellinfo: 46 bytes from 44.241.174.93: icmp_seq=906 ttl=42 time=200 ms
08-10 20:40:46.161 14030 14030 D cellinfo: onCellInfoChanged: Operator: T-Mobile UpdateTimestamp: 9367192 CellConnectionStatus: 0
08-10 20:40:46.161 14030 14030 D cellinfo: onCellInfoChanged: LTE Cell Bands: [2] Bandwidth: 10000 Cell ID: 25826571 Physical Cell ID: 219 Tracking Area Code: 47617 EARFCN: 852
08-10 20:40:46.201 14030 14080 D cellinfo: 46 bytes from 44.241.174.93: icmp_seq=907 ttl=42 time=49.7 ms
08-10 20:40:46.479 14030 14080 D cellinfo: 46 bytes from 44.241.174.93: icmp_seq=908 ttl=42 time=126 ms
08-10 20:40:46.792 14030 14080 D cellinfo: 46 bytes from 44.241.174.93: icmp_seq=909 ttl=42 time=237 ms
08-10 20:40:46.827 14030 14080 D cellinfo: 46 bytes from 44.241.174.93: icmp_seq=910 ttl=42 time=71.6 ms
08-10 20:40:47.111 14030 14080 D cellinfo: 46 bytes from 44.241.174.93: icmp_seq=911 ttl=42 time=154 ms
08-10 20:40:47.304 14030 14080 D cellinfo: 46 bytes from 44.241.174.93: icmp_seq=912 ttl=42 time=147 ms
08-10 20:40:47.325 14030 14030 D cellinfo: onServiceStateChanged: Channel Number: 852 Cell Bandwidths: [10000]
08-10 20:40:47.345 14030 14030 D cellinfo: onsignalStrengthsChanged: LTE Signal Strength info: rsrp: -112 rsrq: -16 rssi: -81 rssnr: 0
08-10 20:40:47.361 14030 14030 D cellinfo: onServiceStateChanged: Channel Number: 852 Cell Bandwidths: [10000, 5000]
08-10 20:40:47.427 14030 14080 D cellinfo: 46 bytes from 44.241.174.93: icmp_seq=913 ttl=42 time=69.8 ms
08-10 20:40:47.655 14030 14080 D cellinfo: 46 bytes from 44.241.174.93: icmp_seq=914 ttl=42 time=96.0 ms
08-10 20:40:47.828 14030 14080 D cellinfo: 46 bytes from 44.241.174.93: icmp_seq=915 ttl=42 time=68.7 ms
08-10 20:40:48.059 14030 14080 D cellinfo: 46 bytes from 44.241.174.93: icmp_seq=916 ttl=42 time=97.4 ms
08-10 20:40:48.194 14030 14030 D cellinfo: onsignalStrengthsChanged: LTE Signal Strength info: rsrp: -112 rsrq: -16 rssi: -81 rssnr: 0
08-10 20:40:48.194 14030 14030 D cellinfo: onsignalStrengthsChanged: 5G-NR Signal Strength info: ssrsrp: -108 ssrsrq: -14 sssinr: -3
08-10 20:40:48.230 14030 14030 D cellinfo: onServiceStateChanged: Channel Number: 852 Cell Bandwidths: [10000, 5000]
08-10 20:40:48.327 14030 14080 D cellinfo: 46 bytes from 44.241.174.93: icmp_seq=917 ttl=42 time=165 ms
08-10 20:40:48.419 14030 14080 D cellinfo: 46 bytes from 44.241.174.93: icmp_seq=918 ttl=42 time=55.2 ms
08-10 20:40:48.617 14030 14080 D cellinfo: 46 bytes from 44.241.174.93: icmp_seq=919 ttl=42 time=52.7 ms
08-10 20:40:48.829 14030 14080 D cellinfo: 46 bytes from 44.241.174.93: icmp_seq=920 ttl=42 time=62.8 ms
08-10 20:40:49.021 14030 14080 D cellinfo: 46 bytes from 44.241.174.93: icmp_seq=921 ttl=42 time=53.6 ms
08-10 20:40:49.222 14030 14080 D cellinfo: 46 bytes from 44.241.174.93: icmp_seq=922 ttl=42 time=53.8 ms
08-10 20:40:49.435 14030 14080 D cellinfo: 46 bytes from 44.241.174.93: icmp_seq=923 ttl=42 time=66.5 ms
08-10 20:40:49.575 14030 14030 D cellinfo: Latitude is 41.4394939
08-10 20:40:49.575 14030 14030 D cellinfo: Longitude is -105.9382892
08-10 20:40:49.575 14030 14030 D cellinfo: Instantaneous GPS information: United States, Dwight D. Eisenhower Hwy, Laramie, WY 82070, USA
08-10 20:40:49.575 14030 14030 D cellinfo: getCurrentLocation() result: Location (success): 41.4394939, -105.9382892
08-10 20:40:49.577 14030 14030 D cellinfo: onCellInfoChanged: Operator: T-Mobile UpdateTimestamp: 9370207 CellConnectionStatus: 0
08-10 20:40:49.577 14030 14030 D cellinfo: onCellInfoChanged: LTE Cell Bands: [2] Bandwidth: 10000 Cell ID: 26173965 Physical Cell ID: 182 Tracking Area Code: 47617 EARFCN: 852
08-10 20:40:49.629 14030 14080 D cellinfo: 46 bytes from 44.241.174.93: icmp_seq=924 ttl=42 time=58.3 ms
08-10 20:40:49.828 14030 14080 D cellinfo: 46 bytes from 44.241.174.93: icmp_seq=925 ttl=42 time=56.7 ms
08-10 20:40:50.026 14030 14080 D cellinfo: 46 bytes from 44.241.174.93: icmp_seq=926 ttl=42 time=53.7 ms
08-10 20:40:50.228 14030 14080 D cellinfo: 46 bytes from 44.241.174.93: icmp_seq=927 ttl=42 time=54.7 ms
08-10 20:40:50.427 14030 14080 D cellinfo: 46 bytes from 44.241.174.93: icmp_seq=928 ttl=42 time=52.9 ms
08-10 20:40:50.644 14030 14080 D cellinfo: 46 bytes from 44.241.174.93: icmp_seq=929 ttl=42 time=68.4 ms
08-10 20:40:50.831 14030 14080 D cellinfo: 46 bytes from 44.241.174.93: icmp_seq=930 ttl=42 time=54.2 ms
08-10 20:40:50.994 14030 14030 D cellinfo: onsignalStrengthsChanged: LTE Signal Strength info: rsrp: -107 rsrq: -14 rssi: -75 rssnr: -1
08-10 20:40:50.994 14030 14030 D cellinfo: onsignalStrengthsChanged: 5G-NR Signal Strength info: ssrsrp: -106 ssrsrq: -14 sssinr: 2147483647
08-10 20:40:51.031 14030 14080 D cellinfo: 46 bytes from 44.241.174.93: icmp_seq=931 ttl=42 time=53.3 ms
08-10 20:40:51.238 14030 14080 D cellinfo: 46 bytes from 44.241.174.93: icmp_seq=932 ttl=42 time=60.3 ms
08-10 20:40:51.440 14030 14080 D cellinfo: 46 bytes from 44.241.174.93: icmp_seq=933 ttl=42 time=60.3 ms
08-10 20:40:51.655 14030 14080 D cellinfo: 46 bytes from 44.241.174.93: icmp_seq=934 ttl=42 time=73.9 ms
08-10 20:40:51.846 14030 14080 D cellinfo: 46 bytes from 44.241.174.93: icmp_seq=935 ttl=42 time=63.8 ms
08-10 20:40:51.977 14030 14030 D cellinfo: onsignalStrengthsChanged: LTE Signal Strength info: rsrp: -110 rsrq: -12 rssi: -83 rssnr: 3
08-10 20:40:51.977 14030 14030 D cellinfo: onsignalStrengthsChanged: 5G-NR Signal Strength info: ssrsrp: -106 ssrsrq: -14 sssinr: 2147483647
08-10 20:40:52.042 14030 14080 D cellinfo: 46 bytes from 44.241.174.93: icmp_seq=936 ttl=42 time=59.4 ms
08-10 20:40:52.246 14030 14080 D cellinfo: 46 bytes from 44.241.174.93: icmp_seq=937 ttl=42 time=63.5 ms
08-10 20:40:52.440 14030 14080 D cellinfo: 46 bytes from 44.241.174.93: icmp_seq=938 ttl=42 time=54.6 ms
08-10 20:40:52.476 14030 14030 D cellinfo: Latitude is 41.4394289
08-10 20:40:52.476 14030 14030 D cellinfo: Longitude is -105.9376668
08-10 20:40:52.476 14030 14030 D cellinfo: Instantaneous GPS information: United States, Dwight D. Eisenhower Hwy, Laramie, WY 82070, USA
08-10 20:40:52.476 14030 14030 D cellinfo: getCurrentLocation() result: Location (success): 41.4394289, -105.9376668
08-10 20:40:52.479 14030 14030 D cellinfo: onCellInfoChanged: Operator: T-Mobile UpdateTimestamp: 9373194 CellConnectionStatus: 0
08-10 20:40:52.479 14030 14030 D cellinfo: onCellInfoChanged: LTE Cell Bands: [2] Bandwidth: 10000 Cell ID: 26173965 Physical Cell ID: 182 Tracking Area Code: 47617 EARFCN: 852
08-10 20:40:52.649 14030 14080 D cellinfo: 46 bytes from 44.241.174.93: icmp_seq=939 ttl=42 time=62.5 ms
08-10 20:40:52.850 14030 14080 D cellinfo: 46 bytes from 44.241.174.93: icmp_seq=940 ttl=42 time=62.9 ms
08-10 20:40:53.048 14030 14080 D cellinfo: 46 bytes from 44.241.174.93: icmp_seq=941 ttl=42 time=60.2 ms
08-10 20:40:53.246 14030 14080 D cellinfo: 46 bytes from 44.241.174.93: icmp_seq=942 ttl=42 time=59.1 ms
08-10 20:40:53.450 14030 14080 D cellinfo: 46 bytes from 44.241.174.93: icmp_seq=943 ttl=42 time=62.3 ms
08-10 20:40:53.656 14030 14080 D cellinfo: 46 bytes from 44.241.174.93: icmp_seq=944 ttl=42 time=67.3 ms
08-10 20:40:53.843 14030 14080 D cellinfo: 46 bytes from 44.241.174.93: icmp_seq=945 ttl=42 time=54.1 ms
08-10 20:40:53.994 14030 14030 D cellinfo: onsignalStrengthsChanged: LTE Signal Strength info: rsrp: -110 rsrq: -12 rssi: -83 rssnr: 3
08-10 20:40:53.994 14030 14030 D cellinfo: onsignalStrengthsChanged: 5G-NR Signal Strength info: ssrsrp: -103 ssrsrq: -11 sssinr: 2147483647
08-10 20:40:54.041 14030 14080 D cellinfo: 46 bytes from 44.241.174.93: icmp_seq=946 ttl=42 time=50.9 ms
08-10 20:40:54.219 14030 14030 D cellinfo: onsignalStrengthsChanged: LTE Signal Strength info: rsrp: -108 rsrq: -13 rssi: -77 rssnr: 3
08-10 20:40:54.219 14030 14030 D cellinfo: onsignalStrengthsChanged: 5G-NR Signal Strength info: ssrsrp: -103 ssrsrq: -11 sssinr: 2147483647
08-10 20:40:54.249 14030 14080 D cellinfo: 46 bytes from 44.241.174.93: icmp_seq=947 ttl=42 time=59.8 ms
08-10 20:40:54.451 14030 14080 D cellinfo: 46 bytes from 44.241.174.93: icmp_seq=948 ttl=42 time=61.0 ms
08-10 20:40:54.657 14030 14080 D cellinfo: 46 bytes from 44.241.174.93: icmp_seq=949 ttl=42 time=66.8 ms
08-10 20:40:54.865 14030 14080 D cellinfo: 46 bytes from 44.241.174.93: icmp_seq=950 ttl=42 time=74.7 ms
08-10 20:40:55.051 14030 14080 D cellinfo: 46 bytes from 44.241.174.93: icmp_seq=951 ttl=42 time=59.0 ms
08-10 20:40:55.564 14030 14080 D cellinfo: 46 bytes from 44.241.174.93: icmp_seq=952 ttl=42 time=372 ms
08-10 20:40:55.573 14030 14080 D cellinfo: 46 bytes from 44.241.174.93: icmp_seq=953 ttl=42 time=180 ms
08-10 20:40:55.675 14030 14080 D cellinfo: 46 bytes from 44.241.174.93: icmp_seq=954 ttl=42 time=80.8 ms
08-10 20:40:55.812 14030 14030 D cellinfo: Latitude is 41.439401
08-10 20:40:55.812 14030 14030 D cellinfo: Longitude is -105.9373988
08-10 20:40:55.812 14030 14030 D cellinfo: Instantaneous GPS information: United States, Dwight D. Eisenhower Hwy, Laramie, WY 82070, USA
08-10 20:40:55.812 14030 14030 D cellinfo: getCurrentLocation() result: Location (success): 41.439401, -105.9373988
08-10 20:40:55.814 14030 14030 D cellinfo: onCellInfoChanged: Operator: T-Mobile UpdateTimestamp: 9376197 CellConnectionStatus: 0
08-10 20:40:55.814 14030 14030 D cellinfo: onCellInfoChanged: LTE Cell Bands: [2] Bandwidth: 10000 Cell ID: 26173965 Physical Cell ID: 182 Tracking Area Code: 47617 EARFCN: 852
08-10 20:40:55.891 14030 14080 D cellinfo: 46 bytes from 44.241.174.93: icmp_seq=955 ttl=42 time=94.8 ms
08-10 20:40:56.065 14030 14080 D cellinfo: 46 bytes from 44.241.174.93: icmp_seq=956 ttl=42 time=69.2 ms
08-10 20:40:56.258 14030 14080 D cellinfo: 46 bytes from 44.241.174.93: icmp_seq=957 ttl=42 time=62.0 ms
08-10 20:40:56.459 14030 14080 D cellinfo: 46 bytes from 44.241.174.93: icmp_seq=958 ttl=42 time=62.7 ms
08-10 20:40:56.659 14030 14080 D cellinfo: 46 bytes from 44.241.174.93: icmp_seq=959 ttl=42 time=62.1 ms
08-10 20:40:56.866 14030 14080 D cellinfo: 46 bytes from 44.241.174.93: icmp_seq=960 ttl=42 time=67.7 ms
08-10 20:40:56.993 14030 14030 D cellinfo: onsignalStrengthsChanged: LTE Signal Strength info: rsrp: -108 rsrq: -13 rssi: -77 rssnr: 3
08-10 20:40:56.993 14030 14030 D cellinfo: onsignalStrengthsChanged: 5G-NR Signal Strength info: ssrsrp: -101 ssrsrq: -12 sssinr: 2147483647
08-10 20:40:57.058 14030 14080 D cellinfo: 46 bytes from 44.241.174.93: icmp_seq=961 ttl=42 time=58.5 ms
08-10 20:40:57.259 14030 14080 D cellinfo: 46 bytes from 44.241.174.93: icmp_seq=962 ttl=42 time=60.2 ms
08-10 20:40:57.460 14030 14080 D cellinfo: 46 bytes from 44.241.174.93: icmp_seq=963 ttl=42 time=59.8 ms
08-10 20:40:57.666 14030 14080 D cellinfo: 46 bytes from 44.241.174.93: icmp_seq=964 ttl=42 time=65.4 ms
08-10 20:40:57.865 14030 14080 D cellinfo: 46 bytes from 44.241.174.93: icmp_seq=965 ttl=42 time=62.9 ms
08-10 20:40:58.081 14030 14080 D cellinfo: 46 bytes from 44.241.174.93: icmp_seq=966 ttl=42 time=78.6 ms
08-10 20:40:58.154 14030 14030 D cellinfo: onCellInfoChanged: Operator: T-Mobile UpdateTimestamp: 9379187 CellConnectionStatus: 0
08-10 20:40:58.154 14030 14030 D cellinfo: onCellInfoChanged: LTE Cell Bands: [2] Bandwidth: 10000 Cell ID: 26173965 Physical Cell ID: 182 Tracking Area Code: 47617 EARFCN: 852
08-10 20:40:58.267 14030 14080 D cellinfo: 46 bytes from 44.241.174.93: icmp_seq=967 ttl=42 time=63.3 ms
08-10 20:40:58.473 14030 14080 D cellinfo: 46 bytes from 44.241.174.93: icmp_seq=968 ttl=42 time=68.4 ms
08-10 20:40:58.669 14030 14080 D cellinfo: 46 bytes from 44.241.174.93: icmp_seq=969 ttl=42 time=63.4 ms
08-10 20:40:58.696 14030 14030 D cellinfo: onsignalStrengthsChanged: LTE Signal Strength info: rsrp: -107 rsrq: -12 rssi: -75 rssnr: 0
08-10 20:40:58.696 14030 14030 D cellinfo: onsignalStrengthsChanged: 5G-NR Signal Strength info: ssrsrp: -101 ssrsrq: -12 sssinr: 2147483647
08-10 20:40:58.867 14030 14080 D cellinfo: 46 bytes from 44.241.174.93: icmp_seq=970 ttl=42 time=59.4 ms
08-10 20:40:59.067 14030 14080 D cellinfo: 46 bytes from 44.241.174.93: icmp_seq=971 ttl=42 time=57.8 ms
08-10 20:40:59.276 14030 14080 D cellinfo: 46 bytes from 44.241.174.93: icmp_seq=972 ttl=42 time=66.5 ms
08-10 20:40:59.475 14030 14080 D cellinfo: 46 bytes from 44.241.174.93: icmp_seq=973 ttl=42 time=62.6 ms
08-10 20:40:59.609 14030 14030 D cellinfo: Latitude is 41.4390355
08-10 20:40:59.609 14030 14030 D cellinfo: Longitude is -105.9342313
08-10 20:40:59.609 14030 14030 D cellinfo: Instantaneous GPS information: United States, Dwight D. Eisenhower Hwy, Laramie, WY 82070, USA
08-10 20:40:59.609 14030 14030 D cellinfo: getCurrentLocation() result: Location (success): 41.4390355, -105.9342313
08-10 20:40:59.683 14030 14080 D cellinfo: 46 bytes from 44.241.174.93: icmp_seq=974 ttl=42 time=70.0 ms
08-10 20:40:59.870 14030 14080 D cellinfo: 46 bytes from 44.241.174.93: icmp_seq=975 ttl=42 time=56.2 ms
08-10 20:40:59.994 14030 14030 D cellinfo: onsignalStrengthsChanged: LTE Signal Strength info: rsrp: -107 rsrq: -12 rssi: -75 rssnr: 0
08-10 20:40:59.994 14030 14030 D cellinfo: onsignalStrengthsChanged: 5G-NR Signal Strength info: ssrsrp: -103 ssrsrq: -12 sssinr: 26
08-10 20:41:00.068 14030 14080 D cellinfo: 46 bytes from 44.241.174.93: icmp_seq=976 ttl=42 time=54.0 ms
08-10 20:41:00.268 14030 14080 D cellinfo: 46 bytes from 44.241.174.93: icmp_seq=977 ttl=42 time=53.7 ms
08-10 20:41:00.483 14030 14080 D cellinfo: 46 bytes from 44.241.174.93: icmp_seq=978 ttl=42 time=67.7 ms
08-10 20:41:00.674 14030 14080 D cellinfo: 46 bytes from 44.241.174.93: icmp_seq=979 ttl=42 time=57.1 ms
08-10 20:41:00.879 14030 14080 D cellinfo: 46 bytes from 44.241.174.93: icmp_seq=980 ttl=42 time=61.0 ms
08-10 20:41:00.942 14030 14030 D cellinfo: onsignalStrengthsChanged: LTE Signal Strength info: rsrp: -105 rsrq: -14 rssi: -71 rssnr: 2
08-10 20:41:00.942 14030 14030 D cellinfo: onsignalStrengthsChanged: 5G-NR Signal Strength info: ssrsrp: -103 ssrsrq: -12 sssinr: 26
08-10 20:41:01.068 14030 14080 D cellinfo: 46 bytes from 44.241.174.93: icmp_seq=981 ttl=42 time=50.0 ms
08-10 20:41:01.110 14030 14030 D cellinfo: Latitude is 41.4390355
08-10 20:41:01.110 14030 14030 D cellinfo: Longitude is -105.9342313
08-10 20:41:01.110 14030 14030 D cellinfo: Instantaneous GPS information: United States, Dwight D. Eisenhower Hwy, Laramie, WY 82070, USA
08-10 20:41:01.110 14030 14030 D cellinfo: getCurrentLocation() result: Location (success): 41.4390355, -105.9342313
08-10 20:41:01.158 14030 14030 D cellinfo: onCellInfoChanged: Operator: T-Mobile UpdateTimestamp: 9382192 CellConnectionStatus: 0
08-10 20:41:01.158 14030 14030 D cellinfo: onCellInfoChanged: LTE Cell Bands: [2] Bandwidth: 10000 Cell ID: 26173965 Physical Cell ID: 182 Tracking Area Code: 47617 EARFCN: 852
08-10 20:41:01.281 14030 14080 D cellinfo: 46 bytes from 44.241.174.93: icmp_seq=982 ttl=42 time=62.6 ms
08-10 20:41:01.468 14030 14080 D cellinfo: 46 bytes from 44.241.174.93: icmp_seq=983 ttl=42 time=48.1 ms
08-10 20:41:01.683 14030 14080 D cellinfo: 46 bytes from 44.241.174.93: icmp_seq=984 ttl=42 time=62.6 ms
08-10 20:41:01.888 14030 14080 D cellinfo: 46 bytes from 44.241.174.93: icmp_seq=985 ttl=42 time=66.5 ms
08-10 20:41:02.073 14030 14080 D cellinfo: 46 bytes from 44.241.174.93: icmp_seq=986 ttl=42 time=49.3 ms
08-10 20:41:02.285 14030 14080 D cellinfo: 46 bytes from 44.241.174.93: icmp_seq=987 ttl=42 time=61.2 ms
08-10 20:41:02.491 14030 14080 D cellinfo: 46 bytes from 44.241.174.93: icmp_seq=988 ttl=42 time=66.5 ms
08-10 20:41:02.686 14030 14080 D cellinfo: 46 bytes from 44.241.174.93: icmp_seq=989 ttl=42 time=59.8 ms
08-10 20:41:02.891 14030 14080 D cellinfo: 46 bytes from 44.241.174.93: icmp_seq=990 ttl=42 time=63.7 ms
08-10 20:41:02.993 14030 14030 D cellinfo: onsignalStrengthsChanged: LTE Signal Strength info: rsrp: -105 rsrq: -14 rssi: -71 rssnr: 2
08-10 20:41:02.993 14030 14030 D cellinfo: onsignalStrengthsChanged: 5G-NR Signal Strength info: ssrsrp: -103 ssrsrq: -14 sssinr: -4
08-10 20:41:03.087 14030 14080 D cellinfo: 46 bytes from 44.241.174.93: icmp_seq=991 ttl=42 time=57.7 ms
08-10 20:41:03.296 14030 14080 D cellinfo: 46 bytes from 44.241.174.93: icmp_seq=992 ttl=42 time=65.3 ms
08-10 20:41:03.497 14030 14080 D cellinfo: 46 bytes from 44.241.174.93: icmp_seq=993 ttl=42 time=65.3 ms
08-10 20:41:03.712 14030 14080 D cellinfo: 46 bytes from 44.241.174.93: icmp_seq=994 ttl=42 time=79.2 ms
08-10 20:41:03.908 14030 14080 D cellinfo: 46 bytes from 44.241.174.93: icmp_seq=995 ttl=42 time=75.1 ms
08-10 20:41:04.112 14030 14080 D cellinfo: 46 bytes from 44.241.174.93: icmp_seq=996 ttl=42 time=78.1 ms
08-10 20:41:04.314 14030 14080 D cellinfo: 46 bytes from 44.241.174.93: icmp_seq=997 ttl=42 time=78.8 ms
08-10 20:41:04.512 14030 14080 D cellinfo: 46 bytes from 44.241.174.93: icmp_seq=998 ttl=42 time=75.0 ms
08-10 20:41:04.631 14030 14030 D cellinfo: Latitude is 41.4389589
08-10 20:41:04.632 14030 14030 D cellinfo: Longitude is -105.9337059
08-10 20:41:04.632 14030 14030 D cellinfo: Instantaneous GPS information: United States, Dwight D. Eisenhower Hwy, Laramie, WY 82070, USA
08-10 20:41:04.632 14030 14030 D cellinfo: getCurrentLocation() result: Location (success): 41.4389589, -105.9337059
08-10 20:41:04.634 14030 14030 D cellinfo: onCellInfoChanged: Operator: T-Mobile UpdateTimestamp: 9385204 CellConnectionStatus: 0
08-10 20:41:04.634 14030 14030 D cellinfo: onCellInfoChanged: LTE Cell Bands: [2] Bandwidth: 10000 Cell ID: 26173965 Physical Cell ID: 182 Tracking Area Code: 47617 EARFCN: 852
08-10 20:41:04.634 14030 14030 D cellinfo: onServiceStateChanged: Channel Number: 852 Cell Bandwidths: [10000]
08-10 20:41:04.690 14030 14080 D cellinfo: 46 bytes from 44.241.174.93: icmp_seq=999 ttl=42 time=52.9 ms
08-10 20:41:04.885 14030 14030 D cellinfo: onsignalStrengthsChanged: LTE Signal Strength info: rsrp: -108 rsrq: -12 rssi: -75 rssnr: 0
08-10 20:41:04.885 14030 14030 D cellinfo: onsignalStrengthsChanged: 5G-NR Signal Strength info: ssrsrp: -103 ssrsrq: -14 sssinr: -4
08-10 20:41:04.891 14030 14080 D cellinfo: 46 bytes from 44.241.174.93: icmp_seq=1000 ttl=42 time=53.7 ms
08-10 20:41:05.091 14030 14080 D cellinfo: 46 bytes from 44.241.174.93: icmp_seq=1001 ttl=42 time=52.4 ms
08-10 20:41:05.305 14030 14030 D cellinfo: onsignalStrengthsChanged: LTE Signal Strength info: rsrp: -108 rsrq: -12 rssi: -75 rssnr: 0
08-10 20:41:05.305 14030 14030 D cellinfo: onsignalStrengthsChanged: 5G-NR Signal Strength info: ssrsrp: -106 ssrsrq: -15 sssinr: 2147483647
08-10 20:41:05.323 14030 14080 D cellinfo: 46 bytes from 44.241.174.93: icmp_seq=1002 ttl=42 time=82.8 ms
08-10 20:41:05.590 14030 14080 D cellinfo: 46 bytes from 44.241.174.93: icmp_seq=1003 ttl=42 time=148 ms
08-10 20:41:05.698 14030 14080 D cellinfo: 46 bytes from 44.241.174.93: icmp_seq=1004 ttl=42 time=55.8 ms
08-10 20:41:05.893 14030 14080 D cellinfo: 46 bytes from 44.241.174.93: icmp_seq=1005 ttl=42 time=49.5 ms
08-10 20:41:05.994 14030 14030 D cellinfo: onsignalStrengthsChanged: LTE Signal Strength info: rsrp: -108 rsrq: -12 rssi: -75 rssnr: 0
08-10 20:41:05.994 14030 14030 D cellinfo: onsignalStrengthsChanged: 5G-NR Signal Strength info: ssrsrp: -107 ssrsrq: -14 sssinr: 2147483647
08-10 20:41:06.096 14030 14080 D cellinfo: 46 bytes from 44.241.174.93: icmp_seq=1006 ttl=42 time=51.6 ms
08-10 20:41:06.315 14030 14080 D cellinfo: 46 bytes from 44.241.174.93: icmp_seq=1007 ttl=42 time=68.2 ms
08-10 20:41:06.530 14030 14080 D cellinfo: 46 bytes from 44.241.174.93: icmp_seq=1008 ttl=42 time=81.6 ms
08-10 20:41:06.709 14030 14080 D cellinfo: 46 bytes from 44.241.174.93: icmp_seq=1009 ttl=42 time=59.2 ms
08-10 20:41:06.910 14030 14080 D cellinfo: 46 bytes from 44.241.174.93: icmp_seq=1010 ttl=42 time=59.3 ms
08-10 20:41:07.102 14030 14080 D cellinfo: 46 bytes from 44.241.174.93: icmp_seq=1011 ttl=42 time=50.4 ms
08-10 20:41:07.306 14030 14080 D cellinfo: 46 bytes from 44.241.174.93: icmp_seq=1012 ttl=42 time=53.0 ms
08-10 20:41:07.496 14030 14030 D cellinfo: Latitude is 41.4388577
08-10 20:41:07.496 14030 14030 D cellinfo: Longitude is -105.9330139
08-10 20:41:07.496 14030 14030 D cellinfo: Instantaneous GPS information: United States, Dwight D. Eisenhower Hwy, Laramie, WY 82070, USA
08-10 20:41:07.496 14030 14030 D cellinfo: getCurrentLocation() result: Location (success): 41.4388577, -105.9330139
08-10 20:41:07.500 14030 14030 D cellinfo: onCellInfoChanged: Operator: T-Mobile UpdateTimestamp: 9388207 CellConnectionStatus: 0
08-10 20:41:07.500 14030 14030 D cellinfo: onCellInfoChanged: LTE Cell Bands: [2] Bandwidth: 10000 Cell ID: 25826571 Physical Cell ID: 219 Tracking Area Code: 47617 EARFCN: 852
08-10 20:41:07.513 14030 14080 D cellinfo: 46 bytes from 44.241.174.93: icmp_seq=1013 ttl=42 time=57.9 ms
08-10 20:41:07.659 14030 14030 D cellinfo: onsignalStrengthsChanged: LTE Signal Strength info: rsrp: -105 rsrq: -10 rssi: -81 rssnr: 8
08-10 20:41:07.660 14030 14030 D cellinfo: onsignalStrengthsChanged: 5G-NR Signal Strength info: ssrsrp: -107 ssrsrq: -14 sssinr: 2147483647
08-10 20:41:07.703 14030 14080 D cellinfo: 46 bytes from 44.241.174.93: icmp_seq=1014 ttl=42 time=48.1 ms
08-10 20:41:07.913 14030 14080 D cellinfo: 46 bytes from 44.241.174.93: icmp_seq=1015 ttl=42 time=57.8 ms
08-10 20:41:08.102 14030 14080 D cellinfo: 46 bytes from 44.241.174.93: icmp_seq=1016 ttl=42 time=45.8 ms
08-10 20:41:08.315 14030 14080 D cellinfo: 46 bytes from 44.241.174.93: icmp_seq=1017 ttl=42 time=58.6 ms
08-10 20:41:08.520 14030 14080 D cellinfo: 46 bytes from 44.241.174.93: icmp_seq=1018 ttl=42 time=63.0 ms
08-10 20:41:08.716 14030 14080 D cellinfo: 46 bytes from 44.241.174.93: icmp_seq=1019 ttl=42 time=57.8 ms
08-10 20:41:08.919 14030 14080 D cellinfo: 46 bytes from 44.241.174.93: icmp_seq=1020 ttl=42 time=60.7 ms
08-10 20:41:08.995 14030 14030 D cellinfo: onsignalStrengthsChanged: LTE Signal Strength info: rsrp: -105 rsrq: -10 rssi: -81 rssnr: 8
08-10 20:41:08.995 14030 14030 D cellinfo: onsignalStrengthsChanged: 5G-NR Signal Strength info: ssrsrp: -103 ssrsrq: -12 sssinr: 2147483647
08-10 20:41:09.121 14030 14080 D cellinfo: 46 bytes from 44.241.174.93: icmp_seq=1021 ttl=42 time=61.2 ms
08-10 20:41:09.317 14030 14080 D cellinfo: 46 bytes from 44.241.174.93: icmp_seq=1022 ttl=42 time=56.1 ms
08-10 20:41:09.522 14030 14080 D cellinfo: 46 bytes from 44.241.174.93: icmp_seq=1023 ttl=42 time=60.7 ms
08-10 20:41:09.712 14030 14080 D cellinfo: 46 bytes from 44.241.174.93: icmp_seq=1024 ttl=42 time=50.0 ms
08-10 20:41:09.900 14030 14030 D cellinfo: onsignalStrengthsChanged: LTE Signal Strength info: rsrp: -105 rsrq: -11 rssi: -79 rssnr: 12
08-10 20:41:09.900 14030 14030 D cellinfo: onsignalStrengthsChanged: 5G-NR Signal Strength info: ssrsrp: -103 ssrsrq: -12 sssinr: 2147483647
08-10 20:41:09.912 14030 14080 D cellinfo: 46 bytes from 44.241.174.93: icmp_seq=1025 ttl=42 time=49.2 ms
08-10 20:41:10.112 14030 14080 D cellinfo: 46 bytes from 44.241.174.93: icmp_seq=1026 ttl=42 time=47.7 ms
08-10 20:41:10.322 14030 14080 D cellinfo: 46 bytes from 44.241.174.93: icmp_seq=1027 ttl=42 time=55.8 ms
08-10 20:41:10.454 14030 14030 D cellinfo: Latitude is 41.4388243
08-10 20:41:10.454 14030 14030 D cellinfo: Longitude is -105.9327864
08-10 20:41:10.454 14030 14030 D cellinfo: Instantaneous GPS information: United States, Dwight D. Eisenhower Hwy, Laramie, WY 82070, USA
08-10 20:41:10.454 14030 14030 D cellinfo: getCurrentLocation() result: Location (success): 41.4388243, -105.9327864
08-10 20:41:10.459 14030 14030 D cellinfo: onCellInfoChanged: Operator: T-Mobile UpdateTimestamp: 9391211 CellConnectionStatus: 0
08-10 20:41:10.459 14030 14030 D cellinfo: onCellInfoChanged: LTE Cell Bands: [2] Bandwidth: 10000 Cell ID: 25826571 Physical Cell ID: 219 Tracking Area Code: 47617 EARFCN: 852
08-10 20:41:10.530 14030 14080 D cellinfo: 46 bytes from 44.241.174.93: icmp_seq=1028 ttl=42 time=64.2 ms
08-10 20:41:10.729 14030 14080 D cellinfo: 46 bytes from 44.241.174.93: icmp_seq=1029 ttl=42 time=61.4 ms
08-10 20:41:10.931 14030 14080 D cellinfo: 46 bytes from 44.241.174.93: icmp_seq=1030 ttl=42 time=61.8 ms
08-10 20:41:11.129 14030 14080 D cellinfo: 46 bytes from 44.241.174.93: icmp_seq=1031 ttl=42 time=58.5 ms
08-10 20:41:11.330 14030 14080 D cellinfo: 46 bytes from 44.241.174.93: icmp_seq=1032 ttl=42 time=58.4 ms
08-10 20:41:11.521 14030 14080 D cellinfo: 46 bytes from 44.241.174.93: icmp_seq=1033 ttl=42 time=48.9 ms
08-10 20:41:11.722 14030 14080 D cellinfo: 46 bytes from 44.241.174.93: icmp_seq=1034 ttl=42 time=48.7 ms
08-10 20:41:11.922 14030 14080 D cellinfo: 46 bytes from 44.241.174.93: icmp_seq=1035 ttl=42 time=48.2 ms
08-10 20:41:11.994 14030 14030 D cellinfo: onsignalStrengthsChanged: LTE Signal Strength info: rsrp: -105 rsrq: -11 rssi: -79 rssnr: 12
08-10 20:41:11.994 14030 14030 D cellinfo: onsignalStrengthsChanged: 5G-NR Signal Strength info: ssrsrp: -104 ssrsrq: -12 sssinr: 2147483647
08-10 20:41:12.122 14030 14080 D cellinfo: 46 bytes from 44.241.174.93: icmp_seq=1036 ttl=42 time=48.2 ms
08-10 20:41:12.322 14030 14080 D cellinfo: 46 bytes from 44.241.174.93: icmp_seq=1037 ttl=42 time=47.2 ms
08-10 20:41:12.531 14030 14080 D cellinfo: 46 bytes from 44.241.174.93: icmp_seq=1038 ttl=42 time=55.3 ms
08-10 20:41:12.738 14030 14080 D cellinfo: 46 bytes from 44.241.174.93: icmp_seq=1039 ttl=42 time=62.0 ms
08-10 20:41:12.932 14030 14080 D cellinfo: 46 bytes from 44.241.174.93: icmp_seq=1040 ttl=42 time=55.3 ms
08-10 20:41:13.135 14030 14080 D cellinfo: 46 bytes from 44.241.174.93: icmp_seq=1041 ttl=42 time=57.6 ms
08-10 20:41:13.144 14030 14030 D cellinfo: onCellInfoChanged: Operator: T-Mobile UpdateTimestamp: 9394178 CellConnectionStatus: 0
08-10 20:41:13.144 14030 14030 D cellinfo: onCellInfoChanged: LTE Cell Bands: [2] Bandwidth: 10000 Cell ID: 25826571 Physical Cell ID: 219 Tracking Area Code: 47617 EARFCN: 852
08-10 20:41:13.338 14030 14080 D cellinfo: 46 bytes from 44.241.174.93: icmp_seq=1042 ttl=42 time=59.6 ms
08-10 20:41:13.532 14030 14080 D cellinfo: 46 bytes from 44.241.174.93: icmp_seq=1043 ttl=42 time=52.6 ms
08-10 20:41:13.700 14030 14030 D cellinfo: onsignalStrengthsChanged: LTE Signal Strength info: rsrp: -105 rsrq: -11 rssi: -79 rssnr: 12
08-10 20:41:13.700 14030 14030 D cellinfo: onsignalStrengthsChanged: 5G-NR Signal Strength info: ssrsrp: -104 ssrsrq: -12 sssinr: 17
08-10 20:41:13.743 14030 14080 D cellinfo: 46 bytes from 44.241.174.93: icmp_seq=1044 ttl=42 time=62.4 ms
08-10 20:41:13.887 14030 14030 D cellinfo: onsignalStrengthsChanged: LTE Signal Strength info: rsrp: -107 rsrq: -10 rssi: -79 rssnr: 10
08-10 20:41:13.887 14030 14030 D cellinfo: onsignalStrengthsChanged: 5G-NR Signal Strength info: ssrsrp: -104 ssrsrq: -12 sssinr: 17
08-10 20:41:13.990 14030 14080 D cellinfo: 46 bytes from 44.241.174.93: icmp_seq=1045 ttl=42 time=108 ms
08-10 20:41:14.139 14030 14080 D cellinfo: 46 bytes from 44.241.174.93: icmp_seq=1046 ttl=42 time=56.6 ms
08-10 20:41:14.332 14030 14080 D cellinfo: 46 bytes from 44.241.174.93: icmp_seq=1047 ttl=42 time=47.8 ms
08-10 20:41:14.507 14030 14030 D cellinfo: Latitude is 41.4383334
08-10 20:41:14.507 14030 14030 D cellinfo: Longitude is -105.9292934
08-10 20:41:14.507 14030 14030 D cellinfo: Instantaneous GPS information: United States, Dwight D. Eisenhower Hwy, Laramie, WY 82070, USA
08-10 20:41:14.507 14030 14030 D cellinfo: getCurrentLocation() result: Location (success): 41.4383334, -105.9292934
08-10 20:41:14.543 14030 14080 D cellinfo: 46 bytes from 44.241.174.93: icmp_seq=1048 ttl=42 time=56.1 ms
