08-10 23:36:34.083  5910  5982 D cellinfo: 46 bytes from 44.241.174.93: icmp_seq=11655 ttl=30 time=44.7 ms
08-10 23:36:34.240  5910  5910 D cellinfo: onsignalStrengthsChanged: LTE Signal Strength info: rsrp: -81 rsrq: -11 rssi: -59 rssnr: 9
08-10 23:36:34.240  5910  5910 D cellinfo: onsignalStrengthsChanged: 5G-NR Signal Strength info: ssrsrp: -76 ssrsrq: -11 sssinr: 2147483647
08-10 23:36:34.255  5910  5910 D cellinfo: onsignalStrengthsChanged: LTE Signal Strength info: rsrp: -85 rsrq: -10 rssi: -53 rssnr: 5
08-10 23:36:34.255  5910  5910 D cellinfo: onsignalStrengthsChanged: 5G-NR Signal Strength info: ssrsrp: -76 ssrsrq: -11 sssinr: 2147483647
08-10 23:36:34.283  5910  5982 D cellinfo: 46 bytes from 44.241.174.93: icmp_seq=11656 ttl=30 time=44.8 ms
08-10 23:36:34.483  5910  5982 D cellinfo: 46 bytes from 44.241.174.93: icmp_seq=11657 ttl=30 time=44.0 ms
08-10 23:36:34.683  5910  5982 D cellinfo: 46 bytes from 44.241.174.93: icmp_seq=11658 ttl=30 time=43.1 ms
08-10 23:36:34.883  5910  5982 D cellinfo: 46 bytes from 44.241.174.93: icmp_seq=11659 ttl=30 time=42.7 ms
08-10 23:36:35.082  5910  5982 D cellinfo: 46 bytes from 44.241.174.93: icmp_seq=11660 ttl=30 time=41.5 ms
08-10 23:36:35.283  5910  5982 D cellinfo: 46 bytes from 44.241.174.93: icmp_seq=11661 ttl=30 time=40.9 ms
08-10 23:36:35.318  5910  5910 D cellinfo: Latitude is 39.7541463
08-10 23:36:35.318  5910  5910 D cellinfo: Longitude is -105.01637
08-10 23:36:35.318  5910  5910 D cellinfo: Instantaneous GPS information: United States, 2420 W 26th Ave suite 100-d, Denver, CO 80211, USA
08-10 23:36:35.318  5910  5910 D cellinfo: getCurrentLocation() result: Location (success): 39.7541463, -105.01637
08-10 23:36:35.320  5910  5910 D cellinfo: onCellInfoChanged: Operator: T-Mobile UpdateTimestamp: 19916148 CellConnectionStatus: 0
08-10 23:36:35.320  5910  5910 D cellinfo: onCellInfoChanged: LTE Cell Bands: [2] Bandwidth: 15000 Cell ID: 29937677 Physical Cell ID: 17 Tracking Area Code: 41224 EARFCN: 875
08-10 23:36:35.488  5910  5982 D cellinfo: 46 bytes from 44.241.174.93: icmp_seq=11662 ttl=30 time=44.8 ms
08-10 23:36:35.685  5910  5982 D cellinfo: 46 bytes from 44.241.174.93: icmp_seq=11663 ttl=30 time=41.9 ms
08-10 23:36:35.888  5910  5982 D cellinfo: 46 bytes from 44.241.174.93: icmp_seq=11664 ttl=30 time=43.9 ms
08-10 23:36:36.085  5910  5982 D cellinfo: 46 bytes from 44.241.174.93: icmp_seq=11665 ttl=30 time=40.6 ms
08-10 23:36:36.288  5910  5982 D cellinfo: 46 bytes from 44.241.174.93: icmp_seq=11666 ttl=30 time=42.5 ms
08-10 23:36:36.488  5910  5982 D cellinfo: 46 bytes from 44.241.174.93: icmp_seq=11667 ttl=30 time=41.4 ms
08-10 23:36:36.693  5910  5982 D cellinfo: 46 bytes from 44.241.174.93: icmp_seq=11668 ttl=30 time=45.1 ms
08-10 23:36:36.893  5910  5982 D cellinfo: 46 bytes from 44.241.174.93: icmp_seq=11669 ttl=30 time=44.3 ms
08-10 23:36:37.093  5910  5982 D cellinfo: 46 bytes from 44.241.174.93: icmp_seq=11670 ttl=30 time=43.2 ms
08-10 23:36:37.242  5910  5910 D cellinfo: onsignalStrengthsChanged: LTE Signal Strength info: rsrp: -85 rsrq: -10 rssi: -53 rssnr: 5
08-10 23:36:37.242  5910  5910 D cellinfo: onsignalStrengthsChanged: 5G-NR Signal Strength info: ssrsrp: -74 ssrsrq: -11 sssinr: 2147483647
08-10 23:36:37.255  5910  5910 D cellinfo: onsignalStrengthsChanged: LTE Signal Strength info: rsrp: -77 rsrq: -10 rssi: -51 rssnr: 8
08-10 23:36:37.255  5910  5910 D cellinfo: onsignalStrengthsChanged: 5G-NR Signal Strength info: ssrsrp: -74 ssrsrq: -11 sssinr: 2147483647
08-10 23:36:37.293  5910  5982 D cellinfo: 46 bytes from 44.241.174.93: icmp_seq=11671 ttl=30 time=41.8 ms
08-10 23:36:37.490  5910  5982 D cellinfo: 46 bytes from 44.241.174.93: icmp_seq=11672 ttl=30 time=38.5 ms
08-10 23:36:37.696  5910  5982 D cellinfo: 46 bytes from 44.241.174.93: icmp_seq=11673 ttl=30 time=42.8 ms
08-10 23:36:37.898  5910  5982 D cellinfo: 46 bytes from 44.241.174.93: icmp_seq=11674 ttl=30 time=44.7 ms
08-10 23:36:38.119  5910  5982 D cellinfo: 46 bytes from 44.241.174.93: icmp_seq=11675 ttl=30 time=65.8 ms
08-10 23:36:38.296  5910  5982 D cellinfo: 46 bytes from 44.241.174.93: icmp_seq=11676 ttl=30 time=41.6 ms
08-10 23:36:38.377  5910  5910 D cellinfo: Latitude is 39.7543333
08-10 23:36:38.377  5910  5910 D cellinfo: Longitude is -105.0163092
08-10 23:36:38.377  5910  5910 D cellinfo: Instantaneous GPS information: United States, 2420 W 26th Ave suite 100-d, Denver, CO 80211, USA
08-10 23:36:38.377  5910  5910 D cellinfo: getCurrentLocation() result: Location (success): 39.7543333, -105.0163092
08-10 23:36:38.380  5910  5910 D cellinfo: onCellInfoChanged: Operator: T-Mobile UpdateTimestamp: 19919152 CellConnectionStatus: 0
08-10 23:36:38.380  5910  5910 D cellinfo: onCellInfoChanged: LTE Cell Bands: [2] Bandwidth: 15000 Cell ID: 29937677 Physical Cell ID: 17 Tracking Area Code: 41224 EARFCN: 875
08-10 23:36:38.498  5910  5982 D cellinfo: 46 bytes from 44.241.174.93: icmp_seq=11677 ttl=30 time=43.0 ms
08-10 23:36:38.695  5910  5982 D cellinfo: 46 bytes from 44.241.174.93: icmp_seq=11678 ttl=30 time=40.0 ms
08-10 23:36:38.896  5910  5982 D cellinfo: 46 bytes from 44.241.174.93: icmp_seq=11679 ttl=30 time=40.0 ms
08-10 23:36:39.095  5910  5982 D cellinfo: 46 bytes from 44.241.174.93: icmp_seq=11680 ttl=30 time=38.5 ms
08-10 23:36:39.304  5910  5982 D cellinfo: 46 bytes from 44.241.174.93: icmp_seq=11681 ttl=30 time=45.8 ms
08-10 23:36:39.494  5910  5910 D cellinfo: onsignalStrengthsChanged: LTE Signal Strength info: rsrp: -84 rsrq: -9 rssi: -55 rssnr: 11
08-10 23:36:39.494  5910  5910 D cellinfo: onsignalStrengthsChanged: 5G-NR Signal Strength info: ssrsrp: -74 ssrsrq: -11 sssinr: 2147483647
08-10 23:36:39.502  5910  5982 D cellinfo: 46 bytes from 44.241.174.93: icmp_seq=11682 ttl=30 time=43.7 ms
08-10 23:36:39.702  5910  5982 D cellinfo: 46 bytes from 44.241.174.93: icmp_seq=11683 ttl=30 time=43.3 ms
08-10 23:36:39.900  5910  5982 D cellinfo: 46 bytes from 44.241.174.93: icmp_seq=11684 ttl=30 time=40.4 ms
08-10 23:36:40.103  5910  5982 D cellinfo: 46 bytes from 44.241.174.93: icmp_seq=11685 ttl=30 time=41.7 ms
08-10 23:36:40.240  5910  5910 D cellinfo: onsignalStrengthsChanged: LTE Signal Strength info: rsrp: -84 rsrq: -9 rssi: -55 rssnr: 11
08-10 23:36:40.240  5910  5910 D cellinfo: onsignalStrengthsChanged: 5G-NR Signal Strength info: ssrsrp: -76 ssrsrq: -11 sssinr: 2147483647
08-10 23:36:40.301  5910  5982 D cellinfo: 46 bytes from 44.241.174.93: icmp_seq=11686 ttl=30 time=39.3 ms
08-10 23:36:40.500  5910  5982 D cellinfo: 46 bytes from 44.241.174.93: icmp_seq=11687 ttl=30 time=37.7 ms
08-10 23:36:40.704  5910  5982 D cellinfo: 46 bytes from 44.241.174.93: icmp_seq=11688 ttl=30 time=40.7 ms
08-10 23:36:40.906  5910  5982 D cellinfo: 46 bytes from 44.241.174.93: icmp_seq=11689 ttl=30 time=42.9 ms
08-10 23:36:41.107  5910  5982 D cellinfo: 46 bytes from 44.241.174.93: icmp_seq=11690 ttl=30 time=43.4 ms
08-10 23:36:41.306  5910  5982 D cellinfo: 46 bytes from 44.241.174.93: icmp_seq=11691 ttl=30 time=40.9 ms
08-10 23:36:41.306  5910  5910 D cellinfo: Latitude is 39.7531432
08-10 23:36:41.306  5910  5910 D cellinfo: Longitude is -105.0168143
08-10 23:36:41.306  5910  5910 D cellinfo: Instantaneous GPS information: United States, 2432 W Byron Pl, Denver, CO 80211, USA
08-10 23:36:41.306  5910  5910 D cellinfo: getCurrentLocation() result: Location (success): 39.7531432, -105.0168143
08-10 23:36:41.308  5910  5910 D cellinfo: onCellInfoChanged: Operator: T-Mobile UpdateTimestamp: 19922143 CellConnectionStatus: 0
08-10 23:36:41.309  5910  5910 D cellinfo: onCellInfoChanged: LTE Cell Bands: [2] Bandwidth: 15000 Cell ID: 29937677 Physical Cell ID: 17 Tracking Area Code: 41224 EARFCN: 875
08-10 23:36:41.505  5910  5982 D cellinfo: 46 bytes from 44.241.174.93: icmp_seq=11692 ttl=30 time=39.9 ms
08-10 23:36:41.709  5910  5982 D cellinfo: 46 bytes from 44.241.174.93: icmp_seq=11693 ttl=30 time=43.0 ms
08-10 23:36:41.905  5910  5982 D cellinfo: 46 bytes from 44.241.174.93: icmp_seq=11694 ttl=30 time=38.4 ms
08-10 23:36:42.110  5910  5982 D cellinfo: 46 bytes from 44.241.174.93: icmp_seq=11695 ttl=30 time=42.0 ms
08-10 23:36:42.310  5910  5982 D cellinfo: 46 bytes from 44.241.174.93: icmp_seq=11696 ttl=30 time=41.4 ms
08-10 23:36:42.510  5910  5982 D cellinfo: 46 bytes from 44.241.174.93: icmp_seq=11697 ttl=30 time=40.7 ms
08-10 23:36:42.714  5910  5982 D cellinfo: 46 bytes from 44.241.174.93: icmp_seq=11698 ttl=30 time=43.6 ms
08-10 23:36:42.910  5910  5982 D cellinfo: 46 bytes from 44.241.174.93: icmp_seq=11699 ttl=30 time=39.0 ms
08-10 23:36:43.113  5910  5982 D cellinfo: 46 bytes from 44.241.174.93: icmp_seq=11700 ttl=30 time=40.7 ms
08-10 23:36:43.243  5910  5910 D cellinfo: onsignalStrengthsChanged: LTE Signal Strength info: rsrp: -84 rsrq: -9 rssi: -55 rssnr: 11
08-10 23:36:43.243  5910  5910 D cellinfo: onsignalStrengthsChanged: 5G-NR Signal Strength info: ssrsrp: -80 ssrsrq: -11 sssinr: 2147483647
08-10 23:36:43.256  5910  5910 D cellinfo: onsignalStrengthsChanged: LTE Signal Strength info: rsrp: -89 rsrq: -17 rssi: -57 rssnr: 4
08-10 23:36:43.256  5910  5910 D cellinfo: onsignalStrengthsChanged: 5G-NR Signal Strength info: ssrsrp: -80 ssrsrq: -11 sssinr: 2147483647
08-10 23:36:43.312  5910  5982 D cellinfo: 46 bytes from 44.241.174.93: icmp_seq=11701 ttl=30 time=40.1 ms
08-10 23:36:43.518  5910  5982 D cellinfo: 46 bytes from 44.241.174.93: icmp_seq=11702 ttl=30 time=44.5 ms
08-10 23:36:43.716  5910  5982 D cellinfo: 46 bytes from 44.241.174.93: icmp_seq=11703 ttl=30 time=40.7 ms
08-10 23:36:43.727  5910  5910 D cellinfo: onServiceStateChanged: Channel Number: 875 Cell Bandwidths: [15000]
08-10 23:36:43.916  5910  5982 D cellinfo: 46 bytes from 44.241.174.93: icmp_seq=11704 ttl=30 time=40.1 ms
08-10 23:36:43.975  5910  5910 D cellinfo: onsignalStrengthsChanged: LTE Signal Strength info: rsrp: -93 rsrq: -13 rssi: -67 rssnr: 4
08-10 23:36:43.975  5910  5910 D cellinfo: onsignalStrengthsChanged: 5G-NR Signal Strength info: ssrsrp: -80 ssrsrq: -11 sssinr: 2147483647
08-10 23:36:44.139  5910  5982 D cellinfo: 46 bytes from 44.241.174.93: icmp_seq=11705 ttl=30 time=62.3 ms
08-10 23:36:44.322  5910  5982 D cellinfo: 46 bytes from 44.241.174.93: icmp_seq=11706 ttl=30 time=43.5 ms
08-10 23:36:44.324  5910  5910 D cellinfo: Latitude is 39.7526846
08-10 23:36:44.324  5910  5910 D cellinfo: Longitude is -105.0169018
08-10 23:36:44.324  5910  5910 D cellinfo: Instantaneous GPS information: United States, 2436 W Byron Pl, Denver, CO 80211, USA
08-10 23:36:44.324  5910  5910 D cellinfo: getCurrentLocation() result: Location (success): 39.7526846, -105.0169018
08-10 23:36:44.326  5910  5910 D cellinfo: onCellInfoChanged: Operator: T-Mobile UpdateTimestamp: 19925145 CellConnectionStatus: 0
08-10 23:36:44.326  5910  5910 D cellinfo: onCellInfoChanged: LTE Cell Bands: [2] Bandwidth: 15000 Cell ID: 5629454 Physical Cell ID: 177 Tracking Area Code: 41224 EARFCN: 875
08-10 23:36:44.525  5910  5982 D cellinfo: 46 bytes from 44.241.174.93: icmp_seq=11707 ttl=30 time=45.7 ms
08-10 23:36:44.720  5910  5982 D cellinfo: 46 bytes from 44.241.174.93: icmp_seq=11708 ttl=30 time=40.6 ms
08-10 23:36:44.910  5910  5910 D cellinfo: onsignalStrengthsChanged: LTE Signal Strength info: rsrp: -93 rsrq: -13 rssi: -67 rssnr: 4
08-10 23:36:44.910  5910  5910 D cellinfo: onsignalStrengthsChanged: 5G-NR Signal Strength info: ssrsrp: -84 ssrsrq: -12 sssinr: 2147483647
08-10 23:36:44.991  5910  5982 D cellinfo: 46 bytes from 44.241.174.93: icmp_seq=11709 ttl=30 time=110 ms
08-10 23:36:45.120  5910  5982 D cellinfo: 46 bytes from 44.241.174.93: icmp_seq=11710 ttl=30 time=38.0 ms
08-10 23:36:45.323  5910  5982 D cellinfo: 46 bytes from 44.241.174.93: icmp_seq=11711 ttl=30 time=40.6 ms
08-10 23:36:45.526  5910  5982 D cellinfo: 46 bytes from 44.241.174.93: icmp_seq=11712 ttl=30 time=42.6 ms
08-10 23:36:45.726  5910  5982 D cellinfo: 46 bytes from 44.241.174.93: icmp_seq=11713 ttl=30 time=42.1 ms
08-10 23:36:45.929  5910  5982 D cellinfo: 46 bytes from 44.241.174.93: icmp_seq=11714 ttl=30 time=44.1 ms
08-10 23:36:46.126  5910  5982 D cellinfo: 46 bytes from 44.241.174.93: icmp_seq=11715 ttl=30 time=40.6 ms
08-10 23:36:46.213  5910  5910 D cellinfo: onsignalStrengthsChanged: LTE Signal Strength info: rsrp: -86 rsrq: -13 rssi: -51 rssnr: 2
08-10 23:36:46.213  5910  5910 D cellinfo: onsignalStrengthsChanged: 5G-NR Signal Strength info: ssrsrp: -84 ssrsrq: -12 sssinr: 2147483647
08-10 23:36:46.244  5910  5910 D cellinfo: onsignalStrengthsChanged: LTE Signal Strength info: rsrp: -86 rsrq: -13 rssi: -51 rssnr: 2
08-10 23:36:46.244  5910  5910 D cellinfo: onsignalStrengthsChanged: 5G-NR Signal Strength info: ssrsrp: -87 ssrsrq: -13 sssinr: 2147483647
08-10 23:36:46.325  5910  5982 D cellinfo: 46 bytes from 44.241.174.93: icmp_seq=11716 ttl=30 time=39.6 ms
08-10 23:36:46.536  5910  5982 D cellinfo: 46 bytes from 44.241.174.93: icmp_seq=11717 ttl=30 time=49.6 ms
08-10 23:36:46.725  5910  5982 D cellinfo: 46 bytes from 44.241.174.93: icmp_seq=11718 ttl=30 time=38.7 ms
08-10 23:36:46.925  5910  5982 D cellinfo: 46 bytes from 44.241.174.93: icmp_seq=11719 ttl=30 time=38.3 ms
08-10 23:36:47.128  5910  5982 D cellinfo: 46 bytes from 44.241.174.93: icmp_seq=11720 ttl=30 time=39.7 ms
08-10 23:36:47.313  5910  5910 D cellinfo: Latitude is 39.7526516
08-10 23:36:47.313  5910  5910 D cellinfo: Longitude is -105.0169507
08-10 23:36:47.313  5910  5910 D cellinfo: Instantaneous GPS information: United States, 2436 W Byron Pl, Denver, CO 80211, USA
08-10 23:36:47.313  5910  5910 D cellinfo: getCurrentLocation() result: Location (success): 39.7526516, -105.0169507
08-10 23:36:47.315  5910  5910 D cellinfo: onCellInfoChanged: Operator: T-Mobile UpdateTimestamp: 19928136 CellConnectionStatus: 0
08-10 23:36:47.315  5910  5910 D cellinfo: onCellInfoChanged: LTE Cell Bands: [2] Bandwidth: 15000 Cell ID: 5629454 Physical Cell ID: 177 Tracking Area Code: 41224 EARFCN: 875
08-10 23:36:47.333  5910  5982 D cellinfo: 46 bytes from 44.241.174.93: icmp_seq=11721 ttl=30 time=44.3 ms
08-10 23:36:47.534  5910  5982 D cellinfo: 46 bytes from 44.241.174.93: icmp_seq=11722 ttl=30 time=43.9 ms
08-10 23:36:47.732  5910  5982 D cellinfo: 46 bytes from 44.241.174.93: icmp_seq=11723 ttl=30 time=41.9 ms
08-10 23:36:47.938  5910  5982 D cellinfo: 46 bytes from 44.241.174.93: icmp_seq=11724 ttl=30 time=46.7 ms
08-10 23:36:48.133  5910  5982 D cellinfo: 46 bytes from 44.241.174.93: icmp_seq=11725 ttl=30 time=41.3 ms
08-10 23:36:48.333  5910  5982 D cellinfo: 46 bytes from 44.241.174.93: icmp_seq=11726 ttl=30 time=40.1 ms
08-10 23:36:48.454  5910  5910 D cellinfo: onsignalStrengthsChanged: LTE Signal Strength info: rsrp: -88 rsrq: -17 rssi: -57 rssnr: 4
08-10 23:36:48.454  5910  5910 D cellinfo: onsignalStrengthsChanged: 5G-NR Signal Strength info: ssrsrp: -87 ssrsrq: -13 sssinr: 2147483647
08-10 23:36:48.537  5910  5982 D cellinfo: 46 bytes from 44.241.174.93: icmp_seq=11727 ttl=30 time=43.8 ms
08-10 23:36:48.736  5910  5982 D cellinfo: 46 bytes from 44.241.174.93: icmp_seq=11728 ttl=30 time=42.7 ms
08-10 23:36:48.936  5910  5982 D cellinfo: 46 bytes from 44.241.174.93: icmp_seq=11729 ttl=30 time=41.4 ms
08-10 23:36:49.135  5910  5982 D cellinfo: 46 bytes from 44.241.174.93: icmp_seq=11730 ttl=30 time=39.9 ms
08-10 23:36:49.242  5910  5910 D cellinfo: onsignalStrengthsChanged: LTE Signal Strength info: rsrp: -88 rsrq: -17 rssi: -57 rssnr: 4
08-10 23:36:49.242  5910  5910 D cellinfo: onsignalStrengthsChanged: 5G-NR Signal Strength info: ssrsrp: -84 ssrsrq: -12 sssinr: 2147483647
08-10 23:36:49.336  5910  5982 D cellinfo: 46 bytes from 44.241.174.93: icmp_seq=11731 ttl=30 time=40.1 ms
08-10 23:36:49.550  5910  5982 D cellinfo: 46 bytes from 44.241.174.93: icmp_seq=11732 ttl=30 time=53.5 ms
08-10 23:36:49.588  5910  5910 D cellinfo: onServiceStateChanged: Channel Number: 875 Cell Bandwidths: [15000]
08-10 23:36:49.741  5910  5982 D cellinfo: 46 bytes from 44.241.174.93: icmp_seq=11733 ttl=30 time=42.7 ms
08-10 23:36:49.940  5910  5982 D cellinfo: 46 bytes from 44.241.174.93: icmp_seq=11734 ttl=30 time=41.8 ms
08-10 23:36:50.142  5910  5982 D cellinfo: 46 bytes from 44.241.174.93: icmp_seq=11735 ttl=30 time=42.4 ms
08-10 23:36:50.310  5910  5910 D cellinfo: Latitude is 39.752441
08-10 23:36:50.310  5910  5910 D cellinfo: Longitude is -105.0170596
08-10 23:36:50.310  5910  5910 D cellinfo: Instantaneous GPS information: United States, 2436 W Byron Pl, Denver, CO 80211, USA
08-10 23:36:50.310  5910  5910 D cellinfo: getCurrentLocation() result: Location (success): 39.752441, -105.0170596
08-10 23:36:50.312  5910  5910 D cellinfo: onCellInfoChanged: Operator: T-Mobile UpdateTimestamp: 19931152 CellConnectionStatus: 0
08-10 23:36:50.312  5910  5910 D cellinfo: onCellInfoChanged: LTE Cell Bands: [2] Bandwidth: 15000 Cell ID: 26923789 Physical Cell ID: 305 Tracking Area Code: 41224 EARFCN: 875
08-10 23:36:50.343  5910  5982 D cellinfo: 46 bytes from 44.241.174.93: icmp_seq=11736 ttl=30 time=42.0 ms
08-10 23:36:50.542  5910  5982 D cellinfo: 46 bytes from 44.241.174.93: icmp_seq=11737 ttl=30 time=38.7 ms
08-10 23:36:50.691  5910  5910 D cellinfo: onsignalStrengthsChanged: LTE Signal Strength info: rsrp: -93 rsrq: -10 rssi: -59 rssnr: 2
08-10 23:36:50.691  5910  5910 D cellinfo: onsignalStrengthsChanged: 5G-NR Signal Strength info: ssrsrp: -84 ssrsrq: -12 sssinr: 2147483647
08-10 23:36:50.741  5910  5982 D cellinfo: 46 bytes from 44.241.174.93: icmp_seq=11738 ttl=30 time=39.4 ms
08-10 23:36:50.946  5910  5982 D cellinfo: 46 bytes from 44.241.174.93: icmp_seq=11739 ttl=30 time=42.4 ms
08-10 23:36:51.148  5910  5982 D cellinfo: 46 bytes from 44.241.174.93: icmp_seq=11740 ttl=30 time=43.0 ms
08-10 23:36:51.347  5910  5982 D cellinfo: 46 bytes from 44.241.174.93: icmp_seq=11741 ttl=30 time=41.9 ms
08-10 23:36:51.548  5910  5982 D cellinfo: 46 bytes from 44.241.174.93: icmp_seq=11742 ttl=30 time=41.6 ms
08-10 23:36:51.746  5910  5982 D cellinfo: 46 bytes from 44.241.174.93: icmp_seq=11743 ttl=30 time=39.1 ms
08-10 23:36:51.948  5910  5982 D cellinfo: 46 bytes from 44.241.174.93: icmp_seq=11744 ttl=30 time=40.1 ms
08-10 23:36:52.151  5910  5982 D cellinfo: 46 bytes from 44.241.174.93: icmp_seq=11745 ttl=30 time=42.2 ms
08-10 23:36:52.241  5910  5910 D cellinfo: onsignalStrengthsChanged: LTE Signal Strength info: rsrp: -93 rsrq: -10 rssi: -59 rssnr: 2
08-10 23:36:52.241  5910  5910 D cellinfo: onsignalStrengthsChanged: 5G-NR Signal Strength info: ssrsrp: -84 ssrsrq: -11 sssinr: 2147483647
08-10 23:36:52.259  5910  5910 D cellinfo: onsignalStrengthsChanged: LTE Signal Strength info: rsrp: -90 rsrq: -17 rssi: -59 rssnr: 4
08-10 23:36:52.259  5910  5910 D cellinfo: onsignalStrengthsChanged: 5G-NR Signal Strength info: ssrsrp: -84 ssrsrq: -11 sssinr: 2147483647
08-10 23:36:52.351  5910  5982 D cellinfo: 46 bytes from 44.241.174.93: icmp_seq=11746 ttl=30 time=41.2 ms
08-10 23:36:52.572  5910  5910 D cellinfo: onServiceStateChanged: Channel Number: 875 Cell Bandwidths: [15000]
08-10 23:36:52.590  5910  5982 D cellinfo: 46 bytes from 44.241.174.93: icmp_seq=11747 ttl=30 time=80.1 ms
08-10 23:36:52.755  5910  5982 D cellinfo: 46 bytes from 44.241.174.93: icmp_seq=11748 ttl=30 time=44.4 ms
08-10 23:36:52.933  5910  5910 D cellinfo: onsignalStrengthsChanged: LTE Signal Strength info: rsrp: -93 rsrq: -11 rssi: -55 rssnr: -1
08-10 23:36:52.933  5910  5910 D cellinfo: onsignalStrengthsChanged: 5G-NR Signal Strength info: ssrsrp: -84 ssrsrq: -11 sssinr: 2147483647
08-10 23:36:52.951  5910  5982 D cellinfo: 46 bytes from 44.241.174.93: icmp_seq=11749 ttl=30 time=38.7 ms
08-10 23:36:53.151  5910  5982 D cellinfo: 46 bytes from 44.241.174.93: icmp_seq=11750 ttl=30 time=38.0 ms
08-10 23:36:53.323  5910  5910 D cellinfo: Latitude is 39.7515612
08-10 23:36:53.323  5910  5910 D cellinfo: Longitude is -105.0173062
08-10 23:36:53.323  5910  5910 D cellinfo: Instantaneous GPS information: United States, 2300 Alcott St, Denver, CO 80211, USA
08-10 23:36:53.323  5910  5910 D cellinfo: getCurrentLocation() result: Location (success): 39.7515612, -105.0173062
08-10 23:36:53.324  5910  5910 D cellinfo: onCellInfoChanged: Operator: T-Mobile UpdateTimestamp: 19934140 CellConnectionStatus: 0
08-10 23:36:53.325  5910  5910 D cellinfo: onCellInfoChanged: LTE Cell Bands: [2] Bandwidth: 15000 Cell ID: 5629455 Physical Cell ID: 41 Tracking Area Code: 41224 EARFCN: 875
08-10 23:36:53.360  5910  5982 D cellinfo: 46 bytes from 44.241.174.93: icmp_seq=11751 ttl=30 time=46.2 ms
08-10 23:36:53.556  5910  5982 D cellinfo: 46 bytes from 44.241.174.93: icmp_seq=11752 ttl=30 time=41.3 ms
08-10 23:36:53.758  5910  5982 D cellinfo: 46 bytes from 44.241.174.93: icmp_seq=11753 ttl=30 time=42.4 ms
08-10 23:36:53.964  5910  5982 D cellinfo: 46 bytes from 44.241.174.93: icmp_seq=11754 ttl=30 time=48.3 ms
08-10 23:36:54.158  5910  5982 D cellinfo: 46 bytes from 44.241.174.93: icmp_seq=11755 ttl=30 time=41.0 ms
08-10 23:36:54.366  5910  5982 D cellinfo: 46 bytes from 44.241.174.93: icmp_seq=11756 ttl=30 time=48.3 ms
08-10 23:36:54.560  5910  5982 D cellinfo: 46 bytes from 44.241.174.93: icmp_seq=11757 ttl=30 time=41.2 ms
08-10 23:36:54.763  5910  5982 D cellinfo: 46 bytes from 44.241.174.93: icmp_seq=11758 ttl=30 time=43.3 ms
08-10 23:36:54.961  5910  5982 D cellinfo: 46 bytes from 44.241.174.93: icmp_seq=11759 ttl=30 time=40.2 ms
08-10 23:36:55.165  5910  5982 D cellinfo: 46 bytes from 44.241.174.93: icmp_seq=11760 ttl=30 time=43.3 ms
08-10 23:36:55.177  5910  5910 D cellinfo: onsignalStrengthsChanged: LTE Signal Strength info: rsrp: -87 rsrq: -14 rssi: -53 rssnr: 4
08-10 23:36:55.177  5910  5910 D cellinfo: onsignalStrengthsChanged: 5G-NR Signal Strength info: ssrsrp: -84 ssrsrq: -11 sssinr: 2147483647
08-10 23:36:55.370  5910  5982 D cellinfo: 46 bytes from 44.241.174.93: icmp_seq=11761 ttl=30 time=47.2 ms
08-10 23:36:55.566  5910  5982 D cellinfo: 46 bytes from 44.241.174.93: icmp_seq=11762 ttl=30 time=42.2 ms
08-10 23:36:55.768  5910  5982 D cellinfo: 46 bytes from 44.241.174.93: icmp_seq=11763 ttl=30 time=42.5 ms
08-10 23:36:55.965  5910  5982 D cellinfo: 46 bytes from 44.241.174.93: icmp_seq=11764 ttl=30 time=38.7 ms
08-10 23:36:56.172  5910  5982 D cellinfo: 46 bytes from 44.241.174.93: icmp_seq=11765 ttl=30 time=45.2 ms
08-10 23:36:56.344  5910  5910 D cellinfo: Latitude is 39.750815
08-10 23:36:56.344  5910  5910 D cellinfo: Longitude is -105.0176315
08-10 23:36:56.344  5910  5910 D cellinfo: Instantaneous GPS information: United States, 2510 W 23rd Ave, Denver, CO 80211, USA
08-10 23:36:56.344  5910  5910 D cellinfo: getCurrentLocation() result: Location (success): 39.750815, -105.0176315
08-10 23:36:56.346  5910  5910 D cellinfo: onCellInfoChanged: Operator: T-Mobile UpdateTimestamp: 19937146 CellConnectionStatus: 0
08-10 23:36:56.346  5910  5910 D cellinfo: onCellInfoChanged: LTE Cell Bands: [2] Bandwidth: 15000 Cell ID: 5629455 Physical Cell ID: 41 Tracking Area Code: 41224 EARFCN: 875
08-10 23:36:56.366  5910  5982 D cellinfo: 46 bytes from 44.241.174.93: icmp_seq=11766 ttl=30 time=38.1 ms
08-10 23:36:56.576  5910  5982 D cellinfo: 46 bytes from 44.241.174.93: icmp_seq=11767 ttl=30 time=47.4 ms
08-10 23:36:56.771  5910  5982 D cellinfo: 46 bytes from 44.241.174.93: icmp_seq=11768 ttl=30 time=41.2 ms
08-10 23:36:56.972  5910  5982 D cellinfo: 46 bytes from 44.241.174.93: icmp_seq=11769 ttl=30 time=41.5 ms
08-10 23:36:57.172  5910  5982 D cellinfo: 46 bytes from 44.241.174.93: icmp_seq=11770 ttl=30 time=40.2 ms
08-10 23:36:57.378  5910  5982 D cellinfo: 46 bytes from 44.241.174.93: icmp_seq=11771 ttl=30 time=45.2 ms
08-10 23:36:57.415  5910  5910 D cellinfo: onsignalStrengthsChanged: LTE Signal Strength info: rsrp: -86 rsrq: -13 rssi: -53 rssnr: 5
08-10 23:36:57.415  5910  5910 D cellinfo: onsignalStrengthsChanged: 5G-NR Signal Strength info: ssrsrp: -84 ssrsrq: -11 sssinr: 2147483647
08-10 23:36:57.582  5910  5982 D cellinfo: 46 bytes from 44.241.174.93: icmp_seq=11772 ttl=30 time=47.7 ms
08-10 23:36:57.778  5910  5982 D cellinfo: 46 bytes from 44.241.174.93: icmp_seq=11773 ttl=30 time=43.5 ms
08-10 23:36:57.978  5910  5982 D cellinfo: 46 bytes from 44.241.174.93: icmp_seq=11774 ttl=30 time=43.2 ms
08-10 23:36:58.184  5910  5982 D cellinfo: 46 bytes from 44.241.174.93: icmp_seq=11775 ttl=30 time=47.7 ms
08-10 23:36:58.240  5910  5910 D cellinfo: onsignalStrengthsChanged: LTE Signal Strength info: rsrp: -86 rsrq: -13 rssi: -53 rssnr: 5
08-10 23:36:58.241  5910  5910 D cellinfo: onsignalStrengthsChanged: 5G-NR Signal Strength info: ssrsrp: -85 ssrsrq: -12 sssinr: 2147483647
08-10 23:36:58.378  5910  5982 D cellinfo: 46 bytes from 44.241.174.93: icmp_seq=11776 ttl=30 time=41.2 ms
08-10 23:36:58.578  5910  5982 D cellinfo: 46 bytes from 44.241.174.93: icmp_seq=11777 ttl=30 time=40.7 ms
08-10 23:36:58.786  5910  5982 D cellinfo: 46 bytes from 44.241.174.93: icmp_seq=11778 ttl=30 time=47.8 ms
08-10 23:36:58.985  5910  5982 D cellinfo: 46 bytes from 44.241.174.93: icmp_seq=11779 ttl=30 time=46.8 ms
08-10 23:36:59.189  5910  5982 D cellinfo: 46 bytes from 44.241.174.93: icmp_seq=11780 ttl=30 time=49.8 ms
08-10 23:36:59.347  5910  5910 D cellinfo: Latitude is 39.7501187
08-10 23:36:59.347  5910  5910 D cellinfo: Longitude is -105.0177949
08-10 23:36:59.347  5910  5910 D cellinfo: Instantaneous GPS information: United States, 2190 Bryant St, Denver, CO 80211, USA
08-10 23:36:59.347  5910  5910 D cellinfo: getCurrentLocation() result: Location (success): 39.7501187, -105.0177949
08-10 23:36:59.349  5910  5910 D cellinfo: onCellInfoChanged: Operator: T-Mobile UpdateTimestamp: 19940151 CellConnectionStatus: 0
08-10 23:36:59.349  5910  5910 D cellinfo: onCellInfoChanged: LTE Cell Bands: [2] Bandwidth: 15000 Cell ID: 5629455 Physical Cell ID: 41 Tracking Area Code: 41224 EARFCN: 875
08-10 23:36:59.390  5910  5982 D cellinfo: 46 bytes from 44.241.174.93: icmp_seq=11781 ttl=30 time=50.3 ms
08-10 23:36:59.585  5910  5982 D cellinfo: 46 bytes from 44.241.174.93: icmp_seq=11782 ttl=30 time=44.9 ms
08-10 23:36:59.780  5910  5982 D cellinfo: 46 bytes from 44.241.174.93: icmp_seq=11783 ttl=30 time=38.7 ms
08-10 23:36:59.981  5910  5982 D cellinfo: 46 bytes from 44.241.174.93: icmp_seq=11784 ttl=30 time=39.2 ms
08-10 23:37:00.193  5910  5982 D cellinfo: 46 bytes from 44.241.174.93: icmp_seq=11785 ttl=30 time=50.0 ms
08-10 23:37:00.398  5910  5982 D cellinfo: 46 bytes from 44.241.174.93: icmp_seq=11786 ttl=30 time=54.1 ms
08-10 23:37:00.594  5910  5982 D cellinfo: 46 bytes from 44.241.174.93: icmp_seq=11787 ttl=30 time=49.3 ms
08-10 23:37:00.788  5910  5982 D cellinfo: 46 bytes from 44.241.174.93: icmp_seq=11788 ttl=30 time=42.0 ms
08-10 23:37:00.987  5910  5982 D cellinfo: 46 bytes from 44.241.174.93: icmp_seq=11789 ttl=30 time=41.3 ms
08-10 23:37:01.188  5910  5982 D cellinfo: 46 bytes from 44.241.174.93: icmp_seq=11790 ttl=30 time=40.4 ms
08-10 23:37:01.241  5910  5910 D cellinfo: onsignalStrengthsChanged: LTE Signal Strength info: rsrp: -86 rsrq: -13 rssi: -53 rssnr: 5
08-10 23:37:01.241  5910  5910 D cellinfo: onsignalStrengthsChanged: 5G-NR Signal Strength info: ssrsrp: -83 ssrsrq: -12 sssinr: 2147483647
08-10 23:37:01.258  5910  5910 D cellinfo: onsignalStrengthsChanged: LTE Signal Strength info: rsrp: -79 rsrq: -7 rssi: -51 rssnr: 7
08-10 23:37:01.258  5910  5910 D cellinfo: onsignalStrengthsChanged: 5G-NR Signal Strength info: ssrsrp: -83 ssrsrq: -12 sssinr: 2147483647
08-10 23:37:01.391  5910  5982 D cellinfo: 46 bytes from 44.241.174.93: icmp_seq=11791 ttl=30 time=42.5 ms
08-10 23:37:01.593  5910  5982 D cellinfo: 46 bytes from 44.241.174.93: icmp_seq=11792 ttl=30 time=43.2 ms
08-10 23:37:01.792  5910  5982 D cellinfo: 46 bytes from 44.241.174.93: icmp_seq=11793 ttl=30 time=41.9 ms
08-10 23:37:02.000  5910  5982 D cellinfo: 46 bytes from 44.241.174.93: icmp_seq=11794 ttl=30 time=49.4 ms
08-10 23:37:02.191  5910  5982 D cellinfo: 46 bytes from 44.241.174.93: icmp_seq=11795 ttl=30 time=39.4 ms
08-10 23:37:02.331  5910  5910 D cellinfo: Latitude is 39.7489962
08-10 23:37:02.331  5910  5910 D cellinfo: Longitude is -105.0184402
08-10 23:37:02.331  5910  5910 D cellinfo: Instantaneous GPS information: United States, 2170 Bryant St, Denver, CO 80211, USA
08-10 23:37:02.331  5910  5910 D cellinfo: getCurrentLocation() result: Location (success): 39.7489962, -105.0184402
08-10 23:37:02.333  5910  5910 D cellinfo: onCellInfoChanged: Operator: T-Mobile UpdateTimestamp: 19943125 CellConnectionStatus: 0
08-10 23:37:02.333  5910  5910 D cellinfo: onCellInfoChanged: LTE Cell Bands: [2] Bandwidth: 15000 Cell ID: 5629455 Physical Cell ID: 41 Tracking Area Code: 41224 EARFCN: 875
08-10 23:37:02.403  5910  5982 D cellinfo: 46 bytes from 44.241.174.93: icmp_seq=11796 ttl=30 time=49.6 ms
08-10 23:37:02.596  5910  5982 D cellinfo: 46 bytes from 44.241.174.93: icmp_seq=11797 ttl=30 time=41.4 ms
08-10 23:37:02.798  5910  5982 D cellinfo: 46 bytes from 44.241.174.93: icmp_seq=11798 ttl=30 time=42.2 ms
08-10 23:37:02.839  5910  5910 D cellinfo: onsignalStrengthsChanged: LTE Signal Strength info: rsrp: -79 rsrq: -7 rssi: -51 rssnr: 7
08-10 23:37:02.839  5910  5910 D cellinfo: onsignalStrengthsChanged: 5G-NR Signal Strength info: ssrsrp: -84 ssrsrq: -11 sssinr: 2147483647
08-10 23:37:02.998  5910  5982 D cellinfo: 46 bytes from 44.241.174.93: icmp_seq=11799 ttl=30 time=41.2 ms
08-10 23:37:03.280  5910  5982 D cellinfo: 46 bytes from 44.241.174.93: icmp_seq=11800 ttl=30 time=123 ms
08-10 23:37:03.309  5910  5910 D cellinfo: onServiceStateChanged: Channel Number: 875 Cell Bandwidths: [15000]
08-10 23:37:03.407  5910  5982 D cellinfo: 46 bytes from 44.241.174.93: icmp_seq=11801 ttl=30 time=49.3 ms
08-10 23:37:03.613  5910  5982 D cellinfo: 46 bytes from 44.241.174.93: icmp_seq=11802 ttl=30 time=53.9 ms
08-10 23:37:03.809  5910  5982 D cellinfo: 46 bytes from 44.241.174.93: icmp_seq=11803 ttl=30 time=49.7 ms
08-10 23:37:04.001  5910  5982 D cellinfo: 46 bytes from 44.241.174.93: icmp_seq=11804 ttl=30 time=41.1 ms
08-10 23:37:04.135  5910  5910 D cellinfo: onsignalStrengthsChanged: LTE Signal Strength info: rsrp: -85 rsrq: -11 rssi: -51 rssnr: 5
08-10 23:37:04.135  5910  5910 D cellinfo: onsignalStrengthsChanged: 5G-NR Signal Strength info: ssrsrp: -84 ssrsrq: -11 sssinr: 2147483647
08-10 23:37:04.200  5910  5982 D cellinfo: 46 bytes from 44.241.174.93: icmp_seq=11805 ttl=30 time=40.5 ms
08-10 23:37:04.400  5910  5982 D cellinfo: 46 bytes from 44.241.174.93: icmp_seq=11806 ttl=30 time=39.3 ms
08-10 23:37:04.603  5910  5982 D cellinfo: 46 bytes from 44.241.174.93: icmp_seq=11807 ttl=30 time=40.5 ms
08-10 23:37:04.818  5910  5982 D cellinfo: 46 bytes from 44.241.174.93: icmp_seq=11808 ttl=30 time=54.4 ms
08-10 23:37:05.006  5910  5982 D cellinfo: 46 bytes from 44.241.174.93: icmp_seq=11809 ttl=30 time=41.2 ms
08-10 23:37:05.208  5910  5982 D cellinfo: 46 bytes from 44.241.174.93: icmp_seq=11810 ttl=30 time=43.5 ms
08-10 23:37:05.307  5910  5910 D cellinfo: Latitude is 39.7481705
08-10 23:37:05.307  5910  5910 D cellinfo: Longitude is -105.0186382
08-10 23:37:05.307  5910  5910 D cellinfo: Instantaneous GPS information: United States, 2020 Bryant St, Denver, CO 80211, USA
08-10 23:37:05.307  5910  5910 D cellinfo: getCurrentLocation() result: Location (success): 39.7481705, -105.0186382
08-10 23:37:05.309  5910  5910 D cellinfo: onCellInfoChanged: Operator: T-Mobile UpdateTimestamp: 19946142 CellConnectionStatus: 0
08-10 23:37:05.310  5910  5910 D cellinfo: onCellInfoChanged: LTE Cell Bands: [2] Bandwidth: 15000 Cell ID: 30999051 Physical Cell ID: 223 Tracking Area Code: 41224 EARFCN: 875
08-10 23:37:05.406  5910  5982 D cellinfo: 46 bytes from 44.241.174.93: icmp_seq=11811 ttl=30 time=40.0 ms
08-10 23:37:05.620  5910  5982 D cellinfo: 46 bytes from 44.241.174.93: icmp_seq=11812 ttl=30 time=53.1 ms
08-10 23:37:05.806  5910  5982 D cellinfo: 46 bytes from 44.241.174.93: icmp_seq=11813 ttl=30 time=38.3 ms
08-10 23:37:06.013  5910  5982 D cellinfo: 46 bytes from 44.241.174.93: icmp_seq=11814 ttl=30 time=44.0 ms
08-10 23:37:06.225  5910  5982 D cellinfo: 46 bytes from 44.241.174.93: icmp_seq=11815 ttl=30 time=57.2 ms
08-10 23:37:06.375  5910  5910 D cellinfo: onsignalStrengthsChanged: LTE Signal Strength info: rsrp: -87 rsrq: -17 rssi: -57 rssnr: 2
08-10 23:37:06.375  5910  5910 D cellinfo: onsignalStrengthsChanged: 5G-NR Signal Strength info: ssrsrp: -84 ssrsrq: -11 sssinr: 2147483647
08-10 23:37:06.413  5910  5982 D cellinfo: 46 bytes from 44.241.174.93: icmp_seq=11816 ttl=30 time=44.1 ms
08-10 23:37:06.618  5910  5982 D cellinfo: 46 bytes from 44.241.174.93: icmp_seq=11817 ttl=30 time=48.3 ms
08-10 23:37:06.810  5910  5982 D cellinfo: 46 bytes from 44.241.174.93: icmp_seq=11818 ttl=30 time=39.3 ms
08-10 23:37:07.015  5910  5982 D cellinfo: 46 bytes from 44.241.174.93: icmp_seq=11819 ttl=30 time=43.4 ms
08-10 23:37:07.218  5910  5982 D cellinfo: 46 bytes from 44.241.174.93: icmp_seq=11820 ttl=30 time=45.4 ms
08-10 23:37:07.241  5910  5910 D cellinfo: onsignalStrengthsChanged: LTE Signal Strength info: rsrp: -87 rsrq: -17 rssi: -57 rssnr: 2
08-10 23:37:07.241  5910  5910 D cellinfo: onsignalStrengthsChanged: 5G-NR Signal Strength info: ssrsrp: -85 ssrsrq: -11 sssinr: 2147483647
08-10 23:37:07.424  5910  5982 D cellinfo: 46 bytes from 44.241.174.93: icmp_seq=11821 ttl=30 time=51.1 ms
08-10 23:37:07.625  5910  5982 D cellinfo: 46 bytes from 44.241.174.93: icmp_seq=11822 ttl=30 time=51.1 ms
08-10 23:37:07.820  5910  5982 D cellinfo: 46 bytes from 44.241.174.93: icmp_seq=11823 ttl=30 time=45.3 ms
08-10 23:37:08.017  5910  5982 D cellinfo: 46 bytes from 44.241.174.93: icmp_seq=11824 ttl=30 time=40.9 ms
08-10 23:37:08.218  5910  5982 D cellinfo: 46 bytes from 44.241.174.93: icmp_seq=11825 ttl=30 time=41.7 ms
08-10 23:37:08.406  5910  5910 D cellinfo: Latitude is 39.7470055
08-10 23:37:08.406  5910  5910 D cellinfo: Longitude is -105.0195889
08-10 23:37:08.406  5910  5910 D cellinfo: Instantaneous GPS information: United States, 1975 Mile High Stadium Cir, Denver, CO 80204, USA
08-10 23:37:08.406  5910  5910 D cellinfo: getCurrentLocation() result: Location (success): 39.7470055, -105.0195889
08-10 23:37:08.407  5910  5910 D cellinfo: onCellInfoChanged: Operator: T-Mobile UpdateTimestamp: 19949133 CellConnectionStatus: 0
08-10 23:37:08.407  5910  5910 D cellinfo: onCellInfoChanged: LTE Cell Bands: [2] Bandwidth: 15000 Cell ID: 30999051 Physical Cell ID: 223 Tracking Area Code: 41224 EARFCN: 875
08-10 23:37:08.418  5910  5982 D cellinfo: 46 bytes from 44.241.174.93: icmp_seq=11826 ttl=30 time=40.5 ms
08-10 23:37:08.617  5910  5982 D cellinfo: 46 bytes from 44.241.174.93: icmp_seq=11827 ttl=30 time=40.1 ms
08-10 23:37:08.834  5910  5982 D cellinfo: 46 bytes from 44.241.174.93: icmp_seq=11828 ttl=30 time=55.9 ms
08-10 23:37:09.023  5910  5982 D cellinfo: 46 bytes from 44.241.174.93: icmp_seq=11829 ttl=30 time=43.6 ms
08-10 23:37:09.225  5910  5982 D cellinfo: 46 bytes from 44.241.174.93: icmp_seq=11830 ttl=30 time=46.6 ms
08-10 23:37:09.426  5910  5982 D cellinfo: 46 bytes from 44.241.174.93: icmp_seq=11831 ttl=30 time=47.0 ms
08-10 23:37:09.636  5910  5982 D cellinfo: 46 bytes from 44.241.174.93: icmp_seq=11832 ttl=30 time=56.4 ms
08-10 23:37:09.824  5910  5982 D cellinfo: 46 bytes from 44.241.174.93: icmp_seq=11833 ttl=30 time=43.5 ms
08-10 23:37:10.030  5910  5982 D cellinfo: 46 bytes from 44.241.174.93: icmp_seq=11834 ttl=30 time=48.6 ms
08-10 23:37:10.234  5910  5982 D cellinfo: 46 bytes from 44.241.174.93: icmp_seq=11835 ttl=30 time=52.3 ms
08-10 23:37:10.248  5910  5910 D cellinfo: onsignalStrengthsChanged: LTE Signal Strength info: rsrp: -87 rsrq: -17 rssi: -57 rssnr: 2
08-10 23:37:10.248  5910  5910 D cellinfo: onsignalStrengthsChanged: 5G-NR Signal Strength info: ssrsrp: -91 ssrsrq: -12 sssinr: 2147483647
08-10 23:37:10.262  5910  5910 D cellinfo: onsignalStrengthsChanged: LTE Signal Strength info: rsrp: -87 rsrq: -13 rssi: -59 rssnr: 7
08-10 23:37:10.262  5910  5910 D cellinfo: onsignalStrengthsChanged: 5G-NR Signal Strength info: ssrsrp: -91 ssrsrq: -12 sssinr: 2147483647
08-10 23:37:10.432  5910  5982 D cellinfo: 46 bytes from 44.241.174.93: icmp_seq=11836 ttl=30 time=49.8 ms
08-10 23:37:10.630  5910  5982 D cellinfo: 46 bytes from 44.241.174.93: icmp_seq=11837 ttl=30 time=46.8 ms
08-10 23:37:10.833  5910  5982 D cellinfo: 46 bytes from 44.241.174.93: icmp_seq=11838 ttl=30 time=49.0 ms
08-10 23:37:11.030  5910  5982 D cellinfo: 46 bytes from 44.241.174.93: icmp_seq=11839 ttl=30 time=46.0 ms
08-10 23:37:11.387  5910  5982 D cellinfo: 46 bytes from 44.241.174.93: icmp_seq=11840 ttl=30 time=203 ms
08-10 23:37:11.454  5910  5982 D cellinfo: 46 bytes from 44.241.174.93: icmp_seq=11841 ttl=30 time=68.4 ms
08-10 23:37:11.629  5910  5910 D cellinfo: Latitude is 39.7467104
08-10 23:37:11.629  5910  5910 D cellinfo: Longitude is -105.0197662
08-10 23:37:11.629  5910  5910 D cellinfo: Instantaneous GPS information: United States, 1919 Mile High Stadium Cir, Denver, CO 80204, USA
08-10 23:37:11.629  5910  5910 D cellinfo: getCurrentLocation() result: Location (success): 39.7467104, -105.0197662
08-10 23:37:11.631  5910  5910 D cellinfo: onCellInfoChanged: Operator: T-Mobile UpdateTimestamp: 19952150 CellConnectionStatus: 0
08-10 23:37:11.631  5910  5910 D cellinfo: onCellInfoChanged: LTE Cell Bands: [2] Bandwidth: 15000 Cell ID: 30999051 Physical Cell ID: 223 Tracking Area Code: 41224 EARFCN: 875
08-10 23:37:11.633  5910  5982 D cellinfo: 46 bytes from 44.241.174.93: icmp_seq=11842 ttl=30 time=46.1 ms
08-10 23:37:11.833  5910  5982 D cellinfo: 46 bytes from 44.241.174.93: icmp_seq=11843 ttl=30 time=45.2 ms
08-10 23:37:12.053  5910  5982 D cellinfo: 46 bytes from 44.241.174.93: icmp_seq=11844 ttl=30 time=64.6 ms
08-10 23:37:12.258  5910  5982 D cellinfo: 46 bytes from 44.241.174.93: icmp_seq=11845 ttl=30 time=69.1 ms
08-10 23:37:12.515  5910  5982 D cellinfo: 46 bytes from 44.241.174.93: icmp_seq=11846 ttl=30 time=125 ms
08-10 23:37:12.693  5910  5982 D cellinfo: 46 bytes from 44.241.174.93: icmp_seq=11847 ttl=30 time=102 ms
08-10 23:37:12.853  5910  5982 D cellinfo: 46 bytes from 44.241.174.93: icmp_seq=11848 ttl=30 time=61.0 ms
08-10 23:37:13.038  5910  5982 D cellinfo: 46 bytes from 44.241.174.93: icmp_seq=11849 ttl=30 time=44.3 ms
08-10 23:37:13.096  5910  5910 D cellinfo: onsignalStrengthsChanged: LTE Signal Strength info: rsrp: -88 rsrq: -12 rssi: -57 rssnr: 6
08-10 23:37:13.096  5910  5910 D cellinfo: onsignalStrengthsChanged: 5G-NR Signal Strength info: ssrsrp: -91 ssrsrq: -12 sssinr: 2147483647
08-10 23:37:13.238  5910  5982 D cellinfo: 46 bytes from 44.241.174.93: icmp_seq=11850 ttl=30 time=44.1 ms
08-10 23:37:13.244  5910  5910 D cellinfo: onsignalStrengthsChanged: LTE Signal Strength info: rsrp: -88 rsrq: -12 rssi: -57 rssnr: 6
08-10 23:37:13.244  5910  5910 D cellinfo: onsignalStrengthsChanged: 5G-NR Signal Strength info: ssrsrp: -93 ssrsrq: -13 sssinr: 30
08-10 23:37:13.438  5910  5982 D cellinfo: 46 bytes from 44.241.174.93: icmp_seq=11851 ttl=30 time=43.0 ms
08-10 23:37:13.638  5910  5982 D cellinfo: 46 bytes from 44.241.174.93: icmp_seq=11852 ttl=30 time=42.1 ms
08-10 23:37:13.838  5910  5982 D cellinfo: 46 bytes from 44.241.174.93: icmp_seq=11853 ttl=30 time=41.5 ms
08-10 23:37:14.044  5910  5982 D cellinfo: 46 bytes from 44.241.174.93: icmp_seq=11854 ttl=30 time=44.7 ms
08-10 23:37:14.246  5910  5982 D cellinfo: 46 bytes from 44.241.174.93: icmp_seq=11855 ttl=30 time=48.2 ms
08-10 23:37:14.334  5910  5910 D cellinfo: Latitude is 39.7464227
08-10 23:37:14.334  5910  5910 D cellinfo: Longitude is -105.0198686
08-10 23:37:14.334  5910  5910 D cellinfo: Instantaneous GPS information: United States, 1919 Mile High Stadium Cir, Denver, CO 80204, USA
08-10 23:37:14.334  5910  5910 D cellinfo: getCurrentLocation() result: Location (success): 39.7464227, -105.0198686
08-10 23:37:14.336  5910  5910 D cellinfo: onCellInfoChanged: Operator: T-Mobile UpdateTimestamp: 19955145 CellConnectionStatus: 0
08-10 23:37:14.336  5910  5910 D cellinfo: onCellInfoChanged: LTE Cell Bands: [2] Bandwidth: 15000 Cell ID: 30999051 Physical Cell ID: 223 Tracking Area Code: 41224 EARFCN: 875
08-10 23:37:14.442  5910  5982 D cellinfo: 46 bytes from 44.241.174.93: icmp_seq=11856 ttl=30 time=44.1 ms
08-10 23:37:14.641  5910  5982 D cellinfo: 46 bytes from 44.241.174.93: icmp_seq=11857 ttl=30 time=41.3 ms
08-10 23:37:14.840  5910  5982 D cellinfo: 46 bytes from 44.241.174.93: icmp_seq=11858 ttl=30 time=40.0 ms
08-10 23:37:15.043  5910  5982 D cellinfo: 46 bytes from 44.241.174.93: icmp_seq=11859 ttl=30 time=41.6 ms
08-10 23:37:15.253  5910  5982 D cellinfo: 46 bytes from 44.241.174.93: icmp_seq=11860 ttl=30 time=52.2 ms
08-10 23:37:15.335  5910  5910 D cellinfo: onsignalStrengthsChanged: LTE Signal Strength info: rsrp: -85 rsrq: -13 rssi: -51 rssnr: 7
08-10 23:37:15.335  5910  5910 D cellinfo: onsignalStrengthsChanged: 5G-NR Signal Strength info: ssrsrp: -93 ssrsrq: -13 sssinr: 30
08-10 23:37:15.452  5910  5982 D cellinfo: 46 bytes from 44.241.174.93: icmp_seq=11861 ttl=30 time=49.0 ms
08-10 23:37:15.653  5910  5982 D cellinfo: 46 bytes from 44.241.174.93: icmp_seq=11862 ttl=30 time=48.9 ms
08-10 23:37:15.893  5910  5982 D cellinfo: 46 bytes from 44.241.174.93: icmp_seq=11863 ttl=30 time=88.2 ms
08-10 23:37:16.133  5910  5982 D cellinfo: 46 bytes from 44.241.174.93: icmp_seq=11864 ttl=30 time=127 ms
08-10 23:37:16.240  5910  5910 D cellinfo: onsignalStrengthsChanged: LTE Signal Strength info: rsrp: -85 rsrq: -13 rssi: -51 rssnr: 7
08-10 23:37:16.240  5910  5910 D cellinfo: onsignalStrengthsChanged: 5G-NR Signal Strength info: ssrsrp: -89 ssrsrq: -12 sssinr: 2147483647
08-10 23:37:16.258  5910  5982 D cellinfo: 46 bytes from 44.241.174.93: icmp_seq=11865 ttl=30 time=52.4 ms
08-10 23:37:16.448  5910  5982 D cellinfo: 46 bytes from 44.241.174.93: icmp_seq=11866 ttl=30 time=40.8 ms
08-10 23:37:16.665  5910  5982 D cellinfo: 46 bytes from 44.241.174.93: icmp_seq=11867 ttl=30 time=57.9 ms
08-10 23:37:16.793  5910  5910 D cellinfo: onsignalStrengthsChanged: LTE Signal Strength info: rsrp: -85 rsrq: -13 rssi: -51 rssnr: 7
08-10 23:37:16.793  5910  5910 D cellinfo: onsignalStrengthsChanged: 5G-NR Signal Strength info: ssrsrp: -85 ssrsrq: -12 sssinr: 2147483647
08-10 23:37:16.910  5910  5982 D cellinfo: 46 bytes from 44.241.174.93: icmp_seq=11868 ttl=30 time=101 ms
08-10 23:37:17.053  5910  5982 D cellinfo: 46 bytes from 44.241.174.93: icmp_seq=11869 ttl=30 time=43.3 ms
08-10 23:37:17.259  5910  5982 D cellinfo: 46 bytes from 44.241.174.93: icmp_seq=11870 ttl=30 time=49.0 ms
08-10 23:37:17.354  5910  5910 D cellinfo: Latitude is 39.7456501
08-10 23:37:17.354  5910  5910 D cellinfo: Longitude is -105.0196101
08-10 23:37:17.354  5910  5910 D cellinfo: Instantaneous GPS information: United States, 1701 Bryant St, Denver, CO 80204, USA
08-10 23:37:17.354  5910  5910 D cellinfo: getCurrentLocation() result: Location (success): 39.7456501, -105.0196101
08-10 23:37:17.357  5910  5910 D cellinfo: onCellInfoChanged: Operator: T-Mobile UpdateTimestamp: 19958149 CellConnectionStatus: 0
08-10 23:37:17.357  5910  5910 D cellinfo: onCellInfoChanged: LTE Cell Bands: [2] Bandwidth: 15000 Cell ID: 30999051 Physical Cell ID: 223 Tracking Area Code: 41224 EARFCN: 875
08-10 23:37:17.457  5910  5982 D cellinfo: 46 bytes from 44.241.174.93: icmp_seq=11871 ttl=30 time=46.3 ms
08-10 23:37:17.652  5910  5982 D cellinfo: 46 bytes from 44.241.174.93: icmp_seq=11872 ttl=30 time=40.0 ms
08-10 23:37:17.861  5910  5982 D cellinfo: 46 bytes from 44.241.174.93: icmp_seq=11873 ttl=30 time=47.7 ms
08-10 23:37:18.057  5910  5982 D cellinfo: 46 bytes from 44.241.174.93: icmp_seq=11874 ttl=30 time=43.6 ms
08-10 23:37:18.259  5910  5982 D cellinfo: 46 bytes from 44.241.174.93: icmp_seq=11875 ttl=30 time=44.9 ms
08-10 23:37:18.465  5910  5982 D cellinfo: 46 bytes from 44.241.174.93: icmp_seq=11876 ttl=30 time=50.3 ms
08-10 23:37:18.658  5910  5982 D cellinfo: 46 bytes from 44.241.174.93: icmp_seq=11877 ttl=30 time=42.1 ms
08-10 23:37:18.863  5910  5982 D cellinfo: 46 bytes from 44.241.174.93: icmp_seq=11878 ttl=30 time=46.0 ms
08-10 23:37:19.065  5910  5982 D cellinfo: 46 bytes from 44.241.174.93: icmp_seq=11879 ttl=30 time=47.3 ms
08-10 23:37:19.243  5910  5910 D cellinfo: onsignalStrengthsChanged: LTE Signal Strength info: rsrp: -85 rsrq: -13 rssi: -51 rssnr: 7
08-10 23:37:19.243  5910  5910 D cellinfo: onsignalStrengthsChanged: 5G-NR Signal Strength info: ssrsrp: -79 ssrsrq: -12 sssinr: 2147483647
08-10 23:37:19.264  5910  5910 D cellinfo: onsignalStrengthsChanged: LTE Signal Strength info: rsrp: -75 rsrq: -10 rssi: -51 rssnr: 11
08-10 23:37:19.264  5910  5910 D cellinfo: onsignalStrengthsChanged: 5G-NR Signal Strength info: ssrsrp: -79 ssrsrq: -12 sssinr: 2147483647
08-10 23:37:19.279  5910  5982 D cellinfo: 46 bytes from 44.241.174.93: icmp_seq=11880 ttl=30 time=60.2 ms
