08-10 20:41:14.749 14030 14080 D cellinfo: 46 bytes from 44.241.174.93: icmp_seq=1049 ttl=42 time=60.5 ms
08-10 20:41:14.943 14030 14080 D cellinfo: 46 bytes from 44.241.174.93: icmp_seq=1050 ttl=42 time=53.1 ms
08-10 20:41:14.994 14030 14030 D cellinfo: onsignalStrengthsChanged: LTE Signal Strength info: rsrp: -107 rsrq: -10 rssi: -79 rssnr: 10
08-10 20:41:14.994 14030 14030 D cellinfo: onsignalStrengthsChanged: 5G-NR Signal Strength info: ssrsrp: -101 ssrsrq: -12 sssinr: 11
08-10 20:41:15.147 14030 14080 D cellinfo: 46 bytes from 44.241.174.93: icmp_seq=1051 ttl=42 time=56.3 ms
08-10 20:41:15.348 14030 14080 D cellinfo: 46 bytes from 44.241.174.93: icmp_seq=1052 ttl=42 time=55.6 ms
08-10 20:41:15.559 14030 14080 D cellinfo: 46 bytes from 44.241.174.93: icmp_seq=1053 ttl=42 time=65.5 ms
08-10 20:41:15.748 14030 14080 D cellinfo: 46 bytes from 44.241.174.93: icmp_seq=1054 ttl=42 time=53.7 ms
08-10 20:41:15.942 14030 14080 D cellinfo: 46 bytes from 44.241.174.93: icmp_seq=1055 ttl=42 time=47.2 ms
08-10 20:41:16.112 14030 14030 D cellinfo: Latitude is 41.4383334
08-10 20:41:16.112 14030 14030 D cellinfo: Longitude is -105.9292934
08-10 20:41:16.112 14030 14030 D cellinfo: Instantaneous GPS information: United States, Dwight D. Eisenhower Hwy, Laramie, WY 82070, USA
08-10 20:41:16.112 14030 14030 D cellinfo: getCurrentLocation() result: Location (success): 41.4383334, -105.9292934
08-10 20:41:16.142 14030 14080 D cellinfo: 46 bytes from 44.241.174.93: icmp_seq=1056 ttl=42 time=46.6 ms
08-10 20:41:16.160 14030 14030 D cellinfo: onCellInfoChanged: Operator: T-Mobile UpdateTimestamp: 9397195 CellConnectionStatus: 0
08-10 20:41:16.160 14030 14030 D cellinfo: onCellInfoChanged: LTE Cell Bands: [2] Bandwidth: 10000 Cell ID: 25826571 Physical Cell ID: 219 Tracking Area Code: 47617 EARFCN: 852
08-10 20:41:16.359 14030 14080 D cellinfo: 46 bytes from 44.241.174.93: icmp_seq=1057 ttl=42 time=62.2 ms
08-10 20:41:16.553 14030 14080 D cellinfo: 46 bytes from 44.241.174.93: icmp_seq=1058 ttl=42 time=55.3 ms
08-10 20:41:16.619 14030 14030 D cellinfo: onsignalStrengthsChanged: LTE Signal Strength info: rsrp: -111 rsrq: -12 rssi: -75 rssnr: -1
08-10 20:41:16.619 14030 14030 D cellinfo: onsignalStrengthsChanged: 5G-NR Signal Strength info: ssrsrp: -101 ssrsrq: -12 sssinr: 11
08-10 20:41:16.764 14030 14080 D cellinfo: 46 bytes from 44.241.174.93: icmp_seq=1059 ttl=42 time=65.7 ms
08-10 20:41:16.807 14030 14030 D cellinfo: onServiceStateChanged: Channel Number: 852 Cell Bandwidths: [10000]
08-10 20:41:16.886 14030 14030 D cellinfo: onsignalStrengthsChanged: LTE Signal Strength info: rsrp: -108 rsrq: -13 rssi: -75 rssnr: 0
08-10 20:41:16.886 14030 14030 D cellinfo: onsignalStrengthsChanged: 5G-NR Signal Strength info: ssrsrp: -101 ssrsrq: -12 sssinr: 11
08-10 20:41:16.957 14030 14080 D cellinfo: 46 bytes from 44.241.174.93: icmp_seq=1060 ttl=42 time=57.6 ms
08-10 20:41:17.157 14030 14080 D cellinfo: 46 bytes from 44.241.174.93: icmp_seq=1061 ttl=42 time=56.7 ms
08-10 20:41:17.360 14030 14080 D cellinfo: 46 bytes from 44.241.174.93: icmp_seq=1062 ttl=42 time=57.9 ms
08-10 20:41:17.569 14030 14080 D cellinfo: 46 bytes from 44.241.174.93: icmp_seq=1063 ttl=42 time=66.0 ms
08-10 20:41:17.787 14030 14080 D cellinfo: 46 bytes from 44.241.174.93: icmp_seq=1064 ttl=42 time=83.6 ms
08-10 20:41:17.996 14030 14030 D cellinfo: onsignalStrengthsChanged: LTE Signal Strength info: rsrp: -108 rsrq: -13 rssi: -75 rssnr: 0
08-10 20:41:17.996 14030 14030 D cellinfo: onsignalStrengthsChanged: 5G-NR Signal Strength info: ssrsrp: -99 ssrsrq: -12 sssinr: 2147483647
08-10 20:41:17.998 14030 14080 D cellinfo: 46 bytes from 44.241.174.93: icmp_seq=1065 ttl=42 time=92.7 ms
08-10 20:41:18.171 14030 14080 D cellinfo: 46 bytes from 44.241.174.93: icmp_seq=1066 ttl=42 time=64.1 ms
08-10 20:41:18.370 14030 14080 D cellinfo: 46 bytes from 44.241.174.93: icmp_seq=1067 ttl=42 time=62.1 ms
08-10 20:41:18.568 14030 14080 D cellinfo: 46 bytes from 44.241.174.93: icmp_seq=1068 ttl=42 time=58.9 ms
08-10 20:41:18.774 14030 14080 D cellinfo: 46 bytes from 44.241.174.93: icmp_seq=1069 ttl=42 time=64.3 ms
08-10 20:41:18.861 14030 14030 D cellinfo: onsignalStrengthsChanged: LTE Signal Strength info: rsrp: -103 rsrq: -13 rssi: -75 rssnr: 4
08-10 20:41:18.861 14030 14030 D cellinfo: onsignalStrengthsChanged: 5G-NR Signal Strength info: ssrsrp: -99 ssrsrq: -12 sssinr: 2147483647
08-10 20:41:18.967 14030 14080 D cellinfo: 46 bytes from 44.241.174.93: icmp_seq=1070 ttl=42 time=56.0 ms
08-10 20:41:19.166 14030 14080 D cellinfo: 46 bytes from 44.241.174.93: icmp_seq=1071 ttl=42 time=54.6 ms
08-10 20:41:19.378 14030 14080 D cellinfo: 46 bytes from 44.241.174.93: icmp_seq=1072 ttl=42 time=63.6 ms
08-10 20:41:19.483 14030 14030 D cellinfo: Latitude is 41.4382524
08-10 20:41:19.483 14030 14030 D cellinfo: Longitude is -105.9287383
08-10 20:41:19.483 14030 14030 D cellinfo: Instantaneous GPS information: United States, Dwight D. Eisenhower Hwy, Laramie, WY 82070, USA
08-10 20:41:19.483 14030 14030 D cellinfo: getCurrentLocation() result: Location (success): 41.4382524, -105.9287383
08-10 20:41:19.485 14030 14030 D cellinfo: onCellInfoChanged: Operator: T-Mobile UpdateTimestamp: 9400217 CellConnectionStatus: 0
08-10 20:41:19.485 14030 14030 D cellinfo: onCellInfoChanged: LTE Cell Bands: [2] Bandwidth: 10000 Cell ID: 26173965 Physical Cell ID: 182 Tracking Area Code: 47617 EARFCN: 852
08-10 20:41:19.577 14030 14080 D cellinfo: 46 bytes from 44.241.174.93: icmp_seq=1073 ttl=42 time=62.3 ms
08-10 20:41:19.777 14030 14080 D cellinfo: 46 bytes from 44.241.174.93: icmp_seq=1074 ttl=42 time=61.7 ms
08-10 20:41:19.978 14030 14080 D cellinfo: 46 bytes from 44.241.174.93: icmp_seq=1075 ttl=42 time=60.7 ms
08-10 20:41:20.179 14030 14080 D cellinfo: 46 bytes from 44.241.174.93: icmp_seq=1076 ttl=42 time=60.6 ms
08-10 20:41:20.381 14030 14080 D cellinfo: 46 bytes from 44.241.174.93: icmp_seq=1077 ttl=42 time=61.0 ms
08-10 20:41:20.581 14030 14080 D cellinfo: 46 bytes from 44.241.174.93: icmp_seq=1078 ttl=42 time=59.7 ms
08-10 20:41:20.785 14030 14080 D cellinfo: 46 bytes from 44.241.174.93: icmp_seq=1079 ttl=42 time=63.2 ms
08-10 20:41:20.987 14030 14080 D cellinfo: 46 bytes from 44.241.174.93: icmp_seq=1080 ttl=42 time=64.3 ms
08-10 20:41:20.995 14030 14030 D cellinfo: onsignalStrengthsChanged: LTE Signal Strength info: rsrp: -103 rsrq: -13 rssi: -75 rssnr: 4
08-10 20:41:20.995 14030 14030 D cellinfo: onsignalStrengthsChanged: 5G-NR Signal Strength info: ssrsrp: -101 ssrsrq: -12 sssinr: 2147483647
08-10 20:41:21.187 14030 14080 D cellinfo: 46 bytes from 44.241.174.93: icmp_seq=1081 ttl=42 time=62.9 ms
08-10 20:41:21.389 14030 14080 D cellinfo: 46 bytes from 44.241.174.93: icmp_seq=1082 ttl=42 time=63.3 ms
08-10 20:41:21.586 14030 14080 D cellinfo: 46 bytes from 44.241.174.93: icmp_seq=1083 ttl=42 time=59.9 ms
08-10 20:41:21.818 14030 14080 D cellinfo: 46 bytes from 44.241.174.93: icmp_seq=1084 ttl=42 time=90.9 ms
08-10 20:41:21.986 14030 14080 D cellinfo: 46 bytes from 44.241.174.93: icmp_seq=1085 ttl=42 time=58.0 ms
08-10 20:41:22.194 14030 14080 D cellinfo: 46 bytes from 44.241.174.93: icmp_seq=1086 ttl=42 time=65.3 ms
08-10 20:41:22.397 14030 14080 D cellinfo: 46 bytes from 44.241.174.93: icmp_seq=1087 ttl=42 time=66.2 ms
08-10 20:41:22.473 14030 14030 D cellinfo: Latitude is 41.4381462
08-10 20:41:22.473 14030 14030 D cellinfo: Longitude is -105.9280118
08-10 20:41:22.473 14030 14030 D cellinfo: Instantaneous GPS information: United States, Dwight D. Eisenhower Hwy, Laramie, WY 82070, USA
08-10 20:41:22.473 14030 14030 D cellinfo: getCurrentLocation() result: Location (success): 41.4381462, -105.9280118
08-10 20:41:22.475 14030 14030 D cellinfo: onCellInfoChanged: Operator: T-Mobile UpdateTimestamp: 9403213 CellConnectionStatus: 0
08-10 20:41:22.475 14030 14030 D cellinfo: onCellInfoChanged: LTE Cell Bands: [2] Bandwidth: 10000 Cell ID: 26173965 Physical Cell ID: 182 Tracking Area Code: 47617 EARFCN: 852
08-10 20:41:22.592 14030 14080 D cellinfo: 46 bytes from 44.241.174.93: icmp_seq=1088 ttl=42 time=61.0 ms
08-10 20:41:22.788 14030 14080 D cellinfo: 46 bytes from 44.241.174.93: icmp_seq=1089 ttl=42 time=56.3 ms
08-10 20:41:22.887 14030 14030 D cellinfo: onsignalStrengthsChanged: LTE Signal Strength info: rsrp: -105 rsrq: -12 rssi: -73 rssnr: 5
08-10 20:41:22.887 14030 14030 D cellinfo: onsignalStrengthsChanged: 5G-NR Signal Strength info: ssrsrp: -101 ssrsrq: -12 sssinr: 2147483647
08-10 20:41:23.020 14030 14080 D cellinfo: 46 bytes from 44.241.174.93: icmp_seq=1090 ttl=42 time=87.9 ms
08-10 20:41:23.182 14030 14080 D cellinfo: 46 bytes from 44.241.174.93: icmp_seq=1091 ttl=42 time=50.2 ms
08-10 20:41:23.196 14030 14030 D cellinfo: onServiceStateChanged: Channel Number: 852 Cell Bandwidths: [10000]
08-10 20:41:23.339 14030 14030 D cellinfo: onsignalStrengthsChanged: LTE Signal Strength info: rsrp: -102 rsrq: -10 rssi: -71 rssnr: 8
08-10 20:41:23.339 14030 14030 D cellinfo: onsignalStrengthsChanged: 5G-NR Signal Strength info: ssrsrp: -101 ssrsrq: -12 sssinr: 2147483647
08-10 20:41:23.380 14030 14080 D cellinfo: 46 bytes from 44.241.174.93: icmp_seq=1092 ttl=42 time=48.2 ms
08-10 20:41:23.581 14030 14080 D cellinfo: 46 bytes from 44.241.174.93: icmp_seq=1093 ttl=42 time=47.7 ms
08-10 20:41:23.793 14030 14080 D cellinfo: 46 bytes from 44.241.174.93: icmp_seq=1094 ttl=42 time=58.7 ms
08-10 20:41:23.992 14030 14080 D cellinfo: 46 bytes from 44.241.174.93: icmp_seq=1095 ttl=42 time=56.8 ms
08-10 20:41:24.002 14030 14030 D cellinfo: onsignalStrengthsChanged: LTE Signal Strength info: rsrp: -102 rsrq: -10 rssi: -71 rssnr: 8
08-10 20:41:24.002 14030 14030 D cellinfo: onsignalStrengthsChanged: 5G-NR Signal Strength info: ssrsrp: -103 ssrsrq: -12 sssinr: 28
08-10 20:41:24.191 14030 14080 D cellinfo: 46 bytes from 44.241.174.93: icmp_seq=1096 ttl=42 time=55.6 ms
08-10 20:41:24.391 14030 14080 D cellinfo: 46 bytes from 44.241.174.93: icmp_seq=1097 ttl=42 time=54.3 ms
08-10 20:41:24.590 14030 14080 D cellinfo: 46 bytes from 44.241.174.93: icmp_seq=1098 ttl=42 time=53.0 ms
08-10 20:41:24.791 14030 14080 D cellinfo: 46 bytes from 44.241.174.93: icmp_seq=1099 ttl=42 time=53.1 ms
08-10 20:41:24.993 14030 14080 D cellinfo: 46 bytes from 44.241.174.93: icmp_seq=1100 ttl=42 time=54.4 ms
08-10 20:41:25.192 14030 14080 D cellinfo: 46 bytes from 44.241.174.93: icmp_seq=1101 ttl=42 time=52.8 ms
08-10 20:41:25.391 14030 14080 D cellinfo: 46 bytes from 44.241.174.93: icmp_seq=1102 ttl=42 time=50.5 ms
08-10 20:41:25.446 14030 14030 D cellinfo: Latitude is 41.4381114
08-10 20:41:25.446 14030 14030 D cellinfo: Longitude is -105.927775
08-10 20:41:25.446 14030 14030 D cellinfo: Instantaneous GPS information: United States, Dwight D. Eisenhower Hwy, Laramie, WY 82070, USA
08-10 20:41:25.447 14030 14030 D cellinfo: getCurrentLocation() result: Location (success): 41.4381114, -105.927775
08-10 20:41:25.450 14030 14030 D cellinfo: onCellInfoChanged: Operator: T-Mobile UpdateTimestamp: 9406205 CellConnectionStatus: 0
08-10 20:41:25.450 14030 14030 D cellinfo: onCellInfoChanged: LTE Cell Bands: [2] Bandwidth: 10000 Cell ID: 25826571 Physical Cell ID: 219 Tracking Area Code: 47617 EARFCN: 852
08-10 20:41:25.583 14030 14030 D cellinfo: onsignalStrengthsChanged: LTE Signal Strength info: rsrp: -99 rsrq: -8 rssi: -79 rssnr: 15
08-10 20:41:25.583 14030 14030 D cellinfo: onsignalStrengthsChanged: 5G-NR Signal Strength info: ssrsrp: -103 ssrsrq: -12 sssinr: 28
08-10 20:41:25.591 14030 14080 D cellinfo: 46 bytes from 44.241.174.93: icmp_seq=1103 ttl=42 time=49.8 ms
08-10 20:41:25.798 14030 14080 D cellinfo: 46 bytes from 44.241.174.93: icmp_seq=1104 ttl=42 time=56.4 ms
08-10 20:41:25.991 14030 14080 D cellinfo: 46 bytes from 44.241.174.93: icmp_seq=1105 ttl=42 time=48.0 ms
08-10 20:41:26.191 14030 14080 D cellinfo: 46 bytes from 44.241.174.93: icmp_seq=1106 ttl=42 time=46.4 ms
08-10 20:41:26.410 14030 14080 D cellinfo: 46 bytes from 44.241.174.93: icmp_seq=1107 ttl=42 time=64.5 ms
08-10 20:41:26.609 14030 14080 D cellinfo: 46 bytes from 44.241.174.93: icmp_seq=1108 ttl=42 time=61.9 ms
08-10 20:41:26.823 14030 14080 D cellinfo: 46 bytes from 44.241.174.93: icmp_seq=1109 ttl=42 time=74.9 ms
08-10 20:41:26.993 14030 14030 D cellinfo: onsignalStrengthsChanged: LTE Signal Strength info: rsrp: -99 rsrq: -8 rssi: -79 rssnr: 15
08-10 20:41:26.993 14030 14030 D cellinfo: onsignalStrengthsChanged: 5G-NR Signal Strength info: ssrsrp: -101 ssrsrq: -12 sssinr: 2147483647
08-10 20:41:27.011 14030 14080 D cellinfo: 46 bytes from 44.241.174.93: icmp_seq=1110 ttl=42 time=61.5 ms
08-10 20:41:27.211 14030 14080 D cellinfo: 46 bytes from 44.241.174.93: icmp_seq=1111 ttl=42 time=61.1 ms
08-10 20:41:27.422 14030 14080 D cellinfo: 46 bytes from 44.241.174.93: icmp_seq=1112 ttl=42 time=70.8 ms
08-10 20:41:27.665 14030 14080 D cellinfo: 46 bytes from 44.241.174.93: icmp_seq=1113 ttl=42 time=113 ms
08-10 20:41:27.735 14030 14030 D cellinfo: onServiceStateChanged: Channel Number: 852 Cell Bandwidths: [10000]
08-10 20:41:27.820 14030 14030 D cellinfo: onsignalStrengthsChanged: LTE Signal Strength info: rsrp: -114 rsrq: -13 rssi: -81 rssnr: 5
08-10 20:41:27.820 14030 14030 D cellinfo: onsignalStrengthsChanged: 5G-NR Signal Strength info: ssrsrp: -101 ssrsrq: -12 sssinr: 2147483647
08-10 20:41:27.831 14030 14080 D cellinfo: 46 bytes from 44.241.174.93: icmp_seq=1114 ttl=42 time=78.0 ms
08-10 20:41:28.017 14030 14080 D cellinfo: 46 bytes from 44.241.174.93: icmp_seq=1115 ttl=42 time=63.8 ms
08-10 20:41:28.154 14030 14030 D cellinfo: onCellInfoChanged: Operator: T-Mobile UpdateTimestamp: 9409189 CellConnectionStatus: 0
08-10 20:41:28.154 14030 14030 D cellinfo: onCellInfoChanged: LTE Cell Bands: [2] Bandwidth: 10000 Cell ID: 26173965 Physical Cell ID: 182 Tracking Area Code: 47617 EARFCN: 852
08-10 20:41:28.215 14030 14080 D cellinfo: 46 bytes from 44.241.174.93: icmp_seq=1116 ttl=42 time=62.0 ms
08-10 20:41:28.408 14030 14080 D cellinfo: 46 bytes from 44.241.174.93: icmp_seq=1117 ttl=42 time=54.3 ms
08-10 20:41:28.631 14030 14080 D cellinfo: 46 bytes from 44.241.174.93: icmp_seq=1118 ttl=42 time=76.3 ms
08-10 20:41:28.831 14030 14080 D cellinfo: 46 bytes from 44.241.174.93: icmp_seq=1119 ttl=42 time=75.3 ms
08-10 20:41:29.019 14030 14080 D cellinfo: 46 bytes from 44.241.174.93: icmp_seq=1120 ttl=42 time=62.1 ms
08-10 20:41:29.216 14030 14080 D cellinfo: 46 bytes from 44.241.174.93: icmp_seq=1121 ttl=42 time=59.9 ms
08-10 20:41:29.438 14030 14080 D cellinfo: 46 bytes from 44.241.174.93: icmp_seq=1122 ttl=42 time=79.9 ms
08-10 20:41:29.627 14030 14080 D cellinfo: 46 bytes from 44.241.174.93: icmp_seq=1123 ttl=42 time=67.1 ms
08-10 20:41:29.639 14030 14030 D cellinfo: Latitude is 41.4375312
08-10 20:41:29.639 14030 14030 D cellinfo: Longitude is -105.9239015
08-10 20:41:29.639 14030 14030 D cellinfo: Instantaneous GPS information: United States, Dwight D. Eisenhower Hwy, Laramie, WY 82070, USA
08-10 20:41:29.639 14030 14030 D cellinfo: getCurrentLocation() result: Location (success): 41.4375312, -105.9239015
08-10 20:41:29.823 14030 14080 D cellinfo: 46 bytes from 44.241.174.93: icmp_seq=1124 ttl=42 time=61.5 ms
08-10 20:41:29.993 14030 14030 D cellinfo: onsignalStrengthsChanged: LTE Signal Strength info: rsrp: -114 rsrq: -13 rssi: -81 rssnr: 5
08-10 20:41:29.993 14030 14030 D cellinfo: onsignalStrengthsChanged: 5G-NR Signal Strength info: ssrsrp: -103 ssrsrq: -11 sssinr: 2147483647
08-10 20:41:30.019 14030 14080 D cellinfo: 46 bytes from 44.241.174.93: icmp_seq=1125 ttl=42 time=56.2 ms
08-10 20:41:30.218 14030 14080 D cellinfo: 46 bytes from 44.241.174.93: icmp_seq=1126 ttl=42 time=56.0 ms
08-10 20:41:30.426 14030 14080 D cellinfo: 46 bytes from 44.241.174.93: icmp_seq=1127 ttl=42 time=62.5 ms
08-10 20:41:30.627 14030 14080 D cellinfo: 46 bytes from 44.241.174.93: icmp_seq=1128 ttl=42 time=63.0 ms
08-10 20:41:30.824 14030 14080 D cellinfo: 46 bytes from 44.241.174.93: icmp_seq=1129 ttl=42 time=59.2 ms
08-10 20:41:31.024 14030 14080 D cellinfo: 46 bytes from 44.241.174.93: icmp_seq=1130 ttl=42 time=57.9 ms
08-10 20:41:31.115 14030 14030 D cellinfo: Latitude is 41.4375312
08-10 20:41:31.115 14030 14030 D cellinfo: Longitude is -105.9239015
08-10 20:41:31.115 14030 14030 D cellinfo: Instantaneous GPS information: United States, Dwight D. Eisenhower Hwy, Laramie, WY 82070, USA
08-10 20:41:31.115 14030 14030 D cellinfo: getCurrentLocation() result: Location (success): 41.4375312, -105.9239015
08-10 20:41:31.176 14030 14030 D cellinfo: onCellInfoChanged: Operator: T-Mobile UpdateTimestamp: 9412208 CellConnectionStatus: 0
08-10 20:41:31.176 14030 14030 D cellinfo: onCellInfoChanged: LTE Cell Bands: [2] Bandwidth: 10000 Cell ID: 26173965 Physical Cell ID: 182 Tracking Area Code: 47617 EARFCN: 852
08-10 20:41:31.225 14030 14080 D cellinfo: 46 bytes from 44.241.174.93: icmp_seq=1131 ttl=42 time=59.6 ms
08-10 20:41:31.486 14030 14080 D cellinfo: 46 bytes from 44.241.174.93: icmp_seq=1132 ttl=42 time=119 ms
08-10 20:41:31.552 14030 14030 D cellinfo: onServiceStateChanged: Channel Number: 852 Cell Bandwidths: [10000]
08-10 20:41:31.627 14030 14080 D cellinfo: 46 bytes from 44.241.174.93: icmp_seq=1133 ttl=42 time=59.2 ms
08-10 20:41:31.831 14030 14080 D cellinfo: 46 bytes from 44.241.174.93: icmp_seq=1134 ttl=42 time=62.1 ms
08-10 20:41:31.890 14030 14030 D cellinfo: onsignalStrengthsChanged: LTE Signal Strength info: rsrp: -109 rsrq: -12 rssi: -75 rssnr: 1
08-10 20:41:31.890 14030 14030 D cellinfo: onsignalStrengthsChanged: 5G-NR Signal Strength info: ssrsrp: -103 ssrsrq: -11 sssinr: 2147483647
08-10 20:41:32.029 14030 14080 D cellinfo: 46 bytes from 44.241.174.93: icmp_seq=1135 ttl=42 time=59.5 ms
08-10 20:41:32.239 14030 14080 D cellinfo: 46 bytes from 44.241.174.93: icmp_seq=1136 ttl=42 time=68.6 ms
08-10 20:41:32.428 14030 14080 D cellinfo: 46 bytes from 44.241.174.93: icmp_seq=1137 ttl=42 time=56.3 ms
08-10 20:41:32.629 14030 14080 D cellinfo: 46 bytes from 44.241.174.93: icmp_seq=1138 ttl=42 time=55.8 ms
08-10 20:41:32.838 14030 14080 D cellinfo: 46 bytes from 44.241.174.93: icmp_seq=1139 ttl=42 time=64.4 ms
08-10 20:41:32.993 14030 14030 D cellinfo: onsignalStrengthsChanged: LTE Signal Strength info: rsrp: -109 rsrq: -12 rssi: -75 rssnr: 1
08-10 20:41:32.993 14030 14030 D cellinfo: onsignalStrengthsChanged: 5G-NR Signal Strength info: ssrsrp: -107 ssrsrq: -12 sssinr: 2147483647
08-10 20:41:33.053 14030 14080 D cellinfo: 46 bytes from 44.241.174.93: icmp_seq=1140 ttl=42 time=77.4 ms
08-10 20:41:33.239 14030 14080 D cellinfo: 46 bytes from 44.241.174.93: icmp_seq=1141 ttl=42 time=63.3 ms
08-10 20:41:33.430 14030 14080 D cellinfo: 46 bytes from 44.241.174.93: icmp_seq=1142 ttl=42 time=53.3 ms
08-10 20:41:33.632 14030 14080 D cellinfo: 46 bytes from 44.241.174.93: icmp_seq=1143 ttl=42 time=53.8 ms
08-10 20:41:33.844 14030 14080 D cellinfo: 46 bytes from 44.241.174.93: icmp_seq=1144 ttl=42 time=66.3 ms
08-10 20:41:34.044 14030 14080 D cellinfo: 46 bytes from 44.241.174.93: icmp_seq=1145 ttl=42 time=65.5 ms
08-10 20:41:34.227 14030 14080 D cellinfo: 46 bytes from 44.241.174.93: icmp_seq=1146 ttl=42 time=47.9 ms
08-10 20:41:34.440 14030 14080 D cellinfo: 46 bytes from 44.241.174.93: icmp_seq=1147 ttl=42 time=59.3 ms
08-10 20:41:34.471 14030 14030 D cellinfo: Latitude is 41.437457
08-10 20:41:34.471 14030 14030 D cellinfo: Longitude is -105.9232777
08-10 20:41:34.471 14030 14030 D cellinfo: Instantaneous GPS information: United States, Dwight D. Eisenhower Hwy, Laramie, WY 82070, USA
08-10 20:41:34.471 14030 14030 D cellinfo: getCurrentLocation() result: Location (success): 41.437457, -105.9232777
08-10 20:41:34.473 14030 14030 D cellinfo: onCellInfoChanged: Operator: T-Mobile UpdateTimestamp: 9415207 CellConnectionStatus: 0
08-10 20:41:34.473 14030 14030 D cellinfo: onCellInfoChanged: LTE Cell Bands: [2] Bandwidth: 10000 Cell ID: 25826571 Physical Cell ID: 219 Tracking Area Code: 47617 EARFCN: 852
08-10 20:41:34.540 14030 14030 D cellinfo: onsignalStrengthsChanged: LTE Signal Strength info: rsrp: -104 rsrq: -9 rssi: -77 rssnr: 9
08-10 20:41:34.540 14030 14030 D cellinfo: onsignalStrengthsChanged: 5G-NR Signal Strength info: ssrsrp: -107 ssrsrq: -12 sssinr: 2147483647
08-10 20:41:34.632 14030 14080 D cellinfo: 46 bytes from 44.241.174.93: icmp_seq=1148 ttl=42 time=51.2 ms
08-10 20:41:34.836 14030 14080 D cellinfo: 46 bytes from 44.241.174.93: icmp_seq=1149 ttl=42 time=54.3 ms
08-10 20:41:35.030 14030 14080 D cellinfo: 46 bytes from 44.241.174.93: icmp_seq=1150 ttl=42 time=47.6 ms
08-10 20:41:35.238 14030 14030 D cellinfo: onsignalStrengthsChanged: LTE Signal Strength info: rsrp: -104 rsrq: -9 rssi: -77 rssnr: 9
08-10 20:41:35.238 14030 14030 D cellinfo: onsignalStrengthsChanged: 5G-NR Signal Strength info: ssrsrp: -107 ssrsrq: -14 sssinr: 2147483647
08-10 20:41:35.251 14030 14080 D cellinfo: 46 bytes from 44.241.174.93: icmp_seq=1151 ttl=42 time=68.6 ms
08-10 20:41:35.431 14030 14080 D cellinfo: 46 bytes from 44.241.174.93: icmp_seq=1152 ttl=42 time=47.4 ms
08-10 20:41:35.647 14030 14080 D cellinfo: 46 bytes from 44.241.174.93: icmp_seq=1153 ttl=42 time=62.6 ms
08-10 20:41:35.848 14030 14080 D cellinfo: 46 bytes from 44.241.174.93: icmp_seq=1154 ttl=42 time=62.0 ms
08-10 20:41:35.995 14030 14030 D cellinfo: onsignalStrengthsChanged: LTE Signal Strength info: rsrp: -104 rsrq: -9 rssi: -77 rssnr: 9
08-10 20:41:35.995 14030 14030 D cellinfo: onsignalStrengthsChanged: 5G-NR Signal Strength info: ssrsrp: -106 ssrsrq: -14 sssinr: 2147483647
08-10 20:41:36.046 14030 14080 D cellinfo: 46 bytes from 44.241.174.93: icmp_seq=1155 ttl=42 time=60.2 ms
08-10 20:41:36.239 14030 14080 D cellinfo: 46 bytes from 44.241.174.93: icmp_seq=1156 ttl=42 time=53.4 ms
08-10 20:41:36.448 14030 14080 D cellinfo: 46 bytes from 44.241.174.93: icmp_seq=1157 ttl=42 time=61.4 ms
08-10 20:41:36.641 14030 14080 D cellinfo: 46 bytes from 44.241.174.93: icmp_seq=1158 ttl=42 time=53.0 ms
08-10 20:41:36.780 14030 14030 D cellinfo: onsignalStrengthsChanged: LTE Signal Strength info: rsrp: -110 rsrq: -12 rssi: -83 rssnr: 7
08-10 20:41:36.780 14030 14030 D cellinfo: onsignalStrengthsChanged: 5G-NR Signal Strength info: ssrsrp: -106 ssrsrq: -14 sssinr: 2147483647
08-10 20:41:36.839 14030 14080 D cellinfo: 46 bytes from 44.241.174.93: icmp_seq=1159 ttl=42 time=51.4 ms
08-10 20:41:37.047 14030 14080 D cellinfo: 46 bytes from 44.241.174.93: icmp_seq=1160 ttl=42 time=58.2 ms
08-10 20:41:37.240 14030 14080 D cellinfo: 46 bytes from 44.241.174.93: icmp_seq=1161 ttl=42 time=50.3 ms
08-10 20:41:37.433 14030 14030 D cellinfo: Latitude is 41.4373576
08-10 20:41:37.433 14030 14030 D cellinfo: Longitude is -105.9224441
08-10 20:41:37.433 14030 14030 D cellinfo: Instantaneous GPS information: United States, Dwight D. Eisenhower Hwy, Laramie, WY 82070, USA
08-10 20:41:37.433 14030 14030 D cellinfo: getCurrentLocation() result: Location (success): 41.4373576, -105.9224441
08-10 20:41:37.435 14030 14030 D cellinfo: onCellInfoChanged: Operator: T-Mobile UpdateTimestamp: 9418208 CellConnectionStatus: 0
08-10 20:41:37.435 14030 14030 D cellinfo: onCellInfoChanged: LTE Cell Bands: [2] Bandwidth: 10000 Cell ID: 25826571 Physical Cell ID: 219 Tracking Area Code: 47617 EARFCN: 852
08-10 20:41:37.447 14030 14080 D cellinfo: 46 bytes from 44.241.174.93: icmp_seq=1162 ttl=42 time=56.2 ms
08-10 20:41:37.648 14030 14080 D cellinfo: 46 bytes from 44.241.174.93: icmp_seq=1163 ttl=42 time=55.5 ms
08-10 20:41:37.840 14030 14080 D cellinfo: 46 bytes from 44.241.174.93: icmp_seq=1164 ttl=42 time=47.1 ms
08-10 20:41:38.059 14030 14080 D cellinfo: 46 bytes from 44.241.174.93: icmp_seq=1165 ttl=42 time=64.5 ms
08-10 20:41:38.246 14030 14080 D cellinfo: 46 bytes from 44.241.174.93: icmp_seq=1166 ttl=42 time=50.8 ms
08-10 20:41:38.449 14030 14080 D cellinfo: 46 bytes from 44.241.174.93: icmp_seq=1167 ttl=42 time=52.9 ms
08-10 20:41:38.649 14030 14080 D cellinfo: 46 bytes from 44.241.174.93: icmp_seq=1168 ttl=42 time=51.9 ms
08-10 20:41:38.850 14030 14080 D cellinfo: 46 bytes from 44.241.174.93: icmp_seq=1169 ttl=42 time=50.9 ms
08-10 20:41:38.993 14030 14030 D cellinfo: onsignalStrengthsChanged: LTE Signal Strength info: rsrp: -110 rsrq: -12 rssi: -83 rssnr: 7
08-10 20:41:38.993 14030 14030 D cellinfo: onsignalStrengthsChanged: 5G-NR Signal Strength info: ssrsrp: -103 ssrsrq: -11 sssinr: 36
08-10 20:41:39.051 14030 14080 D cellinfo: 46 bytes from 44.241.174.93: icmp_seq=1170 ttl=42 time=51.4 ms
08-10 20:41:39.249 14030 14080 D cellinfo: 46 bytes from 44.241.174.93: icmp_seq=1171 ttl=42 time=48.9 ms
08-10 20:41:39.450 14030 14080 D cellinfo: 46 bytes from 44.241.174.93: icmp_seq=1172 ttl=42 time=48.8 ms
08-10 20:41:39.649 14030 14080 D cellinfo: 46 bytes from 44.241.174.93: icmp_seq=1173 ttl=42 time=47.6 ms
08-10 20:41:39.858 14030 14080 D cellinfo: 46 bytes from 44.241.174.93: icmp_seq=1174 ttl=42 time=54.7 ms
08-10 20:41:40.059 14030 14080 D cellinfo: 46 bytes from 44.241.174.93: icmp_seq=1175 ttl=42 time=55.0 ms
08-10 20:41:40.261 14030 14080 D cellinfo: 46 bytes from 44.241.174.93: icmp_seq=1176 ttl=42 time=55.5 ms
08-10 20:41:40.448 14030 14030 D cellinfo: Latitude is 41.4373212
08-10 20:41:40.448 14030 14030 D cellinfo: Longitude is -105.922141
08-10 20:41:40.448 14030 14030 D cellinfo: Instantaneous GPS information: United States, Dwight D. Eisenhower Hwy, Laramie, WY 82070, USA
08-10 20:41:40.448 14030 14030 D cellinfo: getCurrentLocation() result: Location (success): 41.4373212, -105.922141
08-10 20:41:40.450 14030 14030 D cellinfo: onCellInfoChanged: Operator: T-Mobile UpdateTimestamp: 9421213 CellConnectionStatus: 0
08-10 20:41:40.450 14030 14030 D cellinfo: onCellInfoChanged: LTE Cell Bands: [2] Bandwidth: 10000 Cell ID: 25826571 Physical Cell ID: 219 Tracking Area Code: 47617 EARFCN: 852
08-10 20:41:40.460 14030 14080 D cellinfo: 46 bytes from 44.241.174.93: icmp_seq=1177 ttl=42 time=53.3 ms
08-10 20:41:40.660 14030 14080 D cellinfo: 46 bytes from 44.241.174.93: icmp_seq=1178 ttl=42 time=51.9 ms
08-10 20:41:40.860 14030 14080 D cellinfo: 46 bytes from 44.241.174.93: icmp_seq=1179 ttl=42 time=52.2 ms
08-10 20:41:40.889 14030 14030 D cellinfo: onsignalStrengthsChanged: LTE Signal Strength info: rsrp: -103 rsrq: -8 rssi: -77 rssnr: 13
08-10 20:41:40.889 14030 14030 D cellinfo: onsignalStrengthsChanged: 5G-NR Signal Strength info: ssrsrp: -103 ssrsrq: -11 sssinr: 36
08-10 20:41:41.060 14030 14080 D cellinfo: 46 bytes from 44.241.174.93: icmp_seq=1180 ttl=42 time=51.1 ms
08-10 20:41:41.261 14030 14080 D cellinfo: 46 bytes from 44.241.174.93: icmp_seq=1181 ttl=42 time=51.7 ms
08-10 20:41:41.460 14030 14080 D cellinfo: 46 bytes from 44.241.174.93: icmp_seq=1182 ttl=42 time=49.4 ms
08-10 20:41:41.660 14030 14080 D cellinfo: 46 bytes from 44.241.174.93: icmp_seq=1183 ttl=42 time=47.4 ms
08-10 20:41:41.860 14030 14080 D cellinfo: 46 bytes from 44.241.174.93: icmp_seq=1184 ttl=42 time=46.0 ms
08-10 20:41:41.993 14030 14030 D cellinfo: onsignalStrengthsChanged: LTE Signal Strength info: rsrp: -103 rsrq: -8 rssi: -77 rssnr: 13
08-10 20:41:41.993 14030 14030 D cellinfo: onsignalStrengthsChanged: 5G-NR Signal Strength info: ssrsrp: -101 ssrsrq: -11 sssinr: 2147483647
08-10 20:41:42.069 14030 14080 D cellinfo: 46 bytes from 44.241.174.93: icmp_seq=1185 ttl=42 time=54.7 ms
08-10 20:41:42.270 14030 14080 D cellinfo: 46 bytes from 44.241.174.93: icmp_seq=1186 ttl=42 time=53.9 ms
08-10 20:41:42.470 14030 14080 D cellinfo: 46 bytes from 44.241.174.93: icmp_seq=1187 ttl=42 time=53.0 ms
08-10 20:41:42.671 14030 14080 D cellinfo: 46 bytes from 44.241.174.93: icmp_seq=1188 ttl=42 time=52.6 ms
08-10 20:41:42.874 14030 14080 D cellinfo: 46 bytes from 44.241.174.93: icmp_seq=1189 ttl=42 time=54.2 ms
08-10 20:41:43.069 14030 14080 D cellinfo: 46 bytes from 44.241.174.93: icmp_seq=1190 ttl=42 time=48.0 ms
08-10 20:41:43.169 14030 14030 D cellinfo: onCellInfoChanged: Operator: T-Mobile UpdateTimestamp: 9424203 CellConnectionStatus: 0
08-10 20:41:43.169 14030 14030 D cellinfo: onCellInfoChanged: LTE Cell Bands: [2] Bandwidth: 10000 Cell ID: 25826571 Physical Cell ID: 219 Tracking Area Code: 47617 EARFCN: 852
08-10 20:41:43.269 14030 14080 D cellinfo: 46 bytes from 44.241.174.93: icmp_seq=1191 ttl=42 time=47.7 ms
08-10 20:41:43.470 14030 14080 D cellinfo: 46 bytes from 44.241.174.93: icmp_seq=1192 ttl=42 time=47.2 ms
08-10 20:41:43.500 14030 14030 D cellinfo: onsignalStrengthsChanged: LTE Signal Strength info: rsrp: -100 rsrq: -8 rssi: -75 rssnr: 17
08-10 20:41:43.500 14030 14030 D cellinfo: onsignalStrengthsChanged: 5G-NR Signal Strength info: ssrsrp: -101 ssrsrq: -11 sssinr: 2147483647
08-10 20:41:43.677 14030 14080 D cellinfo: 46 bytes from 44.241.174.93: icmp_seq=1193 ttl=42 time=53.5 ms
08-10 20:41:43.879 14030 14080 D cellinfo: 46 bytes from 44.241.174.93: icmp_seq=1194 ttl=42 time=54.9 ms
08-10 20:41:44.081 14030 14080 D cellinfo: 46 bytes from 44.241.174.93: icmp_seq=1195 ttl=42 time=56.1 ms
08-10 20:41:44.279 14030 14080 D cellinfo: 46 bytes from 44.241.174.93: icmp_seq=1196 ttl=42 time=54.1 ms
08-10 20:41:44.464 14030 14030 D cellinfo: Latitude is 41.4366822
08-10 20:41:44.464 14030 14030 D cellinfo: Longitude is -105.9181684
08-10 20:41:44.464 14030 14030 D cellinfo: Instantaneous GPS information: United States, Dwight D. Eisenhower Hwy, Laramie, WY 82070, USA
08-10 20:41:44.464 14030 14030 D cellinfo: getCurrentLocation() result: Location (success): 41.4366822, -105.9181684
08-10 20:41:44.488 14030 14080 D cellinfo: 46 bytes from 44.241.174.93: icmp_seq=1197 ttl=42 time=61.1 ms
08-10 20:41:44.680 14030 14080 D cellinfo: 46 bytes from 44.241.174.93: icmp_seq=1198 ttl=42 time=52.8 ms
08-10 20:41:44.880 14030 14080 D cellinfo: 46 bytes from 44.241.174.93: icmp_seq=1199 ttl=42 time=52.4 ms
08-10 20:41:44.995 14030 14030 D cellinfo: onsignalStrengthsChanged: LTE Signal Strength info: rsrp: -100 rsrq: -8 rssi: -75 rssnr: 17
08-10 20:41:44.996 14030 14030 D cellinfo: onsignalStrengthsChanged: 5G-NR Signal Strength info: ssrsrp: -99 ssrsrq: -11 sssinr: 2147483647
08-10 20:41:45.080 14030 14080 D cellinfo: 46 bytes from 44.241.174.93: icmp_seq=1200 ttl=42 time=51.0 ms
08-10 20:41:45.290 14030 14080 D cellinfo: 46 bytes from 44.241.174.93: icmp_seq=1201 ttl=42 time=60.0 ms
08-10 20:41:45.487 14030 14080 D cellinfo: 46 bytes from 44.241.174.93: icmp_seq=1202 ttl=42 time=56.8 ms
08-10 20:41:45.679 14030 14080 D cellinfo: 46 bytes from 44.241.174.93: icmp_seq=1203 ttl=42 time=48.3 ms
08-10 20:41:45.740 14030 14030 D cellinfo: onsignalStrengthsChanged: LTE Signal Strength info: rsrp: -100 rsrq: -10 rssi: -75 rssnr: 14
08-10 20:41:45.740 14030 14030 D cellinfo: onsignalStrengthsChanged: 5G-NR Signal Strength info: ssrsrp: -99 ssrsrq: -11 sssinr: 2147483647
08-10 20:41:45.887 14030 14080 D cellinfo: 46 bytes from 44.241.174.93: icmp_seq=1204 ttl=42 time=55.6 ms
08-10 20:41:46.080 14030 14080 D cellinfo: 46 bytes from 44.241.174.93: icmp_seq=1205 ttl=42 time=47.3 ms
08-10 20:41:46.112 14030 14030 D cellinfo: Latitude is 41.4366822
08-10 20:41:46.112 14030 14030 D cellinfo: Longitude is -105.9181684
08-10 20:41:46.112 14030 14030 D cellinfo: Instantaneous GPS information: United States, Dwight D. Eisenhower Hwy, Laramie, WY 82070, USA
08-10 20:41:46.112 14030 14030 D cellinfo: getCurrentLocation() result: Location (success): 41.4366822, -105.9181684
08-10 20:41:46.178 14030 14030 D cellinfo: onCellInfoChanged: Operator: T-Mobile UpdateTimestamp: 9427212 CellConnectionStatus: 0
08-10 20:41:46.178 14030 14030 D cellinfo: onCellInfoChanged: LTE Cell Bands: [2] Bandwidth: 10000 Cell ID: 25826571 Physical Cell ID: 219 Tracking Area Code: 47617 EARFCN: 852
08-10 20:41:46.291 14030 14080 D cellinfo: 46 bytes from 44.241.174.93: icmp_seq=1206 ttl=42 time=56.7 ms
08-10 20:41:46.497 14030 14080 D cellinfo: 46 bytes from 44.241.174.93: icmp_seq=1207 ttl=42 time=61.1 ms
08-10 20:41:46.689 14030 14080 D cellinfo: 46 bytes from 44.241.174.93: icmp_seq=1208 ttl=42 time=51.8 ms
08-10 20:41:46.889 14030 14080 D cellinfo: 46 bytes from 44.241.174.93: icmp_seq=1209 ttl=42 time=51.0 ms
08-10 20:41:47.090 14030 14080 D cellinfo: 46 bytes from 44.241.174.93: icmp_seq=1210 ttl=42 time=51.8 ms
08-10 20:41:47.290 14030 14080 D cellinfo: 46 bytes from 44.241.174.93: icmp_seq=1211 ttl=42 time=49.8 ms
08-10 20:41:47.491 14030 14080 D cellinfo: 46 bytes from 44.241.174.93: icmp_seq=1212 ttl=42 time=49.8 ms
08-10 20:41:47.698 14030 14080 D cellinfo: 46 bytes from 44.241.174.93: icmp_seq=1213 ttl=42 time=55.9 ms
08-10 20:41:47.889 14030 14080 D cellinfo: 46 bytes from 44.241.174.93: icmp_seq=1214 ttl=42 time=46.4 ms
08-10 20:41:48.099 14030 14080 D cellinfo: 46 bytes from 44.241.174.93: icmp_seq=1215 ttl=42 time=55.3 ms
08-10 20:41:48.299 14030 14080 D cellinfo: 46 bytes from 44.241.174.93: icmp_seq=1216 ttl=42 time=54.7 ms
08-10 20:41:48.500 14030 14080 D cellinfo: 46 bytes from 44.241.174.93: icmp_seq=1217 ttl=42 time=54.2 ms
08-10 20:41:48.700 14030 14080 D cellinfo: 46 bytes from 44.241.174.93: icmp_seq=1218 ttl=42 time=53.6 ms
08-10 20:41:48.900 14030 14080 D cellinfo: 46 bytes from 44.241.174.93: icmp_seq=1219 ttl=42 time=51.4 ms
08-10 20:41:49.099 14030 14080 D cellinfo: 46 bytes from 44.241.174.93: icmp_seq=1220 ttl=42 time=49.4 ms
08-10 20:41:49.300 14030 14080 D cellinfo: 46 bytes from 44.241.174.93: icmp_seq=1221 ttl=42 time=48.8 ms
08-10 20:41:49.472 14030 14030 D cellinfo: Latitude is 41.4365862
08-10 20:41:49.472 14030 14030 D cellinfo: Longitude is -105.9175099
08-10 20:41:49.472 14030 14030 D cellinfo: Instantaneous GPS information: United States, Dwight D. Eisenhower Hwy, Laramie, WY 82070, USA
08-10 20:41:49.472 14030 14030 D cellinfo: getCurrentLocation() result: Location (success): 41.4365862, -105.9175099
08-10 20:41:49.474 14030 14030 D cellinfo: onCellInfoChanged: Operator: T-Mobile UpdateTimestamp: 9430219 CellConnectionStatus: 0
08-10 20:41:49.474 14030 14030 D cellinfo: onCellInfoChanged: LTE Cell Bands: [2] Bandwidth: 10000 Cell ID: 25826571 Physical Cell ID: 219 Tracking Area Code: 47617 EARFCN: 852
08-10 20:41:49.500 14030 14080 D cellinfo: 46 bytes from 44.241.174.93: icmp_seq=1222 ttl=42 time=46.6 ms
08-10 20:41:49.709 14030 14080 D cellinfo: 46 bytes from 44.241.174.93: icmp_seq=1223 ttl=42 time=54.5 ms
08-10 20:41:49.893 14030 14030 D cellinfo: onsignalStrengthsChanged: LTE Signal Strength info: rsrp: -104 rsrq: -11 rssi: -79 rssnr: 9
08-10 20:41:49.894 14030 14030 D cellinfo: onsignalStrengthsChanged: 5G-NR Signal Strength info: ssrsrp: -99 ssrsrq: -11 sssinr: 2147483647
08-10 20:41:49.910 14030 14080 D cellinfo: 46 bytes from 44.241.174.93: icmp_seq=1224 ttl=42 time=53.5 ms
08-10 20:41:50.111 14030 14080 D cellinfo: 46 bytes from 44.241.174.93: icmp_seq=1225 ttl=42 time=52.2 ms
08-10 20:41:50.318 14030 14080 D cellinfo: 46 bytes from 44.241.174.93: icmp_seq=1226 ttl=42 time=58.4 ms
08-10 20:41:50.519 14030 14080 D cellinfo: 46 bytes from 44.241.174.93: icmp_seq=1227 ttl=42 time=57.7 ms
08-10 20:41:50.719 14030 14080 D cellinfo: 46 bytes from 44.241.174.93: icmp_seq=1228 ttl=42 time=57.2 ms
08-10 20:41:50.920 14030 14080 D cellinfo: 46 bytes from 44.241.174.93: icmp_seq=1229 ttl=42 time=57.6 ms
08-10 20:41:50.995 14030 14030 D cellinfo: onsignalStrengthsChanged: LTE Signal Strength info: rsrp: -104 rsrq: -11 rssi: -79 rssnr: 9
08-10 20:41:50.995 14030 14030 D cellinfo: onsignalStrengthsChanged: 5G-NR Signal Strength info: ssrsrp: -100 ssrsrq: -11 sssinr: 2147483647
08-10 20:41:51.129 14030 14080 D cellinfo: 46 bytes from 44.241.174.93: icmp_seq=1230 ttl=42 time=64.7 ms
08-10 20:41:51.328 14030 14080 D cellinfo: 46 bytes from 44.241.174.93: icmp_seq=1231 ttl=42 time=62.8 ms
08-10 20:41:51.528 14030 14080 D cellinfo: 46 bytes from 44.241.174.93: icmp_seq=1232 ttl=42 time=61.9 ms
08-10 20:41:51.727 14030 14080 D cellinfo: 46 bytes from 44.241.174.93: icmp_seq=1233 ttl=42 time=60.7 ms
08-10 20:41:51.920 14030 14080 D cellinfo: 46 bytes from 44.241.174.93: icmp_seq=1234 ttl=42 time=51.3 ms
08-10 20:41:52.121 14030 14080 D cellinfo: 46 bytes from 44.241.174.93: icmp_seq=1235 ttl=42 time=51.3 ms
08-10 20:41:52.329 14030 14080 D cellinfo: 46 bytes from 44.241.174.93: icmp_seq=1236 ttl=42 time=58.4 ms
08-10 20:41:52.478 14030 14030 D cellinfo: Latitude is 41.4364628
08-10 20:41:52.478 14030 14030 D cellinfo: Longitude is -105.9166649
08-10 20:41:52.478 14030 14030 D cellinfo: Instantaneous GPS information: United States, Dwight D. Eisenhower Hwy, Laramie, WY 82070, USA
08-10 20:41:52.478 14030 14030 D cellinfo: getCurrentLocation() result: Location (success): 41.4364628, -105.9166649
08-10 20:41:52.480 14030 14030 D cellinfo: onCellInfoChanged: Operator: T-Mobile UpdateTimestamp: 9433212 CellConnectionStatus: 0
08-10 20:41:52.481 14030 14030 D cellinfo: onCellInfoChanged: LTE Cell Bands: [2] Bandwidth: 10000 Cell ID: 25826571 Physical Cell ID: 219 Tracking Area Code: 47617 EARFCN: 852
08-10 20:41:52.481 14030 14030 D cellinfo: onsignalStrengthsChanged: LTE Signal Strength info: rsrp: -110 rsrq: -13 rssi: -83 rssnr: 5
08-10 20:41:52.481 14030 14030 D cellinfo: onsignalStrengthsChanged: 5G-NR Signal Strength info: ssrsrp: -100 ssrsrq: -11 sssinr: 2147483647
08-10 20:41:52.535 14030 14080 D cellinfo: 46 bytes from 44.241.174.93: icmp_seq=1237 ttl=42 time=62.3 ms
08-10 20:41:52.721 14030 14080 D cellinfo: 46 bytes from 44.241.174.93: icmp_seq=1238 ttl=42 time=47.1 ms
08-10 20:41:52.930 14030 14080 D cellinfo: 46 bytes from 44.241.174.93: icmp_seq=1239 ttl=42 time=55.4 ms
08-10 20:41:53.130 14030 14080 D cellinfo: 46 bytes from 44.241.174.93: icmp_seq=1240 ttl=42 time=54.1 ms
08-10 20:41:53.330 14030 14080 D cellinfo: 46 bytes from 44.241.174.93: icmp_seq=1241 ttl=42 time=52.7 ms
08-10 20:41:53.533 14030 14080 D cellinfo: 46 bytes from 44.241.174.93: icmp_seq=1242 ttl=42 time=54.1 ms
08-10 20:41:53.731 14030 14080 D cellinfo: 46 bytes from 44.241.174.93: icmp_seq=1243 ttl=42 time=51.3 ms
08-10 20:41:53.930 14030 14080 D cellinfo: 46 bytes from 44.241.174.93: icmp_seq=1244 ttl=42 time=49.6 ms
08-10 20:41:53.994 14030 14030 D cellinfo: onsignalStrengthsChanged: LTE Signal Strength info: rsrp: -110 rsrq: -13 rssi: -83 rssnr: 5
08-10 20:41:53.994 14030 14030 D cellinfo: onsignalStrengthsChanged: 5G-NR Signal Strength info: ssrsrp: -101 ssrsrq: -11 sssinr: 2147483647
08-10 20:41:54.130 14030 14080 D cellinfo: 46 bytes from 44.241.174.93: icmp_seq=1245 ttl=42 time=48.7 ms
08-10 20:41:54.348 14030 14080 D cellinfo: 46 bytes from 44.241.174.93: icmp_seq=1246 ttl=42 time=65.3 ms
08-10 20:41:54.529 14030 14080 D cellinfo: 46 bytes from 44.241.174.93: icmp_seq=1247 ttl=42 time=46.1 ms
08-10 20:41:54.700 14030 14030 D cellinfo: onsignalStrengthsChanged: LTE Signal Strength info: rsrp: -103 rsrq: -11 rssi: -77 rssnr: 12
08-10 20:41:54.700 14030 14030 D cellinfo: onsignalStrengthsChanged: 5G-NR Signal Strength info: ssrsrp: -101 ssrsrq: -11 sssinr: 2147483647
08-10 20:41:54.731 14030 14080 D cellinfo: 46 bytes from 44.241.174.93: icmp_seq=1248 ttl=42 time=46.8 ms
08-10 20:41:54.947 14030 14080 D cellinfo: 46 bytes from 44.241.174.93: icmp_seq=1249 ttl=42 time=62.9 ms
08-10 20:41:55.140 14030 14080 D cellinfo: 46 bytes from 44.241.174.93: icmp_seq=1250 ttl=42 time=54.8 ms
08-10 20:41:55.337 14030 14080 D cellinfo: 46 bytes from 44.241.174.93: icmp_seq=1251 ttl=42 time=51.0 ms
08-10 20:41:55.428 14030 14030 D cellinfo: Latitude is 41.4364246
08-10 20:41:55.428 14030 14030 D cellinfo: Longitude is -105.9164038
08-10 20:41:55.428 14030 14030 D cellinfo: Instantaneous GPS information: United States, Dwight D. Eisenhower Hwy, Laramie, WY 82070, USA
08-10 20:41:55.428 14030 14030 D cellinfo: getCurrentLocation() result: Location (success): 41.4364246, -105.9164038
08-10 20:41:55.430 14030 14030 D cellinfo: onCellInfoChanged: Operator: T-Mobile UpdateTimestamp: 9436211 CellConnectionStatus: 0
08-10 20:41:55.430 14030 14030 D cellinfo: onCellInfoChanged: LTE Cell Bands: [2] Bandwidth: 10000 Cell ID: 25826571 Physical Cell ID: 219 Tracking Area Code: 47617 EARFCN: 852
08-10 20:41:55.538 14030 14080 D cellinfo: 46 bytes from 44.241.174.93: icmp_seq=1252 ttl=42 time=51.9 ms
08-10 20:41:55.739 14030 14080 D cellinfo: 46 bytes from 44.241.174.93: icmp_seq=1253 ttl=42 time=52.8 ms
08-10 20:41:55.940 14030 14080 D cellinfo: 46 bytes from 44.241.174.93: icmp_seq=1254 ttl=42 time=52.7 ms
08-10 20:41:56.148 14030 14080 D cellinfo: 46 bytes from 44.241.174.93: icmp_seq=1255 ttl=42 time=59.2 ms
08-10 20:41:56.340 14030 14080 D cellinfo: 46 bytes from 44.241.174.93: icmp_seq=1256 ttl=42 time=50.6 ms
08-10 20:41:56.539 14030 14080 D cellinfo: 46 bytes from 44.241.174.93: icmp_seq=1257 ttl=42 time=48.4 ms
08-10 20:41:56.739 14030 14080 D cellinfo: 46 bytes from 44.241.174.93: icmp_seq=1258 ttl=42 time=46.7 ms
08-10 20:41:56.950 14030 14080 D cellinfo: 46 bytes from 44.241.174.93: icmp_seq=1259 ttl=42 time=55.4 ms
08-10 20:41:57.149 14030 14080 D cellinfo: 46 bytes from 44.241.174.93: icmp_seq=1260 ttl=42 time=53.4 ms
08-10 20:41:57.356 14030 14080 D cellinfo: 46 bytes from 44.241.174.93: icmp_seq=1261 ttl=42 time=58.8 ms
08-10 20:41:57.550 14030 14080 D cellinfo: 46 bytes from 44.241.174.93: icmp_seq=1262 ttl=42 time=50.7 ms
08-10 20:41:57.757 14030 14080 D cellinfo: 46 bytes from 44.241.174.93: icmp_seq=1263 ttl=42 time=56.5 ms
08-10 20:41:57.954 14030 14080 D cellinfo: 46 bytes from 44.241.174.93: icmp_seq=1264 ttl=42 time=53.3 ms
08-10 20:41:58.149 14030 14080 D cellinfo: 46 bytes from 44.241.174.93: icmp_seq=1265 ttl=42 time=47.1 ms
08-10 20:41:58.157 14030 14030 D cellinfo: onCellInfoChanged: Operator: T-Mobile UpdateTimestamp: 9439186 CellConnectionStatus: 0
08-10 20:41:58.157 14030 14030 D cellinfo: onCellInfoChanged: LTE Cell Bands: [2] Bandwidth: 10000 Cell ID: 25826571 Physical Cell ID: 219 Tracking Area Code: 47617 EARFCN: 852
08-10 20:41:58.349 14030 14080 D cellinfo: 46 bytes from 44.241.174.93: icmp_seq=1266 ttl=42 time=46.6 ms
08-10 20:41:58.550 14030 14080 D cellinfo: 46 bytes from 44.241.174.93: icmp_seq=1267 ttl=42 time=46.7 ms
08-10 20:41:58.760 14030 14080 D cellinfo: 46 bytes from 44.241.174.93: icmp_seq=1268 ttl=42 time=55.7 ms
08-10 20:41:58.892 14030 14030 D cellinfo: onsignalStrengthsChanged: LTE Signal Strength info: rsrp: -109 rsrq: -11 rssi: -83 rssnr: 4
08-10 20:41:58.892 14030 14030 D cellinfo: onsignalStrengthsChanged: 5G-NR Signal Strength info: ssrsrp: -101 ssrsrq: -11 sssinr: 2147483647
08-10 20:41:58.960 14030 14080 D cellinfo: 46 bytes from 44.241.174.93: icmp_seq=1269 ttl=42 time=54.0 ms
08-10 20:41:59.159 14030 14080 D cellinfo: 46 bytes from 44.241.174.93: icmp_seq=1270 ttl=42 time=52.5 ms
08-10 20:41:59.361 14030 14080 D cellinfo: 46 bytes from 44.241.174.93: icmp_seq=1271 ttl=42 time=52.3 ms
08-10 20:41:59.516 14030 14030 D cellinfo: Latitude is 41.4358149
08-10 20:41:59.516 14030 14030 D cellinfo: Longitude is -105.9121606
08-10 20:41:59.516 14030 14030 D cellinfo: Instantaneous GPS information: United States, Dwight D. Eisenhower Hwy, Laramie, WY 82070, USA
08-10 20:41:59.516 14030 14030 D cellinfo: getCurrentLocation() result: Location (success): 41.4358149, -105.9121606
08-10 20:41:59.566 14030 14080 D cellinfo: 46 bytes from 44.241.174.93: icmp_seq=1272 ttl=42 time=55.8 ms
08-10 20:41:59.760 14030 14080 D cellinfo: 46 bytes from 44.241.174.93: icmp_seq=1273 ttl=42 time=49.0 ms
08-10 20:41:59.960 14030 14080 D cellinfo: 46 bytes from 44.241.174.93: icmp_seq=1274 ttl=42 time=48.1 ms
08-10 20:42:00.160 14030 14080 D cellinfo: 46 bytes from 44.241.174.93: icmp_seq=1275 ttl=42 time=47.0 ms
08-10 20:42:00.370 14030 14080 D cellinfo: 46 bytes from 44.241.174.93: icmp_seq=1276 ttl=42 time=55.7 ms
08-10 20:42:00.571 14030 14080 D cellinfo: 46 bytes from 44.241.174.93: icmp_seq=1277 ttl=42 time=55.0 ms
08-10 20:42:00.769 14030 14080 D cellinfo: 46 bytes from 44.241.174.93: icmp_seq=1278 ttl=42 time=51.9 ms
08-10 20:42:00.970 14030 14080 D cellinfo: 46 bytes from 44.241.174.93: icmp_seq=1279 ttl=42 time=51.8 ms
08-10 20:42:01.112 14030 14030 D cellinfo: Latitude is 41.4358149
08-10 20:42:01.112 14030 14030 D cellinfo: Longitude is -105.9121606
08-10 20:42:01.112 14030 14030 D cellinfo: Instantaneous GPS information: United States, Dwight D. Eisenhower Hwy, Laramie, WY 82070, USA
08-10 20:42:01.112 14030 14030 D cellinfo: getCurrentLocation() result: Location (success): 41.4358149, -105.9121606
08-10 20:42:01.148 14030 14030 D cellinfo: onCellInfoChanged: Operator: T-Mobile UpdateTimestamp: 9442184 CellConnectionStatus: 0
08-10 20:42:01.148 14030 14030 D cellinfo: onCellInfoChanged: LTE Cell Bands: [2] Bandwidth: 10000 Cell ID: 25826571 Physical Cell ID: 219 Tracking Area Code: 47617 EARFCN: 852
08-10 20:42:01.169 14030 14080 D cellinfo: 46 bytes from 44.241.174.93: icmp_seq=1280 ttl=42 time=51.0 ms
08-10 20:42:01.369 14030 14080 D cellinfo: 46 bytes from 44.241.174.93: icmp_seq=1281 ttl=42 time=50.6 ms
08-10 20:42:01.423 14030 14030 D cellinfo: onsignalStrengthsChanged: LTE Signal Strength info: rsrp: -111 rsrq: -13 rssi: -79 rssnr: 1
08-10 20:42:01.423 14030 14030 D cellinfo: onsignalStrengthsChanged: 5G-NR Signal Strength info: ssrsrp: -101 ssrsrq: -11 sssinr: 2147483647
08-10 20:42:01.570 14030 14080 D cellinfo: 46 bytes from 44.241.174.93: icmp_seq=1282 ttl=42 time=49.7 ms
08-10 20:42:01.783 14030 14080 D cellinfo: 46 bytes from 44.241.174.93: icmp_seq=1283 ttl=42 time=61.9 ms
08-10 20:42:01.969 14030 14080 D cellinfo: 46 bytes from 44.241.174.93: icmp_seq=1284 ttl=42 time=47.6 ms
08-10 20:42:02.177 14030 14080 D cellinfo: 46 bytes from 44.241.174.93: icmp_seq=1285 ttl=42 time=54.6 ms
08-10 20:42:02.380 14030 14080 D cellinfo: 46 bytes from 44.241.174.93: icmp_seq=1286 ttl=42 time=55.9 ms
08-10 20:42:02.580 14030 14080 D cellinfo: 46 bytes from 44.241.174.93: icmp_seq=1287 ttl=42 time=55.3 ms
08-10 20:42:02.780 14030 14080 D cellinfo: 46 bytes from 44.241.174.93: icmp_seq=1288 ttl=42 time=54.6 ms
08-10 20:42:02.980 14030 14080 D cellinfo: 46 bytes from 44.241.174.93: icmp_seq=1289 ttl=42 time=53.3 ms
08-10 20:42:03.179 14030 14080 D cellinfo: 46 bytes from 44.241.174.93: icmp_seq=1290 ttl=42 time=51.0 ms
08-10 20:42:03.379 14030 14080 D cellinfo: 46 bytes from 44.241.174.93: icmp_seq=1291 ttl=42 time=50.1 ms
08-10 20:42:03.579 14030 14080 D cellinfo: 46 bytes from 44.241.174.93: icmp_seq=1292 ttl=42 time=49.9 ms
08-10 20:42:03.661 14030 14030 D cellinfo: onsignalStrengthsChanged: LTE Signal Strength info: rsrp: -107 rsrq: -10 rssi: -79 rssnr: 4
08-10 20:42:03.661 14030 14030 D cellinfo: onsignalStrengthsChanged: 5G-NR Signal Strength info: ssrsrp: -101 ssrsrq: -11 sssinr: 2147483647
08-10 20:42:03.779 14030 14080 D cellinfo: 46 bytes from 44.241.174.93: icmp_seq=1293 ttl=42 time=49.4 ms
08-10 20:42:03.980 14030 14080 D cellinfo: 46 bytes from 44.241.174.93: icmp_seq=1294 ttl=42 time=48.8 ms
08-10 20:42:04.181 14030 14080 D cellinfo: 46 bytes from 44.241.174.93: icmp_seq=1295 ttl=42 time=49.5 ms
08-10 20:42:04.380 14030 14080 D cellinfo: 46 bytes from 44.241.174.93: icmp_seq=1296 ttl=42 time=46.3 ms
08-10 20:42:04.402 14030 14030 D cellinfo: Latitude is 41.4357162
08-10 20:42:04.402 14030 14030 D cellinfo: Longitude is -105.9114841
08-10 20:42:04.402 14030 14030 D cellinfo: Instantaneous GPS information: United States, Dwight D. Eisenhower Hwy, Laramie, WY 82070, USA
08-10 20:42:04.402 14030 14030 D cellinfo: getCurrentLocation() result: Location (success): 41.4357162, -105.9114841
08-10 20:42:04.403 14030 14030 D cellinfo: onCellInfoChanged: Operator: T-Mobile UpdateTimestamp: 9445200 CellConnectionStatus: 0
08-10 20:42:04.404 14030 14030 D cellinfo: onCellInfoChanged: LTE Cell Bands: [2] Bandwidth: 10000 Cell ID: 25826571 Physical Cell ID: 219 Tracking Area Code: 47617 EARFCN: 852
08-10 20:42:04.589 14030 14080 D cellinfo: 46 bytes from 44.241.174.93: icmp_seq=1297 ttl=42 time=54.2 ms
08-10 20:42:04.790 14030 14080 D cellinfo: 46 bytes from 44.241.174.93: icmp_seq=1298 ttl=42 time=53.0 ms
08-10 20:42:04.989 14030 14080 D cellinfo: 46 bytes from 44.241.174.93: icmp_seq=1299 ttl=42 time=51.4 ms
08-10 20:42:05.190 14030 14080 D cellinfo: 46 bytes from 44.241.174.93: icmp_seq=1300 ttl=42 time=51.1 ms
08-10 20:42:05.390 14030 14080 D cellinfo: 46 bytes from 44.241.174.93: icmp_seq=1301 ttl=42 time=50.3 ms
08-10 20:42:05.597 14030 14080 D cellinfo: 46 bytes from 44.241.174.93: icmp_seq=1302 ttl=42 time=56.1 ms
08-10 20:42:05.789 14030 14080 D cellinfo: 46 bytes from 44.241.174.93: icmp_seq=1303 ttl=42 time=48.1 ms
08-10 20:42:05.989 14030 14080 D cellinfo: 46 bytes from 44.241.174.93: icmp_seq=1304 ttl=42 time=47.5 ms
08-10 20:42:05.998 14030 14030 D cellinfo: onsignalStrengthsChanged: LTE Signal Strength info: rsrp: -107 rsrq: -10 rssi: -79 rssnr: 4
08-10 20:42:05.998 14030 14030 D cellinfo: onsignalStrengthsChanged: 5G-NR Signal Strength info: ssrsrp: -101 ssrsrq: -12 sssinr: 2147483647
08-10 20:42:06.189 14030 14080 D cellinfo: 46 bytes from 44.241.174.93: icmp_seq=1305 ttl=42 time=46.6 ms
08-10 20:42:06.400 14030 14080 D cellinfo: 46 bytes from 44.241.174.93: icmp_seq=1306 ttl=42 time=56.1 ms
08-10 20:42:06.601 14030 14080 D cellinfo: 46 bytes from 44.241.174.93: icmp_seq=1307 ttl=42 time=56.3 ms
08-10 20:42:06.800 14030 14080 D cellinfo: 46 bytes from 44.241.174.93: icmp_seq=1308 ttl=42 time=54.7 ms
08-10 20:42:07.001 14030 14080 D cellinfo: 46 bytes from 44.241.174.93: icmp_seq=1309 ttl=42 time=54.2 ms
08-10 20:42:07.200 14030 14080 D cellinfo: 46 bytes from 44.241.174.93: icmp_seq=1310 ttl=42 time=53.2 ms
08-10 20:42:07.395 14030 14030 D cellinfo: Latitude is 41.4355897
08-10 20:42:07.395 14030 14030 D cellinfo: Longitude is -105.9106188
08-10 20:42:07.395 14030 14030 D cellinfo: Instantaneous GPS information: United States, Dwight D. Eisenhower Hwy, Laramie, WY 82070, USA
08-10 20:42:07.395 14030 14030 D cellinfo: getCurrentLocation() result: Location (success): 41.4355897, -105.9106188
08-10 20:42:07.397 14030 14030 D cellinfo: onCellInfoChanged: Operator: T-Mobile UpdateTimestamp: 9448196 CellConnectionStatus: 0
