08-10 20:33:21.169 10997 11072 D cellinfo: 46 bytes from 44.241.174.93: icmp_seq=526 ttl=32 time=62.7 ms
08-10 20:33:21.394 10997 11072 D cellinfo: 46 bytes from 44.241.174.93: icmp_seq=527 ttl=32 time=86.5 ms
08-10 20:33:21.589 10997 11072 D cellinfo: 46 bytes from 44.241.174.93: icmp_seq=528 ttl=32 time=80.2 ms
08-10 20:33:21.778 10997 11072 D cellinfo: 46 bytes from 44.241.174.93: icmp_seq=529 ttl=32 time=68.4 ms
08-10 20:33:22.000 10997 11072 D cellinfo: 46 bytes from 44.241.174.93: icmp_seq=530 ttl=32 time=88.0 ms
08-10 20:33:22.184 10997 11072 D cellinfo: 46 bytes from 44.241.174.93: icmp_seq=531 ttl=32 time=71.2 ms
08-10 20:33:22.378 10997 11072 D cellinfo: 46 bytes from 44.241.174.93: icmp_seq=532 ttl=32 time=63.8 ms
08-10 20:33:22.387 10997 10997 D cellinfo: onsignalStrengthsChanged: LTE Signal Strength info: rsrp: -112 rsrq: -11 rssi: -85 rssnr: 2
08-10 20:33:22.387 10997 10997 D cellinfo: onsignalStrengthsChanged: 5G-NR Signal Strength info: ssrsrp: -111 ssrsrq: -12 sssinr: 35
08-10 20:33:22.599 10997 11072 D cellinfo: 46 bytes from 44.241.174.93: icmp_seq=533 ttl=32 time=83.8 ms
08-10 20:33:22.678 10997 10997 D cellinfo: onCellInfoChanged: Operator: T-Mobile UpdateTimestamp: 8923714 CellConnectionStatus: 0
08-10 20:33:22.678 10997 10997 D cellinfo: onCellInfoChanged: LTE Cell Bands: [2] Bandwidth: 10000 Cell ID: 26173965 Physical Cell ID: 182 Tracking Area Code: 47617 EARFCN: 852
08-10 20:33:22.799 10997 11072 D cellinfo: 46 bytes from 44.241.174.93: icmp_seq=534 ttl=32 time=83.6 ms
08-10 20:33:22.985 10997 11072 D cellinfo: 46 bytes from 44.241.174.93: icmp_seq=535 ttl=32 time=68.5 ms
08-10 20:33:23.186 10997 11072 D cellinfo: 46 bytes from 44.241.174.93: icmp_seq=536 ttl=32 time=68.8 ms
08-10 20:33:23.378 10997 11072 D cellinfo: 46 bytes from 44.241.174.93: icmp_seq=537 ttl=32 time=60.8 ms
08-10 20:33:23.585 10997 11072 D cellinfo: 46 bytes from 44.241.174.93: icmp_seq=538 ttl=32 time=67.0 ms
08-10 20:33:23.747 10997 10997 D cellinfo: Latitude is 41.4383658
08-10 20:33:23.747 10997 10997 D cellinfo: Longitude is -105.9433574
08-10 20:33:23.747 10997 10997 D cellinfo: Instantaneous GPS information: United States, 168 Hunt Rd, Laramie, WY 82070, USA
08-10 20:33:23.747 10997 10997 D cellinfo: getCurrentLocation() result: Location (success): 41.4383658, -105.9433574
08-10 20:33:23.795 10997 11072 D cellinfo: 46 bytes from 44.241.174.93: icmp_seq=539 ttl=32 time=76.5 ms
08-10 20:33:23.910 10997 10997 D cellinfo: onsignalStrengthsChanged: LTE Signal Strength info: rsrp: -112 rsrq: -11 rssi: -85 rssnr: 2
08-10 20:33:23.910 10997 10997 D cellinfo: onsignalStrengthsChanged: 5G-NR Signal Strength info: ssrsrp: -110 ssrsrq: -12 sssinr: 2147483647
08-10 20:33:23.985 10997 11072 D cellinfo: 46 bytes from 44.241.174.93: icmp_seq=540 ttl=32 time=65.6 ms
08-10 20:33:24.196 10997 11072 D cellinfo: 46 bytes from 44.241.174.93: icmp_seq=541 ttl=32 time=75.6 ms
08-10 20:33:24.385 10997 11072 D cellinfo: 46 bytes from 44.241.174.93: icmp_seq=542 ttl=32 time=63.3 ms
08-10 20:33:24.597 10997 11072 D cellinfo: 46 bytes from 44.241.174.93: icmp_seq=543 ttl=32 time=74.1 ms
08-10 20:33:24.796 10997 11072 D cellinfo: 46 bytes from 44.241.174.93: icmp_seq=544 ttl=32 time=72.2 ms
08-10 20:33:24.995 10997 11072 D cellinfo: 46 bytes from 44.241.174.93: icmp_seq=545 ttl=32 time=70.1 ms
08-10 20:33:25.211 10997 11072 D cellinfo: 46 bytes from 44.241.174.93: icmp_seq=546 ttl=32 time=86.2 ms
08-10 20:33:25.387 10997 11072 D cellinfo: 46 bytes from 44.241.174.93: icmp_seq=547 ttl=32 time=61.7 ms
08-10 20:33:25.588 10997 11072 D cellinfo: 46 bytes from 44.241.174.93: icmp_seq=548 ttl=32 time=60.8 ms
08-10 20:33:25.637 10997 10997 D cellinfo: Latitude is 41.4383658
08-10 20:33:25.637 10997 10997 D cellinfo: Longitude is -105.9433574
08-10 20:33:25.637 10997 10997 D cellinfo: Instantaneous GPS information: United States, 168 Hunt Rd, Laramie, WY 82070, USA
08-10 20:33:25.637 10997 10997 D cellinfo: getCurrentLocation() result: Location (success): 41.4383658, -105.9433574
08-10 20:33:25.693 10997 10997 D cellinfo: onCellInfoChanged: Operator: T-Mobile UpdateTimestamp: 8926727 CellConnectionStatus: 0
08-10 20:33:25.693 10997 10997 D cellinfo: onCellInfoChanged: LTE Cell Bands: [2] Bandwidth: 10000 Cell ID: 26173965 Physical Cell ID: 182 Tracking Area Code: 47617 EARFCN: 852
08-10 20:33:25.796 10997 11072 D cellinfo: 46 bytes from 44.241.174.93: icmp_seq=549 ttl=32 time=68.6 ms
08-10 20:33:25.998 10997 11072 D cellinfo: 46 bytes from 44.241.174.93: icmp_seq=550 ttl=32 time=68.9 ms
08-10 20:33:26.143 10997 10997 D cellinfo: onsignalStrengthsChanged: LTE Signal Strength info: rsrp: -112 rsrq: -12 rssi: -83 rssnr: 2
08-10 20:33:26.143 10997 10997 D cellinfo: onsignalStrengthsChanged: 5G-NR Signal Strength info: ssrsrp: -110 ssrsrq: -12 sssinr: 2147483647
08-10 20:33:26.205 10997 11072 D cellinfo: 46 bytes from 44.241.174.93: icmp_seq=551 ttl=32 time=74.6 ms
08-10 20:33:26.405 10997 11072 D cellinfo: 46 bytes from 44.241.174.93: icmp_seq=552 ttl=32 time=72.9 ms
08-10 20:33:26.597 10997 11072 D cellinfo: 46 bytes from 44.241.174.93: icmp_seq=553 ttl=32 time=64.4 ms
08-10 20:33:26.798 10997 11072 D cellinfo: 46 bytes from 44.241.174.93: icmp_seq=554 ttl=32 time=63.4 ms
08-10 20:33:26.910 10997 10997 D cellinfo: onsignalStrengthsChanged: LTE Signal Strength info: rsrp: -112 rsrq: -12 rssi: -83 rssnr: 2
08-10 20:33:26.910 10997 10997 D cellinfo: onsignalStrengthsChanged: 5G-NR Signal Strength info: ssrsrp: -109 ssrsrq: -12 sssinr: 2147483647
08-10 20:33:26.998 10997 11072 D cellinfo: 46 bytes from 44.241.174.93: icmp_seq=555 ttl=32 time=62.5 ms
08-10 20:33:27.198 10997 11072 D cellinfo: 46 bytes from 44.241.174.93: icmp_seq=556 ttl=32 time=61.6 ms
08-10 20:33:27.418 10997 11072 D cellinfo: 46 bytes from 44.241.174.93: icmp_seq=557 ttl=32 time=80.3 ms
08-10 20:33:27.606 10997 11072 D cellinfo: 46 bytes from 44.241.174.93: icmp_seq=558 ttl=32 time=68.0 ms
08-10 20:33:27.807 10997 11072 D cellinfo: 46 bytes from 44.241.174.93: icmp_seq=559 ttl=32 time=68.6 ms
08-10 20:33:28.027 10997 11072 D cellinfo: 46 bytes from 44.241.174.93: icmp_seq=560 ttl=32 time=87.5 ms
08-10 20:33:28.228 10997 11072 D cellinfo: 46 bytes from 44.241.174.93: icmp_seq=561 ttl=32 time=87.8 ms
08-10 20:33:28.426 10997 11072 D cellinfo: 46 bytes from 44.241.174.93: icmp_seq=562 ttl=32 time=86.3 ms
08-10 20:33:28.627 10997 11072 D cellinfo: 46 bytes from 44.241.174.93: icmp_seq=563 ttl=32 time=86.6 ms
08-10 20:33:28.646 10997 10997 D cellinfo: Latitude is 41.4383665
08-10 20:33:28.646 10997 10997 D cellinfo: Longitude is -105.943357
08-10 20:33:28.646 10997 10997 D cellinfo: Instantaneous GPS information: United States, 168 Hunt Rd, Laramie, WY 82070, USA
08-10 20:33:28.646 10997 10997 D cellinfo: getCurrentLocation() result: Location (success): 41.4383665, -105.943357
08-10 20:33:28.687 10997 10997 D cellinfo: onCellInfoChanged: Operator: T-Mobile UpdateTimestamp: 8929724 CellConnectionStatus: 0
08-10 20:33:28.687 10997 10997 D cellinfo: onCellInfoChanged: LTE Cell Bands: [2] Bandwidth: 10000 Cell ID: 26173965 Physical Cell ID: 182 Tracking Area Code: 47617 EARFCN: 852
08-10 20:33:28.817 10997 11072 D cellinfo: 46 bytes from 44.241.174.93: icmp_seq=564 ttl=32 time=74.8 ms
08-10 20:33:29.017 10997 11072 D cellinfo: 46 bytes from 44.241.174.93: icmp_seq=565 ttl=32 time=73.3 ms
08-10 20:33:29.105 10997 10997 D cellinfo: onsignalStrengthsChanged: LTE Signal Strength info: rsrp: -112 rsrq: -12 rssi: -83 rssnr: 3
08-10 20:33:29.105 10997 10997 D cellinfo: onsignalStrengthsChanged: 5G-NR Signal Strength info: ssrsrp: -109 ssrsrq: -12 sssinr: 2147483647
08-10 20:33:29.216 10997 11072 D cellinfo: 46 bytes from 44.241.174.93: icmp_seq=566 ttl=32 time=72.8 ms
08-10 20:33:29.415 10997 11072 D cellinfo: 46 bytes from 44.241.174.93: icmp_seq=567 ttl=32 time=70.1 ms
08-10 20:33:29.616 10997 11072 D cellinfo: 46 bytes from 44.241.174.93: icmp_seq=568 ttl=32 time=70.1 ms
08-10 20:33:29.824 10997 11072 D cellinfo: 46 bytes from 44.241.174.93: icmp_seq=569 ttl=32 time=77.2 ms
08-10 20:33:29.912 10997 10997 D cellinfo: onsignalStrengthsChanged: LTE Signal Strength info: rsrp: -112 rsrq: -12 rssi: -83 rssnr: 3
08-10 20:33:29.912 10997 10997 D cellinfo: onsignalStrengthsChanged: 5G-NR Signal Strength info: ssrsrp: -110 ssrsrq: -12 sssinr: 2147483647
08-10 20:33:30.015 10997 11072 D cellinfo: 46 bytes from 44.241.174.93: icmp_seq=570 ttl=32 time=67.4 ms
08-10 20:33:30.217 10997 11072 D cellinfo: 46 bytes from 44.241.174.93: icmp_seq=571 ttl=32 time=69.7 ms
08-10 20:33:30.442 10997 11072 D cellinfo: 46 bytes from 44.241.174.93: icmp_seq=572 ttl=32 time=92.4 ms
08-10 20:33:30.626 10997 11072 D cellinfo: 46 bytes from 44.241.174.93: icmp_seq=573 ttl=32 time=75.4 ms
08-10 20:33:30.826 10997 11072 D cellinfo: 46 bytes from 44.241.174.93: icmp_seq=574 ttl=32 time=74.4 ms
08-10 20:33:31.024 10997 11072 D cellinfo: 46 bytes from 44.241.174.93: icmp_seq=575 ttl=32 time=70.9 ms
08-10 20:33:31.218 10997 11072 D cellinfo: 46 bytes from 44.241.174.93: icmp_seq=576 ttl=32 time=65.2 ms
08-10 20:33:31.345 10997 10997 D cellinfo: onsignalStrengthsChanged: LTE Signal Strength info: rsrp: -112 rsrq: -12 rssi: -83 rssnr: 2
08-10 20:33:31.345 10997 10997 D cellinfo: onsignalStrengthsChanged: 5G-NR Signal Strength info: ssrsrp: -110 ssrsrq: -12 sssinr: 2147483647
08-10 20:33:31.443 10997 11072 D cellinfo: 46 bytes from 44.241.174.93: icmp_seq=577 ttl=32 time=88.8 ms
08-10 20:33:31.626 10997 11072 D cellinfo: 46 bytes from 44.241.174.93: icmp_seq=578 ttl=32 time=70.1 ms
08-10 20:33:31.641 10997 10997 D cellinfo: Latitude is 41.4383669
08-10 20:33:31.641 10997 10997 D cellinfo: Longitude is -105.9433568
08-10 20:33:31.641 10997 10997 D cellinfo: Instantaneous GPS information: United States, 168 Hunt Rd, Laramie, WY 82070, USA
08-10 20:33:31.641 10997 10997 D cellinfo: getCurrentLocation() result: Location (success): 41.4383669, -105.9433568
08-10 20:33:31.682 10997 10997 D cellinfo: onCellInfoChanged: Operator: T-Mobile UpdateTimestamp: 8932718 CellConnectionStatus: 0
08-10 20:33:31.682 10997 10997 D cellinfo: onCellInfoChanged: LTE Cell Bands: [2] Bandwidth: 10000 Cell ID: 26173965 Physical Cell ID: 182 Tracking Area Code: 47617 EARFCN: 852
08-10 20:33:31.841 10997 11072 D cellinfo: 46 bytes from 44.241.174.93: icmp_seq=579 ttl=32 time=85.1 ms
08-10 20:33:32.026 10997 11072 D cellinfo: 46 bytes from 44.241.174.93: icmp_seq=580 ttl=32 time=68.6 ms
08-10 20:33:32.248 10997 11072 D cellinfo: 46 bytes from 44.241.174.93: icmp_seq=581 ttl=32 time=90.8 ms
08-10 20:33:32.435 10997 11072 D cellinfo: 46 bytes from 44.241.174.93: icmp_seq=582 ttl=32 time=76.9 ms
08-10 20:33:32.625 10997 11072 D cellinfo: 46 bytes from 44.241.174.93: icmp_seq=583 ttl=32 time=66.0 ms
08-10 20:33:32.847 10997 11072 D cellinfo: 46 bytes from 44.241.174.93: icmp_seq=584 ttl=32 time=87.8 ms
08-10 20:33:32.911 10997 10997 D cellinfo: onsignalStrengthsChanged: LTE Signal Strength info: rsrp: -112 rsrq: -12 rssi: -83 rssnr: 2
08-10 20:33:32.911 10997 10997 D cellinfo: onsignalStrengthsChanged: 5G-NR Signal Strength info: ssrsrp: -110 ssrsrq: -13 sssinr: 35
08-10 20:33:33.025 10997 11072 D cellinfo: 46 bytes from 44.241.174.93: icmp_seq=585 ttl=32 time=65.3 ms
08-10 20:33:33.236 10997 11072 D cellinfo: 46 bytes from 44.241.174.93: icmp_seq=586 ttl=32 time=76.4 ms
08-10 20:33:33.425 10997 11072 D cellinfo: 46 bytes from 44.241.174.93: icmp_seq=587 ttl=32 time=65.1 ms
08-10 20:33:33.636 10997 11072 D cellinfo: 46 bytes from 44.241.174.93: icmp_seq=588 ttl=32 time=74.6 ms
08-10 20:33:33.825 10997 11072 D cellinfo: 46 bytes from 44.241.174.93: icmp_seq=589 ttl=32 time=63.2 ms
08-10 20:33:34.036 10997 11072 D cellinfo: 46 bytes from 44.241.174.93: icmp_seq=590 ttl=32 time=73.6 ms
08-10 20:33:34.225 10997 11072 D cellinfo: 46 bytes from 44.241.174.93: icmp_seq=591 ttl=32 time=62.1 ms
08-10 20:33:34.436 10997 11072 D cellinfo: 46 bytes from 44.241.174.93: icmp_seq=592 ttl=32 time=72.7 ms
08-10 20:33:34.628 10997 11072 D cellinfo: 46 bytes from 44.241.174.93: icmp_seq=593 ttl=32 time=63.7 ms
08-10 20:33:34.647 10997 10997 D cellinfo: Latitude is 41.4383668
08-10 20:33:34.647 10997 10997 D cellinfo: Longitude is -105.9433568
08-10 20:33:34.647 10997 10997 D cellinfo: Instantaneous GPS information: United States, 168 Hunt Rd, Laramie, WY 82070, USA
08-10 20:33:34.647 10997 10997 D cellinfo: getCurrentLocation() result: Location (success): 41.4383668, -105.9433568
08-10 20:33:34.680 10997 10997 D cellinfo: onCellInfoChanged: Operator: T-Mobile UpdateTimestamp: 8935715 CellConnectionStatus: 0
08-10 20:33:34.680 10997 10997 D cellinfo: onCellInfoChanged: LTE Cell Bands: [2] Bandwidth: 10000 Cell ID: 26173965 Physical Cell ID: 182 Tracking Area Code: 47617 EARFCN: 852
08-10 20:33:34.844 10997 11072 D cellinfo: 46 bytes from 44.241.174.93: icmp_seq=594 ttl=32 time=78.2 ms
08-10 20:33:35.034 10997 11072 D cellinfo: 46 bytes from 44.241.174.93: icmp_seq=595 ttl=32 time=67.6 ms
08-10 20:33:35.143 10997 10997 D cellinfo: onsignalStrengthsChanged: LTE Signal Strength info: rsrp: -113 rsrq: -14 rssi: -83 rssnr: 2
08-10 20:33:35.143 10997 10997 D cellinfo: onsignalStrengthsChanged: 5G-NR Signal Strength info: ssrsrp: -110 ssrsrq: -13 sssinr: 35
08-10 20:33:35.236 10997 11072 D cellinfo: 46 bytes from 44.241.174.93: icmp_seq=596 ttl=32 time=70.3 ms
08-10 20:33:35.428 10997 11072 D cellinfo: 46 bytes from 44.241.174.93: icmp_seq=597 ttl=32 time=61.9 ms
08-10 20:33:35.644 10997 11072 D cellinfo: 46 bytes from 44.241.174.93: icmp_seq=598 ttl=32 time=77.3 ms
08-10 20:33:35.842 10997 11072 D cellinfo: 46 bytes from 44.241.174.93: icmp_seq=599 ttl=32 time=74.5 ms
08-10 20:33:35.905 10997 10997 D cellinfo: onsignalStrengthsChanged: LTE Signal Strength info: rsrp: -113 rsrq: -14 rssi: -83 rssnr: 2
08-10 20:33:35.905 10997 10997 D cellinfo: onsignalStrengthsChanged: 5G-NR Signal Strength info: ssrsrp: -111 ssrsrq: -13 sssinr: 22
08-10 20:33:36.046 10997 11072 D cellinfo: 46 bytes from 44.241.174.93: icmp_seq=600 ttl=32 time=77.0 ms
08-10 20:33:36.235 10997 11072 D cellinfo: 46 bytes from 44.241.174.93: icmp_seq=601 ttl=32 time=66.7 ms
08-10 20:33:36.445 10997 11072 D cellinfo: 46 bytes from 44.241.174.93: icmp_seq=602 ttl=32 time=74.9 ms
08-10 20:33:36.645 10997 11072 D cellinfo: 46 bytes from 44.241.174.93: icmp_seq=603 ttl=32 time=74.3 ms
08-10 20:33:36.838 10997 11072 D cellinfo: 46 bytes from 44.241.174.93: icmp_seq=604 ttl=32 time=65.8 ms
08-10 20:33:37.038 10997 11072 D cellinfo: 46 bytes from 44.241.174.93: icmp_seq=605 ttl=32 time=65.3 ms
08-10 20:33:37.246 10997 11072 D cellinfo: 46 bytes from 44.241.174.93: icmp_seq=606 ttl=32 time=73.4 ms
08-10 20:33:37.438 10997 11072 D cellinfo: 46 bytes from 44.241.174.93: icmp_seq=607 ttl=32 time=63.7 ms
08-10 20:33:37.640 10997 11072 D cellinfo: 46 bytes from 44.241.174.93: icmp_seq=608 ttl=32 time=64.5 ms
08-10 20:33:37.681 10997 10997 D cellinfo: onCellInfoChanged: Operator: T-Mobile UpdateTimestamp: 8938716 CellConnectionStatus: 0
08-10 20:33:37.681 10997 10997 D cellinfo: onCellInfoChanged: LTE Cell Bands: [2] Bandwidth: 10000 Cell ID: 26173965 Physical Cell ID: 182 Tracking Area Code: 47617 EARFCN: 852
08-10 20:33:37.836 10997 11072 D cellinfo: 46 bytes from 44.241.174.93: icmp_seq=609 ttl=32 time=59.3 ms
08-10 20:33:38.037 10997 11072 D cellinfo: 46 bytes from 44.241.174.93: icmp_seq=610 ttl=32 time=59.4 ms
08-10 20:33:38.065 10997 10997 D cellinfo: onsignalStrengthsChanged: LTE Signal Strength info: rsrp: -115 rsrq: -15 rssi: -83 rssnr: -1
08-10 20:33:38.065 10997 10997 D cellinfo: onsignalStrengthsChanged: 5G-NR Signal Strength info: ssrsrp: -111 ssrsrq: -13 sssinr: 22
08-10 20:33:38.237 10997 11072 D cellinfo: 46 bytes from 44.241.174.93: icmp_seq=611 ttl=32 time=59.3 ms
08-10 20:33:38.455 10997 11072 D cellinfo: 46 bytes from 44.241.174.93: icmp_seq=612 ttl=32 time=75.0 ms
08-10 20:33:38.663 10997 11072 D cellinfo: 46 bytes from 44.241.174.93: icmp_seq=613 ttl=32 time=82.0 ms
08-10 20:33:38.753 10997 10997 D cellinfo: Latitude is 41.4383674
08-10 20:33:38.753 10997 10997 D cellinfo: Longitude is -105.943352
08-10 20:33:38.753 10997 10997 D cellinfo: Instantaneous GPS information: United States, 168 Hunt Rd, Laramie, WY 82070, USA
08-10 20:33:38.753 10997 10997 D cellinfo: getCurrentLocation() result: Location (success): 41.4383674, -105.943352
08-10 20:33:38.855 10997 11072 D cellinfo: 46 bytes from 44.241.174.93: icmp_seq=614 ttl=32 time=73.1 ms
08-10 20:33:38.909 10997 10997 D cellinfo: onsignalStrengthsChanged: LTE Signal Strength info: rsrp: -115 rsrq: -15 rssi: -83 rssnr: -1
08-10 20:33:38.909 10997 10997 D cellinfo: onsignalStrengthsChanged: 5G-NR Signal Strength info: ssrsrp: -111 ssrsrq: -13 sssinr: 15
08-10 20:33:39.063 10997 11072 D cellinfo: 46 bytes from 44.241.174.93: icmp_seq=615 ttl=32 time=81.1 ms
08-10 20:33:39.255 10997 11072 D cellinfo: 46 bytes from 44.241.174.93: icmp_seq=616 ttl=32 time=72.9 ms
08-10 20:33:39.456 10997 11072 D cellinfo: 46 bytes from 44.241.174.93: icmp_seq=617 ttl=32 time=72.3 ms
08-10 20:33:39.654 10997 11072 D cellinfo: 46 bytes from 44.241.174.93: icmp_seq=618 ttl=32 time=69.5 ms
08-10 20:33:39.870 10997 11072 D cellinfo: 46 bytes from 44.241.174.93: icmp_seq=619 ttl=32 time=84.7 ms
08-10 20:33:40.049 10997 11072 D cellinfo: 46 bytes from 44.241.174.93: icmp_seq=620 ttl=32 time=62.6 ms
08-10 20:33:40.248 10997 11072 D cellinfo: 46 bytes from 44.241.174.93: icmp_seq=621 ttl=32 time=62.0 ms
08-10 20:33:40.306 10997 10997 D cellinfo: onsignalStrengthsChanged: LTE Signal Strength info: rsrp: -115 rsrq: -14 rssi: -85 rssnr: 1
08-10 20:33:40.306 10997 10997 D cellinfo: onsignalStrengthsChanged: 5G-NR Signal Strength info: ssrsrp: -111 ssrsrq: -13 sssinr: 15
08-10 20:33:40.463 10997 11072 D cellinfo: 46 bytes from 44.241.174.93: icmp_seq=622 ttl=32 time=76.5 ms
08-10 20:33:40.641 10997 10997 D cellinfo: Latitude is 41.4383674
08-10 20:33:40.641 10997 10997 D cellinfo: Longitude is -105.943352
08-10 20:33:40.641 10997 10997 D cellinfo: Instantaneous GPS information: United States, 168 Hunt Rd, Laramie, WY 82070, USA
08-10 20:33:40.641 10997 10997 D cellinfo: getCurrentLocation() result: Location (success): 41.4383674, -105.943352
08-10 20:33:40.655 10997 11072 D cellinfo: 46 bytes from 44.241.174.93: icmp_seq=623 ttl=32 time=67.0 ms
08-10 20:33:40.700 10997 10997 D cellinfo: onCellInfoChanged: Operator: T-Mobile UpdateTimestamp: 8941733 CellConnectionStatus: 0
08-10 20:33:40.700 10997 10997 D cellinfo: onCellInfoChanged: LTE Cell Bands: [2] Bandwidth: 10000 Cell ID: 26173965 Physical Cell ID: 182 Tracking Area Code: 47617 EARFCN: 852
08-10 20:33:40.856 10997 11072 D cellinfo: 46 bytes from 44.241.174.93: icmp_seq=624 ttl=32 time=67.9 ms
08-10 20:33:41.064 10997 11072 D cellinfo: 46 bytes from 44.241.174.93: icmp_seq=625 ttl=32 time=75.8 ms
08-10 20:33:41.255 10997 11072 D cellinfo: 46 bytes from 44.241.174.93: icmp_seq=626 ttl=32 time=67.3 ms
08-10 20:33:41.465 10997 11072 D cellinfo: 46 bytes from 44.241.174.93: icmp_seq=627 ttl=32 time=76.5 ms
08-10 20:33:41.673 10997 11072 D cellinfo: 46 bytes from 44.241.174.93: icmp_seq=628 ttl=32 time=83.4 ms
08-10 20:33:41.866 10997 11072 D cellinfo: 46 bytes from 44.241.174.93: icmp_seq=629 ttl=32 time=75.1 ms
08-10 20:33:41.914 10997 10997 D cellinfo: onsignalStrengthsChanged: LTE Signal Strength info: rsrp: -115 rsrq: -14 rssi: -85 rssnr: 1
08-10 20:33:41.914 10997 10997 D cellinfo: onsignalStrengthsChanged: 5G-NR Signal Strength info: ssrsrp: -112 ssrsrq: -13 sssinr: 9
08-10 20:33:42.066 10997 11072 D cellinfo: 46 bytes from 44.241.174.93: icmp_seq=630 ttl=32 time=74.7 ms
08-10 20:33:42.258 10997 11072 D cellinfo: 46 bytes from 44.241.174.93: icmp_seq=631 ttl=32 time=66.6 ms
08-10 20:33:42.457 10997 11072 D cellinfo: 46 bytes from 44.241.174.93: icmp_seq=632 ttl=32 time=64.8 ms
08-10 20:33:42.665 10997 11072 D cellinfo: 46 bytes from 44.241.174.93: icmp_seq=633 ttl=32 time=72.5 ms
08-10 20:33:42.858 10997 11072 D cellinfo: 46 bytes from 44.241.174.93: icmp_seq=634 ttl=32 time=63.6 ms
08-10 20:33:43.081 10997 11072 D cellinfo: 46 bytes from 44.241.174.93: icmp_seq=635 ttl=32 time=86.0 ms
08-10 20:33:43.272 10997 11072 D cellinfo: 46 bytes from 44.241.174.93: icmp_seq=636 ttl=32 time=77.9 ms
08-10 20:33:43.496 10997 11072 D cellinfo: 46 bytes from 44.241.174.93: icmp_seq=637 ttl=32 time=100 ms
08-10 20:33:43.641 10997 10997 D cellinfo: Latitude is 41.4383676
08-10 20:33:43.642 10997 10997 D cellinfo: Longitude is -105.9433512
08-10 20:33:43.642 10997 10997 D cellinfo: Instantaneous GPS information: United States, 168 Hunt Rd, Laramie, WY 82070, USA
08-10 20:33:43.642 10997 10997 D cellinfo: getCurrentLocation() result: Location (success): 41.4383676, -105.9433512
08-10 20:33:43.664 10997 11072 D cellinfo: 46 bytes from 44.241.174.93: icmp_seq=638 ttl=32 time=69.2 ms
08-10 20:33:43.694 10997 10997 D cellinfo: onCellInfoChanged: Operator: T-Mobile UpdateTimestamp: 8944723 CellConnectionStatus: 0
08-10 20:33:43.694 10997 10997 D cellinfo: onCellInfoChanged: LTE Cell Bands: [2] Bandwidth: 10000 Cell ID: 26173965 Physical Cell ID: 182 Tracking Area Code: 47617 EARFCN: 852
08-10 20:33:43.866 10997 11072 D cellinfo: 46 bytes from 44.241.174.93: icmp_seq=639 ttl=32 time=69.8 ms
08-10 20:33:44.073 10997 11072 D cellinfo: 46 bytes from 44.241.174.93: icmp_seq=640 ttl=32 time=76.6 ms
08-10 20:33:44.144 10997 10997 D cellinfo: onsignalStrengthsChanged: LTE Signal Strength info: rsrp: -115 rsrq: -12 rssi: -85 rssnr: 1
08-10 20:33:44.144 10997 10997 D cellinfo: onsignalStrengthsChanged: 5G-NR Signal Strength info: ssrsrp: -112 ssrsrq: -13 sssinr: 9
08-10 20:33:44.266 10997 11072 D cellinfo: 46 bytes from 44.241.174.93: icmp_seq=641 ttl=32 time=69.1 ms
08-10 20:33:44.458 10997 11072 D cellinfo: 46 bytes from 44.241.174.93: icmp_seq=642 ttl=32 time=59.8 ms
08-10 20:33:44.674 10997 11072 D cellinfo: 46 bytes from 44.241.174.93: icmp_seq=643 ttl=32 time=75.1 ms
08-10 20:33:44.867 10997 11072 D cellinfo: 46 bytes from 44.241.174.93: icmp_seq=644 ttl=32 time=68.3 ms
08-10 20:33:44.912 10997 10997 D cellinfo: onsignalStrengthsChanged: LTE Signal Strength info: rsrp: -115 rsrq: -12 rssi: -85 rssnr: 1
08-10 20:33:44.912 10997 10997 D cellinfo: onsignalStrengthsChanged: 5G-NR Signal Strength info: ssrsrp: -111 ssrsrq: -13 sssinr: 17
08-10 20:33:45.068 10997 11072 D cellinfo: 46 bytes from 44.241.174.93: icmp_seq=645 ttl=32 time=67.5 ms
08-10 20:33:45.276 10997 11072 D cellinfo: 46 bytes from 44.241.174.93: icmp_seq=646 ttl=32 time=74.3 ms
08-10 20:33:45.469 10997 11072 D cellinfo: 46 bytes from 44.241.174.93: icmp_seq=647 ttl=32 time=65.9 ms
08-10 20:33:45.668 10997 11072 D cellinfo: 46 bytes from 44.241.174.93: icmp_seq=648 ttl=32 time=64.4 ms
08-10 20:33:45.879 10997 11072 D cellinfo: 46 bytes from 44.241.174.93: icmp_seq=649 ttl=32 time=73.1 ms
08-10 20:33:46.068 10997 11072 D cellinfo: 46 bytes from 44.241.174.93: icmp_seq=650 ttl=32 time=60.8 ms
08-10 20:33:46.271 10997 11072 D cellinfo: 46 bytes from 44.241.174.93: icmp_seq=651 ttl=32 time=62.7 ms
08-10 20:33:46.476 10997 11072 D cellinfo: 46 bytes from 44.241.174.93: icmp_seq=652 ttl=32 time=67.4 ms
08-10 20:33:46.638 10997 10997 D cellinfo: Latitude is 41.4383677
08-10 20:33:46.638 10997 10997 D cellinfo: Longitude is -105.9433503
08-10 20:33:46.638 10997 10997 D cellinfo: Instantaneous GPS information: United States, 168 Hunt Rd, Laramie, WY 82070, USA
08-10 20:33:46.638 10997 10997 D cellinfo: getCurrentLocation() result: Location (success): 41.4383677, -105.9433503
08-10 20:33:46.677 10997 11072 D cellinfo: 46 bytes from 44.241.174.93: icmp_seq=653 ttl=32 time=67.6 ms
08-10 20:33:46.688 10997 10997 D cellinfo: onCellInfoChanged: Operator: T-Mobile UpdateTimestamp: 8947719 CellConnectionStatus: 0
08-10 20:33:46.688 10997 10997 D cellinfo: onCellInfoChanged: LTE Cell Bands: [2] Bandwidth: 10000 Cell ID: 26173965 Physical Cell ID: 182 Tracking Area Code: 47617 EARFCN: 852
08-10 20:33:46.887 10997 11072 D cellinfo: 46 bytes from 44.241.174.93: icmp_seq=654 ttl=32 time=75.7 ms
08-10 20:33:47.024 10997 10997 D cellinfo: onsignalStrengthsChanged: LTE Signal Strength info: rsrp: -112 rsrq: -13 rssi: -81 rssnr: 1
08-10 20:33:47.025 10997 10997 D cellinfo: onsignalStrengthsChanged: 5G-NR Signal Strength info: ssrsrp: -111 ssrsrq: -13 sssinr: 17
08-10 20:33:47.087 10997 11072 D cellinfo: 46 bytes from 44.241.174.93: icmp_seq=655 ttl=32 time=74.6 ms
08-10 20:33:47.286 10997 11072 D cellinfo: 46 bytes from 44.241.174.93: icmp_seq=656 ttl=32 time=72.7 ms
08-10 20:33:47.477 10997 11072 D cellinfo: 46 bytes from 44.241.174.93: icmp_seq=657 ttl=32 time=61.9 ms
08-10 20:33:47.681 10997 11072 D cellinfo: 46 bytes from 44.241.174.93: icmp_seq=658 ttl=32 time=65.4 ms
08-10 20:33:47.878 10997 11072 D cellinfo: 46 bytes from 44.241.174.93: icmp_seq=659 ttl=32 time=61.3 ms
08-10 20:33:47.915 10997 10997 D cellinfo: onsignalStrengthsChanged: LTE Signal Strength info: rsrp: -112 rsrq: -13 rssi: -81 rssnr: 1
08-10 20:33:47.915 10997 10997 D cellinfo: onsignalStrengthsChanged: 5G-NR Signal Strength info: ssrsrp: -112 ssrsrq: -14 sssinr: 5
08-10 20:33:48.086 10997 11072 D cellinfo: 46 bytes from 44.241.174.93: icmp_seq=660 ttl=32 time=68.4 ms
08-10 20:33:48.288 10997 11072 D cellinfo: 46 bytes from 44.241.174.93: icmp_seq=661 ttl=32 time=69.6 ms
08-10 20:33:48.503 10997 11072 D cellinfo: 46 bytes from 44.241.174.93: icmp_seq=662 ttl=32 time=82.3 ms
08-10 20:33:48.696 10997 11072 D cellinfo: 46 bytes from 44.241.174.93: icmp_seq=663 ttl=32 time=73.2 ms
08-10 20:33:48.888 10997 11072 D cellinfo: 46 bytes from 44.241.174.93: icmp_seq=664 ttl=32 time=63.9 ms
08-10 20:33:49.088 10997 11072 D cellinfo: 46 bytes from 44.241.174.93: icmp_seq=665 ttl=32 time=63.6 ms
08-10 20:33:49.266 10997 10997 D cellinfo: onsignalStrengthsChanged: LTE Signal Strength info: rsrp: -111 rsrq: -14 rssi: -81 rssnr: 2
08-10 20:33:49.266 10997 10997 D cellinfo: onsignalStrengthsChanged: 5G-NR Signal Strength info: ssrsrp: -112 ssrsrq: -14 sssinr: 5
08-10 20:33:49.297 10997 11072 D cellinfo: 46 bytes from 44.241.174.93: icmp_seq=666 ttl=32 time=71.4 ms
08-10 20:33:49.488 10997 11072 D cellinfo: 46 bytes from 44.241.174.93: icmp_seq=667 ttl=32 time=61.5 ms
08-10 20:33:49.638 10997 10997 D cellinfo: Latitude is 41.4383678
08-10 20:33:49.638 10997 10997 D cellinfo: Longitude is -105.9433498
08-10 20:33:49.638 10997 10997 D cellinfo: Instantaneous GPS information: United States, 168 Hunt Rd, Laramie, WY 82070, USA
08-10 20:33:49.638 10997 10997 D cellinfo: getCurrentLocation() result: Location (success): 41.4383678, -105.9433498
08-10 20:33:49.695 10997 11072 D cellinfo: 46 bytes from 44.241.174.93: icmp_seq=668 ttl=32 time=67.5 ms
08-10 20:33:49.705 10997 10997 D cellinfo: onCellInfoChanged: Operator: T-Mobile UpdateTimestamp: 8950735 CellConnectionStatus: 0
08-10 20:33:49.705 10997 10997 D cellinfo: onCellInfoChanged: LTE Cell Bands: [2] Bandwidth: 10000 Cell ID: 26173965 Physical Cell ID: 182 Tracking Area Code: 47617 EARFCN: 852
08-10 20:33:49.887 10997 11072 D cellinfo: 46 bytes from 44.241.174.93: icmp_seq=669 ttl=32 time=58.7 ms
08-10 20:33:50.105 10997 11072 D cellinfo: 46 bytes from 44.241.174.93: icmp_seq=670 ttl=32 time=75.3 ms
08-10 20:33:50.299 10997 11072 D cellinfo: 46 bytes from 44.241.174.93: icmp_seq=671 ttl=32 time=68.3 ms
08-10 20:33:50.505 10997 11072 D cellinfo: 46 bytes from 44.241.174.93: icmp_seq=672 ttl=32 time=74.1 ms
08-10 20:33:50.706 10997 11072 D cellinfo: 46 bytes from 44.241.174.93: icmp_seq=673 ttl=32 time=73.9 ms
08-10 20:33:50.911 10997 10997 D cellinfo: onsignalStrengthsChanged: LTE Signal Strength info: rsrp: -111 rsrq: -14 rssi: -81 rssnr: 2
08-10 20:33:50.911 10997 10997 D cellinfo: onsignalStrengthsChanged: 5G-NR Signal Strength info: ssrsrp: -111 ssrsrq: -14 sssinr: 9
08-10 20:33:50.913 10997 11072 D cellinfo: 46 bytes from 44.241.174.93: icmp_seq=674 ttl=32 time=80.9 ms
08-10 20:33:51.114 10997 11072 D cellinfo: 46 bytes from 44.241.174.93: icmp_seq=675 ttl=32 time=81.7 ms
08-10 20:33:51.297 10997 11072 D cellinfo: 46 bytes from 44.241.174.93: icmp_seq=676 ttl=32 time=62.9 ms
08-10 20:33:51.497 10997 11072 D cellinfo: 46 bytes from 44.241.174.93: icmp_seq=677 ttl=32 time=62.3 ms
08-10 20:33:51.698 10997 11072 D cellinfo: 46 bytes from 44.241.174.93: icmp_seq=678 ttl=32 time=61.6 ms
08-10 20:33:51.898 10997 11072 D cellinfo: 46 bytes from 44.241.174.93: icmp_seq=679 ttl=32 time=60.1 ms
08-10 20:33:52.106 10997 11072 D cellinfo: 46 bytes from 44.241.174.93: icmp_seq=680 ttl=32 time=67.8 ms
08-10 20:33:52.308 10997 11072 D cellinfo: 46 bytes from 44.241.174.93: icmp_seq=681 ttl=32 time=69.0 ms
08-10 20:33:52.516 10997 11072 D cellinfo: 46 bytes from 44.241.174.93: icmp_seq=682 ttl=32 time=75.4 ms
08-10 20:33:52.677 10997 10997 D cellinfo: onCellInfoChanged: Operator: T-Mobile UpdateTimestamp: 8953712 CellConnectionStatus: 0
08-10 20:33:52.677 10997 10997 D cellinfo: onCellInfoChanged: LTE Cell Bands: [2] Bandwidth: 10000 Cell ID: 26173965 Physical Cell ID: 182 Tracking Area Code: 47617 EARFCN: 852
08-10 20:33:52.704 10997 11072 D cellinfo: 46 bytes from 44.241.174.93: icmp_seq=683 ttl=32 time=63.0 ms
08-10 20:33:52.908 10997 11072 D cellinfo: 46 bytes from 44.241.174.93: icmp_seq=684 ttl=32 time=65.5 ms
08-10 20:33:53.123 10997 11072 D cellinfo: 46 bytes from 44.241.174.93: icmp_seq=685 ttl=32 time=78.6 ms
08-10 20:33:53.145 10997 10997 D cellinfo: onsignalStrengthsChanged: LTE Signal Strength info: rsrp: -113 rsrq: -14 rssi: -81 rssnr: 2
08-10 20:33:53.145 10997 10997 D cellinfo: onsignalStrengthsChanged: 5G-NR Signal Strength info: ssrsrp: -111 ssrsrq: -14 sssinr: 9
08-10 20:33:53.333 10997 11072 D cellinfo: 46 bytes from 44.241.174.93: icmp_seq=686 ttl=32 time=88.1 ms
08-10 20:33:53.510 10997 11072 D cellinfo: 46 bytes from 44.241.174.93: icmp_seq=687 ttl=32 time=64.0 ms
08-10 20:33:53.716 10997 11072 D cellinfo: 46 bytes from 44.241.174.93: icmp_seq=688 ttl=32 time=70.3 ms
08-10 20:33:53.911 10997 10997 D cellinfo: onsignalStrengthsChanged: LTE Signal Strength info: rsrp: -113 rsrq: -14 rssi: -81 rssnr: 2
08-10 20:33:53.911 10997 10997 D cellinfo: onsignalStrengthsChanged: 5G-NR Signal Strength info: ssrsrp: -111 ssrsrq: -13 sssinr: 13
08-10 20:33:53.914 10997 11072 D cellinfo: 46 bytes from 44.241.174.93: icmp_seq=689 ttl=32 time=66.8 ms
08-10 20:33:54.006 10997 10997 D cellinfo: Latitude is 41.4383676
08-10 20:33:54.006 10997 10997 D cellinfo: Longitude is -105.9433519
08-10 20:33:54.006 10997 10997 D cellinfo: Instantaneous GPS information: United States, 168 Hunt Rd, Laramie, WY 82070, USA
08-10 20:33:54.006 10997 10997 D cellinfo: getCurrentLocation() result: Location (success): 41.4383676, -105.9433519
08-10 20:33:54.114 10997 11072 D cellinfo: 46 bytes from 44.241.174.93: icmp_seq=690 ttl=32 time=67.3 ms
08-10 20:33:54.316 10997 11072 D cellinfo: 46 bytes from 44.241.174.93: icmp_seq=691 ttl=32 time=68.0 ms
08-10 20:33:54.514 10997 11072 D cellinfo: 46 bytes from 44.241.174.93: icmp_seq=692 ttl=32 time=65.7 ms
08-10 20:33:54.723 10997 11072 D cellinfo: 46 bytes from 44.241.174.93: icmp_seq=693 ttl=32 time=75.1 ms
08-10 20:33:54.925 10997 11072 D cellinfo: 46 bytes from 44.241.174.93: icmp_seq=694 ttl=32 time=76.5 ms
08-10 20:33:55.125 10997 11072 D cellinfo: 46 bytes from 44.241.174.93: icmp_seq=695 ttl=32 time=75.4 ms
08-10 20:33:55.324 10997 11072 D cellinfo: 46 bytes from 44.241.174.93: icmp_seq=696 ttl=32 time=73.7 ms
08-10 20:33:55.525 10997 11072 D cellinfo: 46 bytes from 44.241.174.93: icmp_seq=697 ttl=32 time=72.7 ms
08-10 20:33:55.640 10997 10997 D cellinfo: Latitude is 41.4383676
08-10 20:33:55.640 10997 10997 D cellinfo: Longitude is -105.9433519
08-10 20:33:55.640 10997 10997 D cellinfo: Instantaneous GPS information: United States, 168 Hunt Rd, Laramie, WY 82070, USA
08-10 20:33:55.640 10997 10997 D cellinfo: getCurrentLocation() result: Location (success): 41.4383676, -105.9433519
08-10 20:33:55.695 10997 10997 D cellinfo: onCellInfoChanged: Operator: T-Mobile UpdateTimestamp: 8956728 CellConnectionStatus: 0
08-10 20:33:55.695 10997 10997 D cellinfo: onCellInfoChanged: LTE Cell Bands: [2] Bandwidth: 10000 Cell ID: 26173965 Physical Cell ID: 182 Tracking Area Code: 47617 EARFCN: 852
08-10 20:33:55.724 10997 11072 D cellinfo: 46 bytes from 44.241.174.93: icmp_seq=698 ttl=32 time=71.1 ms
08-10 20:33:55.924 10997 11072 D cellinfo: 46 bytes from 44.241.174.93: icmp_seq=699 ttl=32 time=69.8 ms
08-10 20:33:55.985 10997 10997 D cellinfo: onsignalStrengthsChanged: LTE Signal Strength info: rsrp: -111 rsrq: -12 rssi: -81 rssnr: 3
08-10 20:33:55.985 10997 10997 D cellinfo: onsignalStrengthsChanged: 5G-NR Signal Strength info: ssrsrp: -111 ssrsrq: -13 sssinr: 13
08-10 20:33:56.127 10997 11072 D cellinfo: 46 bytes from 44.241.174.93: icmp_seq=700 ttl=32 time=70.8 ms
08-10 20:33:56.333 10997 11072 D cellinfo: 46 bytes from 44.241.174.93: icmp_seq=701 ttl=32 time=77.1 ms
08-10 20:33:56.526 10997 11072 D cellinfo: 46 bytes from 44.241.174.93: icmp_seq=702 ttl=32 time=69.3 ms
08-10 20:33:56.735 10997 11072 D cellinfo: 46 bytes from 44.241.174.93: icmp_seq=703 ttl=32 time=76.3 ms
08-10 20:33:56.913 10997 10997 D cellinfo: onsignalStrengthsChanged: LTE Signal Strength info: rsrp: -111 rsrq: -12 rssi: -81 rssnr: 3
08-10 20:33:56.913 10997 10997 D cellinfo: onsignalStrengthsChanged: 5G-NR Signal Strength info: ssrsrp: -110 ssrsrq: -13 sssinr: 8
08-10 20:33:56.936 10997 11072 D cellinfo: 46 bytes from 44.241.174.93: icmp_seq=704 ttl=32 time=76.3 ms
08-10 20:33:57.135 10997 11072 D cellinfo: 46 bytes from 44.241.174.93: icmp_seq=705 ttl=32 time=73.9 ms
08-10 20:33:57.335 10997 11072 D cellinfo: 46 bytes from 44.241.174.93: icmp_seq=706 ttl=32 time=72.9 ms
08-10 20:33:57.535 10997 11072 D cellinfo: 46 bytes from 44.241.174.93: icmp_seq=707 ttl=32 time=72.0 ms
08-10 20:33:57.751 10997 11072 D cellinfo: 46 bytes from 44.241.174.93: icmp_seq=708 ttl=32 time=86.7 ms
08-10 20:33:57.934 10997 11072 D cellinfo: 46 bytes from 44.241.174.93: icmp_seq=709 ttl=32 time=68.4 ms
08-10 20:33:58.153 10997 11072 D cellinfo: 46 bytes from 44.241.174.93: icmp_seq=710 ttl=32 time=86.5 ms
08-10 20:33:58.226 10997 10997 D cellinfo: onsignalStrengthsChanged: LTE Signal Strength info: rsrp: -110 rsrq: -11 rssi: -81 rssnr: 3
08-10 20:33:58.226 10997 10997 D cellinfo: onsignalStrengthsChanged: 5G-NR Signal Strength info: ssrsrp: -110 ssrsrq: -13 sssinr: 8
08-10 20:33:58.336 10997 11072 D cellinfo: 46 bytes from 44.241.174.93: icmp_seq=711 ttl=32 time=68.3 ms
08-10 20:33:58.535 10997 11072 D cellinfo: 46 bytes from 44.241.174.93: icmp_seq=712 ttl=32 time=66.3 ms
08-10 20:33:58.639 10997 10997 D cellinfo: Latitude is 41.4383676
08-10 20:33:58.639 10997 10997 D cellinfo: Longitude is -105.943352
08-10 20:33:58.639 10997 10997 D cellinfo: Instantaneous GPS information: United States, 168 Hunt Rd, Laramie, WY 82070, USA
08-10 20:33:58.639 10997 10997 D cellinfo: getCurrentLocation() result: Location (success): 41.4383676, -105.943352
08-10 20:33:58.691 10997 10997 D cellinfo: onCellInfoChanged: Operator: T-Mobile UpdateTimestamp: 8959723 CellConnectionStatus: 0
08-10 20:33:58.692 10997 10997 D cellinfo: onCellInfoChanged: LTE Cell Bands: [2] Bandwidth: 10000 Cell ID: 26173965 Physical Cell ID: 182 Tracking Area Code: 47617 EARFCN: 852
08-10 20:33:58.737 10997 11072 D cellinfo: 46 bytes from 44.241.174.93: icmp_seq=713 ttl=32 time=67.8 ms
08-10 20:33:58.944 10997 11072 D cellinfo: 46 bytes from 44.241.174.93: icmp_seq=714 ttl=32 time=73.7 ms
08-10 20:33:59.145 10997 11072 D cellinfo: 46 bytes from 44.241.174.93: icmp_seq=715 ttl=32 time=72.8 ms
08-10 20:33:59.345 10997 11072 D cellinfo: 46 bytes from 44.241.174.93: icmp_seq=716 ttl=32 time=72.5 ms
08-10 20:33:59.544 10997 11072 D cellinfo: 46 bytes from 44.241.174.93: icmp_seq=717 ttl=32 time=70.3 ms
08-10 20:33:59.745 10997 11072 D cellinfo: 46 bytes from 44.241.174.93: icmp_seq=718 ttl=32 time=70.3 ms
08-10 20:33:59.911 10997 10997 D cellinfo: onsignalStrengthsChanged: LTE Signal Strength info: rsrp: -110 rsrq: -11 rssi: -81 rssnr: 3
08-10 20:33:59.911 10997 10997 D cellinfo: onsignalStrengthsChanged: 5G-NR Signal Strength info: ssrsrp: -109 ssrsrq: -12 sssinr: 20
08-10 20:33:59.941 10997 11072 D cellinfo: 46 bytes from 44.241.174.93: icmp_seq=719 ttl=32 time=64.5 ms
08-10 20:34:00.145 10997 11072 D cellinfo: 46 bytes from 44.241.174.93: icmp_seq=720 ttl=32 time=66.8 ms
08-10 20:34:00.345 10997 11072 D cellinfo: 46 bytes from 44.241.174.93: icmp_seq=721 ttl=32 time=66.1 ms
08-10 20:34:00.565 10997 11072 D cellinfo: 46 bytes from 44.241.174.93: icmp_seq=722 ttl=32 time=84.9 ms
08-10 20:34:00.755 10997 11072 D cellinfo: 46 bytes from 44.241.174.93: icmp_seq=723 ttl=32 time=74.0 ms
08-10 20:34:00.955 10997 11072 D cellinfo: 46 bytes from 44.241.174.93: icmp_seq=724 ttl=32 time=72.8 ms
08-10 20:34:01.155 10997 11072 D cellinfo: 46 bytes from 44.241.174.93: icmp_seq=725 ttl=32 time=71.8 ms
08-10 20:34:01.365 10997 11072 D cellinfo: 46 bytes from 44.241.174.93: icmp_seq=726 ttl=32 time=81.4 ms
08-10 20:34:01.554 10997 11072 D cellinfo: 46 bytes from 44.241.174.93: icmp_seq=727 ttl=32 time=70.0 ms
08-10 20:34:01.636 10997 10997 D cellinfo: Latitude is 41.4383677
08-10 20:34:01.636 10997 10997 D cellinfo: Longitude is -105.943352
08-10 20:34:01.636 10997 10997 D cellinfo: Instantaneous GPS information: United States, 168 Hunt Rd, Laramie, WY 82070, USA
08-10 20:34:01.636 10997 10997 D cellinfo: getCurrentLocation() result: Location (success): 41.4383677, -105.943352
08-10 20:34:01.680 10997 10997 D cellinfo: onCellInfoChanged: Operator: T-Mobile UpdateTimestamp: 8962717 CellConnectionStatus: 0
08-10 20:34:01.680 10997 10997 D cellinfo: onCellInfoChanged: LTE Cell Bands: [2] Bandwidth: 10000 Cell ID: 26173965 Physical Cell ID: 182 Tracking Area Code: 47617 EARFCN: 852
08-10 20:34:01.764 10997 11072 D cellinfo: 46 bytes from 44.241.174.93: icmp_seq=728 ttl=32 time=79.7 ms
08-10 20:34:01.973 10997 11072 D cellinfo: 46 bytes from 44.241.174.93: icmp_seq=729 ttl=32 time=86.7 ms
08-10 20:34:02.146 10997 10997 D cellinfo: onsignalStrengthsChanged: LTE Signal Strength info: rsrp: -109 rsrq: -12 rssi: -79 rssnr: 2
08-10 20:34:02.146 10997 10997 D cellinfo: onsignalStrengthsChanged: 5G-NR Signal Strength info: ssrsrp: -109 ssrsrq: -12 sssinr: 20
08-10 20:34:02.176 10997 11072 D cellinfo: 46 bytes from 44.241.174.93: icmp_seq=730 ttl=32 time=89.2 ms
08-10 20:34:02.355 10997 11072 D cellinfo: 46 bytes from 44.241.174.93: icmp_seq=731 ttl=32 time=67.2 ms
08-10 20:34:02.556 10997 11072 D cellinfo: 46 bytes from 44.241.174.93: icmp_seq=732 ttl=32 time=67.7 ms
08-10 20:34:02.766 10997 11072 D cellinfo: 46 bytes from 44.241.174.93: icmp_seq=733 ttl=32 time=76.5 ms
08-10 20:34:02.913 10997 10997 D cellinfo: onsignalStrengthsChanged: LTE Signal Strength info: rsrp: -109 rsrq: -12 rssi: -79 rssnr: 2
08-10 20:34:02.913 10997 10997 D cellinfo: onsignalStrengthsChanged: 5G-NR Signal Strength info: ssrsrp: -110 ssrsrq: -13 sssinr: 21
08-10 20:34:02.964 10997 11072 D cellinfo: 46 bytes from 44.241.174.93: icmp_seq=734 ttl=32 time=73.1 ms
08-10 20:34:03.158 10997 11072 D cellinfo: 46 bytes from 44.241.174.93: icmp_seq=735 ttl=32 time=65.3 ms
08-10 20:34:03.365 10997 11072 D cellinfo: 46 bytes from 44.241.174.93: icmp_seq=736 ttl=32 time=71.8 ms
08-10 20:34:03.566 10997 11072 D cellinfo: 46 bytes from 44.241.174.93: icmp_seq=737 ttl=32 time=72.3 ms
08-10 20:34:03.760 10997 11072 D cellinfo: 46 bytes from 44.241.174.93: icmp_seq=738 ttl=32 time=65.0 ms
08-10 20:34:03.966 10997 11072 D cellinfo: 46 bytes from 44.241.174.93: icmp_seq=739 ttl=32 time=69.6 ms
08-10 20:34:04.175 10997 11072 D cellinfo: 46 bytes from 44.241.174.93: icmp_seq=740 ttl=32 time=76.9 ms
08-10 20:34:04.365 10997 11072 D cellinfo: 46 bytes from 44.241.174.93: icmp_seq=741 ttl=32 time=66.4 ms
08-10 20:34:04.582 10997 11072 D cellinfo: 46 bytes from 44.241.174.93: icmp_seq=742 ttl=32 time=81.6 ms
08-10 20:34:04.639 10997 10997 D cellinfo: Latitude is 41.4383677
08-10 20:34:04.639 10997 10997 D cellinfo: Longitude is -105.943352
08-10 20:34:04.639 10997 10997 D cellinfo: Instantaneous GPS information: United States, 168 Hunt Rd, Laramie, WY 82070, USA
08-10 20:34:04.639 10997 10997 D cellinfo: getCurrentLocation() result: Location (success): 41.4383677, -105.943352
08-10 20:34:04.702 10997 10997 D cellinfo: onCellInfoChanged: Operator: T-Mobile UpdateTimestamp: 8965736 CellConnectionStatus: 0
08-10 20:34:04.702 10997 10997 D cellinfo: onCellInfoChanged: LTE Cell Bands: [2] Bandwidth: 10000 Cell ID: 26173965 Physical Cell ID: 182 Tracking Area Code: 47617 EARFCN: 852
08-10 20:34:04.783 10997 11072 D cellinfo: 46 bytes from 44.241.174.93: icmp_seq=743 ttl=32 time=81.6 ms
08-10 20:34:04.947 10997 10997 D cellinfo: onsignalStrengthsChanged: LTE Signal Strength info: rsrp: -110 rsrq: -11 rssi: -81 rssnr: 3
08-10 20:34:04.947 10997 10997 D cellinfo: onsignalStrengthsChanged: 5G-NR Signal Strength info: ssrsrp: -110 ssrsrq: -13 sssinr: 21
08-10 20:34:04.968 10997 11072 D cellinfo: 46 bytes from 44.241.174.93: icmp_seq=744 ttl=32 time=65.8 ms
08-10 20:34:05.169 10997 11072 D cellinfo: 46 bytes from 44.241.174.93: icmp_seq=745 ttl=32 time=66.2 ms
08-10 20:34:05.376 10997 11072 D cellinfo: 46 bytes from 44.241.174.93: icmp_seq=746 ttl=32 time=72.4 ms
08-10 20:34:05.583 10997 11072 D cellinfo: 46 bytes from 44.241.174.93: icmp_seq=747 ttl=32 time=78.7 ms
08-10 20:34:05.776 10997 11072 D cellinfo: 46 bytes from 44.241.174.93: icmp_seq=748 ttl=32 time=69.8 ms
08-10 20:34:05.916 10997 10997 D cellinfo: onsignalStrengthsChanged: LTE Signal Strength info: rsrp: -110 rsrq: -11 rssi: -81 rssnr: 3
08-10 20:34:05.916 10997 10997 D cellinfo: onsignalStrengthsChanged: 5G-NR Signal Strength info: ssrsrp: -112 ssrsrq: -14 sssinr: -2
08-10 20:34:05.976 10997 11072 D cellinfo: 46 bytes from 44.241.174.93: icmp_seq=749 ttl=32 time=69.6 ms
08-10 20:34:06.183 10997 11072 D cellinfo: 46 bytes from 44.241.174.93: icmp_seq=750 ttl=32 time=75.8 ms
08-10 20:34:06.383 10997 11072 D cellinfo: 46 bytes from 44.241.174.93: icmp_seq=751 ttl=32 time=75.6 ms
08-10 20:34:06.583 10997 11072 D cellinfo: 46 bytes from 44.241.174.93: icmp_seq=752 ttl=32 time=74.7 ms
08-10 20:34:06.784 10997 11072 D cellinfo: 46 bytes from 44.241.174.93: icmp_seq=753 ttl=32 time=74.4 ms
08-10 20:34:06.985 10997 11072 D cellinfo: 46 bytes from 44.241.174.93: icmp_seq=754 ttl=32 time=74.3 ms
08-10 20:34:07.185 10997 11072 D cellinfo: 46 bytes from 44.241.174.93: icmp_seq=755 ttl=32 time=73.1 ms
08-10 20:34:07.389 10997 11072 D cellinfo: 46 bytes from 44.241.174.93: icmp_seq=756 ttl=32 time=76.6 ms
08-10 20:34:07.588 10997 11072 D cellinfo: 46 bytes from 44.241.174.93: icmp_seq=757 ttl=32 time=74.3 ms
08-10 20:34:07.688 10997 10997 D cellinfo: onCellInfoChanged: Operator: T-Mobile UpdateTimestamp: 8968723 CellConnectionStatus: 0
08-10 20:34:07.688 10997 10997 D cellinfo: onCellInfoChanged: LTE Cell Bands: [2] Bandwidth: 10000 Cell ID: 26173965 Physical Cell ID: 182 Tracking Area Code: 47617 EARFCN: 852
08-10 20:34:07.786 10997 11072 D cellinfo: 46 bytes from 44.241.174.93: icmp_seq=758 ttl=32 time=71.0 ms
08-10 20:34:07.986 10997 11072 D cellinfo: 46 bytes from 44.241.174.93: icmp_seq=759 ttl=32 time=70.3 ms
08-10 20:34:08.147 10997 10997 D cellinfo: onsignalStrengthsChanged: LTE Signal Strength info: rsrp: -112 rsrq: -12 rssi: -81 rssnr: 2
08-10 20:34:08.147 10997 10997 D cellinfo: onsignalStrengthsChanged: 5G-NR Signal Strength info: ssrsrp: -112 ssrsrq: -14 sssinr: -2
08-10 20:34:08.191 10997 11072 D cellinfo: 46 bytes from 44.241.174.93: icmp_seq=760 ttl=32 time=74.0 ms
08-10 20:34:08.387 10997 11072 D cellinfo: 46 bytes from 44.241.174.93: icmp_seq=761 ttl=32 time=69.0 ms
08-10 20:34:08.604 10997 11072 D cellinfo: 46 bytes from 44.241.174.93: icmp_seq=762 ttl=32 time=84.3 ms
08-10 20:34:08.799 10997 11072 D cellinfo: 46 bytes from 44.241.174.93: icmp_seq=763 ttl=32 time=79.0 ms
08-10 20:34:08.911 10997 10997 D cellinfo: onsignalStrengthsChanged: LTE Signal Strength info: rsrp: -112 rsrq: -12 rssi: -81 rssnr: 2
08-10 20:34:08.911 10997 10997 D cellinfo: onsignalStrengthsChanged: 5G-NR Signal Strength info: ssrsrp: -111 ssrsrq: -13 sssinr: 6
08-10 20:34:09.003 10997 11072 D cellinfo: 46 bytes from 44.241.174.93: icmp_seq=764 ttl=32 time=81.9 ms
08-10 20:34:09.015 10997 10997 D cellinfo: Latitude is 41.4383675
08-10 20:34:09.015 10997 10997 D cellinfo: Longitude is -105.9433529
08-10 20:34:09.015 10997 10997 D cellinfo: Instantaneous GPS information: United States, 168 Hunt Rd, Laramie, WY 82070, USA
08-10 20:34:09.015 10997 10997 D cellinfo: getCurrentLocation() result: Location (success): 41.4383675, -105.9433529
08-10 20:34:09.188 10997 11072 D cellinfo: 46 bytes from 44.241.174.93: icmp_seq=765 ttl=32 time=66.3 ms
08-10 20:34:09.402 10997 11072 D cellinfo: 46 bytes from 44.241.174.93: icmp_seq=766 ttl=32 time=80.1 ms
08-10 20:34:09.604 10997 11072 D cellinfo: 46 bytes from 44.241.174.93: icmp_seq=767 ttl=32 time=80.4 ms
08-10 20:34:09.810 10997 11072 D cellinfo: 46 bytes from 44.241.174.93: icmp_seq=768 ttl=32 time=86.2 ms
08-10 20:34:09.988 10997 11072 D cellinfo: 46 bytes from 44.241.174.93: icmp_seq=769 ttl=32 time=63.6 ms
08-10 20:34:10.200 10997 11072 D cellinfo: 46 bytes from 44.241.174.93: icmp_seq=770 ttl=32 time=74.7 ms
08-10 20:34:10.402 10997 11072 D cellinfo: 46 bytes from 44.241.174.93: icmp_seq=771 ttl=32 time=75.1 ms
08-10 20:34:10.588 10997 11072 D cellinfo: 46 bytes from 44.241.174.93: icmp_seq=772 ttl=32 time=60.3 ms
08-10 20:34:10.635 10997 10997 D cellinfo: Latitude is 41.4383675
08-10 20:34:10.635 10997 10997 D cellinfo: Longitude is -105.9433529
08-10 20:34:10.635 10997 10997 D cellinfo: Instantaneous GPS information: United States, 168 Hunt Rd, Laramie, WY 82070, USA
08-10 20:34:10.635 10997 10997 D cellinfo: getCurrentLocation() result: Location (success): 41.4383675, -105.9433529
08-10 20:34:10.683 10997 10997 D cellinfo: onCellInfoChanged: Operator: T-Mobile UpdateTimestamp: 8971717 CellConnectionStatus: 0
08-10 20:34:10.683 10997 10997 D cellinfo: onCellInfoChanged: LTE Cell Bands: [2] Bandwidth: 10000 Cell ID: 26173965 Physical Cell ID: 182 Tracking Area Code: 47617 EARFCN: 852
08-10 20:34:10.813 10997 11072 D cellinfo: 46 bytes from 44.241.174.93: icmp_seq=773 ttl=32 time=84.8 ms
08-10 20:34:11.004 10997 11072 D cellinfo: 46 bytes from 44.241.174.93: icmp_seq=774 ttl=32 time=73.9 ms
08-10 20:34:11.149 10997 10997 D cellinfo: onsignalStrengthsChanged: LTE Signal Strength info: rsrp: -109 rsrq: -12 rssi: -81 rssnr: 3
08-10 20:34:11.149 10997 10997 D cellinfo: onsignalStrengthsChanged: 5G-NR Signal Strength info: ssrsrp: -111 ssrsrq: -13 sssinr: 6
08-10 20:34:11.214 10997 11072 D cellinfo: 46 bytes from 44.241.174.93: icmp_seq=775 ttl=32 time=85.2 ms
08-10 20:34:11.413 10997 11072 D cellinfo: 46 bytes from 44.241.174.93: icmp_seq=776 ttl=32 time=83.3 ms
08-10 20:34:11.619 10997 11072 D cellinfo: 46 bytes from 44.241.174.93: icmp_seq=777 ttl=32 time=87.6 ms
08-10 20:34:11.816 10997 11072 D cellinfo: 46 bytes from 44.241.174.93: icmp_seq=778 ttl=32 time=83.7 ms
08-10 20:34:11.911 10997 10997 D cellinfo: onsignalStrengthsChanged: LTE Signal Strength info: rsrp: -109 rsrq: -12 rssi: -81 rssnr: 3
08-10 20:34:11.911 10997 10997 D cellinfo: onsignalStrengthsChanged: 5G-NR Signal Strength info: ssrsrp: -110 ssrsrq: -13 sssinr: 23
08-10 20:34:12.016 10997 11072 D cellinfo: 46 bytes from 44.241.174.93: icmp_seq=779 ttl=32 time=81.0 ms
08-10 20:34:12.198 10997 11072 D cellinfo: 46 bytes from 44.241.174.93: icmp_seq=780 ttl=32 time=62.9 ms
08-10 20:34:12.412 10997 11072 D cellinfo: 46 bytes from 44.241.174.93: icmp_seq=781 ttl=32 time=75.9 ms
08-10 20:34:12.597 10997 11072 D cellinfo: 46 bytes from 44.241.174.93: icmp_seq=782 ttl=32 time=59.5 ms
08-10 20:34:12.827 10997 11072 D cellinfo: 46 bytes from 44.241.174.93: icmp_seq=783 ttl=32 time=87.8 ms
08-10 20:34:13.017 10997 11072 D cellinfo: 46 bytes from 44.241.174.93: icmp_seq=784 ttl=32 time=76.8 ms
08-10 20:34:13.220 10997 11072 D cellinfo: 46 bytes from 44.241.174.93: icmp_seq=785 ttl=32 time=80.2 ms
08-10 20:34:13.408 10997 11072 D cellinfo: 46 bytes from 44.241.174.93: icmp_seq=786 ttl=32 time=66.7 ms
08-10 20:34:13.629 10997 11072 D cellinfo: 46 bytes from 44.241.174.93: icmp_seq=787 ttl=32 time=86.6 ms
08-10 20:34:13.637 10997 10997 D cellinfo: Latitude is 41.4383675
08-10 20:34:13.637 10997 10997 D cellinfo: Longitude is -105.943353
08-10 20:34:13.637 10997 10997 D cellinfo: Instantaneous GPS information: United States, 168 Hunt Rd, Laramie, WY 82070, USA
08-10 20:34:13.637 10997 10997 D cellinfo: getCurrentLocation() result: Location (success): 41.4383675, -105.943353
08-10 20:34:13.682 10997 10997 D cellinfo: onCellInfoChanged: Operator: T-Mobile UpdateTimestamp: 8974717 CellConnectionStatus: 0
08-10 20:34:13.682 10997 10997 D cellinfo: onCellInfoChanged: LTE Cell Bands: [2] Bandwidth: 10000 Cell ID: 26173965 Physical Cell ID: 182 Tracking Area Code: 47617 EARFCN: 852
08-10 20:34:13.808 10997 11072 D cellinfo: 46 bytes from 44.241.174.93: icmp_seq=788 ttl=32 time=64.6 ms
08-10 20:34:13.907 10997 10997 D cellinfo: onsignalStrengthsChanged: LTE Signal Strength info: rsrp: -110 rsrq: -11 rssi: -81 rssnr: 2
08-10 20:34:13.907 10997 10997 D cellinfo: onsignalStrengthsChanged: 5G-NR Signal Strength info: ssrsrp: -110 ssrsrq: -13 sssinr: 23
08-10 20:34:14.023 10997 11072 D cellinfo: 46 bytes from 44.241.174.93: icmp_seq=789 ttl=32 time=78.5 ms
08-10 20:34:14.226 10997 11072 D cellinfo: 46 bytes from 44.241.174.93: icmp_seq=790 ttl=32 time=81.7 ms
08-10 20:34:14.415 10997 11072 D cellinfo: 46 bytes from 44.241.174.93: icmp_seq=791 ttl=32 time=68.7 ms
08-10 20:34:14.615 10997 11072 D cellinfo: 46 bytes from 44.241.174.93: icmp_seq=792 ttl=32 time=67.6 ms
08-10 20:34:14.842 10997 11072 D cellinfo: 46 bytes from 44.241.174.93: icmp_seq=793 ttl=32 time=93.8 ms
08-10 20:34:14.912 10997 10997 D cellinfo: onsignalStrengthsChanged: LTE Signal Strength info: rsrp: -110 rsrq: -11 rssi: -81 rssnr: 2
