08-10 20:47:34.760 28973 29024 D cellinfo: 46 bytes from 44.241.174.93: icmp_seq=2837 ttl=26 time=86.0 ms
08-10 20:47:34.970 28973 29024 D cellinfo: 46 bytes from 44.241.174.93: icmp_seq=2838 ttl=26 time=96.0 ms
08-10 20:47:35.160 28973 29024 D cellinfo: 46 bytes from 44.241.174.93: icmp_seq=2839 ttl=26 time=84.9 ms
08-10 20:47:35.363 28973 29024 D cellinfo: 46 bytes from 44.241.174.93: icmp_seq=2840 ttl=26 time=86.5 ms
08-10 20:47:35.568 28973 29024 D cellinfo: 46 bytes from 44.241.174.93: icmp_seq=2841 ttl=26 time=91.4 ms
08-10 20:47:35.771 28973 29024 D cellinfo: 46 bytes from 44.241.174.93: icmp_seq=2842 ttl=26 time=92.6 ms
08-10 20:47:35.968 28973 29024 D cellinfo: 46 bytes from 44.241.174.93: icmp_seq=2843 ttl=26 time=89.5 ms
08-10 20:47:36.184 28973 29024 D cellinfo: 46 bytes from 44.241.174.93: icmp_seq=2844 ttl=26 time=105 ms
08-10 20:47:36.365 28973 29024 D cellinfo: 46 bytes from 44.241.174.93: icmp_seq=2845 ttl=26 time=84.6 ms
08-10 20:47:36.610 28973 29024 D cellinfo: 46 bytes from 44.241.174.93: icmp_seq=2846 ttl=26 time=129 ms
08-10 20:47:36.766 28973 29024 D cellinfo: 46 bytes from 44.241.174.93: icmp_seq=2847 ttl=26 time=85.0 ms
08-10 20:47:37.000 28973 29024 D cellinfo: 46 bytes from 44.241.174.93: icmp_seq=2848 ttl=26 time=117 ms
08-10 20:47:37.182 28973 29024 D cellinfo: 46 bytes from 44.241.174.93: icmp_seq=2849 ttl=26 time=99.5 ms
08-10 20:47:37.399 28973 29024 D cellinfo: 46 bytes from 44.241.174.93: icmp_seq=2850 ttl=26 time=116 ms
08-10 20:47:37.624 28973 29024 D cellinfo: 46 bytes from 44.241.174.93: icmp_seq=2851 ttl=26 time=140 ms
08-10 20:47:37.977 28973 29024 D cellinfo: 46 bytes from 44.241.174.93: icmp_seq=2852 ttl=26 time=292 ms
08-10 20:47:38.002 28973 29024 D cellinfo: 46 bytes from 44.241.174.93: icmp_seq=2853 ttl=26 time=112 ms
08-10 20:47:38.205 28973 29024 D cellinfo: 46 bytes from 44.241.174.93: icmp_seq=2854 ttl=26 time=115 ms
08-10 20:47:38.488 28973 29024 D cellinfo: 46 bytes from 44.241.174.93: icmp_seq=2855 ttl=26 time=196 ms
08-10 20:47:38.529 28973 28973 D cellinfo: Latitude is 41.3746505
08-10 20:47:38.529 28973 28973 D cellinfo: Longitude is -105.7993866
08-10 20:47:38.529 28973 28973 D cellinfo: Instantaneous GPS information: United States, Dwight D. Eisenhower Hwy, Laramie, WY 82070, USA
08-10 20:47:38.529 28973 28973 D cellinfo: getCurrentLocation() result: Location (success): 41.3746505, -105.7993866
08-10 20:47:38.535 28973 28973 D cellinfo: onCellInfoChanged: Operator: Verizon Wireless UpdateTimestamp: 20890688 CellConnectionStatus: 1
08-10 20:47:38.535 28973 28973 D cellinfo: onCellInfoChanged: LTE Cell Bands: [13, 66, 66] Bandwidth: 10000 Cell ID: 4497666 Physical Cell ID: 16 Tracking Area Code: 4361 EARFCN: 5230
08-10 20:47:38.536 28973 28973 D cellinfo: onsignalStrengthsChanged: LTE Signal Strength info: rsrp: -117 rsrq: -12 rssi: -95 rssnr: 0
08-10 20:47:38.559 28973 29024 D cellinfo: 46 bytes from 44.241.174.93: icmp_seq=2856 ttl=26 time=69.0 ms
08-10 20:47:38.780 28973 29024 D cellinfo: 46 bytes from 44.241.174.93: icmp_seq=2857 ttl=26 time=89.5 ms
08-10 20:47:38.977 28973 29024 D cellinfo: 46 bytes from 44.241.174.93: icmp_seq=2858 ttl=26 time=85.3 ms
08-10 20:47:39.171 28973 29024 D cellinfo: 46 bytes from 44.241.174.93: icmp_seq=2859 ttl=26 time=77.6 ms
08-10 20:47:39.374 28973 29024 D cellinfo: 46 bytes from 44.241.174.93: icmp_seq=2860 ttl=26 time=79.2 ms
08-10 20:47:39.596 28973 29024 D cellinfo: 46 bytes from 44.241.174.93: icmp_seq=2861 ttl=26 time=100 ms
08-10 20:47:39.800 28973 29024 D cellinfo: 46 bytes from 44.241.174.93: icmp_seq=2862 ttl=26 time=104 ms
08-10 20:47:40.005 28973 29024 D cellinfo: 46 bytes from 44.241.174.93: icmp_seq=2863 ttl=26 time=108 ms
08-10 20:47:40.191 28973 29024 D cellinfo: 46 bytes from 44.241.174.93: icmp_seq=2864 ttl=26 time=95.0 ms
08-10 20:47:40.391 28973 29024 D cellinfo: 46 bytes from 44.241.174.93: icmp_seq=2865 ttl=26 time=94.1 ms
08-10 20:47:40.687 28973 29024 D cellinfo: 46 bytes from 44.241.174.93: icmp_seq=2866 ttl=26 time=188 ms
08-10 20:47:41.098 28973 29024 D cellinfo: 46 bytes from 44.241.174.93: icmp_seq=2867 ttl=26 time=399 ms
08-10 20:47:41.211 28973 29024 D cellinfo: 46 bytes from 44.241.174.93: icmp_seq=2868 ttl=26 time=310 ms
08-10 20:47:41.566 28973 29024 D cellinfo: 46 bytes from 44.241.174.93: icmp_seq=2869 ttl=26 time=455 ms
08-10 20:47:41.569 28973 29024 D cellinfo: 46 bytes from 44.241.174.93: icmp_seq=2870 ttl=26 time=257 ms
08-10 20:47:41.587 28973 28973 D cellinfo: Latitude is 41.3743664
08-10 20:47:41.587 28973 28973 D cellinfo: Longitude is -105.7988005
08-10 20:47:41.587 28973 28973 D cellinfo: Instantaneous GPS information: United States, Dwight D. Eisenhower Hwy, Laramie, WY 82070, USA
08-10 20:47:41.587 28973 28973 D cellinfo: getCurrentLocation() result: Location (success): 41.3743664, -105.7988005
08-10 20:47:41.590 28973 28973 D cellinfo: onCellInfoChanged: Operator: Verizon Wireless UpdateTimestamp: 20893681 CellConnectionStatus: 1
08-10 20:47:41.590 28973 28973 D cellinfo: onCellInfoChanged: LTE Cell Bands: [13, 66, 66] Bandwidth: 10000 Cell ID: 4497666 Physical Cell ID: 16 Tracking Area Code: 4361 EARFCN: 5230
08-10 20:47:41.615 28973 29024 D cellinfo: 46 bytes from 44.241.174.93: icmp_seq=2871 ttl=26 time=102 ms
08-10 20:47:41.802 28973 29024 D cellinfo: 46 bytes from 44.241.174.93: icmp_seq=2872 ttl=26 time=88.2 ms
08-10 20:47:42.015 28973 29024 D cellinfo: 46 bytes from 44.241.174.93: icmp_seq=2873 ttl=26 time=100 ms
08-10 20:47:42.225 28973 29024 D cellinfo: 46 bytes from 44.241.174.93: icmp_seq=2874 ttl=26 time=110 ms
08-10 20:47:42.431 28973 29024 D cellinfo: 46 bytes from 44.241.174.93: icmp_seq=2875 ttl=26 time=116 ms
08-10 20:47:42.616 28973 29024 D cellinfo: 46 bytes from 44.241.174.93: icmp_seq=2876 ttl=26 time=100 ms
08-10 20:47:42.817 28973 29024 D cellinfo: 46 bytes from 44.241.174.93: icmp_seq=2877 ttl=26 time=101 ms
08-10 20:47:43.034 28973 29024 D cellinfo: 46 bytes from 44.241.174.93: icmp_seq=2878 ttl=26 time=117 ms
08-10 20:47:43.250 28973 29024 D cellinfo: 46 bytes from 44.241.174.93: icmp_seq=2879 ttl=26 time=132 ms
08-10 20:47:43.433 28973 29024 D cellinfo: 46 bytes from 44.241.174.93: icmp_seq=2880 ttl=26 time=117 ms
08-10 20:47:43.981 28973 29024 D cellinfo: 46 bytes from 44.241.174.93: icmp_seq=2881 ttl=26 time=463 ms
08-10 20:47:44.245 28973 29024 D cellinfo: 46 bytes from 44.241.174.93: icmp_seq=2882 ttl=26 time=524 ms
08-10 20:47:44.469 28973 29024 D cellinfo: 46 bytes from 44.241.174.93: icmp_seq=2883 ttl=26 time=544 ms
08-10 20:47:44.838 28973 29024 D cellinfo: 46 bytes from 44.241.174.93: icmp_seq=2885 ttl=26 time=511 ms
08-10 20:47:44.889 28973 29024 D cellinfo: 46 bytes from 44.241.174.93: icmp_seq=2886 ttl=26 time=360 ms
08-10 20:47:44.937 28973 29024 D cellinfo: 46 bytes from 44.241.174.93: icmp_seq=2887 ttl=26 time=207 ms
08-10 20:47:45.130 28973 29024 D cellinfo: 46 bytes from 44.241.174.93: icmp_seq=2888 ttl=26 time=198 ms
08-10 20:47:45.396 28973 29024 D cellinfo: 46 bytes from 44.241.174.93: icmp_seq=2889 ttl=26 time=264 ms
08-10 20:47:45.433 28973 29024 D cellinfo: 46 bytes from 44.241.174.93: icmp_seq=2890 ttl=26 time=99.4 ms
08-10 20:47:45.458 28973 28973 D cellinfo: Latitude is 41.3744055
08-10 20:47:45.458 28973 28973 D cellinfo: Longitude is -105.7988801
08-10 20:47:45.458 28973 28973 D cellinfo: Instantaneous GPS information: United States, Dwight D. Eisenhower Hwy, Laramie, WY 82070, USA
08-10 20:47:45.458 28973 28973 D cellinfo: getCurrentLocation() result: Location (success): 41.3744055, -105.7988801
08-10 20:47:45.462 28973 28973 D cellinfo: onCellInfoChanged: Operator: Verizon Wireless UpdateTimestamp: 20896682 CellConnectionStatus: 1
08-10 20:47:45.462 28973 28973 D cellinfo: onCellInfoChanged: LTE Cell Bands: [13, 66, 66] Bandwidth: 10000 Cell ID: 4497666 Physical Cell ID: 16 Tracking Area Code: 4361 EARFCN: 5230
08-10 20:47:45.808 28973 29024 D cellinfo: 46 bytes from 44.241.174.93: icmp_seq=2891 ttl=26 time=274 ms
08-10 20:47:45.877 28973 29024 D cellinfo: 46 bytes from 44.241.174.93: icmp_seq=2892 ttl=26 time=136 ms
08-10 20:47:46.042 28973 29024 D cellinfo: 46 bytes from 44.241.174.93: icmp_seq=2893 ttl=26 time=101 ms
08-10 20:47:46.252 28973 29024 D cellinfo: 46 bytes from 44.241.174.93: icmp_seq=2894 ttl=26 time=111 ms
08-10 20:47:46.373 28973 28973 D cellinfo: onCellInfoChanged: Operator: Verizon Wireless UpdateTimestamp: 20899675 CellConnectionStatus: 1
08-10 20:47:46.373 28973 28973 D cellinfo: onCellInfoChanged: LTE Cell Bands: [13, 66, 66] Bandwidth: 10000 Cell ID: 4497666 Physical Cell ID: 16 Tracking Area Code: 4361 EARFCN: 5230
08-10 20:47:46.438 28973 29024 D cellinfo: 46 bytes from 44.241.174.93: icmp_seq=2895 ttl=26 time=96.5 ms
08-10 20:47:46.750 28973 29024 D cellinfo: 46 bytes from 44.241.174.93: icmp_seq=2896 ttl=26 time=207 ms
08-10 20:47:46.843 28973 29024 D cellinfo: 46 bytes from 44.241.174.93: icmp_seq=2897 ttl=26 time=98.9 ms
08-10 20:47:47.028 28973 29024 D cellinfo: 46 bytes from 44.241.174.93: icmp_seq=2898 ttl=26 time=83.5 ms
08-10 20:47:47.242 28973 29024 D cellinfo: 46 bytes from 44.241.174.93: icmp_seq=2899 ttl=26 time=96.4 ms
08-10 20:47:47.468 28973 29024 D cellinfo: 46 bytes from 44.241.174.93: icmp_seq=2900 ttl=26 time=120 ms
08-10 20:47:47.821 28973 29024 D cellinfo: 46 bytes from 44.241.174.93: icmp_seq=2901 ttl=26 time=273 ms
08-10 20:47:47.879 28973 29024 D cellinfo: 46 bytes from 44.241.174.93: icmp_seq=2902 ttl=26 time=130 ms
08-10 20:47:47.881 28973 28973 D cellinfo: Latitude is 41.3721555
08-10 20:47:47.881 28973 28973 D cellinfo: Longitude is -105.7943412
08-10 20:47:47.881 28973 28973 D cellinfo: Instantaneous GPS information: United States, Dwight D. Eisenhower Hwy, Laramie, WY 82070, USA
08-10 20:47:47.881 28973 28973 D cellinfo: getCurrentLocation() result: Location (success): 41.3721555, -105.7943412
08-10 20:47:48.074 28973 29024 D cellinfo: 46 bytes from 44.241.174.93: icmp_seq=2903 ttl=26 time=124 ms
08-10 20:47:48.241 28973 29024 D cellinfo: 46 bytes from 44.241.174.93: icmp_seq=2904 ttl=26 time=90.8 ms
08-10 20:47:48.459 28973 29024 D cellinfo: 46 bytes from 44.241.174.93: icmp_seq=2905 ttl=26 time=108 ms
08-10 20:47:48.649 28973 29024 D cellinfo: 46 bytes from 44.241.174.93: icmp_seq=2906 ttl=26 time=97.2 ms
08-10 20:47:48.859 28973 29024 D cellinfo: 46 bytes from 44.241.174.93: icmp_seq=2907 ttl=26 time=106 ms
08-10 20:47:49.057 28973 29024 D cellinfo: 46 bytes from 44.241.174.93: icmp_seq=2908 ttl=26 time=105 ms
08-10 20:47:49.267 28973 29024 D cellinfo: 46 bytes from 44.241.174.93: icmp_seq=2909 ttl=26 time=115 ms
08-10 20:47:49.342 28973 28973 D cellinfo: Latitude is 41.3721555
08-10 20:47:49.342 28973 28973 D cellinfo: Longitude is -105.7943412
08-10 20:47:49.342 28973 28973 D cellinfo: Instantaneous GPS information: United States, Dwight D. Eisenhower Hwy, Laramie, WY 82070, USA
08-10 20:47:49.342 28973 28973 D cellinfo: getCurrentLocation() result: Location (success): 41.3721555, -105.7943412
08-10 20:47:49.379 28973 28973 D cellinfo: onCellInfoChanged: Operator: Verizon Wireless UpdateTimestamp: 20902680 CellConnectionStatus: 1
08-10 20:47:49.379 28973 28973 D cellinfo: onCellInfoChanged: LTE Cell Bands: [13, 66, 66] Bandwidth: 10000 Cell ID: 4497666 Physical Cell ID: 16 Tracking Area Code: 4361 EARFCN: 5230
08-10 20:47:49.525 28973 29024 D cellinfo: 46 bytes from 44.241.174.93: icmp_seq=2910 ttl=26 time=171 ms
08-10 20:47:49.782 28973 28973 D cellinfo: onsignalStrengthsChanged: LTE Signal Strength info: rsrp: -115 rsrq: -12 rssi: -95 rssnr: -2
08-10 20:47:49.935 28973 29024 D cellinfo: 46 bytes from 44.241.174.93: icmp_seq=2911 ttl=26 time=381 ms
08-10 20:47:50.265 28973 29024 D cellinfo: 46 bytes from 44.241.174.93: icmp_seq=2912 ttl=26 time=508 ms
08-10 20:47:50.389 28973 29024 D cellinfo: 46 bytes from 44.241.174.93: icmp_seq=2913 ttl=26 time=431 ms
08-10 20:47:50.426 28973 29024 D cellinfo: 46 bytes from 44.241.174.93: icmp_seq=2914 ttl=26 time=266 ms
08-10 20:47:50.467 28973 29024 D cellinfo: 46 bytes from 44.241.174.93: icmp_seq=2915 ttl=26 time=106 ms
08-10 20:47:50.660 28973 29024 D cellinfo: 46 bytes from 44.241.174.93: icmp_seq=2916 ttl=26 time=98.3 ms
08-10 20:47:50.867 28973 29024 D cellinfo: 46 bytes from 44.241.174.93: icmp_seq=2917 ttl=26 time=103 ms
08-10 20:47:51.063 28973 29024 D cellinfo: 46 bytes from 44.241.174.93: icmp_seq=2918 ttl=26 time=98.6 ms
08-10 20:47:51.280 28973 29024 D cellinfo: 46 bytes from 44.241.174.93: icmp_seq=2919 ttl=26 time=115 ms
08-10 20:47:51.480 28973 29024 D cellinfo: 46 bytes from 44.241.174.93: icmp_seq=2920 ttl=26 time=114 ms
08-10 20:47:51.660 28973 29024 D cellinfo: 46 bytes from 44.241.174.93: icmp_seq=2921 ttl=26 time=93.9 ms
08-10 20:47:51.856 28973 29024 D cellinfo: 46 bytes from 44.241.174.93: icmp_seq=2922 ttl=26 time=89.8 ms
08-10 20:47:52.081 28973 29024 D cellinfo: 46 bytes from 44.241.174.93: icmp_seq=2923 ttl=26 time=113 ms
08-10 20:47:52.313 28973 29024 D cellinfo: 46 bytes from 44.241.174.93: icmp_seq=2924 ttl=26 time=145 ms
08-10 20:47:52.718 28973 29024 D cellinfo: 46 bytes from 44.241.174.93: icmp_seq=2925 ttl=26 time=349 ms
08-10 20:47:52.822 28973 29024 D cellinfo: 46 bytes from 44.241.174.93: icmp_seq=2926 ttl=26 time=248 ms
08-10 20:47:53.172 28973 29024 D cellinfo: 46 bytes from 44.241.174.93: icmp_seq=2927 ttl=26 time=397 ms
08-10 20:47:53.356 28973 29024 D cellinfo: 46 bytes from 44.241.174.93: icmp_seq=2928 ttl=26 time=379 ms
08-10 20:47:53.455 28973 29024 D cellinfo: 46 bytes from 44.241.174.93: icmp_seq=2929 ttl=26 time=271 ms
08-10 20:47:53.669 28973 29024 D cellinfo: 46 bytes from 44.241.174.93: icmp_seq=2930 ttl=26 time=284 ms
08-10 20:47:53.831 28973 29024 D cellinfo: 46 bytes from 44.241.174.93: icmp_seq=2931 ttl=26 time=244 ms
08-10 20:47:54.194 28973 28973 D cellinfo: Latitude is 41.3718148
08-10 20:47:54.194 28973 28973 D cellinfo: Longitude is -105.793641
08-10 20:47:54.194 28973 28973 D cellinfo: Instantaneous GPS information: United States, Dwight D. Eisenhower Hwy, Laramie, WY 82070, USA
08-10 20:47:54.194 28973 28973 D cellinfo: getCurrentLocation() result: Location (success): 41.3718148, -105.793641
08-10 20:47:54.198 28973 28973 D cellinfo: onCellInfoChanged: Operator: Verizon Wireless UpdateTimestamp: 20905676 CellConnectionStatus: 1
08-10 20:47:54.198 28973 28973 D cellinfo: onCellInfoChanged: LTE Cell Bands: [13, 66, 66] Bandwidth: 10000 Cell ID: 4497666 Physical Cell ID: 16 Tracking Area Code: 4361 EARFCN: 5230
08-10 20:47:54.199 28973 28973 D cellinfo: onsignalStrengthsChanged: LTE Signal Strength info: rsrp: -119 rsrq: -16 rssi: -95 rssnr: -3
08-10 20:47:54.273 28973 29024 D cellinfo: 46 bytes from 44.241.174.93: icmp_seq=2932 ttl=26 time=486 ms
08-10 20:47:54.274 28973 29024 D cellinfo: 46 bytes from 44.241.174.93: icmp_seq=2933 ttl=26 time=285 ms
08-10 20:47:54.376 28973 29024 D cellinfo: 46 bytes from 44.241.174.93: icmp_seq=2934 ttl=26 time=183 ms
08-10 20:47:54.500 28973 29024 D cellinfo: 46 bytes from 44.241.174.93: icmp_seq=2935 ttl=26 time=107 ms
08-10 20:47:54.687 28973 29024 D cellinfo: 46 bytes from 44.241.174.93: icmp_seq=2936 ttl=26 time=92.9 ms
08-10 20:47:54.946 28973 29024 D cellinfo: 46 bytes from 44.241.174.93: icmp_seq=2937 ttl=26 time=151 ms
08-10 20:47:55.128 28973 29024 D cellinfo: 46 bytes from 44.241.174.93: icmp_seq=2938 ttl=26 time=131 ms
08-10 20:47:55.505 28973 29024 D cellinfo: 46 bytes from 44.241.174.93: icmp_seq=2939 ttl=26 time=308 ms
08-10 20:47:56.284 28973 29024 D cellinfo: 46 bytes from 44.241.174.93: icmp_seq=2941 ttl=26 time=685 ms
08-10 20:47:56.301 28973 29024 D cellinfo: 46 bytes from 44.241.174.93: icmp_seq=2942 ttl=26 time=499 ms
08-10 20:47:57.240 28973 29024 D cellinfo: 46 bytes from 44.241.174.93: icmp_seq=2946 ttl=26 time=626 ms
08-10 20:47:57.299 28973 29024 D cellinfo: 46 bytes from 44.241.174.93: icmp_seq=2947 ttl=26 time=482 ms
08-10 20:47:57.399 28973 29024 D cellinfo: 46 bytes from 44.241.174.93: icmp_seq=2948 ttl=26 time=378 ms
08-10 20:47:57.725 28973 29024 D cellinfo: 46 bytes from 44.241.174.93: icmp_seq=2949 ttl=26 time=499 ms
08-10 20:47:57.725 28973 29024 D cellinfo: 46 bytes from 44.241.174.93: icmp_seq=2950 ttl=26 time=298 ms
08-10 20:47:57.903 28973 29024 D cellinfo: 46 bytes from 44.241.174.93: icmp_seq=2949 ttl=26 time=678 ms (DUP!)
08-10 20:47:57.904 28973 29024 D cellinfo: 46 bytes from 44.241.174.93: icmp_seq=2950 ttl=26 time=476 ms (DUP!)
08-10 20:47:57.906 28973 29024 D cellinfo: 46 bytes from 44.241.174.93: icmp_seq=2951 ttl=26 time=277 ms
08-10 20:47:57.951 28973 29024 D cellinfo: 46 bytes from 44.241.174.93: icmp_seq=2951 ttl=26 time=322 ms (DUP!)
08-10 20:47:58.031 28973 29024 D cellinfo: 46 bytes from 44.241.174.93: icmp_seq=2952 ttl=26 time=201 ms
08-10 20:47:58.185 28973 29024 D cellinfo: 46 bytes from 44.241.174.93: icmp_seq=2953 ttl=26 time=154 ms
08-10 20:47:58.250 28973 28973 D cellinfo: Latitude is 41.3716128
08-10 20:47:58.250 28973 28973 D cellinfo: Longitude is -105.7932237
08-10 20:47:58.250 28973 28973 D cellinfo: Instantaneous GPS information: United States, Dwight D. Eisenhower Hwy, Laramie, WY 82070, USA
08-10 20:47:58.250 28973 28973 D cellinfo: getCurrentLocation() result: Location (success): 41.3716128, -105.7932237
08-10 20:47:58.253 28973 28973 D cellinfo: onCellInfoChanged: Operator: Verizon Wireless UpdateTimestamp: 20908676 CellConnectionStatus: 1
08-10 20:47:58.253 28973 28973 D cellinfo: onCellInfoChanged: LTE Cell Bands: [13, 66, 66] Bandwidth: 10000 Cell ID: 4497666 Physical Cell ID: 16 Tracking Area Code: 4361 EARFCN: 5230
08-10 20:47:58.254 28973 28973 D cellinfo: onsignalStrengthsChanged: LTE Signal Strength info: rsrp: -119 rsrq: -13 rssi: -97 rssnr: -6
08-10 20:47:58.254 28973 28973 D cellinfo: onServiceStateChanged: Channel Number: 5230 Cell Bandwidths: [10000]
08-10 20:47:58.401 28973 29024 D cellinfo: 46 bytes from 44.241.174.93: icmp_seq=2954 ttl=26 time=170 ms
08-10 20:47:58.563 28973 29024 D cellinfo: 46 bytes from 44.241.174.93: icmp_seq=2955 ttl=26 time=130 ms
08-10 20:47:58.754 28973 29024 D cellinfo: 46 bytes from 44.241.174.93: icmp_seq=2956 ttl=26 time=120 ms
08-10 20:47:58.928 28973 29024 D cellinfo: 46 bytes from 44.241.174.93: icmp_seq=2957 ttl=26 time=93.2 ms
08-10 20:47:59.072 28973 28973 D cellinfo: Latitude is 41.371638
08-10 20:47:59.072 28973 28973 D cellinfo: Longitude is -105.793275
08-10 20:47:59.072 28973 28973 D cellinfo: Instantaneous GPS information: United States, Dwight D. Eisenhower Hwy, Laramie, WY 82070, USA
08-10 20:47:59.072 28973 28973 D cellinfo: getCurrentLocation() result: Location (success): 41.371638, -105.793275
08-10 20:47:59.075 28973 28973 D cellinfo: onCellInfoChanged: Operator: Verizon Wireless UpdateTimestamp: 20911689 CellConnectionStatus: 1
08-10 20:47:59.075 28973 28973 D cellinfo: onCellInfoChanged: LTE Cell Bands: [13] Bandwidth: 10000 Cell ID: 4586755 Physical Cell ID: 371 Tracking Area Code: 4361 EARFCN: 5230
08-10 20:47:59.123 28973 29024 D cellinfo: 46 bytes from 44.241.174.93: icmp_seq=2958 ttl=26 time=88.2 ms
08-10 20:47:59.326 28973 29024 D cellinfo: 46 bytes from 44.241.174.93: icmp_seq=2959 ttl=26 time=90.3 ms
08-10 20:47:59.511 28973 29024 D cellinfo: 46 bytes from 44.241.174.93: icmp_seq=2960 ttl=26 time=74.1 ms
08-10 20:47:59.712 28973 29024 D cellinfo: 46 bytes from 44.241.174.93: icmp_seq=2961 ttl=26 time=74.2 ms
08-10 20:47:59.922 28973 29024 D cellinfo: 46 bytes from 44.241.174.93: icmp_seq=2962 ttl=26 time=83.2 ms
08-10 20:48:00.129 28973 29024 D cellinfo: 46 bytes from 44.241.174.93: icmp_seq=2963 ttl=26 time=89.4 ms
08-10 20:48:00.321 28973 29024 D cellinfo: 46 bytes from 44.241.174.93: icmp_seq=2964 ttl=26 time=80.1 ms
08-10 20:48:00.525 28973 29024 D cellinfo: 46 bytes from 44.241.174.93: icmp_seq=2965 ttl=26 time=83.4 ms
08-10 20:48:00.735 28973 29024 D cellinfo: 46 bytes from 44.241.174.93: icmp_seq=2966 ttl=26 time=93.0 ms
08-10 20:48:00.837 28973 28973 D cellinfo: onsignalStrengthsChanged: LTE Signal Strength info: rsrp: -118 rsrq: -12 rssi: -97 rssnr: 0
08-10 20:48:00.927 28973 29024 D cellinfo: 46 bytes from 44.241.174.93: icmp_seq=2967 ttl=26 time=83.9 ms
08-10 20:48:01.132 28973 29024 D cellinfo: 46 bytes from 44.241.174.93: icmp_seq=2968 ttl=26 time=88.4 ms
08-10 20:48:01.333 28973 29024 D cellinfo: 46 bytes from 44.241.174.93: icmp_seq=2969 ttl=26 time=88.9 ms
08-10 20:48:01.380 28973 28973 D cellinfo: onCellInfoChanged: Operator: Verizon Wireless UpdateTimestamp: 20914680 CellConnectionStatus: 1
08-10 20:48:01.380 28973 28973 D cellinfo: onCellInfoChanged: LTE Cell Bands: [13] Bandwidth: 10000 Cell ID: 4586755 Physical Cell ID: 371 Tracking Area Code: 4361 EARFCN: 5230
08-10 20:48:01.579 28973 29024 D cellinfo: 46 bytes from 44.241.174.93: icmp_seq=2970 ttl=26 time=133 ms
08-10 20:48:01.721 28973 29024 D cellinfo: 46 bytes from 44.241.174.93: icmp_seq=2971 ttl=26 time=75.7 ms
08-10 20:48:01.931 28973 29024 D cellinfo: 46 bytes from 44.241.174.93: icmp_seq=2972 ttl=26 time=85.3 ms
08-10 20:48:02.167 28973 29024 D cellinfo: 46 bytes from 44.241.174.93: icmp_seq=2973 ttl=26 time=119 ms
08-10 20:48:02.350 28973 29024 D cellinfo: 46 bytes from 44.241.174.93: icmp_seq=2974 ttl=26 time=103 ms
08-10 20:48:02.556 28973 29024 D cellinfo: 46 bytes from 44.241.174.93: icmp_seq=2975 ttl=26 time=105 ms
08-10 20:48:02.713 28973 28973 D cellinfo: Latitude is 41.3692182
08-10 20:48:02.713 28973 28973 D cellinfo: Longitude is -105.7885958
08-10 20:48:02.713 28973 28973 D cellinfo: Instantaneous GPS information: United States, Dwight D. Eisenhower Hwy, Laramie, WY 82070, USA
08-10 20:48:02.713 28973 28973 D cellinfo: getCurrentLocation() result: Location (success): 41.3692182, -105.7885958
08-10 20:48:02.743 28973 29024 D cellinfo: 46 bytes from 44.241.174.93: icmp_seq=2976 ttl=26 time=92.8 ms
08-10 20:48:02.944 28973 29024 D cellinfo: 46 bytes from 44.241.174.93: icmp_seq=2977 ttl=26 time=93.1 ms
08-10 20:48:03.134 28973 29024 D cellinfo: 46 bytes from 44.241.174.93: icmp_seq=2978 ttl=26 time=82.1 ms
08-10 20:48:03.348 28973 29024 D cellinfo: 46 bytes from 44.241.174.93: icmp_seq=2979 ttl=26 time=94.9 ms
08-10 20:48:03.548 28973 29024 D cellinfo: 46 bytes from 44.241.174.93: icmp_seq=2980 ttl=26 time=94.1 ms
08-10 20:48:03.740 28973 29024 D cellinfo: 46 bytes from 44.241.174.93: icmp_seq=2981 ttl=26 time=84.9 ms
08-10 20:48:03.933 28973 29024 D cellinfo: 46 bytes from 44.241.174.93: icmp_seq=2982 ttl=26 time=77.1 ms
08-10 20:48:04.133 28973 29024 D cellinfo: 46 bytes from 44.241.174.93: icmp_seq=2983 ttl=26 time=76.1 ms
08-10 20:48:04.332 28973 29024 D cellinfo: 46 bytes from 44.241.174.93: icmp_seq=2984 ttl=26 time=74.1 ms
08-10 20:48:04.348 28973 28973 D cellinfo: Latitude is 41.3692182
08-10 20:48:04.348 28973 28973 D cellinfo: Longitude is -105.7885958
08-10 20:48:04.348 28973 28973 D cellinfo: Instantaneous GPS information: United States, Dwight D. Eisenhower Hwy, Laramie, WY 82070, USA
08-10 20:48:04.348 28973 28973 D cellinfo: getCurrentLocation() result: Location (success): 41.3692182, -105.7885958
08-10 20:48:04.386 28973 28973 D cellinfo: onCellInfoChanged: Operator: Verizon Wireless UpdateTimestamp: 20917687 CellConnectionStatus: 1
08-10 20:48:04.386 28973 28973 D cellinfo: onCellInfoChanged: LTE Cell Bands: [13] Bandwidth: 10000 Cell ID: 4586755 Physical Cell ID: 371 Tracking Area Code: 4361 EARFCN: 5230
08-10 20:48:04.672 28973 29024 D cellinfo: 46 bytes from 44.241.174.93: icmp_seq=2985 ttl=26 time=212 ms
08-10 20:48:04.748 28973 29024 D cellinfo: 46 bytes from 44.241.174.93: icmp_seq=2986 ttl=26 time=87.6 ms
08-10 20:48:04.966 28973 29024 D cellinfo: 46 bytes from 44.241.174.93: icmp_seq=2987 ttl=26 time=105 ms
08-10 20:48:05.145 28973 29024 D cellinfo: 46 bytes from 44.241.174.93: icmp_seq=2988 ttl=26 time=83.3 ms
08-10 20:48:05.342 28973 29024 D cellinfo: 46 bytes from 44.241.174.93: icmp_seq=2989 ttl=26 time=79.3 ms
08-10 20:48:05.543 28973 29024 D cellinfo: 46 bytes from 44.241.174.93: icmp_seq=2990 ttl=26 time=79.2 ms
08-10 20:48:05.754 28973 29024 D cellinfo: 46 bytes from 44.241.174.93: icmp_seq=2991 ttl=26 time=88.5 ms
08-10 20:48:05.944 28973 29024 D cellinfo: 46 bytes from 44.241.174.93: icmp_seq=2992 ttl=26 time=77.2 ms
08-10 20:48:06.167 28973 29024 D cellinfo: 46 bytes from 44.241.174.93: icmp_seq=2993 ttl=26 time=98.5 ms
08-10 20:48:06.345 28973 29024 D cellinfo: 46 bytes from 44.241.174.93: icmp_seq=2994 ttl=26 time=76.2 ms
08-10 20:48:06.553 28973 29024 D cellinfo: 46 bytes from 44.241.174.93: icmp_seq=2995 ttl=26 time=83.8 ms
08-10 20:48:06.753 28973 29024 D cellinfo: 46 bytes from 44.241.174.93: icmp_seq=2996 ttl=26 time=83.0 ms
08-10 20:48:06.960 28973 29024 D cellinfo: 46 bytes from 44.241.174.93: icmp_seq=2997 ttl=26 time=89.3 ms
08-10 20:48:07.152 28973 29024 D cellinfo: 46 bytes from 44.241.174.93: icmp_seq=2998 ttl=26 time=80.9 ms
08-10 20:48:07.354 28973 29024 D cellinfo: 46 bytes from 44.241.174.93: icmp_seq=2999 ttl=26 time=82.3 ms
08-10 20:48:07.599 28973 29024 D cellinfo: 46 bytes from 44.241.174.93: icmp_seq=3000 ttl=26 time=125 ms
08-10 20:48:07.806 28973 29024 D cellinfo: 46 bytes from 44.241.174.93: icmp_seq=3001 ttl=26 time=131 ms
08-10 20:48:07.985 28973 29024 D cellinfo: 46 bytes from 44.241.174.93: icmp_seq=3002 ttl=26 time=108 ms
08-10 20:48:08.153 28973 29024 D cellinfo: 46 bytes from 44.241.174.93: icmp_seq=3003 ttl=26 time=76.3 ms
08-10 20:48:08.158 28973 28973 D cellinfo: Latitude is 41.3688728
08-10 20:48:08.158 28973 28973 D cellinfo: Longitude is -105.7878859
08-10 20:48:08.158 28973 28973 D cellinfo: Instantaneous GPS information: United States, Dwight D. Eisenhower Hwy, Laramie, WY 82070, USA
08-10 20:48:08.158 28973 28973 D cellinfo: getCurrentLocation() result: Location (success): 41.3688728, -105.7878859
08-10 20:48:08.166 28973 28973 D cellinfo: onCellInfoChanged: Operator: Verizon Wireless UpdateTimestamp: 20920690 CellConnectionStatus: 1
08-10 20:48:08.166 28973 28973 D cellinfo: onCellInfoChanged: LTE Cell Bands: [13] Bandwidth: 10000 Cell ID: 4586755 Physical Cell ID: 371 Tracking Area Code: 4361 EARFCN: 5230
08-10 20:48:08.374 28973 29024 D cellinfo: 46 bytes from 44.241.174.93: icmp_seq=3004 ttl=26 time=95.5 ms
08-10 20:48:08.566 28973 29024 D cellinfo: 46 bytes from 44.241.174.93: icmp_seq=3005 ttl=26 time=87.1 ms
08-10 20:48:08.773 28973 29024 D cellinfo: 46 bytes from 44.241.174.93: icmp_seq=3006 ttl=26 time=93.8 ms
08-10 20:48:08.964 28973 29024 D cellinfo: 46 bytes from 44.241.174.93: icmp_seq=3007 ttl=26 time=83.1 ms
08-10 20:48:09.176 28973 29024 D cellinfo: 46 bytes from 44.241.174.93: icmp_seq=3008 ttl=26 time=95.0 ms
08-10 20:48:09.377 28973 29024 D cellinfo: 46 bytes from 44.241.174.93: icmp_seq=3009 ttl=26 time=94.1 ms
08-10 20:48:09.573 28973 29024 D cellinfo: 46 bytes from 44.241.174.93: icmp_seq=3010 ttl=26 time=89.8 ms
08-10 20:48:09.767 28973 29024 D cellinfo: 46 bytes from 44.241.174.93: icmp_seq=3011 ttl=26 time=82.1 ms
08-10 20:48:09.969 28973 29024 D cellinfo: 46 bytes from 44.241.174.93: icmp_seq=3012 ttl=26 time=84.0 ms
08-10 20:48:10.167 28973 29024 D cellinfo: 46 bytes from 44.241.174.93: icmp_seq=3013 ttl=26 time=81.2 ms
08-10 20:48:10.366 28973 29024 D cellinfo: 46 bytes from 44.241.174.93: icmp_seq=3014 ttl=26 time=79.8 ms
08-10 20:48:10.710 28973 29024 D cellinfo: 46 bytes from 44.241.174.93: icmp_seq=3015 ttl=26 time=223 ms
08-10 20:48:10.841 28973 29024 D cellinfo: 46 bytes from 44.241.174.93: icmp_seq=3016 ttl=26 time=149 ms
08-10 20:48:11.033 28973 29024 D cellinfo: 46 bytes from 44.241.174.93: icmp_seq=3017 ttl=26 time=140 ms
08-10 20:48:11.095 28973 28973 D cellinfo: Latitude is 41.3685864
08-10 20:48:11.095 28973 28973 D cellinfo: Longitude is -105.7872951
08-10 20:48:11.095 28973 28973 D cellinfo: Instantaneous GPS information: United States, Dwight D. Eisenhower Hwy, Laramie, WY 82070, USA
08-10 20:48:11.095 28973 28973 D cellinfo: getCurrentLocation() result: Location (success): 41.3685864, -105.7872951
08-10 20:48:11.097 28973 28973 D cellinfo: onCellInfoChanged: Operator: Verizon Wireless UpdateTimestamp: 20923674 CellConnectionStatus: 1
08-10 20:48:11.097 28973 28973 D cellinfo: onCellInfoChanged: LTE Cell Bands: [13] Bandwidth: 10000 Cell ID: 4586755 Physical Cell ID: 371 Tracking Area Code: 4361 EARFCN: 5230
08-10 20:48:11.203 28973 29024 D cellinfo: 46 bytes from 44.241.174.93: icmp_seq=3018 ttl=26 time=110 ms
08-10 20:48:11.374 28973 29024 D cellinfo: 46 bytes from 44.241.174.93: icmp_seq=3019 ttl=26 time=79.8 ms
08-10 20:48:11.574 28973 29024 D cellinfo: 46 bytes from 44.241.174.93: icmp_seq=3020 ttl=26 time=78.7 ms
08-10 20:48:11.784 28973 29024 D cellinfo: 46 bytes from 44.241.174.93: icmp_seq=3021 ttl=26 time=86.3 ms
08-10 20:48:11.975 28973 29024 D cellinfo: 46 bytes from 44.241.174.93: icmp_seq=3022 ttl=26 time=77.1 ms
08-10 20:48:12.175 28973 29024 D cellinfo: 46 bytes from 44.241.174.93: icmp_seq=3023 ttl=26 time=76.4 ms
08-10 20:48:12.385 28973 29024 D cellinfo: 46 bytes from 44.241.174.93: icmp_seq=3024 ttl=26 time=85.5 ms
08-10 20:48:12.600 28973 29024 D cellinfo: 46 bytes from 44.241.174.93: icmp_seq=3025 ttl=26 time=99.4 ms
08-10 20:48:12.809 28973 29024 D cellinfo: 46 bytes from 44.241.174.93: icmp_seq=3026 ttl=26 time=107 ms
08-10 20:48:13.018 28973 29024 D cellinfo: 46 bytes from 44.241.174.93: icmp_seq=3027 ttl=26 time=116 ms
08-10 20:48:13.205 28973 29024 D cellinfo: 46 bytes from 44.241.174.93: icmp_seq=3028 ttl=26 time=102 ms
08-10 20:48:13.404 28973 29024 D cellinfo: 46 bytes from 44.241.174.93: icmp_seq=3029 ttl=26 time=99.0 ms
08-10 20:48:13.667 28973 29024 D cellinfo: 46 bytes from 44.241.174.93: icmp_seq=3030 ttl=26 time=161 ms
08-10 20:48:13.832 28973 29024 D cellinfo: 46 bytes from 44.241.174.93: icmp_seq=3031 ttl=26 time=124 ms
08-10 20:48:14.038 28973 29024 D cellinfo: 46 bytes from 44.241.174.93: icmp_seq=3032 ttl=26 time=130 ms
08-10 20:48:14.091 28973 28973 D cellinfo: Latitude is 41.3687257
08-10 20:48:14.091 28973 28973 D cellinfo: Longitude is -105.7875809
08-10 20:48:14.091 28973 28973 D cellinfo: Instantaneous GPS information: United States, Dwight D. Eisenhower Hwy, Laramie, WY 82070, USA
08-10 20:48:14.091 28973 28973 D cellinfo: getCurrentLocation() result: Location (success): 41.3687257, -105.7875809
08-10 20:48:14.092 28973 28973 D cellinfo: onCellInfoChanged: Operator: Verizon Wireless UpdateTimestamp: 20926685 CellConnectionStatus: 1
08-10 20:48:14.092 28973 28973 D cellinfo: onCellInfoChanged: LTE Cell Bands: [13] Bandwidth: 10000 Cell ID: 4586755 Physical Cell ID: 371 Tracking Area Code: 4361 EARFCN: 5230
08-10 20:48:14.524 28973 29024 D cellinfo: 46 bytes from 44.241.174.93: icmp_seq=3033 ttl=26 time=416 ms
08-10 20:48:14.539 28973 29024 D cellinfo: 46 bytes from 44.241.174.93: icmp_seq=3034 ttl=26 time=230 ms
08-10 20:48:14.646 28973 29024 D cellinfo: 46 bytes from 44.241.174.93: icmp_seq=3035 ttl=26 time=133 ms
08-10 20:48:14.848 28973 29024 D cellinfo: 46 bytes from 44.241.174.93: icmp_seq=3036 ttl=26 time=133 ms
08-10 20:48:15.051 28973 29024 D cellinfo: 46 bytes from 44.241.174.93: icmp_seq=3037 ttl=26 time=136 ms
08-10 20:48:15.283 28973 29024 D cellinfo: 46 bytes from 44.241.174.93: icmp_seq=3038 ttl=26 time=168 ms
08-10 20:48:15.483 28973 29024 D cellinfo: 46 bytes from 44.241.174.93: icmp_seq=3039 ttl=26 time=167 ms
08-10 20:48:15.649 28973 28973 D cellinfo: onCellInfoChanged: Operator: Verizon Wireless UpdateTimestamp: 20928941 CellConnectionStatus: 1
08-10 20:48:15.649 28973 28973 D cellinfo: onCellInfoChanged: LTE Cell Bands: [13] Bandwidth: 10000 Cell ID: 4586755 Physical Cell ID: 371 Tracking Area Code: 4361 EARFCN: 5230
08-10 20:48:15.703 28973 29024 D cellinfo: 46 bytes from 44.241.174.93: icmp_seq=3040 ttl=26 time=186 ms
08-10 20:48:15.963 28973 29024 D cellinfo: 46 bytes from 44.241.174.93: icmp_seq=3041 ttl=26 time=245 ms
08-10 20:48:16.569 28973 29024 D cellinfo: 46 bytes from 44.241.174.93: icmp_seq=3042 ttl=26 time=648 ms
08-10 20:48:16.940 28973 29024 D cellinfo: 46 bytes from 44.241.174.93: icmp_seq=3044 ttl=26 time=615 ms
08-10 20:48:17.345 28973 29024 D cellinfo: 46 bytes from 44.241.174.93: icmp_seq=3046 ttl=26 time=614 ms
08-10 20:48:17.559 28973 29024 D cellinfo: 46 bytes from 44.241.174.93: icmp_seq=3048 ttl=26 time=424 ms
08-10 20:48:17.838 28973 28973 D cellinfo: onsignalStrengthsChanged: LTE Signal Strength info: rsrp: -120 rsrq: -16 rssi: -97 rssnr: -4
08-10 20:48:18.384 28973 29024 D cellinfo: 46 bytes from 44.241.174.93: icmp_seq=3051 ttl=26 time=645 ms
08-10 20:48:19.263 28973 29024 D cellinfo: 46 bytes from 44.241.174.93: icmp_seq=3056 ttl=26 time=506 ms
08-10 20:48:19.356 28973 29024 D cellinfo: 46 bytes from 44.241.174.93: icmp_seq=3057 ttl=26 time=394 ms
08-10 20:48:27.425 28973 29024 D cellinfo: 46 bytes from 44.241.174.93: icmp_seq=3069 ttl=26 time=6020 ms
08-10 20:48:27.426 28973 29024 D cellinfo: 46 bytes from 44.241.174.93: icmp_seq=3071 ttl=26 time=5608 ms
08-10 20:48:27.523 28973 28973 D cellinfo: onDisplayInfoChanged: NetworkType: LTE OverrideNetworkType: None
08-10 20:48:27.590 28973 28973 D cellinfo: onServiceStateChanged: Channel Number: 5230 Cell Bandwidths: [10000]
08-10 20:48:27.691 28973 28973 D cellinfo: onServiceStateChanged: Channel Number: 5230 Cell Bandwidths: [10000, 10000, 10000]
08-10 20:48:27.701 28973 28973 D cellinfo: onDisplayInfoChanged: NetworkType: LTE OverrideNetworkType: LTE-CA
08-10 20:48:27.781 28973 29024 D cellinfo: 46 bytes from 44.241.174.93: icmp_seq=3059 ttl=26 time=8414 ms
08-10 20:48:27.781 28973 29024 D cellinfo: 46 bytes from 44.241.174.93: icmp_seq=3060 ttl=26 time=8211 ms
08-10 20:48:27.795 28973 29024 D cellinfo: 46 bytes from 44.241.174.93: icmp_seq=3069 ttl=26 time=6390 ms (DUP!)
08-10 20:48:27.795 28973 29024 D cellinfo: 46 bytes from 44.241.174.93: icmp_seq=3071 ttl=26 time=5978 ms (DUP!)
08-10 20:48:28.108 28973 29024 D cellinfo: 46 bytes from 44.241.174.93: icmp_seq=3099 ttl=26 time=558 ms
08-10 20:48:28.259 28973 29024 D cellinfo: 46 bytes from 44.241.174.93: icmp_seq=3100 ttl=26 time=505 ms
08-10 20:48:28.707 28973 29024 D cellinfo: 46 bytes from 44.241.174.93: icmp_seq=3101 ttl=26 time=753 ms
08-10 20:48:29.005 28973 29024 D cellinfo: 46 bytes from 44.241.174.93: icmp_seq=3103 ttl=26 time=650 ms
08-10 20:48:29.443 28973 29024 D cellinfo: 46 bytes from 44.241.174.93: icmp_seq=3105 ttl=26 time=685 ms
08-10 20:48:29.742 28973 29024 D cellinfo: 46 bytes from 44.241.174.93: icmp_seq=3106 ttl=26 time=780 ms
08-10 20:48:29.786 28973 29024 D cellinfo: 46 bytes from 44.241.174.93: icmp_seq=3107 ttl=26 time=625 ms
08-10 20:48:29.939 28973 29024 D cellinfo: 46 bytes from 44.241.174.93: icmp_seq=3108 ttl=26 time=573 ms
08-10 20:48:30.009 28973 29024 D cellinfo: 46 bytes from 44.241.174.93: icmp_seq=3109 ttl=26 time=443 ms
08-10 20:48:30.089 28973 29024 D cellinfo: 46 bytes from 44.241.174.93: icmp_seq=3110 ttl=26 time=323 ms
08-10 20:48:30.177 28973 29024 D cellinfo: 46 bytes from 44.241.174.93: icmp_seq=3111 ttl=26 time=210 ms
08-10 20:48:30.730 28973 29024 D cellinfo: 46 bytes from 44.241.174.93: icmp_seq=3112 ttl=26 time=562 ms
08-10 20:48:31.364 28973 29024 D cellinfo: 46 bytes from 44.241.174.93: icmp_seq=3115 ttl=26 time=590 ms
08-10 20:48:31.772 28973 29024 D cellinfo: 46 bytes from 44.241.174.93: icmp_seq=3117 ttl=26 time=588 ms
08-10 20:48:32.163 28973 29024 D cellinfo: 46 bytes from 44.241.174.93: icmp_seq=3119 ttl=26 time=578 ms
08-10 20:48:32.251 28973 29024 D cellinfo: 46 bytes from 44.241.174.93: icmp_seq=3120 ttl=26 time=466 ms
08-10 20:48:32.268 28973 29024 D cellinfo: 46 bytes from 44.241.174.93: icmp_seq=3121 ttl=26 time=279 ms
08-10 20:48:32.366 28973 29024 D cellinfo: 46 bytes from 44.241.174.93: icmp_seq=3122 ttl=26 time=177 ms
08-10 20:48:32.933 28973 29024 D cellinfo: 46 bytes from 44.241.174.93: icmp_seq=3123 ttl=26 time=542 ms
08-10 20:48:32.971 28973 29024 D cellinfo: 46 bytes from 44.241.174.93: icmp_seq=3124 ttl=26 time=378 ms
08-10 20:48:33.624 28973 29024 D cellinfo: 46 bytes from 44.241.174.93: icmp_seq=3126 ttl=26 time=625 ms
08-10 20:48:33.628 28973 29024 D cellinfo: 46 bytes from 44.241.174.93: icmp_seq=3127 ttl=26 time=428 ms
08-10 20:48:33.763 28973 29024 D cellinfo: 46 bytes from 44.241.174.93: icmp_seq=3128 ttl=26 time=358 ms
08-10 20:48:33.780 28973 29024 D cellinfo: 46 bytes from 44.241.174.93: icmp_seq=3129 ttl=26 time=171 ms
08-10 20:48:34.810 28973 29024 D cellinfo: 46 bytes from 44.241.174.93: icmp_seq=3132 ttl=26 time=593 ms
08-10 20:48:34.811 28973 29024 D cellinfo: 46 bytes from 44.241.174.93: icmp_seq=3131 ttl=26 time=797 ms
08-10 20:48:35.792 28973 29024 D cellinfo: 46 bytes from 44.241.174.93: icmp_seq=3136 ttl=26 time=763 ms
08-10 20:48:35.794 28973 29024 D cellinfo: 46 bytes from 44.241.174.93: icmp_seq=3137 ttl=26 time=562 ms
08-10 20:48:36.205 28973 29024 D cellinfo: 46 bytes from 44.241.174.93: icmp_seq=3139 ttl=26 time=564 ms
08-10 20:48:36.348 28973 29024 D cellinfo: 46 bytes from 44.241.174.93: icmp_seq=3140 ttl=26 time=507 ms
08-10 20:48:36.596 28973 29024 D cellinfo: 46 bytes from 44.241.174.93: icmp_seq=3141 ttl=26 time=551 ms
08-10 20:48:37.024 28973 29024 D cellinfo: 46 bytes from 44.241.174.93: icmp_seq=3143 ttl=26 time=578 ms
08-10 20:48:37.567 28973 29024 D cellinfo: 46 bytes from 44.241.174.93: icmp_seq=3146 ttl=26 time=518 ms
08-10 20:48:37.797 28973 29024 D cellinfo: 46 bytes from 44.241.174.93: icmp_seq=3147 ttl=26 time=548 ms
08-10 20:48:38.033 28973 29024 D cellinfo: 46 bytes from 44.241.174.93: icmp_seq=3148 ttl=26 time=579 ms
08-10 20:48:38.107 28973 28973 D cellinfo: onsignalStrengthsChanged: LTE Signal Strength info: rsrp: -111 rsrq: -10 rssi: -95 rssnr: -1
08-10 20:48:38.342 28973 29024 D cellinfo: 46 bytes from 44.241.174.93: icmp_seq=3150 ttl=26 time=486 ms
08-10 20:48:38.427 28973 29024 D cellinfo: 46 bytes from 44.241.174.93: icmp_seq=3151 ttl=26 time=371 ms
08-10 20:48:38.491 28973 29024 D cellinfo: 46 bytes from 44.241.174.93: icmp_seq=3152 ttl=26 time=234 ms
08-10 20:48:38.643 28973 29024 D cellinfo: 46 bytes from 44.241.174.93: icmp_seq=3153 ttl=26 time=185 ms
08-10 20:48:38.766 28973 29024 D cellinfo: 46 bytes from 44.241.174.93: icmp_seq=3154 ttl=26 time=107 ms
08-10 20:48:39.068 28973 29024 D cellinfo: 46 bytes from 44.241.174.93: icmp_seq=3155 ttl=26 time=208 ms
08-10 20:48:39.308 28973 29024 D cellinfo: 46 bytes from 44.241.174.93: icmp_seq=3156 ttl=26 time=247 ms
08-10 20:48:39.762 28973 29024 D cellinfo: 46 bytes from 44.241.174.93: icmp_seq=3157 ttl=26 time=500 ms
08-10 20:48:40.444 28973 29024 D cellinfo: 46 bytes from 44.241.174.93: icmp_seq=3159 ttl=26 time=779 ms
08-10 20:48:40.658 28973 29024 D cellinfo: 46 bytes from 44.241.174.93: icmp_seq=3161 ttl=26 time=589 ms
08-10 20:48:40.844 28973 29024 D cellinfo: 46 bytes from 44.241.174.93: icmp_seq=3162 ttl=26 time=572 ms
08-10 20:48:41.163 28973 29024 D cellinfo: 46 bytes from 44.241.174.93: icmp_seq=3163 ttl=26 time=688 ms
08-10 20:48:41.232 28973 28973 D cellinfo: onsignalStrengthsChanged: LTE Signal Strength info: rsrp: -116 rsrq: -11 rssi: -97 rssnr: 1
08-10 20:48:41.749 28973 29024 D cellinfo: 46 bytes from 44.241.174.93: icmp_seq=3167 ttl=26 time=470 ms
08-10 20:48:41.899 28973 29024 D cellinfo: 46 bytes from 44.241.174.93: icmp_seq=3168 ttl=26 time=418 ms
08-10 20:48:42.060 28973 29024 D cellinfo: 46 bytes from 44.241.174.93: icmp_seq=3169 ttl=26 time=375 ms
08-10 20:48:42.107 28973 29024 D cellinfo: 46 bytes from 44.241.174.93: icmp_seq=3170 ttl=26 time=221 ms
08-10 20:48:42.188 28973 29024 D cellinfo: 46 bytes from 44.241.174.93: icmp_seq=3171 ttl=26 time=100 ms
08-10 20:48:42.993 28973 29024 D cellinfo: 46 bytes from 44.241.174.93: icmp_seq=3173 ttl=26 time=503 ms
08-10 20:48:42.996 28973 29024 D cellinfo: 46 bytes from 44.241.174.93: icmp_seq=3174 ttl=26 time=302 ms
08-10 20:48:43.070 28973 29024 D cellinfo: 46 bytes from 44.241.174.93: icmp_seq=3175 ttl=26 time=173 ms
08-10 20:48:43.443 28973 29024 D cellinfo: 46 bytes from 44.241.174.93: icmp_seq=3176 ttl=26 time=346 ms
08-10 20:48:43.773 28973 29024 D cellinfo: 46 bytes from 44.241.174.93: icmp_seq=3177 ttl=26 time=472 ms
08-10 20:48:44.595 28973 29024 D cellinfo: 46 bytes from 44.241.174.93: icmp_seq=3178 ttl=26 time=1093 ms
08-10 20:48:44.820 28973 29024 D cellinfo: 46 bytes from 44.241.174.93: icmp_seq=3180 ttl=26 time=914 ms
08-10 20:48:44.820 28973 29024 D cellinfo: 46 bytes from 44.241.174.93: icmp_seq=3179 ttl=26 time=1115 ms
08-10 20:48:44.831 28973 29024 D cellinfo: 46 bytes from 44.241.174.93: icmp_seq=3182 ttl=26 time=517 ms
08-10 20:48:44.924 28973 29024 D cellinfo: 46 bytes from 44.241.174.93: icmp_seq=3183 ttl=26 time=408 ms
08-10 20:48:45.904 28973 29024 D cellinfo: 46 bytes from 44.241.174.93: icmp_seq=3187 ttl=26 time=579 ms
08-10 20:48:45.904 28973 29024 D cellinfo: 46 bytes from 44.241.174.93: icmp_seq=3188 ttl=26 time=375 ms
08-10 20:48:45.905 28973 29024 D cellinfo: 46 bytes from 44.241.174.93: icmp_seq=3189 ttl=26 time=171 ms
08-10 20:48:46.373 28973 29024 D cellinfo: 46 bytes from 44.241.174.93: icmp_seq=3190 ttl=26 time=439 ms
08-10 20:48:46.447 28973 29024 D cellinfo: 46 bytes from 44.241.174.93: icmp_seq=3191 ttl=26 time=310 ms
08-10 20:48:46.650 28973 29024 D cellinfo: 46 bytes from 44.241.174.93: icmp_seq=3192 ttl=26 time=309 ms
08-10 20:48:46.661 28973 28973 D cellinfo: Latitude is 41.3625909
08-10 20:48:46.661 28973 28973 D cellinfo: Longitude is -105.7743791
08-10 20:48:46.661 28973 28973 D cellinfo: Instantaneous GPS information: United States, Dwight D. Eisenhower Hwy, Laramie, WY 82070, USA
08-10 20:48:46.661 28973 28973 D cellinfo: getCurrentLocation() result: Location (success): 41.3625909, -105.7743791
08-10 20:48:46.664 28973 28973 D cellinfo: Latitude is 41.3625909
08-10 20:48:46.664 28973 28973 D cellinfo: Longitude is -105.7743791
08-10 20:48:46.664 28973 28973 D cellinfo: Instantaneous GPS information: United States, Dwight D. Eisenhower Hwy, Laramie, WY 82070, USA
08-10 20:48:46.664 28973 28973 D cellinfo: getCurrentLocation() result: Location (success): 41.3625909, -105.7743791
08-10 20:48:46.665 28973 28973 D cellinfo: Latitude is 41.3625909
08-10 20:48:46.665 28973 28973 D cellinfo: Longitude is -105.7743791
08-10 20:48:46.665 28973 28973 D cellinfo: Instantaneous GPS information: United States, Dwight D. Eisenhower Hwy, Laramie, WY 82070, USA
08-10 20:48:46.665 28973 28973 D cellinfo: getCurrentLocation() result: Location (success): 41.3625909, -105.7743791
08-10 20:48:46.670 28973 28973 D cellinfo: Latitude is 41.3625909
08-10 20:48:46.670 28973 28973 D cellinfo: Longitude is -105.7743791
08-10 20:48:46.670 28973 28973 D cellinfo: Instantaneous GPS information: United States, Dwight D. Eisenhower Hwy, Laramie, WY 82070, USA
08-10 20:48:46.670 28973 28973 D cellinfo: getCurrentLocation() result: Location (success): 41.3625909, -105.7743791
08-10 20:48:46.672 28973 28973 D cellinfo: onsignalStrengthsChanged: LTE Signal Strength info: rsrp: -117 rsrq: -12 rssi: -97 rssnr: 0
08-10 20:48:46.695 28973 29024 D cellinfo: 46 bytes from 44.241.174.93: icmp_seq=3193 ttl=26 time=153 ms
08-10 20:48:46.890 28973 29024 D cellinfo: 46 bytes from 44.241.174.93: icmp_seq=3194 ttl=26 time=147 ms
08-10 20:48:47.144 28973 29024 D cellinfo: 46 bytes from 44.241.174.93: icmp_seq=3195 ttl=26 time=200 ms
08-10 20:48:47.708 28973 29024 D cellinfo: 46 bytes from 44.241.174.93: icmp_seq=3196 ttl=26 time=563 ms
08-10 20:48:47.804 28973 29024 D cellinfo: 46 bytes from 44.241.174.93: icmp_seq=3197 ttl=26 time=455 ms
08-10 20:48:47.889 28973 29024 D cellinfo: 46 bytes from 44.241.174.93: icmp_seq=3198 ttl=26 time=335 ms
08-10 20:48:47.889 28973 29024 D cellinfo: 46 bytes from 44.241.174.93: icmp_seq=3199 ttl=26 time=134 ms
08-10 20:48:48.026 28973 28973 D cellinfo: Latitude is 41.3625961
08-10 20:48:48.026 28973 28973 D cellinfo: Longitude is -105.7744718
08-10 20:48:48.026 28973 28973 D cellinfo: Instantaneous GPS information: United States, Dwight D. Eisenhower Hwy, Laramie, WY 82070, USA
08-10 20:48:48.026 28973 28973 D cellinfo: getCurrentLocation() result: Location (success): 41.3625961, -105.7744718
08-10 20:48:48.051 28973 29024 D cellinfo: 46 bytes from 44.241.174.93: icmp_seq=3200 ttl=26 time=97.0 ms
08-10 20:48:48.282 28973 29024 D cellinfo: 46 bytes from 44.241.174.93: icmp_seq=3201 ttl=26 time=128 ms
08-10 20:48:48.444 28973 29024 D cellinfo: 46 bytes from 44.241.174.93: icmp_seq=3202 ttl=26 time=87.8 ms
08-10 20:48:48.632 28973 28973 D cellinfo: Latitude is 41.3620492
08-10 20:48:48.633 28973 28973 D cellinfo: Longitude is -105.7720644
08-10 20:48:48.633 28973 28973 D cellinfo: Instantaneous GPS information: United States, Dwight D. Eisenhower Hwy, Laramie, WY 82070, USA
08-10 20:48:48.633 28973 28973 D cellinfo: getCurrentLocation() result: Location (success): 41.3620492, -105.7720644
08-10 20:48:48.636 28973 28973 D cellinfo: Latitude is 41.3620492
08-10 20:48:48.637 28973 28973 D cellinfo: Longitude is -105.7720644
08-10 20:48:48.637 28973 28973 D cellinfo: Instantaneous GPS information: United States, Dwight D. Eisenhower Hwy, Laramie, WY 82070, USA
08-10 20:48:48.637 28973 28973 D cellinfo: getCurrentLocation() result: Location (success): 41.3620492, -105.7720644
08-10 20:48:48.639 28973 28973 D cellinfo: Latitude is 41.3620492
08-10 20:48:48.639 28973 28973 D cellinfo: Longitude is -105.7720644
08-10 20:48:48.639 28973 28973 D cellinfo: Instantaneous GPS information: United States, Dwight D. Eisenhower Hwy, Laramie, WY 82070, USA
08-10 20:48:48.639 28973 28973 D cellinfo: getCurrentLocation() result: Location (success): 41.3620492, -105.7720644
08-10 20:48:48.642 28973 28973 D cellinfo: Latitude is 41.3620492
08-10 20:48:48.642 28973 28973 D cellinfo: Longitude is -105.7720644
08-10 20:48:48.642 28973 28973 D cellinfo: Instantaneous GPS information: United States, Dwight D. Eisenhower Hwy, Laramie, WY 82070, USA
08-10 20:48:48.642 28973 28973 D cellinfo: getCurrentLocation() result: Location (success): 41.3620492, -105.7720644
08-10 20:48:48.644 28973 28973 D cellinfo: Latitude is 41.3620492
08-10 20:48:48.644 28973 28973 D cellinfo: Longitude is -105.7720644
08-10 20:48:48.644 28973 28973 D cellinfo: Instantaneous GPS information: United States, Dwight D. Eisenhower Hwy, Laramie, WY 82070, USA
08-10 20:48:48.644 28973 28973 D cellinfo: getCurrentLocation() result: Location (success): 41.3620492, -105.7720644
08-10 20:48:48.660 28973 29024 D cellinfo: 46 bytes from 44.241.174.93: icmp_seq=3203 ttl=26 time=102 ms
08-10 20:48:48.920 28973 29024 D cellinfo: 46 bytes from 44.241.174.93: icmp_seq=3204 ttl=26 time=162 ms
08-10 20:48:49.061 28973 29024 D cellinfo: 46 bytes from 44.241.174.93: icmp_seq=3205 ttl=26 time=103 ms
08-10 20:48:49.449 28973 29024 D cellinfo: 46 bytes from 44.241.174.93: icmp_seq=3206 ttl=26 time=291 ms
08-10 20:48:49.497 28973 29024 D cellinfo: 46 bytes from 44.241.174.93: icmp_seq=3207 ttl=26 time=136 ms
08-10 20:48:49.535 28973 28973 D cellinfo: Latitude is 41.3617278
08-10 20:48:49.535 28973 28973 D cellinfo: Longitude is -105.771077
08-10 20:48:49.535 28973 28973 D cellinfo: Instantaneous GPS information: United States, Dwight D. Eisenhower Hwy, Laramie, WY 82070, USA
08-10 20:48:49.535 28973 28973 D cellinfo: getCurrentLocation() result: Location (success): 41.3617278, -105.771077
08-10 20:48:49.540 28973 28973 D cellinfo: onCellInfoChanged: Operator: Verizon Wireless UpdateTimestamp: 20961743 CellConnectionStatus: 1
08-10 20:48:49.540 28973 28973 D cellinfo: onCellInfoChanged: LTE Cell Bands: [13, 66, 66] Bandwidth: 10000 Cell ID: 4497666 Physical Cell ID: 16 Tracking Area Code: 4361 EARFCN: 5230
08-10 20:48:49.802 28973 29024 D cellinfo: 46 bytes from 44.241.174.93: icmp_seq=3208 ttl=26 time=240 ms
08-10 20:48:49.926 28973 29024 D cellinfo: 46 bytes from 44.241.174.93: icmp_seq=3209 ttl=26 time=160 ms
08-10 20:48:50.088 28973 29024 D cellinfo: 46 bytes from 44.241.174.93: icmp_seq=3210 ttl=26 time=121 ms
08-10 20:48:50.262 28973 29024 D cellinfo: 46 bytes from 44.241.174.93: icmp_seq=3211 ttl=26 time=95.0 ms
08-10 20:48:50.390 28973 28973 D cellinfo: Latitude is 41.3615032
08-10 20:48:50.390 28973 28973 D cellinfo: Longitude is -105.7701728
08-10 20:48:50.390 28973 28973 D cellinfo: Instantaneous GPS information: United States, Dwight D. Eisenhower Hwy, Laramie, WY 82070, USA
08-10 20:48:50.390 28973 28973 D cellinfo: getCurrentLocation() result: Location (success): 41.3615032, -105.7701728
08-10 20:48:50.490 28973 29024 D cellinfo: 46 bytes from 44.241.174.93: icmp_seq=3212 ttl=26 time=122 ms
08-10 20:48:50.669 28973 29024 D cellinfo: 46 bytes from 44.241.174.93: icmp_seq=3213 ttl=26 time=100 ms
08-10 20:48:50.858 28973 29024 D cellinfo: 46 bytes from 44.241.174.93: icmp_seq=3214 ttl=26 time=88.4 ms
08-10 20:48:51.052 28973 29024 D cellinfo: 46 bytes from 44.241.174.93: icmp_seq=3215 ttl=26 time=82.6 ms
08-10 20:48:51.271 28973 29024 D cellinfo: 46 bytes from 44.241.174.93: icmp_seq=3216 ttl=26 time=100 ms
08-10 20:48:51.466 28973 29024 D cellinfo: 46 bytes from 44.241.174.93: icmp_seq=3217 ttl=26 time=95.6 ms
08-10 20:48:51.665 28973 29024 D cellinfo: 46 bytes from 44.241.174.93: icmp_seq=3218 ttl=26 time=92.9 ms
08-10 20:48:51.846 28973 29024 D cellinfo: 46 bytes from 44.241.174.93: icmp_seq=3219 ttl=26 time=74.4 ms
08-10 20:48:52.082 28973 29024 D cellinfo: 46 bytes from 44.241.174.93: icmp_seq=3220 ttl=26 time=109 ms
08-10 20:48:52.291 28973 29024 D cellinfo: 46 bytes from 44.241.174.93: icmp_seq=3221 ttl=26 time=118 ms
08-10 20:48:52.538 28973 29024 D cellinfo: 46 bytes from 44.241.174.93: icmp_seq=3222 ttl=26 time=163 ms
08-10 20:48:52.833 28973 29024 D cellinfo: 46 bytes from 44.241.174.93: icmp_seq=3223 ttl=26 time=258 ms
08-10 20:48:52.926 28973 29024 D cellinfo: 46 bytes from 44.241.174.93: icmp_seq=3224 ttl=26 time=149 ms
08-10 20:48:53.165 28973 29024 D cellinfo: 46 bytes from 44.241.174.93: icmp_seq=3225 ttl=26 time=186 ms
08-10 20:48:53.233 28973 28973 D cellinfo: Latitude is 41.3615416
08-10 20:48:53.233 28973 28973 D cellinfo: Longitude is -105.7701787
