08-10 22:07:40.387  7031  7078 D cellinfo: 46 bytes from 44.241.174.93: icmp_seq=2569 ttl=26 time=71.6 ms
08-10 22:07:40.516  7031  7031 D cellinfo: onsignalStrengthsChanged: LTE Signal Strength info: rsrp: -110 rsrq: -10 rssi: -91 rssnr: 2
08-10 22:07:40.603  7031  7078 D cellinfo: 46 bytes from 44.241.174.93: icmp_seq=2570 ttl=26 time=87.5 ms
08-10 22:07:40.787  7031  7078 D cellinfo: 46 bytes from 44.241.174.93: icmp_seq=2571 ttl=26 time=71.1 ms
08-10 22:07:40.995  7031  7078 D cellinfo: 46 bytes from 44.241.174.93: icmp_seq=2572 ttl=26 time=77.8 ms
08-10 22:07:41.194  7031  7078 D cellinfo: 46 bytes from 44.241.174.93: icmp_seq=2573 ttl=26 time=76.3 ms
08-10 22:07:41.395  7031  7078 D cellinfo: 46 bytes from 44.241.174.93: icmp_seq=2574 ttl=26 time=76.5 ms
08-10 22:07:41.596  7031  7078 D cellinfo: 46 bytes from 44.241.174.93: icmp_seq=2575 ttl=26 time=77.2 ms
08-10 22:07:41.796  7031  7078 D cellinfo: 46 bytes from 44.241.174.93: icmp_seq=2576 ttl=26 time=76.0 ms
08-10 22:07:42.005  7031  7078 D cellinfo: 46 bytes from 44.241.174.93: icmp_seq=2577 ttl=26 time=84.5 ms
08-10 22:07:42.189  7031  7078 D cellinfo: 46 bytes from 44.241.174.93: icmp_seq=2578 ttl=26 time=69.1 ms
08-10 22:07:42.412  7031  7078 D cellinfo: 46 bytes from 44.241.174.93: icmp_seq=2579 ttl=26 time=90.8 ms
08-10 22:07:42.613  7031  7078 D cellinfo: 46 bytes from 44.241.174.93: icmp_seq=2580 ttl=26 time=90.9 ms
08-10 22:07:42.806  7031  7078 D cellinfo: 46 bytes from 44.241.174.93: icmp_seq=2581 ttl=26 time=83.5 ms
08-10 22:07:43.004  7031  7078 D cellinfo: 46 bytes from 44.241.174.93: icmp_seq=2582 ttl=26 time=80.6 ms
08-10 22:07:43.163  7031  7031 D cellinfo: Latitude is 40.8892468
08-10 22:07:43.163  7031  7031 D cellinfo: Longitude is -105.2872251
08-10 22:07:43.163  7031  7031 D cellinfo: Instantaneous GPS information: United States, 26134 US-287, Livermore, CO 80536, USA
08-10 22:07:43.163  7031  7031 D cellinfo: getCurrentLocation() result: Location (success): 40.8892468, -105.2872251
08-10 22:07:43.167  7031  7031 D cellinfo: onCellInfoChanged: Operator: Verizon Wireless UpdateTimestamp: 25696119 CellConnectionStatus: 1
08-10 22:07:43.167  7031  7031 D cellinfo: onCellInfoChanged: LTE Cell Bands: [13] Bandwidth: 10000 Cell ID: 3894531 Physical Cell ID: 362 Tracking Area Code: 3840 EARFCN: 5230
08-10 22:07:43.205  7031  7078 D cellinfo: 46 bytes from 44.241.174.93: icmp_seq=2583 ttl=26 time=81.2 ms
08-10 22:07:43.372  7031  7031 D cellinfo: onDisplayInfoChanged: NetworkType: LTE OverrideNetworkType: None
08-10 22:07:43.411  7031  7078 D cellinfo: 46 bytes from 44.241.174.93: icmp_seq=2584 ttl=26 time=87.7 ms
08-10 22:07:43.427  7031  7031 D cellinfo: onServiceStateChanged: Channel Number: 5230 Cell Bandwidths: [10000]
08-10 22:07:43.560  7031  7031 D cellinfo: onServiceStateChanged: Channel Number: 5230 Cell Bandwidths: [10000, 10000, 10000]
08-10 22:07:43.567  7031  7031 D cellinfo: onDisplayInfoChanged: NetworkType: LTE OverrideNetworkType: LTE-CA
08-10 22:07:43.591  7031  7078 D cellinfo: 46 bytes from 44.241.174.93: icmp_seq=2585 ttl=26 time=67.3 ms
08-10 22:07:43.821  7031  7078 D cellinfo: 46 bytes from 44.241.174.93: icmp_seq=2586 ttl=26 time=95.5 ms
08-10 22:07:44.002  7031  7078 D cellinfo: 46 bytes from 44.241.174.93: icmp_seq=2587 ttl=26 time=76.2 ms
08-10 22:07:44.209  7031  7078 D cellinfo: 46 bytes from 44.241.174.93: icmp_seq=2588 ttl=26 time=82.9 ms
08-10 22:07:44.393  7031  7031 D cellinfo: onsignalStrengthsChanged: LTE Signal Strength info: rsrp: -102 rsrq: -9 rssi: -87 rssnr: 7
08-10 22:07:44.402  7031  7078 D cellinfo: 46 bytes from 44.241.174.93: icmp_seq=2589 ttl=26 time=74.7 ms
08-10 22:07:44.608  7031  7078 D cellinfo: 46 bytes from 44.241.174.93: icmp_seq=2590 ttl=26 time=80.2 ms
08-10 22:07:44.809  7031  7078 D cellinfo: 46 bytes from 44.241.174.93: icmp_seq=2591 ttl=26 time=80.1 ms
08-10 22:07:45.005  7031  7078 D cellinfo: 46 bytes from 44.241.174.93: icmp_seq=2592 ttl=26 time=75.2 ms
08-10 22:07:45.213  7031  7078 D cellinfo: 46 bytes from 44.241.174.93: icmp_seq=2593 ttl=26 time=83.8 ms
08-10 22:07:45.409  7031  7078 D cellinfo: 46 bytes from 44.241.174.93: icmp_seq=2594 ttl=26 time=79.1 ms
08-10 22:07:45.605  7031  7078 D cellinfo: 46 bytes from 44.241.174.93: icmp_seq=2595 ttl=26 time=74.0 ms
08-10 22:07:45.803  7031  7078 D cellinfo: 46 bytes from 44.241.174.93: icmp_seq=2596 ttl=26 time=71.1 ms
08-10 22:07:45.834  7031  7031 D cellinfo: onCellInfoChanged: Operator: Verizon Wireless UpdateTimestamp: 25699134 CellConnectionStatus: 1
08-10 22:07:45.834  7031  7031 D cellinfo: onCellInfoChanged: LTE Cell Bands: [13, 66, 66] Bandwidth: 10000 Cell ID: 3933953 Physical Cell ID: 0 Tracking Area Code: 3840 EARFCN: 5230
08-10 22:07:45.997  7031  7078 D cellinfo: 46 bytes from 44.241.174.93: icmp_seq=2597 ttl=26 time=65.2 ms
08-10 22:07:46.200  7031  7078 D cellinfo: 46 bytes from 44.241.174.93: icmp_seq=2598 ttl=26 time=67.4 ms
08-10 22:07:46.407  7031  7078 D cellinfo: 46 bytes from 44.241.174.93: icmp_seq=2599 ttl=26 time=72.3 ms
08-10 22:07:46.522  7031  7031 D cellinfo: Latitude is 40.8873529
08-10 22:07:46.523  7031  7031 D cellinfo: Longitude is -105.284849
08-10 22:07:46.523  7031  7031 D cellinfo: Instantaneous GPS information: United States, 25999-25001 US-287, Livermore, CO 80536, USA
08-10 22:07:46.523  7031  7031 D cellinfo: getCurrentLocation() result: Location (success): 40.8873529, -105.284849
08-10 22:07:46.615  7031  7078 D cellinfo: 46 bytes from 44.241.174.93: icmp_seq=2600 ttl=26 time=80.6 ms
08-10 22:07:46.817  7031  7078 D cellinfo: 46 bytes from 44.241.174.93: icmp_seq=2601 ttl=26 time=80.9 ms
08-10 22:07:47.019  7031  7078 D cellinfo: 46 bytes from 44.241.174.93: icmp_seq=2602 ttl=26 time=82.1 ms
08-10 22:07:47.213  7031  7078 D cellinfo: 46 bytes from 44.241.174.93: icmp_seq=2603 ttl=26 time=76.3 ms
08-10 22:07:47.412  7031  7078 D cellinfo: 46 bytes from 44.241.174.93: icmp_seq=2604 ttl=26 time=74.0 ms
08-10 22:07:47.612  7031  7078 D cellinfo: 46 bytes from 44.241.174.93: icmp_seq=2605 ttl=26 time=73.1 ms
08-10 22:07:47.811  7031  7078 D cellinfo: 46 bytes from 44.241.174.93: icmp_seq=2606 ttl=26 time=71.0 ms
08-10 22:07:48.011  7031  7078 D cellinfo: 46 bytes from 44.241.174.93: icmp_seq=2607 ttl=26 time=70.2 ms
08-10 22:07:48.211  7031  7078 D cellinfo: 46 bytes from 44.241.174.93: icmp_seq=2608 ttl=26 time=69.9 ms
08-10 22:07:48.393  7031  7031 D cellinfo: onsignalStrengthsChanged: LTE Signal Strength info: rsrp: -105 rsrq: -7 rssi: -89 rssnr: 9
08-10 22:07:48.411  7031  7078 D cellinfo: 46 bytes from 44.241.174.93: icmp_seq=2609 ttl=26 time=68.7 ms
08-10 22:07:48.612  7031  7078 D cellinfo: 46 bytes from 44.241.174.93: icmp_seq=2610 ttl=26 time=69.3 ms
08-10 22:07:48.786  7031  7031 D cellinfo: Latitude is 40.8873529
08-10 22:07:48.786  7031  7031 D cellinfo: Longitude is -105.284849
08-10 22:07:48.786  7031  7031 D cellinfo: Instantaneous GPS information: United States, 25999-25001 US-287, Livermore, CO 80536, USA
08-10 22:07:48.786  7031  7031 D cellinfo: getCurrentLocation() result: Location (success): 40.8873529, -105.284849
08-10 22:07:48.811  7031  7078 D cellinfo: 46 bytes from 44.241.174.93: icmp_seq=2611 ttl=26 time=68.1 ms
08-10 22:07:48.835  7031  7031 D cellinfo: onCellInfoChanged: Operator: Verizon Wireless UpdateTimestamp: 25702135 CellConnectionStatus: 1
08-10 22:07:48.835  7031  7031 D cellinfo: onCellInfoChanged: LTE Cell Bands: [13, 66, 66] Bandwidth: 10000 Cell ID: 3933953 Physical Cell ID: 0 Tracking Area Code: 3840 EARFCN: 5230
08-10 22:07:49.030  7031  7078 D cellinfo: 46 bytes from 44.241.174.93: icmp_seq=2612 ttl=26 time=86.2 ms
08-10 22:07:49.212  7031  7078 D cellinfo: 46 bytes from 44.241.174.93: icmp_seq=2613 ttl=26 time=68.2 ms
08-10 22:07:49.412  7031  7078 D cellinfo: 46 bytes from 44.241.174.93: icmp_seq=2614 ttl=26 time=67.5 ms
08-10 22:07:49.621  7031  7078 D cellinfo: 46 bytes from 44.241.174.93: icmp_seq=2615 ttl=26 time=75.8 ms
08-10 22:07:49.830  7031  7078 D cellinfo: 46 bytes from 44.241.174.93: icmp_seq=2616 ttl=26 time=84.4 ms
08-10 22:07:50.021  7031  7078 D cellinfo: 46 bytes from 44.241.174.93: icmp_seq=2617 ttl=26 time=73.9 ms
08-10 22:07:50.215  7031  7078 D cellinfo: 46 bytes from 44.241.174.93: icmp_seq=2618 ttl=26 time=69.0 ms
08-10 22:07:50.422  7031  7078 D cellinfo: 46 bytes from 44.241.174.93: icmp_seq=2619 ttl=26 time=74.6 ms
08-10 22:07:50.622  7031  7078 D cellinfo: 46 bytes from 44.241.174.93: icmp_seq=2620 ttl=26 time=73.1 ms
08-10 22:07:50.822  7031  7078 D cellinfo: 46 bytes from 44.241.174.93: icmp_seq=2621 ttl=26 time=73.0 ms
08-10 22:07:51.022  7031  7078 D cellinfo: 46 bytes from 44.241.174.93: icmp_seq=2622 ttl=26 time=71.8 ms
08-10 22:07:51.222  7031  7078 D cellinfo: 46 bytes from 44.241.174.93: icmp_seq=2623 ttl=26 time=72.0 ms
08-10 22:07:51.422  7031  7078 D cellinfo: 46 bytes from 44.241.174.93: icmp_seq=2624 ttl=26 time=71.0 ms
08-10 22:07:51.623  7031  7078 D cellinfo: 46 bytes from 44.241.174.93: icmp_seq=2625 ttl=26 time=70.7 ms
08-10 22:07:51.824  7031  7078 D cellinfo: 46 bytes from 44.241.174.93: icmp_seq=2626 ttl=26 time=71.7 ms
08-10 22:07:52.028  7031  7078 D cellinfo: 46 bytes from 44.241.174.93: icmp_seq=2627 ttl=26 time=74.1 ms
08-10 22:07:52.156  7031  7031 D cellinfo: Latitude is 40.8868665
08-10 22:07:52.156  7031  7031 D cellinfo: Longitude is -105.2842278
08-10 22:07:52.156  7031  7031 D cellinfo: Instantaneous GPS information: United States, 25999-25001 US-287, Livermore, CO 80536, USA
08-10 22:07:52.156  7031  7031 D cellinfo: getCurrentLocation() result: Location (success): 40.8868665, -105.2842278
08-10 22:07:52.159  7031  7031 D cellinfo: onCellInfoChanged: Operator: Verizon Wireless UpdateTimestamp: 25705117 CellConnectionStatus: 1
08-10 22:07:52.159  7031  7031 D cellinfo: onCellInfoChanged: LTE Cell Bands: [13, 66, 66] Bandwidth: 10000 Cell ID: 3933953 Physical Cell ID: 0 Tracking Area Code: 3840 EARFCN: 5230
08-10 22:07:52.229  7031  7078 D cellinfo: 46 bytes from 44.241.174.93: icmp_seq=2628 ttl=26 time=75.2 ms
08-10 22:07:52.423  7031  7078 D cellinfo: 46 bytes from 44.241.174.93: icmp_seq=2629 ttl=26 time=68.3 ms
08-10 22:07:52.632  7031  7078 D cellinfo: 46 bytes from 44.241.174.93: icmp_seq=2630 ttl=26 time=76.8 ms
08-10 22:07:52.849  7031  7078 D cellinfo: 46 bytes from 44.241.174.93: icmp_seq=2631 ttl=26 time=93.3 ms
08-10 22:07:53.033  7031  7078 D cellinfo: 46 bytes from 44.241.174.93: icmp_seq=2632 ttl=26 time=76.0 ms
08-10 22:07:53.233  7031  7078 D cellinfo: 46 bytes from 44.241.174.93: icmp_seq=2633 ttl=26 time=76.1 ms
08-10 22:07:53.432  7031  7078 D cellinfo: 46 bytes from 44.241.174.93: icmp_seq=2634 ttl=26 time=74.0 ms
08-10 22:07:53.633  7031  7078 D cellinfo: 46 bytes from 44.241.174.93: icmp_seq=2635 ttl=26 time=73.5 ms
08-10 22:07:53.831  7031  7078 D cellinfo: 46 bytes from 44.241.174.93: icmp_seq=2636 ttl=26 time=71.4 ms
08-10 22:07:54.032  7031  7078 D cellinfo: 46 bytes from 44.241.174.93: icmp_seq=2637 ttl=26 time=71.6 ms
08-10 22:07:54.234  7031  7078 D cellinfo: 46 bytes from 44.241.174.93: icmp_seq=2638 ttl=26 time=73.5 ms
08-10 22:07:54.433  7031  7078 D cellinfo: 46 bytes from 44.241.174.93: icmp_seq=2639 ttl=26 time=72.5 ms
08-10 22:07:54.632  7031  7078 D cellinfo: 46 bytes from 44.241.174.93: icmp_seq=2640 ttl=26 time=70.7 ms
08-10 22:07:54.832  7031  7078 D cellinfo: 46 bytes from 44.241.174.93: icmp_seq=2641 ttl=26 time=69.8 ms
08-10 22:07:55.036  7031  7078 D cellinfo: 46 bytes from 44.241.174.93: icmp_seq=2642 ttl=26 time=72.0 ms
08-10 22:07:55.161  7031  7031 D cellinfo: Latitude is 40.8865823
08-10 22:07:55.161  7031  7031 D cellinfo: Longitude is -105.2838649
08-10 22:07:55.161  7031  7031 D cellinfo: Instantaneous GPS information: United States, 25999-25001 US-287, Livermore, CO 80536, USA
08-10 22:07:55.161  7031  7031 D cellinfo: getCurrentLocation() result: Location (success): 40.8865823, -105.2838649
08-10 22:07:55.164  7031  7031 D cellinfo: onCellInfoChanged: Operator: Verizon Wireless UpdateTimestamp: 25708129 CellConnectionStatus: 1
08-10 22:07:55.164  7031  7031 D cellinfo: onCellInfoChanged: LTE Cell Bands: [13, 66, 66] Bandwidth: 10000 Cell ID: 3933953 Physical Cell ID: 0 Tracking Area Code: 3840 EARFCN: 5230
08-10 22:07:55.248  7031  7078 D cellinfo: 46 bytes from 44.241.174.93: icmp_seq=2643 ttl=26 time=83.9 ms
08-10 22:07:55.442  7031  7078 D cellinfo: 46 bytes from 44.241.174.93: icmp_seq=2644 ttl=26 time=77.5 ms
08-10 22:07:55.643  7031  7078 D cellinfo: 46 bytes from 44.241.174.93: icmp_seq=2645 ttl=26 time=77.3 ms
08-10 22:07:55.842  7031  7078 D cellinfo: 46 bytes from 44.241.174.93: icmp_seq=2646 ttl=26 time=75.7 ms
08-10 22:07:56.041  7031  7078 D cellinfo: 46 bytes from 44.241.174.93: icmp_seq=2647 ttl=26 time=74.0 ms
08-10 22:07:56.249  7031  7078 D cellinfo: 46 bytes from 44.241.174.93: icmp_seq=2648 ttl=26 time=82.3 ms
08-10 22:07:56.450  7031  7078 D cellinfo: 46 bytes from 44.241.174.93: icmp_seq=2649 ttl=26 time=82.5 ms
08-10 22:07:56.644  7031  7078 D cellinfo: 46 bytes from 44.241.174.93: icmp_seq=2650 ttl=26 time=76.0 ms
08-10 22:07:56.847  7031  7078 D cellinfo: 46 bytes from 44.241.174.93: icmp_seq=2651 ttl=26 time=77.8 ms
08-10 22:07:57.063  7031  7078 D cellinfo: 46 bytes from 44.241.174.93: icmp_seq=2652 ttl=26 time=93.1 ms
08-10 22:07:57.248  7031  7078 D cellinfo: 46 bytes from 44.241.174.93: icmp_seq=2653 ttl=26 time=78.5 ms
08-10 22:07:57.450  7031  7078 D cellinfo: 46 bytes from 44.241.174.93: icmp_seq=2654 ttl=26 time=79.4 ms
08-10 22:07:57.642  7031  7078 D cellinfo: 46 bytes from 44.241.174.93: icmp_seq=2655 ttl=26 time=70.6 ms
08-10 22:07:57.828  7031  7031 D cellinfo: onCellInfoChanged: Operator: Verizon Wireless UpdateTimestamp: 25711130 CellConnectionStatus: 1
08-10 22:07:57.828  7031  7031 D cellinfo: onCellInfoChanged: LTE Cell Bands: [13, 66, 66] Bandwidth: 10000 Cell ID: 3933953 Physical Cell ID: 0 Tracking Area Code: 3840 EARFCN: 5230
08-10 22:07:57.840  7031  7078 D cellinfo: 46 bytes from 44.241.174.93: icmp_seq=2656 ttl=26 time=69.2 ms
08-10 22:07:58.042  7031  7078 D cellinfo: 46 bytes from 44.241.174.93: icmp_seq=2657 ttl=26 time=69.1 ms
08-10 22:07:58.260  7031  7078 D cellinfo: 46 bytes from 44.241.174.93: icmp_seq=2658 ttl=26 time=87.2 ms
08-10 22:07:58.441  7031  7078 D cellinfo: 46 bytes from 44.241.174.93: icmp_seq=2659 ttl=26 time=67.0 ms
08-10 22:07:58.542  7031  7031 D cellinfo: Latitude is 40.8847671
08-10 22:07:58.542  7031  7031 D cellinfo: Longitude is -105.2815925
08-10 22:07:58.542  7031  7031 D cellinfo: Instantaneous GPS information: United States, 25999-25001 US-287, Livermore, CO 80536, USA
08-10 22:07:58.542  7031  7031 D cellinfo: getCurrentLocation() result: Location (success): 40.8847671, -105.2815925
08-10 22:07:58.642  7031  7078 D cellinfo: 46 bytes from 44.241.174.93: icmp_seq=2660 ttl=26 time=66.9 ms
08-10 22:07:58.863  7031  7078 D cellinfo: 46 bytes from 44.241.174.93: icmp_seq=2661 ttl=26 time=88.1 ms
08-10 22:07:59.064  7031  7078 D cellinfo: 46 bytes from 44.241.174.93: icmp_seq=2662 ttl=26 time=87.8 ms
08-10 22:07:59.271  7031  7078 D cellinfo: 46 bytes from 44.241.174.93: icmp_seq=2663 ttl=26 time=95.3 ms
08-10 22:07:59.392  7031  7031 D cellinfo: onsignalStrengthsChanged: LTE Signal Strength info: rsrp: -102 rsrq: -7 rssi: -85 rssnr: 13
08-10 22:07:59.455  7031  7078 D cellinfo: 46 bytes from 44.241.174.93: icmp_seq=2664 ttl=26 time=77.9 ms
08-10 22:07:59.657  7031  7078 D cellinfo: 46 bytes from 44.241.174.93: icmp_seq=2665 ttl=26 time=79.4 ms
08-10 22:07:59.851  7031  7078 D cellinfo: 46 bytes from 44.241.174.93: icmp_seq=2666 ttl=26 time=72.4 ms
08-10 22:08:00.055  7031  7078 D cellinfo: 46 bytes from 44.241.174.93: icmp_seq=2667 ttl=26 time=72.1 ms
08-10 22:08:00.252  7031  7078 D cellinfo: 46 bytes from 44.241.174.93: icmp_seq=2668 ttl=26 time=73.5 ms
08-10 22:08:00.460  7031  7078 D cellinfo: 46 bytes from 44.241.174.93: icmp_seq=2669 ttl=26 time=80.3 ms
08-10 22:08:00.653  7031  7078 D cellinfo: 46 bytes from 44.241.174.93: icmp_seq=2670 ttl=26 time=72.0 ms
08-10 22:08:00.782  7031  7031 D cellinfo: Latitude is 40.8847671
08-10 22:08:00.782  7031  7031 D cellinfo: Longitude is -105.2815925
08-10 22:08:00.782  7031  7031 D cellinfo: Instantaneous GPS information: United States, 25999-25001 US-287, Livermore, CO 80536, USA
08-10 22:08:00.782  7031  7031 D cellinfo: getCurrentLocation() result: Location (success): 40.8847671, -105.2815925
08-10 22:08:00.820  7031  7031 D cellinfo: onCellInfoChanged: Operator: Verizon Wireless UpdateTimestamp: 25714121 CellConnectionStatus: 1
08-10 22:08:00.820  7031  7031 D cellinfo: onCellInfoChanged: LTE Cell Bands: [13, 66, 66] Bandwidth: 10000 Cell ID: 3933953 Physical Cell ID: 0 Tracking Area Code: 3840 EARFCN: 5230
08-10 22:08:00.852  7031  7078 D cellinfo: 46 bytes from 44.241.174.93: icmp_seq=2671 ttl=26 time=70.6 ms
08-10 22:08:01.052  7031  7078 D cellinfo: 46 bytes from 44.241.174.93: icmp_seq=2672 ttl=26 time=69.5 ms
08-10 22:08:01.253  7031  7078 D cellinfo: 46 bytes from 44.241.174.93: icmp_seq=2673 ttl=26 time=70.4 ms
08-10 22:08:01.464  7031  7078 D cellinfo: 46 bytes from 44.241.174.93: icmp_seq=2674 ttl=26 time=81.3 ms
08-10 22:08:01.653  7031  7078 D cellinfo: 46 bytes from 44.241.174.93: icmp_seq=2675 ttl=26 time=68.6 ms
08-10 22:08:01.862  7031  7078 D cellinfo: 46 bytes from 44.241.174.93: icmp_seq=2676 ttl=26 time=77.3 ms
08-10 22:08:02.062  7031  7078 D cellinfo: 46 bytes from 44.241.174.93: icmp_seq=2677 ttl=26 time=76.3 ms
08-10 22:08:02.265  7031  7078 D cellinfo: 46 bytes from 44.241.174.93: icmp_seq=2678 ttl=26 time=79.0 ms
08-10 22:08:02.463  7031  7078 D cellinfo: 46 bytes from 44.241.174.93: icmp_seq=2679 ttl=26 time=76.2 ms
08-10 22:08:02.662  7031  7078 D cellinfo: 46 bytes from 44.241.174.93: icmp_seq=2680 ttl=26 time=74.2 ms
08-10 22:08:02.862  7031  7078 D cellinfo: 46 bytes from 44.241.174.93: icmp_seq=2681 ttl=26 time=73.1 ms
08-10 22:08:03.070  7031  7078 D cellinfo: 46 bytes from 44.241.174.93: icmp_seq=2682 ttl=26 time=79.9 ms
08-10 22:08:03.263  7031  7078 D cellinfo: 46 bytes from 44.241.174.93: icmp_seq=2683 ttl=26 time=72.5 ms
08-10 22:08:03.391  7031  7031 D cellinfo: onsignalStrengthsChanged: LTE Signal Strength info: rsrp: -106 rsrq: -6 rssi: -89 rssnr: 14
08-10 22:08:03.462  7031  7078 D cellinfo: 46 bytes from 44.241.174.93: icmp_seq=2684 ttl=26 time=71.7 ms
08-10 22:08:03.662  7031  7078 D cellinfo: 46 bytes from 44.241.174.93: icmp_seq=2685 ttl=26 time=71.2 ms
08-10 22:08:03.873  7031  7078 D cellinfo: 46 bytes from 44.241.174.93: icmp_seq=2686 ttl=26 time=81.7 ms
08-10 22:08:04.064  7031  7078 D cellinfo: 46 bytes from 44.241.174.93: icmp_seq=2687 ttl=26 time=71.1 ms
08-10 22:08:04.165  7031  7031 D cellinfo: Latitude is 40.8842918
08-10 22:08:04.166  7031  7031 D cellinfo: Longitude is -105.2809855
08-10 22:08:04.166  7031  7031 D cellinfo: Instantaneous GPS information: United States, 25454 US-287, Livermore, CO 80536, USA
08-10 22:08:04.166  7031  7031 D cellinfo: getCurrentLocation() result: Location (success): 40.8842918, -105.2809855
08-10 22:08:04.168  7031  7031 D cellinfo: onCellInfoChanged: Operator: Verizon Wireless UpdateTimestamp: 25717117 CellConnectionStatus: 1
08-10 22:08:04.168  7031  7031 D cellinfo: onCellInfoChanged: LTE Cell Bands: [13, 66, 66] Bandwidth: 10000 Cell ID: 3933953 Physical Cell ID: 0 Tracking Area Code: 3840 EARFCN: 5230
08-10 22:08:04.263  7031  7078 D cellinfo: 46 bytes from 44.241.174.93: icmp_seq=2688 ttl=26 time=70.4 ms
08-10 22:08:04.462  7031  7078 D cellinfo: 46 bytes from 44.241.174.93: icmp_seq=2689 ttl=26 time=67.5 ms
08-10 22:08:04.671  7031  7078 D cellinfo: 46 bytes from 44.241.174.93: icmp_seq=2690 ttl=26 time=75.5 ms
08-10 22:08:04.871  7031  7078 D cellinfo: 46 bytes from 44.241.174.93: icmp_seq=2691 ttl=26 time=74.2 ms
08-10 22:08:05.072  7031  7078 D cellinfo: 46 bytes from 44.241.174.93: icmp_seq=2692 ttl=26 time=74.4 ms
08-10 22:08:05.273  7031  7078 D cellinfo: 46 bytes from 44.241.174.93: icmp_seq=2693 ttl=26 time=74.8 ms
08-10 22:08:05.472  7031  7078 D cellinfo: 46 bytes from 44.241.174.93: icmp_seq=2694 ttl=26 time=73.6 ms
08-10 22:08:05.671  7031  7078 D cellinfo: 46 bytes from 44.241.174.93: icmp_seq=2695 ttl=26 time=71.9 ms
08-10 22:08:05.873  7031  7078 D cellinfo: 46 bytes from 44.241.174.93: icmp_seq=2696 ttl=26 time=72.9 ms
08-10 22:08:06.072  7031  7078 D cellinfo: 46 bytes from 44.241.174.93: icmp_seq=2697 ttl=26 time=71.0 ms
08-10 22:08:06.280  7031  7078 D cellinfo: 46 bytes from 44.241.174.93: icmp_seq=2698 ttl=26 time=78.1 ms
08-10 22:08:06.473  7031  7078 D cellinfo: 46 bytes from 44.241.174.93: icmp_seq=2699 ttl=26 time=70.2 ms
08-10 22:08:06.671  7031  7078 D cellinfo: 46 bytes from 44.241.174.93: icmp_seq=2700 ttl=26 time=66.9 ms
08-10 22:08:06.873  7031  7078 D cellinfo: 46 bytes from 44.241.174.93: icmp_seq=2701 ttl=26 time=68.2 ms
08-10 22:08:07.083  7031  7078 D cellinfo: 46 bytes from 44.241.174.93: icmp_seq=2702 ttl=26 time=76.7 ms
08-10 22:08:07.114  7031  7031 D cellinfo: Latitude is 40.8840043
08-10 22:08:07.114  7031  7031 D cellinfo: Longitude is -105.2806184
08-10 22:08:07.114  7031  7031 D cellinfo: Instantaneous GPS information: United States, 25454 US-287, Livermore, CO 80536, USA
08-10 22:08:07.114  7031  7031 D cellinfo: getCurrentLocation() result: Location (success): 40.8840043, -105.2806184
08-10 22:08:07.117  7031  7031 D cellinfo: onCellInfoChanged: Operator: Verizon Wireless UpdateTimestamp: 25720112 CellConnectionStatus: 1
08-10 22:08:07.117  7031  7031 D cellinfo: onCellInfoChanged: LTE Cell Bands: [13, 66, 66] Bandwidth: 10000 Cell ID: 3933953 Physical Cell ID: 0 Tracking Area Code: 3840 EARFCN: 5230
08-10 22:08:07.284  7031  7078 D cellinfo: 46 bytes from 44.241.174.93: icmp_seq=2703 ttl=26 time=77.3 ms
08-10 22:08:07.483  7031  7078 D cellinfo: 46 bytes from 44.241.174.93: icmp_seq=2704 ttl=26 time=75.5 ms
08-10 22:08:07.682  7031  7078 D cellinfo: 46 bytes from 44.241.174.93: icmp_seq=2705 ttl=26 time=74.3 ms
08-10 22:08:07.881  7031  7078 D cellinfo: 46 bytes from 44.241.174.93: icmp_seq=2706 ttl=26 time=72.2 ms
08-10 22:08:08.081  7031  7078 D cellinfo: 46 bytes from 44.241.174.93: icmp_seq=2707 ttl=26 time=71.2 ms
08-10 22:08:08.282  7031  7078 D cellinfo: 46 bytes from 44.241.174.93: icmp_seq=2708 ttl=26 time=70.2 ms
08-10 22:08:08.483  7031  7078 D cellinfo: 46 bytes from 44.241.174.93: icmp_seq=2709 ttl=26 time=71.5 ms
08-10 22:08:08.683  7031  7078 D cellinfo: 46 bytes from 44.241.174.93: icmp_seq=2710 ttl=26 time=71.1 ms
08-10 22:08:08.884  7031  7078 D cellinfo: 46 bytes from 44.241.174.93: icmp_seq=2711 ttl=26 time=69.6 ms
08-10 22:08:09.082  7031  7078 D cellinfo: 46 bytes from 44.241.174.93: icmp_seq=2712 ttl=26 time=68.6 ms
08-10 22:08:09.283  7031  7078 D cellinfo: 46 bytes from 44.241.174.93: icmp_seq=2713 ttl=26 time=68.6 ms
08-10 22:08:09.483  7031  7078 D cellinfo: 46 bytes from 44.241.174.93: icmp_seq=2714 ttl=26 time=68.3 ms
08-10 22:08:09.694  7031  7078 D cellinfo: 46 bytes from 44.241.174.93: icmp_seq=2715 ttl=26 time=79.3 ms
08-10 22:08:09.810  7031  7031 D cellinfo: onCellInfoChanged: Operator: Verizon Wireless UpdateTimestamp: 25723110 CellConnectionStatus: 1
08-10 22:08:09.810  7031  7031 D cellinfo: onCellInfoChanged: LTE Cell Bands: [13, 66, 66] Bandwidth: 10000 Cell ID: 3933953 Physical Cell ID: 0 Tracking Area Code: 3840 EARFCN: 5230
08-10 22:08:09.995  7031  7078 D cellinfo: 46 bytes from 44.241.174.93: icmp_seq=2716 ttl=26 time=178 ms
08-10 22:08:10.091  7031  7078 D cellinfo: 46 bytes from 44.241.174.93: icmp_seq=2717 ttl=26 time=74.6 ms
08-10 22:08:10.293  7031  7078 D cellinfo: 46 bytes from 44.241.174.93: icmp_seq=2718 ttl=26 time=75.8 ms
08-10 22:08:10.498  7031  7078 D cellinfo: 46 bytes from 44.241.174.93: icmp_seq=2719 ttl=26 time=80.7 ms
08-10 22:08:10.555  7031  7031 D cellinfo: Latitude is 40.8820937
08-10 22:08:10.555  7031  7031 D cellinfo: Longitude is -105.2782667
08-10 22:08:10.555  7031  7031 D cellinfo: Instantaneous GPS information: United States, 25999-25001 US-287, Livermore, CO 80536, USA
08-10 22:08:10.555  7031  7031 D cellinfo: getCurrentLocation() result: Location (success): 40.8820937, -105.2782667
08-10 22:08:10.691  7031  7078 D cellinfo: 46 bytes from 44.241.174.93: icmp_seq=2720 ttl=26 time=73.5 ms
08-10 22:08:10.900  7031  7078 D cellinfo: 46 bytes from 44.241.174.93: icmp_seq=2721 ttl=26 time=80.9 ms
08-10 22:08:11.091  7031  7078 D cellinfo: 46 bytes from 44.241.174.93: icmp_seq=2722 ttl=26 time=71.2 ms
08-10 22:08:11.293  7031  7078 D cellinfo: 46 bytes from 44.241.174.93: icmp_seq=2723 ttl=26 time=71.4 ms
08-10 22:08:11.492  7031  7078 D cellinfo: 46 bytes from 44.241.174.93: icmp_seq=2724 ttl=26 time=70.1 ms
08-10 22:08:11.691  7031  7078 D cellinfo: 46 bytes from 44.241.174.93: icmp_seq=2725 ttl=26 time=69.0 ms
08-10 22:08:11.892  7031  7078 D cellinfo: 46 bytes from 44.241.174.93: icmp_seq=2726 ttl=26 time=69.1 ms
08-10 22:08:12.100  7031  7078 D cellinfo: 46 bytes from 44.241.174.93: icmp_seq=2727 ttl=26 time=75.1 ms
08-10 22:08:12.292  7031  7078 D cellinfo: 46 bytes from 44.241.174.93: icmp_seq=2728 ttl=26 time=67.9 ms
08-10 22:08:12.503  7031  7078 D cellinfo: 46 bytes from 44.241.174.93: icmp_seq=2729 ttl=26 time=77.0 ms
08-10 22:08:12.702  7031  7078 D cellinfo: 46 bytes from 44.241.174.93: icmp_seq=2730 ttl=26 time=75.1 ms
08-10 22:08:12.777  7031  7031 D cellinfo: Latitude is 40.8820937
08-10 22:08:12.777  7031  7031 D cellinfo: Longitude is -105.2782667
08-10 22:08:12.777  7031  7031 D cellinfo: Instantaneous GPS information: United States, 25999-25001 US-287, Livermore, CO 80536, USA
08-10 22:08:12.777  7031  7031 D cellinfo: getCurrentLocation() result: Location (success): 40.8820937, -105.2782667
08-10 22:08:12.813  7031  7031 D cellinfo: onCellInfoChanged: Operator: Verizon Wireless UpdateTimestamp: 25726113 CellConnectionStatus: 1
08-10 22:08:12.813  7031  7031 D cellinfo: onCellInfoChanged: LTE Cell Bands: [13, 66, 66] Bandwidth: 10000 Cell ID: 3933953 Physical Cell ID: 0 Tracking Area Code: 3840 EARFCN: 5230
08-10 22:08:12.910  7031  7078 D cellinfo: 46 bytes from 44.241.174.93: icmp_seq=2731 ttl=26 time=83.7 ms
08-10 22:08:13.101  7031  7078 D cellinfo: 46 bytes from 44.241.174.93: icmp_seq=2732 ttl=26 time=74.1 ms
08-10 22:08:13.301  7031  7078 D cellinfo: 46 bytes from 44.241.174.93: icmp_seq=2733 ttl=26 time=73.6 ms
08-10 22:08:13.502  7031  7078 D cellinfo: 46 bytes from 44.241.174.93: icmp_seq=2734 ttl=26 time=73.9 ms
08-10 22:08:13.709  7031  7078 D cellinfo: 46 bytes from 44.241.174.93: icmp_seq=2735 ttl=26 time=80.4 ms
08-10 22:08:13.901  7031  7078 D cellinfo: 46 bytes from 44.241.174.93: icmp_seq=2736 ttl=26 time=72.2 ms
08-10 22:08:14.102  7031  7078 D cellinfo: 46 bytes from 44.241.174.93: icmp_seq=2737 ttl=26 time=71.4 ms
08-10 22:08:14.311  7031  7078 D cellinfo: 46 bytes from 44.241.174.93: icmp_seq=2738 ttl=26 time=80.7 ms
08-10 22:08:14.501  7031  7078 D cellinfo: 46 bytes from 44.241.174.93: icmp_seq=2739 ttl=26 time=70.3 ms
08-10 22:08:14.702  7031  7078 D cellinfo: 46 bytes from 44.241.174.93: icmp_seq=2740 ttl=26 time=70.8 ms
08-10 22:08:14.911  7031  7078 D cellinfo: 46 bytes from 44.241.174.93: icmp_seq=2741 ttl=26 time=78.6 ms
08-10 22:08:15.102  7031  7078 D cellinfo: 46 bytes from 44.241.174.93: icmp_seq=2742 ttl=26 time=69.7 ms
08-10 22:08:15.305  7031  7078 D cellinfo: 46 bytes from 44.241.174.93: icmp_seq=2743 ttl=26 time=72.2 ms
08-10 22:08:15.503  7031  7078 D cellinfo: 46 bytes from 44.241.174.93: icmp_seq=2744 ttl=26 time=68.1 ms
08-10 22:08:15.717  7031  7078 D cellinfo: 46 bytes from 44.241.174.93: icmp_seq=2745 ttl=26 time=82.1 ms
08-10 22:08:15.905  7031  7078 D cellinfo: 46 bytes from 44.241.174.93: icmp_seq=2746 ttl=26 time=69.8 ms
08-10 22:08:16.105  7031  7078 D cellinfo: 46 bytes from 44.241.174.93: icmp_seq=2747 ttl=26 time=68.2 ms
08-10 22:08:16.206  7031  7031 D cellinfo: Latitude is 40.8815947
08-10 22:08:16.206  7031  7031 D cellinfo: Longitude is -105.2776727
08-10 22:08:16.206  7031  7031 D cellinfo: Instantaneous GPS information: United States, 25999-25001 US-287, Livermore, CO 80536, USA
08-10 22:08:16.207  7031  7031 D cellinfo: getCurrentLocation() result: Location (success): 40.8815947, -105.2776727
08-10 22:08:16.210  7031  7031 D cellinfo: onCellInfoChanged: Operator: Verizon Wireless UpdateTimestamp: 25729133 CellConnectionStatus: 1
08-10 22:08:16.210  7031  7031 D cellinfo: onCellInfoChanged: LTE Cell Bands: [13, 66, 66] Bandwidth: 10000 Cell ID: 3933953 Physical Cell ID: 0 Tracking Area Code: 3840 EARFCN: 5230
08-10 22:08:16.319  7031  7078 D cellinfo: 46 bytes from 44.241.174.93: icmp_seq=2748 ttl=26 time=82.8 ms
08-10 22:08:16.512  7031  7078 D cellinfo: 46 bytes from 44.241.174.93: icmp_seq=2749 ttl=26 time=74.1 ms
08-10 22:08:16.711  7031  7078 D cellinfo: 46 bytes from 44.241.174.93: icmp_seq=2750 ttl=26 time=73.4 ms
08-10 22:08:16.913  7031  7078 D cellinfo: 46 bytes from 44.241.174.93: icmp_seq=2751 ttl=26 time=73.3 ms
08-10 22:08:17.112  7031  7078 D cellinfo: 46 bytes from 44.241.174.93: icmp_seq=2752 ttl=26 time=72.6 ms
08-10 22:08:17.321  7031  7078 D cellinfo: 46 bytes from 44.241.174.93: icmp_seq=2753 ttl=26 time=80.1 ms
08-10 22:08:17.512  7031  7078 D cellinfo: 46 bytes from 44.241.174.93: icmp_seq=2754 ttl=26 time=71.1 ms
08-10 22:08:17.713  7031  7078 D cellinfo: 46 bytes from 44.241.174.93: icmp_seq=2755 ttl=26 time=70.2 ms
08-10 22:08:17.920  7031  7078 D cellinfo: 46 bytes from 44.241.174.93: icmp_seq=2756 ttl=26 time=75.9 ms
08-10 22:08:18.112  7031  7078 D cellinfo: 46 bytes from 44.241.174.93: icmp_seq=2757 ttl=26 time=67.7 ms
08-10 22:08:18.322  7031  7078 D cellinfo: 46 bytes from 44.241.174.93: icmp_seq=2758 ttl=26 time=77.5 ms
08-10 22:08:18.522  7031  7078 D cellinfo: 46 bytes from 44.241.174.93: icmp_seq=2759 ttl=26 time=76.8 ms
08-10 22:08:18.722  7031  7078 D cellinfo: 46 bytes from 44.241.174.93: icmp_seq=2760 ttl=26 time=75.9 ms
08-10 22:08:18.922  7031  7078 D cellinfo: 46 bytes from 44.241.174.93: icmp_seq=2761 ttl=26 time=74.1 ms
08-10 22:08:19.120  7031  7078 D cellinfo: 46 bytes from 44.241.174.93: icmp_seq=2762 ttl=26 time=72.0 ms
08-10 22:08:19.177  7031  7031 D cellinfo: Latitude is 40.8812888
08-10 22:08:19.177  7031  7031 D cellinfo: Longitude is -105.277309
08-10 22:08:19.177  7031  7031 D cellinfo: Instantaneous GPS information: United States, 25999-25001 US-287, Livermore, CO 80536, USA
08-10 22:08:19.177  7031  7031 D cellinfo: getCurrentLocation() result: Location (success): 40.8812888, -105.277309
08-10 22:08:19.183  7031  7031 D cellinfo: onCellInfoChanged: Operator: Verizon Wireless UpdateTimestamp: 25732127 CellConnectionStatus: 1
08-10 22:08:19.183  7031  7031 D cellinfo: onCellInfoChanged: LTE Cell Bands: [13, 66, 66] Bandwidth: 10000 Cell ID: 3933953 Physical Cell ID: 0 Tracking Area Code: 3840 EARFCN: 5230
08-10 22:08:19.325  7031  7078 D cellinfo: 46 bytes from 44.241.174.93: icmp_seq=2763 ttl=26 time=77.7 ms
08-10 22:08:19.522  7031  7078 D cellinfo: 46 bytes from 44.241.174.93: icmp_seq=2764 ttl=26 time=73.7 ms
08-10 22:08:19.722  7031  7078 D cellinfo: 46 bytes from 44.241.174.93: icmp_seq=2765 ttl=26 time=73.2 ms
08-10 22:08:19.922  7031  7078 D cellinfo: 46 bytes from 44.241.174.93: icmp_seq=2766 ttl=26 time=72.6 ms
08-10 22:08:20.122  7031  7078 D cellinfo: 46 bytes from 44.241.174.93: icmp_seq=2767 ttl=26 time=72.1 ms
08-10 22:08:20.338  7031  7078 D cellinfo: 46 bytes from 44.241.174.93: icmp_seq=2768 ttl=26 time=86.3 ms
08-10 22:08:20.544  7031  7078 D cellinfo: 46 bytes from 44.241.174.93: icmp_seq=2769 ttl=26 time=91.0 ms
08-10 22:08:20.730  7031  7078 D cellinfo: 46 bytes from 44.241.174.93: icmp_seq=2770 ttl=26 time=77.2 ms
08-10 22:08:20.927  7031  7078 D cellinfo: 46 bytes from 44.241.174.93: icmp_seq=2771 ttl=26 time=72.0 ms
08-10 22:08:21.131  7031  7078 D cellinfo: 46 bytes from 44.241.174.93: icmp_seq=2772 ttl=26 time=75.7 ms
08-10 22:08:21.352  7031  7078 D cellinfo: 46 bytes from 44.241.174.93: icmp_seq=2773 ttl=26 time=95.0 ms
08-10 22:08:21.533  7031  7078 D cellinfo: 46 bytes from 44.241.174.93: icmp_seq=2774 ttl=26 time=74.8 ms
08-10 22:08:21.732  7031  7078 D cellinfo: 46 bytes from 44.241.174.93: icmp_seq=2775 ttl=26 time=73.8 ms
08-10 22:08:21.821  7031  7031 D cellinfo: onCellInfoChanged: Operator: Verizon Wireless UpdateTimestamp: 25735121 CellConnectionStatus: 1
08-10 22:08:21.821  7031  7031 D cellinfo: onCellInfoChanged: LTE Cell Bands: [13, 66, 66] Bandwidth: 10000 Cell ID: 3933953 Physical Cell ID: 0 Tracking Area Code: 3840 EARFCN: 5230
08-10 22:08:21.941  7031  7078 D cellinfo: 46 bytes from 44.241.174.93: icmp_seq=2776 ttl=26 time=82.1 ms
08-10 22:08:22.133  7031  7078 D cellinfo: 46 bytes from 44.241.174.93: icmp_seq=2777 ttl=26 time=73.1 ms
08-10 22:08:22.323  7031  7078 D cellinfo: 46 bytes from 44.241.174.93: icmp_seq=2778 ttl=26 time=61.6 ms
08-10 22:08:22.520  7031  7031 D cellinfo: Latitude is 40.8792858
08-10 22:08:22.520  7031  7031 D cellinfo: Longitude is -105.2752806
08-10 22:08:22.520  7031  7031 D cellinfo: Instantaneous GPS information: United States, 23706-23998 US-287, Livermore, CO 80536, USA
08-10 22:08:22.520  7031  7031 D cellinfo: getCurrentLocation() result: Location (success): 40.8792858, -105.2752806
08-10 22:08:22.532  7031  7078 D cellinfo: 46 bytes from 44.241.174.93: icmp_seq=2779 ttl=26 time=70.6 ms
08-10 22:08:22.732  7031  7078 D cellinfo: 46 bytes from 44.241.174.93: icmp_seq=2780 ttl=26 time=70.2 ms
08-10 22:08:22.933  7031  7078 D cellinfo: 46 bytes from 44.241.174.93: icmp_seq=2781 ttl=26 time=70.1 ms
08-10 22:08:23.133  7031  7078 D cellinfo: 46 bytes from 44.241.174.93: icmp_seq=2782 ttl=26 time=69.5 ms
08-10 22:08:23.353  7031  7078 D cellinfo: 46 bytes from 44.241.174.93: icmp_seq=2783 ttl=26 time=88.4 ms
08-10 22:08:23.543  7031  7078 D cellinfo: 46 bytes from 44.241.174.93: icmp_seq=2784 ttl=26 time=76.9 ms
08-10 22:08:23.742  7031  7078 D cellinfo: 46 bytes from 44.241.174.93: icmp_seq=2785 ttl=26 time=76.2 ms
08-10 22:08:23.942  7031  7078 D cellinfo: 46 bytes from 44.241.174.93: icmp_seq=2786 ttl=26 time=75.4 ms
08-10 22:08:24.142  7031  7078 D cellinfo: 46 bytes from 44.241.174.93: icmp_seq=2787 ttl=26 time=74.5 ms
08-10 22:08:24.353  7031  7078 D cellinfo: 46 bytes from 44.241.174.93: icmp_seq=2788 ttl=26 time=85.1 ms
08-10 22:08:24.542  7031  7078 D cellinfo: 46 bytes from 44.241.174.93: icmp_seq=2789 ttl=26 time=73.0 ms
08-10 22:08:24.746  7031  7078 D cellinfo: 46 bytes from 44.241.174.93: icmp_seq=2790 ttl=26 time=75.4 ms
08-10 22:08:24.783  7031  7031 D cellinfo: Latitude is 40.8792858
08-10 22:08:24.783  7031  7031 D cellinfo: Longitude is -105.2752806
08-10 22:08:24.783  7031  7031 D cellinfo: Instantaneous GPS information: United States, 23706-23998 US-287, Livermore, CO 80536, USA
08-10 22:08:24.783  7031  7031 D cellinfo: getCurrentLocation() result: Location (success): 40.8792858, -105.2752806
08-10 22:08:24.821  7031  7031 D cellinfo: onCellInfoChanged: Operator: Verizon Wireless UpdateTimestamp: 25738123 CellConnectionStatus: 1
08-10 22:08:24.821  7031  7031 D cellinfo: onCellInfoChanged: LTE Cell Bands: [13, 66, 66] Bandwidth: 10000 Cell ID: 3933953 Physical Cell ID: 0 Tracking Area Code: 3840 EARFCN: 5230
08-10 22:08:24.951  7031  7078 D cellinfo: 46 bytes from 44.241.174.93: icmp_seq=2791 ttl=26 time=80.4 ms
08-10 22:08:25.144  7031  7078 D cellinfo: 46 bytes from 44.241.174.93: icmp_seq=2792 ttl=26 time=72.6 ms
08-10 22:08:25.364  7031  7078 D cellinfo: 46 bytes from 44.241.174.93: icmp_seq=2793 ttl=26 time=91.4 ms
08-10 22:08:25.547  7031  7078 D cellinfo: 46 bytes from 44.241.174.93: icmp_seq=2794 ttl=26 time=75.0 ms
08-10 22:08:25.744  7031  7078 D cellinfo: 46 bytes from 44.241.174.93: icmp_seq=2795 ttl=26 time=70.8 ms
08-10 22:08:25.943  7031  7078 D cellinfo: 46 bytes from 44.241.174.93: icmp_seq=2796 ttl=26 time=69.2 ms
08-10 22:08:26.141  7031  7078 D cellinfo: 46 bytes from 44.241.174.93: icmp_seq=2797 ttl=26 time=66.9 ms
08-10 22:08:26.374  7031  7078 D cellinfo: 46 bytes from 44.241.174.93: icmp_seq=2798 ttl=26 time=98.4 ms
08-10 22:08:26.561  7031  7078 D cellinfo: 46 bytes from 44.241.174.93: icmp_seq=2799 ttl=26 time=84.6 ms
08-10 22:08:26.760  7031  7078 D cellinfo: 46 bytes from 44.241.174.93: icmp_seq=2800 ttl=26 time=84.0 ms
08-10 22:08:26.975  7031  7078 D cellinfo: 46 bytes from 44.241.174.93: icmp_seq=2801 ttl=26 time=97.1 ms
08-10 22:08:27.151  7031  7078 D cellinfo: 46 bytes from 44.241.174.93: icmp_seq=2802 ttl=26 time=72.8 ms
08-10 22:08:27.353  7031  7078 D cellinfo: 46 bytes from 44.241.174.93: icmp_seq=2803 ttl=26 time=73.4 ms
08-10 22:08:27.553  7031  7078 D cellinfo: 46 bytes from 44.241.174.93: icmp_seq=2804 ttl=26 time=73.1 ms
08-10 22:08:27.752  7031  7078 D cellinfo: 46 bytes from 44.241.174.93: icmp_seq=2805 ttl=26 time=71.1 ms
08-10 22:08:27.960  7031  7078 D cellinfo: 46 bytes from 44.241.174.93: icmp_seq=2806 ttl=26 time=77.8 ms
08-10 22:08:28.153  7031  7078 D cellinfo: 46 bytes from 44.241.174.93: icmp_seq=2807 ttl=26 time=70.0 ms
08-10 22:08:28.186  7031  7031 D cellinfo: Latitude is 40.8787695
08-10 22:08:28.186  7031  7031 D cellinfo: Longitude is -105.2747476
08-10 22:08:28.186  7031  7031 D cellinfo: Instantaneous GPS information: United States, 23706-23998 US-287, Livermore, CO 80536, USA
08-10 22:08:28.186  7031  7031 D cellinfo: getCurrentLocation() result: Location (success): 40.8787695, -105.2747476
08-10 22:08:28.190  7031  7031 D cellinfo: onCellInfoChanged: Operator: Verizon Wireless UpdateTimestamp: 25741127 CellConnectionStatus: 1
08-10 22:08:28.190  7031  7031 D cellinfo: onCellInfoChanged: LTE Cell Bands: [13, 66, 66] Bandwidth: 10000 Cell ID: 3933953 Physical Cell ID: 0 Tracking Area Code: 3840 EARFCN: 5230
08-10 22:08:28.357  7031  7078 D cellinfo: 46 bytes from 44.241.174.93: icmp_seq=2808 ttl=26 time=73.2 ms
08-10 22:08:28.552  7031  7078 D cellinfo: 46 bytes from 44.241.174.93: icmp_seq=2809 ttl=26 time=68.7 ms
08-10 22:08:28.752  7031  7078 D cellinfo: 46 bytes from 44.241.174.93: icmp_seq=2810 ttl=26 time=67.9 ms
08-10 22:08:28.952  7031  7078 D cellinfo: 46 bytes from 44.241.174.93: icmp_seq=2811 ttl=26 time=67.1 ms
08-10 22:08:29.163  7031  7078 D cellinfo: 46 bytes from 44.241.174.93: icmp_seq=2812 ttl=26 time=76.4 ms
08-10 22:08:29.371  7031  7078 D cellinfo: 46 bytes from 44.241.174.93: icmp_seq=2813 ttl=26 time=83.9 ms
08-10 22:08:29.563  7031  7078 D cellinfo: 46 bytes from 44.241.174.93: icmp_seq=2814 ttl=26 time=75.3 ms
08-10 22:08:29.763  7031  7078 D cellinfo: 46 bytes from 44.241.174.93: icmp_seq=2815 ttl=26 time=74.6 ms
08-10 22:08:29.963  7031  7078 D cellinfo: 46 bytes from 44.241.174.93: icmp_seq=2816 ttl=26 time=74.4 ms
08-10 22:08:30.164  7031  7078 D cellinfo: 46 bytes from 44.241.174.93: icmp_seq=2817 ttl=26 time=73.4 ms
08-10 22:08:30.365  7031  7078 D cellinfo: 46 bytes from 44.241.174.93: icmp_seq=2818 ttl=26 time=74.3 ms
08-10 22:08:30.579  7031  7078 D cellinfo: 46 bytes from 44.241.174.93: icmp_seq=2819 ttl=26 time=87.7 ms
08-10 22:08:30.762  7031  7078 D cellinfo: 46 bytes from 44.241.174.93: icmp_seq=2820 ttl=26 time=70.2 ms
08-10 22:08:30.961  7031  7078 D cellinfo: 46 bytes from 44.241.174.93: icmp_seq=2821 ttl=26 time=68.9 ms
08-10 22:08:31.140  7031  7031 D cellinfo: Latitude is 40.8784513
08-10 22:08:31.140  7031  7031 D cellinfo: Longitude is -105.2744197
08-10 22:08:31.140  7031  7031 D cellinfo: Instantaneous GPS information: United States, 23706-23998 US-287, Livermore, CO 80536, USA
08-10 22:08:31.140  7031  7031 D cellinfo: getCurrentLocation() result: Location (success): 40.8784513, -105.2744197
08-10 22:08:31.143  7031  7031 D cellinfo: onCellInfoChanged: Operator: Verizon Wireless UpdateTimestamp: 25744117 CellConnectionStatus: 1
08-10 22:08:31.143  7031  7031 D cellinfo: onCellInfoChanged: LTE Cell Bands: [13, 66, 66] Bandwidth: 10000 Cell ID: 3933953 Physical Cell ID: 0 Tracking Area Code: 3840 EARFCN: 5230
08-10 22:08:31.167  7031  7078 D cellinfo: 46 bytes from 44.241.174.93: icmp_seq=2822 ttl=26 time=74.5 ms
08-10 22:08:31.376  7031  7078 D cellinfo: 46 bytes from 44.241.174.93: icmp_seq=2823 ttl=26 time=82.8 ms
08-10 22:08:31.569  7031  7078 D cellinfo: 46 bytes from 44.241.174.93: icmp_seq=2824 ttl=26 time=75.4 ms
08-10 22:08:31.772  7031  7078 D cellinfo: 46 bytes from 44.241.174.93: icmp_seq=2825 ttl=26 time=76.6 ms
08-10 22:08:31.983  7031  7078 D cellinfo: 46 bytes from 44.241.174.93: icmp_seq=2826 ttl=26 time=87.6 ms
08-10 22:08:32.175  7031  7078 D cellinfo: 46 bytes from 44.241.174.93: icmp_seq=2827 ttl=26 time=78.4 ms
08-10 22:08:32.377  7031  7078 D cellinfo: 46 bytes from 44.241.174.93: icmp_seq=2828 ttl=26 time=80.0 ms
08-10 22:08:32.574  7031  7078 D cellinfo: 46 bytes from 44.241.174.93: icmp_seq=2829 ttl=26 time=76.5 ms
08-10 22:08:32.772  7031  7078 D cellinfo: 46 bytes from 44.241.174.93: icmp_seq=2830 ttl=26 time=75.1 ms
08-10 22:08:32.972  7031  7078 D cellinfo: 46 bytes from 44.241.174.93: icmp_seq=2831 ttl=26 time=74.2 ms
08-10 22:08:33.171  7031  7078 D cellinfo: 46 bytes from 44.241.174.93: icmp_seq=2832 ttl=26 time=72.3 ms
08-10 22:08:33.386  7031  7078 D cellinfo: 46 bytes from 44.241.174.93: icmp_seq=2833 ttl=26 time=86.5 ms
08-10 22:08:33.571  7031  7078 D cellinfo: 46 bytes from 44.241.174.93: icmp_seq=2834 ttl=26 time=70.5 ms
08-10 22:08:33.771  7031  7078 D cellinfo: 46 bytes from 44.241.174.93: icmp_seq=2835 ttl=26 time=70.2 ms
08-10 22:08:33.806  7031  7031 D cellinfo: onCellInfoChanged: Operator: Verizon Wireless UpdateTimestamp: 25747108 CellConnectionStatus: 1
08-10 22:08:33.807  7031  7031 D cellinfo: onCellInfoChanged: LTE Cell Bands: [13, 66, 66] Bandwidth: 10000 Cell ID: 3933953 Physical Cell ID: 0 Tracking Area Code: 3840 EARFCN: 5230
08-10 22:08:33.966  7031  7078 D cellinfo: 46 bytes from 44.241.174.93: icmp_seq=2836 ttl=26 time=64.2 ms
08-10 22:08:34.189  7031  7078 D cellinfo: 46 bytes from 44.241.174.93: icmp_seq=2837 ttl=26 time=86.2 ms
08-10 22:08:34.382  7031  7078 D cellinfo: 46 bytes from 44.241.174.93: icmp_seq=2838 ttl=26 time=77.2 ms
08-10 22:08:34.501  7031  7031 D cellinfo: Latitude is 40.8764057
08-10 22:08:34.501  7031  7031 D cellinfo: Longitude is -105.2723905
08-10 22:08:34.501  7031  7031 D cellinfo: Instantaneous GPS information: United States, 23930 US-287, Livermore, CO 80536, USA
08-10 22:08:34.501  7031  7031 D cellinfo: getCurrentLocation() result: Location (success): 40.8764057, -105.2723905
08-10 22:08:34.577  7031  7078 D cellinfo: 46 bytes from 44.241.174.93: icmp_seq=2839 ttl=26 time=73.0 ms
08-10 22:08:34.772  7031  7078 D cellinfo: 46 bytes from 44.241.174.93: icmp_seq=2840 ttl=26 time=67.5 ms
08-10 22:08:34.971  7031  7078 D cellinfo: 46 bytes from 44.241.174.93: icmp_seq=2841 ttl=26 time=65.5 ms
08-10 22:08:35.173  7031  7078 D cellinfo: 46 bytes from 44.241.174.93: icmp_seq=2842 ttl=26 time=67.9 ms
08-10 22:08:35.389  7031  7078 D cellinfo: 46 bytes from 44.241.174.93: icmp_seq=2843 ttl=26 time=82.8 ms
08-10 22:08:35.396  7031  7031 D cellinfo: onsignalStrengthsChanged: LTE Signal Strength info: rsrp: -112 rsrq: -7 rssi: -97 rssnr: 10
08-10 22:08:35.582  7031  7078 D cellinfo: 46 bytes from 44.241.174.93: icmp_seq=2844 ttl=26 time=76.0 ms
08-10 22:08:35.775  7031  7078 D cellinfo: 46 bytes from 44.241.174.93: icmp_seq=2845 ttl=26 time=67.4 ms
08-10 22:08:35.983  7031  7078 D cellinfo: 46 bytes from 44.241.174.93: icmp_seq=2846 ttl=26 time=76.0 ms
08-10 22:08:36.183  7031  7078 D cellinfo: 46 bytes from 44.241.174.93: icmp_seq=2847 ttl=26 time=75.4 ms
08-10 22:08:36.391  7031  7078 D cellinfo: 46 bytes from 44.241.174.93: icmp_seq=2848 ttl=26 time=82.6 ms
08-10 22:08:36.590  7031  7078 D cellinfo: 46 bytes from 44.241.174.93: icmp_seq=2849 ttl=26 time=80.4 ms
08-10 22:08:36.772  7031  7031 D cellinfo: Latitude is 40.8764057
08-10 22:08:36.772  7031  7031 D cellinfo: Longitude is -105.2723905
08-10 22:08:36.772  7031  7031 D cellinfo: Instantaneous GPS information: United States, 23930 US-287, Livermore, CO 80536, USA
08-10 22:08:36.772  7031  7031 D cellinfo: getCurrentLocation() result: Location (success): 40.8764057, -105.2723905
08-10 22:08:36.799  7031  7078 D cellinfo: 46 bytes from 44.241.174.93: icmp_seq=2850 ttl=26 time=88.2 ms
08-10 22:08:36.807  7031  7031 D cellinfo: onCellInfoChanged: Operator: Verizon Wireless UpdateTimestamp: 25750104 CellConnectionStatus: 1
08-10 22:08:36.807  7031  7031 D cellinfo: onCellInfoChanged: LTE Cell Bands: [13, 66, 66] Bandwidth: 10000 Cell ID: 3933953 Physical Cell ID: 0 Tracking Area Code: 3840 EARFCN: 5230
08-10 22:08:36.991  7031  7078 D cellinfo: 46 bytes from 44.241.174.93: icmp_seq=2851 ttl=26 time=78.8 ms
08-10 22:08:37.197  7031  7078 D cellinfo: 46 bytes from 44.241.174.93: icmp_seq=2852 ttl=26 time=84.1 ms
08-10 22:08:37.402  7031  7078 D cellinfo: 46 bytes from 44.241.174.93: icmp_seq=2853 ttl=26 time=89.0 ms
08-10 22:08:37.587  7031  7078 D cellinfo: 46 bytes from 44.241.174.93: icmp_seq=2854 ttl=26 time=72.9 ms
08-10 22:08:37.781  7031  7078 D cellinfo: 46 bytes from 44.241.174.93: icmp_seq=2855 ttl=26 time=66.6 ms
08-10 22:08:37.989  7031  7078 D cellinfo: 46 bytes from 44.241.174.93: icmp_seq=2856 ttl=26 time=74.4 ms
08-10 22:08:38.193  7031  7078 D cellinfo: 46 bytes from 44.241.174.93: icmp_seq=2857 ttl=26 time=76.7 ms
08-10 22:08:38.410  7031  7078 D cellinfo: 46 bytes from 44.241.174.93: icmp_seq=2858 ttl=26 time=92.7 ms
08-10 22:08:38.592  7031  7078 D cellinfo: 46 bytes from 44.241.174.93: icmp_seq=2859 ttl=26 time=74.2 ms
08-10 22:08:38.793  7031  7078 D cellinfo: 46 bytes from 44.241.174.93: icmp_seq=2860 ttl=26 time=74.6 ms
08-10 22:08:38.995  7031  7078 D cellinfo: 46 bytes from 44.241.174.93: icmp_seq=2861 ttl=26 time=76.0 ms
08-10 22:08:39.204  7031  7078 D cellinfo: 46 bytes from 44.241.174.93: icmp_seq=2862 ttl=26 time=83.9 ms
08-10 22:08:39.394  7031  7031 D cellinfo: onsignalStrengthsChanged: LTE Signal Strength info: rsrp: -116 rsrq: -9 rssi: -99 rssnr: 9
08-10 22:08:39.436  7031  7078 D cellinfo: 46 bytes from 44.241.174.93: icmp_seq=2863 ttl=26 time=115 ms
08-10 22:08:39.606  7031  7078 D cellinfo: 46 bytes from 44.241.174.93: icmp_seq=2864 ttl=26 time=84.2 ms
08-10 22:08:39.796  7031  7078 D cellinfo: 46 bytes from 44.241.174.93: icmp_seq=2865 ttl=26 time=74.1 ms
08-10 22:08:40.008  7031  7078 D cellinfo: 46 bytes from 44.241.174.93: icmp_seq=2866 ttl=26 time=83.8 ms
08-10 22:08:40.197  7031  7078 D cellinfo: 46 bytes from 44.241.174.93: icmp_seq=2867 ttl=26 time=73.4 ms
08-10 22:08:40.248  7031  7031 D cellinfo: Latitude is 40.8758796
08-10 22:08:40.249  7031  7031 D cellinfo: Longitude is -105.2718475
08-10 22:08:40.249  7031  7031 D cellinfo: Instantaneous GPS information: United States, 23706-23998 US-287, Livermore, CO 80536, USA
08-10 22:08:40.249  7031  7031 D cellinfo: getCurrentLocation() result: Location (success): 40.8758796, -105.2718475
08-10 22:08:40.252  7031  7031 D cellinfo: onCellInfoChanged: Operator: Verizon Wireless UpdateTimestamp: 25753123 CellConnectionStatus: 1
08-10 22:08:40.252  7031  7031 D cellinfo: onCellInfoChanged: LTE Cell Bands: [13, 66, 66] Bandwidth: 10000 Cell ID: 3933953 Physical Cell ID: 0 Tracking Area Code: 3840 EARFCN: 5230
08-10 22:08:40.392  7031  7078 D cellinfo: 46 bytes from 44.241.174.93: icmp_seq=2868 ttl=26 time=67.0 ms
08-10 22:08:40.602  7031  7078 D cellinfo: 46 bytes from 44.241.174.93: icmp_seq=2869 ttl=26 time=76.3 ms
08-10 22:08:40.886  7031  7078 D cellinfo: 46 bytes from 44.241.174.93: icmp_seq=2870 ttl=26 time=158 ms
08-10 22:08:41.008  7031  7078 D cellinfo: 46 bytes from 44.241.174.93: icmp_seq=2871 ttl=26 time=79.3 ms
08-10 22:08:41.216  7031  7078 D cellinfo: 46 bytes from 44.241.174.93: icmp_seq=2872 ttl=26 time=87.7 ms
08-10 22:08:41.403  7031  7078 D cellinfo: 46 bytes from 44.241.174.93: icmp_seq=2873 ttl=26 time=73.9 ms
08-10 22:08:41.603  7031  7078 D cellinfo: 46 bytes from 44.241.174.93: icmp_seq=2874 ttl=26 time=73.2 ms
08-10 22:08:41.803  7031  7078 D cellinfo: 46 bytes from 44.241.174.93: icmp_seq=2875 ttl=26 time=72.7 ms
08-10 22:08:42.012  7031  7078 D cellinfo: 46 bytes from 44.241.174.93: icmp_seq=2876 ttl=26 time=81.1 ms
08-10 22:08:42.213  7031  7078 D cellinfo: 46 bytes from 44.241.174.93: icmp_seq=2877 ttl=26 time=82.5 ms
08-10 22:08:42.428  7031  7078 D cellinfo: 46 bytes from 44.241.174.93: icmp_seq=2878 ttl=26 time=97.0 ms
08-10 22:08:42.613  7031  7078 D cellinfo: 46 bytes from 44.241.174.93: icmp_seq=2879 ttl=26 time=81.1 ms
08-10 22:08:42.802  7031  7078 D cellinfo: 46 bytes from 44.241.174.93: icmp_seq=2880 ttl=26 time=69.8 ms
08-10 22:08:43.035  7031  7078 D cellinfo: 46 bytes from 44.241.174.93: icmp_seq=2881 ttl=26 time=100 ms
08-10 22:08:43.204  7031  7078 D cellinfo: 46 bytes from 44.241.174.93: icmp_seq=2882 ttl=26 time=69.2 ms
08-10 22:08:43.227  7031  7031 D cellinfo: Latitude is 40.8755559
08-10 22:08:43.227  7031  7031 D cellinfo: Longitude is -105.271514
08-10 22:08:43.227  7031  7031 D cellinfo: Instantaneous GPS information: United States, 23706-23998 US-287, Livermore, CO 80536, USA
08-10 22:08:43.227  7031  7031 D cellinfo: getCurrentLocation() result: Location (success): 40.8755559, -105.271514
08-10 22:08:43.232  7031  7031 D cellinfo: onCellInfoChanged: Operator: Verizon Wireless UpdateTimestamp: 25756122 CellConnectionStatus: 1
08-10 22:08:43.232  7031  7031 D cellinfo: onCellInfoChanged: LTE Cell Bands: [13, 66, 66] Bandwidth: 10000 Cell ID: 3933953 Physical Cell ID: 0 Tracking Area Code: 3840 EARFCN: 5230
08-10 22:08:43.402  7031  7078 D cellinfo: 46 bytes from 44.241.174.93: icmp_seq=2883 ttl=26 time=67.0 ms
08-10 22:08:43.602  7031  7078 D cellinfo: 46 bytes from 44.241.174.93: icmp_seq=2884 ttl=26 time=67.2 ms
08-10 22:08:43.816  7031  7078 D cellinfo: 46 bytes from 44.241.174.93: icmp_seq=2885 ttl=26 time=79.5 ms
08-10 22:08:44.015  7031  7078 D cellinfo: 46 bytes from 44.241.174.93: icmp_seq=2886 ttl=26 time=78.4 ms
