08-10 22:25:58.013 11747 11747 D cellinfo: onCellInfoChanged: LTE Cell Bands: [66, 13] Bandwidth: 10000 Cell ID: 3922700 Physical Cell ID: 384 Tracking Area Code: 3840 EARFCN: 66586
08-10 22:25:58.086 11747 11794 D cellinfo: 46 bytes from 44.241.174.93: icmp_seq=310 ttl=26 time=71.3 ms
08-10 22:25:58.279 11747 11794 D cellinfo: 46 bytes from 44.241.174.93: icmp_seq=311 ttl=26 time=63.3 ms
08-10 22:25:58.486 11747 11794 D cellinfo: 46 bytes from 44.241.174.93: icmp_seq=312 ttl=26 time=68.7 ms
08-10 22:25:58.600 11747 11747 D cellinfo: Latitude is 40.6580263
08-10 22:25:58.600 11747 11747 D cellinfo: Longitude is -105.156239
08-10 22:25:58.600 11747 11747 D cellinfo: Instantaneous GPS information: United States, 4945-4821 US-287, Laporte, CO 80535, USA
08-10 22:25:58.600 11747 11747 D cellinfo: getCurrentLocation() result: Location (success): 40.6580263, -105.156239
08-10 22:25:58.684 11747 11794 D cellinfo: 46 bytes from 44.241.174.93: icmp_seq=313 ttl=26 time=65.3 ms
08-10 22:25:58.901 11747 11794 D cellinfo: 46 bytes from 44.241.174.93: icmp_seq=314 ttl=26 time=82.3 ms
08-10 22:25:59.093 11747 11794 D cellinfo: 46 bytes from 44.241.174.93: icmp_seq=315 ttl=26 time=73.6 ms
08-10 22:25:59.294 11747 11794 D cellinfo: 46 bytes from 44.241.174.93: icmp_seq=316 ttl=26 time=73.9 ms
08-10 22:25:59.519 11747 11794 D cellinfo: 46 bytes from 44.241.174.93: icmp_seq=317 ttl=26 time=97.4 ms
08-10 22:25:59.693 11747 11794 D cellinfo: 46 bytes from 44.241.174.93: icmp_seq=318 ttl=26 time=71.8 ms
08-10 22:25:59.895 11747 11794 D cellinfo: 46 bytes from 44.241.174.93: icmp_seq=319 ttl=26 time=72.3 ms
08-10 22:26:00.101 11747 11794 D cellinfo: 46 bytes from 44.241.174.93: icmp_seq=320 ttl=26 time=78.8 ms
08-10 22:26:00.170 11747 11747 D cellinfo: onsignalStrengthsChanged: LTE Signal Strength info: rsrp: -99 rsrq: -8 rssi: -83 rssnr: 21
08-10 22:26:00.293 11747 11794 D cellinfo: 46 bytes from 44.241.174.93: icmp_seq=321 ttl=26 time=70.3 ms
08-10 22:26:00.495 11747 11794 D cellinfo: 46 bytes from 44.241.174.93: icmp_seq=322 ttl=26 time=70.3 ms
08-10 22:26:00.694 11747 11794 D cellinfo: 46 bytes from 44.241.174.93: icmp_seq=323 ttl=26 time=68.9 ms
08-10 22:26:00.903 11747 11794 D cellinfo: 46 bytes from 44.241.174.93: icmp_seq=324 ttl=26 time=77.0 ms
08-10 22:26:00.977 11747 11747 D cellinfo: Latitude is 40.6580263
08-10 22:26:00.977 11747 11747 D cellinfo: Longitude is -105.156239
08-10 22:26:00.977 11747 11747 D cellinfo: Instantaneous GPS information: United States, 4945-4821 US-287, Laporte, CO 80535, USA
08-10 22:26:00.977 11747 11747 D cellinfo: getCurrentLocation() result: Location (success): 40.6580263, -105.156239
08-10 22:26:01.024 11747 11747 D cellinfo: onCellInfoChanged: Operator: Verizon Wireless UpdateTimestamp: 26794325 CellConnectionStatus: 1
08-10 22:26:01.024 11747 11747 D cellinfo: onCellInfoChanged: LTE Cell Bands: [66, 13] Bandwidth: 10000 Cell ID: 3922700 Physical Cell ID: 384 Tracking Area Code: 3840 EARFCN: 66586
08-10 22:26:01.093 11747 11794 D cellinfo: 46 bytes from 44.241.174.93: icmp_seq=325 ttl=26 time=66.6 ms
08-10 22:26:01.302 11747 11794 D cellinfo: 46 bytes from 44.241.174.93: icmp_seq=326 ttl=26 time=75.5 ms
08-10 22:26:01.500 11747 11794 D cellinfo: 46 bytes from 44.241.174.93: icmp_seq=327 ttl=26 time=72.4 ms
08-10 22:26:01.705 11747 11794 D cellinfo: 46 bytes from 44.241.174.93: icmp_seq=328 ttl=26 time=75.6 ms
08-10 22:26:01.904 11747 11794 D cellinfo: 46 bytes from 44.241.174.93: icmp_seq=329 ttl=26 time=73.7 ms
08-10 22:26:02.103 11747 11794 D cellinfo: 46 bytes from 44.241.174.93: icmp_seq=330 ttl=26 time=72.8 ms
08-10 22:26:02.303 11747 11794 D cellinfo: 46 bytes from 44.241.174.93: icmp_seq=331 ttl=26 time=72.3 ms
08-10 22:26:02.505 11747 11794 D cellinfo: 46 bytes from 44.241.174.93: icmp_seq=332 ttl=26 time=72.1 ms
08-10 22:26:02.707 11747 11794 D cellinfo: 46 bytes from 44.241.174.93: icmp_seq=333 ttl=26 time=73.7 ms
08-10 22:26:02.912 11747 11794 D cellinfo: 46 bytes from 44.241.174.93: icmp_seq=334 ttl=26 time=77.4 ms
08-10 22:26:03.104 11747 11794 D cellinfo: 46 bytes from 44.241.174.93: icmp_seq=335 ttl=26 time=68.1 ms
08-10 22:26:03.312 11747 11794 D cellinfo: 46 bytes from 44.241.174.93: icmp_seq=336 ttl=26 time=75.2 ms
08-10 22:26:03.505 11747 11794 D cellinfo: 46 bytes from 44.241.174.93: icmp_seq=337 ttl=26 time=68.7 ms
08-10 22:26:03.705 11747 11794 D cellinfo: 46 bytes from 44.241.174.93: icmp_seq=338 ttl=26 time=67.9 ms
08-10 22:26:03.914 11747 11794 D cellinfo: 46 bytes from 44.241.174.93: icmp_seq=339 ttl=26 time=75.1 ms
08-10 22:26:04.112 11747 11794 D cellinfo: 46 bytes from 44.241.174.93: icmp_seq=340 ttl=26 time=73.0 ms
08-10 22:26:04.316 11747 11794 D cellinfo: 46 bytes from 44.241.174.93: icmp_seq=341 ttl=26 time=74.3 ms
08-10 22:26:04.385 11747 11747 D cellinfo: Latitude is 40.6583094
08-10 22:26:04.385 11747 11747 D cellinfo: Longitude is -105.155664
08-10 22:26:04.385 11747 11747 D cellinfo: Instantaneous GPS information: United States, 4945-4821 US-287, Laporte, CO 80535, USA
08-10 22:26:04.385 11747 11747 D cellinfo: getCurrentLocation() result: Location (success): 40.6583094, -105.155664
08-10 22:26:04.388 11747 11747 D cellinfo: onCellInfoChanged: Operator: Verizon Wireless UpdateTimestamp: 26797325 CellConnectionStatus: 1
08-10 22:26:04.389 11747 11747 D cellinfo: onCellInfoChanged: LTE Cell Bands: [66, 13] Bandwidth: 10000 Cell ID: 3922700 Physical Cell ID: 384 Tracking Area Code: 3840 EARFCN: 66586
08-10 22:26:04.514 11747 11794 D cellinfo: 46 bytes from 44.241.174.93: icmp_seq=342 ttl=26 time=73.2 ms
08-10 22:26:04.724 11747 11794 D cellinfo: 46 bytes from 44.241.174.93: icmp_seq=343 ttl=26 time=81.7 ms
08-10 22:26:04.921 11747 11794 D cellinfo: 46 bytes from 44.241.174.93: icmp_seq=344 ttl=26 time=78.6 ms
08-10 22:26:05.122 11747 11794 D cellinfo: 46 bytes from 44.241.174.93: icmp_seq=345 ttl=26 time=79.3 ms
08-10 22:26:05.168 11747 11747 D cellinfo: onsignalStrengthsChanged: LTE Signal Strength info: rsrp: -110 rsrq: -8 rssi: -95 rssnr: 17
08-10 22:26:05.313 11747 11794 D cellinfo: 46 bytes from 44.241.174.93: icmp_seq=346 ttl=26 time=69.5 ms
08-10 22:26:05.522 11747 11794 D cellinfo: 46 bytes from 44.241.174.93: icmp_seq=347 ttl=26 time=77.0 ms
08-10 22:26:05.713 11747 11794 D cellinfo: 46 bytes from 44.241.174.93: icmp_seq=348 ttl=26 time=67.2 ms
08-10 22:26:05.922 11747 11794 D cellinfo: 46 bytes from 44.241.174.93: icmp_seq=349 ttl=26 time=74.8 ms
08-10 22:26:06.113 11747 11794 D cellinfo: 46 bytes from 44.241.174.93: icmp_seq=350 ttl=26 time=65.5 ms
08-10 22:26:06.333 11747 11794 D cellinfo: 46 bytes from 44.241.174.93: icmp_seq=351 ttl=26 time=84.3 ms
08-10 22:26:06.522 11747 11794 D cellinfo: 46 bytes from 44.241.174.93: icmp_seq=352 ttl=26 time=72.9 ms
08-10 22:26:06.733 11747 11794 D cellinfo: 46 bytes from 44.241.174.93: icmp_seq=353 ttl=26 time=82.9 ms
08-10 22:26:06.951 11747 11794 D cellinfo: 46 bytes from 44.241.174.93: icmp_seq=354 ttl=26 time=100 ms
08-10 22:26:07.150 11747 11794 D cellinfo: 46 bytes from 44.241.174.93: icmp_seq=355 ttl=26 time=98.7 ms
08-10 22:26:07.334 11747 11794 D cellinfo: 46 bytes from 44.241.174.93: icmp_seq=356 ttl=26 time=81.3 ms
08-10 22:26:07.475 11747 11747 D cellinfo: Latitude is 40.6583941
08-10 22:26:07.475 11747 11747 D cellinfo: Longitude is -105.1554441
08-10 22:26:07.475 11747 11747 D cellinfo: Instantaneous GPS information: United States, 4945-4821 US-287, Laporte, CO 80535, USA
08-10 22:26:07.475 11747 11747 D cellinfo: getCurrentLocation() result: Location (success): 40.6583941, -105.1554441
08-10 22:26:07.481 11747 11747 D cellinfo: onCellInfoChanged: Operator: Verizon Wireless UpdateTimestamp: 26800326 CellConnectionStatus: 1
08-10 22:26:07.481 11747 11747 D cellinfo: onCellInfoChanged: LTE Cell Bands: [66, 13] Bandwidth: 10000 Cell ID: 3922700 Physical Cell ID: 384 Tracking Area Code: 3840 EARFCN: 66586
08-10 22:26:07.535 11747 11794 D cellinfo: 46 bytes from 44.241.174.93: icmp_seq=357 ttl=26 time=81.7 ms
08-10 22:26:07.736 11747 11794 D cellinfo: 46 bytes from 44.241.174.93: icmp_seq=358 ttl=26 time=80.1 ms
08-10 22:26:07.934 11747 11794 D cellinfo: 46 bytes from 44.241.174.93: icmp_seq=359 ttl=26 time=79.9 ms
08-10 22:26:08.131 11747 11794 D cellinfo: 46 bytes from 44.241.174.93: icmp_seq=360 ttl=26 time=76.9 ms
08-10 22:26:08.341 11747 11794 D cellinfo: 46 bytes from 44.241.174.93: icmp_seq=361 ttl=26 time=85.4 ms
08-10 22:26:08.524 11747 11794 D cellinfo: 46 bytes from 44.241.174.93: icmp_seq=362 ttl=26 time=68.0 ms
08-10 22:26:08.733 11747 11794 D cellinfo: 46 bytes from 44.241.174.93: icmp_seq=363 ttl=26 time=76.2 ms
08-10 22:26:08.932 11747 11794 D cellinfo: 46 bytes from 44.241.174.93: icmp_seq=364 ttl=26 time=74.0 ms
08-10 22:26:09.143 11747 11794 D cellinfo: 46 bytes from 44.241.174.93: icmp_seq=365 ttl=26 time=83.5 ms
08-10 22:26:09.175 11747 11747 D cellinfo: onsignalStrengthsChanged: LTE Signal Strength info: rsrp: -117 rsrq: -13 rssi: -95 rssnr: -1
08-10 22:26:09.352 11747 11794 D cellinfo: 46 bytes from 44.241.174.93: icmp_seq=366 ttl=26 time=93.0 ms
08-10 22:26:09.807 11747 11794 D cellinfo: 46 bytes from 44.241.174.93: icmp_seq=367 ttl=26 time=346 ms
08-10 22:26:09.807 11747 11794 D cellinfo: 46 bytes from 44.241.174.93: icmp_seq=368 ttl=26 time=142 ms
08-10 22:26:09.955 11747 11794 D cellinfo: 46 bytes from 44.241.174.93: icmp_seq=369 ttl=26 time=89.3 ms
08-10 22:26:10.007 11747 11747 D cellinfo: onCellInfoChanged: Operator: Verizon Wireless UpdateTimestamp: 26803307 CellConnectionStatus: 1
08-10 22:26:10.007 11747 11747 D cellinfo: onCellInfoChanged: LTE Cell Bands: [66, 13] Bandwidth: 10000 Cell ID: 3922700 Physical Cell ID: 384 Tracking Area Code: 3840 EARFCN: 66586
08-10 22:26:10.301 11747 11794 D cellinfo: 46 bytes from 44.241.174.93: icmp_seq=370 ttl=26 time=234 ms
08-10 22:26:10.839 11747 11794 D cellinfo: 46 bytes from 44.241.174.93: icmp_seq=371 ttl=26 time=565 ms
08-10 22:26:10.911 11747 11794 D cellinfo: 46 bytes from 44.241.174.93: icmp_seq=372 ttl=26 time=437 ms
08-10 22:26:10.912 11747 11794 D cellinfo: 46 bytes from 44.241.174.93: icmp_seq=373 ttl=26 time=234 ms
08-10 22:26:10.948 11747 11794 D cellinfo: 46 bytes from 44.241.174.93: icmp_seq=374 ttl=26 time=70.2 ms
08-10 22:26:11.228 11747 11794 D cellinfo: 46 bytes from 44.241.174.93: icmp_seq=375 ttl=26 time=150 ms
08-10 22:26:11.312 11747 11747 D cellinfo: Latitude is 40.6592098
08-10 22:26:11.312 11747 11747 D cellinfo: Longitude is -105.1520666
08-10 22:26:11.312 11747 11747 D cellinfo: Instantaneous GPS information: United States, 4015 W Co Rd 56E, Laporte, CO 80535, USA
08-10 22:26:11.312 11747 11747 D cellinfo: getCurrentLocation() result: Location (success): 40.6592098, -105.1520666
08-10 22:26:11.317 11747 11747 D cellinfo: onServiceStateChanged: Channel Number: 66586 Cell Bandwidths: [10000, 10000]
08-10 22:26:11.317 11747 11747 D cellinfo: onServiceStateChanged: Channel Number: 5230 Cell Bandwidths: [10000]
08-10 22:26:11.318 11747 11747 D cellinfo: onServiceStateChanged: Channel Number: 5230 Cell Bandwidths: [10000, 10000, 10000, 5000]
08-10 22:26:11.319 11747 11747 D cellinfo: onDisplayInfoChanged: NetworkType: LTE OverrideNetworkType: LTE-CA
08-10 22:26:11.360 11747 11794 D cellinfo: 46 bytes from 44.241.174.93: icmp_seq=376 ttl=26 time=80.2 ms
08-10 22:26:11.554 11747 11794 D cellinfo: 46 bytes from 44.241.174.93: icmp_seq=377 ttl=26 time=73.5 ms
08-10 22:26:11.755 11747 11794 D cellinfo: 46 bytes from 44.241.174.93: icmp_seq=378 ttl=26 time=73.6 ms
08-10 22:26:11.953 11747 11794 D cellinfo: 46 bytes from 44.241.174.93: icmp_seq=379 ttl=26 time=71.8 ms
08-10 22:26:12.162 11747 11794 D cellinfo: 46 bytes from 44.241.174.93: icmp_seq=380 ttl=26 time=79.7 ms
08-10 22:26:12.362 11747 11794 D cellinfo: 46 bytes from 44.241.174.93: icmp_seq=381 ttl=26 time=79.4 ms
08-10 22:26:12.561 11747 11794 D cellinfo: 46 bytes from 44.241.174.93: icmp_seq=382 ttl=26 time=77.1 ms
08-10 22:26:12.764 11747 11794 D cellinfo: 46 bytes from 44.241.174.93: icmp_seq=383 ttl=26 time=79.7 ms
08-10 22:26:12.780 11747 11747 D cellinfo: onsignalStrengthsChanged: LTE Signal Strength info: rsrp: -107 rsrq: -16 rssi: -83 rssnr: -2
08-10 22:26:12.962 11747 11794 D cellinfo: 46 bytes from 44.241.174.93: icmp_seq=384 ttl=26 time=76.7 ms
08-10 22:26:12.987 11747 11747 D cellinfo: Latitude is 40.6592098
08-10 22:26:12.987 11747 11747 D cellinfo: Longitude is -105.1520666
08-10 22:26:12.987 11747 11747 D cellinfo: Instantaneous GPS information: United States, 4015 W Co Rd 56E, Laporte, CO 80535, USA
08-10 22:26:12.987 11747 11747 D cellinfo: getCurrentLocation() result: Location (success): 40.6592098, -105.1520666
08-10 22:26:13.019 11747 11747 D cellinfo: onCellInfoChanged: Operator: Verizon Wireless UpdateTimestamp: 26806316 CellConnectionStatus: 1
08-10 22:26:13.020 11747 11747 D cellinfo: onCellInfoChanged: LTE Cell Bands: [13, 66, 66, 2] Bandwidth: 10000 Cell ID: 4081153 Physical Cell ID: 387 Tracking Area Code: 3840 EARFCN: 5230
08-10 22:26:13.160 11747 11794 D cellinfo: 46 bytes from 44.241.174.93: icmp_seq=385 ttl=26 time=75.2 ms
08-10 22:26:13.369 11747 11794 D cellinfo: 46 bytes from 44.241.174.93: icmp_seq=386 ttl=26 time=83.0 ms
08-10 22:26:13.554 11747 11794 D cellinfo: 46 bytes from 44.241.174.93: icmp_seq=387 ttl=26 time=66.5 ms
08-10 22:26:13.762 11747 11794 D cellinfo: 46 bytes from 44.241.174.93: icmp_seq=388 ttl=26 time=74.3 ms
08-10 22:26:13.953 11747 11794 D cellinfo: 46 bytes from 44.241.174.93: icmp_seq=389 ttl=26 time=65.1 ms
08-10 22:26:14.183 11747 11794 D cellinfo: 46 bytes from 44.241.174.93: icmp_seq=390 ttl=26 time=93.4 ms
08-10 22:26:14.404 11747 11794 D cellinfo: 46 bytes from 44.241.174.93: icmp_seq=391 ttl=26 time=114 ms
08-10 22:26:14.563 11747 11794 D cellinfo: 46 bytes from 44.241.174.93: icmp_seq=392 ttl=26 time=72.3 ms
08-10 22:26:14.788 11747 11794 D cellinfo: 46 bytes from 44.241.174.93: icmp_seq=393 ttl=26 time=96.4 ms
08-10 22:26:14.964 11747 11794 D cellinfo: 46 bytes from 44.241.174.93: icmp_seq=394 ttl=26 time=71.2 ms
08-10 22:26:15.172 11747 11794 D cellinfo: 46 bytes from 44.241.174.93: icmp_seq=395 ttl=26 time=78.1 ms
08-10 22:26:15.373 11747 11794 D cellinfo: 46 bytes from 44.241.174.93: icmp_seq=396 ttl=26 time=78.2 ms
08-10 22:26:15.564 11747 11794 D cellinfo: 46 bytes from 44.241.174.93: icmp_seq=397 ttl=26 time=67.9 ms
08-10 22:26:15.771 11747 11794 D cellinfo: 46 bytes from 44.241.174.93: icmp_seq=398 ttl=26 time=74.1 ms
08-10 22:26:15.964 11747 11794 D cellinfo: 46 bytes from 44.241.174.93: icmp_seq=399 ttl=26 time=65.7 ms
08-10 22:26:16.196 11747 11794 D cellinfo: 46 bytes from 44.241.174.93: icmp_seq=400 ttl=26 time=97.5 ms
08-10 22:26:16.401 11747 11794 D cellinfo: 46 bytes from 44.241.174.93: icmp_seq=401 ttl=26 time=99.5 ms
08-10 22:26:16.573 11747 11794 D cellinfo: 46 bytes from 44.241.174.93: icmp_seq=402 ttl=26 time=71.2 ms
08-10 22:26:16.646 11747 11747 D cellinfo: Latitude is 40.659277
08-10 22:26:16.646 11747 11747 D cellinfo: Longitude is -105.1510839
08-10 22:26:16.646 11747 11747 D cellinfo: Instantaneous GPS information: United States, 4727 US-287, Laporte, CO 80535, USA
08-10 22:26:16.647 11747 11747 D cellinfo: getCurrentLocation() result: Location (success): 40.659277, -105.1510839
08-10 22:26:16.650 11747 11747 D cellinfo: onCellInfoChanged: Operator: Verizon Wireless UpdateTimestamp: 26809330 CellConnectionStatus: 1
08-10 22:26:16.650 11747 11747 D cellinfo: onCellInfoChanged: LTE Cell Bands: [13, 66, 66, 2] Bandwidth: 10000 Cell ID: 4081153 Physical Cell ID: 387 Tracking Area Code: 3840 EARFCN: 5230
08-10 22:26:16.772 11747 11747 D cellinfo: onsignalStrengthsChanged: LTE Signal Strength info: rsrp: -111 rsrq: -16 rssi: -87 rssnr: -8
08-10 22:26:16.782 11747 11794 D cellinfo: 46 bytes from 44.241.174.93: icmp_seq=403 ttl=26 time=78.3 ms
08-10 22:26:16.982 11747 11794 D cellinfo: 46 bytes from 44.241.174.93: icmp_seq=404 ttl=26 time=77.0 ms
08-10 22:26:17.181 11747 11794 D cellinfo: 46 bytes from 44.241.174.93: icmp_seq=405 ttl=26 time=76.2 ms
08-10 22:26:17.540 11747 11794 D cellinfo: 46 bytes from 44.241.174.93: icmp_seq=406 ttl=26 time=234 ms
08-10 22:26:17.623 11747 11794 D cellinfo: 46 bytes from 44.241.174.93: icmp_seq=407 ttl=26 time=111 ms
08-10 22:26:17.898 11747 11794 D cellinfo: 46 bytes from 44.241.174.93: icmp_seq=408 ttl=26 time=184 ms
08-10 22:26:18.021 11747 11794 D cellinfo: 46 bytes from 44.241.174.93: icmp_seq=409 ttl=26 time=106 ms
08-10 22:26:18.076 11747 11794 D cellinfo: 46 bytes from 44.241.174.93: icmp_seq=409 ttl=26 time=161 ms (DUP!)
08-10 22:26:18.119 11747 11747 D cellinfo: onServiceStateChanged: Channel Number: 5230 Cell Bandwidths: [10000, 10000, 5000]
08-10 22:26:18.180 11747 11794 D cellinfo: 46 bytes from 44.241.174.93: icmp_seq=410 ttl=26 time=66.1 ms
08-10 22:26:18.380 11747 11794 D cellinfo: 46 bytes from 44.241.174.93: icmp_seq=411 ttl=26 time=64.7 ms
08-10 22:26:18.590 11747 11794 D cellinfo: 46 bytes from 44.241.174.93: icmp_seq=412 ttl=26 time=73.8 ms
08-10 22:26:18.790 11747 11794 D cellinfo: 46 bytes from 44.241.174.93: icmp_seq=413 ttl=26 time=73.0 ms
08-10 22:26:18.990 11747 11794 D cellinfo: 46 bytes from 44.241.174.93: icmp_seq=414 ttl=26 time=72.1 ms
08-10 22:26:19.181 11747 11794 D cellinfo: 46 bytes from 44.241.174.93: icmp_seq=415 ttl=26 time=62.4 ms
08-10 22:26:19.392 11747 11794 D cellinfo: 46 bytes from 44.241.174.93: icmp_seq=416 ttl=26 time=71.5 ms
08-10 22:26:19.408 11747 11747 D cellinfo: Latitude is 40.6592828
08-10 22:26:19.408 11747 11747 D cellinfo: Longitude is -105.1507315
08-10 22:26:19.408 11747 11747 D cellinfo: Instantaneous GPS information: United States, 4727 US-287, Laporte, CO 80535, USA
08-10 22:26:19.408 11747 11747 D cellinfo: getCurrentLocation() result: Location (success): 40.6592828, -105.1507315
08-10 22:26:19.412 11747 11747 D cellinfo: onCellInfoChanged: Operator: Verizon Wireless UpdateTimestamp: 26812332 CellConnectionStatus: 1
08-10 22:26:19.412 11747 11747 D cellinfo: onCellInfoChanged: LTE Cell Bands: [13, 4, 2] Bandwidth: 10000 Cell ID: 3987713 Physical Cell ID: 12 Tracking Area Code: 3840 EARFCN: 5230
08-10 22:26:19.589 11747 11794 D cellinfo: 46 bytes from 44.241.174.93: icmp_seq=417 ttl=26 time=69.2 ms
08-10 22:26:19.789 11747 11794 D cellinfo: 46 bytes from 44.241.174.93: icmp_seq=418 ttl=26 time=68.5 ms
08-10 22:26:20.016 11747 11794 D cellinfo: 46 bytes from 44.241.174.93: icmp_seq=419 ttl=26 time=93.4 ms
08-10 22:26:20.128 11747 11747 D cellinfo: onsignalStrengthsChanged: LTE Signal Strength info: rsrp: -106 rsrq: -11 rssi: -87 rssnr: 1
08-10 22:26:20.190 11747 11794 D cellinfo: 46 bytes from 44.241.174.93: icmp_seq=420 ttl=26 time=67.5 ms
08-10 22:26:20.399 11747 11794 D cellinfo: 46 bytes from 44.241.174.93: icmp_seq=421 ttl=26 time=76.2 ms
08-10 22:26:20.606 11747 11794 D cellinfo: 46 bytes from 44.241.174.93: icmp_seq=422 ttl=26 time=82.3 ms
08-10 22:26:20.799 11747 11794 D cellinfo: 46 bytes from 44.241.174.93: icmp_seq=423 ttl=26 time=74.5 ms
08-10 22:26:21.006 11747 11794 D cellinfo: 46 bytes from 44.241.174.93: icmp_seq=424 ttl=26 time=81.7 ms
08-10 22:26:21.190 11747 11794 D cellinfo: 46 bytes from 44.241.174.93: icmp_seq=425 ttl=26 time=65.4 ms
08-10 22:26:21.390 11747 11794 D cellinfo: 46 bytes from 44.241.174.93: icmp_seq=426 ttl=26 time=65.2 ms
08-10 22:26:21.602 11747 11794 D cellinfo: 46 bytes from 44.241.174.93: icmp_seq=427 ttl=26 time=74.5 ms
08-10 22:26:21.800 11747 11794 D cellinfo: 46 bytes from 44.241.174.93: icmp_seq=428 ttl=26 time=72.9 ms
08-10 22:26:22.002 11747 11794 D cellinfo: 46 bytes from 44.241.174.93: icmp_seq=429 ttl=26 time=75.1 ms
08-10 22:26:22.024 11747 11747 D cellinfo: onCellInfoChanged: Operator: Verizon Wireless UpdateTimestamp: 26815325 CellConnectionStatus: 1
08-10 22:26:22.024 11747 11747 D cellinfo: onCellInfoChanged: LTE Cell Bands: [13, 4, 2] Bandwidth: 10000 Cell ID: 3987713 Physical Cell ID: 12 Tracking Area Code: 3840 EARFCN: 5230
08-10 22:26:22.202 11747 11794 D cellinfo: 46 bytes from 44.241.174.93: icmp_seq=430 ttl=26 time=74.4 ms
08-10 22:26:22.401 11747 11794 D cellinfo: 46 bytes from 44.241.174.93: icmp_seq=431 ttl=26 time=72.0 ms
08-10 22:26:22.596 11747 11747 D cellinfo: Latitude is 40.6587026
08-10 22:26:22.596 11747 11747 D cellinfo: Longitude is -105.1476294
08-10 22:26:22.596 11747 11747 D cellinfo: Instantaneous GPS information: United States, 4615 US-287, Laporte, CO 80535, USA
08-10 22:26:22.596 11747 11747 D cellinfo: getCurrentLocation() result: Location (success): 40.6587026, -105.1476294
08-10 22:26:22.608 11747 11794 D cellinfo: 46 bytes from 44.241.174.93: icmp_seq=432 ttl=26 time=78.2 ms
08-10 22:26:22.801 11747 11794 D cellinfo: 46 bytes from 44.241.174.93: icmp_seq=433 ttl=26 time=69.7 ms
08-10 22:26:23.007 11747 11794 D cellinfo: 46 bytes from 44.241.174.93: icmp_seq=434 ttl=26 time=75.9 ms
08-10 22:26:23.200 11747 11794 D cellinfo: 46 bytes from 44.241.174.93: icmp_seq=435 ttl=26 time=68.1 ms
08-10 22:26:23.400 11747 11794 D cellinfo: 46 bytes from 44.241.174.93: icmp_seq=436 ttl=26 time=67.2 ms
08-10 22:26:23.607 11747 11794 D cellinfo: 46 bytes from 44.241.174.93: icmp_seq=437 ttl=26 time=72.9 ms
08-10 22:26:23.801 11747 11794 D cellinfo: 46 bytes from 44.241.174.93: icmp_seq=438 ttl=26 time=66.2 ms
08-10 22:26:24.018 11747 11794 D cellinfo: 46 bytes from 44.241.174.93: icmp_seq=439 ttl=26 time=82.3 ms
08-10 22:26:24.125 11747 11747 D cellinfo: onsignalStrengthsChanged: LTE Signal Strength info: rsrp: -98 rsrq: -10 rssi: -81 rssnr: 7
08-10 22:26:24.208 11747 11794 D cellinfo: 46 bytes from 44.241.174.93: icmp_seq=440 ttl=26 time=72.1 ms
08-10 22:26:24.418 11747 11794 D cellinfo: 46 bytes from 44.241.174.93: icmp_seq=441 ttl=26 time=81.1 ms
08-10 22:26:24.618 11747 11794 D cellinfo: 46 bytes from 44.241.174.93: icmp_seq=442 ttl=26 time=80.9 ms
08-10 22:26:24.810 11747 11794 D cellinfo: 46 bytes from 44.241.174.93: icmp_seq=443 ttl=26 time=71.6 ms
08-10 22:26:24.978 11747 11747 D cellinfo: Latitude is 40.6587026
08-10 22:26:24.978 11747 11747 D cellinfo: Longitude is -105.1476294
08-10 22:26:24.978 11747 11747 D cellinfo: Instantaneous GPS information: United States, 4615 US-287, Laporte, CO 80535, USA
08-10 22:26:24.978 11747 11747 D cellinfo: getCurrentLocation() result: Location (success): 40.6587026, -105.1476294
08-10 22:26:25.019 11747 11794 D cellinfo: 46 bytes from 44.241.174.93: icmp_seq=444 ttl=26 time=80.6 ms
08-10 22:26:25.026 11747 11747 D cellinfo: onCellInfoChanged: Operator: Verizon Wireless UpdateTimestamp: 26818321 CellConnectionStatus: 1
08-10 22:26:25.026 11747 11747 D cellinfo: onCellInfoChanged: LTE Cell Bands: [13, 4, 2] Bandwidth: 10000 Cell ID: 3987713 Physical Cell ID: 12 Tracking Area Code: 3840 EARFCN: 5230
08-10 22:26:25.218 11747 11794 D cellinfo: 46 bytes from 44.241.174.93: icmp_seq=445 ttl=26 time=79.8 ms
08-10 22:26:25.418 11747 11794 D cellinfo: 46 bytes from 44.241.174.93: icmp_seq=446 ttl=26 time=79.2 ms
08-10 22:26:25.618 11747 11794 D cellinfo: 46 bytes from 44.241.174.93: icmp_seq=447 ttl=26 time=78.1 ms
08-10 22:26:25.810 11747 11794 D cellinfo: 46 bytes from 44.241.174.93: icmp_seq=448 ttl=26 time=69.2 ms
08-10 22:26:26.012 11747 11794 D cellinfo: 46 bytes from 44.241.174.93: icmp_seq=449 ttl=26 time=69.9 ms
08-10 22:26:26.210 11747 11794 D cellinfo: 46 bytes from 44.241.174.93: icmp_seq=450 ttl=26 time=68.2 ms
08-10 22:26:26.426 11747 11794 D cellinfo: 46 bytes from 44.241.174.93: icmp_seq=451 ttl=26 time=83.3 ms
08-10 22:26:26.621 11747 11794 D cellinfo: 46 bytes from 44.241.174.93: icmp_seq=452 ttl=26 time=78.3 ms
08-10 22:26:26.816 11747 11794 D cellinfo: 46 bytes from 44.241.174.93: icmp_seq=453 ttl=26 time=71.8 ms
08-10 22:26:27.010 11747 11794 D cellinfo: 46 bytes from 44.241.174.93: icmp_seq=454 ttl=26 time=65.4 ms
08-10 22:26:27.211 11747 11794 D cellinfo: 46 bytes from 44.241.174.93: icmp_seq=455 ttl=26 time=66.3 ms
08-10 22:26:27.422 11747 11794 D cellinfo: 46 bytes from 44.241.174.93: icmp_seq=456 ttl=26 time=75.8 ms
08-10 22:26:27.628 11747 11794 D cellinfo: 46 bytes from 44.241.174.93: icmp_seq=457 ttl=26 time=80.7 ms
08-10 22:26:27.821 11747 11794 D cellinfo: 46 bytes from 44.241.174.93: icmp_seq=458 ttl=26 time=73.4 ms
08-10 22:26:28.023 11747 11794 D cellinfo: 46 bytes from 44.241.174.93: icmp_seq=459 ttl=26 time=74.8 ms
08-10 22:26:28.221 11747 11794 D cellinfo: 46 bytes from 44.241.174.93: icmp_seq=460 ttl=26 time=72.4 ms
08-10 22:26:28.430 11747 11794 D cellinfo: 46 bytes from 44.241.174.93: icmp_seq=461 ttl=26 time=79.8 ms
08-10 22:26:28.458 11747 11747 D cellinfo: Latitude is 40.6585361
08-10 22:26:28.459 11747 11747 D cellinfo: Longitude is -105.1468446
08-10 22:26:28.459 11747 11747 D cellinfo: Instantaneous GPS information: United States, 4615 US-287, Laporte, CO 80535, USA
08-10 22:26:28.459 11747 11747 D cellinfo: getCurrentLocation() result: Location (success): 40.6585361, -105.1468446
08-10 22:26:28.464 11747 11747 D cellinfo: onCellInfoChanged: Operator: Verizon Wireless UpdateTimestamp: 26821312 CellConnectionStatus: 1
08-10 22:26:28.464 11747 11747 D cellinfo: onCellInfoChanged: LTE Cell Bands: [13, 4, 2] Bandwidth: 10000 Cell ID: 3987713 Physical Cell ID: 12 Tracking Area Code: 3840 EARFCN: 5230
08-10 22:26:28.621 11747 11794 D cellinfo: 46 bytes from 44.241.174.93: icmp_seq=462 ttl=26 time=70.6 ms
08-10 22:26:28.820 11747 11794 D cellinfo: 46 bytes from 44.241.174.93: icmp_seq=463 ttl=26 time=68.8 ms
08-10 22:26:29.031 11747 11794 D cellinfo: 46 bytes from 44.241.174.93: icmp_seq=464 ttl=26 time=79.3 ms
08-10 22:26:29.221 11747 11794 D cellinfo: 46 bytes from 44.241.174.93: icmp_seq=465 ttl=26 time=69.5 ms
08-10 22:26:29.420 11747 11794 D cellinfo: 46 bytes from 44.241.174.93: icmp_seq=466 ttl=26 time=68.0 ms
08-10 22:26:29.621 11747 11794 D cellinfo: 46 bytes from 44.241.174.93: icmp_seq=467 ttl=26 time=68.4 ms
08-10 22:26:29.821 11747 11794 D cellinfo: 46 bytes from 44.241.174.93: icmp_seq=468 ttl=26 time=67.1 ms
08-10 22:26:30.027 11747 11794 D cellinfo: 46 bytes from 44.241.174.93: icmp_seq=469 ttl=26 time=72.1 ms
08-10 22:26:30.221 11747 11794 D cellinfo: 46 bytes from 44.241.174.93: icmp_seq=470 ttl=26 time=65.9 ms
08-10 22:26:30.438 11747 11794 D cellinfo: 46 bytes from 44.241.174.93: icmp_seq=471 ttl=26 time=81.9 ms
08-10 22:26:30.638 11747 11794 D cellinfo: 46 bytes from 44.241.174.93: icmp_seq=472 ttl=26 time=81.2 ms
08-10 22:26:30.839 11747 11794 D cellinfo: 46 bytes from 44.241.174.93: icmp_seq=473 ttl=26 time=81.0 ms
08-10 22:26:31.030 11747 11794 D cellinfo: 46 bytes from 44.241.174.93: icmp_seq=474 ttl=26 time=70.4 ms
08-10 22:26:31.238 11747 11794 D cellinfo: 46 bytes from 44.241.174.93: icmp_seq=475 ttl=26 time=78.2 ms
08-10 22:26:31.385 11747 11747 D cellinfo: Latitude is 40.6584987
08-10 22:26:31.385 11747 11747 D cellinfo: Longitude is -105.1464905
08-10 22:26:31.385 11747 11747 D cellinfo: Instantaneous GPS information: United States, 4615 US-287, Laporte, CO 80535, USA
08-10 22:26:31.385 11747 11747 D cellinfo: getCurrentLocation() result: Location (success): 40.6584987, -105.1464905
08-10 22:26:31.390 11747 11747 D cellinfo: onCellInfoChanged: Operator: Verizon Wireless UpdateTimestamp: 26824324 CellConnectionStatus: 1
08-10 22:26:31.390 11747 11747 D cellinfo: onCellInfoChanged: LTE Cell Bands: [13, 4, 2] Bandwidth: 10000 Cell ID: 3987713 Physical Cell ID: 12 Tracking Area Code: 3840 EARFCN: 5230
08-10 22:26:31.438 11747 11794 D cellinfo: 46 bytes from 44.241.174.93: icmp_seq=476 ttl=26 time=76.6 ms
08-10 22:26:31.652 11747 11794 D cellinfo: 46 bytes from 44.241.174.93: icmp_seq=477 ttl=26 time=90.5 ms
08-10 22:26:31.685 11747 11747 D cellinfo: onServiceStateChanged: Channel Number: 5230 Cell Bandwidths: [10000, 10000, 5000]
08-10 22:26:31.734 11747 11747 D cellinfo: onServiceStateChanged: Channel Number: 5230 Cell Bandwidths: [10000]
08-10 22:26:31.827 11747 11794 D cellinfo: 46 bytes from 44.241.174.93: icmp_seq=478 ttl=26 time=64.2 ms
08-10 22:26:31.943 11747 11747 D cellinfo: onServiceStateChanged: Channel Number: 5230 Cell Bandwidths: [10000, 10000, 10000, 5000]
08-10 22:26:32.037 11747 11794 D cellinfo: 46 bytes from 44.241.174.93: icmp_seq=479 ttl=26 time=73.0 ms
08-10 22:26:32.237 11747 11794 D cellinfo: 46 bytes from 44.241.174.93: icmp_seq=480 ttl=26 time=73.4 ms
08-10 22:26:32.437 11747 11794 D cellinfo: 46 bytes from 44.241.174.93: icmp_seq=481 ttl=26 time=72.8 ms
08-10 22:26:32.637 11747 11794 D cellinfo: 46 bytes from 44.241.174.93: icmp_seq=482 ttl=26 time=72.5 ms
08-10 22:26:32.735 11747 11747 D cellinfo: onsignalStrengthsChanged: LTE Signal Strength info: rsrp: -107 rsrq: -17 rssi: -81 rssnr: -2
08-10 22:26:32.837 11747 11794 D cellinfo: 46 bytes from 44.241.174.93: icmp_seq=483 ttl=26 time=72.1 ms
08-10 22:26:33.045 11747 11794 D cellinfo: 46 bytes from 44.241.174.93: icmp_seq=484 ttl=26 time=78.9 ms
08-10 22:26:33.236 11747 11794 D cellinfo: 46 bytes from 44.241.174.93: icmp_seq=485 ttl=26 time=70.0 ms
08-10 22:26:33.445 11747 11794 D cellinfo: 46 bytes from 44.241.174.93: icmp_seq=486 ttl=26 time=78.1 ms
08-10 22:26:33.645 11747 11794 D cellinfo: 46 bytes from 44.241.174.93: icmp_seq=487 ttl=26 time=77.1 ms
08-10 22:26:33.838 11747 11794 D cellinfo: 46 bytes from 44.241.174.93: icmp_seq=488 ttl=26 time=68.3 ms
08-10 22:26:34.012 11747 11747 D cellinfo: onCellInfoChanged: Operator: Verizon Wireless UpdateTimestamp: 26827313 CellConnectionStatus: 1
08-10 22:26:34.012 11747 11747 D cellinfo: onCellInfoChanged: LTE Cell Bands: [13, 66, 66, 2] Bandwidth: 10000 Cell ID: 4007169 Physical Cell ID: 18 Tracking Area Code: 3840 EARFCN: 5230
08-10 22:26:34.045 11747 11794 D cellinfo: 46 bytes from 44.241.174.93: icmp_seq=489 ttl=26 time=76.1 ms
08-10 22:26:34.245 11747 11794 D cellinfo: 46 bytes from 44.241.174.93: icmp_seq=490 ttl=26 time=76.5 ms
08-10 22:26:34.441 11747 11794 D cellinfo: 46 bytes from 44.241.174.93: icmp_seq=491 ttl=26 time=69.9 ms
08-10 22:26:34.579 11747 11747 D cellinfo: Latitude is 40.6567364
08-10 22:26:34.579 11747 11747 D cellinfo: Longitude is -105.1441723
08-10 22:26:34.579 11747 11747 D cellinfo: Instantaneous GPS information: United States, 4451 US-287, Laporte, CO 80535, USA
08-10 22:26:34.579 11747 11747 D cellinfo: getCurrentLocation() result: Location (success): 40.6567364, -105.1441723
08-10 22:26:34.636 11747 11794 D cellinfo: 46 bytes from 44.241.174.93: icmp_seq=492 ttl=26 time=65.7 ms
08-10 22:26:34.837 11747 11794 D cellinfo: 46 bytes from 44.241.174.93: icmp_seq=493 ttl=26 time=65.8 ms
08-10 22:26:35.037 11747 11794 D cellinfo: 46 bytes from 44.241.174.93: icmp_seq=494 ttl=26 time=65.0 ms
08-10 22:26:35.236 11747 11794 D cellinfo: 46 bytes from 44.241.174.93: icmp_seq=495 ttl=26 time=64.4 ms
08-10 22:26:35.437 11747 11794 D cellinfo: 46 bytes from 44.241.174.93: icmp_seq=496 ttl=26 time=65.3 ms
08-10 22:26:35.636 11747 11794 D cellinfo: 46 bytes from 44.241.174.93: icmp_seq=497 ttl=26 time=63.3 ms
08-10 22:26:35.848 11747 11794 D cellinfo: 46 bytes from 44.241.174.93: icmp_seq=498 ttl=26 time=74.5 ms
08-10 22:26:36.047 11747 11794 D cellinfo: 46 bytes from 44.241.174.93: icmp_seq=499 ttl=26 time=73.4 ms
08-10 22:26:36.246 11747 11794 D cellinfo: 46 bytes from 44.241.174.93: icmp_seq=500 ttl=26 time=71.7 ms
08-10 22:26:36.448 11747 11794 D cellinfo: 46 bytes from 44.241.174.93: icmp_seq=501 ttl=26 time=73.0 ms
08-10 22:26:36.647 11747 11794 D cellinfo: 46 bytes from 44.241.174.93: icmp_seq=502 ttl=26 time=70.6 ms
08-10 22:26:36.734 11747 11747 D cellinfo: onsignalStrengthsChanged: LTE Signal Strength info: rsrp: -98 rsrq: -9 rssi: -81 rssnr: -1
08-10 22:26:36.847 11747 11794 D cellinfo: 46 bytes from 44.241.174.93: icmp_seq=503 ttl=26 time=70.2 ms
08-10 22:26:37.047 11747 11794 D cellinfo: 46 bytes from 44.241.174.93: icmp_seq=504 ttl=26 time=69.3 ms
08-10 22:26:37.250 11747 11794 D cellinfo: 46 bytes from 44.241.174.93: icmp_seq=505 ttl=26 time=72.2 ms
08-10 22:26:37.377 11747 11747 D cellinfo: Latitude is 40.6567066
08-10 22:26:37.377 11747 11747 D cellinfo: Longitude is -105.1441383
08-10 22:26:37.377 11747 11747 D cellinfo: Instantaneous GPS information: United States, 4507 CO-14, Laporte, CO 80535, USA
08-10 22:26:37.377 11747 11747 D cellinfo: getCurrentLocation() result: Location (success): 40.6567066, -105.1441383
08-10 22:26:37.382 11747 11747 D cellinfo: onCellInfoChanged: Operator: Verizon Wireless UpdateTimestamp: 26830322 CellConnectionStatus: 1
08-10 22:26:37.382 11747 11747 D cellinfo: onCellInfoChanged: LTE Cell Bands: [13, 66, 66, 2] Bandwidth: 10000 Cell ID: 4007169 Physical Cell ID: 18 Tracking Area Code: 3840 EARFCN: 5230
08-10 22:26:37.453 11747 11794 D cellinfo: 46 bytes from 44.241.174.93: icmp_seq=506 ttl=26 time=74.6 ms
08-10 22:26:37.657 11747 11794 D cellinfo: 46 bytes from 44.241.174.93: icmp_seq=507 ttl=26 time=77.5 ms
08-10 22:26:37.847 11747 11794 D cellinfo: 46 bytes from 44.241.174.93: icmp_seq=508 ttl=26 time=67.4 ms
08-10 22:26:38.047 11747 11794 D cellinfo: 46 bytes from 44.241.174.93: icmp_seq=509 ttl=26 time=66.0 ms
08-10 22:26:38.248 11747 11794 D cellinfo: 46 bytes from 44.241.174.93: icmp_seq=510 ttl=26 time=67.1 ms
08-10 22:26:38.448 11747 11794 D cellinfo: 46 bytes from 44.241.174.93: icmp_seq=511 ttl=26 time=66.1 ms
08-10 22:26:38.646 11747 11794 D cellinfo: 46 bytes from 44.241.174.93: icmp_seq=512 ttl=26 time=63.6 ms
08-10 22:26:38.857 11747 11794 D cellinfo: 46 bytes from 44.241.174.93: icmp_seq=513 ttl=26 time=74.2 ms
08-10 22:26:39.058 11747 11794 D cellinfo: 46 bytes from 44.241.174.93: icmp_seq=514 ttl=26 time=73.3 ms
08-10 22:26:39.258 11747 11794 D cellinfo: 46 bytes from 44.241.174.93: icmp_seq=515 ttl=26 time=74.8 ms
08-10 22:26:39.475 11747 11794 D cellinfo: 46 bytes from 44.241.174.93: icmp_seq=516 ttl=26 time=91.2 ms
08-10 22:26:39.657 11747 11794 D cellinfo: 46 bytes from 44.241.174.93: icmp_seq=517 ttl=26 time=71.8 ms
08-10 22:26:39.866 11747 11794 D cellinfo: 46 bytes from 44.241.174.93: icmp_seq=518 ttl=26 time=79.5 ms
08-10 22:26:40.057 11747 11794 D cellinfo: 46 bytes from 44.241.174.93: icmp_seq=519 ttl=26 time=70.8 ms
08-10 22:26:40.257 11747 11794 D cellinfo: 46 bytes from 44.241.174.93: icmp_seq=520 ttl=26 time=71.1 ms
08-10 22:26:40.434 11747 11747 D cellinfo: Latitude is 40.6562881
08-10 22:26:40.434 11747 11747 D cellinfo: Longitude is -105.1436763
08-10 22:26:40.434 11747 11747 D cellinfo: Instantaneous GPS information: United States, 4451 US-287, Laporte, CO 80535, USA
08-10 22:26:40.434 11747 11747 D cellinfo: getCurrentLocation() result: Location (success): 40.6562881, -105.1436763
08-10 22:26:40.437 11747 11747 D cellinfo: onCellInfoChanged: Operator: Verizon Wireless UpdateTimestamp: 26833329 CellConnectionStatus: 1
08-10 22:26:40.437 11747 11747 D cellinfo: onCellInfoChanged: LTE Cell Bands: [13, 66, 66, 2] Bandwidth: 10000 Cell ID: 4007169 Physical Cell ID: 18 Tracking Area Code: 3840 EARFCN: 5230
08-10 22:26:40.457 11747 11794 D cellinfo: 46 bytes from 44.241.174.93: icmp_seq=521 ttl=26 time=70.0 ms
08-10 22:26:40.657 11747 11794 D cellinfo: 46 bytes from 44.241.174.93: icmp_seq=522 ttl=26 time=68.9 ms
08-10 22:26:40.733 11747 11747 D cellinfo: onsignalStrengthsChanged: LTE Signal Strength info: rsrp: -111 rsrq: -12 rssi: -89 rssnr: -3
08-10 22:26:40.857 11747 11794 D cellinfo: 46 bytes from 44.241.174.93: icmp_seq=523 ttl=26 time=68.4 ms
08-10 22:26:41.057 11747 11794 D cellinfo: 46 bytes from 44.241.174.93: icmp_seq=524 ttl=26 time=67.1 ms
08-10 22:26:41.265 11747 11794 D cellinfo: 46 bytes from 44.241.174.93: icmp_seq=525 ttl=26 time=75.3 ms
08-10 22:26:41.465 11747 11794 D cellinfo: 46 bytes from 44.241.174.93: icmp_seq=526 ttl=26 time=74.5 ms
08-10 22:26:41.666 11747 11794 D cellinfo: 46 bytes from 44.241.174.93: icmp_seq=527 ttl=26 time=75.0 ms
08-10 22:26:41.864 11747 11794 D cellinfo: 46 bytes from 44.241.174.93: icmp_seq=528 ttl=26 time=72.1 ms
08-10 22:26:42.076 11747 11794 D cellinfo: 46 bytes from 44.241.174.93: icmp_seq=529 ttl=26 time=82.0 ms
08-10 22:26:42.268 11747 11794 D cellinfo: 46 bytes from 44.241.174.93: icmp_seq=530 ttl=26 time=74.7 ms
08-10 22:26:42.466 11747 11794 D cellinfo: 46 bytes from 44.241.174.93: icmp_seq=531 ttl=26 time=72.3 ms
08-10 22:26:42.667 11747 11794 D cellinfo: 46 bytes from 44.241.174.93: icmp_seq=532 ttl=26 time=71.3 ms
08-10 22:26:42.868 11747 11794 D cellinfo: 46 bytes from 44.241.174.93: icmp_seq=533 ttl=26 time=72.5 ms
08-10 22:26:43.078 11747 11794 D cellinfo: 46 bytes from 44.241.174.93: icmp_seq=534 ttl=26 time=82.4 ms
08-10 22:26:43.271 11747 11794 D cellinfo: 46 bytes from 44.241.174.93: icmp_seq=535 ttl=26 time=74.1 ms
08-10 22:26:43.396 11747 11747 D cellinfo: Latitude is 40.6561447
08-10 22:26:43.396 11747 11747 D cellinfo: Longitude is -105.1435288
08-10 22:26:43.396 11747 11747 D cellinfo: Instantaneous GPS information: United States, 4451 US-287, Laporte, CO 80535, USA
08-10 22:26:43.396 11747 11747 D cellinfo: getCurrentLocation() result: Location (success): 40.6561447, -105.1435288
08-10 22:26:43.399 11747 11747 D cellinfo: onCellInfoChanged: Operator: Verizon Wireless UpdateTimestamp: 26836326 CellConnectionStatus: 1
08-10 22:26:43.399 11747 11747 D cellinfo: onCellInfoChanged: LTE Cell Bands: [13, 66, 66, 2] Bandwidth: 10000 Cell ID: 4007169 Physical Cell ID: 18 Tracking Area Code: 3840 EARFCN: 5230
08-10 22:26:43.472 11747 11794 D cellinfo: 46 bytes from 44.241.174.93: icmp_seq=536 ttl=26 time=75.1 ms
08-10 22:26:43.670 11747 11794 D cellinfo: 46 bytes from 44.241.174.93: icmp_seq=537 ttl=26 time=72.3 ms
08-10 22:26:43.875 11747 11794 D cellinfo: 46 bytes from 44.241.174.93: icmp_seq=538 ttl=26 time=76.3 ms
08-10 22:26:44.073 11747 11794 D cellinfo: 46 bytes from 44.241.174.93: icmp_seq=539 ttl=26 time=73.6 ms
08-10 22:26:44.267 11747 11794 D cellinfo: 46 bytes from 44.241.174.93: icmp_seq=540 ttl=26 time=68.0 ms
08-10 22:26:44.468 11747 11794 D cellinfo: 46 bytes from 44.241.174.93: icmp_seq=541 ttl=26 time=67.6 ms
08-10 22:26:44.667 11747 11794 D cellinfo: 46 bytes from 44.241.174.93: icmp_seq=542 ttl=26 time=66.5 ms
08-10 22:26:44.867 11747 11794 D cellinfo: 46 bytes from 44.241.174.93: icmp_seq=543 ttl=26 time=66.0 ms
08-10 22:26:45.068 11747 11794 D cellinfo: 46 bytes from 44.241.174.93: icmp_seq=544 ttl=26 time=65.4 ms
08-10 22:26:45.293 11747 11794 D cellinfo: 46 bytes from 44.241.174.93: icmp_seq=545 ttl=26 time=89.7 ms
08-10 22:26:45.479 11747 11794 D cellinfo: 46 bytes from 44.241.174.93: icmp_seq=546 ttl=26 time=75.2 ms
08-10 22:26:45.678 11747 11794 D cellinfo: 46 bytes from 44.241.174.93: icmp_seq=547 ttl=26 time=74.0 ms
08-10 22:26:45.736 11747 11747 D cellinfo: onsignalStrengthsChanged: LTE Signal Strength info: rsrp: -101 rsrq: -11 rssi: -83 rssnr: 1
08-10 22:26:45.886 11747 11794 D cellinfo: 46 bytes from 44.241.174.93: icmp_seq=548 ttl=26 time=81.0 ms
08-10 22:26:46.013 11747 11747 D cellinfo: onCellInfoChanged: Operator: Verizon Wireless UpdateTimestamp: 26839312 CellConnectionStatus: 1
08-10 22:26:46.013 11747 11747 D cellinfo: onCellInfoChanged: LTE Cell Bands: [13, 66, 66, 2] Bandwidth: 10000 Cell ID: 4007169 Physical Cell ID: 18 Tracking Area Code: 3840 EARFCN: 5230
08-10 22:26:46.077 11747 11794 D cellinfo: 46 bytes from 44.241.174.93: icmp_seq=549 ttl=26 time=71.5 ms
08-10 22:26:46.265 11747 11794 D cellinfo: 46 bytes from 44.241.174.93: icmp_seq=550 ttl=26 time=58.2 ms
08-10 22:26:46.478 11747 11794 D cellinfo: 46 bytes from 44.241.174.93: icmp_seq=551 ttl=26 time=69.5 ms
08-10 22:26:46.615 11747 11747 D cellinfo: Latitude is 40.6537552
08-10 22:26:46.615 11747 11747 D cellinfo: Longitude is -105.142271
08-10 22:26:46.615 11747 11747 D cellinfo: Instantaneous GPS information: United States, 4266-4432 CO-14, Laporte, CO 80535, USA
08-10 22:26:46.615 11747 11747 D cellinfo: getCurrentLocation() result: Location (success): 40.6537552, -105.142271
08-10 22:26:46.683 11747 11794 D cellinfo: 46 bytes from 44.241.174.93: icmp_seq=552 ttl=26 time=74.1 ms
08-10 22:26:46.878 11747 11794 D cellinfo: 46 bytes from 44.241.174.93: icmp_seq=553 ttl=26 time=68.5 ms
08-10 22:26:47.089 11747 11794 D cellinfo: 46 bytes from 44.241.174.93: icmp_seq=554 ttl=26 time=78.3 ms
08-10 22:26:47.277 11747 11794 D cellinfo: 46 bytes from 44.241.174.93: icmp_seq=555 ttl=26 time=65.6 ms
08-10 22:26:47.477 11747 11794 D cellinfo: 46 bytes from 44.241.174.93: icmp_seq=556 ttl=26 time=65.0 ms
08-10 22:26:47.677 11747 11794 D cellinfo: 46 bytes from 44.241.174.93: icmp_seq=557 ttl=26 time=64.2 ms
08-10 22:26:47.887 11747 11794 D cellinfo: 46 bytes from 44.241.174.93: icmp_seq=558 ttl=26 time=73.2 ms
08-10 22:26:48.087 11747 11794 D cellinfo: 46 bytes from 44.241.174.93: icmp_seq=559 ttl=26 time=72.1 ms
08-10 22:26:48.288 11747 11794 D cellinfo: 46 bytes from 44.241.174.93: icmp_seq=560 ttl=26 time=71.8 ms
08-10 22:26:48.487 11747 11794 D cellinfo: 46 bytes from 44.241.174.93: icmp_seq=561 ttl=26 time=70.7 ms
08-10 22:26:48.705 11747 11794 D cellinfo: 46 bytes from 44.241.174.93: icmp_seq=562 ttl=26 time=88.0 ms
08-10 22:26:48.888 11747 11794 D cellinfo: 46 bytes from 44.241.174.93: icmp_seq=563 ttl=26 time=69.6 ms
08-10 22:26:48.995 11747 11747 D cellinfo: Latitude is 40.6537552
08-10 22:26:48.995 11747 11747 D cellinfo: Longitude is -105.142271
08-10 22:26:48.995 11747 11747 D cellinfo: Instantaneous GPS information: United States, 4266-4432 CO-14, Laporte, CO 80535, USA
08-10 22:26:48.995 11747 11747 D cellinfo: getCurrentLocation() result: Location (success): 40.6537552, -105.142271
08-10 22:26:49.037 11747 11747 D cellinfo: onCellInfoChanged: Operator: Verizon Wireless UpdateTimestamp: 26842338 CellConnectionStatus: 1
08-10 22:26:49.037 11747 11747 D cellinfo: onCellInfoChanged: LTE Cell Bands: [13, 66, 66, 2] Bandwidth: 10000 Cell ID: 4007169 Physical Cell ID: 18 Tracking Area Code: 3840 EARFCN: 5230
08-10 22:26:49.098 11747 11794 D cellinfo: 46 bytes from 44.241.174.93: icmp_seq=564 ttl=26 time=79.2 ms
08-10 22:26:49.288 11747 11794 D cellinfo: 46 bytes from 44.241.174.93: icmp_seq=565 ttl=26 time=68.2 ms
08-10 22:26:49.488 11747 11794 D cellinfo: 46 bytes from 44.241.174.93: icmp_seq=566 ttl=26 time=67.2 ms
08-10 22:26:49.695 11747 11794 D cellinfo: 46 bytes from 44.241.174.93: icmp_seq=567 ttl=26 time=73.2 ms
08-10 22:26:49.887 11747 11794 D cellinfo: 46 bytes from 44.241.174.93: icmp_seq=568 ttl=26 time=64.2 ms
08-10 22:26:50.096 11747 11794 D cellinfo: 46 bytes from 44.241.174.93: icmp_seq=569 ttl=26 time=72.3 ms
08-10 22:26:50.304 11747 11794 D cellinfo: 46 bytes from 44.241.174.93: icmp_seq=570 ttl=26 time=78.8 ms
08-10 22:26:50.545 11747 11794 D cellinfo: 46 bytes from 44.241.174.93: icmp_seq=571 ttl=26 time=118 ms
08-10 22:26:50.697 11747 11794 D cellinfo: 46 bytes from 44.241.174.93: icmp_seq=572 ttl=26 time=70.1 ms
08-10 22:26:50.736 11747 11747 D cellinfo: onsignalStrengthsChanged: LTE Signal Strength info: rsrp: -111 rsrq: -17 rssi: -85 rssnr: -2
08-10 22:26:50.898 11747 11794 D cellinfo: 46 bytes from 44.241.174.93: icmp_seq=573 ttl=26 time=70.2 ms
08-10 22:26:51.097 11747 11794 D cellinfo: 46 bytes from 44.241.174.93: icmp_seq=574 ttl=26 time=68.9 ms
08-10 22:26:51.297 11747 11794 D cellinfo: 46 bytes from 44.241.174.93: icmp_seq=575 ttl=26 time=68.4 ms
08-10 22:26:51.497 11747 11794 D cellinfo: 46 bytes from 44.241.174.93: icmp_seq=576 ttl=26 time=67.6 ms
08-10 22:26:51.704 11747 11794 D cellinfo: 46 bytes from 44.241.174.93: icmp_seq=577 ttl=26 time=73.9 ms
08-10 22:26:51.905 11747 11794 D cellinfo: 46 bytes from 44.241.174.93: icmp_seq=578 ttl=26 time=74.1 ms
08-10 22:26:52.098 11747 11794 D cellinfo: 46 bytes from 44.241.174.93: icmp_seq=579 ttl=26 time=65.7 ms
08-10 22:26:52.304 11747 11794 D cellinfo: 46 bytes from 44.241.174.93: icmp_seq=580 ttl=26 time=70.8 ms
08-10 22:26:52.422 11747 11747 D cellinfo: Latitude is 40.6531468
08-10 22:26:52.422 11747 11747 D cellinfo: Longitude is -105.1420963
08-10 22:26:52.422 11747 11747 D cellinfo: Instantaneous GPS information: United States, 4266-4432 CO-14, Laporte, CO 80535, USA
08-10 22:26:52.422 11747 11747 D cellinfo: getCurrentLocation() result: Location (success): 40.6531468, -105.1420963
08-10 22:26:52.427 11747 11747 D cellinfo: onCellInfoChanged: Operator: Verizon Wireless UpdateTimestamp: 26845324 CellConnectionStatus: 1
08-10 22:26:52.427 11747 11747 D cellinfo: onCellInfoChanged: LTE Cell Bands: [13, 66, 66, 2] Bandwidth: 10000 Cell ID: 4007169 Physical Cell ID: 18 Tracking Area Code: 3840 EARFCN: 5230
08-10 22:26:52.497 11747 11794 D cellinfo: 46 bytes from 44.241.174.93: icmp_seq=581 ttl=26 time=64.0 ms
08-10 22:26:52.732 11747 11794 D cellinfo: 46 bytes from 44.241.174.93: icmp_seq=582 ttl=26 time=97.9 ms
08-10 22:26:52.916 11747 11794 D cellinfo: 46 bytes from 44.241.174.93: icmp_seq=583 ttl=26 time=81.5 ms
08-10 22:26:53.107 11747 11794 D cellinfo: 46 bytes from 44.241.174.93: icmp_seq=584 ttl=26 time=71.1 ms
08-10 22:26:53.315 11747 11794 D cellinfo: 46 bytes from 44.241.174.93: icmp_seq=585 ttl=26 time=78.1 ms
08-10 22:26:53.524 11747 11794 D cellinfo: 46 bytes from 44.241.174.93: icmp_seq=586 ttl=26 time=85.4 ms
08-10 22:26:53.724 11747 11794 D cellinfo: 46 bytes from 44.241.174.93: icmp_seq=587 ttl=26 time=84.9 ms
08-10 22:26:53.909 11747 11794 D cellinfo: 46 bytes from 44.241.174.93: icmp_seq=588 ttl=26 time=69.9 ms
08-10 22:26:54.107 11747 11794 D cellinfo: 46 bytes from 44.241.174.93: icmp_seq=589 ttl=26 time=65.8 ms
08-10 22:26:54.308 11747 11794 D cellinfo: 46 bytes from 44.241.174.93: icmp_seq=590 ttl=26 time=65.9 ms
08-10 22:26:54.541 11747 11794 D cellinfo: 46 bytes from 44.241.174.93: icmp_seq=591 ttl=26 time=98.3 ms
08-10 22:26:54.709 11747 11794 D cellinfo: 46 bytes from 44.241.174.93: icmp_seq=592 ttl=26 time=65.2 ms
08-10 22:26:54.742 11747 11747 D cellinfo: onsignalStrengthsChanged: LTE Signal Strength info: rsrp: -113 rsrq: -16 rssi: -89 rssnr: -5
08-10 22:26:54.917 11747 11794 D cellinfo: 46 bytes from 44.241.174.93: icmp_seq=593 ttl=26 time=73.1 ms
08-10 22:26:55.134 11747 11794 D cellinfo: 46 bytes from 44.241.174.93: icmp_seq=594 ttl=26 time=89.0 ms
08-10 22:26:55.326 11747 11794 D cellinfo: 46 bytes from 44.241.174.93: icmp_seq=595 ttl=26 time=79.6 ms
08-10 22:26:55.411 11747 11747 D cellinfo: Latitude is 40.6528629
08-10 22:26:55.411 11747 11747 D cellinfo: Longitude is -105.1420579
08-10 22:26:55.411 11747 11747 D cellinfo: Instantaneous GPS information: United States, 4266-4432 CO-14, Laporte, CO 80535, USA
08-10 22:26:55.411 11747 11747 D cellinfo: getCurrentLocation() result: Location (success): 40.6528629, -105.1420579
08-10 22:26:55.414 11747 11747 D cellinfo: onCellInfoChanged: Operator: Verizon Wireless UpdateTimestamp: 26848321 CellConnectionStatus: 1
08-10 22:26:55.414 11747 11747 D cellinfo: onCellInfoChanged: LTE Cell Bands: [13, 66, 66, 2] Bandwidth: 10000 Cell ID: 4007169 Physical Cell ID: 18 Tracking Area Code: 3840 EARFCN: 5230
08-10 22:26:55.543 11747 11794 D cellinfo: 46 bytes from 44.241.174.93: icmp_seq=596 ttl=26 time=96.3 ms
08-10 22:26:55.725 11747 11794 D cellinfo: 46 bytes from 44.241.174.93: icmp_seq=597 ttl=26 time=77.1 ms
08-10 22:26:55.925 11747 11794 D cellinfo: 46 bytes from 44.241.174.93: icmp_seq=598 ttl=26 time=76.2 ms
08-10 22:26:56.125 11747 11794 D cellinfo: 46 bytes from 44.241.174.93: icmp_seq=599 ttl=26 time=75.2 ms
08-10 22:26:56.317 11747 11794 D cellinfo: 46 bytes from 44.241.174.93: icmp_seq=600 ttl=26 time=66.5 ms
08-10 22:26:56.525 11747 11794 D cellinfo: 46 bytes from 44.241.174.93: icmp_seq=601 ttl=26 time=73.6 ms
08-10 22:26:56.726 11747 11794 D cellinfo: 46 bytes from 44.241.174.93: icmp_seq=602 ttl=26 time=73.9 ms
08-10 22:26:56.937 11747 11794 D cellinfo: 46 bytes from 44.241.174.93: icmp_seq=603 ttl=26 time=83.4 ms
08-10 22:26:57.152 11747 11794 D cellinfo: 46 bytes from 44.241.174.93: icmp_seq=604 ttl=26 time=96.8 ms
08-10 22:26:57.342 11747 11794 D cellinfo: 46 bytes from 44.241.174.93: icmp_seq=605 ttl=26 time=87.1 ms
08-10 22:26:57.545 11747 11794 D cellinfo: 46 bytes from 44.241.174.93: icmp_seq=606 ttl=26 time=88.6 ms
08-10 22:26:57.736 11747 11794 D cellinfo: 46 bytes from 44.241.174.93: icmp_seq=607 ttl=26 time=79.9 ms
08-10 22:26:57.928 11747 11794 D cellinfo: 46 bytes from 44.241.174.93: icmp_seq=608 ttl=26 time=70.1 ms
08-10 22:26:58.024 11747 11747 D cellinfo: onCellInfoChanged: Operator: Verizon Wireless UpdateTimestamp: 26851325 CellConnectionStatus: 1
08-10 22:26:58.024 11747 11747 D cellinfo: onCellInfoChanged: LTE Cell Bands: [13, 66, 66, 2] Bandwidth: 10000 Cell ID: 4007169 Physical Cell ID: 18 Tracking Area Code: 3840 EARFCN: 5230
08-10 22:26:58.125 11747 11794 D cellinfo: 46 bytes from 44.241.174.93: icmp_seq=609 ttl=26 time=66.7 ms
08-10 22:26:58.325 11747 11794 D cellinfo: 46 bytes from 44.241.174.93: icmp_seq=610 ttl=26 time=66.3 ms
08-10 22:26:58.528 11747 11794 D cellinfo: 46 bytes from 44.241.174.93: icmp_seq=611 ttl=26 time=68.5 ms
08-10 22:26:58.727 11747 11794 D cellinfo: 46 bytes from 44.241.174.93: icmp_seq=612 ttl=26 time=66.4 ms
08-10 22:26:58.927 11747 11794 D cellinfo: 46 bytes from 44.241.174.93: icmp_seq=613 ttl=26 time=65.1 ms
08-10 22:26:59.127 11747 11794 D cellinfo: 46 bytes from 44.241.174.93: icmp_seq=614 ttl=26 time=64.3 ms
08-10 22:26:59.335 11747 11794 D cellinfo: 46 bytes from 44.241.174.93: icmp_seq=615 ttl=26 time=70.0 ms
08-10 22:26:59.546 11747 11794 D cellinfo: 46 bytes from 44.241.174.93: icmp_seq=616 ttl=26 time=81.4 ms
08-10 22:26:59.576 11747 11747 D cellinfo: Latitude is 40.6503681
08-10 22:26:59.576 11747 11747 D cellinfo: Longitude is -105.1409855
08-10 22:26:59.576 11747 11747 D cellinfo: Instantaneous GPS information: United States, 4226-4264 US-287, Laporte, CO 80535, USA
08-10 22:26:59.577 11747 11747 D cellinfo: getCurrentLocation() result: Location (success): 40.6503681, -105.1409855
08-10 22:26:59.738 11747 11794 D cellinfo: 46 bytes from 44.241.174.93: icmp_seq=617 ttl=26 time=72.7 ms
08-10 22:26:59.937 11747 11794 D cellinfo: 46 bytes from 44.241.174.93: icmp_seq=618 ttl=26 time=72.2 ms
08-10 22:27:00.138 11747 11794 D cellinfo: 46 bytes from 44.241.174.93: icmp_seq=619 ttl=26 time=71.3 ms
