08-10 22:29:06.041 11747 11794 D cellinfo: 46 bytes from 44.241.174.93: icmp_seq=1246 ttl=26 time=82.0 ms
08-10 22:29:06.203 11747 11747 D cellinfo: onServiceStateChanged: Channel Number: 5230 Cell Bandwidths: [10000, 10000, 10000, 5000]
08-10 22:29:06.265 11747 11747 D cellinfo: onServiceStateChanged: Channel Number: 5230 Cell Bandwidths: [10000, 10000, 10000, 5000]
08-10 22:29:06.274 11747 11794 D cellinfo: 46 bytes from 44.241.174.93: icmp_seq=1247 ttl=26 time=115 ms
08-10 22:29:06.442 11747 11794 D cellinfo: 46 bytes from 44.241.174.93: icmp_seq=1248 ttl=26 time=82.9 ms
08-10 22:29:06.695 11747 11794 D cellinfo: 46 bytes from 44.241.174.93: icmp_seq=1249 ttl=26 time=134 ms
08-10 22:29:06.834 11747 11794 D cellinfo: 46 bytes from 44.241.174.93: icmp_seq=1250 ttl=26 time=73.8 ms
08-10 22:29:07.043 11747 11794 D cellinfo: 46 bytes from 44.241.174.93: icmp_seq=1251 ttl=26 time=81.8 ms
08-10 22:29:07.228 11747 11794 D cellinfo: 46 bytes from 44.241.174.93: icmp_seq=1252 ttl=26 time=66.3 ms
08-10 22:29:07.392 11747 11747 D cellinfo: Latitude is 40.6289039
08-10 22:29:07.392 11747 11747 D cellinfo: Longitude is -105.109234
08-10 22:29:07.392 11747 11747 D cellinfo: Instantaneous GPS information: United States, 3220 N 19, Fort Collins, CO 80524, USA
08-10 22:29:07.392 11747 11747 D cellinfo: getCurrentLocation() result: Location (success): 40.6289039, -105.109234
08-10 22:29:07.395 11747 11747 D cellinfo: onCellInfoChanged: Operator: Verizon Wireless UpdateTimestamp: 26980325 CellConnectionStatus: 1
08-10 22:29:07.395 11747 11747 D cellinfo: onCellInfoChanged: LTE Cell Bands: [13, 66, 66, 2] Bandwidth: 10000 Cell ID: 3891969 Physical Cell ID: 174 Tracking Area Code: 3840 EARFCN: 5230
08-10 22:29:07.434 11747 11794 D cellinfo: 46 bytes from 44.241.174.93: icmp_seq=1253 ttl=26 time=72.5 ms
08-10 22:29:07.641 11747 11794 D cellinfo: 46 bytes from 44.241.174.93: icmp_seq=1254 ttl=26 time=78.1 ms
08-10 22:29:07.835 11747 11794 D cellinfo: 46 bytes from 44.241.174.93: icmp_seq=1255 ttl=26 time=71.4 ms
08-10 22:29:08.051 11747 11794 D cellinfo: 46 bytes from 44.241.174.93: icmp_seq=1256 ttl=26 time=86.4 ms
08-10 22:29:08.305 11747 11794 D cellinfo: 46 bytes from 44.241.174.93: icmp_seq=1257 ttl=26 time=140 ms
08-10 22:29:08.381 11747 11747 D cellinfo: onServiceStateChanged: Channel Number: 5230 Cell Bandwidths: [10000, 5000, 10000]
08-10 22:29:08.438 11747 11794 D cellinfo: 46 bytes from 44.241.174.93: icmp_seq=1258 ttl=26 time=73.1 ms
08-10 22:29:08.632 11747 11794 D cellinfo: 46 bytes from 44.241.174.93: icmp_seq=1259 ttl=26 time=66.1 ms
08-10 22:29:08.834 11747 11794 D cellinfo: 46 bytes from 44.241.174.93: icmp_seq=1260 ttl=26 time=66.3 ms
08-10 22:29:09.043 11747 11794 D cellinfo: 46 bytes from 44.241.174.93: icmp_seq=1261 ttl=26 time=74.3 ms
08-10 22:29:09.244 11747 11794 D cellinfo: 46 bytes from 44.241.174.93: icmp_seq=1262 ttl=26 time=75.4 ms
08-10 22:29:09.335 11747 11747 D cellinfo: onsignalStrengthsChanged: LTE Signal Strength info: rsrp: -95 rsrq: -11 rssi: -77 rssnr: 1
08-10 22:29:09.445 11747 11794 D cellinfo: 46 bytes from 44.241.174.93: icmp_seq=1263 ttl=26 time=75.3 ms
08-10 22:29:09.656 11747 11794 D cellinfo: 46 bytes from 44.241.174.93: icmp_seq=1264 ttl=26 time=85.5 ms
08-10 22:29:09.845 11747 11794 D cellinfo: 46 bytes from 44.241.174.93: icmp_seq=1265 ttl=26 time=73.3 ms
08-10 22:29:10.051 11747 11794 D cellinfo: 46 bytes from 44.241.174.93: icmp_seq=1266 ttl=26 time=79.0 ms
08-10 22:29:10.242 11747 11794 D cellinfo: 46 bytes from 44.241.174.93: icmp_seq=1267 ttl=26 time=69.3 ms
08-10 22:29:10.413 11747 11747 D cellinfo: Latitude is 40.6287754
08-10 22:29:10.413 11747 11747 D cellinfo: Longitude is -105.1090817
08-10 22:29:10.413 11747 11747 D cellinfo: Instantaneous GPS information: United States, 1800 US-287, Fort Collins, CO 80524, USA
08-10 22:29:10.413 11747 11747 D cellinfo: getCurrentLocation() result: Location (success): 40.6287754, -105.1090817
08-10 22:29:10.417 11747 11747 D cellinfo: onCellInfoChanged: Operator: Verizon Wireless UpdateTimestamp: 26983322 CellConnectionStatus: 1
08-10 22:29:10.417 11747 11747 D cellinfo: onCellInfoChanged: LTE Cell Bands: [13, 2, 4] Bandwidth: 10000 Cell ID: 3966465 Physical Cell ID: 63 Tracking Area Code: 3840 EARFCN: 5230
08-10 22:29:10.443 11747 11794 D cellinfo: 46 bytes from 44.241.174.93: icmp_seq=1268 ttl=26 time=69.4 ms
08-10 22:29:10.650 11747 11794 D cellinfo: 46 bytes from 44.241.174.93: icmp_seq=1269 ttl=26 time=76.6 ms
08-10 22:29:10.843 11747 11794 D cellinfo: 46 bytes from 44.241.174.93: icmp_seq=1270 ttl=26 time=67.4 ms
08-10 22:29:11.069 11747 11794 D cellinfo: 46 bytes from 44.241.174.93: icmp_seq=1271 ttl=26 time=93.1 ms
08-10 22:29:11.276 11747 11794 D cellinfo: 46 bytes from 44.241.174.93: icmp_seq=1272 ttl=26 time=100 ms
08-10 22:29:11.466 11747 11794 D cellinfo: 46 bytes from 44.241.174.93: icmp_seq=1273 ttl=26 time=89.2 ms
08-10 22:29:11.684 11747 11794 D cellinfo: 46 bytes from 44.241.174.93: icmp_seq=1274 ttl=26 time=105 ms
08-10 22:29:11.863 11747 11794 D cellinfo: 46 bytes from 44.241.174.93: icmp_seq=1275 ttl=26 time=81.8 ms
08-10 22:29:12.053 11747 11794 D cellinfo: 46 bytes from 44.241.174.93: icmp_seq=1276 ttl=26 time=71.3 ms
08-10 22:29:12.251 11747 11794 D cellinfo: 46 bytes from 44.241.174.93: icmp_seq=1277 ttl=26 time=70.6 ms
08-10 22:29:12.453 11747 11794 D cellinfo: 46 bytes from 44.241.174.93: icmp_seq=1278 ttl=26 time=71.4 ms
08-10 22:29:12.679 11747 11794 D cellinfo: 46 bytes from 44.241.174.93: icmp_seq=1279 ttl=26 time=98.0 ms
08-10 22:29:12.853 11747 11794 D cellinfo: 46 bytes from 44.241.174.93: icmp_seq=1280 ttl=26 time=70.4 ms
08-10 22:29:13.021 11747 11747 D cellinfo: onCellInfoChanged: Operator: Verizon Wireless UpdateTimestamp: 26986321 CellConnectionStatus: 1
08-10 22:29:13.021 11747 11747 D cellinfo: onCellInfoChanged: LTE Cell Bands: [13, 2, 4] Bandwidth: 10000 Cell ID: 3966465 Physical Cell ID: 63 Tracking Area Code: 3840 EARFCN: 5230
08-10 22:29:13.052 11747 11794 D cellinfo: 46 bytes from 44.241.174.93: icmp_seq=1281 ttl=26 time=69.9 ms
08-10 22:29:13.246 11747 11794 D cellinfo: 46 bytes from 44.241.174.93: icmp_seq=1282 ttl=26 time=63.5 ms
08-10 22:29:13.453 11747 11794 D cellinfo: 46 bytes from 44.241.174.93: icmp_seq=1283 ttl=26 time=70.2 ms
08-10 22:29:13.546 11747 11747 D cellinfo: Latitude is 40.627739
08-10 22:29:13.546 11747 11747 D cellinfo: Longitude is -105.1081705
08-10 22:29:13.546 11747 11747 D cellinfo: Instantaneous GPS information: United States, 1800 US-287, Fort Collins, CO 80524, USA
08-10 22:29:13.546 11747 11747 D cellinfo: getCurrentLocation() result: Location (success): 40.627739, -105.1081705
08-10 22:29:13.554 11747 11747 D cellinfo: onsignalStrengthsChanged: LTE Signal Strength info: rsrp: -99 rsrq: -11 rssi: -79 rssnr: 0
08-10 22:29:13.652 11747 11794 D cellinfo: 46 bytes from 44.241.174.93: icmp_seq=1284 ttl=26 time=69.3 ms
08-10 22:29:13.853 11747 11794 D cellinfo: 46 bytes from 44.241.174.93: icmp_seq=1285 ttl=26 time=69.2 ms
08-10 22:29:14.074 11747 11794 D cellinfo: 46 bytes from 44.241.174.93: icmp_seq=1286 ttl=26 time=89.5 ms
08-10 22:29:14.252 11747 11794 D cellinfo: 46 bytes from 44.241.174.93: icmp_seq=1287 ttl=26 time=68.4 ms
08-10 22:29:14.453 11747 11794 D cellinfo: 46 bytes from 44.241.174.93: icmp_seq=1288 ttl=26 time=67.0 ms
08-10 22:29:14.665 11747 11794 D cellinfo: 46 bytes from 44.241.174.93: icmp_seq=1289 ttl=26 time=78.5 ms
08-10 22:29:15.029 11747 11794 D cellinfo: 46 bytes from 44.241.174.93: icmp_seq=1290 ttl=26 time=241 ms
08-10 22:29:15.080 11747 11794 D cellinfo: 46 bytes from 44.241.174.93: icmp_seq=1291 ttl=26 time=92.0 ms
08-10 22:29:15.101 11747 11747 D cellinfo: onServiceStateChanged: Channel Number: 5230 Cell Bandwidths: [10000, 10000, 5000]
08-10 22:29:15.260 11747 11794 D cellinfo: 46 bytes from 44.241.174.93: icmp_seq=1292 ttl=26 time=71.6 ms
08-10 22:29:15.461 11747 11794 D cellinfo: 46 bytes from 44.241.174.93: icmp_seq=1293 ttl=26 time=72.1 ms
08-10 22:29:15.675 11747 11794 D cellinfo: 46 bytes from 44.241.174.93: icmp_seq=1294 ttl=26 time=85.3 ms
08-10 22:29:15.869 11747 11794 D cellinfo: 46 bytes from 44.241.174.93: icmp_seq=1295 ttl=26 time=78.6 ms
08-10 22:29:15.985 11747 11747 D cellinfo: Latitude is 40.627739
08-10 22:29:15.985 11747 11747 D cellinfo: Longitude is -105.1081705
08-10 22:29:15.985 11747 11747 D cellinfo: Instantaneous GPS information: United States, 1800 US-287, Fort Collins, CO 80524, USA
08-10 22:29:15.985 11747 11747 D cellinfo: getCurrentLocation() result: Location (success): 40.627739, -105.1081705
08-10 22:29:16.030 11747 11747 D cellinfo: onCellInfoChanged: Operator: Verizon Wireless UpdateTimestamp: 26989332 CellConnectionStatus: 1
08-10 22:29:16.030 11747 11747 D cellinfo: onCellInfoChanged: LTE Cell Bands: [13, 4, 2] Bandwidth: 10000 Cell ID: 3987714 Physical Cell ID: 13 Tracking Area Code: 3840 EARFCN: 5230
08-10 22:29:16.075 11747 11794 D cellinfo: 46 bytes from 44.241.174.93: icmp_seq=1296 ttl=26 time=84.9 ms
08-10 22:29:16.258 11747 11794 D cellinfo: 46 bytes from 44.241.174.93: icmp_seq=1297 ttl=26 time=68.5 ms
08-10 22:29:16.475 11747 11794 D cellinfo: 46 bytes from 44.241.174.93: icmp_seq=1298 ttl=26 time=85.1 ms
08-10 22:29:16.673 11747 11794 D cellinfo: 46 bytes from 44.241.174.93: icmp_seq=1299 ttl=26 time=82.6 ms
08-10 22:29:16.869 11747 11794 D cellinfo: 46 bytes from 44.241.174.93: icmp_seq=1300 ttl=26 time=77.1 ms
08-10 22:29:17.064 11747 11794 D cellinfo: 46 bytes from 44.241.174.93: icmp_seq=1301 ttl=26 time=72.4 ms
08-10 22:29:17.269 11747 11794 D cellinfo: 46 bytes from 44.241.174.93: icmp_seq=1302 ttl=26 time=76.6 ms
08-10 22:29:17.459 11747 11794 D cellinfo: 46 bytes from 44.241.174.93: icmp_seq=1303 ttl=26 time=66.3 ms
08-10 22:29:17.682 11747 11794 D cellinfo: 46 bytes from 44.241.174.93: icmp_seq=1304 ttl=26 time=88.2 ms
08-10 22:29:17.936 11747 11794 D cellinfo: 46 bytes from 44.241.174.93: icmp_seq=1305 ttl=26 time=140 ms
08-10 22:29:18.038 11747 11747 D cellinfo: onServiceStateChanged: Channel Number: 5230 Cell Bandwidths: [10000, 10000, 5000]
08-10 22:29:18.065 11747 11794 D cellinfo: 46 bytes from 44.241.174.93: icmp_seq=1306 ttl=26 time=69.7 ms
08-10 22:29:18.265 11747 11794 D cellinfo: 46 bytes from 44.241.174.93: icmp_seq=1307 ttl=26 time=69.3 ms
08-10 22:29:18.467 11747 11794 D cellinfo: 46 bytes from 44.241.174.93: icmp_seq=1308 ttl=26 time=70.7 ms
08-10 22:29:18.676 11747 11794 D cellinfo: 46 bytes from 44.241.174.93: icmp_seq=1309 ttl=26 time=79.0 ms
08-10 22:29:18.866 11747 11794 D cellinfo: 46 bytes from 44.241.174.93: icmp_seq=1310 ttl=26 time=68.0 ms
08-10 22:29:18.978 11747 11747 D cellinfo: onsignalStrengthsChanged: LTE Signal Strength info: rsrp: -100 rsrq: -15 rssi: -77 rssnr: 3
08-10 22:29:19.082 11747 11794 D cellinfo: 46 bytes from 44.241.174.93: icmp_seq=1311 ttl=26 time=83.1 ms
08-10 22:29:19.276 11747 11794 D cellinfo: 46 bytes from 44.241.174.93: icmp_seq=1312 ttl=26 time=76.5 ms
08-10 22:29:19.405 11747 11747 D cellinfo: Latitude is 40.6273935
08-10 22:29:19.405 11747 11747 D cellinfo: Longitude is -105.1079178
08-10 22:29:19.405 11747 11747 D cellinfo: Instantaneous GPS information: United States, 70 US-287, Fort Collins, CO 80524, USA
08-10 22:29:19.405 11747 11747 D cellinfo: getCurrentLocation() result: Location (success): 40.6273935, -105.1079178
08-10 22:29:19.419 11747 11747 D cellinfo: onCellInfoChanged: Operator: Verizon Wireless UpdateTimestamp: 26992331 CellConnectionStatus: 1
08-10 22:29:19.419 11747 11747 D cellinfo: onCellInfoChanged: LTE Cell Bands: [13, 4, 2] Bandwidth: 10000 Cell ID: 3966465 Physical Cell ID: 63 Tracking Area Code: 3840 EARFCN: 5230
08-10 22:29:19.482 11747 11794 D cellinfo: 46 bytes from 44.241.174.93: icmp_seq=1313 ttl=26 time=82.5 ms
08-10 22:29:19.684 11747 11794 D cellinfo: 46 bytes from 44.241.174.93: icmp_seq=1314 ttl=26 time=82.5 ms
08-10 22:29:19.873 11747 11794 D cellinfo: 46 bytes from 44.241.174.93: icmp_seq=1315 ttl=26 time=72.0 ms
08-10 22:29:20.076 11747 11794 D cellinfo: 46 bytes from 44.241.174.93: icmp_seq=1316 ttl=26 time=73.7 ms
08-10 22:29:20.276 11747 11794 D cellinfo: 46 bytes from 44.241.174.93: icmp_seq=1317 ttl=26 time=73.5 ms
08-10 22:29:20.475 11747 11794 D cellinfo: 46 bytes from 44.241.174.93: icmp_seq=1318 ttl=26 time=72.7 ms
08-10 22:29:20.686 11747 11794 D cellinfo: 46 bytes from 44.241.174.93: icmp_seq=1319 ttl=26 time=82.4 ms
08-10 22:29:20.885 11747 11794 D cellinfo: 46 bytes from 44.241.174.93: icmp_seq=1320 ttl=26 time=80.2 ms
08-10 22:29:21.084 11747 11794 D cellinfo: 46 bytes from 44.241.174.93: icmp_seq=1321 ttl=26 time=78.1 ms
08-10 22:29:21.285 11747 11794 D cellinfo: 46 bytes from 44.241.174.93: icmp_seq=1322 ttl=26 time=77.5 ms
08-10 22:29:21.486 11747 11794 D cellinfo: 46 bytes from 44.241.174.93: icmp_seq=1323 ttl=26 time=78.1 ms
08-10 22:29:21.691 11747 11794 D cellinfo: 46 bytes from 44.241.174.93: icmp_seq=1324 ttl=26 time=82.0 ms
08-10 22:29:21.875 11747 11794 D cellinfo: 46 bytes from 44.241.174.93: icmp_seq=1325 ttl=26 time=66.4 ms
08-10 22:29:22.084 11747 11794 D cellinfo: 46 bytes from 44.241.174.93: icmp_seq=1326 ttl=26 time=73.6 ms
08-10 22:29:22.277 11747 11794 D cellinfo: 46 bytes from 44.241.174.93: icmp_seq=1327 ttl=26 time=65.4 ms
08-10 22:29:22.369 11747 11747 D cellinfo: Latitude is 40.6272256
08-10 22:29:22.369 11747 11747 D cellinfo: Longitude is -105.1077946
08-10 22:29:22.369 11747 11747 D cellinfo: Instantaneous GPS information: United States, 70 US-287, Fort Collins, CO 80524, USA
08-10 22:29:22.369 11747 11747 D cellinfo: getCurrentLocation() result: Location (success): 40.6272256, -105.1077946
08-10 22:29:22.372 11747 11747 D cellinfo: onCellInfoChanged: Operator: Verizon Wireless UpdateTimestamp: 26995315 CellConnectionStatus: 1
08-10 22:29:22.372 11747 11747 D cellinfo: onCellInfoChanged: LTE Cell Bands: [13, 4, 2] Bandwidth: 10000 Cell ID: 3966465 Physical Cell ID: 63 Tracking Area Code: 3840 EARFCN: 5230
08-10 22:29:22.485 11747 11794 D cellinfo: 46 bytes from 44.241.174.93: icmp_seq=1328 ttl=26 time=72.6 ms
08-10 22:29:22.702 11747 11794 D cellinfo: 46 bytes from 44.241.174.93: icmp_seq=1329 ttl=26 time=89.9 ms
08-10 22:29:22.886 11747 11794 D cellinfo: 46 bytes from 44.241.174.93: icmp_seq=1330 ttl=26 time=73.3 ms
08-10 22:29:22.976 11747 11747 D cellinfo: onsignalStrengthsChanged: LTE Signal Strength info: rsrp: -103 rsrq: -15 rssi: -81 rssnr: -2
08-10 22:29:23.086 11747 11794 D cellinfo: 46 bytes from 44.241.174.93: icmp_seq=1331 ttl=26 time=72.3 ms
08-10 22:29:23.286 11747 11794 D cellinfo: 46 bytes from 44.241.174.93: icmp_seq=1332 ttl=26 time=70.5 ms
08-10 22:29:23.487 11747 11794 D cellinfo: 46 bytes from 44.241.174.93: icmp_seq=1333 ttl=26 time=71.2 ms
08-10 22:29:23.706 11747 11794 D cellinfo: 46 bytes from 44.241.174.93: icmp_seq=1334 ttl=26 time=89.1 ms
08-10 22:29:23.896 11747 11794 D cellinfo: 46 bytes from 44.241.174.93: icmp_seq=1335 ttl=26 time=78.1 ms
08-10 22:29:24.098 11747 11794 D cellinfo: 46 bytes from 44.241.174.93: icmp_seq=1336 ttl=26 time=78.9 ms
08-10 22:29:24.285 11747 11794 D cellinfo: 46 bytes from 44.241.174.93: icmp_seq=1337 ttl=26 time=65.9 ms
08-10 22:29:24.487 11747 11794 D cellinfo: 46 bytes from 44.241.174.93: icmp_seq=1338 ttl=26 time=67.1 ms
08-10 22:29:24.709 11747 11794 D cellinfo: 46 bytes from 44.241.174.93: icmp_seq=1339 ttl=26 time=87.5 ms
08-10 22:29:24.900 11747 11794 D cellinfo: 46 bytes from 44.241.174.93: icmp_seq=1340 ttl=26 time=78.0 ms
08-10 22:29:25.021 11747 11747 D cellinfo: onCellInfoChanged: Operator: Verizon Wireless UpdateTimestamp: 26998322 CellConnectionStatus: 1
08-10 22:29:25.021 11747 11747 D cellinfo: onCellInfoChanged: LTE Cell Bands: [13, 4, 2] Bandwidth: 10000 Cell ID: 3966465 Physical Cell ID: 63 Tracking Area Code: 3840 EARFCN: 5230
08-10 22:29:25.124 11747 11794 D cellinfo: 46 bytes from 44.241.174.93: icmp_seq=1341 ttl=26 time=101 ms
08-10 22:29:25.296 11747 11794 D cellinfo: 46 bytes from 44.241.174.93: icmp_seq=1342 ttl=26 time=72.3 ms
08-10 22:29:25.519 11747 11794 D cellinfo: 46 bytes from 44.241.174.93: icmp_seq=1343 ttl=26 time=94.2 ms
08-10 22:29:25.595 11747 11747 D cellinfo: Latitude is 40.6266654
08-10 22:29:25.595 11747 11747 D cellinfo: Longitude is -105.1070937
08-10 22:29:25.595 11747 11747 D cellinfo: Instantaneous GPS information: United States, 70 US-287, Fort Collins, CO 80524, USA
08-10 22:29:25.595 11747 11747 D cellinfo: getCurrentLocation() result: Location (success): 40.6266654, -105.1070937
08-10 22:29:25.718 11747 11794 D cellinfo: 46 bytes from 44.241.174.93: icmp_seq=1344 ttl=26 time=91.9 ms
08-10 22:29:25.895 11747 11794 D cellinfo: 46 bytes from 44.241.174.93: icmp_seq=1345 ttl=26 time=69.0 ms
08-10 22:29:26.112 11747 11794 D cellinfo: 46 bytes from 44.241.174.93: icmp_seq=1346 ttl=26 time=85.2 ms
08-10 22:29:26.296 11747 11794 D cellinfo: 46 bytes from 44.241.174.93: icmp_seq=1347 ttl=26 time=67.4 ms
08-10 22:29:26.496 11747 11794 D cellinfo: 46 bytes from 44.241.174.93: icmp_seq=1348 ttl=26 time=68.1 ms
08-10 22:29:26.696 11747 11794 D cellinfo: 46 bytes from 44.241.174.93: icmp_seq=1349 ttl=26 time=66.5 ms
08-10 22:29:26.906 11747 11794 D cellinfo: 46 bytes from 44.241.174.93: icmp_seq=1350 ttl=26 time=75.2 ms
08-10 22:29:26.978 11747 11747 D cellinfo: onsignalStrengthsChanged: LTE Signal Strength info: rsrp: -107 rsrq: -16 rssi: -83 rssnr: 1
08-10 22:29:27.109 11747 11794 D cellinfo: 46 bytes from 44.241.174.93: icmp_seq=1351 ttl=26 time=77.3 ms
08-10 22:29:27.296 11747 11794 D cellinfo: 46 bytes from 44.241.174.93: icmp_seq=1352 ttl=26 time=63.8 ms
08-10 22:29:27.512 11747 11794 D cellinfo: 46 bytes from 44.241.174.93: icmp_seq=1353 ttl=26 time=79.3 ms
08-10 22:29:27.740 11747 11794 D cellinfo: 46 bytes from 44.241.174.93: icmp_seq=1354 ttl=26 time=106 ms
08-10 22:29:27.917 11747 11794 D cellinfo: 46 bytes from 44.241.174.93: icmp_seq=1355 ttl=26 time=81.9 ms
08-10 22:29:27.981 11747 11747 D cellinfo: Latitude is 40.6266654
08-10 22:29:27.981 11747 11747 D cellinfo: Longitude is -105.1070937
08-10 22:29:27.982 11747 11747 D cellinfo: Instantaneous GPS information: United States, 70 US-287, Fort Collins, CO 80524, USA
08-10 22:29:27.982 11747 11747 D cellinfo: getCurrentLocation() result: Location (success): 40.6266654, -105.1070937
08-10 22:29:28.018 11747 11747 D cellinfo: onServiceStateChanged: Channel Number: 5230 Cell Bandwidths: [10000, 10000, 5000]
08-10 22:29:28.043 11747 11747 D cellinfo: onCellInfoChanged: Operator: Verizon Wireless UpdateTimestamp: 27001342 CellConnectionStatus: 1
08-10 22:29:28.043 11747 11747 D cellinfo: onCellInfoChanged: LTE Cell Bands: [13, 4, 2] Bandwidth: 10000 Cell ID: 3987714 Physical Cell ID: 13 Tracking Area Code: 3840 EARFCN: 5230
08-10 22:29:28.107 11747 11794 D cellinfo: 46 bytes from 44.241.174.93: icmp_seq=1356 ttl=26 time=70.9 ms
08-10 22:29:28.305 11747 11794 D cellinfo: 46 bytes from 44.241.174.93: icmp_seq=1357 ttl=26 time=68.7 ms
08-10 22:29:28.507 11747 11794 D cellinfo: 46 bytes from 44.241.174.93: icmp_seq=1358 ttl=26 time=69.6 ms
08-10 22:29:28.706 11747 11794 D cellinfo: 46 bytes from 44.241.174.93: icmp_seq=1359 ttl=26 time=68.3 ms
08-10 22:29:28.905 11747 11794 D cellinfo: 46 bytes from 44.241.174.93: icmp_seq=1360 ttl=26 time=67.1 ms
08-10 22:29:29.106 11747 11794 D cellinfo: 46 bytes from 44.241.174.93: icmp_seq=1361 ttl=26 time=66.6 ms
08-10 22:29:29.306 11747 11794 D cellinfo: 46 bytes from 44.241.174.93: icmp_seq=1362 ttl=26 time=66.0 ms
08-10 22:29:29.506 11747 11794 D cellinfo: 46 bytes from 44.241.174.93: icmp_seq=1363 ttl=26 time=64.9 ms
08-10 22:29:29.724 11747 11794 D cellinfo: 46 bytes from 44.241.174.93: icmp_seq=1364 ttl=26 time=82.7 ms
08-10 22:29:29.932 11747 11794 D cellinfo: 46 bytes from 44.241.174.93: icmp_seq=1365 ttl=26 time=89.2 ms
08-10 22:29:30.124 11747 11794 D cellinfo: 46 bytes from 44.241.174.93: icmp_seq=1366 ttl=26 time=80.2 ms
08-10 22:29:30.317 11747 11794 D cellinfo: 46 bytes from 44.241.174.93: icmp_seq=1367 ttl=26 time=71.4 ms
08-10 22:29:30.532 11747 11794 D cellinfo: 46 bytes from 44.241.174.93: icmp_seq=1368 ttl=26 time=86.6 ms
08-10 22:29:30.724 11747 11794 D cellinfo: 46 bytes from 44.241.174.93: icmp_seq=1369 ttl=26 time=78.4 ms
08-10 22:29:30.917 11747 11794 D cellinfo: 46 bytes from 44.241.174.93: icmp_seq=1370 ttl=26 time=70.8 ms
08-10 22:29:30.938 11747 11747 D cellinfo: onsignalStrengthsChanged: LTE Signal Strength info: rsrp: -99 rsrq: -11 rssi: -81 rssnr: 3
08-10 22:29:31.116 11747 11794 D cellinfo: 46 bytes from 44.241.174.93: icmp_seq=1371 ttl=26 time=68.6 ms
08-10 22:29:31.317 11747 11794 D cellinfo: 46 bytes from 44.241.174.93: icmp_seq=1372 ttl=26 time=68.1 ms
08-10 22:29:31.442 11747 11747 D cellinfo: Latitude is 40.6265368
08-10 22:29:31.442 11747 11747 D cellinfo: Longitude is -105.1068992
08-10 22:29:31.442 11747 11747 D cellinfo: Instantaneous GPS information: United States, 70 US-287, Fort Collins, CO 80524, USA
08-10 22:29:31.442 11747 11747 D cellinfo: getCurrentLocation() result: Location (success): 40.6265368, -105.1068992
08-10 22:29:31.445 11747 11747 D cellinfo: onCellInfoChanged: Operator: Verizon Wireless UpdateTimestamp: 27004305 CellConnectionStatus: 1
08-10 22:29:31.445 11747 11747 D cellinfo: onCellInfoChanged: LTE Cell Bands: [13, 4, 2] Bandwidth: 10000 Cell ID: 3987714 Physical Cell ID: 13 Tracking Area Code: 3840 EARFCN: 5230
08-10 22:29:31.515 11747 11794 D cellinfo: 46 bytes from 44.241.174.93: icmp_seq=1373 ttl=26 time=66.2 ms
08-10 22:29:31.719 11747 11794 D cellinfo: 46 bytes from 44.241.174.93: icmp_seq=1374 ttl=26 time=69.2 ms
08-10 22:29:31.915 11747 11794 D cellinfo: 46 bytes from 44.241.174.93: icmp_seq=1375 ttl=26 time=65.6 ms
08-10 22:29:32.116 11747 11794 D cellinfo: 46 bytes from 44.241.174.93: icmp_seq=1376 ttl=26 time=65.0 ms
08-10 22:29:32.327 11747 11794 D cellinfo: 46 bytes from 44.241.174.93: icmp_seq=1377 ttl=26 time=74.8 ms
08-10 22:29:32.527 11747 11794 D cellinfo: 46 bytes from 44.241.174.93: icmp_seq=1378 ttl=26 time=74.3 ms
08-10 22:29:32.727 11747 11794 D cellinfo: 46 bytes from 44.241.174.93: icmp_seq=1379 ttl=26 time=73.2 ms
08-10 22:29:32.934 11747 11794 D cellinfo: 46 bytes from 44.241.174.93: icmp_seq=1380 ttl=26 time=78.8 ms
08-10 22:29:33.126 11747 11794 D cellinfo: 46 bytes from 44.241.174.93: icmp_seq=1381 ttl=26 time=70.3 ms
08-10 22:29:33.334 11747 11794 D cellinfo: 46 bytes from 44.241.174.93: icmp_seq=1382 ttl=26 time=77.2 ms
08-10 22:29:33.535 11747 11794 D cellinfo: 46 bytes from 44.241.174.93: icmp_seq=1383 ttl=26 time=77.0 ms
08-10 22:29:33.734 11747 11794 D cellinfo: 46 bytes from 44.241.174.93: icmp_seq=1384 ttl=26 time=74.8 ms
08-10 22:29:33.926 11747 11794 D cellinfo: 46 bytes from 44.241.174.93: icmp_seq=1385 ttl=26 time=66.5 ms
08-10 22:29:33.940 11747 11747 D cellinfo: onsignalStrengthsChanged: LTE Signal Strength info: rsrp: -98 rsrq: -10 rssi: -79 rssnr: 1
08-10 22:29:34.141 11747 11794 D cellinfo: 46 bytes from 44.241.174.93: icmp_seq=1386 ttl=26 time=80.8 ms
08-10 22:29:34.327 11747 11794 D cellinfo: 46 bytes from 44.241.174.93: icmp_seq=1387 ttl=26 time=64.9 ms
08-10 22:29:34.375 11747 11747 D cellinfo: Latitude is 40.6264753
08-10 22:29:34.375 11747 11747 D cellinfo: Longitude is -105.1068068
08-10 22:29:34.375 11747 11747 D cellinfo: Instantaneous GPS information: United States, 70 US-287, Fort Collins, CO 80524, USA
08-10 22:29:34.375 11747 11747 D cellinfo: getCurrentLocation() result: Location (success): 40.6264753, -105.1068068
08-10 22:29:34.383 11747 11747 D cellinfo: onCellInfoChanged: Operator: Verizon Wireless UpdateTimestamp: 27007314 CellConnectionStatus: 1
08-10 22:29:34.383 11747 11747 D cellinfo: onCellInfoChanged: LTE Cell Bands: [13, 4, 2] Bandwidth: 10000 Cell ID: 3987714 Physical Cell ID: 13 Tracking Area Code: 3840 EARFCN: 5230
08-10 22:29:34.536 11747 11794 D cellinfo: 46 bytes from 44.241.174.93: icmp_seq=1388 ttl=26 time=73.8 ms
08-10 22:29:34.736 11747 11794 D cellinfo: 46 bytes from 44.241.174.93: icmp_seq=1389 ttl=26 time=73.3 ms
08-10 22:29:34.946 11747 11794 D cellinfo: 46 bytes from 44.241.174.93: icmp_seq=1390 ttl=26 time=82.4 ms
08-10 22:29:35.137 11747 11794 D cellinfo: 46 bytes from 44.241.174.93: icmp_seq=1391 ttl=26 time=72.3 ms
08-10 22:29:35.353 11747 11794 D cellinfo: 46 bytes from 44.241.174.93: icmp_seq=1392 ttl=26 time=87.0 ms
08-10 22:29:35.539 11747 11794 D cellinfo: 46 bytes from 44.241.174.93: icmp_seq=1393 ttl=26 time=71.8 ms
08-10 22:29:35.573 11747 11747 D cellinfo: onServiceStateChanged: Channel Number: 5230 Cell Bandwidths: [10000, 5000, 10000]
08-10 22:29:35.737 11747 11794 D cellinfo: 46 bytes from 44.241.174.93: icmp_seq=1394 ttl=26 time=69.4 ms
08-10 22:29:35.936 11747 11794 D cellinfo: 46 bytes from 44.241.174.93: icmp_seq=1395 ttl=26 time=67.0 ms
08-10 22:29:36.136 11747 11794 D cellinfo: 46 bytes from 44.241.174.93: icmp_seq=1396 ttl=26 time=66.4 ms
08-10 22:29:36.348 11747 11794 D cellinfo: 46 bytes from 44.241.174.93: icmp_seq=1397 ttl=26 time=77.3 ms
08-10 22:29:36.536 11747 11794 D cellinfo: 46 bytes from 44.241.174.93: icmp_seq=1398 ttl=26 time=65.8 ms
08-10 22:29:36.736 11747 11794 D cellinfo: 46 bytes from 44.241.174.93: icmp_seq=1399 ttl=26 time=65.0 ms
08-10 22:29:36.944 11747 11794 D cellinfo: 46 bytes from 44.241.174.93: icmp_seq=1400 ttl=26 time=72.2 ms
08-10 22:29:37.030 11747 11747 D cellinfo: onCellInfoChanged: Operator: Verizon Wireless UpdateTimestamp: 27010329 CellConnectionStatus: 1
08-10 22:29:37.030 11747 11747 D cellinfo: onCellInfoChanged: LTE Cell Bands: [13, 2, 4] Bandwidth: 10000 Cell ID: 3966465 Physical Cell ID: 63 Tracking Area Code: 3840 EARFCN: 5230
08-10 22:29:37.151 11747 11794 D cellinfo: 46 bytes from 44.241.174.93: icmp_seq=1401 ttl=26 time=79.0 ms
08-10 22:29:37.356 11747 11794 D cellinfo: 46 bytes from 44.241.174.93: icmp_seq=1402 ttl=26 time=82.8 ms
08-10 22:29:37.490 11747 11747 D cellinfo: onsignalStrengthsChanged: LTE Signal Strength info: rsrp: -100 rsrq: -14 rssi: -77 rssnr: -2
08-10 22:29:37.542 11747 11794 D cellinfo: 46 bytes from 44.241.174.93: icmp_seq=1403 ttl=26 time=68.6 ms
08-10 22:29:37.746 11747 11794 D cellinfo: 46 bytes from 44.241.174.93: icmp_seq=1404 ttl=26 time=71.6 ms
08-10 22:29:37.947 11747 11794 D cellinfo: 46 bytes from 44.241.174.93: icmp_seq=1405 ttl=26 time=72.2 ms
08-10 22:29:38.146 11747 11794 D cellinfo: 46 bytes from 44.241.174.93: icmp_seq=1406 ttl=26 time=70.4 ms
08-10 22:29:38.337 11747 11794 D cellinfo: 46 bytes from 44.241.174.93: icmp_seq=1407 ttl=26 time=59.4 ms
08-10 22:29:38.547 11747 11794 D cellinfo: 46 bytes from 44.241.174.93: icmp_seq=1408 ttl=26 time=68.2 ms
08-10 22:29:38.632 11747 11747 D cellinfo: Latitude is 40.6258585
08-10 22:29:38.632 11747 11747 D cellinfo: Longitude is -105.1065822
08-10 22:29:38.632 11747 11747 D cellinfo: Instantaneous GPS information: United States, 70 US-287, Fort Collins, CO 80524, USA
08-10 22:29:38.632 11747 11747 D cellinfo: getCurrentLocation() result: Location (success): 40.6258585, -105.1065822
08-10 22:29:38.739 11747 11794 D cellinfo: 46 bytes from 44.241.174.93: icmp_seq=1409 ttl=26 time=59.9 ms
08-10 22:29:38.946 11747 11794 D cellinfo: 46 bytes from 44.241.174.93: icmp_seq=1410 ttl=26 time=66.5 ms
08-10 22:29:39.146 11747 11794 D cellinfo: 46 bytes from 44.241.174.93: icmp_seq=1411 ttl=26 time=65.2 ms
08-10 22:29:39.364 11747 11794 D cellinfo: 46 bytes from 44.241.174.93: icmp_seq=1412 ttl=26 time=82.1 ms
08-10 22:29:39.556 11747 11794 D cellinfo: 46 bytes from 44.241.174.93: icmp_seq=1413 ttl=26 time=73.1 ms
08-10 22:29:39.756 11747 11794 D cellinfo: 46 bytes from 44.241.174.93: icmp_seq=1414 ttl=26 time=72.2 ms
08-10 22:29:39.964 11747 11794 D cellinfo: 46 bytes from 44.241.174.93: icmp_seq=1415 ttl=26 time=79.1 ms
08-10 22:29:39.992 11747 11747 D cellinfo: Latitude is 40.6258585
08-10 22:29:39.992 11747 11747 D cellinfo: Longitude is -105.1065822
08-10 22:29:39.992 11747 11747 D cellinfo: Instantaneous GPS information: United States, 70 US-287, Fort Collins, CO 80524, USA
08-10 22:29:39.992 11747 11747 D cellinfo: getCurrentLocation() result: Location (success): 40.6258585, -105.1065822
08-10 22:29:40.029 11747 11747 D cellinfo: onCellInfoChanged: Operator: Verizon Wireless UpdateTimestamp: 27013330 CellConnectionStatus: 1
08-10 22:29:40.029 11747 11747 D cellinfo: onCellInfoChanged: LTE Cell Bands: [13, 2, 4] Bandwidth: 10000 Cell ID: 3966465 Physical Cell ID: 63 Tracking Area Code: 3840 EARFCN: 5230
08-10 22:29:40.163 11747 11794 D cellinfo: 46 bytes from 44.241.174.93: icmp_seq=1416 ttl=26 time=78.2 ms
08-10 22:29:40.356 11747 11794 D cellinfo: 46 bytes from 44.241.174.93: icmp_seq=1417 ttl=26 time=69.3 ms
08-10 22:29:40.555 11747 11794 D cellinfo: 46 bytes from 44.241.174.93: icmp_seq=1418 ttl=26 time=68.1 ms
08-10 22:29:40.756 11747 11794 D cellinfo: 46 bytes from 44.241.174.93: icmp_seq=1419 ttl=26 time=67.7 ms
08-10 22:29:40.956 11747 11794 D cellinfo: 46 bytes from 44.241.174.93: icmp_seq=1420 ttl=26 time=67.1 ms
08-10 22:29:41.157 11747 11794 D cellinfo: 46 bytes from 44.241.174.93: icmp_seq=1421 ttl=26 time=67.3 ms
08-10 22:29:41.356 11747 11794 D cellinfo: 46 bytes from 44.241.174.93: icmp_seq=1422 ttl=26 time=65.1 ms
08-10 22:29:41.566 11747 11794 D cellinfo: 46 bytes from 44.241.174.93: icmp_seq=1423 ttl=26 time=74.2 ms
08-10 22:29:41.774 11747 11794 D cellinfo: 46 bytes from 44.241.174.93: icmp_seq=1424 ttl=26 time=81.3 ms
08-10 22:29:41.966 11747 11794 D cellinfo: 46 bytes from 44.241.174.93: icmp_seq=1425 ttl=26 time=72.4 ms
08-10 22:29:42.174 11747 11794 D cellinfo: 46 bytes from 44.241.174.93: icmp_seq=1426 ttl=26 time=79.5 ms
08-10 22:29:42.374 11747 11794 D cellinfo: 46 bytes from 44.241.174.93: icmp_seq=1427 ttl=26 time=79.0 ms
08-10 22:29:42.492 11747 11747 D cellinfo: onsignalStrengthsChanged: LTE Signal Strength info: rsrp: -102 rsrq: -16 rssi: -79 rssnr: -5
08-10 22:29:42.566 11747 11794 D cellinfo: 46 bytes from 44.241.174.93: icmp_seq=1428 ttl=26 time=70.4 ms
08-10 22:29:42.767 11747 11794 D cellinfo: 46 bytes from 44.241.174.93: icmp_seq=1429 ttl=26 time=69.8 ms
08-10 22:29:42.999 11747 11794 D cellinfo: 46 bytes from 44.241.174.93: icmp_seq=1430 ttl=26 time=101 ms
08-10 22:29:43.167 11747 11794 D cellinfo: 46 bytes from 44.241.174.93: icmp_seq=1431 ttl=26 time=68.0 ms
08-10 22:29:43.369 11747 11794 D cellinfo: 46 bytes from 44.241.174.93: icmp_seq=1432 ttl=26 time=67.9 ms
08-10 22:29:43.417 11747 11747 D cellinfo: Latitude is 40.6258047
08-10 22:29:43.417 11747 11747 D cellinfo: Longitude is -105.1063866
08-10 22:29:43.417 11747 11747 D cellinfo: Instantaneous GPS information: United States, 70 US-287, Fort Collins, CO 80524, USA
08-10 22:29:43.417 11747 11747 D cellinfo: getCurrentLocation() result: Location (success): 40.6258047, -105.1063866
08-10 22:29:43.422 11747 11747 D cellinfo: onCellInfoChanged: Operator: Verizon Wireless UpdateTimestamp: 27016324 CellConnectionStatus: 1
08-10 22:29:43.422 11747 11747 D cellinfo: onCellInfoChanged: LTE Cell Bands: [13, 4, 2] Bandwidth: 10000 Cell ID: 3987714 Physical Cell ID: 13 Tracking Area Code: 3840 EARFCN: 5230
08-10 22:29:43.423 11747 11747 D cellinfo: onServiceStateChanged: Channel Number: 5230 Cell Bandwidths: [10000, 10000, 5000]
08-10 22:29:43.573 11747 11794 D cellinfo: 46 bytes from 44.241.174.93: icmp_seq=1433 ttl=26 time=71.3 ms
08-10 22:29:43.775 11747 11794 D cellinfo: 46 bytes from 44.241.174.93: icmp_seq=1434 ttl=26 time=73.3 ms
08-10 22:29:43.975 11747 11794 D cellinfo: 46 bytes from 44.241.174.93: icmp_seq=1435 ttl=26 time=71.3 ms
08-10 22:29:44.184 11747 11794 D cellinfo: 46 bytes from 44.241.174.93: icmp_seq=1436 ttl=26 time=79.3 ms
08-10 22:29:44.383 11747 11794 D cellinfo: 46 bytes from 44.241.174.93: icmp_seq=1437 ttl=26 time=77.3 ms
08-10 22:29:44.583 11747 11794 D cellinfo: 46 bytes from 44.241.174.93: icmp_seq=1438 ttl=26 time=77.0 ms
08-10 22:29:44.775 11747 11794 D cellinfo: 46 bytes from 44.241.174.93: icmp_seq=1439 ttl=26 time=68.0 ms
08-10 22:29:44.984 11747 11794 D cellinfo: 46 bytes from 44.241.174.93: icmp_seq=1440 ttl=26 time=76.2 ms
08-10 22:29:45.175 11747 11794 D cellinfo: 46 bytes from 44.241.174.93: icmp_seq=1441 ttl=26 time=66.4 ms
08-10 22:29:45.376 11747 11794 D cellinfo: 46 bytes from 44.241.174.93: icmp_seq=1442 ttl=26 time=65.9 ms
08-10 22:29:45.585 11747 11794 D cellinfo: 46 bytes from 44.241.174.93: icmp_seq=1443 ttl=26 time=74.4 ms
08-10 22:29:45.793 11747 11794 D cellinfo: 46 bytes from 44.241.174.93: icmp_seq=1444 ttl=26 time=82.0 ms
08-10 22:29:45.985 11747 11794 D cellinfo: 46 bytes from 44.241.174.93: icmp_seq=1445 ttl=26 time=73.0 ms
08-10 22:29:46.184 11747 11794 D cellinfo: 46 bytes from 44.241.174.93: icmp_seq=1446 ttl=26 time=71.1 ms
08-10 22:29:46.394 11747 11794 D cellinfo: 46 bytes from 44.241.174.93: icmp_seq=1447 ttl=26 time=78.7 ms
08-10 22:29:46.431 11747 11747 D cellinfo: Latitude is 40.6257536
08-10 22:29:46.431 11747 11747 D cellinfo: Longitude is -105.1062001
08-10 22:29:46.431 11747 11747 D cellinfo: Instantaneous GPS information: United States, 70 US-287, Fort Collins, CO 80524, USA
08-10 22:29:46.431 11747 11747 D cellinfo: getCurrentLocation() result: Location (success): 40.6257536, -105.1062001
08-10 22:29:46.440 11747 11747 D cellinfo: onsignalStrengthsChanged: LTE Signal Strength info: rsrp: -98 rsrq: -9 rssi: -81 rssnr: -2
08-10 22:29:46.440 11747 11747 D cellinfo: onCellInfoChanged: Operator: Verizon Wireless UpdateTimestamp: 27019339 CellConnectionStatus: 1
08-10 22:29:46.440 11747 11747 D cellinfo: onCellInfoChanged: LTE Cell Bands: [13, 4, 2] Bandwidth: 10000 Cell ID: 3987714 Physical Cell ID: 13 Tracking Area Code: 3840 EARFCN: 5230
08-10 22:29:46.586 11747 11794 D cellinfo: 46 bytes from 44.241.174.93: icmp_seq=1448 ttl=26 time=70.2 ms
08-10 22:29:46.785 11747 11794 D cellinfo: 46 bytes from 44.241.174.93: icmp_seq=1449 ttl=26 time=68.4 ms
08-10 22:29:46.993 11747 11794 D cellinfo: 46 bytes from 44.241.174.93: icmp_seq=1450 ttl=26 time=75.3 ms
08-10 22:29:47.194 11747 11794 D cellinfo: 46 bytes from 44.241.174.93: icmp_seq=1451 ttl=26 time=75.5 ms
08-10 22:29:47.393 11747 11794 D cellinfo: 46 bytes from 44.241.174.93: icmp_seq=1452 ttl=26 time=73.2 ms
08-10 22:29:47.595 11747 11794 D cellinfo: 46 bytes from 44.241.174.93: icmp_seq=1453 ttl=26 time=73.7 ms
08-10 22:29:47.797 11747 11794 D cellinfo: 46 bytes from 44.241.174.93: icmp_seq=1454 ttl=26 time=75.0 ms
08-10 22:29:48.036 11747 11747 D cellinfo: onServiceStateChanged: Channel Number: 5230 Cell Bandwidths: [10000, 10000, 10000, 5000]
08-10 22:29:48.044 11747 11794 D cellinfo: 46 bytes from 44.241.174.93: icmp_seq=1455 ttl=26 time=122 ms
08-10 22:29:48.091 11747 11747 D cellinfo: onServiceStateChanged: Channel Number: 5230 Cell Bandwidths: [10000, 10000, 10000, 5000]
08-10 22:29:48.197 11747 11794 D cellinfo: 46 bytes from 44.241.174.93: icmp_seq=1456 ttl=26 time=74.1 ms
08-10 22:29:48.395 11747 11794 D cellinfo: 46 bytes from 44.241.174.93: icmp_seq=1457 ttl=26 time=71.5 ms
08-10 22:29:48.599 11747 11794 D cellinfo: 46 bytes from 44.241.174.93: icmp_seq=1458 ttl=26 time=75.4 ms
08-10 22:29:48.804 11747 11794 D cellinfo: 46 bytes from 44.241.174.93: icmp_seq=1459 ttl=26 time=79.3 ms
08-10 22:29:48.995 11747 11794 D cellinfo: 46 bytes from 44.241.174.93: icmp_seq=1460 ttl=26 time=70.3 ms
08-10 22:29:49.194 11747 11794 D cellinfo: 46 bytes from 44.241.174.93: icmp_seq=1461 ttl=26 time=68.2 ms
08-10 22:29:49.395 11747 11747 D cellinfo: Latitude is 40.6257613
08-10 22:29:49.395 11747 11747 D cellinfo: Longitude is -105.1062252
08-10 22:29:49.395 11747 11747 D cellinfo: Instantaneous GPS information: United States, 70 US-287, Fort Collins, CO 80524, USA
08-10 22:29:49.395 11747 11747 D cellinfo: getCurrentLocation() result: Location (success): 40.6257613, -105.1062252
08-10 22:29:49.395 11747 11794 D cellinfo: 46 bytes from 44.241.174.93: icmp_seq=1462 ttl=26 time=67.0 ms
08-10 22:29:49.397 11747 11747 D cellinfo: onCellInfoChanged: Operator: Verizon Wireless UpdateTimestamp: 27022329 CellConnectionStatus: 1
08-10 22:29:49.397 11747 11747 D cellinfo: onCellInfoChanged: LTE Cell Bands: [13, 66, 66, 2] Bandwidth: 10000 Cell ID: 4081153 Physical Cell ID: 387 Tracking Area Code: 3840 EARFCN: 5230
08-10 22:29:49.398 11747 11747 D cellinfo: onsignalStrengthsChanged: LTE Signal Strength info: rsrp: -104 rsrq: -14 rssi: -81 rssnr: 4
08-10 22:29:49.594 11747 11794 D cellinfo: 46 bytes from 44.241.174.93: icmp_seq=1463 ttl=26 time=65.4 ms
08-10 22:29:49.795 11747 11794 D cellinfo: 46 bytes from 44.241.174.93: icmp_seq=1464 ttl=26 time=64.9 ms
08-10 22:29:49.997 11747 11794 D cellinfo: 46 bytes from 44.241.174.93: icmp_seq=1465 ttl=26 time=67.0 ms
08-10 22:29:50.206 11747 11794 D cellinfo: 46 bytes from 44.241.174.93: icmp_seq=1466 ttl=26 time=74.4 ms
08-10 22:29:50.419 11747 11794 D cellinfo: 46 bytes from 44.241.174.93: icmp_seq=1467 ttl=26 time=87.0 ms
08-10 22:29:50.615 11747 11794 D cellinfo: 46 bytes from 44.241.174.93: icmp_seq=1468 ttl=26 time=82.3 ms
08-10 22:29:50.813 11747 11794 D cellinfo: 46 bytes from 44.241.174.93: icmp_seq=1469 ttl=26 time=79.3 ms
08-10 22:29:51.013 11747 11794 D cellinfo: 46 bytes from 44.241.174.93: icmp_seq=1470 ttl=26 time=78.3 ms
08-10 22:29:51.205 11747 11794 D cellinfo: 46 bytes from 44.241.174.93: icmp_seq=1471 ttl=26 time=69.6 ms
08-10 22:29:51.512 11747 11794 D cellinfo: 46 bytes from 44.241.174.93: icmp_seq=1472 ttl=26 time=174 ms
08-10 22:29:51.605 11747 11794 D cellinfo: 46 bytes from 44.241.174.93: icmp_seq=1473 ttl=26 time=67.6 ms
08-10 22:29:51.814 11747 11794 D cellinfo: 46 bytes from 44.241.174.93: icmp_seq=1474 ttl=26 time=75.0 ms
08-10 22:29:52.006 11747 11794 D cellinfo: 46 bytes from 44.241.174.93: icmp_seq=1475 ttl=26 time=67.3 ms
08-10 22:29:52.024 11747 11747 D cellinfo: onCellInfoChanged: Operator: Verizon Wireless UpdateTimestamp: 27025325 CellConnectionStatus: 1
08-10 22:29:52.024 11747 11747 D cellinfo: onCellInfoChanged: LTE Cell Bands: [13, 66, 66, 2] Bandwidth: 10000 Cell ID: 4081153 Physical Cell ID: 387 Tracking Area Code: 3840 EARFCN: 5230
08-10 22:29:52.219 11747 11794 D cellinfo: 46 bytes from 44.241.174.93: icmp_seq=1476 ttl=26 time=80.5 ms
08-10 22:29:52.425 11747 11794 D cellinfo: 46 bytes from 44.241.174.93: icmp_seq=1477 ttl=26 time=83.8 ms
08-10 22:29:52.606 11747 11794 D cellinfo: 46 bytes from 44.241.174.93: icmp_seq=1478 ttl=26 time=63.9 ms
08-10 22:29:52.631 11747 11747 D cellinfo: Latitude is 40.6254578
08-10 22:29:52.631 11747 11747 D cellinfo: Longitude is -105.1037878
08-10 22:29:52.631 11747 11747 D cellinfo: Instantaneous GPS information: United States, 1601 N U.S. Hwy 287, Fort Collins, CO 80524, USA
08-10 22:29:52.631 11747 11747 D cellinfo: getCurrentLocation() result: Location (success): 40.6254578, -105.1037878
08-10 22:29:52.818 11747 11794 D cellinfo: 46 bytes from 44.241.174.93: icmp_seq=1479 ttl=26 time=76.3 ms
08-10 22:29:53.023 11747 11794 D cellinfo: 46 bytes from 44.241.174.93: icmp_seq=1480 ttl=26 time=80.3 ms
08-10 22:29:53.055 11747 11747 D cellinfo: onsignalStrengthsChanged: LTE Signal Strength info: rsrp: -109 rsrq: -14 rssi: -87 rssnr: 0
08-10 22:29:53.215 11747 11794 D cellinfo: 46 bytes from 44.241.174.93: icmp_seq=1481 ttl=26 time=72.2 ms
08-10 22:29:53.431 11747 11794 D cellinfo: 46 bytes from 44.241.174.93: icmp_seq=1482 ttl=26 time=87.4 ms
08-10 22:29:53.619 11747 11794 D cellinfo: 46 bytes from 44.241.174.93: icmp_seq=1483 ttl=26 time=74.2 ms
08-10 22:29:53.815 11747 11794 D cellinfo: 46 bytes from 44.241.174.93: icmp_seq=1484 ttl=26 time=69.4 ms
08-10 22:29:54.015 11747 11794 D cellinfo: 46 bytes from 44.241.174.93: icmp_seq=1485 ttl=26 time=69.1 ms
08-10 22:29:54.215 11747 11794 D cellinfo: 46 bytes from 44.241.174.93: icmp_seq=1486 ttl=26 time=69.3 ms
08-10 22:29:54.418 11747 11794 D cellinfo: 46 bytes from 44.241.174.93: icmp_seq=1487 ttl=26 time=71.0 ms
08-10 22:29:54.616 11747 11794 D cellinfo: 46 bytes from 44.241.174.93: icmp_seq=1488 ttl=26 time=68.3 ms
08-10 22:29:54.816 11747 11794 D cellinfo: 46 bytes from 44.241.174.93: icmp_seq=1489 ttl=26 time=66.1 ms
08-10 22:29:54.981 11747 11747 D cellinfo: Latitude is 40.6254578
08-10 22:29:54.981 11747 11747 D cellinfo: Longitude is -105.1037878
08-10 22:29:54.981 11747 11747 D cellinfo: Instantaneous GPS information: United States, 1601 N U.S. Hwy 287, Fort Collins, CO 80524, USA
08-10 22:29:54.981 11747 11747 D cellinfo: getCurrentLocation() result: Location (success): 40.6254578, -105.1037878
08-10 22:29:55.024 11747 11747 D cellinfo: onCellInfoChanged: Operator: Verizon Wireless UpdateTimestamp: 27028325 CellConnectionStatus: 1
08-10 22:29:55.024 11747 11747 D cellinfo: onCellInfoChanged: LTE Cell Bands: [13, 66, 66, 2] Bandwidth: 10000 Cell ID: 4081153 Physical Cell ID: 387 Tracking Area Code: 3840 EARFCN: 5230
08-10 22:29:55.028 11747 11794 D cellinfo: 46 bytes from 44.241.174.93: icmp_seq=1490 ttl=26 time=77.7 ms
08-10 22:29:55.218 11747 11794 D cellinfo: 46 bytes from 44.241.174.93: icmp_seq=1491 ttl=26 time=68.6 ms
08-10 22:29:55.443 11747 11794 D cellinfo: 46 bytes from 44.241.174.93: icmp_seq=1492 ttl=26 time=93.1 ms
08-10 22:29:55.625 11747 11794 D cellinfo: 46 bytes from 44.241.174.93: icmp_seq=1493 ttl=26 time=74.7 ms
08-10 22:29:55.826 11747 11794 D cellinfo: 46 bytes from 44.241.174.93: icmp_seq=1494 ttl=26 time=75.0 ms
08-10 22:29:56.025 11747 11794 D cellinfo: 46 bytes from 44.241.174.93: icmp_seq=1495 ttl=26 time=74.2 ms
08-10 22:29:56.226 11747 11794 D cellinfo: 46 bytes from 44.241.174.93: icmp_seq=1496 ttl=26 time=74.4 ms
08-10 22:29:56.427 11747 11794 D cellinfo: 46 bytes from 44.241.174.93: icmp_seq=1497 ttl=26 time=75.9 ms
08-10 22:29:56.625 11747 11794 D cellinfo: 46 bytes from 44.241.174.93: icmp_seq=1498 ttl=26 time=72.9 ms
08-10 22:29:56.824 11747 11794 D cellinfo: 46 bytes from 44.241.174.93: icmp_seq=1499 ttl=26 time=71.4 ms
08-10 22:29:57.033 11747 11794 D cellinfo: 46 bytes from 44.241.174.93: icmp_seq=1500 ttl=26 time=80.5 ms
08-10 22:29:57.055 11747 11747 D cellinfo: onsignalStrengthsChanged: LTE Signal Strength info: rsrp: -102 rsrq: -12 rssi: -83 rssnr: 4
08-10 22:29:57.233 11747 11794 D cellinfo: 46 bytes from 44.241.174.93: icmp_seq=1501 ttl=26 time=80.0 ms
08-10 22:29:57.426 11747 11794 D cellinfo: 46 bytes from 44.241.174.93: icmp_seq=1502 ttl=26 time=71.4 ms
08-10 22:29:57.625 11747 11794 D cellinfo: 46 bytes from 44.241.174.93: icmp_seq=1503 ttl=26 time=70.7 ms
08-10 22:29:57.825 11747 11794 D cellinfo: 46 bytes from 44.241.174.93: icmp_seq=1504 ttl=26 time=70.4 ms
08-10 22:29:58.043 11747 11794 D cellinfo: 46 bytes from 44.241.174.93: icmp_seq=1505 ttl=26 time=87.8 ms
08-10 22:29:58.540 11747 11794 D cellinfo: 46 bytes from 44.241.174.93: icmp_seq=1506 ttl=26 time=384 ms
08-10 22:29:58.541 11747 11794 D cellinfo: 46 bytes from 44.241.174.93: icmp_seq=1507 ttl=26 time=182 ms
08-10 22:29:58.643 11747 11794 D cellinfo: 46 bytes from 44.241.174.93: icmp_seq=1508 ttl=26 time=83.8 ms
08-10 22:29:58.832 11747 11747 D cellinfo: Latitude is 40.6254574
08-10 22:29:58.833 11747 11747 D cellinfo: Longitude is -105.1030988
08-10 22:29:58.833 11747 11747 D cellinfo: Instantaneous GPS information: United States, 1604 N U.S. Hwy 287, Fort Collins, CO 80524, USA
08-10 22:29:58.833 11747 11747 D cellinfo: getCurrentLocation() result: Location (success): 40.6254574, -105.1030988
08-10 22:29:58.835 11747 11794 D cellinfo: 46 bytes from 44.241.174.93: icmp_seq=1509 ttl=26 time=76.2 ms
08-10 22:29:58.836 11747 11747 D cellinfo: onCellInfoChanged: Operator: Verizon Wireless UpdateTimestamp: 27031330 CellConnectionStatus: 1
08-10 22:29:58.836 11747 11747 D cellinfo: onCellInfoChanged: LTE Cell Bands: [13, 66, 66, 2] Bandwidth: 10000 Cell ID: 4081153 Physical Cell ID: 387 Tracking Area Code: 3840 EARFCN: 5230
08-10 22:29:59.035 11747 11794 D cellinfo: 46 bytes from 44.241.174.93: icmp_seq=1510 ttl=26 time=74.6 ms
08-10 22:29:59.225 11747 11794 D cellinfo: 46 bytes from 44.241.174.93: icmp_seq=1511 ttl=26 time=65.2 ms
08-10 22:29:59.451 11747 11794 D cellinfo: 46 bytes from 44.241.174.93: icmp_seq=1512 ttl=26 time=90.1 ms
08-10 22:29:59.489 11747 11747 D cellinfo: onServiceStateChanged: Channel Number: 5230 Cell Bandwidths: [10000, 10000, 5000]
08-10 22:29:59.627 11747 11794 D cellinfo: 46 bytes from 44.241.174.93: icmp_seq=1513 ttl=26 time=65.0 ms
08-10 22:29:59.839 11747 11794 D cellinfo: 46 bytes from 44.241.174.93: icmp_seq=1514 ttl=26 time=75.4 ms
08-10 22:30:00.031 11747 11794 D cellinfo: 46 bytes from 44.241.174.93: icmp_seq=1515 ttl=26 time=67.8 ms
08-10 22:30:00.288 11747 11747 D cellinfo: onsignalStrengthsChanged: LTE Signal Strength info: rsrp: -103 rsrq: -12 rssi: -83 rssnr: -5
08-10 22:30:00.290 11747 11794 D cellinfo: 46 bytes from 44.241.174.93: icmp_seq=1516 ttl=26 time=127 ms
08-10 22:30:00.343 11747 11747 D cellinfo: onServiceStateChanged: Channel Number: 5230 Cell Bandwidths: [10000, 10000, 10000, 5000]
08-10 22:30:00.410 11747 11747 D cellinfo: onServiceStateChanged: Channel Number: 5230 Cell Bandwidths: [10000, 10000, 10000, 5000]
08-10 22:30:00.431 11747 11794 D cellinfo: 46 bytes from 44.241.174.93: icmp_seq=1517 ttl=26 time=67.0 ms
08-10 22:30:00.633 11747 11794 D cellinfo: 46 bytes from 44.241.174.93: icmp_seq=1518 ttl=26 time=68.3 ms
08-10 22:30:00.832 11747 11794 D cellinfo: 46 bytes from 44.241.174.93: icmp_seq=1519 ttl=26 time=66.4 ms
08-10 22:30:01.046 11747 11794 D cellinfo: 46 bytes from 44.241.174.93: icmp_seq=1520 ttl=26 time=79.1 ms
08-10 22:30:01.250 11747 11794 D cellinfo: 46 bytes from 44.241.174.93: icmp_seq=1521 ttl=26 time=82.9 ms
08-10 22:30:01.450 11747 11747 D cellinfo: Latitude is 40.6254567
08-10 22:30:01.450 11747 11747 D cellinfo: Longitude is -105.1027743
08-10 22:30:01.450 11747 11747 D cellinfo: Instantaneous GPS information: United States, 1604 N U.S. Hwy 287, Fort Collins, CO 80524, USA
08-10 22:30:01.450 11747 11747 D cellinfo: getCurrentLocation() result: Location (success): 40.6254567, -105.1027743
08-10 22:30:01.454 11747 11747 D cellinfo: onCellInfoChanged: Operator: Verizon Wireless UpdateTimestamp: 27034313 CellConnectionStatus: 1
08-10 22:30:01.454 11747 11747 D cellinfo: onCellInfoChanged: LTE Cell Bands: [13, 66, 66, 2] Bandwidth: 10000 Cell ID: 4081153 Physical Cell ID: 387 Tracking Area Code: 3840 EARFCN: 5230
08-10 22:30:01.457 11747 11794 D cellinfo: 46 bytes from 44.241.174.93: icmp_seq=1522 ttl=26 time=89.8 ms
08-10 22:30:01.657 11747 11794 D cellinfo: 46 bytes from 44.241.174.93: icmp_seq=1523 ttl=26 time=89.3 ms
08-10 22:30:01.849 11747 11794 D cellinfo: 46 bytes from 44.241.174.93: icmp_seq=1524 ttl=26 time=79.7 ms
08-10 22:30:02.052 11747 11794 D cellinfo: 46 bytes from 44.241.174.93: icmp_seq=1525 ttl=26 time=81.4 ms
08-10 22:30:02.241 11747 11794 D cellinfo: 46 bytes from 44.241.174.93: icmp_seq=1526 ttl=26 time=72.0 ms
08-10 22:30:02.590 11747 11794 D cellinfo: 46 bytes from 44.241.174.93: icmp_seq=1527 ttl=26 time=219 ms
08-10 22:30:02.641 11747 11794 D cellinfo: 46 bytes from 44.241.174.93: icmp_seq=1528 ttl=26 time=69.1 ms
08-10 22:30:02.659 11747 11747 D cellinfo: onServiceStateChanged: Channel Number: 5230 Cell Bandwidths: [10000, 10000, 5000]
08-10 22:30:02.841 11747 11794 D cellinfo: 46 bytes from 44.241.174.93: icmp_seq=1529 ttl=26 time=68.0 ms
08-10 22:30:03.051 11747 11794 D cellinfo: 46 bytes from 44.241.174.93: icmp_seq=1530 ttl=26 time=77.4 ms
08-10 22:30:03.246 11747 11794 D cellinfo: 46 bytes from 44.241.174.93: icmp_seq=1531 ttl=26 time=71.5 ms
08-10 22:30:03.441 11747 11794 D cellinfo: 46 bytes from 44.241.174.93: icmp_seq=1532 ttl=26 time=67.0 ms
08-10 22:30:03.624 11747 11747 D cellinfo: onsignalStrengthsChanged: LTE Signal Strength info: rsrp: -107 rsrq: -15 rssi: -83 rssnr: -6
08-10 22:30:03.649 11747 11794 D cellinfo: 46 bytes from 44.241.174.93: icmp_seq=1533 ttl=26 time=74.0 ms
08-10 22:30:03.852 11747 11794 D cellinfo: 46 bytes from 44.241.174.93: icmp_seq=1534 ttl=26 time=76.3 ms
08-10 22:30:04.023 11747 11747 D cellinfo: onCellInfoChanged: Operator: Verizon Wireless UpdateTimestamp: 27037324 CellConnectionStatus: 1
08-10 22:30:04.023 11747 11747 D cellinfo: onCellInfoChanged: LTE Cell Bands: [13, 4, 2] Bandwidth: 10000 Cell ID: 3987714 Physical Cell ID: 13 Tracking Area Code: 3840 EARFCN: 5230
08-10 22:30:04.140 11747 11794 D cellinfo: 46 bytes from 44.241.174.93: icmp_seq=1535 ttl=26 time=163 ms
08-10 22:30:04.250 11747 11794 D cellinfo: 46 bytes from 44.241.174.93: icmp_seq=1536 ttl=26 time=71.7 ms
08-10 22:30:04.461 11747 11794 D cellinfo: 46 bytes from 44.241.174.93: icmp_seq=1537 ttl=26 time=82.1 ms
08-10 22:30:04.651 11747 11794 D cellinfo: 46 bytes from 44.241.174.93: icmp_seq=1538 ttl=26 time=71.3 ms
08-10 22:30:04.849 11747 11794 D cellinfo: 46 bytes from 44.241.174.93: icmp_seq=1539 ttl=26 time=68.2 ms
08-10 22:30:05.067 11747 11794 D cellinfo: 46 bytes from 44.241.174.93: icmp_seq=1540 ttl=26 time=85.6 ms
08-10 22:30:05.249 11747 11794 D cellinfo: 46 bytes from 44.241.174.93: icmp_seq=1541 ttl=26 time=68.3 ms
08-10 22:30:05.465 11747 11794 D cellinfo: 46 bytes from 44.241.174.93: icmp_seq=1542 ttl=26 time=82.4 ms
08-10 22:30:05.646 11747 11747 D cellinfo: Latitude is 40.6254315
08-10 22:30:05.647 11747 11747 D cellinfo: Longitude is -105.0996607
08-10 22:30:05.647 11747 11747 D cellinfo: Instantaneous GPS information: United States, 1313 US-287, Fort Collins, CO 80524, USA
08-10 22:30:05.647 11747 11747 D cellinfo: getCurrentLocation() result: Location (success): 40.6254315, -105.0996607
08-10 22:30:05.659 11747 11794 D cellinfo: 46 bytes from 44.241.174.93: icmp_seq=1543 ttl=26 time=75.9 ms
08-10 22:30:05.850 11747 11794 D cellinfo: 46 bytes from 44.241.174.93: icmp_seq=1544 ttl=26 time=66.5 ms
08-10 22:30:06.052 11747 11794 D cellinfo: 46 bytes from 44.241.174.93: icmp_seq=1545 ttl=26 time=67.1 ms
08-10 22:30:06.268 11747 11794 D cellinfo: 46 bytes from 44.241.174.93: icmp_seq=1546 ttl=26 time=83.7 ms
08-10 22:30:06.477 11747 11794 D cellinfo: 46 bytes from 44.241.174.93: icmp_seq=1547 ttl=26 time=91.3 ms
