08-10 23:35:38.191 24975 25049 D cellinfo: 46 bytes from 44.241.174.93: icmp_seq=925 ttl=26 time=70.6 ms
08-10 23:35:38.392 24975 25049 D cellinfo: 46 bytes from 44.241.174.93: icmp_seq=926 ttl=26 time=71.4 ms
08-10 23:35:38.591 24975 25049 D cellinfo: 46 bytes from 44.241.174.93: icmp_seq=927 ttl=26 time=69.3 ms
08-10 23:35:38.792 24975 25049 D cellinfo: 46 bytes from 44.241.174.93: icmp_seq=928 ttl=26 time=68.5 ms
08-10 23:35:38.991 24975 25049 D cellinfo: 46 bytes from 44.241.174.93: icmp_seq=929 ttl=26 time=67.9 ms
08-10 23:35:39.192 24975 25049 D cellinfo: 46 bytes from 44.241.174.93: icmp_seq=930 ttl=26 time=67.3 ms
08-10 23:35:39.392 24975 25049 D cellinfo: 46 bytes from 44.241.174.93: icmp_seq=931 ttl=26 time=66.5 ms
08-10 23:35:39.592 24975 25049 D cellinfo: 46 bytes from 44.241.174.93: icmp_seq=932 ttl=26 time=65.8 ms
08-10 23:35:39.792 24975 25049 D cellinfo: 46 bytes from 44.241.174.93: icmp_seq=933 ttl=26 time=64.9 ms
08-10 23:35:39.992 24975 25049 D cellinfo: 46 bytes from 44.241.174.93: icmp_seq=934 ttl=26 time=63.8 ms
08-10 23:35:40.192 24975 25049 D cellinfo: 46 bytes from 44.241.174.93: icmp_seq=935 ttl=26 time=63.0 ms
08-10 23:35:40.402 24975 25049 D cellinfo: 46 bytes from 44.241.174.93: icmp_seq=936 ttl=26 time=72.3 ms
08-10 23:35:40.601 24975 25049 D cellinfo: 46 bytes from 44.241.174.93: icmp_seq=937 ttl=26 time=71.6 ms
08-10 23:35:40.802 24975 25049 D cellinfo: 46 bytes from 44.241.174.93: icmp_seq=938 ttl=26 time=71.4 ms
08-10 23:35:40.980 24975 24975 D cellinfo: Latitude is 39.764235
08-10 23:35:40.980 24975 24975 D cellinfo: Longitude is -105.0019234
08-10 23:35:40.980 24975 24975 D cellinfo: Instantaneous GPS information: United States, 3360 Mariposa St, Denver, CO 80211, USA
08-10 23:35:40.980 24975 24975 D cellinfo: getCurrentLocation() result: Location (success): 39.764235, -105.0019234
08-10 23:35:40.986 24975 24975 D cellinfo: onCellInfoChanged: Operator: Verizon Wireless UpdateTimestamp: 30973926 CellConnectionStatus: 1
08-10 23:35:40.986 24975 24975 D cellinfo: onCellInfoChanged: LTE Cell Bands: [66, 66, 5, 2] Bandwidth: 10000 Cell ID: 157305100 Physical Cell ID: 117 Tracking Area Code: 3589 EARFCN: 66586
08-10 23:35:41.001 24975 25049 D cellinfo: 46 bytes from 44.241.174.93: icmp_seq=939 ttl=26 time=70.1 ms
08-10 23:35:41.201 24975 25049 D cellinfo: 46 bytes from 44.241.174.93: icmp_seq=940 ttl=26 time=70.2 ms
08-10 23:35:41.401 24975 25049 D cellinfo: 46 bytes from 44.241.174.93: icmp_seq=941 ttl=26 time=69.3 ms
08-10 23:35:41.600 24975 25049 D cellinfo: 46 bytes from 44.241.174.93: icmp_seq=942 ttl=26 time=67.3 ms
08-10 23:35:41.802 24975 25049 D cellinfo: 46 bytes from 44.241.174.93: icmp_seq=943 ttl=26 time=67.4 ms
08-10 23:35:42.001 24975 25049 D cellinfo: 46 bytes from 44.241.174.93: icmp_seq=944 ttl=26 time=66.4 ms
08-10 23:35:42.202 24975 25049 D cellinfo: 46 bytes from 44.241.174.93: icmp_seq=945 ttl=26 time=67.9 ms
08-10 23:35:42.402 24975 25049 D cellinfo: 46 bytes from 44.241.174.93: icmp_seq=946 ttl=26 time=66.8 ms
08-10 23:35:42.601 24975 25049 D cellinfo: 46 bytes from 44.241.174.93: icmp_seq=947 ttl=26 time=65.1 ms
08-10 23:35:42.802 24975 25049 D cellinfo: 46 bytes from 44.241.174.93: icmp_seq=948 ttl=26 time=65.2 ms
08-10 23:35:43.002 24975 25049 D cellinfo: 46 bytes from 44.241.174.93: icmp_seq=949 ttl=26 time=64.3 ms
08-10 23:35:43.206 24975 25049 D cellinfo: 46 bytes from 44.241.174.93: icmp_seq=950 ttl=26 time=68.1 ms
08-10 23:35:43.402 24975 25049 D cellinfo: 46 bytes from 44.241.174.93: icmp_seq=951 ttl=26 time=63.1 ms
08-10 23:35:43.602 24975 25049 D cellinfo: 46 bytes from 44.241.174.93: icmp_seq=952 ttl=26 time=62.0 ms
08-10 23:35:43.813 24975 25049 D cellinfo: 46 bytes from 44.241.174.93: icmp_seq=953 ttl=26 time=70.9 ms
08-10 23:35:44.001 24975 24975 D cellinfo: Latitude is 39.7639173
08-10 23:35:44.001 24975 24975 D cellinfo: Longitude is -105.0021806
08-10 23:35:44.001 24975 24975 D cellinfo: Instantaneous GPS information: United States, 3344 Mariposa St, Denver, CO 80211, USA
08-10 23:35:44.001 24975 24975 D cellinfo: getCurrentLocation() result: Location (success): 39.7639173, -105.0021806
08-10 23:35:44.005 24975 24975 D cellinfo: onCellInfoChanged: Operator: Verizon Wireless UpdateTimestamp: 30976902 CellConnectionStatus: 1
08-10 23:35:44.006 24975 24975 D cellinfo: onCellInfoChanged: LTE Cell Bands: [66, 66, 5, 2] Bandwidth: 10000 Cell ID: 157305100 Physical Cell ID: 117 Tracking Area Code: 3589 EARFCN: 66586
08-10 23:35:44.014 24975 25049 D cellinfo: 46 bytes from 44.241.174.93: icmp_seq=954 ttl=26 time=70.2 ms
08-10 23:35:44.084 24975 24975 D cellinfo: onsignalStrengthsChanged: LTE Signal Strength info: rsrp: -81 rsrq: -8 rssi: -65 rssnr: 10
08-10 23:35:44.211 24975 25049 D cellinfo: 46 bytes from 44.241.174.93: icmp_seq=955 ttl=26 time=69.9 ms
08-10 23:35:44.412 24975 25049 D cellinfo: 46 bytes from 44.241.174.93: icmp_seq=956 ttl=26 time=69.7 ms
08-10 23:35:44.611 24975 25049 D cellinfo: 46 bytes from 44.241.174.93: icmp_seq=957 ttl=26 time=68.7 ms
08-10 23:35:44.812 24975 25049 D cellinfo: 46 bytes from 44.241.174.93: icmp_seq=958 ttl=26 time=68.5 ms
08-10 23:35:45.012 24975 25049 D cellinfo: 46 bytes from 44.241.174.93: icmp_seq=959 ttl=26 time=68.2 ms
08-10 23:35:45.215 24975 25049 D cellinfo: 46 bytes from 44.241.174.93: icmp_seq=960 ttl=26 time=71.2 ms
08-10 23:35:45.412 24975 25049 D cellinfo: 46 bytes from 44.241.174.93: icmp_seq=961 ttl=26 time=67.0 ms
08-10 23:35:45.613 24975 25049 D cellinfo: 46 bytes from 44.241.174.93: icmp_seq=962 ttl=26 time=66.6 ms
08-10 23:35:45.812 24975 25049 D cellinfo: 46 bytes from 44.241.174.93: icmp_seq=963 ttl=26 time=65.5 ms
08-10 23:35:46.012 24975 25049 D cellinfo: 46 bytes from 44.241.174.93: icmp_seq=964 ttl=26 time=65.2 ms
08-10 23:35:46.219 24975 25049 D cellinfo: 46 bytes from 44.241.174.93: icmp_seq=965 ttl=26 time=72.1 ms
08-10 23:35:46.413 24975 25049 D cellinfo: 46 bytes from 44.241.174.93: icmp_seq=966 ttl=26 time=64.5 ms
08-10 23:35:46.611 24975 25049 D cellinfo: 46 bytes from 44.241.174.93: icmp_seq=967 ttl=26 time=63.7 ms
08-10 23:35:46.817 24975 25049 D cellinfo: 46 bytes from 44.241.174.93: icmp_seq=968 ttl=26 time=68.2 ms
08-10 23:35:46.956 24975 24975 D cellinfo: Latitude is 39.7639938
08-10 23:35:46.956 24975 24975 D cellinfo: Longitude is -105.0021183
08-10 23:35:46.956 24975 24975 D cellinfo: Instantaneous GPS information: United States, 3344 Mariposa St, Denver, CO 80211, USA
08-10 23:35:46.956 24975 24975 D cellinfo: getCurrentLocation() result: Location (success): 39.7639938, -105.0021183
08-10 23:35:46.961 24975 24975 D cellinfo: onCellInfoChanged: Operator: Verizon Wireless UpdateTimestamp: 30979910 CellConnectionStatus: 1
08-10 23:35:46.961 24975 24975 D cellinfo: onCellInfoChanged: LTE Cell Bands: [66, 66, 5, 2] Bandwidth: 10000 Cell ID: 157305100 Physical Cell ID: 117 Tracking Area Code: 3589 EARFCN: 66586
08-10 23:35:47.031 24975 25049 D cellinfo: 46 bytes from 44.241.174.93: icmp_seq=969 ttl=26 time=81.6 ms
08-10 23:35:47.227 24975 25049 D cellinfo: 46 bytes from 44.241.174.93: icmp_seq=970 ttl=26 time=77.6 ms
08-10 23:35:47.412 24975 25049 D cellinfo: 46 bytes from 44.241.174.93: icmp_seq=971 ttl=26 time=62.9 ms
08-10 23:35:47.621 24975 25049 D cellinfo: 46 bytes from 44.241.174.93: icmp_seq=972 ttl=26 time=70.9 ms
08-10 23:35:47.822 24975 25049 D cellinfo: 46 bytes from 44.241.174.93: icmp_seq=973 ttl=26 time=71.0 ms
08-10 23:35:48.022 24975 25049 D cellinfo: 46 bytes from 44.241.174.93: icmp_seq=974 ttl=26 time=70.3 ms
08-10 23:35:48.081 24975 24975 D cellinfo: onsignalStrengthsChanged: LTE Signal Strength info: rsrp: -73 rsrq: -7 rssi: -59 rssnr: 16
08-10 23:35:48.238 24975 25049 D cellinfo: 46 bytes from 44.241.174.93: icmp_seq=975 ttl=26 time=86.9 ms
08-10 23:35:48.422 24975 25049 D cellinfo: 46 bytes from 44.241.174.93: icmp_seq=976 ttl=26 time=70.1 ms
08-10 23:35:48.621 24975 25049 D cellinfo: 46 bytes from 44.241.174.93: icmp_seq=977 ttl=26 time=69.1 ms
08-10 23:35:48.827 24975 25049 D cellinfo: 46 bytes from 44.241.174.93: icmp_seq=978 ttl=26 time=73.4 ms
08-10 23:35:49.025 24975 25049 D cellinfo: 46 bytes from 44.241.174.93: icmp_seq=979 ttl=26 time=70.2 ms
08-10 23:35:49.222 24975 25049 D cellinfo: 46 bytes from 44.241.174.93: icmp_seq=980 ttl=26 time=67.1 ms
08-10 23:35:49.422 24975 25049 D cellinfo: 46 bytes from 44.241.174.93: icmp_seq=981 ttl=26 time=66.7 ms
08-10 23:35:49.613 24975 24975 D cellinfo: onCellInfoChanged: Operator: Verizon Wireless UpdateTimestamp: 30982915 CellConnectionStatus: 1
08-10 23:35:49.613 24975 24975 D cellinfo: onCellInfoChanged: LTE Cell Bands: [66, 66, 5, 2] Bandwidth: 10000 Cell ID: 157305100 Physical Cell ID: 117 Tracking Area Code: 3589 EARFCN: 66586
08-10 23:35:49.621 24975 25049 D cellinfo: 46 bytes from 44.241.174.93: icmp_seq=982 ttl=26 time=66.0 ms
08-10 23:35:49.822 24975 25049 D cellinfo: 46 bytes from 44.241.174.93: icmp_seq=983 ttl=26 time=65.4 ms
08-10 23:35:50.022 24975 25049 D cellinfo: 46 bytes from 44.241.174.93: icmp_seq=984 ttl=26 time=64.4 ms
08-10 23:35:50.222 24975 25049 D cellinfo: 46 bytes from 44.241.174.93: icmp_seq=985 ttl=26 time=63.9 ms
08-10 23:35:50.423 24975 25049 D cellinfo: 46 bytes from 44.241.174.93: icmp_seq=986 ttl=26 time=64.1 ms
08-10 23:35:50.632 24975 24975 D cellinfo: Latitude is 39.7616227
08-10 23:35:50.632 24975 24975 D cellinfo: Longitude is -105.0042709
08-10 23:35:50.632 24975 24975 D cellinfo: Instantaneous GPS information: United States, 1475 W 32nd Ave, Denver, CO 80211, USA
08-10 23:35:50.632 24975 24975 D cellinfo: getCurrentLocation() result: Location (success): 39.7616227, -105.0042709
08-10 23:35:50.634 24975 25049 D cellinfo: 46 bytes from 44.241.174.93: icmp_seq=987 ttl=26 time=74.2 ms
08-10 23:35:50.832 24975 25049 D cellinfo: 46 bytes from 44.241.174.93: icmp_seq=988 ttl=26 time=71.1 ms
08-10 23:35:51.032 24975 25049 D cellinfo: 46 bytes from 44.241.174.93: icmp_seq=989 ttl=26 time=70.3 ms
08-10 23:35:51.231 24975 25049 D cellinfo: 46 bytes from 44.241.174.93: icmp_seq=990 ttl=26 time=69.5 ms
08-10 23:35:51.432 24975 25049 D cellinfo: 46 bytes from 44.241.174.93: icmp_seq=991 ttl=26 time=68.6 ms
08-10 23:35:51.632 24975 25049 D cellinfo: 46 bytes from 44.241.174.93: icmp_seq=992 ttl=26 time=67.9 ms
08-10 23:35:51.832 24975 25049 D cellinfo: 46 bytes from 44.241.174.93: icmp_seq=993 ttl=26 time=66.7 ms
08-10 23:35:52.032 24975 25049 D cellinfo: 46 bytes from 44.241.174.93: icmp_seq=994 ttl=26 time=65.9 ms
08-10 23:35:52.232 24975 25049 D cellinfo: 46 bytes from 44.241.174.93: icmp_seq=995 ttl=26 time=65.9 ms
08-10 23:35:52.432 24975 25049 D cellinfo: 46 bytes from 44.241.174.93: icmp_seq=996 ttl=26 time=65.0 ms
08-10 23:35:52.576 24975 24975 D cellinfo: Latitude is 39.7616227
08-10 23:35:52.576 24975 24975 D cellinfo: Longitude is -105.0042709
08-10 23:35:52.576 24975 24975 D cellinfo: Instantaneous GPS information: United States, 1475 W 32nd Ave, Denver, CO 80211, USA
08-10 23:35:52.576 24975 24975 D cellinfo: getCurrentLocation() result: Location (success): 39.7616227, -105.0042709
08-10 23:35:52.620 24975 24975 D cellinfo: onCellInfoChanged: Operator: Verizon Wireless UpdateTimestamp: 30985921 CellConnectionStatus: 1
08-10 23:35:52.620 24975 24975 D cellinfo: onCellInfoChanged: LTE Cell Bands: [66, 66, 5, 2] Bandwidth: 10000 Cell ID: 157305100 Physical Cell ID: 117 Tracking Area Code: 3589 EARFCN: 66586
08-10 23:35:52.631 24975 25049 D cellinfo: 46 bytes from 44.241.174.93: icmp_seq=997 ttl=26 time=63.5 ms
08-10 23:35:52.832 24975 25049 D cellinfo: 46 bytes from 44.241.174.93: icmp_seq=998 ttl=26 time=62.4 ms
08-10 23:35:53.046 24975 25049 D cellinfo: 46 bytes from 44.241.174.93: icmp_seq=999 ttl=26 time=75.3 ms
08-10 23:35:53.242 24975 25049 D cellinfo: 46 bytes from 44.241.174.93: icmp_seq=1000 ttl=26 time=71.1 ms
08-10 23:35:53.453 24975 25049 D cellinfo: 46 bytes from 44.241.174.93: icmp_seq=1001 ttl=26 time=81.4 ms
08-10 23:35:53.643 24975 25049 D cellinfo: 46 bytes from 44.241.174.93: icmp_seq=1002 ttl=26 time=70.5 ms
08-10 23:35:53.843 24975 25049 D cellinfo: 46 bytes from 44.241.174.93: icmp_seq=1003 ttl=26 time=69.1 ms
08-10 23:35:54.043 24975 25049 D cellinfo: 46 bytes from 44.241.174.93: icmp_seq=1004 ttl=26 time=67.6 ms
08-10 23:35:54.242 24975 25049 D cellinfo: 46 bytes from 44.241.174.93: icmp_seq=1005 ttl=26 time=67.2 ms
08-10 23:35:54.443 24975 25049 D cellinfo: 46 bytes from 44.241.174.93: icmp_seq=1006 ttl=26 time=67.2 ms
08-10 23:35:54.642 24975 25049 D cellinfo: 46 bytes from 44.241.174.93: icmp_seq=1007 ttl=26 time=64.9 ms
08-10 23:35:54.842 24975 25049 D cellinfo: 46 bytes from 44.241.174.93: icmp_seq=1008 ttl=26 time=63.7 ms
08-10 23:35:55.050 24975 25049 D cellinfo: 46 bytes from 44.241.174.93: icmp_seq=1009 ttl=26 time=71.1 ms
08-10 23:35:55.244 24975 25049 D cellinfo: 46 bytes from 44.241.174.93: icmp_seq=1010 ttl=26 time=65.4 ms
08-10 23:35:55.452 24975 25049 D cellinfo: 46 bytes from 44.241.174.93: icmp_seq=1011 ttl=26 time=71.8 ms
08-10 23:35:55.658 24975 25049 D cellinfo: 46 bytes from 44.241.174.93: icmp_seq=1012 ttl=26 time=77.8 ms
08-10 23:35:55.846 24975 25049 D cellinfo: 46 bytes from 44.241.174.93: icmp_seq=1013 ttl=26 time=63.5 ms
08-10 23:35:55.955 24975 24975 D cellinfo: Latitude is 39.7612658
08-10 23:35:55.955 24975 24975 D cellinfo: Longitude is -105.0046467
08-10 23:35:55.955 24975 24975 D cellinfo: Instantaneous GPS information: United States, CanAm Hwy, Denver, CO 80211, USA
08-10 23:35:55.955 24975 24975 D cellinfo: getCurrentLocation() result: Location (success): 39.7612658, -105.0046467
08-10 23:35:55.960 24975 24975 D cellinfo: onCellInfoChanged: Operator: Verizon Wireless UpdateTimestamp: 30988906 CellConnectionStatus: 1
08-10 23:35:55.960 24975 24975 D cellinfo: onCellInfoChanged: LTE Cell Bands: [66, 66, 5, 2] Bandwidth: 10000 Cell ID: 157305100 Physical Cell ID: 117 Tracking Area Code: 3589 EARFCN: 66586
08-10 23:35:56.052 24975 25049 D cellinfo: 46 bytes from 44.241.174.93: icmp_seq=1014 ttl=26 time=69.3 ms
08-10 23:35:56.252 24975 25049 D cellinfo: 46 bytes from 44.241.174.93: icmp_seq=1015 ttl=26 time=69.6 ms
08-10 23:35:56.452 24975 25049 D cellinfo: 46 bytes from 44.241.174.93: icmp_seq=1016 ttl=26 time=69.0 ms
08-10 23:35:56.652 24975 25049 D cellinfo: 46 bytes from 44.241.174.93: icmp_seq=1017 ttl=26 time=68.2 ms
08-10 23:35:56.852 24975 25049 D cellinfo: 46 bytes from 44.241.174.93: icmp_seq=1018 ttl=26 time=67.3 ms
08-10 23:35:57.052 24975 25049 D cellinfo: 46 bytes from 44.241.174.93: icmp_seq=1019 ttl=26 time=65.9 ms
08-10 23:35:57.258 24975 25049 D cellinfo: 46 bytes from 44.241.174.93: icmp_seq=1020 ttl=26 time=72.1 ms
08-10 23:35:57.452 24975 25049 D cellinfo: 46 bytes from 44.241.174.93: icmp_seq=1021 ttl=26 time=64.9 ms
08-10 23:35:57.653 24975 25049 D cellinfo: 46 bytes from 44.241.174.93: icmp_seq=1022 ttl=26 time=65.3 ms
08-10 23:35:57.852 24975 25049 D cellinfo: 46 bytes from 44.241.174.93: icmp_seq=1023 ttl=26 time=63.2 ms
08-10 23:35:58.052 24975 25049 D cellinfo: 46 bytes from 44.241.174.93: icmp_seq=1024 ttl=26 time=62.2 ms
08-10 23:35:58.263 24975 25049 D cellinfo: 46 bytes from 44.241.174.93: icmp_seq=1025 ttl=26 time=72.7 ms
08-10 23:35:58.462 24975 25049 D cellinfo: 46 bytes from 44.241.174.93: icmp_seq=1026 ttl=26 time=71.2 ms
08-10 23:35:58.662 24975 25049 D cellinfo: 46 bytes from 44.241.174.93: icmp_seq=1027 ttl=26 time=69.9 ms
08-10 23:35:58.869 24975 25049 D cellinfo: 46 bytes from 44.241.174.93: icmp_seq=1028 ttl=26 time=75.5 ms
08-10 23:35:58.948 24975 24975 D cellinfo: Latitude is 39.7610011
08-10 23:35:58.948 24975 24975 D cellinfo: Longitude is -105.0049251
08-10 23:35:58.948 24975 24975 D cellinfo: Instantaneous GPS information: United States, CanAm Hwy, Denver, CO 80211, USA
08-10 23:35:58.948 24975 24975 D cellinfo: getCurrentLocation() result: Location (success): 39.7610011, -105.0049251
08-10 23:35:58.952 24975 24975 D cellinfo: onCellInfoChanged: Operator: Verizon Wireless UpdateTimestamp: 30991917 CellConnectionStatus: 1
08-10 23:35:58.952 24975 24975 D cellinfo: onCellInfoChanged: LTE Cell Bands: [66, 66, 5, 2] Bandwidth: 10000 Cell ID: 157305100 Physical Cell ID: 117 Tracking Area Code: 3589 EARFCN: 66586
08-10 23:35:59.063 24975 25049 D cellinfo: 46 bytes from 44.241.174.93: icmp_seq=1029 ttl=26 time=69.5 ms
08-10 23:35:59.267 24975 25049 D cellinfo: 46 bytes from 44.241.174.93: icmp_seq=1030 ttl=26 time=73.3 ms
08-10 23:35:59.462 24975 25049 D cellinfo: 46 bytes from 44.241.174.93: icmp_seq=1031 ttl=26 time=67.3 ms
08-10 23:35:59.662 24975 25049 D cellinfo: 46 bytes from 44.241.174.93: icmp_seq=1032 ttl=26 time=66.5 ms
08-10 23:35:59.862 24975 25049 D cellinfo: 46 bytes from 44.241.174.93: icmp_seq=1033 ttl=26 time=66.2 ms
08-10 23:36:00.062 24975 25049 D cellinfo: 46 bytes from 44.241.174.93: icmp_seq=1034 ttl=26 time=64.8 ms
08-10 23:36:00.273 24975 25049 D cellinfo: 46 bytes from 44.241.174.93: icmp_seq=1035 ttl=26 time=76.4 ms
08-10 23:36:00.462 24975 25049 D cellinfo: 46 bytes from 44.241.174.93: icmp_seq=1036 ttl=26 time=64.0 ms
08-10 23:36:00.670 24975 25049 D cellinfo: 46 bytes from 44.241.174.93: icmp_seq=1037 ttl=26 time=70.7 ms
08-10 23:36:00.866 24975 25049 D cellinfo: 46 bytes from 44.241.174.93: icmp_seq=1038 ttl=26 time=66.5 ms
08-10 23:36:01.071 24975 25049 D cellinfo: 46 bytes from 44.241.174.93: icmp_seq=1039 ttl=26 time=70.9 ms
08-10 23:36:01.262 24975 25049 D cellinfo: 46 bytes from 44.241.174.93: icmp_seq=1040 ttl=26 time=62.7 ms
08-10 23:36:01.473 24975 25049 D cellinfo: 46 bytes from 44.241.174.93: icmp_seq=1041 ttl=26 time=73.0 ms
08-10 23:36:01.663 24975 25049 D cellinfo: 46 bytes from 44.241.174.93: icmp_seq=1042 ttl=26 time=62.0 ms
08-10 23:36:01.873 24975 25049 D cellinfo: 46 bytes from 44.241.174.93: icmp_seq=1043 ttl=26 time=70.2 ms
08-10 23:36:01.968 24975 24975 D cellinfo: Latitude is 39.7610602
08-10 23:36:01.968 24975 24975 D cellinfo: Longitude is -105.0048627
08-10 23:36:01.968 24975 24975 D cellinfo: Instantaneous GPS information: United States, 20th St, Denver, CO, USA
08-10 23:36:01.968 24975 24975 D cellinfo: getCurrentLocation() result: Location (success): 39.7610602, -105.0048627
08-10 23:36:01.971 24975 24975 D cellinfo: onCellInfoChanged: Operator: Verizon Wireless UpdateTimestamp: 30994908 CellConnectionStatus: 1
08-10 23:36:01.971 24975 24975 D cellinfo: onCellInfoChanged: LTE Cell Bands: [66, 66, 5, 2] Bandwidth: 10000 Cell ID: 157305100 Physical Cell ID: 117 Tracking Area Code: 3589 EARFCN: 66586
08-10 23:36:02.071 24975 25049 D cellinfo: 46 bytes from 44.241.174.93: icmp_seq=1044 ttl=26 time=69.0 ms
08-10 23:36:02.290 24975 25049 D cellinfo: 46 bytes from 44.241.174.93: icmp_seq=1045 ttl=26 time=86.8 ms
08-10 23:36:02.474 24975 25049 D cellinfo: 46 bytes from 44.241.174.93: icmp_seq=1046 ttl=26 time=71.0 ms
08-10 23:36:02.672 24975 25049 D cellinfo: 46 bytes from 44.241.174.93: icmp_seq=1047 ttl=26 time=67.6 ms
08-10 23:36:02.872 24975 25049 D cellinfo: 46 bytes from 44.241.174.93: icmp_seq=1048 ttl=26 time=67.2 ms
08-10 23:36:03.072 24975 25049 D cellinfo: 46 bytes from 44.241.174.93: icmp_seq=1049 ttl=26 time=66.6 ms
08-10 23:36:03.272 24975 25049 D cellinfo: 46 bytes from 44.241.174.93: icmp_seq=1050 ttl=26 time=66.1 ms
08-10 23:36:03.488 24975 25049 D cellinfo: 46 bytes from 44.241.174.93: icmp_seq=1051 ttl=26 time=81.0 ms
08-10 23:36:03.673 24975 25049 D cellinfo: 46 bytes from 44.241.174.93: icmp_seq=1052 ttl=26 time=65.1 ms
08-10 23:36:03.871 24975 25049 D cellinfo: 46 bytes from 44.241.174.93: icmp_seq=1053 ttl=26 time=62.3 ms
08-10 23:36:04.082 24975 25049 D cellinfo: 46 bytes from 44.241.174.93: icmp_seq=1054 ttl=26 time=71.6 ms
08-10 23:36:04.307 24975 25049 D cellinfo: 46 bytes from 44.241.174.93: icmp_seq=1055 ttl=26 time=96.1 ms
08-10 23:36:04.483 24975 25049 D cellinfo: 46 bytes from 44.241.174.93: icmp_seq=1056 ttl=26 time=71.1 ms
08-10 23:36:04.602 24975 24975 D cellinfo: onCellInfoChanged: Operator: Verizon Wireless UpdateTimestamp: 30997904 CellConnectionStatus: 1
08-10 23:36:04.602 24975 24975 D cellinfo: onCellInfoChanged: LTE Cell Bands: [66, 66, 5, 2] Bandwidth: 10000 Cell ID: 157305100 Physical Cell ID: 117 Tracking Area Code: 3589 EARFCN: 66586
08-10 23:36:04.681 24975 25049 D cellinfo: 46 bytes from 44.241.174.93: icmp_seq=1057 ttl=26 time=68.1 ms
08-10 23:36:04.891 24975 25049 D cellinfo: 46 bytes from 44.241.174.93: icmp_seq=1058 ttl=26 time=76.8 ms
08-10 23:36:05.070 24975 25049 D cellinfo: 46 bytes from 44.241.174.93: icmp_seq=1059 ttl=26 time=55.3 ms
08-10 23:36:05.282 24975 25049 D cellinfo: 46 bytes from 44.241.174.93: icmp_seq=1060 ttl=26 time=67.3 ms
08-10 23:36:05.483 24975 25049 D cellinfo: 46 bytes from 44.241.174.93: icmp_seq=1061 ttl=26 time=66.5 ms
08-10 23:36:05.671 24975 24975 D cellinfo: Latitude is 39.7592411
08-10 23:36:05.671 24975 24975 D cellinfo: Longitude is -105.0075266
08-10 23:36:05.671 24975 24975 D cellinfo: Instantaneous GPS information: United States, 1729 Central St, Denver, CO 80211, USA
08-10 23:36:05.671 24975 24975 D cellinfo: getCurrentLocation() result: Location (success): 39.7592411, -105.0075266
08-10 23:36:05.682 24975 25049 D cellinfo: 46 bytes from 44.241.174.93: icmp_seq=1062 ttl=26 time=64.9 ms
08-10 23:36:05.890 24975 25049 D cellinfo: 46 bytes from 44.241.174.93: icmp_seq=1063 ttl=26 time=72.2 ms
08-10 23:36:06.106 24975 25049 D cellinfo: 46 bytes from 44.241.174.93: icmp_seq=1064 ttl=26 time=87.4 ms
08-10 23:36:06.292 24975 25049 D cellinfo: 46 bytes from 44.241.174.93: icmp_seq=1065 ttl=26 time=72.2 ms
08-10 23:36:06.518 24975 25049 D cellinfo: 46 bytes from 44.241.174.93: icmp_seq=1066 ttl=26 time=97.5 ms
08-10 23:36:06.692 24975 25049 D cellinfo: 46 bytes from 44.241.174.93: icmp_seq=1067 ttl=26 time=71.0 ms
08-10 23:36:06.900 24975 25049 D cellinfo: 46 bytes from 44.241.174.93: icmp_seq=1068 ttl=26 time=77.9 ms
08-10 23:36:07.082 24975 24975 D cellinfo: onsignalStrengthsChanged: LTE Signal Strength info: rsrp: -68 rsrq: -9 rssi: -51 rssnr: 7
08-10 23:36:07.092 24975 25049 D cellinfo: 46 bytes from 44.241.174.93: icmp_seq=1069 ttl=26 time=69.3 ms
08-10 23:36:07.295 24975 25049 D cellinfo: 46 bytes from 44.241.174.93: icmp_seq=1070 ttl=26 time=71.0 ms
08-10 23:36:07.499 24975 25049 D cellinfo: 46 bytes from 44.241.174.93: icmp_seq=1071 ttl=26 time=74.3 ms
08-10 23:36:07.568 24975 24975 D cellinfo: Latitude is 39.7592411
08-10 23:36:07.568 24975 24975 D cellinfo: Longitude is -105.0075266
08-10 23:36:07.568 24975 24975 D cellinfo: Instantaneous GPS information: United States, 1729 Central St, Denver, CO 80211, USA
08-10 23:36:07.568 24975 24975 D cellinfo: getCurrentLocation() result: Location (success): 39.7592411, -105.0075266
08-10 23:36:07.605 24975 24975 D cellinfo: onCellInfoChanged: Operator: Verizon Wireless UpdateTimestamp: 31000906 CellConnectionStatus: 1
08-10 23:36:07.605 24975 24975 D cellinfo: onCellInfoChanged: LTE Cell Bands: [66, 66, 5, 2] Bandwidth: 10000 Cell ID: 157305100 Physical Cell ID: 117 Tracking Area Code: 3589 EARFCN: 66586
08-10 23:36:07.692 24975 25049 D cellinfo: 46 bytes from 44.241.174.93: icmp_seq=1072 ttl=26 time=66.2 ms
08-10 23:36:07.892 24975 25049 D cellinfo: 46 bytes from 44.241.174.93: icmp_seq=1073 ttl=26 time=65.0 ms
08-10 23:36:08.155 24975 24975 D cellinfo: onServiceStateChanged: Channel Number: 66586 Cell Bandwidths: [10000, 10000, 10000, 10000]
08-10 23:36:08.169 24975 25049 D cellinfo: 46 bytes from 44.241.174.93: icmp_seq=1074 ttl=26 time=141 ms
08-10 23:36:08.299 24975 25049 D cellinfo: 46 bytes from 44.241.174.93: icmp_seq=1075 ttl=26 time=70.8 ms
08-10 23:36:08.499 24975 25049 D cellinfo: 46 bytes from 44.241.174.93: icmp_seq=1076 ttl=26 time=69.9 ms
08-10 23:36:08.707 24975 25049 D cellinfo: 46 bytes from 44.241.174.93: icmp_seq=1077 ttl=26 time=77.3 ms
08-10 23:36:08.899 24975 25049 D cellinfo: 46 bytes from 44.241.174.93: icmp_seq=1078 ttl=26 time=68.3 ms
08-10 23:36:09.099 24975 25049 D cellinfo: 46 bytes from 44.241.174.93: icmp_seq=1079 ttl=26 time=67.0 ms
08-10 23:36:09.300 24975 25049 D cellinfo: 46 bytes from 44.241.174.93: icmp_seq=1080 ttl=26 time=66.9 ms
08-10 23:36:09.499 24975 25049 D cellinfo: 46 bytes from 44.241.174.93: icmp_seq=1081 ttl=26 time=65.1 ms
08-10 23:36:09.707 24975 25049 D cellinfo: 46 bytes from 44.241.174.93: icmp_seq=1082 ttl=26 time=72.2 ms
08-10 23:36:09.900 24975 25049 D cellinfo: 46 bytes from 44.241.174.93: icmp_seq=1083 ttl=26 time=64.4 ms
08-10 23:36:10.099 24975 25049 D cellinfo: 46 bytes from 44.241.174.93: icmp_seq=1084 ttl=26 time=63.0 ms
08-10 23:36:10.317 24975 25049 D cellinfo: 46 bytes from 44.241.174.93: icmp_seq=1085 ttl=26 time=79.1 ms
08-10 23:36:10.510 24975 25049 D cellinfo: 46 bytes from 44.241.174.93: icmp_seq=1086 ttl=26 time=71.6 ms
08-10 23:36:10.697 24975 25049 D cellinfo: 46 bytes from 44.241.174.93: icmp_seq=1087 ttl=26 time=58.1 ms
08-10 23:36:10.897 24975 25049 D cellinfo: 46 bytes from 44.241.174.93: icmp_seq=1088 ttl=26 time=57.1 ms
08-10 23:36:10.972 24975 24975 D cellinfo: Latitude is 39.7589609
08-10 23:36:10.973 24975 24975 D cellinfo: Longitude is -105.0079315
08-10 23:36:10.973 24975 24975 D cellinfo: Instantaneous GPS information: United States, 1681 Central St, Denver, CO 80211, USA
08-10 23:36:10.973 24975 24975 D cellinfo: getCurrentLocation() result: Location (success): 39.7589609, -105.0079315
08-10 23:36:10.976 24975 24975 D cellinfo: onCellInfoChanged: Operator: Verizon Wireless UpdateTimestamp: 31003923 CellConnectionStatus: 1
08-10 23:36:10.976 24975 24975 D cellinfo: onCellInfoChanged: LTE Cell Bands: [66, 66, 5, 2] Bandwidth: 10000 Cell ID: 157305120 Physical Cell ID: 119 Tracking Area Code: 3589 EARFCN: 66586
08-10 23:36:11.109 24975 25049 D cellinfo: 46 bytes from 44.241.174.93: icmp_seq=1089 ttl=26 time=67.6 ms
08-10 23:36:11.309 24975 25049 D cellinfo: 46 bytes from 44.241.174.93: icmp_seq=1090 ttl=26 time=67.7 ms
08-10 23:36:11.509 24975 25049 D cellinfo: 46 bytes from 44.241.174.93: icmp_seq=1091 ttl=26 time=66.6 ms
08-10 23:36:11.709 24975 25049 D cellinfo: 46 bytes from 44.241.174.93: icmp_seq=1092 ttl=26 time=66.4 ms
08-10 23:36:11.909 24975 25049 D cellinfo: 46 bytes from 44.241.174.93: icmp_seq=1093 ttl=26 time=65.6 ms
08-10 23:36:12.109 24975 25049 D cellinfo: 46 bytes from 44.241.174.93: icmp_seq=1094 ttl=26 time=65.6 ms
08-10 23:36:12.244 24975 24975 D cellinfo: onsignalStrengthsChanged: LTE Signal Strength info: rsrp: -67 rsrq: -6 rssi: -53 rssnr: 14
08-10 23:36:12.309 24975 25049 D cellinfo: 46 bytes from 44.241.174.93: icmp_seq=1095 ttl=26 time=65.2 ms
08-10 23:36:12.509 24975 25049 D cellinfo: 46 bytes from 44.241.174.93: icmp_seq=1096 ttl=26 time=63.6 ms
08-10 23:36:12.709 24975 25049 D cellinfo: 46 bytes from 44.241.174.93: icmp_seq=1097 ttl=26 time=64.0 ms
08-10 23:36:12.909 24975 25049 D cellinfo: 46 bytes from 44.241.174.93: icmp_seq=1098 ttl=26 time=62.8 ms
08-10 23:36:13.119 24975 25049 D cellinfo: 46 bytes from 44.241.174.93: icmp_seq=1099 ttl=26 time=72.2 ms
08-10 23:36:13.319 24975 25049 D cellinfo: 46 bytes from 44.241.174.93: icmp_seq=1100 ttl=26 time=71.2 ms
08-10 23:36:13.528 24975 25049 D cellinfo: 46 bytes from 44.241.174.93: icmp_seq=1101 ttl=26 time=78.2 ms
08-10 23:36:13.719 24975 25049 D cellinfo: 46 bytes from 44.241.174.93: icmp_seq=1102 ttl=26 time=68.7 ms
08-10 23:36:13.920 24975 25049 D cellinfo: 46 bytes from 44.241.174.93: icmp_seq=1103 ttl=26 time=68.4 ms
08-10 23:36:13.928 24975 24975 D cellinfo: Latitude is 39.7587298
08-10 23:36:13.928 24975 24975 D cellinfo: Longitude is -105.0082656
08-10 23:36:13.928 24975 24975 D cellinfo: Instantaneous GPS information: United States, 1665 Central St, Denver, CO 80211, USA
08-10 23:36:13.928 24975 24975 D cellinfo: getCurrentLocation() result: Location (success): 39.7587298, -105.0082656
08-10 23:36:13.931 24975 24975 D cellinfo: onCellInfoChanged: Operator: Verizon Wireless UpdateTimestamp: 31006903 CellConnectionStatus: 1
08-10 23:36:13.931 24975 24975 D cellinfo: onCellInfoChanged: LTE Cell Bands: [66, 66, 5, 2] Bandwidth: 10000 Cell ID: 157305120 Physical Cell ID: 119 Tracking Area Code: 3589 EARFCN: 66586
08-10 23:36:14.119 24975 25049 D cellinfo: 46 bytes from 44.241.174.93: icmp_seq=1104 ttl=26 time=67.2 ms
08-10 23:36:14.318 24975 25049 D cellinfo: 46 bytes from 44.241.174.93: icmp_seq=1105 ttl=26 time=65.9 ms
08-10 23:36:14.519 24975 25049 D cellinfo: 46 bytes from 44.241.174.93: icmp_seq=1106 ttl=26 time=65.6 ms
08-10 23:36:14.719 24975 25049 D cellinfo: 46 bytes from 44.241.174.93: icmp_seq=1107 ttl=26 time=65.2 ms
08-10 23:36:14.926 24975 25049 D cellinfo: 46 bytes from 44.241.174.93: icmp_seq=1108 ttl=26 time=71.0 ms
08-10 23:36:15.119 24975 25049 D cellinfo: 46 bytes from 44.241.174.93: icmp_seq=1109 ttl=26 time=63.1 ms
08-10 23:36:15.329 24975 25049 D cellinfo: 46 bytes from 44.241.174.93: icmp_seq=1110 ttl=26 time=71.9 ms
08-10 23:36:15.530 24975 25049 D cellinfo: 46 bytes from 44.241.174.93: icmp_seq=1111 ttl=26 time=71.1 ms
08-10 23:36:15.731 24975 25049 D cellinfo: 46 bytes from 44.241.174.93: icmp_seq=1112 ttl=26 time=70.9 ms
08-10 23:36:15.930 24975 25049 D cellinfo: 46 bytes from 44.241.174.93: icmp_seq=1113 ttl=26 time=68.9 ms
08-10 23:36:16.129 24975 25049 D cellinfo: 46 bytes from 44.241.174.93: icmp_seq=1114 ttl=26 time=67.9 ms
08-10 23:36:16.329 24975 25049 D cellinfo: 46 bytes from 44.241.174.93: icmp_seq=1115 ttl=26 time=66.6 ms
08-10 23:36:16.537 24975 25049 D cellinfo: 46 bytes from 44.241.174.93: icmp_seq=1116 ttl=26 time=74.3 ms
08-10 23:36:16.733 24975 25049 D cellinfo: 46 bytes from 44.241.174.93: icmp_seq=1117 ttl=26 time=68.5 ms
08-10 23:36:16.930 24975 25049 D cellinfo: 46 bytes from 44.241.174.93: icmp_seq=1118 ttl=26 time=63.7 ms
08-10 23:36:16.943 24975 24975 D cellinfo: Latitude is 39.7587972
08-10 23:36:16.943 24975 24975 D cellinfo: Longitude is -105.0081682
08-10 23:36:16.944 24975 24975 D cellinfo: Instantaneous GPS information: United States, 1671 Central St, Denver, CO 80211, USA
08-10 23:36:16.944 24975 24975 D cellinfo: getCurrentLocation() result: Location (success): 39.7587972, -105.0081682
08-10 23:36:16.947 24975 24975 D cellinfo: onCellInfoChanged: Operator: Verizon Wireless UpdateTimestamp: 31009905 CellConnectionStatus: 1
08-10 23:36:16.947 24975 24975 D cellinfo: onCellInfoChanged: LTE Cell Bands: [66, 66, 5, 2] Bandwidth: 10000 Cell ID: 157305120 Physical Cell ID: 119 Tracking Area Code: 3589 EARFCN: 66586
08-10 23:36:17.129 24975 25049 D cellinfo: 46 bytes from 44.241.174.93: icmp_seq=1119 ttl=26 time=62.7 ms
08-10 23:36:17.328 24975 25049 D cellinfo: 46 bytes from 44.241.174.93: icmp_seq=1120 ttl=26 time=61.4 ms
08-10 23:36:17.539 24975 25049 D cellinfo: 46 bytes from 44.241.174.93: icmp_seq=1121 ttl=26 time=72.1 ms
08-10 23:36:17.741 24975 25049 D cellinfo: 46 bytes from 44.241.174.93: icmp_seq=1122 ttl=26 time=71.3 ms
08-10 23:36:17.941 24975 25049 D cellinfo: 46 bytes from 44.241.174.93: icmp_seq=1123 ttl=26 time=71.3 ms
08-10 23:36:18.139 24975 25049 D cellinfo: 46 bytes from 44.241.174.93: icmp_seq=1124 ttl=26 time=70.1 ms
08-10 23:36:18.339 24975 25049 D cellinfo: 46 bytes from 44.241.174.93: icmp_seq=1125 ttl=26 time=69.2 ms
08-10 23:36:18.538 24975 25049 D cellinfo: 46 bytes from 44.241.174.93: icmp_seq=1126 ttl=26 time=67.4 ms
08-10 23:36:18.739 24975 25049 D cellinfo: 46 bytes from 44.241.174.93: icmp_seq=1127 ttl=26 time=67.0 ms
08-10 23:36:18.939 24975 25049 D cellinfo: 46 bytes from 44.241.174.93: icmp_seq=1128 ttl=26 time=66.2 ms
08-10 23:36:19.139 24975 25049 D cellinfo: 46 bytes from 44.241.174.93: icmp_seq=1129 ttl=26 time=65.4 ms
08-10 23:36:19.339 24975 25049 D cellinfo: 46 bytes from 44.241.174.93: icmp_seq=1130 ttl=26 time=64.0 ms
08-10 23:36:19.539 24975 25049 D cellinfo: 46 bytes from 44.241.174.93: icmp_seq=1131 ttl=26 time=63.4 ms
08-10 23:36:19.604 24975 24975 D cellinfo: onCellInfoChanged: Operator: Verizon Wireless UpdateTimestamp: 31012905 CellConnectionStatus: 1
08-10 23:36:19.604 24975 24975 D cellinfo: onCellInfoChanged: LTE Cell Bands: [66, 66, 5, 2] Bandwidth: 10000 Cell ID: 157305120 Physical Cell ID: 119 Tracking Area Code: 3589 EARFCN: 66586
08-10 23:36:19.748 24975 25049 D cellinfo: 46 bytes from 44.241.174.93: icmp_seq=1132 ttl=26 time=72.4 ms
08-10 23:36:19.940 24975 25049 D cellinfo: 46 bytes from 44.241.174.93: icmp_seq=1133 ttl=26 time=63.7 ms
08-10 23:36:20.139 24975 25049 D cellinfo: 46 bytes from 44.241.174.93: icmp_seq=1134 ttl=26 time=62.4 ms
08-10 23:36:20.346 24975 25049 D cellinfo: 46 bytes from 44.241.174.93: icmp_seq=1135 ttl=26 time=67.6 ms
08-10 23:36:20.545 24975 25049 D cellinfo: 46 bytes from 44.241.174.93: icmp_seq=1136 ttl=26 time=65.1 ms
08-10 23:36:20.662 24975 24975 D cellinfo: Latitude is 39.7567848
08-10 23:36:20.662 24975 24975 D cellinfo: Longitude is -105.0108243
08-10 23:36:20.662 24975 24975 D cellinfo: Instantaneous GPS information: United States, 1441 Central St, Denver, CO 80211, USA
08-10 23:36:20.662 24975 24975 D cellinfo: getCurrentLocation() result: Location (success): 39.7567848, -105.0108243
08-10 23:36:20.666 24975 24975 D cellinfo: onsignalStrengthsChanged: LTE Signal Strength info: rsrp: -76 rsrq: -9 rssi: -59 rssnr: 9
08-10 23:36:20.749 24975 25049 D cellinfo: 46 bytes from 44.241.174.93: icmp_seq=1137 ttl=26 time=68.8 ms
08-10 23:36:20.950 24975 25049 D cellinfo: 46 bytes from 44.241.174.93: icmp_seq=1138 ttl=26 time=69.4 ms
08-10 23:36:21.149 24975 25049 D cellinfo: 46 bytes from 44.241.174.93: icmp_seq=1139 ttl=26 time=67.5 ms
08-10 23:36:21.350 24975 25049 D cellinfo: 46 bytes from 44.241.174.93: icmp_seq=1140 ttl=26 time=67.6 ms
08-10 23:36:21.549 24975 25049 D cellinfo: 46 bytes from 44.241.174.93: icmp_seq=1141 ttl=26 time=66.5 ms
08-10 23:36:21.750 24975 25049 D cellinfo: 46 bytes from 44.241.174.93: icmp_seq=1142 ttl=26 time=66.4 ms
08-10 23:36:21.949 24975 25049 D cellinfo: 46 bytes from 44.241.174.93: icmp_seq=1143 ttl=26 time=65.6 ms
08-10 23:36:22.149 24975 25049 D cellinfo: 46 bytes from 44.241.174.93: icmp_seq=1144 ttl=26 time=64.9 ms
08-10 23:36:22.349 24975 25049 D cellinfo: 46 bytes from 44.241.174.93: icmp_seq=1145 ttl=26 time=64.2 ms
08-10 23:36:22.560 24975 25049 D cellinfo: 46 bytes from 44.241.174.93: icmp_seq=1146 ttl=26 time=74.0 ms
08-10 23:36:22.598 24975 24975 D cellinfo: Latitude is 39.7567848
08-10 23:36:22.598 24975 24975 D cellinfo: Longitude is -105.0108243
08-10 23:36:22.598 24975 24975 D cellinfo: Instantaneous GPS information: United States, 1441 Central St, Denver, CO 80211, USA
08-10 23:36:22.598 24975 24975 D cellinfo: getCurrentLocation() result: Location (success): 39.7567848, -105.0108243
08-10 23:36:22.608 24975 24975 D cellinfo: onCellInfoChanged: Operator: Verizon Wireless UpdateTimestamp: 31015905 CellConnectionStatus: 1
08-10 23:36:22.608 24975 24975 D cellinfo: onCellInfoChanged: LTE Cell Bands: [66, 66, 5, 2] Bandwidth: 10000 Cell ID: 157305120 Physical Cell ID: 119 Tracking Area Code: 3589 EARFCN: 66586
08-10 23:36:22.769 24975 25049 D cellinfo: 46 bytes from 44.241.174.93: icmp_seq=1147 ttl=26 time=82.1 ms
08-10 23:36:22.959 24975 25049 D cellinfo: 46 bytes from 44.241.174.93: icmp_seq=1148 ttl=26 time=71.3 ms
08-10 23:36:23.167 24975 25049 D cellinfo: 46 bytes from 44.241.174.93: icmp_seq=1149 ttl=26 time=78.2 ms
08-10 23:36:23.359 24975 25049 D cellinfo: 46 bytes from 44.241.174.93: icmp_seq=1150 ttl=26 time=69.5 ms
08-10 23:36:23.601 24975 25049 D cellinfo: 46 bytes from 44.241.174.93: icmp_seq=1151 ttl=26 time=110 ms
08-10 23:36:23.760 24975 25049 D cellinfo: 46 bytes from 44.241.174.93: icmp_seq=1152 ttl=26 time=69.0 ms
08-10 23:36:23.960 24975 25049 D cellinfo: 46 bytes from 44.241.174.93: icmp_seq=1153 ttl=26 time=67.9 ms
08-10 23:36:24.159 24975 25049 D cellinfo: 46 bytes from 44.241.174.93: icmp_seq=1154 ttl=26 time=66.9 ms
08-10 23:36:24.242 24975 24975 D cellinfo: onsignalStrengthsChanged: LTE Signal Strength info: rsrp: -82 rsrq: -9 rssi: -65 rssnr: 1
08-10 23:36:24.359 24975 25049 D cellinfo: 46 bytes from 44.241.174.93: icmp_seq=1155 ttl=26 time=66.0 ms
08-10 23:36:24.576 24975 25049 D cellinfo: 46 bytes from 44.241.174.93: icmp_seq=1156 ttl=26 time=81.3 ms
08-10 23:36:24.762 24975 25049 D cellinfo: 46 bytes from 44.241.174.93: icmp_seq=1157 ttl=26 time=66.4 ms
08-10 23:36:24.962 24975 25049 D cellinfo: 46 bytes from 44.241.174.93: icmp_seq=1158 ttl=26 time=66.1 ms
08-10 23:36:25.167 24975 25049 D cellinfo: 46 bytes from 44.241.174.93: icmp_seq=1159 ttl=26 time=70.7 ms
08-10 23:36:25.364 24975 25049 D cellinfo: 46 bytes from 44.241.174.93: icmp_seq=1160 ttl=26 time=66.4 ms
08-10 23:36:25.570 24975 25049 D cellinfo: 46 bytes from 44.241.174.93: icmp_seq=1161 ttl=26 time=72.2 ms
08-10 23:36:25.769 24975 25049 D cellinfo: 46 bytes from 44.241.174.93: icmp_seq=1162 ttl=26 time=71.3 ms
08-10 23:36:25.965 24975 24975 D cellinfo: Latitude is 39.7564704
08-10 23:36:25.965 24975 24975 D cellinfo: Longitude is -105.0112333
08-10 23:36:25.965 24975 24975 D cellinfo: Instantaneous GPS information: United States, 2800 15th St, Denver, CO 80211, USA
08-10 23:36:25.966 24975 24975 D cellinfo: getCurrentLocation() result: Location (success): 39.7564704, -105.0112333
08-10 23:36:25.968 24975 25049 D cellinfo: 46 bytes from 44.241.174.93: icmp_seq=1163 ttl=26 time=68.8 ms
08-10 23:36:25.971 24975 24975 D cellinfo: onCellInfoChanged: Operator: Verizon Wireless UpdateTimestamp: 31018924 CellConnectionStatus: 1
08-10 23:36:25.971 24975 24975 D cellinfo: onCellInfoChanged: LTE Cell Bands: [66, 66, 5, 2] Bandwidth: 10000 Cell ID: 157305120 Physical Cell ID: 119 Tracking Area Code: 3589 EARFCN: 66586
08-10 23:36:26.178 24975 25049 D cellinfo: 46 bytes from 44.241.174.93: icmp_seq=1164 ttl=26 time=76.9 ms
08-10 23:36:26.369 24975 25049 D cellinfo: 46 bytes from 44.241.174.93: icmp_seq=1165 ttl=26 time=68.0 ms
08-10 23:36:26.590 24975 25049 D cellinfo: 46 bytes from 44.241.174.93: icmp_seq=1166 ttl=26 time=88.0 ms
08-10 23:36:26.777 24975 25049 D cellinfo: 46 bytes from 44.241.174.93: icmp_seq=1167 ttl=26 time=74.0 ms
08-10 23:36:26.973 24975 25049 D cellinfo: 46 bytes from 44.241.174.93: icmp_seq=1168 ttl=26 time=69.4 ms
08-10 23:36:27.178 24975 25049 D cellinfo: 46 bytes from 44.241.174.93: icmp_seq=1169 ttl=26 time=73.2 ms
08-10 23:36:27.370 24975 25049 D cellinfo: 46 bytes from 44.241.174.93: icmp_seq=1170 ttl=26 time=64.7 ms
08-10 23:36:27.577 24975 25049 D cellinfo: 46 bytes from 44.241.174.93: icmp_seq=1171 ttl=26 time=70.6 ms
08-10 23:36:27.771 24975 25049 D cellinfo: 46 bytes from 44.241.174.93: icmp_seq=1172 ttl=26 time=64.1 ms
08-10 23:36:27.989 24975 25049 D cellinfo: 46 bytes from 44.241.174.93: icmp_seq=1173 ttl=26 time=81.0 ms
08-10 23:36:28.179 24975 25049 D cellinfo: 46 bytes from 44.241.174.93: icmp_seq=1174 ttl=26 time=70.6 ms
08-10 23:36:28.241 24975 24975 D cellinfo: onsignalStrengthsChanged: LTE Signal Strength info: rsrp: -80 rsrq: -7 rssi: -65 rssnr: 8
08-10 23:36:28.379 24975 25049 D cellinfo: 46 bytes from 44.241.174.93: icmp_seq=1175 ttl=26 time=69.8 ms
08-10 23:36:28.579 24975 25049 D cellinfo: 46 bytes from 44.241.174.93: icmp_seq=1176 ttl=26 time=69.3 ms
08-10 23:36:28.775 24975 25049 D cellinfo: 46 bytes from 44.241.174.93: icmp_seq=1177 ttl=26 time=63.3 ms
08-10 23:36:28.925 24975 24975 D cellinfo: Latitude is 39.756218
08-10 23:36:28.925 24975 24975 D cellinfo: Longitude is -105.0115615
08-10 23:36:28.925 24975 24975 D cellinfo: Instantaneous GPS information: United States, 2745 Umatilla St, Denver, CO 80211, USA
08-10 23:36:28.925 24975 24975 D cellinfo: getCurrentLocation() result: Location (success): 39.756218, -105.0115615
08-10 23:36:28.929 24975 24975 D cellinfo: onCellInfoChanged: Operator: Verizon Wireless UpdateTimestamp: 31021913 CellConnectionStatus: 1
08-10 23:36:28.929 24975 24975 D cellinfo: onCellInfoChanged: LTE Cell Bands: [66, 66, 5, 2] Bandwidth: 10000 Cell ID: 157305120 Physical Cell ID: 119 Tracking Area Code: 3589 EARFCN: 66586
08-10 23:36:28.979 24975 25049 D cellinfo: 46 bytes from 44.241.174.93: icmp_seq=1178 ttl=26 time=65.3 ms
08-10 23:36:29.179 24975 25049 D cellinfo: 46 bytes from 44.241.174.93: icmp_seq=1179 ttl=26 time=64.5 ms
08-10 23:36:29.382 24975 25049 D cellinfo: 46 bytes from 44.241.174.93: icmp_seq=1180 ttl=26 time=66.6 ms
08-10 23:36:29.590 24975 25049 D cellinfo: 46 bytes from 44.241.174.93: icmp_seq=1181 ttl=26 time=72.7 ms
08-10 23:36:29.793 24975 25049 D cellinfo: 46 bytes from 44.241.174.93: icmp_seq=1182 ttl=26 time=74.4 ms
08-10 23:36:29.992 24975 25049 D cellinfo: 46 bytes from 44.241.174.93: icmp_seq=1183 ttl=26 time=73.5 ms
08-10 23:36:30.198 24975 25049 D cellinfo: 46 bytes from 44.241.174.93: icmp_seq=1184 ttl=26 time=77.7 ms
08-10 23:36:30.390 24975 25049 D cellinfo: 46 bytes from 44.241.174.93: icmp_seq=1185 ttl=26 time=68.6 ms
08-10 23:36:30.589 24975 25049 D cellinfo: 46 bytes from 44.241.174.93: icmp_seq=1186 ttl=26 time=67.2 ms
08-10 23:36:30.790 24975 25049 D cellinfo: 46 bytes from 44.241.174.93: icmp_seq=1187 ttl=26 time=66.4 ms
08-10 23:36:30.990 24975 25049 D cellinfo: 46 bytes from 44.241.174.93: icmp_seq=1188 ttl=26 time=66.0 ms
08-10 23:36:31.190 24975 25049 D cellinfo: 46 bytes from 44.241.174.93: icmp_seq=1189 ttl=26 time=65.6 ms
08-10 23:36:31.389 24975 25049 D cellinfo: 46 bytes from 44.241.174.93: icmp_seq=1190 ttl=26 time=64.3 ms
08-10 23:36:31.593 24975 25049 D cellinfo: 46 bytes from 44.241.174.93: icmp_seq=1191 ttl=26 time=66.5 ms
08-10 23:36:31.611 24975 24975 D cellinfo: onCellInfoChanged: Operator: Verizon Wireless UpdateTimestamp: 31024911 CellConnectionStatus: 1
08-10 23:36:31.611 24975 24975 D cellinfo: onCellInfoChanged: LTE Cell Bands: [66, 66, 5, 2] Bandwidth: 10000 Cell ID: 157305120 Physical Cell ID: 119 Tracking Area Code: 3589 EARFCN: 66586
08-10 23:36:31.789 24975 25049 D cellinfo: 46 bytes from 44.241.174.93: icmp_seq=1192 ttl=26 time=62.7 ms
08-10 23:36:31.989 24975 25049 D cellinfo: 46 bytes from 44.241.174.93: icmp_seq=1193 ttl=26 time=62.0 ms
08-10 23:36:32.199 24975 25049 D cellinfo: 46 bytes from 44.241.174.93: icmp_seq=1194 ttl=26 time=71.6 ms
08-10 23:36:32.399 24975 25049 D cellinfo: 46 bytes from 44.241.174.93: icmp_seq=1195 ttl=26 time=69.8 ms
08-10 23:36:32.600 24975 25049 D cellinfo: 46 bytes from 44.241.174.93: icmp_seq=1196 ttl=26 time=70.8 ms
08-10 23:36:32.663 24975 24975 D cellinfo: Latitude is 39.7547595
08-10 23:36:32.663 24975 24975 D cellinfo: Longitude is -105.013606
08-10 23:36:32.664 24975 24975 D cellinfo: Instantaneous GPS information: United States, CanAm Hwy, Denver, CO 80211, USA
08-10 23:36:32.664 24975 24975 D cellinfo: getCurrentLocation() result: Location (success): 39.7547595, -105.013606
08-10 23:36:32.789 24975 25049 D cellinfo: 46 bytes from 44.241.174.93: icmp_seq=1197 ttl=26 time=59.8 ms
08-10 23:36:32.999 24975 25049 D cellinfo: 46 bytes from 44.241.174.93: icmp_seq=1198 ttl=26 time=69.2 ms
08-10 23:36:33.199 24975 25049 D cellinfo: 46 bytes from 44.241.174.93: icmp_seq=1199 ttl=26 time=68.1 ms
08-10 23:36:33.408 24975 25049 D cellinfo: 46 bytes from 44.241.174.93: icmp_seq=1200 ttl=26 time=75.6 ms
08-10 23:36:33.608 24975 25049 D cellinfo: 46 bytes from 44.241.174.93: icmp_seq=1201 ttl=26 time=74.2 ms
08-10 23:36:33.799 24975 25049 D cellinfo: 46 bytes from 44.241.174.93: icmp_seq=1202 ttl=26 time=65.1 ms
08-10 23:36:33.880 24975 25049 D cellinfo: 46 bytes from 44.241.174.93: icmp_seq=1202 ttl=26 time=146 ms (DUP!)
08-10 23:36:34.003 24975 25049 D cellinfo: 46 bytes from 44.241.174.93: icmp_seq=1203 ttl=26 time=67.1 ms
08-10 23:36:34.010 24975 24975 D cellinfo: onServiceStateChanged: Channel Number: 66586 Cell Bandwidths: [10000, 10000, 10000]
08-10 23:36:34.049 24975 24975 D cellinfo: onServiceStateChanged: Channel Number: 66586 Cell Bandwidths: [10000, 10000, 10000]
08-10 23:36:34.061 24975 24975 D cellinfo: onDisplayInfoChanged: NetworkType: LTE OverrideNetworkType: LTE-CA
08-10 23:36:34.203 24975 25049 D cellinfo: 46 bytes from 44.241.174.93: icmp_seq=1204 ttl=26 time=68.8 ms
08-10 23:36:34.402 24975 25049 D cellinfo: 46 bytes from 44.241.174.93: icmp_seq=1205 ttl=26 time=67.4 ms
08-10 23:36:34.569 24975 24975 D cellinfo: Latitude is 39.7547595
08-10 23:36:34.569 24975 24975 D cellinfo: Longitude is -105.013606
08-10 23:36:34.569 24975 24975 D cellinfo: Instantaneous GPS information: United States, CanAm Hwy, Denver, CO 80211, USA
08-10 23:36:34.569 24975 24975 D cellinfo: getCurrentLocation() result: Location (success): 39.7547595, -105.013606
08-10 23:36:34.602 24975 25049 D cellinfo: 46 bytes from 44.241.174.93: icmp_seq=1206 ttl=26 time=66.4 ms
08-10 23:36:34.612 24975 24975 D cellinfo: onCellInfoChanged: Operator: Verizon Wireless UpdateTimestamp: 31027912 CellConnectionStatus: 1
08-10 23:36:34.612 24975 24975 D cellinfo: onCellInfoChanged: LTE Cell Bands: [66, 66, 2] Bandwidth: 10000 Cell ID: 80478988 Physical Cell ID: 213 Tracking Area Code: 3585 EARFCN: 66586
08-10 23:36:34.797 24975 25049 D cellinfo: 46 bytes from 44.241.174.93: icmp_seq=1207 ttl=26 time=60.5 ms
08-10 23:36:35.001 24975 24975 D cellinfo: onsignalStrengthsChanged: LTE Signal Strength info: rsrp: -77 rsrq: -6 rssi: -63 rssnr: 15
08-10 23:36:35.010 24975 25049 D cellinfo: 46 bytes from 44.241.174.93: icmp_seq=1208 ttl=26 time=72.3 ms
08-10 23:36:35.202 24975 25049 D cellinfo: 46 bytes from 44.241.174.93: icmp_seq=1209 ttl=26 time=64.0 ms
08-10 23:36:35.403 24975 25049 D cellinfo: 46 bytes from 44.241.174.93: icmp_seq=1210 ttl=26 time=63.6 ms
08-10 23:36:35.603 24975 25049 D cellinfo: 46 bytes from 44.241.174.93: icmp_seq=1211 ttl=26 time=63.9 ms
08-10 23:36:35.813 24975 25049 D cellinfo: 46 bytes from 44.241.174.93: icmp_seq=1212 ttl=26 time=72.1 ms
08-10 23:36:36.012 24975 25049 D cellinfo: 46 bytes from 44.241.174.93: icmp_seq=1213 ttl=26 time=70.8 ms
08-10 23:36:36.212 24975 25049 D cellinfo: 46 bytes from 44.241.174.93: icmp_seq=1214 ttl=26 time=71.1 ms
08-10 23:36:36.412 24975 25049 D cellinfo: 46 bytes from 44.241.174.93: icmp_seq=1215 ttl=26 time=70.2 ms
08-10 23:36:36.612 24975 25049 D cellinfo: 46 bytes from 44.241.174.93: icmp_seq=1216 ttl=26 time=69.4 ms
08-10 23:36:36.812 24975 25049 D cellinfo: 46 bytes from 44.241.174.93: icmp_seq=1217 ttl=26 time=68.6 ms
08-10 23:36:37.022 24975 25049 D cellinfo: 46 bytes from 44.241.174.93: icmp_seq=1218 ttl=26 time=76.8 ms
08-10 23:36:37.211 24975 25049 D cellinfo: 46 bytes from 44.241.174.93: icmp_seq=1219 ttl=26 time=66.3 ms
08-10 23:36:37.420 24975 25049 D cellinfo: 46 bytes from 44.241.174.93: icmp_seq=1220 ttl=26 time=74.4 ms
08-10 23:36:37.448 24975 24975 D cellinfo: onCellInfoChanged: Operator: Verizon Wireless UpdateTimestamp: 31030749 CellConnectionStatus: 1
08-10 23:36:37.448 24975 24975 D cellinfo: onCellInfoChanged: LTE Cell Bands: [66, 66, 2] Bandwidth: 10000 Cell ID: 80478988 Physical Cell ID: 213 Tracking Area Code: 3585 EARFCN: 66586
08-10 23:36:37.612 24975 25049 D cellinfo: 46 bytes from 44.241.174.93: icmp_seq=1221 ttl=26 time=65.7 ms
08-10 23:36:37.824 24975 25049 D cellinfo: 46 bytes from 44.241.174.93: icmp_seq=1222 ttl=26 time=76.7 ms
08-10 23:36:37.939 24975 24975 D cellinfo: Latitude is 39.7541934
08-10 23:36:37.939 24975 24975 D cellinfo: Longitude is -105.0143807
08-10 23:36:37.939 24975 24975 D cellinfo: Instantaneous GPS information: United States, CanAm Hwy, Denver, CO 80211, USA
08-10 23:36:37.939 24975 24975 D cellinfo: getCurrentLocation() result: Location (success): 39.7541934, -105.0143807
08-10 23:36:38.019 24975 25049 D cellinfo: 46 bytes from 44.241.174.93: icmp_seq=1223 ttl=26 time=71.6 ms
08-10 23:36:38.244 24975 25049 D cellinfo: 46 bytes from 44.241.174.93: icmp_seq=1224 ttl=26 time=96.4 ms
08-10 23:36:38.413 24975 25049 D cellinfo: 46 bytes from 44.241.174.93: icmp_seq=1225 ttl=26 time=64.1 ms
08-10 23:36:38.620 24975 25049 D cellinfo: 46 bytes from 44.241.174.93: icmp_seq=1226 ttl=26 time=70.7 ms
08-10 23:36:38.832 24975 25049 D cellinfo: 46 bytes from 44.241.174.93: icmp_seq=1227 ttl=26 time=80.7 ms
08-10 23:36:39.007 24975 24975 D cellinfo: onsignalStrengthsChanged: LTE Signal Strength info: rsrp: -94 rsrq: -18 rssi: -69 rssnr: -3
08-10 23:36:39.022 24975 25049 D cellinfo: 46 bytes from 44.241.174.93: icmp_seq=1228 ttl=26 time=70.5 ms
08-10 23:36:39.269 24975 24975 D cellinfo: onServiceStateChanged: Channel Number: 66586 Cell Bandwidths: [10000, 10000, 10000, 10000]
08-10 23:36:39.393 24975 25049 D cellinfo: 46 bytes from 44.241.174.93: icmp_seq=1229 ttl=26 time=241 ms
08-10 23:36:39.481 24975 25049 D cellinfo: 46 bytes from 44.241.174.93: icmp_seq=1230 ttl=26 time=127 ms
08-10 23:36:39.529 24975 24975 D cellinfo: onServiceStateChanged: Channel Number: 66586 Cell Bandwidths: [10000, 10000, 10000, 10000]
08-10 23:36:39.543 24975 24975 D cellinfo: onDisplayInfoChanged: NetworkType: LTE OverrideNetworkType: 5G (Sub-6 GHz)
08-10 23:36:39.640 24975 25049 D cellinfo: 46 bytes from 44.241.174.93: icmp_seq=1231 ttl=26 time=86.8 ms
08-10 23:36:39.823 24975 25049 D cellinfo: 46 bytes from 44.241.174.93: icmp_seq=1232 ttl=26 time=69.7 ms
08-10 23:36:40.029 24975 25049 D cellinfo: 46 bytes from 44.241.174.93: icmp_seq=1233 ttl=26 time=74.9 ms
08-10 23:36:40.289 24975 25049 D cellinfo: 46 bytes from 44.241.174.93: icmp_seq=1234 ttl=26 time=134 ms
08-10 23:36:40.442 24975 25049 D cellinfo: 46 bytes from 44.241.174.93: icmp_seq=1235 ttl=26 time=87.4 ms
08-10 23:36:40.629 24975 25049 D cellinfo: 46 bytes from 44.241.174.93: icmp_seq=1236 ttl=26 time=73.3 ms
08-10 23:36:40.832 24975 25049 D cellinfo: 46 bytes from 44.241.174.93: icmp_seq=1237 ttl=26 time=75.8 ms
08-10 23:36:41.029 24975 25049 D cellinfo: 46 bytes from 44.241.174.93: icmp_seq=1238 ttl=26 time=72.3 ms
08-10 23:36:41.043 24975 24975 D cellinfo: Latitude is 39.7535646
08-10 23:36:41.043 24975 24975 D cellinfo: Longitude is -105.015125
08-10 23:36:41.043 24975 24975 D cellinfo: Instantaneous GPS information: United States, CanAm Hwy, Denver, CO 80211, USA
08-10 23:36:41.043 24975 24975 D cellinfo: getCurrentLocation() result: Location (success): 39.7535646, -105.015125
