08-10 20:40:12.094 28973 29024 D cellinfo: 46 bytes from 44.241.174.93: icmp_seq=632 ttl=26 time=73.0 ms
08-10 20:40:12.295 28973 29024 D cellinfo: 46 bytes from 44.241.174.93: icmp_seq=633 ttl=26 time=72.9 ms
08-10 20:40:12.521 28973 29024 D cellinfo: 46 bytes from 44.241.174.93: icmp_seq=634 ttl=26 time=98.2 ms
08-10 20:40:12.697 28973 29024 D cellinfo: 46 bytes from 44.241.174.93: icmp_seq=635 ttl=26 time=73.4 ms
08-10 20:40:12.895 28973 29024 D cellinfo: 46 bytes from 44.241.174.93: icmp_seq=636 ttl=26 time=69.7 ms
08-10 20:40:13.103 28973 29024 D cellinfo: 46 bytes from 44.241.174.93: icmp_seq=637 ttl=26 time=77.5 ms
08-10 20:40:13.294 28973 29024 D cellinfo: 46 bytes from 44.241.174.93: icmp_seq=638 ttl=26 time=68.1 ms
08-10 20:40:13.493 28973 29024 D cellinfo: 46 bytes from 44.241.174.93: icmp_seq=639 ttl=26 time=65.9 ms
08-10 20:40:13.705 28973 29024 D cellinfo: 46 bytes from 44.241.174.93: icmp_seq=640 ttl=26 time=75.8 ms
08-10 20:40:13.733 28973 28973 D cellinfo: Latitude is 41.4396184
08-10 20:40:13.733 28973 28973 D cellinfo: Longitude is -105.9440358
08-10 20:40:13.734 28973 28973 D cellinfo: Instantaneous GPS information: United States, 176 Hunt Rd, Laramie, WY 82070, USA
08-10 20:40:13.734 28973 28973 D cellinfo: getCurrentLocation() result: Location (success): 41.4396184, -105.9440358
08-10 20:40:13.738 28973 28973 D cellinfo: onCellInfoChanged: Operator: Verizon Wireless UpdateTimestamp: 20446693 CellConnectionStatus: 1
08-10 20:40:13.738 28973 28973 D cellinfo: onCellInfoChanged: LTE Cell Bands: [66, 66, 66] Bandwidth: 10000 Cell ID: 4497686 Physical Cell ID: 16 Tracking Area Code: 4361 EARFCN: 66586
08-10 20:40:13.904 28973 29024 D cellinfo: 46 bytes from 44.241.174.93: icmp_seq=641 ttl=26 time=74.6 ms
08-10 20:40:14.105 28973 29024 D cellinfo: 46 bytes from 44.241.174.93: icmp_seq=642 ttl=26 time=74.6 ms
08-10 20:40:14.306 28973 29024 D cellinfo: 46 bytes from 44.241.174.93: icmp_seq=643 ttl=26 time=75.0 ms
08-10 20:40:14.505 28973 29024 D cellinfo: 46 bytes from 44.241.174.93: icmp_seq=644 ttl=26 time=72.0 ms
08-10 20:40:14.531 28973 28973 D cellinfo: onsignalStrengthsChanged: LTE Signal Strength info: rsrp: -107 rsrq: -8 rssi: -89 rssnr: 19
08-10 20:40:14.704 28973 29024 D cellinfo: 46 bytes from 44.241.174.93: icmp_seq=645 ttl=26 time=71.0 ms
08-10 20:40:14.909 28973 29024 D cellinfo: 46 bytes from 44.241.174.93: icmp_seq=646 ttl=26 time=75.1 ms
08-10 20:40:15.107 28973 29024 D cellinfo: 46 bytes from 44.241.174.93: icmp_seq=647 ttl=26 time=72.5 ms
08-10 20:40:15.306 28973 29024 D cellinfo: 46 bytes from 44.241.174.93: icmp_seq=648 ttl=26 time=71.1 ms
08-10 20:40:15.504 28973 29024 D cellinfo: 46 bytes from 44.241.174.93: icmp_seq=649 ttl=26 time=68.2 ms
08-10 20:40:15.704 28973 29024 D cellinfo: 46 bytes from 44.241.174.93: icmp_seq=650 ttl=26 time=67.1 ms
08-10 20:40:15.911 28973 29024 D cellinfo: 46 bytes from 44.241.174.93: icmp_seq=651 ttl=26 time=73.3 ms
08-10 20:40:16.115 28973 29024 D cellinfo: 46 bytes from 44.241.174.93: icmp_seq=652 ttl=26 time=76.8 ms
08-10 20:40:16.315 28973 29024 D cellinfo: 46 bytes from 44.241.174.93: icmp_seq=653 ttl=26 time=76.1 ms
08-10 20:40:16.520 28973 29024 D cellinfo: 46 bytes from 44.241.174.93: icmp_seq=654 ttl=26 time=79.9 ms
08-10 20:40:16.713 28973 29024 D cellinfo: 46 bytes from 44.241.174.93: icmp_seq=655 ttl=26 time=71.2 ms
08-10 20:40:16.790 28973 28973 D cellinfo: Latitude is 41.4395986
08-10 20:40:16.790 28973 28973 D cellinfo: Longitude is -105.9440414
08-10 20:40:16.790 28973 28973 D cellinfo: Instantaneous GPS information: United States, 176 Hunt Rd, Laramie, WY 82070, USA
08-10 20:40:16.790 28973 28973 D cellinfo: getCurrentLocation() result: Location (success): 41.4395986, -105.9440414
08-10 20:40:16.794 28973 28973 D cellinfo: onCellInfoChanged: Operator: Verizon Wireless UpdateTimestamp: 20449675 CellConnectionStatus: 1
08-10 20:40:16.794 28973 28973 D cellinfo: onCellInfoChanged: LTE Cell Bands: [66, 66, 66] Bandwidth: 10000 Cell ID: 4497686 Physical Cell ID: 16 Tracking Area Code: 4361 EARFCN: 66586
08-10 20:40:16.916 28973 29024 D cellinfo: 46 bytes from 44.241.174.93: icmp_seq=656 ttl=26 time=74.0 ms
08-10 20:40:17.114 28973 29024 D cellinfo: 46 bytes from 44.241.174.93: icmp_seq=657 ttl=26 time=71.1 ms
08-10 20:40:17.316 28973 29024 D cellinfo: 46 bytes from 44.241.174.93: icmp_seq=658 ttl=26 time=72.4 ms
08-10 20:40:17.514 28973 29024 D cellinfo: 46 bytes from 44.241.174.93: icmp_seq=659 ttl=26 time=69.2 ms
08-10 20:40:17.716 28973 29024 D cellinfo: 46 bytes from 44.241.174.93: icmp_seq=660 ttl=26 time=69.5 ms
08-10 20:40:17.930 28973 29024 D cellinfo: 46 bytes from 44.241.174.93: icmp_seq=661 ttl=26 time=83.0 ms
08-10 20:40:18.115 28973 29024 D cellinfo: 46 bytes from 44.241.174.93: icmp_seq=662 ttl=26 time=67.7 ms
08-10 20:40:18.324 28973 29024 D cellinfo: 46 bytes from 44.241.174.93: icmp_seq=663 ttl=26 time=76.1 ms
08-10 20:40:18.524 28973 29024 D cellinfo: 46 bytes from 44.241.174.93: icmp_seq=664 ttl=26 time=75.1 ms
08-10 20:40:18.724 28973 29024 D cellinfo: 46 bytes from 44.241.174.93: icmp_seq=665 ttl=26 time=74.0 ms
08-10 20:40:18.933 28973 29024 D cellinfo: 46 bytes from 44.241.174.93: icmp_seq=666 ttl=26 time=82.5 ms
08-10 20:40:19.124 28973 29024 D cellinfo: 46 bytes from 44.241.174.93: icmp_seq=667 ttl=26 time=72.3 ms
08-10 20:40:19.332 28973 29024 D cellinfo: 46 bytes from 44.241.174.93: icmp_seq=668 ttl=26 time=79.9 ms
08-10 20:40:19.377 28973 28973 D cellinfo: onCellInfoChanged: Operator: Verizon Wireless UpdateTimestamp: 20452678 CellConnectionStatus: 1
08-10 20:40:19.377 28973 28973 D cellinfo: onCellInfoChanged: LTE Cell Bands: [66, 66, 66] Bandwidth: 10000 Cell ID: 4497686 Physical Cell ID: 16 Tracking Area Code: 4361 EARFCN: 66586
08-10 20:40:19.524 28973 29024 D cellinfo: 46 bytes from 44.241.174.93: icmp_seq=669 ttl=26 time=71.3 ms
08-10 20:40:19.531 28973 28973 D cellinfo: onsignalStrengthsChanged: LTE Signal Strength info: rsrp: -104 rsrq: -8 rssi: -89 rssnr: 19
08-10 20:40:19.724 28973 29024 D cellinfo: 46 bytes from 44.241.174.93: icmp_seq=670 ttl=26 time=69.8 ms
08-10 20:40:19.933 28973 29024 D cellinfo: 46 bytes from 44.241.174.93: icmp_seq=671 ttl=26 time=78.5 ms
08-10 20:40:20.124 28973 29024 D cellinfo: 46 bytes from 44.241.174.93: icmp_seq=672 ttl=26 time=68.3 ms
08-10 20:40:20.327 28973 29024 D cellinfo: 46 bytes from 44.241.174.93: icmp_seq=673 ttl=26 time=69.5 ms
08-10 20:40:20.490 28973 28973 D cellinfo: Latitude is 41.4398207
08-10 20:40:20.490 28973 28973 D cellinfo: Longitude is -105.9438059
08-10 20:40:20.490 28973 28973 D cellinfo: Instantaneous GPS information: United States, 176 Hunt Rd, Laramie, WY 82070, USA
08-10 20:40:20.490 28973 28973 D cellinfo: getCurrentLocation() result: Location (success): 41.4398207, -105.9438059
08-10 20:40:20.551 28973 29024 D cellinfo: 46 bytes from 44.241.174.93: icmp_seq=674 ttl=26 time=93.1 ms
08-10 20:40:20.735 28973 29024 D cellinfo: 46 bytes from 44.241.174.93: icmp_seq=675 ttl=26 time=76.5 ms
08-10 20:40:20.940 28973 29024 D cellinfo: 46 bytes from 44.241.174.93: icmp_seq=676 ttl=26 time=79.6 ms
08-10 20:40:21.138 28973 29024 D cellinfo: 46 bytes from 44.241.174.93: icmp_seq=677 ttl=26 time=77.3 ms
08-10 20:40:21.335 28973 29024 D cellinfo: 46 bytes from 44.241.174.93: icmp_seq=678 ttl=26 time=73.8 ms
08-10 20:40:21.544 28973 29024 D cellinfo: 46 bytes from 44.241.174.93: icmp_seq=679 ttl=26 time=81.0 ms
08-10 20:40:21.742 28973 29024 D cellinfo: 46 bytes from 44.241.174.93: icmp_seq=680 ttl=26 time=79.6 ms
08-10 20:40:21.958 28973 29024 D cellinfo: 46 bytes from 44.241.174.93: icmp_seq=681 ttl=26 time=95.1 ms
08-10 20:40:22.135 28973 29024 D cellinfo: 46 bytes from 44.241.174.93: icmp_seq=682 ttl=26 time=71.2 ms
08-10 20:40:22.340 28973 29024 D cellinfo: 46 bytes from 44.241.174.93: icmp_seq=683 ttl=26 time=74.9 ms
08-10 20:40:22.361 28973 28973 D cellinfo: Latitude is 41.4398207
08-10 20:40:22.361 28973 28973 D cellinfo: Longitude is -105.9438059
08-10 20:40:22.361 28973 28973 D cellinfo: Instantaneous GPS information: United States, 176 Hunt Rd, Laramie, WY 82070, USA
08-10 20:40:22.361 28973 28973 D cellinfo: getCurrentLocation() result: Location (success): 41.4398207, -105.9438059
08-10 20:40:22.389 28973 28973 D cellinfo: onCellInfoChanged: Operator: Verizon Wireless UpdateTimestamp: 20455691 CellConnectionStatus: 1
08-10 20:40:22.389 28973 28973 D cellinfo: onCellInfoChanged: LTE Cell Bands: [66, 66, 66] Bandwidth: 10000 Cell ID: 4497686 Physical Cell ID: 16 Tracking Area Code: 4361 EARFCN: 66586
08-10 20:40:22.525 28973 28973 D cellinfo: onsignalStrengthsChanged: LTE Signal Strength info: rsrp: -110 rsrq: -10 rssi: -93 rssnr: 16
08-10 20:40:22.539 28973 29024 D cellinfo: 46 bytes from 44.241.174.93: icmp_seq=684 ttl=26 time=73.3 ms
08-10 20:40:22.742 28973 29024 D cellinfo: 46 bytes from 44.241.174.93: icmp_seq=685 ttl=26 time=75.5 ms
08-10 20:40:22.935 28973 29024 D cellinfo: 46 bytes from 44.241.174.93: icmp_seq=686 ttl=26 time=67.3 ms
08-10 20:40:23.147 28973 29024 D cellinfo: 46 bytes from 44.241.174.93: icmp_seq=687 ttl=26 time=78.1 ms
08-10 20:40:23.346 28973 29024 D cellinfo: 46 bytes from 44.241.174.93: icmp_seq=688 ttl=26 time=75.5 ms
08-10 20:40:23.545 28973 29024 D cellinfo: 46 bytes from 44.241.174.93: icmp_seq=689 ttl=26 time=74.8 ms
08-10 20:40:23.754 28973 29024 D cellinfo: 46 bytes from 44.241.174.93: icmp_seq=690 ttl=26 time=82.6 ms
08-10 20:40:23.963 28973 29024 D cellinfo: 46 bytes from 44.241.174.93: icmp_seq=691 ttl=26 time=91.3 ms
08-10 20:40:24.147 28973 29024 D cellinfo: 46 bytes from 44.241.174.93: icmp_seq=692 ttl=26 time=72.8 ms
08-10 20:40:24.349 28973 29024 D cellinfo: 46 bytes from 44.241.174.93: icmp_seq=693 ttl=26 time=75.6 ms
08-10 20:40:24.558 28973 29024 D cellinfo: 46 bytes from 44.241.174.93: icmp_seq=694 ttl=26 time=83.9 ms
08-10 20:40:24.747 28973 29024 D cellinfo: 46 bytes from 44.241.174.93: icmp_seq=695 ttl=26 time=72.1 ms
08-10 20:40:24.945 28973 29024 D cellinfo: 46 bytes from 44.241.174.93: icmp_seq=696 ttl=26 time=69.4 ms
08-10 20:40:25.152 28973 29024 D cellinfo: 46 bytes from 44.241.174.93: icmp_seq=697 ttl=26 time=75.4 ms
08-10 20:40:25.363 28973 29024 D cellinfo: 46 bytes from 44.241.174.93: icmp_seq=698 ttl=26 time=85.1 ms
08-10 20:40:25.556 28973 29024 D cellinfo: 46 bytes from 44.241.174.93: icmp_seq=699 ttl=26 time=76.1 ms
08-10 20:40:25.756 28973 29024 D cellinfo: 46 bytes from 44.241.174.93: icmp_seq=700 ttl=26 time=74.9 ms
08-10 20:40:25.769 28973 28973 D cellinfo: Latitude is 41.4398667
08-10 20:40:25.769 28973 28973 D cellinfo: Longitude is -105.9437047
08-10 20:40:25.769 28973 28973 D cellinfo: Instantaneous GPS information: United States, 176 Hunt Rd, Laramie, WY 82070, USA
08-10 20:40:25.769 28973 28973 D cellinfo: getCurrentLocation() result: Location (success): 41.4398667, -105.9437047
08-10 20:40:25.776 28973 28973 D cellinfo: onCellInfoChanged: Operator: Verizon Wireless UpdateTimestamp: 20458700 CellConnectionStatus: 1
08-10 20:40:25.776 28973 28973 D cellinfo: onCellInfoChanged: LTE Cell Bands: [66, 66, 66] Bandwidth: 10000 Cell ID: 4497686 Physical Cell ID: 16 Tracking Area Code: 4361 EARFCN: 66586
08-10 20:40:25.976 28973 29024 D cellinfo: 46 bytes from 44.241.174.93: icmp_seq=701 ttl=26 time=94.2 ms
08-10 20:40:26.156 28973 29024 D cellinfo: 46 bytes from 44.241.174.93: icmp_seq=702 ttl=26 time=74.3 ms
08-10 20:40:26.364 28973 29024 D cellinfo: 46 bytes from 44.241.174.93: icmp_seq=703 ttl=26 time=81.1 ms
08-10 20:40:26.567 28973 29024 D cellinfo: 46 bytes from 44.241.174.93: icmp_seq=704 ttl=26 time=82.6 ms
08-10 20:40:26.758 28973 29024 D cellinfo: 46 bytes from 44.241.174.93: icmp_seq=705 ttl=26 time=73.8 ms
08-10 20:40:26.957 28973 29024 D cellinfo: 46 bytes from 44.241.174.93: icmp_seq=706 ttl=26 time=71.9 ms
08-10 20:40:27.155 28973 29024 D cellinfo: 46 bytes from 44.241.174.93: icmp_seq=707 ttl=26 time=67.9 ms
08-10 20:40:27.365 28973 29024 D cellinfo: 46 bytes from 44.241.174.93: icmp_seq=708 ttl=26 time=78.0 ms
08-10 20:40:27.555 28973 29024 D cellinfo: 46 bytes from 44.241.174.93: icmp_seq=709 ttl=26 time=66.7 ms
08-10 20:40:27.767 28973 29024 D cellinfo: 46 bytes from 44.241.174.93: icmp_seq=710 ttl=26 time=77.6 ms
08-10 20:40:27.982 28973 29024 D cellinfo: 46 bytes from 44.241.174.93: icmp_seq=711 ttl=26 time=93.0 ms
08-10 20:40:28.166 28973 29024 D cellinfo: 46 bytes from 44.241.174.93: icmp_seq=712 ttl=26 time=75.1 ms
08-10 20:40:28.367 28973 29024 D cellinfo: 46 bytes from 44.241.174.93: icmp_seq=713 ttl=26 time=75.7 ms
08-10 20:40:28.585 28973 29024 D cellinfo: 46 bytes from 44.241.174.93: icmp_seq=714 ttl=26 time=93.4 ms
08-10 20:40:28.767 28973 29024 D cellinfo: 46 bytes from 44.241.174.93: icmp_seq=715 ttl=26 time=73.5 ms
08-10 20:40:28.767 28973 28973 D cellinfo: Latitude is 41.4398986
08-10 20:40:28.768 28973 28973 D cellinfo: Longitude is -105.9436349
08-10 20:40:28.768 28973 28973 D cellinfo: Instantaneous GPS information: United States, 176 Hunt Rd, Laramie, WY 82070, USA
08-10 20:40:28.768 28973 28973 D cellinfo: getCurrentLocation() result: Location (success): 41.4398986, -105.9436349
08-10 20:40:28.772 28973 28973 D cellinfo: onCellInfoChanged: Operator: Verizon Wireless UpdateTimestamp: 20461701 CellConnectionStatus: 1
08-10 20:40:28.772 28973 28973 D cellinfo: onCellInfoChanged: LTE Cell Bands: [66, 66, 66] Bandwidth: 10000 Cell ID: 4497686 Physical Cell ID: 16 Tracking Area Code: 4361 EARFCN: 66586
08-10 20:40:28.964 28973 29024 D cellinfo: 46 bytes from 44.241.174.93: icmp_seq=716 ttl=26 time=70.7 ms
08-10 20:40:29.163 28973 29024 D cellinfo: 46 bytes from 44.241.174.93: icmp_seq=717 ttl=26 time=69.3 ms
08-10 20:40:29.364 28973 29024 D cellinfo: 46 bytes from 44.241.174.93: icmp_seq=718 ttl=26 time=69.0 ms
08-10 20:40:29.566 28973 29024 D cellinfo: 46 bytes from 44.241.174.93: icmp_seq=719 ttl=26 time=69.2 ms
08-10 20:40:29.764 28973 29024 D cellinfo: 46 bytes from 44.241.174.93: icmp_seq=720 ttl=26 time=67.6 ms
08-10 20:40:29.968 28973 29024 D cellinfo: 46 bytes from 44.241.174.93: icmp_seq=721 ttl=26 time=70.0 ms
08-10 20:40:30.175 28973 29024 D cellinfo: 46 bytes from 44.241.174.93: icmp_seq=722 ttl=26 time=76.0 ms
08-10 20:40:30.376 28973 29024 D cellinfo: 46 bytes from 44.241.174.93: icmp_seq=723 ttl=26 time=76.7 ms
08-10 20:40:30.574 28973 29024 D cellinfo: 46 bytes from 44.241.174.93: icmp_seq=724 ttl=26 time=74.2 ms
08-10 20:40:30.774 28973 29024 D cellinfo: 46 bytes from 44.241.174.93: icmp_seq=725 ttl=26 time=73.0 ms
08-10 20:40:30.977 28973 29024 D cellinfo: 46 bytes from 44.241.174.93: icmp_seq=726 ttl=26 time=74.4 ms
08-10 20:40:31.178 28973 29024 D cellinfo: 46 bytes from 44.241.174.93: icmp_seq=727 ttl=26 time=74.7 ms
08-10 20:40:31.375 28973 29024 D cellinfo: 46 bytes from 44.241.174.93: icmp_seq=728 ttl=26 time=71.0 ms
08-10 20:40:31.575 28973 29024 D cellinfo: 46 bytes from 44.241.174.93: icmp_seq=729 ttl=26 time=70.0 ms
08-10 20:40:31.755 28973 28973 D cellinfo: Latitude is 41.4398902
08-10 20:40:31.755 28973 28973 D cellinfo: Longitude is -105.9436548
08-10 20:40:31.755 28973 28973 D cellinfo: Instantaneous GPS information: United States, 176 Hunt Rd, Laramie, WY 82070, USA
08-10 20:40:31.755 28973 28973 D cellinfo: getCurrentLocation() result: Location (success): 41.4398902, -105.9436548
08-10 20:40:31.759 28973 28973 D cellinfo: onCellInfoChanged: Operator: Verizon Wireless UpdateTimestamp: 20464687 CellConnectionStatus: 1
08-10 20:40:31.760 28973 28973 D cellinfo: onCellInfoChanged: LTE Cell Bands: [66, 66, 66] Bandwidth: 10000 Cell ID: 4497686 Physical Cell ID: 16 Tracking Area Code: 4361 EARFCN: 66586
08-10 20:40:31.760 28973 28973 D cellinfo: onsignalStrengthsChanged: LTE Signal Strength info: rsrp: -114 rsrq: -12 rssi: -95 rssnr: 10
08-10 20:40:31.779 28973 29024 D cellinfo: 46 bytes from 44.241.174.93: icmp_seq=730 ttl=26 time=72.9 ms
08-10 20:40:31.975 28973 29024 D cellinfo: 46 bytes from 44.241.174.93: icmp_seq=731 ttl=26 time=68.0 ms
08-10 20:40:32.183 28973 29024 D cellinfo: 46 bytes from 44.241.174.93: icmp_seq=732 ttl=26 time=76.3 ms
08-10 20:40:32.407 28973 29024 D cellinfo: 46 bytes from 44.241.174.93: icmp_seq=733 ttl=26 time=99.2 ms
08-10 20:40:32.595 28973 29024 D cellinfo: 46 bytes from 44.241.174.93: icmp_seq=734 ttl=26 time=86.3 ms
08-10 20:40:32.785 28973 29024 D cellinfo: 46 bytes from 44.241.174.93: icmp_seq=735 ttl=26 time=74.4 ms
08-10 20:40:33.003 28973 29024 D cellinfo: 46 bytes from 44.241.174.93: icmp_seq=736 ttl=26 time=92.6 ms
08-10 20:40:33.184 28973 29024 D cellinfo: 46 bytes from 44.241.174.93: icmp_seq=737 ttl=26 time=74.1 ms
08-10 20:40:33.385 28973 29024 D cellinfo: 46 bytes from 44.241.174.93: icmp_seq=738 ttl=26 time=74.1 ms
08-10 20:40:33.584 28973 29024 D cellinfo: 46 bytes from 44.241.174.93: icmp_seq=739 ttl=26 time=72.3 ms
08-10 20:40:33.785 28973 29024 D cellinfo: 46 bytes from 44.241.174.93: icmp_seq=740 ttl=26 time=71.2 ms
08-10 20:40:33.986 28973 29024 D cellinfo: 46 bytes from 44.241.174.93: icmp_seq=741 ttl=26 time=71.3 ms
08-10 20:40:34.192 28973 29024 D cellinfo: 46 bytes from 44.241.174.93: icmp_seq=742 ttl=26 time=77.8 ms
08-10 20:40:34.386 28973 29024 D cellinfo: 46 bytes from 44.241.174.93: icmp_seq=743 ttl=26 time=71.7 ms
08-10 20:40:34.393 28973 28973 D cellinfo: onCellInfoChanged: Operator: Verizon Wireless UpdateTimestamp: 20467688 CellConnectionStatus: 1
08-10 20:40:34.394 28973 28973 D cellinfo: onCellInfoChanged: LTE Cell Bands: [66, 66, 66] Bandwidth: 10000 Cell ID: 4497686 Physical Cell ID: 16 Tracking Area Code: 4361 EARFCN: 66586
08-10 20:40:34.611 28973 29024 D cellinfo: 46 bytes from 44.241.174.93: icmp_seq=744 ttl=26 time=95.9 ms
08-10 20:40:34.785 28973 29024 D cellinfo: 46 bytes from 44.241.174.93: icmp_seq=745 ttl=26 time=68.3 ms
08-10 20:40:34.985 28973 29024 D cellinfo: 46 bytes from 44.241.174.93: icmp_seq=746 ttl=26 time=67.5 ms
08-10 20:40:35.185 28973 29024 D cellinfo: 46 bytes from 44.241.174.93: icmp_seq=747 ttl=26 time=66.8 ms
08-10 20:40:35.394 28973 29024 D cellinfo: 46 bytes from 44.241.174.93: icmp_seq=748 ttl=26 time=74.8 ms
08-10 20:40:35.453 28973 28973 D cellinfo: Latitude is 41.4396486
08-10 20:40:35.453 28973 28973 D cellinfo: Longitude is -105.9412902
08-10 20:40:35.453 28973 28973 D cellinfo: Instantaneous GPS information: United States, Dwight D. Eisenhower Hwy, Laramie, WY 82070, USA
08-10 20:40:35.453 28973 28973 D cellinfo: getCurrentLocation() result: Location (success): 41.4396486, -105.9412902
08-10 20:40:35.593 28973 29024 D cellinfo: 46 bytes from 44.241.174.93: icmp_seq=749 ttl=26 time=73.9 ms
08-10 20:40:35.794 28973 29024 D cellinfo: 46 bytes from 44.241.174.93: icmp_seq=750 ttl=26 time=73.9 ms
08-10 20:40:35.995 28973 29024 D cellinfo: 46 bytes from 44.241.174.93: icmp_seq=751 ttl=26 time=74.6 ms
08-10 20:40:36.194 28973 29024 D cellinfo: 46 bytes from 44.241.174.93: icmp_seq=752 ttl=26 time=72.8 ms
08-10 20:40:36.396 28973 29024 D cellinfo: 46 bytes from 44.241.174.93: icmp_seq=753 ttl=26 time=74.2 ms
08-10 20:40:36.598 28973 29024 D cellinfo: 46 bytes from 44.241.174.93: icmp_seq=754 ttl=26 time=74.6 ms
08-10 20:40:36.795 28973 29024 D cellinfo: 46 bytes from 44.241.174.93: icmp_seq=755 ttl=26 time=71.0 ms
08-10 20:40:36.996 28973 29024 D cellinfo: 46 bytes from 44.241.174.93: icmp_seq=756 ttl=26 time=71.0 ms
08-10 20:40:37.195 28973 29024 D cellinfo: 46 bytes from 44.241.174.93: icmp_seq=757 ttl=26 time=70.0 ms
08-10 20:40:37.343 28973 28973 D cellinfo: Latitude is 41.4396486
08-10 20:40:37.343 28973 28973 D cellinfo: Longitude is -105.9412902
08-10 20:40:37.343 28973 28973 D cellinfo: Instantaneous GPS information: United States, Dwight D. Eisenhower Hwy, Laramie, WY 82070, USA
08-10 20:40:37.343 28973 28973 D cellinfo: getCurrentLocation() result: Location (success): 41.4396486, -105.9412902
08-10 20:40:37.390 28973 28973 D cellinfo: onCellInfoChanged: Operator: Verizon Wireless UpdateTimestamp: 20470688 CellConnectionStatus: 1
08-10 20:40:37.391 28973 28973 D cellinfo: onCellInfoChanged: LTE Cell Bands: [66, 66, 66] Bandwidth: 10000 Cell ID: 4497686 Physical Cell ID: 16 Tracking Area Code: 4361 EARFCN: 66586
08-10 20:40:37.395 28973 29024 D cellinfo: 46 bytes from 44.241.174.93: icmp_seq=758 ttl=26 time=68.8 ms
08-10 20:40:37.595 28973 29024 D cellinfo: 46 bytes from 44.241.174.93: icmp_seq=759 ttl=26 time=68.3 ms
08-10 20:40:37.811 28973 29024 D cellinfo: 46 bytes from 44.241.174.93: icmp_seq=760 ttl=26 time=83.5 ms
08-10 20:40:37.995 28973 29024 D cellinfo: 46 bytes from 44.241.174.93: icmp_seq=761 ttl=26 time=67.5 ms
08-10 20:40:38.213 28973 29024 D cellinfo: 46 bytes from 44.241.174.93: icmp_seq=762 ttl=26 time=83.3 ms
08-10 20:40:38.412 28973 29024 D cellinfo: 46 bytes from 44.241.174.93: icmp_seq=763 ttl=26 time=82.4 ms
08-10 20:40:38.613 28973 29024 D cellinfo: 46 bytes from 44.241.174.93: icmp_seq=764 ttl=26 time=81.5 ms
08-10 20:40:38.805 28973 29024 D cellinfo: 46 bytes from 44.241.174.93: icmp_seq=765 ttl=26 time=72.4 ms
08-10 20:40:39.005 28973 29024 D cellinfo: 46 bytes from 44.241.174.93: icmp_seq=766 ttl=26 time=72.5 ms
08-10 20:40:39.206 28973 29024 D cellinfo: 46 bytes from 44.241.174.93: icmp_seq=767 ttl=26 time=73.7 ms
08-10 20:40:39.406 28973 29024 D cellinfo: 46 bytes from 44.241.174.93: icmp_seq=768 ttl=26 time=72.9 ms
08-10 20:40:39.527 28973 28973 D cellinfo: onsignalStrengthsChanged: LTE Signal Strength info: rsrp: -110 rsrq: -13 rssi: -89 rssnr: 13
08-10 20:40:39.605 28973 29024 D cellinfo: 46 bytes from 44.241.174.93: icmp_seq=769 ttl=26 time=71.8 ms
08-10 20:40:39.804 28973 29024 D cellinfo: 46 bytes from 44.241.174.93: icmp_seq=770 ttl=26 time=70.4 ms
08-10 20:40:40.004 28973 29024 D cellinfo: 46 bytes from 44.241.174.93: icmp_seq=771 ttl=26 time=69.2 ms
08-10 20:40:40.204 28973 29024 D cellinfo: 46 bytes from 44.241.174.93: icmp_seq=772 ttl=26 time=69.2 ms
08-10 20:40:40.404 28973 29024 D cellinfo: 46 bytes from 44.241.174.93: icmp_seq=773 ttl=26 time=68.3 ms
08-10 20:40:40.621 28973 29024 D cellinfo: 46 bytes from 44.241.174.93: icmp_seq=774 ttl=26 time=82.7 ms
08-10 20:40:40.784 28973 28973 D cellinfo: Latitude is 41.439677
08-10 20:40:40.784 28973 28973 D cellinfo: Longitude is -105.9408459
08-10 20:40:40.785 28973 28973 D cellinfo: Instantaneous GPS information: United States, Dwight D. Eisenhower Hwy, Laramie, WY 82070, USA
08-10 20:40:40.785 28973 28973 D cellinfo: getCurrentLocation() result: Location (success): 41.439677, -105.9408459
08-10 20:40:40.789 28973 28973 D cellinfo: onCellInfoChanged: Operator: Verizon Wireless UpdateTimestamp: 20473689 CellConnectionStatus: 1
08-10 20:40:40.789 28973 28973 D cellinfo: onCellInfoChanged: LTE Cell Bands: [66, 66, 66] Bandwidth: 10000 Cell ID: 4497686 Physical Cell ID: 16 Tracking Area Code: 4361 EARFCN: 66586
08-10 20:40:40.814 28973 29024 D cellinfo: 46 bytes from 44.241.174.93: icmp_seq=775 ttl=26 time=75.7 ms
08-10 20:40:41.016 28973 29024 D cellinfo: 46 bytes from 44.241.174.93: icmp_seq=776 ttl=26 time=77.0 ms
08-10 20:40:41.213 28973 29024 D cellinfo: 46 bytes from 44.241.174.93: icmp_seq=777 ttl=26 time=75.6 ms
08-10 20:40:41.415 28973 29024 D cellinfo: 46 bytes from 44.241.174.93: icmp_seq=778 ttl=26 time=77.5 ms
08-10 20:40:41.616 28973 29024 D cellinfo: 46 bytes from 44.241.174.93: icmp_seq=779 ttl=26 time=77.6 ms
08-10 20:40:41.814 28973 29024 D cellinfo: 46 bytes from 44.241.174.93: icmp_seq=780 ttl=26 time=75.6 ms
08-10 20:40:42.016 28973 29024 D cellinfo: 46 bytes from 44.241.174.93: icmp_seq=781 ttl=26 time=76.1 ms
08-10 20:40:42.222 28973 29024 D cellinfo: 46 bytes from 44.241.174.93: icmp_seq=782 ttl=26 time=82.1 ms
08-10 20:40:42.416 28973 29024 D cellinfo: 46 bytes from 44.241.174.93: icmp_seq=783 ttl=26 time=74.8 ms
08-10 20:40:42.615 28973 29024 D cellinfo: 46 bytes from 44.241.174.93: icmp_seq=784 ttl=26 time=74.1 ms
08-10 20:40:42.818 28973 29024 D cellinfo: 46 bytes from 44.241.174.93: icmp_seq=785 ttl=26 time=75.4 ms
08-10 20:40:43.015 28973 29024 D cellinfo: 46 bytes from 44.241.174.93: icmp_seq=786 ttl=26 time=72.9 ms
08-10 20:40:43.216 28973 29024 D cellinfo: 46 bytes from 44.241.174.93: icmp_seq=787 ttl=26 time=73.5 ms
08-10 20:40:43.415 28973 29024 D cellinfo: 46 bytes from 44.241.174.93: icmp_seq=788 ttl=26 time=72.8 ms
08-10 20:40:43.617 28973 29024 D cellinfo: 46 bytes from 44.241.174.93: icmp_seq=789 ttl=26 time=73.5 ms
08-10 20:40:43.745 28973 28973 D cellinfo: Latitude is 41.4396957
08-10 20:40:43.746 28973 28973 D cellinfo: Longitude is -105.940545
08-10 20:40:43.746 28973 28973 D cellinfo: Instantaneous GPS information: United States, Dwight D. Eisenhower Hwy, Laramie, WY 82070, USA
08-10 20:40:43.746 28973 28973 D cellinfo: getCurrentLocation() result: Location (success): 41.4396957, -105.940545
08-10 20:40:43.748 28973 28973 D cellinfo: onCellInfoChanged: Operator: Verizon Wireless UpdateTimestamp: 20476676 CellConnectionStatus: 1
08-10 20:40:43.749 28973 28973 D cellinfo: onCellInfoChanged: LTE Cell Bands: [66, 66, 66] Bandwidth: 10000 Cell ID: 4497686 Physical Cell ID: 16 Tracking Area Code: 4361 EARFCN: 66586
08-10 20:40:43.750 28973 28973 D cellinfo: onsignalStrengthsChanged: LTE Signal Strength info: rsrp: -105 rsrq: -11 rssi: -85 rssnr: 14
08-10 20:40:43.822 28973 29024 D cellinfo: 46 bytes from 44.241.174.93: icmp_seq=790 ttl=26 time=78.6 ms
08-10 20:40:44.015 28973 29024 D cellinfo: 46 bytes from 44.241.174.93: icmp_seq=791 ttl=26 time=71.2 ms
08-10 20:40:44.215 28973 29024 D cellinfo: 46 bytes from 44.241.174.93: icmp_seq=792 ttl=26 time=71.2 ms
08-10 20:40:44.415 28973 29024 D cellinfo: 46 bytes from 44.241.174.93: icmp_seq=793 ttl=26 time=70.2 ms
08-10 20:40:44.634 28973 29024 D cellinfo: 46 bytes from 44.241.174.93: icmp_seq=794 ttl=26 time=87.8 ms
08-10 20:40:44.816 28973 29024 D cellinfo: 46 bytes from 44.241.174.93: icmp_seq=795 ttl=26 time=68.6 ms
08-10 20:40:45.014 28973 29024 D cellinfo: 46 bytes from 44.241.174.93: icmp_seq=796 ttl=26 time=66.7 ms
08-10 20:40:45.214 28973 29024 D cellinfo: 46 bytes from 44.241.174.93: icmp_seq=797 ttl=26 time=67.2 ms
08-10 20:40:45.416 28973 29024 D cellinfo: 46 bytes from 44.241.174.93: icmp_seq=798 ttl=26 time=67.4 ms
08-10 20:40:45.617 28973 29024 D cellinfo: 46 bytes from 44.241.174.93: icmp_seq=799 ttl=26 time=68.9 ms
08-10 20:40:45.825 28973 29024 D cellinfo: 46 bytes from 44.241.174.93: icmp_seq=800 ttl=26 time=76.3 ms
08-10 20:40:46.025 28973 29024 D cellinfo: 46 bytes from 44.241.174.93: icmp_seq=801 ttl=26 time=75.1 ms
08-10 20:40:46.230 28973 29024 D cellinfo: 46 bytes from 44.241.174.93: icmp_seq=802 ttl=26 time=78.9 ms
08-10 20:40:46.427 28973 29024 D cellinfo: 46 bytes from 44.241.174.93: icmp_seq=803 ttl=26 time=76.2 ms
08-10 20:40:46.626 28973 29024 D cellinfo: 46 bytes from 44.241.174.93: icmp_seq=804 ttl=26 time=73.6 ms
08-10 20:40:46.737 28973 28973 D cellinfo: Latitude is 41.439689
08-10 20:40:46.737 28973 28973 D cellinfo: Longitude is -105.9406308
08-10 20:40:46.737 28973 28973 D cellinfo: Instantaneous GPS information: United States, Dwight D. Eisenhower Hwy, Laramie, WY 82070, USA
08-10 20:40:46.737 28973 28973 D cellinfo: getCurrentLocation() result: Location (success): 41.439689, -105.9406308
08-10 20:40:46.741 28973 28973 D cellinfo: onCellInfoChanged: Operator: Verizon Wireless UpdateTimestamp: 20479691 CellConnectionStatus: 1
08-10 20:40:46.741 28973 28973 D cellinfo: onCellInfoChanged: LTE Cell Bands: [66, 66, 66] Bandwidth: 10000 Cell ID: 4497686 Physical Cell ID: 16 Tracking Area Code: 4361 EARFCN: 66586
08-10 20:40:46.828 28973 29024 D cellinfo: 46 bytes from 44.241.174.93: icmp_seq=805 ttl=26 time=75.0 ms
08-10 20:40:47.024 28973 29024 D cellinfo: 46 bytes from 44.241.174.93: icmp_seq=806 ttl=26 time=70.4 ms
08-10 20:40:47.225 28973 29024 D cellinfo: 46 bytes from 44.241.174.93: icmp_seq=807 ttl=26 time=71.3 ms
08-10 20:40:47.424 28973 29024 D cellinfo: 46 bytes from 44.241.174.93: icmp_seq=808 ttl=26 time=69.2 ms
08-10 20:40:47.625 28973 29024 D cellinfo: 46 bytes from 44.241.174.93: icmp_seq=809 ttl=26 time=68.3 ms
08-10 20:40:47.826 28973 29024 D cellinfo: 46 bytes from 44.241.174.93: icmp_seq=810 ttl=26 time=67.9 ms
08-10 20:40:48.043 28973 29024 D cellinfo: 46 bytes from 44.241.174.93: icmp_seq=811 ttl=26 time=83.9 ms
08-10 20:40:48.226 28973 29024 D cellinfo: 46 bytes from 44.241.174.93: icmp_seq=812 ttl=26 time=68.1 ms
08-10 20:40:48.453 28973 29024 D cellinfo: 46 bytes from 44.241.174.93: icmp_seq=813 ttl=26 time=94.0 ms
08-10 20:40:48.636 28973 29024 D cellinfo: 46 bytes from 44.241.174.93: icmp_seq=814 ttl=26 time=75.2 ms
08-10 20:40:48.835 28973 29024 D cellinfo: 46 bytes from 44.241.174.93: icmp_seq=815 ttl=26 time=73.1 ms
08-10 20:40:49.035 28973 29024 D cellinfo: 46 bytes from 44.241.174.93: icmp_seq=816 ttl=26 time=72.8 ms
08-10 20:40:49.235 28973 29024 D cellinfo: 46 bytes from 44.241.174.93: icmp_seq=817 ttl=26 time=72.4 ms
08-10 20:40:49.375 28973 28973 D cellinfo: onCellInfoChanged: Operator: Verizon Wireless UpdateTimestamp: 20482676 CellConnectionStatus: 1
08-10 20:40:49.376 28973 28973 D cellinfo: onCellInfoChanged: LTE Cell Bands: [66, 66, 66] Bandwidth: 10000 Cell ID: 4497686 Physical Cell ID: 16 Tracking Area Code: 4361 EARFCN: 66586
08-10 20:40:49.446 28973 29024 D cellinfo: 46 bytes from 44.241.174.93: icmp_seq=818 ttl=26 time=83.8 ms
08-10 20:40:49.635 28973 29024 D cellinfo: 46 bytes from 44.241.174.93: icmp_seq=819 ttl=26 time=72.2 ms
08-10 20:40:49.826 28973 29024 D cellinfo: 46 bytes from 44.241.174.93: icmp_seq=820 ttl=26 time=61.3 ms
08-10 20:40:50.034 28973 29024 D cellinfo: 46 bytes from 44.241.174.93: icmp_seq=821 ttl=26 time=69.1 ms
08-10 20:40:50.243 28973 29024 D cellinfo: 46 bytes from 44.241.174.93: icmp_seq=822 ttl=26 time=77.2 ms
08-10 20:40:50.436 28973 29024 D cellinfo: 46 bytes from 44.241.174.93: icmp_seq=823 ttl=26 time=68.9 ms
08-10 20:40:50.464 28973 28973 D cellinfo: Latitude is 41.439443
08-10 20:40:50.464 28973 28973 D cellinfo: Longitude is -105.9374618
08-10 20:40:50.464 28973 28973 D cellinfo: Instantaneous GPS information: United States, Dwight D. Eisenhower Hwy, Laramie, WY 82070, USA
08-10 20:40:50.464 28973 28973 D cellinfo: getCurrentLocation() result: Location (success): 41.439443, -105.9374618
08-10 20:40:50.635 28973 29024 D cellinfo: 46 bytes from 44.241.174.93: icmp_seq=824 ttl=26 time=67.5 ms
08-10 20:40:50.846 28973 29024 D cellinfo: 46 bytes from 44.241.174.93: icmp_seq=825 ttl=26 time=77.3 ms
08-10 20:40:51.044 28973 29024 D cellinfo: 46 bytes from 44.241.174.93: icmp_seq=826 ttl=26 time=74.3 ms
08-10 20:40:51.244 28973 29024 D cellinfo: 46 bytes from 44.241.174.93: icmp_seq=827 ttl=26 time=74.3 ms
08-10 20:40:51.454 28973 29024 D cellinfo: 46 bytes from 44.241.174.93: icmp_seq=828 ttl=26 time=82.5 ms
08-10 20:40:51.648 28973 29024 D cellinfo: 46 bytes from 44.241.174.93: icmp_seq=829 ttl=26 time=75.6 ms
08-10 20:40:51.844 28973 29024 D cellinfo: 46 bytes from 44.241.174.93: icmp_seq=830 ttl=26 time=72.0 ms
08-10 20:40:52.058 28973 29024 D cellinfo: 46 bytes from 44.241.174.93: icmp_seq=831 ttl=26 time=84.3 ms
08-10 20:40:52.255 28973 29024 D cellinfo: 46 bytes from 44.241.174.93: icmp_seq=832 ttl=26 time=80.1 ms
08-10 20:40:52.340 28973 28973 D cellinfo: Latitude is 41.439443
08-10 20:40:52.340 28973 28973 D cellinfo: Longitude is -105.9374618
08-10 20:40:52.340 28973 28973 D cellinfo: Instantaneous GPS information: United States, Dwight D. Eisenhower Hwy, Laramie, WY 82070, USA
08-10 20:40:52.340 28973 28973 D cellinfo: getCurrentLocation() result: Location (success): 41.439443, -105.9374618
08-10 20:40:52.376 28973 28973 D cellinfo: onCellInfoChanged: Operator: Verizon Wireless UpdateTimestamp: 20485677 CellConnectionStatus: 1
08-10 20:40:52.376 28973 28973 D cellinfo: onCellInfoChanged: LTE Cell Bands: [66, 66, 66] Bandwidth: 10000 Cell ID: 4497686 Physical Cell ID: 16 Tracking Area Code: 4361 EARFCN: 66586
08-10 20:40:52.460 28973 29024 D cellinfo: 46 bytes from 44.241.174.93: icmp_seq=833 ttl=26 time=86.7 ms
08-10 20:40:52.653 28973 29024 D cellinfo: 46 bytes from 44.241.174.93: icmp_seq=834 ttl=26 time=78.5 ms
08-10 20:40:52.854 28973 29024 D cellinfo: 46 bytes from 44.241.174.93: icmp_seq=835 ttl=26 time=79.5 ms
08-10 20:40:53.044 28973 29024 D cellinfo: 46 bytes from 44.241.174.93: icmp_seq=836 ttl=26 time=69.7 ms
08-10 20:40:53.245 28973 29024 D cellinfo: 46 bytes from 44.241.174.93: icmp_seq=837 ttl=26 time=70.2 ms
08-10 20:40:53.445 28973 29024 D cellinfo: 46 bytes from 44.241.174.93: icmp_seq=838 ttl=26 time=69.2 ms
08-10 20:40:53.646 28973 29024 D cellinfo: 46 bytes from 44.241.174.93: icmp_seq=839 ttl=26 time=68.3 ms
08-10 20:40:53.846 28973 29024 D cellinfo: 46 bytes from 44.241.174.93: icmp_seq=840 ttl=26 time=69.5 ms
08-10 20:40:54.047 28973 29024 D cellinfo: 46 bytes from 44.241.174.93: icmp_seq=841 ttl=26 time=69.2 ms
08-10 20:40:54.257 28973 29024 D cellinfo: 46 bytes from 44.241.174.93: icmp_seq=842 ttl=26 time=79.9 ms
08-10 20:40:54.445 28973 29024 D cellinfo: 46 bytes from 44.241.174.93: icmp_seq=843 ttl=26 time=66.5 ms
08-10 20:40:54.659 28973 29024 D cellinfo: 46 bytes from 44.241.174.93: icmp_seq=844 ttl=26 time=79.2 ms
08-10 20:40:54.857 28973 29024 D cellinfo: 46 bytes from 44.241.174.93: icmp_seq=845 ttl=26 time=75.9 ms
08-10 20:40:55.061 28973 29024 D cellinfo: 46 bytes from 44.241.174.93: icmp_seq=846 ttl=26 time=79.1 ms
08-10 20:40:55.263 28973 29024 D cellinfo: 46 bytes from 44.241.174.93: icmp_seq=847 ttl=26 time=80.9 ms
08-10 20:40:55.458 28973 29024 D cellinfo: 46 bytes from 44.241.174.93: icmp_seq=848 ttl=26 time=75.1 ms
08-10 20:40:55.662 28973 29024 D cellinfo: 46 bytes from 44.241.174.93: icmp_seq=849 ttl=26 time=77.4 ms
08-10 20:40:55.741 28973 28973 D cellinfo: Latitude is 41.4393707
08-10 20:40:55.741 28973 28973 D cellinfo: Longitude is -105.9369143
08-10 20:40:55.741 28973 28973 D cellinfo: Instantaneous GPS information: United States, Dwight D. Eisenhower Hwy, Laramie, WY 82070, USA
08-10 20:40:55.741 28973 28973 D cellinfo: getCurrentLocation() result: Location (success): 41.4393707, -105.9369143
08-10 20:40:55.744 28973 28973 D cellinfo: onCellInfoChanged: Operator: Verizon Wireless UpdateTimestamp: 20488675 CellConnectionStatus: 1
08-10 20:40:55.744 28973 28973 D cellinfo: onCellInfoChanged: LTE Cell Bands: [66, 66, 66] Bandwidth: 10000 Cell ID: 4497686 Physical Cell ID: 16 Tracking Area Code: 4361 EARFCN: 66586
08-10 20:40:55.859 28973 29024 D cellinfo: 46 bytes from 44.241.174.93: icmp_seq=850 ttl=26 time=75.1 ms
08-10 20:40:56.062 28973 29024 D cellinfo: 46 bytes from 44.241.174.93: icmp_seq=851 ttl=26 time=77.1 ms
08-10 20:40:56.286 28973 29024 D cellinfo: 46 bytes from 44.241.174.93: icmp_seq=852 ttl=26 time=100 ms
08-10 20:40:56.465 28973 29024 D cellinfo: 46 bytes from 44.241.174.93: icmp_seq=853 ttl=26 time=78.8 ms
08-10 20:40:56.655 28973 29024 D cellinfo: 46 bytes from 44.241.174.93: icmp_seq=854 ttl=26 time=68.4 ms
08-10 20:40:56.857 28973 29024 D cellinfo: 46 bytes from 44.241.174.93: icmp_seq=855 ttl=26 time=69.3 ms
08-10 20:40:57.055 28973 29024 D cellinfo: 46 bytes from 44.241.174.93: icmp_seq=856 ttl=26 time=68.0 ms
08-10 20:40:57.256 28973 29024 D cellinfo: 46 bytes from 44.241.174.93: icmp_seq=857 ttl=26 time=68.4 ms
08-10 20:40:57.454 28973 29024 D cellinfo: 46 bytes from 44.241.174.93: icmp_seq=858 ttl=26 time=66.9 ms
08-10 20:40:57.664 28973 29024 D cellinfo: 46 bytes from 44.241.174.93: icmp_seq=859 ttl=26 time=75.2 ms
08-10 20:40:57.865 28973 29024 D cellinfo: 46 bytes from 44.241.174.93: icmp_seq=860 ttl=26 time=75.4 ms
08-10 20:40:58.066 28973 29024 D cellinfo: 46 bytes from 44.241.174.93: icmp_seq=861 ttl=26 time=76.0 ms
08-10 20:40:58.267 28973 29024 D cellinfo: 46 bytes from 44.241.174.93: icmp_seq=862 ttl=26 time=77.0 ms
08-10 20:40:58.455 28973 29024 D cellinfo: 46 bytes from 44.241.174.93: icmp_seq=863 ttl=26 time=64.6 ms
08-10 20:40:58.682 28973 29024 D cellinfo: 46 bytes from 44.241.174.93: icmp_seq=864 ttl=26 time=88.7 ms
08-10 20:40:58.716 28973 28973 D cellinfo: Latitude is 41.4393098
08-10 20:40:58.716 28973 28973 D cellinfo: Longitude is -105.9364525
08-10 20:40:58.716 28973 28973 D cellinfo: Instantaneous GPS information: United States, Dwight D. Eisenhower Hwy, Laramie, WY 82070, USA
08-10 20:40:58.716 28973 28973 D cellinfo: getCurrentLocation() result: Location (success): 41.4393098, -105.9364525
08-10 20:40:58.719 28973 28973 D cellinfo: onCellInfoChanged: Operator: Verizon Wireless UpdateTimestamp: 20491690 CellConnectionStatus: 1
08-10 20:40:58.719 28973 28973 D cellinfo: onCellInfoChanged: LTE Cell Bands: [66, 66, 66] Bandwidth: 10000 Cell ID: 4497686 Physical Cell ID: 16 Tracking Area Code: 4361 EARFCN: 66586
08-10 20:40:58.865 28973 29024 D cellinfo: 46 bytes from 44.241.174.93: icmp_seq=865 ttl=26 time=71.3 ms
08-10 20:40:59.064 28973 29024 D cellinfo: 46 bytes from 44.241.174.93: icmp_seq=866 ttl=26 time=70.1 ms
08-10 20:40:59.264 28973 29024 D cellinfo: 46 bytes from 44.241.174.93: icmp_seq=867 ttl=26 time=70.4 ms
08-10 20:40:59.475 28973 29024 D cellinfo: 46 bytes from 44.241.174.93: icmp_seq=868 ttl=26 time=79.3 ms
08-10 20:40:59.665 28973 29024 D cellinfo: 46 bytes from 44.241.174.93: icmp_seq=869 ttl=26 time=68.2 ms
08-10 20:40:59.866 28973 29024 D cellinfo: 46 bytes from 44.241.174.93: icmp_seq=870 ttl=26 time=69.1 ms
08-10 20:41:00.065 28973 29024 D cellinfo: 46 bytes from 44.241.174.93: icmp_seq=871 ttl=26 time=67.8 ms
08-10 20:41:00.274 28973 29024 D cellinfo: 46 bytes from 44.241.174.93: icmp_seq=872 ttl=26 time=76.5 ms
08-10 20:41:00.466 28973 29024 D cellinfo: 46 bytes from 44.241.174.93: icmp_seq=873 ttl=26 time=68.0 ms
08-10 20:41:00.701 28973 29024 D cellinfo: 46 bytes from 44.241.174.93: icmp_seq=874 ttl=26 time=102 ms
08-10 20:41:00.875 28973 29024 D cellinfo: 46 bytes from 44.241.174.93: icmp_seq=875 ttl=26 time=75.2 ms
08-10 20:41:01.076 28973 29024 D cellinfo: 46 bytes from 44.241.174.93: icmp_seq=876 ttl=26 time=75.4 ms
08-10 20:41:01.275 28973 29024 D cellinfo: 46 bytes from 44.241.174.93: icmp_seq=877 ttl=26 time=73.6 ms
08-10 20:41:01.461 28973 29024 D cellinfo: 46 bytes from 44.241.174.93: icmp_seq=878 ttl=26 time=59.8 ms
08-10 20:41:01.677 28973 29024 D cellinfo: 46 bytes from 44.241.174.93: icmp_seq=879 ttl=26 time=73.7 ms
08-10 20:41:01.746 28973 28973 D cellinfo: Latitude is 41.4393176
08-10 20:41:01.746 28973 28973 D cellinfo: Longitude is -105.9365114
08-10 20:41:01.746 28973 28973 D cellinfo: Instantaneous GPS information: United States, Dwight D. Eisenhower Hwy, Laramie, WY 82070, USA
08-10 20:41:01.746 28973 28973 D cellinfo: getCurrentLocation() result: Location (success): 41.4393176, -105.9365114
08-10 20:41:01.749 28973 28973 D cellinfo: onCellInfoChanged: Operator: Verizon Wireless UpdateTimestamp: 20494682 CellConnectionStatus: 1
08-10 20:41:01.749 28973 28973 D cellinfo: onCellInfoChanged: LTE Cell Bands: [66, 66, 66] Bandwidth: 10000 Cell ID: 4497686 Physical Cell ID: 16 Tracking Area Code: 4361 EARFCN: 66586
08-10 20:41:01.868 28973 29024 D cellinfo: 46 bytes from 44.241.174.93: icmp_seq=880 ttl=26 time=64.9 ms
08-10 20:41:02.075 28973 29024 D cellinfo: 46 bytes from 44.241.174.93: icmp_seq=881 ttl=26 time=70.4 ms
08-10 20:41:02.277 28973 29024 D cellinfo: 46 bytes from 44.241.174.93: icmp_seq=882 ttl=26 time=71.2 ms
08-10 20:41:02.476 28973 29024 D cellinfo: 46 bytes from 44.241.174.93: icmp_seq=883 ttl=26 time=69.3 ms
08-10 20:41:02.675 28973 29024 D cellinfo: 46 bytes from 44.241.174.93: icmp_seq=884 ttl=26 time=68.2 ms
08-10 20:41:02.877 28973 29024 D cellinfo: 46 bytes from 44.241.174.93: icmp_seq=885 ttl=26 time=69.0 ms
08-10 20:41:03.075 28973 29024 D cellinfo: 46 bytes from 44.241.174.93: icmp_seq=886 ttl=26 time=67.0 ms
08-10 20:41:03.288 28973 29024 D cellinfo: 46 bytes from 44.241.174.93: icmp_seq=887 ttl=26 time=78.1 ms
08-10 20:41:03.485 28973 29024 D cellinfo: 46 bytes from 44.241.174.93: icmp_seq=888 ttl=26 time=74.5 ms
08-10 20:41:03.685 28973 29024 D cellinfo: 46 bytes from 44.241.174.93: icmp_seq=889 ttl=26 time=74.5 ms
08-10 20:41:03.886 28973 29024 D cellinfo: 46 bytes from 44.241.174.93: icmp_seq=890 ttl=26 time=74.6 ms
08-10 20:41:04.092 28973 29024 D cellinfo: 46 bytes from 44.241.174.93: icmp_seq=891 ttl=26 time=80.2 ms
08-10 20:41:04.286 28973 29024 D cellinfo: 46 bytes from 44.241.174.93: icmp_seq=892 ttl=26 time=73.2 ms
08-10 20:41:04.385 28973 28973 D cellinfo: onCellInfoChanged: Operator: Verizon Wireless UpdateTimestamp: 20497686 CellConnectionStatus: 1
08-10 20:41:04.385 28973 28973 D cellinfo: onCellInfoChanged: LTE Cell Bands: [66, 66, 66] Bandwidth: 10000 Cell ID: 4497686 Physical Cell ID: 16 Tracking Area Code: 4361 EARFCN: 66586
08-10 20:41:04.484 28973 29024 D cellinfo: 46 bytes from 44.241.174.93: icmp_seq=893 ttl=26 time=71.1 ms
08-10 20:41:04.687 28973 29024 D cellinfo: 46 bytes from 44.241.174.93: icmp_seq=894 ttl=26 time=72.4 ms
08-10 20:41:04.892 28973 29024 D cellinfo: 46 bytes from 44.241.174.93: icmp_seq=895 ttl=26 time=77.1 ms
08-10 20:41:05.086 28973 29024 D cellinfo: 46 bytes from 44.241.174.93: icmp_seq=896 ttl=26 time=70.5 ms
08-10 20:41:05.303 28973 29024 D cellinfo: 46 bytes from 44.241.174.93: icmp_seq=897 ttl=26 time=85.0 ms
08-10 20:41:05.484 28973 28973 D cellinfo: Latitude is 41.4387465
08-10 20:41:05.484 28973 28973 D cellinfo: Longitude is -105.9325257
08-10 20:41:05.484 28973 28973 D cellinfo: Instantaneous GPS information: United States, Dwight D. Eisenhower Hwy, Laramie, WY 82070, USA
08-10 20:41:05.484 28973 28973 D cellinfo: getCurrentLocation() result: Location (success): 41.4387465, -105.9325257
08-10 20:41:05.502 28973 29024 D cellinfo: 46 bytes from 44.241.174.93: icmp_seq=898 ttl=26 time=83.4 ms
08-10 20:41:05.526 28973 28973 D cellinfo: onsignalStrengthsChanged: LTE Signal Strength info: rsrp: -114 rsrq: -9 rssi: -97 rssnr: 18
08-10 20:41:05.694 28973 29024 D cellinfo: 46 bytes from 44.241.174.93: icmp_seq=899 ttl=26 time=74.1 ms
08-10 20:41:05.896 28973 29024 D cellinfo: 46 bytes from 44.241.174.93: icmp_seq=900 ttl=26 time=74.6 ms
08-10 20:41:06.095 28973 29024 D cellinfo: 46 bytes from 44.241.174.93: icmp_seq=901 ttl=26 time=74.0 ms
08-10 20:41:06.309 28973 29024 D cellinfo: 46 bytes from 44.241.174.93: icmp_seq=902 ttl=26 time=87.3 ms
08-10 20:41:06.496 28973 29024 D cellinfo: 46 bytes from 44.241.174.93: icmp_seq=903 ttl=26 time=72.9 ms
08-10 20:41:06.695 28973 29024 D cellinfo: 46 bytes from 44.241.174.93: icmp_seq=904 ttl=26 time=70.9 ms
08-10 20:41:06.900 28973 29024 D cellinfo: 46 bytes from 44.241.174.93: icmp_seq=905 ttl=26 time=75.4 ms
08-10 20:41:07.103 28973 29024 D cellinfo: 46 bytes from 44.241.174.93: icmp_seq=906 ttl=26 time=77.4 ms
08-10 20:41:07.307 28973 29024 D cellinfo: 46 bytes from 44.241.174.93: icmp_seq=907 ttl=26 time=81.0 ms
08-10 20:41:07.336 28973 28973 D cellinfo: Latitude is 41.4387465
08-10 20:41:07.336 28973 28973 D cellinfo: Longitude is -105.9325257
08-10 20:41:07.336 28973 28973 D cellinfo: Instantaneous GPS information: United States, Dwight D. Eisenhower Hwy, Laramie, WY 82070, USA
08-10 20:41:07.336 28973 28973 D cellinfo: getCurrentLocation() result: Location (success): 41.4387465, -105.9325257
08-10 20:41:07.381 28973 28973 D cellinfo: onCellInfoChanged: Operator: Verizon Wireless UpdateTimestamp: 20500682 CellConnectionStatus: 1
08-10 20:41:07.381 28973 28973 D cellinfo: onCellInfoChanged: LTE Cell Bands: [66, 66, 66] Bandwidth: 10000 Cell ID: 4497686 Physical Cell ID: 16 Tracking Area Code: 4361 EARFCN: 66586
08-10 20:41:07.504 28973 29024 D cellinfo: 46 bytes from 44.241.174.93: icmp_seq=908 ttl=26 time=76.7 ms
08-10 20:41:07.697 28973 29024 D cellinfo: 46 bytes from 44.241.174.93: icmp_seq=909 ttl=26 time=69.4 ms
08-10 20:41:07.898 28973 29024 D cellinfo: 46 bytes from 44.241.174.93: icmp_seq=910 ttl=26 time=69.1 ms
08-10 20:41:08.107 28973 29024 D cellinfo: 46 bytes from 44.241.174.93: icmp_seq=911 ttl=26 time=77.5 ms
08-10 20:41:08.305 28973 29024 D cellinfo: 46 bytes from 44.241.174.93: icmp_seq=912 ttl=26 time=75.0 ms
08-10 20:41:08.507 28973 29024 D cellinfo: 46 bytes from 44.241.174.93: icmp_seq=913 ttl=26 time=75.7 ms
08-10 20:41:08.706 28973 29024 D cellinfo: 46 bytes from 44.241.174.93: icmp_seq=914 ttl=26 time=74.3 ms
08-10 20:41:08.906 28973 29024 D cellinfo: 46 bytes from 44.241.174.93: icmp_seq=915 ttl=26 time=73.6 ms
08-10 20:41:09.121 28973 29024 D cellinfo: 46 bytes from 44.241.174.93: icmp_seq=916 ttl=26 time=87.3 ms
08-10 20:41:09.307 28973 29024 D cellinfo: 46 bytes from 44.241.174.93: icmp_seq=917 ttl=26 time=72.2 ms
08-10 20:41:09.506 28973 29024 D cellinfo: 46 bytes from 44.241.174.93: icmp_seq=918 ttl=26 time=70.0 ms
08-10 20:41:09.530 28973 28973 D cellinfo: onsignalStrengthsChanged: LTE Signal Strength info: rsrp: -114 rsrq: -8 rssi: -99 rssnr: 9
08-10 20:41:09.710 28973 29024 D cellinfo: 46 bytes from 44.241.174.93: icmp_seq=919 ttl=26 time=72.6 ms
08-10 20:41:09.906 28973 29024 D cellinfo: 46 bytes from 44.241.174.93: icmp_seq=920 ttl=26 time=68.5 ms
08-10 20:41:10.106 28973 29024 D cellinfo: 46 bytes from 44.241.174.93: icmp_seq=921 ttl=26 time=67.8 ms
08-10 20:41:10.318 28973 29024 D cellinfo: 46 bytes from 44.241.174.93: icmp_seq=922 ttl=26 time=78.9 ms
08-10 20:41:10.522 28973 29024 D cellinfo: 46 bytes from 44.241.174.93: icmp_seq=923 ttl=26 time=82.7 ms
08-10 20:41:10.716 28973 29024 D cellinfo: 46 bytes from 44.241.174.93: icmp_seq=924 ttl=26 time=75.4 ms
08-10 20:41:10.744 28973 28973 D cellinfo: Latitude is 41.4386643
08-10 20:41:10.745 28973 28973 D cellinfo: Longitude is -105.931961
08-10 20:41:10.745 28973 28973 D cellinfo: Instantaneous GPS information: United States, Dwight D. Eisenhower Hwy, Laramie, WY 82070, USA
08-10 20:41:10.745 28973 28973 D cellinfo: getCurrentLocation() result: Location (success): 41.4386643, -105.931961
08-10 20:41:10.751 28973 28973 D cellinfo: onCellInfoChanged: Operator: Verizon Wireless UpdateTimestamp: 20503688 CellConnectionStatus: 1
08-10 20:41:10.751 28973 28973 D cellinfo: onCellInfoChanged: LTE Cell Bands: [66, 66, 66] Bandwidth: 10000 Cell ID: 4497686 Physical Cell ID: 16 Tracking Area Code: 4361 EARFCN: 66586
08-10 20:41:10.923 28973 29024 D cellinfo: 46 bytes from 44.241.174.93: icmp_seq=925 ttl=26 time=81.2 ms
08-10 20:41:11.117 28973 29024 D cellinfo: 46 bytes from 44.241.174.93: icmp_seq=926 ttl=26 time=73.7 ms
08-10 20:41:11.328 28973 29024 D cellinfo: 46 bytes from 44.241.174.93: icmp_seq=927 ttl=26 time=84.2 ms
08-10 20:41:11.519 28973 29024 D cellinfo: 46 bytes from 44.241.174.93: icmp_seq=928 ttl=26 time=74.2 ms
08-10 20:41:11.715 28973 29024 D cellinfo: 46 bytes from 44.241.174.93: icmp_seq=929 ttl=26 time=69.2 ms
08-10 20:41:11.916 28973 29024 D cellinfo: 46 bytes from 44.241.174.93: icmp_seq=930 ttl=26 time=69.4 ms
08-10 20:41:12.116 28973 29024 D cellinfo: 46 bytes from 44.241.174.93: icmp_seq=931 ttl=26 time=68.2 ms
08-10 20:41:12.331 28973 29024 D cellinfo: 46 bytes from 44.241.174.93: icmp_seq=932 ttl=26 time=81.5 ms
08-10 20:41:12.545 28973 29024 D cellinfo: 46 bytes from 44.241.174.93: icmp_seq=933 ttl=26 time=95.1 ms
08-10 20:41:12.731 28973 29024 D cellinfo: 46 bytes from 44.241.174.93: icmp_seq=934 ttl=26 time=79.9 ms
08-10 20:41:12.927 28973 29024 D cellinfo: 46 bytes from 44.241.174.93: icmp_seq=935 ttl=26 time=75.0 ms
08-10 20:41:13.130 28973 29024 D cellinfo: 46 bytes from 44.241.174.93: icmp_seq=936 ttl=26 time=77.4 ms
08-10 20:41:13.342 28973 29024 D cellinfo: 46 bytes from 44.241.174.93: icmp_seq=937 ttl=26 time=87.7 ms
08-10 20:41:13.531 28973 29024 D cellinfo: 46 bytes from 44.241.174.93: icmp_seq=938 ttl=26 time=77.1 ms
08-10 20:41:13.707 28973 28973 D cellinfo: Latitude is 41.4385963
08-10 20:41:13.707 28973 28973 D cellinfo: Longitude is -105.9314922
08-10 20:41:13.707 28973 28973 D cellinfo: Instantaneous GPS information: United States, Dwight D. Eisenhower Hwy, Laramie, WY 82070, USA
08-10 20:41:13.707 28973 28973 D cellinfo: getCurrentLocation() result: Location (success): 41.4385963, -105.9314922
08-10 20:41:13.718 28973 28973 D cellinfo: onCellInfoChanged: Operator: Verizon Wireless UpdateTimestamp: 20506692 CellConnectionStatus: 1
08-10 20:41:13.718 28973 28973 D cellinfo: onCellInfoChanged: LTE Cell Bands: [66, 66, 66] Bandwidth: 10000 Cell ID: 4497686 Physical Cell ID: 16 Tracking Area Code: 4361 EARFCN: 66586
08-10 20:41:13.718 28973 28973 D cellinfo: onsignalStrengthsChanged: LTE Signal Strength info: rsrp: -97 rsrq: -9 rssi: -81 rssnr: 20
08-10 20:41:13.726 28973 29024 D cellinfo: 46 bytes from 44.241.174.93: icmp_seq=939 ttl=26 time=70.7 ms
08-10 20:41:13.925 28973 29024 D cellinfo: 46 bytes from 44.241.174.93: icmp_seq=940 ttl=26 time=69.2 ms
08-10 20:41:14.130 28973 29024 D cellinfo: 46 bytes from 44.241.174.93: icmp_seq=941 ttl=26 time=73.5 ms
08-10 20:41:14.328 28973 29024 D cellinfo: 46 bytes from 44.241.174.93: icmp_seq=942 ttl=26 time=70.0 ms
08-10 20:41:14.536 28973 29024 D cellinfo: 46 bytes from 44.241.174.93: icmp_seq=943 ttl=26 time=77.4 ms
08-10 20:41:14.743 28973 29024 D cellinfo: 46 bytes from 44.241.174.93: icmp_seq=944 ttl=26 time=83.3 ms
08-10 20:41:14.948 28973 29024 D cellinfo: 46 bytes from 44.241.174.93: icmp_seq=945 ttl=26 time=87.6 ms
08-10 20:41:15.141 28973 29024 D cellinfo: 46 bytes from 44.241.174.93: icmp_seq=946 ttl=26 time=80.5 ms
08-10 20:41:15.340 28973 29024 D cellinfo: 46 bytes from 44.241.174.93: icmp_seq=947 ttl=26 time=78.5 ms
08-10 20:41:15.546 28973 29024 D cellinfo: 46 bytes from 44.241.174.93: icmp_seq=948 ttl=26 time=84.3 ms
08-10 20:41:15.760 28973 29024 D cellinfo: 46 bytes from 44.241.174.93: icmp_seq=949 ttl=26 time=97.0 ms
08-10 20:41:15.936 28973 29024 D cellinfo: 46 bytes from 44.241.174.93: icmp_seq=950 ttl=26 time=71.7 ms
08-10 20:41:16.150 28973 29024 D cellinfo: 46 bytes from 44.241.174.93: icmp_seq=951 ttl=26 time=85.3 ms
08-10 20:41:16.383 28973 29024 D cellinfo: 46 bytes from 44.241.174.93: icmp_seq=952 ttl=26 time=117 ms
08-10 20:41:16.577 28973 29024 D cellinfo: 46 bytes from 44.241.174.93: icmp_seq=953 ttl=26 time=109 ms
