08-10 23:39:44.565 24975 25049 D cellinfo: 46 bytes from 44.241.174.93: icmp_seq=2152 ttl=26 time=66.0 ms
08-10 23:39:44.627 24975 24975 D cellinfo: Latitude is 39.7257495
08-10 23:39:44.627 24975 24975 D cellinfo: Longitude is -105.028755
08-10 23:39:44.627 24975 24975 D cellinfo: Instantaneous GPS information: United States, Barnum Mountain Bike Park, 3250 W 6th Ave, Denver, CO 80204, USA
08-10 23:39:44.627 24975 24975 D cellinfo: getCurrentLocation() result: Location (success): 39.7257495, -105.028755
08-10 23:39:44.765 24975 25049 D cellinfo: 46 bytes from 44.241.174.93: icmp_seq=2153 ttl=26 time=65.4 ms
08-10 23:39:44.800 24975 24975 D cellinfo: onsignalStrengthsChanged: LTE Signal Strength info: rsrp: -85 rsrq: -7 rssi: -71 rssnr: 12
08-10 23:39:44.972 24975 25049 D cellinfo: 46 bytes from 44.241.174.93: icmp_seq=2154 ttl=26 time=73.3 ms
08-10 23:39:45.164 24975 25049 D cellinfo: 46 bytes from 44.241.174.93: icmp_seq=2155 ttl=26 time=63.6 ms
08-10 23:39:45.364 24975 25049 D cellinfo: 46 bytes from 44.241.174.93: icmp_seq=2156 ttl=26 time=63.3 ms
08-10 23:39:45.575 24975 25049 D cellinfo: 46 bytes from 44.241.174.93: icmp_seq=2157 ttl=26 time=72.2 ms
08-10 23:39:45.783 24975 25049 D cellinfo: 46 bytes from 44.241.174.93: icmp_seq=2158 ttl=26 time=79.0 ms
08-10 23:39:45.975 24975 25049 D cellinfo: 46 bytes from 44.241.174.93: icmp_seq=2159 ttl=26 time=70.2 ms
08-10 23:39:46.182 24975 25049 D cellinfo: 46 bytes from 44.241.174.93: icmp_seq=2160 ttl=26 time=77.2 ms
08-10 23:39:46.374 24975 25049 D cellinfo: 46 bytes from 44.241.174.93: icmp_seq=2161 ttl=26 time=68.2 ms
08-10 23:39:46.571 24975 24975 D cellinfo: Latitude is 39.7257495
08-10 23:39:46.572 24975 24975 D cellinfo: Longitude is -105.028755
08-10 23:39:46.572 24975 24975 D cellinfo: Instantaneous GPS information: United States, Barnum Mountain Bike Park, 3250 W 6th Ave, Denver, CO 80204, USA
08-10 23:39:46.572 24975 24975 D cellinfo: getCurrentLocation() result: Location (success): 39.7257495, -105.028755
08-10 23:39:46.575 24975 25049 D cellinfo: 46 bytes from 44.241.174.93: icmp_seq=2162 ttl=26 time=67.0 ms
08-10 23:39:46.617 24975 24975 D cellinfo: onCellInfoChanged: Operator: Verizon Wireless UpdateTimestamp: 31219912 CellConnectionStatus: 1
08-10 23:39:46.617 24975 24975 D cellinfo: onCellInfoChanged: LTE Cell Bands: [66, 66, 2] Bandwidth: 10000 Cell ID: 80462604 Physical Cell ID: 46 Tracking Area Code: 3585 EARFCN: 66586
08-10 23:39:46.774 24975 25049 D cellinfo: 46 bytes from 44.241.174.93: icmp_seq=2163 ttl=26 time=66.1 ms
08-10 23:39:46.974 24975 25049 D cellinfo: 46 bytes from 44.241.174.93: icmp_seq=2164 ttl=26 time=65.0 ms
08-10 23:39:47.182 24975 25049 D cellinfo: 46 bytes from 44.241.174.93: icmp_seq=2165 ttl=26 time=72.4 ms
08-10 23:39:47.383 24975 25049 D cellinfo: 46 bytes from 44.241.174.93: icmp_seq=2166 ttl=26 time=72.2 ms
08-10 23:39:47.585 24975 25049 D cellinfo: 46 bytes from 44.241.174.93: icmp_seq=2167 ttl=26 time=72.2 ms
08-10 23:39:47.787 24975 25049 D cellinfo: 46 bytes from 44.241.174.93: icmp_seq=2168 ttl=26 time=73.3 ms
08-10 23:39:47.985 24975 25049 D cellinfo: 46 bytes from 44.241.174.93: icmp_seq=2169 ttl=26 time=70.1 ms
08-10 23:39:48.184 24975 25049 D cellinfo: 46 bytes from 44.241.174.93: icmp_seq=2170 ttl=26 time=69.1 ms
08-10 23:39:48.392 24975 25049 D cellinfo: 46 bytes from 44.241.174.93: icmp_seq=2171 ttl=26 time=76.2 ms
08-10 23:39:48.574 24975 25049 D cellinfo: 46 bytes from 44.241.174.93: icmp_seq=2172 ttl=26 time=57.2 ms
08-10 23:39:48.784 24975 25049 D cellinfo: 46 bytes from 44.241.174.93: icmp_seq=2173 ttl=26 time=66.3 ms
08-10 23:39:48.799 24975 24975 D cellinfo: onsignalStrengthsChanged: LTE Signal Strength info: rsrp: -78 rsrq: -7 rssi: -63 rssnr: 19
08-10 23:39:48.984 24975 25049 D cellinfo: 46 bytes from 44.241.174.93: icmp_seq=2174 ttl=26 time=65.1 ms
08-10 23:39:49.184 24975 25049 D cellinfo: 46 bytes from 44.241.174.93: icmp_seq=2175 ttl=26 time=64.4 ms
08-10 23:39:49.384 24975 25049 D cellinfo: 46 bytes from 44.241.174.93: icmp_seq=2176 ttl=26 time=64.2 ms
08-10 23:39:49.585 24975 25049 D cellinfo: 46 bytes from 44.241.174.93: icmp_seq=2177 ttl=26 time=64.0 ms
08-10 23:39:49.793 24975 25049 D cellinfo: 46 bytes from 44.241.174.93: icmp_seq=2178 ttl=26 time=70.8 ms
08-10 23:39:49.963 24975 24975 D cellinfo: Latitude is 39.725715
08-10 23:39:49.963 24975 24975 D cellinfo: Longitude is -105.0293962
08-10 23:39:49.963 24975 24975 D cellinfo: Instantaneous GPS information: United States, Barnum Mountain Bike Park, 3250 W 6th Ave, Denver, CO 80204, USA
08-10 23:39:49.963 24975 24975 D cellinfo: getCurrentLocation() result: Location (success): 39.725715, -105.0293962
08-10 23:39:49.968 24975 24975 D cellinfo: onCellInfoChanged: Operator: Verizon Wireless UpdateTimestamp: 31222906 CellConnectionStatus: 1
08-10 23:39:49.968 24975 24975 D cellinfo: onCellInfoChanged: LTE Cell Bands: [66, 66, 2] Bandwidth: 10000 Cell ID: 80462604 Physical Cell ID: 46 Tracking Area Code: 3585 EARFCN: 66586
08-10 23:39:49.995 24975 25049 D cellinfo: 46 bytes from 44.241.174.93: icmp_seq=2179 ttl=26 time=71.8 ms
08-10 23:39:50.194 24975 25049 D cellinfo: 46 bytes from 44.241.174.93: icmp_seq=2180 ttl=26 time=70.6 ms
08-10 23:39:50.394 24975 25049 D cellinfo: 46 bytes from 44.241.174.93: icmp_seq=2181 ttl=26 time=69.3 ms
08-10 23:39:50.595 24975 25049 D cellinfo: 46 bytes from 44.241.174.93: icmp_seq=2182 ttl=26 time=69.4 ms
08-10 23:39:50.794 24975 25049 D cellinfo: 46 bytes from 44.241.174.93: icmp_seq=2183 ttl=26 time=67.4 ms
08-10 23:39:50.993 24975 25049 D cellinfo: 46 bytes from 44.241.174.93: icmp_seq=2184 ttl=26 time=65.2 ms
08-10 23:39:51.195 24975 25049 D cellinfo: 46 bytes from 44.241.174.93: icmp_seq=2185 ttl=26 time=65.4 ms
08-10 23:39:51.395 24975 25049 D cellinfo: 46 bytes from 44.241.174.93: icmp_seq=2186 ttl=26 time=65.3 ms
08-10 23:39:51.594 24975 25049 D cellinfo: 46 bytes from 44.241.174.93: icmp_seq=2187 ttl=26 time=63.2 ms
08-10 23:39:51.794 24975 25049 D cellinfo: 46 bytes from 44.241.174.93: icmp_seq=2188 ttl=26 time=62.8 ms
08-10 23:39:52.002 24975 25049 D cellinfo: 46 bytes from 44.241.174.93: icmp_seq=2189 ttl=26 time=70.3 ms
08-10 23:39:52.205 24975 25049 D cellinfo: 46 bytes from 44.241.174.93: icmp_seq=2190 ttl=26 time=72.1 ms
08-10 23:39:52.413 24975 25049 D cellinfo: 46 bytes from 44.241.174.93: icmp_seq=2191 ttl=26 time=79.1 ms
08-10 23:39:52.604 24975 25049 D cellinfo: 46 bytes from 44.241.174.93: icmp_seq=2192 ttl=26 time=69.7 ms
08-10 23:39:52.804 24975 25049 D cellinfo: 46 bytes from 44.241.174.93: icmp_seq=2193 ttl=26 time=68.4 ms
08-10 23:39:52.966 24975 24975 D cellinfo: Latitude is 39.7256918
08-10 23:39:52.966 24975 24975 D cellinfo: Longitude is -105.0298279
08-10 23:39:52.966 24975 24975 D cellinfo: Instantaneous GPS information: United States, Barnum Mountain Bike Park, 3250 W 6th Ave, Denver, CO 80204, USA
08-10 23:39:52.966 24975 24975 D cellinfo: getCurrentLocation() result: Location (success): 39.7256918, -105.0298279
08-10 23:39:52.971 24975 24975 D cellinfo: onCellInfoChanged: Operator: Verizon Wireless UpdateTimestamp: 31225902 CellConnectionStatus: 1
08-10 23:39:52.971 24975 24975 D cellinfo: onCellInfoChanged: LTE Cell Bands: [66, 66, 2] Bandwidth: 10000 Cell ID: 80462604 Physical Cell ID: 46 Tracking Area Code: 3585 EARFCN: 66586
08-10 23:39:53.004 24975 25049 D cellinfo: 46 bytes from 44.241.174.93: icmp_seq=2194 ttl=26 time=66.5 ms
08-10 23:39:53.205 24975 25049 D cellinfo: 46 bytes from 44.241.174.93: icmp_seq=2195 ttl=26 time=67.9 ms
08-10 23:39:53.405 24975 25049 D cellinfo: 46 bytes from 44.241.174.93: icmp_seq=2196 ttl=26 time=67.1 ms
08-10 23:39:53.606 24975 25049 D cellinfo: 46 bytes from 44.241.174.93: icmp_seq=2197 ttl=26 time=67.1 ms
08-10 23:39:53.804 24975 25049 D cellinfo: 46 bytes from 44.241.174.93: icmp_seq=2198 ttl=26 time=65.0 ms
08-10 23:39:54.005 24975 25049 D cellinfo: 46 bytes from 44.241.174.93: icmp_seq=2199 ttl=26 time=63.9 ms
08-10 23:39:54.207 24975 25049 D cellinfo: 46 bytes from 44.241.174.93: icmp_seq=2200 ttl=26 time=66.2 ms
08-10 23:39:54.406 24975 25049 D cellinfo: 46 bytes from 44.241.174.93: icmp_seq=2201 ttl=26 time=64.2 ms
08-10 23:39:54.604 24975 25049 D cellinfo: 46 bytes from 44.241.174.93: icmp_seq=2202 ttl=26 time=62.7 ms
08-10 23:39:54.808 24975 25049 D cellinfo: 46 bytes from 44.241.174.93: icmp_seq=2203 ttl=26 time=65.2 ms
08-10 23:39:55.022 24975 25049 D cellinfo: 46 bytes from 44.241.174.93: icmp_seq=2204 ttl=26 time=79.3 ms
08-10 23:39:55.224 24975 25049 D cellinfo: 46 bytes from 44.241.174.93: icmp_seq=2205 ttl=26 time=80.1 ms
08-10 23:39:55.430 24975 25049 D cellinfo: 46 bytes from 44.241.174.93: icmp_seq=2206 ttl=26 time=86.2 ms
08-10 23:39:55.616 24975 25049 D cellinfo: 46 bytes from 44.241.174.93: icmp_seq=2207 ttl=26 time=70.9 ms
08-10 23:39:55.813 24975 25049 D cellinfo: 46 bytes from 44.241.174.93: icmp_seq=2208 ttl=26 time=66.8 ms
08-10 23:39:55.947 24975 24975 D cellinfo: Latitude is 39.7256978
08-10 23:39:55.947 24975 24975 D cellinfo: Longitude is -105.0297123
08-10 23:39:55.947 24975 24975 D cellinfo: Instantaneous GPS information: United States, Barnum Mountain Bike Park, 3250 W 6th Ave, Denver, CO 80204, USA
08-10 23:39:55.947 24975 24975 D cellinfo: getCurrentLocation() result: Location (success): 39.7256978, -105.0297123
08-10 23:39:55.950 24975 24975 D cellinfo: onCellInfoChanged: Operator: Verizon Wireless UpdateTimestamp: 31228917 CellConnectionStatus: 1
08-10 23:39:55.950 24975 24975 D cellinfo: onCellInfoChanged: LTE Cell Bands: [66, 66, 2] Bandwidth: 10000 Cell ID: 80462604 Physical Cell ID: 46 Tracking Area Code: 3585 EARFCN: 66586
08-10 23:39:56.013 24975 25049 D cellinfo: 46 bytes from 44.241.174.93: icmp_seq=2209 ttl=26 time=66.4 ms
08-10 23:39:56.214 24975 25049 D cellinfo: 46 bytes from 44.241.174.93: icmp_seq=2210 ttl=26 time=68.4 ms
08-10 23:39:56.415 24975 25049 D cellinfo: 46 bytes from 44.241.174.93: icmp_seq=2211 ttl=26 time=67.7 ms
08-10 23:39:56.615 24975 25049 D cellinfo: 46 bytes from 44.241.174.93: icmp_seq=2212 ttl=26 time=66.9 ms
08-10 23:39:56.824 24975 25049 D cellinfo: 46 bytes from 44.241.174.93: icmp_seq=2213 ttl=26 time=75.3 ms
08-10 23:39:57.015 24975 25049 D cellinfo: 46 bytes from 44.241.174.93: icmp_seq=2214 ttl=26 time=66.1 ms
08-10 23:39:57.215 24975 25049 D cellinfo: 46 bytes from 44.241.174.93: icmp_seq=2215 ttl=26 time=65.7 ms
08-10 23:39:57.417 24975 25049 D cellinfo: 46 bytes from 44.241.174.93: icmp_seq=2216 ttl=26 time=67.4 ms
08-10 23:39:57.618 24975 25049 D cellinfo: 46 bytes from 44.241.174.93: icmp_seq=2217 ttl=26 time=68.1 ms
08-10 23:39:57.821 24975 25049 D cellinfo: 46 bytes from 44.241.174.93: icmp_seq=2218 ttl=26 time=69.8 ms
08-10 23:39:58.015 24975 25049 D cellinfo: 46 bytes from 44.241.174.93: icmp_seq=2219 ttl=26 time=63.1 ms
08-10 23:39:58.215 24975 25049 D cellinfo: 46 bytes from 44.241.174.93: icmp_seq=2220 ttl=26 time=63.3 ms
08-10 23:39:58.416 24975 25049 D cellinfo: 46 bytes from 44.241.174.93: icmp_seq=2221 ttl=26 time=62.8 ms
08-10 23:39:58.612 24975 24975 D cellinfo: onCellInfoChanged: Operator: Verizon Wireless UpdateTimestamp: 31231912 CellConnectionStatus: 1
08-10 23:39:58.612 24975 24975 D cellinfo: onCellInfoChanged: LTE Cell Bands: [66, 66, 2] Bandwidth: 10000 Cell ID: 80462604 Physical Cell ID: 46 Tracking Area Code: 3585 EARFCN: 66586
08-10 23:39:58.625 24975 25049 D cellinfo: 46 bytes from 44.241.174.93: icmp_seq=2222 ttl=26 time=71.0 ms
08-10 23:39:58.825 24975 25049 D cellinfo: 46 bytes from 44.241.174.93: icmp_seq=2223 ttl=26 time=70.3 ms
08-10 23:39:59.026 24975 25049 D cellinfo: 46 bytes from 44.241.174.93: icmp_seq=2224 ttl=26 time=71.0 ms
08-10 23:39:59.226 24975 25049 D cellinfo: 46 bytes from 44.241.174.93: icmp_seq=2225 ttl=26 time=71.3 ms
08-10 23:39:59.428 24975 25049 D cellinfo: 46 bytes from 44.241.174.93: icmp_seq=2226 ttl=26 time=71.5 ms
08-10 23:39:59.600 24975 24975 D cellinfo: Latitude is 39.7256746
08-10 23:39:59.600 24975 24975 D cellinfo: Longitude is -105.0334095
08-10 23:39:59.601 24975 24975 D cellinfo: Instantaneous GPS information: United States, 600 King St, Denver, CO 80204, USA
08-10 23:39:59.601 24975 24975 D cellinfo: getCurrentLocation() result: Location (success): 39.7256746, -105.0334095
08-10 23:39:59.630 24975 25049 D cellinfo: 46 bytes from 44.241.174.93: icmp_seq=2227 ttl=26 time=73.4 ms
08-10 23:39:59.824 24975 25049 D cellinfo: 46 bytes from 44.241.174.93: icmp_seq=2228 ttl=26 time=66.8 ms
08-10 23:40:00.026 24975 25049 D cellinfo: 46 bytes from 44.241.174.93: icmp_seq=2229 ttl=26 time=67.4 ms
08-10 23:40:00.232 24975 25049 D cellinfo: 46 bytes from 44.241.174.93: icmp_seq=2230 ttl=26 time=74.1 ms
08-10 23:40:00.426 24975 25049 D cellinfo: 46 bytes from 44.241.174.93: icmp_seq=2231 ttl=26 time=66.6 ms
08-10 23:40:00.624 24975 25049 D cellinfo: 46 bytes from 44.241.174.93: icmp_seq=2232 ttl=26 time=65.2 ms
08-10 23:40:00.823 24975 25049 D cellinfo: 46 bytes from 44.241.174.93: icmp_seq=2233 ttl=26 time=63.4 ms
08-10 23:40:01.027 24975 25049 D cellinfo: 46 bytes from 44.241.174.93: icmp_seq=2234 ttl=26 time=63.6 ms
08-10 23:40:01.226 24975 25049 D cellinfo: 46 bytes from 44.241.174.93: icmp_seq=2235 ttl=26 time=64.4 ms
08-10 23:40:01.427 24975 25049 D cellinfo: 46 bytes from 44.241.174.93: icmp_seq=2236 ttl=26 time=62.6 ms
08-10 23:40:01.567 24975 24975 D cellinfo: Latitude is 39.7256746
08-10 23:40:01.567 24975 24975 D cellinfo: Longitude is -105.0334095
08-10 23:40:01.567 24975 24975 D cellinfo: Instantaneous GPS information: United States, 600 King St, Denver, CO 80204, USA
08-10 23:40:01.567 24975 24975 D cellinfo: getCurrentLocation() result: Location (success): 39.7256746, -105.0334095
08-10 23:40:01.604 24975 24975 D cellinfo: onCellInfoChanged: Operator: Verizon Wireless UpdateTimestamp: 31234905 CellConnectionStatus: 1
08-10 23:40:01.604 24975 24975 D cellinfo: onCellInfoChanged: LTE Cell Bands: [66, 66, 2] Bandwidth: 10000 Cell ID: 80462604 Physical Cell ID: 46 Tracking Area Code: 3585 EARFCN: 66586
08-10 23:40:01.634 24975 25049 D cellinfo: 46 bytes from 44.241.174.93: icmp_seq=2237 ttl=26 time=71.2 ms
08-10 23:40:01.835 24975 25049 D cellinfo: 46 bytes from 44.241.174.93: icmp_seq=2238 ttl=26 time=70.6 ms
08-10 23:40:02.051 24975 25049 D cellinfo: 46 bytes from 44.241.174.93: icmp_seq=2239 ttl=26 time=86.7 ms
08-10 23:40:02.235 24975 25049 D cellinfo: 46 bytes from 44.241.174.93: icmp_seq=2240 ttl=26 time=71.6 ms
08-10 23:40:02.434 24975 25049 D cellinfo: 46 bytes from 44.241.174.93: icmp_seq=2241 ttl=26 time=70.4 ms
08-10 23:40:02.635 24975 25049 D cellinfo: 46 bytes from 44.241.174.93: icmp_seq=2242 ttl=26 time=69.3 ms
08-10 23:40:02.835 24975 25049 D cellinfo: 46 bytes from 44.241.174.93: icmp_seq=2243 ttl=26 time=68.6 ms
08-10 23:40:03.035 24975 25049 D cellinfo: 46 bytes from 44.241.174.93: icmp_seq=2244 ttl=26 time=68.0 ms
08-10 23:40:03.235 24975 25049 D cellinfo: 46 bytes from 44.241.174.93: icmp_seq=2245 ttl=26 time=68.3 ms
08-10 23:40:03.435 24975 25049 D cellinfo: 46 bytes from 44.241.174.93: icmp_seq=2246 ttl=26 time=67.1 ms
08-10 23:40:03.635 24975 25049 D cellinfo: 46 bytes from 44.241.174.93: icmp_seq=2247 ttl=26 time=66.1 ms
08-10 23:40:03.836 24975 25049 D cellinfo: 46 bytes from 44.241.174.93: icmp_seq=2248 ttl=26 time=66.0 ms
08-10 23:40:04.035 24975 25049 D cellinfo: 46 bytes from 44.241.174.93: icmp_seq=2249 ttl=26 time=64.0 ms
08-10 23:40:04.243 24975 25049 D cellinfo: 46 bytes from 44.241.174.93: icmp_seq=2250 ttl=26 time=72.1 ms
08-10 23:40:04.435 24975 25049 D cellinfo: 46 bytes from 44.241.174.93: icmp_seq=2251 ttl=26 time=63.3 ms
08-10 23:40:04.657 24975 25049 D cellinfo: 46 bytes from 44.241.174.93: icmp_seq=2252 ttl=26 time=82.5 ms
08-10 23:40:04.841 24975 25049 D cellinfo: 46 bytes from 44.241.174.93: icmp_seq=2253 ttl=26 time=66.0 ms
08-10 23:40:04.946 24975 24975 D cellinfo: Latitude is 39.7256825
08-10 23:40:04.946 24975 24975 D cellinfo: Longitude is -105.0340027
08-10 23:40:04.946 24975 24975 D cellinfo: Instantaneous GPS information: United States, 3509 W 6th Ave, Denver, CO 80204, USA
08-10 23:40:04.946 24975 24975 D cellinfo: getCurrentLocation() result: Location (success): 39.7256825, -105.0340027
08-10 23:40:04.950 24975 24975 D cellinfo: onCellInfoChanged: Operator: Verizon Wireless UpdateTimestamp: 31237903 CellConnectionStatus: 1
08-10 23:40:04.950 24975 24975 D cellinfo: onCellInfoChanged: LTE Cell Bands: [66, 66, 2] Bandwidth: 10000 Cell ID: 80462604 Physical Cell ID: 46 Tracking Area Code: 3585 EARFCN: 66586
08-10 23:40:05.045 24975 25049 D cellinfo: 46 bytes from 44.241.174.93: icmp_seq=2254 ttl=26 time=68.9 ms
08-10 23:40:05.245 24975 25049 D cellinfo: 46 bytes from 44.241.174.93: icmp_seq=2255 ttl=26 time=69.3 ms
08-10 23:40:05.445 24975 25049 D cellinfo: 46 bytes from 44.241.174.93: icmp_seq=2256 ttl=26 time=68.1 ms
08-10 23:40:05.646 24975 25049 D cellinfo: 46 bytes from 44.241.174.93: icmp_seq=2257 ttl=26 time=68.3 ms
08-10 23:40:05.845 24975 25049 D cellinfo: 46 bytes from 44.241.174.93: icmp_seq=2258 ttl=26 time=66.9 ms
08-10 23:40:06.045 24975 25049 D cellinfo: 46 bytes from 44.241.174.93: icmp_seq=2259 ttl=26 time=66.1 ms
08-10 23:40:06.253 24975 25049 D cellinfo: 46 bytes from 44.241.174.93: icmp_seq=2260 ttl=26 time=74.5 ms
08-10 23:40:06.445 24975 25049 D cellinfo: 46 bytes from 44.241.174.93: icmp_seq=2261 ttl=26 time=66.2 ms
08-10 23:40:06.645 24975 25049 D cellinfo: 46 bytes from 44.241.174.93: icmp_seq=2262 ttl=26 time=64.8 ms
08-10 23:40:06.845 24975 25049 D cellinfo: 46 bytes from 44.241.174.93: icmp_seq=2263 ttl=26 time=63.8 ms
08-10 23:40:07.045 24975 25049 D cellinfo: 46 bytes from 44.241.174.93: icmp_seq=2264 ttl=26 time=63.5 ms
08-10 23:40:07.245 24975 25049 D cellinfo: 46 bytes from 44.241.174.93: icmp_seq=2265 ttl=26 time=64.0 ms
08-10 23:40:07.446 24975 25049 D cellinfo: 46 bytes from 44.241.174.93: icmp_seq=2266 ttl=26 time=64.0 ms
08-10 23:40:07.645 24975 25049 D cellinfo: 46 bytes from 44.241.174.93: icmp_seq=2267 ttl=26 time=62.0 ms
08-10 23:40:07.864 24975 25049 D cellinfo: 46 bytes from 44.241.174.93: icmp_seq=2268 ttl=26 time=79.3 ms
08-10 23:40:07.952 24975 24975 D cellinfo: Latitude is 39.7256886
08-10 23:40:07.953 24975 24975 D cellinfo: Longitude is -105.0344591
08-10 23:40:07.953 24975 24975 D cellinfo: Instantaneous GPS information: United States, 600 Lowell Blvd, Denver, CO 80204, USA
08-10 23:40:07.953 24975 24975 D cellinfo: getCurrentLocation() result: Location (success): 39.7256886, -105.0344591
08-10 23:40:07.956 24975 24975 D cellinfo: onCellInfoChanged: Operator: Verizon Wireless UpdateTimestamp: 31240909 CellConnectionStatus: 1
08-10 23:40:07.956 24975 24975 D cellinfo: onCellInfoChanged: LTE Cell Bands: [66, 66, 2] Bandwidth: 10000 Cell ID: 80462604 Physical Cell ID: 46 Tracking Area Code: 3585 EARFCN: 66586
08-10 23:40:08.055 24975 25049 D cellinfo: 46 bytes from 44.241.174.93: icmp_seq=2269 ttl=26 time=70.0 ms
08-10 23:40:08.256 24975 25049 D cellinfo: 46 bytes from 44.241.174.93: icmp_seq=2270 ttl=26 time=71.1 ms
08-10 23:40:08.455 24975 25049 D cellinfo: 46 bytes from 44.241.174.93: icmp_seq=2271 ttl=26 time=69.3 ms
08-10 23:40:08.656 24975 25049 D cellinfo: 46 bytes from 44.241.174.93: icmp_seq=2272 ttl=26 time=68.7 ms
08-10 23:40:08.855 24975 25049 D cellinfo: 46 bytes from 44.241.174.93: icmp_seq=2273 ttl=26 time=67.9 ms
08-10 23:40:09.056 24975 25049 D cellinfo: 46 bytes from 44.241.174.93: icmp_seq=2274 ttl=26 time=68.7 ms
08-10 23:40:09.263 24975 25049 D cellinfo: 46 bytes from 44.241.174.93: icmp_seq=2275 ttl=26 time=75.6 ms
08-10 23:40:09.455 24975 25049 D cellinfo: 46 bytes from 44.241.174.93: icmp_seq=2276 ttl=26 time=67.3 ms
08-10 23:40:09.655 24975 25049 D cellinfo: 46 bytes from 44.241.174.93: icmp_seq=2277 ttl=26 time=66.9 ms
08-10 23:40:09.871 24975 25049 D cellinfo: 46 bytes from 44.241.174.93: icmp_seq=2278 ttl=26 time=82.4 ms
08-10 23:40:10.059 24975 25049 D cellinfo: 46 bytes from 44.241.174.93: icmp_seq=2279 ttl=26 time=70.1 ms
08-10 23:40:10.260 24975 25049 D cellinfo: 46 bytes from 44.241.174.93: icmp_seq=2280 ttl=26 time=70.9 ms
08-10 23:40:10.456 24975 25049 D cellinfo: 46 bytes from 44.241.174.93: icmp_seq=2281 ttl=26 time=66.0 ms
08-10 23:40:10.683 24975 25049 D cellinfo: 46 bytes from 44.241.174.93: icmp_seq=2282 ttl=26 time=92.3 ms
08-10 23:40:10.859 24975 25049 D cellinfo: 46 bytes from 44.241.174.93: icmp_seq=2283 ttl=26 time=66.7 ms
08-10 23:40:11.000 24975 24975 D cellinfo: Latitude is 39.7256874
08-10 23:40:11.000 24975 24975 D cellinfo: Longitude is -105.03437
08-10 23:40:11.000 24975 24975 D cellinfo: Instantaneous GPS information: United States, 600 Lowell Blvd, Denver, CO 80204, USA
08-10 23:40:11.000 24975 24975 D cellinfo: getCurrentLocation() result: Location (success): 39.7256874, -105.03437
08-10 23:40:11.004 24975 24975 D cellinfo: onCellInfoChanged: Operator: Verizon Wireless UpdateTimestamp: 31243918 CellConnectionStatus: 1
08-10 23:40:11.004 24975 24975 D cellinfo: onCellInfoChanged: LTE Cell Bands: [66, 66, 2] Bandwidth: 10000 Cell ID: 80462604 Physical Cell ID: 46 Tracking Area Code: 3585 EARFCN: 66586
08-10 23:40:11.055 24975 25049 D cellinfo: 46 bytes from 44.241.174.93: icmp_seq=2284 ttl=26 time=61.8 ms
08-10 23:40:11.255 24975 25049 D cellinfo: 46 bytes from 44.241.174.93: icmp_seq=2285 ttl=26 time=62.1 ms
08-10 23:40:11.465 24975 25049 D cellinfo: 46 bytes from 44.241.174.93: icmp_seq=2286 ttl=26 time=71.3 ms
08-10 23:40:11.665 24975 25049 D cellinfo: 46 bytes from 44.241.174.93: icmp_seq=2287 ttl=26 time=70.2 ms
08-10 23:40:11.865 24975 25049 D cellinfo: 46 bytes from 44.241.174.93: icmp_seq=2288 ttl=26 time=69.1 ms
08-10 23:40:12.065 24975 25049 D cellinfo: 46 bytes from 44.241.174.93: icmp_seq=2289 ttl=26 time=68.6 ms
08-10 23:40:12.278 24975 25049 D cellinfo: 46 bytes from 44.241.174.93: icmp_seq=2290 ttl=26 time=82.5 ms
08-10 23:40:12.473 24975 25049 D cellinfo: 46 bytes from 44.241.174.93: icmp_seq=2291 ttl=26 time=77.0 ms
08-10 23:40:12.673 24975 25049 D cellinfo: 46 bytes from 44.241.174.93: icmp_seq=2292 ttl=26 time=76.1 ms
08-10 23:40:12.881 24975 25049 D cellinfo: 46 bytes from 44.241.174.93: icmp_seq=2293 ttl=26 time=82.9 ms
08-10 23:40:13.064 24975 25049 D cellinfo: 46 bytes from 44.241.174.93: icmp_seq=2294 ttl=26 time=65.4 ms
08-10 23:40:13.265 24975 25049 D cellinfo: 46 bytes from 44.241.174.93: icmp_seq=2295 ttl=26 time=67.4 ms
08-10 23:40:13.473 24975 25049 D cellinfo: 46 bytes from 44.241.174.93: icmp_seq=2296 ttl=26 time=75.0 ms
08-10 23:40:13.604 24975 24975 D cellinfo: onCellInfoChanged: Operator: Verizon Wireless UpdateTimestamp: 31246905 CellConnectionStatus: 1
08-10 23:40:13.604 24975 24975 D cellinfo: onCellInfoChanged: LTE Cell Bands: [66, 66, 2] Bandwidth: 10000 Cell ID: 80462604 Physical Cell ID: 46 Tracking Area Code: 3585 EARFCN: 66586
08-10 23:40:13.699 24975 25049 D cellinfo: 46 bytes from 44.241.174.93: icmp_seq=2297 ttl=26 time=100 ms
08-10 23:40:13.856 24975 25049 D cellinfo: 46 bytes from 44.241.174.93: icmp_seq=2298 ttl=26 time=56.5 ms
08-10 23:40:14.081 24975 25049 D cellinfo: 46 bytes from 44.241.174.93: icmp_seq=2299 ttl=26 time=80.6 ms
08-10 23:40:14.273 24975 25049 D cellinfo: 46 bytes from 44.241.174.93: icmp_seq=2300 ttl=26 time=72.8 ms
08-10 23:40:14.475 24975 25049 D cellinfo: 46 bytes from 44.241.174.93: icmp_seq=2301 ttl=26 time=73.1 ms
08-10 23:40:14.650 24975 24975 D cellinfo: Latitude is 39.7257207
08-10 23:40:14.650 24975 24975 D cellinfo: Longitude is -105.0379296
08-10 23:40:14.650 24975 24975 D cellinfo: Instantaneous GPS information: United States, 600 Osceola St, Denver, CO 80204, USA
08-10 23:40:14.650 24975 24975 D cellinfo: getCurrentLocation() result: Location (success): 39.7257207, -105.0379296
08-10 23:40:14.666 24975 25049 D cellinfo: 46 bytes from 44.241.174.93: icmp_seq=2302 ttl=26 time=63.2 ms
08-10 23:40:14.799 24975 24975 D cellinfo: onsignalStrengthsChanged: LTE Signal Strength info: rsrp: -78 rsrq: -9 rssi: -61 rssnr: 12
08-10 23:40:14.865 24975 25049 D cellinfo: 46 bytes from 44.241.174.93: icmp_seq=2303 ttl=26 time=62.5 ms
08-10 23:40:15.065 24975 25049 D cellinfo: 46 bytes from 44.241.174.93: icmp_seq=2304 ttl=26 time=62.0 ms
08-10 23:40:15.275 24975 25049 D cellinfo: 46 bytes from 44.241.174.93: icmp_seq=2305 ttl=26 time=71.4 ms
08-10 23:40:15.551 24975 25049 D cellinfo: 46 bytes from 44.241.174.93: icmp_seq=2306 ttl=26 time=146 ms
08-10 23:40:15.619 24975 24975 D cellinfo: onServiceStateChanged: Channel Number: 66586 Cell Bandwidths: [10000, 10000, 10000]
08-10 23:40:15.666 24975 24975 D cellinfo: onServiceStateChanged: Channel Number: 66586 Cell Bandwidths: [10000, 10000, 10000]
08-10 23:40:15.672 24975 25049 D cellinfo: 46 bytes from 44.241.174.93: icmp_seq=2307 ttl=26 time=67.3 ms
08-10 23:40:15.677 24975 24975 D cellinfo: onDisplayInfoChanged: NetworkType: LTE OverrideNetworkType: 5G (Sub-6 GHz)
08-10 23:40:15.873 24975 25049 D cellinfo: 46 bytes from 44.241.174.93: icmp_seq=2308 ttl=26 time=66.5 ms
08-10 23:40:16.073 24975 25049 D cellinfo: 46 bytes from 44.241.174.93: icmp_seq=2309 ttl=26 time=65.5 ms
08-10 23:40:16.273 24975 25049 D cellinfo: 46 bytes from 44.241.174.93: icmp_seq=2310 ttl=26 time=64.2 ms
08-10 23:40:16.473 24975 25049 D cellinfo: 46 bytes from 44.241.174.93: icmp_seq=2311 ttl=26 time=63.0 ms
08-10 23:40:16.571 24975 24975 D cellinfo: Latitude is 39.7257207
08-10 23:40:16.571 24975 24975 D cellinfo: Longitude is -105.0379296
08-10 23:40:16.571 24975 24975 D cellinfo: Instantaneous GPS information: United States, 600 Osceola St, Denver, CO 80204, USA
08-10 23:40:16.571 24975 24975 D cellinfo: getCurrentLocation() result: Location (success): 39.7257207, -105.0379296
08-10 23:40:16.611 24975 24975 D cellinfo: onCellInfoChanged: Operator: Verizon Wireless UpdateTimestamp: 31249912 CellConnectionStatus: 1
08-10 23:40:16.611 24975 24975 D cellinfo: onCellInfoChanged: LTE Cell Bands: [66, 66, 2] Bandwidth: 10000 Cell ID: 80462614 Physical Cell ID: 47 Tracking Area Code: 3585 EARFCN: 66586
08-10 23:40:16.672 24975 25049 D cellinfo: 46 bytes from 44.241.174.93: icmp_seq=2312 ttl=26 time=61.7 ms
08-10 23:40:16.883 24975 25049 D cellinfo: 46 bytes from 44.241.174.93: icmp_seq=2313 ttl=26 time=70.8 ms
08-10 23:40:17.083 24975 25049 D cellinfo: 46 bytes from 44.241.174.93: icmp_seq=2314 ttl=26 time=70.5 ms
08-10 23:40:17.283 24975 25049 D cellinfo: 46 bytes from 44.241.174.93: icmp_seq=2315 ttl=26 time=69.6 ms
08-10 23:40:17.483 24975 25049 D cellinfo: 46 bytes from 44.241.174.93: icmp_seq=2316 ttl=26 time=68.6 ms
08-10 23:40:17.684 24975 25049 D cellinfo: 46 bytes from 44.241.174.93: icmp_seq=2317 ttl=26 time=68.8 ms
08-10 23:40:17.883 24975 25049 D cellinfo: 46 bytes from 44.241.174.93: icmp_seq=2318 ttl=26 time=67.3 ms
08-10 23:40:18.083 24975 25049 D cellinfo: 46 bytes from 44.241.174.93: icmp_seq=2319 ttl=26 time=66.4 ms
08-10 23:40:18.283 24975 25049 D cellinfo: 46 bytes from 44.241.174.93: icmp_seq=2320 ttl=26 time=65.2 ms
08-10 23:40:18.483 24975 25049 D cellinfo: 46 bytes from 44.241.174.93: icmp_seq=2321 ttl=26 time=64.0 ms
08-10 23:40:18.607 24975 24975 D cellinfo: onsignalStrengthsChanged: LTE Signal Strength info: rsrp: -75 rsrq: -5 rssi: -61 rssnr: 22
08-10 23:40:18.684 24975 25049 D cellinfo: 46 bytes from 44.241.174.93: icmp_seq=2322 ttl=26 time=63.7 ms
08-10 23:40:18.883 24975 25049 D cellinfo: 46 bytes from 44.241.174.93: icmp_seq=2323 ttl=26 time=62.6 ms
08-10 23:40:19.093 24975 25049 D cellinfo: 46 bytes from 44.241.174.93: icmp_seq=2324 ttl=26 time=72.4 ms
08-10 23:40:19.283 24975 25049 D cellinfo: 46 bytes from 44.241.174.93: icmp_seq=2325 ttl=26 time=62.0 ms
08-10 23:40:19.493 24975 25049 D cellinfo: 46 bytes from 44.241.174.93: icmp_seq=2326 ttl=26 time=70.8 ms
08-10 23:40:19.693 24975 25049 D cellinfo: 46 bytes from 44.241.174.93: icmp_seq=2327 ttl=26 time=70.3 ms
08-10 23:40:19.900 24975 25049 D cellinfo: 46 bytes from 44.241.174.93: icmp_seq=2328 ttl=26 time=75.3 ms
08-10 23:40:19.982 24975 24975 D cellinfo: Latitude is 39.7257207
08-10 23:40:19.982 24975 24975 D cellinfo: Longitude is -105.0385512
08-10 23:40:19.982 24975 24975 D cellinfo: Instantaneous GPS information: United States, 601 Osceola St, Denver, CO 80204, USA
08-10 23:40:19.982 24975 24975 D cellinfo: getCurrentLocation() result: Location (success): 39.7257207, -105.0385512
08-10 23:40:19.986 24975 24975 D cellinfo: onCellInfoChanged: Operator: Verizon Wireless UpdateTimestamp: 31252908 CellConnectionStatus: 1
08-10 23:40:19.986 24975 24975 D cellinfo: onCellInfoChanged: LTE Cell Bands: [66, 66, 2] Bandwidth: 10000 Cell ID: 80462614 Physical Cell ID: 47 Tracking Area Code: 3585 EARFCN: 66586
08-10 23:40:20.093 24975 25049 D cellinfo: 46 bytes from 44.241.174.93: icmp_seq=2329 ttl=26 time=68.2 ms
08-10 23:40:20.294 24975 25049 D cellinfo: 46 bytes from 44.241.174.93: icmp_seq=2330 ttl=26 time=68.4 ms
08-10 23:40:20.494 24975 25049 D cellinfo: 46 bytes from 44.241.174.93: icmp_seq=2331 ttl=26 time=67.4 ms
08-10 23:40:20.694 24975 25049 D cellinfo: 46 bytes from 44.241.174.93: icmp_seq=2332 ttl=26 time=65.6 ms
08-10 23:40:20.893 24975 25049 D cellinfo: 46 bytes from 44.241.174.93: icmp_seq=2333 ttl=26 time=64.5 ms
08-10 23:40:21.093 24975 25049 D cellinfo: 46 bytes from 44.241.174.93: icmp_seq=2334 ttl=26 time=63.5 ms
08-10 23:40:21.293 24975 25049 D cellinfo: 46 bytes from 44.241.174.93: icmp_seq=2335 ttl=26 time=63.2 ms
08-10 23:40:21.493 24975 25049 D cellinfo: 46 bytes from 44.241.174.93: icmp_seq=2336 ttl=26 time=62.7 ms
08-10 23:40:21.704 24975 25049 D cellinfo: 46 bytes from 44.241.174.93: icmp_seq=2337 ttl=26 time=72.8 ms
08-10 23:40:21.904 24975 25049 D cellinfo: 46 bytes from 44.241.174.93: icmp_seq=2338 ttl=26 time=72.2 ms
08-10 23:40:22.104 24975 25049 D cellinfo: 46 bytes from 44.241.174.93: icmp_seq=2339 ttl=26 time=71.3 ms
08-10 23:40:22.303 24975 25049 D cellinfo: 46 bytes from 44.241.174.93: icmp_seq=2340 ttl=26 time=69.2 ms
08-10 23:40:22.503 24975 25049 D cellinfo: 46 bytes from 44.241.174.93: icmp_seq=2341 ttl=26 time=68.3 ms
08-10 23:40:22.698 24975 25049 D cellinfo: 46 bytes from 44.241.174.93: icmp_seq=2342 ttl=26 time=62.4 ms
08-10 23:40:22.909 24975 25049 D cellinfo: 46 bytes from 44.241.174.93: icmp_seq=2343 ttl=26 time=73.3 ms
08-10 23:40:22.985 24975 24975 D cellinfo: Latitude is 39.7257207
08-10 23:40:22.985 24975 24975 D cellinfo: Longitude is -105.0388842
08-10 23:40:22.985 24975 24975 D cellinfo: Instantaneous GPS information: United States, 3925 W 6th Ave, Denver, CO 80204, USA
08-10 23:40:22.985 24975 24975 D cellinfo: getCurrentLocation() result: Location (success): 39.7257207, -105.0388842
08-10 23:40:22.990 24975 24975 D cellinfo: onCellInfoChanged: Operator: Verizon Wireless UpdateTimestamp: 31255908 CellConnectionStatus: 1
08-10 23:40:22.990 24975 24975 D cellinfo: onCellInfoChanged: LTE Cell Bands: [66, 66, 2] Bandwidth: 10000 Cell ID: 80462614 Physical Cell ID: 47 Tracking Area Code: 3585 EARFCN: 66586
08-10 23:40:23.101 24975 25049 D cellinfo: 46 bytes from 44.241.174.93: icmp_seq=2344 ttl=26 time=63.6 ms
08-10 23:40:23.303 24975 25049 D cellinfo: 46 bytes from 44.241.174.93: icmp_seq=2345 ttl=26 time=64.3 ms
08-10 23:40:23.503 24975 25049 D cellinfo: 46 bytes from 44.241.174.93: icmp_seq=2346 ttl=26 time=63.4 ms
08-10 23:40:23.703 24975 25049 D cellinfo: 46 bytes from 44.241.174.93: icmp_seq=2347 ttl=26 time=62.4 ms
08-10 23:40:23.914 24975 25049 D cellinfo: 46 bytes from 44.241.174.93: icmp_seq=2348 ttl=26 time=72.7 ms
08-10 23:40:24.113 24975 25049 D cellinfo: 46 bytes from 44.241.174.93: icmp_seq=2349 ttl=26 time=71.0 ms
08-10 23:40:24.314 24975 25049 D cellinfo: 46 bytes from 44.241.174.93: icmp_seq=2350 ttl=26 time=70.0 ms
08-10 23:40:24.513 24975 25049 D cellinfo: 46 bytes from 44.241.174.93: icmp_seq=2351 ttl=26 time=69.6 ms
08-10 23:40:24.713 24975 25049 D cellinfo: 46 bytes from 44.241.174.93: icmp_seq=2352 ttl=26 time=69.4 ms
08-10 23:40:24.913 24975 25049 D cellinfo: 46 bytes from 44.241.174.93: icmp_seq=2353 ttl=26 time=68.0 ms
08-10 23:40:25.113 24975 25049 D cellinfo: 46 bytes from 44.241.174.93: icmp_seq=2354 ttl=26 time=67.5 ms
08-10 23:40:25.314 24975 25049 D cellinfo: 46 bytes from 44.241.174.93: icmp_seq=2355 ttl=26 time=68.1 ms
08-10 23:40:25.513 24975 25049 D cellinfo: 46 bytes from 44.241.174.93: icmp_seq=2356 ttl=26 time=66.1 ms
08-10 23:40:25.601 24975 24975 D cellinfo: onCellInfoChanged: Operator: Verizon Wireless UpdateTimestamp: 31258903 CellConnectionStatus: 1
08-10 23:40:25.601 24975 24975 D cellinfo: onCellInfoChanged: LTE Cell Bands: [66, 66, 2] Bandwidth: 10000 Cell ID: 80462614 Physical Cell ID: 47 Tracking Area Code: 3585 EARFCN: 66586
08-10 23:40:25.610 24975 24975 D cellinfo: onsignalStrengthsChanged: LTE Signal Strength info: rsrp: -89 rsrq: -7 rssi: -73 rssnr: 11
08-10 23:40:25.740 24975 25049 D cellinfo: 46 bytes from 44.241.174.93: icmp_seq=2357 ttl=26 time=92.1 ms
08-10 23:40:25.913 24975 25049 D cellinfo: 46 bytes from 44.241.174.93: icmp_seq=2358 ttl=26 time=64.5 ms
08-10 23:40:26.113 24975 25049 D cellinfo: 46 bytes from 44.241.174.93: icmp_seq=2359 ttl=26 time=64.2 ms
08-10 23:40:26.329 24975 25049 D cellinfo: 46 bytes from 44.241.174.93: icmp_seq=2360 ttl=26 time=79.6 ms
08-10 23:40:26.523 24975 25049 D cellinfo: 46 bytes from 44.241.174.93: icmp_seq=2361 ttl=26 time=72.8 ms
08-10 23:40:26.636 24975 24975 D cellinfo: Latitude is 39.725747
08-10 23:40:26.636 24975 24975 D cellinfo: Longitude is -105.0415389
08-10 23:40:26.636 24975 24975 D cellinfo: Instantaneous GPS information: United States, 600 Raleigh St, Denver, CO 80204, USA
08-10 23:40:26.636 24975 24975 D cellinfo: getCurrentLocation() result: Location (success): 39.725747, -105.0415389
08-10 23:40:26.713 24975 25049 D cellinfo: 46 bytes from 44.241.174.93: icmp_seq=2362 ttl=26 time=62.5 ms
08-10 23:40:26.921 24975 25049 D cellinfo: 46 bytes from 44.241.174.93: icmp_seq=2363 ttl=26 time=70.0 ms
08-10 23:40:26.988 24975 25049 D cellinfo: 46 bytes from 44.241.174.93: icmp_seq=2363 ttl=26 time=136 ms (DUP!)
08-10 23:40:27.086 24975 24975 D cellinfo: onServiceStateChanged: Channel Number: 66586 Cell Bandwidths: [10000, 10000, 10000]
08-10 23:40:27.100 24975 24975 D cellinfo: onDisplayInfoChanged: NetworkType: LTE OverrideNetworkType: LTE-CA
08-10 23:40:27.121 24975 25049 D cellinfo: 46 bytes from 44.241.174.93: icmp_seq=2364 ttl=26 time=69.2 ms
08-10 23:40:27.322 24975 25049 D cellinfo: 46 bytes from 44.241.174.93: icmp_seq=2365 ttl=26 time=70.0 ms
08-10 23:40:27.595 24975 25049 D cellinfo: 46 bytes from 44.241.174.93: icmp_seq=2366 ttl=26 time=142 ms
08-10 23:40:27.679 24975 24975 D cellinfo: onServiceStateChanged: Channel Number: 66586 Cell Bandwidths: [10000, 10000, 10000]
08-10 23:40:27.716 24975 25049 D cellinfo: 46 bytes from 44.241.174.93: icmp_seq=2367 ttl=26 time=63.0 ms
08-10 23:40:27.804 24975 24975 D cellinfo: onServiceStateChanged: Channel Number: 66586 Cell Bandwidths: [10000, 10000, 10000]
08-10 23:40:27.823 24975 24975 D cellinfo: onDisplayInfoChanged: NetworkType: LTE OverrideNetworkType: 5G (Sub-6 GHz)
08-10 23:40:27.916 24975 25049 D cellinfo: 46 bytes from 44.241.174.93: icmp_seq=2368 ttl=26 time=62.9 ms
08-10 23:40:28.117 24975 25049 D cellinfo: 46 bytes from 44.241.174.93: icmp_seq=2369 ttl=26 time=62.9 ms
08-10 23:40:28.327 24975 25049 D cellinfo: 46 bytes from 44.241.174.93: icmp_seq=2370 ttl=26 time=72.1 ms
08-10 23:40:28.527 24975 25049 D cellinfo: 46 bytes from 44.241.174.93: icmp_seq=2371 ttl=26 time=71.0 ms
08-10 23:40:28.563 24975 24975 D cellinfo: Latitude is 39.725747
08-10 23:40:28.563 24975 24975 D cellinfo: Longitude is -105.0415389
08-10 23:40:28.564 24975 24975 D cellinfo: Instantaneous GPS information: United States, 600 Raleigh St, Denver, CO 80204, USA
08-10 23:40:28.564 24975 24975 D cellinfo: getCurrentLocation() result: Location (success): 39.725747, -105.0415389
08-10 23:40:28.605 24975 24975 D cellinfo: onCellInfoChanged: Operator: Verizon Wireless UpdateTimestamp: 31261906 CellConnectionStatus: 1
08-10 23:40:28.605 24975 24975 D cellinfo: onCellInfoChanged: LTE Cell Bands: [66, 66, 2] Bandwidth: 10000 Cell ID: 80462624 Physical Cell ID: 127 Tracking Area Code: 3585 EARFCN: 66586
08-10 23:40:28.744 24975 25049 D cellinfo: 46 bytes from 44.241.174.93: icmp_seq=2372 ttl=26 time=87.5 ms
08-10 23:40:28.801 24975 24975 D cellinfo: onsignalStrengthsChanged: LTE Signal Strength info: rsrp: -88 rsrq: -10 rssi: -69 rssnr: 0
08-10 23:40:28.932 24975 25049 D cellinfo: 46 bytes from 44.241.174.93: icmp_seq=2373 ttl=26 time=73.8 ms
08-10 23:40:29.134 24975 25049 D cellinfo: 46 bytes from 44.241.174.93: icmp_seq=2374 ttl=26 time=75.6 ms
08-10 23:40:29.327 24975 25049 D cellinfo: 46 bytes from 44.241.174.93: icmp_seq=2375 ttl=26 time=68.3 ms
08-10 23:40:29.526 24975 25049 D cellinfo: 46 bytes from 44.241.174.93: icmp_seq=2376 ttl=26 time=66.3 ms
08-10 23:40:29.726 24975 25049 D cellinfo: 46 bytes from 44.241.174.93: icmp_seq=2377 ttl=26 time=64.8 ms
08-10 23:40:29.943 24975 25049 D cellinfo: 46 bytes from 44.241.174.93: icmp_seq=2378 ttl=26 time=80.9 ms
08-10 23:40:30.128 24975 25049 D cellinfo: 46 bytes from 44.241.174.93: icmp_seq=2379 ttl=26 time=66.0 ms
08-10 23:40:30.342 24975 25049 D cellinfo: 46 bytes from 44.241.174.93: icmp_seq=2380 ttl=26 time=79.0 ms
08-10 23:40:30.544 24975 25049 D cellinfo: 46 bytes from 44.241.174.93: icmp_seq=2381 ttl=26 time=80.1 ms
08-10 23:40:30.736 24975 25049 D cellinfo: 46 bytes from 44.241.174.93: icmp_seq=2382 ttl=26 time=71.1 ms
08-10 23:40:30.936 24975 25049 D cellinfo: 46 bytes from 44.241.174.93: icmp_seq=2383 ttl=26 time=69.7 ms
08-10 23:40:31.137 24975 25049 D cellinfo: 46 bytes from 44.241.174.93: icmp_seq=2384 ttl=26 time=69.0 ms
08-10 23:40:31.344 24975 25049 D cellinfo: 46 bytes from 44.241.174.93: icmp_seq=2385 ttl=26 time=76.8 ms
08-10 23:40:31.537 24975 25049 D cellinfo: 46 bytes from 44.241.174.93: icmp_seq=2386 ttl=26 time=68.4 ms
08-10 23:40:31.734 24975 25049 D cellinfo: 46 bytes from 44.241.174.93: icmp_seq=2387 ttl=26 time=66.0 ms
08-10 23:40:31.943 24975 25049 D cellinfo: 46 bytes from 44.241.174.93: icmp_seq=2388 ttl=26 time=73.0 ms
08-10 23:40:31.985 24975 24975 D cellinfo: Latitude is 39.725747
08-10 23:40:31.985 24975 24975 D cellinfo: Longitude is -105.042124
08-10 23:40:31.985 24975 24975 D cellinfo: Instantaneous GPS information: United States, 600 Stuart St, Denver, CO 80204, USA
08-10 23:40:31.985 24975 24975 D cellinfo: getCurrentLocation() result: Location (success): 39.725747, -105.042124
08-10 23:40:31.988 24975 24975 D cellinfo: onCellInfoChanged: Operator: Verizon Wireless UpdateTimestamp: 31264910 CellConnectionStatus: 1
08-10 23:40:31.988 24975 24975 D cellinfo: onCellInfoChanged: LTE Cell Bands: [66, 66, 2] Bandwidth: 10000 Cell ID: 80462624 Physical Cell ID: 127 Tracking Area Code: 3585 EARFCN: 66586
08-10 23:40:32.136 24975 25049 D cellinfo: 46 bytes from 44.241.174.93: icmp_seq=2389 ttl=26 time=66.1 ms
08-10 23:40:32.352 24975 25049 D cellinfo: 46 bytes from 44.241.174.93: icmp_seq=2390 ttl=26 time=80.8 ms
08-10 23:40:32.536 24975 25049 D cellinfo: 46 bytes from 44.241.174.93: icmp_seq=2391 ttl=26 time=64.3 ms
08-10 23:40:32.747 24975 25049 D cellinfo: 46 bytes from 44.241.174.93: icmp_seq=2392 ttl=26 time=73.9 ms
08-10 23:40:32.947 24975 25049 D cellinfo: 46 bytes from 44.241.174.93: icmp_seq=2393 ttl=26 time=72.8 ms
08-10 23:40:33.146 24975 25049 D cellinfo: 46 bytes from 44.241.174.93: icmp_seq=2394 ttl=26 time=71.9 ms
08-10 23:40:33.336 24975 25049 D cellinfo: 46 bytes from 44.241.174.93: icmp_seq=2395 ttl=26 time=61.4 ms
08-10 23:40:33.555 24975 25049 D cellinfo: 46 bytes from 44.241.174.93: icmp_seq=2396 ttl=26 time=78.7 ms
08-10 23:40:33.746 24975 25049 D cellinfo: 46 bytes from 44.241.174.93: icmp_seq=2397 ttl=26 time=69.7 ms
08-10 23:40:33.801 24975 24975 D cellinfo: onsignalStrengthsChanged: LTE Signal Strength info: rsrp: -81 rsrq: -9 rssi: -63 rssnr: 4
08-10 23:40:33.946 24975 25049 D cellinfo: 46 bytes from 44.241.174.93: icmp_seq=2398 ttl=26 time=69.1 ms
08-10 23:40:34.147 24975 25049 D cellinfo: 46 bytes from 44.241.174.93: icmp_seq=2399 ttl=26 time=68.4 ms
08-10 23:40:34.346 24975 25049 D cellinfo: 46 bytes from 44.241.174.93: icmp_seq=2400 ttl=26 time=67.6 ms
08-10 23:40:34.546 24975 25049 D cellinfo: 46 bytes from 44.241.174.93: icmp_seq=2401 ttl=26 time=67.3 ms
08-10 23:40:34.750 24975 25049 D cellinfo: 46 bytes from 44.241.174.93: icmp_seq=2402 ttl=26 time=69.5 ms
08-10 23:40:34.949 24975 24975 D cellinfo: Latitude is 39.7257471
08-10 23:40:34.949 24975 24975 D cellinfo: Longitude is -105.0425221
08-10 23:40:34.949 24975 24975 D cellinfo: Instantaneous GPS information: United States, 600 Stuart St, Denver, CO 80204, USA
08-10 23:40:34.949 24975 24975 D cellinfo: getCurrentLocation() result: Location (success): 39.7257471, -105.0425221
08-10 23:40:34.952 24975 24975 D cellinfo: onCellInfoChanged: Operator: Verizon Wireless UpdateTimestamp: 31267898 CellConnectionStatus: 1
08-10 23:40:34.952 24975 24975 D cellinfo: onCellInfoChanged: LTE Cell Bands: [66, 66, 2] Bandwidth: 10000 Cell ID: 80462624 Physical Cell ID: 127 Tracking Area Code: 3585 EARFCN: 66586
08-10 23:40:34.955 24975 25049 D cellinfo: 46 bytes from 44.241.174.93: icmp_seq=2403 ttl=26 time=72.3 ms
08-10 23:40:35.146 24975 25049 D cellinfo: 46 bytes from 44.241.174.93: icmp_seq=2404 ttl=26 time=65.3 ms
08-10 23:40:35.346 24975 25049 D cellinfo: 46 bytes from 44.241.174.93: icmp_seq=2405 ttl=26 time=62.8 ms
08-10 23:40:35.546 24975 25049 D cellinfo: 46 bytes from 44.241.174.93: icmp_seq=2406 ttl=26 time=63.2 ms
08-10 23:40:35.747 24975 25049 D cellinfo: 46 bytes from 44.241.174.93: icmp_seq=2407 ttl=26 time=63.2 ms
08-10 23:40:35.958 24975 25049 D cellinfo: 46 bytes from 44.241.174.93: icmp_seq=2408 ttl=26 time=73.3 ms
08-10 23:40:36.156 24975 25049 D cellinfo: 46 bytes from 44.241.174.93: icmp_seq=2409 ttl=26 time=70.4 ms
08-10 23:40:36.356 24975 25049 D cellinfo: 46 bytes from 44.241.174.93: icmp_seq=2410 ttl=26 time=69.3 ms
08-10 23:40:36.556 24975 25049 D cellinfo: 46 bytes from 44.241.174.93: icmp_seq=2411 ttl=26 time=68.1 ms
08-10 23:40:36.756 24975 25049 D cellinfo: 46 bytes from 44.241.174.93: icmp_seq=2412 ttl=26 time=67.5 ms
08-10 23:40:36.962 24975 25049 D cellinfo: 46 bytes from 44.241.174.93: icmp_seq=2413 ttl=26 time=72.3 ms
08-10 23:40:37.156 24975 25049 D cellinfo: 46 bytes from 44.241.174.93: icmp_seq=2414 ttl=26 time=66.8 ms
08-10 23:40:37.356 24975 25049 D cellinfo: 46 bytes from 44.241.174.93: icmp_seq=2415 ttl=26 time=66.4 ms
08-10 23:40:37.557 24975 25049 D cellinfo: 46 bytes from 44.241.174.93: icmp_seq=2416 ttl=26 time=65.0 ms
08-10 23:40:37.760 24975 25049 D cellinfo: 46 bytes from 44.241.174.93: icmp_seq=2417 ttl=26 time=67.6 ms
08-10 23:40:37.957 24975 25049 D cellinfo: 46 bytes from 44.241.174.93: icmp_seq=2418 ttl=26 time=63.3 ms
08-10 23:40:37.989 24975 24975 D cellinfo: Latitude is 39.7257471
08-10 23:40:37.989 24975 24975 D cellinfo: Longitude is -105.0424092
08-10 23:40:37.989 24975 24975 D cellinfo: Instantaneous GPS information: United States, 600 Stuart St, Denver, CO 80204, USA
08-10 23:40:37.989 24975 24975 D cellinfo: getCurrentLocation() result: Location (success): 39.7257471, -105.0424092
08-10 23:40:37.993 24975 24975 D cellinfo: onCellInfoChanged: Operator: Verizon Wireless UpdateTimestamp: 31270924 CellConnectionStatus: 1
08-10 23:40:37.994 24975 24975 D cellinfo: onCellInfoChanged: LTE Cell Bands: [66, 66, 2] Bandwidth: 10000 Cell ID: 80462624 Physical Cell ID: 127 Tracking Area Code: 3585 EARFCN: 66586
08-10 23:40:37.994 24975 24975 D cellinfo: onsignalStrengthsChanged: LTE Signal Strength info: rsrp: -74 rsrq: -10 rssi: -53 rssnr: 14
08-10 23:40:38.157 24975 25049 D cellinfo: 46 bytes from 44.241.174.93: icmp_seq=2419 ttl=26 time=62.7 ms
08-10 23:40:38.366 24975 25049 D cellinfo: 46 bytes from 44.241.174.93: icmp_seq=2420 ttl=26 time=71.8 ms
08-10 23:40:38.566 24975 25049 D cellinfo: 46 bytes from 44.241.174.93: icmp_seq=2421 ttl=26 time=71.4 ms
08-10 23:40:38.766 24975 25049 D cellinfo: 46 bytes from 44.241.174.93: icmp_seq=2422 ttl=26 time=70.3 ms
08-10 23:40:38.972 24975 25049 D cellinfo: 46 bytes from 44.241.174.93: icmp_seq=2423 ttl=26 time=74.5 ms
08-10 23:40:39.166 24975 25049 D cellinfo: 46 bytes from 44.241.174.93: icmp_seq=2424 ttl=26 time=68.8 ms
08-10 23:40:39.368 24975 25049 D cellinfo: 46 bytes from 44.241.174.93: icmp_seq=2425 ttl=26 time=69.3 ms
08-10 23:40:39.568 24975 25049 D cellinfo: 46 bytes from 44.241.174.93: icmp_seq=2426 ttl=26 time=69.2 ms
08-10 23:40:39.767 24975 25049 D cellinfo: 46 bytes from 44.241.174.93: icmp_seq=2427 ttl=26 time=67.8 ms
08-10 23:40:39.978 24975 25049 D cellinfo: 46 bytes from 44.241.174.93: icmp_seq=2428 ttl=26 time=78.2 ms
08-10 23:40:40.166 24975 25049 D cellinfo: 46 bytes from 44.241.174.93: icmp_seq=2429 ttl=26 time=65.6 ms
08-10 23:40:40.367 24975 25049 D cellinfo: 46 bytes from 44.241.174.93: icmp_seq=2430 ttl=26 time=65.2 ms
08-10 23:40:40.574 24975 25049 D cellinfo: 46 bytes from 44.241.174.93: icmp_seq=2431 ttl=26 time=71.9 ms
08-10 23:40:40.607 24975 24975 D cellinfo: onCellInfoChanged: Operator: Verizon Wireless UpdateTimestamp: 31273908 CellConnectionStatus: 1
08-10 23:40:40.607 24975 24975 D cellinfo: onCellInfoChanged: LTE Cell Bands: [66, 66, 2] Bandwidth: 10000 Cell ID: 80462624 Physical Cell ID: 127 Tracking Area Code: 3585 EARFCN: 66586
08-10 23:40:40.766 24975 25049 D cellinfo: 46 bytes from 44.241.174.93: icmp_seq=2432 ttl=26 time=63.3 ms
08-10 23:40:40.980 24975 25049 D cellinfo: 46 bytes from 44.241.174.93: icmp_seq=2433 ttl=26 time=76.3 ms
08-10 23:40:41.176 24975 25049 D cellinfo: 46 bytes from 44.241.174.93: icmp_seq=2434 ttl=26 time=71.1 ms
08-10 23:40:41.377 24975 25049 D cellinfo: 46 bytes from 44.241.174.93: icmp_seq=2435 ttl=26 time=70.5 ms
08-10 23:40:41.577 24975 25049 D cellinfo: 46 bytes from 44.241.174.93: icmp_seq=2436 ttl=26 time=69.7 ms
08-10 23:40:41.623 24975 24975 D cellinfo: Latitude is 39.7257556
08-10 23:40:41.623 24975 24975 D cellinfo: Longitude is -105.0454305
08-10 23:40:41.623 24975 24975 D cellinfo: Instantaneous GPS information: United States, 601 Utica St, Denver, CO 80204, USA
08-10 23:40:41.623 24975 24975 D cellinfo: getCurrentLocation() result: Location (success): 39.7257556, -105.0454305
08-10 23:40:41.776 24975 25049 D cellinfo: 46 bytes from 44.241.174.93: icmp_seq=2437 ttl=26 time=68.5 ms
08-10 23:40:41.986 24975 25049 D cellinfo: 46 bytes from 44.241.174.93: icmp_seq=2438 ttl=26 time=76.8 ms
08-10 23:40:42.177 24975 25049 D cellinfo: 46 bytes from 44.241.174.93: icmp_seq=2439 ttl=26 time=67.9 ms
08-10 23:40:42.377 24975 25049 D cellinfo: 46 bytes from 44.241.174.93: icmp_seq=2440 ttl=26 time=66.3 ms
08-10 23:40:42.576 24975 25049 D cellinfo: 46 bytes from 44.241.174.93: icmp_seq=2441 ttl=26 time=66.0 ms
08-10 23:40:42.777 24975 25049 D cellinfo: 46 bytes from 44.241.174.93: icmp_seq=2442 ttl=26 time=65.5 ms
08-10 23:40:42.993 24975 25049 D cellinfo: 46 bytes from 44.241.174.93: icmp_seq=2443 ttl=26 time=81.1 ms
08-10 23:40:43.179 24975 25049 D cellinfo: 46 bytes from 44.241.174.93: icmp_seq=2444 ttl=26 time=66.8 ms
08-10 23:40:43.376 24975 25049 D cellinfo: 46 bytes from 44.241.174.93: icmp_seq=2445 ttl=26 time=63.3 ms
08-10 23:40:43.570 24975 24975 D cellinfo: Latitude is 39.7257556
08-10 23:40:43.570 24975 24975 D cellinfo: Longitude is -105.0454305
08-10 23:40:43.571 24975 24975 D cellinfo: Instantaneous GPS information: United States, 601 Utica St, Denver, CO 80204, USA
08-10 23:40:43.571 24975 24975 D cellinfo: getCurrentLocation() result: Location (success): 39.7257556, -105.0454305
08-10 23:40:43.585 24975 25049 D cellinfo: 46 bytes from 44.241.174.93: icmp_seq=2446 ttl=26 time=69.3 ms
08-10 23:40:43.611 24975 24975 D cellinfo: onCellInfoChanged: Operator: Verizon Wireless UpdateTimestamp: 31276910 CellConnectionStatus: 1
08-10 23:40:43.611 24975 24975 D cellinfo: onCellInfoChanged: LTE Cell Bands: [66, 66, 2] Bandwidth: 10000 Cell ID: 80462624 Physical Cell ID: 127 Tracking Area Code: 3585 EARFCN: 66586
08-10 23:40:43.786 24975 25049 D cellinfo: 46 bytes from 44.241.174.93: icmp_seq=2447 ttl=26 time=71.7 ms
08-10 23:40:43.999 24975 25049 D cellinfo: 46 bytes from 44.241.174.93: icmp_seq=2448 ttl=26 time=84.3 ms
08-10 23:40:44.187 24975 25049 D cellinfo: 46 bytes from 44.241.174.93: icmp_seq=2449 ttl=26 time=70.4 ms
08-10 23:40:44.388 24975 25049 D cellinfo: 46 bytes from 44.241.174.93: icmp_seq=2450 ttl=26 time=72.1 ms
08-10 23:40:44.586 24975 25049 D cellinfo: 46 bytes from 44.241.174.93: icmp_seq=2451 ttl=26 time=69.2 ms
08-10 23:40:44.786 24975 25049 D cellinfo: 46 bytes from 44.241.174.93: icmp_seq=2452 ttl=26 time=68.2 ms
08-10 23:40:45.002 24975 25049 D cellinfo: 46 bytes from 44.241.174.93: icmp_seq=2453 ttl=26 time=82.4 ms
08-10 23:40:45.188 24975 25049 D cellinfo: 46 bytes from 44.241.174.93: icmp_seq=2454 ttl=26 time=70.0 ms
08-10 23:40:45.386 24975 25049 D cellinfo: 46 bytes from 44.241.174.93: icmp_seq=2455 ttl=26 time=67.3 ms
08-10 23:40:45.589 24975 25049 D cellinfo: 46 bytes from 44.241.174.93: icmp_seq=2456 ttl=26 time=69.0 ms
08-10 23:40:45.795 24975 25049 D cellinfo: 46 bytes from 44.241.174.93: icmp_seq=2457 ttl=26 time=73.5 ms
08-10 23:40:45.986 24975 25049 D cellinfo: 46 bytes from 44.241.174.93: icmp_seq=2458 ttl=26 time=64.0 ms
08-10 23:40:46.195 24975 25049 D cellinfo: 46 bytes from 44.241.174.93: icmp_seq=2459 ttl=26 time=71.3 ms
08-10 23:40:46.402 24975 25049 D cellinfo: 46 bytes from 44.241.174.93: icmp_seq=2460 ttl=26 time=77.7 ms
08-10 23:40:46.598 24975 25049 D cellinfo: 46 bytes from 44.241.174.93: icmp_seq=2461 ttl=26 time=74.0 ms
08-10 23:40:46.807 24975 25049 D cellinfo: 46 bytes from 44.241.174.93: icmp_seq=2462 ttl=26 time=81.5 ms
08-10 23:40:47.016 24975 25049 D cellinfo: 46 bytes from 44.241.174.93: icmp_seq=2463 ttl=26 time=87.9 ms
08-10 23:40:47.027 24975 24975 D cellinfo: Latitude is 39.7257556
08-10 23:40:47.027 24975 24975 D cellinfo: Longitude is -105.04599
