08-10 15:02:50.413 11317 11698 D cellinfo: 46 bytes from 44.241.174.93: icmp_seq=309 ttl=26 time=53.6 ms
08-10 15:02:50.621 11317 11698 D cellinfo: 46 bytes from 44.241.174.93: icmp_seq=310 ttl=26 time=60.9 ms
08-10 15:02:50.822 11317 11698 D cellinfo: 46 bytes from 44.241.174.93: icmp_seq=311 ttl=26 time=61.8 ms
08-10 15:02:51.022 11317 11698 D cellinfo: 46 bytes from 44.241.174.93: icmp_seq=312 ttl=26 time=60.5 ms
08-10 15:02:51.221 11317 11698 D cellinfo: 46 bytes from 44.241.174.93: icmp_seq=313 ttl=26 time=59.5 ms
08-10 15:02:51.421 11317 11698 D cellinfo: 46 bytes from 44.241.174.93: icmp_seq=314 ttl=26 time=58.9 ms
08-10 15:02:51.612 11317 11698 D cellinfo: 46 bytes from 44.241.174.93: icmp_seq=315 ttl=26 time=49.1 ms
08-10 15:02:51.822 11317 11698 D cellinfo: 46 bytes from 44.241.174.93: icmp_seq=316 ttl=26 time=57.7 ms
08-10 15:02:52.012 11317 11698 D cellinfo: 46 bytes from 44.241.174.93: icmp_seq=317 ttl=26 time=47.1 ms
08-10 15:02:52.222 11317 11698 D cellinfo: 46 bytes from 44.241.174.93: icmp_seq=318 ttl=26 time=57.3 ms
08-10 15:02:52.421 11317 11698 D cellinfo: 46 bytes from 44.241.174.93: icmp_seq=319 ttl=26 time=55.3 ms
08-10 15:02:52.621 11317 11698 D cellinfo: 46 bytes from 44.241.174.93: icmp_seq=320 ttl=26 time=54.3 ms
08-10 15:02:52.852 11317 11698 D cellinfo: 46 bytes from 44.241.174.93: icmp_seq=321 ttl=26 time=84.6 ms
08-10 15:02:53.021 11317 11698 D cellinfo: 46 bytes from 44.241.174.93: icmp_seq=322 ttl=26 time=52.5 ms
08-10 15:02:53.114 11317 11317 D cellinfo: Latitude is 40.7129225
08-10 15:02:53.114 11317 11317 D cellinfo: Longitude is -111.8707511
08-10 15:02:53.114 11317 11317 D cellinfo: Instantaneous GPS information: United States, 2653 700 E, Salt Lake City, UT 84106, USA
08-10 15:02:53.114 11317 11317 D cellinfo: getCurrentLocation() result: Location (success): 40.7129225, -111.8707511
08-10 15:02:53.173 11317 11317 D cellinfo: onCellInfoChanged: Operator: Verizon Wireless UpdateTimestamp: 206474 CellConnectionStatus: 1
08-10 15:02:53.173 11317 11317 D cellinfo: onCellInfoChanged: LTE Cell Bands: [13] Bandwidth: 10000 Cell ID: 3098113 Physical Cell ID: 135 Tracking Area Code: 3073 EARFCN: 5230
08-10 15:02:53.250 11317 11698 D cellinfo: 46 bytes from 44.241.174.93: icmp_seq=323 ttl=26 time=83.0 ms
08-10 15:02:53.441 11317 11698 D cellinfo: 46 bytes from 44.241.174.93: icmp_seq=324 ttl=26 time=73.3 ms
08-10 15:02:53.622 11317 11698 D cellinfo: 46 bytes from 44.241.174.93: icmp_seq=325 ttl=26 time=51.8 ms
08-10 15:02:53.825 11317 11698 D cellinfo: 46 bytes from 44.241.174.93: icmp_seq=326 ttl=26 time=54.6 ms
08-10 15:02:54.037 11317 11698 D cellinfo: 46 bytes from 44.241.174.93: icmp_seq=327 ttl=26 time=66.8 ms
08-10 15:02:54.239 11317 11698 D cellinfo: 46 bytes from 44.241.174.93: icmp_seq=328 ttl=26 time=69.9 ms
08-10 15:02:54.455 11317 11698 D cellinfo: 46 bytes from 44.241.174.93: icmp_seq=329 ttl=26 time=85.1 ms
08-10 15:02:54.636 11317 11698 D cellinfo: 46 bytes from 44.241.174.93: icmp_seq=330 ttl=26 time=65.1 ms
08-10 15:02:54.845 11317 11698 D cellinfo: 46 bytes from 44.241.174.93: icmp_seq=331 ttl=26 time=72.9 ms
08-10 15:02:55.055 11317 11698 D cellinfo: 46 bytes from 44.241.174.93: icmp_seq=332 ttl=26 time=82.5 ms
08-10 15:02:55.252 11317 11698 D cellinfo: 46 bytes from 44.241.174.93: icmp_seq=333 ttl=26 time=80.4 ms
08-10 15:02:55.436 11317 11698 D cellinfo: 46 bytes from 44.241.174.93: icmp_seq=334 ttl=26 time=62.8 ms
08-10 15:02:55.637 11317 11698 D cellinfo: 46 bytes from 44.241.174.93: icmp_seq=335 ttl=26 time=63.7 ms
08-10 15:02:55.853 11317 11698 D cellinfo: 46 bytes from 44.241.174.93: icmp_seq=336 ttl=26 time=78.3 ms
08-10 15:02:56.055 11317 11698 D cellinfo: 46 bytes from 44.241.174.93: icmp_seq=337 ttl=26 time=80.9 ms
08-10 15:02:56.117 11317 11317 D cellinfo: Latitude is 40.7129225
08-10 15:02:56.117 11317 11317 D cellinfo: Longitude is -111.8707511
08-10 15:02:56.117 11317 11317 D cellinfo: Instantaneous GPS information: United States, 2653 700 E, Salt Lake City, UT 84106, USA
08-10 15:02:56.117 11317 11317 D cellinfo: getCurrentLocation() result: Location (success): 40.7129225, -111.8707511
08-10 15:02:56.181 11317 11317 D cellinfo: onCellInfoChanged: Operator: Verizon Wireless UpdateTimestamp: 209483 CellConnectionStatus: 1
08-10 15:02:56.181 11317 11317 D cellinfo: onCellInfoChanged: LTE Cell Bands: [13] Bandwidth: 10000 Cell ID: 3098113 Physical Cell ID: 135 Tracking Area Code: 3073 EARFCN: 5230
08-10 15:02:56.232 11317 11698 D cellinfo: 46 bytes from 44.241.174.93: icmp_seq=338 ttl=26 time=57.8 ms
08-10 15:02:56.433 11317 11698 D cellinfo: 46 bytes from 44.241.174.93: icmp_seq=339 ttl=26 time=58.3 ms
08-10 15:02:56.635 11317 11698 D cellinfo: 46 bytes from 44.241.174.93: icmp_seq=340 ttl=26 time=59.2 ms
08-10 15:02:56.843 11317 11698 D cellinfo: 46 bytes from 44.241.174.93: icmp_seq=341 ttl=26 time=66.6 ms
08-10 15:02:57.032 11317 11698 D cellinfo: 46 bytes from 44.241.174.93: icmp_seq=342 ttl=26 time=55.4 ms
08-10 15:02:57.232 11317 11698 D cellinfo: 46 bytes from 44.241.174.93: icmp_seq=343 ttl=26 time=55.4 ms
08-10 15:02:57.431 11317 11698 D cellinfo: 46 bytes from 44.241.174.93: icmp_seq=344 ttl=26 time=53.0 ms
08-10 15:02:57.632 11317 11698 D cellinfo: 46 bytes from 44.241.174.93: icmp_seq=345 ttl=26 time=52.8 ms
08-10 15:02:57.755 11317 11317 D cellinfo: onsignalStrengthsChanged: LTE Signal Strength info: rsrp: -97 rsrq: -9 rssi: -81 rssnr: 6
08-10 15:02:57.857 11317 11698 D cellinfo: 46 bytes from 44.241.174.93: icmp_seq=346 ttl=26 time=76.9 ms
08-10 15:02:58.041 11317 11698 D cellinfo: 46 bytes from 44.241.174.93: icmp_seq=347 ttl=26 time=60.3 ms
08-10 15:02:58.241 11317 11698 D cellinfo: 46 bytes from 44.241.174.93: icmp_seq=348 ttl=26 time=60.2 ms
08-10 15:02:58.441 11317 11698 D cellinfo: 46 bytes from 44.241.174.93: icmp_seq=349 ttl=26 time=59.4 ms
08-10 15:02:58.641 11317 11698 D cellinfo: 46 bytes from 44.241.174.93: icmp_seq=350 ttl=26 time=59.0 ms
08-10 15:02:58.854 11317 11698 D cellinfo: 46 bytes from 44.241.174.93: icmp_seq=351 ttl=26 time=71.2 ms
08-10 15:02:59.043 11317 11698 D cellinfo: 46 bytes from 44.241.174.93: icmp_seq=352 ttl=26 time=59.4 ms
08-10 15:02:59.139 11317 11317 D cellinfo: Latitude is 40.7129225
08-10 15:02:59.139 11317 11317 D cellinfo: Longitude is -111.8707511
08-10 15:02:59.139 11317 11317 D cellinfo: Instantaneous GPS information: United States, 2653 700 E, Salt Lake City, UT 84106, USA
08-10 15:02:59.139 11317 11317 D cellinfo: getCurrentLocation() result: Location (success): 40.7129225, -111.8707511
08-10 15:02:59.236 11317 11317 D cellinfo: onCellInfoChanged: Operator: Verizon Wireless UpdateTimestamp: 212518 CellConnectionStatus: 1
08-10 15:02:59.236 11317 11317 D cellinfo: onCellInfoChanged: LTE Cell Bands: [13] Bandwidth: 10000 Cell ID: 3098113 Physical Cell ID: 135 Tracking Area Code: 3073 EARFCN: 5230
08-10 15:02:59.245 11317 11698 D cellinfo: 46 bytes from 44.241.174.93: icmp_seq=353 ttl=26 time=61.3 ms
08-10 15:02:59.439 11317 11698 D cellinfo: 46 bytes from 44.241.174.93: icmp_seq=354 ttl=26 time=54.7 ms
08-10 15:02:59.651 11317 11698 D cellinfo: 46 bytes from 44.241.174.93: icmp_seq=355 ttl=26 time=65.4 ms
08-10 15:02:59.861 11317 11698 D cellinfo: 46 bytes from 44.241.174.93: icmp_seq=356 ttl=26 time=75.5 ms
08-10 15:03:00.056 11317 11698 D cellinfo: 46 bytes from 44.241.174.93: icmp_seq=357 ttl=26 time=70.3 ms
08-10 15:03:00.252 11317 11698 D cellinfo: 46 bytes from 44.241.174.93: icmp_seq=358 ttl=26 time=66.0 ms
08-10 15:03:00.441 11317 11698 D cellinfo: 46 bytes from 44.241.174.93: icmp_seq=359 ttl=26 time=54.0 ms
08-10 15:03:00.654 11317 11698 D cellinfo: 46 bytes from 44.241.174.93: icmp_seq=360 ttl=26 time=65.7 ms
08-10 15:03:00.842 11317 11698 D cellinfo: 46 bytes from 44.241.174.93: icmp_seq=361 ttl=26 time=53.4 ms
08-10 15:03:01.052 11317 11698 D cellinfo: 46 bytes from 44.241.174.93: icmp_seq=362 ttl=26 time=62.7 ms
08-10 15:03:01.242 11317 11698 D cellinfo: 46 bytes from 44.241.174.93: icmp_seq=363 ttl=26 time=52.8 ms
08-10 15:03:01.461 11317 11698 D cellinfo: 46 bytes from 44.241.174.93: icmp_seq=364 ttl=26 time=70.4 ms
08-10 15:03:01.652 11317 11698 D cellinfo: 46 bytes from 44.241.174.93: icmp_seq=365 ttl=26 time=61.8 ms
08-10 15:03:01.875 11317 11698 D cellinfo: 46 bytes from 44.241.174.93: icmp_seq=366 ttl=26 time=83.5 ms
08-10 15:03:02.059 11317 11698 D cellinfo: 46 bytes from 44.241.174.93: icmp_seq=367 ttl=26 time=67.1 ms
08-10 15:03:02.128 11317 11317 D cellinfo: Latitude is 40.7129225
08-10 15:03:02.128 11317 11317 D cellinfo: Longitude is -111.8707511
08-10 15:03:02.128 11317 11317 D cellinfo: Instantaneous GPS information: United States, 2653 700 E, Salt Lake City, UT 84106, USA
08-10 15:03:02.128 11317 11317 D cellinfo: getCurrentLocation() result: Location (success): 40.7129225, -111.8707511
08-10 15:03:02.195 11317 11317 D cellinfo: onCellInfoChanged: Operator: Verizon Wireless UpdateTimestamp: 215493 CellConnectionStatus: 1
08-10 15:03:02.195 11317 11317 D cellinfo: onCellInfoChanged: LTE Cell Bands: [13] Bandwidth: 10000 Cell ID: 3098113 Physical Cell ID: 135 Tracking Area Code: 3073 EARFCN: 5230
08-10 15:03:02.251 11317 11698 D cellinfo: 46 bytes from 44.241.174.93: icmp_seq=368 ttl=26 time=59.4 ms
08-10 15:03:02.452 11317 11698 D cellinfo: 46 bytes from 44.241.174.93: icmp_seq=369 ttl=26 time=59.1 ms
08-10 15:03:02.651 11317 11698 D cellinfo: 46 bytes from 44.241.174.93: icmp_seq=370 ttl=26 time=57.1 ms
08-10 15:03:02.852 11317 11698 D cellinfo: 46 bytes from 44.241.174.93: icmp_seq=371 ttl=26 time=57.1 ms
08-10 15:03:03.051 11317 11698 D cellinfo: 46 bytes from 44.241.174.93: icmp_seq=372 ttl=26 time=55.2 ms
08-10 15:03:03.283 11317 11698 D cellinfo: 46 bytes from 44.241.174.93: icmp_seq=373 ttl=26 time=87.2 ms
08-10 15:03:03.453 11317 11698 D cellinfo: 46 bytes from 44.241.174.93: icmp_seq=374 ttl=26 time=55.5 ms
08-10 15:03:03.652 11317 11698 D cellinfo: 46 bytes from 44.241.174.93: icmp_seq=375 ttl=26 time=54.7 ms
08-10 15:03:03.856 11317 11698 D cellinfo: 46 bytes from 44.241.174.93: icmp_seq=376 ttl=26 time=58.1 ms
08-10 15:03:04.062 11317 11698 D cellinfo: 46 bytes from 44.241.174.93: icmp_seq=377 ttl=26 time=62.8 ms
08-10 15:03:04.261 11317 11698 D cellinfo: 46 bytes from 44.241.174.93: icmp_seq=378 ttl=26 time=62.0 ms
08-10 15:03:04.464 11317 11698 D cellinfo: 46 bytes from 44.241.174.93: icmp_seq=379 ttl=26 time=63.4 ms
08-10 15:03:04.661 11317 11698 D cellinfo: 46 bytes from 44.241.174.93: icmp_seq=380 ttl=26 time=60.8 ms
08-10 15:03:04.863 11317 11698 D cellinfo: 46 bytes from 44.241.174.93: icmp_seq=381 ttl=26 time=61.7 ms
08-10 15:03:05.072 11317 11698 D cellinfo: 46 bytes from 44.241.174.93: icmp_seq=382 ttl=26 time=70.2 ms
08-10 15:03:05.127 11317 11317 D cellinfo: Latitude is 40.7129225
08-10 15:03:05.128 11317 11317 D cellinfo: Longitude is -111.8707511
08-10 15:03:05.128 11317 11317 D cellinfo: Instantaneous GPS information: United States, 2653 700 E, Salt Lake City, UT 84106, USA
08-10 15:03:05.128 11317 11317 D cellinfo: getCurrentLocation() result: Location (success): 40.7129225, -111.8707511
08-10 15:03:05.209 11317 11317 D cellinfo: onCellInfoChanged: Operator: Verizon Wireless UpdateTimestamp: 218510 CellConnectionStatus: 1
08-10 15:03:05.209 11317 11317 D cellinfo: onCellInfoChanged: LTE Cell Bands: [13] Bandwidth: 10000 Cell ID: 3098113 Physical Cell ID: 135 Tracking Area Code: 3073 EARFCN: 5230
08-10 15:03:05.265 11317 11698 D cellinfo: 46 bytes from 44.241.174.93: icmp_seq=383 ttl=26 time=62.3 ms
08-10 15:03:05.461 11317 11698 D cellinfo: 46 bytes from 44.241.174.93: icmp_seq=384 ttl=26 time=57.5 ms
08-10 15:03:05.662 11317 11698 D cellinfo: 46 bytes from 44.241.174.93: icmp_seq=385 ttl=26 time=57.7 ms
08-10 15:03:05.873 11317 11698 D cellinfo: 46 bytes from 44.241.174.93: icmp_seq=386 ttl=26 time=67.9 ms
08-10 15:03:06.063 11317 11698 D cellinfo: 46 bytes from 44.241.174.93: icmp_seq=387 ttl=26 time=56.7 ms
08-10 15:03:06.270 11317 11698 D cellinfo: 46 bytes from 44.241.174.93: icmp_seq=388 ttl=26 time=63.9 ms
08-10 15:03:06.462 11317 11698 D cellinfo: 46 bytes from 44.241.174.93: icmp_seq=389 ttl=26 time=54.8 ms
08-10 15:03:06.661 11317 11698 D cellinfo: 46 bytes from 44.241.174.93: icmp_seq=390 ttl=26 time=53.3 ms
08-10 15:03:06.870 11317 11698 D cellinfo: 46 bytes from 44.241.174.93: icmp_seq=391 ttl=26 time=60.9 ms
08-10 15:03:07.065 11317 11698 D cellinfo: 46 bytes from 44.241.174.93: icmp_seq=392 ttl=26 time=54.1 ms
08-10 15:03:07.271 11317 11698 D cellinfo: 46 bytes from 44.241.174.93: icmp_seq=393 ttl=26 time=60.0 ms
08-10 15:03:07.471 11317 11698 D cellinfo: 46 bytes from 44.241.174.93: icmp_seq=394 ttl=26 time=58.8 ms
08-10 15:03:07.665 11317 11698 D cellinfo: 46 bytes from 44.241.174.93: icmp_seq=395 ttl=26 time=51.9 ms
08-10 15:03:07.886 11317 11698 D cellinfo: 46 bytes from 44.241.174.93: icmp_seq=396 ttl=26 time=71.1 ms
08-10 15:03:08.121 11317 11317 D cellinfo: Latitude is 40.7129225
08-10 15:03:08.121 11317 11317 D cellinfo: Longitude is -111.8707511
08-10 15:03:08.121 11317 11317 D cellinfo: Instantaneous GPS information: United States, 2653 700 E, Salt Lake City, UT 84106, USA
08-10 15:03:08.121 11317 11317 D cellinfo: getCurrentLocation() result: Location (success): 40.7129225, -111.8707511
08-10 15:03:08.163 11317 11698 D cellinfo: 46 bytes from 44.241.174.93: icmp_seq=397 ttl=26 time=147 ms
08-10 15:03:08.173 11317 11317 D cellinfo: onCellInfoChanged: Operator: Verizon Wireless UpdateTimestamp: 221468 CellConnectionStatus: 1
08-10 15:03:08.173 11317 11317 D cellinfo: onCellInfoChanged: LTE Cell Bands: [13, 66, 2] Bandwidth: 10000 Cell ID: 3098113 Physical Cell ID: 135 Tracking Area Code: 3073 EARFCN: 5230
08-10 15:03:08.272 11317 11698 D cellinfo: 46 bytes from 44.241.174.93: icmp_seq=398 ttl=26 time=56.6 ms
08-10 15:03:08.472 11317 11698 D cellinfo: 46 bytes from 44.241.174.93: icmp_seq=399 ttl=26 time=55.8 ms
08-10 15:03:08.672 11317 11698 D cellinfo: 46 bytes from 44.241.174.93: icmp_seq=400 ttl=26 time=54.9 ms
08-10 15:03:08.901 11317 11698 D cellinfo: 46 bytes from 44.241.174.93: icmp_seq=401 ttl=26 time=83.2 ms
08-10 15:03:09.080 11317 11698 D cellinfo: 46 bytes from 44.241.174.93: icmp_seq=402 ttl=26 time=60.9 ms
08-10 15:03:09.282 11317 11698 D cellinfo: 46 bytes from 44.241.174.93: icmp_seq=403 ttl=26 time=61.8 ms
08-10 15:03:09.491 11317 11698 D cellinfo: 46 bytes from 44.241.174.93: icmp_seq=404 ttl=26 time=68.9 ms
08-10 15:03:09.682 11317 11698 D cellinfo: 46 bytes from 44.241.174.93: icmp_seq=405 ttl=26 time=59.1 ms
08-10 15:03:09.899 11317 11698 D cellinfo: 46 bytes from 44.241.174.93: icmp_seq=406 ttl=26 time=74.7 ms
08-10 15:03:10.082 11317 11698 D cellinfo: 46 bytes from 44.241.174.93: icmp_seq=407 ttl=26 time=56.2 ms
08-10 15:03:10.282 11317 11698 D cellinfo: 46 bytes from 44.241.174.93: icmp_seq=408 ttl=26 time=56.3 ms
08-10 15:03:10.482 11317 11698 D cellinfo: 46 bytes from 44.241.174.93: icmp_seq=409 ttl=26 time=55.3 ms
08-10 15:03:10.684 11317 11698 D cellinfo: 46 bytes from 44.241.174.93: icmp_seq=410 ttl=26 time=55.1 ms
08-10 15:03:10.896 11317 11698 D cellinfo: 46 bytes from 44.241.174.93: icmp_seq=411 ttl=26 time=66.8 ms
08-10 15:03:11.084 11317 11698 D cellinfo: 46 bytes from 44.241.174.93: icmp_seq=412 ttl=26 time=55.0 ms
08-10 15:03:11.122 11317 11317 D cellinfo: Latitude is 40.7129225
08-10 15:03:11.122 11317 11317 D cellinfo: Longitude is -111.8707511
08-10 15:03:11.122 11317 11317 D cellinfo: Instantaneous GPS information: United States, 2653 700 E, Salt Lake City, UT 84106, USA
08-10 15:03:11.122 11317 11317 D cellinfo: getCurrentLocation() result: Location (success): 40.7129225, -111.8707511
08-10 15:03:11.174 11317 11317 D cellinfo: onCellInfoChanged: Operator: Verizon Wireless UpdateTimestamp: 224475 CellConnectionStatus: 1
08-10 15:03:11.174 11317 11317 D cellinfo: onCellInfoChanged: LTE Cell Bands: [13, 66, 2] Bandwidth: 10000 Cell ID: 3098113 Physical Cell ID: 135 Tracking Area Code: 3073 EARFCN: 5230
08-10 15:03:11.284 11317 11698 D cellinfo: 46 bytes from 44.241.174.93: icmp_seq=413 ttl=26 time=54.2 ms
08-10 15:03:11.493 11317 11698 D cellinfo: 46 bytes from 44.241.174.93: icmp_seq=414 ttl=26 time=61.5 ms
08-10 15:03:11.693 11317 11698 D cellinfo: 46 bytes from 44.241.174.93: icmp_seq=415 ttl=26 time=60.9 ms
08-10 15:03:11.909 11317 11698 D cellinfo: 46 bytes from 44.241.174.93: icmp_seq=416 ttl=26 time=76.3 ms
08-10 15:03:12.100 11317 11698 D cellinfo: 46 bytes from 44.241.174.93: icmp_seq=417 ttl=26 time=66.3 ms
08-10 15:03:12.292 11317 11698 D cellinfo: 46 bytes from 44.241.174.93: icmp_seq=418 ttl=26 time=57.1 ms
08-10 15:03:12.491 11317 11698 D cellinfo: 46 bytes from 44.241.174.93: icmp_seq=419 ttl=26 time=55.5 ms
08-10 15:03:12.693 11317 11698 D cellinfo: 46 bytes from 44.241.174.93: icmp_seq=420 ttl=26 time=57.0 ms
08-10 15:03:12.801 11317 11317 D cellinfo: onsignalStrengthsChanged: LTE Signal Strength info: rsrp: -94 rsrq: -10 rssi: -77 rssnr: 7
08-10 15:03:12.911 11317 11698 D cellinfo: 46 bytes from 44.241.174.93: icmp_seq=421 ttl=26 time=74.0 ms
08-10 15:03:13.092 11317 11698 D cellinfo: 46 bytes from 44.241.174.93: icmp_seq=422 ttl=26 time=52.9 ms
08-10 15:03:13.297 11317 11698 D cellinfo: 46 bytes from 44.241.174.93: icmp_seq=423 ttl=26 time=56.7 ms
08-10 15:03:13.505 11317 11698 D cellinfo: 46 bytes from 44.241.174.93: icmp_seq=424 ttl=26 time=64.6 ms
08-10 15:03:13.702 11317 11698 D cellinfo: 46 bytes from 44.241.174.93: icmp_seq=425 ttl=26 time=61.1 ms
08-10 15:03:13.920 11317 11698 D cellinfo: 46 bytes from 44.241.174.93: icmp_seq=426 ttl=26 time=77.1 ms
08-10 15:03:14.102 11317 11698 D cellinfo: 46 bytes from 44.241.174.93: icmp_seq=427 ttl=26 time=58.9 ms
08-10 15:03:14.124 11317 11317 D cellinfo: Latitude is 40.7129225
08-10 15:03:14.124 11317 11317 D cellinfo: Longitude is -111.8707511
08-10 15:03:14.124 11317 11317 D cellinfo: Instantaneous GPS information: United States, 2653 700 E, Salt Lake City, UT 84106, USA
08-10 15:03:14.124 11317 11317 D cellinfo: getCurrentLocation() result: Location (success): 40.7129225, -111.8707511
08-10 15:03:14.211 11317 11317 D cellinfo: onCellInfoChanged: Operator: Verizon Wireless UpdateTimestamp: 227509 CellConnectionStatus: 1
08-10 15:03:14.211 11317 11317 D cellinfo: onCellInfoChanged: LTE Cell Bands: [13, 66, 2] Bandwidth: 10000 Cell ID: 3098113 Physical Cell ID: 135 Tracking Area Code: 3073 EARFCN: 5230
08-10 15:03:14.304 11317 11698 D cellinfo: 46 bytes from 44.241.174.93: icmp_seq=428 ttl=26 time=60.0 ms
08-10 15:03:14.506 11317 11698 D cellinfo: 46 bytes from 44.241.174.93: icmp_seq=429 ttl=26 time=60.6 ms
08-10 15:03:14.709 11317 11698 D cellinfo: 46 bytes from 44.241.174.93: icmp_seq=430 ttl=26 time=63.1 ms
08-10 15:03:14.921 11317 11698 D cellinfo: 46 bytes from 44.241.174.93: icmp_seq=431 ttl=26 time=73.8 ms
08-10 15:03:15.107 11317 11698 D cellinfo: 46 bytes from 44.241.174.93: icmp_seq=432 ttl=26 time=58.6 ms
08-10 15:03:15.310 11317 11698 D cellinfo: 46 bytes from 44.241.174.93: icmp_seq=433 ttl=26 time=60.4 ms
08-10 15:03:15.501 11317 11698 D cellinfo: 46 bytes from 44.241.174.93: icmp_seq=434 ttl=26 time=51.3 ms
08-10 15:03:15.713 11317 11698 D cellinfo: 46 bytes from 44.241.174.93: icmp_seq=435 ttl=26 time=62.3 ms
08-10 15:03:15.926 11317 11698 D cellinfo: 46 bytes from 44.241.174.93: icmp_seq=436 ttl=26 time=75.0 ms
08-10 15:03:16.114 11317 11698 D cellinfo: 46 bytes from 44.241.174.93: icmp_seq=437 ttl=26 time=60.9 ms
08-10 15:03:16.318 11317 11698 D cellinfo: 46 bytes from 44.241.174.93: icmp_seq=438 ttl=26 time=64.1 ms
08-10 15:03:16.512 11317 11698 D cellinfo: 46 bytes from 44.241.174.93: icmp_seq=439 ttl=26 time=57.3 ms
08-10 15:03:16.719 11317 11698 D cellinfo: 46 bytes from 44.241.174.93: icmp_seq=440 ttl=26 time=63.3 ms
08-10 15:03:16.796 11317 11317 D cellinfo: onsignalStrengthsChanged: LTE Signal Strength info: rsrp: -95 rsrq: -11 rssi: -77 rssnr: 1
08-10 15:03:16.930 11317 11698 D cellinfo: 46 bytes from 44.241.174.93: icmp_seq=441 ttl=26 time=72.5 ms
08-10 15:03:17.112 11317 11698 D cellinfo: 46 bytes from 44.241.174.93: icmp_seq=442 ttl=26 time=54.8 ms
08-10 15:03:17.137 11317 11317 D cellinfo: Latitude is 40.7129225
08-10 15:03:17.137 11317 11317 D cellinfo: Longitude is -111.8707511
08-10 15:03:17.137 11317 11317 D cellinfo: Instantaneous GPS information: United States, 2653 700 E, Salt Lake City, UT 84106, USA
08-10 15:03:17.137 11317 11317 D cellinfo: getCurrentLocation() result: Location (success): 40.7129225, -111.8707511
08-10 15:03:17.179 11317 11317 D cellinfo: onCellInfoChanged: Operator: Verizon Wireless UpdateTimestamp: 230481 CellConnectionStatus: 1
08-10 15:03:17.179 11317 11317 D cellinfo: onCellInfoChanged: LTE Cell Bands: [13, 66, 2] Bandwidth: 10000 Cell ID: 3098113 Physical Cell ID: 135 Tracking Area Code: 3073 EARFCN: 5230
08-10 15:03:17.311 11317 11698 D cellinfo: 46 bytes from 44.241.174.93: icmp_seq=443 ttl=26 time=53.5 ms
08-10 15:03:17.512 11317 11698 D cellinfo: 46 bytes from 44.241.174.93: icmp_seq=444 ttl=26 time=53.1 ms
08-10 15:03:17.712 11317 11698 D cellinfo: 46 bytes from 44.241.174.93: icmp_seq=445 ttl=26 time=51.0 ms
08-10 15:03:17.945 11317 11698 D cellinfo: 46 bytes from 44.241.174.93: icmp_seq=446 ttl=26 time=83.2 ms
08-10 15:03:18.126 11317 11698 D cellinfo: 46 bytes from 44.241.174.93: icmp_seq=447 ttl=26 time=63.8 ms
08-10 15:03:18.328 11317 11698 D cellinfo: 46 bytes from 44.241.174.93: icmp_seq=448 ttl=26 time=64.0 ms
08-10 15:03:18.531 11317 11698 D cellinfo: 46 bytes from 44.241.174.93: icmp_seq=449 ttl=26 time=65.7 ms
08-10 15:03:18.722 11317 11698 D cellinfo: 46 bytes from 44.241.174.93: icmp_seq=450 ttl=26 time=55.6 ms
08-10 15:03:18.925 11317 11698 D cellinfo: 46 bytes from 44.241.174.93: icmp_seq=451 ttl=26 time=58.2 ms
08-10 15:03:19.123 11317 11698 D cellinfo: 46 bytes from 44.241.174.93: icmp_seq=452 ttl=26 time=56.1 ms
08-10 15:03:19.323 11317 11698 D cellinfo: 46 bytes from 44.241.174.93: icmp_seq=453 ttl=26 time=54.0 ms
08-10 15:03:19.524 11317 11698 D cellinfo: 46 bytes from 44.241.174.93: icmp_seq=454 ttl=26 time=52.8 ms
08-10 15:03:19.724 11317 11698 D cellinfo: 46 bytes from 44.241.174.93: icmp_seq=455 ttl=26 time=52.6 ms
08-10 15:03:19.953 11317 11698 D cellinfo: 46 bytes from 44.241.174.93: icmp_seq=456 ttl=26 time=81.6 ms
08-10 15:03:20.120 11317 11317 D cellinfo: Latitude is 40.7129225
08-10 15:03:20.120 11317 11317 D cellinfo: Longitude is -111.8707511
08-10 15:03:20.120 11317 11317 D cellinfo: Instantaneous GPS information: United States, 2653 700 E, Salt Lake City, UT 84106, USA
08-10 15:03:20.120 11317 11317 D cellinfo: getCurrentLocation() result: Location (success): 40.7129225, -111.8707511
08-10 15:03:20.136 11317 11698 D cellinfo: 46 bytes from 44.241.174.93: icmp_seq=457 ttl=26 time=63.5 ms
08-10 15:03:20.182 11317 11317 D cellinfo: onCellInfoChanged: Operator: Verizon Wireless UpdateTimestamp: 233480 CellConnectionStatus: 1
08-10 15:03:20.182 11317 11317 D cellinfo: onCellInfoChanged: LTE Cell Bands: [13, 66, 2] Bandwidth: 10000 Cell ID: 3098113 Physical Cell ID: 135 Tracking Area Code: 3073 EARFCN: 5230
08-10 15:03:20.336 11317 11698 D cellinfo: 46 bytes from 44.241.174.93: icmp_seq=458 ttl=26 time=62.5 ms
08-10 15:03:20.533 11317 11698 D cellinfo: 46 bytes from 44.241.174.93: icmp_seq=459 ttl=26 time=57.6 ms
08-10 15:03:20.733 11317 11698 D cellinfo: 46 bytes from 44.241.174.93: icmp_seq=460 ttl=26 time=56.8 ms
08-10 15:03:20.794 11317 11317 D cellinfo: onsignalStrengthsChanged: LTE Signal Strength info: rsrp: -94 rsrq: -10 rssi: -77 rssnr: 6
08-10 15:03:20.932 11317 11698 D cellinfo: 46 bytes from 44.241.174.93: icmp_seq=461 ttl=26 time=55.6 ms
08-10 15:03:21.132 11317 11698 D cellinfo: 46 bytes from 44.241.174.93: icmp_seq=462 ttl=26 time=54.2 ms
08-10 15:03:21.334 11317 11698 D cellinfo: 46 bytes from 44.241.174.93: icmp_seq=463 ttl=26 time=56.0 ms
08-10 15:03:21.531 11317 11698 D cellinfo: 46 bytes from 44.241.174.93: icmp_seq=464 ttl=26 time=51.9 ms
08-10 15:03:21.744 11317 11698 D cellinfo: 46 bytes from 44.241.174.93: icmp_seq=465 ttl=26 time=64.4 ms
08-10 15:03:21.932 11317 11698 D cellinfo: 46 bytes from 44.241.174.93: icmp_seq=466 ttl=26 time=52.1 ms
08-10 15:03:22.145 11317 11698 D cellinfo: 46 bytes from 44.241.174.93: icmp_seq=467 ttl=26 time=64.2 ms
08-10 15:03:22.352 11317 11698 D cellinfo: 46 bytes from 44.241.174.93: icmp_seq=468 ttl=26 time=69.0 ms
08-10 15:03:22.543 11317 11698 D cellinfo: 46 bytes from 44.241.174.93: icmp_seq=469 ttl=26 time=58.9 ms
08-10 15:03:22.749 11317 11698 D cellinfo: 46 bytes from 44.241.174.93: icmp_seq=470 ttl=26 time=65.2 ms
08-10 15:03:22.943 11317 11698 D cellinfo: 46 bytes from 44.241.174.93: icmp_seq=471 ttl=26 time=57.0 ms
08-10 15:03:23.129 11317 11317 D cellinfo: Latitude is 40.7129225
08-10 15:03:23.129 11317 11317 D cellinfo: Longitude is -111.8707511
08-10 15:03:23.129 11317 11317 D cellinfo: Instantaneous GPS information: United States, 2653 700 E, Salt Lake City, UT 84106, USA
08-10 15:03:23.129 11317 11317 D cellinfo: getCurrentLocation() result: Location (success): 40.7129225, -111.8707511
08-10 15:03:23.150 11317 11698 D cellinfo: 46 bytes from 44.241.174.93: icmp_seq=472 ttl=26 time=63.6 ms
08-10 15:03:23.179 11317 11317 D cellinfo: onCellInfoChanged: Operator: Verizon Wireless UpdateTimestamp: 236479 CellConnectionStatus: 1
08-10 15:03:23.179 11317 11317 D cellinfo: onCellInfoChanged: LTE Cell Bands: [13, 66, 2] Bandwidth: 10000 Cell ID: 3098113 Physical Cell ID: 135 Tracking Area Code: 3073 EARFCN: 5230
08-10 15:03:23.343 11317 11698 D cellinfo: 46 bytes from 44.241.174.93: icmp_seq=473 ttl=26 time=55.2 ms
08-10 15:03:23.542 11317 11698 D cellinfo: 46 bytes from 44.241.174.93: icmp_seq=474 ttl=26 time=53.8 ms
08-10 15:03:23.743 11317 11698 D cellinfo: 46 bytes from 44.241.174.93: icmp_seq=475 ttl=26 time=53.8 ms
08-10 15:03:23.942 11317 11698 D cellinfo: 46 bytes from 44.241.174.93: icmp_seq=476 ttl=26 time=52.3 ms
08-10 15:03:24.152 11317 11698 D cellinfo: 46 bytes from 44.241.174.93: icmp_seq=477 ttl=26 time=61.3 ms
08-10 15:03:24.357 11317 11698 D cellinfo: 46 bytes from 44.241.174.93: icmp_seq=478 ttl=26 time=65.4 ms
08-10 15:03:24.552 11317 11698 D cellinfo: 46 bytes from 44.241.174.93: icmp_seq=479 ttl=26 time=58.8 ms
08-10 15:03:24.753 11317 11698 D cellinfo: 46 bytes from 44.241.174.93: icmp_seq=480 ttl=26 time=59.1 ms
08-10 15:03:24.953 11317 11698 D cellinfo: 46 bytes from 44.241.174.93: icmp_seq=481 ttl=26 time=57.6 ms
08-10 15:03:25.153 11317 11698 D cellinfo: 46 bytes from 44.241.174.93: icmp_seq=482 ttl=26 time=57.1 ms
08-10 15:03:25.352 11317 11698 D cellinfo: 46 bytes from 44.241.174.93: icmp_seq=483 ttl=26 time=54.6 ms
08-10 15:03:25.552 11317 11698 D cellinfo: 46 bytes from 44.241.174.93: icmp_seq=484 ttl=26 time=54.9 ms
08-10 15:03:25.751 11317 11698 D cellinfo: 46 bytes from 44.241.174.93: icmp_seq=485 ttl=26 time=53.1 ms
08-10 15:03:25.953 11317 11698 D cellinfo: 46 bytes from 44.241.174.93: icmp_seq=486 ttl=26 time=53.1 ms
08-10 15:03:26.130 11317 11317 D cellinfo: Latitude is 40.7129225
08-10 15:03:26.130 11317 11317 D cellinfo: Longitude is -111.8707511
08-10 15:03:26.130 11317 11317 D cellinfo: Instantaneous GPS information: United States, 2653 700 E, Salt Lake City, UT 84106, USA
08-10 15:03:26.130 11317 11317 D cellinfo: getCurrentLocation() result: Location (success): 40.7129225, -111.8707511
08-10 15:03:26.161 11317 11698 D cellinfo: 46 bytes from 44.241.174.93: icmp_seq=487 ttl=26 time=60.8 ms
08-10 15:03:26.176 11317 11317 D cellinfo: onCellInfoChanged: Operator: Verizon Wireless UpdateTimestamp: 239478 CellConnectionStatus: 1
08-10 15:03:26.176 11317 11317 D cellinfo: onCellInfoChanged: LTE Cell Bands: [13, 66, 2] Bandwidth: 10000 Cell ID: 3098113 Physical Cell ID: 135 Tracking Area Code: 3073 EARFCN: 5230
08-10 15:03:26.367 11317 11698 D cellinfo: 46 bytes from 44.241.174.93: icmp_seq=488 ttl=26 time=65.3 ms
08-10 15:03:26.562 11317 11698 D cellinfo: 46 bytes from 44.241.174.93: icmp_seq=489 ttl=26 time=59.2 ms
08-10 15:03:26.761 11317 11698 D cellinfo: 46 bytes from 44.241.174.93: icmp_seq=490 ttl=26 time=58.2 ms
08-10 15:03:26.962 11317 11698 D cellinfo: 46 bytes from 44.241.174.93: icmp_seq=491 ttl=26 time=57.4 ms
08-10 15:03:27.163 11317 11698 D cellinfo: 46 bytes from 44.241.174.93: icmp_seq=492 ttl=26 time=57.6 ms
08-10 15:03:27.371 11317 11698 D cellinfo: 46 bytes from 44.241.174.93: icmp_seq=493 ttl=26 time=65.1 ms
08-10 15:03:27.564 11317 11698 D cellinfo: 46 bytes from 44.241.174.93: icmp_seq=494 ttl=26 time=57.9 ms
08-10 15:03:27.762 11317 11698 D cellinfo: 46 bytes from 44.241.174.93: icmp_seq=495 ttl=26 time=55.9 ms
08-10 15:03:27.962 11317 11698 D cellinfo: 46 bytes from 44.241.174.93: icmp_seq=496 ttl=26 time=55.1 ms
08-10 15:03:28.162 11317 11698 D cellinfo: 46 bytes from 44.241.174.93: icmp_seq=497 ttl=26 time=53.3 ms
08-10 15:03:28.361 11317 11698 D cellinfo: 46 bytes from 44.241.174.93: icmp_seq=498 ttl=26 time=52.6 ms
08-10 15:03:28.561 11317 11698 D cellinfo: 46 bytes from 44.241.174.93: icmp_seq=499 ttl=26 time=52.3 ms
08-10 15:03:28.771 11317 11698 D cellinfo: 46 bytes from 44.241.174.93: icmp_seq=500 ttl=26 time=61.1 ms
08-10 15:03:28.973 11317 11698 D cellinfo: 46 bytes from 44.241.174.93: icmp_seq=501 ttl=26 time=61.2 ms
08-10 15:03:29.125 11317 11317 D cellinfo: Latitude is 40.7129225
08-10 15:03:29.125 11317 11317 D cellinfo: Longitude is -111.8707511
08-10 15:03:29.125 11317 11317 D cellinfo: Instantaneous GPS information: United States, 2653 700 E, Salt Lake City, UT 84106, USA
08-10 15:03:29.125 11317 11317 D cellinfo: getCurrentLocation() result: Location (success): 40.7129225, -111.8707511
08-10 15:03:29.173 11317 11698 D cellinfo: 46 bytes from 44.241.174.93: icmp_seq=502 ttl=26 time=60.1 ms
08-10 15:03:29.189 11317 11317 D cellinfo: onCellInfoChanged: Operator: Verizon Wireless UpdateTimestamp: 242490 CellConnectionStatus: 1
08-10 15:03:29.189 11317 11317 D cellinfo: onCellInfoChanged: LTE Cell Bands: [13, 66, 66, 2] Bandwidth: 10000 Cell ID: 3098113 Physical Cell ID: 135 Tracking Area Code: 3073 EARFCN: 5230
08-10 15:03:29.372 11317 11698 D cellinfo: 46 bytes from 44.241.174.93: icmp_seq=503 ttl=26 time=58.6 ms
08-10 15:03:29.581 11317 11698 D cellinfo: 46 bytes from 44.241.174.93: icmp_seq=504 ttl=26 time=66.7 ms
08-10 15:03:29.780 11317 11698 D cellinfo: 46 bytes from 44.241.174.93: icmp_seq=505 ttl=26 time=65.8 ms
08-10 15:03:29.973 11317 11698 D cellinfo: 46 bytes from 44.241.174.93: icmp_seq=506 ttl=26 time=57.4 ms
08-10 15:03:30.172 11317 11698 D cellinfo: 46 bytes from 44.241.174.93: icmp_seq=507 ttl=26 time=56.4 ms
08-10 15:03:30.374 11317 11698 D cellinfo: 46 bytes from 44.241.174.93: icmp_seq=508 ttl=26 time=57.3 ms
08-10 15:03:30.577 11317 11698 D cellinfo: 46 bytes from 44.241.174.93: icmp_seq=509 ttl=26 time=59.7 ms
08-10 15:03:30.772 11317 11698 D cellinfo: 46 bytes from 44.241.174.93: icmp_seq=510 ttl=26 time=54.2 ms
08-10 15:03:30.989 11317 11698 D cellinfo: 46 bytes from 44.241.174.93: icmp_seq=511 ttl=26 time=70.5 ms
08-10 15:03:31.181 11317 11698 D cellinfo: 46 bytes from 44.241.174.93: icmp_seq=512 ttl=26 time=61.5 ms
08-10 15:03:31.381 11317 11698 D cellinfo: 46 bytes from 44.241.174.93: icmp_seq=513 ttl=26 time=60.9 ms
08-10 15:03:31.599 11317 11698 D cellinfo: 46 bytes from 44.241.174.93: icmp_seq=514 ttl=26 time=77.3 ms
08-10 15:03:31.782 11317 11698 D cellinfo: 46 bytes from 44.241.174.93: icmp_seq=515 ttl=26 time=60.1 ms
08-10 15:03:31.982 11317 11698 D cellinfo: 46 bytes from 44.241.174.93: icmp_seq=516 ttl=26 time=58.8 ms
08-10 15:03:32.178 11317 11317 D cellinfo: onCellInfoChanged: Operator: Verizon Wireless UpdateTimestamp: 245477 CellConnectionStatus: 1
08-10 15:03:32.178 11317 11317 D cellinfo: onCellInfoChanged: LTE Cell Bands: [13] Bandwidth: 10000 Cell ID: 3098113 Physical Cell ID: 135 Tracking Area Code: 3073 EARFCN: 5230
08-10 15:03:32.181 11317 11698 D cellinfo: 46 bytes from 44.241.174.93: icmp_seq=517 ttl=26 time=57.7 ms
08-10 15:03:32.382 11317 11698 D cellinfo: 46 bytes from 44.241.174.93: icmp_seq=518 ttl=26 time=57.2 ms
08-10 15:03:32.573 11317 11698 D cellinfo: 46 bytes from 44.241.174.93: icmp_seq=519 ttl=26 time=47.8 ms
08-10 15:03:32.783 11317 11698 D cellinfo: 46 bytes from 44.241.174.93: icmp_seq=520 ttl=26 time=56.4 ms
08-10 15:03:32.801 11317 11317 D cellinfo: Latitude is 40.7129068
08-10 15:03:32.801 11317 11317 D cellinfo: Longitude is -111.870758
08-10 15:03:32.802 11317 11317 D cellinfo: Instantaneous GPS information: United States, 2685 UT-71, Salt Lake City, UT 84106, USA
08-10 15:03:32.802 11317 11317 D cellinfo: getCurrentLocation() result: Location (success): 40.7129068, -111.870758
08-10 15:03:32.981 11317 11698 D cellinfo: 46 bytes from 44.241.174.93: icmp_seq=521 ttl=26 time=54.4 ms
08-10 15:03:33.184 11317 11698 D cellinfo: 46 bytes from 44.241.174.93: icmp_seq=522 ttl=26 time=56.1 ms
08-10 15:03:33.400 11317 11698 D cellinfo: 46 bytes from 44.241.174.93: icmp_seq=523 ttl=26 time=70.7 ms
08-10 15:03:33.581 11317 11698 D cellinfo: 46 bytes from 44.241.174.93: icmp_seq=524 ttl=26 time=51.4 ms
08-10 15:03:33.797 11317 11698 D cellinfo: 46 bytes from 44.241.174.93: icmp_seq=525 ttl=26 time=65.2 ms
08-10 15:03:33.999 11317 11698 D cellinfo: 46 bytes from 44.241.174.93: icmp_seq=526 ttl=26 time=66.2 ms
08-10 15:03:34.196 11317 11698 D cellinfo: 46 bytes from 44.241.174.93: icmp_seq=527 ttl=26 time=62.8 ms
08-10 15:03:34.397 11317 11698 D cellinfo: 46 bytes from 44.241.174.93: icmp_seq=528 ttl=26 time=62.9 ms
08-10 15:03:34.597 11317 11698 D cellinfo: 46 bytes from 44.241.174.93: icmp_seq=529 ttl=26 time=61.9 ms
08-10 15:03:34.798 11317 11698 D cellinfo: 46 bytes from 44.241.174.93: icmp_seq=530 ttl=26 time=61.4 ms
08-10 15:03:34.993 11317 11698 D cellinfo: 46 bytes from 44.241.174.93: icmp_seq=531 ttl=26 time=56.2 ms
08-10 15:03:35.140 11317 11317 D cellinfo: Latitude is 40.7129068
08-10 15:03:35.140 11317 11317 D cellinfo: Longitude is -111.870758
08-10 15:03:35.140 11317 11317 D cellinfo: Instantaneous GPS information: United States, 2685 UT-71, Salt Lake City, UT 84106, USA
08-10 15:03:35.140 11317 11317 D cellinfo: getCurrentLocation() result: Location (success): 40.7129068, -111.870758
08-10 15:03:35.183 11317 11317 D cellinfo: onCellInfoChanged: Operator: Verizon Wireless UpdateTimestamp: 248482 CellConnectionStatus: 1
08-10 15:03:35.183 11317 11317 D cellinfo: onCellInfoChanged: LTE Cell Bands: [13] Bandwidth: 10000 Cell ID: 3098113 Physical Cell ID: 135 Tracking Area Code: 3073 EARFCN: 5230
08-10 15:03:35.194 11317 11698 D cellinfo: 46 bytes from 44.241.174.93: icmp_seq=532 ttl=26 time=56.5 ms
08-10 15:03:35.392 11317 11698 D cellinfo: 46 bytes from 44.241.174.93: icmp_seq=533 ttl=26 time=53.5 ms
08-10 15:03:35.593 11317 11698 D cellinfo: 46 bytes from 44.241.174.93: icmp_seq=534 ttl=26 time=53.1 ms
08-10 15:03:35.794 11317 11698 D cellinfo: 46 bytes from 44.241.174.93: icmp_seq=535 ttl=26 time=55.5 ms
08-10 15:03:36.000 11317 11698 D cellinfo: 46 bytes from 44.241.174.93: icmp_seq=536 ttl=26 time=59.9 ms
08-10 15:03:36.193 11317 11698 D cellinfo: 46 bytes from 44.241.174.93: icmp_seq=537 ttl=26 time=52.6 ms
08-10 15:03:36.404 11317 11698 D cellinfo: 46 bytes from 44.241.174.93: icmp_seq=538 ttl=26 time=62.8 ms
08-10 15:03:36.604 11317 11698 D cellinfo: 46 bytes from 44.241.174.93: icmp_seq=539 ttl=26 time=61.9 ms
08-10 15:03:36.804 11317 11698 D cellinfo: 46 bytes from 44.241.174.93: icmp_seq=540 ttl=26 time=61.0 ms
08-10 15:03:37.002 11317 11698 D cellinfo: 46 bytes from 44.241.174.93: icmp_seq=541 ttl=26 time=57.9 ms
08-10 15:03:37.204 11317 11698 D cellinfo: 46 bytes from 44.241.174.93: icmp_seq=542 ttl=26 time=60.3 ms
08-10 15:03:37.404 11317 11698 D cellinfo: 46 bytes from 44.241.174.93: icmp_seq=543 ttl=26 time=59.6 ms
08-10 15:03:37.605 11317 11698 D cellinfo: 46 bytes from 44.241.174.93: icmp_seq=544 ttl=26 time=59.9 ms
08-10 15:03:37.802 11317 11698 D cellinfo: 46 bytes from 44.241.174.93: icmp_seq=545 ttl=26 time=55.8 ms
08-10 15:03:38.005 11317 11698 D cellinfo: 46 bytes from 44.241.174.93: icmp_seq=546 ttl=26 time=56.8 ms
08-10 15:03:38.127 11317 11317 D cellinfo: Latitude is 40.7129066
08-10 15:03:38.127 11317 11317 D cellinfo: Longitude is -111.8707581
08-10 15:03:38.128 11317 11317 D cellinfo: Instantaneous GPS information: United States, 2685 UT-71, Salt Lake City, UT 84106, USA
08-10 15:03:38.128 11317 11317 D cellinfo: getCurrentLocation() result: Location (success): 40.7129066, -111.8707581
08-10 15:03:38.190 11317 11317 D cellinfo: onCellInfoChanged: Operator: Verizon Wireless UpdateTimestamp: 251481 CellConnectionStatus: 1
08-10 15:03:38.190 11317 11317 D cellinfo: onCellInfoChanged: LTE Cell Bands: [13] Bandwidth: 10000 Cell ID: 3098113 Physical Cell ID: 135 Tracking Area Code: 3073 EARFCN: 5230
08-10 15:03:38.206 11317 11698 D cellinfo: 46 bytes from 44.241.174.93: icmp_seq=547 ttl=26 time=58.7 ms
08-10 15:03:38.404 11317 11698 D cellinfo: 46 bytes from 44.241.174.93: icmp_seq=548 ttl=26 time=55.9 ms
08-10 15:03:38.604 11317 11698 D cellinfo: 46 bytes from 44.241.174.93: icmp_seq=549 ttl=26 time=55.0 ms
08-10 15:03:38.804 11317 11698 D cellinfo: 46 bytes from 44.241.174.93: icmp_seq=550 ttl=26 time=53.9 ms
08-10 15:03:39.004 11317 11698 D cellinfo: 46 bytes from 44.241.174.93: icmp_seq=551 ttl=26 time=53.5 ms
08-10 15:03:39.204 11317 11698 D cellinfo: 46 bytes from 44.241.174.93: icmp_seq=552 ttl=26 time=53.8 ms
08-10 15:03:39.403 11317 11698 D cellinfo: 46 bytes from 44.241.174.93: icmp_seq=553 ttl=26 time=52.5 ms
08-10 15:03:39.604 11317 11698 D cellinfo: 46 bytes from 44.241.174.93: icmp_seq=554 ttl=26 time=52.7 ms
08-10 15:03:39.814 11317 11698 D cellinfo: 46 bytes from 44.241.174.93: icmp_seq=555 ttl=26 time=62.2 ms
08-10 15:03:39.834 11317 11317 D cellinfo: onsignalStrengthsChanged: LTE Signal Strength info: rsrp: -97 rsrq: -11 rssi: -77 rssnr: 4
08-10 15:03:40.021 11317 11698 D cellinfo: 46 bytes from 44.241.174.93: icmp_seq=556 ttl=26 time=67.9 ms
08-10 15:03:40.221 11317 11698 D cellinfo: 46 bytes from 44.241.174.93: icmp_seq=557 ttl=26 time=68.0 ms
08-10 15:03:40.414 11317 11698 D cellinfo: 46 bytes from 44.241.174.93: icmp_seq=558 ttl=26 time=59.6 ms
08-10 15:03:40.613 11317 11698 D cellinfo: 46 bytes from 44.241.174.93: icmp_seq=559 ttl=26 time=58.2 ms
08-10 15:03:40.812 11317 11698 D cellinfo: 46 bytes from 44.241.174.93: icmp_seq=560 ttl=26 time=56.0 ms
08-10 15:03:41.012 11317 11698 D cellinfo: 46 bytes from 44.241.174.93: icmp_seq=561 ttl=26 time=54.8 ms
08-10 15:03:41.129 11317 11317 D cellinfo: Latitude is 40.7129066
08-10 15:03:41.129 11317 11317 D cellinfo: Longitude is -111.870758
08-10 15:03:41.129 11317 11317 D cellinfo: Instantaneous GPS information: United States, 2685 UT-71, Salt Lake City, UT 84106, USA
08-10 15:03:41.129 11317 11317 D cellinfo: getCurrentLocation() result: Location (success): 40.7129066, -111.870758
08-10 15:03:41.199 11317 11317 D cellinfo: onCellInfoChanged: Operator: Verizon Wireless UpdateTimestamp: 254497 CellConnectionStatus: 1
08-10 15:03:41.199 11317 11317 D cellinfo: onCellInfoChanged: LTE Cell Bands: [13] Bandwidth: 10000 Cell ID: 3098113 Physical Cell ID: 135 Tracking Area Code: 3073 EARFCN: 5230
08-10 15:03:41.217 11317 11698 D cellinfo: 46 bytes from 44.241.174.93: icmp_seq=562 ttl=26 time=59.5 ms
08-10 15:03:41.412 11317 11698 D cellinfo: 46 bytes from 44.241.174.93: icmp_seq=563 ttl=26 time=54.0 ms
08-10 15:03:41.613 11317 11698 D cellinfo: 46 bytes from 44.241.174.93: icmp_seq=564 ttl=26 time=53.9 ms
08-10 15:03:41.822 11317 11698 D cellinfo: 46 bytes from 44.241.174.93: icmp_seq=565 ttl=26 time=62.0 ms
08-10 15:03:42.032 11317 11698 D cellinfo: 46 bytes from 44.241.174.93: icmp_seq=566 ttl=26 time=71.5 ms
08-10 15:03:42.222 11317 11698 D cellinfo: 46 bytes from 44.241.174.93: icmp_seq=567 ttl=26 time=61.3 ms
08-10 15:03:42.423 11317 11698 D cellinfo: 46 bytes from 44.241.174.93: icmp_seq=568 ttl=26 time=60.8 ms
08-10 15:03:42.623 11317 11698 D cellinfo: 46 bytes from 44.241.174.93: icmp_seq=569 ttl=26 time=60.2 ms
08-10 15:03:42.823 11317 11698 D cellinfo: 46 bytes from 44.241.174.93: icmp_seq=570 ttl=26 time=59.1 ms
08-10 15:03:43.031 11317 11698 D cellinfo: 46 bytes from 44.241.174.93: icmp_seq=571 ttl=26 time=66.2 ms
08-10 15:03:43.223 11317 11698 D cellinfo: 46 bytes from 44.241.174.93: icmp_seq=572 ttl=26 time=58.0 ms
08-10 15:03:43.422 11317 11698 D cellinfo: 46 bytes from 44.241.174.93: icmp_seq=573 ttl=26 time=56.1 ms
08-10 15:03:43.623 11317 11698 D cellinfo: 46 bytes from 44.241.174.93: icmp_seq=574 ttl=26 time=55.8 ms
08-10 15:03:43.822 11317 11698 D cellinfo: 46 bytes from 44.241.174.93: icmp_seq=575 ttl=26 time=53.9 ms
08-10 15:03:44.024 11317 11698 D cellinfo: 46 bytes from 44.241.174.93: icmp_seq=576 ttl=26 time=55.1 ms
08-10 15:03:44.120 11317 11317 D cellinfo: Latitude is 40.7129067
08-10 15:03:44.120 11317 11317 D cellinfo: Longitude is -111.870758
08-10 15:03:44.120 11317 11317 D cellinfo: Instantaneous GPS information: United States, 2685 UT-71, Salt Lake City, UT 84106, USA
08-10 15:03:44.120 11317 11317 D cellinfo: getCurrentLocation() result: Location (success): 40.7129067, -111.870758
08-10 15:03:44.179 11317 11317 D cellinfo: onCellInfoChanged: Operator: Verizon Wireless UpdateTimestamp: 257480 CellConnectionStatus: 1
08-10 15:03:44.179 11317 11317 D cellinfo: onCellInfoChanged: LTE Cell Bands: [13] Bandwidth: 10000 Cell ID: 3098113 Physical Cell ID: 135 Tracking Area Code: 3073 EARFCN: 5230
08-10 15:03:44.221 11317 11698 D cellinfo: 46 bytes from 44.241.174.93: icmp_seq=577 ttl=26 time=52.5 ms
08-10 15:03:44.423 11317 11698 D cellinfo: 46 bytes from 44.241.174.93: icmp_seq=578 ttl=26 time=52.4 ms
08-10 15:03:44.634 11317 11698 D cellinfo: 46 bytes from 44.241.174.93: icmp_seq=579 ttl=26 time=62.3 ms
08-10 15:03:44.832 11317 11698 D cellinfo: 46 bytes from 44.241.174.93: icmp_seq=580 ttl=26 time=59.1 ms
08-10 15:03:45.032 11317 11698 D cellinfo: 46 bytes from 44.241.174.93: icmp_seq=581 ttl=26 time=58.4 ms
08-10 15:03:45.233 11317 11698 D cellinfo: 46 bytes from 44.241.174.93: icmp_seq=582 ttl=26 time=59.5 ms
08-10 15:03:45.432 11317 11698 D cellinfo: 46 bytes from 44.241.174.93: icmp_seq=583 ttl=26 time=57.4 ms
08-10 15:03:45.633 11317 11698 D cellinfo: 46 bytes from 44.241.174.93: icmp_seq=584 ttl=26 time=58.2 ms
08-10 15:03:45.833 11317 11698 D cellinfo: 46 bytes from 44.241.174.93: icmp_seq=585 ttl=26 time=57.3 ms
08-10 15:03:46.032 11317 11698 D cellinfo: 46 bytes from 44.241.174.93: icmp_seq=586 ttl=26 time=55.5 ms
08-10 15:03:46.232 11317 11698 D cellinfo: 46 bytes from 44.241.174.93: icmp_seq=587 ttl=26 time=56.2 ms
08-10 15:03:46.433 11317 11698 D cellinfo: 46 bytes from 44.241.174.93: icmp_seq=588 ttl=26 time=57.2 ms
08-10 15:03:46.634 11317 11698 D cellinfo: 46 bytes from 44.241.174.93: icmp_seq=589 ttl=26 time=56.7 ms
08-10 15:03:46.832 11317 11698 D cellinfo: 46 bytes from 44.241.174.93: icmp_seq=590 ttl=26 time=54.8 ms
08-10 15:03:47.034 11317 11698 D cellinfo: 46 bytes from 44.241.174.93: icmp_seq=591 ttl=26 time=55.4 ms
08-10 15:03:47.122 11317 11317 D cellinfo: Latitude is 40.7129067
08-10 15:03:47.122 11317 11317 D cellinfo: Longitude is -111.870758
08-10 15:03:47.122 11317 11317 D cellinfo: Instantaneous GPS information: United States, 2685 UT-71, Salt Lake City, UT 84106, USA
08-10 15:03:47.122 11317 11317 D cellinfo: getCurrentLocation() result: Location (success): 40.7129067, -111.870758
08-10 15:03:47.176 11317 11317 D cellinfo: onCellInfoChanged: Operator: Verizon Wireless UpdateTimestamp: 260472 CellConnectionStatus: 1
08-10 15:03:47.176 11317 11317 D cellinfo: onCellInfoChanged: LTE Cell Bands: [13] Bandwidth: 10000 Cell ID: 3098113 Physical Cell ID: 135 Tracking Area Code: 3073 EARFCN: 5230
08-10 15:03:47.232 11317 11698 D cellinfo: 46 bytes from 44.241.174.93: icmp_seq=592 ttl=26 time=53.6 ms
08-10 15:03:47.441 11317 11698 D cellinfo: 46 bytes from 44.241.174.93: icmp_seq=593 ttl=26 time=62.2 ms
08-10 15:03:47.632 11317 11698 D cellinfo: 46 bytes from 44.241.174.93: icmp_seq=594 ttl=26 time=51.7 ms
08-10 15:03:47.833 11317 11698 D cellinfo: 46 bytes from 44.241.174.93: icmp_seq=595 ttl=26 time=52.2 ms
08-10 15:03:48.044 11317 11698 D cellinfo: 46 bytes from 44.241.174.93: icmp_seq=596 ttl=26 time=61.7 ms
08-10 15:03:48.250 11317 11698 D cellinfo: 46 bytes from 44.241.174.93: icmp_seq=597 ttl=26 time=67.3 ms
08-10 15:03:48.444 11317 11698 D cellinfo: 46 bytes from 44.241.174.93: icmp_seq=598 ttl=26 time=61.3 ms
08-10 15:03:48.642 11317 11698 D cellinfo: 46 bytes from 44.241.174.93: icmp_seq=599 ttl=26 time=58.0 ms
08-10 15:03:48.842 11317 11698 D cellinfo: 46 bytes from 44.241.174.93: icmp_seq=600 ttl=26 time=57.1 ms
08-10 15:03:49.051 11317 11698 D cellinfo: 46 bytes from 44.241.174.93: icmp_seq=601 ttl=26 time=64.9 ms
08-10 15:03:49.247 11317 11698 D cellinfo: 46 bytes from 44.241.174.93: icmp_seq=602 ttl=26 time=60.8 ms
08-10 15:03:49.444 11317 11698 D cellinfo: 46 bytes from 44.241.174.93: icmp_seq=603 ttl=26 time=57.1 ms
08-10 15:03:49.647 11317 11698 D cellinfo: 46 bytes from 44.241.174.93: icmp_seq=604 ttl=26 time=58.9 ms
08-10 15:03:49.837 11317 11317 D cellinfo: onsignalStrengthsChanged: LTE Signal Strength info: rsrp: -95 rsrq: -11 rssi: -75 rssnr: 3
08-10 15:03:49.847 11317 11698 D cellinfo: 46 bytes from 44.241.174.93: icmp_seq=605 ttl=26 time=58.2 ms
08-10 15:03:50.052 11317 11698 D cellinfo: 46 bytes from 44.241.174.93: icmp_seq=606 ttl=26 time=62.1 ms
08-10 15:03:50.117 11317 11317 D cellinfo: Latitude is 40.7129067
08-10 15:03:50.117 11317 11317 D cellinfo: Longitude is -111.870758
08-10 15:03:50.117 11317 11317 D cellinfo: Instantaneous GPS information: United States, 2685 UT-71, Salt Lake City, UT 84106, USA
08-10 15:03:50.117 11317 11317 D cellinfo: getCurrentLocation() result: Location (success): 40.7129067, -111.870758
08-10 15:03:50.161 11317 11317 D cellinfo: onCellInfoChanged: Operator: Verizon Wireless UpdateTimestamp: 263461 CellConnectionStatus: 1
08-10 15:03:50.161 11317 11317 D cellinfo: onCellInfoChanged: LTE Cell Bands: [13] Bandwidth: 10000 Cell ID: 3098113 Physical Cell ID: 135 Tracking Area Code: 3073 EARFCN: 5230
08-10 15:03:50.252 11317 11698 D cellinfo: 46 bytes from 44.241.174.93: icmp_seq=607 ttl=26 time=62.0 ms
08-10 15:03:50.461 11317 11698 D cellinfo: 46 bytes from 44.241.174.93: icmp_seq=608 ttl=26 time=70.3 ms
08-10 15:03:50.643 11317 11698 D cellinfo: 46 bytes from 44.241.174.93: icmp_seq=609 ttl=26 time=50.9 ms
08-10 15:03:50.854 11317 11698 D cellinfo: 46 bytes from 44.241.174.93: icmp_seq=610 ttl=26 time=62.2 ms
08-10 15:03:51.053 11317 11698 D cellinfo: 46 bytes from 44.241.174.93: icmp_seq=611 ttl=26 time=60.2 ms
08-10 15:03:51.254 11317 11698 D cellinfo: 46 bytes from 44.241.174.93: icmp_seq=612 ttl=26 time=60.6 ms
08-10 15:03:51.452 11317 11698 D cellinfo: 46 bytes from 44.241.174.93: icmp_seq=613 ttl=26 time=58.6 ms
08-10 15:03:51.652 11317 11698 D cellinfo: 46 bytes from 44.241.174.93: icmp_seq=614 ttl=26 time=57.9 ms
08-10 15:03:51.858 11317 11698 D cellinfo: 46 bytes from 44.241.174.93: icmp_seq=615 ttl=26 time=63.1 ms
08-10 15:03:52.055 11317 11698 D cellinfo: 46 bytes from 44.241.174.93: icmp_seq=616 ttl=26 time=59.0 ms
08-10 15:03:52.262 11317 11698 D cellinfo: 46 bytes from 44.241.174.93: icmp_seq=617 ttl=26 time=66.2 ms
08-10 15:03:52.459 11317 11698 D cellinfo: 46 bytes from 44.241.174.93: icmp_seq=618 ttl=26 time=61.9 ms
08-10 15:03:52.652 11317 11698 D cellinfo: 46 bytes from 44.241.174.93: icmp_seq=619 ttl=26 time=53.9 ms
08-10 15:03:52.854 11317 11698 D cellinfo: 46 bytes from 44.241.174.93: icmp_seq=620 ttl=26 time=55.0 ms
08-10 15:03:53.064 11317 11698 D cellinfo: 46 bytes from 44.241.174.93: icmp_seq=621 ttl=26 time=63.5 ms
08-10 15:03:53.125 11317 11317 D cellinfo: Latitude is 40.7129067
08-10 15:03:53.125 11317 11317 D cellinfo: Longitude is -111.870758
08-10 15:03:53.125 11317 11317 D cellinfo: Instantaneous GPS information: United States, 2685 UT-71, Salt Lake City, UT 84106, USA
08-10 15:03:53.125 11317 11317 D cellinfo: getCurrentLocation() result: Location (success): 40.7129067, -111.870758
08-10 15:03:53.186 11317 11317 D cellinfo: onCellInfoChanged: Operator: Verizon Wireless UpdateTimestamp: 266486 CellConnectionStatus: 1
08-10 15:03:53.186 11317 11317 D cellinfo: onCellInfoChanged: LTE Cell Bands: [13] Bandwidth: 10000 Cell ID: 3098113 Physical Cell ID: 135 Tracking Area Code: 3073 EARFCN: 5230
08-10 15:03:53.253 11317 11698 D cellinfo: 46 bytes from 44.241.174.93: icmp_seq=622 ttl=26 time=53.7 ms
08-10 15:03:53.463 11317 11698 D cellinfo: 46 bytes from 44.241.174.93: icmp_seq=623 ttl=26 time=63.1 ms
08-10 15:03:53.666 11317 11698 D cellinfo: 46 bytes from 44.241.174.93: icmp_seq=624 ttl=26 time=65.5 ms
08-10 15:03:53.866 11317 11698 D cellinfo: 46 bytes from 44.241.174.93: icmp_seq=625 ttl=26 time=64.6 ms
08-10 15:03:54.071 11317 11698 D cellinfo: 46 bytes from 44.241.174.93: icmp_seq=626 ttl=26 time=69.0 ms
08-10 15:03:54.262 11317 11698 D cellinfo: 46 bytes from 44.241.174.93: icmp_seq=627 ttl=26 time=58.9 ms
08-10 15:03:54.463 11317 11698 D cellinfo: 46 bytes from 44.241.174.93: icmp_seq=628 ttl=26 time=59.0 ms
08-10 15:03:54.663 11317 11698 D cellinfo: 46 bytes from 44.241.174.93: icmp_seq=629 ttl=26 time=58.1 ms
08-10 15:03:54.863 11317 11698 D cellinfo: 46 bytes from 44.241.174.93: icmp_seq=630 ttl=26 time=57.5 ms
08-10 15:03:55.064 11317 11698 D cellinfo: 46 bytes from 44.241.174.93: icmp_seq=631 ttl=26 time=56.6 ms
08-10 15:03:55.262 11317 11698 D cellinfo: 46 bytes from 44.241.174.93: icmp_seq=632 ttl=26 time=54.5 ms
08-10 15:03:55.466 11317 11698 D cellinfo: 46 bytes from 44.241.174.93: icmp_seq=633 ttl=26 time=58.3 ms
08-10 15:03:55.672 11317 11698 D cellinfo: 46 bytes from 44.241.174.93: icmp_seq=634 ttl=26 time=63.8 ms
08-10 15:03:55.865 11317 11698 D cellinfo: 46 bytes from 44.241.174.93: icmp_seq=635 ttl=26 time=55.7 ms
08-10 15:03:56.062 11317 11698 D cellinfo: 46 bytes from 44.241.174.93: icmp_seq=636 ttl=26 time=51.8 ms
08-10 15:03:56.114 11317 11317 D cellinfo: Latitude is 40.7129067
