08-10 23:33:32.267 24975 25049 D cellinfo: 46 bytes from 44.241.174.93: icmp_seq=298 ttl=26 time=57.0 ms
08-10 23:33:32.477 24975 25049 D cellinfo: 46 bytes from 44.241.174.93: icmp_seq=299 ttl=26 time=65.1 ms
08-10 23:33:32.696 24975 25049 D cellinfo: 46 bytes from 44.241.174.93: icmp_seq=300 ttl=26 time=84.2 ms
08-10 23:33:32.880 24975 25049 D cellinfo: 46 bytes from 44.241.174.93: icmp_seq=301 ttl=26 time=66.6 ms
08-10 23:33:33.081 24975 25049 D cellinfo: 46 bytes from 44.241.174.93: icmp_seq=302 ttl=26 time=67.7 ms
08-10 23:33:33.283 24975 25049 D cellinfo: 46 bytes from 44.241.174.93: icmp_seq=303 ttl=26 time=69.7 ms
08-10 23:33:33.472 24975 25049 D cellinfo: 46 bytes from 44.241.174.93: icmp_seq=304 ttl=26 time=58.1 ms
08-10 23:33:33.684 24975 25049 D cellinfo: 46 bytes from 44.241.174.93: icmp_seq=305 ttl=26 time=69.2 ms
08-10 23:33:33.880 24975 25049 D cellinfo: 46 bytes from 44.241.174.93: icmp_seq=306 ttl=26 time=64.7 ms
08-10 23:33:34.089 24975 25049 D cellinfo: 46 bytes from 44.241.174.93: icmp_seq=307 ttl=26 time=72.9 ms
08-10 23:33:34.281 24975 25049 D cellinfo: 46 bytes from 44.241.174.93: icmp_seq=308 ttl=26 time=64.6 ms
08-10 23:33:34.477 24975 25049 D cellinfo: 46 bytes from 44.241.174.93: icmp_seq=309 ttl=26 time=58.6 ms
08-10 23:33:34.679 24975 25049 D cellinfo: 46 bytes from 44.241.174.93: icmp_seq=310 ttl=26 time=59.2 ms
08-10 23:33:34.896 24975 25049 D cellinfo: 46 bytes from 44.241.174.93: icmp_seq=311 ttl=26 time=74.9 ms
08-10 23:33:35.095 24975 25049 D cellinfo: 46 bytes from 44.241.174.93: icmp_seq=312 ttl=26 time=72.8 ms
08-10 23:33:35.287 24975 25049 D cellinfo: 46 bytes from 44.241.174.93: icmp_seq=313 ttl=26 time=64.3 ms
08-10 23:33:35.508 24975 25049 D cellinfo: 46 bytes from 44.241.174.93: icmp_seq=314 ttl=26 time=84.9 ms
08-10 23:33:35.693 24975 25049 D cellinfo: 46 bytes from 44.241.174.93: icmp_seq=315 ttl=26 time=69.3 ms
08-10 23:33:35.923 24975 25049 D cellinfo: 46 bytes from 44.241.174.93: icmp_seq=316 ttl=26 time=98.9 ms
08-10 23:33:36.210 24975 25049 D cellinfo: 46 bytes from 44.241.174.93: icmp_seq=317 ttl=26 time=185 ms
08-10 23:33:36.367 24975 25049 D cellinfo: 46 bytes from 44.241.174.93: icmp_seq=318 ttl=26 time=139 ms
08-10 23:33:36.522 24975 25049 D cellinfo: 46 bytes from 44.241.174.93: icmp_seq=319 ttl=26 time=95.6 ms
08-10 23:33:36.724 24975 25049 D cellinfo: 46 bytes from 44.241.174.93: icmp_seq=320 ttl=26 time=95.6 ms
08-10 23:33:36.917 24975 25049 D cellinfo: 46 bytes from 44.241.174.93: icmp_seq=321 ttl=26 time=88.1 ms
08-10 23:33:37.271 24975 25049 D cellinfo: 46 bytes from 44.241.174.93: icmp_seq=322 ttl=26 time=242 ms
08-10 23:33:37.397 24975 25049 D cellinfo: 46 bytes from 44.241.174.93: icmp_seq=323 ttl=26 time=165 ms
08-10 23:33:37.689 24975 25049 D cellinfo: 46 bytes from 44.241.174.93: icmp_seq=324 ttl=26 time=257 ms
08-10 23:33:37.807 24975 25049 D cellinfo: 46 bytes from 44.241.174.93: icmp_seq=325 ttl=26 time=170 ms
08-10 23:33:37.983 24975 25049 D cellinfo: 46 bytes from 44.241.174.93: icmp_seq=326 ttl=26 time=146 ms
08-10 23:33:38.271 24975 25049 D cellinfo: 46 bytes from 44.241.174.93: icmp_seq=327 ttl=26 time=233 ms
08-10 23:33:38.399 24975 24975 D cellinfo: Latitude is 39.7937584
08-10 23:33:38.399 24975 24975 D cellinfo: Longitude is -104.9882371
08-10 23:33:38.399 24975 24975 D cellinfo: Instantaneous GPS information: United States, 5314 Broadway, Denver, CO 80216, USA
08-10 23:33:38.399 24975 24975 D cellinfo: getCurrentLocation() result: Location (success): 39.7937584, -104.9882371
08-10 23:33:38.405 24975 24975 D cellinfo: Latitude is 39.7937584
08-10 23:33:38.405 24975 24975 D cellinfo: Longitude is -104.9882371
08-10 23:33:38.405 24975 24975 D cellinfo: Instantaneous GPS information: United States, 5314 Broadway, Denver, CO 80216, USA
08-10 23:33:38.405 24975 24975 D cellinfo: getCurrentLocation() result: Location (success): 39.7937584, -104.9882371
08-10 23:33:38.470 24975 25049 D cellinfo: 46 bytes from 44.241.174.93: icmp_seq=328 ttl=26 time=229 ms
08-10 23:33:38.696 24975 25049 D cellinfo: 46 bytes from 44.241.174.93: icmp_seq=329 ttl=26 time=255 ms
08-10 23:33:38.830 24975 25049 D cellinfo: 46 bytes from 44.241.174.93: icmp_seq=330 ttl=26 time=187 ms
08-10 23:33:38.902 24975 25049 D cellinfo: 46 bytes from 44.241.174.93: icmp_seq=331 ttl=26 time=60.4 ms
08-10 23:33:39.113 24975 25049 D cellinfo: 46 bytes from 44.241.174.93: icmp_seq=332 ttl=26 time=69.5 ms
08-10 23:33:39.312 24975 25049 D cellinfo: 46 bytes from 44.241.174.93: icmp_seq=333 ttl=26 time=68.0 ms
08-10 23:33:39.516 24975 25049 D cellinfo: 46 bytes from 44.241.174.93: icmp_seq=334 ttl=26 time=71.6 ms
08-10 23:33:39.730 24975 25049 D cellinfo: 46 bytes from 44.241.174.93: icmp_seq=335 ttl=26 time=84.2 ms
08-10 23:33:39.925 24975 25049 D cellinfo: 46 bytes from 44.241.174.93: icmp_seq=336 ttl=26 time=77.4 ms
08-10 23:33:40.190 24975 25049 D cellinfo: 46 bytes from 44.241.174.93: icmp_seq=337 ttl=26 time=141 ms
08-10 23:33:40.323 24975 25049 D cellinfo: 46 bytes from 44.241.174.93: icmp_seq=338 ttl=26 time=73.4 ms
08-10 23:33:40.527 24975 25049 D cellinfo: 46 bytes from 44.241.174.93: icmp_seq=339 ttl=26 time=76.3 ms
08-10 23:33:40.635 24975 24975 D cellinfo: onCellInfoChanged: Operator: Verizon Wireless UpdateTimestamp: 30853935 CellConnectionStatus: 1
08-10 23:33:40.635 24975 24975 D cellinfo: onCellInfoChanged: 5G-NR Cell Bands: [] ARFCN: 177000 Cell ID: 9223372036854775807 Physical Cell ID: 49 Tracking Area Code: 16777215
08-10 23:33:40.711 24975 25049 D cellinfo: 46 bytes from 44.241.174.93: icmp_seq=340 ttl=26 time=59.5 ms
08-10 23:33:40.916 24975 25049 D cellinfo: 46 bytes from 44.241.174.93: icmp_seq=341 ttl=26 time=62.8 ms
08-10 23:33:41.118 24975 25049 D cellinfo: 46 bytes from 44.241.174.93: icmp_seq=342 ttl=26 time=64.0 ms
08-10 23:33:41.329 24975 25049 D cellinfo: 46 bytes from 44.241.174.93: icmp_seq=343 ttl=26 time=74.6 ms
08-10 23:33:41.527 24975 25049 D cellinfo: 46 bytes from 44.241.174.93: icmp_seq=344 ttl=26 time=70.5 ms
08-10 23:33:41.705 24975 24975 D cellinfo: Latitude is 39.7905019
08-10 23:33:41.705 24975 24975 D cellinfo: Longitude is -104.9890005
08-10 23:33:41.705 24975 24975 D cellinfo: Instantaneous GPS information: United States, 5161 Bannock St, Denver, CO 80216, USA
08-10 23:33:41.705 24975 24975 D cellinfo: getCurrentLocation() result: Location (success): 39.7905019, -104.9890005
08-10 23:33:41.717 24975 25049 D cellinfo: 46 bytes from 44.241.174.93: icmp_seq=345 ttl=26 time=59.6 ms
08-10 23:33:41.922 24975 25049 D cellinfo: 46 bytes from 44.241.174.93: icmp_seq=346 ttl=26 time=63.6 ms
08-10 23:33:42.130 24975 25049 D cellinfo: 46 bytes from 44.241.174.93: icmp_seq=347 ttl=26 time=71.2 ms
08-10 23:33:42.336 24975 25049 D cellinfo: 46 bytes from 44.241.174.93: icmp_seq=348 ttl=26 time=75.4 ms
08-10 23:33:42.523 24975 25049 D cellinfo: 46 bytes from 44.241.174.93: icmp_seq=349 ttl=26 time=61.9 ms
08-10 23:33:42.752 24975 25049 D cellinfo: 46 bytes from 44.241.174.93: icmp_seq=350 ttl=26 time=90.4 ms
08-10 23:33:42.975 24975 25049 D cellinfo: 46 bytes from 44.241.174.93: icmp_seq=351 ttl=26 time=112 ms
08-10 23:33:42.997 24975 24975 D cellinfo: onsignalStrengthsChanged: LTE Signal Strength info: rsrp: -72 rsrq: -9 rssi: -55 rssnr: 7
08-10 23:33:42.997 24975 24975 D cellinfo: onsignalStrengthsChanged: 5G-NR Signal Strength info: ssrsrp: -73 ssrsrq: -13 sssinr: 2
08-10 23:33:43.124 24975 25049 D cellinfo: 46 bytes from 44.241.174.93: icmp_seq=352 ttl=26 time=61.2 ms
08-10 23:33:43.325 24975 25049 D cellinfo: 46 bytes from 44.241.174.93: icmp_seq=353 ttl=26 time=61.6 ms
08-10 23:33:43.540 24975 25049 D cellinfo: 46 bytes from 44.241.174.93: icmp_seq=354 ttl=26 time=76.4 ms
08-10 23:33:43.570 24975 24975 D cellinfo: Latitude is 39.7905019
08-10 23:33:43.570 24975 24975 D cellinfo: Longitude is -104.9890005
08-10 23:33:43.570 24975 24975 D cellinfo: Instantaneous GPS information: United States, 5161 Bannock St, Denver, CO 80216, USA
08-10 23:33:43.570 24975 24975 D cellinfo: getCurrentLocation() result: Location (success): 39.7905019, -104.9890005
08-10 23:33:43.603 24975 24975 D cellinfo: onCellInfoChanged: Operator: Verizon Wireless UpdateTimestamp: 30856905 CellConnectionStatus: 1
08-10 23:33:43.603 24975 24975 D cellinfo: onCellInfoChanged: 5G-NR Cell Bands: [] ARFCN: 177000 Cell ID: 9223372036854775807 Physical Cell ID: 49 Tracking Area Code: 16777215
08-10 23:33:43.757 24975 25049 D cellinfo: 46 bytes from 44.241.174.93: icmp_seq=355 ttl=26 time=92.2 ms
08-10 23:33:43.932 24975 25049 D cellinfo: 46 bytes from 44.241.174.93: icmp_seq=356 ttl=26 time=66.1 ms
08-10 23:33:44.132 24975 25049 D cellinfo: 46 bytes from 44.241.174.93: icmp_seq=357 ttl=26 time=64.8 ms
08-10 23:33:44.337 24975 25049 D cellinfo: 46 bytes from 44.241.174.93: icmp_seq=358 ttl=26 time=69.2 ms
08-10 23:33:44.749 24975 25049 D cellinfo: 46 bytes from 44.241.174.93: icmp_seq=359 ttl=26 time=280 ms
08-10 23:33:44.775 24975 25049 D cellinfo: 46 bytes from 44.241.174.93: icmp_seq=360 ttl=26 time=102 ms
08-10 23:33:44.938 24975 25049 D cellinfo: 46 bytes from 44.241.174.93: icmp_seq=361 ttl=26 time=64.7 ms
08-10 23:33:45.192 24975 25049 D cellinfo: 46 bytes from 44.241.174.93: icmp_seq=362 ttl=26 time=117 ms
08-10 23:33:45.352 24975 25049 D cellinfo: 46 bytes from 44.241.174.93: icmp_seq=363 ttl=26 time=76.9 ms
08-10 23:33:45.556 24975 25049 D cellinfo: 46 bytes from 44.241.174.93: icmp_seq=364 ttl=26 time=79.9 ms
08-10 23:33:45.738 24975 25049 D cellinfo: 46 bytes from 44.241.174.93: icmp_seq=365 ttl=26 time=61.1 ms
08-10 23:33:46.036 24975 24975 D cellinfo: onsignalStrengthsChanged: LTE Signal Strength info: rsrp: -77 rsrq: -12 rssi: -57 rssnr: -6
08-10 23:33:46.079 24975 24975 D cellinfo: onServiceStateChanged: Channel Number: 66586 Cell Bandwidths: [10000, 10000, 10000, 10000]
08-10 23:33:46.138 24975 24975 D cellinfo: onServiceStateChanged: Channel Number: 66586 Cell Bandwidths: [10000, 10000]
08-10 23:33:46.388 24975 25049 D cellinfo: 46 bytes from 44.241.174.93: icmp_seq=367 ttl=26 time=308 ms
08-10 23:33:46.570 24975 24975 D cellinfo: Latitude is 39.7905019
08-10 23:33:46.570 24975 24975 D cellinfo: Longitude is -104.9890005
08-10 23:33:46.570 24975 24975 D cellinfo: Instantaneous GPS information: United States, 5161 Bannock St, Denver, CO 80216, USA
08-10 23:33:46.570 24975 24975 D cellinfo: getCurrentLocation() result: Location (success): 39.7905019, -104.9890005
08-10 23:33:46.603 24975 24975 D cellinfo: onCellInfoChanged: Operator: Verizon Wireless UpdateTimestamp: 30859905 CellConnectionStatus: 1
08-10 23:33:46.603 24975 24975 D cellinfo: onCellInfoChanged: 5G-NR Cell Bands: [] ARFCN: 177000 Cell ID: 9223372036854775807 Physical Cell ID: 49 Tracking Area Code: 16777215
08-10 23:33:46.657 24975 25049 D cellinfo: 46 bytes from 44.241.174.93: icmp_seq=368 ttl=26 time=371 ms
08-10 23:33:46.657 24975 25049 D cellinfo: 46 bytes from 44.241.174.93: icmp_seq=369 ttl=26 time=171 ms
08-10 23:33:46.851 24975 25049 D cellinfo: 46 bytes from 44.241.174.93: icmp_seq=370 ttl=26 time=165 ms
08-10 23:33:46.945 24975 25049 D cellinfo: 46 bytes from 44.241.174.93: icmp_seq=371 ttl=26 time=58.6 ms
08-10 23:33:47.151 24975 25049 D cellinfo: 46 bytes from 44.241.174.93: icmp_seq=372 ttl=26 time=64.5 ms
08-10 23:33:47.373 24975 25049 D cellinfo: 46 bytes from 44.241.174.93: icmp_seq=373 ttl=26 time=85.6 ms
08-10 23:33:47.572 24975 25049 D cellinfo: 46 bytes from 44.241.174.93: icmp_seq=374 ttl=26 time=83.2 ms
08-10 23:33:47.770 24975 25049 D cellinfo: 46 bytes from 44.241.174.93: icmp_seq=375 ttl=26 time=80.3 ms
08-10 23:33:47.951 24975 25049 D cellinfo: 46 bytes from 44.241.174.93: icmp_seq=376 ttl=26 time=60.3 ms
08-10 23:33:48.170 24975 25049 D cellinfo: 46 bytes from 44.241.174.93: icmp_seq=377 ttl=26 time=78.0 ms
08-10 23:33:48.379 24975 25049 D cellinfo: 46 bytes from 44.241.174.93: icmp_seq=378 ttl=26 time=86.0 ms
08-10 23:33:48.571 24975 25049 D cellinfo: 46 bytes from 44.241.174.93: icmp_seq=379 ttl=26 time=76.9 ms
08-10 23:33:48.771 24975 25049 D cellinfo: 46 bytes from 44.241.174.93: icmp_seq=380 ttl=26 time=76.3 ms
08-10 23:33:48.977 24975 25049 D cellinfo: 46 bytes from 44.241.174.93: icmp_seq=381 ttl=26 time=81.4 ms
08-10 23:33:49.170 24975 25049 D cellinfo: 46 bytes from 44.241.174.93: icmp_seq=382 ttl=26 time=74.3 ms
08-10 23:33:49.370 24975 24975 D cellinfo: onsignalStrengthsChanged: LTE Signal Strength info: rsrp: -67 rsrq: -12 rssi: -51 rssnr: 16
08-10 23:33:49.371 24975 24975 D cellinfo: onsignalStrengthsChanged: 5G-NR Signal Strength info: ssrsrp: -58 ssrsrq: -11 sssinr: 21
08-10 23:33:49.390 24975 25049 D cellinfo: 46 bytes from 44.241.174.93: icmp_seq=383 ttl=26 time=93.0 ms
08-10 23:33:49.569 24975 24975 D cellinfo: Latitude is 39.7905019
08-10 23:33:49.569 24975 24975 D cellinfo: Longitude is -104.9890005
08-10 23:33:49.569 24975 24975 D cellinfo: Instantaneous GPS information: United States, 5161 Bannock St, Denver, CO 80216, USA
08-10 23:33:49.569 24975 24975 D cellinfo: getCurrentLocation() result: Location (success): 39.7905019, -104.9890005
08-10 23:33:49.570 24975 25049 D cellinfo: 46 bytes from 44.241.174.93: icmp_seq=384 ttl=26 time=72.7 ms
08-10 23:33:49.609 24975 24975 D cellinfo: onCellInfoChanged: Operator: Verizon Wireless UpdateTimestamp: 30862910 CellConnectionStatus: 1
08-10 23:33:49.609 24975 24975 D cellinfo: onCellInfoChanged: 5G-NR Cell Bands: [] ARFCN: 177000 Cell ID: 9223372036854775807 Physical Cell ID: 48 Tracking Area Code: 16777215
08-10 23:33:49.758 24975 25049 D cellinfo: 46 bytes from 44.241.174.93: icmp_seq=385 ttl=26 time=59.8 ms
08-10 23:33:49.971 24975 25049 D cellinfo: 46 bytes from 44.241.174.93: icmp_seq=386 ttl=26 time=72.0 ms
08-10 23:33:50.190 24975 25049 D cellinfo: 46 bytes from 44.241.174.93: icmp_seq=387 ttl=26 time=90.7 ms
08-10 23:33:50.361 24975 25049 D cellinfo: 46 bytes from 44.241.174.93: icmp_seq=388 ttl=26 time=61.5 ms
08-10 23:33:50.596 24975 25049 D cellinfo: 46 bytes from 44.241.174.93: icmp_seq=389 ttl=26 time=95.4 ms
08-10 23:33:50.771 24975 25049 D cellinfo: 46 bytes from 44.241.174.93: icmp_seq=390 ttl=26 time=69.2 ms
08-10 23:33:50.991 24975 25049 D cellinfo: 46 bytes from 44.241.174.93: icmp_seq=391 ttl=26 time=88.2 ms
08-10 23:33:51.176 24975 25049 D cellinfo: 46 bytes from 44.241.174.93: icmp_seq=392 ttl=26 time=72.7 ms
08-10 23:33:51.391 24975 25049 D cellinfo: 46 bytes from 44.241.174.93: icmp_seq=393 ttl=26 time=87.1 ms
08-10 23:33:51.571 24975 25049 D cellinfo: 46 bytes from 44.241.174.93: icmp_seq=394 ttl=26 time=66.1 ms
08-10 23:33:51.795 24975 25049 D cellinfo: 46 bytes from 44.241.174.93: icmp_seq=395 ttl=26 time=88.6 ms
08-10 23:33:51.986 24975 25049 D cellinfo: 46 bytes from 44.241.174.93: icmp_seq=396 ttl=26 time=79.1 ms
08-10 23:33:52.199 24975 25049 D cellinfo: 46 bytes from 44.241.174.93: icmp_seq=397 ttl=26 time=89.5 ms
08-10 23:33:52.371 24975 25049 D cellinfo: 46 bytes from 44.241.174.93: icmp_seq=398 ttl=26 time=62.3 ms
08-10 23:33:52.605 24975 25049 D cellinfo: 46 bytes from 44.241.174.93: icmp_seq=399 ttl=26 time=95.7 ms
08-10 23:33:52.605 24975 24975 D cellinfo: onCellInfoChanged: Operator: Verizon Wireless UpdateTimestamp: 30865906 CellConnectionStatus: 1
08-10 23:33:52.606 24975 24975 D cellinfo: onCellInfoChanged: 5G-NR Cell Bands: [] ARFCN: 177000 Cell ID: 9223372036854775807 Physical Cell ID: 48 Tracking Area Code: 16777215
08-10 23:33:52.776 24975 25049 D cellinfo: 46 bytes from 44.241.174.93: icmp_seq=400 ttl=26 time=66.2 ms
08-10 23:33:52.972 24975 25049 D cellinfo: 46 bytes from 44.241.174.93: icmp_seq=401 ttl=26 time=61.5 ms
08-10 23:33:53.192 24975 25049 D cellinfo: 46 bytes from 44.241.174.93: icmp_seq=402 ttl=26 time=80.5 ms
08-10 23:33:53.398 24975 25049 D cellinfo: 46 bytes from 44.241.174.93: icmp_seq=403 ttl=26 time=84.8 ms
08-10 23:33:53.591 24975 25049 D cellinfo: 46 bytes from 44.241.174.93: icmp_seq=404 ttl=26 time=76.8 ms
08-10 23:33:53.675 24975 24975 D cellinfo: Latitude is 39.7872778
08-10 23:33:53.675 24975 24975 D cellinfo: Longitude is -104.9895212
08-10 23:33:53.675 24975 24975 D cellinfo: Instantaneous GPS information: United States, 4990 Acoma St, Denver, CO 80216, USA
08-10 23:33:53.675 24975 24975 D cellinfo: getCurrentLocation() result: Location (success): 39.7872778, -104.9895212
08-10 23:33:53.786 24975 25049 D cellinfo: 46 bytes from 44.241.174.93: icmp_seq=405 ttl=26 time=71.5 ms
08-10 23:33:54.073 24975 24975 D cellinfo: onServiceStateChanged: Channel Number: 66586 Cell Bandwidths: [10000, 10000]
08-10 23:33:54.201 24975 25049 D cellinfo: 46 bytes from 44.241.174.93: icmp_seq=407 ttl=26 time=76.4 ms
08-10 23:33:54.413 24975 25049 D cellinfo: 46 bytes from 44.241.174.93: icmp_seq=408 ttl=26 time=87.4 ms
08-10 23:33:54.604 24975 25049 D cellinfo: 46 bytes from 44.241.174.93: icmp_seq=409 ttl=26 time=78.1 ms
08-10 23:33:54.815 24975 25049 D cellinfo: 46 bytes from 44.241.174.93: icmp_seq=410 ttl=26 time=87.9 ms
08-10 23:33:55.000 24975 25049 D cellinfo: 46 bytes from 44.241.174.93: icmp_seq=411 ttl=26 time=71.9 ms
08-10 23:33:55.009 24975 24975 D cellinfo: onsignalStrengthsChanged: LTE Signal Strength info: rsrp: -78 rsrq: -11 rssi: -59 rssnr: 9
08-10 23:33:55.009 24975 24975 D cellinfo: onsignalStrengthsChanged: 5G-NR Signal Strength info: ssrsrp: -78 ssrsrq: -15 sssinr: 1
08-10 23:33:55.320 24975 25049 D cellinfo: 46 bytes from 44.241.174.93: icmp_seq=412 ttl=26 time=191 ms
08-10 23:33:55.397 24975 25049 D cellinfo: 46 bytes from 44.241.174.93: icmp_seq=413 ttl=26 time=68.7 ms
08-10 23:33:55.569 24975 24975 D cellinfo: Latitude is 39.7872778
08-10 23:33:55.569 24975 24975 D cellinfo: Longitude is -104.9895212
08-10 23:33:55.569 24975 24975 D cellinfo: Instantaneous GPS information: United States, 4990 Acoma St, Denver, CO 80216, USA
08-10 23:33:55.569 24975 24975 D cellinfo: getCurrentLocation() result: Location (success): 39.7872778, -104.9895212
08-10 23:33:55.601 24975 25049 D cellinfo: 46 bytes from 44.241.174.93: icmp_seq=414 ttl=26 time=72.2 ms
08-10 23:33:55.608 24975 24975 D cellinfo: onCellInfoChanged: Operator: Verizon Wireless UpdateTimestamp: 30868905 CellConnectionStatus: 1
08-10 23:33:55.608 24975 24975 D cellinfo: onCellInfoChanged: 5G-NR Cell Bands: [] ARFCN: 177000 Cell ID: 9223372036854775807 Physical Cell ID: 50 Tracking Area Code: 16777215
08-10 23:33:55.880 24975 25049 D cellinfo: 46 bytes from 44.241.174.93: icmp_seq=415 ttl=26 time=150 ms
08-10 23:33:55.881 24975 25049 D cellinfo: 46 bytes from 44.241.174.93: icmp_seq=415 ttl=26 time=150 ms (DUP!)
08-10 23:33:56.014 24975 25049 D cellinfo: 46 bytes from 44.241.174.93: icmp_seq=416 ttl=26 time=83.7 ms
08-10 23:33:56.217 24975 25049 D cellinfo: 46 bytes from 44.241.174.93: icmp_seq=417 ttl=26 time=86.9 ms
08-10 23:33:56.400 24975 25049 D cellinfo: 46 bytes from 44.241.174.93: icmp_seq=418 ttl=26 time=68.9 ms
08-10 23:33:56.651 24975 25049 D cellinfo: 46 bytes from 44.241.174.93: icmp_seq=419 ttl=26 time=119 ms
08-10 23:33:56.797 24975 25049 D cellinfo: 46 bytes from 44.241.174.93: icmp_seq=420 ttl=26 time=64.4 ms
08-10 23:33:57.017 24975 25049 D cellinfo: 46 bytes from 44.241.174.93: icmp_seq=421 ttl=26 time=84.3 ms
08-10 23:33:57.194 24975 25049 D cellinfo: 46 bytes from 44.241.174.93: icmp_seq=422 ttl=26 time=60.8 ms
08-10 23:33:57.425 24975 25049 D cellinfo: 46 bytes from 44.241.174.93: icmp_seq=423 ttl=26 time=92.6 ms
08-10 23:33:57.601 24975 25049 D cellinfo: 46 bytes from 44.241.174.93: icmp_seq=424 ttl=26 time=67.8 ms
08-10 23:33:57.808 24975 25049 D cellinfo: 46 bytes from 44.241.174.93: icmp_seq=425 ttl=26 time=74.7 ms
08-10 23:33:58.018 24975 25049 D cellinfo: 46 bytes from 44.241.174.93: icmp_seq=426 ttl=26 time=82.8 ms
08-10 23:33:58.080 24975 24975 D cellinfo: onsignalStrengthsChanged: LTE Signal Strength info: rsrp: -66 rsrq: -11 rssi: -51 rssnr: 23
08-10 23:33:58.080 24975 24975 D cellinfo: onsignalStrengthsChanged: 5G-NR Signal Strength info: ssrsrp: -72 ssrsrq: -12 sssinr: 7
08-10 23:33:58.219 24975 25049 D cellinfo: 46 bytes from 44.241.174.93: icmp_seq=427 ttl=26 time=85.0 ms
08-10 23:33:58.428 24975 25049 D cellinfo: 46 bytes from 44.241.174.93: icmp_seq=428 ttl=26 time=93.4 ms
08-10 23:33:58.577 24975 24975 D cellinfo: Latitude is 39.7872778
08-10 23:33:58.577 24975 24975 D cellinfo: Longitude is -104.9895212
08-10 23:33:58.577 24975 24975 D cellinfo: Instantaneous GPS information: United States, 4990 Acoma St, Denver, CO 80216, USA
08-10 23:33:58.577 24975 24975 D cellinfo: getCurrentLocation() result: Location (success): 39.7872778, -104.9895212
08-10 23:33:58.608 24975 25049 D cellinfo: 46 bytes from 44.241.174.93: icmp_seq=429 ttl=26 time=72.0 ms
08-10 23:33:58.614 24975 24975 D cellinfo: onCellInfoChanged: Operator: Verizon Wireless UpdateTimestamp: 30871912 CellConnectionStatus: 1
08-10 23:33:58.614 24975 24975 D cellinfo: onCellInfoChanged: 5G-NR Cell Bands: [] ARFCN: 177000 Cell ID: 9223372036854775807 Physical Cell ID: 50 Tracking Area Code: 16777215
08-10 23:33:58.803 24975 25049 D cellinfo: 46 bytes from 44.241.174.93: icmp_seq=430 ttl=26 time=66.8 ms
08-10 23:33:59.013 24975 25049 D cellinfo: 46 bytes from 44.241.174.93: icmp_seq=431 ttl=26 time=76.3 ms
08-10 23:33:59.212 24975 25049 D cellinfo: 46 bytes from 44.241.174.93: icmp_seq=432 ttl=26 time=74.5 ms
08-10 23:33:59.416 24975 25049 D cellinfo: 46 bytes from 44.241.174.93: icmp_seq=433 ttl=26 time=77.2 ms
08-10 23:33:59.616 24975 25049 D cellinfo: 46 bytes from 44.241.174.93: icmp_seq=434 ttl=26 time=76.0 ms
08-10 23:33:59.822 24975 25049 D cellinfo: 46 bytes from 44.241.174.93: icmp_seq=435 ttl=26 time=81.1 ms
08-10 23:34:00.041 24975 25049 D cellinfo: 46 bytes from 44.241.174.93: icmp_seq=436 ttl=26 time=98.7 ms
08-10 23:34:00.214 24975 25049 D cellinfo: 46 bytes from 44.241.174.93: icmp_seq=437 ttl=26 time=72.0 ms
08-10 23:34:00.405 24975 25049 D cellinfo: 46 bytes from 44.241.174.93: icmp_seq=438 ttl=26 time=62.9 ms
08-10 23:34:00.619 24975 25049 D cellinfo: 46 bytes from 44.241.174.93: icmp_seq=439 ttl=26 time=75.7 ms
08-10 23:34:00.817 24975 25049 D cellinfo: 46 bytes from 44.241.174.93: icmp_seq=440 ttl=26 time=73.2 ms
08-10 23:34:01.014 24975 25049 D cellinfo: 46 bytes from 44.241.174.93: icmp_seq=441 ttl=26 time=69.6 ms
08-10 23:34:01.216 24975 25049 D cellinfo: 46 bytes from 44.241.174.93: icmp_seq=442 ttl=26 time=71.8 ms
08-10 23:34:01.430 24975 25049 D cellinfo: 46 bytes from 44.241.174.93: icmp_seq=443 ttl=26 time=85.2 ms
08-10 23:34:01.570 24975 24975 D cellinfo: Latitude is 39.7872778
08-10 23:34:01.570 24975 24975 D cellinfo: Longitude is -104.9895212
08-10 23:34:01.570 24975 24975 D cellinfo: Instantaneous GPS information: United States, 4990 Acoma St, Denver, CO 80216, USA
08-10 23:34:01.570 24975 24975 D cellinfo: getCurrentLocation() result: Location (success): 39.7872778, -104.9895212
08-10 23:34:01.610 24975 24975 D cellinfo: onCellInfoChanged: Operator: Verizon Wireless UpdateTimestamp: 30874909 CellConnectionStatus: 1
08-10 23:34:01.610 24975 24975 D cellinfo: onCellInfoChanged: 5G-NR Cell Bands: [] ARFCN: 177000 Cell ID: 9223372036854775807 Physical Cell ID: 50 Tracking Area Code: 16777215
08-10 23:34:01.622 24975 25049 D cellinfo: 46 bytes from 44.241.174.93: icmp_seq=444 ttl=26 time=76.6 ms
08-10 23:34:01.815 24975 25049 D cellinfo: 46 bytes from 44.241.174.93: icmp_seq=445 ttl=26 time=69.4 ms
08-10 23:34:02.029 24975 25049 D cellinfo: 46 bytes from 44.241.174.93: icmp_seq=446 ttl=26 time=81.0 ms
08-10 23:34:02.224 24975 25049 D cellinfo: 46 bytes from 44.241.174.93: icmp_seq=447 ttl=26 time=77.0 ms
08-10 23:34:02.425 24975 25049 D cellinfo: 46 bytes from 44.241.174.93: icmp_seq=448 ttl=26 time=76.4 ms
08-10 23:34:02.627 24975 25049 D cellinfo: 46 bytes from 44.241.174.93: icmp_seq=449 ttl=26 time=79.2 ms
08-10 23:34:02.824 24975 25049 D cellinfo: 46 bytes from 44.241.174.93: icmp_seq=450 ttl=26 time=75.4 ms
08-10 23:34:03.025 24975 25049 D cellinfo: 46 bytes from 44.241.174.93: icmp_seq=451 ttl=26 time=74.5 ms
08-10 23:34:03.232 24975 25049 D cellinfo: 46 bytes from 44.241.174.93: icmp_seq=452 ttl=26 time=82.3 ms
08-10 23:34:03.414 24975 25049 D cellinfo: 46 bytes from 44.241.174.93: icmp_seq=453 ttl=26 time=63.7 ms
08-10 23:34:03.637 24975 25049 D cellinfo: 46 bytes from 44.241.174.93: icmp_seq=454 ttl=26 time=85.1 ms
08-10 23:34:03.830 24975 25049 D cellinfo: 46 bytes from 44.241.174.93: icmp_seq=455 ttl=26 time=77.9 ms
08-10 23:34:04.018 24975 25049 D cellinfo: 46 bytes from 44.241.174.93: icmp_seq=456 ttl=26 time=65.3 ms
08-10 23:34:04.198 24975 24975 D cellinfo: onsignalStrengthsChanged: LTE Signal Strength info: rsrp: -67 rsrq: -12 rssi: -51 rssnr: 6
08-10 23:34:04.198 24975 24975 D cellinfo: onsignalStrengthsChanged: 5G-NR Signal Strength info: ssrsrp: -70 ssrsrq: -10 sssinr: 17
08-10 23:34:04.219 24975 25049 D cellinfo: 46 bytes from 44.241.174.93: icmp_seq=457 ttl=26 time=66.6 ms
08-10 23:34:04.435 24975 25049 D cellinfo: 46 bytes from 44.241.174.93: icmp_seq=458 ttl=26 time=82.6 ms
08-10 23:34:04.600 24975 24975 D cellinfo: onCellInfoChanged: Operator: Verizon Wireless UpdateTimestamp: 30877900 CellConnectionStatus: 1
08-10 23:34:04.600 24975 24975 D cellinfo: onCellInfoChanged: 5G-NR Cell Bands: [] ARFCN: 177000 Cell ID: 9223372036854775807 Physical Cell ID: 50 Tracking Area Code: 16777215
08-10 23:34:04.656 24975 25049 D cellinfo: 46 bytes from 44.241.174.93: icmp_seq=459 ttl=26 time=101 ms
08-10 23:34:04.828 24975 25049 D cellinfo: 46 bytes from 44.241.174.93: icmp_seq=460 ttl=26 time=73.0 ms
08-10 23:34:05.017 24975 25049 D cellinfo: 46 bytes from 44.241.174.93: icmp_seq=461 ttl=26 time=61.6 ms
08-10 23:34:05.236 24975 25049 D cellinfo: 46 bytes from 44.241.174.93: icmp_seq=462 ttl=26 time=80.7 ms
08-10 23:34:05.415 24975 25049 D cellinfo: 46 bytes from 44.241.174.93: icmp_seq=463 ttl=26 time=59.8 ms
08-10 23:34:05.601 24975 24975 D cellinfo: Latitude is 39.7839733
08-10 23:34:05.601 24975 24975 D cellinfo: Longitude is -104.9895454
08-10 23:34:05.601 24975 24975 D cellinfo: Instantaneous GPS information: United States, I-25, Denver, CO 80216, USA
08-10 23:34:05.601 24975 24975 D cellinfo: getCurrentLocation() result: Location (success): 39.7839733, -104.9895454
08-10 23:34:05.616 24975 25049 D cellinfo: 46 bytes from 44.241.174.93: icmp_seq=464 ttl=26 time=59.9 ms
08-10 23:34:05.824 24975 25049 D cellinfo: 46 bytes from 44.241.174.93: icmp_seq=465 ttl=26 time=66.5 ms
08-10 23:34:06.042 24975 25049 D cellinfo: 46 bytes from 44.241.174.93: icmp_seq=466 ttl=26 time=83.8 ms
08-10 23:34:06.234 24975 25049 D cellinfo: 46 bytes from 44.241.174.93: icmp_seq=467 ttl=26 time=76.4 ms
08-10 23:34:06.437 24975 25049 D cellinfo: 46 bytes from 44.241.174.93: icmp_seq=468 ttl=26 time=79.0 ms
08-10 23:34:06.637 24975 25049 D cellinfo: 46 bytes from 44.241.174.93: icmp_seq=469 ttl=26 time=78.4 ms
08-10 23:34:06.844 24975 25049 D cellinfo: 46 bytes from 44.241.174.93: icmp_seq=470 ttl=26 time=85.1 ms
08-10 23:34:07.040 24975 25049 D cellinfo: 46 bytes from 44.241.174.93: icmp_seq=471 ttl=26 time=79.5 ms
08-10 23:34:07.237 24975 25049 D cellinfo: 46 bytes from 44.241.174.93: icmp_seq=472 ttl=26 time=77.3 ms
08-10 23:34:07.423 24975 25049 D cellinfo: 46 bytes from 44.241.174.93: icmp_seq=473 ttl=26 time=62.9 ms
08-10 23:34:07.571 24975 24975 D cellinfo: Latitude is 39.7839733
08-10 23:34:07.571 24975 24975 D cellinfo: Longitude is -104.9895454
08-10 23:34:07.571 24975 24975 D cellinfo: Instantaneous GPS information: United States, I-25, Denver, CO 80216, USA
08-10 23:34:07.571 24975 24975 D cellinfo: getCurrentLocation() result: Location (success): 39.7839733, -104.9895454
08-10 23:34:07.613 24975 24975 D cellinfo: onCellInfoChanged: Operator: Verizon Wireless UpdateTimestamp: 30880912 CellConnectionStatus: 1
08-10 23:34:07.613 24975 24975 D cellinfo: onCellInfoChanged: 5G-NR Cell Bands: [] ARFCN: 177000 Cell ID: 9223372036854775807 Physical Cell ID: 50 Tracking Area Code: 16777215
08-10 23:34:07.637 24975 25049 D cellinfo: 46 bytes from 44.241.174.93: icmp_seq=474 ttl=26 time=76.1 ms
08-10 23:34:07.717 24975 24975 D cellinfo: onsignalStrengthsChanged: LTE Signal Strength info: rsrp: -74 rsrq: -11 rssi: -55 rssnr: 21
08-10 23:34:07.717 24975 24975 D cellinfo: onsignalStrengthsChanged: 5G-NR Signal Strength info: ssrsrp: -77 ssrsrq: -11 sssinr: 7
08-10 23:34:07.820 24975 25049 D cellinfo: 46 bytes from 44.241.174.93: icmp_seq=475 ttl=26 time=57.9 ms
08-10 23:34:08.038 24975 25049 D cellinfo: 46 bytes from 44.241.174.93: icmp_seq=476 ttl=26 time=75.3 ms
08-10 23:34:08.225 24975 25049 D cellinfo: 46 bytes from 44.241.174.93: icmp_seq=477 ttl=26 time=63.1 ms
08-10 23:34:08.438 24975 25049 D cellinfo: 46 bytes from 44.241.174.93: icmp_seq=478 ttl=26 time=75.0 ms
08-10 23:34:08.645 24975 25049 D cellinfo: 46 bytes from 44.241.174.93: icmp_seq=479 ttl=26 time=80.8 ms
08-10 23:34:08.841 24975 25049 D cellinfo: 46 bytes from 44.241.174.93: icmp_seq=480 ttl=26 time=76.6 ms
08-10 23:34:09.032 24975 25049 D cellinfo: 46 bytes from 44.241.174.93: icmp_seq=481 ttl=26 time=66.5 ms
08-10 23:34:09.296 24975 25049 D cellinfo: 46 bytes from 44.241.174.93: icmp_seq=482 ttl=26 time=130 ms
08-10 23:34:09.436 24975 25049 D cellinfo: 46 bytes from 44.241.174.93: icmp_seq=483 ttl=26 time=70.2 ms
08-10 23:34:09.648 24975 25049 D cellinfo: 46 bytes from 44.241.174.93: icmp_seq=484 ttl=26 time=80.8 ms
08-10 23:34:09.836 24975 25049 D cellinfo: 46 bytes from 44.241.174.93: icmp_seq=485 ttl=26 time=67.6 ms
08-10 23:34:10.037 24975 25049 D cellinfo: 46 bytes from 44.241.174.93: icmp_seq=486 ttl=26 time=67.6 ms
08-10 23:34:10.250 24975 25049 D cellinfo: 46 bytes from 44.241.174.93: icmp_seq=487 ttl=26 time=81.8 ms
08-10 23:34:10.444 24975 25049 D cellinfo: 46 bytes from 44.241.174.93: icmp_seq=488 ttl=26 time=74.6 ms
08-10 23:34:10.569 24975 24975 D cellinfo: Latitude is 39.7839733
08-10 23:34:10.569 24975 24975 D cellinfo: Longitude is -104.9895454
08-10 23:34:10.569 24975 24975 D cellinfo: Instantaneous GPS information: United States, I-25, Denver, CO 80216, USA
08-10 23:34:10.569 24975 24975 D cellinfo: getCurrentLocation() result: Location (success): 39.7839733, -104.9895454
08-10 23:34:10.617 24975 24975 D cellinfo: onCellInfoChanged: Operator: Verizon Wireless UpdateTimestamp: 30883919 CellConnectionStatus: 1
08-10 23:34:10.617 24975 24975 D cellinfo: onCellInfoChanged: 5G-NR Cell Bands: [] ARFCN: 177000 Cell ID: 9223372036854775807 Physical Cell ID: 50 Tracking Area Code: 16777215
08-10 23:34:10.647 24975 25049 D cellinfo: 46 bytes from 44.241.174.93: icmp_seq=489 ttl=26 time=77.1 ms
08-10 23:34:10.836 24975 25049 D cellinfo: 46 bytes from 44.241.174.93: icmp_seq=490 ttl=26 time=65.0 ms
08-10 23:34:11.058 24975 25049 D cellinfo: 46 bytes from 44.241.174.93: icmp_seq=491 ttl=26 time=86.1 ms
08-10 23:34:11.238 24975 25049 D cellinfo: 46 bytes from 44.241.174.93: icmp_seq=492 ttl=26 time=66.5 ms
08-10 23:34:11.441 24975 25049 D cellinfo: 46 bytes from 44.241.174.93: icmp_seq=493 ttl=26 time=68.8 ms
08-10 23:34:11.650 24975 25049 D cellinfo: 46 bytes from 44.241.174.93: icmp_seq=494 ttl=26 time=77.9 ms
08-10 23:34:11.857 24975 25049 D cellinfo: 46 bytes from 44.241.174.93: icmp_seq=495 ttl=26 time=83.2 ms
08-10 23:34:12.048 24975 25049 D cellinfo: 46 bytes from 44.241.174.93: icmp_seq=496 ttl=26 time=73.7 ms
08-10 23:34:12.248 24975 25049 D cellinfo: 46 bytes from 44.241.174.93: icmp_seq=497 ttl=26 time=73.7 ms
08-10 23:34:12.457 24975 25049 D cellinfo: 46 bytes from 44.241.174.93: icmp_seq=498 ttl=26 time=81.7 ms
08-10 23:34:12.699 24975 25049 D cellinfo: 46 bytes from 44.241.174.93: icmp_seq=499 ttl=26 time=123 ms
08-10 23:34:12.844 24975 25049 D cellinfo: 46 bytes from 44.241.174.93: icmp_seq=500 ttl=26 time=68.1 ms
08-10 23:34:13.053 24975 25049 D cellinfo: 46 bytes from 44.241.174.93: icmp_seq=501 ttl=26 time=76.4 ms
08-10 23:34:13.254 24975 25049 D cellinfo: 46 bytes from 44.241.174.93: icmp_seq=502 ttl=26 time=76.9 ms
08-10 23:34:13.457 24975 25049 D cellinfo: 46 bytes from 44.241.174.93: icmp_seq=503 ttl=26 time=79.1 ms
08-10 23:34:13.567 24975 24975 D cellinfo: Latitude is 39.7839733
08-10 23:34:13.567 24975 24975 D cellinfo: Longitude is -104.9895454
08-10 23:34:13.567 24975 24975 D cellinfo: Instantaneous GPS information: United States, I-25, Denver, CO 80216, USA
08-10 23:34:13.567 24975 24975 D cellinfo: getCurrentLocation() result: Location (success): 39.7839733, -104.9895454
08-10 23:34:13.611 24975 24975 D cellinfo: onCellInfoChanged: Operator: Verizon Wireless UpdateTimestamp: 30886911 CellConnectionStatus: 1
08-10 23:34:13.611 24975 24975 D cellinfo: onCellInfoChanged: 5G-NR Cell Bands: [] ARFCN: 177000 Cell ID: 9223372036854775807 Physical Cell ID: 50 Tracking Area Code: 16777215
08-10 23:34:13.670 24975 25049 D cellinfo: 46 bytes from 44.241.174.93: icmp_seq=504 ttl=26 time=91.9 ms
08-10 23:34:13.840 24975 25049 D cellinfo: 46 bytes from 44.241.174.93: icmp_seq=505 ttl=26 time=60.7 ms
08-10 23:34:14.058 24975 25049 D cellinfo: 46 bytes from 44.241.174.93: icmp_seq=506 ttl=26 time=78.4 ms
08-10 23:34:14.256 24975 25049 D cellinfo: 46 bytes from 44.241.174.93: icmp_seq=507 ttl=26 time=76.2 ms
08-10 23:34:14.453 24975 25049 D cellinfo: 46 bytes from 44.241.174.93: icmp_seq=508 ttl=26 time=72.3 ms
08-10 23:34:14.693 24975 25049 D cellinfo: 46 bytes from 44.241.174.93: icmp_seq=509 ttl=26 time=110 ms
08-10 23:34:14.847 24975 25049 D cellinfo: 46 bytes from 44.241.174.93: icmp_seq=510 ttl=26 time=65.0 ms
08-10 23:34:15.061 24975 25049 D cellinfo: 46 bytes from 44.241.174.93: icmp_seq=511 ttl=26 time=77.6 ms
08-10 23:34:15.253 24975 25049 D cellinfo: 46 bytes from 44.241.174.93: icmp_seq=512 ttl=26 time=70.5 ms
08-10 23:34:15.449 24975 25049 D cellinfo: 46 bytes from 44.241.174.93: icmp_seq=513 ttl=26 time=66.3 ms
08-10 23:34:15.676 24975 25049 D cellinfo: 46 bytes from 44.241.174.93: icmp_seq=514 ttl=26 time=92.6 ms
08-10 23:34:15.845 24975 25049 D cellinfo: 46 bytes from 44.241.174.93: icmp_seq=515 ttl=26 time=61.0 ms
08-10 23:34:16.177 24975 25049 D cellinfo: 46 bytes from 44.241.174.93: icmp_seq=516 ttl=26 time=191 ms
08-10 23:34:16.264 24975 25049 D cellinfo: 46 bytes from 44.241.174.93: icmp_seq=517 ttl=26 time=79.6 ms
08-10 23:34:16.490 24975 25049 D cellinfo: 46 bytes from 44.241.174.93: icmp_seq=518 ttl=26 time=105 ms
08-10 23:34:16.602 24975 24975 D cellinfo: onCellInfoChanged: Operator: Verizon Wireless UpdateTimestamp: 30889902 CellConnectionStatus: 1
08-10 23:34:16.602 24975 24975 D cellinfo: onCellInfoChanged: 5G-NR Cell Bands: [] ARFCN: 177000 Cell ID: 9223372036854775807 Physical Cell ID: 50 Tracking Area Code: 16777215
08-10 23:34:16.654 24975 25049 D cellinfo: 46 bytes from 44.241.174.93: icmp_seq=519 ttl=26 time=69.2 ms
08-10 23:34:16.890 24975 25049 D cellinfo: 46 bytes from 44.241.174.93: icmp_seq=520 ttl=26 time=104 ms
08-10 23:34:17.059 24975 25049 D cellinfo: 46 bytes from 44.241.174.93: icmp_seq=521 ttl=26 time=72.5 ms
08-10 23:34:17.251 24975 25049 D cellinfo: 46 bytes from 44.241.174.93: icmp_seq=522 ttl=26 time=64.9 ms
08-10 23:34:17.445 24975 25049 D cellinfo: 46 bytes from 44.241.174.93: icmp_seq=523 ttl=26 time=57.9 ms
08-10 23:34:17.657 24975 24975 D cellinfo: Latitude is 39.7807813
08-10 23:34:17.658 24975 24975 D cellinfo: Longitude is -104.989556
08-10 23:34:17.658 24975 24975 D cellinfo: Instantaneous GPS information: United States, Interstate 25 HOV, Denver, CO 80216, USA
08-10 23:34:17.658 24975 24975 D cellinfo: getCurrentLocation() result: Location (success): 39.7807813, -104.989556
08-10 23:34:17.661 24975 25049 D cellinfo: 46 bytes from 44.241.174.93: icmp_seq=524 ttl=26 time=72.3 ms
08-10 23:34:17.853 24975 25049 D cellinfo: 46 bytes from 44.241.174.93: icmp_seq=525 ttl=26 time=63.1 ms
08-10 23:34:18.069 24975 25049 D cellinfo: 46 bytes from 44.241.174.93: icmp_seq=526 ttl=26 time=78.1 ms
08-10 23:34:18.256 24975 25049 D cellinfo: 46 bytes from 44.241.174.93: icmp_seq=527 ttl=26 time=65.6 ms
08-10 23:34:18.469 24975 25049 D cellinfo: 46 bytes from 44.241.174.93: icmp_seq=528 ttl=26 time=77.9 ms
08-10 23:34:18.678 24975 25049 D cellinfo: 46 bytes from 44.241.174.93: icmp_seq=529 ttl=26 time=85.8 ms
08-10 23:34:18.864 24975 25049 D cellinfo: 46 bytes from 44.241.174.93: icmp_seq=530 ttl=26 time=71.5 ms
08-10 23:34:19.240 24975 25049 D cellinfo: 46 bytes from 44.241.174.93: icmp_seq=531 ttl=26 time=247 ms
08-10 23:34:19.258 24975 25049 D cellinfo: 46 bytes from 44.241.174.93: icmp_seq=532 ttl=26 time=62.3 ms
08-10 23:34:19.480 24975 25049 D cellinfo: 46 bytes from 44.241.174.93: icmp_seq=533 ttl=26 time=83.2 ms
08-10 23:34:19.572 24975 24975 D cellinfo: Latitude is 39.7807813
08-10 23:34:19.572 24975 24975 D cellinfo: Longitude is -104.989556
08-10 23:34:19.572 24975 24975 D cellinfo: Instantaneous GPS information: United States, Interstate 25 HOV, Denver, CO 80216, USA
08-10 23:34:19.572 24975 24975 D cellinfo: getCurrentLocation() result: Location (success): 39.7807813, -104.989556
08-10 23:34:19.608 24975 24975 D cellinfo: onCellInfoChanged: Operator: Verizon Wireless UpdateTimestamp: 30892909 CellConnectionStatus: 1
08-10 23:34:19.608 24975 24975 D cellinfo: onCellInfoChanged: 5G-NR Cell Bands: [] ARFCN: 177000 Cell ID: 9223372036854775807 Physical Cell ID: 50 Tracking Area Code: 16777215
08-10 23:34:19.700 24975 25049 D cellinfo: 46 bytes from 44.241.174.93: icmp_seq=534 ttl=26 time=102 ms
08-10 23:34:19.858 24975 25049 D cellinfo: 46 bytes from 44.241.174.93: icmp_seq=535 ttl=26 time=59.3 ms
08-10 23:34:20.080 24975 25049 D cellinfo: 46 bytes from 44.241.174.93: icmp_seq=536 ttl=26 time=80.4 ms
08-10 23:34:20.235 24975 24975 D cellinfo: onsignalStrengthsChanged: LTE Signal Strength info: rsrp: -85 rsrq: -11 rssi: -63 rssnr: 12
08-10 23:34:20.235 24975 24975 D cellinfo: onsignalStrengthsChanged: 5G-NR Signal Strength info: ssrsrp: -84 ssrsrq: -14 sssinr: 5
08-10 23:34:20.270 24975 25049 D cellinfo: 46 bytes from 44.241.174.93: icmp_seq=537 ttl=26 time=70.9 ms
08-10 23:34:20.483 24975 25049 D cellinfo: 46 bytes from 44.241.174.93: icmp_seq=538 ttl=26 time=82.5 ms
08-10 23:34:20.698 24975 25049 D cellinfo: 46 bytes from 44.241.174.93: icmp_seq=539 ttl=26 time=97.0 ms
08-10 23:34:20.866 24975 25049 D cellinfo: 46 bytes from 44.241.174.93: icmp_seq=540 ttl=26 time=64.4 ms
08-10 23:34:21.077 24975 25049 D cellinfo: 46 bytes from 44.241.174.93: icmp_seq=541 ttl=26 time=74.2 ms
08-10 23:34:21.278 24975 25049 D cellinfo: 46 bytes from 44.241.174.93: icmp_seq=542 ttl=26 time=74.2 ms
08-10 23:34:21.479 24975 25049 D cellinfo: 46 bytes from 44.241.174.93: icmp_seq=543 ttl=26 time=73.7 ms
08-10 23:34:21.669 24975 25049 D cellinfo: 46 bytes from 44.241.174.93: icmp_seq=544 ttl=26 time=63.6 ms
08-10 23:34:21.883 24975 25049 D cellinfo: 46 bytes from 44.241.174.93: icmp_seq=545 ttl=26 time=77.0 ms
08-10 23:34:22.090 24975 25049 D cellinfo: 46 bytes from 44.241.174.93: icmp_seq=546 ttl=26 time=83.2 ms
08-10 23:34:22.282 24975 25049 D cellinfo: 46 bytes from 44.241.174.93: icmp_seq=547 ttl=26 time=74.1 ms
08-10 23:34:22.573 24975 24975 D cellinfo: Latitude is 39.7807813
08-10 23:34:22.573 24975 24975 D cellinfo: Longitude is -104.989556
08-10 23:34:22.573 24975 24975 D cellinfo: Instantaneous GPS information: United States, Interstate 25 HOV, Denver, CO 80216, USA
08-10 23:34:22.573 24975 24975 D cellinfo: getCurrentLocation() result: Location (success): 39.7807813, -104.989556
08-10 23:34:22.617 24975 24975 D cellinfo: onCellInfoChanged: Operator: Verizon Wireless UpdateTimestamp: 30895918 CellConnectionStatus: 1
08-10 23:34:22.617 24975 24975 D cellinfo: onCellInfoChanged: 5G-NR Cell Bands: [] ARFCN: 177000 Cell ID: 9223372036854775807 Physical Cell ID: 50 Tracking Area Code: 16777215
08-10 23:34:22.770 24975 25049 D cellinfo: 46 bytes from 44.241.174.93: icmp_seq=548 ttl=26 time=361 ms
08-10 23:34:22.788 24975 25049 D cellinfo: 46 bytes from 44.241.174.93: icmp_seq=549 ttl=26 time=176 ms
08-10 23:34:22.879 24975 25049 D cellinfo: 46 bytes from 44.241.174.93: icmp_seq=550 ttl=26 time=65.8 ms
08-10 23:34:23.093 24975 25049 D cellinfo: 46 bytes from 44.241.174.93: icmp_seq=551 ttl=26 time=78.6 ms
08-10 23:34:23.278 24975 25049 D cellinfo: 46 bytes from 44.241.174.93: icmp_seq=552 ttl=26 time=63.7 ms
08-10 23:34:23.496 24975 25049 D cellinfo: 46 bytes from 44.241.174.93: icmp_seq=553 ttl=26 time=81.4 ms
08-10 23:34:23.689 24975 25049 D cellinfo: 46 bytes from 44.241.174.93: icmp_seq=554 ttl=26 time=72.7 ms
08-10 23:34:23.886 24975 25049 D cellinfo: 46 bytes from 44.241.174.93: icmp_seq=555 ttl=26 time=68.3 ms
08-10 23:34:24.082 24975 25049 D cellinfo: 46 bytes from 44.241.174.93: icmp_seq=556 ttl=26 time=62.5 ms
08-10 23:34:24.242 24975 24975 D cellinfo: onsignalStrengthsChanged: LTE Signal Strength info: rsrp: -93 rsrq: -15 rssi: -67 rssnr: -2
08-10 23:34:24.242 24975 24975 D cellinfo: onsignalStrengthsChanged: 5G-NR Signal Strength info: ssrsrp: -83 ssrsrq: -13 sssinr: 4
08-10 23:34:24.328 24975 25049 D cellinfo: 46 bytes from 44.241.174.93: icmp_seq=557 ttl=26 time=109 ms
08-10 23:34:24.507 24975 25049 D cellinfo: 46 bytes from 44.241.174.93: icmp_seq=558 ttl=26 time=86.8 ms
08-10 23:34:24.700 24975 25049 D cellinfo: 46 bytes from 44.241.174.93: icmp_seq=559 ttl=26 time=79.4 ms
08-10 23:34:24.886 24975 25049 D cellinfo: 46 bytes from 44.241.174.93: icmp_seq=560 ttl=26 time=64.3 ms
08-10 23:34:25.095 24975 25049 D cellinfo: 46 bytes from 44.241.174.93: icmp_seq=561 ttl=26 time=72.2 ms
08-10 23:34:25.298 24975 25049 D cellinfo: 46 bytes from 44.241.174.93: icmp_seq=562 ttl=26 time=73.5 ms
08-10 23:34:25.529 24975 25049 D cellinfo: 46 bytes from 44.241.174.93: icmp_seq=563 ttl=26 time=104 ms
08-10 23:34:25.568 24975 24975 D cellinfo: Latitude is 39.7807813
08-10 23:34:25.568 24975 24975 D cellinfo: Longitude is -104.989556
08-10 23:34:25.568 24975 24975 D cellinfo: Instantaneous GPS information: United States, Interstate 25 HOV, Denver, CO 80216, USA
08-10 23:34:25.568 24975 24975 D cellinfo: getCurrentLocation() result: Location (success): 39.7807813, -104.989556
08-10 23:34:25.609 24975 24975 D cellinfo: onCellInfoChanged: Operator: Verizon Wireless UpdateTimestamp: 30898910 CellConnectionStatus: 1
08-10 23:34:25.609 24975 24975 D cellinfo: onCellInfoChanged: 5G-NR Cell Bands: [] ARFCN: 177000 Cell ID: 9223372036854775807 Physical Cell ID: 50 Tracking Area Code: 16777215
08-10 23:34:25.688 24975 25049 D cellinfo: 46 bytes from 44.241.174.93: icmp_seq=564 ttl=26 time=63.1 ms
08-10 23:34:25.890 24975 25049 D cellinfo: 46 bytes from 44.241.174.93: icmp_seq=565 ttl=26 time=64.2 ms
08-10 23:34:26.210 24975 25049 D cellinfo: 46 bytes from 44.241.174.93: icmp_seq=566 ttl=26 time=183 ms
08-10 23:34:26.294 24975 25049 D cellinfo: 46 bytes from 44.241.174.93: icmp_seq=567 ttl=26 time=66.4 ms
08-10 23:34:26.502 24975 25049 D cellinfo: 46 bytes from 44.241.174.93: icmp_seq=568 ttl=26 time=73.7 ms
08-10 23:34:26.701 24975 25049 D cellinfo: 46 bytes from 44.241.174.93: icmp_seq=569 ttl=26 time=71.9 ms
08-10 23:34:26.907 24975 25049 D cellinfo: 46 bytes from 44.241.174.93: icmp_seq=570 ttl=26 time=76.9 ms
08-10 23:34:27.101 24975 25049 D cellinfo: 46 bytes from 44.241.174.93: icmp_seq=571 ttl=26 time=70.0 ms
08-10 23:34:27.303 24975 25049 D cellinfo: 46 bytes from 44.241.174.93: icmp_seq=572 ttl=26 time=70.2 ms
08-10 23:34:27.506 24975 25049 D cellinfo: 46 bytes from 44.241.174.93: icmp_seq=573 ttl=26 time=72.9 ms
08-10 23:34:27.693 24975 25049 D cellinfo: 46 bytes from 44.241.174.93: icmp_seq=574 ttl=26 time=58.4 ms
08-10 23:34:27.913 24975 25049 D cellinfo: 46 bytes from 44.241.174.93: icmp_seq=575 ttl=26 time=77.4 ms
08-10 23:34:28.110 24975 25049 D cellinfo: 46 bytes from 44.241.174.93: icmp_seq=576 ttl=26 time=73.3 ms
08-10 23:34:28.240 24975 24975 D cellinfo: onsignalStrengthsChanged: LTE Signal Strength info: rsrp: -83 rsrq: -11 rssi: -63 rssnr: 11
08-10 23:34:28.240 24975 24975 D cellinfo: onsignalStrengthsChanged: 5G-NR Signal Strength info: ssrsrp: -80 ssrsrq: -12 sssinr: 9
08-10 23:34:28.315 24975 25049 D cellinfo: 46 bytes from 44.241.174.93: icmp_seq=577 ttl=26 time=77.8 ms
08-10 23:34:28.521 24975 25049 D cellinfo: 46 bytes from 44.241.174.93: icmp_seq=578 ttl=26 time=82.5 ms
08-10 23:34:28.593 24975 24975 D cellinfo: onCellInfoChanged: Operator: Verizon Wireless UpdateTimestamp: 30901893 CellConnectionStatus: 1
08-10 23:34:28.593 24975 24975 D cellinfo: onCellInfoChanged: 5G-NR Cell Bands: [] ARFCN: 177000 Cell ID: 9223372036854775807 Physical Cell ID: 50 Tracking Area Code: 16777215
08-10 23:34:28.706 24975 25049 D cellinfo: 46 bytes from 44.241.174.93: icmp_seq=579 ttl=26 time=67.7 ms
08-10 23:34:28.896 24975 25049 D cellinfo: 46 bytes from 44.241.174.93: icmp_seq=580 ttl=26 time=57.5 ms
08-10 23:34:29.095 24975 25049 D cellinfo: 46 bytes from 44.241.174.93: icmp_seq=581 ttl=26 time=55.4 ms
08-10 23:34:29.341 24975 25049 D cellinfo: 46 bytes from 44.241.174.93: icmp_seq=582 ttl=26 time=100 ms
08-10 23:34:29.510 24975 25049 D cellinfo: 46 bytes from 44.241.174.93: icmp_seq=583 ttl=26 time=68.2 ms
08-10 23:34:29.661 24975 24975 D cellinfo: Latitude is 39.7774174
08-10 23:34:29.661 24975 24975 D cellinfo: Longitude is -104.9895661
08-10 23:34:29.661 24975 24975 D cellinfo: Instantaneous GPS information: United States, 4451 Cahita Ct, Denver, CO 80216, USA
08-10 23:34:29.661 24975 24975 D cellinfo: getCurrentLocation() result: Location (success): 39.7774174, -104.9895661
08-10 23:34:29.704 24975 25049 D cellinfo: 46 bytes from 44.241.174.93: icmp_seq=584 ttl=26 time=62.4 ms
08-10 23:34:29.927 24975 25049 D cellinfo: 46 bytes from 44.241.174.93: icmp_seq=585 ttl=26 time=83.2 ms
08-10 23:34:30.117 24975 25049 D cellinfo: 46 bytes from 44.241.174.93: icmp_seq=586 ttl=26 time=72.8 ms
08-10 23:34:30.319 24975 25049 D cellinfo: 46 bytes from 44.241.174.93: icmp_seq=587 ttl=26 time=74.1 ms
08-10 23:34:30.520 24975 25049 D cellinfo: 46 bytes from 44.241.174.93: icmp_seq=588 ttl=26 time=74.9 ms
08-10 23:34:30.731 24975 25049 D cellinfo: 46 bytes from 44.241.174.93: icmp_seq=589 ttl=26 time=85.0 ms
08-10 23:34:30.918 24975 25049 D cellinfo: 46 bytes from 44.241.174.93: icmp_seq=590 ttl=26 time=71.7 ms
08-10 23:34:31.110 24975 25049 D cellinfo: 46 bytes from 44.241.174.93: icmp_seq=591 ttl=26 time=62.8 ms
08-10 23:34:31.448 24975 25049 D cellinfo: 46 bytes from 44.241.174.93: icmp_seq=592 ttl=26 time=201 ms
08-10 23:34:31.518 24975 25049 D cellinfo: 46 bytes from 44.241.174.93: icmp_seq=593 ttl=26 time=69.1 ms
08-10 23:34:31.569 24975 24975 D cellinfo: Latitude is 39.7774174
08-10 23:34:31.569 24975 24975 D cellinfo: Longitude is -104.9895661
08-10 23:34:31.569 24975 24975 D cellinfo: Instantaneous GPS information: United States, 4451 Cahita Ct, Denver, CO 80216, USA
08-10 23:34:31.569 24975 24975 D cellinfo: getCurrentLocation() result: Location (success): 39.7774174, -104.9895661
08-10 23:34:31.605 24975 24975 D cellinfo: onCellInfoChanged: Operator: Verizon Wireless UpdateTimestamp: 30904906 CellConnectionStatus: 1
08-10 23:34:31.605 24975 24975 D cellinfo: onCellInfoChanged: 5G-NR Cell Bands: [] ARFCN: 177000 Cell ID: 9223372036854775807 Physical Cell ID: 50 Tracking Area Code: 16777215
08-10 23:34:31.813 24975 25049 D cellinfo: 46 bytes from 44.241.174.93: icmp_seq=594 ttl=26 time=163 ms
08-10 23:34:31.921 24975 25049 D cellinfo: 46 bytes from 44.241.174.93: icmp_seq=595 ttl=26 time=69.7 ms
08-10 23:34:32.129 24975 25049 D cellinfo: 46 bytes from 44.241.174.93: icmp_seq=596 ttl=26 time=77.7 ms
08-10 23:34:32.313 24975 25049 D cellinfo: 46 bytes from 44.241.174.93: icmp_seq=597 ttl=26 time=61.5 ms
08-10 23:34:32.534 24975 25049 D cellinfo: 46 bytes from 44.241.174.93: icmp_seq=598 ttl=26 time=81.3 ms
08-10 23:34:32.736 24975 25049 D cellinfo: 46 bytes from 44.241.174.93: icmp_seq=599 ttl=26 time=82.0 ms
08-10 23:34:32.943 24975 24975 D cellinfo: onServiceStateChanged: Channel Number: 66586 Cell Bandwidths: [10000, 10000]
08-10 23:34:33.024 24975 25049 D cellinfo: 46 bytes from 44.241.174.93: icmp_seq=600 ttl=26 time=168 ms
08-10 23:34:33.123 24975 25049 D cellinfo: 46 bytes from 44.241.174.93: icmp_seq=601 ttl=26 time=67.7 ms
08-10 23:34:33.330 24975 25049 D cellinfo: 46 bytes from 44.241.174.93: icmp_seq=602 ttl=26 time=73.9 ms
08-10 23:34:33.522 24975 25049 D cellinfo: 46 bytes from 44.241.174.93: icmp_seq=603 ttl=26 time=65.5 ms
08-10 23:34:33.734 24975 25049 D cellinfo: 46 bytes from 44.241.174.93: icmp_seq=604 ttl=26 time=77.3 ms
08-10 23:34:33.929 24975 25049 D cellinfo: 46 bytes from 44.241.174.93: icmp_seq=605 ttl=26 time=70.8 ms
08-10 23:34:34.135 24975 25049 D cellinfo: 46 bytes from 44.241.174.93: icmp_seq=606 ttl=26 time=76.4 ms
08-10 23:34:34.323 24975 25049 D cellinfo: 46 bytes from 44.241.174.93: icmp_seq=607 ttl=26 time=63.4 ms
08-10 23:34:34.534 24975 25049 D cellinfo: 46 bytes from 44.241.174.93: icmp_seq=608 ttl=26 time=74.3 ms
08-10 23:34:34.571 24975 24975 D cellinfo: Latitude is 39.7774174
08-10 23:34:34.571 24975 24975 D cellinfo: Longitude is -104.9895661
08-10 23:34:34.571 24975 24975 D cellinfo: Instantaneous GPS information: United States, 4451 Cahita Ct, Denver, CO 80216, USA
08-10 23:34:34.571 24975 24975 D cellinfo: getCurrentLocation() result: Location (success): 39.7774174, -104.9895661
08-10 23:34:34.616 24975 24975 D cellinfo: onCellInfoChanged: Operator: Verizon Wireless UpdateTimestamp: 30907917 CellConnectionStatus: 1
08-10 23:34:34.616 24975 24975 D cellinfo: onCellInfoChanged: 5G-NR Cell Bands: [] ARFCN: 177000 Cell ID: 9223372036854775807 Physical Cell ID: 82 Tracking Area Code: 16777215
08-10 23:34:34.724 24975 25049 D cellinfo: 46 bytes from 44.241.174.93: icmp_seq=609 ttl=26 time=62.6 ms
08-10 23:34:34.930 24975 25049 D cellinfo: 46 bytes from 44.241.174.93: icmp_seq=610 ttl=26 time=68.1 ms
08-10 23:34:35.124 24975 25049 D cellinfo: 46 bytes from 44.241.174.93: icmp_seq=611 ttl=26 time=60.9 ms
08-10 23:34:35.348 24975 25049 D cellinfo: 46 bytes from 44.241.174.93: icmp_seq=612 ttl=26 time=84.0 ms
08-10 23:34:35.540 24975 25049 D cellinfo: 46 bytes from 44.241.174.93: icmp_seq=613 ttl=26 time=75.3 ms
