08-10 23:45:36.522 24975 25049 D cellinfo: 46 bytes from 44.241.174.93: icmp_seq=3905 ttl=26 time=98.0 ms
08-10 23:45:36.701 24975 25049 D cellinfo: 46 bytes from 44.241.174.93: icmp_seq=3906 ttl=26 time=76.0 ms
08-10 23:45:36.902 24975 25049 D cellinfo: 46 bytes from 44.241.174.93: icmp_seq=3907 ttl=26 time=75.3 ms
08-10 23:45:36.934 24975 24975 D cellinfo: onsignalStrengthsChanged: LTE Signal Strength info: rsrp: -84 rsrq: -10 rssi: -65 rssnr: 3
08-10 23:45:37.095 24975 25049 D cellinfo: 46 bytes from 44.241.174.93: icmp_seq=3908 ttl=26 time=68.8 ms
08-10 23:45:37.300 24975 25049 D cellinfo: 46 bytes from 44.241.174.93: icmp_seq=3909 ttl=26 time=73.1 ms
08-10 23:45:37.501 24975 25049 D cellinfo: 46 bytes from 44.241.174.93: icmp_seq=3910 ttl=26 time=72.8 ms
08-10 23:45:37.578 24975 24975 D cellinfo: Latitude is 39.7263439
08-10 23:45:37.578 24975 24975 D cellinfo: Longitude is -105.0246587
08-10 23:45:37.578 24975 24975 D cellinfo: Instantaneous GPS information: United States, 333 Federal Blvd, Denver, CO 80204, USA
08-10 23:45:37.578 24975 24975 D cellinfo: getCurrentLocation() result: Location (success): 39.7263439, -105.0246587
08-10 23:45:37.624 24975 24975 D cellinfo: onCellInfoChanged: Operator: Verizon Wireless UpdateTimestamp: 31570923 CellConnectionStatus: 1
08-10 23:45:37.625 24975 24975 D cellinfo: onCellInfoChanged: LTE Cell Bands: [66, 66, 5, 2] Bandwidth: 10000 Cell ID: 80504844 Physical Cell ID: 228 Tracking Area Code: 3589 EARFCN: 66586
08-10 23:45:37.715 24975 25049 D cellinfo: 46 bytes from 44.241.174.93: icmp_seq=3911 ttl=26 time=86.3 ms
08-10 23:45:37.900 24975 25049 D cellinfo: 46 bytes from 44.241.174.93: icmp_seq=3912 ttl=26 time=70.0 ms
08-10 23:45:38.100 24975 25049 D cellinfo: 46 bytes from 44.241.174.93: icmp_seq=3913 ttl=26 time=69.4 ms
08-10 23:45:38.325 24975 25049 D cellinfo: 46 bytes from 44.241.174.93: icmp_seq=3914 ttl=26 time=93.9 ms
08-10 23:45:38.500 24975 25049 D cellinfo: 46 bytes from 44.241.174.93: icmp_seq=3915 ttl=26 time=68.5 ms
08-10 23:45:38.716 24975 25049 D cellinfo: 46 bytes from 44.241.174.93: icmp_seq=3916 ttl=26 time=83.6 ms
08-10 23:45:38.904 24975 25049 D cellinfo: 46 bytes from 44.241.174.93: icmp_seq=3917 ttl=26 time=70.8 ms
08-10 23:45:39.100 24975 25049 D cellinfo: 46 bytes from 44.241.174.93: icmp_seq=3918 ttl=26 time=66.6 ms
08-10 23:45:39.301 24975 25049 D cellinfo: 46 bytes from 44.241.174.93: icmp_seq=3919 ttl=26 time=66.4 ms
08-10 23:45:39.501 24975 25049 D cellinfo: 46 bytes from 44.241.174.93: icmp_seq=3920 ttl=26 time=66.4 ms
08-10 23:45:39.700 24975 25049 D cellinfo: 46 bytes from 44.241.174.93: icmp_seq=3921 ttl=26 time=65.3 ms
08-10 23:45:39.901 24975 25049 D cellinfo: 46 bytes from 44.241.174.93: icmp_seq=3922 ttl=26 time=64.6 ms
08-10 23:45:40.100 24975 25049 D cellinfo: 46 bytes from 44.241.174.93: icmp_seq=3923 ttl=26 time=63.6 ms
08-10 23:45:40.311 24975 25049 D cellinfo: 46 bytes from 44.241.174.93: icmp_seq=3924 ttl=26 time=73.1 ms
08-10 23:45:40.519 24975 25049 D cellinfo: 46 bytes from 44.241.174.93: icmp_seq=3925 ttl=26 time=81.7 ms
08-10 23:45:40.706 24975 25049 D cellinfo: 46 bytes from 44.241.174.93: icmp_seq=3926 ttl=26 time=68.4 ms
08-10 23:45:40.914 24975 25049 D cellinfo: 46 bytes from 44.241.174.93: icmp_seq=3927 ttl=26 time=74.9 ms
08-10 23:45:40.939 24975 24975 D cellinfo: Latitude is 39.7262871
08-10 23:45:40.940 24975 24975 D cellinfo: Longitude is -105.0246574
08-10 23:45:40.940 24975 24975 D cellinfo: Instantaneous GPS information: United States, 333 Federal Blvd, Denver, CO 80204, USA
08-10 23:45:40.940 24975 24975 D cellinfo: getCurrentLocation() result: Location (success): 39.7262871, -105.0246574
08-10 23:45:40.943 24975 24975 D cellinfo: onCellInfoChanged: Operator: Verizon Wireless UpdateTimestamp: 31573911 CellConnectionStatus: 1
08-10 23:45:40.943 24975 24975 D cellinfo: onCellInfoChanged: LTE Cell Bands: [66, 66, 5, 2] Bandwidth: 10000 Cell ID: 80504844 Physical Cell ID: 228 Tracking Area Code: 3589 EARFCN: 66586
08-10 23:45:40.944 24975 24975 D cellinfo: onsignalStrengthsChanged: LTE Signal Strength info: rsrp: -92 rsrq: -11 rssi: -73 rssnr: -3
08-10 23:45:41.118 24975 25049 D cellinfo: 46 bytes from 44.241.174.93: icmp_seq=3928 ttl=26 time=79.1 ms
08-10 23:45:41.318 24975 25049 D cellinfo: 46 bytes from 44.241.174.93: icmp_seq=3929 ttl=26 time=78.1 ms
08-10 23:45:41.518 24975 25049 D cellinfo: 46 bytes from 44.241.174.93: icmp_seq=3930 ttl=26 time=77.3 ms
08-10 23:45:41.718 24975 25049 D cellinfo: 46 bytes from 44.241.174.93: icmp_seq=3931 ttl=26 time=76.2 ms
08-10 23:45:41.910 24975 25049 D cellinfo: 46 bytes from 44.241.174.93: icmp_seq=3932 ttl=26 time=67.2 ms
08-10 23:45:42.111 24975 25049 D cellinfo: 46 bytes from 44.241.174.93: icmp_seq=3933 ttl=26 time=67.2 ms
08-10 23:45:42.310 24975 25049 D cellinfo: 46 bytes from 44.241.174.93: icmp_seq=3934 ttl=26 time=65.4 ms
08-10 23:45:42.510 24975 25049 D cellinfo: 46 bytes from 44.241.174.93: icmp_seq=3935 ttl=26 time=64.2 ms
08-10 23:45:42.749 24975 25049 D cellinfo: 46 bytes from 44.241.174.93: icmp_seq=3936 ttl=26 time=102 ms
08-10 23:45:42.924 24975 25049 D cellinfo: 46 bytes from 44.241.174.93: icmp_seq=3937 ttl=26 time=76.2 ms
08-10 23:45:43.129 24975 25049 D cellinfo: 46 bytes from 44.241.174.93: icmp_seq=3938 ttl=26 time=79.2 ms
08-10 23:45:43.323 24975 25049 D cellinfo: 46 bytes from 44.241.174.93: icmp_seq=3939 ttl=26 time=71.8 ms
08-10 23:45:43.528 24975 25049 D cellinfo: 46 bytes from 44.241.174.93: icmp_seq=3940 ttl=26 time=76.9 ms
08-10 23:45:43.733 24975 25049 D cellinfo: 46 bytes from 44.241.174.93: icmp_seq=3941 ttl=26 time=80.5 ms
08-10 23:45:43.921 24975 25049 D cellinfo: 46 bytes from 44.241.174.93: icmp_seq=3942 ttl=26 time=66.6 ms
08-10 23:45:43.963 24975 24975 D cellinfo: Latitude is 39.7262511
08-10 23:45:43.963 24975 24975 D cellinfo: Longitude is -105.0246565
08-10 23:45:43.963 24975 24975 D cellinfo: Instantaneous GPS information: United States, 333 Federal Blvd, Denver, CO 80204, USA
08-10 23:45:43.963 24975 24975 D cellinfo: getCurrentLocation() result: Location (success): 39.7262511, -105.0246565
08-10 23:45:43.967 24975 24975 D cellinfo: onCellInfoChanged: Operator: Verizon Wireless UpdateTimestamp: 31576911 CellConnectionStatus: 1
08-10 23:45:43.967 24975 24975 D cellinfo: onCellInfoChanged: LTE Cell Bands: [66, 66, 5, 2] Bandwidth: 10000 Cell ID: 80504844 Physical Cell ID: 228 Tracking Area Code: 3589 EARFCN: 66586
08-10 23:45:44.120 24975 25049 D cellinfo: 46 bytes from 44.241.174.93: icmp_seq=3943 ttl=26 time=65.5 ms
08-10 23:45:44.320 24975 25049 D cellinfo: 46 bytes from 44.241.174.93: icmp_seq=3944 ttl=26 time=64.0 ms
08-10 23:45:44.534 24975 25049 D cellinfo: 46 bytes from 44.241.174.93: icmp_seq=3945 ttl=26 time=77.2 ms
08-10 23:45:44.731 24975 25049 D cellinfo: 46 bytes from 44.241.174.93: icmp_seq=3946 ttl=26 time=72.9 ms
08-10 23:45:44.929 24975 24975 D cellinfo: onsignalStrengthsChanged: LTE Signal Strength info: rsrp: -88 rsrq: -10 rssi: -69 rssnr: 0
08-10 23:45:44.930 24975 25049 D cellinfo: 46 bytes from 44.241.174.93: icmp_seq=3947 ttl=26 time=71.7 ms
08-10 23:45:45.131 24975 25049 D cellinfo: 46 bytes from 44.241.174.93: icmp_seq=3948 ttl=26 time=72.5 ms
08-10 23:45:45.330 24975 25049 D cellinfo: 46 bytes from 44.241.174.93: icmp_seq=3949 ttl=26 time=71.0 ms
08-10 23:45:45.530 24975 25049 D cellinfo: 46 bytes from 44.241.174.93: icmp_seq=3950 ttl=26 time=70.5 ms
08-10 23:45:45.731 24975 25049 D cellinfo: 46 bytes from 44.241.174.93: icmp_seq=3951 ttl=26 time=71.0 ms
08-10 23:45:45.931 24975 25049 D cellinfo: 46 bytes from 44.241.174.93: icmp_seq=3952 ttl=26 time=69.6 ms
08-10 23:45:46.130 24975 25049 D cellinfo: 46 bytes from 44.241.174.93: icmp_seq=3953 ttl=26 time=68.8 ms
08-10 23:45:46.329 24975 25049 D cellinfo: 46 bytes from 44.241.174.93: icmp_seq=3954 ttl=26 time=66.9 ms
08-10 23:45:46.547 24975 25049 D cellinfo: 46 bytes from 44.241.174.93: icmp_seq=3955 ttl=26 time=83.5 ms
08-10 23:45:46.569 24975 24975 D cellinfo: Latitude is 39.7262633
08-10 23:45:46.569 24975 24975 D cellinfo: Longitude is -105.0246568
08-10 23:45:46.569 24975 24975 D cellinfo: Instantaneous GPS information: United States, 333 Federal Blvd, Denver, CO 80204, USA
08-10 23:45:46.569 24975 24975 D cellinfo: getCurrentLocation() result: Location (success): 39.7262633, -105.0246568
08-10 23:45:46.616 24975 24975 D cellinfo: onCellInfoChanged: Operator: Verizon Wireless UpdateTimestamp: 31579917 CellConnectionStatus: 1
08-10 23:45:46.616 24975 24975 D cellinfo: onCellInfoChanged: LTE Cell Bands: [66, 66, 5, 2] Bandwidth: 10000 Cell ID: 80504844 Physical Cell ID: 228 Tracking Area Code: 3589 EARFCN: 66586
08-10 23:45:46.734 24975 25049 D cellinfo: 46 bytes from 44.241.174.93: icmp_seq=3956 ttl=26 time=70.7 ms
08-10 23:45:46.930 24975 25049 D cellinfo: 46 bytes from 44.241.174.93: icmp_seq=3957 ttl=26 time=66.6 ms
08-10 23:45:47.130 24975 25049 D cellinfo: 46 bytes from 44.241.174.93: icmp_seq=3958 ttl=26 time=66.2 ms
08-10 23:45:47.330 24975 25049 D cellinfo: 46 bytes from 44.241.174.93: icmp_seq=3959 ttl=26 time=65.3 ms
08-10 23:45:47.540 24975 25049 D cellinfo: 46 bytes from 44.241.174.93: icmp_seq=3960 ttl=26 time=73.6 ms
08-10 23:45:47.740 24975 25049 D cellinfo: 46 bytes from 44.241.174.93: icmp_seq=3961 ttl=26 time=73.7 ms
08-10 23:45:47.930 24975 25049 D cellinfo: 46 bytes from 44.241.174.93: icmp_seq=3962 ttl=26 time=63.5 ms
08-10 23:45:48.141 24975 25049 D cellinfo: 46 bytes from 44.241.174.93: icmp_seq=3963 ttl=26 time=73.0 ms
08-10 23:45:48.341 24975 25049 D cellinfo: 46 bytes from 44.241.174.93: icmp_seq=3964 ttl=26 time=71.2 ms
08-10 23:45:48.540 24975 25049 D cellinfo: 46 bytes from 44.241.174.93: icmp_seq=3965 ttl=26 time=69.6 ms
08-10 23:45:48.740 24975 25049 D cellinfo: 46 bytes from 44.241.174.93: icmp_seq=3966 ttl=26 time=69.1 ms
08-10 23:45:48.931 24975 24975 D cellinfo: onsignalStrengthsChanged: LTE Signal Strength info: rsrp: -86 rsrq: -8 rssi: -71 rssnr: 5
08-10 23:45:48.940 24975 25049 D cellinfo: 46 bytes from 44.241.174.93: icmp_seq=3967 ttl=26 time=68.2 ms
08-10 23:45:49.140 24975 25049 D cellinfo: 46 bytes from 44.241.174.93: icmp_seq=3968 ttl=26 time=67.1 ms
08-10 23:45:49.345 24975 25049 D cellinfo: 46 bytes from 44.241.174.93: icmp_seq=3969 ttl=26 time=71.4 ms
08-10 23:45:49.540 24975 25049 D cellinfo: 46 bytes from 44.241.174.93: icmp_seq=3970 ttl=26 time=65.2 ms
08-10 23:45:49.610 24975 24975 D cellinfo: onCellInfoChanged: Operator: Verizon Wireless UpdateTimestamp: 31582911 CellConnectionStatus: 1
08-10 23:45:49.610 24975 24975 D cellinfo: onCellInfoChanged: LTE Cell Bands: [66, 66, 5, 2] Bandwidth: 10000 Cell ID: 80504844 Physical Cell ID: 228 Tracking Area Code: 3589 EARFCN: 66586
08-10 23:45:49.750 24975 25049 D cellinfo: 46 bytes from 44.241.174.93: icmp_seq=3971 ttl=26 time=74.5 ms
08-10 23:45:49.948 24975 25049 D cellinfo: 46 bytes from 44.241.174.93: icmp_seq=3972 ttl=26 time=72.0 ms
08-10 23:45:50.140 24975 25049 D cellinfo: 46 bytes from 44.241.174.93: icmp_seq=3973 ttl=26 time=63.1 ms
08-10 23:45:50.354 24975 25049 D cellinfo: 46 bytes from 44.241.174.93: icmp_seq=3974 ttl=26 time=75.4 ms
08-10 23:45:50.542 24975 25049 D cellinfo: 46 bytes from 44.241.174.93: icmp_seq=3975 ttl=26 time=63.0 ms
08-10 23:45:50.655 24975 24975 D cellinfo: Latitude is 39.7262235
08-10 23:45:50.655 24975 24975 D cellinfo: Longitude is -105.0242848
08-10 23:45:50.655 24975 24975 D cellinfo: Instantaneous GPS information: United States, 333 Federal Blvd, Denver, CO 80204, USA
08-10 23:45:50.655 24975 24975 D cellinfo: getCurrentLocation() result: Location (success): 39.7262235, -105.0242848
08-10 23:45:50.750 24975 25049 D cellinfo: 46 bytes from 44.241.174.93: icmp_seq=3976 ttl=26 time=70.6 ms
08-10 23:45:50.958 24975 25049 D cellinfo: 46 bytes from 44.241.174.93: icmp_seq=3977 ttl=26 time=78.4 ms
08-10 23:45:51.151 24975 25049 D cellinfo: 46 bytes from 44.241.174.93: icmp_seq=3978 ttl=26 time=69.6 ms
08-10 23:45:51.358 24975 25049 D cellinfo: 46 bytes from 44.241.174.93: icmp_seq=3979 ttl=26 time=75.6 ms
08-10 23:45:51.550 24975 25049 D cellinfo: 46 bytes from 44.241.174.93: icmp_seq=3980 ttl=26 time=67.8 ms
08-10 23:45:51.758 24975 25049 D cellinfo: 46 bytes from 44.241.174.93: icmp_seq=3981 ttl=26 time=75.2 ms
08-10 23:45:51.950 24975 25049 D cellinfo: 46 bytes from 44.241.174.93: icmp_seq=3982 ttl=26 time=66.1 ms
08-10 23:45:52.151 24975 25049 D cellinfo: 46 bytes from 44.241.174.93: icmp_seq=3983 ttl=26 time=65.2 ms
08-10 23:45:52.351 24975 25049 D cellinfo: 46 bytes from 44.241.174.93: icmp_seq=3984 ttl=26 time=64.3 ms
08-10 23:45:52.568 24975 25049 D cellinfo: 46 bytes from 44.241.174.93: icmp_seq=3985 ttl=26 time=81.0 ms
08-10 23:45:52.593 24975 24975 D cellinfo: Latitude is 39.7262235
08-10 23:45:52.593 24975 24975 D cellinfo: Longitude is -105.0242848
08-10 23:45:52.593 24975 24975 D cellinfo: Instantaneous GPS information: United States, 333 Federal Blvd, Denver, CO 80204, USA
08-10 23:45:52.593 24975 24975 D cellinfo: getCurrentLocation() result: Location (success): 39.7262235, -105.0242848
08-10 23:45:52.624 24975 24975 D cellinfo: onCellInfoChanged: Operator: Verizon Wireless UpdateTimestamp: 31585925 CellConnectionStatus: 1
08-10 23:45:52.624 24975 24975 D cellinfo: onCellInfoChanged: LTE Cell Bands: [66, 66, 5, 2] Bandwidth: 10000 Cell ID: 80504844 Physical Cell ID: 228 Tracking Area Code: 3589 EARFCN: 66586
08-10 23:45:52.765 24975 25049 D cellinfo: 46 bytes from 44.241.174.93: icmp_seq=3986 ttl=26 time=77.3 ms
08-10 23:45:52.930 24975 24975 D cellinfo: onsignalStrengthsChanged: LTE Signal Strength info: rsrp: -95 rsrq: -10 rssi: -77 rssnr: -2
08-10 23:45:52.960 24975 25049 D cellinfo: 46 bytes from 44.241.174.93: icmp_seq=3987 ttl=26 time=71.1 ms
08-10 23:45:53.168 24975 25049 D cellinfo: 46 bytes from 44.241.174.93: icmp_seq=3988 ttl=26 time=78.4 ms
08-10 23:45:53.376 24975 25049 D cellinfo: 46 bytes from 44.241.174.93: icmp_seq=3989 ttl=26 time=84.7 ms
08-10 23:45:53.560 24975 25049 D cellinfo: 46 bytes from 44.241.174.93: icmp_seq=3990 ttl=26 time=68.9 ms
08-10 23:45:53.772 24975 25049 D cellinfo: 46 bytes from 44.241.174.93: icmp_seq=3991 ttl=26 time=80.2 ms
08-10 23:45:53.970 24975 25049 D cellinfo: 46 bytes from 44.241.174.93: icmp_seq=3992 ttl=26 time=77.2 ms
08-10 23:45:54.163 24975 25049 D cellinfo: 46 bytes from 44.241.174.93: icmp_seq=3993 ttl=26 time=69.5 ms
08-10 23:45:54.365 24975 25049 D cellinfo: 46 bytes from 44.241.174.93: icmp_seq=3994 ttl=26 time=70.6 ms
08-10 23:45:54.562 24975 25049 D cellinfo: 46 bytes from 44.241.174.93: icmp_seq=3995 ttl=26 time=66.8 ms
08-10 23:45:54.761 24975 25049 D cellinfo: 46 bytes from 44.241.174.93: icmp_seq=3996 ttl=26 time=64.9 ms
08-10 23:45:54.960 24975 25049 D cellinfo: 46 bytes from 44.241.174.93: icmp_seq=3997 ttl=26 time=63.9 ms
08-10 23:45:55.161 24975 25049 D cellinfo: 46 bytes from 44.241.174.93: icmp_seq=3998 ttl=26 time=64.2 ms
08-10 23:45:55.393 24975 25049 D cellinfo: 46 bytes from 44.241.174.93: icmp_seq=3999 ttl=26 time=95.0 ms
08-10 23:45:55.571 24975 25049 D cellinfo: 46 bytes from 44.241.174.93: icmp_seq=4000 ttl=26 time=72.0 ms
08-10 23:45:55.763 24975 25049 D cellinfo: 46 bytes from 44.241.174.93: icmp_seq=4001 ttl=26 time=62.4 ms
08-10 23:45:55.941 24975 24975 D cellinfo: Latitude is 39.726265
08-10 23:45:55.941 24975 24975 D cellinfo: Longitude is -105.0242668
08-10 23:45:55.941 24975 24975 D cellinfo: Instantaneous GPS information: United States, 620 Federal Blvd Building A, Denver, CO 80204, USA
08-10 23:45:55.941 24975 24975 D cellinfo: getCurrentLocation() result: Location (success): 39.726265, -105.0242668
08-10 23:45:55.947 24975 24975 D cellinfo: onCellInfoChanged: Operator: Verizon Wireless UpdateTimestamp: 31588908 CellConnectionStatus: 1
08-10 23:45:55.947 24975 24975 D cellinfo: onCellInfoChanged: LTE Cell Bands: [66, 66, 5, 2] Bandwidth: 10000 Cell ID: 80504844 Physical Cell ID: 228 Tracking Area Code: 3589 EARFCN: 66586
08-10 23:45:55.990 24975 25049 D cellinfo: 46 bytes from 44.241.174.93: icmp_seq=4002 ttl=26 time=88.5 ms
08-10 23:45:56.170 24975 25049 D cellinfo: 46 bytes from 44.241.174.93: icmp_seq=4003 ttl=26 time=68.7 ms
08-10 23:45:56.370 24975 25049 D cellinfo: 46 bytes from 44.241.174.93: icmp_seq=4004 ttl=26 time=68.2 ms
08-10 23:45:56.565 24975 25049 D cellinfo: 46 bytes from 44.241.174.93: icmp_seq=4005 ttl=26 time=62.3 ms
08-10 23:45:56.573 24975 24975 D cellinfo: onServiceStateChanged: Channel Number: 66586 Cell Bandwidths: [10000, 10000, 10000]
08-10 23:45:56.587 24975 24975 D cellinfo: onDisplayInfoChanged: NetworkType: LTE OverrideNetworkType: LTE-CA
08-10 23:45:56.765 24975 25049 D cellinfo: 46 bytes from 44.241.174.93: icmp_seq=4006 ttl=26 time=61.9 ms
08-10 23:45:56.976 24975 25049 D cellinfo: 46 bytes from 44.241.174.93: icmp_seq=4007 ttl=26 time=72.3 ms
08-10 23:45:57.178 24975 25049 D cellinfo: 46 bytes from 44.241.174.93: icmp_seq=4008 ttl=26 time=73.0 ms
08-10 23:45:57.375 24975 25049 D cellinfo: 46 bytes from 44.241.174.93: icmp_seq=4009 ttl=26 time=69.4 ms
08-10 23:45:57.529 24975 24975 D cellinfo: onsignalStrengthsChanged: LTE Signal Strength info: rsrp: -89 rsrq: -8 rssi: -73 rssnr: 8
08-10 23:45:57.575 24975 25049 D cellinfo: 46 bytes from 44.241.174.93: icmp_seq=4010 ttl=26 time=68.6 ms
08-10 23:45:57.776 24975 25049 D cellinfo: 46 bytes from 44.241.174.93: icmp_seq=4011 ttl=26 time=69.1 ms
08-10 23:45:57.975 24975 25049 D cellinfo: 46 bytes from 44.241.174.93: icmp_seq=4012 ttl=26 time=67.3 ms
08-10 23:45:58.185 24975 25049 D cellinfo: 46 bytes from 44.241.174.93: icmp_seq=4013 ttl=26 time=75.6 ms
08-10 23:45:58.383 24975 25049 D cellinfo: 46 bytes from 44.241.174.93: icmp_seq=4014 ttl=26 time=73.7 ms
08-10 23:45:58.575 24975 25049 D cellinfo: 46 bytes from 44.241.174.93: icmp_seq=4015 ttl=26 time=65.7 ms
08-10 23:45:58.774 24975 25049 D cellinfo: 46 bytes from 44.241.174.93: icmp_seq=4016 ttl=26 time=63.5 ms
08-10 23:45:58.958 24975 24975 D cellinfo: Latitude is 39.7262913
08-10 23:45:58.959 24975 24975 D cellinfo: Longitude is -105.0242548
08-10 23:45:58.959 24975 24975 D cellinfo: Instantaneous GPS information: United States, 620 Federal Blvd Building A, Denver, CO 80204, USA
08-10 23:45:58.959 24975 24975 D cellinfo: getCurrentLocation() result: Location (success): 39.7262913, -105.0242548
08-10 23:45:58.963 24975 24975 D cellinfo: onCellInfoChanged: Operator: Verizon Wireless UpdateTimestamp: 31591911 CellConnectionStatus: 1
08-10 23:45:58.963 24975 24975 D cellinfo: onCellInfoChanged: LTE Cell Bands: [66, 66, 2] Bandwidth: 10000 Cell ID: 80462604 Physical Cell ID: 46 Tracking Area Code: 3585 EARFCN: 66586
08-10 23:45:58.975 24975 25049 D cellinfo: 46 bytes from 44.241.174.93: icmp_seq=4017 ttl=26 time=64.0 ms
08-10 23:45:59.175 24975 25049 D cellinfo: 46 bytes from 44.241.174.93: icmp_seq=4018 ttl=26 time=62.6 ms
08-10 23:45:59.385 24975 25049 D cellinfo: 46 bytes from 44.241.174.93: icmp_seq=4019 ttl=26 time=71.4 ms
08-10 23:45:59.585 24975 25049 D cellinfo: 46 bytes from 44.241.174.93: icmp_seq=4020 ttl=26 time=70.5 ms
08-10 23:45:59.786 24975 25049 D cellinfo: 46 bytes from 44.241.174.93: icmp_seq=4021 ttl=26 time=70.4 ms
08-10 23:45:59.997 24975 25049 D cellinfo: 46 bytes from 44.241.174.93: icmp_seq=4022 ttl=26 time=80.0 ms
08-10 23:46:00.185 24975 25049 D cellinfo: 46 bytes from 44.241.174.93: icmp_seq=4023 ttl=26 time=68.6 ms
08-10 23:46:00.385 24975 25049 D cellinfo: 46 bytes from 44.241.174.93: icmp_seq=4024 ttl=26 time=68.1 ms
08-10 23:46:00.585 24975 25049 D cellinfo: 46 bytes from 44.241.174.93: icmp_seq=4025 ttl=26 time=66.3 ms
08-10 23:46:00.786 24975 25049 D cellinfo: 46 bytes from 44.241.174.93: icmp_seq=4026 ttl=26 time=66.4 ms
08-10 23:46:00.986 24975 25049 D cellinfo: 46 bytes from 44.241.174.93: icmp_seq=4027 ttl=26 time=65.2 ms
08-10 23:46:01.185 24975 25049 D cellinfo: 46 bytes from 44.241.174.93: icmp_seq=4028 ttl=26 time=64.6 ms
08-10 23:46:01.386 24975 25049 D cellinfo: 46 bytes from 44.241.174.93: icmp_seq=4029 ttl=26 time=64.8 ms
08-10 23:46:01.532 24975 24975 D cellinfo: onsignalStrengthsChanged: LTE Signal Strength info: rsrp: -93 rsrq: -9 rssi: -75 rssnr: 2
08-10 23:46:01.567 24975 24975 D cellinfo: Latitude is 39.7262822
08-10 23:46:01.567 24975 24975 D cellinfo: Longitude is -105.0242578
08-10 23:46:01.567 24975 24975 D cellinfo: Instantaneous GPS information: United States, 620 Federal Blvd Building A, Denver, CO 80204, USA
08-10 23:46:01.567 24975 24975 D cellinfo: getCurrentLocation() result: Location (success): 39.7262822, -105.0242578
08-10 23:46:01.586 24975 25049 D cellinfo: 46 bytes from 44.241.174.93: icmp_seq=4030 ttl=26 time=64.1 ms
08-10 23:46:01.606 24975 24975 D cellinfo: onCellInfoChanged: Operator: Verizon Wireless UpdateTimestamp: 31594907 CellConnectionStatus: 1
08-10 23:46:01.606 24975 24975 D cellinfo: onCellInfoChanged: LTE Cell Bands: [66, 66, 2] Bandwidth: 10000 Cell ID: 80462604 Physical Cell ID: 46 Tracking Area Code: 3585 EARFCN: 66586
08-10 23:46:01.785 24975 25049 D cellinfo: 46 bytes from 44.241.174.93: icmp_seq=4031 ttl=26 time=62.6 ms
08-10 23:46:01.985 24975 25049 D cellinfo: 46 bytes from 44.241.174.93: icmp_seq=4032 ttl=26 time=62.3 ms
08-10 23:46:02.195 24975 25049 D cellinfo: 46 bytes from 44.241.174.93: icmp_seq=4033 ttl=26 time=71.6 ms
08-10 23:46:02.403 24975 25049 D cellinfo: 46 bytes from 44.241.174.93: icmp_seq=4034 ttl=26 time=79.2 ms
08-10 23:46:02.595 24975 25049 D cellinfo: 46 bytes from 44.241.174.93: icmp_seq=4035 ttl=26 time=70.3 ms
08-10 23:46:02.796 24975 25049 D cellinfo: 46 bytes from 44.241.174.93: icmp_seq=4036 ttl=26 time=69.5 ms
08-10 23:46:02.996 24975 25049 D cellinfo: 46 bytes from 44.241.174.93: icmp_seq=4037 ttl=26 time=69.2 ms
08-10 23:46:03.203 24975 25049 D cellinfo: 46 bytes from 44.241.174.93: icmp_seq=4038 ttl=26 time=76.0 ms
08-10 23:46:03.395 24975 25049 D cellinfo: 46 bytes from 44.241.174.93: icmp_seq=4039 ttl=26 time=67.4 ms
08-10 23:46:03.595 24975 25049 D cellinfo: 46 bytes from 44.241.174.93: icmp_seq=4040 ttl=26 time=67.1 ms
08-10 23:46:03.795 24975 25049 D cellinfo: 46 bytes from 44.241.174.93: icmp_seq=4041 ttl=26 time=66.3 ms
08-10 23:46:03.996 24975 25049 D cellinfo: 46 bytes from 44.241.174.93: icmp_seq=4042 ttl=26 time=65.4 ms
08-10 23:46:04.195 24975 25049 D cellinfo: 46 bytes from 44.241.174.93: icmp_seq=4043 ttl=26 time=64.8 ms
08-10 23:46:04.397 24975 25049 D cellinfo: 46 bytes from 44.241.174.93: icmp_seq=4044 ttl=26 time=64.7 ms
08-10 23:46:04.595 24975 25049 D cellinfo: 46 bytes from 44.241.174.93: icmp_seq=4045 ttl=26 time=62.9 ms
08-10 23:46:04.603 24975 24975 D cellinfo: onCellInfoChanged: Operator: Verizon Wireless UpdateTimestamp: 31597903 CellConnectionStatus: 1
08-10 23:46:04.603 24975 24975 D cellinfo: onCellInfoChanged: LTE Cell Bands: [66, 66, 2] Bandwidth: 10000 Cell ID: 80462604 Physical Cell ID: 46 Tracking Area Code: 3585 EARFCN: 66586
08-10 23:46:04.801 24975 25049 D cellinfo: 46 bytes from 44.241.174.93: icmp_seq=4046 ttl=26 time=68.3 ms
08-10 23:46:05.005 24975 25049 D cellinfo: 46 bytes from 44.241.174.93: icmp_seq=4047 ttl=26 time=71.4 ms
08-10 23:46:05.205 24975 25049 D cellinfo: 46 bytes from 44.241.174.93: icmp_seq=4048 ttl=26 time=71.5 ms
08-10 23:46:05.406 24975 25049 D cellinfo: 46 bytes from 44.241.174.93: icmp_seq=4049 ttl=26 time=72.2 ms
08-10 23:46:05.607 24975 25049 D cellinfo: 46 bytes from 44.241.174.93: icmp_seq=4050 ttl=26 time=70.2 ms
08-10 23:46:05.654 24975 24975 D cellinfo: Latitude is 39.7265269
08-10 23:46:05.654 24975 24975 D cellinfo: Longitude is -105.024328
08-10 23:46:05.654 24975 24975 D cellinfo: Instantaneous GPS information: United States, 620 Federal Blvd Building B, Denver, CO 80204, USA
08-10 23:46:05.654 24975 24975 D cellinfo: getCurrentLocation() result: Location (success): 39.7265269, -105.024328
08-10 23:46:05.805 24975 25049 D cellinfo: 46 bytes from 44.241.174.93: icmp_seq=4051 ttl=26 time=69.3 ms
08-10 23:46:06.006 24975 25049 D cellinfo: 46 bytes from 44.241.174.93: icmp_seq=4052 ttl=26 time=68.5 ms
08-10 23:46:06.214 24975 25049 D cellinfo: 46 bytes from 44.241.174.93: icmp_seq=4053 ttl=26 time=77.0 ms
08-10 23:46:06.406 24975 25049 D cellinfo: 46 bytes from 44.241.174.93: icmp_seq=4054 ttl=26 time=68.3 ms
08-10 23:46:06.606 24975 25049 D cellinfo: 46 bytes from 44.241.174.93: icmp_seq=4055 ttl=26 time=68.1 ms
08-10 23:46:06.814 24975 25049 D cellinfo: 46 bytes from 44.241.174.93: icmp_seq=4056 ttl=26 time=74.5 ms
08-10 23:46:07.006 24975 25049 D cellinfo: 46 bytes from 44.241.174.93: icmp_seq=4057 ttl=26 time=66.2 ms
08-10 23:46:07.206 24975 25049 D cellinfo: 46 bytes from 44.241.174.93: icmp_seq=4058 ttl=26 time=66.2 ms
08-10 23:46:07.405 24975 25049 D cellinfo: 46 bytes from 44.241.174.93: icmp_seq=4059 ttl=26 time=65.0 ms
08-10 23:46:07.530 24975 24975 D cellinfo: onsignalStrengthsChanged: LTE Signal Strength info: rsrp: -95 rsrq: -11 rssi: -77 rssnr: 6
08-10 23:46:07.565 24975 24975 D cellinfo: Latitude is 39.7265269
08-10 23:46:07.565 24975 24975 D cellinfo: Longitude is -105.024328
08-10 23:46:07.565 24975 24975 D cellinfo: Instantaneous GPS information: United States, 620 Federal Blvd Building B, Denver, CO 80204, USA
08-10 23:46:07.565 24975 24975 D cellinfo: getCurrentLocation() result: Location (success): 39.7265269, -105.024328
08-10 23:46:07.612 24975 24975 D cellinfo: onCellInfoChanged: Operator: Verizon Wireless UpdateTimestamp: 31600912 CellConnectionStatus: 1
08-10 23:46:07.612 24975 24975 D cellinfo: onCellInfoChanged: LTE Cell Bands: [66, 66, 2] Bandwidth: 10000 Cell ID: 80462604 Physical Cell ID: 46 Tracking Area Code: 3585 EARFCN: 66586
08-10 23:46:07.614 24975 25049 D cellinfo: 46 bytes from 44.241.174.93: icmp_seq=4060 ttl=26 time=73.1 ms
08-10 23:46:07.805 24975 25049 D cellinfo: 46 bytes from 44.241.174.93: icmp_seq=4061 ttl=26 time=62.7 ms
08-10 23:46:08.005 24975 25049 D cellinfo: 46 bytes from 44.241.174.93: icmp_seq=4062 ttl=26 time=62.9 ms
08-10 23:46:08.205 24975 25049 D cellinfo: 46 bytes from 44.241.174.93: icmp_seq=4063 ttl=26 time=63.4 ms
08-10 23:46:08.407 24975 25049 D cellinfo: 46 bytes from 44.241.174.93: icmp_seq=4064 ttl=26 time=64.0 ms
08-10 23:46:08.618 24975 25049 D cellinfo: 46 bytes from 44.241.174.93: icmp_seq=4065 ttl=26 time=73.8 ms
08-10 23:46:08.823 24975 25049 D cellinfo: 46 bytes from 44.241.174.93: icmp_seq=4066 ttl=26 time=79.0 ms
08-10 23:46:09.017 24975 25049 D cellinfo: 46 bytes from 44.241.174.93: icmp_seq=4067 ttl=26 time=71.5 ms
08-10 23:46:09.216 24975 25049 D cellinfo: 46 bytes from 44.241.174.93: icmp_seq=4068 ttl=26 time=71.0 ms
08-10 23:46:09.416 24975 25049 D cellinfo: 46 bytes from 44.241.174.93: icmp_seq=4069 ttl=26 time=70.2 ms
08-10 23:46:09.616 24975 25049 D cellinfo: 46 bytes from 44.241.174.93: icmp_seq=4070 ttl=26 time=69.0 ms
08-10 23:46:09.816 24975 25049 D cellinfo: 46 bytes from 44.241.174.93: icmp_seq=4071 ttl=26 time=68.3 ms
08-10 23:46:10.016 24975 25049 D cellinfo: 46 bytes from 44.241.174.93: icmp_seq=4072 ttl=26 time=68.4 ms
08-10 23:46:10.225 24975 25049 D cellinfo: 46 bytes from 44.241.174.93: icmp_seq=4073 ttl=26 time=77.3 ms
08-10 23:46:10.416 24975 25049 D cellinfo: 46 bytes from 44.241.174.93: icmp_seq=4074 ttl=26 time=68.1 ms
08-10 23:46:10.623 24975 25049 D cellinfo: 46 bytes from 44.241.174.93: icmp_seq=4075 ttl=26 time=75.0 ms
08-10 23:46:10.821 24975 25049 D cellinfo: 46 bytes from 44.241.174.93: icmp_seq=4076 ttl=26 time=71.8 ms
08-10 23:46:10.984 24975 24975 D cellinfo: Latitude is 39.7265637
08-10 23:46:10.984 24975 24975 D cellinfo: Longitude is -105.0243464
08-10 23:46:10.984 24975 24975 D cellinfo: Instantaneous GPS information: United States, 620 Federal Blvd Building B, Denver, CO 80204, USA
08-10 23:46:10.984 24975 24975 D cellinfo: getCurrentLocation() result: Location (success): 39.7265637, -105.0243464
08-10 23:46:10.989 24975 24975 D cellinfo: onCellInfoChanged: Operator: Verizon Wireless UpdateTimestamp: 31603909 CellConnectionStatus: 1
08-10 23:46:10.989 24975 24975 D cellinfo: onCellInfoChanged: LTE Cell Bands: [66, 66, 2] Bandwidth: 10000 Cell ID: 80462604 Physical Cell ID: 46 Tracking Area Code: 3585 EARFCN: 66586
08-10 23:46:11.017 24975 25049 D cellinfo: 46 bytes from 44.241.174.93: icmp_seq=4077 ttl=26 time=66.1 ms
08-10 23:46:11.215 24975 25049 D cellinfo: 46 bytes from 44.241.174.93: icmp_seq=4078 ttl=26 time=65.6 ms
08-10 23:46:11.415 24975 25049 D cellinfo: 46 bytes from 44.241.174.93: icmp_seq=4079 ttl=26 time=65.2 ms
08-10 23:46:11.529 24975 24975 D cellinfo: onsignalStrengthsChanged: LTE Signal Strength info: rsrp: -95 rsrq: -11 rssi: -75 rssnr: 2
08-10 23:46:11.625 24975 25049 D cellinfo: 46 bytes from 44.241.174.93: icmp_seq=4080 ttl=26 time=73.8 ms
08-10 23:46:11.816 24975 25049 D cellinfo: 46 bytes from 44.241.174.93: icmp_seq=4081 ttl=26 time=64.0 ms
08-10 23:46:12.016 24975 25049 D cellinfo: 46 bytes from 44.241.174.93: icmp_seq=4082 ttl=26 time=62.5 ms
08-10 23:46:12.216 24975 25049 D cellinfo: 46 bytes from 44.241.174.93: icmp_seq=4083 ttl=26 time=62.9 ms
08-10 23:46:12.416 24975 25049 D cellinfo: 46 bytes from 44.241.174.93: icmp_seq=4084 ttl=26 time=62.2 ms
08-10 23:46:12.630 24975 25049 D cellinfo: 46 bytes from 44.241.174.93: icmp_seq=4085 ttl=26 time=74.6 ms
08-10 23:46:12.835 24975 25049 D cellinfo: 46 bytes from 44.241.174.93: icmp_seq=4086 ttl=26 time=78.9 ms
08-10 23:46:13.026 24975 25049 D cellinfo: 46 bytes from 44.241.174.93: icmp_seq=4087 ttl=26 time=69.8 ms
08-10 23:46:13.226 24975 25049 D cellinfo: 46 bytes from 44.241.174.93: icmp_seq=4088 ttl=26 time=70.2 ms
08-10 23:46:13.434 24975 25049 D cellinfo: 46 bytes from 44.241.174.93: icmp_seq=4089 ttl=26 time=77.9 ms
08-10 23:46:13.626 24975 25049 D cellinfo: 46 bytes from 44.241.174.93: icmp_seq=4090 ttl=26 time=69.5 ms
08-10 23:46:13.818 24975 25049 D cellinfo: 46 bytes from 44.241.174.93: icmp_seq=4091 ttl=26 time=59.5 ms
08-10 23:46:13.914 24975 24975 D cellinfo: Latitude is 39.7265902
08-10 23:46:13.914 24975 24975 D cellinfo: Longitude is -105.0243596
08-10 23:46:13.914 24975 24975 D cellinfo: Instantaneous GPS information: United States, 620 Federal Blvd Building B, Denver, CO 80204, USA
08-10 23:46:13.914 24975 24975 D cellinfo: getCurrentLocation() result: Location (success): 39.7265902, -105.0243596
08-10 23:46:13.918 24975 24975 D cellinfo: onCellInfoChanged: Operator: Verizon Wireless UpdateTimestamp: 31606915 CellConnectionStatus: 1
08-10 23:46:13.918 24975 24975 D cellinfo: onCellInfoChanged: LTE Cell Bands: [66, 66, 2] Bandwidth: 10000 Cell ID: 80462604 Physical Cell ID: 46 Tracking Area Code: 3585 EARFCN: 66586
08-10 23:46:14.026 24975 25049 D cellinfo: 46 bytes from 44.241.174.93: icmp_seq=4092 ttl=26 time=67.0 ms
08-10 23:46:14.226 24975 25049 D cellinfo: 46 bytes from 44.241.174.93: icmp_seq=4093 ttl=26 time=66.8 ms
08-10 23:46:14.426 24975 25049 D cellinfo: 46 bytes from 44.241.174.93: icmp_seq=4094 ttl=26 time=66.4 ms
08-10 23:46:14.625 24975 25049 D cellinfo: 46 bytes from 44.241.174.93: icmp_seq=4095 ttl=26 time=64.8 ms
08-10 23:46:14.834 24975 25049 D cellinfo: 46 bytes from 44.241.174.93: icmp_seq=4096 ttl=26 time=72.5 ms
08-10 23:46:15.033 24975 25049 D cellinfo: 46 bytes from 44.241.174.93: icmp_seq=4097 ttl=26 time=71.9 ms
08-10 23:46:15.226 24975 25049 D cellinfo: 46 bytes from 44.241.174.93: icmp_seq=4098 ttl=26 time=64.2 ms
08-10 23:46:15.426 24975 25049 D cellinfo: 46 bytes from 44.241.174.93: icmp_seq=4099 ttl=26 time=63.2 ms
08-10 23:46:15.636 24975 25049 D cellinfo: 46 bytes from 44.241.174.93: icmp_seq=4100 ttl=26 time=72.4 ms
08-10 23:46:15.844 24975 25049 D cellinfo: 46 bytes from 44.241.174.93: icmp_seq=4101 ttl=26 time=79.1 ms
08-10 23:46:16.043 24975 25049 D cellinfo: 46 bytes from 44.241.174.93: icmp_seq=4102 ttl=26 time=78.0 ms
08-10 23:46:16.237 24975 25049 D cellinfo: 46 bytes from 44.241.174.93: icmp_seq=4103 ttl=26 time=71.7 ms
08-10 23:46:16.437 24975 25049 D cellinfo: 46 bytes from 44.241.174.93: icmp_seq=4104 ttl=26 time=70.6 ms
08-10 23:46:16.532 24975 24975 D cellinfo: onsignalStrengthsChanged: LTE Signal Strength info: rsrp: -97 rsrq: -11 rssi: -79 rssnr: 2
08-10 23:46:16.568 24975 24975 D cellinfo: Latitude is 39.7265836
08-10 23:46:16.568 24975 24975 D cellinfo: Longitude is -105.0243563
08-10 23:46:16.568 24975 24975 D cellinfo: Instantaneous GPS information: United States, 620 Federal Blvd Building B, Denver, CO 80204, USA
08-10 23:46:16.568 24975 24975 D cellinfo: getCurrentLocation() result: Location (success): 39.7265836, -105.0243563
08-10 23:46:16.604 24975 24975 D cellinfo: onCellInfoChanged: Operator: Verizon Wireless UpdateTimestamp: 31609904 CellConnectionStatus: 1
08-10 23:46:16.604 24975 24975 D cellinfo: onCellInfoChanged: LTE Cell Bands: [66, 66, 2] Bandwidth: 10000 Cell ID: 80462604 Physical Cell ID: 46 Tracking Area Code: 3585 EARFCN: 66586
08-10 23:46:16.645 24975 25049 D cellinfo: 46 bytes from 44.241.174.93: icmp_seq=4105 ttl=26 time=78.9 ms
08-10 23:46:16.844 24975 25049 D cellinfo: 46 bytes from 44.241.174.93: icmp_seq=4106 ttl=26 time=76.8 ms
08-10 23:46:17.037 24975 25049 D cellinfo: 46 bytes from 44.241.174.93: icmp_seq=4107 ttl=26 time=69.0 ms
08-10 23:46:17.237 24975 25049 D cellinfo: 46 bytes from 44.241.174.93: icmp_seq=4108 ttl=26 time=69.3 ms
08-10 23:46:17.435 24975 25049 D cellinfo: 46 bytes from 44.241.174.93: icmp_seq=4109 ttl=26 time=67.2 ms
08-10 23:46:17.637 24975 25049 D cellinfo: 46 bytes from 44.241.174.93: icmp_seq=4110 ttl=26 time=67.0 ms
08-10 23:46:17.835 24975 25049 D cellinfo: 46 bytes from 44.241.174.93: icmp_seq=4111 ttl=26 time=65.3 ms
08-10 23:46:18.036 24975 25049 D cellinfo: 46 bytes from 44.241.174.93: icmp_seq=4112 ttl=26 time=64.5 ms
08-10 23:46:18.238 24975 25049 D cellinfo: 46 bytes from 44.241.174.93: icmp_seq=4113 ttl=26 time=67.3 ms
08-10 23:46:18.445 24975 25049 D cellinfo: 46 bytes from 44.241.174.93: icmp_seq=4114 ttl=26 time=73.9 ms
08-10 23:46:18.636 24975 25049 D cellinfo: 46 bytes from 44.241.174.93: icmp_seq=4115 ttl=26 time=64.0 ms
08-10 23:46:18.837 24975 25049 D cellinfo: 46 bytes from 44.241.174.93: icmp_seq=4116 ttl=26 time=64.3 ms
08-10 23:46:19.039 24975 25049 D cellinfo: 46 bytes from 44.241.174.93: icmp_seq=4117 ttl=26 time=65.2 ms
08-10 23:46:19.244 24975 25049 D cellinfo: 46 bytes from 44.241.174.93: icmp_seq=4118 ttl=26 time=70.9 ms
08-10 23:46:19.454 24975 25049 D cellinfo: 46 bytes from 44.241.174.93: icmp_seq=4119 ttl=26 time=80.1 ms
08-10 23:46:19.613 24975 24975 D cellinfo: onCellInfoChanged: Operator: Verizon Wireless UpdateTimestamp: 31612914 CellConnectionStatus: 1
08-10 23:46:19.613 24975 24975 D cellinfo: onCellInfoChanged: LTE Cell Bands: [66, 66, 2] Bandwidth: 10000 Cell ID: 80462604 Physical Cell ID: 46 Tracking Area Code: 3585 EARFCN: 66586
08-10 23:46:19.650 24975 25049 D cellinfo: 46 bytes from 44.241.174.93: icmp_seq=4120 ttl=26 time=75.1 ms
08-10 23:46:19.845 24975 25049 D cellinfo: 46 bytes from 44.241.174.93: icmp_seq=4121 ttl=26 time=69.6 ms
08-10 23:46:20.046 24975 25049 D cellinfo: 46 bytes from 44.241.174.93: icmp_seq=4122 ttl=26 time=69.0 ms
08-10 23:46:20.247 24975 25049 D cellinfo: 46 bytes from 44.241.174.93: icmp_seq=4123 ttl=26 time=70.6 ms
08-10 23:46:20.446 24975 25049 D cellinfo: 46 bytes from 44.241.174.93: icmp_seq=4124 ttl=26 time=69.2 ms
08-10 23:46:20.635 24975 24975 D cellinfo: Latitude is 39.7268428
08-10 23:46:20.635 24975 24975 D cellinfo: Longitude is -105.0243702
08-10 23:46:20.635 24975 24975 D cellinfo: Instantaneous GPS information: United States, 600 Federal Blvd, Denver, CO 80204, USA
08-10 23:46:20.635 24975 24975 D cellinfo: getCurrentLocation() result: Location (success): 39.7268428, -105.0243702
08-10 23:46:20.646 24975 25049 D cellinfo: 46 bytes from 44.241.174.93: icmp_seq=4125 ttl=26 time=67.4 ms
08-10 23:46:20.847 24975 25049 D cellinfo: 46 bytes from 44.241.174.93: icmp_seq=4126 ttl=26 time=68.5 ms
08-10 23:46:21.057 24975 25049 D cellinfo: 46 bytes from 44.241.174.93: icmp_seq=4127 ttl=26 time=76.7 ms
08-10 23:46:21.254 24975 25049 D cellinfo: 46 bytes from 44.241.174.93: icmp_seq=4128 ttl=26 time=74.4 ms
08-10 23:46:21.457 24975 25049 D cellinfo: 46 bytes from 44.241.174.93: icmp_seq=4129 ttl=26 time=76.2 ms
08-10 23:46:21.659 24975 25049 D cellinfo: 46 bytes from 44.241.174.93: icmp_seq=4130 ttl=26 time=77.5 ms
08-10 23:46:21.846 24975 25049 D cellinfo: 46 bytes from 44.241.174.93: icmp_seq=4131 ttl=26 time=63.7 ms
08-10 23:46:22.047 24975 25049 D cellinfo: 46 bytes from 44.241.174.93: icmp_seq=4132 ttl=26 time=64.7 ms
08-10 23:46:22.246 24975 25049 D cellinfo: 46 bytes from 44.241.174.93: icmp_seq=4133 ttl=26 time=63.9 ms
08-10 23:46:22.446 24975 25049 D cellinfo: 46 bytes from 44.241.174.93: icmp_seq=4134 ttl=26 time=63.0 ms
08-10 23:46:22.532 24975 24975 D cellinfo: onsignalStrengthsChanged: LTE Signal Strength info: rsrp: -92 rsrq: -10 rssi: -75 rssnr: 2
08-10 23:46:22.573 24975 24975 D cellinfo: Latitude is 39.7268428
08-10 23:46:22.573 24975 24975 D cellinfo: Longitude is -105.0243702
08-10 23:46:22.573 24975 24975 D cellinfo: Instantaneous GPS information: United States, 600 Federal Blvd, Denver, CO 80204, USA
08-10 23:46:22.573 24975 24975 D cellinfo: getCurrentLocation() result: Location (success): 39.7268428, -105.0243702
08-10 23:46:22.615 24975 24975 D cellinfo: onCellInfoChanged: Operator: Verizon Wireless UpdateTimestamp: 31615916 CellConnectionStatus: 1
08-10 23:46:22.615 24975 24975 D cellinfo: onCellInfoChanged: LTE Cell Bands: [66, 66, 2] Bandwidth: 10000 Cell ID: 80462604 Physical Cell ID: 46 Tracking Area Code: 3585 EARFCN: 66586
08-10 23:46:22.658 24975 25049 D cellinfo: 46 bytes from 44.241.174.93: icmp_seq=4135 ttl=26 time=75.0 ms
08-10 23:46:22.856 24975 25049 D cellinfo: 46 bytes from 44.241.174.93: icmp_seq=4136 ttl=26 time=71.8 ms
08-10 23:46:23.064 24975 25049 D cellinfo: 46 bytes from 44.241.174.93: icmp_seq=4137 ttl=26 time=78.9 ms
08-10 23:46:23.256 24975 25049 D cellinfo: 46 bytes from 44.241.174.93: icmp_seq=4138 ttl=26 time=71.2 ms
08-10 23:46:23.457 24975 25049 D cellinfo: 46 bytes from 44.241.174.93: icmp_seq=4139 ttl=26 time=71.5 ms
08-10 23:46:23.659 24975 25049 D cellinfo: 46 bytes from 44.241.174.93: icmp_seq=4140 ttl=26 time=72.5 ms
08-10 23:46:23.861 24975 25049 D cellinfo: 46 bytes from 44.241.174.93: icmp_seq=4141 ttl=26 time=74.4 ms
08-10 23:46:24.056 24975 25049 D cellinfo: 46 bytes from 44.241.174.93: icmp_seq=4142 ttl=26 time=68.9 ms
08-10 23:46:24.255 24975 25049 D cellinfo: 46 bytes from 44.241.174.93: icmp_seq=4143 ttl=26 time=68.2 ms
08-10 23:46:24.456 24975 25049 D cellinfo: 46 bytes from 44.241.174.93: icmp_seq=4144 ttl=26 time=68.1 ms
08-10 23:46:24.656 24975 25049 D cellinfo: 46 bytes from 44.241.174.93: icmp_seq=4145 ttl=26 time=66.9 ms
08-10 23:46:24.856 24975 25049 D cellinfo: 46 bytes from 44.241.174.93: icmp_seq=4146 ttl=26 time=66.1 ms
08-10 23:46:25.057 24975 25049 D cellinfo: 46 bytes from 44.241.174.93: icmp_seq=4147 ttl=26 time=66.3 ms
08-10 23:46:25.256 24975 25049 D cellinfo: 46 bytes from 44.241.174.93: icmp_seq=4148 ttl=26 time=64.9 ms
08-10 23:46:25.456 24975 25049 D cellinfo: 46 bytes from 44.241.174.93: icmp_seq=4149 ttl=26 time=63.9 ms
08-10 23:46:25.532 24975 24975 D cellinfo: onsignalStrengthsChanged: LTE Signal Strength info: rsrp: -95 rsrq: -9 rssi: -79 rssnr: 6
08-10 23:46:25.661 24975 25049 D cellinfo: 46 bytes from 44.241.174.93: icmp_seq=4150 ttl=26 time=68.1 ms
08-10 23:46:25.852 24975 25049 D cellinfo: 46 bytes from 44.241.174.93: icmp_seq=4151 ttl=26 time=57.7 ms
08-10 23:46:25.949 24975 24975 D cellinfo: Latitude is 39.726833
08-10 23:46:25.949 24975 24975 D cellinfo: Longitude is -105.024408
08-10 23:46:25.949 24975 24975 D cellinfo: Instantaneous GPS information: United States, 600 Federal Blvd, Denver, CO 80204, USA
08-10 23:46:25.949 24975 24975 D cellinfo: getCurrentLocation() result: Location (success): 39.726833, -105.024408
08-10 23:46:25.953 24975 24975 D cellinfo: onCellInfoChanged: Operator: Verizon Wireless UpdateTimestamp: 31618898 CellConnectionStatus: 1
08-10 23:46:25.954 24975 24975 D cellinfo: onCellInfoChanged: LTE Cell Bands: [66, 66, 2] Bandwidth: 10000 Cell ID: 80462604 Physical Cell ID: 46 Tracking Area Code: 3585 EARFCN: 66586
08-10 23:46:26.067 24975 25049 D cellinfo: 46 bytes from 44.241.174.93: icmp_seq=4152 ttl=26 time=71.8 ms
08-10 23:46:26.265 24975 25049 D cellinfo: 46 bytes from 44.241.174.93: icmp_seq=4153 ttl=26 time=70.8 ms
08-10 23:46:26.466 24975 25049 D cellinfo: 46 bytes from 44.241.174.93: icmp_seq=4154 ttl=26 time=70.7 ms
08-10 23:46:26.666 24975 25049 D cellinfo: 46 bytes from 44.241.174.93: icmp_seq=4155 ttl=26 time=70.6 ms
08-10 23:46:26.876 24975 25049 D cellinfo: 46 bytes from 44.241.174.93: icmp_seq=4156 ttl=26 time=79.4 ms
08-10 23:46:27.077 24975 25049 D cellinfo: 46 bytes from 44.241.174.93: icmp_seq=4157 ttl=26 time=80.0 ms
08-10 23:46:27.267 24975 25049 D cellinfo: 46 bytes from 44.241.174.93: icmp_seq=4158 ttl=26 time=70.8 ms
08-10 23:46:27.466 24975 25049 D cellinfo: 46 bytes from 44.241.174.93: icmp_seq=4159 ttl=26 time=69.0 ms
08-10 23:46:27.666 24975 25049 D cellinfo: 46 bytes from 44.241.174.93: icmp_seq=4160 ttl=26 time=67.6 ms
08-10 23:46:27.866 24975 25049 D cellinfo: 46 bytes from 44.241.174.93: icmp_seq=4161 ttl=26 time=67.4 ms
08-10 23:46:28.065 24975 25049 D cellinfo: 46 bytes from 44.241.174.93: icmp_seq=4162 ttl=26 time=64.9 ms
08-10 23:46:28.275 24975 25049 D cellinfo: 46 bytes from 44.241.174.93: icmp_seq=4163 ttl=26 time=74.6 ms
08-10 23:46:28.466 24975 25049 D cellinfo: 46 bytes from 44.241.174.93: icmp_seq=4164 ttl=26 time=65.1 ms
08-10 23:46:28.672 24975 25049 D cellinfo: 46 bytes from 44.241.174.93: icmp_seq=4165 ttl=26 time=70.2 ms
08-10 23:46:28.866 24975 25049 D cellinfo: 46 bytes from 44.241.174.93: icmp_seq=4166 ttl=26 time=63.3 ms
08-10 23:46:28.930 24975 24975 D cellinfo: Latitude is 39.726827
08-10 23:46:28.930 24975 24975 D cellinfo: Longitude is -105.0244324
08-10 23:46:28.930 24975 24975 D cellinfo: Instantaneous GPS information: United States, 600 Federal Blvd, Denver, CO 80204, USA
08-10 23:46:28.930 24975 24975 D cellinfo: getCurrentLocation() result: Location (success): 39.726827, -105.0244324
08-10 23:46:28.933 24975 24975 D cellinfo: onCellInfoChanged: Operator: Verizon Wireless UpdateTimestamp: 31621917 CellConnectionStatus: 1
08-10 23:46:28.934 24975 24975 D cellinfo: onCellInfoChanged: LTE Cell Bands: [66, 66, 2] Bandwidth: 10000 Cell ID: 80462604 Physical Cell ID: 46 Tracking Area Code: 3585 EARFCN: 66586
08-10 23:46:29.076 24975 25049 D cellinfo: 46 bytes from 44.241.174.93: icmp_seq=4167 ttl=26 time=72.0 ms
08-10 23:46:29.277 24975 25049 D cellinfo: 46 bytes from 44.241.174.93: icmp_seq=4168 ttl=26 time=71.8 ms
08-10 23:46:29.476 24975 25049 D cellinfo: 46 bytes from 44.241.174.93: icmp_seq=4169 ttl=26 time=70.4 ms
08-10 23:46:29.676 24975 25049 D cellinfo: 46 bytes from 44.241.174.93: icmp_seq=4170 ttl=26 time=69.4 ms
08-10 23:46:29.876 24975 25049 D cellinfo: 46 bytes from 44.241.174.93: icmp_seq=4171 ttl=26 time=68.3 ms
08-10 23:46:30.075 24975 25049 D cellinfo: 46 bytes from 44.241.174.93: icmp_seq=4172 ttl=26 time=67.2 ms
08-10 23:46:30.275 24975 25049 D cellinfo: 46 bytes from 44.241.174.93: icmp_seq=4173 ttl=26 time=66.4 ms
08-10 23:46:30.475 24975 25049 D cellinfo: 46 bytes from 44.241.174.93: icmp_seq=4174 ttl=26 time=65.6 ms
08-10 23:46:30.528 24975 24975 D cellinfo: onsignalStrengthsChanged: LTE Signal Strength info: rsrp: -98 rsrq: -14 rssi: -77 rssnr: 5
08-10 23:46:30.676 24975 25049 D cellinfo: 46 bytes from 44.241.174.93: icmp_seq=4175 ttl=26 time=65.1 ms
08-10 23:46:30.875 24975 25049 D cellinfo: 46 bytes from 44.241.174.93: icmp_seq=4176 ttl=26 time=63.7 ms
08-10 23:46:31.084 24975 25049 D cellinfo: 46 bytes from 44.241.174.93: icmp_seq=4177 ttl=26 time=70.7 ms
