08-10 22:28:04.184 11747 11794 D cellinfo: 46 bytes from 44.241.174.93: icmp_seq=938 ttl=26 time=67.3 ms
08-10 22:28:04.394 11747 11794 D cellinfo: 46 bytes from 44.241.174.93: icmp_seq=939 ttl=26 time=75.4 ms
08-10 22:28:04.418 11747 11747 D cellinfo: Latitude is 40.641208
08-10 22:28:04.418 11747 11747 D cellinfo: Longitude is -105.1247278
08-10 22:28:04.418 11747 11747 D cellinfo: Instantaneous GPS information: United States, 3687-3521 US-287, Laporte, CO 80535, USA
08-10 22:28:04.418 11747 11747 D cellinfo: getCurrentLocation() result: Location (success): 40.641208, -105.1247278
08-10 22:28:04.423 11747 11747 D cellinfo: onCellInfoChanged: Operator: Verizon Wireless UpdateTimestamp: 26917320 CellConnectionStatus: 1
08-10 22:28:04.423 11747 11747 D cellinfo: onCellInfoChanged: LTE Cell Bands: [13, 4, 2] Bandwidth: 10000 Cell ID: 3987713 Physical Cell ID: 12 Tracking Area Code: 3840 EARFCN: 5230
08-10 22:28:04.586 11747 11794 D cellinfo: 46 bytes from 44.241.174.93: icmp_seq=940 ttl=26 time=67.1 ms
08-10 22:28:04.785 11747 11794 D cellinfo: 46 bytes from 44.241.174.93: icmp_seq=941 ttl=26 time=65.2 ms
08-10 22:28:04.994 11747 11794 D cellinfo: 46 bytes from 44.241.174.93: icmp_seq=942 ttl=26 time=73.2 ms
08-10 22:28:05.195 11747 11794 D cellinfo: 46 bytes from 44.241.174.93: icmp_seq=943 ttl=26 time=72.5 ms
08-10 22:28:05.395 11747 11794 D cellinfo: 46 bytes from 44.241.174.93: icmp_seq=944 ttl=26 time=72.8 ms
08-10 22:28:05.596 11747 11794 D cellinfo: 46 bytes from 44.241.174.93: icmp_seq=945 ttl=26 time=72.4 ms
08-10 22:28:05.796 11747 11794 D cellinfo: 46 bytes from 44.241.174.93: icmp_seq=946 ttl=26 time=71.0 ms
08-10 22:28:05.995 11747 11794 D cellinfo: 46 bytes from 44.241.174.93: icmp_seq=947 ttl=26 time=70.1 ms
08-10 22:28:06.226 11747 11794 D cellinfo: 46 bytes from 44.241.174.93: icmp_seq=948 ttl=26 time=100 ms
08-10 22:28:06.402 11747 11794 D cellinfo: 46 bytes from 44.241.174.93: icmp_seq=949 ttl=26 time=75.1 ms
08-10 22:28:06.596 11747 11794 D cellinfo: 46 bytes from 44.241.174.93: icmp_seq=950 ttl=26 time=67.4 ms
08-10 22:28:06.795 11747 11794 D cellinfo: 46 bytes from 44.241.174.93: icmp_seq=951 ttl=26 time=65.6 ms
08-10 22:28:07.018 11747 11794 D cellinfo: 46 bytes from 44.241.174.93: icmp_seq=952 ttl=26 time=88.3 ms
08-10 22:28:07.190 11747 11794 D cellinfo: 46 bytes from 44.241.174.93: icmp_seq=953 ttl=26 time=59.2 ms
08-10 22:28:07.371 11747 11747 D cellinfo: Latitude is 40.6412304
08-10 22:28:07.371 11747 11747 D cellinfo: Longitude is -105.1247882
08-10 22:28:07.371 11747 11747 D cellinfo: Instantaneous GPS information: United States, 3687-3521 US-287, Laporte, CO 80535, USA
08-10 22:28:07.371 11747 11747 D cellinfo: getCurrentLocation() result: Location (success): 40.6412304, -105.1247882
08-10 22:28:07.375 11747 11747 D cellinfo: onCellInfoChanged: Operator: Verizon Wireless UpdateTimestamp: 26920314 CellConnectionStatus: 1
08-10 22:28:07.375 11747 11747 D cellinfo: onCellInfoChanged: LTE Cell Bands: [13, 4, 2] Bandwidth: 10000 Cell ID: 3987713 Physical Cell ID: 12 Tracking Area Code: 3840 EARFCN: 5230
08-10 22:28:07.412 11747 11794 D cellinfo: 46 bytes from 44.241.174.93: icmp_seq=954 ttl=26 time=80.2 ms
08-10 22:28:07.537 11747 11747 D cellinfo: onsignalStrengthsChanged: LTE Signal Strength info: rsrp: -88 rsrq: -11 rssi: -67 rssnr: 1
08-10 22:28:07.613 11747 11794 D cellinfo: 46 bytes from 44.241.174.93: icmp_seq=955 ttl=26 time=79.8 ms
08-10 22:28:07.812 11747 11794 D cellinfo: 46 bytes from 44.241.174.93: icmp_seq=956 ttl=26 time=78.7 ms
08-10 22:28:08.012 11747 11794 D cellinfo: 46 bytes from 44.241.174.93: icmp_seq=957 ttl=26 time=78.4 ms
08-10 22:28:08.214 11747 11794 D cellinfo: 46 bytes from 44.241.174.93: icmp_seq=958 ttl=26 time=79.4 ms
08-10 22:28:08.408 11747 11794 D cellinfo: 46 bytes from 44.241.174.93: icmp_seq=959 ttl=26 time=74.0 ms
08-10 22:28:08.605 11747 11794 D cellinfo: 46 bytes from 44.241.174.93: icmp_seq=960 ttl=26 time=70.3 ms
08-10 22:28:08.822 11747 11794 D cellinfo: 46 bytes from 44.241.174.93: icmp_seq=961 ttl=26 time=86.0 ms
08-10 22:28:09.008 11747 11794 D cellinfo: 46 bytes from 44.241.174.93: icmp_seq=962 ttl=26 time=70.3 ms
08-10 22:28:09.208 11747 11794 D cellinfo: 46 bytes from 44.241.174.93: icmp_seq=963 ttl=26 time=71.0 ms
08-10 22:28:09.418 11747 11794 D cellinfo: 46 bytes from 44.241.174.93: icmp_seq=964 ttl=26 time=79.9 ms
08-10 22:28:09.606 11747 11794 D cellinfo: 46 bytes from 44.241.174.93: icmp_seq=965 ttl=26 time=67.0 ms
08-10 22:28:09.826 11747 11794 D cellinfo: 46 bytes from 44.241.174.93: icmp_seq=966 ttl=26 time=86.9 ms
08-10 22:28:10.013 11747 11747 D cellinfo: onCellInfoChanged: Operator: Verizon Wireless UpdateTimestamp: 26923314 CellConnectionStatus: 1
08-10 22:28:10.013 11747 11747 D cellinfo: onCellInfoChanged: LTE Cell Bands: [13, 4, 2] Bandwidth: 10000 Cell ID: 3987713 Physical Cell ID: 12 Tracking Area Code: 3840 EARFCN: 5230
08-10 22:28:10.018 11747 11794 D cellinfo: 46 bytes from 44.241.174.93: icmp_seq=967 ttl=26 time=77.4 ms
08-10 22:28:10.209 11747 11794 D cellinfo: 46 bytes from 44.241.174.93: icmp_seq=968 ttl=26 time=69.3 ms
08-10 22:28:10.416 11747 11794 D cellinfo: 46 bytes from 44.241.174.93: icmp_seq=969 ttl=26 time=75.1 ms
08-10 22:28:10.586 11747 11747 D cellinfo: Latitude is 40.6392449
08-10 22:28:10.587 11747 11747 D cellinfo: Longitude is -105.1217309
08-10 22:28:10.587 11747 11747 D cellinfo: Instantaneous GPS information: United States, 3519-3129 US-287, Fort Collins, CO 80524, USA
08-10 22:28:10.587 11747 11747 D cellinfo: getCurrentLocation() result: Location (success): 40.6392449, -105.1217309
08-10 22:28:10.675 11747 11794 D cellinfo: 46 bytes from 44.241.174.93: icmp_seq=970 ttl=26 time=133 ms
08-10 22:28:10.743 11747 11747 D cellinfo: onServiceStateChanged: Channel Number: 5230 Cell Bandwidths: [10000, 10000, 5000]
08-10 22:28:10.814 11747 11794 D cellinfo: 46 bytes from 44.241.174.93: icmp_seq=971 ttl=26 time=70.5 ms
08-10 22:28:11.014 11747 11794 D cellinfo: 46 bytes from 44.241.174.93: icmp_seq=972 ttl=26 time=71.2 ms
08-10 22:28:11.214 11747 11794 D cellinfo: 46 bytes from 44.241.174.93: icmp_seq=973 ttl=26 time=71.5 ms
08-10 22:28:11.418 11747 11794 D cellinfo: 46 bytes from 44.241.174.93: icmp_seq=974 ttl=26 time=74.2 ms
08-10 22:28:11.616 11747 11794 D cellinfo: 46 bytes from 44.241.174.93: icmp_seq=975 ttl=26 time=71.0 ms
08-10 22:28:11.770 11747 11747 D cellinfo: onsignalStrengthsChanged: LTE Signal Strength info: rsrp: -83 rsrq: -10 rssi: -67 rssnr: 6
08-10 22:28:11.817 11747 11794 D cellinfo: 46 bytes from 44.241.174.93: icmp_seq=976 ttl=26 time=72.4 ms
08-10 22:28:12.015 11747 11794 D cellinfo: 46 bytes from 44.241.174.93: icmp_seq=977 ttl=26 time=69.0 ms
08-10 22:28:12.214 11747 11794 D cellinfo: 46 bytes from 44.241.174.93: icmp_seq=978 ttl=26 time=66.6 ms
08-10 22:28:12.413 11747 11794 D cellinfo: 46 bytes from 44.241.174.93: icmp_seq=979 ttl=26 time=65.7 ms
08-10 22:28:12.613 11747 11794 D cellinfo: 46 bytes from 44.241.174.93: icmp_seq=980 ttl=26 time=65.2 ms
08-10 22:28:12.815 11747 11794 D cellinfo: 46 bytes from 44.241.174.93: icmp_seq=981 ttl=26 time=66.3 ms
08-10 22:28:12.985 11747 11747 D cellinfo: Latitude is 40.6392449
08-10 22:28:12.985 11747 11747 D cellinfo: Longitude is -105.1217309
08-10 22:28:12.985 11747 11747 D cellinfo: Instantaneous GPS information: United States, 3519-3129 US-287, Fort Collins, CO 80524, USA
08-10 22:28:12.985 11747 11747 D cellinfo: getCurrentLocation() result: Location (success): 40.6392449, -105.1217309
08-10 22:28:13.023 11747 11794 D cellinfo: 46 bytes from 44.241.174.93: icmp_seq=982 ttl=26 time=73.2 ms
08-10 22:28:13.034 11747 11747 D cellinfo: onCellInfoChanged: Operator: Verizon Wireless UpdateTimestamp: 26926335 CellConnectionStatus: 1
08-10 22:28:13.035 11747 11747 D cellinfo: onCellInfoChanged: LTE Cell Bands: [13, 4, 2] Bandwidth: 10000 Cell ID: 3987714 Physical Cell ID: 13 Tracking Area Code: 3840 EARFCN: 5230
08-10 22:28:13.214 11747 11794 D cellinfo: 46 bytes from 44.241.174.93: icmp_seq=983 ttl=26 time=64.5 ms
08-10 22:28:13.427 11747 11794 D cellinfo: 46 bytes from 44.241.174.93: icmp_seq=984 ttl=26 time=76.7 ms
08-10 22:28:13.635 11747 11794 D cellinfo: 46 bytes from 44.241.174.93: icmp_seq=985 ttl=26 time=84.2 ms
08-10 22:28:13.822 11747 11794 D cellinfo: 46 bytes from 44.241.174.93: icmp_seq=986 ttl=26 time=70.1 ms
08-10 22:28:14.023 11747 11794 D cellinfo: 46 bytes from 44.241.174.93: icmp_seq=987 ttl=26 time=70.3 ms
08-10 22:28:14.223 11747 11794 D cellinfo: 46 bytes from 44.241.174.93: icmp_seq=988 ttl=26 time=70.6 ms
08-10 22:28:14.424 11747 11794 D cellinfo: 46 bytes from 44.241.174.93: icmp_seq=989 ttl=26 time=70.3 ms
08-10 22:28:14.626 11747 11794 D cellinfo: 46 bytes from 44.241.174.93: icmp_seq=990 ttl=26 time=72.4 ms
08-10 22:28:14.773 11747 11747 D cellinfo: onsignalStrengthsChanged: LTE Signal Strength info: rsrp: -83 rsrq: -8 rssi: -67 rssnr: 10
08-10 22:28:14.824 11747 11794 D cellinfo: 46 bytes from 44.241.174.93: icmp_seq=991 ttl=26 time=69.3 ms
08-10 22:28:15.024 11747 11794 D cellinfo: 46 bytes from 44.241.174.93: icmp_seq=992 ttl=26 time=69.0 ms
08-10 22:28:15.225 11747 11794 D cellinfo: 46 bytes from 44.241.174.93: icmp_seq=993 ttl=26 time=70.2 ms
08-10 22:28:15.423 11747 11794 D cellinfo: 46 bytes from 44.241.174.93: icmp_seq=994 ttl=26 time=68.0 ms
08-10 22:28:15.626 11747 11794 D cellinfo: 46 bytes from 44.241.174.93: icmp_seq=995 ttl=26 time=69.2 ms
08-10 22:28:15.823 11747 11794 D cellinfo: 46 bytes from 44.241.174.93: icmp_seq=996 ttl=26 time=66.0 ms
08-10 22:28:16.023 11747 11794 D cellinfo: 46 bytes from 44.241.174.93: icmp_seq=997 ttl=26 time=65.1 ms
08-10 22:28:16.223 11747 11794 D cellinfo: 46 bytes from 44.241.174.93: icmp_seq=998 ttl=26 time=64.4 ms
08-10 22:28:16.392 11747 11747 D cellinfo: Latitude is 40.6387774
08-10 22:28:16.392 11747 11747 D cellinfo: Longitude is -105.1210218
08-10 22:28:16.392 11747 11747 D cellinfo: Instantaneous GPS information: United States, 3519-3129 US-287, Fort Collins, CO 80524, USA
08-10 22:28:16.392 11747 11747 D cellinfo: getCurrentLocation() result: Location (success): 40.6387774, -105.1210218
08-10 22:28:16.397 11747 11747 D cellinfo: onCellInfoChanged: Operator: Verizon Wireless UpdateTimestamp: 26929328 CellConnectionStatus: 1
08-10 22:28:16.397 11747 11747 D cellinfo: onCellInfoChanged: LTE Cell Bands: [13, 4, 2] Bandwidth: 10000 Cell ID: 3987714 Physical Cell ID: 13 Tracking Area Code: 3840 EARFCN: 5230
08-10 22:28:16.424 11747 11794 D cellinfo: 46 bytes from 44.241.174.93: icmp_seq=999 ttl=26 time=64.5 ms
08-10 22:28:16.631 11747 11794 D cellinfo: 46 bytes from 44.241.174.93: icmp_seq=1000 ttl=26 time=72.0 ms
08-10 22:28:16.834 11747 11794 D cellinfo: 46 bytes from 44.241.174.93: icmp_seq=1001 ttl=26 time=73.6 ms
08-10 22:28:17.034 11747 11794 D cellinfo: 46 bytes from 44.241.174.93: icmp_seq=1002 ttl=26 time=73.1 ms
08-10 22:28:17.235 11747 11794 D cellinfo: 46 bytes from 44.241.174.93: icmp_seq=1003 ttl=26 time=74.2 ms
08-10 22:28:17.435 11747 11794 D cellinfo: 46 bytes from 44.241.174.93: icmp_seq=1004 ttl=26 time=72.8 ms
08-10 22:28:17.634 11747 11794 D cellinfo: 46 bytes from 44.241.174.93: icmp_seq=1005 ttl=26 time=71.3 ms
08-10 22:28:17.833 11747 11794 D cellinfo: 46 bytes from 44.241.174.93: icmp_seq=1006 ttl=26 time=70.5 ms
08-10 22:28:18.034 11747 11794 D cellinfo: 46 bytes from 44.241.174.93: icmp_seq=1007 ttl=26 time=70.2 ms
08-10 22:28:18.234 11747 11794 D cellinfo: 46 bytes from 44.241.174.93: icmp_seq=1008 ttl=26 time=71.8 ms
08-10 22:28:18.435 11747 11794 D cellinfo: 46 bytes from 44.241.174.93: icmp_seq=1009 ttl=26 time=71.3 ms
08-10 22:28:18.634 11747 11794 D cellinfo: 46 bytes from 44.241.174.93: icmp_seq=1010 ttl=26 time=69.1 ms
08-10 22:28:18.771 11747 11747 D cellinfo: onsignalStrengthsChanged: LTE Signal Strength info: rsrp: -82 rsrq: -8 rssi: -65 rssnr: 14
08-10 22:28:18.834 11747 11794 D cellinfo: 46 bytes from 44.241.174.93: icmp_seq=1011 ttl=26 time=68.1 ms
08-10 22:28:19.034 11747 11794 D cellinfo: 46 bytes from 44.241.174.93: icmp_seq=1012 ttl=26 time=67.5 ms
08-10 22:28:19.235 11747 11794 D cellinfo: 46 bytes from 44.241.174.93: icmp_seq=1013 ttl=26 time=67.6 ms
08-10 22:28:19.325 11747 11747 D cellinfo: Latitude is 40.6385318
08-10 22:28:19.325 11747 11747 D cellinfo: Longitude is -105.1206487
08-10 22:28:19.325 11747 11747 D cellinfo: Instantaneous GPS information: United States, 3519-3129 US-287, Fort Collins, CO 80524, USA
08-10 22:28:19.325 11747 11747 D cellinfo: getCurrentLocation() result: Location (success): 40.6385318, -105.1206487
08-10 22:28:19.330 11747 11747 D cellinfo: onCellInfoChanged: Operator: Verizon Wireless UpdateTimestamp: 26932317 CellConnectionStatus: 1
08-10 22:28:19.330 11747 11747 D cellinfo: onCellInfoChanged: LTE Cell Bands: [13, 4, 2] Bandwidth: 10000 Cell ID: 3987714 Physical Cell ID: 13 Tracking Area Code: 3840 EARFCN: 5230
08-10 22:28:19.436 11747 11794 D cellinfo: 46 bytes from 44.241.174.93: icmp_seq=1014 ttl=26 time=68.3 ms
08-10 22:28:19.640 11747 11794 D cellinfo: 46 bytes from 44.241.174.93: icmp_seq=1015 ttl=26 time=70.9 ms
08-10 22:28:19.843 11747 11794 D cellinfo: 46 bytes from 44.241.174.93: icmp_seq=1016 ttl=26 time=74.2 ms
08-10 22:28:20.045 11747 11794 D cellinfo: 46 bytes from 44.241.174.93: icmp_seq=1017 ttl=26 time=74.6 ms
08-10 22:28:20.245 11747 11794 D cellinfo: 46 bytes from 44.241.174.93: icmp_seq=1018 ttl=26 time=76.0 ms
08-10 22:28:20.444 11747 11794 D cellinfo: 46 bytes from 44.241.174.93: icmp_seq=1019 ttl=26 time=73.2 ms
08-10 22:28:20.646 11747 11794 D cellinfo: 46 bytes from 44.241.174.93: icmp_seq=1020 ttl=26 time=74.0 ms
08-10 22:28:20.845 11747 11794 D cellinfo: 46 bytes from 44.241.174.93: icmp_seq=1021 ttl=26 time=72.0 ms
08-10 22:28:21.044 11747 11794 D cellinfo: 46 bytes from 44.241.174.93: icmp_seq=1022 ttl=26 time=70.0 ms
08-10 22:28:21.244 11747 11794 D cellinfo: 46 bytes from 44.241.174.93: icmp_seq=1023 ttl=26 time=71.0 ms
08-10 22:28:21.444 11747 11794 D cellinfo: 46 bytes from 44.241.174.93: icmp_seq=1024 ttl=26 time=69.4 ms
08-10 22:28:21.648 11747 11794 D cellinfo: 46 bytes from 44.241.174.93: icmp_seq=1025 ttl=26 time=73.0 ms
08-10 22:28:21.844 11747 11794 D cellinfo: 46 bytes from 44.241.174.93: icmp_seq=1026 ttl=26 time=68.1 ms
08-10 22:28:22.016 11747 11747 D cellinfo: onCellInfoChanged: Operator: Verizon Wireless UpdateTimestamp: 26935318 CellConnectionStatus: 1
08-10 22:28:22.016 11747 11747 D cellinfo: onCellInfoChanged: LTE Cell Bands: [13, 4, 2] Bandwidth: 10000 Cell ID: 3987714 Physical Cell ID: 13 Tracking Area Code: 3840 EARFCN: 5230
08-10 22:28:22.043 11747 11794 D cellinfo: 46 bytes from 44.241.174.93: icmp_seq=1027 ttl=26 time=66.6 ms
08-10 22:28:22.247 11747 11794 D cellinfo: 46 bytes from 44.241.174.93: icmp_seq=1028 ttl=26 time=70.3 ms
08-10 22:28:22.442 11747 11794 D cellinfo: 46 bytes from 44.241.174.93: icmp_seq=1029 ttl=26 time=63.4 ms
08-10 22:28:22.523 11747 11747 D cellinfo: Latitude is 40.6369114
08-10 22:28:22.523 11747 11747 D cellinfo: Longitude is -105.1182448
08-10 22:28:22.523 11747 11747 D cellinfo: Instantaneous GPS information: United States, 3519-3129 US-287, Fort Collins, CO 80524, USA
08-10 22:28:22.524 11747 11747 D cellinfo: getCurrentLocation() result: Location (success): 40.6369114, -105.1182448
08-10 22:28:22.663 11747 11794 D cellinfo: 46 bytes from 44.241.174.93: icmp_seq=1030 ttl=26 time=83.9 ms
08-10 22:28:22.855 11747 11794 D cellinfo: 46 bytes from 44.241.174.93: icmp_seq=1031 ttl=26 time=75.0 ms
08-10 22:28:23.054 11747 11794 D cellinfo: 46 bytes from 44.241.174.93: icmp_seq=1032 ttl=26 time=73.7 ms
08-10 22:28:23.254 11747 11794 D cellinfo: 46 bytes from 44.241.174.93: icmp_seq=1033 ttl=26 time=73.7 ms
08-10 22:28:23.456 11747 11794 D cellinfo: 46 bytes from 44.241.174.93: icmp_seq=1034 ttl=26 time=74.9 ms
08-10 22:28:23.656 11747 11794 D cellinfo: 46 bytes from 44.241.174.93: icmp_seq=1035 ttl=26 time=74.2 ms
08-10 22:28:23.856 11747 11794 D cellinfo: 46 bytes from 44.241.174.93: icmp_seq=1036 ttl=26 time=73.3 ms
08-10 22:28:24.061 11747 11794 D cellinfo: 46 bytes from 44.241.174.93: icmp_seq=1037 ttl=26 time=76.5 ms
08-10 22:28:24.257 11747 11794 D cellinfo: 46 bytes from 44.241.174.93: icmp_seq=1038 ttl=26 time=73.2 ms
08-10 22:28:24.454 11747 11794 D cellinfo: 46 bytes from 44.241.174.93: icmp_seq=1039 ttl=26 time=69.0 ms
08-10 22:28:24.655 11747 11794 D cellinfo: 46 bytes from 44.241.174.93: icmp_seq=1040 ttl=26 time=69.1 ms
08-10 22:28:24.854 11747 11794 D cellinfo: 46 bytes from 44.241.174.93: icmp_seq=1041 ttl=26 time=67.1 ms
08-10 22:28:24.978 11747 11747 D cellinfo: Latitude is 40.6369114
08-10 22:28:24.978 11747 11747 D cellinfo: Longitude is -105.1182448
08-10 22:28:24.978 11747 11747 D cellinfo: Instantaneous GPS information: United States, 3519-3129 US-287, Fort Collins, CO 80524, USA
08-10 22:28:24.978 11747 11747 D cellinfo: getCurrentLocation() result: Location (success): 40.6369114, -105.1182448
08-10 22:28:25.028 11747 11747 D cellinfo: onCellInfoChanged: Operator: Verizon Wireless UpdateTimestamp: 26938328 CellConnectionStatus: 1
08-10 22:28:25.028 11747 11747 D cellinfo: onCellInfoChanged: LTE Cell Bands: [13, 4, 2] Bandwidth: 10000 Cell ID: 3987714 Physical Cell ID: 13 Tracking Area Code: 3840 EARFCN: 5230
08-10 22:28:25.056 11747 11794 D cellinfo: 46 bytes from 44.241.174.93: icmp_seq=1042 ttl=26 time=69.1 ms
08-10 22:28:25.254 11747 11794 D cellinfo: 46 bytes from 44.241.174.93: icmp_seq=1043 ttl=26 time=66.4 ms
08-10 22:28:25.456 11747 11794 D cellinfo: 46 bytes from 44.241.174.93: icmp_seq=1044 ttl=26 time=67.2 ms
08-10 22:28:25.665 11747 11794 D cellinfo: 46 bytes from 44.241.174.93: icmp_seq=1045 ttl=26 time=76.1 ms
08-10 22:28:25.866 11747 11794 D cellinfo: 46 bytes from 44.241.174.93: icmp_seq=1046 ttl=26 time=76.3 ms
08-10 22:28:26.070 11747 11794 D cellinfo: 46 bytes from 44.241.174.93: icmp_seq=1047 ttl=26 time=77.9 ms
08-10 22:28:26.264 11747 11794 D cellinfo: 46 bytes from 44.241.174.93: icmp_seq=1048 ttl=26 time=72.4 ms
08-10 22:28:26.463 11747 11794 D cellinfo: 46 bytes from 44.241.174.93: icmp_seq=1049 ttl=26 time=70.1 ms
08-10 22:28:26.664 11747 11794 D cellinfo: 46 bytes from 44.241.174.93: icmp_seq=1050 ttl=26 time=69.9 ms
08-10 22:28:26.864 11747 11794 D cellinfo: 46 bytes from 44.241.174.93: icmp_seq=1051 ttl=26 time=69.2 ms
08-10 22:28:27.064 11747 11794 D cellinfo: 46 bytes from 44.241.174.93: icmp_seq=1052 ttl=26 time=68.1 ms
08-10 22:28:27.264 11747 11794 D cellinfo: 46 bytes from 44.241.174.93: icmp_seq=1053 ttl=26 time=68.0 ms
08-10 22:28:27.464 11747 11794 D cellinfo: 46 bytes from 44.241.174.93: icmp_seq=1054 ttl=26 time=67.0 ms
08-10 22:28:27.664 11747 11794 D cellinfo: 46 bytes from 44.241.174.93: icmp_seq=1055 ttl=26 time=65.7 ms
08-10 22:28:27.864 11747 11794 D cellinfo: 46 bytes from 44.241.174.93: icmp_seq=1056 ttl=26 time=65.5 ms
08-10 22:28:28.070 11747 11794 D cellinfo: 46 bytes from 44.241.174.93: icmp_seq=1057 ttl=26 time=71.1 ms
08-10 22:28:28.273 11747 11794 D cellinfo: 46 bytes from 44.241.174.93: icmp_seq=1058 ttl=26 time=72.8 ms
08-10 22:28:28.396 11747 11747 D cellinfo: Latitude is 40.6364598
08-10 22:28:28.396 11747 11747 D cellinfo: Longitude is -105.1175599
08-10 22:28:28.396 11747 11747 D cellinfo: Instantaneous GPS information: United States, 3519-3129 US-287, Fort Collins, CO 80524, USA
08-10 22:28:28.396 11747 11747 D cellinfo: getCurrentLocation() result: Location (success): 40.6364598, -105.1175599
08-10 22:28:28.400 11747 11747 D cellinfo: onCellInfoChanged: Operator: Verizon Wireless UpdateTimestamp: 26941327 CellConnectionStatus: 1
08-10 22:28:28.400 11747 11747 D cellinfo: onCellInfoChanged: LTE Cell Bands: [13, 4, 2] Bandwidth: 10000 Cell ID: 3987714 Physical Cell ID: 13 Tracking Area Code: 3840 EARFCN: 5230
08-10 22:28:28.463 11747 11794 D cellinfo: 46 bytes from 44.241.174.93: icmp_seq=1059 ttl=26 time=63.5 ms
08-10 22:28:28.675 11747 11794 D cellinfo: 46 bytes from 44.241.174.93: icmp_seq=1060 ttl=26 time=74.1 ms
08-10 22:28:28.874 11747 11794 D cellinfo: 46 bytes from 44.241.174.93: icmp_seq=1061 ttl=26 time=72.0 ms
08-10 22:28:29.074 11747 11794 D cellinfo: 46 bytes from 44.241.174.93: icmp_seq=1062 ttl=26 time=71.2 ms
08-10 22:28:29.274 11747 11794 D cellinfo: 46 bytes from 44.241.174.93: icmp_seq=1063 ttl=26 time=70.3 ms
08-10 22:28:29.474 11747 11794 D cellinfo: 46 bytes from 44.241.174.93: icmp_seq=1064 ttl=26 time=69.1 ms
08-10 22:28:29.676 11747 11794 D cellinfo: 46 bytes from 44.241.174.93: icmp_seq=1065 ttl=26 time=70.0 ms
08-10 22:28:29.771 11747 11747 D cellinfo: onsignalStrengthsChanged: LTE Signal Strength info: rsrp: -87 rsrq: -10 rssi: -69 rssnr: 11
08-10 22:28:29.881 11747 11794 D cellinfo: 46 bytes from 44.241.174.93: icmp_seq=1066 ttl=26 time=74.9 ms
08-10 22:28:30.074 11747 11794 D cellinfo: 46 bytes from 44.241.174.93: icmp_seq=1067 ttl=26 time=67.4 ms
08-10 22:28:30.284 11747 11794 D cellinfo: 46 bytes from 44.241.174.93: icmp_seq=1068 ttl=26 time=75.2 ms
08-10 22:28:30.482 11747 11794 D cellinfo: 46 bytes from 44.241.174.93: icmp_seq=1069 ttl=26 time=73.2 ms
08-10 22:28:30.684 11747 11794 D cellinfo: 46 bytes from 44.241.174.93: icmp_seq=1070 ttl=26 time=73.4 ms
08-10 22:28:30.884 11747 11794 D cellinfo: 46 bytes from 44.241.174.93: icmp_seq=1071 ttl=26 time=72.5 ms
08-10 22:28:31.081 11747 11794 D cellinfo: 46 bytes from 44.241.174.93: icmp_seq=1072 ttl=26 time=69.2 ms
08-10 22:28:31.285 11747 11794 D cellinfo: 46 bytes from 44.241.174.93: icmp_seq=1073 ttl=26 time=71.3 ms
08-10 22:28:31.391 11747 11747 D cellinfo: Latitude is 40.6362235
08-10 22:28:31.392 11747 11747 D cellinfo: Longitude is -105.117201
08-10 22:28:31.392 11747 11747 D cellinfo: Instantaneous GPS information: United States, 3519-3129 US-287, Fort Collins, CO 80524, USA
08-10 22:28:31.392 11747 11747 D cellinfo: getCurrentLocation() result: Location (success): 40.6362235, -105.117201
08-10 22:28:31.395 11747 11747 D cellinfo: onCellInfoChanged: Operator: Verizon Wireless UpdateTimestamp: 26944330 CellConnectionStatus: 1
08-10 22:28:31.395 11747 11747 D cellinfo: onCellInfoChanged: LTE Cell Bands: [13, 4, 2] Bandwidth: 10000 Cell ID: 3987714 Physical Cell ID: 13 Tracking Area Code: 3840 EARFCN: 5230
08-10 22:28:31.484 11747 11794 D cellinfo: 46 bytes from 44.241.174.93: icmp_seq=1074 ttl=26 time=71.4 ms
08-10 22:28:31.685 11747 11794 D cellinfo: 46 bytes from 44.241.174.93: icmp_seq=1075 ttl=26 time=70.4 ms
08-10 22:28:31.884 11747 11794 D cellinfo: 46 bytes from 44.241.174.93: icmp_seq=1076 ttl=26 time=68.5 ms
08-10 22:28:32.084 11747 11794 D cellinfo: 46 bytes from 44.241.174.93: icmp_seq=1077 ttl=26 time=67.2 ms
08-10 22:28:32.284 11747 11794 D cellinfo: 46 bytes from 44.241.174.93: icmp_seq=1078 ttl=26 time=66.2 ms
08-10 22:28:32.485 11747 11794 D cellinfo: 46 bytes from 44.241.174.93: icmp_seq=1079 ttl=26 time=66.4 ms
08-10 22:28:32.684 11747 11794 D cellinfo: 46 bytes from 44.241.174.93: icmp_seq=1080 ttl=26 time=64.8 ms
08-10 22:28:32.895 11747 11794 D cellinfo: 46 bytes from 44.241.174.93: icmp_seq=1081 ttl=26 time=75.4 ms
08-10 22:28:33.085 11747 11794 D cellinfo: 46 bytes from 44.241.174.93: icmp_seq=1082 ttl=26 time=65.1 ms
08-10 22:28:33.295 11747 11794 D cellinfo: 46 bytes from 44.241.174.93: icmp_seq=1083 ttl=26 time=74.3 ms
08-10 22:28:33.704 11747 11794 D cellinfo: 46 bytes from 44.241.174.93: icmp_seq=1084 ttl=26 time=282 ms
08-10 22:28:33.709 11747 11794 D cellinfo: 46 bytes from 44.241.174.93: icmp_seq=1085 ttl=26 time=85.3 ms
08-10 22:28:33.773 11747 11747 D cellinfo: onsignalStrengthsChanged: LTE Signal Strength info: rsrp: -97 rsrq: -9 rssi: -79 rssnr: 8
08-10 22:28:33.894 11747 11794 D cellinfo: 46 bytes from 44.241.174.93: icmp_seq=1086 ttl=26 time=69.5 ms
08-10 22:28:34.010 11747 11747 D cellinfo: onCellInfoChanged: Operator: Verizon Wireless UpdateTimestamp: 26947312 CellConnectionStatus: 1
08-10 22:28:34.010 11747 11747 D cellinfo: onCellInfoChanged: LTE Cell Bands: [13, 4, 2] Bandwidth: 10000 Cell ID: 3987714 Physical Cell ID: 13 Tracking Area Code: 3840 EARFCN: 5230
08-10 22:28:34.095 11747 11794 D cellinfo: 46 bytes from 44.241.174.93: icmp_seq=1087 ttl=26 time=68.5 ms
08-10 22:28:34.294 11747 11794 D cellinfo: 46 bytes from 44.241.174.93: icmp_seq=1088 ttl=26 time=66.1 ms
08-10 22:28:34.494 11747 11794 D cellinfo: 46 bytes from 44.241.174.93: icmp_seq=1089 ttl=26 time=64.4 ms
08-10 22:28:34.568 11747 11747 D cellinfo: Latitude is 40.6343686
08-10 22:28:34.569 11747 11747 D cellinfo: Longitude is -105.1153632
08-10 22:28:34.569 11747 11747 D cellinfo: Instantaneous GPS information: United States, 3519-3129 US-287, Fort Collins, CO 80524, USA
08-10 22:28:34.569 11747 11747 D cellinfo: getCurrentLocation() result: Location (success): 40.6343686, -105.1153632
08-10 22:28:34.693 11747 11794 D cellinfo: 46 bytes from 44.241.174.93: icmp_seq=1090 ttl=26 time=64.2 ms
08-10 22:28:34.902 11747 11794 D cellinfo: 46 bytes from 44.241.174.93: icmp_seq=1091 ttl=26 time=71.4 ms
08-10 22:28:35.104 11747 11794 D cellinfo: 46 bytes from 44.241.174.93: icmp_seq=1092 ttl=26 time=73.2 ms
08-10 22:28:35.312 11747 11794 D cellinfo: 46 bytes from 44.241.174.93: icmp_seq=1093 ttl=26 time=79.6 ms
08-10 22:28:35.504 11747 11794 D cellinfo: 46 bytes from 44.241.174.93: icmp_seq=1094 ttl=26 time=70.9 ms
08-10 22:28:35.713 11747 11794 D cellinfo: 46 bytes from 44.241.174.93: icmp_seq=1095 ttl=26 time=79.7 ms
08-10 22:28:35.914 11747 11794 D cellinfo: 46 bytes from 44.241.174.93: icmp_seq=1096 ttl=26 time=79.5 ms
08-10 22:28:36.105 11747 11794 D cellinfo: 46 bytes from 44.241.174.93: icmp_seq=1097 ttl=26 time=69.3 ms
08-10 22:28:36.305 11747 11794 D cellinfo: 46 bytes from 44.241.174.93: icmp_seq=1098 ttl=26 time=68.6 ms
08-10 22:28:36.512 11747 11794 D cellinfo: 46 bytes from 44.241.174.93: icmp_seq=1099 ttl=26 time=74.9 ms
08-10 22:28:36.704 11747 11794 D cellinfo: 46 bytes from 44.241.174.93: icmp_seq=1100 ttl=26 time=66.2 ms
08-10 22:28:36.904 11747 11794 D cellinfo: 46 bytes from 44.241.174.93: icmp_seq=1101 ttl=26 time=65.3 ms
08-10 22:28:36.980 11747 11747 D cellinfo: Latitude is 40.6343686
08-10 22:28:36.980 11747 11747 D cellinfo: Longitude is -105.1153632
08-10 22:28:36.980 11747 11747 D cellinfo: Instantaneous GPS information: United States, 3519-3129 US-287, Fort Collins, CO 80524, USA
08-10 22:28:36.980 11747 11747 D cellinfo: getCurrentLocation() result: Location (success): 40.6343686, -105.1153632
08-10 22:28:37.022 11747 11747 D cellinfo: onCellInfoChanged: Operator: Verizon Wireless UpdateTimestamp: 26950321 CellConnectionStatus: 1
08-10 22:28:37.022 11747 11747 D cellinfo: onCellInfoChanged: LTE Cell Bands: [13, 4, 2] Bandwidth: 10000 Cell ID: 3987714 Physical Cell ID: 13 Tracking Area Code: 3840 EARFCN: 5230
08-10 22:28:37.104 11747 11794 D cellinfo: 46 bytes from 44.241.174.93: icmp_seq=1102 ttl=26 time=64.1 ms
08-10 22:28:37.314 11747 11794 D cellinfo: 46 bytes from 44.241.174.93: icmp_seq=1103 ttl=26 time=73.2 ms
08-10 22:28:37.517 11747 11794 D cellinfo: 46 bytes from 44.241.174.93: icmp_seq=1104 ttl=26 time=75.3 ms
08-10 22:28:37.722 11747 11794 D cellinfo: 46 bytes from 44.241.174.93: icmp_seq=1105 ttl=26 time=79.2 ms
08-10 22:28:37.770 11747 11747 D cellinfo: onsignalStrengthsChanged: LTE Signal Strength info: rsrp: -95 rsrq: -11 rssi: -75 rssnr: 5
08-10 22:28:37.914 11747 11794 D cellinfo: 46 bytes from 44.241.174.93: icmp_seq=1106 ttl=26 time=70.0 ms
08-10 22:28:38.113 11747 11794 D cellinfo: 46 bytes from 44.241.174.93: icmp_seq=1107 ttl=26 time=69.3 ms
08-10 22:28:38.322 11747 11794 D cellinfo: 46 bytes from 44.241.174.93: icmp_seq=1108 ttl=26 time=76.9 ms
08-10 22:28:38.521 11747 11794 D cellinfo: 46 bytes from 44.241.174.93: icmp_seq=1109 ttl=26 time=75.5 ms
08-10 22:28:38.721 11747 11794 D cellinfo: 46 bytes from 44.241.174.93: icmp_seq=1110 ttl=26 time=73.6 ms
08-10 22:28:38.914 11747 11794 D cellinfo: 46 bytes from 44.241.174.93: icmp_seq=1111 ttl=26 time=65.4 ms
08-10 22:28:39.122 11747 11794 D cellinfo: 46 bytes from 44.241.174.93: icmp_seq=1112 ttl=26 time=72.9 ms
08-10 22:28:39.324 11747 11794 D cellinfo: 46 bytes from 44.241.174.93: icmp_seq=1113 ttl=26 time=74.1 ms
08-10 22:28:39.540 11747 11794 D cellinfo: 46 bytes from 44.241.174.93: icmp_seq=1114 ttl=26 time=89.4 ms
08-10 22:28:39.724 11747 11794 D cellinfo: 46 bytes from 44.241.174.93: icmp_seq=1115 ttl=26 time=72.5 ms
08-10 22:28:39.924 11747 11794 D cellinfo: 46 bytes from 44.241.174.93: icmp_seq=1116 ttl=26 time=72.1 ms
08-10 22:28:40.112 11747 11794 D cellinfo: 46 bytes from 44.241.174.93: icmp_seq=1117 ttl=26 time=59.0 ms
08-10 22:28:40.326 11747 11794 D cellinfo: 46 bytes from 44.241.174.93: icmp_seq=1118 ttl=26 time=71.2 ms
08-10 22:28:40.467 11747 11747 D cellinfo: Latitude is 40.6338499
08-10 22:28:40.468 11747 11747 D cellinfo: Longitude is -105.1148101
08-10 22:28:40.468 11747 11747 D cellinfo: Instantaneous GPS information: United States, 3224 N Taft Hill Rd, Fort Collins, CO 80524, USA
08-10 22:28:40.468 11747 11747 D cellinfo: getCurrentLocation() result: Location (success): 40.6338499, -105.1148101
08-10 22:28:40.471 11747 11747 D cellinfo: onCellInfoChanged: Operator: Verizon Wireless UpdateTimestamp: 26953327 CellConnectionStatus: 1
08-10 22:28:40.471 11747 11747 D cellinfo: onCellInfoChanged: LTE Cell Bands: [13, 4, 2] Bandwidth: 10000 Cell ID: 3987714 Physical Cell ID: 13 Tracking Area Code: 3840 EARFCN: 5230
08-10 22:28:40.539 11747 11794 D cellinfo: 46 bytes from 44.241.174.93: icmp_seq=1119 ttl=26 time=83.4 ms
08-10 22:28:40.724 11747 11794 D cellinfo: 46 bytes from 44.241.174.93: icmp_seq=1120 ttl=26 time=67.4 ms
08-10 22:28:40.925 11747 11794 D cellinfo: 46 bytes from 44.241.174.93: icmp_seq=1121 ttl=26 time=67.3 ms
08-10 22:28:41.132 11747 11794 D cellinfo: 46 bytes from 44.241.174.93: icmp_seq=1122 ttl=26 time=73.9 ms
08-10 22:28:41.324 11747 11794 D cellinfo: 46 bytes from 44.241.174.93: icmp_seq=1123 ttl=26 time=65.0 ms
08-10 22:28:41.559 11747 11794 D cellinfo: 46 bytes from 44.241.174.93: icmp_seq=1124 ttl=26 time=99.1 ms
08-10 22:28:41.742 11747 11794 D cellinfo: 46 bytes from 44.241.174.93: icmp_seq=1125 ttl=26 time=81.2 ms
08-10 22:28:41.772 11747 11747 D cellinfo: onsignalStrengthsChanged: LTE Signal Strength info: rsrp: -96 rsrq: -11 rssi: -77 rssnr: 0
08-10 22:28:41.942 11747 11794 D cellinfo: 46 bytes from 44.241.174.93: icmp_seq=1126 ttl=26 time=80.3 ms
08-10 22:28:42.134 11747 11794 D cellinfo: 46 bytes from 44.241.174.93: icmp_seq=1127 ttl=26 time=71.0 ms
08-10 22:28:42.342 11747 11794 D cellinfo: 46 bytes from 44.241.174.93: icmp_seq=1128 ttl=26 time=78.8 ms
08-10 22:28:42.544 11747 11794 D cellinfo: 46 bytes from 44.241.174.93: icmp_seq=1129 ttl=26 time=79.6 ms
08-10 22:28:42.735 11747 11794 D cellinfo: 46 bytes from 44.241.174.93: icmp_seq=1130 ttl=26 time=70.7 ms
08-10 22:28:42.935 11747 11794 D cellinfo: 46 bytes from 44.241.174.93: icmp_seq=1131 ttl=26 time=70.2 ms
08-10 22:28:43.131 11747 11794 D cellinfo: 46 bytes from 44.241.174.93: icmp_seq=1132 ttl=26 time=65.0 ms
08-10 22:28:43.351 11747 11794 D cellinfo: 46 bytes from 44.241.174.93: icmp_seq=1133 ttl=26 time=83.3 ms
08-10 22:28:43.399 11747 11747 D cellinfo: Latitude is 40.6335767
08-10 22:28:43.399 11747 11747 D cellinfo: Longitude is -105.1145194
08-10 22:28:43.399 11747 11747 D cellinfo: Instantaneous GPS information: United States, 3224 N Taft Hill Rd, Fort Collins, CO 80524, USA
08-10 22:28:43.399 11747 11747 D cellinfo: getCurrentLocation() result: Location (success): 40.6335767, -105.1145194
08-10 22:28:43.403 11747 11747 D cellinfo: onCellInfoChanged: Operator: Verizon Wireless UpdateTimestamp: 26956328 CellConnectionStatus: 1
08-10 22:28:43.403 11747 11747 D cellinfo: onCellInfoChanged: LTE Cell Bands: [13, 4, 2] Bandwidth: 10000 Cell ID: 3987714 Physical Cell ID: 13 Tracking Area Code: 3840 EARFCN: 5230
08-10 22:28:43.534 11747 11794 D cellinfo: 46 bytes from 44.241.174.93: icmp_seq=1134 ttl=26 time=66.5 ms
08-10 22:28:43.734 11747 11794 D cellinfo: 46 bytes from 44.241.174.93: icmp_seq=1135 ttl=26 time=65.5 ms
08-10 22:28:43.945 11747 11794 D cellinfo: 46 bytes from 44.241.174.93: icmp_seq=1136 ttl=26 time=75.0 ms
08-10 22:28:44.144 11747 11794 D cellinfo: 46 bytes from 44.241.174.93: icmp_seq=1137 ttl=26 time=73.2 ms
08-10 22:28:44.360 11747 11794 D cellinfo: 46 bytes from 44.241.174.93: icmp_seq=1138 ttl=26 time=88.0 ms
08-10 22:28:44.549 11747 11794 D cellinfo: 46 bytes from 44.241.174.93: icmp_seq=1139 ttl=26 time=76.1 ms
08-10 22:28:44.792 11747 11794 D cellinfo: 46 bytes from 44.241.174.93: icmp_seq=1140 ttl=26 time=118 ms
08-10 22:28:44.968 11747 11794 D cellinfo: 46 bytes from 44.241.174.93: icmp_seq=1141 ttl=26 time=92.9 ms
08-10 22:28:45.152 11747 11794 D cellinfo: 46 bytes from 44.241.174.93: icmp_seq=1142 ttl=26 time=75.9 ms
08-10 22:28:45.354 11747 11794 D cellinfo: 46 bytes from 44.241.174.93: icmp_seq=1143 ttl=26 time=76.3 ms
08-10 22:28:45.554 11747 11794 D cellinfo: 46 bytes from 44.241.174.93: icmp_seq=1144 ttl=26 time=76.2 ms
08-10 22:28:45.744 11747 11794 D cellinfo: 46 bytes from 44.241.174.93: icmp_seq=1145 ttl=26 time=65.5 ms
08-10 22:28:45.962 11747 11794 D cellinfo: 46 bytes from 44.241.174.93: icmp_seq=1146 ttl=26 time=82.9 ms
08-10 22:28:46.023 11747 11747 D cellinfo: onCellInfoChanged: Operator: Verizon Wireless UpdateTimestamp: 26959322 CellConnectionStatus: 1
08-10 22:28:46.023 11747 11747 D cellinfo: onCellInfoChanged: LTE Cell Bands: [13, 4, 2] Bandwidth: 10000 Cell ID: 3987714 Physical Cell ID: 13 Tracking Area Code: 3840 EARFCN: 5230
08-10 22:28:46.160 11747 11794 D cellinfo: 46 bytes from 44.241.174.93: icmp_seq=1147 ttl=26 time=80.2 ms
08-10 22:28:46.345 11747 11794 D cellinfo: 46 bytes from 44.241.174.93: icmp_seq=1148 ttl=26 time=64.4 ms
08-10 22:28:46.562 11747 11794 D cellinfo: 46 bytes from 44.241.174.93: icmp_seq=1149 ttl=26 time=80.4 ms
08-10 22:28:46.764 11747 11794 D cellinfo: 46 bytes from 44.241.174.93: icmp_seq=1150 ttl=26 time=82.4 ms
08-10 22:28:46.962 11747 11794 D cellinfo: 46 bytes from 44.241.174.93: icmp_seq=1151 ttl=26 time=79.1 ms
08-10 22:28:47.162 11747 11794 D cellinfo: 46 bytes from 44.241.174.93: icmp_seq=1152 ttl=26 time=78.9 ms
08-10 22:28:47.409 11747 11794 D cellinfo: 46 bytes from 44.241.174.93: icmp_seq=1153 ttl=26 time=123 ms
08-10 22:28:47.562 11747 11794 D cellinfo: 46 bytes from 44.241.174.93: icmp_seq=1154 ttl=26 time=76.5 ms
08-10 22:28:47.681 11747 11747 D cellinfo: Latitude is 40.6316718
08-10 22:28:47.681 11747 11747 D cellinfo: Longitude is -105.1125495
08-10 22:28:47.681 11747 11747 D cellinfo: Instantaneous GPS information: United States, 3118 N 19, Fort Collins, CO 80524, USA
08-10 22:28:47.681 11747 11747 D cellinfo: getCurrentLocation() result: Location (success): 40.6316718, -105.1125495
08-10 22:28:47.755 11747 11794 D cellinfo: 46 bytes from 44.241.174.93: icmp_seq=1155 ttl=26 time=67.2 ms
08-10 22:28:47.773 11747 11747 D cellinfo: onsignalStrengthsChanged: LTE Signal Strength info: rsrp: -94 rsrq: -13 rssi: -73 rssnr: -2
08-10 22:28:47.954 11747 11794 D cellinfo: 46 bytes from 44.241.174.93: icmp_seq=1156 ttl=26 time=67.2 ms
08-10 22:28:48.154 11747 11794 D cellinfo: 46 bytes from 44.241.174.93: icmp_seq=1157 ttl=26 time=66.3 ms
08-10 22:28:48.363 11747 11794 D cellinfo: 46 bytes from 44.241.174.93: icmp_seq=1158 ttl=26 time=74.3 ms
08-10 22:28:48.578 11747 11794 D cellinfo: 46 bytes from 44.241.174.93: icmp_seq=1159 ttl=26 time=88.9 ms
08-10 22:28:48.773 11747 11794 D cellinfo: 46 bytes from 44.241.174.93: icmp_seq=1160 ttl=26 time=83.1 ms
08-10 22:28:48.965 11747 11794 D cellinfo: 46 bytes from 44.241.174.93: icmp_seq=1161 ttl=26 time=73.9 ms
08-10 22:28:48.981 11747 11747 D cellinfo: Latitude is 40.6316718
08-10 22:28:48.981 11747 11747 D cellinfo: Longitude is -105.1125495
08-10 22:28:48.981 11747 11747 D cellinfo: Instantaneous GPS information: United States, 3118 N 19, Fort Collins, CO 80524, USA
08-10 22:28:48.981 11747 11747 D cellinfo: getCurrentLocation() result: Location (success): 40.6316718, -105.1125495
08-10 22:28:49.018 11747 11747 D cellinfo: onCellInfoChanged: Operator: Verizon Wireless UpdateTimestamp: 26962319 CellConnectionStatus: 1
08-10 22:28:49.018 11747 11747 D cellinfo: onCellInfoChanged: LTE Cell Bands: [13, 4, 2] Bandwidth: 10000 Cell ID: 3987714 Physical Cell ID: 13 Tracking Area Code: 3840 EARFCN: 5230
08-10 22:28:49.177 11747 11794 D cellinfo: 46 bytes from 44.241.174.93: icmp_seq=1162 ttl=26 time=85.4 ms
08-10 22:28:49.372 11747 11794 D cellinfo: 46 bytes from 44.241.174.93: icmp_seq=1163 ttl=26 time=79.0 ms
08-10 22:28:49.582 11747 11794 D cellinfo: 46 bytes from 44.241.174.93: icmp_seq=1164 ttl=26 time=88.2 ms
08-10 22:28:49.772 11747 11794 D cellinfo: 46 bytes from 44.241.174.93: icmp_seq=1165 ttl=26 time=77.0 ms
08-10 22:28:49.964 11747 11794 D cellinfo: 46 bytes from 44.241.174.93: icmp_seq=1166 ttl=26 time=68.5 ms
08-10 22:28:50.164 11747 11794 D cellinfo: 46 bytes from 44.241.174.93: icmp_seq=1167 ttl=26 time=67.3 ms
08-10 22:28:50.364 11747 11794 D cellinfo: 46 bytes from 44.241.174.93: icmp_seq=1168 ttl=26 time=66.3 ms
08-10 22:28:50.564 11747 11794 D cellinfo: 46 bytes from 44.241.174.93: icmp_seq=1169 ttl=26 time=65.2 ms
08-10 22:28:50.774 11747 11794 D cellinfo: 46 bytes from 44.241.174.93: icmp_seq=1170 ttl=26 time=74.7 ms
08-10 22:28:50.964 11747 11794 D cellinfo: 46 bytes from 44.241.174.93: icmp_seq=1171 ttl=26 time=64.3 ms
08-10 22:28:51.174 11747 11794 D cellinfo: 46 bytes from 44.241.174.93: icmp_seq=1172 ttl=26 time=73.4 ms
08-10 22:28:51.378 11747 11794 D cellinfo: 46 bytes from 44.241.174.93: icmp_seq=1173 ttl=26 time=76.9 ms
08-10 22:28:51.574 11747 11794 D cellinfo: 46 bytes from 44.241.174.93: icmp_seq=1174 ttl=26 time=72.0 ms
08-10 22:28:51.770 11747 11747 D cellinfo: onsignalStrengthsChanged: LTE Signal Strength info: rsrp: -97 rsrq: -13 rssi: -77 rssnr: -2
08-10 22:28:51.774 11747 11794 D cellinfo: 46 bytes from 44.241.174.93: icmp_seq=1175 ttl=26 time=70.9 ms
08-10 22:28:51.974 11747 11794 D cellinfo: 46 bytes from 44.241.174.93: icmp_seq=1176 ttl=26 time=70.1 ms
08-10 22:28:52.181 11747 11794 D cellinfo: 46 bytes from 44.241.174.93: icmp_seq=1177 ttl=26 time=75.7 ms
08-10 22:28:52.383 11747 11794 D cellinfo: 46 bytes from 44.241.174.93: icmp_seq=1178 ttl=26 time=76.0 ms
08-10 22:28:52.565 11747 11747 D cellinfo: Latitude is 40.6313635
08-10 22:28:52.565 11747 11747 D cellinfo: Longitude is -105.1122091
08-10 22:28:52.565 11747 11747 D cellinfo: Instantaneous GPS information: United States, 3044 N 19, Fort Collins, CO 80524, USA
08-10 22:28:52.565 11747 11747 D cellinfo: getCurrentLocation() result: Location (success): 40.6313635, -105.1122091
08-10 22:28:52.569 11747 11747 D cellinfo: onCellInfoChanged: Operator: Verizon Wireless UpdateTimestamp: 26965333 CellConnectionStatus: 1
08-10 22:28:52.569 11747 11747 D cellinfo: onCellInfoChanged: LTE Cell Bands: [13, 4, 2] Bandwidth: 10000 Cell ID: 3987714 Physical Cell ID: 13 Tracking Area Code: 3840 EARFCN: 5230
08-10 22:28:52.592 11747 11794 D cellinfo: 46 bytes from 44.241.174.93: icmp_seq=1179 ttl=26 time=84.3 ms
08-10 22:28:52.604 11747 11747 D cellinfo: onServiceStateChanged: Channel Number: 5230 Cell Bandwidths: [10000, 10000, 10000, 5000]
08-10 22:28:52.666 11747 11747 D cellinfo: onServiceStateChanged: Channel Number: 5230 Cell Bandwidths: [10000, 10000, 10000, 5000]
08-10 22:28:52.776 11747 11794 D cellinfo: 46 bytes from 44.241.174.93: icmp_seq=1180 ttl=26 time=66.7 ms
08-10 22:28:52.977 11747 11794 D cellinfo: 46 bytes from 44.241.174.93: icmp_seq=1181 ttl=26 time=67.1 ms
08-10 22:28:53.184 11747 11794 D cellinfo: 46 bytes from 44.241.174.93: icmp_seq=1182 ttl=26 time=73.2 ms
08-10 22:28:53.387 11747 11794 D cellinfo: 46 bytes from 44.241.174.93: icmp_seq=1183 ttl=26 time=74.5 ms
08-10 22:28:53.586 11747 11794 D cellinfo: 46 bytes from 44.241.174.93: icmp_seq=1184 ttl=26 time=74.1 ms
08-10 22:28:53.786 11747 11794 D cellinfo: 46 bytes from 44.241.174.93: icmp_seq=1185 ttl=26 time=73.1 ms
08-10 22:28:53.994 11747 11794 D cellinfo: 46 bytes from 44.241.174.93: icmp_seq=1186 ttl=26 time=79.1 ms
08-10 22:28:54.186 11747 11794 D cellinfo: 46 bytes from 44.241.174.93: icmp_seq=1187 ttl=26 time=71.4 ms
08-10 22:28:54.394 11747 11794 D cellinfo: 46 bytes from 44.241.174.93: icmp_seq=1188 ttl=26 time=79.2 ms
08-10 22:28:54.587 11747 11794 D cellinfo: 46 bytes from 44.241.174.93: icmp_seq=1189 ttl=26 time=70.4 ms
08-10 22:28:54.794 11747 11794 D cellinfo: 46 bytes from 44.241.174.93: icmp_seq=1190 ttl=26 time=78.0 ms
08-10 22:28:54.986 11747 11794 D cellinfo: 46 bytes from 44.241.174.93: icmp_seq=1191 ttl=26 time=69.0 ms
08-10 22:28:55.194 11747 11794 D cellinfo: 46 bytes from 44.241.174.93: icmp_seq=1192 ttl=26 time=76.1 ms
08-10 22:28:55.385 11747 11794 D cellinfo: 46 bytes from 44.241.174.93: icmp_seq=1193 ttl=26 time=66.0 ms
08-10 22:28:55.428 11747 11747 D cellinfo: Latitude is 40.6310378
08-10 22:28:55.428 11747 11747 D cellinfo: Longitude is -105.1118498
08-10 22:28:55.428 11747 11747 D cellinfo: Instantaneous GPS information: United States, 3044 N 19, Fort Collins, CO 80524, USA
08-10 22:28:55.428 11747 11747 D cellinfo: getCurrentLocation() result: Location (success): 40.6310378, -105.1118498
08-10 22:28:55.431 11747 11747 D cellinfo: onCellInfoChanged: Operator: Verizon Wireless UpdateTimestamp: 26968327 CellConnectionStatus: 1
08-10 22:28:55.431 11747 11747 D cellinfo: onCellInfoChanged: LTE Cell Bands: [13, 66, 66, 2] Bandwidth: 10000 Cell ID: 3891969 Physical Cell ID: 174 Tracking Area Code: 3840 EARFCN: 5230
08-10 22:28:55.586 11747 11794 D cellinfo: 46 bytes from 44.241.174.93: icmp_seq=1194 ttl=26 time=66.1 ms
08-10 22:28:55.786 11747 11794 D cellinfo: 46 bytes from 44.241.174.93: icmp_seq=1195 ttl=26 time=65.2 ms
08-10 22:28:55.986 11747 11794 D cellinfo: 46 bytes from 44.241.174.93: icmp_seq=1196 ttl=26 time=64.4 ms
08-10 22:28:56.195 11747 11794 D cellinfo: 46 bytes from 44.241.174.93: icmp_seq=1197 ttl=26 time=72.6 ms
08-10 22:28:56.396 11747 11794 D cellinfo: 46 bytes from 44.241.174.93: icmp_seq=1198 ttl=26 time=73.4 ms
08-10 22:28:56.596 11747 11794 D cellinfo: 46 bytes from 44.241.174.93: icmp_seq=1199 ttl=26 time=73.2 ms
08-10 22:28:56.796 11747 11794 D cellinfo: 46 bytes from 44.241.174.93: icmp_seq=1200 ttl=26 time=72.3 ms
08-10 22:28:56.996 11747 11794 D cellinfo: 46 bytes from 44.241.174.93: icmp_seq=1201 ttl=26 time=72.1 ms
08-10 22:28:57.203 11747 11794 D cellinfo: 46 bytes from 44.241.174.93: icmp_seq=1202 ttl=26 time=78.0 ms
08-10 22:28:57.412 11747 11794 D cellinfo: 46 bytes from 44.241.174.93: icmp_seq=1203 ttl=26 time=86.2 ms
08-10 22:28:57.596 11747 11794 D cellinfo: 46 bytes from 44.241.174.93: icmp_seq=1204 ttl=26 time=69.2 ms
08-10 22:28:57.798 11747 11794 D cellinfo: 46 bytes from 44.241.174.93: icmp_seq=1205 ttl=26 time=70.0 ms
08-10 22:28:57.997 11747 11794 D cellinfo: 46 bytes from 44.241.174.93: icmp_seq=1206 ttl=26 time=68.3 ms
08-10 22:28:58.205 11747 11794 D cellinfo: 46 bytes from 44.241.174.93: icmp_seq=1207 ttl=26 time=75.2 ms
08-10 22:28:58.388 11747 11747 D cellinfo: Latitude is 40.6310659
08-10 22:28:58.388 11747 11747 D cellinfo: Longitude is -105.111881
08-10 22:28:58.388 11747 11747 D cellinfo: Instantaneous GPS information: United States, 3044 N 19, Fort Collins, CO 80524, USA
08-10 22:28:58.388 11747 11747 D cellinfo: getCurrentLocation() result: Location (success): 40.6310659, -105.111881
08-10 22:28:58.393 11747 11747 D cellinfo: onCellInfoChanged: Operator: Verizon Wireless UpdateTimestamp: 26971325 CellConnectionStatus: 1
08-10 22:28:58.393 11747 11747 D cellinfo: onCellInfoChanged: LTE Cell Bands: [13, 66, 66, 2] Bandwidth: 10000 Cell ID: 3891969 Physical Cell ID: 174 Tracking Area Code: 3840 EARFCN: 5230
08-10 22:28:58.396 11747 11794 D cellinfo: 46 bytes from 44.241.174.93: icmp_seq=1208 ttl=26 time=64.2 ms
08-10 22:28:58.613 11747 11794 D cellinfo: 46 bytes from 44.241.174.93: icmp_seq=1209 ttl=26 time=80.2 ms
08-10 22:28:58.692 11747 11747 D cellinfo: onsignalStrengthsChanged: LTE Signal Strength info: rsrp: -106 rsrq: -15 rssi: -81 rssnr: -4
08-10 22:28:58.814 11747 11794 D cellinfo: 46 bytes from 44.241.174.93: icmp_seq=1210 ttl=26 time=80.5 ms
08-10 22:28:59.014 11747 11794 D cellinfo: 46 bytes from 44.241.174.93: icmp_seq=1211 ttl=26 time=79.4 ms
08-10 22:28:59.215 11747 11794 D cellinfo: 46 bytes from 44.241.174.93: icmp_seq=1212 ttl=26 time=81.1 ms
08-10 22:28:59.405 11747 11794 D cellinfo: 46 bytes from 44.241.174.93: icmp_seq=1213 ttl=26 time=70.3 ms
08-10 22:28:59.609 11747 11794 D cellinfo: 46 bytes from 44.241.174.93: icmp_seq=1214 ttl=26 time=72.9 ms
08-10 22:28:59.806 11747 11794 D cellinfo: 46 bytes from 44.241.174.93: icmp_seq=1215 ttl=26 time=69.4 ms
08-10 22:29:00.006 11747 11794 D cellinfo: 46 bytes from 44.241.174.93: icmp_seq=1216 ttl=26 time=68.5 ms
08-10 22:29:00.207 11747 11794 D cellinfo: 46 bytes from 44.241.174.93: icmp_seq=1217 ttl=26 time=69.8 ms
08-10 22:29:00.406 11747 11794 D cellinfo: 46 bytes from 44.241.174.93: icmp_seq=1218 ttl=26 time=68.3 ms
08-10 22:29:00.609 11747 11794 D cellinfo: 46 bytes from 44.241.174.93: icmp_seq=1219 ttl=26 time=70.1 ms
08-10 22:29:00.816 11747 11794 D cellinfo: 46 bytes from 44.241.174.93: icmp_seq=1220 ttl=26 time=76.3 ms
08-10 22:29:01.012 11747 11747 D cellinfo: onCellInfoChanged: Operator: Verizon Wireless UpdateTimestamp: 26974312 CellConnectionStatus: 1
08-10 22:29:01.012 11747 11747 D cellinfo: onCellInfoChanged: LTE Cell Bands: [13, 66, 66, 2] Bandwidth: 10000 Cell ID: 3891969 Physical Cell ID: 174 Tracking Area Code: 3840 EARFCN: 5230
08-10 22:29:01.014 11747 11794 D cellinfo: 46 bytes from 44.241.174.93: icmp_seq=1221 ttl=26 time=73.5 ms
08-10 22:29:01.276 11747 11794 D cellinfo: 46 bytes from 44.241.174.93: icmp_seq=1222 ttl=26 time=134 ms
08-10 22:29:01.538 11747 11794 D cellinfo: 46 bytes from 44.241.174.93: icmp_seq=1223 ttl=26 time=196 ms
08-10 22:29:01.618 11747 11794 D cellinfo: 46 bytes from 44.241.174.93: icmp_seq=1224 ttl=26 time=74.6 ms
08-10 22:29:01.787 11747 11747 D cellinfo: Latitude is 40.6292721
08-10 22:29:01.787 11747 11747 D cellinfo: Longitude is -105.1096708
08-10 22:29:01.787 11747 11747 D cellinfo: Instantaneous GPS information: United States, 3220 N 19, Fort Collins, CO 80524, USA
08-10 22:29:01.787 11747 11747 D cellinfo: getCurrentLocation() result: Location (success): 40.6292721, -105.1096708
08-10 22:29:01.792 11747 11747 D cellinfo: onServiceStateChanged: Channel Number: 5230 Cell Bandwidths: [10000, 5000, 10000]
08-10 22:29:01.855 11747 11794 D cellinfo: 46 bytes from 44.241.174.93: icmp_seq=1225 ttl=26 time=112 ms
08-10 22:29:02.015 11747 11794 D cellinfo: 46 bytes from 44.241.174.93: icmp_seq=1226 ttl=26 time=72.1 ms
08-10 22:29:02.215 11747 11794 D cellinfo: 46 bytes from 44.241.174.93: icmp_seq=1227 ttl=26 time=72.2 ms
08-10 22:29:02.424 11747 11794 D cellinfo: 46 bytes from 44.241.174.93: icmp_seq=1228 ttl=26 time=79.3 ms
08-10 22:29:02.492 11747 11747 D cellinfo: onsignalStrengthsChanged: LTE Signal Strength info: rsrp: -103 rsrq: -15 rssi: -81 rssnr: 0
08-10 22:29:02.647 11747 11794 D cellinfo: 46 bytes from 44.241.174.93: icmp_seq=1229 ttl=26 time=102 ms
08-10 22:29:03.076 11747 11794 D cellinfo: 46 bytes from 44.241.174.93: icmp_seq=1230 ttl=26 time=330 ms
08-10 22:29:03.076 11747 11794 D cellinfo: 46 bytes from 44.241.174.93: icmp_seq=1231 ttl=26 time=128 ms
08-10 22:29:03.149 11747 11747 D cellinfo: onServiceStateChanged: Channel Number: 5230 Cell Bandwidths: [10000, 10000, 5000]
08-10 22:29:03.215 11747 11794 D cellinfo: 46 bytes from 44.241.174.93: icmp_seq=1232 ttl=26 time=67.4 ms
08-10 22:29:03.416 11747 11794 D cellinfo: 46 bytes from 44.241.174.93: icmp_seq=1233 ttl=26 time=67.2 ms
08-10 22:29:03.626 11747 11794 D cellinfo: 46 bytes from 44.241.174.93: icmp_seq=1234 ttl=26 time=76.5 ms
08-10 22:29:03.791 11747 11747 D cellinfo: onServiceStateChanged: Channel Number: 5230 Cell Bandwidths: [10000, 5000, 10000]
08-10 22:29:03.823 11747 11794 D cellinfo: 46 bytes from 44.241.174.93: icmp_seq=1235 ttl=26 time=72.8 ms
08-10 22:29:03.982 11747 11747 D cellinfo: Latitude is 40.6292721
08-10 22:29:03.982 11747 11747 D cellinfo: Longitude is -105.1096708
08-10 22:29:03.982 11747 11747 D cellinfo: Instantaneous GPS information: United States, 3220 N 19, Fort Collins, CO 80524, USA
08-10 22:29:03.982 11747 11747 D cellinfo: getCurrentLocation() result: Location (success): 40.6292721, -105.1096708
08-10 22:29:04.023 11747 11794 D cellinfo: 46 bytes from 44.241.174.93: icmp_seq=1236 ttl=26 time=72.2 ms
08-10 22:29:04.027 11747 11747 D cellinfo: onCellInfoChanged: Operator: Verizon Wireless UpdateTimestamp: 26977327 CellConnectionStatus: 1
08-10 22:29:04.027 11747 11747 D cellinfo: onCellInfoChanged: LTE Cell Bands: [13, 2, 4] Bandwidth: 10000 Cell ID: 3966465 Physical Cell ID: 63 Tracking Area Code: 3840 EARFCN: 5230
08-10 22:29:04.218 11747 11794 D cellinfo: 46 bytes from 44.241.174.93: icmp_seq=1237 ttl=26 time=68.0 ms
08-10 22:29:04.423 11747 11794 D cellinfo: 46 bytes from 44.241.174.93: icmp_seq=1238 ttl=26 time=71.9 ms
08-10 22:29:04.628 11747 11794 D cellinfo: 46 bytes from 44.241.174.93: icmp_seq=1239 ttl=26 time=75.5 ms
08-10 22:29:04.831 11747 11794 D cellinfo: 46 bytes from 44.241.174.93: icmp_seq=1240 ttl=26 time=78.1 ms
08-10 22:29:05.023 11747 11794 D cellinfo: 46 bytes from 44.241.174.93: icmp_seq=1241 ttl=26 time=69.5 ms
08-10 22:29:05.227 11747 11794 D cellinfo: 46 bytes from 44.241.174.93: icmp_seq=1242 ttl=26 time=73.4 ms
08-10 22:29:05.448 11747 11794 D cellinfo: 46 bytes from 44.241.174.93: icmp_seq=1243 ttl=26 time=92.3 ms
08-10 22:29:05.655 11747 11794 D cellinfo: 46 bytes from 44.241.174.93: icmp_seq=1244 ttl=26 time=98.1 ms
08-10 22:29:05.735 11747 11747 D cellinfo: onsignalStrengthsChanged: LTE Signal Strength info: rsrp: -107 rsrq: -17 rssi: -83 rssnr: 1
08-10 22:29:05.857 11747 11794 D cellinfo: 46 bytes from 44.241.174.93: icmp_seq=1245 ttl=26 time=99.1 ms
