--------- beginning of main
08-10 21:59:03.772  7031  7031 D cellinfo: Country == United States
08-10 21:59:03.772  7031  7031 D cellinfo: City == Livermore
08-10 21:59:03.772  7031  7031 D cellinfo: GPS Info == Rest Area Access, Livermore, CO 80536, USA
08-10 21:59:03.773  7031  7031 D cellinfo: Network Operator == Verizon 
08-10 21:59:03.773  7031  7031 D cellinfo: User movement == Static
08-10 21:59:03.773  7031  7031 D cellinfo: isEastCoast == false
08-10 21:59:03.773  7031  7031 D cellinfo: isWestCoast == true
08-10 21:59:03.773  7031  7031 D cellinfo: isBoston == false
08-10 21:59:03.773  7031  7031 D cellinfo: All GPS info fetched. Saving city and country info
08-10 21:59:03.773  7031  7078 D cellinfo: Timestamp: 1660190343
08-10 21:59:04.274  7031  7080 D cellinfo: Logging started
08-10 21:59:04.284  7031  7031 D cellinfo: onServiceStateChanged: Channel Number: 5230 Cell Bandwidths: [10000]
08-10 21:59:04.284  7031  7031 D cellinfo: onsignalStrengthsChanged: LTE Signal Strength info: rsrp: -118 rsrq: -10 rssi: -101 rssnr: 5
08-10 21:59:04.302  7031  7031 D cellinfo: onCellInfoChanged: Operator: Verizon Wireless UpdateTimestamp: 25177166 CellConnectionStatus: 1
08-10 21:59:04.303  7031  7031 D cellinfo: onCellInfoChanged: LTE Cell Bands: [13] Bandwidth: 10000 Cell ID: 3894529 Physical Cell ID: 360 Tracking Area Code: 3840 EARFCN: 5230
08-10 21:59:04.305  7031  7031 D cellinfo: onDisplayInfoChanged: NetworkType: LTE OverrideNetworkType: None
08-10 21:59:04.776  7031  7078 D cellinfo: Ping command fired: /system/bin/ping -i 0.2 -s 38 44.241.174.93
08-10 21:59:04.871  7031  7078 D cellinfo: PING 44.241.174.93 (44.241.174.93) 38(66) bytes of data.
08-10 21:59:04.871  7031  7078 D cellinfo: 46 bytes from 44.241.174.93: icmp_seq=1 ttl=26 time=90.9 ms
08-10 21:59:05.054  7031  7078 D cellinfo: 46 bytes from 44.241.174.93: icmp_seq=2 ttl=26 time=72.5 ms
08-10 21:59:05.254  7031  7078 D cellinfo: 46 bytes from 44.241.174.93: icmp_seq=3 ttl=26 time=71.7 ms
08-10 21:59:05.461  7031  7078 D cellinfo: 46 bytes from 44.241.174.93: icmp_seq=4 ttl=26 time=78.8 ms
08-10 21:59:05.662  7031  7078 D cellinfo: 46 bytes from 44.241.174.93: icmp_seq=5 ttl=26 time=78.9 ms
08-10 21:59:05.853  7031  7078 D cellinfo: 46 bytes from 44.241.174.93: icmp_seq=6 ttl=26 time=69.4 ms
08-10 21:59:06.061  7031  7078 D cellinfo: 46 bytes from 44.241.174.93: icmp_seq=7 ttl=26 time=76.6 ms
08-10 21:59:06.253  7031  7078 D cellinfo: 46 bytes from 44.241.174.93: icmp_seq=8 ttl=26 time=69.2 ms
08-10 21:59:06.454  7031  7078 D cellinfo: 46 bytes from 44.241.174.93: icmp_seq=9 ttl=26 time=68.5 ms
08-10 21:59:06.672  7031  7078 D cellinfo: 46 bytes from 44.241.174.93: icmp_seq=10 ttl=26 time=85.5 ms
08-10 21:59:06.863  7031  7078 D cellinfo: 46 bytes from 44.241.174.93: icmp_seq=11 ttl=26 time=76.6 ms
08-10 21:59:07.065  7031  7078 D cellinfo: 46 bytes from 44.241.174.93: icmp_seq=12 ttl=26 time=76.0 ms
08-10 21:59:07.264  7031  7078 D cellinfo: 46 bytes from 44.241.174.93: icmp_seq=13 ttl=26 time=76.0 ms
08-10 21:59:07.371  7031  7031 D cellinfo: Latitude is 40.9810126
08-10 21:59:07.371  7031  7031 D cellinfo: Longitude is -105.3937874
08-10 21:59:07.371  7031  7031 D cellinfo: Instantaneous GPS information: United States, Rest Area Access, Livermore, CO 80536, USA
08-10 21:59:07.371  7031  7031 D cellinfo: getCurrentLocation() result: Location (success): 40.9810126, -105.3937874
08-10 21:59:07.378  7031  7031 D cellinfo: Latitude is 40.9810126
08-10 21:59:07.378  7031  7031 D cellinfo: Longitude is -105.3937874
08-10 21:59:07.378  7031  7031 D cellinfo: Instantaneous GPS information: United States, Rest Area Access, Livermore, CO 80536, USA
08-10 21:59:07.378  7031  7031 D cellinfo: getCurrentLocation() result: Location (success): 40.9810126, -105.3937874
08-10 21:59:07.471  7031  7078 D cellinfo: 46 bytes from 44.241.174.93: icmp_seq=14 ttl=26 time=82.4 ms
08-10 21:59:07.663  7031  7078 D cellinfo: 46 bytes from 44.241.174.93: icmp_seq=15 ttl=26 time=74.6 ms
08-10 21:59:07.864  7031  7078 D cellinfo: 46 bytes from 44.241.174.93: icmp_seq=16 ttl=26 time=74.3 ms
08-10 21:59:08.066  7031  7078 D cellinfo: 46 bytes from 44.241.174.93: icmp_seq=17 ttl=26 time=74.8 ms
08-10 21:59:08.279  7031  7078 D cellinfo: 46 bytes from 44.241.174.93: icmp_seq=18 ttl=26 time=88.0 ms
08-10 21:59:08.463  7031  7078 D cellinfo: 46 bytes from 44.241.174.93: icmp_seq=19 ttl=26 time=72.0 ms
08-10 21:59:08.664  7031  7078 D cellinfo: 46 bytes from 44.241.174.93: icmp_seq=20 ttl=26 time=71.2 ms
08-10 21:59:08.872  7031  7078 D cellinfo: 46 bytes from 44.241.174.93: icmp_seq=21 ttl=26 time=77.9 ms
08-10 21:59:09.069  7031  7078 D cellinfo: 46 bytes from 44.241.174.93: icmp_seq=22 ttl=26 time=75.0 ms
08-10 21:59:09.264  7031  7078 D cellinfo: 46 bytes from 44.241.174.93: icmp_seq=23 ttl=26 time=69.3 ms
08-10 21:59:09.371  7031  7031 D cellinfo: onCellInfoChanged: Operator: Verizon Wireless UpdateTimestamp: 25182670 CellConnectionStatus: 1
08-10 21:59:09.371  7031  7031 D cellinfo: onCellInfoChanged: LTE Cell Bands: [13] Bandwidth: 10000 Cell ID: 3894529 Physical Cell ID: 360 Tracking Area Code: 3840 EARFCN: 5230
08-10 21:59:09.465  7031  7078 D cellinfo: 46 bytes from 44.241.174.93: icmp_seq=24 ttl=26 time=70.2 ms
08-10 21:59:09.673  7031  7078 D cellinfo: 46 bytes from 44.241.174.93: icmp_seq=25 ttl=26 time=76.9 ms
08-10 21:59:09.779  7031  7031 D cellinfo: Latitude is 40.9810126
08-10 21:59:09.779  7031  7031 D cellinfo: Longitude is -105.3937874
08-10 21:59:09.779  7031  7031 D cellinfo: Instantaneous GPS information: United States, Rest Area Access, Livermore, CO 80536, USA
08-10 21:59:09.779  7031  7031 D cellinfo: getCurrentLocation() result: Location (success): 40.9810126, -105.3937874
08-10 21:59:09.892  7031  7078 D cellinfo: 46 bytes from 44.241.174.93: icmp_seq=26 ttl=26 time=95.9 ms
08-10 21:59:10.082  7031  7078 D cellinfo: 46 bytes from 44.241.174.93: icmp_seq=27 ttl=26 time=85.4 ms
08-10 21:59:10.282  7031  7078 D cellinfo: 46 bytes from 44.241.174.93: icmp_seq=28 ttl=26 time=84.3 ms
08-10 21:59:10.474  7031  7078 D cellinfo: 46 bytes from 44.241.174.93: icmp_seq=29 ttl=26 time=75.2 ms
08-10 21:59:10.673  7031  7078 D cellinfo: 46 bytes from 44.241.174.93: icmp_seq=30 ttl=26 time=74.0 ms
08-10 21:59:10.874  7031  7078 D cellinfo: 46 bytes from 44.241.174.93: icmp_seq=31 ttl=26 time=74.5 ms
08-10 21:59:11.074  7031  7078 D cellinfo: 46 bytes from 44.241.174.93: icmp_seq=32 ttl=26 time=73.5 ms
08-10 21:59:11.274  7031  7078 D cellinfo: 46 bytes from 44.241.174.93: icmp_seq=33 ttl=26 time=73.2 ms
08-10 21:59:11.474  7031  7078 D cellinfo: 46 bytes from 44.241.174.93: icmp_seq=34 ttl=26 time=72.2 ms
08-10 21:59:11.683  7031  7078 D cellinfo: 46 bytes from 44.241.174.93: icmp_seq=35 ttl=26 time=80.0 ms
08-10 21:59:11.874  7031  7078 D cellinfo: 46 bytes from 44.241.174.93: icmp_seq=36 ttl=26 time=70.0 ms
08-10 21:59:12.074  7031  7078 D cellinfo: 46 bytes from 44.241.174.93: icmp_seq=37 ttl=26 time=69.1 ms
08-10 21:59:12.274  7031  7078 D cellinfo: 46 bytes from 44.241.174.93: icmp_seq=38 ttl=26 time=68.5 ms
08-10 21:59:12.476  7031  7078 D cellinfo: 46 bytes from 44.241.174.93: icmp_seq=39 ttl=26 time=69.8 ms
08-10 21:59:12.693  7031  7078 D cellinfo: 46 bytes from 44.241.174.93: icmp_seq=40 ttl=26 time=86.2 ms
08-10 21:59:12.782  7031  7031 D cellinfo: Latitude is 40.9810126
08-10 21:59:12.782  7031  7031 D cellinfo: Longitude is -105.3937874
08-10 21:59:12.782  7031  7031 D cellinfo: Instantaneous GPS information: United States, Rest Area Access, Livermore, CO 80536, USA
08-10 21:59:12.782  7031  7031 D cellinfo: getCurrentLocation() result: Location (success): 40.9810126, -105.3937874
08-10 21:59:12.827  7031  7031 D cellinfo: onCellInfoChanged: Operator: Verizon Wireless UpdateTimestamp: 25186127 CellConnectionStatus: 1
08-10 21:59:12.827  7031  7031 D cellinfo: onCellInfoChanged: LTE Cell Bands: [13] Bandwidth: 10000 Cell ID: 3894529 Physical Cell ID: 360 Tracking Area Code: 3840 EARFCN: 5230
08-10 21:59:12.884  7031  7078 D cellinfo: 46 bytes from 44.241.174.93: icmp_seq=41 ttl=26 time=76.2 ms
08-10 21:59:13.092  7031  7078 D cellinfo: 46 bytes from 44.241.174.93: icmp_seq=42 ttl=26 time=83.8 ms
08-10 21:59:13.291  7031  7078 D cellinfo: 46 bytes from 44.241.174.93: icmp_seq=43 ttl=26 time=82.3 ms
08-10 21:59:13.483  7031  7078 D cellinfo: 46 bytes from 44.241.174.93: icmp_seq=44 ttl=26 time=73.1 ms
08-10 21:59:13.692  7031  7078 D cellinfo: 46 bytes from 44.241.174.93: icmp_seq=45 ttl=26 time=81.5 ms
08-10 21:59:13.892  7031  7078 D cellinfo: 46 bytes from 44.241.174.93: icmp_seq=46 ttl=26 time=78.8 ms
08-10 21:59:14.087  7031  7078 D cellinfo: 46 bytes from 44.241.174.93: icmp_seq=47 ttl=26 time=72.8 ms
08-10 21:59:14.293  7031  7078 D cellinfo: 46 bytes from 44.241.174.93: icmp_seq=48 ttl=26 time=78.2 ms
08-10 21:59:14.493  7031  7078 D cellinfo: 46 bytes from 44.241.174.93: icmp_seq=49 ttl=26 time=78.0 ms
08-10 21:59:14.684  7031  7078 D cellinfo: 46 bytes from 44.241.174.93: icmp_seq=50 ttl=26 time=68.4 ms
08-10 21:59:14.885  7031  7078 D cellinfo: 46 bytes from 44.241.174.93: icmp_seq=51 ttl=26 time=67.8 ms
08-10 21:59:15.095  7031  7078 D cellinfo: 46 bytes from 44.241.174.93: icmp_seq=52 ttl=26 time=76.6 ms
08-10 21:59:15.295  7031  7078 D cellinfo: 46 bytes from 44.241.174.93: icmp_seq=53 ttl=26 time=76.3 ms
08-10 21:59:15.494  7031  7078 D cellinfo: 46 bytes from 44.241.174.93: icmp_seq=54 ttl=26 time=74.2 ms
08-10 21:59:15.703  7031  7078 D cellinfo: 46 bytes from 44.241.174.93: icmp_seq=55 ttl=26 time=81.6 ms
08-10 21:59:15.779  7031  7031 D cellinfo: Latitude is 40.9810126
08-10 21:59:15.779  7031  7031 D cellinfo: Longitude is -105.3937874
08-10 21:59:15.779  7031  7031 D cellinfo: Instantaneous GPS information: United States, Rest Area Access, Livermore, CO 80536, USA
08-10 21:59:15.779  7031  7031 D cellinfo: getCurrentLocation() result: Location (success): 40.9810126, -105.3937874
08-10 21:59:15.829  7031  7031 D cellinfo: onCellInfoChanged: Operator: Verizon Wireless UpdateTimestamp: 25189131 CellConnectionStatus: 1
08-10 21:59:15.830  7031  7031 D cellinfo: onCellInfoChanged: LTE Cell Bands: [13] Bandwidth: 10000 Cell ID: 3894529 Physical Cell ID: 360 Tracking Area Code: 3840 EARFCN: 5230
08-10 21:59:15.898  7031  7078 D cellinfo: 46 bytes from 44.241.174.93: icmp_seq=56 ttl=26 time=76.9 ms
08-10 21:59:16.094  7031  7078 D cellinfo: 46 bytes from 44.241.174.93: icmp_seq=57 ttl=26 time=71.4 ms
08-10 21:59:16.293  7031  7078 D cellinfo: 46 bytes from 44.241.174.93: icmp_seq=58 ttl=26 time=70.5 ms
08-10 21:59:16.494  7031  7078 D cellinfo: 46 bytes from 44.241.174.93: icmp_seq=59 ttl=26 time=69.6 ms
08-10 21:59:16.694  7031  7078 D cellinfo: 46 bytes from 44.241.174.93: icmp_seq=60 ttl=26 time=69.8 ms
08-10 21:59:16.894  7031  7078 D cellinfo: 46 bytes from 44.241.174.93: icmp_seq=61 ttl=26 time=68.3 ms
08-10 21:59:17.095  7031  7078 D cellinfo: 46 bytes from 44.241.174.93: icmp_seq=62 ttl=26 time=68.9 ms
08-10 21:59:17.304  7031  7078 D cellinfo: 46 bytes from 44.241.174.93: icmp_seq=63 ttl=26 time=77.4 ms
08-10 21:59:17.506  7031  7078 D cellinfo: 46 bytes from 44.241.174.93: icmp_seq=64 ttl=26 time=77.0 ms
08-10 21:59:17.704  7031  7078 D cellinfo: 46 bytes from 44.241.174.93: icmp_seq=65 ttl=26 time=76.2 ms
08-10 21:59:17.907  7031  7078 D cellinfo: 46 bytes from 44.241.174.93: icmp_seq=66 ttl=26 time=78.6 ms
08-10 21:59:18.112  7031  7078 D cellinfo: 46 bytes from 44.241.174.93: icmp_seq=67 ttl=26 time=82.7 ms
08-10 21:59:18.312  7031  7078 D cellinfo: 46 bytes from 44.241.174.93: icmp_seq=68 ttl=26 time=82.3 ms
08-10 21:59:18.520  7031  7078 D cellinfo: 46 bytes from 44.241.174.93: icmp_seq=69 ttl=26 time=89.3 ms
08-10 21:59:18.705  7031  7078 D cellinfo: 46 bytes from 44.241.174.93: icmp_seq=70 ttl=26 time=72.6 ms
08-10 21:59:18.815  7031  7031 D cellinfo: onCellInfoChanged: Operator: Verizon Wireless UpdateTimestamp: 25192117 CellConnectionStatus: 1
08-10 21:59:18.816  7031  7031 D cellinfo: onCellInfoChanged: LTE Cell Bands: [13] Bandwidth: 10000 Cell ID: 3894529 Physical Cell ID: 360 Tracking Area Code: 3840 EARFCN: 5230
08-10 21:59:18.904  7031  7078 D cellinfo: 46 bytes from 44.241.174.93: icmp_seq=71 ttl=26 time=72.3 ms
08-10 21:59:19.104  7031  7078 D cellinfo: 46 bytes from 44.241.174.93: icmp_seq=72 ttl=26 time=70.5 ms
08-10 21:59:19.314  7031  7078 D cellinfo: 46 bytes from 44.241.174.93: icmp_seq=73 ttl=26 time=80.2 ms
08-10 21:59:19.505  7031  7078 D cellinfo: 46 bytes from 44.241.174.93: icmp_seq=74 ttl=26 time=70.0 ms
08-10 21:59:19.555  7031  7031 D cellinfo: Latitude is 40.9810782
08-10 21:59:19.555  7031  7031 D cellinfo: Longitude is -105.3937699
08-10 21:59:19.555  7031  7031 D cellinfo: Instantaneous GPS information: United States, Rest Area Access, Livermore, CO 80536, USA
08-10 21:59:19.555  7031  7031 D cellinfo: getCurrentLocation() result: Location (success): 40.9810782, -105.3937699
08-10 21:59:19.712  7031  7078 D cellinfo: 46 bytes from 44.241.174.93: icmp_seq=75 ttl=26 time=76.8 ms
08-10 21:59:19.903  7031  7078 D cellinfo: 46 bytes from 44.241.174.93: icmp_seq=76 ttl=26 time=68.1 ms
08-10 21:59:20.103  7031  7078 D cellinfo: 46 bytes from 44.241.174.93: icmp_seq=77 ttl=26 time=67.2 ms
08-10 21:59:20.314  7031  7078 D cellinfo: 46 bytes from 44.241.174.93: icmp_seq=78 ttl=26 time=76.6 ms
08-10 21:59:20.514  7031  7078 D cellinfo: 46 bytes from 44.241.174.93: icmp_seq=79 ttl=26 time=75.9 ms
08-10 21:59:20.714  7031  7078 D cellinfo: 46 bytes from 44.241.174.93: icmp_seq=80 ttl=26 time=75.1 ms
08-10 21:59:20.914  7031  7078 D cellinfo: 46 bytes from 44.241.174.93: icmp_seq=81 ttl=26 time=74.0 ms
08-10 21:59:21.115  7031  7078 D cellinfo: 46 bytes from 44.241.174.93: icmp_seq=82 ttl=26 time=74.3 ms
08-10 21:59:21.315  7031  7078 D cellinfo: 46 bytes from 44.241.174.93: icmp_seq=83 ttl=26 time=73.0 ms
08-10 21:59:21.549  7031  7078 D cellinfo: 46 bytes from 44.241.174.93: icmp_seq=84 ttl=26 time=106 ms
08-10 21:59:21.721  7031  7078 D cellinfo: 46 bytes from 44.241.174.93: icmp_seq=85 ttl=26 time=78.2 ms
08-10 21:59:21.780  7031  7031 D cellinfo: Latitude is 40.9810782
08-10 21:59:21.780  7031  7031 D cellinfo: Longitude is -105.3937699
08-10 21:59:21.780  7031  7031 D cellinfo: Instantaneous GPS information: United States, Rest Area Access, Livermore, CO 80536, USA
08-10 21:59:21.780  7031  7031 D cellinfo: getCurrentLocation() result: Location (success): 40.9810782, -105.3937699
08-10 21:59:21.828  7031  7031 D cellinfo: onCellInfoChanged: Operator: Verizon Wireless UpdateTimestamp: 25195128 CellConnectionStatus: 1
08-10 21:59:21.828  7031  7031 D cellinfo: onCellInfoChanged: LTE Cell Bands: [13] Bandwidth: 10000 Cell ID: 3894529 Physical Cell ID: 360 Tracking Area Code: 3840 EARFCN: 5230
08-10 21:59:21.918  7031  7078 D cellinfo: 46 bytes from 44.241.174.93: icmp_seq=86 ttl=26 time=75.1 ms
08-10 21:59:22.114  7031  7078 D cellinfo: 46 bytes from 44.241.174.93: icmp_seq=87 ttl=26 time=69.4 ms
08-10 21:59:22.314  7031  7078 D cellinfo: 46 bytes from 44.241.174.93: icmp_seq=88 ttl=26 time=69.4 ms
08-10 21:59:22.514  7031  7078 D cellinfo: 46 bytes from 44.241.174.93: icmp_seq=89 ttl=26 time=68.0 ms
08-10 21:59:22.714  7031  7078 D cellinfo: 46 bytes from 44.241.174.93: icmp_seq=90 ttl=26 time=68.3 ms
08-10 21:59:22.924  7031  7078 D cellinfo: 46 bytes from 44.241.174.93: icmp_seq=91 ttl=26 time=76.3 ms
08-10 21:59:23.124  7031  7078 D cellinfo: 46 bytes from 44.241.174.93: icmp_seq=92 ttl=26 time=75.2 ms
08-10 21:59:23.324  7031  7078 D cellinfo: 46 bytes from 44.241.174.93: icmp_seq=93 ttl=26 time=74.0 ms
08-10 21:59:23.525  7031  7078 D cellinfo: 46 bytes from 44.241.174.93: icmp_seq=94 ttl=26 time=74.0 ms
08-10 21:59:23.724  7031  7078 D cellinfo: 46 bytes from 44.241.174.93: icmp_seq=95 ttl=26 time=72.0 ms
08-10 21:59:23.933  7031  7078 D cellinfo: 46 bytes from 44.241.174.93: icmp_seq=96 ttl=26 time=80.0 ms
08-10 21:59:24.133  7031  7078 D cellinfo: 46 bytes from 44.241.174.93: icmp_seq=97 ttl=26 time=78.1 ms
08-10 21:59:24.327  7031  7078 D cellinfo: 46 bytes from 44.241.174.93: icmp_seq=98 ttl=26 time=71.4 ms
08-10 21:59:24.524  7031  7078 D cellinfo: 46 bytes from 44.241.174.93: icmp_seq=99 ttl=26 time=66.7 ms
08-10 21:59:24.734  7031  7078 D cellinfo: 46 bytes from 44.241.174.93: icmp_seq=100 ttl=26 time=76.0 ms
08-10 21:59:24.783  7031  7031 D cellinfo: Latitude is 40.9810873
08-10 21:59:24.783  7031  7031 D cellinfo: Longitude is -105.3937675
08-10 21:59:24.783  7031  7031 D cellinfo: Instantaneous GPS information: United States, Rest Area Access, Livermore, CO 80536, USA
08-10 21:59:24.783  7031  7031 D cellinfo: getCurrentLocation() result: Location (success): 40.9810873, -105.3937675
08-10 21:59:24.822  7031  7031 D cellinfo: onCellInfoChanged: Operator: Verizon Wireless UpdateTimestamp: 25198123 CellConnectionStatus: 1
08-10 21:59:24.822  7031  7031 D cellinfo: onCellInfoChanged: LTE Cell Bands: [13] Bandwidth: 10000 Cell ID: 3894529 Physical Cell ID: 360 Tracking Area Code: 3840 EARFCN: 5230
08-10 21:59:24.944  7031  7078 D cellinfo: 46 bytes from 44.241.174.93: icmp_seq=101 ttl=26 time=85.3 ms
08-10 21:59:25.141  7031  7078 D cellinfo: 46 bytes from 44.241.174.93: icmp_seq=102 ttl=26 time=82.2 ms
08-10 21:59:25.334  7031  7078 D cellinfo: 46 bytes from 44.241.174.93: icmp_seq=103 ttl=26 time=73.6 ms
08-10 21:59:25.534  7031  7078 D cellinfo: 46 bytes from 44.241.174.93: icmp_seq=104 ttl=26 time=73.7 ms
08-10 21:59:25.734  7031  7078 D cellinfo: 46 bytes from 44.241.174.93: icmp_seq=105 ttl=26 time=72.4 ms
08-10 21:59:25.934  7031  7078 D cellinfo: 46 bytes from 44.241.174.93: icmp_seq=106 ttl=26 time=71.4 ms
08-10 21:59:26.138  7031  7078 D cellinfo: 46 bytes from 44.241.174.93: icmp_seq=107 ttl=26 time=74.5 ms
08-10 21:59:26.342  7031  7078 D cellinfo: 46 bytes from 44.241.174.93: icmp_seq=108 ttl=26 time=78.0 ms
08-10 21:59:26.534  7031  7078 D cellinfo: 46 bytes from 44.241.174.93: icmp_seq=109 ttl=26 time=69.2 ms
08-10 21:59:26.742  7031  7078 D cellinfo: 46 bytes from 44.241.174.93: icmp_seq=110 ttl=26 time=75.9 ms
08-10 21:59:26.951  7031  7078 D cellinfo: 46 bytes from 44.241.174.93: icmp_seq=111 ttl=26 time=84.0 ms
08-10 21:59:27.152  7031  7078 D cellinfo: 46 bytes from 44.241.174.93: icmp_seq=112 ttl=26 time=83.9 ms
08-10 21:59:27.344  7031  7078 D cellinfo: 46 bytes from 44.241.174.93: icmp_seq=113 ttl=26 time=74.8 ms
08-10 21:59:27.544  7031  7078 D cellinfo: 46 bytes from 44.241.174.93: icmp_seq=114 ttl=26 time=74.4 ms
08-10 21:59:27.752  7031  7078 D cellinfo: 46 bytes from 44.241.174.93: icmp_seq=115 ttl=26 time=80.8 ms
08-10 21:59:27.780  7031  7031 D cellinfo: Latitude is 40.9810878
08-10 21:59:27.781  7031  7031 D cellinfo: Longitude is -105.3937673
08-10 21:59:27.781  7031  7031 D cellinfo: Instantaneous GPS information: United States, Rest Area Access, Livermore, CO 80536, USA
08-10 21:59:27.781  7031  7031 D cellinfo: getCurrentLocation() result: Location (success): 40.9810878, -105.3937673
08-10 21:59:27.833  7031  7031 D cellinfo: onCellInfoChanged: Operator: Verizon Wireless UpdateTimestamp: 25201133 CellConnectionStatus: 1
08-10 21:59:27.833  7031  7031 D cellinfo: onCellInfoChanged: LTE Cell Bands: [13] Bandwidth: 10000 Cell ID: 3894529 Physical Cell ID: 360 Tracking Area Code: 3840 EARFCN: 5230
08-10 21:59:27.962  7031  7078 D cellinfo: 46 bytes from 44.241.174.93: icmp_seq=116 ttl=26 time=90.3 ms
08-10 21:59:28.151  7031  7078 D cellinfo: 46 bytes from 44.241.174.93: icmp_seq=117 ttl=26 time=78.3 ms
08-10 21:59:28.343  7031  7078 D cellinfo: 46 bytes from 44.241.174.93: icmp_seq=118 ttl=26 time=70.1 ms
08-10 21:59:28.544  7031  7078 D cellinfo: 46 bytes from 44.241.174.93: icmp_seq=119 ttl=26 time=69.4 ms
08-10 21:59:28.744  7031  7078 D cellinfo: 46 bytes from 44.241.174.93: icmp_seq=120 ttl=26 time=68.5 ms
08-10 21:59:28.952  7031  7078 D cellinfo: 46 bytes from 44.241.174.93: icmp_seq=121 ttl=26 time=75.5 ms
08-10 21:59:29.154  7031  7078 D cellinfo: 46 bytes from 44.241.174.93: icmp_seq=122 ttl=26 time=77.1 ms
08-10 21:59:29.355  7031  7078 D cellinfo: 46 bytes from 44.241.174.93: icmp_seq=123 ttl=26 time=76.8 ms
08-10 21:59:29.561  7031  7078 D cellinfo: 46 bytes from 44.241.174.93: icmp_seq=124 ttl=26 time=82.5 ms
08-10 21:59:29.754  7031  7078 D cellinfo: 46 bytes from 44.241.174.93: icmp_seq=125 ttl=26 time=75.1 ms
08-10 21:59:29.954  7031  7078 D cellinfo: 46 bytes from 44.241.174.93: icmp_seq=126 ttl=26 time=73.9 ms
08-10 21:59:30.154  7031  7078 D cellinfo: 46 bytes from 44.241.174.93: icmp_seq=127 ttl=26 time=72.9 ms
08-10 21:59:30.355  7031  7078 D cellinfo: 46 bytes from 44.241.174.93: icmp_seq=128 ttl=26 time=73.0 ms
08-10 21:59:30.554  7031  7078 D cellinfo: 46 bytes from 44.241.174.93: icmp_seq=129 ttl=26 time=71.7 ms
08-10 21:59:30.754  7031  7078 D cellinfo: 46 bytes from 44.241.174.93: icmp_seq=130 ttl=26 time=70.6 ms
08-10 21:59:30.822  7031  7031 D cellinfo: onCellInfoChanged: Operator: Verizon Wireless UpdateTimestamp: 25204123 CellConnectionStatus: 1
08-10 21:59:30.822  7031  7031 D cellinfo: onCellInfoChanged: LTE Cell Bands: [13] Bandwidth: 10000 Cell ID: 3894529 Physical Cell ID: 360 Tracking Area Code: 3840 EARFCN: 5230
08-10 21:59:30.976  7031  7078 D cellinfo: 46 bytes from 44.241.174.93: icmp_seq=131 ttl=26 time=92.8 ms
08-10 21:59:31.166  7031  7078 D cellinfo: 46 bytes from 44.241.174.93: icmp_seq=132 ttl=26 time=81.4 ms
08-10 21:59:31.190  7031  7031 D cellinfo: Latitude is 40.981106
08-10 21:59:31.190  7031  7031 D cellinfo: Longitude is -105.3937593
08-10 21:59:31.190  7031  7031 D cellinfo: Instantaneous GPS information: United States, Rest Area Access, Livermore, CO 80536, USA
08-10 21:59:31.190  7031  7031 D cellinfo: getCurrentLocation() result: Location (success): 40.981106, -105.3937593
08-10 21:59:31.354  7031  7078 D cellinfo: 46 bytes from 44.241.174.93: icmp_seq=133 ttl=26 time=68.5 ms
08-10 21:59:31.554  7031  7078 D cellinfo: 46 bytes from 44.241.174.93: icmp_seq=134 ttl=26 time=68.4 ms
08-10 21:59:31.756  7031  7078 D cellinfo: 46 bytes from 44.241.174.93: icmp_seq=135 ttl=26 time=69.0 ms
08-10 21:59:31.996  7031  7078 D cellinfo: 46 bytes from 44.241.174.93: icmp_seq=136 ttl=26 time=108 ms
08-10 21:59:32.179  7031  7078 D cellinfo: 46 bytes from 44.241.174.93: icmp_seq=137 ttl=26 time=90.4 ms
08-10 21:59:32.366  7031  7078 D cellinfo: 46 bytes from 44.241.174.93: icmp_seq=138 ttl=26 time=76.5 ms
08-10 21:59:32.582  7031  7078 D cellinfo: 46 bytes from 44.241.174.93: icmp_seq=139 ttl=26 time=91.6 ms
08-10 21:59:32.764  7031  7078 D cellinfo: 46 bytes from 44.241.174.93: icmp_seq=140 ttl=26 time=73.5 ms
08-10 21:59:32.949  7031  7031 D cellinfo: onsignalStrengthsChanged: LTE Signal Strength info: rsrp: -123 rsrq: -12 rssi: -103 rssnr: 2
08-10 21:59:33.051  7031  7078 D cellinfo: 46 bytes from 44.241.174.93: icmp_seq=141 ttl=26 time=160 ms
08-10 21:59:33.184  7031  7078 D cellinfo: 46 bytes from 44.241.174.93: icmp_seq=142 ttl=26 time=93.9 ms
08-10 21:59:33.381  7031  7078 D cellinfo: 46 bytes from 44.241.174.93: icmp_seq=143 ttl=26 time=89.7 ms
08-10 21:59:33.581  7031  7078 D cellinfo: 46 bytes from 44.241.174.93: icmp_seq=144 ttl=26 time=89.3 ms
08-10 21:59:33.782  7031  7078 D cellinfo: 46 bytes from 44.241.174.93: icmp_seq=145 ttl=26 time=89.3 ms
08-10 21:59:33.783  7031  7031 D cellinfo: Latitude is 40.981106
08-10 21:59:33.783  7031  7031 D cellinfo: Longitude is -105.3937593
08-10 21:59:33.783  7031  7031 D cellinfo: Instantaneous GPS information: United States, Rest Area Access, Livermore, CO 80536, USA
08-10 21:59:33.783  7031  7031 D cellinfo: getCurrentLocation() result: Location (success): 40.981106, -105.3937593
08-10 21:59:33.829  7031  7031 D cellinfo: onCellInfoChanged: Operator: Verizon Wireless UpdateTimestamp: 25207131 CellConnectionStatus: 1
08-10 21:59:33.829  7031  7031 D cellinfo: onCellInfoChanged: LTE Cell Bands: [13] Bandwidth: 10000 Cell ID: 3894529 Physical Cell ID: 360 Tracking Area Code: 3840 EARFCN: 5230
08-10 21:59:33.981  7031  7078 D cellinfo: 46 bytes from 44.241.174.93: icmp_seq=146 ttl=26 time=87.5 ms
08-10 21:59:34.180  7031  7078 D cellinfo: 46 bytes from 44.241.174.93: icmp_seq=147 ttl=26 time=85.4 ms
08-10 21:59:34.375  7031  7078 D cellinfo: 46 bytes from 44.241.174.93: icmp_seq=148 ttl=26 time=79.5 ms
08-10 21:59:34.576  7031  7078 D cellinfo: 46 bytes from 44.241.174.93: icmp_seq=149 ttl=26 time=79.8 ms
08-10 21:59:34.777  7031  7078 D cellinfo: 46 bytes from 44.241.174.93: icmp_seq=150 ttl=26 time=80.2 ms
08-10 21:59:35.003  7031  7078 D cellinfo: 46 bytes from 44.241.174.93: icmp_seq=151 ttl=26 time=104 ms
08-10 21:59:35.194  7031  7078 D cellinfo: 46 bytes from 44.241.174.93: icmp_seq=152 ttl=26 time=97.0 ms
08-10 21:59:35.393  7031  7078 D cellinfo: 46 bytes from 44.241.174.93: icmp_seq=153 ttl=26 time=94.1 ms
08-10 21:59:35.584  7031  7078 D cellinfo: 46 bytes from 44.241.174.93: icmp_seq=154 ttl=26 time=84.9 ms
08-10 21:59:35.792  7031  7078 D cellinfo: 46 bytes from 44.241.174.93: icmp_seq=155 ttl=26 time=92.0 ms
08-10 21:59:35.975  7031  7078 D cellinfo: 46 bytes from 44.241.174.93: icmp_seq=156 ttl=26 time=74.2 ms
08-10 21:59:36.189  7031  7078 D cellinfo: 46 bytes from 44.241.174.93: icmp_seq=157 ttl=26 time=87.2 ms
08-10 21:59:36.375  7031  7078 D cellinfo: 46 bytes from 44.241.174.93: icmp_seq=158 ttl=26 time=72.3 ms
08-10 21:59:36.585  7031  7078 D cellinfo: 46 bytes from 44.241.174.93: icmp_seq=159 ttl=26 time=81.2 ms
08-10 21:59:36.783  7031  7031 D cellinfo: Latitude is 40.9811091
08-10 21:59:36.783  7031  7031 D cellinfo: Longitude is -105.3937581
08-10 21:59:36.783  7031  7031 D cellinfo: Instantaneous GPS information: United States, Rest Area Access, Livermore, CO 80536, USA
08-10 21:59:36.783  7031  7031 D cellinfo: getCurrentLocation() result: Location (success): 40.9811091, -105.3937581
08-10 21:59:36.784  7031  7078 D cellinfo: 46 bytes from 44.241.174.93: icmp_seq=160 ttl=26 time=78.7 ms
08-10 21:59:36.835  7031  7031 D cellinfo: onCellInfoChanged: Operator: Verizon Wireless UpdateTimestamp: 25210136 CellConnectionStatus: 1
08-10 21:59:36.835  7031  7031 D cellinfo: onCellInfoChanged: LTE Cell Bands: [13] Bandwidth: 10000 Cell ID: 3894529 Physical Cell ID: 360 Tracking Area Code: 3840 EARFCN: 5230
08-10 21:59:36.998  7031  7078 D cellinfo: 46 bytes from 44.241.174.93: icmp_seq=161 ttl=26 time=93.0 ms
08-10 21:59:37.206  7031  7078 D cellinfo: 46 bytes from 44.241.174.93: icmp_seq=162 ttl=26 time=100 ms
08-10 21:59:37.392  7031  7078 D cellinfo: 46 bytes from 44.241.174.93: icmp_seq=163 ttl=26 time=85.2 ms
08-10 21:59:37.601  7031  7078 D cellinfo: 46 bytes from 44.241.174.93: icmp_seq=164 ttl=26 time=93.0 ms
08-10 21:59:37.845  7031  7078 D cellinfo: 46 bytes from 44.241.174.93: icmp_seq=165 ttl=26 time=134 ms
08-10 21:59:37.992  7031  7078 D cellinfo: 46 bytes from 44.241.174.93: icmp_seq=166 ttl=26 time=82.4 ms
08-10 21:59:38.205  7031  7078 D cellinfo: 46 bytes from 44.241.174.93: icmp_seq=167 ttl=26 time=95.2 ms
08-10 21:59:38.392  7031  7078 D cellinfo: 46 bytes from 44.241.174.93: icmp_seq=168 ttl=26 time=81.6 ms
08-10 21:59:38.614  7031  7078 D cellinfo: 46 bytes from 44.241.174.93: icmp_seq=169 ttl=26 time=102 ms
08-10 21:59:38.817  7031  7078 D cellinfo: 46 bytes from 44.241.174.93: icmp_seq=170 ttl=26 time=105 ms
08-10 21:59:38.984  7031  7078 D cellinfo: 46 bytes from 44.241.174.93: icmp_seq=171 ttl=26 time=72.2 ms
08-10 21:59:39.215  7031  7078 D cellinfo: 46 bytes from 44.241.174.93: icmp_seq=172 ttl=26 time=102 ms
08-10 21:59:39.388  7031  7078 D cellinfo: 46 bytes from 44.241.174.93: icmp_seq=173 ttl=26 time=73.9 ms
08-10 21:59:39.612  7031  7078 D cellinfo: 46 bytes from 44.241.174.93: icmp_seq=174 ttl=26 time=97.6 ms
08-10 21:59:39.784  7031  7031 D cellinfo: Latitude is 40.9811092
08-10 21:59:39.784  7031  7031 D cellinfo: Longitude is -105.393758
08-10 21:59:39.784  7031  7031 D cellinfo: Instantaneous GPS information: United States, Rest Area Access, Livermore, CO 80536, USA
08-10 21:59:39.784  7031  7031 D cellinfo: getCurrentLocation() result: Location (success): 40.9811092, -105.393758
08-10 21:59:39.800  7031  7078 D cellinfo: 46 bytes from 44.241.174.93: icmp_seq=175 ttl=26 time=85.1 ms
08-10 21:59:39.838  7031  7031 D cellinfo: onCellInfoChanged: Operator: Verizon Wireless UpdateTimestamp: 25213139 CellConnectionStatus: 1
08-10 21:59:39.838  7031  7031 D cellinfo: onCellInfoChanged: LTE Cell Bands: [13] Bandwidth: 10000 Cell ID: 3894529 Physical Cell ID: 360 Tracking Area Code: 3840 EARFCN: 5230
08-10 21:59:39.991  7031  7078 D cellinfo: 46 bytes from 44.241.174.93: icmp_seq=176 ttl=26 time=75.2 ms
08-10 21:59:40.184  7031  7078 D cellinfo: 46 bytes from 44.241.174.93: icmp_seq=177 ttl=26 time=67.4 ms
08-10 21:59:40.402  7031  7078 D cellinfo: 46 bytes from 44.241.174.93: icmp_seq=178 ttl=26 time=84.2 ms
08-10 21:59:40.611  7031  7078 D cellinfo: 46 bytes from 44.241.174.93: icmp_seq=179 ttl=26 time=92.3 ms
08-10 21:59:40.805  7031  7078 D cellinfo: 46 bytes from 44.241.174.93: icmp_seq=180 ttl=26 time=84.9 ms
08-10 21:59:41.005  7031  7078 D cellinfo: 46 bytes from 44.241.174.93: icmp_seq=181 ttl=26 time=84.3 ms
08-10 21:59:41.205  7031  7078 D cellinfo: 46 bytes from 44.241.174.93: icmp_seq=182 ttl=26 time=83.6 ms
08-10 21:59:41.403  7031  7078 D cellinfo: 46 bytes from 44.241.174.93: icmp_seq=183 ttl=26 time=81.5 ms
08-10 21:59:41.595  7031  7078 D cellinfo: 46 bytes from 44.241.174.93: icmp_seq=184 ttl=26 time=73.1 ms
08-10 21:59:41.795  7031  7078 D cellinfo: 46 bytes from 44.241.174.93: icmp_seq=185 ttl=26 time=71.6 ms
08-10 21:59:41.943  7031  7031 D cellinfo: onsignalStrengthsChanged: LTE Signal Strength info: rsrp: -119 rsrq: -10 rssi: -101 rssnr: 6
08-10 21:59:42.002  7031  7078 D cellinfo: 46 bytes from 44.241.174.93: icmp_seq=186 ttl=26 time=78.5 ms
08-10 21:59:42.210  7031  7078 D cellinfo: 46 bytes from 44.241.174.93: icmp_seq=187 ttl=26 time=87.2 ms
08-10 21:59:42.394  7031  7078 D cellinfo: 46 bytes from 44.241.174.93: icmp_seq=188 ttl=26 time=70.1 ms
08-10 21:59:42.602  7031  7078 D cellinfo: 46 bytes from 44.241.174.93: icmp_seq=189 ttl=26 time=77.3 ms
08-10 21:59:42.778  7031  7031 D cellinfo: Latitude is 40.9811085
08-10 21:59:42.778  7031  7031 D cellinfo: Longitude is -105.3937583
08-10 21:59:42.778  7031  7031 D cellinfo: Instantaneous GPS information: United States, Rest Area Access, Livermore, CO 80536, USA
08-10 21:59:42.778  7031  7031 D cellinfo: getCurrentLocation() result: Location (success): 40.9811085, -105.3937583
08-10 21:59:42.814  7031  7031 D cellinfo: onCellInfoChanged: Operator: Verizon Wireless UpdateTimestamp: 25216115 CellConnectionStatus: 1
08-10 21:59:42.814  7031  7031 D cellinfo: onCellInfoChanged: LTE Cell Bands: [13] Bandwidth: 10000 Cell ID: 3894529 Physical Cell ID: 360 Tracking Area Code: 3840 EARFCN: 5230
08-10 21:59:42.814  7031  7078 D cellinfo: 46 bytes from 44.241.174.93: icmp_seq=190 ttl=26 time=88.5 ms
08-10 21:59:42.997  7031  7078 D cellinfo: 46 bytes from 44.241.174.93: icmp_seq=191 ttl=26 time=70.0 ms
08-10 21:59:43.234  7031  7078 D cellinfo: 46 bytes from 44.241.174.93: icmp_seq=192 ttl=26 time=106 ms
08-10 21:59:43.419  7031  7078 D cellinfo: 46 bytes from 44.241.174.93: icmp_seq=193 ttl=26 time=90.3 ms
08-10 21:59:43.612  7031  7078 D cellinfo: 46 bytes from 44.241.174.93: icmp_seq=194 ttl=26 time=82.0 ms
08-10 21:59:43.825  7031  7078 D cellinfo: 46 bytes from 44.241.174.93: icmp_seq=195 ttl=26 time=94.3 ms
08-10 21:59:44.006  7031  7078 D cellinfo: 46 bytes from 44.241.174.93: icmp_seq=196 ttl=26 time=74.7 ms
08-10 21:59:44.213  7031  7078 D cellinfo: 46 bytes from 44.241.174.93: icmp_seq=197 ttl=26 time=81.9 ms
08-10 21:59:44.405  7031  7078 D cellinfo: 46 bytes from 44.241.174.93: icmp_seq=198 ttl=26 time=72.1 ms
08-10 21:59:44.612  7031  7078 D cellinfo: 46 bytes from 44.241.174.93: icmp_seq=199 ttl=26 time=79.9 ms
08-10 21:59:44.804  7031  7078 D cellinfo: 46 bytes from 44.241.174.93: icmp_seq=200 ttl=26 time=71.0 ms
08-10 21:59:45.020  7031  7078 D cellinfo: 46 bytes from 44.241.174.93: icmp_seq=201 ttl=26 time=86.4 ms
08-10 21:59:45.220  7031  7078 D cellinfo: 46 bytes from 44.241.174.93: icmp_seq=202 ttl=26 time=86.0 ms
08-10 21:59:45.415  7031  7078 D cellinfo: 46 bytes from 44.241.174.93: icmp_seq=203 ttl=26 time=80.0 ms
08-10 21:59:45.621  7031  7078 D cellinfo: 46 bytes from 44.241.174.93: icmp_seq=204 ttl=26 time=85.2 ms
08-10 21:59:45.817  7031  7031 D cellinfo: onCellInfoChanged: Operator: Verizon Wireless UpdateTimestamp: 25219119 CellConnectionStatus: 1
08-10 21:59:45.817  7031  7031 D cellinfo: onCellInfoChanged: LTE Cell Bands: [13] Bandwidth: 10000 Cell ID: 3894529 Physical Cell ID: 360 Tracking Area Code: 3840 EARFCN: 5230
08-10 21:59:45.825  7031  7078 D cellinfo: 46 bytes from 44.241.174.93: icmp_seq=205 ttl=26 time=88.0 ms
08-10 21:59:45.944  7031  7031 D cellinfo: onsignalStrengthsChanged: LTE Signal Strength info: rsrp: -122 rsrq: -12 rssi: -103 rssnr: 3
08-10 21:59:46.030  7031  7078 D cellinfo: 46 bytes from 44.241.174.93: icmp_seq=206 ttl=26 time=92.9 ms
08-10 21:59:46.222  7031  7078 D cellinfo: 46 bytes from 44.241.174.93: icmp_seq=207 ttl=26 time=84.9 ms
08-10 21:59:46.414  7031  7078 D cellinfo: 46 bytes from 44.241.174.93: icmp_seq=208 ttl=26 time=75.3 ms
08-10 21:59:46.601  7031  7031 D cellinfo: Latitude is 40.9808345
08-10 21:59:46.601  7031  7031 D cellinfo: Longitude is -105.3930809
08-10 21:59:46.601  7031  7031 D cellinfo: Instantaneous GPS information: United States, Rest Area Access, Livermore, CO 80536, USA
08-10 21:59:46.601  7031  7031 D cellinfo: getCurrentLocation() result: Location (success): 40.9808345, -105.3930809
08-10 21:59:46.616  7031  7078 D cellinfo: 46 bytes from 44.241.174.93: icmp_seq=209 ttl=26 time=76.6 ms
08-10 21:59:46.830  7031  7078 D cellinfo: 46 bytes from 44.241.174.93: icmp_seq=210 ttl=26 time=91.1 ms
08-10 21:59:47.014  7031  7078 D cellinfo: 46 bytes from 44.241.174.93: icmp_seq=211 ttl=26 time=74.4 ms
08-10 21:59:47.242  7031  7078 D cellinfo: 46 bytes from 44.241.174.93: icmp_seq=212 ttl=26 time=102 ms
08-10 21:59:47.427  7031  7078 D cellinfo: 46 bytes from 44.241.174.93: icmp_seq=213 ttl=26 time=86.6 ms
08-10 21:59:47.623  7031  7078 D cellinfo: 46 bytes from 44.241.174.93: icmp_seq=214 ttl=26 time=82.0 ms
08-10 21:59:47.833  7031  7078 D cellinfo: 46 bytes from 44.241.174.93: icmp_seq=215 ttl=26 time=90.3 ms
08-10 21:59:48.026  7031  7078 D cellinfo: 46 bytes from 44.241.174.93: icmp_seq=216 ttl=26 time=82.5 ms
08-10 21:59:48.214  7031  7078 D cellinfo: 46 bytes from 44.241.174.93: icmp_seq=217 ttl=26 time=71.7 ms
08-10 21:59:48.424  7031  7078 D cellinfo: 46 bytes from 44.241.174.93: icmp_seq=218 ttl=26 time=81.2 ms
08-10 21:59:48.622  7031  7078 D cellinfo: 46 bytes from 44.241.174.93: icmp_seq=219 ttl=26 time=78.7 ms
08-10 21:59:48.781  7031  7031 D cellinfo: Latitude is 40.9808345
08-10 21:59:48.781  7031  7031 D cellinfo: Longitude is -105.3930809
08-10 21:59:48.781  7031  7031 D cellinfo: Instantaneous GPS information: United States, Rest Area Access, Livermore, CO 80536, USA
08-10 21:59:48.781  7031  7031 D cellinfo: getCurrentLocation() result: Location (success): 40.9808345, -105.3930809
08-10 21:59:48.817  7031  7031 D cellinfo: onCellInfoChanged: Operator: Verizon Wireless UpdateTimestamp: 25222117 CellConnectionStatus: 1
08-10 21:59:48.817  7031  7031 D cellinfo: onCellInfoChanged: LTE Cell Bands: [13] Bandwidth: 10000 Cell ID: 3894529 Physical Cell ID: 360 Tracking Area Code: 3840 EARFCN: 5230
08-10 21:59:48.822  7031  7078 D cellinfo: 46 bytes from 44.241.174.93: icmp_seq=220 ttl=26 time=77.9 ms
08-10 21:59:49.020  7031  7078 D cellinfo: 46 bytes from 44.241.174.93: icmp_seq=221 ttl=26 time=75.1 ms
08-10 21:59:49.222  7031  7078 D cellinfo: 46 bytes from 44.241.174.93: icmp_seq=222 ttl=26 time=77.7 ms
08-10 21:59:49.423  7031  7078 D cellinfo: 46 bytes from 44.241.174.93: icmp_seq=223 ttl=26 time=77.9 ms
08-10 21:59:49.622  7031  7078 D cellinfo: 46 bytes from 44.241.174.93: icmp_seq=224 ttl=26 time=76.2 ms
08-10 21:59:49.830  7031  7078 D cellinfo: 46 bytes from 44.241.174.93: icmp_seq=225 ttl=26 time=83.3 ms
08-10 21:59:50.042  7031  7078 D cellinfo: 46 bytes from 44.241.174.93: icmp_seq=226 ttl=26 time=94.5 ms
08-10 21:59:50.228  7031  7078 D cellinfo: 46 bytes from 44.241.174.93: icmp_seq=227 ttl=26 time=80.4 ms
08-10 21:59:50.435  7031  7078 D cellinfo: 46 bytes from 44.241.174.93: icmp_seq=228 ttl=26 time=87.6 ms
08-10 21:59:50.626  7031  7078 D cellinfo: 46 bytes from 44.241.174.93: icmp_seq=229 ttl=26 time=77.4 ms
08-10 21:59:50.825  7031  7078 D cellinfo: 46 bytes from 44.241.174.93: icmp_seq=230 ttl=26 time=75.2 ms
08-10 21:59:51.025  7031  7078 D cellinfo: 46 bytes from 44.241.174.93: icmp_seq=231 ttl=26 time=75.0 ms
08-10 21:59:51.240  7031  7078 D cellinfo: 46 bytes from 44.241.174.93: icmp_seq=232 ttl=26 time=90.7 ms
08-10 21:59:51.432  7031  7078 D cellinfo: 46 bytes from 44.241.174.93: icmp_seq=233 ttl=26 time=82.0 ms
08-10 21:59:51.632  7031  7078 D cellinfo: 46 bytes from 44.241.174.93: icmp_seq=234 ttl=26 time=81.1 ms
08-10 21:59:51.832  7031  7078 D cellinfo: 46 bytes from 44.241.174.93: icmp_seq=235 ttl=26 time=79.9 ms
08-10 21:59:52.025  7031  7078 D cellinfo: 46 bytes from 44.241.174.93: icmp_seq=236 ttl=26 time=71.5 ms
08-10 21:59:52.222  7031  7078 D cellinfo: 46 bytes from 44.241.174.93: icmp_seq=237 ttl=26 time=69.6 ms
08-10 21:59:52.228  7031  7031 D cellinfo: Latitude is 40.9807708
08-10 21:59:52.228  7031  7031 D cellinfo: Longitude is -105.3929062
08-10 21:59:52.228  7031  7031 D cellinfo: Instantaneous GPS information: United States, Rest Area Access, Livermore, CO 80536, USA
08-10 21:59:52.228  7031  7031 D cellinfo: getCurrentLocation() result: Location (success): 40.9807708, -105.3929062
08-10 21:59:52.232  7031  7031 D cellinfo: onCellInfoChanged: Operator: Verizon Wireless UpdateTimestamp: 25225119 CellConnectionStatus: 1
08-10 21:59:52.232  7031  7031 D cellinfo: onCellInfoChanged: LTE Cell Bands: [13] Bandwidth: 10000 Cell ID: 3894529 Physical Cell ID: 360 Tracking Area Code: 3840 EARFCN: 5230
08-10 21:59:52.492  7031  7078 D cellinfo: 46 bytes from 44.241.174.93: icmp_seq=238 ttl=26 time=139 ms
08-10 21:59:52.625  7031  7078 D cellinfo: 46 bytes from 44.241.174.93: icmp_seq=239 ttl=26 time=71.5 ms
08-10 21:59:52.824  7031  7078 D cellinfo: 46 bytes from 44.241.174.93: icmp_seq=240 ttl=26 time=70.2 ms
08-10 21:59:53.032  7031  7078 D cellinfo: 46 bytes from 44.241.174.93: icmp_seq=241 ttl=26 time=77.3 ms
08-10 21:59:53.233  7031  7078 D cellinfo: 46 bytes from 44.241.174.93: icmp_seq=242 ttl=26 time=77.1 ms
08-10 21:59:53.433  7031  7078 D cellinfo: 46 bytes from 44.241.174.93: icmp_seq=243 ttl=26 time=77.1 ms
08-10 21:59:53.625  7031  7078 D cellinfo: 46 bytes from 44.241.174.93: icmp_seq=244 ttl=26 time=68.1 ms
08-10 21:59:53.844  7031  7078 D cellinfo: 46 bytes from 44.241.174.93: icmp_seq=245 ttl=26 time=85.9 ms
08-10 21:59:54.035  7031  7078 D cellinfo: 46 bytes from 44.241.174.93: icmp_seq=246 ttl=26 time=76.2 ms
08-10 21:59:54.235  7031  7078 D cellinfo: 46 bytes from 44.241.174.93: icmp_seq=247 ttl=26 time=75.3 ms
08-10 21:59:54.434  7031  7078 D cellinfo: 46 bytes from 44.241.174.93: icmp_seq=248 ttl=26 time=74.8 ms
08-10 21:59:54.636  7031  7078 D cellinfo: 46 bytes from 44.241.174.93: icmp_seq=249 ttl=26 time=75.6 ms
08-10 21:59:54.842  7031  7078 D cellinfo: 46 bytes from 44.241.174.93: icmp_seq=250 ttl=26 time=81.7 ms
08-10 21:59:55.130  7031  7078 D cellinfo: 46 bytes from 44.241.174.93: icmp_seq=251 ttl=26 time=168 ms
08-10 21:59:55.243  7031  7078 D cellinfo: 46 bytes from 44.241.174.93: icmp_seq=252 ttl=26 time=81.2 ms
08-10 21:59:55.260  7031  7031 D cellinfo: Latitude is 40.9807376
08-10 21:59:55.260  7031  7031 D cellinfo: Longitude is -105.3928122
08-10 21:59:55.260  7031  7031 D cellinfo: Instantaneous GPS information: United States, Rest Area Access, Livermore, CO 80536, USA
08-10 21:59:55.260  7031  7031 D cellinfo: getCurrentLocation() result: Location (success): 40.9807376, -105.3928122
08-10 21:59:55.264  7031  7031 D cellinfo: onCellInfoChanged: Operator: Verizon Wireless UpdateTimestamp: 25228111 CellConnectionStatus: 1
08-10 21:59:55.264  7031  7031 D cellinfo: onCellInfoChanged: LTE Cell Bands: [13] Bandwidth: 10000 Cell ID: 3894529 Physical Cell ID: 360 Tracking Area Code: 3840 EARFCN: 5230
08-10 21:59:55.442  7031  7078 D cellinfo: 46 bytes from 44.241.174.93: icmp_seq=253 ttl=26 time=79.8 ms
08-10 21:59:55.649  7031  7078 D cellinfo: 46 bytes from 44.241.174.93: icmp_seq=254 ttl=26 time=86.2 ms
08-10 21:59:55.852  7031  7078 D cellinfo: 46 bytes from 44.241.174.93: icmp_seq=255 ttl=26 time=88.4 ms
08-10 21:59:56.050  7031  7078 D cellinfo: 46 bytes from 44.241.174.93: icmp_seq=256 ttl=26 time=85.3 ms
08-10 21:59:56.242  7031  7078 D cellinfo: 46 bytes from 44.241.174.93: icmp_seq=257 ttl=26 time=76.8 ms
08-10 21:59:56.452  7031  7078 D cellinfo: 46 bytes from 44.241.174.93: icmp_seq=258 ttl=26 time=85.6 ms
08-10 21:59:56.643  7031  7078 D cellinfo: 46 bytes from 44.241.174.93: icmp_seq=259 ttl=26 time=75.7 ms
08-10 21:59:56.844  7031  7078 D cellinfo: 46 bytes from 44.241.174.93: icmp_seq=260 ttl=26 time=76.6 ms
08-10 21:59:57.053  7031  7078 D cellinfo: 46 bytes from 44.241.174.93: icmp_seq=261 ttl=26 time=84.9 ms
08-10 21:59:57.254  7031  7078 D cellinfo: 46 bytes from 44.241.174.93: icmp_seq=262 ttl=26 time=84.9 ms
08-10 21:59:57.462  7031  7078 D cellinfo: 46 bytes from 44.241.174.93: icmp_seq=263 ttl=26 time=91.9 ms
08-10 21:59:57.645  7031  7078 D cellinfo: 46 bytes from 44.241.174.93: icmp_seq=264 ttl=26 time=73.7 ms
08-10 21:59:57.871  7031  7078 D cellinfo: 46 bytes from 44.241.174.93: icmp_seq=265 ttl=26 time=100 ms
08-10 21:59:58.063  7031  7078 D cellinfo: 46 bytes from 44.241.174.93: icmp_seq=266 ttl=26 time=89.9 ms
08-10 21:59:58.246  7031  7078 D cellinfo: 46 bytes from 44.241.174.93: icmp_seq=267 ttl=26 time=72.8 ms
08-10 21:59:58.255  7031  7031 D cellinfo: Latitude is 40.9807533
08-10 21:59:58.255  7031  7031 D cellinfo: Longitude is -105.3928551
08-10 21:59:58.255  7031  7031 D cellinfo: Instantaneous GPS information: United States, Rest Area Access, Livermore, CO 80536, USA
08-10 21:59:58.255  7031  7031 D cellinfo: getCurrentLocation() result: Location (success): 40.9807533, -105.3928551
08-10 21:59:58.259  7031  7031 D cellinfo: onCellInfoChanged: Operator: Verizon Wireless UpdateTimestamp: 25231134 CellConnectionStatus: 1
08-10 21:59:58.259  7031  7031 D cellinfo: onCellInfoChanged: LTE Cell Bands: [13] Bandwidth: 10000 Cell ID: 3894529 Physical Cell ID: 360 Tracking Area Code: 3840 EARFCN: 5230
08-10 21:59:58.454  7031  7078 D cellinfo: 46 bytes from 44.241.174.93: icmp_seq=268 ttl=26 time=79.5 ms
08-10 21:59:58.668  7031  7078 D cellinfo: 46 bytes from 44.241.174.93: icmp_seq=269 ttl=26 time=93.8 ms
08-10 21:59:58.852  7031  7078 D cellinfo: 46 bytes from 44.241.174.93: icmp_seq=270 ttl=26 time=77.2 ms
08-10 21:59:59.045  7031  7078 D cellinfo: 46 bytes from 44.241.174.93: icmp_seq=271 ttl=26 time=69.1 ms
08-10 21:59:59.252  7031  7078 D cellinfo: 46 bytes from 44.241.174.93: icmp_seq=272 ttl=26 time=76.1 ms
08-10 21:59:59.462  7031  7078 D cellinfo: 46 bytes from 44.241.174.93: icmp_seq=273 ttl=26 time=85.0 ms
08-10 21:59:59.669  7031  7078 D cellinfo: 46 bytes from 44.241.174.93: icmp_seq=274 ttl=26 time=91.2 ms
08-10 21:59:59.854  7031  7078 D cellinfo: 46 bytes from 44.241.174.93: icmp_seq=275 ttl=26 time=75.2 ms
08-10 22:00:00.063  7031  7078 D cellinfo: 46 bytes from 44.241.174.93: icmp_seq=276 ttl=26 time=82.9 ms
08-10 22:00:00.262  7031  7078 D cellinfo: 46 bytes from 44.241.174.93: icmp_seq=277 ttl=26 time=82.6 ms
08-10 22:00:00.467  7031  7078 D cellinfo: 46 bytes from 44.241.174.93: icmp_seq=278 ttl=26 time=87.5 ms
08-10 22:00:00.663  7031  7078 D cellinfo: 46 bytes from 44.241.174.93: icmp_seq=279 ttl=26 time=82.2 ms
08-10 22:00:00.808  7031  7031 D cellinfo: onCellInfoChanged: Operator: Verizon Wireless UpdateTimestamp: 25234109 CellConnectionStatus: 1
08-10 22:00:00.808  7031  7031 D cellinfo: onCellInfoChanged: LTE Cell Bands: [13] Bandwidth: 10000 Cell ID: 3894529 Physical Cell ID: 360 Tracking Area Code: 3840 EARFCN: 5230
08-10 22:00:00.858  7031  7078 D cellinfo: 46 bytes from 44.241.174.93: icmp_seq=280 ttl=26 time=76.5 ms
08-10 22:00:01.063  7031  7078 D cellinfo: 46 bytes from 44.241.174.93: icmp_seq=281 ttl=26 time=80.2 ms
08-10 22:00:01.268  7031  7078 D cellinfo: 46 bytes from 44.241.174.93: icmp_seq=282 ttl=26 time=84.8 ms
08-10 22:00:01.464  7031  7078 D cellinfo: 46 bytes from 44.241.174.93: icmp_seq=283 ttl=26 time=79.6 ms
08-10 22:00:01.603  7031  7031 D cellinfo: Latitude is 40.9807761
08-10 22:00:01.603  7031  7031 D cellinfo: Longitude is -105.3923228
08-10 22:00:01.603  7031  7031 D cellinfo: Instantaneous GPS information: United States, Rest Area Access, Livermore, CO 80536, USA
08-10 22:00:01.603  7031  7031 D cellinfo: getCurrentLocation() result: Location (success): 40.9807761, -105.3923228
08-10 22:00:01.654  7031  7078 D cellinfo: 46 bytes from 44.241.174.93: icmp_seq=284 ttl=26 time=69.4 ms
08-10 22:00:01.863  7031  7078 D cellinfo: 46 bytes from 44.241.174.93: icmp_seq=285 ttl=26 time=77.0 ms
08-10 22:00:01.948  7031  7031 D cellinfo: onsignalStrengthsChanged: LTE Signal Strength info: rsrp: -114 rsrq: -9 rssi: -97 rssnr: 6
08-10 22:00:02.055  7031  7078 D cellinfo: 46 bytes from 44.241.174.93: icmp_seq=286 ttl=26 time=67.4 ms
08-10 22:00:02.273  7031  7078 D cellinfo: 46 bytes from 44.241.174.93: icmp_seq=287 ttl=26 time=85.3 ms
08-10 22:00:02.465  7031  7078 D cellinfo: 46 bytes from 44.241.174.93: icmp_seq=288 ttl=26 time=77.3 ms
08-10 22:00:02.673  7031  7078 D cellinfo: 46 bytes from 44.241.174.93: icmp_seq=289 ttl=26 time=83.7 ms
08-10 22:00:02.865  7031  7078 D cellinfo: 46 bytes from 44.241.174.93: icmp_seq=290 ttl=26 time=75.9 ms
08-10 22:00:03.073  7031  7078 D cellinfo: 46 bytes from 44.241.174.93: icmp_seq=291 ttl=26 time=81.8 ms
08-10 22:00:03.273  7031  7078 D cellinfo: 46 bytes from 44.241.174.93: icmp_seq=292 ttl=26 time=83.0 ms
08-10 22:00:03.465  7031  7078 D cellinfo: 46 bytes from 44.241.174.93: icmp_seq=293 ttl=26 time=73.7 ms
08-10 22:00:03.666  7031  7078 D cellinfo: 46 bytes from 44.241.174.93: icmp_seq=294 ttl=26 time=73.6 ms
08-10 22:00:03.780  7031  7031 D cellinfo: Latitude is 40.9807761
08-10 22:00:03.781  7031  7031 D cellinfo: Longitude is -105.3923228
08-10 22:00:03.781  7031  7031 D cellinfo: Instantaneous GPS information: United States, Rest Area Access, Livermore, CO 80536, USA
08-10 22:00:03.781  7031  7031 D cellinfo: getCurrentLocation() result: Location (success): 40.9807761, -105.3923228
08-10 22:00:03.827  7031  7031 D cellinfo: onCellInfoChanged: Operator: Verizon Wireless UpdateTimestamp: 25237128 CellConnectionStatus: 1
08-10 22:00:03.827  7031  7031 D cellinfo: onCellInfoChanged: LTE Cell Bands: [13] Bandwidth: 10000 Cell ID: 3894529 Physical Cell ID: 360 Tracking Area Code: 3840 EARFCN: 5230
08-10 22:00:03.869  7031  7078 D cellinfo: 46 bytes from 44.241.174.93: icmp_seq=295 ttl=26 time=76.8 ms
08-10 22:00:04.081  7031  7078 D cellinfo: 46 bytes from 44.241.174.93: icmp_seq=296 ttl=26 time=88.6 ms
08-10 22:00:04.275  7031  7078 D cellinfo: 46 bytes from 44.241.174.93: icmp_seq=297 ttl=26 time=82.4 ms
08-10 22:00:04.464  7031  7078 D cellinfo: 46 bytes from 44.241.174.93: icmp_seq=298 ttl=26 time=71.5 ms
08-10 22:00:04.681  7031  7078 D cellinfo: 46 bytes from 44.241.174.93: icmp_seq=299 ttl=26 time=88.1 ms
08-10 22:00:04.865  7031  7078 D cellinfo: 46 bytes from 44.241.174.93: icmp_seq=300 ttl=26 time=70.6 ms
08-10 22:00:05.065  7031  7078 D cellinfo: 46 bytes from 44.241.174.93: icmp_seq=301 ttl=26 time=70.0 ms
08-10 22:00:05.265  7031  7078 D cellinfo: 46 bytes from 44.241.174.93: icmp_seq=302 ttl=26 time=70.0 ms
08-10 22:00:05.473  7031  7078 D cellinfo: 46 bytes from 44.241.174.93: icmp_seq=303 ttl=26 time=77.0 ms
08-10 22:00:05.666  7031  7078 D cellinfo: 46 bytes from 44.241.174.93: icmp_seq=304 ttl=26 time=69.5 ms
08-10 22:00:05.865  7031  7078 D cellinfo: 46 bytes from 44.241.174.93: icmp_seq=305 ttl=26 time=67.5 ms
08-10 22:00:05.945  7031  7031 D cellinfo: onsignalStrengthsChanged: LTE Signal Strength info: rsrp: -112 rsrq: -9 rssi: -95 rssnr: 8
08-10 22:00:06.089  7031  7078 D cellinfo: 46 bytes from 44.241.174.93: icmp_seq=306 ttl=26 time=90.9 ms
08-10 22:00:06.277  7031  7078 D cellinfo: 46 bytes from 44.241.174.93: icmp_seq=307 ttl=26 time=78.8 ms
08-10 22:00:06.475  7031  7078 D cellinfo: 46 bytes from 44.241.174.93: icmp_seq=308 ttl=26 time=76.3 ms
08-10 22:00:06.683  7031  7078 D cellinfo: 46 bytes from 44.241.174.93: icmp_seq=309 ttl=26 time=83.3 ms
08-10 22:00:06.877  7031  7078 D cellinfo: 46 bytes from 44.241.174.93: icmp_seq=310 ttl=26 time=77.0 ms
08-10 22:00:07.075  7031  7078 D cellinfo: 46 bytes from 44.241.174.93: icmp_seq=311 ttl=26 time=73.1 ms
08-10 22:00:07.177  7031  7031 D cellinfo: Latitude is 40.980812
08-10 22:00:07.177  7031  7031 D cellinfo: Longitude is -105.3922838
08-10 22:00:07.177  7031  7031 D cellinfo: Instantaneous GPS information: United States, Rest Area Access, Livermore, CO 80536, USA
08-10 22:00:07.177  7031  7031 D cellinfo: getCurrentLocation() result: Location (success): 40.980812, -105.3922838
08-10 22:00:07.180  7031  7031 D cellinfo: onCellInfoChanged: Operator: Verizon Wireless UpdateTimestamp: 25240127 CellConnectionStatus: 1
08-10 22:00:07.180  7031  7031 D cellinfo: onCellInfoChanged: LTE Cell Bands: [13] Bandwidth: 10000 Cell ID: 3894529 Physical Cell ID: 360 Tracking Area Code: 3840 EARFCN: 5230
08-10 22:00:07.274  7031  7078 D cellinfo: 46 bytes from 44.241.174.93: icmp_seq=312 ttl=26 time=71.9 ms
08-10 22:00:07.474  7031  7078 D cellinfo: 46 bytes from 44.241.174.93: icmp_seq=313 ttl=26 time=71.4 ms
08-10 22:00:07.675  7031  7078 D cellinfo: 46 bytes from 44.241.174.93: icmp_seq=314 ttl=26 time=71.3 ms
