08-10 15:07:57.247 14641 14641 D cellinfo: getCurrentLocation() result: Location (success): 40.7127265, -111.8710031
08-10 15:07:57.250 14641 14641 D cellinfo: onsignalStrengthsChanged: LTE Signal Strength info: rsrp: -95 rsrq: -9 rssi: -79 rssnr: 1
08-10 15:07:57.427 14641 14689 D cellinfo: 46 bytes from 44.241.174.93: icmp_seq=408 ttl=26 time=74.3 ms
08-10 15:07:57.643 14641 14689 D cellinfo: 46 bytes from 44.241.174.93: icmp_seq=409 ttl=26 time=88.3 ms
08-10 15:07:57.827 14641 14689 D cellinfo: 46 bytes from 44.241.174.93: icmp_seq=410 ttl=26 time=71.8 ms
08-10 15:07:58.019 14641 14689 D cellinfo: 46 bytes from 44.241.174.93: icmp_seq=411 ttl=26 time=63.5 ms
08-10 15:07:58.219 14641 14689 D cellinfo: 46 bytes from 44.241.174.93: icmp_seq=412 ttl=26 time=63.4 ms
08-10 15:07:58.408 14641 14689 D cellinfo: 46 bytes from 44.241.174.93: icmp_seq=413 ttl=26 time=51.4 ms
08-10 15:07:58.635 14641 14641 D cellinfo: Latitude is 40.7127265
08-10 15:07:58.635 14641 14641 D cellinfo: Longitude is -111.8710031
08-10 15:07:58.635 14641 14641 D cellinfo: Instantaneous GPS information: United States, 2685 700 E, Salt Lake City, UT 84106, USA
08-10 15:07:58.635 14641 14641 D cellinfo: getCurrentLocation() result: Location (success): 40.7127265, -111.8710031
08-10 15:07:58.664 14641 14689 D cellinfo: 46 bytes from 44.241.174.93: icmp_seq=414 ttl=26 time=106 ms
08-10 15:07:58.684 14641 14641 D cellinfo: onCellInfoChanged: Operator: Verizon Wireless UpdateTimestamp: 511986 CellConnectionStatus: 1
08-10 15:07:58.684 14641 14641 D cellinfo: onCellInfoChanged: LTE Cell Bands: [13, 66, 66, 2] Bandwidth: 10000 Cell ID: 3098115 Physical Cell ID: 137 Tracking Area Code: 3073 EARFCN: 5230
08-10 15:07:58.835 14641 14689 D cellinfo: 46 bytes from 44.241.174.93: icmp_seq=415 ttl=26 time=76.5 ms
08-10 15:07:59.021 14641 14689 D cellinfo: 46 bytes from 44.241.174.93: icmp_seq=416 ttl=26 time=61.2 ms
08-10 15:07:59.227 14641 14689 D cellinfo: 46 bytes from 44.241.174.93: icmp_seq=417 ttl=26 time=66.0 ms
08-10 15:07:59.428 14641 14689 D cellinfo: 46 bytes from 44.241.174.93: icmp_seq=418 ttl=26 time=66.2 ms
08-10 15:07:59.628 14641 14689 D cellinfo: 46 bytes from 44.241.174.93: icmp_seq=419 ttl=26 time=65.0 ms
08-10 15:07:59.849 14641 14689 D cellinfo: 46 bytes from 44.241.174.93: icmp_seq=420 ttl=26 time=85.1 ms
08-10 15:08:00.021 14641 14689 D cellinfo: 46 bytes from 44.241.174.93: icmp_seq=421 ttl=26 time=56.5 ms
08-10 15:08:00.264 14641 14689 D cellinfo: 46 bytes from 44.241.174.93: icmp_seq=422 ttl=26 time=100 ms
08-10 15:08:00.350 14641 14641 D cellinfo: onsignalStrengthsChanged: LTE Signal Strength info: rsrp: -100 rsrq: -13 rssi: -79 rssnr: -2
08-10 15:08:00.418 14641 14689 D cellinfo: 46 bytes from 44.241.174.93: icmp_seq=423 ttl=26 time=53.4 ms
08-10 15:08:00.627 14641 14689 D cellinfo: 46 bytes from 44.241.174.93: icmp_seq=424 ttl=26 time=61.3 ms
08-10 15:08:00.827 14641 14689 D cellinfo: 46 bytes from 44.241.174.93: icmp_seq=425 ttl=26 time=60.3 ms
08-10 15:08:01.057 14641 14689 D cellinfo: 46 bytes from 44.241.174.93: icmp_seq=426 ttl=26 time=88.4 ms
08-10 15:08:01.228 14641 14689 D cellinfo: 46 bytes from 44.241.174.93: icmp_seq=427 ttl=26 time=60.5 ms
08-10 15:08:01.449 14641 14689 D cellinfo: 46 bytes from 44.241.174.93: icmp_seq=428 ttl=26 time=81.1 ms
08-10 15:08:01.667 14641 14689 D cellinfo: 46 bytes from 44.241.174.93: icmp_seq=429 ttl=26 time=98.3 ms
08-10 15:08:01.837 14641 14689 D cellinfo: 46 bytes from 44.241.174.93: icmp_seq=430 ttl=26 time=67.0 ms
08-10 15:08:02.028 14641 14689 D cellinfo: 46 bytes from 44.241.174.93: icmp_seq=431 ttl=26 time=55.7 ms
08-10 15:08:02.072 14641 14641 D cellinfo: Latitude is 40.7127283
08-10 15:08:02.072 14641 14641 D cellinfo: Longitude is -111.8710357
08-10 15:08:02.072 14641 14641 D cellinfo: Instantaneous GPS information: United States, 2685 700 E, Salt Lake City, UT 84106, USA
08-10 15:08:02.072 14641 14641 D cellinfo: getCurrentLocation() result: Location (success): 40.7127283, -111.8710357
08-10 15:08:02.077 14641 14641 D cellinfo: onCellInfoChanged: Operator: Verizon Wireless UpdateTimestamp: 514976 CellConnectionStatus: 1
08-10 15:08:02.077 14641 14641 D cellinfo: onCellInfoChanged: LTE Cell Bands: [13, 66, 66, 2] Bandwidth: 10000 Cell ID: 3098115 Physical Cell ID: 137 Tracking Area Code: 3073 EARFCN: 5230
08-10 15:08:02.230 14641 14689 D cellinfo: 46 bytes from 44.241.174.93: icmp_seq=432 ttl=26 time=59.0 ms
08-10 15:08:02.430 14641 14689 D cellinfo: 46 bytes from 44.241.174.93: icmp_seq=433 ttl=26 time=58.6 ms
08-10 15:08:02.657 14641 14689 D cellinfo: 46 bytes from 44.241.174.93: icmp_seq=434 ttl=26 time=84.5 ms
08-10 15:08:02.830 14641 14689 D cellinfo: 46 bytes from 44.241.174.93: icmp_seq=435 ttl=26 time=57.1 ms
08-10 15:08:03.038 14641 14689 D cellinfo: 46 bytes from 44.241.174.93: icmp_seq=436 ttl=26 time=63.8 ms
08-10 15:08:03.238 14641 14689 D cellinfo: 46 bytes from 44.241.174.93: icmp_seq=437 ttl=26 time=64.3 ms
08-10 15:08:03.430 14641 14689 D cellinfo: 46 bytes from 44.241.174.93: icmp_seq=438 ttl=26 time=55.5 ms
08-10 15:08:03.638 14641 14689 D cellinfo: 46 bytes from 44.241.174.93: icmp_seq=439 ttl=26 time=62.7 ms
08-10 15:08:03.837 14641 14689 D cellinfo: 46 bytes from 44.241.174.93: icmp_seq=440 ttl=26 time=61.8 ms
08-10 15:08:04.037 14641 14689 D cellinfo: 46 bytes from 44.241.174.93: icmp_seq=441 ttl=26 time=60.3 ms
08-10 15:08:04.257 14641 14689 D cellinfo: 46 bytes from 44.241.174.93: icmp_seq=442 ttl=26 time=80.2 ms
08-10 15:08:04.430 14641 14689 D cellinfo: 46 bytes from 44.241.174.93: icmp_seq=443 ttl=26 time=52.7 ms
08-10 15:08:04.657 14641 14689 D cellinfo: 46 bytes from 44.241.174.93: icmp_seq=444 ttl=26 time=78.4 ms
08-10 15:08:04.841 14641 14689 D cellinfo: 46 bytes from 44.241.174.93: icmp_seq=445 ttl=26 time=62.2 ms
08-10 15:08:05.049 14641 14689 D cellinfo: 46 bytes from 44.241.174.93: icmp_seq=446 ttl=26 time=68.4 ms
08-10 15:08:05.113 14641 14641 D cellinfo: Latitude is 40.7127299
08-10 15:08:05.113 14641 14641 D cellinfo: Longitude is -111.8710656
08-10 15:08:05.113 14641 14641 D cellinfo: Instantaneous GPS information: United States, 2685 UT-71, Salt Lake City, UT 84106, USA
08-10 15:08:05.113 14641 14641 D cellinfo: getCurrentLocation() result: Location (success): 40.7127299, -111.8710656
08-10 15:08:05.118 14641 14641 D cellinfo: onCellInfoChanged: Operator: Verizon Wireless UpdateTimestamp: 517986 CellConnectionStatus: 1
08-10 15:08:05.118 14641 14641 D cellinfo: onCellInfoChanged: LTE Cell Bands: [13, 66, 66, 2] Bandwidth: 10000 Cell ID: 3098115 Physical Cell ID: 137 Tracking Area Code: 3073 EARFCN: 5230
08-10 15:08:05.255 14641 14689 D cellinfo: 46 bytes from 44.241.174.93: icmp_seq=447 ttl=26 time=74.6 ms
08-10 15:08:05.457 14641 14689 D cellinfo: 46 bytes from 44.241.174.93: icmp_seq=448 ttl=26 time=75.1 ms
08-10 15:08:05.640 14641 14689 D cellinfo: 46 bytes from 44.241.174.93: icmp_seq=449 ttl=26 time=57.0 ms
08-10 15:08:05.865 14641 14689 D cellinfo: 46 bytes from 44.241.174.93: icmp_seq=450 ttl=26 time=81.4 ms
08-10 15:08:06.056 14641 14689 D cellinfo: 46 bytes from 44.241.174.93: icmp_seq=451 ttl=26 time=71.7 ms
08-10 15:08:06.257 14641 14689 D cellinfo: 46 bytes from 44.241.174.93: icmp_seq=452 ttl=26 time=72.9 ms
08-10 15:08:06.455 14641 14689 D cellinfo: 46 bytes from 44.241.174.93: icmp_seq=453 ttl=26 time=69.6 ms
08-10 15:08:06.658 14641 14689 D cellinfo: 46 bytes from 44.241.174.93: icmp_seq=454 ttl=26 time=72.8 ms
08-10 15:08:06.841 14641 14689 D cellinfo: 46 bytes from 44.241.174.93: icmp_seq=455 ttl=26 time=54.4 ms
08-10 15:08:07.050 14641 14689 D cellinfo: 46 bytes from 44.241.174.93: icmp_seq=456 ttl=26 time=62.6 ms
08-10 15:08:07.248 14641 14689 D cellinfo: 46 bytes from 44.241.174.93: icmp_seq=457 ttl=26 time=61.6 ms
08-10 15:08:07.449 14641 14689 D cellinfo: 46 bytes from 44.241.174.93: icmp_seq=458 ttl=26 time=61.9 ms
08-10 15:08:07.631 14641 14641 D cellinfo: Latitude is 40.7127298
08-10 15:08:07.631 14641 14641 D cellinfo: Longitude is -111.8710605
08-10 15:08:07.631 14641 14641 D cellinfo: Instantaneous GPS information: United States, 2685 700 E, Salt Lake City, UT 84106, USA
08-10 15:08:07.631 14641 14641 D cellinfo: getCurrentLocation() result: Location (success): 40.7127298, -111.8710605
08-10 15:08:07.636 14641 14641 D cellinfo: onsignalStrengthsChanged: LTE Signal Strength info: rsrp: -104 rsrq: -15 rssi: -79 rssnr: -5
08-10 15:08:07.667 14641 14689 D cellinfo: 46 bytes from 44.241.174.93: icmp_seq=459 ttl=26 time=79.7 ms
08-10 15:08:07.684 14641 14641 D cellinfo: onCellInfoChanged: Operator: Verizon Wireless UpdateTimestamp: 520986 CellConnectionStatus: 1
08-10 15:08:07.684 14641 14641 D cellinfo: onCellInfoChanged: LTE Cell Bands: [13, 66, 66, 2] Bandwidth: 10000 Cell ID: 3098115 Physical Cell ID: 137 Tracking Area Code: 3073 EARFCN: 5230
08-10 15:08:07.865 14641 14689 D cellinfo: 46 bytes from 44.241.174.93: icmp_seq=460 ttl=26 time=77.2 ms
08-10 15:08:08.060 14641 14689 D cellinfo: 46 bytes from 44.241.174.93: icmp_seq=461 ttl=26 time=70.6 ms
08-10 15:08:08.249 14641 14689 D cellinfo: 46 bytes from 44.241.174.93: icmp_seq=462 ttl=26 time=60.1 ms
08-10 15:08:08.460 14641 14689 D cellinfo: 46 bytes from 44.241.174.93: icmp_seq=463 ttl=26 time=70.4 ms
08-10 15:08:08.657 14641 14689 D cellinfo: 46 bytes from 44.241.174.93: icmp_seq=464 ttl=26 time=66.8 ms
08-10 15:08:08.867 14641 14689 D cellinfo: 46 bytes from 44.241.174.93: icmp_seq=465 ttl=26 time=75.6 ms
08-10 15:08:09.049 14641 14689 D cellinfo: 46 bytes from 44.241.174.93: icmp_seq=466 ttl=26 time=56.9 ms
08-10 15:08:09.267 14641 14689 D cellinfo: 46 bytes from 44.241.174.93: icmp_seq=467 ttl=26 time=74.5 ms
08-10 15:08:09.466 14641 14689 D cellinfo: 46 bytes from 44.241.174.93: icmp_seq=468 ttl=26 time=72.9 ms
08-10 15:08:09.668 14641 14689 D cellinfo: 46 bytes from 44.241.174.93: icmp_seq=469 ttl=26 time=74.4 ms
08-10 15:08:09.860 14641 14689 D cellinfo: 46 bytes from 44.241.174.93: icmp_seq=470 ttl=26 time=65.1 ms
08-10 15:08:10.068 14641 14689 D cellinfo: 46 bytes from 44.241.174.93: icmp_seq=471 ttl=26 time=71.9 ms
08-10 15:08:10.258 14641 14689 D cellinfo: 46 bytes from 44.241.174.93: icmp_seq=472 ttl=26 time=62.3 ms
08-10 15:08:10.469 14641 14689 D cellinfo: 46 bytes from 44.241.174.93: icmp_seq=473 ttl=26 time=73.0 ms
08-10 15:08:10.659 14641 14689 D cellinfo: 46 bytes from 44.241.174.93: icmp_seq=474 ttl=26 time=62.5 ms
08-10 15:08:10.674 14641 14641 D cellinfo: onCellInfoChanged: Operator: Verizon Wireless UpdateTimestamp: 523975 CellConnectionStatus: 1
08-10 15:08:10.674 14641 14641 D cellinfo: onCellInfoChanged: LTE Cell Bands: [13, 66, 66, 2] Bandwidth: 10000 Cell ID: 3098115 Physical Cell ID: 137 Tracking Area Code: 3073 EARFCN: 5230
08-10 15:08:10.908 14641 14689 D cellinfo: 46 bytes from 44.241.174.93: icmp_seq=475 ttl=26 time=110 ms
08-10 15:08:11.065 14641 14689 D cellinfo: 46 bytes from 44.241.174.93: icmp_seq=476 ttl=26 time=65.6 ms
08-10 15:08:11.530 14641 14689 D cellinfo: 46 bytes from 44.241.174.93: icmp_seq=477 ttl=26 time=331 ms
08-10 15:08:11.531 14641 14689 D cellinfo: 46 bytes from 44.241.174.93: icmp_seq=478 ttl=26 time=129 ms
08-10 15:08:11.675 14641 14689 D cellinfo: 46 bytes from 44.241.174.93: icmp_seq=479 ttl=26 time=74.9 ms
08-10 15:08:11.868 14641 14689 D cellinfo: 46 bytes from 44.241.174.93: icmp_seq=480 ttl=26 time=66.0 ms
08-10 15:08:12.076 14641 14689 D cellinfo: 46 bytes from 44.241.174.93: icmp_seq=481 ttl=26 time=72.6 ms
08-10 15:08:12.275 14641 14689 D cellinfo: 46 bytes from 44.241.174.93: icmp_seq=482 ttl=26 time=70.2 ms
08-10 15:08:12.312 14641 14641 D cellinfo: Latitude is 40.7134849
08-10 15:08:12.312 14641 14641 D cellinfo: Longitude is -111.8713954
08-10 15:08:12.312 14641 14641 D cellinfo: Instantaneous GPS information: United States, 2622 700 E, Salt Lake City, UT 84106, USA
08-10 15:08:12.312 14641 14641 D cellinfo: getCurrentLocation() result: Location (success): 40.7134849, -111.8713954
08-10 15:08:12.477 14641 14689 D cellinfo: 46 bytes from 44.241.174.93: icmp_seq=483 ttl=26 time=72.6 ms
08-10 15:08:12.833 14641 14689 D cellinfo: 46 bytes from 44.241.174.93: icmp_seq=484 ttl=26 time=228 ms
08-10 15:08:12.847 14641 14641 D cellinfo: onsignalStrengthsChanged: LTE Signal Strength info: rsrp: -107 rsrq: -19 rssi: -81 rssnr: -8
08-10 15:08:13.202 14641 14689 D cellinfo: 46 bytes from 44.241.174.93: icmp_seq=484 ttl=26 time=596 ms (DUP!)
08-10 15:08:13.202 14641 14689 D cellinfo: 46 bytes from 44.241.174.93: icmp_seq=485 ttl=26 time=393 ms
08-10 15:08:13.202 14641 14689 D cellinfo: 46 bytes from 44.241.174.93: icmp_seq=486 ttl=26 time=192 ms
08-10 15:08:13.302 14641 14641 D cellinfo: onServiceStateChanged: Channel Number: 5230 Cell Bandwidths: [10000, 10000, 20000, 5000]
08-10 15:08:13.321 14641 14689 D cellinfo: 46 bytes from 44.241.174.93: icmp_seq=486 ttl=26 time=311 ms (DUP!)
08-10 15:08:13.321 14641 14689 D cellinfo: 46 bytes from 44.241.174.93: icmp_seq=487 ttl=26 time=112 ms
08-10 15:08:13.506 14641 14689 D cellinfo: 46 bytes from 44.241.174.93: icmp_seq=488 ttl=26 time=95.5 ms
08-10 15:08:13.628 14641 14641 D cellinfo: Latitude is 40.7134849
08-10 15:08:13.628 14641 14641 D cellinfo: Longitude is -111.8713954
08-10 15:08:13.628 14641 14641 D cellinfo: Instantaneous GPS information: United States, 2622 700 E, Salt Lake City, UT 84106, USA
08-10 15:08:13.628 14641 14641 D cellinfo: getCurrentLocation() result: Location (success): 40.7134849, -111.8713954
08-10 15:08:13.667 14641 14641 D cellinfo: onCellInfoChanged: Operator: Verizon Wireless UpdateTimestamp: 526962 CellConnectionStatus: 1
08-10 15:08:13.667 14641 14641 D cellinfo: onCellInfoChanged: LTE Cell Bands: [13, 66, 66, 2] Bandwidth: 10000 Cell ID: 3161857 Physical Cell ID: 114 Tracking Area Code: 3072 EARFCN: 5230
08-10 15:08:13.692 14641 14689 D cellinfo: 46 bytes from 44.241.174.93: icmp_seq=489 ttl=26 time=82.0 ms
08-10 15:08:14.281 14641 14689 D cellinfo: 46 bytes from 44.241.174.93: icmp_seq=490 ttl=26 time=469 ms
08-10 15:08:14.414 14641 14689 D cellinfo: 46 bytes from 44.241.174.93: icmp_seq=492 ttl=26 time=193 ms
08-10 15:08:14.415 14641 14689 D cellinfo: 46 bytes from 44.241.174.93: icmp_seq=491 ttl=26 time=397 ms
08-10 15:08:14.559 14641 14689 D cellinfo: 46 bytes from 44.241.174.93: icmp_seq=493 ttl=26 time=138 ms
08-10 15:08:14.690 14641 14689 D cellinfo: 46 bytes from 44.241.174.93: icmp_seq=494 ttl=26 time=68.2 ms
08-10 15:08:14.917 14641 14689 D cellinfo: 46 bytes from 44.241.174.93: icmp_seq=495 ttl=26 time=93.6 ms
08-10 15:08:15.162 14641 14689 D cellinfo: 46 bytes from 44.241.174.93: icmp_seq=496 ttl=26 time=137 ms
08-10 15:08:15.283 14641 14689 D cellinfo: 46 bytes from 44.241.174.93: icmp_seq=497 ttl=26 time=58.4 ms
08-10 15:08:15.736 14641 14689 D cellinfo: 46 bytes from 44.241.174.93: icmp_seq=498 ttl=26 time=310 ms
08-10 15:08:15.772 14641 14689 D cellinfo: 46 bytes from 44.241.174.93: icmp_seq=499 ttl=26 time=139 ms
08-10 15:08:15.912 14641 14689 D cellinfo: 46 bytes from 44.241.174.93: icmp_seq=500 ttl=26 time=78.9 ms
08-10 15:08:16.115 14641 14689 D cellinfo: 46 bytes from 44.241.174.93: icmp_seq=501 ttl=26 time=80.9 ms
08-10 15:08:16.207 14641 14641 D cellinfo: onsignalStrengthsChanged: LTE Signal Strength info: rsrp: -103 rsrq: -14 rssi: -83 rssnr: 2
08-10 15:08:16.469 14641 14689 D cellinfo: 46 bytes from 44.241.174.93: icmp_seq=502 ttl=26 time=233 ms
08-10 15:08:16.516 14641 14689 D cellinfo: 46 bytes from 44.241.174.93: icmp_seq=503 ttl=26 time=77.3 ms
08-10 15:08:16.720 14641 14689 D cellinfo: 46 bytes from 44.241.174.93: icmp_seq=504 ttl=26 time=83.3 ms
08-10 15:08:18.763 14641 14689 D cellinfo: 46 bytes from 44.241.174.93: icmp_seq=506 ttl=26 time=1720 ms
08-10 15:08:19.027 14641 14689 D cellinfo: 46 bytes from 44.241.174.93: icmp_seq=511 ttl=26 time=965 ms
08-10 15:08:19.393 14641 14689 D cellinfo: 46 bytes from 44.241.174.93: icmp_seq=515 ttl=26 time=518 ms
08-10 15:08:19.394 14641 14689 D cellinfo: 46 bytes from 44.241.174.93: icmp_seq=516 ttl=26 time=318 ms
08-10 15:08:19.394 14641 14689 D cellinfo: 46 bytes from 44.241.174.93: icmp_seq=513 ttl=26 time=924 ms
08-10 15:08:19.471 14641 14689 D cellinfo: 46 bytes from 44.241.174.93: icmp_seq=517 ttl=26 time=193 ms
08-10 15:08:19.534 14641 14689 D cellinfo: 46 bytes from 44.241.174.93: icmp_seq=518 ttl=26 time=56.7 ms
08-10 15:08:19.760 14641 14689 D cellinfo: 46 bytes from 44.241.174.93: icmp_seq=519 ttl=26 time=81.7 ms
08-10 15:08:21.261 14641 14689 D cellinfo: 46 bytes from 44.241.174.93: icmp_seq=520 ttl=26 time=1380 ms
08-10 15:08:21.426 14641 14689 D cellinfo: 46 bytes from 44.241.174.93: icmp_seq=524 ttl=26 time=733 ms
08-10 15:08:21.657 14641 14641 D cellinfo: getCurrentLocation() result: Location (success): 40.7136321, -111.8714581
08-10 15:08:21.663 14641 14641 D cellinfo: onCellInfoChanged: Operator: Verizon Wireless UpdateTimestamp: 529977 CellConnectionStatus: 1
08-10 15:08:21.663 14641 14641 D cellinfo: onCellInfoChanged: LTE Cell Bands: [13, 66, 66, 2] Bandwidth: 10000 Cell ID: 3161857 Physical Cell ID: 114 Tracking Area Code: 3072 EARFCN: 5230
08-10 15:08:21.666 14641 14641 D cellinfo: onCellInfoChanged: Operator: Verizon Wireless UpdateTimestamp: 533015 CellConnectionStatus: 1
08-10 15:08:21.666 14641 14641 D cellinfo: onCellInfoChanged: LTE Cell Bands: [13, 66, 66, 2] Bandwidth: 10000 Cell ID: 3161857 Physical Cell ID: 114 Tracking Area Code: 3072 EARFCN: 5230
08-10 15:08:21.667 14641 14641 D cellinfo: onsignalStrengthsChanged: LTE Signal Strength info: rsrp: -105 rsrq: -17 rssi: -81 rssnr: -1
08-10 15:08:22.786 14641 14689 D cellinfo: 46 bytes from 44.241.174.93: icmp_seq=531 ttl=26 time=673 ms
08-10 15:08:22.786 14641 14689 D cellinfo: 46 bytes from 44.241.174.93: icmp_seq=533 ttl=26 time=264 ms
08-10 15:08:22.786 14641 14689 D cellinfo: 46 bytes from 44.241.174.93: icmp_seq=532 ttl=26 time=469 ms
08-10 15:08:23.637 14641 14689 D cellinfo: 46 bytes from 44.241.174.93: icmp_seq=537 ttl=26 time=304 ms
08-10 15:08:23.637 14641 14689 D cellinfo: 46 bytes from 44.241.174.93: icmp_seq=536 ttl=26 time=508 ms
08-10 15:08:23.794 14641 14689 D cellinfo: 46 bytes from 44.241.174.93: icmp_seq=538 ttl=26 time=256 ms
08-10 15:08:25.105 14641 14689 D cellinfo: 46 bytes from 44.241.174.93: icmp_seq=539 ttl=26 time=1366 ms
08-10 15:08:26.336 14641 14689 D cellinfo: 46 bytes from 44.241.174.93: icmp_seq=544 ttl=26 time=1582 ms
08-10 15:08:26.337 14641 14689 D cellinfo: 46 bytes from 44.241.174.93: icmp_seq=543 ttl=26 time=1786 ms
08-10 15:08:26.337 14641 14689 D cellinfo: 46 bytes from 44.241.174.93: icmp_seq=540 ttl=26 time=2397 ms
08-10 15:08:26.401 14641 14689 D cellinfo: 46 bytes from 44.241.174.93: icmp_seq=547 ttl=26 time=1040 ms
08-10 15:08:26.741 14641 14641 D cellinfo: getCurrentLocation() result: Location (success): 40.7137754, -111.8715169
08-10 15:08:26.746 14641 14641 D cellinfo: onCellInfoChanged: Operator: Verizon Wireless UpdateTimestamp: 536010 CellConnectionStatus: 1
08-10 15:08:26.746 14641 14641 D cellinfo: onCellInfoChanged: LTE Cell Bands: [13, 66, 66, 2] Bandwidth: 10000 Cell ID: 3161857 Physical Cell ID: 114 Tracking Area Code: 3072 EARFCN: 5230
08-10 15:08:26.748 14641 14641 D cellinfo: onsignalStrengthsChanged: LTE Signal Strength info: rsrp: -106 rsrq: -16 rssi: -83 rssnr: -3
08-10 15:08:27.861 14641 14689 D cellinfo: 46 bytes from 44.241.174.93: icmp_seq=557 ttl=26 time=466 ms
08-10 15:08:28.268 14641 14689 D cellinfo: 46 bytes from 44.241.174.93: icmp_seq=558 ttl=26 time=670 ms
08-10 15:08:29.158 14641 14689 D cellinfo: 46 bytes from 44.241.174.93: icmp_seq=561 ttl=26 time=951 ms
08-10 15:08:29.408 14641 14689 D cellinfo: 46 bytes from 44.241.174.93: icmp_seq=562 ttl=26 time=1001 ms
08-10 15:08:29.408 14641 14689 D cellinfo: 46 bytes from 44.241.174.93: icmp_seq=564 ttl=26 time=595 ms
08-10 15:08:29.486 14641 14689 D cellinfo: 46 bytes from 44.241.174.93: icmp_seq=565 ttl=26 time=469 ms
08-10 15:08:29.967 14641 14689 D cellinfo: 46 bytes from 44.241.174.93: icmp_seq=566 ttl=26 time=748 ms
08-10 15:08:30.667 14641 14689 D cellinfo: 46 bytes from 44.241.174.93: icmp_seq=570 ttl=26 time=640 ms
08-10 15:08:31.485 14641 14689 D cellinfo: 46 bytes from 44.241.174.93: icmp_seq=574 ttl=26 time=643 ms
08-10 15:08:31.486 14641 14689 D cellinfo: 46 bytes from 44.241.174.93: icmp_seq=575 ttl=26 time=439 ms
08-10 15:08:31.638 14641 14689 D cellinfo: 46 bytes from 44.241.174.93: icmp_seq=576 ttl=26 time=388 ms
08-10 15:08:31.795 14641 14641 D cellinfo: getCurrentLocation() result: Location (success): 40.7152402, -111.8711634
08-10 15:08:32.879 14641 14689 D cellinfo: 46 bytes from 44.241.174.93: icmp_seq=580 ttl=26 time=817 ms
08-10 15:08:32.991 14641 14689 D cellinfo: 46 bytes from 44.241.174.93: icmp_seq=577 ttl=26 time=1537 ms
08-10 15:08:33.260 14641 14689 D cellinfo: 46 bytes from 44.241.174.93: icmp_seq=581 ttl=26 time=994 ms
08-10 15:08:33.389 14641 14689 D cellinfo: 46 bytes from 44.241.174.93: icmp_seq=584 ttl=26 time=512 ms
08-10 15:08:33.390 14641 14689 D cellinfo: 46 bytes from 44.241.174.93: icmp_seq=582 ttl=26 time=920 ms
08-10 15:08:34.068 14641 14689 D cellinfo: 46 bytes from 44.241.174.93: icmp_seq=587 ttl=26 time=588 ms
08-10 15:08:35.045 14641 14689 D cellinfo: 46 bytes from 44.241.174.93: icmp_seq=590 ttl=26 time=956 ms
08-10 15:08:36.842 14641 14641 D cellinfo: getCurrentLocation() result: Location (success): 40.7159935, -111.8711272
08-10 15:08:36.848 14641 14641 D cellinfo: onCellInfoChanged: Operator: Verizon Wireless UpdateTimestamp: 542008 CellConnectionStatus: 1
08-10 15:08:36.849 14641 14641 D cellinfo: onCellInfoChanged: LTE Cell Bands: [13, 66, 66, 2] Bandwidth: 10000 Cell ID: 3161857 Physical Cell ID: 114 Tracking Area Code: 3072 EARFCN: 5230
08-10 15:08:36.849 14641 14641 D cellinfo: onsignalStrengthsChanged: LTE Signal Strength info: rsrp: -101 rsrq: -15 rssi: -77 rssnr: -1
08-10 15:08:36.852 14641 14641 D cellinfo: onsignalStrengthsChanged: LTE Signal Strength info: rsrp: -106 rsrq: -15 rssi: -83 rssnr: -3
08-10 15:08:36.991 14641 14689 D cellinfo: 46 bytes from 44.241.174.93: icmp_seq=591 ttl=26 time=2701 ms
08-10 15:08:36.991 14641 14689 D cellinfo: 46 bytes from 44.241.174.93: icmp_seq=592 ttl=26 time=2497 ms
08-10 15:08:37.240 14641 14689 D cellinfo: 46 bytes from 44.241.174.93: icmp_seq=600 ttl=26 time=1110 ms
08-10 15:08:37.322 14641 14689 D cellinfo: 46 bytes from 44.241.174.93: icmp_seq=603 ttl=26 time=580 ms
08-10 15:08:37.850 14641 14689 D cellinfo: 46 bytes from 44.241.174.93: icmp_seq=605 ttl=26 time=704 ms
08-10 15:08:37.934 14641 14689 D cellinfo: 46 bytes from 44.241.174.93: icmp_seq=607 ttl=26 time=385 ms
08-10 15:08:37.934 14641 14689 D cellinfo: 46 bytes from 44.241.174.93: icmp_seq=606 ttl=26 time=587 ms
08-10 15:08:38.411 14641 14689 D cellinfo: 46 bytes from 44.241.174.93: icmp_seq=610 ttl=26 time=253 ms
08-10 15:08:38.411 14641 14689 D cellinfo: 46 bytes from 44.241.174.93: icmp_seq=609 ttl=26 time=457 ms
08-10 15:08:38.462 14641 14689 D cellinfo: 46 bytes from 44.241.174.93: icmp_seq=611 ttl=26 time=101 ms
08-10 15:08:38.617 14641 14689 D cellinfo: 46 bytes from 44.241.174.93: icmp_seq=612 ttl=26 time=55.2 ms
08-10 15:08:38.816 14641 14689 D cellinfo: 46 bytes from 44.241.174.93: icmp_seq=613 ttl=26 time=53.4 ms
08-10 15:08:39.017 14641 14689 D cellinfo: 46 bytes from 44.241.174.93: icmp_seq=614 ttl=26 time=52.8 ms
08-10 15:08:39.225 14641 14689 D cellinfo: 46 bytes from 44.241.174.93: icmp_seq=615 ttl=26 time=61.6 ms
08-10 15:08:39.508 14641 14689 D cellinfo: 46 bytes from 44.241.174.93: icmp_seq=616 ttl=26 time=143 ms
08-10 15:08:39.673 14641 14641 D cellinfo: Latitude is 40.7161667
08-10 15:08:39.674 14641 14641 D cellinfo: Longitude is -111.8711264
08-10 15:08:39.674 14641 14641 D cellinfo: Instantaneous GPS information: United States, 2497 700 E, Salt Lake City, UT 84106, USA
08-10 15:08:39.674 14641 14641 D cellinfo: getCurrentLocation() result: Location (success): 40.7161667, -111.8711264
08-10 15:08:39.718 14641 14689 D cellinfo: 46 bytes from 44.241.174.93: icmp_seq=617 ttl=26 time=152 ms
08-10 15:08:39.899 14641 14689 D cellinfo: 46 bytes from 44.241.174.93: icmp_seq=618 ttl=26 time=132 ms
08-10 15:08:40.051 14641 14689 D cellinfo: 46 bytes from 44.241.174.93: icmp_seq=619 ttl=26 time=83.5 ms
08-10 15:08:40.128 14641 14641 D cellinfo: Latitude is 40.7170116
08-10 15:08:40.128 14641 14641 D cellinfo: Longitude is -111.8711183
08-10 15:08:40.128 14641 14641 D cellinfo: Instantaneous GPS information: United States, 2465 700 E, Salt Lake City, UT 84106, USA
08-10 15:08:40.128 14641 14641 D cellinfo: getCurrentLocation() result: Location (success): 40.7170116, -111.8711183
08-10 15:08:40.220 14641 14689 D cellinfo: 46 bytes from 44.241.174.93: icmp_seq=620 ttl=26 time=52.7 ms
08-10 15:08:40.445 14641 14689 D cellinfo: 46 bytes from 44.241.174.93: icmp_seq=621 ttl=26 time=77.6 ms
08-10 15:08:40.570 14641 14641 D cellinfo: Latitude is 40.7174691
08-10 15:08:40.570 14641 14641 D cellinfo: Longitude is -111.8711035
08-10 15:08:40.570 14641 14641 D cellinfo: Instantaneous GPS information: United States, 2447 700 E, Salt Lake City, UT 84106, USA
08-10 15:08:40.570 14641 14641 D cellinfo: getCurrentLocation() result: Location (success): 40.7174691, -111.8711035
08-10 15:08:40.577 14641 14641 D cellinfo: onCellInfoChanged: Operator: Verizon Wireless UpdateTimestamp: 550998 CellConnectionStatus: 1
08-10 15:08:40.577 14641 14641 D cellinfo: onCellInfoChanged: LTE Cell Bands: [13, 66, 66, 2] Bandwidth: 10000 Cell ID: 3161857 Physical Cell ID: 114 Tracking Area Code: 3072 EARFCN: 5230
08-10 15:08:40.578 14641 14641 D cellinfo: onServiceStateChanged: Channel Number: 5230 Cell Bandwidths: [10000, 10000, 20000, 5000]
08-10 15:08:40.578 14641 14641 D cellinfo: onsignalStrengthsChanged: LTE Signal Strength info: rsrp: -98 rsrq: -13 rssi: -77 rssnr: 0
08-10 15:08:40.641 14641 14689 D cellinfo: 46 bytes from 44.241.174.93: icmp_seq=622 ttl=26 time=73.7 ms
08-10 15:08:40.836 14641 14689 D cellinfo: 46 bytes from 44.241.174.93: icmp_seq=623 ttl=26 time=67.5 ms
08-10 15:08:41.024 14641 14641 D cellinfo: Latitude is 40.7178306
08-10 15:08:41.024 14641 14641 D cellinfo: Longitude is -111.8710845
08-10 15:08:41.024 14641 14641 D cellinfo: Instantaneous GPS information: United States, 2435 700 E, Salt Lake City, UT 84106, USA
08-10 15:08:41.024 14641 14641 D cellinfo: getCurrentLocation() result: Location (success): 40.7178306, -111.8710845
08-10 15:08:41.031 14641 14641 D cellinfo: onCellInfoChanged: Operator: Verizon Wireless UpdateTimestamp: 553955 CellConnectionStatus: 1
08-10 15:08:41.031 14641 14641 D cellinfo: onCellInfoChanged: LTE Cell Bands: [13, 66, 66, 2] Bandwidth: 10000 Cell ID: 3089155 Physical Cell ID: 380 Tracking Area Code: 3072 EARFCN: 5230
08-10 15:08:41.035 14641 14689 D cellinfo: 46 bytes from 44.241.174.93: icmp_seq=624 ttl=26 time=64.9 ms
08-10 15:08:41.260 14641 14689 D cellinfo: 46 bytes from 44.241.174.93: icmp_seq=625 ttl=26 time=88.9 ms
08-10 15:08:41.463 14641 14689 D cellinfo: 46 bytes from 44.241.174.93: icmp_seq=626 ttl=26 time=92.4 ms
08-10 15:08:41.559 14641 14641 D cellinfo: Latitude is 40.7180414
08-10 15:08:41.559 14641 14641 D cellinfo: Longitude is -111.8710245
08-10 15:08:41.559 14641 14641 D cellinfo: Instantaneous GPS information: United States, 2427 700 E, Salt Lake City, UT 84106, USA
08-10 15:08:41.559 14641 14641 D cellinfo: getCurrentLocation() result: Location (success): 40.7180414, -111.8710245
08-10 15:08:41.623 14641 14689 D cellinfo: 46 bytes from 44.241.174.93: icmp_seq=627 ttl=26 time=51.6 ms
08-10 15:08:41.824 14641 14689 D cellinfo: 46 bytes from 44.241.174.93: icmp_seq=628 ttl=26 time=52.5 ms
08-10 15:08:42.028 14641 14689 D cellinfo: 46 bytes from 44.241.174.93: icmp_seq=629 ttl=26 time=55.2 ms
08-10 15:08:42.237 14641 14689 D cellinfo: 46 bytes from 44.241.174.93: icmp_seq=630 ttl=26 time=64.7 ms
08-10 15:08:42.519 14641 14689 D cellinfo: 46 bytes from 44.241.174.93: icmp_seq=631 ttl=26 time=144 ms
08-10 15:08:42.695 14641 14689 D cellinfo: 46 bytes from 44.241.174.93: icmp_seq=632 ttl=26 time=120 ms
08-10 15:08:42.842 14641 14689 D cellinfo: 46 bytes from 44.241.174.93: icmp_seq=632 ttl=26 time=267 ms (DUP!)
08-10 15:08:42.920 14641 14641 D cellinfo: onServiceStateChanged: Channel Number: 5230 Cell Bandwidths: [10000, 10000, 20000, 5000]
08-10 15:08:42.922 14641 14689 D cellinfo: 46 bytes from 44.241.174.93: icmp_seq=633 ttl=26 time=147 ms
08-10 15:08:43.097 14641 14689 D cellinfo: 46 bytes from 44.241.174.93: icmp_seq=634 ttl=26 time=120 ms
08-10 15:08:43.236 14641 14689 D cellinfo: 46 bytes from 44.241.174.93: icmp_seq=635 ttl=26 time=60.5 ms
08-10 15:08:43.434 14641 14689 D cellinfo: 46 bytes from 44.241.174.93: icmp_seq=636 ttl=26 time=58.3 ms
08-10 15:08:43.657 14641 14689 D cellinfo: 46 bytes from 44.241.174.93: icmp_seq=637 ttl=26 time=80.3 ms
08-10 15:08:44.176 14641 14689 D cellinfo: 46 bytes from 44.241.174.93: icmp_seq=638 ttl=26 time=397 ms
08-10 15:08:44.308 14641 14689 D cellinfo: 46 bytes from 44.241.174.93: icmp_seq=639 ttl=26 time=325 ms
08-10 15:08:44.475 14641 14689 D cellinfo: 46 bytes from 44.241.174.93: icmp_seq=640 ttl=26 time=287 ms
08-10 15:08:45.220 14641 14689 D cellinfo: 46 bytes from 44.241.174.93: icmp_seq=643 ttl=26 time=422 ms
08-10 15:08:45.312 14641 14689 D cellinfo: 46 bytes from 44.241.174.93: icmp_seq=644 ttl=26 time=309 ms
08-10 15:08:45.466 14641 14689 D cellinfo: 46 bytes from 44.241.174.93: icmp_seq=645 ttl=26 time=260 ms
08-10 15:08:45.808 14641 14689 D cellinfo: 46 bytes from 44.241.174.93: icmp_seq=647 ttl=26 time=200 ms
08-10 15:08:45.809 14641 14689 D cellinfo: 46 bytes from 44.241.174.93: icmp_seq=646 ttl=26 time=401 ms
08-10 15:08:45.860 14641 14641 D cellinfo: Latitude is 40.7180668
08-10 15:08:45.861 14641 14641 D cellinfo: Longitude is -111.871002
08-10 15:08:45.861 14641 14641 D cellinfo: Instantaneous GPS information: United States, 2427 700 E, Salt Lake City, UT 84106, USA
08-10 15:08:45.861 14641 14641 D cellinfo: getCurrentLocation() result: Location (success): 40.7180668, -111.871002
08-10 15:08:45.864 14641 14641 D cellinfo: onCellInfoChanged: Operator: Verizon Wireless UpdateTimestamp: 556988 CellConnectionStatus: 1
08-10 15:08:45.864 14641 14641 D cellinfo: onCellInfoChanged: LTE Cell Bands: [13, 66, 66, 2] Bandwidth: 10000 Cell ID: 3161857 Physical Cell ID: 114 Tracking Area Code: 3072 EARFCN: 5230
08-10 15:08:45.865 14641 14641 D cellinfo: onsignalStrengthsChanged: LTE Signal Strength info: rsrp: -99 rsrq: -13 rssi: -77 rssnr: 2
08-10 15:08:45.866 14641 14689 D cellinfo: 46 bytes from 44.241.174.93: icmp_seq=648 ttl=26 time=57.1 ms
08-10 15:08:46.470 14641 14689 D cellinfo: 46 bytes from 44.241.174.93: icmp_seq=649 ttl=26 time=460 ms
08-10 15:08:46.835 14641 14689 D cellinfo: 46 bytes from 44.241.174.93: icmp_seq=650 ttl=26 time=622 ms
08-10 15:08:47.174 14641 14689 D cellinfo: 46 bytes from 44.241.174.93: icmp_seq=651 ttl=26 time=757 ms
08-10 15:08:47.573 14641 14689 D cellinfo: 46 bytes from 44.241.174.93: icmp_seq=655 ttl=26 time=350 ms
08-10 15:08:47.574 14641 14689 D cellinfo: 46 bytes from 44.241.174.93: icmp_seq=652 ttl=26 time=955 ms
08-10 15:08:47.574 14641 14689 D cellinfo: 46 bytes from 44.241.174.93: icmp_seq=654 ttl=26 time=550 ms
08-10 15:08:47.745 14641 14689 D cellinfo: 46 bytes from 44.241.174.93: icmp_seq=656 ttl=26 time=319 ms
08-10 15:08:47.833 14641 14689 D cellinfo: 46 bytes from 44.241.174.93: icmp_seq=657 ttl=26 time=207 ms
08-10 15:08:48.161 14641 14689 D cellinfo: 46 bytes from 44.241.174.93: icmp_seq=658 ttl=26 time=333 ms
08-10 15:08:49.621 14641 14689 D cellinfo: 46 bytes from 44.241.174.93: icmp_seq=660 ttl=26 time=1390 ms
08-10 15:08:49.622 14641 14689 D cellinfo: 46 bytes from 44.241.174.93: icmp_seq=661 ttl=26 time=1187 ms
08-10 15:08:49.729 14641 14689 D cellinfo: 46 bytes from 44.241.174.93: icmp_seq=666 ttl=26 time=276 ms
08-10 15:08:49.729 14641 14689 D cellinfo: 46 bytes from 44.241.174.93: icmp_seq=665 ttl=26 time=480 ms
08-10 15:08:50.968 14641 14689 D cellinfo: 46 bytes from 44.241.174.93: icmp_seq=671 ttl=26 time=502 ms
08-10 15:08:50.986 14641 14689 D cellinfo: 46 bytes from 44.241.174.93: icmp_seq=672 ttl=26 time=317 ms
08-10 15:08:50.987 14641 14689 D cellinfo: 46 bytes from 44.241.174.93: icmp_seq=673 ttl=26 time=109 ms
08-10 15:08:51.052 14641 14641 D cellinfo: Latitude is 40.7181486
08-10 15:08:51.052 14641 14641 D cellinfo: Longitude is -111.8709419
08-10 15:08:51.052 14641 14641 D cellinfo: Instantaneous GPS information: United States, 2427 700 E, Salt Lake City, UT 84106, USA
08-10 15:08:51.052 14641 14641 D cellinfo: getCurrentLocation() result: Location (success): 40.7181486, -111.8709419
08-10 15:08:51.056 14641 14641 D cellinfo: onCellInfoChanged: Operator: Verizon Wireless UpdateTimestamp: 559979 CellConnectionStatus: 1
08-10 15:08:51.056 14641 14641 D cellinfo: onCellInfoChanged: LTE Cell Bands: [13, 66, 66, 2] Bandwidth: 10000 Cell ID: 3161857 Physical Cell ID: 114 Tracking Area Code: 3072 EARFCN: 5230
08-10 15:08:51.058 14641 14641 D cellinfo: onCellInfoChanged: Operator: Verizon Wireless UpdateTimestamp: 563002 CellConnectionStatus: 1
08-10 15:08:51.058 14641 14641 D cellinfo: onCellInfoChanged: LTE Cell Bands: [13, 66, 66, 2] Bandwidth: 10000 Cell ID: 3161857 Physical Cell ID: 114 Tracking Area Code: 3072 EARFCN: 5230
08-10 15:08:51.058 14641 14641 D cellinfo: onsignalStrengthsChanged: LTE Signal Strength info: rsrp: -100 rsrq: -12 rssi: -81 rssnr: -1
08-10 15:08:51.059 14641 14641 D cellinfo: onServiceStateChanged: Channel Number: 5230 Cell Bandwidths: [10000, 10000, 20000, 5000]
08-10 15:08:51.134 14641 14689 D cellinfo: 46 bytes from 44.241.174.93: icmp_seq=674 ttl=26 time=57.4 ms
08-10 15:08:51.573 14641 14689 D cellinfo: 46 bytes from 44.241.174.93: icmp_seq=675 ttl=26 time=294 ms
08-10 15:08:52.004 14641 14689 D cellinfo: 46 bytes from 44.241.174.93: icmp_seq=676 ttl=26 time=522 ms
08-10 15:08:52.067 14641 14689 D cellinfo: 46 bytes from 44.241.174.93: icmp_seq=677 ttl=26 time=384 ms
08-10 15:08:52.088 14641 14641 D cellinfo: Latitude is 40.7181854
08-10 15:08:52.088 14641 14641 D cellinfo: Longitude is -111.8709143
08-10 15:08:52.088 14641 14641 D cellinfo: Instantaneous GPS information: United States, 2427 700 E, Salt Lake City, UT 84106, USA
08-10 15:08:52.088 14641 14641 D cellinfo: getCurrentLocation() result: Location (success): 40.7181854, -111.8709143
08-10 15:08:52.092 14641 14641 D cellinfo: onServiceStateChanged: Channel Number: 5230 Cell Bandwidths: [10000, 10000, 20000, 5000]
08-10 15:08:53.280 14641 14689 D cellinfo: 46 bytes from 44.241.174.93: icmp_seq=678 ttl=26 time=1393 ms
08-10 15:08:53.281 14641 14689 D cellinfo: 46 bytes from 44.241.174.93: icmp_seq=683 ttl=26 time=378 ms
08-10 15:08:53.425 14641 14689 D cellinfo: 46 bytes from 44.241.174.93: icmp_seq=685 ttl=26 time=115 ms
08-10 15:08:53.426 14641 14689 D cellinfo: 46 bytes from 44.241.174.93: icmp_seq=684 ttl=26 time=316 ms
08-10 15:08:53.586 14641 14689 D cellinfo: 46 bytes from 44.241.174.93: icmp_seq=686 ttl=26 time=74.6 ms
08-10 15:08:53.779 14641 14689 D cellinfo: 46 bytes from 44.241.174.93: icmp_seq=687 ttl=26 time=68.0 ms
08-10 15:08:53.989 14641 14689 D cellinfo: 46 bytes from 44.241.174.93: icmp_seq=688 ttl=26 time=76.8 ms
08-10 15:08:54.485 14641 14689 D cellinfo: 46 bytes from 44.241.174.93: icmp_seq=689 ttl=26 time=371 ms
08-10 15:08:54.892 14641 14689 D cellinfo: 46 bytes from 44.241.174.93: icmp_seq=690 ttl=26 time=574 ms
08-10 15:08:55.763 14641 14689 D cellinfo: 46 bytes from 44.241.174.93: icmp_seq=694 ttl=26 time=638 ms
08-10 15:08:55.764 14641 14689 D cellinfo: 46 bytes from 44.241.174.93: icmp_seq=695 ttl=26 time=434 ms
08-10 15:08:55.764 14641 14689 D cellinfo: 46 bytes from 44.241.174.93: icmp_seq=693 ttl=26 time=841 ms
08-10 15:08:55.890 14641 14689 D cellinfo: 46 bytes from 44.241.174.93: icmp_seq=696 ttl=26 time=357 ms
08-10 15:08:56.360 14641 14689 D cellinfo: 46 bytes from 44.241.174.93: icmp_seq=697 ttl=26 time=622 ms
08-10 15:08:57.388 14641 14689 D cellinfo: 46 bytes from 44.241.174.93: icmp_seq=703 ttl=26 time=431 ms
08-10 15:08:57.390 14641 14689 D cellinfo: 46 bytes from 44.241.174.93: icmp_seq=704 ttl=26 time=229 ms
08-10 15:08:57.438 14641 14689 D cellinfo: 46 bytes from 44.241.174.93: icmp_seq=705 ttl=26 time=73.0 ms
08-10 15:08:57.632 14641 14689 D cellinfo: 46 bytes from 44.241.174.93: icmp_seq=706 ttl=26 time=65.8 ms
08-10 15:08:57.709 14641 14641 D cellinfo: getCurrentLocation() result: Location (success): 40.7182955, -111.8705981
08-10 15:08:57.713 14641 14641 D cellinfo: onCellInfoChanged: Operator: Verizon Wireless UpdateTimestamp: 565988 CellConnectionStatus: 1
08-10 15:08:57.713 14641 14641 D cellinfo: onCellInfoChanged: LTE Cell Bands: [13, 66, 66, 2] Bandwidth: 10000 Cell ID: 3161857 Physical Cell ID: 114 Tracking Area Code: 3072 EARFCN: 5230
08-10 15:08:57.715 14641 14641 D cellinfo: onsignalStrengthsChanged: LTE Signal Strength info: rsrp: -103 rsrq: -13 rssi: -81 rssnr: 2
08-10 15:08:57.716 14641 14641 D cellinfo: onCellInfoChanged: Operator: Verizon Wireless UpdateTimestamp: 568993 CellConnectionStatus: 1
08-10 15:08:57.716 14641 14641 D cellinfo: onCellInfoChanged: LTE Cell Bands: [13, 66, 66, 2] Bandwidth: 10000 Cell ID: 3161857 Physical Cell ID: 114 Tracking Area Code: 3072 EARFCN: 5230
08-10 15:08:57.716 14641 14641 D cellinfo: onServiceStateChanged: Channel Number: 5230 Cell Bandwidths: [10000, 10000, 20000, 5000]
08-10 15:08:57.834 14641 14689 D cellinfo: 46 bytes from 44.241.174.93: icmp_seq=707 ttl=26 time=67.5 ms
08-10 15:08:58.019 14641 14689 D cellinfo: 46 bytes from 44.241.174.93: icmp_seq=708 ttl=26 time=50.4 ms
08-10 15:08:58.140 14641 14641 D cellinfo: Latitude is 40.7183541
08-10 15:08:58.140 14641 14641 D cellinfo: Longitude is -111.8704418
08-10 15:08:58.140 14641 14641 D cellinfo: Instantaneous GPS information: United States, 2416 Lake St, Salt Lake City, UT 84106, USA
08-10 15:08:58.140 14641 14641 D cellinfo: getCurrentLocation() result: Location (success): 40.7183541, -111.8704418
08-10 15:08:58.227 14641 14689 D cellinfo: 46 bytes from 44.241.174.93: icmp_seq=709 ttl=26 time=60.0 ms
08-10 15:08:58.399 14641 14641 D cellinfo: onsignalStrengthsChanged: LTE Signal Strength info: rsrp: -98 rsrq: -9 rssi: -81 rssnr: -1
08-10 15:08:58.672 14641 14689 D cellinfo: 46 bytes from 44.241.174.93: icmp_seq=710 ttl=26 time=304 ms
08-10 15:08:58.750 14641 14689 D cellinfo: 46 bytes from 44.241.174.93: icmp_seq=711 ttl=26 time=177 ms
08-10 15:08:58.842 14641 14689 D cellinfo: 46 bytes from 44.241.174.93: icmp_seq=712 ttl=26 time=69.9 ms
08-10 15:08:59.039 14641 14641 D cellinfo: Latitude is 40.7185942
08-10 15:08:59.039 14641 14641 D cellinfo: Longitude is -111.8697537
08-10 15:08:59.039 14641 14641 D cellinfo: Instantaneous GPS information: United States, 759 Parkway Ave, Salt Lake City, UT 84106, USA
08-10 15:08:59.039 14641 14641 D cellinfo: getCurrentLocation() result: Location (success): 40.7185942, -111.8697537
08-10 15:08:59.042 14641 14641 D cellinfo: onCellInfoChanged: Operator: Verizon Wireless UpdateTimestamp: 571982 CellConnectionStatus: 1
08-10 15:08:59.043 14641 14641 D cellinfo: onCellInfoChanged: LTE Cell Bands: [13, 66, 66, 2] Bandwidth: 10000 Cell ID: 3089155 Physical Cell ID: 380 Tracking Area Code: 3072 EARFCN: 5230
08-10 15:08:59.051 14641 14689 D cellinfo: 46 bytes from 44.241.174.93: icmp_seq=713 ttl=26 time=77.3 ms
08-10 15:08:59.233 14641 14689 D cellinfo: 46 bytes from 44.241.174.93: icmp_seq=714 ttl=26 time=58.7 ms
08-10 15:08:59.436 14641 14689 D cellinfo: 46 bytes from 44.241.174.93: icmp_seq=715 ttl=26 time=61.9 ms
08-10 15:08:59.630 14641 14689 D cellinfo: 46 bytes from 44.241.174.93: icmp_seq=716 ttl=26 time=54.4 ms
08-10 15:08:59.838 14641 14689 D cellinfo: 46 bytes from 44.241.174.93: icmp_seq=717 ttl=26 time=62.2 ms
08-10 15:09:00.064 14641 14689 D cellinfo: 46 bytes from 44.241.174.93: icmp_seq=718 ttl=26 time=88.5 ms
08-10 15:09:00.229 14641 14689 D cellinfo: 46 bytes from 44.241.174.93: icmp_seq=719 ttl=26 time=53.3 ms
08-10 15:09:00.430 14641 14689 D cellinfo: 46 bytes from 44.241.174.93: icmp_seq=720 ttl=26 time=52.3 ms
08-10 15:09:00.631 14641 14689 D cellinfo: 46 bytes from 44.241.174.93: icmp_seq=721 ttl=26 time=53.2 ms
08-10 15:09:00.845 14641 14689 D cellinfo: 46 bytes from 44.241.174.93: icmp_seq=722 ttl=26 time=66.5 ms
08-10 15:09:01.068 14641 14689 D cellinfo: 46 bytes from 44.241.174.93: icmp_seq=723 ttl=26 time=89.3 ms
08-10 15:09:01.241 14641 14689 D cellinfo: 46 bytes from 44.241.174.93: icmp_seq=724 ttl=26 time=61.9 ms
08-10 15:09:01.457 14641 14689 D cellinfo: 46 bytes from 44.241.174.93: icmp_seq=725 ttl=26 time=77.0 ms
08-10 15:09:01.648 14641 14689 D cellinfo: 46 bytes from 44.241.174.93: icmp_seq=726 ttl=26 time=68.3 ms
08-10 15:09:01.842 14641 14689 D cellinfo: 46 bytes from 44.241.174.93: icmp_seq=727 ttl=26 time=60.7 ms
08-10 15:09:01.983 14641 14641 D cellinfo: Latitude is 40.7186769
08-10 15:09:01.983 14641 14641 D cellinfo: Longitude is -111.8694902
08-10 15:09:01.983 14641 14641 D cellinfo: Instantaneous GPS information: United States, 759 Parkway Ave, Salt Lake City, UT 84106, USA
08-10 15:09:01.983 14641 14641 D cellinfo: getCurrentLocation() result: Location (success): 40.7186769, -111.8694902
08-10 15:09:01.988 14641 14641 D cellinfo: onCellInfoChanged: Operator: Verizon Wireless UpdateTimestamp: 574978 CellConnectionStatus: 1
08-10 15:09:01.988 14641 14641 D cellinfo: onCellInfoChanged: LTE Cell Bands: [13, 66, 66, 2] Bandwidth: 10000 Cell ID: 3089155 Physical Cell ID: 380 Tracking Area Code: 3072 EARFCN: 5230
08-10 15:09:02.045 14641 14689 D cellinfo: 46 bytes from 44.241.174.93: icmp_seq=728 ttl=26 time=62.7 ms
08-10 15:09:02.240 14641 14689 D cellinfo: 46 bytes from 44.241.174.93: icmp_seq=729 ttl=26 time=57.8 ms
08-10 15:09:02.399 14641 14641 D cellinfo: onsignalStrengthsChanged: LTE Signal Strength info: rsrp: -93 rsrq: -8 rssi: -77 rssnr: 4
08-10 15:09:02.448 14641 14689 D cellinfo: 46 bytes from 44.241.174.93: icmp_seq=730 ttl=26 time=65.7 ms
08-10 15:09:02.640 14641 14689 D cellinfo: 46 bytes from 44.241.174.93: icmp_seq=731 ttl=26 time=56.4 ms
08-10 15:09:02.839 14641 14689 D cellinfo: 46 bytes from 44.241.174.93: icmp_seq=732 ttl=26 time=56.1 ms
08-10 15:09:03.045 14641 14689 D cellinfo: 46 bytes from 44.241.174.93: icmp_seq=733 ttl=26 time=61.2 ms
08-10 15:09:03.249 14641 14689 D cellinfo: 46 bytes from 44.241.174.93: icmp_seq=734 ttl=26 time=65.0 ms
08-10 15:09:03.440 14641 14689 D cellinfo: 46 bytes from 44.241.174.93: icmp_seq=735 ttl=26 time=54.2 ms
08-10 15:09:03.640 14641 14689 D cellinfo: 46 bytes from 44.241.174.93: icmp_seq=736 ttl=26 time=53.0 ms
08-10 15:09:03.861 14641 14689 D cellinfo: 46 bytes from 44.241.174.93: icmp_seq=737 ttl=26 time=73.1 ms
08-10 15:09:04.060 14641 14689 D cellinfo: 46 bytes from 44.241.174.93: icmp_seq=738 ttl=26 time=70.7 ms
08-10 15:09:04.250 14641 14689 D cellinfo: 46 bytes from 44.241.174.93: icmp_seq=739 ttl=26 time=61.4 ms
08-10 15:09:04.458 14641 14689 D cellinfo: 46 bytes from 44.241.174.93: icmp_seq=740 ttl=26 time=68.8 ms
08-10 15:09:04.651 14641 14689 D cellinfo: 46 bytes from 44.241.174.93: icmp_seq=741 ttl=26 time=62.0 ms
08-10 15:09:04.858 14641 14689 D cellinfo: 46 bytes from 44.241.174.93: icmp_seq=742 ttl=26 time=67.0 ms
08-10 15:09:05.049 14641 14641 D cellinfo: Latitude is 40.718746
08-10 15:09:05.049 14641 14641 D cellinfo: Longitude is -111.8692463
08-10 15:09:05.050 14641 14641 D cellinfo: Instantaneous GPS information: United States, 759 Parkway Ave, Salt Lake City, UT 84106, USA
08-10 15:09:05.050 14641 14641 D cellinfo: getCurrentLocation() result: Location (success): 40.718746, -111.8692463
08-10 15:09:05.053 14641 14641 D cellinfo: onCellInfoChanged: Operator: Verizon Wireless UpdateTimestamp: 577985 CellConnectionStatus: 1
08-10 15:09:05.053 14641 14641 D cellinfo: onCellInfoChanged: LTE Cell Bands: [13, 66, 66, 2] Bandwidth: 10000 Cell ID: 3089155 Physical Cell ID: 380 Tracking Area Code: 3072 EARFCN: 5230
08-10 15:09:05.056 14641 14689 D cellinfo: 46 bytes from 44.241.174.93: icmp_seq=743 ttl=26 time=64.4 ms
08-10 15:09:05.250 14641 14689 D cellinfo: 46 bytes from 44.241.174.93: icmp_seq=744 ttl=26 time=58.7 ms
08-10 15:09:05.449 14641 14689 D cellinfo: 46 bytes from 44.241.174.93: icmp_seq=745 ttl=26 time=58.0 ms
08-10 15:09:05.650 14641 14689 D cellinfo: 46 bytes from 44.241.174.93: icmp_seq=746 ttl=26 time=57.1 ms
08-10 15:09:05.852 14641 14689 D cellinfo: 46 bytes from 44.241.174.93: icmp_seq=747 ttl=26 time=57.7 ms
08-10 15:09:06.063 14641 14689 D cellinfo: 46 bytes from 44.241.174.93: icmp_seq=748 ttl=26 time=68.2 ms
08-10 15:09:06.250 14641 14689 D cellinfo: 46 bytes from 44.241.174.93: icmp_seq=749 ttl=26 time=55.0 ms
08-10 15:09:06.399 14641 14641 D cellinfo: onsignalStrengthsChanged: LTE Signal Strength info: rsrp: -89 rsrq: -8 rssi: -73 rssnr: 5
08-10 15:09:06.458 14641 14689 D cellinfo: 46 bytes from 44.241.174.93: icmp_seq=750 ttl=26 time=62.1 ms
08-10 15:09:06.659 14641 14689 D cellinfo: 46 bytes from 44.241.174.93: icmp_seq=751 ttl=26 time=62.4 ms
08-10 15:09:06.850 14641 14689 D cellinfo: 46 bytes from 44.241.174.93: icmp_seq=752 ttl=26 time=53.2 ms
08-10 15:09:07.077 14641 14689 D cellinfo: 46 bytes from 44.241.174.93: icmp_seq=753 ttl=26 time=78.8 ms
08-10 15:09:07.268 14641 14689 D cellinfo: 46 bytes from 44.241.174.93: icmp_seq=754 ttl=26 time=70.0 ms
08-10 15:09:07.460 14641 14689 D cellinfo: 46 bytes from 44.241.174.93: icmp_seq=755 ttl=26 time=60.6 ms
08-10 15:09:07.667 14641 14689 D cellinfo: 46 bytes from 44.241.174.93: icmp_seq=756 ttl=26 time=67.7 ms
08-10 15:09:07.861 14641 14689 D cellinfo: 46 bytes from 44.241.174.93: icmp_seq=757 ttl=26 time=59.8 ms
08-10 15:09:08.001 14641 14641 D cellinfo: Latitude is 40.7187086
08-10 15:09:08.002 14641 14641 D cellinfo: Longitude is -111.8693617
08-10 15:09:08.002 14641 14641 D cellinfo: Instantaneous GPS information: United States, 759 Parkway Ave, Salt Lake City, UT 84106, USA
08-10 15:09:08.002 14641 14641 D cellinfo: getCurrentLocation() result: Location (success): 40.7187086, -111.8693617
08-10 15:09:08.006 14641 14641 D cellinfo: onCellInfoChanged: Operator: Verizon Wireless UpdateTimestamp: 580980 CellConnectionStatus: 1
08-10 15:09:08.006 14641 14641 D cellinfo: onCellInfoChanged: LTE Cell Bands: [13, 66, 66, 2] Bandwidth: 10000 Cell ID: 3089155 Physical Cell ID: 380 Tracking Area Code: 3072 EARFCN: 5230
08-10 15:09:08.076 14641 14689 D cellinfo: 46 bytes from 44.241.174.93: icmp_seq=758 ttl=26 time=74.0 ms
08-10 15:09:08.260 14641 14689 D cellinfo: 46 bytes from 44.241.174.93: icmp_seq=759 ttl=26 time=56.3 ms
08-10 15:09:08.463 14641 14689 D cellinfo: 46 bytes from 44.241.174.93: icmp_seq=760 ttl=26 time=56.9 ms
08-10 15:09:08.670 14641 14689 D cellinfo: 46 bytes from 44.241.174.93: icmp_seq=761 ttl=26 time=63.7 ms
08-10 15:09:08.862 14641 14689 D cellinfo: 46 bytes from 44.241.174.93: icmp_seq=762 ttl=26 time=54.9 ms
08-10 15:09:09.094 14641 14689 D cellinfo: 46 bytes from 44.241.174.93: icmp_seq=763 ttl=26 time=86.0 ms
08-10 15:09:09.270 14641 14689 D cellinfo: 46 bytes from 44.241.174.93: icmp_seq=764 ttl=26 time=60.9 ms
08-10 15:09:09.470 14641 14689 D cellinfo: 46 bytes from 44.241.174.93: icmp_seq=765 ttl=26 time=59.9 ms
08-10 15:09:09.670 14641 14689 D cellinfo: 46 bytes from 44.241.174.93: icmp_seq=766 ttl=26 time=59.0 ms
08-10 15:09:09.870 14641 14689 D cellinfo: 46 bytes from 44.241.174.93: icmp_seq=767 ttl=26 time=58.2 ms
08-10 15:09:10.080 14641 14689 D cellinfo: 46 bytes from 44.241.174.93: icmp_seq=768 ttl=26 time=66.6 ms
08-10 15:09:10.279 14641 14689 D cellinfo: 46 bytes from 44.241.174.93: icmp_seq=769 ttl=26 time=65.0 ms
08-10 15:09:10.488 14641 14689 D cellinfo: 46 bytes from 44.241.174.93: icmp_seq=770 ttl=26 time=73.3 ms
08-10 15:09:10.669 14641 14641 D cellinfo: onCellInfoChanged: Operator: Verizon Wireless UpdateTimestamp: 583970 CellConnectionStatus: 1
08-10 15:09:10.669 14641 14641 D cellinfo: onCellInfoChanged: LTE Cell Bands: [13, 66, 66, 2] Bandwidth: 10000 Cell ID: 3089155 Physical Cell ID: 380 Tracking Area Code: 3072 EARFCN: 5230
08-10 15:09:10.670 14641 14689 D cellinfo: 46 bytes from 44.241.174.93: icmp_seq=771 ttl=26 time=54.6 ms
08-10 15:09:10.872 14641 14689 D cellinfo: 46 bytes from 44.241.174.93: icmp_seq=772 ttl=26 time=56.5 ms
08-10 15:09:11.088 14641 14689 D cellinfo: 46 bytes from 44.241.174.93: icmp_seq=773 ttl=26 time=70.3 ms
08-10 15:09:11.283 14641 14689 D cellinfo: 46 bytes from 44.241.174.93: icmp_seq=774 ttl=26 time=64.8 ms
08-10 15:09:11.399 14641 14641 D cellinfo: onsignalStrengthsChanged: LTE Signal Strength info: rsrp: -94 rsrq: -14 rssi: -73 rssnr: 2
08-10 15:09:11.488 14641 14689 D cellinfo: 46 bytes from 44.241.174.93: icmp_seq=775 ttl=26 time=69.4 ms
08-10 15:09:11.689 14641 14689 D cellinfo: 46 bytes from 44.241.174.93: icmp_seq=776 ttl=26 time=68.7 ms
08-10 15:09:11.888 14641 14689 D cellinfo: 46 bytes from 44.241.174.93: icmp_seq=777 ttl=26 time=67.6 ms
08-10 15:09:12.100 14641 14689 D cellinfo: 46 bytes from 44.241.174.93: icmp_seq=778 ttl=26 time=78.8 ms
08-10 15:09:12.177 14641 14641 D cellinfo: Latitude is 40.7192133
08-10 15:09:12.177 14641 14641 D cellinfo: Longitude is -111.8662241
08-10 15:09:12.177 14641 14641 D cellinfo: Instantaneous GPS information: United States, 861 Parkway Ave, Salt Lake City, UT 84106, USA
08-10 15:09:12.177 14641 14641 D cellinfo: getCurrentLocation() result: Location (success): 40.7192133, -111.8662241
08-10 15:09:12.278 14641 14689 D cellinfo: 46 bytes from 44.241.174.93: icmp_seq=779 ttl=26 time=57.1 ms
08-10 15:09:12.479 14641 14689 D cellinfo: 46 bytes from 44.241.174.93: icmp_seq=780 ttl=26 time=57.2 ms
08-10 15:09:12.683 14641 14689 D cellinfo: 46 bytes from 44.241.174.93: icmp_seq=781 ttl=26 time=59.4 ms
08-10 15:09:12.891 14641 14689 D cellinfo: 46 bytes from 44.241.174.93: icmp_seq=782 ttl=26 time=67.0 ms
08-10 15:09:13.101 14641 14689 D cellinfo: 46 bytes from 44.241.174.93: icmp_seq=783 ttl=26 time=75.9 ms
