08-10 23:40:47.027 24975 24975 D cellinfo: Instantaneous GPS information: United States, 600 Vrain St, Denver, CO 80204, USA
08-10 23:40:47.027 24975 24975 D cellinfo: getCurrentLocation() result: Location (success): 39.7257556, -105.04599
08-10 23:40:47.032 24975 24975 D cellinfo: onCellInfoChanged: Operator: Verizon Wireless UpdateTimestamp: 31279920 CellConnectionStatus: 1
08-10 23:40:47.032 24975 24975 D cellinfo: onCellInfoChanged: LTE Cell Bands: [66, 66, 2] Bandwidth: 10000 Cell ID: 80462624 Physical Cell ID: 127 Tracking Area Code: 3585 EARFCN: 66586
08-10 23:40:47.032 24975 24975 D cellinfo: onsignalStrengthsChanged: LTE Signal Strength info: rsrp: -81 rsrq: -10 rssi: -63 rssnr: 9
08-10 23:40:47.198 24975 25049 D cellinfo: 46 bytes from 44.241.174.93: icmp_seq=2464 ttl=26 time=71.3 ms
08-10 23:40:47.408 24975 25049 D cellinfo: 46 bytes from 44.241.174.93: icmp_seq=2465 ttl=26 time=80.7 ms
08-10 23:40:47.597 24975 25049 D cellinfo: 46 bytes from 44.241.174.93: icmp_seq=2466 ttl=26 time=69.0 ms
08-10 23:40:47.862 24975 24975 D cellinfo: onServiceStateChanged: Channel Number: 66586 Cell Bandwidths: [10000, 10000, 10000]
08-10 23:40:47.874 24975 25049 D cellinfo: 46 bytes from 44.241.174.93: icmp_seq=2467 ttl=26 time=145 ms
08-10 23:40:47.995 24975 25049 D cellinfo: 46 bytes from 44.241.174.93: icmp_seq=2468 ttl=26 time=66.3 ms
08-10 23:40:48.196 24975 25049 D cellinfo: 46 bytes from 44.241.174.93: icmp_seq=2469 ttl=26 time=65.2 ms
08-10 23:40:48.396 24975 25049 D cellinfo: 46 bytes from 44.241.174.93: icmp_seq=2470 ttl=26 time=64.2 ms
08-10 23:40:48.595 24975 25049 D cellinfo: 46 bytes from 44.241.174.93: icmp_seq=2471 ttl=26 time=63.2 ms
08-10 23:40:48.796 24975 25049 D cellinfo: 46 bytes from 44.241.174.93: icmp_seq=2472 ttl=26 time=62.1 ms
08-10 23:40:49.020 24975 25049 D cellinfo: 46 bytes from 44.241.174.93: icmp_seq=2473 ttl=26 time=85.0 ms
08-10 23:40:49.214 24975 25049 D cellinfo: 46 bytes from 44.241.174.93: icmp_seq=2474 ttl=26 time=79.2 ms
08-10 23:40:49.406 24975 25049 D cellinfo: 46 bytes from 44.241.174.93: icmp_seq=2475 ttl=26 time=69.9 ms
08-10 23:40:49.606 24975 25049 D cellinfo: 46 bytes from 44.241.174.93: icmp_seq=2476 ttl=26 time=69.5 ms
08-10 23:40:49.795 24975 25049 D cellinfo: 46 bytes from 44.241.174.93: icmp_seq=2477 ttl=26 time=57.0 ms
08-10 23:40:49.974 24975 24975 D cellinfo: Latitude is 39.7257556
08-10 23:40:49.974 24975 24975 D cellinfo: Longitude is -105.0463703
08-10 23:40:49.974 24975 24975 D cellinfo: Instantaneous GPS information: United States, 605 Vrain St, Denver, CO 80204, USA
08-10 23:40:49.974 24975 24975 D cellinfo: getCurrentLocation() result: Location (success): 39.7257556, -105.0463703
08-10 23:40:49.981 24975 24975 D cellinfo: onCellInfoChanged: Operator: Verizon Wireless UpdateTimestamp: 31282907 CellConnectionStatus: 1
08-10 23:40:49.981 24975 24975 D cellinfo: onCellInfoChanged: LTE Cell Bands: [66, 66, 2] Bandwidth: 10000 Cell ID: 80462634 Physical Cell ID: 128 Tracking Area Code: 3585 EARFCN: 66586
08-10 23:40:50.004 24975 25049 D cellinfo: 46 bytes from 44.241.174.93: icmp_seq=2478 ttl=26 time=65.4 ms
08-10 23:40:50.205 24975 25049 D cellinfo: 46 bytes from 44.241.174.93: icmp_seq=2479 ttl=26 time=66.1 ms
08-10 23:40:50.406 24975 25049 D cellinfo: 46 bytes from 44.241.174.93: icmp_seq=2480 ttl=26 time=65.6 ms
08-10 23:40:50.605 24975 25049 D cellinfo: 46 bytes from 44.241.174.93: icmp_seq=2481 ttl=26 time=65.2 ms
08-10 23:40:50.808 24975 25049 D cellinfo: 46 bytes from 44.241.174.93: icmp_seq=2482 ttl=26 time=66.3 ms
08-10 23:40:50.959 24975 24975 D cellinfo: onsignalStrengthsChanged: LTE Signal Strength info: rsrp: -63 rsrq: -9 rssi: -51 rssnr: 18
08-10 23:40:51.007 24975 25049 D cellinfo: 46 bytes from 44.241.174.93: icmp_seq=2483 ttl=26 time=66.1 ms
08-10 23:40:51.213 24975 25049 D cellinfo: 46 bytes from 44.241.174.93: icmp_seq=2484 ttl=26 time=72.3 ms
08-10 23:40:51.405 24975 25049 D cellinfo: 46 bytes from 44.241.174.93: icmp_seq=2485 ttl=26 time=63.4 ms
08-10 23:40:51.616 24975 25049 D cellinfo: 46 bytes from 44.241.174.93: icmp_seq=2486 ttl=26 time=73.2 ms
08-10 23:40:51.823 24975 25049 D cellinfo: 46 bytes from 44.241.174.93: icmp_seq=2487 ttl=26 time=79.2 ms
08-10 23:40:52.015 24975 25049 D cellinfo: 46 bytes from 44.241.174.93: icmp_seq=2488 ttl=26 time=70.4 ms
08-10 23:40:52.215 24975 25049 D cellinfo: 46 bytes from 44.241.174.93: icmp_seq=2489 ttl=26 time=70.2 ms
08-10 23:40:52.424 24975 25049 D cellinfo: 46 bytes from 44.241.174.93: icmp_seq=2490 ttl=26 time=77.3 ms
08-10 23:40:52.615 24975 25049 D cellinfo: 46 bytes from 44.241.174.93: icmp_seq=2491 ttl=26 time=68.0 ms
08-10 23:40:52.817 24975 25049 D cellinfo: 46 bytes from 44.241.174.93: icmp_seq=2492 ttl=26 time=68.6 ms
08-10 23:40:52.954 24975 24975 D cellinfo: Latitude is 39.7257556
08-10 23:40:52.954 24975 24975 D cellinfo: Longitude is -105.0462646
08-10 23:40:52.954 24975 24975 D cellinfo: Instantaneous GPS information: United States, 605 Vrain St, Denver, CO 80204, USA
08-10 23:40:52.954 24975 24975 D cellinfo: getCurrentLocation() result: Location (success): 39.7257556, -105.0462646
08-10 23:40:52.958 24975 24975 D cellinfo: onCellInfoChanged: Operator: Verizon Wireless UpdateTimestamp: 31285910 CellConnectionStatus: 1
08-10 23:40:52.958 24975 24975 D cellinfo: onCellInfoChanged: LTE Cell Bands: [66, 66, 2] Bandwidth: 10000 Cell ID: 80462634 Physical Cell ID: 128 Tracking Area Code: 3585 EARFCN: 66586
08-10 23:40:53.023 24975 25049 D cellinfo: 46 bytes from 44.241.174.93: icmp_seq=2493 ttl=26 time=74.3 ms
08-10 23:40:53.215 24975 25049 D cellinfo: 46 bytes from 44.241.174.93: icmp_seq=2494 ttl=26 time=66.2 ms
08-10 23:40:53.416 24975 25049 D cellinfo: 46 bytes from 44.241.174.93: icmp_seq=2495 ttl=26 time=65.9 ms
08-10 23:40:53.615 24975 25049 D cellinfo: 46 bytes from 44.241.174.93: icmp_seq=2496 ttl=26 time=64.5 ms
08-10 23:40:53.815 24975 25049 D cellinfo: 46 bytes from 44.241.174.93: icmp_seq=2497 ttl=26 time=63.4 ms
08-10 23:40:54.026 24975 25049 D cellinfo: 46 bytes from 44.241.174.93: icmp_seq=2498 ttl=26 time=73.3 ms
08-10 23:40:54.226 24975 25049 D cellinfo: 46 bytes from 44.241.174.93: icmp_seq=2499 ttl=26 time=72.4 ms
08-10 23:40:54.426 24975 25049 D cellinfo: 46 bytes from 44.241.174.93: icmp_seq=2500 ttl=26 time=71.3 ms
08-10 23:40:54.625 24975 25049 D cellinfo: 46 bytes from 44.241.174.93: icmp_seq=2501 ttl=26 time=70.1 ms
08-10 23:40:54.825 24975 25049 D cellinfo: 46 bytes from 44.241.174.93: icmp_seq=2502 ttl=26 time=69.2 ms
08-10 23:40:55.028 24975 25049 D cellinfo: 46 bytes from 44.241.174.93: icmp_seq=2503 ttl=26 time=70.3 ms
08-10 23:40:55.225 24975 25049 D cellinfo: 46 bytes from 44.241.174.93: icmp_seq=2504 ttl=26 time=68.2 ms
08-10 23:40:55.427 24975 25049 D cellinfo: 46 bytes from 44.241.174.93: icmp_seq=2505 ttl=26 time=68.3 ms
08-10 23:40:55.602 24975 24975 D cellinfo: onCellInfoChanged: Operator: Verizon Wireless UpdateTimestamp: 31288903 CellConnectionStatus: 1
08-10 23:40:55.602 24975 24975 D cellinfo: onCellInfoChanged: LTE Cell Bands: [66, 66, 2] Bandwidth: 10000 Cell ID: 80462634 Physical Cell ID: 128 Tracking Area Code: 3585 EARFCN: 66586
08-10 23:40:55.625 24975 25049 D cellinfo: 46 bytes from 44.241.174.93: icmp_seq=2506 ttl=26 time=66.1 ms
08-10 23:40:55.824 24975 25049 D cellinfo: 46 bytes from 44.241.174.93: icmp_seq=2507 ttl=26 time=64.3 ms
08-10 23:40:56.036 24975 25049 D cellinfo: 46 bytes from 44.241.174.93: icmp_seq=2508 ttl=26 time=75.3 ms
08-10 23:40:56.225 24975 25049 D cellinfo: 46 bytes from 44.241.174.93: icmp_seq=2509 ttl=26 time=64.4 ms
08-10 23:40:56.418 24975 25049 D cellinfo: 46 bytes from 44.241.174.93: icmp_seq=2510 ttl=26 time=56.3 ms
08-10 23:40:56.594 24975 24975 D cellinfo: Latitude is 39.7258731
08-10 23:40:56.594 24975 24975 D cellinfo: Longitude is -105.0491798
08-10 23:40:56.594 24975 24975 D cellinfo: Instantaneous GPS information: United States, 4717 W 6th Ave, Denver, CO 80204, USA
08-10 23:40:56.594 24975 24975 D cellinfo: getCurrentLocation() result: Location (success): 39.7258731, -105.0491798
08-10 23:40:56.627 24975 25049 D cellinfo: 46 bytes from 44.241.174.93: icmp_seq=2511 ttl=26 time=64.6 ms
08-10 23:40:56.825 24975 25049 D cellinfo: 46 bytes from 44.241.174.93: icmp_seq=2512 ttl=26 time=63.0 ms
08-10 23:40:57.034 24975 25049 D cellinfo: 46 bytes from 44.241.174.93: icmp_seq=2513 ttl=26 time=70.4 ms
08-10 23:40:57.225 24975 25049 D cellinfo: 46 bytes from 44.241.174.93: icmp_seq=2514 ttl=26 time=63.2 ms
08-10 23:40:57.426 24975 25049 D cellinfo: 46 bytes from 44.241.174.93: icmp_seq=2515 ttl=26 time=62.3 ms
08-10 23:40:57.636 24975 25049 D cellinfo: 46 bytes from 44.241.174.93: icmp_seq=2516 ttl=26 time=70.9 ms
08-10 23:40:57.836 24975 25049 D cellinfo: 46 bytes from 44.241.174.93: icmp_seq=2517 ttl=26 time=69.9 ms
08-10 23:40:58.044 24975 25049 D cellinfo: 46 bytes from 44.241.174.93: icmp_seq=2518 ttl=26 time=77.2 ms
08-10 23:40:58.244 24975 25049 D cellinfo: 46 bytes from 44.241.174.93: icmp_seq=2519 ttl=26 time=77.1 ms
08-10 23:40:58.436 24975 25049 D cellinfo: 46 bytes from 44.241.174.93: icmp_seq=2520 ttl=26 time=67.9 ms
08-10 23:40:58.569 24975 24975 D cellinfo: Latitude is 39.7258731
08-10 23:40:58.569 24975 24975 D cellinfo: Longitude is -105.0491798
08-10 23:40:58.569 24975 24975 D cellinfo: Instantaneous GPS information: United States, 4717 W 6th Ave, Denver, CO 80204, USA
08-10 23:40:58.569 24975 24975 D cellinfo: getCurrentLocation() result: Location (success): 39.7258731, -105.0491798
08-10 23:40:58.614 24975 24975 D cellinfo: onCellInfoChanged: Operator: Verizon Wireless UpdateTimestamp: 31291914 CellConnectionStatus: 1
08-10 23:40:58.614 24975 24975 D cellinfo: onCellInfoChanged: LTE Cell Bands: [66, 66, 2] Bandwidth: 10000 Cell ID: 80462634 Physical Cell ID: 128 Tracking Area Code: 3585 EARFCN: 66586
08-10 23:40:58.635 24975 25049 D cellinfo: 46 bytes from 44.241.174.93: icmp_seq=2521 ttl=26 time=66.6 ms
08-10 23:40:58.836 24975 25049 D cellinfo: 46 bytes from 44.241.174.93: icmp_seq=2522 ttl=26 time=65.9 ms
08-10 23:40:59.049 24975 25049 D cellinfo: 46 bytes from 44.241.174.93: icmp_seq=2523 ttl=26 time=78.8 ms
08-10 23:40:59.235 24975 25049 D cellinfo: 46 bytes from 44.241.174.93: icmp_seq=2524 ttl=26 time=65.3 ms
08-10 23:40:59.437 24975 25049 D cellinfo: 46 bytes from 44.241.174.93: icmp_seq=2525 ttl=26 time=65.9 ms
08-10 23:40:59.641 24975 25049 D cellinfo: 46 bytes from 44.241.174.93: icmp_seq=2526 ttl=26 time=68.6 ms
08-10 23:40:59.838 24975 25049 D cellinfo: 46 bytes from 44.241.174.93: icmp_seq=2527 ttl=26 time=66.1 ms
08-10 23:41:00.055 24975 25049 D cellinfo: 46 bytes from 44.241.174.93: icmp_seq=2528 ttl=26 time=81.8 ms
08-10 23:41:00.243 24975 25049 D cellinfo: 46 bytes from 44.241.174.93: icmp_seq=2529 ttl=26 time=70.6 ms
08-10 23:41:00.437 24975 25049 D cellinfo: 46 bytes from 44.241.174.93: icmp_seq=2530 ttl=26 time=63.6 ms
08-10 23:41:00.646 24975 25049 D cellinfo: 46 bytes from 44.241.174.93: icmp_seq=2531 ttl=26 time=73.2 ms
08-10 23:41:00.846 24975 25049 D cellinfo: 46 bytes from 44.241.174.93: icmp_seq=2532 ttl=26 time=71.9 ms
08-10 23:41:01.059 24975 25049 D cellinfo: 46 bytes from 44.241.174.93: icmp_seq=2533 ttl=26 time=83.6 ms
08-10 23:41:01.255 24975 25049 D cellinfo: 46 bytes from 44.241.174.93: icmp_seq=2534 ttl=26 time=79.4 ms
08-10 23:41:01.446 24975 25049 D cellinfo: 46 bytes from 44.241.174.93: icmp_seq=2535 ttl=26 time=70.9 ms
08-10 23:41:01.653 24975 25049 D cellinfo: 46 bytes from 44.241.174.93: icmp_seq=2536 ttl=26 time=77.3 ms
08-10 23:41:01.834 24975 25049 D cellinfo: 46 bytes from 44.241.174.93: icmp_seq=2537 ttl=26 time=57.1 ms
08-10 23:41:01.965 24975 24975 D cellinfo: Latitude is 39.7258971
08-10 23:41:01.965 24975 24975 D cellinfo: Longitude is -105.049626
08-10 23:41:01.965 24975 24975 D cellinfo: Instantaneous GPS information: United States, 4717 W 6th Ave, Denver, CO 80204, USA
08-10 23:41:01.965 24975 24975 D cellinfo: getCurrentLocation() result: Location (success): 39.7258971, -105.049626
08-10 23:41:01.968 24975 24975 D cellinfo: onCellInfoChanged: Operator: Verizon Wireless UpdateTimestamp: 31294912 CellConnectionStatus: 1
08-10 23:41:01.968 24975 24975 D cellinfo: onCellInfoChanged: LTE Cell Bands: [66, 66, 2] Bandwidth: 10000 Cell ID: 80462634 Physical Cell ID: 128 Tracking Area Code: 3585 EARFCN: 66586
08-10 23:41:02.033 24975 25049 D cellinfo: 46 bytes from 44.241.174.93: icmp_seq=2538 ttl=26 time=56.4 ms
08-10 23:41:02.245 24975 25049 D cellinfo: 46 bytes from 44.241.174.93: icmp_seq=2539 ttl=26 time=68.4 ms
08-10 23:41:02.446 24975 25049 D cellinfo: 46 bytes from 44.241.174.93: icmp_seq=2540 ttl=26 time=67.5 ms
08-10 23:41:02.646 24975 25049 D cellinfo: 46 bytes from 44.241.174.93: icmp_seq=2541 ttl=26 time=68.1 ms
08-10 23:41:02.854 24975 25049 D cellinfo: 46 bytes from 44.241.174.93: icmp_seq=2542 ttl=26 time=74.4 ms
08-10 23:41:02.961 24975 24975 D cellinfo: onsignalStrengthsChanged: LTE Signal Strength info: rsrp: -83 rsrq: -10 rssi: -63 rssnr: 12
08-10 23:41:03.047 24975 25049 D cellinfo: 46 bytes from 44.241.174.93: icmp_seq=2543 ttl=26 time=66.8 ms
08-10 23:41:03.246 24975 25049 D cellinfo: 46 bytes from 44.241.174.93: icmp_seq=2544 ttl=26 time=66.2 ms
08-10 23:41:03.477 24975 25049 D cellinfo: 46 bytes from 44.241.174.93: icmp_seq=2545 ttl=26 time=97.1 ms
08-10 23:41:03.661 24975 25049 D cellinfo: 46 bytes from 44.241.174.93: icmp_seq=2546 ttl=26 time=80.3 ms
08-10 23:41:03.848 24975 25049 D cellinfo: 46 bytes from 44.241.174.93: icmp_seq=2547 ttl=26 time=65.5 ms
08-10 23:41:04.054 24975 25049 D cellinfo: 46 bytes from 44.241.174.93: icmp_seq=2548 ttl=26 time=71.4 ms
08-10 23:41:04.246 24975 25049 D cellinfo: 46 bytes from 44.241.174.93: icmp_seq=2549 ttl=26 time=63.6 ms
08-10 23:41:04.455 24975 25049 D cellinfo: 46 bytes from 44.241.174.93: icmp_seq=2550 ttl=26 time=72.0 ms
08-10 23:41:04.646 24975 25049 D cellinfo: 46 bytes from 44.241.174.93: icmp_seq=2551 ttl=26 time=62.0 ms
08-10 23:41:04.858 24975 25049 D cellinfo: 46 bytes from 44.241.174.93: icmp_seq=2552 ttl=26 time=72.6 ms
08-10 23:41:04.924 24975 25049 D cellinfo: 46 bytes from 44.241.174.93: icmp_seq=2552 ttl=26 time=138 ms (DUP!)
08-10 23:41:04.975 24975 24975 D cellinfo: Latitude is 39.7259152
08-10 23:41:04.975 24975 24975 D cellinfo: Longitude is -105.049964
08-10 23:41:04.975 24975 24975 D cellinfo: Instantaneous GPS information: United States, 4900 W 6th Ave S Dr, Denver, CO 80204, USA
08-10 23:41:04.975 24975 24975 D cellinfo: getCurrentLocation() result: Location (success): 39.7259152, -105.049964
08-10 23:41:04.977 24975 24975 D cellinfo: onCellInfoChanged: Operator: Verizon Wireless UpdateTimestamp: 31297912 CellConnectionStatus: 1
08-10 23:41:04.977 24975 24975 D cellinfo: onCellInfoChanged: LTE Cell Bands: [66, 66, 2] Bandwidth: 10000 Cell ID: 80462634 Physical Cell ID: 128 Tracking Area Code: 3585 EARFCN: 66586
08-10 23:41:04.978 24975 24975 D cellinfo: onServiceStateChanged: Channel Number: 66586 Cell Bandwidths: [10000, 10000, 10000, 10000]
08-10 23:41:05.012 24975 24975 D cellinfo: onServiceStateChanged: Channel Number: 66586 Cell Bandwidths: [10000, 10000, 10000, 10000]
08-10 23:41:05.055 24975 25049 D cellinfo: 46 bytes from 44.241.174.93: icmp_seq=2553 ttl=26 time=69.6 ms
08-10 23:41:05.255 24975 25049 D cellinfo: 46 bytes from 44.241.174.93: icmp_seq=2554 ttl=26 time=69.6 ms
08-10 23:41:05.455 24975 25049 D cellinfo: 46 bytes from 44.241.174.93: icmp_seq=2555 ttl=26 time=68.3 ms
08-10 23:41:05.656 24975 25049 D cellinfo: 46 bytes from 44.241.174.93: icmp_seq=2556 ttl=26 time=67.6 ms
08-10 23:41:05.856 24975 25049 D cellinfo: 46 bytes from 44.241.174.93: icmp_seq=2557 ttl=26 time=67.3 ms
08-10 23:41:06.056 24975 25049 D cellinfo: 46 bytes from 44.241.174.93: icmp_seq=2558 ttl=26 time=67.0 ms
08-10 23:41:06.256 24975 25049 D cellinfo: 46 bytes from 44.241.174.93: icmp_seq=2559 ttl=26 time=67.1 ms
08-10 23:41:06.456 24975 25049 D cellinfo: 46 bytes from 44.241.174.93: icmp_seq=2560 ttl=26 time=66.4 ms
08-10 23:41:06.655 24975 25049 D cellinfo: 46 bytes from 44.241.174.93: icmp_seq=2561 ttl=26 time=64.7 ms
08-10 23:41:06.856 24975 25049 D cellinfo: 46 bytes from 44.241.174.93: icmp_seq=2562 ttl=26 time=64.5 ms
08-10 23:41:07.056 24975 25049 D cellinfo: 46 bytes from 44.241.174.93: icmp_seq=2563 ttl=26 time=64.6 ms
08-10 23:41:07.256 24975 25049 D cellinfo: 46 bytes from 44.241.174.93: icmp_seq=2564 ttl=26 time=64.9 ms
08-10 23:41:07.464 24975 25049 D cellinfo: 46 bytes from 44.241.174.93: icmp_seq=2565 ttl=26 time=71.8 ms
08-10 23:41:07.604 24975 24975 D cellinfo: onCellInfoChanged: Operator: Verizon Wireless UpdateTimestamp: 31300904 CellConnectionStatus: 1
08-10 23:41:07.604 24975 24975 D cellinfo: onCellInfoChanged: LTE Cell Bands: [66, 66, 2, 13] Bandwidth: 10000 Cell ID: 3700758 Physical Cell ID: 211 Tracking Area Code: 3585 EARFCN: 66586
08-10 23:41:07.666 24975 25049 D cellinfo: 46 bytes from 44.241.174.93: icmp_seq=2566 ttl=26 time=73.7 ms
08-10 23:41:07.857 24975 25049 D cellinfo: 46 bytes from 44.241.174.93: icmp_seq=2567 ttl=26 time=64.3 ms
08-10 23:41:08.073 24975 25049 D cellinfo: 46 bytes from 44.241.174.93: icmp_seq=2568 ttl=26 time=78.6 ms
08-10 23:41:08.265 24975 25049 D cellinfo: 46 bytes from 44.241.174.93: icmp_seq=2569 ttl=26 time=71.6 ms
08-10 23:41:08.467 24975 25049 D cellinfo: 46 bytes from 44.241.174.93: icmp_seq=2570 ttl=26 time=70.7 ms
08-10 23:41:08.667 24975 25049 D cellinfo: 46 bytes from 44.241.174.93: icmp_seq=2571 ttl=26 time=69.8 ms
08-10 23:41:08.669 24975 24975 D cellinfo: Latitude is 39.7260363
08-10 23:41:08.669 24975 24975 D cellinfo: Longitude is -105.0518023
08-10 23:41:08.669 24975 24975 D cellinfo: Instantaneous GPS information: United States, 16 W 6th Ave S Dr, Denver, CO 80204, USA
08-10 23:41:08.669 24975 24975 D cellinfo: getCurrentLocation() result: Location (success): 39.7260363, -105.0518023
08-10 23:41:08.866 24975 25049 D cellinfo: 46 bytes from 44.241.174.93: icmp_seq=2572 ttl=26 time=68.1 ms
08-10 23:41:09.067 24975 25049 D cellinfo: 46 bytes from 44.241.174.93: icmp_seq=2573 ttl=26 time=68.5 ms
08-10 23:41:09.266 24975 25049 D cellinfo: 46 bytes from 44.241.174.93: icmp_seq=2574 ttl=26 time=67.9 ms
08-10 23:41:09.466 24975 25049 D cellinfo: 46 bytes from 44.241.174.93: icmp_seq=2575 ttl=26 time=67.2 ms
08-10 23:41:09.666 24975 25049 D cellinfo: 46 bytes from 44.241.174.93: icmp_seq=2576 ttl=26 time=66.3 ms
08-10 23:41:09.866 24975 25049 D cellinfo: 46 bytes from 44.241.174.93: icmp_seq=2577 ttl=26 time=65.2 ms
08-10 23:41:10.065 24975 25049 D cellinfo: 46 bytes from 44.241.174.93: icmp_seq=2578 ttl=26 time=63.4 ms
08-10 23:41:10.266 24975 25049 D cellinfo: 46 bytes from 44.241.174.93: icmp_seq=2579 ttl=26 time=63.3 ms
08-10 23:41:10.476 24975 25049 D cellinfo: 46 bytes from 44.241.174.93: icmp_seq=2580 ttl=26 time=72.2 ms
08-10 23:41:10.570 24975 24975 D cellinfo: Latitude is 39.7260363
08-10 23:41:10.570 24975 24975 D cellinfo: Longitude is -105.0518023
08-10 23:41:10.570 24975 24975 D cellinfo: Instantaneous GPS information: United States, 16 W 6th Ave S Dr, Denver, CO 80204, USA
08-10 23:41:10.570 24975 24975 D cellinfo: getCurrentLocation() result: Location (success): 39.7260363, -105.0518023
08-10 23:41:10.621 24975 24975 D cellinfo: onCellInfoChanged: Operator: Verizon Wireless UpdateTimestamp: 31303920 CellConnectionStatus: 1
08-10 23:41:10.621 24975 24975 D cellinfo: onCellInfoChanged: LTE Cell Bands: [66, 66, 2, 13] Bandwidth: 10000 Cell ID: 3700758 Physical Cell ID: 211 Tracking Area Code: 3585 EARFCN: 66586
08-10 23:41:10.669 24975 25049 D cellinfo: 46 bytes from 44.241.174.93: icmp_seq=2581 ttl=26 time=64.9 ms
08-10 23:41:10.876 24975 25049 D cellinfo: 46 bytes from 44.241.174.93: icmp_seq=2582 ttl=26 time=70.8 ms
08-10 23:41:11.075 24975 25049 D cellinfo: 46 bytes from 44.241.174.93: icmp_seq=2583 ttl=26 time=70.1 ms
08-10 23:41:11.276 24975 25049 D cellinfo: 46 bytes from 44.241.174.93: icmp_seq=2584 ttl=26 time=69.4 ms
08-10 23:41:11.475 24975 25049 D cellinfo: 46 bytes from 44.241.174.93: icmp_seq=2585 ttl=26 time=68.2 ms
08-10 23:41:11.676 24975 25049 D cellinfo: 46 bytes from 44.241.174.93: icmp_seq=2586 ttl=26 time=67.9 ms
08-10 23:41:11.876 24975 25049 D cellinfo: 46 bytes from 44.241.174.93: icmp_seq=2587 ttl=26 time=66.7 ms
08-10 23:41:12.076 24975 25049 D cellinfo: 46 bytes from 44.241.174.93: icmp_seq=2588 ttl=26 time=66.2 ms
08-10 23:41:12.276 24975 25049 D cellinfo: 46 bytes from 44.241.174.93: icmp_seq=2589 ttl=26 time=65.2 ms
08-10 23:41:12.480 24975 25049 D cellinfo: 46 bytes from 44.241.174.93: icmp_seq=2590 ttl=26 time=68.3 ms
08-10 23:41:12.686 24975 25049 D cellinfo: 46 bytes from 44.241.174.93: icmp_seq=2591 ttl=26 time=72.6 ms
08-10 23:41:12.886 24975 25049 D cellinfo: 46 bytes from 44.241.174.93: icmp_seq=2592 ttl=26 time=72.9 ms
08-10 23:41:13.086 24975 25049 D cellinfo: 46 bytes from 44.241.174.93: icmp_seq=2593 ttl=26 time=71.7 ms
08-10 23:41:13.287 24975 25049 D cellinfo: 46 bytes from 44.241.174.93: icmp_seq=2594 ttl=26 time=72.1 ms
08-10 23:41:13.487 24975 25049 D cellinfo: 46 bytes from 44.241.174.93: icmp_seq=2595 ttl=26 time=71.2 ms
08-10 23:41:13.686 24975 25049 D cellinfo: 46 bytes from 44.241.174.93: icmp_seq=2596 ttl=26 time=69.3 ms
08-10 23:41:13.895 24975 25049 D cellinfo: 46 bytes from 44.241.174.93: icmp_seq=2597 ttl=26 time=76.0 ms
08-10 23:41:13.969 24975 24975 D cellinfo: Latitude is 39.7260512
08-10 23:41:13.969 24975 24975 D cellinfo: Longitude is -105.0521721
08-10 23:41:13.969 24975 24975 D cellinfo: Instantaneous GPS information: United States, 16 W 6th Ave S Dr, Denver, CO 80204, USA
08-10 23:41:13.969 24975 24975 D cellinfo: getCurrentLocation() result: Location (success): 39.7260512, -105.0521721
08-10 23:41:13.973 24975 24975 D cellinfo: onCellInfoChanged: Operator: Verizon Wireless UpdateTimestamp: 31306918 CellConnectionStatus: 1
08-10 23:41:13.973 24975 24975 D cellinfo: onCellInfoChanged: LTE Cell Bands: [66, 66, 2, 13] Bandwidth: 10000 Cell ID: 3700758 Physical Cell ID: 211 Tracking Area Code: 3585 EARFCN: 66586
08-10 23:41:14.077 24975 25049 D cellinfo: 46 bytes from 44.241.174.93: icmp_seq=2598 ttl=26 time=57.6 ms
08-10 23:41:14.285 24975 25049 D cellinfo: 46 bytes from 44.241.174.93: icmp_seq=2599 ttl=26 time=65.5 ms
08-10 23:41:14.486 24975 25049 D cellinfo: 46 bytes from 44.241.174.93: icmp_seq=2600 ttl=26 time=66.2 ms
08-10 23:41:14.687 24975 25049 D cellinfo: 46 bytes from 44.241.174.93: icmp_seq=2601 ttl=26 time=66.1 ms
08-10 23:41:14.885 24975 25049 D cellinfo: 46 bytes from 44.241.174.93: icmp_seq=2602 ttl=26 time=63.5 ms
08-10 23:41:15.086 24975 25049 D cellinfo: 46 bytes from 44.241.174.93: icmp_seq=2603 ttl=26 time=63.8 ms
08-10 23:41:15.285 24975 25049 D cellinfo: 46 bytes from 44.241.174.93: icmp_seq=2604 ttl=26 time=62.4 ms
08-10 23:41:15.496 24975 25049 D cellinfo: 46 bytes from 44.241.174.93: icmp_seq=2605 ttl=26 time=72.3 ms
08-10 23:41:15.697 24975 25049 D cellinfo: 46 bytes from 44.241.174.93: icmp_seq=2606 ttl=26 time=72.0 ms
08-10 23:41:15.896 24975 25049 D cellinfo: 46 bytes from 44.241.174.93: icmp_seq=2607 ttl=26 time=70.1 ms
08-10 23:41:16.096 24975 25049 D cellinfo: 46 bytes from 44.241.174.93: icmp_seq=2608 ttl=26 time=69.0 ms
08-10 23:41:16.296 24975 25049 D cellinfo: 46 bytes from 44.241.174.93: icmp_seq=2609 ttl=26 time=68.0 ms
08-10 23:41:16.496 24975 25049 D cellinfo: 46 bytes from 44.241.174.93: icmp_seq=2610 ttl=26 time=67.2 ms
08-10 23:41:16.696 24975 25049 D cellinfo: 46 bytes from 44.241.174.93: icmp_seq=2611 ttl=26 time=67.0 ms
08-10 23:41:16.897 24975 25049 D cellinfo: 46 bytes from 44.241.174.93: icmp_seq=2612 ttl=26 time=66.4 ms
08-10 23:41:16.972 24975 24975 D cellinfo: Latitude is 39.7260626
08-10 23:41:16.972 24975 24975 D cellinfo: Longitude is -105.0524556
08-10 23:41:16.972 24975 24975 D cellinfo: Instantaneous GPS information: United States, 5199 W 6th Ave, Denver, CO 80204, USA
08-10 23:41:16.972 24975 24975 D cellinfo: getCurrentLocation() result: Location (success): 39.7260626, -105.0524556
08-10 23:41:16.976 24975 24975 D cellinfo: onCellInfoChanged: Operator: Verizon Wireless UpdateTimestamp: 31309922 CellConnectionStatus: 1
08-10 23:41:16.976 24975 24975 D cellinfo: onCellInfoChanged: LTE Cell Bands: [66, 66, 2, 13] Bandwidth: 10000 Cell ID: 3700758 Physical Cell ID: 211 Tracking Area Code: 3585 EARFCN: 66586
08-10 23:41:17.080 24975 24975 D cellinfo: onsignalStrengthsChanged: LTE Signal Strength info: rsrp: -87 rsrq: -8 rssi: -71 rssnr: 11
08-10 23:41:17.096 24975 25049 D cellinfo: 46 bytes from 44.241.174.93: icmp_seq=2613 ttl=26 time=65.0 ms
08-10 23:41:17.296 24975 25049 D cellinfo: 46 bytes from 44.241.174.93: icmp_seq=2614 ttl=26 time=64.3 ms
08-10 23:41:17.496 24975 25049 D cellinfo: 46 bytes from 44.241.174.93: icmp_seq=2615 ttl=26 time=63.2 ms
08-10 23:41:17.696 24975 25049 D cellinfo: 46 bytes from 44.241.174.93: icmp_seq=2616 ttl=26 time=62.4 ms
08-10 23:41:17.907 24975 25049 D cellinfo: 46 bytes from 44.241.174.93: icmp_seq=2617 ttl=26 time=71.7 ms
08-10 23:41:18.106 24975 25049 D cellinfo: 46 bytes from 44.241.174.93: icmp_seq=2618 ttl=26 time=70.5 ms
08-10 23:41:18.313 24975 25049 D cellinfo: 46 bytes from 44.241.174.93: icmp_seq=2619 ttl=26 time=76.3 ms
08-10 23:41:18.509 24975 25049 D cellinfo: 46 bytes from 44.241.174.93: icmp_seq=2620 ttl=26 time=70.1 ms
08-10 23:41:18.707 24975 25049 D cellinfo: 46 bytes from 44.241.174.93: icmp_seq=2621 ttl=26 time=68.7 ms
08-10 23:41:18.906 24975 25049 D cellinfo: 46 bytes from 44.241.174.93: icmp_seq=2622 ttl=26 time=67.2 ms
08-10 23:41:19.106 24975 25049 D cellinfo: 46 bytes from 44.241.174.93: icmp_seq=2623 ttl=26 time=66.1 ms
08-10 23:41:19.306 24975 25049 D cellinfo: 46 bytes from 44.241.174.93: icmp_seq=2624 ttl=26 time=65.1 ms
08-10 23:41:19.505 24975 25049 D cellinfo: 46 bytes from 44.241.174.93: icmp_seq=2625 ttl=26 time=63.3 ms
08-10 23:41:19.706 24975 25049 D cellinfo: 46 bytes from 44.241.174.93: icmp_seq=2626 ttl=26 time=63.8 ms
08-10 23:41:19.917 24975 25049 D cellinfo: 46 bytes from 44.241.174.93: icmp_seq=2627 ttl=26 time=73.2 ms
08-10 23:41:19.962 24975 24975 D cellinfo: Latitude is 39.7260604
08-10 23:41:19.962 24975 24975 D cellinfo: Longitude is -105.0524002
08-10 23:41:19.962 24975 24975 D cellinfo: Instantaneous GPS information: United States, 5199 W 6th Ave, Denver, CO 80204, USA
08-10 23:41:19.962 24975 24975 D cellinfo: getCurrentLocation() result: Location (success): 39.7260604, -105.0524002
08-10 23:41:19.965 24975 24975 D cellinfo: onCellInfoChanged: Operator: Verizon Wireless UpdateTimestamp: 31312915 CellConnectionStatus: 1
08-10 23:41:19.966 24975 24975 D cellinfo: onCellInfoChanged: LTE Cell Bands: [66, 66, 2, 13] Bandwidth: 10000 Cell ID: 3700758 Physical Cell ID: 211 Tracking Area Code: 3585 EARFCN: 66586
08-10 23:41:20.116 24975 25049 D cellinfo: 46 bytes from 44.241.174.93: icmp_seq=2628 ttl=26 time=72.2 ms
08-10 23:41:20.316 24975 25049 D cellinfo: 46 bytes from 44.241.174.93: icmp_seq=2629 ttl=26 time=71.2 ms
08-10 23:41:20.516 24975 25049 D cellinfo: 46 bytes from 44.241.174.93: icmp_seq=2630 ttl=26 time=69.9 ms
08-10 23:41:20.716 24975 25049 D cellinfo: 46 bytes from 44.241.174.93: icmp_seq=2631 ttl=26 time=69.5 ms
08-10 23:41:20.916 24975 25049 D cellinfo: 46 bytes from 44.241.174.93: icmp_seq=2632 ttl=26 time=68.2 ms
08-10 23:41:21.082 24975 24975 D cellinfo: onsignalStrengthsChanged: LTE Signal Strength info: rsrp: -84 rsrq: -8 rssi: -67 rssnr: 11
08-10 23:41:21.106 24975 25049 D cellinfo: 46 bytes from 44.241.174.93: icmp_seq=2633 ttl=26 time=57.2 ms
08-10 23:41:21.317 24975 25049 D cellinfo: 46 bytes from 44.241.174.93: icmp_seq=2634 ttl=26 time=67.0 ms
08-10 23:41:21.516 24975 25049 D cellinfo: 46 bytes from 44.241.174.93: icmp_seq=2635 ttl=26 time=65.4 ms
08-10 23:41:21.717 24975 25049 D cellinfo: 46 bytes from 44.241.174.93: icmp_seq=2636 ttl=26 time=66.0 ms
08-10 23:41:21.926 24975 25049 D cellinfo: 46 bytes from 44.241.174.93: icmp_seq=2637 ttl=26 time=74.2 ms
08-10 23:41:22.126 24975 25049 D cellinfo: 46 bytes from 44.241.174.93: icmp_seq=2638 ttl=26 time=73.3 ms
08-10 23:41:22.327 24975 25049 D cellinfo: 46 bytes from 44.241.174.93: icmp_seq=2639 ttl=26 time=73.0 ms
08-10 23:41:22.526 24975 25049 D cellinfo: 46 bytes from 44.241.174.93: icmp_seq=2640 ttl=26 time=71.1 ms
08-10 23:41:22.604 24975 24975 D cellinfo: onCellInfoChanged: Operator: Verizon Wireless UpdateTimestamp: 31315904 CellConnectionStatus: 1
08-10 23:41:22.604 24975 24975 D cellinfo: onCellInfoChanged: LTE Cell Bands: [66, 66, 2, 13] Bandwidth: 10000 Cell ID: 3700758 Physical Cell ID: 211 Tracking Area Code: 3585 EARFCN: 66586
08-10 23:41:22.735 24975 25049 D cellinfo: 46 bytes from 44.241.174.93: icmp_seq=2641 ttl=26 time=79.0 ms
08-10 23:41:22.926 24975 25049 D cellinfo: 46 bytes from 44.241.174.93: icmp_seq=2642 ttl=26 time=69.4 ms
08-10 23:41:23.126 24975 25049 D cellinfo: 46 bytes from 44.241.174.93: icmp_seq=2643 ttl=26 time=68.1 ms
08-10 23:41:23.334 24975 25049 D cellinfo: 46 bytes from 44.241.174.93: icmp_seq=2644 ttl=26 time=75.1 ms
08-10 23:41:23.536 24975 25049 D cellinfo: 46 bytes from 44.241.174.93: icmp_seq=2645 ttl=26 time=75.6 ms
08-10 23:41:23.635 24975 24975 D cellinfo: Latitude is 39.7260771
08-10 23:41:23.635 24975 24975 D cellinfo: Longitude is -105.0528564
08-10 23:41:23.636 24975 24975 D cellinfo: Instantaneous GPS information: United States, 5199 W 6th Ave, Denver, CO 80204, USA
08-10 23:41:23.636 24975 24975 D cellinfo: getCurrentLocation() result: Location (success): 39.7260771, -105.0528564
08-10 23:41:23.726 24975 25049 D cellinfo: 46 bytes from 44.241.174.93: icmp_seq=2646 ttl=26 time=65.2 ms
08-10 23:41:23.925 24975 25049 D cellinfo: 46 bytes from 44.241.174.93: icmp_seq=2647 ttl=26 time=63.4 ms
08-10 23:41:24.144 24975 25049 D cellinfo: 46 bytes from 44.241.174.93: icmp_seq=2648 ttl=26 time=80.9 ms
08-10 23:41:24.336 24975 25049 D cellinfo: 46 bytes from 44.241.174.93: icmp_seq=2649 ttl=26 time=72.1 ms
08-10 23:41:24.536 24975 25049 D cellinfo: 46 bytes from 44.241.174.93: icmp_seq=2650 ttl=26 time=71.5 ms
08-10 23:41:24.736 24975 25049 D cellinfo: 46 bytes from 44.241.174.93: icmp_seq=2651 ttl=26 time=70.6 ms
08-10 23:41:24.936 24975 25049 D cellinfo: 46 bytes from 44.241.174.93: icmp_seq=2652 ttl=26 time=70.0 ms
08-10 23:41:25.136 24975 25049 D cellinfo: 46 bytes from 44.241.174.93: icmp_seq=2653 ttl=26 time=69.3 ms
08-10 23:41:25.336 24975 25049 D cellinfo: 46 bytes from 44.241.174.93: icmp_seq=2654 ttl=26 time=69.1 ms
08-10 23:41:25.537 24975 25049 D cellinfo: 46 bytes from 44.241.174.93: icmp_seq=2655 ttl=26 time=68.4 ms
08-10 23:41:25.579 24975 24975 D cellinfo: Latitude is 39.7260771
08-10 23:41:25.579 24975 24975 D cellinfo: Longitude is -105.0528564
08-10 23:41:25.579 24975 24975 D cellinfo: Instantaneous GPS information: United States, 5199 W 6th Ave, Denver, CO 80204, USA
08-10 23:41:25.579 24975 24975 D cellinfo: getCurrentLocation() result: Location (success): 39.7260771, -105.0528564
08-10 23:41:25.613 24975 24975 D cellinfo: onCellInfoChanged: Operator: Verizon Wireless UpdateTimestamp: 31318915 CellConnectionStatus: 1
08-10 23:41:25.613 24975 24975 D cellinfo: onCellInfoChanged: LTE Cell Bands: [66, 66, 2, 13] Bandwidth: 10000 Cell ID: 3700758 Physical Cell ID: 211 Tracking Area Code: 3585 EARFCN: 66586
08-10 23:41:25.735 24975 25049 D cellinfo: 46 bytes from 44.241.174.93: icmp_seq=2656 ttl=26 time=66.1 ms
08-10 23:41:25.936 24975 25049 D cellinfo: 46 bytes from 44.241.174.93: icmp_seq=2657 ttl=26 time=66.3 ms
08-10 23:41:26.135 24975 25049 D cellinfo: 46 bytes from 44.241.174.93: icmp_seq=2658 ttl=26 time=64.0 ms
08-10 23:41:26.335 24975 25049 D cellinfo: 46 bytes from 44.241.174.93: icmp_seq=2659 ttl=26 time=63.3 ms
08-10 23:41:26.537 24975 25049 D cellinfo: 46 bytes from 44.241.174.93: icmp_seq=2660 ttl=26 time=64.1 ms
08-10 23:41:26.747 24975 25049 D cellinfo: 46 bytes from 44.241.174.93: icmp_seq=2661 ttl=26 time=73.5 ms
08-10 23:41:26.954 24975 25049 D cellinfo: 46 bytes from 44.241.174.93: icmp_seq=2662 ttl=26 time=80.2 ms
08-10 23:41:27.145 24975 25049 D cellinfo: 46 bytes from 44.241.174.93: icmp_seq=2663 ttl=26 time=71.1 ms
08-10 23:41:27.347 24975 25049 D cellinfo: 46 bytes from 44.241.174.93: icmp_seq=2664 ttl=26 time=72.1 ms
08-10 23:41:27.545 24975 25049 D cellinfo: 46 bytes from 44.241.174.93: icmp_seq=2665 ttl=26 time=70.2 ms
08-10 23:41:27.746 24975 25049 D cellinfo: 46 bytes from 44.241.174.93: icmp_seq=2666 ttl=26 time=70.9 ms
08-10 23:41:27.946 24975 25049 D cellinfo: 46 bytes from 44.241.174.93: icmp_seq=2667 ttl=26 time=70.3 ms
08-10 23:41:28.154 24975 25049 D cellinfo: 46 bytes from 44.241.174.93: icmp_seq=2668 ttl=26 time=77.6 ms
08-10 23:41:28.346 24975 25049 D cellinfo: 46 bytes from 44.241.174.93: icmp_seq=2669 ttl=26 time=67.7 ms
08-10 23:41:28.546 24975 25049 D cellinfo: 46 bytes from 44.241.174.93: icmp_seq=2670 ttl=26 time=67.1 ms
08-10 23:41:28.569 24975 24975 D cellinfo: Latitude is 39.7260772
08-10 23:41:28.569 24975 24975 D cellinfo: Longitude is -105.0528575
08-10 23:41:28.569 24975 24975 D cellinfo: Instantaneous GPS information: United States, 5199 W 6th Ave, Denver, CO 80204, USA
08-10 23:41:28.569 24975 24975 D cellinfo: getCurrentLocation() result: Location (success): 39.7260772, -105.0528575
08-10 23:41:28.614 24975 24975 D cellinfo: onCellInfoChanged: Operator: Verizon Wireless UpdateTimestamp: 31321914 CellConnectionStatus: 1
08-10 23:41:28.614 24975 24975 D cellinfo: onCellInfoChanged: LTE Cell Bands: [66, 66, 2, 13] Bandwidth: 10000 Cell ID: 3700758 Physical Cell ID: 211 Tracking Area Code: 3585 EARFCN: 66586
08-10 23:41:28.746 24975 25049 D cellinfo: 46 bytes from 44.241.174.93: icmp_seq=2671 ttl=26 time=66.4 ms
08-10 23:41:28.958 24975 25049 D cellinfo: 46 bytes from 44.241.174.93: icmp_seq=2672 ttl=26 time=77.2 ms
08-10 23:41:29.080 24975 24975 D cellinfo: onsignalStrengthsChanged: LTE Signal Strength info: rsrp: -86 rsrq: -11 rssi: -65 rssnr: 4
08-10 23:41:29.155 24975 25049 D cellinfo: 46 bytes from 44.241.174.93: icmp_seq=2673 ttl=26 time=73.0 ms
08-10 23:41:29.346 24975 25049 D cellinfo: 46 bytes from 44.241.174.93: icmp_seq=2674 ttl=26 time=63.6 ms
08-10 23:41:29.546 24975 25049 D cellinfo: 46 bytes from 44.241.174.93: icmp_seq=2675 ttl=26 time=63.3 ms
08-10 23:41:29.756 24975 25049 D cellinfo: 46 bytes from 44.241.174.93: icmp_seq=2676 ttl=26 time=72.4 ms
08-10 23:41:29.966 24975 25049 D cellinfo: 46 bytes from 44.241.174.93: icmp_seq=2677 ttl=26 time=81.9 ms
08-10 23:41:30.157 24975 25049 D cellinfo: 46 bytes from 44.241.174.93: icmp_seq=2678 ttl=26 time=71.1 ms
08-10 23:41:30.357 24975 25049 D cellinfo: 46 bytes from 44.241.174.93: icmp_seq=2679 ttl=26 time=71.4 ms
08-10 23:41:30.556 24975 25049 D cellinfo: 46 bytes from 44.241.174.93: icmp_seq=2680 ttl=26 time=70.3 ms
08-10 23:41:30.757 24975 25049 D cellinfo: 46 bytes from 44.241.174.93: icmp_seq=2681 ttl=26 time=69.0 ms
08-10 23:41:30.956 24975 25049 D cellinfo: 46 bytes from 44.241.174.93: icmp_seq=2682 ttl=26 time=67.7 ms
08-10 23:41:31.156 24975 25049 D cellinfo: 46 bytes from 44.241.174.93: icmp_seq=2683 ttl=26 time=67.1 ms
08-10 23:41:31.356 24975 25049 D cellinfo: 46 bytes from 44.241.174.93: icmp_seq=2684 ttl=26 time=66.2 ms
08-10 23:41:31.555 24975 25049 D cellinfo: 46 bytes from 44.241.174.93: icmp_seq=2685 ttl=26 time=64.0 ms
08-10 23:41:31.571 24975 24975 D cellinfo: Latitude is 39.7260772
08-10 23:41:31.571 24975 24975 D cellinfo: Longitude is -105.0528593
08-10 23:41:31.571 24975 24975 D cellinfo: Instantaneous GPS information: United States, 5199 W 6th Ave, Denver, CO 80204, USA
08-10 23:41:31.571 24975 24975 D cellinfo: getCurrentLocation() result: Location (success): 39.7260772, -105.0528593
08-10 23:41:31.600 24975 24975 D cellinfo: onCellInfoChanged: Operator: Verizon Wireless UpdateTimestamp: 31324901 CellConnectionStatus: 1
08-10 23:41:31.600 24975 24975 D cellinfo: onCellInfoChanged: LTE Cell Bands: [66, 66, 2, 13] Bandwidth: 10000 Cell ID: 3700758 Physical Cell ID: 211 Tracking Area Code: 3585 EARFCN: 66586
08-10 23:41:31.756 24975 25049 D cellinfo: 46 bytes from 44.241.174.93: icmp_seq=2686 ttl=26 time=64.3 ms
08-10 23:41:31.966 24975 25049 D cellinfo: 46 bytes from 44.241.174.93: icmp_seq=2687 ttl=26 time=73.1 ms
08-10 23:41:32.166 24975 25049 D cellinfo: 46 bytes from 44.241.174.93: icmp_seq=2688 ttl=26 time=72.0 ms
08-10 23:41:32.366 24975 25049 D cellinfo: 46 bytes from 44.241.174.93: icmp_seq=2689 ttl=26 time=71.5 ms
08-10 23:41:32.574 24975 25049 D cellinfo: 46 bytes from 44.241.174.93: icmp_seq=2690 ttl=26 time=78.3 ms
08-10 23:41:32.766 24975 25049 D cellinfo: 46 bytes from 44.241.174.93: icmp_seq=2691 ttl=26 time=69.4 ms
08-10 23:41:32.965 24975 25049 D cellinfo: 46 bytes from 44.241.174.93: icmp_seq=2692 ttl=26 time=67.0 ms
08-10 23:41:33.083 24975 24975 D cellinfo: onsignalStrengthsChanged: LTE Signal Strength info: rsrp: -86 rsrq: -9 rssi: -69 rssnr: 7
08-10 23:41:33.166 24975 25049 D cellinfo: 46 bytes from 44.241.174.93: icmp_seq=2693 ttl=26 time=67.1 ms
08-10 23:41:33.366 24975 25049 D cellinfo: 46 bytes from 44.241.174.93: icmp_seq=2694 ttl=26 time=66.3 ms
08-10 23:41:33.566 24975 25049 D cellinfo: 46 bytes from 44.241.174.93: icmp_seq=2695 ttl=26 time=65.5 ms
08-10 23:41:33.766 24975 25049 D cellinfo: 46 bytes from 44.241.174.93: icmp_seq=2696 ttl=26 time=64.4 ms
08-10 23:41:33.966 24975 25049 D cellinfo: 46 bytes from 44.241.174.93: icmp_seq=2697 ttl=26 time=63.0 ms
08-10 23:41:34.176 24975 25049 D cellinfo: 46 bytes from 44.241.174.93: icmp_seq=2698 ttl=26 time=72.6 ms
08-10 23:41:34.385 24975 25049 D cellinfo: 46 bytes from 44.241.174.93: icmp_seq=2699 ttl=26 time=80.1 ms
08-10 23:41:34.567 24975 24975 D cellinfo: Latitude is 39.7260773
08-10 23:41:34.567 24975 24975 D cellinfo: Longitude is -105.0528617
08-10 23:41:34.567 24975 24975 D cellinfo: Instantaneous GPS information: United States, 5199 W 6th Ave, Denver, CO 80204, USA
08-10 23:41:34.567 24975 24975 D cellinfo: getCurrentLocation() result: Location (success): 39.7260773, -105.0528617
08-10 23:41:34.577 24975 25049 D cellinfo: 46 bytes from 44.241.174.93: icmp_seq=2700 ttl=26 time=71.9 ms
08-10 23:41:34.612 24975 24975 D cellinfo: onCellInfoChanged: Operator: Verizon Wireless UpdateTimestamp: 31327912 CellConnectionStatus: 1
08-10 23:41:34.612 24975 24975 D cellinfo: onCellInfoChanged: LTE Cell Bands: [66, 66, 2, 13] Bandwidth: 10000 Cell ID: 3700758 Physical Cell ID: 211 Tracking Area Code: 3585 EARFCN: 66586
08-10 23:41:34.776 24975 25049 D cellinfo: 46 bytes from 44.241.174.93: icmp_seq=2701 ttl=26 time=70.4 ms
08-10 23:41:34.976 24975 25049 D cellinfo: 46 bytes from 44.241.174.93: icmp_seq=2702 ttl=26 time=70.2 ms
08-10 23:41:35.176 24975 25049 D cellinfo: 46 bytes from 44.241.174.93: icmp_seq=2703 ttl=26 time=69.2 ms
08-10 23:41:35.381 24975 25049 D cellinfo: 46 bytes from 44.241.174.93: icmp_seq=2704 ttl=26 time=73.6 ms
08-10 23:41:35.576 24975 25049 D cellinfo: 46 bytes from 44.241.174.93: icmp_seq=2705 ttl=26 time=68.0 ms
08-10 23:41:35.778 24975 25049 D cellinfo: 46 bytes from 44.241.174.93: icmp_seq=2706 ttl=26 time=67.8 ms
08-10 23:41:35.983 24975 25049 D cellinfo: 46 bytes from 44.241.174.93: icmp_seq=2707 ttl=26 time=72.1 ms
08-10 23:41:36.176 24975 25049 D cellinfo: 46 bytes from 44.241.174.93: icmp_seq=2708 ttl=26 time=63.9 ms
08-10 23:41:36.386 24975 25049 D cellinfo: 46 bytes from 44.241.174.93: icmp_seq=2709 ttl=26 time=72.9 ms
08-10 23:41:36.586 24975 25049 D cellinfo: 46 bytes from 44.241.174.93: icmp_seq=2710 ttl=26 time=72.1 ms
08-10 23:41:36.785 24975 25049 D cellinfo: 46 bytes from 44.241.174.93: icmp_seq=2711 ttl=26 time=70.2 ms
08-10 23:41:36.986 24975 25049 D cellinfo: 46 bytes from 44.241.174.93: icmp_seq=2712 ttl=26 time=70.1 ms
08-10 23:41:37.186 24975 25049 D cellinfo: 46 bytes from 44.241.174.93: icmp_seq=2713 ttl=26 time=69.3 ms
08-10 23:41:37.388 24975 25049 D cellinfo: 46 bytes from 44.241.174.93: icmp_seq=2714 ttl=26 time=69.0 ms
08-10 23:41:37.587 24975 25049 D cellinfo: 46 bytes from 44.241.174.93: icmp_seq=2715 ttl=26 time=66.0 ms
08-10 23:41:37.607 24975 24975 D cellinfo: onCellInfoChanged: Operator: Verizon Wireless UpdateTimestamp: 31330909 CellConnectionStatus: 1
08-10 23:41:37.607 24975 24975 D cellinfo: onCellInfoChanged: LTE Cell Bands: [66, 66, 2, 13] Bandwidth: 10000 Cell ID: 3700758 Physical Cell ID: 211 Tracking Area Code: 3585 EARFCN: 66586
08-10 23:41:37.793 24975 25049 D cellinfo: 46 bytes from 44.241.174.93: icmp_seq=2716 ttl=26 time=73.3 ms
08-10 23:41:37.992 24975 25049 D cellinfo: 46 bytes from 44.241.174.93: icmp_seq=2717 ttl=26 time=71.4 ms
08-10 23:41:38.082 24975 24975 D cellinfo: onsignalStrengthsChanged: LTE Signal Strength info: rsrp: -81 rsrq: -7 rssi: -65 rssnr: 13
08-10 23:41:38.186 24975 25049 D cellinfo: 46 bytes from 44.241.174.93: icmp_seq=2718 ttl=26 time=64.0 ms
08-10 23:41:38.402 24975 25049 D cellinfo: 46 bytes from 44.241.174.93: icmp_seq=2719 ttl=26 time=78.8 ms
08-10 23:41:38.598 24975 25049 D cellinfo: 46 bytes from 44.241.174.93: icmp_seq=2720 ttl=26 time=72.9 ms
08-10 23:41:38.611 24975 24975 D cellinfo: Latitude is 39.7260803
08-10 23:41:38.611 24975 24975 D cellinfo: Longitude is -105.0529107
08-10 23:41:38.611 24975 24975 D cellinfo: Instantaneous GPS information: United States, 5199 W 6th Ave, Denver, CO 80204, USA
08-10 23:41:38.612 24975 24975 D cellinfo: getCurrentLocation() result: Location (success): 39.7260803, -105.0529107
08-10 23:41:38.797 24975 25049 D cellinfo: 46 bytes from 44.241.174.93: icmp_seq=2721 ttl=26 time=71.1 ms
08-10 23:41:38.996 24975 25049 D cellinfo: 46 bytes from 44.241.174.93: icmp_seq=2722 ttl=26 time=70.1 ms
08-10 23:41:39.196 24975 25049 D cellinfo: 46 bytes from 44.241.174.93: icmp_seq=2723 ttl=26 time=69.2 ms
08-10 23:41:39.396 24975 25049 D cellinfo: 46 bytes from 44.241.174.93: icmp_seq=2724 ttl=26 time=68.2 ms
08-10 23:41:39.596 24975 25049 D cellinfo: 46 bytes from 44.241.174.93: icmp_seq=2725 ttl=26 time=66.2 ms
08-10 23:41:39.795 24975 25049 D cellinfo: 46 bytes from 44.241.174.93: icmp_seq=2726 ttl=26 time=65.1 ms
08-10 23:41:39.996 24975 25049 D cellinfo: 46 bytes from 44.241.174.93: icmp_seq=2727 ttl=26 time=65.2 ms
08-10 23:41:40.208 24975 25049 D cellinfo: 46 bytes from 44.241.174.93: icmp_seq=2728 ttl=26 time=75.7 ms
08-10 23:41:40.407 24975 25049 D cellinfo: 46 bytes from 44.241.174.93: icmp_seq=2729 ttl=26 time=73.5 ms
08-10 23:41:40.567 24975 24975 D cellinfo: Latitude is 39.7260803
08-10 23:41:40.567 24975 24975 D cellinfo: Longitude is -105.0529107
08-10 23:41:40.567 24975 24975 D cellinfo: Instantaneous GPS information: United States, 5199 W 6th Ave, Denver, CO 80204, USA
08-10 23:41:40.567 24975 24975 D cellinfo: getCurrentLocation() result: Location (success): 39.7260803, -105.0529107
08-10 23:41:40.610 24975 25049 D cellinfo: 46 bytes from 44.241.174.93: icmp_seq=2730 ttl=26 time=76.4 ms
08-10 23:41:40.617 24975 24975 D cellinfo: onCellInfoChanged: Operator: Verizon Wireless UpdateTimestamp: 31333913 CellConnectionStatus: 1
08-10 23:41:40.617 24975 24975 D cellinfo: onCellInfoChanged: LTE Cell Bands: [66, 66, 2, 13] Bandwidth: 10000 Cell ID: 3700758 Physical Cell ID: 211 Tracking Area Code: 3585 EARFCN: 66586
08-10 23:41:40.807 24975 25049 D cellinfo: 46 bytes from 44.241.174.93: icmp_seq=2731 ttl=26 time=72.0 ms
08-10 23:41:41.014 24975 25049 D cellinfo: 46 bytes from 44.241.174.93: icmp_seq=2732 ttl=26 time=78.7 ms
08-10 23:41:41.206 24975 25049 D cellinfo: 46 bytes from 44.241.174.93: icmp_seq=2733 ttl=26 time=71.4 ms
08-10 23:41:41.407 24975 25049 D cellinfo: 46 bytes from 44.241.174.93: icmp_seq=2734 ttl=26 time=71.4 ms
08-10 23:41:41.608 24975 25049 D cellinfo: 46 bytes from 44.241.174.93: icmp_seq=2735 ttl=26 time=70.8 ms
08-10 23:41:41.813 24975 25049 D cellinfo: 46 bytes from 44.241.174.93: icmp_seq=2736 ttl=26 time=75.9 ms
08-10 23:41:42.007 24975 25049 D cellinfo: 46 bytes from 44.241.174.93: icmp_seq=2737 ttl=26 time=68.4 ms
08-10 23:41:42.206 24975 25049 D cellinfo: 46 bytes from 44.241.174.93: icmp_seq=2738 ttl=26 time=68.7 ms
08-10 23:41:42.415 24975 25049 D cellinfo: 46 bytes from 44.241.174.93: icmp_seq=2739 ttl=26 time=76.9 ms
08-10 23:41:42.608 24975 25049 D cellinfo: 46 bytes from 44.241.174.93: icmp_seq=2740 ttl=26 time=68.1 ms
08-10 23:41:42.806 24975 25049 D cellinfo: 46 bytes from 44.241.174.93: icmp_seq=2741 ttl=26 time=66.9 ms
08-10 23:41:43.010 24975 25049 D cellinfo: 46 bytes from 44.241.174.93: icmp_seq=2742 ttl=26 time=69.4 ms
08-10 23:41:43.208 24975 25049 D cellinfo: 46 bytes from 44.241.174.93: icmp_seq=2743 ttl=26 time=68.4 ms
08-10 23:41:43.406 24975 25049 D cellinfo: 46 bytes from 44.241.174.93: icmp_seq=2744 ttl=26 time=65.2 ms
08-10 23:41:43.605 24975 25049 D cellinfo: 46 bytes from 44.241.174.93: icmp_seq=2745 ttl=26 time=62.8 ms
08-10 23:41:43.808 24975 25049 D cellinfo: 46 bytes from 44.241.174.93: icmp_seq=2746 ttl=26 time=64.5 ms
08-10 23:41:43.980 24975 24975 D cellinfo: Latitude is 39.7260846
08-10 23:41:43.980 24975 24975 D cellinfo: Longitude is -105.0529896
08-10 23:41:43.980 24975 24975 D cellinfo: Instantaneous GPS information: United States, 5199 W 6th Ave, Denver, CO 80204, USA
08-10 23:41:43.980 24975 24975 D cellinfo: getCurrentLocation() result: Location (success): 39.7260846, -105.0529896
08-10 23:41:43.985 24975 24975 D cellinfo: onCellInfoChanged: Operator: Verizon Wireless UpdateTimestamp: 31336918 CellConnectionStatus: 1
08-10 23:41:43.985 24975 24975 D cellinfo: onCellInfoChanged: LTE Cell Bands: [66, 66, 2, 13] Bandwidth: 10000 Cell ID: 3700758 Physical Cell ID: 211 Tracking Area Code: 3585 EARFCN: 66586
08-10 23:41:44.018 24975 25049 D cellinfo: 46 bytes from 44.241.174.93: icmp_seq=2747 ttl=26 time=74.1 ms
08-10 23:41:44.216 24975 25049 D cellinfo: 46 bytes from 44.241.174.93: icmp_seq=2748 ttl=26 time=72.3 ms
08-10 23:41:44.421 24975 25049 D cellinfo: 46 bytes from 44.241.174.93: icmp_seq=2749 ttl=26 time=76.2 ms
08-10 23:41:44.616 24975 25049 D cellinfo: 46 bytes from 44.241.174.93: icmp_seq=2750 ttl=26 time=70.1 ms
08-10 23:41:44.818 24975 25049 D cellinfo: 46 bytes from 44.241.174.93: icmp_seq=2751 ttl=26 time=71.2 ms
08-10 23:41:45.018 24975 25049 D cellinfo: 46 bytes from 44.241.174.93: icmp_seq=2752 ttl=26 time=70.0 ms
08-10 23:41:45.222 24975 25049 D cellinfo: 46 bytes from 44.241.174.93: icmp_seq=2753 ttl=26 time=73.2 ms
08-10 23:41:45.417 24975 25049 D cellinfo: 46 bytes from 44.241.174.93: icmp_seq=2754 ttl=26 time=67.2 ms
08-10 23:41:45.625 24975 25049 D cellinfo: 46 bytes from 44.241.174.93: icmp_seq=2755 ttl=26 time=74.2 ms
08-10 23:41:45.817 24975 25049 D cellinfo: 46 bytes from 44.241.174.93: icmp_seq=2756 ttl=26 time=65.9 ms
08-10 23:41:46.016 24975 25049 D cellinfo: 46 bytes from 44.241.174.93: icmp_seq=2757 ttl=26 time=64.4 ms
08-10 23:41:46.216 24975 25049 D cellinfo: 46 bytes from 44.241.174.93: icmp_seq=2758 ttl=26 time=64.2 ms
08-10 23:41:46.432 24975 25049 D cellinfo: 46 bytes from 44.241.174.93: icmp_seq=2759 ttl=26 time=79.1 ms
08-10 23:41:46.625 24975 25049 D cellinfo: 46 bytes from 44.241.174.93: icmp_seq=2760 ttl=26 time=71.1 ms
08-10 23:41:46.813 24975 25049 D cellinfo: 46 bytes from 44.241.174.93: icmp_seq=2761 ttl=26 time=57.5 ms
08-10 23:41:46.916 24975 24975 D cellinfo: Latitude is 39.7260874
08-10 23:41:46.916 24975 24975 D cellinfo: Longitude is -105.0530424
08-10 23:41:46.916 24975 24975 D cellinfo: Instantaneous GPS information: United States, 5199 W 6th Ave, Denver, CO 80204, USA
08-10 23:41:46.916 24975 24975 D cellinfo: getCurrentLocation() result: Location (success): 39.7260874, -105.0530424
08-10 23:41:46.919 24975 24975 D cellinfo: onCellInfoChanged: Operator: Verizon Wireless UpdateTimestamp: 31339915 CellConnectionStatus: 1
08-10 23:41:46.919 24975 24975 D cellinfo: onCellInfoChanged: LTE Cell Bands: [66, 66, 2, 13] Bandwidth: 10000 Cell ID: 3700758 Physical Cell ID: 211 Tracking Area Code: 3585 EARFCN: 66586
08-10 23:41:47.029 24975 25049 D cellinfo: 46 bytes from 44.241.174.93: icmp_seq=2762 ttl=26 time=72.8 ms
08-10 23:41:47.227 24975 25049 D cellinfo: 46 bytes from 44.241.174.93: icmp_seq=2763 ttl=26 time=71.9 ms
08-10 23:41:47.426 24975 25049 D cellinfo: 46 bytes from 44.241.174.93: icmp_seq=2764 ttl=26 time=70.3 ms
08-10 23:41:47.626 24975 25049 D cellinfo: 46 bytes from 44.241.174.93: icmp_seq=2765 ttl=26 time=69.4 ms
08-10 23:41:47.828 24975 25049 D cellinfo: 46 bytes from 44.241.174.93: icmp_seq=2766 ttl=26 time=69.5 ms
08-10 23:41:48.027 24975 25049 D cellinfo: 46 bytes from 44.241.174.93: icmp_seq=2767 ttl=26 time=68.0 ms
08-10 23:41:48.083 24975 24975 D cellinfo: onsignalStrengthsChanged: LTE Signal Strength info: rsrp: -87 rsrq: -10 rssi: -69 rssnr: 14
08-10 23:41:48.227 24975 25049 D cellinfo: 46 bytes from 44.241.174.93: icmp_seq=2768 ttl=26 time=68.7 ms
08-10 23:41:48.427 24975 25049 D cellinfo: 46 bytes from 44.241.174.93: icmp_seq=2769 ttl=26 time=67.7 ms
08-10 23:41:48.627 24975 25049 D cellinfo: 46 bytes from 44.241.174.93: icmp_seq=2770 ttl=26 time=67.1 ms
08-10 23:41:48.825 24975 25049 D cellinfo: 46 bytes from 44.241.174.93: icmp_seq=2771 ttl=26 time=64.3 ms
08-10 23:41:49.027 24975 25049 D cellinfo: 46 bytes from 44.241.174.93: icmp_seq=2772 ttl=26 time=65.1 ms
08-10 23:41:49.227 24975 25049 D cellinfo: 46 bytes from 44.241.174.93: icmp_seq=2773 ttl=26 time=65.2 ms
08-10 23:41:49.426 24975 25049 D cellinfo: 46 bytes from 44.241.174.93: icmp_seq=2774 ttl=26 time=64.8 ms
08-10 23:41:49.572 24975 24975 D cellinfo: Latitude is 39.7260866
08-10 23:41:49.572 24975 24975 D cellinfo: Longitude is -105.0530262
08-10 23:41:49.572 24975 24975 D cellinfo: Instantaneous GPS information: United States, 5199 W 6th Ave, Denver, CO 80204, USA
08-10 23:41:49.572 24975 24975 D cellinfo: getCurrentLocation() result: Location (success): 39.7260866, -105.0530262
08-10 23:41:49.612 24975 24975 D cellinfo: onCellInfoChanged: Operator: Verizon Wireless UpdateTimestamp: 31342912 CellConnectionStatus: 1
