08-10 23:43:31.413 24975 25049 D cellinfo: 46 bytes from 44.241.174.93: icmp_seq=3282 ttl=26 time=65.2 ms
08-10 23:43:31.615 24975 25049 D cellinfo: 46 bytes from 44.241.174.93: icmp_seq=3283 ttl=26 time=66.4 ms
08-10 23:43:31.823 24975 25049 D cellinfo: 46 bytes from 44.241.174.93: icmp_seq=3284 ttl=26 time=72.5 ms
08-10 23:43:31.930 24975 24975 D cellinfo: Latitude is 39.7255843
08-10 23:43:31.930 24975 24975 D cellinfo: Longitude is -105.0349121
08-10 23:43:31.930 24975 24975 D cellinfo: Instantaneous GPS information: United States, 534 Lowell Blvd, Denver, CO 80204, USA
08-10 23:43:31.930 24975 24975 D cellinfo: getCurrentLocation() result: Location (success): 39.7255843, -105.0349121
08-10 23:43:31.934 24975 24975 D cellinfo: onCellInfoChanged: Operator: Verizon Wireless UpdateTimestamp: 31444914 CellConnectionStatus: 1
08-10 23:43:31.934 24975 24975 D cellinfo: onCellInfoChanged: LTE Cell Bands: [66, 66, 2] Bandwidth: 10000 Cell ID: 80462604 Physical Cell ID: 46 Tracking Area Code: 3585 EARFCN: 66586
08-10 23:43:32.013 24975 25049 D cellinfo: 46 bytes from 44.241.174.93: icmp_seq=3285 ttl=26 time=62.1 ms
08-10 23:43:32.213 24975 25049 D cellinfo: 46 bytes from 44.241.174.93: icmp_seq=3286 ttl=26 time=61.9 ms
08-10 23:43:32.423 24975 25049 D cellinfo: 46 bytes from 44.241.174.93: icmp_seq=3287 ttl=26 time=71.8 ms
08-10 23:43:32.625 24975 25049 D cellinfo: 46 bytes from 44.241.174.93: icmp_seq=3288 ttl=26 time=72.6 ms
08-10 23:43:32.833 24975 25049 D cellinfo: 46 bytes from 44.241.174.93: icmp_seq=3289 ttl=26 time=79.6 ms
08-10 23:43:33.023 24975 25049 D cellinfo: 46 bytes from 44.241.174.93: icmp_seq=3290 ttl=26 time=69.9 ms
08-10 23:43:33.224 24975 25049 D cellinfo: 46 bytes from 44.241.174.93: icmp_seq=3291 ttl=26 time=71.3 ms
08-10 23:43:33.424 24975 25049 D cellinfo: 46 bytes from 44.241.174.93: icmp_seq=3292 ttl=26 time=71.0 ms
08-10 23:43:33.626 24975 25049 D cellinfo: 46 bytes from 44.241.174.93: icmp_seq=3293 ttl=26 time=71.2 ms
08-10 23:43:33.826 24975 25049 D cellinfo: 46 bytes from 44.241.174.93: icmp_seq=3294 ttl=26 time=71.6 ms
08-10 23:43:34.023 24975 25049 D cellinfo: 46 bytes from 44.241.174.93: icmp_seq=3295 ttl=26 time=68.2 ms
08-10 23:43:34.224 24975 25049 D cellinfo: 46 bytes from 44.241.174.93: icmp_seq=3296 ttl=26 time=69.3 ms
08-10 23:43:34.431 24975 25049 D cellinfo: 46 bytes from 44.241.174.93: icmp_seq=3297 ttl=26 time=75.1 ms
08-10 23:43:34.623 24975 25049 D cellinfo: 46 bytes from 44.241.174.93: icmp_seq=3298 ttl=26 time=66.5 ms
08-10 23:43:34.827 24975 25049 D cellinfo: 46 bytes from 44.241.174.93: icmp_seq=3299 ttl=26 time=68.5 ms
08-10 23:43:34.982 24975 24975 D cellinfo: Latitude is 39.7255834
08-10 23:43:34.982 24975 24975 D cellinfo: Longitude is -105.0349844
08-10 23:43:34.982 24975 24975 D cellinfo: Instantaneous GPS information: United States, 600 Lowell Blvd, Denver, CO 80204, USA
08-10 23:43:34.982 24975 24975 D cellinfo: getCurrentLocation() result: Location (success): 39.7255834, -105.0349844
08-10 23:43:34.986 24975 24975 D cellinfo: onCellInfoChanged: Operator: Verizon Wireless UpdateTimestamp: 31447909 CellConnectionStatus: 1
08-10 23:43:34.986 24975 24975 D cellinfo: onCellInfoChanged: LTE Cell Bands: [66, 66, 2] Bandwidth: 10000 Cell ID: 80462604 Physical Cell ID: 46 Tracking Area Code: 3585 EARFCN: 66586
08-10 23:43:35.024 24975 25049 D cellinfo: 46 bytes from 44.241.174.93: icmp_seq=3300 ttl=26 time=64.4 ms
08-10 23:43:35.224 24975 25049 D cellinfo: 46 bytes from 44.241.174.93: icmp_seq=3301 ttl=26 time=64.3 ms
08-10 23:43:35.424 24975 25049 D cellinfo: 46 bytes from 44.241.174.93: icmp_seq=3302 ttl=26 time=63.2 ms
08-10 23:43:35.623 24975 25049 D cellinfo: 46 bytes from 44.241.174.93: icmp_seq=3303 ttl=26 time=61.4 ms
08-10 23:43:35.833 24975 25049 D cellinfo: 46 bytes from 44.241.174.93: icmp_seq=3304 ttl=26 time=70.2 ms
08-10 23:43:36.033 24975 25049 D cellinfo: 46 bytes from 44.241.174.93: icmp_seq=3305 ttl=26 time=69.1 ms
08-10 23:43:36.235 24975 25049 D cellinfo: 46 bytes from 44.241.174.93: icmp_seq=3306 ttl=26 time=70.3 ms
08-10 23:43:36.433 24975 25049 D cellinfo: 46 bytes from 44.241.174.93: icmp_seq=3307 ttl=26 time=68.4 ms
08-10 23:43:36.633 24975 25049 D cellinfo: 46 bytes from 44.241.174.93: icmp_seq=3308 ttl=26 time=67.3 ms
08-10 23:43:36.833 24975 25049 D cellinfo: 46 bytes from 44.241.174.93: icmp_seq=3309 ttl=26 time=66.2 ms
08-10 23:43:37.041 24975 25049 D cellinfo: 46 bytes from 44.241.174.93: icmp_seq=3310 ttl=26 time=74.0 ms
08-10 23:43:37.236 24975 25049 D cellinfo: 46 bytes from 44.241.174.93: icmp_seq=3311 ttl=26 time=68.9 ms
08-10 23:43:37.438 24975 25049 D cellinfo: 46 bytes from 44.241.174.93: icmp_seq=3312 ttl=26 time=70.0 ms
08-10 23:43:37.609 24975 24975 D cellinfo: onCellInfoChanged: Operator: Verizon Wireless UpdateTimestamp: 31450910 CellConnectionStatus: 1
08-10 23:43:37.609 24975 24975 D cellinfo: onCellInfoChanged: LTE Cell Bands: [66, 66, 2] Bandwidth: 10000 Cell ID: 80462604 Physical Cell ID: 46 Tracking Area Code: 3585 EARFCN: 66586
08-10 23:43:37.643 24975 24975 D cellinfo: onsignalStrengthsChanged: LTE Signal Strength info: rsrp: -87 rsrq: -12 rssi: -67 rssnr: 11
08-10 23:43:37.645 24975 25049 D cellinfo: 46 bytes from 44.241.174.93: icmp_seq=3313 ttl=26 time=76.0 ms
08-10 23:43:37.833 24975 25049 D cellinfo: 46 bytes from 44.241.174.93: icmp_seq=3314 ttl=26 time=63.2 ms
08-10 23:43:38.043 24975 25049 D cellinfo: 46 bytes from 44.241.174.93: icmp_seq=3315 ttl=26 time=72.2 ms
08-10 23:43:38.241 24975 25049 D cellinfo: 46 bytes from 44.241.174.93: icmp_seq=3316 ttl=26 time=70.3 ms
08-10 23:43:38.444 24975 25049 D cellinfo: 46 bytes from 44.241.174.93: icmp_seq=3317 ttl=26 time=72.0 ms
08-10 23:43:38.610 24975 24975 D cellinfo: Latitude is 39.7254044
08-10 23:43:38.610 24975 24975 D cellinfo: Longitude is -105.0317859
08-10 23:43:38.610 24975 24975 D cellinfo: Instantaneous GPS information: United States, 591 Julian St, Denver, CO 80219, USA
08-10 23:43:38.610 24975 24975 D cellinfo: getCurrentLocation() result: Location (success): 39.7254044, -105.0317859
08-10 23:43:38.645 24975 25049 D cellinfo: 46 bytes from 44.241.174.93: icmp_seq=3318 ttl=26 time=71.7 ms
08-10 23:43:38.843 24975 25049 D cellinfo: 46 bytes from 44.241.174.93: icmp_seq=3319 ttl=26 time=69.8 ms
08-10 23:43:39.046 24975 25049 D cellinfo: 46 bytes from 44.241.174.93: icmp_seq=3320 ttl=26 time=72.4 ms
08-10 23:43:39.244 24975 25049 D cellinfo: 46 bytes from 44.241.174.93: icmp_seq=3321 ttl=26 time=69.5 ms
08-10 23:43:39.467 24975 25049 D cellinfo: 46 bytes from 44.241.174.93: icmp_seq=3322 ttl=26 time=92.0 ms
08-10 23:43:39.644 24975 25049 D cellinfo: 46 bytes from 44.241.174.93: icmp_seq=3323 ttl=26 time=68.7 ms
08-10 23:43:39.844 24975 25049 D cellinfo: 46 bytes from 44.241.174.93: icmp_seq=3324 ttl=26 time=68.3 ms
08-10 23:43:40.055 24975 25049 D cellinfo: 46 bytes from 44.241.174.93: icmp_seq=3325 ttl=26 time=77.9 ms
08-10 23:43:40.244 24975 25049 D cellinfo: 46 bytes from 44.241.174.93: icmp_seq=3326 ttl=26 time=66.0 ms
08-10 23:43:40.445 24975 25049 D cellinfo: 46 bytes from 44.241.174.93: icmp_seq=3327 ttl=26 time=66.0 ms
08-10 23:43:40.571 24975 24975 D cellinfo: Latitude is 39.7254044
08-10 23:43:40.571 24975 24975 D cellinfo: Longitude is -105.0317859
08-10 23:43:40.571 24975 24975 D cellinfo: Instantaneous GPS information: United States, 591 Julian St, Denver, CO 80219, USA
08-10 23:43:40.571 24975 24975 D cellinfo: getCurrentLocation() result: Location (success): 39.7254044, -105.0317859
08-10 23:43:40.612 24975 24975 D cellinfo: onCellInfoChanged: Operator: Verizon Wireless UpdateTimestamp: 31453913 CellConnectionStatus: 1
08-10 23:43:40.612 24975 24975 D cellinfo: onCellInfoChanged: LTE Cell Bands: [66, 66, 2] Bandwidth: 10000 Cell ID: 80462604 Physical Cell ID: 46 Tracking Area Code: 3585 EARFCN: 66586
08-10 23:43:40.644 24975 25049 D cellinfo: 46 bytes from 44.241.174.93: icmp_seq=3328 ttl=26 time=64.6 ms
08-10 23:43:40.844 24975 25049 D cellinfo: 46 bytes from 44.241.174.93: icmp_seq=3329 ttl=26 time=64.2 ms
08-10 23:43:41.051 24975 25049 D cellinfo: 46 bytes from 44.241.174.93: icmp_seq=3330 ttl=26 time=70.6 ms
08-10 23:43:41.252 24975 25049 D cellinfo: 46 bytes from 44.241.174.93: icmp_seq=3331 ttl=26 time=71.9 ms
08-10 23:43:41.444 24975 25049 D cellinfo: 46 bytes from 44.241.174.93: icmp_seq=3332 ttl=26 time=63.1 ms
08-10 23:43:41.646 24975 24975 D cellinfo: onsignalStrengthsChanged: LTE Signal Strength info: rsrp: -94 rsrq: -12 rssi: -73 rssnr: 6
08-10 23:43:41.654 24975 25049 D cellinfo: 46 bytes from 44.241.174.93: icmp_seq=3333 ttl=26 time=72.1 ms
08-10 23:43:41.853 24975 25049 D cellinfo: 46 bytes from 44.241.174.93: icmp_seq=3334 ttl=26 time=70.6 ms
08-10 23:43:42.053 24975 25049 D cellinfo: 46 bytes from 44.241.174.93: icmp_seq=3335 ttl=26 time=70.3 ms
08-10 23:43:42.254 24975 25049 D cellinfo: 46 bytes from 44.241.174.93: icmp_seq=3336 ttl=26 time=70.4 ms
08-10 23:43:42.453 24975 25049 D cellinfo: 46 bytes from 44.241.174.93: icmp_seq=3337 ttl=26 time=69.3 ms
08-10 23:43:42.662 24975 25049 D cellinfo: 46 bytes from 44.241.174.93: icmp_seq=3338 ttl=26 time=77.2 ms
08-10 23:43:42.854 24975 25049 D cellinfo: 46 bytes from 44.241.174.93: icmp_seq=3339 ttl=26 time=68.0 ms
08-10 23:43:43.056 24975 25049 D cellinfo: 46 bytes from 44.241.174.93: icmp_seq=3340 ttl=26 time=69.6 ms
08-10 23:43:43.262 24975 25049 D cellinfo: 46 bytes from 44.241.174.93: icmp_seq=3341 ttl=26 time=76.2 ms
08-10 23:43:43.462 24975 25049 D cellinfo: 46 bytes from 44.241.174.93: icmp_seq=3342 ttl=26 time=74.8 ms
08-10 23:43:43.669 24975 25049 D cellinfo: 46 bytes from 44.241.174.93: icmp_seq=3343 ttl=26 time=80.7 ms
08-10 23:43:43.861 24975 25049 D cellinfo: 46 bytes from 44.241.174.93: icmp_seq=3344 ttl=26 time=71.9 ms
08-10 23:43:43.984 24975 24975 D cellinfo: Latitude is 39.7253794
08-10 23:43:43.984 24975 24975 D cellinfo: Longitude is -105.0311661
08-10 23:43:43.985 24975 24975 D cellinfo: Instantaneous GPS information: United States, 580 Julian St, Denver, CO 80219, USA
08-10 23:43:43.985 24975 24975 D cellinfo: getCurrentLocation() result: Location (success): 39.7253794, -105.0311661
08-10 23:43:43.987 24975 24975 D cellinfo: onCellInfoChanged: Operator: Verizon Wireless UpdateTimestamp: 31456912 CellConnectionStatus: 1
08-10 23:43:43.988 24975 24975 D cellinfo: onCellInfoChanged: LTE Cell Bands: [66, 66, 2] Bandwidth: 10000 Cell ID: 80462604 Physical Cell ID: 46 Tracking Area Code: 3585 EARFCN: 66586
08-10 23:43:44.056 24975 25049 D cellinfo: 46 bytes from 44.241.174.93: icmp_seq=3345 ttl=26 time=63.6 ms
08-10 23:43:44.264 24975 25049 D cellinfo: 46 bytes from 44.241.174.93: icmp_seq=3346 ttl=26 time=75.0 ms
08-10 23:43:44.462 24975 25049 D cellinfo: 46 bytes from 44.241.174.93: icmp_seq=3347 ttl=26 time=72.2 ms
08-10 23:43:44.654 24975 25049 D cellinfo: 46 bytes from 44.241.174.93: icmp_seq=3348 ttl=26 time=63.3 ms
08-10 23:43:44.873 24975 25049 D cellinfo: 46 bytes from 44.241.174.93: icmp_seq=3349 ttl=26 time=80.1 ms
08-10 23:43:45.072 24975 25049 D cellinfo: 46 bytes from 44.241.174.93: icmp_seq=3350 ttl=26 time=78.9 ms
08-10 23:43:45.263 24975 25049 D cellinfo: 46 bytes from 44.241.174.93: icmp_seq=3351 ttl=26 time=70.1 ms
08-10 23:43:45.465 24975 25049 D cellinfo: 46 bytes from 44.241.174.93: icmp_seq=3352 ttl=26 time=70.1 ms
08-10 23:43:45.646 24975 24975 D cellinfo: onsignalStrengthsChanged: LTE Signal Strength info: rsrp: -97 rsrq: -17 rssi: -73 rssnr: 1
08-10 23:43:45.665 24975 25049 D cellinfo: 46 bytes from 44.241.174.93: icmp_seq=3353 ttl=26 time=69.0 ms
08-10 23:43:45.872 24975 25049 D cellinfo: 46 bytes from 44.241.174.93: icmp_seq=3354 ttl=26 time=75.9 ms
08-10 23:43:46.066 24975 25049 D cellinfo: 46 bytes from 44.241.174.93: icmp_seq=3355 ttl=26 time=67.3 ms
08-10 23:43:46.265 24975 25049 D cellinfo: 46 bytes from 44.241.174.93: icmp_seq=3356 ttl=26 time=67.1 ms
08-10 23:43:46.467 24975 25049 D cellinfo: 46 bytes from 44.241.174.93: icmp_seq=3357 ttl=26 time=69.0 ms
08-10 23:43:46.683 24975 25049 D cellinfo: 46 bytes from 44.241.174.93: icmp_seq=3358 ttl=26 time=83.0 ms
08-10 23:43:46.865 24975 25049 D cellinfo: 46 bytes from 44.241.174.93: icmp_seq=3359 ttl=26 time=64.0 ms
08-10 23:43:46.935 24975 24975 D cellinfo: Latitude is 39.7253617
08-10 23:43:46.936 24975 24975 D cellinfo: Longitude is -105.0307278
08-10 23:43:46.936 24975 24975 D cellinfo: Instantaneous GPS information: United States, 500 Julian St, Denver, CO 80204, USA
08-10 23:43:46.936 24975 24975 D cellinfo: getCurrentLocation() result: Location (success): 39.7253617, -105.0307278
08-10 23:43:46.938 24975 24975 D cellinfo: onCellInfoChanged: Operator: Verizon Wireless UpdateTimestamp: 31459907 CellConnectionStatus: 1
08-10 23:43:46.939 24975 24975 D cellinfo: onCellInfoChanged: LTE Cell Bands: [66, 66, 2] Bandwidth: 10000 Cell ID: 80462604 Physical Cell ID: 46 Tracking Area Code: 3585 EARFCN: 66586
08-10 23:43:47.068 24975 25049 D cellinfo: 46 bytes from 44.241.174.93: icmp_seq=3360 ttl=26 time=66.2 ms
08-10 23:43:47.265 24975 25049 D cellinfo: 46 bytes from 44.241.174.93: icmp_seq=3361 ttl=26 time=63.4 ms
08-10 23:43:47.475 24975 25049 D cellinfo: 46 bytes from 44.241.174.93: icmp_seq=3362 ttl=26 time=73.1 ms
08-10 23:43:47.677 24975 25049 D cellinfo: 46 bytes from 44.241.174.93: icmp_seq=3363 ttl=26 time=74.9 ms
08-10 23:43:47.882 24975 25049 D cellinfo: 46 bytes from 44.241.174.93: icmp_seq=3364 ttl=26 time=78.2 ms
08-10 23:43:48.082 24975 25049 D cellinfo: 46 bytes from 44.241.174.93: icmp_seq=3365 ttl=26 time=78.2 ms
08-10 23:43:48.276 24975 25049 D cellinfo: 46 bytes from 44.241.174.93: icmp_seq=3366 ttl=26 time=71.1 ms
08-10 23:43:48.474 24975 25049 D cellinfo: 46 bytes from 44.241.174.93: icmp_seq=3367 ttl=26 time=68.1 ms
08-10 23:43:48.674 24975 25049 D cellinfo: 46 bytes from 44.241.174.93: icmp_seq=3368 ttl=26 time=67.0 ms
08-10 23:43:48.877 24975 25049 D cellinfo: 46 bytes from 44.241.174.93: icmp_seq=3369 ttl=26 time=68.3 ms
08-10 23:43:49.077 24975 25049 D cellinfo: 46 bytes from 44.241.174.93: icmp_seq=3370 ttl=26 time=67.9 ms
08-10 23:43:49.273 24975 25049 D cellinfo: 46 bytes from 44.241.174.93: icmp_seq=3371 ttl=26 time=63.4 ms
08-10 23:43:49.474 24975 25049 D cellinfo: 46 bytes from 44.241.174.93: icmp_seq=3372 ttl=26 time=63.1 ms
08-10 23:43:49.603 24975 24975 D cellinfo: onCellInfoChanged: Operator: Verizon Wireless UpdateTimestamp: 31462903 CellConnectionStatus: 1
08-10 23:43:49.603 24975 24975 D cellinfo: onCellInfoChanged: LTE Cell Bands: [66, 66, 2] Bandwidth: 10000 Cell ID: 80462604 Physical Cell ID: 46 Tracking Area Code: 3585 EARFCN: 66586
08-10 23:43:49.648 24975 24975 D cellinfo: onsignalStrengthsChanged: LTE Signal Strength info: rsrp: -101 rsrq: -18 rssi: -75 rssnr: -4
08-10 23:43:49.698 24975 25049 D cellinfo: 46 bytes from 44.241.174.93: icmp_seq=3373 ttl=26 time=86.0 ms
08-10 23:43:49.878 24975 25049 D cellinfo: 46 bytes from 44.241.174.93: icmp_seq=3374 ttl=26 time=65.6 ms
08-10 23:43:50.084 24975 25049 D cellinfo: 46 bytes from 44.241.174.93: icmp_seq=3375 ttl=26 time=70.0 ms
08-10 23:43:50.282 24975 25049 D cellinfo: 46 bytes from 44.241.174.93: icmp_seq=3376 ttl=26 time=67.3 ms
08-10 23:43:50.482 24975 25049 D cellinfo: 46 bytes from 44.241.174.93: icmp_seq=3377 ttl=26 time=65.0 ms
08-10 23:43:50.739 24975 25049 D cellinfo: 46 bytes from 44.241.174.93: icmp_seq=3378 ttl=26 time=121 ms
08-10 23:43:50.742 24975 24975 D cellinfo: Latitude is 39.7252805
08-10 23:43:50.742 24975 24975 D cellinfo: Longitude is -105.0281778
08-10 23:43:50.742 24975 24975 D cellinfo: Instantaneous GPS information: United States, 500 Hazel Ct, Denver, CO 80219, USA
08-10 23:43:50.742 24975 24975 D cellinfo: getCurrentLocation() result: Location (success): 39.7252805, -105.0281778
08-10 23:43:50.901 24975 25049 D cellinfo: 46 bytes from 44.241.174.93: icmp_seq=3379 ttl=26 time=83.0 ms
08-10 23:43:51.101 24975 25049 D cellinfo: 46 bytes from 44.241.174.93: icmp_seq=3380 ttl=26 time=82.8 ms
08-10 23:43:51.283 24975 25049 D cellinfo: 46 bytes from 44.241.174.93: icmp_seq=3381 ttl=26 time=65.6 ms
08-10 23:43:51.483 24975 25049 D cellinfo: 46 bytes from 44.241.174.93: icmp_seq=3382 ttl=26 time=65.0 ms
08-10 23:43:51.683 24975 25049 D cellinfo: 46 bytes from 44.241.174.93: icmp_seq=3383 ttl=26 time=64.3 ms
08-10 23:43:51.882 24975 25049 D cellinfo: 46 bytes from 44.241.174.93: icmp_seq=3384 ttl=26 time=62.4 ms
08-10 23:43:52.096 24975 25049 D cellinfo: 46 bytes from 44.241.174.93: icmp_seq=3385 ttl=26 time=74.2 ms
08-10 23:43:52.285 24975 25049 D cellinfo: 46 bytes from 44.241.174.93: icmp_seq=3386 ttl=26 time=63.6 ms
08-10 23:43:52.292 24975 24975 D cellinfo: onServiceStateChanged: Channel Number: 66586 Cell Bandwidths: [10000, 10000, 10000]
08-10 23:43:52.306 24975 24975 D cellinfo: onDisplayInfoChanged: NetworkType: LTE OverrideNetworkType: 5G (Sub-6 GHz)
08-10 23:43:52.487 24975 25049 D cellinfo: 46 bytes from 44.241.174.93: icmp_seq=3387 ttl=26 time=64.1 ms
08-10 23:43:52.563 24975 24975 D cellinfo: Latitude is 39.7252805
08-10 23:43:52.563 24975 24975 D cellinfo: Longitude is -105.0281778
08-10 23:43:52.563 24975 24975 D cellinfo: Instantaneous GPS information: United States, 500 Hazel Ct, Denver, CO 80219, USA
08-10 23:43:52.563 24975 24975 D cellinfo: getCurrentLocation() result: Location (success): 39.7252805, -105.0281778
08-10 23:43:52.601 24975 24975 D cellinfo: onCellInfoChanged: Operator: Verizon Wireless UpdateTimestamp: 31465902 CellConnectionStatus: 1
08-10 23:43:52.601 24975 24975 D cellinfo: onCellInfoChanged: LTE Cell Bands: [66, 66, 2] Bandwidth: 10000 Cell ID: 80460842 Physical Cell ID: 258 Tracking Area Code: 3589 EARFCN: 66586
08-10 23:43:52.687 24975 25049 D cellinfo: 46 bytes from 44.241.174.93: icmp_seq=3388 ttl=26 time=63.3 ms
08-10 23:43:52.895 24975 25049 D cellinfo: 46 bytes from 44.241.174.93: icmp_seq=3389 ttl=26 time=71.3 ms
08-10 23:43:53.098 24975 25049 D cellinfo: 46 bytes from 44.241.174.93: icmp_seq=3390 ttl=26 time=73.5 ms
08-10 23:43:53.200 24975 24975 D cellinfo: onsignalStrengthsChanged: LTE Signal Strength info: rsrp: -89 rsrq: -9 rssi: -73 rssnr: 0
08-10 23:43:53.414 24975 25049 D cellinfo: 46 bytes from 44.241.174.93: icmp_seq=3391 ttl=26 time=187 ms
08-10 23:43:53.495 24975 25049 D cellinfo: 46 bytes from 44.241.174.93: icmp_seq=3392 ttl=26 time=68.9 ms
08-10 23:43:53.705 24975 25049 D cellinfo: 46 bytes from 44.241.174.93: icmp_seq=3393 ttl=26 time=77.1 ms
08-10 23:43:53.904 24975 25049 D cellinfo: 46 bytes from 44.241.174.93: icmp_seq=3394 ttl=26 time=75.0 ms
08-10 23:43:54.105 24975 25049 D cellinfo: 46 bytes from 44.241.174.93: icmp_seq=3395 ttl=26 time=76.0 ms
08-10 23:43:54.320 24975 25049 D cellinfo: 46 bytes from 44.241.174.93: icmp_seq=3396 ttl=26 time=89.3 ms
08-10 23:43:54.495 24975 25049 D cellinfo: 46 bytes from 44.241.174.93: icmp_seq=3397 ttl=26 time=64.9 ms
08-10 23:43:54.704 24975 25049 D cellinfo: 46 bytes from 44.241.174.93: icmp_seq=3398 ttl=26 time=72.3 ms
08-10 23:43:54.911 24975 25049 D cellinfo: 46 bytes from 44.241.174.93: icmp_seq=3399 ttl=26 time=79.9 ms
08-10 23:43:55.112 24975 25049 D cellinfo: 46 bytes from 44.241.174.93: icmp_seq=3400 ttl=26 time=79.7 ms
08-10 23:43:55.303 24975 25049 D cellinfo: 46 bytes from 44.241.174.93: icmp_seq=3401 ttl=26 time=70.7 ms
08-10 23:43:55.496 24975 25049 D cellinfo: 46 bytes from 44.241.174.93: icmp_seq=3402 ttl=26 time=63.2 ms
08-10 23:43:55.709 24975 25049 D cellinfo: 46 bytes from 44.241.174.93: icmp_seq=3403 ttl=26 time=74.4 ms
08-10 23:43:55.907 24975 25049 D cellinfo: 46 bytes from 44.241.174.93: icmp_seq=3404 ttl=26 time=70.4 ms
08-10 23:43:55.962 24975 24975 D cellinfo: Latitude is 39.7252641
08-10 23:43:55.962 24975 24975 D cellinfo: Longitude is -105.0275668
08-10 23:43:55.962 24975 24975 D cellinfo: Instantaneous GPS information: United States, 500 Hazel Ct, Denver, CO 80219, USA
08-10 23:43:55.962 24975 24975 D cellinfo: getCurrentLocation() result: Location (success): 39.7252641, -105.0275668
08-10 23:43:55.966 24975 24975 D cellinfo: onCellInfoChanged: Operator: Verizon Wireless UpdateTimestamp: 31468910 CellConnectionStatus: 1
08-10 23:43:55.966 24975 24975 D cellinfo: onCellInfoChanged: LTE Cell Bands: [66, 66, 2] Bandwidth: 10000 Cell ID: 80460842 Physical Cell ID: 258 Tracking Area Code: 3589 EARFCN: 66586
08-10 23:43:56.113 24975 25049 D cellinfo: 46 bytes from 44.241.174.93: icmp_seq=3405 ttl=26 time=77.1 ms
08-10 23:43:56.305 24975 25049 D cellinfo: 46 bytes from 44.241.174.93: icmp_seq=3406 ttl=26 time=68.2 ms
08-10 23:43:56.505 24975 25049 D cellinfo: 46 bytes from 44.241.174.93: icmp_seq=3407 ttl=26 time=67.2 ms
08-10 23:43:56.716 24975 25049 D cellinfo: 46 bytes from 44.241.174.93: icmp_seq=3408 ttl=26 time=76.6 ms
08-10 23:43:56.906 24975 25049 D cellinfo: 46 bytes from 44.241.174.93: icmp_seq=3409 ttl=26 time=65.8 ms
08-10 23:43:57.125 24975 25049 D cellinfo: 46 bytes from 44.241.174.93: icmp_seq=3410 ttl=26 time=84.6 ms
08-10 23:43:57.203 24975 24975 D cellinfo: onsignalStrengthsChanged: LTE Signal Strength info: rsrp: -78 rsrq: -7 rssi: -61 rssnr: 1
08-10 23:43:57.308 24975 25049 D cellinfo: 46 bytes from 44.241.174.93: icmp_seq=3411 ttl=26 time=66.5 ms
08-10 23:43:57.509 24975 25049 D cellinfo: 46 bytes from 44.241.174.93: icmp_seq=3412 ttl=26 time=67.5 ms
08-10 23:43:57.705 24975 25049 D cellinfo: 46 bytes from 44.241.174.93: icmp_seq=3413 ttl=26 time=63.3 ms
08-10 23:43:57.926 24975 25049 D cellinfo: 46 bytes from 44.241.174.93: icmp_seq=3414 ttl=26 time=83.4 ms
08-10 23:43:58.127 24975 25049 D cellinfo: 46 bytes from 44.241.174.93: icmp_seq=3415 ttl=26 time=82.7 ms
08-10 23:43:58.316 24975 25049 D cellinfo: 46 bytes from 44.241.174.93: icmp_seq=3416 ttl=26 time=71.3 ms
08-10 23:43:58.518 24975 25049 D cellinfo: 46 bytes from 44.241.174.93: icmp_seq=3417 ttl=26 time=72.5 ms
08-10 23:43:58.726 24975 25049 D cellinfo: 46 bytes from 44.241.174.93: icmp_seq=3418 ttl=26 time=79.7 ms
08-10 23:43:58.925 24975 25049 D cellinfo: 46 bytes from 44.241.174.93: icmp_seq=3419 ttl=26 time=78.0 ms
08-10 23:43:58.978 24975 24975 D cellinfo: Latitude is 39.7252527
08-10 23:43:58.979 24975 24975 D cellinfo: Longitude is -105.0271405
08-10 23:43:58.979 24975 24975 D cellinfo: Instantaneous GPS information: United States, 500 Hazel Ct, Denver, CO 80219, USA
08-10 23:43:58.979 24975 24975 D cellinfo: getCurrentLocation() result: Location (success): 39.7252527, -105.0271405
08-10 23:43:58.983 24975 24975 D cellinfo: onCellInfoChanged: Operator: Verizon Wireless UpdateTimestamp: 31471903 CellConnectionStatus: 1
08-10 23:43:58.983 24975 24975 D cellinfo: onCellInfoChanged: LTE Cell Bands: [66, 66, 2] Bandwidth: 10000 Cell ID: 80460842 Physical Cell ID: 258 Tracking Area Code: 3589 EARFCN: 66586
08-10 23:43:59.106 24975 25049 D cellinfo: 46 bytes from 44.241.174.93: icmp_seq=3420 ttl=26 time=57.1 ms
08-10 23:43:59.329 24975 25049 D cellinfo: 46 bytes from 44.241.174.93: icmp_seq=3421 ttl=26 time=79.9 ms
08-10 23:43:59.521 24975 25049 D cellinfo: 46 bytes from 44.241.174.93: icmp_seq=3422 ttl=26 time=71.1 ms
08-10 23:43:59.718 24975 25049 D cellinfo: 46 bytes from 44.241.174.93: icmp_seq=3423 ttl=26 time=66.1 ms
08-10 23:43:59.917 24975 25049 D cellinfo: 46 bytes from 44.241.174.93: icmp_seq=3424 ttl=26 time=64.4 ms
08-10 23:44:00.153 24975 25049 D cellinfo: 46 bytes from 44.241.174.93: icmp_seq=3425 ttl=26 time=99.7 ms
08-10 23:44:00.334 24975 25049 D cellinfo: 46 bytes from 44.241.174.93: icmp_seq=3426 ttl=26 time=80.1 ms
08-10 23:44:00.525 24975 25049 D cellinfo: 46 bytes from 44.241.174.93: icmp_seq=3427 ttl=26 time=70.3 ms
08-10 23:44:00.734 24975 25049 D cellinfo: 46 bytes from 44.241.174.93: icmp_seq=3428 ttl=26 time=78.3 ms
08-10 23:44:00.941 24975 25049 D cellinfo: 46 bytes from 44.241.174.93: icmp_seq=3429 ttl=26 time=84.4 ms
08-10 23:44:01.160 24975 25049 D cellinfo: 46 bytes from 44.241.174.93: icmp_seq=3430 ttl=26 time=101 ms
08-10 23:44:01.201 24975 24975 D cellinfo: onsignalStrengthsChanged: LTE Signal Strength info: rsrp: -98 rsrq: -16 rssi: -73 rssnr: 0
08-10 23:44:01.333 24975 25049 D cellinfo: 46 bytes from 44.241.174.93: icmp_seq=3431 ttl=26 time=75.2 ms
08-10 23:44:01.533 24975 25049 D cellinfo: 46 bytes from 44.241.174.93: icmp_seq=3432 ttl=26 time=74.1 ms
08-10 23:44:01.736 24975 25049 D cellinfo: 46 bytes from 44.241.174.93: icmp_seq=3433 ttl=26 time=75.6 ms
08-10 23:44:01.928 24975 25049 D cellinfo: 46 bytes from 44.241.174.93: icmp_seq=3434 ttl=26 time=65.6 ms
08-10 23:44:02.032 24975 24975 D cellinfo: Latitude is 39.7252557
08-10 23:44:02.032 24975 24975 D cellinfo: Longitude is -105.027254
08-10 23:44:02.032 24975 24975 D cellinfo: Instantaneous GPS information: United States, 500 Hazel Ct, Denver, CO 80219, USA
08-10 23:44:02.032 24975 24975 D cellinfo: getCurrentLocation() result: Location (success): 39.7252557, -105.027254
08-10 23:44:02.036 24975 24975 D cellinfo: onCellInfoChanged: Operator: Verizon Wireless UpdateTimestamp: 31474899 CellConnectionStatus: 1
08-10 23:44:02.036 24975 24975 D cellinfo: onCellInfoChanged: LTE Cell Bands: [66, 66, 2] Bandwidth: 10000 Cell ID: 80460842 Physical Cell ID: 258 Tracking Area Code: 3589 EARFCN: 66586
08-10 23:44:02.125 24975 25049 D cellinfo: 46 bytes from 44.241.174.93: icmp_seq=3435 ttl=26 time=62.9 ms
08-10 23:44:02.325 24975 25049 D cellinfo: 46 bytes from 44.241.174.93: icmp_seq=3436 ttl=26 time=62.1 ms
08-10 23:44:02.543 24975 25049 D cellinfo: 46 bytes from 44.241.174.93: icmp_seq=3437 ttl=26 time=79.5 ms
08-10 23:44:02.737 24975 25049 D cellinfo: 46 bytes from 44.241.174.93: icmp_seq=3438 ttl=26 time=71.2 ms
08-10 23:44:02.939 24975 25049 D cellinfo: 46 bytes from 44.241.174.93: icmp_seq=3439 ttl=26 time=71.4 ms
08-10 23:44:03.153 24975 25049 D cellinfo: 46 bytes from 44.241.174.93: icmp_seq=3440 ttl=26 time=85.2 ms
08-10 23:44:03.339 24975 25049 D cellinfo: 46 bytes from 44.241.174.93: icmp_seq=3441 ttl=26 time=71.2 ms
08-10 23:44:03.554 24975 25049 D cellinfo: 46 bytes from 44.241.174.93: icmp_seq=3442 ttl=26 time=84.5 ms
08-10 23:44:03.789 24975 25049 D cellinfo: 46 bytes from 44.241.174.93: icmp_seq=3443 ttl=26 time=118 ms
08-10 23:44:03.820 24975 24975 D cellinfo: onServiceStateChanged: Channel Number: 66586 Cell Bandwidths: [10000, 10000, 10000, 10000]
08-10 23:44:03.869 24975 24975 D cellinfo: onServiceStateChanged: Channel Number: 66586 Cell Bandwidths: [10000, 10000, 10000, 10000]
08-10 23:44:03.934 24975 25049 D cellinfo: 46 bytes from 44.241.174.93: icmp_seq=3444 ttl=26 time=64.1 ms
08-10 23:44:04.135 24975 25049 D cellinfo: 46 bytes from 44.241.174.93: icmp_seq=3445 ttl=26 time=63.4 ms
08-10 23:44:04.338 24975 25049 D cellinfo: 46 bytes from 44.241.174.93: icmp_seq=3446 ttl=26 time=66.2 ms
08-10 23:44:04.536 24975 25049 D cellinfo: 46 bytes from 44.241.174.93: icmp_seq=3447 ttl=26 time=63.7 ms
08-10 23:44:04.604 24975 24975 D cellinfo: onCellInfoChanged: Operator: Verizon Wireless UpdateTimestamp: 31477906 CellConnectionStatus: 1
08-10 23:44:04.604 24975 24975 D cellinfo: onCellInfoChanged: LTE Cell Bands: [66, 66, 5, 2] Bandwidth: 10000 Cell ID: 80504844 Physical Cell ID: 228 Tracking Area Code: 3589 EARFCN: 66586
08-10 23:44:04.730 24975 25049 D cellinfo: 46 bytes from 44.241.174.93: icmp_seq=3448 ttl=26 time=58.3 ms
08-10 23:44:04.803 24975 24975 D cellinfo: onsignalStrengthsChanged: LTE Signal Strength info: rsrp: -89 rsrq: -13 rssi: -69 rssnr: 5
08-10 23:44:04.947 24975 25049 D cellinfo: 46 bytes from 44.241.174.93: icmp_seq=3449 ttl=26 time=74.3 ms
08-10 23:44:05.163 24975 25049 D cellinfo: 46 bytes from 44.241.174.93: icmp_seq=3450 ttl=26 time=89.3 ms
08-10 23:44:05.344 24975 25049 D cellinfo: 46 bytes from 44.241.174.93: icmp_seq=3451 ttl=26 time=68.7 ms
08-10 23:44:05.536 24975 25049 D cellinfo: 46 bytes from 44.241.174.93: icmp_seq=3452 ttl=26 time=59.7 ms
08-10 23:44:05.635 24975 24975 D cellinfo: Latitude is 39.7251953
08-10 23:44:05.635 24975 24975 D cellinfo: Longitude is -105.0254682
08-10 23:44:05.636 24975 24975 D cellinfo: Instantaneous GPS information: United States, 61 Weir Gulch Trail, Denver, CO 80204, USA
08-10 23:44:05.636 24975 24975 D cellinfo: getCurrentLocation() result: Location (success): 39.7251953, -105.0254682
08-10 23:44:05.746 24975 25049 D cellinfo: 46 bytes from 44.241.174.93: icmp_seq=3453 ttl=26 time=68.2 ms
08-10 23:44:05.946 24975 25049 D cellinfo: 46 bytes from 44.241.174.93: icmp_seq=3454 ttl=26 time=68.1 ms
08-10 23:44:06.145 24975 25049 D cellinfo: 46 bytes from 44.241.174.93: icmp_seq=3455 ttl=26 time=66.3 ms
08-10 23:44:06.347 24975 25049 D cellinfo: 46 bytes from 44.241.174.93: icmp_seq=3456 ttl=26 time=66.5 ms
08-10 23:44:06.546 24975 25049 D cellinfo: 46 bytes from 44.241.174.93: icmp_seq=3457 ttl=26 time=66.0 ms
08-10 23:44:06.746 24975 25049 D cellinfo: 46 bytes from 44.241.174.93: icmp_seq=3458 ttl=26 time=64.4 ms
08-10 23:44:06.945 24975 25049 D cellinfo: 46 bytes from 44.241.174.93: icmp_seq=3459 ttl=26 time=63.0 ms
08-10 23:44:07.146 24975 25049 D cellinfo: 46 bytes from 44.241.174.93: icmp_seq=3460 ttl=26 time=63.3 ms
08-10 23:44:07.355 24975 25049 D cellinfo: 46 bytes from 44.241.174.93: icmp_seq=3461 ttl=26 time=72.1 ms
08-10 23:44:07.556 24975 25049 D cellinfo: 46 bytes from 44.241.174.93: icmp_seq=3462 ttl=26 time=71.5 ms
08-10 23:44:07.570 24975 24975 D cellinfo: Latitude is 39.7251953
08-10 23:44:07.570 24975 24975 D cellinfo: Longitude is -105.0254682
08-10 23:44:07.570 24975 24975 D cellinfo: Instantaneous GPS information: United States, 61 Weir Gulch Trail, Denver, CO 80204, USA
08-10 23:44:07.570 24975 24975 D cellinfo: getCurrentLocation() result: Location (success): 39.7251953, -105.0254682
08-10 23:44:07.620 24975 24975 D cellinfo: onCellInfoChanged: Operator: Verizon Wireless UpdateTimestamp: 31480920 CellConnectionStatus: 1
08-10 23:44:07.620 24975 24975 D cellinfo: onCellInfoChanged: LTE Cell Bands: [66, 66, 5, 2] Bandwidth: 10000 Cell ID: 80504844 Physical Cell ID: 228 Tracking Area Code: 3589 EARFCN: 66586
08-10 23:44:07.755 24975 25049 D cellinfo: 46 bytes from 44.241.174.93: icmp_seq=3463 ttl=26 time=70.1 ms
08-10 23:44:07.955 24975 25049 D cellinfo: 46 bytes from 44.241.174.93: icmp_seq=3464 ttl=26 time=69.9 ms
08-10 23:44:08.155 24975 25049 D cellinfo: 46 bytes from 44.241.174.93: icmp_seq=3465 ttl=26 time=69.1 ms
08-10 23:44:08.356 24975 25049 D cellinfo: 46 bytes from 44.241.174.93: icmp_seq=3466 ttl=26 time=69.5 ms
08-10 23:44:08.555 24975 25049 D cellinfo: 46 bytes from 44.241.174.93: icmp_seq=3467 ttl=26 time=67.1 ms
08-10 23:44:08.756 24975 25049 D cellinfo: 46 bytes from 44.241.174.93: icmp_seq=3468 ttl=26 time=66.0 ms
08-10 23:44:08.805 24975 24975 D cellinfo: onsignalStrengthsChanged: LTE Signal Strength info: rsrp: -90 rsrq: -13 rssi: -69 rssnr: 2
08-10 23:44:08.955 24975 25049 D cellinfo: 46 bytes from 44.241.174.93: icmp_seq=3469 ttl=26 time=64.9 ms
08-10 23:44:09.156 24975 25049 D cellinfo: 46 bytes from 44.241.174.93: icmp_seq=3470 ttl=26 time=64.3 ms
08-10 23:44:09.363 24975 25049 D cellinfo: 46 bytes from 44.241.174.93: icmp_seq=3471 ttl=26 time=71.2 ms
08-10 23:44:09.565 24975 25049 D cellinfo: 46 bytes from 44.241.174.93: icmp_seq=3472 ttl=26 time=72.6 ms
08-10 23:44:09.764 24975 25049 D cellinfo: 46 bytes from 44.241.174.93: icmp_seq=3473 ttl=26 time=70.1 ms
08-10 23:44:09.966 24975 25049 D cellinfo: 46 bytes from 44.241.174.93: icmp_seq=3474 ttl=26 time=70.6 ms
08-10 23:44:10.165 24975 25049 D cellinfo: 46 bytes from 44.241.174.93: icmp_seq=3475 ttl=26 time=70.0 ms
08-10 23:44:10.366 24975 25049 D cellinfo: 46 bytes from 44.241.174.93: icmp_seq=3476 ttl=26 time=69.3 ms
08-10 23:44:10.567 24975 25049 D cellinfo: 46 bytes from 44.241.174.93: icmp_seq=3477 ttl=26 time=69.9 ms
08-10 23:44:10.766 24975 25049 D cellinfo: 46 bytes from 44.241.174.93: icmp_seq=3478 ttl=26 time=68.3 ms
08-10 23:44:10.947 24975 24975 D cellinfo: Latitude is 39.7251913
08-10 23:44:10.947 24975 24975 D cellinfo: Longitude is -105.0253667
08-10 23:44:10.947 24975 24975 D cellinfo: Instantaneous GPS information: United States, 61 Weir Gulch Trail, Denver, CO 80204, USA
08-10 23:44:10.947 24975 24975 D cellinfo: getCurrentLocation() result: Location (success): 39.7251913, -105.0253667
08-10 23:44:10.950 24975 24975 D cellinfo: onCellInfoChanged: Operator: Verizon Wireless UpdateTimestamp: 31483905 CellConnectionStatus: 1
08-10 23:44:10.950 24975 24975 D cellinfo: onCellInfoChanged: LTE Cell Bands: [66, 66, 5, 2] Bandwidth: 10000 Cell ID: 80504844 Physical Cell ID: 228 Tracking Area Code: 3589 EARFCN: 66586
08-10 23:44:10.966 24975 25049 D cellinfo: 46 bytes from 44.241.174.93: icmp_seq=3479 ttl=26 time=66.7 ms
08-10 23:44:11.168 24975 25049 D cellinfo: 46 bytes from 44.241.174.93: icmp_seq=3480 ttl=26 time=68.6 ms
08-10 23:44:11.367 24975 25049 D cellinfo: 46 bytes from 44.241.174.93: icmp_seq=3481 ttl=26 time=67.4 ms
08-10 23:44:11.566 24975 25049 D cellinfo: 46 bytes from 44.241.174.93: icmp_seq=3482 ttl=26 time=64.4 ms
08-10 23:44:11.766 24975 25049 D cellinfo: 46 bytes from 44.241.174.93: icmp_seq=3483 ttl=26 time=63.0 ms
08-10 23:44:11.976 24975 25049 D cellinfo: 46 bytes from 44.241.174.93: icmp_seq=3484 ttl=26 time=72.3 ms
08-10 23:44:12.176 24975 25049 D cellinfo: 46 bytes from 44.241.174.93: icmp_seq=3485 ttl=26 time=71.2 ms
08-10 23:44:12.376 24975 25049 D cellinfo: 46 bytes from 44.241.174.93: icmp_seq=3486 ttl=26 time=70.5 ms
08-10 23:44:12.576 24975 25049 D cellinfo: 46 bytes from 44.241.174.93: icmp_seq=3487 ttl=26 time=69.7 ms
08-10 23:44:12.776 24975 25049 D cellinfo: 46 bytes from 44.241.174.93: icmp_seq=3488 ttl=26 time=69.1 ms
08-10 23:44:12.977 24975 25049 D cellinfo: 46 bytes from 44.241.174.93: icmp_seq=3489 ttl=26 time=67.7 ms
08-10 23:44:13.183 24975 25049 D cellinfo: 46 bytes from 44.241.174.93: icmp_seq=3490 ttl=26 time=73.3 ms
08-10 23:44:13.375 24975 25049 D cellinfo: 46 bytes from 44.241.174.93: icmp_seq=3491 ttl=26 time=64.5 ms
08-10 23:44:13.576 24975 25049 D cellinfo: 46 bytes from 44.241.174.93: icmp_seq=3492 ttl=26 time=64.8 ms
08-10 23:44:13.788 24975 25049 D cellinfo: 46 bytes from 44.241.174.93: icmp_seq=3493 ttl=26 time=75.2 ms
08-10 23:44:13.934 24975 24975 D cellinfo: Latitude is 39.7251884
08-10 23:44:13.934 24975 24975 D cellinfo: Longitude is -105.025294
08-10 23:44:13.934 24975 24975 D cellinfo: Instantaneous GPS information: United States, 61 Weir Gulch Trail, Denver, CO 80204, USA
08-10 23:44:13.934 24975 24975 D cellinfo: getCurrentLocation() result: Location (success): 39.7251884, -105.025294
08-10 23:44:13.939 24975 24975 D cellinfo: onCellInfoChanged: Operator: Verizon Wireless UpdateTimestamp: 31486915 CellConnectionStatus: 1
08-10 23:44:13.939 24975 24975 D cellinfo: onCellInfoChanged: LTE Cell Bands: [66, 66, 5, 2] Bandwidth: 10000 Cell ID: 80504844 Physical Cell ID: 228 Tracking Area Code: 3589 EARFCN: 66586
08-10 23:44:13.980 24975 25049 D cellinfo: 46 bytes from 44.241.174.93: icmp_seq=3494 ttl=26 time=67.3 ms
08-10 23:44:14.186 24975 25049 D cellinfo: 46 bytes from 44.241.174.93: icmp_seq=3495 ttl=26 time=72.2 ms
08-10 23:44:14.385 24975 25049 D cellinfo: 46 bytes from 44.241.174.93: icmp_seq=3496 ttl=26 time=70.8 ms
08-10 23:44:14.586 24975 25049 D cellinfo: 46 bytes from 44.241.174.93: icmp_seq=3497 ttl=26 time=70.5 ms
08-10 23:44:14.794 24975 25049 D cellinfo: 46 bytes from 44.241.174.93: icmp_seq=3498 ttl=26 time=77.0 ms
08-10 23:44:14.988 24975 25049 D cellinfo: 46 bytes from 44.241.174.93: icmp_seq=3499 ttl=26 time=69.4 ms
08-10 23:44:15.190 24975 25049 D cellinfo: 46 bytes from 44.241.174.93: icmp_seq=3500 ttl=26 time=70.3 ms
08-10 23:44:15.386 24975 25049 D cellinfo: 46 bytes from 44.241.174.93: icmp_seq=3501 ttl=26 time=66.1 ms
08-10 23:44:15.587 24975 25049 D cellinfo: 46 bytes from 44.241.174.93: icmp_seq=3502 ttl=26 time=65.0 ms
08-10 23:44:15.786 24975 25049 D cellinfo: 46 bytes from 44.241.174.93: icmp_seq=3503 ttl=26 time=63.4 ms
08-10 23:44:15.996 24975 25049 D cellinfo: 46 bytes from 44.241.174.93: icmp_seq=3504 ttl=26 time=73.2 ms
08-10 23:44:16.197 24975 25049 D cellinfo: 46 bytes from 44.241.174.93: icmp_seq=3505 ttl=26 time=73.1 ms
08-10 23:44:16.406 24975 25049 D cellinfo: 46 bytes from 44.241.174.93: icmp_seq=3506 ttl=26 time=81.0 ms
08-10 23:44:16.570 24975 24975 D cellinfo: Latitude is 39.7251889
08-10 23:44:16.570 24975 24975 D cellinfo: Longitude is -105.0253039
08-10 23:44:16.570 24975 24975 D cellinfo: Instantaneous GPS information: United States, 61 Weir Gulch Trail, Denver, CO 80204, USA
08-10 23:44:16.570 24975 24975 D cellinfo: getCurrentLocation() result: Location (success): 39.7251889, -105.0253039
08-10 23:44:16.599 24975 25049 D cellinfo: 46 bytes from 44.241.174.93: icmp_seq=3507 ttl=26 time=70.6 ms
08-10 23:44:16.621 24975 24975 D cellinfo: onCellInfoChanged: Operator: Verizon Wireless UpdateTimestamp: 31489922 CellConnectionStatus: 1
08-10 23:44:16.621 24975 24975 D cellinfo: onCellInfoChanged: LTE Cell Bands: [66, 66, 5, 2] Bandwidth: 10000 Cell ID: 80504844 Physical Cell ID: 228 Tracking Area Code: 3589 EARFCN: 66586
08-10 23:44:16.797 24975 25049 D cellinfo: 46 bytes from 44.241.174.93: icmp_seq=3508 ttl=26 time=70.7 ms
08-10 23:44:16.996 24975 25049 D cellinfo: 46 bytes from 44.241.174.93: icmp_seq=3509 ttl=26 time=68.4 ms
08-10 23:44:17.200 24975 25049 D cellinfo: 46 bytes from 44.241.174.93: icmp_seq=3510 ttl=26 time=71.3 ms
08-10 23:44:17.397 24975 25049 D cellinfo: 46 bytes from 44.241.174.93: icmp_seq=3511 ttl=26 time=68.0 ms
08-10 23:44:17.596 24975 25049 D cellinfo: 46 bytes from 44.241.174.93: icmp_seq=3512 ttl=26 time=65.4 ms
08-10 23:44:17.796 24975 25049 D cellinfo: 46 bytes from 44.241.174.93: icmp_seq=3513 ttl=26 time=65.2 ms
08-10 23:44:17.998 24975 25049 D cellinfo: 46 bytes from 44.241.174.93: icmp_seq=3514 ttl=26 time=66.3 ms
08-10 23:44:18.200 24975 25049 D cellinfo: 46 bytes from 44.241.174.93: icmp_seq=3515 ttl=26 time=67.9 ms
08-10 23:44:18.407 24975 25049 D cellinfo: 46 bytes from 44.241.174.93: icmp_seq=3516 ttl=26 time=74.0 ms
08-10 23:44:18.607 24975 25049 D cellinfo: 46 bytes from 44.241.174.93: icmp_seq=3517 ttl=26 time=72.0 ms
08-10 23:44:18.806 24975 25049 D cellinfo: 46 bytes from 44.241.174.93: icmp_seq=3518 ttl=26 time=70.7 ms
08-10 23:44:19.006 24975 25049 D cellinfo: 46 bytes from 44.241.174.93: icmp_seq=3519 ttl=26 time=70.0 ms
08-10 23:44:19.213 24975 25049 D cellinfo: 46 bytes from 44.241.174.93: icmp_seq=3520 ttl=26 time=77.1 ms
08-10 23:44:19.406 24975 25049 D cellinfo: 46 bytes from 44.241.174.93: icmp_seq=3521 ttl=26 time=69.1 ms
08-10 23:44:19.605 24975 24975 D cellinfo: onCellInfoChanged: Operator: Verizon Wireless UpdateTimestamp: 31492906 CellConnectionStatus: 1
08-10 23:44:19.605 24975 24975 D cellinfo: onCellInfoChanged: LTE Cell Bands: [66, 66, 5, 2] Bandwidth: 10000 Cell ID: 80504844 Physical Cell ID: 228 Tracking Area Code: 3589 EARFCN: 66586
08-10 23:44:19.605 24975 25049 D cellinfo: 46 bytes from 44.241.174.93: icmp_seq=3522 ttl=26 time=66.9 ms
08-10 23:44:19.806 24975 25049 D cellinfo: 46 bytes from 44.241.174.93: icmp_seq=3523 ttl=26 time=67.8 ms
08-10 23:44:20.007 24975 25049 D cellinfo: 46 bytes from 44.241.174.93: icmp_seq=3524 ttl=26 time=68.3 ms
08-10 23:44:20.206 24975 25049 D cellinfo: 46 bytes from 44.241.174.93: icmp_seq=3525 ttl=26 time=67.4 ms
08-10 23:44:20.260 24975 24975 D cellinfo: Latitude is 39.7251905
08-10 23:44:20.260 24975 24975 D cellinfo: Longitude is -105.0254405
08-10 23:44:20.260 24975 24975 D cellinfo: Instantaneous GPS information: United States, 61 Weir Gulch Trail, Denver, CO 80204, USA
08-10 23:44:20.260 24975 24975 D cellinfo: getCurrentLocation() result: Location (success): 39.7251905, -105.0254405
08-10 23:44:20.405 24975 25049 D cellinfo: 46 bytes from 44.241.174.93: icmp_seq=3526 ttl=26 time=66.1 ms
08-10 23:44:20.605 24975 25049 D cellinfo: 46 bytes from 44.241.174.93: icmp_seq=3527 ttl=26 time=65.3 ms
08-10 23:44:20.807 24975 25049 D cellinfo: 46 bytes from 44.241.174.93: icmp_seq=3528 ttl=26 time=65.6 ms
08-10 23:44:21.006 24975 25049 D cellinfo: 46 bytes from 44.241.174.93: icmp_seq=3529 ttl=26 time=64.1 ms
08-10 23:44:21.221 24975 25049 D cellinfo: 46 bytes from 44.241.174.93: icmp_seq=3530 ttl=26 time=79.6 ms
08-10 23:44:21.406 24975 25049 D cellinfo: 46 bytes from 44.241.174.93: icmp_seq=3531 ttl=26 time=63.7 ms
08-10 23:44:21.616 24975 25049 D cellinfo: 46 bytes from 44.241.174.93: icmp_seq=3532 ttl=26 time=72.6 ms
08-10 23:44:21.816 24975 25049 D cellinfo: 46 bytes from 44.241.174.93: icmp_seq=3533 ttl=26 time=72.0 ms
08-10 23:44:22.016 24975 25049 D cellinfo: 46 bytes from 44.241.174.93: icmp_seq=3534 ttl=26 time=71.1 ms
08-10 23:44:22.222 24975 25049 D cellinfo: 46 bytes from 44.241.174.93: icmp_seq=3535 ttl=26 time=77.0 ms
08-10 23:44:22.416 24975 25049 D cellinfo: 46 bytes from 44.241.174.93: icmp_seq=3536 ttl=26 time=69.9 ms
08-10 23:44:22.575 24975 24975 D cellinfo: Latitude is 39.7251905
08-10 23:44:22.575 24975 24975 D cellinfo: Longitude is -105.0254405
08-10 23:44:22.575 24975 24975 D cellinfo: Instantaneous GPS information: United States, 61 Weir Gulch Trail, Denver, CO 80204, USA
08-10 23:44:22.575 24975 24975 D cellinfo: getCurrentLocation() result: Location (success): 39.7251905, -105.0254405
08-10 23:44:22.619 24975 24975 D cellinfo: onCellInfoChanged: Operator: Verizon Wireless UpdateTimestamp: 31495920 CellConnectionStatus: 1
08-10 23:44:22.619 24975 24975 D cellinfo: onCellInfoChanged: LTE Cell Bands: [66, 66, 5, 2] Bandwidth: 10000 Cell ID: 80504844 Physical Cell ID: 228 Tracking Area Code: 3589 EARFCN: 66586
08-10 23:44:22.620 24975 25049 D cellinfo: 46 bytes from 44.241.174.93: icmp_seq=3537 ttl=26 time=72.9 ms
08-10 23:44:22.816 24975 25049 D cellinfo: 46 bytes from 44.241.174.93: icmp_seq=3538 ttl=26 time=68.2 ms
08-10 23:44:23.016 24975 25049 D cellinfo: 46 bytes from 44.241.174.93: icmp_seq=3539 ttl=26 time=67.0 ms
08-10 23:44:23.229 24975 25049 D cellinfo: 46 bytes from 44.241.174.93: icmp_seq=3540 ttl=26 time=80.5 ms
08-10 23:44:23.416 24975 25049 D cellinfo: 46 bytes from 44.241.174.93: icmp_seq=3541 ttl=26 time=65.8 ms
08-10 23:44:23.616 24975 25049 D cellinfo: 46 bytes from 44.241.174.93: icmp_seq=3542 ttl=26 time=65.1 ms
08-10 23:44:23.817 24975 25049 D cellinfo: 46 bytes from 44.241.174.93: icmp_seq=3543 ttl=26 time=65.4 ms
08-10 23:44:24.016 24975 25049 D cellinfo: 46 bytes from 44.241.174.93: icmp_seq=3544 ttl=26 time=64.0 ms
08-10 23:44:24.232 24975 25049 D cellinfo: 46 bytes from 44.241.174.93: icmp_seq=3545 ttl=26 time=80.2 ms
08-10 23:44:24.416 24975 25049 D cellinfo: 46 bytes from 44.241.174.93: icmp_seq=3546 ttl=26 time=63.1 ms
08-10 23:44:24.626 24975 25049 D cellinfo: 46 bytes from 44.241.174.93: icmp_seq=3547 ttl=26 time=71.9 ms
08-10 23:44:24.826 24975 25049 D cellinfo: 46 bytes from 44.241.174.93: icmp_seq=3548 ttl=26 time=70.9 ms
08-10 23:44:25.026 24975 25049 D cellinfo: 46 bytes from 44.241.174.93: icmp_seq=3549 ttl=26 time=70.0 ms
08-10 23:44:25.238 24975 25049 D cellinfo: 46 bytes from 44.241.174.93: icmp_seq=3550 ttl=26 time=82.2 ms
08-10 23:44:25.428 24975 25049 D cellinfo: 46 bytes from 44.241.174.93: icmp_seq=3551 ttl=26 time=68.3 ms
08-10 23:44:25.569 24975 24975 D cellinfo: Latitude is 39.7251905
08-10 23:44:25.569 24975 24975 D cellinfo: Longitude is -105.0254407
08-10 23:44:25.569 24975 24975 D cellinfo: Instantaneous GPS information: United States, 61 Weir Gulch Trail, Denver, CO 80204, USA
08-10 23:44:25.569 24975 24975 D cellinfo: getCurrentLocation() result: Location (success): 39.7251905, -105.0254407
08-10 23:44:25.611 24975 24975 D cellinfo: onCellInfoChanged: Operator: Verizon Wireless UpdateTimestamp: 31498913 CellConnectionStatus: 1
08-10 23:44:25.611 24975 24975 D cellinfo: onCellInfoChanged: LTE Cell Bands: [66, 66, 5, 2] Bandwidth: 10000 Cell ID: 80504844 Physical Cell ID: 228 Tracking Area Code: 3589 EARFCN: 66586
08-10 23:44:25.626 24975 25049 D cellinfo: 46 bytes from 44.241.174.93: icmp_seq=3552 ttl=26 time=68.6 ms
08-10 23:44:25.826 24975 25049 D cellinfo: 46 bytes from 44.241.174.93: icmp_seq=3553 ttl=26 time=68.4 ms
08-10 23:44:26.027 24975 25049 D cellinfo: 46 bytes from 44.241.174.93: icmp_seq=3554 ttl=26 time=68.1 ms
08-10 23:44:26.240 24975 25049 D cellinfo: 46 bytes from 44.241.174.93: icmp_seq=3555 ttl=26 time=81.3 ms
08-10 23:44:26.428 24975 25049 D cellinfo: 46 bytes from 44.241.174.93: icmp_seq=3556 ttl=26 time=68.2 ms
08-10 23:44:26.630 24975 25049 D cellinfo: 46 bytes from 44.241.174.93: icmp_seq=3557 ttl=26 time=69.3 ms
08-10 23:44:26.826 24975 25049 D cellinfo: 46 bytes from 44.241.174.93: icmp_seq=3558 ttl=26 time=64.3 ms
08-10 23:44:27.026 24975 25049 D cellinfo: 46 bytes from 44.241.174.93: icmp_seq=3559 ttl=26 time=62.0 ms
08-10 23:44:27.252 24975 25049 D cellinfo: 46 bytes from 44.241.174.93: icmp_seq=3560 ttl=26 time=88.9 ms
08-10 23:44:27.436 24975 25049 D cellinfo: 46 bytes from 44.241.174.93: icmp_seq=3561 ttl=26 time=71.8 ms
08-10 23:44:27.638 24975 25049 D cellinfo: 46 bytes from 44.241.174.93: icmp_seq=3562 ttl=26 time=73.3 ms
08-10 23:44:27.803 24975 24975 D cellinfo: onsignalStrengthsChanged: LTE Signal Strength info: rsrp: -90 rsrq: -13 rssi: -69 rssnr: 6
08-10 23:44:27.848 24975 25049 D cellinfo: 46 bytes from 44.241.174.93: icmp_seq=3563 ttl=26 time=81.9 ms
08-10 23:44:28.037 24975 25049 D cellinfo: 46 bytes from 44.241.174.93: icmp_seq=3564 ttl=26 time=70.4 ms
08-10 23:44:28.235 24975 25049 D cellinfo: 46 bytes from 44.241.174.93: icmp_seq=3565 ttl=26 time=68.4 ms
08-10 23:44:28.436 24975 25049 D cellinfo: 46 bytes from 44.241.174.93: icmp_seq=3566 ttl=26 time=68.0 ms
08-10 23:44:28.565 24975 24975 D cellinfo: Latitude is 39.7251905
08-10 23:44:28.565 24975 24975 D cellinfo: Longitude is -105.0254409
08-10 23:44:28.565 24975 24975 D cellinfo: Instantaneous GPS information: United States, 61 Weir Gulch Trail, Denver, CO 80204, USA
08-10 23:44:28.565 24975 24975 D cellinfo: getCurrentLocation() result: Location (success): 39.7251905, -105.0254409
08-10 23:44:28.612 24975 24975 D cellinfo: onCellInfoChanged: Operator: Verizon Wireless UpdateTimestamp: 31501912 CellConnectionStatus: 1
08-10 23:44:28.612 24975 24975 D cellinfo: onCellInfoChanged: LTE Cell Bands: [66, 66, 5, 2] Bandwidth: 10000 Cell ID: 80504844 Physical Cell ID: 228 Tracking Area Code: 3589 EARFCN: 66586
08-10 23:44:28.650 24975 25049 D cellinfo: 46 bytes from 44.241.174.93: icmp_seq=3567 ttl=26 time=81.7 ms
08-10 23:44:28.836 24975 25049 D cellinfo: 46 bytes from 44.241.174.93: icmp_seq=3568 ttl=26 time=66.5 ms
08-10 23:44:29.036 24975 25049 D cellinfo: 46 bytes from 44.241.174.93: icmp_seq=3569 ttl=26 time=65.4 ms
08-10 23:44:29.259 24975 25049 D cellinfo: 46 bytes from 44.241.174.93: icmp_seq=3570 ttl=26 time=88.1 ms
08-10 23:44:29.436 24975 25049 D cellinfo: 46 bytes from 44.241.174.93: icmp_seq=3571 ttl=26 time=64.7 ms
08-10 23:44:29.636 24975 25049 D cellinfo: 46 bytes from 44.241.174.93: icmp_seq=3572 ttl=26 time=64.0 ms
08-10 23:44:29.849 24975 25049 D cellinfo: 46 bytes from 44.241.174.93: icmp_seq=3573 ttl=26 time=75.9 ms
08-10 23:44:30.049 24975 25049 D cellinfo: 46 bytes from 44.241.174.93: icmp_seq=3574 ttl=26 time=75.1 ms
08-10 23:44:30.248 24975 25049 D cellinfo: 46 bytes from 44.241.174.93: icmp_seq=3575 ttl=26 time=74.6 ms
08-10 23:44:30.446 24975 25049 D cellinfo: 46 bytes from 44.241.174.93: icmp_seq=3576 ttl=26 time=71.2 ms
08-10 23:44:30.646 24975 25049 D cellinfo: 46 bytes from 44.241.174.93: icmp_seq=3577 ttl=26 time=70.2 ms
08-10 23:44:30.856 24975 25049 D cellinfo: 46 bytes from 44.241.174.93: icmp_seq=3578 ttl=26 time=79.3 ms
08-10 23:44:31.047 24975 25049 D cellinfo: 46 bytes from 44.241.174.93: icmp_seq=3579 ttl=26 time=69.2 ms
08-10 23:44:31.246 24975 25049 D cellinfo: 46 bytes from 44.241.174.93: icmp_seq=3580 ttl=26 time=68.2 ms
08-10 23:44:31.446 24975 25049 D cellinfo: 46 bytes from 44.241.174.93: icmp_seq=3581 ttl=26 time=67.0 ms
08-10 23:44:31.571 24975 24975 D cellinfo: Latitude is 39.7251905
08-10 23:44:31.571 24975 24975 D cellinfo: Longitude is -105.0254412
08-10 23:44:31.571 24975 24975 D cellinfo: Instantaneous GPS information: United States, 61 Weir Gulch Trail, Denver, CO 80204, USA
08-10 23:44:31.571 24975 24975 D cellinfo: getCurrentLocation() result: Location (success): 39.7251905, -105.0254412
08-10 23:44:31.622 24975 24975 D cellinfo: onCellInfoChanged: Operator: Verizon Wireless UpdateTimestamp: 31504923 CellConnectionStatus: 1
08-10 23:44:31.622 24975 24975 D cellinfo: onCellInfoChanged: LTE Cell Bands: [66, 66, 5, 2] Bandwidth: 10000 Cell ID: 80504844 Physical Cell ID: 228 Tracking Area Code: 3589 EARFCN: 66586
08-10 23:44:31.666 24975 25049 D cellinfo: 46 bytes from 44.241.174.93: icmp_seq=3582 ttl=26 time=86.0 ms
08-10 23:44:31.803 24975 24975 D cellinfo: onsignalStrengthsChanged: LTE Signal Strength info: rsrp: -82 rsrq: -14 rssi: -61 rssnr: 4
08-10 23:44:31.854 24975 25049 D cellinfo: 46 bytes from 44.241.174.93: icmp_seq=3583 ttl=26 time=72.9 ms
08-10 23:44:32.046 24975 25049 D cellinfo: 46 bytes from 44.241.174.93: icmp_seq=3584 ttl=26 time=64.0 ms
08-10 23:44:32.246 24975 25049 D cellinfo: 46 bytes from 44.241.174.93: icmp_seq=3585 ttl=26 time=63.9 ms
08-10 23:44:32.456 24975 25049 D cellinfo: 46 bytes from 44.241.174.93: icmp_seq=3586 ttl=26 time=73.0 ms
08-10 23:44:32.656 24975 25049 D cellinfo: 46 bytes from 44.241.174.93: icmp_seq=3587 ttl=26 time=72.2 ms
08-10 23:44:32.857 24975 25049 D cellinfo: 46 bytes from 44.241.174.93: icmp_seq=3588 ttl=26 time=72.1 ms
08-10 23:44:33.057 24975 25049 D cellinfo: 46 bytes from 44.241.174.93: icmp_seq=3589 ttl=26 time=71.3 ms
08-10 23:44:33.257 24975 25049 D cellinfo: 46 bytes from 44.241.174.93: icmp_seq=3590 ttl=26 time=71.0 ms
08-10 23:44:33.457 24975 25049 D cellinfo: 46 bytes from 44.241.174.93: icmp_seq=3591 ttl=26 time=70.3 ms
08-10 23:44:33.656 24975 25049 D cellinfo: 46 bytes from 44.241.174.93: icmp_seq=3592 ttl=26 time=68.3 ms
08-10 23:44:33.857 24975 25049 D cellinfo: 46 bytes from 44.241.174.93: icmp_seq=3593 ttl=26 time=67.5 ms
