08-10 23:22:47.962 16947 16947 D cellinfo: Instantaneous GPS information: United States, 15199 I-25, Broomfield, CO 80023, USA
08-10 23:22:47.962 16947 16947 D cellinfo: getCurrentLocation() result: Location (success): 39.9730483, -104.988167
08-10 23:22:47.967 16947 16947 D cellinfo: onCellInfoChanged: Operator: Verizon Wireless UpdateTimestamp: 30200798 CellConnectionStatus: 1
08-10 23:22:47.967 16947 16947 D cellinfo: onCellInfoChanged: LTE Cell Bands: [66] Bandwidth: 10000 Cell ID: 80714508 Physical Cell ID: 123 Tracking Area Code: 3842 EARFCN: 66586
08-10 23:22:47.968 16947 16947 D cellinfo: onServiceStateChanged: Channel Number: 66586 Cell Bandwidths: [10000, 20000, 20000, 10000]
08-10 23:22:48.025 16947 16991 D cellinfo: 46 bytes from 44.241.174.93: icmp_seq=10011 ttl=26 time=73.4 ms
08-10 23:22:48.215 16947 16991 D cellinfo: 46 bytes from 44.241.174.93: icmp_seq=10012 ttl=26 time=64.0 ms
08-10 23:22:48.415 16947 16991 D cellinfo: 46 bytes from 44.241.174.93: icmp_seq=10013 ttl=26 time=63.0 ms
08-10 23:22:48.624 16947 16991 D cellinfo: 46 bytes from 44.241.174.93: icmp_seq=10014 ttl=26 time=71.5 ms
08-10 23:22:48.815 16947 16991 D cellinfo: 46 bytes from 44.241.174.93: icmp_seq=10015 ttl=26 time=61.6 ms
08-10 23:22:49.026 16947 16991 D cellinfo: 46 bytes from 44.241.174.93: icmp_seq=10016 ttl=26 time=72.5 ms
08-10 23:22:49.226 16947 16991 D cellinfo: 46 bytes from 44.241.174.93: icmp_seq=10017 ttl=26 time=71.8 ms
08-10 23:22:49.427 16947 16991 D cellinfo: 46 bytes from 44.241.174.93: icmp_seq=10018 ttl=26 time=71.3 ms
08-10 23:22:49.629 16947 16991 D cellinfo: 46 bytes from 44.241.174.93: icmp_seq=10019 ttl=26 time=72.7 ms
08-10 23:22:49.835 16947 16991 D cellinfo: 46 bytes from 44.241.174.93: icmp_seq=10020 ttl=26 time=78.5 ms
08-10 23:22:50.050 16947 16991 D cellinfo: 46 bytes from 44.241.174.93: icmp_seq=10021 ttl=26 time=93.3 ms
08-10 23:22:50.226 16947 16991 D cellinfo: 46 bytes from 44.241.174.93: icmp_seq=10022 ttl=26 time=69.7 ms
08-10 23:22:50.426 16947 16991 D cellinfo: 46 bytes from 44.241.174.93: icmp_seq=10023 ttl=26 time=69.2 ms
08-10 23:22:50.633 16947 16991 D cellinfo: 46 bytes from 44.241.174.93: icmp_seq=10024 ttl=26 time=75.4 ms
08-10 23:22:50.884 16947 16991 D cellinfo: 46 bytes from 44.241.174.93: icmp_seq=10025 ttl=26 time=123 ms
08-10 23:22:51.020 16947 16991 D cellinfo: 46 bytes from 44.241.174.93: icmp_seq=10026 ttl=26 time=58.5 ms
08-10 23:22:51.160 16947 16947 D cellinfo: Latitude is 39.9731215
08-10 23:22:51.160 16947 16947 D cellinfo: Longitude is -104.988167
08-10 23:22:51.160 16947 16947 D cellinfo: Instantaneous GPS information: United States, 15280 Bannock St, Broomfield, CO 80023, USA
08-10 23:22:51.160 16947 16947 D cellinfo: getCurrentLocation() result: Location (success): 39.9731215, -104.988167
08-10 23:22:51.164 16947 16947 D cellinfo: onCellInfoChanged: Operator: Verizon Wireless UpdateTimestamp: 30203790 CellConnectionStatus: 1
08-10 23:22:51.164 16947 16947 D cellinfo: onCellInfoChanged: LTE Cell Bands: [66, 48, 48, 66] Bandwidth: 10000 Cell ID: 80714518 Physical Cell ID: 124 Tracking Area Code: 3842 EARFCN: 66586
08-10 23:22:51.165 16947 16947 D cellinfo: onsignalStrengthsChanged: LTE Signal Strength info: rsrp: -74 rsrq: -10 rssi: -55 rssnr: 5
08-10 23:22:51.223 16947 16991 D cellinfo: 46 bytes from 44.241.174.93: icmp_seq=10027 ttl=26 time=62.1 ms
08-10 23:22:51.433 16947 16991 D cellinfo: 46 bytes from 44.241.174.93: icmp_seq=10028 ttl=26 time=71.5 ms
08-10 23:22:51.639 16947 16991 D cellinfo: 46 bytes from 44.241.174.93: icmp_seq=10029 ttl=26 time=76.1 ms
08-10 23:22:51.860 16947 16991 D cellinfo: 46 bytes from 44.241.174.93: icmp_seq=10030 ttl=26 time=96.2 ms
08-10 23:22:52.043 16947 16991 D cellinfo: 46 bytes from 44.241.174.93: icmp_seq=10031 ttl=26 time=78.1 ms
08-10 23:22:52.235 16947 16991 D cellinfo: 46 bytes from 44.241.174.93: icmp_seq=10032 ttl=26 time=70.1 ms
08-10 23:22:52.436 16947 16991 D cellinfo: 46 bytes from 44.241.174.93: icmp_seq=10033 ttl=26 time=69.7 ms
08-10 23:22:52.795 16947 16991 D cellinfo: 46 bytes from 44.241.174.93: icmp_seq=10034 ttl=26 time=228 ms
08-10 23:22:52.837 16947 16991 D cellinfo: 46 bytes from 44.241.174.93: icmp_seq=10035 ttl=26 time=69.0 ms
08-10 23:22:53.036 16947 16991 D cellinfo: 46 bytes from 44.241.174.93: icmp_seq=10036 ttl=26 time=67.1 ms
08-10 23:22:53.236 16947 16991 D cellinfo: 46 bytes from 44.241.174.93: icmp_seq=10037 ttl=26 time=67.0 ms
08-10 23:22:53.451 16947 16991 D cellinfo: 46 bytes from 44.241.174.93: icmp_seq=10038 ttl=26 time=81.4 ms
08-10 23:22:53.490 16947 16947 D cellinfo: onCellInfoChanged: Operator: Verizon Wireless UpdateTimestamp: 30206788 CellConnectionStatus: 1
08-10 23:22:53.490 16947 16947 D cellinfo: onCellInfoChanged: LTE Cell Bands: [66, 48, 48, 66] Bandwidth: 10000 Cell ID: 80714518 Physical Cell ID: 124 Tracking Area Code: 3842 EARFCN: 66586
08-10 23:22:53.648 16947 16991 D cellinfo: 46 bytes from 44.241.174.93: icmp_seq=10039 ttl=26 time=76.7 ms
08-10 23:22:53.837 16947 16991 D cellinfo: 46 bytes from 44.241.174.93: icmp_seq=10040 ttl=26 time=65.4 ms
08-10 23:22:54.036 16947 16991 D cellinfo: 46 bytes from 44.241.174.93: icmp_seq=10041 ttl=26 time=63.2 ms
08-10 23:22:54.342 16947 16991 D cellinfo: 46 bytes from 44.241.174.93: icmp_seq=10042 ttl=26 time=168 ms
08-10 23:22:54.436 16947 16991 D cellinfo: 46 bytes from 44.241.174.93: icmp_seq=10043 ttl=26 time=62.7 ms
08-10 23:22:54.660 16947 16991 D cellinfo: 46 bytes from 44.241.174.93: icmp_seq=10044 ttl=26 time=84.9 ms
08-10 23:22:54.675 16947 16947 D cellinfo: Latitude is 39.9699704
08-10 23:22:54.675 16947 16947 D cellinfo: Longitude is -104.988203
08-10 23:22:54.675 16947 16947 D cellinfo: Instantaneous GPS information: United States, Dwight D. Eisenhower Hwy, Broomfield, CO 80023, USA
08-10 23:22:54.675 16947 16947 D cellinfo: getCurrentLocation() result: Location (success): 39.9699704, -104.988203
08-10 23:22:54.678 16947 16947 D cellinfo: onsignalStrengthsChanged: LTE Signal Strength info: rsrp: -75 rsrq: -15 rssi: -53 rssnr: 1
08-10 23:22:54.846 16947 16991 D cellinfo: 46 bytes from 44.241.174.93: icmp_seq=10045 ttl=26 time=70.8 ms
08-10 23:22:55.171 16947 16991 D cellinfo: 46 bytes from 44.241.174.93: icmp_seq=10046 ttl=26 time=195 ms
08-10 23:22:55.243 16947 16991 D cellinfo: 46 bytes from 44.241.174.93: icmp_seq=10047 ttl=26 time=67.8 ms
08-10 23:22:55.445 16947 16991 D cellinfo: 46 bytes from 44.241.174.93: icmp_seq=10048 ttl=26 time=69.3 ms
08-10 23:22:55.677 16947 16991 D cellinfo: 46 bytes from 44.241.174.93: icmp_seq=10049 ttl=26 time=100 ms
08-10 23:22:55.849 16947 16991 D cellinfo: 46 bytes from 44.241.174.93: icmp_seq=10050 ttl=26 time=71.4 ms
08-10 23:22:55.924 16947 16991 D cellinfo: 46 bytes from 44.241.174.93: icmp_seq=10050 ttl=26 time=146 ms (DUP!)
08-10 23:22:55.992 16947 16947 D cellinfo: onServiceStateChanged: Channel Number: 66586 Cell Bandwidths: [10000, 20000, 20000, 10000]
08-10 23:22:56.050 16947 16991 D cellinfo: 46 bytes from 44.241.174.93: icmp_seq=10051 ttl=26 time=71.4 ms
08-10 23:22:56.250 16947 16991 D cellinfo: 46 bytes from 44.241.174.93: icmp_seq=10052 ttl=26 time=72.0 ms
08-10 23:22:56.455 16947 16991 D cellinfo: 46 bytes from 44.241.174.93: icmp_seq=10053 ttl=26 time=76.4 ms
08-10 23:22:56.460 16947 16947 D cellinfo: Latitude is 39.9699704
08-10 23:22:56.461 16947 16947 D cellinfo: Longitude is -104.988203
08-10 23:22:56.461 16947 16947 D cellinfo: Instantaneous GPS information: United States, Dwight D. Eisenhower Hwy, Broomfield, CO 80023, USA
08-10 23:22:56.461 16947 16947 D cellinfo: getCurrentLocation() result: Location (success): 39.9699704, -104.988203
08-10 23:22:56.501 16947 16947 D cellinfo: onCellInfoChanged: Operator: Verizon Wireless UpdateTimestamp: 30209799 CellConnectionStatus: 1
08-10 23:22:56.501 16947 16947 D cellinfo: onCellInfoChanged: LTE Cell Bands: [66, 48, 48, 66] Bandwidth: 10000 Cell ID: 80714528 Physical Cell ID: 125 Tracking Area Code: 3842 EARFCN: 66586
08-10 23:22:56.649 16947 16991 D cellinfo: 46 bytes from 44.241.174.93: icmp_seq=10054 ttl=26 time=69.8 ms
08-10 23:22:56.849 16947 16991 D cellinfo: 46 bytes from 44.241.174.93: icmp_seq=10055 ttl=26 time=68.9 ms
08-10 23:22:57.132 16947 16991 D cellinfo: 46 bytes from 44.241.174.93: icmp_seq=10056 ttl=26 time=150 ms
08-10 23:22:57.250 16947 16991 D cellinfo: 46 bytes from 44.241.174.93: icmp_seq=10057 ttl=26 time=69.0 ms
08-10 23:22:57.457 16947 16991 D cellinfo: 46 bytes from 44.241.174.93: icmp_seq=10058 ttl=26 time=75.7 ms
08-10 23:22:57.648 16947 16991 D cellinfo: 46 bytes from 44.241.174.93: icmp_seq=10059 ttl=26 time=66.5 ms
08-10 23:22:57.849 16947 16991 D cellinfo: 46 bytes from 44.241.174.93: icmp_seq=10060 ttl=26 time=65.5 ms
08-10 23:22:58.048 16947 16991 D cellinfo: 46 bytes from 44.241.174.93: icmp_seq=10061 ttl=26 time=64.8 ms
08-10 23:22:58.250 16947 16991 D cellinfo: 46 bytes from 44.241.174.93: icmp_seq=10062 ttl=26 time=66.3 ms
08-10 23:22:58.448 16947 16991 D cellinfo: 46 bytes from 44.241.174.93: icmp_seq=10063 ttl=26 time=64.7 ms
08-10 23:22:58.649 16947 16991 D cellinfo: 46 bytes from 44.241.174.93: icmp_seq=10064 ttl=26 time=65.1 ms
08-10 23:22:58.848 16947 16991 D cellinfo: 46 bytes from 44.241.174.93: icmp_seq=10065 ttl=26 time=63.2 ms
08-10 23:22:59.050 16947 16991 D cellinfo: 46 bytes from 44.241.174.93: icmp_seq=10066 ttl=26 time=63.8 ms
08-10 23:22:59.073 16947 16947 D cellinfo: onsignalStrengthsChanged: LTE Signal Strength info: rsrp: -75 rsrq: -9 rssi: -59 rssnr: 6
08-10 23:22:59.249 16947 16991 D cellinfo: 46 bytes from 44.241.174.93: icmp_seq=10067 ttl=26 time=62.1 ms
08-10 23:22:59.459 16947 16991 D cellinfo: 46 bytes from 44.241.174.93: icmp_seq=10068 ttl=26 time=71.5 ms
08-10 23:22:59.661 16947 16991 D cellinfo: 46 bytes from 44.241.174.93: icmp_seq=10069 ttl=26 time=72.5 ms
08-10 23:22:59.857 16947 16947 D cellinfo: Latitude is 39.9694914
08-10 23:22:59.857 16947 16947 D cellinfo: Longitude is -104.9881921
08-10 23:22:59.857 16947 16947 D cellinfo: Instantaneous GPS information: United States, Dwight D. Eisenhower Hwy, Broomfield, CO 80023, USA
08-10 23:22:59.857 16947 16947 D cellinfo: getCurrentLocation() result: Location (success): 39.9694914, -104.9881921
08-10 23:22:59.858 16947 16991 D cellinfo: 46 bytes from 44.241.174.93: icmp_seq=10070 ttl=26 time=69.0 ms
08-10 23:22:59.861 16947 16947 D cellinfo: onCellInfoChanged: Operator: Verizon Wireless UpdateTimestamp: 30212794 CellConnectionStatus: 1
08-10 23:22:59.861 16947 16947 D cellinfo: onCellInfoChanged: LTE Cell Bands: [66, 48, 48, 66] Bandwidth: 10000 Cell ID: 80714528 Physical Cell ID: 125 Tracking Area Code: 3842 EARFCN: 66586
08-10 23:23:00.059 16947 16991 D cellinfo: 46 bytes from 44.241.174.93: icmp_seq=10071 ttl=26 time=69.2 ms
08-10 23:23:00.259 16947 16991 D cellinfo: 46 bytes from 44.241.174.93: icmp_seq=10072 ttl=26 time=69.5 ms
08-10 23:23:00.459 16947 16991 D cellinfo: 46 bytes from 44.241.174.93: icmp_seq=10073 ttl=26 time=69.2 ms
08-10 23:23:00.660 16947 16991 D cellinfo: 46 bytes from 44.241.174.93: icmp_seq=10074 ttl=26 time=68.3 ms
08-10 23:23:00.858 16947 16991 D cellinfo: 46 bytes from 44.241.174.93: icmp_seq=10075 ttl=26 time=67.1 ms
08-10 23:23:01.058 16947 16991 D cellinfo: 46 bytes from 44.241.174.93: icmp_seq=10076 ttl=26 time=66.3 ms
08-10 23:23:01.260 16947 16991 D cellinfo: 46 bytes from 44.241.174.93: icmp_seq=10077 ttl=26 time=68.4 ms
08-10 23:23:01.459 16947 16991 D cellinfo: 46 bytes from 44.241.174.93: icmp_seq=10078 ttl=26 time=66.5 ms
08-10 23:23:01.658 16947 16991 D cellinfo: 46 bytes from 44.241.174.93: icmp_seq=10079 ttl=26 time=65.8 ms
08-10 23:23:01.859 16947 16991 D cellinfo: 46 bytes from 44.241.174.93: icmp_seq=10080 ttl=26 time=65.2 ms
08-10 23:23:02.059 16947 16991 D cellinfo: 46 bytes from 44.241.174.93: icmp_seq=10081 ttl=26 time=65.1 ms
08-10 23:23:02.075 16947 16947 D cellinfo: onsignalStrengthsChanged: LTE Signal Strength info: rsrp: -76 rsrq: -8 rssi: -61 rssnr: 15
08-10 23:23:02.258 16947 16991 D cellinfo: 46 bytes from 44.241.174.93: icmp_seq=10082 ttl=26 time=65.3 ms
08-10 23:23:02.461 16947 16991 D cellinfo: 46 bytes from 44.241.174.93: icmp_seq=10083 ttl=26 time=67.7 ms
08-10 23:23:02.661 16947 16991 D cellinfo: 46 bytes from 44.241.174.93: icmp_seq=10084 ttl=26 time=66.5 ms
08-10 23:23:02.817 16947 16947 D cellinfo: Latitude is 39.9691034
08-10 23:23:02.817 16947 16947 D cellinfo: Longitude is -104.9881834
08-10 23:23:02.817 16947 16947 D cellinfo: Instantaneous GPS information: United States, Dwight D. Eisenhower Hwy, Broomfield, CO 80023, USA
08-10 23:23:02.817 16947 16947 D cellinfo: getCurrentLocation() result: Location (success): 39.9691034, -104.9881834
08-10 23:23:02.822 16947 16947 D cellinfo: onCellInfoChanged: Operator: Verizon Wireless UpdateTimestamp: 30215784 CellConnectionStatus: 1
08-10 23:23:02.822 16947 16947 D cellinfo: onCellInfoChanged: LTE Cell Bands: [66, 48, 48, 66] Bandwidth: 10000 Cell ID: 80714528 Physical Cell ID: 125 Tracking Area Code: 3842 EARFCN: 66586
08-10 23:23:02.856 16947 16991 D cellinfo: 46 bytes from 44.241.174.93: icmp_seq=10085 ttl=26 time=61.5 ms
08-10 23:23:03.059 16947 16991 D cellinfo: 46 bytes from 44.241.174.93: icmp_seq=10086 ttl=26 time=63.4 ms
08-10 23:23:03.258 16947 16991 D cellinfo: 46 bytes from 44.241.174.93: icmp_seq=10087 ttl=26 time=62.2 ms
08-10 23:23:03.476 16947 16991 D cellinfo: 46 bytes from 44.241.174.93: icmp_seq=10088 ttl=26 time=79.2 ms
08-10 23:23:03.670 16947 16991 D cellinfo: 46 bytes from 44.241.174.93: icmp_seq=10089 ttl=26 time=71.5 ms
08-10 23:23:03.868 16947 16991 D cellinfo: 46 bytes from 44.241.174.93: icmp_seq=10090 ttl=26 time=69.3 ms
08-10 23:23:04.069 16947 16991 D cellinfo: 46 bytes from 44.241.174.93: icmp_seq=10091 ttl=26 time=69.2 ms
08-10 23:23:04.269 16947 16991 D cellinfo: 46 bytes from 44.241.174.93: icmp_seq=10092 ttl=26 time=69.2 ms
08-10 23:23:04.470 16947 16991 D cellinfo: 46 bytes from 44.241.174.93: icmp_seq=10093 ttl=26 time=68.3 ms
08-10 23:23:04.669 16947 16991 D cellinfo: 46 bytes from 44.241.174.93: icmp_seq=10094 ttl=26 time=67.8 ms
08-10 23:23:04.879 16947 16991 D cellinfo: 46 bytes from 44.241.174.93: icmp_seq=10095 ttl=26 time=76.4 ms
08-10 23:23:05.068 16947 16991 D cellinfo: 46 bytes from 44.241.174.93: icmp_seq=10096 ttl=26 time=66.2 ms
08-10 23:23:05.278 16947 16991 D cellinfo: 46 bytes from 44.241.174.93: icmp_seq=10097 ttl=26 time=75.3 ms
08-10 23:23:05.469 16947 16991 D cellinfo: 46 bytes from 44.241.174.93: icmp_seq=10098 ttl=26 time=65.0 ms
08-10 23:23:05.670 16947 16991 D cellinfo: 46 bytes from 44.241.174.93: icmp_seq=10099 ttl=26 time=64.1 ms
08-10 23:23:05.880 16947 16991 D cellinfo: 46 bytes from 44.241.174.93: icmp_seq=10100 ttl=26 time=71.7 ms
08-10 23:23:05.894 16947 16947 D cellinfo: Latitude is 39.969173
08-10 23:23:05.894 16947 16947 D cellinfo: Longitude is -104.988185
08-10 23:23:05.894 16947 16947 D cellinfo: Instantaneous GPS information: United States, Dwight D. Eisenhower Hwy, Broomfield, CO 80023, USA
08-10 23:23:05.894 16947 16947 D cellinfo: getCurrentLocation() result: Location (success): 39.969173, -104.988185
08-10 23:23:05.899 16947 16947 D cellinfo: onCellInfoChanged: Operator: Verizon Wireless UpdateTimestamp: 30218801 CellConnectionStatus: 1
08-10 23:23:05.899 16947 16947 D cellinfo: onCellInfoChanged: LTE Cell Bands: [66, 48, 48, 66] Bandwidth: 10000 Cell ID: 80714528 Physical Cell ID: 125 Tracking Area Code: 3842 EARFCN: 66586
08-10 23:23:06.071 16947 16947 D cellinfo: onsignalStrengthsChanged: LTE Signal Strength info: rsrp: -83 rsrq: -11 rssi: -63 rssnr: 10
08-10 23:23:06.078 16947 16991 D cellinfo: 46 bytes from 44.241.174.93: icmp_seq=10101 ttl=26 time=70.0 ms
08-10 23:23:06.279 16947 16991 D cellinfo: 46 bytes from 44.241.174.93: icmp_seq=10102 ttl=26 time=69.7 ms
08-10 23:23:06.478 16947 16991 D cellinfo: 46 bytes from 44.241.174.93: icmp_seq=10103 ttl=26 time=68.9 ms
08-10 23:23:06.678 16947 16991 D cellinfo: 46 bytes from 44.241.174.93: icmp_seq=10104 ttl=26 time=68.2 ms
08-10 23:23:06.886 16947 16991 D cellinfo: 46 bytes from 44.241.174.93: icmp_seq=10105 ttl=26 time=75.1 ms
08-10 23:23:07.078 16947 16991 D cellinfo: 46 bytes from 44.241.174.93: icmp_seq=10106 ttl=26 time=66.6 ms
08-10 23:23:07.279 16947 16991 D cellinfo: 46 bytes from 44.241.174.93: icmp_seq=10107 ttl=26 time=67.3 ms
08-10 23:23:07.488 16947 16991 D cellinfo: 46 bytes from 44.241.174.93: icmp_seq=10108 ttl=26 time=74.1 ms
08-10 23:23:07.679 16947 16991 D cellinfo: 46 bytes from 44.241.174.93: icmp_seq=10109 ttl=26 time=64.9 ms
08-10 23:23:07.878 16947 16991 D cellinfo: 46 bytes from 44.241.174.93: icmp_seq=10110 ttl=26 time=63.7 ms
08-10 23:23:08.080 16947 16991 D cellinfo: 46 bytes from 44.241.174.93: icmp_seq=10111 ttl=26 time=64.0 ms
08-10 23:23:08.289 16947 16991 D cellinfo: 46 bytes from 44.241.174.93: icmp_seq=10112 ttl=26 time=72.7 ms
08-10 23:23:08.485 16947 16947 D cellinfo: onCellInfoChanged: Operator: Verizon Wireless UpdateTimestamp: 30221786 CellConnectionStatus: 1
08-10 23:23:08.485 16947 16947 D cellinfo: onCellInfoChanged: LTE Cell Bands: [66, 48, 48, 66] Bandwidth: 10000 Cell ID: 80714528 Physical Cell ID: 125 Tracking Area Code: 3842 EARFCN: 66586
08-10 23:23:08.489 16947 16991 D cellinfo: 46 bytes from 44.241.174.93: icmp_seq=10113 ttl=26 time=72.1 ms
08-10 23:23:08.685 16947 16991 D cellinfo: 46 bytes from 44.241.174.93: icmp_seq=10114 ttl=26 time=67.3 ms
08-10 23:23:08.891 16947 16991 D cellinfo: 46 bytes from 44.241.174.93: icmp_seq=10115 ttl=26 time=72.2 ms
08-10 23:23:09.089 16947 16991 D cellinfo: 46 bytes from 44.241.174.93: icmp_seq=10116 ttl=26 time=69.5 ms
08-10 23:23:09.289 16947 16991 D cellinfo: 46 bytes from 44.241.174.93: icmp_seq=10117 ttl=26 time=69.2 ms
08-10 23:23:09.498 16947 16991 D cellinfo: 46 bytes from 44.241.174.93: icmp_seq=10118 ttl=26 time=75.8 ms
08-10 23:23:09.684 16947 16947 D cellinfo: Latitude is 39.9662229
08-10 23:23:09.684 16947 16947 D cellinfo: Longitude is -104.98821
08-10 23:23:09.684 16947 16947 D cellinfo: Instantaneous GPS information: United States, Dwight D. Eisenhower Hwy, Westminster, CO 80023, USA
08-10 23:23:09.684 16947 16947 D cellinfo: getCurrentLocation() result: Location (success): 39.9662229, -104.98821
08-10 23:23:09.689 16947 16991 D cellinfo: 46 bytes from 44.241.174.93: icmp_seq=10119 ttl=26 time=66.7 ms
08-10 23:23:09.889 16947 16991 D cellinfo: 46 bytes from 44.241.174.93: icmp_seq=10120 ttl=26 time=65.9 ms
08-10 23:23:10.088 16947 16991 D cellinfo: 46 bytes from 44.241.174.93: icmp_seq=10121 ttl=26 time=64.2 ms
08-10 23:23:10.288 16947 16991 D cellinfo: 46 bytes from 44.241.174.93: icmp_seq=10122 ttl=26 time=63.4 ms
08-10 23:23:10.488 16947 16991 D cellinfo: 46 bytes from 44.241.174.93: icmp_seq=10123 ttl=26 time=62.2 ms
08-10 23:23:10.699 16947 16991 D cellinfo: 46 bytes from 44.241.174.93: icmp_seq=10124 ttl=26 time=71.2 ms
08-10 23:23:10.898 16947 16991 D cellinfo: 46 bytes from 44.241.174.93: icmp_seq=10125 ttl=26 time=69.8 ms
08-10 23:23:11.098 16947 16991 D cellinfo: 46 bytes from 44.241.174.93: icmp_seq=10126 ttl=26 time=69.3 ms
08-10 23:23:11.299 16947 16991 D cellinfo: 46 bytes from 44.241.174.93: icmp_seq=10127 ttl=26 time=69.1 ms
08-10 23:23:11.453 16947 16947 D cellinfo: Latitude is 39.9662229
08-10 23:23:11.453 16947 16947 D cellinfo: Longitude is -104.98821
08-10 23:23:11.453 16947 16947 D cellinfo: Instantaneous GPS information: United States, Dwight D. Eisenhower Hwy, Westminster, CO 80023, USA
08-10 23:23:11.453 16947 16947 D cellinfo: getCurrentLocation() result: Location (success): 39.9662229, -104.98821
08-10 23:23:11.498 16947 16991 D cellinfo: 46 bytes from 44.241.174.93: icmp_seq=10128 ttl=26 time=67.1 ms
08-10 23:23:11.498 16947 16947 D cellinfo: onCellInfoChanged: Operator: Verizon Wireless UpdateTimestamp: 30224800 CellConnectionStatus: 1
08-10 23:23:11.499 16947 16947 D cellinfo: onCellInfoChanged: LTE Cell Bands: [66, 48, 48, 66] Bandwidth: 10000 Cell ID: 80714528 Physical Cell ID: 125 Tracking Area Code: 3842 EARFCN: 66586
08-10 23:23:11.698 16947 16991 D cellinfo: 46 bytes from 44.241.174.93: icmp_seq=10129 ttl=26 time=66.1 ms
08-10 23:23:11.898 16947 16991 D cellinfo: 46 bytes from 44.241.174.93: icmp_seq=10130 ttl=26 time=65.3 ms
08-10 23:23:12.098 16947 16991 D cellinfo: 46 bytes from 44.241.174.93: icmp_seq=10131 ttl=26 time=64.4 ms
08-10 23:23:12.298 16947 16991 D cellinfo: 46 bytes from 44.241.174.93: icmp_seq=10132 ttl=26 time=63.1 ms
08-10 23:23:12.500 16947 16991 D cellinfo: 46 bytes from 44.241.174.93: icmp_seq=10133 ttl=26 time=63.2 ms
08-10 23:23:12.710 16947 16991 D cellinfo: 46 bytes from 44.241.174.93: icmp_seq=10134 ttl=26 time=72.4 ms
08-10 23:23:12.909 16947 16991 D cellinfo: 46 bytes from 44.241.174.93: icmp_seq=10135 ttl=26 time=71.6 ms
08-10 23:23:13.111 16947 16991 D cellinfo: 46 bytes from 44.241.174.93: icmp_seq=10136 ttl=26 time=73.4 ms
08-10 23:23:13.299 16947 16991 D cellinfo: 46 bytes from 44.241.174.93: icmp_seq=10137 ttl=26 time=59.2 ms
08-10 23:23:13.509 16947 16991 D cellinfo: 46 bytes from 44.241.174.93: icmp_seq=10138 ttl=26 time=68.2 ms
08-10 23:23:13.709 16947 16991 D cellinfo: 46 bytes from 44.241.174.93: icmp_seq=10139 ttl=26 time=67.1 ms
08-10 23:23:13.926 16947 16991 D cellinfo: 46 bytes from 44.241.174.93: icmp_seq=10140 ttl=26 time=83.2 ms
08-10 23:23:14.117 16947 16991 D cellinfo: 46 bytes from 44.241.174.93: icmp_seq=10141 ttl=26 time=73.4 ms
08-10 23:23:14.310 16947 16991 D cellinfo: 46 bytes from 44.241.174.93: icmp_seq=10142 ttl=26 time=65.4 ms
08-10 23:23:14.517 16947 16991 D cellinfo: 46 bytes from 44.241.174.93: icmp_seq=10143 ttl=26 time=73.0 ms
08-10 23:23:14.731 16947 16991 D cellinfo: 46 bytes from 44.241.174.93: icmp_seq=10144 ttl=26 time=85.6 ms
08-10 23:23:14.902 16947 16947 D cellinfo: Latitude is 39.9657547
08-10 23:23:14.902 16947 16947 D cellinfo: Longitude is -104.9881994
08-10 23:23:14.902 16947 16947 D cellinfo: Instantaneous GPS information: United States, Dwight D. Eisenhower Hwy, Westminster, CO 80023, USA
08-10 23:23:14.902 16947 16947 D cellinfo: getCurrentLocation() result: Location (success): 39.9657547, -104.9881994
08-10 23:23:14.905 16947 16947 D cellinfo: onCellInfoChanged: Operator: Verizon Wireless UpdateTimestamp: 30227801 CellConnectionStatus: 1
08-10 23:23:14.905 16947 16947 D cellinfo: onCellInfoChanged: LTE Cell Bands: [66, 48, 48, 66] Bandwidth: 10000 Cell ID: 80714528 Physical Cell ID: 125 Tracking Area Code: 3842 EARFCN: 66586
08-10 23:23:14.910 16947 16991 D cellinfo: 46 bytes from 44.241.174.93: icmp_seq=10145 ttl=26 time=63.8 ms
08-10 23:23:15.068 16947 16947 D cellinfo: onsignalStrengthsChanged: LTE Signal Strength info: rsrp: -86 rsrq: -12 rssi: -67 rssnr: 8
08-10 23:23:15.119 16947 16991 D cellinfo: 46 bytes from 44.241.174.93: icmp_seq=10146 ttl=26 time=72.0 ms
08-10 23:23:15.319 16947 16991 D cellinfo: 46 bytes from 44.241.174.93: icmp_seq=10147 ttl=26 time=70.8 ms
08-10 23:23:15.519 16947 16991 D cellinfo: 46 bytes from 44.241.174.93: icmp_seq=10148 ttl=26 time=70.5 ms
08-10 23:23:15.719 16947 16991 D cellinfo: 46 bytes from 44.241.174.93: icmp_seq=10149 ttl=26 time=70.5 ms
08-10 23:23:15.920 16947 16991 D cellinfo: 46 bytes from 44.241.174.93: icmp_seq=10150 ttl=26 time=70.8 ms
08-10 23:23:16.118 16947 16991 D cellinfo: 46 bytes from 44.241.174.93: icmp_seq=10151 ttl=26 time=68.9 ms
08-10 23:23:16.320 16947 16991 D cellinfo: 46 bytes from 44.241.174.93: icmp_seq=10152 ttl=26 time=69.7 ms
08-10 23:23:16.519 16947 16991 D cellinfo: 46 bytes from 44.241.174.93: icmp_seq=10153 ttl=26 time=67.5 ms
08-10 23:23:16.719 16947 16991 D cellinfo: 46 bytes from 44.241.174.93: icmp_seq=10154 ttl=26 time=67.2 ms
08-10 23:23:16.928 16947 16991 D cellinfo: 46 bytes from 44.241.174.93: icmp_seq=10155 ttl=26 time=75.2 ms
08-10 23:23:17.119 16947 16991 D cellinfo: 46 bytes from 44.241.174.93: icmp_seq=10156 ttl=26 time=65.0 ms
08-10 23:23:17.318 16947 16991 D cellinfo: 46 bytes from 44.241.174.93: icmp_seq=10157 ttl=26 time=64.1 ms
08-10 23:23:17.519 16947 16991 D cellinfo: 46 bytes from 44.241.174.93: icmp_seq=10158 ttl=26 time=64.1 ms
08-10 23:23:17.720 16947 16991 D cellinfo: 46 bytes from 44.241.174.93: icmp_seq=10159 ttl=26 time=63.5 ms
08-10 23:23:17.827 16947 16947 D cellinfo: Latitude is 39.9653709
08-10 23:23:17.827 16947 16947 D cellinfo: Longitude is -104.9881907
08-10 23:23:17.827 16947 16947 D cellinfo: Instantaneous GPS information: United States, Dwight D. Eisenhower Hwy, Westminster, CO 80023, USA
08-10 23:23:17.827 16947 16947 D cellinfo: getCurrentLocation() result: Location (success): 39.9653709, -104.9881907
08-10 23:23:17.830 16947 16947 D cellinfo: onCellInfoChanged: Operator: Verizon Wireless UpdateTimestamp: 30230798 CellConnectionStatus: 1
08-10 23:23:17.830 16947 16947 D cellinfo: onCellInfoChanged: LTE Cell Bands: [66, 48, 48, 66] Bandwidth: 10000 Cell ID: 80714528 Physical Cell ID: 125 Tracking Area Code: 3842 EARFCN: 66586
08-10 23:23:17.918 16947 16991 D cellinfo: 46 bytes from 44.241.174.93: icmp_seq=10160 ttl=26 time=61.6 ms
08-10 23:23:18.129 16947 16991 D cellinfo: 46 bytes from 44.241.174.93: icmp_seq=10161 ttl=26 time=72.3 ms
08-10 23:23:18.328 16947 16991 D cellinfo: 46 bytes from 44.241.174.93: icmp_seq=10162 ttl=26 time=70.1 ms
08-10 23:23:18.530 16947 16991 D cellinfo: 46 bytes from 44.241.174.93: icmp_seq=10163 ttl=26 time=70.5 ms
08-10 23:23:18.729 16947 16991 D cellinfo: 46 bytes from 44.241.174.93: icmp_seq=10164 ttl=26 time=69.2 ms
08-10 23:23:18.928 16947 16991 D cellinfo: 46 bytes from 44.241.174.93: icmp_seq=10165 ttl=26 time=68.0 ms
08-10 23:23:19.128 16947 16991 D cellinfo: 46 bytes from 44.241.174.93: icmp_seq=10166 ttl=26 time=67.1 ms
08-10 23:23:19.337 16947 16991 D cellinfo: 46 bytes from 44.241.174.93: icmp_seq=10167 ttl=26 time=75.5 ms
08-10 23:23:19.529 16947 16991 D cellinfo: 46 bytes from 44.241.174.93: icmp_seq=10168 ttl=26 time=65.3 ms
08-10 23:23:19.729 16947 16991 D cellinfo: 46 bytes from 44.241.174.93: icmp_seq=10169 ttl=26 time=64.9 ms
08-10 23:23:19.931 16947 16991 D cellinfo: 46 bytes from 44.241.174.93: icmp_seq=10170 ttl=26 time=65.8 ms
08-10 23:23:20.129 16947 16991 D cellinfo: 46 bytes from 44.241.174.93: icmp_seq=10171 ttl=26 time=63.8 ms
08-10 23:23:20.335 16947 16991 D cellinfo: 46 bytes from 44.241.174.93: icmp_seq=10172 ttl=26 time=68.6 ms
08-10 23:23:20.542 16947 16991 D cellinfo: 46 bytes from 44.241.174.93: icmp_seq=10173 ttl=26 time=75.2 ms
08-10 23:23:20.730 16947 16991 D cellinfo: 46 bytes from 44.241.174.93: icmp_seq=10174 ttl=26 time=61.8 ms
08-10 23:23:20.859 16947 16947 D cellinfo: Latitude is 39.9654374
08-10 23:23:20.859 16947 16947 D cellinfo: Longitude is -104.9881922
08-10 23:23:20.859 16947 16947 D cellinfo: Instantaneous GPS information: United States, Dwight D. Eisenhower Hwy, Westminster, CO 80023, USA
08-10 23:23:20.859 16947 16947 D cellinfo: getCurrentLocation() result: Location (success): 39.9654374, -104.9881922
08-10 23:23:20.861 16947 16947 D cellinfo: onCellInfoChanged: Operator: Verizon Wireless UpdateTimestamp: 30233800 CellConnectionStatus: 1
08-10 23:23:20.861 16947 16947 D cellinfo: onCellInfoChanged: LTE Cell Bands: [66, 48, 48, 66] Bandwidth: 10000 Cell ID: 80714528 Physical Cell ID: 125 Tracking Area Code: 3842 EARFCN: 66586
08-10 23:23:20.926 16947 16991 D cellinfo: 46 bytes from 44.241.174.93: icmp_seq=10175 ttl=26 time=57.4 ms
08-10 23:23:21.138 16947 16991 D cellinfo: 46 bytes from 44.241.174.93: icmp_seq=10176 ttl=26 time=68.4 ms
08-10 23:23:21.338 16947 16991 D cellinfo: 46 bytes from 44.241.174.93: icmp_seq=10177 ttl=26 time=67.3 ms
08-10 23:23:21.539 16947 16991 D cellinfo: 46 bytes from 44.241.174.93: icmp_seq=10178 ttl=26 time=66.3 ms
08-10 23:23:21.755 16947 16991 D cellinfo: 46 bytes from 44.241.174.93: icmp_seq=10179 ttl=26 time=80.8 ms
08-10 23:23:21.943 16947 16991 D cellinfo: 46 bytes from 44.241.174.93: icmp_seq=10180 ttl=26 time=68.9 ms
08-10 23:23:22.149 16947 16991 D cellinfo: 46 bytes from 44.241.174.93: icmp_seq=10181 ttl=26 time=73.5 ms
08-10 23:23:22.348 16947 16991 D cellinfo: 46 bytes from 44.241.174.93: icmp_seq=10182 ttl=26 time=72.0 ms
08-10 23:23:22.543 16947 16991 D cellinfo: 46 bytes from 44.241.174.93: icmp_seq=10183 ttl=26 time=65.8 ms
08-10 23:23:22.757 16947 16991 D cellinfo: 46 bytes from 44.241.174.93: icmp_seq=10184 ttl=26 time=78.9 ms
08-10 23:23:22.956 16947 16991 D cellinfo: 46 bytes from 44.241.174.93: icmp_seq=10185 ttl=26 time=77.4 ms
08-10 23:23:23.148 16947 16991 D cellinfo: 46 bytes from 44.241.174.93: icmp_seq=10186 ttl=26 time=69.6 ms
08-10 23:23:23.349 16947 16991 D cellinfo: 46 bytes from 44.241.174.93: icmp_seq=10187 ttl=26 time=69.7 ms
08-10 23:23:23.494 16947 16947 D cellinfo: onCellInfoChanged: Operator: Verizon Wireless UpdateTimestamp: 30236795 CellConnectionStatus: 1
08-10 23:23:23.494 16947 16947 D cellinfo: onCellInfoChanged: LTE Cell Bands: [66, 48, 48, 66] Bandwidth: 10000 Cell ID: 80714528 Physical Cell ID: 125 Tracking Area Code: 3842 EARFCN: 66586
08-10 23:23:23.560 16947 16991 D cellinfo: 46 bytes from 44.241.174.93: icmp_seq=10188 ttl=26 time=80.6 ms
08-10 23:23:23.758 16947 16991 D cellinfo: 46 bytes from 44.241.174.93: icmp_seq=10189 ttl=26 time=77.1 ms
08-10 23:23:23.952 16947 16991 D cellinfo: 46 bytes from 44.241.174.93: icmp_seq=10190 ttl=26 time=69.7 ms
08-10 23:23:24.159 16947 16991 D cellinfo: 46 bytes from 44.241.174.93: icmp_seq=10191 ttl=26 time=76.2 ms
08-10 23:23:24.352 16947 16991 D cellinfo: 46 bytes from 44.241.174.93: icmp_seq=10192 ttl=26 time=68.9 ms
08-10 23:23:24.548 16947 16991 D cellinfo: 46 bytes from 44.241.174.93: icmp_seq=10193 ttl=26 time=64.0 ms
08-10 23:23:24.603 16947 16947 D cellinfo: Latitude is 39.962248
08-10 23:23:24.603 16947 16947 D cellinfo: Longitude is -104.9882041
08-10 23:23:24.603 16947 16947 D cellinfo: Instantaneous GPS information: United States, Dwight D. Eisenhower Hwy, Westminster, CO 80023, USA
08-10 23:23:24.603 16947 16947 D cellinfo: getCurrentLocation() result: Location (success): 39.962248, -104.9882041
08-10 23:23:24.749 16947 16991 D cellinfo: 46 bytes from 44.241.174.93: icmp_seq=10194 ttl=26 time=63.2 ms
08-10 23:23:24.948 16947 16991 D cellinfo: 46 bytes from 44.241.174.93: icmp_seq=10195 ttl=26 time=62.1 ms
08-10 23:23:25.159 16947 16991 D cellinfo: 46 bytes from 44.241.174.93: icmp_seq=10196 ttl=26 time=71.4 ms
08-10 23:23:25.358 16947 16991 D cellinfo: 46 bytes from 44.241.174.93: icmp_seq=10197 ttl=26 time=70.3 ms
08-10 23:23:25.559 16947 16991 D cellinfo: 46 bytes from 44.241.174.93: icmp_seq=10198 ttl=26 time=69.2 ms
08-10 23:23:25.769 16947 16991 D cellinfo: 46 bytes from 44.241.174.93: icmp_seq=10199 ttl=26 time=78.1 ms
08-10 23:23:25.978 16947 16991 D cellinfo: 46 bytes from 44.241.174.93: icmp_seq=10200 ttl=26 time=85.9 ms
08-10 23:23:26.169 16947 16991 D cellinfo: 46 bytes from 44.241.174.93: icmp_seq=10201 ttl=26 time=75.9 ms
08-10 23:23:26.367 16947 16991 D cellinfo: 46 bytes from 44.241.174.93: icmp_seq=10202 ttl=26 time=73.0 ms
08-10 23:23:26.450 16947 16947 D cellinfo: Latitude is 39.962248
08-10 23:23:26.450 16947 16947 D cellinfo: Longitude is -104.9882041
08-10 23:23:26.450 16947 16947 D cellinfo: Instantaneous GPS information: United States, Dwight D. Eisenhower Hwy, Westminster, CO 80023, USA
08-10 23:23:26.450 16947 16947 D cellinfo: getCurrentLocation() result: Location (success): 39.962248, -104.9882041
08-10 23:23:26.487 16947 16947 D cellinfo: onCellInfoChanged: Operator: Verizon Wireless UpdateTimestamp: 30239788 CellConnectionStatus: 1
08-10 23:23:26.487 16947 16947 D cellinfo: onCellInfoChanged: LTE Cell Bands: [66, 48, 48, 66] Bandwidth: 10000 Cell ID: 80714528 Physical Cell ID: 125 Tracking Area Code: 3842 EARFCN: 66586
08-10 23:23:26.562 16947 16991 D cellinfo: 46 bytes from 44.241.174.93: icmp_seq=10203 ttl=26 time=67.6 ms
08-10 23:23:26.759 16947 16991 D cellinfo: 46 bytes from 44.241.174.93: icmp_seq=10204 ttl=26 time=63.3 ms
08-10 23:23:26.959 16947 16991 D cellinfo: 46 bytes from 44.241.174.93: icmp_seq=10205 ttl=26 time=63.0 ms
08-10 23:23:27.160 16947 16991 D cellinfo: 46 bytes from 44.241.174.93: icmp_seq=10206 ttl=26 time=63.0 ms
08-10 23:23:27.373 16947 16991 D cellinfo: 46 bytes from 44.241.174.93: icmp_seq=10207 ttl=26 time=74.4 ms
08-10 23:23:27.579 16947 16991 D cellinfo: 46 bytes from 44.241.174.93: icmp_seq=10208 ttl=26 time=79.3 ms
08-10 23:23:27.776 16947 16991 D cellinfo: 46 bytes from 44.241.174.93: icmp_seq=10209 ttl=26 time=76.0 ms
08-10 23:23:27.978 16947 16991 D cellinfo: 46 bytes from 44.241.174.93: icmp_seq=10210 ttl=26 time=76.3 ms
08-10 23:23:28.069 16947 16947 D cellinfo: onsignalStrengthsChanged: LTE Signal Strength info: rsrp: -95 rsrq: -11 rssi: -77 rssnr: 4
08-10 23:23:28.177 16947 16991 D cellinfo: 46 bytes from 44.241.174.93: icmp_seq=10211 ttl=26 time=74.0 ms
08-10 23:23:28.369 16947 16991 D cellinfo: 46 bytes from 44.241.174.93: icmp_seq=10212 ttl=26 time=65.5 ms
08-10 23:23:28.570 16947 16991 D cellinfo: 46 bytes from 44.241.174.93: icmp_seq=10213 ttl=26 time=64.9 ms
08-10 23:23:28.779 16947 16991 D cellinfo: 46 bytes from 44.241.174.93: icmp_seq=10214 ttl=26 time=72.9 ms
08-10 23:23:28.969 16947 16991 D cellinfo: 46 bytes from 44.241.174.93: icmp_seq=10215 ttl=26 time=63.1 ms
08-10 23:23:29.170 16947 16991 D cellinfo: 46 bytes from 44.241.174.93: icmp_seq=10216 ttl=26 time=62.5 ms
08-10 23:23:29.382 16947 16991 D cellinfo: 46 bytes from 44.241.174.93: icmp_seq=10217 ttl=26 time=74.1 ms
08-10 23:23:29.565 16947 16991 D cellinfo: 46 bytes from 44.241.174.93: icmp_seq=10218 ttl=26 time=56.3 ms
08-10 23:23:29.780 16947 16991 D cellinfo: 46 bytes from 44.241.174.93: icmp_seq=10219 ttl=26 time=69.3 ms
08-10 23:23:29.837 16947 16947 D cellinfo: Latitude is 39.9617596
08-10 23:23:29.838 16947 16947 D cellinfo: Longitude is -104.9882041
08-10 23:23:29.838 16947 16947 D cellinfo: Instantaneous GPS information: United States, Dwight D. Eisenhower Hwy, Westminster, CO 80023, USA
08-10 23:23:29.838 16947 16947 D cellinfo: getCurrentLocation() result: Location (success): 39.9617596, -104.9882041
08-10 23:23:29.841 16947 16947 D cellinfo: onCellInfoChanged: Operator: Verizon Wireless UpdateTimestamp: 30242801 CellConnectionStatus: 1
08-10 23:23:29.841 16947 16947 D cellinfo: onCellInfoChanged: LTE Cell Bands: [66, 48, 48, 66] Bandwidth: 10000 Cell ID: 80714528 Physical Cell ID: 125 Tracking Area Code: 3842 EARFCN: 66586
08-10 23:23:29.979 16947 16991 D cellinfo: 46 bytes from 44.241.174.93: icmp_seq=10220 ttl=26 time=68.9 ms
08-10 23:23:30.179 16947 16991 D cellinfo: 46 bytes from 44.241.174.93: icmp_seq=10221 ttl=26 time=67.9 ms
08-10 23:23:30.379 16947 16991 D cellinfo: 46 bytes from 44.241.174.93: icmp_seq=10222 ttl=26 time=67.4 ms
08-10 23:23:30.580 16947 16991 D cellinfo: 46 bytes from 44.241.174.93: icmp_seq=10223 ttl=26 time=66.4 ms
08-10 23:23:30.790 16947 16991 D cellinfo: 46 bytes from 44.241.174.93: icmp_seq=10224 ttl=26 time=75.9 ms
08-10 23:23:30.996 16947 16991 D cellinfo: 46 bytes from 44.241.174.93: icmp_seq=10225 ttl=26 time=81.0 ms
08-10 23:23:31.204 16947 16991 D cellinfo: 46 bytes from 44.241.174.93: icmp_seq=10226 ttl=26 time=88.2 ms
08-10 23:23:31.388 16947 16991 D cellinfo: 46 bytes from 44.241.174.93: icmp_seq=10227 ttl=26 time=71.1 ms
08-10 23:23:31.596 16947 16991 D cellinfo: 46 bytes from 44.241.174.93: icmp_seq=10228 ttl=26 time=78.5 ms
08-10 23:23:31.805 16947 16991 D cellinfo: 46 bytes from 44.241.174.93: icmp_seq=10229 ttl=26 time=86.3 ms
08-10 23:23:32.001 16947 16991 D cellinfo: 46 bytes from 44.241.174.93: icmp_seq=10230 ttl=26 time=81.7 ms
08-10 23:23:32.069 16947 16947 D cellinfo: onsignalStrengthsChanged: LTE Signal Strength info: rsrp: -101 rsrq: -11 rssi: -83 rssnr: 4
08-10 23:23:32.205 16947 16991 D cellinfo: 46 bytes from 44.241.174.93: icmp_seq=10231 ttl=26 time=85.6 ms
08-10 23:23:32.389 16947 16991 D cellinfo: 46 bytes from 44.241.174.93: icmp_seq=10232 ttl=26 time=69.5 ms
08-10 23:23:32.588 16947 16991 D cellinfo: 46 bytes from 44.241.174.93: icmp_seq=10233 ttl=26 time=68.4 ms
08-10 23:23:32.799 16947 16991 D cellinfo: 46 bytes from 44.241.174.93: icmp_seq=10234 ttl=26 time=77.5 ms
08-10 23:23:32.805 16947 16947 D cellinfo: Latitude is 39.9613597
08-10 23:23:32.805 16947 16947 D cellinfo: Longitude is -104.9882041
08-10 23:23:32.805 16947 16947 D cellinfo: Instantaneous GPS information: United States, 14618 Delaware St, Westminster, CO 80023, USA
08-10 23:23:32.805 16947 16947 D cellinfo: getCurrentLocation() result: Location (success): 39.9613597, -104.9882041
08-10 23:23:32.808 16947 16947 D cellinfo: onCellInfoChanged: Operator: Verizon Wireless UpdateTimestamp: 30245788 CellConnectionStatus: 1
08-10 23:23:32.809 16947 16947 D cellinfo: onCellInfoChanged: LTE Cell Bands: [66, 48, 48, 66] Bandwidth: 10000 Cell ID: 80714528 Physical Cell ID: 125 Tracking Area Code: 3842 EARFCN: 66586
08-10 23:23:32.999 16947 16991 D cellinfo: 46 bytes from 44.241.174.93: icmp_seq=10235 ttl=26 time=77.1 ms
08-10 23:23:33.334 16947 16991 D cellinfo: 46 bytes from 44.241.174.93: icmp_seq=10236 ttl=26 time=211 ms
08-10 23:23:33.390 16947 16991 D cellinfo: 46 bytes from 44.241.174.93: icmp_seq=10237 ttl=26 time=65.7 ms
08-10 23:23:33.590 16947 16991 D cellinfo: 46 bytes from 44.241.174.93: icmp_seq=10238 ttl=26 time=64.9 ms
08-10 23:23:33.790 16947 16991 D cellinfo: 46 bytes from 44.241.174.93: icmp_seq=10239 ttl=26 time=64.4 ms
08-10 23:23:33.992 16947 16991 D cellinfo: 46 bytes from 44.241.174.93: icmp_seq=10240 ttl=26 time=65.3 ms
08-10 23:23:34.205 16947 16991 D cellinfo: 46 bytes from 44.241.174.93: icmp_seq=10241 ttl=26 time=78.6 ms
08-10 23:23:34.389 16947 16991 D cellinfo: 46 bytes from 44.241.174.93: icmp_seq=10242 ttl=26 time=62.2 ms
08-10 23:23:34.609 16947 16991 D cellinfo: 46 bytes from 44.241.174.93: icmp_seq=10243 ttl=26 time=81.6 ms
08-10 23:23:34.808 16947 16991 D cellinfo: 46 bytes from 44.241.174.93: icmp_seq=10244 ttl=26 time=80.2 ms
08-10 23:23:34.869 16947 16991 D cellinfo: 46 bytes from 44.241.174.93: icmp_seq=10244 ttl=26 time=141 ms (DUP!)
08-10 23:23:34.880 16947 16947 D cellinfo: onServiceStateChanged: Channel Number: 66586 Cell Bandwidths: [10000, 10000, 10000]
08-10 23:23:34.998 16947 16991 D cellinfo: 46 bytes from 44.241.174.93: icmp_seq=10245 ttl=26 time=69.6 ms
08-10 23:23:35.205 16947 16991 D cellinfo: 46 bytes from 44.241.174.93: icmp_seq=10246 ttl=26 time=76.1 ms
08-10 23:23:35.351 16947 16947 D cellinfo: onServiceStateChanged: Channel Number: 66586 Cell Bandwidths: [10000, 20000, 20000, 10000]
08-10 23:23:35.393 16947 16991 D cellinfo: 46 bytes from 44.241.174.93: icmp_seq=10247 ttl=26 time=64.1 ms
08-10 23:23:35.406 16947 16947 D cellinfo: onServiceStateChanged: Channel Number: 66586 Cell Bandwidths: [10000, 20000, 20000, 10000]
08-10 23:23:35.589 16947 16991 D cellinfo: 46 bytes from 44.241.174.93: icmp_seq=10248 ttl=26 time=58.6 ms
08-10 23:23:35.804 16947 16991 D cellinfo: 46 bytes from 44.241.174.93: icmp_seq=10249 ttl=26 time=71.8 ms
08-10 23:23:35.853 16947 16947 D cellinfo: Latitude is 39.9614326
08-10 23:23:35.853 16947 16947 D cellinfo: Longitude is -104.9882041
08-10 23:23:35.853 16947 16947 D cellinfo: Instantaneous GPS information: United States, 14618 Delaware St, Westminster, CO 80023, USA
08-10 23:23:35.853 16947 16947 D cellinfo: getCurrentLocation() result: Location (success): 39.9614326, -104.9882041
08-10 23:23:35.857 16947 16947 D cellinfo: onCellInfoChanged: Operator: Verizon Wireless UpdateTimestamp: 30248790 CellConnectionStatus: 1
08-10 23:23:35.857 16947 16947 D cellinfo: onCellInfoChanged: LTE Cell Bands: [66, 48, 48, 66] Bandwidth: 10000 Cell ID: 80714528 Physical Cell ID: 125 Tracking Area Code: 3842 EARFCN: 66586
08-10 23:23:36.004 16947 16991 D cellinfo: 46 bytes from 44.241.174.93: icmp_seq=10250 ttl=26 time=71.8 ms
08-10 23:23:36.218 16947 16991 D cellinfo: 46 bytes from 44.241.174.93: icmp_seq=10251 ttl=26 time=87.2 ms
08-10 23:23:36.412 16947 16991 D cellinfo: 46 bytes from 44.241.174.93: icmp_seq=10252 ttl=26 time=79.4 ms
08-10 23:23:36.612 16947 16991 D cellinfo: 46 bytes from 44.241.174.93: icmp_seq=10253 ttl=26 time=79.2 ms
08-10 23:23:36.804 16947 16991 D cellinfo: 46 bytes from 44.241.174.93: icmp_seq=10254 ttl=26 time=70.3 ms
08-10 23:23:37.003 16947 16991 D cellinfo: 46 bytes from 44.241.174.93: icmp_seq=10255 ttl=26 time=68.2 ms
08-10 23:23:37.204 16947 16991 D cellinfo: 46 bytes from 44.241.174.93: icmp_seq=10256 ttl=26 time=69.1 ms
08-10 23:23:37.349 16947 16947 D cellinfo: onsignalStrengthsChanged: LTE Signal Strength info: rsrp: -94 rsrq: -13 rssi: -71 rssnr: 4
08-10 23:23:37.403 16947 16991 D cellinfo: 46 bytes from 44.241.174.93: icmp_seq=10257 ttl=26 time=67.1 ms
08-10 23:23:37.615 16947 16991 D cellinfo: 46 bytes from 44.241.174.93: icmp_seq=10258 ttl=26 time=78.3 ms
08-10 23:23:37.803 16947 16991 D cellinfo: 46 bytes from 44.241.174.93: icmp_seq=10259 ttl=26 time=65.0 ms
08-10 23:23:38.006 16947 16991 D cellinfo: 46 bytes from 44.241.174.93: icmp_seq=10260 ttl=26 time=67.0 ms
08-10 23:23:38.204 16947 16991 D cellinfo: 46 bytes from 44.241.174.93: icmp_seq=10261 ttl=26 time=65.0 ms
08-10 23:23:38.403 16947 16991 D cellinfo: 46 bytes from 44.241.174.93: icmp_seq=10262 ttl=26 time=63.2 ms
08-10 23:23:38.486 16947 16947 D cellinfo: onCellInfoChanged: Operator: Verizon Wireless UpdateTimestamp: 30251787 CellConnectionStatus: 1
08-10 23:23:38.486 16947 16947 D cellinfo: onCellInfoChanged: LTE Cell Bands: [66, 48, 48, 66] Bandwidth: 10000 Cell ID: 80714528 Physical Cell ID: 125 Tracking Area Code: 3842 EARFCN: 66586
08-10 23:23:38.608 16947 16991 D cellinfo: 46 bytes from 44.241.174.93: icmp_seq=10263 ttl=26 time=67.5 ms
08-10 23:23:38.803 16947 16991 D cellinfo: 46 bytes from 44.241.174.93: icmp_seq=10264 ttl=26 time=60.8 ms
08-10 23:23:39.012 16947 16991 D cellinfo: 46 bytes from 44.241.174.93: icmp_seq=10265 ttl=26 time=68.7 ms
08-10 23:23:39.213 16947 16991 D cellinfo: 46 bytes from 44.241.174.93: icmp_seq=10266 ttl=26 time=70.1 ms
08-10 23:23:39.417 16947 16991 D cellinfo: 46 bytes from 44.241.174.93: icmp_seq=10267 ttl=26 time=73.3 ms
08-10 23:23:39.613 16947 16991 D cellinfo: 46 bytes from 44.241.174.93: icmp_seq=10268 ttl=26 time=67.6 ms
08-10 23:23:39.613 16947 16947 D cellinfo: Latitude is 39.9580783
08-10 23:23:39.613 16947 16947 D cellinfo: Longitude is -104.98819
08-10 23:23:39.613 16947 16947 D cellinfo: Instantaneous GPS information: United States, Dwight D. Eisenhower Hwy, Westminster, CO 80023, USA
08-10 23:23:39.613 16947 16947 D cellinfo: getCurrentLocation() result: Location (success): 39.9580783, -104.98819
08-10 23:23:39.813 16947 16991 D cellinfo: 46 bytes from 44.241.174.93: icmp_seq=10269 ttl=26 time=67.4 ms
08-10 23:23:40.014 16947 16991 D cellinfo: 46 bytes from 44.241.174.93: icmp_seq=10270 ttl=26 time=66.7 ms
08-10 23:23:40.215 16947 16991 D cellinfo: 46 bytes from 44.241.174.93: icmp_seq=10271 ttl=26 time=68.4 ms
08-10 23:23:40.421 16947 16991 D cellinfo: 46 bytes from 44.241.174.93: icmp_seq=10272 ttl=26 time=73.9 ms
08-10 23:23:40.613 16947 16991 D cellinfo: 46 bytes from 44.241.174.93: icmp_seq=10273 ttl=26 time=65.0 ms
08-10 23:23:40.813 16947 16991 D cellinfo: 46 bytes from 44.241.174.93: icmp_seq=10274 ttl=26 time=64.1 ms
08-10 23:23:41.017 16947 16991 D cellinfo: 46 bytes from 44.241.174.93: icmp_seq=10275 ttl=26 time=66.9 ms
08-10 23:23:41.239 16947 16991 D cellinfo: 46 bytes from 44.241.174.93: icmp_seq=10276 ttl=26 time=88.4 ms
08-10 23:23:41.350 16947 16947 D cellinfo: onsignalStrengthsChanged: LTE Signal Strength info: rsrp: -99 rsrq: -13 rssi: -77 rssnr: 3
08-10 23:23:41.431 16947 16991 D cellinfo: 46 bytes from 44.241.174.93: icmp_seq=10277 ttl=26 time=79.3 ms
08-10 23:23:41.452 16947 16947 D cellinfo: Latitude is 39.9580783
08-10 23:23:41.452 16947 16947 D cellinfo: Longitude is -104.98819
08-10 23:23:41.452 16947 16947 D cellinfo: Instantaneous GPS information: United States, Dwight D. Eisenhower Hwy, Westminster, CO 80023, USA
08-10 23:23:41.452 16947 16947 D cellinfo: getCurrentLocation() result: Location (success): 39.9580783, -104.98819
08-10 23:23:41.494 16947 16947 D cellinfo: onCellInfoChanged: Operator: Verizon Wireless UpdateTimestamp: 30254795 CellConnectionStatus: 1
08-10 23:23:41.494 16947 16947 D cellinfo: onCellInfoChanged: LTE Cell Bands: [66, 48, 48, 66] Bandwidth: 10000 Cell ID: 80714528 Physical Cell ID: 125 Tracking Area Code: 3842 EARFCN: 66586
08-10 23:23:41.616 16947 16991 D cellinfo: 46 bytes from 44.241.174.93: icmp_seq=10278 ttl=26 time=64.5 ms
08-10 23:23:41.823 16947 16991 D cellinfo: 46 bytes from 44.241.174.93: icmp_seq=10279 ttl=26 time=69.7 ms
08-10 23:23:42.039 16947 16991 D cellinfo: 46 bytes from 44.241.174.93: icmp_seq=10280 ttl=26 time=84.8 ms
08-10 23:23:42.224 16947 16991 D cellinfo: 46 bytes from 44.241.174.93: icmp_seq=10281 ttl=26 time=70.5 ms
08-10 23:23:42.435 16947 16991 D cellinfo: 46 bytes from 44.241.174.93: icmp_seq=10282 ttl=26 time=81.3 ms
08-10 23:23:42.623 16947 16991 D cellinfo: 46 bytes from 44.241.174.93: icmp_seq=10283 ttl=26 time=68.5 ms
08-10 23:23:42.823 16947 16991 D cellinfo: 46 bytes from 44.241.174.93: icmp_seq=10284 ttl=26 time=68.1 ms
08-10 23:23:43.033 16947 16991 D cellinfo: 46 bytes from 44.241.174.93: icmp_seq=10285 ttl=26 time=78.3 ms
08-10 23:23:43.222 16947 16991 D cellinfo: 46 bytes from 44.241.174.93: icmp_seq=10286 ttl=26 time=67.4 ms
08-10 23:23:43.424 16947 16991 D cellinfo: 46 bytes from 44.241.174.93: icmp_seq=10287 ttl=26 time=68.4 ms
08-10 23:23:43.623 16947 16991 D cellinfo: 46 bytes from 44.241.174.93: icmp_seq=10288 ttl=26 time=66.4 ms
08-10 23:23:43.827 16947 16991 D cellinfo: 46 bytes from 44.241.174.93: icmp_seq=10289 ttl=26 time=68.7 ms
08-10 23:23:44.034 16947 16991 D cellinfo: 46 bytes from 44.241.174.93: icmp_seq=10290 ttl=26 time=76.3 ms
08-10 23:23:44.224 16947 16991 D cellinfo: 46 bytes from 44.241.174.93: icmp_seq=10291 ttl=26 time=65.7 ms
08-10 23:23:44.423 16947 16991 D cellinfo: 46 bytes from 44.241.174.93: icmp_seq=10292 ttl=26 time=65.2 ms
08-10 23:23:44.624 16947 16991 D cellinfo: 46 bytes from 44.241.174.93: icmp_seq=10293 ttl=26 time=63.7 ms
08-10 23:23:44.833 16947 16947 D cellinfo: Latitude is 39.9575843
08-10 23:23:44.833 16947 16947 D cellinfo: Longitude is -104.9881788
08-10 23:23:44.833 16947 16947 D cellinfo: Instantaneous GPS information: United States, W 144th Ave, Thornton, CO 80023, USA
08-10 23:23:44.833 16947 16947 D cellinfo: getCurrentLocation() result: Location (success): 39.9575843, -104.9881788
08-10 23:23:44.834 16947 16947 D cellinfo: onCellInfoChanged: Operator: Verizon Wireless UpdateTimestamp: 30257780 CellConnectionStatus: 1
08-10 23:23:44.834 16947 16947 D cellinfo: onCellInfoChanged: LTE Cell Bands: [66, 48, 48, 66] Bandwidth: 10000 Cell ID: 80714528 Physical Cell ID: 125 Tracking Area Code: 3842 EARFCN: 66586
08-10 23:23:44.843 16947 16991 D cellinfo: 46 bytes from 44.241.174.93: icmp_seq=10294 ttl=26 time=81.6 ms
08-10 23:23:45.041 16947 16991 D cellinfo: 46 bytes from 44.241.174.93: icmp_seq=10295 ttl=26 time=80.3 ms
08-10 23:23:45.223 16947 16991 D cellinfo: 46 bytes from 44.241.174.93: icmp_seq=10296 ttl=26 time=62.5 ms
08-10 23:23:45.344 16947 16947 D cellinfo: onsignalStrengthsChanged: LTE Signal Strength info: rsrp: -95 rsrq: -13 rssi: -75 rssnr: 0
08-10 23:23:45.432 16947 16991 D cellinfo: 46 bytes from 44.241.174.93: icmp_seq=10297 ttl=26 time=70.6 ms
08-10 23:23:45.642 16947 16991 D cellinfo: 46 bytes from 44.241.174.93: icmp_seq=10298 ttl=26 time=77.8 ms
08-10 23:23:45.833 16947 16991 D cellinfo: 46 bytes from 44.241.174.93: icmp_seq=10299 ttl=26 time=68.3 ms
08-10 23:23:46.034 16947 16991 D cellinfo: 46 bytes from 44.241.174.93: icmp_seq=10300 ttl=26 time=68.2 ms
08-10 23:23:46.233 16947 16991 D cellinfo: 46 bytes from 44.241.174.93: icmp_seq=10301 ttl=26 time=66.8 ms
08-10 23:23:46.434 16947 16991 D cellinfo: 46 bytes from 44.241.174.93: icmp_seq=10302 ttl=26 time=66.6 ms
08-10 23:23:46.633 16947 16991 D cellinfo: 46 bytes from 44.241.174.93: icmp_seq=10303 ttl=26 time=65.5 ms
08-10 23:23:46.789 16947 16947 D cellinfo: onCellInfoChanged: Operator: Verizon Wireless UpdateTimestamp: 30260089 CellConnectionStatus: 1
08-10 23:23:46.790 16947 16947 D cellinfo: onCellInfoChanged: LTE Cell Bands: [66, 48, 48, 66] Bandwidth: 10000 Cell ID: 80714528 Physical Cell ID: 125 Tracking Area Code: 3842 EARFCN: 66586
08-10 23:23:46.834 16947 16991 D cellinfo: 46 bytes from 44.241.174.93: icmp_seq=10304 ttl=26 time=64.9 ms
08-10 23:23:47.062 16947 16991 D cellinfo: 46 bytes from 44.241.174.93: icmp_seq=10305 ttl=26 time=90.1 ms
08-10 23:23:47.228 16947 16991 D cellinfo: 46 bytes from 44.241.174.93: icmp_seq=10306 ttl=26 time=57.2 ms
08-10 23:23:47.481 16947 16991 D cellinfo: 46 bytes from 44.241.174.93: icmp_seq=10307 ttl=26 time=108 ms
08-10 23:23:47.689 16947 16991 D cellinfo: 46 bytes from 44.241.174.93: icmp_seq=10308 ttl=26 time=117 ms
08-10 23:23:47.857 16947 16991 D cellinfo: 46 bytes from 44.241.174.93: icmp_seq=10309 ttl=26 time=83.7 ms
08-10 23:23:47.881 16947 16947 D cellinfo: Latitude is 39.9571071
08-10 23:23:47.881 16947 16947 D cellinfo: Longitude is -104.988168
08-10 23:23:47.881 16947 16947 D cellinfo: Instantaneous GPS information: United States, Dwight D. Eisenhower Hwy, Westminster, CO 80023, USA
08-10 23:23:47.881 16947 16947 D cellinfo: getCurrentLocation() result: Location (success): 39.9571071, -104.988168
08-10 23:23:48.113 16947 16991 D cellinfo: 46 bytes from 44.241.174.93: icmp_seq=10310 ttl=26 time=139 ms
08-10 23:23:48.276 16947 16991 D cellinfo: 46 bytes from 44.241.174.93: icmp_seq=10311 ttl=26 time=103 ms
08-10 23:23:48.372 16947 16947 D cellinfo: onsignalStrengthsChanged: LTE Signal Strength info: rsrp: -98 rsrq: -11 rssi: -79 rssnr: 1
08-10 23:23:48.468 16947 16991 D cellinfo: 46 bytes from 44.241.174.93: icmp_seq=10312 ttl=26 time=93.8 ms
08-10 23:23:48.652 16947 16991 D cellinfo: 46 bytes from 44.241.174.93: icmp_seq=10313 ttl=26 time=77.4 ms
08-10 23:23:48.853 16947 16991 D cellinfo: 46 bytes from 44.241.174.93: icmp_seq=10314 ttl=26 time=77.9 ms
