08-10 23:44:34.056 24975 25049 D cellinfo: 46 bytes from 44.241.174.93: icmp_seq=3594 ttl=26 time=66.1 ms
08-10 23:44:34.256 24975 25049 D cellinfo: 46 bytes from 44.241.174.93: icmp_seq=3595 ttl=26 time=66.2 ms
08-10 23:44:34.456 24975 25049 D cellinfo: 46 bytes from 44.241.174.93: icmp_seq=3596 ttl=26 time=65.1 ms
08-10 23:44:34.608 24975 24975 D cellinfo: onCellInfoChanged: Operator: Verizon Wireless UpdateTimestamp: 31507909 CellConnectionStatus: 1
08-10 23:44:34.608 24975 24975 D cellinfo: onCellInfoChanged: LTE Cell Bands: [66, 66, 5, 2] Bandwidth: 10000 Cell ID: 80504844 Physical Cell ID: 228 Tracking Area Code: 3589 EARFCN: 66586
08-10 23:44:34.673 24975 25049 D cellinfo: 46 bytes from 44.241.174.93: icmp_seq=3597 ttl=26 time=82.1 ms
08-10 23:44:34.856 24975 25049 D cellinfo: 46 bytes from 44.241.174.93: icmp_seq=3598 ttl=26 time=64.6 ms
08-10 23:44:35.056 24975 25049 D cellinfo: 46 bytes from 44.241.174.93: icmp_seq=3599 ttl=26 time=64.0 ms
08-10 23:44:35.256 24975 25049 D cellinfo: 46 bytes from 44.241.174.93: icmp_seq=3600 ttl=26 time=64.2 ms
08-10 23:44:35.466 24975 25049 D cellinfo: 46 bytes from 44.241.174.93: icmp_seq=3601 ttl=26 time=71.8 ms
08-10 23:44:35.658 24975 24975 D cellinfo: Latitude is 39.7252338
08-10 23:44:35.658 24975 24975 D cellinfo: Longitude is -105.0249851
08-10 23:44:35.658 24975 24975 D cellinfo: Instantaneous GPS information: United States, 61 Weir Gulch Trail, Denver, CO 80204, USA
08-10 23:44:35.658 24975 24975 D cellinfo: getCurrentLocation() result: Location (success): 39.7252338, -105.0249851
08-10 23:44:35.667 24975 25049 D cellinfo: 46 bytes from 44.241.174.93: icmp_seq=3602 ttl=26 time=72.9 ms
08-10 23:44:35.866 24975 25049 D cellinfo: 46 bytes from 44.241.174.93: icmp_seq=3603 ttl=26 time=71.8 ms
08-10 23:44:36.066 24975 25049 D cellinfo: 46 bytes from 44.241.174.93: icmp_seq=3604 ttl=26 time=70.8 ms
08-10 23:44:36.265 24975 25049 D cellinfo: 46 bytes from 44.241.174.93: icmp_seq=3605 ttl=26 time=70.5 ms
08-10 23:44:36.466 24975 25049 D cellinfo: 46 bytes from 44.241.174.93: icmp_seq=3606 ttl=26 time=70.4 ms
08-10 23:44:36.666 24975 25049 D cellinfo: 46 bytes from 44.241.174.93: icmp_seq=3607 ttl=26 time=70.0 ms
08-10 23:44:36.804 24975 24975 D cellinfo: onsignalStrengthsChanged: LTE Signal Strength info: rsrp: -86 rsrq: -14 rssi: -65 rssnr: 5
08-10 23:44:36.866 24975 25049 D cellinfo: 46 bytes from 44.241.174.93: icmp_seq=3608 ttl=26 time=69.1 ms
08-10 23:44:37.066 24975 25049 D cellinfo: 46 bytes from 44.241.174.93: icmp_seq=3609 ttl=26 time=68.4 ms
08-10 23:44:37.266 24975 25049 D cellinfo: 46 bytes from 44.241.174.93: icmp_seq=3610 ttl=26 time=68.5 ms
08-10 23:44:37.466 24975 25049 D cellinfo: 46 bytes from 44.241.174.93: icmp_seq=3611 ttl=26 time=68.0 ms
08-10 23:44:37.568 24975 24975 D cellinfo: Latitude is 39.7252338
08-10 23:44:37.568 24975 24975 D cellinfo: Longitude is -105.0249851
08-10 23:44:37.568 24975 24975 D cellinfo: Instantaneous GPS information: United States, 61 Weir Gulch Trail, Denver, CO 80204, USA
08-10 23:44:37.568 24975 24975 D cellinfo: getCurrentLocation() result: Location (success): 39.7252338, -105.0249851
08-10 23:44:37.619 24975 24975 D cellinfo: onCellInfoChanged: Operator: Verizon Wireless UpdateTimestamp: 31510919 CellConnectionStatus: 1
08-10 23:44:37.619 24975 24975 D cellinfo: onCellInfoChanged: LTE Cell Bands: [66, 66, 5, 2] Bandwidth: 10000 Cell ID: 80504844 Physical Cell ID: 228 Tracking Area Code: 3589 EARFCN: 66586
08-10 23:44:37.672 24975 25049 D cellinfo: 46 bytes from 44.241.174.93: icmp_seq=3612 ttl=26 time=73.9 ms
08-10 23:44:37.874 24975 25049 D cellinfo: 46 bytes from 44.241.174.93: icmp_seq=3613 ttl=26 time=75.0 ms
08-10 23:44:38.065 24975 25049 D cellinfo: 46 bytes from 44.241.174.93: icmp_seq=3614 ttl=26 time=65.4 ms
08-10 23:44:38.266 24975 25049 D cellinfo: 46 bytes from 44.241.174.93: icmp_seq=3615 ttl=26 time=66.3 ms
08-10 23:44:38.474 24975 25049 D cellinfo: 46 bytes from 44.241.174.93: icmp_seq=3616 ttl=26 time=73.0 ms
08-10 23:44:38.666 24975 25049 D cellinfo: 46 bytes from 44.241.174.93: icmp_seq=3617 ttl=26 time=64.7 ms
08-10 23:44:38.874 24975 25049 D cellinfo: 46 bytes from 44.241.174.93: icmp_seq=3618 ttl=26 time=72.0 ms
08-10 23:44:39.076 24975 25049 D cellinfo: 46 bytes from 44.241.174.93: icmp_seq=3619 ttl=26 time=73.3 ms
08-10 23:44:39.287 24975 25049 D cellinfo: 46 bytes from 44.241.174.93: icmp_seq=3620 ttl=26 time=82.8 ms
08-10 23:44:39.476 24975 25049 D cellinfo: 46 bytes from 44.241.174.93: icmp_seq=3621 ttl=26 time=71.6 ms
08-10 23:44:39.676 24975 25049 D cellinfo: 46 bytes from 44.241.174.93: icmp_seq=3622 ttl=26 time=71.1 ms
08-10 23:44:39.877 24975 25049 D cellinfo: 46 bytes from 44.241.174.93: icmp_seq=3623 ttl=26 time=70.5 ms
08-10 23:44:40.084 24975 25049 D cellinfo: 46 bytes from 44.241.174.93: icmp_seq=3624 ttl=26 time=77.2 ms
08-10 23:44:40.279 24975 25049 D cellinfo: 46 bytes from 44.241.174.93: icmp_seq=3625 ttl=26 time=70.8 ms
08-10 23:44:40.476 24975 25049 D cellinfo: 46 bytes from 44.241.174.93: icmp_seq=3626 ttl=26 time=67.4 ms
08-10 23:44:40.679 24975 25049 D cellinfo: 46 bytes from 44.241.174.93: icmp_seq=3627 ttl=26 time=69.9 ms
08-10 23:44:40.876 24975 25049 D cellinfo: 46 bytes from 44.241.174.93: icmp_seq=3628 ttl=26 time=66.5 ms
08-10 23:44:41.004 24975 24975 D cellinfo: Latitude is 39.7253216
08-10 23:44:41.005 24975 24975 D cellinfo: Longitude is -105.0249264
08-10 23:44:41.005 24975 24975 D cellinfo: Instantaneous GPS information: United States, 61 Weir Gulch Trail, Denver, CO 80204, USA
08-10 23:44:41.005 24975 24975 D cellinfo: getCurrentLocation() result: Location (success): 39.7253216, -105.0249264
08-10 23:44:41.009 24975 24975 D cellinfo: onCellInfoChanged: Operator: Verizon Wireless UpdateTimestamp: 31513913 CellConnectionStatus: 1
08-10 23:44:41.009 24975 24975 D cellinfo: onCellInfoChanged: LTE Cell Bands: [66, 66, 5, 2] Bandwidth: 10000 Cell ID: 80504844 Physical Cell ID: 228 Tracking Area Code: 3589 EARFCN: 66586
08-10 23:44:41.010 24975 24975 D cellinfo: onsignalStrengthsChanged: LTE Signal Strength info: rsrp: -81 rsrq: -15 rssi: -59 rssnr: 0
08-10 23:44:41.081 24975 25049 D cellinfo: 46 bytes from 44.241.174.93: icmp_seq=3629 ttl=26 time=71.0 ms
08-10 23:44:41.275 24975 25049 D cellinfo: 46 bytes from 44.241.174.93: icmp_seq=3630 ttl=26 time=64.0 ms
08-10 23:44:41.476 24975 25049 D cellinfo: 46 bytes from 44.241.174.93: icmp_seq=3631 ttl=26 time=65.0 ms
08-10 23:44:41.680 24975 25049 D cellinfo: 46 bytes from 44.241.174.93: icmp_seq=3632 ttl=26 time=67.6 ms
08-10 23:44:41.886 24975 25049 D cellinfo: 46 bytes from 44.241.174.93: icmp_seq=3633 ttl=26 time=72.8 ms
08-10 23:44:42.087 24975 25049 D cellinfo: 46 bytes from 44.241.174.93: icmp_seq=3634 ttl=26 time=73.1 ms
08-10 23:44:42.286 24975 25049 D cellinfo: 46 bytes from 44.241.174.93: icmp_seq=3635 ttl=26 time=71.1 ms
08-10 23:44:42.486 24975 25049 D cellinfo: 46 bytes from 44.241.174.93: icmp_seq=3636 ttl=26 time=70.2 ms
08-10 23:44:42.686 24975 25049 D cellinfo: 46 bytes from 44.241.174.93: icmp_seq=3637 ttl=26 time=69.1 ms
08-10 23:44:42.887 24975 25049 D cellinfo: 46 bytes from 44.241.174.93: icmp_seq=3638 ttl=26 time=69.3 ms
08-10 23:44:43.086 24975 25049 D cellinfo: 46 bytes from 44.241.174.93: icmp_seq=3639 ttl=26 time=66.9 ms
08-10 23:44:43.288 24975 25049 D cellinfo: 46 bytes from 44.241.174.93: icmp_seq=3640 ttl=26 time=67.6 ms
08-10 23:44:43.485 24975 25049 D cellinfo: 46 bytes from 44.241.174.93: icmp_seq=3641 ttl=26 time=64.6 ms
08-10 23:44:43.688 24975 25049 D cellinfo: 46 bytes from 44.241.174.93: icmp_seq=3642 ttl=26 time=66.6 ms
08-10 23:44:43.896 24975 25049 D cellinfo: 46 bytes from 44.241.174.93: icmp_seq=3643 ttl=26 time=74.1 ms
08-10 23:44:43.969 24975 24975 D cellinfo: Latitude is 39.7253774
08-10 23:44:43.969 24975 24975 D cellinfo: Longitude is -105.0248887
08-10 23:44:43.969 24975 24975 D cellinfo: Instantaneous GPS information: United States, 61 Weir Gulch Trail, Denver, CO 80204, USA
08-10 23:44:43.969 24975 24975 D cellinfo: getCurrentLocation() result: Location (success): 39.7253774, -105.0248887
08-10 23:44:43.972 24975 24975 D cellinfo: onCellInfoChanged: Operator: Verizon Wireless UpdateTimestamp: 31516914 CellConnectionStatus: 1
08-10 23:44:43.972 24975 24975 D cellinfo: onCellInfoChanged: LTE Cell Bands: [66, 66, 5, 2] Bandwidth: 10000 Cell ID: 80504844 Physical Cell ID: 228 Tracking Area Code: 3589 EARFCN: 66586
08-10 23:44:44.086 24975 25049 D cellinfo: 46 bytes from 44.241.174.93: icmp_seq=3644 ttl=26 time=64.1 ms
08-10 23:44:44.286 24975 25049 D cellinfo: 46 bytes from 44.241.174.93: icmp_seq=3645 ttl=26 time=62.8 ms
08-10 23:44:44.496 24975 25049 D cellinfo: 46 bytes from 44.241.174.93: icmp_seq=3646 ttl=26 time=72.3 ms
08-10 23:44:44.696 24975 25049 D cellinfo: 46 bytes from 44.241.174.93: icmp_seq=3647 ttl=26 time=71.1 ms
08-10 23:44:44.804 24975 24975 D cellinfo: onsignalStrengthsChanged: LTE Signal Strength info: rsrp: -79 rsrq: -8 rssi: -63 rssnr: 2
08-10 23:44:44.896 24975 25049 D cellinfo: 46 bytes from 44.241.174.93: icmp_seq=3648 ttl=26 time=70.2 ms
08-10 23:44:45.096 24975 25049 D cellinfo: 46 bytes from 44.241.174.93: icmp_seq=3649 ttl=26 time=69.2 ms
08-10 23:44:45.296 24975 25049 D cellinfo: 46 bytes from 44.241.174.93: icmp_seq=3650 ttl=26 time=68.3 ms
08-10 23:44:45.495 24975 25049 D cellinfo: 46 bytes from 44.241.174.93: icmp_seq=3651 ttl=26 time=66.9 ms
08-10 23:44:45.698 24975 25049 D cellinfo: 46 bytes from 44.241.174.93: icmp_seq=3652 ttl=26 time=69.1 ms
08-10 23:44:45.896 24975 25049 D cellinfo: 46 bytes from 44.241.174.93: icmp_seq=3653 ttl=26 time=66.6 ms
08-10 23:44:46.098 24975 25049 D cellinfo: 46 bytes from 44.241.174.93: icmp_seq=3654 ttl=26 time=65.9 ms
08-10 23:44:46.298 24975 25049 D cellinfo: 46 bytes from 44.241.174.93: icmp_seq=3655 ttl=26 time=66.2 ms
08-10 23:44:46.497 24975 25049 D cellinfo: 46 bytes from 44.241.174.93: icmp_seq=3656 ttl=26 time=65.1 ms
08-10 23:44:46.705 24975 25049 D cellinfo: 46 bytes from 44.241.174.93: icmp_seq=3657 ttl=26 time=72.0 ms
08-10 23:44:46.907 24975 25049 D cellinfo: 46 bytes from 44.241.174.93: icmp_seq=3658 ttl=26 time=73.3 ms
08-10 23:44:46.945 24975 24975 D cellinfo: Latitude is 39.7253582
08-10 23:44:46.945 24975 24975 D cellinfo: Longitude is -105.0249007
08-10 23:44:46.945 24975 24975 D cellinfo: Instantaneous GPS information: United States, 61 Weir Gulch Trail, Denver, CO 80204, USA
08-10 23:44:46.945 24975 24975 D cellinfo: getCurrentLocation() result: Location (success): 39.7253582, -105.0249007
08-10 23:44:46.949 24975 24975 D cellinfo: onCellInfoChanged: Operator: Verizon Wireless UpdateTimestamp: 31519901 CellConnectionStatus: 1
08-10 23:44:46.949 24975 24975 D cellinfo: onCellInfoChanged: LTE Cell Bands: [66, 66, 5, 2] Bandwidth: 10000 Cell ID: 80504844 Physical Cell ID: 228 Tracking Area Code: 3589 EARFCN: 66586
08-10 23:44:47.105 24975 25049 D cellinfo: 46 bytes from 44.241.174.93: icmp_seq=3659 ttl=26 time=71.1 ms
08-10 23:44:47.305 24975 25049 D cellinfo: 46 bytes from 44.241.174.93: icmp_seq=3660 ttl=26 time=70.2 ms
08-10 23:44:47.507 24975 25049 D cellinfo: 46 bytes from 44.241.174.93: icmp_seq=3661 ttl=26 time=70.8 ms
08-10 23:44:47.705 24975 25049 D cellinfo: 46 bytes from 44.241.174.93: icmp_seq=3662 ttl=26 time=68.4 ms
08-10 23:44:47.906 24975 25049 D cellinfo: 46 bytes from 44.241.174.93: icmp_seq=3663 ttl=26 time=69.5 ms
08-10 23:44:48.106 24975 25049 D cellinfo: 46 bytes from 44.241.174.93: icmp_seq=3664 ttl=26 time=67.4 ms
08-10 23:44:48.307 24975 25049 D cellinfo: 46 bytes from 44.241.174.93: icmp_seq=3665 ttl=26 time=68.6 ms
08-10 23:44:48.506 24975 25049 D cellinfo: 46 bytes from 44.241.174.93: icmp_seq=3666 ttl=26 time=67.0 ms
08-10 23:44:48.707 24975 25049 D cellinfo: 46 bytes from 44.241.174.93: icmp_seq=3667 ttl=26 time=66.4 ms
08-10 23:44:48.907 24975 25049 D cellinfo: 46 bytes from 44.241.174.93: icmp_seq=3668 ttl=26 time=65.9 ms
08-10 23:44:49.105 24975 25049 D cellinfo: 46 bytes from 44.241.174.93: icmp_seq=3669 ttl=26 time=64.1 ms
08-10 23:44:49.308 24975 25049 D cellinfo: 46 bytes from 44.241.174.93: icmp_seq=3670 ttl=26 time=65.3 ms
08-10 23:44:49.509 24975 25049 D cellinfo: 46 bytes from 44.241.174.93: icmp_seq=3671 ttl=26 time=66.0 ms
08-10 23:44:49.611 24975 24975 D cellinfo: onCellInfoChanged: Operator: Verizon Wireless UpdateTimestamp: 31522912 CellConnectionStatus: 1
08-10 23:44:49.611 24975 24975 D cellinfo: onCellInfoChanged: LTE Cell Bands: [66, 66, 5, 2] Bandwidth: 10000 Cell ID: 80504844 Physical Cell ID: 228 Tracking Area Code: 3589 EARFCN: 66586
08-10 23:44:49.701 24975 25049 D cellinfo: 46 bytes from 44.241.174.93: icmp_seq=3672 ttl=26 time=57.5 ms
08-10 23:44:49.916 24975 25049 D cellinfo: 46 bytes from 44.241.174.93: icmp_seq=3673 ttl=26 time=71.9 ms
08-10 23:44:50.117 24975 25049 D cellinfo: 46 bytes from 44.241.174.93: icmp_seq=3674 ttl=26 time=71.4 ms
08-10 23:44:50.315 24975 25049 D cellinfo: 46 bytes from 44.241.174.93: icmp_seq=3675 ttl=26 time=69.8 ms
08-10 23:44:50.519 24975 25049 D cellinfo: 46 bytes from 44.241.174.93: icmp_seq=3676 ttl=26 time=72.6 ms
08-10 23:44:50.667 24975 24975 D cellinfo: Latitude is 39.7255138
08-10 23:44:50.667 24975 24975 D cellinfo: Longitude is -105.0249558
08-10 23:44:50.667 24975 24975 D cellinfo: Instantaneous GPS information: United States, 61 Weir Gulch Trail, Denver, CO 80204, USA
08-10 23:44:50.667 24975 24975 D cellinfo: getCurrentLocation() result: Location (success): 39.7255138, -105.0249558
08-10 23:44:50.714 24975 25049 D cellinfo: 46 bytes from 44.241.174.93: icmp_seq=3677 ttl=26 time=66.6 ms
08-10 23:44:50.915 24975 25049 D cellinfo: 46 bytes from 44.241.174.93: icmp_seq=3678 ttl=26 time=67.0 ms
08-10 23:44:51.116 24975 25049 D cellinfo: 46 bytes from 44.241.174.93: icmp_seq=3679 ttl=26 time=67.5 ms
08-10 23:44:51.316 24975 25049 D cellinfo: 46 bytes from 44.241.174.93: icmp_seq=3680 ttl=26 time=66.1 ms
08-10 23:44:51.516 24975 25049 D cellinfo: 46 bytes from 44.241.174.93: icmp_seq=3681 ttl=26 time=65.3 ms
08-10 23:44:51.716 24975 25049 D cellinfo: 46 bytes from 44.241.174.93: icmp_seq=3682 ttl=26 time=63.4 ms
08-10 23:44:51.915 24975 25049 D cellinfo: 46 bytes from 44.241.174.93: icmp_seq=3683 ttl=26 time=62.4 ms
08-10 23:44:52.127 24975 25049 D cellinfo: 46 bytes from 44.241.174.93: icmp_seq=3684 ttl=26 time=72.9 ms
08-10 23:44:52.327 24975 25049 D cellinfo: 46 bytes from 44.241.174.93: icmp_seq=3685 ttl=26 time=73.2 ms
08-10 23:44:52.526 24975 25049 D cellinfo: 46 bytes from 44.241.174.93: icmp_seq=3686 ttl=26 time=71.0 ms
08-10 23:44:52.566 24975 24975 D cellinfo: Latitude is 39.7255138
08-10 23:44:52.566 24975 24975 D cellinfo: Longitude is -105.0249558
08-10 23:44:52.566 24975 24975 D cellinfo: Instantaneous GPS information: United States, 61 Weir Gulch Trail, Denver, CO 80204, USA
08-10 23:44:52.566 24975 24975 D cellinfo: getCurrentLocation() result: Location (success): 39.7255138, -105.0249558
08-10 23:44:52.616 24975 24975 D cellinfo: onCellInfoChanged: Operator: Verizon Wireless UpdateTimestamp: 31525917 CellConnectionStatus: 1
08-10 23:44:52.616 24975 24975 D cellinfo: onCellInfoChanged: LTE Cell Bands: [66, 66, 5, 2] Bandwidth: 10000 Cell ID: 80504844 Physical Cell ID: 228 Tracking Area Code: 3589 EARFCN: 66586
08-10 23:44:52.726 24975 25049 D cellinfo: 46 bytes from 44.241.174.93: icmp_seq=3687 ttl=26 time=69.4 ms
08-10 23:44:52.927 24975 25049 D cellinfo: 46 bytes from 44.241.174.93: icmp_seq=3688 ttl=26 time=70.3 ms
08-10 23:44:53.128 24975 25049 D cellinfo: 46 bytes from 44.241.174.93: icmp_seq=3689 ttl=26 time=70.2 ms
08-10 23:44:53.326 24975 25049 D cellinfo: 46 bytes from 44.241.174.93: icmp_seq=3690 ttl=26 time=68.8 ms
08-10 23:44:53.536 24975 25049 D cellinfo: 46 bytes from 44.241.174.93: icmp_seq=3691 ttl=26 time=78.4 ms
08-10 23:44:53.728 24975 25049 D cellinfo: 46 bytes from 44.241.174.93: icmp_seq=3692 ttl=26 time=67.7 ms
08-10 23:44:53.929 24975 25049 D cellinfo: 46 bytes from 44.241.174.93: icmp_seq=3693 ttl=26 time=68.9 ms
08-10 23:44:54.128 24975 25049 D cellinfo: 46 bytes from 44.241.174.93: icmp_seq=3694 ttl=26 time=66.8 ms
08-10 23:44:54.328 24975 25049 D cellinfo: 46 bytes from 44.241.174.93: icmp_seq=3695 ttl=26 time=66.6 ms
08-10 23:44:54.529 24975 25049 D cellinfo: 46 bytes from 44.241.174.93: icmp_seq=3696 ttl=26 time=67.3 ms
08-10 23:44:54.728 24975 25049 D cellinfo: 46 bytes from 44.241.174.93: icmp_seq=3697 ttl=26 time=64.4 ms
08-10 23:44:54.938 24975 25049 D cellinfo: 46 bytes from 44.241.174.93: icmp_seq=3698 ttl=26 time=74.7 ms
08-10 23:44:55.137 24975 25049 D cellinfo: 46 bytes from 44.241.174.93: icmp_seq=3699 ttl=26 time=73.1 ms
08-10 23:44:55.336 24975 25049 D cellinfo: 46 bytes from 44.241.174.93: icmp_seq=3700 ttl=26 time=71.2 ms
08-10 23:44:55.552 24975 25049 D cellinfo: 46 bytes from 44.241.174.93: icmp_seq=3701 ttl=26 time=85.5 ms
08-10 23:44:55.566 24975 24975 D cellinfo: Latitude is 39.725514
08-10 23:44:55.566 24975 24975 D cellinfo: Longitude is -105.0249558
08-10 23:44:55.566 24975 24975 D cellinfo: Instantaneous GPS information: United States, 61 Weir Gulch Trail, Denver, CO 80204, USA
08-10 23:44:55.566 24975 24975 D cellinfo: getCurrentLocation() result: Location (success): 39.725514, -105.0249558
08-10 23:44:55.609 24975 24975 D cellinfo: onCellInfoChanged: Operator: Verizon Wireless UpdateTimestamp: 31528910 CellConnectionStatus: 1
08-10 23:44:55.609 24975 24975 D cellinfo: onCellInfoChanged: LTE Cell Bands: [66, 66, 5, 2] Bandwidth: 10000 Cell ID: 80504844 Physical Cell ID: 228 Tracking Area Code: 3589 EARFCN: 66586
08-10 23:44:55.730 24975 25049 D cellinfo: 46 bytes from 44.241.174.93: icmp_seq=3702 ttl=26 time=63.1 ms
08-10 23:44:55.939 24975 25049 D cellinfo: 46 bytes from 44.241.174.93: icmp_seq=3703 ttl=26 time=71.1 ms
08-10 23:44:56.138 24975 25049 D cellinfo: 46 bytes from 44.241.174.93: icmp_seq=3704 ttl=26 time=69.3 ms
08-10 23:44:56.336 24975 25049 D cellinfo: 46 bytes from 44.241.174.93: icmp_seq=3705 ttl=26 time=66.3 ms
08-10 23:44:56.535 24975 25049 D cellinfo: 46 bytes from 44.241.174.93: icmp_seq=3706 ttl=26 time=64.3 ms
08-10 23:44:56.737 24975 25049 D cellinfo: 46 bytes from 44.241.174.93: icmp_seq=3707 ttl=26 time=65.5 ms
08-10 23:44:56.936 24975 25049 D cellinfo: 46 bytes from 44.241.174.93: icmp_seq=3708 ttl=26 time=64.1 ms
08-10 23:44:57.136 24975 25049 D cellinfo: 46 bytes from 44.241.174.93: icmp_seq=3709 ttl=26 time=63.3 ms
08-10 23:44:57.346 24975 25049 D cellinfo: 46 bytes from 44.241.174.93: icmp_seq=3710 ttl=26 time=73.0 ms
08-10 23:44:57.549 24975 25049 D cellinfo: 46 bytes from 44.241.174.93: icmp_seq=3711 ttl=26 time=75.2 ms
08-10 23:44:57.751 24975 25049 D cellinfo: 46 bytes from 44.241.174.93: icmp_seq=3712 ttl=26 time=76.2 ms
08-10 23:44:57.951 24975 25049 D cellinfo: 46 bytes from 44.241.174.93: icmp_seq=3713 ttl=26 time=75.0 ms
08-10 23:44:58.151 24975 25049 D cellinfo: 46 bytes from 44.241.174.93: icmp_seq=3714 ttl=26 time=73.6 ms
08-10 23:44:58.346 24975 25049 D cellinfo: 46 bytes from 44.241.174.93: icmp_seq=3715 ttl=26 time=68.7 ms
08-10 23:44:58.554 24975 25049 D cellinfo: 46 bytes from 44.241.174.93: icmp_seq=3716 ttl=26 time=76.2 ms
08-10 23:44:58.579 24975 24975 D cellinfo: Latitude is 39.7255143
08-10 23:44:58.579 24975 24975 D cellinfo: Longitude is -105.0249559
08-10 23:44:58.579 24975 24975 D cellinfo: Instantaneous GPS information: United States, 61 Weir Gulch Trail, Denver, CO 80204, USA
08-10 23:44:58.579 24975 24975 D cellinfo: getCurrentLocation() result: Location (success): 39.7255143, -105.0249559
08-10 23:44:58.608 24975 24975 D cellinfo: onCellInfoChanged: Operator: Verizon Wireless UpdateTimestamp: 31531909 CellConnectionStatus: 1
08-10 23:44:58.608 24975 24975 D cellinfo: onCellInfoChanged: LTE Cell Bands: [66, 66, 5, 2] Bandwidth: 10000 Cell ID: 80504844 Physical Cell ID: 228 Tracking Area Code: 3589 EARFCN: 66586
08-10 23:44:58.746 24975 25049 D cellinfo: 46 bytes from 44.241.174.93: icmp_seq=3717 ttl=26 time=67.2 ms
08-10 23:44:58.946 24975 25049 D cellinfo: 46 bytes from 44.241.174.93: icmp_seq=3718 ttl=26 time=66.5 ms
08-10 23:44:59.146 24975 25049 D cellinfo: 46 bytes from 44.241.174.93: icmp_seq=3719 ttl=26 time=65.2 ms
08-10 23:44:59.346 24975 25049 D cellinfo: 46 bytes from 44.241.174.93: icmp_seq=3720 ttl=26 time=64.4 ms
08-10 23:44:59.546 24975 25049 D cellinfo: 46 bytes from 44.241.174.93: icmp_seq=3721 ttl=26 time=63.6 ms
08-10 23:44:59.747 24975 25049 D cellinfo: 46 bytes from 44.241.174.93: icmp_seq=3722 ttl=26 time=63.4 ms
08-10 23:44:59.962 24975 25049 D cellinfo: 46 bytes from 44.241.174.93: icmp_seq=3723 ttl=26 time=78.3 ms
08-10 23:45:00.147 24975 25049 D cellinfo: 46 bytes from 44.241.174.93: icmp_seq=3724 ttl=26 time=62.7 ms
08-10 23:45:00.357 24975 25049 D cellinfo: 46 bytes from 44.241.174.93: icmp_seq=3725 ttl=26 time=72.2 ms
08-10 23:45:00.556 24975 25049 D cellinfo: 46 bytes from 44.241.174.93: icmp_seq=3726 ttl=26 time=71.0 ms
08-10 23:45:00.756 24975 25049 D cellinfo: 46 bytes from 44.241.174.93: icmp_seq=3727 ttl=26 time=70.4 ms
08-10 23:45:00.965 24975 25049 D cellinfo: 46 bytes from 44.241.174.93: icmp_seq=3728 ttl=26 time=77.2 ms
08-10 23:45:01.156 24975 25049 D cellinfo: 46 bytes from 44.241.174.93: icmp_seq=3729 ttl=26 time=67.6 ms
08-10 23:45:01.356 24975 25049 D cellinfo: 46 bytes from 44.241.174.93: icmp_seq=3730 ttl=26 time=67.1 ms
08-10 23:45:01.567 24975 24975 D cellinfo: Latitude is 39.7255147
08-10 23:45:01.567 24975 24975 D cellinfo: Longitude is -105.0249559
08-10 23:45:01.567 24975 24975 D cellinfo: Instantaneous GPS information: United States, 61 Weir Gulch Trail, Denver, CO 80204, USA
08-10 23:45:01.567 24975 24975 D cellinfo: getCurrentLocation() result: Location (success): 39.7255147, -105.0249559
08-10 23:45:01.568 24975 25049 D cellinfo: 46 bytes from 44.241.174.93: icmp_seq=3731 ttl=26 time=78.1 ms
08-10 23:45:01.604 24975 24975 D cellinfo: onCellInfoChanged: Operator: Verizon Wireless UpdateTimestamp: 31534906 CellConnectionStatus: 1
08-10 23:45:01.604 24975 24975 D cellinfo: onCellInfoChanged: LTE Cell Bands: [66, 66, 5, 2] Bandwidth: 10000 Cell ID: 80504844 Physical Cell ID: 228 Tracking Area Code: 3589 EARFCN: 66586
08-10 23:45:01.756 24975 25049 D cellinfo: 46 bytes from 44.241.174.93: icmp_seq=3732 ttl=26 time=65.4 ms
08-10 23:45:01.964 24975 25049 D cellinfo: 46 bytes from 44.241.174.93: icmp_seq=3733 ttl=26 time=72.1 ms
08-10 23:45:02.157 24975 25049 D cellinfo: 46 bytes from 44.241.174.93: icmp_seq=3734 ttl=26 time=63.7 ms
08-10 23:45:02.373 24975 25049 D cellinfo: 46 bytes from 44.241.174.93: icmp_seq=3735 ttl=26 time=78.8 ms
08-10 23:45:02.568 24975 25049 D cellinfo: 46 bytes from 44.241.174.93: icmp_seq=3736 ttl=26 time=73.5 ms
08-10 23:45:02.777 24975 25049 D cellinfo: 46 bytes from 44.241.174.93: icmp_seq=3737 ttl=26 time=80.8 ms
08-10 23:45:02.805 24975 24975 D cellinfo: onsignalStrengthsChanged: LTE Signal Strength info: rsrp: -86 rsrq: -17 rssi: -61 rssnr: -4
08-10 23:45:02.966 24975 25049 D cellinfo: 46 bytes from 44.241.174.93: icmp_seq=3738 ttl=26 time=69.7 ms
08-10 23:45:03.176 24975 25049 D cellinfo: 46 bytes from 44.241.174.93: icmp_seq=3739 ttl=26 time=79.5 ms
08-10 23:45:03.376 24975 25049 D cellinfo: 46 bytes from 44.241.174.93: icmp_seq=3740 ttl=26 time=77.4 ms
08-10 23:45:03.446 24975 25049 D cellinfo: 46 bytes from 44.241.174.93: icmp_seq=3740 ttl=26 time=148 ms (DUP!)
08-10 23:45:03.515 24975 24975 D cellinfo: onServiceStateChanged: Channel Number: 66586 Cell Bandwidths: [10000, 10000, 10000]
08-10 23:45:03.565 24975 25049 D cellinfo: 46 bytes from 44.241.174.93: icmp_seq=3741 ttl=26 time=66.4 ms
08-10 23:45:03.764 24975 25049 D cellinfo: 46 bytes from 44.241.174.93: icmp_seq=3742 ttl=26 time=63.2 ms
08-10 23:45:03.966 24975 25049 D cellinfo: 46 bytes from 44.241.174.93: icmp_seq=3743 ttl=26 time=64.3 ms
08-10 23:45:04.176 24975 25049 D cellinfo: 46 bytes from 44.241.174.93: icmp_seq=3744 ttl=26 time=73.0 ms
08-10 23:45:04.380 24975 25049 D cellinfo: 46 bytes from 44.241.174.93: icmp_seq=3745 ttl=26 time=76.4 ms
08-10 23:45:04.581 24975 25049 D cellinfo: 46 bytes from 44.241.174.93: icmp_seq=3746 ttl=26 time=77.6 ms
08-10 23:45:04.611 24975 24975 D cellinfo: onCellInfoChanged: Operator: Verizon Wireless UpdateTimestamp: 31537911 CellConnectionStatus: 1
08-10 23:45:04.611 24975 24975 D cellinfo: onCellInfoChanged: LTE Cell Bands: [66, 66, 2] Bandwidth: 10000 Cell ID: 80460842 Physical Cell ID: 258 Tracking Area Code: 3589 EARFCN: 66586
08-10 23:45:04.773 24975 25049 D cellinfo: 46 bytes from 44.241.174.93: icmp_seq=3747 ttl=26 time=69.5 ms
08-10 23:45:04.971 24975 25049 D cellinfo: 46 bytes from 44.241.174.93: icmp_seq=3748 ttl=26 time=67.3 ms
08-10 23:45:05.174 24975 25049 D cellinfo: 46 bytes from 44.241.174.93: icmp_seq=3749 ttl=26 time=69.6 ms
08-10 23:45:05.374 24975 25049 D cellinfo: 46 bytes from 44.241.174.93: icmp_seq=3750 ttl=26 time=68.2 ms
08-10 23:45:05.574 24975 25049 D cellinfo: 46 bytes from 44.241.174.93: icmp_seq=3751 ttl=26 time=67.2 ms
08-10 23:45:05.634 24975 24975 D cellinfo: Latitude is 39.7260028
08-10 23:45:05.634 24975 24975 D cellinfo: Longitude is -105.0249134
08-10 23:45:05.634 24975 24975 D cellinfo: Instantaneous GPS information: United States, 333 Federal Blvd, Denver, CO 80204, USA
08-10 23:45:05.634 24975 24975 D cellinfo: getCurrentLocation() result: Location (success): 39.7260028, -105.0249134
08-10 23:45:05.908 24975 25049 D cellinfo: 46 bytes from 44.241.174.93: icmp_seq=3752 ttl=26 time=200 ms
08-10 23:45:05.974 24975 25049 D cellinfo: 46 bytes from 44.241.174.93: icmp_seq=3753 ttl=26 time=65.4 ms
08-10 23:45:06.173 24975 25049 D cellinfo: 46 bytes from 44.241.174.93: icmp_seq=3754 ttl=26 time=64.1 ms
08-10 23:45:06.383 24975 25049 D cellinfo: 46 bytes from 44.241.174.93: icmp_seq=3755 ttl=26 time=73.3 ms
08-10 23:45:06.574 24975 25049 D cellinfo: 46 bytes from 44.241.174.93: icmp_seq=3756 ttl=26 time=62.3 ms
08-10 23:45:06.792 24975 25049 D cellinfo: 46 bytes from 44.241.174.93: icmp_seq=3757 ttl=26 time=79.1 ms
08-10 23:45:06.984 24975 25049 D cellinfo: 46 bytes from 44.241.174.93: icmp_seq=3758 ttl=26 time=71.1 ms
08-10 23:45:07.184 24975 25049 D cellinfo: 46 bytes from 44.241.174.93: icmp_seq=3759 ttl=26 time=69.2 ms
08-10 23:45:07.385 24975 25049 D cellinfo: 46 bytes from 44.241.174.93: icmp_seq=3760 ttl=26 time=68.8 ms
08-10 23:45:07.490 24975 24975 D cellinfo: onsignalStrengthsChanged: LTE Signal Strength info: rsrp: -86 rsrq: -11 rssi: -65 rssnr: -1
08-10 23:45:07.564 24975 24975 D cellinfo: Latitude is 39.7260028
08-10 23:45:07.564 24975 24975 D cellinfo: Longitude is -105.0249134
08-10 23:45:07.564 24975 24975 D cellinfo: Instantaneous GPS information: United States, 333 Federal Blvd, Denver, CO 80204, USA
08-10 23:45:07.564 24975 24975 D cellinfo: getCurrentLocation() result: Location (success): 39.7260028, -105.0249134
08-10 23:45:07.583 24975 25049 D cellinfo: 46 bytes from 44.241.174.93: icmp_seq=3761 ttl=26 time=67.4 ms
08-10 23:45:07.605 24975 24975 D cellinfo: onCellInfoChanged: Operator: Verizon Wireless UpdateTimestamp: 31540906 CellConnectionStatus: 1
08-10 23:45:07.605 24975 24975 D cellinfo: onCellInfoChanged: LTE Cell Bands: [66, 66, 2] Bandwidth: 10000 Cell ID: 80460842 Physical Cell ID: 258 Tracking Area Code: 3589 EARFCN: 66586
08-10 23:45:07.783 24975 25049 D cellinfo: 46 bytes from 44.241.174.93: icmp_seq=3762 ttl=26 time=66.6 ms
08-10 23:45:07.985 24975 25049 D cellinfo: 46 bytes from 44.241.174.93: icmp_seq=3763 ttl=26 time=67.2 ms
08-10 23:45:08.184 24975 25049 D cellinfo: 46 bytes from 44.241.174.93: icmp_seq=3764 ttl=26 time=65.4 ms
08-10 23:45:08.384 24975 25049 D cellinfo: 46 bytes from 44.241.174.93: icmp_seq=3765 ttl=26 time=64.4 ms
08-10 23:45:08.589 24975 25049 D cellinfo: 46 bytes from 44.241.174.93: icmp_seq=3766 ttl=26 time=67.9 ms
08-10 23:45:08.784 24975 25049 D cellinfo: 46 bytes from 44.241.174.93: icmp_seq=3767 ttl=26 time=62.5 ms
08-10 23:45:08.994 24975 25049 D cellinfo: 46 bytes from 44.241.174.93: icmp_seq=3768 ttl=26 time=71.9 ms
08-10 23:45:09.194 24975 25049 D cellinfo: 46 bytes from 44.241.174.93: icmp_seq=3769 ttl=26 time=71.3 ms
08-10 23:45:09.394 24975 25049 D cellinfo: 46 bytes from 44.241.174.93: icmp_seq=3770 ttl=26 time=69.8 ms
08-10 23:45:09.594 24975 25049 D cellinfo: 46 bytes from 44.241.174.93: icmp_seq=3771 ttl=26 time=68.9 ms
08-10 23:45:09.794 24975 25049 D cellinfo: 46 bytes from 44.241.174.93: icmp_seq=3772 ttl=26 time=68.1 ms
08-10 23:45:09.993 24975 25049 D cellinfo: 46 bytes from 44.241.174.93: icmp_seq=3773 ttl=26 time=66.0 ms
08-10 23:45:10.194 24975 25049 D cellinfo: 46 bytes from 44.241.174.93: icmp_seq=3774 ttl=26 time=66.2 ms
08-10 23:45:10.394 24975 25049 D cellinfo: 46 bytes from 44.241.174.93: icmp_seq=3775 ttl=26 time=65.3 ms
08-10 23:45:10.595 24975 25049 D cellinfo: 46 bytes from 44.241.174.93: icmp_seq=3776 ttl=26 time=66.7 ms
08-10 23:45:10.795 24975 25049 D cellinfo: 46 bytes from 44.241.174.93: icmp_seq=3777 ttl=26 time=64.5 ms
08-10 23:45:10.973 24975 24975 D cellinfo: Latitude is 39.7262177
08-10 23:45:10.973 24975 24975 D cellinfo: Longitude is -105.0248939
08-10 23:45:10.973 24975 24975 D cellinfo: Instantaneous GPS information: United States, 333 Federal Blvd, Denver, CO 80204, USA
08-10 23:45:10.973 24975 24975 D cellinfo: getCurrentLocation() result: Location (success): 39.7262177, -105.0248939
08-10 23:45:10.978 24975 24975 D cellinfo: onCellInfoChanged: Operator: Verizon Wireless UpdateTimestamp: 31543908 CellConnectionStatus: 1
08-10 23:45:10.978 24975 24975 D cellinfo: onCellInfoChanged: LTE Cell Bands: [66, 66, 2] Bandwidth: 10000 Cell ID: 80460842 Physical Cell ID: 258 Tracking Area Code: 3589 EARFCN: 66586
08-10 23:45:10.994 24975 25049 D cellinfo: 46 bytes from 44.241.174.93: icmp_seq=3778 ttl=26 time=62.8 ms
08-10 23:45:11.193 24975 25049 D cellinfo: 46 bytes from 44.241.174.93: icmp_seq=3779 ttl=26 time=62.1 ms
08-10 23:45:11.403 24975 25049 D cellinfo: 46 bytes from 44.241.174.93: icmp_seq=3780 ttl=26 time=71.5 ms
08-10 23:45:11.490 24975 24975 D cellinfo: onsignalStrengthsChanged: LTE Signal Strength info: rsrp: -83 rsrq: -10 rssi: -65 rssnr: -2
08-10 23:45:11.612 24975 25049 D cellinfo: 46 bytes from 44.241.174.93: icmp_seq=3781 ttl=26 time=78.4 ms
08-10 23:45:11.804 24975 25049 D cellinfo: 46 bytes from 44.241.174.93: icmp_seq=3782 ttl=26 time=70.0 ms
08-10 23:45:12.004 24975 25049 D cellinfo: 46 bytes from 44.241.174.93: icmp_seq=3783 ttl=26 time=69.3 ms
08-10 23:45:12.204 24975 25049 D cellinfo: 46 bytes from 44.241.174.93: icmp_seq=3784 ttl=26 time=69.2 ms
08-10 23:45:12.404 24975 25049 D cellinfo: 46 bytes from 44.241.174.93: icmp_seq=3785 ttl=26 time=68.4 ms
08-10 23:45:12.603 24975 25049 D cellinfo: 46 bytes from 44.241.174.93: icmp_seq=3786 ttl=26 time=67.4 ms
08-10 23:45:12.804 24975 25049 D cellinfo: 46 bytes from 44.241.174.93: icmp_seq=3787 ttl=26 time=66.3 ms
08-10 23:45:13.005 24975 25049 D cellinfo: 46 bytes from 44.241.174.93: icmp_seq=3788 ttl=26 time=66.5 ms
08-10 23:45:13.204 24975 25049 D cellinfo: 46 bytes from 44.241.174.93: icmp_seq=3789 ttl=26 time=65.8 ms
08-10 23:45:13.405 24975 25049 D cellinfo: 46 bytes from 44.241.174.93: icmp_seq=3790 ttl=26 time=65.6 ms
08-10 23:45:13.607 24975 25049 D cellinfo: 46 bytes from 44.241.174.93: icmp_seq=3791 ttl=26 time=68.0 ms
08-10 23:45:13.820 24975 25049 D cellinfo: 46 bytes from 44.241.174.93: icmp_seq=3792 ttl=26 time=79.3 ms
08-10 23:45:13.924 24975 25049 D cellinfo: 46 bytes from 44.241.174.93: icmp_seq=3792 ttl=26 time=182 ms (DUP!)
08-10 23:45:14.033 24975 25049 D cellinfo: 46 bytes from 44.241.174.93: icmp_seq=3793 ttl=26 time=92.2 ms
08-10 23:45:14.195 24975 24975 D cellinfo: Latitude is 39.7263588
08-10 23:45:14.195 24975 24975 D cellinfo: Longitude is -105.024881
08-10 23:45:14.195 24975 24975 D cellinfo: Instantaneous GPS information: United States, 333 Federal Blvd, Denver, CO 80204, USA
08-10 23:45:14.195 24975 24975 D cellinfo: getCurrentLocation() result: Location (success): 39.7263588, -105.024881
08-10 23:45:14.199 24975 24975 D cellinfo: onCellInfoChanged: Operator: Verizon Wireless UpdateTimestamp: 31546906 CellConnectionStatus: 1
08-10 23:45:14.199 24975 24975 D cellinfo: onCellInfoChanged: LTE Cell Bands: [66, 66, 2] Bandwidth: 10000 Cell ID: 80460842 Physical Cell ID: 258 Tracking Area Code: 3589 EARFCN: 66586
08-10 23:45:14.200 24975 24975 D cellinfo: onServiceStateChanged: Channel Number: 66586 Cell Bandwidths: [10000, 10000, 10000]
08-10 23:45:14.210 24975 25049 D cellinfo: 46 bytes from 44.241.174.93: icmp_seq=3794 ttl=26 time=70.2 ms
08-10 23:45:14.418 24975 25049 D cellinfo: 46 bytes from 44.241.174.93: icmp_seq=3795 ttl=26 time=77.3 ms
08-10 23:45:14.618 24975 25049 D cellinfo: 46 bytes from 44.241.174.93: icmp_seq=3796 ttl=26 time=76.3 ms
08-10 23:45:14.809 24975 25049 D cellinfo: 46 bytes from 44.241.174.93: icmp_seq=3797 ttl=26 time=65.4 ms
08-10 23:45:15.011 24975 25049 D cellinfo: 46 bytes from 44.241.174.93: icmp_seq=3798 ttl=26 time=66.1 ms
08-10 23:45:15.045 24975 24975 D cellinfo: onsignalStrengthsChanged: LTE Signal Strength info: rsrp: -76 rsrq: -9 rssi: -59 rssnr: 11
08-10 23:45:15.219 24975 25049 D cellinfo: 46 bytes from 44.241.174.93: icmp_seq=3799 ttl=26 time=75.3 ms
08-10 23:45:15.411 24975 25049 D cellinfo: 46 bytes from 44.241.174.93: icmp_seq=3800 ttl=26 time=65.0 ms
08-10 23:45:15.616 24975 25049 D cellinfo: 46 bytes from 44.241.174.93: icmp_seq=3801 ttl=26 time=69.3 ms
08-10 23:45:15.813 24975 25049 D cellinfo: 46 bytes from 44.241.174.93: icmp_seq=3802 ttl=26 time=66.4 ms
08-10 23:45:16.020 24975 25049 D cellinfo: 46 bytes from 44.241.174.93: icmp_seq=3803 ttl=26 time=72.7 ms
08-10 23:45:16.221 24975 25049 D cellinfo: 46 bytes from 44.241.174.93: icmp_seq=3804 ttl=26 time=73.3 ms
08-10 23:45:16.421 24975 25049 D cellinfo: 46 bytes from 44.241.174.93: icmp_seq=3805 ttl=26 time=71.3 ms
08-10 23:45:16.629 24975 25049 D cellinfo: 46 bytes from 44.241.174.93: icmp_seq=3806 ttl=26 time=78.1 ms
08-10 23:45:16.813 24975 25049 D cellinfo: 46 bytes from 44.241.174.93: icmp_seq=3807 ttl=26 time=61.5 ms
08-10 23:45:17.060 24975 25049 D cellinfo: 46 bytes from 44.241.174.93: icmp_seq=3808 ttl=26 time=105 ms
08-10 23:45:17.065 24975 24975 D cellinfo: Latitude is 39.7263131
08-10 23:45:17.065 24975 24975 D cellinfo: Longitude is -105.0248852
08-10 23:45:17.065 24975 24975 D cellinfo: Instantaneous GPS information: United States, 333 Federal Blvd, Denver, CO 80204, USA
08-10 23:45:17.065 24975 24975 D cellinfo: getCurrentLocation() result: Location (success): 39.7263131, -105.0248852
08-10 23:45:17.069 24975 24975 D cellinfo: onCellInfoChanged: Operator: Verizon Wireless UpdateTimestamp: 31549908 CellConnectionStatus: 1
08-10 23:45:17.069 24975 24975 D cellinfo: onCellInfoChanged: LTE Cell Bands: [66, 66, 2] Bandwidth: 10000 Cell ID: 80460832 Physical Cell ID: 167 Tracking Area Code: 3589 EARFCN: 66586
08-10 23:45:17.098 24975 24975 D cellinfo: onServiceStateChanged: Channel Number: 66586 Cell Bandwidths: [10000, 10000, 10000]
08-10 23:45:17.221 24975 25049 D cellinfo: 46 bytes from 44.241.174.93: icmp_seq=3809 ttl=26 time=69.7 ms
08-10 23:45:17.421 24975 25049 D cellinfo: 46 bytes from 44.241.174.93: icmp_seq=3810 ttl=26 time=69.3 ms
08-10 23:45:17.632 24975 25049 D cellinfo: 46 bytes from 44.241.174.93: icmp_seq=3811 ttl=26 time=78.4 ms
08-10 23:45:17.827 24975 25049 D cellinfo: 46 bytes from 44.241.174.93: icmp_seq=3812 ttl=26 time=72.1 ms
08-10 23:45:18.029 24975 25049 D cellinfo: 46 bytes from 44.241.174.93: icmp_seq=3813 ttl=26 time=73.2 ms
08-10 23:45:18.222 24975 25049 D cellinfo: 46 bytes from 44.241.174.93: icmp_seq=3814 ttl=26 time=66.1 ms
08-10 23:45:18.422 24975 25049 D cellinfo: 46 bytes from 44.241.174.93: icmp_seq=3815 ttl=26 time=65.1 ms
08-10 23:45:18.622 24975 25049 D cellinfo: 46 bytes from 44.241.174.93: icmp_seq=3816 ttl=26 time=64.1 ms
08-10 23:45:18.822 24975 25049 D cellinfo: 46 bytes from 44.241.174.93: icmp_seq=3817 ttl=26 time=63.0 ms
08-10 23:45:19.033 24975 25049 D cellinfo: 46 bytes from 44.241.174.93: icmp_seq=3818 ttl=26 time=73.0 ms
08-10 23:45:19.234 24975 25049 D cellinfo: 46 bytes from 44.241.174.93: icmp_seq=3819 ttl=26 time=74.2 ms
08-10 23:45:19.436 24975 25049 D cellinfo: 46 bytes from 44.241.174.93: icmp_seq=3820 ttl=26 time=75.2 ms
08-10 23:45:19.601 24975 24975 D cellinfo: onCellInfoChanged: Operator: Verizon Wireless UpdateTimestamp: 31552902 CellConnectionStatus: 1
08-10 23:45:19.601 24975 24975 D cellinfo: onCellInfoChanged: LTE Cell Bands: [66, 66, 2] Bandwidth: 10000 Cell ID: 80460842 Physical Cell ID: 258 Tracking Area Code: 3589 EARFCN: 66586
08-10 23:45:19.643 24975 25049 D cellinfo: 46 bytes from 44.241.174.93: icmp_seq=3821 ttl=26 time=81.4 ms
08-10 23:45:19.831 24975 25049 D cellinfo: 46 bytes from 44.241.174.93: icmp_seq=3822 ttl=26 time=68.4 ms
08-10 23:45:20.021 24975 25049 D cellinfo: 46 bytes from 44.241.174.93: icmp_seq=3823 ttl=26 time=57.5 ms
08-10 23:45:20.233 24975 25049 D cellinfo: 46 bytes from 44.241.174.93: icmp_seq=3824 ttl=26 time=68.4 ms
08-10 23:45:20.430 24975 25049 D cellinfo: 46 bytes from 44.241.174.93: icmp_seq=3825 ttl=26 time=64.2 ms
08-10 23:45:20.633 24975 25049 D cellinfo: 46 bytes from 44.241.174.93: icmp_seq=3826 ttl=26 time=65.0 ms
08-10 23:45:20.639 24975 24975 D cellinfo: Latitude is 39.7265946
08-10 23:45:20.639 24975 24975 D cellinfo: Longitude is -105.0247281
08-10 23:45:20.639 24975 24975 D cellinfo: Instantaneous GPS information: United States, 642 Federal Blvd, Denver, CO 80204, USA
08-10 23:45:20.639 24975 24975 D cellinfo: getCurrentLocation() result: Location (success): 39.7265946, -105.0247281
08-10 23:45:20.832 24975 25049 D cellinfo: 46 bytes from 44.241.174.93: icmp_seq=3827 ttl=26 time=64.2 ms
08-10 23:45:21.032 24975 25049 D cellinfo: 46 bytes from 44.241.174.93: icmp_seq=3828 ttl=26 time=63.3 ms
08-10 23:45:21.233 24975 25049 D cellinfo: 46 bytes from 44.241.174.93: icmp_seq=3829 ttl=26 time=64.1 ms
08-10 23:45:21.432 24975 25049 D cellinfo: 46 bytes from 44.241.174.93: icmp_seq=3830 ttl=26 time=62.1 ms
08-10 23:45:21.642 24975 25049 D cellinfo: 46 bytes from 44.241.174.93: icmp_seq=3831 ttl=26 time=71.2 ms
08-10 23:45:21.853 24975 25049 D cellinfo: 46 bytes from 44.241.174.93: icmp_seq=3832 ttl=26 time=80.8 ms
08-10 23:45:22.042 24975 25049 D cellinfo: 46 bytes from 44.241.174.93: icmp_seq=3833 ttl=26 time=69.8 ms
08-10 23:45:22.242 24975 25049 D cellinfo: 46 bytes from 44.241.174.93: icmp_seq=3834 ttl=26 time=70.0 ms
08-10 23:45:22.443 24975 25049 D cellinfo: 46 bytes from 44.241.174.93: icmp_seq=3835 ttl=26 time=69.9 ms
08-10 23:45:22.573 24975 24975 D cellinfo: Latitude is 39.7265946
08-10 23:45:22.573 24975 24975 D cellinfo: Longitude is -105.0247281
08-10 23:45:22.573 24975 24975 D cellinfo: Instantaneous GPS information: United States, 642 Federal Blvd, Denver, CO 80204, USA
08-10 23:45:22.573 24975 24975 D cellinfo: getCurrentLocation() result: Location (success): 39.7265946, -105.0247281
08-10 23:45:22.621 24975 24975 D cellinfo: onCellInfoChanged: Operator: Verizon Wireless UpdateTimestamp: 31555922 CellConnectionStatus: 1
08-10 23:45:22.621 24975 24975 D cellinfo: onCellInfoChanged: LTE Cell Bands: [66, 66, 2] Bandwidth: 10000 Cell ID: 80460842 Physical Cell ID: 258 Tracking Area Code: 3589 EARFCN: 66586
08-10 23:45:22.641 24975 25049 D cellinfo: 46 bytes from 44.241.174.93: icmp_seq=3836 ttl=26 time=67.7 ms
08-10 23:45:22.842 24975 25049 D cellinfo: 46 bytes from 44.241.174.93: icmp_seq=3837 ttl=26 time=67.8 ms
08-10 23:45:23.045 24975 25049 D cellinfo: 46 bytes from 44.241.174.93: icmp_seq=3838 ttl=26 time=69.9 ms
08-10 23:45:23.260 24975 25049 D cellinfo: 46 bytes from 44.241.174.93: icmp_seq=3839 ttl=26 time=85.2 ms
08-10 23:45:23.442 24975 25049 D cellinfo: 46 bytes from 44.241.174.93: icmp_seq=3840 ttl=26 time=65.9 ms
08-10 23:45:23.641 24975 25049 D cellinfo: 46 bytes from 44.241.174.93: icmp_seq=3841 ttl=26 time=65.1 ms
08-10 23:45:23.842 24975 25049 D cellinfo: 46 bytes from 44.241.174.93: icmp_seq=3842 ttl=26 time=64.8 ms
08-10 23:45:24.042 24975 25049 D cellinfo: 46 bytes from 44.241.174.93: icmp_seq=3843 ttl=26 time=63.5 ms
08-10 23:45:24.242 24975 25049 D cellinfo: 46 bytes from 44.241.174.93: icmp_seq=3844 ttl=26 time=64.2 ms
08-10 23:45:24.440 24975 25049 D cellinfo: 46 bytes from 44.241.174.93: icmp_seq=3845 ttl=26 time=61.9 ms
08-10 23:45:24.642 24975 25049 D cellinfo: 46 bytes from 44.241.174.93: icmp_seq=3846 ttl=26 time=62.5 ms
08-10 23:45:24.852 24975 25049 D cellinfo: 46 bytes from 44.241.174.93: icmp_seq=3847 ttl=26 time=71.4 ms
08-10 23:45:25.052 24975 25049 D cellinfo: 46 bytes from 44.241.174.93: icmp_seq=3848 ttl=26 time=70.3 ms
08-10 23:45:25.253 24975 25049 D cellinfo: 46 bytes from 44.241.174.93: icmp_seq=3849 ttl=26 time=70.4 ms
08-10 23:45:25.452 24975 25049 D cellinfo: 46 bytes from 44.241.174.93: icmp_seq=3850 ttl=26 time=69.7 ms
08-10 23:45:25.570 24975 24975 D cellinfo: Latitude is 39.7265962
08-10 23:45:25.570 24975 24975 D cellinfo: Longitude is -105.0246983
08-10 23:45:25.571 24975 24975 D cellinfo: Instantaneous GPS information: United States, 642 Federal Blvd, Denver, CO 80204, USA
08-10 23:45:25.571 24975 24975 D cellinfo: getCurrentLocation() result: Location (success): 39.7265962, -105.0246983
08-10 23:45:25.612 24975 24975 D cellinfo: onCellInfoChanged: Operator: Verizon Wireless UpdateTimestamp: 31558914 CellConnectionStatus: 1
08-10 23:45:25.613 24975 24975 D cellinfo: onCellInfoChanged: LTE Cell Bands: [66, 66, 2] Bandwidth: 10000 Cell ID: 80460842 Physical Cell ID: 258 Tracking Area Code: 3589 EARFCN: 66586
08-10 23:45:25.663 24975 25049 D cellinfo: 46 bytes from 44.241.174.93: icmp_seq=3851 ttl=26 time=79.9 ms
08-10 23:45:25.860 24975 25049 D cellinfo: 46 bytes from 44.241.174.93: icmp_seq=3852 ttl=26 time=76.4 ms
08-10 23:45:26.060 24975 25049 D cellinfo: 46 bytes from 44.241.174.93: icmp_seq=3853 ttl=26 time=75.9 ms
08-10 23:45:26.252 24975 25049 D cellinfo: 46 bytes from 44.241.174.93: icmp_seq=3854 ttl=26 time=67.8 ms
08-10 23:45:26.452 24975 25049 D cellinfo: 46 bytes from 44.241.174.93: icmp_seq=3855 ttl=26 time=67.2 ms
08-10 23:45:26.652 24975 25049 D cellinfo: 46 bytes from 44.241.174.93: icmp_seq=3856 ttl=26 time=66.2 ms
08-10 23:45:26.852 24975 25049 D cellinfo: 46 bytes from 44.241.174.93: icmp_seq=3857 ttl=26 time=64.9 ms
08-10 23:45:27.009 24975 24975 D cellinfo: onsignalStrengthsChanged: LTE Signal Strength info: rsrp: -87 rsrq: -9 rssi: -71 rssnr: 5
08-10 23:45:27.053 24975 25049 D cellinfo: 46 bytes from 44.241.174.93: icmp_seq=3858 ttl=26 time=65.0 ms
08-10 23:45:27.252 24975 25049 D cellinfo: 46 bytes from 44.241.174.93: icmp_seq=3859 ttl=26 time=64.1 ms
08-10 23:45:27.469 24975 25049 D cellinfo: 46 bytes from 44.241.174.93: icmp_seq=3860 ttl=26 time=79.5 ms
08-10 23:45:27.652 24975 25049 D cellinfo: 46 bytes from 44.241.174.93: icmp_seq=3861 ttl=26 time=62.6 ms
08-10 23:45:27.861 24975 25049 D cellinfo: 46 bytes from 44.241.174.93: icmp_seq=3862 ttl=26 time=71.2 ms
08-10 23:45:28.062 24975 25049 D cellinfo: 46 bytes from 44.241.174.93: icmp_seq=3863 ttl=26 time=70.1 ms
08-10 23:45:28.263 24975 25049 D cellinfo: 46 bytes from 44.241.174.93: icmp_seq=3864 ttl=26 time=72.3 ms
08-10 23:45:28.465 24975 25049 D cellinfo: 46 bytes from 44.241.174.93: icmp_seq=3865 ttl=26 time=72.2 ms
08-10 23:45:28.676 24975 25049 D cellinfo: 46 bytes from 44.241.174.93: icmp_seq=3866 ttl=26 time=82.5 ms
08-10 23:45:28.869 24975 25049 D cellinfo: 46 bytes from 44.241.174.93: icmp_seq=3867 ttl=26 time=74.2 ms
08-10 23:45:29.199 24975 25049 D cellinfo: 46 bytes from 44.241.174.93: icmp_seq=3868 ttl=26 time=204 ms
08-10 23:45:29.205 24975 24975 D cellinfo: Latitude is 39.7265976
08-10 23:45:29.205 24975 24975 D cellinfo: Longitude is -105.024679
08-10 23:45:29.205 24975 24975 D cellinfo: Instantaneous GPS information: United States, 640 Federal Blvd, Denver, CO 80204, USA
08-10 23:45:29.205 24975 24975 D cellinfo: getCurrentLocation() result: Location (success): 39.7265976, -105.024679
08-10 23:45:29.209 24975 24975 D cellinfo: onCellInfoChanged: Operator: Verizon Wireless UpdateTimestamp: 31561921 CellConnectionStatus: 1
08-10 23:45:29.209 24975 24975 D cellinfo: onCellInfoChanged: LTE Cell Bands: [66, 66, 2] Bandwidth: 10000 Cell ID: 80460842 Physical Cell ID: 258 Tracking Area Code: 3589 EARFCN: 66586
08-10 23:45:29.265 24975 25049 D cellinfo: 46 bytes from 44.241.174.93: icmp_seq=3869 ttl=26 time=68.7 ms
08-10 23:45:29.462 24975 25049 D cellinfo: 46 bytes from 44.241.174.93: icmp_seq=3870 ttl=26 time=65.4 ms
08-10 23:45:29.662 24975 25049 D cellinfo: 46 bytes from 44.241.174.93: icmp_seq=3871 ttl=26 time=64.9 ms
08-10 23:45:29.870 24975 25049 D cellinfo: 46 bytes from 44.241.174.93: icmp_seq=3872 ttl=26 time=72.1 ms
08-10 23:45:30.063 24975 25049 D cellinfo: 46 bytes from 44.241.174.93: icmp_seq=3873 ttl=26 time=63.5 ms
08-10 23:45:30.262 24975 25049 D cellinfo: 46 bytes from 44.241.174.93: icmp_seq=3874 ttl=26 time=63.8 ms
08-10 23:45:30.463 24975 25049 D cellinfo: 46 bytes from 44.241.174.93: icmp_seq=3875 ttl=26 time=63.9 ms
08-10 23:45:30.662 24975 25049 D cellinfo: 46 bytes from 44.241.174.93: icmp_seq=3876 ttl=26 time=62.5 ms
08-10 23:45:30.922 24975 25049 D cellinfo: 46 bytes from 44.241.174.93: icmp_seq=3877 ttl=26 time=121 ms
08-10 23:45:30.951 24975 24975 D cellinfo: onServiceStateChanged: Channel Number: 66586 Cell Bandwidths: [10000, 10000, 10000, 10000]
08-10 23:45:31.012 24975 24975 D cellinfo: onServiceStateChanged: Channel Number: 66586 Cell Bandwidths: [10000, 10000, 10000, 10000]
08-10 23:45:31.070 24975 25049 D cellinfo: 46 bytes from 44.241.174.93: icmp_seq=3878 ttl=26 time=68.8 ms
08-10 23:45:31.270 24975 25049 D cellinfo: 46 bytes from 44.241.174.93: icmp_seq=3879 ttl=26 time=68.1 ms
08-10 23:45:31.472 24975 25049 D cellinfo: 46 bytes from 44.241.174.93: icmp_seq=3880 ttl=26 time=68.9 ms
08-10 23:45:31.564 24975 24975 D cellinfo: Latitude is 39.7265982
08-10 23:45:31.564 24975 24975 D cellinfo: Longitude is -105.0246852
08-10 23:45:31.564 24975 24975 D cellinfo: Instantaneous GPS information: United States, 640 Federal Blvd, Denver, CO 80204, USA
08-10 23:45:31.564 24975 24975 D cellinfo: getCurrentLocation() result: Location (success): 39.7265982, -105.0246852
08-10 23:45:31.600 24975 24975 D cellinfo: onCellInfoChanged: Operator: Verizon Wireless UpdateTimestamp: 31564901 CellConnectionStatus: 1
08-10 23:45:31.600 24975 24975 D cellinfo: onCellInfoChanged: LTE Cell Bands: [66, 66, 5, 2] Bandwidth: 10000 Cell ID: 80504844 Physical Cell ID: 228 Tracking Area Code: 3589 EARFCN: 66586
08-10 23:45:31.683 24975 25049 D cellinfo: 46 bytes from 44.241.174.93: icmp_seq=3881 ttl=26 time=79.1 ms
08-10 23:45:31.870 24975 25049 D cellinfo: 46 bytes from 44.241.174.93: icmp_seq=3882 ttl=26 time=65.3 ms
08-10 23:45:32.070 24975 25049 D cellinfo: 46 bytes from 44.241.174.93: icmp_seq=3883 ttl=26 time=64.1 ms
08-10 23:45:32.270 24975 25049 D cellinfo: 46 bytes from 44.241.174.93: icmp_seq=3884 ttl=26 time=63.3 ms
08-10 23:45:32.480 24975 25049 D cellinfo: 46 bytes from 44.241.174.93: icmp_seq=3885 ttl=26 time=72.4 ms
08-10 23:45:32.681 24975 25049 D cellinfo: 46 bytes from 44.241.174.93: icmp_seq=3886 ttl=26 time=72.4 ms
08-10 23:45:32.880 24975 25049 D cellinfo: 46 bytes from 44.241.174.93: icmp_seq=3887 ttl=26 time=70.7 ms
08-10 23:45:32.931 24975 24975 D cellinfo: onsignalStrengthsChanged: LTE Signal Strength info: rsrp: -89 rsrq: -12 rssi: -69 rssnr: 4
08-10 23:45:33.082 24975 25049 D cellinfo: 46 bytes from 44.241.174.93: icmp_seq=3888 ttl=26 time=71.6 ms
08-10 23:45:33.280 24975 25049 D cellinfo: 46 bytes from 44.241.174.93: icmp_seq=3889 ttl=26 time=69.4 ms
08-10 23:45:33.480 24975 25049 D cellinfo: 46 bytes from 44.241.174.93: icmp_seq=3890 ttl=26 time=68.2 ms
08-10 23:45:33.685 24975 25049 D cellinfo: 46 bytes from 44.241.174.93: icmp_seq=3891 ttl=26 time=72.2 ms
08-10 23:45:33.880 24975 25049 D cellinfo: 46 bytes from 44.241.174.93: icmp_seq=3892 ttl=26 time=66.1 ms
08-10 23:45:34.081 24975 25049 D cellinfo: 46 bytes from 44.241.174.93: icmp_seq=3893 ttl=26 time=66.5 ms
08-10 23:45:34.280 24975 25049 D cellinfo: 46 bytes from 44.241.174.93: icmp_seq=3894 ttl=26 time=65.0 ms
08-10 23:45:34.488 24975 25049 D cellinfo: 46 bytes from 44.241.174.93: icmp_seq=3895 ttl=26 time=72.1 ms
08-10 23:45:34.604 24975 24975 D cellinfo: onCellInfoChanged: Operator: Verizon Wireless UpdateTimestamp: 31567905 CellConnectionStatus: 1
08-10 23:45:34.604 24975 24975 D cellinfo: onCellInfoChanged: LTE Cell Bands: [66, 66, 5, 2] Bandwidth: 10000 Cell ID: 80504844 Physical Cell ID: 228 Tracking Area Code: 3589 EARFCN: 66586
08-10 23:45:34.692 24975 25049 D cellinfo: 46 bytes from 44.241.174.93: icmp_seq=3896 ttl=26 time=75.3 ms
08-10 23:45:34.906 24975 25049 D cellinfo: 46 bytes from 44.241.174.93: icmp_seq=3897 ttl=26 time=87.4 ms
08-10 23:45:35.089 24975 25049 D cellinfo: 46 bytes from 44.241.174.93: icmp_seq=3898 ttl=26 time=69.7 ms
08-10 23:45:35.290 24975 25049 D cellinfo: 46 bytes from 44.241.174.93: icmp_seq=3899 ttl=26 time=70.2 ms
08-10 23:45:35.492 24975 25049 D cellinfo: 46 bytes from 44.241.174.93: icmp_seq=3900 ttl=26 time=71.3 ms
08-10 23:45:35.650 24975 24975 D cellinfo: Latitude is 39.7263439
08-10 23:45:35.650 24975 24975 D cellinfo: Longitude is -105.0246587
08-10 23:45:35.650 24975 24975 D cellinfo: Instantaneous GPS information: United States, 333 Federal Blvd, Denver, CO 80204, USA
08-10 23:45:35.650 24975 24975 D cellinfo: getCurrentLocation() result: Location (success): 39.7263439, -105.0246587
08-10 23:45:35.710 24975 25049 D cellinfo: 46 bytes from 44.241.174.93: icmp_seq=3901 ttl=26 time=89.1 ms
08-10 23:45:35.906 24975 25049 D cellinfo: 46 bytes from 44.241.174.93: icmp_seq=3902 ttl=26 time=84.0 ms
08-10 23:45:36.090 24975 25049 D cellinfo: 46 bytes from 44.241.174.93: icmp_seq=3903 ttl=26 time=66.3 ms
08-10 23:45:36.298 24975 25049 D cellinfo: 46 bytes from 44.241.174.93: icmp_seq=3904 ttl=26 time=74.6 ms
