08-10 21:51:24.865  5320  5374 D cellinfo: 46 bytes from 44.241.174.93: icmp_seq=942 ttl=26 time=72.0 ms
08-10 21:51:25.065  5320  5374 D cellinfo: 46 bytes from 44.241.174.93: icmp_seq=943 ttl=26 time=71.2 ms
08-10 21:51:25.264  5320  5374 D cellinfo: 46 bytes from 44.241.174.93: icmp_seq=944 ttl=26 time=69.6 ms
08-10 21:51:25.593  5320  5374 D cellinfo: 46 bytes from 44.241.174.93: icmp_seq=945 ttl=26 time=198 ms
08-10 21:51:25.664  5320  5374 D cellinfo: 46 bytes from 44.241.174.93: icmp_seq=946 ttl=26 time=69.4 ms
08-10 21:51:25.873  5320  5374 D cellinfo: 46 bytes from 44.241.174.93: icmp_seq=947 ttl=26 time=78.1 ms
08-10 21:51:26.080  5320  5374 D cellinfo: 46 bytes from 44.241.174.93: icmp_seq=948 ttl=26 time=84.3 ms
08-10 21:51:26.312  5320  5374 D cellinfo: 46 bytes from 44.241.174.93: icmp_seq=949 ttl=26 time=116 ms
08-10 21:51:26.389  5320  5320 D cellinfo: onServiceStateChanged: Channel Number: 5230 Cell Bandwidths: [10000]
08-10 21:51:26.473  5320  5374 D cellinfo: 46 bytes from 44.241.174.93: icmp_seq=950 ttl=26 time=76.8 ms
08-10 21:51:26.673  5320  5374 D cellinfo: 46 bytes from 44.241.174.93: icmp_seq=951 ttl=26 time=76.2 ms
08-10 21:51:26.862  5320  5320 D cellinfo: Latitude is 41.0029302
08-10 21:51:26.862  5320  5320 D cellinfo: Longitude is -105.4150239
08-10 21:51:26.862  5320  5320 D cellinfo: Instantaneous GPS information: United States, 2471-2551 US-287, Laramie, WY 82070, USA
08-10 21:51:26.862  5320  5320 D cellinfo: getCurrentLocation() result: Location (success): 41.0029302, -105.4150239
08-10 21:51:26.873  5320  5374 D cellinfo: 46 bytes from 44.241.174.93: icmp_seq=952 ttl=26 time=75.7 ms
08-10 21:51:26.905  5320  5320 D cellinfo: onCellInfoChanged: Operator: Verizon Wireless UpdateTimestamp: 24720206 CellConnectionStatus: 1
08-10 21:51:26.905  5320  5320 D cellinfo: onCellInfoChanged: LTE Cell Bands: [13] Bandwidth: 10000 Cell ID: 4586754 Physical Cell ID: 370 Tracking Area Code: 4361 EARFCN: 5230
08-10 21:51:27.081  5320  5374 D cellinfo: 46 bytes from 44.241.174.93: icmp_seq=953 ttl=26 time=83.2 ms
08-10 21:51:27.273  5320  5374 D cellinfo: 46 bytes from 44.241.174.93: icmp_seq=954 ttl=26 time=75.3 ms
08-10 21:51:27.473  5320  5374 D cellinfo: 46 bytes from 44.241.174.93: icmp_seq=955 ttl=26 time=75.0 ms
08-10 21:51:27.673  5320  5374 D cellinfo: 46 bytes from 44.241.174.93: icmp_seq=956 ttl=26 time=74.0 ms
08-10 21:51:28.091  5320  5374 D cellinfo: 46 bytes from 44.241.174.93: icmp_seq=957 ttl=26 time=290 ms
08-10 21:51:28.099  5320  5374 D cellinfo: 46 bytes from 44.241.174.93: icmp_seq=958 ttl=26 time=94.8 ms
08-10 21:51:28.294  5320  5374 D cellinfo: 46 bytes from 44.241.174.93: icmp_seq=959 ttl=26 time=89.1 ms
08-10 21:51:28.340  5320  5320 D cellinfo: onsignalStrengthsChanged: LTE Signal Strength info: rsrp: -119 rsrq: -14 rssi: -97 rssnr: 0
08-10 21:51:28.482  5320  5374 D cellinfo: 46 bytes from 44.241.174.93: icmp_seq=960 ttl=26 time=77.0 ms
08-10 21:51:28.695  5320  5374 D cellinfo: 46 bytes from 44.241.174.93: icmp_seq=961 ttl=26 time=89.0 ms
08-10 21:51:28.883  5320  5374 D cellinfo: 46 bytes from 44.241.174.93: icmp_seq=962 ttl=26 time=76.6 ms
08-10 21:51:29.095  5320  5374 D cellinfo: 46 bytes from 44.241.174.93: icmp_seq=963 ttl=26 time=86.9 ms
08-10 21:51:29.858  5320  5374 D cellinfo: 46 bytes from 44.241.174.93: icmp_seq=964 ttl=26 time=649 ms
08-10 21:51:29.966  5320  5374 D cellinfo: 46 bytes from 44.241.174.93: icmp_seq=966 ttl=26 time=353 ms
08-10 21:51:29.966  5320  5374 D cellinfo: 46 bytes from 44.241.174.93: icmp_seq=965 ttl=26 time=557 ms
08-10 21:51:30.007  5320  5374 D cellinfo: 46 bytes from 44.241.174.93: icmp_seq=967 ttl=26 time=190 ms
08-10 21:51:30.116  5320  5374 D cellinfo: 46 bytes from 44.241.174.93: icmp_seq=968 ttl=26 time=99.7 ms
08-10 21:51:30.297  5320  5374 D cellinfo: 46 bytes from 44.241.174.93: icmp_seq=969 ttl=26 time=79.2 ms
08-10 21:51:30.398  5320  5320 D cellinfo: Latitude is 41.0023725
08-10 21:51:30.398  5320  5320 D cellinfo: Longitude is -105.4144471
08-10 21:51:30.398  5320  5320 D cellinfo: Instantaneous GPS information: United States, 2471-2551 US-287, Laramie, WY 82070, USA
08-10 21:51:30.398  5320  5320 D cellinfo: getCurrentLocation() result: Location (success): 41.0023725, -105.4144471
08-10 21:51:30.403  5320  5320 D cellinfo: onCellInfoChanged: Operator: Verizon Wireless UpdateTimestamp: 24723201 CellConnectionStatus: 1
08-10 21:51:30.403  5320  5320 D cellinfo: onCellInfoChanged: LTE Cell Bands: [13] Bandwidth: 10000 Cell ID: 3894529 Physical Cell ID: 360 Tracking Area Code: 3840 EARFCN: 5230
08-10 21:51:30.403  5320  5320 D cellinfo: onServiceStateChanged: Channel Number: 5230 Cell Bandwidths: [10000]
08-10 21:51:30.489  5320  5374 D cellinfo: 46 bytes from 44.241.174.93: icmp_seq=970 ttl=26 time=71.3 ms
08-10 21:51:30.697  5320  5374 D cellinfo: 46 bytes from 44.241.174.93: icmp_seq=971 ttl=26 time=78.1 ms
08-10 21:51:30.898  5320  5374 D cellinfo: 46 bytes from 44.241.174.93: icmp_seq=972 ttl=26 time=78.9 ms
08-10 21:51:31.095  5320  5374 D cellinfo: 46 bytes from 44.241.174.93: icmp_seq=973 ttl=26 time=75.1 ms
08-10 21:51:31.303  5320  5374 D cellinfo: 46 bytes from 44.241.174.93: icmp_seq=974 ttl=26 time=82.5 ms
08-10 21:51:31.495  5320  5374 D cellinfo: 46 bytes from 44.241.174.93: icmp_seq=975 ttl=26 time=74.1 ms
08-10 21:51:31.695  5320  5374 D cellinfo: 46 bytes from 44.241.174.93: icmp_seq=976 ttl=26 time=73.0 ms
08-10 21:51:31.896  5320  5374 D cellinfo: 46 bytes from 44.241.174.93: icmp_seq=977 ttl=26 time=73.8 ms
08-10 21:51:31.912  5320  5320 D cellinfo: onsignalStrengthsChanged: LTE Signal Strength info: rsrp: -113 rsrq: -11 rssi: -93 rssnr: 8
08-10 21:51:32.097  5320  5374 D cellinfo: 46 bytes from 44.241.174.93: icmp_seq=978 ttl=26 time=73.7 ms
08-10 21:51:32.297  5320  5374 D cellinfo: 46 bytes from 44.241.174.93: icmp_seq=979 ttl=26 time=73.4 ms
08-10 21:51:32.495  5320  5374 D cellinfo: 46 bytes from 44.241.174.93: icmp_seq=980 ttl=26 time=70.2 ms
08-10 21:51:32.703  5320  5374 D cellinfo: 46 bytes from 44.241.174.93: icmp_seq=981 ttl=26 time=78.0 ms
08-10 21:51:32.905  5320  5374 D cellinfo: 46 bytes from 44.241.174.93: icmp_seq=982 ttl=26 time=80.0 ms
08-10 21:51:33.218  5320  5374 D cellinfo: 46 bytes from 44.241.174.93: icmp_seq=983 ttl=26 time=190 ms
08-10 21:51:33.308  5320  5374 D cellinfo: 46 bytes from 44.241.174.93: icmp_seq=984 ttl=26 time=80.9 ms
08-10 21:51:33.355  5320  5320 D cellinfo: Latitude is 41.0020502
08-10 21:51:33.356  5320  5320 D cellinfo: Longitude is -105.4141146
08-10 21:51:33.356  5320  5320 D cellinfo: Instantaneous GPS information: United States, US-287, Laramie, WY 82070, USA
08-10 21:51:33.356  5320  5320 D cellinfo: getCurrentLocation() result: Location (success): 41.0020502, -105.4141146
08-10 21:51:33.359  5320  5320 D cellinfo: onCellInfoChanged: Operator: Verizon Wireless UpdateTimestamp: 24726189 CellConnectionStatus: 1
08-10 21:51:33.359  5320  5320 D cellinfo: onCellInfoChanged: LTE Cell Bands: [13] Bandwidth: 10000 Cell ID: 3894529 Physical Cell ID: 360 Tracking Area Code: 3840 EARFCN: 5230
08-10 21:51:33.513  5320  5374 D cellinfo: 46 bytes from 44.241.174.93: icmp_seq=985 ttl=26 time=86.4 ms
08-10 21:51:33.713  5320  5374 D cellinfo: 46 bytes from 44.241.174.93: icmp_seq=986 ttl=26 time=85.3 ms
08-10 21:51:33.906  5320  5374 D cellinfo: 46 bytes from 44.241.174.93: icmp_seq=987 ttl=26 time=76.7 ms
08-10 21:51:34.105  5320  5374 D cellinfo: 46 bytes from 44.241.174.93: icmp_seq=988 ttl=26 time=75.6 ms
08-10 21:51:34.306  5320  5374 D cellinfo: 46 bytes from 44.241.174.93: icmp_seq=989 ttl=26 time=75.9 ms
08-10 21:51:34.533  5320  5374 D cellinfo: 46 bytes from 44.241.174.93: icmp_seq=990 ttl=26 time=102 ms
08-10 21:51:34.706  5320  5374 D cellinfo: 46 bytes from 44.241.174.93: icmp_seq=991 ttl=26 time=75.2 ms
08-10 21:51:34.908  5320  5374 D cellinfo: 46 bytes from 44.241.174.93: icmp_seq=992 ttl=26 time=74.7 ms
08-10 21:51:35.118  5320  5374 D cellinfo: 46 bytes from 44.241.174.93: icmp_seq=993 ttl=26 time=84.3 ms
08-10 21:51:35.316  5320  5374 D cellinfo: 46 bytes from 44.241.174.93: icmp_seq=994 ttl=26 time=80.3 ms
08-10 21:51:35.507  5320  5374 D cellinfo: 46 bytes from 44.241.174.93: icmp_seq=995 ttl=26 time=70.9 ms
08-10 21:51:35.705  5320  5374 D cellinfo: 46 bytes from 44.241.174.93: icmp_seq=996 ttl=26 time=68.5 ms
08-10 21:51:35.902  5320  5320 D cellinfo: onsignalStrengthsChanged: LTE Signal Strength info: rsrp: -115 rsrq: -11 rssi: -95 rssnr: 7
08-10 21:51:35.910  5320  5320 D cellinfo: onCellInfoChanged: Operator: Verizon Wireless UpdateTimestamp: 24729201 CellConnectionStatus: 1
08-10 21:51:35.910  5320  5320 D cellinfo: onCellInfoChanged: LTE Cell Bands: [13] Bandwidth: 10000 Cell ID: 3894529 Physical Cell ID: 360 Tracking Area Code: 3840 EARFCN: 5230
08-10 21:51:35.914  5320  5374 D cellinfo: 46 bytes from 44.241.174.93: icmp_seq=997 ttl=26 time=78.0 ms
08-10 21:51:36.107  5320  5374 D cellinfo: 46 bytes from 44.241.174.93: icmp_seq=998 ttl=26 time=69.5 ms
08-10 21:51:36.327  5320  5374 D cellinfo: 46 bytes from 44.241.174.93: icmp_seq=999 ttl=26 time=86.7 ms
08-10 21:51:36.535  5320  5374 D cellinfo: 46 bytes from 44.241.174.93: icmp_seq=1000 ttl=26 time=95.3 ms
08-10 21:51:36.583  5320  5320 D cellinfo: Latitude is 40.9995634
08-10 21:51:36.583  5320  5320 D cellinfo: Longitude is -105.4131413
08-10 21:51:36.583  5320  5320 D cellinfo: Instantaneous GPS information: United States, 2540 US-287, Laramie, WY 82070, USA
08-10 21:51:36.583  5320  5320 D cellinfo: getCurrentLocation() result: Location (success): 40.9995634, -105.4131413
08-10 21:51:36.715  5320  5374 D cellinfo: 46 bytes from 44.241.174.93: icmp_seq=1001 ttl=26 time=75.0 ms
08-10 21:51:36.915  5320  5374 D cellinfo: 46 bytes from 44.241.174.93: icmp_seq=1002 ttl=26 time=73.8 ms
08-10 21:51:37.133  5320  5374 D cellinfo: 46 bytes from 44.241.174.93: icmp_seq=1003 ttl=26 time=91.5 ms
08-10 21:51:37.316  5320  5374 D cellinfo: 46 bytes from 44.241.174.93: icmp_seq=1004 ttl=26 time=73.1 ms
08-10 21:51:37.516  5320  5374 D cellinfo: 46 bytes from 44.241.174.93: icmp_seq=1005 ttl=26 time=72.1 ms
08-10 21:51:37.717  5320  5374 D cellinfo: 46 bytes from 44.241.174.93: icmp_seq=1006 ttl=26 time=72.3 ms
08-10 21:51:37.922  5320  5374 D cellinfo: 46 bytes from 44.241.174.93: icmp_seq=1007 ttl=26 time=76.4 ms
08-10 21:51:38.115  5320  5374 D cellinfo: 46 bytes from 44.241.174.93: icmp_seq=1008 ttl=26 time=69.0 ms
08-10 21:51:38.318  5320  5374 D cellinfo: 46 bytes from 44.241.174.93: icmp_seq=1009 ttl=26 time=70.8 ms
08-10 21:51:38.538  5320  5374 D cellinfo: 46 bytes from 44.241.174.93: icmp_seq=1010 ttl=26 time=89.7 ms
08-10 21:51:38.727  5320  5374 D cellinfo: 46 bytes from 44.241.174.93: icmp_seq=1011 ttl=26 time=77.8 ms
08-10 21:51:38.859  5320  5320 D cellinfo: Latitude is 40.9995634
08-10 21:51:38.859  5320  5320 D cellinfo: Longitude is -105.4131413
08-10 21:51:38.859  5320  5320 D cellinfo: Instantaneous GPS information: United States, 2540 US-287, Laramie, WY 82070, USA
08-10 21:51:38.859  5320  5320 D cellinfo: getCurrentLocation() result: Location (success): 40.9995634, -105.4131413
08-10 21:51:38.901  5320  5320 D cellinfo: onCellInfoChanged: Operator: Verizon Wireless UpdateTimestamp: 24732202 CellConnectionStatus: 1
08-10 21:51:38.901  5320  5320 D cellinfo: onCellInfoChanged: LTE Cell Bands: [13] Bandwidth: 10000 Cell ID: 3894529 Physical Cell ID: 360 Tracking Area Code: 3840 EARFCN: 5230
08-10 21:51:38.925  5320  5374 D cellinfo: 46 bytes from 44.241.174.93: icmp_seq=1012 ttl=26 time=75.5 ms
08-10 21:51:39.128  5320  5374 D cellinfo: 46 bytes from 44.241.174.93: icmp_seq=1013 ttl=26 time=77.3 ms
08-10 21:51:39.326  5320  5374 D cellinfo: 46 bytes from 44.241.174.93: icmp_seq=1014 ttl=26 time=74.5 ms
08-10 21:51:39.528  5320  5374 D cellinfo: 46 bytes from 44.241.174.93: icmp_seq=1015 ttl=26 time=74.7 ms
08-10 21:51:39.726  5320  5374 D cellinfo: 46 bytes from 44.241.174.93: icmp_seq=1016 ttl=26 time=72.7 ms
08-10 21:51:39.898  5320  5320 D cellinfo: onsignalStrengthsChanged: LTE Signal Strength info: rsrp: -118 rsrq: -12 rssi: -99 rssnr: 4
08-10 21:51:40.071  5320  5374 D cellinfo: 46 bytes from 44.241.174.93: icmp_seq=1017 ttl=26 time=217 ms
08-10 21:51:40.126  5320  5374 D cellinfo: 46 bytes from 44.241.174.93: icmp_seq=1018 ttl=26 time=69.8 ms
08-10 21:51:40.335  5320  5374 D cellinfo: 46 bytes from 44.241.174.93: icmp_seq=1019 ttl=26 time=78.3 ms
08-10 21:51:40.537  5320  5374 D cellinfo: 46 bytes from 44.241.174.93: icmp_seq=1020 ttl=26 time=79.4 ms
08-10 21:51:40.735  5320  5374 D cellinfo: 46 bytes from 44.241.174.93: icmp_seq=1021 ttl=26 time=76.0 ms
08-10 21:51:40.935  5320  5374 D cellinfo: 46 bytes from 44.241.174.93: icmp_seq=1022 ttl=26 time=75.4 ms
08-10 21:51:41.139  5320  5374 D cellinfo: 46 bytes from 44.241.174.93: icmp_seq=1023 ttl=26 time=77.9 ms
08-10 21:51:41.344  5320  5374 D cellinfo: 46 bytes from 44.241.174.93: icmp_seq=1024 ttl=26 time=83.2 ms
08-10 21:51:41.537  5320  5374 D cellinfo: 46 bytes from 44.241.174.93: icmp_seq=1025 ttl=26 time=74.4 ms
08-10 21:51:41.737  5320  5374 D cellinfo: 46 bytes from 44.241.174.93: icmp_seq=1026 ttl=26 time=74.5 ms
08-10 21:51:41.943  5320  5374 D cellinfo: 46 bytes from 44.241.174.93: icmp_seq=1027 ttl=26 time=80.0 ms
08-10 21:51:42.152  5320  5374 D cellinfo: 46 bytes from 44.241.174.93: icmp_seq=1028 ttl=26 time=87.0 ms
08-10 21:51:42.285  5320  5320 D cellinfo: Latitude is 40.9988645
08-10 21:51:42.285  5320  5320 D cellinfo: Longitude is -105.412962
08-10 21:51:42.285  5320  5320 D cellinfo: Instantaneous GPS information: United States, 36292 US-287, Virginia Dale, CO 80536, USA
08-10 21:51:42.285  5320  5320 D cellinfo: getCurrentLocation() result: Location (success): 40.9988645, -105.412962
08-10 21:51:42.288  5320  5320 D cellinfo: onCellInfoChanged: Operator: Verizon Wireless UpdateTimestamp: 24735196 CellConnectionStatus: 1
08-10 21:51:42.288  5320  5320 D cellinfo: onCellInfoChanged: LTE Cell Bands: [13] Bandwidth: 10000 Cell ID: 3894529 Physical Cell ID: 360 Tracking Area Code: 3840 EARFCN: 5230
08-10 21:51:42.343  5320  5374 D cellinfo: 46 bytes from 44.241.174.93: icmp_seq=1029 ttl=26 time=77.4 ms
08-10 21:51:42.545  5320  5374 D cellinfo: 46 bytes from 44.241.174.93: icmp_seq=1030 ttl=26 time=77.7 ms
08-10 21:51:42.736  5320  5374 D cellinfo: 46 bytes from 44.241.174.93: icmp_seq=1031 ttl=26 time=68.8 ms
08-10 21:51:42.954  5320  5374 D cellinfo: 46 bytes from 44.241.174.93: icmp_seq=1032 ttl=26 time=86.0 ms
08-10 21:51:43.187  5320  5374 D cellinfo: 46 bytes from 44.241.174.93: icmp_seq=1033 ttl=26 time=117 ms
08-10 21:51:43.347  5320  5374 D cellinfo: 46 bytes from 44.241.174.93: icmp_seq=1034 ttl=26 time=77.4 ms
08-10 21:51:43.550  5320  5374 D cellinfo: 46 bytes from 44.241.174.93: icmp_seq=1035 ttl=26 time=79.4 ms
08-10 21:51:43.750  5320  5374 D cellinfo: 46 bytes from 44.241.174.93: icmp_seq=1036 ttl=26 time=78.8 ms
08-10 21:51:43.898  5320  5320 D cellinfo: onsignalStrengthsChanged: LTE Signal Strength info: rsrp: -112 rsrq: -9 rssi: -95 rssnr: 5
08-10 21:51:43.948  5320  5374 D cellinfo: 46 bytes from 44.241.174.93: icmp_seq=1037 ttl=26 time=76.3 ms
08-10 21:51:44.147  5320  5374 D cellinfo: 46 bytes from 44.241.174.93: icmp_seq=1038 ttl=26 time=74.3 ms
08-10 21:51:44.360  5320  5374 D cellinfo: 46 bytes from 44.241.174.93: icmp_seq=1039 ttl=26 time=86.1 ms
08-10 21:51:44.563  5320  5374 D cellinfo: 46 bytes from 44.241.174.93: icmp_seq=1040 ttl=26 time=88.7 ms
08-10 21:51:44.760  5320  5374 D cellinfo: 46 bytes from 44.241.174.93: icmp_seq=1041 ttl=26 time=85.4 ms
08-10 21:51:45.026  5320  5374 D cellinfo: 46 bytes from 44.241.174.93: icmp_seq=1042 ttl=26 time=149 ms
08-10 21:51:45.143  5320  5374 D cellinfo: 46 bytes from 44.241.174.93: icmp_seq=1043 ttl=26 time=66.9 ms
08-10 21:51:45.306  5320  5320 D cellinfo: Latitude is 40.9984555
08-10 21:51:45.306  5320  5320 D cellinfo: Longitude is -105.4128579
08-10 21:51:45.306  5320  5320 D cellinfo: Instantaneous GPS information: United States, 36292 US-287, Virginia Dale, CO 80536, USA
08-10 21:51:45.306  5320  5320 D cellinfo: getCurrentLocation() result: Location (success): 40.9984555, -105.4128579
08-10 21:51:45.314  5320  5320 D cellinfo: onCellInfoChanged: Operator: Verizon Wireless UpdateTimestamp: 24738197 CellConnectionStatus: 1
08-10 21:51:45.314  5320  5320 D cellinfo: onCellInfoChanged: LTE Cell Bands: [13] Bandwidth: 10000 Cell ID: 3894529 Physical Cell ID: 360 Tracking Area Code: 3840 EARFCN: 5230
08-10 21:51:45.350  5320  5374 D cellinfo: 46 bytes from 44.241.174.93: icmp_seq=1044 ttl=26 time=72.6 ms
08-10 21:51:45.554  5320  5374 D cellinfo: 46 bytes from 44.241.174.93: icmp_seq=1045 ttl=26 time=76.4 ms
08-10 21:51:45.758  5320  5374 D cellinfo: 46 bytes from 44.241.174.93: icmp_seq=1046 ttl=26 time=79.3 ms
08-10 21:51:45.960  5320  5374 D cellinfo: 46 bytes from 44.241.174.93: icmp_seq=1047 ttl=26 time=80.3 ms
08-10 21:51:46.166  5320  5374 D cellinfo: 46 bytes from 44.241.174.93: icmp_seq=1048 ttl=26 time=85.8 ms
08-10 21:51:46.360  5320  5374 D cellinfo: 46 bytes from 44.241.174.93: icmp_seq=1049 ttl=26 time=79.0 ms
08-10 21:51:46.596  5320  5374 D cellinfo: 46 bytes from 44.241.174.93: icmp_seq=1050 ttl=26 time=113 ms
08-10 21:51:46.766  5320  5374 D cellinfo: 46 bytes from 44.241.174.93: icmp_seq=1051 ttl=26 time=84.1 ms
08-10 21:51:46.956  5320  5374 D cellinfo: 46 bytes from 44.241.174.93: icmp_seq=1052 ttl=26 time=72.7 ms
08-10 21:51:47.159  5320  5374 D cellinfo: 46 bytes from 44.241.174.93: icmp_seq=1053 ttl=26 time=74.6 ms
08-10 21:51:47.356  5320  5374 D cellinfo: 46 bytes from 44.241.174.93: icmp_seq=1054 ttl=26 time=70.7 ms
08-10 21:51:47.556  5320  5374 D cellinfo: 46 bytes from 44.241.174.93: icmp_seq=1055 ttl=26 time=70.6 ms
08-10 21:51:47.764  5320  5374 D cellinfo: 46 bytes from 44.241.174.93: icmp_seq=1056 ttl=26 time=77.1 ms
08-10 21:51:47.890  5320  5320 D cellinfo: onCellInfoChanged: Operator: Verizon Wireless UpdateTimestamp: 24741190 CellConnectionStatus: 1
08-10 21:51:47.890  5320  5320 D cellinfo: onCellInfoChanged: LTE Cell Bands: [13] Bandwidth: 10000 Cell ID: 3894529 Physical Cell ID: 360 Tracking Area Code: 3840 EARFCN: 5230
08-10 21:51:47.897  5320  5320 D cellinfo: onsignalStrengthsChanged: LTE Signal Strength info: rsrp: -118 rsrq: -12 rssi: -99 rssnr: 4
08-10 21:51:48.033  5320  5374 D cellinfo: 46 bytes from 44.241.174.93: icmp_seq=1057 ttl=26 time=147 ms
08-10 21:51:48.217  5320  5374 D cellinfo: 46 bytes from 44.241.174.93: icmp_seq=1058 ttl=26 time=130 ms
08-10 21:51:48.361  5320  5374 D cellinfo: 46 bytes from 44.241.174.93: icmp_seq=1059 ttl=26 time=73.6 ms
08-10 21:51:48.586  5320  5374 D cellinfo: 46 bytes from 44.241.174.93: icmp_seq=1060 ttl=26 time=98.3 ms
08-10 21:51:48.664  5320  5320 D cellinfo: Latitude is 40.9958987
08-10 21:51:48.664  5320  5320 D cellinfo: Longitude is -105.4123669
08-10 21:51:48.664  5320  5320 D cellinfo: Instantaneous GPS information: United States, 36292 US-287, Livermore, CO 80536, USA
08-10 21:51:48.664  5320  5320 D cellinfo: getCurrentLocation() result: Location (success): 40.9958987, -105.4123669
08-10 21:51:48.755  5320  5374 D cellinfo: 46 bytes from 44.241.174.93: icmp_seq=1061 ttl=26 time=65.7 ms
08-10 21:51:48.976  5320  5374 D cellinfo: 46 bytes from 44.241.174.93: icmp_seq=1062 ttl=26 time=85.5 ms
08-10 21:51:49.191  5320  5374 D cellinfo: 46 bytes from 44.241.174.93: icmp_seq=1063 ttl=26 time=99.9 ms
08-10 21:51:49.384  5320  5374 D cellinfo: 46 bytes from 44.241.174.93: icmp_seq=1064 ttl=26 time=91.8 ms
08-10 21:51:49.579  5320  5374 D cellinfo: 46 bytes from 44.241.174.93: icmp_seq=1065 ttl=26 time=87.2 ms
08-10 21:51:49.784  5320  5374 D cellinfo: 46 bytes from 44.241.174.93: icmp_seq=1066 ttl=26 time=90.2 ms
08-10 21:51:50.004  5320  5374 D cellinfo: 46 bytes from 44.241.174.93: icmp_seq=1067 ttl=26 time=109 ms
08-10 21:51:50.176  5320  5374 D cellinfo: 46 bytes from 44.241.174.93: icmp_seq=1068 ttl=26 time=81.7 ms
08-10 21:51:50.377  5320  5374 D cellinfo: 46 bytes from 44.241.174.93: icmp_seq=1069 ttl=26 time=82.4 ms
08-10 21:51:50.577  5320  5374 D cellinfo: 46 bytes from 44.241.174.93: icmp_seq=1070 ttl=26 time=81.0 ms
08-10 21:51:50.867  5320  5320 D cellinfo: Latitude is 40.9958987
08-10 21:51:50.867  5320  5320 D cellinfo: Longitude is -105.4123669
08-10 21:51:50.867  5320  5320 D cellinfo: Instantaneous GPS information: United States, 36292 US-287, Livermore, CO 80536, USA
08-10 21:51:50.867  5320  5320 D cellinfo: getCurrentLocation() result: Location (success): 40.9958987, -105.4123669
08-10 21:51:50.915  5320  5320 D cellinfo: onCellInfoChanged: Operator: Verizon Wireless UpdateTimestamp: 24744211 CellConnectionStatus: 1
08-10 21:51:50.915  5320  5320 D cellinfo: onCellInfoChanged: LTE Cell Bands: [13] Bandwidth: 10000 Cell ID: 3894529 Physical Cell ID: 360 Tracking Area Code: 3840 EARFCN: 5230
08-10 21:51:51.165  5320  5374 D cellinfo: 46 bytes from 44.241.174.93: icmp_seq=1071 ttl=26 time=467 ms
08-10 21:51:51.194  5320  5374 D cellinfo: 46 bytes from 44.241.174.93: icmp_seq=1072 ttl=26 time=293 ms
08-10 21:51:51.200  5320  5374 D cellinfo: 46 bytes from 44.241.174.93: icmp_seq=1073 ttl=26 time=95.8 ms
08-10 21:51:51.395  5320  5374 D cellinfo: 46 bytes from 44.241.174.93: icmp_seq=1074 ttl=26 time=90.7 ms
08-10 21:51:51.594  5320  5374 D cellinfo: 46 bytes from 44.241.174.93: icmp_seq=1075 ttl=26 time=89.0 ms
08-10 21:51:51.797  5320  5374 D cellinfo: 46 bytes from 44.241.174.93: icmp_seq=1076 ttl=26 time=90.7 ms
08-10 21:51:51.900  5320  5320 D cellinfo: onsignalStrengthsChanged: LTE Signal Strength info: rsrp: -119 rsrq: -11 rssi: -101 rssnr: 1
08-10 21:51:52.108  5320  5374 D cellinfo: 46 bytes from 44.241.174.93: icmp_seq=1077 ttl=26 time=200 ms
08-10 21:51:52.190  5320  5374 D cellinfo: 46 bytes from 44.241.174.93: icmp_seq=1078 ttl=26 time=81.6 ms
08-10 21:51:52.405  5320  5374 D cellinfo: 46 bytes from 44.241.174.93: icmp_seq=1079 ttl=26 time=96.6 ms
08-10 21:51:52.597  5320  5374 D cellinfo: 46 bytes from 44.241.174.93: icmp_seq=1080 ttl=26 time=88.0 ms
08-10 21:51:52.812  5320  5374 D cellinfo: 46 bytes from 44.241.174.93: icmp_seq=1081 ttl=26 time=101 ms
08-10 21:51:53.021  5320  5374 D cellinfo: 46 bytes from 44.241.174.93: icmp_seq=1082 ttl=26 time=109 ms
08-10 21:51:53.203  5320  5374 D cellinfo: 46 bytes from 44.241.174.93: icmp_seq=1083 ttl=26 time=92.0 ms
08-10 21:51:53.386  5320  5374 D cellinfo: 46 bytes from 44.241.174.93: icmp_seq=1084 ttl=26 time=74.2 ms
08-10 21:51:53.595  5320  5374 D cellinfo: 46 bytes from 44.241.174.93: icmp_seq=1085 ttl=26 time=82.7 ms
08-10 21:51:53.811  5320  5374 D cellinfo: 46 bytes from 44.241.174.93: icmp_seq=1086 ttl=26 time=98.3 ms
08-10 21:51:54.019  5320  5374 D cellinfo: 46 bytes from 44.241.174.93: icmp_seq=1087 ttl=26 time=104 ms
08-10 21:51:54.211  5320  5374 D cellinfo: 46 bytes from 44.241.174.93: icmp_seq=1088 ttl=26 time=97.1 ms
08-10 21:51:54.433  5320  5374 D cellinfo: 46 bytes from 44.241.174.93: icmp_seq=1089 ttl=26 time=119 ms
08-10 21:51:54.511  5320  5320 D cellinfo: Latitude is 40.9952082
08-10 21:51:54.511  5320  5320 D cellinfo: Longitude is -105.4121897
08-10 21:51:54.511  5320  5320 D cellinfo: Instantaneous GPS information: United States, 36726-36998 US-287, Livermore, CO 80536, USA
08-10 21:51:54.511  5320  5320 D cellinfo: getCurrentLocation() result: Location (success): 40.9952082, -105.4121897
08-10 21:51:54.515  5320  5320 D cellinfo: onCellInfoChanged: Operator: Verizon Wireless UpdateTimestamp: 24747216 CellConnectionStatus: 1
08-10 21:51:54.515  5320  5320 D cellinfo: onCellInfoChanged: LTE Cell Bands: [13] Bandwidth: 10000 Cell ID: 3894529 Physical Cell ID: 360 Tracking Area Code: 3840 EARFCN: 5230
08-10 21:51:54.607  5320  5374 D cellinfo: 46 bytes from 44.241.174.93: icmp_seq=1090 ttl=26 time=92.3 ms
08-10 21:51:54.796  5320  5374 D cellinfo: 46 bytes from 44.241.174.93: icmp_seq=1091 ttl=26 time=80.5 ms
08-10 21:51:54.995  5320  5374 D cellinfo: 46 bytes from 44.241.174.93: icmp_seq=1092 ttl=26 time=78.3 ms
08-10 21:51:55.203  5320  5374 D cellinfo: 46 bytes from 44.241.174.93: icmp_seq=1093 ttl=26 time=84.7 ms
08-10 21:51:55.404  5320  5374 D cellinfo: 46 bytes from 44.241.174.93: icmp_seq=1094 ttl=26 time=85.3 ms
08-10 21:51:55.597  5320  5374 D cellinfo: 46 bytes from 44.241.174.93: icmp_seq=1095 ttl=26 time=77.4 ms
08-10 21:51:55.807  5320  5374 D cellinfo: 46 bytes from 44.241.174.93: icmp_seq=1096 ttl=26 time=85.8 ms
08-10 21:51:56.027  5320  5374 D cellinfo: 46 bytes from 44.241.174.93: icmp_seq=1097 ttl=26 time=104 ms
08-10 21:51:56.220  5320  5374 D cellinfo: 46 bytes from 44.241.174.93: icmp_seq=1098 ttl=26 time=97.7 ms
08-10 21:51:56.410  5320  5374 D cellinfo: 46 bytes from 44.241.174.93: icmp_seq=1099 ttl=26 time=87.9 ms
08-10 21:51:56.599  5320  5374 D cellinfo: 46 bytes from 44.241.174.93: icmp_seq=1100 ttl=26 time=76.1 ms
08-10 21:51:56.796  5320  5374 D cellinfo: 46 bytes from 44.241.174.93: icmp_seq=1101 ttl=26 time=71.7 ms
08-10 21:51:57.006  5320  5374 D cellinfo: 46 bytes from 44.241.174.93: icmp_seq=1102 ttl=26 time=80.9 ms
08-10 21:51:57.198  5320  5374 D cellinfo: 46 bytes from 44.241.174.93: icmp_seq=1103 ttl=26 time=72.8 ms
08-10 21:51:57.250  5320  5320 D cellinfo: Latitude is 40.9948107
08-10 21:51:57.251  5320  5320 D cellinfo: Longitude is -105.4120885
08-10 21:51:57.251  5320  5320 D cellinfo: Instantaneous GPS information: United States, 36726-36998 US-287, Livermore, CO 80536, USA
08-10 21:51:57.251  5320  5320 D cellinfo: getCurrentLocation() result: Location (success): 40.9948107, -105.4120885
08-10 21:51:57.253  5320  5320 D cellinfo: onCellInfoChanged: Operator: Verizon Wireless UpdateTimestamp: 24750199 CellConnectionStatus: 1
08-10 21:51:57.254  5320  5320 D cellinfo: onCellInfoChanged: LTE Cell Bands: [13] Bandwidth: 10000 Cell ID: 3894529 Physical Cell ID: 360 Tracking Area Code: 3840 EARFCN: 5230
08-10 21:51:57.255  5320  5320 D cellinfo: onsignalStrengthsChanged: LTE Signal Strength info: rsrp: -110 rsrq: -7 rssi: -95 rssnr: 5
08-10 21:51:57.404  5320  5374 D cellinfo: 46 bytes from 44.241.174.93: icmp_seq=1104 ttl=26 time=77.8 ms
08-10 21:51:57.606  5320  5374 D cellinfo: 46 bytes from 44.241.174.93: icmp_seq=1105 ttl=26 time=78.3 ms
08-10 21:51:57.810  5320  5374 D cellinfo: 46 bytes from 44.241.174.93: icmp_seq=1106 ttl=26 time=82.1 ms
08-10 21:51:58.008  5320  5374 D cellinfo: 46 bytes from 44.241.174.93: icmp_seq=1107 ttl=26 time=78.8 ms
08-10 21:51:58.221  5320  5374 D cellinfo: 46 bytes from 44.241.174.93: icmp_seq=1108 ttl=26 time=92.7 ms
08-10 21:51:58.426  5320  5374 D cellinfo: 46 bytes from 44.241.174.93: icmp_seq=1109 ttl=26 time=96.5 ms
08-10 21:51:58.615  5320  5374 D cellinfo: 46 bytes from 44.241.174.93: icmp_seq=1110 ttl=26 time=85.0 ms
08-10 21:51:58.806  5320  5374 D cellinfo: 46 bytes from 44.241.174.93: icmp_seq=1111 ttl=26 time=75.8 ms
08-10 21:51:59.014  5320  5374 D cellinfo: 46 bytes from 44.241.174.93: icmp_seq=1112 ttl=26 time=83.7 ms
08-10 21:51:59.209  5320  5374 D cellinfo: 46 bytes from 44.241.174.93: icmp_seq=1113 ttl=26 time=78.5 ms
08-10 21:51:59.407  5320  5374 D cellinfo: 46 bytes from 44.241.174.93: icmp_seq=1114 ttl=26 time=76.7 ms
08-10 21:51:59.619  5320  5374 D cellinfo: 46 bytes from 44.241.174.93: icmp_seq=1115 ttl=26 time=87.4 ms
08-10 21:51:59.805  5320  5374 D cellinfo: 46 bytes from 44.241.174.93: icmp_seq=1116 ttl=26 time=73.5 ms
08-10 21:51:59.901  5320  5320 D cellinfo: onCellInfoChanged: Operator: Verizon Wireless UpdateTimestamp: 24753202 CellConnectionStatus: 1
08-10 21:51:59.901  5320  5320 D cellinfo: onCellInfoChanged: LTE Cell Bands: [13] Bandwidth: 10000 Cell ID: 3894529 Physical Cell ID: 360 Tracking Area Code: 3840 EARFCN: 5230
08-10 21:52:00.019  5320  5374 D cellinfo: 46 bytes from 44.241.174.93: icmp_seq=1117 ttl=26 time=87.5 ms
08-10 21:52:00.206  5320  5374 D cellinfo: 46 bytes from 44.241.174.93: icmp_seq=1118 ttl=26 time=73.8 ms
08-10 21:52:00.406  5320  5374 D cellinfo: 46 bytes from 44.241.174.93: icmp_seq=1119 ttl=26 time=71.5 ms
08-10 21:52:00.506  5320  5320 D cellinfo: Latitude is 40.9925585
08-10 21:52:00.506  5320  5320 D cellinfo: Longitude is -105.4109766
08-10 21:52:00.506  5320  5320 D cellinfo: Instantaneous GPS information: United States, 36668-36724 US-287, Livermore, CO 80536, USA
08-10 21:52:00.506  5320  5320 D cellinfo: getCurrentLocation() result: Location (success): 40.9925585, -105.4109766
08-10 21:52:00.605  5320  5374 D cellinfo: 46 bytes from 44.241.174.93: icmp_seq=1120 ttl=26 time=72.1 ms
08-10 21:52:00.808  5320  5374 D cellinfo: 46 bytes from 44.241.174.93: icmp_seq=1121 ttl=26 time=73.4 ms
08-10 21:52:00.897  5320  5320 D cellinfo: onsignalStrengthsChanged: LTE Signal Strength info: rsrp: -115 rsrq: -9 rssi: -97 rssnr: 7
08-10 21:52:01.006  5320  5374 D cellinfo: 46 bytes from 44.241.174.93: icmp_seq=1122 ttl=26 time=72.0 ms
08-10 21:52:01.229  5320  5374 D cellinfo: 46 bytes from 44.241.174.93: icmp_seq=1123 ttl=26 time=95.2 ms
08-10 21:52:01.423  5320  5374 D cellinfo: 46 bytes from 44.241.174.93: icmp_seq=1124 ttl=26 time=87.6 ms
08-10 21:52:01.606  5320  5374 D cellinfo: 46 bytes from 44.241.174.93: icmp_seq=1125 ttl=26 time=71.0 ms
08-10 21:52:01.829  5320  5374 D cellinfo: 46 bytes from 44.241.174.93: icmp_seq=1126 ttl=26 time=92.4 ms
08-10 21:52:02.015  5320  5374 D cellinfo: 46 bytes from 44.241.174.93: icmp_seq=1127 ttl=26 time=78.0 ms
08-10 21:52:02.206  5320  5374 D cellinfo: 46 bytes from 44.241.174.93: icmp_seq=1128 ttl=26 time=68.8 ms
08-10 21:52:02.410  5320  5374 D cellinfo: 46 bytes from 44.241.174.93: icmp_seq=1129 ttl=26 time=73.0 ms
08-10 21:52:02.616  5320  5374 D cellinfo: 46 bytes from 44.241.174.93: icmp_seq=1130 ttl=26 time=78.1 ms
08-10 21:52:02.829  5320  5374 D cellinfo: 46 bytes from 44.241.174.93: icmp_seq=1131 ttl=26 time=88.6 ms
08-10 21:52:02.865  5320  5320 D cellinfo: Latitude is 40.9925585
08-10 21:52:02.865  5320  5320 D cellinfo: Longitude is -105.4109766
08-10 21:52:02.865  5320  5320 D cellinfo: Instantaneous GPS information: United States, 36668-36724 US-287, Livermore, CO 80536, USA
08-10 21:52:02.865  5320  5320 D cellinfo: getCurrentLocation() result: Location (success): 40.9925585, -105.4109766
08-10 21:52:02.905  5320  5320 D cellinfo: onCellInfoChanged: Operator: Verizon Wireless UpdateTimestamp: 24756204 CellConnectionStatus: 1
08-10 21:52:02.905  5320  5320 D cellinfo: onCellInfoChanged: LTE Cell Bands: [13] Bandwidth: 10000 Cell ID: 3894529 Physical Cell ID: 360 Tracking Area Code: 3840 EARFCN: 5230
08-10 21:52:03.021  5320  5374 D cellinfo: 46 bytes from 44.241.174.93: icmp_seq=1132 ttl=26 time=81.8 ms
08-10 21:52:03.228  5320  5374 D cellinfo: 46 bytes from 44.241.174.93: icmp_seq=1133 ttl=26 time=88.2 ms
08-10 21:52:03.426  5320  5374 D cellinfo: 46 bytes from 44.241.174.93: icmp_seq=1134 ttl=26 time=85.6 ms
08-10 21:52:03.652  5320  5374 D cellinfo: 46 bytes from 44.241.174.93: icmp_seq=1135 ttl=26 time=111 ms
08-10 21:52:03.844  5320  5374 D cellinfo: 46 bytes from 44.241.174.93: icmp_seq=1136 ttl=26 time=102 ms
08-10 21:52:04.024  5320  5374 D cellinfo: 46 bytes from 44.241.174.93: icmp_seq=1137 ttl=26 time=81.2 ms
08-10 21:52:04.243  5320  5374 D cellinfo: 46 bytes from 44.241.174.93: icmp_seq=1138 ttl=26 time=99.9 ms
08-10 21:52:04.440  5320  5374 D cellinfo: 46 bytes from 44.241.174.93: icmp_seq=1139 ttl=26 time=96.2 ms
08-10 21:52:04.643  5320  5374 D cellinfo: 46 bytes from 44.241.174.93: icmp_seq=1140 ttl=26 time=99.2 ms
08-10 21:52:04.833  5320  5374 D cellinfo: 46 bytes from 44.241.174.93: icmp_seq=1141 ttl=26 time=89.6 ms
08-10 21:52:04.899  5320  5320 D cellinfo: onsignalStrengthsChanged: LTE Signal Strength info: rsrp: -122 rsrq: -11 rssi: -103 rssnr: 2
08-10 21:52:05.027  5320  5374 D cellinfo: 46 bytes from 44.241.174.93: icmp_seq=1142 ttl=26 time=83.1 ms
08-10 21:52:05.233  5320  5374 D cellinfo: 46 bytes from 44.241.174.93: icmp_seq=1143 ttl=26 time=89.5 ms
08-10 21:52:05.450  5320  5374 D cellinfo: 46 bytes from 44.241.174.93: icmp_seq=1144 ttl=26 time=105 ms
08-10 21:52:05.666  5320  5374 D cellinfo: 46 bytes from 44.241.174.93: icmp_seq=1145 ttl=26 time=120 ms
08-10 21:52:05.825  5320  5374 D cellinfo: 46 bytes from 44.241.174.93: icmp_seq=1146 ttl=26 time=79.0 ms
08-10 21:52:06.032  5320  5374 D cellinfo: 46 bytes from 44.241.174.93: icmp_seq=1147 ttl=26 time=84.5 ms
08-10 21:52:06.246  5320  5374 D cellinfo: 46 bytes from 44.241.174.93: icmp_seq=1148 ttl=26 time=96.8 ms
08-10 21:52:06.304  5320  5320 D cellinfo: Latitude is 40.9919487
08-10 21:52:06.304  5320  5320 D cellinfo: Longitude is -105.4106178
08-10 21:52:06.304  5320  5320 D cellinfo: Instantaneous GPS information: United States, 36668-36724 US-287, Livermore, CO 80536, USA
08-10 21:52:06.304  5320  5320 D cellinfo: getCurrentLocation() result: Location (success): 40.9919487, -105.4106178
08-10 21:52:06.308  5320  5320 D cellinfo: onCellInfoChanged: Operator: Verizon Wireless UpdateTimestamp: 24759199 CellConnectionStatus: 1
08-10 21:52:06.308  5320  5320 D cellinfo: onCellInfoChanged: LTE Cell Bands: [13] Bandwidth: 10000 Cell ID: 3894529 Physical Cell ID: 360 Tracking Area Code: 3840 EARFCN: 5230
08-10 21:52:06.566  5320  5374 D cellinfo: 46 bytes from 44.241.174.93: icmp_seq=1149 ttl=26 time=217 ms
08-10 21:52:06.666  5320  5374 D cellinfo: 46 bytes from 44.241.174.93: icmp_seq=1150 ttl=26 time=113 ms
08-10 21:52:06.838  5320  5374 D cellinfo: 46 bytes from 44.241.174.93: icmp_seq=1151 ttl=26 time=85.5 ms
08-10 21:52:07.052  5320  5374 D cellinfo: 46 bytes from 44.241.174.93: icmp_seq=1152 ttl=26 time=98.7 ms
08-10 21:52:07.245  5320  5374 D cellinfo: 46 bytes from 44.241.174.93: icmp_seq=1153 ttl=26 time=90.1 ms
08-10 21:52:07.436  5320  5374 D cellinfo: 46 bytes from 44.241.174.93: icmp_seq=1154 ttl=26 time=82.2 ms
08-10 21:52:07.639  5320  5374 D cellinfo: 46 bytes from 44.241.174.93: icmp_seq=1155 ttl=26 time=83.4 ms
08-10 21:52:07.853  5320  5374 D cellinfo: 46 bytes from 44.241.174.93: icmp_seq=1156 ttl=26 time=97.7 ms
08-10 21:52:08.034  5320  5374 D cellinfo: 46 bytes from 44.241.174.93: icmp_seq=1157 ttl=26 time=78.1 ms
08-10 21:52:08.235  5320  5374 D cellinfo: 46 bytes from 44.241.174.93: icmp_seq=1158 ttl=26 time=79.0 ms
08-10 21:52:08.434  5320  5374 D cellinfo: 46 bytes from 44.241.174.93: icmp_seq=1159 ttl=26 time=77.1 ms
08-10 21:52:08.647  5320  5374 D cellinfo: 46 bytes from 44.241.174.93: icmp_seq=1160 ttl=26 time=89.0 ms
08-10 21:52:08.846  5320  5374 D cellinfo: 46 bytes from 44.241.174.93: icmp_seq=1161 ttl=26 time=88.7 ms
08-10 21:52:09.064  5320  5374 D cellinfo: 46 bytes from 44.241.174.93: icmp_seq=1162 ttl=26 time=105 ms
08-10 21:52:09.253  5320  5374 D cellinfo: 46 bytes from 44.241.174.93: icmp_seq=1163 ttl=26 time=93.1 ms
08-10 21:52:09.549  5320  5374 D cellinfo: 46 bytes from 44.241.174.93: icmp_seq=1164 ttl=26 time=188 ms
08-10 21:52:09.605  5320  5320 D cellinfo: Latitude is 40.9915967
08-10 21:52:09.606  5320  5320 D cellinfo: Longitude is -105.4104119
08-10 21:52:09.606  5320  5320 D cellinfo: Instantaneous GPS information: United States, 36668-36724 US-287, Livermore, CO 80536, USA
08-10 21:52:09.606  5320  5320 D cellinfo: getCurrentLocation() result: Location (success): 40.9915967, -105.4104119
08-10 21:52:09.611  5320  5320 D cellinfo: onCellInfoChanged: Operator: Verizon Wireless UpdateTimestamp: 24762198 CellConnectionStatus: 1
08-10 21:52:09.611  5320  5320 D cellinfo: onCellInfoChanged: LTE Cell Bands: [13] Bandwidth: 10000 Cell ID: 3894529 Physical Cell ID: 360 Tracking Area Code: 3840 EARFCN: 5230
08-10 21:52:09.611  5320  5320 D cellinfo: onsignalStrengthsChanged: LTE Signal Strength info: rsrp: -118 rsrq: -11 rssi: -99 rssnr: 4
08-10 21:52:09.652  5320  5374 D cellinfo: 46 bytes from 44.241.174.93: icmp_seq=1165 ttl=26 time=91.5 ms
08-10 21:52:09.866  5320  5374 D cellinfo: 46 bytes from 44.241.174.93: icmp_seq=1166 ttl=26 time=104 ms
08-10 21:52:10.071  5320  5374 D cellinfo: 46 bytes from 44.241.174.93: icmp_seq=1167 ttl=26 time=108 ms
08-10 21:52:10.255  5320  5374 D cellinfo: 46 bytes from 44.241.174.93: icmp_seq=1168 ttl=26 time=93.3 ms
08-10 21:52:10.454  5320  5374 D cellinfo: 46 bytes from 44.241.174.93: icmp_seq=1169 ttl=26 time=91.8 ms
08-10 21:52:10.656  5320  5374 D cellinfo: 46 bytes from 44.241.174.93: icmp_seq=1170 ttl=26 time=93.3 ms
08-10 21:52:10.860  5320  5374 D cellinfo: 46 bytes from 44.241.174.93: icmp_seq=1171 ttl=26 time=96.8 ms
08-10 21:52:11.065  5320  5374 D cellinfo: 46 bytes from 44.241.174.93: icmp_seq=1172 ttl=26 time=101 ms
08-10 21:52:11.249  5320  5374 D cellinfo: 46 bytes from 44.241.174.93: icmp_seq=1173 ttl=26 time=85.7 ms
08-10 21:52:11.446  5320  5374 D cellinfo: 46 bytes from 44.241.174.93: icmp_seq=1174 ttl=26 time=82.1 ms
08-10 21:52:11.655  5320  5374 D cellinfo: 46 bytes from 44.241.174.93: icmp_seq=1175 ttl=26 time=90.1 ms
08-10 21:52:11.836  5320  5374 D cellinfo: 46 bytes from 44.241.174.93: icmp_seq=1176 ttl=26 time=70.1 ms
08-10 21:52:11.902  5320  5320 D cellinfo: onCellInfoChanged: Operator: Verizon Wireless UpdateTimestamp: 24765202 CellConnectionStatus: 1
08-10 21:52:11.902  5320  5320 D cellinfo: onCellInfoChanged: LTE Cell Bands: [13] Bandwidth: 10000 Cell ID: 3894529 Physical Cell ID: 360 Tracking Area Code: 3840 EARFCN: 5230
08-10 21:52:12.056  5320  5374 D cellinfo: 46 bytes from 44.241.174.93: icmp_seq=1177 ttl=26 time=89.7 ms
08-10 21:52:12.242  5320  5374 D cellinfo: 46 bytes from 44.241.174.93: icmp_seq=1178 ttl=26 time=76.2 ms
08-10 21:52:12.437  5320  5374 D cellinfo: 46 bytes from 44.241.174.93: icmp_seq=1179 ttl=26 time=69.2 ms
08-10 21:52:12.580  5320  5320 D cellinfo: Latitude is 40.9895995
08-10 21:52:12.580  5320  5320 D cellinfo: Longitude is -105.4087077
08-10 21:52:12.580  5320  5320 D cellinfo: Instantaneous GPS information: United States, 36668-36724 US-287, Livermore, CO 80536, USA
08-10 21:52:12.580  5320  5320 D cellinfo: getCurrentLocation() result: Location (success): 40.9895995, -105.4087077
08-10 21:52:12.640  5320  5374 D cellinfo: 46 bytes from 44.241.174.93: icmp_seq=1180 ttl=26 time=72.7 ms
08-10 21:52:12.855  5320  5374 D cellinfo: 46 bytes from 44.241.174.93: icmp_seq=1181 ttl=26 time=86.3 ms
08-10 21:52:12.900  5320  5320 D cellinfo: onsignalStrengthsChanged: LTE Signal Strength info: rsrp: -114 rsrq: -8 rssi: -99 rssnr: 5
08-10 21:52:13.050  5320  5374 D cellinfo: 46 bytes from 44.241.174.93: icmp_seq=1182 ttl=26 time=81.1 ms
08-10 21:52:13.245  5320  5374 D cellinfo: 46 bytes from 44.241.174.93: icmp_seq=1183 ttl=26 time=76.3 ms
08-10 21:52:13.445  5320  5374 D cellinfo: 46 bytes from 44.241.174.93: icmp_seq=1184 ttl=26 time=75.4 ms
08-10 21:52:13.646  5320  5374 D cellinfo: 46 bytes from 44.241.174.93: icmp_seq=1185 ttl=26 time=74.7 ms
08-10 21:52:13.854  5320  5374 D cellinfo: 46 bytes from 44.241.174.93: icmp_seq=1186 ttl=26 time=82.2 ms
08-10 21:52:14.046  5320  5374 D cellinfo: 46 bytes from 44.241.174.93: icmp_seq=1187 ttl=26 time=73.7 ms
08-10 21:52:14.247  5320  5374 D cellinfo: 46 bytes from 44.241.174.93: icmp_seq=1188 ttl=26 time=75.5 ms
08-10 21:52:14.454  5320  5374 D cellinfo: 46 bytes from 44.241.174.93: icmp_seq=1189 ttl=26 time=80.4 ms
08-10 21:52:14.647  5320  5374 D cellinfo: 46 bytes from 44.241.174.93: icmp_seq=1190 ttl=26 time=73.3 ms
08-10 21:52:14.846  5320  5374 D cellinfo: 46 bytes from 44.241.174.93: icmp_seq=1191 ttl=26 time=72.3 ms
08-10 21:52:14.864  5320  5320 D cellinfo: Latitude is 40.9895995
08-10 21:52:14.864  5320  5320 D cellinfo: Longitude is -105.4087077
08-10 21:52:14.864  5320  5320 D cellinfo: Instantaneous GPS information: United States, 36668-36724 US-287, Livermore, CO 80536, USA
08-10 21:52:14.864  5320  5320 D cellinfo: getCurrentLocation() result: Location (success): 40.9895995, -105.4087077
08-10 21:52:14.909  5320  5320 D cellinfo: onCellInfoChanged: Operator: Verizon Wireless UpdateTimestamp: 24768210 CellConnectionStatus: 1
08-10 21:52:14.909  5320  5320 D cellinfo: onCellInfoChanged: LTE Cell Bands: [13] Bandwidth: 10000 Cell ID: 3894529 Physical Cell ID: 360 Tracking Area Code: 3840 EARFCN: 5230
08-10 21:52:15.045  5320  5374 D cellinfo: 46 bytes from 44.241.174.93: icmp_seq=1192 ttl=26 time=70.5 ms
08-10 21:52:15.247  5320  5374 D cellinfo: 46 bytes from 44.241.174.93: icmp_seq=1193 ttl=26 time=71.4 ms
08-10 21:52:15.447  5320  5374 D cellinfo: 46 bytes from 44.241.174.93: icmp_seq=1194 ttl=26 time=70.3 ms
08-10 21:52:15.647  5320  5374 D cellinfo: 46 bytes from 44.241.174.93: icmp_seq=1195 ttl=26 time=70.3 ms
08-10 21:52:15.858  5320  5374 D cellinfo: 46 bytes from 44.241.174.93: icmp_seq=1196 ttl=26 time=79.5 ms
08-10 21:52:16.064  5320  5374 D cellinfo: 46 bytes from 44.241.174.93: icmp_seq=1197 ttl=26 time=86.0 ms
08-10 21:52:16.256  5320  5374 D cellinfo: 46 bytes from 44.241.174.93: icmp_seq=1198 ttl=26 time=77.4 ms
08-10 21:52:16.456  5320  5374 D cellinfo: 46 bytes from 44.241.174.93: icmp_seq=1199 ttl=26 time=76.4 ms
08-10 21:52:16.658  5320  5374 D cellinfo: 46 bytes from 44.241.174.93: icmp_seq=1200 ttl=26 time=77.3 ms
08-10 21:52:16.857  5320  5374 D cellinfo: 46 bytes from 44.241.174.93: icmp_seq=1201 ttl=26 time=75.4 ms
08-10 21:52:17.056  5320  5374 D cellinfo: 46 bytes from 44.241.174.93: icmp_seq=1202 ttl=26 time=74.1 ms
08-10 21:52:17.256  5320  5374 D cellinfo: 46 bytes from 44.241.174.93: icmp_seq=1203 ttl=26 time=73.8 ms
08-10 21:52:17.456  5320  5374 D cellinfo: 46 bytes from 44.241.174.93: icmp_seq=1204 ttl=26 time=73.1 ms
08-10 21:52:17.656  5320  5374 D cellinfo: 46 bytes from 44.241.174.93: icmp_seq=1205 ttl=26 time=71.7 ms
08-10 21:52:17.857  5320  5374 D cellinfo: 46 bytes from 44.241.174.93: icmp_seq=1206 ttl=26 time=70.9 ms
08-10 21:52:18.073  5320  5374 D cellinfo: 46 bytes from 44.241.174.93: icmp_seq=1207 ttl=26 time=87.5 ms
08-10 21:52:18.270  5320  5374 D cellinfo: 46 bytes from 44.241.174.93: icmp_seq=1208 ttl=26 time=84.1 ms
08-10 21:52:18.336  5320  5320 D cellinfo: Latitude is 40.989068
08-10 21:52:18.336  5320  5320 D cellinfo: Longitude is -105.4081776
08-10 21:52:18.336  5320  5320 D cellinfo: Instantaneous GPS information: United States, 35632 US-287, Livermore, CO 80536, USA
08-10 21:52:18.336  5320  5320 D cellinfo: getCurrentLocation() result: Location (success): 40.989068, -105.4081776
08-10 21:52:18.346  5320  5320 D cellinfo: onCellInfoChanged: Operator: Verizon Wireless UpdateTimestamp: 24771211 CellConnectionStatus: 1
08-10 21:52:18.346  5320  5320 D cellinfo: onCellInfoChanged: LTE Cell Bands: [13] Bandwidth: 10000 Cell ID: 3894529 Physical Cell ID: 360 Tracking Area Code: 3840 EARFCN: 5230
08-10 21:52:18.456  5320  5374 D cellinfo: 46 bytes from 44.241.174.93: icmp_seq=1209 ttl=26 time=70.3 ms
08-10 21:52:18.659  5320  5374 D cellinfo: 46 bytes from 44.241.174.93: icmp_seq=1210 ttl=26 time=73.2 ms
08-10 21:52:18.857  5320  5374 D cellinfo: 46 bytes from 44.241.174.93: icmp_seq=1211 ttl=26 time=69.8 ms
08-10 21:52:18.902  5320  5320 D cellinfo: onsignalStrengthsChanged: LTE Signal Strength info: rsrp: -118 rsrq: -9 rssi: -101 rssnr: 4
08-10 21:52:19.055  5320  5374 D cellinfo: 46 bytes from 44.241.174.93: icmp_seq=1212 ttl=26 time=68.2 ms
08-10 21:52:19.266  5320  5374 D cellinfo: 46 bytes from 44.241.174.93: icmp_seq=1213 ttl=26 time=78.8 ms
08-10 21:52:19.464  5320  5374 D cellinfo: 46 bytes from 44.241.174.93: icmp_seq=1214 ttl=26 time=76.1 ms
08-10 21:52:19.664  5320  5374 D cellinfo: 46 bytes from 44.241.174.93: icmp_seq=1215 ttl=26 time=75.5 ms
08-10 21:52:19.883  5320  5374 D cellinfo: 46 bytes from 44.241.174.93: icmp_seq=1216 ttl=26 time=92.5 ms
08-10 21:52:20.083  5320  5374 D cellinfo: 46 bytes from 44.241.174.93: icmp_seq=1217 ttl=26 time=92.9 ms
08-10 21:52:20.282  5320  5374 D cellinfo: 46 bytes from 44.241.174.93: icmp_seq=1218 ttl=26 time=91.7 ms
08-10 21:52:20.474  5320  5374 D cellinfo: 46 bytes from 44.241.174.93: icmp_seq=1219 ttl=26 time=83.0 ms
08-10 21:52:20.674  5320  5374 D cellinfo: 46 bytes from 44.241.174.93: icmp_seq=1220 ttl=26 time=81.4 ms
08-10 21:52:20.866  5320  5374 D cellinfo: 46 bytes from 44.241.174.93: icmp_seq=1221 ttl=26 time=73.3 ms
08-10 21:52:21.080  5320  5374 D cellinfo: 46 bytes from 44.241.174.93: icmp_seq=1222 ttl=26 time=86.6 ms
08-10 21:52:21.266  5320  5374 D cellinfo: 46 bytes from 44.241.174.93: icmp_seq=1223 ttl=26 time=73.0 ms
08-10 21:52:21.320  5320  5320 D cellinfo: Latitude is 40.9887652
08-10 21:52:21.320  5320  5320 D cellinfo: Longitude is -105.4078764
08-10 21:52:21.320  5320  5320 D cellinfo: Instantaneous GPS information: United States, 35632 US-287, Livermore, CO 80536, USA
08-10 21:52:21.320  5320  5320 D cellinfo: getCurrentLocation() result: Location (success): 40.9887652, -105.4078764
08-10 21:52:21.325  5320  5320 D cellinfo: onCellInfoChanged: Operator: Verizon Wireless UpdateTimestamp: 24774211 CellConnectionStatus: 1
08-10 21:52:21.325  5320  5320 D cellinfo: onCellInfoChanged: LTE Cell Bands: [13] Bandwidth: 10000 Cell ID: 3894529 Physical Cell ID: 360 Tracking Area Code: 3840 EARFCN: 5230
08-10 21:52:21.477  5320  5374 D cellinfo: 46 bytes from 44.241.174.93: icmp_seq=1224 ttl=26 time=83.0 ms
08-10 21:52:21.682  5320  5374 D cellinfo: 46 bytes from 44.241.174.93: icmp_seq=1225 ttl=26 time=87.9 ms
08-10 21:52:21.903  5320  5374 D cellinfo: 46 bytes from 44.241.174.93: icmp_seq=1226 ttl=26 time=108 ms
08-10 21:52:22.103  5320  5374 D cellinfo: 46 bytes from 44.241.174.93: icmp_seq=1227 ttl=26 time=106 ms
08-10 21:52:22.279  5320  5374 D cellinfo: 46 bytes from 44.241.174.93: icmp_seq=1228 ttl=26 time=82.9 ms
08-10 21:52:22.474  5320  5374 D cellinfo: 46 bytes from 44.241.174.93: icmp_seq=1229 ttl=26 time=77.1 ms
08-10 21:52:22.666  5320  5374 D cellinfo: 46 bytes from 44.241.174.93: icmp_seq=1230 ttl=26 time=68.0 ms
08-10 21:52:22.893  5320  5374 D cellinfo: 46 bytes from 44.241.174.93: icmp_seq=1231 ttl=26 time=94.5 ms
08-10 21:52:23.077  5320  5374 D cellinfo: 46 bytes from 44.241.174.93: icmp_seq=1232 ttl=26 time=77.9 ms
08-10 21:52:23.284  5320  5374 D cellinfo: 46 bytes from 44.241.174.93: icmp_seq=1233 ttl=26 time=84.9 ms
08-10 21:52:23.479  5320  5374 D cellinfo: 46 bytes from 44.241.174.93: icmp_seq=1234 ttl=26 time=79.3 ms
08-10 21:52:23.686  5320  5374 D cellinfo: 46 bytes from 44.241.174.93: icmp_seq=1235 ttl=26 time=84.0 ms
08-10 21:52:23.896  5320  5374 D cellinfo: 46 bytes from 44.241.174.93: icmp_seq=1236 ttl=26 time=93.8 ms
08-10 21:52:23.903  5320  5320 D cellinfo: onCellInfoChanged: Operator: Verizon Wireless UpdateTimestamp: 24777201 CellConnectionStatus: 1
08-10 21:52:23.903  5320  5320 D cellinfo: onCellInfoChanged: LTE Cell Bands: [13] Bandwidth: 10000 Cell ID: 3894529 Physical Cell ID: 360 Tracking Area Code: 3840 EARFCN: 5230
08-10 21:52:24.105  5320  5374 D cellinfo: 46 bytes from 44.241.174.93: icmp_seq=1237 ttl=26 time=102 ms
08-10 21:52:24.287  5320  5374 D cellinfo: 46 bytes from 44.241.174.93: icmp_seq=1238 ttl=26 time=83.5 ms
08-10 21:52:24.491  5320  5374 D cellinfo: 46 bytes from 44.241.174.93: icmp_seq=1239 ttl=26 time=87.0 ms
08-10 21:52:24.678  5320  5320 D cellinfo: Latitude is 40.987096
08-10 21:52:24.678  5320  5320 D cellinfo: Longitude is -105.4056371
08-10 21:52:24.678  5320  5320 D cellinfo: Instantaneous GPS information: United States, 35599-35545 US-287, Livermore, CO 80536, USA
08-10 21:52:24.678  5320  5320 D cellinfo: getCurrentLocation() result: Location (success): 40.987096, -105.4056371
08-10 21:52:24.688  5320  5374 D cellinfo: 46 bytes from 44.241.174.93: icmp_seq=1240 ttl=26 time=81.4 ms
08-10 21:52:24.886  5320  5374 D cellinfo: 46 bytes from 44.241.174.93: icmp_seq=1241 ttl=26 time=79.8 ms
08-10 21:52:25.092  5320  5374 D cellinfo: 46 bytes from 44.241.174.93: icmp_seq=1242 ttl=26 time=85.2 ms
08-10 21:52:25.295  5320  5374 D cellinfo: 46 bytes from 44.241.174.93: icmp_seq=1243 ttl=26 time=87.5 ms
08-10 21:52:25.488  5320  5374 D cellinfo: 46 bytes from 44.241.174.93: icmp_seq=1244 ttl=26 time=80.1 ms
08-10 21:52:25.685  5320  5374 D cellinfo: 46 bytes from 44.241.174.93: icmp_seq=1245 ttl=26 time=75.3 ms
08-10 21:52:25.887  5320  5374 D cellinfo: 46 bytes from 44.241.174.93: icmp_seq=1246 ttl=26 time=76.7 ms
08-10 21:52:26.086  5320  5374 D cellinfo: 46 bytes from 44.241.174.93: icmp_seq=1247 ttl=26 time=74.7 ms
08-10 21:52:26.287  5320  5374 D cellinfo: 46 bytes from 44.241.174.93: icmp_seq=1248 ttl=26 time=74.2 ms
08-10 21:52:26.494  5320  5374 D cellinfo: 46 bytes from 44.241.174.93: icmp_seq=1249 ttl=26 time=81.0 ms
08-10 21:52:26.686  5320  5374 D cellinfo: 46 bytes from 44.241.174.93: icmp_seq=1250 ttl=26 time=72.1 ms
08-10 21:52:26.859  5320  5320 D cellinfo: Latitude is 40.987096
08-10 21:52:26.859  5320  5320 D cellinfo: Longitude is -105.4056371
08-10 21:52:26.859  5320  5320 D cellinfo: Instantaneous GPS information: United States, 35599-35545 US-287, Livermore, CO 80536, USA
08-10 21:52:26.859  5320  5320 D cellinfo: getCurrentLocation() result: Location (success): 40.987096, -105.4056371
08-10 21:52:26.908  5320  5320 D cellinfo: onCellInfoChanged: Operator: Verizon Wireless UpdateTimestamp: 24780208 CellConnectionStatus: 1
08-10 21:52:26.909  5320  5320 D cellinfo: onCellInfoChanged: LTE Cell Bands: [13] Bandwidth: 10000 Cell ID: 3894529 Physical Cell ID: 360 Tracking Area Code: 3840 EARFCN: 5230
08-10 21:52:26.911  5320  5374 D cellinfo: 46 bytes from 44.241.174.93: icmp_seq=1251 ttl=26 time=94.2 ms
08-10 21:52:27.138  5320  5374 D cellinfo: 46 bytes from 44.241.174.93: icmp_seq=1252 ttl=26 time=122 ms
08-10 21:52:27.286  5320  5374 D cellinfo: 46 bytes from 44.241.174.93: icmp_seq=1253 ttl=26 time=69.5 ms
08-10 21:52:27.488  5320  5374 D cellinfo: 46 bytes from 44.241.174.93: icmp_seq=1254 ttl=26 time=70.2 ms
08-10 21:52:27.712  5320  5374 D cellinfo: 46 bytes from 44.241.174.93: icmp_seq=1255 ttl=26 time=93.2 ms
08-10 21:52:27.906  5320  5374 D cellinfo: 46 bytes from 44.241.174.93: icmp_seq=1256 ttl=26 time=86.2 ms
