08-10 23:24:50.085 16947 16991 D cellinfo: 46 bytes from 44.241.174.93: icmp_seq=10619 ttl=26 time=65.8 ms
08-10 23:24:50.287 16947 16991 D cellinfo: 46 bytes from 44.241.174.93: icmp_seq=10620 ttl=26 time=67.6 ms
08-10 23:24:50.456 16947 16947 D cellinfo: Latitude is 39.9395517
08-10 23:24:50.456 16947 16947 D cellinfo: Longitude is -104.9879859
08-10 23:24:50.456 16947 16947 D cellinfo: Instantaneous GPS information: United States, Dwight D. Eisenhower Hwy, Westminster, CO 80234, USA
08-10 23:24:50.456 16947 16947 D cellinfo: getCurrentLocation() result: Location (success): 39.9395517, -104.9879859
08-10 23:24:50.486 16947 16991 D cellinfo: 46 bytes from 44.241.174.93: icmp_seq=10621 ttl=26 time=66.4 ms
08-10 23:24:50.497 16947 16947 D cellinfo: onCellInfoChanged: Operator: Verizon Wireless UpdateTimestamp: 30323795 CellConnectionStatus: 1
08-10 23:24:50.497 16947 16947 D cellinfo: onCellInfoChanged: LTE Cell Bands: [66] Bandwidth: 10000 Cell ID: 80661516 Physical Cell ID: 267 Tracking Area Code: 3842 EARFCN: 66586
08-10 23:24:50.695 16947 16991 D cellinfo: 46 bytes from 44.241.174.93: icmp_seq=10622 ttl=26 time=73.5 ms
08-10 23:24:50.790 16947 16947 D cellinfo: onsignalStrengthsChanged: LTE Signal Strength info: rsrp: -113 rsrq: -19 rssi: -85 rssnr: -4
08-10 23:24:50.883 16947 16991 D cellinfo: 46 bytes from 44.241.174.93: icmp_seq=10623 ttl=26 time=61.5 ms
08-10 23:24:51.093 16947 16991 D cellinfo: 46 bytes from 44.241.174.93: icmp_seq=10624 ttl=26 time=70.3 ms
08-10 23:24:51.293 16947 16991 D cellinfo: 46 bytes from 44.241.174.93: icmp_seq=10625 ttl=26 time=69.5 ms
08-10 23:24:51.493 16947 16991 D cellinfo: 46 bytes from 44.241.174.93: icmp_seq=10626 ttl=26 time=68.4 ms
08-10 23:24:51.693 16947 16991 D cellinfo: 46 bytes from 44.241.174.93: icmp_seq=10627 ttl=26 time=67.1 ms
08-10 23:24:51.913 16947 16991 D cellinfo: 46 bytes from 44.241.174.93: icmp_seq=10628 ttl=26 time=85.6 ms
08-10 23:24:52.096 16947 16991 D cellinfo: 46 bytes from 44.241.174.93: icmp_seq=10629 ttl=26 time=67.9 ms
08-10 23:24:52.294 16947 16991 D cellinfo: 46 bytes from 44.241.174.93: icmp_seq=10630 ttl=26 time=66.4 ms
08-10 23:24:52.493 16947 16991 D cellinfo: 46 bytes from 44.241.174.93: icmp_seq=10631 ttl=26 time=64.3 ms
08-10 23:24:52.693 16947 16991 D cellinfo: 46 bytes from 44.241.174.93: icmp_seq=10632 ttl=26 time=63.0 ms
08-10 23:24:52.904 16947 16991 D cellinfo: 46 bytes from 44.241.174.93: icmp_seq=10633 ttl=26 time=73.1 ms
08-10 23:24:53.103 16947 16991 D cellinfo: 46 bytes from 44.241.174.93: icmp_seq=10634 ttl=26 time=71.1 ms
08-10 23:24:53.303 16947 16991 D cellinfo: 46 bytes from 44.241.174.93: icmp_seq=10635 ttl=26 time=70.6 ms
08-10 23:24:53.503 16947 16991 D cellinfo: 46 bytes from 44.241.174.93: icmp_seq=10636 ttl=26 time=69.9 ms
08-10 23:24:53.694 16947 16991 D cellinfo: 46 bytes from 44.241.174.93: icmp_seq=10637 ttl=26 time=60.3 ms
08-10 23:24:53.894 16947 16991 D cellinfo: 46 bytes from 44.241.174.93: icmp_seq=10638 ttl=26 time=58.6 ms
08-10 23:24:53.915 16947 16947 D cellinfo: Latitude is 39.9390355
08-10 23:24:53.915 16947 16947 D cellinfo: Longitude is -104.9879742
08-10 23:24:53.915 16947 16947 D cellinfo: Instantaneous GPS information: United States, Dwight D. Eisenhower Hwy, Westminster, CO 80234, USA
08-10 23:24:53.915 16947 16947 D cellinfo: getCurrentLocation() result: Location (success): 39.9390355, -104.9879742
08-10 23:24:53.918 16947 16947 D cellinfo: onCellInfoChanged: Operator: Verizon Wireless UpdateTimestamp: 30326802 CellConnectionStatus: 1
08-10 23:24:53.918 16947 16947 D cellinfo: onCellInfoChanged: LTE Cell Bands: [66] Bandwidth: 10000 Cell ID: 80661516 Physical Cell ID: 267 Tracking Area Code: 3842 EARFCN: 66586
08-10 23:24:54.104 16947 16991 D cellinfo: 46 bytes from 44.241.174.93: icmp_seq=10639 ttl=26 time=68.1 ms
08-10 23:24:54.304 16947 16991 D cellinfo: 46 bytes from 44.241.174.93: icmp_seq=10640 ttl=26 time=66.9 ms
08-10 23:24:54.398 16947 16991 D cellinfo: 46 bytes from 44.241.174.93: icmp_seq=10640 ttl=26 time=160 ms (DUP!)
08-10 23:24:54.452 16947 16947 D cellinfo: onServiceStateChanged: Channel Number: 66586 Cell Bandwidths: [10000, 10000, 10000]
08-10 23:24:54.518 16947 16991 D cellinfo: 46 bytes from 44.241.174.93: icmp_seq=10641 ttl=26 time=80.2 ms
08-10 23:24:54.728 16947 16991 D cellinfo: 46 bytes from 44.241.174.93: icmp_seq=10642 ttl=26 time=89.2 ms
08-10 23:24:54.945 16947 16991 D cellinfo: 46 bytes from 44.241.174.93: icmp_seq=10643 ttl=26 time=105 ms
08-10 23:24:55.123 16947 16991 D cellinfo: 46 bytes from 44.241.174.93: icmp_seq=10644 ttl=26 time=82.2 ms
08-10 23:24:55.314 16947 16991 D cellinfo: 46 bytes from 44.241.174.93: icmp_seq=10645 ttl=26 time=73.5 ms
08-10 23:24:55.513 16947 16991 D cellinfo: 46 bytes from 44.241.174.93: icmp_seq=10646 ttl=26 time=72.0 ms
08-10 23:24:55.712 16947 16991 D cellinfo: 46 bytes from 44.241.174.93: icmp_seq=10647 ttl=26 time=70.3 ms
08-10 23:24:55.921 16947 16991 D cellinfo: 46 bytes from 44.241.174.93: icmp_seq=10648 ttl=26 time=79.4 ms
08-10 23:24:56.120 16947 16991 D cellinfo: 46 bytes from 44.241.174.93: icmp_seq=10649 ttl=26 time=76.9 ms
08-10 23:24:56.312 16947 16991 D cellinfo: 46 bytes from 44.241.174.93: icmp_seq=10650 ttl=26 time=68.1 ms
08-10 23:24:56.424 16947 16947 D cellinfo: onsignalStrengthsChanged: LTE Signal Strength info: rsrp: -110 rsrq: -10 rssi: -89 rssnr: -1
08-10 23:24:56.512 16947 16991 D cellinfo: 46 bytes from 44.241.174.93: icmp_seq=10651 ttl=26 time=67.3 ms
08-10 23:24:56.713 16947 16991 D cellinfo: 46 bytes from 44.241.174.93: icmp_seq=10652 ttl=26 time=66.5 ms
08-10 23:24:56.848 16947 16947 D cellinfo: Latitude is 39.93862
08-10 23:24:56.849 16947 16947 D cellinfo: Longitude is -104.9879648
08-10 23:24:56.849 16947 16947 D cellinfo: Instantaneous GPS information: United States, Dwight D. Eisenhower Hwy, Westminster, CO 80234, USA
08-10 23:24:56.849 16947 16947 D cellinfo: getCurrentLocation() result: Location (success): 39.93862, -104.9879648
08-10 23:24:56.852 16947 16947 D cellinfo: onCellInfoChanged: Operator: Verizon Wireless UpdateTimestamp: 30329777 CellConnectionStatus: 1
08-10 23:24:56.852 16947 16947 D cellinfo: onCellInfoChanged: LTE Cell Bands: [66, 2, 66] Bandwidth: 10000 Cell ID: 80714016 Physical Cell ID: 257 Tracking Area Code: 3842 EARFCN: 66586
08-10 23:24:56.919 16947 16991 D cellinfo: 46 bytes from 44.241.174.93: icmp_seq=10653 ttl=26 time=71.9 ms
08-10 23:24:57.111 16947 16991 D cellinfo: 46 bytes from 44.241.174.93: icmp_seq=10654 ttl=26 time=63.7 ms
08-10 23:24:57.313 16947 16991 D cellinfo: 46 bytes from 44.241.174.93: icmp_seq=10655 ttl=26 time=65.0 ms
08-10 23:24:57.521 16947 16991 D cellinfo: 46 bytes from 44.241.174.93: icmp_seq=10656 ttl=26 time=72.1 ms
08-10 23:24:57.730 16947 16991 D cellinfo: 46 bytes from 44.241.174.93: icmp_seq=10657 ttl=26 time=80.2 ms
08-10 23:24:57.929 16947 16991 D cellinfo: 46 bytes from 44.241.174.93: icmp_seq=10658 ttl=26 time=78.1 ms
08-10 23:24:58.122 16947 16991 D cellinfo: 46 bytes from 44.241.174.93: icmp_seq=10659 ttl=26 time=70.2 ms
08-10 23:24:58.321 16947 16991 D cellinfo: 46 bytes from 44.241.174.93: icmp_seq=10660 ttl=26 time=68.1 ms
08-10 23:24:58.522 16947 16991 D cellinfo: 46 bytes from 44.241.174.93: icmp_seq=10661 ttl=26 time=67.2 ms
08-10 23:24:58.723 16947 16991 D cellinfo: 46 bytes from 44.241.174.93: icmp_seq=10662 ttl=26 time=68.2 ms
08-10 23:24:58.923 16947 16991 D cellinfo: 46 bytes from 44.241.174.93: icmp_seq=10663 ttl=26 time=67.3 ms
08-10 23:24:59.123 16947 16991 D cellinfo: 46 bytes from 44.241.174.93: icmp_seq=10664 ttl=26 time=66.9 ms
08-10 23:24:59.323 16947 16991 D cellinfo: 46 bytes from 44.241.174.93: icmp_seq=10665 ttl=26 time=66.3 ms
08-10 23:24:59.529 16947 16991 D cellinfo: 46 bytes from 44.241.174.93: icmp_seq=10666 ttl=26 time=71.3 ms
08-10 23:24:59.739 16947 16991 D cellinfo: 46 bytes from 44.241.174.93: icmp_seq=10667 ttl=26 time=79.2 ms
08-10 23:24:59.870 16947 16947 D cellinfo: Latitude is 39.9386983
08-10 23:24:59.871 16947 16947 D cellinfo: Longitude is -104.9879666
08-10 23:24:59.871 16947 16947 D cellinfo: Instantaneous GPS information: United States, Dwight D. Eisenhower Hwy, Westminster, CO 80234, USA
08-10 23:24:59.871 16947 16947 D cellinfo: getCurrentLocation() result: Location (success): 39.9386983, -104.9879666
08-10 23:24:59.873 16947 16947 D cellinfo: onCellInfoChanged: Operator: Verizon Wireless UpdateTimestamp: 30332773 CellConnectionStatus: 1
08-10 23:24:59.874 16947 16947 D cellinfo: onCellInfoChanged: LTE Cell Bands: [66, 2, 66] Bandwidth: 10000 Cell ID: 80714016 Physical Cell ID: 257 Tracking Area Code: 3842 EARFCN: 66586
08-10 23:24:59.918 16947 16991 D cellinfo: 46 bytes from 44.241.174.93: icmp_seq=10668 ttl=26 time=58.7 ms
08-10 23:25:00.132 16947 16991 D cellinfo: 46 bytes from 44.241.174.93: icmp_seq=10669 ttl=26 time=71.7 ms
08-10 23:25:00.334 16947 16991 D cellinfo: 46 bytes from 44.241.174.93: icmp_seq=10670 ttl=26 time=72.4 ms
08-10 23:25:00.420 16947 16947 D cellinfo: onsignalStrengthsChanged: LTE Signal Strength info: rsrp: -102 rsrq: -11 rssi: -83 rssnr: 4
08-10 23:25:00.521 16947 16991 D cellinfo: 46 bytes from 44.241.174.93: icmp_seq=10671 ttl=26 time=59.2 ms
08-10 23:25:00.740 16947 16991 D cellinfo: 46 bytes from 44.241.174.93: icmp_seq=10672 ttl=26 time=77.4 ms
08-10 23:25:00.940 16947 16991 D cellinfo: 46 bytes from 44.241.174.93: icmp_seq=10673 ttl=26 time=76.3 ms
08-10 23:25:01.132 16947 16991 D cellinfo: 46 bytes from 44.241.174.93: icmp_seq=10674 ttl=26 time=67.3 ms
08-10 23:25:01.339 16947 16991 D cellinfo: 46 bytes from 44.241.174.93: icmp_seq=10675 ttl=26 time=73.4 ms
08-10 23:25:01.559 16947 16991 D cellinfo: 46 bytes from 44.241.174.93: icmp_seq=10676 ttl=26 time=92.3 ms
08-10 23:25:01.733 16947 16991 D cellinfo: 46 bytes from 44.241.174.93: icmp_seq=10677 ttl=26 time=65.3 ms
08-10 23:25:01.937 16947 16991 D cellinfo: 46 bytes from 44.241.174.93: icmp_seq=10678 ttl=26 time=68.9 ms
08-10 23:25:02.150 16947 16991 D cellinfo: 46 bytes from 44.241.174.93: icmp_seq=10679 ttl=26 time=81.7 ms
08-10 23:25:02.342 16947 16991 D cellinfo: 46 bytes from 44.241.174.93: icmp_seq=10680 ttl=26 time=73.3 ms
08-10 23:25:02.489 16947 16947 D cellinfo: onCellInfoChanged: Operator: Verizon Wireless UpdateTimestamp: 30335790 CellConnectionStatus: 1
08-10 23:25:02.490 16947 16947 D cellinfo: onCellInfoChanged: LTE Cell Bands: [66, 2, 66] Bandwidth: 10000 Cell ID: 80714016 Physical Cell ID: 257 Tracking Area Code: 3842 EARFCN: 66586
08-10 23:25:02.568 16947 16991 D cellinfo: 46 bytes from 44.241.174.93: icmp_seq=10681 ttl=26 time=98.3 ms
08-10 23:25:02.744 16947 16991 D cellinfo: 46 bytes from 44.241.174.93: icmp_seq=10682 ttl=26 time=72.6 ms
08-10 23:25:02.942 16947 16991 D cellinfo: 46 bytes from 44.241.174.93: icmp_seq=10683 ttl=26 time=70.7 ms
08-10 23:25:03.150 16947 16991 D cellinfo: 46 bytes from 44.241.174.93: icmp_seq=10684 ttl=26 time=78.1 ms
08-10 23:25:03.343 16947 16991 D cellinfo: 46 bytes from 44.241.174.93: icmp_seq=10685 ttl=26 time=69.7 ms
08-10 23:25:03.559 16947 16991 D cellinfo: 46 bytes from 44.241.174.93: icmp_seq=10686 ttl=26 time=85.3 ms
08-10 23:25:03.636 16947 16947 D cellinfo: Latitude is 39.9352209
08-10 23:25:03.636 16947 16947 D cellinfo: Longitude is -104.987951
08-10 23:25:03.636 16947 16947 D cellinfo: Instantaneous GPS information: United States, 13171 Grant Cir W, Thornton, CO 80241, USA
08-10 23:25:03.636 16947 16947 D cellinfo: getCurrentLocation() result: Location (success): 39.9352209, -104.987951
08-10 23:25:03.742 16947 16991 D cellinfo: 46 bytes from 44.241.174.93: icmp_seq=10687 ttl=26 time=67.2 ms
08-10 23:25:03.943 16947 16991 D cellinfo: 46 bytes from 44.241.174.93: icmp_seq=10688 ttl=26 time=67.1 ms
08-10 23:25:04.142 16947 16991 D cellinfo: 46 bytes from 44.241.174.93: icmp_seq=10689 ttl=26 time=65.4 ms
08-10 23:25:04.342 16947 16991 D cellinfo: 46 bytes from 44.241.174.93: icmp_seq=10690 ttl=26 time=64.4 ms
08-10 23:25:04.425 16947 16947 D cellinfo: onsignalStrengthsChanged: LTE Signal Strength info: rsrp: -103 rsrq: -11 rssi: -83 rssnr: 2
08-10 23:25:04.553 16947 16991 D cellinfo: 46 bytes from 44.241.174.93: icmp_seq=10691 ttl=26 time=73.6 ms
08-10 23:25:04.761 16947 16991 D cellinfo: 46 bytes from 44.241.174.93: icmp_seq=10692 ttl=26 time=80.9 ms
08-10 23:25:04.952 16947 16991 D cellinfo: 46 bytes from 44.241.174.93: icmp_seq=10693 ttl=26 time=71.7 ms
08-10 23:25:05.152 16947 16991 D cellinfo: 46 bytes from 44.241.174.93: icmp_seq=10694 ttl=26 time=70.8 ms
08-10 23:25:05.352 16947 16991 D cellinfo: 46 bytes from 44.241.174.93: icmp_seq=10695 ttl=26 time=70.2 ms
08-10 23:25:05.456 16947 16947 D cellinfo: Latitude is 39.9352209
08-10 23:25:05.456 16947 16947 D cellinfo: Longitude is -104.987951
08-10 23:25:05.456 16947 16947 D cellinfo: Instantaneous GPS information: United States, 13171 Grant Cir W, Thornton, CO 80241, USA
08-10 23:25:05.456 16947 16947 D cellinfo: getCurrentLocation() result: Location (success): 39.9352209, -104.987951
08-10 23:25:05.500 16947 16947 D cellinfo: onCellInfoChanged: Operator: Verizon Wireless UpdateTimestamp: 30338798 CellConnectionStatus: 1
08-10 23:25:05.500 16947 16947 D cellinfo: onCellInfoChanged: LTE Cell Bands: [66, 2, 66] Bandwidth: 10000 Cell ID: 80714016 Physical Cell ID: 257 Tracking Area Code: 3842 EARFCN: 66586
08-10 23:25:05.561 16947 16991 D cellinfo: 46 bytes from 44.241.174.93: icmp_seq=10696 ttl=26 time=78.4 ms
08-10 23:25:05.751 16947 16991 D cellinfo: 46 bytes from 44.241.174.93: icmp_seq=10697 ttl=26 time=66.9 ms
08-10 23:25:05.953 16947 16991 D cellinfo: 46 bytes from 44.241.174.93: icmp_seq=10698 ttl=26 time=67.5 ms
08-10 23:25:06.168 16947 16991 D cellinfo: 46 bytes from 44.241.174.93: icmp_seq=10699 ttl=26 time=82.9 ms
08-10 23:25:06.353 16947 16991 D cellinfo: 46 bytes from 44.241.174.93: icmp_seq=10700 ttl=26 time=66.6 ms
08-10 23:25:06.553 16947 16991 D cellinfo: 46 bytes from 44.241.174.93: icmp_seq=10701 ttl=26 time=65.9 ms
08-10 23:25:06.752 16947 16991 D cellinfo: 46 bytes from 44.241.174.93: icmp_seq=10702 ttl=26 time=64.9 ms
08-10 23:25:06.951 16947 16991 D cellinfo: 46 bytes from 44.241.174.93: icmp_seq=10703 ttl=26 time=63.1 ms
08-10 23:25:07.162 16947 16991 D cellinfo: 46 bytes from 44.241.174.93: icmp_seq=10704 ttl=26 time=73.3 ms
08-10 23:25:07.363 16947 16991 D cellinfo: 46 bytes from 44.241.174.93: icmp_seq=10705 ttl=26 time=72.3 ms
08-10 23:25:07.570 16947 16991 D cellinfo: 46 bytes from 44.241.174.93: icmp_seq=10706 ttl=26 time=79.1 ms
08-10 23:25:07.763 16947 16991 D cellinfo: 46 bytes from 44.241.174.93: icmp_seq=10707 ttl=26 time=70.1 ms
08-10 23:25:07.963 16947 16991 D cellinfo: 46 bytes from 44.241.174.93: icmp_seq=10708 ttl=26 time=69.0 ms
08-10 23:25:08.163 16947 16991 D cellinfo: 46 bytes from 44.241.174.93: icmp_seq=10709 ttl=26 time=67.6 ms
08-10 23:25:08.362 16947 16991 D cellinfo: 46 bytes from 44.241.174.93: icmp_seq=10710 ttl=26 time=67.4 ms
08-10 23:25:08.424 16947 16947 D cellinfo: onsignalStrengthsChanged: LTE Signal Strength info: rsrp: -102 rsrq: -11 rssi: -83 rssnr: -1
08-10 23:25:08.565 16947 16991 D cellinfo: 46 bytes from 44.241.174.93: icmp_seq=10711 ttl=26 time=69.8 ms
08-10 23:25:08.763 16947 16991 D cellinfo: 46 bytes from 44.241.174.93: icmp_seq=10712 ttl=26 time=66.4 ms
08-10 23:25:08.886 16947 16947 D cellinfo: Latitude is 39.9346938
08-10 23:25:08.886 16947 16947 D cellinfo: Longitude is -104.987939
08-10 23:25:08.886 16947 16947 D cellinfo: Instantaneous GPS information: United States, 13171 Grant Cir W, Thornton, CO 80241, USA
08-10 23:25:08.886 16947 16947 D cellinfo: getCurrentLocation() result: Location (success): 39.9346938, -104.987939
08-10 23:25:08.889 16947 16947 D cellinfo: onCellInfoChanged: Operator: Verizon Wireless UpdateTimestamp: 30341785 CellConnectionStatus: 1
08-10 23:25:08.889 16947 16947 D cellinfo: onCellInfoChanged: LTE Cell Bands: [66, 2, 66] Bandwidth: 10000 Cell ID: 80714016 Physical Cell ID: 257 Tracking Area Code: 3842 EARFCN: 66586
08-10 23:25:08.968 16947 16991 D cellinfo: 46 bytes from 44.241.174.93: icmp_seq=10713 ttl=26 time=71.5 ms
08-10 23:25:09.164 16947 16991 D cellinfo: 46 bytes from 44.241.174.93: icmp_seq=10714 ttl=26 time=66.3 ms
08-10 23:25:09.362 16947 16991 D cellinfo: 46 bytes from 44.241.174.93: icmp_seq=10715 ttl=26 time=64.5 ms
08-10 23:25:09.581 16947 16991 D cellinfo: 46 bytes from 44.241.174.93: icmp_seq=10716 ttl=26 time=81.3 ms
08-10 23:25:09.772 16947 16991 D cellinfo: 46 bytes from 44.241.174.93: icmp_seq=10717 ttl=26 time=73.1 ms
08-10 23:25:09.974 16947 16991 D cellinfo: 46 bytes from 44.241.174.93: icmp_seq=10718 ttl=26 time=73.2 ms
08-10 23:25:10.174 16947 16991 D cellinfo: 46 bytes from 44.241.174.93: icmp_seq=10719 ttl=26 time=72.2 ms
08-10 23:25:10.384 16947 16991 D cellinfo: 46 bytes from 44.241.174.93: icmp_seq=10720 ttl=26 time=81.1 ms
08-10 23:25:10.573 16947 16991 D cellinfo: 46 bytes from 44.241.174.93: icmp_seq=10721 ttl=26 time=68.9 ms
08-10 23:25:10.773 16947 16991 D cellinfo: 46 bytes from 44.241.174.93: icmp_seq=10722 ttl=26 time=67.9 ms
08-10 23:25:10.973 16947 16991 D cellinfo: 46 bytes from 44.241.174.93: icmp_seq=10723 ttl=26 time=67.2 ms
08-10 23:25:11.174 16947 16991 D cellinfo: 46 bytes from 44.241.174.93: icmp_seq=10724 ttl=26 time=65.8 ms
08-10 23:25:11.383 16947 16991 D cellinfo: 46 bytes from 44.241.174.93: icmp_seq=10725 ttl=26 time=73.7 ms
08-10 23:25:11.584 16947 16991 D cellinfo: 46 bytes from 44.241.174.93: icmp_seq=10726 ttl=26 time=74.9 ms
08-10 23:25:11.783 16947 16991 D cellinfo: 46 bytes from 44.241.174.93: icmp_seq=10727 ttl=26 time=72.3 ms
08-10 23:25:11.858 16947 16947 D cellinfo: Latitude is 39.9342679
08-10 23:25:11.858 16947 16947 D cellinfo: Longitude is -104.9879295
08-10 23:25:11.858 16947 16947 D cellinfo: Instantaneous GPS information: United States, 13171 Grant Cir W, Thornton, CO 80241, USA
08-10 23:25:11.858 16947 16947 D cellinfo: getCurrentLocation() result: Location (success): 39.9342679, -104.9879295
08-10 23:25:11.861 16947 16947 D cellinfo: onCellInfoChanged: Operator: Verizon Wireless UpdateTimestamp: 30344787 CellConnectionStatus: 1
08-10 23:25:11.861 16947 16947 D cellinfo: onCellInfoChanged: LTE Cell Bands: [66, 2, 66] Bandwidth: 10000 Cell ID: 80714016 Physical Cell ID: 257 Tracking Area Code: 3842 EARFCN: 66586
08-10 23:25:11.982 16947 16991 D cellinfo: 46 bytes from 44.241.174.93: icmp_seq=10728 ttl=26 time=71.2 ms
08-10 23:25:12.182 16947 16991 D cellinfo: 46 bytes from 44.241.174.93: icmp_seq=10729 ttl=26 time=70.0 ms
08-10 23:25:12.383 16947 16991 D cellinfo: 46 bytes from 44.241.174.93: icmp_seq=10730 ttl=26 time=69.3 ms
08-10 23:25:12.574 16947 16991 D cellinfo: 46 bytes from 44.241.174.93: icmp_seq=10731 ttl=26 time=58.9 ms
08-10 23:25:12.782 16947 16991 D cellinfo: 46 bytes from 44.241.174.93: icmp_seq=10732 ttl=26 time=67.5 ms
08-10 23:25:13.073 16947 16991 D cellinfo: 46 bytes from 44.241.174.93: icmp_seq=10733 ttl=26 time=156 ms
08-10 23:25:13.190 16947 16991 D cellinfo: 46 bytes from 44.241.174.93: icmp_seq=10734 ttl=26 time=75.1 ms
08-10 23:25:13.393 16947 16991 D cellinfo: 46 bytes from 44.241.174.93: icmp_seq=10735 ttl=26 time=77.1 ms
08-10 23:25:13.604 16947 16991 D cellinfo: 46 bytes from 44.241.174.93: icmp_seq=10736 ttl=26 time=86.4 ms
08-10 23:25:13.793 16947 16991 D cellinfo: 46 bytes from 44.241.174.93: icmp_seq=10737 ttl=26 time=75.2 ms
08-10 23:25:13.991 16947 16991 D cellinfo: 46 bytes from 44.241.174.93: icmp_seq=10738 ttl=26 time=73.2 ms
08-10 23:25:14.193 16947 16991 D cellinfo: 46 bytes from 44.241.174.93: icmp_seq=10739 ttl=26 time=73.1 ms
08-10 23:25:14.402 16947 16991 D cellinfo: 46 bytes from 44.241.174.93: icmp_seq=10740 ttl=26 time=81.8 ms
08-10 23:25:14.587 16947 16991 D cellinfo: 46 bytes from 44.241.174.93: icmp_seq=10741 ttl=26 time=67.0 ms
08-10 23:25:14.794 16947 16991 D cellinfo: 46 bytes from 44.241.174.93: icmp_seq=10742 ttl=26 time=72.2 ms
08-10 23:25:14.857 16947 16947 D cellinfo: Latitude is 39.9343439
08-10 23:25:14.857 16947 16947 D cellinfo: Longitude is -104.9879312
08-10 23:25:14.857 16947 16947 D cellinfo: Instantaneous GPS information: United States, 13171 Grant Cir W, Thornton, CO 80241, USA
08-10 23:25:14.857 16947 16947 D cellinfo: getCurrentLocation() result: Location (success): 39.9343439, -104.9879312
08-10 23:25:14.861 16947 16947 D cellinfo: onCellInfoChanged: Operator: Verizon Wireless UpdateTimestamp: 30347784 CellConnectionStatus: 1
08-10 23:25:14.862 16947 16947 D cellinfo: onCellInfoChanged: LTE Cell Bands: [66, 2, 66] Bandwidth: 10000 Cell ID: 80714016 Physical Cell ID: 257 Tracking Area Code: 3842 EARFCN: 66586
08-10 23:25:14.994 16947 16991 D cellinfo: 46 bytes from 44.241.174.93: icmp_seq=10743 ttl=26 time=71.8 ms
08-10 23:25:15.201 16947 16991 D cellinfo: 46 bytes from 44.241.174.93: icmp_seq=10744 ttl=26 time=77.5 ms
08-10 23:25:15.396 16947 16991 D cellinfo: 46 bytes from 44.241.174.93: icmp_seq=10745 ttl=26 time=73.0 ms
08-10 23:25:15.611 16947 16991 D cellinfo: 46 bytes from 44.241.174.93: icmp_seq=10746 ttl=26 time=87.0 ms
08-10 23:25:15.796 16947 16991 D cellinfo: 46 bytes from 44.241.174.93: icmp_seq=10747 ttl=26 time=71.3 ms
08-10 23:25:15.992 16947 16991 D cellinfo: 46 bytes from 44.241.174.93: icmp_seq=10748 ttl=26 time=66.2 ms
08-10 23:25:16.193 16947 16991 D cellinfo: 46 bytes from 44.241.174.93: icmp_seq=10749 ttl=26 time=65.0 ms
08-10 23:25:16.394 16947 16991 D cellinfo: 46 bytes from 44.241.174.93: icmp_seq=10750 ttl=26 time=66.0 ms
08-10 23:25:16.422 16947 16947 D cellinfo: onsignalStrengthsChanged: LTE Signal Strength info: rsrp: -106 rsrq: -13 rssi: -85 rssnr: -2
08-10 23:25:16.605 16947 16991 D cellinfo: 46 bytes from 44.241.174.93: icmp_seq=10751 ttl=26 time=75.3 ms
08-10 23:25:16.811 16947 16991 D cellinfo: 46 bytes from 44.241.174.93: icmp_seq=10752 ttl=26 time=81.2 ms
08-10 23:25:17.016 16947 16991 D cellinfo: 46 bytes from 44.241.174.93: icmp_seq=10753 ttl=26 time=85.2 ms
08-10 23:25:17.045 16947 16947 D cellinfo: onServiceStateChanged: Channel Number: 66586 Cell Bandwidths: [10000, 20000, 20000, 10000]
08-10 23:25:17.067 16947 16991 D cellinfo: 46 bytes from 44.241.174.93: icmp_seq=10753 ttl=26 time=136 ms (DUP!)
08-10 23:25:17.102 16947 16947 D cellinfo: onServiceStateChanged: Channel Number: 66586 Cell Bandwidths: [10000, 20000, 20000, 10000]
08-10 23:25:17.204 16947 16991 D cellinfo: 46 bytes from 44.241.174.93: icmp_seq=10754 ttl=26 time=72.2 ms
08-10 23:25:17.408 16947 16991 D cellinfo: 46 bytes from 44.241.174.93: icmp_seq=10755 ttl=26 time=75.0 ms
08-10 23:25:17.491 16947 16947 D cellinfo: onCellInfoChanged: Operator: Verizon Wireless UpdateTimestamp: 30350792 CellConnectionStatus: 1
08-10 23:25:17.491 16947 16947 D cellinfo: onCellInfoChanged: LTE Cell Bands: [66, 48, 48, 66] Bandwidth: 10000 Cell ID: 80714528 Physical Cell ID: 125 Tracking Area Code: 3842 EARFCN: 66586
08-10 23:25:17.592 16947 16991 D cellinfo: 46 bytes from 44.241.174.93: icmp_seq=10756 ttl=26 time=59.1 ms
08-10 23:25:17.804 16947 16991 D cellinfo: 46 bytes from 44.241.174.93: icmp_seq=10757 ttl=26 time=69.9 ms
08-10 23:25:17.996 16947 16991 D cellinfo: 46 bytes from 44.241.174.93: icmp_seq=10758 ttl=26 time=61.5 ms
08-10 23:25:18.228 16947 16991 D cellinfo: 46 bytes from 44.241.174.93: icmp_seq=10759 ttl=26 time=93.1 ms
08-10 23:25:18.401 16947 16991 D cellinfo: 46 bytes from 44.241.174.93: icmp_seq=10760 ttl=26 time=63.8 ms
08-10 23:25:18.602 16947 16991 D cellinfo: 46 bytes from 44.241.174.93: icmp_seq=10761 ttl=26 time=64.0 ms
08-10 23:25:18.650 16947 16947 D cellinfo: Latitude is 39.9309779
08-10 23:25:18.650 16947 16947 D cellinfo: Longitude is -104.987891
08-10 23:25:18.650 16947 16947 D cellinfo: Instantaneous GPS information: United States, Dwight D. Eisenhower Hwy, Westminster, CO 80234, USA
08-10 23:25:18.650 16947 16947 D cellinfo: getCurrentLocation() result: Location (success): 39.9309779, -104.987891
08-10 23:25:18.801 16947 16991 D cellinfo: 46 bytes from 44.241.174.93: icmp_seq=10762 ttl=26 time=62.9 ms
08-10 23:25:19.001 16947 16991 D cellinfo: 46 bytes from 44.241.174.93: icmp_seq=10763 ttl=26 time=62.3 ms
08-10 23:25:19.213 16947 16991 D cellinfo: 46 bytes from 44.241.174.93: icmp_seq=10764 ttl=26 time=74.2 ms
08-10 23:25:19.427 16947 16991 D cellinfo: 46 bytes from 44.241.174.93: icmp_seq=10765 ttl=26 time=87.2 ms
08-10 23:25:19.629 16947 16991 D cellinfo: 46 bytes from 44.241.174.93: icmp_seq=10766 ttl=26 time=87.5 ms
08-10 23:25:19.819 16947 16991 D cellinfo: 46 bytes from 44.241.174.93: icmp_seq=10767 ttl=26 time=76.4 ms
08-10 23:25:20.020 16947 16991 D cellinfo: 46 bytes from 44.241.174.93: icmp_seq=10768 ttl=26 time=77.2 ms
08-10 23:25:20.042 16947 16947 D cellinfo: onsignalStrengthsChanged: LTE Signal Strength info: rsrp: -108 rsrq: -15 rssi: -85 rssnr: -14
08-10 23:25:20.212 16947 16991 D cellinfo: 46 bytes from 44.241.174.93: icmp_seq=10769 ttl=26 time=68.8 ms
08-10 23:25:20.431 16947 16991 D cellinfo: 46 bytes from 44.241.174.93: icmp_seq=10770 ttl=26 time=88.0 ms
08-10 23:25:20.452 16947 16947 D cellinfo: Latitude is 39.9309779
08-10 23:25:20.452 16947 16947 D cellinfo: Longitude is -104.987891
08-10 23:25:20.452 16947 16947 D cellinfo: Instantaneous GPS information: United States, Dwight D. Eisenhower Hwy, Westminster, CO 80234, USA
08-10 23:25:20.452 16947 16947 D cellinfo: getCurrentLocation() result: Location (success): 39.9309779, -104.987891
08-10 23:25:20.495 16947 16947 D cellinfo: onCellInfoChanged: Operator: Verizon Wireless UpdateTimestamp: 30353797 CellConnectionStatus: 1
08-10 23:25:20.495 16947 16947 D cellinfo: onCellInfoChanged: LTE Cell Bands: [66, 48, 48, 66] Bandwidth: 10000 Cell ID: 80714528 Physical Cell ID: 125 Tracking Area Code: 3842 EARFCN: 66586
08-10 23:25:20.607 16947 16991 D cellinfo: 46 bytes from 44.241.174.93: icmp_seq=10771 ttl=26 time=63.4 ms
08-10 23:25:20.811 16947 16991 D cellinfo: 46 bytes from 44.241.174.93: icmp_seq=10772 ttl=26 time=66.0 ms
08-10 23:25:21.011 16947 16991 D cellinfo: 46 bytes from 44.241.174.93: icmp_seq=10773 ttl=26 time=65.2 ms
08-10 23:25:21.219 16947 16991 D cellinfo: 46 bytes from 44.241.174.93: icmp_seq=10774 ttl=26 time=73.3 ms
08-10 23:25:21.411 16947 16991 D cellinfo: 46 bytes from 44.241.174.93: icmp_seq=10775 ttl=26 time=64.3 ms
08-10 23:25:21.621 16947 16991 D cellinfo: 46 bytes from 44.241.174.93: icmp_seq=10776 ttl=26 time=72.4 ms
08-10 23:25:21.812 16947 16991 D cellinfo: 46 bytes from 44.241.174.93: icmp_seq=10777 ttl=26 time=64.3 ms
08-10 23:25:22.020 16947 16991 D cellinfo: 46 bytes from 44.241.174.93: icmp_seq=10778 ttl=26 time=70.0 ms
08-10 23:25:22.212 16947 16991 D cellinfo: 46 bytes from 44.241.174.93: icmp_seq=10779 ttl=26 time=63.0 ms
08-10 23:25:22.418 16947 16947 D cellinfo: onServiceStateChanged: Channel Number: 66586 Cell Bandwidths: [10000, 10000, 10000, 10000]
08-10 23:25:22.425 16947 16991 D cellinfo: 46 bytes from 44.241.174.93: icmp_seq=10780 ttl=26 time=75.2 ms
08-10 23:25:22.618 16947 16991 D cellinfo: 46 bytes from 44.241.174.93: icmp_seq=10781 ttl=26 time=66.3 ms
08-10 23:25:22.818 16947 16991 D cellinfo: 46 bytes from 44.241.174.93: icmp_seq=10782 ttl=26 time=66.2 ms
08-10 23:25:23.018 16947 16991 D cellinfo: 46 bytes from 44.241.174.93: icmp_seq=10783 ttl=26 time=65.7 ms
08-10 23:25:23.218 16947 16991 D cellinfo: 46 bytes from 44.241.174.93: icmp_seq=10784 ttl=26 time=66.1 ms
08-10 23:25:23.434 16947 16991 D cellinfo: 46 bytes from 44.241.174.93: icmp_seq=10785 ttl=26 time=81.2 ms
08-10 23:25:23.643 16947 16991 D cellinfo: 46 bytes from 44.241.174.93: icmp_seq=10786 ttl=26 time=90.1 ms
08-10 23:25:23.819 16947 16991 D cellinfo: 46 bytes from 44.241.174.93: icmp_seq=10787 ttl=26 time=63.5 ms
08-10 23:25:23.901 16947 16947 D cellinfo: Latitude is 39.9304793
08-10 23:25:23.901 16947 16947 D cellinfo: Longitude is -104.9878797
08-10 23:25:23.901 16947 16947 D cellinfo: Instantaneous GPS information: United States, Dwight D. Eisenhower Hwy, Westminster, CO 80234, USA
08-10 23:25:23.901 16947 16947 D cellinfo: getCurrentLocation() result: Location (success): 39.9304793, -104.9878797
08-10 23:25:23.905 16947 16947 D cellinfo: onCellInfoChanged: Operator: Verizon Wireless UpdateTimestamp: 30356801 CellConnectionStatus: 1
08-10 23:25:23.905 16947 16947 D cellinfo: onCellInfoChanged: LTE Cell Bands: [66, 66, 5, 2] Bandwidth: 10000 Cell ID: 80746006 Physical Cell ID: 202 Tracking Area Code: 3842 EARFCN: 66586
08-10 23:25:24.025 16947 16991 D cellinfo: 46 bytes from 44.241.174.93: icmp_seq=10788 ttl=26 time=70.1 ms
08-10 23:25:24.228 16947 16991 D cellinfo: 46 bytes from 44.241.174.93: icmp_seq=10789 ttl=26 time=72.0 ms
08-10 23:25:24.470 16947 16947 D cellinfo: onsignalStrengthsChanged: LTE Signal Strength info: rsrp: -103 rsrq: -10 rssi: -83 rssnr: -11
08-10 23:25:24.510 16947 16991 D cellinfo: 46 bytes from 44.241.174.93: icmp_seq=10790 ttl=26 time=153 ms
08-10 23:25:24.627 16947 16991 D cellinfo: 46 bytes from 44.241.174.93: icmp_seq=10791 ttl=26 time=69.6 ms
08-10 23:25:24.875 16947 16991 D cellinfo: 46 bytes from 44.241.174.93: icmp_seq=10792 ttl=26 time=118 ms
08-10 23:25:25.027 16947 16991 D cellinfo: 46 bytes from 44.241.174.93: icmp_seq=10793 ttl=26 time=69.4 ms
08-10 23:25:25.237 16947 16991 D cellinfo: 46 bytes from 44.241.174.93: icmp_seq=10794 ttl=26 time=78.3 ms
08-10 23:25:25.429 16947 16991 D cellinfo: 46 bytes from 44.241.174.93: icmp_seq=10795 ttl=26 time=70.1 ms
08-10 23:25:25.655 16947 16991 D cellinfo: 46 bytes from 44.241.174.93: icmp_seq=10796 ttl=26 time=96.1 ms
08-10 23:25:25.835 16947 16991 D cellinfo: 46 bytes from 44.241.174.93: icmp_seq=10797 ttl=26 time=75.1 ms
08-10 23:25:26.035 16947 16991 D cellinfo: 46 bytes from 44.241.174.93: icmp_seq=10798 ttl=26 time=74.7 ms
08-10 23:25:26.231 16947 16991 D cellinfo: 46 bytes from 44.241.174.93: icmp_seq=10799 ttl=26 time=70.8 ms
08-10 23:25:26.434 16947 16991 D cellinfo: 46 bytes from 44.241.174.93: icmp_seq=10800 ttl=26 time=73.2 ms
08-10 23:25:26.654 16947 16991 D cellinfo: 46 bytes from 44.241.174.93: icmp_seq=10801 ttl=26 time=93.0 ms
08-10 23:25:26.828 16947 16991 D cellinfo: 46 bytes from 44.241.174.93: icmp_seq=10802 ttl=26 time=64.6 ms
08-10 23:25:26.895 16947 16947 D cellinfo: Latitude is 39.9300685
08-10 23:25:26.895 16947 16947 D cellinfo: Longitude is -104.9878704
08-10 23:25:26.895 16947 16947 D cellinfo: Instantaneous GPS information: United States, Dwight D. Eisenhower Hwy, Westminster, CO 80234, USA
08-10 23:25:26.895 16947 16947 D cellinfo: getCurrentLocation() result: Location (success): 39.9300685, -104.9878704
08-10 23:25:26.899 16947 16947 D cellinfo: onCellInfoChanged: Operator: Verizon Wireless UpdateTimestamp: 30359795 CellConnectionStatus: 1
08-10 23:25:26.900 16947 16947 D cellinfo: onCellInfoChanged: LTE Cell Bands: [66, 66, 5, 2] Bandwidth: 10000 Cell ID: 80746006 Physical Cell ID: 202 Tracking Area Code: 3842 EARFCN: 66586
08-10 23:25:27.029 16947 16991 D cellinfo: 46 bytes from 44.241.174.93: icmp_seq=10803 ttl=26 time=65.4 ms
08-10 23:25:27.228 16947 16991 D cellinfo: 46 bytes from 44.241.174.93: icmp_seq=10804 ttl=26 time=65.8 ms
08-10 23:25:27.468 16947 16991 D cellinfo: 46 bytes from 44.241.174.93: icmp_seq=10805 ttl=26 time=105 ms
08-10 23:25:27.476 16947 16947 D cellinfo: onsignalStrengthsChanged: LTE Signal Strength info: rsrp: -110 rsrq: -15 rssi: -85 rssnr: -10
08-10 23:25:28.044 16947 16991 D cellinfo: 46 bytes from 44.241.174.93: icmp_seq=10806 ttl=26 time=479 ms
08-10 23:25:28.117 16947 16991 D cellinfo: 46 bytes from 44.241.174.93: icmp_seq=10807 ttl=26 time=348 ms
08-10 23:25:28.125 16947 16991 D cellinfo: 46 bytes from 44.241.174.93: icmp_seq=10808 ttl=26 time=152 ms
08-10 23:25:28.138 16947 16947 D cellinfo: onServiceStateChanged: Channel Number: 66586 Cell Bandwidths: [10000, 10000, 10000]
08-10 23:25:28.251 16947 16991 D cellinfo: 46 bytes from 44.241.174.93: icmp_seq=10809 ttl=26 time=78.7 ms
08-10 23:25:28.442 16947 16991 D cellinfo: 46 bytes from 44.241.174.93: icmp_seq=10810 ttl=26 time=69.3 ms
08-10 23:25:28.960 16947 16947 D cellinfo: onServiceStateChanged: Channel Number: 66586 Cell Bandwidths: [10000, 10000, 10000, 10000]
08-10 23:25:28.988 16947 16991 D cellinfo: 46 bytes from 44.241.174.93: icmp_seq=10811 ttl=26 time=414 ms
08-10 23:25:28.988 16947 16991 D cellinfo: 46 bytes from 44.241.174.93: icmp_seq=10812 ttl=26 time=212 ms
08-10 23:25:29.012 16947 16947 D cellinfo: onServiceStateChanged: Channel Number: 66586 Cell Bandwidths: [10000, 10000, 10000, 10000]
08-10 23:25:29.036 16947 16991 D cellinfo: 46 bytes from 44.241.174.93: icmp_seq=10813 ttl=26 time=56.0 ms
08-10 23:25:29.247 16947 16991 D cellinfo: 46 bytes from 44.241.174.93: icmp_seq=10814 ttl=26 time=67.5 ms
08-10 23:25:29.449 16947 16991 D cellinfo: 46 bytes from 44.241.174.93: icmp_seq=10815 ttl=26 time=68.2 ms
08-10 23:25:29.647 16947 16991 D cellinfo: 46 bytes from 44.241.174.93: icmp_seq=10816 ttl=26 time=64.9 ms
08-10 23:25:29.853 16947 16991 D cellinfo: 46 bytes from 44.241.174.93: icmp_seq=10817 ttl=26 time=69.8 ms
08-10 23:25:29.854 16947 16947 D cellinfo: Latitude is 39.9301417
08-10 23:25:29.854 16947 16947 D cellinfo: Longitude is -104.9878721
08-10 23:25:29.854 16947 16947 D cellinfo: Instantaneous GPS information: United States, Dwight D. Eisenhower Hwy, Westminster, CO 80234, USA
08-10 23:25:29.854 16947 16947 D cellinfo: getCurrentLocation() result: Location (success): 39.9301417, -104.9878721
08-10 23:25:29.861 16947 16947 D cellinfo: onCellInfoChanged: Operator: Verizon Wireless UpdateTimestamp: 30362806 CellConnectionStatus: 1
08-10 23:25:29.861 16947 16947 D cellinfo: onCellInfoChanged: LTE Cell Bands: [66, 66, 2, 5] Bandwidth: 10000 Cell ID: 80725280 Physical Cell ID: 374 Tracking Area Code: 3842 EARFCN: 66586
08-10 23:25:30.073 16947 16991 D cellinfo: 46 bytes from 44.241.174.93: icmp_seq=10818 ttl=26 time=89.0 ms
08-10 23:25:30.248 16947 16991 D cellinfo: 46 bytes from 44.241.174.93: icmp_seq=10819 ttl=26 time=64.2 ms
08-10 23:25:30.457 16947 16991 D cellinfo: 46 bytes from 44.241.174.93: icmp_seq=10820 ttl=26 time=71.9 ms
08-10 23:25:30.673 16947 16991 D cellinfo: 46 bytes from 44.241.174.93: icmp_seq=10821 ttl=26 time=88.1 ms
08-10 23:25:30.873 16947 16991 D cellinfo: 46 bytes from 44.241.174.93: icmp_seq=10822 ttl=26 time=87.3 ms
08-10 23:25:31.031 16947 16947 D cellinfo: onsignalStrengthsChanged: LTE Signal Strength info: rsrp: -104 rsrq: -11 rssi: -83 rssnr: 0
08-10 23:25:31.057 16947 16991 D cellinfo: 46 bytes from 44.241.174.93: icmp_seq=10823 ttl=26 time=69.3 ms
08-10 23:25:31.265 16947 16991 D cellinfo: 46 bytes from 44.241.174.93: icmp_seq=10824 ttl=26 time=78.3 ms
08-10 23:25:31.459 16947 16991 D cellinfo: 46 bytes from 44.241.174.93: icmp_seq=10825 ttl=26 time=70.4 ms
08-10 23:25:31.657 16947 16991 D cellinfo: 46 bytes from 44.241.174.93: icmp_seq=10826 ttl=26 time=67.6 ms
08-10 23:25:31.857 16947 16991 D cellinfo: 46 bytes from 44.241.174.93: icmp_seq=10827 ttl=26 time=66.6 ms
08-10 23:25:32.056 16947 16991 D cellinfo: 46 bytes from 44.241.174.93: icmp_seq=10828 ttl=26 time=66.0 ms
08-10 23:25:32.275 16947 16991 D cellinfo: 46 bytes from 44.241.174.93: icmp_seq=10829 ttl=26 time=83.6 ms
08-10 23:25:32.479 16947 16991 D cellinfo: 46 bytes from 44.241.174.93: icmp_seq=10830 ttl=26 time=87.8 ms
08-10 23:25:32.490 16947 16947 D cellinfo: onCellInfoChanged: Operator: Verizon Wireless UpdateTimestamp: 30365793 CellConnectionStatus: 1
08-10 23:25:32.490 16947 16947 D cellinfo: onCellInfoChanged: LTE Cell Bands: [66, 66, 2, 5] Bandwidth: 10000 Cell ID: 80725280 Physical Cell ID: 374 Tracking Area Code: 3842 EARFCN: 66586
08-10 23:25:32.665 16947 16991 D cellinfo: 46 bytes from 44.241.174.93: icmp_seq=10831 ttl=26 time=72.9 ms
08-10 23:25:32.859 16947 16991 D cellinfo: 46 bytes from 44.241.174.93: icmp_seq=10832 ttl=26 time=65.4 ms
08-10 23:25:33.070 16947 16991 D cellinfo: 46 bytes from 44.241.174.93: icmp_seq=10833 ttl=26 time=76.1 ms
08-10 23:25:33.258 16947 16991 D cellinfo: 46 bytes from 44.241.174.93: icmp_seq=10834 ttl=26 time=64.2 ms
08-10 23:25:33.465 16947 16991 D cellinfo: 46 bytes from 44.241.174.93: icmp_seq=10835 ttl=26 time=69.0 ms
08-10 23:25:33.634 16947 16947 D cellinfo: Latitude is 39.9268094
08-10 23:25:33.634 16947 16947 D cellinfo: Longitude is -104.9878382
08-10 23:25:33.634 16947 16947 D cellinfo: Instantaneous GPS information: United States, Dwight D. Eisenhower Hwy, Westminster, CO 80234, USA
08-10 23:25:33.634 16947 16947 D cellinfo: getCurrentLocation() result: Location (success): 39.9268094, -104.9878382
08-10 23:25:33.688 16947 16991 D cellinfo: 46 bytes from 44.241.174.93: icmp_seq=10836 ttl=26 time=91.9 ms
08-10 23:25:33.877 16947 16991 D cellinfo: 46 bytes from 44.241.174.93: icmp_seq=10837 ttl=26 time=81.4 ms
08-10 23:25:34.031 16947 16947 D cellinfo: onsignalStrengthsChanged: LTE Signal Strength info: rsrp: -104 rsrq: -15 rssi: -81 rssnr: 0
08-10 23:25:34.086 16947 16991 D cellinfo: 46 bytes from 44.241.174.93: icmp_seq=10838 ttl=26 time=88.7 ms
08-10 23:25:34.275 16947 16991 D cellinfo: 46 bytes from 44.241.174.93: icmp_seq=10839 ttl=26 time=78.1 ms
08-10 23:25:34.467 16947 16991 D cellinfo: 46 bytes from 44.241.174.93: icmp_seq=10840 ttl=26 time=69.2 ms
08-10 23:25:34.667 16947 16991 D cellinfo: 46 bytes from 44.241.174.93: icmp_seq=10841 ttl=26 time=68.3 ms
08-10 23:25:34.951 16947 16991 D cellinfo: 46 bytes from 44.241.174.93: icmp_seq=10842 ttl=26 time=152 ms
08-10 23:25:35.030 16947 16947 D cellinfo: onServiceStateChanged: Channel Number: 66586 Cell Bandwidths: [10000, 10000, 10000, 10000]
08-10 23:25:35.070 16947 16991 D cellinfo: 46 bytes from 44.241.174.93: icmp_seq=10843 ttl=26 time=69.7 ms
08-10 23:25:35.268 16947 16991 D cellinfo: 46 bytes from 44.241.174.93: icmp_seq=10844 ttl=26 time=68.7 ms
08-10 23:25:35.457 16947 16947 D cellinfo: Latitude is 39.9268094
08-10 23:25:35.457 16947 16947 D cellinfo: Longitude is -104.9878382
08-10 23:25:35.457 16947 16947 D cellinfo: Instantaneous GPS information: United States, Dwight D. Eisenhower Hwy, Westminster, CO 80234, USA
08-10 23:25:35.457 16947 16947 D cellinfo: getCurrentLocation() result: Location (success): 39.9268094, -104.9878382
08-10 23:25:35.470 16947 16991 D cellinfo: 46 bytes from 44.241.174.93: icmp_seq=10845 ttl=26 time=69.8 ms
08-10 23:25:35.492 16947 16947 D cellinfo: onCellInfoChanged: Operator: Verizon Wireless UpdateTimestamp: 30368793 CellConnectionStatus: 1
08-10 23:25:35.492 16947 16947 D cellinfo: onCellInfoChanged: LTE Cell Bands: [66, 66, 5, 2] Bandwidth: 10000 Cell ID: 80746006 Physical Cell ID: 202 Tracking Area Code: 3842 EARFCN: 66586
08-10 23:25:35.670 16947 16991 D cellinfo: 46 bytes from 44.241.174.93: icmp_seq=10846 ttl=26 time=69.1 ms
08-10 23:25:35.881 16947 16991 D cellinfo: 46 bytes from 44.241.174.93: icmp_seq=10847 ttl=26 time=78.1 ms
08-10 23:25:36.070 16947 16991 D cellinfo: 46 bytes from 44.241.174.93: icmp_seq=10848 ttl=26 time=67.4 ms
08-10 23:25:36.268 16947 16991 D cellinfo: 46 bytes from 44.241.174.93: icmp_seq=10849 ttl=26 time=65.4 ms
08-10 23:25:36.469 16947 16991 D cellinfo: 46 bytes from 44.241.174.93: icmp_seq=10850 ttl=26 time=64.6 ms
08-10 23:25:36.669 16947 16991 D cellinfo: 46 bytes from 44.241.174.93: icmp_seq=10851 ttl=26 time=63.9 ms
08-10 23:25:36.870 16947 16991 D cellinfo: 46 bytes from 44.241.174.93: icmp_seq=10852 ttl=26 time=64.3 ms
08-10 23:25:37.104 16947 16991 D cellinfo: 46 bytes from 44.241.174.93: icmp_seq=10853 ttl=26 time=97.2 ms
08-10 23:25:37.287 16947 16991 D cellinfo: 46 bytes from 44.241.174.93: icmp_seq=10854 ttl=26 time=79.5 ms
08-10 23:25:37.479 16947 16991 D cellinfo: 46 bytes from 44.241.174.93: icmp_seq=10855 ttl=26 time=70.6 ms
08-10 23:25:37.687 16947 16991 D cellinfo: 46 bytes from 44.241.174.93: icmp_seq=10856 ttl=26 time=78.7 ms
08-10 23:25:37.879 16947 16991 D cellinfo: 46 bytes from 44.241.174.93: icmp_seq=10857 ttl=26 time=69.9 ms
08-10 23:25:37.984 16947 16947 D cellinfo: onsignalStrengthsChanged: LTE Signal Strength info: rsrp: -106 rsrq: -12 rssi: -85 rssnr: -8
08-10 23:25:38.078 16947 16991 D cellinfo: 46 bytes from 44.241.174.93: icmp_seq=10858 ttl=26 time=68.8 ms
08-10 23:25:38.279 16947 16991 D cellinfo: 46 bytes from 44.241.174.93: icmp_seq=10859 ttl=26 time=68.6 ms
08-10 23:25:38.481 16947 16991 D cellinfo: 46 bytes from 44.241.174.93: icmp_seq=10860 ttl=26 time=70.4 ms
08-10 23:25:38.687 16947 16991 D cellinfo: 46 bytes from 44.241.174.93: icmp_seq=10861 ttl=26 time=75.5 ms
08-10 23:25:38.880 16947 16947 D cellinfo: Latitude is 39.9263578
08-10 23:25:38.881 16947 16947 D cellinfo: Longitude is -104.987828
08-10 23:25:38.881 16947 16947 D cellinfo: Instantaneous GPS information: United States, Dwight D. Eisenhower Hwy, Westminster, CO 80234, USA
08-10 23:25:38.881 16947 16947 D cellinfo: getCurrentLocation() result: Location (success): 39.9263578, -104.987828
08-10 23:25:38.881 16947 16991 D cellinfo: 46 bytes from 44.241.174.93: icmp_seq=10862 ttl=26 time=68.0 ms
08-10 23:25:38.886 16947 16947 D cellinfo: onCellInfoChanged: Operator: Verizon Wireless UpdateTimestamp: 30371797 CellConnectionStatus: 1
08-10 23:25:38.886 16947 16947 D cellinfo: onCellInfoChanged: LTE Cell Bands: [66, 66, 5, 2] Bandwidth: 10000 Cell ID: 80746006 Physical Cell ID: 202 Tracking Area Code: 3842 EARFCN: 66586
08-10 23:25:39.087 16947 16991 D cellinfo: 46 bytes from 44.241.174.93: icmp_seq=10863 ttl=26 time=74.2 ms
08-10 23:25:39.279 16947 16991 D cellinfo: 46 bytes from 44.241.174.93: icmp_seq=10864 ttl=26 time=65.3 ms
08-10 23:25:39.487 16947 16991 D cellinfo: 46 bytes from 44.241.174.93: icmp_seq=10865 ttl=26 time=72.3 ms
08-10 23:25:39.679 16947 16991 D cellinfo: 46 bytes from 44.241.174.93: icmp_seq=10866 ttl=26 time=63.9 ms
08-10 23:25:39.889 16947 16991 D cellinfo: 46 bytes from 44.241.174.93: icmp_seq=10867 ttl=26 time=73.2 ms
08-10 23:25:40.089 16947 16991 D cellinfo: 46 bytes from 44.241.174.93: icmp_seq=10868 ttl=26 time=72.2 ms
08-10 23:25:40.289 16947 16991 D cellinfo: 46 bytes from 44.241.174.93: icmp_seq=10869 ttl=26 time=71.0 ms
08-10 23:25:40.497 16947 16991 D cellinfo: 46 bytes from 44.241.174.93: icmp_seq=10870 ttl=26 time=78.2 ms
08-10 23:25:40.689 16947 16991 D cellinfo: 46 bytes from 44.241.174.93: icmp_seq=10871 ttl=26 time=69.0 ms
08-10 23:25:40.891 16947 16991 D cellinfo: 46 bytes from 44.241.174.93: icmp_seq=10872 ttl=26 time=69.6 ms
08-10 23:25:41.105 16947 16991 D cellinfo: 46 bytes from 44.241.174.93: icmp_seq=10873 ttl=26 time=83.2 ms
08-10 23:25:41.289 16947 16991 D cellinfo: 46 bytes from 44.241.174.93: icmp_seq=10874 ttl=26 time=66.3 ms
08-10 23:25:41.497 16947 16991 D cellinfo: 46 bytes from 44.241.174.93: icmp_seq=10875 ttl=26 time=74.7 ms
08-10 23:25:41.703 16947 16991 D cellinfo: 46 bytes from 44.241.174.93: icmp_seq=10876 ttl=26 time=78.0 ms
08-10 23:25:41.808 16947 16947 D cellinfo: Latitude is 39.9260455
08-10 23:25:41.808 16947 16947 D cellinfo: Longitude is -104.987821
08-10 23:25:41.808 16947 16947 D cellinfo: Instantaneous GPS information: United States, Dwight D. Eisenhower Hwy, Westminster, CO 80234, USA
08-10 23:25:41.808 16947 16947 D cellinfo: getCurrentLocation() result: Location (success): 39.9260455, -104.987821
08-10 23:25:41.810 16947 16947 D cellinfo: onCellInfoChanged: Operator: Verizon Wireless UpdateTimestamp: 30374797 CellConnectionStatus: 1
08-10 23:25:41.810 16947 16947 D cellinfo: onCellInfoChanged: LTE Cell Bands: [66, 66, 5, 2] Bandwidth: 10000 Cell ID: 80746006 Physical Cell ID: 202 Tracking Area Code: 3842 EARFCN: 66586
08-10 23:25:41.892 16947 16991 D cellinfo: 46 bytes from 44.241.174.93: icmp_seq=10877 ttl=26 time=66.4 ms
08-10 23:25:42.088 16947 16991 D cellinfo: 46 bytes from 44.241.174.93: icmp_seq=10878 ttl=26 time=62.1 ms
08-10 23:25:42.299 16947 16991 D cellinfo: 46 bytes from 44.241.174.93: icmp_seq=10879 ttl=26 time=72.4 ms
08-10 23:25:42.507 16947 16991 D cellinfo: 46 bytes from 44.241.174.93: icmp_seq=10880 ttl=26 time=80.1 ms
08-10 23:25:42.699 16947 16991 D cellinfo: 46 bytes from 44.241.174.93: icmp_seq=10881 ttl=26 time=70.4 ms
08-10 23:25:42.899 16947 16991 D cellinfo: 46 bytes from 44.241.174.93: icmp_seq=10882 ttl=26 time=69.4 ms
08-10 23:25:43.099 16947 16991 D cellinfo: 46 bytes from 44.241.174.93: icmp_seq=10883 ttl=26 time=69.2 ms
08-10 23:25:43.300 16947 16991 D cellinfo: 46 bytes from 44.241.174.93: icmp_seq=10884 ttl=26 time=68.6 ms
08-10 23:25:43.499 16947 16991 D cellinfo: 46 bytes from 44.241.174.93: icmp_seq=10885 ttl=26 time=67.5 ms
08-10 23:25:43.700 16947 16991 D cellinfo: 46 bytes from 44.241.174.93: icmp_seq=10886 ttl=26 time=67.5 ms
08-10 23:25:43.899 16947 16991 D cellinfo: 46 bytes from 44.241.174.93: icmp_seq=10887 ttl=26 time=66.3 ms
08-10 23:25:44.099 16947 16991 D cellinfo: 46 bytes from 44.241.174.93: icmp_seq=10888 ttl=26 time=65.5 ms
08-10 23:25:44.299 16947 16991 D cellinfo: 46 bytes from 44.241.174.93: icmp_seq=10889 ttl=26 time=64.9 ms
08-10 23:25:44.489 16947 16947 D cellinfo: onCellInfoChanged: Operator: Verizon Wireless UpdateTimestamp: 30377790 CellConnectionStatus: 1
08-10 23:25:44.489 16947 16947 D cellinfo: onCellInfoChanged: LTE Cell Bands: [66, 66, 5, 2] Bandwidth: 10000 Cell ID: 80746006 Physical Cell ID: 202 Tracking Area Code: 3842 EARFCN: 66586
08-10 23:25:44.571 16947 16991 D cellinfo: 46 bytes from 44.241.174.93: icmp_seq=10890 ttl=26 time=135 ms
08-10 23:25:44.713 16947 16991 D cellinfo: 46 bytes from 44.241.174.93: icmp_seq=10891 ttl=26 time=76.9 ms
08-10 23:25:44.898 16947 16991 D cellinfo: 46 bytes from 44.241.174.93: icmp_seq=10892 ttl=26 time=61.4 ms
08-10 23:25:44.924 16947 16947 D cellinfo: onServiceStateChanged: Channel Number: 66586 Cell Bandwidths: [10000, 10000, 10000]
08-10 23:25:45.108 16947 16991 D cellinfo: 46 bytes from 44.241.174.93: icmp_seq=10893 ttl=26 time=71.2 ms
08-10 23:25:45.323 16947 16991 D cellinfo: 46 bytes from 44.241.174.93: icmp_seq=10894 ttl=26 time=85.0 ms
08-10 23:25:45.532 16947 16991 D cellinfo: 46 bytes from 44.241.174.93: icmp_seq=10895 ttl=26 time=92.7 ms
08-10 23:25:45.627 16947 16947 D cellinfo: Latitude is 39.9234298
08-10 23:25:45.628 16947 16947 D cellinfo: Longitude is -104.987842
08-10 23:25:45.628 16947 16947 D cellinfo: Instantaneous GPS information: United States, 12500 Delaware Dr, Westminster, CO 80234, USA
08-10 23:25:45.628 16947 16947 D cellinfo: getCurrentLocation() result: Location (success): 39.9234298, -104.987842
08-10 23:25:45.700 16947 16991 D cellinfo: 46 bytes from 44.241.174.93: icmp_seq=10896 ttl=26 time=59.9 ms
08-10 23:25:45.872 16947 16947 D cellinfo: onsignalStrengthsChanged: LTE Signal Strength info: rsrp: -101 rsrq: -13 rssi: -79 rssnr: 4
08-10 23:25:45.910 16947 16991 D cellinfo: 46 bytes from 44.241.174.93: icmp_seq=10897 ttl=26 time=68.5 ms
08-10 23:25:46.444 16947 16991 D cellinfo: 46 bytes from 44.241.174.93: icmp_seq=10898 ttl=26 time=401 ms
08-10 23:25:46.447 16947 16991 D cellinfo: 46 bytes from 44.241.174.93: icmp_seq=10899 ttl=26 time=198 ms
08-10 23:25:46.510 16947 16991 D cellinfo: 46 bytes from 44.241.174.93: icmp_seq=10900 ttl=26 time=61.6 ms
08-10 23:25:46.722 16947 16991 D cellinfo: 46 bytes from 44.241.174.93: icmp_seq=10901 ttl=26 time=72.2 ms
08-10 23:25:46.922 16947 16991 D cellinfo: 46 bytes from 44.241.174.93: icmp_seq=10902 ttl=26 time=71.9 ms
08-10 23:25:47.123 16947 16991 D cellinfo: 46 bytes from 44.241.174.93: icmp_seq=10903 ttl=26 time=72.3 ms
08-10 23:25:47.330 16947 16991 D cellinfo: 46 bytes from 44.241.174.93: icmp_seq=10904 ttl=26 time=78.1 ms
08-10 23:25:47.454 16947 16947 D cellinfo: Latitude is 39.9234298
08-10 23:25:47.454 16947 16947 D cellinfo: Longitude is -104.987842
08-10 23:25:47.454 16947 16947 D cellinfo: Instantaneous GPS information: United States, 12500 Delaware Dr, Westminster, CO 80234, USA
08-10 23:25:47.454 16947 16947 D cellinfo: getCurrentLocation() result: Location (success): 39.9234298, -104.987842
08-10 23:25:47.503 16947 16947 D cellinfo: onCellInfoChanged: Operator: Verizon Wireless UpdateTimestamp: 30380804 CellConnectionStatus: 1
08-10 23:25:47.503 16947 16947 D cellinfo: onCellInfoChanged: LTE Cell Bands: [66, 2, 66] Bandwidth: 10000 Cell ID: 80714016 Physical Cell ID: 257 Tracking Area Code: 3842 EARFCN: 66586
08-10 23:25:47.522 16947 16991 D cellinfo: 46 bytes from 44.241.174.93: icmp_seq=10905 ttl=26 time=69.6 ms
08-10 23:25:47.769 16947 16991 D cellinfo: 46 bytes from 44.241.174.93: icmp_seq=10906 ttl=26 time=115 ms
08-10 23:25:47.923 16947 16991 D cellinfo: 46 bytes from 44.241.174.93: icmp_seq=10907 ttl=26 time=67.8 ms
08-10 23:25:48.121 16947 16991 D cellinfo: 46 bytes from 44.241.174.93: icmp_seq=10908 ttl=26 time=65.1 ms
08-10 23:25:48.331 16947 16991 D cellinfo: 46 bytes from 44.241.174.93: icmp_seq=10909 ttl=26 time=74.2 ms
08-10 23:25:48.540 16947 16991 D cellinfo: 46 bytes from 44.241.174.93: icmp_seq=10910 ttl=26 time=81.7 ms
08-10 23:25:48.731 16947 16991 D cellinfo: 46 bytes from 44.241.174.93: icmp_seq=10911 ttl=26 time=72.7 ms
08-10 23:25:48.931 16947 16991 D cellinfo: 46 bytes from 44.241.174.93: icmp_seq=10912 ttl=26 time=72.1 ms
08-10 23:25:49.132 16947 16991 D cellinfo: 46 bytes from 44.241.174.93: icmp_seq=10913 ttl=26 time=72.1 ms
08-10 23:25:49.331 16947 16991 D cellinfo: 46 bytes from 44.241.174.93: icmp_seq=10914 ttl=26 time=70.3 ms
08-10 23:25:49.534 16947 16991 D cellinfo: 46 bytes from 44.241.174.93: icmp_seq=10915 ttl=26 time=72.3 ms
08-10 23:25:49.741 16947 16991 D cellinfo: 46 bytes from 44.241.174.93: icmp_seq=10916 ttl=26 time=78.7 ms
08-10 23:25:49.873 16947 16947 D cellinfo: onsignalStrengthsChanged: LTE Signal Strength info: rsrp: -104 rsrq: -15 rssi: -81 rssnr: -1
08-10 23:25:49.930 16947 16991 D cellinfo: 46 bytes from 44.241.174.93: icmp_seq=10917 ttl=26 time=67.1 ms
08-10 23:25:50.139 16947 16991 D cellinfo: 46 bytes from 44.241.174.93: icmp_seq=10918 ttl=26 time=74.9 ms
08-10 23:25:50.341 16947 16991 D cellinfo: 46 bytes from 44.241.174.93: icmp_seq=10919 ttl=26 time=75.4 ms
08-10 23:25:50.531 16947 16991 D cellinfo: 46 bytes from 44.241.174.93: icmp_seq=10920 ttl=26 time=65.4 ms
