--------- beginning of main
08-10 21:48:14.853  5320  5320 D cellinfo: Country == United States
08-10 21:48:14.853  5320  5320 D cellinfo: City == Tie Siding
08-10 21:48:14.853  5320  5320 D cellinfo: GPS Info == 1803-1811 US-287, Tie Siding, WY 82084, USA
08-10 21:48:14.853  5320  5320 D cellinfo: Network Operator == Verizon 
08-10 21:48:14.853  5320  5320 D cellinfo: User movement == Static
08-10 21:48:14.853  5320  5320 D cellinfo: isEastCoast == false
08-10 21:48:14.853  5320  5320 D cellinfo: isWestCoast == true
08-10 21:48:14.853  5320  5320 D cellinfo: isBoston == false
08-10 21:48:14.854  5320  5320 D cellinfo: All GPS info fetched. Saving city and country info
08-10 21:48:14.854  5320  5374 D cellinfo: Timestamp: 1660189694
08-10 21:48:15.354  5320  5375 D cellinfo: Logging started
08-10 21:48:15.364  5320  5320 D cellinfo: onServiceStateChanged: Channel Number: 5230 Cell Bandwidths: [10000]
08-10 21:48:15.364  5320  5320 D cellinfo: onsignalStrengthsChanged: LTE Signal Strength info: rsrp: -93 rsrq: -9 rssi: -75 rssnr: 19
08-10 21:48:15.365  5320  5320 D cellinfo: onCellInfoChanged: Operator: Verizon Wireless UpdateTimestamp: 24528251 CellConnectionStatus: 1
08-10 21:48:15.365  5320  5320 D cellinfo: onCellInfoChanged: LTE Cell Bands: [13] Bandwidth: 10000 Cell ID: 4586754 Physical Cell ID: 370 Tracking Area Code: 4361 EARFCN: 5230
08-10 21:48:15.389  5320  5320 D cellinfo: onDisplayInfoChanged: NetworkType: LTE OverrideNetworkType: None
08-10 21:48:15.857  5320  5374 D cellinfo: Ping command fired: /system/bin/ping -i 0.2 -s 38 44.241.174.93
08-10 21:48:15.935  5320  5374 D cellinfo: PING 44.241.174.93 (44.241.174.93) 38(66) bytes of data.
08-10 21:48:15.935  5320  5374 D cellinfo: 46 bytes from 44.241.174.93: icmp_seq=1 ttl=26 time=71.7 ms
08-10 21:48:16.153  5320  5374 D cellinfo: 46 bytes from 44.241.174.93: icmp_seq=2 ttl=26 time=88.3 ms
08-10 21:48:16.369  5320  5374 D cellinfo: 46 bytes from 44.241.174.93: icmp_seq=3 ttl=26 time=104 ms
08-10 21:48:16.549  5320  5374 D cellinfo: 46 bytes from 44.241.174.93: icmp_seq=4 ttl=26 time=83.5 ms
08-10 21:48:16.762  5320  5374 D cellinfo: 46 bytes from 44.241.174.93: icmp_seq=5 ttl=26 time=96.0 ms
08-10 21:48:16.947  5320  5374 D cellinfo: 46 bytes from 44.241.174.93: icmp_seq=6 ttl=26 time=80.3 ms
08-10 21:48:17.163  5320  5374 D cellinfo: 46 bytes from 44.241.174.93: icmp_seq=7 ttl=26 time=94.7 ms
08-10 21:48:17.347  5320  5374 D cellinfo: 46 bytes from 44.241.174.93: icmp_seq=8 ttl=26 time=78.7 ms
08-10 21:48:17.565  5320  5374 D cellinfo: 46 bytes from 44.241.174.93: icmp_seq=9 ttl=26 time=95.7 ms
08-10 21:48:17.750  5320  5374 D cellinfo: 46 bytes from 44.241.174.93: icmp_seq=10 ttl=26 time=80.1 ms
08-10 21:48:17.969  5320  5374 D cellinfo: 46 bytes from 44.241.174.93: icmp_seq=11 ttl=26 time=98.1 ms
08-10 21:48:18.171  5320  5374 D cellinfo: 46 bytes from 44.241.174.93: icmp_seq=12 ttl=26 time=98.9 ms
08-10 21:48:18.361  5320  5374 D cellinfo: 46 bytes from 44.241.174.93: icmp_seq=13 ttl=26 time=88.5 ms
08-10 21:48:18.547  5320  5374 D cellinfo: 46 bytes from 44.241.174.93: icmp_seq=14 ttl=26 time=74.0 ms
08-10 21:48:18.770  5320  5374 D cellinfo: 46 bytes from 44.241.174.93: icmp_seq=15 ttl=26 time=95.8 ms
08-10 21:48:18.956  5320  5374 D cellinfo: 46 bytes from 44.241.174.93: icmp_seq=16 ttl=26 time=82.1 ms
08-10 21:48:19.171  5320  5374 D cellinfo: 46 bytes from 44.241.174.93: icmp_seq=17 ttl=26 time=94.7 ms
08-10 21:48:19.367  5320  5374 D cellinfo: 46 bytes from 44.241.174.93: icmp_seq=18 ttl=26 time=90.2 ms
08-10 21:48:19.417  5320  5320 D cellinfo: Latitude is 41.0439101
08-10 21:48:19.418  5320  5320 D cellinfo: Longitude is -105.4609363
08-10 21:48:19.418  5320  5320 D cellinfo: Instantaneous GPS information: United States, 2075-2115 US-287, Tie Siding, WY 82084, USA
08-10 21:48:19.418  5320  5320 D cellinfo: getCurrentLocation() result: Location (success): 41.0439101, -105.4609363
08-10 21:48:19.433  5320  5320 D cellinfo: Latitude is 41.0439101
08-10 21:48:19.433  5320  5320 D cellinfo: Longitude is -105.4609363
08-10 21:48:19.433  5320  5320 D cellinfo: Instantaneous GPS information: United States, 2075-2115 US-287, Tie Siding, WY 82084, USA
08-10 21:48:19.433  5320  5320 D cellinfo: getCurrentLocation() result: Location (success): 41.0439101, -105.4609363
08-10 21:48:19.544  5320  5374 D cellinfo: 46 bytes from 44.241.174.93: icmp_seq=19 ttl=26 time=68.0 ms
08-10 21:48:19.745  5320  5320 D cellinfo: onsignalStrengthsChanged: LTE Signal Strength info: rsrp: -79 rsrq: -8 rssi: -65 rssnr: 19
08-10 21:48:19.765  5320  5374 D cellinfo: 46 bytes from 44.241.174.93: icmp_seq=20 ttl=26 time=87.7 ms
08-10 21:48:19.962  5320  5374 D cellinfo: 46 bytes from 44.241.174.93: icmp_seq=21 ttl=26 time=85.2 ms
08-10 21:48:20.180  5320  5374 D cellinfo: 46 bytes from 44.241.174.93: icmp_seq=22 ttl=26 time=101 ms
08-10 21:48:20.369  5320  5374 D cellinfo: 46 bytes from 44.241.174.93: icmp_seq=23 ttl=26 time=89.5 ms
08-10 21:48:20.462  5320  5320 D cellinfo: onCellInfoChanged: Operator: Verizon Wireless UpdateTimestamp: 24533761 CellConnectionStatus: 1
08-10 21:48:20.462  5320  5320 D cellinfo: onCellInfoChanged: LTE Cell Bands: [13] Bandwidth: 10000 Cell ID: 4586754 Physical Cell ID: 370 Tracking Area Code: 4361 EARFCN: 5230
08-10 21:48:20.556  5320  5374 D cellinfo: 46 bytes from 44.241.174.93: icmp_seq=24 ttl=26 time=77.0 ms
08-10 21:48:20.761  5320  5374 D cellinfo: 46 bytes from 44.241.174.93: icmp_seq=25 ttl=26 time=80.6 ms
08-10 21:48:20.974  5320  5374 D cellinfo: 46 bytes from 44.241.174.93: icmp_seq=26 ttl=26 time=93.4 ms
08-10 21:48:21.165  5320  5374 D cellinfo: 46 bytes from 44.241.174.93: icmp_seq=27 ttl=26 time=81.7 ms
08-10 21:48:21.334  5320  5320 D cellinfo: Latitude is 41.0438883
08-10 21:48:21.334  5320  5320 D cellinfo: Longitude is -105.4608974
08-10 21:48:21.334  5320  5320 D cellinfo: Instantaneous GPS information: United States, 2075-2115 US-287, Tie Siding, WY 82084, USA
08-10 21:48:21.334  5320  5320 D cellinfo: getCurrentLocation() result: Location (success): 41.0438883, -105.4608974
08-10 21:48:21.357  5320  5374 D cellinfo: 46 bytes from 44.241.174.93: icmp_seq=28 ttl=26 time=73.8 ms
08-10 21:48:21.568  5320  5374 D cellinfo: 46 bytes from 44.241.174.93: icmp_seq=29 ttl=26 time=84.7 ms
08-10 21:48:21.768  5320  5374 D cellinfo: 46 bytes from 44.241.174.93: icmp_seq=30 ttl=26 time=84.4 ms
08-10 21:48:21.967  5320  5374 D cellinfo: 46 bytes from 44.241.174.93: icmp_seq=31 ttl=26 time=81.6 ms
08-10 21:48:22.168  5320  5374 D cellinfo: 46 bytes from 44.241.174.93: icmp_seq=32 ttl=26 time=82.1 ms
08-10 21:48:22.368  5320  5374 D cellinfo: 46 bytes from 44.241.174.93: icmp_seq=33 ttl=26 time=81.0 ms
08-10 21:48:22.605  5320  5374 D cellinfo: 46 bytes from 44.241.174.93: icmp_seq=34 ttl=26 time=117 ms
08-10 21:48:22.767  5320  5374 D cellinfo: 46 bytes from 44.241.174.93: icmp_seq=35 ttl=26 time=78.9 ms
08-10 21:48:22.866  5320  5320 D cellinfo: onsignalStrengthsChanged: LTE Signal Strength info: rsrp: -86 rsrq: -7 rssi: -69 rssnr: 19
08-10 21:48:22.968  5320  5374 D cellinfo: 46 bytes from 44.241.174.93: icmp_seq=36 ttl=26 time=79.1 ms
08-10 21:48:23.166  5320  5374 D cellinfo: 46 bytes from 44.241.174.93: icmp_seq=37 ttl=26 time=77.0 ms
08-10 21:48:23.368  5320  5374 D cellinfo: 46 bytes from 44.241.174.93: icmp_seq=38 ttl=26 time=77.4 ms
08-10 21:48:23.567  5320  5374 D cellinfo: 46 bytes from 44.241.174.93: icmp_seq=39 ttl=26 time=75.2 ms
08-10 21:48:23.801  5320  5374 D cellinfo: 46 bytes from 44.241.174.93: icmp_seq=40 ttl=26 time=108 ms
08-10 21:48:23.865  5320  5320 D cellinfo: Latitude is 41.0439038
08-10 21:48:23.865  5320  5320 D cellinfo: Longitude is -105.4609249
08-10 21:48:23.865  5320  5320 D cellinfo: Instantaneous GPS information: United States, 2075-2115 US-287, Tie Siding, WY 82084, USA
08-10 21:48:23.865  5320  5320 D cellinfo: getCurrentLocation() result: Location (success): 41.0439038, -105.4609249
08-10 21:48:23.891  5320  5320 D cellinfo: onCellInfoChanged: Operator: Verizon Wireless UpdateTimestamp: 24537190 CellConnectionStatus: 1
08-10 21:48:23.892  5320  5320 D cellinfo: onCellInfoChanged: LTE Cell Bands: [13] Bandwidth: 10000 Cell ID: 4586754 Physical Cell ID: 370 Tracking Area Code: 4361 EARFCN: 5230
08-10 21:48:23.969  5320  5374 D cellinfo: 46 bytes from 44.241.174.93: icmp_seq=41 ttl=26 time=75.8 ms
08-10 21:48:24.211  5320  5374 D cellinfo: 46 bytes from 44.241.174.93: icmp_seq=42 ttl=26 time=116 ms
08-10 21:48:24.378  5320  5374 D cellinfo: 46 bytes from 44.241.174.93: icmp_seq=43 ttl=26 time=83.2 ms
08-10 21:48:24.600  5320  5374 D cellinfo: 46 bytes from 44.241.174.93: icmp_seq=44 ttl=26 time=105 ms
08-10 21:48:24.785  5320  5374 D cellinfo: 46 bytes from 44.241.174.93: icmp_seq=45 ttl=26 time=88.5 ms
08-10 21:48:25.004  5320  5374 D cellinfo: 46 bytes from 44.241.174.93: icmp_seq=46 ttl=26 time=106 ms
08-10 21:48:25.178  5320  5374 D cellinfo: 46 bytes from 44.241.174.93: icmp_seq=47 ttl=26 time=80.3 ms
08-10 21:48:25.409  5320  5374 D cellinfo: 46 bytes from 44.241.174.93: icmp_seq=48 ttl=26 time=111 ms
08-10 21:48:25.578  5320  5374 D cellinfo: 46 bytes from 44.241.174.93: icmp_seq=49 ttl=26 time=79.8 ms
08-10 21:48:25.809  5320  5374 D cellinfo: 46 bytes from 44.241.174.93: icmp_seq=50 ttl=26 time=110 ms
08-10 21:48:25.985  5320  5374 D cellinfo: 46 bytes from 44.241.174.93: icmp_seq=51 ttl=26 time=85.2 ms
08-10 21:48:26.222  5320  5374 D cellinfo: 46 bytes from 44.241.174.93: icmp_seq=52 ttl=26 time=121 ms
08-10 21:48:26.378  5320  5374 D cellinfo: 46 bytes from 44.241.174.93: icmp_seq=53 ttl=26 time=76.4 ms
08-10 21:48:26.586  5320  5374 D cellinfo: 46 bytes from 44.241.174.93: icmp_seq=54 ttl=26 time=83.1 ms
08-10 21:48:26.778  5320  5374 D cellinfo: 46 bytes from 44.241.174.93: icmp_seq=55 ttl=26 time=74.1 ms
08-10 21:48:26.859  5320  5320 D cellinfo: Latitude is 41.0439016
08-10 21:48:26.859  5320  5320 D cellinfo: Longitude is -105.4609209
08-10 21:48:26.859  5320  5320 D cellinfo: Instantaneous GPS information: United States, 2075-2115 US-287, Tie Siding, WY 82084, USA
08-10 21:48:26.859  5320  5320 D cellinfo: getCurrentLocation() result: Location (success): 41.0439016, -105.4609209
08-10 21:48:26.900  5320  5320 D cellinfo: onCellInfoChanged: Operator: Verizon Wireless UpdateTimestamp: 24540201 CellConnectionStatus: 1
08-10 21:48:26.900  5320  5320 D cellinfo: onCellInfoChanged: LTE Cell Bands: [13] Bandwidth: 10000 Cell ID: 4586754 Physical Cell ID: 370 Tracking Area Code: 4361 EARFCN: 5230
08-10 21:48:27.001  5320  5374 D cellinfo: 46 bytes from 44.241.174.93: icmp_seq=56 ttl=26 time=95.8 ms
08-10 21:48:27.187  5320  5374 D cellinfo: 46 bytes from 44.241.174.93: icmp_seq=57 ttl=26 time=82.2 ms
08-10 21:48:27.402  5320  5374 D cellinfo: 46 bytes from 44.241.174.93: icmp_seq=58 ttl=26 time=96.8 ms
08-10 21:48:27.587  5320  5374 D cellinfo: 46 bytes from 44.241.174.93: icmp_seq=59 ttl=26 time=80.8 ms
08-10 21:48:27.802  5320  5374 D cellinfo: 46 bytes from 44.241.174.93: icmp_seq=60 ttl=26 time=94.7 ms
08-10 21:48:27.988  5320  5374 D cellinfo: 46 bytes from 44.241.174.93: icmp_seq=61 ttl=26 time=79.6 ms
08-10 21:48:28.062  5320  5320 D cellinfo: onsignalStrengthsChanged: LTE Signal Strength info: rsrp: -96 rsrq: -12 rssi: -77 rssnr: 13
08-10 21:48:28.209  5320  5374 D cellinfo: 46 bytes from 44.241.174.93: icmp_seq=62 ttl=26 time=100 ms
08-10 21:48:28.387  5320  5374 D cellinfo: 46 bytes from 44.241.174.93: icmp_seq=63 ttl=26 time=77.3 ms
08-10 21:48:28.601  5320  5374 D cellinfo: 46 bytes from 44.241.174.93: icmp_seq=64 ttl=26 time=90.4 ms
08-10 21:48:28.787  5320  5374 D cellinfo: 46 bytes from 44.241.174.93: icmp_seq=65 ttl=26 time=76.2 ms
08-10 21:48:29.009  5320  5374 D cellinfo: 46 bytes from 44.241.174.93: icmp_seq=66 ttl=26 time=97.1 ms
08-10 21:48:29.187  5320  5374 D cellinfo: 46 bytes from 44.241.174.93: icmp_seq=67 ttl=26 time=75.5 ms
08-10 21:48:29.401  5320  5374 D cellinfo: 46 bytes from 44.241.174.93: icmp_seq=68 ttl=26 time=88.9 ms
08-10 21:48:29.587  5320  5374 D cellinfo: 46 bytes from 44.241.174.93: icmp_seq=69 ttl=26 time=74.4 ms
08-10 21:48:29.810  5320  5374 D cellinfo: 46 bytes from 44.241.174.93: icmp_seq=70 ttl=26 time=96.3 ms
08-10 21:48:29.898  5320  5320 D cellinfo: onCellInfoChanged: Operator: Verizon Wireless UpdateTimestamp: 24543198 CellConnectionStatus: 1
08-10 21:48:29.898  5320  5320 D cellinfo: onCellInfoChanged: LTE Cell Bands: [13] Bandwidth: 10000 Cell ID: 4586754 Physical Cell ID: 370 Tracking Area Code: 4361 EARFCN: 5230
08-10 21:48:29.987  5320  5374 D cellinfo: 46 bytes from 44.241.174.93: icmp_seq=71 ttl=26 time=73.6 ms
08-10 21:48:30.210  5320  5374 D cellinfo: 46 bytes from 44.241.174.93: icmp_seq=72 ttl=26 time=97.2 ms
08-10 21:48:30.398  5320  5374 D cellinfo: 46 bytes from 44.241.174.93: icmp_seq=73 ttl=26 time=83.9 ms
08-10 21:48:30.609  5320  5374 D cellinfo: 46 bytes from 44.241.174.93: icmp_seq=74 ttl=26 time=94.0 ms
08-10 21:48:30.618  5320  5320 D cellinfo: Latitude is 41.0420928
08-10 21:48:30.618  5320  5320 D cellinfo: Longitude is -105.4569184
08-10 21:48:30.618  5320  5320 D cellinfo: Instantaneous GPS information: United States, 2117-2175 US-287, Tie Siding, WY 82084, USA
08-10 21:48:30.618  5320  5320 D cellinfo: getCurrentLocation() result: Location (success): 41.0420928, -105.4569184
08-10 21:48:30.798  5320  5374 D cellinfo: 46 bytes from 44.241.174.93: icmp_seq=75 ttl=26 time=81.8 ms
08-10 21:48:31.001  5320  5374 D cellinfo: 46 bytes from 44.241.174.93: icmp_seq=76 ttl=26 time=84.4 ms
08-10 21:48:31.183  5320  5320 D cellinfo: onsignalStrengthsChanged: LTE Signal Strength info: rsrp: -95 rsrq: -8 rssi: -77 rssnr: 9
08-10 21:48:31.199  5320  5374 D cellinfo: 46 bytes from 44.241.174.93: icmp_seq=77 ttl=26 time=82.7 ms
08-10 21:48:31.409  5320  5374 D cellinfo: 46 bytes from 44.241.174.93: icmp_seq=78 ttl=26 time=92.1 ms
08-10 21:48:31.596  5320  5374 D cellinfo: 46 bytes from 44.241.174.93: icmp_seq=79 ttl=26 time=78.3 ms
08-10 21:48:31.801  5320  5374 D cellinfo: 46 bytes from 44.241.174.93: icmp_seq=80 ttl=26 time=82.1 ms
08-10 21:48:32.006  5320  5374 D cellinfo: 46 bytes from 44.241.174.93: icmp_seq=81 ttl=26 time=86.2 ms
08-10 21:48:32.209  5320  5374 D cellinfo: 46 bytes from 44.241.174.93: icmp_seq=82 ttl=26 time=89.6 ms
08-10 21:48:32.397  5320  5374 D cellinfo: 46 bytes from 44.241.174.93: icmp_seq=83 ttl=26 time=77.2 ms
08-10 21:48:32.610  5320  5374 D cellinfo: 46 bytes from 44.241.174.93: icmp_seq=84 ttl=26 time=89.1 ms
08-10 21:48:32.797  5320  5374 D cellinfo: 46 bytes from 44.241.174.93: icmp_seq=85 ttl=26 time=75.2 ms
08-10 21:48:32.861  5320  5320 D cellinfo: Latitude is 41.0420928
08-10 21:48:32.862  5320  5320 D cellinfo: Longitude is -105.4569184
08-10 21:48:32.862  5320  5320 D cellinfo: Instantaneous GPS information: United States, 2117-2175 US-287, Tie Siding, WY 82084, USA
08-10 21:48:32.862  5320  5320 D cellinfo: getCurrentLocation() result: Location (success): 41.0420928, -105.4569184
08-10 21:48:32.896  5320  5320 D cellinfo: onCellInfoChanged: Operator: Verizon Wireless UpdateTimestamp: 24546196 CellConnectionStatus: 1
08-10 21:48:32.896  5320  5320 D cellinfo: onCellInfoChanged: LTE Cell Bands: [13] Bandwidth: 10000 Cell ID: 4586754 Physical Cell ID: 370 Tracking Area Code: 4361 EARFCN: 5230
08-10 21:48:33.010  5320  5374 D cellinfo: 46 bytes from 44.241.174.93: icmp_seq=86 ttl=26 time=86.2 ms
08-10 21:48:33.205  5320  5374 D cellinfo: 46 bytes from 44.241.174.93: icmp_seq=87 ttl=26 time=82.3 ms
08-10 21:48:33.401  5320  5374 D cellinfo: 46 bytes from 44.241.174.93: icmp_seq=88 ttl=26 time=77.9 ms
08-10 21:48:33.600  5320  5374 D cellinfo: 46 bytes from 44.241.174.93: icmp_seq=89 ttl=26 time=76.6 ms
08-10 21:48:33.818  5320  5374 D cellinfo: 46 bytes from 44.241.174.93: icmp_seq=90 ttl=26 time=93.8 ms
08-10 21:48:34.009  5320  5374 D cellinfo: 46 bytes from 44.241.174.93: icmp_seq=91 ttl=26 time=84.4 ms
08-10 21:48:34.201  5320  5374 D cellinfo: 46 bytes from 44.241.174.93: icmp_seq=92 ttl=26 time=77.3 ms
08-10 21:48:34.407  5320  5374 D cellinfo: 46 bytes from 44.241.174.93: icmp_seq=93 ttl=26 time=82.6 ms
08-10 21:48:34.607  5320  5374 D cellinfo: 46 bytes from 44.241.174.93: icmp_seq=94 ttl=26 time=82.2 ms
08-10 21:48:34.811  5320  5374 D cellinfo: 46 bytes from 44.241.174.93: icmp_seq=95 ttl=26 time=81.8 ms
08-10 21:48:35.007  5320  5374 D cellinfo: 46 bytes from 44.241.174.93: icmp_seq=96 ttl=26 time=80.1 ms
08-10 21:48:35.207  5320  5374 D cellinfo: 46 bytes from 44.241.174.93: icmp_seq=97 ttl=26 time=80.2 ms
08-10 21:48:35.407  5320  5374 D cellinfo: 46 bytes from 44.241.174.93: icmp_seq=98 ttl=26 time=79.2 ms
08-10 21:48:35.644  5320  5374 D cellinfo: 46 bytes from 44.241.174.93: icmp_seq=99 ttl=26 time=112 ms
08-10 21:48:35.808  5320  5374 D cellinfo: 46 bytes from 44.241.174.93: icmp_seq=100 ttl=26 time=78.6 ms
08-10 21:48:36.008  5320  5374 D cellinfo: 46 bytes from 44.241.174.93: icmp_seq=101 ttl=26 time=77.3 ms
08-10 21:48:36.210  5320  5374 D cellinfo: 46 bytes from 44.241.174.93: icmp_seq=102 ttl=26 time=79.9 ms
08-10 21:48:36.289  5320  5320 D cellinfo: Latitude is 41.041884
08-10 21:48:36.289  5320  5320 D cellinfo: Longitude is -105.4561608
08-10 21:48:36.289  5320  5320 D cellinfo: Instantaneous GPS information: United States, 2117-2175 US-287, Tie Siding, WY 82084, USA
08-10 21:48:36.289  5320  5320 D cellinfo: getCurrentLocation() result: Location (success): 41.041884, -105.4561608
08-10 21:48:36.293  5320  5320 D cellinfo: onCellInfoChanged: Operator: Verizon Wireless UpdateTimestamp: 24549200 CellConnectionStatus: 1
08-10 21:48:36.293  5320  5320 D cellinfo: onCellInfoChanged: LTE Cell Bands: [13] Bandwidth: 10000 Cell ID: 4586754 Physical Cell ID: 370 Tracking Area Code: 4361 EARFCN: 5230
08-10 21:48:36.408  5320  5374 D cellinfo: 46 bytes from 44.241.174.93: icmp_seq=103 ttl=26 time=77.6 ms
08-10 21:48:36.607  5320  5374 D cellinfo: 46 bytes from 44.241.174.93: icmp_seq=104 ttl=26 time=76.0 ms
08-10 21:48:36.809  5320  5374 D cellinfo: 46 bytes from 44.241.174.93: icmp_seq=105 ttl=26 time=77.3 ms
08-10 21:48:37.008  5320  5374 D cellinfo: 46 bytes from 44.241.174.93: icmp_seq=106 ttl=26 time=75.2 ms
08-10 21:48:37.208  5320  5374 D cellinfo: 46 bytes from 44.241.174.93: icmp_seq=107 ttl=26 time=75.0 ms
08-10 21:48:37.409  5320  5374 D cellinfo: 46 bytes from 44.241.174.93: icmp_seq=108 ttl=26 time=74.3 ms
08-10 21:48:37.624  5320  5374 D cellinfo: 46 bytes from 44.241.174.93: icmp_seq=109 ttl=26 time=89.7 ms
08-10 21:48:37.819  5320  5374 D cellinfo: 46 bytes from 44.241.174.93: icmp_seq=110 ttl=26 time=84.0 ms
08-10 21:48:38.041  5320  5374 D cellinfo: 46 bytes from 44.241.174.93: icmp_seq=111 ttl=26 time=105 ms
08-10 21:48:38.225  5320  5374 D cellinfo: 46 bytes from 44.241.174.93: icmp_seq=112 ttl=26 time=89.3 ms
08-10 21:48:38.450  5320  5374 D cellinfo: 46 bytes from 44.241.174.93: icmp_seq=113 ttl=26 time=112 ms
08-10 21:48:38.618  5320  5374 D cellinfo: 46 bytes from 44.241.174.93: icmp_seq=114 ttl=26 time=80.8 ms
08-10 21:48:38.851  5320  5374 D cellinfo: 46 bytes from 44.241.174.93: icmp_seq=115 ttl=26 time=112 ms
08-10 21:48:39.018  5320  5374 D cellinfo: 46 bytes from 44.241.174.93: icmp_seq=116 ttl=26 time=78.4 ms
08-10 21:48:39.224  5320  5374 D cellinfo: 46 bytes from 44.241.174.93: icmp_seq=117 ttl=26 time=85.4 ms
08-10 21:48:39.254  5320  5320 D cellinfo: Latitude is 41.0418322
08-10 21:48:39.254  5320  5320 D cellinfo: Longitude is -105.4558196
08-10 21:48:39.254  5320  5320 D cellinfo: Instantaneous GPS information: United States, 2117-2175 US-287, Tie Siding, WY 82084, USA
08-10 21:48:39.254  5320  5320 D cellinfo: getCurrentLocation() result: Location (success): 41.0418322, -105.4558196
08-10 21:48:39.258  5320  5320 D cellinfo: onCellInfoChanged: Operator: Verizon Wireless UpdateTimestamp: 24552199 CellConnectionStatus: 1
08-10 21:48:39.258  5320  5320 D cellinfo: onCellInfoChanged: LTE Cell Bands: [13] Bandwidth: 10000 Cell ID: 4586754 Physical Cell ID: 370 Tracking Area Code: 4361 EARFCN: 5230
08-10 21:48:39.419  5320  5374 D cellinfo: 46 bytes from 44.241.174.93: icmp_seq=118 ttl=26 time=79.5 ms
08-10 21:48:39.641  5320  5374 D cellinfo: 46 bytes from 44.241.174.93: icmp_seq=119 ttl=26 time=101 ms
08-10 21:48:39.818  5320  5374 D cellinfo: 46 bytes from 44.241.174.93: icmp_seq=120 ttl=26 time=77.5 ms
08-10 21:48:40.024  5320  5374 D cellinfo: 46 bytes from 44.241.174.93: icmp_seq=121 ttl=26 time=83.0 ms
08-10 21:48:40.221  5320  5374 D cellinfo: 46 bytes from 44.241.174.93: icmp_seq=122 ttl=26 time=80.3 ms
08-10 21:48:40.441  5320  5374 D cellinfo: 46 bytes from 44.241.174.93: icmp_seq=123 ttl=26 time=99.0 ms
08-10 21:48:40.622  5320  5374 D cellinfo: 46 bytes from 44.241.174.93: icmp_seq=124 ttl=26 time=78.5 ms
08-10 21:48:40.849  5320  5374 D cellinfo: 46 bytes from 44.241.174.93: icmp_seq=125 ttl=26 time=105 ms
08-10 21:48:41.029  5320  5374 D cellinfo: 46 bytes from 44.241.174.93: icmp_seq=126 ttl=26 time=83.5 ms
08-10 21:48:41.251  5320  5374 D cellinfo: 46 bytes from 44.241.174.93: icmp_seq=127 ttl=26 time=104 ms
08-10 21:48:41.431  5320  5374 D cellinfo: 46 bytes from 44.241.174.93: icmp_seq=128 ttl=26 time=84.9 ms
08-10 21:48:41.649  5320  5374 D cellinfo: 46 bytes from 44.241.174.93: icmp_seq=129 ttl=26 time=102 ms
08-10 21:48:41.833  5320  5374 D cellinfo: 46 bytes from 44.241.174.93: icmp_seq=130 ttl=26 time=85.1 ms
08-10 21:48:41.892  5320  5320 D cellinfo: onCellInfoChanged: Operator: Verizon Wireless UpdateTimestamp: 24555194 CellConnectionStatus: 1
08-10 21:48:41.892  5320  5320 D cellinfo: onCellInfoChanged: LTE Cell Bands: [13] Bandwidth: 10000 Cell ID: 4586754 Physical Cell ID: 370 Tracking Area Code: 4361 EARFCN: 5230
08-10 21:48:42.047  5320  5374 D cellinfo: 46 bytes from 44.241.174.93: icmp_seq=131 ttl=26 time=97.7 ms
08-10 21:48:42.232  5320  5374 D cellinfo: 46 bytes from 44.241.174.93: icmp_seq=132 ttl=26 time=83.3 ms
08-10 21:48:42.450  5320  5374 D cellinfo: 46 bytes from 44.241.174.93: icmp_seq=133 ttl=26 time=99.7 ms
08-10 21:48:42.636  5320  5374 D cellinfo: 46 bytes from 44.241.174.93: icmp_seq=134 ttl=26 time=85.0 ms
08-10 21:48:42.659  5320  5320 D cellinfo: Latitude is 41.0404232
08-10 21:48:42.659  5320  5320 D cellinfo: Longitude is -105.4524988
08-10 21:48:42.659  5320  5320 D cellinfo: Instantaneous GPS information: United States, 2117-2175 US-287, Tie Siding, WY 82084, USA
08-10 21:48:42.659  5320  5320 D cellinfo: getCurrentLocation() result: Location (success): 41.0404232, -105.4524988
08-10 21:48:42.846  5320  5374 D cellinfo: 46 bytes from 44.241.174.93: icmp_seq=135 ttl=26 time=94.6 ms
08-10 21:48:43.037  5320  5374 D cellinfo: 46 bytes from 44.241.174.93: icmp_seq=136 ttl=26 time=85.0 ms
08-10 21:48:43.249  5320  5374 D cellinfo: 46 bytes from 44.241.174.93: icmp_seq=137 ttl=26 time=98.0 ms
08-10 21:48:43.427  5320  5374 D cellinfo: 46 bytes from 44.241.174.93: icmp_seq=138 ttl=26 time=75.0 ms
08-10 21:48:43.642  5320  5374 D cellinfo: 46 bytes from 44.241.174.93: icmp_seq=139 ttl=26 time=89.0 ms
08-10 21:48:43.848  5320  5374 D cellinfo: 46 bytes from 44.241.174.93: icmp_seq=140 ttl=26 time=94.0 ms
08-10 21:48:44.048  5320  5374 D cellinfo: 46 bytes from 44.241.174.93: icmp_seq=141 ttl=26 time=93.3 ms
08-10 21:48:44.224  5320  5374 D cellinfo: 46 bytes from 44.241.174.93: icmp_seq=142 ttl=26 time=69.1 ms
08-10 21:48:44.318  5320  5320 D cellinfo: onServiceStateChanged: Channel Number: 5230 Cell Bandwidths: [10000]
08-10 21:48:44.424  5320  5374 D cellinfo: 46 bytes from 44.241.174.93: icmp_seq=143 ttl=26 time=68.2 ms
08-10 21:48:44.633  5320  5374 D cellinfo: 46 bytes from 44.241.174.93: icmp_seq=144 ttl=26 time=76.2 ms
08-10 21:48:44.833  5320  5374 D cellinfo: 46 bytes from 44.241.174.93: icmp_seq=145 ttl=26 time=74.8 ms
08-10 21:48:44.862  5320  5320 D cellinfo: Latitude is 41.0404232
08-10 21:48:44.862  5320  5320 D cellinfo: Longitude is -105.4524988
08-10 21:48:44.862  5320  5320 D cellinfo: Instantaneous GPS information: United States, 2117-2175 US-287, Tie Siding, WY 82084, USA
08-10 21:48:44.862  5320  5320 D cellinfo: getCurrentLocation() result: Location (success): 41.0404232, -105.4524988
08-10 21:48:44.911  5320  5320 D cellinfo: onCellInfoChanged: Operator: Verizon Wireless UpdateTimestamp: 24558211 CellConnectionStatus: 1
08-10 21:48:44.911  5320  5320 D cellinfo: onCellInfoChanged: LTE Cell Bands: [13] Bandwidth: 10000 Cell ID: 3894529 Physical Cell ID: 360 Tracking Area Code: 3840 EARFCN: 5230
08-10 21:48:45.032  5320  5374 D cellinfo: 46 bytes from 44.241.174.93: icmp_seq=146 ttl=26 time=73.3 ms
08-10 21:48:45.213  5320  5320 D cellinfo: onsignalStrengthsChanged: LTE Signal Strength info: rsrp: -110 rsrq: -12 rssi: -89 rssnr: -2
08-10 21:48:45.233  5320  5374 D cellinfo: 46 bytes from 44.241.174.93: icmp_seq=147 ttl=26 time=74.3 ms
08-10 21:48:45.434  5320  5374 D cellinfo: 46 bytes from 44.241.174.93: icmp_seq=148 ttl=26 time=74.4 ms
08-10 21:48:45.633  5320  5374 D cellinfo: 46 bytes from 44.241.174.93: icmp_seq=149 ttl=26 time=72.7 ms
08-10 21:48:45.834  5320  5374 D cellinfo: 46 bytes from 44.241.174.93: icmp_seq=150 ttl=26 time=73.3 ms
08-10 21:48:46.057  5320  5374 D cellinfo: 46 bytes from 44.241.174.93: icmp_seq=151 ttl=26 time=95.5 ms
08-10 21:48:46.263  5320  5374 D cellinfo: 46 bytes from 44.241.174.93: icmp_seq=152 ttl=26 time=101 ms
08-10 21:48:46.435  5320  5374 D cellinfo: 46 bytes from 44.241.174.93: icmp_seq=153 ttl=26 time=72.1 ms
08-10 21:48:46.649  5320  5374 D cellinfo: 46 bytes from 44.241.174.93: icmp_seq=154 ttl=26 time=85.8 ms
08-10 21:48:46.833  5320  5374 D cellinfo: 46 bytes from 44.241.174.93: icmp_seq=155 ttl=26 time=69.2 ms
08-10 21:48:47.048  5320  5374 D cellinfo: 46 bytes from 44.241.174.93: icmp_seq=156 ttl=26 time=83.0 ms
08-10 21:48:47.234  5320  5374 D cellinfo: 46 bytes from 44.241.174.93: icmp_seq=157 ttl=26 time=69.2 ms
08-10 21:48:47.447  5320  5374 D cellinfo: 46 bytes from 44.241.174.93: icmp_seq=158 ttl=26 time=80.1 ms
08-10 21:48:47.653  5320  5374 D cellinfo: 46 bytes from 44.241.174.93: icmp_seq=159 ttl=26 time=85.1 ms
08-10 21:48:47.852  5320  5374 D cellinfo: 46 bytes from 44.241.174.93: icmp_seq=160 ttl=26 time=84.4 ms
08-10 21:48:48.044  5320  5374 D cellinfo: 46 bytes from 44.241.174.93: icmp_seq=161 ttl=26 time=75.0 ms
08-10 21:48:48.238  5320  5374 D cellinfo: 46 bytes from 44.241.174.93: icmp_seq=162 ttl=26 time=68.4 ms
08-10 21:48:48.336  5320  5320 D cellinfo: Latitude is 41.0401986
08-10 21:48:48.336  5320  5320 D cellinfo: Longitude is -105.4516754
08-10 21:48:48.336  5320  5320 D cellinfo: Instantaneous GPS information: United States, 2117-2175 US-287, Tie Siding, WY 82084, USA
08-10 21:48:48.336  5320  5320 D cellinfo: getCurrentLocation() result: Location (success): 41.0401986, -105.4516754
08-10 21:48:48.340  5320  5320 D cellinfo: onCellInfoChanged: Operator: Verizon Wireless UpdateTimestamp: 24561209 CellConnectionStatus: 1
08-10 21:48:48.340  5320  5320 D cellinfo: onCellInfoChanged: LTE Cell Bands: [13] Bandwidth: 10000 Cell ID: 3894529 Physical Cell ID: 360 Tracking Area Code: 3840 EARFCN: 5230
08-10 21:48:48.341  5320  5320 D cellinfo: onServiceStateChanged: Channel Number: 5230 Cell Bandwidths: [10000]
08-10 21:48:48.448  5320  5374 D cellinfo: 46 bytes from 44.241.174.93: icmp_seq=163 ttl=26 time=78.2 ms
08-10 21:48:48.656  5320  5374 D cellinfo: 46 bytes from 44.241.174.93: icmp_seq=164 ttl=26 time=85.4 ms
08-10 21:48:48.854  5320  5374 D cellinfo: 46 bytes from 44.241.174.93: icmp_seq=165 ttl=26 time=82.0 ms
08-10 21:48:48.977  5320  5320 D cellinfo: onsignalStrengthsChanged: LTE Signal Strength info: rsrp: -109 rsrq: -12 rssi: -93 rssnr: -1
08-10 21:48:49.055  5320  5374 D cellinfo: 46 bytes from 44.241.174.93: icmp_seq=166 ttl=26 time=81.9 ms
08-10 21:48:49.255  5320  5374 D cellinfo: 46 bytes from 44.241.174.93: icmp_seq=167 ttl=26 time=81.2 ms
08-10 21:48:49.454  5320  5374 D cellinfo: 46 bytes from 44.241.174.93: icmp_seq=168 ttl=26 time=80.7 ms
08-10 21:48:49.657  5320  5374 D cellinfo: 46 bytes from 44.241.174.93: icmp_seq=169 ttl=26 time=82.6 ms
08-10 21:48:49.856  5320  5374 D cellinfo: 46 bytes from 44.241.174.93: icmp_seq=170 ttl=26 time=81.7 ms
08-10 21:48:50.062  5320  5374 D cellinfo: 46 bytes from 44.241.174.93: icmp_seq=171 ttl=26 time=87.3 ms
08-10 21:48:50.255  5320  5374 D cellinfo: 46 bytes from 44.241.174.93: icmp_seq=172 ttl=26 time=80.2 ms
08-10 21:48:50.465  5320  5374 D cellinfo: 46 bytes from 44.241.174.93: icmp_seq=173 ttl=26 time=88.5 ms
08-10 21:48:50.657  5320  5374 D cellinfo: 46 bytes from 44.241.174.93: icmp_seq=174 ttl=26 time=80.8 ms
08-10 21:48:50.854  5320  5374 D cellinfo: 46 bytes from 44.241.174.93: icmp_seq=175 ttl=26 time=77.1 ms
08-10 21:48:51.059  5320  5374 D cellinfo: 46 bytes from 44.241.174.93: icmp_seq=176 ttl=26 time=81.2 ms
08-10 21:48:51.259  5320  5374 D cellinfo: 46 bytes from 44.241.174.93: icmp_seq=177 ttl=26 time=80.2 ms
08-10 21:48:51.315  5320  5320 D cellinfo: Latitude is 41.0401707
08-10 21:48:51.315  5320  5320 D cellinfo: Longitude is -105.4514299
08-10 21:48:51.315  5320  5320 D cellinfo: Instantaneous GPS information: United States, 2117-2175 US-287, Tie Siding, WY 82084, USA
08-10 21:48:51.315  5320  5320 D cellinfo: getCurrentLocation() result: Location (success): 41.0401707, -105.4514299
08-10 21:48:51.319  5320  5320 D cellinfo: onCellInfoChanged: Operator: Verizon Wireless UpdateTimestamp: 24564210 CellConnectionStatus: 1
08-10 21:48:51.319  5320  5320 D cellinfo: onCellInfoChanged: LTE Cell Bands: [13] Bandwidth: 10000 Cell ID: 4586754 Physical Cell ID: 370 Tracking Area Code: 4361 EARFCN: 5230
08-10 21:48:51.462  5320  5374 D cellinfo: 46 bytes from 44.241.174.93: icmp_seq=178 ttl=26 time=83.2 ms
08-10 21:48:51.656  5320  5374 D cellinfo: 46 bytes from 44.241.174.93: icmp_seq=179 ttl=26 time=76.0 ms
08-10 21:48:51.858  5320  5374 D cellinfo: 46 bytes from 44.241.174.93: icmp_seq=180 ttl=26 time=77.4 ms
08-10 21:48:52.066  5320  5374 D cellinfo: 46 bytes from 44.241.174.93: icmp_seq=181 ttl=26 time=84.4 ms
08-10 21:48:52.265  5320  5374 D cellinfo: 46 bytes from 44.241.174.93: icmp_seq=182 ttl=26 time=83.1 ms
08-10 21:48:52.475  5320  5374 D cellinfo: 46 bytes from 44.241.174.93: icmp_seq=183 ttl=26 time=93.1 ms
08-10 21:48:52.667  5320  5374 D cellinfo: 46 bytes from 44.241.174.93: icmp_seq=184 ttl=26 time=83.3 ms
08-10 21:48:52.868  5320  5374 D cellinfo: 46 bytes from 44.241.174.93: icmp_seq=185 ttl=26 time=84.0 ms
08-10 21:48:52.981  5320  5320 D cellinfo: onsignalStrengthsChanged: LTE Signal Strength info: rsrp: -108 rsrq: -12 rssi: -89 rssnr: 9
08-10 21:48:53.065  5320  5374 D cellinfo: 46 bytes from 44.241.174.93: icmp_seq=186 ttl=26 time=80.1 ms
08-10 21:48:53.267  5320  5374 D cellinfo: 46 bytes from 44.241.174.93: icmp_seq=187 ttl=26 time=81.4 ms
08-10 21:48:53.474  5320  5374 D cellinfo: 46 bytes from 44.241.174.93: icmp_seq=188 ttl=26 time=87.9 ms
08-10 21:48:53.667  5320  5374 D cellinfo: 46 bytes from 44.241.174.93: icmp_seq=189 ttl=26 time=80.4 ms
08-10 21:48:53.873  5320  5374 D cellinfo: 46 bytes from 44.241.174.93: icmp_seq=190 ttl=26 time=86.1 ms
08-10 21:48:54.076  5320  5374 D cellinfo: 46 bytes from 44.241.174.93: icmp_seq=191 ttl=26 time=88.5 ms
08-10 21:48:54.266  5320  5374 D cellinfo: 46 bytes from 44.241.174.93: icmp_seq=192 ttl=26 time=77.3 ms
08-10 21:48:54.327  5320  5320 D cellinfo: Latitude is 41.0402272
08-10 21:48:54.327  5320  5320 D cellinfo: Longitude is -105.4516325
08-10 21:48:54.327  5320  5320 D cellinfo: Instantaneous GPS information: United States, US-287, Tie Siding, WY 82084, USA
08-10 21:48:54.327  5320  5320 D cellinfo: getCurrentLocation() result: Location (success): 41.0402272, -105.4516325
08-10 21:48:54.333  5320  5320 D cellinfo: onCellInfoChanged: Operator: Verizon Wireless UpdateTimestamp: 24567222 CellConnectionStatus: 1
08-10 21:48:54.333  5320  5320 D cellinfo: onCellInfoChanged: LTE Cell Bands: [13] Bandwidth: 10000 Cell ID: 4586754 Physical Cell ID: 370 Tracking Area Code: 4361 EARFCN: 5230
08-10 21:48:54.475  5320  5374 D cellinfo: 46 bytes from 44.241.174.93: icmp_seq=193 ttl=26 time=87.0 ms
08-10 21:48:54.666  5320  5374 D cellinfo: 46 bytes from 44.241.174.93: icmp_seq=194 ttl=26 time=77.4 ms
08-10 21:48:54.876  5320  5374 D cellinfo: 46 bytes from 44.241.174.93: icmp_seq=195 ttl=26 time=86.3 ms
08-10 21:48:55.066  5320  5374 D cellinfo: 46 bytes from 44.241.174.93: icmp_seq=196 ttl=26 time=75.3 ms
08-10 21:48:55.276  5320  5374 D cellinfo: 46 bytes from 44.241.174.93: icmp_seq=197 ttl=26 time=85.2 ms
08-10 21:48:55.477  5320  5374 D cellinfo: 46 bytes from 44.241.174.93: icmp_seq=198 ttl=26 time=85.1 ms
08-10 21:48:55.681  5320  5374 D cellinfo: 46 bytes from 44.241.174.93: icmp_seq=199 ttl=26 time=88.3 ms
08-10 21:48:55.891  5320  5374 D cellinfo: 46 bytes from 44.241.174.93: icmp_seq=200 ttl=26 time=97.8 ms
08-10 21:48:56.082  5320  5374 D cellinfo: 46 bytes from 44.241.174.93: icmp_seq=201 ttl=26 time=88.6 ms
08-10 21:48:56.277  5320  5374 D cellinfo: 46 bytes from 44.241.174.93: icmp_seq=202 ttl=26 time=83.8 ms
08-10 21:48:56.475  5320  5374 D cellinfo: 46 bytes from 44.241.174.93: icmp_seq=203 ttl=26 time=81.6 ms
08-10 21:48:56.678  5320  5374 D cellinfo: 46 bytes from 44.241.174.93: icmp_seq=204 ttl=26 time=83.0 ms
08-10 21:48:56.887  5320  5374 D cellinfo: 46 bytes from 44.241.174.93: icmp_seq=205 ttl=26 time=93.0 ms
08-10 21:48:56.890  5320  5320 D cellinfo: onCellInfoChanged: Operator: Verizon Wireless UpdateTimestamp: 24570192 CellConnectionStatus: 1
08-10 21:48:56.890  5320  5320 D cellinfo: onCellInfoChanged: LTE Cell Bands: [13] Bandwidth: 10000 Cell ID: 4586754 Physical Cell ID: 370 Tracking Area Code: 4361 EARFCN: 5230
08-10 21:48:57.075  5320  5374 D cellinfo: 46 bytes from 44.241.174.93: icmp_seq=206 ttl=26 time=80.3 ms
08-10 21:48:57.273  5320  5374 D cellinfo: 46 bytes from 44.241.174.93: icmp_seq=207 ttl=26 time=78.3 ms
08-10 21:48:57.476  5320  5374 D cellinfo: 46 bytes from 44.241.174.93: icmp_seq=208 ttl=26 time=80.0 ms
08-10 21:48:57.625  5320  5320 D cellinfo: Latitude is 41.0379923
08-10 21:48:57.626  5320  5320 D cellinfo: Longitude is -105.4473686
08-10 21:48:57.626  5320  5320 D cellinfo: Instantaneous GPS information: United States, 2117-2175 US-287, Tie Siding, WY 82084, USA
08-10 21:48:57.626  5320  5320 D cellinfo: getCurrentLocation() result: Location (success): 41.0379923, -105.4473686
08-10 21:48:57.676  5320  5374 D cellinfo: 46 bytes from 44.241.174.93: icmp_seq=209 ttl=26 time=78.7 ms
08-10 21:48:57.877  5320  5374 D cellinfo: 46 bytes from 44.241.174.93: icmp_seq=210 ttl=26 time=78.3 ms
08-10 21:48:58.075  5320  5374 D cellinfo: 46 bytes from 44.241.174.93: icmp_seq=211 ttl=26 time=77.1 ms
08-10 21:48:58.275  5320  5374 D cellinfo: 46 bytes from 44.241.174.93: icmp_seq=212 ttl=26 time=76.8 ms
08-10 21:48:58.477  5320  5374 D cellinfo: 46 bytes from 44.241.174.93: icmp_seq=213 ttl=26 time=77.8 ms
08-10 21:48:58.676  5320  5374 D cellinfo: 46 bytes from 44.241.174.93: icmp_seq=214 ttl=26 time=76.9 ms
08-10 21:48:58.877  5320  5374 D cellinfo: 46 bytes from 44.241.174.93: icmp_seq=215 ttl=26 time=76.4 ms
08-10 21:48:59.077  5320  5374 D cellinfo: 46 bytes from 44.241.174.93: icmp_seq=216 ttl=26 time=75.3 ms
08-10 21:48:59.287  5320  5374 D cellinfo: 46 bytes from 44.241.174.93: icmp_seq=217 ttl=26 time=84.0 ms
08-10 21:48:59.487  5320  5374 D cellinfo: 46 bytes from 44.241.174.93: icmp_seq=218 ttl=26 time=81.4 ms
08-10 21:48:59.686  5320  5374 D cellinfo: 46 bytes from 44.241.174.93: icmp_seq=219 ttl=26 time=79.7 ms
08-10 21:48:59.863  5320  5320 D cellinfo: Latitude is 41.0379923
08-10 21:48:59.863  5320  5320 D cellinfo: Longitude is -105.4473686
08-10 21:48:59.863  5320  5320 D cellinfo: Instantaneous GPS information: United States, 2117-2175 US-287, Tie Siding, WY 82084, USA
08-10 21:48:59.863  5320  5320 D cellinfo: getCurrentLocation() result: Location (success): 41.0379923, -105.4473686
08-10 21:48:59.889  5320  5374 D cellinfo: 46 bytes from 44.241.174.93: icmp_seq=220 ttl=26 time=82.6 ms
08-10 21:48:59.903  5320  5320 D cellinfo: onCellInfoChanged: Operator: Verizon Wireless UpdateTimestamp: 24573205 CellConnectionStatus: 1
08-10 21:48:59.903  5320  5320 D cellinfo: onCellInfoChanged: LTE Cell Bands: [13] Bandwidth: 10000 Cell ID: 4586754 Physical Cell ID: 370 Tracking Area Code: 4361 EARFCN: 5230
08-10 21:49:00.086  5320  5374 D cellinfo: 46 bytes from 44.241.174.93: icmp_seq=221 ttl=26 time=78.6 ms
08-10 21:49:00.288  5320  5374 D cellinfo: 46 bytes from 44.241.174.93: icmp_seq=222 ttl=26 time=80.4 ms
08-10 21:49:00.486  5320  5374 D cellinfo: 46 bytes from 44.241.174.93: icmp_seq=223 ttl=26 time=76.7 ms
08-10 21:49:00.686  5320  5374 D cellinfo: 46 bytes from 44.241.174.93: icmp_seq=224 ttl=26 time=76.6 ms
08-10 21:49:00.885  5320  5374 D cellinfo: 46 bytes from 44.241.174.93: icmp_seq=225 ttl=26 time=75.3 ms
08-10 21:49:01.096  5320  5374 D cellinfo: 46 bytes from 44.241.174.93: icmp_seq=226 ttl=26 time=85.3 ms
08-10 21:49:01.304  5320  5374 D cellinfo: 46 bytes from 44.241.174.93: icmp_seq=227 ttl=26 time=92.1 ms
08-10 21:49:01.501  5320  5374 D cellinfo: 46 bytes from 44.241.174.93: icmp_seq=228 ttl=26 time=88.1 ms
08-10 21:49:01.698  5320  5374 D cellinfo: 46 bytes from 44.241.174.93: icmp_seq=229 ttl=26 time=83.9 ms
08-10 21:49:01.905  5320  5374 D cellinfo: 46 bytes from 44.241.174.93: icmp_seq=230 ttl=26 time=89.5 ms
08-10 21:49:02.101  5320  5374 D cellinfo: 46 bytes from 44.241.174.93: icmp_seq=231 ttl=26 time=83.5 ms
08-10 21:49:02.296  5320  5374 D cellinfo: 46 bytes from 44.241.174.93: icmp_seq=232 ttl=26 time=80.1 ms
08-10 21:49:02.498  5320  5374 D cellinfo: 46 bytes from 44.241.174.93: icmp_seq=233 ttl=26 time=82.2 ms
08-10 21:49:02.697  5320  5374 D cellinfo: 46 bytes from 44.241.174.93: icmp_seq=234 ttl=26 time=80.2 ms
08-10 21:49:02.906  5320  5374 D cellinfo: 46 bytes from 44.241.174.93: icmp_seq=235 ttl=26 time=87.8 ms
08-10 21:49:03.100  5320  5374 D cellinfo: 46 bytes from 44.241.174.93: icmp_seq=236 ttl=26 time=81.0 ms
08-10 21:49:03.300  5320  5374 D cellinfo: 46 bytes from 44.241.174.93: icmp_seq=237 ttl=26 time=80.3 ms
08-10 21:49:03.307  5320  5320 D cellinfo: Latitude is 41.0376389
08-10 21:49:03.307  5320  5320 D cellinfo: Longitude is -105.4468224
08-10 21:49:03.307  5320  5320 D cellinfo: Instantaneous GPS information: United States, US-287, Tie Siding, WY 82084, USA
08-10 21:49:03.307  5320  5320 D cellinfo: getCurrentLocation() result: Location (success): 41.0376389, -105.4468224
08-10 21:49:03.310  5320  5320 D cellinfo: onCellInfoChanged: Operator: Verizon Wireless UpdateTimestamp: 24576197 CellConnectionStatus: 1
08-10 21:49:03.310  5320  5320 D cellinfo: onCellInfoChanged: LTE Cell Bands: [13] Bandwidth: 10000 Cell ID: 4586754 Physical Cell ID: 370 Tracking Area Code: 4361 EARFCN: 5230
08-10 21:49:03.498  5320  5374 D cellinfo: 46 bytes from 44.241.174.93: icmp_seq=238 ttl=26 time=76.5 ms
08-10 21:49:03.715  5320  5374 D cellinfo: 46 bytes from 44.241.174.93: icmp_seq=239 ttl=26 time=94.1 ms
08-10 21:49:03.911  5320  5374 D cellinfo: 46 bytes from 44.241.174.93: icmp_seq=240 ttl=26 time=88.5 ms
08-10 21:49:03.976  5320  5320 D cellinfo: onsignalStrengthsChanged: LTE Signal Strength info: rsrp: -105 rsrq: -9 rssi: -87 rssnr: 12
08-10 21:49:04.115  5320  5374 D cellinfo: 46 bytes from 44.241.174.93: icmp_seq=241 ttl=26 time=93.1 ms
08-10 21:49:04.321  5320  5374 D cellinfo: 46 bytes from 44.241.174.93: icmp_seq=242 ttl=26 time=97.1 ms
08-10 21:49:04.510  5320  5374 D cellinfo: 46 bytes from 44.241.174.93: icmp_seq=243 ttl=26 time=86.2 ms
08-10 21:49:04.706  5320  5374 D cellinfo: 46 bytes from 44.241.174.93: icmp_seq=244 ttl=26 time=81.4 ms
08-10 21:49:04.908  5320  5374 D cellinfo: 46 bytes from 44.241.174.93: icmp_seq=245 ttl=26 time=81.4 ms
08-10 21:49:05.105  5320  5374 D cellinfo: 46 bytes from 44.241.174.93: icmp_seq=246 ttl=26 time=79.0 ms
08-10 21:49:05.309  5320  5374 D cellinfo: 46 bytes from 44.241.174.93: icmp_seq=247 ttl=26 time=79.3 ms
08-10 21:49:05.506  5320  5374 D cellinfo: 46 bytes from 44.241.174.93: icmp_seq=248 ttl=26 time=77.6 ms
08-10 21:49:05.707  5320  5374 D cellinfo: 46 bytes from 44.241.174.93: icmp_seq=249 ttl=26 time=78.2 ms
08-10 21:49:05.904  5320  5374 D cellinfo: 46 bytes from 44.241.174.93: icmp_seq=250 ttl=26 time=74.8 ms
08-10 21:49:06.104  5320  5374 D cellinfo: 46 bytes from 44.241.174.93: icmp_seq=251 ttl=26 time=74.2 ms
08-10 21:49:06.262  5320  5320 D cellinfo: Latitude is 41.0375294
08-10 21:49:06.262  5320  5320 D cellinfo: Longitude is -105.4466353
08-10 21:49:06.262  5320  5320 D cellinfo: Instantaneous GPS information: United States, US-287, Tie Siding, WY 82084, USA
08-10 21:49:06.262  5320  5320 D cellinfo: getCurrentLocation() result: Location (success): 41.0375294, -105.4466353
08-10 21:49:06.267  5320  5320 D cellinfo: onCellInfoChanged: Operator: Verizon Wireless UpdateTimestamp: 24579201 CellConnectionStatus: 1
08-10 21:49:06.267  5320  5320 D cellinfo: onCellInfoChanged: LTE Cell Bands: [13] Bandwidth: 10000 Cell ID: 4586754 Physical Cell ID: 370 Tracking Area Code: 4361 EARFCN: 5230
08-10 21:49:06.315  5320  5374 D cellinfo: 46 bytes from 44.241.174.93: icmp_seq=252 ttl=26 time=83.8 ms
08-10 21:49:06.515  5320  5374 D cellinfo: 46 bytes from 44.241.174.93: icmp_seq=253 ttl=26 time=82.1 ms
08-10 21:49:06.716  5320  5374 D cellinfo: 46 bytes from 44.241.174.93: icmp_seq=254 ttl=26 time=81.9 ms
08-10 21:49:06.915  5320  5374 D cellinfo: 46 bytes from 44.241.174.93: icmp_seq=255 ttl=26 time=80.4 ms
08-10 21:49:07.116  5320  5374 D cellinfo: 46 bytes from 44.241.174.93: icmp_seq=256 ttl=26 time=81.0 ms
08-10 21:49:07.315  5320  5374 D cellinfo: 46 bytes from 44.241.174.93: icmp_seq=257 ttl=26 time=79.0 ms
08-10 21:49:07.516  5320  5374 D cellinfo: 46 bytes from 44.241.174.93: icmp_seq=258 ttl=26 time=79.4 ms
08-10 21:49:07.724  5320  5374 D cellinfo: 46 bytes from 44.241.174.93: icmp_seq=259 ttl=26 time=87.0 ms
08-10 21:49:07.916  5320  5374 D cellinfo: 46 bytes from 44.241.174.93: icmp_seq=260 ttl=26 time=78.4 ms
08-10 21:49:08.117  5320  5374 D cellinfo: 46 bytes from 44.241.174.93: icmp_seq=261 ttl=26 time=78.2 ms
08-10 21:49:08.316  5320  5374 D cellinfo: 46 bytes from 44.241.174.93: icmp_seq=262 ttl=26 time=76.2 ms
08-10 21:49:08.515  5320  5374 D cellinfo: 46 bytes from 44.241.174.93: icmp_seq=263 ttl=26 time=73.7 ms
08-10 21:49:08.726  5320  5374 D cellinfo: 46 bytes from 44.241.174.93: icmp_seq=264 ttl=26 time=83.1 ms
08-10 21:49:08.925  5320  5374 D cellinfo: 46 bytes from 44.241.174.93: icmp_seq=265 ttl=26 time=82.1 ms
08-10 21:49:09.127  5320  5374 D cellinfo: 46 bytes from 44.241.174.93: icmp_seq=266 ttl=26 time=83.1 ms
08-10 21:49:09.312  5320  5320 D cellinfo: Latitude is 41.0376214
08-10 21:49:09.312  5320  5320 D cellinfo: Longitude is -105.4467766
08-10 21:49:09.312  5320  5320 D cellinfo: Instantaneous GPS information: United States, US-287, Tie Siding, WY 82084, USA
08-10 21:49:09.312  5320  5320 D cellinfo: getCurrentLocation() result: Location (success): 41.0376214, -105.4467766
08-10 21:49:09.316  5320  5320 D cellinfo: onCellInfoChanged: Operator: Verizon Wireless UpdateTimestamp: 24582201 CellConnectionStatus: 1
08-10 21:49:09.316  5320  5320 D cellinfo: onCellInfoChanged: LTE Cell Bands: [13] Bandwidth: 10000 Cell ID: 4586754 Physical Cell ID: 370 Tracking Area Code: 4361 EARFCN: 5230
08-10 21:49:09.317  5320  5320 D cellinfo: onsignalStrengthsChanged: LTE Signal Strength info: rsrp: -108 rsrq: -10 rssi: -89 rssnr: 11
08-10 21:49:09.318  5320  5374 D cellinfo: 46 bytes from 44.241.174.93: icmp_seq=267 ttl=26 time=71.9 ms
08-10 21:49:09.533  5320  5374 D cellinfo: 46 bytes from 44.241.174.93: icmp_seq=268 ttl=26 time=87.2 ms
08-10 21:49:09.728  5320  5374 D cellinfo: 46 bytes from 44.241.174.93: icmp_seq=269 ttl=26 time=80.4 ms
08-10 21:49:09.927  5320  5374 D cellinfo: 46 bytes from 44.241.174.93: icmp_seq=270 ttl=26 time=79.2 ms
08-10 21:49:10.127  5320  5374 D cellinfo: 46 bytes from 44.241.174.93: icmp_seq=271 ttl=26 time=78.1 ms
08-10 21:49:10.326  5320  5374 D cellinfo: 46 bytes from 44.241.174.93: icmp_seq=272 ttl=26 time=75.6 ms
08-10 21:49:10.526  5320  5374 D cellinfo: 46 bytes from 44.241.174.93: icmp_seq=273 ttl=26 time=75.2 ms
08-10 21:49:10.726  5320  5374 D cellinfo: 46 bytes from 44.241.174.93: icmp_seq=274 ttl=26 time=74.4 ms
08-10 21:49:10.944  5320  5374 D cellinfo: 46 bytes from 44.241.174.93: icmp_seq=275 ttl=26 time=92.2 ms
08-10 21:49:11.135  5320  5374 D cellinfo: 46 bytes from 44.241.174.93: icmp_seq=276 ttl=26 time=82.4 ms
08-10 21:49:11.337  5320  5374 D cellinfo: 46 bytes from 44.241.174.93: icmp_seq=277 ttl=26 time=83.1 ms
08-10 21:49:11.535  5320  5374 D cellinfo: 46 bytes from 44.241.174.93: icmp_seq=278 ttl=26 time=80.2 ms
08-10 21:49:11.735  5320  5374 D cellinfo: 46 bytes from 44.241.174.93: icmp_seq=279 ttl=26 time=79.1 ms
08-10 21:49:11.903  5320  5320 D cellinfo: onCellInfoChanged: Operator: Verizon Wireless UpdateTimestamp: 24585205 CellConnectionStatus: 1
08-10 21:49:11.903  5320  5320 D cellinfo: onCellInfoChanged: LTE Cell Bands: [13] Bandwidth: 10000 Cell ID: 4586754 Physical Cell ID: 370 Tracking Area Code: 4361 EARFCN: 5230
08-10 21:49:11.948  5320  5374 D cellinfo: 46 bytes from 44.241.174.93: icmp_seq=280 ttl=26 time=92.0 ms
08-10 21:49:12.138  5320  5374 D cellinfo: 46 bytes from 44.241.174.93: icmp_seq=281 ttl=26 time=81.4 ms
08-10 21:49:12.337  5320  5374 D cellinfo: 46 bytes from 44.241.174.93: icmp_seq=282 ttl=26 time=77.8 ms
08-10 21:49:12.539  5320  5374 D cellinfo: 46 bytes from 44.241.174.93: icmp_seq=283 ttl=26 time=78.2 ms
08-10 21:49:12.646  5320  5320 D cellinfo: Latitude is 41.0349595
08-10 21:49:12.646  5320  5320 D cellinfo: Longitude is -105.4428557
08-10 21:49:12.646  5320  5320 D cellinfo: Instantaneous GPS information: United States, US-287, Tie Siding, WY 82084, USA
08-10 21:49:12.646  5320  5320 D cellinfo: getCurrentLocation() result: Location (success): 41.0349595, -105.4428557
08-10 21:49:12.736  5320  5374 D cellinfo: 46 bytes from 44.241.174.93: icmp_seq=284 ttl=26 time=74.6 ms
08-10 21:49:12.945  5320  5374 D cellinfo: 46 bytes from 44.241.174.93: icmp_seq=285 ttl=26 time=82.9 ms
08-10 21:49:13.145  5320  5374 D cellinfo: 46 bytes from 44.241.174.93: icmp_seq=286 ttl=26 time=82.0 ms
08-10 21:49:13.350  5320  5374 D cellinfo: 46 bytes from 44.241.174.93: icmp_seq=287 ttl=26 time=86.6 ms
08-10 21:49:13.553  5320  5374 D cellinfo: 46 bytes from 44.241.174.93: icmp_seq=288 ttl=26 time=88.6 ms
08-10 21:49:13.747  5320  5374 D cellinfo: 46 bytes from 44.241.174.93: icmp_seq=289 ttl=26 time=82.0 ms
08-10 21:49:13.955  5320  5374 D cellinfo: 46 bytes from 44.241.174.93: icmp_seq=290 ttl=26 time=89.3 ms
08-10 21:49:14.148  5320  5374 D cellinfo: 46 bytes from 44.241.174.93: icmp_seq=291 ttl=26 time=81.1 ms
08-10 21:49:14.347  5320  5374 D cellinfo: 46 bytes from 44.241.174.93: icmp_seq=292 ttl=26 time=79.1 ms
08-10 21:49:14.546  5320  5374 D cellinfo: 46 bytes from 44.241.174.93: icmp_seq=293 ttl=26 time=77.0 ms
08-10 21:49:14.745  5320  5374 D cellinfo: 46 bytes from 44.241.174.93: icmp_seq=294 ttl=26 time=74.9 ms
08-10 21:49:14.861  5320  5320 D cellinfo: Latitude is 41.0349595
08-10 21:49:14.861  5320  5320 D cellinfo: Longitude is -105.4428557
08-10 21:49:14.861  5320  5320 D cellinfo: Instantaneous GPS information: United States, US-287, Tie Siding, WY 82084, USA
08-10 21:49:14.861  5320  5320 D cellinfo: getCurrentLocation() result: Location (success): 41.0349595, -105.4428557
08-10 21:49:14.902  5320  5320 D cellinfo: onCellInfoChanged: Operator: Verizon Wireless UpdateTimestamp: 24588203 CellConnectionStatus: 1
08-10 21:49:14.902  5320  5320 D cellinfo: onCellInfoChanged: LTE Cell Bands: [13] Bandwidth: 10000 Cell ID: 4586754 Physical Cell ID: 370 Tracking Area Code: 4361 EARFCN: 5230
08-10 21:49:14.962  5320  5374 D cellinfo: 46 bytes from 44.241.174.93: icmp_seq=295 ttl=26 time=92.0 ms
08-10 21:49:14.974  5320  5320 D cellinfo: onsignalStrengthsChanged: LTE Signal Strength info: rsrp: -114 rsrq: -12 rssi: -95 rssnr: 4
08-10 21:49:15.216  5320  5374 D cellinfo: 46 bytes from 44.241.174.93: icmp_seq=296 ttl=26 time=145 ms
08-10 21:49:15.348  5320  5374 D cellinfo: 46 bytes from 44.241.174.93: icmp_seq=297 ttl=26 time=76.3 ms
08-10 21:49:15.563  5320  5374 D cellinfo: 46 bytes from 44.241.174.93: icmp_seq=298 ttl=26 time=90.7 ms
08-10 21:49:15.764  5320  5374 D cellinfo: 46 bytes from 44.241.174.93: icmp_seq=299 ttl=26 time=90.5 ms
08-10 21:49:15.957  5320  5374 D cellinfo: 46 bytes from 44.241.174.93: icmp_seq=300 ttl=26 time=83.2 ms
08-10 21:49:16.163  5320  5374 D cellinfo: 46 bytes from 44.241.174.93: icmp_seq=301 ttl=26 time=88.9 ms
08-10 21:49:16.355  5320  5374 D cellinfo: 46 bytes from 44.241.174.93: icmp_seq=302 ttl=26 time=80.1 ms
08-10 21:49:16.556  5320  5374 D cellinfo: 46 bytes from 44.241.174.93: icmp_seq=303 ttl=26 time=80.0 ms
08-10 21:49:16.765  5320  5374 D cellinfo: 46 bytes from 44.241.174.93: icmp_seq=304 ttl=26 time=88.0 ms
08-10 21:49:16.971  5320  5374 D cellinfo: 46 bytes from 44.241.174.93: icmp_seq=305 ttl=26 time=93.2 ms
08-10 21:49:17.161  5320  5374 D cellinfo: 46 bytes from 44.241.174.93: icmp_seq=306 ttl=26 time=82.2 ms
08-10 21:49:17.357  5320  5374 D cellinfo: 46 bytes from 44.241.174.93: icmp_seq=307 ttl=26 time=77.3 ms
08-10 21:49:17.558  5320  5374 D cellinfo: 46 bytes from 44.241.174.93: icmp_seq=308 ttl=26 time=76.4 ms
08-10 21:49:17.773  5320  5374 D cellinfo: 46 bytes from 44.241.174.93: icmp_seq=309 ttl=26 time=90.8 ms
08-10 21:49:17.960  5320  5374 D cellinfo: 46 bytes from 44.241.174.93: icmp_seq=310 ttl=26 time=76.6 ms
08-10 21:49:18.173  5320  5374 D cellinfo: 46 bytes from 44.241.174.93: icmp_seq=311 ttl=26 time=88.9 ms
08-10 21:49:18.347  5320  5320 D cellinfo: Latitude is 41.0346329
08-10 21:49:18.348  5320  5320 D cellinfo: Longitude is -105.4422679
