--------- beginning of main
08-10 23:42:28.978 24975 24975 D cellinfo: Latitude is 39.7255087
08-10 23:42:28.978 24975 24975 D cellinfo: Longitude is -105.052049
08-10 23:42:28.978 24975 24975 D cellinfo: Instantaneous GPS information: United States, 16 W 6th Ave S Dr, Denver, CO 80204, USA
08-10 23:42:28.979 24975 24975 D cellinfo: getCurrentLocation() result: Location (success): 39.7255087, -105.052049
08-10 23:42:28.982 24975 25049 D cellinfo: 46 bytes from 44.241.174.93: icmp_seq=2971 ttl=26 time=72.7 ms
08-10 23:42:28.982 24975 24975 D cellinfo: onCellInfoChanged: Operator: Verizon Wireless UpdateTimestamp: 31381921 CellConnectionStatus: 1
08-10 23:42:28.982 24975 24975 D cellinfo: onCellInfoChanged: LTE Cell Bands: [66, 66, 2] Bandwidth: 10000 Cell ID: 80462634 Physical Cell ID: 128 Tracking Area Code: 3585 EARFCN: 66586
08-10 23:42:28.983 24975 24975 D cellinfo: onsignalStrengthsChanged: LTE Signal Strength info: rsrp: -80 rsrq: -14 rssi: -59 rssnr: -1
08-10 23:42:29.198 24975 25049 D cellinfo: 46 bytes from 44.241.174.93: icmp_seq=2972 ttl=26 time=88.5 ms
08-10 23:42:29.383 24975 25049 D cellinfo: 46 bytes from 44.241.174.93: icmp_seq=2973 ttl=26 time=72.8 ms
08-10 23:42:29.587 24975 25049 D cellinfo: 46 bytes from 44.241.174.93: icmp_seq=2974 ttl=26 time=76.2 ms
08-10 23:42:29.782 24975 25049 D cellinfo: 46 bytes from 44.241.174.93: icmp_seq=2975 ttl=26 time=70.2 ms
08-10 23:42:29.982 24975 25049 D cellinfo: 46 bytes from 44.241.174.93: icmp_seq=2976 ttl=26 time=69.1 ms
08-10 23:42:30.180 24975 25049 D cellinfo: 46 bytes from 44.241.174.93: icmp_seq=2977 ttl=26 time=65.9 ms
08-10 23:42:30.388 24975 25049 D cellinfo: 46 bytes from 44.241.174.93: icmp_seq=2978 ttl=26 time=73.3 ms
08-10 23:42:30.599 24975 25049 D cellinfo: 46 bytes from 44.241.174.93: icmp_seq=2979 ttl=26 time=82.7 ms
08-10 23:42:30.781 24975 25049 D cellinfo: 46 bytes from 44.241.174.93: icmp_seq=2980 ttl=26 time=64.5 ms
08-10 23:42:30.980 24975 25049 D cellinfo: 46 bytes from 44.241.174.93: icmp_seq=2981 ttl=26 time=63.1 ms
08-10 23:42:31.190 24975 25049 D cellinfo: 46 bytes from 44.241.174.93: icmp_seq=2982 ttl=26 time=72.1 ms
08-10 23:42:31.398 24975 25049 D cellinfo: 46 bytes from 44.241.174.93: icmp_seq=2983 ttl=26 time=79.5 ms
08-10 23:42:31.597 24975 25049 D cellinfo: 46 bytes from 44.241.174.93: icmp_seq=2984 ttl=26 time=78.0 ms
08-10 23:42:31.791 24975 25049 D cellinfo: 46 bytes from 44.241.174.93: icmp_seq=2985 ttl=26 time=69.9 ms
08-10 23:42:31.955 24975 24975 D cellinfo: Latitude is 39.7255134
08-10 23:42:31.955 24975 24975 D cellinfo: Longitude is -105.0518218
08-10 23:42:31.955 24975 24975 D cellinfo: Instantaneous GPS information: United States, 16 W 6th Ave S Dr, Denver, CO 80204, USA
08-10 23:42:31.955 24975 24975 D cellinfo: getCurrentLocation() result: Location (success): 39.7255134, -105.0518218
08-10 23:42:31.959 24975 24975 D cellinfo: onCellInfoChanged: Operator: Verizon Wireless UpdateTimestamp: 31384913 CellConnectionStatus: 1
08-10 23:42:31.959 24975 24975 D cellinfo: onCellInfoChanged: LTE Cell Bands: [66, 66, 2] Bandwidth: 10000 Cell ID: 80462634 Physical Cell ID: 128 Tracking Area Code: 3585 EARFCN: 66586
08-10 23:42:31.990 24975 25049 D cellinfo: 46 bytes from 44.241.174.93: icmp_seq=2986 ttl=26 time=68.3 ms
08-10 23:42:32.190 24975 25049 D cellinfo: 46 bytes from 44.241.174.93: icmp_seq=2987 ttl=26 time=68.0 ms
08-10 23:42:32.398 24975 25049 D cellinfo: 46 bytes from 44.241.174.93: icmp_seq=2988 ttl=26 time=75.3 ms
08-10 23:42:32.597 24975 25049 D cellinfo: 46 bytes from 44.241.174.93: icmp_seq=2989 ttl=26 time=73.5 ms
08-10 23:42:32.792 24975 25049 D cellinfo: 46 bytes from 44.241.174.93: icmp_seq=2990 ttl=26 time=68.1 ms
08-10 23:42:32.815 24975 24975 D cellinfo: onsignalStrengthsChanged: LTE Signal Strength info: rsrp: -76 rsrq: -12 rssi: -55 rssnr: -4
08-10 23:42:32.990 24975 25049 D cellinfo: 46 bytes from 44.241.174.93: icmp_seq=2991 ttl=26 time=65.2 ms
08-10 23:42:33.190 24975 25049 D cellinfo: 46 bytes from 44.241.174.93: icmp_seq=2992 ttl=26 time=64.3 ms
08-10 23:42:33.391 24975 25049 D cellinfo: 46 bytes from 44.241.174.93: icmp_seq=2993 ttl=26 time=64.3 ms
08-10 23:42:33.610 24975 25049 D cellinfo: 46 bytes from 44.241.174.93: icmp_seq=2994 ttl=26 time=81.5 ms
08-10 23:42:33.800 24975 25049 D cellinfo: 46 bytes from 44.241.174.93: icmp_seq=2995 ttl=26 time=71.4 ms
08-10 23:42:34.001 24975 25049 D cellinfo: 46 bytes from 44.241.174.93: icmp_seq=2996 ttl=26 time=71.3 ms
08-10 23:42:34.201 24975 25049 D cellinfo: 46 bytes from 44.241.174.93: icmp_seq=2997 ttl=26 time=71.4 ms
08-10 23:42:34.401 24975 25049 D cellinfo: 46 bytes from 44.241.174.93: icmp_seq=2998 ttl=26 time=69.2 ms
08-10 23:42:34.612 24975 25049 D cellinfo: 46 bytes from 44.241.174.93: icmp_seq=2999 ttl=26 time=80.6 ms
08-10 23:42:34.801 24975 25049 D cellinfo: 46 bytes from 44.241.174.93: icmp_seq=3000 ttl=26 time=68.7 ms
08-10 23:42:34.952 24975 24975 D cellinfo: Latitude is 39.7255111
08-10 23:42:34.952 24975 24975 D cellinfo: Longitude is -105.0518929
08-10 23:42:34.952 24975 24975 D cellinfo: Instantaneous GPS information: United States, 16 W 6th Ave S Dr, Denver, CO 80204, USA
08-10 23:42:34.952 24975 24975 D cellinfo: getCurrentLocation() result: Location (success): 39.7255111, -105.0518929
08-10 23:42:34.956 24975 24975 D cellinfo: onCellInfoChanged: Operator: Verizon Wireless UpdateTimestamp: 31387906 CellConnectionStatus: 1
08-10 23:42:34.956 24975 24975 D cellinfo: onCellInfoChanged: LTE Cell Bands: [66, 66, 2] Bandwidth: 10000 Cell ID: 80462634 Physical Cell ID: 128 Tracking Area Code: 3585 EARFCN: 66586
08-10 23:42:34.998 24975 25049 D cellinfo: 46 bytes from 44.241.174.93: icmp_seq=3001 ttl=26 time=65.3 ms
08-10 23:42:35.200 24975 25049 D cellinfo: 46 bytes from 44.241.174.93: icmp_seq=3002 ttl=26 time=65.8 ms
08-10 23:42:35.406 24975 25049 D cellinfo: 46 bytes from 44.241.174.93: icmp_seq=3003 ttl=26 time=71.4 ms
08-10 23:42:35.612 24975 25049 D cellinfo: 46 bytes from 44.241.174.93: icmp_seq=3004 ttl=26 time=76.3 ms
08-10 23:42:35.802 24975 25049 D cellinfo: 46 bytes from 44.241.174.93: icmp_seq=3005 ttl=26 time=65.0 ms
08-10 23:42:36.000 24975 25049 D cellinfo: 46 bytes from 44.241.174.93: icmp_seq=3006 ttl=26 time=62.4 ms
08-10 23:42:36.210 24975 25049 D cellinfo: 46 bytes from 44.241.174.93: icmp_seq=3007 ttl=26 time=72.5 ms
08-10 23:42:36.411 24975 25049 D cellinfo: 46 bytes from 44.241.174.93: icmp_seq=3008 ttl=26 time=72.9 ms
08-10 23:42:36.620 24975 25049 D cellinfo: 46 bytes from 44.241.174.93: icmp_seq=3009 ttl=26 time=80.3 ms
08-10 23:42:36.808 24975 24975 D cellinfo: onsignalStrengthsChanged: LTE Signal Strength info: rsrp: -71 rsrq: -18 rssi: -51 rssnr: 15
08-10 23:42:36.812 24975 25049 D cellinfo: 46 bytes from 44.241.174.93: icmp_seq=3010 ttl=26 time=71.9 ms
08-10 23:42:37.010 24975 25049 D cellinfo: 46 bytes from 44.241.174.93: icmp_seq=3011 ttl=26 time=69.5 ms
08-10 23:42:37.210 24975 25049 D cellinfo: 46 bytes from 44.241.174.93: icmp_seq=3012 ttl=26 time=70.4 ms
08-10 23:42:37.419 24975 25049 D cellinfo: 46 bytes from 44.241.174.93: icmp_seq=3013 ttl=26 time=79.2 ms
08-10 23:42:37.588 24975 24975 D cellinfo: onCellInfoChanged: Operator: Verizon Wireless UpdateTimestamp: 31390890 CellConnectionStatus: 1
08-10 23:42:37.588 24975 24975 D cellinfo: onCellInfoChanged: LTE Cell Bands: [66, 66, 2] Bandwidth: 10000 Cell ID: 80462634 Physical Cell ID: 128 Tracking Area Code: 3585 EARFCN: 66586
08-10 23:42:37.627 24975 25049 D cellinfo: 46 bytes from 44.241.174.93: icmp_seq=3014 ttl=26 time=86.5 ms
08-10 23:42:37.825 24975 25049 D cellinfo: 46 bytes from 44.241.174.93: icmp_seq=3015 ttl=26 time=83.6 ms
08-10 23:42:38.011 24975 25049 D cellinfo: 46 bytes from 44.241.174.93: icmp_seq=3016 ttl=26 time=67.9 ms
08-10 23:42:38.210 24975 25049 D cellinfo: 46 bytes from 44.241.174.93: icmp_seq=3017 ttl=26 time=68.5 ms
08-10 23:42:38.411 24975 25049 D cellinfo: 46 bytes from 44.241.174.93: icmp_seq=3018 ttl=26 time=67.6 ms
08-10 23:42:38.613 24975 25049 D cellinfo: 46 bytes from 44.241.174.93: icmp_seq=3019 ttl=26 time=68.0 ms
08-10 23:42:38.724 24975 24975 D cellinfo: Latitude is 39.7256492
08-10 23:42:38.724 24975 24975 D cellinfo: Longitude is -105.0488281
08-10 23:42:38.724 24975 24975 D cellinfo: Instantaneous GPS information: United States, 4715 W 6th Ave, Denver, CO 80204, USA
08-10 23:42:38.724 24975 24975 D cellinfo: getCurrentLocation() result: Location (success): 39.7256492, -105.0488281
08-10 23:42:38.812 24975 25049 D cellinfo: 46 bytes from 44.241.174.93: icmp_seq=3020 ttl=26 time=67.1 ms
08-10 23:42:39.010 24975 25049 D cellinfo: 46 bytes from 44.241.174.93: icmp_seq=3021 ttl=26 time=64.4 ms
08-10 23:42:39.210 24975 25049 D cellinfo: 46 bytes from 44.241.174.93: icmp_seq=3022 ttl=26 time=64.4 ms
08-10 23:42:39.410 24975 25049 D cellinfo: 46 bytes from 44.241.174.93: icmp_seq=3023 ttl=26 time=64.0 ms
08-10 23:42:39.610 24975 25049 D cellinfo: 46 bytes from 44.241.174.93: icmp_seq=3024 ttl=26 time=63.4 ms
08-10 23:42:39.810 24975 25049 D cellinfo: 46 bytes from 44.241.174.93: icmp_seq=3025 ttl=26 time=62.9 ms
08-10 23:42:40.010 24975 25049 D cellinfo: 46 bytes from 44.241.174.93: icmp_seq=3026 ttl=26 time=62.0 ms
08-10 23:42:40.210 24975 25049 D cellinfo: 46 bytes from 44.241.174.93: icmp_seq=3027 ttl=26 time=62.2 ms
08-10 23:42:40.430 24975 25049 D cellinfo: 46 bytes from 44.241.174.93: icmp_seq=3028 ttl=26 time=80.5 ms
08-10 23:42:40.574 24975 24975 D cellinfo: Latitude is 39.7256492
08-10 23:42:40.574 24975 24975 D cellinfo: Longitude is -105.0488281
08-10 23:42:40.574 24975 24975 D cellinfo: Instantaneous GPS information: United States, 4715 W 6th Ave, Denver, CO 80204, USA
08-10 23:42:40.574 24975 24975 D cellinfo: getCurrentLocation() result: Location (success): 39.7256492, -105.0488281
08-10 23:42:40.615 24975 24975 D cellinfo: onCellInfoChanged: Operator: Verizon Wireless UpdateTimestamp: 31393915 CellConnectionStatus: 1
08-10 23:42:40.615 24975 24975 D cellinfo: onCellInfoChanged: LTE Cell Bands: [66, 66, 2] Bandwidth: 10000 Cell ID: 80462634 Physical Cell ID: 128 Tracking Area Code: 3585 EARFCN: 66586
08-10 23:42:40.620 24975 25049 D cellinfo: 46 bytes from 44.241.174.93: icmp_seq=3029 ttl=26 time=70.9 ms
08-10 23:42:40.805 24975 24975 D cellinfo: onsignalStrengthsChanged: LTE Signal Strength info: rsrp: -72 rsrq: -9 rssi: -55 rssnr: 11
08-10 23:42:40.820 24975 25049 D cellinfo: 46 bytes from 44.241.174.93: icmp_seq=3030 ttl=26 time=70.2 ms
08-10 23:42:41.037 24975 25049 D cellinfo: 46 bytes from 44.241.174.93: icmp_seq=3031 ttl=26 time=86.3 ms
08-10 23:42:41.221 24975 25049 D cellinfo: 46 bytes from 44.241.174.93: icmp_seq=3032 ttl=26 time=69.3 ms
08-10 23:42:41.420 24975 25049 D cellinfo: 46 bytes from 44.241.174.93: icmp_seq=3033 ttl=26 time=67.9 ms
08-10 23:42:41.620 24975 25049 D cellinfo: 46 bytes from 44.241.174.93: icmp_seq=3034 ttl=26 time=67.0 ms
08-10 23:42:41.830 24975 25049 D cellinfo: 46 bytes from 44.241.174.93: icmp_seq=3035 ttl=26 time=76.3 ms
08-10 23:42:42.096 24975 25049 D cellinfo: 46 bytes from 44.241.174.93: icmp_seq=3036 ttl=26 time=140 ms
08-10 23:42:42.096 24975 25049 D cellinfo: 46 bytes from 44.241.174.93: icmp_seq=3036 ttl=26 time=140 ms (DUP!)
08-10 23:42:42.113 24975 24975 D cellinfo: onServiceStateChanged: Channel Number: 66586 Cell Bandwidths: [10000, 10000, 10000]
08-10 23:42:42.217 24975 25049 D cellinfo: 46 bytes from 44.241.174.93: icmp_seq=3037 ttl=26 time=62.7 ms
08-10 23:42:42.427 24975 25049 D cellinfo: 46 bytes from 44.241.174.93: icmp_seq=3038 ttl=26 time=72.3 ms
08-10 23:42:42.627 24975 25049 D cellinfo: 46 bytes from 44.241.174.93: icmp_seq=3039 ttl=26 time=71.0 ms
08-10 23:42:42.828 24975 25049 D cellinfo: 46 bytes from 44.241.174.93: icmp_seq=3040 ttl=26 time=70.6 ms
08-10 23:42:43.027 24975 25049 D cellinfo: 46 bytes from 44.241.174.93: icmp_seq=3041 ttl=26 time=70.0 ms
08-10 23:42:43.227 24975 25049 D cellinfo: 46 bytes from 44.241.174.93: icmp_seq=3042 ttl=26 time=70.1 ms
08-10 23:42:43.427 24975 25049 D cellinfo: 46 bytes from 44.241.174.93: icmp_seq=3043 ttl=26 time=69.1 ms
08-10 23:42:43.627 24975 25049 D cellinfo: 46 bytes from 44.241.174.93: icmp_seq=3044 ttl=26 time=67.9 ms
08-10 23:42:43.836 24975 25049 D cellinfo: 46 bytes from 44.241.174.93: icmp_seq=3045 ttl=26 time=75.7 ms
08-10 23:42:43.935 24975 24975 D cellinfo: Latitude is 39.7256551
08-10 23:42:43.935 24975 24975 D cellinfo: Longitude is -105.0482451
08-10 23:42:43.935 24975 24975 D cellinfo: Instantaneous GPS information: United States, 4709 W 6th Ave, Denver, CO 80204, USA
08-10 23:42:43.935 24975 24975 D cellinfo: getCurrentLocation() result: Location (success): 39.7256551, -105.0482451
08-10 23:42:43.938 24975 24975 D cellinfo: onCellInfoChanged: Operator: Verizon Wireless UpdateTimestamp: 31396913 CellConnectionStatus: 1
08-10 23:42:43.938 24975 24975 D cellinfo: onCellInfoChanged: LTE Cell Bands: [66, 66, 2] Bandwidth: 10000 Cell ID: 80462624 Physical Cell ID: 127 Tracking Area Code: 3585 EARFCN: 66586
08-10 23:42:44.028 24975 25049 D cellinfo: 46 bytes from 44.241.174.93: icmp_seq=3046 ttl=26 time=66.9 ms
08-10 23:42:44.229 24975 25049 D cellinfo: 46 bytes from 44.241.174.93: icmp_seq=3047 ttl=26 time=68.7 ms
08-10 23:42:44.427 24975 25049 D cellinfo: 46 bytes from 44.241.174.93: icmp_seq=3048 ttl=26 time=66.1 ms
08-10 23:42:44.627 24975 25049 D cellinfo: 46 bytes from 44.241.174.93: icmp_seq=3049 ttl=26 time=64.8 ms
08-10 23:42:44.828 24975 25049 D cellinfo: 46 bytes from 44.241.174.93: icmp_seq=3050 ttl=26 time=64.7 ms
08-10 23:42:45.028 24975 25049 D cellinfo: 46 bytes from 44.241.174.93: icmp_seq=3051 ttl=26 time=63.9 ms
08-10 23:42:45.226 24975 25049 D cellinfo: 46 bytes from 44.241.174.93: icmp_seq=3052 ttl=26 time=63.1 ms
08-10 23:42:45.427 24975 25049 D cellinfo: 46 bytes from 44.241.174.93: icmp_seq=3053 ttl=26 time=62.9 ms
08-10 23:42:45.636 24975 25049 D cellinfo: 46 bytes from 44.241.174.93: icmp_seq=3054 ttl=26 time=71.1 ms
08-10 23:42:45.837 24975 25049 D cellinfo: 46 bytes from 44.241.174.93: icmp_seq=3055 ttl=26 time=71.2 ms
08-10 23:42:46.044 24975 24975 D cellinfo: onsignalStrengthsChanged: LTE Signal Strength info: rsrp: -71 rsrq: -9 rssi: -53 rssnr: 15
08-10 23:42:46.044 24975 25049 D cellinfo: 46 bytes from 44.241.174.93: icmp_seq=3056 ttl=26 time=76.9 ms
08-10 23:42:46.237 24975 25049 D cellinfo: 46 bytes from 44.241.174.93: icmp_seq=3057 ttl=26 time=70.2 ms
08-10 23:42:46.437 24975 25049 D cellinfo: 46 bytes from 44.241.174.93: icmp_seq=3058 ttl=26 time=69.2 ms
08-10 23:42:46.645 24975 25049 D cellinfo: 46 bytes from 44.241.174.93: icmp_seq=3059 ttl=26 time=75.9 ms
08-10 23:42:46.837 24975 25049 D cellinfo: 46 bytes from 44.241.174.93: icmp_seq=3060 ttl=26 time=66.6 ms
08-10 23:42:46.937 24975 24975 D cellinfo: Latitude is 39.7256577
08-10 23:42:46.937 24975 24975 D cellinfo: Longitude is -105.0478131
08-10 23:42:46.937 24975 24975 D cellinfo: Instantaneous GPS information: United States, 4703 W 6th Ave, Denver, CO 80204, USA
08-10 23:42:46.937 24975 24975 D cellinfo: getCurrentLocation() result: Location (success): 39.7256577, -105.0478131
08-10 23:42:46.941 24975 24975 D cellinfo: onCellInfoChanged: Operator: Verizon Wireless UpdateTimestamp: 31399911 CellConnectionStatus: 1
08-10 23:42:46.941 24975 24975 D cellinfo: onCellInfoChanged: LTE Cell Bands: [66, 66, 2] Bandwidth: 10000 Cell ID: 80462624 Physical Cell ID: 127 Tracking Area Code: 3585 EARFCN: 66586
08-10 23:42:47.037 24975 25049 D cellinfo: 46 bytes from 44.241.174.93: icmp_seq=3061 ttl=26 time=66.4 ms
08-10 23:42:47.236 24975 25049 D cellinfo: 46 bytes from 44.241.174.93: icmp_seq=3062 ttl=26 time=65.6 ms
08-10 23:42:47.436 24975 25049 D cellinfo: 46 bytes from 44.241.174.93: icmp_seq=3063 ttl=26 time=65.0 ms
08-10 23:42:47.637 24975 25049 D cellinfo: 46 bytes from 44.241.174.93: icmp_seq=3064 ttl=26 time=65.5 ms
08-10 23:42:47.836 24975 25049 D cellinfo: 46 bytes from 44.241.174.93: icmp_seq=3065 ttl=26 time=63.1 ms
08-10 23:42:48.036 24975 25049 D cellinfo: 46 bytes from 44.241.174.93: icmp_seq=3066 ttl=26 time=62.4 ms
08-10 23:42:48.236 24975 25049 D cellinfo: 46 bytes from 44.241.174.93: icmp_seq=3067 ttl=26 time=63.0 ms
08-10 23:42:48.437 24975 25049 D cellinfo: 46 bytes from 44.241.174.93: icmp_seq=3068 ttl=26 time=62.2 ms
08-10 23:42:48.647 24975 25049 D cellinfo: 46 bytes from 44.241.174.93: icmp_seq=3069 ttl=26 time=71.8 ms
08-10 23:42:48.846 24975 25049 D cellinfo: 46 bytes from 44.241.174.93: icmp_seq=3070 ttl=26 time=70.4 ms
08-10 23:42:49.046 24975 25049 D cellinfo: 46 bytes from 44.241.174.93: icmp_seq=3071 ttl=26 time=69.5 ms
08-10 23:42:49.247 24975 25049 D cellinfo: 46 bytes from 44.241.174.93: icmp_seq=3072 ttl=26 time=70.1 ms
08-10 23:42:49.449 24975 25049 D cellinfo: 46 bytes from 44.241.174.93: icmp_seq=3073 ttl=26 time=70.8 ms
08-10 23:42:49.651 24975 25049 D cellinfo: 46 bytes from 44.241.174.93: icmp_seq=3074 ttl=26 time=72.8 ms
08-10 23:42:49.837 24975 25049 D cellinfo: 46 bytes from 44.241.174.93: icmp_seq=3075 ttl=26 time=57.4 ms
08-10 23:42:49.971 24975 24975 D cellinfo: Latitude is 39.7256563
08-10 23:42:49.971 24975 24975 D cellinfo: Longitude is -105.0479194
08-10 23:42:49.971 24975 24975 D cellinfo: Instantaneous GPS information: United States, 4703 W 6th Ave, Denver, CO 80204, USA
08-10 23:42:49.971 24975 24975 D cellinfo: getCurrentLocation() result: Location (success): 39.7256563, -105.0479194
08-10 23:42:49.973 24975 24975 D cellinfo: onCellInfoChanged: Operator: Verizon Wireless UpdateTimestamp: 31402903 CellConnectionStatus: 1
08-10 23:42:49.973 24975 24975 D cellinfo: onCellInfoChanged: LTE Cell Bands: [66, 66, 2] Bandwidth: 10000 Cell ID: 80462624 Physical Cell ID: 127 Tracking Area Code: 3585 EARFCN: 66586
08-10 23:42:50.043 24975 25049 D cellinfo: 46 bytes from 44.241.174.93: icmp_seq=3076 ttl=26 time=62.9 ms
08-10 23:42:50.248 24975 25049 D cellinfo: 46 bytes from 44.241.174.93: icmp_seq=3077 ttl=26 time=69.0 ms
08-10 23:42:50.446 24975 25049 D cellinfo: 46 bytes from 44.241.174.93: icmp_seq=3078 ttl=26 time=66.1 ms
08-10 23:42:50.648 24975 25049 D cellinfo: 46 bytes from 44.241.174.93: icmp_seq=3079 ttl=26 time=67.5 ms
08-10 23:42:50.847 24975 25049 D cellinfo: 46 bytes from 44.241.174.93: icmp_seq=3080 ttl=26 time=65.7 ms
08-10 23:42:51.056 24975 25049 D cellinfo: 46 bytes from 44.241.174.93: icmp_seq=3081 ttl=26 time=73.6 ms
08-10 23:42:51.247 24975 25049 D cellinfo: 46 bytes from 44.241.174.93: icmp_seq=3082 ttl=26 time=65.8 ms
08-10 23:42:51.447 24975 25049 D cellinfo: 46 bytes from 44.241.174.93: icmp_seq=3083 ttl=26 time=65.1 ms
08-10 23:42:51.648 24975 25049 D cellinfo: 46 bytes from 44.241.174.93: icmp_seq=3084 ttl=26 time=65.1 ms
08-10 23:42:51.847 24975 25049 D cellinfo: 46 bytes from 44.241.174.93: icmp_seq=3085 ttl=26 time=63.0 ms
08-10 23:42:52.048 24975 25049 D cellinfo: 46 bytes from 44.241.174.93: icmp_seq=3086 ttl=26 time=63.5 ms
08-10 23:42:52.247 24975 25049 D cellinfo: 46 bytes from 44.241.174.93: icmp_seq=3087 ttl=26 time=63.2 ms
08-10 23:42:52.458 24975 25049 D cellinfo: 46 bytes from 44.241.174.93: icmp_seq=3088 ttl=26 time=72.0 ms
08-10 23:42:52.608 24975 24975 D cellinfo: onCellInfoChanged: Operator: Verizon Wireless UpdateTimestamp: 31405909 CellConnectionStatus: 1
08-10 23:42:52.608 24975 24975 D cellinfo: onCellInfoChanged: LTE Cell Bands: [66, 66, 2] Bandwidth: 10000 Cell ID: 80462624 Physical Cell ID: 127 Tracking Area Code: 3585 EARFCN: 66586
08-10 23:42:52.659 24975 25049 D cellinfo: 46 bytes from 44.241.174.93: icmp_seq=3089 ttl=26 time=73.2 ms
08-10 23:42:52.858 24975 25049 D cellinfo: 46 bytes from 44.241.174.93: icmp_seq=3090 ttl=26 time=71.0 ms
08-10 23:42:53.049 24975 25049 D cellinfo: 46 bytes from 44.241.174.93: icmp_seq=3091 ttl=26 time=61.3 ms
08-10 23:42:53.256 24975 25049 D cellinfo: 46 bytes from 44.241.174.93: icmp_seq=3092 ttl=26 time=68.4 ms
08-10 23:42:53.466 24975 25049 D cellinfo: 46 bytes from 44.241.174.93: icmp_seq=3093 ttl=26 time=75.8 ms
08-10 23:42:53.649 24975 25049 D cellinfo: 46 bytes from 44.241.174.93: icmp_seq=3094 ttl=26 time=59.0 ms
08-10 23:42:53.685 24975 24975 D cellinfo: Latitude is 39.7256226
08-10 23:42:53.685 24975 24975 D cellinfo: Longitude is -105.0444444
08-10 23:42:53.685 24975 24975 D cellinfo: Instantaneous GPS information: United States, 581 Tennyson St, Denver, CO 80204, USA
08-10 23:42:53.685 24975 24975 D cellinfo: getCurrentLocation() result: Location (success): 39.7256226, -105.0444444
08-10 23:42:53.867 24975 25049 D cellinfo: 46 bytes from 44.241.174.93: icmp_seq=3095 ttl=26 time=76.2 ms
08-10 23:42:54.056 24975 25049 D cellinfo: 46 bytes from 44.241.174.93: icmp_seq=3096 ttl=26 time=64.5 ms
08-10 23:42:54.257 24975 25049 D cellinfo: 46 bytes from 44.241.174.93: icmp_seq=3097 ttl=26 time=65.4 ms
08-10 23:42:54.465 24975 25049 D cellinfo: 46 bytes from 44.241.174.93: icmp_seq=3098 ttl=26 time=72.3 ms
08-10 23:42:54.662 24975 25049 D cellinfo: 46 bytes from 44.241.174.93: icmp_seq=3099 ttl=26 time=67.3 ms
08-10 23:42:54.857 24975 25049 D cellinfo: 46 bytes from 44.241.174.93: icmp_seq=3100 ttl=26 time=63.0 ms
08-10 23:42:55.075 24975 25049 D cellinfo: 46 bytes from 44.241.174.93: icmp_seq=3101 ttl=26 time=79.9 ms
08-10 23:42:55.271 24975 25049 D cellinfo: 46 bytes from 44.241.174.93: icmp_seq=3102 ttl=26 time=75.3 ms
08-10 23:42:55.468 24975 25049 D cellinfo: 46 bytes from 44.241.174.93: icmp_seq=3103 ttl=26 time=71.1 ms
08-10 23:42:55.567 24975 24975 D cellinfo: Latitude is 39.7256226
08-10 23:42:55.567 24975 24975 D cellinfo: Longitude is -105.0444444
08-10 23:42:55.567 24975 24975 D cellinfo: Instantaneous GPS information: United States, 581 Tennyson St, Denver, CO 80204, USA
08-10 23:42:55.567 24975 24975 D cellinfo: getCurrentLocation() result: Location (success): 39.7256226, -105.0444444
08-10 23:42:55.612 24975 24975 D cellinfo: onCellInfoChanged: Operator: Verizon Wireless UpdateTimestamp: 31408914 CellConnectionStatus: 1
08-10 23:42:55.612 24975 24975 D cellinfo: onCellInfoChanged: LTE Cell Bands: [66, 66, 2] Bandwidth: 10000 Cell ID: 80462624 Physical Cell ID: 127 Tracking Area Code: 3585 EARFCN: 66586
08-10 23:42:55.671 24975 25049 D cellinfo: 46 bytes from 44.241.174.93: icmp_seq=3104 ttl=26 time=74.3 ms
08-10 23:42:55.855 24975 25049 D cellinfo: 46 bytes from 44.241.174.93: icmp_seq=3105 ttl=26 time=57.6 ms
08-10 23:42:56.067 24975 25049 D cellinfo: 46 bytes from 44.241.174.93: icmp_seq=3106 ttl=26 time=69.4 ms
08-10 23:42:56.268 24975 25049 D cellinfo: 46 bytes from 44.241.174.93: icmp_seq=3107 ttl=26 time=70.3 ms
08-10 23:42:56.468 24975 25049 D cellinfo: 46 bytes from 44.241.174.93: icmp_seq=3108 ttl=26 time=69.2 ms
08-10 23:42:56.669 24975 25049 D cellinfo: 46 bytes from 44.241.174.93: icmp_seq=3109 ttl=26 time=68.2 ms
08-10 23:42:56.869 24975 25049 D cellinfo: 46 bytes from 44.241.174.93: icmp_seq=3110 ttl=26 time=68.0 ms
08-10 23:42:57.072 24975 25049 D cellinfo: 46 bytes from 44.241.174.93: icmp_seq=3111 ttl=26 time=69.0 ms
08-10 23:42:57.266 24975 25049 D cellinfo: 46 bytes from 44.241.174.93: icmp_seq=3112 ttl=26 time=63.2 ms
08-10 23:42:57.479 24975 25049 D cellinfo: 46 bytes from 44.241.174.93: icmp_seq=3113 ttl=26 time=74.3 ms
08-10 23:42:57.683 24975 25049 D cellinfo: 46 bytes from 44.241.174.93: icmp_seq=3114 ttl=26 time=78.1 ms
08-10 23:42:57.880 24975 25049 D cellinfo: 46 bytes from 44.241.174.93: icmp_seq=3115 ttl=26 time=73.1 ms
08-10 23:42:58.086 24975 25049 D cellinfo: 46 bytes from 44.241.174.93: icmp_seq=3116 ttl=26 time=78.1 ms
08-10 23:42:58.280 24975 25049 D cellinfo: 46 bytes from 44.241.174.93: icmp_seq=3117 ttl=26 time=71.1 ms
08-10 23:42:58.480 24975 25049 D cellinfo: 46 bytes from 44.241.174.93: icmp_seq=3118 ttl=26 time=70.0 ms
08-10 23:42:58.681 24975 25049 D cellinfo: 46 bytes from 44.241.174.93: icmp_seq=3119 ttl=26 time=71.5 ms
08-10 23:42:58.879 24975 25049 D cellinfo: 46 bytes from 44.241.174.93: icmp_seq=3120 ttl=26 time=67.1 ms
08-10 23:42:58.986 24975 24975 D cellinfo: Latitude is 39.7256302
08-10 23:42:58.986 24975 24975 D cellinfo: Longitude is -105.0438716
08-10 23:42:58.986 24975 24975 D cellinfo: Instantaneous GPS information: United States, 601 Tennyson St, Denver, CO 80204, USA
08-10 23:42:58.986 24975 24975 D cellinfo: getCurrentLocation() result: Location (success): 39.7256302, -105.0438716
08-10 23:42:58.990 24975 24975 D cellinfo: onCellInfoChanged: Operator: Verizon Wireless UpdateTimestamp: 31411909 CellConnectionStatus: 1
08-10 23:42:58.990 24975 24975 D cellinfo: onCellInfoChanged: LTE Cell Bands: [66, 66, 2] Bandwidth: 10000 Cell ID: 80462624 Physical Cell ID: 127 Tracking Area Code: 3585 EARFCN: 66586
08-10 23:42:59.037 24975 24975 D cellinfo: onsignalStrengthsChanged: LTE Signal Strength info: rsrp: -80 rsrq: -8 rssi: -65 rssnr: 12
08-10 23:42:59.077 24975 25049 D cellinfo: 46 bytes from 44.241.174.93: icmp_seq=3121 ttl=26 time=65.8 ms
08-10 23:42:59.277 24975 25049 D cellinfo: 46 bytes from 44.241.174.93: icmp_seq=3122 ttl=26 time=65.6 ms
08-10 23:42:59.477 24975 25049 D cellinfo: 46 bytes from 44.241.174.93: icmp_seq=3123 ttl=26 time=64.2 ms
08-10 23:42:59.678 24975 25049 D cellinfo: 46 bytes from 44.241.174.93: icmp_seq=3124 ttl=26 time=64.4 ms
08-10 23:42:59.892 24975 25049 D cellinfo: 46 bytes from 44.241.174.93: icmp_seq=3125 ttl=26 time=76.3 ms
08-10 23:43:00.089 24975 25049 D cellinfo: 46 bytes from 44.241.174.93: icmp_seq=3126 ttl=26 time=72.2 ms
08-10 23:43:00.289 24975 25049 D cellinfo: 46 bytes from 44.241.174.93: icmp_seq=3127 ttl=26 time=72.3 ms
08-10 23:43:00.486 24975 25049 D cellinfo: 46 bytes from 44.241.174.93: icmp_seq=3128 ttl=26 time=68.3 ms
08-10 23:43:00.688 24975 25049 D cellinfo: 46 bytes from 44.241.174.93: icmp_seq=3129 ttl=26 time=69.4 ms
08-10 23:43:00.888 24975 25049 D cellinfo: 46 bytes from 44.241.174.93: icmp_seq=3130 ttl=26 time=67.7 ms
08-10 23:43:01.087 24975 25049 D cellinfo: 46 bytes from 44.241.174.93: icmp_seq=3131 ttl=26 time=66.8 ms
08-10 23:43:01.287 24975 25049 D cellinfo: 46 bytes from 44.241.174.93: icmp_seq=3132 ttl=26 time=65.7 ms
08-10 23:43:01.488 24975 25049 D cellinfo: 46 bytes from 44.241.174.93: icmp_seq=3133 ttl=26 time=65.5 ms
08-10 23:43:01.698 24975 25049 D cellinfo: 46 bytes from 44.241.174.93: icmp_seq=3134 ttl=26 time=76.2 ms
08-10 23:43:01.902 24975 25049 D cellinfo: 46 bytes from 44.241.174.93: icmp_seq=3135 ttl=26 time=78.3 ms
08-10 23:43:01.973 24975 24975 D cellinfo: Latitude is 39.7256352
08-10 23:43:01.973 24975 24975 D cellinfo: Longitude is -105.0434798
08-10 23:43:01.973 24975 24975 D cellinfo: Instantaneous GPS information: United States, 600 Tennyson St, Denver, CO 80204, USA
08-10 23:43:01.973 24975 24975 D cellinfo: getCurrentLocation() result: Location (success): 39.7256352, -105.0434798
08-10 23:43:01.977 24975 24975 D cellinfo: onCellInfoChanged: Operator: Verizon Wireless UpdateTimestamp: 31414914 CellConnectionStatus: 1
08-10 23:43:01.977 24975 24975 D cellinfo: onCellInfoChanged: LTE Cell Bands: [66, 66, 2] Bandwidth: 10000 Cell ID: 80462624 Physical Cell ID: 127 Tracking Area Code: 3585 EARFCN: 66586
08-10 23:43:02.095 24975 25049 D cellinfo: 46 bytes from 44.241.174.93: icmp_seq=3136 ttl=26 time=71.7 ms
08-10 23:43:02.296 24975 25049 D cellinfo: 46 bytes from 44.241.174.93: icmp_seq=3137 ttl=26 time=72.3 ms
08-10 23:43:02.496 24975 25049 D cellinfo: 46 bytes from 44.241.174.93: icmp_seq=3138 ttl=26 time=71.6 ms
08-10 23:43:02.696 24975 25049 D cellinfo: 46 bytes from 44.241.174.93: icmp_seq=3139 ttl=26 time=70.1 ms
08-10 23:43:02.906 24975 25049 D cellinfo: 46 bytes from 44.241.174.93: icmp_seq=3140 ttl=26 time=78.3 ms
08-10 23:43:03.042 24975 24975 D cellinfo: onsignalStrengthsChanged: LTE Signal Strength info: rsrp: -94 rsrq: -14 rssi: -71 rssnr: 5
08-10 23:43:03.108 24975 25049 D cellinfo: 46 bytes from 44.241.174.93: icmp_seq=3141 ttl=26 time=79.1 ms
08-10 23:43:03.296 24975 25049 D cellinfo: 46 bytes from 44.241.174.93: icmp_seq=3142 ttl=26 time=67.3 ms
08-10 23:43:03.514 24975 25049 D cellinfo: 46 bytes from 44.241.174.93: icmp_seq=3143 ttl=26 time=83.5 ms
08-10 23:43:03.720 24975 25049 D cellinfo: 46 bytes from 44.241.174.93: icmp_seq=3144 ttl=26 time=89.8 ms
08-10 23:43:03.896 24975 25049 D cellinfo: 46 bytes from 44.241.174.93: icmp_seq=3145 ttl=26 time=65.3 ms
08-10 23:43:04.103 24975 25049 D cellinfo: 46 bytes from 44.241.174.93: icmp_seq=3146 ttl=26 time=71.2 ms
08-10 23:43:04.182 24975 24975 D cellinfo: onServiceStateChanged: Channel Number: 66586 Cell Bandwidths: [10000, 10000, 10000]
08-10 23:43:04.192 24975 25049 D cellinfo: 46 bytes from 44.241.174.93: icmp_seq=3146 ttl=26 time=160 ms (DUP!)
08-10 23:43:04.300 24975 25049 D cellinfo: 46 bytes from 44.241.174.93: icmp_seq=3147 ttl=26 time=66.7 ms
08-10 23:43:04.499 24975 25049 D cellinfo: 46 bytes from 44.241.174.93: icmp_seq=3148 ttl=26 time=65.7 ms
08-10 23:43:04.704 24975 25049 D cellinfo: 46 bytes from 44.241.174.93: icmp_seq=3149 ttl=26 time=69.5 ms
08-10 23:43:04.901 24975 25049 D cellinfo: 46 bytes from 44.241.174.93: icmp_seq=3150 ttl=26 time=65.3 ms
08-10 23:43:05.008 24975 24975 D cellinfo: Latitude is 39.7256333
08-10 23:43:05.008 24975 24975 D cellinfo: Longitude is -105.043599
08-10 23:43:05.008 24975 24975 D cellinfo: Instantaneous GPS information: United States, 600 Tennyson St, Denver, CO 80204, USA
08-10 23:43:05.008 24975 24975 D cellinfo: getCurrentLocation() result: Location (success): 39.7256333, -105.043599
08-10 23:43:05.012 24975 24975 D cellinfo: onCellInfoChanged: Operator: Verizon Wireless UpdateTimestamp: 31417910 CellConnectionStatus: 1
08-10 23:43:05.012 24975 24975 D cellinfo: onCellInfoChanged: LTE Cell Bands: [66, 66, 2] Bandwidth: 10000 Cell ID: 80462614 Physical Cell ID: 47 Tracking Area Code: 3585 EARFCN: 66586
08-10 23:43:05.100 24975 25049 D cellinfo: 46 bytes from 44.241.174.93: icmp_seq=3151 ttl=26 time=65.3 ms
08-10 23:43:05.307 24975 25049 D cellinfo: 46 bytes from 44.241.174.93: icmp_seq=3152 ttl=26 time=71.3 ms
08-10 23:43:05.500 24975 25049 D cellinfo: 46 bytes from 44.241.174.93: icmp_seq=3153 ttl=26 time=62.6 ms
08-10 23:43:05.710 24975 25049 D cellinfo: 46 bytes from 44.241.174.93: icmp_seq=3154 ttl=26 time=71.3 ms
08-10 23:43:05.909 24975 25049 D cellinfo: 46 bytes from 44.241.174.93: icmp_seq=3155 ttl=26 time=69.8 ms
08-10 23:43:06.111 24975 25049 D cellinfo: 46 bytes from 44.241.174.93: icmp_seq=3156 ttl=26 time=71.2 ms
08-10 23:43:06.123 24975 24975 D cellinfo: onsignalStrengthsChanged: LTE Signal Strength info: rsrp: -78 rsrq: -11 rssi: -59 rssnr: 9
08-10 23:43:06.310 24975 25049 D cellinfo: 46 bytes from 44.241.174.93: icmp_seq=3157 ttl=26 time=69.4 ms
08-10 23:43:06.510 24975 25049 D cellinfo: 46 bytes from 44.241.174.93: icmp_seq=3158 ttl=26 time=67.9 ms
08-10 23:43:06.710 24975 25049 D cellinfo: 46 bytes from 44.241.174.93: icmp_seq=3159 ttl=26 time=66.7 ms
08-10 23:43:06.909 24975 25049 D cellinfo: 46 bytes from 44.241.174.93: icmp_seq=3160 ttl=26 time=65.3 ms
08-10 23:43:07.110 24975 25049 D cellinfo: 46 bytes from 44.241.174.93: icmp_seq=3161 ttl=26 time=64.5 ms
08-10 23:43:07.311 24975 25049 D cellinfo: 46 bytes from 44.241.174.93: icmp_seq=3162 ttl=26 time=64.7 ms
08-10 23:43:07.510 24975 25049 D cellinfo: 46 bytes from 44.241.174.93: icmp_seq=3163 ttl=26 time=63.3 ms
08-10 23:43:07.607 24975 24975 D cellinfo: onCellInfoChanged: Operator: Verizon Wireless UpdateTimestamp: 31420907 CellConnectionStatus: 1
08-10 23:43:07.607 24975 24975 D cellinfo: onCellInfoChanged: LTE Cell Bands: [66, 66, 2] Bandwidth: 10000 Cell ID: 80462614 Physical Cell ID: 47 Tracking Area Code: 3585 EARFCN: 66586
08-10 23:43:07.702 24975 25049 D cellinfo: 46 bytes from 44.241.174.93: icmp_seq=3164 ttl=26 time=55.2 ms
08-10 23:43:07.920 24975 25049 D cellinfo: 46 bytes from 44.241.174.93: icmp_seq=3165 ttl=26 time=71.6 ms
08-10 23:43:08.121 24975 25049 D cellinfo: 46 bytes from 44.241.174.93: icmp_seq=3166 ttl=26 time=71.9 ms
08-10 23:43:08.318 24975 25049 D cellinfo: 46 bytes from 44.241.174.93: icmp_seq=3167 ttl=26 time=68.1 ms
08-10 23:43:08.521 24975 25049 D cellinfo: 46 bytes from 44.241.174.93: icmp_seq=3168 ttl=26 time=69.1 ms
08-10 23:43:08.628 24975 24975 D cellinfo: Latitude is 39.7256075
08-10 23:43:08.628 24975 24975 D cellinfo: Longitude is -105.0401479
08-10 23:43:08.628 24975 24975 D cellinfo: Instantaneous GPS information: United States, 540 Quitman St, Denver, CO 80204, USA
08-10 23:43:08.628 24975 24975 D cellinfo: getCurrentLocation() result: Location (success): 39.7256075, -105.0401479
08-10 23:43:08.719 24975 25049 D cellinfo: 46 bytes from 44.241.174.93: icmp_seq=3169 ttl=26 time=67.4 ms
08-10 23:43:08.919 24975 25049 D cellinfo: 46 bytes from 44.241.174.93: icmp_seq=3170 ttl=26 time=66.4 ms
08-10 23:43:09.123 24975 25049 D cellinfo: 46 bytes from 44.241.174.93: icmp_seq=3171 ttl=26 time=68.4 ms
08-10 23:43:09.328 24975 25049 D cellinfo: 46 bytes from 44.241.174.93: icmp_seq=3172 ttl=26 time=72.2 ms
08-10 23:43:09.528 24975 25049 D cellinfo: 46 bytes from 44.241.174.93: icmp_seq=3173 ttl=26 time=71.0 ms
08-10 23:43:09.720 24975 25049 D cellinfo: 46 bytes from 44.241.174.93: icmp_seq=3174 ttl=26 time=62.2 ms
08-10 23:43:09.931 24975 25049 D cellinfo: 46 bytes from 44.241.174.93: icmp_seq=3175 ttl=26 time=72.1 ms
08-10 23:43:10.127 24975 24975 D cellinfo: onsignalStrengthsChanged: LTE Signal Strength info: rsrp: -83 rsrq: -10 rssi: -65 rssnr: 21
08-10 23:43:10.130 24975 25049 D cellinfo: 46 bytes from 44.241.174.93: icmp_seq=3176 ttl=26 time=70.5 ms
08-10 23:43:10.331 24975 25049 D cellinfo: 46 bytes from 44.241.174.93: icmp_seq=3177 ttl=26 time=70.5 ms
08-10 23:43:10.529 24975 25049 D cellinfo: 46 bytes from 44.241.174.93: icmp_seq=3178 ttl=26 time=69.1 ms
08-10 23:43:10.569 24975 24975 D cellinfo: Latitude is 39.7256075
08-10 23:43:10.569 24975 24975 D cellinfo: Longitude is -105.0401479
08-10 23:43:10.569 24975 24975 D cellinfo: Instantaneous GPS information: United States, 540 Quitman St, Denver, CO 80204, USA
08-10 23:43:10.569 24975 24975 D cellinfo: getCurrentLocation() result: Location (success): 39.7256075, -105.0401479
08-10 23:43:10.611 24975 24975 D cellinfo: onCellInfoChanged: Operator: Verizon Wireless UpdateTimestamp: 31423912 CellConnectionStatus: 1
08-10 23:43:10.611 24975 24975 D cellinfo: onCellInfoChanged: LTE Cell Bands: [66, 66, 2] Bandwidth: 10000 Cell ID: 80462614 Physical Cell ID: 47 Tracking Area Code: 3585 EARFCN: 66586
08-10 23:43:10.748 24975 25049 D cellinfo: 46 bytes from 44.241.174.93: icmp_seq=3179 ttl=26 time=86.4 ms
08-10 23:43:10.929 24975 25049 D cellinfo: 46 bytes from 44.241.174.93: icmp_seq=3180 ttl=26 time=67.9 ms
08-10 23:43:11.130 24975 25049 D cellinfo: 46 bytes from 44.241.174.93: icmp_seq=3181 ttl=26 time=67.1 ms
08-10 23:43:11.330 24975 25049 D cellinfo: 46 bytes from 44.241.174.93: icmp_seq=3182 ttl=26 time=66.3 ms
08-10 23:43:11.530 24975 25049 D cellinfo: 46 bytes from 44.241.174.93: icmp_seq=3183 ttl=26 time=66.1 ms
08-10 23:43:11.730 24975 25049 D cellinfo: 46 bytes from 44.241.174.93: icmp_seq=3184 ttl=26 time=63.8 ms
08-10 23:43:11.938 24975 25049 D cellinfo: 46 bytes from 44.241.174.93: icmp_seq=3185 ttl=26 time=71.2 ms
08-10 23:43:12.140 24975 25049 D cellinfo: 46 bytes from 44.241.174.93: icmp_seq=3186 ttl=26 time=72.1 ms
08-10 23:43:12.340 24975 25049 D cellinfo: 46 bytes from 44.241.174.93: icmp_seq=3187 ttl=26 time=71.3 ms
08-10 23:43:12.541 24975 25049 D cellinfo: 46 bytes from 44.241.174.93: icmp_seq=3188 ttl=26 time=71.3 ms
08-10 23:43:12.740 24975 25049 D cellinfo: 46 bytes from 44.241.174.93: icmp_seq=3189 ttl=26 time=69.1 ms
08-10 23:43:12.941 24975 25049 D cellinfo: 46 bytes from 44.241.174.93: icmp_seq=3190 ttl=26 time=69.4 ms
08-10 23:43:13.148 24975 25049 D cellinfo: 46 bytes from 44.241.174.93: icmp_seq=3191 ttl=26 time=75.7 ms
08-10 23:43:13.340 24975 25049 D cellinfo: 46 bytes from 44.241.174.93: icmp_seq=3192 ttl=26 time=67.4 ms
08-10 23:43:13.540 24975 25049 D cellinfo: 46 bytes from 44.241.174.93: icmp_seq=3193 ttl=26 time=66.1 ms
08-10 23:43:13.743 24975 25049 D cellinfo: 46 bytes from 44.241.174.93: icmp_seq=3194 ttl=26 time=68.8 ms
08-10 23:43:13.941 24975 25049 D cellinfo: 46 bytes from 44.241.174.93: icmp_seq=3195 ttl=26 time=65.4 ms
08-10 23:43:13.968 24975 24975 D cellinfo: Latitude is 39.7256072
08-10 23:43:13.968 24975 24975 D cellinfo: Longitude is -105.0394604
08-10 23:43:13.968 24975 24975 D cellinfo: Instantaneous GPS information: United States, 540 Perry St, Denver, CO 80204, USA
08-10 23:43:13.968 24975 24975 D cellinfo: getCurrentLocation() result: Location (success): 39.7256072, -105.0394604
08-10 23:43:13.974 24975 24975 D cellinfo: onCellInfoChanged: Operator: Verizon Wireless UpdateTimestamp: 31426916 CellConnectionStatus: 1
08-10 23:43:13.974 24975 24975 D cellinfo: onCellInfoChanged: LTE Cell Bands: [66, 66, 2] Bandwidth: 10000 Cell ID: 80462614 Physical Cell ID: 47 Tracking Area Code: 3585 EARFCN: 66586
08-10 23:43:14.139 24975 25049 D cellinfo: 46 bytes from 44.241.174.93: icmp_seq=3196 ttl=26 time=63.8 ms
08-10 23:43:14.342 24975 25049 D cellinfo: 46 bytes from 44.241.174.93: icmp_seq=3197 ttl=26 time=65.3 ms
08-10 23:43:14.540 24975 25049 D cellinfo: 46 bytes from 44.241.174.93: icmp_seq=3198 ttl=26 time=62.4 ms
08-10 23:43:14.741 24975 25049 D cellinfo: 46 bytes from 44.241.174.93: icmp_seq=3199 ttl=26 time=63.2 ms
08-10 23:43:14.951 24975 25049 D cellinfo: 46 bytes from 44.241.174.93: icmp_seq=3200 ttl=26 time=72.2 ms
08-10 23:43:15.151 24975 25049 D cellinfo: 46 bytes from 44.241.174.93: icmp_seq=3201 ttl=26 time=71.1 ms
08-10 23:43:15.351 24975 25049 D cellinfo: 46 bytes from 44.241.174.93: icmp_seq=3202 ttl=26 time=70.3 ms
08-10 23:43:15.550 24975 25049 D cellinfo: 46 bytes from 44.241.174.93: icmp_seq=3203 ttl=26 time=67.9 ms
08-10 23:43:15.750 24975 25049 D cellinfo: 46 bytes from 44.241.174.93: icmp_seq=3204 ttl=26 time=67.2 ms
08-10 23:43:15.950 24975 25049 D cellinfo: 46 bytes from 44.241.174.93: icmp_seq=3205 ttl=26 time=66.3 ms
08-10 23:43:16.154 24975 25049 D cellinfo: 46 bytes from 44.241.174.93: icmp_seq=3206 ttl=26 time=69.0 ms
08-10 23:43:16.353 24975 25049 D cellinfo: 46 bytes from 44.241.174.93: icmp_seq=3207 ttl=26 time=64.4 ms
08-10 23:43:16.550 24975 25049 D cellinfo: 46 bytes from 44.241.174.93: icmp_seq=3208 ttl=26 time=64.1 ms
08-10 23:43:16.751 24975 25049 D cellinfo: 46 bytes from 44.241.174.93: icmp_seq=3209 ttl=26 time=64.5 ms
08-10 23:43:16.931 24975 24975 D cellinfo: Latitude is 39.7256068
08-10 23:43:16.931 24975 24975 D cellinfo: Longitude is -105.0389936
08-10 23:43:16.931 24975 24975 D cellinfo: Instantaneous GPS information: United States, 540 Perry St, Denver, CO 80204, USA
08-10 23:43:16.931 24975 24975 D cellinfo: getCurrentLocation() result: Location (success): 39.7256068, -105.0389936
08-10 23:43:16.934 24975 24975 D cellinfo: onCellInfoChanged: Operator: Verizon Wireless UpdateTimestamp: 31429906 CellConnectionStatus: 1
08-10 23:43:16.934 24975 24975 D cellinfo: onCellInfoChanged: LTE Cell Bands: [66, 66, 2] Bandwidth: 10000 Cell ID: 80462614 Physical Cell ID: 47 Tracking Area Code: 3585 EARFCN: 66586
08-10 23:43:16.966 24975 25049 D cellinfo: 46 bytes from 44.241.174.93: icmp_seq=3210 ttl=26 time=78.1 ms
08-10 23:43:17.161 24975 25049 D cellinfo: 46 bytes from 44.241.174.93: icmp_seq=3211 ttl=26 time=71.8 ms
08-10 23:43:17.368 24975 25049 D cellinfo: 46 bytes from 44.241.174.93: icmp_seq=3212 ttl=26 time=78.1 ms
08-10 23:43:17.560 24975 25049 D cellinfo: 46 bytes from 44.241.174.93: icmp_seq=3213 ttl=26 time=69.8 ms
08-10 23:43:17.760 24975 25049 D cellinfo: 46 bytes from 44.241.174.93: icmp_seq=3214 ttl=26 time=68.7 ms
08-10 23:43:17.965 24975 25049 D cellinfo: 46 bytes from 44.241.174.93: icmp_seq=3215 ttl=26 time=73.2 ms
08-10 23:43:18.160 24975 25049 D cellinfo: 46 bytes from 44.241.174.93: icmp_seq=3216 ttl=26 time=67.5 ms
08-10 23:43:18.362 24975 25049 D cellinfo: 46 bytes from 44.241.174.93: icmp_seq=3217 ttl=26 time=69.2 ms
08-10 23:43:18.569 24975 25049 D cellinfo: 46 bytes from 44.241.174.93: icmp_seq=3218 ttl=26 time=74.9 ms
08-10 23:43:18.768 24975 25049 D cellinfo: 46 bytes from 44.241.174.93: icmp_seq=3219 ttl=26 time=72.9 ms
08-10 23:43:18.968 24975 25049 D cellinfo: 46 bytes from 44.241.174.93: icmp_seq=3220 ttl=26 time=72.5 ms
08-10 23:43:19.160 24975 25049 D cellinfo: 46 bytes from 44.241.174.93: icmp_seq=3221 ttl=26 time=63.6 ms
08-10 23:43:19.368 24975 25049 D cellinfo: 46 bytes from 44.241.174.93: icmp_seq=3222 ttl=26 time=71.3 ms
08-10 23:43:19.568 24975 25049 D cellinfo: 46 bytes from 44.241.174.93: icmp_seq=3223 ttl=26 time=70.7 ms
08-10 23:43:19.761 24975 25049 D cellinfo: 46 bytes from 44.241.174.93: icmp_seq=3224 ttl=26 time=63.6 ms
08-10 23:43:19.973 24975 25049 D cellinfo: 46 bytes from 44.241.174.93: icmp_seq=3225 ttl=26 time=73.1 ms
08-10 23:43:20.030 24975 24975 D cellinfo: Latitude is 39.7256062
08-10 23:43:20.030 24975 24975 D cellinfo: Longitude is -105.0391281
08-10 23:43:20.030 24975 24975 D cellinfo: Instantaneous GPS information: United States, 540 Perry St, Denver, CO 80204, USA
08-10 23:43:20.030 24975 24975 D cellinfo: getCurrentLocation() result: Location (success): 39.7256062, -105.0391281
08-10 23:43:20.042 24975 24975 D cellinfo: onCellInfoChanged: Operator: Verizon Wireless UpdateTimestamp: 31432908 CellConnectionStatus: 1
08-10 23:43:20.042 24975 24975 D cellinfo: onCellInfoChanged: LTE Cell Bands: [66, 66, 2] Bandwidth: 10000 Cell ID: 80462614 Physical Cell ID: 47 Tracking Area Code: 3585 EARFCN: 66586
08-10 23:43:20.178 24975 25049 D cellinfo: 46 bytes from 44.241.174.93: icmp_seq=3226 ttl=26 time=77.0 ms
08-10 23:43:20.378 24975 25049 D cellinfo: 46 bytes from 44.241.174.93: icmp_seq=3227 ttl=26 time=76.3 ms
08-10 23:43:20.578 24975 25049 D cellinfo: 46 bytes from 44.241.174.93: icmp_seq=3228 ttl=26 time=75.3 ms
08-10 23:43:20.776 24975 25049 D cellinfo: 46 bytes from 44.241.174.93: icmp_seq=3229 ttl=26 time=72.4 ms
08-10 23:43:20.970 24975 25049 D cellinfo: 46 bytes from 44.241.174.93: icmp_seq=3230 ttl=26 time=66.0 ms
08-10 23:43:21.124 24975 24975 D cellinfo: onsignalStrengthsChanged: LTE Signal Strength info: rsrp: -71 rsrq: -10 rssi: -53 rssnr: 9
08-10 23:43:21.186 24975 25049 D cellinfo: 46 bytes from 44.241.174.93: icmp_seq=3231 ttl=26 time=82.2 ms
08-10 23:43:21.371 24975 25049 D cellinfo: 46 bytes from 44.241.174.93: icmp_seq=3232 ttl=26 time=65.5 ms
08-10 23:43:21.570 24975 25049 D cellinfo: 46 bytes from 44.241.174.93: icmp_seq=3233 ttl=26 time=63.3 ms
08-10 23:43:21.879 24975 25049 D cellinfo: 46 bytes from 44.241.174.93: icmp_seq=3234 ttl=26 time=171 ms
08-10 23:43:22.127 24975 25049 D cellinfo: 46 bytes from 44.241.174.93: icmp_seq=3235 ttl=26 time=218 ms
08-10 23:43:22.189 24975 25049 D cellinfo: 46 bytes from 44.241.174.93: icmp_seq=3236 ttl=26 time=76.7 ms
08-10 23:43:22.389 24975 25049 D cellinfo: 46 bytes from 44.241.174.93: icmp_seq=3237 ttl=26 time=76.2 ms
08-10 23:43:22.609 24975 24975 D cellinfo: onCellInfoChanged: Operator: Verizon Wireless UpdateTimestamp: 31435909 CellConnectionStatus: 1
08-10 23:43:22.609 24975 24975 D cellinfo: onCellInfoChanged: LTE Cell Bands: [66, 66, 2] Bandwidth: 10000 Cell ID: 80462614 Physical Cell ID: 47 Tracking Area Code: 3585 EARFCN: 66586
08-10 23:43:22.621 24975 25049 D cellinfo: 46 bytes from 44.241.174.93: icmp_seq=3238 ttl=26 time=107 ms
08-10 23:43:22.701 24975 24975 D cellinfo: onServiceStateChanged: Channel Number: 66586 Cell Bandwidths: [10000, 10000, 10000]
08-10 23:43:22.713 24975 24975 D cellinfo: onDisplayInfoChanged: NetworkType: LTE OverrideNetworkType: LTE-CA
08-10 23:43:22.784 24975 25049 D cellinfo: 46 bytes from 44.241.174.93: icmp_seq=3239 ttl=26 time=70.2 ms
08-10 23:43:22.983 24975 25049 D cellinfo: 46 bytes from 44.241.174.93: icmp_seq=3240 ttl=26 time=68.5 ms
08-10 23:43:23.184 24975 25049 D cellinfo: 46 bytes from 44.241.174.93: icmp_seq=3241 ttl=26 time=67.3 ms
08-10 23:43:23.387 24975 25049 D cellinfo: 46 bytes from 44.241.174.93: icmp_seq=3242 ttl=26 time=69.7 ms
08-10 23:43:23.584 24975 25049 D cellinfo: 46 bytes from 44.241.174.93: icmp_seq=3243 ttl=26 time=65.7 ms
08-10 23:43:23.618 24975 24975 D cellinfo: Latitude is 39.7255725
08-10 23:43:23.618 24975 24975 D cellinfo: Longitude is -105.0357952
08-10 23:43:23.618 24975 24975 D cellinfo: Instantaneous GPS information: United States, 546 Meade St, Denver, CO 80204, USA
08-10 23:43:23.618 24975 24975 D cellinfo: getCurrentLocation() result: Location (success): 39.7255725, -105.0357952
08-10 23:43:23.785 24975 25049 D cellinfo: 46 bytes from 44.241.174.93: icmp_seq=3244 ttl=26 time=66.0 ms
08-10 23:43:23.983 24975 25049 D cellinfo: 46 bytes from 44.241.174.93: icmp_seq=3245 ttl=26 time=63.1 ms
08-10 23:43:24.195 24975 25049 D cellinfo: 46 bytes from 44.241.174.93: icmp_seq=3246 ttl=26 time=74.4 ms
08-10 23:43:24.384 24975 25049 D cellinfo: 46 bytes from 44.241.174.93: icmp_seq=3247 ttl=26 time=62.8 ms
08-10 23:43:24.598 24975 25049 D cellinfo: 46 bytes from 44.241.174.93: icmp_seq=3248 ttl=26 time=76.1 ms
08-10 23:43:24.647 24975 24975 D cellinfo: onsignalStrengthsChanged: LTE Signal Strength info: rsrp: -69 rsrq: -10 rssi: -51 rssnr: 24
08-10 23:43:24.793 24975 25049 D cellinfo: 46 bytes from 44.241.174.93: icmp_seq=3249 ttl=26 time=70.3 ms
08-10 23:43:24.995 24975 25049 D cellinfo: 46 bytes from 44.241.174.93: icmp_seq=3250 ttl=26 time=71.8 ms
08-10 23:43:25.193 24975 25049 D cellinfo: 46 bytes from 44.241.174.93: icmp_seq=3251 ttl=26 time=69.5 ms
08-10 23:43:25.401 24975 25049 D cellinfo: 46 bytes from 44.241.174.93: icmp_seq=3252 ttl=26 time=76.2 ms
08-10 23:43:25.568 24975 24975 D cellinfo: Latitude is 39.7255725
08-10 23:43:25.568 24975 24975 D cellinfo: Longitude is -105.0357952
08-10 23:43:25.568 24975 24975 D cellinfo: Instantaneous GPS information: United States, 546 Meade St, Denver, CO 80204, USA
08-10 23:43:25.568 24975 24975 D cellinfo: getCurrentLocation() result: Location (success): 39.7255725, -105.0357952
08-10 23:43:25.595 24975 25049 D cellinfo: 46 bytes from 44.241.174.93: icmp_seq=3253 ttl=26 time=68.1 ms
08-10 23:43:25.613 24975 24975 D cellinfo: onCellInfoChanged: Operator: Verizon Wireless UpdateTimestamp: 31438914 CellConnectionStatus: 1
08-10 23:43:25.613 24975 24975 D cellinfo: onCellInfoChanged: LTE Cell Bands: [66, 66, 2] Bandwidth: 10000 Cell ID: 80462604 Physical Cell ID: 46 Tracking Area Code: 3585 EARFCN: 66586
08-10 23:43:25.790 24975 25049 D cellinfo: 46 bytes from 44.241.174.93: icmp_seq=3254 ttl=26 time=63.9 ms
08-10 23:43:25.993 24975 25049 D cellinfo: 46 bytes from 44.241.174.93: icmp_seq=3255 ttl=26 time=65.8 ms
08-10 23:43:26.193 24975 25049 D cellinfo: 46 bytes from 44.241.174.93: icmp_seq=3256 ttl=26 time=64.9 ms
08-10 23:43:26.394 24975 25049 D cellinfo: 46 bytes from 44.241.174.93: icmp_seq=3257 ttl=26 time=65.4 ms
08-10 23:43:26.593 24975 25049 D cellinfo: 46 bytes from 44.241.174.93: icmp_seq=3258 ttl=26 time=63.1 ms
08-10 23:43:26.804 24975 25049 D cellinfo: 46 bytes from 44.241.174.93: icmp_seq=3259 ttl=26 time=73.3 ms
08-10 23:43:27.018 24975 25049 D cellinfo: 46 bytes from 44.241.174.93: icmp_seq=3260 ttl=26 time=87.0 ms
08-10 23:43:27.203 24975 25049 D cellinfo: 46 bytes from 44.241.174.93: icmp_seq=3261 ttl=26 time=71.6 ms
08-10 23:43:27.406 24975 25049 D cellinfo: 46 bytes from 44.241.174.93: icmp_seq=3262 ttl=26 time=74.0 ms
08-10 23:43:27.614 24975 25049 D cellinfo: 46 bytes from 44.241.174.93: icmp_seq=3263 ttl=26 time=80.9 ms
08-10 23:43:27.803 24975 25049 D cellinfo: 46 bytes from 44.241.174.93: icmp_seq=3264 ttl=26 time=69.1 ms
08-10 23:43:28.003 24975 25049 D cellinfo: 46 bytes from 44.241.174.93: icmp_seq=3265 ttl=26 time=68.0 ms
08-10 23:43:28.204 24975 25049 D cellinfo: 46 bytes from 44.241.174.93: icmp_seq=3266 ttl=26 time=69.4 ms
08-10 23:43:28.412 24975 25049 D cellinfo: 46 bytes from 44.241.174.93: icmp_seq=3267 ttl=26 time=76.4 ms
08-10 23:43:28.604 24975 25049 D cellinfo: 46 bytes from 44.241.174.93: icmp_seq=3268 ttl=26 time=68.1 ms
08-10 23:43:28.794 24975 25049 D cellinfo: 46 bytes from 44.241.174.93: icmp_seq=3269 ttl=26 time=57.2 ms
08-10 23:43:28.982 24975 24975 D cellinfo: Latitude is 39.7255792
08-10 23:43:28.982 24975 24975 D cellinfo: Longitude is -105.0352978
08-10 23:43:28.982 24975 24975 D cellinfo: Instantaneous GPS information: United States, 603 Lowell Blvd, Denver, CO 80204, USA
08-10 23:43:28.982 24975 24975 D cellinfo: getCurrentLocation() result: Location (success): 39.7255792, -105.0352978
08-10 23:43:28.985 24975 24975 D cellinfo: onCellInfoChanged: Operator: Verizon Wireless UpdateTimestamp: 31441917 CellConnectionStatus: 1
08-10 23:43:28.985 24975 24975 D cellinfo: onCellInfoChanged: LTE Cell Bands: [66, 66, 2] Bandwidth: 10000 Cell ID: 80462604 Physical Cell ID: 46 Tracking Area Code: 3585 EARFCN: 66586
08-10 23:43:29.005 24975 25049 D cellinfo: 46 bytes from 44.241.174.93: icmp_seq=3270 ttl=26 time=66.3 ms
08-10 23:43:29.203 24975 25049 D cellinfo: 46 bytes from 44.241.174.93: icmp_seq=3271 ttl=26 time=64.2 ms
08-10 23:43:29.403 24975 25049 D cellinfo: 46 bytes from 44.241.174.93: icmp_seq=3272 ttl=26 time=63.2 ms
08-10 23:43:29.611 24975 25049 D cellinfo: 46 bytes from 44.241.174.93: icmp_seq=3273 ttl=26 time=70.3 ms
08-10 23:43:29.813 24975 25049 D cellinfo: 46 bytes from 44.241.174.93: icmp_seq=3274 ttl=26 time=71.4 ms
08-10 23:43:30.014 24975 25049 D cellinfo: 46 bytes from 44.241.174.93: icmp_seq=3275 ttl=26 time=71.1 ms
08-10 23:43:30.214 24975 25049 D cellinfo: 46 bytes from 44.241.174.93: icmp_seq=3276 ttl=26 time=71.3 ms
08-10 23:43:30.413 24975 25049 D cellinfo: 46 bytes from 44.241.174.93: icmp_seq=3277 ttl=26 time=69.4 ms
08-10 23:43:30.613 24975 25049 D cellinfo: 46 bytes from 44.241.174.93: icmp_seq=3278 ttl=26 time=68.2 ms
08-10 23:43:30.813 24975 25049 D cellinfo: 46 bytes from 44.241.174.93: icmp_seq=3279 ttl=26 time=67.0 ms
08-10 23:43:31.021 24975 25049 D cellinfo: 46 bytes from 44.241.174.93: icmp_seq=3280 ttl=26 time=74.2 ms
08-10 23:43:31.213 24975 25049 D cellinfo: 46 bytes from 44.241.174.93: icmp_seq=3281 ttl=26 time=66.1 ms
