08-10 22:27:00.338 11747 11794 D cellinfo: 46 bytes from 44.241.174.93: icmp_seq=620 ttl=26 time=70.2 ms
08-10 22:27:00.536 11747 11794 D cellinfo: 46 bytes from 44.241.174.93: icmp_seq=621 ttl=26 time=67.9 ms
08-10 22:27:00.746 11747 11794 D cellinfo: 46 bytes from 44.241.174.93: icmp_seq=622 ttl=26 time=77.2 ms
08-10 22:27:00.937 11747 11794 D cellinfo: 46 bytes from 44.241.174.93: icmp_seq=623 ttl=26 time=67.2 ms
08-10 22:27:00.979 11747 11747 D cellinfo: Latitude is 40.6503681
08-10 22:27:00.979 11747 11747 D cellinfo: Longitude is -105.1409855
08-10 22:27:00.979 11747 11747 D cellinfo: Instantaneous GPS information: United States, 4226-4264 US-287, Laporte, CO 80535, USA
08-10 22:27:00.979 11747 11747 D cellinfo: getCurrentLocation() result: Location (success): 40.6503681, -105.1409855
08-10 22:27:01.012 11747 11747 D cellinfo: onCellInfoChanged: Operator: Verizon Wireless UpdateTimestamp: 26854313 CellConnectionStatus: 1
08-10 22:27:01.012 11747 11747 D cellinfo: onCellInfoChanged: LTE Cell Bands: [13, 66, 66, 2] Bandwidth: 10000 Cell ID: 4007169 Physical Cell ID: 18 Tracking Area Code: 3840 EARFCN: 5230
08-10 22:27:01.158 11747 11794 D cellinfo: 46 bytes from 44.241.174.93: icmp_seq=624 ttl=26 time=87.1 ms
08-10 22:27:01.337 11747 11794 D cellinfo: 46 bytes from 44.241.174.93: icmp_seq=625 ttl=26 time=65.5 ms
08-10 22:27:01.539 11747 11794 D cellinfo: 46 bytes from 44.241.174.93: icmp_seq=626 ttl=26 time=65.4 ms
08-10 22:27:01.748 11747 11794 D cellinfo: 46 bytes from 44.241.174.93: icmp_seq=627 ttl=26 time=74.2 ms
08-10 22:27:02.324 11747 11794 D cellinfo: 46 bytes from 44.241.174.93: icmp_seq=628 ttl=26 time=448 ms
08-10 22:27:02.402 11747 11794 D cellinfo: 46 bytes from 44.241.174.93: icmp_seq=629 ttl=26 time=321 ms
08-10 22:27:02.402 11747 11794 D cellinfo: 46 bytes from 44.241.174.93: icmp_seq=630 ttl=26 time=117 ms
08-10 22:27:02.556 11747 11747 D cellinfo: onServiceStateChanged: Channel Number: 5230 Cell Bandwidths: [10000, 10000, 5000]
08-10 22:27:02.594 11747 11794 D cellinfo: 46 bytes from 44.241.174.93: icmp_seq=631 ttl=26 time=109 ms
08-10 22:27:02.754 11747 11794 D cellinfo: 46 bytes from 44.241.174.93: icmp_seq=632 ttl=26 time=68.0 ms
08-10 22:27:02.962 11747 11794 D cellinfo: 46 bytes from 44.241.174.93: icmp_seq=633 ttl=26 time=75.1 ms
08-10 22:27:03.154 11747 11794 D cellinfo: 46 bytes from 44.241.174.93: icmp_seq=634 ttl=26 time=65.5 ms
08-10 22:27:03.354 11747 11794 D cellinfo: 46 bytes from 44.241.174.93: icmp_seq=635 ttl=26 time=65.9 ms
08-10 22:27:03.534 11747 11747 D cellinfo: onsignalStrengthsChanged: LTE Signal Strength info: rsrp: -111 rsrq: -15 rssi: -89 rssnr: 1
08-10 22:27:03.573 11747 11794 D cellinfo: 46 bytes from 44.241.174.93: icmp_seq=636 ttl=26 time=83.4 ms
08-10 22:27:03.763 11747 11794 D cellinfo: 46 bytes from 44.241.174.93: icmp_seq=637 ttl=26 time=73.4 ms
08-10 22:27:03.980 11747 11794 D cellinfo: 46 bytes from 44.241.174.93: icmp_seq=638 ttl=26 time=89.2 ms
08-10 22:27:04.193 11747 11794 D cellinfo: 46 bytes from 44.241.174.93: icmp_seq=639 ttl=26 time=100 ms
08-10 22:27:04.365 11747 11794 D cellinfo: 46 bytes from 44.241.174.93: icmp_seq=640 ttl=26 time=71.7 ms
08-10 22:27:04.449 11747 11747 D cellinfo: Latitude is 40.6499268
08-10 22:27:04.449 11747 11747 D cellinfo: Longitude is -105.1408197
08-10 22:27:04.449 11747 11747 D cellinfo: Instantaneous GPS information: United States, 4226-4264 US-287, Laporte, CO 80535, USA
08-10 22:27:04.449 11747 11747 D cellinfo: getCurrentLocation() result: Location (success): 40.6499268, -105.1408197
08-10 22:27:04.463 11747 11747 D cellinfo: onCellInfoChanged: Operator: Verizon Wireless UpdateTimestamp: 26857322 CellConnectionStatus: 1
08-10 22:27:04.463 11747 11747 D cellinfo: onCellInfoChanged: LTE Cell Bands: [13, 4, 2] Bandwidth: 10000 Cell ID: 3987713 Physical Cell ID: 12 Tracking Area Code: 3840 EARFCN: 5230
08-10 22:27:04.572 11747 11794 D cellinfo: 46 bytes from 44.241.174.93: icmp_seq=641 ttl=26 time=78.8 ms
08-10 22:27:04.773 11747 11794 D cellinfo: 46 bytes from 44.241.174.93: icmp_seq=642 ttl=26 time=79.1 ms
08-10 22:27:04.964 11747 11794 D cellinfo: 46 bytes from 44.241.174.93: icmp_seq=643 ttl=26 time=69.4 ms
08-10 22:27:05.173 11747 11794 D cellinfo: 46 bytes from 44.241.174.93: icmp_seq=644 ttl=26 time=76.7 ms
08-10 22:27:05.372 11747 11794 D cellinfo: 46 bytes from 44.241.174.93: icmp_seq=645 ttl=26 time=75.8 ms
08-10 22:27:05.569 11747 11794 D cellinfo: 46 bytes from 44.241.174.93: icmp_seq=646 ttl=26 time=71.6 ms
08-10 22:27:05.768 11747 11794 D cellinfo: 46 bytes from 44.241.174.93: icmp_seq=647 ttl=26 time=70.0 ms
08-10 22:27:05.972 11747 11794 D cellinfo: 46 bytes from 44.241.174.93: icmp_seq=648 ttl=26 time=73.9 ms
08-10 22:27:06.174 11747 11794 D cellinfo: 46 bytes from 44.241.174.93: icmp_seq=649 ttl=26 time=74.2 ms
08-10 22:27:06.383 11747 11794 D cellinfo: 46 bytes from 44.241.174.93: icmp_seq=650 ttl=26 time=82.9 ms
08-10 22:27:06.574 11747 11794 D cellinfo: 46 bytes from 44.241.174.93: icmp_seq=651 ttl=26 time=73.1 ms
08-10 22:27:06.775 11747 11794 D cellinfo: 46 bytes from 44.241.174.93: icmp_seq=652 ttl=26 time=71.9 ms
08-10 22:27:06.975 11747 11794 D cellinfo: 46 bytes from 44.241.174.93: icmp_seq=653 ttl=26 time=71.7 ms
08-10 22:27:07.172 11747 11794 D cellinfo: 46 bytes from 44.241.174.93: icmp_seq=654 ttl=26 time=68.5 ms
08-10 22:27:07.371 11747 11794 D cellinfo: 46 bytes from 44.241.174.93: icmp_seq=655 ttl=26 time=66.2 ms
08-10 22:27:07.500 11747 11747 D cellinfo: Latitude is 40.6495049
08-10 22:27:07.500 11747 11747 D cellinfo: Longitude is -105.1406619
08-10 22:27:07.500 11747 11747 D cellinfo: Instantaneous GPS information: United States, US-287, Laporte, CO 80535, USA
08-10 22:27:07.500 11747 11747 D cellinfo: getCurrentLocation() result: Location (success): 40.6495049, -105.1406619
08-10 22:27:07.503 11747 11747 D cellinfo: onCellInfoChanged: Operator: Verizon Wireless UpdateTimestamp: 26860336 CellConnectionStatus: 1
08-10 22:27:07.503 11747 11747 D cellinfo: onCellInfoChanged: LTE Cell Bands: [13, 4, 2] Bandwidth: 10000 Cell ID: 3987713 Physical Cell ID: 12 Tracking Area Code: 3840 EARFCN: 5230
08-10 22:27:07.537 11747 11747 D cellinfo: onsignalStrengthsChanged: LTE Signal Strength info: rsrp: -110 rsrq: -17 rssi: -85 rssnr: -3
08-10 22:27:07.586 11747 11794 D cellinfo: 46 bytes from 44.241.174.93: icmp_seq=656 ttl=26 time=81.0 ms
08-10 22:27:07.773 11747 11794 D cellinfo: 46 bytes from 44.241.174.93: icmp_seq=657 ttl=26 time=67.0 ms
08-10 22:27:07.974 11747 11794 D cellinfo: 46 bytes from 44.241.174.93: icmp_seq=658 ttl=26 time=67.4 ms
08-10 22:27:08.175 11747 11794 D cellinfo: 46 bytes from 44.241.174.93: icmp_seq=659 ttl=26 time=66.5 ms
08-10 22:27:08.382 11747 11794 D cellinfo: 46 bytes from 44.241.174.93: icmp_seq=660 ttl=26 time=73.6 ms
08-10 22:27:08.593 11747 11794 D cellinfo: 46 bytes from 44.241.174.93: icmp_seq=661 ttl=26 time=83.4 ms
08-10 22:27:08.784 11747 11794 D cellinfo: 46 bytes from 44.241.174.93: icmp_seq=662 ttl=26 time=74.8 ms
08-10 22:27:08.986 11747 11794 D cellinfo: 46 bytes from 44.241.174.93: icmp_seq=663 ttl=26 time=75.3 ms
08-10 22:27:09.209 11747 11794 D cellinfo: 46 bytes from 44.241.174.93: icmp_seq=664 ttl=26 time=97.1 ms
08-10 22:27:09.396 11747 11794 D cellinfo: 46 bytes from 44.241.174.93: icmp_seq=665 ttl=26 time=83.0 ms
08-10 22:27:09.585 11747 11794 D cellinfo: 46 bytes from 44.241.174.93: icmp_seq=666 ttl=26 time=71.1 ms
08-10 22:27:09.785 11747 11794 D cellinfo: 46 bytes from 44.241.174.93: icmp_seq=667 ttl=26 time=70.1 ms
08-10 22:27:09.994 11747 11794 D cellinfo: 46 bytes from 44.241.174.93: icmp_seq=668 ttl=26 time=78.5 ms
08-10 22:27:10.209 11747 11794 D cellinfo: 46 bytes from 44.241.174.93: icmp_seq=669 ttl=26 time=93.3 ms
08-10 22:27:10.386 11747 11794 D cellinfo: 46 bytes from 44.241.174.93: icmp_seq=670 ttl=26 time=67.9 ms
08-10 22:27:10.420 11747 11747 D cellinfo: Latitude is 40.6495566
08-10 22:27:10.420 11747 11747 D cellinfo: Longitude is -105.1406814
08-10 22:27:10.420 11747 11747 D cellinfo: Instantaneous GPS information: United States, 4219 CO-14, Laporte, CO 80535, USA
08-10 22:27:10.420 11747 11747 D cellinfo: getCurrentLocation() result: Location (success): 40.6495566, -105.1406814
08-10 22:27:10.426 11747 11747 D cellinfo: onCellInfoChanged: Operator: Verizon Wireless UpdateTimestamp: 26863327 CellConnectionStatus: 1
08-10 22:27:10.426 11747 11747 D cellinfo: onCellInfoChanged: LTE Cell Bands: [13, 4, 2] Bandwidth: 10000 Cell ID: 3987713 Physical Cell ID: 12 Tracking Area Code: 3840 EARFCN: 5230
08-10 22:27:10.584 11747 11794 D cellinfo: 46 bytes from 44.241.174.93: icmp_seq=671 ttl=26 time=65.7 ms
08-10 22:27:10.785 11747 11794 D cellinfo: 46 bytes from 44.241.174.93: icmp_seq=672 ttl=26 time=66.8 ms
08-10 22:27:10.984 11747 11794 D cellinfo: 46 bytes from 44.241.174.93: icmp_seq=673 ttl=26 time=65.1 ms
08-10 22:27:11.202 11747 11794 D cellinfo: 46 bytes from 44.241.174.93: icmp_seq=674 ttl=26 time=82.3 ms
08-10 22:27:11.394 11747 11794 D cellinfo: 46 bytes from 44.241.174.93: icmp_seq=675 ttl=26 time=72.2 ms
08-10 22:27:11.536 11747 11747 D cellinfo: onsignalStrengthsChanged: LTE Signal Strength info: rsrp: -104 rsrq: -11 rssi: -85 rssnr: 2
08-10 22:27:11.604 11747 11794 D cellinfo: 46 bytes from 44.241.174.93: icmp_seq=676 ttl=26 time=81.0 ms
08-10 22:27:11.794 11747 11794 D cellinfo: 46 bytes from 44.241.174.93: icmp_seq=677 ttl=26 time=70.0 ms
08-10 22:27:11.997 11747 11794 D cellinfo: 46 bytes from 44.241.174.93: icmp_seq=678 ttl=26 time=72.1 ms
08-10 22:27:12.218 11747 11794 D cellinfo: 46 bytes from 44.241.174.93: icmp_seq=679 ttl=26 time=92.8 ms
08-10 22:27:12.397 11747 11794 D cellinfo: 46 bytes from 44.241.174.93: icmp_seq=680 ttl=26 time=70.3 ms
08-10 22:27:12.594 11747 11794 D cellinfo: 46 bytes from 44.241.174.93: icmp_seq=681 ttl=26 time=67.1 ms
08-10 22:27:12.812 11747 11794 D cellinfo: 46 bytes from 44.241.174.93: icmp_seq=682 ttl=26 time=83.3 ms
08-10 22:27:13.006 11747 11794 D cellinfo: 46 bytes from 44.241.174.93: icmp_seq=683 ttl=26 time=73.9 ms
08-10 22:27:13.015 11747 11747 D cellinfo: onCellInfoChanged: Operator: Verizon Wireless UpdateTimestamp: 26866316 CellConnectionStatus: 1
08-10 22:27:13.015 11747 11747 D cellinfo: onCellInfoChanged: LTE Cell Bands: [13, 4, 2] Bandwidth: 10000 Cell ID: 3987713 Physical Cell ID: 12 Tracking Area Code: 3840 EARFCN: 5230
08-10 22:27:13.238 11747 11794 D cellinfo: 46 bytes from 44.241.174.93: icmp_seq=684 ttl=26 time=109 ms
08-10 22:27:13.409 11747 11794 D cellinfo: 46 bytes from 44.241.174.93: icmp_seq=685 ttl=26 time=78.6 ms
08-10 22:27:13.607 11747 11794 D cellinfo: 46 bytes from 44.241.174.93: icmp_seq=686 ttl=26 time=75.8 ms
08-10 22:27:13.611 11747 11747 D cellinfo: Latitude is 40.6470607
08-10 22:27:13.611 11747 11747 D cellinfo: Longitude is -105.1389645
08-10 22:27:13.611 11747 11747 D cellinfo: Instantaneous GPS information: United States, 4119 US-287, Laporte, CO 80535, USA
08-10 22:27:13.611 11747 11747 D cellinfo: getCurrentLocation() result: Location (success): 40.6470607, -105.1389645
08-10 22:27:13.804 11747 11794 D cellinfo: 46 bytes from 44.241.174.93: icmp_seq=687 ttl=26 time=71.9 ms
08-10 22:27:14.003 11747 11794 D cellinfo: 46 bytes from 44.241.174.93: icmp_seq=688 ttl=26 time=71.0 ms
08-10 22:27:14.211 11747 11794 D cellinfo: 46 bytes from 44.241.174.93: icmp_seq=689 ttl=26 time=79.5 ms
08-10 22:27:14.412 11747 11794 D cellinfo: 46 bytes from 44.241.174.93: icmp_seq=690 ttl=26 time=78.2 ms
08-10 22:27:14.604 11747 11794 D cellinfo: 46 bytes from 44.241.174.93: icmp_seq=691 ttl=26 time=69.0 ms
08-10 22:27:14.812 11747 11794 D cellinfo: 46 bytes from 44.241.174.93: icmp_seq=692 ttl=26 time=75.6 ms
08-10 22:27:15.004 11747 11794 D cellinfo: 46 bytes from 44.241.174.93: icmp_seq=693 ttl=26 time=67.3 ms
08-10 22:27:15.213 11747 11794 D cellinfo: 46 bytes from 44.241.174.93: icmp_seq=694 ttl=26 time=77.8 ms
08-10 22:27:15.404 11747 11794 D cellinfo: 46 bytes from 44.241.174.93: icmp_seq=695 ttl=26 time=67.3 ms
08-10 22:27:15.536 11747 11747 D cellinfo: onsignalStrengthsChanged: LTE Signal Strength info: rsrp: -103 rsrq: -12 rssi: -85 rssnr: 2
08-10 22:27:15.604 11747 11794 D cellinfo: 46 bytes from 44.241.174.93: icmp_seq=696 ttl=26 time=66.3 ms
08-10 22:27:15.805 11747 11794 D cellinfo: 46 bytes from 44.241.174.93: icmp_seq=697 ttl=26 time=66.2 ms
08-10 22:27:15.984 11747 11747 D cellinfo: Latitude is 40.6470607
08-10 22:27:15.984 11747 11747 D cellinfo: Longitude is -105.1389645
08-10 22:27:15.984 11747 11747 D cellinfo: Instantaneous GPS information: United States, 4119 US-287, Laporte, CO 80535, USA
08-10 22:27:15.984 11747 11747 D cellinfo: getCurrentLocation() result: Location (success): 40.6470607, -105.1389645
08-10 22:27:16.022 11747 11794 D cellinfo: 46 bytes from 44.241.174.93: icmp_seq=698 ttl=26 time=82.8 ms
08-10 22:27:16.032 11747 11747 D cellinfo: onCellInfoChanged: Operator: Verizon Wireless UpdateTimestamp: 26869327 CellConnectionStatus: 1
08-10 22:27:16.032 11747 11747 D cellinfo: onCellInfoChanged: LTE Cell Bands: [13, 4, 2] Bandwidth: 10000 Cell ID: 3987713 Physical Cell ID: 12 Tracking Area Code: 3840 EARFCN: 5230
08-10 22:27:16.212 11747 11794 D cellinfo: 46 bytes from 44.241.174.93: icmp_seq=699 ttl=26 time=72.5 ms
08-10 22:27:16.414 11747 11794 D cellinfo: 46 bytes from 44.241.174.93: icmp_seq=700 ttl=26 time=74.2 ms
08-10 22:27:16.615 11747 11794 D cellinfo: 46 bytes from 44.241.174.93: icmp_seq=701 ttl=26 time=73.3 ms
08-10 22:27:16.830 11747 11794 D cellinfo: 46 bytes from 44.241.174.93: icmp_seq=702 ttl=26 time=87.3 ms
08-10 22:27:17.021 11747 11794 D cellinfo: 46 bytes from 44.241.174.93: icmp_seq=703 ttl=26 time=78.0 ms
08-10 22:27:17.215 11747 11794 D cellinfo: 46 bytes from 44.241.174.93: icmp_seq=704 ttl=26 time=71.5 ms
08-10 22:27:17.414 11747 11794 D cellinfo: 46 bytes from 44.241.174.93: icmp_seq=705 ttl=26 time=70.2 ms
08-10 22:27:17.614 11747 11794 D cellinfo: 46 bytes from 44.241.174.93: icmp_seq=706 ttl=26 time=69.7 ms
08-10 22:27:17.813 11747 11794 D cellinfo: 46 bytes from 44.241.174.93: icmp_seq=707 ttl=26 time=68.9 ms
08-10 22:27:18.144 11747 11794 D cellinfo: 46 bytes from 44.241.174.93: icmp_seq=708 ttl=26 time=198 ms
08-10 22:27:18.214 11747 11794 D cellinfo: 46 bytes from 44.241.174.93: icmp_seq=709 ttl=26 time=69.1 ms
08-10 22:27:18.415 11747 11794 D cellinfo: 46 bytes from 44.241.174.93: icmp_seq=710 ttl=26 time=68.8 ms
08-10 22:27:18.614 11747 11794 D cellinfo: 46 bytes from 44.241.174.93: icmp_seq=711 ttl=26 time=66.9 ms
08-10 22:27:18.824 11747 11794 D cellinfo: 46 bytes from 44.241.174.93: icmp_seq=712 ttl=26 time=76.2 ms
08-10 22:27:19.021 11747 11794 D cellinfo: 46 bytes from 44.241.174.93: icmp_seq=713 ttl=26 time=72.5 ms
08-10 22:27:19.223 11747 11794 D cellinfo: 46 bytes from 44.241.174.93: icmp_seq=714 ttl=26 time=74.4 ms
08-10 22:27:19.424 11747 11794 D cellinfo: 46 bytes from 44.241.174.93: icmp_seq=715 ttl=26 time=72.5 ms
08-10 22:27:19.478 11747 11747 D cellinfo: Latitude is 40.6465688
08-10 22:27:19.478 11747 11747 D cellinfo: Longitude is -105.1384398
08-10 22:27:19.478 11747 11747 D cellinfo: Instantaneous GPS information: United States, 4108-4432 US-287, Laporte, CO 80535, USA
08-10 22:27:19.478 11747 11747 D cellinfo: getCurrentLocation() result: Location (success): 40.6465688, -105.1384398
08-10 22:27:19.484 11747 11747 D cellinfo: onCellInfoChanged: Operator: Verizon Wireless UpdateTimestamp: 26872322 CellConnectionStatus: 1
08-10 22:27:19.484 11747 11747 D cellinfo: onCellInfoChanged: LTE Cell Bands: [13, 4, 2] Bandwidth: 10000 Cell ID: 3987713 Physical Cell ID: 12 Tracking Area Code: 3840 EARFCN: 5230
08-10 22:27:19.633 11747 11794 D cellinfo: 46 bytes from 44.241.174.93: icmp_seq=716 ttl=26 time=81.4 ms
08-10 22:27:19.834 11747 11794 D cellinfo: 46 bytes from 44.241.174.93: icmp_seq=717 ttl=26 time=81.7 ms
08-10 22:27:20.036 11747 11794 D cellinfo: 46 bytes from 44.241.174.93: icmp_seq=718 ttl=26 time=83.4 ms
08-10 22:27:20.225 11747 11794 D cellinfo: 46 bytes from 44.241.174.93: icmp_seq=719 ttl=26 time=72.6 ms
08-10 22:27:20.425 11747 11794 D cellinfo: 46 bytes from 44.241.174.93: icmp_seq=720 ttl=26 time=72.0 ms
08-10 22:27:20.632 11747 11794 D cellinfo: 46 bytes from 44.241.174.93: icmp_seq=721 ttl=26 time=78.3 ms
08-10 22:27:20.824 11747 11794 D cellinfo: 46 bytes from 44.241.174.93: icmp_seq=722 ttl=26 time=70.5 ms
08-10 22:27:21.033 11747 11794 D cellinfo: 46 bytes from 44.241.174.93: icmp_seq=723 ttl=26 time=78.8 ms
08-10 22:27:21.225 11747 11794 D cellinfo: 46 bytes from 44.241.174.93: icmp_seq=724 ttl=26 time=70.6 ms
08-10 22:27:21.424 11747 11794 D cellinfo: 46 bytes from 44.241.174.93: icmp_seq=725 ttl=26 time=69.2 ms
08-10 22:27:21.626 11747 11794 D cellinfo: 46 bytes from 44.241.174.93: icmp_seq=726 ttl=26 time=70.3 ms
08-10 22:27:21.834 11747 11794 D cellinfo: 46 bytes from 44.241.174.93: icmp_seq=727 ttl=26 time=77.7 ms
08-10 22:27:22.048 11747 11794 D cellinfo: 46 bytes from 44.241.174.93: icmp_seq=728 ttl=26 time=91.6 ms
08-10 22:27:22.237 11747 11794 D cellinfo: 46 bytes from 44.241.174.93: icmp_seq=729 ttl=26 time=79.9 ms
08-10 22:27:22.392 11747 11747 D cellinfo: Latitude is 40.6463152
08-10 22:27:22.393 11747 11747 D cellinfo: Longitude is -105.1381698
08-10 22:27:22.393 11747 11747 D cellinfo: Instantaneous GPS information: United States, US-287, Laporte, CO 80535, USA
08-10 22:27:22.393 11747 11747 D cellinfo: getCurrentLocation() result: Location (success): 40.6463152, -105.1381698
08-10 22:27:22.395 11747 11747 D cellinfo: onCellInfoChanged: Operator: Verizon Wireless UpdateTimestamp: 26875327 CellConnectionStatus: 1
08-10 22:27:22.395 11747 11747 D cellinfo: onCellInfoChanged: LTE Cell Bands: [13, 4, 2] Bandwidth: 10000 Cell ID: 3987713 Physical Cell ID: 12 Tracking Area Code: 3840 EARFCN: 5230
08-10 22:27:22.426 11747 11794 D cellinfo: 46 bytes from 44.241.174.93: icmp_seq=730 ttl=26 time=67.4 ms
08-10 22:27:22.623 11747 11794 D cellinfo: 46 bytes from 44.241.174.93: icmp_seq=731 ttl=26 time=63.9 ms
08-10 22:27:22.834 11747 11794 D cellinfo: 46 bytes from 44.241.174.93: icmp_seq=732 ttl=26 time=74.2 ms
08-10 22:27:23.064 11747 11794 D cellinfo: 46 bytes from 44.241.174.93: icmp_seq=733 ttl=26 time=102 ms
08-10 22:27:23.241 11747 11794 D cellinfo: 46 bytes from 44.241.174.93: icmp_seq=734 ttl=26 time=80.1 ms
08-10 22:27:23.450 11747 11794 D cellinfo: 46 bytes from 44.241.174.93: icmp_seq=735 ttl=26 time=87.3 ms
08-10 22:27:23.660 11747 11794 D cellinfo: 46 bytes from 44.241.174.93: icmp_seq=736 ttl=26 time=96.2 ms
08-10 22:27:23.838 11747 11794 D cellinfo: 46 bytes from 44.241.174.93: icmp_seq=737 ttl=26 time=72.9 ms
08-10 22:27:24.059 11747 11794 D cellinfo: 46 bytes from 44.241.174.93: icmp_seq=738 ttl=26 time=93.3 ms
08-10 22:27:24.235 11747 11794 D cellinfo: 46 bytes from 44.241.174.93: icmp_seq=739 ttl=26 time=70.1 ms
08-10 22:27:24.453 11747 11794 D cellinfo: 46 bytes from 44.241.174.93: icmp_seq=740 ttl=26 time=87.0 ms
08-10 22:27:24.536 11747 11747 D cellinfo: onsignalStrengthsChanged: LTE Signal Strength info: rsrp: -103 rsrq: -14 rssi: -81 rssnr: -2
08-10 22:27:24.642 11747 11794 D cellinfo: 46 bytes from 44.241.174.93: icmp_seq=741 ttl=26 time=75.4 ms
08-10 22:27:24.842 11747 11794 D cellinfo: 46 bytes from 44.241.174.93: icmp_seq=742 ttl=26 time=75.0 ms
08-10 22:27:25.018 11747 11747 D cellinfo: onCellInfoChanged: Operator: Verizon Wireless UpdateTimestamp: 26878320 CellConnectionStatus: 1
08-10 22:27:25.018 11747 11747 D cellinfo: onCellInfoChanged: LTE Cell Bands: [13, 4, 2] Bandwidth: 10000 Cell ID: 3987713 Physical Cell ID: 12 Tracking Area Code: 3840 EARFCN: 5230
08-10 22:27:25.036 11747 11794 D cellinfo: 46 bytes from 44.241.174.93: icmp_seq=743 ttl=26 time=67.9 ms
08-10 22:27:25.248 11747 11794 D cellinfo: 46 bytes from 44.241.174.93: icmp_seq=744 ttl=26 time=81.1 ms
08-10 22:27:25.465 11747 11794 D cellinfo: 46 bytes from 44.241.174.93: icmp_seq=745 ttl=26 time=97.4 ms
08-10 22:27:25.642 11747 11794 D cellinfo: 46 bytes from 44.241.174.93: icmp_seq=746 ttl=26 time=73.5 ms
08-10 22:27:25.841 11747 11794 D cellinfo: 46 bytes from 44.241.174.93: icmp_seq=747 ttl=26 time=71.5 ms
08-10 22:27:25.848 11747 11747 D cellinfo: Latitude is 40.6450323
08-10 22:27:25.848 11747 11747 D cellinfo: Longitude is -105.1358107
08-10 22:27:25.848 11747 11747 D cellinfo: Instantaneous GPS information: United States, 4083-4031 CO-14, Laporte, CO 80535, USA
08-10 22:27:25.848 11747 11747 D cellinfo: getCurrentLocation() result: Location (success): 40.6450323, -105.1358107
08-10 22:27:26.043 11747 11794 D cellinfo: 46 bytes from 44.241.174.93: icmp_seq=748 ttl=26 time=72.3 ms
08-10 22:27:26.243 11747 11794 D cellinfo: 46 bytes from 44.241.174.93: icmp_seq=749 ttl=26 time=72.4 ms
08-10 22:27:26.453 11747 11794 D cellinfo: 46 bytes from 44.241.174.93: icmp_seq=750 ttl=26 time=80.5 ms
08-10 22:27:26.644 11747 11794 D cellinfo: 46 bytes from 44.241.174.93: icmp_seq=751 ttl=26 time=71.3 ms
08-10 22:27:26.861 11747 11794 D cellinfo: 46 bytes from 44.241.174.93: icmp_seq=752 ttl=26 time=87.3 ms
08-10 22:27:27.056 11747 11794 D cellinfo: 46 bytes from 44.241.174.93: icmp_seq=753 ttl=26 time=81.5 ms
08-10 22:27:27.252 11747 11794 D cellinfo: 46 bytes from 44.241.174.93: icmp_seq=754 ttl=26 time=78.6 ms
08-10 22:27:27.444 11747 11794 D cellinfo: 46 bytes from 44.241.174.93: icmp_seq=755 ttl=26 time=70.1 ms
08-10 22:27:27.653 11747 11794 D cellinfo: 46 bytes from 44.241.174.93: icmp_seq=756 ttl=26 time=78.5 ms
08-10 22:27:27.846 11747 11794 D cellinfo: 46 bytes from 44.241.174.93: icmp_seq=757 ttl=26 time=69.2 ms
08-10 22:27:27.979 11747 11747 D cellinfo: Latitude is 40.6450323
08-10 22:27:27.979 11747 11747 D cellinfo: Longitude is -105.1358107
08-10 22:27:27.979 11747 11747 D cellinfo: Instantaneous GPS information: United States, 4083-4031 CO-14, Laporte, CO 80535, USA
08-10 22:27:27.979 11747 11747 D cellinfo: getCurrentLocation() result: Location (success): 40.6450323, -105.1358107
08-10 22:27:28.021 11747 11747 D cellinfo: onCellInfoChanged: Operator: Verizon Wireless UpdateTimestamp: 26881322 CellConnectionStatus: 1
08-10 22:27:28.021 11747 11747 D cellinfo: onCellInfoChanged: LTE Cell Bands: [13, 4, 2] Bandwidth: 10000 Cell ID: 3987713 Physical Cell ID: 12 Tracking Area Code: 3840 EARFCN: 5230
08-10 22:27:28.061 11747 11794 D cellinfo: 46 bytes from 44.241.174.93: icmp_seq=758 ttl=26 time=86.2 ms
08-10 22:27:28.245 11747 11794 D cellinfo: 46 bytes from 44.241.174.93: icmp_seq=759 ttl=26 time=69.3 ms
08-10 22:27:28.445 11747 11794 D cellinfo: 46 bytes from 44.241.174.93: icmp_seq=760 ttl=26 time=68.4 ms
08-10 22:27:28.537 11747 11747 D cellinfo: onsignalStrengthsChanged: LTE Signal Strength info: rsrp: -88 rsrq: -10 rssi: -71 rssnr: 3
08-10 22:27:28.644 11747 11794 D cellinfo: 46 bytes from 44.241.174.93: icmp_seq=761 ttl=26 time=66.5 ms
08-10 22:27:28.844 11747 11794 D cellinfo: 46 bytes from 44.241.174.93: icmp_seq=762 ttl=26 time=64.5 ms
08-10 22:27:29.062 11747 11794 D cellinfo: 46 bytes from 44.241.174.93: icmp_seq=763 ttl=26 time=82.2 ms
08-10 22:27:29.261 11747 11794 D cellinfo: 46 bytes from 44.241.174.93: icmp_seq=764 ttl=26 time=81.5 ms
08-10 22:27:29.455 11747 11794 D cellinfo: 46 bytes from 44.241.174.93: icmp_seq=765 ttl=26 time=74.0 ms
08-10 22:27:29.667 11747 11794 D cellinfo: 46 bytes from 44.241.174.93: icmp_seq=766 ttl=26 time=85.6 ms
08-10 22:27:29.855 11747 11794 D cellinfo: 46 bytes from 44.241.174.93: icmp_seq=767 ttl=26 time=72.7 ms
08-10 22:27:30.062 11747 11794 D cellinfo: 46 bytes from 44.241.174.93: icmp_seq=768 ttl=26 time=79.1 ms
08-10 22:27:30.259 11747 11794 D cellinfo: 46 bytes from 44.241.174.93: icmp_seq=769 ttl=26 time=75.8 ms
08-10 22:27:30.454 11747 11794 D cellinfo: 46 bytes from 44.241.174.93: icmp_seq=770 ttl=26 time=70.3 ms
08-10 22:27:30.654 11747 11794 D cellinfo: 46 bytes from 44.241.174.93: icmp_seq=771 ttl=26 time=69.2 ms
08-10 22:27:30.855 11747 11794 D cellinfo: 46 bytes from 44.241.174.93: icmp_seq=772 ttl=26 time=68.5 ms
08-10 22:27:30.984 11747 11747 D cellinfo: Latitude is 40.6450323
08-10 22:27:30.984 11747 11747 D cellinfo: Longitude is -105.1358107
08-10 22:27:30.984 11747 11747 D cellinfo: Instantaneous GPS information: United States, 4083-4031 CO-14, Laporte, CO 80535, USA
08-10 22:27:30.984 11747 11747 D cellinfo: getCurrentLocation() result: Location (success): 40.6450323, -105.1358107
08-10 22:27:31.032 11747 11747 D cellinfo: onCellInfoChanged: Operator: Verizon Wireless UpdateTimestamp: 26884333 CellConnectionStatus: 1
08-10 22:27:31.032 11747 11747 D cellinfo: onCellInfoChanged: LTE Cell Bands: [13, 4, 2] Bandwidth: 10000 Cell ID: 3987713 Physical Cell ID: 12 Tracking Area Code: 3840 EARFCN: 5230
08-10 22:27:31.068 11747 11794 D cellinfo: 46 bytes from 44.241.174.93: icmp_seq=773 ttl=26 time=82.0 ms
08-10 22:27:31.256 11747 11794 D cellinfo: 46 bytes from 44.241.174.93: icmp_seq=774 ttl=26 time=69.5 ms
08-10 22:27:31.462 11747 11794 D cellinfo: 46 bytes from 44.241.174.93: icmp_seq=775 ttl=26 time=75.4 ms
08-10 22:27:31.657 11747 11794 D cellinfo: 46 bytes from 44.241.174.93: icmp_seq=776 ttl=26 time=69.2 ms
08-10 22:27:31.854 11747 11794 D cellinfo: 46 bytes from 44.241.174.93: icmp_seq=777 ttl=26 time=66.0 ms
08-10 22:27:32.053 11747 11794 D cellinfo: 46 bytes from 44.241.174.93: icmp_seq=778 ttl=26 time=64.6 ms
08-10 22:27:32.254 11747 11794 D cellinfo: 46 bytes from 44.241.174.93: icmp_seq=779 ttl=26 time=65.5 ms
08-10 22:27:32.453 11747 11794 D cellinfo: 46 bytes from 44.241.174.93: icmp_seq=780 ttl=26 time=63.8 ms
08-10 22:27:32.531 11747 11747 D cellinfo: onsignalStrengthsChanged: LTE Signal Strength info: rsrp: -87 rsrq: -10 rssi: -69 rssnr: 6
08-10 22:27:32.654 11747 11794 D cellinfo: 46 bytes from 44.241.174.93: icmp_seq=781 ttl=26 time=64.1 ms
08-10 22:27:32.866 11747 11794 D cellinfo: 46 bytes from 44.241.174.93: icmp_seq=782 ttl=26 time=76.2 ms
08-10 22:27:33.080 11747 11794 D cellinfo: 46 bytes from 44.241.174.93: icmp_seq=783 ttl=26 time=88.5 ms
08-10 22:27:33.266 11747 11794 D cellinfo: 46 bytes from 44.241.174.93: icmp_seq=784 ttl=26 time=75.4 ms
08-10 22:27:33.468 11747 11794 D cellinfo: 46 bytes from 44.241.174.93: icmp_seq=785 ttl=26 time=75.0 ms
08-10 22:27:33.680 11747 11794 D cellinfo: 46 bytes from 44.241.174.93: icmp_seq=786 ttl=26 time=86.4 ms
08-10 22:27:33.875 11747 11794 D cellinfo: 46 bytes from 44.241.174.93: icmp_seq=787 ttl=26 time=81.0 ms
08-10 22:27:33.981 11747 11747 D cellinfo: Latitude is 40.6450323
08-10 22:27:33.981 11747 11747 D cellinfo: Longitude is -105.1358107
08-10 22:27:33.981 11747 11747 D cellinfo: Instantaneous GPS information: United States, 4083-4031 CO-14, Laporte, CO 80535, USA
08-10 22:27:33.981 11747 11747 D cellinfo: getCurrentLocation() result: Location (success): 40.6450323, -105.1358107
08-10 22:27:34.034 11747 11747 D cellinfo: onCellInfoChanged: Operator: Verizon Wireless UpdateTimestamp: 26887334 CellConnectionStatus: 1
08-10 22:27:34.034 11747 11747 D cellinfo: onCellInfoChanged: LTE Cell Bands: [13, 4, 2] Bandwidth: 10000 Cell ID: 3987713 Physical Cell ID: 12 Tracking Area Code: 3840 EARFCN: 5230
08-10 22:27:34.106 11747 11794 D cellinfo: 46 bytes from 44.241.174.93: icmp_seq=788 ttl=26 time=110 ms
08-10 22:27:34.288 11747 11794 D cellinfo: 46 bytes from 44.241.174.93: icmp_seq=789 ttl=26 time=93.3 ms
08-10 22:27:34.478 11747 11794 D cellinfo: 46 bytes from 44.241.174.93: icmp_seq=790 ttl=26 time=82.5 ms
08-10 22:27:34.667 11747 11794 D cellinfo: 46 bytes from 44.241.174.93: icmp_seq=791 ttl=26 time=71.4 ms
08-10 22:27:34.889 11747 11794 D cellinfo: 46 bytes from 44.241.174.93: icmp_seq=792 ttl=26 time=91.9 ms
08-10 22:27:35.064 11747 11794 D cellinfo: 46 bytes from 44.241.174.93: icmp_seq=793 ttl=26 time=66.3 ms
08-10 22:27:35.264 11747 11794 D cellinfo: 46 bytes from 44.241.174.93: icmp_seq=794 ttl=26 time=66.8 ms
08-10 22:27:35.465 11747 11794 D cellinfo: 46 bytes from 44.241.174.93: icmp_seq=795 ttl=26 time=65.4 ms
08-10 22:27:35.665 11747 11794 D cellinfo: 46 bytes from 44.241.174.93: icmp_seq=796 ttl=26 time=65.9 ms
08-10 22:27:35.865 11747 11794 D cellinfo: 46 bytes from 44.241.174.93: icmp_seq=797 ttl=26 time=65.5 ms
08-10 22:27:36.075 11747 11794 D cellinfo: 46 bytes from 44.241.174.93: icmp_seq=798 ttl=26 time=73.7 ms
08-10 22:27:36.273 11747 11794 D cellinfo: 46 bytes from 44.241.174.93: icmp_seq=799 ttl=26 time=71.6 ms
08-10 22:27:36.474 11747 11794 D cellinfo: 46 bytes from 44.241.174.93: icmp_seq=800 ttl=26 time=72.0 ms
08-10 22:27:36.535 11747 11747 D cellinfo: onsignalStrengthsChanged: LTE Signal Strength info: rsrp: -86 rsrq: -10 rssi: -69 rssnr: 3
08-10 22:27:36.673 11747 11794 D cellinfo: 46 bytes from 44.241.174.93: icmp_seq=801 ttl=26 time=70.5 ms
08-10 22:27:36.874 11747 11794 D cellinfo: 46 bytes from 44.241.174.93: icmp_seq=802 ttl=26 time=71.1 ms
08-10 22:27:36.981 11747 11747 D cellinfo: Latitude is 40.6450323
08-10 22:27:36.981 11747 11747 D cellinfo: Longitude is -105.1358107
08-10 22:27:36.981 11747 11747 D cellinfo: Instantaneous GPS information: United States, 4083-4031 CO-14, Laporte, CO 80535, USA
08-10 22:27:36.981 11747 11747 D cellinfo: getCurrentLocation() result: Location (success): 40.6450323, -105.1358107
08-10 22:27:37.029 11747 11747 D cellinfo: onCellInfoChanged: Operator: Verizon Wireless UpdateTimestamp: 26890326 CellConnectionStatus: 1
08-10 22:27:37.029 11747 11747 D cellinfo: onCellInfoChanged: LTE Cell Bands: [13, 4, 2] Bandwidth: 10000 Cell ID: 3987713 Physical Cell ID: 12 Tracking Area Code: 3840 EARFCN: 5230
08-10 22:27:37.077 11747 11794 D cellinfo: 46 bytes from 44.241.174.93: icmp_seq=803 ttl=26 time=73.4 ms
08-10 22:27:37.274 11747 11794 D cellinfo: 46 bytes from 44.241.174.93: icmp_seq=804 ttl=26 time=69.5 ms
08-10 22:27:37.475 11747 11794 D cellinfo: 46 bytes from 44.241.174.93: icmp_seq=805 ttl=26 time=68.7 ms
08-10 22:27:37.674 11747 11794 D cellinfo: 46 bytes from 44.241.174.93: icmp_seq=806 ttl=26 time=67.1 ms
08-10 22:27:37.874 11747 11794 D cellinfo: 46 bytes from 44.241.174.93: icmp_seq=807 ttl=26 time=66.4 ms
08-10 22:27:38.075 11747 11794 D cellinfo: 46 bytes from 44.241.174.93: icmp_seq=808 ttl=26 time=66.3 ms
08-10 22:27:38.285 11747 11794 D cellinfo: 46 bytes from 44.241.174.93: icmp_seq=809 ttl=26 time=75.2 ms
08-10 22:27:38.485 11747 11794 D cellinfo: 46 bytes from 44.241.174.93: icmp_seq=810 ttl=26 time=74.3 ms
08-10 22:27:38.693 11747 11794 D cellinfo: 46 bytes from 44.241.174.93: icmp_seq=811 ttl=26 time=81.1 ms
08-10 22:27:38.908 11747 11794 D cellinfo: 46 bytes from 44.241.174.93: icmp_seq=812 ttl=26 time=95.1 ms
08-10 22:27:39.084 11747 11794 D cellinfo: 46 bytes from 44.241.174.93: icmp_seq=813 ttl=26 time=70.0 ms
08-10 22:27:39.284 11747 11794 D cellinfo: 46 bytes from 44.241.174.93: icmp_seq=814 ttl=26 time=69.1 ms
08-10 22:27:39.484 11747 11794 D cellinfo: 46 bytes from 44.241.174.93: icmp_seq=815 ttl=26 time=68.9 ms
08-10 22:27:39.699 11747 11794 D cellinfo: 46 bytes from 44.241.174.93: icmp_seq=816 ttl=26 time=82.9 ms
08-10 22:27:39.886 11747 11794 D cellinfo: 46 bytes from 44.241.174.93: icmp_seq=817 ttl=26 time=68.3 ms
08-10 22:27:40.015 11747 11747 D cellinfo: onCellInfoChanged: Operator: Verizon Wireless UpdateTimestamp: 26893316 CellConnectionStatus: 1
08-10 22:27:40.015 11747 11747 D cellinfo: onCellInfoChanged: LTE Cell Bands: [13, 4, 2] Bandwidth: 10000 Cell ID: 3987713 Physical Cell ID: 12 Tracking Area Code: 3840 EARFCN: 5230
08-10 22:27:40.084 11747 11794 D cellinfo: 46 bytes from 44.241.174.93: icmp_seq=818 ttl=26 time=66.6 ms
08-10 22:27:40.291 11747 11794 D cellinfo: 46 bytes from 44.241.174.93: icmp_seq=819 ttl=26 time=74.3 ms
08-10 22:27:40.484 11747 11794 D cellinfo: 46 bytes from 44.241.174.93: icmp_seq=820 ttl=26 time=65.7 ms
08-10 22:27:40.683 11747 11794 D cellinfo: 46 bytes from 44.241.174.93: icmp_seq=821 ttl=26 time=64.2 ms
08-10 22:27:40.885 11747 11794 D cellinfo: 46 bytes from 44.241.174.93: icmp_seq=822 ttl=26 time=65.1 ms
08-10 22:27:41.094 11747 11794 D cellinfo: 46 bytes from 44.241.174.93: icmp_seq=823 ttl=26 time=73.1 ms
08-10 22:27:41.284 11747 11794 D cellinfo: 46 bytes from 44.241.174.93: icmp_seq=824 ttl=26 time=62.5 ms
08-10 22:27:41.496 11747 11794 D cellinfo: 46 bytes from 44.241.174.93: icmp_seq=825 ttl=26 time=73.4 ms
08-10 22:27:41.534 11747 11747 D cellinfo: Latitude is 40.6432542
08-10 22:27:41.534 11747 11747 D cellinfo: Longitude is -105.1306995
08-10 22:27:41.534 11747 11747 D cellinfo: Instantaneous GPS information: United States, 4029-3895 CO-14, Laporte, CO 80535, USA
08-10 22:27:41.534 11747 11747 D cellinfo: getCurrentLocation() result: Location (success): 40.6432542, -105.1306995
08-10 22:27:41.695 11747 11794 D cellinfo: 46 bytes from 44.241.174.93: icmp_seq=826 ttl=26 time=72.1 ms
08-10 22:27:41.894 11747 11794 D cellinfo: 46 bytes from 44.241.174.93: icmp_seq=827 ttl=26 time=70.7 ms
08-10 22:27:42.095 11747 11794 D cellinfo: 46 bytes from 44.241.174.93: icmp_seq=828 ttl=26 time=71.0 ms
08-10 22:27:42.294 11747 11794 D cellinfo: 46 bytes from 44.241.174.93: icmp_seq=829 ttl=26 time=69.3 ms
08-10 22:27:42.494 11747 11794 D cellinfo: 46 bytes from 44.241.174.93: icmp_seq=830 ttl=26 time=67.9 ms
08-10 22:27:42.694 11747 11794 D cellinfo: 46 bytes from 44.241.174.93: icmp_seq=831 ttl=26 time=67.0 ms
08-10 22:27:42.894 11747 11794 D cellinfo: 46 bytes from 44.241.174.93: icmp_seq=832 ttl=26 time=66.1 ms
08-10 22:27:42.978 11747 11747 D cellinfo: Latitude is 40.6432542
08-10 22:27:42.978 11747 11747 D cellinfo: Longitude is -105.1306995
08-10 22:27:42.978 11747 11747 D cellinfo: Instantaneous GPS information: United States, 4029-3895 CO-14, Laporte, CO 80535, USA
08-10 22:27:42.978 11747 11747 D cellinfo: getCurrentLocation() result: Location (success): 40.6432542, -105.1306995
08-10 22:27:43.018 11747 11747 D cellinfo: onCellInfoChanged: Operator: Verizon Wireless UpdateTimestamp: 26896318 CellConnectionStatus: 1
08-10 22:27:43.018 11747 11747 D cellinfo: onCellInfoChanged: LTE Cell Bands: [13, 4, 2] Bandwidth: 10000 Cell ID: 3987713 Physical Cell ID: 12 Tracking Area Code: 3840 EARFCN: 5230
08-10 22:27:43.094 11747 11794 D cellinfo: 46 bytes from 44.241.174.93: icmp_seq=833 ttl=26 time=64.8 ms
08-10 22:27:43.294 11747 11794 D cellinfo: 46 bytes from 44.241.174.93: icmp_seq=834 ttl=26 time=64.2 ms
08-10 22:27:43.504 11747 11794 D cellinfo: 46 bytes from 44.241.174.93: icmp_seq=835 ttl=26 time=73.3 ms
08-10 22:27:43.534 11747 11747 D cellinfo: onsignalStrengthsChanged: LTE Signal Strength info: rsrp: -83 rsrq: -11 rssi: -63 rssnr: 7
08-10 22:27:43.704 11747 11794 D cellinfo: 46 bytes from 44.241.174.93: icmp_seq=836 ttl=26 time=72.3 ms
08-10 22:27:43.904 11747 11794 D cellinfo: 46 bytes from 44.241.174.93: icmp_seq=837 ttl=26 time=71.2 ms
08-10 22:27:44.105 11747 11794 D cellinfo: 46 bytes from 44.241.174.93: icmp_seq=838 ttl=26 time=71.2 ms
08-10 22:27:44.304 11747 11794 D cellinfo: 46 bytes from 44.241.174.93: icmp_seq=839 ttl=26 time=69.4 ms
08-10 22:27:44.513 11747 11794 D cellinfo: 46 bytes from 44.241.174.93: icmp_seq=840 ttl=26 time=77.7 ms
08-10 22:27:44.706 11747 11794 D cellinfo: 46 bytes from 44.241.174.93: icmp_seq=841 ttl=26 time=70.8 ms
08-10 22:27:44.905 11747 11794 D cellinfo: 46 bytes from 44.241.174.93: icmp_seq=842 ttl=26 time=69.0 ms
08-10 22:27:45.104 11747 11794 D cellinfo: 46 bytes from 44.241.174.93: icmp_seq=843 ttl=26 time=67.1 ms
08-10 22:27:45.304 11747 11794 D cellinfo: 46 bytes from 44.241.174.93: icmp_seq=844 ttl=26 time=66.3 ms
08-10 22:27:45.504 11747 11794 D cellinfo: 46 bytes from 44.241.174.93: icmp_seq=845 ttl=26 time=65.8 ms
08-10 22:27:45.705 11747 11794 D cellinfo: 46 bytes from 44.241.174.93: icmp_seq=846 ttl=26 time=66.3 ms
08-10 22:27:45.914 11747 11794 D cellinfo: 46 bytes from 44.241.174.93: icmp_seq=847 ttl=26 time=74.1 ms
08-10 22:27:46.104 11747 11794 D cellinfo: 46 bytes from 44.241.174.93: icmp_seq=848 ttl=26 time=63.1 ms
08-10 22:27:46.323 11747 11794 D cellinfo: 46 bytes from 44.241.174.93: icmp_seq=849 ttl=26 time=81.0 ms
08-10 22:27:46.363 11747 11747 D cellinfo: Latitude is 40.6430735
08-10 22:27:46.363 11747 11747 D cellinfo: Longitude is -105.1301618
08-10 22:27:46.363 11747 11747 D cellinfo: Instantaneous GPS information: United States, 4029-3895 CO-14, Laporte, CO 80535, USA
08-10 22:27:46.363 11747 11747 D cellinfo: getCurrentLocation() result: Location (success): 40.6430735, -105.1301618
08-10 22:27:46.366 11747 11747 D cellinfo: onCellInfoChanged: Operator: Verizon Wireless UpdateTimestamp: 26899318 CellConnectionStatus: 1
08-10 22:27:46.366 11747 11747 D cellinfo: onCellInfoChanged: LTE Cell Bands: [13, 4, 2] Bandwidth: 10000 Cell ID: 3987713 Physical Cell ID: 12 Tracking Area Code: 3840 EARFCN: 5230
08-10 22:27:46.514 11747 11794 D cellinfo: 46 bytes from 44.241.174.93: icmp_seq=850 ttl=26 time=71.1 ms
08-10 22:27:46.714 11747 11794 D cellinfo: 46 bytes from 44.241.174.93: icmp_seq=851 ttl=26 time=70.2 ms
08-10 22:27:46.914 11747 11794 D cellinfo: 46 bytes from 44.241.174.93: icmp_seq=852 ttl=26 time=69.1 ms
08-10 22:27:47.114 11747 11794 D cellinfo: 46 bytes from 44.241.174.93: icmp_seq=853 ttl=26 time=68.2 ms
08-10 22:27:47.315 11747 11794 D cellinfo: 46 bytes from 44.241.174.93: icmp_seq=854 ttl=26 time=68.2 ms
08-10 22:27:47.516 11747 11794 D cellinfo: 46 bytes from 44.241.174.93: icmp_seq=855 ttl=26 time=67.6 ms
08-10 22:27:47.533 11747 11747 D cellinfo: onsignalStrengthsChanged: LTE Signal Strength info: rsrp: -87 rsrq: -11 rssi: -69 rssnr: 6
08-10 22:27:47.722 11747 11794 D cellinfo: 46 bytes from 44.241.174.93: icmp_seq=856 ttl=26 time=73.7 ms
08-10 22:27:47.915 11747 11794 D cellinfo: 46 bytes from 44.241.174.93: icmp_seq=857 ttl=26 time=65.7 ms
08-10 22:27:48.124 11747 11794 D cellinfo: 46 bytes from 44.241.174.93: icmp_seq=858 ttl=26 time=74.0 ms
08-10 22:27:48.324 11747 11794 D cellinfo: 46 bytes from 44.241.174.93: icmp_seq=859 ttl=26 time=73.2 ms
08-10 22:27:48.524 11747 11794 D cellinfo: 46 bytes from 44.241.174.93: icmp_seq=860 ttl=26 time=72.8 ms
08-10 22:27:48.724 11747 11794 D cellinfo: 46 bytes from 44.241.174.93: icmp_seq=861 ttl=26 time=71.9 ms
08-10 22:27:48.924 11747 11794 D cellinfo: 46 bytes from 44.241.174.93: icmp_seq=862 ttl=26 time=71.4 ms
08-10 22:27:49.119 11747 11794 D cellinfo: 46 bytes from 44.241.174.93: icmp_seq=863 ttl=26 time=65.9 ms
08-10 22:27:49.325 11747 11794 D cellinfo: 46 bytes from 44.241.174.93: icmp_seq=864 ttl=26 time=69.5 ms
08-10 22:27:49.372 11747 11747 D cellinfo: Latitude is 40.6429462
08-10 22:27:49.372 11747 11747 D cellinfo: Longitude is -105.1297806
08-10 22:27:49.372 11747 11747 D cellinfo: Instantaneous GPS information: United States, 4029-3895 CO-14, Laporte, CO 80535, USA
08-10 22:27:49.372 11747 11747 D cellinfo: getCurrentLocation() result: Location (success): 40.6429462, -105.1297806
08-10 22:27:49.377 11747 11747 D cellinfo: onCellInfoChanged: Operator: Verizon Wireless UpdateTimestamp: 26902319 CellConnectionStatus: 1
08-10 22:27:49.377 11747 11747 D cellinfo: onCellInfoChanged: LTE Cell Bands: [13, 4, 2] Bandwidth: 10000 Cell ID: 3987713 Physical Cell ID: 12 Tracking Area Code: 3840 EARFCN: 5230
08-10 22:27:49.524 11747 11794 D cellinfo: 46 bytes from 44.241.174.93: icmp_seq=865 ttl=26 time=68.5 ms
08-10 22:27:49.724 11747 11794 D cellinfo: 46 bytes from 44.241.174.93: icmp_seq=866 ttl=26 time=68.0 ms
08-10 22:27:49.924 11747 11794 D cellinfo: 46 bytes from 44.241.174.93: icmp_seq=867 ttl=26 time=67.4 ms
08-10 22:27:50.124 11747 11794 D cellinfo: 46 bytes from 44.241.174.93: icmp_seq=868 ttl=26 time=66.4 ms
08-10 22:27:50.324 11747 11794 D cellinfo: 46 bytes from 44.241.174.93: icmp_seq=869 ttl=26 time=65.3 ms
08-10 22:27:50.534 11747 11794 D cellinfo: 46 bytes from 44.241.174.93: icmp_seq=870 ttl=26 time=74.2 ms
08-10 22:27:50.734 11747 11794 D cellinfo: 46 bytes from 44.241.174.93: icmp_seq=871 ttl=26 time=73.9 ms
08-10 22:27:50.934 11747 11794 D cellinfo: 46 bytes from 44.241.174.93: icmp_seq=872 ttl=26 time=73.0 ms
08-10 22:27:51.134 11747 11794 D cellinfo: 46 bytes from 44.241.174.93: icmp_seq=873 ttl=26 time=71.9 ms
08-10 22:27:51.330 11747 11794 D cellinfo: 46 bytes from 44.241.174.93: icmp_seq=874 ttl=26 time=67.3 ms
08-10 22:27:51.535 11747 11794 D cellinfo: 46 bytes from 44.241.174.93: icmp_seq=875 ttl=26 time=70.1 ms
08-10 22:27:51.742 11747 11794 D cellinfo: 46 bytes from 44.241.174.93: icmp_seq=876 ttl=26 time=76.9 ms
08-10 22:27:51.934 11747 11794 D cellinfo: 46 bytes from 44.241.174.93: icmp_seq=877 ttl=26 time=68.0 ms
08-10 22:27:52.132 11747 11794 D cellinfo: 46 bytes from 44.241.174.93: icmp_seq=878 ttl=26 time=65.1 ms
08-10 22:27:52.343 11747 11794 D cellinfo: 46 bytes from 44.241.174.93: icmp_seq=879 ttl=26 time=74.3 ms
08-10 22:27:52.432 11747 11747 D cellinfo: Latitude is 40.6429605
08-10 22:27:52.432 11747 11747 D cellinfo: Longitude is -105.129823
08-10 22:27:52.432 11747 11747 D cellinfo: Instantaneous GPS information: United States, 3898 US-287, Laporte, CO 80535, USA
08-10 22:27:52.432 11747 11747 D cellinfo: getCurrentLocation() result: Location (success): 40.6429605, -105.129823
08-10 22:27:52.436 11747 11747 D cellinfo: onCellInfoChanged: Operator: Verizon Wireless UpdateTimestamp: 26905335 CellConnectionStatus: 1
08-10 22:27:52.436 11747 11747 D cellinfo: onCellInfoChanged: LTE Cell Bands: [13, 4, 2] Bandwidth: 10000 Cell ID: 3987713 Physical Cell ID: 12 Tracking Area Code: 3840 EARFCN: 5230
08-10 22:27:52.534 11747 11747 D cellinfo: onsignalStrengthsChanged: LTE Signal Strength info: rsrp: -94 rsrq: -12 rssi: -73 rssnr: 0
08-10 22:27:52.536 11747 11794 D cellinfo: 46 bytes from 44.241.174.93: icmp_seq=880 ttl=26 time=66.6 ms
08-10 22:27:52.734 11747 11794 D cellinfo: 46 bytes from 44.241.174.93: icmp_seq=881 ttl=26 time=65.1 ms
08-10 22:27:52.934 11747 11794 D cellinfo: 46 bytes from 44.241.174.93: icmp_seq=882 ttl=26 time=64.3 ms
08-10 22:27:53.146 11747 11794 D cellinfo: 46 bytes from 44.241.174.93: icmp_seq=883 ttl=26 time=75.3 ms
08-10 22:27:53.345 11747 11794 D cellinfo: 46 bytes from 44.241.174.93: icmp_seq=884 ttl=26 time=73.2 ms
08-10 22:27:53.553 11747 11794 D cellinfo: 46 bytes from 44.241.174.93: icmp_seq=885 ttl=26 time=80.6 ms
08-10 22:27:53.745 11747 11794 D cellinfo: 46 bytes from 44.241.174.93: icmp_seq=886 ttl=26 time=71.3 ms
08-10 22:27:53.945 11747 11794 D cellinfo: 46 bytes from 44.241.174.93: icmp_seq=887 ttl=26 time=71.9 ms
08-10 22:27:54.144 11747 11794 D cellinfo: 46 bytes from 44.241.174.93: icmp_seq=888 ttl=26 time=70.1 ms
08-10 22:27:54.333 11747 11794 D cellinfo: 46 bytes from 44.241.174.93: icmp_seq=889 ttl=26 time=58.2 ms
08-10 22:27:54.545 11747 11794 D cellinfo: 46 bytes from 44.241.174.93: icmp_seq=890 ttl=26 time=69.3 ms
08-10 22:27:54.744 11747 11794 D cellinfo: 46 bytes from 44.241.174.93: icmp_seq=891 ttl=26 time=67.9 ms
08-10 22:27:54.944 11747 11794 D cellinfo: 46 bytes from 44.241.174.93: icmp_seq=892 ttl=26 time=67.4 ms
08-10 22:27:55.019 11747 11747 D cellinfo: onCellInfoChanged: Operator: Verizon Wireless UpdateTimestamp: 26908320 CellConnectionStatus: 1
08-10 22:27:55.019 11747 11747 D cellinfo: onCellInfoChanged: LTE Cell Bands: [13, 4, 2] Bandwidth: 10000 Cell ID: 3987713 Physical Cell ID: 12 Tracking Area Code: 3840 EARFCN: 5230
08-10 22:27:55.148 11747 11794 D cellinfo: 46 bytes from 44.241.174.93: icmp_seq=893 ttl=26 time=69.9 ms
08-10 22:27:55.345 11747 11794 D cellinfo: 46 bytes from 44.241.174.93: icmp_seq=894 ttl=26 time=66.1 ms
08-10 22:27:55.552 11747 11794 D cellinfo: 46 bytes from 44.241.174.93: icmp_seq=895 ttl=26 time=72.4 ms
08-10 22:27:55.754 11747 11794 D cellinfo: 46 bytes from 44.241.174.93: icmp_seq=896 ttl=26 time=73.3 ms
08-10 22:27:55.979 11747 11794 D cellinfo: 46 bytes from 44.241.174.93: icmp_seq=897 ttl=26 time=97.6 ms
08-10 22:27:56.154 11747 11794 D cellinfo: 46 bytes from 44.241.174.93: icmp_seq=898 ttl=26 time=71.2 ms
08-10 22:27:56.355 11747 11794 D cellinfo: 46 bytes from 44.241.174.93: icmp_seq=899 ttl=26 time=70.9 ms
08-10 22:27:56.555 11747 11794 D cellinfo: 46 bytes from 44.241.174.93: icmp_seq=900 ttl=26 time=70.0 ms
08-10 22:27:56.572 11747 11747 D cellinfo: Latitude is 40.6416002
08-10 22:27:56.572 11747 11747 D cellinfo: Longitude is -105.1257951
08-10 22:27:56.572 11747 11747 D cellinfo: Instantaneous GPS information: United States, 3687-3521 US-287, Laporte, CO 80535, USA
08-10 22:27:56.572 11747 11747 D cellinfo: getCurrentLocation() result: Location (success): 40.6416002, -105.1257951
08-10 22:27:56.574 11747 11747 D cellinfo: onsignalStrengthsChanged: LTE Signal Strength info: rsrp: -83 rsrq: -7 rssi: -67 rssnr: 6
08-10 22:27:56.763 11747 11794 D cellinfo: 46 bytes from 44.241.174.93: icmp_seq=901 ttl=26 time=77.6 ms
08-10 22:27:56.954 11747 11794 D cellinfo: 46 bytes from 44.241.174.93: icmp_seq=902 ttl=26 time=68.5 ms
08-10 22:27:57.162 11747 11794 D cellinfo: 46 bytes from 44.241.174.93: icmp_seq=903 ttl=26 time=76.2 ms
08-10 22:27:57.355 11747 11794 D cellinfo: 46 bytes from 44.241.174.93: icmp_seq=904 ttl=26 time=68.3 ms
08-10 22:27:57.554 11747 11794 D cellinfo: 46 bytes from 44.241.174.93: icmp_seq=905 ttl=26 time=66.4 ms
08-10 22:27:57.754 11747 11794 D cellinfo: 46 bytes from 44.241.174.93: icmp_seq=906 ttl=26 time=65.2 ms
08-10 22:27:57.966 11747 11794 D cellinfo: 46 bytes from 44.241.174.93: icmp_seq=907 ttl=26 time=75.3 ms
08-10 22:27:57.989 11747 11747 D cellinfo: Latitude is 40.6416002
08-10 22:27:57.989 11747 11747 D cellinfo: Longitude is -105.1257951
08-10 22:27:57.989 11747 11747 D cellinfo: Instantaneous GPS information: United States, 3687-3521 US-287, Laporte, CO 80535, USA
08-10 22:27:57.989 11747 11747 D cellinfo: getCurrentLocation() result: Location (success): 40.6416002, -105.1257951
08-10 22:27:58.031 11747 11747 D cellinfo: onCellInfoChanged: Operator: Verizon Wireless UpdateTimestamp: 26911332 CellConnectionStatus: 1
08-10 22:27:58.032 11747 11747 D cellinfo: onCellInfoChanged: LTE Cell Bands: [13, 4, 2] Bandwidth: 10000 Cell ID: 3987713 Physical Cell ID: 12 Tracking Area Code: 3840 EARFCN: 5230
08-10 22:27:58.160 11747 11794 D cellinfo: 46 bytes from 44.241.174.93: icmp_seq=908 ttl=26 time=68.5 ms
08-10 22:27:58.364 11747 11794 D cellinfo: 46 bytes from 44.241.174.93: icmp_seq=909 ttl=26 time=71.8 ms
08-10 22:27:58.564 11747 11794 D cellinfo: 46 bytes from 44.241.174.93: icmp_seq=910 ttl=26 time=71.0 ms
08-10 22:27:58.765 11747 11794 D cellinfo: 46 bytes from 44.241.174.93: icmp_seq=911 ttl=26 time=71.3 ms
08-10 22:27:58.964 11747 11794 D cellinfo: 46 bytes from 44.241.174.93: icmp_seq=912 ttl=26 time=69.3 ms
08-10 22:27:59.165 11747 11794 D cellinfo: 46 bytes from 44.241.174.93: icmp_seq=913 ttl=26 time=68.9 ms
08-10 22:27:59.366 11747 11794 D cellinfo: 46 bytes from 44.241.174.93: icmp_seq=914 ttl=26 time=69.8 ms
08-10 22:27:59.573 11747 11794 D cellinfo: 46 bytes from 44.241.174.93: icmp_seq=915 ttl=26 time=76.2 ms
08-10 22:27:59.765 11747 11794 D cellinfo: 46 bytes from 44.241.174.93: icmp_seq=916 ttl=26 time=66.1 ms
08-10 22:27:59.964 11747 11794 D cellinfo: 46 bytes from 44.241.174.93: icmp_seq=917 ttl=26 time=65.5 ms
08-10 22:28:00.175 11747 11794 D cellinfo: 46 bytes from 44.241.174.93: icmp_seq=918 ttl=26 time=74.1 ms
08-10 22:28:00.374 11747 11794 D cellinfo: 46 bytes from 44.241.174.93: icmp_seq=919 ttl=26 time=72.9 ms
08-10 22:28:00.533 11747 11747 D cellinfo: onsignalStrengthsChanged: LTE Signal Strength info: rsrp: -84 rsrq: -12 rssi: -63 rssnr: 3
08-10 22:28:00.575 11747 11794 D cellinfo: 46 bytes from 44.241.174.93: icmp_seq=920 ttl=26 time=72.9 ms
08-10 22:28:00.775 11747 11794 D cellinfo: 46 bytes from 44.241.174.93: icmp_seq=921 ttl=26 time=72.4 ms
08-10 22:28:00.974 11747 11794 D cellinfo: 46 bytes from 44.241.174.93: icmp_seq=922 ttl=26 time=70.3 ms
08-10 22:28:01.174 11747 11794 D cellinfo: 46 bytes from 44.241.174.93: icmp_seq=923 ttl=26 time=69.2 ms
08-10 22:28:01.377 11747 11794 D cellinfo: 46 bytes from 44.241.174.93: icmp_seq=924 ttl=26 time=69.9 ms
08-10 22:28:01.378 11747 11747 D cellinfo: Latitude is 40.6413962
08-10 22:28:01.378 11747 11747 D cellinfo: Longitude is -105.125241
08-10 22:28:01.378 11747 11747 D cellinfo: Instantaneous GPS information: United States, 3644 US-287, Laporte, CO 80535, USA
08-10 22:28:01.378 11747 11747 D cellinfo: getCurrentLocation() result: Location (success): 40.6413962, -105.125241
08-10 22:28:01.389 11747 11747 D cellinfo: onCellInfoChanged: Operator: Verizon Wireless UpdateTimestamp: 26914316 CellConnectionStatus: 1
08-10 22:28:01.389 11747 11747 D cellinfo: onCellInfoChanged: LTE Cell Bands: [13, 4, 2] Bandwidth: 10000 Cell ID: 3987713 Physical Cell ID: 12 Tracking Area Code: 3840 EARFCN: 5230
08-10 22:28:01.574 11747 11794 D cellinfo: 46 bytes from 44.241.174.93: icmp_seq=925 ttl=26 time=66.7 ms
08-10 22:28:01.775 11747 11794 D cellinfo: 46 bytes from 44.241.174.93: icmp_seq=926 ttl=26 time=67.3 ms
08-10 22:28:01.974 11747 11794 D cellinfo: 46 bytes from 44.241.174.93: icmp_seq=927 ttl=26 time=65.4 ms
08-10 22:28:02.174 11747 11794 D cellinfo: 46 bytes from 44.241.174.93: icmp_seq=928 ttl=26 time=64.5 ms
08-10 22:28:02.384 11747 11794 D cellinfo: 46 bytes from 44.241.174.93: icmp_seq=929 ttl=26 time=74.0 ms
08-10 22:28:02.585 11747 11794 D cellinfo: 46 bytes from 44.241.174.93: icmp_seq=930 ttl=26 time=73.3 ms
08-10 22:28:02.785 11747 11794 D cellinfo: 46 bytes from 44.241.174.93: icmp_seq=931 ttl=26 time=72.1 ms
08-10 22:28:02.984 11747 11794 D cellinfo: 46 bytes from 44.241.174.93: icmp_seq=932 ttl=26 time=70.5 ms
08-10 22:28:03.185 11747 11794 D cellinfo: 46 bytes from 44.241.174.93: icmp_seq=933 ttl=26 time=70.3 ms
08-10 22:28:03.385 11747 11794 D cellinfo: 46 bytes from 44.241.174.93: icmp_seq=934 ttl=26 time=70.0 ms
08-10 22:28:03.602 11747 11794 D cellinfo: 46 bytes from 44.241.174.93: icmp_seq=935 ttl=26 time=86.7 ms
08-10 22:28:03.785 11747 11794 D cellinfo: 46 bytes from 44.241.174.93: icmp_seq=936 ttl=26 time=69.0 ms
08-10 22:28:03.985 11747 11794 D cellinfo: 46 bytes from 44.241.174.93: icmp_seq=937 ttl=26 time=68.9 ms
