08-10 21:52:28.114  5320  5374 D cellinfo: 46 bytes from 44.241.174.93: icmp_seq=1257 ttl=26 time=93.5 ms
08-10 21:52:28.340  5320  5374 D cellinfo: 46 bytes from 44.241.174.93: icmp_seq=1258 ttl=26 time=118 ms
08-10 21:52:28.512  5320  5374 D cellinfo: 46 bytes from 44.241.174.93: icmp_seq=1259 ttl=26 time=90.4 ms
08-10 21:52:28.714  5320  5374 D cellinfo: 46 bytes from 44.241.174.93: icmp_seq=1260 ttl=26 time=91.8 ms
08-10 21:52:28.925  5320  5374 D cellinfo: 46 bytes from 44.241.174.93: icmp_seq=1261 ttl=26 time=101 ms
08-10 21:52:29.128  5320  5374 D cellinfo: 46 bytes from 44.241.174.93: icmp_seq=1262 ttl=26 time=104 ms
08-10 21:52:29.306  5320  5374 D cellinfo: 46 bytes from 44.241.174.93: icmp_seq=1263 ttl=26 time=80.8 ms
08-10 21:52:29.505  5320  5374 D cellinfo: 46 bytes from 44.241.174.93: icmp_seq=1264 ttl=26 time=79.0 ms
08-10 21:52:29.722  5320  5374 D cellinfo: 46 bytes from 44.241.174.93: icmp_seq=1265 ttl=26 time=95.2 ms
08-10 21:52:29.929  5320  5374 D cellinfo: 46 bytes from 44.241.174.93: icmp_seq=1266 ttl=26 time=101 ms
08-10 21:52:30.105  5320  5374 D cellinfo: 46 bytes from 44.241.174.93: icmp_seq=1267 ttl=26 time=76.1 ms
08-10 21:52:30.376  5320  5374 D cellinfo: 46 bytes from 44.241.174.93: icmp_seq=1268 ttl=26 time=145 ms
08-10 21:52:30.436  5320  5320 D cellinfo: Latitude is 40.9866766
08-10 21:52:30.436  5320  5320 D cellinfo: Longitude is -105.4049745
08-10 21:52:30.436  5320  5320 D cellinfo: Instantaneous GPS information: United States, 35908 US-287, Livermore, CO 80536, USA
08-10 21:52:30.436  5320  5320 D cellinfo: getCurrentLocation() result: Location (success): 40.9866766, -105.4049745
08-10 21:52:30.439  5320  5320 D cellinfo: onCellInfoChanged: Operator: Verizon Wireless UpdateTimestamp: 24783194 CellConnectionStatus: 1
08-10 21:52:30.440  5320  5320 D cellinfo: onCellInfoChanged: LTE Cell Bands: [13] Bandwidth: 10000 Cell ID: 3894529 Physical Cell ID: 360 Tracking Area Code: 3840 EARFCN: 5230
08-10 21:52:30.592  5320  5374 D cellinfo: 46 bytes from 44.241.174.93: icmp_seq=1269 ttl=26 time=161 ms
08-10 21:52:30.724  5320  5374 D cellinfo: 46 bytes from 44.241.174.93: icmp_seq=1270 ttl=26 time=92.1 ms
08-10 21:52:30.945  5320  5374 D cellinfo: 46 bytes from 44.241.174.93: icmp_seq=1271 ttl=26 time=112 ms
08-10 21:52:31.147  5320  5374 D cellinfo: 46 bytes from 44.241.174.93: icmp_seq=1272 ttl=26 time=113 ms
08-10 21:52:31.324  5320  5374 D cellinfo: 46 bytes from 44.241.174.93: icmp_seq=1273 ttl=26 time=89.3 ms
08-10 21:52:31.515  5320  5374 D cellinfo: 46 bytes from 44.241.174.93: icmp_seq=1274 ttl=26 time=79.4 ms
08-10 21:52:31.731  5320  5374 D cellinfo: 46 bytes from 44.241.174.93: icmp_seq=1275 ttl=26 time=94.0 ms
08-10 21:52:31.948  5320  5374 D cellinfo: 46 bytes from 44.241.174.93: icmp_seq=1276 ttl=26 time=110 ms
08-10 21:52:32.122  5320  5374 D cellinfo: 46 bytes from 44.241.174.93: icmp_seq=1277 ttl=26 time=84.0 ms
08-10 21:52:32.333  5320  5374 D cellinfo: 46 bytes from 44.241.174.93: icmp_seq=1278 ttl=26 time=94.3 ms
08-10 21:52:32.571  5320  5374 D cellinfo: 46 bytes from 44.241.174.93: icmp_seq=1279 ttl=26 time=130 ms
08-10 21:52:32.743  5320  5374 D cellinfo: 46 bytes from 44.241.174.93: icmp_seq=1280 ttl=26 time=102 ms
08-10 21:52:32.988  5320  5374 D cellinfo: 46 bytes from 44.241.174.93: icmp_seq=1281 ttl=26 time=147 ms
08-10 21:52:33.148  5320  5374 D cellinfo: 46 bytes from 44.241.174.93: icmp_seq=1282 ttl=26 time=105 ms
08-10 21:52:33.347  5320  5374 D cellinfo: 46 bytes from 44.241.174.93: icmp_seq=1283 ttl=26 time=103 ms
08-10 21:52:33.524  5320  5374 D cellinfo: 46 bytes from 44.241.174.93: icmp_seq=1284 ttl=26 time=80.4 ms
08-10 21:52:33.588  5320  5320 D cellinfo: Latitude is 40.986436
08-10 21:52:33.588  5320  5320 D cellinfo: Longitude is -105.404594
08-10 21:52:33.588  5320  5320 D cellinfo: Instantaneous GPS information: United States, 35543-35421 US-287, Livermore, CO 80536, USA
08-10 21:52:33.588  5320  5320 D cellinfo: getCurrentLocation() result: Location (success): 40.986436, -105.404594
08-10 21:52:33.590  5320  5320 D cellinfo: onCellInfoChanged: Operator: Verizon Wireless UpdateTimestamp: 24786199 CellConnectionStatus: 1
08-10 21:52:33.590  5320  5320 D cellinfo: onCellInfoChanged: LTE Cell Bands: [13] Bandwidth: 10000 Cell ID: 3894529 Physical Cell ID: 360 Tracking Area Code: 3840 EARFCN: 5230
08-10 21:52:33.845  5320  5374 D cellinfo: 46 bytes from 44.241.174.93: icmp_seq=1285 ttl=26 time=201 ms
08-10 21:52:33.955  5320  5374 D cellinfo: 46 bytes from 44.241.174.93: icmp_seq=1286 ttl=26 time=109 ms
08-10 21:52:34.137  5320  5374 D cellinfo: 46 bytes from 44.241.174.93: icmp_seq=1287 ttl=26 time=90.0 ms
08-10 21:52:34.316  5320  5374 D cellinfo: 46 bytes from 44.241.174.93: icmp_seq=1288 ttl=26 time=68.7 ms
08-10 21:52:34.535  5320  5374 D cellinfo: 46 bytes from 44.241.174.93: icmp_seq=1289 ttl=26 time=87.2 ms
08-10 21:52:34.743  5320  5374 D cellinfo: 46 bytes from 44.241.174.93: icmp_seq=1290 ttl=26 time=94.3 ms
08-10 21:52:34.946  5320  5374 D cellinfo: 46 bytes from 44.241.174.93: icmp_seq=1291 ttl=26 time=95.7 ms
08-10 21:52:35.146  5320  5374 D cellinfo: 46 bytes from 44.241.174.93: icmp_seq=1292 ttl=26 time=95.3 ms
08-10 21:52:35.351  5320  5374 D cellinfo: 46 bytes from 44.241.174.93: icmp_seq=1293 ttl=26 time=100 ms
08-10 21:52:35.554  5320  5374 D cellinfo: 46 bytes from 44.241.174.93: icmp_seq=1294 ttl=26 time=101 ms
08-10 21:52:35.754  5320  5374 D cellinfo: 46 bytes from 44.241.174.93: icmp_seq=1295 ttl=26 time=101 ms
08-10 21:52:35.903  5320  5320 D cellinfo: onCellInfoChanged: Operator: Verizon Wireless UpdateTimestamp: 24789204 CellConnectionStatus: 1
08-10 21:52:35.903  5320  5320 D cellinfo: onCellInfoChanged: LTE Cell Bands: [13] Bandwidth: 10000 Cell ID: 3894529 Physical Cell ID: 360 Tracking Area Code: 3840 EARFCN: 5230
08-10 21:52:35.957  5320  5374 D cellinfo: 46 bytes from 44.241.174.93: icmp_seq=1296 ttl=26 time=104 ms
08-10 21:52:36.251  5320  5374 D cellinfo: 46 bytes from 44.241.174.93: icmp_seq=1297 ttl=26 time=197 ms
08-10 21:52:36.355  5320  5374 D cellinfo: 46 bytes from 44.241.174.93: icmp_seq=1298 ttl=26 time=100 ms
08-10 21:52:36.591  5320  5374 D cellinfo: 46 bytes from 44.241.174.93: icmp_seq=1299 ttl=26 time=135 ms
08-10 21:52:36.753  5320  5374 D cellinfo: 46 bytes from 44.241.174.93: icmp_seq=1300 ttl=26 time=95.9 ms
08-10 21:52:36.996  5320  5374 D cellinfo: 46 bytes from 44.241.174.93: icmp_seq=1301 ttl=26 time=138 ms
08-10 21:52:37.047  5320  5320 D cellinfo: Latitude is 40.985148
08-10 21:52:37.047  5320  5320 D cellinfo: Longitude is -105.4019647
08-10 21:52:37.047  5320  5320 D cellinfo: Instantaneous GPS information: United States, 35543-35421 US-287, Livermore, CO 80536, USA
08-10 21:52:37.047  5320  5320 D cellinfo: getCurrentLocation() result: Location (success): 40.985148, -105.4019647
08-10 21:52:37.226  5320  5374 D cellinfo: 46 bytes from 44.241.174.93: icmp_seq=1302 ttl=26 time=168 ms
08-10 21:52:37.342  5320  5374 D cellinfo: 46 bytes from 44.241.174.93: icmp_seq=1303 ttl=26 time=83.7 ms
08-10 21:52:37.563  5320  5374 D cellinfo: 46 bytes from 44.241.174.93: icmp_seq=1304 ttl=26 time=104 ms
08-10 21:52:37.771  5320  5374 D cellinfo: 46 bytes from 44.241.174.93: icmp_seq=1305 ttl=26 time=111 ms
08-10 21:52:37.957  5320  5374 D cellinfo: 46 bytes from 44.241.174.93: icmp_seq=1306 ttl=26 time=96.9 ms
08-10 21:52:38.182  5320  5374 D cellinfo: 46 bytes from 44.241.174.93: icmp_seq=1307 ttl=26 time=121 ms
08-10 21:52:38.370  5320  5374 D cellinfo: 46 bytes from 44.241.174.93: icmp_seq=1308 ttl=26 time=107 ms
08-10 21:52:38.585  5320  5374 D cellinfo: 46 bytes from 44.241.174.93: icmp_seq=1309 ttl=26 time=122 ms
08-10 21:52:38.775  5320  5374 D cellinfo: 46 bytes from 44.241.174.93: icmp_seq=1310 ttl=26 time=111 ms
08-10 21:52:38.868  5320  5320 D cellinfo: Latitude is 40.985148
08-10 21:52:38.868  5320  5320 D cellinfo: Longitude is -105.4019647
08-10 21:52:38.868  5320  5320 D cellinfo: Instantaneous GPS information: United States, 35543-35421 US-287, Livermore, CO 80536, USA
08-10 21:52:38.868  5320  5320 D cellinfo: getCurrentLocation() result: Location (success): 40.985148, -105.4019647
08-10 21:52:38.902  5320  5320 D cellinfo: onCellInfoChanged: Operator: Verizon Wireless UpdateTimestamp: 24792203 CellConnectionStatus: 1
08-10 21:52:38.902  5320  5320 D cellinfo: onCellInfoChanged: LTE Cell Bands: [13] Bandwidth: 10000 Cell ID: 3894529 Physical Cell ID: 360 Tracking Area Code: 3840 EARFCN: 5230
08-10 21:52:38.952  5320  5374 D cellinfo: 46 bytes from 44.241.174.93: icmp_seq=1311 ttl=26 time=88.8 ms
08-10 21:52:39.163  5320  5374 D cellinfo: 46 bytes from 44.241.174.93: icmp_seq=1312 ttl=26 time=99.2 ms
08-10 21:52:39.381  5320  5374 D cellinfo: 46 bytes from 44.241.174.93: icmp_seq=1313 ttl=26 time=116 ms
08-10 21:52:39.546  5320  5374 D cellinfo: 46 bytes from 44.241.174.93: icmp_seq=1314 ttl=26 time=80.7 ms
08-10 21:52:39.773  5320  5374 D cellinfo: 46 bytes from 44.241.174.93: icmp_seq=1315 ttl=26 time=107 ms
08-10 21:52:39.972  5320  5374 D cellinfo: 46 bytes from 44.241.174.93: icmp_seq=1316 ttl=26 time=105 ms
08-10 21:52:40.137  5320  5374 D cellinfo: 46 bytes from 44.241.174.93: icmp_seq=1317 ttl=26 time=70.1 ms
08-10 21:52:40.350  5320  5374 D cellinfo: 46 bytes from 44.241.174.93: icmp_seq=1318 ttl=26 time=81.9 ms
08-10 21:52:40.546  5320  5374 D cellinfo: 46 bytes from 44.241.174.93: icmp_seq=1319 ttl=26 time=77.0 ms
08-10 21:52:40.746  5320  5374 D cellinfo: 46 bytes from 44.241.174.93: icmp_seq=1320 ttl=26 time=76.5 ms
08-10 21:52:40.957  5320  5374 D cellinfo: 46 bytes from 44.241.174.93: icmp_seq=1321 ttl=26 time=87.0 ms
08-10 21:52:41.157  5320  5374 D cellinfo: 46 bytes from 44.241.174.93: icmp_seq=1322 ttl=26 time=85.8 ms
08-10 21:52:41.361  5320  5374 D cellinfo: 46 bytes from 44.241.174.93: icmp_seq=1323 ttl=26 time=88.3 ms
08-10 21:52:41.547  5320  5374 D cellinfo: 46 bytes from 44.241.174.93: icmp_seq=1324 ttl=26 time=73.8 ms
08-10 21:52:41.778  5320  5374 D cellinfo: 46 bytes from 44.241.174.93: icmp_seq=1325 ttl=26 time=104 ms
08-10 21:52:41.997  5320  5374 D cellinfo: 46 bytes from 44.241.174.93: icmp_seq=1326 ttl=26 time=122 ms
08-10 21:52:42.173  5320  5374 D cellinfo: 46 bytes from 44.241.174.93: icmp_seq=1327 ttl=26 time=97.7 ms
08-10 21:52:42.331  5320  5320 D cellinfo: Latitude is 40.9848195
08-10 21:52:42.332  5320  5320 D cellinfo: Longitude is -105.4012094
08-10 21:52:42.332  5320  5320 D cellinfo: Instantaneous GPS information: United States, 35419-35361 US-287, Livermore, CO 80536, USA
08-10 21:52:42.332  5320  5320 D cellinfo: getCurrentLocation() result: Location (success): 40.9848195, -105.4012094
08-10 21:52:42.335  5320  5320 D cellinfo: onCellInfoChanged: Operator: Verizon Wireless UpdateTimestamp: 24795199 CellConnectionStatus: 1
08-10 21:52:42.335  5320  5320 D cellinfo: onCellInfoChanged: LTE Cell Bands: [13] Bandwidth: 10000 Cell ID: 3894529 Physical Cell ID: 360 Tracking Area Code: 3840 EARFCN: 5230
08-10 21:52:42.357  5320  5374 D cellinfo: 46 bytes from 44.241.174.93: icmp_seq=1328 ttl=26 time=81.1 ms
08-10 21:52:42.565  5320  5374 D cellinfo: 46 bytes from 44.241.174.93: icmp_seq=1329 ttl=26 time=88.2 ms
08-10 21:52:42.785  5320  5374 D cellinfo: 46 bytes from 44.241.174.93: icmp_seq=1330 ttl=26 time=107 ms
08-10 21:52:42.975  5320  5374 D cellinfo: 46 bytes from 44.241.174.93: icmp_seq=1331 ttl=26 time=95.3 ms
08-10 21:52:43.170  5320  5374 D cellinfo: 46 bytes from 44.241.174.93: icmp_seq=1332 ttl=26 time=89.8 ms
08-10 21:52:43.388  5320  5374 D cellinfo: 46 bytes from 44.241.174.93: icmp_seq=1333 ttl=26 time=107 ms
08-10 21:52:43.569  5320  5374 D cellinfo: 46 bytes from 44.241.174.93: icmp_seq=1334 ttl=26 time=87.8 ms
08-10 21:52:43.791  5320  5374 D cellinfo: 46 bytes from 44.241.174.93: icmp_seq=1335 ttl=26 time=108 ms
08-10 21:52:44.001  5320  5374 D cellinfo: 46 bytes from 44.241.174.93: icmp_seq=1336 ttl=26 time=118 ms
08-10 21:52:44.166  5320  5374 D cellinfo: 46 bytes from 44.241.174.93: icmp_seq=1337 ttl=26 time=84.4 ms
08-10 21:52:44.355  5320  5374 D cellinfo: 46 bytes from 44.241.174.93: icmp_seq=1338 ttl=26 time=72.9 ms
08-10 21:52:44.558  5320  5374 D cellinfo: 46 bytes from 44.241.174.93: icmp_seq=1339 ttl=26 time=75.3 ms
08-10 21:52:44.764  5320  5374 D cellinfo: 46 bytes from 44.241.174.93: icmp_seq=1340 ttl=26 time=80.9 ms
08-10 21:52:44.951  5320  5374 D cellinfo: 46 bytes from 44.241.174.93: icmp_seq=1341 ttl=26 time=67.4 ms
08-10 21:52:45.156  5320  5374 D cellinfo: 46 bytes from 44.241.174.93: icmp_seq=1342 ttl=26 time=70.4 ms
08-10 21:52:45.253  5320  5320 D cellinfo: Latitude is 40.9846348
08-10 21:52:45.254  5320  5320 D cellinfo: Longitude is -105.4007831
08-10 21:52:45.254  5320  5320 D cellinfo: Instantaneous GPS information: United States, 35419-35361 US-287, Livermore, CO 80536, USA
08-10 21:52:45.254  5320  5320 D cellinfo: getCurrentLocation() result: Location (success): 40.9846348, -105.4007831
08-10 21:52:45.257  5320  5320 D cellinfo: onCellInfoChanged: Operator: Verizon Wireless UpdateTimestamp: 24798193 CellConnectionStatus: 1
08-10 21:52:45.257  5320  5320 D cellinfo: onCellInfoChanged: LTE Cell Bands: [13] Bandwidth: 10000 Cell ID: 3894529 Physical Cell ID: 360 Tracking Area Code: 3840 EARFCN: 5230
08-10 21:52:45.258  5320  5320 D cellinfo: onsignalStrengthsChanged: LTE Signal Strength info: rsrp: -109 rsrq: -7 rssi: -93 rssnr: 5
08-10 21:52:45.357  5320  5374 D cellinfo: 46 bytes from 44.241.174.93: icmp_seq=1343 ttl=26 time=71.5 ms
08-10 21:52:45.564  5320  5374 D cellinfo: 46 bytes from 44.241.174.93: icmp_seq=1344 ttl=26 time=77.4 ms
08-10 21:52:45.767  5320  5374 D cellinfo: 46 bytes from 44.241.174.93: icmp_seq=1345 ttl=26 time=79.7 ms
08-10 21:52:45.958  5320  5374 D cellinfo: 46 bytes from 44.241.174.93: icmp_seq=1346 ttl=26 time=70.3 ms
08-10 21:52:46.170  5320  5374 D cellinfo: 46 bytes from 44.241.174.93: icmp_seq=1347 ttl=26 time=81.0 ms
08-10 21:52:46.375  5320  5374 D cellinfo: 46 bytes from 44.241.174.93: icmp_seq=1348 ttl=26 time=85.2 ms
08-10 21:52:46.572  5320  5374 D cellinfo: 46 bytes from 44.241.174.93: icmp_seq=1349 ttl=26 time=81.3 ms
08-10 21:52:46.775  5320  5374 D cellinfo: 46 bytes from 44.241.174.93: icmp_seq=1350 ttl=26 time=83.1 ms
08-10 21:52:46.966  5320  5374 D cellinfo: 46 bytes from 44.241.174.93: icmp_seq=1351 ttl=26 time=73.3 ms
08-10 21:52:47.167  5320  5374 D cellinfo: 46 bytes from 44.241.174.93: icmp_seq=1352 ttl=26 time=73.4 ms
08-10 21:52:47.374  5320  5374 D cellinfo: 46 bytes from 44.241.174.93: icmp_seq=1353 ttl=26 time=80.2 ms
08-10 21:52:47.566  5320  5374 D cellinfo: 46 bytes from 44.241.174.93: icmp_seq=1354 ttl=26 time=71.3 ms
08-10 21:52:47.786  5320  5374 D cellinfo: 46 bytes from 44.241.174.93: icmp_seq=1355 ttl=26 time=87.8 ms
08-10 21:52:47.900  5320  5320 D cellinfo: onCellInfoChanged: Operator: Verizon Wireless UpdateTimestamp: 24801201 CellConnectionStatus: 1
08-10 21:52:47.900  5320  5320 D cellinfo: onCellInfoChanged: LTE Cell Bands: [13] Bandwidth: 10000 Cell ID: 3894529 Physical Cell ID: 360 Tracking Area Code: 3840 EARFCN: 5230
08-10 21:52:47.976  5320  5374 D cellinfo: 46 bytes from 44.241.174.93: icmp_seq=1356 ttl=26 time=79.3 ms
08-10 21:52:48.164  5320  5374 D cellinfo: 46 bytes from 44.241.174.93: icmp_seq=1357 ttl=26 time=66.5 ms
08-10 21:52:48.376  5320  5374 D cellinfo: 46 bytes from 44.241.174.93: icmp_seq=1358 ttl=26 time=75.9 ms
08-10 21:52:48.541  5320  5320 D cellinfo: Latitude is 40.9834533
08-10 21:52:48.541  5320  5320 D cellinfo: Longitude is -105.3980603
08-10 21:52:48.541  5320  5320 D cellinfo: Instantaneous GPS information: United States, 35359-35141 US-287, Livermore, CO 80536, USA
08-10 21:52:48.541  5320  5320 D cellinfo: getCurrentLocation() result: Location (success): 40.9834533, -105.3980603
08-10 21:52:48.577  5320  5374 D cellinfo: 46 bytes from 44.241.174.93: icmp_seq=1359 ttl=26 time=77.6 ms
08-10 21:52:48.782  5320  5374 D cellinfo: 46 bytes from 44.241.174.93: icmp_seq=1360 ttl=26 time=82.1 ms
08-10 21:52:48.900  5320  5320 D cellinfo: onsignalStrengthsChanged: LTE Signal Strength info: rsrp: -108 rsrq: -9 rssi: -91 rssnr: 10
08-10 21:52:48.977  5320  5374 D cellinfo: 46 bytes from 44.241.174.93: icmp_seq=1361 ttl=26 time=75.6 ms
08-10 21:52:49.178  5320  5374 D cellinfo: 46 bytes from 44.241.174.93: icmp_seq=1362 ttl=26 time=76.8 ms
08-10 21:52:49.385  5320  5374 D cellinfo: 46 bytes from 44.241.174.93: icmp_seq=1363 ttl=26 time=82.3 ms
08-10 21:52:49.579  5320  5374 D cellinfo: 46 bytes from 44.241.174.93: icmp_seq=1364 ttl=26 time=76.4 ms
08-10 21:52:49.795  5320  5374 D cellinfo: 46 bytes from 44.241.174.93: icmp_seq=1365 ttl=26 time=92.0 ms
08-10 21:52:49.977  5320  5374 D cellinfo: 46 bytes from 44.241.174.93: icmp_seq=1366 ttl=26 time=72.8 ms
08-10 21:52:50.178  5320  5374 D cellinfo: 46 bytes from 44.241.174.93: icmp_seq=1367 ttl=26 time=72.8 ms
08-10 21:52:50.380  5320  5374 D cellinfo: 46 bytes from 44.241.174.93: icmp_seq=1368 ttl=26 time=74.3 ms
08-10 21:52:50.577  5320  5374 D cellinfo: 46 bytes from 44.241.174.93: icmp_seq=1369 ttl=26 time=70.4 ms
08-10 21:52:50.796  5320  5374 D cellinfo: 46 bytes from 44.241.174.93: icmp_seq=1370 ttl=26 time=89.2 ms
08-10 21:52:50.862  5320  5320 D cellinfo: Latitude is 40.9834533
08-10 21:52:50.862  5320  5320 D cellinfo: Longitude is -105.3980603
08-10 21:52:50.862  5320  5320 D cellinfo: Instantaneous GPS information: United States, 35359-35141 US-287, Livermore, CO 80536, USA
08-10 21:52:50.862  5320  5320 D cellinfo: getCurrentLocation() result: Location (success): 40.9834533, -105.3980603
08-10 21:52:50.903  5320  5320 D cellinfo: onCellInfoChanged: Operator: Verizon Wireless UpdateTimestamp: 24804205 CellConnectionStatus: 1
08-10 21:52:50.903  5320  5320 D cellinfo: onCellInfoChanged: LTE Cell Bands: [13] Bandwidth: 10000 Cell ID: 3894529 Physical Cell ID: 360 Tracking Area Code: 3840 EARFCN: 5230
08-10 21:52:50.989  5320  5374 D cellinfo: 46 bytes from 44.241.174.93: icmp_seq=1371 ttl=26 time=80.9 ms
08-10 21:52:51.176  5320  5374 D cellinfo: 46 bytes from 44.241.174.93: icmp_seq=1372 ttl=26 time=67.5 ms
08-10 21:52:51.391  5320  5374 D cellinfo: 46 bytes from 44.241.174.93: icmp_seq=1373 ttl=26 time=80.7 ms
08-10 21:52:51.586  5320  5374 D cellinfo: 46 bytes from 44.241.174.93: icmp_seq=1374 ttl=26 time=75.7 ms
08-10 21:52:51.805  5320  5374 D cellinfo: 46 bytes from 44.241.174.93: icmp_seq=1375 ttl=26 time=93.9 ms
08-10 21:52:52.015  5320  5374 D cellinfo: 46 bytes from 44.241.174.93: icmp_seq=1376 ttl=26 time=103 ms
08-10 21:52:52.187  5320  5374 D cellinfo: 46 bytes from 44.241.174.93: icmp_seq=1377 ttl=26 time=76.3 ms
08-10 21:52:52.388  5320  5374 D cellinfo: 46 bytes from 44.241.174.93: icmp_seq=1378 ttl=26 time=76.3 ms
08-10 21:52:52.595  5320  5374 D cellinfo: 46 bytes from 44.241.174.93: icmp_seq=1379 ttl=26 time=81.3 ms
08-10 21:52:52.808  5320  5374 D cellinfo: 46 bytes from 44.241.174.93: icmp_seq=1380 ttl=26 time=92.9 ms
08-10 21:52:52.991  5320  5374 D cellinfo: 46 bytes from 44.241.174.93: icmp_seq=1381 ttl=26 time=75.2 ms
08-10 21:52:53.193  5320  5374 D cellinfo: 46 bytes from 44.241.174.93: icmp_seq=1382 ttl=26 time=75.7 ms
08-10 21:52:53.391  5320  5374 D cellinfo: 46 bytes from 44.241.174.93: icmp_seq=1383 ttl=26 time=74.0 ms
08-10 21:52:53.588  5320  5374 D cellinfo: 46 bytes from 44.241.174.93: icmp_seq=1384 ttl=26 time=68.8 ms
08-10 21:52:53.816  5320  5374 D cellinfo: 46 bytes from 44.241.174.93: icmp_seq=1385 ttl=26 time=96.2 ms
08-10 21:52:53.998  5320  5374 D cellinfo: 46 bytes from 44.241.174.93: icmp_seq=1386 ttl=26 time=77.8 ms
08-10 21:52:54.198  5320  5374 D cellinfo: 46 bytes from 44.241.174.93: icmp_seq=1387 ttl=26 time=75.7 ms
08-10 21:52:54.290  5320  5320 D cellinfo: Latitude is 40.9831392
08-10 21:52:54.290  5320  5320 D cellinfo: Longitude is -105.3973081
08-10 21:52:54.290  5320  5320 D cellinfo: Instantaneous GPS information: United States, 35342 US-287, Livermore, CO 80536, USA
08-10 21:52:54.290  5320  5320 D cellinfo: getCurrentLocation() result: Location (success): 40.9831392, -105.3973081
08-10 21:52:54.294  5320  5320 D cellinfo: onCellInfoChanged: Operator: Verizon Wireless UpdateTimestamp: 24807203 CellConnectionStatus: 1
08-10 21:52:54.294  5320  5320 D cellinfo: onCellInfoChanged: LTE Cell Bands: [13] Bandwidth: 10000 Cell ID: 3894529 Physical Cell ID: 360 Tracking Area Code: 3840 EARFCN: 5230
08-10 21:52:54.398  5320  5374 D cellinfo: 46 bytes from 44.241.174.93: icmp_seq=1388 ttl=26 time=75.9 ms
08-10 21:52:54.597  5320  5374 D cellinfo: 46 bytes from 44.241.174.93: icmp_seq=1389 ttl=26 time=74.5 ms
08-10 21:52:54.820  5320  5374 D cellinfo: 46 bytes from 44.241.174.93: icmp_seq=1390 ttl=26 time=97.1 ms
08-10 21:52:54.999  5320  5374 D cellinfo: 46 bytes from 44.241.174.93: icmp_seq=1391 ttl=26 time=75.3 ms
08-10 21:52:55.205  5320  5374 D cellinfo: 46 bytes from 44.241.174.93: icmp_seq=1392 ttl=26 time=79.8 ms
08-10 21:52:55.448  5320  5374 D cellinfo: 46 bytes from 44.241.174.93: icmp_seq=1393 ttl=26 time=122 ms
08-10 21:52:55.605  5320  5374 D cellinfo: 46 bytes from 44.241.174.93: icmp_seq=1394 ttl=26 time=78.5 ms
08-10 21:52:55.798  5320  5374 D cellinfo: 46 bytes from 44.241.174.93: icmp_seq=1395 ttl=26 time=71.1 ms
08-10 21:52:55.998  5320  5374 D cellinfo: 46 bytes from 44.241.174.93: icmp_seq=1396 ttl=26 time=70.1 ms
08-10 21:52:56.201  5320  5374 D cellinfo: 46 bytes from 44.241.174.93: icmp_seq=1397 ttl=26 time=72.2 ms
08-10 21:52:56.409  5320  5374 D cellinfo: 46 bytes from 44.241.174.93: icmp_seq=1398 ttl=26 time=78.3 ms
08-10 21:52:56.607  5320  5374 D cellinfo: 46 bytes from 44.241.174.93: icmp_seq=1399 ttl=26 time=76.0 ms
08-10 21:52:56.827  5320  5374 D cellinfo: 46 bytes from 44.241.174.93: icmp_seq=1400 ttl=26 time=95.6 ms
08-10 21:52:57.004  5320  5374 D cellinfo: 46 bytes from 44.241.174.93: icmp_seq=1401 ttl=26 time=71.6 ms
08-10 21:52:57.196  5320  5374 D cellinfo: 46 bytes from 44.241.174.93: icmp_seq=1402 ttl=26 time=63.0 ms
08-10 21:52:57.319  5320  5320 D cellinfo: Latitude is 40.9829639
08-10 21:52:57.319  5320  5320 D cellinfo: Longitude is -105.3968867
08-10 21:52:57.319  5320  5320 D cellinfo: Instantaneous GPS information: United States, 35359-35141 US-287, Livermore, CO 80536, USA
08-10 21:52:57.319  5320  5320 D cellinfo: getCurrentLocation() result: Location (success): 40.9829639, -105.3968867
08-10 21:52:57.322  5320  5320 D cellinfo: onCellInfoChanged: Operator: Verizon Wireless UpdateTimestamp: 24810199 CellConnectionStatus: 1
08-10 21:52:57.322  5320  5320 D cellinfo: onCellInfoChanged: LTE Cell Bands: [13] Bandwidth: 10000 Cell ID: 3894529 Physical Cell ID: 360 Tracking Area Code: 3840 EARFCN: 5230
08-10 21:52:57.407  5320  5374 D cellinfo: 46 bytes from 44.241.174.93: icmp_seq=1403 ttl=26 time=74.7 ms
08-10 21:52:57.606  5320  5374 D cellinfo: 46 bytes from 44.241.174.93: icmp_seq=1404 ttl=26 time=73.5 ms
08-10 21:52:57.808  5320  5374 D cellinfo: 46 bytes from 44.241.174.93: icmp_seq=1405 ttl=26 time=74.4 ms
08-10 21:52:58.008  5320  5374 D cellinfo: 46 bytes from 44.241.174.93: icmp_seq=1406 ttl=26 time=72.6 ms
08-10 21:52:58.206  5320  5374 D cellinfo: 46 bytes from 44.241.174.93: icmp_seq=1407 ttl=26 time=71.5 ms
08-10 21:52:58.414  5320  5374 D cellinfo: 46 bytes from 44.241.174.93: icmp_seq=1408 ttl=26 time=78.3 ms
08-10 21:52:58.607  5320  5374 D cellinfo: 46 bytes from 44.241.174.93: icmp_seq=1409 ttl=26 time=69.3 ms
08-10 21:52:58.807  5320  5374 D cellinfo: 46 bytes from 44.241.174.93: icmp_seq=1410 ttl=26 time=69.0 ms
08-10 21:52:58.903  5320  5320 D cellinfo: onsignalStrengthsChanged: LTE Signal Strength info: rsrp: -119 rsrq: -11 rssi: -101 rssnr: 7
08-10 21:52:59.037  5320  5374 D cellinfo: 46 bytes from 44.241.174.93: icmp_seq=1411 ttl=26 time=98.4 ms
08-10 21:52:59.217  5320  5374 D cellinfo: 46 bytes from 44.241.174.93: icmp_seq=1412 ttl=26 time=77.0 ms
08-10 21:52:59.427  5320  5374 D cellinfo: 46 bytes from 44.241.174.93: icmp_seq=1413 ttl=26 time=87.1 ms
08-10 21:52:59.636  5320  5374 D cellinfo: 46 bytes from 44.241.174.93: icmp_seq=1414 ttl=26 time=95.1 ms
08-10 21:52:59.856  5320  5374 D cellinfo: 46 bytes from 44.241.174.93: icmp_seq=1415 ttl=26 time=114 ms
08-10 21:52:59.900  5320  5320 D cellinfo: onCellInfoChanged: Operator: Verizon Wireless UpdateTimestamp: 24813201 CellConnectionStatus: 1
08-10 21:52:59.900  5320  5320 D cellinfo: onCellInfoChanged: LTE Cell Bands: [13] Bandwidth: 10000 Cell ID: 3894529 Physical Cell ID: 360 Tracking Area Code: 3840 EARFCN: 5230
08-10 21:53:00.032  5320  5374 D cellinfo: 46 bytes from 44.241.174.93: icmp_seq=1416 ttl=26 time=89.7 ms
08-10 21:53:00.264  5320  5374 D cellinfo: 46 bytes from 44.241.174.93: icmp_seq=1417 ttl=26 time=121 ms
08-10 21:53:00.420  5320  5374 D cellinfo: 46 bytes from 44.241.174.93: icmp_seq=1418 ttl=26 time=76.4 ms
08-10 21:53:00.631  5320  5374 D cellinfo: 46 bytes from 44.241.174.93: icmp_seq=1419 ttl=26 time=86.6 ms
08-10 21:53:00.654  5320  5320 D cellinfo: Latitude is 40.9819198
08-10 21:53:00.654  5320  5320 D cellinfo: Longitude is -105.3945848
08-10 21:53:00.654  5320  5320 D cellinfo: Instantaneous GPS information: United States, 35139-35097 US-287, Livermore, CO 80536, USA
08-10 21:53:00.655  5320  5320 D cellinfo: getCurrentLocation() result: Location (success): 40.9819198, -105.3945848
08-10 21:53:00.816  5320  5374 D cellinfo: 46 bytes from 44.241.174.93: icmp_seq=1420 ttl=26 time=71.5 ms
08-10 21:53:01.021  5320  5374 D cellinfo: 46 bytes from 44.241.174.93: icmp_seq=1421 ttl=26 time=76.2 ms
08-10 21:53:01.218  5320  5374 D cellinfo: 46 bytes from 44.241.174.93: icmp_seq=1422 ttl=26 time=72.4 ms
08-10 21:53:01.434  5320  5374 D cellinfo: 46 bytes from 44.241.174.93: icmp_seq=1423 ttl=26 time=87.8 ms
08-10 21:53:01.625  5320  5374 D cellinfo: 46 bytes from 44.241.174.93: icmp_seq=1424 ttl=26 time=78.0 ms
08-10 21:53:01.835  5320  5374 D cellinfo: 46 bytes from 44.241.174.93: icmp_seq=1425 ttl=26 time=87.1 ms
08-10 21:53:02.018  5320  5374 D cellinfo: 46 bytes from 44.241.174.93: icmp_seq=1426 ttl=26 time=69.7 ms
08-10 21:53:02.228  5320  5374 D cellinfo: 46 bytes from 44.241.174.93: icmp_seq=1427 ttl=26 time=80.1 ms
08-10 21:53:02.439  5320  5374 D cellinfo: 46 bytes from 44.241.174.93: icmp_seq=1428 ttl=26 time=90.7 ms
08-10 21:53:02.625  5320  5374 D cellinfo: 46 bytes from 44.241.174.93: icmp_seq=1429 ttl=26 time=76.8 ms
08-10 21:53:02.841  5320  5374 D cellinfo: 46 bytes from 44.241.174.93: icmp_seq=1430 ttl=26 time=91.3 ms
08-10 21:53:02.866  5320  5320 D cellinfo: Latitude is 40.9819198
08-10 21:53:02.866  5320  5320 D cellinfo: Longitude is -105.3945848
08-10 21:53:02.866  5320  5320 D cellinfo: Instantaneous GPS information: United States, 35139-35097 US-287, Livermore, CO 80536, USA
08-10 21:53:02.866  5320  5320 D cellinfo: getCurrentLocation() result: Location (success): 40.9819198, -105.3945848
08-10 21:53:02.915  5320  5320 D cellinfo: onCellInfoChanged: Operator: Verizon Wireless UpdateTimestamp: 24816217 CellConnectionStatus: 1
08-10 21:53:02.915  5320  5320 D cellinfo: onCellInfoChanged: LTE Cell Bands: [13] Bandwidth: 10000 Cell ID: 3894529 Physical Cell ID: 360 Tracking Area Code: 3840 EARFCN: 5230
08-10 21:53:03.052  5320  5374 D cellinfo: 46 bytes from 44.241.174.93: icmp_seq=1431 ttl=26 time=102 ms
08-10 21:53:03.226  5320  5374 D cellinfo: 46 bytes from 44.241.174.93: icmp_seq=1432 ttl=26 time=76.7 ms
08-10 21:53:03.447  5320  5374 D cellinfo: 46 bytes from 44.241.174.93: icmp_seq=1433 ttl=26 time=97.8 ms
08-10 21:53:03.658  5320  5374 D cellinfo: 46 bytes from 44.241.174.93: icmp_seq=1434 ttl=26 time=108 ms
08-10 21:53:03.843  5320  5374 D cellinfo: 46 bytes from 44.241.174.93: icmp_seq=1435 ttl=26 time=91.9 ms
08-10 21:53:04.031  5320  5374 D cellinfo: 46 bytes from 44.241.174.93: icmp_seq=1436 ttl=26 time=78.5 ms
08-10 21:53:04.242  5320  5374 D cellinfo: 46 bytes from 44.241.174.93: icmp_seq=1437 ttl=26 time=89.9 ms
08-10 21:53:04.428  5320  5374 D cellinfo: 46 bytes from 44.241.174.93: icmp_seq=1438 ttl=26 time=75.7 ms
08-10 21:53:04.627  5320  5374 D cellinfo: 46 bytes from 44.241.174.93: icmp_seq=1439 ttl=26 time=73.5 ms
08-10 21:53:04.829  5320  5374 D cellinfo: 46 bytes from 44.241.174.93: icmp_seq=1440 ttl=26 time=75.0 ms
08-10 21:53:04.900  5320  5320 D cellinfo: onsignalStrengthsChanged: LTE Signal Strength info: rsrp: -120 rsrq: -10 rssi: -101 rssnr: 4
08-10 21:53:05.045  5320  5374 D cellinfo: 46 bytes from 44.241.174.93: icmp_seq=1441 ttl=26 time=90.6 ms
08-10 21:53:05.229  5320  5374 D cellinfo: 46 bytes from 44.241.174.93: icmp_seq=1442 ttl=26 time=74.1 ms
08-10 21:53:05.436  5320  5374 D cellinfo: 46 bytes from 44.241.174.93: icmp_seq=1443 ttl=26 time=80.1 ms
08-10 21:53:05.628  5320  5374 D cellinfo: 46 bytes from 44.241.174.93: icmp_seq=1444 ttl=26 time=71.7 ms
08-10 21:53:05.829  5320  5374 D cellinfo: 46 bytes from 44.241.174.93: icmp_seq=1445 ttl=26 time=71.6 ms
08-10 21:53:06.032  5320  5374 D cellinfo: 46 bytes from 44.241.174.93: icmp_seq=1446 ttl=26 time=73.7 ms
08-10 21:53:06.232  5320  5374 D cellinfo: 46 bytes from 44.241.174.93: icmp_seq=1447 ttl=26 time=73.7 ms
08-10 21:53:06.337  5320  5320 D cellinfo: Latitude is 40.9817118
08-10 21:53:06.338  5320  5320 D cellinfo: Longitude is -105.394126
08-10 21:53:06.338  5320  5320 D cellinfo: Instantaneous GPS information: United States, Rest Area Access, Livermore, CO 80536, USA
08-10 21:53:06.338  5320  5320 D cellinfo: getCurrentLocation() result: Location (success): 40.9817118, -105.394126
08-10 21:53:06.341  5320  5320 D cellinfo: onCellInfoChanged: Operator: Verizon Wireless UpdateTimestamp: 24819198 CellConnectionStatus: 1
08-10 21:53:06.341  5320  5320 D cellinfo: onCellInfoChanged: LTE Cell Bands: [13] Bandwidth: 10000 Cell ID: 3894529 Physical Cell ID: 360 Tracking Area Code: 3840 EARFCN: 5230
08-10 21:53:06.452  5320  5374 D cellinfo: 46 bytes from 44.241.174.93: icmp_seq=1448 ttl=26 time=93.1 ms
08-10 21:53:06.655  5320  5374 D cellinfo: 46 bytes from 44.241.174.93: icmp_seq=1449 ttl=26 time=94.6 ms
08-10 21:53:06.844  5320  5374 D cellinfo: 46 bytes from 44.241.174.93: icmp_seq=1450 ttl=26 time=82.0 ms
08-10 21:53:07.060  5320  5374 D cellinfo: 46 bytes from 44.241.174.93: icmp_seq=1451 ttl=26 time=98.3 ms
08-10 21:53:07.250  5320  5374 D cellinfo: 46 bytes from 44.241.174.93: icmp_seq=1452 ttl=26 time=87.8 ms
08-10 21:53:07.438  5320  5374 D cellinfo: 46 bytes from 44.241.174.93: icmp_seq=1453 ttl=26 time=75.6 ms
08-10 21:53:07.639  5320  5374 D cellinfo: 46 bytes from 44.241.174.93: icmp_seq=1454 ttl=26 time=76.0 ms
08-10 21:53:07.845  5320  5374 D cellinfo: 46 bytes from 44.241.174.93: icmp_seq=1455 ttl=26 time=80.9 ms
08-10 21:53:08.046  5320  5374 D cellinfo: 46 bytes from 44.241.174.93: icmp_seq=1456 ttl=26 time=81.6 ms
08-10 21:53:08.237  5320  5374 D cellinfo: 46 bytes from 44.241.174.93: icmp_seq=1457 ttl=26 time=72.9 ms
08-10 21:53:08.445  5320  5374 D cellinfo: 46 bytes from 44.241.174.93: icmp_seq=1458 ttl=26 time=79.8 ms
08-10 21:53:08.645  5320  5374 D cellinfo: 46 bytes from 44.241.174.93: icmp_seq=1459 ttl=26 time=78.6 ms
08-10 21:53:08.838  5320  5374 D cellinfo: 46 bytes from 44.241.174.93: icmp_seq=1460 ttl=26 time=71.0 ms
08-10 21:53:09.037  5320  5374 D cellinfo: 46 bytes from 44.241.174.93: icmp_seq=1461 ttl=26 time=69.5 ms
08-10 21:53:09.236  5320  5374 D cellinfo: 46 bytes from 44.241.174.93: icmp_seq=1462 ttl=26 time=67.4 ms
08-10 21:53:09.264  5320  5320 D cellinfo: Latitude is 40.9815948
08-10 21:53:09.264  5320  5320 D cellinfo: Longitude is -105.393868
08-10 21:53:09.264  5320  5320 D cellinfo: Instantaneous GPS information: United States, 35095-35085 US-287, Livermore, CO 80536, USA
08-10 21:53:09.264  5320  5320 D cellinfo: getCurrentLocation() result: Location (success): 40.9815948, -105.393868
08-10 21:53:09.267  5320  5320 D cellinfo: onCellInfoChanged: Operator: Verizon Wireless UpdateTimestamp: 24822204 CellConnectionStatus: 1
08-10 21:53:09.267  5320  5320 D cellinfo: onCellInfoChanged: LTE Cell Bands: [13] Bandwidth: 10000 Cell ID: 3894529 Physical Cell ID: 360 Tracking Area Code: 3840 EARFCN: 5230
08-10 21:53:09.446  5320  5374 D cellinfo: 46 bytes from 44.241.174.93: icmp_seq=1463 ttl=26 time=77.6 ms
08-10 21:53:09.648  5320  5374 D cellinfo: 46 bytes from 44.241.174.93: icmp_seq=1464 ttl=26 time=78.7 ms
08-10 21:53:09.847  5320  5374 D cellinfo: 46 bytes from 44.241.174.93: icmp_seq=1465 ttl=26 time=76.4 ms
08-10 21:53:10.046  5320  5374 D cellinfo: 46 bytes from 44.241.174.93: icmp_seq=1466 ttl=26 time=75.7 ms
08-10 21:53:10.254  5320  5374 D cellinfo: 46 bytes from 44.241.174.93: icmp_seq=1467 ttl=26 time=83.9 ms
08-10 21:53:10.456  5320  5374 D cellinfo: 46 bytes from 44.241.174.93: icmp_seq=1468 ttl=26 time=84.2 ms
08-10 21:53:10.674  5320  5374 D cellinfo: 46 bytes from 44.241.174.93: icmp_seq=1469 ttl=26 time=102 ms
08-10 21:53:10.857  5320  5374 D cellinfo: 46 bytes from 44.241.174.93: icmp_seq=1470 ttl=26 time=84.6 ms
08-10 21:53:11.048  5320  5374 D cellinfo: 46 bytes from 44.241.174.93: icmp_seq=1471 ttl=26 time=74.6 ms
08-10 21:53:11.258  5320  5374 D cellinfo: 46 bytes from 44.241.174.93: icmp_seq=1472 ttl=26 time=85.0 ms
08-10 21:53:11.455  5320  5374 D cellinfo: 46 bytes from 44.241.174.93: icmp_seq=1473 ttl=26 time=80.8 ms
08-10 21:53:11.647  5320  5374 D cellinfo: 46 bytes from 44.241.174.93: icmp_seq=1474 ttl=26 time=72.0 ms
08-10 21:53:11.857  5320  5374 D cellinfo: 46 bytes from 44.241.174.93: icmp_seq=1475 ttl=26 time=81.3 ms
08-10 21:53:11.903  5320  5320 D cellinfo: onCellInfoChanged: Operator: Verizon Wireless UpdateTimestamp: 24825203 CellConnectionStatus: 1
08-10 21:53:11.903  5320  5320 D cellinfo: onCellInfoChanged: LTE Cell Bands: [13] Bandwidth: 10000 Cell ID: 3894529 Physical Cell ID: 360 Tracking Area Code: 3840 EARFCN: 5230
08-10 21:53:12.085  5320  5374 D cellinfo: 46 bytes from 44.241.174.93: icmp_seq=1476 ttl=26 time=109 ms
08-10 21:53:12.244  5320  5374 D cellinfo: 46 bytes from 44.241.174.93: icmp_seq=1477 ttl=26 time=68.7 ms
08-10 21:53:12.453  5320  5374 D cellinfo: 46 bytes from 44.241.174.93: icmp_seq=1478 ttl=26 time=76.5 ms
08-10 21:53:12.633  5320  5320 D cellinfo: Latitude is 40.9815539
08-10 21:53:12.633  5320  5320 D cellinfo: Longitude is -105.3942189
08-10 21:53:12.633  5320  5320 D cellinfo: Instantaneous GPS information: United States, Rest Area Access, Livermore, CO 80536, USA
08-10 21:53:12.633  5320  5320 D cellinfo: getCurrentLocation() result: Location (success): 40.9815539, -105.3942189
08-10 21:53:12.648  5320  5374 D cellinfo: 46 bytes from 44.241.174.93: icmp_seq=1479 ttl=26 time=69.7 ms
08-10 21:53:12.864  5320  5374 D cellinfo: 46 bytes from 44.241.174.93: icmp_seq=1480 ttl=26 time=86.5 ms
08-10 21:53:13.057  5320  5374 D cellinfo: 46 bytes from 44.241.174.93: icmp_seq=1481 ttl=26 time=78.6 ms
08-10 21:53:13.257  5320  5374 D cellinfo: 46 bytes from 44.241.174.93: icmp_seq=1482 ttl=26 time=77.5 ms
08-10 21:53:13.459  5320  5374 D cellinfo: 46 bytes from 44.241.174.93: icmp_seq=1483 ttl=26 time=79.5 ms
08-10 21:53:13.673  5320  5374 D cellinfo: 46 bytes from 44.241.174.93: icmp_seq=1484 ttl=26 time=93.1 ms
08-10 21:53:13.873  5320  5374 D cellinfo: 46 bytes from 44.241.174.93: icmp_seq=1485 ttl=26 time=92.7 ms
08-10 21:53:14.066  5320  5374 D cellinfo: 46 bytes from 44.241.174.93: icmp_seq=1486 ttl=26 time=84.6 ms
08-10 21:53:14.265  5320  5374 D cellinfo: 46 bytes from 44.241.174.93: icmp_seq=1487 ttl=26 time=84.2 ms
08-10 21:53:14.457  5320  5374 D cellinfo: 46 bytes from 44.241.174.93: icmp_seq=1488 ttl=26 time=75.5 ms
08-10 21:53:14.673  5320  5374 D cellinfo: 46 bytes from 44.241.174.93: icmp_seq=1489 ttl=26 time=91.1 ms
08-10 21:53:14.859  5320  5320 D cellinfo: Latitude is 40.9815539
08-10 21:53:14.860  5320  5320 D cellinfo: Longitude is -105.3942189
08-10 21:53:14.860  5320  5320 D cellinfo: Instantaneous GPS information: United States, Rest Area Access, Livermore, CO 80536, USA
08-10 21:53:14.860  5320  5320 D cellinfo: getCurrentLocation() result: Location (success): 40.9815539, -105.3942189
08-10 21:53:14.864  5320  5374 D cellinfo: 46 bytes from 44.241.174.93: icmp_seq=1490 ttl=26 time=82.0 ms
08-10 21:53:14.915  5320  5320 D cellinfo: onCellInfoChanged: Operator: Verizon Wireless UpdateTimestamp: 24828216 CellConnectionStatus: 1
08-10 21:53:14.915  5320  5320 D cellinfo: onCellInfoChanged: LTE Cell Bands: [13] Bandwidth: 10000 Cell ID: 3894529 Physical Cell ID: 360 Tracking Area Code: 3840 EARFCN: 5230
08-10 21:53:15.064  5320  5374 D cellinfo: 46 bytes from 44.241.174.93: icmp_seq=1491 ttl=26 time=81.4 ms
08-10 21:53:15.257  5320  5374 D cellinfo: 46 bytes from 44.241.174.93: icmp_seq=1492 ttl=26 time=73.9 ms
08-10 21:53:15.456  5320  5374 D cellinfo: 46 bytes from 44.241.174.93: icmp_seq=1493 ttl=26 time=72.7 ms
08-10 21:53:15.667  5320  5374 D cellinfo: 46 bytes from 44.241.174.93: icmp_seq=1494 ttl=26 time=83.1 ms
08-10 21:53:15.864  5320  5374 D cellinfo: 46 bytes from 44.241.174.93: icmp_seq=1495 ttl=26 time=78.1 ms
08-10 21:53:16.065  5320  5374 D cellinfo: 46 bytes from 44.241.174.93: icmp_seq=1496 ttl=26 time=78.4 ms
08-10 21:53:16.269  5320  5374 D cellinfo: 46 bytes from 44.241.174.93: icmp_seq=1497 ttl=26 time=83.1 ms
08-10 21:53:16.465  5320  5374 D cellinfo: 46 bytes from 44.241.174.93: icmp_seq=1498 ttl=26 time=78.2 ms
08-10 21:53:16.666  5320  5374 D cellinfo: 46 bytes from 44.241.174.93: icmp_seq=1499 ttl=26 time=78.3 ms
08-10 21:53:16.865  5320  5374 D cellinfo: 46 bytes from 44.241.174.93: icmp_seq=1500 ttl=26 time=77.2 ms
08-10 21:53:17.064  5320  5374 D cellinfo: 46 bytes from 44.241.174.93: icmp_seq=1501 ttl=26 time=75.9 ms
08-10 21:53:17.265  5320  5374 D cellinfo: 46 bytes from 44.241.174.93: icmp_seq=1502 ttl=26 time=76.6 ms
08-10 21:53:17.657  5320  5374 D cellinfo: 46 bytes from 44.241.174.93: icmp_seq=1504 ttl=26 time=64.4 ms
08-10 21:53:17.657  5320  5374 D cellinfo: 46 bytes from 44.241.174.93: icmp_seq=1503 ttl=26 time=267 ms
08-10 21:53:17.866  5320  5374 D cellinfo: 46 bytes from 44.241.174.93: icmp_seq=1505 ttl=26 time=73.5 ms
08-10 21:53:18.068  5320  5374 D cellinfo: 46 bytes from 44.241.174.93: icmp_seq=1506 ttl=26 time=73.4 ms
08-10 21:53:18.267  5320  5374 D cellinfo: 46 bytes from 44.241.174.93: icmp_seq=1507 ttl=26 time=71.9 ms
08-10 21:53:18.275  5320  5320 D cellinfo: Latitude is 40.9815054
08-10 21:53:18.275  5320  5320 D cellinfo: Longitude is -105.394259
08-10 21:53:18.275  5320  5320 D cellinfo: Instantaneous GPS information: United States, Rest Area Access, Livermore, CO 80536, USA
08-10 21:53:18.275  5320  5320 D cellinfo: getCurrentLocation() result: Location (success): 40.9815054, -105.394259
08-10 21:53:18.279  5320  5320 D cellinfo: onCellInfoChanged: Operator: Verizon Wireless UpdateTimestamp: 24831200 CellConnectionStatus: 1
08-10 21:53:18.280  5320  5320 D cellinfo: onCellInfoChanged: LTE Cell Bands: [13] Bandwidth: 10000 Cell ID: 3894529 Physical Cell ID: 360 Tracking Area Code: 3840 EARFCN: 5230
08-10 21:53:18.467  5320  5374 D cellinfo: 46 bytes from 44.241.174.93: icmp_seq=1508 ttl=26 time=71.0 ms
08-10 21:53:18.666  5320  5374 D cellinfo: 46 bytes from 44.241.174.93: icmp_seq=1509 ttl=26 time=69.3 ms
08-10 21:53:18.866  5320  5374 D cellinfo: 46 bytes from 44.241.174.93: icmp_seq=1510 ttl=26 time=68.3 ms
08-10 21:53:18.901  5320  5320 D cellinfo: onsignalStrengthsChanged: LTE Signal Strength info: rsrp: -110 rsrq: -8 rssi: -95 rssnr: 9
08-10 21:53:19.082  5320  5374 D cellinfo: 46 bytes from 44.241.174.93: icmp_seq=1511 ttl=26 time=83.6 ms
08-10 21:53:19.266  5320  5374 D cellinfo: 46 bytes from 44.241.174.93: icmp_seq=1512 ttl=26 time=67.3 ms
08-10 21:53:19.478  5320  5374 D cellinfo: 46 bytes from 44.241.174.93: icmp_seq=1513 ttl=26 time=77.5 ms
08-10 21:53:19.677  5320  5374 D cellinfo: 46 bytes from 44.241.174.93: icmp_seq=1514 ttl=26 time=75.9 ms
08-10 21:53:19.886  5320  5374 D cellinfo: 46 bytes from 44.241.174.93: icmp_seq=1515 ttl=26 time=84.3 ms
08-10 21:53:20.080  5320  5374 D cellinfo: 46 bytes from 44.241.174.93: icmp_seq=1516 ttl=26 time=76.2 ms
08-10 21:53:20.277  5320  5374 D cellinfo: 46 bytes from 44.241.174.93: icmp_seq=1517 ttl=26 time=72.6 ms
08-10 21:53:20.478  5320  5374 D cellinfo: 46 bytes from 44.241.174.93: icmp_seq=1518 ttl=26 time=73.4 ms
08-10 21:53:20.677  5320  5374 D cellinfo: 46 bytes from 44.241.174.93: icmp_seq=1519 ttl=26 time=71.4 ms
08-10 21:53:20.877  5320  5374 D cellinfo: 46 bytes from 44.241.174.93: icmp_seq=1520 ttl=26 time=71.9 ms
08-10 21:53:21.085  5320  5374 D cellinfo: 46 bytes from 44.241.174.93: icmp_seq=1521 ttl=26 time=78.2 ms
08-10 21:53:21.277  5320  5374 D cellinfo: 46 bytes from 44.241.174.93: icmp_seq=1522 ttl=26 time=69.8 ms
08-10 21:53:21.281  5320  5320 D cellinfo: Latitude is 40.9814803
08-10 21:53:21.281  5320  5320 D cellinfo: Longitude is -105.3942796
08-10 21:53:21.281  5320  5320 D cellinfo: Instantaneous GPS information: United States, Rest Area Access, Livermore, CO 80536, USA
08-10 21:53:21.281  5320  5320 D cellinfo: getCurrentLocation() result: Location (success): 40.9814803, -105.3942796
08-10 21:53:21.285  5320  5320 D cellinfo: onCellInfoChanged: Operator: Verizon Wireless UpdateTimestamp: 24834201 CellConnectionStatus: 1
08-10 21:53:21.285  5320  5320 D cellinfo: onCellInfoChanged: LTE Cell Bands: [13] Bandwidth: 10000 Cell ID: 3894529 Physical Cell ID: 360 Tracking Area Code: 3840 EARFCN: 5230
08-10 21:53:21.477  5320  5374 D cellinfo: 46 bytes from 44.241.174.93: icmp_seq=1523 ttl=26 time=68.6 ms
08-10 21:53:21.689  5320  5374 D cellinfo: 46 bytes from 44.241.174.93: icmp_seq=1524 ttl=26 time=80.1 ms
08-10 21:53:21.886  5320  5374 D cellinfo: 46 bytes from 44.241.174.93: icmp_seq=1525 ttl=26 time=77.1 ms
08-10 21:53:22.088  5320  5374 D cellinfo: 46 bytes from 44.241.174.93: icmp_seq=1526 ttl=26 time=77.4 ms
08-10 21:53:22.297  5320  5374 D cellinfo: 46 bytes from 44.241.174.93: icmp_seq=1527 ttl=26 time=85.7 ms
08-10 21:53:22.495  5320  5374 D cellinfo: 46 bytes from 44.241.174.93: icmp_seq=1528 ttl=26 time=83.5 ms
08-10 21:53:22.688  5320  5374 D cellinfo: 46 bytes from 44.241.174.93: icmp_seq=1529 ttl=26 time=75.9 ms
08-10 21:53:22.898  5320  5374 D cellinfo: 46 bytes from 44.241.174.93: icmp_seq=1530 ttl=26 time=84.8 ms
08-10 21:53:22.904  5320  5320 D cellinfo: onsignalStrengthsChanged: LTE Signal Strength info: rsrp: -119 rsrq: -10 rssi: -101 rssnr: 5
08-10 21:53:23.094  5320  5374 D cellinfo: 46 bytes from 44.241.174.93: icmp_seq=1531 ttl=26 time=80.1 ms
08-10 21:53:23.295  5320  5374 D cellinfo: 46 bytes from 44.241.174.93: icmp_seq=1532 ttl=26 time=80.8 ms
08-10 21:53:23.490  5320  5374 D cellinfo: 46 bytes from 44.241.174.93: icmp_seq=1533 ttl=26 time=74.7 ms
08-10 21:53:23.690  5320  5374 D cellinfo: 46 bytes from 44.241.174.93: icmp_seq=1534 ttl=26 time=74.2 ms
08-10 21:53:23.897  5320  5374 D cellinfo: 46 bytes from 44.241.174.93: icmp_seq=1535 ttl=26 time=80.2 ms
08-10 21:53:23.903  5320  5320 D cellinfo: onCellInfoChanged: Operator: Verizon Wireless UpdateTimestamp: 24837199 CellConnectionStatus: 1
08-10 21:53:23.903  5320  5320 D cellinfo: onCellInfoChanged: LTE Cell Bands: [13] Bandwidth: 10000 Cell ID: 3894529 Physical Cell ID: 360 Tracking Area Code: 3840 EARFCN: 5230
08-10 21:53:24.094  5320  5374 D cellinfo: 46 bytes from 44.241.174.93: icmp_seq=1536 ttl=26 time=77.2 ms
08-10 21:53:24.317  5320  5374 D cellinfo: 46 bytes from 44.241.174.93: icmp_seq=1537 ttl=26 time=98.6 ms
08-10 21:53:24.551  5320  5374 D cellinfo: 46 bytes from 44.241.174.93: icmp_seq=1538 ttl=26 time=132 ms
08-10 21:53:24.613  5320  5320 D cellinfo: Latitude is 40.9813739
08-10 21:53:24.613  5320  5320 D cellinfo: Longitude is -105.3943092
08-10 21:53:24.613  5320  5320 D cellinfo: Instantaneous GPS information: United States, Rest Area Access, Livermore, CO 80536, USA
08-10 21:53:24.613  5320  5320 D cellinfo: getCurrentLocation() result: Location (success): 40.9813739, -105.3943092
08-10 21:53:24.732  5320  5374 D cellinfo: 46 bytes from 44.241.174.93: icmp_seq=1539 ttl=26 time=112 ms
08-10 21:53:24.922  5320  5374 D cellinfo: 46 bytes from 44.241.174.93: icmp_seq=1540 ttl=26 time=100 ms
08-10 21:53:25.121  5320  5374 D cellinfo: 46 bytes from 44.241.174.93: icmp_seq=1541 ttl=26 time=99.3 ms
08-10 21:53:25.305  5320  5374 D cellinfo: 46 bytes from 44.241.174.93: icmp_seq=1542 ttl=26 time=82.3 ms
08-10 21:53:25.506  5320  5374 D cellinfo: 46 bytes from 44.241.174.93: icmp_seq=1543 ttl=26 time=82.9 ms
08-10 21:53:25.711  5320  5374 D cellinfo: 46 bytes from 44.241.174.93: icmp_seq=1544 ttl=26 time=86.8 ms
08-10 21:53:25.914  5320  5374 D cellinfo: 46 bytes from 44.241.174.93: icmp_seq=1545 ttl=26 time=88.9 ms
08-10 21:53:26.106  5320  5374 D cellinfo: 46 bytes from 44.241.174.93: icmp_seq=1546 ttl=26 time=79.8 ms
08-10 21:53:26.297  5320  5374 D cellinfo: 46 bytes from 44.241.174.93: icmp_seq=1547 ttl=26 time=70.4 ms
08-10 21:53:26.511  5320  5374 D cellinfo: 46 bytes from 44.241.174.93: icmp_seq=1548 ttl=26 time=83.8 ms
08-10 21:53:26.706  5320  5374 D cellinfo: 46 bytes from 44.241.174.93: icmp_seq=1549 ttl=26 time=77.8 ms
08-10 21:53:26.860  5320  5320 D cellinfo: Latitude is 40.9813739
08-10 21:53:26.860  5320  5320 D cellinfo: Longitude is -105.3943092
08-10 21:53:26.860  5320  5320 D cellinfo: Instantaneous GPS information: United States, Rest Area Access, Livermore, CO 80536, USA
08-10 21:53:26.860  5320  5320 D cellinfo: getCurrentLocation() result: Location (success): 40.9813739, -105.3943092
08-10 21:53:26.898  5320  5374 D cellinfo: 46 bytes from 44.241.174.93: icmp_seq=1550 ttl=26 time=69.5 ms
08-10 21:53:26.902  5320  5320 D cellinfo: onsignalStrengthsChanged: LTE Signal Strength info: rsrp: -115 rsrq: -9 rssi: -99 rssnr: 5
08-10 21:53:26.911  5320  5320 D cellinfo: onCellInfoChanged: Operator: Verizon Wireless UpdateTimestamp: 24840211 CellConnectionStatus: 1
08-10 21:53:26.911  5320  5320 D cellinfo: onCellInfoChanged: LTE Cell Bands: [13] Bandwidth: 10000 Cell ID: 3894529 Physical Cell ID: 360 Tracking Area Code: 3840 EARFCN: 5230
08-10 21:53:27.121  5320  5374 D cellinfo: 46 bytes from 44.241.174.93: icmp_seq=1551 ttl=26 time=93.0 ms
08-10 21:53:27.322  5320  5374 D cellinfo: 46 bytes from 44.241.174.93: icmp_seq=1552 ttl=26 time=93.4 ms
08-10 21:53:27.514  5320  5374 D cellinfo: 46 bytes from 44.241.174.93: icmp_seq=1553 ttl=26 time=83.6 ms
08-10 21:53:27.715  5320  5374 D cellinfo: 46 bytes from 44.241.174.93: icmp_seq=1554 ttl=26 time=83.3 ms
08-10 21:53:27.927  5320  5374 D cellinfo: 46 bytes from 44.241.174.93: icmp_seq=1555 ttl=26 time=94.3 ms
08-10 21:53:28.107  5320  5374 D cellinfo: 46 bytes from 44.241.174.93: icmp_seq=1556 ttl=26 time=73.2 ms
08-10 21:53:28.308  5320  5374 D cellinfo: 46 bytes from 44.241.174.93: icmp_seq=1557 ttl=26 time=73.1 ms
08-10 21:53:28.717  5320  5374 D cellinfo: 46 bytes from 44.241.174.93: icmp_seq=1559 ttl=26 time=80.7 ms
08-10 21:53:28.717  5320  5374 D cellinfo: 46 bytes from 44.241.174.93: icmp_seq=1558 ttl=26 time=281 ms
08-10 21:53:28.915  5320  5374 D cellinfo: 46 bytes from 44.241.174.93: icmp_seq=1560 ttl=26 time=78.1 ms
08-10 21:53:29.109  5320  5374 D cellinfo: 46 bytes from 44.241.174.93: icmp_seq=1561 ttl=26 time=69.9 ms
08-10 21:53:29.314  5320  5374 D cellinfo: 46 bytes from 44.241.174.93: icmp_seq=1562 ttl=26 time=75.4 ms
08-10 21:53:29.525  5320  5374 D cellinfo: 46 bytes from 44.241.174.93: icmp_seq=1563 ttl=26 time=84.3 ms
08-10 21:53:29.726  5320  5374 D cellinfo: 46 bytes from 44.241.174.93: icmp_seq=1564 ttl=26 time=85.0 ms
08-10 21:53:29.925  5320  5374 D cellinfo: 46 bytes from 44.241.174.93: icmp_seq=1565 ttl=26 time=84.1 ms
08-10 21:53:30.115  5320  5374 D cellinfo: 46 bytes from 44.241.174.93: icmp_seq=1566 ttl=26 time=73.5 ms
08-10 21:53:30.295  5320  5320 D cellinfo: Latitude is 40.9813204
08-10 21:53:30.295  5320  5320 D cellinfo: Longitude is -105.3942904
08-10 21:53:30.295  5320  5320 D cellinfo: Instantaneous GPS information: United States, Rest Area Access, Livermore, CO 80536, USA
08-10 21:53:30.295  5320  5320 D cellinfo: getCurrentLocation() result: Location (success): 40.9813204, -105.3942904
08-10 21:53:30.298  5320  5320 D cellinfo: onCellInfoChanged: Operator: Verizon Wireless UpdateTimestamp: 24843207 CellConnectionStatus: 1
08-10 21:53:30.298  5320  5320 D cellinfo: onCellInfoChanged: LTE Cell Bands: [13] Bandwidth: 10000 Cell ID: 3894529 Physical Cell ID: 360 Tracking Area Code: 3840 EARFCN: 5230
08-10 21:53:30.321  5320  5374 D cellinfo: 46 bytes from 44.241.174.93: icmp_seq=1567 ttl=26 time=77.7 ms
08-10 21:53:30.528  5320  5374 D cellinfo: 46 bytes from 44.241.174.93: icmp_seq=1568 ttl=26 time=84.5 ms
08-10 21:53:30.717  5320  5374 D cellinfo: 46 bytes from 44.241.174.93: icmp_seq=1569 ttl=26 time=72.1 ms
08-10 21:53:30.918  5320  5374 D cellinfo: 46 bytes from 44.241.174.93: icmp_seq=1570 ttl=26 time=72.9 ms
08-10 21:53:31.126  5320  5374 D cellinfo: 46 bytes from 44.241.174.93: icmp_seq=1571 ttl=26 time=80.1 ms
08-10 21:53:31.318  5320  5374 D cellinfo: 46 bytes from 44.241.174.93: icmp_seq=1572 ttl=26 time=70.1 ms
08-10 21:53:31.575  5320  5374 D cellinfo: 46 bytes from 44.241.174.93: icmp_seq=1573 ttl=26 time=126 ms
08-10 21:53:31.757  5320  5374 D cellinfo: 46 bytes from 44.241.174.93: icmp_seq=1574 ttl=26 time=108 ms
08-10 21:53:31.902  5320  5320 D cellinfo: onsignalStrengthsChanged: LTE Signal Strength info: rsrp: -119 rsrq: -10 rssi: -101 rssnr: 6
08-10 21:53:31.939  5320  5374 D cellinfo: 46 bytes from 44.241.174.93: icmp_seq=1575 ttl=26 time=88.8 ms
08-10 21:53:32.142  5320  5374 D cellinfo: 46 bytes from 44.241.174.93: icmp_seq=1576 ttl=26 time=92.2 ms
08-10 21:53:32.346  5320  5374 D cellinfo: 46 bytes from 44.241.174.93: icmp_seq=1577 ttl=26 time=94.4 ms
08-10 21:53:32.535  5320  5374 D cellinfo: 46 bytes from 44.241.174.93: icmp_seq=1578 ttl=26 time=82.9 ms
08-10 21:53:32.753  5320  5374 D cellinfo: 46 bytes from 44.241.174.93: icmp_seq=1579 ttl=26 time=98.7 ms
