08-10 23:26:50.963 16947 16947 D cellinfo: Instantaneous GPS information: United States, 11525 Community Center Dr, Northglenn, CO 80233, USA
08-10 23:26:50.963 16947 16947 D cellinfo: getCurrentLocation() result: Location (success): 39.9059811, -104.9905096
08-10 23:26:50.963 16947 16947 D cellinfo: onCellInfoChanged: Operator: Verizon Wireless UpdateTimestamp: 30443789 CellConnectionStatus: 1
08-10 23:26:50.964 16947 16947 D cellinfo: onCellInfoChanged: LTE Cell Bands: [66] Bandwidth: 10000 Cell ID: 3934752 Physical Cell ID: 314 Tracking Area Code: 3842 EARFCN: 66586
08-10 23:26:50.979 16947 16991 D cellinfo: 46 bytes from 44.241.174.93: icmp_seq=11221 ttl=26 time=90.5 ms
08-10 23:26:51.180 16947 16991 D cellinfo: 46 bytes from 44.241.174.93: icmp_seq=11222 ttl=26 time=90.8 ms
08-10 23:26:51.371 16947 16991 D cellinfo: 46 bytes from 44.241.174.93: icmp_seq=11223 ttl=26 time=80.9 ms
08-10 23:26:51.565 16947 16991 D cellinfo: 46 bytes from 44.241.174.93: icmp_seq=11224 ttl=26 time=74.4 ms
08-10 23:26:51.765 16947 16991 D cellinfo: 46 bytes from 44.241.174.93: icmp_seq=11225 ttl=26 time=73.2 ms
08-10 23:26:51.955 16947 16991 D cellinfo: 46 bytes from 44.241.174.93: icmp_seq=11226 ttl=26 time=63.2 ms
08-10 23:26:52.183 16947 16991 D cellinfo: 46 bytes from 44.241.174.93: icmp_seq=11227 ttl=26 time=90.1 ms
08-10 23:26:52.380 16947 16991 D cellinfo: 46 bytes from 44.241.174.93: icmp_seq=11228 ttl=26 time=87.5 ms
08-10 23:26:52.608 16947 16991 D cellinfo: 46 bytes from 44.241.174.93: icmp_seq=11229 ttl=26 time=113 ms
08-10 23:26:52.773 16947 16991 D cellinfo: 46 bytes from 44.241.174.93: icmp_seq=11230 ttl=26 time=79.6 ms
08-10 23:26:52.973 16947 16991 D cellinfo: 46 bytes from 44.241.174.93: icmp_seq=11231 ttl=26 time=78.6 ms
08-10 23:26:53.171 16947 16991 D cellinfo: 46 bytes from 44.241.174.93: icmp_seq=11232 ttl=26 time=75.2 ms
08-10 23:26:53.364 16947 16991 D cellinfo: 46 bytes from 44.241.174.93: icmp_seq=11233 ttl=26 time=68.0 ms
08-10 23:26:53.562 16947 16991 D cellinfo: 46 bytes from 44.241.174.93: icmp_seq=11234 ttl=26 time=65.0 ms
08-10 23:26:53.763 16947 16991 D cellinfo: 46 bytes from 44.241.174.93: icmp_seq=11235 ttl=26 time=66.3 ms
08-10 23:26:53.965 16947 16991 D cellinfo: 46 bytes from 44.241.174.93: icmp_seq=11236 ttl=26 time=66.8 ms
08-10 23:26:54.171 16947 16991 D cellinfo: 46 bytes from 44.241.174.93: icmp_seq=11237 ttl=26 time=73.3 ms
08-10 23:26:54.365 16947 16991 D cellinfo: 46 bytes from 44.241.174.93: icmp_seq=11238 ttl=26 time=65.6 ms
08-10 23:26:54.572 16947 16991 D cellinfo: 46 bytes from 44.241.174.93: icmp_seq=11239 ttl=26 time=72.2 ms
08-10 23:26:54.764 16947 16991 D cellinfo: 46 bytes from 44.241.174.93: icmp_seq=11240 ttl=26 time=63.8 ms
08-10 23:26:54.964 16947 16991 D cellinfo: 46 bytes from 44.241.174.93: icmp_seq=11241 ttl=26 time=63.2 ms
08-10 23:26:55.189 16947 16991 D cellinfo: 46 bytes from 44.241.174.93: icmp_seq=11242 ttl=26 time=87.3 ms
08-10 23:26:55.385 16947 16947 D cellinfo: onsignalStrengthsChanged: LTE Signal Strength info: rsrp: -99 rsrq: -10 rssi: -81 rssnr: 7
08-10 23:26:55.388 16947 16991 D cellinfo: 46 bytes from 44.241.174.93: icmp_seq=11243 ttl=26 time=84.5 ms
08-10 23:26:55.695 16947 16991 D cellinfo: 46 bytes from 44.241.174.93: icmp_seq=11244 ttl=26 time=192 ms
08-10 23:26:55.875 16947 16991 D cellinfo: 46 bytes from 44.241.174.93: icmp_seq=11245 ttl=26 time=171 ms
08-10 23:26:56.088 16947 16991 D cellinfo: 46 bytes from 44.241.174.93: icmp_seq=11246 ttl=26 time=185 ms
08-10 23:26:56.248 16947 16991 D cellinfo: 46 bytes from 44.241.174.93: icmp_seq=11247 ttl=26 time=144 ms
08-10 23:26:56.430 16947 16991 D cellinfo: 46 bytes from 44.241.174.93: icmp_seq=11248 ttl=26 time=125 ms
08-10 23:26:56.681 16947 16991 D cellinfo: 46 bytes from 44.241.174.93: icmp_seq=11249 ttl=26 time=175 ms
08-10 23:26:56.927 16947 16991 D cellinfo: 46 bytes from 44.241.174.93: icmp_seq=11250 ttl=26 time=220 ms
08-10 23:26:57.168 16947 16991 D cellinfo: 46 bytes from 44.241.174.93: icmp_seq=11251 ttl=26 time=255 ms
08-10 23:26:57.360 16947 16991 D cellinfo: 46 bytes from 44.241.174.93: icmp_seq=11252 ttl=26 time=243 ms
08-10 23:26:57.552 16947 16947 D cellinfo: onCellInfoChanged: Operator: Verizon Wireless UpdateTimestamp: 30450852 CellConnectionStatus: 1
08-10 23:26:57.552 16947 16947 D cellinfo: onCellInfoChanged: LTE Cell Bands: [66] Bandwidth: 10000 Cell ID: 3934752 Physical Cell ID: 314 Tracking Area Code: 3842 EARFCN: 66586
08-10 23:26:57.588 16947 16991 D cellinfo: 46 bytes from 44.241.174.93: icmp_seq=11253 ttl=26 time=274 ms
08-10 23:26:57.687 16947 16991 D cellinfo: 46 bytes from 44.241.174.93: icmp_seq=11254 ttl=26 time=173 ms
08-10 23:26:57.779 16947 16991 D cellinfo: 46 bytes from 44.241.174.93: icmp_seq=11255 ttl=26 time=63.8 ms
08-10 23:26:57.976 16947 16991 D cellinfo: 46 bytes from 44.241.174.93: icmp_seq=11256 ttl=26 time=60.2 ms
08-10 23:26:58.185 16947 16991 D cellinfo: 46 bytes from 44.241.174.93: icmp_seq=11257 ttl=26 time=68.2 ms
08-10 23:26:58.392 16947 16991 D cellinfo: 46 bytes from 44.241.174.93: icmp_seq=11258 ttl=26 time=73.3 ms
08-10 23:26:58.586 16947 16991 D cellinfo: 46 bytes from 44.241.174.93: icmp_seq=11259 ttl=26 time=66.2 ms
08-10 23:26:58.643 16947 16947 D cellinfo: Latitude is 39.9036425
08-10 23:26:58.643 16947 16947 D cellinfo: Longitude is -104.9896039
08-10 23:26:58.643 16947 16947 D cellinfo: Instantaneous GPS information: United States, 11428 Cherokee St, Northglenn, CO 80234, USA
08-10 23:26:58.644 16947 16947 D cellinfo: getCurrentLocation() result: Location (success): 39.9036425, -104.9896039
08-10 23:26:58.669 16947 16947 D cellinfo: Latitude is 39.9036425
08-10 23:26:58.669 16947 16947 D cellinfo: Longitude is -104.9896039
08-10 23:26:58.669 16947 16947 D cellinfo: Instantaneous GPS information: United States, 11428 Cherokee St, Northglenn, CO 80234, USA
08-10 23:26:58.669 16947 16947 D cellinfo: getCurrentLocation() result: Location (success): 39.9036425, -104.9896039
08-10 23:26:58.775 16947 16991 D cellinfo: 46 bytes from 44.241.174.93: icmp_seq=11260 ttl=26 time=55.5 ms
08-10 23:26:58.993 16947 16991 D cellinfo: 46 bytes from 44.241.174.93: icmp_seq=11261 ttl=26 time=73.5 ms
08-10 23:26:59.196 16947 16991 D cellinfo: 46 bytes from 44.241.174.93: icmp_seq=11262 ttl=26 time=75.0 ms
08-10 23:26:59.385 16947 16991 D cellinfo: 46 bytes from 44.241.174.93: icmp_seq=11263 ttl=26 time=63.3 ms
08-10 23:26:59.405 16947 16947 D cellinfo: onsignalStrengthsChanged: LTE Signal Strength info: rsrp: -88 rsrq: -6 rssi: -75 rssnr: 13
08-10 23:26:59.487 16947 16947 D cellinfo: Latitude is 39.9036425
08-10 23:26:59.487 16947 16947 D cellinfo: Longitude is -104.9896039
08-10 23:26:59.487 16947 16947 D cellinfo: Instantaneous GPS information: United States, 11428 Cherokee St, Northglenn, CO 80234, USA
08-10 23:26:59.487 16947 16947 D cellinfo: getCurrentLocation() result: Location (success): 39.9036425, -104.9896039
08-10 23:26:59.597 16947 16991 D cellinfo: 46 bytes from 44.241.174.93: icmp_seq=11264 ttl=26 time=75.1 ms
08-10 23:26:59.795 16947 16991 D cellinfo: 46 bytes from 44.241.174.93: icmp_seq=11265 ttl=26 time=71.6 ms
08-10 23:26:59.996 16947 16991 D cellinfo: 46 bytes from 44.241.174.93: icmp_seq=11266 ttl=26 time=72.3 ms
08-10 23:27:00.203 16947 16991 D cellinfo: 46 bytes from 44.241.174.93: icmp_seq=11267 ttl=26 time=78.5 ms
08-10 23:27:00.403 16947 16991 D cellinfo: 46 bytes from 44.241.174.93: icmp_seq=11268 ttl=26 time=78.3 ms
08-10 23:27:00.594 16947 16991 D cellinfo: 46 bytes from 44.241.174.93: icmp_seq=11269 ttl=26 time=68.2 ms
08-10 23:27:00.795 16947 16991 D cellinfo: 46 bytes from 44.241.174.93: icmp_seq=11270 ttl=26 time=68.0 ms
08-10 23:27:01.002 16947 16991 D cellinfo: 46 bytes from 44.241.174.93: icmp_seq=11271 ttl=26 time=74.3 ms
08-10 23:27:01.202 16947 16991 D cellinfo: 46 bytes from 44.241.174.93: icmp_seq=11272 ttl=26 time=74.3 ms
08-10 23:27:01.395 16947 16991 D cellinfo: 46 bytes from 44.241.174.93: icmp_seq=11273 ttl=26 time=66.4 ms
08-10 23:27:01.600 16947 16991 D cellinfo: 46 bytes from 44.241.174.93: icmp_seq=11274 ttl=26 time=71.1 ms
08-10 23:27:01.798 16947 16991 D cellinfo: 46 bytes from 44.241.174.93: icmp_seq=11275 ttl=26 time=67.7 ms
08-10 23:27:01.994 16947 16991 D cellinfo: 46 bytes from 44.241.174.93: icmp_seq=11276 ttl=26 time=63.1 ms
08-10 23:27:02.194 16947 16991 D cellinfo: 46 bytes from 44.241.174.93: icmp_seq=11277 ttl=26 time=62.0 ms
08-10 23:27:02.405 16947 16991 D cellinfo: 46 bytes from 44.241.174.93: icmp_seq=11278 ttl=26 time=72.2 ms
08-10 23:27:02.594 16947 16991 D cellinfo: 46 bytes from 44.241.174.93: icmp_seq=11279 ttl=26 time=59.6 ms
08-10 23:27:02.794 16947 16947 D cellinfo: Latitude is 39.9033755
08-10 23:27:02.794 16947 16947 D cellinfo: Longitude is -104.9894645
08-10 23:27:02.795 16947 16947 D cellinfo: Instantaneous GPS information: United States, 350 W 114th Ave, Northglenn, CO 80234, USA
08-10 23:27:02.795 16947 16947 D cellinfo: getCurrentLocation() result: Location (success): 39.9033755, -104.9894645
08-10 23:27:02.798 16947 16947 D cellinfo: onCellInfoChanged: Operator: Verizon Wireless UpdateTimestamp: 30455793 CellConnectionStatus: 1
08-10 23:27:02.798 16947 16947 D cellinfo: onCellInfoChanged: LTE Cell Bands: [66] Bandwidth: 10000 Cell ID: 3934752 Physical Cell ID: 314 Tracking Area Code: 3842 EARFCN: 66586
08-10 23:27:02.806 16947 16991 D cellinfo: 46 bytes from 44.241.174.93: icmp_seq=11280 ttl=26 time=71.0 ms
08-10 23:27:03.007 16947 16991 D cellinfo: 46 bytes from 44.241.174.93: icmp_seq=11281 ttl=26 time=72.3 ms
08-10 23:27:03.214 16947 16991 D cellinfo: 46 bytes from 44.241.174.93: icmp_seq=11282 ttl=26 time=79.6 ms
08-10 23:27:03.384 16947 16947 D cellinfo: onsignalStrengthsChanged: LTE Signal Strength info: rsrp: -82 rsrq: -7 rssi: -67 rssnr: 21
08-10 23:27:03.405 16947 16991 D cellinfo: 46 bytes from 44.241.174.93: icmp_seq=11283 ttl=26 time=69.9 ms
08-10 23:27:03.607 16947 16991 D cellinfo: 46 bytes from 44.241.174.93: icmp_seq=11284 ttl=26 time=71.2 ms
08-10 23:27:03.809 16947 16991 D cellinfo: 46 bytes from 44.241.174.93: icmp_seq=11285 ttl=26 time=71.2 ms
08-10 23:27:04.012 16947 16991 D cellinfo: 46 bytes from 44.241.174.93: icmp_seq=11286 ttl=26 time=74.6 ms
08-10 23:27:04.204 16947 16991 D cellinfo: 46 bytes from 44.241.174.93: icmp_seq=11287 ttl=26 time=66.8 ms
08-10 23:27:04.406 16947 16991 D cellinfo: 46 bytes from 44.241.174.93: icmp_seq=11288 ttl=26 time=68.5 ms
08-10 23:27:04.605 16947 16991 D cellinfo: 46 bytes from 44.241.174.93: icmp_seq=11289 ttl=26 time=66.5 ms
08-10 23:27:04.804 16947 16991 D cellinfo: 46 bytes from 44.241.174.93: icmp_seq=11290 ttl=26 time=65.3 ms
08-10 23:27:05.005 16947 16991 D cellinfo: 46 bytes from 44.241.174.93: icmp_seq=11291 ttl=26 time=65.0 ms
08-10 23:27:05.206 16947 16991 D cellinfo: 46 bytes from 44.241.174.93: icmp_seq=11292 ttl=26 time=65.6 ms
08-10 23:27:05.405 16947 16991 D cellinfo: 46 bytes from 44.241.174.93: icmp_seq=11293 ttl=26 time=64.3 ms
08-10 23:27:05.601 16947 16991 D cellinfo: 46 bytes from 44.241.174.93: icmp_seq=11294 ttl=26 time=59.4 ms
08-10 23:27:05.805 16947 16991 D cellinfo: 46 bytes from 44.241.174.93: icmp_seq=11295 ttl=26 time=62.6 ms
08-10 23:27:05.866 16947 16947 D cellinfo: Latitude is 39.9028875
08-10 23:27:05.867 16947 16947 D cellinfo: Longitude is -104.9892095
08-10 23:27:05.867 16947 16947 D cellinfo: Instantaneous GPS information: United States, 350 W 114th Ave, Northglenn, CO 80234, USA
08-10 23:27:05.867 16947 16947 D cellinfo: getCurrentLocation() result: Location (success): 39.9028875, -104.9892095
08-10 23:27:05.870 16947 16947 D cellinfo: onCellInfoChanged: Operator: Verizon Wireless UpdateTimestamp: 30458794 CellConnectionStatus: 1
08-10 23:27:05.870 16947 16947 D cellinfo: onCellInfoChanged: LTE Cell Bands: [66] Bandwidth: 10000 Cell ID: 3934752 Physical Cell ID: 314 Tracking Area Code: 3842 EARFCN: 66586
08-10 23:27:06.014 16947 16991 D cellinfo: 46 bytes from 44.241.174.93: icmp_seq=11296 ttl=26 time=71.6 ms
08-10 23:27:06.204 16947 16991 D cellinfo: 46 bytes from 44.241.174.93: icmp_seq=11297 ttl=26 time=62.2 ms
08-10 23:27:06.414 16947 16991 D cellinfo: 46 bytes from 44.241.174.93: icmp_seq=11298 ttl=26 time=71.2 ms
08-10 23:27:06.614 16947 16991 D cellinfo: 46 bytes from 44.241.174.93: icmp_seq=11299 ttl=26 time=70.2 ms
08-10 23:27:06.815 16947 16991 D cellinfo: 46 bytes from 44.241.174.93: icmp_seq=11300 ttl=26 time=69.3 ms
08-10 23:27:07.015 16947 16991 D cellinfo: 46 bytes from 44.241.174.93: icmp_seq=11301 ttl=26 time=69.7 ms
08-10 23:27:07.214 16947 16991 D cellinfo: 46 bytes from 44.241.174.93: icmp_seq=11302 ttl=26 time=69.2 ms
08-10 23:27:07.386 16947 16947 D cellinfo: onsignalStrengthsChanged: LTE Signal Strength info: rsrp: -71 rsrq: -5 rssi: -57 rssnr: 28
08-10 23:27:07.415 16947 16991 D cellinfo: 46 bytes from 44.241.174.93: icmp_seq=11303 ttl=26 time=68.3 ms
08-10 23:27:07.615 16947 16991 D cellinfo: 46 bytes from 44.241.174.93: icmp_seq=11304 ttl=26 time=67.9 ms
08-10 23:27:07.814 16947 16991 D cellinfo: 46 bytes from 44.241.174.93: icmp_seq=11305 ttl=26 time=66.9 ms
08-10 23:27:08.015 16947 16991 D cellinfo: 46 bytes from 44.241.174.93: icmp_seq=11306 ttl=26 time=66.1 ms
08-10 23:27:08.216 16947 16991 D cellinfo: 46 bytes from 44.241.174.93: icmp_seq=11307 ttl=26 time=67.5 ms
08-10 23:27:08.415 16947 16991 D cellinfo: 46 bytes from 44.241.174.93: icmp_seq=11308 ttl=26 time=66.1 ms
08-10 23:27:08.608 16947 16991 D cellinfo: 46 bytes from 44.241.174.93: icmp_seq=11309 ttl=26 time=58.7 ms
08-10 23:27:08.821 16947 16991 D cellinfo: 46 bytes from 44.241.174.93: icmp_seq=11310 ttl=26 time=70.2 ms
08-10 23:27:08.891 16947 16947 D cellinfo: Latitude is 39.902832
08-10 23:27:08.891 16947 16947 D cellinfo: Longitude is -104.9891817
08-10 23:27:08.891 16947 16947 D cellinfo: Instantaneous GPS information: United States, 350 W 114th Ave, Northglenn, CO 80234, USA
08-10 23:27:08.891 16947 16947 D cellinfo: getCurrentLocation() result: Location (success): 39.902832, -104.9891817
08-10 23:27:08.895 16947 16947 D cellinfo: onCellInfoChanged: Operator: Verizon Wireless UpdateTimestamp: 30461796 CellConnectionStatus: 1
08-10 23:27:08.895 16947 16947 D cellinfo: onCellInfoChanged: LTE Cell Bands: [66] Bandwidth: 10000 Cell ID: 3934752 Physical Cell ID: 314 Tracking Area Code: 3842 EARFCN: 66586
08-10 23:27:09.023 16947 16991 D cellinfo: 46 bytes from 44.241.174.93: icmp_seq=11311 ttl=26 time=71.8 ms
08-10 23:27:09.215 16947 16991 D cellinfo: 46 bytes from 44.241.174.93: icmp_seq=11312 ttl=26 time=64.7 ms
08-10 23:27:09.414 16947 16991 D cellinfo: 46 bytes from 44.241.174.93: icmp_seq=11313 ttl=26 time=63.1 ms
08-10 23:27:09.615 16947 16991 D cellinfo: 46 bytes from 44.241.174.93: icmp_seq=11314 ttl=26 time=63.2 ms
08-10 23:27:09.824 16947 16991 D cellinfo: 46 bytes from 44.241.174.93: icmp_seq=11315 ttl=26 time=70.8 ms
08-10 23:27:10.026 16947 16991 D cellinfo: 46 bytes from 44.241.174.93: icmp_seq=11316 ttl=26 time=71.6 ms
08-10 23:27:10.254 16947 16991 D cellinfo: 46 bytes from 44.241.174.93: icmp_seq=11317 ttl=26 time=99.7 ms
08-10 23:27:10.426 16947 16991 D cellinfo: 46 bytes from 44.241.174.93: icmp_seq=11318 ttl=26 time=71.3 ms
08-10 23:27:10.626 16947 16991 D cellinfo: 46 bytes from 44.241.174.93: icmp_seq=11319 ttl=26 time=70.9 ms
08-10 23:27:10.825 16947 16991 D cellinfo: 46 bytes from 44.241.174.93: icmp_seq=11320 ttl=26 time=69.6 ms
08-10 23:27:11.025 16947 16991 D cellinfo: 46 bytes from 44.241.174.93: icmp_seq=11321 ttl=26 time=69.2 ms
08-10 23:27:11.309 16947 16991 D cellinfo: 46 bytes from 44.241.174.93: icmp_seq=11322 ttl=26 time=153 ms
08-10 23:27:11.385 16947 16947 D cellinfo: onsignalStrengthsChanged: LTE Signal Strength info: rsrp: -80 rsrq: -12 rssi: -57 rssnr: 10
08-10 23:27:11.486 16947 16991 D cellinfo: 46 bytes from 44.241.174.93: icmp_seq=11323 ttl=26 time=129 ms
08-10 23:27:11.502 16947 16947 D cellinfo: onServiceStateChanged: Channel Number: 66586 Cell Bandwidths: [10000, 10000, 10000, 10000]
08-10 23:27:11.509 16947 16947 D cellinfo: onCellInfoChanged: Operator: Verizon Wireless UpdateTimestamp: 30464797 CellConnectionStatus: 1
08-10 23:27:11.509 16947 16947 D cellinfo: onCellInfoChanged: LTE Cell Bands: [66, 2, 66, 13] Bandwidth: 10000 Cell ID: 3934752 Physical Cell ID: 313 Tracking Area Code: 3842 EARFCN: 66586
08-10 23:27:11.549 16947 16947 D cellinfo: onServiceStateChanged: Channel Number: 66586 Cell Bandwidths: [10000, 10000, 10000, 10000]
08-10 23:27:11.626 16947 16991 D cellinfo: 46 bytes from 44.241.174.93: icmp_seq=11324 ttl=26 time=68.1 ms
08-10 23:27:11.825 16947 16991 D cellinfo: 46 bytes from 44.241.174.93: icmp_seq=11325 ttl=26 time=67.2 ms
08-10 23:27:12.026 16947 16991 D cellinfo: 46 bytes from 44.241.174.93: icmp_seq=11326 ttl=26 time=67.3 ms
08-10 23:27:12.241 16947 16991 D cellinfo: 46 bytes from 44.241.174.93: icmp_seq=11327 ttl=26 time=82.2 ms
08-10 23:27:12.425 16947 16991 D cellinfo: 46 bytes from 44.241.174.93: icmp_seq=11328 ttl=26 time=65.1 ms
08-10 23:27:12.623 16947 16947 D cellinfo: Latitude is 39.8998635
08-10 23:27:12.623 16947 16947 D cellinfo: Longitude is -104.98801
08-10 23:27:12.623 16947 16947 D cellinfo: Instantaneous GPS information: United States, 11170 Acoma St, Northglenn, CO 80234, USA
08-10 23:27:12.623 16947 16947 D cellinfo: getCurrentLocation() result: Location (success): 39.8998635, -104.98801
08-10 23:27:12.627 16947 16991 D cellinfo: 46 bytes from 44.241.174.93: icmp_seq=11329 ttl=26 time=65.7 ms
08-10 23:27:12.828 16947 16991 D cellinfo: 46 bytes from 44.241.174.93: icmp_seq=11330 ttl=26 time=66.5 ms
08-10 23:27:13.028 16947 16991 D cellinfo: 46 bytes from 44.241.174.93: icmp_seq=11331 ttl=26 time=66.1 ms
08-10 23:27:13.225 16947 16991 D cellinfo: 46 bytes from 44.241.174.93: icmp_seq=11332 ttl=26 time=63.3 ms
08-10 23:27:13.436 16947 16991 D cellinfo: 46 bytes from 44.241.174.93: icmp_seq=11333 ttl=26 time=73.3 ms
08-10 23:27:13.626 16947 16991 D cellinfo: 46 bytes from 44.241.174.93: icmp_seq=11334 ttl=26 time=62.4 ms
08-10 23:27:13.844 16947 16991 D cellinfo: 46 bytes from 44.241.174.93: icmp_seq=11335 ttl=26 time=80.8 ms
08-10 23:27:14.036 16947 16991 D cellinfo: 46 bytes from 44.241.174.93: icmp_seq=11336 ttl=26 time=71.2 ms
08-10 23:27:14.244 16947 16991 D cellinfo: 46 bytes from 44.241.174.93: icmp_seq=11337 ttl=26 time=80.0 ms
08-10 23:27:14.437 16947 16991 D cellinfo: 46 bytes from 44.241.174.93: icmp_seq=11338 ttl=26 time=72.0 ms
08-10 23:27:14.477 16947 16947 D cellinfo: Latitude is 39.8998635
08-10 23:27:14.477 16947 16947 D cellinfo: Longitude is -104.98801
08-10 23:27:14.477 16947 16947 D cellinfo: Instantaneous GPS information: United States, 11170 Acoma St, Northglenn, CO 80234, USA
08-10 23:27:14.477 16947 16947 D cellinfo: getCurrentLocation() result: Location (success): 39.8998635, -104.98801
08-10 23:27:14.499 16947 16947 D cellinfo: onCellInfoChanged: Operator: Verizon Wireless UpdateTimestamp: 30467798 CellConnectionStatus: 1
08-10 23:27:14.499 16947 16947 D cellinfo: onCellInfoChanged: LTE Cell Bands: [66, 2, 66, 13] Bandwidth: 10000 Cell ID: 3934742 Physical Cell ID: 313 Tracking Area Code: 3842 EARFCN: 66586
08-10 23:27:14.593 16947 16947 D cellinfo: onsignalStrengthsChanged: LTE Signal Strength info: rsrp: -76 rsrq: -6 rssi: -61 rssnr: 21
08-10 23:27:14.633 16947 16991 D cellinfo: 46 bytes from 44.241.174.93: icmp_seq=11339 ttl=26 time=67.6 ms
08-10 23:27:14.841 16947 16991 D cellinfo: 46 bytes from 44.241.174.93: icmp_seq=11340 ttl=26 time=74.3 ms
08-10 23:27:15.035 16947 16991 D cellinfo: 46 bytes from 44.241.174.93: icmp_seq=11341 ttl=26 time=67.2 ms
08-10 23:27:15.235 16947 16991 D cellinfo: 46 bytes from 44.241.174.93: icmp_seq=11342 ttl=26 time=67.4 ms
08-10 23:27:15.443 16947 16991 D cellinfo: 46 bytes from 44.241.174.93: icmp_seq=11343 ttl=26 time=74.2 ms
08-10 23:27:15.636 16947 16991 D cellinfo: 46 bytes from 44.241.174.93: icmp_seq=11344 ttl=26 time=65.5 ms
08-10 23:27:15.836 16947 16991 D cellinfo: 46 bytes from 44.241.174.93: icmp_seq=11345 ttl=26 time=64.8 ms
08-10 23:27:16.044 16947 16991 D cellinfo: 46 bytes from 44.241.174.93: icmp_seq=11346 ttl=26 time=72.1 ms
08-10 23:27:16.236 16947 16991 D cellinfo: 46 bytes from 44.241.174.93: icmp_seq=11347 ttl=26 time=64.1 ms
08-10 23:27:16.437 16947 16991 D cellinfo: 46 bytes from 44.241.174.93: icmp_seq=11348 ttl=26 time=64.3 ms
08-10 23:27:16.644 16947 16991 D cellinfo: 46 bytes from 44.241.174.93: icmp_seq=11349 ttl=26 time=70.7 ms
08-10 23:27:16.836 16947 16991 D cellinfo: 46 bytes from 44.241.174.93: icmp_seq=11350 ttl=26 time=62.4 ms
08-10 23:27:17.045 16947 16991 D cellinfo: 46 bytes from 44.241.174.93: icmp_seq=11351 ttl=26 time=71.6 ms
08-10 23:27:17.247 16947 16991 D cellinfo: 46 bytes from 44.241.174.93: icmp_seq=11352 ttl=26 time=73.2 ms
08-10 23:27:17.446 16947 16991 D cellinfo: 46 bytes from 44.241.174.93: icmp_seq=11353 ttl=26 time=71.0 ms
08-10 23:27:17.645 16947 16991 D cellinfo: 46 bytes from 44.241.174.93: icmp_seq=11354 ttl=26 time=70.7 ms
08-10 23:27:17.848 16947 16991 D cellinfo: 46 bytes from 44.241.174.93: icmp_seq=11355 ttl=26 time=71.6 ms
08-10 23:27:17.942 16947 16947 D cellinfo: Latitude is 39.8992781
08-10 23:27:17.942 16947 16947 D cellinfo: Longitude is -104.9878484
08-10 23:27:17.942 16947 16947 D cellinfo: Instantaneous GPS information: United States, 11150 Acoma St, Northglenn, CO 80234, USA
08-10 23:27:17.942 16947 16947 D cellinfo: getCurrentLocation() result: Location (success): 39.8992781, -104.9878484
08-10 23:27:17.946 16947 16947 D cellinfo: onCellInfoChanged: Operator: Verizon Wireless UpdateTimestamp: 30470800 CellConnectionStatus: 1
08-10 23:27:17.946 16947 16947 D cellinfo: onCellInfoChanged: LTE Cell Bands: [66, 2, 66, 13] Bandwidth: 10000 Cell ID: 3934742 Physical Cell ID: 313 Tracking Area Code: 3842 EARFCN: 66586
08-10 23:27:18.045 16947 16991 D cellinfo: 46 bytes from 44.241.174.93: icmp_seq=11356 ttl=26 time=68.8 ms
08-10 23:27:18.247 16947 16991 D cellinfo: 46 bytes from 44.241.174.93: icmp_seq=11357 ttl=26 time=71.3 ms
08-10 23:27:18.446 16947 16991 D cellinfo: 46 bytes from 44.241.174.93: icmp_seq=11358 ttl=26 time=69.3 ms
08-10 23:27:18.596 16947 16947 D cellinfo: onsignalStrengthsChanged: LTE Signal Strength info: rsrp: -89 rsrq: -7 rssi: -73 rssnr: 9
08-10 23:27:18.646 16947 16991 D cellinfo: 46 bytes from 44.241.174.93: icmp_seq=11359 ttl=26 time=68.1 ms
08-10 23:27:18.854 16947 16991 D cellinfo: 46 bytes from 44.241.174.93: icmp_seq=11360 ttl=26 time=74.6 ms
08-10 23:27:19.053 16947 16991 D cellinfo: 46 bytes from 44.241.174.93: icmp_seq=11361 ttl=26 time=73.8 ms
08-10 23:27:19.246 16947 16991 D cellinfo: 46 bytes from 44.241.174.93: icmp_seq=11362 ttl=26 time=66.6 ms
08-10 23:27:19.447 16947 16991 D cellinfo: 46 bytes from 44.241.174.93: icmp_seq=11363 ttl=26 time=67.0 ms
08-10 23:27:19.645 16947 16991 D cellinfo: 46 bytes from 44.241.174.93: icmp_seq=11364 ttl=26 time=64.8 ms
08-10 23:27:19.854 16947 16991 D cellinfo: 46 bytes from 44.241.174.93: icmp_seq=11365 ttl=26 time=72.4 ms
08-10 23:27:20.046 16947 16991 D cellinfo: 46 bytes from 44.241.174.93: icmp_seq=11366 ttl=26 time=63.5 ms
08-10 23:27:20.247 16947 16991 D cellinfo: 46 bytes from 44.241.174.93: icmp_seq=11367 ttl=26 time=64.8 ms
08-10 23:27:20.445 16947 16991 D cellinfo: 46 bytes from 44.241.174.93: icmp_seq=11368 ttl=26 time=62.6 ms
08-10 23:27:20.654 16947 16991 D cellinfo: 46 bytes from 44.241.174.93: icmp_seq=11369 ttl=26 time=71.2 ms
08-10 23:27:20.856 16947 16991 D cellinfo: 46 bytes from 44.241.174.93: icmp_seq=11370 ttl=26 time=71.0 ms
08-10 23:27:20.877 16947 16947 D cellinfo: Latitude is 39.8989445
08-10 23:27:20.877 16947 16947 D cellinfo: Longitude is -104.9877569
08-10 23:27:20.877 16947 16947 D cellinfo: Instantaneous GPS information: United States, 11140 Acoma St, Northglenn, CO 80234, USA
08-10 23:27:20.877 16947 16947 D cellinfo: getCurrentLocation() result: Location (success): 39.8989445, -104.9877569
08-10 23:27:20.880 16947 16947 D cellinfo: onCellInfoChanged: Operator: Verizon Wireless UpdateTimestamp: 30473792 CellConnectionStatus: 1
08-10 23:27:20.880 16947 16947 D cellinfo: onCellInfoChanged: LTE Cell Bands: [66, 2, 66, 13] Bandwidth: 10000 Cell ID: 3934742 Physical Cell ID: 313 Tracking Area Code: 3842 EARFCN: 66586
08-10 23:27:21.056 16947 16991 D cellinfo: 46 bytes from 44.241.174.93: icmp_seq=11371 ttl=26 time=69.9 ms
08-10 23:27:21.255 16947 16991 D cellinfo: 46 bytes from 44.241.174.93: icmp_seq=11372 ttl=26 time=69.9 ms
08-10 23:27:21.464 16947 16991 D cellinfo: 46 bytes from 44.241.174.93: icmp_seq=11373 ttl=26 time=78.1 ms
08-10 23:27:21.664 16947 16991 D cellinfo: 46 bytes from 44.241.174.93: icmp_seq=11374 ttl=26 time=77.4 ms
08-10 23:27:21.865 16947 16991 D cellinfo: 46 bytes from 44.241.174.93: icmp_seq=11375 ttl=26 time=77.2 ms
08-10 23:27:22.065 16947 16991 D cellinfo: 46 bytes from 44.241.174.93: icmp_seq=11376 ttl=26 time=76.0 ms
08-10 23:27:22.258 16947 16991 D cellinfo: 46 bytes from 44.241.174.93: icmp_seq=11377 ttl=26 time=69.2 ms
08-10 23:27:22.465 16947 16991 D cellinfo: 46 bytes from 44.241.174.93: icmp_seq=11378 ttl=26 time=75.0 ms
08-10 23:27:22.594 16947 16947 D cellinfo: onsignalStrengthsChanged: LTE Signal Strength info: rsrp: -97 rsrq: -11 rssi: -77 rssnr: 5
08-10 23:27:22.657 16947 16991 D cellinfo: 46 bytes from 44.241.174.93: icmp_seq=11379 ttl=26 time=66.7 ms
08-10 23:27:22.856 16947 16991 D cellinfo: 46 bytes from 44.241.174.93: icmp_seq=11380 ttl=26 time=64.3 ms
08-10 23:27:23.066 16947 16991 D cellinfo: 46 bytes from 44.241.174.93: icmp_seq=11381 ttl=26 time=73.3 ms
08-10 23:27:23.274 16947 16991 D cellinfo: 46 bytes from 44.241.174.93: icmp_seq=11382 ttl=26 time=81.3 ms
08-10 23:27:23.456 16947 16991 D cellinfo: 46 bytes from 44.241.174.93: icmp_seq=11383 ttl=26 time=62.3 ms
08-10 23:27:23.666 16947 16991 D cellinfo: 46 bytes from 44.241.174.93: icmp_seq=11384 ttl=26 time=71.0 ms
08-10 23:27:23.853 16947 16947 D cellinfo: Latitude is 39.8990299
08-10 23:27:23.853 16947 16947 D cellinfo: Longitude is -104.9877807
08-10 23:27:23.853 16947 16947 D cellinfo: Instantaneous GPS information: United States, 11140 Acoma St, Northglenn, CO 80234, USA
08-10 23:27:23.853 16947 16947 D cellinfo: getCurrentLocation() result: Location (success): 39.8990299, -104.9877807
08-10 23:27:23.857 16947 16947 D cellinfo: onCellInfoChanged: Operator: Verizon Wireless UpdateTimestamp: 30476792 CellConnectionStatus: 1
08-10 23:27:23.857 16947 16947 D cellinfo: onCellInfoChanged: LTE Cell Bands: [66, 2, 66, 13] Bandwidth: 10000 Cell ID: 3934742 Physical Cell ID: 313 Tracking Area Code: 3842 EARFCN: 66586
08-10 23:27:23.866 16947 16991 D cellinfo: 46 bytes from 44.241.174.93: icmp_seq=11385 ttl=26 time=69.4 ms
08-10 23:27:24.065 16947 16991 D cellinfo: 46 bytes from 44.241.174.93: icmp_seq=11386 ttl=26 time=68.5 ms
08-10 23:27:24.265 16947 16991 D cellinfo: 46 bytes from 44.241.174.93: icmp_seq=11387 ttl=26 time=68.5 ms
08-10 23:27:24.465 16947 16991 D cellinfo: 46 bytes from 44.241.174.93: icmp_seq=11388 ttl=26 time=68.2 ms
08-10 23:27:24.666 16947 16991 D cellinfo: 46 bytes from 44.241.174.93: icmp_seq=11389 ttl=26 time=68.2 ms
08-10 23:27:24.867 16947 16991 D cellinfo: 46 bytes from 44.241.174.93: icmp_seq=11390 ttl=26 time=67.3 ms
08-10 23:27:25.067 16947 16991 D cellinfo: 46 bytes from 44.241.174.93: icmp_seq=11391 ttl=26 time=66.7 ms
08-10 23:27:25.268 16947 16991 D cellinfo: 46 bytes from 44.241.174.93: icmp_seq=11392 ttl=26 time=68.1 ms
08-10 23:27:25.466 16947 16991 D cellinfo: 46 bytes from 44.241.174.93: icmp_seq=11393 ttl=26 time=65.1 ms
08-10 23:27:25.666 16947 16991 D cellinfo: 46 bytes from 44.241.174.93: icmp_seq=11394 ttl=26 time=64.1 ms
08-10 23:27:25.875 16947 16991 D cellinfo: 46 bytes from 44.241.174.93: icmp_seq=11395 ttl=26 time=71.6 ms
08-10 23:27:26.077 16947 16991 D cellinfo: 46 bytes from 44.241.174.93: icmp_seq=11396 ttl=26 time=73.0 ms
08-10 23:27:26.285 16947 16991 D cellinfo: 46 bytes from 44.241.174.93: icmp_seq=11397 ttl=26 time=80.4 ms
08-10 23:27:26.475 16947 16991 D cellinfo: 46 bytes from 44.241.174.93: icmp_seq=11398 ttl=26 time=69.9 ms
08-10 23:27:26.491 16947 16947 D cellinfo: onCellInfoChanged: Operator: Verizon Wireless UpdateTimestamp: 30479791 CellConnectionStatus: 1
08-10 23:27:26.491 16947 16947 D cellinfo: onCellInfoChanged: LTE Cell Bands: [66, 2, 66, 13] Bandwidth: 10000 Cell ID: 3934742 Physical Cell ID: 313 Tracking Area Code: 3842 EARFCN: 66586
08-10 23:27:26.591 16947 16947 D cellinfo: onsignalStrengthsChanged: LTE Signal Strength info: rsrp: -97 rsrq: -9 rssi: -81 rssnr: 2
08-10 23:27:26.674 16947 16991 D cellinfo: 46 bytes from 44.241.174.93: icmp_seq=11399 ttl=26 time=68.3 ms
08-10 23:27:26.890 16947 16991 D cellinfo: 46 bytes from 44.241.174.93: icmp_seq=11400 ttl=26 time=83.1 ms
08-10 23:27:27.081 16947 16991 D cellinfo: 46 bytes from 44.241.174.93: icmp_seq=11401 ttl=26 time=73.6 ms
08-10 23:27:27.280 16947 16991 D cellinfo: 46 bytes from 44.241.174.93: icmp_seq=11402 ttl=26 time=71.6 ms
08-10 23:27:27.479 16947 16991 D cellinfo: 46 bytes from 44.241.174.93: icmp_seq=11403 ttl=26 time=69.2 ms
08-10 23:27:27.633 16947 16947 D cellinfo: Latitude is 39.8952308
08-10 23:27:27.633 16947 16947 D cellinfo: Longitude is -104.987673
08-10 23:27:27.633 16947 16947 D cellinfo: Instantaneous GPS information: United States, 10920 Acoma St, Northglenn, CO 80234, USA
08-10 23:27:27.633 16947 16947 D cellinfo: getCurrentLocation() result: Location (success): 39.8952308, -104.987673
08-10 23:27:27.680 16947 16991 D cellinfo: 46 bytes from 44.241.174.93: icmp_seq=11404 ttl=26 time=69.9 ms
08-10 23:27:27.883 16947 16991 D cellinfo: 46 bytes from 44.241.174.93: icmp_seq=11405 ttl=26 time=72.6 ms
08-10 23:27:28.079 16947 16991 D cellinfo: 46 bytes from 44.241.174.93: icmp_seq=11406 ttl=26 time=67.3 ms
08-10 23:27:28.303 16947 16991 D cellinfo: 46 bytes from 44.241.174.93: icmp_seq=11407 ttl=26 time=88.2 ms
08-10 23:27:28.494 16947 16991 D cellinfo: 46 bytes from 44.241.174.93: icmp_seq=11408 ttl=26 time=80.6 ms
08-10 23:27:28.694 16947 16991 D cellinfo: 46 bytes from 44.241.174.93: icmp_seq=11409 ttl=26 time=80.2 ms
08-10 23:27:28.895 16947 16991 D cellinfo: 46 bytes from 44.241.174.93: icmp_seq=11410 ttl=26 time=79.2 ms
08-10 23:27:29.095 16947 16991 D cellinfo: 46 bytes from 44.241.174.93: icmp_seq=11411 ttl=26 time=78.8 ms
08-10 23:27:29.301 16947 16991 D cellinfo: 46 bytes from 44.241.174.93: icmp_seq=11412 ttl=26 time=84.4 ms
08-10 23:27:29.462 16947 16947 D cellinfo: Latitude is 39.8952308
08-10 23:27:29.462 16947 16947 D cellinfo: Longitude is -104.987673
08-10 23:27:29.462 16947 16947 D cellinfo: Instantaneous GPS information: United States, 10920 Acoma St, Northglenn, CO 80234, USA
08-10 23:27:29.462 16947 16947 D cellinfo: getCurrentLocation() result: Location (success): 39.8952308, -104.987673
08-10 23:27:29.487 16947 16991 D cellinfo: 46 bytes from 44.241.174.93: icmp_seq=11413 ttl=26 time=70.4 ms
08-10 23:27:29.513 16947 16947 D cellinfo: onCellInfoChanged: Operator: Verizon Wireless UpdateTimestamp: 30482812 CellConnectionStatus: 1
08-10 23:27:29.513 16947 16947 D cellinfo: onCellInfoChanged: LTE Cell Bands: [66, 2, 66, 13] Bandwidth: 10000 Cell ID: 3934742 Physical Cell ID: 313 Tracking Area Code: 3842 EARFCN: 66586
08-10 23:27:29.686 16947 16991 D cellinfo: 46 bytes from 44.241.174.93: icmp_seq=11414 ttl=26 time=68.3 ms
08-10 23:27:29.886 16947 16991 D cellinfo: 46 bytes from 44.241.174.93: icmp_seq=11415 ttl=26 time=67.5 ms
08-10 23:27:30.095 16947 16991 D cellinfo: 46 bytes from 44.241.174.93: icmp_seq=11416 ttl=26 time=75.1 ms
08-10 23:27:30.286 16947 16991 D cellinfo: 46 bytes from 44.241.174.93: icmp_seq=11417 ttl=26 time=65.4 ms
08-10 23:27:30.488 16947 16991 D cellinfo: 46 bytes from 44.241.174.93: icmp_seq=11418 ttl=26 time=65.6 ms
08-10 23:27:30.685 16947 16991 D cellinfo: 46 bytes from 44.241.174.93: icmp_seq=11419 ttl=26 time=63.0 ms
08-10 23:27:30.885 16947 16991 D cellinfo: 46 bytes from 44.241.174.93: icmp_seq=11420 ttl=26 time=62.2 ms
08-10 23:27:31.096 16947 16991 D cellinfo: 46 bytes from 44.241.174.93: icmp_seq=11421 ttl=26 time=71.2 ms
08-10 23:27:31.312 16947 16991 D cellinfo: 46 bytes from 44.241.174.93: icmp_seq=11422 ttl=26 time=86.6 ms
08-10 23:27:31.537 16947 16991 D cellinfo: 46 bytes from 44.241.174.93: icmp_seq=11423 ttl=26 time=111 ms
08-10 23:27:31.697 16947 16991 D cellinfo: 46 bytes from 44.241.174.93: icmp_seq=11424 ttl=26 time=69.9 ms
08-10 23:27:31.900 16947 16991 D cellinfo: 46 bytes from 44.241.174.93: icmp_seq=11425 ttl=26 time=71.8 ms
08-10 23:27:32.097 16947 16991 D cellinfo: 46 bytes from 44.241.174.93: icmp_seq=11426 ttl=26 time=68.2 ms
08-10 23:27:32.304 16947 16991 D cellinfo: 46 bytes from 44.241.174.93: icmp_seq=11427 ttl=26 time=75.2 ms
08-10 23:27:32.496 16947 16991 D cellinfo: 46 bytes from 44.241.174.93: icmp_seq=11428 ttl=26 time=66.3 ms
08-10 23:27:32.699 16947 16991 D cellinfo: 46 bytes from 44.241.174.93: icmp_seq=11429 ttl=26 time=68.0 ms
08-10 23:27:32.844 16947 16947 D cellinfo: Latitude is 39.89465
08-10 23:27:32.844 16947 16947 D cellinfo: Longitude is -104.9876599
08-10 23:27:32.844 16947 16947 D cellinfo: Instantaneous GPS information: United States, 10900 Acoma St, Northglenn, CO 80234, USA
08-10 23:27:32.844 16947 16947 D cellinfo: getCurrentLocation() result: Location (success): 39.89465, -104.9876599
08-10 23:27:32.848 16947 16947 D cellinfo: onCellInfoChanged: Operator: Verizon Wireless UpdateTimestamp: 30485793 CellConnectionStatus: 1
08-10 23:27:32.848 16947 16947 D cellinfo: onCellInfoChanged: LTE Cell Bands: [66, 2, 66, 13] Bandwidth: 10000 Cell ID: 3934742 Physical Cell ID: 313 Tracking Area Code: 3842 EARFCN: 66586
08-10 23:27:32.849 16947 16947 D cellinfo: onsignalStrengthsChanged: LTE Signal Strength info: rsrp: -108 rsrq: -12 rssi: -87 rssnr: 1
08-10 23:27:32.913 16947 16991 D cellinfo: 46 bytes from 44.241.174.93: icmp_seq=11430 ttl=26 time=81.1 ms
08-10 23:27:33.097 16947 16991 D cellinfo: 46 bytes from 44.241.174.93: icmp_seq=11431 ttl=26 time=63.6 ms
08-10 23:27:33.327 16947 16991 D cellinfo: 46 bytes from 44.241.174.93: icmp_seq=11432 ttl=26 time=93.9 ms
08-10 23:27:33.516 16947 16991 D cellinfo: 46 bytes from 44.241.174.93: icmp_seq=11433 ttl=26 time=81.6 ms
08-10 23:27:33.747 16947 16991 D cellinfo: 46 bytes from 44.241.174.93: icmp_seq=11434 ttl=26 time=111 ms
08-10 23:27:33.914 16947 16991 D cellinfo: 46 bytes from 44.241.174.93: icmp_seq=11435 ttl=26 time=78.5 ms
08-10 23:27:34.107 16947 16991 D cellinfo: 46 bytes from 44.241.174.93: icmp_seq=11436 ttl=26 time=70.8 ms
08-10 23:27:34.306 16947 16991 D cellinfo: 46 bytes from 44.241.174.93: icmp_seq=11437 ttl=26 time=69.1 ms
08-10 23:27:34.506 16947 16991 D cellinfo: 46 bytes from 44.241.174.93: icmp_seq=11438 ttl=26 time=68.0 ms
08-10 23:27:34.706 16947 16991 D cellinfo: 46 bytes from 44.241.174.93: icmp_seq=11439 ttl=26 time=66.7 ms
08-10 23:27:34.906 16947 16991 D cellinfo: 46 bytes from 44.241.174.93: icmp_seq=11440 ttl=26 time=66.1 ms
08-10 23:27:35.106 16947 16991 D cellinfo: 46 bytes from 44.241.174.93: icmp_seq=11441 ttl=26 time=64.9 ms
08-10 23:27:35.314 16947 16991 D cellinfo: 46 bytes from 44.241.174.93: icmp_seq=11442 ttl=26 time=72.1 ms
08-10 23:27:35.506 16947 16991 D cellinfo: 46 bytes from 44.241.174.93: icmp_seq=11443 ttl=26 time=63.7 ms
08-10 23:27:35.714 16947 16991 D cellinfo: 46 bytes from 44.241.174.93: icmp_seq=11444 ttl=26 time=70.7 ms
08-10 23:27:35.840 16947 16947 D cellinfo: Latitude is 39.8941929
08-10 23:27:35.840 16947 16947 D cellinfo: Longitude is -104.9876496
08-10 23:27:35.840 16947 16947 D cellinfo: Instantaneous GPS information: United States, 10870 Acoma St, Northglenn, CO 80234, USA
08-10 23:27:35.840 16947 16947 D cellinfo: getCurrentLocation() result: Location (success): 39.8941929, -104.9876496
08-10 23:27:35.844 16947 16947 D cellinfo: onCellInfoChanged: Operator: Verizon Wireless UpdateTimestamp: 30488798 CellConnectionStatus: 1
08-10 23:27:35.844 16947 16947 D cellinfo: onCellInfoChanged: LTE Cell Bands: [66, 2, 66, 13] Bandwidth: 10000 Cell ID: 3934742 Physical Cell ID: 313 Tracking Area Code: 3842 EARFCN: 66586
08-10 23:27:35.913 16947 16991 D cellinfo: 46 bytes from 44.241.174.93: icmp_seq=11445 ttl=26 time=68.8 ms
08-10 23:27:36.125 16947 16991 D cellinfo: 46 bytes from 44.241.174.93: icmp_seq=11446 ttl=26 time=79.8 ms
08-10 23:27:36.317 16947 16991 D cellinfo: 46 bytes from 44.241.174.93: icmp_seq=11447 ttl=26 time=71.4 ms
08-10 23:27:36.517 16947 16991 D cellinfo: 46 bytes from 44.241.174.93: icmp_seq=11448 ttl=26 time=70.1 ms
08-10 23:27:36.717 16947 16991 D cellinfo: 46 bytes from 44.241.174.93: icmp_seq=11449 ttl=26 time=68.8 ms
08-10 23:27:36.917 16947 16991 D cellinfo: 46 bytes from 44.241.174.93: icmp_seq=11450 ttl=26 time=68.0 ms
08-10 23:27:37.118 16947 16991 D cellinfo: 46 bytes from 44.241.174.93: icmp_seq=11451 ttl=26 time=68.1 ms
08-10 23:27:37.316 16947 16991 D cellinfo: 46 bytes from 44.241.174.93: icmp_seq=11452 ttl=26 time=65.0 ms
08-10 23:27:37.516 16947 16991 D cellinfo: 46 bytes from 44.241.174.93: icmp_seq=11453 ttl=26 time=63.7 ms
08-10 23:27:37.593 16947 16947 D cellinfo: onsignalStrengthsChanged: LTE Signal Strength info: rsrp: -104 rsrq: -9 rssi: -87 rssnr: 2
08-10 23:27:37.727 16947 16991 D cellinfo: 46 bytes from 44.241.174.93: icmp_seq=11454 ttl=26 time=73.9 ms
08-10 23:27:37.924 16947 16991 D cellinfo: 46 bytes from 44.241.174.93: icmp_seq=11455 ttl=26 time=70.4 ms
08-10 23:27:38.126 16947 16991 D cellinfo: 46 bytes from 44.241.174.93: icmp_seq=11456 ttl=26 time=72.6 ms
08-10 23:27:38.325 16947 16991 D cellinfo: 46 bytes from 44.241.174.93: icmp_seq=11457 ttl=26 time=71.5 ms
08-10 23:27:38.526 16947 16991 D cellinfo: 46 bytes from 44.241.174.93: icmp_seq=11458 ttl=26 time=69.8 ms
08-10 23:27:38.739 16947 16991 D cellinfo: 46 bytes from 44.241.174.93: icmp_seq=11459 ttl=26 time=81.4 ms
08-10 23:27:38.866 16947 16947 D cellinfo: Latitude is 39.8942792
08-10 23:27:38.866 16947 16947 D cellinfo: Longitude is -104.9876516
08-10 23:27:38.866 16947 16947 D cellinfo: Instantaneous GPS information: United States, 10870 Acoma St, Northglenn, CO 80234, USA
08-10 23:27:38.866 16947 16947 D cellinfo: getCurrentLocation() result: Location (success): 39.8942792, -104.9876516
08-10 23:27:38.870 16947 16947 D cellinfo: onCellInfoChanged: Operator: Verizon Wireless UpdateTimestamp: 30491797 CellConnectionStatus: 1
08-10 23:27:38.871 16947 16947 D cellinfo: onCellInfoChanged: LTE Cell Bands: [66, 2, 66, 13] Bandwidth: 10000 Cell ID: 3934742 Physical Cell ID: 313 Tracking Area Code: 3842 EARFCN: 66586
08-10 23:27:38.936 16947 16991 D cellinfo: 46 bytes from 44.241.174.93: icmp_seq=11460 ttl=26 time=77.7 ms
08-10 23:27:39.127 16947 16991 D cellinfo: 46 bytes from 44.241.174.93: icmp_seq=11461 ttl=26 time=67.8 ms
08-10 23:27:39.451 16947 16991 D cellinfo: 46 bytes from 44.241.174.93: icmp_seq=11462 ttl=26 time=191 ms
08-10 23:27:39.516 16947 16991 D cellinfo: 46 bytes from 44.241.174.93: icmp_seq=11463 ttl=26 time=56.2 ms
08-10 23:27:39.726 16947 16991 D cellinfo: 46 bytes from 44.241.174.93: icmp_seq=11464 ttl=26 time=65.3 ms
08-10 23:27:39.927 16947 16991 D cellinfo: 46 bytes from 44.241.174.93: icmp_seq=11465 ttl=26 time=65.6 ms
08-10 23:27:40.134 16947 16991 D cellinfo: 46 bytes from 44.241.174.93: icmp_seq=11466 ttl=26 time=72.3 ms
08-10 23:27:40.335 16947 16991 D cellinfo: 46 bytes from 44.241.174.93: icmp_seq=11467 ttl=26 time=72.1 ms
08-10 23:27:40.536 16947 16991 D cellinfo: 46 bytes from 44.241.174.93: icmp_seq=11468 ttl=26 time=72.0 ms
08-10 23:27:40.740 16947 16991 D cellinfo: 46 bytes from 44.241.174.93: icmp_seq=11469 ttl=26 time=72.9 ms
08-10 23:27:40.937 16947 16991 D cellinfo: 46 bytes from 44.241.174.93: icmp_seq=11470 ttl=26 time=71.4 ms
08-10 23:27:41.135 16947 16991 D cellinfo: 46 bytes from 44.241.174.93: icmp_seq=11471 ttl=26 time=69.4 ms
08-10 23:27:41.337 16947 16991 D cellinfo: 46 bytes from 44.241.174.93: icmp_seq=11472 ttl=26 time=69.6 ms
08-10 23:27:41.479 16947 16947 D cellinfo: onCellInfoChanged: Operator: Verizon Wireless UpdateTimestamp: 30494780 CellConnectionStatus: 1
08-10 23:27:41.479 16947 16947 D cellinfo: onCellInfoChanged: LTE Cell Bands: [66, 2, 66, 13] Bandwidth: 10000 Cell ID: 3934742 Physical Cell ID: 313 Tracking Area Code: 3842 EARFCN: 66586
08-10 23:27:41.541 16947 16991 D cellinfo: 46 bytes from 44.241.174.93: icmp_seq=11473 ttl=26 time=73.5 ms
08-10 23:27:41.726 16947 16991 D cellinfo: 46 bytes from 44.241.174.93: icmp_seq=11474 ttl=26 time=56.9 ms
08-10 23:27:41.930 16947 16991 D cellinfo: 46 bytes from 44.241.174.93: icmp_seq=11475 ttl=26 time=61.2 ms
08-10 23:27:42.137 16947 16991 D cellinfo: 46 bytes from 44.241.174.93: icmp_seq=11476 ttl=26 time=66.5 ms
08-10 23:27:42.345 16947 16991 D cellinfo: 46 bytes from 44.241.174.93: icmp_seq=11477 ttl=26 time=74.6 ms
08-10 23:27:42.537 16947 16991 D cellinfo: 46 bytes from 44.241.174.93: icmp_seq=11478 ttl=26 time=65.1 ms
08-10 23:27:42.619 16947 16947 D cellinfo: Latitude is 39.8907514
08-10 23:27:42.619 16947 16947 D cellinfo: Longitude is -104.9876709
08-10 23:27:42.619 16947 16947 D cellinfo: Instantaneous GPS information: United States, 281 W 104th Ave, Northglenn, CO 80234, USA
08-10 23:27:42.619 16947 16947 D cellinfo: getCurrentLocation() result: Location (success): 39.8907514, -104.9876709
08-10 23:27:42.738 16947 16991 D cellinfo: 46 bytes from 44.241.174.93: icmp_seq=11479 ttl=26 time=66.0 ms
08-10 23:27:42.936 16947 16991 D cellinfo: 46 bytes from 44.241.174.93: icmp_seq=11480 ttl=26 time=63.4 ms
08-10 23:27:43.136 16947 16991 D cellinfo: 46 bytes from 44.241.174.93: icmp_seq=11481 ttl=26 time=62.8 ms
08-10 23:27:43.348 16947 16991 D cellinfo: 46 bytes from 44.241.174.93: icmp_seq=11482 ttl=26 time=74.2 ms
08-10 23:27:43.537 16947 16991 D cellinfo: 46 bytes from 44.241.174.93: icmp_seq=11483 ttl=26 time=62.9 ms
08-10 23:27:43.756 16947 16991 D cellinfo: 46 bytes from 44.241.174.93: icmp_seq=11484 ttl=26 time=80.5 ms
08-10 23:27:43.947 16947 16991 D cellinfo: 46 bytes from 44.241.174.93: icmp_seq=11485 ttl=26 time=71.4 ms
08-10 23:27:44.187 16947 16991 D cellinfo: 46 bytes from 44.241.174.93: icmp_seq=11486 ttl=26 time=110 ms
08-10 23:27:44.357 16947 16991 D cellinfo: 46 bytes from 44.241.174.93: icmp_seq=11487 ttl=26 time=79.4 ms
08-10 23:27:44.450 16947 16947 D cellinfo: Latitude is 39.8907514
08-10 23:27:44.450 16947 16947 D cellinfo: Longitude is -104.9876709
08-10 23:27:44.450 16947 16947 D cellinfo: Instantaneous GPS information: United States, 281 W 104th Ave, Northglenn, CO 80234, USA
08-10 23:27:44.450 16947 16947 D cellinfo: getCurrentLocation() result: Location (success): 39.8907514, -104.9876709
08-10 23:27:44.498 16947 16947 D cellinfo: onCellInfoChanged: Operator: Verizon Wireless UpdateTimestamp: 30497799 CellConnectionStatus: 1
08-10 23:27:44.498 16947 16947 D cellinfo: onCellInfoChanged: LTE Cell Bands: [66, 2, 66, 13] Bandwidth: 10000 Cell ID: 3934742 Physical Cell ID: 313 Tracking Area Code: 3842 EARFCN: 66586
08-10 23:27:44.556 16947 16991 D cellinfo: 46 bytes from 44.241.174.93: icmp_seq=11488 ttl=26 time=77.6 ms
08-10 23:27:44.746 16947 16991 D cellinfo: 46 bytes from 44.241.174.93: icmp_seq=11489 ttl=26 time=67.9 ms
08-10 23:27:44.947 16947 16991 D cellinfo: 46 bytes from 44.241.174.93: icmp_seq=11490 ttl=26 time=67.7 ms
08-10 23:27:45.097 16947 16947 D cellinfo: onServiceStateChanged: Channel Number: 66586 Cell Bandwidths: [10000, 10000, 10000, 10000]
08-10 23:27:45.156 16947 16991 D cellinfo: 46 bytes from 44.241.174.93: icmp_seq=11491 ttl=26 time=75.8 ms
08-10 23:27:45.366 16947 16991 D cellinfo: 46 bytes from 44.241.174.93: icmp_seq=11492 ttl=26 time=85.2 ms
08-10 23:27:45.557 16947 16991 D cellinfo: 46 bytes from 44.241.174.93: icmp_seq=11493 ttl=26 time=74.8 ms
08-10 23:27:45.756 16947 16991 D cellinfo: 46 bytes from 44.241.174.93: icmp_seq=11494 ttl=26 time=72.8 ms
08-10 23:27:45.956 16947 16991 D cellinfo: 46 bytes from 44.241.174.93: icmp_seq=11495 ttl=26 time=71.8 ms
08-10 23:27:46.163 16947 16991 D cellinfo: 46 bytes from 44.241.174.93: icmp_seq=11496 ttl=26 time=78.1 ms
08-10 23:27:46.371 16947 16991 D cellinfo: 46 bytes from 44.241.174.93: icmp_seq=11497 ttl=26 time=84.5 ms
08-10 23:27:46.564 16947 16991 D cellinfo: 46 bytes from 44.241.174.93: icmp_seq=11498 ttl=26 time=77.5 ms
08-10 23:27:46.756 16947 16991 D cellinfo: 46 bytes from 44.241.174.93: icmp_seq=11499 ttl=26 time=68.9 ms
08-10 23:27:46.960 16947 16991 D cellinfo: 46 bytes from 44.241.174.93: icmp_seq=11500 ttl=26 time=72.1 ms
08-10 23:27:47.173 16947 16991 D cellinfo: 46 bytes from 44.241.174.93: icmp_seq=11501 ttl=26 time=83.7 ms
08-10 23:27:47.380 16947 16991 D cellinfo: 46 bytes from 44.241.174.93: icmp_seq=11502 ttl=26 time=90.3 ms
08-10 23:27:47.565 16947 16991 D cellinfo: 46 bytes from 44.241.174.93: icmp_seq=11503 ttl=26 time=74.7 ms
08-10 23:27:47.783 16947 16991 D cellinfo: 46 bytes from 44.241.174.93: icmp_seq=11504 ttl=26 time=92.2 ms
08-10 23:27:47.889 16947 16947 D cellinfo: Latitude is 39.8902317
08-10 23:27:47.890 16947 16947 D cellinfo: Longitude is -104.9876591
08-10 23:27:47.890 16947 16947 D cellinfo: Instantaneous GPS information: United States, Dwight D. Eisenhower Hwy, Northglenn, CO 80234, USA
08-10 23:27:47.890 16947 16947 D cellinfo: getCurrentLocation() result: Location (success): 39.8902317, -104.9876591
08-10 23:27:47.894 16947 16947 D cellinfo: onCellInfoChanged: Operator: Verizon Wireless UpdateTimestamp: 30500792 CellConnectionStatus: 1
08-10 23:27:47.894 16947 16947 D cellinfo: onCellInfoChanged: LTE Cell Bands: [66, 66, 5, 2] Bandwidth: 10000 Cell ID: 80833804 Physical Cell ID: 294 Tracking Area Code: 3842 EARFCN: 66586
08-10 23:27:47.969 16947 16991 D cellinfo: 46 bytes from 44.241.174.93: icmp_seq=11505 ttl=26 time=77.7 ms
08-10 23:27:48.172 16947 16991 D cellinfo: 46 bytes from 44.241.174.93: icmp_seq=11506 ttl=26 time=80.5 ms
08-10 23:27:48.381 16947 16991 D cellinfo: 46 bytes from 44.241.174.93: icmp_seq=11507 ttl=26 time=87.2 ms
08-10 23:27:48.572 16947 16991 D cellinfo: 46 bytes from 44.241.174.93: icmp_seq=11508 ttl=26 time=77.8 ms
08-10 23:27:48.767 16947 16991 D cellinfo: 46 bytes from 44.241.174.93: icmp_seq=11509 ttl=26 time=72.9 ms
08-10 23:27:48.969 16947 16991 D cellinfo: 46 bytes from 44.241.174.93: icmp_seq=11510 ttl=26 time=74.6 ms
08-10 23:27:49.164 16947 16991 D cellinfo: 46 bytes from 44.241.174.93: icmp_seq=11511 ttl=26 time=68.4 ms
08-10 23:27:49.365 16947 16991 D cellinfo: 46 bytes from 44.241.174.93: icmp_seq=11512 ttl=26 time=67.6 ms
08-10 23:27:49.565 16947 16991 D cellinfo: 46 bytes from 44.241.174.93: icmp_seq=11513 ttl=26 time=66.5 ms
08-10 23:27:49.775 16947 16991 D cellinfo: 46 bytes from 44.241.174.93: icmp_seq=11514 ttl=26 time=75.5 ms
08-10 23:27:49.986 16947 16991 D cellinfo: 46 bytes from 44.241.174.93: icmp_seq=11515 ttl=26 time=85.9 ms
08-10 23:27:50.173 16947 16991 D cellinfo: 46 bytes from 44.241.174.93: icmp_seq=11516 ttl=26 time=72.5 ms
08-10 23:27:50.373 16947 16991 D cellinfo: 46 bytes from 44.241.174.93: icmp_seq=11517 ttl=26 time=71.6 ms
08-10 23:27:50.576 16947 16991 D cellinfo: 46 bytes from 44.241.174.93: icmp_seq=11518 ttl=26 time=73.5 ms
08-10 23:27:50.780 16947 16991 D cellinfo: 46 bytes from 44.241.174.93: icmp_seq=11519 ttl=26 time=76.6 ms
08-10 23:27:50.811 16947 16947 D cellinfo: Latitude is 39.889811
08-10 23:27:50.811 16947 16947 D cellinfo: Longitude is -104.9876497
08-10 23:27:50.811 16947 16947 D cellinfo: Instantaneous GPS information: United States, 261 W 104th Ave, Northglenn, CO 80234, USA
08-10 23:27:50.811 16947 16947 D cellinfo: getCurrentLocation() result: Location (success): 39.889811, -104.9876497
08-10 23:27:50.812 16947 16947 D cellinfo: onCellInfoChanged: Operator: Verizon Wireless UpdateTimestamp: 30503800 CellConnectionStatus: 1
08-10 23:27:50.812 16947 16947 D cellinfo: onCellInfoChanged: LTE Cell Bands: [66, 66, 5, 2] Bandwidth: 10000 Cell ID: 80833804 Physical Cell ID: 294 Tracking Area Code: 3842 EARFCN: 66586
08-10 23:27:50.982 16947 16991 D cellinfo: 46 bytes from 44.241.174.93: icmp_seq=11520 ttl=26 time=77.6 ms
08-10 23:27:51.174 16947 16991 D cellinfo: 46 bytes from 44.241.174.93: icmp_seq=11521 ttl=26 time=68.7 ms
08-10 23:27:51.374 16947 16991 D cellinfo: 46 bytes from 44.241.174.93: icmp_seq=11522 ttl=26 time=67.6 ms
08-10 23:27:51.574 16947 16991 D cellinfo: 46 bytes from 44.241.174.93: icmp_seq=11523 ttl=26 time=66.6 ms
08-10 23:27:51.785 16947 16991 D cellinfo: 46 bytes from 44.241.174.93: icmp_seq=11524 ttl=26 time=75.9 ms
08-10 23:27:51.985 16947 16991 D cellinfo: 46 bytes from 44.241.174.93: icmp_seq=11525 ttl=26 time=75.5 ms
08-10 23:27:52.184 16947 16991 D cellinfo: 46 bytes from 44.241.174.93: icmp_seq=11526 ttl=26 time=74.2 ms
08-10 23:27:52.408 16947 16991 D cellinfo: 46 bytes from 44.241.174.93: icmp_seq=11527 ttl=26 time=97.3 ms
08-10 23:27:52.584 16947 16991 D cellinfo: 46 bytes from 44.241.174.93: icmp_seq=11528 ttl=26 time=72.7 ms
08-10 23:27:52.802 16947 16991 D cellinfo: 46 bytes from 44.241.174.93: icmp_seq=11529 ttl=26 time=89.5 ms
08-10 23:27:52.991 16947 16991 D cellinfo: 46 bytes from 44.241.174.93: icmp_seq=11530 ttl=26 time=76.8 ms
08-10 23:27:53.185 16947 16991 D cellinfo: 46 bytes from 44.241.174.93: icmp_seq=11531 ttl=26 time=70.0 ms
08-10 23:27:53.385 16947 16991 D cellinfo: 46 bytes from 44.241.174.93: icmp_seq=11532 ttl=26 time=68.0 ms
08-10 23:27:53.586 16947 16991 D cellinfo: 46 bytes from 44.241.174.93: icmp_seq=11533 ttl=26 time=68.3 ms
08-10 23:27:53.797 16947 16991 D cellinfo: 46 bytes from 44.241.174.93: icmp_seq=11534 ttl=26 time=77.5 ms
08-10 23:27:53.886 16947 16947 D cellinfo: Latitude is 39.8898842
08-10 23:27:53.886 16947 16947 D cellinfo: Longitude is -104.9876513
08-10 23:27:53.886 16947 16947 D cellinfo: Instantaneous GPS information: United States, 261 W 104th Ave, Northglenn, CO 80234, USA
08-10 23:27:53.886 16947 16947 D cellinfo: getCurrentLocation() result: Location (success): 39.8898842, -104.9876513
