08-10 15:03:56.114 11317 11317 D cellinfo: Longitude is -111.870758
08-10 15:03:56.114 11317 11317 D cellinfo: Instantaneous GPS information: United States, 2685 UT-71, Salt Lake City, UT 84106, USA
08-10 15:03:56.114 11317 11317 D cellinfo: getCurrentLocation() result: Location (success): 40.7129067, -111.870758
08-10 15:03:56.174 11317 11317 D cellinfo: onCellInfoChanged: Operator: Verizon Wireless UpdateTimestamp: 269471 CellConnectionStatus: 1
08-10 15:03:56.174 11317 11317 D cellinfo: onCellInfoChanged: LTE Cell Bands: [13] Bandwidth: 10000 Cell ID: 3098113 Physical Cell ID: 135 Tracking Area Code: 3073 EARFCN: 5230
08-10 15:03:56.262 11317 11698 D cellinfo: 46 bytes from 44.241.174.93: icmp_seq=637 ttl=26 time=51.9 ms
08-10 15:03:56.472 11317 11698 D cellinfo: 46 bytes from 44.241.174.93: icmp_seq=638 ttl=26 time=60.4 ms
08-10 15:03:56.689 11317 11698 D cellinfo: 46 bytes from 44.241.174.93: icmp_seq=639 ttl=26 time=76.3 ms
08-10 15:03:56.837 11317 11317 D cellinfo: onsignalStrengthsChanged: LTE Signal Strength info: rsrp: -96 rsrq: -10 rssi: -79 rssnr: 6
08-10 15:03:56.873 11317 11698 D cellinfo: 46 bytes from 44.241.174.93: icmp_seq=640 ttl=26 time=60.6 ms
08-10 15:03:57.073 11317 11698 D cellinfo: 46 bytes from 44.241.174.93: icmp_seq=641 ttl=26 time=60.0 ms
08-10 15:03:57.272 11317 11698 D cellinfo: 46 bytes from 44.241.174.93: icmp_seq=642 ttl=26 time=58.0 ms
08-10 15:03:57.472 11317 11698 D cellinfo: 46 bytes from 44.241.174.93: icmp_seq=643 ttl=26 time=56.9 ms
08-10 15:03:57.672 11317 11698 D cellinfo: 46 bytes from 44.241.174.93: icmp_seq=644 ttl=26 time=56.1 ms
08-10 15:03:57.874 11317 11698 D cellinfo: 46 bytes from 44.241.174.93: icmp_seq=645 ttl=26 time=56.2 ms
08-10 15:03:58.074 11317 11698 D cellinfo: 46 bytes from 44.241.174.93: icmp_seq=646 ttl=26 time=56.0 ms
08-10 15:03:58.276 11317 11698 D cellinfo: 46 bytes from 44.241.174.93: icmp_seq=647 ttl=26 time=57.5 ms
08-10 15:03:58.473 11317 11698 D cellinfo: 46 bytes from 44.241.174.93: icmp_seq=648 ttl=26 time=53.4 ms
08-10 15:03:58.672 11317 11698 D cellinfo: 46 bytes from 44.241.174.93: icmp_seq=649 ttl=26 time=52.5 ms
08-10 15:03:58.873 11317 11698 D cellinfo: 46 bytes from 44.241.174.93: icmp_seq=650 ttl=26 time=52.8 ms
08-10 15:03:59.073 11317 11698 D cellinfo: 46 bytes from 44.241.174.93: icmp_seq=651 ttl=26 time=52.0 ms
08-10 15:03:59.118 11317 11317 D cellinfo: Latitude is 40.7129067
08-10 15:03:59.118 11317 11317 D cellinfo: Longitude is -111.870758
08-10 15:03:59.118 11317 11317 D cellinfo: Instantaneous GPS information: United States, 2685 UT-71, Salt Lake City, UT 84106, USA
08-10 15:03:59.118 11317 11317 D cellinfo: getCurrentLocation() result: Location (success): 40.7129067, -111.870758
08-10 15:03:59.172 11317 11317 D cellinfo: onCellInfoChanged: Operator: Verizon Wireless UpdateTimestamp: 272472 CellConnectionStatus: 1
08-10 15:03:59.172 11317 11317 D cellinfo: onCellInfoChanged: LTE Cell Bands: [13] Bandwidth: 10000 Cell ID: 3098113 Physical Cell ID: 135 Tracking Area Code: 3073 EARFCN: 5230
08-10 15:03:59.282 11317 11698 D cellinfo: 46 bytes from 44.241.174.93: icmp_seq=652 ttl=26 time=59.7 ms
08-10 15:03:59.484 11317 11698 D cellinfo: 46 bytes from 44.241.174.93: icmp_seq=653 ttl=26 time=61.5 ms
08-10 15:03:59.684 11317 11698 D cellinfo: 46 bytes from 44.241.174.93: icmp_seq=654 ttl=26 time=61.1 ms
08-10 15:03:59.882 11317 11698 D cellinfo: 46 bytes from 44.241.174.93: icmp_seq=655 ttl=26 time=58.1 ms
08-10 15:04:00.091 11317 11698 D cellinfo: 46 bytes from 44.241.174.93: icmp_seq=656 ttl=26 time=66.2 ms
08-10 15:04:00.282 11317 11698 D cellinfo: 46 bytes from 44.241.174.93: icmp_seq=657 ttl=26 time=56.2 ms
08-10 15:04:00.484 11317 11698 D cellinfo: 46 bytes from 44.241.174.93: icmp_seq=658 ttl=26 time=57.0 ms
08-10 15:04:00.692 11317 11698 D cellinfo: 46 bytes from 44.241.174.93: icmp_seq=659 ttl=26 time=63.0 ms
08-10 15:04:00.836 11317 11317 D cellinfo: onsignalStrengthsChanged: LTE Signal Strength info: rsrp: -93 rsrq: -9 rssi: -77 rssnr: 7
08-10 15:04:00.884 11317 11698 D cellinfo: 46 bytes from 44.241.174.93: icmp_seq=660 ttl=26 time=55.2 ms
08-10 15:04:01.082 11317 11698 D cellinfo: 46 bytes from 44.241.174.93: icmp_seq=661 ttl=26 time=52.0 ms
08-10 15:04:01.297 11317 11698 D cellinfo: 46 bytes from 44.241.174.93: icmp_seq=662 ttl=26 time=66.1 ms
08-10 15:04:01.494 11317 11698 D cellinfo: 46 bytes from 44.241.174.93: icmp_seq=663 ttl=26 time=61.5 ms
08-10 15:04:01.693 11317 11698 D cellinfo: 46 bytes from 44.241.174.93: icmp_seq=664 ttl=26 time=60.1 ms
08-10 15:04:01.917 11317 11698 D cellinfo: 46 bytes from 44.241.174.93: icmp_seq=665 ttl=26 time=83.5 ms
08-10 15:04:02.092 11317 11698 D cellinfo: 46 bytes from 44.241.174.93: icmp_seq=666 ttl=26 time=57.9 ms
08-10 15:04:02.123 11317 11317 D cellinfo: Latitude is 40.7129067
08-10 15:04:02.123 11317 11317 D cellinfo: Longitude is -111.870758
08-10 15:04:02.123 11317 11317 D cellinfo: Instantaneous GPS information: United States, 2685 UT-71, Salt Lake City, UT 84106, USA
08-10 15:04:02.123 11317 11317 D cellinfo: getCurrentLocation() result: Location (success): 40.7129067, -111.870758
08-10 15:04:02.172 11317 11317 D cellinfo: onCellInfoChanged: Operator: Verizon Wireless UpdateTimestamp: 275470 CellConnectionStatus: 1
08-10 15:04:02.172 11317 11317 D cellinfo: onCellInfoChanged: LTE Cell Bands: [13] Bandwidth: 10000 Cell ID: 3098113 Physical Cell ID: 135 Tracking Area Code: 3073 EARFCN: 5230
08-10 15:04:02.327 11317 11698 D cellinfo: 46 bytes from 44.241.174.93: icmp_seq=667 ttl=26 time=92.1 ms
08-10 15:04:02.492 11317 11698 D cellinfo: 46 bytes from 44.241.174.93: icmp_seq=668 ttl=26 time=56.2 ms
08-10 15:04:02.692 11317 11698 D cellinfo: 46 bytes from 44.241.174.93: icmp_seq=669 ttl=26 time=55.2 ms
08-10 15:04:02.896 11317 11698 D cellinfo: 46 bytes from 44.241.174.93: icmp_seq=670 ttl=26 time=57.9 ms
08-10 15:04:03.096 11317 11698 D cellinfo: 46 bytes from 44.241.174.93: icmp_seq=671 ttl=26 time=57.1 ms
08-10 15:04:03.322 11317 11698 D cellinfo: 46 bytes from 44.241.174.93: icmp_seq=672 ttl=26 time=82.5 ms
08-10 15:04:03.500 11317 11698 D cellinfo: 46 bytes from 44.241.174.93: icmp_seq=673 ttl=26 time=59.8 ms
08-10 15:04:03.705 11317 11698 D cellinfo: 46 bytes from 44.241.174.93: icmp_seq=674 ttl=26 time=64.2 ms
08-10 15:04:03.918 11317 11698 D cellinfo: 46 bytes from 44.241.174.93: icmp_seq=675 ttl=26 time=75.9 ms
08-10 15:04:04.106 11317 11698 D cellinfo: 46 bytes from 44.241.174.93: icmp_seq=676 ttl=26 time=63.2 ms
08-10 15:04:04.318 11317 11698 D cellinfo: 46 bytes from 44.241.174.93: icmp_seq=677 ttl=26 time=71.7 ms
08-10 15:04:04.503 11317 11698 D cellinfo: 46 bytes from 44.241.174.93: icmp_seq=678 ttl=26 time=58.0 ms
08-10 15:04:04.705 11317 11698 D cellinfo: 46 bytes from 44.241.174.93: icmp_seq=679 ttl=26 time=59.1 ms
08-10 15:04:04.916 11317 11698 D cellinfo: 46 bytes from 44.241.174.93: icmp_seq=680 ttl=26 time=69.2 ms
08-10 15:04:05.105 11317 11698 D cellinfo: 46 bytes from 44.241.174.93: icmp_seq=681 ttl=26 time=57.3 ms
08-10 15:04:05.139 11317 11317 D cellinfo: Latitude is 40.7129067
08-10 15:04:05.139 11317 11317 D cellinfo: Longitude is -111.870758
08-10 15:04:05.139 11317 11317 D cellinfo: Instantaneous GPS information: United States, 2685 UT-71, Salt Lake City, UT 84106, USA
08-10 15:04:05.139 11317 11317 D cellinfo: getCurrentLocation() result: Location (success): 40.7129067, -111.870758
08-10 15:04:05.173 11317 11317 D cellinfo: onCellInfoChanged: Operator: Verizon Wireless UpdateTimestamp: 278470 CellConnectionStatus: 1
08-10 15:04:05.173 11317 11317 D cellinfo: onCellInfoChanged: LTE Cell Bands: [13] Bandwidth: 10000 Cell ID: 3098113 Physical Cell ID: 135 Tracking Area Code: 3073 EARFCN: 5230
08-10 15:04:05.301 11317 11698 D cellinfo: 46 bytes from 44.241.174.93: icmp_seq=682 ttl=26 time=52.5 ms
08-10 15:04:05.502 11317 11698 D cellinfo: 46 bytes from 44.241.174.93: icmp_seq=683 ttl=26 time=53.3 ms
08-10 15:04:05.704 11317 11698 D cellinfo: 46 bytes from 44.241.174.93: icmp_seq=684 ttl=26 time=53.9 ms
08-10 15:04:05.900 11317 11317 D cellinfo: onsignalStrengthsChanged: LTE Signal Strength info: rsrp: -96 rsrq: -11 rssi: -77 rssnr: 6
08-10 15:04:05.903 11317 11698 D cellinfo: 46 bytes from 44.241.174.93: icmp_seq=685 ttl=26 time=52.4 ms
08-10 15:04:06.119 11317 11698 D cellinfo: 46 bytes from 44.241.174.93: icmp_seq=686 ttl=26 time=66.2 ms
08-10 15:04:06.315 11317 11698 D cellinfo: 46 bytes from 44.241.174.93: icmp_seq=687 ttl=26 time=61.7 ms
08-10 15:04:06.514 11317 11698 D cellinfo: 46 bytes from 44.241.174.93: icmp_seq=688 ttl=26 time=60.1 ms
08-10 15:04:06.716 11317 11698 D cellinfo: 46 bytes from 44.241.174.93: icmp_seq=689 ttl=26 time=61.5 ms
08-10 15:04:06.919 11317 11698 D cellinfo: 46 bytes from 44.241.174.93: icmp_seq=690 ttl=26 time=64.0 ms
08-10 15:04:07.113 11317 11698 D cellinfo: 46 bytes from 44.241.174.93: icmp_seq=691 ttl=26 time=57.1 ms
08-10 15:04:07.313 11317 11698 D cellinfo: 46 bytes from 44.241.174.93: icmp_seq=692 ttl=26 time=56.1 ms
08-10 15:04:07.514 11317 11698 D cellinfo: 46 bytes from 44.241.174.93: icmp_seq=693 ttl=26 time=55.2 ms
08-10 15:04:07.713 11317 11698 D cellinfo: 46 bytes from 44.241.174.93: icmp_seq=694 ttl=26 time=52.9 ms
08-10 15:04:07.913 11317 11698 D cellinfo: 46 bytes from 44.241.174.93: icmp_seq=695 ttl=26 time=52.1 ms
08-10 15:04:08.124 11317 11317 D cellinfo: Latitude is 40.7129067
08-10 15:04:08.124 11317 11317 D cellinfo: Longitude is -111.870758
08-10 15:04:08.124 11317 11317 D cellinfo: Instantaneous GPS information: United States, 2685 UT-71, Salt Lake City, UT 84106, USA
08-10 15:04:08.124 11317 11317 D cellinfo: getCurrentLocation() result: Location (success): 40.7129067, -111.870758
08-10 15:04:08.124 11317 11698 D cellinfo: 46 bytes from 44.241.174.93: icmp_seq=696 ttl=26 time=62.4 ms
08-10 15:04:08.183 11317 11317 D cellinfo: onCellInfoChanged: Operator: Verizon Wireless UpdateTimestamp: 281482 CellConnectionStatus: 1
08-10 15:04:08.183 11317 11317 D cellinfo: onCellInfoChanged: LTE Cell Bands: [13] Bandwidth: 10000 Cell ID: 3098113 Physical Cell ID: 135 Tracking Area Code: 3073 EARFCN: 5230
08-10 15:04:08.338 11317 11698 D cellinfo: 46 bytes from 44.241.174.93: icmp_seq=697 ttl=26 time=76.3 ms
08-10 15:04:08.527 11317 11698 D cellinfo: 46 bytes from 44.241.174.93: icmp_seq=698 ttl=26 time=64.9 ms
08-10 15:04:08.732 11317 11698 D cellinfo: 46 bytes from 44.241.174.93: icmp_seq=699 ttl=26 time=68.9 ms
08-10 15:04:08.932 11317 11698 D cellinfo: 46 bytes from 44.241.174.93: icmp_seq=700 ttl=26 time=67.7 ms
08-10 15:04:09.123 11317 11698 D cellinfo: 46 bytes from 44.241.174.93: icmp_seq=701 ttl=26 time=58.7 ms
08-10 15:04:09.324 11317 11698 D cellinfo: 46 bytes from 44.241.174.93: icmp_seq=702 ttl=26 time=58.7 ms
08-10 15:04:09.522 11317 11698 D cellinfo: 46 bytes from 44.241.174.93: icmp_seq=703 ttl=26 time=55.9 ms
08-10 15:04:09.723 11317 11698 D cellinfo: 46 bytes from 44.241.174.93: icmp_seq=704 ttl=26 time=55.7 ms
08-10 15:04:09.922 11317 11698 D cellinfo: 46 bytes from 44.241.174.93: icmp_seq=705 ttl=26 time=54.5 ms
08-10 15:04:10.124 11317 11698 D cellinfo: 46 bytes from 44.241.174.93: icmp_seq=706 ttl=26 time=56.1 ms
08-10 15:04:10.325 11317 11698 D cellinfo: 46 bytes from 44.241.174.93: icmp_seq=707 ttl=26 time=55.1 ms
08-10 15:04:10.525 11317 11698 D cellinfo: 46 bytes from 44.241.174.93: icmp_seq=708 ttl=26 time=54.1 ms
08-10 15:04:10.742 11317 11698 D cellinfo: 46 bytes from 44.241.174.93: icmp_seq=709 ttl=26 time=71.0 ms
08-10 15:04:10.934 11317 11698 D cellinfo: 46 bytes from 44.241.174.93: icmp_seq=710 ttl=26 time=61.3 ms
08-10 15:04:11.123 11317 11317 D cellinfo: Latitude is 40.7129067
08-10 15:04:11.124 11317 11317 D cellinfo: Longitude is -111.870758
08-10 15:04:11.124 11317 11317 D cellinfo: Instantaneous GPS information: United States, 2685 UT-71, Salt Lake City, UT 84106, USA
08-10 15:04:11.124 11317 11317 D cellinfo: getCurrentLocation() result: Location (success): 40.7129067, -111.870758
08-10 15:04:11.134 11317 11698 D cellinfo: 46 bytes from 44.241.174.93: icmp_seq=711 ttl=26 time=61.0 ms
08-10 15:04:11.189 11317 11317 D cellinfo: onCellInfoChanged: Operator: Verizon Wireless UpdateTimestamp: 284489 CellConnectionStatus: 1
08-10 15:04:11.189 11317 11317 D cellinfo: onCellInfoChanged: LTE Cell Bands: [13] Bandwidth: 10000 Cell ID: 3098113 Physical Cell ID: 135 Tracking Area Code: 3073 EARFCN: 5230
08-10 15:04:11.333 11317 11698 D cellinfo: 46 bytes from 44.241.174.93: icmp_seq=712 ttl=26 time=59.9 ms
08-10 15:04:11.534 11317 11698 D cellinfo: 46 bytes from 44.241.174.93: icmp_seq=713 ttl=26 time=59.4 ms
08-10 15:04:11.733 11317 11698 D cellinfo: 46 bytes from 44.241.174.93: icmp_seq=714 ttl=26 time=58.1 ms
08-10 15:04:11.934 11317 11698 D cellinfo: 46 bytes from 44.241.174.93: icmp_seq=715 ttl=26 time=58.2 ms
08-10 15:04:12.134 11317 11698 D cellinfo: 46 bytes from 44.241.174.93: icmp_seq=716 ttl=26 time=56.8 ms
08-10 15:04:12.334 11317 11698 D cellinfo: 46 bytes from 44.241.174.93: icmp_seq=717 ttl=26 time=56.5 ms
08-10 15:04:12.533 11317 11698 D cellinfo: 46 bytes from 44.241.174.93: icmp_seq=718 ttl=26 time=55.2 ms
08-10 15:04:12.732 11317 11698 D cellinfo: 46 bytes from 44.241.174.93: icmp_seq=719 ttl=26 time=52.9 ms
08-10 15:04:12.943 11317 11698 D cellinfo: 46 bytes from 44.241.174.93: icmp_seq=720 ttl=26 time=62.3 ms
08-10 15:04:13.143 11317 11698 D cellinfo: 46 bytes from 44.241.174.93: icmp_seq=721 ttl=26 time=60.7 ms
08-10 15:04:13.343 11317 11698 D cellinfo: 46 bytes from 44.241.174.93: icmp_seq=722 ttl=26 time=60.3 ms
08-10 15:04:13.544 11317 11698 D cellinfo: 46 bytes from 44.241.174.93: icmp_seq=723 ttl=26 time=59.8 ms
08-10 15:04:13.745 11317 11698 D cellinfo: 46 bytes from 44.241.174.93: icmp_seq=724 ttl=26 time=61.1 ms
08-10 15:04:13.942 11317 11698 D cellinfo: 46 bytes from 44.241.174.93: icmp_seq=725 ttl=26 time=57.0 ms
08-10 15:04:14.123 11317 11317 D cellinfo: Latitude is 40.7129067
08-10 15:04:14.123 11317 11317 D cellinfo: Longitude is -111.870758
08-10 15:04:14.123 11317 11317 D cellinfo: Instantaneous GPS information: United States, 2685 UT-71, Salt Lake City, UT 84106, USA
08-10 15:04:14.123 11317 11317 D cellinfo: getCurrentLocation() result: Location (success): 40.7129067, -111.870758
08-10 15:04:14.144 11317 11698 D cellinfo: 46 bytes from 44.241.174.93: icmp_seq=726 ttl=26 time=57.1 ms
08-10 15:04:14.190 11317 11317 D cellinfo: onCellInfoChanged: Operator: Verizon Wireless UpdateTimestamp: 287490 CellConnectionStatus: 1
08-10 15:04:14.190 11317 11317 D cellinfo: onCellInfoChanged: LTE Cell Bands: [13] Bandwidth: 10000 Cell ID: 3098113 Physical Cell ID: 135 Tracking Area Code: 3073 EARFCN: 5230
08-10 15:04:14.344 11317 11698 D cellinfo: 46 bytes from 44.241.174.93: icmp_seq=727 ttl=26 time=57.4 ms
08-10 15:04:14.542 11317 11698 D cellinfo: 46 bytes from 44.241.174.93: icmp_seq=728 ttl=26 time=54.4 ms
08-10 15:04:14.744 11317 11698 D cellinfo: 46 bytes from 44.241.174.93: icmp_seq=729 ttl=26 time=55.8 ms
08-10 15:04:14.944 11317 11698 D cellinfo: 46 bytes from 44.241.174.93: icmp_seq=730 ttl=26 time=54.5 ms
08-10 15:04:15.143 11317 11698 D cellinfo: 46 bytes from 44.241.174.93: icmp_seq=731 ttl=26 time=54.1 ms
08-10 15:04:15.343 11317 11698 D cellinfo: 46 bytes from 44.241.174.93: icmp_seq=732 ttl=26 time=52.8 ms
08-10 15:04:15.544 11317 11698 D cellinfo: 46 bytes from 44.241.174.93: icmp_seq=733 ttl=26 time=53.0 ms
08-10 15:04:15.753 11317 11698 D cellinfo: 46 bytes from 44.241.174.93: icmp_seq=734 ttl=26 time=60.5 ms
08-10 15:04:15.952 11317 11698 D cellinfo: 46 bytes from 44.241.174.93: icmp_seq=735 ttl=26 time=59.0 ms
08-10 15:04:16.165 11317 11698 D cellinfo: 46 bytes from 44.241.174.93: icmp_seq=736 ttl=26 time=70.3 ms
08-10 15:04:16.352 11317 11698 D cellinfo: 46 bytes from 44.241.174.93: icmp_seq=737 ttl=26 time=57.5 ms
08-10 15:04:16.562 11317 11698 D cellinfo: 46 bytes from 44.241.174.93: icmp_seq=738 ttl=26 time=66.8 ms
08-10 15:04:16.753 11317 11698 D cellinfo: 46 bytes from 44.241.174.93: icmp_seq=739 ttl=26 time=56.3 ms
08-10 15:04:16.954 11317 11698 D cellinfo: 46 bytes from 44.241.174.93: icmp_seq=740 ttl=26 time=56.6 ms
08-10 15:04:17.125 11317 11317 D cellinfo: Latitude is 40.7129067
08-10 15:04:17.125 11317 11317 D cellinfo: Longitude is -111.870758
08-10 15:04:17.126 11317 11317 D cellinfo: Instantaneous GPS information: United States, 2685 UT-71, Salt Lake City, UT 84106, USA
08-10 15:04:17.126 11317 11317 D cellinfo: getCurrentLocation() result: Location (success): 40.7129067, -111.870758
08-10 15:04:17.154 11317 11698 D cellinfo: 46 bytes from 44.241.174.93: icmp_seq=741 ttl=26 time=57.4 ms
08-10 15:04:17.176 11317 11317 D cellinfo: onCellInfoChanged: Operator: Verizon Wireless UpdateTimestamp: 290475 CellConnectionStatus: 1
08-10 15:04:17.176 11317 11317 D cellinfo: onCellInfoChanged: LTE Cell Bands: [13] Bandwidth: 10000 Cell ID: 3098113 Physical Cell ID: 135 Tracking Area Code: 3073 EARFCN: 5230
08-10 15:04:17.354 11317 11698 D cellinfo: 46 bytes from 44.241.174.93: icmp_seq=742 ttl=26 time=55.6 ms
08-10 15:04:17.553 11317 11698 D cellinfo: 46 bytes from 44.241.174.93: icmp_seq=743 ttl=26 time=54.2 ms
08-10 15:04:17.761 11317 11698 D cellinfo: 46 bytes from 44.241.174.93: icmp_seq=744 ttl=26 time=61.3 ms
08-10 15:04:17.915 11317 11317 D cellinfo: onsignalStrengthsChanged: LTE Signal Strength info: rsrp: -96 rsrq: -10 rssi: -77 rssnr: 3
08-10 15:04:17.953 11317 11698 D cellinfo: 46 bytes from 44.241.174.93: icmp_seq=745 ttl=26 time=52.0 ms
08-10 15:04:18.164 11317 11698 D cellinfo: 46 bytes from 44.241.174.93: icmp_seq=746 ttl=26 time=62.0 ms
08-10 15:04:18.363 11317 11698 D cellinfo: 46 bytes from 44.241.174.93: icmp_seq=747 ttl=26 time=60.3 ms
08-10 15:04:18.563 11317 11698 D cellinfo: 46 bytes from 44.241.174.93: icmp_seq=748 ttl=26 time=58.4 ms
08-10 15:04:18.763 11317 11698 D cellinfo: 46 bytes from 44.241.174.93: icmp_seq=749 ttl=26 time=57.8 ms
08-10 15:04:18.964 11317 11698 D cellinfo: 46 bytes from 44.241.174.93: icmp_seq=750 ttl=26 time=57.8 ms
08-10 15:04:19.164 11317 11698 D cellinfo: 46 bytes from 44.241.174.93: icmp_seq=751 ttl=26 time=56.7 ms
08-10 15:04:19.364 11317 11698 D cellinfo: 46 bytes from 44.241.174.93: icmp_seq=752 ttl=26 time=56.1 ms
08-10 15:04:19.564 11317 11698 D cellinfo: 46 bytes from 44.241.174.93: icmp_seq=753 ttl=26 time=55.2 ms
08-10 15:04:19.764 11317 11698 D cellinfo: 46 bytes from 44.241.174.93: icmp_seq=754 ttl=26 time=55.1 ms
08-10 15:04:19.962 11317 11698 D cellinfo: 46 bytes from 44.241.174.93: icmp_seq=755 ttl=26 time=52.8 ms
08-10 15:04:20.124 11317 11317 D cellinfo: Latitude is 40.7129067
08-10 15:04:20.124 11317 11317 D cellinfo: Longitude is -111.870758
08-10 15:04:20.124 11317 11317 D cellinfo: Instantaneous GPS information: United States, 2685 UT-71, Salt Lake City, UT 84106, USA
08-10 15:04:20.124 11317 11317 D cellinfo: getCurrentLocation() result: Location (success): 40.7129067, -111.870758
08-10 15:04:20.163 11317 11698 D cellinfo: 46 bytes from 44.241.174.93: icmp_seq=756 ttl=26 time=53.1 ms
08-10 15:04:20.181 11317 11317 D cellinfo: onCellInfoChanged: Operator: Verizon Wireless UpdateTimestamp: 293481 CellConnectionStatus: 1
08-10 15:04:20.181 11317 11317 D cellinfo: onCellInfoChanged: LTE Cell Bands: [13, 66, 2] Bandwidth: 10000 Cell ID: 3098113 Physical Cell ID: 135 Tracking Area Code: 3073 EARFCN: 5230
08-10 15:04:20.363 11317 11698 D cellinfo: 46 bytes from 44.241.174.93: icmp_seq=757 ttl=26 time=51.6 ms
08-10 15:04:20.576 11317 11698 D cellinfo: 46 bytes from 44.241.174.93: icmp_seq=758 ttl=26 time=64.1 ms
08-10 15:04:20.773 11317 11698 D cellinfo: 46 bytes from 44.241.174.93: icmp_seq=759 ttl=26 time=60.0 ms
08-10 15:04:20.974 11317 11698 D cellinfo: 46 bytes from 44.241.174.93: icmp_seq=760 ttl=26 time=59.7 ms
08-10 15:04:21.173 11317 11698 D cellinfo: 46 bytes from 44.241.174.93: icmp_seq=761 ttl=26 time=58.9 ms
08-10 15:04:21.373 11317 11698 D cellinfo: 46 bytes from 44.241.174.93: icmp_seq=762 ttl=26 time=57.2 ms
08-10 15:04:21.573 11317 11698 D cellinfo: 46 bytes from 44.241.174.93: icmp_seq=763 ttl=26 time=56.9 ms
08-10 15:04:21.781 11317 11698 D cellinfo: 46 bytes from 44.241.174.93: icmp_seq=764 ttl=26 time=63.9 ms
08-10 15:04:21.920 11317 11317 D cellinfo: onsignalStrengthsChanged: LTE Signal Strength info: rsrp: -96 rsrq: -8 rssi: -79 rssnr: 7
08-10 15:04:21.972 11317 11698 D cellinfo: 46 bytes from 44.241.174.93: icmp_seq=765 ttl=26 time=53.5 ms
08-10 15:04:22.172 11317 11698 D cellinfo: 46 bytes from 44.241.174.93: icmp_seq=766 ttl=26 time=53.2 ms
08-10 15:04:22.382 11317 11698 D cellinfo: 46 bytes from 44.241.174.93: icmp_seq=767 ttl=26 time=61.2 ms
08-10 15:04:22.583 11317 11698 D cellinfo: 46 bytes from 44.241.174.93: icmp_seq=768 ttl=26 time=61.0 ms
08-10 15:04:22.784 11317 11698 D cellinfo: 46 bytes from 44.241.174.93: icmp_seq=769 ttl=26 time=60.4 ms
08-10 15:04:22.983 11317 11698 D cellinfo: 46 bytes from 44.241.174.93: icmp_seq=770 ttl=26 time=59.9 ms
08-10 15:04:23.121 11317 11317 D cellinfo: Latitude is 40.7129067
08-10 15:04:23.121 11317 11317 D cellinfo: Longitude is -111.870758
08-10 15:04:23.121 11317 11317 D cellinfo: Instantaneous GPS information: United States, 2685 UT-71, Salt Lake City, UT 84106, USA
08-10 15:04:23.121 11317 11317 D cellinfo: getCurrentLocation() result: Location (success): 40.7129067, -111.870758
08-10 15:04:23.175 11317 11317 D cellinfo: onCellInfoChanged: Operator: Verizon Wireless UpdateTimestamp: 296475 CellConnectionStatus: 1
08-10 15:04:23.175 11317 11317 D cellinfo: onCellInfoChanged: LTE Cell Bands: [13, 66, 2] Bandwidth: 10000 Cell ID: 3098113 Physical Cell ID: 135 Tracking Area Code: 3073 EARFCN: 5230
08-10 15:04:23.185 11317 11698 D cellinfo: 46 bytes from 44.241.174.93: icmp_seq=771 ttl=26 time=61.4 ms
08-10 15:04:23.384 11317 11698 D cellinfo: 46 bytes from 44.241.174.93: icmp_seq=772 ttl=26 time=58.1 ms
08-10 15:04:23.583 11317 11698 D cellinfo: 46 bytes from 44.241.174.93: icmp_seq=773 ttl=26 time=57.1 ms
08-10 15:04:23.782 11317 11698 D cellinfo: 46 bytes from 44.241.174.93: icmp_seq=774 ttl=26 time=55.0 ms
08-10 15:04:23.984 11317 11698 D cellinfo: 46 bytes from 44.241.174.93: icmp_seq=775 ttl=26 time=55.7 ms
08-10 15:04:24.182 11317 11698 D cellinfo: 46 bytes from 44.241.174.93: icmp_seq=776 ttl=26 time=53.5 ms
08-10 15:04:24.383 11317 11698 D cellinfo: 46 bytes from 44.241.174.93: icmp_seq=777 ttl=26 time=53.8 ms
08-10 15:04:24.583 11317 11698 D cellinfo: 46 bytes from 44.241.174.93: icmp_seq=778 ttl=26 time=52.3 ms
08-10 15:04:24.783 11317 11698 D cellinfo: 46 bytes from 44.241.174.93: icmp_seq=779 ttl=26 time=52.8 ms
08-10 15:04:24.984 11317 11698 D cellinfo: 46 bytes from 44.241.174.93: icmp_seq=780 ttl=26 time=52.5 ms
08-10 15:04:25.193 11317 11698 D cellinfo: 46 bytes from 44.241.174.93: icmp_seq=781 ttl=26 time=60.4 ms
08-10 15:04:25.393 11317 11698 D cellinfo: 46 bytes from 44.241.174.93: icmp_seq=782 ttl=26 time=60.5 ms
08-10 15:04:25.593 11317 11698 D cellinfo: 46 bytes from 44.241.174.93: icmp_seq=783 ttl=26 time=60.1 ms
08-10 15:04:25.793 11317 11698 D cellinfo: 46 bytes from 44.241.174.93: icmp_seq=784 ttl=26 time=58.0 ms
08-10 15:04:25.993 11317 11698 D cellinfo: 46 bytes from 44.241.174.93: icmp_seq=785 ttl=26 time=57.1 ms
08-10 15:04:26.128 11317 11317 D cellinfo: Latitude is 40.7129067
08-10 15:04:26.128 11317 11317 D cellinfo: Longitude is -111.870758
08-10 15:04:26.128 11317 11317 D cellinfo: Instantaneous GPS information: United States, 2685 UT-71, Salt Lake City, UT 84106, USA
08-10 15:04:26.128 11317 11317 D cellinfo: getCurrentLocation() result: Location (success): 40.7129067, -111.870758
08-10 15:04:26.187 11317 11317 D cellinfo: onCellInfoChanged: Operator: Verizon Wireless UpdateTimestamp: 299487 CellConnectionStatus: 1
08-10 15:04:26.187 11317 11317 D cellinfo: onCellInfoChanged: LTE Cell Bands: [13, 66, 2] Bandwidth: 10000 Cell ID: 3098113 Physical Cell ID: 135 Tracking Area Code: 3073 EARFCN: 5230
08-10 15:04:26.193 11317 11698 D cellinfo: 46 bytes from 44.241.174.93: icmp_seq=786 ttl=26 time=56.7 ms
08-10 15:04:26.392 11317 11698 D cellinfo: 46 bytes from 44.241.174.93: icmp_seq=787 ttl=26 time=55.4 ms
08-10 15:04:26.593 11317 11698 D cellinfo: 46 bytes from 44.241.174.93: icmp_seq=788 ttl=26 time=54.9 ms
08-10 15:04:26.793 11317 11698 D cellinfo: 46 bytes from 44.241.174.93: icmp_seq=789 ttl=26 time=54.4 ms
08-10 15:04:26.914 11317 11317 D cellinfo: onsignalStrengthsChanged: LTE Signal Strength info: rsrp: -96 rsrq: -11 rssi: -77 rssnr: 4
08-10 15:04:26.992 11317 11698 D cellinfo: 46 bytes from 44.241.174.93: icmp_seq=790 ttl=26 time=52.4 ms
08-10 15:04:27.193 11317 11698 D cellinfo: 46 bytes from 44.241.174.93: icmp_seq=791 ttl=26 time=51.3 ms
08-10 15:04:27.404 11317 11698 D cellinfo: 46 bytes from 44.241.174.93: icmp_seq=792 ttl=26 time=61.8 ms
08-10 15:04:27.603 11317 11698 D cellinfo: 46 bytes from 44.241.174.93: icmp_seq=793 ttl=26 time=60.2 ms
08-10 15:04:27.803 11317 11698 D cellinfo: 46 bytes from 44.241.174.93: icmp_seq=794 ttl=26 time=58.6 ms
08-10 15:04:28.004 11317 11698 D cellinfo: 46 bytes from 44.241.174.93: icmp_seq=795 ttl=26 time=59.0 ms
08-10 15:04:28.202 11317 11698 D cellinfo: 46 bytes from 44.241.174.93: icmp_seq=796 ttl=26 time=58.0 ms
08-10 15:04:28.403 11317 11698 D cellinfo: 46 bytes from 44.241.174.93: icmp_seq=797 ttl=26 time=58.0 ms
08-10 15:04:28.602 11317 11698 D cellinfo: 46 bytes from 44.241.174.93: icmp_seq=798 ttl=26 time=56.0 ms
08-10 15:04:28.805 11317 11698 D cellinfo: 46 bytes from 44.241.174.93: icmp_seq=799 ttl=26 time=57.2 ms
08-10 15:04:29.003 11317 11698 D cellinfo: 46 bytes from 44.241.174.93: icmp_seq=800 ttl=26 time=54.0 ms
08-10 15:04:29.130 11317 11317 D cellinfo: Latitude is 40.7129067
08-10 15:04:29.130 11317 11317 D cellinfo: Longitude is -111.870758
08-10 15:04:29.130 11317 11317 D cellinfo: Instantaneous GPS information: United States, 2685 UT-71, Salt Lake City, UT 84106, USA
08-10 15:04:29.130 11317 11317 D cellinfo: getCurrentLocation() result: Location (success): 40.7129067, -111.870758
08-10 15:04:29.173 11317 11317 D cellinfo: onCellInfoChanged: Operator: Verizon Wireless UpdateTimestamp: 302472 CellConnectionStatus: 1
08-10 15:04:29.173 11317 11317 D cellinfo: onCellInfoChanged: LTE Cell Bands: [13, 66, 66, 2] Bandwidth: 10000 Cell ID: 3098113 Physical Cell ID: 135 Tracking Area Code: 3073 EARFCN: 5230
08-10 15:04:29.212 11317 11698 D cellinfo: 46 bytes from 44.241.174.93: icmp_seq=801 ttl=26 time=64.0 ms
08-10 15:04:29.404 11317 11698 D cellinfo: 46 bytes from 44.241.174.93: icmp_seq=802 ttl=26 time=55.5 ms
08-10 15:04:29.605 11317 11698 D cellinfo: 46 bytes from 44.241.174.93: icmp_seq=803 ttl=26 time=54.9 ms
08-10 15:04:29.810 11317 11698 D cellinfo: 46 bytes from 44.241.174.93: icmp_seq=804 ttl=26 time=60.0 ms
08-10 15:04:29.919 11317 11317 D cellinfo: onsignalStrengthsChanged: LTE Signal Strength info: rsrp: -95 rsrq: -8 rssi: -79 rssnr: 7
08-10 15:04:30.004 11317 11698 D cellinfo: 46 bytes from 44.241.174.93: icmp_seq=805 ttl=26 time=53.3 ms
08-10 15:04:30.212 11317 11698 D cellinfo: 46 bytes from 44.241.174.93: icmp_seq=806 ttl=26 time=60.3 ms
08-10 15:04:30.414 11317 11698 D cellinfo: 46 bytes from 44.241.174.93: icmp_seq=807 ttl=26 time=61.5 ms
08-10 15:04:30.614 11317 11698 D cellinfo: 46 bytes from 44.241.174.93: icmp_seq=808 ttl=26 time=60.1 ms
08-10 15:04:30.813 11317 11698 D cellinfo: 46 bytes from 44.241.174.93: icmp_seq=809 ttl=26 time=58.2 ms
08-10 15:04:31.014 11317 11698 D cellinfo: 46 bytes from 44.241.174.93: icmp_seq=810 ttl=26 time=57.8 ms
08-10 15:04:31.214 11317 11698 D cellinfo: 46 bytes from 44.241.174.93: icmp_seq=811 ttl=26 time=57.9 ms
08-10 15:04:31.414 11317 11698 D cellinfo: 46 bytes from 44.241.174.93: icmp_seq=812 ttl=26 time=57.3 ms
08-10 15:04:31.614 11317 11698 D cellinfo: 46 bytes from 44.241.174.93: icmp_seq=813 ttl=26 time=56.1 ms
08-10 15:04:31.813 11317 11698 D cellinfo: 46 bytes from 44.241.174.93: icmp_seq=814 ttl=26 time=55.0 ms
08-10 15:04:32.014 11317 11698 D cellinfo: 46 bytes from 44.241.174.93: icmp_seq=815 ttl=26 time=54.6 ms
08-10 15:04:32.120 11317 11317 D cellinfo: Latitude is 40.7129067
08-10 15:04:32.120 11317 11317 D cellinfo: Longitude is -111.870758
08-10 15:04:32.120 11317 11317 D cellinfo: Instantaneous GPS information: United States, 2685 UT-71, Salt Lake City, UT 84106, USA
08-10 15:04:32.120 11317 11317 D cellinfo: getCurrentLocation() result: Location (success): 40.7129067, -111.870758
08-10 15:04:32.171 11317 11317 D cellinfo: onCellInfoChanged: Operator: Verizon Wireless UpdateTimestamp: 305466 CellConnectionStatus: 1
08-10 15:04:32.171 11317 11317 D cellinfo: onCellInfoChanged: LTE Cell Bands: [13, 66, 66, 2] Bandwidth: 10000 Cell ID: 3098113 Physical Cell ID: 135 Tracking Area Code: 3073 EARFCN: 5230
08-10 15:04:32.210 11317 11698 D cellinfo: 46 bytes from 44.241.174.93: icmp_seq=816 ttl=26 time=51.5 ms
08-10 15:04:32.413 11317 11698 D cellinfo: 46 bytes from 44.241.174.93: icmp_seq=817 ttl=26 time=53.5 ms
08-10 15:04:32.623 11317 11698 D cellinfo: 46 bytes from 44.241.174.93: icmp_seq=818 ttl=26 time=63.1 ms
08-10 15:04:32.814 11317 11698 D cellinfo: 46 bytes from 44.241.174.93: icmp_seq=819 ttl=26 time=53.0 ms
08-10 15:04:33.024 11317 11698 D cellinfo: 46 bytes from 44.241.174.93: icmp_seq=820 ttl=26 time=61.9 ms
08-10 15:04:33.214 11317 11698 D cellinfo: 46 bytes from 44.241.174.93: icmp_seq=821 ttl=26 time=52.5 ms
08-10 15:04:33.438 11317 11698 D cellinfo: 46 bytes from 44.241.174.93: icmp_seq=822 ttl=26 time=75.6 ms
08-10 15:04:33.639 11317 11698 D cellinfo: 46 bytes from 44.241.174.93: icmp_seq=823 ttl=26 time=75.5 ms
08-10 15:04:33.822 11317 11698 D cellinfo: 46 bytes from 44.241.174.93: icmp_seq=824 ttl=26 time=58.8 ms
08-10 15:04:34.022 11317 11698 D cellinfo: 46 bytes from 44.241.174.93: icmp_seq=825 ttl=26 time=58.1 ms
08-10 15:04:34.223 11317 11698 D cellinfo: 46 bytes from 44.241.174.93: icmp_seq=826 ttl=26 time=58.4 ms
08-10 15:04:34.423 11317 11698 D cellinfo: 46 bytes from 44.241.174.93: icmp_seq=827 ttl=26 time=57.5 ms
08-10 15:04:34.623 11317 11698 D cellinfo: 46 bytes from 44.241.174.93: icmp_seq=828 ttl=26 time=56.6 ms
08-10 15:04:34.823 11317 11698 D cellinfo: 46 bytes from 44.241.174.93: icmp_seq=829 ttl=26 time=56.3 ms
08-10 15:04:35.037 11317 11698 D cellinfo: 46 bytes from 44.241.174.93: icmp_seq=830 ttl=26 time=70.1 ms
08-10 15:04:35.113 11317 11317 D cellinfo: Latitude is 40.7129067
08-10 15:04:35.113 11317 11317 D cellinfo: Longitude is -111.870758
08-10 15:04:35.113 11317 11317 D cellinfo: Instantaneous GPS information: United States, 2685 UT-71, Salt Lake City, UT 84106, USA
08-10 15:04:35.113 11317 11317 D cellinfo: getCurrentLocation() result: Location (success): 40.7129067, -111.870758
08-10 15:04:35.151 11317 11317 D cellinfo: onCellInfoChanged: Operator: Verizon Wireless UpdateTimestamp: 308451 CellConnectionStatus: 1
08-10 15:04:35.151 11317 11317 D cellinfo: onCellInfoChanged: LTE Cell Bands: [13] Bandwidth: 10000 Cell ID: 3098113 Physical Cell ID: 135 Tracking Area Code: 3073 EARFCN: 5230
08-10 15:04:35.225 11317 11698 D cellinfo: 46 bytes from 44.241.174.93: icmp_seq=831 ttl=26 time=57.2 ms
08-10 15:04:35.426 11317 11698 D cellinfo: 46 bytes from 44.241.174.93: icmp_seq=832 ttl=26 time=57.9 ms
08-10 15:04:35.640 11317 11698 D cellinfo: 46 bytes from 44.241.174.93: icmp_seq=833 ttl=26 time=71.1 ms
08-10 15:04:35.824 11317 11698 D cellinfo: 46 bytes from 44.241.174.93: icmp_seq=834 ttl=26 time=53.2 ms
08-10 15:04:35.940 11317 11317 D cellinfo: onsignalStrengthsChanged: LTE Signal Strength info: rsrp: -95 rsrq: -11 rssi: -77 rssnr: 4
08-10 15:04:36.037 11317 11698 D cellinfo: 46 bytes from 44.241.174.93: icmp_seq=835 ttl=26 time=65.9 ms
08-10 15:04:36.242 11317 11698 D cellinfo: 46 bytes from 44.241.174.93: icmp_seq=836 ttl=26 time=71.1 ms
08-10 15:04:36.439 11317 11698 D cellinfo: 46 bytes from 44.241.174.93: icmp_seq=837 ttl=26 time=66.6 ms
08-10 15:04:36.639 11317 11698 D cellinfo: 46 bytes from 44.241.174.93: icmp_seq=838 ttl=26 time=65.0 ms
08-10 15:04:36.838 11317 11698 D cellinfo: 46 bytes from 44.241.174.93: icmp_seq=839 ttl=26 time=64.1 ms
08-10 15:04:37.041 11317 11698 D cellinfo: 46 bytes from 44.241.174.93: icmp_seq=840 ttl=26 time=65.8 ms
08-10 15:04:37.246 11317 11698 D cellinfo: 46 bytes from 44.241.174.93: icmp_seq=841 ttl=26 time=71.2 ms
08-10 15:04:37.433 11317 11698 D cellinfo: 46 bytes from 44.241.174.93: icmp_seq=842 ttl=26 time=56.3 ms
08-10 15:04:37.634 11317 11698 D cellinfo: 46 bytes from 44.241.174.93: icmp_seq=843 ttl=26 time=56.5 ms
08-10 15:04:37.833 11317 11698 D cellinfo: 46 bytes from 44.241.174.93: icmp_seq=844 ttl=26 time=55.4 ms
08-10 15:04:38.041 11317 11698 D cellinfo: 46 bytes from 44.241.174.93: icmp_seq=845 ttl=26 time=61.5 ms
08-10 15:04:38.123 11317 11317 D cellinfo: Latitude is 40.7129067
08-10 15:04:38.123 11317 11317 D cellinfo: Longitude is -111.870758
08-10 15:04:38.123 11317 11317 D cellinfo: Instantaneous GPS information: United States, 2685 UT-71, Salt Lake City, UT 84106, USA
08-10 15:04:38.123 11317 11317 D cellinfo: getCurrentLocation() result: Location (success): 40.7129067, -111.870758
08-10 15:04:38.170 11317 11317 D cellinfo: onCellInfoChanged: Operator: Verizon Wireless UpdateTimestamp: 311470 CellConnectionStatus: 1
08-10 15:04:38.170 11317 11317 D cellinfo: onCellInfoChanged: LTE Cell Bands: [13] Bandwidth: 10000 Cell ID: 3098113 Physical Cell ID: 135 Tracking Area Code: 3073 EARFCN: 5230
08-10 15:04:38.227 11317 11698 D cellinfo: 46 bytes from 44.241.174.93: icmp_seq=846 ttl=26 time=48.7 ms
08-10 15:04:38.439 11317 11698 D cellinfo: 46 bytes from 44.241.174.93: icmp_seq=847 ttl=26 time=59.4 ms
08-10 15:04:38.633 11317 11698 D cellinfo: 46 bytes from 44.241.174.93: icmp_seq=848 ttl=26 time=54.2 ms
08-10 15:04:38.834 11317 11698 D cellinfo: 46 bytes from 44.241.174.93: icmp_seq=849 ttl=26 time=53.4 ms
08-10 15:04:39.033 11317 11698 D cellinfo: 46 bytes from 44.241.174.93: icmp_seq=850 ttl=26 time=51.2 ms
08-10 15:04:39.234 11317 11698 D cellinfo: 46 bytes from 44.241.174.93: icmp_seq=851 ttl=26 time=51.6 ms
08-10 15:04:39.445 11317 11698 D cellinfo: 46 bytes from 44.241.174.93: icmp_seq=852 ttl=26 time=62.4 ms
08-10 15:04:39.645 11317 11698 D cellinfo: 46 bytes from 44.241.174.93: icmp_seq=853 ttl=26 time=61.9 ms
08-10 15:04:39.845 11317 11698 D cellinfo: 46 bytes from 44.241.174.93: icmp_seq=854 ttl=26 time=61.3 ms
08-10 15:04:40.044 11317 11698 D cellinfo: 46 bytes from 44.241.174.93: icmp_seq=855 ttl=26 time=59.0 ms
08-10 15:04:40.251 11317 11698 D cellinfo: 46 bytes from 44.241.174.93: icmp_seq=856 ttl=26 time=66.2 ms
08-10 15:04:40.452 11317 11698 D cellinfo: 46 bytes from 44.241.174.93: icmp_seq=857 ttl=26 time=65.9 ms
08-10 15:04:40.648 11317 11698 D cellinfo: 46 bytes from 44.241.174.93: icmp_seq=858 ttl=26 time=61.7 ms
08-10 15:04:40.845 11317 11698 D cellinfo: 46 bytes from 44.241.174.93: icmp_seq=859 ttl=26 time=57.7 ms
08-10 15:04:41.043 11317 11698 D cellinfo: 46 bytes from 44.241.174.93: icmp_seq=860 ttl=26 time=54.7 ms
08-10 15:04:41.157 11317 11317 D cellinfo: onCellInfoChanged: Operator: Verizon Wireless UpdateTimestamp: 314458 CellConnectionStatus: 1
08-10 15:04:41.157 11317 11317 D cellinfo: onCellInfoChanged: LTE Cell Bands: [13] Bandwidth: 10000 Cell ID: 3098113 Physical Cell ID: 135 Tracking Area Code: 3073 EARFCN: 5230
08-10 15:04:41.246 11317 11698 D cellinfo: 46 bytes from 44.241.174.93: icmp_seq=861 ttl=26 time=58.5 ms
08-10 15:04:41.459 11317 11698 D cellinfo: 46 bytes from 44.241.174.93: icmp_seq=862 ttl=26 time=70.8 ms
08-10 15:04:41.644 11317 11698 D cellinfo: 46 bytes from 44.241.174.93: icmp_seq=863 ttl=26 time=54.7 ms
08-10 15:04:41.795 11317 11317 D cellinfo: Latitude is 40.7129019
08-10 15:04:41.795 11317 11317 D cellinfo: Longitude is -111.8707473
08-10 15:04:41.795 11317 11317 D cellinfo: Instantaneous GPS information: United States, 2685 UT-71, Salt Lake City, UT 84106, USA
08-10 15:04:41.795 11317 11317 D cellinfo: getCurrentLocation() result: Location (success): 40.7129019, -111.8707473
08-10 15:04:41.844 11317 11698 D cellinfo: 46 bytes from 44.241.174.93: icmp_seq=864 ttl=26 time=55.1 ms
08-10 15:04:41.956 11317 11317 D cellinfo: onsignalStrengthsChanged: LTE Signal Strength info: rsrp: -94 rsrq: -9 rssi: -79 rssnr: 7
08-10 15:04:42.044 11317 11698 D cellinfo: 46 bytes from 44.241.174.93: icmp_seq=865 ttl=26 time=54.2 ms
08-10 15:04:42.244 11317 11698 D cellinfo: 46 bytes from 44.241.174.93: icmp_seq=866 ttl=26 time=54.3 ms
08-10 15:04:42.465 11317 11698 D cellinfo: 46 bytes from 44.241.174.93: icmp_seq=867 ttl=26 time=73.5 ms
08-10 15:04:42.654 11317 11698 D cellinfo: 46 bytes from 44.241.174.93: icmp_seq=868 ttl=26 time=62.2 ms
08-10 15:04:42.854 11317 11698 D cellinfo: 46 bytes from 44.241.174.93: icmp_seq=869 ttl=26 time=61.0 ms
08-10 15:04:43.053 11317 11698 D cellinfo: 46 bytes from 44.241.174.93: icmp_seq=870 ttl=26 time=59.3 ms
08-10 15:04:43.253 11317 11698 D cellinfo: 46 bytes from 44.241.174.93: icmp_seq=871 ttl=26 time=59.6 ms
08-10 15:04:43.477 11317 11698 D cellinfo: 46 bytes from 44.241.174.93: icmp_seq=872 ttl=26 time=82.9 ms
08-10 15:04:43.654 11317 11698 D cellinfo: 46 bytes from 44.241.174.93: icmp_seq=873 ttl=26 time=59.7 ms
08-10 15:04:43.854 11317 11698 D cellinfo: 46 bytes from 44.241.174.93: icmp_seq=874 ttl=26 time=59.2 ms
08-10 15:04:44.062 11317 11698 D cellinfo: 46 bytes from 44.241.174.93: icmp_seq=875 ttl=26 time=66.0 ms
08-10 15:04:44.121 11317 11317 D cellinfo: Latitude is 40.7129019
08-10 15:04:44.121 11317 11317 D cellinfo: Longitude is -111.8707473
08-10 15:04:44.121 11317 11317 D cellinfo: Instantaneous GPS information: United States, 2685 UT-71, Salt Lake City, UT 84106, USA
08-10 15:04:44.121 11317 11317 D cellinfo: getCurrentLocation() result: Location (success): 40.7129019, -111.8707473
08-10 15:04:44.174 11317 11317 D cellinfo: onCellInfoChanged: Operator: Verizon Wireless UpdateTimestamp: 317471 CellConnectionStatus: 1
08-10 15:04:44.174 11317 11317 D cellinfo: onCellInfoChanged: LTE Cell Bands: [13] Bandwidth: 10000 Cell ID: 3098113 Physical Cell ID: 135 Tracking Area Code: 3073 EARFCN: 5230
08-10 15:04:44.259 11317 11698 D cellinfo: 46 bytes from 44.241.174.93: icmp_seq=876 ttl=26 time=63.5 ms
08-10 15:04:44.480 11317 11698 D cellinfo: 46 bytes from 44.241.174.93: icmp_seq=877 ttl=26 time=82.8 ms
08-10 15:04:44.654 11317 11698 D cellinfo: 46 bytes from 44.241.174.93: icmp_seq=878 ttl=26 time=56.5 ms
08-10 15:04:44.862 11317 11698 D cellinfo: 46 bytes from 44.241.174.93: icmp_seq=879 ttl=26 time=62.6 ms
08-10 15:04:45.054 11317 11698 D cellinfo: 46 bytes from 44.241.174.93: icmp_seq=880 ttl=26 time=54.5 ms
08-10 15:04:45.253 11317 11698 D cellinfo: 46 bytes from 44.241.174.93: icmp_seq=881 ttl=26 time=53.8 ms
08-10 15:04:45.465 11317 11698 D cellinfo: 46 bytes from 44.241.174.93: icmp_seq=882 ttl=26 time=64.6 ms
08-10 15:04:45.664 11317 11698 D cellinfo: 46 bytes from 44.241.174.93: icmp_seq=883 ttl=26 time=63.1 ms
08-10 15:04:45.853 11317 11698 D cellinfo: 46 bytes from 44.241.174.93: icmp_seq=884 ttl=26 time=51.1 ms
08-10 15:04:46.064 11317 11698 D cellinfo: 46 bytes from 44.241.174.93: icmp_seq=885 ttl=26 time=60.7 ms
08-10 15:04:46.264 11317 11698 D cellinfo: 46 bytes from 44.241.174.93: icmp_seq=886 ttl=26 time=59.7 ms
08-10 15:04:46.477 11317 11698 D cellinfo: 46 bytes from 44.241.174.93: icmp_seq=887 ttl=26 time=70.4 ms
08-10 15:04:46.665 11317 11698 D cellinfo: 46 bytes from 44.241.174.93: icmp_seq=888 ttl=26 time=57.4 ms
08-10 15:04:46.866 11317 11698 D cellinfo: 46 bytes from 44.241.174.93: icmp_seq=889 ttl=26 time=58.3 ms
08-10 15:04:47.064 11317 11698 D cellinfo: 46 bytes from 44.241.174.93: icmp_seq=890 ttl=26 time=55.7 ms
08-10 15:04:47.126 11317 11317 D cellinfo: Latitude is 40.7129019
08-10 15:04:47.126 11317 11317 D cellinfo: Longitude is -111.8707471
08-10 15:04:47.126 11317 11317 D cellinfo: Instantaneous GPS information: United States, 2685 UT-71, Salt Lake City, UT 84106, USA
08-10 15:04:47.126 11317 11317 D cellinfo: getCurrentLocation() result: Location (success): 40.7129019, -111.8707471
08-10 15:04:47.177 11317 11317 D cellinfo: onCellInfoChanged: Operator: Verizon Wireless UpdateTimestamp: 320478 CellConnectionStatus: 1
08-10 15:04:47.177 11317 11317 D cellinfo: onCellInfoChanged: LTE Cell Bands: [13] Bandwidth: 10000 Cell ID: 3098113 Physical Cell ID: 135 Tracking Area Code: 3073 EARFCN: 5230
08-10 15:04:47.265 11317 11698 D cellinfo: 46 bytes from 44.241.174.93: icmp_seq=891 ttl=26 time=56.9 ms
08-10 15:04:47.474 11317 11698 D cellinfo: 46 bytes from 44.241.174.93: icmp_seq=892 ttl=26 time=64.7 ms
08-10 15:04:47.666 11317 11698 D cellinfo: 46 bytes from 44.241.174.93: icmp_seq=893 ttl=26 time=56.4 ms
08-10 15:04:47.867 11317 11698 D cellinfo: 46 bytes from 44.241.174.93: icmp_seq=894 ttl=26 time=55.3 ms
08-10 15:04:47.955 11317 11317 D cellinfo: onsignalStrengthsChanged: LTE Signal Strength info: rsrp: -93 rsrq: -10 rssi: -75 rssnr: 6
08-10 15:04:48.074 11317 11698 D cellinfo: 46 bytes from 44.241.174.93: icmp_seq=895 ttl=26 time=62.0 ms
08-10 15:04:48.274 11317 11698 D cellinfo: 46 bytes from 44.241.174.93: icmp_seq=896 ttl=26 time=61.0 ms
08-10 15:04:48.485 11317 11698 D cellinfo: 46 bytes from 44.241.174.93: icmp_seq=897 ttl=26 time=71.6 ms
08-10 15:04:48.673 11317 11698 D cellinfo: 46 bytes from 44.241.174.93: icmp_seq=898 ttl=26 time=58.7 ms
08-10 15:04:48.875 11317 11698 D cellinfo: 46 bytes from 44.241.174.93: icmp_seq=899 ttl=26 time=59.3 ms
08-10 15:04:49.078 11317 11698 D cellinfo: 46 bytes from 44.241.174.93: icmp_seq=900 ttl=26 time=62.9 ms
08-10 15:04:49.276 11317 11698 D cellinfo: 46 bytes from 44.241.174.93: icmp_seq=901 ttl=26 time=59.7 ms
08-10 15:04:49.497 11317 11698 D cellinfo: 46 bytes from 44.241.174.93: icmp_seq=902 ttl=26 time=79.6 ms
08-10 15:04:49.673 11317 11698 D cellinfo: 46 bytes from 44.241.174.93: icmp_seq=903 ttl=26 time=54.9 ms
08-10 15:04:49.879 11317 11698 D cellinfo: 46 bytes from 44.241.174.93: icmp_seq=904 ttl=26 time=60.0 ms
08-10 15:04:50.073 11317 11698 D cellinfo: 46 bytes from 44.241.174.93: icmp_seq=905 ttl=26 time=52.9 ms
08-10 15:04:50.120 11317 11317 D cellinfo: Latitude is 40.7129019
08-10 15:04:50.120 11317 11317 D cellinfo: Longitude is -111.8707472
08-10 15:04:50.120 11317 11317 D cellinfo: Instantaneous GPS information: United States, 2685 UT-71, Salt Lake City, UT 84106, USA
08-10 15:04:50.120 11317 11317 D cellinfo: getCurrentLocation() result: Location (success): 40.7129019, -111.8707472
08-10 15:04:50.171 11317 11317 D cellinfo: onCellInfoChanged: Operator: Verizon Wireless UpdateTimestamp: 323472 CellConnectionStatus: 1
08-10 15:04:50.171 11317 11317 D cellinfo: onCellInfoChanged: LTE Cell Bands: [13] Bandwidth: 10000 Cell ID: 3098113 Physical Cell ID: 135 Tracking Area Code: 3073 EARFCN: 5230
08-10 15:04:50.270 11317 11698 D cellinfo: 46 bytes from 44.241.174.93: icmp_seq=906 ttl=26 time=50.0 ms
08-10 15:04:50.473 11317 11698 D cellinfo: 46 bytes from 44.241.174.93: icmp_seq=907 ttl=26 time=51.5 ms
08-10 15:04:50.692 11317 11698 D cellinfo: 46 bytes from 44.241.174.93: icmp_seq=908 ttl=26 time=69.0 ms
08-10 15:04:50.887 11317 11698 D cellinfo: 46 bytes from 44.241.174.93: icmp_seq=909 ttl=26 time=63.6 ms
08-10 15:04:51.087 11317 11698 D cellinfo: 46 bytes from 44.241.174.93: icmp_seq=910 ttl=26 time=62.6 ms
08-10 15:04:51.286 11317 11698 D cellinfo: 46 bytes from 44.241.174.93: icmp_seq=911 ttl=26 time=61.7 ms
08-10 15:04:51.506 11317 11698 D cellinfo: 46 bytes from 44.241.174.93: icmp_seq=912 ttl=26 time=80.6 ms
08-10 15:04:51.683 11317 11698 D cellinfo: 46 bytes from 44.241.174.93: icmp_seq=913 ttl=26 time=56.5 ms
08-10 15:04:51.885 11317 11698 D cellinfo: 46 bytes from 44.241.174.93: icmp_seq=914 ttl=26 time=58.2 ms
08-10 15:04:52.085 11317 11698 D cellinfo: 46 bytes from 44.241.174.93: icmp_seq=915 ttl=26 time=57.5 ms
08-10 15:04:52.283 11317 11698 D cellinfo: 46 bytes from 44.241.174.93: icmp_seq=916 ttl=26 time=54.3 ms
08-10 15:04:52.485 11317 11698 D cellinfo: 46 bytes from 44.241.174.93: icmp_seq=917 ttl=26 time=55.4 ms
08-10 15:04:52.683 11317 11698 D cellinfo: 46 bytes from 44.241.174.93: icmp_seq=918 ttl=26 time=52.0 ms
08-10 15:04:52.886 11317 11698 D cellinfo: 46 bytes from 44.241.174.93: icmp_seq=919 ttl=26 time=53.4 ms
08-10 15:04:53.099 11317 11698 D cellinfo: 46 bytes from 44.241.174.93: icmp_seq=920 ttl=26 time=66.6 ms
08-10 15:04:53.128 11317 11317 D cellinfo: Latitude is 40.7129019
08-10 15:04:53.129 11317 11317 D cellinfo: Longitude is -111.8707472
08-10 15:04:53.129 11317 11317 D cellinfo: Instantaneous GPS information: United States, 2685 UT-71, Salt Lake City, UT 84106, USA
08-10 15:04:53.129 11317 11317 D cellinfo: getCurrentLocation() result: Location (success): 40.7129019, -111.8707472
08-10 15:04:53.177 11317 11317 D cellinfo: onCellInfoChanged: Operator: Verizon Wireless UpdateTimestamp: 326477 CellConnectionStatus: 1
08-10 15:04:53.177 11317 11317 D cellinfo: onCellInfoChanged: LTE Cell Bands: [13] Bandwidth: 10000 Cell ID: 3098113 Physical Cell ID: 135 Tracking Area Code: 3073 EARFCN: 5230
08-10 15:04:53.302 11317 11698 D cellinfo: 46 bytes from 44.241.174.93: icmp_seq=921 ttl=26 time=68.7 ms
08-10 15:04:53.494 11317 11698 D cellinfo: 46 bytes from 44.241.174.93: icmp_seq=922 ttl=26 time=60.3 ms
08-10 15:04:53.692 11317 11698 D cellinfo: 46 bytes from 44.241.174.93: icmp_seq=923 ttl=26 time=58.1 ms
08-10 15:04:53.893 11317 11698 D cellinfo: 46 bytes from 44.241.174.93: icmp_seq=924 ttl=26 time=57.5 ms
08-10 15:04:54.093 11317 11698 D cellinfo: 46 bytes from 44.241.174.93: icmp_seq=925 ttl=26 time=56.3 ms
08-10 15:04:54.296 11317 11698 D cellinfo: 46 bytes from 44.241.174.93: icmp_seq=926 ttl=26 time=57.5 ms
08-10 15:04:54.495 11317 11698 D cellinfo: 46 bytes from 44.241.174.93: icmp_seq=927 ttl=26 time=56.8 ms
08-10 15:04:54.694 11317 11698 D cellinfo: 46 bytes from 44.241.174.93: icmp_seq=928 ttl=26 time=55.2 ms
08-10 15:04:54.894 11317 11698 D cellinfo: 46 bytes from 44.241.174.93: icmp_seq=929 ttl=26 time=54.5 ms
08-10 15:04:55.108 11317 11698 D cellinfo: 46 bytes from 44.241.174.93: icmp_seq=930 ttl=26 time=67.6 ms
08-10 15:04:55.304 11317 11698 D cellinfo: 46 bytes from 44.241.174.93: icmp_seq=931 ttl=26 time=62.3 ms
08-10 15:04:55.514 11317 11698 D cellinfo: 46 bytes from 44.241.174.93: icmp_seq=932 ttl=26 time=71.2 ms
08-10 15:04:55.704 11317 11698 D cellinfo: 46 bytes from 44.241.174.93: icmp_seq=933 ttl=26 time=61.3 ms
08-10 15:04:55.903 11317 11698 D cellinfo: 46 bytes from 44.241.174.93: icmp_seq=934 ttl=26 time=60.2 ms
08-10 15:04:56.103 11317 11698 D cellinfo: 46 bytes from 44.241.174.93: icmp_seq=935 ttl=26 time=59.5 ms
08-10 15:04:56.123 11317 11317 D cellinfo: Latitude is 40.7129019
08-10 15:04:56.123 11317 11317 D cellinfo: Longitude is -111.8707472
08-10 15:04:56.123 11317 11317 D cellinfo: Instantaneous GPS information: United States, 2685 UT-71, Salt Lake City, UT 84106, USA
08-10 15:04:56.123 11317 11317 D cellinfo: getCurrentLocation() result: Location (success): 40.7129019, -111.8707472
08-10 15:04:56.169 11317 11317 D cellinfo: onCellInfoChanged: Operator: Verizon Wireless UpdateTimestamp: 329469 CellConnectionStatus: 1
08-10 15:04:56.169 11317 11317 D cellinfo: onCellInfoChanged: LTE Cell Bands: [13] Bandwidth: 10000 Cell ID: 3098113 Physical Cell ID: 135 Tracking Area Code: 3073 EARFCN: 5230
08-10 15:04:56.304 11317 11698 D cellinfo: 46 bytes from 44.241.174.93: icmp_seq=936 ttl=26 time=58.4 ms
08-10 15:04:56.504 11317 11698 D cellinfo: 46 bytes from 44.241.174.93: icmp_seq=937 ttl=26 time=57.1 ms
08-10 15:04:56.703 11317 11698 D cellinfo: 46 bytes from 44.241.174.93: icmp_seq=938 ttl=26 time=55.8 ms
08-10 15:04:56.903 11317 11698 D cellinfo: 46 bytes from 44.241.174.93: icmp_seq=939 ttl=26 time=55.2 ms
08-10 15:04:57.104 11317 11698 D cellinfo: 46 bytes from 44.241.174.93: icmp_seq=940 ttl=26 time=55.3 ms
08-10 15:04:57.303 11317 11698 D cellinfo: 46 bytes from 44.241.174.93: icmp_seq=941 ttl=26 time=53.1 ms
08-10 15:04:57.504 11317 11698 D cellinfo: 46 bytes from 44.241.174.93: icmp_seq=942 ttl=26 time=53.1 ms
08-10 15:04:57.714 11317 11698 D cellinfo: 46 bytes from 44.241.174.93: icmp_seq=943 ttl=26 time=61.8 ms
08-10 15:04:57.914 11317 11698 D cellinfo: 46 bytes from 44.241.174.93: icmp_seq=944 ttl=26 time=60.6 ms
08-10 15:04:58.113 11317 11698 D cellinfo: 46 bytes from 44.241.174.93: icmp_seq=945 ttl=26 time=58.7 ms
08-10 15:04:58.313 11317 11698 D cellinfo: 46 bytes from 44.241.174.93: icmp_seq=946 ttl=26 time=58.6 ms
08-10 15:04:58.513 11317 11698 D cellinfo: 46 bytes from 44.241.174.93: icmp_seq=947 ttl=26 time=57.8 ms
08-10 15:04:58.715 11317 11698 D cellinfo: 46 bytes from 44.241.174.93: icmp_seq=948 ttl=26 time=59.1 ms
08-10 15:04:58.921 11317 11698 D cellinfo: 46 bytes from 44.241.174.93: icmp_seq=949 ttl=26 time=64.1 ms
08-10 15:04:59.122 11317 11698 D cellinfo: 46 bytes from 44.241.174.93: icmp_seq=950 ttl=26 time=64.2 ms
08-10 15:04:59.128 11317 11317 D cellinfo: Latitude is 40.7129019
08-10 15:04:59.128 11317 11317 D cellinfo: Longitude is -111.8707472
08-10 15:04:59.128 11317 11317 D cellinfo: Instantaneous GPS information: United States, 2685 UT-71, Salt Lake City, UT 84106, USA
08-10 15:04:59.128 11317 11317 D cellinfo: getCurrentLocation() result: Location (success): 40.7129019, -111.8707472
08-10 15:04:59.180 11317 11317 D cellinfo: onCellInfoChanged: Operator: Verizon Wireless UpdateTimestamp: 332480 CellConnectionStatus: 1
08-10 15:04:59.180 11317 11317 D cellinfo: onCellInfoChanged: LTE Cell Bands: [13] Bandwidth: 10000 Cell ID: 3098113 Physical Cell ID: 135 Tracking Area Code: 3073 EARFCN: 5230
08-10 15:04:59.313 11317 11698 D cellinfo: 46 bytes from 44.241.174.93: icmp_seq=951 ttl=26 time=53.9 ms
08-10 15:04:59.513 11317 11698 D cellinfo: 46 bytes from 44.241.174.93: icmp_seq=952 ttl=26 time=53.3 ms
08-10 15:04:59.715 11317 11698 D cellinfo: 46 bytes from 44.241.174.93: icmp_seq=953 ttl=26 time=54.2 ms
