08-10 21:49:18.348  5320  5320 D cellinfo: Instantaneous GPS information: United States, US-287, Tie Siding, WY 82084, USA
08-10 21:49:18.348  5320  5320 D cellinfo: getCurrentLocation() result: Location (success): 41.0346329, -105.4422679
08-10 21:49:18.351  5320  5320 D cellinfo: onCellInfoChanged: Operator: Verizon Wireless UpdateTimestamp: 24591194 CellConnectionStatus: 1
08-10 21:49:18.351  5320  5320 D cellinfo: onCellInfoChanged: LTE Cell Bands: [13] Bandwidth: 10000 Cell ID: 4586754 Physical Cell ID: 370 Tracking Area Code: 4361 EARFCN: 5230
08-10 21:49:18.451  5320  5374 D cellinfo: 46 bytes from 44.241.174.93: icmp_seq=312 ttl=26 time=165 ms
08-10 21:49:18.567  5320  5374 D cellinfo: 46 bytes from 44.241.174.93: icmp_seq=313 ttl=26 time=81.3 ms
08-10 21:49:18.766  5320  5374 D cellinfo: 46 bytes from 44.241.174.93: icmp_seq=314 ttl=26 time=79.3 ms
08-10 21:49:18.965  5320  5374 D cellinfo: 46 bytes from 44.241.174.93: icmp_seq=315 ttl=26 time=77.4 ms
08-10 21:49:19.166  5320  5374 D cellinfo: 46 bytes from 44.241.174.93: icmp_seq=316 ttl=26 time=78.6 ms
08-10 21:49:19.368  5320  5374 D cellinfo: 46 bytes from 44.241.174.93: icmp_seq=317 ttl=26 time=79.6 ms
08-10 21:49:19.575  5320  5374 D cellinfo: 46 bytes from 44.241.174.93: icmp_seq=318 ttl=26 time=86.0 ms
08-10 21:49:19.799  5320  5374 D cellinfo: 46 bytes from 44.241.174.93: icmp_seq=319 ttl=26 time=109 ms
08-10 21:49:19.991  5320  5374 D cellinfo: 46 bytes from 44.241.174.93: icmp_seq=320 ttl=26 time=100 ms
08-10 21:49:20.199  5320  5374 D cellinfo: 46 bytes from 44.241.174.93: icmp_seq=321 ttl=26 time=107 ms
08-10 21:49:20.397  5320  5374 D cellinfo: 46 bytes from 44.241.174.93: icmp_seq=322 ttl=26 time=104 ms
08-10 21:49:20.600  5320  5374 D cellinfo: 46 bytes from 44.241.174.93: icmp_seq=323 ttl=26 time=106 ms
08-10 21:49:20.791  5320  5374 D cellinfo: 46 bytes from 44.241.174.93: icmp_seq=324 ttl=26 time=97.6 ms
08-10 21:49:20.999  5320  5374 D cellinfo: 46 bytes from 44.241.174.93: icmp_seq=325 ttl=26 time=104 ms
08-10 21:49:21.191  5320  5374 D cellinfo: 46 bytes from 44.241.174.93: icmp_seq=326 ttl=26 time=96.2 ms
08-10 21:49:21.340  5320  5320 D cellinfo: Latitude is 41.0345341
08-10 21:49:21.340  5320  5320 D cellinfo: Longitude is -105.4420517
08-10 21:49:21.340  5320  5320 D cellinfo: Instantaneous GPS information: United States, US-287, Tie Siding, WY 82084, USA
08-10 21:49:21.340  5320  5320 D cellinfo: getCurrentLocation() result: Location (success): 41.0345341, -105.4420517
08-10 21:49:21.344  5320  5320 D cellinfo: onCellInfoChanged: Operator: Verizon Wireless UpdateTimestamp: 24594200 CellConnectionStatus: 1
08-10 21:49:21.344  5320  5320 D cellinfo: onCellInfoChanged: LTE Cell Bands: [13] Bandwidth: 10000 Cell ID: 4586754 Physical Cell ID: 370 Tracking Area Code: 4361 EARFCN: 5230
08-10 21:49:21.399  5320  5374 D cellinfo: 46 bytes from 44.241.174.93: icmp_seq=327 ttl=26 time=103 ms
08-10 21:49:21.580  5320  5374 D cellinfo: 46 bytes from 44.241.174.93: icmp_seq=328 ttl=26 time=84.2 ms
08-10 21:49:21.798  5320  5374 D cellinfo: 46 bytes from 44.241.174.93: icmp_seq=329 ttl=26 time=101 ms
08-10 21:49:21.977  5320  5374 D cellinfo: 46 bytes from 44.241.174.93: icmp_seq=330 ttl=26 time=79.4 ms
08-10 21:49:22.176  5320  5374 D cellinfo: 46 bytes from 44.241.174.93: icmp_seq=331 ttl=26 time=77.9 ms
08-10 21:49:22.377  5320  5374 D cellinfo: 46 bytes from 44.241.174.93: icmp_seq=332 ttl=26 time=78.0 ms
08-10 21:49:22.591  5320  5374 D cellinfo: 46 bytes from 44.241.174.93: icmp_seq=333 ttl=26 time=91.4 ms
08-10 21:49:22.775  5320  5374 D cellinfo: 46 bytes from 44.241.174.93: icmp_seq=334 ttl=26 time=74.3 ms
08-10 21:49:22.975  5320  5374 D cellinfo: 46 bytes from 44.241.174.93: icmp_seq=335 ttl=26 time=74.2 ms
08-10 21:49:23.185  5320  5374 D cellinfo: 46 bytes from 44.241.174.93: icmp_seq=336 ttl=26 time=83.2 ms
08-10 21:49:23.385  5320  5374 D cellinfo: 46 bytes from 44.241.174.93: icmp_seq=337 ttl=26 time=82.3 ms
08-10 21:49:23.589  5320  5374 D cellinfo: 46 bytes from 44.241.174.93: icmp_seq=338 ttl=26 time=85.6 ms
08-10 21:49:23.787  5320  5374 D cellinfo: 46 bytes from 44.241.174.93: icmp_seq=339 ttl=26 time=83.4 ms
08-10 21:49:23.908  5320  5320 D cellinfo: onCellInfoChanged: Operator: Verizon Wireless UpdateTimestamp: 24597208 CellConnectionStatus: 1
08-10 21:49:23.908  5320  5320 D cellinfo: onCellInfoChanged: LTE Cell Bands: [13] Bandwidth: 10000 Cell ID: 4586754 Physical Cell ID: 370 Tracking Area Code: 4361 EARFCN: 5230
08-10 21:49:23.978  5320  5320 D cellinfo: onsignalStrengthsChanged: LTE Signal Strength info: rsrp: -111 rsrq: -9 rssi: -93 rssnr: 7
08-10 21:49:23.987  5320  5374 D cellinfo: 46 bytes from 44.241.174.93: icmp_seq=340 ttl=26 time=83.0 ms
08-10 21:49:24.189  5320  5374 D cellinfo: 46 bytes from 44.241.174.93: icmp_seq=341 ttl=26 time=85.0 ms
08-10 21:49:24.384  5320  5374 D cellinfo: 46 bytes from 44.241.174.93: icmp_seq=342 ttl=26 time=78.7 ms
08-10 21:49:24.610  5320  5374 D cellinfo: 46 bytes from 44.241.174.93: icmp_seq=343 ttl=26 time=102 ms
08-10 21:49:24.730  5320  5320 D cellinfo: Latitude is 41.0323483
08-10 21:49:24.730  5320  5320 D cellinfo: Longitude is -105.4394181
08-10 21:49:24.730  5320  5320 D cellinfo: Instantaneous GPS information: United States, US-287, Tie Siding, WY 82084, USA
08-10 21:49:24.730  5320  5320 D cellinfo: getCurrentLocation() result: Location (success): 41.0323483, -105.4394181
08-10 21:49:24.786  5320  5374 D cellinfo: 46 bytes from 44.241.174.93: icmp_seq=344 ttl=26 time=78.1 ms
08-10 21:49:24.986  5320  5374 D cellinfo: 46 bytes from 44.241.174.93: icmp_seq=345 ttl=26 time=77.1 ms
08-10 21:49:25.196  5320  5374 D cellinfo: 46 bytes from 44.241.174.93: icmp_seq=346 ttl=26 time=85.4 ms
08-10 21:49:25.386  5320  5374 D cellinfo: 46 bytes from 44.241.174.93: icmp_seq=347 ttl=26 time=74.7 ms
08-10 21:49:25.612  5320  5374 D cellinfo: 46 bytes from 44.241.174.93: icmp_seq=348 ttl=26 time=100 ms
08-10 21:49:25.797  5320  5374 D cellinfo: 46 bytes from 44.241.174.93: icmp_seq=349 ttl=26 time=85.4 ms
08-10 21:49:25.995  5320  5374 D cellinfo: 46 bytes from 44.241.174.93: icmp_seq=350 ttl=26 time=83.1 ms
08-10 21:49:26.196  5320  5374 D cellinfo: 46 bytes from 44.241.174.93: icmp_seq=351 ttl=26 time=83.0 ms
08-10 21:49:26.397  5320  5374 D cellinfo: 46 bytes from 44.241.174.93: icmp_seq=352 ttl=26 time=83.4 ms
08-10 21:49:26.603  5320  5374 D cellinfo: 46 bytes from 44.241.174.93: icmp_seq=353 ttl=26 time=88.8 ms
08-10 21:49:26.796  5320  5374 D cellinfo: 46 bytes from 44.241.174.93: icmp_seq=354 ttl=26 time=81.1 ms
08-10 21:49:26.860  5320  5320 D cellinfo: Latitude is 41.0323483
08-10 21:49:26.860  5320  5320 D cellinfo: Longitude is -105.4394181
08-10 21:49:26.860  5320  5320 D cellinfo: Instantaneous GPS information: United States, US-287, Tie Siding, WY 82084, USA
08-10 21:49:26.860  5320  5320 D cellinfo: getCurrentLocation() result: Location (success): 41.0323483, -105.4394181
08-10 21:49:26.910  5320  5320 D cellinfo: onCellInfoChanged: Operator: Verizon Wireless UpdateTimestamp: 24600211 CellConnectionStatus: 1
08-10 21:49:26.910  5320  5320 D cellinfo: onCellInfoChanged: LTE Cell Bands: [13] Bandwidth: 10000 Cell ID: 4586754 Physical Cell ID: 370 Tracking Area Code: 4361 EARFCN: 5230
08-10 21:49:26.997  5320  5374 D cellinfo: 46 bytes from 44.241.174.93: icmp_seq=355 ttl=26 time=80.8 ms
08-10 21:49:27.196  5320  5374 D cellinfo: 46 bytes from 44.241.174.93: icmp_seq=356 ttl=26 time=79.4 ms
08-10 21:49:27.397  5320  5374 D cellinfo: 46 bytes from 44.241.174.93: icmp_seq=357 ttl=26 time=79.2 ms
08-10 21:49:27.608  5320  5374 D cellinfo: 46 bytes from 44.241.174.93: icmp_seq=358 ttl=26 time=89.0 ms
08-10 21:49:27.870  5320  5374 D cellinfo: 46 bytes from 44.241.174.93: icmp_seq=359 ttl=26 time=149 ms
08-10 21:49:27.978  5320  5320 D cellinfo: onsignalStrengthsChanged: LTE Signal Strength info: rsrp: -106 rsrq: -9 rssi: -87 rssnr: 15
08-10 21:49:27.999  5320  5374 D cellinfo: 46 bytes from 44.241.174.93: icmp_seq=360 ttl=26 time=78.8 ms
08-10 21:49:28.201  5320  5374 D cellinfo: 46 bytes from 44.241.174.93: icmp_seq=361 ttl=26 time=80.5 ms
08-10 21:49:28.401  5320  5374 D cellinfo: 46 bytes from 44.241.174.93: icmp_seq=362 ttl=26 time=79.5 ms
08-10 21:49:28.601  5320  5374 D cellinfo: 46 bytes from 44.241.174.93: icmp_seq=363 ttl=26 time=79.3 ms
08-10 21:49:28.807  5320  5374 D cellinfo: 46 bytes from 44.241.174.93: icmp_seq=364 ttl=26 time=84.1 ms
08-10 21:49:29.008  5320  5374 D cellinfo: 46 bytes from 44.241.174.93: icmp_seq=365 ttl=26 time=83.4 ms
08-10 21:49:29.205  5320  5374 D cellinfo: 46 bytes from 44.241.174.93: icmp_seq=366 ttl=26 time=81.8 ms
08-10 21:49:29.405  5320  5374 D cellinfo: 46 bytes from 44.241.174.93: icmp_seq=367 ttl=26 time=81.2 ms
08-10 21:49:29.617  5320  5374 D cellinfo: 46 bytes from 44.241.174.93: icmp_seq=368 ttl=26 time=92.2 ms
08-10 21:49:29.810  5320  5374 D cellinfo: 46 bytes from 44.241.174.93: icmp_seq=369 ttl=26 time=83.9 ms
08-10 21:49:30.011  5320  5374 D cellinfo: 46 bytes from 44.241.174.93: icmp_seq=370 ttl=26 time=83.4 ms
08-10 21:49:30.216  5320  5374 D cellinfo: 46 bytes from 44.241.174.93: icmp_seq=371 ttl=26 time=87.9 ms
08-10 21:49:30.314  5320  5320 D cellinfo: Latitude is 41.0317865
08-10 21:49:30.314  5320  5320 D cellinfo: Longitude is -105.4388371
08-10 21:49:30.314  5320  5320 D cellinfo: Instantaneous GPS information: United States, US-287, Tie Siding, WY 82084, USA
08-10 21:49:30.314  5320  5320 D cellinfo: getCurrentLocation() result: Location (success): 41.0317865, -105.4388371
08-10 21:49:30.319  5320  5320 D cellinfo: onCellInfoChanged: Operator: Verizon Wireless UpdateTimestamp: 24603205 CellConnectionStatus: 1
08-10 21:49:30.319  5320  5320 D cellinfo: onCellInfoChanged: LTE Cell Bands: [13] Bandwidth: 10000 Cell ID: 4586754 Physical Cell ID: 370 Tracking Area Code: 4361 EARFCN: 5230
08-10 21:49:30.406  5320  5374 D cellinfo: 46 bytes from 44.241.174.93: icmp_seq=372 ttl=26 time=77.5 ms
08-10 21:49:30.624  5320  5374 D cellinfo: 46 bytes from 44.241.174.93: icmp_seq=373 ttl=26 time=95.1 ms
08-10 21:49:30.807  5320  5374 D cellinfo: 46 bytes from 44.241.174.93: icmp_seq=374 ttl=26 time=77.5 ms
08-10 21:49:31.006  5320  5374 D cellinfo: 46 bytes from 44.241.174.93: icmp_seq=375 ttl=26 time=76.3 ms
08-10 21:49:31.209  5320  5374 D cellinfo: 46 bytes from 44.241.174.93: icmp_seq=376 ttl=26 time=78.9 ms
08-10 21:49:31.409  5320  5374 D cellinfo: 46 bytes from 44.241.174.93: icmp_seq=377 ttl=26 time=78.2 ms
08-10 21:49:31.629  5320  5374 D cellinfo: 46 bytes from 44.241.174.93: icmp_seq=378 ttl=26 time=97.9 ms
08-10 21:49:31.823  5320  5374 D cellinfo: 46 bytes from 44.241.174.93: icmp_seq=379 ttl=26 time=91.2 ms
08-10 21:49:31.979  5320  5320 D cellinfo: onsignalStrengthsChanged: LTE Signal Strength info: rsrp: -110 rsrq: -9 rssi: -91 rssnr: 10
08-10 21:49:32.024  5320  5374 D cellinfo: 46 bytes from 44.241.174.93: icmp_seq=380 ttl=26 time=91.0 ms
08-10 21:49:32.215  5320  5374 D cellinfo: 46 bytes from 44.241.174.93: icmp_seq=381 ttl=26 time=82.2 ms
08-10 21:49:32.415  5320  5374 D cellinfo: 46 bytes from 44.241.174.93: icmp_seq=382 ttl=26 time=81.3 ms
08-10 21:49:32.617  5320  5374 D cellinfo: 46 bytes from 44.241.174.93: icmp_seq=383 ttl=26 time=82.1 ms
08-10 21:49:32.867  5320  5374 D cellinfo: 46 bytes from 44.241.174.93: icmp_seq=384 ttl=26 time=130 ms
08-10 21:49:33.018  5320  5374 D cellinfo: 46 bytes from 44.241.174.93: icmp_seq=385 ttl=26 time=80.6 ms
08-10 21:49:33.223  5320  5374 D cellinfo: 46 bytes from 44.241.174.93: icmp_seq=386 ttl=26 time=86.9 ms
08-10 21:49:33.302  5320  5320 D cellinfo: Latitude is 41.0314732
08-10 21:49:33.302  5320  5320 D cellinfo: Longitude is -105.4385141
08-10 21:49:33.302  5320  5320 D cellinfo: Instantaneous GPS information: United States, US-287, Tie Siding, WY 82084, USA
08-10 21:49:33.302  5320  5320 D cellinfo: getCurrentLocation() result: Location (success): 41.0314732, -105.4385141
08-10 21:49:33.307  5320  5320 D cellinfo: onCellInfoChanged: Operator: Verizon Wireless UpdateTimestamp: 24606207 CellConnectionStatus: 1
08-10 21:49:33.307  5320  5320 D cellinfo: onCellInfoChanged: LTE Cell Bands: [13] Bandwidth: 10000 Cell ID: 4586754 Physical Cell ID: 370 Tracking Area Code: 4361 EARFCN: 5230
08-10 21:49:33.423  5320  5374 D cellinfo: 46 bytes from 44.241.174.93: icmp_seq=387 ttl=26 time=86.0 ms
08-10 21:49:33.627  5320  5374 D cellinfo: 46 bytes from 44.241.174.93: icmp_seq=388 ttl=26 time=89.5 ms
08-10 21:49:33.817  5320  5374 D cellinfo: 46 bytes from 44.241.174.93: icmp_seq=389 ttl=26 time=78.9 ms
08-10 21:49:34.017  5320  5374 D cellinfo: 46 bytes from 44.241.174.93: icmp_seq=390 ttl=26 time=78.1 ms
08-10 21:49:34.218  5320  5374 D cellinfo: 46 bytes from 44.241.174.93: icmp_seq=391 ttl=26 time=78.8 ms
08-10 21:49:34.417  5320  5374 D cellinfo: 46 bytes from 44.241.174.93: icmp_seq=392 ttl=26 time=77.2 ms
08-10 21:49:34.647  5320  5374 D cellinfo: 46 bytes from 44.241.174.93: icmp_seq=393 ttl=26 time=106 ms
08-10 21:49:34.840  5320  5374 D cellinfo: 46 bytes from 44.241.174.93: icmp_seq=394 ttl=26 time=98.1 ms
08-10 21:49:35.040  5320  5374 D cellinfo: 46 bytes from 44.241.174.93: icmp_seq=395 ttl=26 time=97.3 ms
08-10 21:49:35.240  5320  5374 D cellinfo: 46 bytes from 44.241.174.93: icmp_seq=396 ttl=26 time=97.4 ms
08-10 21:49:35.434  5320  5374 D cellinfo: 46 bytes from 44.241.174.93: icmp_seq=397 ttl=26 time=90.2 ms
08-10 21:49:35.631  5320  5374 D cellinfo: 46 bytes from 44.241.174.93: icmp_seq=398 ttl=26 time=87.8 ms
08-10 21:49:35.893  5320  5374 D cellinfo: 46 bytes from 44.241.174.93: icmp_seq=399 ttl=26 time=149 ms
08-10 21:49:35.914  5320  5320 D cellinfo: onServiceStateChanged: Channel Number: 2560 Cell Bandwidths: [10000]
08-10 21:49:35.921  5320  5320 D cellinfo: onCellInfoChanged: Operator: Verizon Wireless UpdateTimestamp: 24609207 CellConnectionStatus: 1
08-10 21:49:35.921  5320  5320 D cellinfo: onCellInfoChanged: LTE Cell Bands: [5] Bandwidth: 10000 Cell ID: 4586780 Physical Cell ID: 370 Tracking Area Code: 4361 EARFCN: 2560
08-10 21:49:36.022  5320  5374 D cellinfo: 46 bytes from 44.241.174.93: icmp_seq=400 ttl=26 time=77.6 ms
08-10 21:49:36.227  5320  5374 D cellinfo: 46 bytes from 44.241.174.93: icmp_seq=401 ttl=26 time=82.8 ms
08-10 21:49:36.431  5320  5374 D cellinfo: 46 bytes from 44.241.174.93: icmp_seq=402 ttl=26 time=86.0 ms
08-10 21:49:36.577  5320  5320 D cellinfo: Latitude is 41.0295669
08-10 21:49:36.577  5320  5320 D cellinfo: Longitude is -105.4363194
08-10 21:49:36.577  5320  5320 D cellinfo: Instantaneous GPS information: United States, US-287, Tie Siding, WY 82084, USA
08-10 21:49:36.577  5320  5320 D cellinfo: getCurrentLocation() result: Location (success): 41.0295669, -105.4363194
08-10 21:49:36.633  5320  5374 D cellinfo: 46 bytes from 44.241.174.93: icmp_seq=403 ttl=26 time=87.9 ms
08-10 21:49:36.821  5320  5374 D cellinfo: 46 bytes from 44.241.174.93: icmp_seq=404 ttl=26 time=74.4 ms
08-10 21:49:37.031  5320  5374 D cellinfo: 46 bytes from 44.241.174.93: icmp_seq=405 ttl=26 time=83.4 ms
08-10 21:49:37.221  5320  5374 D cellinfo: 46 bytes from 44.241.174.93: icmp_seq=406 ttl=26 time=73.6 ms
08-10 21:49:37.432  5320  5374 D cellinfo: 46 bytes from 44.241.174.93: icmp_seq=407 ttl=26 time=84.4 ms
08-10 21:49:37.636  5320  5374 D cellinfo: 46 bytes from 44.241.174.93: icmp_seq=408 ttl=26 time=88.3 ms
08-10 21:49:37.830  5320  5374 D cellinfo: 46 bytes from 44.241.174.93: icmp_seq=409 ttl=26 time=81.1 ms
08-10 21:49:38.031  5320  5374 D cellinfo: 46 bytes from 44.241.174.93: icmp_seq=410 ttl=26 time=79.9 ms
08-10 21:49:38.239  5320  5374 D cellinfo: 46 bytes from 44.241.174.93: icmp_seq=411 ttl=26 time=88.1 ms
08-10 21:49:38.432  5320  5374 D cellinfo: 46 bytes from 44.241.174.93: icmp_seq=412 ttl=26 time=80.6 ms
08-10 21:49:38.638  5320  5374 D cellinfo: 46 bytes from 44.241.174.93: icmp_seq=413 ttl=26 time=86.1 ms
08-10 21:49:38.839  5320  5374 D cellinfo: 46 bytes from 44.241.174.93: icmp_seq=414 ttl=26 time=85.2 ms
08-10 21:49:38.864  5320  5320 D cellinfo: Latitude is 41.0295669
08-10 21:49:38.864  5320  5320 D cellinfo: Longitude is -105.4363194
08-10 21:49:38.865  5320  5320 D cellinfo: Instantaneous GPS information: United States, US-287, Tie Siding, WY 82084, USA
08-10 21:49:38.865  5320  5320 D cellinfo: getCurrentLocation() result: Location (success): 41.0295669, -105.4363194
08-10 21:49:38.900  5320  5320 D cellinfo: onCellInfoChanged: Operator: Verizon Wireless UpdateTimestamp: 24612197 CellConnectionStatus: 1
08-10 21:49:38.900  5320  5320 D cellinfo: onCellInfoChanged: LTE Cell Bands: [5] Bandwidth: 10000 Cell ID: 4586780 Physical Cell ID: 370 Tracking Area Code: 4361 EARFCN: 2560
08-10 21:49:39.047  5320  5374 D cellinfo: 46 bytes from 44.241.174.93: icmp_seq=415 ttl=26 time=93.6 ms
08-10 21:49:39.238  5320  5374 D cellinfo: 46 bytes from 44.241.174.93: icmp_seq=416 ttl=26 time=85.1 ms
08-10 21:49:39.447  5320  5374 D cellinfo: 46 bytes from 44.241.174.93: icmp_seq=417 ttl=26 time=93.4 ms
08-10 21:49:39.654  5320  5374 D cellinfo: 46 bytes from 44.241.174.93: icmp_seq=418 ttl=26 time=99.0 ms
08-10 21:49:39.858  5320  5374 D cellinfo: 46 bytes from 44.241.174.93: icmp_seq=419 ttl=26 time=102 ms
08-10 21:49:40.056  5320  5374 D cellinfo: 46 bytes from 44.241.174.93: icmp_seq=420 ttl=26 time=98.9 ms
08-10 21:49:40.247  5320  5374 D cellinfo: 46 bytes from 44.241.174.93: icmp_seq=421 ttl=26 time=90.2 ms
08-10 21:49:40.471  5320  5374 D cellinfo: 46 bytes from 44.241.174.93: icmp_seq=422 ttl=26 time=114 ms
08-10 21:49:40.652  5320  5374 D cellinfo: 46 bytes from 44.241.174.93: icmp_seq=423 ttl=26 time=94.2 ms
08-10 21:49:40.877  5320  5374 D cellinfo: 46 bytes from 44.241.174.93: icmp_seq=424 ttl=26 time=118 ms
08-10 21:49:41.051  5320  5374 D cellinfo: 46 bytes from 44.241.174.93: icmp_seq=425 ttl=26 time=91.1 ms
08-10 21:49:41.260  5320  5374 D cellinfo: 46 bytes from 44.241.174.93: icmp_seq=426 ttl=26 time=100 ms
08-10 21:49:41.450  5320  5374 D cellinfo: 46 bytes from 44.241.174.93: icmp_seq=427 ttl=26 time=89.0 ms
08-10 21:49:41.657  5320  5374 D cellinfo: 46 bytes from 44.241.174.93: icmp_seq=428 ttl=26 time=94.4 ms
08-10 21:49:41.868  5320  5374 D cellinfo: 46 bytes from 44.241.174.93: icmp_seq=429 ttl=26 time=105 ms
08-10 21:49:42.049  5320  5374 D cellinfo: 46 bytes from 44.241.174.93: icmp_seq=430 ttl=26 time=86.2 ms
08-10 21:49:42.250  5320  5374 D cellinfo: 46 bytes from 44.241.174.93: icmp_seq=431 ttl=26 time=86.2 ms
08-10 21:49:42.413  5320  5320 D cellinfo: Latitude is 41.029109
08-10 21:49:42.413  5320  5320 D cellinfo: Longitude is -105.4355955
08-10 21:49:42.413  5320  5320 D cellinfo: Instantaneous GPS information: United States, US-287, Tie Siding, WY 82084, USA
08-10 21:49:42.413  5320  5320 D cellinfo: getCurrentLocation() result: Location (success): 41.029109, -105.4355955
08-10 21:49:42.417  5320  5320 D cellinfo: onCellInfoChanged: Operator: Verizon Wireless UpdateTimestamp: 24615203 CellConnectionStatus: 1
08-10 21:49:42.418  5320  5320 D cellinfo: onCellInfoChanged: LTE Cell Bands: [5] Bandwidth: 10000 Cell ID: 4586780 Physical Cell ID: 370 Tracking Area Code: 4361 EARFCN: 2560
08-10 21:49:42.418  5320  5320 D cellinfo: onsignalStrengthsChanged: LTE Signal Strength info: rsrp: -115 rsrq: -11 rssi: -95 rssnr: 3
08-10 21:49:42.452  5320  5374 D cellinfo: 46 bytes from 44.241.174.93: icmp_seq=432 ttl=26 time=88.6 ms
08-10 21:49:42.494  5320  5320 D cellinfo: onServiceStateChanged: Channel Number: 2560 Cell Bandwidths: [10000]
08-10 21:49:42.638  5320  5374 D cellinfo: 46 bytes from 44.241.174.93: icmp_seq=433 ttl=26 time=73.9 ms
08-10 21:49:42.838  5320  5374 D cellinfo: 46 bytes from 44.241.174.93: icmp_seq=434 ttl=26 time=73.4 ms
08-10 21:49:43.038  5320  5374 D cellinfo: 46 bytes from 44.241.174.93: icmp_seq=435 ttl=26 time=71.1 ms
08-10 21:49:43.238  5320  5374 D cellinfo: 46 bytes from 44.241.174.93: icmp_seq=436 ttl=26 time=72.1 ms
08-10 21:49:43.438  5320  5374 D cellinfo: 46 bytes from 44.241.174.93: icmp_seq=437 ttl=26 time=72.3 ms
08-10 21:49:43.635  5320  5374 D cellinfo: 46 bytes from 44.241.174.93: icmp_seq=438 ttl=26 time=68.4 ms
08-10 21:49:43.837  5320  5374 D cellinfo: 46 bytes from 44.241.174.93: icmp_seq=439 ttl=26 time=69.1 ms
08-10 21:49:44.047  5320  5374 D cellinfo: 46 bytes from 44.241.174.93: icmp_seq=440 ttl=26 time=78.2 ms
08-10 21:49:44.247  5320  5374 D cellinfo: 46 bytes from 44.241.174.93: icmp_seq=441 ttl=26 time=77.9 ms
08-10 21:49:44.454  5320  5374 D cellinfo: 46 bytes from 44.241.174.93: icmp_seq=442 ttl=26 time=84.6 ms
08-10 21:49:44.646  5320  5374 D cellinfo: 46 bytes from 44.241.174.93: icmp_seq=443 ttl=26 time=76.1 ms
08-10 21:49:44.856  5320  5374 D cellinfo: 46 bytes from 44.241.174.93: icmp_seq=444 ttl=26 time=84.7 ms
08-10 21:49:45.045  5320  5374 D cellinfo: 46 bytes from 44.241.174.93: icmp_seq=445 ttl=26 time=73.4 ms
08-10 21:49:45.216  5320  5320 D cellinfo: Latitude is 41.0288455
08-10 21:49:45.216  5320  5320 D cellinfo: Longitude is -105.4351783
08-10 21:49:45.216  5320  5320 D cellinfo: Instantaneous GPS information: United States, US-287, Tie Siding, WY 82084, USA
08-10 21:49:45.216  5320  5320 D cellinfo: getCurrentLocation() result: Location (success): 41.0288455, -105.4351783
08-10 21:49:45.219  5320  5320 D cellinfo: onCellInfoChanged: Operator: Verizon Wireless UpdateTimestamp: 24618193 CellConnectionStatus: 1
08-10 21:49:45.219  5320  5320 D cellinfo: onCellInfoChanged: LTE Cell Bands: [5] Bandwidth: 10000 Cell ID: 3894546 Physical Cell ID: 360 Tracking Area Code: 3840 EARFCN: 2560
08-10 21:49:45.247  5320  5374 D cellinfo: 46 bytes from 44.241.174.93: icmp_seq=446 ttl=26 time=75.4 ms
08-10 21:49:45.448  5320  5374 D cellinfo: 46 bytes from 44.241.174.93: icmp_seq=447 ttl=26 time=75.4 ms
08-10 21:49:45.635  5320  5374 D cellinfo: 46 bytes from 44.241.174.93: icmp_seq=448 ttl=26 time=61.2 ms
08-10 21:49:45.854  5320  5374 D cellinfo: 46 bytes from 44.241.174.93: icmp_seq=449 ttl=26 time=79.4 ms
08-10 21:49:46.041  5320  5374 D cellinfo: 46 bytes from 44.241.174.93: icmp_seq=450 ttl=26 time=64.6 ms
08-10 21:49:46.253  5320  5374 D cellinfo: 46 bytes from 44.241.174.93: icmp_seq=451 ttl=26 time=77.5 ms
08-10 21:49:46.414  5320  5320 D cellinfo: onsignalStrengthsChanged: LTE Signal Strength info: rsrp: -106 rsrq: -6 rssi: -91 rssnr: 6
08-10 21:49:46.447  5320  5374 D cellinfo: 46 bytes from 44.241.174.93: icmp_seq=452 ttl=26 time=70.4 ms
08-10 21:49:46.645  5320  5374 D cellinfo: 46 bytes from 44.241.174.93: icmp_seq=453 ttl=26 time=67.6 ms
08-10 21:49:46.846  5320  5374 D cellinfo: 46 bytes from 44.241.174.93: icmp_seq=454 ttl=26 time=68.0 ms
08-10 21:49:47.058  5320  5374 D cellinfo: 46 bytes from 44.241.174.93: icmp_seq=455 ttl=26 time=79.2 ms
08-10 21:49:47.247  5320  5374 D cellinfo: 46 bytes from 44.241.174.93: icmp_seq=456 ttl=26 time=68.2 ms
08-10 21:49:47.459  5320  5374 D cellinfo: 46 bytes from 44.241.174.93: icmp_seq=457 ttl=26 time=78.6 ms
08-10 21:49:47.659  5320  5374 D cellinfo: 46 bytes from 44.241.174.93: icmp_seq=458 ttl=26 time=78.1 ms
08-10 21:49:47.859  5320  5374 D cellinfo: 46 bytes from 44.241.174.93: icmp_seq=459 ttl=26 time=77.2 ms
08-10 21:49:47.897  5320  5320 D cellinfo: onCellInfoChanged: Operator: Verizon Wireless UpdateTimestamp: 24621197 CellConnectionStatus: 1
08-10 21:49:47.897  5320  5320 D cellinfo: onCellInfoChanged: LTE Cell Bands: [5] Bandwidth: 10000 Cell ID: 3894546 Physical Cell ID: 360 Tracking Area Code: 3840 EARFCN: 2560
08-10 21:49:48.058  5320  5374 D cellinfo: 46 bytes from 44.241.174.93: icmp_seq=460 ttl=26 time=75.5 ms
08-10 21:49:48.255  5320  5374 D cellinfo: 46 bytes from 44.241.174.93: icmp_seq=461 ttl=26 time=71.8 ms
08-10 21:49:48.455  5320  5374 D cellinfo: 46 bytes from 44.241.174.93: icmp_seq=462 ttl=26 time=70.9 ms
08-10 21:49:48.532  5320  5320 D cellinfo: Latitude is 41.0276918
08-10 21:49:48.532  5320  5320 D cellinfo: Longitude is -105.4320733
08-10 21:49:48.532  5320  5320 D cellinfo: Instantaneous GPS information: United States, 2261 US-287, Tie Siding, WY 82084, USA
08-10 21:49:48.532  5320  5320 D cellinfo: getCurrentLocation() result: Location (success): 41.0276918, -105.4320733
08-10 21:49:48.666  5320  5374 D cellinfo: 46 bytes from 44.241.174.93: icmp_seq=463 ttl=26 time=81.6 ms
08-10 21:49:48.858  5320  5374 D cellinfo: 46 bytes from 44.241.174.93: icmp_seq=464 ttl=26 time=73.4 ms
08-10 21:49:49.058  5320  5374 D cellinfo: 46 bytes from 44.241.174.93: icmp_seq=465 ttl=26 time=72.9 ms
08-10 21:49:49.259  5320  5374 D cellinfo: 46 bytes from 44.241.174.93: icmp_seq=466 ttl=26 time=74.2 ms
08-10 21:49:49.459  5320  5374 D cellinfo: 46 bytes from 44.241.174.93: icmp_seq=467 ttl=26 time=72.9 ms
08-10 21:49:49.659  5320  5374 D cellinfo: 46 bytes from 44.241.174.93: icmp_seq=468 ttl=26 time=72.2 ms
08-10 21:49:49.865  5320  5374 D cellinfo: 46 bytes from 44.241.174.93: icmp_seq=469 ttl=26 time=77.7 ms
08-10 21:49:50.058  5320  5374 D cellinfo: 46 bytes from 44.241.174.93: icmp_seq=470 ttl=26 time=70.0 ms
08-10 21:49:50.267  5320  5374 D cellinfo: 46 bytes from 44.241.174.93: icmp_seq=471 ttl=26 time=78.3 ms
08-10 21:49:50.459  5320  5374 D cellinfo: 46 bytes from 44.241.174.93: icmp_seq=472 ttl=26 time=70.4 ms
08-10 21:49:50.666  5320  5374 D cellinfo: 46 bytes from 44.241.174.93: icmp_seq=473 ttl=26 time=76.6 ms
08-10 21:49:50.861  5320  5320 D cellinfo: Latitude is 41.0276918
08-10 21:49:50.861  5320  5320 D cellinfo: Longitude is -105.4320733
08-10 21:49:50.861  5320  5320 D cellinfo: Instantaneous GPS information: United States, 2261 US-287, Tie Siding, WY 82084, USA
08-10 21:49:50.861  5320  5320 D cellinfo: getCurrentLocation() result: Location (success): 41.0276918, -105.4320733
08-10 21:49:50.867  5320  5374 D cellinfo: 46 bytes from 44.241.174.93: icmp_seq=474 ttl=26 time=76.8 ms
08-10 21:49:50.902  5320  5320 D cellinfo: onCellInfoChanged: Operator: Verizon Wireless UpdateTimestamp: 24624204 CellConnectionStatus: 1
08-10 21:49:50.902  5320  5320 D cellinfo: onCellInfoChanged: LTE Cell Bands: [5] Bandwidth: 10000 Cell ID: 3894546 Physical Cell ID: 360 Tracking Area Code: 3840 EARFCN: 2560
08-10 21:49:51.066  5320  5374 D cellinfo: 46 bytes from 44.241.174.93: icmp_seq=475 ttl=26 time=75.2 ms
08-10 21:49:51.266  5320  5374 D cellinfo: 46 bytes from 44.241.174.93: icmp_seq=476 ttl=26 time=75.4 ms
08-10 21:49:51.467  5320  5374 D cellinfo: 46 bytes from 44.241.174.93: icmp_seq=477 ttl=26 time=75.7 ms
08-10 21:49:51.687  5320  5374 D cellinfo: 46 bytes from 44.241.174.93: icmp_seq=478 ttl=26 time=95.0 ms
08-10 21:49:51.866  5320  5374 D cellinfo: 46 bytes from 44.241.174.93: icmp_seq=479 ttl=26 time=73.4 ms
08-10 21:49:52.067  5320  5374 D cellinfo: 46 bytes from 44.241.174.93: icmp_seq=480 ttl=26 time=72.4 ms
08-10 21:49:52.280  5320  5374 D cellinfo: 46 bytes from 44.241.174.93: icmp_seq=481 ttl=26 time=86.5 ms
08-10 21:49:52.527  5320  5374 D cellinfo: 46 bytes from 44.241.174.93: icmp_seq=482 ttl=26 time=131 ms
08-10 21:49:52.674  5320  5374 D cellinfo: 46 bytes from 44.241.174.93: icmp_seq=483 ttl=26 time=77.9 ms
08-10 21:49:52.867  5320  5374 D cellinfo: 46 bytes from 44.241.174.93: icmp_seq=484 ttl=26 time=69.8 ms
08-10 21:49:53.068  5320  5374 D cellinfo: 46 bytes from 44.241.174.93: icmp_seq=485 ttl=26 time=69.1 ms
08-10 21:49:53.274  5320  5374 D cellinfo: 46 bytes from 44.241.174.93: icmp_seq=486 ttl=26 time=76.6 ms
08-10 21:49:53.466  5320  5374 D cellinfo: 46 bytes from 44.241.174.93: icmp_seq=487 ttl=26 time=68.1 ms
08-10 21:49:53.666  5320  5374 D cellinfo: 46 bytes from 44.241.174.93: icmp_seq=488 ttl=26 time=67.2 ms
08-10 21:49:53.889  5320  5374 D cellinfo: 46 bytes from 44.241.174.93: icmp_seq=489 ttl=26 time=89.0 ms
08-10 21:49:54.078  5320  5374 D cellinfo: 46 bytes from 44.241.174.93: icmp_seq=490 ttl=26 time=76.9 ms
08-10 21:49:54.266  5320  5374 D cellinfo: 46 bytes from 44.241.174.93: icmp_seq=491 ttl=26 time=63.2 ms
08-10 21:49:54.335  5320  5320 D cellinfo: Latitude is 41.0273622
08-10 21:49:54.335  5320  5320 D cellinfo: Longitude is -105.4312138
08-10 21:49:54.335  5320  5320 D cellinfo: Instantaneous GPS information: United States, US-287, Tie Siding, WY 82084, USA
08-10 21:49:54.335  5320  5320 D cellinfo: getCurrentLocation() result: Location (success): 41.0273622, -105.4312138
08-10 21:49:54.340  5320  5320 D cellinfo: onCellInfoChanged: Operator: Verizon Wireless UpdateTimestamp: 24627210 CellConnectionStatus: 1
08-10 21:49:54.340  5320  5320 D cellinfo: onCellInfoChanged: LTE Cell Bands: [5] Bandwidth: 10000 Cell ID: 3894546 Physical Cell ID: 360 Tracking Area Code: 3840 EARFCN: 2560
08-10 21:49:54.482  5320  5374 D cellinfo: 46 bytes from 44.241.174.93: icmp_seq=492 ttl=26 time=78.8 ms
08-10 21:49:54.678  5320  5374 D cellinfo: 46 bytes from 44.241.174.93: icmp_seq=493 ttl=26 time=73.6 ms
08-10 21:49:54.878  5320  5374 D cellinfo: 46 bytes from 44.241.174.93: icmp_seq=494 ttl=26 time=72.4 ms
08-10 21:49:55.078  5320  5374 D cellinfo: 46 bytes from 44.241.174.93: icmp_seq=495 ttl=26 time=71.7 ms
08-10 21:49:55.285  5320  5374 D cellinfo: 46 bytes from 44.241.174.93: icmp_seq=496 ttl=26 time=78.7 ms
08-10 21:49:55.410  5320  5320 D cellinfo: onsignalStrengthsChanged: LTE Signal Strength info: rsrp: -116 rsrq: -8 rssi: -99 rssnr: 5
08-10 21:49:55.477  5320  5374 D cellinfo: 46 bytes from 44.241.174.93: icmp_seq=497 ttl=26 time=70.2 ms
08-10 21:49:55.678  5320  5374 D cellinfo: 46 bytes from 44.241.174.93: icmp_seq=498 ttl=26 time=70.3 ms
08-10 21:49:55.895  5320  5374 D cellinfo: 46 bytes from 44.241.174.93: icmp_seq=499 ttl=26 time=85.6 ms
08-10 21:49:56.086  5320  5374 D cellinfo: 46 bytes from 44.241.174.93: icmp_seq=500 ttl=26 time=76.8 ms
08-10 21:49:56.302  5320  5374 D cellinfo: 46 bytes from 44.241.174.93: icmp_seq=501 ttl=26 time=92.2 ms
08-10 21:49:56.500  5320  5374 D cellinfo: 46 bytes from 44.241.174.93: icmp_seq=502 ttl=26 time=88.8 ms
08-10 21:49:56.687  5320  5374 D cellinfo: 46 bytes from 44.241.174.93: icmp_seq=503 ttl=26 time=74.8 ms
08-10 21:49:56.887  5320  5374 D cellinfo: 46 bytes from 44.241.174.93: icmp_seq=504 ttl=26 time=74.0 ms
08-10 21:49:57.085  5320  5374 D cellinfo: 46 bytes from 44.241.174.93: icmp_seq=505 ttl=26 time=70.5 ms
08-10 21:49:57.245  5320  5320 D cellinfo: Latitude is 41.0271742
08-10 21:49:57.246  5320  5320 D cellinfo: Longitude is -105.4307207
08-10 21:49:57.246  5320  5320 D cellinfo: Instantaneous GPS information: United States, US-287, Tie Siding, WY 82084, USA
08-10 21:49:57.246  5320  5320 D cellinfo: getCurrentLocation() result: Location (success): 41.0271742, -105.4307207
08-10 21:49:57.251  5320  5320 D cellinfo: onCellInfoChanged: Operator: Verizon Wireless UpdateTimestamp: 24630198 CellConnectionStatus: 1
08-10 21:49:57.251  5320  5320 D cellinfo: onCellInfoChanged: LTE Cell Bands: [5] Bandwidth: 10000 Cell ID: 3894546 Physical Cell ID: 360 Tracking Area Code: 3840 EARFCN: 2560
08-10 21:49:57.286  5320  5374 D cellinfo: 46 bytes from 44.241.174.93: icmp_seq=506 ttl=26 time=71.0 ms
08-10 21:49:57.487  5320  5374 D cellinfo: 46 bytes from 44.241.174.93: icmp_seq=507 ttl=26 time=71.4 ms
08-10 21:49:57.686  5320  5374 D cellinfo: 46 bytes from 44.241.174.93: icmp_seq=508 ttl=26 time=69.3 ms
08-10 21:49:57.898  5320  5374 D cellinfo: 46 bytes from 44.241.174.93: icmp_seq=509 ttl=26 time=80.1 ms
08-10 21:49:58.100  5320  5374 D cellinfo: 46 bytes from 44.241.174.93: icmp_seq=510 ttl=26 time=80.6 ms
08-10 21:49:58.307  5320  5374 D cellinfo: 46 bytes from 44.241.174.93: icmp_seq=511 ttl=26 time=86.8 ms
08-10 21:49:58.507  5320  5374 D cellinfo: 46 bytes from 44.241.174.93: icmp_seq=512 ttl=26 time=86.3 ms
08-10 21:49:58.713  5320  5374 D cellinfo: 46 bytes from 44.241.174.93: icmp_seq=513 ttl=26 time=91.2 ms
08-10 21:49:58.902  5320  5374 D cellinfo: 46 bytes from 44.241.174.93: icmp_seq=514 ttl=26 time=79.3 ms
08-10 21:49:59.099  5320  5374 D cellinfo: 46 bytes from 44.241.174.93: icmp_seq=515 ttl=26 time=75.3 ms
08-10 21:49:59.290  5320  5374 D cellinfo: 46 bytes from 44.241.174.93: icmp_seq=516 ttl=26 time=67.1 ms
08-10 21:49:59.411  5320  5320 D cellinfo: onsignalStrengthsChanged: LTE Signal Strength info: rsrp: -123 rsrq: -11 rssi: -105 rssnr: 1
08-10 21:49:59.489  5320  5374 D cellinfo: 46 bytes from 44.241.174.93: icmp_seq=517 ttl=26 time=64.9 ms
08-10 21:49:59.714  5320  5374 D cellinfo: 46 bytes from 44.241.174.93: icmp_seq=518 ttl=26 time=88.7 ms
08-10 21:49:59.894  5320  5320 D cellinfo: onCellInfoChanged: Operator: Verizon Wireless UpdateTimestamp: 24633193 CellConnectionStatus: 1
08-10 21:49:59.894  5320  5320 D cellinfo: onCellInfoChanged: LTE Cell Bands: [5] Bandwidth: 10000 Cell ID: 3894546 Physical Cell ID: 360 Tracking Area Code: 3840 EARFCN: 2560
08-10 21:49:59.914  5320  5374 D cellinfo: 46 bytes from 44.241.174.93: icmp_seq=519 ttl=26 time=87.5 ms
08-10 21:50:00.113  5320  5374 D cellinfo: 46 bytes from 44.241.174.93: icmp_seq=520 ttl=26 time=86.5 ms
08-10 21:50:00.375  5320  5374 D cellinfo: 46 bytes from 44.241.174.93: icmp_seq=521 ttl=26 time=147 ms
08-10 21:50:00.707  5320  5374 D cellinfo: 46 bytes from 44.241.174.93: icmp_seq=522 ttl=26 time=276 ms
08-10 21:50:00.710  5320  5374 D cellinfo: 46 bytes from 44.241.174.93: icmp_seq=523 ttl=26 time=78.2 ms
08-10 21:50:00.910  5320  5374 D cellinfo: 46 bytes from 44.241.174.93: icmp_seq=524 ttl=26 time=76.3 ms
08-10 21:50:00.955  5320  5320 D cellinfo: Latitude is 41.0257982
08-10 21:50:00.955  5320  5320 D cellinfo: Longitude is -105.4279113
08-10 21:50:00.956  5320  5320 D cellinfo: Instantaneous GPS information: United States, US-287, Tie Siding, WY 82084, USA
08-10 21:50:00.956  5320  5320 D cellinfo: getCurrentLocation() result: Location (success): 41.0257982, -105.4279113
08-10 21:50:00.959  5320  5320 D cellinfo: onServiceStateChanged: Channel Number: 5230 Cell Bandwidths: [10000]
08-10 21:50:01.109  5320  5374 D cellinfo: 46 bytes from 44.241.174.93: icmp_seq=525 ttl=26 time=75.2 ms
08-10 21:50:01.319  5320  5374 D cellinfo: 46 bytes from 44.241.174.93: icmp_seq=526 ttl=26 time=84.3 ms
08-10 21:50:01.521  5320  5374 D cellinfo: 46 bytes from 44.241.174.93: icmp_seq=527 ttl=26 time=84.7 ms
08-10 21:50:01.718  5320  5374 D cellinfo: 46 bytes from 44.241.174.93: icmp_seq=528 ttl=26 time=81.0 ms
08-10 21:50:01.918  5320  5374 D cellinfo: 46 bytes from 44.241.174.93: icmp_seq=529 ttl=26 time=80.3 ms
08-10 21:50:02.118  5320  5374 D cellinfo: 46 bytes from 44.241.174.93: icmp_seq=530 ttl=26 time=79.7 ms
08-10 21:50:02.325  5320  5320 D cellinfo: onServiceStateChanged: Channel Number: 5230 Cell Bandwidths: [10000]
08-10 21:50:02.392  5320  5374 D cellinfo: 46 bytes from 44.241.174.93: icmp_seq=531 ttl=26 time=153 ms
08-10 21:50:02.524  5320  5374 D cellinfo: 46 bytes from 44.241.174.93: icmp_seq=532 ttl=26 time=84.1 ms
08-10 21:50:02.723  5320  5374 D cellinfo: 46 bytes from 44.241.174.93: icmp_seq=533 ttl=26 time=81.2 ms
08-10 21:50:02.861  5320  5320 D cellinfo: Latitude is 41.0257982
08-10 21:50:02.861  5320  5320 D cellinfo: Longitude is -105.4279113
08-10 21:50:02.861  5320  5320 D cellinfo: Instantaneous GPS information: United States, US-287, Tie Siding, WY 82084, USA
08-10 21:50:02.861  5320  5320 D cellinfo: getCurrentLocation() result: Location (success): 41.0257982, -105.4279113
08-10 21:50:02.898  5320  5320 D cellinfo: onCellInfoChanged: Operator: Verizon Wireless UpdateTimestamp: 24636199 CellConnectionStatus: 1
08-10 21:50:02.898  5320  5320 D cellinfo: onCellInfoChanged: LTE Cell Bands: [13] Bandwidth: 10000 Cell ID: 4586754 Physical Cell ID: 370 Tracking Area Code: 4361 EARFCN: 5230
08-10 21:50:02.925  5320  5374 D cellinfo: 46 bytes from 44.241.174.93: icmp_seq=534 ttl=26 time=82.7 ms
08-10 21:50:03.122  5320  5374 D cellinfo: 46 bytes from 44.241.174.93: icmp_seq=535 ttl=26 time=79.4 ms
08-10 21:50:03.322  5320  5374 D cellinfo: 46 bytes from 44.241.174.93: icmp_seq=536 ttl=26 time=77.4 ms
08-10 21:50:03.521  5320  5374 D cellinfo: 46 bytes from 44.241.174.93: icmp_seq=537 ttl=26 time=76.8 ms
08-10 21:50:03.724  5320  5374 D cellinfo: 46 bytes from 44.241.174.93: icmp_seq=538 ttl=26 time=78.1 ms
08-10 21:50:03.928  5320  5374 D cellinfo: 46 bytes from 44.241.174.93: icmp_seq=539 ttl=26 time=81.3 ms
08-10 21:50:04.124  5320  5374 D cellinfo: 46 bytes from 44.241.174.93: icmp_seq=540 ttl=26 time=77.1 ms
08-10 21:50:04.299  5320  5320 D cellinfo: onsignalStrengthsChanged: LTE Signal Strength info: rsrp: -109 rsrq: -11 rssi: -91 rssnr: 1
08-10 21:50:04.324  5320  5374 D cellinfo: 46 bytes from 44.241.174.93: icmp_seq=541 ttl=26 time=76.2 ms
08-10 21:50:04.528  5320  5374 D cellinfo: 46 bytes from 44.241.174.93: icmp_seq=542 ttl=26 time=80.1 ms
08-10 21:50:04.732  5320  5374 D cellinfo: 46 bytes from 44.241.174.93: icmp_seq=543 ttl=26 time=83.0 ms
08-10 21:50:04.936  5320  5374 D cellinfo: 46 bytes from 44.241.174.93: icmp_seq=544 ttl=26 time=85.8 ms
08-10 21:50:05.132  5320  5374 D cellinfo: 46 bytes from 44.241.174.93: icmp_seq=545 ttl=26 time=81.2 ms
08-10 21:50:05.332  5320  5374 D cellinfo: 46 bytes from 44.241.174.93: icmp_seq=546 ttl=26 time=81.0 ms
08-10 21:50:05.531  5320  5374 D cellinfo: 46 bytes from 44.241.174.93: icmp_seq=547 ttl=26 time=79.4 ms
08-10 21:50:05.734  5320  5374 D cellinfo: 46 bytes from 44.241.174.93: icmp_seq=548 ttl=26 time=80.4 ms
08-10 21:50:05.933  5320  5374 D cellinfo: 46 bytes from 44.241.174.93: icmp_seq=549 ttl=26 time=80.1 ms
08-10 21:50:06.142  5320  5374 D cellinfo: 46 bytes from 44.241.174.93: icmp_seq=550 ttl=26 time=86.6 ms
08-10 21:50:06.299  5320  5320 D cellinfo: Latitude is 41.0253438
08-10 21:50:06.299  5320  5320 D cellinfo: Longitude is -105.427218
08-10 21:50:06.299  5320  5320 D cellinfo: Instantaneous GPS information: United States, US-287, Tie Siding, WY 82084, USA
08-10 21:50:06.299  5320  5320 D cellinfo: getCurrentLocation() result: Location (success): 41.0253438, -105.427218
08-10 21:50:06.302  5320  5320 D cellinfo: onCellInfoChanged: Operator: Verizon Wireless UpdateTimestamp: 24639204 CellConnectionStatus: 1
08-10 21:50:06.303  5320  5320 D cellinfo: onCellInfoChanged: LTE Cell Bands: [13] Bandwidth: 10000 Cell ID: 4586754 Physical Cell ID: 370 Tracking Area Code: 4361 EARFCN: 5230
08-10 21:50:06.333  5320  5374 D cellinfo: 46 bytes from 44.241.174.93: icmp_seq=551 ttl=26 time=78.3 ms
08-10 21:50:06.533  5320  5374 D cellinfo: 46 bytes from 44.241.174.93: icmp_seq=552 ttl=26 time=76.7 ms
08-10 21:50:06.734  5320  5374 D cellinfo: 46 bytes from 44.241.174.93: icmp_seq=553 ttl=26 time=76.6 ms
08-10 21:50:06.946  5320  5374 D cellinfo: 46 bytes from 44.241.174.93: icmp_seq=554 ttl=26 time=88.2 ms
08-10 21:50:07.176  5320  5374 D cellinfo: 46 bytes from 44.241.174.93: icmp_seq=555 ttl=26 time=117 ms
08-10 21:50:07.341  5320  5374 D cellinfo: 46 bytes from 44.241.174.93: icmp_seq=556 ttl=26 time=81.8 ms
08-10 21:50:07.550  5320  5374 D cellinfo: 46 bytes from 44.241.174.93: icmp_seq=557 ttl=26 time=90.3 ms
08-10 21:50:07.780  5320  5374 D cellinfo: 46 bytes from 44.241.174.93: icmp_seq=558 ttl=26 time=118 ms
08-10 21:50:07.966  5320  5374 D cellinfo: 46 bytes from 44.241.174.93: icmp_seq=559 ttl=26 time=104 ms
08-10 21:50:08.150  5320  5374 D cellinfo: 46 bytes from 44.241.174.93: icmp_seq=560 ttl=26 time=87.4 ms
08-10 21:50:08.297  5320  5320 D cellinfo: onsignalStrengthsChanged: LTE Signal Strength info: rsrp: -111 rsrq: -11 rssi: -93 rssnr: 5
08-10 21:50:08.344  5320  5374 D cellinfo: 46 bytes from 44.241.174.93: icmp_seq=561 ttl=26 time=80.9 ms
08-10 21:50:08.546  5320  5374 D cellinfo: 46 bytes from 44.241.174.93: icmp_seq=562 ttl=26 time=81.1 ms
08-10 21:50:08.751  5320  5374 D cellinfo: 46 bytes from 44.241.174.93: icmp_seq=563 ttl=26 time=84.6 ms
08-10 21:50:08.970  5320  5374 D cellinfo: 46 bytes from 44.241.174.93: icmp_seq=564 ttl=26 time=103 ms
08-10 21:50:09.150  5320  5374 D cellinfo: 46 bytes from 44.241.174.93: icmp_seq=565 ttl=26 time=81.3 ms
08-10 21:50:09.345  5320  5374 D cellinfo: 46 bytes from 44.241.174.93: icmp_seq=566 ttl=26 time=75.5 ms
08-10 21:50:09.350  5320  5320 D cellinfo: Latitude is 41.0250731
08-10 21:50:09.350  5320  5320 D cellinfo: Longitude is -105.4268046
08-10 21:50:09.350  5320  5320 D cellinfo: Instantaneous GPS information: United States, US-287, Tie Siding, WY 82084, USA
08-10 21:50:09.350  5320  5320 D cellinfo: getCurrentLocation() result: Location (success): 41.0250731, -105.4268046
08-10 21:50:09.353  5320  5320 D cellinfo: onCellInfoChanged: Operator: Verizon Wireless UpdateTimestamp: 24642206 CellConnectionStatus: 1
08-10 21:50:09.353  5320  5320 D cellinfo: onCellInfoChanged: LTE Cell Bands: [13] Bandwidth: 10000 Cell ID: 4586754 Physical Cell ID: 370 Tracking Area Code: 4361 EARFCN: 5230
08-10 21:50:09.561  5320  5374 D cellinfo: 46 bytes from 44.241.174.93: icmp_seq=567 ttl=26 time=92.2 ms
08-10 21:50:09.754  5320  5374 D cellinfo: 46 bytes from 44.241.174.93: icmp_seq=568 ttl=26 time=84.4 ms
08-10 21:50:09.958  5320  5374 D cellinfo: 46 bytes from 44.241.174.93: icmp_seq=569 ttl=26 time=86.4 ms
08-10 21:50:10.160  5320  5374 D cellinfo: 46 bytes from 44.241.174.93: icmp_seq=570 ttl=26 time=88.1 ms
08-10 21:50:10.358  5320  5374 D cellinfo: 46 bytes from 44.241.174.93: icmp_seq=571 ttl=26 time=85.5 ms
08-10 21:50:10.558  5320  5374 D cellinfo: 46 bytes from 44.241.174.93: icmp_seq=572 ttl=26 time=85.3 ms
08-10 21:50:10.753  5320  5374 D cellinfo: 46 bytes from 44.241.174.93: icmp_seq=573 ttl=26 time=78.8 ms
08-10 21:50:10.988  5320  5374 D cellinfo: 46 bytes from 44.241.174.93: icmp_seq=574 ttl=26 time=112 ms
08-10 21:50:11.153  5320  5374 D cellinfo: 46 bytes from 44.241.174.93: icmp_seq=575 ttl=26 time=77.3 ms
08-10 21:50:11.301  5320  5320 D cellinfo: onsignalStrengthsChanged: LTE Signal Strength info: rsrp: -114 rsrq: -13 rssi: -93 rssnr: 1
08-10 21:50:11.354  5320  5374 D cellinfo: 46 bytes from 44.241.174.93: icmp_seq=576 ttl=26 time=77.1 ms
08-10 21:50:11.554  5320  5374 D cellinfo: 46 bytes from 44.241.174.93: icmp_seq=577 ttl=26 time=75.6 ms
08-10 21:50:11.766  5320  5374 D cellinfo: 46 bytes from 44.241.174.93: icmp_seq=578 ttl=26 time=86.9 ms
08-10 21:50:11.889  5320  5320 D cellinfo: onCellInfoChanged: Operator: Verizon Wireless UpdateTimestamp: 24645190 CellConnectionStatus: 1
08-10 21:50:11.889  5320  5320 D cellinfo: onCellInfoChanged: LTE Cell Bands: [13] Bandwidth: 10000 Cell ID: 4586754 Physical Cell ID: 370 Tracking Area Code: 4361 EARFCN: 5230
08-10 21:50:11.961  5320  5374 D cellinfo: 46 bytes from 44.241.174.93: icmp_seq=579 ttl=26 time=82.5 ms
08-10 21:50:12.153  5320  5374 D cellinfo: 46 bytes from 44.241.174.93: icmp_seq=580 ttl=26 time=73.5 ms
08-10 21:50:12.370  5320  5374 D cellinfo: 46 bytes from 44.241.174.93: icmp_seq=581 ttl=26 time=87.4 ms
08-10 21:50:12.561  5320  5320 D cellinfo: Latitude is 41.0229424
08-10 21:50:12.561  5320  5320 D cellinfo: Longitude is -105.4248144
08-10 21:50:12.561  5320  5320 D cellinfo: Instantaneous GPS information: United States, US-287, Tie Siding, WY 82084, USA
08-10 21:50:12.561  5320  5320 D cellinfo: getCurrentLocation() result: Location (success): 41.0229424, -105.4248144
08-10 21:50:12.564  5320  5374 D cellinfo: 46 bytes from 44.241.174.93: icmp_seq=582 ttl=26 time=81.1 ms
08-10 21:50:12.762  5320  5374 D cellinfo: 46 bytes from 44.241.174.93: icmp_seq=583 ttl=26 time=78.9 ms
08-10 21:50:12.972  5320  5374 D cellinfo: 46 bytes from 44.241.174.93: icmp_seq=584 ttl=26 time=87.4 ms
08-10 21:50:13.174  5320  5374 D cellinfo: 46 bytes from 44.241.174.93: icmp_seq=585 ttl=26 time=88.9 ms
08-10 21:50:13.364  5320  5374 D cellinfo: 46 bytes from 44.241.174.93: icmp_seq=586 ttl=26 time=77.5 ms
08-10 21:50:13.566  5320  5374 D cellinfo: 46 bytes from 44.241.174.93: icmp_seq=587 ttl=26 time=79.5 ms
08-10 21:50:13.805  5320  5374 D cellinfo: 46 bytes from 44.241.174.93: icmp_seq=588 ttl=26 time=118 ms
08-10 21:50:13.880  5320  5320 D cellinfo: onServiceStateChanged: Channel Number: 5230 Cell Bandwidths: [10000]
08-10 21:50:13.967  5320  5374 D cellinfo: 46 bytes from 44.241.174.93: icmp_seq=589 ttl=26 time=79.3 ms
08-10 21:50:14.166  5320  5374 D cellinfo: 46 bytes from 44.241.174.93: icmp_seq=590 ttl=26 time=75.6 ms
08-10 21:50:14.379  5320  5374 D cellinfo: 46 bytes from 44.241.174.93: icmp_seq=591 ttl=26 time=88.0 ms
08-10 21:50:14.577  5320  5374 D cellinfo: 46 bytes from 44.241.174.93: icmp_seq=592 ttl=26 time=85.2 ms
08-10 21:50:14.781  5320  5374 D cellinfo: 46 bytes from 44.241.174.93: icmp_seq=593 ttl=26 time=88.3 ms
08-10 21:50:14.862  5320  5320 D cellinfo: Latitude is 41.0229424
08-10 21:50:14.862  5320  5320 D cellinfo: Longitude is -105.4248144
08-10 21:50:14.862  5320  5320 D cellinfo: Instantaneous GPS information: United States, US-287, Tie Siding, WY 82084, USA
08-10 21:50:14.862  5320  5320 D cellinfo: getCurrentLocation() result: Location (success): 41.0229424, -105.4248144
08-10 21:50:14.905  5320  5320 D cellinfo: onCellInfoChanged: Operator: Verizon Wireless UpdateTimestamp: 24648206 CellConnectionStatus: 1
08-10 21:50:14.905  5320  5320 D cellinfo: onCellInfoChanged: LTE Cell Bands: [13] Bandwidth: 10000 Cell ID: 3894529 Physical Cell ID: 360 Tracking Area Code: 3840 EARFCN: 5230
08-10 21:50:14.997  5320  5374 D cellinfo: 46 bytes from 44.241.174.93: icmp_seq=594 ttl=26 time=104 ms
08-10 21:50:15.178  5320  5374 D cellinfo: 46 bytes from 44.241.174.93: icmp_seq=595 ttl=26 time=84.4 ms
08-10 21:50:15.376  5320  5374 D cellinfo: 46 bytes from 44.241.174.93: icmp_seq=596 ttl=26 time=80.6 ms
08-10 21:50:15.586  5320  5374 D cellinfo: 46 bytes from 44.241.174.93: icmp_seq=597 ttl=26 time=90.0 ms
08-10 21:50:15.787  5320  5374 D cellinfo: 46 bytes from 44.241.174.93: icmp_seq=598 ttl=26 time=90.2 ms
08-10 21:50:15.978  5320  5374 D cellinfo: 46 bytes from 44.241.174.93: icmp_seq=599 ttl=26 time=80.3 ms
08-10 21:50:16.188  5320  5374 D cellinfo: 46 bytes from 44.241.174.93: icmp_seq=600 ttl=26 time=89.8 ms
08-10 21:50:16.366  5320  5374 D cellinfo: 46 bytes from 44.241.174.93: icmp_seq=601 ttl=26 time=66.9 ms
08-10 21:50:16.585  5320  5374 D cellinfo: 46 bytes from 44.241.174.93: icmp_seq=602 ttl=26 time=85.1 ms
08-10 21:50:16.778  5320  5374 D cellinfo: 46 bytes from 44.241.174.93: icmp_seq=603 ttl=26 time=76.9 ms
08-10 21:50:16.820  5320  5320 D cellinfo: onsignalStrengthsChanged: LTE Signal Strength info: rsrp: -118 rsrq: -12 rssi: -99 rssnr: 1
08-10 21:50:17.003  5320  5374 D cellinfo: 46 bytes from 44.241.174.93: icmp_seq=604 ttl=26 time=101 ms
08-10 21:50:17.186  5320  5374 D cellinfo: 46 bytes from 44.241.174.93: icmp_seq=605 ttl=26 time=83.9 ms
08-10 21:50:17.408  5320  5374 D cellinfo: 46 bytes from 44.241.174.93: icmp_seq=606 ttl=26 time=105 ms
08-10 21:50:17.587  5320  5374 D cellinfo: 46 bytes from 44.241.174.93: icmp_seq=607 ttl=26 time=83.2 ms
08-10 21:50:17.798  5320  5374 D cellinfo: 46 bytes from 44.241.174.93: icmp_seq=608 ttl=26 time=93.4 ms
08-10 21:50:18.058  5320  5374 D cellinfo: 46 bytes from 44.241.174.93: icmp_seq=609 ttl=26 time=152 ms
08-10 21:50:18.202  5320  5374 D cellinfo: 46 bytes from 44.241.174.93: icmp_seq=610 ttl=26 time=96.4 ms
08-10 21:50:18.405  5320  5374 D cellinfo: 46 bytes from 44.241.174.93: icmp_seq=611 ttl=26 time=97.5 ms
08-10 21:50:18.465  5320  5320 D cellinfo: Latitude is 41.0223713
08-10 21:50:18.465  5320  5320 D cellinfo: Longitude is -105.4242447
08-10 21:50:18.465  5320  5320 D cellinfo: Instantaneous GPS information: United States, US-287, Tie Siding, WY 82084, USA
08-10 21:50:18.465  5320  5320 D cellinfo: getCurrentLocation() result: Location (success): 41.0223713, -105.4242447
08-10 21:50:18.469  5320  5320 D cellinfo: onCellInfoChanged: Operator: Verizon Wireless UpdateTimestamp: 24651195 CellConnectionStatus: 1
08-10 21:50:18.469  5320  5320 D cellinfo: onCellInfoChanged: LTE Cell Bands: [13] Bandwidth: 10000 Cell ID: 3894529 Physical Cell ID: 360 Tracking Area Code: 3840 EARFCN: 5230
08-10 21:50:18.591  5320  5374 D cellinfo: 46 bytes from 44.241.174.93: icmp_seq=612 ttl=26 time=83.6 ms
08-10 21:50:18.804  5320  5374 D cellinfo: 46 bytes from 44.241.174.93: icmp_seq=613 ttl=26 time=97.1 ms
08-10 21:50:18.992  5320  5374 D cellinfo: 46 bytes from 44.241.174.93: icmp_seq=614 ttl=26 time=83.6 ms
08-10 21:50:19.204  5320  5374 D cellinfo: 46 bytes from 44.241.174.93: icmp_seq=615 ttl=26 time=95.0 ms
08-10 21:50:19.396  5320  5374 D cellinfo: 46 bytes from 44.241.174.93: icmp_seq=616 ttl=26 time=86.5 ms
08-10 21:50:19.600  5320  5374 D cellinfo: 46 bytes from 44.241.174.93: icmp_seq=617 ttl=26 time=90.0 ms
08-10 21:50:19.805  5320  5374 D cellinfo: 46 bytes from 44.241.174.93: icmp_seq=618 ttl=26 time=93.3 ms
08-10 21:50:20.018  5320  5374 D cellinfo: 46 bytes from 44.241.174.93: icmp_seq=619 ttl=26 time=106 ms
08-10 21:50:20.211  5320  5374 D cellinfo: 46 bytes from 44.241.174.93: icmp_seq=620 ttl=26 time=100 ms
08-10 21:50:20.489  5320  5374 D cellinfo: 46 bytes from 44.241.174.93: icmp_seq=621 ttl=26 time=176 ms
08-10 21:50:20.614  5320  5374 D cellinfo: 46 bytes from 44.241.174.93: icmp_seq=622 ttl=26 time=101 ms
08-10 21:50:20.818  5320  5374 D cellinfo: 46 bytes from 44.241.174.93: icmp_seq=623 ttl=26 time=104 ms
08-10 21:50:21.224  5320  5374 D cellinfo: 46 bytes from 44.241.174.93: icmp_seq=624 ttl=26 time=310 ms
08-10 21:50:21.317  5320  5374 D cellinfo: 46 bytes from 44.241.174.93: icmp_seq=625 ttl=26 time=199 ms
08-10 21:50:21.929  5320  5374 D cellinfo: 46 bytes from 44.241.174.93: icmp_seq=626 ttl=26 time=611 ms
08-10 21:50:22.036  5320  5374 D cellinfo: 46 bytes from 44.241.174.93: icmp_seq=627 ttl=26 time=515 ms
08-10 21:50:22.037  5320  5374 D cellinfo: 46 bytes from 44.241.174.93: icmp_seq=628 ttl=26 time=311 ms
08-10 21:50:22.104  5320  5374 D cellinfo: 46 bytes from 44.241.174.93: icmp_seq=629 ttl=26 time=174 ms
08-10 21:50:22.814  5320  5320 D cellinfo: Latitude is 41.0220481
08-10 21:50:22.815  5320  5320 D cellinfo: Longitude is -105.4239231
