08-10 15:09:13.301 14641 14689 D cellinfo: 46 bytes from 44.241.174.93: icmp_seq=784 ttl=26 time=75.0 ms
08-10 15:09:13.480 14641 14689 D cellinfo: 46 bytes from 44.241.174.93: icmp_seq=785 ttl=26 time=52.6 ms
08-10 15:09:13.629 14641 14641 D cellinfo: Latitude is 40.7192133
08-10 15:09:13.630 14641 14641 D cellinfo: Longitude is -111.8662241
08-10 15:09:13.630 14641 14641 D cellinfo: Instantaneous GPS information: United States, 861 Parkway Ave, Salt Lake City, UT 84106, USA
08-10 15:09:13.630 14641 14641 D cellinfo: getCurrentLocation() result: Location (success): 40.7192133, -111.8662241
08-10 15:09:13.686 14641 14641 D cellinfo: onCellInfoChanged: Operator: Verizon Wireless UpdateTimestamp: 586986 CellConnectionStatus: 1
08-10 15:09:13.686 14641 14641 D cellinfo: onCellInfoChanged: LTE Cell Bands: [13, 66, 66, 2] Bandwidth: 10000 Cell ID: 3089155 Physical Cell ID: 380 Tracking Area Code: 3072 EARFCN: 5230
08-10 15:09:13.692 14641 14689 D cellinfo: 46 bytes from 44.241.174.93: icmp_seq=786 ttl=26 time=64.2 ms
08-10 15:09:13.888 14641 14689 D cellinfo: 46 bytes from 44.241.174.93: icmp_seq=787 ttl=26 time=59.3 ms
08-10 15:09:14.104 14641 14689 D cellinfo: 46 bytes from 44.241.174.93: icmp_seq=788 ttl=26 time=73.5 ms
08-10 15:09:14.298 14641 14689 D cellinfo: 46 bytes from 44.241.174.93: icmp_seq=789 ttl=26 time=67.3 ms
08-10 15:09:14.494 14641 14689 D cellinfo: 46 bytes from 44.241.174.93: icmp_seq=790 ttl=26 time=61.8 ms
08-10 15:09:14.694 14641 14689 D cellinfo: 46 bytes from 44.241.174.93: icmp_seq=791 ttl=26 time=62.5 ms
08-10 15:09:14.894 14641 14689 D cellinfo: 46 bytes from 44.241.174.93: icmp_seq=792 ttl=26 time=60.8 ms
08-10 15:09:15.090 14641 14689 D cellinfo: 46 bytes from 44.241.174.93: icmp_seq=793 ttl=26 time=55.7 ms
08-10 15:09:15.290 14641 14689 D cellinfo: 46 bytes from 44.241.174.93: icmp_seq=794 ttl=26 time=54.9 ms
08-10 15:09:15.401 14641 14641 D cellinfo: onsignalStrengthsChanged: LTE Signal Strength info: rsrp: -85 rsrq: -8 rssi: -69 rssnr: 3
08-10 15:09:15.490 14641 14689 D cellinfo: 46 bytes from 44.241.174.93: icmp_seq=795 ttl=26 time=53.8 ms
08-10 15:09:15.691 14641 14689 D cellinfo: 46 bytes from 44.241.174.93: icmp_seq=796 ttl=26 time=53.6 ms
08-10 15:09:15.889 14641 14689 D cellinfo: 46 bytes from 44.241.174.93: icmp_seq=797 ttl=26 time=51.6 ms
08-10 15:09:16.121 14641 14689 D cellinfo: 46 bytes from 44.241.174.93: icmp_seq=798 ttl=26 time=83.0 ms
08-10 15:09:16.320 14641 14689 D cellinfo: 46 bytes from 44.241.174.93: icmp_seq=799 ttl=26 time=80.6 ms
08-10 15:09:16.503 14641 14689 D cellinfo: 46 bytes from 44.241.174.93: icmp_seq=800 ttl=26 time=63.3 ms
08-10 15:09:16.710 14641 14689 D cellinfo: 46 bytes from 44.241.174.93: icmp_seq=801 ttl=26 time=69.3 ms
08-10 15:09:16.908 14641 14689 D cellinfo: 46 bytes from 44.241.174.93: icmp_seq=802 ttl=26 time=65.7 ms
08-10 15:09:17.015 14641 14641 D cellinfo: Latitude is 40.7192648
08-10 15:09:17.015 14641 14641 D cellinfo: Longitude is -111.8657389
08-10 15:09:17.015 14641 14641 D cellinfo: Instantaneous GPS information: United States, 2386 900 E, Salt Lake City, UT 84106, USA
08-10 15:09:17.015 14641 14641 D cellinfo: getCurrentLocation() result: Location (success): 40.7192648, -111.8657389
08-10 15:09:17.019 14641 14641 D cellinfo: onCellInfoChanged: Operator: Verizon Wireless UpdateTimestamp: 589975 CellConnectionStatus: 1
08-10 15:09:17.019 14641 14641 D cellinfo: onCellInfoChanged: LTE Cell Bands: [13, 66, 66, 2] Bandwidth: 10000 Cell ID: 3089155 Physical Cell ID: 380 Tracking Area Code: 3072 EARFCN: 5230
08-10 15:09:17.100 14641 14689 D cellinfo: 46 bytes from 44.241.174.93: icmp_seq=803 ttl=26 time=57.4 ms
08-10 15:09:17.300 14641 14689 D cellinfo: 46 bytes from 44.241.174.93: icmp_seq=804 ttl=26 time=56.1 ms
08-10 15:09:17.500 14641 14689 D cellinfo: 46 bytes from 44.241.174.93: icmp_seq=805 ttl=26 time=55.4 ms
08-10 15:09:17.708 14641 14689 D cellinfo: 46 bytes from 44.241.174.93: icmp_seq=806 ttl=26 time=62.5 ms
08-10 15:09:17.901 14641 14689 D cellinfo: 46 bytes from 44.241.174.93: icmp_seq=807 ttl=26 time=54.6 ms
08-10 15:09:18.102 14641 14689 D cellinfo: 46 bytes from 44.241.174.93: icmp_seq=808 ttl=26 time=55.9 ms
08-10 15:09:18.299 14641 14689 D cellinfo: 46 bytes from 44.241.174.93: icmp_seq=809 ttl=26 time=51.6 ms
08-10 15:09:18.537 14641 14689 D cellinfo: 46 bytes from 44.241.174.93: icmp_seq=810 ttl=26 time=89.0 ms
08-10 15:09:18.709 14641 14689 D cellinfo: 46 bytes from 44.241.174.93: icmp_seq=811 ttl=26 time=60.4 ms
08-10 15:09:18.928 14641 14689 D cellinfo: 46 bytes from 44.241.174.93: icmp_seq=812 ttl=26 time=77.6 ms
08-10 15:09:19.111 14641 14689 D cellinfo: 46 bytes from 44.241.174.93: icmp_seq=813 ttl=26 time=59.6 ms
08-10 15:09:19.310 14641 14689 D cellinfo: 46 bytes from 44.241.174.93: icmp_seq=814 ttl=26 time=58.3 ms
08-10 15:09:19.397 14641 14641 D cellinfo: onsignalStrengthsChanged: LTE Signal Strength info: rsrp: -88 rsrq: -9 rssi: -71 rssnr: 3
08-10 15:09:19.510 14641 14689 D cellinfo: 46 bytes from 44.241.174.93: icmp_seq=815 ttl=26 time=57.7 ms
08-10 15:09:19.709 14641 14689 D cellinfo: 46 bytes from 44.241.174.93: icmp_seq=816 ttl=26 time=56.6 ms
08-10 15:09:19.910 14641 14689 D cellinfo: 46 bytes from 44.241.174.93: icmp_seq=817 ttl=26 time=55.4 ms
08-10 15:09:20.010 14641 14641 D cellinfo: Latitude is 40.7193116
08-10 15:09:20.010 14641 14641 D cellinfo: Longitude is -111.8652977
08-10 15:09:20.010 14641 14641 D cellinfo: Instantaneous GPS information: United States, 2375 900 E, Salt Lake City, UT 84106, USA
08-10 15:09:20.010 14641 14641 D cellinfo: getCurrentLocation() result: Location (success): 40.7193116, -111.8652977
08-10 15:09:20.014 14641 14641 D cellinfo: onCellInfoChanged: Operator: Verizon Wireless UpdateTimestamp: 592991 CellConnectionStatus: 1
08-10 15:09:20.014 14641 14641 D cellinfo: onCellInfoChanged: LTE Cell Bands: [13, 66, 66, 2] Bandwidth: 10000 Cell ID: 3089155 Physical Cell ID: 380 Tracking Area Code: 3072 EARFCN: 5230
08-10 15:09:20.154 14641 14689 D cellinfo: 46 bytes from 44.241.174.93: icmp_seq=818 ttl=26 time=99.0 ms
08-10 15:09:20.326 14641 14689 D cellinfo: 46 bytes from 44.241.174.93: icmp_seq=819 ttl=26 time=70.0 ms
08-10 15:09:20.510 14641 14689 D cellinfo: 46 bytes from 44.241.174.93: icmp_seq=820 ttl=26 time=53.2 ms
08-10 15:09:20.709 14641 14689 D cellinfo: 46 bytes from 44.241.174.93: icmp_seq=821 ttl=26 time=51.6 ms
08-10 15:09:20.920 14641 14689 D cellinfo: 46 bytes from 44.241.174.93: icmp_seq=822 ttl=26 time=61.3 ms
08-10 15:09:21.120 14641 14689 D cellinfo: 46 bytes from 44.241.174.93: icmp_seq=823 ttl=26 time=61.1 ms
08-10 15:09:21.320 14641 14689 D cellinfo: 46 bytes from 44.241.174.93: icmp_seq=824 ttl=26 time=60.2 ms
08-10 15:09:21.521 14641 14689 D cellinfo: 46 bytes from 44.241.174.93: icmp_seq=825 ttl=26 time=60.1 ms
08-10 15:09:21.728 14641 14689 D cellinfo: 46 bytes from 44.241.174.93: icmp_seq=826 ttl=26 time=66.1 ms
08-10 15:09:21.929 14641 14689 D cellinfo: 46 bytes from 44.241.174.93: icmp_seq=827 ttl=26 time=65.5 ms
08-10 15:09:22.128 14641 14689 D cellinfo: 46 bytes from 44.241.174.93: icmp_seq=828 ttl=26 time=63.9 ms
08-10 15:09:22.329 14641 14689 D cellinfo: 46 bytes from 44.241.174.93: icmp_seq=829 ttl=26 time=62.9 ms
08-10 15:09:22.521 14641 14689 D cellinfo: 46 bytes from 44.241.174.93: icmp_seq=830 ttl=26 time=54.2 ms
08-10 15:09:22.820 14641 14689 D cellinfo: 46 bytes from 44.241.174.93: icmp_seq=831 ttl=26 time=153 ms
08-10 15:09:22.925 14641 14689 D cellinfo: 46 bytes from 44.241.174.93: icmp_seq=832 ttl=26 time=57.9 ms
08-10 15:09:23.122 14641 14641 D cellinfo: Latitude is 40.7193052
08-10 15:09:23.122 14641 14641 D cellinfo: Longitude is -111.8653577
08-10 15:09:23.122 14641 14641 D cellinfo: Instantaneous GPS information: United States, 2375 900 E, Salt Lake City, UT 84106, USA
08-10 15:09:23.122 14641 14641 D cellinfo: getCurrentLocation() result: Location (success): 40.7193052, -111.8653577
08-10 15:09:23.126 14641 14641 D cellinfo: onCellInfoChanged: Operator: Verizon Wireless UpdateTimestamp: 595981 CellConnectionStatus: 1
08-10 15:09:23.126 14641 14641 D cellinfo: onCellInfoChanged: LTE Cell Bands: [13, 66, 66, 2] Bandwidth: 10000 Cell ID: 3089155 Physical Cell ID: 380 Tracking Area Code: 3072 EARFCN: 5230
08-10 15:09:23.130 14641 14689 D cellinfo: 46 bytes from 44.241.174.93: icmp_seq=833 ttl=26 time=61.8 ms
08-10 15:09:23.330 14641 14689 D cellinfo: 46 bytes from 44.241.174.93: icmp_seq=834 ttl=26 time=61.2 ms
08-10 15:09:23.530 14641 14689 D cellinfo: 46 bytes from 44.241.174.93: icmp_seq=835 ttl=26 time=59.7 ms
08-10 15:09:23.730 14641 14689 D cellinfo: 46 bytes from 44.241.174.93: icmp_seq=836 ttl=26 time=58.6 ms
08-10 15:09:23.931 14641 14689 D cellinfo: 46 bytes from 44.241.174.93: icmp_seq=837 ttl=26 time=58.9 ms
08-10 15:09:24.139 14641 14689 D cellinfo: 46 bytes from 44.241.174.93: icmp_seq=838 ttl=26 time=66.6 ms
08-10 15:09:24.330 14641 14689 D cellinfo: 46 bytes from 44.241.174.93: icmp_seq=839 ttl=26 time=57.4 ms
08-10 15:09:24.538 14641 14689 D cellinfo: 46 bytes from 44.241.174.93: icmp_seq=840 ttl=26 time=64.7 ms
08-10 15:09:24.739 14641 14689 D cellinfo: 46 bytes from 44.241.174.93: icmp_seq=841 ttl=26 time=64.7 ms
08-10 15:09:24.939 14641 14689 D cellinfo: 46 bytes from 44.241.174.93: icmp_seq=842 ttl=26 time=63.3 ms
08-10 15:09:25.131 14641 14689 D cellinfo: 46 bytes from 44.241.174.93: icmp_seq=843 ttl=26 time=55.6 ms
08-10 15:09:25.346 14641 14689 D cellinfo: 46 bytes from 44.241.174.93: icmp_seq=844 ttl=26 time=69.9 ms
08-10 15:09:25.401 14641 14641 D cellinfo: onsignalStrengthsChanged: LTE Signal Strength info: rsrp: -97 rsrq: -13 rssi: -77 rssnr: 2
08-10 15:09:25.538 14641 14689 D cellinfo: 46 bytes from 44.241.174.93: icmp_seq=845 ttl=26 time=60.9 ms
08-10 15:09:25.667 14641 14641 D cellinfo: onCellInfoChanged: Operator: Verizon Wireless UpdateTimestamp: 598967 CellConnectionStatus: 1
08-10 15:09:25.667 14641 14641 D cellinfo: onCellInfoChanged: LTE Cell Bands: [13, 66, 66, 2] Bandwidth: 10000 Cell ID: 3089155 Physical Cell ID: 380 Tracking Area Code: 3072 EARFCN: 5230
08-10 15:09:25.730 14641 14689 D cellinfo: 46 bytes from 44.241.174.93: icmp_seq=846 ttl=26 time=52.3 ms
08-10 15:09:25.940 14641 14689 D cellinfo: 46 bytes from 44.241.174.93: icmp_seq=847 ttl=26 time=61.5 ms
08-10 15:09:26.132 14641 14689 D cellinfo: 46 bytes from 44.241.174.93: icmp_seq=848 ttl=26 time=52.5 ms
08-10 15:09:26.372 14641 14689 D cellinfo: 46 bytes from 44.241.174.93: icmp_seq=849 ttl=26 time=92.1 ms
08-10 15:09:26.539 14641 14689 D cellinfo: 46 bytes from 44.241.174.93: icmp_seq=850 ttl=26 time=58.2 ms
08-10 15:09:26.741 14641 14689 D cellinfo: 46 bytes from 44.241.174.93: icmp_seq=851 ttl=26 time=59.3 ms
08-10 15:09:26.970 14641 14689 D cellinfo: 46 bytes from 44.241.174.93: icmp_seq=852 ttl=26 time=84.3 ms
08-10 15:09:27.148 14641 14689 D cellinfo: 46 bytes from 44.241.174.93: icmp_seq=853 ttl=26 time=63.0 ms
08-10 15:09:27.245 14641 14641 D cellinfo: Latitude is 40.7194307
08-10 15:09:27.245 14641 14641 D cellinfo: Longitude is -111.8618408
08-10 15:09:27.245 14641 14641 D cellinfo: Instantaneous GPS information: United States, Fairmont dog park, 1119-1101 S Ashton Ave, Salt Lake City, UT 84106, USA
08-10 15:09:27.245 14641 14641 D cellinfo: getCurrentLocation() result: Location (success): 40.7194307, -111.8618408
08-10 15:09:27.364 14641 14689 D cellinfo: 46 bytes from 44.241.174.93: icmp_seq=854 ttl=26 time=78.2 ms
08-10 15:09:27.540 14641 14689 D cellinfo: 46 bytes from 44.241.174.93: icmp_seq=855 ttl=26 time=53.1 ms
08-10 15:09:27.741 14641 14689 D cellinfo: 46 bytes from 44.241.174.93: icmp_seq=856 ttl=26 time=53.5 ms
08-10 15:09:27.952 14641 14689 D cellinfo: 46 bytes from 44.241.174.93: icmp_seq=857 ttl=26 time=62.7 ms
08-10 15:09:28.158 14641 14689 D cellinfo: 46 bytes from 44.241.174.93: icmp_seq=858 ttl=26 time=68.6 ms
08-10 15:09:28.350 14641 14689 D cellinfo: 46 bytes from 44.241.174.93: icmp_seq=859 ttl=26 time=59.6 ms
08-10 15:09:28.550 14641 14689 D cellinfo: 46 bytes from 44.241.174.93: icmp_seq=860 ttl=26 time=58.8 ms
08-10 15:09:28.632 14641 14641 D cellinfo: Latitude is 40.7194307
08-10 15:09:28.632 14641 14641 D cellinfo: Longitude is -111.8618408
08-10 15:09:28.632 14641 14641 D cellinfo: Instantaneous GPS information: United States, Fairmont dog park, 1119-1101 S Ashton Ave, Salt Lake City, UT 84106, USA
08-10 15:09:28.632 14641 14641 D cellinfo: getCurrentLocation() result: Location (success): 40.7194307, -111.8618408
08-10 15:09:28.682 14641 14641 D cellinfo: onCellInfoChanged: Operator: Verizon Wireless UpdateTimestamp: 601983 CellConnectionStatus: 1
08-10 15:09:28.682 14641 14641 D cellinfo: onCellInfoChanged: LTE Cell Bands: [13, 66, 66, 2] Bandwidth: 10000 Cell ID: 3089155 Physical Cell ID: 380 Tracking Area Code: 3072 EARFCN: 5230
08-10 15:09:28.762 14641 14689 D cellinfo: 46 bytes from 44.241.174.93: icmp_seq=861 ttl=26 time=70.3 ms
08-10 15:09:28.950 14641 14689 D cellinfo: 46 bytes from 44.241.174.93: icmp_seq=862 ttl=26 time=56.7 ms
08-10 15:09:29.103 14641 14689 D cellinfo: 46 bytes from 44.241.174.93: icmp_seq=862 ttl=26 time=210 ms (DUP!)
08-10 15:09:29.371 14641 14689 D cellinfo: 46 bytes from 44.241.174.93: icmp_seq=863 ttl=26 time=276 ms
08-10 15:09:29.371 14641 14689 D cellinfo: 46 bytes from 44.241.174.93: icmp_seq=864 ttl=26 time=76.2 ms
08-10 15:09:29.442 14641 14641 D cellinfo: onServiceStateChanged: Channel Number: 5230 Cell Bandwidths: [10000, 10000, 20000, 5000]
08-10 15:09:29.526 14641 14641 D cellinfo: onsignalStrengthsChanged: LTE Signal Strength info: rsrp: -97 rsrq: -16 rssi: -73 rssnr: -3
08-10 15:09:29.564 14641 14689 D cellinfo: 46 bytes from 44.241.174.93: icmp_seq=865 ttl=26 time=68.6 ms
08-10 15:09:29.746 14641 14689 D cellinfo: 46 bytes from 44.241.174.93: icmp_seq=866 ttl=26 time=50.9 ms
08-10 15:09:29.959 14641 14689 D cellinfo: 46 bytes from 44.241.174.93: icmp_seq=867 ttl=26 time=61.4 ms
08-10 15:09:30.373 14641 14641 D cellinfo: onServiceStateChanged: Channel Number: 5230 Cell Bandwidths: [10000, 10000, 20000, 5000]
08-10 15:09:30.600 14641 14689 D cellinfo: 46 bytes from 44.241.174.93: icmp_seq=868 ttl=26 time=502 ms
08-10 15:09:30.601 14641 14689 D cellinfo: 46 bytes from 44.241.174.93: icmp_seq=869 ttl=26 time=295 ms
08-10 15:09:30.602 14641 14689 D cellinfo: 46 bytes from 44.241.174.93: icmp_seq=870 ttl=26 time=94.4 ms
08-10 15:09:30.788 14641 14689 D cellinfo: 46 bytes from 44.241.174.93: icmp_seq=871 ttl=26 time=78.3 ms
08-10 15:09:30.971 14641 14689 D cellinfo: 46 bytes from 44.241.174.93: icmp_seq=872 ttl=26 time=60.2 ms
08-10 15:09:31.187 14641 14689 D cellinfo: 46 bytes from 44.241.174.93: icmp_seq=873 ttl=26 time=75.6 ms
08-10 15:09:31.371 14641 14689 D cellinfo: 46 bytes from 44.241.174.93: icmp_seq=874 ttl=26 time=59.1 ms
08-10 15:09:31.409 14641 14641 D cellinfo: onServiceStateChanged: Channel Number: 5230 Cell Bandwidths: [10000, 10000, 20000, 5000]
08-10 15:09:31.571 14641 14689 D cellinfo: 46 bytes from 44.241.174.93: icmp_seq=875 ttl=26 time=58.1 ms
08-10 15:09:32.360 14641 14689 D cellinfo: 46 bytes from 44.241.174.93: icmp_seq=876 ttl=26 time=645 ms
08-10 15:09:32.362 14641 14689 D cellinfo: 46 bytes from 44.241.174.93: icmp_seq=877 ttl=26 time=446 ms
08-10 15:09:32.402 14641 14689 D cellinfo: 46 bytes from 44.241.174.93: icmp_seq=878 ttl=26 time=281 ms
08-10 15:09:32.574 14641 14689 D cellinfo: 46 bytes from 44.241.174.93: icmp_seq=879 ttl=26 time=248 ms
08-10 15:09:33.061 14641 14689 D cellinfo: 46 bytes from 44.241.174.93: icmp_seq=880 ttl=26 time=534 ms
08-10 15:09:33.062 14641 14689 D cellinfo: 46 bytes from 44.241.174.93: icmp_seq=881 ttl=26 time=333 ms
08-10 15:09:33.192 14641 14689 D cellinfo: 46 bytes from 44.241.174.93: icmp_seq=882 ttl=26 time=262 ms
08-10 15:09:33.462 14641 14689 D cellinfo: 46 bytes from 44.241.174.93: icmp_seq=883 ttl=26 time=332 ms
08-10 15:09:33.802 14641 14689 D cellinfo: 46 bytes from 44.241.174.93: icmp_seq=884 ttl=26 time=471 ms
08-10 15:09:34.809 14641 14689 D cellinfo: 46 bytes from 44.241.174.93: icmp_seq=889 ttl=26 time=468 ms
08-10 15:09:34.809 14641 14689 D cellinfo: 46 bytes from 44.241.174.93: icmp_seq=890 ttl=26 time=264 ms
08-10 15:09:35.205 14641 14641 D cellinfo: Latitude is 40.7194523
08-10 15:09:35.205 14641 14641 D cellinfo: Longitude is -111.8612965
08-10 15:09:35.205 14641 14641 D cellinfo: Instantaneous GPS information: United States, Fairmont dog park, 1119-1101 S Ashton Ave, Salt Lake City, UT 84106, USA
08-10 15:09:35.205 14641 14641 D cellinfo: getCurrentLocation() result: Location (success): 40.7194523, -111.8612965
08-10 15:09:35.209 14641 14641 D cellinfo: onCellInfoChanged: Operator: Verizon Wireless UpdateTimestamp: 604991 CellConnectionStatus: 1
08-10 15:09:35.209 14641 14641 D cellinfo: onCellInfoChanged: LTE Cell Bands: [13, 66, 66, 2] Bandwidth: 10000 Cell ID: 3161857 Physical Cell ID: 114 Tracking Area Code: 3072 EARFCN: 5230
08-10 15:09:35.211 14641 14641 D cellinfo: onCellInfoChanged: Operator: Verizon Wireless UpdateTimestamp: 608001 CellConnectionStatus: 1
08-10 15:09:35.211 14641 14641 D cellinfo: onCellInfoChanged: LTE Cell Bands: [13, 66, 66, 2] Bandwidth: 10000 Cell ID: 3161857 Physical Cell ID: 114 Tracking Area Code: 3072 EARFCN: 5230
08-10 15:09:36.025 14641 14689 D cellinfo: 46 bytes from 44.241.174.93: icmp_seq=895 ttl=26 time=463 ms
08-10 15:09:36.026 14641 14689 D cellinfo: 46 bytes from 44.241.174.93: icmp_seq=896 ttl=26 time=260 ms
08-10 15:09:36.208 14641 14689 D cellinfo: 46 bytes from 44.241.174.93: icmp_seq=897 ttl=26 time=238 ms
08-10 15:09:37.202 14641 14689 D cellinfo: 46 bytes from 44.241.174.93: icmp_seq=900 ttl=26 time=628 ms
08-10 15:09:37.203 14641 14689 D cellinfo: 46 bytes from 44.241.174.93: icmp_seq=899 ttl=26 time=829 ms
08-10 15:09:37.203 14641 14689 D cellinfo: 46 bytes from 44.241.174.93: icmp_seq=901 ttl=26 time=424 ms
08-10 15:09:37.203 14641 14689 D cellinfo: 46 bytes from 44.241.174.93: icmp_seq=902 ttl=26 time=222 ms
08-10 15:09:37.530 14641 14689 D cellinfo: 46 bytes from 44.241.174.93: icmp_seq=903 ttl=26 time=344 ms
08-10 15:09:37.993 14641 14689 D cellinfo: 46 bytes from 44.241.174.93: icmp_seq=904 ttl=26 time=606 ms
08-10 15:09:38.156 14641 14689 D cellinfo: 46 bytes from 44.241.174.93: icmp_seq=905 ttl=26 time=567 ms
08-10 15:09:40.272 14641 14641 D cellinfo: getCurrentLocation() result: Location (success): 40.7194716, -111.8608063
08-10 15:09:40.275 14641 14641 D cellinfo: onsignalStrengthsChanged: LTE Signal Strength info: rsrp: -95 rsrq: -15 rssi: -73 rssnr: -7
08-10 15:09:40.278 14641 14641 D cellinfo: onCellInfoChanged: Operator: Verizon Wireless UpdateTimestamp: 610993 CellConnectionStatus: 1
08-10 15:09:40.278 14641 14641 D cellinfo: onCellInfoChanged: LTE Cell Bands: [13, 66, 66, 2] Bandwidth: 10000 Cell ID: 3161857 Physical Cell ID: 114 Tracking Area Code: 3072 EARFCN: 5230
08-10 15:09:40.337 14641 14689 D cellinfo: 46 bytes from 44.241.174.93: icmp_seq=913 ttl=26 time=1116 ms
08-10 15:09:40.338 14641 14689 D cellinfo: 46 bytes from 44.241.174.93: icmp_seq=912 ttl=26 time=1320 ms
08-10 15:09:40.338 14641 14689 D cellinfo: 46 bytes from 44.241.174.93: icmp_seq=914 ttl=26 time=912 ms
08-10 15:09:41.275 14641 14689 D cellinfo: 46 bytes from 44.241.174.93: icmp_seq=916 ttl=26 time=1440 ms
08-10 15:09:41.276 14641 14689 D cellinfo: 46 bytes from 44.241.174.93: icmp_seq=919 ttl=26 time=831 ms
08-10 15:09:41.276 14641 14689 D cellinfo: 46 bytes from 44.241.174.93: icmp_seq=920 ttl=26 time=629 ms
08-10 15:09:44.207 14641 14689 D cellinfo: 46 bytes from 44.241.174.93: icmp_seq=926 ttl=26 time=2336 ms
08-10 15:09:44.207 14641 14689 D cellinfo: 46 bytes from 44.241.174.93: icmp_seq=927 ttl=26 time=2132 ms
08-10 15:09:44.207 14641 14689 D cellinfo: 46 bytes from 44.241.174.93: icmp_seq=936 ttl=26 time=288 ms
08-10 15:09:44.208 14641 14689 D cellinfo: 46 bytes from 44.241.174.93: icmp_seq=935 ttl=26 time=493 ms
08-10 15:09:44.208 14641 14689 D cellinfo: 46 bytes from 44.241.174.93: icmp_seq=934 ttl=26 time=696 ms
08-10 15:09:44.214 14641 14689 D cellinfo: 46 bytes from 44.241.174.93: icmp_seq=937 ttl=26 time=94.0 ms
08-10 15:09:44.392 14641 14689 D cellinfo: 46 bytes from 44.241.174.93: icmp_seq=938 ttl=26 time=69.5 ms
08-10 15:09:44.578 14641 14689 D cellinfo: 46 bytes from 44.241.174.93: icmp_seq=939 ttl=26 time=55.5 ms
08-10 15:09:44.775 14641 14689 D cellinfo: 46 bytes from 44.241.174.93: icmp_seq=940 ttl=26 time=51.6 ms
08-10 15:09:44.988 14641 14689 D cellinfo: 46 bytes from 44.241.174.93: icmp_seq=941 ttl=26 time=63.1 ms
08-10 15:09:45.215 14641 14689 D cellinfo: 46 bytes from 44.241.174.93: icmp_seq=942 ttl=26 time=88.7 ms
08-10 15:09:45.348 14641 14641 D cellinfo: getCurrentLocation() result: Location (success): 40.7194891, -111.8592711
08-10 15:09:45.354 14641 14641 D cellinfo: onCellInfoChanged: Operator: Verizon Wireless UpdateTimestamp: 613996 CellConnectionStatus: 1
08-10 15:09:45.355 14641 14641 D cellinfo: onCellInfoChanged: LTE Cell Bands: [13, 66, 66, 2] Bandwidth: 10000 Cell ID: 3161857 Physical Cell ID: 114 Tracking Area Code: 3072 EARFCN: 5230
08-10 15:09:45.356 14641 14641 D cellinfo: onServiceStateChanged: Channel Number: 5230 Cell Bandwidths: [10000, 10000, 20000, 5000]
08-10 15:09:45.402 14641 14689 D cellinfo: 46 bytes from 44.241.174.93: icmp_seq=943 ttl=26 time=75.6 ms
08-10 15:09:45.695 14641 14689 D cellinfo: 46 bytes from 44.241.174.93: icmp_seq=944 ttl=26 time=167 ms
08-10 15:09:45.794 14641 14689 D cellinfo: 46 bytes from 44.241.174.93: icmp_seq=945 ttl=26 time=65.5 ms
08-10 15:09:46.369 14641 14689 D cellinfo: 46 bytes from 44.241.174.93: icmp_seq=946 ttl=26 time=440 ms
08-10 15:09:46.396 14641 14641 D cellinfo: Latitude is 40.7195413
08-10 15:09:46.396 14641 14641 D cellinfo: Longitude is -111.8576261
08-10 15:09:46.396 14641 14641 D cellinfo: Instantaneous GPS information: United States, 2390 S Highland Dr, Salt Lake City, UT 84106, USA
08-10 15:09:46.397 14641 14641 D cellinfo: getCurrentLocation() result: Location (success): 40.7195413, -111.8576261
08-10 15:09:46.561 14641 14689 D cellinfo: 46 bytes from 44.241.174.93: icmp_seq=947 ttl=26 time=426 ms
08-10 15:09:46.568 14641 14689 D cellinfo: 46 bytes from 44.241.174.93: icmp_seq=948 ttl=26 time=230 ms
08-10 15:09:46.633 14641 14689 D cellinfo: 46 bytes from 44.241.174.93: icmp_seq=949 ttl=26 time=94.2 ms
08-10 15:09:46.899 14641 14689 D cellinfo: 46 bytes from 44.241.174.93: icmp_seq=950 ttl=26 time=158 ms
08-10 15:09:47.021 14641 14689 D cellinfo: 46 bytes from 44.241.174.93: icmp_seq=951 ttl=26 time=79.2 ms
08-10 15:09:47.215 14641 14689 D cellinfo: 46 bytes from 44.241.174.93: icmp_seq=952 ttl=26 time=73.5 ms
08-10 15:09:47.221 14641 14641 D cellinfo: Latitude is 40.7195561
08-10 15:09:47.221 14641 14641 D cellinfo: Longitude is -111.8566455
08-10 15:09:47.221 14641 14641 D cellinfo: Instantaneous GPS information: United States, 1200 E Driggs Ave, Salt Lake City, UT 84106, USA
08-10 15:09:47.221 14641 14641 D cellinfo: getCurrentLocation() result: Location (success): 40.7195561, -111.8566455
08-10 15:09:47.224 14641 14641 D cellinfo: onCellInfoChanged: Operator: Verizon Wireless UpdateTimestamp: 619998 CellConnectionStatus: 1
08-10 15:09:47.225 14641 14641 D cellinfo: onCellInfoChanged: LTE Cell Bands: [13, 66, 66, 2] Bandwidth: 10000 Cell ID: 3158020 Physical Cell ID: 89 Tracking Area Code: 3072 EARFCN: 5230
08-10 15:09:47.441 14641 14689 D cellinfo: 46 bytes from 44.241.174.93: icmp_seq=953 ttl=26 time=98.3 ms
08-10 15:09:47.643 14641 14689 D cellinfo: 46 bytes from 44.241.174.93: icmp_seq=954 ttl=26 time=100 ms
08-10 15:09:48.002 14641 14689 D cellinfo: 46 bytes from 44.241.174.93: icmp_seq=955 ttl=26 time=257 ms
08-10 15:09:48.350 14641 14689 D cellinfo: 46 bytes from 44.241.174.93: icmp_seq=956 ttl=26 time=404 ms
08-10 15:09:48.351 14641 14689 D cellinfo: 46 bytes from 44.241.174.93: icmp_seq=957 ttl=26 time=203 ms
08-10 15:09:48.367 14641 14641 D cellinfo: Latitude is 40.7195677
08-10 15:09:48.367 14641 14641 D cellinfo: Longitude is -111.855972
08-10 15:09:48.367 14641 14641 D cellinfo: Instantaneous GPS information: United States, 1224 E Driggs Ave, Salt Lake City, UT 84106, USA
08-10 15:09:48.367 14641 14641 D cellinfo: getCurrentLocation() result: Location (success): 40.7195677, -111.855972
08-10 15:09:48.372 14641 14641 D cellinfo: onsignalStrengthsChanged: LTE Signal Strength info: rsrp: -106 rsrq: -19 rssi: -79 rssnr: -7
08-10 15:09:48.497 14641 14689 D cellinfo: 46 bytes from 44.241.174.93: icmp_seq=958 ttl=26 time=147 ms
08-10 15:09:48.638 14641 14689 D cellinfo: 46 bytes from 44.241.174.93: icmp_seq=959 ttl=26 time=87.3 ms
08-10 15:09:48.838 14641 14689 D cellinfo: 46 bytes from 44.241.174.93: icmp_seq=960 ttl=26 time=88.1 ms
08-10 15:09:49.019 14641 14689 D cellinfo: 46 bytes from 44.241.174.93: icmp_seq=961 ttl=26 time=68.0 ms
08-10 15:09:49.217 14641 14689 D cellinfo: 46 bytes from 44.241.174.93: icmp_seq=962 ttl=26 time=65.9 ms
08-10 15:09:49.430 14641 14689 D cellinfo: 46 bytes from 44.241.174.93: icmp_seq=963 ttl=26 time=76.7 ms
08-10 15:09:49.622 14641 14689 D cellinfo: 46 bytes from 44.241.174.93: icmp_seq=964 ttl=26 time=69.2 ms
08-10 15:09:49.829 14641 14689 D cellinfo: 46 bytes from 44.241.174.93: icmp_seq=965 ttl=26 time=75.1 ms
08-10 15:09:50.020 14641 14689 D cellinfo: 46 bytes from 44.241.174.93: icmp_seq=966 ttl=26 time=63.8 ms
08-10 15:09:50.081 14641 14641 D cellinfo: Latitude is 40.7195674
08-10 15:09:50.081 14641 14641 D cellinfo: Longitude is -111.855086
08-10 15:09:50.081 14641 14641 D cellinfo: Instantaneous GPS information: United States, 1252 E Driggs Ave, Salt Lake City, UT 84106, USA
08-10 15:09:50.081 14641 14641 D cellinfo: getCurrentLocation() result: Location (success): 40.7195674, -111.855086
08-10 15:09:50.084 14641 14641 D cellinfo: onCellInfoChanged: Operator: Verizon Wireless UpdateTimestamp: 622995 CellConnectionStatus: 1
08-10 15:09:50.084 14641 14641 D cellinfo: onCellInfoChanged: LTE Cell Bands: [13, 66, 66, 2] Bandwidth: 10000 Cell ID: 3158020 Physical Cell ID: 89 Tracking Area Code: 3072 EARFCN: 5230
08-10 15:09:50.231 14641 14689 D cellinfo: 46 bytes from 44.241.174.93: icmp_seq=967 ttl=26 time=74.9 ms
08-10 15:09:50.431 14641 14689 D cellinfo: 46 bytes from 44.241.174.93: icmp_seq=968 ttl=26 time=73.9 ms
08-10 15:09:50.628 14641 14689 D cellinfo: 46 bytes from 44.241.174.93: icmp_seq=969 ttl=26 time=68.9 ms
08-10 15:09:50.836 14641 14689 D cellinfo: 46 bytes from 44.241.174.93: icmp_seq=970 ttl=26 time=75.6 ms
08-10 15:09:51.430 14641 14689 D cellinfo: 46 bytes from 44.241.174.93: icmp_seq=971 ttl=26 time=469 ms
08-10 15:09:51.506 14641 14689 D cellinfo: 46 bytes from 44.241.174.93: icmp_seq=971 ttl=26 time=545 ms (DUP!)
08-10 15:09:51.550 14641 14689 D cellinfo: 46 bytes from 44.241.174.93: icmp_seq=972 ttl=26 time=385 ms
08-10 15:09:51.556 14641 14689 D cellinfo: 46 bytes from 44.241.174.93: icmp_seq=973 ttl=26 time=187 ms
08-10 15:09:51.604 14641 14641 D cellinfo: onServiceStateChanged: Channel Number: 5230 Cell Bandwidths: [10000, 10000, 20000, 5000]
08-10 15:09:51.633 14641 14689 D cellinfo: 46 bytes from 44.241.174.93: icmp_seq=974 ttl=26 time=62.9 ms
08-10 15:09:51.832 14641 14689 D cellinfo: 46 bytes from 44.241.174.93: icmp_seq=975 ttl=26 time=60.7 ms
08-10 15:09:52.037 14641 14689 D cellinfo: 46 bytes from 44.241.174.93: icmp_seq=976 ttl=26 time=65.1 ms
08-10 15:09:52.233 14641 14689 D cellinfo: 46 bytes from 44.241.174.93: icmp_seq=977 ttl=26 time=61.6 ms
08-10 15:09:52.435 14641 14689 D cellinfo: 46 bytes from 44.241.174.93: icmp_seq=978 ttl=26 time=62.5 ms
08-10 15:09:52.610 14641 14641 D cellinfo: onsignalStrengthsChanged: LTE Signal Strength info: rsrp: -109 rsrq: -16 rssi: -85 rssnr: -1
08-10 15:09:52.635 14641 14689 D cellinfo: 46 bytes from 44.241.174.93: icmp_seq=979 ttl=26 time=62.3 ms
08-10 15:09:52.833 14641 14689 D cellinfo: 46 bytes from 44.241.174.93: icmp_seq=980 ttl=26 time=58.1 ms
08-10 15:09:53.035 14641 14689 D cellinfo: 46 bytes from 44.241.174.93: icmp_seq=981 ttl=26 time=58.3 ms
08-10 15:09:53.082 14641 14641 D cellinfo: Latitude is 40.7195745
08-10 15:09:53.082 14641 14641 D cellinfo: Longitude is -111.854498
08-10 15:09:53.082 14641 14641 D cellinfo: Instantaneous GPS information: United States, 1270 East, E Driggs Ave, Salt Lake City, UT 84106, USA
08-10 15:09:53.082 14641 14641 D cellinfo: getCurrentLocation() result: Location (success): 40.7195745, -111.854498
08-10 15:09:53.093 14641 14641 D cellinfo: onCellInfoChanged: Operator: Verizon Wireless UpdateTimestamp: 625999 CellConnectionStatus: 1
08-10 15:09:53.094 14641 14641 D cellinfo: onCellInfoChanged: LTE Cell Bands: [13, 66, 2] Bandwidth: 10000 Cell ID: 3097857 Physical Cell ID: 153 Tracking Area Code: 3072 EARFCN: 5230
08-10 15:09:53.232 14641 14689 D cellinfo: 46 bytes from 44.241.174.93: icmp_seq=982 ttl=26 time=55.5 ms
08-10 15:09:53.440 14641 14689 D cellinfo: 46 bytes from 44.241.174.93: icmp_seq=983 ttl=26 time=63.8 ms
08-10 15:09:53.643 14641 14689 D cellinfo: 46 bytes from 44.241.174.93: icmp_seq=984 ttl=26 time=65.1 ms
08-10 15:09:54.053 14641 14689 D cellinfo: 46 bytes from 44.241.174.93: icmp_seq=985 ttl=26 time=274 ms
08-10 15:09:54.059 14641 14689 D cellinfo: 46 bytes from 44.241.174.93: icmp_seq=986 ttl=26 time=74.7 ms
08-10 15:09:54.254 14641 14689 D cellinfo: 46 bytes from 44.241.174.93: icmp_seq=987 ttl=26 time=69.7 ms
08-10 15:09:54.282 14641 14641 D cellinfo: onServiceStateChanged: Channel Number: 5230 Cell Bandwidths: [10000, 10000, 20000, 5000]
08-10 15:09:54.459 14641 14689 D cellinfo: 46 bytes from 44.241.174.93: icmp_seq=988 ttl=26 time=73.6 ms
08-10 15:09:54.649 14641 14689 D cellinfo: 46 bytes from 44.241.174.93: icmp_seq=989 ttl=26 time=63.0 ms
08-10 15:09:54.850 14641 14689 D cellinfo: 46 bytes from 44.241.174.93: icmp_seq=990 ttl=26 time=63.6 ms
08-10 15:09:55.049 14641 14689 D cellinfo: 46 bytes from 44.241.174.93: icmp_seq=991 ttl=26 time=62.2 ms
08-10 15:09:55.249 14641 14689 D cellinfo: 46 bytes from 44.241.174.93: icmp_seq=992 ttl=26 time=61.1 ms
08-10 15:09:55.457 14641 14689 D cellinfo: 46 bytes from 44.241.174.93: icmp_seq=993 ttl=26 time=68.2 ms
08-10 15:09:55.670 14641 14689 D cellinfo: 46 bytes from 44.241.174.93: icmp_seq=994 ttl=26 time=81.3 ms
08-10 15:09:55.872 14641 14689 D cellinfo: 46 bytes from 44.241.174.93: icmp_seq=995 ttl=26 time=81.6 ms
08-10 15:09:56.061 14641 14689 D cellinfo: 46 bytes from 44.241.174.93: icmp_seq=996 ttl=26 time=69.9 ms
08-10 15:09:56.180 14641 14641 D cellinfo: Latitude is 40.7195771
08-10 15:09:56.180 14641 14641 D cellinfo: Longitude is -111.8542272
08-10 15:09:56.180 14641 14641 D cellinfo: Instantaneous GPS information: United States, 1270 East, E Driggs Ave, Salt Lake City, UT 84106, USA
08-10 15:09:56.180 14641 14641 D cellinfo: getCurrentLocation() result: Location (success): 40.7195771, -111.8542272
08-10 15:09:56.186 14641 14641 D cellinfo: onCellInfoChanged: Operator: Verizon Wireless UpdateTimestamp: 628978 CellConnectionStatus: 1
08-10 15:09:56.187 14641 14641 D cellinfo: onCellInfoChanged: LTE Cell Bands: [13, 66, 66, 2] Bandwidth: 10000 Cell ID: 3158020 Physical Cell ID: 89 Tracking Area Code: 3072 EARFCN: 5230
08-10 15:09:56.203 14641 14641 D cellinfo: onsignalStrengthsChanged: LTE Signal Strength info: rsrp: -98 rsrq: -12 rssi: -77 rssnr: -1
08-10 15:09:56.252 14641 14689 D cellinfo: 46 bytes from 44.241.174.93: icmp_seq=997 ttl=26 time=60.5 ms
08-10 15:09:56.450 14641 14689 D cellinfo: 46 bytes from 44.241.174.93: icmp_seq=998 ttl=26 time=57.0 ms
08-10 15:09:56.651 14641 14689 D cellinfo: 46 bytes from 44.241.174.93: icmp_seq=999 ttl=26 time=57.7 ms
08-10 15:09:56.865 14641 14689 D cellinfo: 46 bytes from 44.241.174.93: icmp_seq=1000 ttl=26 time=70.4 ms
08-10 15:09:57.065 14641 14689 D cellinfo: 46 bytes from 44.241.174.93: icmp_seq=1001 ttl=26 time=69.4 ms
08-10 15:09:57.256 14641 14689 D cellinfo: 46 bytes from 44.241.174.93: icmp_seq=1002 ttl=26 time=61.7 ms
08-10 15:09:57.477 14641 14689 D cellinfo: 46 bytes from 44.241.174.93: icmp_seq=1003 ttl=26 time=80.3 ms
08-10 15:09:57.692 14641 14689 D cellinfo: 46 bytes from 44.241.174.93: icmp_seq=1004 ttl=26 time=95.4 ms
08-10 15:09:57.869 14641 14689 D cellinfo: 46 bytes from 44.241.174.93: icmp_seq=1005 ttl=26 time=71.4 ms
08-10 15:09:58.066 14641 14689 D cellinfo: 46 bytes from 44.241.174.93: icmp_seq=1006 ttl=26 time=67.7 ms
08-10 15:09:58.267 14641 14689 D cellinfo: 46 bytes from 44.241.174.93: icmp_seq=1007 ttl=26 time=68.8 ms
08-10 15:09:58.458 14641 14689 D cellinfo: 46 bytes from 44.241.174.93: icmp_seq=1008 ttl=26 time=58.8 ms
08-10 15:09:58.670 14641 14689 D cellinfo: 46 bytes from 44.241.174.93: icmp_seq=1009 ttl=26 time=69.8 ms
08-10 15:09:58.687 14641 14641 D cellinfo: onCellInfoChanged: Operator: Verizon Wireless UpdateTimestamp: 631985 CellConnectionStatus: 1
08-10 15:09:58.687 14641 14641 D cellinfo: onCellInfoChanged: LTE Cell Bands: [13, 66, 66, 2] Bandwidth: 10000 Cell ID: 3158020 Physical Cell ID: 89 Tracking Area Code: 3072 EARFCN: 5230
08-10 15:09:58.877 14641 14689 D cellinfo: 46 bytes from 44.241.174.93: icmp_seq=1010 ttl=26 time=75.4 ms
08-10 15:09:59.056 14641 14689 D cellinfo: 46 bytes from 44.241.174.93: icmp_seq=1011 ttl=26 time=54.6 ms
08-10 15:09:59.257 14641 14689 D cellinfo: 46 bytes from 44.241.174.93: icmp_seq=1012 ttl=26 time=54.6 ms
08-10 15:09:59.457 14641 14689 D cellinfo: 46 bytes from 44.241.174.93: icmp_seq=1013 ttl=26 time=53.9 ms
08-10 15:09:59.681 14641 14689 D cellinfo: 46 bytes from 44.241.174.93: icmp_seq=1014 ttl=26 time=76.9 ms
08-10 15:09:59.910 14641 14689 D cellinfo: 46 bytes from 44.241.174.93: icmp_seq=1015 ttl=26 time=104 ms
08-10 15:10:00.081 14641 14689 D cellinfo: 46 bytes from 44.241.174.93: icmp_seq=1016 ttl=26 time=75.8 ms
08-10 15:10:00.287 14641 14641 D cellinfo: Latitude is 40.7196921
08-10 15:10:00.287 14641 14641 D cellinfo: Longitude is -111.8509175
08-10 15:10:00.287 14641 14641 D cellinfo: Instantaneous GPS information: United States, 1387 Parkway Ave, Salt Lake City, UT 84106, USA
08-10 15:10:00.287 14641 14641 D cellinfo: getCurrentLocation() result: Location (success): 40.7196921, -111.8509175
08-10 15:10:00.288 14641 14689 D cellinfo: 46 bytes from 44.241.174.93: icmp_seq=1017 ttl=26 time=81.0 ms
08-10 15:10:00.469 14641 14689 D cellinfo: 46 bytes from 44.241.174.93: icmp_seq=1018 ttl=26 time=61.5 ms
08-10 15:10:00.681 14641 14689 D cellinfo: 46 bytes from 44.241.174.93: icmp_seq=1019 ttl=26 time=72.5 ms
08-10 15:10:00.871 14641 14689 D cellinfo: 46 bytes from 44.241.174.93: icmp_seq=1020 ttl=26 time=61.8 ms
08-10 15:10:01.081 14641 14689 D cellinfo: 46 bytes from 44.241.174.93: icmp_seq=1021 ttl=26 time=71.5 ms
08-10 15:10:01.281 14641 14689 D cellinfo: 46 bytes from 44.241.174.93: icmp_seq=1022 ttl=26 time=67.4 ms
08-10 15:10:01.468 14641 14689 D cellinfo: 46 bytes from 44.241.174.93: icmp_seq=1023 ttl=26 time=56.4 ms
08-10 15:10:01.634 14641 14641 D cellinfo: Latitude is 40.7196921
08-10 15:10:01.634 14641 14641 D cellinfo: Longitude is -111.8509175
08-10 15:10:01.634 14641 14641 D cellinfo: Instantaneous GPS information: United States, 1387 Parkway Ave, Salt Lake City, UT 84106, USA
08-10 15:10:01.634 14641 14641 D cellinfo: getCurrentLocation() result: Location (success): 40.7196921, -111.8509175
08-10 15:10:01.668 14641 14689 D cellinfo: 46 bytes from 44.241.174.93: icmp_seq=1024 ttl=26 time=56.2 ms
08-10 15:10:01.687 14641 14641 D cellinfo: onCellInfoChanged: Operator: Verizon Wireless UpdateTimestamp: 634987 CellConnectionStatus: 1
08-10 15:10:01.688 14641 14641 D cellinfo: onCellInfoChanged: LTE Cell Bands: [13, 66, 66, 2] Bandwidth: 10000 Cell ID: 3158020 Physical Cell ID: 89 Tracking Area Code: 3072 EARFCN: 5230
08-10 15:10:01.914 14641 14689 D cellinfo: 46 bytes from 44.241.174.93: icmp_seq=1025 ttl=26 time=100 ms
08-10 15:10:02.083 14641 14689 D cellinfo: 46 bytes from 44.241.174.93: icmp_seq=1026 ttl=26 time=68.5 ms
08-10 15:10:02.204 14641 14641 D cellinfo: onsignalStrengthsChanged: LTE Signal Strength info: rsrp: -93 rsrq: -12 rssi: -73 rssnr: 1
08-10 15:10:02.268 14641 14689 D cellinfo: 46 bytes from 44.241.174.93: icmp_seq=1027 ttl=26 time=51.7 ms
08-10 15:10:02.555 14641 14689 D cellinfo: 46 bytes from 44.241.174.93: icmp_seq=1028 ttl=26 time=139 ms
08-10 15:10:02.678 14641 14689 D cellinfo: 46 bytes from 44.241.174.93: icmp_seq=1029 ttl=26 time=61.5 ms
08-10 15:10:02.887 14641 14689 D cellinfo: 46 bytes from 44.241.174.93: icmp_seq=1030 ttl=26 time=69.7 ms
08-10 15:10:03.077 14641 14689 D cellinfo: 46 bytes from 44.241.174.93: icmp_seq=1031 ttl=26 time=58.5 ms
08-10 15:10:03.278 14641 14689 D cellinfo: 46 bytes from 44.241.174.93: icmp_seq=1032 ttl=26 time=58.1 ms
08-10 15:10:03.481 14641 14689 D cellinfo: 46 bytes from 44.241.174.93: icmp_seq=1033 ttl=26 time=61.4 ms
08-10 15:10:03.690 14641 14689 D cellinfo: 46 bytes from 44.241.174.93: icmp_seq=1034 ttl=26 time=69.8 ms
08-10 15:10:03.879 14641 14689 D cellinfo: 46 bytes from 44.241.174.93: icmp_seq=1035 ttl=26 time=57.1 ms
08-10 15:10:04.083 14641 14689 D cellinfo: 46 bytes from 44.241.174.93: icmp_seq=1036 ttl=26 time=59.7 ms
08-10 15:10:04.290 14641 14689 D cellinfo: 46 bytes from 44.241.174.93: icmp_seq=1037 ttl=26 time=65.6 ms
08-10 15:10:04.487 14641 14689 D cellinfo: 46 bytes from 44.241.174.93: icmp_seq=1038 ttl=26 time=61.6 ms
08-10 15:10:04.702 14641 14689 D cellinfo: 46 bytes from 44.241.174.93: icmp_seq=1039 ttl=26 time=76.4 ms
08-10 15:10:04.881 14641 14689 D cellinfo: 46 bytes from 44.241.174.93: icmp_seq=1040 ttl=26 time=53.2 ms
08-10 15:10:05.094 14641 14689 D cellinfo: 46 bytes from 44.241.174.93: icmp_seq=1041 ttl=26 time=64.8 ms
08-10 15:10:05.152 14641 14641 D cellinfo: Latitude is 40.7197
08-10 15:10:05.152 14641 14641 D cellinfo: Longitude is -111.850331
08-10 15:10:05.152 14641 14641 D cellinfo: Instantaneous GPS information: United States, Lincoln Hwy, Salt Lake City, UT 84106, USA
08-10 15:10:05.152 14641 14641 D cellinfo: getCurrentLocation() result: Location (success): 40.7197, -111.850331
08-10 15:10:05.157 14641 14641 D cellinfo: onCellInfoChanged: Operator: Verizon Wireless UpdateTimestamp: 637988 CellConnectionStatus: 1
08-10 15:10:05.157 14641 14641 D cellinfo: onCellInfoChanged: LTE Cell Bands: [13, 66, 66, 2] Bandwidth: 10000 Cell ID: 3158020 Physical Cell ID: 89 Tracking Area Code: 3072 EARFCN: 5230
08-10 15:10:05.297 14641 14689 D cellinfo: 46 bytes from 44.241.174.93: icmp_seq=1042 ttl=26 time=67.9 ms
08-10 15:10:05.495 14641 14689 D cellinfo: 46 bytes from 44.241.174.93: icmp_seq=1043 ttl=26 time=64.8 ms
08-10 15:10:05.688 14641 14689 D cellinfo: 46 bytes from 44.241.174.93: icmp_seq=1044 ttl=26 time=56.6 ms
08-10 15:10:05.890 14641 14689 D cellinfo: 46 bytes from 44.241.174.93: icmp_seq=1045 ttl=26 time=57.1 ms
08-10 15:10:06.092 14641 14689 D cellinfo: 46 bytes from 44.241.174.93: icmp_seq=1046 ttl=26 time=58.5 ms
08-10 15:10:06.211 14641 14641 D cellinfo: onsignalStrengthsChanged: LTE Signal Strength info: rsrp: -92 rsrq: -10 rssi: -75 rssnr: 5
08-10 15:10:06.291 14641 14689 D cellinfo: 46 bytes from 44.241.174.93: icmp_seq=1047 ttl=26 time=57.0 ms
08-10 15:10:06.500 14641 14689 D cellinfo: 46 bytes from 44.241.174.93: icmp_seq=1048 ttl=26 time=64.7 ms
08-10 15:10:06.806 14641 14689 D cellinfo: 46 bytes from 44.241.174.93: icmp_seq=1049 ttl=26 time=170 ms
08-10 15:10:06.901 14641 14689 D cellinfo: 46 bytes from 44.241.174.93: icmp_seq=1050 ttl=26 time=65.1 ms
08-10 15:10:07.097 14641 14689 D cellinfo: 46 bytes from 44.241.174.93: icmp_seq=1051 ttl=26 time=59.6 ms
08-10 15:10:07.299 14641 14689 D cellinfo: 46 bytes from 44.241.174.93: icmp_seq=1052 ttl=26 time=60.9 ms
08-10 15:10:07.518 14641 14689 D cellinfo: 46 bytes from 44.241.174.93: icmp_seq=1053 ttl=26 time=78.3 ms
08-10 15:10:07.698 14641 14689 D cellinfo: 46 bytes from 44.241.174.93: icmp_seq=1054 ttl=26 time=59.3 ms
08-10 15:10:07.935 14641 14689 D cellinfo: 46 bytes from 44.241.174.93: icmp_seq=1055 ttl=26 time=93.1 ms
08-10 15:10:08.098 14641 14689 D cellinfo: 46 bytes from 44.241.174.93: icmp_seq=1056 ttl=26 time=55.8 ms
08-10 15:10:08.278 14641 14641 D cellinfo: Latitude is 40.7197071
08-10 15:10:08.278 14641 14641 D cellinfo: Longitude is -111.8498127
08-10 15:10:08.278 14641 14641 D cellinfo: Instantaneous GPS information: United States, Lincoln Hwy, Salt Lake City, UT 84106, USA
08-10 15:10:08.279 14641 14641 D cellinfo: getCurrentLocation() result: Location (success): 40.7197071, -111.8498127
08-10 15:10:08.282 14641 14641 D cellinfo: onCellInfoChanged: Operator: Verizon Wireless UpdateTimestamp: 640986 CellConnectionStatus: 1
08-10 15:10:08.282 14641 14641 D cellinfo: onCellInfoChanged: LTE Cell Bands: [13, 66, 66, 2] Bandwidth: 10000 Cell ID: 3158020 Physical Cell ID: 89 Tracking Area Code: 3072 EARFCN: 5230
08-10 15:10:08.299 14641 14689 D cellinfo: 46 bytes from 44.241.174.93: icmp_seq=1057 ttl=26 time=56.2 ms
08-10 15:10:08.507 14641 14689 D cellinfo: 46 bytes from 44.241.174.93: icmp_seq=1058 ttl=26 time=62.8 ms
08-10 15:10:08.728 14641 14689 D cellinfo: 46 bytes from 44.241.174.93: icmp_seq=1059 ttl=26 time=82.2 ms
08-10 15:10:08.913 14641 14689 D cellinfo: 46 bytes from 44.241.174.93: icmp_seq=1060 ttl=26 time=65.5 ms
08-10 15:10:09.111 14641 14689 D cellinfo: 46 bytes from 44.241.174.93: icmp_seq=1061 ttl=26 time=62.3 ms
08-10 15:10:09.343 14641 14689 D cellinfo: 46 bytes from 44.241.174.93: icmp_seq=1062 ttl=26 time=93.4 ms
08-10 15:10:09.509 14641 14689 D cellinfo: 46 bytes from 44.241.174.93: icmp_seq=1063 ttl=26 time=59.3 ms
08-10 15:10:09.716 14641 14689 D cellinfo: 46 bytes from 44.241.174.93: icmp_seq=1064 ttl=26 time=66.1 ms
08-10 15:10:09.927 14641 14689 D cellinfo: 46 bytes from 44.241.174.93: icmp_seq=1065 ttl=26 time=76.1 ms
08-10 15:10:10.119 14641 14689 D cellinfo: 46 bytes from 44.241.174.93: icmp_seq=1066 ttl=26 time=67.7 ms
08-10 15:10:10.201 14641 14641 D cellinfo: onsignalStrengthsChanged: LTE Signal Strength info: rsrp: -101 rsrq: -13 rssi: -81 rssnr: 3
08-10 15:10:10.311 14641 14689 D cellinfo: 46 bytes from 44.241.174.93: icmp_seq=1067 ttl=26 time=58.6 ms
08-10 15:10:10.508 14641 14689 D cellinfo: 46 bytes from 44.241.174.93: icmp_seq=1068 ttl=26 time=54.1 ms
08-10 15:10:10.693 14641 14641 D cellinfo: onCellInfoChanged: Operator: Verizon Wireless UpdateTimestamp: 643992 CellConnectionStatus: 1
08-10 15:10:10.693 14641 14641 D cellinfo: onCellInfoChanged: LTE Cell Bands: [13, 66, 66, 2] Bandwidth: 10000 Cell ID: 3158020 Physical Cell ID: 89 Tracking Area Code: 3072 EARFCN: 5230
08-10 15:10:10.845 14641 14689 D cellinfo: 46 bytes from 44.241.174.93: icmp_seq=1069 ttl=26 time=191 ms
08-10 15:10:11.277 14641 14689 D cellinfo: 46 bytes from 44.241.174.93: icmp_seq=1070 ttl=26 time=423 ms
08-10 15:10:11.426 14641 14689 D cellinfo: 46 bytes from 44.241.174.93: icmp_seq=1071 ttl=26 time=369 ms
08-10 15:10:11.461 14641 14689 D cellinfo: 46 bytes from 44.241.174.93: icmp_seq=1072 ttl=26 time=200 ms
08-10 15:10:11.565 14641 14689 D cellinfo: 46 bytes from 44.241.174.93: icmp_seq=1073 ttl=26 time=103 ms
08-10 15:10:11.841 14641 14689 D cellinfo: 46 bytes from 44.241.174.93: icmp_seq=1074 ttl=26 time=178 ms
08-10 15:10:11.882 14641 14641 D cellinfo: Latitude is 40.719617
08-10 15:10:11.882 14641 14641 D cellinfo: Longitude is -111.8471071
08-10 15:10:11.882 14641 14641 D cellinfo: Instantaneous GPS information: United States, 1529 Parkway Ave, Salt Lake City, UT 84106, USA
08-10 15:10:11.883 14641 14641 D cellinfo: getCurrentLocation() result: Location (success): 40.719617, -111.8471071
08-10 15:10:11.954 14641 14689 D cellinfo: 46 bytes from 44.241.174.93: icmp_seq=1075 ttl=26 time=91.2 ms
08-10 15:10:12.223 14641 14689 D cellinfo: 46 bytes from 44.241.174.93: icmp_seq=1076 ttl=26 time=158 ms
08-10 15:10:12.503 14641 14689 D cellinfo: 46 bytes from 44.241.174.93: icmp_seq=1077 ttl=26 time=237 ms
08-10 15:10:12.549 14641 14689 D cellinfo: 46 bytes from 44.241.174.93: icmp_seq=1078 ttl=26 time=76.2 ms
08-10 15:10:13.401 14641 14689 D cellinfo: 46 bytes from 44.241.174.93: icmp_seq=1079 ttl=26 time=730 ms
08-10 15:10:13.517 14641 14689 D cellinfo: 46 bytes from 44.241.174.93: icmp_seq=1081 ttl=26 time=440 ms
08-10 15:10:13.571 14641 14689 D cellinfo: 46 bytes from 44.241.174.93: icmp_seq=1082 ttl=26 time=290 ms
08-10 15:10:13.634 14641 14641 D cellinfo: Latitude is 40.719617
08-10 15:10:13.634 14641 14641 D cellinfo: Longitude is -111.8471071
08-10 15:10:13.634 14641 14641 D cellinfo: Instantaneous GPS information: United States, 1529 Parkway Ave, Salt Lake City, UT 84106, USA
08-10 15:10:13.634 14641 14641 D cellinfo: getCurrentLocation() result: Location (success): 40.719617, -111.8471071
08-10 15:10:13.691 14641 14641 D cellinfo: onCellInfoChanged: Operator: Verizon Wireless UpdateTimestamp: 646989 CellConnectionStatus: 1
08-10 15:10:13.691 14641 14641 D cellinfo: onCellInfoChanged: LTE Cell Bands: [13, 66, 66, 2] Bandwidth: 10000 Cell ID: 3158020 Physical Cell ID: 89 Tracking Area Code: 3072 EARFCN: 5230
08-10 15:10:13.901 14641 14689 D cellinfo: 46 bytes from 44.241.174.93: icmp_seq=1083 ttl=26 time=419 ms
08-10 15:10:14.091 14641 14689 D cellinfo: 46 bytes from 44.241.174.93: icmp_seq=1084 ttl=26 time=408 ms
08-10 15:10:14.206 14641 14641 D cellinfo: onsignalStrengthsChanged: LTE Signal Strength info: rsrp: -101 rsrq: -13 rssi: -79 rssnr: 1
08-10 15:10:15.005 14641 14689 D cellinfo: 46 bytes from 44.241.174.93: icmp_seq=1088 ttl=26 time=516 ms
08-10 15:10:15.015 14641 14689 D cellinfo: 46 bytes from 44.241.174.93: icmp_seq=1089 ttl=26 time=322 ms
08-10 15:10:15.759 14641 14689 D cellinfo: 46 bytes from 44.241.174.93: icmp_seq=1092 ttl=26 time=458 ms
08-10 15:10:16.025 14641 14689 D cellinfo: 46 bytes from 44.241.174.93: icmp_seq=1093 ttl=26 time=516 ms
08-10 15:10:16.049 14641 14689 D cellinfo: 46 bytes from 44.241.174.93: icmp_seq=1095 ttl=26 time=135 ms
08-10 15:10:16.049 14641 14689 D cellinfo: 46 bytes from 44.241.174.93: icmp_seq=1094 ttl=26 time=336 ms
08-10 15:10:16.696 14641 14689 D cellinfo: 46 bytes from 44.241.174.93: icmp_seq=1096 ttl=26 time=582 ms
08-10 15:10:16.771 14641 14689 D cellinfo: 46 bytes from 44.241.174.93: icmp_seq=1097 ttl=26 time=450 ms
08-10 15:10:16.876 14641 14689 D cellinfo: 46 bytes from 44.241.174.93: icmp_seq=1098 ttl=26 time=351 ms
08-10 15:10:17.122 14641 14689 D cellinfo: 46 bytes from 44.241.174.93: icmp_seq=1099 ttl=26 time=396 ms
08-10 15:10:17.538 14641 14689 D cellinfo: 46 bytes from 44.241.174.93: icmp_seq=1100 ttl=26 time=611 ms
08-10 15:10:17.983 14641 14689 D cellinfo: 46 bytes from 44.241.174.93: icmp_seq=1103 ttl=26 time=444 ms
08-10 15:10:18.012 14641 14689 D cellinfo: 46 bytes from 44.241.174.93: icmp_seq=1104 ttl=26 time=271 ms
08-10 15:10:18.035 14641 14689 D cellinfo: 46 bytes from 44.241.174.93: icmp_seq=1105 ttl=26 time=90.9 ms
08-10 15:10:18.374 14641 14689 D cellinfo: 46 bytes from 44.241.174.93: icmp_seq=1106 ttl=26 time=229 ms
08-10 15:10:18.421 14641 14689 D cellinfo: 46 bytes from 44.241.174.93: icmp_seq=1107 ttl=26 time=72.5 ms
08-10 15:10:18.464 14641 14641 D cellinfo: Latitude is 40.7196041
08-10 15:10:18.464 14641 14641 D cellinfo: Longitude is -111.8466969
08-10 15:10:18.464 14641 14641 D cellinfo: Instantaneous GPS information: United States, 1545 Parkway Ave, Salt Lake City, UT 84106, USA
08-10 15:10:18.464 14641 14641 D cellinfo: getCurrentLocation() result: Location (success): 40.7196041, -111.8466969
08-10 15:10:18.468 14641 14641 D cellinfo: onCellInfoChanged: Operator: Verizon Wireless UpdateTimestamp: 649963 CellConnectionStatus: 1
08-10 15:10:18.468 14641 14641 D cellinfo: onCellInfoChanged: LTE Cell Bands: [13, 66, 66, 2] Bandwidth: 10000 Cell ID: 3158020 Physical Cell ID: 89 Tracking Area Code: 3072 EARFCN: 5230
08-10 15:10:18.469 14641 14641 D cellinfo: onsignalStrengthsChanged: LTE Signal Strength info: rsrp: -105 rsrq: -13 rssi: -83 rssnr: -2
08-10 15:10:18.980 14641 14689 D cellinfo: 46 bytes from 44.241.174.93: icmp_seq=1108 ttl=26 time=430 ms
08-10 15:10:19.126 14641 14689 D cellinfo: 46 bytes from 44.241.174.93: icmp_seq=1109 ttl=26 time=373 ms
08-10 15:10:19.229 14641 14689 D cellinfo: 46 bytes from 44.241.174.93: icmp_seq=1110 ttl=26 time=272 ms
08-10 15:10:19.633 14641 14641 D cellinfo: Latitude is 40.7196043
08-10 15:10:19.634 14641 14641 D cellinfo: Longitude is -111.846703
08-10 15:10:19.634 14641 14641 D cellinfo: Instantaneous GPS information: United States, 1545 Parkway Ave, Salt Lake City, UT 84106, USA
08-10 15:10:19.634 14641 14641 D cellinfo: getCurrentLocation() result: Location (success): 40.7196043, -111.846703
08-10 15:10:19.697 14641 14641 D cellinfo: onCellInfoChanged: Operator: Verizon Wireless UpdateTimestamp: 652997 CellConnectionStatus: 1
08-10 15:10:19.697 14641 14641 D cellinfo: onCellInfoChanged: LTE Cell Bands: [13, 66, 66, 2] Bandwidth: 10000 Cell ID: 3158020 Physical Cell ID: 89 Tracking Area Code: 3072 EARFCN: 5230
08-10 15:10:20.268 14641 14689 D cellinfo: 46 bytes from 44.241.174.93: icmp_seq=1114 ttl=26 time=503 ms
08-10 15:10:20.607 14641 14689 D cellinfo: 46 bytes from 44.241.174.93: icmp_seq=1116 ttl=26 time=434 ms
08-10 15:10:20.716 14641 14689 D cellinfo: 46 bytes from 44.241.174.93: icmp_seq=1117 ttl=26 time=342 ms
08-10 15:10:21.132 14641 14689 D cellinfo: 46 bytes from 44.241.174.93: icmp_seq=1118 ttl=26 time=556 ms
08-10 15:10:21.397 14641 14689 D cellinfo: 46 bytes from 44.241.174.93: icmp_seq=1120 ttl=26 time=417 ms
08-10 15:10:21.657 14641 14689 D cellinfo: 46 bytes from 44.241.174.93: icmp_seq=1121 ttl=26 time=476 ms
08-10 15:10:22.133 14641 14689 D cellinfo: 46 bytes from 44.241.174.93: icmp_seq=1123 ttl=26 time=548 ms
08-10 15:10:22.134 14641 14689 D cellinfo: 46 bytes from 44.241.174.93: icmp_seq=1124 ttl=26 time=347 ms
08-10 15:10:22.173 14641 14689 D cellinfo: 46 bytes from 44.241.174.93: icmp_seq=1125 ttl=26 time=184 ms
08-10 15:10:22.291 14641 14689 D cellinfo: 46 bytes from 44.241.174.93: icmp_seq=1126 ttl=26 time=102 ms
08-10 15:10:22.458 14641 14689 D cellinfo: 46 bytes from 44.241.174.93: icmp_seq=1127 ttl=26 time=68.2 ms
