08-10 23:21:44.862 16947 16947 D cellinfo: onCellInfoChanged: LTE Cell Bands: [66, 66, 5, 2] Bandwidth: 10000 Cell ID: 80674582 Physical Cell ID: 199 Tracking Area Code: 3842 EARFCN: 66586
08-10 23:21:44.989 16947 16991 D cellinfo: 46 bytes from 44.241.174.93: icmp_seq=9697 ttl=26 time=77.4 ms
08-10 23:21:45.181 16947 16991 D cellinfo: 46 bytes from 44.241.174.93: icmp_seq=9698 ttl=26 time=68.2 ms
08-10 23:21:45.389 16947 16991 D cellinfo: 46 bytes from 44.241.174.93: icmp_seq=9699 ttl=26 time=75.3 ms
08-10 23:21:45.581 16947 16991 D cellinfo: 46 bytes from 44.241.174.93: icmp_seq=9700 ttl=26 time=67.2 ms
08-10 23:21:45.782 16947 16991 D cellinfo: 46 bytes from 44.241.174.93: icmp_seq=9701 ttl=26 time=66.8 ms
08-10 23:21:45.982 16947 16991 D cellinfo: 46 bytes from 44.241.174.93: icmp_seq=9702 ttl=26 time=66.4 ms
08-10 23:21:46.183 16947 16991 D cellinfo: 46 bytes from 44.241.174.93: icmp_seq=9703 ttl=26 time=66.2 ms
08-10 23:21:46.391 16947 16991 D cellinfo: 46 bytes from 44.241.174.93: icmp_seq=9704 ttl=26 time=72.8 ms
08-10 23:21:46.593 16947 16991 D cellinfo: 46 bytes from 44.241.174.93: icmp_seq=9705 ttl=26 time=74.6 ms
08-10 23:21:46.789 16947 16991 D cellinfo: 46 bytes from 44.241.174.93: icmp_seq=9706 ttl=26 time=69.8 ms
08-10 23:21:46.991 16947 16991 D cellinfo: 46 bytes from 44.241.174.93: icmp_seq=9707 ttl=26 time=70.8 ms
08-10 23:21:47.191 16947 16991 D cellinfo: 46 bytes from 44.241.174.93: icmp_seq=9708 ttl=26 time=70.4 ms
08-10 23:21:47.393 16947 16991 D cellinfo: 46 bytes from 44.241.174.93: icmp_seq=9709 ttl=26 time=70.4 ms
08-10 23:21:47.589 16947 16991 D cellinfo: 46 bytes from 44.241.174.93: icmp_seq=9710 ttl=26 time=66.4 ms
08-10 23:21:47.795 16947 16947 D cellinfo: Latitude is 39.9904982
08-10 23:21:47.795 16947 16947 D cellinfo: Longitude is -104.9860919
08-10 23:21:47.795 16947 16947 D cellinfo: Instantaneous GPS information: United States, 16201 I-25, Broomfield, CO 80023, USA
08-10 23:21:47.795 16947 16947 D cellinfo: getCurrentLocation() result: Location (success): 39.9904982, -104.9860919
08-10 23:21:47.796 16947 16991 D cellinfo: 46 bytes from 44.241.174.93: icmp_seq=9711 ttl=26 time=71.9 ms
08-10 23:21:47.798 16947 16947 D cellinfo: onCellInfoChanged: Operator: Verizon Wireless UpdateTimestamp: 30140793 CellConnectionStatus: 1
08-10 23:21:47.798 16947 16947 D cellinfo: onCellInfoChanged: LTE Cell Bands: [66, 66, 5, 2] Bandwidth: 10000 Cell ID: 80674582 Physical Cell ID: 199 Tracking Area Code: 3842 EARFCN: 66586
08-10 23:21:47.994 16947 16991 D cellinfo: 46 bytes from 44.241.174.93: icmp_seq=9712 ttl=26 time=69.3 ms
08-10 23:21:48.196 16947 16991 D cellinfo: 46 bytes from 44.241.174.93: icmp_seq=9713 ttl=26 time=70.9 ms
08-10 23:21:48.391 16947 16991 D cellinfo: 46 bytes from 44.241.174.93: icmp_seq=9714 ttl=26 time=65.3 ms
08-10 23:21:48.592 16947 16991 D cellinfo: 46 bytes from 44.241.174.93: icmp_seq=9715 ttl=26 time=65.3 ms
08-10 23:21:48.792 16947 16991 D cellinfo: 46 bytes from 44.241.174.93: icmp_seq=9716 ttl=26 time=64.8 ms
08-10 23:21:49.002 16947 16991 D cellinfo: 46 bytes from 44.241.174.93: icmp_seq=9717 ttl=26 time=74.1 ms
08-10 23:21:49.210 16947 16991 D cellinfo: 46 bytes from 44.241.174.93: icmp_seq=9718 ttl=26 time=81.2 ms
08-10 23:21:49.409 16947 16991 D cellinfo: 46 bytes from 44.241.174.93: icmp_seq=9719 ttl=26 time=79.7 ms
08-10 23:21:49.608 16947 16991 D cellinfo: 46 bytes from 44.241.174.93: icmp_seq=9720 ttl=26 time=78.8 ms
08-10 23:21:49.801 16947 16991 D cellinfo: 46 bytes from 44.241.174.93: icmp_seq=9721 ttl=26 time=70.3 ms
08-10 23:21:49.992 16947 16991 D cellinfo: 46 bytes from 44.241.174.93: icmp_seq=9722 ttl=26 time=60.8 ms
08-10 23:21:50.203 16947 16991 D cellinfo: 46 bytes from 44.241.174.93: icmp_seq=9723 ttl=26 time=71.5 ms
08-10 23:21:50.406 16947 16991 D cellinfo: 46 bytes from 44.241.174.93: icmp_seq=9724 ttl=26 time=73.8 ms
08-10 23:21:50.617 16947 16991 D cellinfo: 46 bytes from 44.241.174.93: icmp_seq=9725 ttl=26 time=83.5 ms
08-10 23:21:50.802 16947 16991 D cellinfo: 46 bytes from 44.241.174.93: icmp_seq=9726 ttl=26 time=67.5 ms
08-10 23:21:50.868 16947 16947 D cellinfo: Latitude is 39.9905692
08-10 23:21:50.868 16947 16947 D cellinfo: Longitude is -104.9860542
08-10 23:21:50.868 16947 16947 D cellinfo: Instantaneous GPS information: United States, 16375 Washington St, Thornton, CO 80023, USA
08-10 23:21:50.868 16947 16947 D cellinfo: getCurrentLocation() result: Location (success): 39.9905692, -104.9860542
08-10 23:21:50.872 16947 16947 D cellinfo: onCellInfoChanged: Operator: Verizon Wireless UpdateTimestamp: 30143796 CellConnectionStatus: 1
08-10 23:21:50.872 16947 16947 D cellinfo: onCellInfoChanged: LTE Cell Bands: [66, 66, 5, 2] Bandwidth: 10000 Cell ID: 80674582 Physical Cell ID: 199 Tracking Area Code: 3842 EARFCN: 66586
08-10 23:21:51.001 16947 16991 D cellinfo: 46 bytes from 44.241.174.93: icmp_seq=9727 ttl=26 time=65.7 ms
08-10 23:21:51.201 16947 16991 D cellinfo: 46 bytes from 44.241.174.93: icmp_seq=9728 ttl=26 time=66.4 ms
08-10 23:21:51.409 16947 16991 D cellinfo: 46 bytes from 44.241.174.93: icmp_seq=9729 ttl=26 time=73.3 ms
08-10 23:21:51.601 16947 16991 D cellinfo: 46 bytes from 44.241.174.93: icmp_seq=9730 ttl=26 time=64.3 ms
08-10 23:21:51.801 16947 16991 D cellinfo: 46 bytes from 44.241.174.93: icmp_seq=9731 ttl=26 time=63.1 ms
08-10 23:21:52.012 16947 16991 D cellinfo: 46 bytes from 44.241.174.93: icmp_seq=9732 ttl=26 time=72.4 ms
08-10 23:21:52.211 16947 16991 D cellinfo: 46 bytes from 44.241.174.93: icmp_seq=9733 ttl=26 time=72.6 ms
08-10 23:21:52.411 16947 16991 D cellinfo: 46 bytes from 44.241.174.93: icmp_seq=9734 ttl=26 time=72.2 ms
08-10 23:21:52.622 16947 16991 D cellinfo: 46 bytes from 44.241.174.93: icmp_seq=9735 ttl=26 time=82.0 ms
08-10 23:21:52.742 16947 16947 D cellinfo: onsignalStrengthsChanged: LTE Signal Strength info: rsrp: -76 rsrq: -6 rssi: -63 rssnr: 17
08-10 23:21:52.811 16947 16991 D cellinfo: 46 bytes from 44.241.174.93: icmp_seq=9736 ttl=26 time=70.3 ms
08-10 23:21:53.011 16947 16991 D cellinfo: 46 bytes from 44.241.174.93: icmp_seq=9737 ttl=26 time=69.1 ms
08-10 23:21:53.211 16947 16991 D cellinfo: 46 bytes from 44.241.174.93: icmp_seq=9738 ttl=26 time=69.5 ms
08-10 23:21:53.412 16947 16991 D cellinfo: 46 bytes from 44.241.174.93: icmp_seq=9739 ttl=26 time=68.8 ms
08-10 23:21:53.484 16947 16947 D cellinfo: onCellInfoChanged: Operator: Verizon Wireless UpdateTimestamp: 30146785 CellConnectionStatus: 1
08-10 23:21:53.484 16947 16947 D cellinfo: onCellInfoChanged: LTE Cell Bands: [66, 66, 5, 2] Bandwidth: 10000 Cell ID: 80674582 Physical Cell ID: 199 Tracking Area Code: 3842 EARFCN: 66586
08-10 23:21:53.614 16947 16991 D cellinfo: 46 bytes from 44.241.174.93: icmp_seq=9740 ttl=26 time=70.3 ms
08-10 23:21:53.811 16947 16991 D cellinfo: 46 bytes from 44.241.174.93: icmp_seq=9741 ttl=26 time=66.2 ms
08-10 23:21:54.019 16947 16991 D cellinfo: 46 bytes from 44.241.174.93: icmp_seq=9742 ttl=26 time=73.0 ms
08-10 23:21:54.211 16947 16991 D cellinfo: 46 bytes from 44.241.174.93: icmp_seq=9743 ttl=26 time=65.4 ms
08-10 23:21:54.423 16947 16991 D cellinfo: 46 bytes from 44.241.174.93: icmp_seq=9744 ttl=26 time=75.4 ms
08-10 23:21:54.612 16947 16991 D cellinfo: 46 bytes from 44.241.174.93: icmp_seq=9745 ttl=26 time=63.7 ms
08-10 23:21:54.614 16947 16947 D cellinfo: Latitude is 39.9871162
08-10 23:21:54.614 16947 16947 D cellinfo: Longitude is -104.987682
08-10 23:21:54.615 16947 16947 D cellinfo: Instantaneous GPS information: United States, Dwight D. Eisenhower Hwy, Broomfield, CO 80023, USA
08-10 23:21:54.615 16947 16947 D cellinfo: getCurrentLocation() result: Location (success): 39.9871162, -104.987682
08-10 23:21:54.829 16947 16991 D cellinfo: 46 bytes from 44.241.174.93: icmp_seq=9746 ttl=26 time=81.0 ms
08-10 23:21:55.021 16947 16991 D cellinfo: 46 bytes from 44.241.174.93: icmp_seq=9747 ttl=26 time=72.2 ms
08-10 23:21:55.221 16947 16991 D cellinfo: 46 bytes from 44.241.174.93: icmp_seq=9748 ttl=26 time=72.7 ms
08-10 23:21:55.429 16947 16991 D cellinfo: 46 bytes from 44.241.174.93: icmp_seq=9749 ttl=26 time=79.9 ms
08-10 23:21:55.622 16947 16991 D cellinfo: 46 bytes from 44.241.174.93: icmp_seq=9750 ttl=26 time=71.4 ms
08-10 23:21:55.823 16947 16991 D cellinfo: 46 bytes from 44.241.174.93: icmp_seq=9751 ttl=26 time=72.8 ms
08-10 23:21:56.038 16947 16991 D cellinfo: 46 bytes from 44.241.174.93: icmp_seq=9752 ttl=26 time=87.5 ms
08-10 23:21:56.221 16947 16991 D cellinfo: 46 bytes from 44.241.174.93: icmp_seq=9753 ttl=26 time=71.3 ms
08-10 23:21:56.422 16947 16991 D cellinfo: 46 bytes from 44.241.174.93: icmp_seq=9754 ttl=26 time=70.1 ms
08-10 23:21:56.450 16947 16947 D cellinfo: Latitude is 39.9871162
08-10 23:21:56.450 16947 16947 D cellinfo: Longitude is -104.987682
08-10 23:21:56.450 16947 16947 D cellinfo: Instantaneous GPS information: United States, Dwight D. Eisenhower Hwy, Broomfield, CO 80023, USA
08-10 23:21:56.450 16947 16947 D cellinfo: getCurrentLocation() result: Location (success): 39.9871162, -104.987682
08-10 23:21:56.492 16947 16947 D cellinfo: onCellInfoChanged: Operator: Verizon Wireless UpdateTimestamp: 30149790 CellConnectionStatus: 1
08-10 23:21:56.492 16947 16947 D cellinfo: onCellInfoChanged: LTE Cell Bands: [66, 66, 5, 2] Bandwidth: 10000 Cell ID: 80674582 Physical Cell ID: 199 Tracking Area Code: 3842 EARFCN: 66586
08-10 23:21:56.618 16947 16991 D cellinfo: 46 bytes from 44.241.174.93: icmp_seq=9755 ttl=26 time=67.0 ms
08-10 23:21:56.822 16947 16991 D cellinfo: 46 bytes from 44.241.174.93: icmp_seq=9756 ttl=26 time=69.9 ms
08-10 23:21:57.021 16947 16991 D cellinfo: 46 bytes from 44.241.174.93: icmp_seq=9757 ttl=26 time=68.3 ms
08-10 23:21:57.221 16947 16991 D cellinfo: 46 bytes from 44.241.174.93: icmp_seq=9758 ttl=26 time=68.3 ms
08-10 23:21:57.421 16947 16991 D cellinfo: 46 bytes from 44.241.174.93: icmp_seq=9759 ttl=26 time=67.5 ms
08-10 23:21:57.621 16947 16991 D cellinfo: 46 bytes from 44.241.174.93: icmp_seq=9760 ttl=26 time=67.0 ms
08-10 23:21:57.822 16947 16991 D cellinfo: 46 bytes from 44.241.174.93: icmp_seq=9761 ttl=26 time=67.2 ms
08-10 23:21:58.021 16947 16991 D cellinfo: 46 bytes from 44.241.174.93: icmp_seq=9762 ttl=26 time=65.1 ms
08-10 23:21:58.223 16947 16991 D cellinfo: 46 bytes from 44.241.174.93: icmp_seq=9763 ttl=26 time=66.4 ms
08-10 23:21:58.421 16947 16991 D cellinfo: 46 bytes from 44.241.174.93: icmp_seq=9764 ttl=26 time=64.8 ms
08-10 23:21:58.622 16947 16991 D cellinfo: 46 bytes from 44.241.174.93: icmp_seq=9765 ttl=26 time=63.9 ms
08-10 23:21:58.827 16947 16991 D cellinfo: 46 bytes from 44.241.174.93: icmp_seq=9766 ttl=26 time=68.3 ms
08-10 23:21:59.031 16947 16991 D cellinfo: 46 bytes from 44.241.174.93: icmp_seq=9767 ttl=26 time=71.7 ms
08-10 23:21:59.233 16947 16991 D cellinfo: 46 bytes from 44.241.174.93: icmp_seq=9768 ttl=26 time=74.4 ms
08-10 23:21:59.439 16947 16991 D cellinfo: 46 bytes from 44.241.174.93: icmp_seq=9769 ttl=26 time=80.1 ms
08-10 23:21:59.617 16947 16991 D cellinfo: 46 bytes from 44.241.174.93: icmp_seq=9770 ttl=26 time=56.4 ms
08-10 23:21:59.822 16947 16991 D cellinfo: 46 bytes from 44.241.174.93: icmp_seq=9771 ttl=26 time=60.6 ms
08-10 23:21:59.835 16947 16947 D cellinfo: Latitude is 39.986572
08-10 23:21:59.835 16947 16947 D cellinfo: Longitude is -104.9878454
08-10 23:21:59.835 16947 16947 D cellinfo: Instantaneous GPS information: United States, 25 W 160th Ave, Broomfield, CO 80023, USA
08-10 23:21:59.835 16947 16947 D cellinfo: getCurrentLocation() result: Location (success): 39.986572, -104.9878454
08-10 23:21:59.839 16947 16947 D cellinfo: onCellInfoChanged: Operator: Verizon Wireless UpdateTimestamp: 30152799 CellConnectionStatus: 1
08-10 23:21:59.839 16947 16947 D cellinfo: onCellInfoChanged: LTE Cell Bands: [66, 66, 5, 2] Bandwidth: 10000 Cell ID: 80674582 Physical Cell ID: 199 Tracking Area Code: 3842 EARFCN: 66586
08-10 23:22:00.032 16947 16991 D cellinfo: 46 bytes from 44.241.174.93: icmp_seq=9772 ttl=26 time=70.2 ms
08-10 23:22:00.232 16947 16991 D cellinfo: 46 bytes from 44.241.174.93: icmp_seq=9773 ttl=26 time=70.3 ms
08-10 23:22:00.436 16947 16991 D cellinfo: 46 bytes from 44.241.174.93: icmp_seq=9774 ttl=26 time=73.2 ms
08-10 23:22:00.634 16947 16991 D cellinfo: 46 bytes from 44.241.174.93: icmp_seq=9775 ttl=26 time=70.1 ms
08-10 23:22:00.832 16947 16991 D cellinfo: 46 bytes from 44.241.174.93: icmp_seq=9776 ttl=26 time=67.3 ms
08-10 23:22:01.032 16947 16991 D cellinfo: 46 bytes from 44.241.174.93: icmp_seq=9777 ttl=26 time=66.2 ms
08-10 23:22:01.233 16947 16991 D cellinfo: 46 bytes from 44.241.174.93: icmp_seq=9778 ttl=26 time=67.6 ms
08-10 23:22:01.433 16947 16991 D cellinfo: 46 bytes from 44.241.174.93: icmp_seq=9779 ttl=26 time=65.8 ms
08-10 23:22:01.632 16947 16991 D cellinfo: 46 bytes from 44.241.174.93: icmp_seq=9780 ttl=26 time=64.3 ms
08-10 23:22:01.842 16947 16991 D cellinfo: 46 bytes from 44.241.174.93: icmp_seq=9781 ttl=26 time=73.0 ms
08-10 23:22:02.042 16947 16991 D cellinfo: 46 bytes from 44.241.174.93: icmp_seq=9782 ttl=26 time=72.1 ms
08-10 23:22:02.247 16947 16991 D cellinfo: 46 bytes from 44.241.174.93: icmp_seq=9783 ttl=26 time=77.9 ms
08-10 23:22:02.442 16947 16991 D cellinfo: 46 bytes from 44.241.174.93: icmp_seq=9784 ttl=26 time=71.3 ms
08-10 23:22:02.645 16947 16991 D cellinfo: 46 bytes from 44.241.174.93: icmp_seq=9785 ttl=26 time=73.0 ms
08-10 23:22:02.818 16947 16947 D cellinfo: Latitude is 39.9861245
08-10 23:22:02.818 16947 16947 D cellinfo: Longitude is -104.9879788
08-10 23:22:02.818 16947 16947 D cellinfo: Instantaneous GPS information: United States, 25 W 160th Ave, Broomfield, CO 80023, USA
08-10 23:22:02.818 16947 16947 D cellinfo: getCurrentLocation() result: Location (success): 39.9861245, -104.9879788
08-10 23:22:02.822 16947 16947 D cellinfo: onCellInfoChanged: Operator: Verizon Wireless UpdateTimestamp: 30155793 CellConnectionStatus: 1
08-10 23:22:02.822 16947 16947 D cellinfo: onCellInfoChanged: LTE Cell Bands: [66, 66, 5, 2] Bandwidth: 10000 Cell ID: 80674582 Physical Cell ID: 199 Tracking Area Code: 3842 EARFCN: 66586
08-10 23:22:02.841 16947 16991 D cellinfo: 46 bytes from 44.241.174.93: icmp_seq=9786 ttl=26 time=68.1 ms
08-10 23:22:03.042 16947 16991 D cellinfo: 46 bytes from 44.241.174.93: icmp_seq=9787 ttl=26 time=67.5 ms
08-10 23:22:03.241 16947 16991 D cellinfo: 46 bytes from 44.241.174.93: icmp_seq=9788 ttl=26 time=68.1 ms
08-10 23:22:03.441 16947 16991 D cellinfo: 46 bytes from 44.241.174.93: icmp_seq=9789 ttl=26 time=67.0 ms
08-10 23:22:03.642 16947 16991 D cellinfo: 46 bytes from 44.241.174.93: icmp_seq=9790 ttl=26 time=67.4 ms
08-10 23:22:03.842 16947 16991 D cellinfo: 46 bytes from 44.241.174.93: icmp_seq=9791 ttl=26 time=65.9 ms
08-10 23:22:04.042 16947 16991 D cellinfo: 46 bytes from 44.241.174.93: icmp_seq=9792 ttl=26 time=64.2 ms
08-10 23:22:04.242 16947 16991 D cellinfo: 46 bytes from 44.241.174.93: icmp_seq=9793 ttl=26 time=64.9 ms
08-10 23:22:04.453 16947 16991 D cellinfo: 46 bytes from 44.241.174.93: icmp_seq=9794 ttl=26 time=74.1 ms
08-10 23:22:04.652 16947 16991 D cellinfo: 46 bytes from 44.241.174.93: icmp_seq=9795 ttl=26 time=72.8 ms
08-10 23:22:04.852 16947 16991 D cellinfo: 46 bytes from 44.241.174.93: icmp_seq=9796 ttl=26 time=71.7 ms
08-10 23:22:05.053 16947 16991 D cellinfo: 46 bytes from 44.241.174.93: icmp_seq=9797 ttl=26 time=71.8 ms
08-10 23:22:05.252 16947 16991 D cellinfo: 46 bytes from 44.241.174.93: icmp_seq=9798 ttl=26 time=71.1 ms
08-10 23:22:05.460 16947 16991 D cellinfo: 46 bytes from 44.241.174.93: icmp_seq=9799 ttl=26 time=78.3 ms
08-10 23:22:05.649 16947 16991 D cellinfo: 46 bytes from 44.241.174.93: icmp_seq=9800 ttl=26 time=66.6 ms
08-10 23:22:05.856 16947 16947 D cellinfo: Latitude is 39.9861983
08-10 23:22:05.856 16947 16947 D cellinfo: Longitude is -104.9879563
08-10 23:22:05.857 16947 16947 D cellinfo: Instantaneous GPS information: United States, 25 W 160th Ave, Broomfield, CO 80023, USA
08-10 23:22:05.857 16947 16947 D cellinfo: getCurrentLocation() result: Location (success): 39.9861983, -104.9879563
08-10 23:22:05.860 16947 16991 D cellinfo: 46 bytes from 44.241.174.93: icmp_seq=9801 ttl=26 time=76.9 ms
08-10 23:22:05.861 16947 16947 D cellinfo: onCellInfoChanged: Operator: Verizon Wireless UpdateTimestamp: 30158799 CellConnectionStatus: 1
08-10 23:22:05.861 16947 16947 D cellinfo: onCellInfoChanged: LTE Cell Bands: [66, 66, 5, 2] Bandwidth: 10000 Cell ID: 80674582 Physical Cell ID: 199 Tracking Area Code: 3842 EARFCN: 66586
08-10 23:22:06.059 16947 16991 D cellinfo: 46 bytes from 44.241.174.93: icmp_seq=9802 ttl=26 time=75.2 ms
08-10 23:22:06.252 16947 16991 D cellinfo: 46 bytes from 44.241.174.93: icmp_seq=9803 ttl=26 time=68.3 ms
08-10 23:22:06.452 16947 16991 D cellinfo: 46 bytes from 44.241.174.93: icmp_seq=9804 ttl=26 time=67.3 ms
08-10 23:22:06.659 16947 16991 D cellinfo: 46 bytes from 44.241.174.93: icmp_seq=9805 ttl=26 time=72.7 ms
08-10 23:22:06.744 16947 16947 D cellinfo: onsignalStrengthsChanged: LTE Signal Strength info: rsrp: -86 rsrq: -7 rssi: -71 rssnr: 18
08-10 23:22:06.861 16947 16991 D cellinfo: 46 bytes from 44.241.174.93: icmp_seq=9806 ttl=26 time=73.6 ms
08-10 23:22:07.072 16947 16991 D cellinfo: 46 bytes from 44.241.174.93: icmp_seq=9807 ttl=26 time=84.6 ms
08-10 23:22:07.251 16947 16991 D cellinfo: 46 bytes from 44.241.174.93: icmp_seq=9808 ttl=26 time=64.1 ms
08-10 23:22:07.462 16947 16991 D cellinfo: 46 bytes from 44.241.174.93: icmp_seq=9809 ttl=26 time=73.4 ms
08-10 23:22:07.660 16947 16991 D cellinfo: 46 bytes from 44.241.174.93: icmp_seq=9810 ttl=26 time=71.1 ms
08-10 23:22:07.862 16947 16991 D cellinfo: 46 bytes from 44.241.174.93: icmp_seq=9811 ttl=26 time=71.6 ms
08-10 23:22:08.062 16947 16991 D cellinfo: 46 bytes from 44.241.174.93: icmp_seq=9812 ttl=26 time=71.4 ms
08-10 23:22:08.263 16947 16991 D cellinfo: 46 bytes from 44.241.174.93: icmp_seq=9813 ttl=26 time=72.9 ms
08-10 23:22:08.463 16947 16991 D cellinfo: 46 bytes from 44.241.174.93: icmp_seq=9814 ttl=26 time=72.9 ms
08-10 23:22:08.502 16947 16947 D cellinfo: onCellInfoChanged: Operator: Verizon Wireless UpdateTimestamp: 30161801 CellConnectionStatus: 1
08-10 23:22:08.502 16947 16947 D cellinfo: onCellInfoChanged: LTE Cell Bands: [66, 66, 5, 2] Bandwidth: 10000 Cell ID: 80674582 Physical Cell ID: 199 Tracking Area Code: 3842 EARFCN: 66586
08-10 23:22:08.677 16947 16991 D cellinfo: 46 bytes from 44.241.174.93: icmp_seq=9815 ttl=26 time=85.6 ms
08-10 23:22:08.862 16947 16991 D cellinfo: 46 bytes from 44.241.174.93: icmp_seq=9816 ttl=26 time=70.2 ms
08-10 23:22:09.080 16947 16991 D cellinfo: 46 bytes from 44.241.174.93: icmp_seq=9817 ttl=26 time=87.2 ms
08-10 23:22:09.301 16947 16991 D cellinfo: 46 bytes from 44.241.174.93: icmp_seq=9818 ttl=26 time=108 ms
08-10 23:22:09.457 16947 16991 D cellinfo: 46 bytes from 44.241.174.93: icmp_seq=9819 ttl=26 time=63.2 ms
08-10 23:22:09.643 16947 16947 D cellinfo: Latitude is 39.9826833
08-10 23:22:09.643 16947 16947 D cellinfo: Longitude is -104.9882101
08-10 23:22:09.643 16947 16947 D cellinfo: Instantaneous GPS information: United States, Dwight D. Eisenhower Hwy, Broomfield, CO 80023, USA
08-10 23:22:09.643 16947 16947 D cellinfo: getCurrentLocation() result: Location (success): 39.9826833, -104.9882101
08-10 23:22:09.645 16947 16947 D cellinfo: onServiceStateChanged: Channel Number: 66586 Cell Bandwidths: [10000]
08-10 23:22:09.646 16947 16947 D cellinfo: onServiceStateChanged: Channel Number: 66586 Cell Bandwidths: [10000, 20000, 20000, 10000]
08-10 23:22:09.656 16947 16991 D cellinfo: 46 bytes from 44.241.174.93: icmp_seq=9820 ttl=26 time=62.7 ms
08-10 23:22:09.865 16947 16991 D cellinfo: 46 bytes from 44.241.174.93: icmp_seq=9821 ttl=26 time=71.6 ms
08-10 23:22:10.067 16947 16991 D cellinfo: 46 bytes from 44.241.174.93: icmp_seq=9822 ttl=26 time=71.4 ms
08-10 23:22:10.266 16947 16991 D cellinfo: 46 bytes from 44.241.174.93: icmp_seq=9823 ttl=26 time=71.0 ms
08-10 23:22:10.462 16947 16947 D cellinfo: onsignalStrengthsChanged: LTE Signal Strength info: rsrp: -91 rsrq: -10 rssi: -73 rssnr: 1
08-10 23:22:10.483 16947 16991 D cellinfo: 46 bytes from 44.241.174.93: icmp_seq=9824 ttl=26 time=86.4 ms
08-10 23:22:10.747 16947 16991 D cellinfo: 46 bytes from 44.241.174.93: icmp_seq=9825 ttl=26 time=151 ms
08-10 23:22:10.906 16947 16991 D cellinfo: 46 bytes from 44.241.174.93: icmp_seq=9826 ttl=26 time=109 ms
08-10 23:22:11.067 16947 16991 D cellinfo: 46 bytes from 44.241.174.93: icmp_seq=9827 ttl=26 time=68.5 ms
08-10 23:22:11.266 16947 16991 D cellinfo: 46 bytes from 44.241.174.93: icmp_seq=9828 ttl=26 time=68.9 ms
08-10 23:22:11.452 16947 16947 D cellinfo: Latitude is 39.9826833
08-10 23:22:11.453 16947 16947 D cellinfo: Longitude is -104.9882101
08-10 23:22:11.453 16947 16947 D cellinfo: Instantaneous GPS information: United States, Dwight D. Eisenhower Hwy, Broomfield, CO 80023, USA
08-10 23:22:11.453 16947 16947 D cellinfo: getCurrentLocation() result: Location (success): 39.9826833, -104.9882101
08-10 23:22:11.466 16947 16991 D cellinfo: 46 bytes from 44.241.174.93: icmp_seq=9829 ttl=26 time=68.0 ms
08-10 23:22:11.500 16947 16947 D cellinfo: onCellInfoChanged: Operator: Verizon Wireless UpdateTimestamp: 30164800 CellConnectionStatus: 1
08-10 23:22:11.500 16947 16947 D cellinfo: onCellInfoChanged: LTE Cell Bands: [66, 48, 48, 66] Bandwidth: 10000 Cell ID: 80714508 Physical Cell ID: 123 Tracking Area Code: 3842 EARFCN: 66586
08-10 23:22:11.665 16947 16991 D cellinfo: 46 bytes from 44.241.174.93: icmp_seq=9830 ttl=26 time=66.2 ms
08-10 23:22:11.865 16947 16991 D cellinfo: 46 bytes from 44.241.174.93: icmp_seq=9831 ttl=26 time=65.6 ms
08-10 23:22:12.067 16947 16991 D cellinfo: 46 bytes from 44.241.174.93: icmp_seq=9832 ttl=26 time=66.3 ms
08-10 23:22:12.275 16947 16991 D cellinfo: 46 bytes from 44.241.174.93: icmp_seq=9833 ttl=26 time=73.4 ms
08-10 23:22:12.481 16947 16991 D cellinfo: 46 bytes from 44.241.174.93: icmp_seq=9834 ttl=26 time=79.1 ms
08-10 23:22:12.685 16947 16991 D cellinfo: 46 bytes from 44.241.174.93: icmp_seq=9835 ttl=26 time=81.3 ms
08-10 23:22:12.689 16947 16947 D cellinfo: onServiceStateChanged: Channel Number: 66586 Cell Bandwidths: [10000, 10000, 10000, 10000]
08-10 23:22:12.871 16947 16991 D cellinfo: 46 bytes from 44.241.174.93: icmp_seq=9836 ttl=26 time=68.1 ms
08-10 23:22:13.072 16947 16991 D cellinfo: 46 bytes from 44.241.174.93: icmp_seq=9837 ttl=26 time=67.3 ms
08-10 23:22:13.280 16947 16991 D cellinfo: 46 bytes from 44.241.174.93: icmp_seq=9838 ttl=26 time=75.2 ms
08-10 23:22:13.473 16947 16991 D cellinfo: 46 bytes from 44.241.174.93: icmp_seq=9839 ttl=26 time=67.5 ms
08-10 23:22:13.625 16947 16947 D cellinfo: onsignalStrengthsChanged: LTE Signal Strength info: rsrp: -92 rsrq: -9 rssi: -75 rssnr: 8
08-10 23:22:13.680 16947 16991 D cellinfo: 46 bytes from 44.241.174.93: icmp_seq=9840 ttl=26 time=74.2 ms
08-10 23:22:13.887 16947 16991 D cellinfo: 46 bytes from 44.241.174.93: icmp_seq=9841 ttl=26 time=81.0 ms
08-10 23:22:14.072 16947 16991 D cellinfo: 46 bytes from 44.241.174.93: icmp_seq=9842 ttl=26 time=64.6 ms
08-10 23:22:14.288 16947 16991 D cellinfo: 46 bytes from 44.241.174.93: icmp_seq=9843 ttl=26 time=79.7 ms
08-10 23:22:14.473 16947 16991 D cellinfo: 46 bytes from 44.241.174.93: icmp_seq=9844 ttl=26 time=64.6 ms
08-10 23:22:14.673 16947 16991 D cellinfo: 46 bytes from 44.241.174.93: icmp_seq=9845 ttl=26 time=62.9 ms
08-10 23:22:14.873 16947 16991 D cellinfo: 46 bytes from 44.241.174.93: icmp_seq=9846 ttl=26 time=60.9 ms
08-10 23:22:14.901 16947 16947 D cellinfo: Latitude is 39.9820764
08-10 23:22:14.901 16947 16947 D cellinfo: Longitude is -104.9882101
08-10 23:22:14.901 16947 16947 D cellinfo: Instantaneous GPS information: United States, Dwight D. Eisenhower Hwy, Broomfield, CO 80023, USA
08-10 23:22:14.901 16947 16947 D cellinfo: getCurrentLocation() result: Location (success): 39.9820764, -104.9882101
08-10 23:22:14.905 16947 16947 D cellinfo: onCellInfoChanged: Operator: Verizon Wireless UpdateTimestamp: 30167799 CellConnectionStatus: 1
08-10 23:22:14.905 16947 16947 D cellinfo: onCellInfoChanged: LTE Cell Bands: [66, 66, 2, 5] Bandwidth: 10000 Cell ID: 80674582 Physical Cell ID: 199 Tracking Area Code: 3842 EARFCN: 66586
08-10 23:22:15.081 16947 16991 D cellinfo: 46 bytes from 44.241.174.93: icmp_seq=9847 ttl=26 time=69.2 ms
08-10 23:22:15.291 16947 16991 D cellinfo: 46 bytes from 44.241.174.93: icmp_seq=9848 ttl=26 time=77.4 ms
08-10 23:22:15.483 16947 16991 D cellinfo: 46 bytes from 44.241.174.93: icmp_seq=9849 ttl=26 time=69.0 ms
08-10 23:22:15.682 16947 16991 D cellinfo: 46 bytes from 44.241.174.93: icmp_seq=9850 ttl=26 time=67.3 ms
08-10 23:22:15.882 16947 16991 D cellinfo: 46 bytes from 44.241.174.93: icmp_seq=9851 ttl=26 time=66.3 ms
08-10 23:22:16.082 16947 16991 D cellinfo: 46 bytes from 44.241.174.93: icmp_seq=9852 ttl=26 time=65.9 ms
08-10 23:22:16.282 16947 16991 D cellinfo: 46 bytes from 44.241.174.93: icmp_seq=9853 ttl=26 time=65.2 ms
08-10 23:22:16.482 16947 16991 D cellinfo: 46 bytes from 44.241.174.93: icmp_seq=9854 ttl=26 time=64.1 ms
08-10 23:22:16.692 16947 16991 D cellinfo: 46 bytes from 44.241.174.93: icmp_seq=9855 ttl=26 time=73.0 ms
08-10 23:22:16.893 16947 16991 D cellinfo: 46 bytes from 44.241.174.93: icmp_seq=9856 ttl=26 time=72.7 ms
08-10 23:22:17.163 16947 16991 D cellinfo: 46 bytes from 44.241.174.93: icmp_seq=9857 ttl=26 time=142 ms
08-10 23:22:17.292 16947 16991 D cellinfo: 46 bytes from 44.241.174.93: icmp_seq=9858 ttl=26 time=70.3 ms
08-10 23:22:17.499 16947 16991 D cellinfo: 46 bytes from 44.241.174.93: icmp_seq=9859 ttl=26 time=76.9 ms
08-10 23:22:17.681 16947 16991 D cellinfo: 46 bytes from 44.241.174.93: icmp_seq=9860 ttl=26 time=57.7 ms
08-10 23:22:17.861 16947 16947 D cellinfo: Latitude is 39.9817269
08-10 23:22:17.861 16947 16947 D cellinfo: Longitude is -104.9882101
08-10 23:22:17.861 16947 16947 D cellinfo: Instantaneous GPS information: United States, Dwight D. Eisenhower Hwy, Broomfield, CO 80023, USA
08-10 23:22:17.861 16947 16947 D cellinfo: getCurrentLocation() result: Location (success): 39.9817269, -104.9882101
08-10 23:22:17.866 16947 16947 D cellinfo: onCellInfoChanged: Operator: Verizon Wireless UpdateTimestamp: 30170807 CellConnectionStatus: 1
08-10 23:22:17.866 16947 16947 D cellinfo: onCellInfoChanged: LTE Cell Bands: [66, 66, 2, 5] Bandwidth: 10000 Cell ID: 80674582 Physical Cell ID: 199 Tracking Area Code: 3842 EARFCN: 66586
08-10 23:22:17.894 16947 16991 D cellinfo: 46 bytes from 44.241.174.93: icmp_seq=9861 ttl=26 time=69.5 ms
08-10 23:22:18.093 16947 16991 D cellinfo: 46 bytes from 44.241.174.93: icmp_seq=9862 ttl=26 time=67.0 ms
08-10 23:22:18.292 16947 16991 D cellinfo: 46 bytes from 44.241.174.93: icmp_seq=9863 ttl=26 time=66.0 ms
08-10 23:22:18.498 16947 16991 D cellinfo: 46 bytes from 44.241.174.93: icmp_seq=9864 ttl=26 time=70.8 ms
08-10 23:22:18.693 16947 16991 D cellinfo: 46 bytes from 44.241.174.93: icmp_seq=9865 ttl=26 time=65.2 ms
08-10 23:22:18.902 16947 16991 D cellinfo: 46 bytes from 44.241.174.93: icmp_seq=9866 ttl=26 time=73.3 ms
08-10 23:22:19.102 16947 16991 D cellinfo: 46 bytes from 44.241.174.93: icmp_seq=9867 ttl=26 time=72.0 ms
08-10 23:22:19.302 16947 16991 D cellinfo: 46 bytes from 44.241.174.93: icmp_seq=9868 ttl=26 time=71.3 ms
08-10 23:22:19.502 16947 16991 D cellinfo: 46 bytes from 44.241.174.93: icmp_seq=9869 ttl=26 time=70.0 ms
08-10 23:22:19.702 16947 16991 D cellinfo: 46 bytes from 44.241.174.93: icmp_seq=9870 ttl=26 time=69.0 ms
08-10 23:22:19.902 16947 16991 D cellinfo: 46 bytes from 44.241.174.93: icmp_seq=9871 ttl=26 time=68.8 ms
08-10 23:22:20.102 16947 16991 D cellinfo: 46 bytes from 44.241.174.93: icmp_seq=9872 ttl=26 time=68.2 ms
08-10 23:22:20.302 16947 16991 D cellinfo: 46 bytes from 44.241.174.93: icmp_seq=9873 ttl=26 time=67.8 ms
08-10 23:22:20.501 16947 16991 D cellinfo: 46 bytes from 44.241.174.93: icmp_seq=9874 ttl=26 time=67.0 ms
08-10 23:22:20.701 16947 16991 D cellinfo: 46 bytes from 44.241.174.93: icmp_seq=9875 ttl=26 time=65.6 ms
08-10 23:22:20.887 16947 16947 D cellinfo: Latitude is 39.9818245
08-10 23:22:20.887 16947 16947 D cellinfo: Longitude is -104.9882101
08-10 23:22:20.887 16947 16947 D cellinfo: Instantaneous GPS information: United States, Northwest Pkwy, Thornton, CO 80023, USA
08-10 23:22:20.887 16947 16947 D cellinfo: getCurrentLocation() result: Location (success): 39.9818245, -104.9882101
08-10 23:22:20.890 16947 16947 D cellinfo: onCellInfoChanged: Operator: Verizon Wireless UpdateTimestamp: 30173786 CellConnectionStatus: 1
08-10 23:22:20.890 16947 16947 D cellinfo: onCellInfoChanged: LTE Cell Bands: [66, 66, 2, 5] Bandwidth: 10000 Cell ID: 80674582 Physical Cell ID: 199 Tracking Area Code: 3842 EARFCN: 66586
08-10 23:22:20.910 16947 16991 D cellinfo: 46 bytes from 44.241.174.93: icmp_seq=9876 ttl=26 time=73.7 ms
08-10 23:22:21.109 16947 16991 D cellinfo: 46 bytes from 44.241.174.93: icmp_seq=9877 ttl=26 time=73.1 ms
08-10 23:22:21.310 16947 16991 D cellinfo: 46 bytes from 44.241.174.93: icmp_seq=9878 ttl=26 time=72.3 ms
08-10 23:22:21.623 16947 16947 D cellinfo: onsignalStrengthsChanged: LTE Signal Strength info: rsrp: -102 rsrq: -15 rssi: -77 rssnr: 3
08-10 23:22:21.776 16947 16991 D cellinfo: 46 bytes from 44.241.174.93: icmp_seq=9880 ttl=26 time=136 ms
08-10 23:22:21.777 16947 16991 D cellinfo: 46 bytes from 44.241.174.93: icmp_seq=9879 ttl=26 time=338 ms
08-10 23:22:21.798 16947 16947 D cellinfo: onServiceStateChanged: Channel Number: 66586 Cell Bandwidths: [10000, 20000, 20000, 10000]
08-10 23:22:21.843 16947 16947 D cellinfo: onServiceStateChanged: Channel Number: 66586 Cell Bandwidths: [10000, 20000, 20000, 10000]
08-10 23:22:21.898 16947 16991 D cellinfo: 46 bytes from 44.241.174.93: icmp_seq=9881 ttl=26 time=56.5 ms
08-10 23:22:22.108 16947 16991 D cellinfo: 46 bytes from 44.241.174.93: icmp_seq=9882 ttl=26 time=66.9 ms
08-10 23:22:22.315 16947 16991 D cellinfo: 46 bytes from 44.241.174.93: icmp_seq=9883 ttl=26 time=73.4 ms
08-10 23:22:22.512 16947 16991 D cellinfo: 46 bytes from 44.241.174.93: icmp_seq=9884 ttl=26 time=68.5 ms
08-10 23:22:22.710 16947 16991 D cellinfo: 46 bytes from 44.241.174.93: icmp_seq=9885 ttl=26 time=65.7 ms
08-10 23:22:23.041 16947 16991 D cellinfo: 46 bytes from 44.241.174.93: icmp_seq=9886 ttl=26 time=196 ms
08-10 23:22:23.108 16947 16991 D cellinfo: 46 bytes from 44.241.174.93: icmp_seq=9887 ttl=26 time=64.1 ms
08-10 23:22:23.317 16947 16991 D cellinfo: 46 bytes from 44.241.174.93: icmp_seq=9888 ttl=26 time=71.9 ms
08-10 23:22:23.488 16947 16947 D cellinfo: onCellInfoChanged: Operator: Verizon Wireless UpdateTimestamp: 30176788 CellConnectionStatus: 1
08-10 23:22:23.488 16947 16947 D cellinfo: onCellInfoChanged: LTE Cell Bands: [66, 48, 48, 66] Bandwidth: 10000 Cell ID: 80714508 Physical Cell ID: 123 Tracking Area Code: 3842 EARFCN: 66586
08-10 23:22:23.519 16947 16991 D cellinfo: 46 bytes from 44.241.174.93: icmp_seq=9889 ttl=26 time=73.7 ms
08-10 23:22:23.714 16947 16991 D cellinfo: 46 bytes from 44.241.174.93: icmp_seq=9890 ttl=26 time=67.4 ms
08-10 23:22:23.918 16947 16991 D cellinfo: 46 bytes from 44.241.174.93: icmp_seq=9891 ttl=26 time=70.2 ms
08-10 23:22:24.118 16947 16991 D cellinfo: 46 bytes from 44.241.174.93: icmp_seq=9892 ttl=26 time=69.9 ms
08-10 23:22:24.319 16947 16991 D cellinfo: 46 bytes from 44.241.174.93: icmp_seq=9893 ttl=26 time=69.9 ms
08-10 23:22:24.524 16947 16991 D cellinfo: 46 bytes from 44.241.174.93: icmp_seq=9894 ttl=26 time=74.4 ms
08-10 23:22:24.584 16947 16947 D cellinfo: Latitude is 39.9781301
08-10 23:22:24.584 16947 16947 D cellinfo: Longitude is -104.9881617
08-10 23:22:24.584 16947 16947 D cellinfo: Instantaneous GPS information: United States, Dwight D. Eisenhower Hwy, Broomfield, CO 80023, USA
08-10 23:22:24.584 16947 16947 D cellinfo: getCurrentLocation() result: Location (success): 39.9781301, -104.9881617
08-10 23:22:24.718 16947 16991 D cellinfo: 46 bytes from 44.241.174.93: icmp_seq=9895 ttl=26 time=68.1 ms
08-10 23:22:24.788 16947 16947 D cellinfo: onsignalStrengthsChanged: LTE Signal Strength info: rsrp: -84 rsrq: -8 rssi: -69 rssnr: -1
08-10 23:22:24.919 16947 16991 D cellinfo: 46 bytes from 44.241.174.93: icmp_seq=9896 ttl=26 time=68.5 ms
08-10 23:22:25.128 16947 16991 D cellinfo: 46 bytes from 44.241.174.93: icmp_seq=9897 ttl=26 time=76.5 ms
08-10 23:22:25.317 16947 16991 D cellinfo: 46 bytes from 44.241.174.93: icmp_seq=9898 ttl=26 time=65.7 ms
08-10 23:22:25.524 16947 16991 D cellinfo: 46 bytes from 44.241.174.93: icmp_seq=9899 ttl=26 time=71.9 ms
08-10 23:22:25.718 16947 16991 D cellinfo: 46 bytes from 44.241.174.93: icmp_seq=9900 ttl=26 time=64.4 ms
08-10 23:22:25.929 16947 16991 D cellinfo: 46 bytes from 44.241.174.93: icmp_seq=9901 ttl=26 time=74.8 ms
08-10 23:22:26.119 16947 16991 D cellinfo: 46 bytes from 44.241.174.93: icmp_seq=9902 ttl=26 time=63.5 ms
08-10 23:22:26.327 16947 16991 D cellinfo: 46 bytes from 44.241.174.93: icmp_seq=9903 ttl=26 time=71.8 ms
08-10 23:22:26.452 16947 16947 D cellinfo: Latitude is 39.9781301
08-10 23:22:26.452 16947 16947 D cellinfo: Longitude is -104.9881617
08-10 23:22:26.452 16947 16947 D cellinfo: Instantaneous GPS information: United States, Dwight D. Eisenhower Hwy, Broomfield, CO 80023, USA
08-10 23:22:26.452 16947 16947 D cellinfo: getCurrentLocation() result: Location (success): 39.9781301, -104.9881617
08-10 23:22:26.489 16947 16947 D cellinfo: onCellInfoChanged: Operator: Verizon Wireless UpdateTimestamp: 30179791 CellConnectionStatus: 1
08-10 23:22:26.490 16947 16947 D cellinfo: onCellInfoChanged: LTE Cell Bands: [66, 48, 48, 66] Bandwidth: 10000 Cell ID: 80714508 Physical Cell ID: 123 Tracking Area Code: 3842 EARFCN: 66586
08-10 23:22:26.539 16947 16991 D cellinfo: 46 bytes from 44.241.174.93: icmp_seq=9904 ttl=26 time=82.7 ms
08-10 23:22:26.729 16947 16991 D cellinfo: 46 bytes from 44.241.174.93: icmp_seq=9905 ttl=26 time=72.4 ms
08-10 23:22:26.927 16947 16991 D cellinfo: 46 bytes from 44.241.174.93: icmp_seq=9906 ttl=26 time=69.9 ms
08-10 23:22:27.128 16947 16991 D cellinfo: 46 bytes from 44.241.174.93: icmp_seq=9907 ttl=26 time=69.2 ms
08-10 23:22:27.328 16947 16991 D cellinfo: 46 bytes from 44.241.174.93: icmp_seq=9908 ttl=26 time=69.1 ms
08-10 23:22:27.541 16947 16991 D cellinfo: 46 bytes from 44.241.174.93: icmp_seq=9909 ttl=26 time=80.6 ms
08-10 23:22:27.728 16947 16991 D cellinfo: 46 bytes from 44.241.174.93: icmp_seq=9910 ttl=26 time=66.7 ms
08-10 23:22:27.928 16947 16991 D cellinfo: 46 bytes from 44.241.174.93: icmp_seq=9911 ttl=26 time=66.2 ms
08-10 23:22:28.128 16947 16991 D cellinfo: 46 bytes from 44.241.174.93: icmp_seq=9912 ttl=26 time=65.0 ms
08-10 23:22:28.328 16947 16991 D cellinfo: 46 bytes from 44.241.174.93: icmp_seq=9913 ttl=26 time=64.6 ms
08-10 23:22:28.548 16947 16991 D cellinfo: 46 bytes from 44.241.174.93: icmp_seq=9914 ttl=26 time=83.7 ms
08-10 23:22:28.737 16947 16991 D cellinfo: 46 bytes from 44.241.174.93: icmp_seq=9915 ttl=26 time=71.8 ms
08-10 23:22:28.788 16947 16947 D cellinfo: onsignalStrengthsChanged: LTE Signal Strength info: rsrp: -88 rsrq: -11 rssi: -69 rssnr: -2
08-10 23:22:28.939 16947 16991 D cellinfo: 46 bytes from 44.241.174.93: icmp_seq=9916 ttl=26 time=72.9 ms
08-10 23:22:29.139 16947 16991 D cellinfo: 46 bytes from 44.241.174.93: icmp_seq=9917 ttl=26 time=72.4 ms
08-10 23:22:29.339 16947 16991 D cellinfo: 46 bytes from 44.241.174.93: icmp_seq=9918 ttl=26 time=71.6 ms
08-10 23:22:29.547 16947 16991 D cellinfo: 46 bytes from 44.241.174.93: icmp_seq=9919 ttl=26 time=79.7 ms
08-10 23:22:29.738 16947 16991 D cellinfo: 46 bytes from 44.241.174.93: icmp_seq=9920 ttl=26 time=69.6 ms
08-10 23:22:29.851 16947 16947 D cellinfo: Latitude is 39.9776103
08-10 23:22:29.851 16947 16947 D cellinfo: Longitude is -104.9881617
08-10 23:22:29.851 16947 16947 D cellinfo: Instantaneous GPS information: United States, Dwight D. Eisenhower Hwy, Broomfield, CO 80023, USA
08-10 23:22:29.851 16947 16947 D cellinfo: getCurrentLocation() result: Location (success): 39.9776103, -104.9881617
08-10 23:22:29.854 16947 16947 D cellinfo: onCellInfoChanged: Operator: Verizon Wireless UpdateTimestamp: 30182798 CellConnectionStatus: 1
08-10 23:22:29.854 16947 16947 D cellinfo: onCellInfoChanged: LTE Cell Bands: [66, 48, 48, 66] Bandwidth: 10000 Cell ID: 80714508 Physical Cell ID: 123 Tracking Area Code: 3842 EARFCN: 66586
08-10 23:22:29.937 16947 16991 D cellinfo: 46 bytes from 44.241.174.93: icmp_seq=9921 ttl=26 time=68.4 ms
08-10 23:22:30.138 16947 16991 D cellinfo: 46 bytes from 44.241.174.93: icmp_seq=9922 ttl=26 time=67.8 ms
08-10 23:22:30.337 16947 16991 D cellinfo: 46 bytes from 44.241.174.93: icmp_seq=9923 ttl=26 time=66.5 ms
08-10 23:22:30.552 16947 16991 D cellinfo: 46 bytes from 44.241.174.93: icmp_seq=9924 ttl=26 time=79.7 ms
08-10 23:22:30.742 16947 16991 D cellinfo: 46 bytes from 44.241.174.93: icmp_seq=9925 ttl=26 time=69.0 ms
08-10 23:22:30.940 16947 16991 D cellinfo: 46 bytes from 44.241.174.93: icmp_seq=9926 ttl=26 time=65.4 ms
08-10 23:22:31.144 16947 16991 D cellinfo: 46 bytes from 44.241.174.93: icmp_seq=9927 ttl=26 time=68.3 ms
08-10 23:22:31.348 16947 16991 D cellinfo: 46 bytes from 44.241.174.93: icmp_seq=9928 ttl=26 time=71.2 ms
08-10 23:22:31.563 16947 16991 D cellinfo: 46 bytes from 44.241.174.93: icmp_seq=9929 ttl=26 time=85.9 ms
08-10 23:22:31.748 16947 16991 D cellinfo: 46 bytes from 44.241.174.93: icmp_seq=9930 ttl=26 time=69.6 ms
08-10 23:22:31.948 16947 16991 D cellinfo: 46 bytes from 44.241.174.93: icmp_seq=9931 ttl=26 time=69.2 ms
08-10 23:22:32.148 16947 16991 D cellinfo: 46 bytes from 44.241.174.93: icmp_seq=9932 ttl=26 time=67.9 ms
08-10 23:22:32.351 16947 16991 D cellinfo: 46 bytes from 44.241.174.93: icmp_seq=9933 ttl=26 time=70.6 ms
08-10 23:22:32.574 16947 16991 D cellinfo: 46 bytes from 44.241.174.93: icmp_seq=9934 ttl=26 time=92.8 ms
08-10 23:22:32.755 16947 16991 D cellinfo: 46 bytes from 44.241.174.93: icmp_seq=9935 ttl=26 time=72.4 ms
08-10 23:22:32.801 16947 16947 D cellinfo: Latitude is 39.9771837
08-10 23:22:32.801 16947 16947 D cellinfo: Longitude is -104.9881617
08-10 23:22:32.801 16947 16947 D cellinfo: Instantaneous GPS information: United States, Dwight D. Eisenhower Hwy, Broomfield, CO 80023, USA
08-10 23:22:32.801 16947 16947 D cellinfo: getCurrentLocation() result: Location (success): 39.9771837, -104.9881617
08-10 23:22:32.804 16947 16947 D cellinfo: onCellInfoChanged: Operator: Verizon Wireless UpdateTimestamp: 30185788 CellConnectionStatus: 1
08-10 23:22:32.804 16947 16947 D cellinfo: onCellInfoChanged: LTE Cell Bands: [66, 48, 48, 66] Bandwidth: 10000 Cell ID: 80714508 Physical Cell ID: 123 Tracking Area Code: 3842 EARFCN: 66586
08-10 23:22:32.804 16947 16947 D cellinfo: onsignalStrengthsChanged: LTE Signal Strength info: rsrp: -73 rsrq: -8 rssi: -53 rssnr: 5
08-10 23:22:32.948 16947 16991 D cellinfo: 46 bytes from 44.241.174.93: icmp_seq=9936 ttl=26 time=64.9 ms
08-10 23:22:33.147 16947 16991 D cellinfo: 46 bytes from 44.241.174.93: icmp_seq=9937 ttl=26 time=64.0 ms
08-10 23:22:33.351 16947 16991 D cellinfo: 46 bytes from 44.241.174.93: icmp_seq=9938 ttl=26 time=67.3 ms
08-10 23:22:33.548 16947 16991 D cellinfo: 46 bytes from 44.241.174.93: icmp_seq=9939 ttl=26 time=63.5 ms
08-10 23:22:33.748 16947 16991 D cellinfo: 46 bytes from 44.241.174.93: icmp_seq=9940 ttl=26 time=61.5 ms
08-10 23:22:33.948 16947 16991 D cellinfo: 46 bytes from 44.241.174.93: icmp_seq=9941 ttl=26 time=61.1 ms
08-10 23:22:34.160 16947 16991 D cellinfo: 46 bytes from 44.241.174.93: icmp_seq=9942 ttl=26 time=72.2 ms
08-10 23:22:34.358 16947 16991 D cellinfo: 46 bytes from 44.241.174.93: icmp_seq=9943 ttl=26 time=69.3 ms
08-10 23:22:34.559 16947 16991 D cellinfo: 46 bytes from 44.241.174.93: icmp_seq=9944 ttl=26 time=69.4 ms
08-10 23:22:34.761 16947 16991 D cellinfo: 46 bytes from 44.241.174.93: icmp_seq=9945 ttl=26 time=70.1 ms
08-10 23:22:34.966 16947 16991 D cellinfo: 46 bytes from 44.241.174.93: icmp_seq=9946 ttl=26 time=74.0 ms
08-10 23:22:35.158 16947 16991 D cellinfo: 46 bytes from 44.241.174.93: icmp_seq=9947 ttl=26 time=65.1 ms
08-10 23:22:35.359 16947 16991 D cellinfo: 46 bytes from 44.241.174.93: icmp_seq=9948 ttl=26 time=64.8 ms
08-10 23:22:35.562 16947 16991 D cellinfo: 46 bytes from 44.241.174.93: icmp_seq=9949 ttl=26 time=67.3 ms
08-10 23:22:35.755 16947 16991 D cellinfo: 46 bytes from 44.241.174.93: icmp_seq=9950 ttl=26 time=58.1 ms
08-10 23:22:35.883 16947 16947 D cellinfo: Latitude is 39.9772604
08-10 23:22:35.883 16947 16947 D cellinfo: Longitude is -104.9881617
08-10 23:22:35.883 16947 16947 D cellinfo: Instantaneous GPS information: United States, Dwight D. Eisenhower Hwy, Broomfield, CO 80023, USA
08-10 23:22:35.883 16947 16947 D cellinfo: getCurrentLocation() result: Location (success): 39.9772604, -104.9881617
08-10 23:22:35.886 16947 16947 D cellinfo: onCellInfoChanged: Operator: Verizon Wireless UpdateTimestamp: 30188803 CellConnectionStatus: 1
08-10 23:22:35.887 16947 16947 D cellinfo: onCellInfoChanged: LTE Cell Bands: [66, 48, 66] Bandwidth: 10000 Cell ID: 80714508 Physical Cell ID: 123 Tracking Area Code: 3842 EARFCN: 66586
08-10 23:22:35.973 16947 16991 D cellinfo: 46 bytes from 44.241.174.93: icmp_seq=9951 ttl=26 time=75.3 ms
08-10 23:22:36.171 16947 16991 D cellinfo: 46 bytes from 44.241.174.93: icmp_seq=9952 ttl=26 time=73.1 ms
08-10 23:22:36.369 16947 16991 D cellinfo: 46 bytes from 44.241.174.93: icmp_seq=9953 ttl=26 time=69.8 ms
08-10 23:22:36.585 16947 16991 D cellinfo: 46 bytes from 44.241.174.93: icmp_seq=9954 ttl=26 time=85.5 ms
08-10 23:22:36.785 16947 16991 D cellinfo: 46 bytes from 44.241.174.93: icmp_seq=9955 ttl=26 time=85.1 ms
08-10 23:22:37.091 16947 16991 D cellinfo: 46 bytes from 44.241.174.93: icmp_seq=9956 ttl=26 time=189 ms
08-10 23:22:37.169 16947 16991 D cellinfo: 46 bytes from 44.241.174.93: icmp_seq=9957 ttl=26 time=68.2 ms
08-10 23:22:37.369 16947 16991 D cellinfo: 46 bytes from 44.241.174.93: icmp_seq=9958 ttl=26 time=67.3 ms
08-10 23:22:37.569 16947 16991 D cellinfo: 46 bytes from 44.241.174.93: icmp_seq=9959 ttl=26 time=67.0 ms
08-10 23:22:37.766 16947 16991 D cellinfo: 46 bytes from 44.241.174.93: icmp_seq=9960 ttl=26 time=63.2 ms
08-10 23:22:37.976 16947 16991 D cellinfo: 46 bytes from 44.241.174.93: icmp_seq=9961 ttl=26 time=71.9 ms
08-10 23:22:38.168 16947 16991 D cellinfo: 46 bytes from 44.241.174.93: icmp_seq=9962 ttl=26 time=63.0 ms
08-10 23:22:38.368 16947 16991 D cellinfo: 46 bytes from 44.241.174.93: icmp_seq=9963 ttl=26 time=62.7 ms
08-10 23:22:38.495 16947 16947 D cellinfo: onCellInfoChanged: Operator: Verizon Wireless UpdateTimestamp: 30191796 CellConnectionStatus: 1
08-10 23:22:38.496 16947 16947 D cellinfo: onCellInfoChanged: LTE Cell Bands: [66, 48, 66] Bandwidth: 10000 Cell ID: 80714508 Physical Cell ID: 123 Tracking Area Code: 3842 EARFCN: 66586
08-10 23:22:38.574 16947 16991 D cellinfo: 46 bytes from 44.241.174.93: icmp_seq=9964 ttl=26 time=68.1 ms
08-10 23:22:38.779 16947 16991 D cellinfo: 46 bytes from 44.241.174.93: icmp_seq=9965 ttl=26 time=72.3 ms
08-10 23:22:38.977 16947 16991 D cellinfo: 46 bytes from 44.241.174.93: icmp_seq=9966 ttl=26 time=70.0 ms
08-10 23:22:39.178 16947 16991 D cellinfo: 46 bytes from 44.241.174.93: icmp_seq=9967 ttl=26 time=69.6 ms
08-10 23:22:39.369 16947 16991 D cellinfo: 46 bytes from 44.241.174.93: icmp_seq=9968 ttl=26 time=58.6 ms
08-10 23:22:39.579 16947 16991 D cellinfo: 46 bytes from 44.241.174.93: icmp_seq=9969 ttl=26 time=67.6 ms
08-10 23:22:39.591 16947 16947 D cellinfo: Latitude is 39.9739501
08-10 23:22:39.591 16947 16947 D cellinfo: Longitude is -104.988167
08-10 23:22:39.591 16947 16947 D cellinfo: Instantaneous GPS information: United States, 15300 Bannock St, Broomfield, CO 80023, USA
08-10 23:22:39.591 16947 16947 D cellinfo: getCurrentLocation() result: Location (success): 39.9739501, -104.988167
08-10 23:22:39.778 16947 16991 D cellinfo: 46 bytes from 44.241.174.93: icmp_seq=9970 ttl=26 time=66.3 ms
08-10 23:22:39.979 16947 16991 D cellinfo: 46 bytes from 44.241.174.93: icmp_seq=9971 ttl=26 time=66.4 ms
08-10 23:22:40.178 16947 16991 D cellinfo: 46 bytes from 44.241.174.93: icmp_seq=9972 ttl=26 time=64.5 ms
08-10 23:22:40.379 16947 16991 D cellinfo: 46 bytes from 44.241.174.93: icmp_seq=9973 ttl=26 time=64.4 ms
08-10 23:22:40.585 16947 16991 D cellinfo: 46 bytes from 44.241.174.93: icmp_seq=9974 ttl=26 time=68.7 ms
08-10 23:22:40.788 16947 16991 D cellinfo: 46 bytes from 44.241.174.93: icmp_seq=9975 ttl=26 time=71.4 ms
08-10 23:22:40.988 16947 16991 D cellinfo: 46 bytes from 44.241.174.93: icmp_seq=9976 ttl=26 time=71.2 ms
08-10 23:22:41.188 16947 16991 D cellinfo: 46 bytes from 44.241.174.93: icmp_seq=9977 ttl=26 time=70.1 ms
08-10 23:22:41.405 16947 16991 D cellinfo: 46 bytes from 44.241.174.93: icmp_seq=9978 ttl=26 time=85.5 ms
08-10 23:22:41.454 16947 16947 D cellinfo: Latitude is 39.9739501
08-10 23:22:41.454 16947 16947 D cellinfo: Longitude is -104.988167
08-10 23:22:41.454 16947 16947 D cellinfo: Instantaneous GPS information: United States, 15300 Bannock St, Broomfield, CO 80023, USA
08-10 23:22:41.454 16947 16947 D cellinfo: getCurrentLocation() result: Location (success): 39.9739501, -104.988167
08-10 23:22:41.488 16947 16947 D cellinfo: onCellInfoChanged: Operator: Verizon Wireless UpdateTimestamp: 30194787 CellConnectionStatus: 1
08-10 23:22:41.488 16947 16947 D cellinfo: onCellInfoChanged: LTE Cell Bands: [66, 48, 66] Bandwidth: 10000 Cell ID: 80714508 Physical Cell ID: 123 Tracking Area Code: 3842 EARFCN: 66586
08-10 23:22:41.602 16947 16991 D cellinfo: 46 bytes from 44.241.174.93: icmp_seq=9979 ttl=26 time=82.5 ms
08-10 23:22:41.786 16947 16947 D cellinfo: onsignalStrengthsChanged: LTE Signal Strength info: rsrp: -53 rsrq: -9 rssi: -51 rssnr: 4
08-10 23:22:41.797 16947 16991 D cellinfo: 46 bytes from 44.241.174.93: icmp_seq=9980 ttl=26 time=76.3 ms
08-10 23:22:41.997 16947 16991 D cellinfo: 46 bytes from 44.241.174.93: icmp_seq=9981 ttl=26 time=75.2 ms
08-10 23:22:42.213 16947 16991 D cellinfo: 46 bytes from 44.241.174.93: icmp_seq=9982 ttl=26 time=90.3 ms
08-10 23:22:42.470 16947 16991 D cellinfo: 46 bytes from 44.241.174.93: icmp_seq=9983 ttl=26 time=146 ms
08-10 23:22:42.603 16947 16991 D cellinfo: 46 bytes from 44.241.174.93: icmp_seq=9984 ttl=26 time=78.3 ms
08-10 23:22:42.788 16947 16991 D cellinfo: 46 bytes from 44.241.174.93: icmp_seq=9985 ttl=26 time=62.2 ms
08-10 23:22:43.009 16947 16991 D cellinfo: 46 bytes from 44.241.174.93: icmp_seq=9986 ttl=26 time=82.5 ms
08-10 23:22:43.198 16947 16991 D cellinfo: 46 bytes from 44.241.174.93: icmp_seq=9987 ttl=26 time=71.8 ms
08-10 23:22:43.406 16947 16991 D cellinfo: 46 bytes from 44.241.174.93: icmp_seq=9988 ttl=26 time=79.4 ms
08-10 23:22:43.599 16947 16991 D cellinfo: 46 bytes from 44.241.174.93: icmp_seq=9989 ttl=26 time=71.1 ms
08-10 23:22:43.799 16947 16991 D cellinfo: 46 bytes from 44.241.174.93: icmp_seq=9990 ttl=26 time=70.8 ms
08-10 23:22:44.088 16947 16991 D cellinfo: 46 bytes from 44.241.174.93: icmp_seq=9991 ttl=26 time=159 ms
08-10 23:22:44.206 16947 16991 D cellinfo: 46 bytes from 44.241.174.93: icmp_seq=9992 ttl=26 time=77.9 ms
08-10 23:22:44.408 16947 16991 D cellinfo: 46 bytes from 44.241.174.93: icmp_seq=9993 ttl=26 time=79.6 ms
08-10 23:22:44.660 16947 16991 D cellinfo: 46 bytes from 44.241.174.93: icmp_seq=9994 ttl=26 time=130 ms
08-10 23:22:44.809 16947 16991 D cellinfo: 46 bytes from 44.241.174.93: icmp_seq=9995 ttl=26 time=79.2 ms
08-10 23:22:45.080 16947 16991 D cellinfo: 46 bytes from 44.241.174.93: icmp_seq=9996 ttl=26 time=149 ms
08-10 23:22:45.194 16947 16991 D cellinfo: 46 bytes from 44.241.174.93: icmp_seq=9997 ttl=26 time=64.6 ms
08-10 23:22:45.195 16947 16947 D cellinfo: Latitude is 39.9734543
08-10 23:22:45.195 16947 16947 D cellinfo: Longitude is -104.988167
08-10 23:22:45.195 16947 16947 D cellinfo: Instantaneous GPS information: United States, 15280 Bannock St, Broomfield, CO 80023, USA
08-10 23:22:45.195 16947 16947 D cellinfo: getCurrentLocation() result: Location (success): 39.9734543, -104.988167
08-10 23:22:45.197 16947 16947 D cellinfo: onCellInfoChanged: Operator: Verizon Wireless UpdateTimestamp: 30197789 CellConnectionStatus: 1
08-10 23:22:45.197 16947 16947 D cellinfo: onCellInfoChanged: LTE Cell Bands: [66, 48, 66] Bandwidth: 10000 Cell ID: 80714508 Physical Cell ID: 123 Tracking Area Code: 3842 EARFCN: 66586
08-10 23:22:45.643 16947 16991 D cellinfo: 46 bytes from 44.241.174.93: icmp_seq=9998 ttl=26 time=312 ms
08-10 23:22:45.644 16947 16991 D cellinfo: 46 bytes from 44.241.174.93: icmp_seq=9999 ttl=26 time=110 ms
08-10 23:22:45.915 16947 16991 D cellinfo: 46 bytes from 44.241.174.93: icmp_seq=10000 ttl=26 time=182 ms
08-10 23:22:46.008 16947 16991 D cellinfo: 46 bytes from 44.241.174.93: icmp_seq=10001 ttl=26 time=73.7 ms
08-10 23:22:46.198 16947 16991 D cellinfo: 46 bytes from 44.241.174.93: icmp_seq=10002 ttl=26 time=64.5 ms
08-10 23:22:46.398 16947 16991 D cellinfo: 46 bytes from 44.241.174.93: icmp_seq=10003 ttl=26 time=64.4 ms
08-10 23:22:46.790 16947 16947 D cellinfo: onsignalStrengthsChanged: LTE Signal Strength info: rsrp: -71 rsrq: -17 rssi: -51 rssnr: -1
08-10 23:22:47.531 16947 16991 D cellinfo: 46 bytes from 44.241.174.93: icmp_seq=10004 ttl=26 time=997 ms
08-10 23:22:47.531 16947 16991 D cellinfo: 46 bytes from 44.241.174.93: icmp_seq=10005 ttl=26 time=794 ms
08-10 23:22:47.533 16947 16991 D cellinfo: 46 bytes from 44.241.174.93: icmp_seq=10006 ttl=26 time=593 ms
08-10 23:22:47.533 16947 16991 D cellinfo: 46 bytes from 44.241.174.93: icmp_seq=10007 ttl=26 time=389 ms
08-10 23:22:47.536 16947 16991 D cellinfo: 46 bytes from 44.241.174.93: icmp_seq=10008 ttl=26 time=188 ms
08-10 23:22:47.636 16947 16991 D cellinfo: 46 bytes from 44.241.174.93: icmp_seq=10009 ttl=26 time=86.8 ms
08-10 23:22:47.822 16947 16991 D cellinfo: 46 bytes from 44.241.174.93: icmp_seq=10010 ttl=26 time=71.9 ms
08-10 23:22:47.962 16947 16947 D cellinfo: Latitude is 39.9730483
08-10 23:22:47.962 16947 16947 D cellinfo: Longitude is -104.988167
