08-10 23:24:35.813  5222  5222 D cellinfo: Instantaneous GPS information: United States, US-87, Westminster, CO, USA
08-10 23:24:35.813  5222  5222 D cellinfo: getCurrentLocation() result: Location (success): 39.94251, -104.9880982
08-10 23:24:35.816  5222  5222 D cellinfo: onCellInfoChanged: Operator: AT&T...1 UpdateTimestamp: 200148227 CellConnectionStatus: 0
08-10 23:24:35.816  5222  5222 D cellinfo: onCellInfoChanged: LTE Cell Bands: [2] Bandwidth: 2147483647 Cell ID: 97600776 Physical Cell ID: 465 Tracking Area Code: 38420 EARFCN: 700
08-10 23:24:35.829  5222  5222 D cellinfo: Latitude is 39.94251
08-10 23:24:35.829  5222  5222 D cellinfo: Longitude is -104.9880982
08-10 23:24:35.829  5222  5222 D cellinfo: Instantaneous GPS information: United States, US-87, Westminster, CO, USA
08-10 23:24:35.829  5222  5222 D cellinfo: getCurrentLocation() result: Location (success): 39.94251, -104.9880982
08-10 23:24:35.969  5222  5321 D cellinfo: 46 bytes from 44.241.174.93: icmp_seq=17808 ttl=32 time=104 ms
08-10 23:24:36.175  5222  5321 D cellinfo: 46 bytes from 44.241.174.93: icmp_seq=17809 ttl=32 time=109 ms
08-10 23:24:36.363  5222  5321 D cellinfo: 46 bytes from 44.241.174.93: icmp_seq=17810 ttl=32 time=97.2 ms
08-10 23:24:36.578  5222  5321 D cellinfo: 46 bytes from 44.241.174.93: icmp_seq=17811 ttl=32 time=110 ms
08-10 23:24:36.735  5222  5222 D cellinfo: onsignalStrengthsChanged: LTE Signal Strength info: rsrp: -114 rsrq: -15 rssi: -75 rssnr: -3
08-10 23:24:36.814  5222  5321 D cellinfo: 46 bytes from 44.241.174.93: icmp_seq=17812 ttl=32 time=146 ms
08-10 23:24:36.974  5222  5321 D cellinfo: 46 bytes from 44.241.174.93: icmp_seq=17813 ttl=32 time=107 ms
08-10 23:24:37.176  5222  5321 D cellinfo: 46 bytes from 44.241.174.93: icmp_seq=17814 ttl=32 time=105 ms
08-10 23:24:37.378  5222  5321 D cellinfo: 46 bytes from 44.241.174.93: icmp_seq=17815 ttl=32 time=106 ms
08-10 23:24:37.575  5222  5321 D cellinfo: 46 bytes from 44.241.174.93: icmp_seq=17816 ttl=32 time=102 ms
08-10 23:24:37.776  5222  5321 D cellinfo: 46 bytes from 44.241.174.93: icmp_seq=17817 ttl=32 time=101 ms
08-10 23:24:37.974  5222  5321 D cellinfo: 46 bytes from 44.241.174.93: icmp_seq=17818 ttl=32 time=100 ms
08-10 23:24:38.175  5222  5321 D cellinfo: 46 bytes from 44.241.174.93: icmp_seq=17819 ttl=32 time=100 ms
08-10 23:24:38.415  5222  5321 D cellinfo: 46 bytes from 44.241.174.93: icmp_seq=17820 ttl=32 time=138 ms
08-10 23:24:38.446  5222  5222 D cellinfo: Latitude is 39.94251
08-10 23:24:38.446  5222  5222 D cellinfo: Longitude is -104.9880982
08-10 23:24:38.446  5222  5222 D cellinfo: Instantaneous GPS information: United States, US-87, Westminster, CO, USA
08-10 23:24:38.446  5222  5222 D cellinfo: getCurrentLocation() result: Location (success): 39.94251, -104.9880982
08-10 23:24:38.485  5222  5222 D cellinfo: onCellInfoChanged: Operator: AT&T...1 UpdateTimestamp: 200151222 CellConnectionStatus: 0
08-10 23:24:38.485  5222  5222 D cellinfo: onCellInfoChanged: LTE Cell Bands: [2] Bandwidth: 2147483647 Cell ID: 97600776 Physical Cell ID: 465 Tracking Area Code: 38420 EARFCN: 700
08-10 23:24:38.574  5222  5321 D cellinfo: 46 bytes from 44.241.174.93: icmp_seq=17821 ttl=32 time=98.8 ms
08-10 23:24:38.779  5222  5321 D cellinfo: 46 bytes from 44.241.174.93: icmp_seq=17822 ttl=32 time=102 ms
08-10 23:24:39.016  5222  5321 D cellinfo: 46 bytes from 44.241.174.93: icmp_seq=17823 ttl=32 time=137 ms
08-10 23:24:39.216  5222  5321 D cellinfo: 46 bytes from 44.241.174.93: icmp_seq=17824 ttl=32 time=137 ms
08-10 23:24:39.379  5222  5321 D cellinfo: 46 bytes from 44.241.174.93: icmp_seq=17825 ttl=32 time=101 ms
08-10 23:24:39.600  5222  5321 D cellinfo: 46 bytes from 44.241.174.93: icmp_seq=17826 ttl=32 time=119 ms
08-10 23:24:39.800  5222  5321 D cellinfo: 46 bytes from 44.241.174.93: icmp_seq=17827 ttl=32 time=119 ms
08-10 23:24:39.982  5222  5321 D cellinfo: 46 bytes from 44.241.174.93: icmp_seq=17828 ttl=32 time=101 ms
08-10 23:24:40.180  5222  5321 D cellinfo: 46 bytes from 44.241.174.93: icmp_seq=17829 ttl=32 time=98.7 ms
08-10 23:24:40.414  5222  5321 D cellinfo: 46 bytes from 44.241.174.93: icmp_seq=17830 ttl=32 time=130 ms
08-10 23:24:40.580  5222  5321 D cellinfo: 46 bytes from 44.241.174.93: icmp_seq=17831 ttl=32 time=93.7 ms
08-10 23:24:40.823  5222  5321 D cellinfo: 46 bytes from 44.241.174.93: icmp_seq=17832 ttl=32 time=135 ms
08-10 23:24:40.994  5222  5222 D cellinfo: onsignalStrengthsChanged: LTE Signal Strength info: rsrp: -112 rsrq: -15 rssi: -69 rssnr: -1
08-10 23:24:41.015  5222  5321 D cellinfo: 46 bytes from 44.241.174.93: icmp_seq=17833 ttl=32 time=126 ms
08-10 23:24:41.215  5222  5321 D cellinfo: 46 bytes from 44.241.174.93: icmp_seq=17834 ttl=32 time=126 ms
08-10 23:24:41.220  5222  5222 D cellinfo: onsignalStrengthsChanged: LTE Signal Strength info: rsrp: -109 rsrq: -15 rssi: -69 rssnr: 0
08-10 23:24:41.415  5222  5321 D cellinfo: 46 bytes from 44.241.174.93: icmp_seq=17835 ttl=32 time=125 ms
08-10 23:24:41.439  5222  5222 D cellinfo: Latitude is 39.94251
08-10 23:24:41.439  5222  5222 D cellinfo: Longitude is -104.9880982
08-10 23:24:41.439  5222  5222 D cellinfo: Instantaneous GPS information: United States, US-87, Westminster, CO, USA
08-10 23:24:41.439  5222  5222 D cellinfo: getCurrentLocation() result: Location (success): 39.94251, -104.9880982
08-10 23:24:41.463  5222  5222 D cellinfo: onCellInfoChanged: Operator: AT&T...1 UpdateTimestamp: 200154203 CellConnectionStatus: 0
08-10 23:24:41.464  5222  5222 D cellinfo: onCellInfoChanged: LTE Cell Bands: [2] Bandwidth: 2147483647 Cell ID: 97600776 Physical Cell ID: 465 Tracking Area Code: 38420 EARFCN: 700
08-10 23:24:41.614  5222  5321 D cellinfo: 46 bytes from 44.241.174.93: icmp_seq=17836 ttl=32 time=124 ms
08-10 23:24:41.814  5222  5321 D cellinfo: 46 bytes from 44.241.174.93: icmp_seq=17837 ttl=32 time=124 ms
08-10 23:24:42.016  5222  5321 D cellinfo: 46 bytes from 44.241.174.93: icmp_seq=17838 ttl=32 time=124 ms
08-10 23:24:42.216  5222  5321 D cellinfo: 46 bytes from 44.241.174.93: icmp_seq=17839 ttl=32 time=124 ms
08-10 23:24:42.415  5222  5321 D cellinfo: 46 bytes from 44.241.174.93: icmp_seq=17840 ttl=32 time=122 ms
08-10 23:24:42.616  5222  5321 D cellinfo: 46 bytes from 44.241.174.93: icmp_seq=17841 ttl=32 time=122 ms
08-10 23:24:42.854  5222  5321 D cellinfo: 46 bytes from 44.241.174.93: icmp_seq=17842 ttl=32 time=161 ms
08-10 23:24:43.015  5222  5321 D cellinfo: 46 bytes from 44.241.174.93: icmp_seq=17843 ttl=32 time=121 ms
08-10 23:24:43.215  5222  5321 D cellinfo: 46 bytes from 44.241.174.93: icmp_seq=17844 ttl=32 time=121 ms
08-10 23:24:43.415  5222  5321 D cellinfo: 46 bytes from 44.241.174.93: icmp_seq=17845 ttl=32 time=119 ms
08-10 23:24:43.456  5222  5222 D cellinfo: onsignalStrengthsChanged: LTE Signal Strength info: rsrp: -107 rsrq: -14 rssi: -67 rssnr: 1
08-10 23:24:43.619  5222  5321 D cellinfo: 46 bytes from 44.241.174.93: icmp_seq=17846 ttl=32 time=124 ms
08-10 23:24:43.815  5222  5321 D cellinfo: 46 bytes from 44.241.174.93: icmp_seq=17847 ttl=32 time=118 ms
08-10 23:24:43.993  5222  5222 D cellinfo: onsignalStrengthsChanged: LTE Signal Strength info: rsrp: -104 rsrq: -14 rssi: -67 rssnr: 2
08-10 23:24:44.016  5222  5321 D cellinfo: 46 bytes from 44.241.174.93: icmp_seq=17848 ttl=32 time=119 ms
08-10 23:24:44.255  5222  5321 D cellinfo: 46 bytes from 44.241.174.93: icmp_seq=17849 ttl=32 time=158 ms
08-10 23:24:44.417  5222  5321 D cellinfo: 46 bytes from 44.241.174.93: icmp_seq=17850 ttl=32 time=118 ms
08-10 23:24:44.443  5222  5222 D cellinfo: Latitude is 39.94251
08-10 23:24:44.443  5222  5222 D cellinfo: Longitude is -104.9880982
08-10 23:24:44.443  5222  5222 D cellinfo: Instantaneous GPS information: United States, US-87, Westminster, CO, USA
08-10 23:24:44.443  5222  5222 D cellinfo: getCurrentLocation() result: Location (success): 39.94251, -104.9880982
08-10 23:24:44.483  5222  5222 D cellinfo: onCellInfoChanged: Operator: AT&T...1 UpdateTimestamp: 200157219 CellConnectionStatus: 0
08-10 23:24:44.483  5222  5222 D cellinfo: onCellInfoChanged: LTE Cell Bands: [2] Bandwidth: 2147483647 Cell ID: 97600776 Physical Cell ID: 465 Tracking Area Code: 38420 EARFCN: 700
08-10 23:24:44.616  5222  5321 D cellinfo: 46 bytes from 44.241.174.93: icmp_seq=17851 ttl=32 time=117 ms
08-10 23:24:44.815  5222  5321 D cellinfo: 46 bytes from 44.241.174.93: icmp_seq=17852 ttl=32 time=117 ms
08-10 23:24:45.015  5222  5321 D cellinfo: 46 bytes from 44.241.174.93: icmp_seq=17853 ttl=32 time=115 ms
08-10 23:24:45.217  5222  5321 D cellinfo: 46 bytes from 44.241.174.93: icmp_seq=17854 ttl=32 time=118 ms
08-10 23:24:45.414  5222  5321 D cellinfo: 46 bytes from 44.241.174.93: icmp_seq=17855 ttl=32 time=114 ms
08-10 23:24:45.615  5222  5321 D cellinfo: 46 bytes from 44.241.174.93: icmp_seq=17856 ttl=32 time=114 ms
08-10 23:24:45.693  5222  5222 D cellinfo: onsignalStrengthsChanged: LTE Signal Strength info: rsrp: -102 rsrq: -13 rssi: -63 rssnr: 5
08-10 23:24:45.814  5222  5321 D cellinfo: 46 bytes from 44.241.174.93: icmp_seq=17857 ttl=32 time=113 ms
08-10 23:24:46.016  5222  5321 D cellinfo: 46 bytes from 44.241.174.93: icmp_seq=17858 ttl=32 time=115 ms
08-10 23:24:46.218  5222  5321 D cellinfo: 46 bytes from 44.241.174.93: icmp_seq=17859 ttl=32 time=115 ms
08-10 23:24:46.415  5222  5321 D cellinfo: 46 bytes from 44.241.174.93: icmp_seq=17860 ttl=32 time=111 ms
08-10 23:24:46.616  5222  5321 D cellinfo: 46 bytes from 44.241.174.93: icmp_seq=17861 ttl=32 time=112 ms
08-10 23:24:46.854  5222  5321 D cellinfo: 46 bytes from 44.241.174.93: icmp_seq=17862 ttl=32 time=150 ms
08-10 23:24:46.998  5222  5222 D cellinfo: onsignalStrengthsChanged: LTE Signal Strength info: rsrp: -100 rsrq: -12 rssi: -63 rssnr: 8
08-10 23:24:47.015  5222  5321 D cellinfo: 46 bytes from 44.241.174.93: icmp_seq=17863 ttl=32 time=110 ms
08-10 23:24:47.254  5222  5321 D cellinfo: 46 bytes from 44.241.174.93: icmp_seq=17864 ttl=32 time=150 ms
08-10 23:24:47.414  5222  5321 D cellinfo: 46 bytes from 44.241.174.93: icmp_seq=17865 ttl=32 time=110 ms
08-10 23:24:47.497  5222  5222 D cellinfo: onCellInfoChanged: Operator: AT&T...1 UpdateTimestamp: 200160233 CellConnectionStatus: 0
08-10 23:24:47.497  5222  5222 D cellinfo: onCellInfoChanged: LTE Cell Bands: [2] Bandwidth: 2147483647 Cell ID: 97600776 Physical Cell ID: 465 Tracking Area Code: 38420 EARFCN: 700
08-10 23:24:47.616  5222  5321 D cellinfo: 46 bytes from 44.241.174.93: icmp_seq=17866 ttl=32 time=110 ms
08-10 23:24:47.815  5222  5321 D cellinfo: 46 bytes from 44.241.174.93: icmp_seq=17867 ttl=32 time=108 ms
08-10 23:24:47.935  5222  5222 D cellinfo: onsignalStrengthsChanged: LTE Signal Strength info: rsrp: -98 rsrq: -12 rssi: -63 rssnr: 11
08-10 23:24:48.014  5222  5321 D cellinfo: 46 bytes from 44.241.174.93: icmp_seq=17868 ttl=32 time=107 ms
08-10 23:24:48.214  5222  5321 D cellinfo: 46 bytes from 44.241.174.93: icmp_seq=17869 ttl=32 time=106 ms
08-10 23:24:48.498  5222  5321 D cellinfo: 46 bytes from 44.241.174.93: icmp_seq=17870 ttl=32 time=188 ms
08-10 23:24:48.614  5222  5321 D cellinfo: 46 bytes from 44.241.174.93: icmp_seq=17871 ttl=32 time=103 ms
08-10 23:24:48.816  5222  5321 D cellinfo: 46 bytes from 44.241.174.93: icmp_seq=17872 ttl=32 time=103 ms
08-10 23:24:49.089  5222  5321 D cellinfo: 46 bytes from 44.241.174.93: icmp_seq=17873 ttl=32 time=175 ms
08-10 23:24:49.256  5222  5321 D cellinfo: 46 bytes from 44.241.174.93: icmp_seq=17874 ttl=32 time=140 ms
08-10 23:24:49.418  5222  5321 D cellinfo: 46 bytes from 44.241.174.93: icmp_seq=17875 ttl=32 time=100 ms
08-10 23:24:49.656  5222  5321 D cellinfo: 46 bytes from 44.241.174.93: icmp_seq=17876 ttl=32 time=137 ms
08-10 23:24:49.857  5222  5321 D cellinfo: 46 bytes from 44.241.174.93: icmp_seq=17877 ttl=32 time=136 ms
08-10 23:24:50.020  5222  5321 D cellinfo: 46 bytes from 44.241.174.93: icmp_seq=17878 ttl=32 time=98.0 ms
08-10 23:24:50.221  5222  5321 D cellinfo: 46 bytes from 44.241.174.93: icmp_seq=17879 ttl=32 time=97.0 ms
08-10 23:24:50.422  5222  5321 D cellinfo: 46 bytes from 44.241.174.93: icmp_seq=17880 ttl=32 time=96.3 ms
08-10 23:24:50.620  5222  5321 D cellinfo: 46 bytes from 44.241.174.93: icmp_seq=17881 ttl=32 time=92.6 ms
08-10 23:24:50.866  5222  5321 D cellinfo: 46 bytes from 44.241.174.93: icmp_seq=17882 ttl=32 time=136 ms
08-10 23:24:51.056  5222  5321 D cellinfo: 46 bytes from 44.241.174.93: icmp_seq=17883 ttl=32 time=124 ms
08-10 23:24:51.258  5222  5321 D cellinfo: 46 bytes from 44.241.174.93: icmp_seq=17884 ttl=32 time=125 ms
08-10 23:24:51.458  5222  5321 D cellinfo: 46 bytes from 44.241.174.93: icmp_seq=17885 ttl=32 time=124 ms
08-10 23:24:51.658  5222  5321 D cellinfo: 46 bytes from 44.241.174.93: icmp_seq=17886 ttl=32 time=122 ms
08-10 23:24:51.860  5222  5321 D cellinfo: 46 bytes from 44.241.174.93: icmp_seq=17887 ttl=32 time=123 ms
08-10 23:24:52.097  5222  5321 D cellinfo: 46 bytes from 44.241.174.93: icmp_seq=17888 ttl=32 time=158 ms
08-10 23:24:52.259  5222  5321 D cellinfo: 46 bytes from 44.241.174.93: icmp_seq=17889 ttl=32 time=119 ms
08-10 23:24:52.456  5222  5321 D cellinfo: 46 bytes from 44.241.174.93: icmp_seq=17890 ttl=32 time=115 ms
08-10 23:24:52.696  5222  5321 D cellinfo: 46 bytes from 44.241.174.93: icmp_seq=17891 ttl=32 time=153 ms
08-10 23:24:52.847  5222  5321 D cellinfo: 46 bytes from 44.241.174.93: icmp_seq=17892 ttl=32 time=102 ms
08-10 23:24:53.055  5222  5321 D cellinfo: 46 bytes from 44.241.174.93: icmp_seq=17893 ttl=32 time=110 ms
08-10 23:24:53.257  5222  5321 D cellinfo: 46 bytes from 44.241.174.93: icmp_seq=17894 ttl=32 time=111 ms
08-10 23:24:53.496  5222  5321 D cellinfo: 46 bytes from 44.241.174.93: icmp_seq=17895 ttl=32 time=147 ms
08-10 23:24:53.658  5222  5321 D cellinfo: 46 bytes from 44.241.174.93: icmp_seq=17896 ttl=32 time=108 ms
08-10 23:24:53.857  5222  5321 D cellinfo: 46 bytes from 44.241.174.93: icmp_seq=17897 ttl=32 time=104 ms
08-10 23:24:54.053  5222  5222 D cellinfo: getCurrentLocation() result: Location (success): 39.9386711, -104.9879686
08-10 23:24:54.056  5222  5222 D cellinfo: onsignalStrengthsChanged: LTE Signal Strength info: rsrp: -98 rsrq: -12 rssi: -75 rssnr: 12
08-10 23:24:54.056  5222  5222 D cellinfo: onCellInfoChanged: Operator: AT&T...1 UpdateTimestamp: 200163212 CellConnectionStatus: 0
08-10 23:24:54.056  5222  5222 D cellinfo: onCellInfoChanged: LTE Cell Bands: [2] Bandwidth: 2147483647 Cell ID: 97600776 Physical Cell ID: 465 Tracking Area Code: 38420 EARFCN: 700
08-10 23:24:54.057  5222  5222 D cellinfo: onsignalStrengthsChanged: LTE Signal Strength info: rsrp: -98 rsrq: -12 rssi: -71 rssnr: 13
08-10 23:24:54.057  5222  5222 D cellinfo: onsignalStrengthsChanged: LTE Signal Strength info: rsrp: -99 rsrq: -12 rssi: -71 rssnr: 12
08-10 23:24:54.059  5222  5321 D cellinfo: 46 bytes from 44.241.174.93: icmp_seq=17898 ttl=32 time=105 ms
08-10 23:24:54.253  5222  5321 D cellinfo: 46 bytes from 44.241.174.93: icmp_seq=17899 ttl=32 time=99.3 ms
08-10 23:24:54.454  5222  5321 D cellinfo: 46 bytes from 44.241.174.93: icmp_seq=17900 ttl=32 time=98.4 ms
08-10 23:24:54.620  5222  5222 D cellinfo: Latitude is 39.9386711
08-10 23:24:54.620  5222  5222 D cellinfo: Longitude is -104.9879686
08-10 23:24:54.620  5222  5222 D cellinfo: Instantaneous GPS information: United States, Dwight D. Eisenhower Hwy, Westminster, CO 80234, USA
08-10 23:24:54.620  5222  5222 D cellinfo: getCurrentLocation() result: Location (success): 39.9386711, -104.9879686
08-10 23:24:54.651  5222  5321 D cellinfo: 46 bytes from 44.241.174.93: icmp_seq=17901 ttl=32 time=94.0 ms
08-10 23:24:54.851  5222  5321 D cellinfo: 46 bytes from 44.241.174.93: icmp_seq=17902 ttl=32 time=91.8 ms
08-10 23:24:55.138  5222  5321 D cellinfo: 46 bytes from 44.241.174.93: icmp_seq=17903 ttl=32 time=177 ms
08-10 23:24:55.301  5222  5321 D cellinfo: 46 bytes from 44.241.174.93: icmp_seq=17904 ttl=32 time=138 ms
08-10 23:24:55.306  5222  5222 D cellinfo: Latitude is 39.9375009
08-10 23:24:55.306  5222  5222 D cellinfo: Longitude is -104.9879965
08-10 23:24:55.306  5222  5222 D cellinfo: Instantaneous GPS information: United States, Dwight D. Eisenhower Hwy, Westminster, CO 80234, USA
08-10 23:24:55.306  5222  5222 D cellinfo: getCurrentLocation() result: Location (success): 39.9375009, -104.9879965
08-10 23:24:55.460  5222  5321 D cellinfo: 46 bytes from 44.241.174.93: icmp_seq=17905 ttl=32 time=97.5 ms
08-10 23:24:55.501  5222  5222 D cellinfo: onCellInfoChanged: Operator: AT&T...1 UpdateTimestamp: 200168235 CellConnectionStatus: 0
08-10 23:24:55.501  5222  5222 D cellinfo: onCellInfoChanged: LTE Cell Bands: [2] Bandwidth: 2147483647 Cell ID: 97600776 Physical Cell ID: 465 Tracking Area Code: 38420 EARFCN: 700
08-10 23:24:55.683  5222  5321 D cellinfo: 46 bytes from 44.241.174.93: icmp_seq=17906 ttl=32 time=119 ms
08-10 23:24:55.860  5222  5321 D cellinfo: 46 bytes from 44.241.174.93: icmp_seq=17907 ttl=32 time=97.8 ms
08-10 23:24:56.003  5222  5222 D cellinfo: onsignalStrengthsChanged: LTE Signal Strength info: rsrp: -101 rsrq: -12 rssi: -75 rssnr: 10
08-10 23:24:56.060  5222  5321 D cellinfo: 46 bytes from 44.241.174.93: icmp_seq=17908 ttl=32 time=96.5 ms
08-10 23:24:56.294  5222  5321 D cellinfo: 46 bytes from 44.241.174.93: icmp_seq=17909 ttl=32 time=132 ms
08-10 23:24:56.495  5222  5321 D cellinfo: 46 bytes from 44.241.174.93: icmp_seq=17910 ttl=32 time=131 ms
08-10 23:24:56.737  5222  5321 D cellinfo: 46 bytes from 44.241.174.93: icmp_seq=17911 ttl=32 time=170 ms
08-10 23:24:56.868  5222  5321 D cellinfo: 46 bytes from 44.241.174.93: icmp_seq=17912 ttl=32 time=100 ms
08-10 23:24:57.066  5222  5321 D cellinfo: 46 bytes from 44.241.174.93: icmp_seq=17913 ttl=32 time=97.2 ms
08-10 23:24:57.277  5222  5222 D cellinfo: Latitude is 39.9372275
08-10 23:24:57.277  5222  5222 D cellinfo: Longitude is -104.987986
08-10 23:24:57.277  5222  5222 D cellinfo: Instantaneous GPS information: United States, Dwight D. Eisenhower Hwy, Westminster, CO 80234, USA
08-10 23:24:57.277  5222  5222 D cellinfo: getCurrentLocation() result: Location (success): 39.9372275, -104.987986
08-10 23:24:57.283  5222  5321 D cellinfo: 46 bytes from 44.241.174.93: icmp_seq=17914 ttl=32 time=113 ms
08-10 23:24:57.536  5222  5321 D cellinfo: 46 bytes from 44.241.174.93: icmp_seq=17915 ttl=32 time=166 ms
08-10 23:24:57.680  5222  5321 D cellinfo: 46 bytes from 44.241.174.93: icmp_seq=17916 ttl=32 time=107 ms
08-10 23:24:57.896  5222  5321 D cellinfo: 46 bytes from 44.241.174.93: icmp_seq=17917 ttl=32 time=123 ms
08-10 23:24:58.095  5222  5321 D cellinfo: 46 bytes from 44.241.174.93: icmp_seq=17918 ttl=32 time=123 ms
08-10 23:24:58.295  5222  5321 D cellinfo: 46 bytes from 44.241.174.93: icmp_seq=17919 ttl=32 time=123 ms
08-10 23:24:58.494  5222  5321 D cellinfo: 46 bytes from 44.241.174.93: icmp_seq=17920 ttl=32 time=122 ms
08-10 23:24:58.695  5222  5321 D cellinfo: 46 bytes from 44.241.174.93: icmp_seq=17921 ttl=32 time=122 ms
08-10 23:24:58.896  5222  5321 D cellinfo: 46 bytes from 44.241.174.93: icmp_seq=17922 ttl=32 time=122 ms
08-10 23:24:59.001  5222  5222 D cellinfo: onsignalStrengthsChanged: LTE Signal Strength info: rsrp: -103 rsrq: -13 rssi: -77 rssnr: 7
08-10 23:24:59.095  5222  5321 D cellinfo: 46 bytes from 44.241.174.93: icmp_seq=17923 ttl=32 time=120 ms
08-10 23:24:59.135  5222  5222 D cellinfo: onsignalStrengthsChanged: LTE Signal Strength info: rsrp: -105 rsrq: -13 rssi: -77 rssnr: 7
08-10 23:24:59.334  5222  5321 D cellinfo: 46 bytes from 44.241.174.93: icmp_seq=17924 ttl=32 time=160 ms
08-10 23:24:59.453  5222  5222 D cellinfo: Latitude is 39.9372275
08-10 23:24:59.453  5222  5222 D cellinfo: Longitude is -104.987986
08-10 23:24:59.453  5222  5222 D cellinfo: Instantaneous GPS information: United States, Dwight D. Eisenhower Hwy, Westminster, CO 80234, USA
08-10 23:24:59.453  5222  5222 D cellinfo: getCurrentLocation() result: Location (success): 39.9372275, -104.987986
08-10 23:24:59.494  5222  5321 D cellinfo: 46 bytes from 44.241.174.93: icmp_seq=17925 ttl=32 time=120 ms
08-10 23:24:59.501  5222  5222 D cellinfo: onCellInfoChanged: Operator: AT&T...1 UpdateTimestamp: 200172238 CellConnectionStatus: 0
08-10 23:24:59.501  5222  5222 D cellinfo: onCellInfoChanged: LTE Cell Bands: [2] Bandwidth: 2147483647 Cell ID: 97600776 Physical Cell ID: 465 Tracking Area Code: 38420 EARFCN: 700
08-10 23:24:59.696  5222  5321 D cellinfo: 46 bytes from 44.241.174.93: icmp_seq=17926 ttl=32 time=120 ms
08-10 23:24:59.895  5222  5321 D cellinfo: 46 bytes from 44.241.174.93: icmp_seq=17927 ttl=32 time=119 ms
08-10 23:25:00.102  5222  5321 D cellinfo: 46 bytes from 44.241.174.93: icmp_seq=17928 ttl=32 time=125 ms
08-10 23:25:00.295  5222  5321 D cellinfo: 46 bytes from 44.241.174.93: icmp_seq=17929 ttl=32 time=116 ms
08-10 23:25:00.495  5222  5321 D cellinfo: 46 bytes from 44.241.174.93: icmp_seq=17930 ttl=32 time=115 ms
08-10 23:25:00.695  5222  5321 D cellinfo: 46 bytes from 44.241.174.93: icmp_seq=17931 ttl=32 time=115 ms
08-10 23:25:00.897  5222  5321 D cellinfo: 46 bytes from 44.241.174.93: icmp_seq=17932 ttl=32 time=115 ms
08-10 23:25:01.097  5222  5321 D cellinfo: 46 bytes from 44.241.174.93: icmp_seq=17933 ttl=32 time=116 ms
08-10 23:25:01.296  5222  5321 D cellinfo: 46 bytes from 44.241.174.93: icmp_seq=17934 ttl=32 time=115 ms
08-10 23:25:01.378  5222  5222 D cellinfo: onsignalStrengthsChanged: LTE Signal Strength info: rsrp: -106 rsrq: -13 rssi: -73 rssnr: 5
08-10 23:25:01.496  5222  5321 D cellinfo: 46 bytes from 44.241.174.93: icmp_seq=17935 ttl=32 time=113 ms
08-10 23:25:01.814  5222  5321 D cellinfo: 46 bytes from 44.241.174.93: icmp_seq=17936 ttl=32 time=232 ms
08-10 23:25:01.935  5222  5321 D cellinfo: 46 bytes from 44.241.174.93: icmp_seq=17937 ttl=32 time=142 ms
08-10 23:25:02.001  5222  5222 D cellinfo: onsignalStrengthsChanged: LTE Signal Strength info: rsrp: -107 rsrq: -13 rssi: -73 rssnr: 4
08-10 23:25:02.098  5222  5321 D cellinfo: 46 bytes from 44.241.174.93: icmp_seq=17938 ttl=32 time=105 ms
08-10 23:25:02.336  5222  5321 D cellinfo: 46 bytes from 44.241.174.93: icmp_seq=17939 ttl=32 time=142 ms
08-10 23:25:02.457  5222  5222 D cellinfo: Latitude is 39.9372275
08-10 23:25:02.457  5222  5222 D cellinfo: Longitude is -104.987986
08-10 23:25:02.457  5222  5222 D cellinfo: Instantaneous GPS information: United States, Dwight D. Eisenhower Hwy, Westminster, CO 80234, USA
08-10 23:25:02.457  5222  5222 D cellinfo: getCurrentLocation() result: Location (success): 39.9372275, -104.987986
08-10 23:25:02.483  5222  5222 D cellinfo: onCellInfoChanged: Operator: AT&T...1 UpdateTimestamp: 200175220 CellConnectionStatus: 0
08-10 23:25:02.483  5222  5222 D cellinfo: onCellInfoChanged: LTE Cell Bands: [2] Bandwidth: 2147483647 Cell ID: 97600776 Physical Cell ID: 465 Tracking Area Code: 38420 EARFCN: 700
08-10 23:25:02.495  5222  5321 D cellinfo: 46 bytes from 44.241.174.93: icmp_seq=17940 ttl=32 time=101 ms
08-10 23:25:02.694  5222  5321 D cellinfo: 46 bytes from 44.241.174.93: icmp_seq=17941 ttl=32 time=100 ms
08-10 23:25:02.976  5222  5321 D cellinfo: 46 bytes from 44.241.174.93: icmp_seq=17942 ttl=32 time=180 ms
08-10 23:25:03.096  5222  5321 D cellinfo: 46 bytes from 44.241.174.93: icmp_seq=17943 ttl=32 time=100 ms
08-10 23:25:03.294  5222  5321 D cellinfo: 46 bytes from 44.241.174.93: icmp_seq=17944 ttl=32 time=99.5 ms
08-10 23:25:03.535  5222  5321 D cellinfo: 46 bytes from 44.241.174.93: icmp_seq=17945 ttl=32 time=138 ms
08-10 23:25:03.700  5222  5321 D cellinfo: 46 bytes from 44.241.174.93: icmp_seq=17946 ttl=32 time=101 ms
08-10 23:25:03.895  5222  5321 D cellinfo: 46 bytes from 44.241.174.93: icmp_seq=17947 ttl=32 time=97.4 ms
08-10 23:25:04.135  5222  5321 D cellinfo: 46 bytes from 44.241.174.93: icmp_seq=17948 ttl=32 time=135 ms
08-10 23:25:04.335  5222  5321 D cellinfo: 46 bytes from 44.241.174.93: icmp_seq=17949 ttl=32 time=136 ms
08-10 23:25:04.574  5222  5321 D cellinfo: 46 bytes from 44.241.174.93: icmp_seq=17950 ttl=32 time=175 ms
08-10 23:25:04.700  5222  5321 D cellinfo: 46 bytes from 44.241.174.93: icmp_seq=17951 ttl=32 time=99.0 ms
08-10 23:25:04.935  5222  5321 D cellinfo: 46 bytes from 44.241.174.93: icmp_seq=17952 ttl=32 time=133 ms
08-10 23:25:05.004  5222  5222 D cellinfo: onsignalStrengthsChanged: LTE Signal Strength info: rsrp: -107 rsrq: -13 rssi: -69 rssnr: 3
08-10 23:25:05.135  5222  5321 D cellinfo: 46 bytes from 44.241.174.93: icmp_seq=17953 ttl=32 time=131 ms
08-10 23:25:05.301  5222  5321 D cellinfo: 46 bytes from 44.241.174.93: icmp_seq=17954 ttl=32 time=95.8 ms
08-10 23:25:05.500  5222  5321 D cellinfo: 46 bytes from 44.241.174.93: icmp_seq=17955 ttl=32 time=94.6 ms
08-10 23:25:05.700  5222  5321 D cellinfo: 46 bytes from 44.241.174.93: icmp_seq=17956 ttl=32 time=93.5 ms
08-10 23:25:05.754  5222  5222 D cellinfo: onCellInfoChanged: Operator: AT&T...1 UpdateTimestamp: 200178479 CellConnectionStatus: 0
08-10 23:25:05.754  5222  5222 D cellinfo: onCellInfoChanged: LTE Cell Bands: [2] Bandwidth: 2147483647 Cell ID: 97600776 Physical Cell ID: 465 Tracking Area Code: 38420 EARFCN: 700
08-10 23:25:05.855  5222  5222 D cellinfo: onsignalStrengthsChanged: LTE Signal Strength info: rsrp: -106 rsrq: -13 rssi: -69 rssnr: 3
08-10 23:25:05.935  5222  5321 D cellinfo: 46 bytes from 44.241.174.93: icmp_seq=17957 ttl=32 time=127 ms
08-10 23:25:06.137  5222  5321 D cellinfo: 46 bytes from 44.241.174.93: icmp_seq=17958 ttl=32 time=129 ms
08-10 23:25:06.335  5222  5321 D cellinfo: 46 bytes from 44.241.174.93: icmp_seq=17959 ttl=32 time=128 ms
08-10 23:25:06.536  5222  5321 D cellinfo: 46 bytes from 44.241.174.93: icmp_seq=17960 ttl=32 time=128 ms
08-10 23:25:06.726  5222  5321 D cellinfo: 46 bytes from 44.241.174.93: icmp_seq=17961 ttl=32 time=114 ms
08-10 23:25:06.903  5222  5321 D cellinfo: 46 bytes from 44.241.174.93: icmp_seq=17962 ttl=32 time=90.6 ms
08-10 23:25:07.095  5222  5222 D cellinfo: Latitude is 39.9337326
08-10 23:25:07.095  5222  5222 D cellinfo: Longitude is -104.9880048
08-10 23:25:07.095  5222  5222 D cellinfo: Instantaneous GPS information: United States, 13092 Grant Cir W, Thornton, CO 80241, USA
08-10 23:25:07.095  5222  5222 D cellinfo: getCurrentLocation() result: Location (success): 39.9337326, -104.9880048
08-10 23:25:07.119  5222  5321 D cellinfo: 46 bytes from 44.241.174.93: icmp_seq=17963 ttl=32 time=106 ms
08-10 23:25:07.335  5222  5321 D cellinfo: 46 bytes from 44.241.174.93: icmp_seq=17964 ttl=32 time=120 ms
08-10 23:25:07.535  5222  5321 D cellinfo: 46 bytes from 44.241.174.93: icmp_seq=17965 ttl=32 time=119 ms
08-10 23:25:07.735  5222  5321 D cellinfo: 46 bytes from 44.241.174.93: icmp_seq=17966 ttl=32 time=118 ms
08-10 23:25:07.974  5222  5321 D cellinfo: 46 bytes from 44.241.174.93: icmp_seq=17967 ttl=32 time=157 ms
08-10 23:25:08.135  5222  5321 D cellinfo: 46 bytes from 44.241.174.93: icmp_seq=17968 ttl=32 time=116 ms
08-10 23:25:08.376  5222  5321 D cellinfo: 46 bytes from 44.241.174.93: icmp_seq=17969 ttl=32 time=155 ms
08-10 23:25:08.446  5222  5222 D cellinfo: Latitude is 39.9337326
08-10 23:25:08.446  5222  5222 D cellinfo: Longitude is -104.9880048
08-10 23:25:08.446  5222  5222 D cellinfo: Instantaneous GPS information: United States, 13092 Grant Cir W, Thornton, CO 80241, USA
08-10 23:25:08.446  5222  5222 D cellinfo: getCurrentLocation() result: Location (success): 39.9337326, -104.9880048
08-10 23:25:08.491  5222  5222 D cellinfo: onCellInfoChanged: Operator: AT&T...1 UpdateTimestamp: 200181229 CellConnectionStatus: 0
08-10 23:25:08.491  5222  5222 D cellinfo: onCellInfoChanged: LTE Cell Bands: [2] Bandwidth: 2147483647 Cell ID: 97600776 Physical Cell ID: 465 Tracking Area Code: 38420 EARFCN: 700
08-10 23:25:08.534  5222  5321 D cellinfo: 46 bytes from 44.241.174.93: icmp_seq=17970 ttl=32 time=115 ms
08-10 23:25:08.736  5222  5321 D cellinfo: 46 bytes from 44.241.174.93: icmp_seq=17971 ttl=32 time=116 ms
08-10 23:25:08.934  5222  5321 D cellinfo: 46 bytes from 44.241.174.93: icmp_seq=17972 ttl=32 time=113 ms
08-10 23:25:09.134  5222  5321 D cellinfo: 46 bytes from 44.241.174.93: icmp_seq=17973 ttl=32 time=113 ms
08-10 23:25:09.336  5222  5321 D cellinfo: 46 bytes from 44.241.174.93: icmp_seq=17974 ttl=32 time=112 ms
08-10 23:25:09.574  5222  5321 D cellinfo: 46 bytes from 44.241.174.93: icmp_seq=17975 ttl=32 time=152 ms
08-10 23:25:09.736  5222  5321 D cellinfo: 46 bytes from 44.241.174.93: icmp_seq=17976 ttl=32 time=112 ms
08-10 23:25:09.922  5222  5321 D cellinfo: 46 bytes from 44.241.174.93: icmp_seq=17977 ttl=32 time=98.8 ms
08-10 23:25:10.135  5222  5321 D cellinfo: 46 bytes from 44.241.174.93: icmp_seq=17978 ttl=32 time=109 ms
08-10 23:25:10.334  5222  5321 D cellinfo: 46 bytes from 44.241.174.93: icmp_seq=17979 ttl=32 time=109 ms
08-10 23:25:10.352  5222  5222 D cellinfo: onsignalStrengthsChanged: LTE Signal Strength info: rsrp: -103 rsrq: -13 rssi: -63 rssnr: 4
08-10 23:25:10.538  5222  5321 D cellinfo: 46 bytes from 44.241.174.93: icmp_seq=17980 ttl=32 time=112 ms
08-10 23:25:10.735  5222  5321 D cellinfo: 46 bytes from 44.241.174.93: icmp_seq=17981 ttl=32 time=108 ms
08-10 23:25:10.962  5222  5321 D cellinfo: 46 bytes from 44.241.174.93: icmp_seq=17982 ttl=32 time=134 ms
08-10 23:25:11.133  5222  5321 D cellinfo: 46 bytes from 44.241.174.93: icmp_seq=17983 ttl=32 time=107 ms
08-10 23:25:11.334  5222  5321 D cellinfo: 46 bytes from 44.241.174.93: icmp_seq=17984 ttl=32 time=106 ms
08-10 23:25:11.439  5222  5222 D cellinfo: Latitude is 39.9337326
08-10 23:25:11.439  5222  5222 D cellinfo: Longitude is -104.9880048
08-10 23:25:11.439  5222  5222 D cellinfo: Instantaneous GPS information: United States, 13092 Grant Cir W, Thornton, CO 80241, USA
08-10 23:25:11.439  5222  5222 D cellinfo: getCurrentLocation() result: Location (success): 39.9337326, -104.9880048
08-10 23:25:11.471  5222  5222 D cellinfo: onCellInfoChanged: Operator: AT&T...1 UpdateTimestamp: 200184210 CellConnectionStatus: 0
08-10 23:25:11.471  5222  5222 D cellinfo: onCellInfoChanged: LTE Cell Bands: [2] Bandwidth: 2147483647 Cell ID: 97600776 Physical Cell ID: 465 Tracking Area Code: 38420 EARFCN: 700
08-10 23:25:11.533  5222  5321 D cellinfo: 46 bytes from 44.241.174.93: icmp_seq=17985 ttl=32 time=104 ms
08-10 23:25:11.738  5222  5321 D cellinfo: 46 bytes from 44.241.174.93: icmp_seq=17986 ttl=32 time=106 ms
08-10 23:25:11.934  5222  5321 D cellinfo: 46 bytes from 44.241.174.93: icmp_seq=17987 ttl=32 time=102 ms
08-10 23:25:12.134  5222  5321 D cellinfo: 46 bytes from 44.241.174.93: icmp_seq=17988 ttl=32 time=101 ms
08-10 23:25:12.339  5222  5321 D cellinfo: 46 bytes from 44.241.174.93: icmp_seq=17989 ttl=32 time=104 ms
08-10 23:25:12.534  5222  5321 D cellinfo: 46 bytes from 44.241.174.93: icmp_seq=17990 ttl=32 time=99.7 ms
08-10 23:25:12.577  5222  5222 D cellinfo: onsignalStrengthsChanged: LTE Signal Strength info: rsrp: -100 rsrq: -14 rssi: -67 rssnr: 4
08-10 23:25:12.737  5222  5321 D cellinfo: 46 bytes from 44.241.174.93: icmp_seq=17991 ttl=32 time=101 ms
08-10 23:25:12.934  5222  5321 D cellinfo: 46 bytes from 44.241.174.93: icmp_seq=17992 ttl=32 time=98.0 ms
08-10 23:25:13.139  5222  5321 D cellinfo: 46 bytes from 44.241.174.93: icmp_seq=17993 ttl=32 time=101 ms
08-10 23:25:13.376  5222  5321 D cellinfo: 46 bytes from 44.241.174.93: icmp_seq=17994 ttl=32 time=137 ms
08-10 23:25:13.540  5222  5321 D cellinfo: 46 bytes from 44.241.174.93: icmp_seq=17995 ttl=32 time=101 ms
08-10 23:25:13.854  5222  5321 D cellinfo: 46 bytes from 44.241.174.93: icmp_seq=17996 ttl=32 time=215 ms
08-10 23:25:13.974  5222  5321 D cellinfo: 46 bytes from 44.241.174.93: icmp_seq=17997 ttl=32 time=126 ms
08-10 23:25:14.022  5222  5222 D cellinfo: onsignalStrengthsChanged: LTE Signal Strength info: rsrp: -99 rsrq: -13 rssi: -61 rssnr: 6
08-10 23:25:14.174  5222  5321 D cellinfo: 46 bytes from 44.241.174.93: icmp_seq=17998 ttl=32 time=125 ms
08-10 23:25:14.416  5222  5321 D cellinfo: 46 bytes from 44.241.174.93: icmp_seq=17999 ttl=32 time=166 ms
08-10 23:25:14.450  5222  5222 D cellinfo: Latitude is 39.9337326
08-10 23:25:14.450  5222  5222 D cellinfo: Longitude is -104.9880048
08-10 23:25:14.450  5222  5222 D cellinfo: Instantaneous GPS information: United States, 13092 Grant Cir W, Thornton, CO 80241, USA
08-10 23:25:14.450  5222  5222 D cellinfo: getCurrentLocation() result: Location (success): 39.9337326, -104.9880048
08-10 23:25:14.510  5222  5222 D cellinfo: onCellInfoChanged: Operator: AT&T...1 UpdateTimestamp: 200187245 CellConnectionStatus: 0
08-10 23:25:14.510  5222  5222 D cellinfo: onCellInfoChanged: LTE Cell Bands: [2] Bandwidth: 2147483647 Cell ID: 97600776 Physical Cell ID: 465 Tracking Area Code: 38420 EARFCN: 700
08-10 23:25:14.575  5222  5321 D cellinfo: 46 bytes from 44.241.174.93: icmp_seq=18000 ttl=32 time=123 ms
08-10 23:25:14.776  5222  5321 D cellinfo: 46 bytes from 44.241.174.93: icmp_seq=18001 ttl=32 time=123 ms
08-10 23:25:14.816  5222  5222 D cellinfo: onsignalStrengthsChanged: LTE Signal Strength info: rsrp: -97 rsrq: -13 rssi: -57 rssnr: 8
08-10 23:25:14.977  5222  5321 D cellinfo: 46 bytes from 44.241.174.93: icmp_seq=18002 ttl=32 time=124 ms
08-10 23:25:15.175  5222  5321 D cellinfo: 46 bytes from 44.241.174.93: icmp_seq=18003 ttl=32 time=122 ms
08-10 23:25:15.414  5222  5321 D cellinfo: 46 bytes from 44.241.174.93: icmp_seq=18004 ttl=32 time=160 ms
08-10 23:25:15.576  5222  5321 D cellinfo: 46 bytes from 44.241.174.93: icmp_seq=18005 ttl=32 time=120 ms
08-10 23:25:15.775  5222  5321 D cellinfo: 46 bytes from 44.241.174.93: icmp_seq=18006 ttl=32 time=120 ms
08-10 23:25:15.977  5222  5321 D cellinfo: 46 bytes from 44.241.174.93: icmp_seq=18007 ttl=32 time=121 ms
08-10 23:25:16.176  5222  5321 D cellinfo: 46 bytes from 44.241.174.93: icmp_seq=18008 ttl=32 time=119 ms
08-10 23:25:16.375  5222  5321 D cellinfo: 46 bytes from 44.241.174.93: icmp_seq=18009 ttl=32 time=118 ms
08-10 23:25:16.614  5222  5321 D cellinfo: 46 bytes from 44.241.174.93: icmp_seq=18010 ttl=32 time=156 ms
08-10 23:25:16.776  5222  5321 D cellinfo: 46 bytes from 44.241.174.93: icmp_seq=18011 ttl=32 time=117 ms
08-10 23:25:16.975  5222  5321 D cellinfo: 46 bytes from 44.241.174.93: icmp_seq=18012 ttl=32 time=115 ms
08-10 23:25:17.027  5222  5222 D cellinfo: onsignalStrengthsChanged: LTE Signal Strength info: rsrp: -96 rsrq: -13 rssi: -61 rssnr: 9
08-10 23:25:17.176  5222  5321 D cellinfo: 46 bytes from 44.241.174.93: icmp_seq=18013 ttl=32 time=114 ms
08-10 23:25:17.375  5222  5321 D cellinfo: 46 bytes from 44.241.174.93: icmp_seq=18014 ttl=32 time=112 ms
08-10 23:25:17.493  5222  5222 D cellinfo: onCellInfoChanged: Operator: AT&T...1 UpdateTimestamp: 200190230 CellConnectionStatus: 0
08-10 23:25:17.494  5222  5222 D cellinfo: onCellInfoChanged: LTE Cell Bands: [2] Bandwidth: 2147483647 Cell ID: 97600776 Physical Cell ID: 465 Tracking Area Code: 38420 EARFCN: 700
08-10 23:25:17.575  5222  5321 D cellinfo: 46 bytes from 44.241.174.93: icmp_seq=18015 ttl=32 time=111 ms
08-10 23:25:17.775  5222  5321 D cellinfo: 46 bytes from 44.241.174.93: icmp_seq=18016 ttl=32 time=110 ms
08-10 23:25:17.975  5222  5321 D cellinfo: 46 bytes from 44.241.174.93: icmp_seq=18017 ttl=32 time=110 ms
08-10 23:25:18.175  5222  5321 D cellinfo: 46 bytes from 44.241.174.93: icmp_seq=18018 ttl=32 time=109 ms
08-10 23:25:18.375  5222  5321 D cellinfo: 46 bytes from 44.241.174.93: icmp_seq=18019 ttl=32 time=108 ms
08-10 23:25:18.574  5222  5321 D cellinfo: 46 bytes from 44.241.174.93: icmp_seq=18020 ttl=32 time=107 ms
08-10 23:25:18.770  5222  5321 D cellinfo: 46 bytes from 44.241.174.93: icmp_seq=18021 ttl=32 time=100 ms
08-10 23:25:18.976  5222  5321 D cellinfo: 46 bytes from 44.241.174.93: icmp_seq=18022 ttl=32 time=103 ms
08-10 23:25:19.098  5222  5222 D cellinfo: Latitude is 39.9303938
08-10 23:25:19.098  5222  5222 D cellinfo: Longitude is -104.9879084
08-10 23:25:19.098  5222  5222 D cellinfo: Instantaneous GPS information: United States, Dwight D. Eisenhower Hwy, Westminster, CO 80234, USA
08-10 23:25:19.098  5222  5222 D cellinfo: getCurrentLocation() result: Location (success): 39.9303938, -104.9879084
08-10 23:25:19.169  5222  5321 D cellinfo: 46 bytes from 44.241.174.93: icmp_seq=18023 ttl=32 time=96.6 ms
08-10 23:25:19.375  5222  5321 D cellinfo: 46 bytes from 44.241.174.93: icmp_seq=18024 ttl=32 time=100 ms
08-10 23:25:19.575  5222  5321 D cellinfo: 46 bytes from 44.241.174.93: icmp_seq=18025 ttl=32 time=99.2 ms
08-10 23:25:19.775  5222  5321 D cellinfo: 46 bytes from 44.241.174.93: icmp_seq=18026 ttl=32 time=97.5 ms
08-10 23:25:19.979  5222  5321 D cellinfo: 46 bytes from 44.241.174.93: icmp_seq=18027 ttl=32 time=102 ms
08-10 23:25:20.179  5222  5321 D cellinfo: 46 bytes from 44.241.174.93: icmp_seq=18028 ttl=32 time=101 ms
08-10 23:25:20.379  5222  5321 D cellinfo: 46 bytes from 44.241.174.93: icmp_seq=18029 ttl=32 time=101 ms
08-10 23:25:20.447  5222  5222 D cellinfo: Latitude is 39.9303938
08-10 23:25:20.447  5222  5222 D cellinfo: Longitude is -104.9879084
08-10 23:25:20.447  5222  5222 D cellinfo: Instantaneous GPS information: United States, Dwight D. Eisenhower Hwy, Westminster, CO 80234, USA
08-10 23:25:20.447  5222  5222 D cellinfo: getCurrentLocation() result: Location (success): 39.9303938, -104.9879084
08-10 23:25:20.517  5222  5222 D cellinfo: onCellInfoChanged: Operator: AT&T...1 UpdateTimestamp: 200193252 CellConnectionStatus: 0
08-10 23:25:20.517  5222  5222 D cellinfo: onCellInfoChanged: LTE Cell Bands: [2] Bandwidth: 2147483647 Cell ID: 97600776 Physical Cell ID: 465 Tracking Area Code: 38420 EARFCN: 700
08-10 23:25:20.583  5222  5321 D cellinfo: 46 bytes from 44.241.174.93: icmp_seq=18030 ttl=32 time=102 ms
08-10 23:25:20.780  5222  5321 D cellinfo: 46 bytes from 44.241.174.93: icmp_seq=18031 ttl=32 time=100 ms
08-10 23:25:21.015  5222  5321 D cellinfo: 46 bytes from 44.241.174.93: icmp_seq=18032 ttl=32 time=134 ms
08-10 23:25:21.175  5222  5321 D cellinfo: 46 bytes from 44.241.174.93: icmp_seq=18033 ttl=32 time=94.4 ms
08-10 23:25:21.414  5222  5321 D cellinfo: 46 bytes from 44.241.174.93: icmp_seq=18034 ttl=32 time=133 ms
08-10 23:25:21.615  5222  5321 D cellinfo: 46 bytes from 44.241.174.93: icmp_seq=18035 ttl=32 time=133 ms
08-10 23:25:21.779  5222  5321 D cellinfo: 46 bytes from 44.241.174.93: icmp_seq=18036 ttl=32 time=97.5 ms
08-10 23:25:22.015  5222  5321 D cellinfo: 46 bytes from 44.241.174.93: icmp_seq=18037 ttl=32 time=132 ms
08-10 23:25:22.179  5222  5321 D cellinfo: 46 bytes from 44.241.174.93: icmp_seq=18038 ttl=32 time=97.8 ms
08-10 23:25:22.414  5222  5321 D cellinfo: 46 bytes from 44.241.174.93: icmp_seq=18039 ttl=32 time=131 ms
08-10 23:25:22.579  5222  5321 D cellinfo: 46 bytes from 44.241.174.93: icmp_seq=18040 ttl=32 time=96.6 ms
08-10 23:25:22.814  5222  5321 D cellinfo: 46 bytes from 44.241.174.93: icmp_seq=18041 ttl=32 time=131 ms
08-10 23:25:22.979  5222  5321 D cellinfo: 46 bytes from 44.241.174.93: icmp_seq=18042 ttl=32 time=95.5 ms
08-10 23:25:23.026  5222  5222 D cellinfo: onsignalStrengthsChanged: LTE Signal Strength info: rsrp: -93 rsrq: -13 rssi: -69 rssnr: 9
08-10 23:25:23.215  5222  5321 D cellinfo: 46 bytes from 44.241.174.93: icmp_seq=18043 ttl=32 time=130 ms
08-10 23:25:23.455  5222  5321 D cellinfo: 46 bytes from 44.241.174.93: icmp_seq=18044 ttl=32 time=169 ms
08-10 23:25:23.476  5222  5222 D cellinfo: Latitude is 39.9303938
08-10 23:25:23.476  5222  5222 D cellinfo: Longitude is -104.9879084
08-10 23:25:23.476  5222  5222 D cellinfo: Instantaneous GPS information: United States, Dwight D. Eisenhower Hwy, Westminster, CO 80234, USA
08-10 23:25:23.476  5222  5222 D cellinfo: getCurrentLocation() result: Location (success): 39.9303938, -104.9879084
08-10 23:25:23.504  5222  5222 D cellinfo: onCellInfoChanged: Operator: AT&T...1 UpdateTimestamp: 200196241 CellConnectionStatus: 0
08-10 23:25:23.504  5222  5222 D cellinfo: onCellInfoChanged: LTE Cell Bands: [2] Bandwidth: 2147483647 Cell ID: 97600776 Physical Cell ID: 465 Tracking Area Code: 38420 EARFCN: 700
08-10 23:25:23.579  5222  5321 D cellinfo: 46 bytes from 44.241.174.93: icmp_seq=18045 ttl=32 time=93.4 ms
08-10 23:25:23.774  5222  5222 D cellinfo: onsignalStrengthsChanged: LTE Signal Strength info: rsrp: -93 rsrq: -13 rssi: -69 rssnr: 8
08-10 23:25:23.855  5222  5321 D cellinfo: 46 bytes from 44.241.174.93: icmp_seq=18046 ttl=32 time=167 ms
08-10 23:25:24.014  5222  5321 D cellinfo: 46 bytes from 44.241.174.93: icmp_seq=18047 ttl=32 time=127 ms
08-10 23:25:24.215  5222  5321 D cellinfo: 46 bytes from 44.241.174.93: icmp_seq=18048 ttl=32 time=127 ms
08-10 23:25:24.415  5222  5321 D cellinfo: 46 bytes from 44.241.174.93: icmp_seq=18049 ttl=32 time=125 ms
08-10 23:25:24.614  5222  5321 D cellinfo: 46 bytes from 44.241.174.93: icmp_seq=18050 ttl=32 time=124 ms
08-10 23:25:24.814  5222  5321 D cellinfo: 46 bytes from 44.241.174.93: icmp_seq=18051 ttl=32 time=123 ms
08-10 23:25:25.008  5222  5321 D cellinfo: 46 bytes from 44.241.174.93: icmp_seq=18052 ttl=32 time=116 ms
08-10 23:25:25.215  5222  5321 D cellinfo: 46 bytes from 44.241.174.93: icmp_seq=18053 ttl=32 time=123 ms
08-10 23:25:25.456  5222  5321 D cellinfo: 46 bytes from 44.241.174.93: icmp_seq=18054 ttl=32 time=162 ms
08-10 23:25:25.615  5222  5321 D cellinfo: 46 bytes from 44.241.174.93: icmp_seq=18055 ttl=32 time=121 ms
08-10 23:25:25.808  5222  5321 D cellinfo: 46 bytes from 44.241.174.93: icmp_seq=18056 ttl=32 time=114 ms
08-10 23:25:26.016  5222  5222 D cellinfo: onsignalStrengthsChanged: LTE Signal Strength info: rsrp: -91 rsrq: -13 rssi: -53 rssnr: 9
08-10 23:25:26.025  5222  5222 D cellinfo: onsignalStrengthsChanged: LTE Signal Strength info: rsrp: -90 rsrq: -13 rssi: -53 rssnr: 9
08-10 23:25:26.060  5222  5321 D cellinfo: 46 bytes from 44.241.174.93: icmp_seq=18057 ttl=32 time=161 ms
08-10 23:25:26.257  5222  5321 D cellinfo: 46 bytes from 44.241.174.93: icmp_seq=18058 ttl=32 time=162 ms
08-10 23:25:26.415  5222  5321 D cellinfo: 46 bytes from 44.241.174.93: icmp_seq=18059 ttl=32 time=118 ms
08-10 23:25:26.442  5222  5222 D cellinfo: Latitude is 39.9303938
08-10 23:25:26.442  5222  5222 D cellinfo: Longitude is -104.9879084
08-10 23:25:26.442  5222  5222 D cellinfo: Instantaneous GPS information: United States, Dwight D. Eisenhower Hwy, Westminster, CO 80234, USA
08-10 23:25:26.442  5222  5222 D cellinfo: getCurrentLocation() result: Location (success): 39.9303938, -104.9879084
08-10 23:25:26.489  5222  5222 D cellinfo: onCellInfoChanged: Operator: AT&T...1 UpdateTimestamp: 200199225 CellConnectionStatus: 0
08-10 23:25:26.489  5222  5222 D cellinfo: onCellInfoChanged: LTE Cell Bands: [2] Bandwidth: 2147483647 Cell ID: 97600776 Physical Cell ID: 465 Tracking Area Code: 38420 EARFCN: 700
08-10 23:25:26.654  5222  5321 D cellinfo: 46 bytes from 44.241.174.93: icmp_seq=18060 ttl=32 time=158 ms
08-10 23:25:26.814  5222  5321 D cellinfo: 46 bytes from 44.241.174.93: icmp_seq=18061 ttl=32 time=118 ms
08-10 23:25:27.000  5222  5321 D cellinfo: 46 bytes from 44.241.174.93: icmp_seq=18062 ttl=32 time=101 ms
08-10 23:25:27.215  5222  5321 D cellinfo: 46 bytes from 44.241.174.93: icmp_seq=18063 ttl=32 time=115 ms
08-10 23:25:27.416  5222  5321 D cellinfo: 46 bytes from 44.241.174.93: icmp_seq=18064 ttl=32 time=114 ms
08-10 23:25:27.614  5222  5321 D cellinfo: 46 bytes from 44.241.174.93: icmp_seq=18065 ttl=32 time=114 ms
08-10 23:25:27.814  5222  5321 D cellinfo: 46 bytes from 44.241.174.93: icmp_seq=18066 ttl=32 time=112 ms
08-10 23:25:28.004  5222  5321 D cellinfo: 46 bytes from 44.241.174.93: icmp_seq=18067 ttl=32 time=99.3 ms
08-10 23:25:28.216  5222  5321 D cellinfo: 46 bytes from 44.241.174.93: icmp_seq=18068 ttl=32 time=111 ms
08-10 23:25:28.254  5222  5222 D cellinfo: onsignalStrengthsChanged: LTE Signal Strength info: rsrp: -91 rsrq: -13 rssi: -61 rssnr: 8
08-10 23:25:28.416  5222  5321 D cellinfo: 46 bytes from 44.241.174.93: icmp_seq=18069 ttl=32 time=109 ms
08-10 23:25:28.616  5222  5321 D cellinfo: 46 bytes from 44.241.174.93: icmp_seq=18070 ttl=32 time=108 ms
08-10 23:25:28.818  5222  5321 D cellinfo: 46 bytes from 44.241.174.93: icmp_seq=18071 ttl=32 time=109 ms
08-10 23:25:29.256  5222  5321 D cellinfo: 46 bytes from 44.241.174.93: icmp_seq=18073 ttl=32 time=137 ms
08-10 23:25:29.455  5222  5321 D cellinfo: 46 bytes from 44.241.174.93: icmp_seq=18074 ttl=32 time=136 ms
08-10 23:25:29.490  5222  5222 D cellinfo: onCellInfoChanged: Operator: AT&T...1 UpdateTimestamp: 200202228 CellConnectionStatus: 0
08-10 23:25:29.490  5222  5222 D cellinfo: onCellInfoChanged: LTE Cell Bands: [2] Bandwidth: 2147483647 Cell ID: 97600776 Physical Cell ID: 465 Tracking Area Code: 38420 EARFCN: 700
08-10 23:25:29.620  5222  5321 D cellinfo: 46 bytes from 44.241.174.93: icmp_seq=18075 ttl=32 time=99.3 ms
08-10 23:25:29.819  5222  5321 D cellinfo: 46 bytes from 44.241.174.93: icmp_seq=18076 ttl=32 time=98.1 ms
08-10 23:25:30.020  5222  5321 D cellinfo: 46 bytes from 44.241.174.93: icmp_seq=18077 ttl=32 time=97.3 ms
08-10 23:25:30.294  5222  5321 D cellinfo: 46 bytes from 44.241.174.93: icmp_seq=18078 ttl=32 time=172 ms
08-10 23:25:30.420  5222  5321 D cellinfo: 46 bytes from 44.241.174.93: icmp_seq=18079 ttl=32 time=96.0 ms
08-10 23:25:30.496  5222  5222 D cellinfo: onsignalStrengthsChanged: LTE Signal Strength info: rsrp: -90 rsrq: -13 rssi: -55 rssnr: 7
08-10 23:25:30.620  5222  5321 D cellinfo: 46 bytes from 44.241.174.93: icmp_seq=18080 ttl=32 time=95.1 ms
08-10 23:25:30.858  5222  5321 D cellinfo: 46 bytes from 44.241.174.93: icmp_seq=18081 ttl=32 time=130 ms
08-10 23:25:31.039  5222  5321 D cellinfo: 46 bytes from 44.241.174.93: icmp_seq=18082 ttl=32 time=110 ms
08-10 23:25:31.225  5222  5222 D cellinfo: Latitude is 39.9271285
08-10 23:25:31.225  5222  5222 D cellinfo: Longitude is -104.9880674
08-10 23:25:31.225  5222  5222 D cellinfo: Instantaneous GPS information: United States, Dwight D. Eisenhower Hwy, Westminster, CO 80234, USA
08-10 23:25:31.225  5222  5222 D cellinfo: getCurrentLocation() result: Location (success): 39.9271285, -104.9880674
08-10 23:25:31.264  5222  5321 D cellinfo: 46 bytes from 44.241.174.93: icmp_seq=18083 ttl=32 time=134 ms
08-10 23:25:31.453  5222  5321 D cellinfo: 46 bytes from 44.241.174.93: icmp_seq=18084 ttl=32 time=123 ms
08-10 23:25:31.638  5222  5321 D cellinfo: 46 bytes from 44.241.174.93: icmp_seq=18085 ttl=32 time=107 ms
08-10 23:25:31.855  5222  5321 D cellinfo: 46 bytes from 44.241.174.93: icmp_seq=18086 ttl=32 time=123 ms
08-10 23:25:32.094  5222  5321 D cellinfo: 46 bytes from 44.241.174.93: icmp_seq=18087 ttl=32 time=162 ms
08-10 23:25:32.256  5222  5321 D cellinfo: 46 bytes from 44.241.174.93: icmp_seq=18088 ttl=32 time=123 ms
08-10 23:25:32.445  5222  5222 D cellinfo: Latitude is 39.9271285
08-10 23:25:32.445  5222  5222 D cellinfo: Longitude is -104.9880674
08-10 23:25:32.445  5222  5222 D cellinfo: Instantaneous GPS information: United States, Dwight D. Eisenhower Hwy, Westminster, CO 80234, USA
08-10 23:25:32.445  5222  5222 D cellinfo: getCurrentLocation() result: Location (success): 39.9271285, -104.9880674
08-10 23:25:32.454  5222  5321 D cellinfo: 46 bytes from 44.241.174.93: icmp_seq=18089 ttl=32 time=123 ms
08-10 23:25:32.494  5222  5222 D cellinfo: onCellInfoChanged: Operator: AT&T...1 UpdateTimestamp: 200205229 CellConnectionStatus: 0
08-10 23:25:32.494  5222  5222 D cellinfo: onCellInfoChanged: LTE Cell Bands: [2] Bandwidth: 2147483647 Cell ID: 97600776 Physical Cell ID: 465 Tracking Area Code: 38420 EARFCN: 700
08-10 23:25:32.654  5222  5321 D cellinfo: 46 bytes from 44.241.174.93: icmp_seq=18090 ttl=32 time=121 ms
08-10 23:25:32.738  5222  5222 D cellinfo: onsignalStrengthsChanged: LTE Signal Strength info: rsrp: -91 rsrq: -13 rssi: -57 rssnr: 5
08-10 23:25:32.854  5222  5321 D cellinfo: 46 bytes from 44.241.174.93: icmp_seq=18091 ttl=32 time=120 ms
08-10 23:25:33.055  5222  5321 D cellinfo: 46 bytes from 44.241.174.93: icmp_seq=18092 ttl=32 time=119 ms
08-10 23:25:33.254  5222  5321 D cellinfo: 46 bytes from 44.241.174.93: icmp_seq=18093 ttl=32 time=119 ms
08-10 23:25:33.495  5222  5321 D cellinfo: 46 bytes from 44.241.174.93: icmp_seq=18094 ttl=32 time=159 ms
08-10 23:25:33.654  5222  5321 D cellinfo: 46 bytes from 44.241.174.93: icmp_seq=18095 ttl=32 time=118 ms
08-10 23:25:33.855  5222  5321 D cellinfo: 46 bytes from 44.241.174.93: icmp_seq=18096 ttl=32 time=117 ms
08-10 23:25:34.054  5222  5321 D cellinfo: 46 bytes from 44.241.174.93: icmp_seq=18097 ttl=32 time=117 ms
08-10 23:25:34.296  5222  5321 D cellinfo: 46 bytes from 44.241.174.93: icmp_seq=18098 ttl=32 time=157 ms
08-10 23:25:34.454  5222  5321 D cellinfo: 46 bytes from 44.241.174.93: icmp_seq=18099 ttl=32 time=116 ms
08-10 23:25:34.694  5222  5321 D cellinfo: 46 bytes from 44.241.174.93: icmp_seq=18100 ttl=32 time=156 ms
08-10 23:25:34.855  5222  5321 D cellinfo: 46 bytes from 44.241.174.93: icmp_seq=18101 ttl=32 time=115 ms
08-10 23:25:35.028  5222  5222 D cellinfo: onsignalStrengthsChanged: LTE Signal Strength info: rsrp: -90 rsrq: -13 rssi: -57 rssnr: 3
08-10 23:25:35.134  5222  5321 D cellinfo: 46 bytes from 44.241.174.93: icmp_seq=18102 ttl=32 time=194 ms
08-10 23:25:35.255  5222  5321 D cellinfo: 46 bytes from 44.241.174.93: icmp_seq=18103 ttl=32 time=115 ms
08-10 23:25:35.452  5222  5222 D cellinfo: Latitude is 39.9271285
08-10 23:25:35.452  5222  5222 D cellinfo: Longitude is -104.9880674
08-10 23:25:35.452  5222  5222 D cellinfo: Instantaneous GPS information: United States, Dwight D. Eisenhower Hwy, Westminster, CO 80234, USA
08-10 23:25:35.452  5222  5222 D cellinfo: getCurrentLocation() result: Location (success): 39.9271285, -104.9880674
08-10 23:25:35.494  5222  5321 D cellinfo: 46 bytes from 44.241.174.93: icmp_seq=18104 ttl=32 time=154 ms
08-10 23:25:35.504  5222  5222 D cellinfo: onCellInfoChanged: Operator: AT&T...1 UpdateTimestamp: 200208242 CellConnectionStatus: 0
08-10 23:25:35.504  5222  5222 D cellinfo: onCellInfoChanged: LTE Cell Bands: [2] Bandwidth: 2147483647 Cell ID: 97600776 Physical Cell ID: 465 Tracking Area Code: 38420 EARFCN: 700
