08-10 21:50:24.103 25553 25736 D cellinfo: 46 bytes from 44.241.174.93: icmp_seq=300 ttl=32 time=222 ms
08-10 21:50:25.313 25553 25736 D cellinfo: 46 bytes from 44.241.174.93: icmp_seq=301 ttl=32 time=1223 ms
08-10 21:50:25.317 25553 25736 D cellinfo: 46 bytes from 44.241.174.93: icmp_seq=302 ttl=32 time=1027 ms
08-10 21:50:25.342 25553 25736 D cellinfo: 46 bytes from 44.241.174.93: icmp_seq=303 ttl=32 time=846 ms
08-10 21:50:25.343 25553 25736 D cellinfo: 46 bytes from 44.241.174.93: icmp_seq=304 ttl=32 time=640 ms
08-10 21:50:25.343 25553 25736 D cellinfo: 46 bytes from 44.241.174.93: icmp_seq=305 ttl=32 time=432 ms
08-10 21:50:25.357 25553 25553 D cellinfo: Latitude is 41.0204804
08-10 21:50:25.357 25553 25553 D cellinfo: Longitude is -105.4223755
08-10 21:50:25.357 25553 25553 D cellinfo: Instantaneous GPS information: United States, US-287, Tie Siding, WY 82084, USA
08-10 21:50:25.357 25553 25553 D cellinfo: getCurrentLocation() result: Location (success): 41.0204804, -105.4223755
08-10 21:50:25.361 25553 25736 D cellinfo: 46 bytes from 44.241.174.93: icmp_seq=306 ttl=32 time=240 ms
08-10 21:50:25.503 25553 25736 D cellinfo: 46 bytes from 44.241.174.93: icmp_seq=307 ttl=32 time=174 ms
08-10 21:50:25.932 25553 25736 D cellinfo: 46 bytes from 44.241.174.93: icmp_seq=308 ttl=32 time=401 ms
08-10 21:50:26.029 25553 25736 D cellinfo: 46 bytes from 44.241.174.93: icmp_seq=309 ttl=32 time=292 ms
08-10 21:50:26.073 25553 25553 D cellinfo: onCellInfoChanged: Operator: AT&T UpdateTimestamp: 194498804 CellConnectionStatus: 0
08-10 21:50:26.073 25553 25553 D cellinfo: onCellInfoChanged: LTE Cell Bands: [12] Bandwidth: 2147483647 Cell ID: 112998673 Physical Cell ID: 107 Tracking Area Code: 38918 EARFCN: 5090
08-10 21:50:26.838 25553 25736 D cellinfo: 46 bytes from 44.241.174.93: icmp_seq=310 ttl=32 time=895 ms
08-10 21:50:26.839 25553 25736 D cellinfo: 46 bytes from 44.241.174.93: icmp_seq=311 ttl=32 time=697 ms
08-10 21:50:26.914 25553 25736 D cellinfo: 46 bytes from 44.241.174.93: icmp_seq=312 ttl=32 time=571 ms
08-10 21:50:27.261 25553 25553 D cellinfo: onsignalStrengthsChanged: LTE Signal Strength info: rsrp: -124 rsrq: -19 rssi: -91 rssnr: -7
08-10 21:50:27.336 25553 25553 D cellinfo: onsignalStrengthsChanged: LTE Signal Strength info: rsrp: -124 rsrq: -19 rssi: -91 rssnr: -9
08-10 21:50:28.351 25553 25553 D cellinfo: Latitude is 41.0204804
08-10 21:50:28.351 25553 25553 D cellinfo: Longitude is -105.4223755
08-10 21:50:28.351 25553 25553 D cellinfo: Instantaneous GPS information: United States, US-287, Tie Siding, WY 82084, USA
08-10 21:50:28.351 25553 25553 D cellinfo: getCurrentLocation() result: Location (success): 41.0204804, -105.4223755
08-10 21:50:29.419 25553 25553 D cellinfo: onsignalStrengthsChanged: LTE Signal Strength info: rsrp: -120 rsrq: -18 rssi: -81 rssnr: -6
08-10 21:50:29.447 25553 25553 D cellinfo: onCellInfoChanged: Operator: AT&T UpdateTimestamp: 194502178 CellConnectionStatus: 0
08-10 21:50:29.447 25553 25553 D cellinfo: onCellInfoChanged: LTE Cell Bands: [12] Bandwidth: 2147483647 Cell ID: 98109201 Physical Cell ID: 464 Tracking Area Code: 38403 EARFCN: 5110
08-10 21:50:29.473 25553 25553 D cellinfo: onServiceStateChanged: Channel Number: 5110 Cell Bandwidths: []
08-10 21:50:29.483 25553 25553 D cellinfo: onDisplayInfoChanged: NetworkType: LTE OverrideNetworkType: 5G (Sub-6 GHz)
08-10 21:50:29.485 25553 25736 D cellinfo: 46 bytes from 44.241.174.93: icmp_seq=320 ttl=32 time=1496 ms
08-10 21:50:29.485 25553 25736 D cellinfo: 46 bytes from 44.241.174.93: icmp_seq=321 ttl=32 time=1296 ms
08-10 21:50:29.485 25553 25736 D cellinfo: 46 bytes from 44.241.174.93: icmp_seq=322 ttl=32 time=1096 ms
08-10 21:50:29.515 25553 25553 D cellinfo: onsignalStrengthsChanged: LTE Signal Strength info: rsrp: -118 rsrq: -17 rssi: -81 rssnr: -5
08-10 21:50:29.544 25553 25736 D cellinfo: 46 bytes from 44.241.174.93: icmp_seq=323 ttl=32 time=952 ms
08-10 21:50:29.547 25553 25736 D cellinfo: 46 bytes from 44.241.174.93: icmp_seq=324 ttl=32 time=747 ms
08-10 21:50:29.548 25553 25736 D cellinfo: 46 bytes from 44.241.174.93: icmp_seq=325 ttl=32 time=539 ms
08-10 21:50:29.548 25553 25736 D cellinfo: 46 bytes from 44.241.174.93: icmp_seq=326 ttl=32 time=330 ms
08-10 21:50:29.548 25553 25736 D cellinfo: 46 bytes from 44.241.174.93: icmp_seq=327 ttl=32 time=123 ms
08-10 21:50:29.732 25553 25736 D cellinfo: 46 bytes from 44.241.174.93: icmp_seq=328 ttl=32 time=107 ms
08-10 21:50:29.948 25553 25736 D cellinfo: 46 bytes from 44.241.174.93: icmp_seq=329 ttl=32 time=122 ms
08-10 21:50:30.302 25553 25736 D cellinfo: 46 bytes from 44.241.174.93: icmp_seq=330 ttl=32 time=275 ms
08-10 21:50:30.327 25553 25553 D cellinfo: onsignalStrengthsChanged: LTE Signal Strength info: rsrp: -117 rsrq: -17 rssi: -77 rssnr: -5
08-10 21:50:30.712 25553 25736 D cellinfo: 46 bytes from 44.241.174.93: icmp_seq=331 ttl=32 time=476 ms
08-10 21:50:30.801 25553 25736 D cellinfo: 46 bytes from 44.241.174.93: icmp_seq=332 ttl=32 time=363 ms
08-10 21:50:30.805 25553 25736 D cellinfo: 46 bytes from 44.241.174.93: icmp_seq=333 ttl=32 time=160 ms
08-10 21:50:30.995 25553 25736 D cellinfo: 46 bytes from 44.241.174.93: icmp_seq=334 ttl=32 time=149 ms
08-10 21:50:31.165 25553 25736 D cellinfo: 46 bytes from 44.241.174.93: icmp_seq=335 ttl=32 time=117 ms
08-10 21:50:31.392 25553 25553 D cellinfo: onCellInfoChanged: Operator: AT&T UpdateTimestamp: 194504122 CellConnectionStatus: 0
08-10 21:50:31.392 25553 25553 D cellinfo: onCellInfoChanged: LTE Cell Bands: [12] Bandwidth: 2147483647 Cell ID: 98109201 Physical Cell ID: 464 Tracking Area Code: 38403 EARFCN: 5110
08-10 21:50:31.410 25553 25736 D cellinfo: 46 bytes from 44.241.174.93: icmp_seq=336 ttl=32 time=162 ms
08-10 21:50:31.562 25553 25736 D cellinfo: 46 bytes from 44.241.174.93: icmp_seq=337 ttl=32 time=113 ms
08-10 21:50:31.735 25553 25553 D cellinfo: onsignalStrengthsChanged: LTE Signal Strength info: rsrp: -118 rsrq: -18 rssi: -83 rssnr: -6
08-10 21:50:31.754 25553 25736 D cellinfo: 46 bytes from 44.241.174.93: icmp_seq=338 ttl=32 time=103 ms
08-10 21:50:32.286 25553 25736 D cellinfo: 46 bytes from 44.241.174.93: icmp_seq=339 ttl=32 time=435 ms
08-10 21:50:32.305 25553 25736 D cellinfo: 46 bytes from 44.241.174.93: icmp_seq=340 ttl=32 time=255 ms
08-10 21:50:32.371 25553 25736 D cellinfo: 46 bytes from 44.241.174.93: icmp_seq=341 ttl=32 time=121 ms
08-10 21:50:32.561 25553 25736 D cellinfo: 46 bytes from 44.241.174.93: icmp_seq=342 ttl=32 time=110 ms
08-10 21:50:32.768 25553 25736 D cellinfo: 46 bytes from 44.241.174.93: icmp_seq=343 ttl=32 time=116 ms
08-10 21:50:33.005 25553 25736 D cellinfo: 46 bytes from 44.241.174.93: icmp_seq=344 ttl=32 time=152 ms
08-10 21:50:33.419 25553 25553 D cellinfo: Latitude is 41.0171133
08-10 21:50:33.419 25553 25553 D cellinfo: Longitude is -105.4208581
08-10 21:50:33.419 25553 25553 D cellinfo: Instantaneous GPS information: United States, US-287, Tie Siding, WY 82084, USA
08-10 21:50:33.419 25553 25553 D cellinfo: getCurrentLocation() result: Location (success): 41.0171133, -105.4208581
08-10 21:50:33.422 25553 25553 D cellinfo: onsignalStrengthsChanged: LTE Signal Strength info: rsrp: -118 rsrq: -18 rssi: -87 rssnr: -5
08-10 21:50:33.667 25553 25736 D cellinfo: 46 bytes from 44.241.174.93: icmp_seq=345 ttl=32 time=614 ms
08-10 21:50:33.667 25553 25736 D cellinfo: 46 bytes from 44.241.174.93: icmp_seq=346 ttl=32 time=404 ms
08-10 21:50:33.667 25553 25736 D cellinfo: 46 bytes from 44.241.174.93: icmp_seq=347 ttl=32 time=194 ms
08-10 21:50:33.793 25553 25736 D cellinfo: 46 bytes from 44.241.174.93: icmp_seq=348 ttl=32 time=120 ms
08-10 21:50:33.982 25553 25736 D cellinfo: 46 bytes from 44.241.174.93: icmp_seq=349 ttl=32 time=109 ms
08-10 21:50:34.204 25553 25736 D cellinfo: 46 bytes from 44.241.174.93: icmp_seq=350 ttl=32 time=128 ms
08-10 21:50:34.342 25553 25553 D cellinfo: Latitude is 41.0171133
08-10 21:50:34.342 25553 25553 D cellinfo: Longitude is -105.4208581
08-10 21:50:34.343 25553 25553 D cellinfo: Instantaneous GPS information: United States, US-287, Tie Siding, WY 82084, USA
08-10 21:50:34.343 25553 25553 D cellinfo: getCurrentLocation() result: Location (success): 41.0171133, -105.4208581
08-10 21:50:34.382 25553 25553 D cellinfo: onCellInfoChanged: Operator: AT&T UpdateTimestamp: 194507120 CellConnectionStatus: 0
08-10 21:50:34.382 25553 25553 D cellinfo: onCellInfoChanged: LTE Cell Bands: [12] Bandwidth: 2147483647 Cell ID: 98109201 Physical Cell ID: 464 Tracking Area Code: 38403 EARFCN: 5110
08-10 21:50:34.394 25553 25736 D cellinfo: 46 bytes from 44.241.174.93: icmp_seq=351 ttl=32 time=117 ms
08-10 21:50:34.772 25553 25736 D cellinfo: 46 bytes from 44.241.174.93: icmp_seq=352 ttl=32 time=293 ms
08-10 21:50:34.782 25553 25736 D cellinfo: 46 bytes from 44.241.174.93: icmp_seq=353 ttl=32 time=98.5 ms
08-10 21:50:35.161 25553 25736 D cellinfo: 46 bytes from 44.241.174.93: icmp_seq=354 ttl=32 time=274 ms
08-10 21:50:35.283 25553 25736 D cellinfo: 46 bytes from 44.241.174.93: icmp_seq=355 ttl=32 time=196 ms
08-10 21:50:35.841 25553 25736 D cellinfo: 46 bytes from 44.241.174.93: icmp_seq=356 ttl=32 time=555 ms
08-10 21:50:35.870 25553 25736 D cellinfo: 46 bytes from 44.241.174.93: icmp_seq=357 ttl=32 time=385 ms
08-10 21:50:35.875 25553 25736 D cellinfo: 46 bytes from 44.241.174.93: icmp_seq=358 ttl=32 time=184 ms
08-10 21:50:36.226 25553 25736 D cellinfo: 46 bytes from 44.241.174.93: icmp_seq=359 ttl=32 time=334 ms
08-10 21:50:36.227 25553 25736 D cellinfo: 46 bytes from 44.241.174.93: icmp_seq=360 ttl=32 time=135 ms
08-10 21:50:36.340 25553 25553 D cellinfo: onsignalStrengthsChanged: LTE Signal Strength info: rsrp: -118 rsrq: -18 rssi: -85 rssnr: -1
08-10 21:50:37.253 25553 25736 D cellinfo: 46 bytes from 44.241.174.93: icmp_seq=361 ttl=32 time=960 ms
08-10 21:50:37.253 25553 25736 D cellinfo: 46 bytes from 44.241.174.93: icmp_seq=362 ttl=32 time=751 ms
08-10 21:50:37.253 25553 25736 D cellinfo: 46 bytes from 44.241.174.93: icmp_seq=363 ttl=32 time=549 ms
08-10 21:50:37.253 25553 25736 D cellinfo: 46 bytes from 44.241.174.93: icmp_seq=364 ttl=32 time=349 ms
08-10 21:50:37.253 25553 25736 D cellinfo: 46 bytes from 44.241.174.93: icmp_seq=365 ttl=32 time=149 ms
08-10 21:50:37.344 25553 25553 D cellinfo: Latitude is 41.0171133
08-10 21:50:37.345 25553 25553 D cellinfo: Longitude is -105.4208581
08-10 21:50:37.345 25553 25553 D cellinfo: Instantaneous GPS information: United States, US-287, Tie Siding, WY 82084, USA
08-10 21:50:37.345 25553 25553 D cellinfo: getCurrentLocation() result: Location (success): 41.0171133, -105.4208581
08-10 21:50:37.394 25553 25553 D cellinfo: onCellInfoChanged: Operator: AT&T UpdateTimestamp: 194510132 CellConnectionStatus: 0
08-10 21:50:37.395 25553 25553 D cellinfo: onCellInfoChanged: LTE Cell Bands: [12] Bandwidth: 2147483647 Cell ID: 98109201 Physical Cell ID: 464 Tracking Area Code: 38403 EARFCN: 5110
08-10 21:50:37.423 25553 25736 D cellinfo: 46 bytes from 44.241.174.93: icmp_seq=366 ttl=32 time=120 ms
08-10 21:50:37.631 25553 25736 D cellinfo: 46 bytes from 44.241.174.93: icmp_seq=367 ttl=32 time=126 ms
08-10 21:50:37.807 25553 25736 D cellinfo: 46 bytes from 44.241.174.93: icmp_seq=368 ttl=32 time=102 ms
08-10 21:50:38.024 25553 25736 D cellinfo: 46 bytes from 44.241.174.93: icmp_seq=369 ttl=32 time=117 ms
08-10 21:50:38.335 25553 25553 D cellinfo: onServiceStateChanged: Channel Number: 5110 Cell Bandwidths: []
08-10 21:50:38.355 25553 25553 D cellinfo: onServiceStateChanged: Channel Number: 5110 Cell Bandwidths: [10000, 15000, 15000, 5000]
08-10 21:50:38.454 25553 25553 D cellinfo: onsignalStrengthsChanged: LTE Signal Strength info: rsrp: -118 rsrq: -18 rssi: -81 rssnr: -1
08-10 21:50:38.816 25553 25736 D cellinfo: 46 bytes from 44.241.174.93: icmp_seq=371 ttl=32 time=499 ms
08-10 21:50:38.816 25553 25736 D cellinfo: 46 bytes from 44.241.174.93: icmp_seq=372 ttl=32 time=291 ms
08-10 21:50:38.834 25553 25553 D cellinfo: onServiceStateChanged: Channel Number: 5110 Cell Bandwidths: [10000, 15000, 15000, 5000]
08-10 21:50:39.351 25553 25553 D cellinfo: onsignalStrengthsChanged: LTE Signal Strength info: rsrp: -119 rsrq: -18 rssi: -95 rssnr: -3
08-10 21:50:39.364 25553 25736 D cellinfo: 46 bytes from 44.241.174.93: icmp_seq=373 ttl=32 time=631 ms
08-10 21:50:39.364 25553 25736 D cellinfo: 46 bytes from 44.241.174.93: icmp_seq=374 ttl=32 time=430 ms
08-10 21:50:39.378 25553 25736 D cellinfo: 46 bytes from 44.241.174.93: icmp_seq=375 ttl=32 time=243 ms
08-10 21:50:39.693 25553 25736 D cellinfo: 46 bytes from 44.241.174.93: icmp_seq=376 ttl=32 time=359 ms
08-10 21:50:39.827 25553 25553 D cellinfo: onCellInfoChanged: Operator: AT&T UpdateTimestamp: 194512559 CellConnectionStatus: 0
08-10 21:50:39.827 25553 25553 D cellinfo: onCellInfoChanged: LTE Cell Bands: [66] Bandwidth: 2147483647 Cell ID: 113002520 Physical Cell ID: 44 Tracking Area Code: 38918 EARFCN: 66711
08-10 21:50:39.854 25553 25553 D cellinfo: onServiceStateChanged: Channel Number: 66711 Cell Bandwidths: []
08-10 21:50:39.856 25553 25736 D cellinfo: 46 bytes from 44.241.174.93: icmp_seq=377 ttl=32 time=320 ms
08-10 21:50:39.972 25553 25736 D cellinfo: 46 bytes from 44.241.174.93: icmp_seq=378 ttl=32 time=234 ms
08-10 21:50:40.143 25553 25736 D cellinfo: 46 bytes from 44.241.174.93: icmp_seq=379 ttl=32 time=204 ms
08-10 21:50:40.347 25553 25553 D cellinfo: Latitude is 41.0171133
08-10 21:50:40.347 25553 25553 D cellinfo: Longitude is -105.4208581
08-10 21:50:40.347 25553 25553 D cellinfo: Instantaneous GPS information: United States, US-287, Tie Siding, WY 82084, USA
08-10 21:50:40.347 25553 25553 D cellinfo: getCurrentLocation() result: Location (success): 41.0171133, -105.4208581
08-10 21:50:40.408 25553 25553 D cellinfo: onCellInfoChanged: Operator: AT&T UpdateTimestamp: 194513142 CellConnectionStatus: 0
08-10 21:50:40.408 25553 25553 D cellinfo: onCellInfoChanged: LTE Cell Bands: [66] Bandwidth: 2147483647 Cell ID: 113002520 Physical Cell ID: 44 Tracking Area Code: 38918 EARFCN: 66711
08-10 21:50:40.493 25553 25736 D cellinfo: 46 bytes from 44.241.174.93: icmp_seq=380 ttl=32 time=353 ms
08-10 21:50:40.621 25553 25736 D cellinfo: 46 bytes from 44.241.174.93: icmp_seq=381 ttl=32 time=280 ms
08-10 21:50:40.707 25553 25553 D cellinfo: onsignalStrengthsChanged: LTE Signal Strength info: rsrp: -122 rsrq: -19 rssi: -93 rssnr: -6
08-10 21:50:40.913 25553 25736 D cellinfo: 46 bytes from 44.241.174.93: icmp_seq=382 ttl=32 time=371 ms
08-10 21:50:41.098 25553 25736 D cellinfo: 46 bytes from 44.241.174.93: icmp_seq=383 ttl=32 time=355 ms
08-10 21:50:41.432 25553 25736 D cellinfo: 46 bytes from 44.241.174.93: icmp_seq=384 ttl=32 time=489 ms
08-10 21:50:42.339 25553 25553 D cellinfo: onsignalStrengthsChanged: LTE Signal Strength info: rsrp: -124 rsrq: -19 rssi: -95 rssnr: -7
08-10 21:50:42.886 25553 25553 D cellinfo: onCellInfoChanged: Operator: AT&T UpdateTimestamp: 194515619 CellConnectionStatus: 0
08-10 21:50:42.886 25553 25553 D cellinfo: onCellInfoChanged: LTE Cell Bands: [66] Bandwidth: 2147483647 Cell ID: 113002520 Physical Cell ID: 44 Tracking Area Code: 38918 EARFCN: 66711
08-10 21:50:43.474 25553 25736 D cellinfo: 46 bytes from 44.241.174.93: icmp_seq=385 ttl=32 time=2331 ms
08-10 21:50:44.382 25553 25553 D cellinfo: onsignalStrengthsChanged: LTE Signal Strength info: rsrp: -126 rsrq: -19 rssi: -91 rssnr: -8
08-10 21:50:44.401 25553 25553 D cellinfo: onCellInfoChanged: Operator: AT&T UpdateTimestamp: 194517135 CellConnectionStatus: 0
08-10 21:50:44.401 25553 25553 D cellinfo: onCellInfoChanged: LTE Cell Bands: [12] Bandwidth: 2147483647 Cell ID: 112998672 Physical Cell ID: 4 Tracking Area Code: 38918 EARFCN: 5090
08-10 21:50:44.433 25553 25553 D cellinfo: onServiceStateChanged: Channel Number: 5090 Cell Bandwidths: []
08-10 21:50:44.454 25553 25553 D cellinfo: onDisplayInfoChanged: NetworkType: LTE OverrideNetworkType: None
08-10 21:50:44.561 25553 25736 D cellinfo: 46 bytes from 44.241.174.93: icmp_seq=396 ttl=32 time=1155 ms
08-10 21:50:44.638 25553 25736 D cellinfo: 46 bytes from 44.241.174.93: icmp_seq=397 ttl=32 time=1033 ms
08-10 21:50:44.655 25553 25736 D cellinfo: 46 bytes from 44.241.174.93: icmp_seq=398 ttl=32 time=840 ms
08-10 21:50:44.699 25553 25736 D cellinfo: 46 bytes from 44.241.174.93: icmp_seq=399 ttl=32 time=678 ms
08-10 21:50:44.699 25553 25736 D cellinfo: 46 bytes from 44.241.174.93: icmp_seq=400 ttl=32 time=471 ms
08-10 21:50:45.890 25553 25736 D cellinfo: 46 bytes from 44.241.174.93: icmp_seq=401 ttl=32 time=1452 ms
08-10 21:50:46.891 25553 25736 D cellinfo: 46 bytes from 44.241.174.93: icmp_seq=402 ttl=32 time=2251 ms
08-10 21:50:46.891 25553 25736 D cellinfo: 46 bytes from 44.241.174.93: icmp_seq=403 ttl=32 time=2049 ms
08-10 21:50:46.892 25553 25736 D cellinfo: 46 bytes from 44.241.174.93: icmp_seq=404 ttl=32 time=1850 ms
08-10 21:50:46.892 25553 25736 D cellinfo: 46 bytes from 44.241.174.93: icmp_seq=405 ttl=32 time=1649 ms
08-10 21:50:46.892 25553 25736 D cellinfo: 46 bytes from 44.241.174.93: icmp_seq=406 ttl=32 time=1439 ms
08-10 21:50:46.892 25553 25736 D cellinfo: 46 bytes from 44.241.174.93: icmp_seq=407 ttl=32 time=1238 ms
08-10 21:50:47.482 25553 25736 D cellinfo: 46 bytes from 44.241.174.93: icmp_seq=408 ttl=32 time=1630 ms
08-10 21:50:49.486 25553 25553 D cellinfo: getCurrentLocation() result: Location (success): 41.0134721, -105.4200648
08-10 21:50:49.488 25553 25553 D cellinfo: onsignalStrengthsChanged: LTE Signal Strength info: rsrp: -127 rsrq: -19 rssi: -87 rssnr: -9
08-10 21:50:49.488 25553 25553 D cellinfo: onCellInfoChanged: Operator: AT&T UpdateTimestamp: 194518153 CellConnectionStatus: 0
08-10 21:50:49.488 25553 25553 D cellinfo: onCellInfoChanged: LTE Cell Bands: [12] Bandwidth: 2147483647 Cell ID: 112998672 Physical Cell ID: 4 Tracking Area Code: 38918 EARFCN: 5090
08-10 21:50:49.488 25553 25553 D cellinfo: onCellInfoChanged: Operator: AT&T UpdateTimestamp: 194520196 CellConnectionStatus: 0
08-10 21:50:49.488 25553 25553 D cellinfo: onCellInfoChanged: LTE Cell Bands: [12] Bandwidth: 2147483647 Cell ID: 112998672 Physical Cell ID: 4 Tracking Area Code: 38918 EARFCN: 5090
08-10 21:50:49.488 25553 25553 D cellinfo: onsignalStrengthsChanged: LTE Signal Strength info: rsrp: -128 rsrq: -19 rssi: -83 rssnr: -7
08-10 21:50:50.202 25553 25736 D cellinfo: 46 bytes from 44.241.174.93: icmp_seq=419 ttl=32 time=2087 ms
08-10 21:50:50.202 25553 25736 D cellinfo: 46 bytes from 44.241.174.93: icmp_seq=420 ttl=32 time=1886 ms
08-10 21:50:50.219 25553 25736 D cellinfo: 46 bytes from 44.241.174.93: icmp_seq=421 ttl=32 time=1693 ms
08-10 21:50:50.229 25553 25736 D cellinfo: 46 bytes from 44.241.174.93: icmp_seq=422 ttl=32 time=1501 ms
08-10 21:50:50.231 25553 25736 D cellinfo: 46 bytes from 44.241.174.93: icmp_seq=423 ttl=32 time=1293 ms
08-10 21:50:50.231 25553 25736 D cellinfo: 46 bytes from 44.241.174.93: icmp_seq=424 ttl=32 time=1085 ms
08-10 21:50:50.231 25553 25736 D cellinfo: 46 bytes from 44.241.174.93: icmp_seq=425 ttl=32 time=876 ms
08-10 21:50:50.245 25553 25736 D cellinfo: 46 bytes from 44.241.174.93: icmp_seq=426 ttl=32 time=680 ms
08-10 21:50:50.245 25553 25736 D cellinfo: 46 bytes from 44.241.174.93: icmp_seq=427 ttl=32 time=470 ms
08-10 21:50:50.254 25553 25736 D cellinfo: 46 bytes from 44.241.174.93: icmp_seq=428 ttl=32 time=278 ms
08-10 21:50:50.319 25553 25736 D cellinfo: 46 bytes from 44.241.174.93: icmp_seq=429 ttl=32 time=133 ms
08-10 21:50:50.547 25553 25736 D cellinfo: 46 bytes from 44.241.174.93: icmp_seq=430 ttl=32 time=160 ms
08-10 21:50:50.706 25553 25736 D cellinfo: 46 bytes from 44.241.174.93: icmp_seq=431 ttl=32 time=117 ms
08-10 21:50:50.894 25553 25736 D cellinfo: 46 bytes from 44.241.174.93: icmp_seq=432 ttl=32 time=103 ms
08-10 21:50:50.894 25553 25553 D cellinfo: Latitude is 41.0134721
08-10 21:50:50.894 25553 25553 D cellinfo: Longitude is -105.4200648
08-10 21:50:50.894 25553 25553 D cellinfo: Instantaneous GPS information: United States, 2367-2469 US-287, Tie Siding, WY 82084, USA
08-10 21:50:50.894 25553 25553 D cellinfo: getCurrentLocation() result: Location (success): 41.0134721, -105.4200648
08-10 21:50:51.125 25553 25736 D cellinfo: 46 bytes from 44.241.174.93: icmp_seq=433 ttl=32 time=132 ms
08-10 21:50:51.301 25553 25736 D cellinfo: 46 bytes from 44.241.174.93: icmp_seq=434 ttl=32 time=108 ms
08-10 21:50:51.505 25553 25736 D cellinfo: 46 bytes from 44.241.174.93: icmp_seq=435 ttl=32 time=110 ms
08-10 21:50:51.670 25553 25553 D cellinfo: Latitude is 41.0118771
08-10 21:50:51.670 25553 25553 D cellinfo: Longitude is -105.4200093
08-10 21:50:51.670 25553 25553 D cellinfo: Instantaneous GPS information: United States, 2367-2469 US-287, Tie Siding, WY 82084, USA
08-10 21:50:51.670 25553 25553 D cellinfo: getCurrentLocation() result: Location (success): 41.0118771, -105.4200093
08-10 21:50:51.673 25553 25553 D cellinfo: onsignalStrengthsChanged: LTE Signal Strength info: rsrp: -122 rsrq: -17 rssi: -85 rssnr: -6
08-10 21:50:51.673 25553 25553 D cellinfo: onCellInfoChanged: Operator: AT&T UpdateTimestamp: 194522896 CellConnectionStatus: 0
08-10 21:50:51.673 25553 25553 D cellinfo: onCellInfoChanged: LTE Cell Bands: [12] Bandwidth: 2147483647 Cell ID: 98109201 Physical Cell ID: 464 Tracking Area Code: 38403 EARFCN: 5110
08-10 21:50:51.674 25553 25553 D cellinfo: onServiceStateChanged: Channel Number: 5110 Cell Bandwidths: []
08-10 21:50:51.674 25553 25553 D cellinfo: onDisplayInfoChanged: NetworkType: LTE OverrideNetworkType: 5G (Sub-6 GHz)
08-10 21:50:51.674 25553 25553 D cellinfo: onCellInfoChanged: Operator: AT&T UpdateTimestamp: 194523093 CellConnectionStatus: 0
08-10 21:50:51.674 25553 25553 D cellinfo: onCellInfoChanged: LTE Cell Bands: [2] Bandwidth: 2147483647 Cell ID: 98109194 Physical Cell ID: 264 Tracking Area Code: 38403 EARFCN: 1075
08-10 21:50:51.675 25553 25553 D cellinfo: onServiceStateChanged: Channel Number: 1075 Cell Bandwidths: []
08-10 21:50:51.697 25553 25553 D cellinfo: onCellInfoChanged: Operator: AT&T UpdateTimestamp: 194524433 CellConnectionStatus: 0
08-10 21:50:51.697 25553 25553 D cellinfo: onCellInfoChanged: LTE Cell Bands: [2] Bandwidth: 2147483647 Cell ID: 98109194 Physical Cell ID: 264 Tracking Area Code: 38403 EARFCN: 1075
08-10 21:50:51.709 25553 25736 D cellinfo: 46 bytes from 44.241.174.93: icmp_seq=436 ttl=32 time=114 ms
08-10 21:50:51.928 25553 25736 D cellinfo: 46 bytes from 44.241.174.93: icmp_seq=437 ttl=32 time=132 ms
08-10 21:50:52.102 25553 25736 D cellinfo: 46 bytes from 44.241.174.93: icmp_seq=438 ttl=32 time=107 ms
08-10 21:50:52.303 25553 25736 D cellinfo: 46 bytes from 44.241.174.93: icmp_seq=439 ttl=32 time=108 ms
08-10 21:50:52.346 25553 25553 D cellinfo: Latitude is 41.0118771
08-10 21:50:52.346 25553 25553 D cellinfo: Longitude is -105.4200093
08-10 21:50:52.346 25553 25553 D cellinfo: Instantaneous GPS information: United States, 2367-2469 US-287, Tie Siding, WY 82084, USA
08-10 21:50:52.346 25553 25553 D cellinfo: getCurrentLocation() result: Location (success): 41.0118771, -105.4200093
08-10 21:50:52.525 25553 25736 D cellinfo: 46 bytes from 44.241.174.93: icmp_seq=440 ttl=32 time=130 ms
08-10 21:50:52.741 25553 25736 D cellinfo: 46 bytes from 44.241.174.93: icmp_seq=441 ttl=32 time=145 ms
08-10 21:50:52.942 25553 25736 D cellinfo: 46 bytes from 44.241.174.93: icmp_seq=442 ttl=32 time=144 ms
08-10 21:50:53.169 25553 25736 D cellinfo: 46 bytes from 44.241.174.93: icmp_seq=443 ttl=32 time=170 ms
08-10 21:50:53.527 25553 25736 D cellinfo: 46 bytes from 44.241.174.93: icmp_seq=444 ttl=32 time=329 ms
08-10 21:50:53.615 25553 25736 D cellinfo: 46 bytes from 44.241.174.93: icmp_seq=445 ttl=32 time=216 ms
08-10 21:50:53.726 25553 25736 D cellinfo: 46 bytes from 44.241.174.93: icmp_seq=446 ttl=32 time=127 ms
08-10 21:50:53.937 25553 25736 D cellinfo: 46 bytes from 44.241.174.93: icmp_seq=447 ttl=32 time=136 ms
08-10 21:50:54.108 25553 25736 D cellinfo: 46 bytes from 44.241.174.93: icmp_seq=448 ttl=32 time=107 ms
08-10 21:50:54.143 25553 25553 D cellinfo: onsignalStrengthsChanged: LTE Signal Strength info: rsrp: -117 rsrq: -14 rssi: -83 rssnr: -2
08-10 21:50:54.294 25553 25736 D cellinfo: 46 bytes from 44.241.174.93: icmp_seq=449 ttl=32 time=92.5 ms
08-10 21:50:54.342 25553 25553 D cellinfo: onsignalStrengthsChanged: LTE Signal Strength info: rsrp: -115 rsrq: -13 rssi: -83 rssnr: 0
08-10 21:50:54.351 25553 25553 D cellinfo: onsignalStrengthsChanged: LTE Signal Strength info: rsrp: -113 rsrq: -13 rssi: -83 rssnr: 1
08-10 21:50:54.554 25553 25736 D cellinfo: 46 bytes from 44.241.174.93: icmp_seq=450 ttl=32 time=151 ms
08-10 21:50:54.814 25553 25553 D cellinfo: onServiceStateChanged: Channel Number: 1075 Cell Bandwidths: [15000, 0]
08-10 21:50:54.817 25553 25553 D cellinfo: onDisplayInfoChanged: NetworkType: LTE OverrideNetworkType: 5G (Sub-6 GHz)
08-10 21:50:54.872 25553 25736 D cellinfo: 46 bytes from 44.241.174.93: icmp_seq=451 ttl=32 time=267 ms
08-10 21:50:54.942 25553 25736 D cellinfo: 46 bytes from 44.241.174.93: icmp_seq=452 ttl=32 time=130 ms
08-10 21:50:55.015 25553 25553 D cellinfo: onsignalStrengthsChanged: LTE Signal Strength info: rsrp: -113 rsrq: -13 rssi: -83 rssnr: 1
08-10 21:50:55.015 25553 25553 D cellinfo: onsignalStrengthsChanged: 5G-NR Signal Strength info: ssrsrp: -107 ssrsrq: -12 sssinr: 2147483647
08-10 21:50:55.162 25553 25736 D cellinfo: 46 bytes from 44.241.174.93: icmp_seq=453 ttl=32 time=149 ms
08-10 21:50:55.301 25553 25736 D cellinfo: 46 bytes from 44.241.174.93: icmp_seq=454 ttl=32 time=87.8 ms
08-10 21:50:55.333 25553 25553 D cellinfo: Latitude is 41.0118771
08-10 21:50:55.333 25553 25553 D cellinfo: Longitude is -105.4200093
08-10 21:50:55.333 25553 25553 D cellinfo: Instantaneous GPS information: United States, 2367-2469 US-287, Tie Siding, WY 82084, USA
08-10 21:50:55.333 25553 25553 D cellinfo: getCurrentLocation() result: Location (success): 41.0118771, -105.4200093
08-10 21:50:55.369 25553 25553 D cellinfo: onCellInfoChanged: Operator: AT&T UpdateTimestamp: 194528107 CellConnectionStatus: 0
08-10 21:50:55.369 25553 25553 D cellinfo: onCellInfoChanged: LTE Cell Bands: [2] Bandwidth: 2147483647 Cell ID: 98109194 Physical Cell ID: 264 Tracking Area Code: 38403 EARFCN: 1075
08-10 21:50:55.511 25553 25736 D cellinfo: 46 bytes from 44.241.174.93: icmp_seq=455 ttl=32 time=96.6 ms
08-10 21:50:55.528 25553 25553 D cellinfo: onsignalStrengthsChanged: LTE Signal Strength info: rsrp: -113 rsrq: -13 rssi: -83 rssnr: 1
08-10 21:50:55.528 25553 25553 D cellinfo: onsignalStrengthsChanged: 5G-NR Signal Strength info: ssrsrp: -104 ssrsrq: -11 sssinr: 13
08-10 21:50:55.753 25553 25736 D cellinfo: 46 bytes from 44.241.174.93: icmp_seq=456 ttl=32 time=137 ms
08-10 21:50:55.932 25553 25736 D cellinfo: 46 bytes from 44.241.174.93: icmp_seq=457 ttl=32 time=116 ms
08-10 21:50:56.136 25553 25736 D cellinfo: 46 bytes from 44.241.174.93: icmp_seq=458 ttl=32 time=120 ms
08-10 21:50:56.335 25553 25736 D cellinfo: 46 bytes from 44.241.174.93: icmp_seq=459 ttl=32 time=117 ms
08-10 21:50:56.383 25553 25553 D cellinfo: onsignalStrengthsChanged: LTE Signal Strength info: rsrp: -112 rsrq: -12 rssi: -85 rssnr: 3
08-10 21:50:56.383 25553 25553 D cellinfo: onsignalStrengthsChanged: 5G-NR Signal Strength info: ssrsrp: -104 ssrsrq: -11 sssinr: 13
08-10 21:50:56.515 25553 25736 D cellinfo: 46 bytes from 44.241.174.93: icmp_seq=460 ttl=32 time=98.3 ms
08-10 21:50:56.523 25553 25553 D cellinfo: onsignalStrengthsChanged: LTE Signal Strength info: rsrp: -112 rsrq: -12 rssi: -85 rssnr: 3
08-10 21:50:56.523 25553 25553 D cellinfo: onsignalStrengthsChanged: 5G-NR Signal Strength info: ssrsrp: -105 ssrsrq: -11 sssinr: 13
08-10 21:50:56.998 25553 25736 D cellinfo: 46 bytes from 44.241.174.93: icmp_seq=461 ttl=32 time=377 ms
08-10 21:50:56.998 25553 25736 D cellinfo: 46 bytes from 44.241.174.93: icmp_seq=462 ttl=32 time=168 ms
08-10 21:50:57.122 25553 25736 D cellinfo: 46 bytes from 44.241.174.93: icmp_seq=463 ttl=32 time=94.0 ms
08-10 21:50:57.316 25553 25736 D cellinfo: 46 bytes from 44.241.174.93: icmp_seq=464 ttl=32 time=87.1 ms
08-10 21:50:57.345 25553 25553 D cellinfo: onsignalStrengthsChanged: LTE Signal Strength info: rsrp: -113 rsrq: -13 rssi: -85 rssnr: 3
08-10 21:50:57.345 25553 25553 D cellinfo: onsignalStrengthsChanged: 5G-NR Signal Strength info: ssrsrp: -105 ssrsrq: -11 sssinr: 13
08-10 21:50:57.533 25553 25736 D cellinfo: 46 bytes from 44.241.174.93: icmp_seq=465 ttl=32 time=100 ms
08-10 21:50:57.722 25553 25736 D cellinfo: 46 bytes from 44.241.174.93: icmp_seq=466 ttl=32 time=89.7 ms
08-10 21:50:57.922 25553 25736 D cellinfo: 46 bytes from 44.241.174.93: icmp_seq=467 ttl=32 time=90.2 ms
08-10 21:50:58.116 25553 25736 D cellinfo: 46 bytes from 44.241.174.93: icmp_seq=468 ttl=32 time=83.8 ms
08-10 21:50:58.353 25553 25553 D cellinfo: Latitude is 41.0118771
08-10 21:50:58.353 25553 25553 D cellinfo: Longitude is -105.4200093
08-10 21:50:58.353 25553 25553 D cellinfo: Instantaneous GPS information: United States, 2367-2469 US-287, Tie Siding, WY 82084, USA
08-10 21:50:58.353 25553 25553 D cellinfo: getCurrentLocation() result: Location (success): 41.0118771, -105.4200093
08-10 21:50:58.399 25553 25553 D cellinfo: onCellInfoChanged: Operator: AT&T UpdateTimestamp: 194531135 CellConnectionStatus: 0
08-10 21:50:58.399 25553 25553 D cellinfo: onCellInfoChanged: LTE Cell Bands: [2] Bandwidth: 2147483647 Cell ID: 98109194 Physical Cell ID: 264 Tracking Area Code: 38403 EARFCN: 1075
08-10 21:50:58.453 25553 25736 D cellinfo: 46 bytes from 44.241.174.93: icmp_seq=469 ttl=32 time=219 ms
08-10 21:50:58.580 25553 25736 D cellinfo: 46 bytes from 44.241.174.93: icmp_seq=470 ttl=32 time=144 ms
08-10 21:50:58.621 25553 25553 D cellinfo: onsignalStrengthsChanged: LTE Signal Strength info: rsrp: -113 rsrq: -13 rssi: -89 rssnr: 4
08-10 21:50:58.621 25553 25553 D cellinfo: onsignalStrengthsChanged: 5G-NR Signal Strength info: ssrsrp: -106 ssrsrq: -11 sssinr: 13
08-10 21:50:58.738 25553 25736 D cellinfo: 46 bytes from 44.241.174.93: icmp_seq=471 ttl=32 time=103 ms
08-10 21:50:58.925 25553 25736 D cellinfo: 46 bytes from 44.241.174.93: icmp_seq=472 ttl=32 time=88.0 ms
08-10 21:50:59.125 25553 25736 D cellinfo: 46 bytes from 44.241.174.93: icmp_seq=473 ttl=32 time=88.3 ms
08-10 21:50:59.325 25553 25736 D cellinfo: 46 bytes from 44.241.174.93: icmp_seq=474 ttl=32 time=87.4 ms
08-10 21:50:59.522 25553 25553 D cellinfo: onsignalStrengthsChanged: LTE Signal Strength info: rsrp: -113 rsrq: -13 rssi: -89 rssnr: 4
08-10 21:50:59.522 25553 25553 D cellinfo: onsignalStrengthsChanged: 5G-NR Signal Strength info: ssrsrp: -103 ssrsrq: -11 sssinr: 15
08-10 21:50:59.577 25553 25736 D cellinfo: 46 bytes from 44.241.174.93: icmp_seq=475 ttl=32 time=138 ms
08-10 21:51:00.192 25553 25553 D cellinfo: onsignalStrengthsChanged: LTE Signal Strength info: rsrp: -113 rsrq: -13 rssi: -89 rssnr: 4
08-10 21:51:01.398 25553 25553 D cellinfo: onCellInfoChanged: Operator: 000000 UpdateTimestamp: 194534133 CellConnectionStatus: 0
08-10 21:51:01.399 25553 25553 D cellinfo: onCellInfoChanged: LTE Cell Bands: [12] Bandwidth: 2147483647 Cell ID: 2147483647 Physical Cell ID: 168 Tracking Area Code: 65535 EARFCN: 5110
08-10 21:51:02.619 25553 25553 D cellinfo: onServiceStateChanged: Channel Number: 1075 Cell Bandwidths: [15000, 0]
08-10 21:51:02.631 25553 25553 D cellinfo: onDisplayInfoChanged: NetworkType: LTE OverrideNetworkType: 5G (Sub-6 GHz)
08-10 21:51:02.672 25553 25553 D cellinfo: onsignalStrengthsChanged: LTE Signal Strength info: rsrp: -113 rsrq: -13 rssi: -89 rssnr: 4
08-10 21:51:02.685 25553 25553 D cellinfo: onsignalStrengthsChanged: LTE Signal Strength info: rsrp: -117 rsrq: -14 rssi: -91 rssnr: 0
08-10 21:51:02.703 25553 25553 D cellinfo: onCellInfoChanged: Operator: AT&T UpdateTimestamp: 194535432 CellConnectionStatus: 0
08-10 21:51:02.703 25553 25553 D cellinfo: onCellInfoChanged: LTE Cell Bands: [12] Bandwidth: 2147483647 Cell ID: 98109201 Physical Cell ID: 464 Tracking Area Code: 38403 EARFCN: 5110
08-10 21:51:02.719 25553 25553 D cellinfo: onServiceStateChanged: Channel Number: 5110 Cell Bandwidths: []
08-10 21:51:02.889 25553 25736 D cellinfo: 46 bytes from 44.241.174.93: icmp_seq=485 ttl=32 time=1388 ms
08-10 21:51:02.891 25553 25736 D cellinfo: 46 bytes from 44.241.174.93: icmp_seq=486 ttl=32 time=1183 ms
08-10 21:51:02.912 25553 25736 D cellinfo: 46 bytes from 44.241.174.93: icmp_seq=487 ttl=32 time=1002 ms
08-10 21:51:02.914 25553 25736 D cellinfo: 46 bytes from 44.241.174.93: icmp_seq=488 ttl=32 time=799 ms
08-10 21:51:02.914 25553 25736 D cellinfo: 46 bytes from 44.241.174.93: icmp_seq=489 ttl=32 time=598 ms
08-10 21:51:02.914 25553 25736 D cellinfo: 46 bytes from 44.241.174.93: icmp_seq=490 ttl=32 time=388 ms
08-10 21:51:02.914 25553 25736 D cellinfo: 46 bytes from 44.241.174.93: icmp_seq=491 ttl=32 time=181 ms
08-10 21:51:03.082 25553 25736 D cellinfo: 46 bytes from 44.241.174.93: icmp_seq=492 ttl=32 time=149 ms
08-10 21:51:03.318 25553 25736 D cellinfo: 46 bytes from 44.241.174.93: icmp_seq=493 ttl=32 time=182 ms
08-10 21:51:03.477 25553 25736 D cellinfo: 46 bytes from 44.241.174.93: icmp_seq=494 ttl=32 time=140 ms
08-10 21:51:03.631 25553 25736 D cellinfo: 46 bytes from 44.241.174.93: icmp_seq=495 ttl=32 time=92.6 ms
08-10 21:51:03.906 25553 25736 D cellinfo: 46 bytes from 44.241.174.93: icmp_seq=496 ttl=32 time=164 ms
08-10 21:51:03.968 25553 25553 D cellinfo: Latitude is 41.0075809
08-10 21:51:03.969 25553 25553 D cellinfo: Longitude is -105.4194401
08-10 21:51:03.969 25553 25553 D cellinfo: Instantaneous GPS information: United States, 2471-2551 US-287, Laramie, WY 82070, USA
08-10 21:51:03.969 25553 25553 D cellinfo: getCurrentLocation() result: Location (success): 41.0075809, -105.4194401
08-10 21:51:03.971 25553 25553 D cellinfo: onsignalStrengthsChanged: LTE Signal Strength info: rsrp: -119 rsrq: -14 rssi: -91 rssnr: -2
08-10 21:51:04.077 25553 25736 D cellinfo: 46 bytes from 44.241.174.93: icmp_seq=497 ttl=32 time=133 ms
08-10 21:51:04.278 25553 25736 D cellinfo: 46 bytes from 44.241.174.93: icmp_seq=498 ttl=32 time=134 ms
08-10 21:51:04.362 25553 25553 D cellinfo: Latitude is 41.0075809
08-10 21:51:04.362 25553 25553 D cellinfo: Longitude is -105.4194401
08-10 21:51:04.362 25553 25553 D cellinfo: Instantaneous GPS information: United States, 2471-2551 US-287, Laramie, WY 82070, USA
08-10 21:51:04.362 25553 25553 D cellinfo: getCurrentLocation() result: Location (success): 41.0075809, -105.4194401
08-10 21:51:04.407 25553 25553 D cellinfo: onCellInfoChanged: Operator: AT&T UpdateTimestamp: 194537144 CellConnectionStatus: 0
08-10 21:51:04.407 25553 25553 D cellinfo: onCellInfoChanged: LTE Cell Bands: [12] Bandwidth: 2147483647 Cell ID: 98109201 Physical Cell ID: 464 Tracking Area Code: 38403 EARFCN: 5110
08-10 21:51:04.474 25553 25736 D cellinfo: 46 bytes from 44.241.174.93: icmp_seq=499 ttl=32 time=130 ms
08-10 21:51:04.676 25553 25736 D cellinfo: 46 bytes from 44.241.174.93: icmp_seq=500 ttl=32 time=131 ms
08-10 21:51:04.876 25553 25736 D cellinfo: 46 bytes from 44.241.174.93: icmp_seq=501 ttl=32 time=130 ms
08-10 21:51:05.049 25553 25736 D cellinfo: 46 bytes from 44.241.174.93: icmp_seq=502 ttl=32 time=102 ms
08-10 21:51:05.279 25553 25736 D cellinfo: 46 bytes from 44.241.174.93: icmp_seq=503 ttl=32 time=132 ms
08-10 21:51:05.340 25553 25553 D cellinfo: onsignalStrengthsChanged: LTE Signal Strength info: rsrp: -122 rsrq: -15 rssi: -93 rssnr: -3
08-10 21:51:05.476 25553 25736 D cellinfo: 46 bytes from 44.241.174.93: icmp_seq=504 ttl=32 time=128 ms
08-10 21:51:05.716 25553 25736 D cellinfo: 46 bytes from 44.241.174.93: icmp_seq=505 ttl=32 time=166 ms
08-10 21:51:05.916 25553 25736 D cellinfo: 46 bytes from 44.241.174.93: icmp_seq=506 ttl=32 time=166 ms
08-10 21:51:06.077 25553 25736 D cellinfo: 46 bytes from 44.241.174.93: icmp_seq=507 ttl=32 time=126 ms
08-10 21:51:06.276 25553 25736 D cellinfo: 46 bytes from 44.241.174.93: icmp_seq=508 ttl=32 time=125 ms
08-10 21:51:06.355 25553 25553 D cellinfo: onsignalStrengthsChanged: LTE Signal Strength info: rsrp: -123 rsrq: -15 rssi: -91 rssnr: -4
08-10 21:51:06.515 25553 25736 D cellinfo: 46 bytes from 44.241.174.93: icmp_seq=509 ttl=32 time=165 ms
08-10 21:51:06.756 25553 25736 D cellinfo: 46 bytes from 44.241.174.93: icmp_seq=510 ttl=32 time=205 ms
08-10 21:51:06.883 25553 25736 D cellinfo: 46 bytes from 44.241.174.93: icmp_seq=511 ttl=32 time=124 ms
08-10 21:51:07.080 25553 25736 D cellinfo: 46 bytes from 44.241.174.93: icmp_seq=512 ttl=32 time=122 ms
08-10 21:51:07.304 25553 25736 D cellinfo: 46 bytes from 44.241.174.93: icmp_seq=513 ttl=32 time=144 ms
08-10 21:51:07.358 25553 25553 D cellinfo: Latitude is 41.0075809
08-10 21:51:07.358 25553 25553 D cellinfo: Longitude is -105.4194401
08-10 21:51:07.358 25553 25553 D cellinfo: Instantaneous GPS information: United States, 2471-2551 US-287, Laramie, WY 82070, USA
08-10 21:51:07.358 25553 25553 D cellinfo: getCurrentLocation() result: Location (success): 41.0075809, -105.4194401
08-10 21:51:07.407 25553 25553 D cellinfo: onCellInfoChanged: Operator: AT&T UpdateTimestamp: 194540142 CellConnectionStatus: 0
08-10 21:51:07.407 25553 25553 D cellinfo: onCellInfoChanged: LTE Cell Bands: [12] Bandwidth: 2147483647 Cell ID: 98109201 Physical Cell ID: 464 Tracking Area Code: 38403 EARFCN: 5110
08-10 21:51:07.581 25553 25553 D cellinfo: onsignalStrengthsChanged: LTE Signal Strength info: rsrp: -124 rsrq: -16 rssi: -89 rssnr: -4
08-10 21:51:07.763 25553 25736 D cellinfo: 46 bytes from 44.241.174.93: icmp_seq=514 ttl=32 time=403 ms
08-10 21:51:07.763 25553 25736 D cellinfo: 46 bytes from 44.241.174.93: icmp_seq=515 ttl=32 time=194 ms
08-10 21:51:07.926 25553 25736 D cellinfo: 46 bytes from 44.241.174.93: icmp_seq=516 ttl=32 time=156 ms
08-10 21:51:08.079 25553 25736 D cellinfo: 46 bytes from 44.241.174.93: icmp_seq=517 ttl=32 time=109 ms
08-10 21:51:08.356 25553 25736 D cellinfo: 46 bytes from 44.241.174.93: icmp_seq=518 ttl=32 time=186 ms
08-10 21:51:08.516 25553 25736 D cellinfo: 46 bytes from 44.241.174.93: icmp_seq=519 ttl=32 time=145 ms
08-10 21:51:08.757 25553 25736 D cellinfo: 46 bytes from 44.241.174.93: icmp_seq=520 ttl=32 time=182 ms
08-10 21:51:08.956 25553 25736 D cellinfo: 46 bytes from 44.241.174.93: icmp_seq=521 ttl=32 time=182 ms
08-10 21:51:09.117 25553 25736 D cellinfo: 46 bytes from 44.241.174.93: icmp_seq=522 ttl=32 time=140 ms
08-10 21:51:09.315 25553 25736 D cellinfo: 46 bytes from 44.241.174.93: icmp_seq=523 ttl=32 time=139 ms
08-10 21:51:09.353 25553 25553 D cellinfo: onsignalStrengthsChanged: LTE Signal Strength info: rsrp: -125 rsrq: -17 rssi: -91 rssnr: -4
08-10 21:51:09.516 25553 25736 D cellinfo: 46 bytes from 44.241.174.93: icmp_seq=524 ttl=32 time=139 ms
08-10 21:51:09.996 25553 25736 D cellinfo: 46 bytes from 44.241.174.93: icmp_seq=525 ttl=32 time=418 ms
08-10 21:51:10.151 25553 25736 D cellinfo: 46 bytes from 44.241.174.93: icmp_seq=526 ttl=32 time=366 ms
08-10 21:51:10.155 25553 25736 D cellinfo: 46 bytes from 44.241.174.93: icmp_seq=527 ttl=32 time=163 ms
08-10 21:51:10.348 25553 25553 D cellinfo: Latitude is 41.0075809
08-10 21:51:10.348 25553 25553 D cellinfo: Longitude is -105.4194401
08-10 21:51:10.348 25553 25553 D cellinfo: Instantaneous GPS information: United States, 2471-2551 US-287, Laramie, WY 82070, USA
08-10 21:51:10.348 25553 25553 D cellinfo: getCurrentLocation() result: Location (success): 41.0075809, -105.4194401
08-10 21:51:10.394 25553 25736 D cellinfo: 46 bytes from 44.241.174.93: icmp_seq=528 ttl=32 time=202 ms
08-10 21:51:10.409 25553 25553 D cellinfo: onCellInfoChanged: Operator: AT&T UpdateTimestamp: 194543130 CellConnectionStatus: 0
08-10 21:51:10.409 25553 25553 D cellinfo: onCellInfoChanged: LTE Cell Bands: [12] Bandwidth: 2147483647 Cell ID: 98109201 Physical Cell ID: 464 Tracking Area Code: 38403 EARFCN: 5110
08-10 21:51:10.525 25553 25736 D cellinfo: 46 bytes from 44.241.174.93: icmp_seq=529 ttl=32 time=130 ms
08-10 21:51:10.836 25553 25736 D cellinfo: 46 bytes from 44.241.174.93: icmp_seq=530 ttl=32 time=239 ms
08-10 21:51:10.956 25553 25736 D cellinfo: 46 bytes from 44.241.174.93: icmp_seq=531 ttl=32 time=151 ms
08-10 21:51:11.556 25553 25736 D cellinfo: 46 bytes from 44.241.174.93: icmp_seq=532 ttl=32 time=549 ms
08-10 21:51:11.556 25553 25736 D cellinfo: 46 bytes from 44.241.174.93: icmp_seq=533 ttl=32 time=349 ms
08-10 21:51:11.557 25553 25736 D cellinfo: 46 bytes from 44.241.174.93: icmp_seq=534 ttl=32 time=148 ms
08-10 21:51:11.756 25553 25736 D cellinfo: 46 bytes from 44.241.174.93: icmp_seq=535 ttl=32 time=147 ms
08-10 21:51:12.062 25553 25553 D cellinfo: onsignalStrengthsChanged: LTE Signal Strength info: rsrp: -126 rsrq: -18 rssi: -89 rssnr: -4
08-10 21:51:12.063 25553 25736 D cellinfo: 46 bytes from 44.241.174.93: icmp_seq=536 ttl=32 time=254 ms
08-10 21:51:12.193 25553 25736 D cellinfo: 46 bytes from 44.241.174.93: icmp_seq=537 ttl=32 time=176 ms
08-10 21:51:12.485 25553 25736 D cellinfo: 46 bytes from 44.241.174.93: icmp_seq=538 ttl=32 time=266 ms
08-10 21:51:12.632 25553 25736 D cellinfo: 46 bytes from 44.241.174.93: icmp_seq=539 ttl=32 time=214 ms
08-10 21:51:12.996 25553 25736 D cellinfo: 46 bytes from 44.241.174.93: icmp_seq=540 ttl=32 time=378 ms
08-10 21:51:13.012 25553 25736 D cellinfo: 46 bytes from 44.241.174.93: icmp_seq=541 ttl=32 time=193 ms
08-10 21:51:13.236 25553 25736 D cellinfo: 46 bytes from 44.241.174.93: icmp_seq=542 ttl=32 time=217 ms
08-10 21:51:13.344 25553 25736 D cellinfo: 46 bytes from 44.241.174.93: icmp_seq=543 ttl=32 time=126 ms
08-10 21:51:13.393 25553 25553 D cellinfo: onCellInfoChanged: Operator: AT&T UpdateTimestamp: 194546130 CellConnectionStatus: 0
08-10 21:51:13.393 25553 25553 D cellinfo: onCellInfoChanged: LTE Cell Bands: [12] Bandwidth: 2147483647 Cell ID: 98109201 Physical Cell ID: 464 Tracking Area Code: 38403 EARFCN: 5110
08-10 21:51:13.557 25553 25736 D cellinfo: 46 bytes from 44.241.174.93: icmp_seq=544 ttl=32 time=135 ms
08-10 21:51:13.930 25553 25736 D cellinfo: 46 bytes from 44.241.174.93: icmp_seq=545 ttl=32 time=308 ms
08-10 21:51:13.995 25553 25736 D cellinfo: 46 bytes from 44.241.174.93: icmp_seq=546 ttl=32 time=172 ms
08-10 21:51:14.195 25553 25736 D cellinfo: 46 bytes from 44.241.174.93: icmp_seq=547 ttl=32 time=171 ms
08-10 21:51:14.357 25553 25736 D cellinfo: 46 bytes from 44.241.174.93: icmp_seq=548 ttl=32 time=130 ms
08-10 21:51:14.544 25553 25736 D cellinfo: 46 bytes from 44.241.174.93: icmp_seq=549 ttl=32 time=117 ms
08-10 21:51:14.765 25553 25736 D cellinfo: 46 bytes from 44.241.174.93: icmp_seq=550 ttl=32 time=136 ms
08-10 21:51:14.957 25553 25736 D cellinfo: 46 bytes from 44.241.174.93: icmp_seq=551 ttl=32 time=126 ms
08-10 21:51:15.241 25553 25736 D cellinfo: 46 bytes from 44.241.174.93: icmp_seq=552 ttl=32 time=208 ms
08-10 21:51:15.373 25553 25736 D cellinfo: 46 bytes from 44.241.174.93: icmp_seq=553 ttl=32 time=140 ms
08-10 21:51:15.391 25553 25553 D cellinfo: Latitude is 41.0047614
08-10 21:51:15.391 25553 25553 D cellinfo: Longitude is -105.4173485
08-10 21:51:15.391 25553 25553 D cellinfo: Instantaneous GPS information: United States, 2471-2551 US-287, Laramie, WY 82070, USA
08-10 21:51:15.391 25553 25553 D cellinfo: getCurrentLocation() result: Location (success): 41.0047614, -105.4173485
08-10 21:51:15.393 25553 25553 D cellinfo: onsignalStrengthsChanged: LTE Signal Strength info: rsrp: -129 rsrq: -19 rssi: -91 rssnr: -7
08-10 21:51:15.636 25553 25736 D cellinfo: 46 bytes from 44.241.174.93: icmp_seq=554 ttl=32 time=203 ms
08-10 21:51:15.796 25553 25736 D cellinfo: 46 bytes from 44.241.174.93: icmp_seq=555 ttl=32 time=161 ms
08-10 21:51:15.996 25553 25736 D cellinfo: 46 bytes from 44.241.174.93: icmp_seq=556 ttl=32 time=160 ms
08-10 21:51:16.168 25553 25736 D cellinfo: 46 bytes from 44.241.174.93: icmp_seq=557 ttl=32 time=132 ms
08-10 21:51:16.351 25553 25553 D cellinfo: Latitude is 41.0047614
08-10 21:51:16.351 25553 25553 D cellinfo: Longitude is -105.4173485
08-10 21:51:16.351 25553 25553 D cellinfo: Instantaneous GPS information: United States, 2471-2551 US-287, Laramie, WY 82070, USA
08-10 21:51:16.351 25553 25553 D cellinfo: getCurrentLocation() result: Location (success): 41.0047614, -105.4173485
08-10 21:51:16.355 25553 25736 D cellinfo: 46 bytes from 44.241.174.93: icmp_seq=558 ttl=32 time=119 ms
08-10 21:51:16.395 25553 25553 D cellinfo: onCellInfoChanged: Operator: AT&T UpdateTimestamp: 194549133 CellConnectionStatus: 0
08-10 21:51:16.395 25553 25553 D cellinfo: onCellInfoChanged: LTE Cell Bands: [12] Bandwidth: 2147483647 Cell ID: 98109201 Physical Cell ID: 464 Tracking Area Code: 38403 EARFCN: 5110
08-10 21:51:16.551 25553 25553 D cellinfo: onsignalStrengthsChanged: LTE Signal Strength info: rsrp: -129 rsrq: -20 rssi: -89 rssnr: -7
08-10 21:51:16.556 25553 25736 D cellinfo: 46 bytes from 44.241.174.93: icmp_seq=559 ttl=32 time=120 ms
08-10 21:51:16.758 25553 25736 D cellinfo: 46 bytes from 44.241.174.93: icmp_seq=560 ttl=32 time=119 ms
08-10 21:51:16.957 25553 25736 D cellinfo: 46 bytes from 44.241.174.93: icmp_seq=561 ttl=32 time=116 ms
08-10 21:51:17.161 25553 25736 D cellinfo: 46 bytes from 44.241.174.93: icmp_seq=562 ttl=32 time=119 ms
08-10 21:51:17.397 25553 25736 D cellinfo: 46 bytes from 44.241.174.93: icmp_seq=563 ttl=32 time=155 ms
08-10 21:51:17.595 25553 25736 D cellinfo: 46 bytes from 44.241.174.93: icmp_seq=564 ttl=32 time=152 ms
08-10 21:51:17.796 25553 25736 D cellinfo: 46 bytes from 44.241.174.93: icmp_seq=565 ttl=32 time=152 ms
08-10 21:51:18.396 25553 25736 D cellinfo: 46 bytes from 44.241.174.93: icmp_seq=566 ttl=32 time=551 ms
08-10 21:51:18.396 25553 25736 D cellinfo: 46 bytes from 44.241.174.93: icmp_seq=567 ttl=32 time=341 ms
08-10 21:51:18.398 25553 25736 D cellinfo: 46 bytes from 44.241.174.93: icmp_seq=568 ttl=32 time=143 ms
08-10 21:51:18.558 25553 25736 D cellinfo: 46 bytes from 44.241.174.93: icmp_seq=569 ttl=32 time=103 ms
08-10 21:51:18.782 25553 25553 D cellinfo: onsignalStrengthsChanged: LTE Signal Strength info: rsrp: -128 rsrq: -20 rssi: -87 rssnr: -7
08-10 21:51:18.799 25553 25736 D cellinfo: 46 bytes from 44.241.174.93: icmp_seq=570 ttl=32 time=142 ms
08-10 21:51:18.995 25553 25736 D cellinfo: 46 bytes from 44.241.174.93: icmp_seq=571 ttl=32 time=137 ms
08-10 21:51:19.195 25553 25736 D cellinfo: 46 bytes from 44.241.174.93: icmp_seq=572 ttl=32 time=138 ms
08-10 21:51:19.349 25553 25553 D cellinfo: Latitude is 41.0047614
08-10 21:51:19.349 25553 25553 D cellinfo: Longitude is -105.4173485
08-10 21:51:19.349 25553 25553 D cellinfo: Instantaneous GPS information: United States, 2471-2551 US-287, Laramie, WY 82070, USA
08-10 21:51:19.349 25553 25553 D cellinfo: getCurrentLocation() result: Location (success): 41.0047614, -105.4173485
08-10 21:51:19.395 25553 25736 D cellinfo: 46 bytes from 44.241.174.93: icmp_seq=573 ttl=32 time=136 ms
08-10 21:51:19.411 25553 25553 D cellinfo: onCellInfoChanged: Operator: AT&T UpdateTimestamp: 194552147 CellConnectionStatus: 0
08-10 21:51:19.411 25553 25553 D cellinfo: onCellInfoChanged: LTE Cell Bands: [12] Bandwidth: 2147483647 Cell ID: 98109201 Physical Cell ID: 464 Tracking Area Code: 38403 EARFCN: 5110
08-10 21:51:19.637 25553 25736 D cellinfo: 46 bytes from 44.241.174.93: icmp_seq=574 ttl=32 time=176 ms
08-10 21:51:19.796 25553 25736 D cellinfo: 46 bytes from 44.241.174.93: icmp_seq=575 ttl=32 time=136 ms
08-10 21:51:19.995 25553 25736 D cellinfo: 46 bytes from 44.241.174.93: icmp_seq=576 ttl=32 time=135 ms
08-10 21:51:20.197 25553 25736 D cellinfo: 46 bytes from 44.241.174.93: icmp_seq=577 ttl=32 time=134 ms
08-10 21:51:20.395 25553 25736 D cellinfo: 46 bytes from 44.241.174.93: icmp_seq=578 ttl=32 time=134 ms
08-10 21:51:20.596 25553 25736 D cellinfo: 46 bytes from 44.241.174.93: icmp_seq=579 ttl=32 time=132 ms
08-10 21:51:20.760 25553 25736 D cellinfo: 46 bytes from 44.241.174.93: icmp_seq=580 ttl=32 time=96.9 ms
08-10 21:51:20.958 25553 25736 D cellinfo: 46 bytes from 44.241.174.93: icmp_seq=581 ttl=32 time=94.6 ms
08-10 21:51:21.021 25553 25553 D cellinfo: onsignalStrengthsChanged: LTE Signal Strength info: rsrp: -127 rsrq: -19 rssi: -85 rssnr: -7
08-10 21:51:21.237 25553 25736 D cellinfo: 46 bytes from 44.241.174.93: icmp_seq=582 ttl=32 time=170 ms
08-10 21:51:21.396 25553 25736 D cellinfo: 46 bytes from 44.241.174.93: icmp_seq=583 ttl=32 time=129 ms
08-10 21:51:21.595 25553 25736 D cellinfo: 46 bytes from 44.241.174.93: icmp_seq=584 ttl=32 time=128 ms
08-10 21:51:21.797 25553 25736 D cellinfo: 46 bytes from 44.241.174.93: icmp_seq=585 ttl=32 time=127 ms
08-10 21:51:21.997 25553 25736 D cellinfo: 46 bytes from 44.241.174.93: icmp_seq=586 ttl=32 time=127 ms
08-10 21:51:22.195 25553 25736 D cellinfo: 46 bytes from 44.241.174.93: icmp_seq=587 ttl=32 time=125 ms
08-10 21:51:22.354 25553 25553 D cellinfo: Latitude is 41.0047614
08-10 21:51:22.354 25553 25553 D cellinfo: Longitude is -105.4173485
08-10 21:51:22.354 25553 25553 D cellinfo: Instantaneous GPS information: United States, 2471-2551 US-287, Laramie, WY 82070, USA
08-10 21:51:22.354 25553 25553 D cellinfo: getCurrentLocation() result: Location (success): 41.0047614, -105.4173485
08-10 21:51:22.405 25553 25553 D cellinfo: onCellInfoChanged: Operator: AT&T UpdateTimestamp: 194555140 CellConnectionStatus: 0
08-10 21:51:22.405 25553 25553 D cellinfo: onCellInfoChanged: LTE Cell Bands: [12] Bandwidth: 2147483647 Cell ID: 98109201 Physical Cell ID: 464 Tracking Area Code: 38403 EARFCN: 5110
08-10 21:51:22.436 25553 25736 D cellinfo: 46 bytes from 44.241.174.93: icmp_seq=588 ttl=32 time=165 ms
08-10 21:51:22.597 25553 25736 D cellinfo: 46 bytes from 44.241.174.93: icmp_seq=589 ttl=32 time=124 ms
08-10 21:51:22.837 25553 25736 D cellinfo: 46 bytes from 44.241.174.93: icmp_seq=590 ttl=32 time=164 ms
08-10 21:51:22.880 25553 25553 D cellinfo: onsignalStrengthsChanged: LTE Signal Strength info: rsrp: -123 rsrq: -18 rssi: -77 rssnr: -7
08-10 21:51:22.901 25553 25553 D cellinfo: onCellInfoChanged: Operator: AT&T UpdateTimestamp: 194555636 CellConnectionStatus: 0
