08-10 23:26:36.704  5222  5321 D cellinfo: 46 bytes from 44.241.174.93: icmp_seq=18409 ttl=32 time=122 ms
08-10 23:26:36.889  5222  5321 D cellinfo: 46 bytes from 44.241.174.93: icmp_seq=18410 ttl=32 time=106 ms
08-10 23:26:37.107  5222  5321 D cellinfo: 46 bytes from 44.241.174.93: icmp_seq=18411 ttl=32 time=122 ms
08-10 23:26:37.292  5222  5321 D cellinfo: 46 bytes from 44.241.174.93: icmp_seq=18412 ttl=32 time=109 ms
08-10 23:26:37.533  5222  5321 D cellinfo: 46 bytes from 44.241.174.93: icmp_seq=18413 ttl=32 time=148 ms
08-10 23:26:37.692  5222  5321 D cellinfo: 46 bytes from 44.241.174.93: icmp_seq=18414 ttl=32 time=106 ms
08-10 23:26:37.701  5222  5222 D cellinfo: onsignalStrengthsChanged: LTE Signal Strength info: rsrp: -96 rsrq: -14 rssi: -65 rssnr: 5
08-10 23:26:37.898  5222  5321 D cellinfo: 46 bytes from 44.241.174.93: icmp_seq=18415 ttl=32 time=111 ms
08-10 23:26:38.099  5222  5321 D cellinfo: 46 bytes from 44.241.174.93: icmp_seq=18416 ttl=32 time=110 ms
08-10 23:26:38.298  5222  5321 D cellinfo: 46 bytes from 44.241.174.93: icmp_seq=18417 ttl=32 time=110 ms
08-10 23:26:38.444  5222  5222 D cellinfo: Latitude is 39.9103106
08-10 23:26:38.444  5222  5222 D cellinfo: Longitude is -104.9910616
08-10 23:26:38.444  5222  5222 D cellinfo: Instantaneous GPS information: United States, 11770 Acoma St, Northglenn, CO 80234, USA
08-10 23:26:38.444  5222  5222 D cellinfo: getCurrentLocation() result: Location (success): 39.9103106, -104.9910616
08-10 23:26:38.498  5222  5321 D cellinfo: 46 bytes from 44.241.174.93: icmp_seq=18418 ttl=32 time=110 ms
08-10 23:26:38.502  5222  5222 D cellinfo: onCellInfoChanged: Operator: AT&T...1 UpdateTimestamp: 200271235 CellConnectionStatus: 0
08-10 23:26:38.502  5222  5222 D cellinfo: onCellInfoChanged: LTE Cell Bands: [2] Bandwidth: 2147483647 Cell ID: 97600777 Physical Cell ID: 418 Tracking Area Code: 38420 EARFCN: 700
08-10 23:26:38.733  5222  5321 D cellinfo: 46 bytes from 44.241.174.93: icmp_seq=18419 ttl=32 time=144 ms
08-10 23:26:38.898  5222  5321 D cellinfo: 46 bytes from 44.241.174.93: icmp_seq=18420 ttl=32 time=109 ms
08-10 23:26:39.098  5222  5321 D cellinfo: 46 bytes from 44.241.174.93: icmp_seq=18421 ttl=32 time=108 ms
08-10 23:26:39.298  5222  5321 D cellinfo: 46 bytes from 44.241.174.93: icmp_seq=18422 ttl=32 time=108 ms
08-10 23:26:39.505  5222  5321 D cellinfo: 46 bytes from 44.241.174.93: icmp_seq=18423 ttl=32 time=116 ms
08-10 23:26:39.733  5222  5321 D cellinfo: 46 bytes from 44.241.174.93: icmp_seq=18424 ttl=32 time=142 ms
08-10 23:26:39.934  5222  5321 D cellinfo: 46 bytes from 44.241.174.93: icmp_seq=18425 ttl=32 time=143 ms
08-10 23:26:39.951  5222  5222 D cellinfo: onsignalStrengthsChanged: LTE Signal Strength info: rsrp: -97 rsrq: -14 rssi: -69 rssnr: 4
08-10 23:26:40.098  5222  5321 D cellinfo: 46 bytes from 44.241.174.93: icmp_seq=18426 ttl=32 time=106 ms
08-10 23:26:40.334  5222  5321 D cellinfo: 46 bytes from 44.241.174.93: icmp_seq=18427 ttl=32 time=140 ms
08-10 23:26:40.498  5222  5321 D cellinfo: 46 bytes from 44.241.174.93: icmp_seq=18428 ttl=32 time=105 ms
08-10 23:26:40.698  5222  5321 D cellinfo: 46 bytes from 44.241.174.93: icmp_seq=18429 ttl=32 time=104 ms
08-10 23:26:40.933  5222  5321 D cellinfo: 46 bytes from 44.241.174.93: icmp_seq=18430 ttl=32 time=138 ms
08-10 23:26:41.044  5222  5222 D cellinfo: onsignalStrengthsChanged: LTE Signal Strength info: rsrp: -98 rsrq: -14 rssi: -71 rssnr: 4
08-10 23:26:41.098  5222  5321 D cellinfo: 46 bytes from 44.241.174.93: icmp_seq=18431 ttl=32 time=103 ms
08-10 23:26:41.300  5222  5321 D cellinfo: 46 bytes from 44.241.174.93: icmp_seq=18432 ttl=32 time=103 ms
08-10 23:26:41.481  5222  5222 D cellinfo: onCellInfoChanged: Operator: AT&T...1 UpdateTimestamp: 200274218 CellConnectionStatus: 0
08-10 23:26:41.481  5222  5222 D cellinfo: onCellInfoChanged: LTE Cell Bands: [2] Bandwidth: 2147483647 Cell ID: 97600777 Physical Cell ID: 418 Tracking Area Code: 38420 EARFCN: 700
08-10 23:26:41.532  5222  5321 D cellinfo: 46 bytes from 44.241.174.93: icmp_seq=18433 ttl=32 time=135 ms
08-10 23:26:41.732  5222  5321 D cellinfo: 46 bytes from 44.241.174.93: icmp_seq=18434 ttl=32 time=135 ms
08-10 23:26:41.898  5222  5321 D cellinfo: 46 bytes from 44.241.174.93: icmp_seq=18435 ttl=32 time=98.7 ms
08-10 23:26:42.098  5222  5321 D cellinfo: 46 bytes from 44.241.174.93: icmp_seq=18436 ttl=32 time=98.6 ms
08-10 23:26:42.178  5222  5222 D cellinfo: onsignalStrengthsChanged: LTE Signal Strength info: rsrp: -99 rsrq: -14 rssi: -69 rssnr: 3
08-10 23:26:42.297  5222  5321 D cellinfo: 46 bytes from 44.241.174.93: icmp_seq=18437 ttl=32 time=98.4 ms
08-10 23:26:42.497  5222  5321 D cellinfo: 46 bytes from 44.241.174.93: icmp_seq=18438 ttl=32 time=97.6 ms
08-10 23:26:42.698  5222  5321 D cellinfo: 46 bytes from 44.241.174.93: icmp_seq=18439 ttl=32 time=95.2 ms
08-10 23:26:42.898  5222  5321 D cellinfo: 46 bytes from 44.241.174.93: icmp_seq=18440 ttl=32 time=93.8 ms
08-10 23:26:43.098  5222  5321 D cellinfo: 46 bytes from 44.241.174.93: icmp_seq=18441 ttl=32 time=92.3 ms
08-10 23:26:43.274  5222  5222 D cellinfo: Latitude is 39.9073331
08-10 23:26:43.274  5222  5222 D cellinfo: Longitude is -104.9908673
08-10 23:26:43.274  5222  5222 D cellinfo: Instantaneous GPS information: United States, 11620 Acoma St, Northglenn, CO 80234, USA
08-10 23:26:43.274  5222  5222 D cellinfo: getCurrentLocation() result: Location (success): 39.9073331, -104.9908673
08-10 23:26:43.335  5222  5321 D cellinfo: 46 bytes from 44.241.174.93: icmp_seq=18442 ttl=32 time=128 ms
08-10 23:26:43.533  5222  5321 D cellinfo: 46 bytes from 44.241.174.93: icmp_seq=18443 ttl=32 time=125 ms
08-10 23:26:43.732  5222  5321 D cellinfo: 46 bytes from 44.241.174.93: icmp_seq=18444 ttl=32 time=124 ms
08-10 23:26:43.932  5222  5321 D cellinfo: 46 bytes from 44.241.174.93: icmp_seq=18445 ttl=32 time=124 ms
08-10 23:26:44.133  5222  5321 D cellinfo: 46 bytes from 44.241.174.93: icmp_seq=18446 ttl=32 time=122 ms
08-10 23:26:44.372  5222  5321 D cellinfo: 46 bytes from 44.241.174.93: icmp_seq=18447 ttl=32 time=161 ms
08-10 23:26:44.442  5222  5222 D cellinfo: Latitude is 39.9073331
08-10 23:26:44.442  5222  5222 D cellinfo: Longitude is -104.9908673
08-10 23:26:44.442  5222  5222 D cellinfo: Instantaneous GPS information: United States, 11620 Acoma St, Northglenn, CO 80234, USA
08-10 23:26:44.442  5222  5222 D cellinfo: getCurrentLocation() result: Location (success): 39.9073331, -104.9908673
08-10 23:26:44.486  5222  5222 D cellinfo: onCellInfoChanged: Operator: AT&T...1 UpdateTimestamp: 200277220 CellConnectionStatus: 0
08-10 23:26:44.486  5222  5222 D cellinfo: onCellInfoChanged: LTE Cell Bands: [2] Bandwidth: 2147483647 Cell ID: 97600777 Physical Cell ID: 418 Tracking Area Code: 38420 EARFCN: 700
08-10 23:26:44.532  5222  5321 D cellinfo: 46 bytes from 44.241.174.93: icmp_seq=18448 ttl=32 time=120 ms
08-10 23:26:44.733  5222  5321 D cellinfo: 46 bytes from 44.241.174.93: icmp_seq=18449 ttl=32 time=119 ms
08-10 23:26:44.932  5222  5321 D cellinfo: 46 bytes from 44.241.174.93: icmp_seq=18450 ttl=32 time=117 ms
08-10 23:26:45.132  5222  5321 D cellinfo: 46 bytes from 44.241.174.93: icmp_seq=18451 ttl=32 time=117 ms
08-10 23:26:45.332  5222  5321 D cellinfo: 46 bytes from 44.241.174.93: icmp_seq=18452 ttl=32 time=117 ms
08-10 23:26:45.532  5222  5321 D cellinfo: 46 bytes from 44.241.174.93: icmp_seq=18453 ttl=32 time=116 ms
08-10 23:26:45.732  5222  5321 D cellinfo: 46 bytes from 44.241.174.93: icmp_seq=18454 ttl=32 time=115 ms
08-10 23:26:45.932  5222  5321 D cellinfo: 46 bytes from 44.241.174.93: icmp_seq=18455 ttl=32 time=115 ms
08-10 23:26:46.132  5222  5321 D cellinfo: 46 bytes from 44.241.174.93: icmp_seq=18456 ttl=32 time=114 ms
08-10 23:26:46.332  5222  5321 D cellinfo: 46 bytes from 44.241.174.93: icmp_seq=18457 ttl=32 time=113 ms
08-10 23:26:46.532  5222  5321 D cellinfo: 46 bytes from 44.241.174.93: icmp_seq=18458 ttl=32 time=113 ms
08-10 23:26:46.655  5222  5222 D cellinfo: onsignalStrengthsChanged: LTE Signal Strength info: rsrp: -100 rsrq: -14 rssi: -71 rssnr: 4
08-10 23:26:46.732  5222  5321 D cellinfo: 46 bytes from 44.241.174.93: icmp_seq=18459 ttl=32 time=112 ms
08-10 23:26:46.933  5222  5321 D cellinfo: 46 bytes from 44.241.174.93: icmp_seq=18460 ttl=32 time=113 ms
08-10 23:26:47.047  5222  5222 D cellinfo: onsignalStrengthsChanged: LTE Signal Strength info: rsrp: -101 rsrq: -14 rssi: -71 rssnr: 4
08-10 23:26:47.137  5222  5321 D cellinfo: 46 bytes from 44.241.174.93: icmp_seq=18461 ttl=32 time=116 ms
08-10 23:26:47.333  5222  5321 D cellinfo: 46 bytes from 44.241.174.93: icmp_seq=18462 ttl=32 time=111 ms
08-10 23:26:47.441  5222  5222 D cellinfo: Latitude is 39.9073331
08-10 23:26:47.441  5222  5222 D cellinfo: Longitude is -104.9908673
08-10 23:26:47.441  5222  5222 D cellinfo: Instantaneous GPS information: United States, 11620 Acoma St, Northglenn, CO 80234, USA
08-10 23:26:47.441  5222  5222 D cellinfo: getCurrentLocation() result: Location (success): 39.9073331, -104.9908673
08-10 23:26:47.482  5222  5222 D cellinfo: onCellInfoChanged: Operator: AT&T...1 UpdateTimestamp: 200280218 CellConnectionStatus: 0
08-10 23:26:47.482  5222  5222 D cellinfo: onCellInfoChanged: LTE Cell Bands: [2] Bandwidth: 2147483647 Cell ID: 97600777 Physical Cell ID: 418 Tracking Area Code: 38420 EARFCN: 700
08-10 23:26:47.533  5222  5321 D cellinfo: 46 bytes from 44.241.174.93: icmp_seq=18463 ttl=32 time=110 ms
08-10 23:26:47.732  5222  5321 D cellinfo: 46 bytes from 44.241.174.93: icmp_seq=18464 ttl=32 time=108 ms
08-10 23:26:47.932  5222  5321 D cellinfo: 46 bytes from 44.241.174.93: icmp_seq=18465 ttl=32 time=108 ms
08-10 23:26:48.138  5222  5321 D cellinfo: 46 bytes from 44.241.174.93: icmp_seq=18466 ttl=32 time=111 ms
08-10 23:26:48.339  5222  5321 D cellinfo: 46 bytes from 44.241.174.93: icmp_seq=18467 ttl=32 time=110 ms
08-10 23:26:48.538  5222  5321 D cellinfo: 46 bytes from 44.241.174.93: icmp_seq=18468 ttl=32 time=108 ms
08-10 23:26:48.772  5222  5321 D cellinfo: 46 bytes from 44.241.174.93: icmp_seq=18469 ttl=32 time=142 ms
08-10 23:26:48.895  5222  5222 D cellinfo: onsignalStrengthsChanged: LTE Signal Strength info: rsrp: -103 rsrq: -14 rssi: -75 rssnr: 2
08-10 23:26:48.938  5222  5321 D cellinfo: 46 bytes from 44.241.174.93: icmp_seq=18470 ttl=32 time=107 ms
08-10 23:26:49.139  5222  5321 D cellinfo: 46 bytes from 44.241.174.93: icmp_seq=18471 ttl=32 time=107 ms
08-10 23:26:49.374  5222  5321 D cellinfo: 46 bytes from 44.241.174.93: icmp_seq=18472 ttl=32 time=140 ms
08-10 23:26:49.574  5222  5321 D cellinfo: 46 bytes from 44.241.174.93: icmp_seq=18473 ttl=32 time=140 ms
08-10 23:26:49.773  5222  5321 D cellinfo: 46 bytes from 44.241.174.93: icmp_seq=18474 ttl=32 time=140 ms
08-10 23:26:49.973  5222  5321 D cellinfo: 46 bytes from 44.241.174.93: icmp_seq=18475 ttl=32 time=139 ms
08-10 23:26:50.044  5222  5222 D cellinfo: onsignalStrengthsChanged: LTE Signal Strength info: rsrp: -103 rsrq: -14 rssi: -71 rssnr: 0
08-10 23:26:50.169  5222  5321 D cellinfo: 46 bytes from 44.241.174.93: icmp_seq=18476 ttl=32 time=134 ms
08-10 23:26:50.340  5222  5321 D cellinfo: 46 bytes from 44.241.174.93: icmp_seq=18477 ttl=32 time=103 ms
08-10 23:26:50.447  5222  5222 D cellinfo: Latitude is 39.9073331
08-10 23:26:50.447  5222  5222 D cellinfo: Longitude is -104.9908673
08-10 23:26:50.447  5222  5222 D cellinfo: Instantaneous GPS information: United States, 11620 Acoma St, Northglenn, CO 80234, USA
08-10 23:26:50.447  5222  5222 D cellinfo: getCurrentLocation() result: Location (success): 39.9073331, -104.9908673
08-10 23:26:50.498  5222  5222 D cellinfo: onCellInfoChanged: Operator: AT&T...1 UpdateTimestamp: 200283234 CellConnectionStatus: 0
08-10 23:26:50.498  5222  5222 D cellinfo: onCellInfoChanged: LTE Cell Bands: [2] Bandwidth: 2147483647 Cell ID: 97600777 Physical Cell ID: 418 Tracking Area Code: 38420 EARFCN: 700
08-10 23:26:50.573  5222  5321 D cellinfo: 46 bytes from 44.241.174.93: icmp_seq=18478 ttl=32 time=136 ms
08-10 23:26:50.738  5222  5321 D cellinfo: 46 bytes from 44.241.174.93: icmp_seq=18479 ttl=32 time=99.8 ms
08-10 23:26:50.938  5222  5321 D cellinfo: 46 bytes from 44.241.174.93: icmp_seq=18480 ttl=32 time=98.4 ms
08-10 23:26:51.137  5222  5222 D cellinfo: onsignalStrengthsChanged: LTE Signal Strength info: rsrp: -105 rsrq: -14 rssi: -73 rssnr: 0
08-10 23:26:51.175  5222  5321 D cellinfo: 46 bytes from 44.241.174.93: icmp_seq=18481 ttl=32 time=132 ms
08-10 23:26:51.370  5222  5321 D cellinfo: 46 bytes from 44.241.174.93: icmp_seq=18482 ttl=32 time=126 ms
08-10 23:26:51.576  5222  5321 D cellinfo: 46 bytes from 44.241.174.93: icmp_seq=18483 ttl=32 time=131 ms
08-10 23:26:51.773  5222  5321 D cellinfo: 46 bytes from 44.241.174.93: icmp_seq=18484 ttl=32 time=129 ms
08-10 23:26:51.938  5222  5321 D cellinfo: 46 bytes from 44.241.174.93: icmp_seq=18485 ttl=32 time=93.5 ms
08-10 23:26:52.172  5222  5321 D cellinfo: 46 bytes from 44.241.174.93: icmp_seq=18486 ttl=32 time=127 ms
08-10 23:26:52.338  5222  5321 D cellinfo: 46 bytes from 44.241.174.93: icmp_seq=18487 ttl=32 time=91.6 ms
08-10 23:26:52.574  5222  5321 D cellinfo: 46 bytes from 44.241.174.93: icmp_seq=18488 ttl=32 time=126 ms
08-10 23:26:52.776  5222  5321 D cellinfo: 46 bytes from 44.241.174.93: icmp_seq=18489 ttl=32 time=128 ms
08-10 23:26:52.974  5222  5321 D cellinfo: 46 bytes from 44.241.174.93: icmp_seq=18490 ttl=32 time=126 ms
08-10 23:26:53.047  5222  5222 D cellinfo: onsignalStrengthsChanged: LTE Signal Strength info: rsrp: -106 rsrq: -14 rssi: -75 rssnr: -1
08-10 23:26:53.212  5222  5321 D cellinfo: 46 bytes from 44.241.174.93: icmp_seq=18491 ttl=32 time=164 ms
08-10 23:26:53.338  5222  5321 D cellinfo: 46 bytes from 44.241.174.93: icmp_seq=18492 ttl=32 time=89.2 ms
08-10 23:26:53.385  5222  5222 D cellinfo: onsignalStrengthsChanged: LTE Signal Strength info: rsrp: -108 rsrq: -15 rssi: -75 rssnr: -2
08-10 23:26:53.477  5222  5222 D cellinfo: onCellInfoChanged: Operator: AT&T...1 UpdateTimestamp: 200286215 CellConnectionStatus: 0
08-10 23:26:53.477  5222  5222 D cellinfo: onCellInfoChanged: LTE Cell Bands: [2] Bandwidth: 2147483647 Cell ID: 97600777 Physical Cell ID: 418 Tracking Area Code: 38420 EARFCN: 700
08-10 23:26:53.572  5222  5321 D cellinfo: 46 bytes from 44.241.174.93: icmp_seq=18493 ttl=32 time=123 ms
08-10 23:26:53.772  5222  5321 D cellinfo: 46 bytes from 44.241.174.93: icmp_seq=18494 ttl=32 time=123 ms
08-10 23:26:53.975  5222  5321 D cellinfo: 46 bytes from 44.241.174.93: icmp_seq=18495 ttl=32 time=125 ms
08-10 23:26:54.173  5222  5321 D cellinfo: 46 bytes from 44.241.174.93: icmp_seq=18496 ttl=32 time=122 ms
08-10 23:26:54.381  5222  5321 D cellinfo: 46 bytes from 44.241.174.93: icmp_seq=18497 ttl=32 time=128 ms
08-10 23:26:54.571  5222  5321 D cellinfo: 46 bytes from 44.241.174.93: icmp_seq=18498 ttl=32 time=119 ms
08-10 23:26:54.773  5222  5321 D cellinfo: 46 bytes from 44.241.174.93: icmp_seq=18499 ttl=32 time=118 ms
08-10 23:26:54.973  5222  5321 D cellinfo: 46 bytes from 44.241.174.93: icmp_seq=18500 ttl=32 time=116 ms
08-10 23:26:55.172  5222  5222 D cellinfo: Latitude is 39.9040694
08-10 23:26:55.172  5222  5222 D cellinfo: Longitude is -104.9897636
08-10 23:26:55.172  5222  5222 D cellinfo: Instantaneous GPS information: United States, 11428 Cherokee St, Northglenn, CO 80234, USA
08-10 23:26:55.172  5222  5222 D cellinfo: getCurrentLocation() result: Location (success): 39.9040694, -104.9897636
08-10 23:26:55.173  5222  5321 D cellinfo: 46 bytes from 44.241.174.93: icmp_seq=18501 ttl=32 time=113 ms
08-10 23:26:55.372  5222  5321 D cellinfo: 46 bytes from 44.241.174.93: icmp_seq=18502 ttl=32 time=113 ms
08-10 23:26:55.574  5222  5321 D cellinfo: 46 bytes from 44.241.174.93: icmp_seq=18503 ttl=32 time=113 ms
08-10 23:26:55.616  5222  5222 D cellinfo: onsignalStrengthsChanged: LTE Signal Strength info: rsrp: -109 rsrq: -16 rssi: -73 rssnr: -3
08-10 23:26:55.812  5222  5321 D cellinfo: 46 bytes from 44.241.174.93: icmp_seq=18504 ttl=32 time=151 ms
08-10 23:26:55.978  5222  5321 D cellinfo: 46 bytes from 44.241.174.93: icmp_seq=18505 ttl=32 time=116 ms
08-10 23:26:56.180  5222  5321 D cellinfo: 46 bytes from 44.241.174.93: icmp_seq=18506 ttl=32 time=118 ms
08-10 23:26:56.373  5222  5321 D cellinfo: 46 bytes from 44.241.174.93: icmp_seq=18507 ttl=32 time=110 ms
08-10 23:26:56.445  5222  5222 D cellinfo: Latitude is 39.9040694
08-10 23:26:56.445  5222  5222 D cellinfo: Longitude is -104.9897636
08-10 23:26:56.445  5222  5222 D cellinfo: Instantaneous GPS information: United States, 11428 Cherokee St, Northglenn, CO 80234, USA
08-10 23:26:56.445  5222  5222 D cellinfo: getCurrentLocation() result: Location (success): 39.9040694, -104.9897636
08-10 23:26:56.504  5222  5222 D cellinfo: onCellInfoChanged: Operator: AT&T...1 UpdateTimestamp: 200289239 CellConnectionStatus: 0
08-10 23:26:56.504  5222  5222 D cellinfo: onCellInfoChanged: LTE Cell Bands: [2] Bandwidth: 2147483647 Cell ID: 97600777 Physical Cell ID: 418 Tracking Area Code: 38420 EARFCN: 700
08-10 23:26:56.572  5222  5321 D cellinfo: 46 bytes from 44.241.174.93: icmp_seq=18508 ttl=32 time=108 ms
08-10 23:26:56.779  5222  5321 D cellinfo: 46 bytes from 44.241.174.93: icmp_seq=18509 ttl=32 time=112 ms
08-10 23:26:57.013  5222  5321 D cellinfo: 46 bytes from 44.241.174.93: icmp_seq=18510 ttl=32 time=146 ms
08-10 23:26:57.213  5222  5321 D cellinfo: 46 bytes from 44.241.174.93: icmp_seq=18511 ttl=32 time=145 ms
08-10 23:26:57.417  5222  5321 D cellinfo: 46 bytes from 44.241.174.93: icmp_seq=18512 ttl=32 time=148 ms
08-10 23:26:57.612  5222  5321 D cellinfo: 46 bytes from 44.241.174.93: icmp_seq=18513 ttl=32 time=142 ms
08-10 23:26:57.849  5222  5222 D cellinfo: onsignalStrengthsChanged: LTE Signal Strength info: rsrp: -111 rsrq: -17 rssi: -73 rssnr: -5
08-10 23:26:57.852  5222  5321 D cellinfo: 46 bytes from 44.241.174.93: icmp_seq=18514 ttl=32 time=182 ms
08-10 23:26:58.012  5222  5321 D cellinfo: 46 bytes from 44.241.174.93: icmp_seq=18515 ttl=32 time=141 ms
08-10 23:26:58.212  5222  5321 D cellinfo: 46 bytes from 44.241.174.93: icmp_seq=18516 ttl=32 time=141 ms
08-10 23:26:58.413  5222  5321 D cellinfo: 46 bytes from 44.241.174.93: icmp_seq=18517 ttl=32 time=140 ms
08-10 23:26:58.613  5222  5321 D cellinfo: 46 bytes from 44.241.174.93: icmp_seq=18518 ttl=32 time=140 ms
08-10 23:26:58.813  5222  5321 D cellinfo: 46 bytes from 44.241.174.93: icmp_seq=18519 ttl=32 time=139 ms
08-10 23:26:59.014  5222  5321 D cellinfo: 46 bytes from 44.241.174.93: icmp_seq=18520 ttl=32 time=138 ms
08-10 23:26:59.213  5222  5321 D cellinfo: 46 bytes from 44.241.174.93: icmp_seq=18521 ttl=32 time=138 ms
08-10 23:26:59.379  5222  5321 D cellinfo: 46 bytes from 44.241.174.93: icmp_seq=18522 ttl=32 time=104 ms
08-10 23:26:59.444  5222  5222 D cellinfo: Latitude is 39.9040694
08-10 23:26:59.444  5222  5222 D cellinfo: Longitude is -104.9897636
08-10 23:26:59.444  5222  5222 D cellinfo: Instantaneous GPS information: United States, 11428 Cherokee St, Northglenn, CO 80234, USA
08-10 23:26:59.444  5222  5222 D cellinfo: getCurrentLocation() result: Location (success): 39.9040694, -104.9897636
08-10 23:26:59.496  5222  5222 D cellinfo: onCellInfoChanged: Operator: AT&T...1 UpdateTimestamp: 200292232 CellConnectionStatus: 0
08-10 23:26:59.496  5222  5222 D cellinfo: onCellInfoChanged: LTE Cell Bands: [2] Bandwidth: 2147483647 Cell ID: 97600777 Physical Cell ID: 418 Tracking Area Code: 38420 EARFCN: 700
08-10 23:26:59.579  5222  5321 D cellinfo: 46 bytes from 44.241.174.93: icmp_seq=18523 ttl=32 time=102 ms
08-10 23:26:59.852  5222  5321 D cellinfo: 46 bytes from 44.241.174.93: icmp_seq=18524 ttl=32 time=176 ms
08-10 23:27:00.053  5222  5321 D cellinfo: 46 bytes from 44.241.174.93: icmp_seq=18525 ttl=32 time=176 ms
08-10 23:27:00.186  5222  5321 D cellinfo: 46 bytes from 44.241.174.93: icmp_seq=18526 ttl=32 time=109 ms
08-10 23:27:00.378  5222  5321 D cellinfo: 46 bytes from 44.241.174.93: icmp_seq=18527 ttl=32 time=99.7 ms
08-10 23:27:00.613  5222  5321 D cellinfo: 46 bytes from 44.241.174.93: icmp_seq=18528 ttl=32 time=133 ms
08-10 23:27:00.811  5222  5321 D cellinfo: 46 bytes from 44.241.174.93: icmp_seq=18529 ttl=32 time=131 ms
08-10 23:27:00.979  5222  5321 D cellinfo: 46 bytes from 44.241.174.93: icmp_seq=18530 ttl=32 time=95.7 ms
08-10 23:27:01.212  5222  5321 D cellinfo: 46 bytes from 44.241.174.93: icmp_seq=18531 ttl=32 time=129 ms
08-10 23:27:01.379  5222  5321 D cellinfo: 46 bytes from 44.241.174.93: icmp_seq=18532 ttl=32 time=94.0 ms
08-10 23:27:01.608  5222  5321 D cellinfo: 46 bytes from 44.241.174.93: icmp_seq=18533 ttl=32 time=123 ms
08-10 23:27:01.813  5222  5321 D cellinfo: 46 bytes from 44.241.174.93: icmp_seq=18534 ttl=32 time=126 ms
08-10 23:27:02.013  5222  5321 D cellinfo: 46 bytes from 44.241.174.93: icmp_seq=18535 ttl=32 time=125 ms
08-10 23:27:02.252  5222  5321 D cellinfo: 46 bytes from 44.241.174.93: icmp_seq=18536 ttl=32 time=165 ms
08-10 23:27:02.413  5222  5321 D cellinfo: 46 bytes from 44.241.174.93: icmp_seq=18537 ttl=32 time=124 ms
08-10 23:27:02.443  5222  5222 D cellinfo: Latitude is 39.9040694
08-10 23:27:02.443  5222  5222 D cellinfo: Longitude is -104.9897636
08-10 23:27:02.443  5222  5222 D cellinfo: Instantaneous GPS information: United States, 11428 Cherokee St, Northglenn, CO 80234, USA
08-10 23:27:02.443  5222  5222 D cellinfo: getCurrentLocation() result: Location (success): 39.9040694, -104.9897636
08-10 23:27:02.489  5222  5222 D cellinfo: onCellInfoChanged: Operator: AT&T...1 UpdateTimestamp: 200295227 CellConnectionStatus: 0
08-10 23:27:02.489  5222  5222 D cellinfo: onCellInfoChanged: LTE Cell Bands: [2] Bandwidth: 2147483647 Cell ID: 97600777 Physical Cell ID: 418 Tracking Area Code: 38420 EARFCN: 700
08-10 23:27:02.579  5222  5321 D cellinfo: 46 bytes from 44.241.174.93: icmp_seq=18538 ttl=32 time=89.3 ms
08-10 23:27:02.814  5222  5321 D cellinfo: 46 bytes from 44.241.174.93: icmp_seq=18539 ttl=32 time=124 ms
08-10 23:27:03.016  5222  5321 D cellinfo: 46 bytes from 44.241.174.93: icmp_seq=18540 ttl=32 time=125 ms
08-10 23:27:03.214  5222  5321 D cellinfo: 46 bytes from 44.241.174.93: icmp_seq=18541 ttl=32 time=125 ms
08-10 23:27:03.452  5222  5321 D cellinfo: 46 bytes from 44.241.174.93: icmp_seq=18542 ttl=32 time=163 ms
08-10 23:27:03.612  5222  5321 D cellinfo: 46 bytes from 44.241.174.93: icmp_seq=18543 ttl=32 time=122 ms
08-10 23:27:03.974  5222  5321 D cellinfo: 46 bytes from 44.241.174.93: icmp_seq=18544 ttl=32 time=281 ms
08-10 23:27:04.497  5222  5321 D cellinfo: 46 bytes from 44.241.174.93: icmp_seq=18545 ttl=32 time=596 ms
08-10 23:27:04.505  5222  5321 D cellinfo: 46 bytes from 44.241.174.93: icmp_seq=18546 ttl=32 time=404 ms
08-10 23:27:04.534  5222  5321 D cellinfo: 46 bytes from 44.241.174.93: icmp_seq=18547 ttl=32 time=226 ms
08-10 23:27:04.576  5222  5222 D cellinfo: onsignalStrengthsChanged: LTE Signal Strength info: rsrp: -111 rsrq: -18 rssi: -69 rssnr: -4
08-10 23:27:04.680  5222  5321 D cellinfo: 46 bytes from 44.241.174.93: icmp_seq=18548 ttl=32 time=162 ms
08-10 23:27:05.490  5222  5222 D cellinfo: onCellInfoChanged: Operator: AT&T...1 UpdateTimestamp: 200298224 CellConnectionStatus: 0
08-10 23:27:05.490  5222  5222 D cellinfo: onCellInfoChanged: LTE Cell Bands: [2] Bandwidth: 2147483647 Cell ID: 97600777 Physical Cell ID: 418 Tracking Area Code: 38420 EARFCN: 700
08-10 23:27:05.789  5222  5321 D cellinfo: 46 bytes from 44.241.174.93: icmp_seq=18549 ttl=32 time=1071 ms
08-10 23:27:05.790  5222  5321 D cellinfo: 46 bytes from 44.241.174.93: icmp_seq=18550 ttl=32 time=863 ms
08-10 23:27:05.790  5222  5321 D cellinfo: 46 bytes from 44.241.174.93: icmp_seq=18551 ttl=32 time=656 ms
08-10 23:27:05.790  5222  5321 D cellinfo: 46 bytes from 44.241.174.93: icmp_seq=18552 ttl=32 time=447 ms
08-10 23:27:05.790  5222  5321 D cellinfo: 46 bytes from 44.241.174.93: icmp_seq=18553 ttl=32 time=239 ms
08-10 23:27:05.898  5222  5321 D cellinfo: 46 bytes from 44.241.174.93: icmp_seq=18554 ttl=32 time=142 ms
08-10 23:27:05.898  5222  5222 D cellinfo: onsignalStrengthsChanged: LTE Signal Strength info: rsrp: -112 rsrq: -18 rssi: -73 rssnr: -5
08-10 23:27:05.925  5222  5222 D cellinfo: onCellInfoChanged: Operator: AT&T...1 UpdateTimestamp: 200298660 CellConnectionStatus: 0
08-10 23:27:05.925  5222  5222 D cellinfo: onCellInfoChanged: LTE Cell Bands: [2] Bandwidth: 2147483647 Cell ID: 98567432 Physical Cell ID: 274 Tracking Area Code: 38402 EARFCN: 700
08-10 23:27:05.950  5222  5222 D cellinfo: onServiceStateChanged: Channel Number: 700 Cell Bandwidths: []
08-10 23:27:06.072  5222  5321 D cellinfo: 46 bytes from 44.241.174.93: icmp_seq=18555 ttl=32 time=114 ms
08-10 23:27:06.271  5222  5321 D cellinfo: 46 bytes from 44.241.174.93: icmp_seq=18556 ttl=32 time=113 ms
08-10 23:27:06.462  5222  5321 D cellinfo: 46 bytes from 44.241.174.93: icmp_seq=18557 ttl=32 time=102 ms
08-10 23:27:06.672  5222  5321 D cellinfo: 46 bytes from 44.241.174.93: icmp_seq=18558 ttl=32 time=108 ms
08-10 23:27:06.871  5222  5321 D cellinfo: 46 bytes from 44.241.174.93: icmp_seq=18559 ttl=32 time=106 ms
08-10 23:27:07.073  5222  5321 D cellinfo: 46 bytes from 44.241.174.93: icmp_seq=18560 ttl=32 time=106 ms
08-10 23:27:07.155  5222  5222 D cellinfo: Latitude is 39.9009619
08-10 23:27:07.155  5222  5222 D cellinfo: Longitude is -104.9884934
08-10 23:27:07.155  5222  5222 D cellinfo: Instantaneous GPS information: United States, 50 W Community Center Dr, Northglenn, CO 80234, USA
08-10 23:27:07.155  5222  5222 D cellinfo: getCurrentLocation() result: Location (success): 39.9009619, -104.9884934
08-10 23:27:07.273  5222  5321 D cellinfo: 46 bytes from 44.241.174.93: icmp_seq=18561 ttl=32 time=107 ms
08-10 23:27:07.474  5222  5321 D cellinfo: 46 bytes from 44.241.174.93: icmp_seq=18562 ttl=32 time=107 ms
08-10 23:27:07.673  5222  5321 D cellinfo: 46 bytes from 44.241.174.93: icmp_seq=18563 ttl=32 time=105 ms
08-10 23:27:07.872  5222  5321 D cellinfo: 46 bytes from 44.241.174.93: icmp_seq=18564 ttl=32 time=104 ms
08-10 23:27:08.051  5222  5222 D cellinfo: onsignalStrengthsChanged: LTE Signal Strength info: rsrp: -109 rsrq: -18 rssi: -67 rssnr: -4
08-10 23:27:08.071  5222  5321 D cellinfo: 46 bytes from 44.241.174.93: icmp_seq=18565 ttl=32 time=103 ms
08-10 23:27:08.271  5222  5321 D cellinfo: 46 bytes from 44.241.174.93: icmp_seq=18566 ttl=32 time=103 ms
08-10 23:27:08.454  5222  5222 D cellinfo: Latitude is 39.9009619
08-10 23:27:08.454  5222  5222 D cellinfo: Longitude is -104.9884934
08-10 23:27:08.454  5222  5222 D cellinfo: Instantaneous GPS information: United States, 50 W Community Center Dr, Northglenn, CO 80234, USA
08-10 23:27:08.454  5222  5222 D cellinfo: getCurrentLocation() result: Location (success): 39.9009619, -104.9884934
08-10 23:27:08.474  5222  5321 D cellinfo: 46 bytes from 44.241.174.93: icmp_seq=18567 ttl=32 time=105 ms
08-10 23:27:08.502  5222  5222 D cellinfo: onCellInfoChanged: Operator: AT&T...1 UpdateTimestamp: 200301239 CellConnectionStatus: 0
08-10 23:27:08.502  5222  5222 D cellinfo: onCellInfoChanged: LTE Cell Bands: [2] Bandwidth: 2147483647 Cell ID: 98567432 Physical Cell ID: 274 Tracking Area Code: 38402 EARFCN: 700
08-10 23:27:08.672  5222  5321 D cellinfo: 46 bytes from 44.241.174.93: icmp_seq=18568 ttl=32 time=101 ms
08-10 23:27:08.875  5222  5321 D cellinfo: 46 bytes from 44.241.174.93: icmp_seq=18569 ttl=32 time=103 ms
08-10 23:27:09.058  5222  5222 D cellinfo: onsignalStrengthsChanged: LTE Signal Strength info: rsrp: -108 rsrq: -18 rssi: -69 rssnr: -4
08-10 23:27:09.076  5222  5321 D cellinfo: 46 bytes from 44.241.174.93: icmp_seq=18570 ttl=32 time=103 ms
08-10 23:27:09.273  5222  5321 D cellinfo: 46 bytes from 44.241.174.93: icmp_seq=18571 ttl=32 time=99.6 ms
08-10 23:27:09.473  5222  5321 D cellinfo: 46 bytes from 44.241.174.93: icmp_seq=18572 ttl=32 time=98.8 ms
08-10 23:27:09.672  5222  5321 D cellinfo: 46 bytes from 44.241.174.93: icmp_seq=18573 ttl=32 time=96.8 ms
08-10 23:27:09.878  5222  5321 D cellinfo: 46 bytes from 44.241.174.93: icmp_seq=18574 ttl=32 time=102 ms
08-10 23:27:10.111  5222  5321 D cellinfo: 46 bytes from 44.241.174.93: icmp_seq=18575 ttl=32 time=135 ms
08-10 23:27:10.276  5222  5321 D cellinfo: 46 bytes from 44.241.174.93: icmp_seq=18576 ttl=32 time=101 ms
08-10 23:27:10.476  5222  5321 D cellinfo: 46 bytes from 44.241.174.93: icmp_seq=18577 ttl=32 time=100 ms
08-10 23:27:10.676  5222  5321 D cellinfo: 46 bytes from 44.241.174.93: icmp_seq=18578 ttl=32 time=99.3 ms
08-10 23:27:10.876  5222  5321 D cellinfo: 46 bytes from 44.241.174.93: icmp_seq=18579 ttl=32 time=98.5 ms
08-10 23:27:11.112  5222  5321 D cellinfo: 46 bytes from 44.241.174.93: icmp_seq=18580 ttl=32 time=133 ms
08-10 23:27:11.296  5222  5222 D cellinfo: onsignalStrengthsChanged: LTE Signal Strength info: rsrp: -106 rsrq: -16 rssi: -67 rssnr: -3
08-10 23:27:11.311  5222  5321 D cellinfo: 46 bytes from 44.241.174.93: icmp_seq=18581 ttl=32 time=133 ms
08-10 23:27:11.443  5222  5222 D cellinfo: Latitude is 39.9009619
08-10 23:27:11.443  5222  5222 D cellinfo: Longitude is -104.9884934
08-10 23:27:11.443  5222  5222 D cellinfo: Instantaneous GPS information: United States, 50 W Community Center Dr, Northglenn, CO 80234, USA
08-10 23:27:11.443  5222  5222 D cellinfo: getCurrentLocation() result: Location (success): 39.9009619, -104.9884934
08-10 23:27:11.484  5222  5222 D cellinfo: onCellInfoChanged: Operator: AT&T...1 UpdateTimestamp: 200304220 CellConnectionStatus: 0
08-10 23:27:11.484  5222  5222 D cellinfo: onCellInfoChanged: LTE Cell Bands: [2] Bandwidth: 2147483647 Cell ID: 98567432 Physical Cell ID: 274 Tracking Area Code: 38402 EARFCN: 700
08-10 23:27:11.511  5222  5321 D cellinfo: 46 bytes from 44.241.174.93: icmp_seq=18582 ttl=32 time=132 ms
08-10 23:27:11.677  5222  5321 D cellinfo: 46 bytes from 44.241.174.93: icmp_seq=18583 ttl=32 time=96.9 ms
08-10 23:27:11.875  5222  5321 D cellinfo: 46 bytes from 44.241.174.93: icmp_seq=18584 ttl=32 time=95.0 ms
08-10 23:27:12.077  5222  5321 D cellinfo: 46 bytes from 44.241.174.93: icmp_seq=18585 ttl=32 time=95.0 ms
08-10 23:27:12.277  5222  5321 D cellinfo: 46 bytes from 44.241.174.93: icmp_seq=18586 ttl=32 time=96.4 ms
08-10 23:27:12.478  5222  5321 D cellinfo: 46 bytes from 44.241.174.93: icmp_seq=18587 ttl=32 time=96.2 ms
08-10 23:27:12.711  5222  5321 D cellinfo: 46 bytes from 44.241.174.93: icmp_seq=18588 ttl=32 time=129 ms
08-10 23:27:12.876  5222  5321 D cellinfo: 46 bytes from 44.241.174.93: icmp_seq=18589 ttl=32 time=93.7 ms
08-10 23:27:13.111  5222  5321 D cellinfo: 46 bytes from 44.241.174.93: icmp_seq=18590 ttl=32 time=127 ms
08-10 23:27:13.311  5222  5321 D cellinfo: 46 bytes from 44.241.174.93: icmp_seq=18591 ttl=32 time=127 ms
08-10 23:27:13.511  5222  5321 D cellinfo: 46 bytes from 44.241.174.93: icmp_seq=18592 ttl=32 time=127 ms
08-10 23:27:13.539  5222  5222 D cellinfo: onsignalStrengthsChanged: LTE Signal Strength info: rsrp: -105 rsrq: -16 rssi: -65 rssnr: -2
08-10 23:27:13.711  5222  5321 D cellinfo: 46 bytes from 44.241.174.93: icmp_seq=18593 ttl=32 time=126 ms
08-10 23:27:13.911  5222  5321 D cellinfo: 46 bytes from 44.241.174.93: icmp_seq=18594 ttl=32 time=126 ms
08-10 23:27:14.054  5222  5222 D cellinfo: onsignalStrengthsChanged: LTE Signal Strength info: rsrp: -104 rsrq: -15 rssi: -65 rssnr: -1
08-10 23:27:14.076  5222  5321 D cellinfo: 46 bytes from 44.241.174.93: icmp_seq=18595 ttl=32 time=90.5 ms
08-10 23:27:14.311  5222  5321 D cellinfo: 46 bytes from 44.241.174.93: icmp_seq=18596 ttl=32 time=124 ms
08-10 23:27:14.446  5222  5222 D cellinfo: Latitude is 39.9009619
08-10 23:27:14.446  5222  5222 D cellinfo: Longitude is -104.9884934
08-10 23:27:14.446  5222  5222 D cellinfo: Instantaneous GPS information: United States, 50 W Community Center Dr, Northglenn, CO 80234, USA
08-10 23:27:14.446  5222  5222 D cellinfo: getCurrentLocation() result: Location (success): 39.9009619, -104.9884934
08-10 23:27:14.499  5222  5222 D cellinfo: onCellInfoChanged: Operator: AT&T...1 UpdateTimestamp: 200307234 CellConnectionStatus: 0
08-10 23:27:14.499  5222  5222 D cellinfo: onCellInfoChanged: LTE Cell Bands: [2] Bandwidth: 2147483647 Cell ID: 98567432 Physical Cell ID: 274 Tracking Area Code: 38402 EARFCN: 700
08-10 23:27:14.510  5222  5321 D cellinfo: 46 bytes from 44.241.174.93: icmp_seq=18597 ttl=32 time=124 ms
08-10 23:27:14.712  5222  5321 D cellinfo: 46 bytes from 44.241.174.93: icmp_seq=18598 ttl=32 time=123 ms
08-10 23:27:14.887  5222  5321 D cellinfo: 46 bytes from 44.241.174.93: icmp_seq=18599 ttl=32 time=98.5 ms
08-10 23:27:15.111  5222  5321 D cellinfo: 46 bytes from 44.241.174.93: icmp_seq=18600 ttl=32 time=121 ms
08-10 23:27:15.311  5222  5321 D cellinfo: 46 bytes from 44.241.174.93: icmp_seq=18601 ttl=32 time=121 ms
08-10 23:27:15.486  5222  5321 D cellinfo: 46 bytes from 44.241.174.93: icmp_seq=18602 ttl=32 time=96.4 ms
08-10 23:27:15.699  5222  5321 D cellinfo: 46 bytes from 44.241.174.93: icmp_seq=18603 ttl=32 time=107 ms
08-10 23:27:15.777  5222  5222 D cellinfo: onsignalStrengthsChanged: LTE Signal Strength info: rsrp: -102 rsrq: -14 rssi: -63 rssnr: 0
08-10 23:27:15.888  5222  5321 D cellinfo: 46 bytes from 44.241.174.93: icmp_seq=18604 ttl=32 time=96.1 ms
08-10 23:27:16.112  5222  5321 D cellinfo: 46 bytes from 44.241.174.93: icmp_seq=18605 ttl=32 time=120 ms
08-10 23:27:16.312  5222  5321 D cellinfo: 46 bytes from 44.241.174.93: icmp_seq=18606 ttl=32 time=120 ms
08-10 23:27:16.512  5222  5321 D cellinfo: 46 bytes from 44.241.174.93: icmp_seq=18607 ttl=32 time=120 ms
08-10 23:27:16.751  5222  5321 D cellinfo: 46 bytes from 44.241.174.93: icmp_seq=18608 ttl=32 time=159 ms
08-10 23:27:16.912  5222  5321 D cellinfo: 46 bytes from 44.241.174.93: icmp_seq=18609 ttl=32 time=119 ms
08-10 23:27:17.056  5222  5222 D cellinfo: onsignalStrengthsChanged: LTE Signal Strength info: rsrp: -100 rsrq: -14 rssi: -69 rssnr: 2
08-10 23:27:17.111  5222  5321 D cellinfo: 46 bytes from 44.241.174.93: icmp_seq=18610 ttl=32 time=118 ms
08-10 23:27:17.312  5222  5321 D cellinfo: 46 bytes from 44.241.174.93: icmp_seq=18611 ttl=32 time=119 ms
08-10 23:27:17.481  5222  5222 D cellinfo: onCellInfoChanged: Operator: AT&T...1 UpdateTimestamp: 200310217 CellConnectionStatus: 0
08-10 23:27:17.481  5222  5222 D cellinfo: onCellInfoChanged: LTE Cell Bands: [2] Bandwidth: 2147483647 Cell ID: 98567432 Physical Cell ID: 274 Tracking Area Code: 38402 EARFCN: 700
08-10 23:27:17.512  5222  5321 D cellinfo: 46 bytes from 44.241.174.93: icmp_seq=18612 ttl=32 time=118 ms
08-10 23:27:17.713  5222  5321 D cellinfo: 46 bytes from 44.241.174.93: icmp_seq=18613 ttl=32 time=117 ms
08-10 23:27:17.913  5222  5321 D cellinfo: 46 bytes from 44.241.174.93: icmp_seq=18614 ttl=32 time=117 ms
08-10 23:27:18.017  5222  5222 D cellinfo: onsignalStrengthsChanged: LTE Signal Strength info: rsrp: -100 rsrq: -13 rssi: -65 rssnr: 4
08-10 23:27:18.116  5222  5321 D cellinfo: 46 bytes from 44.241.174.93: icmp_seq=18615 ttl=32 time=119 ms
08-10 23:27:18.311  5222  5321 D cellinfo: 46 bytes from 44.241.174.93: icmp_seq=18616 ttl=32 time=115 ms
08-10 23:27:18.512  5222  5321 D cellinfo: 46 bytes from 44.241.174.93: icmp_seq=18617 ttl=32 time=114 ms
08-10 23:27:18.714  5222  5321 D cellinfo: 46 bytes from 44.241.174.93: icmp_seq=18618 ttl=32 time=113 ms
08-10 23:27:18.904  5222  5321 D cellinfo: 46 bytes from 44.241.174.93: icmp_seq=18619 ttl=32 time=102 ms
08-10 23:27:19.081  5222  5222 D cellinfo: Latitude is 39.8974628
08-10 23:27:19.082  5222  5222 D cellinfo: Longitude is -104.9876732
08-10 23:27:19.082  5222  5222 D cellinfo: Instantaneous GPS information: United States, 11050 Acoma St, Northglenn, CO 80234, USA
08-10 23:27:19.082  5222  5222 D cellinfo: getCurrentLocation() result: Location (success): 39.8974628, -104.9876732
08-10 23:27:19.118  5222  5321 D cellinfo: 46 bytes from 44.241.174.93: icmp_seq=18620 ttl=32 time=117 ms
08-10 23:27:19.312  5222  5321 D cellinfo: 46 bytes from 44.241.174.93: icmp_seq=18621 ttl=32 time=110 ms
08-10 23:27:19.502  5222  5321 D cellinfo: 46 bytes from 44.241.174.93: icmp_seq=18622 ttl=32 time=99.1 ms
08-10 23:27:19.712  5222  5321 D cellinfo: 46 bytes from 44.241.174.93: icmp_seq=18623 ttl=32 time=107 ms
08-10 23:27:19.912  5222  5321 D cellinfo: 46 bytes from 44.241.174.93: icmp_seq=18624 ttl=32 time=106 ms
08-10 23:27:20.057  5222  5222 D cellinfo: onsignalStrengthsChanged: LTE Signal Strength info: rsrp: -98 rsrq: -12 rssi: -57 rssnr: 5
08-10 23:27:20.112  5222  5321 D cellinfo: 46 bytes from 44.241.174.93: icmp_seq=18625 ttl=32 time=106 ms
08-10 23:27:20.256  5222  5222 D cellinfo: onsignalStrengthsChanged: LTE Signal Strength info: rsrp: -96 rsrq: -12 rssi: -57 rssnr: 6
08-10 23:27:20.311  5222  5321 D cellinfo: 46 bytes from 44.241.174.93: icmp_seq=18626 ttl=32 time=105 ms
08-10 23:27:20.444  5222  5222 D cellinfo: Latitude is 39.8974628
08-10 23:27:20.444  5222  5222 D cellinfo: Longitude is -104.9876732
08-10 23:27:20.444  5222  5222 D cellinfo: Instantaneous GPS information: United States, 11050 Acoma St, Northglenn, CO 80234, USA
08-10 23:27:20.444  5222  5222 D cellinfo: getCurrentLocation() result: Location (success): 39.8974628, -104.9876732
08-10 23:27:20.508  5222  5222 D cellinfo: onCellInfoChanged: Operator: AT&T...1 UpdateTimestamp: 200313240 CellConnectionStatus: 0
08-10 23:27:20.508  5222  5222 D cellinfo: onCellInfoChanged: LTE Cell Bands: [2] Bandwidth: 2147483647 Cell ID: 98567432 Physical Cell ID: 274 Tracking Area Code: 38402 EARFCN: 700
08-10 23:27:20.512  5222  5321 D cellinfo: 46 bytes from 44.241.174.93: icmp_seq=18627 ttl=32 time=103 ms
08-10 23:27:20.752  5222  5321 D cellinfo: 46 bytes from 44.241.174.93: icmp_seq=18628 ttl=32 time=144 ms
08-10 23:27:20.912  5222  5321 D cellinfo: 46 bytes from 44.241.174.93: icmp_seq=18629 ttl=32 time=103 ms
08-10 23:27:21.113  5222  5321 D cellinfo: 46 bytes from 44.241.174.93: icmp_seq=18630 ttl=32 time=102 ms
08-10 23:27:21.311  5222  5321 D cellinfo: 46 bytes from 44.241.174.93: icmp_seq=18631 ttl=32 time=101 ms
08-10 23:27:21.506  5222  5321 D cellinfo: 46 bytes from 44.241.174.93: icmp_seq=18632 ttl=32 time=95.2 ms
08-10 23:27:21.708  5222  5321 D cellinfo: 46 bytes from 44.241.174.93: icmp_seq=18633 ttl=32 time=95.1 ms
08-10 23:27:21.912  5222  5321 D cellinfo: 46 bytes from 44.241.174.93: icmp_seq=18634 ttl=32 time=98.0 ms
08-10 23:27:22.112  5222  5321 D cellinfo: 46 bytes from 44.241.174.93: icmp_seq=18635 ttl=32 time=97.3 ms
08-10 23:27:22.351  5222  5321 D cellinfo: 46 bytes from 44.241.174.93: icmp_seq=18636 ttl=32 time=136 ms
08-10 23:27:22.510  5222  5222 D cellinfo: onsignalStrengthsChanged: LTE Signal Strength info: rsrp: -94 rsrq: -12 rssi: -59 rssnr: 9
08-10 23:27:22.511  5222  5321 D cellinfo: 46 bytes from 44.241.174.93: icmp_seq=18637 ttl=32 time=96.2 ms
08-10 23:27:22.716  5222  5321 D cellinfo: 46 bytes from 44.241.174.93: icmp_seq=18638 ttl=32 time=99.2 ms
08-10 23:27:22.950  5222  5321 D cellinfo: 46 bytes from 44.241.174.93: icmp_seq=18639 ttl=32 time=133 ms
08-10 23:27:23.152  5222  5321 D cellinfo: 46 bytes from 44.241.174.93: icmp_seq=18640 ttl=32 time=133 ms
08-10 23:27:23.352  5222  5321 D cellinfo: 46 bytes from 44.241.174.93: icmp_seq=18641 ttl=32 time=132 ms
08-10 23:27:23.443  5222  5222 D cellinfo: Latitude is 39.8974628
08-10 23:27:23.444  5222  5222 D cellinfo: Longitude is -104.9876732
08-10 23:27:23.444  5222  5222 D cellinfo: Instantaneous GPS information: United States, 11050 Acoma St, Northglenn, CO 80234, USA
08-10 23:27:23.444  5222  5222 D cellinfo: getCurrentLocation() result: Location (success): 39.8974628, -104.9876732
08-10 23:27:23.502  5222  5222 D cellinfo: onCellInfoChanged: Operator: AT&T...1 UpdateTimestamp: 200316240 CellConnectionStatus: 0
08-10 23:27:23.502  5222  5222 D cellinfo: onCellInfoChanged: LTE Cell Bands: [2] Bandwidth: 2147483647 Cell ID: 98567432 Physical Cell ID: 274 Tracking Area Code: 38402 EARFCN: 700
08-10 23:27:23.516  5222  5321 D cellinfo: 46 bytes from 44.241.174.93: icmp_seq=18642 ttl=32 time=96.4 ms
08-10 23:27:23.751  5222  5321 D cellinfo: 46 bytes from 44.241.174.93: icmp_seq=18643 ttl=32 time=130 ms
08-10 23:27:24.247  5222  5321 D cellinfo: 46 bytes from 44.241.174.93: icmp_seq=18644 ttl=32 time=425 ms
08-10 23:27:24.248  5222  5321 D cellinfo: 46 bytes from 44.241.174.93: icmp_seq=18645 ttl=32 time=225 ms
08-10 23:27:24.352  5222  5321 D cellinfo: 46 bytes from 44.241.174.93: icmp_seq=18646 ttl=32 time=119 ms
08-10 23:27:24.552  5222  5321 D cellinfo: 46 bytes from 44.241.174.93: icmp_seq=18647 ttl=32 time=118 ms
08-10 23:27:24.792  5222  5321 D cellinfo: 46 bytes from 44.241.174.93: icmp_seq=18648 ttl=32 time=157 ms
08-10 23:27:24.927  5222  5321 D cellinfo: 46 bytes from 44.241.174.93: icmp_seq=18649 ttl=32 time=91.6 ms
08-10 23:27:25.192  5222  5321 D cellinfo: 46 bytes from 44.241.174.93: icmp_seq=18650 ttl=32 time=156 ms
08-10 23:27:25.392  5222  5321 D cellinfo: 46 bytes from 44.241.174.93: icmp_seq=18651 ttl=32 time=155 ms
08-10 23:27:25.551  5222  5321 D cellinfo: 46 bytes from 44.241.174.93: icmp_seq=18652 ttl=32 time=115 ms
08-10 23:27:25.751  5222  5321 D cellinfo: 46 bytes from 44.241.174.93: icmp_seq=18653 ttl=32 time=114 ms
08-10 23:27:25.951  5222  5321 D cellinfo: 46 bytes from 44.241.174.93: icmp_seq=18654 ttl=32 time=113 ms
08-10 23:27:26.058  5222  5222 D cellinfo: onsignalStrengthsChanged: LTE Signal Strength info: rsrp: -92 rsrq: -11 rssi: -63 rssnr: 12
08-10 23:27:26.152  5222  5321 D cellinfo: 46 bytes from 44.241.174.93: icmp_seq=18655 ttl=32 time=112 ms
08-10 23:27:26.351  5222  5321 D cellinfo: 46 bytes from 44.241.174.93: icmp_seq=18656 ttl=32 time=111 ms
08-10 23:27:26.445  5222  5222 D cellinfo: Latitude is 39.8974628
08-10 23:27:26.445  5222  5222 D cellinfo: Longitude is -104.9876732
08-10 23:27:26.445  5222  5222 D cellinfo: Instantaneous GPS information: United States, 11050 Acoma St, Northglenn, CO 80234, USA
08-10 23:27:26.445  5222  5222 D cellinfo: getCurrentLocation() result: Location (success): 39.8974628, -104.9876732
08-10 23:27:26.492  5222  5222 D cellinfo: onCellInfoChanged: Operator: AT&T...1 UpdateTimestamp: 200319228 CellConnectionStatus: 0
08-10 23:27:26.492  5222  5222 D cellinfo: onCellInfoChanged: LTE Cell Bands: [2] Bandwidth: 2147483647 Cell ID: 98567432 Physical Cell ID: 274 Tracking Area Code: 38402 EARFCN: 700
08-10 23:27:26.578  5222  5321 D cellinfo: 46 bytes from 44.241.174.93: icmp_seq=18657 ttl=32 time=137 ms
08-10 23:27:26.746  5222  5321 D cellinfo: 46 bytes from 44.241.174.93: icmp_seq=18658 ttl=32 time=103 ms
08-10 23:27:26.952  5222  5321 D cellinfo: 46 bytes from 44.241.174.93: icmp_seq=18659 ttl=32 time=106 ms
08-10 23:27:27.152  5222  5321 D cellinfo: 46 bytes from 44.241.174.93: icmp_seq=18660 ttl=32 time=106 ms
08-10 23:27:27.352  5222  5321 D cellinfo: 46 bytes from 44.241.174.93: icmp_seq=18661 ttl=32 time=105 ms
08-10 23:27:27.551  5222  5321 D cellinfo: 46 bytes from 44.241.174.93: icmp_seq=18662 ttl=32 time=103 ms
08-10 23:27:27.752  5222  5321 D cellinfo: 46 bytes from 44.241.174.93: icmp_seq=18663 ttl=32 time=103 ms
08-10 23:27:27.992  5222  5321 D cellinfo: 46 bytes from 44.241.174.93: icmp_seq=18664 ttl=32 time=143 ms
08-10 23:27:28.151  5222  5321 D cellinfo: 46 bytes from 44.241.174.93: icmp_seq=18665 ttl=32 time=102 ms
08-10 23:27:28.352  5222  5321 D cellinfo: 46 bytes from 44.241.174.93: icmp_seq=18666 ttl=32 time=102 ms
08-10 23:27:28.551  5222  5321 D cellinfo: 46 bytes from 44.241.174.93: icmp_seq=18667 ttl=32 time=101 ms
08-10 23:27:28.751  5222  5321 D cellinfo: 46 bytes from 44.241.174.93: icmp_seq=18668 ttl=32 time=100 ms
08-10 23:27:28.992  5222  5321 D cellinfo: 46 bytes from 44.241.174.93: icmp_seq=18669 ttl=32 time=140 ms
08-10 23:27:29.151  5222  5321 D cellinfo: 46 bytes from 44.241.174.93: icmp_seq=18670 ttl=32 time=99.0 ms
08-10 23:27:29.352  5222  5321 D cellinfo: 46 bytes from 44.241.174.93: icmp_seq=18671 ttl=32 time=98.4 ms
08-10 23:27:29.485  5222  5222 D cellinfo: onCellInfoChanged: Operator: AT&T...1 UpdateTimestamp: 200322220 CellConnectionStatus: 0
08-10 23:27:29.485  5222  5222 D cellinfo: onCellInfoChanged: LTE Cell Bands: [2] Bandwidth: 2147483647 Cell ID: 98567432 Physical Cell ID: 274 Tracking Area Code: 38402 EARFCN: 700
08-10 23:27:29.552  5222  5321 D cellinfo: 46 bytes from 44.241.174.93: icmp_seq=18672 ttl=32 time=97.1 ms
08-10 23:27:29.758  5222  5321 D cellinfo: 46 bytes from 44.241.174.93: icmp_seq=18673 ttl=32 time=100 ms
08-10 23:27:29.992  5222  5321 D cellinfo: 46 bytes from 44.241.174.93: icmp_seq=18674 ttl=32 time=134 ms
08-10 23:27:30.158  5222  5321 D cellinfo: 46 bytes from 44.241.174.93: icmp_seq=18675 ttl=32 time=98.2 ms
08-10 23:27:30.359  5222  5321 D cellinfo: 46 bytes from 44.241.174.93: icmp_seq=18676 ttl=32 time=98.7 ms
08-10 23:27:30.590  5222  5321 D cellinfo: 46 bytes from 44.241.174.93: icmp_seq=18677 ttl=32 time=131 ms
08-10 23:27:30.758  5222  5321 D cellinfo: 46 bytes from 44.241.174.93: icmp_seq=18678 ttl=32 time=95.7 ms
08-10 23:27:30.962  5222  5321 D cellinfo: 46 bytes from 44.241.174.93: icmp_seq=18679 ttl=32 time=97.5 ms
08-10 23:27:31.118  5222  5222 D cellinfo: Latitude is 39.8936728
08-10 23:27:31.118  5222  5222 D cellinfo: Longitude is -104.987644
08-10 23:27:31.118  5222  5222 D cellinfo: Instantaneous GPS information: United States, 10850 Acoma St, Northglenn, CO 80234, USA
08-10 23:27:31.118  5222  5222 D cellinfo: getCurrentLocation() result: Location (success): 39.8936728, -104.987644
08-10 23:27:31.194  5222  5321 D cellinfo: 46 bytes from 44.241.174.93: icmp_seq=18680 ttl=32 time=129 ms
08-10 23:27:31.394  5222  5321 D cellinfo: 46 bytes from 44.241.174.93: icmp_seq=18681 ttl=32 time=129 ms
08-10 23:27:31.470  5222  5222 D cellinfo: onsignalStrengthsChanged: LTE Signal Strength info: rsrp: -91 rsrq: -12 rssi: -67 rssnr: 13
08-10 23:27:31.566  5222  5321 D cellinfo: 46 bytes from 44.241.174.93: icmp_seq=18682 ttl=32 time=100 ms
08-10 23:27:31.795  5222  5321 D cellinfo: 46 bytes from 44.241.174.93: icmp_seq=18683 ttl=32 time=128 ms
08-10 23:27:31.993  5222  5321 D cellinfo: 46 bytes from 44.241.174.93: icmp_seq=18684 ttl=32 time=125 ms
08-10 23:27:32.192  5222  5321 D cellinfo: 46 bytes from 44.241.174.93: icmp_seq=18685 ttl=32 time=123 ms
08-10 23:27:32.391  5222  5321 D cellinfo: 46 bytes from 44.241.174.93: icmp_seq=18686 ttl=32 time=123 ms
08-10 23:27:32.447  5222  5222 D cellinfo: Latitude is 39.8936728
08-10 23:27:32.447  5222  5222 D cellinfo: Longitude is -104.987644
08-10 23:27:32.447  5222  5222 D cellinfo: Instantaneous GPS information: United States, 10850 Acoma St, Northglenn, CO 80234, USA
08-10 23:27:32.447  5222  5222 D cellinfo: getCurrentLocation() result: Location (success): 39.8936728, -104.987644
08-10 23:27:32.495  5222  5222 D cellinfo: onCellInfoChanged: Operator: AT&T...1 UpdateTimestamp: 200325230 CellConnectionStatus: 0
08-10 23:27:32.495  5222  5222 D cellinfo: onCellInfoChanged: LTE Cell Bands: [2] Bandwidth: 2147483647 Cell ID: 98567432 Physical Cell ID: 274 Tracking Area Code: 38402 EARFCN: 700
08-10 23:27:32.590  5222  5321 D cellinfo: 46 bytes from 44.241.174.93: icmp_seq=18687 ttl=32 time=122 ms
08-10 23:27:32.791  5222  5321 D cellinfo: 46 bytes from 44.241.174.93: icmp_seq=18688 ttl=32 time=121 ms
08-10 23:27:32.992  5222  5321 D cellinfo: 46 bytes from 44.241.174.93: icmp_seq=18689 ttl=32 time=121 ms
08-10 23:27:33.192  5222  5321 D cellinfo: 46 bytes from 44.241.174.93: icmp_seq=18690 ttl=32 time=118 ms
08-10 23:27:33.392  5222  5321 D cellinfo: 46 bytes from 44.241.174.93: icmp_seq=18691 ttl=32 time=117 ms
08-10 23:27:33.592  5222  5321 D cellinfo: 46 bytes from 44.241.174.93: icmp_seq=18692 ttl=32 time=117 ms
08-10 23:27:33.713  5222  5222 D cellinfo: onsignalStrengthsChanged: LTE Signal Strength info: rsrp: -94 rsrq: -12 rssi: -65 rssnr: 13
08-10 23:27:33.791  5222  5321 D cellinfo: 46 bytes from 44.241.174.93: icmp_seq=18693 ttl=32 time=116 ms
08-10 23:27:33.992  5222  5321 D cellinfo: 46 bytes from 44.241.174.93: icmp_seq=18694 ttl=32 time=117 ms
08-10 23:27:34.191  5222  5321 D cellinfo: 46 bytes from 44.241.174.93: icmp_seq=18695 ttl=32 time=115 ms
08-10 23:27:34.391  5222  5321 D cellinfo: 46 bytes from 44.241.174.93: icmp_seq=18696 ttl=32 time=114 ms
08-10 23:27:34.607  5222  5321 D cellinfo: 46 bytes from 44.241.174.93: icmp_seq=18697 ttl=32 time=130 ms
08-10 23:27:34.794  5222  5321 D cellinfo: 46 bytes from 44.241.174.93: icmp_seq=18698 ttl=32 time=115 ms
08-10 23:27:34.991  5222  5321 D cellinfo: 46 bytes from 44.241.174.93: icmp_seq=18699 ttl=32 time=113 ms
08-10 23:27:35.191  5222  5321 D cellinfo: 46 bytes from 44.241.174.93: icmp_seq=18700 ttl=32 time=112 ms
08-10 23:27:35.391  5222  5321 D cellinfo: 46 bytes from 44.241.174.93: icmp_seq=18701 ttl=32 time=111 ms
08-10 23:27:35.449  5222  5222 D cellinfo: Latitude is 39.8936728
08-10 23:27:35.449  5222  5222 D cellinfo: Longitude is -104.987644
08-10 23:27:35.449  5222  5222 D cellinfo: Instantaneous GPS information: United States, 10850 Acoma St, Northglenn, CO 80234, USA
08-10 23:27:35.449  5222  5222 D cellinfo: getCurrentLocation() result: Location (success): 39.8936728, -104.987644
08-10 23:27:35.499  5222  5222 D cellinfo: onCellInfoChanged: Operator: AT&T...1 UpdateTimestamp: 200328238 CellConnectionStatus: 0
08-10 23:27:35.499  5222  5222 D cellinfo: onCellInfoChanged: LTE Cell Bands: [2] Bandwidth: 2147483647 Cell ID: 98567432 Physical Cell ID: 274 Tracking Area Code: 38402 EARFCN: 700
08-10 23:27:35.592  5222  5321 D cellinfo: 46 bytes from 44.241.174.93: icmp_seq=18702 ttl=32 time=110 ms
08-10 23:27:35.793  5222  5321 D cellinfo: 46 bytes from 44.241.174.93: icmp_seq=18703 ttl=32 time=111 ms
08-10 23:27:35.991  5222  5321 D cellinfo: 46 bytes from 44.241.174.93: icmp_seq=18704 ttl=32 time=109 ms
08-10 23:27:36.191  5222  5321 D cellinfo: 46 bytes from 44.241.174.93: icmp_seq=18705 ttl=32 time=107 ms
08-10 23:27:36.391  5222  5321 D cellinfo: 46 bytes from 44.241.174.93: icmp_seq=18706 ttl=32 time=106 ms
