08-10 21:52:24.063 25553 25736 D cellinfo: 46 bytes from 44.241.174.93: icmp_seq=894 ttl=32 time=155 ms
08-10 21:52:24.222 25553 25736 D cellinfo: 46 bytes from 44.241.174.93: icmp_seq=895 ttl=32 time=116 ms
08-10 21:52:24.373 25553 25553 D cellinfo: onsignalStrengthsChanged: LTE Signal Strength info: rsrp: -124 rsrq: -17 rssi: -91 rssnr: -4
08-10 21:52:24.422 25553 25736 D cellinfo: 46 bytes from 44.241.174.93: icmp_seq=896 ttl=32 time=115 ms
08-10 21:52:24.629 25553 25736 D cellinfo: 46 bytes from 44.241.174.93: icmp_seq=897 ttl=32 time=122 ms
08-10 21:52:24.822 25553 25736 D cellinfo: 46 bytes from 44.241.174.93: icmp_seq=898 ttl=32 time=114 ms
08-10 21:52:25.022 25553 25736 D cellinfo: 46 bytes from 44.241.174.93: icmp_seq=899 ttl=32 time=112 ms
08-10 21:52:25.223 25553 25736 D cellinfo: 46 bytes from 44.241.174.93: icmp_seq=900 ttl=32 time=113 ms
08-10 21:52:25.399 25553 25553 D cellinfo: onCellInfoChanged: Operator: AT&T UpdateTimestamp: 194618134 CellConnectionStatus: 0
08-10 21:52:25.400 25553 25553 D cellinfo: onCellInfoChanged: LTE Cell Bands: [12] Bandwidth: 2147483647 Cell ID: 98109201 Physical Cell ID: 464 Tracking Area Code: 38403 EARFCN: 5110
08-10 21:52:25.433 25553 25736 D cellinfo: 46 bytes from 44.241.174.93: icmp_seq=901 ttl=32 time=122 ms
08-10 21:52:25.982 25553 25553 D cellinfo: onsignalStrengthsChanged: LTE Signal Strength info: rsrp: -124 rsrq: -17 rssi: -87 rssnr: -4
08-10 21:52:26.262 25553 25736 D cellinfo: 46 bytes from 44.241.174.93: icmp_seq=902 ttl=32 time=751 ms
08-10 21:52:26.262 25553 25736 D cellinfo: 46 bytes from 44.241.174.93: icmp_seq=903 ttl=32 time=541 ms
08-10 21:52:26.262 25553 25736 D cellinfo: 46 bytes from 44.241.174.93: icmp_seq=904 ttl=32 time=333 ms
08-10 21:52:26.301 25553 25736 D cellinfo: 46 bytes from 44.241.174.93: icmp_seq=905 ttl=32 time=164 ms
08-10 21:52:26.851 25553 25736 D cellinfo: 46 bytes from 44.241.174.93: icmp_seq=906 ttl=32 time=512 ms
08-10 21:52:26.927 25553 25736 D cellinfo: 46 bytes from 44.241.174.93: icmp_seq=907 ttl=32 time=378 ms
08-10 21:52:26.950 25553 25736 D cellinfo: 46 bytes from 44.241.174.93: icmp_seq=908 ttl=32 time=202 ms
08-10 21:52:27.069 25553 25736 D cellinfo: 46 bytes from 44.241.174.93: icmp_seq=909 ttl=32 time=119 ms
08-10 21:52:27.258 25553 25736 D cellinfo: 46 bytes from 44.241.174.93: icmp_seq=910 ttl=32 time=107 ms
08-10 21:52:27.512 25553 25736 D cellinfo: 46 bytes from 44.241.174.93: icmp_seq=911 ttl=32 time=159 ms
08-10 21:52:27.518 25553 25553 D cellinfo: Latitude is 40.9864652
08-10 21:52:27.518 25553 25553 D cellinfo: Longitude is -105.4043904
08-10 21:52:27.518 25553 25553 D cellinfo: Instantaneous GPS information: United States, 35543-35421 US-287, Livermore, CO 80536, USA
08-10 21:52:27.518 25553 25553 D cellinfo: getCurrentLocation() result: Location (success): 40.9864652, -105.4043904
08-10 21:52:27.520 25553 25553 D cellinfo: onsignalStrengthsChanged: LTE Signal Strength info: rsrp: -126 rsrq: -18 rssi: -93 rssnr: -4
08-10 21:52:27.704 25553 25736 D cellinfo: 46 bytes from 44.241.174.93: icmp_seq=912 ttl=32 time=152 ms
08-10 21:52:27.863 25553 25736 D cellinfo: 46 bytes from 44.241.174.93: icmp_seq=913 ttl=32 time=109 ms
08-10 21:52:28.060 25553 25736 D cellinfo: 46 bytes from 44.241.174.93: icmp_seq=914 ttl=32 time=108 ms
08-10 21:52:28.223 25553 25553 D cellinfo: onsignalStrengthsChanged: LTE Signal Strength info: rsrp: -126 rsrq: -18 rssi: -89 rssnr: -4
08-10 21:52:28.301 25553 25736 D cellinfo: 46 bytes from 44.241.174.93: icmp_seq=915 ttl=32 time=149 ms
08-10 21:52:28.352 25553 25553 D cellinfo: Latitude is 40.9864652
08-10 21:52:28.352 25553 25553 D cellinfo: Longitude is -105.4043904
08-10 21:52:28.352 25553 25553 D cellinfo: Instantaneous GPS information: United States, 35543-35421 US-287, Livermore, CO 80536, USA
08-10 21:52:28.352 25553 25553 D cellinfo: getCurrentLocation() result: Location (success): 40.9864652, -105.4043904
08-10 21:52:28.400 25553 25553 D cellinfo: onCellInfoChanged: Operator: AT&T UpdateTimestamp: 194621137 CellConnectionStatus: 0
08-10 21:52:28.400 25553 25553 D cellinfo: onCellInfoChanged: LTE Cell Bands: [12] Bandwidth: 2147483647 Cell ID: 98109201 Physical Cell ID: 464 Tracking Area Code: 38403 EARFCN: 5110
08-10 21:52:28.509 25553 25736 D cellinfo: 46 bytes from 44.241.174.93: icmp_seq=916 ttl=32 time=157 ms
08-10 21:52:28.702 25553 25736 D cellinfo: 46 bytes from 44.241.174.93: icmp_seq=917 ttl=32 time=148 ms
08-10 21:52:28.902 25553 25736 D cellinfo: 46 bytes from 44.241.174.93: icmp_seq=918 ttl=32 time=148 ms
08-10 21:52:29.102 25553 25736 D cellinfo: 46 bytes from 44.241.174.93: icmp_seq=919 ttl=32 time=147 ms
08-10 21:52:29.264 25553 25736 D cellinfo: 46 bytes from 44.241.174.93: icmp_seq=920 ttl=32 time=111 ms
08-10 21:52:29.503 25553 25736 D cellinfo: 46 bytes from 44.241.174.93: icmp_seq=921 ttl=32 time=146 ms
08-10 21:52:29.702 25553 25736 D cellinfo: 46 bytes from 44.241.174.93: icmp_seq=922 ttl=32 time=145 ms
08-10 21:52:29.910 25553 25736 D cellinfo: 46 bytes from 44.241.174.93: icmp_seq=923 ttl=32 time=152 ms
08-10 21:52:30.102 25553 25736 D cellinfo: 46 bytes from 44.241.174.93: icmp_seq=924 ttl=32 time=143 ms
08-10 21:52:30.311 25553 25736 D cellinfo: 46 bytes from 44.241.174.93: icmp_seq=925 ttl=32 time=151 ms
08-10 21:52:30.502 25553 25736 D cellinfo: 46 bytes from 44.241.174.93: icmp_seq=926 ttl=32 time=142 ms
08-10 21:52:30.708 25553 25736 D cellinfo: 46 bytes from 44.241.174.93: icmp_seq=927 ttl=32 time=147 ms
08-10 21:52:31.181 25553 25736 D cellinfo: 46 bytes from 44.241.174.93: icmp_seq=928 ttl=32 time=419 ms
08-10 21:52:31.181 25553 25736 D cellinfo: 46 bytes from 44.241.174.93: icmp_seq=929 ttl=32 time=215 ms
08-10 21:52:31.342 25553 25736 D cellinfo: 46 bytes from 44.241.174.93: icmp_seq=930 ttl=32 time=176 ms
08-10 21:52:31.363 25553 25553 D cellinfo: Latitude is 40.9864652
08-10 21:52:31.363 25553 25553 D cellinfo: Longitude is -105.4043904
08-10 21:52:31.363 25553 25553 D cellinfo: Instantaneous GPS information: United States, 35543-35421 US-287, Livermore, CO 80536, USA
08-10 21:52:31.363 25553 25553 D cellinfo: getCurrentLocation() result: Location (success): 40.9864652, -105.4043904
08-10 21:52:31.395 25553 25553 D cellinfo: onCellInfoChanged: Operator: AT&T UpdateTimestamp: 194624131 CellConnectionStatus: 0
08-10 21:52:31.395 25553 25553 D cellinfo: onCellInfoChanged: LTE Cell Bands: [12] Bandwidth: 2147483647 Cell ID: 98109201 Physical Cell ID: 464 Tracking Area Code: 38403 EARFCN: 5110
08-10 21:52:31.502 25553 25736 D cellinfo: 46 bytes from 44.241.174.93: icmp_seq=931 ttl=32 time=134 ms
08-10 21:52:31.704 25553 25736 D cellinfo: 46 bytes from 44.241.174.93: icmp_seq=932 ttl=32 time=136 ms
08-10 21:52:31.943 25553 25736 D cellinfo: 46 bytes from 44.241.174.93: icmp_seq=933 ttl=32 time=174 ms
08-10 21:52:32.109 25553 25736 D cellinfo: 46 bytes from 44.241.174.93: icmp_seq=934 ttl=32 time=141 ms
08-10 21:52:32.391 25553 25736 D cellinfo: 46 bytes from 44.241.174.93: icmp_seq=935 ttl=32 time=221 ms
08-10 21:52:32.543 25553 25736 D cellinfo: 46 bytes from 44.241.174.93: icmp_seq=936 ttl=32 time=166 ms
08-10 21:52:32.702 25553 25553 D cellinfo: onsignalStrengthsChanged: LTE Signal Strength info: rsrp: -125 rsrq: -19 rssi: -91 rssnr: -5
08-10 21:52:32.742 25553 25736 D cellinfo: 46 bytes from 44.241.174.93: icmp_seq=937 ttl=32 time=165 ms
08-10 21:52:32.903 25553 25736 D cellinfo: 46 bytes from 44.241.174.93: icmp_seq=938 ttl=32 time=124 ms
08-10 21:52:33.341 25553 25736 D cellinfo: 46 bytes from 44.241.174.93: icmp_seq=939 ttl=32 time=362 ms
08-10 21:52:33.341 25553 25736 D cellinfo: 46 bytes from 44.241.174.93: icmp_seq=940 ttl=32 time=163 ms
08-10 21:52:33.503 25553 25736 D cellinfo: 46 bytes from 44.241.174.93: icmp_seq=941 ttl=32 time=123 ms
08-10 21:52:33.703 25553 25736 D cellinfo: 46 bytes from 44.241.174.93: icmp_seq=942 ttl=32 time=123 ms
08-10 21:52:33.902 25553 25736 D cellinfo: 46 bytes from 44.241.174.93: icmp_seq=943 ttl=32 time=121 ms
08-10 21:52:34.102 25553 25736 D cellinfo: 46 bytes from 44.241.174.93: icmp_seq=944 ttl=32 time=120 ms
08-10 21:52:34.303 25553 25736 D cellinfo: 46 bytes from 44.241.174.93: icmp_seq=945 ttl=32 time=123 ms
08-10 21:52:34.350 25553 25553 D cellinfo: Latitude is 40.9864652
08-10 21:52:34.350 25553 25553 D cellinfo: Longitude is -105.4043904
08-10 21:52:34.350 25553 25553 D cellinfo: Instantaneous GPS information: United States, 35543-35421 US-287, Livermore, CO 80536, USA
08-10 21:52:34.350 25553 25553 D cellinfo: getCurrentLocation() result: Location (success): 40.9864652, -105.4043904
08-10 21:52:34.422 25553 25553 D cellinfo: onCellInfoChanged: Operator: AT&T UpdateTimestamp: 194627156 CellConnectionStatus: 0
08-10 21:52:34.422 25553 25553 D cellinfo: onCellInfoChanged: LTE Cell Bands: [12] Bandwidth: 2147483647 Cell ID: 98109201 Physical Cell ID: 464 Tracking Area Code: 38403 EARFCN: 5110
08-10 21:52:34.541 25553 25736 D cellinfo: 46 bytes from 44.241.174.93: icmp_seq=946 ttl=32 time=160 ms
08-10 21:52:34.741 25553 25736 D cellinfo: 46 bytes from 44.241.174.93: icmp_seq=947 ttl=32 time=159 ms
08-10 21:52:34.907 25553 25736 D cellinfo: 46 bytes from 44.241.174.93: icmp_seq=948 ttl=32 time=123 ms
08-10 21:52:35.189 25553 25736 D cellinfo: 46 bytes from 44.241.174.93: icmp_seq=949 ttl=32 time=205 ms
08-10 21:52:35.425 25553 25736 D cellinfo: 46 bytes from 44.241.174.93: icmp_seq=950 ttl=32 time=232 ms
08-10 21:52:35.648 25553 25736 D cellinfo: 46 bytes from 44.241.174.93: icmp_seq=951 ttl=32 time=258 ms
08-10 21:52:35.781 25553 25736 D cellinfo: 46 bytes from 44.241.174.93: icmp_seq=952 ttl=32 time=190 ms
08-10 21:52:35.904 25553 25736 D cellinfo: 46 bytes from 44.241.174.93: icmp_seq=953 ttl=32 time=112 ms
08-10 21:52:36.106 25553 25736 D cellinfo: 46 bytes from 44.241.174.93: icmp_seq=954 ttl=32 time=115 ms
08-10 21:52:36.341 25553 25736 D cellinfo: 46 bytes from 44.241.174.93: icmp_seq=955 ttl=32 time=149 ms
08-10 21:52:36.541 25553 25736 D cellinfo: 46 bytes from 44.241.174.93: icmp_seq=956 ttl=32 time=148 ms
08-10 21:52:36.741 25553 25736 D cellinfo: 46 bytes from 44.241.174.93: icmp_seq=957 ttl=32 time=147 ms
08-10 21:52:36.906 25553 25736 D cellinfo: 46 bytes from 44.241.174.93: icmp_seq=958 ttl=32 time=112 ms
08-10 21:52:37.106 25553 25736 D cellinfo: 46 bytes from 44.241.174.93: icmp_seq=959 ttl=32 time=111 ms
08-10 21:52:37.382 25553 25736 D cellinfo: 46 bytes from 44.241.174.93: icmp_seq=960 ttl=32 time=188 ms
08-10 21:52:37.399 25553 25553 D cellinfo: onCellInfoChanged: Operator: AT&T UpdateTimestamp: 194630134 CellConnectionStatus: 0
08-10 21:52:37.399 25553 25553 D cellinfo: onCellInfoChanged: LTE Cell Bands: [12] Bandwidth: 2147483647 Cell ID: 98109201 Physical Cell ID: 464 Tracking Area Code: 38403 EARFCN: 5110
08-10 21:52:37.549 25553 25736 D cellinfo: 46 bytes from 44.241.174.93: icmp_seq=961 ttl=32 time=154 ms
08-10 21:52:37.704 25553 25736 D cellinfo: 46 bytes from 44.241.174.93: icmp_seq=962 ttl=32 time=109 ms
08-10 21:52:37.941 25553 25736 D cellinfo: 46 bytes from 44.241.174.93: icmp_seq=963 ttl=32 time=146 ms
08-10 21:52:38.164 25553 25736 D cellinfo: 46 bytes from 44.241.174.93: icmp_seq=964 ttl=32 time=166 ms
08-10 21:52:38.345 25553 25736 D cellinfo: 46 bytes from 44.241.174.93: icmp_seq=965 ttl=32 time=149 ms
08-10 21:52:38.543 25553 25736 D cellinfo: 46 bytes from 44.241.174.93: icmp_seq=966 ttl=32 time=145 ms
08-10 21:52:38.745 25553 25736 D cellinfo: 46 bytes from 44.241.174.93: icmp_seq=967 ttl=32 time=146 ms
08-10 21:52:38.972 25553 25736 D cellinfo: 46 bytes from 44.241.174.93: icmp_seq=968 ttl=32 time=170 ms
08-10 21:52:39.142 25553 25736 D cellinfo: 46 bytes from 44.241.174.93: icmp_seq=969 ttl=32 time=139 ms
08-10 21:52:39.337 25553 25736 D cellinfo: 46 bytes from 44.241.174.93: icmp_seq=970 ttl=32 time=131 ms
08-10 21:52:39.543 25553 25736 D cellinfo: 46 bytes from 44.241.174.93: icmp_seq=971 ttl=32 time=136 ms
08-10 21:52:39.710 25553 25553 D cellinfo: Latitude is 40.9845652
08-10 21:52:39.710 25553 25553 D cellinfo: Longitude is -105.4006858
08-10 21:52:39.711 25553 25553 D cellinfo: Instantaneous GPS information: United States, 35359-35141 US-287, Livermore, CO 80536, USA
08-10 21:52:39.711 25553 25553 D cellinfo: getCurrentLocation() result: Location (success): 40.9845652, -105.4006858
08-10 21:52:39.713 25553 25553 D cellinfo: onsignalStrengthsChanged: LTE Signal Strength info: rsrp: -127 rsrq: -20 rssi: -87 rssnr: -5
08-10 21:52:39.731 25553 25736 D cellinfo: 46 bytes from 44.241.174.93: icmp_seq=972 ttl=32 time=123 ms
08-10 21:52:39.949 25553 25736 D cellinfo: 46 bytes from 44.241.174.93: icmp_seq=973 ttl=32 time=141 ms
08-10 21:52:40.182 25553 25736 D cellinfo: 46 bytes from 44.241.174.93: icmp_seq=974 ttl=32 time=172 ms
08-10 21:52:40.344 25553 25736 D cellinfo: 46 bytes from 44.241.174.93: icmp_seq=975 ttl=32 time=135 ms
08-10 21:52:40.357 25553 25553 D cellinfo: Latitude is 40.9845652
08-10 21:52:40.357 25553 25553 D cellinfo: Longitude is -105.4006858
08-10 21:52:40.357 25553 25553 D cellinfo: Instantaneous GPS information: United States, 35359-35141 US-287, Livermore, CO 80536, USA
08-10 21:52:40.357 25553 25553 D cellinfo: getCurrentLocation() result: Location (success): 40.9845652, -105.4006858
08-10 21:52:40.404 25553 25553 D cellinfo: onCellInfoChanged: Operator: AT&T UpdateTimestamp: 194633139 CellConnectionStatus: 0
08-10 21:52:40.404 25553 25553 D cellinfo: onCellInfoChanged: LTE Cell Bands: [12] Bandwidth: 2147483647 Cell ID: 98109201 Physical Cell ID: 464 Tracking Area Code: 38403 EARFCN: 5110
08-10 21:52:40.620 25553 25736 D cellinfo: 46 bytes from 44.241.174.93: icmp_seq=976 ttl=32 time=211 ms
08-10 21:52:40.782 25553 25736 D cellinfo: 46 bytes from 44.241.174.93: icmp_seq=977 ttl=32 time=163 ms
08-10 21:52:40.982 25553 25736 D cellinfo: 46 bytes from 44.241.174.93: icmp_seq=978 ttl=32 time=163 ms
08-10 21:52:41.143 25553 25736 D cellinfo: 46 bytes from 44.241.174.93: icmp_seq=979 ttl=32 time=122 ms
08-10 21:52:41.342 25553 25736 D cellinfo: 46 bytes from 44.241.174.93: icmp_seq=980 ttl=32 time=121 ms
08-10 21:52:41.549 25553 25736 D cellinfo: 46 bytes from 44.241.174.93: icmp_seq=981 ttl=32 time=128 ms
08-10 21:52:41.662 25553 25553 D cellinfo: onsignalStrengthsChanged: LTE Signal Strength info: rsrp: -127 rsrq: -20 rssi: -93 rssnr: -5
08-10 21:52:41.743 25553 25736 D cellinfo: 46 bytes from 44.241.174.93: icmp_seq=982 ttl=32 time=121 ms
08-10 21:52:41.942 25553 25736 D cellinfo: 46 bytes from 44.241.174.93: icmp_seq=983 ttl=32 time=121 ms
08-10 21:52:42.143 25553 25736 D cellinfo: 46 bytes from 44.241.174.93: icmp_seq=984 ttl=32 time=120 ms
08-10 21:52:42.382 25553 25553 D cellinfo: onsignalStrengthsChanged: LTE Signal Strength info: rsrp: -127 rsrq: -20 rssi: -87 rssnr: -6
08-10 21:52:42.383 25553 25736 D cellinfo: 46 bytes from 44.241.174.93: icmp_seq=985 ttl=32 time=158 ms
08-10 21:52:42.542 25553 25736 D cellinfo: 46 bytes from 44.241.174.93: icmp_seq=986 ttl=32 time=117 ms
08-10 21:52:42.746 25553 25736 D cellinfo: 46 bytes from 44.241.174.93: icmp_seq=987 ttl=32 time=120 ms
08-10 21:52:42.982 25553 25736 D cellinfo: 46 bytes from 44.241.174.93: icmp_seq=988 ttl=32 time=157 ms
08-10 21:52:43.142 25553 25736 D cellinfo: 46 bytes from 44.241.174.93: icmp_seq=989 ttl=32 time=115 ms
08-10 21:52:43.355 25553 25553 D cellinfo: Latitude is 40.9845652
08-10 21:52:43.355 25553 25553 D cellinfo: Longitude is -105.4006858
08-10 21:52:43.355 25553 25553 D cellinfo: Instantaneous GPS information: United States, 35359-35141 US-287, Livermore, CO 80536, USA
08-10 21:52:43.355 25553 25553 D cellinfo: getCurrentLocation() result: Location (success): 40.9845652, -105.4006858
08-10 21:52:43.381 25553 25736 D cellinfo: 46 bytes from 44.241.174.93: icmp_seq=990 ttl=32 time=155 ms
08-10 21:52:43.409 25553 25553 D cellinfo: onCellInfoChanged: Operator: AT&T UpdateTimestamp: 194636145 CellConnectionStatus: 0
08-10 21:52:43.409 25553 25553 D cellinfo: onCellInfoChanged: LTE Cell Bands: [12] Bandwidth: 2147483647 Cell ID: 98109201 Physical Cell ID: 464 Tracking Area Code: 38403 EARFCN: 5110
08-10 21:52:43.543 25553 25736 D cellinfo: 46 bytes from 44.241.174.93: icmp_seq=991 ttl=32 time=115 ms
08-10 21:52:43.743 25553 25736 D cellinfo: 46 bytes from 44.241.174.93: icmp_seq=992 ttl=32 time=112 ms
08-10 21:52:43.901 25553 25553 D cellinfo: onsignalStrengthsChanged: LTE Signal Strength info: rsrp: -126 rsrq: -19 rssi: -83 rssnr: -5
08-10 21:52:43.990 25553 25736 D cellinfo: 46 bytes from 44.241.174.93: icmp_seq=993 ttl=32 time=158 ms
08-10 21:52:44.142 25553 25736 D cellinfo: 46 bytes from 44.241.174.93: icmp_seq=994 ttl=32 time=108 ms
08-10 21:52:44.342 25553 25736 D cellinfo: 46 bytes from 44.241.174.93: icmp_seq=995 ttl=32 time=108 ms
08-10 21:52:44.542 25553 25736 D cellinfo: 46 bytes from 44.241.174.93: icmp_seq=996 ttl=32 time=107 ms
08-10 21:52:44.784 25553 25736 D cellinfo: 46 bytes from 44.241.174.93: icmp_seq=997 ttl=32 time=150 ms
08-10 21:52:44.944 25553 25736 D cellinfo: 46 bytes from 44.241.174.93: icmp_seq=998 ttl=32 time=109 ms
08-10 21:52:45.189 25553 25736 D cellinfo: 46 bytes from 44.241.174.93: icmp_seq=999 ttl=32 time=153 ms
08-10 21:52:45.380 25553 25553 D cellinfo: onsignalStrengthsChanged: LTE Signal Strength info: rsrp: -125 rsrq: -19 rssi: -89 rssnr: -4
08-10 21:52:45.380 25553 25736 D cellinfo: 46 bytes from 44.241.174.93: icmp_seq=1000 ttl=32 time=145 ms
08-10 21:52:45.581 25553 25736 D cellinfo: 46 bytes from 44.241.174.93: icmp_seq=1001 ttl=32 time=145 ms
08-10 21:52:45.742 25553 25736 D cellinfo: 46 bytes from 44.241.174.93: icmp_seq=1002 ttl=32 time=104 ms
08-10 21:52:45.943 25553 25736 D cellinfo: 46 bytes from 44.241.174.93: icmp_seq=1003 ttl=32 time=106 ms
08-10 21:52:46.142 25553 25736 D cellinfo: 46 bytes from 44.241.174.93: icmp_seq=1004 ttl=32 time=103 ms
08-10 21:52:46.343 25553 25736 D cellinfo: 46 bytes from 44.241.174.93: icmp_seq=1005 ttl=32 time=102 ms
08-10 21:52:46.365 25553 25553 D cellinfo: Latitude is 40.9845652
08-10 21:52:46.365 25553 25553 D cellinfo: Longitude is -105.4006858
08-10 21:52:46.365 25553 25553 D cellinfo: Instantaneous GPS information: United States, 35359-35141 US-287, Livermore, CO 80536, USA
08-10 21:52:46.365 25553 25553 D cellinfo: getCurrentLocation() result: Location (success): 40.9845652, -105.4006858
08-10 21:52:46.396 25553 25553 D cellinfo: onCellInfoChanged: Operator: AT&T UpdateTimestamp: 194639135 CellConnectionStatus: 0
08-10 21:52:46.396 25553 25553 D cellinfo: onCellInfoChanged: LTE Cell Bands: [12] Bandwidth: 2147483647 Cell ID: 98109201 Physical Cell ID: 464 Tracking Area Code: 38403 EARFCN: 5110
08-10 21:52:46.543 25553 25736 D cellinfo: 46 bytes from 44.241.174.93: icmp_seq=1006 ttl=32 time=103 ms
08-10 21:52:46.742 25553 25736 D cellinfo: 46 bytes from 44.241.174.93: icmp_seq=1007 ttl=32 time=100 ms
08-10 21:52:46.981 25553 25736 D cellinfo: 46 bytes from 44.241.174.93: icmp_seq=1008 ttl=32 time=138 ms
08-10 21:52:47.182 25553 25736 D cellinfo: 46 bytes from 44.241.174.93: icmp_seq=1009 ttl=32 time=137 ms
08-10 21:52:47.344 25553 25736 D cellinfo: 46 bytes from 44.241.174.93: icmp_seq=1010 ttl=32 time=99.6 ms
08-10 21:52:47.581 25553 25736 D cellinfo: 46 bytes from 44.241.174.93: icmp_seq=1011 ttl=32 time=135 ms
08-10 21:52:47.781 25553 25736 D cellinfo: 46 bytes from 44.241.174.93: icmp_seq=1012 ttl=32 time=134 ms
08-10 21:52:47.944 25553 25736 D cellinfo: 46 bytes from 44.241.174.93: icmp_seq=1013 ttl=32 time=96.6 ms
08-10 21:52:48.143 25553 25736 D cellinfo: 46 bytes from 44.241.174.93: icmp_seq=1014 ttl=32 time=95.3 ms
08-10 21:52:48.382 25553 25553 D cellinfo: onsignalStrengthsChanged: LTE Signal Strength info: rsrp: -122 rsrq: -17 rssi: -89 rssnr: -3
08-10 21:52:48.421 25553 25736 D cellinfo: 46 bytes from 44.241.174.93: icmp_seq=1015 ttl=32 time=172 ms
08-10 21:52:48.581 25553 25736 D cellinfo: 46 bytes from 44.241.174.93: icmp_seq=1016 ttl=32 time=131 ms
08-10 21:52:48.783 25553 25736 D cellinfo: 46 bytes from 44.241.174.93: icmp_seq=1017 ttl=32 time=131 ms
08-10 21:52:48.981 25553 25736 D cellinfo: 46 bytes from 44.241.174.93: icmp_seq=1018 ttl=32 time=130 ms
08-10 21:52:49.182 25553 25736 D cellinfo: 46 bytes from 44.241.174.93: icmp_seq=1019 ttl=32 time=130 ms
08-10 21:52:49.381 25553 25736 D cellinfo: 46 bytes from 44.241.174.93: icmp_seq=1020 ttl=32 time=128 ms
08-10 21:52:49.397 25553 25553 D cellinfo: onCellInfoChanged: Operator: AT&T UpdateTimestamp: 194642132 CellConnectionStatus: 0
08-10 21:52:49.397 25553 25553 D cellinfo: onCellInfoChanged: LTE Cell Bands: [12] Bandwidth: 2147483647 Cell ID: 98109201 Physical Cell ID: 464 Tracking Area Code: 38403 EARFCN: 5110
08-10 21:52:49.582 25553 25736 D cellinfo: 46 bytes from 44.241.174.93: icmp_seq=1021 ttl=32 time=127 ms
08-10 21:52:49.783 25553 25736 D cellinfo: 46 bytes from 44.241.174.93: icmp_seq=1022 ttl=32 time=126 ms
08-10 21:52:49.983 25553 25736 D cellinfo: 46 bytes from 44.241.174.93: icmp_seq=1023 ttl=32 time=125 ms
08-10 21:52:50.182 25553 25736 D cellinfo: 46 bytes from 44.241.174.93: icmp_seq=1024 ttl=32 time=124 ms
08-10 21:52:50.381 25553 25736 D cellinfo: 46 bytes from 44.241.174.93: icmp_seq=1025 ttl=32 time=123 ms
08-10 21:52:50.567 25553 25736 D cellinfo: 46 bytes from 44.241.174.93: icmp_seq=1026 ttl=32 time=107 ms
08-10 21:52:50.766 25553 25736 D cellinfo: 46 bytes from 44.241.174.93: icmp_seq=1027 ttl=32 time=103 ms
08-10 21:52:50.955 25553 25736 D cellinfo: 46 bytes from 44.241.174.93: icmp_seq=1028 ttl=32 time=90.8 ms
08-10 21:52:51.118 25553 25553 D cellinfo: Latitude is 40.9828539
08-10 21:52:51.118 25553 25553 D cellinfo: Longitude is -105.3968203
08-10 21:52:51.118 25553 25553 D cellinfo: Instantaneous GPS information: United States, 35359-35141 US-287, Livermore, CO 80536, USA
08-10 21:52:51.118 25553 25553 D cellinfo: getCurrentLocation() result: Location (success): 40.9828539, -105.3968203
08-10 21:52:51.166 25553 25736 D cellinfo: 46 bytes from 44.241.174.93: icmp_seq=1029 ttl=32 time=101 ms
08-10 21:52:51.408 25553 25736 D cellinfo: 46 bytes from 44.241.174.93: icmp_seq=1030 ttl=32 time=140 ms
08-10 21:52:51.582 25553 25736 D cellinfo: 46 bytes from 44.241.174.93: icmp_seq=1031 ttl=32 time=116 ms
08-10 21:52:51.783 25553 25736 D cellinfo: 46 bytes from 44.241.174.93: icmp_seq=1032 ttl=32 time=116 ms
08-10 21:52:51.982 25553 25736 D cellinfo: 46 bytes from 44.241.174.93: icmp_seq=1033 ttl=32 time=113 ms
08-10 21:52:52.192 25553 25736 D cellinfo: 46 bytes from 44.241.174.93: icmp_seq=1034 ttl=32 time=121 ms
08-10 21:52:52.348 25553 25553 D cellinfo: Latitude is 40.9828539
08-10 21:52:52.348 25553 25553 D cellinfo: Longitude is -105.3968203
08-10 21:52:52.348 25553 25553 D cellinfo: Instantaneous GPS information: United States, 35359-35141 US-287, Livermore, CO 80536, USA
08-10 21:52:52.348 25553 25553 D cellinfo: getCurrentLocation() result: Location (success): 40.9828539, -105.3968203
08-10 21:52:52.384 25553 25736 D cellinfo: 46 bytes from 44.241.174.93: icmp_seq=1035 ttl=32 time=113 ms
08-10 21:52:52.409 25553 25553 D cellinfo: onCellInfoChanged: Operator: AT&T UpdateTimestamp: 194645142 CellConnectionStatus: 0
08-10 21:52:52.409 25553 25553 D cellinfo: onCellInfoChanged: LTE Cell Bands: [12] Bandwidth: 2147483647 Cell ID: 98109201 Physical Cell ID: 464 Tracking Area Code: 38403 EARFCN: 5110
08-10 21:52:52.584 25553 25736 D cellinfo: 46 bytes from 44.241.174.93: icmp_seq=1036 ttl=32 time=112 ms
08-10 21:52:52.781 25553 25736 D cellinfo: 46 bytes from 44.241.174.93: icmp_seq=1037 ttl=32 time=109 ms
08-10 21:52:52.982 25553 25736 D cellinfo: 46 bytes from 44.241.174.93: icmp_seq=1038 ttl=32 time=108 ms
08-10 21:52:53.229 25553 25736 D cellinfo: 46 bytes from 44.241.174.93: icmp_seq=1039 ttl=32 time=156 ms
08-10 21:52:53.423 25553 25736 D cellinfo: 46 bytes from 44.241.174.93: icmp_seq=1040 ttl=32 time=150 ms
08-10 21:52:53.583 25553 25736 D cellinfo: 46 bytes from 44.241.174.93: icmp_seq=1041 ttl=32 time=107 ms
08-10 21:52:53.783 25553 25736 D cellinfo: 46 bytes from 44.241.174.93: icmp_seq=1042 ttl=32 time=106 ms
08-10 21:52:54.021 25553 25736 D cellinfo: 46 bytes from 44.241.174.93: icmp_seq=1043 ttl=32 time=144 ms
08-10 21:52:54.221 25553 25736 D cellinfo: 46 bytes from 44.241.174.93: icmp_seq=1044 ttl=32 time=144 ms
08-10 21:52:54.386 25553 25553 D cellinfo: onsignalStrengthsChanged: LTE Signal Strength info: rsrp: -120 rsrq: -15 rssi: -91 rssnr: 0
08-10 21:52:54.423 25553 25736 D cellinfo: 46 bytes from 44.241.174.93: icmp_seq=1045 ttl=32 time=146 ms
08-10 21:52:54.624 25553 25736 D cellinfo: 46 bytes from 44.241.174.93: icmp_seq=1046 ttl=32 time=146 ms
08-10 21:52:54.822 25553 25736 D cellinfo: 46 bytes from 44.241.174.93: icmp_seq=1047 ttl=32 time=145 ms
08-10 21:52:55.023 25553 25736 D cellinfo: 46 bytes from 44.241.174.93: icmp_seq=1048 ttl=32 time=144 ms
08-10 21:52:55.224 25553 25736 D cellinfo: 46 bytes from 44.241.174.93: icmp_seq=1049 ttl=32 time=145 ms
08-10 21:52:55.353 25553 25553 D cellinfo: Latitude is 40.9828539
08-10 21:52:55.353 25553 25553 D cellinfo: Longitude is -105.3968203
08-10 21:52:55.353 25553 25553 D cellinfo: Instantaneous GPS information: United States, 35359-35141 US-287, Livermore, CO 80536, USA
08-10 21:52:55.353 25553 25553 D cellinfo: getCurrentLocation() result: Location (success): 40.9828539, -105.3968203
08-10 21:52:55.381 25553 25736 D cellinfo: 46 bytes from 44.241.174.93: icmp_seq=1050 ttl=32 time=101 ms
08-10 21:52:55.410 25553 25553 D cellinfo: onCellInfoChanged: Operator: AT&T UpdateTimestamp: 194648146 CellConnectionStatus: 0
08-10 21:52:55.410 25553 25553 D cellinfo: onCellInfoChanged: LTE Cell Bands: [12] Bandwidth: 2147483647 Cell ID: 98109201 Physical Cell ID: 464 Tracking Area Code: 38403 EARFCN: 5110
08-10 21:52:55.661 25553 25736 D cellinfo: 46 bytes from 44.241.174.93: icmp_seq=1051 ttl=32 time=181 ms
08-10 21:52:55.822 25553 25736 D cellinfo: 46 bytes from 44.241.174.93: icmp_seq=1052 ttl=32 time=141 ms
08-10 21:52:55.983 25553 25736 D cellinfo: 46 bytes from 44.241.174.93: icmp_seq=1053 ttl=32 time=101 ms
08-10 21:52:56.221 25553 25736 D cellinfo: 46 bytes from 44.241.174.93: icmp_seq=1054 ttl=32 time=139 ms
08-10 21:52:56.412 25553 25736 D cellinfo: 46 bytes from 44.241.174.93: icmp_seq=1055 ttl=32 time=127 ms
08-10 21:52:56.621 25553 25736 D cellinfo: 46 bytes from 44.241.174.93: icmp_seq=1056 ttl=32 time=136 ms
08-10 21:52:56.821 25553 25736 D cellinfo: 46 bytes from 44.241.174.93: icmp_seq=1057 ttl=32 time=136 ms
08-10 21:52:57.021 25553 25736 D cellinfo: 46 bytes from 44.241.174.93: icmp_seq=1058 ttl=32 time=135 ms
08-10 21:52:57.261 25553 25736 D cellinfo: 46 bytes from 44.241.174.93: icmp_seq=1059 ttl=32 time=175 ms
08-10 21:52:57.343 25553 25553 D cellinfo: onsignalStrengthsChanged: LTE Signal Strength info: rsrp: -121 rsrq: -15 rssi: -87 rssnr: 0
08-10 21:52:57.423 25553 25736 D cellinfo: 46 bytes from 44.241.174.93: icmp_seq=1060 ttl=32 time=137 ms
08-10 21:52:57.625 25553 25736 D cellinfo: 46 bytes from 44.241.174.93: icmp_seq=1061 ttl=32 time=138 ms
08-10 21:52:57.825 25553 25736 D cellinfo: 46 bytes from 44.241.174.93: icmp_seq=1062 ttl=32 time=136 ms
08-10 21:52:58.022 25553 25736 D cellinfo: 46 bytes from 44.241.174.93: icmp_seq=1063 ttl=32 time=132 ms
08-10 21:52:58.221 25553 25736 D cellinfo: 46 bytes from 44.241.174.93: icmp_seq=1064 ttl=32 time=132 ms
08-10 21:52:58.361 25553 25553 D cellinfo: Latitude is 40.9828539
08-10 21:52:58.361 25553 25553 D cellinfo: Longitude is -105.3968203
08-10 21:52:58.361 25553 25553 D cellinfo: Instantaneous GPS information: United States, 35359-35141 US-287, Livermore, CO 80536, USA
08-10 21:52:58.361 25553 25553 D cellinfo: getCurrentLocation() result: Location (success): 40.9828539, -105.3968203
08-10 21:52:58.400 25553 25553 D cellinfo: onCellInfoChanged: Operator: AT&T UpdateTimestamp: 194651136 CellConnectionStatus: 0
08-10 21:52:58.400 25553 25553 D cellinfo: onCellInfoChanged: LTE Cell Bands: [12] Bandwidth: 2147483647 Cell ID: 98109201 Physical Cell ID: 464 Tracking Area Code: 38403 EARFCN: 5110
08-10 21:52:58.421 25553 25736 D cellinfo: 46 bytes from 44.241.174.93: icmp_seq=1065 ttl=32 time=131 ms
08-10 21:52:58.624 25553 25736 D cellinfo: 46 bytes from 44.241.174.93: icmp_seq=1066 ttl=32 time=133 ms
08-10 21:52:58.862 25553 25736 D cellinfo: 46 bytes from 44.241.174.93: icmp_seq=1067 ttl=32 time=169 ms
08-10 21:52:59.021 25553 25736 D cellinfo: 46 bytes from 44.241.174.93: icmp_seq=1068 ttl=32 time=130 ms
08-10 21:52:59.222 25553 25736 D cellinfo: 46 bytes from 44.241.174.93: icmp_seq=1069 ttl=32 time=129 ms
08-10 21:52:59.429 25553 25736 D cellinfo: 46 bytes from 44.241.174.93: icmp_seq=1070 ttl=32 time=135 ms
08-10 21:52:59.584 25553 25553 D cellinfo: onsignalStrengthsChanged: LTE Signal Strength info: rsrp: -122 rsrq: -16 rssi: -91 rssnr: 0
08-10 21:52:59.622 25553 25736 D cellinfo: 46 bytes from 44.241.174.93: icmp_seq=1071 ttl=32 time=129 ms
08-10 21:52:59.822 25553 25736 D cellinfo: 46 bytes from 44.241.174.93: icmp_seq=1072 ttl=32 time=128 ms
08-10 21:53:00.021 25553 25736 D cellinfo: 46 bytes from 44.241.174.93: icmp_seq=1073 ttl=32 time=127 ms
08-10 21:53:00.222 25553 25736 D cellinfo: 46 bytes from 44.241.174.93: icmp_seq=1074 ttl=32 time=128 ms
08-10 21:53:00.383 25553 25553 D cellinfo: onsignalStrengthsChanged: LTE Signal Strength info: rsrp: -122 rsrq: -16 rssi: -89 rssnr: 0
08-10 21:53:00.422 25553 25736 D cellinfo: 46 bytes from 44.241.174.93: icmp_seq=1075 ttl=32 time=127 ms
08-10 21:53:00.622 25553 25736 D cellinfo: 46 bytes from 44.241.174.93: icmp_seq=1076 ttl=32 time=126 ms
08-10 21:53:00.823 25553 25736 D cellinfo: 46 bytes from 44.241.174.93: icmp_seq=1077 ttl=32 time=125 ms
08-10 21:53:01.044 25553 25736 D cellinfo: 46 bytes from 44.241.174.93: icmp_seq=1078 ttl=32 time=145 ms
08-10 21:53:01.262 25553 25736 D cellinfo: 46 bytes from 44.241.174.93: icmp_seq=1079 ttl=32 time=164 ms
08-10 21:53:01.397 25553 25553 D cellinfo: onCellInfoChanged: Operator: AT&T UpdateTimestamp: 194654132 CellConnectionStatus: 0
08-10 21:53:01.397 25553 25553 D cellinfo: onCellInfoChanged: LTE Cell Bands: [12] Bandwidth: 2147483647 Cell ID: 98109201 Physical Cell ID: 464 Tracking Area Code: 38403 EARFCN: 5110
08-10 21:53:01.427 25553 25736 D cellinfo: 46 bytes from 44.241.174.93: icmp_seq=1080 ttl=32 time=128 ms
08-10 21:53:01.662 25553 25736 D cellinfo: 46 bytes from 44.241.174.93: icmp_seq=1081 ttl=32 time=162 ms
08-10 21:53:01.822 25553 25553 D cellinfo: onsignalStrengthsChanged: LTE Signal Strength info: rsrp: -123 rsrq: -16 rssi: -89 rssnr: 0
08-10 21:53:01.982 25553 25736 D cellinfo: 46 bytes from 44.241.174.93: icmp_seq=1082 ttl=32 time=281 ms
08-10 21:53:02.062 25553 25736 D cellinfo: 46 bytes from 44.241.174.93: icmp_seq=1083 ttl=32 time=152 ms
08-10 21:53:02.262 25553 25736 D cellinfo: 46 bytes from 44.241.174.93: icmp_seq=1084 ttl=32 time=151 ms
08-10 21:53:02.463 25553 25736 D cellinfo: 46 bytes from 44.241.174.93: icmp_seq=1085 ttl=32 time=153 ms
08-10 21:53:02.647 25553 25736 D cellinfo: 46 bytes from 44.241.174.93: icmp_seq=1086 ttl=32 time=135 ms
08-10 21:53:02.990 25553 25736 D cellinfo: 46 bytes from 44.241.174.93: icmp_seq=1087 ttl=32 time=276 ms
08-10 21:53:03.051 25553 25736 D cellinfo: 46 bytes from 44.241.174.93: icmp_seq=1088 ttl=32 time=126 ms
08-10 21:53:03.265 25553 25736 D cellinfo: 46 bytes from 44.241.174.93: icmp_seq=1089 ttl=32 time=140 ms
08-10 21:53:03.462 25553 25736 D cellinfo: 46 bytes from 44.241.174.93: icmp_seq=1090 ttl=32 time=136 ms
08-10 21:53:03.666 25553 25736 D cellinfo: 46 bytes from 44.241.174.93: icmp_seq=1091 ttl=32 time=136 ms
08-10 21:53:03.865 25553 25736 D cellinfo: 46 bytes from 44.241.174.93: icmp_seq=1092 ttl=32 time=134 ms
08-10 21:53:04.062 25553 25736 D cellinfo: 46 bytes from 44.241.174.93: icmp_seq=1093 ttl=32 time=130 ms
08-10 21:53:04.411 25553 25736 D cellinfo: 46 bytes from 44.241.174.93: icmp_seq=1094 ttl=32 time=280 ms
08-10 21:53:04.502 25553 25736 D cellinfo: 46 bytes from 44.241.174.93: icmp_seq=1095 ttl=32 time=160 ms
08-10 21:53:04.662 25553 25736 D cellinfo: 46 bytes from 44.241.174.93: icmp_seq=1096 ttl=32 time=118 ms
08-10 21:53:04.905 25553 25736 D cellinfo: 46 bytes from 44.241.174.93: icmp_seq=1097 ttl=32 time=158 ms
08-10 21:53:05.066 25553 25736 D cellinfo: 46 bytes from 44.241.174.93: icmp_seq=1098 ttl=32 time=118 ms
08-10 21:53:05.269 25553 25736 D cellinfo: 46 bytes from 44.241.174.93: icmp_seq=1099 ttl=32 time=121 ms
08-10 21:53:05.466 25553 25736 D cellinfo: 46 bytes from 44.241.174.93: icmp_seq=1100 ttl=32 time=117 ms
08-10 21:53:05.664 25553 25736 D cellinfo: 46 bytes from 44.241.174.93: icmp_seq=1101 ttl=32 time=114 ms
08-10 21:53:05.903 25553 25736 D cellinfo: 46 bytes from 44.241.174.93: icmp_seq=1102 ttl=32 time=150 ms
08-10 21:53:06.103 25553 25736 D cellinfo: 46 bytes from 44.241.174.93: icmp_seq=1103 ttl=32 time=149 ms
08-10 21:53:06.268 25553 25736 D cellinfo: 46 bytes from 44.241.174.93: icmp_seq=1104 ttl=32 time=114 ms
08-10 21:53:06.465 25553 25736 D cellinfo: 46 bytes from 44.241.174.93: icmp_seq=1105 ttl=32 time=110 ms
08-10 21:53:06.663 25553 25736 D cellinfo: 46 bytes from 44.241.174.93: icmp_seq=1106 ttl=32 time=106 ms
08-10 21:53:06.904 25553 25736 D cellinfo: 46 bytes from 44.241.174.93: icmp_seq=1107 ttl=32 time=145 ms
08-10 21:53:07.066 25553 25736 D cellinfo: 46 bytes from 44.241.174.93: icmp_seq=1108 ttl=32 time=106 ms
08-10 21:53:07.302 25553 25736 D cellinfo: 46 bytes from 44.241.174.93: icmp_seq=1109 ttl=32 time=142 ms
08-10 21:53:07.467 25553 25736 D cellinfo: 46 bytes from 44.241.174.93: icmp_seq=1110 ttl=32 time=104 ms
08-10 21:53:07.508 25553 25553 D cellinfo: getCurrentLocation() result: Location (success): 40.9817669, -105.3942011
08-10 21:53:07.511 25553 25553 D cellinfo: onsignalStrengthsChanged: LTE Signal Strength info: rsrp: -123 rsrq: -17 rssi: -91 rssnr: -1
08-10 21:53:07.511 25553 25553 D cellinfo: onCellInfoChanged: Operator: AT&T UpdateTimestamp: 194657133 CellConnectionStatus: 0
08-10 21:53:07.511 25553 25553 D cellinfo: onCellInfoChanged: LTE Cell Bands: [12] Bandwidth: 2147483647 Cell ID: 98109201 Physical Cell ID: 464 Tracking Area Code: 38403 EARFCN: 5110
08-10 21:53:07.666 25553 25736 D cellinfo: 46 bytes from 44.241.174.93: icmp_seq=1111 ttl=32 time=102 ms
08-10 21:53:07.903 25553 25736 D cellinfo: 46 bytes from 44.241.174.93: icmp_seq=1112 ttl=32 time=136 ms
08-10 21:53:08.105 25553 25736 D cellinfo: 46 bytes from 44.241.174.93: icmp_seq=1113 ttl=32 time=137 ms
08-10 21:53:08.304 25553 25736 D cellinfo: 46 bytes from 44.241.174.93: icmp_seq=1114 ttl=32 time=136 ms
08-10 21:53:08.503 25553 25736 D cellinfo: 46 bytes from 44.241.174.93: icmp_seq=1115 ttl=32 time=132 ms
08-10 21:53:08.705 25553 25736 D cellinfo: 46 bytes from 44.241.174.93: icmp_seq=1116 ttl=32 time=131 ms
08-10 21:53:08.903 25553 25736 D cellinfo: 46 bytes from 44.241.174.93: icmp_seq=1117 ttl=32 time=127 ms
08-10 21:53:09.105 25553 25736 D cellinfo: 46 bytes from 44.241.174.93: icmp_seq=1118 ttl=32 time=126 ms
08-10 21:53:09.305 25553 25736 D cellinfo: 46 bytes from 44.241.174.93: icmp_seq=1119 ttl=32 time=124 ms
08-10 21:53:09.504 25553 25736 D cellinfo: 46 bytes from 44.241.174.93: icmp_seq=1120 ttl=32 time=121 ms
08-10 21:53:09.709 25553 25736 D cellinfo: 46 bytes from 44.241.174.93: icmp_seq=1121 ttl=32 time=125 ms
08-10 21:53:09.944 25553 25736 D cellinfo: 46 bytes from 44.241.174.93: icmp_seq=1122 ttl=32 time=159 ms
08-10 21:53:10.106 25553 25736 D cellinfo: 46 bytes from 44.241.174.93: icmp_seq=1123 ttl=32 time=120 ms
08-10 21:53:10.342 25553 25736 D cellinfo: 46 bytes from 44.241.174.93: icmp_seq=1124 ttl=32 time=156 ms
08-10 21:53:10.511 25553 25736 D cellinfo: 46 bytes from 44.241.174.93: icmp_seq=1125 ttl=32 time=123 ms
08-10 21:53:10.707 25553 25736 D cellinfo: 46 bytes from 44.241.174.93: icmp_seq=1126 ttl=32 time=119 ms
08-10 21:53:10.906 25553 25736 D cellinfo: 46 bytes from 44.241.174.93: icmp_seq=1127 ttl=32 time=114 ms
08-10 21:53:11.143 25553 25736 D cellinfo: 46 bytes from 44.241.174.93: icmp_seq=1128 ttl=32 time=150 ms
08-10 21:53:11.343 25553 25736 D cellinfo: 46 bytes from 44.241.174.93: icmp_seq=1129 ttl=32 time=149 ms
08-10 21:53:11.506 25553 25736 D cellinfo: 46 bytes from 44.241.174.93: icmp_seq=1130 ttl=32 time=111 ms
08-10 21:53:11.743 25553 25736 D cellinfo: 46 bytes from 44.241.174.93: icmp_seq=1131 ttl=32 time=146 ms
08-10 21:53:11.903 25553 25736 D cellinfo: 46 bytes from 44.241.174.93: icmp_seq=1132 ttl=32 time=104 ms
08-10 21:53:12.143 25553 25736 D cellinfo: 46 bytes from 44.241.174.93: icmp_seq=1133 ttl=32 time=143 ms
08-10 21:53:12.343 25553 25736 D cellinfo: 46 bytes from 44.241.174.93: icmp_seq=1134 ttl=32 time=142 ms
08-10 21:53:12.542 25553 25736 D cellinfo: 46 bytes from 44.241.174.93: icmp_seq=1135 ttl=32 time=140 ms
08-10 21:53:12.571 25553 25553 D cellinfo: getCurrentLocation() result: Location (success): 40.9817669, -105.3942011
08-10 21:53:12.705 25553 25736 D cellinfo: 46 bytes from 44.241.174.93: icmp_seq=1136 ttl=32 time=102 ms
08-10 21:53:12.942 25553 25736 D cellinfo: 46 bytes from 44.241.174.93: icmp_seq=1137 ttl=32 time=137 ms
08-10 21:53:13.143 25553 25736 D cellinfo: 46 bytes from 44.241.174.93: icmp_seq=1138 ttl=32 time=136 ms
08-10 21:53:13.342 25553 25736 D cellinfo: 46 bytes from 44.241.174.93: icmp_seq=1139 ttl=32 time=134 ms
08-10 21:53:13.543 25553 25736 D cellinfo: 46 bytes from 44.241.174.93: icmp_seq=1140 ttl=32 time=134 ms
08-10 21:53:13.743 25553 25736 D cellinfo: 46 bytes from 44.241.174.93: icmp_seq=1141 ttl=32 time=131 ms
08-10 21:53:13.943 25553 25736 D cellinfo: 46 bytes from 44.241.174.93: icmp_seq=1142 ttl=32 time=129 ms
08-10 21:53:14.143 25553 25736 D cellinfo: 46 bytes from 44.241.174.93: icmp_seq=1143 ttl=32 time=128 ms
08-10 21:53:14.382 25553 25736 D cellinfo: 46 bytes from 44.241.174.93: icmp_seq=1144 ttl=32 time=165 ms
08-10 21:53:14.543 25553 25736 D cellinfo: 46 bytes from 44.241.174.93: icmp_seq=1145 ttl=32 time=124 ms
08-10 21:53:14.742 25553 25736 D cellinfo: 46 bytes from 44.241.174.93: icmp_seq=1146 ttl=32 time=122 ms
08-10 21:53:14.944 25553 25736 D cellinfo: 46 bytes from 44.241.174.93: icmp_seq=1147 ttl=32 time=122 ms
08-10 21:53:15.142 25553 25736 D cellinfo: 46 bytes from 44.241.174.93: icmp_seq=1148 ttl=32 time=120 ms
08-10 21:53:15.344 25553 25736 D cellinfo: 46 bytes from 44.241.174.93: icmp_seq=1149 ttl=32 time=119 ms
08-10 21:53:15.703 25553 25736 D cellinfo: 46 bytes from 44.241.174.93: icmp_seq=1150 ttl=32 time=277 ms
08-10 21:53:15.822 25553 25736 D cellinfo: 46 bytes from 44.241.174.93: icmp_seq=1151 ttl=32 time=187 ms
08-10 21:53:15.946 25553 25736 D cellinfo: 46 bytes from 44.241.174.93: icmp_seq=1152 ttl=32 time=108 ms
08-10 21:53:16.185 25553 25736 D cellinfo: 46 bytes from 44.241.174.93: icmp_seq=1153 ttl=32 time=145 ms
08-10 21:53:16.344 25553 25736 D cellinfo: 46 bytes from 44.241.174.93: icmp_seq=1154 ttl=32 time=103 ms
08-10 21:53:16.543 25553 25736 D cellinfo: 46 bytes from 44.241.174.93: icmp_seq=1155 ttl=32 time=100 ms
08-10 21:53:16.742 25553 25736 D cellinfo: 46 bytes from 44.241.174.93: icmp_seq=1156 ttl=32 time=98.0 ms
08-10 21:53:16.946 25553 25736 D cellinfo: 46 bytes from 44.241.174.93: icmp_seq=1157 ttl=32 time=100 ms
08-10 21:53:17.145 25553 25736 D cellinfo: 46 bytes from 44.241.174.93: icmp_seq=1158 ttl=32 time=97.6 ms
08-10 21:53:17.345 25553 25736 D cellinfo: 46 bytes from 44.241.174.93: icmp_seq=1159 ttl=32 time=96.6 ms
08-10 21:53:17.582 25553 25736 D cellinfo: 46 bytes from 44.241.174.93: icmp_seq=1160 ttl=32 time=132 ms
08-10 21:53:17.604 25553 25553 D cellinfo: getCurrentLocation() result: Location (success): 40.9815674, -105.3941764
08-10 21:53:17.606 25553 25553 D cellinfo: onsignalStrengthsChanged: LTE Signal Strength info: rsrp: -123 rsrq: -17 rssi: -89 rssnr: -1
08-10 21:53:17.607 25553 25553 D cellinfo: onCellInfoChanged: Operator: AT&T UpdateTimestamp: 194662165 CellConnectionStatus: 0
08-10 21:53:17.607 25553 25553 D cellinfo: onCellInfoChanged: LTE Cell Bands: [12] Bandwidth: 2147483647 Cell ID: 98109201 Physical Cell ID: 464 Tracking Area Code: 38403 EARFCN: 5110
08-10 21:53:17.608 25553 25553 D cellinfo: onsignalStrengthsChanged: LTE Signal Strength info: rsrp: -123 rsrq: -17 rssi: -91 rssnr: 0
08-10 21:53:17.608 25553 25553 D cellinfo: onsignalStrengthsChanged: LTE Signal Strength info: rsrp: -124 rsrq: -17 rssi: -89 rssnr: 0
08-10 21:53:17.609 25553 25553 D cellinfo: onsignalStrengthsChanged: LTE Signal Strength info: rsrp: -123 rsrq: -17 rssi: -89 rssnr: 0
08-10 21:53:17.609 25553 25553 D cellinfo: onCellInfoChanged: Operator: AT&T UpdateTimestamp: 194668501 CellConnectionStatus: 0
08-10 21:53:17.609 25553 25553 D cellinfo: onCellInfoChanged: LTE Cell Bands: [12] Bandwidth: 2147483647 Cell ID: 98109201 Physical Cell ID: 464 Tracking Area Code: 38403 EARFCN: 5110
08-10 21:53:17.610 25553 25553 D cellinfo: onsignalStrengthsChanged: LTE Signal Strength info: rsrp: -122 rsrq: -17 rssi: -83 rssnr: 0
08-10 21:53:17.753 25553 25736 D cellinfo: 46 bytes from 44.241.174.93: icmp_seq=1161 ttl=32 time=101 ms
08-10 21:53:17.983 25553 25736 D cellinfo: 46 bytes from 44.241.174.93: icmp_seq=1162 ttl=32 time=129 ms
08-10 21:53:18.174 25553 25736 D cellinfo: 46 bytes from 44.241.174.93: icmp_seq=1163 ttl=32 time=118 ms
08-10 21:53:18.345 25553 25553 D cellinfo: Latitude is 40.9815674
08-10 21:53:18.345 25553 25553 D cellinfo: Longitude is -105.3941764
08-10 21:53:18.345 25553 25553 D cellinfo: Instantaneous GPS information: United States, Rest Area Access, Livermore, CO 80536, USA
08-10 21:53:18.345 25553 25553 D cellinfo: getCurrentLocation() result: Location (success): 40.9815674, -105.3941764
08-10 21:53:18.364 25553 25736 D cellinfo: 46 bytes from 44.241.174.93: icmp_seq=1164 ttl=32 time=107 ms
08-10 21:53:18.551 25553 25736 D cellinfo: 46 bytes from 44.241.174.93: icmp_seq=1165 ttl=32 time=93.1 ms
08-10 21:53:18.764 25553 25736 D cellinfo: 46 bytes from 44.241.174.93: icmp_seq=1166 ttl=32 time=104 ms
08-10 21:53:18.985 25553 25736 D cellinfo: 46 bytes from 44.241.174.93: icmp_seq=1167 ttl=32 time=122 ms
08-10 21:53:18.992 25553 25553 D cellinfo: Latitude is 40.9814866
08-10 21:53:18.992 25553 25553 D cellinfo: Longitude is -105.394226
08-10 21:53:18.992 25553 25553 D cellinfo: Instantaneous GPS information: United States, Rest Area Access, Livermore, CO 80536, USA
08-10 21:53:18.992 25553 25553 D cellinfo: getCurrentLocation() result: Location (success): 40.9814866, -105.394226
08-10 21:53:19.185 25553 25736 D cellinfo: 46 bytes from 44.241.174.93: icmp_seq=1168 ttl=32 time=120 ms
08-10 21:53:19.363 25553 25736 D cellinfo: 46 bytes from 44.241.174.93: icmp_seq=1169 ttl=32 time=98.4 ms
08-10 21:53:19.575 25553 25736 D cellinfo: 46 bytes from 44.241.174.93: icmp_seq=1170 ttl=32 time=108 ms
08-10 21:53:19.585 25553 25553 D cellinfo: Latitude is 40.9814586
08-10 21:53:19.585 25553 25553 D cellinfo: Longitude is -105.3942583
08-10 21:53:19.585 25553 25553 D cellinfo: Instantaneous GPS information: United States, Rest Area Access, Livermore, CO 80536, USA
08-10 21:53:19.585 25553 25553 D cellinfo: getCurrentLocation() result: Location (success): 40.9814586, -105.3942583
08-10 21:53:19.588 25553 25553 D cellinfo: onCellInfoChanged: Operator: AT&T UpdateTimestamp: 194672146 CellConnectionStatus: 0
08-10 21:53:19.588 25553 25553 D cellinfo: onCellInfoChanged: LTE Cell Bands: [12] Bandwidth: 2147483647 Cell ID: 98109201 Physical Cell ID: 464 Tracking Area Code: 38403 EARFCN: 5110
08-10 21:53:19.598 25553 25553 D cellinfo: Latitude is 40.9814468
08-10 21:53:19.598 25553 25553 D cellinfo: Longitude is -105.3942695
08-10 21:53:19.598 25553 25553 D cellinfo: Instantaneous GPS information: United States, Rest Area Access, Livermore, CO 80536, USA
08-10 21:53:19.598 25553 25553 D cellinfo: getCurrentLocation() result: Location (success): 40.9814468, -105.3942695
08-10 21:53:19.741 25553 25553 D cellinfo: onsignalStrengthsChanged: LTE Signal Strength info: rsrp: -120 rsrq: -16 rssi: -87 rssnr: 1
08-10 21:53:19.782 25553 25736 D cellinfo: 46 bytes from 44.241.174.93: icmp_seq=1171 ttl=32 time=115 ms
08-10 21:53:19.981 25553 25736 D cellinfo: 46 bytes from 44.241.174.93: icmp_seq=1172 ttl=32 time=114 ms
08-10 21:53:20.181 25553 25736 D cellinfo: 46 bytes from 44.241.174.93: icmp_seq=1173 ttl=32 time=113 ms
08-10 21:53:20.429 25553 25736 D cellinfo: 46 bytes from 44.241.174.93: icmp_seq=1174 ttl=32 time=161 ms
08-10 21:53:20.621 25553 25736 D cellinfo: 46 bytes from 44.241.174.93: icmp_seq=1175 ttl=32 time=152 ms
08-10 21:53:20.783 25553 25736 D cellinfo: 46 bytes from 44.241.174.93: icmp_seq=1176 ttl=32 time=113 ms
08-10 21:53:21.023 25553 25736 D cellinfo: 46 bytes from 44.241.174.93: icmp_seq=1177 ttl=32 time=152 ms
08-10 21:53:21.623 25553 25736 D cellinfo: 46 bytes from 44.241.174.93: icmp_seq=1178 ttl=32 time=552 ms
08-10 21:53:21.624 25553 25736 D cellinfo: 46 bytes from 44.241.174.93: icmp_seq=1179 ttl=32 time=345 ms
08-10 21:53:21.624 25553 25736 D cellinfo: 46 bytes from 44.241.174.93: icmp_seq=1180 ttl=32 time=136 ms
08-10 21:53:21.821 25553 25736 D cellinfo: 46 bytes from 44.241.174.93: icmp_seq=1181 ttl=32 time=134 ms
08-10 21:53:22.029 25553 25736 D cellinfo: 46 bytes from 44.241.174.93: icmp_seq=1182 ttl=32 time=141 ms
08-10 21:53:22.222 25553 25736 D cellinfo: 46 bytes from 44.241.174.93: icmp_seq=1183 ttl=32 time=133 ms
08-10 21:53:22.354 25553 25553 D cellinfo: Latitude is 40.9814468
08-10 21:53:22.354 25553 25553 D cellinfo: Longitude is -105.3942695
08-10 21:53:22.354 25553 25553 D cellinfo: Instantaneous GPS information: United States, Rest Area Access, Livermore, CO 80536, USA
08-10 21:53:22.354 25553 25553 D cellinfo: getCurrentLocation() result: Location (success): 40.9814468, -105.3942695
08-10 21:53:22.402 25553 25553 D cellinfo: onCellInfoChanged: Operator: AT&T UpdateTimestamp: 194675137 CellConnectionStatus: 0
08-10 21:53:22.402 25553 25553 D cellinfo: onCellInfoChanged: LTE Cell Bands: [12] Bandwidth: 2147483647 Cell ID: 98109201 Physical Cell ID: 464 Tracking Area Code: 38403 EARFCN: 5110
08-10 21:53:22.422 25553 25736 D cellinfo: 46 bytes from 44.241.174.93: icmp_seq=1184 ttl=32 time=133 ms
08-10 21:53:22.622 25553 25736 D cellinfo: 46 bytes from 44.241.174.93: icmp_seq=1185 ttl=32 time=132 ms
08-10 21:53:22.823 25553 25736 D cellinfo: 46 bytes from 44.241.174.93: icmp_seq=1186 ttl=32 time=133 ms
08-10 21:53:23.029 25553 25736 D cellinfo: 46 bytes from 44.241.174.93: icmp_seq=1187 ttl=32 time=138 ms
08-10 21:53:23.223 25553 25736 D cellinfo: 46 bytes from 44.241.174.93: icmp_seq=1188 ttl=32 time=132 ms
08-10 21:53:23.429 25553 25736 D cellinfo: 46 bytes from 44.241.174.93: icmp_seq=1189 ttl=32 time=138 ms
08-10 21:53:23.623 25553 25736 D cellinfo: 46 bytes from 44.241.174.93: icmp_seq=1190 ttl=32 time=132 ms
08-10 21:53:23.821 25553 25736 D cellinfo: 46 bytes from 44.241.174.93: icmp_seq=1191 ttl=32 time=129 ms
08-10 21:53:24.021 25553 25736 D cellinfo: 46 bytes from 44.241.174.93: icmp_seq=1192 ttl=32 time=129 ms
08-10 21:53:24.221 25553 25736 D cellinfo: 46 bytes from 44.241.174.93: icmp_seq=1193 ttl=32 time=129 ms
08-10 21:53:24.236 25553 25553 D cellinfo: onsignalStrengthsChanged: LTE Signal Strength info: rsrp: -120 rsrq: -16 rssi: -91 rssnr: 0
08-10 21:53:24.462 25553 25736 D cellinfo: 46 bytes from 44.241.174.93: icmp_seq=1194 ttl=32 time=169 ms
08-10 21:53:24.621 25553 25736 D cellinfo: 46 bytes from 44.241.174.93: icmp_seq=1195 ttl=32 time=129 ms
08-10 21:53:24.822 25553 25736 D cellinfo: 46 bytes from 44.241.174.93: icmp_seq=1196 ttl=32 time=128 ms
08-10 21:53:25.022 25553 25736 D cellinfo: 46 bytes from 44.241.174.93: icmp_seq=1197 ttl=32 time=127 ms
08-10 21:53:25.221 25553 25736 D cellinfo: 46 bytes from 44.241.174.93: icmp_seq=1198 ttl=32 time=127 ms
08-10 21:53:25.370 25553 25553 D cellinfo: Latitude is 40.9814468
08-10 21:53:25.370 25553 25553 D cellinfo: Longitude is -105.3942695
08-10 21:53:25.370 25553 25553 D cellinfo: Instantaneous GPS information: United States, Rest Area Access, Livermore, CO 80536, USA
08-10 21:53:25.370 25553 25553 D cellinfo: getCurrentLocation() result: Location (success): 40.9814468, -105.3942695
08-10 21:53:25.421 25553 25736 D cellinfo: 46 bytes from 44.241.174.93: icmp_seq=1199 ttl=32 time=126 ms
08-10 21:53:25.441 25553 25553 D cellinfo: onCellInfoChanged: Operator: AT&T UpdateTimestamp: 194678177 CellConnectionStatus: 0
08-10 21:53:25.441 25553 25553 D cellinfo: onCellInfoChanged: LTE Cell Bands: [12] Bandwidth: 2147483647 Cell ID: 98109201 Physical Cell ID: 464 Tracking Area Code: 38403 EARFCN: 5110
08-10 21:53:25.621 25553 25736 D cellinfo: 46 bytes from 44.241.174.93: icmp_seq=1200 ttl=32 time=125 ms
08-10 21:53:25.820 25553 25736 D cellinfo: 46 bytes from 44.241.174.93: icmp_seq=1201 ttl=32 time=123 ms
08-10 21:53:26.022 25553 25736 D cellinfo: 46 bytes from 44.241.174.93: icmp_seq=1202 ttl=32 time=123 ms
08-10 21:53:26.222 25553 25736 D cellinfo: 46 bytes from 44.241.174.93: icmp_seq=1203 ttl=32 time=123 ms
08-10 21:53:26.421 25553 25736 D cellinfo: 46 bytes from 44.241.174.93: icmp_seq=1204 ttl=32 time=123 ms
08-10 21:53:26.463 25553 25553 D cellinfo: onsignalStrengthsChanged: LTE Signal Strength info: rsrp: -120 rsrq: -16 rssi: -87 rssnr: 0
08-10 21:53:26.623 25553 25736 D cellinfo: 46 bytes from 44.241.174.93: icmp_seq=1205 ttl=32 time=123 ms
08-10 21:53:26.823 25553 25736 D cellinfo: 46 bytes from 44.241.174.93: icmp_seq=1206 ttl=32 time=122 ms
08-10 21:53:27.030 25553 25736 D cellinfo: 46 bytes from 44.241.174.93: icmp_seq=1207 ttl=32 time=129 ms
08-10 21:53:27.223 25553 25736 D cellinfo: 46 bytes from 44.241.174.93: icmp_seq=1208 ttl=32 time=121 ms
08-10 21:53:27.401 25553 25553 D cellinfo: onsignalStrengthsChanged: LTE Signal Strength info: rsrp: -121 rsrq: -16 rssi: -91 rssnr: 0
08-10 21:53:27.421 25553 25736 D cellinfo: 46 bytes from 44.241.174.93: icmp_seq=1209 ttl=32 time=120 ms
08-10 21:53:27.623 25553 25736 D cellinfo: 46 bytes from 44.241.174.93: icmp_seq=1210 ttl=32 time=119 ms
