08-10 22:29:11.087  5222  5321 D cellinfo: 46 bytes from 44.241.174.93: icmp_seq=1258 ttl=32 time=91.3 ms
08-10 22:29:11.287  5222  5321 D cellinfo: 46 bytes from 44.241.174.93: icmp_seq=1259 ttl=32 time=91.8 ms
08-10 22:29:11.447  5222  5222 D cellinfo: Latitude is 40.6288073
08-10 22:29:11.447  5222  5222 D cellinfo: Longitude is -105.1090593
08-10 22:29:11.447  5222  5222 D cellinfo: Instantaneous GPS information: United States, 1800 US-287, Fort Collins, CO 80524, USA
08-10 22:29:11.447  5222  5222 D cellinfo: getCurrentLocation() result: Location (success): 40.6288073, -105.1090593
08-10 22:29:11.501  5222  5222 D cellinfo: onCellInfoChanged: Operator: AT&T UpdateTimestamp: 196824238 CellConnectionStatus: 0
08-10 22:29:11.501  5222  5222 D cellinfo: onCellInfoChanged: LTE Cell Bands: [2] Bandwidth: 2147483647 Cell ID: 98053384 Physical Cell ID: 66 Tracking Area Code: 38403 EARFCN: 1075
08-10 22:29:11.525  5222  5321 D cellinfo: 46 bytes from 44.241.174.93: icmp_seq=1260 ttl=32 time=126 ms
08-10 22:29:11.733  5222  5321 D cellinfo: 46 bytes from 44.241.174.93: icmp_seq=1261 ttl=32 time=135 ms
08-10 22:29:11.925  5222  5321 D cellinfo: 46 bytes from 44.241.174.93: icmp_seq=1262 ttl=32 time=125 ms
08-10 22:29:12.125  5222  5321 D cellinfo: 46 bytes from 44.241.174.93: icmp_seq=1263 ttl=32 time=123 ms
08-10 22:29:12.294  5222  5222 D cellinfo: onsignalStrengthsChanged: LTE Signal Strength info: rsrp: -108 rsrq: -13 rssi: -67 rssnr: 0
08-10 22:29:12.325  5222  5321 D cellinfo: 46 bytes from 44.241.174.93: icmp_seq=1264 ttl=32 time=124 ms
08-10 22:29:12.431  5222  5222 D cellinfo: onsignalStrengthsChanged: LTE Signal Strength info: rsrp: -107 rsrq: -13 rssi: -71 rssnr: 0
08-10 22:29:12.524  5222  5321 D cellinfo: 46 bytes from 44.241.174.93: icmp_seq=1265 ttl=32 time=122 ms
08-10 22:29:12.725  5222  5321 D cellinfo: 46 bytes from 44.241.174.93: icmp_seq=1266 ttl=32 time=122 ms
08-10 22:29:12.926  5222  5321 D cellinfo: 46 bytes from 44.241.174.93: icmp_seq=1267 ttl=32 time=121 ms
08-10 22:29:13.127  5222  5321 D cellinfo: 46 bytes from 44.241.174.93: icmp_seq=1268 ttl=32 time=122 ms
08-10 22:29:13.299  5222  5321 D cellinfo: 46 bytes from 44.241.174.93: icmp_seq=1269 ttl=32 time=95.4 ms
08-10 22:29:13.526  5222  5321 D cellinfo: 46 bytes from 44.241.174.93: icmp_seq=1270 ttl=32 time=119 ms
08-10 22:29:13.726  5222  5321 D cellinfo: 46 bytes from 44.241.174.93: icmp_seq=1271 ttl=32 time=118 ms
08-10 22:29:13.924  5222  5321 D cellinfo: 46 bytes from 44.241.174.93: icmp_seq=1272 ttl=32 time=118 ms
08-10 22:29:14.125  5222  5321 D cellinfo: 46 bytes from 44.241.174.93: icmp_seq=1273 ttl=32 time=117 ms
08-10 22:29:14.326  5222  5321 D cellinfo: 46 bytes from 44.241.174.93: icmp_seq=1274 ttl=32 time=116 ms
08-10 22:29:14.494  5222  5222 D cellinfo: onCellInfoChanged: Operator: AT&T UpdateTimestamp: 196827229 CellConnectionStatus: 0
08-10 22:29:14.494  5222  5222 D cellinfo: onCellInfoChanged: LTE Cell Bands: [2] Bandwidth: 2147483647 Cell ID: 98053384 Physical Cell ID: 66 Tracking Area Code: 38403 EARFCN: 1075
08-10 22:29:14.526  5222  5321 D cellinfo: 46 bytes from 44.241.174.93: icmp_seq=1275 ttl=32 time=115 ms
08-10 22:29:14.673  5222  5222 D cellinfo: onsignalStrengthsChanged: LTE Signal Strength info: rsrp: -106 rsrq: -13 rssi: -67 rssnr: 1
08-10 22:29:14.726  5222  5321 D cellinfo: 46 bytes from 44.241.174.93: icmp_seq=1276 ttl=32 time=114 ms
08-10 22:29:14.926  5222  5321 D cellinfo: 46 bytes from 44.241.174.93: icmp_seq=1277 ttl=32 time=113 ms
08-10 22:29:15.165  5222  5321 D cellinfo: 46 bytes from 44.241.174.93: icmp_seq=1278 ttl=32 time=153 ms
08-10 22:29:15.295  5222  5222 D cellinfo: onsignalStrengthsChanged: LTE Signal Strength info: rsrp: -104 rsrq: -13 rssi: -67 rssnr: 3
08-10 22:29:15.326  5222  5321 D cellinfo: 46 bytes from 44.241.174.93: icmp_seq=1279 ttl=32 time=112 ms
08-10 22:29:15.526  5222  5321 D cellinfo: 46 bytes from 44.241.174.93: icmp_seq=1280 ttl=32 time=111 ms
08-10 22:29:15.765  5222  5321 D cellinfo: 46 bytes from 44.241.174.93: icmp_seq=1281 ttl=32 time=150 ms
08-10 22:29:15.933  5222  5321 D cellinfo: 46 bytes from 44.241.174.93: icmp_seq=1282 ttl=32 time=117 ms
08-10 22:29:16.109  5222  5321 D cellinfo: 46 bytes from 44.241.174.93: icmp_seq=1283 ttl=32 time=92.2 ms
08-10 22:29:16.328  5222  5321 D cellinfo: 46 bytes from 44.241.174.93: icmp_seq=1284 ttl=32 time=109 ms
08-10 22:29:16.527  5222  5321 D cellinfo: 46 bytes from 44.241.174.93: icmp_seq=1285 ttl=32 time=104 ms
08-10 22:29:16.697  5222  5222 D cellinfo: Latitude is 40.6271688
08-10 22:29:16.697  5222  5222 D cellinfo: Longitude is -105.107754
08-10 22:29:16.697  5222  5222 D cellinfo: Instantaneous GPS information: United States, 70 US-287, Fort Collins, CO 80524, USA
08-10 22:29:16.697  5222  5222 D cellinfo: getCurrentLocation() result: Location (success): 40.6271688, -105.107754
08-10 22:29:16.724  5222  5321 D cellinfo: 46 bytes from 44.241.174.93: icmp_seq=1286 ttl=32 time=102 ms
08-10 22:29:16.913  5222  5222 D cellinfo: onsignalStrengthsChanged: LTE Signal Strength info: rsrp: -105 rsrq: -13 rssi: -75 rssnr: 3
08-10 22:29:16.966  5222  5321 D cellinfo: 46 bytes from 44.241.174.93: icmp_seq=1287 ttl=32 time=143 ms
08-10 22:29:17.133  5222  5321 D cellinfo: 46 bytes from 44.241.174.93: icmp_seq=1288 ttl=32 time=109 ms
08-10 22:29:17.327  5222  5321 D cellinfo: 46 bytes from 44.241.174.93: icmp_seq=1289 ttl=32 time=102 ms
08-10 22:29:17.450  5222  5222 D cellinfo: Latitude is 40.6271688
08-10 22:29:17.450  5222  5222 D cellinfo: Longitude is -105.107754
08-10 22:29:17.450  5222  5222 D cellinfo: Instantaneous GPS information: United States, 70 US-287, Fort Collins, CO 80524, USA
08-10 22:29:17.450  5222  5222 D cellinfo: getCurrentLocation() result: Location (success): 40.6271688, -105.107754
08-10 22:29:17.504  5222  5222 D cellinfo: onCellInfoChanged: Operator: AT&T UpdateTimestamp: 196830239 CellConnectionStatus: 0
08-10 22:29:17.504  5222  5222 D cellinfo: onCellInfoChanged: LTE Cell Bands: [2] Bandwidth: 2147483647 Cell ID: 98053384 Physical Cell ID: 66 Tracking Area Code: 38403 EARFCN: 1075
08-10 22:29:17.525  5222  5321 D cellinfo: 46 bytes from 44.241.174.93: icmp_seq=1290 ttl=32 time=101 ms
08-10 22:29:17.745  5222  5321 D cellinfo: 46 bytes from 44.241.174.93: icmp_seq=1291 ttl=32 time=119 ms
08-10 22:29:18.245  5222  5321 D cellinfo: 46 bytes from 44.241.174.93: icmp_seq=1292 ttl=32 time=418 ms
08-10 22:29:18.245  5222  5321 D cellinfo: 46 bytes from 44.241.174.93: icmp_seq=1293 ttl=32 time=218 ms
08-10 22:29:18.293  5222  5222 D cellinfo: onsignalStrengthsChanged: LTE Signal Strength info: rsrp: -104 rsrq: -13 rssi: -75 rssnr: 4
08-10 22:29:18.328  5222  5321 D cellinfo: 46 bytes from 44.241.174.93: icmp_seq=1294 ttl=32 time=91.3 ms
08-10 22:29:18.528  5222  5321 D cellinfo: 46 bytes from 44.241.174.93: icmp_seq=1295 ttl=32 time=91.5 ms
08-10 22:29:18.765  5222  5321 D cellinfo: 46 bytes from 44.241.174.93: icmp_seq=1296 ttl=32 time=127 ms
08-10 22:29:18.939  5222  5321 D cellinfo: 46 bytes from 44.241.174.93: icmp_seq=1297 ttl=32 time=100 ms
08-10 22:29:19.146  5222  5321 D cellinfo: 46 bytes from 44.241.174.93: icmp_seq=1298 ttl=32 time=106 ms
08-10 22:29:19.160  5222  5222 D cellinfo: onsignalStrengthsChanged: LTE Signal Strength info: rsrp: -105 rsrq: -13 rssi: -77 rssnr: 3
08-10 22:29:19.339  5222  5321 D cellinfo: 46 bytes from 44.241.174.93: icmp_seq=1299 ttl=32 time=96.3 ms
08-10 22:29:19.765  5222  5321 D cellinfo: 46 bytes from 44.241.174.93: icmp_seq=1300 ttl=32 time=322 ms
08-10 22:29:19.809  5222  5321 D cellinfo: 46 bytes from 44.241.174.93: icmp_seq=1301 ttl=32 time=165 ms
08-10 22:29:19.966  5222  5321 D cellinfo: 46 bytes from 44.241.174.93: icmp_seq=1302 ttl=32 time=122 ms
08-10 22:29:20.164  5222  5321 D cellinfo: 46 bytes from 44.241.174.93: icmp_seq=1303 ttl=32 time=119 ms
08-10 22:29:20.364  5222  5321 D cellinfo: 46 bytes from 44.241.174.93: icmp_seq=1304 ttl=32 time=119 ms
08-10 22:29:20.448  5222  5222 D cellinfo: Latitude is 40.6271688
08-10 22:29:20.448  5222  5222 D cellinfo: Longitude is -105.107754
08-10 22:29:20.448  5222  5222 D cellinfo: Instantaneous GPS information: United States, 70 US-287, Fort Collins, CO 80524, USA
08-10 22:29:20.448  5222  5222 D cellinfo: getCurrentLocation() result: Location (success): 40.6271688, -105.107754
08-10 22:29:20.510  5222  5222 D cellinfo: onCellInfoChanged: Operator: AT&T UpdateTimestamp: 196833244 CellConnectionStatus: 0
08-10 22:29:20.510  5222  5222 D cellinfo: onCellInfoChanged: LTE Cell Bands: [2] Bandwidth: 2147483647 Cell ID: 98053384 Physical Cell ID: 66 Tracking Area Code: 38403 EARFCN: 1075
08-10 22:29:20.564  5222  5321 D cellinfo: 46 bytes from 44.241.174.93: icmp_seq=1305 ttl=32 time=117 ms
08-10 22:29:20.764  5222  5321 D cellinfo: 46 bytes from 44.241.174.93: icmp_seq=1306 ttl=32 time=117 ms
08-10 22:29:21.005  5222  5321 D cellinfo: 46 bytes from 44.241.174.93: icmp_seq=1307 ttl=32 time=156 ms
08-10 22:29:21.166  5222  5321 D cellinfo: 46 bytes from 44.241.174.93: icmp_seq=1308 ttl=32 time=117 ms
08-10 22:29:21.297  5222  5222 D cellinfo: onsignalStrengthsChanged: LTE Signal Strength info: rsrp: -104 rsrq: -13 rssi: -73 rssnr: 4
08-10 22:29:21.365  5222  5321 D cellinfo: 46 bytes from 44.241.174.93: icmp_seq=1309 ttl=32 time=116 ms
08-10 22:29:21.566  5222  5321 D cellinfo: 46 bytes from 44.241.174.93: icmp_seq=1310 ttl=32 time=116 ms
08-10 22:29:21.764  5222  5321 D cellinfo: 46 bytes from 44.241.174.93: icmp_seq=1311 ttl=32 time=116 ms
08-10 22:29:21.966  5222  5321 D cellinfo: 46 bytes from 44.241.174.93: icmp_seq=1312 ttl=32 time=115 ms
08-10 22:29:22.166  5222  5321 D cellinfo: 46 bytes from 44.241.174.93: icmp_seq=1313 ttl=32 time=115 ms
08-10 22:29:22.365  5222  5321 D cellinfo: 46 bytes from 44.241.174.93: icmp_seq=1314 ttl=32 time=112 ms
08-10 22:29:22.565  5222  5321 D cellinfo: 46 bytes from 44.241.174.93: icmp_seq=1315 ttl=32 time=112 ms
08-10 22:29:22.765  5222  5321 D cellinfo: 46 bytes from 44.241.174.93: icmp_seq=1316 ttl=32 time=110 ms
08-10 22:29:22.964  5222  5321 D cellinfo: 46 bytes from 44.241.174.93: icmp_seq=1317 ttl=32 time=108 ms
08-10 22:29:23.164  5222  5321 D cellinfo: 46 bytes from 44.241.174.93: icmp_seq=1318 ttl=32 time=108 ms
08-10 22:29:23.405  5222  5321 D cellinfo: 46 bytes from 44.241.174.93: icmp_seq=1319 ttl=32 time=147 ms
08-10 22:29:23.446  5222  5222 D cellinfo: Latitude is 40.6271688
08-10 22:29:23.446  5222  5222 D cellinfo: Longitude is -105.107754
08-10 22:29:23.446  5222  5222 D cellinfo: Instantaneous GPS information: United States, 70 US-287, Fort Collins, CO 80524, USA
08-10 22:29:23.446  5222  5222 D cellinfo: getCurrentLocation() result: Location (success): 40.6271688, -105.107754
08-10 22:29:23.504  5222  5222 D cellinfo: onCellInfoChanged: Operator: AT&T UpdateTimestamp: 196836237 CellConnectionStatus: 0
08-10 22:29:23.504  5222  5222 D cellinfo: onCellInfoChanged: LTE Cell Bands: [2] Bandwidth: 2147483647 Cell ID: 98053384 Physical Cell ID: 66 Tracking Area Code: 38403 EARFCN: 1075
08-10 22:29:23.607  5222  5321 D cellinfo: 46 bytes from 44.241.174.93: icmp_seq=1320 ttl=32 time=149 ms
08-10 22:29:23.632  5222  5222 D cellinfo: onsignalStrengthsChanged: LTE Signal Strength info: rsrp: -105 rsrq: -13 rssi: -77 rssnr: 4
08-10 22:29:23.804  5222  5321 D cellinfo: 46 bytes from 44.241.174.93: icmp_seq=1321 ttl=32 time=145 ms
08-10 22:29:23.966  5222  5321 D cellinfo: 46 bytes from 44.241.174.93: icmp_seq=1322 ttl=32 time=104 ms
08-10 22:29:24.173  5222  5321 D cellinfo: 46 bytes from 44.241.174.93: icmp_seq=1323 ttl=32 time=112 ms
08-10 22:29:24.366  5222  5321 D cellinfo: 46 bytes from 44.241.174.93: icmp_seq=1324 ttl=32 time=103 ms
08-10 22:29:24.565  5222  5321 D cellinfo: 46 bytes from 44.241.174.93: icmp_seq=1325 ttl=32 time=103 ms
08-10 22:29:24.764  5222  5321 D cellinfo: 46 bytes from 44.241.174.93: icmp_seq=1326 ttl=32 time=102 ms
08-10 22:29:25.004  5222  5321 D cellinfo: 46 bytes from 44.241.174.93: icmp_seq=1327 ttl=32 time=142 ms
08-10 22:29:25.167  5222  5321 D cellinfo: 46 bytes from 44.241.174.93: icmp_seq=1328 ttl=32 time=103 ms
08-10 22:29:25.405  5222  5321 D cellinfo: 46 bytes from 44.241.174.93: icmp_seq=1329 ttl=32 time=142 ms
08-10 22:29:25.566  5222  5321 D cellinfo: 46 bytes from 44.241.174.93: icmp_seq=1330 ttl=32 time=101 ms
08-10 22:29:25.765  5222  5321 D cellinfo: 46 bytes from 44.241.174.93: icmp_seq=1331 ttl=32 time=100 ms
08-10 22:29:25.966  5222  5321 D cellinfo: 46 bytes from 44.241.174.93: icmp_seq=1332 ttl=32 time=100 ms
08-10 22:29:26.204  5222  5321 D cellinfo: 46 bytes from 44.241.174.93: icmp_seq=1333 ttl=32 time=139 ms
08-10 22:29:26.404  5222  5321 D cellinfo: 46 bytes from 44.241.174.93: icmp_seq=1334 ttl=32 time=137 ms
08-10 22:29:26.498  5222  5222 D cellinfo: onCellInfoChanged: Operator: AT&T UpdateTimestamp: 196839235 CellConnectionStatus: 0
08-10 22:29:26.498  5222  5222 D cellinfo: onCellInfoChanged: LTE Cell Bands: [2] Bandwidth: 2147483647 Cell ID: 98053384 Physical Cell ID: 66 Tracking Area Code: 38403 EARFCN: 1075
08-10 22:29:26.605  5222  5321 D cellinfo: 46 bytes from 44.241.174.93: icmp_seq=1335 ttl=32 time=136 ms
08-10 22:29:26.805  5222  5321 D cellinfo: 46 bytes from 44.241.174.93: icmp_seq=1336 ttl=32 time=135 ms
08-10 22:29:27.004  5222  5321 D cellinfo: 46 bytes from 44.241.174.93: icmp_seq=1337 ttl=32 time=135 ms
08-10 22:29:27.205  5222  5321 D cellinfo: 46 bytes from 44.241.174.93: icmp_seq=1338 ttl=32 time=135 ms
08-10 22:29:27.297  5222  5222 D cellinfo: onsignalStrengthsChanged: LTE Signal Strength info: rsrp: -107 rsrq: -13 rssi: -75 rssnr: 3
08-10 22:29:27.371  5222  5321 D cellinfo: 46 bytes from 44.241.174.93: icmp_seq=1339 ttl=32 time=101 ms
08-10 22:29:27.605  5222  5321 D cellinfo: 46 bytes from 44.241.174.93: icmp_seq=1340 ttl=32 time=134 ms
08-10 22:29:27.803  5222  5321 D cellinfo: 46 bytes from 44.241.174.93: icmp_seq=1341 ttl=32 time=129 ms
08-10 22:29:27.973  5222  5321 D cellinfo: 46 bytes from 44.241.174.93: icmp_seq=1342 ttl=32 time=98.2 ms
08-10 22:29:28.169  5222  5321 D cellinfo: 46 bytes from 44.241.174.93: icmp_seq=1343 ttl=32 time=92.2 ms
08-10 22:29:28.170  5222  5222 D cellinfo: Latitude is 40.6263105
08-10 22:29:28.170  5222  5222 D cellinfo: Longitude is -105.1070062
08-10 22:29:28.170  5222  5222 D cellinfo: Instantaneous GPS information: United States, 70 US-287, Fort Collins, CO 80524, USA
08-10 22:29:28.170  5222  5222 D cellinfo: getCurrentLocation() result: Location (success): 40.6263105, -105.1070062
08-10 22:29:28.173  5222  5222 D cellinfo: onsignalStrengthsChanged: LTE Signal Strength info: rsrp: -107 rsrq: -13 rssi: -71 rssnr: 3
08-10 22:29:28.405  5222  5321 D cellinfo: 46 bytes from 44.241.174.93: icmp_seq=1344 ttl=32 time=127 ms
08-10 22:29:28.578  5222  5321 D cellinfo: 46 bytes from 44.241.174.93: icmp_seq=1345 ttl=32 time=100 ms
08-10 22:29:28.804  5222  5321 D cellinfo: 46 bytes from 44.241.174.93: icmp_seq=1346 ttl=32 time=125 ms
08-10 22:29:29.005  5222  5321 D cellinfo: 46 bytes from 44.241.174.93: icmp_seq=1347 ttl=32 time=125 ms
08-10 22:29:29.246  5222  5321 D cellinfo: 46 bytes from 44.241.174.93: icmp_seq=1348 ttl=32 time=165 ms
08-10 22:29:29.405  5222  5321 D cellinfo: 46 bytes from 44.241.174.93: icmp_seq=1349 ttl=32 time=124 ms
08-10 22:29:29.453  5222  5222 D cellinfo: Latitude is 40.6263105
08-10 22:29:29.453  5222  5222 D cellinfo: Longitude is -105.1070062
08-10 22:29:29.453  5222  5222 D cellinfo: Instantaneous GPS information: United States, 70 US-287, Fort Collins, CO 80524, USA
08-10 22:29:29.453  5222  5222 D cellinfo: getCurrentLocation() result: Location (success): 40.6263105, -105.1070062
08-10 22:29:29.496  5222  5222 D cellinfo: onCellInfoChanged: Operator: AT&T UpdateTimestamp: 196842234 CellConnectionStatus: 0
08-10 22:29:29.496  5222  5222 D cellinfo: onCellInfoChanged: LTE Cell Bands: [2] Bandwidth: 2147483647 Cell ID: 98053384 Physical Cell ID: 66 Tracking Area Code: 38403 EARFCN: 1075
08-10 22:29:29.604  5222  5321 D cellinfo: 46 bytes from 44.241.174.93: icmp_seq=1350 ttl=32 time=123 ms
08-10 22:29:29.804  5222  5321 D cellinfo: 46 bytes from 44.241.174.93: icmp_seq=1351 ttl=32 time=122 ms
08-10 22:29:30.006  5222  5321 D cellinfo: 46 bytes from 44.241.174.93: icmp_seq=1352 ttl=32 time=121 ms
08-10 22:29:30.204  5222  5321 D cellinfo: 46 bytes from 44.241.174.93: icmp_seq=1353 ttl=32 time=121 ms
08-10 22:29:30.299  5222  5222 D cellinfo: onsignalStrengthsChanged: LTE Signal Strength info: rsrp: -107 rsrq: -13 rssi: -77 rssnr: 3
08-10 22:29:30.353  5222  5222 D cellinfo: onsignalStrengthsChanged: LTE Signal Strength info: rsrp: -107 rsrq: -13 rssi: -71 rssnr: 3
08-10 22:29:30.384  5222  5321 D cellinfo: 46 bytes from 44.241.174.93: icmp_seq=1354 ttl=32 time=101 ms
08-10 22:29:30.604  5222  5321 D cellinfo: 46 bytes from 44.241.174.93: icmp_seq=1355 ttl=32 time=120 ms
08-10 22:29:30.804  5222  5321 D cellinfo: 46 bytes from 44.241.174.93: icmp_seq=1356 ttl=32 time=119 ms
08-10 22:29:31.005  5222  5321 D cellinfo: 46 bytes from 44.241.174.93: icmp_seq=1357 ttl=32 time=118 ms
08-10 22:29:31.205  5222  5321 D cellinfo: 46 bytes from 44.241.174.93: icmp_seq=1358 ttl=32 time=118 ms
08-10 22:29:31.405  5222  5321 D cellinfo: 46 bytes from 44.241.174.93: icmp_seq=1359 ttl=32 time=117 ms
08-10 22:29:31.605  5222  5321 D cellinfo: 46 bytes from 44.241.174.93: icmp_seq=1360 ttl=32 time=117 ms
08-10 22:29:31.804  5222  5321 D cellinfo: 46 bytes from 44.241.174.93: icmp_seq=1361 ttl=32 time=116 ms
08-10 22:29:32.045  5222  5321 D cellinfo: 46 bytes from 44.241.174.93: icmp_seq=1362 ttl=32 time=155 ms
08-10 22:29:32.205  5222  5321 D cellinfo: 46 bytes from 44.241.174.93: icmp_seq=1363 ttl=32 time=116 ms
08-10 22:29:32.410  5222  5321 D cellinfo: 46 bytes from 44.241.174.93: icmp_seq=1364 ttl=32 time=117 ms
08-10 22:29:32.444  5222  5222 D cellinfo: Latitude is 40.6263105
08-10 22:29:32.444  5222  5222 D cellinfo: Longitude is -105.1070062
08-10 22:29:32.444  5222  5222 D cellinfo: Instantaneous GPS information: United States, 70 US-287, Fort Collins, CO 80524, USA
08-10 22:29:32.444  5222  5222 D cellinfo: getCurrentLocation() result: Location (success): 40.6263105, -105.1070062
08-10 22:29:32.508  5222  5222 D cellinfo: onCellInfoChanged: Operator: AT&T UpdateTimestamp: 196845244 CellConnectionStatus: 0
08-10 22:29:32.508  5222  5222 D cellinfo: onCellInfoChanged: LTE Cell Bands: [2] Bandwidth: 2147483647 Cell ID: 98053384 Physical Cell ID: 66 Tracking Area Code: 38403 EARFCN: 1075
08-10 22:29:32.590  5222  5222 D cellinfo: onsignalStrengthsChanged: LTE Signal Strength info: rsrp: -107 rsrq: -13 rssi: -77 rssnr: 3
08-10 22:29:32.606  5222  5321 D cellinfo: 46 bytes from 44.241.174.93: icmp_seq=1365 ttl=32 time=115 ms
08-10 22:29:32.805  5222  5321 D cellinfo: 46 bytes from 44.241.174.93: icmp_seq=1366 ttl=32 time=113 ms
08-10 22:29:33.006  5222  5321 D cellinfo: 46 bytes from 44.241.174.93: icmp_seq=1367 ttl=32 time=111 ms
08-10 22:29:33.205  5222  5321 D cellinfo: 46 bytes from 44.241.174.93: icmp_seq=1368 ttl=32 time=111 ms
08-10 22:29:33.405  5222  5321 D cellinfo: 46 bytes from 44.241.174.93: icmp_seq=1369 ttl=32 time=109 ms
08-10 22:29:33.606  5222  5321 D cellinfo: 46 bytes from 44.241.174.93: icmp_seq=1370 ttl=32 time=107 ms
08-10 22:29:33.804  5222  5321 D cellinfo: 46 bytes from 44.241.174.93: icmp_seq=1371 ttl=32 time=106 ms
08-10 22:29:34.045  5222  5321 D cellinfo: 46 bytes from 44.241.174.93: icmp_seq=1372 ttl=32 time=146 ms
08-10 22:29:34.205  5222  5321 D cellinfo: 46 bytes from 44.241.174.93: icmp_seq=1373 ttl=32 time=106 ms
08-10 22:29:34.446  5222  5321 D cellinfo: 46 bytes from 44.241.174.93: icmp_seq=1374 ttl=32 time=145 ms
08-10 22:29:34.605  5222  5321 D cellinfo: 46 bytes from 44.241.174.93: icmp_seq=1375 ttl=32 time=105 ms
08-10 22:29:34.846  5222  5321 D cellinfo: 46 bytes from 44.241.174.93: icmp_seq=1376 ttl=32 time=145 ms
08-10 22:29:35.005  5222  5321 D cellinfo: 46 bytes from 44.241.174.93: icmp_seq=1377 ttl=32 time=104 ms
08-10 22:29:35.206  5222  5321 D cellinfo: 46 bytes from 44.241.174.93: icmp_seq=1378 ttl=32 time=105 ms
08-10 22:29:35.444  5222  5321 D cellinfo: 46 bytes from 44.241.174.93: icmp_seq=1379 ttl=32 time=143 ms
08-10 22:29:35.465  5222  5222 D cellinfo: Latitude is 40.6263105
08-10 22:29:35.465  5222  5222 D cellinfo: Longitude is -105.1070062
08-10 22:29:35.465  5222  5222 D cellinfo: Instantaneous GPS information: United States, 70 US-287, Fort Collins, CO 80524, USA
08-10 22:29:35.465  5222  5222 D cellinfo: getCurrentLocation() result: Location (success): 40.6263105, -105.1070062
08-10 22:29:35.505  5222  5222 D cellinfo: onCellInfoChanged: Operator: AT&T UpdateTimestamp: 196848240 CellConnectionStatus: 0
08-10 22:29:35.505  5222  5222 D cellinfo: onCellInfoChanged: LTE Cell Bands: [2] Bandwidth: 2147483647 Cell ID: 98053384 Physical Cell ID: 66 Tracking Area Code: 38403 EARFCN: 1075
08-10 22:29:35.646  5222  5321 D cellinfo: 46 bytes from 44.241.174.93: icmp_seq=1380 ttl=32 time=145 ms
08-10 22:29:35.806  5222  5321 D cellinfo: 46 bytes from 44.241.174.93: icmp_seq=1381 ttl=32 time=102 ms
08-10 22:29:36.007  5222  5321 D cellinfo: 46 bytes from 44.241.174.93: icmp_seq=1382 ttl=32 time=102 ms
08-10 22:29:36.206  5222  5321 D cellinfo: 46 bytes from 44.241.174.93: icmp_seq=1383 ttl=32 time=103 ms
08-10 22:29:36.446  5222  5321 D cellinfo: 46 bytes from 44.241.174.93: icmp_seq=1384 ttl=32 time=142 ms
08-10 22:29:36.645  5222  5321 D cellinfo: 46 bytes from 44.241.174.93: icmp_seq=1385 ttl=32 time=141 ms
08-10 22:29:36.806  5222  5321 D cellinfo: 46 bytes from 44.241.174.93: icmp_seq=1386 ttl=32 time=101 ms
08-10 22:29:37.005  5222  5321 D cellinfo: 46 bytes from 44.241.174.93: icmp_seq=1387 ttl=32 time=98.7 ms
08-10 22:29:37.076  5222  5222 D cellinfo: onsignalStrengthsChanged: LTE Signal Strength info: rsrp: -106 rsrq: -13 rssi: -69 rssnr: 4
08-10 22:29:37.206  5222  5321 D cellinfo: 46 bytes from 44.241.174.93: icmp_seq=1388 ttl=32 time=99.2 ms
08-10 22:29:37.445  5222  5321 D cellinfo: 46 bytes from 44.241.174.93: icmp_seq=1389 ttl=32 time=139 ms
08-10 22:29:37.647  5222  5321 D cellinfo: 46 bytes from 44.241.174.93: icmp_seq=1390 ttl=32 time=137 ms
08-10 22:29:37.808  5222  5321 D cellinfo: 46 bytes from 44.241.174.93: icmp_seq=1391 ttl=32 time=98.3 ms
08-10 22:29:38.008  5222  5321 D cellinfo: 46 bytes from 44.241.174.93: icmp_seq=1392 ttl=32 time=97.2 ms
08-10 22:29:38.286  5222  5321 D cellinfo: 46 bytes from 44.241.174.93: icmp_seq=1393 ttl=32 time=174 ms
08-10 22:29:38.444  5222  5321 D cellinfo: 46 bytes from 44.241.174.93: icmp_seq=1394 ttl=32 time=134 ms
08-10 22:29:38.483  5222  5222 D cellinfo: onCellInfoChanged: Operator: AT&T UpdateTimestamp: 196851220 CellConnectionStatus: 0
08-10 22:29:38.483  5222  5222 D cellinfo: onCellInfoChanged: LTE Cell Bands: [2] Bandwidth: 2147483647 Cell ID: 98053384 Physical Cell ID: 66 Tracking Area Code: 38403 EARFCN: 1075
08-10 22:29:38.609  5222  5321 D cellinfo: 46 bytes from 44.241.174.93: icmp_seq=1395 ttl=32 time=98.4 ms
08-10 22:29:38.808  5222  5321 D cellinfo: 46 bytes from 44.241.174.93: icmp_seq=1396 ttl=32 time=97.5 ms
08-10 22:29:39.008  5222  5321 D cellinfo: 46 bytes from 44.241.174.93: icmp_seq=1397 ttl=32 time=97.0 ms
08-10 22:29:39.208  5222  5321 D cellinfo: 46 bytes from 44.241.174.93: icmp_seq=1398 ttl=32 time=96.1 ms
08-10 22:29:39.300  5222  5222 D cellinfo: onsignalStrengthsChanged: LTE Signal Strength info: rsrp: -107 rsrq: -13 rssi: -75 rssnr: 3
08-10 22:29:39.407  5222  5321 D cellinfo: 46 bytes from 44.241.174.93: icmp_seq=1399 ttl=32 time=95.4 ms
08-10 22:29:39.649  5222  5321 D cellinfo: 46 bytes from 44.241.174.93: icmp_seq=1400 ttl=32 time=134 ms
08-10 22:29:39.818  5222  5321 D cellinfo: 46 bytes from 44.241.174.93: icmp_seq=1401 ttl=32 time=102 ms
08-10 22:29:40.007  5222  5321 D cellinfo: 46 bytes from 44.241.174.93: icmp_seq=1402 ttl=32 time=89.1 ms
08-10 22:29:40.132  5222  5222 D cellinfo: Latitude is 40.6256659
08-10 22:29:40.132  5222  5222 D cellinfo: Longitude is -105.1062383
08-10 22:29:40.132  5222  5222 D cellinfo: Instantaneous GPS information: United States, 70 US-287, Fort Collins, CO 80524, USA
08-10 22:29:40.132  5222  5222 D cellinfo: getCurrentLocation() result: Location (success): 40.6256659, -105.1062383
08-10 22:29:40.208  5222  5321 D cellinfo: 46 bytes from 44.241.174.93: icmp_seq=1403 ttl=32 time=92.1 ms
08-10 22:29:40.409  5222  5321 D cellinfo: 46 bytes from 44.241.174.93: icmp_seq=1404 ttl=32 time=92.5 ms
08-10 22:29:40.646  5222  5321 D cellinfo: 46 bytes from 44.241.174.93: icmp_seq=1405 ttl=32 time=127 ms
08-10 22:29:40.845  5222  5321 D cellinfo: 46 bytes from 44.241.174.93: icmp_seq=1406 ttl=32 time=126 ms
08-10 22:29:41.044  5222  5321 D cellinfo: 46 bytes from 44.241.174.93: icmp_seq=1407 ttl=32 time=125 ms
08-10 22:29:41.244  5222  5321 D cellinfo: 46 bytes from 44.241.174.93: icmp_seq=1408 ttl=32 time=125 ms
08-10 22:29:41.444  5222  5321 D cellinfo: 46 bytes from 44.241.174.93: icmp_seq=1409 ttl=32 time=124 ms
08-10 22:29:41.447  5222  5222 D cellinfo: Latitude is 40.6256659
08-10 22:29:41.447  5222  5222 D cellinfo: Longitude is -105.1062383
08-10 22:29:41.447  5222  5222 D cellinfo: Instantaneous GPS information: United States, 70 US-287, Fort Collins, CO 80524, USA
08-10 22:29:41.447  5222  5222 D cellinfo: getCurrentLocation() result: Location (success): 40.6256659, -105.1062383
08-10 22:29:41.506  5222  5222 D cellinfo: onCellInfoChanged: Operator: AT&T UpdateTimestamp: 196854243 CellConnectionStatus: 0
08-10 22:29:41.506  5222  5222 D cellinfo: onCellInfoChanged: LTE Cell Bands: [2] Bandwidth: 2147483647 Cell ID: 98053384 Physical Cell ID: 66 Tracking Area Code: 38403 EARFCN: 1075
08-10 22:29:41.644  5222  5321 D cellinfo: 46 bytes from 44.241.174.93: icmp_seq=1410 ttl=32 time=122 ms
08-10 22:29:41.844  5222  5321 D cellinfo: 46 bytes from 44.241.174.93: icmp_seq=1411 ttl=32 time=121 ms
08-10 22:29:42.045  5222  5321 D cellinfo: 46 bytes from 44.241.174.93: icmp_seq=1412 ttl=32 time=120 ms
08-10 22:29:42.245  5222  5321 D cellinfo: 46 bytes from 44.241.174.93: icmp_seq=1413 ttl=32 time=121 ms
08-10 22:29:42.305  5222  5222 D cellinfo: onsignalStrengthsChanged: LTE Signal Strength info: rsrp: -106 rsrq: -13 rssi: -73 rssnr: 3
08-10 22:29:42.445  5222  5321 D cellinfo: 46 bytes from 44.241.174.93: icmp_seq=1414 ttl=32 time=120 ms
08-10 22:29:42.646  5222  5321 D cellinfo: 46 bytes from 44.241.174.93: icmp_seq=1415 ttl=32 time=119 ms
08-10 22:29:42.844  5222  5321 D cellinfo: 46 bytes from 44.241.174.93: icmp_seq=1416 ttl=32 time=118 ms
08-10 22:29:43.045  5222  5321 D cellinfo: 46 bytes from 44.241.174.93: icmp_seq=1417 ttl=32 time=118 ms
08-10 22:29:43.245  5222  5321 D cellinfo: 46 bytes from 44.241.174.93: icmp_seq=1418 ttl=32 time=118 ms
08-10 22:29:43.446  5222  5321 D cellinfo: 46 bytes from 44.241.174.93: icmp_seq=1419 ttl=32 time=118 ms
08-10 22:29:43.645  5222  5321 D cellinfo: 46 bytes from 44.241.174.93: icmp_seq=1420 ttl=32 time=117 ms
08-10 22:29:43.845  5222  5321 D cellinfo: 46 bytes from 44.241.174.93: icmp_seq=1421 ttl=32 time=117 ms
08-10 22:29:44.044  5222  5321 D cellinfo: 46 bytes from 44.241.174.93: icmp_seq=1422 ttl=32 time=117 ms
08-10 22:29:44.244  5222  5321 D cellinfo: 46 bytes from 44.241.174.93: icmp_seq=1423 ttl=32 time=117 ms
08-10 22:29:44.444  5222  5321 D cellinfo: 46 bytes from 44.241.174.93: icmp_seq=1424 ttl=32 time=117 ms
08-10 22:29:44.444  5222  5222 D cellinfo: Latitude is 40.6256659
08-10 22:29:44.444  5222  5222 D cellinfo: Longitude is -105.1062383
08-10 22:29:44.445  5222  5222 D cellinfo: Instantaneous GPS information: United States, 70 US-287, Fort Collins, CO 80524, USA
08-10 22:29:44.445  5222  5222 D cellinfo: getCurrentLocation() result: Location (success): 40.6256659, -105.1062383
08-10 22:29:44.492  5222  5222 D cellinfo: onCellInfoChanged: Operator: AT&T UpdateTimestamp: 196857223 CellConnectionStatus: 0
08-10 22:29:44.492  5222  5222 D cellinfo: onCellInfoChanged: LTE Cell Bands: [2] Bandwidth: 2147483647 Cell ID: 98053384 Physical Cell ID: 66 Tracking Area Code: 38403 EARFCN: 1075
08-10 22:29:44.685  5222  5321 D cellinfo: 46 bytes from 44.241.174.93: icmp_seq=1425 ttl=32 time=156 ms
08-10 22:29:44.845  5222  5321 D cellinfo: 46 bytes from 44.241.174.93: icmp_seq=1426 ttl=32 time=116 ms
08-10 22:29:45.085  5222  5321 D cellinfo: 46 bytes from 44.241.174.93: icmp_seq=1427 ttl=32 time=155 ms
08-10 22:29:45.245  5222  5321 D cellinfo: 46 bytes from 44.241.174.93: icmp_seq=1428 ttl=32 time=116 ms
08-10 22:29:45.444  5222  5321 D cellinfo: 46 bytes from 44.241.174.93: icmp_seq=1429 ttl=32 time=115 ms
08-10 22:29:45.645  5222  5321 D cellinfo: 46 bytes from 44.241.174.93: icmp_seq=1430 ttl=32 time=115 ms
08-10 22:29:45.885  5222  5321 D cellinfo: 46 bytes from 44.241.174.93: icmp_seq=1431 ttl=32 time=154 ms
08-10 22:29:46.046  5222  5321 D cellinfo: 46 bytes from 44.241.174.93: icmp_seq=1432 ttl=32 time=113 ms
08-10 22:29:46.244  5222  5321 D cellinfo: 46 bytes from 44.241.174.93: icmp_seq=1433 ttl=32 time=114 ms
08-10 22:29:46.486  5222  5321 D cellinfo: 46 bytes from 44.241.174.93: icmp_seq=1434 ttl=32 time=153 ms
08-10 22:29:46.646  5222  5321 D cellinfo: 46 bytes from 44.241.174.93: icmp_seq=1435 ttl=32 time=113 ms
08-10 22:29:46.844  5222  5321 D cellinfo: 46 bytes from 44.241.174.93: icmp_seq=1436 ttl=32 time=111 ms
08-10 22:29:47.046  5222  5321 D cellinfo: 46 bytes from 44.241.174.93: icmp_seq=1437 ttl=32 time=110 ms
08-10 22:29:47.254  5222  5321 D cellinfo: 46 bytes from 44.241.174.93: icmp_seq=1438 ttl=32 time=118 ms
08-10 22:29:47.449  5222  5222 D cellinfo: Latitude is 40.6256659
08-10 22:29:47.449  5222  5222 D cellinfo: Longitude is -105.1062383
08-10 22:29:47.449  5222  5222 D cellinfo: Instantaneous GPS information: United States, 70 US-287, Fort Collins, CO 80524, USA
08-10 22:29:47.449  5222  5222 D cellinfo: getCurrentLocation() result: Location (success): 40.6256659, -105.1062383
08-10 22:29:47.490  5222  5222 D cellinfo: onCellInfoChanged: Operator: AT&T UpdateTimestamp: 196860227 CellConnectionStatus: 0
08-10 22:29:47.490  5222  5222 D cellinfo: onCellInfoChanged: LTE Cell Bands: [2] Bandwidth: 2147483647 Cell ID: 98053384 Physical Cell ID: 66 Tracking Area Code: 38403 EARFCN: 1075
08-10 22:29:47.491  5222  5321 D cellinfo: 46 bytes from 44.241.174.93: icmp_seq=1439 ttl=32 time=156 ms
08-10 22:29:47.684  5222  5321 D cellinfo: 46 bytes from 44.241.174.93: icmp_seq=1440 ttl=32 time=147 ms
08-10 22:29:47.886  5222  5321 D cellinfo: 46 bytes from 44.241.174.93: icmp_seq=1441 ttl=32 time=147 ms
08-10 22:29:48.085  5222  5321 D cellinfo: 46 bytes from 44.241.174.93: icmp_seq=1442 ttl=32 time=147 ms
08-10 22:29:48.286  5222  5321 D cellinfo: 46 bytes from 44.241.174.93: icmp_seq=1443 ttl=32 time=147 ms
08-10 22:29:48.303  5222  5222 D cellinfo: onsignalStrengthsChanged: LTE Signal Strength info: rsrp: -106 rsrq: -13 rssi: -75 rssnr: 1
08-10 22:29:48.741  5222  5321 D cellinfo: 46 bytes from 44.241.174.93: icmp_seq=1444 ttl=32 time=403 ms
08-10 22:29:48.741  5222  5321 D cellinfo: 46 bytes from 44.241.174.93: icmp_seq=1445 ttl=32 time=199 ms
08-10 22:29:48.913  5222  5321 D cellinfo: 46 bytes from 44.241.174.93: icmp_seq=1446 ttl=32 time=170 ms
08-10 22:29:48.969  5222  5222 D cellinfo: onCellInfoChanged: Operator: AT&T UpdateTimestamp: 196861704 CellConnectionStatus: 0
08-10 22:29:48.969  5222  5222 D cellinfo: onCellInfoChanged: LTE Cell Bands: [2] Bandwidth: 2147483647 Cell ID: 98053642 Physical Cell ID: 308 Tracking Area Code: 38403 EARFCN: 1075
08-10 22:29:48.998  5222  5222 D cellinfo: onServiceStateChanged: Channel Number: 1075 Cell Bandwidths: []
08-10 22:29:49.055  5222  5321 D cellinfo: 46 bytes from 44.241.174.93: icmp_seq=1447 ttl=32 time=114 ms
08-10 22:29:49.260  5222  5321 D cellinfo: 46 bytes from 44.241.174.93: icmp_seq=1448 ttl=32 time=117 ms
08-10 22:29:50.441  5222  5321 D cellinfo: 46 bytes from 44.241.174.93: icmp_seq=1449 ttl=32 time=1099 ms
08-10 22:29:50.459  5222  5222 D cellinfo: onsignalStrengthsChanged: LTE Signal Strength info: rsrp: -109 rsrq: -13 rssi: -81 rssnr: 0
08-10 22:29:50.478  5222  5222 D cellinfo: onCellInfoChanged: Operator: AT&T UpdateTimestamp: 196863214 CellConnectionStatus: 0
08-10 22:29:50.478  5222  5222 D cellinfo: onCellInfoChanged: LTE Cell Bands: [12] Bandwidth: 2147483647 Cell ID: 98066960 Physical Cell ID: 416 Tracking Area Code: 38403 EARFCN: 5110
08-10 22:29:50.499  5222  5222 D cellinfo: onServiceStateChanged: Channel Number: 5110 Cell Bandwidths: []
08-10 22:29:50.503  5222  5222 D cellinfo: onCellInfoChanged: Operator: AT&T UpdateTimestamp: 196863228 CellConnectionStatus: 0
08-10 22:29:50.504  5222  5222 D cellinfo: onCellInfoChanged: LTE Cell Bands: [12] Bandwidth: 2147483647 Cell ID: 98066960 Physical Cell ID: 416 Tracking Area Code: 38403 EARFCN: 5110
08-10 22:29:50.514  5222  5222 D cellinfo: onDisplayInfoChanged: NetworkType: LTE OverrideNetworkType: None
08-10 22:29:50.528  5222  5321 D cellinfo: 46 bytes from 44.241.174.93: icmp_seq=1451 ttl=32 time=767 ms
08-10 22:29:50.561  5222  5321 D cellinfo: 46 bytes from 44.241.174.93: icmp_seq=1452 ttl=32 time=594 ms
08-10 22:29:50.566  5222  5321 D cellinfo: 46 bytes from 44.241.174.93: icmp_seq=1453 ttl=32 time=389 ms
08-10 22:29:50.566  5222  5321 D cellinfo: 46 bytes from 44.241.174.93: icmp_seq=1454 ttl=32 time=181 ms
08-10 22:29:50.727  5222  5321 D cellinfo: 46 bytes from 44.241.174.93: icmp_seq=1455 ttl=32 time=141 ms
08-10 22:29:50.886  5222  5321 D cellinfo: 46 bytes from 44.241.174.93: icmp_seq=1456 ttl=32 time=101 ms
08-10 22:29:51.096  5222  5321 D cellinfo: 46 bytes from 44.241.174.93: icmp_seq=1457 ttl=32 time=109 ms
08-10 22:29:51.301  5222  5222 D cellinfo: onsignalStrengthsChanged: LTE Signal Strength info: rsrp: -112 rsrq: -14 rssi: -81 rssnr: -3
08-10 22:29:51.327  5222  5321 D cellinfo: 46 bytes from 44.241.174.93: icmp_seq=1458 ttl=32 time=141 ms
08-10 22:29:51.487  5222  5321 D cellinfo: 46 bytes from 44.241.174.93: icmp_seq=1459 ttl=32 time=100 ms
08-10 22:29:51.733  5222  5321 D cellinfo: 46 bytes from 44.241.174.93: icmp_seq=1460 ttl=32 time=145 ms
08-10 22:29:51.886  5222  5321 D cellinfo: 46 bytes from 44.241.174.93: icmp_seq=1461 ttl=32 time=99.2 ms
08-10 22:29:52.132  5222  5321 D cellinfo: 46 bytes from 44.241.174.93: icmp_seq=1462 ttl=32 time=142 ms
08-10 22:29:55.531  5222  5321 D cellinfo: 46 bytes from 44.241.174.93: icmp_seq=1463 ttl=32 time=3342 ms
08-10 22:29:55.850  5222  5321 D cellinfo: 46 bytes from 44.241.174.93: icmp_seq=1472 ttl=32 time=1818 ms
08-10 22:29:55.851  5222  5321 D cellinfo: 46 bytes from 44.241.174.93: icmp_seq=1473 ttl=32 time=1617 ms
08-10 22:29:55.851  5222  5321 D cellinfo: 46 bytes from 44.241.174.93: icmp_seq=1474 ttl=32 time=1406 ms
08-10 22:29:55.851  5222  5321 D cellinfo: 46 bytes from 44.241.174.93: icmp_seq=1475 ttl=32 time=1206 ms
08-10 22:29:55.851  5222  5321 D cellinfo: 46 bytes from 44.241.174.93: icmp_seq=1476 ttl=32 time=996 ms
08-10 22:29:55.851  5222  5321 D cellinfo: 46 bytes from 44.241.174.93: icmp_seq=1477 ttl=32 time=795 ms
08-10 22:29:55.851  5222  5321 D cellinfo: 46 bytes from 44.241.174.93: icmp_seq=1478 ttl=32 time=594 ms
08-10 22:29:55.851  5222  5321 D cellinfo: 46 bytes from 44.241.174.93: icmp_seq=1479 ttl=32 time=394 ms
08-10 22:29:55.861  5222  5321 D cellinfo: 46 bytes from 44.241.174.93: icmp_seq=1480 ttl=32 time=203 ms
08-10 22:29:55.964  5222  5321 D cellinfo: 46 bytes from 44.241.174.93: icmp_seq=1481 ttl=32 time=101 ms
08-10 22:29:56.191  5222  5321 D cellinfo: 46 bytes from 44.241.174.93: icmp_seq=1482 ttl=32 time=126 ms
08-10 22:29:56.218  5222  5222 D cellinfo: Latitude is 40.6253684
08-10 22:29:56.218  5222  5222 D cellinfo: Longitude is -105.1033496
08-10 22:29:56.218  5222  5222 D cellinfo: Instantaneous GPS information: United States, 1601 N U.S. Hwy 287, Fort Collins, CO 80524, USA
08-10 22:29:56.218  5222  5222 D cellinfo: getCurrentLocation() result: Location (success): 40.6253684, -105.1033496
08-10 22:29:56.220  5222  5222 D cellinfo: onsignalStrengthsChanged: LTE Signal Strength info: rsrp: -113 rsrq: -14 rssi: -75 rssnr: -5
08-10 22:29:56.221  5222  5222 D cellinfo: onCellInfoChanged: Operator: 000000 UpdateTimestamp: 196866230 CellConnectionStatus: 0
08-10 22:29:56.221  5222  5222 D cellinfo: onCellInfoChanged: LTE Cell Bands: [12] Bandwidth: 2147483647 Cell ID: 2147483647 Physical Cell ID: 158 Tracking Area Code: 65535 EARFCN: 5110
08-10 22:29:56.221  5222  5222 D cellinfo: onsignalStrengthsChanged: LTE Signal Strength info: rsrp: -113 rsrq: -15 rssi: -83 rssnr: -5
08-10 22:29:56.221  5222  5222 D cellinfo: onsignalStrengthsChanged: LTE Signal Strength info: rsrp: -112 rsrq: -17 rssi: -73 rssnr: -5
08-10 22:29:56.221  5222  5222 D cellinfo: onServiceStateChanged: Channel Number: 5110 Cell Bandwidths: []
08-10 22:29:56.222  5222  5222 D cellinfo: onCellInfoChanged: Operator: AT&T UpdateTimestamp: 196868283 CellConnectionStatus: 0
08-10 22:29:56.222  5222  5222 D cellinfo: onCellInfoChanged: LTE Cell Bands: [12] Bandwidth: 2147483647 Cell ID: 98053391 Physical Cell ID: 215 Tracking Area Code: 38403 EARFCN: 5110
08-10 22:29:56.238  5222  5222 D cellinfo: Latitude is 40.6253684
08-10 22:29:56.238  5222  5222 D cellinfo: Longitude is -105.1033496
08-10 22:29:56.238  5222  5222 D cellinfo: Instantaneous GPS information: United States, 1601 N U.S. Hwy 287, Fort Collins, CO 80524, USA
08-10 22:29:56.238  5222  5222 D cellinfo: getCurrentLocation() result: Location (success): 40.6253684, -105.1033496
08-10 22:29:56.365  5222  5321 D cellinfo: 46 bytes from 44.241.174.93: icmp_seq=1483 ttl=32 time=99.4 ms
08-10 22:29:56.570  5222  5321 D cellinfo: 46 bytes from 44.241.174.93: icmp_seq=1484 ttl=32 time=102 ms
08-10 22:29:56.767  5222  5321 D cellinfo: 46 bytes from 44.241.174.93: icmp_seq=1485 ttl=32 time=99.2 ms
08-10 22:29:56.988  5222  5321 D cellinfo: 46 bytes from 44.241.174.93: icmp_seq=1486 ttl=32 time=117 ms
08-10 22:29:57.723  5222  5321 D cellinfo: 46 bytes from 44.241.174.93: icmp_seq=1487 ttl=32 time=650 ms
08-10 22:29:57.740  5222  5321 D cellinfo: 46 bytes from 44.241.174.93: icmp_seq=1488 ttl=32 time=468 ms
08-10 22:29:58.149  5222  5222 D cellinfo: Latitude is 40.6254632
08-10 22:29:58.150  5222  5222 D cellinfo: Longitude is -105.1019718
08-10 22:29:58.150  5222  5222 D cellinfo: Instantaneous GPS information: United States, 1432 US-287, Fort Collins, CO 80524, USA
08-10 22:29:58.150  5222  5222 D cellinfo: getCurrentLocation() result: Location (success): 40.6254632, -105.1019718
08-10 22:29:58.152  5222  5222 D cellinfo: onCellInfoChanged: Operator: AT&T UpdateTimestamp: 196869235 CellConnectionStatus: 0
08-10 22:29:58.152  5222  5222 D cellinfo: onCellInfoChanged: LTE Cell Bands: [12] Bandwidth: 2147483647 Cell ID: 98053391 Physical Cell ID: 215 Tracking Area Code: 38403 EARFCN: 5110
08-10 22:29:58.207  5222  5321 D cellinfo: 46 bytes from 44.241.174.93: icmp_seq=1489 ttl=32 time=733 ms
08-10 22:29:58.243  5222  5321 D cellinfo: 46 bytes from 44.241.174.93: icmp_seq=1490 ttl=32 time=559 ms
08-10 22:29:58.301  5222  5321 D cellinfo: 46 bytes from 44.241.174.93: icmp_seq=1491 ttl=32 time=415 ms
08-10 22:29:58.305  5222  5321 D cellinfo: 46 bytes from 44.241.174.93: icmp_seq=1492 ttl=32 time=220 ms
08-10 22:29:58.377  5222  5321 D cellinfo: 46 bytes from 44.241.174.93: icmp_seq=1493 ttl=32 time=92.1 ms
08-10 22:29:58.607  5222  5222 D cellinfo: onCellInfoChanged: Operator: AT&T UpdateTimestamp: 196871337 CellConnectionStatus: 0
08-10 22:29:58.607  5222  5222 D cellinfo: onCellInfoChanged: LTE Cell Bands: [12] Bandwidth: 2147483647 Cell ID: 98053391 Physical Cell ID: 215 Tracking Area Code: 38403 EARFCN: 5110
08-10 22:29:58.611  5222  5321 D cellinfo: 46 bytes from 44.241.174.93: icmp_seq=1494 ttl=32 time=125 ms
08-10 22:29:58.822  5222  5321 D cellinfo: 46 bytes from 44.241.174.93: icmp_seq=1495 ttl=32 time=135 ms
08-10 22:29:59.019  5222  5321 D cellinfo: 46 bytes from 44.241.174.93: icmp_seq=1496 ttl=32 time=131 ms
08-10 22:29:59.449  5222  5222 D cellinfo: Latitude is 40.6254632
08-10 22:29:59.449  5222  5222 D cellinfo: Longitude is -105.1019718
08-10 22:29:59.449  5222  5222 D cellinfo: Instantaneous GPS information: United States, 1432 US-287, Fort Collins, CO 80524, USA
08-10 22:29:59.449  5222  5222 D cellinfo: getCurrentLocation() result: Location (success): 40.6254632, -105.1019718
08-10 22:29:59.472  5222  5222 D cellinfo: onsignalStrengthsChanged: LTE Signal Strength info: rsrp: -110 rsrq: -19 rssi: -73 rssnr: -5
08-10 22:29:59.713  5222  5222 D cellinfo: onCellInfoChanged: Operator: AT&T UpdateTimestamp: 196872447 CellConnectionStatus: 0
08-10 22:29:59.713  5222  5222 D cellinfo: onCellInfoChanged: LTE Cell Bands: [12] Bandwidth: 2147483647 Cell ID: 98063375 Physical Cell ID: 342 Tracking Area Code: 38403 EARFCN: 5110
08-10 22:29:59.742  5222  5222 D cellinfo: onServiceStateChanged: Channel Number: 5110 Cell Bandwidths: []
08-10 22:29:59.756  5222  5321 D cellinfo: 46 bytes from 44.241.174.93: icmp_seq=1497 ttl=32 time=669 ms
08-10 22:29:59.782  5222  5321 D cellinfo: 46 bytes from 44.241.174.93: icmp_seq=1498 ttl=32 time=484 ms
08-10 22:29:59.782  5222  5321 D cellinfo: 46 bytes from 44.241.174.93: icmp_seq=1499 ttl=32 time=285 ms
08-10 22:29:59.873  5222  5321 D cellinfo: 46 bytes from 44.241.174.93: icmp_seq=1500 ttl=32 time=173 ms
08-10 22:30:00.073  5222  5321 D cellinfo: 46 bytes from 44.241.174.93: icmp_seq=1501 ttl=32 time=174 ms
08-10 22:30:00.261  5222  5321 D cellinfo: 46 bytes from 44.241.174.93: icmp_seq=1502 ttl=32 time=161 ms
08-10 22:30:00.299  5222  5222 D cellinfo: onsignalStrengthsChanged: LTE Signal Strength info: rsrp: -109 rsrq: -19 rssi: -73 rssnr: -5
08-10 22:30:00.398  5222  5321 D cellinfo: 46 bytes from 44.241.174.93: icmp_seq=1503 ttl=32 time=99.1 ms
08-10 22:30:00.624  5222  5321 D cellinfo: 46 bytes from 44.241.174.93: icmp_seq=1504 ttl=32 time=123 ms
08-10 22:30:00.864  5222  5321 D cellinfo: 46 bytes from 44.241.174.93: icmp_seq=1505 ttl=32 time=162 ms
08-10 22:30:01.065  5222  5321 D cellinfo: 46 bytes from 44.241.174.93: icmp_seq=1506 ttl=32 time=163 ms
08-10 22:30:01.713  5222  5222 D cellinfo: onsignalStrengthsChanged: LTE Signal Strength info: rsrp: -109 rsrq: -19 rssi: -75 rssnr: -4
08-10 22:30:02.092  5222  5222 D cellinfo: onsignalStrengthsChanged: LTE Signal Strength info: rsrp: -110 rsrq: -18 rssi: -81 rssnr: -4
08-10 22:30:02.106  5222  5321 D cellinfo: 46 bytes from 44.241.174.93: icmp_seq=1507 ttl=32 time=1005 ms
08-10 22:30:02.106  5222  5321 D cellinfo: 46 bytes from 44.241.174.93: icmp_seq=1508 ttl=32 time=798 ms
08-10 22:30:02.135  5222  5222 D cellinfo: onServiceStateChanged: Channel Number: 5145 Cell Bandwidths: []
08-10 22:30:02.147  5222  5222 D cellinfo: onCellInfoChanged: Operator: AT&T UpdateTimestamp: 196874846 CellConnectionStatus: 0
08-10 22:30:02.147  5222  5222 D cellinfo: onCellInfoChanged: LTE Cell Bands: [12] Bandwidth: 2147483647 Cell ID: 98115531 Physical Cell ID: 467 Tracking Area Code: 38403 EARFCN: 5145
08-10 22:30:02.197  5222  5321 D cellinfo: 46 bytes from 44.241.174.93: icmp_seq=1509 ttl=32 time=681 ms
08-10 22:30:02.276  5222  5321 D cellinfo: 46 bytes from 44.241.174.93: icmp_seq=1510 ttl=32 time=549 ms
08-10 22:30:02.450  5222  5222 D cellinfo: Latitude is 40.6254632
08-10 22:30:02.450  5222  5222 D cellinfo: Longitude is -105.1019718
08-10 22:30:02.450  5222  5222 D cellinfo: Instantaneous GPS information: United States, 1432 US-287, Fort Collins, CO 80524, USA
08-10 22:30:02.450  5222  5222 D cellinfo: getCurrentLocation() result: Location (success): 40.6254632, -105.1019718
08-10 22:30:02.474  5222  5321 D cellinfo: 46 bytes from 44.241.174.93: icmp_seq=1511 ttl=32 time=542 ms
08-10 22:30:02.482  5222  5222 D cellinfo: onCellInfoChanged: Operator: AT&T UpdateTimestamp: 196875218 CellConnectionStatus: 0
08-10 22:30:02.482  5222  5222 D cellinfo: onCellInfoChanged: LTE Cell Bands: [12] Bandwidth: 2147483647 Cell ID: 98115531 Physical Cell ID: 467 Tracking Area Code: 38403 EARFCN: 5145
08-10 22:30:02.604  5222  5321 D cellinfo: 46 bytes from 44.241.174.93: icmp_seq=1512 ttl=32 time=471 ms
08-10 22:30:02.635  5222  5321 D cellinfo: 46 bytes from 44.241.174.93: icmp_seq=1513 ttl=32 time=302 ms
08-10 22:30:02.674  5222  5321 D cellinfo: 46 bytes from 44.241.174.93: icmp_seq=1514 ttl=32 time=140 ms
08-10 22:30:03.086  5222  5321 D cellinfo: 46 bytes from 44.241.174.93: icmp_seq=1515 ttl=32 time=351 ms
08-10 22:30:03.306  5222  5222 D cellinfo: onsignalStrengthsChanged: LTE Signal Strength info: rsrp: -111 rsrq: -18 rssi: -79 rssnr: -4
08-10 22:30:03.808  5222  5321 D cellinfo: 46 bytes from 44.241.174.93: icmp_seq=1516 ttl=32 time=873 ms
08-10 22:30:03.955  5222  5222 D cellinfo: onsignalStrengthsChanged: LTE Signal Strength info: rsrp: -111 rsrq: -18 rssi: -83 rssnr: -4
08-10 22:30:04.559  5222  5321 D cellinfo: 46 bytes from 44.241.174.93: icmp_seq=1517 ttl=32 time=1426 ms
08-10 22:30:04.644  5222  5321 D cellinfo: 46 bytes from 44.241.174.93: icmp_seq=1518 ttl=32 time=1299 ms
08-10 22:30:04.644  5222  5321 D cellinfo: 46 bytes from 44.241.174.93: icmp_seq=1519 ttl=32 time=1092 ms
08-10 22:30:04.644  5222  5321 D cellinfo: 46 bytes from 44.241.174.93: icmp_seq=1520 ttl=32 time=885 ms
08-10 22:30:04.644  5222  5321 D cellinfo: 46 bytes from 44.241.174.93: icmp_seq=1521 ttl=32 time=684 ms
08-10 22:30:04.644  5222  5321 D cellinfo: 46 bytes from 44.241.174.93: icmp_seq=1522 ttl=32 time=484 ms
08-10 22:30:04.681  5222  5321 D cellinfo: 46 bytes from 44.241.174.93: icmp_seq=1523 ttl=32 time=313 ms
08-10 22:30:04.767  5222  5321 D cellinfo: 46 bytes from 44.241.174.93: icmp_seq=1524 ttl=32 time=197 ms
08-10 22:30:04.956  5222  5321 D cellinfo: 46 bytes from 44.241.174.93: icmp_seq=1525 ttl=32 time=184 ms
08-10 22:30:05.164  5222  5321 D cellinfo: 46 bytes from 44.241.174.93: icmp_seq=1526 ttl=32 time=193 ms
08-10 22:30:05.177  5222  5222 D cellinfo: onCellInfoChanged: Operator: AT&T UpdateTimestamp: 196877898 CellConnectionStatus: 0
08-10 22:30:05.177  5222  5222 D cellinfo: onCellInfoChanged: LTE Cell Bands: [12] Bandwidth: 2147483647 Cell ID: 98115531 Physical Cell ID: 467 Tracking Area Code: 38403 EARFCN: 5145
08-10 22:30:05.453  5222  5222 D cellinfo: Latitude is 40.6254632
08-10 22:30:05.454  5222  5222 D cellinfo: Longitude is -105.1019718
08-10 22:30:05.454  5222  5222 D cellinfo: Instantaneous GPS information: United States, 1432 US-287, Fort Collins, CO 80524, USA
08-10 22:30:05.454  5222  5222 D cellinfo: getCurrentLocation() result: Location (success): 40.6254632, -105.1019718
08-10 22:30:05.486  5222  5321 D cellinfo: 46 bytes from 44.241.174.93: icmp_seq=1527 ttl=32 time=316 ms
08-10 22:30:05.556  5222  5321 D cellinfo: 46 bytes from 44.241.174.93: icmp_seq=1528 ttl=32 time=178 ms
08-10 22:30:06.155  5222  5321 D cellinfo: 46 bytes from 44.241.174.93: icmp_seq=1529 ttl=32 time=577 ms
08-10 22:30:06.193  5222  5222 D cellinfo: onsignalStrengthsChanged: LTE Signal Strength info: rsrp: -111 rsrq: -18 rssi: -77 rssnr: -3
08-10 22:30:06.310  5222  5222 D cellinfo: onsignalStrengthsChanged: LTE Signal Strength info: rsrp: -112 rsrq: -17 rssi: -79 rssnr: -3
08-10 22:30:07.127  5222  5321 D cellinfo: 46 bytes from 44.241.174.93: icmp_seq=1530 ttl=32 time=1341 ms
08-10 22:30:07.199  5222  5321 D cellinfo: 46 bytes from 44.241.174.93: icmp_seq=1531 ttl=32 time=1213 ms
08-10 22:30:07.440  5222  5321 D cellinfo: 46 bytes from 44.241.174.93: icmp_seq=1532 ttl=32 time=1254 ms
08-10 22:30:07.557  5222  5321 D cellinfo: 46 bytes from 44.241.174.93: icmp_seq=1533 ttl=32 time=1169 ms
08-10 22:30:07.605  5222  5321 D cellinfo: 46 bytes from 44.241.174.93: icmp_seq=1534 ttl=32 time=1007 ms
08-10 22:30:07.875  5222  5321 D cellinfo: 46 bytes from 44.241.174.93: icmp_seq=1535 ttl=32 time=1068 ms
08-10 22:30:08.488  5222  5222 D cellinfo: onCellInfoChanged: Operator: AT&T UpdateTimestamp: 196881219 CellConnectionStatus: 0
08-10 22:30:08.488  5222  5222 D cellinfo: onCellInfoChanged: LTE Cell Bands: [12] Bandwidth: 2147483647 Cell ID: 98115531 Physical Cell ID: 467 Tracking Area Code: 38403 EARFCN: 5145
08-10 22:30:09.280  5222  5321 D cellinfo: 46 bytes from 44.241.174.93: icmp_seq=1536 ttl=32 time=2272 ms
08-10 22:30:09.962  5222  5321 D cellinfo: 46 bytes from 44.241.174.93: icmp_seq=1539 ttl=32 time=2344 ms
08-10 22:30:10.318  5222  5321 D cellinfo: 46 bytes from 44.241.174.93: icmp_seq=1543 ttl=32 time=1882 ms
08-10 22:30:11.515  5222  5321 D cellinfo: 46 bytes from 44.241.174.93: icmp_seq=1544 ttl=32 time=2879 ms
08-10 22:30:12.756  5222  5321 D cellinfo: 46 bytes from 44.241.174.93: icmp_seq=1551 ttl=32 time=2706 ms
08-10 22:30:12.800  5222  5321 D cellinfo: 46 bytes from 44.241.174.93: icmp_seq=1556 ttl=32 time=1728 ms
08-10 22:30:13.116  5222  5321 D cellinfo: 46 bytes from 44.241.174.93: icmp_seq=1557 ttl=32 time=1832 ms
08-10 22:30:13.751  5222  5321 D cellinfo: 46 bytes from 44.241.174.93: icmp_seq=1562 ttl=32 time=1444 ms
08-10 22:30:13.751  5222  5321 D cellinfo: 46 bytes from 44.241.174.93: icmp_seq=1563 ttl=32 time=1243 ms
08-10 22:30:13.751  5222  5321 D cellinfo: 46 bytes from 44.241.174.93: icmp_seq=1564 ttl=32 time=1043 ms
08-10 22:30:13.772  5222  5321 D cellinfo: 46 bytes from 44.241.174.93: icmp_seq=1565 ttl=32 time=862 ms
08-10 22:30:13.772  5222  5321 D cellinfo: 46 bytes from 44.241.174.93: icmp_seq=1566 ttl=32 time=654 ms
08-10 22:30:13.773  5222  5321 D cellinfo: 46 bytes from 44.241.174.93: icmp_seq=1567 ttl=32 time=446 ms
08-10 22:30:13.791  5222  5321 D cellinfo: 46 bytes from 44.241.174.93: icmp_seq=1568 ttl=32 time=263 ms
08-10 22:30:13.906  5222  5321 D cellinfo: 46 bytes from 44.241.174.93: icmp_seq=1569 ttl=32 time=174 ms
08-10 22:30:14.360  5222  5321 D cellinfo: 46 bytes from 44.241.174.93: icmp_seq=1570 ttl=32 time=426 ms
08-10 22:30:14.360  5222  5321 D cellinfo: 46 bytes from 44.241.174.93: icmp_seq=1571 ttl=32 time=227 ms
