08-10 23:38:08.443  5222  5222 D cellinfo: getCurrentLocation() result: Location (success): 39.7343264, -105.0145218
08-10 23:38:08.483  5222  5222 D cellinfo: onCellInfoChanged: Operator: AT&T...1 UpdateTimestamp: 200961217 CellConnectionStatus: 0
08-10 23:38:08.483  5222  5222 D cellinfo: onCellInfoChanged: LTE Cell Bands: [2] Bandwidth: 2147483647 Cell ID: 97583370 Physical Cell ID: 305 Tracking Area Code: 38405 EARFCN: 700
08-10 23:38:08.517  5222  5222 D cellinfo: onServiceStateChanged: Channel Number: 700 Cell Bandwidths: []
08-10 23:38:08.521  5222  5222 D cellinfo: onCellInfoChanged: Operator: AT&T...1 UpdateTimestamp: 200961233 CellConnectionStatus: 0
08-10 23:38:08.521  5222  5222 D cellinfo: onCellInfoChanged: LTE Cell Bands: [2] Bandwidth: 2147483647 Cell ID: 97583370 Physical Cell ID: 305 Tracking Area Code: 38405 EARFCN: 700
08-10 23:38:08.529  5222  5321 D cellinfo: 46 bytes from 44.241.174.93: icmp_seq=21852 ttl=32 time=118 ms
08-10 23:38:08.639  5222  5222 D cellinfo: onsignalStrengthsChanged: LTE Signal Strength info: rsrp: -86 rsrq: -13 rssi: -51 rssnr: -1
08-10 23:38:08.639  5222  5222 D cellinfo: onsignalStrengthsChanged: 5G-NR Signal Strength info: ssrsrp: -85 ssrsrq: -13 sssinr: 1
08-10 23:38:08.693  5222  5321 D cellinfo: 46 bytes from 44.241.174.93: icmp_seq=21853 ttl=32 time=83.5 ms
08-10 23:38:08.906  5222  5321 D cellinfo: 46 bytes from 44.241.174.93: icmp_seq=21854 ttl=32 time=94.9 ms
08-10 23:38:09.112  5222  5321 D cellinfo: 46 bytes from 44.241.174.93: icmp_seq=21855 ttl=32 time=99.7 ms
08-10 23:38:09.303  5222  5321 D cellinfo: 46 bytes from 44.241.174.93: icmp_seq=21856 ttl=32 time=91.8 ms
08-10 23:38:09.499  5222  5321 D cellinfo: 46 bytes from 44.241.174.93: icmp_seq=21857 ttl=32 time=85.9 ms
08-10 23:38:09.647  5222  5222 D cellinfo: onsignalStrengthsChanged: LTE Signal Strength info: rsrp: -86 rsrq: -13 rssi: -51 rssnr: -1
08-10 23:38:09.647  5222  5222 D cellinfo: onsignalStrengthsChanged: 5G-NR Signal Strength info: ssrsrp: -85 ssrsrq: -12 sssinr: 3
08-10 23:38:09.708  5222  5321 D cellinfo: 46 bytes from 44.241.174.93: icmp_seq=21858 ttl=32 time=94.0 ms
08-10 23:38:09.961  5222  5321 D cellinfo: 46 bytes from 44.241.174.93: icmp_seq=21859 ttl=32 time=146 ms
08-10 23:38:10.109  5222  5321 D cellinfo: 46 bytes from 44.241.174.93: icmp_seq=21860 ttl=32 time=92.8 ms
08-10 23:38:10.305  5222  5321 D cellinfo: 46 bytes from 44.241.174.93: icmp_seq=21861 ttl=32 time=88.7 ms
08-10 23:38:10.510  5222  5321 D cellinfo: 46 bytes from 44.241.174.93: icmp_seq=21862 ttl=32 time=92.3 ms
08-10 23:38:10.705  5222  5321 D cellinfo: 46 bytes from 44.241.174.93: icmp_seq=21863 ttl=32 time=87.9 ms
08-10 23:38:10.910  5222  5321 D cellinfo: 46 bytes from 44.241.174.93: icmp_seq=21864 ttl=32 time=91.6 ms
08-10 23:38:11.110  5222  5321 D cellinfo: 46 bytes from 44.241.174.93: icmp_seq=21865 ttl=32 time=90.4 ms
08-10 23:38:11.310  5222  5321 D cellinfo: 46 bytes from 44.241.174.93: icmp_seq=21866 ttl=32 time=90.7 ms
08-10 23:38:11.448  5222  5222 D cellinfo: Latitude is 39.7343264
08-10 23:38:11.448  5222  5222 D cellinfo: Longitude is -105.0145218
08-10 23:38:11.449  5222  5222 D cellinfo: Instantaneous GPS information: United States, 1138 Yuma Ct, Denver, CO 80204, USA
08-10 23:38:11.449  5222  5222 D cellinfo: getCurrentLocation() result: Location (success): 39.7343264, -105.0145218
08-10 23:38:11.495  5222  5222 D cellinfo: onCellInfoChanged: Operator: AT&T...1 UpdateTimestamp: 200964231 CellConnectionStatus: 0
08-10 23:38:11.495  5222  5222 D cellinfo: onCellInfoChanged: LTE Cell Bands: [2] Bandwidth: 2147483647 Cell ID: 97583370 Physical Cell ID: 305 Tracking Area Code: 38405 EARFCN: 700
08-10 23:38:11.503  5222  5321 D cellinfo: 46 bytes from 44.241.174.93: icmp_seq=21867 ttl=32 time=84.3 ms
08-10 23:38:11.646  5222  5222 D cellinfo: onsignalStrengthsChanged: LTE Signal Strength info: rsrp: -86 rsrq: -14 rssi: -51 rssnr: -1
08-10 23:38:11.646  5222  5222 D cellinfo: onsignalStrengthsChanged: 5G-NR Signal Strength info: ssrsrp: -78 ssrsrq: -12 sssinr: 3
08-10 23:38:11.721  5222  5321 D cellinfo: 46 bytes from 44.241.174.93: icmp_seq=21868 ttl=32 time=100 ms
08-10 23:38:11.914  5222  5321 D cellinfo: 46 bytes from 44.241.174.93: icmp_seq=21869 ttl=32 time=92.9 ms
08-10 23:38:12.115  5222  5321 D cellinfo: 46 bytes from 44.241.174.93: icmp_seq=21870 ttl=32 time=93.7 ms
08-10 23:38:12.308  5222  5321 D cellinfo: 46 bytes from 44.241.174.93: icmp_seq=21871 ttl=32 time=85.8 ms
08-10 23:38:12.518  5222  5321 D cellinfo: 46 bytes from 44.241.174.93: icmp_seq=21872 ttl=32 time=96.1 ms
08-10 23:38:12.713  5222  5321 D cellinfo: 46 bytes from 44.241.174.93: icmp_seq=21873 ttl=32 time=89.3 ms
08-10 23:38:12.909  5222  5321 D cellinfo: 46 bytes from 44.241.174.93: icmp_seq=21874 ttl=32 time=83.7 ms
08-10 23:38:13.119  5222  5321 D cellinfo: 46 bytes from 44.241.174.93: icmp_seq=21875 ttl=32 time=92.4 ms
08-10 23:38:13.312  5222  5321 D cellinfo: 46 bytes from 44.241.174.93: icmp_seq=21876 ttl=32 time=85.2 ms
08-10 23:38:13.523  5222  5321 D cellinfo: 46 bytes from 44.241.174.93: icmp_seq=21877 ttl=32 time=93.3 ms
08-10 23:38:13.722  5222  5321 D cellinfo: 46 bytes from 44.241.174.93: icmp_seq=21878 ttl=32 time=91.3 ms
08-10 23:38:13.924  5222  5321 D cellinfo: 46 bytes from 44.241.174.93: icmp_seq=21879 ttl=32 time=91.5 ms
08-10 23:38:14.118  5222  5321 D cellinfo: 46 bytes from 44.241.174.93: icmp_seq=21880 ttl=32 time=87.1 ms
08-10 23:38:14.299  5222  5222 D cellinfo: onsignalStrengthsChanged: LTE Signal Strength info: rsrp: -85 rsrq: -13 rssi: -51 rssnr: 0
08-10 23:38:14.299  5222  5222 D cellinfo: onsignalStrengthsChanged: 5G-NR Signal Strength info: ssrsrp: -76 ssrsrq: -11 sssinr: 8
08-10 23:38:14.333  5222  5321 D cellinfo: 46 bytes from 44.241.174.93: icmp_seq=21881 ttl=32 time=100 ms
08-10 23:38:14.497  5222  5222 D cellinfo: onCellInfoChanged: Operator: AT&T...1 UpdateTimestamp: 200967232 CellConnectionStatus: 0
08-10 23:38:14.497  5222  5222 D cellinfo: onCellInfoChanged: LTE Cell Bands: [2] Bandwidth: 2147483647 Cell ID: 97583370 Physical Cell ID: 305 Tracking Area Code: 38405 EARFCN: 700
08-10 23:38:14.529  5222  5321 D cellinfo: 46 bytes from 44.241.174.93: icmp_seq=21882 ttl=32 time=95.5 ms
08-10 23:38:14.643  5222  5222 D cellinfo: onsignalStrengthsChanged: LTE Signal Strength info: rsrp: -84 rsrq: -13 rssi: -51 rssnr: 0
08-10 23:38:14.643  5222  5222 D cellinfo: onsignalStrengthsChanged: 5G-NR Signal Strength info: ssrsrp: -73 ssrsrq: -11 sssinr: 13
08-10 23:38:14.725  5222  5321 D cellinfo: 46 bytes from 44.241.174.93: icmp_seq=21883 ttl=32 time=90.6 ms
08-10 23:38:14.918  5222  5321 D cellinfo: 46 bytes from 44.241.174.93: icmp_seq=21884 ttl=32 time=83.8 ms
08-10 23:38:15.129  5222  5321 D cellinfo: 46 bytes from 44.241.174.93: icmp_seq=21885 ttl=32 time=94.4 ms
08-10 23:38:15.331  5222  5321 D cellinfo: 46 bytes from 44.241.174.93: icmp_seq=21886 ttl=32 time=95.2 ms
08-10 23:38:15.541  5222  5321 D cellinfo: 46 bytes from 44.241.174.93: icmp_seq=21887 ttl=32 time=104 ms
08-10 23:38:15.641  5222  5222 D cellinfo: onsignalStrengthsChanged: LTE Signal Strength info: rsrp: -84 rsrq: -13 rssi: -51 rssnr: 0
08-10 23:38:15.641  5222  5222 D cellinfo: onsignalStrengthsChanged: 5G-NR Signal Strength info: ssrsrp: -80 ssrsrq: -11 sssinr: 12
08-10 23:38:15.734  5222  5321 D cellinfo: 46 bytes from 44.241.174.93: icmp_seq=21888 ttl=32 time=95.5 ms
08-10 23:38:15.933  5222  5321 D cellinfo: 46 bytes from 44.241.174.93: icmp_seq=21889 ttl=32 time=94.8 ms
08-10 23:38:16.135  5222  5321 D cellinfo: 46 bytes from 44.241.174.93: icmp_seq=21890 ttl=32 time=95.0 ms
08-10 23:38:16.341  5222  5321 D cellinfo: 46 bytes from 44.241.174.93: icmp_seq=21891 ttl=32 time=98.2 ms
08-10 23:38:16.509  5222  5222 D cellinfo: Latitude is 39.7317002
08-10 23:38:16.509  5222  5222 D cellinfo: Longitude is -105.0166565
08-10 23:38:16.509  5222  5222 D cellinfo: Instantaneous GPS information: United States, 901 Zuni St, Denver, CO 80204, USA
08-10 23:38:16.509  5222  5222 D cellinfo: getCurrentLocation() result: Location (success): 39.7317002, -105.0166565
08-10 23:38:16.535  5222  5321 D cellinfo: 46 bytes from 44.241.174.93: icmp_seq=21892 ttl=32 time=91.7 ms
08-10 23:38:16.729  5222  5321 D cellinfo: 46 bytes from 44.241.174.93: icmp_seq=21893 ttl=32 time=85.8 ms
08-10 23:38:16.940  5222  5321 D cellinfo: 46 bytes from 44.241.174.93: icmp_seq=21894 ttl=32 time=96.4 ms
08-10 23:38:17.134  5222  5321 D cellinfo: 46 bytes from 44.241.174.93: icmp_seq=21895 ttl=32 time=89.1 ms
08-10 23:38:17.334  5222  5321 D cellinfo: 46 bytes from 44.241.174.93: icmp_seq=21896 ttl=32 time=90.0 ms
08-10 23:38:17.530  5222  5321 D cellinfo: 46 bytes from 44.241.174.93: icmp_seq=21897 ttl=32 time=83.9 ms
08-10 23:38:17.743  5222  5321 D cellinfo: 46 bytes from 44.241.174.93: icmp_seq=21898 ttl=32 time=94.8 ms
08-10 23:38:18.116  5222  5321 D cellinfo: 46 bytes from 44.241.174.93: icmp_seq=21899 ttl=32 time=265 ms
08-10 23:38:18.119  5222  5222 D cellinfo: Latitude is 39.731622
08-10 23:38:18.119  5222  5222 D cellinfo: Longitude is -105.0159456
08-10 23:38:18.119  5222  5222 D cellinfo: Instantaneous GPS information: United States, 901 Zuni St, Denver, CO 80204, USA
08-10 23:38:18.119  5222  5222 D cellinfo: getCurrentLocation() result: Location (success): 39.731622, -105.0159456
08-10 23:38:18.122  5222  5222 D cellinfo: onCellInfoChanged: Operator: AT&T...1 UpdateTimestamp: 200970232 CellConnectionStatus: 0
08-10 23:38:18.123  5222  5222 D cellinfo: onCellInfoChanged: LTE Cell Bands: [2] Bandwidth: 2147483647 Cell ID: 97583370 Physical Cell ID: 305 Tracking Area Code: 38405 EARFCN: 700
08-10 23:38:18.153  5222  5321 D cellinfo: 46 bytes from 44.241.174.93: icmp_seq=21900 ttl=32 time=94.2 ms
08-10 23:38:18.349  5222  5321 D cellinfo: 46 bytes from 44.241.174.93: icmp_seq=21901 ttl=32 time=89.0 ms
08-10 23:38:18.543  5222  5321 D cellinfo: 46 bytes from 44.241.174.93: icmp_seq=21902 ttl=32 time=83.8 ms
08-10 23:38:18.645  5222  5222 D cellinfo: onsignalStrengthsChanged: LTE Signal Strength info: rsrp: -82 rsrq: -13 rssi: -51 rssnr: 1
08-10 23:38:18.645  5222  5222 D cellinfo: onsignalStrengthsChanged: 5G-NR Signal Strength info: ssrsrp: -74 ssrsrq: -11 sssinr: 14
08-10 23:38:18.753  5222  5321 D cellinfo: 46 bytes from 44.241.174.93: icmp_seq=21903 ttl=32 time=91.2 ms
08-10 23:38:18.841  5222  5222 D cellinfo: onsignalStrengthsChanged: LTE Signal Strength info: rsrp: -81 rsrq: -13 rssi: -51 rssnr: 2
08-10 23:38:18.841  5222  5222 D cellinfo: onsignalStrengthsChanged: 5G-NR Signal Strength info: ssrsrp: -74 ssrsrq: -11 sssinr: 14
08-10 23:38:19.068  5222  5321 D cellinfo: 46 bytes from 44.241.174.93: icmp_seq=21904 ttl=32 time=206 ms
08-10 23:38:19.556  5222  5321 D cellinfo: 46 bytes from 44.241.174.93: icmp_seq=21905 ttl=32 time=486 ms
08-10 23:38:19.557  5222  5321 D cellinfo: 46 bytes from 44.241.174.93: icmp_seq=21906 ttl=32 time=279 ms
08-10 23:38:19.651  5222  5321 D cellinfo: 46 bytes from 44.241.174.93: icmp_seq=21907 ttl=32 time=164 ms
08-10 23:38:19.783  5222  5321 D cellinfo: 46 bytes from 44.241.174.93: icmp_seq=21908 ttl=32 time=95.3 ms
08-10 23:38:19.980  5222  5321 D cellinfo: 46 bytes from 44.241.174.93: icmp_seq=21909 ttl=32 time=92.1 ms
08-10 23:38:20.231  5222  5321 D cellinfo: 46 bytes from 44.241.174.93: icmp_seq=21910 ttl=32 time=142 ms
08-10 23:38:20.299  5222  5222 D cellinfo: onsignalStrengthsChanged: LTE Signal Strength info: rsrp: -80 rsrq: -13 rssi: -51 rssnr: 4
08-10 23:38:20.299  5222  5222 D cellinfo: onsignalStrengthsChanged: 5G-NR Signal Strength info: ssrsrp: -72 ssrsrq: -12 sssinr: 6
08-10 23:38:20.450  5222  5222 D cellinfo: Latitude is 39.731622
08-10 23:38:20.450  5222  5222 D cellinfo: Longitude is -105.0159456
08-10 23:38:20.450  5222  5222 D cellinfo: Instantaneous GPS information: United States, 901 Zuni St, Denver, CO 80204, USA
08-10 23:38:20.450  5222  5222 D cellinfo: getCurrentLocation() result: Location (success): 39.731622, -105.0159456
08-10 23:38:20.733  5222  5222 D cellinfo: onCellInfoChanged: Operator: AT&T...1 UpdateTimestamp: 200973463 CellConnectionStatus: 0
08-10 23:38:20.733  5222  5222 D cellinfo: onCellInfoChanged: LTE Cell Bands: [2] Bandwidth: 2147483647 Cell ID: 97583370 Physical Cell ID: 305 Tracking Area Code: 38405 EARFCN: 700
08-10 23:38:20.741  5222  5222 D cellinfo: onsignalStrengthsChanged: LTE Signal Strength info: rsrp: -80 rsrq: -13 rssi: -51 rssnr: 4
08-10 23:38:20.741  5222  5222 D cellinfo: onsignalStrengthsChanged: 5G-NR Signal Strength info: ssrsrp: -67 ssrsrq: -11 sssinr: 9
08-10 23:38:20.764  5222  5321 D cellinfo: 46 bytes from 44.241.174.93: icmp_seq=21911 ttl=32 time=473 ms
08-10 23:38:20.766  5222  5321 D cellinfo: 46 bytes from 44.241.174.93: icmp_seq=21912 ttl=32 time=275 ms
08-10 23:38:20.791  5222  5321 D cellinfo: 46 bytes from 44.241.174.93: icmp_seq=21913 ttl=32 time=91.0 ms
08-10 23:38:20.989  5222  5321 D cellinfo: 46 bytes from 44.241.174.93: icmp_seq=21914 ttl=32 time=87.4 ms
08-10 23:38:21.077  5222  5222 D cellinfo: onsignalStrengthsChanged: LTE Signal Strength info: rsrp: -79 rsrq: -12 rssi: -51 rssnr: 6
08-10 23:38:21.078  5222  5222 D cellinfo: onsignalStrengthsChanged: 5G-NR Signal Strength info: ssrsrp: -67 ssrsrq: -11 sssinr: 9
08-10 23:38:21.201  5222  5321 D cellinfo: 46 bytes from 44.241.174.93: icmp_seq=21915 ttl=32 time=96.4 ms
08-10 23:38:21.394  5222  5321 D cellinfo: 46 bytes from 44.241.174.93: icmp_seq=21916 ttl=32 time=89.6 ms
08-10 23:38:21.606  5222  5321 D cellinfo: 46 bytes from 44.241.174.93: icmp_seq=21917 ttl=32 time=99.8 ms
08-10 23:38:21.803  5222  5321 D cellinfo: 46 bytes from 44.241.174.93: icmp_seq=21918 ttl=32 time=96.5 ms
08-10 23:38:22.003  5222  5321 D cellinfo: 46 bytes from 44.241.174.93: icmp_seq=21919 ttl=32 time=95.7 ms
08-10 23:38:22.204  5222  5321 D cellinfo: 46 bytes from 44.241.174.93: icmp_seq=21920 ttl=32 time=97.6 ms
08-10 23:38:22.403  5222  5321 D cellinfo: 46 bytes from 44.241.174.93: icmp_seq=21921 ttl=32 time=94.3 ms
08-10 23:38:22.603  5222  5321 D cellinfo: 46 bytes from 44.241.174.93: icmp_seq=21922 ttl=32 time=94.2 ms
08-10 23:38:22.805  5222  5321 D cellinfo: 46 bytes from 44.241.174.93: icmp_seq=21923 ttl=32 time=95.5 ms
08-10 23:38:22.993  5222  5321 D cellinfo: 46 bytes from 44.241.174.93: icmp_seq=21924 ttl=32 time=83.5 ms
08-10 23:38:23.204  5222  5321 D cellinfo: 46 bytes from 44.241.174.93: icmp_seq=21925 ttl=32 time=92.4 ms
08-10 23:38:23.405  5222  5321 D cellinfo: 46 bytes from 44.241.174.93: icmp_seq=21926 ttl=32 time=93.0 ms
08-10 23:38:23.448  5222  5222 D cellinfo: Latitude is 39.731622
08-10 23:38:23.448  5222  5222 D cellinfo: Longitude is -105.0159456
08-10 23:38:23.448  5222  5222 D cellinfo: Instantaneous GPS information: United States, 901 Zuni St, Denver, CO 80204, USA
08-10 23:38:23.448  5222  5222 D cellinfo: getCurrentLocation() result: Location (success): 39.731622, -105.0159456
08-10 23:38:23.498  5222  5222 D cellinfo: onCellInfoChanged: Operator: AT&T...1 UpdateTimestamp: 200976235 CellConnectionStatus: 0
08-10 23:38:23.498  5222  5222 D cellinfo: onCellInfoChanged: LTE Cell Bands: [2] Bandwidth: 2147483647 Cell ID: 97583370 Physical Cell ID: 305 Tracking Area Code: 38405 EARFCN: 700
08-10 23:38:23.598  5222  5321 D cellinfo: 46 bytes from 44.241.174.93: icmp_seq=21927 ttl=32 time=85.2 ms
08-10 23:38:23.808  5222  5321 D cellinfo: 46 bytes from 44.241.174.93: icmp_seq=21928 ttl=32 time=93.8 ms
08-10 23:38:24.003  5222  5321 D cellinfo: 46 bytes from 44.241.174.93: icmp_seq=21929 ttl=32 time=89.1 ms
08-10 23:38:24.214  5222  5321 D cellinfo: 46 bytes from 44.241.174.93: icmp_seq=21930 ttl=32 time=98.5 ms
08-10 23:38:24.408  5222  5321 D cellinfo: 46 bytes from 44.241.174.93: icmp_seq=21931 ttl=32 time=92.9 ms
08-10 23:38:24.606  5222  5321 D cellinfo: 46 bytes from 44.241.174.93: icmp_seq=21932 ttl=32 time=88.5 ms
08-10 23:38:24.828  5222  5321 D cellinfo: 46 bytes from 44.241.174.93: icmp_seq=21933 ttl=32 time=107 ms
08-10 23:38:25.014  5222  5321 D cellinfo: 46 bytes from 44.241.174.93: icmp_seq=21934 ttl=32 time=92.3 ms
08-10 23:38:25.386  5222  5321 D cellinfo: 46 bytes from 44.241.174.93: icmp_seq=21935 ttl=32 time=264 ms
08-10 23:38:25.426  5222  5321 D cellinfo: 46 bytes from 44.241.174.93: icmp_seq=21936 ttl=32 time=95.7 ms
08-10 23:38:25.558  5222  5222 D cellinfo: onsignalStrengthsChanged: LTE Signal Strength info: rsrp: -77 rsrq: -12 rssi: -51 rssnr: 10
08-10 23:38:25.558  5222  5222 D cellinfo: onsignalStrengthsChanged: 5G-NR Signal Strength info: ssrsrp: -63 ssrsrq: -11 sssinr: 18
08-10 23:38:25.627  5222  5321 D cellinfo: 46 bytes from 44.241.174.93: icmp_seq=21937 ttl=32 time=97.3 ms
08-10 23:38:25.815  5222  5321 D cellinfo: 46 bytes from 44.241.174.93: icmp_seq=21938 ttl=32 time=83.7 ms
08-10 23:38:26.048  5222  5321 D cellinfo: 46 bytes from 44.241.174.93: icmp_seq=21939 ttl=32 time=116 ms
08-10 23:38:26.220  5222  5321 D cellinfo: 46 bytes from 44.241.174.93: icmp_seq=21940 ttl=32 time=90.7 ms
08-10 23:38:26.438  5222  5321 D cellinfo: 46 bytes from 44.241.174.93: icmp_seq=21941 ttl=32 time=106 ms
08-10 23:38:26.511  5222  5222 D cellinfo: onCellInfoChanged: Operator: AT&T...1 UpdateTimestamp: 200979243 CellConnectionStatus: 0
08-10 23:38:26.511  5222  5222 D cellinfo: onCellInfoChanged: LTE Cell Bands: [2] Bandwidth: 2147483647 Cell ID: 97583370 Physical Cell ID: 305 Tracking Area Code: 38405 EARFCN: 700
08-10 23:38:26.844  5222  5321 D cellinfo: 46 bytes from 44.241.174.93: icmp_seq=21942 ttl=32 time=312 ms
08-10 23:38:26.888  5222  5321 D cellinfo: 46 bytes from 44.241.174.93: icmp_seq=21943 ttl=32 time=144 ms
08-10 23:38:27.104  5222  5321 D cellinfo: 46 bytes from 44.241.174.93: icmp_seq=21944 ttl=32 time=161 ms
08-10 23:38:27.232  5222  5321 D cellinfo: 46 bytes from 44.241.174.93: icmp_seq=21945 ttl=32 time=90.0 ms
08-10 23:38:27.436  5222  5321 D cellinfo: 46 bytes from 44.241.174.93: icmp_seq=21946 ttl=32 time=93.8 ms
08-10 23:38:27.752  5222  5321 D cellinfo: 46 bytes from 44.241.174.93: icmp_seq=21947 ttl=32 time=207 ms
08-10 23:38:27.853  5222  5321 D cellinfo: 46 bytes from 44.241.174.93: icmp_seq=21948 ttl=32 time=99.2 ms
08-10 23:38:28.084  5222  5321 D cellinfo: 46 bytes from 44.241.174.93: icmp_seq=21949 ttl=32 time=126 ms
08-10 23:38:28.244  5222  5222 D cellinfo: Latitude is 39.7293212
08-10 23:38:28.244  5222  5222 D cellinfo: Longitude is -105.0151874
08-10 23:38:28.244  5222  5222 D cellinfo: Instantaneous GPS information: United States, 2350 W 8th Ave, Denver, CO 80204, USA
08-10 23:38:28.244  5222  5222 D cellinfo: getCurrentLocation() result: Location (success): 39.7293212, -105.0151874
08-10 23:38:28.246  5222  5222 D cellinfo: onsignalStrengthsChanged: LTE Signal Strength info: rsrp: -76 rsrq: -12 rssi: -51 rssnr: 11
08-10 23:38:28.246  5222  5222 D cellinfo: onsignalStrengthsChanged: 5G-NR Signal Strength info: ssrsrp: -61 ssrsrq: -11 sssinr: 22
08-10 23:38:28.247  5222  5222 D cellinfo: onsignalStrengthsChanged: LTE Signal Strength info: rsrp: -75 rsrq: -12 rssi: -51 rssnr: 12
08-10 23:38:28.247  5222  5222 D cellinfo: onsignalStrengthsChanged: 5G-NR Signal Strength info: ssrsrp: -61 ssrsrq: -11 sssinr: 22
08-10 23:38:28.250  5222  5321 D cellinfo: 46 bytes from 44.241.174.93: icmp_seq=21950 ttl=32 time=93.9 ms
08-10 23:38:28.497  5222  5321 D cellinfo: 46 bytes from 44.241.174.93: icmp_seq=21951 ttl=32 time=139 ms
08-10 23:38:28.653  5222  5321 D cellinfo: 46 bytes from 44.241.174.93: icmp_seq=21952 ttl=32 time=96.6 ms
08-10 23:38:28.845  5222  5321 D cellinfo: 46 bytes from 44.241.174.93: icmp_seq=21953 ttl=32 time=86.7 ms
08-10 23:38:29.060  5222  5321 D cellinfo: 46 bytes from 44.241.174.93: icmp_seq=21954 ttl=32 time=101 ms
08-10 23:38:29.290  5222  5321 D cellinfo: 46 bytes from 44.241.174.93: icmp_seq=21955 ttl=32 time=131 ms
08-10 23:38:29.301  5222  5222 D cellinfo: onsignalStrengthsChanged: LTE Signal Strength info: rsrp: -73 rsrq: -12 rssi: -51 rssnr: 12
08-10 23:38:29.301  5222  5222 D cellinfo: onsignalStrengthsChanged: 5G-NR Signal Strength info: ssrsrp: -59 ssrsrq: -11 sssinr: 22
08-10 23:38:29.447  5222  5222 D cellinfo: Latitude is 39.7293212
08-10 23:38:29.447  5222  5222 D cellinfo: Longitude is -105.0151874
08-10 23:38:29.447  5222  5222 D cellinfo: Instantaneous GPS information: United States, 2350 W 8th Ave, Denver, CO 80204, USA
08-10 23:38:29.447  5222  5222 D cellinfo: getCurrentLocation() result: Location (success): 39.7293212, -105.0151874
08-10 23:38:29.476  5222  5321 D cellinfo: 46 bytes from 44.241.174.93: icmp_seq=21956 ttl=32 time=117 ms
08-10 23:38:29.487  5222  5222 D cellinfo: onCellInfoChanged: Operator: AT&T...1 UpdateTimestamp: 200982219 CellConnectionStatus: 0
08-10 23:38:29.487  5222  5222 D cellinfo: onCellInfoChanged: LTE Cell Bands: [2] Bandwidth: 2147483647 Cell ID: 97583370 Physical Cell ID: 305 Tracking Area Code: 38405 EARFCN: 700
08-10 23:38:29.648  5222  5321 D cellinfo: 46 bytes from 44.241.174.93: icmp_seq=21957 ttl=32 time=88.8 ms
08-10 23:38:29.896  5222  5321 D cellinfo: 46 bytes from 44.241.174.93: icmp_seq=21958 ttl=32 time=135 ms
08-10 23:38:30.037  5222  5222 D cellinfo: onsignalStrengthsChanged: LTE Signal Strength info: rsrp: -72 rsrq: -11 rssi: -51 rssnr: 14
08-10 23:38:30.037  5222  5222 D cellinfo: onsignalStrengthsChanged: 5G-NR Signal Strength info: ssrsrp: -59 ssrsrq: -11 sssinr: 22
08-10 23:38:30.048  5222  5321 D cellinfo: 46 bytes from 44.241.174.93: icmp_seq=21959 ttl=32 time=86.8 ms
08-10 23:38:30.256  5222  5321 D cellinfo: 46 bytes from 44.241.174.93: icmp_seq=21960 ttl=32 time=95.5 ms
08-10 23:38:30.453  5222  5321 D cellinfo: 46 bytes from 44.241.174.93: icmp_seq=21961 ttl=32 time=91.7 ms
08-10 23:38:30.653  5222  5321 D cellinfo: 46 bytes from 44.241.174.93: icmp_seq=21962 ttl=32 time=89.6 ms
08-10 23:38:30.861  5222  5321 D cellinfo: 46 bytes from 44.241.174.93: icmp_seq=21963 ttl=32 time=94.4 ms
08-10 23:38:31.055  5222  5321 D cellinfo: 46 bytes from 44.241.174.93: icmp_seq=21964 ttl=32 time=87.6 ms
08-10 23:38:31.290  5222  5321 D cellinfo: 46 bytes from 44.241.174.93: icmp_seq=21965 ttl=32 time=124 ms
08-10 23:38:31.467  5222  5321 D cellinfo: 46 bytes from 44.241.174.93: icmp_seq=21966 ttl=32 time=100 ms
08-10 23:38:31.685  5222  5321 D cellinfo: 46 bytes from 44.241.174.93: icmp_seq=21967 ttl=32 time=116 ms
08-10 23:38:31.863  5222  5321 D cellinfo: 46 bytes from 44.241.174.93: icmp_seq=21968 ttl=32 time=92.6 ms
08-10 23:38:32.064  5222  5321 D cellinfo: 46 bytes from 44.241.174.93: icmp_seq=21969 ttl=32 time=92.5 ms
08-10 23:38:32.263  5222  5321 D cellinfo: 46 bytes from 44.241.174.93: icmp_seq=21970 ttl=32 time=91.8 ms
08-10 23:38:32.284  5222  5222 D cellinfo: onsignalStrengthsChanged: LTE Signal Strength info: rsrp: -71 rsrq: -11 rssi: -51 rssnr: 15
08-10 23:38:32.284  5222  5222 D cellinfo: onsignalStrengthsChanged: 5G-NR Signal Strength info: ssrsrp: -61 ssrsrq: -11 sssinr: 25
08-10 23:38:32.446  5222  5222 D cellinfo: Latitude is 39.7293212
08-10 23:38:32.446  5222  5222 D cellinfo: Longitude is -105.0151874
08-10 23:38:32.446  5222  5222 D cellinfo: Instantaneous GPS information: United States, 2350 W 8th Ave, Denver, CO 80204, USA
08-10 23:38:32.446  5222  5222 D cellinfo: getCurrentLocation() result: Location (success): 39.7293212, -105.0151874
08-10 23:38:32.462  5222  5321 D cellinfo: 46 bytes from 44.241.174.93: icmp_seq=21971 ttl=32 time=91.3 ms
08-10 23:38:32.495  5222  5222 D cellinfo: onCellInfoChanged: Operator: AT&T...1 UpdateTimestamp: 200985232 CellConnectionStatus: 0
08-10 23:38:32.495  5222  5222 D cellinfo: onCellInfoChanged: LTE Cell Bands: [2] Bandwidth: 2147483647 Cell ID: 97583370 Physical Cell ID: 305 Tracking Area Code: 38405 EARFCN: 700
08-10 23:38:32.657  5222  5321 D cellinfo: 46 bytes from 44.241.174.93: icmp_seq=21972 ttl=32 time=85.5 ms
08-10 23:38:32.869  5222  5321 D cellinfo: 46 bytes from 44.241.174.93: icmp_seq=21973 ttl=32 time=96.2 ms
08-10 23:38:33.065  5222  5321 D cellinfo: 46 bytes from 44.241.174.93: icmp_seq=21974 ttl=32 time=91.6 ms
08-10 23:38:33.261  5222  5321 D cellinfo: 46 bytes from 44.241.174.93: icmp_seq=21975 ttl=32 time=86.9 ms
08-10 23:38:33.469  5222  5321 D cellinfo: 46 bytes from 44.241.174.93: icmp_seq=21976 ttl=32 time=95.3 ms
08-10 23:38:33.664  5222  5321 D cellinfo: 46 bytes from 44.241.174.93: icmp_seq=21977 ttl=32 time=89.3 ms
08-10 23:38:33.869  5222  5321 D cellinfo: 46 bytes from 44.241.174.93: icmp_seq=21978 ttl=32 time=92.9 ms
08-10 23:38:34.073  5222  5321 D cellinfo: 46 bytes from 44.241.174.93: icmp_seq=21979 ttl=32 time=96.2 ms
08-10 23:38:34.270  5222  5321 D cellinfo: 46 bytes from 44.241.174.93: icmp_seq=21980 ttl=32 time=93.6 ms
08-10 23:38:34.464  5222  5321 D cellinfo: 46 bytes from 44.241.174.93: icmp_seq=21981 ttl=32 time=86.5 ms
08-10 23:38:34.647  5222  5222 D cellinfo: onsignalStrengthsChanged: LTE Signal Strength info: rsrp: -69 rsrq: -11 rssi: -51 rssnr: 17
08-10 23:38:34.647  5222  5222 D cellinfo: onsignalStrengthsChanged: 5G-NR Signal Strength info: ssrsrp: -68 ssrsrq: -11 sssinr: 22
08-10 23:38:34.672  5222  5321 D cellinfo: 46 bytes from 44.241.174.93: icmp_seq=21982 ttl=32 time=92.9 ms
08-10 23:38:34.874  5222  5321 D cellinfo: 46 bytes from 44.241.174.93: icmp_seq=21983 ttl=32 time=92.3 ms
08-10 23:38:35.072  5222  5321 D cellinfo: 46 bytes from 44.241.174.93: icmp_seq=21984 ttl=32 time=90.8 ms
08-10 23:38:35.282  5222  5321 D cellinfo: 46 bytes from 44.241.174.93: icmp_seq=21985 ttl=32 time=101 ms
08-10 23:38:35.301  5222  5222 D cellinfo: onsignalStrengthsChanged: LTE Signal Strength info: rsrp: -68 rsrq: -11 rssi: -51 rssnr: 17
08-10 23:38:35.301  5222  5222 D cellinfo: onsignalStrengthsChanged: 5G-NR Signal Strength info: ssrsrp: -68 ssrsrq: -11 sssinr: 22
08-10 23:38:35.452  5222  5222 D cellinfo: Latitude is 39.7293212
08-10 23:38:35.452  5222  5222 D cellinfo: Longitude is -105.0151874
08-10 23:38:35.452  5222  5222 D cellinfo: Instantaneous GPS information: United States, 2350 W 8th Ave, Denver, CO 80204, USA
08-10 23:38:35.452  5222  5222 D cellinfo: getCurrentLocation() result: Location (success): 39.7293212, -105.0151874
08-10 23:38:35.494  5222  5222 D cellinfo: onCellInfoChanged: Operator: AT&T...1 UpdateTimestamp: 200988231 CellConnectionStatus: 0
08-10 23:38:35.494  5222  5222 D cellinfo: onCellInfoChanged: LTE Cell Bands: [2] Bandwidth: 2147483647 Cell ID: 97583370 Physical Cell ID: 305 Tracking Area Code: 38405 EARFCN: 700
08-10 23:38:35.496  5222  5321 D cellinfo: 46 bytes from 44.241.174.93: icmp_seq=21986 ttl=32 time=114 ms
08-10 23:38:35.680  5222  5321 D cellinfo: 46 bytes from 44.241.174.93: icmp_seq=21987 ttl=32 time=98.1 ms
08-10 23:38:35.876  5222  5321 D cellinfo: 46 bytes from 44.241.174.93: icmp_seq=21988 ttl=32 time=92.3 ms
08-10 23:38:36.069  5222  5321 D cellinfo: 46 bytes from 44.241.174.93: icmp_seq=21989 ttl=32 time=85.2 ms
08-10 23:38:36.280  5222  5321 D cellinfo: 46 bytes from 44.241.174.93: icmp_seq=21990 ttl=32 time=97.1 ms
08-10 23:38:36.479  5222  5321 D cellinfo: 46 bytes from 44.241.174.93: icmp_seq=21991 ttl=32 time=96.0 ms
08-10 23:38:36.644  5222  5222 D cellinfo: onsignalStrengthsChanged: LTE Signal Strength info: rsrp: -68 rsrq: -11 rssi: -51 rssnr: 17
08-10 23:38:36.644  5222  5222 D cellinfo: onsignalStrengthsChanged: 5G-NR Signal Strength info: ssrsrp: -69 ssrsrq: -11 sssinr: 20
08-10 23:38:36.669  5222  5321 D cellinfo: 46 bytes from 44.241.174.93: icmp_seq=21992 ttl=32 time=84.5 ms
08-10 23:38:36.768  5222  5222 D cellinfo: onsignalStrengthsChanged: LTE Signal Strength info: rsrp: -68 rsrq: -11 rssi: -51 rssnr: 18
08-10 23:38:36.768  5222  5222 D cellinfo: onsignalStrengthsChanged: 5G-NR Signal Strength info: ssrsrp: -69 ssrsrq: -11 sssinr: 20
08-10 23:38:36.879  5222  5321 D cellinfo: 46 bytes from 44.241.174.93: icmp_seq=21993 ttl=32 time=94.6 ms
08-10 23:38:37.080  5222  5321 D cellinfo: 46 bytes from 44.241.174.93: icmp_seq=21994 ttl=32 time=95.3 ms
08-10 23:38:37.274  5222  5321 D cellinfo: 46 bytes from 44.241.174.93: icmp_seq=21995 ttl=32 time=88.4 ms
08-10 23:38:37.481  5222  5321 D cellinfo: 46 bytes from 44.241.174.93: icmp_seq=21996 ttl=32 time=95.4 ms
08-10 23:38:37.683  5222  5321 D cellinfo: 46 bytes from 44.241.174.93: icmp_seq=21997 ttl=32 time=95.1 ms
08-10 23:38:37.881  5222  5321 D cellinfo: 46 bytes from 44.241.174.93: icmp_seq=21998 ttl=32 time=92.9 ms
08-10 23:38:38.082  5222  5321 D cellinfo: 46 bytes from 44.241.174.93: icmp_seq=21999 ttl=32 time=91.6 ms
08-10 23:38:38.282  5222  5321 D cellinfo: 46 bytes from 44.241.174.93: icmp_seq=22000 ttl=32 time=91.6 ms
08-10 23:38:38.305  5222  5222 D cellinfo: onsignalStrengthsChanged: LTE Signal Strength info: rsrp: -68 rsrq: -11 rssi: -51 rssnr: 17
08-10 23:38:38.305  5222  5222 D cellinfo: onsignalStrengthsChanged: 5G-NR Signal Strength info: ssrsrp: -72 ssrsrq: -11 sssinr: 16
08-10 23:38:38.479  5222  5222 D cellinfo: onCellInfoChanged: Operator: AT&T...1 UpdateTimestamp: 200991211 CellConnectionStatus: 0
08-10 23:38:38.479  5222  5222 D cellinfo: onCellInfoChanged: LTE Cell Bands: [2] Bandwidth: 2147483647 Cell ID: 97583370 Physical Cell ID: 305 Tracking Area Code: 38405 EARFCN: 700
08-10 23:38:38.482  5222  5321 D cellinfo: 46 bytes from 44.241.174.93: icmp_seq=22001 ttl=32 time=90.0 ms
08-10 23:38:38.679  5222  5321 D cellinfo: 46 bytes from 44.241.174.93: icmp_seq=22002 ttl=32 time=84.5 ms
08-10 23:38:38.889  5222  5321 D cellinfo: 46 bytes from 44.241.174.93: icmp_seq=22003 ttl=32 time=94.6 ms
08-10 23:38:39.084  5222  5321 D cellinfo: 46 bytes from 44.241.174.93: icmp_seq=22004 ttl=32 time=88.3 ms
08-10 23:38:39.293  5222  5321 D cellinfo: 46 bytes from 44.241.174.93: icmp_seq=22005 ttl=32 time=99.4 ms
08-10 23:38:39.488  5222  5321 D cellinfo: 46 bytes from 44.241.174.93: icmp_seq=22006 ttl=32 time=93.3 ms
08-10 23:38:39.686  5222  5321 D cellinfo: 46 bytes from 44.241.174.93: icmp_seq=22007 ttl=32 time=87.2 ms
08-10 23:38:39.892  5222  5321 D cellinfo: 46 bytes from 44.241.174.93: icmp_seq=22008 ttl=32 time=92.2 ms
08-10 23:38:40.057  5222  5222 D cellinfo: Latitude is 39.7270088
08-10 23:38:40.057  5222  5222 D cellinfo: Longitude is -105.0145897
08-10 23:38:40.057  5222  5222 D cellinfo: Instantaneous GPS information: United States, 600 River Dr, Denver, CO 80204, USA
08-10 23:38:40.057  5222  5222 D cellinfo: getCurrentLocation() result: Location (success): 39.7270088, -105.0145897
08-10 23:38:40.093  5222  5321 D cellinfo: 46 bytes from 44.241.174.93: icmp_seq=22009 ttl=32 time=91.9 ms
08-10 23:38:40.294  5222  5321 D cellinfo: 46 bytes from 44.241.174.93: icmp_seq=22010 ttl=32 time=94.1 ms
08-10 23:38:40.490  5222  5321 D cellinfo: 46 bytes from 44.241.174.93: icmp_seq=22011 ttl=32 time=89.3 ms
08-10 23:38:40.700  5222  5321 D cellinfo: 46 bytes from 44.241.174.93: icmp_seq=22012 ttl=32 time=98.1 ms
08-10 23:38:40.893  5222  5321 D cellinfo: 46 bytes from 44.241.174.93: icmp_seq=22013 ttl=32 time=90.4 ms
08-10 23:38:41.090  5222  5321 D cellinfo: 46 bytes from 44.241.174.93: icmp_seq=22014 ttl=32 time=84.8 ms
08-10 23:38:41.239  5222  5222 D cellinfo: onsignalStrengthsChanged: LTE Signal Strength info: rsrp: -70 rsrq: -11 rssi: -51 rssnr: 15
08-10 23:38:41.239  5222  5222 D cellinfo: onsignalStrengthsChanged: 5G-NR Signal Strength info: ssrsrp: -74 ssrsrq: -11 sssinr: 11
08-10 23:38:41.294  5222  5321 D cellinfo: 46 bytes from 44.241.174.93: icmp_seq=22015 ttl=32 time=88.9 ms
08-10 23:38:41.307  5222  5222 D cellinfo: onsignalStrengthsChanged: LTE Signal Strength info: rsrp: -72 rsrq: -11 rssi: -51 rssnr: 13
08-10 23:38:41.307  5222  5222 D cellinfo: onsignalStrengthsChanged: 5G-NR Signal Strength info: ssrsrp: -74 ssrsrq: -11 sssinr: 11
08-10 23:38:41.453  5222  5222 D cellinfo: Latitude is 39.7270088
08-10 23:38:41.453  5222  5222 D cellinfo: Longitude is -105.0145897
08-10 23:38:41.453  5222  5222 D cellinfo: Instantaneous GPS information: United States, 600 River Dr, Denver, CO 80204, USA
08-10 23:38:41.453  5222  5222 D cellinfo: getCurrentLocation() result: Location (success): 39.7270088, -105.0145897
08-10 23:38:41.502  5222  5321 D cellinfo: 46 bytes from 44.241.174.93: icmp_seq=22016 ttl=32 time=97.3 ms
08-10 23:38:41.511  5222  5222 D cellinfo: onCellInfoChanged: Operator: AT&T...1 UpdateTimestamp: 200994247 CellConnectionStatus: 0
08-10 23:38:41.511  5222  5222 D cellinfo: onCellInfoChanged: LTE Cell Bands: [2] Bandwidth: 2147483647 Cell ID: 97583370 Physical Cell ID: 305 Tracking Area Code: 38405 EARFCN: 700
08-10 23:38:41.643  5222  5222 D cellinfo: onsignalStrengthsChanged: LTE Signal Strength info: rsrp: -72 rsrq: -11 rssi: -51 rssnr: 13
08-10 23:38:41.643  5222  5222 D cellinfo: onsignalStrengthsChanged: 5G-NR Signal Strength info: ssrsrp: -80 ssrsrq: -12 sssinr: 8
08-10 23:38:41.704  5222  5321 D cellinfo: 46 bytes from 44.241.174.93: icmp_seq=22017 ttl=32 time=98.3 ms
08-10 23:38:41.902  5222  5321 D cellinfo: 46 bytes from 44.241.174.93: icmp_seq=22018 ttl=32 time=93.5 ms
08-10 23:38:42.092  5222  5321 D cellinfo: 46 bytes from 44.241.174.93: icmp_seq=22019 ttl=32 time=84.1 ms
08-10 23:38:42.303  5222  5321 D cellinfo: 46 bytes from 44.241.174.93: icmp_seq=22020 ttl=32 time=93.8 ms
08-10 23:38:42.503  5222  5321 D cellinfo: 46 bytes from 44.241.174.93: icmp_seq=22021 ttl=32 time=93.7 ms
08-10 23:38:42.707  5222  5321 D cellinfo: 46 bytes from 44.241.174.93: icmp_seq=22022 ttl=32 time=97.7 ms
08-10 23:38:42.908  5222  5321 D cellinfo: 46 bytes from 44.241.174.93: icmp_seq=22023 ttl=32 time=97.6 ms
08-10 23:38:43.109  5222  5321 D cellinfo: 46 bytes from 44.241.174.93: icmp_seq=22024 ttl=32 time=96.9 ms
08-10 23:38:43.305  5222  5321 D cellinfo: 46 bytes from 44.241.174.93: icmp_seq=22025 ttl=32 time=92.2 ms
08-10 23:38:43.509  5222  5321 D cellinfo: 46 bytes from 44.241.174.93: icmp_seq=22026 ttl=32 time=95.8 ms
08-10 23:38:43.705  5222  5321 D cellinfo: 46 bytes from 44.241.174.93: icmp_seq=22027 ttl=32 time=90.9 ms
08-10 23:38:43.906  5222  5321 D cellinfo: 46 bytes from 44.241.174.93: icmp_seq=22028 ttl=32 time=90.5 ms
08-10 23:38:44.105  5222  5321 D cellinfo: 46 bytes from 44.241.174.93: icmp_seq=22029 ttl=32 time=90.2 ms
08-10 23:38:44.305  5222  5222 D cellinfo: onsignalStrengthsChanged: LTE Signal Strength info: rsrp: -76 rsrq: -12 rssi: -51 rssnr: 11
08-10 23:38:44.305  5222  5222 D cellinfo: onsignalStrengthsChanged: 5G-NR Signal Strength info: ssrsrp: -76 ssrsrq: -11 sssinr: 9
08-10 23:38:44.309  5222  5321 D cellinfo: 46 bytes from 44.241.174.93: icmp_seq=22030 ttl=32 time=92.5 ms
08-10 23:38:44.444  5222  5222 D cellinfo: Latitude is 39.7270088
08-10 23:38:44.444  5222  5222 D cellinfo: Longitude is -105.0145897
08-10 23:38:44.444  5222  5222 D cellinfo: Instantaneous GPS information: United States, 600 River Dr, Denver, CO 80204, USA
08-10 23:38:44.444  5222  5222 D cellinfo: getCurrentLocation() result: Location (success): 39.7270088, -105.0145897
08-10 23:38:44.487  5222  5222 D cellinfo: onCellInfoChanged: Operator: AT&T...1 UpdateTimestamp: 200997224 CellConnectionStatus: 0
08-10 23:38:44.487  5222  5222 D cellinfo: onCellInfoChanged: LTE Cell Bands: [2] Bandwidth: 2147483647 Cell ID: 97583370 Physical Cell ID: 305 Tracking Area Code: 38405 EARFCN: 700
08-10 23:38:44.504  5222  5321 D cellinfo: 46 bytes from 44.241.174.93: icmp_seq=22031 ttl=32 time=88.3 ms
08-10 23:38:44.714  5222  5321 D cellinfo: 46 bytes from 44.241.174.93: icmp_seq=22032 ttl=32 time=95.5 ms
08-10 23:38:44.908  5222  5321 D cellinfo: 46 bytes from 44.241.174.93: icmp_seq=22033 ttl=32 time=89.5 ms
08-10 23:38:45.105  5222  5321 D cellinfo: 46 bytes from 44.241.174.93: icmp_seq=22034 ttl=32 time=83.8 ms
08-10 23:38:45.315  5222  5321 D cellinfo: 46 bytes from 44.241.174.93: icmp_seq=22035 ttl=32 time=92.9 ms
08-10 23:38:45.576  5222  5321 D cellinfo: 46 bytes from 44.241.174.93: icmp_seq=22036 ttl=32 time=154 ms
08-10 23:38:45.714  5222  5321 D cellinfo: 46 bytes from 44.241.174.93: icmp_seq=22037 ttl=32 time=90.4 ms
08-10 23:38:45.718  5222  5222 D cellinfo: onsignalStrengthsChanged: LTE Signal Strength info: rsrp: -78 rsrq: -13 rssi: -51 rssnr: 8
08-10 23:38:45.718  5222  5222 D cellinfo: onsignalStrengthsChanged: 5G-NR Signal Strength info: ssrsrp: -75 ssrsrq: -11 sssinr: 10
08-10 23:38:45.909  5222  5321 D cellinfo: 46 bytes from 44.241.174.93: icmp_seq=22038 ttl=32 time=84.5 ms
08-10 23:38:46.121  5222  5321 D cellinfo: 46 bytes from 44.241.174.93: icmp_seq=22039 ttl=32 time=96.1 ms
08-10 23:38:46.315  5222  5321 D cellinfo: 46 bytes from 44.241.174.93: icmp_seq=22040 ttl=32 time=89.3 ms
08-10 23:38:46.523  5222  5321 D cellinfo: 46 bytes from 44.241.174.93: icmp_seq=22041 ttl=32 time=96.2 ms
08-10 23:38:46.714  5222  5321 D cellinfo: 46 bytes from 44.241.174.93: icmp_seq=22042 ttl=32 time=85.4 ms
08-10 23:38:46.922  5222  5321 D cellinfo: 46 bytes from 44.241.174.93: icmp_seq=22043 ttl=32 time=93.8 ms
08-10 23:38:47.123  5222  5321 D cellinfo: 46 bytes from 44.241.174.93: icmp_seq=22044 ttl=32 time=94.4 ms
08-10 23:38:47.323  5222  5321 D cellinfo: 46 bytes from 44.241.174.93: icmp_seq=22045 ttl=32 time=94.0 ms
08-10 23:38:47.444  5222  5222 D cellinfo: Latitude is 39.7270088
08-10 23:38:47.444  5222  5222 D cellinfo: Longitude is -105.0145897
08-10 23:38:47.444  5222  5222 D cellinfo: Instantaneous GPS information: United States, 600 River Dr, Denver, CO 80204, USA
08-10 23:38:47.444  5222  5222 D cellinfo: getCurrentLocation() result: Location (success): 39.7270088, -105.0145897
08-10 23:38:47.506  5222  5222 D cellinfo: onCellInfoChanged: Operator: AT&T...1 UpdateTimestamp: 201000244 CellConnectionStatus: 0
08-10 23:38:47.506  5222  5222 D cellinfo: onCellInfoChanged: LTE Cell Bands: [2] Bandwidth: 2147483647 Cell ID: 97583370 Physical Cell ID: 305 Tracking Area Code: 38405 EARFCN: 700
08-10 23:38:47.512  5222  5321 D cellinfo: 46 bytes from 44.241.174.93: icmp_seq=22046 ttl=32 time=83.6 ms
08-10 23:38:47.649  5222  5222 D cellinfo: onsignalStrengthsChanged: LTE Signal Strength info: rsrp: -80 rsrq: -13 rssi: -53 rssnr: 7
08-10 23:38:47.649  5222  5222 D cellinfo: onsignalStrengthsChanged: 5G-NR Signal Strength info: ssrsrp: -88 ssrsrq: -13 sssinr: 3
08-10 23:38:47.723  5222  5321 D cellinfo: 46 bytes from 44.241.174.93: icmp_seq=22047 ttl=32 time=92.8 ms
08-10 23:38:47.932  5222  5321 D cellinfo: 46 bytes from 44.241.174.93: icmp_seq=22048 ttl=32 time=101 ms
08-10 23:38:47.959  5222  5222 D cellinfo: onsignalStrengthsChanged: LTE Signal Strength info: rsrp: -83 rsrq: -13 rssi: -53 rssnr: 6
08-10 23:38:47.959  5222  5222 D cellinfo: onsignalStrengthsChanged: 5G-NR Signal Strength info: ssrsrp: -88 ssrsrq: -13 sssinr: 3
08-10 23:38:48.134  5222  5321 D cellinfo: 46 bytes from 44.241.174.93: icmp_seq=22049 ttl=32 time=100 ms
08-10 23:38:48.324  5222  5321 D cellinfo: 46 bytes from 44.241.174.93: icmp_seq=22050 ttl=32 time=90.5 ms
08-10 23:38:48.519  5222  5321 D cellinfo: 46 bytes from 44.241.174.93: icmp_seq=22051 ttl=32 time=86.1 ms
08-10 23:38:48.646  5222  5222 D cellinfo: onsignalStrengthsChanged: LTE Signal Strength info: rsrp: -83 rsrq: -13 rssi: -53 rssnr: 6
08-10 23:38:48.646  5222  5222 D cellinfo: onsignalStrengthsChanged: 5G-NR Signal Strength info: ssrsrp: -85 ssrsrq: -11 sssinr: 6
08-10 23:38:48.729  5222  5321 D cellinfo: 46 bytes from 44.241.174.93: icmp_seq=22052 ttl=32 time=93.8 ms
08-10 23:38:48.930  5222  5321 D cellinfo: 46 bytes from 44.241.174.93: icmp_seq=22053 ttl=32 time=93.3 ms
08-10 23:38:49.129  5222  5321 D cellinfo: 46 bytes from 44.241.174.93: icmp_seq=22054 ttl=32 time=93.1 ms
08-10 23:38:49.333  5222  5321 D cellinfo: 46 bytes from 44.241.174.93: icmp_seq=22055 ttl=32 time=96.3 ms
08-10 23:38:49.532  5222  5321 D cellinfo: 46 bytes from 44.241.174.93: icmp_seq=22056 ttl=32 time=94.9 ms
08-10 23:38:49.734  5222  5321 D cellinfo: 46 bytes from 44.241.174.93: icmp_seq=22057 ttl=32 time=95.7 ms
08-10 23:38:49.933  5222  5321 D cellinfo: 46 bytes from 44.241.174.93: icmp_seq=22058 ttl=32 time=93.6 ms
08-10 23:38:50.132  5222  5321 D cellinfo: 46 bytes from 44.241.174.93: icmp_seq=22059 ttl=32 time=93.5 ms
08-10 23:38:50.332  5222  5321 D cellinfo: 46 bytes from 44.241.174.93: icmp_seq=22060 ttl=32 time=91.3 ms
08-10 23:38:50.482  5222  5222 D cellinfo: onCellInfoChanged: Operator: AT&T...1 UpdateTimestamp: 201003217 CellConnectionStatus: 0
08-10 23:38:50.482  5222  5222 D cellinfo: onCellInfoChanged: LTE Cell Bands: [2] Bandwidth: 2147483647 Cell ID: 97583370 Physical Cell ID: 305 Tracking Area Code: 38405 EARFCN: 700
08-10 23:38:50.532  5222  5321 D cellinfo: 46 bytes from 44.241.174.93: icmp_seq=22061 ttl=32 time=91.9 ms
08-10 23:38:50.734  5222  5321 D cellinfo: 46 bytes from 44.241.174.93: icmp_seq=22062 ttl=32 time=93.2 ms
08-10 23:38:50.929  5222  5321 D cellinfo: 46 bytes from 44.241.174.93: icmp_seq=22063 ttl=32 time=85.4 ms
08-10 23:38:51.137  5222  5321 D cellinfo: 46 bytes from 44.241.174.93: icmp_seq=22064 ttl=32 time=94.4 ms
08-10 23:38:51.334  5222  5321 D cellinfo: 46 bytes from 44.241.174.93: icmp_seq=22065 ttl=32 time=90.3 ms
08-10 23:38:51.542  5222  5321 D cellinfo: 46 bytes from 44.241.174.93: icmp_seq=22066 ttl=32 time=94.9 ms
08-10 23:38:51.733  5222  5321 D cellinfo: 46 bytes from 44.241.174.93: icmp_seq=22067 ttl=32 time=84.6 ms
08-10 23:38:51.945  5222  5321 D cellinfo: 46 bytes from 44.241.174.93: icmp_seq=22068 ttl=32 time=94.8 ms
08-10 23:38:52.043  5222  5222 D cellinfo: Latitude is 39.7253837
08-10 23:38:52.044  5222  5222 D cellinfo: Longitude is -105.0152943
08-10 23:38:52.044  5222  5222 D cellinfo: Instantaneous GPS information: United States, 598 S Zuni St, Denver, CO 80223, USA
08-10 23:38:52.044  5222  5222 D cellinfo: getCurrentLocation() result: Location (success): 39.7253837, -105.0152943
08-10 23:38:52.140  5222  5321 D cellinfo: 46 bytes from 44.241.174.93: icmp_seq=22069 ttl=32 time=89.9 ms
08-10 23:38:52.346  5222  5321 D cellinfo: 46 bytes from 44.241.174.93: icmp_seq=22070 ttl=32 time=95.6 ms
08-10 23:38:52.549  5222  5321 D cellinfo: 46 bytes from 44.241.174.93: icmp_seq=22071 ttl=32 time=97.5 ms
08-10 23:38:52.744  5222  5321 D cellinfo: 46 bytes from 44.241.174.93: icmp_seq=22072 ttl=32 time=91.0 ms
08-10 23:38:52.941  5222  5321 D cellinfo: 46 bytes from 44.241.174.93: icmp_seq=22073 ttl=32 time=86.3 ms
08-10 23:38:53.154  5222  5321 D cellinfo: 46 bytes from 44.241.174.93: icmp_seq=22074 ttl=32 time=100 ms
08-10 23:38:53.344  5222  5321 D cellinfo: 46 bytes from 44.241.174.93: icmp_seq=22075 ttl=32 time=90.8 ms
08-10 23:38:53.450  5222  5222 D cellinfo: Latitude is 39.7253837
08-10 23:38:53.450  5222  5222 D cellinfo: Longitude is -105.0152943
08-10 23:38:53.450  5222  5222 D cellinfo: Instantaneous GPS information: United States, 598 S Zuni St, Denver, CO 80223, USA
08-10 23:38:53.450  5222  5222 D cellinfo: getCurrentLocation() result: Location (success): 39.7253837, -105.0152943
08-10 23:38:53.499  5222  5222 D cellinfo: onCellInfoChanged: Operator: AT&T...1 UpdateTimestamp: 201006236 CellConnectionStatus: 0
08-10 23:38:53.499  5222  5222 D cellinfo: onCellInfoChanged: LTE Cell Bands: [2] Bandwidth: 2147483647 Cell ID: 97583370 Physical Cell ID: 305 Tracking Area Code: 38405 EARFCN: 700
08-10 23:38:53.550  5222  5321 D cellinfo: 46 bytes from 44.241.174.93: icmp_seq=22076 ttl=32 time=93.5 ms
08-10 23:38:53.741  5222  5321 D cellinfo: 46 bytes from 44.241.174.93: icmp_seq=22077 ttl=32 time=84.5 ms
08-10 23:38:53.949  5222  5321 D cellinfo: 46 bytes from 44.241.174.93: icmp_seq=22078 ttl=32 time=92.3 ms
08-10 23:38:54.145  5222  5321 D cellinfo: 46 bytes from 44.241.174.93: icmp_seq=22079 ttl=32 time=85.8 ms
08-10 23:38:54.351  5222  5321 D cellinfo: 46 bytes from 44.241.174.93: icmp_seq=22080 ttl=32 time=92.1 ms
08-10 23:38:54.553  5222  5321 D cellinfo: 46 bytes from 44.241.174.93: icmp_seq=22081 ttl=32 time=91.5 ms
08-10 23:38:54.754  5222  5321 D cellinfo: 46 bytes from 44.241.174.93: icmp_seq=22082 ttl=32 time=92.1 ms
08-10 23:38:54.959  5222  5321 D cellinfo: 46 bytes from 44.241.174.93: icmp_seq=22083 ttl=32 time=97.6 ms
08-10 23:38:55.154  5222  5321 D cellinfo: 46 bytes from 44.241.174.93: icmp_seq=22084 ttl=32 time=91.2 ms
08-10 23:38:55.350  5222  5321 D cellinfo: 46 bytes from 44.241.174.93: icmp_seq=22085 ttl=32 time=87.1 ms
08-10 23:38:55.561  5222  5321 D cellinfo: 46 bytes from 44.241.174.93: icmp_seq=22086 ttl=32 time=96.1 ms
08-10 23:38:55.754  5222  5321 D cellinfo: 46 bytes from 44.241.174.93: icmp_seq=22087 ttl=32 time=89.4 ms
08-10 23:38:55.960  5222  5321 D cellinfo: 46 bytes from 44.241.174.93: icmp_seq=22088 ttl=32 time=94.9 ms
08-10 23:38:56.163  5222  5321 D cellinfo: 46 bytes from 44.241.174.93: icmp_seq=22089 ttl=32 time=96.9 ms
08-10 23:38:56.363  5222  5321 D cellinfo: 46 bytes from 44.241.174.93: icmp_seq=22090 ttl=32 time=95.7 ms
08-10 23:38:56.448  5222  5222 D cellinfo: Latitude is 39.7253837
08-10 23:38:56.448  5222  5222 D cellinfo: Longitude is -105.0152943
08-10 23:38:56.449  5222  5222 D cellinfo: Instantaneous GPS information: United States, 598 S Zuni St, Denver, CO 80223, USA
08-10 23:38:56.449  5222  5222 D cellinfo: getCurrentLocation() result: Location (success): 39.7253837, -105.0152943
08-10 23:38:56.492  5222  5222 D cellinfo: onCellInfoChanged: Operator: AT&T...1 UpdateTimestamp: 201009228 CellConnectionStatus: 0
08-10 23:38:56.492  5222  5222 D cellinfo: onCellInfoChanged: LTE Cell Bands: [2] Bandwidth: 2147483647 Cell ID: 97583370 Physical Cell ID: 305 Tracking Area Code: 38405 EARFCN: 700
08-10 23:38:56.563  5222  5321 D cellinfo: 46 bytes from 44.241.174.93: icmp_seq=22091 ttl=32 time=95.6 ms
08-10 23:38:56.759  5222  5321 D cellinfo: 46 bytes from 44.241.174.93: icmp_seq=22092 ttl=32 time=91.3 ms
08-10 23:38:56.955  5222  5321 D cellinfo: 46 bytes from 44.241.174.93: icmp_seq=22093 ttl=32 time=84.0 ms
08-10 23:38:57.163  5222  5321 D cellinfo: 46 bytes from 44.241.174.93: icmp_seq=22094 ttl=32 time=91.9 ms
08-10 23:38:57.363  5222  5321 D cellinfo: 46 bytes from 44.241.174.93: icmp_seq=22095 ttl=32 time=91.3 ms
08-10 23:38:57.557  5222  5321 D cellinfo: 46 bytes from 44.241.174.93: icmp_seq=22096 ttl=32 time=83.6 ms
08-10 23:38:57.768  5222  5321 D cellinfo: 46 bytes from 44.241.174.93: icmp_seq=22097 ttl=32 time=92.8 ms
08-10 23:38:57.965  5222  5321 D cellinfo: 46 bytes from 44.241.174.93: icmp_seq=22098 ttl=32 time=88.3 ms
08-10 23:38:58.173  5222  5321 D cellinfo: 46 bytes from 44.241.174.93: icmp_seq=22099 ttl=32 time=96.3 ms
08-10 23:38:58.375  5222  5321 D cellinfo: 46 bytes from 44.241.174.93: icmp_seq=22100 ttl=32 time=98.1 ms
08-10 23:38:58.571  5222  5321 D cellinfo: 46 bytes from 44.241.174.93: icmp_seq=22101 ttl=32 time=92.8 ms
08-10 23:38:58.763  5222  5321 D cellinfo: 46 bytes from 44.241.174.93: icmp_seq=22102 ttl=32 time=85.4 ms
08-10 23:38:58.974  5222  5321 D cellinfo: 46 bytes from 44.241.174.93: icmp_seq=22103 ttl=32 time=94.6 ms
08-10 23:38:59.172  5222  5321 D cellinfo: 46 bytes from 44.241.174.93: icmp_seq=22104 ttl=32 time=92.7 ms
08-10 23:38:59.301  5222  5222 D cellinfo: onsignalStrengthsChanged: LTE Signal Strength info: rsrp: -86 rsrq: -13 rssi: -55 rssnr: 4
08-10 23:38:59.301  5222  5222 D cellinfo: onsignalStrengthsChanged: 5G-NR Signal Strength info: ssrsrp: -86 ssrsrq: -12 sssinr: 6
08-10 23:38:59.374  5222  5321 D cellinfo: 46 bytes from 44.241.174.93: icmp_seq=22105 ttl=32 time=92.3 ms
08-10 23:38:59.443  5222  5222 D cellinfo: Latitude is 39.7253837
08-10 23:38:59.443  5222  5222 D cellinfo: Longitude is -105.0152943
08-10 23:38:59.443  5222  5222 D cellinfo: Instantaneous GPS information: United States, 598 S Zuni St, Denver, CO 80223, USA
08-10 23:38:59.443  5222  5222 D cellinfo: getCurrentLocation() result: Location (success): 39.7253837, -105.0152943
08-10 23:38:59.483  5222  5222 D cellinfo: onCellInfoChanged: Operator: AT&T...1 UpdateTimestamp: 201012221 CellConnectionStatus: 0
08-10 23:38:59.483  5222  5222 D cellinfo: onCellInfoChanged: LTE Cell Bands: [2] Bandwidth: 2147483647 Cell ID: 97583370 Physical Cell ID: 305 Tracking Area Code: 38405 EARFCN: 700
08-10 23:38:59.572  5222  5321 D cellinfo: 46 bytes from 44.241.174.93: icmp_seq=22106 ttl=32 time=91.8 ms
08-10 23:38:59.642  5222  5222 D cellinfo: onsignalStrengthsChanged: LTE Signal Strength info: rsrp: -86 rsrq: -13 rssi: -55 rssnr: 4
08-10 23:38:59.642  5222  5222 D cellinfo: onsignalStrengthsChanged: 5G-NR Signal Strength info: ssrsrp: -87 ssrsrq: -12 sssinr: 5
08-10 23:38:59.773  5222  5321 D cellinfo: 46 bytes from 44.241.174.93: icmp_seq=22107 ttl=32 time=91.4 ms
08-10 23:38:59.969  5222  5321 D cellinfo: 46 bytes from 44.241.174.93: icmp_seq=22108 ttl=32 time=84.6 ms
08-10 23:39:00.179  5222  5321 D cellinfo: 46 bytes from 44.241.174.93: icmp_seq=22109 ttl=32 time=95.2 ms
08-10 23:39:00.374  5222  5321 D cellinfo: 46 bytes from 44.241.174.93: icmp_seq=22110 ttl=32 time=89.2 ms
08-10 23:39:00.569  5222  5321 D cellinfo: 46 bytes from 44.241.174.93: icmp_seq=22111 ttl=32 time=83.8 ms
08-10 23:39:00.641  5222  5222 D cellinfo: onsignalStrengthsChanged: LTE Signal Strength info: rsrp: -86 rsrq: -13 rssi: -55 rssnr: 4
08-10 23:39:00.641  5222  5222 D cellinfo: onsignalStrengthsChanged: 5G-NR Signal Strength info: ssrsrp: -84 ssrsrq: -11 sssinr: 10
08-10 23:39:00.781  5222  5321 D cellinfo: 46 bytes from 44.241.174.93: icmp_seq=22112 ttl=32 time=94.0 ms
08-10 23:39:00.979  5222  5321 D cellinfo: 46 bytes from 44.241.174.93: icmp_seq=22113 ttl=32 time=91.1 ms
08-10 23:39:01.174  5222  5321 D cellinfo: 46 bytes from 44.241.174.93: icmp_seq=22114 ttl=32 time=85.0 ms
08-10 23:39:01.384  5222  5321 D cellinfo: 46 bytes from 44.241.174.93: icmp_seq=22115 ttl=32 time=92.4 ms
08-10 23:39:01.601  5222  5321 D cellinfo: 46 bytes from 44.241.174.93: icmp_seq=22116 ttl=32 time=107 ms
08-10 23:39:01.784  5222  5321 D cellinfo: 46 bytes from 44.241.174.93: icmp_seq=22117 ttl=32 time=91.7 ms
08-10 23:39:01.979  5222  5321 D cellinfo: 46 bytes from 44.241.174.93: icmp_seq=22118 ttl=32 time=88.4 ms
