--------- beginning of main
08-10 21:49:22.339 25553 25553 D cellinfo: Country == United States
08-10 21:49:22.339 25553 25553 D cellinfo: City == Tie Siding
08-10 21:49:22.339 25553 25553 D cellinfo: GPS Info == 1803-1811 US-287, Tie Siding, WY 82084, USA
08-10 21:49:22.339 25553 25553 D cellinfo: Network Operator == AT&T
08-10 21:49:22.339 25553 25553 D cellinfo: User movement == Static
08-10 21:49:22.339 25553 25553 D cellinfo: isEastCoast == false
08-10 21:49:22.339 25553 25553 D cellinfo: isWestCoast == true
08-10 21:49:22.339 25553 25553 D cellinfo: isBoston == false
08-10 21:49:22.339 25553 25553 D cellinfo: All GPS info fetched. Saving city and country info
08-10 21:49:22.340 25553 25736 D cellinfo: Timestamp: 1660189762
08-10 21:49:22.840 25553 25737 D cellinfo: Logging started
08-10 21:49:22.846 25553 25553 D cellinfo: onServiceStateChanged: Channel Number: 1100 Cell Bandwidths: []
08-10 21:49:22.846 25553 25553 D cellinfo: onsignalStrengthsChanged: LTE Signal Strength info: rsrp: -113 rsrq: -14 rssi: -85 rssnr: 0
08-10 21:49:22.855 25553 25553 D cellinfo: onCellInfoChanged: Operator: AT&T UpdateTimestamp: 194435176 CellConnectionStatus: 0
08-10 21:49:22.855 25553 25553 D cellinfo: onCellInfoChanged: LTE Cell Bands: [2] Bandwidth: 2147483647 Cell ID: 112998666 Physical Cell ID: 107 Tracking Area Code: 38918 EARFCN: 1100
08-10 21:49:22.856 25553 25553 D cellinfo: onDisplayInfoChanged: NetworkType: LTE OverrideNetworkType: 5G (Sub-6 GHz)
08-10 21:49:23.341 25553 25736 D cellinfo: Ping command fired: /system/bin/ping -i 0.2 -s 38 44.241.174.93
08-10 21:49:23.761 25553 25736 D cellinfo: PING 44.241.174.93 (44.241.174.93) 38(66) bytes of data.
08-10 21:49:23.761 25553 25736 D cellinfo: 46 bytes from 44.241.174.93: icmp_seq=1 ttl=32 time=413 ms
08-10 21:49:23.782 25553 25736 D cellinfo: 46 bytes from 44.241.174.93: icmp_seq=2 ttl=32 time=233 ms
08-10 21:49:23.959 25553 25736 D cellinfo: 46 bytes from 44.241.174.93: icmp_seq=3 ttl=32 time=199 ms
08-10 21:49:24.119 25553 25736 D cellinfo: 46 bytes from 44.241.174.93: icmp_seq=4 ttl=32 time=158 ms
08-10 21:49:24.303 25553 25736 D cellinfo: 46 bytes from 44.241.174.93: icmp_seq=5 ttl=32 time=143 ms
08-10 21:49:24.523 25553 25736 D cellinfo: 46 bytes from 44.241.174.93: icmp_seq=6 ttl=32 time=159 ms
08-10 21:49:24.705 25553 25736 D cellinfo: 46 bytes from 44.241.174.93: icmp_seq=7 ttl=32 time=140 ms
08-10 21:49:24.947 25553 25736 D cellinfo: 46 bytes from 44.241.174.93: icmp_seq=8 ttl=32 time=180 ms
08-10 21:49:25.121 25553 25736 D cellinfo: 46 bytes from 44.241.174.93: icmp_seq=9 ttl=32 time=153 ms
08-10 21:49:25.126 25553 25553 D cellinfo: Latitude is 41.0319362
08-10 21:49:25.127 25553 25553 D cellinfo: Longitude is -105.4390408
08-10 21:49:25.127 25553 25553 D cellinfo: Instantaneous GPS information: United States, US-287, Tie Siding, WY 82084, USA
08-10 21:49:25.127 25553 25553 D cellinfo: getCurrentLocation() result: Location (success): 41.0319362, -105.4390408
08-10 21:49:25.129 25553 25553 D cellinfo: onsignalStrengthsChanged: LTE Signal Strength info: rsrp: -112 rsrq: -14 rssi: -85 rssnr: 1
08-10 21:49:25.129 25553 25553 D cellinfo: onsignalStrengthsChanged: LTE Signal Strength info: rsrp: -112 rsrq: -14 rssi: -85 rssnr: 2
08-10 21:49:25.319 25553 25736 D cellinfo: 46 bytes from 44.241.174.93: icmp_seq=10 ttl=32 time=153 ms
08-10 21:49:25.343 25553 25553 D cellinfo: Latitude is 41.0319362
08-10 21:49:25.343 25553 25553 D cellinfo: Longitude is -105.4390408
08-10 21:49:25.343 25553 25553 D cellinfo: Instantaneous GPS information: United States, US-287, Tie Siding, WY 82084, USA
08-10 21:49:25.343 25553 25553 D cellinfo: getCurrentLocation() result: Location (success): 41.0319362, -105.4390408
08-10 21:49:25.378 25553 25553 D cellinfo: onCellInfoChanged: Operator: AT&T UpdateTimestamp: 194438116 CellConnectionStatus: 0
08-10 21:49:25.378 25553 25553 D cellinfo: onCellInfoChanged: LTE Cell Bands: [2] Bandwidth: 2147483647 Cell ID: 112998666 Physical Cell ID: 107 Tracking Area Code: 38918 EARFCN: 1100
08-10 21:49:25.520 25553 25736 D cellinfo: 46 bytes from 44.241.174.93: icmp_seq=11 ttl=32 time=152 ms
08-10 21:49:25.721 25553 25736 D cellinfo: 46 bytes from 44.241.174.93: icmp_seq=12 ttl=32 time=154 ms
08-10 21:49:25.927 25553 25736 D cellinfo: 46 bytes from 44.241.174.93: icmp_seq=13 ttl=32 time=159 ms
08-10 21:49:26.120 25553 25736 D cellinfo: 46 bytes from 44.241.174.93: icmp_seq=14 ttl=32 time=149 ms
08-10 21:49:26.320 25553 25736 D cellinfo: 46 bytes from 44.241.174.93: icmp_seq=15 ttl=32 time=150 ms
08-10 21:49:26.519 25553 25736 D cellinfo: 46 bytes from 44.241.174.93: icmp_seq=16 ttl=32 time=148 ms
08-10 21:49:26.723 25553 25736 D cellinfo: 46 bytes from 44.241.174.93: icmp_seq=17 ttl=32 time=151 ms
08-10 21:49:26.781 25553 25553 D cellinfo: onsignalStrengthsChanged: LTE Signal Strength info: rsrp: -111 rsrq: -14 rssi: -79 rssnr: 2
08-10 21:49:26.921 25553 25736 D cellinfo: 46 bytes from 44.241.174.93: icmp_seq=18 ttl=32 time=149 ms
08-10 21:49:27.121 25553 25736 D cellinfo: 46 bytes from 44.241.174.93: icmp_seq=19 ttl=32 time=148 ms
08-10 21:49:27.319 25553 25736 D cellinfo: 46 bytes from 44.241.174.93: icmp_seq=20 ttl=32 time=147 ms
08-10 21:49:27.520 25553 25736 D cellinfo: 46 bytes from 44.241.174.93: icmp_seq=21 ttl=32 time=147 ms
08-10 21:49:27.720 25553 25736 D cellinfo: 46 bytes from 44.241.174.93: icmp_seq=22 ttl=32 time=146 ms
08-10 21:49:27.920 25553 25736 D cellinfo: 46 bytes from 44.241.174.93: icmp_seq=23 ttl=32 time=146 ms
08-10 21:49:28.120 25553 25736 D cellinfo: 46 bytes from 44.241.174.93: icmp_seq=24 ttl=32 time=145 ms
08-10 21:49:28.322 25553 25736 D cellinfo: 46 bytes from 44.241.174.93: icmp_seq=25 ttl=32 time=146 ms
08-10 21:49:28.346 25553 25553 D cellinfo: Latitude is 41.0319362
08-10 21:49:28.347 25553 25553 D cellinfo: Longitude is -105.4390408
08-10 21:49:28.347 25553 25553 D cellinfo: Instantaneous GPS information: United States, US-287, Tie Siding, WY 82084, USA
08-10 21:49:28.347 25553 25553 D cellinfo: getCurrentLocation() result: Location (success): 41.0319362, -105.4390408
08-10 21:49:28.382 25553 25553 D cellinfo: onCellInfoChanged: Operator: AT&T UpdateTimestamp: 194441119 CellConnectionStatus: 0
08-10 21:49:28.382 25553 25553 D cellinfo: onCellInfoChanged: LTE Cell Bands: [2] Bandwidth: 2147483647 Cell ID: 112998666 Physical Cell ID: 107 Tracking Area Code: 38918 EARFCN: 1100
08-10 21:49:28.519 25553 25736 D cellinfo: 46 bytes from 44.241.174.93: icmp_seq=26 ttl=32 time=144 ms
08-10 21:49:28.719 25553 25736 D cellinfo: 46 bytes from 44.241.174.93: icmp_seq=27 ttl=32 time=144 ms
08-10 21:49:28.919 25553 25736 D cellinfo: 46 bytes from 44.241.174.93: icmp_seq=28 ttl=32 time=143 ms
08-10 21:49:29.120 25553 25736 D cellinfo: 46 bytes from 44.241.174.93: icmp_seq=29 ttl=32 time=143 ms
08-10 21:49:29.321 25553 25736 D cellinfo: 46 bytes from 44.241.174.93: icmp_seq=30 ttl=32 time=145 ms
08-10 21:49:29.521 25553 25736 D cellinfo: 46 bytes from 44.241.174.93: icmp_seq=31 ttl=32 time=143 ms
08-10 21:49:29.798 25553 25736 D cellinfo: 46 bytes from 44.241.174.93: icmp_seq=32 ttl=32 time=221 ms
08-10 21:49:29.958 25553 25736 D cellinfo: 46 bytes from 44.241.174.93: icmp_seq=33 ttl=32 time=174 ms
08-10 21:49:30.120 25553 25736 D cellinfo: 46 bytes from 44.241.174.93: icmp_seq=34 ttl=32 time=134 ms
08-10 21:49:30.364 25553 25736 D cellinfo: 46 bytes from 44.241.174.93: icmp_seq=35 ttl=32 time=179 ms
08-10 21:49:30.559 25553 25736 D cellinfo: 46 bytes from 44.241.174.93: icmp_seq=36 ttl=32 time=174 ms
08-10 21:49:30.760 25553 25736 D cellinfo: 46 bytes from 44.241.174.93: icmp_seq=37 ttl=32 time=173 ms
08-10 21:49:30.921 25553 25736 D cellinfo: 46 bytes from 44.241.174.93: icmp_seq=38 ttl=32 time=134 ms
08-10 21:49:31.120 25553 25736 D cellinfo: 46 bytes from 44.241.174.93: icmp_seq=39 ttl=32 time=133 ms
08-10 21:49:31.321 25553 25736 D cellinfo: 46 bytes from 44.241.174.93: icmp_seq=40 ttl=32 time=133 ms
08-10 21:49:31.353 25553 25553 D cellinfo: Latitude is 41.0319362
08-10 21:49:31.353 25553 25553 D cellinfo: Longitude is -105.4390408
08-10 21:49:31.353 25553 25553 D cellinfo: Instantaneous GPS information: United States, US-287, Tie Siding, WY 82084, USA
08-10 21:49:31.353 25553 25553 D cellinfo: getCurrentLocation() result: Location (success): 41.0319362, -105.4390408
08-10 21:49:31.394 25553 25553 D cellinfo: onCellInfoChanged: Operator: AT&T UpdateTimestamp: 194444131 CellConnectionStatus: 0
08-10 21:49:31.394 25553 25553 D cellinfo: onCellInfoChanged: LTE Cell Bands: [2] Bandwidth: 2147483647 Cell ID: 112998666 Physical Cell ID: 107 Tracking Area Code: 38918 EARFCN: 1100
08-10 21:49:31.520 25553 25736 D cellinfo: 46 bytes from 44.241.174.93: icmp_seq=41 ttl=32 time=132 ms
08-10 21:49:31.719 25553 25736 D cellinfo: 46 bytes from 44.241.174.93: icmp_seq=42 ttl=32 time=131 ms
08-10 21:49:31.920 25553 25736 D cellinfo: 46 bytes from 44.241.174.93: icmp_seq=43 ttl=32 time=131 ms
08-10 21:49:32.119 25553 25736 D cellinfo: 46 bytes from 44.241.174.93: icmp_seq=44 ttl=32 time=130 ms
08-10 21:49:32.319 25553 25736 D cellinfo: 46 bytes from 44.241.174.93: icmp_seq=45 ttl=32 time=130 ms
08-10 21:49:32.521 25553 25736 D cellinfo: 46 bytes from 44.241.174.93: icmp_seq=46 ttl=32 time=132 ms
08-10 21:49:32.734 25553 25736 D cellinfo: 46 bytes from 44.241.174.93: icmp_seq=47 ttl=32 time=144 ms
08-10 21:49:32.919 25553 25736 D cellinfo: 46 bytes from 44.241.174.93: icmp_seq=48 ttl=32 time=129 ms
08-10 21:49:33.119 25553 25736 D cellinfo: 46 bytes from 44.241.174.93: icmp_seq=49 ttl=32 time=129 ms
08-10 21:49:33.329 25553 25736 D cellinfo: 46 bytes from 44.241.174.93: icmp_seq=50 ttl=32 time=136 ms
08-10 21:49:33.494 25553 25553 D cellinfo: onsignalStrengthsChanged: LTE Signal Strength info: rsrp: -108 rsrq: -13 rssi: -77 rssnr: 3
08-10 21:49:33.520 25553 25736 D cellinfo: 46 bytes from 44.241.174.93: icmp_seq=51 ttl=32 time=128 ms
08-10 21:49:33.721 25553 25736 D cellinfo: 46 bytes from 44.241.174.93: icmp_seq=52 ttl=32 time=128 ms
08-10 21:49:33.922 25553 25736 D cellinfo: 46 bytes from 44.241.174.93: icmp_seq=53 ttl=32 time=127 ms
08-10 21:49:34.121 25553 25736 D cellinfo: 46 bytes from 44.241.174.93: icmp_seq=54 ttl=32 time=126 ms
08-10 21:49:34.360 25553 25736 D cellinfo: 46 bytes from 44.241.174.93: icmp_seq=55 ttl=32 time=163 ms
08-10 21:49:34.411 25553 25553 D cellinfo: onCellInfoChanged: Operator: AT&T UpdateTimestamp: 194447147 CellConnectionStatus: 0
08-10 21:49:34.411 25553 25553 D cellinfo: onCellInfoChanged: LTE Cell Bands: [2] Bandwidth: 2147483647 Cell ID: 112998666 Physical Cell ID: 107 Tracking Area Code: 38918 EARFCN: 1100
08-10 21:49:34.521 25553 25736 D cellinfo: 46 bytes from 44.241.174.93: icmp_seq=56 ttl=32 time=124 ms
08-10 21:49:34.721 25553 25736 D cellinfo: 46 bytes from 44.241.174.93: icmp_seq=57 ttl=32 time=122 ms
08-10 21:49:34.922 25553 25736 D cellinfo: 46 bytes from 44.241.174.93: icmp_seq=58 ttl=32 time=121 ms
08-10 21:49:35.121 25553 25736 D cellinfo: 46 bytes from 44.241.174.93: icmp_seq=59 ttl=32 time=121 ms
08-10 21:49:35.322 25553 25736 D cellinfo: 46 bytes from 44.241.174.93: icmp_seq=60 ttl=32 time=121 ms
08-10 21:49:35.544 25553 25736 D cellinfo: 46 bytes from 44.241.174.93: icmp_seq=61 ttl=32 time=142 ms
08-10 21:49:35.762 25553 25736 D cellinfo: 46 bytes from 44.241.174.93: icmp_seq=62 ttl=32 time=158 ms
08-10 21:49:35.963 25553 25736 D cellinfo: 46 bytes from 44.241.174.93: icmp_seq=63 ttl=32 time=157 ms
08-10 21:49:36.160 25553 25736 D cellinfo: 46 bytes from 44.241.174.93: icmp_seq=64 ttl=32 time=153 ms
08-10 21:49:36.362 25553 25736 D cellinfo: 46 bytes from 44.241.174.93: icmp_seq=65 ttl=32 time=153 ms
08-10 21:49:36.371 25553 25553 D cellinfo: Latitude is 41.0293431
08-10 21:49:36.371 25553 25553 D cellinfo: Longitude is -105.4359971
08-10 21:49:36.371 25553 25553 D cellinfo: Instantaneous GPS information: United States, US-287, Tie Siding, WY 82084, USA
08-10 21:49:36.371 25553 25553 D cellinfo: getCurrentLocation() result: Location (success): 41.0293431, -105.4359971
08-10 21:49:36.553 25553 25736 D cellinfo: 46 bytes from 44.241.174.93: icmp_seq=66 ttl=32 time=145 ms
08-10 21:49:36.761 25553 25736 D cellinfo: 46 bytes from 44.241.174.93: icmp_seq=67 ttl=32 time=149 ms
08-10 21:49:36.960 25553 25736 D cellinfo: 46 bytes from 44.241.174.93: icmp_seq=68 ttl=32 time=147 ms
08-10 21:49:37.160 25553 25736 D cellinfo: 46 bytes from 44.241.174.93: icmp_seq=69 ttl=32 time=146 ms
08-10 21:49:37.354 25553 25553 D cellinfo: Latitude is 41.0293431
08-10 21:49:37.354 25553 25553 D cellinfo: Longitude is -105.4359971
08-10 21:49:37.354 25553 25553 D cellinfo: Instantaneous GPS information: United States, US-287, Tie Siding, WY 82084, USA
08-10 21:49:37.355 25553 25553 D cellinfo: getCurrentLocation() result: Location (success): 41.0293431, -105.4359971
08-10 21:49:37.362 25553 25736 D cellinfo: 46 bytes from 44.241.174.93: icmp_seq=70 ttl=32 time=148 ms
08-10 21:49:37.408 25553 25553 D cellinfo: onCellInfoChanged: Operator: AT&T UpdateTimestamp: 194450145 CellConnectionStatus: 0
08-10 21:49:37.408 25553 25553 D cellinfo: onCellInfoChanged: LTE Cell Bands: [2] Bandwidth: 2147483647 Cell ID: 112998666 Physical Cell ID: 107 Tracking Area Code: 38918 EARFCN: 1100
08-10 21:49:37.560 25553 25736 D cellinfo: 46 bytes from 44.241.174.93: icmp_seq=71 ttl=32 time=145 ms
08-10 21:49:37.760 25553 25736 D cellinfo: 46 bytes from 44.241.174.93: icmp_seq=72 ttl=32 time=144 ms
08-10 21:49:37.960 25553 25736 D cellinfo: 46 bytes from 44.241.174.93: icmp_seq=73 ttl=32 time=144 ms
08-10 21:49:38.160 25553 25736 D cellinfo: 46 bytes from 44.241.174.93: icmp_seq=74 ttl=32 time=142 ms
08-10 21:49:38.360 25553 25736 D cellinfo: 46 bytes from 44.241.174.93: icmp_seq=75 ttl=32 time=142 ms
08-10 21:49:38.567 25553 25736 D cellinfo: 46 bytes from 44.241.174.93: icmp_seq=76 ttl=32 time=148 ms
08-10 21:49:38.767 25553 25736 D cellinfo: 46 bytes from 44.241.174.93: icmp_seq=77 ttl=32 time=148 ms
08-10 21:49:38.962 25553 25736 D cellinfo: 46 bytes from 44.241.174.93: icmp_seq=78 ttl=32 time=140 ms
08-10 21:49:39.200 25553 25736 D cellinfo: 46 bytes from 44.241.174.93: icmp_seq=79 ttl=32 time=178 ms
08-10 21:49:39.465 25553 25736 D cellinfo: 46 bytes from 44.241.174.93: icmp_seq=80 ttl=32 time=244 ms
08-10 21:49:40.226 25553 25553 D cellinfo: onsignalStrengthsChanged: LTE Signal Strength info: rsrp: -107 rsrq: -13 rssi: -79 rssnr: 1
08-10 21:49:40.324 25553 25736 D cellinfo: 46 bytes from 44.241.174.93: icmp_seq=81 ttl=32 time=894 ms
08-10 21:49:40.351 25553 25553 D cellinfo: Latitude is 41.0293431
08-10 21:49:40.351 25553 25553 D cellinfo: Longitude is -105.4359971
08-10 21:49:40.351 25553 25553 D cellinfo: Instantaneous GPS information: United States, US-287, Tie Siding, WY 82084, USA
08-10 21:49:40.351 25553 25553 D cellinfo: getCurrentLocation() result: Location (success): 41.0293431, -105.4359971
08-10 21:49:40.392 25553 25553 D cellinfo: onCellInfoChanged: Operator: 000000 UpdateTimestamp: 194453129 CellConnectionStatus: 0
08-10 21:49:40.392 25553 25553 D cellinfo: onCellInfoChanged: LTE Cell Bands: [2] Bandwidth: 2147483647 Cell ID: 2147483647 Physical Cell ID: 25 Tracking Area Code: 65535 EARFCN: 1100
08-10 21:49:40.443 25553 25736 D cellinfo: 46 bytes from 44.241.174.93: icmp_seq=82 ttl=32 time=814 ms
08-10 21:49:40.476 25553 25553 D cellinfo: onCellInfoChanged: Operator: AT&T UpdateTimestamp: 194453207 CellConnectionStatus: 0
08-10 21:49:40.476 25553 25553 D cellinfo: onCellInfoChanged: LTE Cell Bands: [2] Bandwidth: 2147483647 Cell ID: 113000882 Physical Cell ID: 25 Tracking Area Code: 38918 EARFCN: 1100
08-10 21:49:40.504 25553 25553 D cellinfo: onServiceStateChanged: Channel Number: 1100 Cell Bandwidths: []
08-10 21:49:40.541 25553 25736 D cellinfo: 46 bytes from 44.241.174.93: icmp_seq=83 ttl=32 time=703 ms
08-10 21:49:40.541 25553 25736 D cellinfo: 46 bytes from 44.241.174.93: icmp_seq=84 ttl=32 time=496 ms
08-10 21:49:40.541 25553 25736 D cellinfo: 46 bytes from 44.241.174.93: icmp_seq=85 ttl=32 time=287 ms
08-10 21:49:40.622 25553 25736 D cellinfo: 46 bytes from 44.241.174.93: icmp_seq=86 ttl=32 time=165 ms
08-10 21:49:40.781 25553 25736 D cellinfo: 46 bytes from 44.241.174.93: icmp_seq=87 ttl=32 time=124 ms
08-10 21:49:41.021 25553 25736 D cellinfo: 46 bytes from 44.241.174.93: icmp_seq=88 ttl=32 time=162 ms
08-10 21:49:41.221 25553 25736 D cellinfo: 46 bytes from 44.241.174.93: icmp_seq=89 ttl=32 time=161 ms
08-10 21:49:41.421 25553 25736 D cellinfo: 46 bytes from 44.241.174.93: icmp_seq=90 ttl=32 time=160 ms
08-10 21:49:41.621 25553 25736 D cellinfo: 46 bytes from 44.241.174.93: icmp_seq=91 ttl=32 time=159 ms
08-10 21:49:41.821 25553 25736 D cellinfo: 46 bytes from 44.241.174.93: icmp_seq=92 ttl=32 time=158 ms
08-10 21:49:42.021 25553 25736 D cellinfo: 46 bytes from 44.241.174.93: icmp_seq=93 ttl=32 time=158 ms
08-10 21:49:42.233 25553 25736 D cellinfo: 46 bytes from 44.241.174.93: icmp_seq=94 ttl=32 time=171 ms
08-10 21:49:42.247 25553 25553 D cellinfo: onCellInfoChanged: Operator: AT&T UpdateTimestamp: 194454981 CellConnectionStatus: 0
08-10 21:49:42.247 25553 25553 D cellinfo: onCellInfoChanged: LTE Cell Bands: [2] Bandwidth: 2147483647 Cell ID: 112998666 Physical Cell ID: 107 Tracking Area Code: 38918 EARFCN: 1100
08-10 21:49:42.283 25553 25553 D cellinfo: onServiceStateChanged: Channel Number: 1100 Cell Bandwidths: []
08-10 21:49:42.401 25553 25736 D cellinfo: 46 bytes from 44.241.174.93: icmp_seq=95 ttl=32 time=137 ms
08-10 21:49:42.628 25553 25736 D cellinfo: 46 bytes from 44.241.174.93: icmp_seq=96 ttl=32 time=165 ms
08-10 21:49:42.828 25553 25736 D cellinfo: 46 bytes from 44.241.174.93: icmp_seq=97 ttl=32 time=164 ms
08-10 21:49:43.029 25553 25736 D cellinfo: 46 bytes from 44.241.174.93: icmp_seq=98 ttl=32 time=164 ms
08-10 21:49:43.229 25553 25736 D cellinfo: 46 bytes from 44.241.174.93: icmp_seq=99 ttl=32 time=165 ms
08-10 21:49:43.352 25553 25553 D cellinfo: Latitude is 41.0293431
08-10 21:49:43.352 25553 25553 D cellinfo: Longitude is -105.4359971
08-10 21:49:43.352 25553 25553 D cellinfo: Instantaneous GPS information: United States, US-287, Tie Siding, WY 82084, USA
08-10 21:49:43.352 25553 25553 D cellinfo: getCurrentLocation() result: Location (success): 41.0293431, -105.4359971
08-10 21:49:43.402 25553 25553 D cellinfo: onCellInfoChanged: Operator: AT&T UpdateTimestamp: 194456139 CellConnectionStatus: 0
08-10 21:49:43.402 25553 25553 D cellinfo: onCellInfoChanged: LTE Cell Bands: [2] Bandwidth: 2147483647 Cell ID: 112998666 Physical Cell ID: 107 Tracking Area Code: 38918 EARFCN: 1100
08-10 21:49:43.427 25553 25736 D cellinfo: 46 bytes from 44.241.174.93: icmp_seq=100 ttl=32 time=163 ms
08-10 21:49:43.629 25553 25736 D cellinfo: 46 bytes from 44.241.174.93: icmp_seq=101 ttl=32 time=162 ms
08-10 21:49:43.869 25553 25736 D cellinfo: 46 bytes from 44.241.174.93: icmp_seq=102 ttl=32 time=201 ms
08-10 21:49:44.029 25553 25736 D cellinfo: 46 bytes from 44.241.174.93: icmp_seq=103 ttl=32 time=158 ms
08-10 21:49:44.229 25553 25736 D cellinfo: 46 bytes from 44.241.174.93: icmp_seq=104 ttl=32 time=158 ms
08-10 21:49:44.429 25553 25736 D cellinfo: 46 bytes from 44.241.174.93: icmp_seq=105 ttl=32 time=159 ms
08-10 21:49:45.326 25553 25553 D cellinfo: onsignalStrengthsChanged: LTE Signal Strength info: rsrp: -109 rsrq: -14 rssi: -77 rssnr: 0
08-10 21:49:46.395 25553 25553 D cellinfo: onCellInfoChanged: Operator: AT&T UpdateTimestamp: 194459130 CellConnectionStatus: 0
08-10 21:49:46.395 25553 25553 D cellinfo: onCellInfoChanged: LTE Cell Bands: [2] Bandwidth: 2147483647 Cell ID: 112998666 Physical Cell ID: 107 Tracking Area Code: 38918 EARFCN: 1100
08-10 21:49:47.068 25553 25553 D cellinfo: onsignalStrengthsChanged: LTE Signal Strength info: rsrp: -112 rsrq: -16 rssi: -87 rssnr: -2
08-10 21:49:47.087 25553 25553 D cellinfo: onCellInfoChanged: Operator: AT&T UpdateTimestamp: 194459822 CellConnectionStatus: 0
08-10 21:49:47.087 25553 25553 D cellinfo: onCellInfoChanged: LTE Cell Bands: [66] Bandwidth: 2147483647 Cell ID: 113002684 Physical Cell ID: 44 Tracking Area Code: 38918 EARFCN: 67086
08-10 21:49:47.123 25553 25553 D cellinfo: onServiceStateChanged: Channel Number: 67086 Cell Bandwidths: []
08-10 21:49:52.479 25553 25553 D cellinfo: getCurrentLocation() result: Location (success): 41.0276462, -105.4318223
08-10 21:49:52.481 25553 25553 D cellinfo: onsignalStrengthsChanged: LTE Signal Strength info: rsrp: -113 rsrq: -16 rssi: -87 rssnr: -2
08-10 21:49:52.481 25553 25553 D cellinfo: onCellInfoChanged: Operator: AT&T UpdateTimestamp: 194462146 CellConnectionStatus: 0
08-10 21:49:52.481 25553 25553 D cellinfo: onCellInfoChanged: LTE Cell Bands: [66] Bandwidth: 2147483647 Cell ID: 113002684 Physical Cell ID: 44 Tracking Area Code: 38918 EARFCN: 67086
08-10 21:49:52.482 25553 25553 D cellinfo: onsignalStrengthsChanged: LTE Signal Strength info: rsrp: -115 rsrq: -15 rssi: -93 rssnr: -2
08-10 21:49:55.683 25553 25736 D cellinfo: 46 bytes from 44.241.174.93: icmp_seq=108 ttl=32 time=10793 ms
08-10 21:49:55.683 25553 25736 D cellinfo: 46 bytes from 44.241.174.93: icmp_seq=143 ttl=32 time=3597 ms
08-10 21:49:55.683 25553 25736 D cellinfo: 46 bytes from 44.241.174.93: icmp_seq=144 ttl=32 time=3396 ms
08-10 21:49:55.684 25553 25736 D cellinfo: 46 bytes from 44.241.174.93: icmp_seq=145 ttl=32 time=3187 ms
08-10 21:49:55.684 25553 25736 D cellinfo: 46 bytes from 44.241.174.93: icmp_seq=146 ttl=32 time=2978 ms
08-10 21:49:55.688 25553 25736 D cellinfo: 46 bytes from 44.241.174.93: icmp_seq=147 ttl=32 time=2782 ms
08-10 21:49:55.695 25553 25736 D cellinfo: 46 bytes from 44.241.174.93: icmp_seq=148 ttl=32 time=2586 ms
08-10 21:49:55.699 25553 25736 D cellinfo: 46 bytes from 44.241.174.93: icmp_seq=149 ttl=32 time=2389 ms
08-10 21:49:55.725 25553 25736 D cellinfo: 46 bytes from 44.241.174.93: icmp_seq=153 ttl=32 time=1593 ms
08-10 21:49:55.728 25553 25736 D cellinfo: 46 bytes from 44.241.174.93: icmp_seq=154 ttl=32 time=1396 ms
08-10 21:49:55.729 25553 25736 D cellinfo: 46 bytes from 44.241.174.93: icmp_seq=155 ttl=32 time=1198 ms
08-10 21:49:55.731 25553 25736 D cellinfo: 46 bytes from 44.241.174.93: icmp_seq=156 ttl=32 time=1000 ms
08-10 21:49:55.740 25553 25736 D cellinfo: 46 bytes from 44.241.174.93: icmp_seq=157 ttl=32 time=806 ms
08-10 21:49:55.740 25553 25736 D cellinfo: 46 bytes from 44.241.174.93: icmp_seq=158 ttl=32 time=596 ms
08-10 21:49:55.863 25553 25736 D cellinfo: 46 bytes from 44.241.174.93: icmp_seq=159 ttl=32 time=519 ms
08-10 21:49:55.884 25553 25736 D cellinfo: 46 bytes from 44.241.174.93: icmp_seq=160 ttl=32 time=340 ms
08-10 21:49:55.886 25553 25736 D cellinfo: 46 bytes from 44.241.174.93: icmp_seq=161 ttl=32 time=134 ms
08-10 21:49:56.135 25553 25736 D cellinfo: 46 bytes from 44.241.174.93: icmp_seq=162 ttl=32 time=180 ms
08-10 21:49:56.342 25553 25736 D cellinfo: 46 bytes from 44.241.174.93: icmp_seq=163 ttl=32 time=187 ms
08-10 21:49:56.485 25553 25736 D cellinfo: 46 bytes from 44.241.174.93: icmp_seq=164 ttl=32 time=129 ms
08-10 21:49:56.741 25553 25736 D cellinfo: 46 bytes from 44.241.174.93: icmp_seq=165 ttl=32 time=183 ms
08-10 21:49:56.745 25553 25553 D cellinfo: Latitude is 41.0276462
08-10 21:49:56.745 25553 25553 D cellinfo: Longitude is -105.4318223
08-10 21:49:56.745 25553 25553 D cellinfo: Instantaneous GPS information: United States, US-287, Tie Siding, WY 82084, USA
08-10 21:49:56.745 25553 25553 D cellinfo: getCurrentLocation() result: Location (success): 41.0276462, -105.4318223
08-10 21:49:56.892 25553 25736 D cellinfo: 46 bytes from 44.241.174.93: icmp_seq=166 ttl=32 time=133 ms
08-10 21:49:57.097 25553 25736 D cellinfo: 46 bytes from 44.241.174.93: icmp_seq=167 ttl=32 time=136 ms
08-10 21:49:57.324 25553 25736 D cellinfo: 46 bytes from 44.241.174.93: icmp_seq=168 ttl=32 time=163 ms
08-10 21:49:57.501 25553 25736 D cellinfo: 46 bytes from 44.241.174.93: icmp_seq=169 ttl=32 time=138 ms
08-10 21:49:57.627 25553 25553 D cellinfo: Latitude is 41.0268659
08-10 21:49:57.627 25553 25553 D cellinfo: Longitude is -105.4299347
08-10 21:49:57.627 25553 25553 D cellinfo: Instantaneous GPS information: United States, US-287, Tie Siding, WY 82084, USA
08-10 21:49:57.627 25553 25553 D cellinfo: getCurrentLocation() result: Location (success): 41.0268659, -105.4299347
08-10 21:49:57.629 25553 25553 D cellinfo: onsignalStrengthsChanged: LTE Signal Strength info: rsrp: -117 rsrq: -15 rssi: -93 rssnr: -2
08-10 21:49:57.629 25553 25553 D cellinfo: onsignalStrengthsChanged: LTE Signal Strength info: rsrp: -120 rsrq: -17 rssi: -83 rssnr: -4
08-10 21:49:57.630 25553 25553 D cellinfo: onCellInfoChanged: Operator: AT&T UpdateTimestamp: 194466790 CellConnectionStatus: 0
08-10 21:49:57.630 25553 25553 D cellinfo: onCellInfoChanged: LTE Cell Bands: [2] Bandwidth: 2147483647 Cell ID: 112998666 Physical Cell ID: 107 Tracking Area Code: 38918 EARFCN: 1100
08-10 21:49:57.630 25553 25553 D cellinfo: onServiceStateChanged: Channel Number: 1100 Cell Bandwidths: []
08-10 21:49:57.630 25553 25553 D cellinfo: onCellInfoChanged: Operator: AT&T UpdateTimestamp: 194467168 CellConnectionStatus: 0
08-10 21:49:57.630 25553 25553 D cellinfo: onCellInfoChanged: LTE Cell Bands: [2] Bandwidth: 2147483647 Cell ID: 112998666 Physical Cell ID: 107 Tracking Area Code: 38918 EARFCN: 1100
08-10 21:49:57.631 25553 25553 D cellinfo: onCellInfoChanged: Operator: AT&T UpdateTimestamp: 194468241 CellConnectionStatus: 0
08-10 21:49:57.631 25553 25553 D cellinfo: onCellInfoChanged: LTE Cell Bands: [2] Bandwidth: 2147483647 Cell ID: 113000882 Physical Cell ID: 25 Tracking Area Code: 38918 EARFCN: 1100
08-10 21:49:57.631 25553 25553 D cellinfo: onServiceStateChanged: Channel Number: 1100 Cell Bandwidths: []
08-10 21:49:57.632 25553 25553 D cellinfo: onCellInfoChanged: Operator: AT&T UpdateTimestamp: 194469848 CellConnectionStatus: 0
08-10 21:49:57.632 25553 25553 D cellinfo: onCellInfoChanged: LTE Cell Bands: [2] Bandwidth: 2147483647 Cell ID: 113000882 Physical Cell ID: 25 Tracking Area Code: 38918 EARFCN: 1100
08-10 21:49:57.648 25553 25553 D cellinfo: Latitude is 41.0268659
08-10 21:49:57.648 25553 25553 D cellinfo: Longitude is -105.4299347
08-10 21:49:57.648 25553 25553 D cellinfo: Instantaneous GPS information: United States, US-287, Tie Siding, WY 82084, USA
08-10 21:49:57.648 25553 25553 D cellinfo: getCurrentLocation() result: Location (success): 41.0268659, -105.4299347
08-10 21:49:57.740 25553 25736 D cellinfo: 46 bytes from 44.241.174.93: icmp_seq=170 ttl=32 time=177 ms
08-10 21:49:57.901 25553 25736 D cellinfo: 46 bytes from 44.241.174.93: icmp_seq=171 ttl=32 time=136 ms
08-10 21:49:58.102 25553 25736 D cellinfo: 46 bytes from 44.241.174.93: icmp_seq=172 ttl=32 time=135 ms
08-10 21:49:58.323 25553 25736 D cellinfo: 46 bytes from 44.241.174.93: icmp_seq=173 ttl=32 time=158 ms
08-10 21:49:58.498 25553 25736 D cellinfo: 46 bytes from 44.241.174.93: icmp_seq=174 ttl=32 time=133 ms
08-10 21:49:58.691 25553 25736 D cellinfo: 46 bytes from 44.241.174.93: icmp_seq=175 ttl=32 time=123 ms
08-10 21:49:58.904 25553 25736 D cellinfo: 46 bytes from 44.241.174.93: icmp_seq=176 ttl=32 time=132 ms
08-10 21:49:59.124 25553 25736 D cellinfo: 46 bytes from 44.241.174.93: icmp_seq=177 ttl=32 time=151 ms
08-10 21:49:59.314 25553 25553 D cellinfo: Latitude is 41.0259897
08-10 21:49:59.314 25553 25553 D cellinfo: Longitude is -105.4282477
08-10 21:49:59.314 25553 25553 D cellinfo: Instantaneous GPS information: United States, US-287, Tie Siding, WY 82084, USA
08-10 21:49:59.314 25553 25553 D cellinfo: getCurrentLocation() result: Location (success): 41.0259897, -105.4282477
08-10 21:49:59.340 25553 25736 D cellinfo: 46 bytes from 44.241.174.93: icmp_seq=178 ttl=32 time=168 ms
08-10 21:49:59.541 25553 25736 D cellinfo: 46 bytes from 44.241.174.93: icmp_seq=179 ttl=32 time=167 ms
08-10 21:49:59.741 25553 25736 D cellinfo: 46 bytes from 44.241.174.93: icmp_seq=180 ttl=32 time=166 ms
08-10 21:49:59.941 25553 25736 D cellinfo: 46 bytes from 44.241.174.93: icmp_seq=181 ttl=32 time=165 ms
08-10 21:50:00.110 25553 25736 D cellinfo: 46 bytes from 44.241.174.93: icmp_seq=182 ttl=32 time=134 ms
08-10 21:50:00.341 25553 25736 D cellinfo: 46 bytes from 44.241.174.93: icmp_seq=183 ttl=32 time=164 ms
08-10 21:50:00.394 25553 25553 D cellinfo: onsignalStrengthsChanged: LTE Signal Strength info: rsrp: -118 rsrq: -18 rssi: -85 rssnr: -3
08-10 21:50:00.540 25553 25736 D cellinfo: 46 bytes from 44.241.174.93: icmp_seq=184 ttl=32 time=162 ms
08-10 21:50:00.702 25553 25736 D cellinfo: 46 bytes from 44.241.174.93: icmp_seq=185 ttl=32 time=123 ms
08-10 21:50:00.711 25553 25553 D cellinfo: onCellInfoChanged: Operator: AT&T UpdateTimestamp: 194473444 CellConnectionStatus: 0
08-10 21:50:00.711 25553 25553 D cellinfo: onCellInfoChanged: LTE Cell Bands: [2] Bandwidth: 2147483647 Cell ID: 113000882 Physical Cell ID: 25 Tracking Area Code: 38918 EARFCN: 1100
08-10 21:50:00.940 25553 25736 D cellinfo: 46 bytes from 44.241.174.93: icmp_seq=186 ttl=32 time=161 ms
08-10 21:50:01.140 25553 25736 D cellinfo: 46 bytes from 44.241.174.93: icmp_seq=187 ttl=32 time=161 ms
08-10 21:50:01.340 25553 25736 D cellinfo: 46 bytes from 44.241.174.93: icmp_seq=188 ttl=32 time=161 ms
08-10 21:50:01.360 25553 25553 D cellinfo: Latitude is 41.0259897
08-10 21:50:01.360 25553 25553 D cellinfo: Longitude is -105.4282477
08-10 21:50:01.360 25553 25553 D cellinfo: Instantaneous GPS information: United States, US-287, Tie Siding, WY 82084, USA
08-10 21:50:01.360 25553 25553 D cellinfo: getCurrentLocation() result: Location (success): 41.0259897, -105.4282477
08-10 21:50:01.540 25553 25736 D cellinfo: 46 bytes from 44.241.174.93: icmp_seq=189 ttl=32 time=161 ms
08-10 21:50:01.740 25553 25736 D cellinfo: 46 bytes from 44.241.174.93: icmp_seq=190 ttl=32 time=160 ms
08-10 21:50:01.941 25553 25736 D cellinfo: 46 bytes from 44.241.174.93: icmp_seq=191 ttl=32 time=160 ms
08-10 21:50:02.058 25553 25553 D cellinfo: onCellInfoChanged: Operator: AT&T UpdateTimestamp: 194474793 CellConnectionStatus: 0
08-10 21:50:02.058 25553 25553 D cellinfo: onCellInfoChanged: LTE Cell Bands: [2] Bandwidth: 2147483647 Cell ID: 112998666 Physical Cell ID: 107 Tracking Area Code: 38918 EARFCN: 1100
08-10 21:50:02.085 25553 25553 D cellinfo: onServiceStateChanged: Channel Number: 1100 Cell Bandwidths: []
08-10 21:50:02.150 25553 25736 D cellinfo: 46 bytes from 44.241.174.93: icmp_seq=192 ttl=32 time=167 ms
08-10 21:50:02.469 25553 25736 D cellinfo: 46 bytes from 44.241.174.93: icmp_seq=193 ttl=32 time=288 ms
08-10 21:50:02.549 25553 25736 D cellinfo: 46 bytes from 44.241.174.93: icmp_seq=194 ttl=32 time=159 ms
08-10 21:50:02.621 25553 25553 D cellinfo: onsignalStrengthsChanged: LTE Signal Strength info: rsrp: -118 rsrq: -17 rssi: -79 rssnr: -3
08-10 21:50:02.749 25553 25736 D cellinfo: 46 bytes from 44.241.174.93: icmp_seq=195 ttl=32 time=158 ms
08-10 21:50:02.957 25553 25736 D cellinfo: 46 bytes from 44.241.174.93: icmp_seq=196 ttl=32 time=166 ms
08-10 21:50:03.149 25553 25736 D cellinfo: 46 bytes from 44.241.174.93: icmp_seq=197 ttl=32 time=156 ms
08-10 21:50:03.334 25553 25553 D cellinfo: onsignalStrengthsChanged: LTE Signal Strength info: rsrp: -116 rsrq: -17 rssi: -85 rssnr: -2
08-10 21:50:03.349 25553 25736 D cellinfo: 46 bytes from 44.241.174.93: icmp_seq=198 ttl=32 time=157 ms
08-10 21:50:03.556 25553 25736 D cellinfo: 46 bytes from 44.241.174.93: icmp_seq=199 ttl=32 time=164 ms
08-10 21:50:03.752 25553 25736 D cellinfo: 46 bytes from 44.241.174.93: icmp_seq=200 ttl=32 time=160 ms
08-10 21:50:03.988 25553 25736 D cellinfo: 46 bytes from 44.241.174.93: icmp_seq=201 ttl=32 time=196 ms
08-10 21:50:04.149 25553 25736 D cellinfo: 46 bytes from 44.241.174.93: icmp_seq=202 ttl=32 time=156 ms
08-10 21:50:04.356 25553 25553 D cellinfo: Latitude is 41.0259897
08-10 21:50:04.356 25553 25553 D cellinfo: Longitude is -105.4282477
08-10 21:50:04.356 25553 25553 D cellinfo: Instantaneous GPS information: United States, US-287, Tie Siding, WY 82084, USA
08-10 21:50:04.356 25553 25553 D cellinfo: getCurrentLocation() result: Location (success): 41.0259897, -105.4282477
08-10 21:50:04.387 25553 25736 D cellinfo: 46 bytes from 44.241.174.93: icmp_seq=203 ttl=32 time=196 ms
08-10 21:50:04.400 25553 25553 D cellinfo: onCellInfoChanged: Operator: AT&T UpdateTimestamp: 194477135 CellConnectionStatus: 0
08-10 21:50:04.400 25553 25553 D cellinfo: onCellInfoChanged: LTE Cell Bands: [2] Bandwidth: 2147483647 Cell ID: 112998666 Physical Cell ID: 107 Tracking Area Code: 38918 EARFCN: 1100
08-10 21:50:04.571 25553 25736 D cellinfo: 46 bytes from 44.241.174.93: icmp_seq=204 ttl=32 time=179 ms
08-10 21:50:04.749 25553 25736 D cellinfo: 46 bytes from 44.241.174.93: icmp_seq=205 ttl=32 time=155 ms
08-10 21:50:04.864 25553 25553 D cellinfo: onsignalStrengthsChanged: LTE Signal Strength info: rsrp: -116 rsrq: -17 rssi: -79 rssnr: -3
08-10 21:50:04.948 25553 25736 D cellinfo: 46 bytes from 44.241.174.93: icmp_seq=206 ttl=32 time=153 ms
08-10 21:50:05.148 25553 25736 D cellinfo: 46 bytes from 44.241.174.93: icmp_seq=207 ttl=32 time=152 ms
08-10 21:50:05.349 25553 25736 D cellinfo: 46 bytes from 44.241.174.93: icmp_seq=208 ttl=32 time=152 ms
08-10 21:50:05.761 25553 25736 D cellinfo: 46 bytes from 44.241.174.93: icmp_seq=209 ttl=32 time=363 ms
08-10 21:50:05.761 25553 25736 D cellinfo: 46 bytes from 44.241.174.93: icmp_seq=210 ttl=32 time=154 ms
08-10 21:50:06.137 25553 25553 D cellinfo: onCellInfoChanged: Operator: AT&T UpdateTimestamp: 194478867 CellConnectionStatus: 0
08-10 21:50:06.137 25553 25553 D cellinfo: onCellInfoChanged: LTE Cell Bands: [2] Bandwidth: 2147483647 Cell ID: 113000882 Physical Cell ID: 25 Tracking Area Code: 38918 EARFCN: 1100
08-10 21:50:06.141 25553 25736 D cellinfo: 46 bytes from 44.241.174.93: icmp_seq=211 ttl=32 time=334 ms
08-10 21:50:06.170 25553 25553 D cellinfo: onServiceStateChanged: Channel Number: 1100 Cell Bandwidths: []
08-10 21:50:06.302 25553 25736 D cellinfo: 46 bytes from 44.241.174.93: icmp_seq=212 ttl=32 time=294 ms
08-10 21:50:06.328 25553 25553 D cellinfo: onsignalStrengthsChanged: LTE Signal Strength info: rsrp: -116 rsrq: -16 rssi: -81 rssnr: -2
08-10 21:50:06.379 25553 25736 D cellinfo: 46 bytes from 44.241.174.93: icmp_seq=213 ttl=32 time=172 ms
08-10 21:50:06.624 25553 25736 D cellinfo: 46 bytes from 44.241.174.93: icmp_seq=214 ttl=32 time=215 ms
08-10 21:50:06.900 25553 25736 D cellinfo: 46 bytes from 44.241.174.93: icmp_seq=215 ttl=32 time=284 ms
08-10 21:50:07.009 25553 25736 D cellinfo: 46 bytes from 44.241.174.93: icmp_seq=216 ttl=32 time=190 ms
08-10 21:50:07.221 25553 25736 D cellinfo: 46 bytes from 44.241.174.93: icmp_seq=217 ttl=32 time=203 ms
08-10 21:50:07.383 25553 25736 D cellinfo: 46 bytes from 44.241.174.93: icmp_seq=218 ttl=32 time=160 ms
08-10 21:50:07.395 25553 25553 D cellinfo: onCellInfoChanged: Operator: AT&T UpdateTimestamp: 194480130 CellConnectionStatus: 0
08-10 21:50:07.395 25553 25553 D cellinfo: onCellInfoChanged: LTE Cell Bands: [2] Bandwidth: 2147483647 Cell ID: 113000882 Physical Cell ID: 25 Tracking Area Code: 38918 EARFCN: 1100
08-10 21:50:07.583 25553 25736 D cellinfo: 46 bytes from 44.241.174.93: icmp_seq=219 ttl=32 time=160 ms
08-10 21:50:07.782 25553 25736 D cellinfo: 46 bytes from 44.241.174.93: icmp_seq=220 ttl=32 time=157 ms
08-10 21:50:07.981 25553 25736 D cellinfo: 46 bytes from 44.241.174.93: icmp_seq=221 ttl=32 time=154 ms
08-10 21:50:08.180 25553 25736 D cellinfo: 46 bytes from 44.241.174.93: icmp_seq=222 ttl=32 time=153 ms
08-10 21:50:08.381 25553 25736 D cellinfo: 46 bytes from 44.241.174.93: icmp_seq=223 ttl=32 time=152 ms
08-10 21:50:08.581 25553 25736 D cellinfo: 46 bytes from 44.241.174.93: icmp_seq=224 ttl=32 time=151 ms
08-10 21:50:08.830 25553 25736 D cellinfo: 46 bytes from 44.241.174.93: icmp_seq=225 ttl=32 time=198 ms
08-10 21:50:09.021 25553 25736 D cellinfo: 46 bytes from 44.241.174.93: icmp_seq=226 ttl=32 time=188 ms
08-10 21:50:09.205 25553 25736 D cellinfo: 46 bytes from 44.241.174.93: icmp_seq=227 ttl=32 time=173 ms
08-10 21:50:09.443 25553 25736 D cellinfo: 46 bytes from 44.241.174.93: icmp_seq=228 ttl=32 time=212 ms
08-10 21:50:09.807 25553 25736 D cellinfo: 46 bytes from 44.241.174.93: icmp_seq=229 ttl=32 time=363 ms
08-10 21:50:09.807 25553 25736 D cellinfo: 46 bytes from 44.241.174.93: icmp_seq=230 ttl=32 time=161 ms
08-10 21:50:10.233 25553 25553 D cellinfo: Latitude is 41.0235895
08-10 21:50:10.233 25553 25553 D cellinfo: Longitude is -105.4253462
08-10 21:50:10.233 25553 25553 D cellinfo: Instantaneous GPS information: United States, US-287, Tie Siding, WY 82084, USA
08-10 21:50:10.233 25553 25553 D cellinfo: getCurrentLocation() result: Location (success): 41.0235895, -105.4253462
08-10 21:50:10.236 25553 25553 D cellinfo: onsignalStrengthsChanged: LTE Signal Strength info: rsrp: -116 rsrq: -17 rssi: -83 rssnr: -3
08-10 21:50:10.236 25553 25553 D cellinfo: onsignalStrengthsChanged: LTE Signal Strength info: rsrp: -117 rsrq: -17 rssi: -85 rssnr: -6
08-10 21:50:10.246 25553 25553 D cellinfo: onCellInfoChanged: Operator: AT&T UpdateTimestamp: 194482976 CellConnectionStatus: 0
08-10 21:50:10.246 25553 25553 D cellinfo: onCellInfoChanged: LTE Cell Bands: [12] Bandwidth: 2147483647 Cell ID: 112998673 Physical Cell ID: 107 Tracking Area Code: 38918 EARFCN: 5090
08-10 21:50:10.275 25553 25553 D cellinfo: onServiceStateChanged: Channel Number: 5090 Cell Bandwidths: []
08-10 21:50:10.288 25553 25736 D cellinfo: 46 bytes from 44.241.174.93: icmp_seq=231 ttl=32 time=442 ms
08-10 21:50:10.293 25553 25553 D cellinfo: onDisplayInfoChanged: NetworkType: LTE OverrideNetworkType: None
08-10 21:50:10.303 25553 25736 D cellinfo: 46 bytes from 44.241.174.93: icmp_seq=232 ttl=32 time=247 ms
08-10 21:50:10.345 25553 25553 D cellinfo: Latitude is 41.0235895
08-10 21:50:10.345 25553 25553 D cellinfo: Longitude is -105.4253462
08-10 21:50:10.345 25553 25553 D cellinfo: Instantaneous GPS information: United States, US-287, Tie Siding, WY 82084, USA
08-10 21:50:10.345 25553 25553 D cellinfo: getCurrentLocation() result: Location (success): 41.0235895, -105.4253462
08-10 21:50:10.377 25553 25553 D cellinfo: onCellInfoChanged: Operator: AT&T UpdateTimestamp: 194483110 CellConnectionStatus: 0
08-10 21:50:10.377 25553 25553 D cellinfo: onCellInfoChanged: LTE Cell Bands: [12] Bandwidth: 2147483647 Cell ID: 112998673 Physical Cell ID: 107 Tracking Area Code: 38918 EARFCN: 5090
08-10 21:50:10.398 25553 25736 D cellinfo: 46 bytes from 44.241.174.93: icmp_seq=233 ttl=32 time=134 ms
08-10 21:50:10.625 25553 25736 D cellinfo: 46 bytes from 44.241.174.93: icmp_seq=234 ttl=32 time=161 ms
08-10 21:50:10.827 25553 25736 D cellinfo: 46 bytes from 44.241.174.93: icmp_seq=235 ttl=32 time=162 ms
08-10 21:50:11.026 25553 25736 D cellinfo: 46 bytes from 44.241.174.93: icmp_seq=236 ttl=32 time=160 ms
08-10 21:50:11.225 25553 25736 D cellinfo: 46 bytes from 44.241.174.93: icmp_seq=237 ttl=32 time=160 ms
08-10 21:50:11.510 25553 25736 D cellinfo: 46 bytes from 44.241.174.93: icmp_seq=238 ttl=32 time=243 ms
08-10 21:50:11.586 25553 25553 D cellinfo: onsignalStrengthsChanged: LTE Signal Strength info: rsrp: -118 rsrq: -17 rssi: -85 rssnr: -6
08-10 21:50:11.625 25553 25736 D cellinfo: 46 bytes from 44.241.174.93: icmp_seq=239 ttl=32 time=152 ms
08-10 21:50:11.902 25553 25736 D cellinfo: 46 bytes from 44.241.174.93: icmp_seq=240 ttl=32 time=227 ms
08-10 21:50:12.225 25553 25736 D cellinfo: 46 bytes from 44.241.174.93: icmp_seq=241 ttl=32 time=350 ms
08-10 21:50:12.315 25553 25736 D cellinfo: 46 bytes from 44.241.174.93: icmp_seq=242 ttl=32 time=239 ms
08-10 21:50:12.506 25553 25736 D cellinfo: 46 bytes from 44.241.174.93: icmp_seq=243 ttl=32 time=229 ms
08-10 21:50:12.706 25553 25736 D cellinfo: 46 bytes from 44.241.174.93: icmp_seq=244 ttl=32 time=228 ms
08-10 21:50:12.864 25553 25736 D cellinfo: 46 bytes from 44.241.174.93: icmp_seq=245 ttl=32 time=187 ms
08-10 21:50:13.029 25553 25736 D cellinfo: 46 bytes from 44.241.174.93: icmp_seq=246 ttl=32 time=149 ms
08-10 21:50:13.300 25553 25553 D cellinfo: onCellInfoChanged: Operator: AT&T UpdateTimestamp: 194486037 CellConnectionStatus: 0
08-10 21:50:13.301 25553 25553 D cellinfo: onCellInfoChanged: LTE Cell Bands: [12] Bandwidth: 2147483647 Cell ID: 112998673 Physical Cell ID: 107 Tracking Area Code: 38918 EARFCN: 5090
08-10 21:50:13.305 25553 25736 D cellinfo: 46 bytes from 44.241.174.93: icmp_seq=247 ttl=32 time=226 ms
08-10 21:50:13.341 25553 25553 D cellinfo: Latitude is 41.0235895
08-10 21:50:13.341 25553 25553 D cellinfo: Longitude is -105.4253462
08-10 21:50:13.341 25553 25553 D cellinfo: Instantaneous GPS information: United States, US-287, Tie Siding, WY 82084, USA
08-10 21:50:13.341 25553 25553 D cellinfo: getCurrentLocation() result: Location (success): 41.0235895, -105.4253462
08-10 21:50:13.467 25553 25736 D cellinfo: 46 bytes from 44.241.174.93: icmp_seq=248 ttl=32 time=177 ms
08-10 21:50:13.711 25553 25736 D cellinfo: 46 bytes from 44.241.174.93: icmp_seq=249 ttl=32 time=222 ms
08-10 21:50:13.834 25553 25553 D cellinfo: onsignalStrengthsChanged: LTE Signal Strength info: rsrp: -119 rsrq: -18 rssi: -85 rssnr: -7
08-10 21:50:13.865 25553 25736 D cellinfo: 46 bytes from 44.241.174.93: icmp_seq=250 ttl=32 time=167 ms
08-10 21:50:14.065 25553 25736 D cellinfo: 46 bytes from 44.241.174.93: icmp_seq=251 ttl=32 time=167 ms
08-10 21:50:14.363 25553 25736 D cellinfo: 46 bytes from 44.241.174.93: icmp_seq=252 ttl=32 time=265 ms
08-10 21:50:14.505 25553 25736 D cellinfo: 46 bytes from 44.241.174.93: icmp_seq=253 ttl=32 time=200 ms
08-10 21:50:15.930 25553 25553 D cellinfo: onsignalStrengthsChanged: LTE Signal Strength info: rsrp: -123 rsrq: -19 rssi: -87 rssnr: -8
08-10 21:50:15.964 25553 25553 D cellinfo: onServiceStateChanged: Channel Number: 1100 Cell Bandwidths: []
08-10 21:50:15.980 25553 25553 D cellinfo: onCellInfoChanged: Operator: AT&T UpdateTimestamp: 194488674 CellConnectionStatus: 0
08-10 21:50:15.980 25553 25553 D cellinfo: onCellInfoChanged: LTE Cell Bands: [2] Bandwidth: 2147483647 Cell ID: 113000882 Physical Cell ID: 25 Tracking Area Code: 38918 EARFCN: 1100
08-10 21:50:15.994 25553 25553 D cellinfo: onDisplayInfoChanged: NetworkType: LTE OverrideNetworkType: 5G (Sub-6 GHz)
08-10 21:50:16.056 25553 25553 D cellinfo: onsignalStrengthsChanged: LTE Signal Strength info: rsrp: -123 rsrq: -19 rssi: -89 rssnr: -8
08-10 21:50:16.352 25553 25553 D cellinfo: Latitude is 41.0235895
08-10 21:50:16.352 25553 25553 D cellinfo: Longitude is -105.4253462
08-10 21:50:16.352 25553 25553 D cellinfo: Instantaneous GPS information: United States, US-287, Tie Siding, WY 82084, USA
08-10 21:50:16.352 25553 25553 D cellinfo: getCurrentLocation() result: Location (success): 41.0235895, -105.4253462
08-10 21:50:16.382 25553 25736 D cellinfo: 46 bytes from 44.241.174.93: icmp_seq=254 ttl=32 time=1877 ms
08-10 21:50:16.400 25553 25553 D cellinfo: onCellInfoChanged: Operator: AT&T UpdateTimestamp: 194489136 CellConnectionStatus: 0
08-10 21:50:16.400 25553 25553 D cellinfo: onCellInfoChanged: LTE Cell Bands: [2] Bandwidth: 2147483647 Cell ID: 113000882 Physical Cell ID: 25 Tracking Area Code: 38918 EARFCN: 1100
08-10 21:50:16.530 25553 25736 D cellinfo: 46 bytes from 44.241.174.93: icmp_seq=255 ttl=32 time=1816 ms
08-10 21:50:16.530 25553 25736 D cellinfo: 46 bytes from 44.241.174.93: icmp_seq=256 ttl=32 time=1607 ms
08-10 21:50:16.530 25553 25736 D cellinfo: 46 bytes from 44.241.174.93: icmp_seq=257 ttl=32 time=1401 ms
08-10 21:50:16.531 25553 25736 D cellinfo: 46 bytes from 44.241.174.93: icmp_seq=258 ttl=32 time=1194 ms
08-10 21:50:16.645 25553 25736 D cellinfo: 46 bytes from 44.241.174.93: icmp_seq=259 ttl=32 time=1099 ms
08-10 21:50:16.645 25553 25736 D cellinfo: 46 bytes from 44.241.174.93: icmp_seq=260 ttl=32 time=891 ms
08-10 21:50:16.646 25553 25736 D cellinfo: 46 bytes from 44.241.174.93: icmp_seq=261 ttl=32 time=686 ms
08-10 21:50:16.731 25553 25736 D cellinfo: 46 bytes from 44.241.174.93: icmp_seq=262 ttl=32 time=561 ms
08-10 21:50:16.732 25553 25736 D cellinfo: 46 bytes from 44.241.174.93: icmp_seq=263 ttl=32 time=356 ms
08-10 21:50:18.047 25553 25736 D cellinfo: 46 bytes from 44.241.174.93: icmp_seq=264 ttl=32 time=1469 ms
08-10 21:50:18.084 25553 25736 D cellinfo: 46 bytes from 44.241.174.93: icmp_seq=265 ttl=32 time=1305 ms
08-10 21:50:18.092 25553 25736 D cellinfo: 46 bytes from 44.241.174.93: icmp_seq=266 ttl=32 time=1107 ms
08-10 21:50:18.129 25553 25736 D cellinfo: 46 bytes from 44.241.174.93: icmp_seq=267 ttl=32 time=936 ms
08-10 21:50:18.183 25553 25736 D cellinfo: 46 bytes from 44.241.174.93: icmp_seq=268 ttl=32 time=781 ms
08-10 21:50:18.183 25553 25736 D cellinfo: 46 bytes from 44.241.174.93: icmp_seq=269 ttl=32 time=575 ms
08-10 21:50:18.225 25553 25736 D cellinfo: 46 bytes from 44.241.174.93: icmp_seq=270 ttl=32 time=406 ms
08-10 21:50:18.243 25553 25736 D cellinfo: 46 bytes from 44.241.174.93: icmp_seq=271 ttl=32 time=219 ms
08-10 21:50:18.384 25553 25736 D cellinfo: 46 bytes from 44.241.174.93: icmp_seq=272 ttl=32 time=157 ms
08-10 21:50:18.584 25553 25736 D cellinfo: 46 bytes from 44.241.174.93: icmp_seq=273 ttl=32 time=156 ms
08-10 21:50:18.824 25553 25736 D cellinfo: 46 bytes from 44.241.174.93: icmp_seq=274 ttl=32 time=197 ms
08-10 21:50:18.998 25553 25553 D cellinfo: onCellInfoChanged: Operator: AT&T UpdateTimestamp: 194491731 CellConnectionStatus: 0
08-10 21:50:18.998 25553 25553 D cellinfo: onCellInfoChanged: LTE Cell Bands: [2] Bandwidth: 2147483647 Cell ID: 113000882 Physical Cell ID: 25 Tracking Area Code: 38918 EARFCN: 1100
08-10 21:50:19.024 25553 25736 D cellinfo: 46 bytes from 44.241.174.93: icmp_seq=275 ttl=32 time=196 ms
08-10 21:50:19.632 25553 25736 D cellinfo: 46 bytes from 44.241.174.93: icmp_seq=276 ttl=32 time=605 ms
08-10 21:50:19.632 25553 25736 D cellinfo: 46 bytes from 44.241.174.93: icmp_seq=277 ttl=32 time=405 ms
08-10 21:50:19.632 25553 25736 D cellinfo: 46 bytes from 44.241.174.93: icmp_seq=278 ttl=32 time=195 ms
08-10 21:50:19.866 25553 25736 D cellinfo: 46 bytes from 44.241.174.93: icmp_seq=279 ttl=32 time=227 ms
08-10 21:50:20.024 25553 25736 D cellinfo: 46 bytes from 44.241.174.93: icmp_seq=280 ttl=32 time=179 ms
08-10 21:50:20.223 25553 25736 D cellinfo: 46 bytes from 44.241.174.93: icmp_seq=281 ttl=32 time=178 ms
08-10 21:50:20.424 25553 25736 D cellinfo: 46 bytes from 44.241.174.93: icmp_seq=282 ttl=32 time=178 ms
08-10 21:50:20.655 25553 25736 D cellinfo: 46 bytes from 44.241.174.93: icmp_seq=283 ttl=32 time=207 ms
08-10 21:50:21.125 25553 25736 D cellinfo: 46 bytes from 44.241.174.93: icmp_seq=284 ttl=32 time=467 ms
08-10 21:50:21.527 25553 25736 D cellinfo: 46 bytes from 44.241.174.93: icmp_seq=285 ttl=32 time=659 ms
08-10 21:50:21.527 25553 25736 D cellinfo: 46 bytes from 44.241.174.93: icmp_seq=286 ttl=32 time=457 ms
08-10 21:50:21.658 25553 25736 D cellinfo: 46 bytes from 44.241.174.93: icmp_seq=287 ttl=32 time=387 ms
08-10 21:50:21.744 25553 25736 D cellinfo: 46 bytes from 44.241.174.93: icmp_seq=288 ttl=32 time=271 ms
08-10 21:50:21.940 25553 25736 D cellinfo: 46 bytes from 44.241.174.93: icmp_seq=289 ttl=32 time=264 ms
08-10 21:50:22.023 25553 25736 D cellinfo: 46 bytes from 44.241.174.93: icmp_seq=290 ttl=32 time=145 ms
08-10 21:50:22.198 25553 25553 D cellinfo: Latitude is 41.0204804
08-10 21:50:22.198 25553 25553 D cellinfo: Longitude is -105.4223755
08-10 21:50:22.198 25553 25553 D cellinfo: Instantaneous GPS information: United States, US-287, Tie Siding, WY 82084, USA
08-10 21:50:22.198 25553 25553 D cellinfo: getCurrentLocation() result: Location (success): 41.0204804, -105.4223755
08-10 21:50:22.199 25553 25553 D cellinfo: onsignalStrengthsChanged: LTE Signal Strength info: rsrp: -125 rsrq: -20 rssi: -93 rssnr: -7
08-10 21:50:22.242 25553 25736 D cellinfo: 46 bytes from 44.241.174.93: icmp_seq=291 ttl=32 time=167 ms
08-10 21:50:22.362 25553 25553 D cellinfo: Latitude is 41.0204804
08-10 21:50:22.362 25553 25553 D cellinfo: Longitude is -105.4223755
08-10 21:50:22.362 25553 25553 D cellinfo: Instantaneous GPS information: United States, US-287, Tie Siding, WY 82084, USA
08-10 21:50:22.362 25553 25553 D cellinfo: getCurrentLocation() result: Location (success): 41.0204804, -105.4223755
08-10 21:50:22.398 25553 25553 D cellinfo: onCellInfoChanged: Operator: AT&T UpdateTimestamp: 194495137 CellConnectionStatus: 0
08-10 21:50:22.398 25553 25553 D cellinfo: onCellInfoChanged: LTE Cell Bands: [2] Bandwidth: 2147483647 Cell ID: 113000882 Physical Cell ID: 25 Tracking Area Code: 38918 EARFCN: 1100
08-10 21:50:22.422 25553 25736 D cellinfo: 46 bytes from 44.241.174.93: icmp_seq=292 ttl=32 time=147 ms
08-10 21:50:22.622 25553 25736 D cellinfo: 46 bytes from 44.241.174.93: icmp_seq=293 ttl=32 time=146 ms
08-10 21:50:22.821 25553 25736 D cellinfo: 46 bytes from 44.241.174.93: icmp_seq=294 ttl=32 time=142 ms
08-10 21:50:22.979 25553 25553 D cellinfo: onsignalStrengthsChanged: LTE Signal Strength info: rsrp: -125 rsrq: -19 rssi: -89 rssnr: -6
08-10 21:50:23.000 25553 25553 D cellinfo: onCellInfoChanged: Operator: AT&T UpdateTimestamp: 194495735 CellConnectionStatus: 0
08-10 21:50:23.000 25553 25553 D cellinfo: onCellInfoChanged: LTE Cell Bands: [12] Bandwidth: 2147483647 Cell ID: 112998673 Physical Cell ID: 107 Tracking Area Code: 38918 EARFCN: 5090
08-10 21:50:23.038 25553 25553 D cellinfo: onServiceStateChanged: Channel Number: 5090 Cell Bandwidths: []
08-10 21:50:23.045 25553 25736 D cellinfo: 46 bytes from 44.241.174.93: icmp_seq=295 ttl=32 time=167 ms
08-10 21:50:23.059 25553 25553 D cellinfo: onDisplayInfoChanged: NetworkType: LTE OverrideNetworkType: None
08-10 21:50:23.239 25553 25736 D cellinfo: 46 bytes from 44.241.174.93: icmp_seq=296 ttl=32 time=160 ms
08-10 21:50:23.478 25553 25736 D cellinfo: 46 bytes from 44.241.174.93: icmp_seq=297 ttl=32 time=198 ms
08-10 21:50:23.631 25553 25736 D cellinfo: 46 bytes from 44.241.174.93: icmp_seq=298 ttl=32 time=150 ms
08-10 21:50:23.871 25553 25736 D cellinfo: 46 bytes from 44.241.174.93: icmp_seq=299 ttl=32 time=191 ms
