08-10 23:36:17.818  5222  5321 D cellinfo: 46 bytes from 44.241.174.93: icmp_seq=21302 ttl=32 time=99.6 ms
08-10 23:36:17.879  5222  5222 D cellinfo: onsignalStrengthsChanged: LTE Signal Strength info: rsrp: -70 rsrq: -12 rssi: -51 rssnr: 5
08-10 23:36:18.057  5222  5321 D cellinfo: 46 bytes from 44.241.174.93: icmp_seq=21303 ttl=32 time=137 ms
08-10 23:36:18.220  5222  5321 D cellinfo: 46 bytes from 44.241.174.93: icmp_seq=21304 ttl=32 time=100 ms
08-10 23:36:18.421  5222  5321 D cellinfo: 46 bytes from 44.241.174.93: icmp_seq=21305 ttl=32 time=101 ms
08-10 23:36:18.621  5222  5321 D cellinfo: 46 bytes from 44.241.174.93: icmp_seq=21306 ttl=32 time=100 ms
08-10 23:36:18.821  5222  5321 D cellinfo: 46 bytes from 44.241.174.93: icmp_seq=21307 ttl=32 time=99.8 ms
08-10 23:36:19.022  5222  5321 D cellinfo: 46 bytes from 44.241.174.93: icmp_seq=21308 ttl=32 time=98.9 ms
08-10 23:36:19.222  5222  5321 D cellinfo: 46 bytes from 44.241.174.93: icmp_seq=21309 ttl=32 time=99.3 ms
08-10 23:36:19.422  5222  5321 D cellinfo: 46 bytes from 44.241.174.93: icmp_seq=21310 ttl=32 time=98.1 ms
08-10 23:36:19.623  5222  5321 D cellinfo: 46 bytes from 44.241.174.93: icmp_seq=21311 ttl=32 time=97.2 ms
08-10 23:36:19.823  5222  5321 D cellinfo: 46 bytes from 44.241.174.93: icmp_seq=21312 ttl=32 time=95.6 ms
08-10 23:36:20.023  5222  5321 D cellinfo: 46 bytes from 44.241.174.93: icmp_seq=21313 ttl=32 time=94.4 ms
08-10 23:36:20.222  5222  5321 D cellinfo: 46 bytes from 44.241.174.93: icmp_seq=21314 ttl=32 time=93.2 ms
08-10 23:36:20.461  5222  5321 D cellinfo: 46 bytes from 44.241.174.93: icmp_seq=21315 ttl=32 time=130 ms
08-10 23:36:20.492  5222  5222 D cellinfo: onCellInfoChanged: Operator: AT&T...1 UpdateTimestamp: 200853227 CellConnectionStatus: 0
08-10 23:36:20.492  5222  5222 D cellinfo: onCellInfoChanged: LTE Cell Bands: [2] Bandwidth: 2147483647 Cell ID: 97589512 Physical Cell ID: 288 Tracking Area Code: 38405 EARFCN: 700
08-10 23:36:20.656  5222  5321 D cellinfo: 46 bytes from 44.241.174.93: icmp_seq=21316 ttl=32 time=125 ms
08-10 23:36:20.857  5222  5321 D cellinfo: 46 bytes from 44.241.174.93: icmp_seq=21317 ttl=32 time=124 ms
08-10 23:36:21.058  5222  5321 D cellinfo: 46 bytes from 44.241.174.93: icmp_seq=21318 ttl=32 time=123 ms
08-10 23:36:21.262  5222  5321 D cellinfo: 46 bytes from 44.241.174.93: icmp_seq=21319 ttl=32 time=126 ms
08-10 23:36:21.457  5222  5321 D cellinfo: 46 bytes from 44.241.174.93: icmp_seq=21320 ttl=32 time=122 ms
08-10 23:36:21.659  5222  5321 D cellinfo: 46 bytes from 44.241.174.93: icmp_seq=21321 ttl=32 time=122 ms
08-10 23:36:21.847  5222  5321 D cellinfo: 46 bytes from 44.241.174.93: icmp_seq=21322 ttl=32 time=110 ms
08-10 23:36:22.056  5222  5321 D cellinfo: 46 bytes from 44.241.174.93: icmp_seq=21323 ttl=32 time=115 ms
08-10 23:36:22.250  5222  5321 D cellinfo: 46 bytes from 44.241.174.93: icmp_seq=21324 ttl=32 time=109 ms
08-10 23:36:22.287  5222  5222 D cellinfo: Latitude is 39.7564216
08-10 23:36:22.288  5222  5222 D cellinfo: Longitude is -105.0114847
08-10 23:36:22.288  5222  5222 D cellinfo: Instantaneous GPS information: United States, 2745 Umatilla St, Denver, CO 80211, USA
08-10 23:36:22.288  5222  5222 D cellinfo: getCurrentLocation() result: Location (success): 39.7564216, -105.0114847
08-10 23:36:22.355  5222  5222 D cellinfo: onsignalStrengthsChanged: LTE Signal Strength info: rsrp: -73 rsrq: -13 rssi: -51 rssnr: 0
08-10 23:36:22.457  5222  5321 D cellinfo: 46 bytes from 44.241.174.93: icmp_seq=21325 ttl=32 time=116 ms
08-10 23:36:22.652  5222  5321 D cellinfo: 46 bytes from 44.241.174.93: icmp_seq=21326 ttl=32 time=111 ms
08-10 23:36:22.858  5222  5321 D cellinfo: 46 bytes from 44.241.174.93: icmp_seq=21327 ttl=32 time=116 ms
08-10 23:36:23.058  5222  5321 D cellinfo: 46 bytes from 44.241.174.93: icmp_seq=21328 ttl=32 time=116 ms
08-10 23:36:23.250  5222  5222 D cellinfo: onsignalStrengthsChanged: LTE Signal Strength info: rsrp: -76 rsrq: -14 rssi: -51 rssnr: -1
08-10 23:36:23.258  5222  5321 D cellinfo: 46 bytes from 44.241.174.93: icmp_seq=21329 ttl=32 time=115 ms
08-10 23:36:23.440  5222  5222 D cellinfo: Latitude is 39.7564216
08-10 23:36:23.440  5222  5222 D cellinfo: Longitude is -105.0114847
08-10 23:36:23.440  5222  5222 D cellinfo: Instantaneous GPS information: United States, 2745 Umatilla St, Denver, CO 80211, USA
08-10 23:36:23.440  5222  5222 D cellinfo: getCurrentLocation() result: Location (success): 39.7564216, -105.0114847
08-10 23:36:23.459  5222  5321 D cellinfo: 46 bytes from 44.241.174.93: icmp_seq=21330 ttl=32 time=116 ms
08-10 23:36:23.490  5222  5222 D cellinfo: onCellInfoChanged: Operator: AT&T...1 UpdateTimestamp: 200856229 CellConnectionStatus: 0
08-10 23:36:23.490  5222  5222 D cellinfo: onCellInfoChanged: LTE Cell Bands: [2] Bandwidth: 2147483647 Cell ID: 97589512 Physical Cell ID: 288 Tracking Area Code: 38405 EARFCN: 700
08-10 23:36:23.666  5222  5321 D cellinfo: 46 bytes from 44.241.174.93: icmp_seq=21331 ttl=32 time=122 ms
08-10 23:36:23.862  5222  5321 D cellinfo: 46 bytes from 44.241.174.93: icmp_seq=21332 ttl=32 time=117 ms
08-10 23:36:24.058  5222  5321 D cellinfo: 46 bytes from 44.241.174.93: icmp_seq=21333 ttl=32 time=112 ms
08-10 23:36:24.258  5222  5321 D cellinfo: 46 bytes from 44.241.174.93: icmp_seq=21334 ttl=32 time=112 ms
08-10 23:36:24.457  5222  5321 D cellinfo: 46 bytes from 44.241.174.93: icmp_seq=21335 ttl=32 time=111 ms
08-10 23:36:24.606  5222  5222 D cellinfo: onsignalStrengthsChanged: LTE Signal Strength info: rsrp: -78 rsrq: -15 rssi: -51 rssnr: -3
08-10 23:36:24.657  5222  5321 D cellinfo: 46 bytes from 44.241.174.93: icmp_seq=21336 ttl=32 time=109 ms
08-10 23:36:24.848  5222  5321 D cellinfo: 46 bytes from 44.241.174.93: icmp_seq=21337 ttl=32 time=99.3 ms
08-10 23:36:25.053  5222  5321 D cellinfo: 46 bytes from 44.241.174.93: icmp_seq=21338 ttl=32 time=102 ms
08-10 23:36:25.257  5222  5321 D cellinfo: 46 bytes from 44.241.174.93: icmp_seq=21339 ttl=32 time=107 ms
08-10 23:36:25.460  5222  5321 D cellinfo: 46 bytes from 44.241.174.93: icmp_seq=21340 ttl=32 time=108 ms
08-10 23:36:25.658  5222  5321 D cellinfo: 46 bytes from 44.241.174.93: icmp_seq=21341 ttl=32 time=106 ms
08-10 23:36:25.858  5222  5321 D cellinfo: 46 bytes from 44.241.174.93: icmp_seq=21342 ttl=32 time=105 ms
08-10 23:36:26.058  5222  5321 D cellinfo: 46 bytes from 44.241.174.93: icmp_seq=21343 ttl=32 time=105 ms
08-10 23:36:26.259  5222  5321 D cellinfo: 46 bytes from 44.241.174.93: icmp_seq=21344 ttl=32 time=106 ms
08-10 23:36:26.445  5222  5222 D cellinfo: Latitude is 39.7564216
08-10 23:36:26.445  5222  5222 D cellinfo: Longitude is -105.0114847
08-10 23:36:26.445  5222  5222 D cellinfo: Instantaneous GPS information: United States, 2745 Umatilla St, Denver, CO 80211, USA
08-10 23:36:26.445  5222  5222 D cellinfo: getCurrentLocation() result: Location (success): 39.7564216, -105.0114847
08-10 23:36:26.461  5222  5321 D cellinfo: 46 bytes from 44.241.174.93: icmp_seq=21345 ttl=32 time=107 ms
08-10 23:36:26.508  5222  5222 D cellinfo: onCellInfoChanged: Operator: AT&T...1 UpdateTimestamp: 200859247 CellConnectionStatus: 0
08-10 23:36:26.508  5222  5222 D cellinfo: onCellInfoChanged: LTE Cell Bands: [2] Bandwidth: 2147483647 Cell ID: 97589512 Physical Cell ID: 288 Tracking Area Code: 38405 EARFCN: 700
08-10 23:36:26.660  5222  5321 D cellinfo: 46 bytes from 44.241.174.93: icmp_seq=21346 ttl=32 time=106 ms
08-10 23:36:26.857  5222  5321 D cellinfo: 46 bytes from 44.241.174.93: icmp_seq=21347 ttl=32 time=103 ms
08-10 23:36:27.057  5222  5321 D cellinfo: 46 bytes from 44.241.174.93: icmp_seq=21348 ttl=32 time=102 ms
08-10 23:36:27.257  5222  5321 D cellinfo: 46 bytes from 44.241.174.93: icmp_seq=21349 ttl=32 time=102 ms
08-10 23:36:27.458  5222  5321 D cellinfo: 46 bytes from 44.241.174.93: icmp_seq=21350 ttl=32 time=101 ms
08-10 23:36:27.658  5222  5321 D cellinfo: 46 bytes from 44.241.174.93: icmp_seq=21351 ttl=32 time=100 ms
08-10 23:36:27.858  5222  5321 D cellinfo: 46 bytes from 44.241.174.93: icmp_seq=21352 ttl=32 time=98.3 ms
08-10 23:36:28.063  5222  5321 D cellinfo: 46 bytes from 44.241.174.93: icmp_seq=21353 ttl=32 time=102 ms
08-10 23:36:28.258  5222  5321 D cellinfo: 46 bytes from 44.241.174.93: icmp_seq=21354 ttl=32 time=96.8 ms
08-10 23:36:28.464  5222  5321 D cellinfo: 46 bytes from 44.241.174.93: icmp_seq=21355 ttl=32 time=102 ms
08-10 23:36:28.663  5222  5321 D cellinfo: 46 bytes from 44.241.174.93: icmp_seq=21356 ttl=32 time=100 ms
08-10 23:36:28.862  5222  5321 D cellinfo: 46 bytes from 44.241.174.93: icmp_seq=21357 ttl=32 time=99.6 ms
08-10 23:36:29.063  5222  5321 D cellinfo: 46 bytes from 44.241.174.93: icmp_seq=21358 ttl=32 time=98.9 ms
08-10 23:36:29.079  5222  5222 D cellinfo: onsignalStrengthsChanged: LTE Signal Strength info: rsrp: -81 rsrq: -17 rssi: -51 rssnr: -8
08-10 23:36:29.263  5222  5321 D cellinfo: 46 bytes from 44.241.174.93: icmp_seq=21359 ttl=32 time=100 ms
08-10 23:36:29.444  5222  5222 D cellinfo: Latitude is 39.7564216
08-10 23:36:29.444  5222  5222 D cellinfo: Longitude is -105.0114847
08-10 23:36:29.444  5222  5222 D cellinfo: Instantaneous GPS information: United States, 2745 Umatilla St, Denver, CO 80211, USA
08-10 23:36:29.444  5222  5222 D cellinfo: getCurrentLocation() result: Location (success): 39.7564216, -105.0114847
08-10 23:36:29.461  5222  5321 D cellinfo: 46 bytes from 44.241.174.93: icmp_seq=21360 ttl=32 time=98.1 ms
08-10 23:36:29.492  5222  5222 D cellinfo: onCellInfoChanged: Operator: AT&T...1 UpdateTimestamp: 200862229 CellConnectionStatus: 0
08-10 23:36:29.492  5222  5222 D cellinfo: onCellInfoChanged: LTE Cell Bands: [2] Bandwidth: 2147483647 Cell ID: 97589512 Physical Cell ID: 288 Tracking Area Code: 38405 EARFCN: 700
08-10 23:36:29.662  5222  5321 D cellinfo: 46 bytes from 44.241.174.93: icmp_seq=21361 ttl=32 time=98.2 ms
08-10 23:36:29.863  5222  5321 D cellinfo: 46 bytes from 44.241.174.93: icmp_seq=21362 ttl=32 time=97.3 ms
08-10 23:36:30.097  5222  5321 D cellinfo: 46 bytes from 44.241.174.93: icmp_seq=21363 ttl=32 time=130 ms
08-10 23:36:30.263  5222  5321 D cellinfo: 46 bytes from 44.241.174.93: icmp_seq=21364 ttl=32 time=96.7 ms
08-10 23:36:30.462  5222  5321 D cellinfo: 46 bytes from 44.241.174.93: icmp_seq=21365 ttl=32 time=95.3 ms
08-10 23:36:30.662  5222  5321 D cellinfo: 46 bytes from 44.241.174.93: icmp_seq=21366 ttl=32 time=94.7 ms
08-10 23:36:30.898  5222  5321 D cellinfo: 46 bytes from 44.241.174.93: icmp_seq=21367 ttl=32 time=128 ms
08-10 23:36:31.064  5222  5321 D cellinfo: 46 bytes from 44.241.174.93: icmp_seq=21368 ttl=32 time=94.3 ms
08-10 23:36:31.263  5222  5321 D cellinfo: 46 bytes from 44.241.174.93: icmp_seq=21369 ttl=32 time=94.4 ms
08-10 23:36:31.462  5222  5321 D cellinfo: 46 bytes from 44.241.174.93: icmp_seq=21370 ttl=32 time=93.0 ms
08-10 23:36:31.697  5222  5321 D cellinfo: 46 bytes from 44.241.174.93: icmp_seq=21371 ttl=32 time=126 ms
08-10 23:36:31.898  5222  5321 D cellinfo: 46 bytes from 44.241.174.93: icmp_seq=21372 ttl=32 time=126 ms
08-10 23:36:32.098  5222  5321 D cellinfo: 46 bytes from 44.241.174.93: icmp_seq=21373 ttl=32 time=124 ms
08-10 23:36:32.299  5222  5321 D cellinfo: 46 bytes from 44.241.174.93: icmp_seq=21374 ttl=32 time=125 ms
08-10 23:36:32.496  5222  5222 D cellinfo: onCellInfoChanged: Operator: AT&T...1 UpdateTimestamp: 200865231 CellConnectionStatus: 0
08-10 23:36:32.496  5222  5222 D cellinfo: onCellInfoChanged: LTE Cell Bands: [2] Bandwidth: 2147483647 Cell ID: 97589512 Physical Cell ID: 288 Tracking Area Code: 38405 EARFCN: 700
08-10 23:36:32.496  5222  5321 D cellinfo: 46 bytes from 44.241.174.93: icmp_seq=21375 ttl=32 time=124 ms
08-10 23:36:32.697  5222  5321 D cellinfo: 46 bytes from 44.241.174.93: icmp_seq=21376 ttl=32 time=123 ms
08-10 23:36:32.897  5222  5321 D cellinfo: 46 bytes from 44.241.174.93: icmp_seq=21377 ttl=32 time=122 ms
08-10 23:36:33.100  5222  5321 D cellinfo: 46 bytes from 44.241.174.93: icmp_seq=21378 ttl=32 time=124 ms
08-10 23:36:33.299  5222  5321 D cellinfo: 46 bytes from 44.241.174.93: icmp_seq=21379 ttl=32 time=123 ms
08-10 23:36:33.509  5222  5321 D cellinfo: 46 bytes from 44.241.174.93: icmp_seq=21380 ttl=32 time=130 ms
08-10 23:36:33.691  5222  5321 D cellinfo: 46 bytes from 44.241.174.93: icmp_seq=21381 ttl=32 time=113 ms
08-10 23:36:33.884  5222  5321 D cellinfo: 46 bytes from 44.241.174.93: icmp_seq=21382 ttl=32 time=104 ms
08-10 23:36:34.105  5222  5321 D cellinfo: 46 bytes from 44.241.174.93: icmp_seq=21383 ttl=32 time=122 ms
08-10 23:36:34.300  5222  5321 D cellinfo: 46 bytes from 44.241.174.93: icmp_seq=21384 ttl=32 time=117 ms
08-10 23:36:34.306  5222  5222 D cellinfo: Latitude is 39.7542937
08-10 23:36:34.306  5222  5222 D cellinfo: Longitude is -105.0142787
08-10 23:36:34.306  5222  5222 D cellinfo: Instantaneous GPS information: United States, CanAm Hwy, Denver, CO 80211, USA
08-10 23:36:34.306  5222  5222 D cellinfo: getCurrentLocation() result: Location (success): 39.7542937, -105.0142787
08-10 23:36:34.498  5222  5321 D cellinfo: 46 bytes from 44.241.174.93: icmp_seq=21385 ttl=32 time=114 ms
08-10 23:36:34.701  5222  5321 D cellinfo: 46 bytes from 44.241.174.93: icmp_seq=21386 ttl=32 time=117 ms
08-10 23:36:34.898  5222  5321 D cellinfo: 46 bytes from 44.241.174.93: icmp_seq=21387 ttl=32 time=113 ms
08-10 23:36:35.101  5222  5321 D cellinfo: 46 bytes from 44.241.174.93: icmp_seq=21388 ttl=32 time=115 ms
08-10 23:36:35.298  5222  5321 D cellinfo: 46 bytes from 44.241.174.93: icmp_seq=21389 ttl=32 time=111 ms
08-10 23:36:35.443  5222  5222 D cellinfo: Latitude is 39.7542937
08-10 23:36:35.443  5222  5222 D cellinfo: Longitude is -105.0142787
08-10 23:36:35.444  5222  5222 D cellinfo: Instantaneous GPS information: United States, CanAm Hwy, Denver, CO 80211, USA
08-10 23:36:35.444  5222  5222 D cellinfo: getCurrentLocation() result: Location (success): 39.7542937, -105.0142787
08-10 23:36:35.497  5222  5321 D cellinfo: 46 bytes from 44.241.174.93: icmp_seq=21390 ttl=32 time=109 ms
08-10 23:36:35.497  5222  5222 D cellinfo: onCellInfoChanged: Operator: AT&T...1 UpdateTimestamp: 200868234 CellConnectionStatus: 0
08-10 23:36:35.497  5222  5222 D cellinfo: onCellInfoChanged: LTE Cell Bands: [2] Bandwidth: 2147483647 Cell ID: 97589512 Physical Cell ID: 288 Tracking Area Code: 38405 EARFCN: 700
08-10 23:36:35.697  5222  5321 D cellinfo: 46 bytes from 44.241.174.93: icmp_seq=21391 ttl=32 time=108 ms
08-10 23:36:35.897  5222  5321 D cellinfo: 46 bytes from 44.241.174.93: icmp_seq=21392 ttl=32 time=108 ms
08-10 23:36:36.098  5222  5321 D cellinfo: 46 bytes from 44.241.174.93: icmp_seq=21393 ttl=32 time=108 ms
08-10 23:36:36.298  5222  5321 D cellinfo: 46 bytes from 44.241.174.93: icmp_seq=21394 ttl=32 time=107 ms
08-10 23:36:36.497  5222  5321 D cellinfo: 46 bytes from 44.241.174.93: icmp_seq=21395 ttl=32 time=107 ms
08-10 23:36:36.697  5222  5321 D cellinfo: 46 bytes from 44.241.174.93: icmp_seq=21396 ttl=32 time=105 ms
08-10 23:36:36.902  5222  5321 D cellinfo: 46 bytes from 44.241.174.93: icmp_seq=21397 ttl=32 time=109 ms
08-10 23:36:37.098  5222  5321 D cellinfo: 46 bytes from 44.241.174.93: icmp_seq=21398 ttl=32 time=104 ms
08-10 23:36:37.297  5222  5321 D cellinfo: 46 bytes from 44.241.174.93: icmp_seq=21399 ttl=32 time=104 ms
08-10 23:36:37.498  5222  5321 D cellinfo: 46 bytes from 44.241.174.93: icmp_seq=21400 ttl=32 time=103 ms
08-10 23:36:37.701  5222  5321 D cellinfo: 46 bytes from 44.241.174.93: icmp_seq=21401 ttl=32 time=106 ms
08-10 23:36:37.898  5222  5321 D cellinfo: 46 bytes from 44.241.174.93: icmp_seq=21402 ttl=32 time=102 ms
08-10 23:36:38.037  5222  5222 D cellinfo: onsignalStrengthsChanged: LTE Signal Strength info: rsrp: -88 rsrq: -19 rssi: -61 rssnr: -8
08-10 23:36:38.131  5222  5321 D cellinfo: 46 bytes from 44.241.174.93: icmp_seq=21403 ttl=32 time=133 ms
08-10 23:36:38.186  5222  5222 D cellinfo: onCellInfoChanged: Operator: AT&T...1 UpdateTimestamp: 200870920 CellConnectionStatus: 0
08-10 23:36:38.186  5222  5222 D cellinfo: onCellInfoChanged: LTE Cell Bands: [2] Bandwidth: 2147483647 Cell ID: 97589514 Physical Cell ID: 415 Tracking Area Code: 38405 EARFCN: 700
08-10 23:36:38.220  5222  5222 D cellinfo: onServiceStateChanged: Channel Number: 700 Cell Bandwidths: []
08-10 23:36:38.247  5222  5222 D cellinfo: onsignalStrengthsChanged: LTE Signal Strength info: rsrp: -90 rsrq: -18 rssi: -59 rssnr: -7
08-10 23:36:38.313  5222  5321 D cellinfo: 46 bytes from 44.241.174.93: icmp_seq=21404 ttl=32 time=116 ms
08-10 23:36:38.447  5222  5222 D cellinfo: Latitude is 39.7542937
08-10 23:36:38.447  5222  5222 D cellinfo: Longitude is -105.0142787
08-10 23:36:38.447  5222  5222 D cellinfo: Instantaneous GPS information: United States, CanAm Hwy, Denver, CO 80211, USA
08-10 23:36:38.447  5222  5222 D cellinfo: getCurrentLocation() result: Location (success): 39.7542937, -105.0142787
08-10 23:36:38.486  5222  5222 D cellinfo: onCellInfoChanged: Operator: AT&T...1 UpdateTimestamp: 200871219 CellConnectionStatus: 0
08-10 23:36:38.487  5222  5222 D cellinfo: onCellInfoChanged: LTE Cell Bands: [2] Bandwidth: 2147483647 Cell ID: 97589514 Physical Cell ID: 415 Tracking Area Code: 38405 EARFCN: 700
08-10 23:36:38.513  5222  5321 D cellinfo: 46 bytes from 44.241.174.93: icmp_seq=21405 ttl=32 time=116 ms
08-10 23:36:38.712  5222  5321 D cellinfo: 46 bytes from 44.241.174.93: icmp_seq=21406 ttl=32 time=114 ms
08-10 23:36:38.914  5222  5321 D cellinfo: 46 bytes from 44.241.174.93: icmp_seq=21407 ttl=32 time=114 ms
08-10 23:36:39.112  5222  5321 D cellinfo: 46 bytes from 44.241.174.93: icmp_seq=21408 ttl=32 time=110 ms
08-10 23:36:39.312  5222  5321 D cellinfo: 46 bytes from 44.241.174.93: icmp_seq=21409 ttl=32 time=109 ms
08-10 23:36:39.512  5222  5321 D cellinfo: 46 bytes from 44.241.174.93: icmp_seq=21410 ttl=32 time=109 ms
08-10 23:36:39.713  5222  5321 D cellinfo: 46 bytes from 44.241.174.93: icmp_seq=21411 ttl=32 time=108 ms
08-10 23:36:39.912  5222  5321 D cellinfo: 46 bytes from 44.241.174.93: icmp_seq=21412 ttl=32 time=108 ms
08-10 23:36:40.113  5222  5321 D cellinfo: 46 bytes from 44.241.174.93: icmp_seq=21413 ttl=32 time=108 ms
08-10 23:36:40.275  5222  5222 D cellinfo: onsignalStrengthsChanged: LTE Signal Strength info: rsrp: -91 rsrq: -17 rssi: -57 rssnr: -5
08-10 23:36:40.313  5222  5321 D cellinfo: 46 bytes from 44.241.174.93: icmp_seq=21414 ttl=32 time=106 ms
08-10 23:36:40.516  5222  5321 D cellinfo: 46 bytes from 44.241.174.93: icmp_seq=21415 ttl=32 time=109 ms
08-10 23:36:40.713  5222  5321 D cellinfo: 46 bytes from 44.241.174.93: icmp_seq=21416 ttl=32 time=105 ms
08-10 23:36:40.913  5222  5321 D cellinfo: 46 bytes from 44.241.174.93: icmp_seq=21417 ttl=32 time=104 ms
08-10 23:36:41.152  5222  5321 D cellinfo: 46 bytes from 44.241.174.93: icmp_seq=21418 ttl=32 time=144 ms
08-10 23:36:41.250  5222  5222 D cellinfo: onCellInfoChanged: Operator: AT&T...1 UpdateTimestamp: 200873985 CellConnectionStatus: 0
08-10 23:36:41.250  5222  5222 D cellinfo: onCellInfoChanged: LTE Cell Bands: [2] Bandwidth: 2147483647 Cell ID: 97589514 Physical Cell ID: 415 Tracking Area Code: 38405 EARFCN: 700
08-10 23:36:41.315  5222  5321 D cellinfo: 46 bytes from 44.241.174.93: icmp_seq=21419 ttl=32 time=104 ms
08-10 23:36:41.455  5222  5222 D cellinfo: Latitude is 39.7542937
08-10 23:36:41.455  5222  5222 D cellinfo: Longitude is -105.0142787
08-10 23:36:41.455  5222  5222 D cellinfo: Instantaneous GPS information: United States, CanAm Hwy, Denver, CO 80211, USA
08-10 23:36:41.455  5222  5222 D cellinfo: getCurrentLocation() result: Location (success): 39.7542937, -105.0142787
08-10 23:36:41.511  5222  5321 D cellinfo: 46 bytes from 44.241.174.93: icmp_seq=21420 ttl=32 time=101 ms
08-10 23:36:41.713  5222  5321 D cellinfo: 46 bytes from 44.241.174.93: icmp_seq=21421 ttl=32 time=100 ms
08-10 23:36:41.913  5222  5321 D cellinfo: 46 bytes from 44.241.174.93: icmp_seq=21422 ttl=32 time=99.9 ms
08-10 23:36:42.114  5222  5321 D cellinfo: 46 bytes from 44.241.174.93: icmp_seq=21423 ttl=32 time=100 ms
08-10 23:36:42.318  5222  5321 D cellinfo: 46 bytes from 44.241.174.93: icmp_seq=21424 ttl=32 time=102 ms
08-10 23:36:42.517  5222  5321 D cellinfo: 46 bytes from 44.241.174.93: icmp_seq=21425 ttl=32 time=101 ms
08-10 23:36:42.534  5222  5222 D cellinfo: onsignalStrengthsChanged: LTE Signal Strength info: rsrp: -92 rsrq: -16 rssi: -57 rssnr: -1
08-10 23:36:42.717  5222  5321 D cellinfo: 46 bytes from 44.241.174.93: icmp_seq=21426 ttl=32 time=101 ms
08-10 23:36:42.917  5222  5321 D cellinfo: 46 bytes from 44.241.174.93: icmp_seq=21427 ttl=32 time=99.5 ms
08-10 23:36:43.117  5222  5321 D cellinfo: 46 bytes from 44.241.174.93: icmp_seq=21428 ttl=32 time=98.6 ms
08-10 23:36:43.318  5222  5321 D cellinfo: 46 bytes from 44.241.174.93: icmp_seq=21429 ttl=32 time=98.0 ms
08-10 23:36:43.553  5222  5321 D cellinfo: 46 bytes from 44.241.174.93: icmp_seq=21430 ttl=32 time=132 ms
08-10 23:36:43.717  5222  5321 D cellinfo: 46 bytes from 44.241.174.93: icmp_seq=21431 ttl=32 time=96.4 ms
08-10 23:36:43.916  5222  5321 D cellinfo: 46 bytes from 44.241.174.93: icmp_seq=21432 ttl=32 time=94.5 ms
08-10 23:36:44.117  5222  5321 D cellinfo: 46 bytes from 44.241.174.93: icmp_seq=21433 ttl=32 time=94.2 ms
08-10 23:36:44.317  5222  5321 D cellinfo: 46 bytes from 44.241.174.93: icmp_seq=21434 ttl=32 time=93.9 ms
08-10 23:36:44.553  5222  5321 D cellinfo: 46 bytes from 44.241.174.93: icmp_seq=21435 ttl=32 time=129 ms
08-10 23:36:44.698  5222  5222 D cellinfo: onCellInfoChanged: Operator: AT&T...1 UpdateTimestamp: 200877432 CellConnectionStatus: 0
08-10 23:36:44.698  5222  5222 D cellinfo: onCellInfoChanged: LTE Cell Bands: [2] Bandwidth: 2147483647 Cell ID: 97589514 Physical Cell ID: 415 Tracking Area Code: 38405 EARFCN: 700
08-10 23:36:44.717  5222  5321 D cellinfo: 46 bytes from 44.241.174.93: icmp_seq=21436 ttl=32 time=92.6 ms
08-10 23:36:44.756  5222  5222 D cellinfo: onsignalStrengthsChanged: LTE Signal Strength info: rsrp: -94 rsrq: -14 rssi: -65 rssnr: 0
08-10 23:36:44.952  5222  5321 D cellinfo: 46 bytes from 44.241.174.93: icmp_seq=21437 ttl=32 time=128 ms
08-10 23:36:45.152  5222  5321 D cellinfo: 46 bytes from 44.241.174.93: icmp_seq=21438 ttl=32 time=126 ms
08-10 23:36:45.393  5222  5321 D cellinfo: 46 bytes from 44.241.174.93: icmp_seq=21439 ttl=32 time=164 ms
08-10 23:36:45.552  5222  5321 D cellinfo: 46 bytes from 44.241.174.93: icmp_seq=21440 ttl=32 time=123 ms
08-10 23:36:45.752  5222  5321 D cellinfo: 46 bytes from 44.241.174.93: icmp_seq=21441 ttl=32 time=122 ms
08-10 23:36:45.952  5222  5321 D cellinfo: 46 bytes from 44.241.174.93: icmp_seq=21442 ttl=32 time=122 ms
08-10 23:36:46.139  5222  5321 D cellinfo: 46 bytes from 44.241.174.93: icmp_seq=21443 ttl=32 time=107 ms
08-10 23:36:46.343  5222  5321 D cellinfo: 46 bytes from 44.241.174.93: icmp_seq=21444 ttl=32 time=109 ms
08-10 23:36:46.554  5222  5321 D cellinfo: 46 bytes from 44.241.174.93: icmp_seq=21445 ttl=32 time=118 ms
08-10 23:36:46.626  5222  5222 D cellinfo: Latitude is 39.7518377
08-10 23:36:46.626  5222  5222 D cellinfo: Longitude is -105.016609
08-10 23:36:46.626  5222  5222 D cellinfo: Instantaneous GPS information: United States, 2302 Alcott St, Denver, CO 80211, USA
08-10 23:36:46.626  5222  5222 D cellinfo: getCurrentLocation() result: Location (success): 39.7518377, -105.016609
08-10 23:36:46.754  5222  5321 D cellinfo: 46 bytes from 44.241.174.93: icmp_seq=21446 ttl=32 time=118 ms
08-10 23:36:46.952  5222  5321 D cellinfo: 46 bytes from 44.241.174.93: icmp_seq=21447 ttl=32 time=117 ms
08-10 23:36:46.998  5222  5222 D cellinfo: onsignalStrengthsChanged: LTE Signal Strength info: rsrp: -95 rsrq: -14 rssi: -61 rssnr: 0
08-10 23:36:47.193  5222  5321 D cellinfo: 46 bytes from 44.241.174.93: icmp_seq=21448 ttl=32 time=156 ms
08-10 23:36:47.352  5222  5321 D cellinfo: 46 bytes from 44.241.174.93: icmp_seq=21449 ttl=32 time=116 ms
08-10 23:36:47.449  5222  5222 D cellinfo: Latitude is 39.7518377
08-10 23:36:47.449  5222  5222 D cellinfo: Longitude is -105.016609
08-10 23:36:47.449  5222  5222 D cellinfo: Instantaneous GPS information: United States, 2302 Alcott St, Denver, CO 80211, USA
08-10 23:36:47.449  5222  5222 D cellinfo: getCurrentLocation() result: Location (success): 39.7518377, -105.016609
08-10 23:36:47.493  5222  5222 D cellinfo: onCellInfoChanged: Operator: AT&T...1 UpdateTimestamp: 200880232 CellConnectionStatus: 0
08-10 23:36:47.493  5222  5222 D cellinfo: onCellInfoChanged: LTE Cell Bands: [2] Bandwidth: 2147483647 Cell ID: 97589514 Physical Cell ID: 415 Tracking Area Code: 38405 EARFCN: 700
08-10 23:36:47.553  5222  5321 D cellinfo: 46 bytes from 44.241.174.93: icmp_seq=21450 ttl=32 time=115 ms
08-10 23:36:47.753  5222  5321 D cellinfo: 46 bytes from 44.241.174.93: icmp_seq=21451 ttl=32 time=115 ms
08-10 23:36:47.952  5222  5321 D cellinfo: 46 bytes from 44.241.174.93: icmp_seq=21452 ttl=32 time=114 ms
08-10 23:36:48.153  5222  5321 D cellinfo: 46 bytes from 44.241.174.93: icmp_seq=21453 ttl=32 time=114 ms
08-10 23:36:48.353  5222  5321 D cellinfo: 46 bytes from 44.241.174.93: icmp_seq=21454 ttl=32 time=113 ms
08-10 23:36:48.558  5222  5321 D cellinfo: 46 bytes from 44.241.174.93: icmp_seq=21455 ttl=32 time=117 ms
08-10 23:36:48.752  5222  5321 D cellinfo: 46 bytes from 44.241.174.93: icmp_seq=21456 ttl=32 time=111 ms
08-10 23:36:48.953  5222  5321 D cellinfo: 46 bytes from 44.241.174.93: icmp_seq=21457 ttl=32 time=109 ms
08-10 23:36:49.153  5222  5321 D cellinfo: 46 bytes from 44.241.174.93: icmp_seq=21458 ttl=32 time=109 ms
08-10 23:36:49.352  5222  5321 D cellinfo: 46 bytes from 44.241.174.93: icmp_seq=21459 ttl=32 time=108 ms
08-10 23:36:49.551  5222  5321 D cellinfo: 46 bytes from 44.241.174.93: icmp_seq=21460 ttl=32 time=107 ms
08-10 23:36:49.753  5222  5321 D cellinfo: 46 bytes from 44.241.174.93: icmp_seq=21461 ttl=32 time=107 ms
08-10 23:36:49.953  5222  5321 D cellinfo: 46 bytes from 44.241.174.93: icmp_seq=21462 ttl=32 time=106 ms
08-10 23:36:50.152  5222  5321 D cellinfo: 46 bytes from 44.241.174.93: icmp_seq=21463 ttl=32 time=105 ms
08-10 23:36:50.259  5222  5222 D cellinfo: onsignalStrengthsChanged: LTE Signal Strength info: rsrp: -94 rsrq: -13 rssi: -65 rssnr: 2
08-10 23:36:50.353  5222  5321 D cellinfo: 46 bytes from 44.241.174.93: icmp_seq=21464 ttl=32 time=104 ms
08-10 23:36:50.449  5222  5222 D cellinfo: Latitude is 39.7518377
08-10 23:36:50.449  5222  5222 D cellinfo: Longitude is -105.016609
08-10 23:36:50.449  5222  5222 D cellinfo: Instantaneous GPS information: United States, 2302 Alcott St, Denver, CO 80211, USA
08-10 23:36:50.449  5222  5222 D cellinfo: getCurrentLocation() result: Location (success): 39.7518377, -105.016609
08-10 23:36:50.498  5222  5222 D cellinfo: onCellInfoChanged: Operator: AT&T...1 UpdateTimestamp: 200883235 CellConnectionStatus: 0
08-10 23:36:50.498  5222  5222 D cellinfo: onCellInfoChanged: LTE Cell Bands: [2] Bandwidth: 2147483647 Cell ID: 97589514 Physical Cell ID: 415 Tracking Area Code: 38405 EARFCN: 700
08-10 23:36:50.553  5222  5321 D cellinfo: 46 bytes from 44.241.174.93: icmp_seq=21465 ttl=32 time=103 ms
08-10 23:36:50.754  5222  5321 D cellinfo: 46 bytes from 44.241.174.93: icmp_seq=21466 ttl=32 time=103 ms
08-10 23:36:50.952  5222  5321 D cellinfo: 46 bytes from 44.241.174.93: icmp_seq=21467 ttl=32 time=102 ms
08-10 23:36:51.192  5222  5321 D cellinfo: 46 bytes from 44.241.174.93: icmp_seq=21468 ttl=32 time=141 ms
08-10 23:36:51.352  5222  5321 D cellinfo: 46 bytes from 44.241.174.93: icmp_seq=21469 ttl=32 time=101 ms
08-10 23:36:51.474  5222  5222 D cellinfo: onsignalStrengthsChanged: LTE Signal Strength info: rsrp: -95 rsrq: -13 rssi: -67 rssnr: 1
08-10 23:36:51.552  5222  5321 D cellinfo: 46 bytes from 44.241.174.93: icmp_seq=21470 ttl=32 time=100 ms
08-10 23:36:51.752  5222  5321 D cellinfo: 46 bytes from 44.241.174.93: icmp_seq=21471 ttl=32 time=99.4 ms
08-10 23:36:51.952  5222  5321 D cellinfo: 46 bytes from 44.241.174.93: icmp_seq=21472 ttl=32 time=97.8 ms
08-10 23:36:52.153  5222  5321 D cellinfo: 46 bytes from 44.241.174.93: icmp_seq=21473 ttl=32 time=97.0 ms
08-10 23:36:52.392  5222  5321 D cellinfo: 46 bytes from 44.241.174.93: icmp_seq=21474 ttl=32 time=135 ms
08-10 23:36:52.558  5222  5321 D cellinfo: 46 bytes from 44.241.174.93: icmp_seq=21475 ttl=32 time=101 ms
08-10 23:36:52.758  5222  5321 D cellinfo: 46 bytes from 44.241.174.93: icmp_seq=21476 ttl=32 time=99.4 ms
08-10 23:36:52.956  5222  5321 D cellinfo: 46 bytes from 44.241.174.93: icmp_seq=21477 ttl=32 time=97.5 ms
08-10 23:36:53.157  5222  5321 D cellinfo: 46 bytes from 44.241.174.93: icmp_seq=21478 ttl=32 time=97.2 ms
08-10 23:36:53.357  5222  5321 D cellinfo: 46 bytes from 44.241.174.93: icmp_seq=21479 ttl=32 time=96.9 ms
08-10 23:36:53.445  5222  5222 D cellinfo: Latitude is 39.7518377
08-10 23:36:53.445  5222  5222 D cellinfo: Longitude is -105.016609
08-10 23:36:53.445  5222  5222 D cellinfo: Instantaneous GPS information: United States, 2302 Alcott St, Denver, CO 80211, USA
08-10 23:36:53.445  5222  5222 D cellinfo: getCurrentLocation() result: Location (success): 39.7518377, -105.016609
08-10 23:36:53.502  5222  5222 D cellinfo: onCellInfoChanged: Operator: AT&T...1 UpdateTimestamp: 200886238 CellConnectionStatus: 0
08-10 23:36:53.502  5222  5222 D cellinfo: onCellInfoChanged: LTE Cell Bands: [2] Bandwidth: 2147483647 Cell ID: 97589514 Physical Cell ID: 415 Tracking Area Code: 38405 EARFCN: 700
08-10 23:36:53.557  5222  5321 D cellinfo: 46 bytes from 44.241.174.93: icmp_seq=21480 ttl=32 time=96.5 ms
08-10 23:36:53.757  5222  5321 D cellinfo: 46 bytes from 44.241.174.93: icmp_seq=21481 ttl=32 time=95.7 ms
08-10 23:36:53.958  5222  5321 D cellinfo: 46 bytes from 44.241.174.93: icmp_seq=21482 ttl=32 time=95.4 ms
08-10 23:36:54.157  5222  5321 D cellinfo: 46 bytes from 44.241.174.93: icmp_seq=21483 ttl=32 time=95.0 ms
08-10 23:36:54.392  5222  5321 D cellinfo: 46 bytes from 44.241.174.93: icmp_seq=21484 ttl=32 time=128 ms
08-10 23:36:54.592  5222  5321 D cellinfo: 46 bytes from 44.241.174.93: icmp_seq=21485 ttl=32 time=127 ms
08-10 23:36:54.791  5222  5321 D cellinfo: 46 bytes from 44.241.174.93: icmp_seq=21486 ttl=32 time=126 ms
08-10 23:36:54.993  5222  5321 D cellinfo: 46 bytes from 44.241.174.93: icmp_seq=21487 ttl=32 time=126 ms
08-10 23:36:55.192  5222  5321 D cellinfo: 46 bytes from 44.241.174.93: icmp_seq=21488 ttl=32 time=124 ms
08-10 23:36:55.392  5222  5321 D cellinfo: 46 bytes from 44.241.174.93: icmp_seq=21489 ttl=32 time=123 ms
08-10 23:36:55.592  5222  5321 D cellinfo: 46 bytes from 44.241.174.93: icmp_seq=21490 ttl=32 time=121 ms
08-10 23:36:55.792  5222  5321 D cellinfo: 46 bytes from 44.241.174.93: icmp_seq=21491 ttl=32 time=120 ms
08-10 23:36:55.959  5222  5222 D cellinfo: onsignalStrengthsChanged: LTE Signal Strength info: rsrp: -99 rsrq: -14 rssi: -65 rssnr: 0
08-10 23:36:55.994  5222  5321 D cellinfo: 46 bytes from 44.241.174.93: icmp_seq=21492 ttl=32 time=119 ms
08-10 23:36:56.192  5222  5321 D cellinfo: 46 bytes from 44.241.174.93: icmp_seq=21493 ttl=32 time=118 ms
08-10 23:36:56.392  5222  5321 D cellinfo: 46 bytes from 44.241.174.93: icmp_seq=21494 ttl=32 time=118 ms
08-10 23:36:56.484  5222  5222 D cellinfo: onCellInfoChanged: Operator: AT&T...1 UpdateTimestamp: 200889220 CellConnectionStatus: 0
08-10 23:36:56.484  5222  5222 D cellinfo: onCellInfoChanged: LTE Cell Bands: [2] Bandwidth: 2147483647 Cell ID: 97589514 Physical Cell ID: 415 Tracking Area Code: 38405 EARFCN: 700
08-10 23:36:56.578  5222  5321 D cellinfo: 46 bytes from 44.241.174.93: icmp_seq=21495 ttl=32 time=104 ms
08-10 23:36:56.793  5222  5321 D cellinfo: 46 bytes from 44.241.174.93: icmp_seq=21496 ttl=32 time=117 ms
08-10 23:36:56.993  5222  5321 D cellinfo: 46 bytes from 44.241.174.93: icmp_seq=21497 ttl=32 time=116 ms
08-10 23:36:57.201  5222  5321 D cellinfo: 46 bytes from 44.241.174.93: icmp_seq=21498 ttl=32 time=123 ms
08-10 23:36:57.392  5222  5321 D cellinfo: 46 bytes from 44.241.174.93: icmp_seq=21499 ttl=32 time=115 ms
08-10 23:36:57.591  5222  5321 D cellinfo: 46 bytes from 44.241.174.93: icmp_seq=21500 ttl=32 time=114 ms
08-10 23:36:57.782  5222  5321 D cellinfo: 46 bytes from 44.241.174.93: icmp_seq=21501 ttl=32 time=102 ms
08-10 23:36:57.983  5222  5321 D cellinfo: 46 bytes from 44.241.174.93: icmp_seq=21502 ttl=32 time=101 ms
08-10 23:36:58.162  5222  5222 D cellinfo: Latitude is 39.7493031
08-10 23:36:58.162  5222  5222 D cellinfo: Longitude is -105.0178069
08-10 23:36:58.162  5222  5222 D cellinfo: Instantaneous GPS information: United States, 2170 Bryant St, Denver, CO 80211, USA
08-10 23:36:58.162  5222  5222 D cellinfo: getCurrentLocation() result: Location (success): 39.7493031, -105.0178069
08-10 23:36:58.182  5222  5321 D cellinfo: 46 bytes from 44.241.174.93: icmp_seq=21503 ttl=32 time=100 ms
08-10 23:36:58.392  5222  5321 D cellinfo: 46 bytes from 44.241.174.93: icmp_seq=21504 ttl=32 time=108 ms
08-10 23:36:58.592  5222  5321 D cellinfo: 46 bytes from 44.241.174.93: icmp_seq=21505 ttl=32 time=108 ms
08-10 23:36:58.800  5222  5321 D cellinfo: 46 bytes from 44.241.174.93: icmp_seq=21506 ttl=32 time=115 ms
08-10 23:36:58.992  5222  5321 D cellinfo: 46 bytes from 44.241.174.93: icmp_seq=21507 ttl=32 time=106 ms
08-10 23:36:59.193  5222  5321 D cellinfo: 46 bytes from 44.241.174.93: icmp_seq=21508 ttl=32 time=104 ms
08-10 23:36:59.393  5222  5321 D cellinfo: 46 bytes from 44.241.174.93: icmp_seq=21509 ttl=32 time=104 ms
08-10 23:36:59.448  5222  5222 D cellinfo: Latitude is 39.7493031
08-10 23:36:59.448  5222  5222 D cellinfo: Longitude is -105.0178069
08-10 23:36:59.448  5222  5222 D cellinfo: Instantaneous GPS information: United States, 2170 Bryant St, Denver, CO 80211, USA
08-10 23:36:59.448  5222  5222 D cellinfo: getCurrentLocation() result: Location (success): 39.7493031, -105.0178069
08-10 23:36:59.515  5222  5222 D cellinfo: onCellInfoChanged: Operator: AT&T...1 UpdateTimestamp: 200892251 CellConnectionStatus: 0
08-10 23:36:59.515  5222  5222 D cellinfo: onCellInfoChanged: LTE Cell Bands: [2] Bandwidth: 2147483647 Cell ID: 97589514 Physical Cell ID: 415 Tracking Area Code: 38405 EARFCN: 700
08-10 23:36:59.592  5222  5321 D cellinfo: 46 bytes from 44.241.174.93: icmp_seq=21510 ttl=32 time=104 ms
08-10 23:36:59.796  5222  5321 D cellinfo: 46 bytes from 44.241.174.93: icmp_seq=21511 ttl=32 time=106 ms
08-10 23:37:00.001  5222  5321 D cellinfo: 46 bytes from 44.241.174.93: icmp_seq=21512 ttl=32 time=111 ms
08-10 23:37:00.191  5222  5321 D cellinfo: 46 bytes from 44.241.174.93: icmp_seq=21513 ttl=32 time=102 ms
08-10 23:37:00.396  5222  5321 D cellinfo: 46 bytes from 44.241.174.93: icmp_seq=21514 ttl=32 time=105 ms
08-10 23:37:00.592  5222  5321 D cellinfo: 46 bytes from 44.241.174.93: icmp_seq=21515 ttl=32 time=101 ms
08-10 23:37:00.784  5222  5321 D cellinfo: 46 bytes from 44.241.174.93: icmp_seq=21516 ttl=32 time=92.7 ms
08-10 23:37:00.818  5222  5222 D cellinfo: onCellInfoChanged: Operator: AT&T...1 UpdateTimestamp: 200893552 CellConnectionStatus: 0
08-10 23:37:00.818  5222  5222 D cellinfo: onCellInfoChanged: LTE Cell Bands: [2] Bandwidth: 2147483647 Cell ID: 97540616 Physical Cell ID: 299 Tracking Area Code: 38405 EARFCN: 700
08-10 23:37:00.858  5222  5222 D cellinfo: onServiceStateChanged: Channel Number: 700 Cell Bandwidths: []
08-10 23:37:01.031  5222  5321 D cellinfo: 46 bytes from 44.241.174.93: icmp_seq=21517 ttl=32 time=138 ms
08-10 23:37:01.231  5222  5321 D cellinfo: 46 bytes from 44.241.174.93: icmp_seq=21518 ttl=32 time=138 ms
08-10 23:37:01.391  5222  5321 D cellinfo: 46 bytes from 44.241.174.93: icmp_seq=21519 ttl=32 time=97.6 ms
08-10 23:37:01.593  5222  5321 D cellinfo: 46 bytes from 44.241.174.93: icmp_seq=21520 ttl=32 time=98.3 ms
08-10 23:37:01.793  5222  5321 D cellinfo: 46 bytes from 44.241.174.93: icmp_seq=21521 ttl=32 time=97.2 ms
08-10 23:37:01.993  5222  5321 D cellinfo: 46 bytes from 44.241.174.93: icmp_seq=21522 ttl=32 time=96.1 ms
08-10 23:37:02.194  5222  5321 D cellinfo: 46 bytes from 44.241.174.93: icmp_seq=21523 ttl=32 time=94.9 ms
08-10 23:37:02.391  5222  5321 D cellinfo: 46 bytes from 44.241.174.93: icmp_seq=21524 ttl=32 time=92.0 ms
08-10 23:37:02.447  5222  5222 D cellinfo: Latitude is 39.7493031
08-10 23:37:02.447  5222  5222 D cellinfo: Longitude is -105.0178069
08-10 23:37:02.447  5222  5222 D cellinfo: Instantaneous GPS information: United States, 2170 Bryant St, Denver, CO 80211, USA
08-10 23:37:02.447  5222  5222 D cellinfo: getCurrentLocation() result: Location (success): 39.7493031, -105.0178069
08-10 23:37:02.492  5222  5222 D cellinfo: onCellInfoChanged: Operator: AT&T...1 UpdateTimestamp: 200895229 CellConnectionStatus: 0
08-10 23:37:02.492  5222  5222 D cellinfo: onCellInfoChanged: LTE Cell Bands: [2] Bandwidth: 2147483647 Cell ID: 97540616 Physical Cell ID: 299 Tracking Area Code: 38405 EARFCN: 700
08-10 23:37:02.592  5222  5321 D cellinfo: 46 bytes from 44.241.174.93: icmp_seq=21525 ttl=32 time=92.2 ms
08-10 23:37:02.794  5222  5321 D cellinfo: 46 bytes from 44.241.174.93: icmp_seq=21526 ttl=32 time=92.6 ms
08-10 23:37:03.000  5222  5321 D cellinfo: 46 bytes from 44.241.174.93: icmp_seq=21527 ttl=32 time=100 ms
08-10 23:37:03.194  5222  5321 D cellinfo: 46 bytes from 44.241.174.93: icmp_seq=21528 ttl=32 time=91.6 ms
08-10 23:37:03.394  5222  5321 D cellinfo: 46 bytes from 44.241.174.93: icmp_seq=21529 ttl=32 time=91.9 ms
08-10 23:37:03.632  5222  5321 D cellinfo: 46 bytes from 44.241.174.93: icmp_seq=21530 ttl=32 time=128 ms
08-10 23:37:03.830  5222  5321 D cellinfo: 46 bytes from 44.241.174.93: icmp_seq=21531 ttl=32 time=127 ms
08-10 23:37:04.038  5222  5321 D cellinfo: 46 bytes from 44.241.174.93: icmp_seq=21532 ttl=32 time=133 ms
08-10 23:37:04.233  5222  5321 D cellinfo: 46 bytes from 44.241.174.93: icmp_seq=21533 ttl=32 time=128 ms
08-10 23:37:04.431  5222  5321 D cellinfo: 46 bytes from 44.241.174.93: icmp_seq=21534 ttl=32 time=127 ms
08-10 23:37:04.630  5222  5321 D cellinfo: 46 bytes from 44.241.174.93: icmp_seq=21535 ttl=32 time=124 ms
08-10 23:37:04.832  5222  5321 D cellinfo: 46 bytes from 44.241.174.93: icmp_seq=21536 ttl=32 time=124 ms
08-10 23:37:04.917  5222  5222 D cellinfo: onsignalStrengthsChanged: LTE Signal Strength info: rsrp: -98 rsrq: -15 rssi: -63 rssnr: 1
08-10 23:37:05.032  5222  5321 D cellinfo: 46 bytes from 44.241.174.93: icmp_seq=21537 ttl=32 time=122 ms
08-10 23:37:05.232  5222  5321 D cellinfo: 46 bytes from 44.241.174.93: icmp_seq=21538 ttl=32 time=123 ms
08-10 23:37:05.430  5222  5321 D cellinfo: 46 bytes from 44.241.174.93: icmp_seq=21539 ttl=32 time=119 ms
08-10 23:37:05.453  5222  5222 D cellinfo: Latitude is 39.7493031
08-10 23:37:05.453  5222  5222 D cellinfo: Longitude is -105.0178069
08-10 23:37:05.453  5222  5222 D cellinfo: Instantaneous GPS information: United States, 2170 Bryant St, Denver, CO 80211, USA
08-10 23:37:05.453  5222  5222 D cellinfo: getCurrentLocation() result: Location (success): 39.7493031, -105.0178069
08-10 23:37:05.500  5222  5222 D cellinfo: onCellInfoChanged: Operator: AT&T...1 UpdateTimestamp: 200898234 CellConnectionStatus: 0
08-10 23:37:05.500  5222  5222 D cellinfo: onCellInfoChanged: LTE Cell Bands: [2] Bandwidth: 2147483647 Cell ID: 97540616 Physical Cell ID: 299 Tracking Area Code: 38405 EARFCN: 700
08-10 23:37:05.631  5222  5321 D cellinfo: 46 bytes from 44.241.174.93: icmp_seq=21540 ttl=32 time=119 ms
08-10 23:37:05.830  5222  5321 D cellinfo: 46 bytes from 44.241.174.93: icmp_seq=21541 ttl=32 time=117 ms
08-10 23:37:06.031  5222  5321 D cellinfo: 46 bytes from 44.241.174.93: icmp_seq=21542 ttl=32 time=117 ms
08-10 23:37:06.230  5222  5321 D cellinfo: 46 bytes from 44.241.174.93: icmp_seq=21543 ttl=32 time=118 ms
08-10 23:37:06.431  5222  5321 D cellinfo: 46 bytes from 44.241.174.93: icmp_seq=21544 ttl=32 time=116 ms
08-10 23:37:06.630  5222  5321 D cellinfo: 46 bytes from 44.241.174.93: icmp_seq=21545 ttl=32 time=115 ms
08-10 23:37:06.831  5222  5321 D cellinfo: 46 bytes from 44.241.174.93: icmp_seq=21546 ttl=32 time=114 ms
08-10 23:37:07.031  5222  5321 D cellinfo: 46 bytes from 44.241.174.93: icmp_seq=21547 ttl=32 time=115 ms
08-10 23:37:07.230  5222  5321 D cellinfo: 46 bytes from 44.241.174.93: icmp_seq=21548 ttl=32 time=115 ms
08-10 23:37:07.429  5222  5321 D cellinfo: 46 bytes from 44.241.174.93: icmp_seq=21549 ttl=32 time=111 ms
08-10 23:37:07.630  5222  5321 D cellinfo: 46 bytes from 44.241.174.93: icmp_seq=21550 ttl=32 time=113 ms
08-10 23:37:07.831  5222  5321 D cellinfo: 46 bytes from 44.241.174.93: icmp_seq=21551 ttl=32 time=112 ms
08-10 23:37:08.031  5222  5321 D cellinfo: 46 bytes from 44.241.174.93: icmp_seq=21552 ttl=32 time=112 ms
08-10 23:37:08.231  5222  5321 D cellinfo: 46 bytes from 44.241.174.93: icmp_seq=21553 ttl=32 time=112 ms
08-10 23:37:08.264  5222  5222 D cellinfo: onsignalStrengthsChanged: LTE Signal Strength info: rsrp: -96 rsrq: -13 rssi: -61 rssnr: 2
08-10 23:37:08.430  5222  5321 D cellinfo: 46 bytes from 44.241.174.93: icmp_seq=21554 ttl=32 time=111 ms
08-10 23:37:08.482  5222  5222 D cellinfo: onCellInfoChanged: Operator: AT&T...1 UpdateTimestamp: 200901216 CellConnectionStatus: 0
08-10 23:37:08.482  5222  5222 D cellinfo: onCellInfoChanged: LTE Cell Bands: [2] Bandwidth: 2147483647 Cell ID: 97540616 Physical Cell ID: 299 Tracking Area Code: 38405 EARFCN: 700
08-10 23:37:08.630  5222  5321 D cellinfo: 46 bytes from 44.241.174.93: icmp_seq=21555 ttl=32 time=110 ms
08-10 23:37:08.830  5222  5321 D cellinfo: 46 bytes from 44.241.174.93: icmp_seq=21556 ttl=32 time=110 ms
08-10 23:37:09.032  5222  5321 D cellinfo: 46 bytes from 44.241.174.93: icmp_seq=21557 ttl=32 time=109 ms
08-10 23:37:09.230  5222  5321 D cellinfo: 46 bytes from 44.241.174.93: icmp_seq=21558 ttl=32 time=109 ms
08-10 23:37:09.431  5222  5321 D cellinfo: 46 bytes from 44.241.174.93: icmp_seq=21559 ttl=32 time=108 ms
08-10 23:37:09.620  5222  5321 D cellinfo: 46 bytes from 44.241.174.93: icmp_seq=21560 ttl=32 time=97.0 ms
08-10 23:37:09.831  5222  5321 D cellinfo: 46 bytes from 44.241.174.93: icmp_seq=21561 ttl=32 time=107 ms
08-10 23:37:10.021  5222  5321 D cellinfo: 46 bytes from 44.241.174.93: icmp_seq=21562 ttl=32 time=94.7 ms
08-10 23:37:10.169  5222  5222 D cellinfo: Latitude is 39.7465783
08-10 23:37:10.169  5222  5222 D cellinfo: Longitude is -105.0182811
08-10 23:37:10.169  5222  5222 D cellinfo: Instantaneous GPS information: United States, 1800 Bryant St, Denver, CO 80219, USA
08-10 23:37:10.169  5222  5222 D cellinfo: getCurrentLocation() result: Location (success): 39.7465783, -105.0182811
08-10 23:37:10.230  5222  5321 D cellinfo: 46 bytes from 44.241.174.93: icmp_seq=21563 ttl=32 time=103 ms
08-10 23:37:10.433  5222  5321 D cellinfo: 46 bytes from 44.241.174.93: icmp_seq=21564 ttl=32 time=105 ms
08-10 23:37:10.630  5222  5321 D cellinfo: 46 bytes from 44.241.174.93: icmp_seq=21565 ttl=32 time=102 ms
08-10 23:37:10.830  5222  5321 D cellinfo: 46 bytes from 44.241.174.93: icmp_seq=21566 ttl=32 time=101 ms
08-10 23:37:11.031  5222  5321 D cellinfo: 46 bytes from 44.241.174.93: icmp_seq=21567 ttl=32 time=101 ms
08-10 23:37:11.232  5222  5321 D cellinfo: 46 bytes from 44.241.174.93: icmp_seq=21568 ttl=32 time=101 ms
08-10 23:37:11.430  5222  5321 D cellinfo: 46 bytes from 44.241.174.93: icmp_seq=21569 ttl=32 time=100 ms
08-10 23:37:11.445  5222  5222 D cellinfo: Latitude is 39.7465783
08-10 23:37:11.445  5222  5222 D cellinfo: Longitude is -105.0182811
08-10 23:37:11.445  5222  5222 D cellinfo: Instantaneous GPS information: United States, 1800 Bryant St, Denver, CO 80219, USA
08-10 23:37:11.445  5222  5222 D cellinfo: getCurrentLocation() result: Location (success): 39.7465783, -105.0182811
08-10 23:37:11.490  5222  5222 D cellinfo: onCellInfoChanged: Operator: AT&T...1 UpdateTimestamp: 200904226 CellConnectionStatus: 0
08-10 23:37:11.490  5222  5222 D cellinfo: onCellInfoChanged: LTE Cell Bands: [2] Bandwidth: 2147483647 Cell ID: 97540616 Physical Cell ID: 299 Tracking Area Code: 38405 EARFCN: 700
08-10 23:37:11.630  5222  5321 D cellinfo: 46 bytes from 44.241.174.93: icmp_seq=21570 ttl=32 time=99.5 ms
08-10 23:37:11.830  5222  5321 D cellinfo: 46 bytes from 44.241.174.93: icmp_seq=21571 ttl=32 time=99.0 ms
08-10 23:37:12.029  5222  5321 D cellinfo: 46 bytes from 44.241.174.93: icmp_seq=21572 ttl=32 time=98.3 ms
08-10 23:37:12.271  5222  5321 D cellinfo: 46 bytes from 44.241.174.93: icmp_seq=21573 ttl=32 time=138 ms
08-10 23:37:12.471  5222  5321 D cellinfo: 46 bytes from 44.241.174.93: icmp_seq=21574 ttl=32 time=137 ms
08-10 23:37:12.671  5222  5321 D cellinfo: 46 bytes from 44.241.174.93: icmp_seq=21575 ttl=32 time=137 ms
08-10 23:37:12.871  5222  5321 D cellinfo: 46 bytes from 44.241.174.93: icmp_seq=21576 ttl=32 time=136 ms
08-10 23:37:13.033  5222  5321 D cellinfo: 46 bytes from 44.241.174.93: icmp_seq=21577 ttl=32 time=97.6 ms
08-10 23:37:13.232  5222  5321 D cellinfo: 46 bytes from 44.241.174.93: icmp_seq=21578 ttl=32 time=96.3 ms
08-10 23:37:13.441  5222  5321 D cellinfo: 46 bytes from 44.241.174.93: icmp_seq=21579 ttl=32 time=103 ms
08-10 23:37:13.635  5222  5321 D cellinfo: 46 bytes from 44.241.174.93: icmp_seq=21580 ttl=32 time=95.4 ms
08-10 23:37:13.834  5222  5321 D cellinfo: 46 bytes from 44.241.174.93: icmp_seq=21581 ttl=32 time=94.2 ms
08-10 23:37:13.879  5222  5222 D cellinfo: onsignalStrengthsChanged: LTE Signal Strength info: rsrp: -88 rsrq: -11 rssi: -51 rssnr: 4
08-10 23:37:14.035  5222  5321 D cellinfo: 46 bytes from 44.241.174.93: icmp_seq=21582 ttl=32 time=92.9 ms
08-10 23:37:14.233  5222  5321 D cellinfo: 46 bytes from 44.241.174.93: icmp_seq=21583 ttl=32 time=91.1 ms
08-10 23:37:14.280  5222  5222 D cellinfo: onsignalStrengthsChanged: LTE Signal Strength info: rsrp: -86 rsrq: -11 rssi: -51 rssnr: 6
08-10 23:37:14.432  5222  5321 D cellinfo: 46 bytes from 44.241.174.93: icmp_seq=21584 ttl=32 time=89.9 ms
08-10 23:37:14.444  5222  5222 D cellinfo: Latitude is 39.7465783
08-10 23:37:14.444  5222  5222 D cellinfo: Longitude is -105.0182811
08-10 23:37:14.444  5222  5222 D cellinfo: Instantaneous GPS information: United States, 1800 Bryant St, Denver, CO 80219, USA
08-10 23:37:14.444  5222  5222 D cellinfo: getCurrentLocation() result: Location (success): 39.7465783, -105.0182811
08-10 23:37:14.507  5222  5222 D cellinfo: onCellInfoChanged: Operator: AT&T...1 UpdateTimestamp: 200907242 CellConnectionStatus: 0
08-10 23:37:14.507  5222  5222 D cellinfo: onCellInfoChanged: LTE Cell Bands: [2] Bandwidth: 2147483647 Cell ID: 97540616 Physical Cell ID: 299 Tracking Area Code: 38405 EARFCN: 700
08-10 23:37:14.633  5222  5321 D cellinfo: 46 bytes from 44.241.174.93: icmp_seq=21585 ttl=32 time=89.2 ms
08-10 23:37:14.872  5222  5321 D cellinfo: 46 bytes from 44.241.174.93: icmp_seq=21586 ttl=32 time=127 ms
08-10 23:37:15.058  5222  5321 D cellinfo: 46 bytes from 44.241.174.93: icmp_seq=21587 ttl=32 time=113 ms
08-10 23:37:15.273  5222  5321 D cellinfo: 46 bytes from 44.241.174.93: icmp_seq=21588 ttl=32 time=127 ms
08-10 23:37:15.474  5222  5321 D cellinfo: 46 bytes from 44.241.174.93: icmp_seq=21589 ttl=32 time=126 ms
08-10 23:37:15.670  5222  5321 D cellinfo: 46 bytes from 44.241.174.93: icmp_seq=21590 ttl=32 time=125 ms
08-10 23:37:15.870  5222  5321 D cellinfo: 46 bytes from 44.241.174.93: icmp_seq=21591 ttl=32 time=124 ms
08-10 23:37:16.072  5222  5321 D cellinfo: 46 bytes from 44.241.174.93: icmp_seq=21592 ttl=32 time=125 ms
08-10 23:37:16.270  5222  5321 D cellinfo: 46 bytes from 44.241.174.93: icmp_seq=21593 ttl=32 time=124 ms
08-10 23:37:16.470  5222  5321 D cellinfo: 46 bytes from 44.241.174.93: icmp_seq=21594 ttl=32 time=124 ms
08-10 23:37:16.671  5222  5321 D cellinfo: 46 bytes from 44.241.174.93: icmp_seq=21595 ttl=32 time=123 ms
08-10 23:37:16.872  5222  5321 D cellinfo: 46 bytes from 44.241.174.93: icmp_seq=21596 ttl=32 time=124 ms
08-10 23:37:17.070  5222  5321 D cellinfo: 46 bytes from 44.241.174.93: icmp_seq=21597 ttl=32 time=122 ms
08-10 23:37:17.244  5222  5321 D cellinfo: 46 bytes from 44.241.174.93: icmp_seq=21598 ttl=32 time=95.3 ms
08-10 23:37:17.446  5222  5222 D cellinfo: Latitude is 39.7465783
08-10 23:37:17.446  5222  5222 D cellinfo: Longitude is -105.0182811
08-10 23:37:17.446  5222  5222 D cellinfo: Instantaneous GPS information: United States, 1800 Bryant St, Denver, CO 80219, USA
08-10 23:37:17.446  5222  5222 D cellinfo: getCurrentLocation() result: Location (success): 39.7465783, -105.0182811
08-10 23:37:17.469  5222  5321 D cellinfo: 46 bytes from 44.241.174.93: icmp_seq=21599 ttl=32 time=120 ms
08-10 23:37:17.499  5222  5222 D cellinfo: onCellInfoChanged: Operator: AT&T...1 UpdateTimestamp: 200910233 CellConnectionStatus: 0
08-10 23:37:17.499  5222  5222 D cellinfo: onCellInfoChanged: LTE Cell Bands: [2] Bandwidth: 2147483647 Cell ID: 97540616 Physical Cell ID: 299 Tracking Area Code: 38405 EARFCN: 700
08-10 23:37:17.671  5222  5321 D cellinfo: 46 bytes from 44.241.174.93: icmp_seq=21600 ttl=32 time=119 ms
08-10 23:37:17.871  5222  5321 D cellinfo: 46 bytes from 44.241.174.93: icmp_seq=21601 ttl=32 time=118 ms
08-10 23:37:18.065  5222  5321 D cellinfo: 46 bytes from 44.241.174.93: icmp_seq=21602 ttl=32 time=113 ms
08-10 23:37:18.269  5222  5321 D cellinfo: 46 bytes from 44.241.174.93: icmp_seq=21603 ttl=32 time=117 ms
08-10 23:37:18.469  5222  5321 D cellinfo: 46 bytes from 44.241.174.93: icmp_seq=21604 ttl=32 time=116 ms
08-10 23:37:18.669  5222  5321 D cellinfo: 46 bytes from 44.241.174.93: icmp_seq=21605 ttl=32 time=115 ms
08-10 23:37:18.858  5222  5321 D cellinfo: 46 bytes from 44.241.174.93: icmp_seq=21606 ttl=32 time=104 ms
08-10 23:37:19.071  5222  5321 D cellinfo: 46 bytes from 44.241.174.93: icmp_seq=21607 ttl=32 time=114 ms
08-10 23:37:19.270  5222  5321 D cellinfo: 46 bytes from 44.241.174.93: icmp_seq=21608 ttl=32 time=114 ms
08-10 23:37:19.470  5222  5321 D cellinfo: 46 bytes from 44.241.174.93: icmp_seq=21609 ttl=32 time=113 ms
08-10 23:37:19.659  5222  5321 D cellinfo: 46 bytes from 44.241.174.93: icmp_seq=21610 ttl=32 time=100 ms
