08-10 15:08:39.340 31416 31507 D cellinfo: 46 bytes from 44.241.174.93: icmp_seq=511 ttl=28 time=109 ms
08-10 15:08:39.580 31416 31507 D cellinfo: 46 bytes from 44.241.174.93: icmp_seq=512 ttl=28 time=148 ms
08-10 15:08:39.742 31416 31507 D cellinfo: 46 bytes from 44.241.174.93: icmp_seq=513 ttl=28 time=109 ms
08-10 15:08:39.944 31416 31507 D cellinfo: 46 bytes from 44.241.174.93: icmp_seq=514 ttl=28 time=111 ms
08-10 15:08:40.183 31416 31507 D cellinfo: 46 bytes from 44.241.174.93: icmp_seq=515 ttl=28 time=148 ms
08-10 15:08:40.342 31416 31507 D cellinfo: 46 bytes from 44.241.174.93: icmp_seq=516 ttl=28 time=108 ms
08-10 15:08:40.580 31416 31507 D cellinfo: 46 bytes from 44.241.174.93: icmp_seq=517 ttl=28 time=145 ms
08-10 15:08:40.740 31416 31507 D cellinfo: 46 bytes from 44.241.174.93: icmp_seq=518 ttl=28 time=105 ms
08-10 15:08:40.831 31416 31416 D cellinfo: onCellInfoChanged: Operator: AT&T...1 UpdateTimestamp: 170393561 CellConnectionStatus: 0
08-10 15:08:40.831 31416 31416 D cellinfo: onCellInfoChanged: LTE Cell Bands: [2] Bandwidth: 2147483647 Cell ID: 115460360 Physical Cell ID: 417 Tracking Area Code: 39173 EARFCN: 1100
08-10 15:08:40.895 31416 31416 D cellinfo: onsignalStrengthsChanged: LTE Signal Strength info: rsrp: -91 rsrq: -13 rssi: -65 rssnr: 7
08-10 15:08:40.940 31416 31507 D cellinfo: 46 bytes from 44.241.174.93: icmp_seq=519 ttl=28 time=104 ms
08-10 15:08:41.140 31416 31507 D cellinfo: 46 bytes from 44.241.174.93: icmp_seq=520 ttl=28 time=102 ms
08-10 15:08:41.340 31416 31507 D cellinfo: 46 bytes from 44.241.174.93: icmp_seq=521 ttl=28 time=100 ms
08-10 15:08:41.540 31416 31507 D cellinfo: 46 bytes from 44.241.174.93: icmp_seq=522 ttl=28 time=99.4 ms
08-10 15:08:41.740 31416 31507 D cellinfo: 46 bytes from 44.241.174.93: icmp_seq=523 ttl=28 time=98.3 ms
08-10 15:08:41.943 31416 31507 D cellinfo: 46 bytes from 44.241.174.93: icmp_seq=524 ttl=28 time=101 ms
08-10 15:08:42.074 31416 31416 D cellinfo: onsignalStrengthsChanged: LTE Signal Strength info: rsrp: -91 rsrq: -13 rssi: -67 rssnr: 4
08-10 15:08:42.143 31416 31507 D cellinfo: 46 bytes from 44.241.174.93: icmp_seq=525 ttl=28 time=99.5 ms
08-10 15:08:42.346 31416 31507 D cellinfo: 46 bytes from 44.241.174.93: icmp_seq=526 ttl=28 time=100 ms
08-10 15:08:42.582 31416 31507 D cellinfo: 46 bytes from 44.241.174.93: icmp_seq=527 ttl=28 time=136 ms
08-10 15:08:42.780 31416 31507 D cellinfo: 46 bytes from 44.241.174.93: icmp_seq=528 ttl=28 time=134 ms
08-10 15:08:42.981 31416 31507 D cellinfo: 46 bytes from 44.241.174.93: icmp_seq=529 ttl=28 time=134 ms
08-10 15:08:43.147 31416 31507 D cellinfo: 46 bytes from 44.241.174.93: icmp_seq=530 ttl=28 time=99.8 ms
08-10 15:08:43.345 31416 31507 D cellinfo: 46 bytes from 44.241.174.93: icmp_seq=531 ttl=28 time=96.3 ms
08-10 15:08:43.543 31416 31507 D cellinfo: 46 bytes from 44.241.174.93: icmp_seq=532 ttl=28 time=92.4 ms
08-10 15:08:43.693 31416 31416 D cellinfo: Latitude is 40.7181673
08-10 15:08:43.693 31416 31416 D cellinfo: Longitude is -111.8709182
08-10 15:08:43.693 31416 31416 D cellinfo: Instantaneous GPS information: United States, 2427 700 E, Salt Lake City, UT 84106, USA
08-10 15:08:43.693 31416 31416 D cellinfo: getCurrentLocation() result: Location (success): 40.7181673, -111.8709182
08-10 15:08:43.739 31416 31507 D cellinfo: 46 bytes from 44.241.174.93: icmp_seq=533 ttl=28 time=87.7 ms
08-10 15:08:43.777 31416 31416 D cellinfo: Latitude is 40.7181673
08-10 15:08:43.777 31416 31416 D cellinfo: Longitude is -111.8709182
08-10 15:08:43.777 31416 31416 D cellinfo: Instantaneous GPS information: United States, 2427 700 E, Salt Lake City, UT 84106, USA
08-10 15:08:43.777 31416 31416 D cellinfo: getCurrentLocation() result: Location (success): 40.7181673, -111.8709182
08-10 15:08:43.837 31416 31416 D cellinfo: onCellInfoChanged: Operator: AT&T...1 UpdateTimestamp: 170396571 CellConnectionStatus: 0
08-10 15:08:43.837 31416 31416 D cellinfo: onCellInfoChanged: LTE Cell Bands: [2] Bandwidth: 2147483647 Cell ID: 115460360 Physical Cell ID: 417 Tracking Area Code: 39173 EARFCN: 1100
08-10 15:08:43.943 31416 31507 D cellinfo: 46 bytes from 44.241.174.93: icmp_seq=534 ttl=28 time=89.9 ms
08-10 15:08:44.138 31416 31507 D cellinfo: 46 bytes from 44.241.174.93: icmp_seq=535 ttl=28 time=83.8 ms
08-10 15:08:44.381 31416 31507 D cellinfo: 46 bytes from 44.241.174.93: icmp_seq=536 ttl=28 time=124 ms
08-10 15:08:44.620 31416 31507 D cellinfo: 46 bytes from 44.241.174.93: icmp_seq=537 ttl=28 time=164 ms
08-10 15:08:44.781 31416 31507 D cellinfo: 46 bytes from 44.241.174.93: icmp_seq=538 ttl=28 time=123 ms
08-10 15:08:44.979 31416 31507 D cellinfo: 46 bytes from 44.241.174.93: icmp_seq=539 ttl=28 time=122 ms
08-10 15:08:45.075 31416 31416 D cellinfo: onsignalStrengthsChanged: LTE Signal Strength info: rsrp: -94 rsrq: -14 rssi: -63 rssnr: 3
08-10 15:08:45.180 31416 31507 D cellinfo: 46 bytes from 44.241.174.93: icmp_seq=540 ttl=28 time=121 ms
08-10 15:08:45.381 31416 31507 D cellinfo: 46 bytes from 44.241.174.93: icmp_seq=541 ttl=28 time=121 ms
08-10 15:08:45.581 31416 31507 D cellinfo: 46 bytes from 44.241.174.93: icmp_seq=542 ttl=28 time=120 ms
08-10 15:08:45.781 31416 31507 D cellinfo: 46 bytes from 44.241.174.93: icmp_seq=543 ttl=28 time=119 ms
08-10 15:08:45.981 31416 31507 D cellinfo: 46 bytes from 44.241.174.93: icmp_seq=544 ttl=28 time=117 ms
08-10 15:08:46.181 31416 31507 D cellinfo: 46 bytes from 44.241.174.93: icmp_seq=545 ttl=28 time=115 ms
08-10 15:08:46.380 31416 31507 D cellinfo: 46 bytes from 44.241.174.93: icmp_seq=546 ttl=28 time=112 ms
08-10 15:08:46.620 31416 31507 D cellinfo: 46 bytes from 44.241.174.93: icmp_seq=547 ttl=28 time=152 ms
08-10 15:08:46.777 31416 31416 D cellinfo: Latitude is 40.7181673
08-10 15:08:46.777 31416 31416 D cellinfo: Longitude is -111.8709182
08-10 15:08:46.777 31416 31416 D cellinfo: Instantaneous GPS information: United States, 2427 700 E, Salt Lake City, UT 84106, USA
08-10 15:08:46.777 31416 31416 D cellinfo: getCurrentLocation() result: Location (success): 40.7181673, -111.8709182
08-10 15:08:46.780 31416 31507 D cellinfo: 46 bytes from 44.241.174.93: icmp_seq=548 ttl=28 time=111 ms
08-10 15:08:46.833 31416 31416 D cellinfo: onCellInfoChanged: Operator: AT&T...1 UpdateTimestamp: 170399569 CellConnectionStatus: 0
08-10 15:08:46.834 31416 31416 D cellinfo: onCellInfoChanged: LTE Cell Bands: [2] Bandwidth: 2147483647 Cell ID: 115460360 Physical Cell ID: 417 Tracking Area Code: 39173 EARFCN: 1100
08-10 15:08:46.981 31416 31507 D cellinfo: 46 bytes from 44.241.174.93: icmp_seq=549 ttl=28 time=110 ms
08-10 15:08:47.220 31416 31507 D cellinfo: 46 bytes from 44.241.174.93: icmp_seq=550 ttl=28 time=151 ms
08-10 15:08:47.381 31416 31507 D cellinfo: 46 bytes from 44.241.174.93: icmp_seq=551 ttl=28 time=109 ms
08-10 15:08:47.590 31416 31507 D cellinfo: 46 bytes from 44.241.174.93: icmp_seq=552 ttl=28 time=118 ms
08-10 15:08:47.617 31416 31416 D cellinfo: onsignalStrengthsChanged: LTE Signal Strength info: rsrp: -98 rsrq: -15 rssi: -69 rssnr: 0
08-10 15:08:47.780 31416 31507 D cellinfo: 46 bytes from 44.241.174.93: icmp_seq=553 ttl=28 time=108 ms
08-10 15:08:47.980 31416 31507 D cellinfo: 46 bytes from 44.241.174.93: icmp_seq=554 ttl=28 time=107 ms
08-10 15:08:48.073 31416 31416 D cellinfo: onsignalStrengthsChanged: LTE Signal Strength info: rsrp: -99 rsrq: -15 rssi: -69 rssnr: -2
08-10 15:08:48.222 31416 31507 D cellinfo: 46 bytes from 44.241.174.93: icmp_seq=555 ttl=28 time=148 ms
08-10 15:08:48.389 31416 31507 D cellinfo: 46 bytes from 44.241.174.93: icmp_seq=556 ttl=28 time=114 ms
08-10 15:08:48.589 31416 31507 D cellinfo: 46 bytes from 44.241.174.93: icmp_seq=557 ttl=28 time=114 ms
08-10 15:08:48.782 31416 31507 D cellinfo: 46 bytes from 44.241.174.93: icmp_seq=558 ttl=28 time=106 ms
08-10 15:08:49.033 31416 31507 D cellinfo: 46 bytes from 44.241.174.93: icmp_seq=559 ttl=28 time=156 ms
08-10 15:08:49.089 31416 31416 D cellinfo: onCellInfoChanged: Operator: AT&T...1 UpdateTimestamp: 170401821 CellConnectionStatus: 0
08-10 15:08:49.089 31416 31416 D cellinfo: onCellInfoChanged: LTE Cell Bands: [2] Bandwidth: 2147483647 Cell ID: 115460104 Physical Cell ID: 405 Tracking Area Code: 39173 EARFCN: 1100
08-10 15:08:49.119 31416 31416 D cellinfo: onServiceStateChanged: Channel Number: 1100 Cell Bandwidths: []
08-10 15:08:49.192 31416 31507 D cellinfo: 46 bytes from 44.241.174.93: icmp_seq=560 ttl=28 time=116 ms
08-10 15:08:49.678 31416 31507 D cellinfo: 46 bytes from 44.241.174.93: icmp_seq=561 ttl=28 time=399 ms
08-10 15:08:49.679 31416 31507 D cellinfo: 46 bytes from 44.241.174.93: icmp_seq=562 ttl=28 time=193 ms
08-10 15:08:49.780 31416 31416 D cellinfo: Latitude is 40.7181673
08-10 15:08:49.780 31416 31416 D cellinfo: Longitude is -111.8709182
08-10 15:08:49.780 31416 31416 D cellinfo: Instantaneous GPS information: United States, 2427 700 E, Salt Lake City, UT 84106, USA
08-10 15:08:49.780 31416 31416 D cellinfo: getCurrentLocation() result: Location (success): 40.7181673, -111.8709182
08-10 15:08:49.832 31416 31416 D cellinfo: onCellInfoChanged: Operator: AT&T...1 UpdateTimestamp: 170402567 CellConnectionStatus: 0
08-10 15:08:49.832 31416 31416 D cellinfo: onCellInfoChanged: LTE Cell Bands: [2] Bandwidth: 2147483647 Cell ID: 115460104 Physical Cell ID: 405 Tracking Area Code: 39173 EARFCN: 1100
08-10 15:08:49.841 31416 31507 D cellinfo: 46 bytes from 44.241.174.93: icmp_seq=563 ttl=28 time=155 ms
08-10 15:08:49.864 31416 31416 D cellinfo: onsignalStrengthsChanged: LTE Signal Strength info: rsrp: -101 rsrq: -16 rssi: -71 rssnr: -2
08-10 15:08:50.002 31416 31507 D cellinfo: 46 bytes from 44.241.174.93: icmp_seq=564 ttl=28 time=117 ms
08-10 15:08:50.203 31416 31507 D cellinfo: 46 bytes from 44.241.174.93: icmp_seq=565 ttl=28 time=118 ms
08-10 15:08:50.401 31416 31507 D cellinfo: 46 bytes from 44.241.174.93: icmp_seq=566 ttl=28 time=115 ms
08-10 15:08:50.584 31416 31507 D cellinfo: 46 bytes from 44.241.174.93: icmp_seq=567 ttl=28 time=98.1 ms
08-10 15:08:50.801 31416 31507 D cellinfo: 46 bytes from 44.241.174.93: icmp_seq=568 ttl=28 time=114 ms
08-10 15:08:51.004 31416 31507 D cellinfo: 46 bytes from 44.241.174.93: icmp_seq=569 ttl=28 time=116 ms
08-10 15:08:51.090 31416 31416 D cellinfo: onsignalStrengthsChanged: LTE Signal Strength info: rsrp: -103 rsrq: -16 rssi: -71 rssnr: -3
08-10 15:08:51.204 31416 31507 D cellinfo: 46 bytes from 44.241.174.93: icmp_seq=570 ttl=28 time=118 ms
08-10 15:08:51.440 31416 31507 D cellinfo: 46 bytes from 44.241.174.93: icmp_seq=571 ttl=28 time=153 ms
08-10 15:08:51.641 31416 31507 D cellinfo: 46 bytes from 44.241.174.93: icmp_seq=572 ttl=28 time=152 ms
08-10 15:08:51.842 31416 31507 D cellinfo: 46 bytes from 44.241.174.93: icmp_seq=573 ttl=28 time=151 ms
08-10 15:08:52.002 31416 31507 D cellinfo: 46 bytes from 44.241.174.93: icmp_seq=574 ttl=28 time=112 ms
08-10 15:08:52.096 31416 31416 D cellinfo: onsignalStrengthsChanged: LTE Signal Strength info: rsrp: -105 rsrq: -17 rssi: -73 rssnr: -3
08-10 15:08:52.151 31416 31416 D cellinfo: onCellInfoChanged: Operator: AT&T...1 UpdateTimestamp: 170404882 CellConnectionStatus: 0
08-10 15:08:52.152 31416 31416 D cellinfo: onCellInfoChanged: LTE Cell Bands: [2] Bandwidth: 2147483647 Cell ID: 115460104 Physical Cell ID: 405 Tracking Area Code: 39173 EARFCN: 1100
08-10 15:08:52.204 31416 31507 D cellinfo: 46 bytes from 44.241.174.93: icmp_seq=575 ttl=28 time=116 ms
08-10 15:08:52.441 31416 31507 D cellinfo: 46 bytes from 44.241.174.93: icmp_seq=576 ttl=28 time=151 ms
08-10 15:08:52.606 31416 31507 D cellinfo: 46 bytes from 44.241.174.93: icmp_seq=577 ttl=28 time=114 ms
08-10 15:08:52.780 31416 31416 D cellinfo: Latitude is 40.7181673
08-10 15:08:52.780 31416 31416 D cellinfo: Longitude is -111.8709182
08-10 15:08:52.780 31416 31416 D cellinfo: Instantaneous GPS information: United States, 2427 700 E, Salt Lake City, UT 84106, USA
08-10 15:08:52.780 31416 31416 D cellinfo: getCurrentLocation() result: Location (success): 40.7181673, -111.8709182
08-10 15:08:52.802 31416 31507 D cellinfo: 46 bytes from 44.241.174.93: icmp_seq=578 ttl=28 time=110 ms
08-10 15:08:53.023 31416 31507 D cellinfo: 46 bytes from 44.241.174.93: icmp_seq=579 ttl=28 time=130 ms
08-10 15:08:53.201 31416 31507 D cellinfo: 46 bytes from 44.241.174.93: icmp_seq=580 ttl=28 time=109 ms
08-10 15:08:53.402 31416 31507 D cellinfo: 46 bytes from 44.241.174.93: icmp_seq=581 ttl=28 time=109 ms
08-10 15:08:53.601 31416 31507 D cellinfo: 46 bytes from 44.241.174.93: icmp_seq=582 ttl=28 time=107 ms
08-10 15:08:53.801 31416 31507 D cellinfo: 46 bytes from 44.241.174.93: icmp_seq=583 ttl=28 time=106 ms
08-10 15:08:54.042 31416 31507 D cellinfo: 46 bytes from 44.241.174.93: icmp_seq=584 ttl=28 time=145 ms
08-10 15:08:54.079 31416 31416 D cellinfo: onsignalStrengthsChanged: LTE Signal Strength info: rsrp: -106 rsrq: -17 rssi: -71 rssnr: -3
08-10 15:08:54.251 31416 31507 D cellinfo: 46 bytes from 44.241.174.93: icmp_seq=585 ttl=28 time=153 ms
08-10 15:08:54.338 31416 31416 D cellinfo: onsignalStrengthsChanged: LTE Signal Strength info: rsrp: -106 rsrq: -17 rssi: -71 rssnr: -2
08-10 15:08:54.442 31416 31507 D cellinfo: 46 bytes from 44.241.174.93: icmp_seq=586 ttl=28 time=144 ms
08-10 15:08:54.646 31416 31507 D cellinfo: 46 bytes from 44.241.174.93: icmp_seq=587 ttl=28 time=148 ms
08-10 15:08:54.843 31416 31507 D cellinfo: 46 bytes from 44.241.174.93: icmp_seq=588 ttl=28 time=143 ms
08-10 15:08:55.007 31416 31507 D cellinfo: 46 bytes from 44.241.174.93: icmp_seq=589 ttl=28 time=107 ms
08-10 15:08:55.283 31416 31507 D cellinfo: 46 bytes from 44.241.174.93: icmp_seq=590 ttl=28 time=182 ms
08-10 15:08:55.444 31416 31507 D cellinfo: 46 bytes from 44.241.174.93: icmp_seq=591 ttl=28 time=144 ms
08-10 15:08:55.642 31416 31507 D cellinfo: 46 bytes from 44.241.174.93: icmp_seq=592 ttl=28 time=140 ms
08-10 15:08:55.809 31416 31416 D cellinfo: onCellInfoChanged: Operator: AT&T...1 UpdateTimestamp: 170408545 CellConnectionStatus: 0
08-10 15:08:55.809 31416 31416 D cellinfo: onCellInfoChanged: LTE Cell Bands: [2] Bandwidth: 2147483647 Cell ID: 115460104 Physical Cell ID: 405 Tracking Area Code: 39173 EARFCN: 1100
08-10 15:08:55.842 31416 31507 D cellinfo: 46 bytes from 44.241.174.93: icmp_seq=593 ttl=28 time=139 ms
08-10 15:08:56.042 31416 31507 D cellinfo: 46 bytes from 44.241.174.93: icmp_seq=594 ttl=28 time=138 ms
08-10 15:08:56.283 31416 31507 D cellinfo: 46 bytes from 44.241.174.93: icmp_seq=595 ttl=28 time=179 ms
08-10 15:08:56.408 31416 31507 D cellinfo: 46 bytes from 44.241.174.93: icmp_seq=596 ttl=28 time=104 ms
08-10 15:08:56.582 31416 31416 D cellinfo: onsignalStrengthsChanged: LTE Signal Strength info: rsrp: -107 rsrq: -17 rssi: -75 rssnr: -3
08-10 15:08:56.643 31416 31507 D cellinfo: 46 bytes from 44.241.174.93: icmp_seq=597 ttl=28 time=135 ms
08-10 15:08:56.842 31416 31507 D cellinfo: 46 bytes from 44.241.174.93: icmp_seq=598 ttl=28 time=134 ms
08-10 15:08:57.007 31416 31507 D cellinfo: 46 bytes from 44.241.174.93: icmp_seq=599 ttl=28 time=96.4 ms
08-10 15:08:57.086 31416 31416 D cellinfo: onsignalStrengthsChanged: LTE Signal Strength info: rsrp: -108 rsrq: -17 rssi: -75 rssnr: -3
08-10 15:08:57.247 31416 31507 D cellinfo: 46 bytes from 44.241.174.93: icmp_seq=600 ttl=28 time=138 ms
08-10 15:08:57.408 31416 31507 D cellinfo: 46 bytes from 44.241.174.93: icmp_seq=601 ttl=28 time=95.6 ms
08-10 15:08:57.744 31416 31507 D cellinfo: 46 bytes from 44.241.174.93: icmp_seq=602 ttl=28 time=231 ms
08-10 15:08:57.883 31416 31507 D cellinfo: 46 bytes from 44.241.174.93: icmp_seq=603 ttl=28 time=159 ms
08-10 15:08:58.047 31416 31507 D cellinfo: 46 bytes from 44.241.174.93: icmp_seq=604 ttl=28 time=120 ms
08-10 15:08:58.345 31416 31507 D cellinfo: 46 bytes from 44.241.174.93: icmp_seq=605 ttl=28 time=218 ms
08-10 15:08:58.350 31416 31416 D cellinfo: Latitude is 40.7187398
08-10 15:08:58.350 31416 31416 D cellinfo: Longitude is -111.8693996
08-10 15:08:58.350 31416 31416 D cellinfo: Instantaneous GPS information: United States, 759 Parkway Ave, Salt Lake City, UT 84106, USA
08-10 15:08:58.350 31416 31416 D cellinfo: getCurrentLocation() result: Location (success): 40.7187398, -111.8693996
08-10 15:08:58.427 31416 31507 D cellinfo: 46 bytes from 44.241.174.93: icmp_seq=606 ttl=28 time=93.5 ms
08-10 15:08:58.667 31416 31416 D cellinfo: onCellInfoChanged: Operator: AT&T...1 UpdateTimestamp: 170411401 CellConnectionStatus: 0
08-10 15:08:58.667 31416 31416 D cellinfo: onCellInfoChanged: LTE Cell Bands: [2] Bandwidth: 2147483647 Cell ID: 115475977 Physical Cell ID: 496 Tracking Area Code: 39173 EARFCN: 1100
08-10 15:08:58.693 31416 31507 D cellinfo: 46 bytes from 44.241.174.93: icmp_seq=607 ttl=28 time=157 ms
08-10 15:08:58.711 31416 31416 D cellinfo: onServiceStateChanged: Channel Number: 1100 Cell Bandwidths: []
08-10 15:08:58.843 31416 31507 D cellinfo: 46 bytes from 44.241.174.93: icmp_seq=608 ttl=28 time=106 ms
08-10 15:08:59.055 31416 31507 D cellinfo: 46 bytes from 44.241.174.93: icmp_seq=609 ttl=28 time=117 ms
08-10 15:08:59.254 31416 31507 D cellinfo: 46 bytes from 44.241.174.93: icmp_seq=610 ttl=28 time=115 ms
08-10 15:08:59.455 31416 31507 D cellinfo: 46 bytes from 44.241.174.93: icmp_seq=611 ttl=28 time=114 ms
08-10 15:08:59.458 31416 31416 D cellinfo: Latitude is 40.7187341
08-10 15:08:59.458 31416 31416 D cellinfo: Longitude is -111.869388
08-10 15:08:59.458 31416 31416 D cellinfo: Instantaneous GPS information: United States, 759 Parkway Ave, Salt Lake City, UT 84106, USA
08-10 15:08:59.458 31416 31416 D cellinfo: getCurrentLocation() result: Location (success): 40.7187341, -111.869388
08-10 15:08:59.461 31416 31416 D cellinfo: onCellInfoChanged: Operator: AT&T...1 UpdateTimestamp: 170411539 CellConnectionStatus: 0
08-10 15:08:59.461 31416 31416 D cellinfo: onCellInfoChanged: LTE Cell Bands: [2] Bandwidth: 2147483647 Cell ID: 115475977 Physical Cell ID: 496 Tracking Area Code: 39173 EARFCN: 1100
08-10 15:08:59.462 31416 31416 D cellinfo: onsignalStrengthsChanged: LTE Signal Strength info: rsrp: -109 rsrq: -17 rssi: -71 rssnr: -2
08-10 15:08:59.693 31416 31507 D cellinfo: 46 bytes from 44.241.174.93: icmp_seq=612 ttl=28 time=151 ms
08-10 15:08:59.853 31416 31507 D cellinfo: 46 bytes from 44.241.174.93: icmp_seq=613 ttl=28 time=109 ms
08-10 15:09:00.053 31416 31507 D cellinfo: 46 bytes from 44.241.174.93: icmp_seq=614 ttl=28 time=109 ms
08-10 15:09:00.070 31416 31416 D cellinfo: onsignalStrengthsChanged: LTE Signal Strength info: rsrp: -108 rsrq: -17 rssi: -69 rssnr: -1
08-10 15:09:00.261 31416 31507 D cellinfo: 46 bytes from 44.241.174.93: icmp_seq=615 ttl=28 time=117 ms
08-10 15:09:00.453 31416 31507 D cellinfo: 46 bytes from 44.241.174.93: icmp_seq=616 ttl=28 time=108 ms
08-10 15:09:00.653 31416 31507 D cellinfo: 46 bytes from 44.241.174.93: icmp_seq=617 ttl=28 time=108 ms
08-10 15:09:00.853 31416 31507 D cellinfo: 46 bytes from 44.241.174.93: icmp_seq=618 ttl=28 time=106 ms
08-10 15:09:01.054 31416 31507 D cellinfo: 46 bytes from 44.241.174.93: icmp_seq=619 ttl=28 time=105 ms
08-10 15:09:01.260 31416 31507 D cellinfo: 46 bytes from 44.241.174.93: icmp_seq=620 ttl=28 time=113 ms
08-10 15:09:01.453 31416 31507 D cellinfo: 46 bytes from 44.241.174.93: icmp_seq=621 ttl=28 time=105 ms
08-10 15:09:01.653 31416 31507 D cellinfo: 46 bytes from 44.241.174.93: icmp_seq=622 ttl=28 time=104 ms
08-10 15:09:01.737 31416 31416 D cellinfo: onCellInfoChanged: Operator: AT&T...1 UpdateTimestamp: 170414471 CellConnectionStatus: 0
08-10 15:09:01.737 31416 31416 D cellinfo: onCellInfoChanged: LTE Cell Bands: [2] Bandwidth: 2147483647 Cell ID: 115475977 Physical Cell ID: 496 Tracking Area Code: 39173 EARFCN: 1100
08-10 15:09:01.781 31416 31416 D cellinfo: Latitude is 40.7187341
08-10 15:09:01.782 31416 31416 D cellinfo: Longitude is -111.869388
08-10 15:09:01.782 31416 31416 D cellinfo: Instantaneous GPS information: United States, 759 Parkway Ave, Salt Lake City, UT 84106, USA
08-10 15:09:01.782 31416 31416 D cellinfo: getCurrentLocation() result: Location (success): 40.7187341, -111.869388
08-10 15:09:01.856 31416 31507 D cellinfo: 46 bytes from 44.241.174.93: icmp_seq=623 ttl=28 time=106 ms
08-10 15:09:02.053 31416 31507 D cellinfo: 46 bytes from 44.241.174.93: icmp_seq=624 ttl=28 time=103 ms
08-10 15:09:02.252 31416 31507 D cellinfo: 46 bytes from 44.241.174.93: icmp_seq=625 ttl=28 time=102 ms
08-10 15:09:02.453 31416 31507 D cellinfo: 46 bytes from 44.241.174.93: icmp_seq=626 ttl=28 time=102 ms
08-10 15:09:02.656 31416 31507 D cellinfo: 46 bytes from 44.241.174.93: icmp_seq=627 ttl=28 time=104 ms
08-10 15:09:02.854 31416 31507 D cellinfo: 46 bytes from 44.241.174.93: icmp_seq=628 ttl=28 time=99.6 ms
08-10 15:09:03.053 31416 31507 D cellinfo: 46 bytes from 44.241.174.93: icmp_seq=629 ttl=28 time=98.3 ms
08-10 15:09:03.077 31416 31416 D cellinfo: onsignalStrengthsChanged: LTE Signal Strength info: rsrp: -107 rsrq: -16 rssi: -71 rssnr: 0
08-10 15:09:03.253 31416 31507 D cellinfo: 46 bytes from 44.241.174.93: icmp_seq=630 ttl=28 time=97.6 ms
08-10 15:09:03.299 31416 31416 D cellinfo: onsignalStrengthsChanged: LTE Signal Strength info: rsrp: -106 rsrq: -16 rssi: -71 rssnr: 0
08-10 15:09:03.464 31416 31507 D cellinfo: 46 bytes from 44.241.174.93: icmp_seq=631 ttl=28 time=108 ms
08-10 15:09:03.657 31416 31507 D cellinfo: 46 bytes from 44.241.174.93: icmp_seq=632 ttl=28 time=99.2 ms
08-10 15:09:03.893 31416 31507 D cellinfo: 46 bytes from 44.241.174.93: icmp_seq=633 ttl=28 time=135 ms
08-10 15:09:04.056 31416 31507 D cellinfo: 46 bytes from 44.241.174.93: icmp_seq=634 ttl=28 time=97.7 ms
08-10 15:09:04.293 31416 31507 D cellinfo: 46 bytes from 44.241.174.93: icmp_seq=635 ttl=28 time=134 ms
08-10 15:09:04.457 31416 31507 D cellinfo: 46 bytes from 44.241.174.93: icmp_seq=636 ttl=28 time=97.6 ms
08-10 15:09:04.657 31416 31507 D cellinfo: 46 bytes from 44.241.174.93: icmp_seq=637 ttl=28 time=96.6 ms
08-10 15:09:04.783 31416 31416 D cellinfo: Latitude is 40.7187341
08-10 15:09:04.783 31416 31416 D cellinfo: Longitude is -111.869388
08-10 15:09:04.783 31416 31416 D cellinfo: Instantaneous GPS information: United States, 759 Parkway Ave, Salt Lake City, UT 84106, USA
08-10 15:09:04.783 31416 31416 D cellinfo: getCurrentLocation() result: Location (success): 40.7187341, -111.869388
08-10 15:09:04.843 31416 31416 D cellinfo: onCellInfoChanged: Operator: AT&T...1 UpdateTimestamp: 170417581 CellConnectionStatus: 0
08-10 15:09:04.843 31416 31416 D cellinfo: onCellInfoChanged: LTE Cell Bands: [2] Bandwidth: 2147483647 Cell ID: 115475977 Physical Cell ID: 496 Tracking Area Code: 39173 EARFCN: 1100
08-10 15:09:04.893 31416 31507 D cellinfo: 46 bytes from 44.241.174.93: icmp_seq=638 ttl=28 time=132 ms
08-10 15:09:05.057 31416 31507 D cellinfo: 46 bytes from 44.241.174.93: icmp_seq=639 ttl=28 time=95.8 ms
08-10 15:09:05.292 31416 31507 D cellinfo: 46 bytes from 44.241.174.93: icmp_seq=640 ttl=28 time=131 ms
08-10 15:09:05.493 31416 31507 D cellinfo: 46 bytes from 44.241.174.93: icmp_seq=641 ttl=28 time=131 ms
08-10 15:09:05.539 31416 31416 D cellinfo: onsignalStrengthsChanged: LTE Signal Strength info: rsrp: -106 rsrq: -16 rssi: -67 rssnr: -1
08-10 15:09:05.693 31416 31507 D cellinfo: 46 bytes from 44.241.174.93: icmp_seq=642 ttl=28 time=131 ms
08-10 15:09:05.893 31416 31507 D cellinfo: 46 bytes from 44.241.174.93: icmp_seq=643 ttl=28 time=130 ms
08-10 15:09:06.057 31416 31507 D cellinfo: 46 bytes from 44.241.174.93: icmp_seq=644 ttl=28 time=93.8 ms
08-10 15:09:06.287 31416 31416 D cellinfo: onCellInfoChanged: Operator: AT&T...1 UpdateTimestamp: 170419021 CellConnectionStatus: 0
08-10 15:09:06.287 31416 31416 D cellinfo: onCellInfoChanged: LTE Cell Bands: [2] Bandwidth: 2147483647 Cell ID: 115460104 Physical Cell ID: 405 Tracking Area Code: 39173 EARFCN: 1100
08-10 15:09:06.318 31416 31416 D cellinfo: onServiceStateChanged: Channel Number: 1100 Cell Bandwidths: []
08-10 15:09:06.354 31416 31507 D cellinfo: 46 bytes from 44.241.174.93: icmp_seq=645 ttl=28 time=190 ms
08-10 15:09:06.472 31416 31507 D cellinfo: 46 bytes from 44.241.174.93: icmp_seq=646 ttl=28 time=109 ms
08-10 15:09:06.674 31416 31507 D cellinfo: 46 bytes from 44.241.174.93: icmp_seq=647 ttl=28 time=111 ms
08-10 15:09:06.874 31416 31507 D cellinfo: 46 bytes from 44.241.174.93: icmp_seq=648 ttl=28 time=110 ms
08-10 15:09:07.075 31416 31507 D cellinfo: 46 bytes from 44.241.174.93: icmp_seq=649 ttl=28 time=110 ms
08-10 15:09:07.274 31416 31507 D cellinfo: 46 bytes from 44.241.174.93: icmp_seq=650 ttl=28 time=110 ms
08-10 15:09:07.474 31416 31507 D cellinfo: 46 bytes from 44.241.174.93: icmp_seq=651 ttl=28 time=109 ms
08-10 15:09:07.674 31416 31507 D cellinfo: 46 bytes from 44.241.174.93: icmp_seq=652 ttl=28 time=108 ms
08-10 15:09:07.806 31416 31416 D cellinfo: onCellInfoChanged: Operator: AT&T...1 UpdateTimestamp: 170420541 CellConnectionStatus: 0
08-10 15:09:07.806 31416 31416 D cellinfo: onCellInfoChanged: LTE Cell Bands: [2] Bandwidth: 2147483647 Cell ID: 115460104 Physical Cell ID: 405 Tracking Area Code: 39173 EARFCN: 1100
08-10 15:09:07.873 31416 31507 D cellinfo: 46 bytes from 44.241.174.93: icmp_seq=653 ttl=28 time=107 ms
08-10 15:09:08.062 31416 31507 D cellinfo: 46 bytes from 44.241.174.93: icmp_seq=654 ttl=28 time=96.1 ms
08-10 15:09:08.273 31416 31507 D cellinfo: 46 bytes from 44.241.174.93: icmp_seq=655 ttl=28 time=106 ms
08-10 15:09:08.487 31416 31507 D cellinfo: 46 bytes from 44.241.174.93: icmp_seq=656 ttl=28 time=118 ms
08-10 15:09:08.673 31416 31507 D cellinfo: 46 bytes from 44.241.174.93: icmp_seq=657 ttl=28 time=104 ms
08-10 15:09:08.877 31416 31507 D cellinfo: 46 bytes from 44.241.174.93: icmp_seq=658 ttl=28 time=107 ms
08-10 15:09:09.073 31416 31507 D cellinfo: 46 bytes from 44.241.174.93: icmp_seq=659 ttl=28 time=102 ms
08-10 15:09:09.087 31416 31416 D cellinfo: onsignalStrengthsChanged: LTE Signal Strength info: rsrp: -103 rsrq: -16 rssi: -67 rssnr: 0
08-10 15:09:09.275 31416 31507 D cellinfo: 46 bytes from 44.241.174.93: icmp_seq=660 ttl=28 time=102 ms
08-10 15:09:09.480 31416 31507 D cellinfo: 46 bytes from 44.241.174.93: icmp_seq=661 ttl=28 time=106 ms
08-10 15:09:09.675 31416 31507 D cellinfo: 46 bytes from 44.241.174.93: icmp_seq=662 ttl=28 time=100 ms
08-10 15:09:09.873 31416 31507 D cellinfo: 46 bytes from 44.241.174.93: icmp_seq=663 ttl=28 time=100 ms
08-10 15:09:10.016 31416 31416 D cellinfo: onsignalStrengthsChanged: LTE Signal Strength info: rsrp: -103 rsrq: -15 rssi: -67 rssnr: 0
08-10 15:09:10.074 31416 31507 D cellinfo: 46 bytes from 44.241.174.93: icmp_seq=664 ttl=28 time=98.5 ms
08-10 15:09:10.276 31416 31507 D cellinfo: 46 bytes from 44.241.174.93: icmp_seq=665 ttl=28 time=100 ms
08-10 15:09:10.465 31416 31507 D cellinfo: 46 bytes from 44.241.174.93: icmp_seq=666 ttl=28 time=87.0 ms
08-10 15:09:10.680 31416 31507 D cellinfo: 46 bytes from 44.241.174.93: icmp_seq=667 ttl=28 time=100 ms
08-10 15:09:10.760 31416 31416 D cellinfo: Latitude is 40.7192051
08-10 15:09:10.760 31416 31416 D cellinfo: Longitude is -111.866251
08-10 15:09:10.760 31416 31416 D cellinfo: Instantaneous GPS information: United States, 861 Parkway Ave, Salt Lake City, UT 84106, USA
08-10 15:09:10.760 31416 31416 D cellinfo: getCurrentLocation() result: Location (success): 40.7192051, -111.866251
08-10 15:09:10.777 31416 31416 D cellinfo: Latitude is 40.7192051
08-10 15:09:10.777 31416 31416 D cellinfo: Longitude is -111.866251
08-10 15:09:10.777 31416 31416 D cellinfo: Instantaneous GPS information: United States, 861 Parkway Ave, Salt Lake City, UT 84106, USA
08-10 15:09:10.777 31416 31416 D cellinfo: getCurrentLocation() result: Location (success): 40.7192051, -111.866251
08-10 15:09:10.839 31416 31416 D cellinfo: onCellInfoChanged: Operator: AT&T...1 UpdateTimestamp: 170423574 CellConnectionStatus: 0
08-10 15:09:10.839 31416 31416 D cellinfo: onCellInfoChanged: LTE Cell Bands: [2] Bandwidth: 2147483647 Cell ID: 115460104 Physical Cell ID: 405 Tracking Area Code: 39173 EARFCN: 1100
08-10 15:09:10.865 31416 31507 D cellinfo: 46 bytes from 44.241.174.93: icmp_seq=668 ttl=28 time=85.6 ms
08-10 15:09:11.075 31416 31507 D cellinfo: 46 bytes from 44.241.174.93: icmp_seq=669 ttl=28 time=94.4 ms
08-10 15:09:11.274 31416 31507 D cellinfo: 46 bytes from 44.241.174.93: icmp_seq=670 ttl=28 time=94.1 ms
08-10 15:09:11.474 31416 31507 D cellinfo: 46 bytes from 44.241.174.93: icmp_seq=671 ttl=28 time=92.3 ms
08-10 15:09:11.674 31416 31507 D cellinfo: 46 bytes from 44.241.174.93: icmp_seq=672 ttl=28 time=90.9 ms
08-10 15:09:11.874 31416 31507 D cellinfo: 46 bytes from 44.241.174.93: icmp_seq=673 ttl=28 time=89.2 ms
08-10 15:09:12.077 31416 31507 D cellinfo: 46 bytes from 44.241.174.93: icmp_seq=674 ttl=28 time=89.5 ms
08-10 15:09:12.090 31416 31416 D cellinfo: onsignalStrengthsChanged: LTE Signal Strength info: rsrp: -102 rsrq: -16 rssi: -65 rssnr: 0
08-10 15:09:12.474 31416 31507 D cellinfo: 46 bytes from 44.241.174.93: icmp_seq=675 ttl=28 time=287 ms
08-10 15:09:12.527 31416 31507 D cellinfo: 46 bytes from 44.241.174.93: icmp_seq=676 ttl=28 time=132 ms
08-10 15:09:12.718 31416 31507 D cellinfo: 46 bytes from 44.241.174.93: icmp_seq=677 ttl=28 time=124 ms
08-10 15:09:12.954 31416 31507 D cellinfo: 46 bytes from 44.241.174.93: icmp_seq=678 ttl=28 time=159 ms
08-10 15:09:13.116 31416 31507 D cellinfo: 46 bytes from 44.241.174.93: icmp_seq=679 ttl=28 time=117 ms
08-10 15:09:13.315 31416 31507 D cellinfo: 46 bytes from 44.241.174.93: icmp_seq=680 ttl=28 time=118 ms
08-10 15:09:13.515 31416 31507 D cellinfo: 46 bytes from 44.241.174.93: icmp_seq=681 ttl=28 time=117 ms
08-10 15:09:13.715 31416 31507 D cellinfo: 46 bytes from 44.241.174.93: icmp_seq=682 ttl=28 time=115 ms
08-10 15:09:13.776 31416 31416 D cellinfo: Latitude is 40.7192051
08-10 15:09:13.776 31416 31416 D cellinfo: Longitude is -111.866251
08-10 15:09:13.776 31416 31416 D cellinfo: Instantaneous GPS information: United States, 861 Parkway Ave, Salt Lake City, UT 84106, USA
08-10 15:09:13.776 31416 31416 D cellinfo: getCurrentLocation() result: Location (success): 40.7192051, -111.866251
08-10 15:09:13.825 31416 31416 D cellinfo: onCellInfoChanged: Operator: AT&T...1 UpdateTimestamp: 170426562 CellConnectionStatus: 0
08-10 15:09:13.825 31416 31416 D cellinfo: onCellInfoChanged: LTE Cell Bands: [2] Bandwidth: 2147483647 Cell ID: 115460104 Physical Cell ID: 405 Tracking Area Code: 39173 EARFCN: 1100
08-10 15:09:13.913 31416 31507 D cellinfo: 46 bytes from 44.241.174.93: icmp_seq=683 ttl=28 time=113 ms
08-10 15:09:14.114 31416 31507 D cellinfo: 46 bytes from 44.241.174.93: icmp_seq=684 ttl=28 time=112 ms
08-10 15:09:14.314 31416 31507 D cellinfo: 46 bytes from 44.241.174.93: icmp_seq=685 ttl=28 time=114 ms
08-10 15:09:14.515 31416 31507 D cellinfo: 46 bytes from 44.241.174.93: icmp_seq=686 ttl=28 time=113 ms
08-10 15:09:14.715 31416 31507 D cellinfo: 46 bytes from 44.241.174.93: icmp_seq=687 ttl=28 time=112 ms
08-10 15:09:14.864 31416 31416 D cellinfo: onCellInfoChanged: Operator: AT&T...1 UpdateTimestamp: 170427599 CellConnectionStatus: 0
08-10 15:09:14.865 31416 31416 D cellinfo: onCellInfoChanged: LTE Cell Bands: [2] Bandwidth: 2147483647 Cell ID: 115467018 Physical Cell ID: 428 Tracking Area Code: 39173 EARFCN: 1100
08-10 15:09:14.888 31416 31416 D cellinfo: onServiceStateChanged: Channel Number: 1100 Cell Bandwidths: []
08-10 15:09:14.904 31416 31507 D cellinfo: 46 bytes from 44.241.174.93: icmp_seq=688 ttl=28 time=103 ms
08-10 15:09:15.078 31416 31416 D cellinfo: onsignalStrengthsChanged: LTE Signal Strength info: rsrp: -100 rsrq: -17 rssi: -61 rssnr: 0
08-10 15:09:15.186 31416 31507 D cellinfo: 46 bytes from 44.241.174.93: icmp_seq=689 ttl=28 time=183 ms
08-10 15:09:15.305 31416 31507 D cellinfo: 46 bytes from 44.241.174.93: icmp_seq=690 ttl=28 time=101 ms
08-10 15:09:15.504 31416 31507 D cellinfo: 46 bytes from 44.241.174.93: icmp_seq=691 ttl=28 time=101 ms
08-10 15:09:15.745 31416 31507 D cellinfo: 46 bytes from 44.241.174.93: icmp_seq=692 ttl=28 time=140 ms
08-10 15:09:15.905 31416 31507 D cellinfo: 46 bytes from 44.241.174.93: icmp_seq=693 ttl=28 time=99.6 ms
08-10 15:09:16.111 31416 31507 D cellinfo: 46 bytes from 44.241.174.93: icmp_seq=694 ttl=28 time=103 ms
08-10 15:09:16.304 31416 31507 D cellinfo: 46 bytes from 44.241.174.93: icmp_seq=695 ttl=28 time=98.5 ms
08-10 15:09:16.506 31416 31507 D cellinfo: 46 bytes from 44.241.174.93: icmp_seq=696 ttl=28 time=98.3 ms
08-10 15:09:16.739 31416 31416 D cellinfo: onsignalStrengthsChanged: LTE Signal Strength info: rsrp: -100 rsrq: -17 rssi: -65 rssnr: 0
08-10 15:09:16.745 31416 31507 D cellinfo: 46 bytes from 44.241.174.93: icmp_seq=697 ttl=28 time=137 ms
08-10 15:09:16.776 31416 31416 D cellinfo: Latitude is 40.7192051
08-10 15:09:16.776 31416 31416 D cellinfo: Longitude is -111.866251
08-10 15:09:16.776 31416 31416 D cellinfo: Instantaneous GPS information: United States, 861 Parkway Ave, Salt Lake City, UT 84106, USA
08-10 15:09:16.776 31416 31416 D cellinfo: getCurrentLocation() result: Location (success): 40.7192051, -111.866251
08-10 15:09:16.838 31416 31416 D cellinfo: onCellInfoChanged: Operator: AT&T...1 UpdateTimestamp: 170429575 CellConnectionStatus: 0
08-10 15:09:16.838 31416 31416 D cellinfo: onCellInfoChanged: LTE Cell Bands: [2] Bandwidth: 2147483647 Cell ID: 115467018 Physical Cell ID: 428 Tracking Area Code: 39173 EARFCN: 1100
08-10 15:09:16.914 31416 31507 D cellinfo: 46 bytes from 44.241.174.93: icmp_seq=698 ttl=28 time=105 ms
08-10 15:09:17.105 31416 31507 D cellinfo: 46 bytes from 44.241.174.93: icmp_seq=699 ttl=28 time=94.9 ms
08-10 15:09:17.346 31416 31507 D cellinfo: 46 bytes from 44.241.174.93: icmp_seq=700 ttl=28 time=133 ms
08-10 15:09:17.505 31416 31507 D cellinfo: 46 bytes from 44.241.174.93: icmp_seq=701 ttl=28 time=91.9 ms
08-10 15:09:17.705 31416 31507 D cellinfo: 46 bytes from 44.241.174.93: icmp_seq=702 ttl=28 time=91.4 ms
08-10 15:09:17.946 31416 31507 D cellinfo: 46 bytes from 44.241.174.93: icmp_seq=703 ttl=28 time=132 ms
08-10 15:09:18.191 31416 31507 D cellinfo: 46 bytes from 44.241.174.93: icmp_seq=704 ttl=28 time=176 ms
08-10 15:09:18.308 31416 31507 D cellinfo: 46 bytes from 44.241.174.93: icmp_seq=705 ttl=28 time=91.6 ms
08-10 15:09:18.550 31416 31507 D cellinfo: 46 bytes from 44.241.174.93: icmp_seq=706 ttl=28 time=133 ms
08-10 15:09:18.745 31416 31507 D cellinfo: 46 bytes from 44.241.174.93: icmp_seq=707 ttl=28 time=127 ms
08-10 15:09:18.993 31416 31507 D cellinfo: 46 bytes from 44.241.174.93: icmp_seq=708 ttl=28 time=173 ms
08-10 15:09:19.146 31416 31507 D cellinfo: 46 bytes from 44.241.174.93: icmp_seq=709 ttl=28 time=126 ms
08-10 15:09:19.360 31416 31507 D cellinfo: 46 bytes from 44.241.174.93: icmp_seq=710 ttl=28 time=140 ms
08-10 15:09:19.545 31416 31507 D cellinfo: 46 bytes from 44.241.174.93: icmp_seq=711 ttl=28 time=125 ms
08-10 15:09:19.754 31416 31507 D cellinfo: 46 bytes from 44.241.174.93: icmp_seq=712 ttl=28 time=132 ms
08-10 15:09:19.771 31416 31416 D cellinfo: Latitude is 40.7192051
08-10 15:09:19.771 31416 31416 D cellinfo: Longitude is -111.866251
08-10 15:09:19.771 31416 31416 D cellinfo: Instantaneous GPS information: United States, 861 Parkway Ave, Salt Lake City, UT 84106, USA
08-10 15:09:19.771 31416 31416 D cellinfo: getCurrentLocation() result: Location (success): 40.7192051, -111.866251
08-10 15:09:19.830 31416 31416 D cellinfo: onCellInfoChanged: Operator: AT&T...1 UpdateTimestamp: 170432565 CellConnectionStatus: 0
08-10 15:09:19.830 31416 31416 D cellinfo: onCellInfoChanged: LTE Cell Bands: [2] Bandwidth: 2147483647 Cell ID: 115467018 Physical Cell ID: 428 Tracking Area Code: 39173 EARFCN: 1100
08-10 15:09:19.946 31416 31507 D cellinfo: 46 bytes from 44.241.174.93: icmp_seq=713 ttl=28 time=124 ms
08-10 15:09:20.147 31416 31507 D cellinfo: 46 bytes from 44.241.174.93: icmp_seq=714 ttl=28 time=124 ms
08-10 15:09:20.384 31416 31507 D cellinfo: 46 bytes from 44.241.174.93: icmp_seq=715 ttl=28 time=160 ms
08-10 15:09:20.544 31416 31507 D cellinfo: 46 bytes from 44.241.174.93: icmp_seq=716 ttl=28 time=118 ms
08-10 15:09:20.793 31416 31507 D cellinfo: 46 bytes from 44.241.174.93: icmp_seq=717 ttl=28 time=165 ms
08-10 15:09:20.945 31416 31507 D cellinfo: 46 bytes from 44.241.174.93: icmp_seq=718 ttl=28 time=116 ms
08-10 15:09:21.094 31416 31416 D cellinfo: onsignalStrengthsChanged: LTE Signal Strength info: rsrp: -100 rsrq: -17 rssi: -67 rssnr: -3
08-10 15:09:21.148 31416 31507 D cellinfo: 46 bytes from 44.241.174.93: icmp_seq=719 ttl=28 time=118 ms
08-10 15:09:21.215 31416 31416 D cellinfo: onsignalStrengthsChanged: LTE Signal Strength info: rsrp: -102 rsrq: -18 rssi: -67 rssnr: -4
08-10 15:09:21.347 31416 31507 D cellinfo: 46 bytes from 44.241.174.93: icmp_seq=720 ttl=28 time=117 ms
08-10 15:09:21.549 31416 31507 D cellinfo: 46 bytes from 44.241.174.93: icmp_seq=721 ttl=28 time=118 ms
08-10 15:09:21.745 31416 31507 D cellinfo: 46 bytes from 44.241.174.93: icmp_seq=722 ttl=28 time=113 ms
08-10 15:09:21.947 31416 31507 D cellinfo: 46 bytes from 44.241.174.93: icmp_seq=723 ttl=28 time=114 ms
08-10 15:09:22.145 31416 31507 D cellinfo: 46 bytes from 44.241.174.93: icmp_seq=724 ttl=28 time=112 ms
08-10 15:09:22.352 31416 31507 D cellinfo: 46 bytes from 44.241.174.93: icmp_seq=725 ttl=28 time=118 ms
08-10 15:09:22.826 31416 31416 D cellinfo: onCellInfoChanged: Operator: AT&T...1 UpdateTimestamp: 170435561 CellConnectionStatus: 0
08-10 15:09:22.826 31416 31416 D cellinfo: onCellInfoChanged: LTE Cell Bands: [2] Bandwidth: 2147483647 Cell ID: 115467018 Physical Cell ID: 428 Tracking Area Code: 39173 EARFCN: 1100
08-10 15:09:22.874 31416 31507 D cellinfo: 46 bytes from 44.241.174.93: icmp_seq=726 ttl=28 time=439 ms
08-10 15:09:22.874 31416 31507 D cellinfo: 46 bytes from 44.241.174.93: icmp_seq=727 ttl=28 time=230 ms
08-10 15:09:23.313 31416 31507 D cellinfo: 46 bytes from 44.241.174.93: icmp_seq=728 ttl=28 time=460 ms
08-10 15:09:23.313 31416 31507 D cellinfo: 46 bytes from 44.241.174.93: icmp_seq=729 ttl=28 time=260 ms
08-10 15:09:23.395 31416 31507 D cellinfo: 46 bytes from 44.241.174.93: icmp_seq=730 ttl=28 time=134 ms
08-10 15:09:23.443 31416 31416 D cellinfo: onCellInfoChanged: Operator: AT&T...1 UpdateTimestamp: 170436178 CellConnectionStatus: 0
08-10 15:09:23.443 31416 31416 D cellinfo: onCellInfoChanged: LTE Cell Bands: [2] Bandwidth: 2147483647 Cell ID: 115460104 Physical Cell ID: 405 Tracking Area Code: 39173 EARFCN: 1100
08-10 15:09:23.479 31416 31416 D cellinfo: onServiceStateChanged: Channel Number: 1100 Cell Bandwidths: []
08-10 15:09:23.603 31416 31507 D cellinfo: 46 bytes from 44.241.174.93: icmp_seq=731 ttl=28 time=141 ms
08-10 15:09:23.768 31416 31507 D cellinfo: 46 bytes from 44.241.174.93: icmp_seq=732 ttl=28 time=105 ms
08-10 15:09:23.966 31416 31507 D cellinfo: 46 bytes from 44.241.174.93: icmp_seq=733 ttl=28 time=102 ms
08-10 15:09:24.165 31416 31507 D cellinfo: 46 bytes from 44.241.174.93: icmp_seq=734 ttl=28 time=98.9 ms
08-10 15:09:24.387 31416 31507 D cellinfo: 46 bytes from 44.241.174.93: icmp_seq=735 ttl=28 time=118 ms
08-10 15:09:24.566 31416 31507 D cellinfo: 46 bytes from 44.241.174.93: icmp_seq=736 ttl=28 time=96.2 ms
08-10 15:09:24.631 31416 31416 D cellinfo: Latitude is 40.7193203
08-10 15:09:24.631 31416 31416 D cellinfo: Longitude is -111.8623197
08-10 15:09:24.631 31416 31416 D cellinfo: Instantaneous GPS information: United States, 2305 900 E, Salt Lake City, UT 84106, USA
08-10 15:09:24.631 31416 31416 D cellinfo: getCurrentLocation() result: Location (success): 40.7193203, -111.8623197
08-10 15:09:24.768 31416 31507 D cellinfo: 46 bytes from 44.241.174.93: icmp_seq=737 ttl=28 time=97.4 ms
08-10 15:09:24.968 31416 31507 D cellinfo: 46 bytes from 44.241.174.93: icmp_seq=738 ttl=28 time=94.5 ms
08-10 15:09:25.168 31416 31507 D cellinfo: 46 bytes from 44.241.174.93: icmp_seq=739 ttl=28 time=92.9 ms
08-10 15:09:25.372 31416 31507 D cellinfo: 46 bytes from 44.241.174.93: icmp_seq=740 ttl=28 time=96.1 ms
08-10 15:09:25.568 31416 31507 D cellinfo: 46 bytes from 44.241.174.93: icmp_seq=741 ttl=28 time=91.0 ms
08-10 15:09:25.699 31416 31416 D cellinfo: onsignalStrengthsChanged: LTE Signal Strength info: rsrp: -100 rsrq: -17 rssi: -63 rssnr: -4
08-10 15:09:25.768 31416 31507 D cellinfo: 46 bytes from 44.241.174.93: icmp_seq=742 ttl=28 time=89.9 ms
08-10 15:09:25.779 31416 31416 D cellinfo: Latitude is 40.7193203
08-10 15:09:25.779 31416 31416 D cellinfo: Longitude is -111.8623197
08-10 15:09:25.779 31416 31416 D cellinfo: Instantaneous GPS information: United States, 2305 900 E, Salt Lake City, UT 84106, USA
08-10 15:09:25.779 31416 31416 D cellinfo: getCurrentLocation() result: Location (success): 40.7193203, -111.8623197
08-10 15:09:25.830 31416 31416 D cellinfo: onCellInfoChanged: Operator: AT&T...1 UpdateTimestamp: 170438567 CellConnectionStatus: 0
08-10 15:09:25.830 31416 31416 D cellinfo: onCellInfoChanged: LTE Cell Bands: [2] Bandwidth: 2147483647 Cell ID: 115460104 Physical Cell ID: 405 Tracking Area Code: 39173 EARFCN: 1100
08-10 15:09:25.972 31416 31507 D cellinfo: 46 bytes from 44.241.174.93: icmp_seq=743 ttl=28 time=93.2 ms
08-10 15:09:26.167 31416 31507 D cellinfo: 46 bytes from 44.241.174.93: icmp_seq=744 ttl=28 time=88.1 ms
08-10 15:09:26.407 31416 31507 D cellinfo: 46 bytes from 44.241.174.93: icmp_seq=745 ttl=28 time=127 ms
08-10 15:09:26.607 31416 31507 D cellinfo: 46 bytes from 44.241.174.93: icmp_seq=746 ttl=28 time=126 ms
08-10 15:09:26.809 31416 31507 D cellinfo: 46 bytes from 44.241.174.93: icmp_seq=747 ttl=28 time=127 ms
08-10 15:09:27.007 31416 31507 D cellinfo: 46 bytes from 44.241.174.93: icmp_seq=748 ttl=28 time=125 ms
08-10 15:09:27.209 31416 31507 D cellinfo: 46 bytes from 44.241.174.93: icmp_seq=749 ttl=28 time=125 ms
08-10 15:09:27.369 31416 31507 D cellinfo: 46 bytes from 44.241.174.93: icmp_seq=750 ttl=28 time=85.2 ms
08-10 15:09:27.608 31416 31507 D cellinfo: 46 bytes from 44.241.174.93: icmp_seq=751 ttl=28 time=123 ms
08-10 15:09:27.807 31416 31507 D cellinfo: 46 bytes from 44.241.174.93: icmp_seq=752 ttl=28 time=120 ms
08-10 15:09:28.007 31416 31507 D cellinfo: 46 bytes from 44.241.174.93: icmp_seq=753 ttl=28 time=119 ms
08-10 15:09:28.208 31416 31507 D cellinfo: 46 bytes from 44.241.174.93: icmp_seq=754 ttl=28 time=119 ms
08-10 15:09:28.417 31416 31507 D cellinfo: 46 bytes from 44.241.174.93: icmp_seq=755 ttl=28 time=126 ms
08-10 15:09:28.586 31416 31507 D cellinfo: 46 bytes from 44.241.174.93: icmp_seq=756 ttl=28 time=94.6 ms
08-10 15:09:28.771 31416 31416 D cellinfo: Latitude is 40.7193203
08-10 15:09:28.771 31416 31416 D cellinfo: Longitude is -111.8623197
08-10 15:09:28.771 31416 31416 D cellinfo: Instantaneous GPS information: United States, 2305 900 E, Salt Lake City, UT 84106, USA
08-10 15:09:28.771 31416 31416 D cellinfo: getCurrentLocation() result: Location (success): 40.7193203, -111.8623197
08-10 15:09:28.806 31416 31507 D cellinfo: 46 bytes from 44.241.174.93: icmp_seq=757 ttl=28 time=115 ms
08-10 15:09:28.822 31416 31416 D cellinfo: onCellInfoChanged: Operator: AT&T...1 UpdateTimestamp: 170441558 CellConnectionStatus: 0
08-10 15:09:28.822 31416 31416 D cellinfo: onCellInfoChanged: LTE Cell Bands: [2] Bandwidth: 2147483647 Cell ID: 115460104 Physical Cell ID: 405 Tracking Area Code: 39173 EARFCN: 1100
08-10 15:09:29.006 31416 31507 D cellinfo: 46 bytes from 44.241.174.93: icmp_seq=758 ttl=28 time=115 ms
08-10 15:09:29.208 31416 31507 D cellinfo: 46 bytes from 44.241.174.93: icmp_seq=759 ttl=28 time=116 ms
08-10 15:09:29.407 31416 31507 D cellinfo: 46 bytes from 44.241.174.93: icmp_seq=760 ttl=28 time=115 ms
08-10 15:09:29.606 31416 31507 D cellinfo: 46 bytes from 44.241.174.93: icmp_seq=761 ttl=28 time=114 ms
08-10 15:09:29.807 31416 31507 D cellinfo: 46 bytes from 44.241.174.93: icmp_seq=762 ttl=28 time=113 ms
08-10 15:09:30.007 31416 31507 D cellinfo: 46 bytes from 44.241.174.93: icmp_seq=763 ttl=28 time=112 ms
08-10 15:09:30.081 31416 31416 D cellinfo: onsignalStrengthsChanged: LTE Signal Strength info: rsrp: -99 rsrq: -17 rssi: -63 rssnr: -2
08-10 15:09:30.179 31416 31416 D cellinfo: onsignalStrengthsChanged: LTE Signal Strength info: rsrp: -97 rsrq: -17 rssi: -63 rssnr: -1
08-10 15:09:30.207 31416 31507 D cellinfo: 46 bytes from 44.241.174.93: icmp_seq=764 ttl=28 time=113 ms
08-10 15:09:30.406 31416 31507 D cellinfo: 46 bytes from 44.241.174.93: icmp_seq=765 ttl=28 time=113 ms
08-10 15:09:30.607 31416 31507 D cellinfo: 46 bytes from 44.241.174.93: icmp_seq=766 ttl=28 time=112 ms
08-10 15:09:30.784 31416 31507 D cellinfo: 46 bytes from 44.241.174.93: icmp_seq=767 ttl=28 time=88.5 ms
08-10 15:09:30.985 31416 31507 D cellinfo: 46 bytes from 44.241.174.93: icmp_seq=768 ttl=28 time=89.3 ms
08-10 15:09:31.208 31416 31507 D cellinfo: 46 bytes from 44.241.174.93: icmp_seq=769 ttl=28 time=110 ms
08-10 15:09:31.407 31416 31507 D cellinfo: 46 bytes from 44.241.174.93: icmp_seq=770 ttl=28 time=109 ms
08-10 15:09:31.607 31416 31507 D cellinfo: 46 bytes from 44.241.174.93: icmp_seq=771 ttl=28 time=108 ms
08-10 15:09:31.781 31416 31416 D cellinfo: Latitude is 40.7193203
08-10 15:09:31.781 31416 31416 D cellinfo: Longitude is -111.8623197
08-10 15:09:31.781 31416 31416 D cellinfo: Instantaneous GPS information: United States, 2305 900 E, Salt Lake City, UT 84106, USA
08-10 15:09:31.781 31416 31416 D cellinfo: getCurrentLocation() result: Location (success): 40.7193203, -111.8623197
08-10 15:09:31.808 31416 31507 D cellinfo: 46 bytes from 44.241.174.93: icmp_seq=772 ttl=28 time=109 ms
08-10 15:09:31.840 31416 31416 D cellinfo: onCellInfoChanged: Operator: AT&T...1 UpdateTimestamp: 170444575 CellConnectionStatus: 0
08-10 15:09:31.840 31416 31416 D cellinfo: onCellInfoChanged: LTE Cell Bands: [2] Bandwidth: 2147483647 Cell ID: 115460104 Physical Cell ID: 405 Tracking Area Code: 39173 EARFCN: 1100
08-10 15:09:32.048 31416 31507 D cellinfo: 46 bytes from 44.241.174.93: icmp_seq=773 ttl=28 time=146 ms
08-10 15:09:32.207 31416 31507 D cellinfo: 46 bytes from 44.241.174.93: icmp_seq=774 ttl=28 time=106 ms
08-10 15:09:32.407 31416 31507 D cellinfo: 46 bytes from 44.241.174.93: icmp_seq=775 ttl=28 time=106 ms
08-10 15:09:32.421 31416 31416 D cellinfo: onsignalStrengthsChanged: LTE Signal Strength info: rsrp: -95 rsrq: -16 rssi: -61 rssnr: 0
08-10 15:09:32.607 31416 31507 D cellinfo: 46 bytes from 44.241.174.93: icmp_seq=776 ttl=28 time=105 ms
08-10 15:09:32.807 31416 31507 D cellinfo: 46 bytes from 44.241.174.93: icmp_seq=777 ttl=28 time=103 ms
08-10 15:09:33.007 31416 31507 D cellinfo: 46 bytes from 44.241.174.93: icmp_seq=778 ttl=28 time=103 ms
08-10 15:09:33.207 31416 31507 D cellinfo: 46 bytes from 44.241.174.93: icmp_seq=779 ttl=28 time=104 ms
08-10 15:09:33.407 31416 31507 D cellinfo: 46 bytes from 44.241.174.93: icmp_seq=780 ttl=28 time=103 ms
08-10 15:09:33.583 31416 31507 D cellinfo: 46 bytes from 44.241.174.93: icmp_seq=781 ttl=28 time=78.4 ms
08-10 15:09:33.802 31416 31507 D cellinfo: 46 bytes from 44.241.174.93: icmp_seq=782 ttl=28 time=97.7 ms
08-10 15:09:34.007 31416 31507 D cellinfo: 46 bytes from 44.241.174.93: icmp_seq=783 ttl=28 time=101 ms
08-10 15:09:34.217 31416 31507 D cellinfo: 46 bytes from 44.241.174.93: icmp_seq=784 ttl=28 time=111 ms
08-10 15:09:34.423 31416 31507 D cellinfo: 46 bytes from 44.241.174.93: icmp_seq=785 ttl=28 time=117 ms
08-10 15:09:34.607 31416 31507 D cellinfo: 46 bytes from 44.241.174.93: icmp_seq=786 ttl=28 time=100 ms
08-10 15:09:34.826 31416 31416 D cellinfo: onCellInfoChanged: Operator: AT&T...1 UpdateTimestamp: 170447561 CellConnectionStatus: 0
08-10 15:09:34.826 31416 31416 D cellinfo: onCellInfoChanged: LTE Cell Bands: [2] Bandwidth: 2147483647 Cell ID: 115460104 Physical Cell ID: 405 Tracking Area Code: 39173 EARFCN: 1100
08-10 15:09:34.841 31416 31507 D cellinfo: 46 bytes from 44.241.174.93: icmp_seq=787 ttl=28 time=135 ms
08-10 15:09:35.006 31416 31507 D cellinfo: 46 bytes from 44.241.174.93: icmp_seq=788 ttl=28 time=100 ms
08-10 15:09:35.247 31416 31507 D cellinfo: 46 bytes from 44.241.174.93: icmp_seq=789 ttl=28 time=140 ms
08-10 15:09:35.409 31416 31507 D cellinfo: 46 bytes from 44.241.174.93: icmp_seq=790 ttl=28 time=100 ms
08-10 15:09:35.612 31416 31507 D cellinfo: 46 bytes from 44.241.174.93: icmp_seq=791 ttl=28 time=103 ms
08-10 15:09:36.083 31416 31507 D cellinfo: 46 bytes from 44.241.174.93: icmp_seq=792 ttl=28 time=374 ms
08-10 15:09:36.083 31416 31507 D cellinfo: 46 bytes from 44.241.174.93: icmp_seq=793 ttl=28 time=166 ms
08-10 15:09:36.213 31416 31507 D cellinfo: 46 bytes from 44.241.174.93: icmp_seq=794 ttl=28 time=97.8 ms
08-10 15:09:36.404 31416 31507 D cellinfo: 46 bytes from 44.241.174.93: icmp_seq=795 ttl=28 time=87.2 ms
08-10 15:09:36.611 31416 31507 D cellinfo: 46 bytes from 44.241.174.93: icmp_seq=796 ttl=28 time=92.5 ms
08-10 15:09:36.852 31416 31507 D cellinfo: 46 bytes from 44.241.174.93: icmp_seq=797 ttl=28 time=133 ms
08-10 15:09:36.897 31416 31416 D cellinfo: onsignalStrengthsChanged: LTE Signal Strength info: rsrp: -95 rsrq: -17 rssi: -61 rssnr: 0
08-10 15:09:37.007 31416 31507 D cellinfo: 46 bytes from 44.241.174.93: icmp_seq=798 ttl=28 time=88.1 ms
08-10 15:09:37.209 31416 31507 D cellinfo: 46 bytes from 44.241.174.93: icmp_seq=799 ttl=28 time=89.9 ms
08-10 15:09:37.404 31416 31507 D cellinfo: 46 bytes from 44.241.174.93: icmp_seq=800 ttl=28 time=83.3 ms
08-10 15:09:37.627 31416 31507 D cellinfo: 46 bytes from 44.241.174.93: icmp_seq=801 ttl=28 time=104 ms
08-10 15:09:37.806 31416 31507 D cellinfo: 46 bytes from 44.241.174.93: icmp_seq=802 ttl=28 time=83.5 ms
08-10 15:09:37.886 31416 31416 D cellinfo: Latitude is 40.7195237
08-10 15:09:37.887 31416 31416 D cellinfo: Longitude is -111.8579588
08-10 15:09:37.887 31416 31416 D cellinfo: Instantaneous GPS information: United States, 2380 S Highland Dr, Salt Lake City, UT 84106, USA
08-10 15:09:37.887 31416 31416 D cellinfo: getCurrentLocation() result: Location (success): 40.7195237, -111.8579588
08-10 15:09:37.889 31416 31416 D cellinfo: onCellInfoChanged: Operator: AT&T...1 UpdateTimestamp: 170450560 CellConnectionStatus: 0
