08-10 15:10:39.084 31416 31507 D cellinfo: 46 bytes from 44.241.174.93: icmp_seq=1107 ttl=28 time=89.8 ms
08-10 15:10:39.304 31416 31507 D cellinfo: 46 bytes from 44.241.174.93: icmp_seq=1108 ttl=28 time=109 ms
08-10 15:10:39.505 31416 31507 D cellinfo: 46 bytes from 44.241.174.93: icmp_seq=1109 ttl=28 time=108 ms
08-10 15:10:39.626 31416 31416 D cellinfo: Latitude is 40.7177467
08-10 15:10:39.626 31416 31416 D cellinfo: Longitude is -111.8369727
08-10 15:10:39.626 31416 31416 D cellinfo: Instantaneous GPS information: United States, 1869 E Hillcrest Ave, Salt Lake City, UT 84106, USA
08-10 15:10:39.626 31416 31416 D cellinfo: getCurrentLocation() result: Location (success): 40.7177467, -111.8369727
08-10 15:10:39.628 31416 31416 D cellinfo: onsignalStrengthsChanged: LTE Signal Strength info: rsrp: -98 rsrq: -15 rssi: -59 rssnr: 2
08-10 15:10:39.711 31416 31507 D cellinfo: 46 bytes from 44.241.174.93: icmp_seq=1110 ttl=28 time=113 ms
08-10 15:10:39.901 31416 31507 D cellinfo: 46 bytes from 44.241.174.93: icmp_seq=1111 ttl=28 time=102 ms
08-10 15:10:40.101 31416 31507 D cellinfo: 46 bytes from 44.241.174.93: icmp_seq=1112 ttl=28 time=102 ms
08-10 15:10:40.301 31416 31507 D cellinfo: 46 bytes from 44.241.174.93: icmp_seq=1113 ttl=28 time=102 ms
08-10 15:10:40.500 31416 31507 D cellinfo: 46 bytes from 44.241.174.93: icmp_seq=1114 ttl=28 time=100 ms
08-10 15:10:40.701 31416 31507 D cellinfo: 46 bytes from 44.241.174.93: icmp_seq=1115 ttl=28 time=99.9 ms
08-10 15:10:40.784 31416 31416 D cellinfo: Latitude is 40.7177467
08-10 15:10:40.784 31416 31416 D cellinfo: Longitude is -111.8369727
08-10 15:10:40.784 31416 31416 D cellinfo: Instantaneous GPS information: United States, 1869 E Hillcrest Ave, Salt Lake City, UT 84106, USA
08-10 15:10:40.784 31416 31416 D cellinfo: getCurrentLocation() result: Location (success): 40.7177467, -111.8369727
08-10 15:10:40.821 31416 31416 D cellinfo: onCellInfoChanged: Operator: AT&T...1 UpdateTimestamp: 170513556 CellConnectionStatus: 0
08-10 15:10:40.821 31416 31416 D cellinfo: onCellInfoChanged: LTE Cell Bands: [2] Bandwidth: 2147483647 Cell ID: 115497736 Physical Cell ID: 462 Tracking Area Code: 39173 EARFCN: 1100
08-10 15:10:40.940 31416 31507 D cellinfo: 46 bytes from 44.241.174.93: icmp_seq=1116 ttl=28 time=139 ms
08-10 15:10:41.101 31416 31507 D cellinfo: 46 bytes from 44.241.174.93: icmp_seq=1117 ttl=28 time=98.9 ms
08-10 15:10:41.300 31416 31507 D cellinfo: 46 bytes from 44.241.174.93: icmp_seq=1118 ttl=28 time=97.4 ms
08-10 15:10:41.503 31416 31507 D cellinfo: 46 bytes from 44.241.174.93: icmp_seq=1119 ttl=28 time=99.1 ms
08-10 15:10:41.703 31416 31507 D cellinfo: 46 bytes from 44.241.174.93: icmp_seq=1120 ttl=28 time=98.4 ms
08-10 15:10:41.902 31416 31507 D cellinfo: 46 bytes from 44.241.174.93: icmp_seq=1121 ttl=28 time=96.3 ms
08-10 15:10:42.100 31416 31507 D cellinfo: 46 bytes from 44.241.174.93: icmp_seq=1122 ttl=28 time=94.9 ms
08-10 15:10:42.303 31416 31507 D cellinfo: 46 bytes from 44.241.174.93: icmp_seq=1123 ttl=28 time=96.2 ms
08-10 15:10:42.503 31416 31507 D cellinfo: 46 bytes from 44.241.174.93: icmp_seq=1124 ttl=28 time=95.8 ms
08-10 15:10:42.703 31416 31507 D cellinfo: 46 bytes from 44.241.174.93: icmp_seq=1125 ttl=28 time=95.2 ms
08-10 15:10:42.905 31416 31507 D cellinfo: 46 bytes from 44.241.174.93: icmp_seq=1126 ttl=28 time=96.2 ms
08-10 15:10:43.102 31416 31507 D cellinfo: 46 bytes from 44.241.174.93: icmp_seq=1127 ttl=28 time=91.5 ms
08-10 15:10:43.302 31416 31507 D cellinfo: 46 bytes from 44.241.174.93: icmp_seq=1128 ttl=28 time=91.7 ms
08-10 15:10:43.502 31416 31507 D cellinfo: 46 bytes from 44.241.174.93: icmp_seq=1129 ttl=28 time=90.4 ms
08-10 15:10:43.702 31416 31507 D cellinfo: 46 bytes from 44.241.174.93: icmp_seq=1130 ttl=28 time=89.8 ms
08-10 15:10:43.776 31416 31416 D cellinfo: Latitude is 40.7177467
08-10 15:10:43.776 31416 31416 D cellinfo: Longitude is -111.8369727
08-10 15:10:43.776 31416 31416 D cellinfo: Instantaneous GPS information: United States, 1869 E Hillcrest Ave, Salt Lake City, UT 84106, USA
08-10 15:10:43.776 31416 31416 D cellinfo: getCurrentLocation() result: Location (success): 40.7177467, -111.8369727
08-10 15:10:43.832 31416 31416 D cellinfo: onCellInfoChanged: Operator: AT&T...1 UpdateTimestamp: 170516569 CellConnectionStatus: 0
08-10 15:10:43.832 31416 31416 D cellinfo: onCellInfoChanged: LTE Cell Bands: [2] Bandwidth: 2147483647 Cell ID: 115497736 Physical Cell ID: 462 Tracking Area Code: 39173 EARFCN: 1100
08-10 15:10:43.941 31416 31507 D cellinfo: 46 bytes from 44.241.174.93: icmp_seq=1131 ttl=28 time=127 ms
08-10 15:10:44.141 31416 31507 D cellinfo: 46 bytes from 44.241.174.93: icmp_seq=1132 ttl=28 time=126 ms
08-10 15:10:44.342 31416 31507 D cellinfo: 46 bytes from 44.241.174.93: icmp_seq=1133 ttl=28 time=125 ms
08-10 15:10:44.541 31416 31507 D cellinfo: 46 bytes from 44.241.174.93: icmp_seq=1134 ttl=28 time=125 ms
08-10 15:10:44.741 31416 31507 D cellinfo: 46 bytes from 44.241.174.93: icmp_seq=1135 ttl=28 time=124 ms
08-10 15:10:44.942 31416 31507 D cellinfo: 46 bytes from 44.241.174.93: icmp_seq=1136 ttl=28 time=123 ms
08-10 15:10:45.100 31416 31416 D cellinfo: onsignalStrengthsChanged: LTE Signal Strength info: rsrp: -88 rsrq: -14 rssi: -51 rssnr: 3
08-10 15:10:45.141 31416 31507 D cellinfo: 46 bytes from 44.241.174.93: icmp_seq=1137 ttl=28 time=122 ms
08-10 15:10:45.332 31416 31507 D cellinfo: 46 bytes from 44.241.174.93: icmp_seq=1138 ttl=28 time=113 ms
08-10 15:10:45.542 31416 31507 D cellinfo: 46 bytes from 44.241.174.93: icmp_seq=1139 ttl=28 time=120 ms
08-10 15:10:45.741 31416 31507 D cellinfo: 46 bytes from 44.241.174.93: icmp_seq=1140 ttl=28 time=120 ms
08-10 15:10:45.941 31416 31507 D cellinfo: 46 bytes from 44.241.174.93: icmp_seq=1141 ttl=28 time=119 ms
08-10 15:10:46.141 31416 31507 D cellinfo: 46 bytes from 44.241.174.93: icmp_seq=1142 ttl=28 time=119 ms
08-10 15:10:46.322 31416 31507 D cellinfo: 46 bytes from 44.241.174.93: icmp_seq=1143 ttl=28 time=99.7 ms
08-10 15:10:46.338 31416 31416 D cellinfo: onsignalStrengthsChanged: LTE Signal Strength info: rsrp: -84 rsrq: -13 rssi: -51 rssnr: 5
08-10 15:10:46.541 31416 31507 D cellinfo: 46 bytes from 44.241.174.93: icmp_seq=1144 ttl=28 time=116 ms
08-10 15:10:46.742 31416 31507 D cellinfo: 46 bytes from 44.241.174.93: icmp_seq=1145 ttl=28 time=114 ms
08-10 15:10:46.780 31416 31416 D cellinfo: Latitude is 40.7177467
08-10 15:10:46.780 31416 31416 D cellinfo: Longitude is -111.8369727
08-10 15:10:46.780 31416 31416 D cellinfo: Instantaneous GPS information: United States, 1869 E Hillcrest Ave, Salt Lake City, UT 84106, USA
08-10 15:10:46.780 31416 31416 D cellinfo: getCurrentLocation() result: Location (success): 40.7177467, -111.8369727
08-10 15:10:46.833 31416 31416 D cellinfo: onCellInfoChanged: Operator: AT&T...1 UpdateTimestamp: 170519570 CellConnectionStatus: 0
08-10 15:10:46.833 31416 31416 D cellinfo: onCellInfoChanged: LTE Cell Bands: [2] Bandwidth: 2147483647 Cell ID: 115497736 Physical Cell ID: 462 Tracking Area Code: 39173 EARFCN: 1100
08-10 15:10:46.940 31416 31507 D cellinfo: 46 bytes from 44.241.174.93: icmp_seq=1146 ttl=28 time=113 ms
08-10 15:10:47.141 31416 31507 D cellinfo: 46 bytes from 44.241.174.93: icmp_seq=1147 ttl=28 time=112 ms
08-10 15:10:47.341 31416 31507 D cellinfo: 46 bytes from 44.241.174.93: icmp_seq=1148 ttl=28 time=112 ms
08-10 15:10:47.542 31416 31507 D cellinfo: 46 bytes from 44.241.174.93: icmp_seq=1149 ttl=28 time=112 ms
08-10 15:10:47.742 31416 31507 D cellinfo: 46 bytes from 44.241.174.93: icmp_seq=1150 ttl=28 time=113 ms
08-10 15:10:47.942 31416 31507 D cellinfo: 46 bytes from 44.241.174.93: icmp_seq=1151 ttl=28 time=112 ms
08-10 15:10:48.105 31416 31416 D cellinfo: onsignalStrengthsChanged: LTE Signal Strength info: rsrp: -80 rsrq: -13 rssi: -51 rssnr: 7
08-10 15:10:48.141 31416 31507 D cellinfo: 46 bytes from 44.241.174.93: icmp_seq=1152 ttl=28 time=110 ms
08-10 15:10:48.340 31416 31507 D cellinfo: 46 bytes from 44.241.174.93: icmp_seq=1153 ttl=28 time=109 ms
08-10 15:10:48.540 31416 31507 D cellinfo: 46 bytes from 44.241.174.93: icmp_seq=1154 ttl=28 time=108 ms
08-10 15:10:48.577 31416 31416 D cellinfo: onsignalStrengthsChanged: LTE Signal Strength info: rsrp: -77 rsrq: -13 rssi: -51 rssnr: 10
08-10 15:10:48.742 31416 31507 D cellinfo: 46 bytes from 44.241.174.93: icmp_seq=1155 ttl=28 time=109 ms
08-10 15:10:48.940 31416 31507 D cellinfo: 46 bytes from 44.241.174.93: icmp_seq=1156 ttl=28 time=107 ms
08-10 15:10:49.140 31416 31507 D cellinfo: 46 bytes from 44.241.174.93: icmp_seq=1157 ttl=28 time=106 ms
08-10 15:10:49.340 31416 31507 D cellinfo: 46 bytes from 44.241.174.93: icmp_seq=1158 ttl=28 time=104 ms
08-10 15:10:49.540 31416 31507 D cellinfo: 46 bytes from 44.241.174.93: icmp_seq=1159 ttl=28 time=104 ms
08-10 15:10:49.741 31416 31507 D cellinfo: 46 bytes from 44.241.174.93: icmp_seq=1160 ttl=28 time=103 ms
08-10 15:10:49.827 31416 31416 D cellinfo: onCellInfoChanged: Operator: AT&T...1 UpdateTimestamp: 170522560 CellConnectionStatus: 0
08-10 15:10:49.827 31416 31416 D cellinfo: onCellInfoChanged: LTE Cell Bands: [2] Bandwidth: 2147483647 Cell ID: 115497736 Physical Cell ID: 462 Tracking Area Code: 39173 EARFCN: 1100
08-10 15:10:49.940 31416 31507 D cellinfo: 46 bytes from 44.241.174.93: icmp_seq=1161 ttl=28 time=100 ms
08-10 15:10:50.140 31416 31507 D cellinfo: 46 bytes from 44.241.174.93: icmp_seq=1162 ttl=28 time=100 ms
08-10 15:10:50.348 31416 31507 D cellinfo: 46 bytes from 44.241.174.93: icmp_seq=1163 ttl=28 time=105 ms
08-10 15:10:50.540 31416 31507 D cellinfo: 46 bytes from 44.241.174.93: icmp_seq=1164 ttl=28 time=98.8 ms
08-10 15:10:50.748 31416 31507 D cellinfo: 46 bytes from 44.241.174.93: icmp_seq=1165 ttl=28 time=105 ms
08-10 15:10:50.941 31416 31507 D cellinfo: 46 bytes from 44.241.174.93: icmp_seq=1166 ttl=28 time=97.0 ms
08-10 15:10:51.222 31416 31507 D cellinfo: 46 bytes from 44.241.174.93: icmp_seq=1167 ttl=28 time=175 ms
08-10 15:10:51.344 31416 31507 D cellinfo: 46 bytes from 44.241.174.93: icmp_seq=1168 ttl=28 time=97.0 ms
08-10 15:10:51.545 31416 31507 D cellinfo: 46 bytes from 44.241.174.93: icmp_seq=1169 ttl=28 time=96.4 ms
08-10 15:10:51.752 31416 31507 D cellinfo: 46 bytes from 44.241.174.93: icmp_seq=1170 ttl=28 time=101 ms
08-10 15:10:51.767 31416 31416 D cellinfo: Latitude is 40.7162215
08-10 15:10:51.767 31416 31416 D cellinfo: Longitude is -111.8333198
08-10 15:10:51.767 31416 31416 D cellinfo: Instantaneous GPS information: United States, 2540 S 2000 E, Salt Lake City, UT 84109, USA
08-10 15:10:51.767 31416 31416 D cellinfo: getCurrentLocation() result: Location (success): 40.7162215, -111.8333198
08-10 15:10:51.770 31416 31416 D cellinfo: onsignalStrengthsChanged: LTE Signal Strength info: rsrp: -77 rsrq: -13 rssi: -51 rssnr: 8
08-10 15:10:51.950 31416 31507 D cellinfo: 46 bytes from 44.241.174.93: icmp_seq=1171 ttl=28 time=99.7 ms
08-10 15:10:52.142 31416 31507 D cellinfo: 46 bytes from 44.241.174.93: icmp_seq=1172 ttl=28 time=91.4 ms
08-10 15:10:52.341 31416 31507 D cellinfo: 46 bytes from 44.241.174.93: icmp_seq=1173 ttl=28 time=90.2 ms
08-10 15:10:52.581 31416 31507 D cellinfo: 46 bytes from 44.241.174.93: icmp_seq=1174 ttl=28 time=127 ms
08-10 15:10:52.779 31416 31416 D cellinfo: Latitude is 40.7162215
08-10 15:10:52.779 31416 31416 D cellinfo: Longitude is -111.8333198
08-10 15:10:52.779 31416 31416 D cellinfo: Instantaneous GPS information: United States, 2540 S 2000 E, Salt Lake City, UT 84109, USA
08-10 15:10:52.779 31416 31416 D cellinfo: getCurrentLocation() result: Location (success): 40.7162215, -111.8333198
08-10 15:10:52.780 31416 31507 D cellinfo: 46 bytes from 44.241.174.93: icmp_seq=1175 ttl=28 time=125 ms
08-10 15:10:52.841 31416 31416 D cellinfo: onCellInfoChanged: Operator: AT&T...1 UpdateTimestamp: 170525575 CellConnectionStatus: 0
08-10 15:10:52.841 31416 31416 D cellinfo: onCellInfoChanged: LTE Cell Bands: [2] Bandwidth: 2147483647 Cell ID: 115497736 Physical Cell ID: 462 Tracking Area Code: 39173 EARFCN: 1100
08-10 15:10:52.981 31416 31507 D cellinfo: 46 bytes from 44.241.174.93: icmp_seq=1176 ttl=28 time=125 ms
08-10 15:10:53.180 31416 31507 D cellinfo: 46 bytes from 44.241.174.93: icmp_seq=1177 ttl=28 time=124 ms
08-10 15:10:53.381 31416 31507 D cellinfo: 46 bytes from 44.241.174.93: icmp_seq=1178 ttl=28 time=123 ms
08-10 15:10:53.581 31416 31507 D cellinfo: 46 bytes from 44.241.174.93: icmp_seq=1179 ttl=28 time=122 ms
08-10 15:10:53.766 31416 31507 D cellinfo: 46 bytes from 44.241.174.93: icmp_seq=1180 ttl=28 time=107 ms
08-10 15:10:53.980 31416 31507 D cellinfo: 46 bytes from 44.241.174.93: icmp_seq=1181 ttl=28 time=122 ms
08-10 15:10:54.170 31416 31507 D cellinfo: 46 bytes from 44.241.174.93: icmp_seq=1182 ttl=28 time=111 ms
08-10 15:10:54.380 31416 31507 D cellinfo: 46 bytes from 44.241.174.93: icmp_seq=1183 ttl=28 time=119 ms
08-10 15:10:54.620 31416 31507 D cellinfo: 46 bytes from 44.241.174.93: icmp_seq=1184 ttl=28 time=159 ms
08-10 15:10:54.771 31416 31507 D cellinfo: 46 bytes from 44.241.174.93: icmp_seq=1185 ttl=28 time=110 ms
08-10 15:10:54.880 31416 31416 D cellinfo: onCellInfoChanged: Operator: AT&T...1 UpdateTimestamp: 170527613 CellConnectionStatus: 0
08-10 15:10:54.880 31416 31416 D cellinfo: onCellInfoChanged: LTE Cell Bands: [2] Bandwidth: 2147483647 Cell ID: 115479050 Physical Cell ID: 398 Tracking Area Code: 39173 EARFCN: 1100
08-10 15:10:54.914 31416 31416 D cellinfo: onServiceStateChanged: Channel Number: 1100 Cell Bandwidths: []
08-10 15:10:54.932 31416 31416 D cellinfo: onDisplayInfoChanged: NetworkType: LTE OverrideNetworkType: None
08-10 15:10:55.165 31416 31507 D cellinfo: 46 bytes from 44.241.174.93: icmp_seq=1186 ttl=28 time=303 ms
08-10 15:10:55.170 31416 31507 D cellinfo: 46 bytes from 44.241.174.93: icmp_seq=1187 ttl=28 time=101 ms
08-10 15:10:55.295 31416 31416 D cellinfo: onsignalStrengthsChanged: LTE Signal Strength info: rsrp: -80 rsrq: -14 rssi: -59 rssnr: 4
08-10 15:10:55.364 31416 31507 D cellinfo: 46 bytes from 44.241.174.93: icmp_seq=1188 ttl=28 time=95.1 ms
08-10 15:10:55.564 31416 31507 D cellinfo: 46 bytes from 44.241.174.93: icmp_seq=1189 ttl=28 time=93.0 ms
08-10 15:10:55.765 31416 31507 D cellinfo: 46 bytes from 44.241.174.93: icmp_seq=1190 ttl=28 time=92.5 ms
08-10 15:10:55.778 31416 31416 D cellinfo: Latitude is 40.7162215
08-10 15:10:55.779 31416 31416 D cellinfo: Longitude is -111.8333198
08-10 15:10:55.779 31416 31416 D cellinfo: Instantaneous GPS information: United States, 2540 S 2000 E, Salt Lake City, UT 84109, USA
08-10 15:10:55.779 31416 31416 D cellinfo: getCurrentLocation() result: Location (success): 40.7162215, -111.8333198
08-10 15:10:55.835 31416 31416 D cellinfo: onCellInfoChanged: Operator: AT&T...1 UpdateTimestamp: 170528570 CellConnectionStatus: 0
08-10 15:10:55.835 31416 31416 D cellinfo: onCellInfoChanged: LTE Cell Bands: [2] Bandwidth: 2147483647 Cell ID: 115479050 Physical Cell ID: 398 Tracking Area Code: 39173 EARFCN: 1100
08-10 15:10:55.962 31416 31507 D cellinfo: 46 bytes from 44.241.174.93: icmp_seq=1191 ttl=28 time=88.4 ms
08-10 15:10:56.165 31416 31507 D cellinfo: 46 bytes from 44.241.174.93: icmp_seq=1192 ttl=28 time=90.9 ms
08-10 15:10:56.369 31416 31507 D cellinfo: 46 bytes from 44.241.174.93: icmp_seq=1193 ttl=28 time=95.1 ms
08-10 15:10:56.565 31416 31507 D cellinfo: 46 bytes from 44.241.174.93: icmp_seq=1194 ttl=28 time=90.2 ms
08-10 15:10:56.765 31416 31507 D cellinfo: 46 bytes from 44.241.174.93: icmp_seq=1195 ttl=28 time=89.4 ms
08-10 15:10:56.966 31416 31507 D cellinfo: 46 bytes from 44.241.174.93: icmp_seq=1196 ttl=28 time=88.6 ms
08-10 15:10:57.103 31416 31416 D cellinfo: onsignalStrengthsChanged: LTE Signal Strength info: rsrp: -81 rsrq: -14 rssi: -57 rssnr: 3
08-10 15:10:57.165 31416 31507 D cellinfo: 46 bytes from 44.241.174.93: icmp_seq=1197 ttl=28 time=88.1 ms
08-10 15:10:57.365 31416 31507 D cellinfo: 46 bytes from 44.241.174.93: icmp_seq=1198 ttl=28 time=87.5 ms
08-10 15:10:57.605 31416 31507 D cellinfo: 46 bytes from 44.241.174.93: icmp_seq=1199 ttl=28 time=127 ms
08-10 15:10:57.802 31416 31507 D cellinfo: 46 bytes from 44.241.174.93: icmp_seq=1200 ttl=28 time=124 ms
08-10 15:10:57.949 31416 31416 D cellinfo: onCellInfoChanged: Operator: AT&T...1 UpdateTimestamp: 170530682 CellConnectionStatus: 0
08-10 15:10:57.949 31416 31416 D cellinfo: onCellInfoChanged: LTE Cell Bands: [2] Bandwidth: 2147483647 Cell ID: 115479050 Physical Cell ID: 398 Tracking Area Code: 39173 EARFCN: 1100
08-10 15:10:58.004 31416 31507 D cellinfo: 46 bytes from 44.241.174.93: icmp_seq=1201 ttl=28 time=126 ms
08-10 15:10:58.204 31416 31507 D cellinfo: 46 bytes from 44.241.174.93: icmp_seq=1202 ttl=28 time=126 ms
08-10 15:10:58.412 31416 31507 D cellinfo: 46 bytes from 44.241.174.93: icmp_seq=1203 ttl=28 time=134 ms
08-10 15:10:58.605 31416 31507 D cellinfo: 46 bytes from 44.241.174.93: icmp_seq=1204 ttl=28 time=125 ms
08-10 15:10:58.776 31416 31416 D cellinfo: Latitude is 40.7162215
08-10 15:10:58.776 31416 31416 D cellinfo: Longitude is -111.8333198
08-10 15:10:58.776 31416 31416 D cellinfo: Instantaneous GPS information: United States, 2540 S 2000 E, Salt Lake City, UT 84109, USA
08-10 15:10:58.776 31416 31416 D cellinfo: getCurrentLocation() result: Location (success): 40.7162215, -111.8333198
08-10 15:10:58.803 31416 31507 D cellinfo: 46 bytes from 44.241.174.93: icmp_seq=1205 ttl=28 time=123 ms
08-10 15:10:59.004 31416 31507 D cellinfo: 46 bytes from 44.241.174.93: icmp_seq=1206 ttl=28 time=123 ms
08-10 15:10:59.205 31416 31507 D cellinfo: 46 bytes from 44.241.174.93: icmp_seq=1207 ttl=28 time=123 ms
08-10 15:10:59.405 31416 31507 D cellinfo: 46 bytes from 44.241.174.93: icmp_seq=1208 ttl=28 time=121 ms
08-10 15:10:59.604 31416 31507 D cellinfo: 46 bytes from 44.241.174.93: icmp_seq=1209 ttl=28 time=120 ms
08-10 15:10:59.778 31416 31416 D cellinfo: onsignalStrengthsChanged: LTE Signal Strength info: rsrp: -88 rsrq: -14 rssi: -57 rssnr: 2
08-10 15:10:59.805 31416 31507 D cellinfo: 46 bytes from 44.241.174.93: icmp_seq=1210 ttl=28 time=120 ms
08-10 15:11:00.004 31416 31507 D cellinfo: 46 bytes from 44.241.174.93: icmp_seq=1211 ttl=28 time=119 ms
08-10 15:11:00.105 31416 31416 D cellinfo: onsignalStrengthsChanged: LTE Signal Strength info: rsrp: -91 rsrq: -15 rssi: -57 rssnr: 2
08-10 15:11:00.209 31416 31507 D cellinfo: 46 bytes from 44.241.174.93: icmp_seq=1212 ttl=28 time=124 ms
08-10 15:11:00.404 31416 31507 D cellinfo: 46 bytes from 44.241.174.93: icmp_seq=1213 ttl=28 time=119 ms
08-10 15:11:00.605 31416 31507 D cellinfo: 46 bytes from 44.241.174.93: icmp_seq=1214 ttl=28 time=119 ms
08-10 15:11:00.805 31416 31507 D cellinfo: 46 bytes from 44.241.174.93: icmp_seq=1215 ttl=28 time=117 ms
08-10 15:11:01.004 31416 31507 D cellinfo: 46 bytes from 44.241.174.93: icmp_seq=1216 ttl=28 time=117 ms
08-10 15:11:01.204 31416 31507 D cellinfo: 46 bytes from 44.241.174.93: icmp_seq=1217 ttl=28 time=117 ms
08-10 15:11:01.445 31416 31507 D cellinfo: 46 bytes from 44.241.174.93: icmp_seq=1218 ttl=28 time=157 ms
08-10 15:11:01.601 31416 31507 D cellinfo: 46 bytes from 44.241.174.93: icmp_seq=1219 ttl=28 time=113 ms
08-10 15:11:01.803 31416 31507 D cellinfo: 46 bytes from 44.241.174.93: icmp_seq=1220 ttl=28 time=116 ms
08-10 15:11:01.819 31416 31416 D cellinfo: onCellInfoChanged: Operator: AT&T...1 UpdateTimestamp: 170534555 CellConnectionStatus: 0
08-10 15:11:01.819 31416 31416 D cellinfo: onCellInfoChanged: LTE Cell Bands: [2] Bandwidth: 2147483647 Cell ID: 115479050 Physical Cell ID: 398 Tracking Area Code: 39173 EARFCN: 1100
08-10 15:11:02.005 31416 31507 D cellinfo: 46 bytes from 44.241.174.93: icmp_seq=1221 ttl=28 time=115 ms
08-10 15:11:02.204 31416 31507 D cellinfo: 46 bytes from 44.241.174.93: icmp_seq=1222 ttl=28 time=115 ms
08-10 15:11:02.404 31416 31507 D cellinfo: 46 bytes from 44.241.174.93: icmp_seq=1223 ttl=28 time=115 ms
08-10 15:11:02.604 31416 31507 D cellinfo: 46 bytes from 44.241.174.93: icmp_seq=1224 ttl=28 time=114 ms
08-10 15:11:02.804 31416 31507 D cellinfo: 46 bytes from 44.241.174.93: icmp_seq=1225 ttl=28 time=113 ms
08-10 15:11:03.004 31416 31507 D cellinfo: 46 bytes from 44.241.174.93: icmp_seq=1226 ttl=28 time=111 ms
08-10 15:11:03.202 31416 31507 D cellinfo: 46 bytes from 44.241.174.93: icmp_seq=1227 ttl=28 time=109 ms
08-10 15:11:03.405 31416 31507 D cellinfo: 46 bytes from 44.241.174.93: icmp_seq=1228 ttl=28 time=110 ms
08-10 15:11:03.607 31416 31507 D cellinfo: 46 bytes from 44.241.174.93: icmp_seq=1229 ttl=28 time=110 ms
08-10 15:11:03.666 31416 31416 D cellinfo: Latitude is 40.714715
08-10 15:11:03.666 31416 31416 D cellinfo: Longitude is -111.8290949
08-10 15:11:03.666 31416 31416 D cellinfo: Instantaneous GPS information: United States, 2165 Crystal Ave, Salt Lake City, UT 84109, USA
08-10 15:11:03.666 31416 31416 D cellinfo: getCurrentLocation() result: Location (success): 40.714715, -111.8290949
08-10 15:11:03.782 31416 31507 D cellinfo: 46 bytes from 44.241.174.93: icmp_seq=1230 ttl=28 time=86.6 ms
08-10 15:11:03.980 31416 31507 D cellinfo: 46 bytes from 44.241.174.93: icmp_seq=1231 ttl=28 time=83.7 ms
08-10 15:11:04.205 31416 31507 D cellinfo: 46 bytes from 44.241.174.93: icmp_seq=1232 ttl=28 time=106 ms
08-10 15:11:04.258 31416 31416 D cellinfo: onsignalStrengthsChanged: LTE Signal Strength info: rsrp: -91 rsrq: -14 rssi: -61 rssnr: 6
08-10 15:11:04.405 31416 31507 D cellinfo: 46 bytes from 44.241.174.93: icmp_seq=1233 ttl=28 time=106 ms
08-10 15:11:04.604 31416 31507 D cellinfo: 46 bytes from 44.241.174.93: icmp_seq=1234 ttl=28 time=105 ms
08-10 15:11:04.782 31416 31416 D cellinfo: Latitude is 40.714715
08-10 15:11:04.782 31416 31416 D cellinfo: Longitude is -111.8290949
08-10 15:11:04.782 31416 31416 D cellinfo: Instantaneous GPS information: United States, 2165 Crystal Ave, Salt Lake City, UT 84109, USA
08-10 15:11:04.782 31416 31416 D cellinfo: getCurrentLocation() result: Location (success): 40.714715, -111.8290949
08-10 15:11:04.800 31416 31507 D cellinfo: 46 bytes from 44.241.174.93: icmp_seq=1235 ttl=28 time=101 ms
08-10 15:11:04.826 31416 31416 D cellinfo: onCellInfoChanged: Operator: AT&T...1 UpdateTimestamp: 170537563 CellConnectionStatus: 0
08-10 15:11:04.826 31416 31416 D cellinfo: onCellInfoChanged: LTE Cell Bands: [2] Bandwidth: 2147483647 Cell ID: 115479050 Physical Cell ID: 398 Tracking Area Code: 39173 EARFCN: 1100
08-10 15:11:05.005 31416 31507 D cellinfo: 46 bytes from 44.241.174.93: icmp_seq=1236 ttl=28 time=103 ms
08-10 15:11:05.204 31416 31507 D cellinfo: 46 bytes from 44.241.174.93: icmp_seq=1237 ttl=28 time=103 ms
08-10 15:11:05.407 31416 31507 D cellinfo: 46 bytes from 44.241.174.93: icmp_seq=1238 ttl=28 time=101 ms
08-10 15:11:05.605 31416 31507 D cellinfo: 46 bytes from 44.241.174.93: icmp_seq=1239 ttl=28 time=101 ms
08-10 15:11:05.804 31416 31507 D cellinfo: 46 bytes from 44.241.174.93: icmp_seq=1240 ttl=28 time=99.8 ms
08-10 15:11:06.010 31416 31507 D cellinfo: 46 bytes from 44.241.174.93: icmp_seq=1241 ttl=28 time=101 ms
08-10 15:11:06.204 31416 31507 D cellinfo: 46 bytes from 44.241.174.93: icmp_seq=1242 ttl=28 time=98.2 ms
08-10 15:11:06.406 31416 31507 D cellinfo: 46 bytes from 44.241.174.93: icmp_seq=1243 ttl=28 time=97.6 ms
08-10 15:11:06.604 31416 31507 D cellinfo: 46 bytes from 44.241.174.93: icmp_seq=1244 ttl=28 time=96.6 ms
08-10 15:11:06.805 31416 31507 D cellinfo: 46 bytes from 44.241.174.93: icmp_seq=1245 ttl=28 time=94.7 ms
08-10 15:11:07.004 31416 31507 D cellinfo: 46 bytes from 44.241.174.93: icmp_seq=1246 ttl=28 time=93.5 ms
08-10 15:11:07.325 31416 31507 D cellinfo: 46 bytes from 44.241.174.93: icmp_seq=1247 ttl=28 time=213 ms
08-10 15:11:07.421 31416 31507 D cellinfo: 46 bytes from 44.241.174.93: icmp_seq=1248 ttl=28 time=100 ms
08-10 15:11:07.645 31416 31507 D cellinfo: 46 bytes from 44.241.174.93: icmp_seq=1249 ttl=28 time=125 ms
08-10 15:11:07.776 31416 31416 D cellinfo: Latitude is 40.714715
08-10 15:11:07.776 31416 31416 D cellinfo: Longitude is -111.8290949
08-10 15:11:07.776 31416 31416 D cellinfo: Instantaneous GPS information: United States, 2165 Crystal Ave, Salt Lake City, UT 84109, USA
08-10 15:11:07.776 31416 31416 D cellinfo: getCurrentLocation() result: Location (success): 40.714715, -111.8290949
08-10 15:11:07.827 31416 31416 D cellinfo: onCellInfoChanged: Operator: AT&T...1 UpdateTimestamp: 170540564 CellConnectionStatus: 0
08-10 15:11:07.827 31416 31416 D cellinfo: onCellInfoChanged: LTE Cell Bands: [2] Bandwidth: 2147483647 Cell ID: 115479050 Physical Cell ID: 398 Tracking Area Code: 39173 EARFCN: 1100
08-10 15:11:07.844 31416 31507 D cellinfo: 46 bytes from 44.241.174.93: icmp_seq=1250 ttl=28 time=124 ms
08-10 15:11:08.046 31416 31507 D cellinfo: 46 bytes from 44.241.174.93: icmp_seq=1251 ttl=28 time=122 ms
08-10 15:11:08.245 31416 31507 D cellinfo: 46 bytes from 44.241.174.93: icmp_seq=1252 ttl=28 time=122 ms
08-10 15:11:08.444 31416 31507 D cellinfo: 46 bytes from 44.241.174.93: icmp_seq=1253 ttl=28 time=119 ms
08-10 15:11:08.645 31416 31507 D cellinfo: 46 bytes from 44.241.174.93: icmp_seq=1254 ttl=28 time=119 ms
08-10 15:11:08.846 31416 31507 D cellinfo: 46 bytes from 44.241.174.93: icmp_seq=1255 ttl=28 time=118 ms
08-10 15:11:09.045 31416 31507 D cellinfo: 46 bytes from 44.241.174.93: icmp_seq=1256 ttl=28 time=116 ms
08-10 15:11:09.244 31416 31507 D cellinfo: 46 bytes from 44.241.174.93: icmp_seq=1257 ttl=28 time=116 ms
08-10 15:11:09.445 31416 31507 D cellinfo: 46 bytes from 44.241.174.93: icmp_seq=1258 ttl=28 time=115 ms
08-10 15:11:09.645 31416 31507 D cellinfo: 46 bytes from 44.241.174.93: icmp_seq=1259 ttl=28 time=114 ms
08-10 15:11:09.846 31416 31507 D cellinfo: 46 bytes from 44.241.174.93: icmp_seq=1260 ttl=28 time=113 ms
08-10 15:11:10.045 31416 31507 D cellinfo: 46 bytes from 44.241.174.93: icmp_seq=1261 ttl=28 time=111 ms
08-10 15:11:10.286 31416 31507 D cellinfo: 46 bytes from 44.241.174.93: icmp_seq=1262 ttl=28 time=151 ms
08-10 15:11:10.445 31416 31507 D cellinfo: 46 bytes from 44.241.174.93: icmp_seq=1263 ttl=28 time=110 ms
08-10 15:11:10.645 31416 31507 D cellinfo: 46 bytes from 44.241.174.93: icmp_seq=1264 ttl=28 time=110 ms
08-10 15:11:10.782 31416 31416 D cellinfo: Latitude is 40.714715
08-10 15:11:10.783 31416 31416 D cellinfo: Longitude is -111.8290949
08-10 15:11:10.783 31416 31416 D cellinfo: Instantaneous GPS information: United States, 2165 Crystal Ave, Salt Lake City, UT 84109, USA
08-10 15:11:10.783 31416 31416 D cellinfo: getCurrentLocation() result: Location (success): 40.714715, -111.8290949
08-10 15:11:10.831 31416 31416 D cellinfo: onCellInfoChanged: Operator: AT&T...1 UpdateTimestamp: 170543567 CellConnectionStatus: 0
08-10 15:11:10.831 31416 31416 D cellinfo: onCellInfoChanged: LTE Cell Bands: [2] Bandwidth: 2147483647 Cell ID: 115479050 Physical Cell ID: 398 Tracking Area Code: 39173 EARFCN: 1100
08-10 15:11:10.844 31416 31507 D cellinfo: 46 bytes from 44.241.174.93: icmp_seq=1265 ttl=28 time=108 ms
08-10 15:11:11.045 31416 31507 D cellinfo: 46 bytes from 44.241.174.93: icmp_seq=1266 ttl=28 time=106 ms
08-10 15:11:11.245 31416 31507 D cellinfo: 46 bytes from 44.241.174.93: icmp_seq=1267 ttl=28 time=105 ms
08-10 15:11:11.446 31416 31507 D cellinfo: 46 bytes from 44.241.174.93: icmp_seq=1268 ttl=28 time=104 ms
08-10 15:11:11.687 31416 31507 D cellinfo: 46 bytes from 44.241.174.93: icmp_seq=1269 ttl=28 time=143 ms
08-10 15:11:11.844 31416 31507 D cellinfo: 46 bytes from 44.241.174.93: icmp_seq=1270 ttl=28 time=102 ms
08-10 15:11:12.046 31416 31507 D cellinfo: 46 bytes from 44.241.174.93: icmp_seq=1271 ttl=28 time=101 ms
08-10 15:11:12.246 31416 31507 D cellinfo: 46 bytes from 44.241.174.93: icmp_seq=1272 ttl=28 time=101 ms
08-10 15:11:12.446 31416 31507 D cellinfo: 46 bytes from 44.241.174.93: icmp_seq=1273 ttl=28 time=100 ms
08-10 15:11:12.644 31416 31507 D cellinfo: 46 bytes from 44.241.174.93: icmp_seq=1274 ttl=28 time=98.2 ms
08-10 15:11:12.845 31416 31507 D cellinfo: 46 bytes from 44.241.174.93: icmp_seq=1275 ttl=28 time=97.6 ms
08-10 15:11:13.046 31416 31507 D cellinfo: 46 bytes from 44.241.174.93: icmp_seq=1276 ttl=28 time=96.6 ms
08-10 15:11:13.245 31416 31507 D cellinfo: 46 bytes from 44.241.174.93: icmp_seq=1277 ttl=28 time=97.4 ms
08-10 15:11:13.445 31416 31507 D cellinfo: 46 bytes from 44.241.174.93: icmp_seq=1278 ttl=28 time=96.6 ms
08-10 15:11:13.644 31416 31507 D cellinfo: 46 bytes from 44.241.174.93: icmp_seq=1279 ttl=28 time=95.6 ms
08-10 15:11:13.818 31416 31416 D cellinfo: onCellInfoChanged: Operator: AT&T...1 UpdateTimestamp: 170546556 CellConnectionStatus: 0
08-10 15:11:13.818 31416 31416 D cellinfo: onCellInfoChanged: LTE Cell Bands: [2] Bandwidth: 2147483647 Cell ID: 115479050 Physical Cell ID: 398 Tracking Area Code: 39173 EARFCN: 1100
08-10 15:11:13.844 31416 31507 D cellinfo: 46 bytes from 44.241.174.93: icmp_seq=1280 ttl=28 time=93.6 ms
08-10 15:11:14.045 31416 31507 D cellinfo: 46 bytes from 44.241.174.93: icmp_seq=1281 ttl=28 time=92.5 ms
08-10 15:11:14.286 31416 31507 D cellinfo: 46 bytes from 44.241.174.93: icmp_seq=1282 ttl=28 time=131 ms
08-10 15:11:14.445 31416 31507 D cellinfo: 46 bytes from 44.241.174.93: icmp_seq=1283 ttl=28 time=90.3 ms
08-10 15:11:14.651 31416 31507 D cellinfo: 46 bytes from 44.241.174.93: icmp_seq=1284 ttl=28 time=93.3 ms
08-10 15:11:14.842 31416 31507 D cellinfo: 46 bytes from 44.241.174.93: icmp_seq=1285 ttl=28 time=85.6 ms
08-10 15:11:15.085 31416 31507 D cellinfo: 46 bytes from 44.241.174.93: icmp_seq=1286 ttl=28 time=127 ms
08-10 15:11:15.262 31416 31507 D cellinfo: 46 bytes from 44.241.174.93: icmp_seq=1287 ttl=28 time=103 ms
08-10 15:11:15.444 31416 31507 D cellinfo: 46 bytes from 44.241.174.93: icmp_seq=1288 ttl=28 time=84.2 ms
08-10 15:11:15.612 31416 31416 D cellinfo: Latitude is 40.7140731
08-10 15:11:15.612 31416 31416 D cellinfo: Longitude is -111.8262337
08-10 15:11:15.612 31416 31416 D cellinfo: Instantaneous GPS information: United States, 2400 Country Club Dr, Salt Lake City, UT 84109, USA
08-10 15:11:15.612 31416 31416 D cellinfo: getCurrentLocation() result: Location (success): 40.7140731, -111.8262337
08-10 15:11:15.641 31416 31507 D cellinfo: 46 bytes from 44.241.174.93: icmp_seq=1289 ttl=28 time=80.3 ms
08-10 15:11:15.885 31416 31507 D cellinfo: 46 bytes from 44.241.174.93: icmp_seq=1290 ttl=28 time=121 ms
08-10 15:11:16.082 31416 31507 D cellinfo: 46 bytes from 44.241.174.93: icmp_seq=1291 ttl=28 time=118 ms
08-10 15:11:16.285 31416 31507 D cellinfo: 46 bytes from 44.241.174.93: icmp_seq=1292 ttl=28 time=121 ms
08-10 15:11:16.486 31416 31507 D cellinfo: 46 bytes from 44.241.174.93: icmp_seq=1293 ttl=28 time=122 ms
08-10 15:11:16.686 31416 31507 D cellinfo: 46 bytes from 44.241.174.93: icmp_seq=1294 ttl=28 time=121 ms
08-10 15:11:16.861 31416 31507 D cellinfo: 46 bytes from 44.241.174.93: icmp_seq=1295 ttl=28 time=96.3 ms
08-10 15:11:17.061 31416 31507 D cellinfo: 46 bytes from 44.241.174.93: icmp_seq=1296 ttl=28 time=94.8 ms
08-10 15:11:17.262 31416 31507 D cellinfo: 46 bytes from 44.241.174.93: icmp_seq=1297 ttl=28 time=94.7 ms
08-10 15:11:17.470 31416 31507 D cellinfo: 46 bytes from 44.241.174.93: icmp_seq=1298 ttl=28 time=102 ms
08-10 15:11:17.531 31416 31416 D cellinfo: Latitude is 40.7140861
08-10 15:11:17.531 31416 31416 D cellinfo: Longitude is -111.8262581
08-10 15:11:17.532 31416 31416 D cellinfo: Instantaneous GPS information: United States, 2675 Berkeley Cir, Salt Lake City, UT 84109, USA
08-10 15:11:17.532 31416 31416 D cellinfo: getCurrentLocation() result: Location (success): 40.7140861, -111.8262581
08-10 15:11:17.534 31416 31416 D cellinfo: onCellInfoChanged: Operator: AT&T...1 UpdateTimestamp: 170549553 CellConnectionStatus: 0
08-10 15:11:17.534 31416 31416 D cellinfo: onCellInfoChanged: LTE Cell Bands: [2] Bandwidth: 2147483647 Cell ID: 115479050 Physical Cell ID: 398 Tracking Area Code: 39173 EARFCN: 1100
08-10 15:11:17.661 31416 31507 D cellinfo: 46 bytes from 44.241.174.93: icmp_seq=1299 ttl=28 time=93.1 ms
08-10 15:11:17.884 31416 31507 D cellinfo: 46 bytes from 44.241.174.93: icmp_seq=1300 ttl=28 time=115 ms
08-10 15:11:18.082 31416 31507 D cellinfo: 46 bytes from 44.241.174.93: icmp_seq=1301 ttl=28 time=111 ms
08-10 15:11:18.287 31416 31507 D cellinfo: 46 bytes from 44.241.174.93: icmp_seq=1302 ttl=28 time=116 ms
08-10 15:11:18.460 31416 31507 D cellinfo: 46 bytes from 44.241.174.93: icmp_seq=1303 ttl=28 time=89.6 ms
08-10 15:11:18.684 31416 31507 D cellinfo: 46 bytes from 44.241.174.93: icmp_seq=1304 ttl=28 time=113 ms
08-10 15:11:18.884 31416 31507 D cellinfo: 46 bytes from 44.241.174.93: icmp_seq=1305 ttl=28 time=111 ms
08-10 15:11:19.084 31416 31507 D cellinfo: 46 bytes from 44.241.174.93: icmp_seq=1306 ttl=28 time=111 ms
08-10 15:11:19.285 31416 31507 D cellinfo: 46 bytes from 44.241.174.93: icmp_seq=1307 ttl=28 time=112 ms
08-10 15:11:19.485 31416 31507 D cellinfo: 46 bytes from 44.241.174.93: icmp_seq=1308 ttl=28 time=112 ms
08-10 15:11:19.695 31416 31507 D cellinfo: 46 bytes from 44.241.174.93: icmp_seq=1309 ttl=28 time=120 ms
08-10 15:11:19.775 31416 31416 D cellinfo: Latitude is 40.7140861
08-10 15:11:19.775 31416 31416 D cellinfo: Longitude is -111.8262581
08-10 15:11:19.775 31416 31416 D cellinfo: Instantaneous GPS information: United States, 2675 Berkeley Cir, Salt Lake City, UT 84109, USA
08-10 15:11:19.775 31416 31416 D cellinfo: getCurrentLocation() result: Location (success): 40.7140861, -111.8262581
08-10 15:11:19.842 31416 31416 D cellinfo: onCellInfoChanged: Operator: AT&T...1 UpdateTimestamp: 170552579 CellConnectionStatus: 0
08-10 15:11:19.842 31416 31416 D cellinfo: onCellInfoChanged: LTE Cell Bands: [2] Bandwidth: 2147483647 Cell ID: 115479050 Physical Cell ID: 398 Tracking Area Code: 39173 EARFCN: 1100
08-10 15:11:19.885 31416 31507 D cellinfo: 46 bytes from 44.241.174.93: icmp_seq=1310 ttl=28 time=110 ms
08-10 15:11:20.084 31416 31507 D cellinfo: 46 bytes from 44.241.174.93: icmp_seq=1311 ttl=28 time=107 ms
08-10 15:11:20.290 31416 31507 D cellinfo: 46 bytes from 44.241.174.93: icmp_seq=1312 ttl=28 time=111 ms
08-10 15:11:20.498 31416 31507 D cellinfo: 46 bytes from 44.241.174.93: icmp_seq=1313 ttl=28 time=120 ms
08-10 15:11:20.685 31416 31507 D cellinfo: 46 bytes from 44.241.174.93: icmp_seq=1314 ttl=28 time=106 ms
08-10 15:11:20.888 31416 31507 D cellinfo: 46 bytes from 44.241.174.93: icmp_seq=1315 ttl=28 time=109 ms
08-10 15:11:21.083 31416 31507 D cellinfo: 46 bytes from 44.241.174.93: icmp_seq=1316 ttl=28 time=104 ms
08-10 15:11:21.285 31416 31507 D cellinfo: 46 bytes from 44.241.174.93: icmp_seq=1317 ttl=28 time=105 ms
08-10 15:11:21.485 31416 31507 D cellinfo: 46 bytes from 44.241.174.93: icmp_seq=1318 ttl=28 time=104 ms
08-10 15:11:21.684 31416 31507 D cellinfo: 46 bytes from 44.241.174.93: icmp_seq=1319 ttl=28 time=102 ms
08-10 15:11:21.924 31416 31507 D cellinfo: 46 bytes from 44.241.174.93: icmp_seq=1320 ttl=28 time=141 ms
08-10 15:11:22.085 31416 31507 D cellinfo: 46 bytes from 44.241.174.93: icmp_seq=1321 ttl=28 time=100 ms
08-10 15:11:22.178 31416 31416 D cellinfo: onsignalStrengthsChanged: LTE Signal Strength info: rsrp: -92 rsrq: -14 rssi: -61 rssnr: 5
08-10 15:11:22.284 31416 31507 D cellinfo: 46 bytes from 44.241.174.93: icmp_seq=1322 ttl=28 time=100 ms
08-10 15:11:22.488 31416 31507 D cellinfo: 46 bytes from 44.241.174.93: icmp_seq=1323 ttl=28 time=103 ms
08-10 15:11:22.687 31416 31507 D cellinfo: 46 bytes from 44.241.174.93: icmp_seq=1324 ttl=28 time=102 ms
08-10 15:11:22.770 31416 31416 D cellinfo: Latitude is 40.7140861
08-10 15:11:22.770 31416 31416 D cellinfo: Longitude is -111.8262581
08-10 15:11:22.770 31416 31416 D cellinfo: Instantaneous GPS information: United States, 2675 Berkeley Cir, Salt Lake City, UT 84109, USA
08-10 15:11:22.770 31416 31416 D cellinfo: getCurrentLocation() result: Location (success): 40.7140861, -111.8262581
08-10 15:11:22.821 31416 31416 D cellinfo: onCellInfoChanged: Operator: AT&T...1 UpdateTimestamp: 170555558 CellConnectionStatus: 0
08-10 15:11:22.821 31416 31416 D cellinfo: onCellInfoChanged: LTE Cell Bands: [2] Bandwidth: 2147483647 Cell ID: 115479050 Physical Cell ID: 398 Tracking Area Code: 39173 EARFCN: 1100
08-10 15:11:22.884 31416 31507 D cellinfo: 46 bytes from 44.241.174.93: icmp_seq=1325 ttl=28 time=99.1 ms
08-10 15:11:23.084 31416 31507 D cellinfo: 46 bytes from 44.241.174.93: icmp_seq=1326 ttl=28 time=98.3 ms
08-10 15:11:23.288 31416 31507 D cellinfo: 46 bytes from 44.241.174.93: icmp_seq=1327 ttl=28 time=101 ms
08-10 15:11:23.485 31416 31507 D cellinfo: 46 bytes from 44.241.174.93: icmp_seq=1328 ttl=28 time=97.4 ms
08-10 15:11:23.686 31416 31507 D cellinfo: 46 bytes from 44.241.174.93: icmp_seq=1329 ttl=28 time=98.0 ms
08-10 15:11:23.886 31416 31507 D cellinfo: 46 bytes from 44.241.174.93: icmp_seq=1330 ttl=28 time=97.9 ms
08-10 15:11:24.084 31416 31507 D cellinfo: 46 bytes from 44.241.174.93: icmp_seq=1331 ttl=28 time=95.3 ms
08-10 15:11:24.107 31416 31416 D cellinfo: onsignalStrengthsChanged: LTE Signal Strength info: rsrp: -91 rsrq: -14 rssi: -53 rssnr: 6
08-10 15:11:24.290 31416 31507 D cellinfo: 46 bytes from 44.241.174.93: icmp_seq=1332 ttl=28 time=101 ms
08-10 15:11:24.483 31416 31507 D cellinfo: 46 bytes from 44.241.174.93: icmp_seq=1333 ttl=28 time=94.6 ms
08-10 15:11:24.724 31416 31507 D cellinfo: 46 bytes from 44.241.174.93: icmp_seq=1334 ttl=28 time=133 ms
08-10 15:11:24.884 31416 31507 D cellinfo: 46 bytes from 44.241.174.93: icmp_seq=1335 ttl=28 time=93.0 ms
08-10 15:11:25.084 31416 31507 D cellinfo: 46 bytes from 44.241.174.93: icmp_seq=1336 ttl=28 time=92.1 ms
08-10 15:11:25.284 31416 31507 D cellinfo: 46 bytes from 44.241.174.93: icmp_seq=1337 ttl=28 time=91.4 ms
08-10 15:11:25.485 31416 31507 D cellinfo: 46 bytes from 44.241.174.93: icmp_seq=1338 ttl=28 time=89.1 ms
08-10 15:11:25.725 31416 31507 D cellinfo: 46 bytes from 44.241.174.93: icmp_seq=1339 ttl=28 time=128 ms
08-10 15:11:25.823 31416 31416 D cellinfo: onCellInfoChanged: Operator: AT&T...1 UpdateTimestamp: 170558558 CellConnectionStatus: 0
08-10 15:11:25.823 31416 31416 D cellinfo: onCellInfoChanged: LTE Cell Bands: [2] Bandwidth: 2147483647 Cell ID: 115479050 Physical Cell ID: 398 Tracking Area Code: 39173 EARFCN: 1100
08-10 15:11:25.884 31416 31507 D cellinfo: 46 bytes from 44.241.174.93: icmp_seq=1340 ttl=28 time=88.7 ms
08-10 15:11:26.083 31416 31507 D cellinfo: 46 bytes from 44.241.174.93: icmp_seq=1341 ttl=28 time=87.0 ms
08-10 15:11:26.284 31416 31507 D cellinfo: 46 bytes from 44.241.174.93: icmp_seq=1342 ttl=28 time=87.5 ms
08-10 15:11:26.484 31416 31507 D cellinfo: 46 bytes from 44.241.174.93: icmp_seq=1343 ttl=28 time=86.9 ms
08-10 15:11:26.661 31416 31416 D cellinfo: onsignalStrengthsChanged: LTE Signal Strength info: rsrp: -90 rsrq: -14 rssi: -55 rssnr: 6
08-10 15:11:26.725 31416 31507 D cellinfo: 46 bytes from 44.241.174.93: icmp_seq=1344 ttl=28 time=125 ms
08-10 15:11:26.926 31416 31507 D cellinfo: 46 bytes from 44.241.174.93: icmp_seq=1345 ttl=28 time=125 ms
08-10 15:11:27.125 31416 31507 D cellinfo: 46 bytes from 44.241.174.93: icmp_seq=1346 ttl=28 time=123 ms
08-10 15:11:27.325 31416 31507 D cellinfo: 46 bytes from 44.241.174.93: icmp_seq=1347 ttl=28 time=124 ms
08-10 15:11:27.525 31416 31507 D cellinfo: 46 bytes from 44.241.174.93: icmp_seq=1348 ttl=28 time=124 ms
08-10 15:11:27.725 31416 31507 D cellinfo: 46 bytes from 44.241.174.93: icmp_seq=1349 ttl=28 time=123 ms
08-10 15:11:27.921 31416 31507 D cellinfo: 46 bytes from 44.241.174.93: icmp_seq=1350 ttl=28 time=120 ms
08-10 15:11:28.125 31416 31507 D cellinfo: 46 bytes from 44.241.174.93: icmp_seq=1351 ttl=28 time=122 ms
08-10 15:11:28.302 31416 31507 D cellinfo: 46 bytes from 44.241.174.93: icmp_seq=1352 ttl=28 time=96.9 ms
08-10 15:11:28.503 31416 31507 D cellinfo: 46 bytes from 44.241.174.93: icmp_seq=1353 ttl=28 time=96.6 ms
08-10 15:11:28.702 31416 31507 D cellinfo: 46 bytes from 44.241.174.93: icmp_seq=1354 ttl=28 time=94.6 ms
08-10 15:11:28.824 31416 31416 D cellinfo: Latitude is 40.7132036
08-10 15:11:28.824 31416 31416 D cellinfo: Longitude is -111.8229695
08-10 15:11:28.824 31416 31416 D cellinfo: Instantaneous GPS information: United States, Dwight D. Eisenhower Hwy, Salt Lake City, UT 84109, USA
08-10 15:11:28.824 31416 31416 D cellinfo: getCurrentLocation() result: Location (success): 40.7132036, -111.8229695
08-10 15:11:28.840 31416 31416 D cellinfo: onCellInfoChanged: Operator: AT&T...1 UpdateTimestamp: 170561566 CellConnectionStatus: 0
08-10 15:11:28.840 31416 31416 D cellinfo: onCellInfoChanged: LTE Cell Bands: [2] Bandwidth: 2147483647 Cell ID: 115479050 Physical Cell ID: 398 Tracking Area Code: 39173 EARFCN: 1100
08-10 15:11:28.844 31416 31416 D cellinfo: Latitude is 40.7132036
08-10 15:11:28.844 31416 31416 D cellinfo: Longitude is -111.8229695
08-10 15:11:28.845 31416 31416 D cellinfo: Instantaneous GPS information: United States, Dwight D. Eisenhower Hwy, Salt Lake City, UT 84109, USA
08-10 15:11:28.845 31416 31416 D cellinfo: getCurrentLocation() result: Location (success): 40.7132036, -111.8229695
08-10 15:11:28.900 31416 31507 D cellinfo: 46 bytes from 44.241.174.93: icmp_seq=1355 ttl=28 time=91.7 ms
08-10 15:11:29.125 31416 31507 D cellinfo: 46 bytes from 44.241.174.93: icmp_seq=1356 ttl=28 time=115 ms
08-10 15:11:29.301 31416 31507 D cellinfo: 46 bytes from 44.241.174.93: icmp_seq=1357 ttl=28 time=90.2 ms
08-10 15:11:29.525 31416 31507 D cellinfo: 46 bytes from 44.241.174.93: icmp_seq=1358 ttl=28 time=113 ms
08-10 15:11:29.700 31416 31507 D cellinfo: 46 bytes from 44.241.174.93: icmp_seq=1359 ttl=28 time=88.4 ms
08-10 15:11:29.901 31416 31507 D cellinfo: 46 bytes from 44.241.174.93: icmp_seq=1360 ttl=28 time=88.5 ms
08-10 15:11:30.103 31416 31507 D cellinfo: 46 bytes from 44.241.174.93: icmp_seq=1361 ttl=28 time=88.8 ms
08-10 15:11:30.322 31416 31507 D cellinfo: 46 bytes from 44.241.174.93: icmp_seq=1362 ttl=28 time=107 ms
08-10 15:11:30.524 31416 31507 D cellinfo: 46 bytes from 44.241.174.93: icmp_seq=1363 ttl=28 time=110 ms
08-10 15:11:30.724 31416 31507 D cellinfo: 46 bytes from 44.241.174.93: icmp_seq=1364 ttl=28 time=110 ms
08-10 15:11:30.926 31416 31507 D cellinfo: 46 bytes from 44.241.174.93: icmp_seq=1365 ttl=28 time=111 ms
08-10 15:11:31.132 31416 31507 D cellinfo: 46 bytes from 44.241.174.93: icmp_seq=1366 ttl=28 time=116 ms
08-10 15:11:31.324 31416 31507 D cellinfo: 46 bytes from 44.241.174.93: icmp_seq=1367 ttl=28 time=108 ms
08-10 15:11:31.524 31416 31507 D cellinfo: 46 bytes from 44.241.174.93: icmp_seq=1368 ttl=28 time=107 ms
08-10 15:11:31.725 31416 31507 D cellinfo: 46 bytes from 44.241.174.93: icmp_seq=1369 ttl=28 time=107 ms
08-10 15:11:31.781 31416 31416 D cellinfo: Latitude is 40.7132036
08-10 15:11:31.781 31416 31416 D cellinfo: Longitude is -111.8229695
08-10 15:11:31.782 31416 31416 D cellinfo: Instantaneous GPS information: United States, Dwight D. Eisenhower Hwy, Salt Lake City, UT 84109, USA
08-10 15:11:31.782 31416 31416 D cellinfo: getCurrentLocation() result: Location (success): 40.7132036, -111.8229695
08-10 15:11:31.844 31416 31416 D cellinfo: onCellInfoChanged: Operator: AT&T...1 UpdateTimestamp: 170564579 CellConnectionStatus: 0
08-10 15:11:31.844 31416 31416 D cellinfo: onCellInfoChanged: LTE Cell Bands: [2] Bandwidth: 2147483647 Cell ID: 115479050 Physical Cell ID: 398 Tracking Area Code: 39173 EARFCN: 1100
08-10 15:11:31.925 31416 31507 D cellinfo: 46 bytes from 44.241.174.93: icmp_seq=1370 ttl=28 time=106 ms
08-10 15:11:32.122 31416 31507 D cellinfo: 46 bytes from 44.241.174.93: icmp_seq=1371 ttl=28 time=102 ms
08-10 15:11:32.325 31416 31507 D cellinfo: 46 bytes from 44.241.174.93: icmp_seq=1372 ttl=28 time=103 ms
08-10 15:11:32.524 31416 31507 D cellinfo: 46 bytes from 44.241.174.93: icmp_seq=1373 ttl=28 time=101 ms
08-10 15:11:32.724 31416 31507 D cellinfo: 46 bytes from 44.241.174.93: icmp_seq=1374 ttl=28 time=101 ms
08-10 15:11:32.925 31416 31507 D cellinfo: 46 bytes from 44.241.174.93: icmp_seq=1375 ttl=28 time=101 ms
08-10 15:11:33.116 31416 31416 D cellinfo: onsignalStrengthsChanged: LTE Signal Strength info: rsrp: -88 rsrq: -14 rssi: -57 rssnr: 5
08-10 15:11:33.124 31416 31507 D cellinfo: 46 bytes from 44.241.174.93: icmp_seq=1376 ttl=28 time=100 ms
08-10 15:11:33.322 31416 31507 D cellinfo: 46 bytes from 44.241.174.93: icmp_seq=1377 ttl=28 time=96.4 ms
08-10 15:11:33.526 31416 31507 D cellinfo: 46 bytes from 44.241.174.93: icmp_seq=1378 ttl=28 time=99.8 ms
08-10 15:11:33.724 31416 31507 D cellinfo: 46 bytes from 44.241.174.93: icmp_seq=1379 ttl=28 time=97.5 ms
08-10 15:11:33.924 31416 31507 D cellinfo: 46 bytes from 44.241.174.93: icmp_seq=1380 ttl=28 time=96.3 ms
08-10 15:11:34.124 31416 31507 D cellinfo: 46 bytes from 44.241.174.93: icmp_seq=1381 ttl=28 time=95.2 ms
08-10 15:11:34.324 31416 31507 D cellinfo: 46 bytes from 44.241.174.93: icmp_seq=1382 ttl=28 time=94.2 ms
08-10 15:11:34.525 31416 31507 D cellinfo: 46 bytes from 44.241.174.93: icmp_seq=1383 ttl=28 time=94.3 ms
08-10 15:11:34.724 31416 31507 D cellinfo: 46 bytes from 44.241.174.93: icmp_seq=1384 ttl=28 time=92.6 ms
08-10 15:11:34.790 31416 31416 D cellinfo: Latitude is 40.7132036
08-10 15:11:34.790 31416 31416 D cellinfo: Longitude is -111.8229695
08-10 15:11:34.790 31416 31416 D cellinfo: Instantaneous GPS information: United States, Dwight D. Eisenhower Hwy, Salt Lake City, UT 84109, USA
08-10 15:11:34.790 31416 31416 D cellinfo: getCurrentLocation() result: Location (success): 40.7132036, -111.8229695
08-10 15:11:34.826 31416 31416 D cellinfo: onCellInfoChanged: Operator: AT&T...1 UpdateTimestamp: 170567563 CellConnectionStatus: 0
08-10 15:11:34.826 31416 31416 D cellinfo: onCellInfoChanged: LTE Cell Bands: [2] Bandwidth: 2147483647 Cell ID: 115479050 Physical Cell ID: 398 Tracking Area Code: 39173 EARFCN: 1100
08-10 15:11:34.924 31416 31507 D cellinfo: 46 bytes from 44.241.174.93: icmp_seq=1385 ttl=28 time=90.9 ms
08-10 15:11:35.125 31416 31507 D cellinfo: 46 bytes from 44.241.174.93: icmp_seq=1386 ttl=28 time=89.9 ms
08-10 15:11:35.366 31416 31507 D cellinfo: 46 bytes from 44.241.174.93: icmp_seq=1387 ttl=28 time=128 ms
08-10 15:11:35.536 31416 31507 D cellinfo: 46 bytes from 44.241.174.93: icmp_seq=1388 ttl=28 time=97.7 ms
08-10 15:11:35.884 31416 31507 D cellinfo: 46 bytes from 44.241.174.93: icmp_seq=1389 ttl=28 time=244 ms
08-10 15:11:35.958 31416 31507 D cellinfo: 46 bytes from 44.241.174.93: icmp_seq=1390 ttl=28 time=118 ms
08-10 15:11:36.127 31416 31507 D cellinfo: 46 bytes from 44.241.174.93: icmp_seq=1391 ttl=28 time=87.9 ms
08-10 15:11:36.170 31416 31416 D cellinfo: onsignalStrengthsChanged: LTE Signal Strength info: rsrp: -89 rsrq: -15 rssi: -55 rssnr: 1
08-10 15:11:36.200 31416 31416 D cellinfo: onCellInfoChanged: Operator: AT&T...1 UpdateTimestamp: 170568935 CellConnectionStatus: 0
08-10 15:11:36.200 31416 31416 D cellinfo: onCellInfoChanged: LTE Cell Bands: [2] Bandwidth: 2147483647 Cell ID: 115456777 Physical Cell ID: 333 Tracking Area Code: 39179 EARFCN: 1100
08-10 15:11:36.229 31416 31416 D cellinfo: onServiceStateChanged: Channel Number: 1100 Cell Bandwidths: []
08-10 15:11:36.241 31416 31416 D cellinfo: onDisplayInfoChanged: NetworkType: LTE OverrideNetworkType: 5G (Sub-6 GHz)
08-10 15:11:36.337 31416 31507 D cellinfo: 46 bytes from 44.241.174.93: icmp_seq=1392 ttl=28 time=97.3 ms
08-10 15:11:36.536 31416 31507 D cellinfo: 46 bytes from 44.241.174.93: icmp_seq=1393 ttl=28 time=95.1 ms
08-10 15:11:36.768 31416 31507 D cellinfo: 46 bytes from 44.241.174.93: icmp_seq=1394 ttl=28 time=125 ms
08-10 15:11:36.968 31416 31507 D cellinfo: 46 bytes from 44.241.174.93: icmp_seq=1395 ttl=28 time=125 ms
08-10 15:11:37.168 31416 31507 D cellinfo: 46 bytes from 44.241.174.93: icmp_seq=1396 ttl=28 time=124 ms
08-10 15:11:37.368 31416 31507 D cellinfo: 46 bytes from 44.241.174.93: icmp_seq=1397 ttl=28 time=123 ms
08-10 15:11:37.568 31416 31507 D cellinfo: 46 bytes from 44.241.174.93: icmp_seq=1398 ttl=28 time=122 ms
08-10 15:11:37.769 31416 31507 D cellinfo: 46 bytes from 44.241.174.93: icmp_seq=1399 ttl=28 time=121 ms
08-10 15:11:37.790 31416 31416 D cellinfo: Latitude is 40.7132036
08-10 15:11:37.791 31416 31416 D cellinfo: Longitude is -111.8229695
08-10 15:11:37.791 31416 31416 D cellinfo: Instantaneous GPS information: United States, Dwight D. Eisenhower Hwy, Salt Lake City, UT 84109, USA
08-10 15:11:37.791 31416 31416 D cellinfo: getCurrentLocation() result: Location (success): 40.7132036, -111.8229695
08-10 15:11:37.836 31416 31416 D cellinfo: onCellInfoChanged: Operator: AT&T...1 UpdateTimestamp: 170570572 CellConnectionStatus: 0
08-10 15:11:37.836 31416 31416 D cellinfo: onCellInfoChanged: LTE Cell Bands: [2] Bandwidth: 2147483647 Cell ID: 115456777 Physical Cell ID: 333 Tracking Area Code: 39179 EARFCN: 1100
08-10 15:11:37.969 31416 31507 D cellinfo: 46 bytes from 44.241.174.93: icmp_seq=1400 ttl=28 time=120 ms
08-10 15:11:38.207 31416 31507 D cellinfo: 46 bytes from 44.241.174.93: icmp_seq=1401 ttl=28 time=158 ms
08-10 15:11:38.367 31416 31507 D cellinfo: 46 bytes from 44.241.174.93: icmp_seq=1402 ttl=28 time=117 ms
08-10 15:11:38.537 31416 31507 D cellinfo: 46 bytes from 44.241.174.93: icmp_seq=1403 ttl=28 time=86.0 ms
08-10 15:11:38.848 31416 31507 D cellinfo: 46 bytes from 44.241.174.93: icmp_seq=1404 ttl=28 time=194 ms
08-10 15:11:38.967 31416 31507 D cellinfo: 46 bytes from 44.241.174.93: icmp_seq=1405 ttl=28 time=114 ms
08-10 15:11:39.118 31416 31416 D cellinfo: onsignalStrengthsChanged: LTE Signal Strength info: rsrp: -92 rsrq: -16 rssi: -63 rssnr: -1
08-10 15:11:39.167 31416 31507 D cellinfo: 46 bytes from 44.241.174.93: icmp_seq=1406 ttl=28 time=114 ms
08-10 15:11:39.377 31416 31507 D cellinfo: 46 bytes from 44.241.174.93: icmp_seq=1407 ttl=28 time=122 ms
08-10 15:11:39.548 31416 31507 D cellinfo: 46 bytes from 44.241.174.93: icmp_seq=1408 ttl=28 time=92.0 ms
08-10 15:11:39.769 31416 31507 D cellinfo: 46 bytes from 44.241.174.93: icmp_seq=1409 ttl=28 time=113 ms
08-10 15:11:39.968 31416 31507 D cellinfo: 46 bytes from 44.241.174.93: icmp_seq=1410 ttl=28 time=111 ms
