08-10 15:02:21.588 24460 25662 D cellinfo: 46 bytes from 44.241.174.93: icmp_seq=276 ttl=28 time=117 ms
08-10 15:02:21.696 24460 24460 D cellinfo: Latitude is 40.7128784
08-10 15:02:21.696 24460 24460 D cellinfo: Longitude is -111.8708115
08-10 15:02:21.697 24460 24460 D cellinfo: Instantaneous GPS information: United States, 2685 UT-71, Salt Lake City, UT 84106, USA
08-10 15:02:21.697 24460 24460 D cellinfo: getCurrentLocation() result: Location (success): 40.7128784, -111.8708115
08-10 15:02:21.744 24460 24460 D cellinfo: onCellInfoChanged: Operator: AT&T...1 UpdateTimestamp: 170014479 CellConnectionStatus: 0
08-10 15:02:21.744 24460 24460 D cellinfo: onCellInfoChanged: LTE Cell Bands: [2] Bandwidth: 2147483647 Cell ID: 115460360 Physical Cell ID: 417 Tracking Area Code: 39173 EARFCN: 1100
08-10 15:02:21.826 24460 25662 D cellinfo: 46 bytes from 44.241.174.93: icmp_seq=277 ttl=28 time=156 ms
08-10 15:02:21.962 24460 25662 D cellinfo: 46 bytes from 44.241.174.93: icmp_seq=278 ttl=28 time=91.6 ms
08-10 15:02:22.186 24460 25662 D cellinfo: 46 bytes from 44.241.174.93: icmp_seq=279 ttl=28 time=115 ms
08-10 15:02:22.372 24460 24460 D cellinfo: onsignalStrengthsChanged: LTE Signal Strength info: rsrp: -101 rsrq: -12 rssi: -71 rssnr: 5
08-10 15:02:22.426 24460 25662 D cellinfo: 46 bytes from 44.241.174.93: icmp_seq=280 ttl=28 time=154 ms
08-10 15:02:22.587 24460 25662 D cellinfo: 46 bytes from 44.241.174.93: icmp_seq=281 ttl=28 time=112 ms
08-10 15:02:22.787 24460 25662 D cellinfo: 46 bytes from 44.241.174.93: icmp_seq=282 ttl=28 time=111 ms
08-10 15:02:23.025 24460 25662 D cellinfo: 46 bytes from 44.241.174.93: icmp_seq=283 ttl=28 time=150 ms
08-10 15:02:23.187 24460 25662 D cellinfo: 46 bytes from 44.241.174.93: icmp_seq=284 ttl=28 time=110 ms
08-10 15:02:23.387 24460 25662 D cellinfo: 46 bytes from 44.241.174.93: icmp_seq=285 ttl=28 time=109 ms
08-10 15:02:23.587 24460 25662 D cellinfo: 46 bytes from 44.241.174.93: icmp_seq=286 ttl=28 time=108 ms
08-10 15:02:23.787 24460 25662 D cellinfo: 46 bytes from 44.241.174.93: icmp_seq=287 ttl=28 time=107 ms
08-10 15:02:23.986 24460 25662 D cellinfo: 46 bytes from 44.241.174.93: icmp_seq=288 ttl=28 time=106 ms
08-10 15:02:24.172 24460 25662 D cellinfo: 46 bytes from 44.241.174.93: icmp_seq=289 ttl=28 time=93.2 ms
08-10 15:02:24.219 24460 24460 D cellinfo: onsignalStrengthsChanged: LTE Signal Strength info: rsrp: -101 rsrq: -12 rssi: -69 rssnr: 5
08-10 15:02:24.372 24460 25662 D cellinfo: 46 bytes from 44.241.174.93: icmp_seq=290 ttl=28 time=91.6 ms
08-10 15:02:24.571 24460 25662 D cellinfo: 46 bytes from 44.241.174.93: icmp_seq=291 ttl=28 time=91.4 ms
08-10 15:02:24.617 24460 24460 D cellinfo: onsignalStrengthsChanged: LTE Signal Strength info: rsrp: -101 rsrq: -12 rssi: -71 rssnr: 6
08-10 15:02:24.734 24460 24460 D cellinfo: onCellInfoChanged: Operator: AT&T...1 UpdateTimestamp: 170017471 CellConnectionStatus: 0
08-10 15:02:24.734 24460 24460 D cellinfo: onCellInfoChanged: LTE Cell Bands: [2] Bandwidth: 2147483647 Cell ID: 115460360 Physical Cell ID: 417 Tracking Area Code: 39173 EARFCN: 1100
08-10 15:02:24.787 24460 25662 D cellinfo: 46 bytes from 44.241.174.93: icmp_seq=292 ttl=28 time=106 ms
08-10 15:02:24.962 24460 25662 D cellinfo: 46 bytes from 44.241.174.93: icmp_seq=293 ttl=28 time=80.6 ms
08-10 15:02:25.186 24460 25662 D cellinfo: 46 bytes from 44.241.174.93: icmp_seq=294 ttl=28 time=102 ms
08-10 15:02:25.372 24460 25662 D cellinfo: 46 bytes from 44.241.174.93: icmp_seq=295 ttl=28 time=88.5 ms
08-10 15:02:25.666 24460 25662 D cellinfo: 46 bytes from 44.241.174.93: icmp_seq=296 ttl=28 time=180 ms
08-10 15:02:25.787 24460 25662 D cellinfo: 46 bytes from 44.241.174.93: icmp_seq=297 ttl=28 time=101 ms
08-10 15:02:25.971 24460 25662 D cellinfo: 46 bytes from 44.241.174.93: icmp_seq=298 ttl=28 time=84.4 ms
08-10 15:02:26.171 24460 25662 D cellinfo: 46 bytes from 44.241.174.93: icmp_seq=299 ttl=28 time=83.5 ms
08-10 15:02:26.383 24460 25662 D cellinfo: 46 bytes from 44.241.174.93: icmp_seq=300 ttl=28 time=92.2 ms
08-10 15:02:26.582 24460 25662 D cellinfo: 46 bytes from 44.241.174.93: icmp_seq=301 ttl=28 time=90.3 ms
08-10 15:02:26.668 24460 24460 D cellinfo: Latitude is 40.7128083
08-10 15:02:26.669 24460 24460 D cellinfo: Longitude is -111.8707011
08-10 15:02:26.669 24460 24460 D cellinfo: Instantaneous GPS information: United States, 2685 700 E, Salt Lake City, UT 84106, USA
08-10 15:02:26.669 24460 24460 D cellinfo: getCurrentLocation() result: Location (success): 40.7128083, -111.8707011
08-10 15:02:26.786 24460 25662 D cellinfo: 46 bytes from 44.241.174.93: icmp_seq=302 ttl=28 time=94.2 ms
08-10 15:02:26.855 24460 24460 D cellinfo: onsignalStrengthsChanged: LTE Signal Strength info: rsrp: -101 rsrq: -12 rssi: -69 rssnr: 5
08-10 15:02:26.990 24460 25662 D cellinfo: 46 bytes from 44.241.174.93: icmp_seq=303 ttl=28 time=98.5 ms
08-10 15:02:27.186 24460 25662 D cellinfo: 46 bytes from 44.241.174.93: icmp_seq=304 ttl=28 time=93.5 ms
08-10 15:02:27.387 24460 25662 D cellinfo: 46 bytes from 44.241.174.93: icmp_seq=305 ttl=28 time=94.2 ms
08-10 15:02:27.583 24460 25662 D cellinfo: 46 bytes from 44.241.174.93: icmp_seq=306 ttl=28 time=89.4 ms
08-10 15:02:27.705 24460 24460 D cellinfo: Latitude is 40.7128083
08-10 15:02:27.705 24460 24460 D cellinfo: Longitude is -111.8707011
08-10 15:02:27.705 24460 24460 D cellinfo: Instantaneous GPS information: United States, 2685 700 E, Salt Lake City, UT 84106, USA
08-10 15:02:27.705 24460 24460 D cellinfo: getCurrentLocation() result: Location (success): 40.7128083, -111.8707011
08-10 15:02:27.779 24460 24460 D cellinfo: onCellInfoChanged: Operator: AT&T...1 UpdateTimestamp: 170020515 CellConnectionStatus: 0
08-10 15:02:27.779 24460 24460 D cellinfo: onCellInfoChanged: LTE Cell Bands: [2] Bandwidth: 2147483647 Cell ID: 115460360 Physical Cell ID: 417 Tracking Area Code: 39173 EARFCN: 1100
08-10 15:02:27.783 24460 25662 D cellinfo: 46 bytes from 44.241.174.93: icmp_seq=307 ttl=28 time=89.0 ms
08-10 15:02:28.005 24460 25662 D cellinfo: 46 bytes from 44.241.174.93: icmp_seq=308 ttl=28 time=109 ms
08-10 15:02:28.187 24460 25662 D cellinfo: 46 bytes from 44.241.174.93: icmp_seq=309 ttl=28 time=93.1 ms
08-10 15:02:28.387 24460 25662 D cellinfo: 46 bytes from 44.241.174.93: icmp_seq=310 ttl=28 time=88.5 ms
08-10 15:02:28.584 24460 25662 D cellinfo: 46 bytes from 44.241.174.93: icmp_seq=311 ttl=28 time=85.2 ms
08-10 15:02:28.803 24460 25662 D cellinfo: 46 bytes from 44.241.174.93: icmp_seq=312 ttl=28 time=102 ms
08-10 15:02:29.002 24460 25662 D cellinfo: 46 bytes from 44.241.174.93: icmp_seq=313 ttl=28 time=100 ms
08-10 15:02:29.201 24460 25662 D cellinfo: 46 bytes from 44.241.174.93: icmp_seq=314 ttl=28 time=97.1 ms
08-10 15:02:29.391 24460 25662 D cellinfo: 46 bytes from 44.241.174.93: icmp_seq=315 ttl=28 time=88.4 ms
08-10 15:02:29.591 24460 25662 D cellinfo: 46 bytes from 44.241.174.93: icmp_seq=316 ttl=28 time=87.2 ms
08-10 15:02:30.123 24460 25662 D cellinfo: 46 bytes from 44.241.174.93: icmp_seq=317 ttl=28 time=418 ms
08-10 15:02:30.123 24460 25662 D cellinfo: 46 bytes from 44.241.174.93: icmp_seq=318 ttl=28 time=211 ms
08-10 15:02:30.177 24460 24460 D cellinfo: onsignalStrengthsChanged: LTE Signal Strength info: rsrp: -101 rsrq: -11 rssi: -69 rssnr: 6
08-10 15:02:30.198 24460 25662 D cellinfo: 46 bytes from 44.241.174.93: icmp_seq=319 ttl=28 time=85.1 ms
08-10 15:02:30.405 24460 25662 D cellinfo: 46 bytes from 44.241.174.93: icmp_seq=320 ttl=28 time=91.6 ms
08-10 15:02:30.609 24460 25662 D cellinfo: 46 bytes from 44.241.174.93: icmp_seq=321 ttl=28 time=94.5 ms
08-10 15:02:30.699 24460 24460 D cellinfo: Latitude is 40.7128083
08-10 15:02:30.699 24460 24460 D cellinfo: Longitude is -111.8707011
08-10 15:02:30.699 24460 24460 D cellinfo: Instantaneous GPS information: United States, 2685 700 E, Salt Lake City, UT 84106, USA
08-10 15:02:30.699 24460 24460 D cellinfo: getCurrentLocation() result: Location (success): 40.7128083, -111.8707011
08-10 15:02:30.733 24460 24460 D cellinfo: onCellInfoChanged: Operator: AT&T...1 UpdateTimestamp: 170023469 CellConnectionStatus: 0
08-10 15:02:30.733 24460 24460 D cellinfo: onCellInfoChanged: LTE Cell Bands: [2] Bandwidth: 2147483647 Cell ID: 115460360 Physical Cell ID: 417 Tracking Area Code: 39173 EARFCN: 1100
08-10 15:02:30.802 24460 25662 D cellinfo: 46 bytes from 44.241.174.93: icmp_seq=322 ttl=28 time=85.5 ms
08-10 15:02:31.010 24460 25662 D cellinfo: 46 bytes from 44.241.174.93: icmp_seq=323 ttl=28 time=92.5 ms
08-10 15:02:31.205 24460 25662 D cellinfo: 46 bytes from 44.241.174.93: icmp_seq=324 ttl=28 time=84.8 ms
08-10 15:02:31.402 24460 25662 D cellinfo: 46 bytes from 44.241.174.93: icmp_seq=325 ttl=28 time=84.1 ms
08-10 15:02:31.601 24460 25662 D cellinfo: 46 bytes from 44.241.174.93: icmp_seq=326 ttl=28 time=83.1 ms
08-10 15:02:31.811 24460 25662 D cellinfo: 46 bytes from 44.241.174.93: icmp_seq=327 ttl=28 time=91.9 ms
08-10 15:02:32.022 24460 25662 D cellinfo: 46 bytes from 44.241.174.93: icmp_seq=328 ttl=28 time=102 ms
08-10 15:02:32.265 24460 25662 D cellinfo: 46 bytes from 44.241.174.93: icmp_seq=329 ttl=28 time=145 ms
08-10 15:02:32.425 24460 25662 D cellinfo: 46 bytes from 44.241.174.93: icmp_seq=330 ttl=28 time=104 ms
08-10 15:02:32.625 24460 25662 D cellinfo: 46 bytes from 44.241.174.93: icmp_seq=331 ttl=28 time=103 ms
08-10 15:02:32.826 24460 25662 D cellinfo: 46 bytes from 44.241.174.93: icmp_seq=332 ttl=28 time=102 ms
08-10 15:02:33.065 24460 25662 D cellinfo: 46 bytes from 44.241.174.93: icmp_seq=333 ttl=28 time=142 ms
08-10 15:02:33.179 24460 24460 D cellinfo: onsignalStrengthsChanged: LTE Signal Strength info: rsrp: -101 rsrq: -11 rssi: -71 rssnr: 6
08-10 15:02:33.265 24460 25662 D cellinfo: 46 bytes from 44.241.174.93: icmp_seq=334 ttl=28 time=142 ms
08-10 15:02:33.426 24460 25662 D cellinfo: 46 bytes from 44.241.174.93: icmp_seq=335 ttl=28 time=102 ms
08-10 15:02:33.574 24460 24460 D cellinfo: onsignalStrengthsChanged: LTE Signal Strength info: rsrp: -101 rsrq: -11 rssi: -73 rssnr: 7
08-10 15:02:33.625 24460 25662 D cellinfo: 46 bytes from 44.241.174.93: icmp_seq=336 ttl=28 time=100 ms
08-10 15:02:33.704 24460 24460 D cellinfo: Latitude is 40.7128083
08-10 15:02:33.704 24460 24460 D cellinfo: Longitude is -111.8707011
08-10 15:02:33.704 24460 24460 D cellinfo: Instantaneous GPS information: United States, 2685 700 E, Salt Lake City, UT 84106, USA
08-10 15:02:33.704 24460 24460 D cellinfo: getCurrentLocation() result: Location (success): 40.7128083, -111.8707011
08-10 15:02:33.744 24460 24460 D cellinfo: onCellInfoChanged: Operator: AT&T...1 UpdateTimestamp: 170026482 CellConnectionStatus: 0
08-10 15:02:33.744 24460 24460 D cellinfo: onCellInfoChanged: LTE Cell Bands: [2] Bandwidth: 2147483647 Cell ID: 115460360 Physical Cell ID: 417 Tracking Area Code: 39173 EARFCN: 1100
08-10 15:02:33.875 24460 25662 D cellinfo: 46 bytes from 44.241.174.93: icmp_seq=337 ttl=28 time=147 ms
08-10 15:02:34.024 24460 25662 D cellinfo: 46 bytes from 44.241.174.93: icmp_seq=338 ttl=28 time=97.6 ms
08-10 15:02:34.211 24460 25662 D cellinfo: 46 bytes from 44.241.174.93: icmp_seq=339 ttl=28 time=85.0 ms
08-10 15:02:34.410 24460 25662 D cellinfo: 46 bytes from 44.241.174.93: icmp_seq=340 ttl=28 time=83.6 ms
08-10 15:02:34.611 24460 25662 D cellinfo: 46 bytes from 44.241.174.93: icmp_seq=341 ttl=28 time=83.3 ms
08-10 15:02:34.811 24460 25662 D cellinfo: 46 bytes from 44.241.174.93: icmp_seq=342 ttl=28 time=82.7 ms
08-10 15:02:35.025 24460 25662 D cellinfo: 46 bytes from 44.241.174.93: icmp_seq=343 ttl=28 time=95.6 ms
08-10 15:02:35.221 24460 25662 D cellinfo: 46 bytes from 44.241.174.93: icmp_seq=344 ttl=28 time=91.4 ms
08-10 15:02:35.428 24460 25662 D cellinfo: 46 bytes from 44.241.174.93: icmp_seq=345 ttl=28 time=96.4 ms
08-10 15:02:35.620 24460 25662 D cellinfo: 46 bytes from 44.241.174.93: icmp_seq=346 ttl=28 time=87.5 ms
08-10 15:02:35.829 24460 25662 D cellinfo: 46 bytes from 44.241.174.93: icmp_seq=347 ttl=28 time=95.6 ms
08-10 15:02:36.029 24460 25662 D cellinfo: 46 bytes from 44.241.174.93: icmp_seq=348 ttl=28 time=94.5 ms
08-10 15:02:36.221 24460 25662 D cellinfo: 46 bytes from 44.241.174.93: icmp_seq=349 ttl=28 time=86.5 ms
08-10 15:02:36.466 24460 25662 D cellinfo: 46 bytes from 44.241.174.93: icmp_seq=350 ttl=28 time=130 ms
08-10 15:02:36.628 24460 25662 D cellinfo: 46 bytes from 44.241.174.93: icmp_seq=351 ttl=28 time=92.6 ms
08-10 15:02:36.735 24460 24460 D cellinfo: onCellInfoChanged: Operator: AT&T...1 UpdateTimestamp: 170029471 CellConnectionStatus: 0
08-10 15:02:36.735 24460 24460 D cellinfo: onCellInfoChanged: LTE Cell Bands: [2] Bandwidth: 2147483647 Cell ID: 115460360 Physical Cell ID: 417 Tracking Area Code: 39173 EARFCN: 1100
08-10 15:02:36.821 24460 25662 D cellinfo: 46 bytes from 44.241.174.93: icmp_seq=352 ttl=28 time=84.3 ms
08-10 15:02:37.028 24460 25662 D cellinfo: 46 bytes from 44.241.174.93: icmp_seq=353 ttl=28 time=90.6 ms
08-10 15:02:37.222 24460 25662 D cellinfo: 46 bytes from 44.241.174.93: icmp_seq=354 ttl=28 time=84.5 ms
08-10 15:02:37.505 24460 25662 D cellinfo: 46 bytes from 44.241.174.93: icmp_seq=355 ttl=28 time=166 ms
08-10 15:02:37.665 24460 25662 D cellinfo: 46 bytes from 44.241.174.93: icmp_seq=356 ttl=28 time=125 ms
08-10 15:02:37.870 24460 25662 D cellinfo: 46 bytes from 44.241.174.93: icmp_seq=357 ttl=28 time=129 ms
08-10 15:02:38.065 24460 25662 D cellinfo: 46 bytes from 44.241.174.93: icmp_seq=358 ttl=28 time=124 ms
08-10 15:02:38.226 24460 25662 D cellinfo: 46 bytes from 44.241.174.93: icmp_seq=359 ttl=28 time=85.8 ms
08-10 15:02:38.424 24460 25662 D cellinfo: 46 bytes from 44.241.174.93: icmp_seq=360 ttl=28 time=81.4 ms
08-10 15:02:38.598 24460 24460 D cellinfo: Latitude is 40.7127683
08-10 15:02:38.598 24460 24460 D cellinfo: Longitude is -111.8708317
08-10 15:02:38.598 24460 24460 D cellinfo: Instantaneous GPS information: United States, 2685 700 E, Salt Lake City, UT 84106, USA
08-10 15:02:38.598 24460 24460 D cellinfo: getCurrentLocation() result: Location (success): 40.7127683, -111.8708317
08-10 15:02:38.599 24460 24460 D cellinfo: onsignalStrengthsChanged: LTE Signal Strength info: rsrp: -102 rsrq: -11 rssi: -69 rssnr: 6
08-10 15:02:38.632 24460 25662 D cellinfo: 46 bytes from 44.241.174.93: icmp_seq=361 ttl=28 time=89.9 ms
08-10 15:02:38.830 24460 25662 D cellinfo: 46 bytes from 44.241.174.93: icmp_seq=362 ttl=28 time=86.1 ms
08-10 15:02:39.027 24460 25662 D cellinfo: 46 bytes from 44.241.174.93: icmp_seq=363 ttl=28 time=83.7 ms
08-10 15:02:39.222 24460 25662 D cellinfo: 46 bytes from 44.241.174.93: icmp_seq=364 ttl=28 time=79.2 ms
08-10 15:02:39.425 24460 25662 D cellinfo: 46 bytes from 44.241.174.93: icmp_seq=365 ttl=28 time=80.7 ms
08-10 15:02:39.665 24460 25662 D cellinfo: 46 bytes from 44.241.174.93: icmp_seq=366 ttl=28 time=121 ms
08-10 15:02:39.709 24460 24460 D cellinfo: Latitude is 40.7127683
08-10 15:02:39.709 24460 24460 D cellinfo: Longitude is -111.8708317
08-10 15:02:39.709 24460 24460 D cellinfo: Instantaneous GPS information: United States, 2685 700 E, Salt Lake City, UT 84106, USA
08-10 15:02:39.709 24460 24460 D cellinfo: getCurrentLocation() result: Location (success): 40.7127683, -111.8708317
08-10 15:02:39.759 24460 24460 D cellinfo: onCellInfoChanged: Operator: AT&T...1 UpdateTimestamp: 170032496 CellConnectionStatus: 0
08-10 15:02:39.759 24460 24460 D cellinfo: onCellInfoChanged: LTE Cell Bands: [2] Bandwidth: 2147483647 Cell ID: 115460360 Physical Cell ID: 417 Tracking Area Code: 39173 EARFCN: 1100
08-10 15:02:39.831 24460 25662 D cellinfo: 46 bytes from 44.241.174.93: icmp_seq=367 ttl=28 time=86.4 ms
08-10 15:02:40.039 24460 25662 D cellinfo: 46 bytes from 44.241.174.93: icmp_seq=368 ttl=28 time=92.4 ms
08-10 15:02:40.232 24460 25662 D cellinfo: 46 bytes from 44.241.174.93: icmp_seq=369 ttl=28 time=86.1 ms
08-10 15:02:40.431 24460 25662 D cellinfo: 46 bytes from 44.241.174.93: icmp_seq=370 ttl=28 time=84.7 ms
08-10 15:02:40.633 24460 25662 D cellinfo: 46 bytes from 44.241.174.93: icmp_seq=371 ttl=28 time=84.7 ms
08-10 15:02:40.832 24460 25662 D cellinfo: 46 bytes from 44.241.174.93: icmp_seq=372 ttl=28 time=83.6 ms
08-10 15:02:41.030 24460 25662 D cellinfo: 46 bytes from 44.241.174.93: icmp_seq=373 ttl=28 time=81.9 ms
08-10 15:02:41.231 24460 25662 D cellinfo: 46 bytes from 44.241.174.93: icmp_seq=374 ttl=28 time=83.4 ms
08-10 15:02:41.440 24460 25662 D cellinfo: 46 bytes from 44.241.174.93: icmp_seq=375 ttl=28 time=91.5 ms
08-10 15:02:41.631 24460 25662 D cellinfo: 46 bytes from 44.241.174.93: icmp_seq=376 ttl=28 time=81.4 ms
08-10 15:02:41.831 24460 25662 D cellinfo: 46 bytes from 44.241.174.93: icmp_seq=377 ttl=28 time=80.6 ms
08-10 15:02:42.032 24460 25662 D cellinfo: 46 bytes from 44.241.174.93: icmp_seq=378 ttl=28 time=80.3 ms
08-10 15:02:42.191 24460 24460 D cellinfo: onsignalStrengthsChanged: LTE Signal Strength info: rsrp: -102 rsrq: -12 rssi: -71 rssnr: 6
08-10 15:02:42.241 24460 25662 D cellinfo: 46 bytes from 44.241.174.93: icmp_seq=379 ttl=28 time=89.6 ms
08-10 15:02:42.443 24460 25662 D cellinfo: 46 bytes from 44.241.174.93: icmp_seq=380 ttl=28 time=90.0 ms
08-10 15:02:42.540 24460 24460 D cellinfo: onsignalStrengthsChanged: LTE Signal Strength info: rsrp: -101 rsrq: -12 rssi: -67 rssnr: 6
08-10 15:02:42.633 24460 25662 D cellinfo: 46 bytes from 44.241.174.93: icmp_seq=381 ttl=28 time=80.7 ms
08-10 15:02:42.708 24460 24460 D cellinfo: Latitude is 40.7127683
08-10 15:02:42.709 24460 24460 D cellinfo: Longitude is -111.8708317
08-10 15:02:42.709 24460 24460 D cellinfo: Instantaneous GPS information: United States, 2685 700 E, Salt Lake City, UT 84106, USA
08-10 15:02:42.709 24460 24460 D cellinfo: getCurrentLocation() result: Location (success): 40.7127683, -111.8708317
08-10 15:02:42.771 24460 24460 D cellinfo: onCellInfoChanged: Operator: AT&T...1 UpdateTimestamp: 170035508 CellConnectionStatus: 0
08-10 15:02:42.771 24460 24460 D cellinfo: onCellInfoChanged: LTE Cell Bands: [2] Bandwidth: 2147483647 Cell ID: 115460360 Physical Cell ID: 417 Tracking Area Code: 39173 EARFCN: 1100
08-10 15:02:42.831 24460 25662 D cellinfo: 46 bytes from 44.241.174.93: icmp_seq=382 ttl=28 time=78.4 ms
08-10 15:02:43.106 24460 25662 D cellinfo: 46 bytes from 44.241.174.93: icmp_seq=383 ttl=28 time=151 ms
08-10 15:02:43.266 24460 25662 D cellinfo: 46 bytes from 44.241.174.93: icmp_seq=384 ttl=28 time=112 ms
08-10 15:02:43.467 24460 25662 D cellinfo: 46 bytes from 44.241.174.93: icmp_seq=385 ttl=28 time=110 ms
08-10 15:02:43.666 24460 25662 D cellinfo: 46 bytes from 44.241.174.93: icmp_seq=386 ttl=28 time=108 ms
08-10 15:02:43.908 24460 25662 D cellinfo: 46 bytes from 44.241.174.93: icmp_seq=387 ttl=28 time=148 ms
08-10 15:02:44.066 24460 25662 D cellinfo: 46 bytes from 44.241.174.93: icmp_seq=388 ttl=28 time=107 ms
08-10 15:02:44.253 24460 25662 D cellinfo: 46 bytes from 44.241.174.93: icmp_seq=389 ttl=28 time=92.2 ms
08-10 15:02:44.453 24460 25662 D cellinfo: 46 bytes from 44.241.174.93: icmp_seq=390 ttl=28 time=91.6 ms
08-10 15:02:44.660 24460 25662 D cellinfo: 46 bytes from 44.241.174.93: icmp_seq=391 ttl=28 time=96.5 ms
08-10 15:02:44.843 24460 25662 D cellinfo: 46 bytes from 44.241.174.93: icmp_seq=392 ttl=28 time=80.7 ms
08-10 15:02:45.047 24460 25662 D cellinfo: 46 bytes from 44.241.174.93: icmp_seq=393 ttl=28 time=82.5 ms
08-10 15:02:45.251 24460 25662 D cellinfo: 46 bytes from 44.241.174.93: icmp_seq=394 ttl=28 time=88.2 ms
08-10 15:02:45.506 24460 25662 D cellinfo: 46 bytes from 44.241.174.93: icmp_seq=395 ttl=28 time=142 ms
08-10 15:02:45.667 24460 25662 D cellinfo: 46 bytes from 44.241.174.93: icmp_seq=396 ttl=28 time=102 ms
08-10 15:02:45.698 24460 24460 D cellinfo: Latitude is 40.7127683
08-10 15:02:45.698 24460 24460 D cellinfo: Longitude is -111.8708317
08-10 15:02:45.698 24460 24460 D cellinfo: Instantaneous GPS information: United States, 2685 700 E, Salt Lake City, UT 84106, USA
08-10 15:02:45.698 24460 24460 D cellinfo: getCurrentLocation() result: Location (success): 40.7127683, -111.8708317
08-10 15:02:45.755 24460 24460 D cellinfo: onCellInfoChanged: Operator: AT&T...1 UpdateTimestamp: 170038492 CellConnectionStatus: 0
08-10 15:02:45.755 24460 24460 D cellinfo: onCellInfoChanged: LTE Cell Bands: [2] Bandwidth: 2147483647 Cell ID: 115460360 Physical Cell ID: 417 Tracking Area Code: 39173 EARFCN: 1100
08-10 15:02:45.907 24460 25662 D cellinfo: 46 bytes from 44.241.174.93: icmp_seq=397 ttl=28 time=141 ms
08-10 15:02:46.066 24460 25662 D cellinfo: 46 bytes from 44.241.174.93: icmp_seq=398 ttl=28 time=100 ms
08-10 15:02:46.307 24460 25662 D cellinfo: 46 bytes from 44.241.174.93: icmp_seq=399 ttl=28 time=141 ms
08-10 15:02:46.467 24460 25662 D cellinfo: 46 bytes from 44.241.174.93: icmp_seq=400 ttl=28 time=100 ms
08-10 15:02:46.652 24460 25662 D cellinfo: 46 bytes from 44.241.174.93: icmp_seq=401 ttl=28 time=85.2 ms
08-10 15:02:46.851 24460 25662 D cellinfo: 46 bytes from 44.241.174.93: icmp_seq=402 ttl=28 time=84.6 ms
08-10 15:02:47.052 24460 25662 D cellinfo: 46 bytes from 44.241.174.93: icmp_seq=403 ttl=28 time=83.6 ms
08-10 15:02:47.265 24460 25662 D cellinfo: 46 bytes from 44.241.174.93: icmp_seq=404 ttl=28 time=96.1 ms
08-10 15:02:47.472 24460 25662 D cellinfo: 46 bytes from 44.241.174.93: icmp_seq=405 ttl=28 time=100 ms
08-10 15:02:47.664 24460 25662 D cellinfo: 46 bytes from 44.241.174.93: icmp_seq=406 ttl=28 time=91.5 ms
08-10 15:02:47.867 24460 25662 D cellinfo: 46 bytes from 44.241.174.93: icmp_seq=407 ttl=28 time=93.3 ms
08-10 15:02:48.067 24460 25662 D cellinfo: 46 bytes from 44.241.174.93: icmp_seq=408 ttl=28 time=91.5 ms
08-10 15:02:48.265 24460 25662 D cellinfo: 46 bytes from 44.241.174.93: icmp_seq=409 ttl=28 time=91.1 ms
08-10 15:02:48.469 24460 25662 D cellinfo: 46 bytes from 44.241.174.93: icmp_seq=410 ttl=28 time=92.7 ms
08-10 15:02:48.666 24460 25662 D cellinfo: 46 bytes from 44.241.174.93: icmp_seq=411 ttl=28 time=88.7 ms
08-10 15:02:48.738 24460 24460 D cellinfo: onCellInfoChanged: Operator: AT&T...1 UpdateTimestamp: 170041475 CellConnectionStatus: 0
08-10 15:02:48.738 24460 24460 D cellinfo: onCellInfoChanged: LTE Cell Bands: [2] Bandwidth: 2147483647 Cell ID: 115460360 Physical Cell ID: 417 Tracking Area Code: 39173 EARFCN: 1100
08-10 15:02:48.866 24460 25662 D cellinfo: 46 bytes from 44.241.174.93: icmp_seq=412 ttl=28 time=88.1 ms
08-10 15:02:49.066 24460 25662 D cellinfo: 46 bytes from 44.241.174.93: icmp_seq=413 ttl=28 time=86.8 ms
08-10 15:02:49.262 24460 25662 D cellinfo: 46 bytes from 44.241.174.93: icmp_seq=414 ttl=28 time=82.7 ms
08-10 15:02:49.474 24460 25662 D cellinfo: 46 bytes from 44.241.174.93: icmp_seq=415 ttl=28 time=93.9 ms
08-10 15:02:49.672 24460 25662 D cellinfo: 46 bytes from 44.241.174.93: icmp_seq=416 ttl=28 time=91.0 ms
08-10 15:02:49.876 24460 25662 D cellinfo: 46 bytes from 44.241.174.93: icmp_seq=417 ttl=28 time=94.5 ms
08-10 15:02:50.062 24460 25662 D cellinfo: 46 bytes from 44.241.174.93: icmp_seq=418 ttl=28 time=80.2 ms
08-10 15:02:50.270 24460 25662 D cellinfo: 46 bytes from 44.241.174.93: icmp_seq=419 ttl=28 time=85.5 ms
08-10 15:02:50.473 24460 25662 D cellinfo: 46 bytes from 44.241.174.93: icmp_seq=420 ttl=28 time=86.8 ms
08-10 15:02:50.666 24460 25662 D cellinfo: 46 bytes from 44.241.174.93: icmp_seq=421 ttl=28 time=79.8 ms
08-10 15:02:50.716 24460 24460 D cellinfo: Latitude is 40.7127514
08-10 15:02:50.716 24460 24460 D cellinfo: Longitude is -111.8706003
08-10 15:02:50.716 24460 24460 D cellinfo: Instantaneous GPS information: United States, 2685 700 E, Salt Lake City, UT 84106, USA
08-10 15:02:50.717 24460 24460 D cellinfo: getCurrentLocation() result: Location (success): 40.7127514, -111.8706003
08-10 15:02:50.872 24460 25662 D cellinfo: 46 bytes from 44.241.174.93: icmp_seq=422 ttl=28 time=85.8 ms
08-10 15:02:51.071 24460 25662 D cellinfo: 46 bytes from 44.241.174.93: icmp_seq=423 ttl=28 time=85.1 ms
08-10 15:02:51.182 24460 24460 D cellinfo: onsignalStrengthsChanged: LTE Signal Strength info: rsrp: -101 rsrq: -12 rssi: -71 rssnr: 6
08-10 15:02:51.271 24460 25662 D cellinfo: 46 bytes from 44.241.174.93: icmp_seq=424 ttl=28 time=85.6 ms
08-10 15:02:51.471 24460 25662 D cellinfo: 46 bytes from 44.241.174.93: icmp_seq=425 ttl=28 time=84.0 ms
08-10 15:02:51.496 24460 24460 D cellinfo: onsignalStrengthsChanged: LTE Signal Strength info: rsrp: -101 rsrq: -12 rssi: -69 rssnr: 7
08-10 15:02:51.683 24460 25662 D cellinfo: 46 bytes from 44.241.174.93: icmp_seq=426 ttl=28 time=94.7 ms
08-10 15:02:51.704 24460 24460 D cellinfo: Latitude is 40.7127514
08-10 15:02:51.704 24460 24460 D cellinfo: Longitude is -111.8706003
08-10 15:02:51.704 24460 24460 D cellinfo: Instantaneous GPS information: United States, 2685 700 E, Salt Lake City, UT 84106, USA
08-10 15:02:51.704 24460 24460 D cellinfo: getCurrentLocation() result: Location (success): 40.7127514, -111.8706003
08-10 15:02:51.746 24460 24460 D cellinfo: onCellInfoChanged: Operator: AT&T...1 UpdateTimestamp: 170044482 CellConnectionStatus: 0
08-10 15:02:51.746 24460 24460 D cellinfo: onCellInfoChanged: LTE Cell Bands: [2] Bandwidth: 2147483647 Cell ID: 115460360 Physical Cell ID: 417 Tracking Area Code: 39173 EARFCN: 1100
08-10 15:02:51.971 24460 25662 D cellinfo: 46 bytes from 44.241.174.93: icmp_seq=427 ttl=28 time=182 ms
08-10 15:02:52.082 24460 25662 D cellinfo: 46 bytes from 44.241.174.93: icmp_seq=428 ttl=28 time=92.4 ms
08-10 15:02:52.306 24460 25662 D cellinfo: 46 bytes from 44.241.174.93: icmp_seq=429 ttl=28 time=117 ms
08-10 15:02:52.483 24460 25662 D cellinfo: 46 bytes from 44.241.174.93: icmp_seq=430 ttl=28 time=91.0 ms
08-10 15:02:52.672 24460 25662 D cellinfo: 46 bytes from 44.241.174.93: icmp_seq=431 ttl=28 time=80.9 ms
08-10 15:02:52.872 24460 25662 D cellinfo: 46 bytes from 44.241.174.93: icmp_seq=432 ttl=28 time=80.0 ms
08-10 15:02:53.084 24460 25662 D cellinfo: 46 bytes from 44.241.174.93: icmp_seq=433 ttl=28 time=87.9 ms
08-10 15:02:53.291 24460 25662 D cellinfo: 46 bytes from 44.241.174.93: icmp_seq=434 ttl=28 time=96.4 ms
08-10 15:02:53.485 24460 25662 D cellinfo: 46 bytes from 44.241.174.93: icmp_seq=435 ttl=28 time=87.6 ms
08-10 15:02:53.684 24460 25662 D cellinfo: 46 bytes from 44.241.174.93: icmp_seq=436 ttl=28 time=83.6 ms
08-10 15:02:53.735 24460 24460 D cellinfo: onsignalStrengthsChanged: LTE Signal Strength info: rsrp: -101 rsrq: -12 rssi: -71 rssnr: 7
08-10 15:02:53.896 24460 24460 D cellinfo: onServiceStateChanged: Channel Number: 1100 Cell Bandwidths: [20000, 10000, 10000]
08-10 15:02:53.918 24460 25662 D cellinfo: 46 bytes from 44.241.174.93: icmp_seq=437 ttl=28 time=119 ms
08-10 15:02:54.102 24460 25662 D cellinfo: 46 bytes from 44.241.174.93: icmp_seq=438 ttl=28 time=102 ms
08-10 15:02:54.291 24460 25662 D cellinfo: 46 bytes from 44.241.174.93: icmp_seq=439 ttl=28 time=90.4 ms
08-10 15:02:54.481 24460 25662 D cellinfo: 46 bytes from 44.241.174.93: icmp_seq=440 ttl=28 time=79.4 ms
08-10 15:02:54.693 24460 25662 D cellinfo: 46 bytes from 44.241.174.93: icmp_seq=441 ttl=28 time=89.3 ms
08-10 15:02:54.707 24460 24460 D cellinfo: Latitude is 40.7127514
08-10 15:02:54.707 24460 24460 D cellinfo: Longitude is -111.8706003
08-10 15:02:54.707 24460 24460 D cellinfo: Instantaneous GPS information: United States, 2685 700 E, Salt Lake City, UT 84106, USA
08-10 15:02:54.707 24460 24460 D cellinfo: getCurrentLocation() result: Location (success): 40.7127514, -111.8706003
08-10 15:02:54.729 24460 24460 D cellinfo: onCellInfoChanged: Operator: AT&T...1 UpdateTimestamp: 170047468 CellConnectionStatus: 0
08-10 15:02:54.729 24460 24460 D cellinfo: onCellInfoChanged: LTE Cell Bands: [2] Bandwidth: 2147483647 Cell ID: 115460360 Physical Cell ID: 417 Tracking Area Code: 39173 EARFCN: 1100
08-10 15:02:54.892 24460 25662 D cellinfo: 46 bytes from 44.241.174.93: icmp_seq=442 ttl=28 time=87.4 ms
08-10 15:02:55.092 24460 25662 D cellinfo: 46 bytes from 44.241.174.93: icmp_seq=443 ttl=28 time=87.1 ms
08-10 15:02:55.294 24460 25662 D cellinfo: 46 bytes from 44.241.174.93: icmp_seq=444 ttl=28 time=87.7 ms
08-10 15:02:55.494 24460 25662 D cellinfo: 46 bytes from 44.241.174.93: icmp_seq=445 ttl=28 time=86.4 ms
08-10 15:02:55.690 24460 25662 D cellinfo: 46 bytes from 44.241.174.93: icmp_seq=446 ttl=28 time=83.3 ms
08-10 15:02:55.898 24460 25662 D cellinfo: 46 bytes from 44.241.174.93: icmp_seq=447 ttl=28 time=89.0 ms
08-10 15:02:55.981 24460 24460 D cellinfo: onsignalStrengthsChanged: LTE Signal Strength info: rsrp: -101 rsrq: -12 rssi: -67 rssnr: 7
08-10 15:02:56.093 24460 25662 D cellinfo: 46 bytes from 44.241.174.93: icmp_seq=448 ttl=28 time=84.8 ms
08-10 15:02:56.305 24460 25662 D cellinfo: 46 bytes from 44.241.174.93: icmp_seq=449 ttl=28 time=95.7 ms
08-10 15:02:56.492 24460 25662 D cellinfo: 46 bytes from 44.241.174.93: icmp_seq=450 ttl=28 time=81.4 ms
08-10 15:02:56.707 24460 25662 D cellinfo: 46 bytes from 44.241.174.93: icmp_seq=451 ttl=28 time=93.5 ms
08-10 15:02:56.946 24460 25662 D cellinfo: 46 bytes from 44.241.174.93: icmp_seq=452 ttl=28 time=132 ms
08-10 15:02:57.105 24460 25662 D cellinfo: 46 bytes from 44.241.174.93: icmp_seq=453 ttl=28 time=92.8 ms
08-10 15:02:57.309 24460 25662 D cellinfo: 46 bytes from 44.241.174.93: icmp_seq=454 ttl=28 time=96.7 ms
08-10 15:02:57.505 24460 25662 D cellinfo: 46 bytes from 44.241.174.93: icmp_seq=455 ttl=28 time=90.9 ms
08-10 15:02:57.695 24460 24460 D cellinfo: Latitude is 40.7127514
08-10 15:02:57.695 24460 24460 D cellinfo: Longitude is -111.8706003
08-10 15:02:57.695 24460 24460 D cellinfo: Instantaneous GPS information: United States, 2685 700 E, Salt Lake City, UT 84106, USA
08-10 15:02:57.695 24460 24460 D cellinfo: getCurrentLocation() result: Location (success): 40.7127514, -111.8706003
08-10 15:02:57.702 24460 25662 D cellinfo: 46 bytes from 44.241.174.93: icmp_seq=456 ttl=28 time=87.4 ms
08-10 15:02:57.714 24460 24460 D cellinfo: onCellInfoChanged: Operator: AT&T...1 UpdateTimestamp: 170050452 CellConnectionStatus: 0
08-10 15:02:57.715 24460 24460 D cellinfo: onCellInfoChanged: LTE Cell Bands: [2] Bandwidth: 2147483647 Cell ID: 115460360 Physical Cell ID: 417 Tracking Area Code: 39173 EARFCN: 1100
08-10 15:02:57.910 24460 25662 D cellinfo: 46 bytes from 44.241.174.93: icmp_seq=457 ttl=28 time=93.3 ms
08-10 15:02:58.106 24460 25662 D cellinfo: 46 bytes from 44.241.174.93: icmp_seq=458 ttl=28 time=89.5 ms
08-10 15:02:58.214 24460 24460 D cellinfo: onsignalStrengthsChanged: LTE Signal Strength info: rsrp: -101 rsrq: -12 rssi: -63 rssnr: 7
08-10 15:02:58.310 24460 25662 D cellinfo: 46 bytes from 44.241.174.93: icmp_seq=459 ttl=28 time=92.8 ms
08-10 15:02:58.546 24460 25662 D cellinfo: 46 bytes from 44.241.174.93: icmp_seq=460 ttl=28 time=126 ms
08-10 15:02:58.712 24460 25662 D cellinfo: 46 bytes from 44.241.174.93: icmp_seq=461 ttl=28 time=91.6 ms
08-10 15:02:58.915 24460 25662 D cellinfo: 46 bytes from 44.241.174.93: icmp_seq=462 ttl=28 time=93.6 ms
08-10 15:02:59.114 24460 25662 D cellinfo: 46 bytes from 44.241.174.93: icmp_seq=463 ttl=28 time=91.4 ms
08-10 15:02:59.302 24460 25662 D cellinfo: 46 bytes from 44.241.174.93: icmp_seq=464 ttl=28 time=78.8 ms
08-10 15:02:59.511 24460 25662 D cellinfo: 46 bytes from 44.241.174.93: icmp_seq=465 ttl=28 time=87.4 ms
08-10 15:02:59.713 24460 25662 D cellinfo: 46 bytes from 44.241.174.93: icmp_seq=466 ttl=28 time=85.7 ms
08-10 15:02:59.911 24460 25662 D cellinfo: 46 bytes from 44.241.174.93: icmp_seq=467 ttl=28 time=84.1 ms
08-10 15:03:00.130 24460 25662 D cellinfo: 46 bytes from 44.241.174.93: icmp_seq=468 ttl=28 time=100 ms
08-10 15:03:00.180 24460 24460 D cellinfo: onsignalStrengthsChanged: LTE Signal Strength info: rsrp: -101 rsrq: -12 rssi: -69 rssnr: 7
08-10 15:03:00.322 24460 25662 D cellinfo: 46 bytes from 44.241.174.93: icmp_seq=469 ttl=28 time=89.6 ms
08-10 15:03:00.452 24460 24460 D cellinfo: onsignalStrengthsChanged: LTE Signal Strength info: rsrp: -101 rsrq: -12 rssi: -71 rssnr: 6
08-10 15:03:00.521 24460 25662 D cellinfo: 46 bytes from 44.241.174.93: icmp_seq=470 ttl=28 time=90.1 ms
08-10 15:03:00.711 24460 25662 D cellinfo: 46 bytes from 44.241.174.93: icmp_seq=471 ttl=28 time=79.5 ms
08-10 15:03:00.726 24460 24460 D cellinfo: onCellInfoChanged: Operator: AT&T...1 UpdateTimestamp: 170053461 CellConnectionStatus: 0
08-10 15:03:00.726 24460 24460 D cellinfo: onCellInfoChanged: LTE Cell Bands: [2] Bandwidth: 2147483647 Cell ID: 115460360 Physical Cell ID: 417 Tracking Area Code: 39173 EARFCN: 1100
08-10 15:03:00.922 24460 25662 D cellinfo: 46 bytes from 44.241.174.93: icmp_seq=472 ttl=28 time=89.3 ms
08-10 15:03:01.123 24460 25662 D cellinfo: 46 bytes from 44.241.174.93: icmp_seq=473 ttl=28 time=86.9 ms
08-10 15:03:01.321 24460 25662 D cellinfo: 46 bytes from 44.241.174.93: icmp_seq=474 ttl=28 time=85.0 ms
08-10 15:03:01.523 24460 25662 D cellinfo: 46 bytes from 44.241.174.93: icmp_seq=475 ttl=28 time=83.5 ms
08-10 15:03:01.723 24460 25662 D cellinfo: 46 bytes from 44.241.174.93: icmp_seq=476 ttl=28 time=83.6 ms
08-10 15:03:01.931 24460 25662 D cellinfo: 46 bytes from 44.241.174.93: icmp_seq=477 ttl=28 time=89.5 ms
08-10 15:03:02.149 24460 25662 D cellinfo: 46 bytes from 44.241.174.93: icmp_seq=478 ttl=28 time=104 ms
08-10 15:03:02.354 24460 25662 D cellinfo: 46 bytes from 44.241.174.93: icmp_seq=479 ttl=28 time=109 ms
08-10 15:03:02.562 24460 25662 D cellinfo: 46 bytes from 44.241.174.93: icmp_seq=480 ttl=28 time=115 ms
08-10 15:03:02.692 24460 24460 D cellinfo: onsignalStrengthsChanged: LTE Signal Strength info: rsrp: -101 rsrq: -12 rssi: -67 rssnr: 6
08-10 15:03:02.743 24460 25662 D cellinfo: 46 bytes from 44.241.174.93: icmp_seq=481 ttl=28 time=95.7 ms
08-10 15:03:02.985 24460 25662 D cellinfo: 46 bytes from 44.241.174.93: icmp_seq=482 ttl=28 time=136 ms
08-10 15:03:03.146 24460 25662 D cellinfo: 46 bytes from 44.241.174.93: icmp_seq=483 ttl=28 time=95.6 ms
08-10 15:03:03.181 24460 24460 D cellinfo: onsignalStrengthsChanged: LTE Signal Strength info: rsrp: -101 rsrq: -12 rssi: -67 rssnr: 5
08-10 15:03:03.346 24460 25662 D cellinfo: 46 bytes from 44.241.174.93: icmp_seq=484 ttl=28 time=93.4 ms
08-10 15:03:03.546 24460 25662 D cellinfo: 46 bytes from 44.241.174.93: icmp_seq=485 ttl=28 time=91.9 ms
08-10 15:03:03.747 24460 25662 D cellinfo: 46 bytes from 44.241.174.93: icmp_seq=486 ttl=28 time=90.8 ms
08-10 15:03:03.986 24460 25662 D cellinfo: 46 bytes from 44.241.174.93: icmp_seq=487 ttl=28 time=129 ms
08-10 15:03:04.147 24460 25662 D cellinfo: 46 bytes from 44.241.174.93: icmp_seq=488 ttl=28 time=87.8 ms
08-10 15:03:04.386 24460 25662 D cellinfo: 46 bytes from 44.241.174.93: icmp_seq=489 ttl=28 time=126 ms
08-10 15:03:04.552 24460 25662 D cellinfo: 46 bytes from 44.241.174.93: icmp_seq=490 ttl=28 time=90.2 ms
08-10 15:03:04.785 24460 25662 D cellinfo: 46 bytes from 44.241.174.93: icmp_seq=491 ttl=28 time=122 ms
08-10 15:03:04.933 24460 24460 D cellinfo: onsignalStrengthsChanged: LTE Signal Strength info: rsrp: -100 rsrq: -12 rssi: -69 rssnr: 5
08-10 15:03:04.953 24460 25662 D cellinfo: 46 bytes from 44.241.174.93: icmp_seq=492 ttl=28 time=87.4 ms
08-10 15:03:05.185 24460 25662 D cellinfo: 46 bytes from 44.241.174.93: icmp_seq=493 ttl=28 time=119 ms
08-10 15:03:05.659 24460 24460 D cellinfo: onServiceStateChanged: Channel Number: 1100 Cell Bandwidths: [20000, 10000, 10000]
08-10 15:03:05.773 24460 25662 D cellinfo: 46 bytes from 44.241.174.93: icmp_seq=494 ttl=28 time=95.1 ms
08-10 15:03:05.960 24460 25662 D cellinfo: 46 bytes from 44.241.174.93: icmp_seq=495 ttl=28 time=81.7 ms
08-10 15:03:06.159 24460 25662 D cellinfo: 46 bytes from 44.241.174.93: icmp_seq=496 ttl=28 time=79.7 ms
08-10 15:03:06.179 24460 24460 D cellinfo: onsignalStrengthsChanged: LTE Signal Strength info: rsrp: -100 rsrq: -12 rssi: -71 rssnr: 5
08-10 15:03:06.361 24460 25662 D cellinfo: 46 bytes from 44.241.174.93: icmp_seq=497 ttl=28 time=80.7 ms
08-10 15:03:06.573 24460 25662 D cellinfo: 46 bytes from 44.241.174.93: icmp_seq=498 ttl=28 time=91.7 ms
08-10 15:03:06.769 24460 25662 D cellinfo: 46 bytes from 44.241.174.93: icmp_seq=499 ttl=28 time=87.3 ms
08-10 15:03:06.975 24460 25662 D cellinfo: 46 bytes from 44.241.174.93: icmp_seq=500 ttl=28 time=91.8 ms
08-10 15:03:09.182 24460 24460 D cellinfo: onsignalStrengthsChanged: LTE Signal Strength info: rsrp: -101 rsrq: -12 rssi: -71 rssnr: 4
08-10 15:03:09.437 24460 25662 D cellinfo: 46 bytes from 44.241.174.93: icmp_seq=501 ttl=28 time=2351 ms
08-10 15:03:09.437 24460 25662 D cellinfo: 46 bytes from 44.241.174.93: icmp_seq=502 ttl=28 time=2142 ms
08-10 15:03:09.437 24460 25662 D cellinfo: 46 bytes from 44.241.174.93: icmp_seq=503 ttl=28 time=1936 ms
08-10 15:03:09.437 24460 25662 D cellinfo: 46 bytes from 44.241.174.93: icmp_seq=504 ttl=28 time=1735 ms
08-10 15:03:09.437 24460 25662 D cellinfo: 46 bytes from 44.241.174.93: icmp_seq=505 ttl=28 time=1525 ms
08-10 15:03:09.437 24460 25662 D cellinfo: 46 bytes from 44.241.174.93: icmp_seq=506 ttl=28 time=1317 ms
08-10 15:03:09.437 24460 25662 D cellinfo: 46 bytes from 44.241.174.93: icmp_seq=507 ttl=28 time=1108 ms
08-10 15:03:09.437 24460 25662 D cellinfo: 46 bytes from 44.241.174.93: icmp_seq=508 ttl=28 time=901 ms
08-10 15:03:09.437 24460 25662 D cellinfo: 46 bytes from 44.241.174.93: icmp_seq=509 ttl=28 time=693 ms
08-10 15:03:09.437 24460 25662 D cellinfo: 46 bytes from 44.241.174.93: icmp_seq=510 ttl=28 time=485 ms
08-10 15:03:09.437 24460 25662 D cellinfo: 46 bytes from 44.241.174.93: icmp_seq=511 ttl=28 time=277 ms
08-10 15:03:09.465 24460 25662 D cellinfo: 46 bytes from 44.241.174.93: icmp_seq=512 ttl=28 time=97.8 ms
08-10 15:03:09.675 24460 25662 D cellinfo: 46 bytes from 44.241.174.93: icmp_seq=513 ttl=28 time=106 ms
08-10 15:03:09.863 24460 25662 D cellinfo: 46 bytes from 44.241.174.93: icmp_seq=514 ttl=28 time=94.5 ms
08-10 15:03:09.932 24460 24460 D cellinfo: Latitude is 40.7129409
08-10 15:03:09.932 24460 24460 D cellinfo: Longitude is -111.8709435
08-10 15:03:09.932 24460 24460 D cellinfo: Instantaneous GPS information: United States, 2685 700 E, Salt Lake City, UT 84106, USA
08-10 15:03:09.932 24460 24460 D cellinfo: getCurrentLocation() result: Location (success): 40.7129409, -111.8709435
08-10 15:03:09.934 24460 24460 D cellinfo: Latitude is 40.7129409
08-10 15:03:09.934 24460 24460 D cellinfo: Longitude is -111.8709435
08-10 15:03:09.934 24460 24460 D cellinfo: Instantaneous GPS information: United States, 2685 700 E, Salt Lake City, UT 84106, USA
08-10 15:03:09.934 24460 24460 D cellinfo: getCurrentLocation() result: Location (success): 40.7129409, -111.8709435
08-10 15:03:09.934 24460 24460 D cellinfo: onsignalStrengthsChanged: LTE Signal Strength info: rsrp: -101 rsrq: -12 rssi: -69 rssnr: 4
08-10 15:03:09.936 24460 24460 D cellinfo: onCellInfoChanged: Operator: AT&T...1 UpdateTimestamp: 170062186 CellConnectionStatus: 0
08-10 15:03:09.936 24460 24460 D cellinfo: onCellInfoChanged: LTE Cell Bands: [2] Bandwidth: 2147483647 Cell ID: 115460360 Physical Cell ID: 417 Tracking Area Code: 39173 EARFCN: 1100
08-10 15:03:09.952 24460 24460 D cellinfo: Latitude is 40.7129409
08-10 15:03:09.952 24460 24460 D cellinfo: Longitude is -111.8709435
08-10 15:03:09.952 24460 24460 D cellinfo: Instantaneous GPS information: United States, 2685 700 E, Salt Lake City, UT 84106, USA
08-10 15:03:09.952 24460 24460 D cellinfo: getCurrentLocation() result: Location (success): 40.7129409, -111.8709435
08-10 15:03:09.955 24460 24460 D cellinfo: Latitude is 40.7129409
08-10 15:03:09.955 24460 24460 D cellinfo: Longitude is -111.8709435
08-10 15:03:09.955 24460 24460 D cellinfo: Instantaneous GPS information: United States, 2685 700 E, Salt Lake City, UT 84106, USA
08-10 15:03:09.955 24460 24460 D cellinfo: getCurrentLocation() result: Location (success): 40.7129409, -111.8709435
08-10 15:03:10.059 24460 25662 D cellinfo: 46 bytes from 44.241.174.93: icmp_seq=515 ttl=28 time=89.7 ms
08-10 15:03:10.470 24460 24460 D cellinfo: onServiceStateChanged: Channel Number: 1100 Cell Bandwidths: [20000, 10000, 10000]
08-10 15:03:10.496 24460 25662 D cellinfo: 46 bytes from 44.241.174.93: icmp_seq=516 ttl=28 time=328 ms
08-10 15:03:10.531 24460 25662 D cellinfo: 46 bytes from 44.241.174.93: icmp_seq=517 ttl=28 time=155 ms
08-10 15:03:10.664 24460 25662 D cellinfo: 46 bytes from 44.241.174.93: icmp_seq=518 ttl=28 time=88.2 ms
08-10 15:03:10.867 24460 25662 D cellinfo: 46 bytes from 44.241.174.93: icmp_seq=519 ttl=28 time=89.9 ms
08-10 15:03:11.060 24460 25662 D cellinfo: 46 bytes from 44.241.174.93: icmp_seq=520 ttl=28 time=81.0 ms
08-10 15:03:11.392 24460 25662 D cellinfo: 46 bytes from 44.241.174.93: icmp_seq=521 ttl=28 time=212 ms
08-10 15:03:11.592 24460 25662 D cellinfo: 46 bytes from 44.241.174.93: icmp_seq=522 ttl=28 time=212 ms
08-10 15:03:11.668 24460 25662 D cellinfo: 46 bytes from 44.241.174.93: icmp_seq=523 ttl=28 time=88.5 ms
08-10 15:03:11.873 24460 25662 D cellinfo: 46 bytes from 44.241.174.93: icmp_seq=524 ttl=28 time=93.1 ms
08-10 15:03:12.245 24460 25662 D cellinfo: 46 bytes from 44.241.174.93: icmp_seq=525 ttl=28 time=262 ms
08-10 15:03:12.322 24460 25662 D cellinfo: 46 bytes from 44.241.174.93: icmp_seq=526 ttl=28 time=133 ms
08-10 15:03:12.471 24460 25662 D cellinfo: 46 bytes from 44.241.174.93: icmp_seq=527 ttl=28 time=82.9 ms
08-10 15:03:12.695 24460 24460 D cellinfo: Latitude is 40.7129409
08-10 15:03:12.695 24460 24460 D cellinfo: Longitude is -111.8709435
08-10 15:03:12.695 24460 24460 D cellinfo: Instantaneous GPS information: United States, 2685 700 E, Salt Lake City, UT 84106, USA
08-10 15:03:12.695 24460 24460 D cellinfo: getCurrentLocation() result: Location (success): 40.7129409, -111.8709435
08-10 15:03:12.705 24460 25662 D cellinfo: 46 bytes from 44.241.174.93: icmp_seq=528 ttl=28 time=116 ms
08-10 15:03:12.737 24460 24460 D cellinfo: onCellInfoChanged: Operator: AT&T...1 UpdateTimestamp: 170065469 CellConnectionStatus: 0
08-10 15:03:12.737 24460 24460 D cellinfo: onCellInfoChanged: LTE Cell Bands: [2] Bandwidth: 2147483647 Cell ID: 115460360 Physical Cell ID: 417 Tracking Area Code: 39173 EARFCN: 1100
08-10 15:03:12.945 24460 25662 D cellinfo: 46 bytes from 44.241.174.93: icmp_seq=529 ttl=28 time=155 ms
08-10 15:03:13.105 24460 25662 D cellinfo: 46 bytes from 44.241.174.93: icmp_seq=530 ttl=28 time=115 ms
08-10 15:03:13.305 24460 25662 D cellinfo: 46 bytes from 44.241.174.93: icmp_seq=531 ttl=28 time=116 ms
08-10 15:03:13.506 24460 25662 D cellinfo: 46 bytes from 44.241.174.93: icmp_seq=532 ttl=28 time=115 ms
08-10 15:03:13.708 24460 25662 D cellinfo: 46 bytes from 44.241.174.93: icmp_seq=533 ttl=28 time=115 ms
08-10 15:03:13.896 24460 24460 D cellinfo: onsignalStrengthsChanged: LTE Signal Strength info: rsrp: -101 rsrq: -13 rssi: -63 rssnr: 4
08-10 15:03:13.907 24460 25662 D cellinfo: 46 bytes from 44.241.174.93: icmp_seq=534 ttl=28 time=114 ms
08-10 15:03:14.106 24460 25662 D cellinfo: 46 bytes from 44.241.174.93: icmp_seq=535 ttl=28 time=113 ms
08-10 15:03:14.347 24460 25662 D cellinfo: 46 bytes from 44.241.174.93: icmp_seq=536 ttl=28 time=152 ms
08-10 15:03:14.481 24460 25662 D cellinfo: 46 bytes from 44.241.174.93: icmp_seq=537 ttl=28 time=87.8 ms
08-10 15:03:14.705 24460 25662 D cellinfo: 46 bytes from 44.241.174.93: icmp_seq=538 ttl=28 time=110 ms
08-10 15:03:14.947 24460 25662 D cellinfo: 46 bytes from 44.241.174.93: icmp_seq=539 ttl=28 time=151 ms
08-10 15:03:15.010 24460 24460 D cellinfo: onServiceStateChanged: Channel Number: 1100 Cell Bandwidths: [20000, 10000, 10000]
08-10 15:03:15.105 24460 25662 D cellinfo: 46 bytes from 44.241.174.93: icmp_seq=540 ttl=28 time=108 ms
08-10 15:03:15.345 24460 25662 D cellinfo: 46 bytes from 44.241.174.93: icmp_seq=541 ttl=28 time=148 ms
08-10 15:03:15.419 24460 24460 D cellinfo: onsignalStrengthsChanged: LTE Signal Strength info: rsrp: -101 rsrq: -13 rssi: -65 rssnr: 4
08-10 15:03:15.506 24460 25662 D cellinfo: 46 bytes from 44.241.174.93: icmp_seq=542 ttl=28 time=107 ms
08-10 15:03:15.695 24460 24460 D cellinfo: Latitude is 40.7129409
08-10 15:03:15.695 24460 24460 D cellinfo: Longitude is -111.8709435
08-10 15:03:15.695 24460 24460 D cellinfo: Instantaneous GPS information: United States, 2685 700 E, Salt Lake City, UT 84106, USA
08-10 15:03:15.695 24460 24460 D cellinfo: getCurrentLocation() result: Location (success): 40.7129409, -111.8709435
08-10 15:03:15.732 24460 24460 D cellinfo: onCellInfoChanged: Operator: AT&T...1 UpdateTimestamp: 170068468 CellConnectionStatus: 0
08-10 15:03:15.732 24460 24460 D cellinfo: onCellInfoChanged: LTE Cell Bands: [2] Bandwidth: 2147483647 Cell ID: 115460360 Physical Cell ID: 417 Tracking Area Code: 39173 EARFCN: 1100
08-10 15:03:15.745 24460 25662 D cellinfo: 46 bytes from 44.241.174.93: icmp_seq=543 ttl=28 time=146 ms
08-10 15:03:15.906 24460 25662 D cellinfo: 46 bytes from 44.241.174.93: icmp_seq=544 ttl=28 time=105 ms
08-10 15:03:16.146 24460 25662 D cellinfo: 46 bytes from 44.241.174.93: icmp_seq=545 ttl=28 time=145 ms
08-10 15:03:16.306 24460 25662 D cellinfo: 46 bytes from 44.241.174.93: icmp_seq=546 ttl=28 time=104 ms
08-10 15:03:16.546 24460 25662 D cellinfo: 46 bytes from 44.241.174.93: icmp_seq=547 ttl=28 time=143 ms
08-10 15:03:16.709 24460 25662 D cellinfo: 46 bytes from 44.241.174.93: icmp_seq=548 ttl=28 time=104 ms
08-10 15:03:16.947 24460 25662 D cellinfo: 46 bytes from 44.241.174.93: icmp_seq=549 ttl=28 time=142 ms
08-10 15:03:17.106 24460 25662 D cellinfo: 46 bytes from 44.241.174.93: icmp_seq=550 ttl=28 time=101 ms
08-10 15:03:17.347 24460 25662 D cellinfo: 46 bytes from 44.241.174.93: icmp_seq=551 ttl=28 time=141 ms
08-10 15:03:17.492 24460 25662 D cellinfo: 46 bytes from 44.241.174.93: icmp_seq=552 ttl=28 time=86.3 ms
08-10 15:03:17.706 24460 25662 D cellinfo: 46 bytes from 44.241.174.93: icmp_seq=553 ttl=28 time=99.6 ms
08-10 15:03:17.947 24460 25662 D cellinfo: 46 bytes from 44.241.174.93: icmp_seq=554 ttl=28 time=138 ms
08-10 15:03:18.106 24460 25662 D cellinfo: 46 bytes from 44.241.174.93: icmp_seq=555 ttl=28 time=98.7 ms
08-10 15:03:18.185 24460 24460 D cellinfo: onsignalStrengthsChanged: LTE Signal Strength info: rsrp: -101 rsrq: -13 rssi: -73 rssnr: 5
08-10 15:03:18.347 24460 25662 D cellinfo: 46 bytes from 44.241.174.93: icmp_seq=556 ttl=28 time=137 ms
08-10 15:03:18.374 24460 24460 D cellinfo: onsignalStrengthsChanged: LTE Signal Strength info: rsrp: -101 rsrq: -13 rssi: -69 rssnr: 5
08-10 15:03:18.506 24460 25662 D cellinfo: 46 bytes from 44.241.174.93: icmp_seq=557 ttl=28 time=96.6 ms
08-10 15:03:18.710 24460 25662 D cellinfo: 46 bytes from 44.241.174.93: icmp_seq=558 ttl=28 time=100 ms
08-10 15:03:18.727 24460 24460 D cellinfo: onCellInfoChanged: Operator: AT&T...1 UpdateTimestamp: 170071465 CellConnectionStatus: 0
08-10 15:03:18.727 24460 24460 D cellinfo: onCellInfoChanged: LTE Cell Bands: [2] Bandwidth: 2147483647 Cell ID: 115460360 Physical Cell ID: 417 Tracking Area Code: 39173 EARFCN: 1100
08-10 15:03:18.905 24460 25662 D cellinfo: 46 bytes from 44.241.174.93: icmp_seq=559 ttl=28 time=94.6 ms
08-10 15:03:19.105 24460 25662 D cellinfo: 46 bytes from 44.241.174.93: icmp_seq=560 ttl=28 time=93.4 ms
08-10 15:03:19.307 24460 25662 D cellinfo: 46 bytes from 44.241.174.93: icmp_seq=561 ttl=28 time=92.6 ms
08-10 15:03:19.507 24460 25662 D cellinfo: 46 bytes from 44.241.174.93: icmp_seq=562 ttl=28 time=90.1 ms
08-10 15:03:19.745 24460 25662 D cellinfo: 46 bytes from 44.241.174.93: icmp_seq=563 ttl=28 time=129 ms
08-10 15:03:19.902 24460 25662 D cellinfo: 46 bytes from 44.241.174.93: icmp_seq=564 ttl=28 time=84.7 ms
08-10 15:03:20.101 24460 25662 D cellinfo: 46 bytes from 44.241.174.93: icmp_seq=565 ttl=28 time=83.2 ms
08-10 15:03:20.313 24460 25662 D cellinfo: 46 bytes from 44.241.174.93: icmp_seq=566 ttl=28 time=92.6 ms
08-10 15:03:20.513 24460 25662 D cellinfo: 46 bytes from 44.241.174.93: icmp_seq=567 ttl=28 time=91.2 ms
08-10 15:03:20.699 24460 24460 D cellinfo: Latitude is 40.7129796
08-10 15:03:20.699 24460 24460 D cellinfo: Longitude is -111.8710906
08-10 15:03:20.699 24460 24460 D cellinfo: Instantaneous GPS information: United States, 2685 UT-71, Salt Lake City, UT 84106, USA
08-10 15:03:20.699 24460 24460 D cellinfo: getCurrentLocation() result: Location (success): 40.7129796, -111.8710906
08-10 15:03:20.701 24460 24460 D cellinfo: onsignalStrengthsChanged: LTE Signal Strength info: rsrp: -101 rsrq: -13 rssi: -71 rssnr: 5
08-10 15:03:20.714 24460 25662 D cellinfo: 46 bytes from 44.241.174.93: icmp_seq=568 ttl=28 time=91.9 ms
08-10 15:03:20.912 24460 25662 D cellinfo: 46 bytes from 44.241.174.93: icmp_seq=569 ttl=28 time=89.3 ms
08-10 15:03:21.112 24460 25662 D cellinfo: 46 bytes from 44.241.174.93: icmp_seq=570 ttl=28 time=89.0 ms
08-10 15:03:21.189 24460 24460 D cellinfo: onsignalStrengthsChanged: LTE Signal Strength info: rsrp: -100 rsrq: -13 rssi: -71 rssnr: 5
08-10 15:03:21.605 24460 25662 D cellinfo: 46 bytes from 44.241.174.93: icmp_seq=571 ttl=28 time=378 ms
08-10 15:03:21.605 24460 25662 D cellinfo: 46 bytes from 44.241.174.93: icmp_seq=572 ttl=28 time=172 ms
08-10 15:03:21.721 24460 25662 D cellinfo: 46 bytes from 44.241.174.93: icmp_seq=573 ttl=28 time=88.7 ms
08-10 15:03:21.922 24460 25662 D cellinfo: 46 bytes from 44.241.174.93: icmp_seq=574 ttl=28 time=87.4 ms
08-10 15:03:22.155 24460 25662 D cellinfo: 46 bytes from 44.241.174.93: icmp_seq=575 ttl=28 time=118 ms
08-10 15:03:22.159 24460 24460 D cellinfo: Latitude is 40.7129674
08-10 15:03:22.159 24460 24460 D cellinfo: Longitude is -111.8707492
08-10 15:03:22.159 24460 24460 D cellinfo: Instantaneous GPS information: United States, 2653 700 E, Salt Lake City, UT 84106, USA
08-10 15:03:22.159 24460 24460 D cellinfo: getCurrentLocation() result: Location (success): 40.7129674, -111.8707492
08-10 15:03:22.161 24460 24460 D cellinfo: onCellInfoChanged: Operator: AT&T...1 UpdateTimestamp: 170074475 CellConnectionStatus: 0
08-10 15:03:22.161 24460 24460 D cellinfo: onCellInfoChanged: LTE Cell Bands: [2] Bandwidth: 2147483647 Cell ID: 115460360 Physical Cell ID: 417 Tracking Area Code: 39173 EARFCN: 1100
08-10 15:03:22.387 24460 25662 D cellinfo: 46 bytes from 44.241.174.93: icmp_seq=576 ttl=28 time=147 ms
