08-10 15:05:28.452 24460 25662 D cellinfo: 46 bytes from 44.241.174.93: icmp_seq=1204 ttl=28 time=90.2 ms
08-10 15:05:28.665 24460 25662 D cellinfo: 46 bytes from 44.241.174.93: icmp_seq=1205 ttl=28 time=103 ms
08-10 15:05:28.905 24460 25662 D cellinfo: 46 bytes from 44.241.174.93: icmp_seq=1206 ttl=28 time=142 ms
08-10 15:05:29.066 24460 25662 D cellinfo: 46 bytes from 44.241.174.93: icmp_seq=1207 ttl=28 time=102 ms
08-10 15:05:29.266 24460 25662 D cellinfo: 46 bytes from 44.241.174.93: icmp_seq=1208 ttl=28 time=101 ms
08-10 15:05:29.466 24460 25662 D cellinfo: 46 bytes from 44.241.174.93: icmp_seq=1209 ttl=28 time=101 ms
08-10 15:05:29.666 24460 25662 D cellinfo: 46 bytes from 44.241.174.93: icmp_seq=1210 ttl=28 time=100 ms
08-10 15:05:29.905 24460 25662 D cellinfo: 46 bytes from 44.241.174.93: icmp_seq=1211 ttl=28 time=140 ms
08-10 15:05:30.067 24460 25662 D cellinfo: 46 bytes from 44.241.174.93: icmp_seq=1212 ttl=28 time=98.1 ms
08-10 15:05:30.266 24460 25662 D cellinfo: 46 bytes from 44.241.174.93: icmp_seq=1213 ttl=28 time=97.5 ms
08-10 15:05:30.467 24460 25662 D cellinfo: 46 bytes from 44.241.174.93: icmp_seq=1214 ttl=28 time=96.4 ms
08-10 15:05:30.540 24460 24460 D cellinfo: onsignalStrengthsChanged: LTE Signal Strength info: rsrp: -103 rsrq: -13 rssi: -71 rssnr: 5
08-10 15:05:30.705 24460 25662 D cellinfo: 46 bytes from 44.241.174.93: icmp_seq=1215 ttl=28 time=135 ms
08-10 15:05:30.866 24460 25662 D cellinfo: 46 bytes from 44.241.174.93: icmp_seq=1216 ttl=28 time=94.5 ms
08-10 15:05:31.000 24460 24460 D cellinfo: onCellInfoChanged: Operator: AT&T...1 UpdateTimestamp: 170203733 CellConnectionStatus: 0
08-10 15:05:31.000 24460 24460 D cellinfo: onCellInfoChanged: LTE Cell Bands: [2] Bandwidth: 2147483647 Cell ID: 115460360 Physical Cell ID: 417 Tracking Area Code: 39173 EARFCN: 1100
08-10 15:05:31.105 24460 25662 D cellinfo: 46 bytes from 44.241.174.93: icmp_seq=1217 ttl=28 time=134 ms
08-10 15:05:31.269 24460 25662 D cellinfo: 46 bytes from 44.241.174.93: icmp_seq=1218 ttl=28 time=98.3 ms
08-10 15:05:31.507 24460 25662 D cellinfo: 46 bytes from 44.241.174.93: icmp_seq=1219 ttl=28 time=133 ms
08-10 15:05:31.666 24460 25662 D cellinfo: 46 bytes from 44.241.174.93: icmp_seq=1220 ttl=28 time=93.5 ms
08-10 15:05:31.825 24460 24460 D cellinfo: Latitude is 40.7129717
08-10 15:05:31.825 24460 24460 D cellinfo: Longitude is -111.8707267
08-10 15:05:31.825 24460 24460 D cellinfo: Instantaneous GPS information: United States, 2653 700 E, Salt Lake City, UT 84106, USA
08-10 15:05:31.825 24460 24460 D cellinfo: getCurrentLocation() result: Location (success): 40.7129717, -111.8707267
08-10 15:05:31.905 24460 25662 D cellinfo: 46 bytes from 44.241.174.93: icmp_seq=1221 ttl=28 time=132 ms
08-10 15:05:32.066 24460 25662 D cellinfo: 46 bytes from 44.241.174.93: icmp_seq=1222 ttl=28 time=92.3 ms
08-10 15:05:32.264 24460 25662 D cellinfo: 46 bytes from 44.241.174.93: icmp_seq=1223 ttl=28 time=89.3 ms
08-10 15:05:32.466 24460 25662 D cellinfo: 46 bytes from 44.241.174.93: icmp_seq=1224 ttl=28 time=91.5 ms
08-10 15:05:32.663 24460 25662 D cellinfo: 46 bytes from 44.241.174.93: icmp_seq=1225 ttl=28 time=85.6 ms
08-10 15:05:32.778 24460 24460 D cellinfo: onsignalStrengthsChanged: LTE Signal Strength info: rsrp: -102 rsrq: -12 rssi: -69 rssnr: 5
08-10 15:05:32.866 24460 25662 D cellinfo: 46 bytes from 44.241.174.93: icmp_seq=1226 ttl=28 time=89.1 ms
08-10 15:05:33.108 24460 25662 D cellinfo: 46 bytes from 44.241.174.93: icmp_seq=1227 ttl=28 time=129 ms
08-10 15:05:33.263 24460 25662 D cellinfo: 46 bytes from 44.241.174.93: icmp_seq=1228 ttl=28 time=85.3 ms
08-10 15:05:33.466 24460 25662 D cellinfo: 46 bytes from 44.241.174.93: icmp_seq=1229 ttl=28 time=85.5 ms
08-10 15:05:33.706 24460 24460 D cellinfo: Latitude is 40.7129717
08-10 15:05:33.706 24460 24460 D cellinfo: Longitude is -111.8707267
08-10 15:05:33.706 24460 25662 D cellinfo: 46 bytes from 44.241.174.93: icmp_seq=1230 ttl=28 time=126 ms
08-10 15:05:33.706 24460 24460 D cellinfo: Instantaneous GPS information: United States, 2653 700 E, Salt Lake City, UT 84106, USA
08-10 15:05:33.706 24460 24460 D cellinfo: getCurrentLocation() result: Location (success): 40.7129717, -111.8707267
08-10 15:05:33.761 24460 24460 D cellinfo: onCellInfoChanged: Operator: AT&T...1 UpdateTimestamp: 170206497 CellConnectionStatus: 0
08-10 15:05:33.762 24460 24460 D cellinfo: onCellInfoChanged: LTE Cell Bands: [2] Bandwidth: 2147483647 Cell ID: 115460360 Physical Cell ID: 417 Tracking Area Code: 39173 EARFCN: 1100
08-10 15:05:33.874 24460 25662 D cellinfo: 46 bytes from 44.241.174.93: icmp_seq=1231 ttl=28 time=92.8 ms
08-10 15:05:34.106 24460 25662 D cellinfo: 46 bytes from 44.241.174.93: icmp_seq=1232 ttl=28 time=123 ms
08-10 15:05:34.307 24460 25662 D cellinfo: 46 bytes from 44.241.174.93: icmp_seq=1233 ttl=28 time=123 ms
08-10 15:05:34.505 24460 25662 D cellinfo: 46 bytes from 44.241.174.93: icmp_seq=1234 ttl=28 time=122 ms
08-10 15:05:34.707 24460 25662 D cellinfo: 46 bytes from 44.241.174.93: icmp_seq=1235 ttl=28 time=122 ms
08-10 15:05:34.905 24460 25662 D cellinfo: 46 bytes from 44.241.174.93: icmp_seq=1236 ttl=28 time=121 ms
08-10 15:05:35.107 24460 25662 D cellinfo: 46 bytes from 44.241.174.93: icmp_seq=1237 ttl=28 time=120 ms
08-10 15:05:35.307 24460 25662 D cellinfo: 46 bytes from 44.241.174.93: icmp_seq=1238 ttl=28 time=120 ms
08-10 15:05:35.506 24460 25662 D cellinfo: 46 bytes from 44.241.174.93: icmp_seq=1239 ttl=28 time=119 ms
08-10 15:05:35.671 24460 25662 D cellinfo: 46 bytes from 44.241.174.93: icmp_seq=1240 ttl=28 time=83.3 ms
08-10 15:05:35.905 24460 25662 D cellinfo: 46 bytes from 44.241.174.93: icmp_seq=1241 ttl=28 time=116 ms
08-10 15:05:36.147 24460 25662 D cellinfo: 46 bytes from 44.241.174.93: icmp_seq=1242 ttl=28 time=156 ms
08-10 15:05:36.283 24460 25662 D cellinfo: 46 bytes from 44.241.174.93: icmp_seq=1243 ttl=28 time=90.6 ms
08-10 15:05:36.548 24460 25662 D cellinfo: 46 bytes from 44.241.174.93: icmp_seq=1244 ttl=28 time=155 ms
08-10 15:05:36.703 24460 24460 D cellinfo: Latitude is 40.7129717
08-10 15:05:36.703 24460 24460 D cellinfo: Longitude is -111.8707267
08-10 15:05:36.703 24460 24460 D cellinfo: Instantaneous GPS information: United States, 2653 700 E, Salt Lake City, UT 84106, USA
08-10 15:05:36.703 24460 24460 D cellinfo: getCurrentLocation() result: Location (success): 40.7129717, -111.8707267
08-10 15:05:36.705 24460 25662 D cellinfo: 46 bytes from 44.241.174.93: icmp_seq=1245 ttl=28 time=112 ms
08-10 15:05:36.761 24460 24460 D cellinfo: onCellInfoChanged: Operator: AT&T...1 UpdateTimestamp: 170209498 CellConnectionStatus: 0
08-10 15:05:36.761 24460 24460 D cellinfo: onCellInfoChanged: LTE Cell Bands: [2] Bandwidth: 2147483647 Cell ID: 115460360 Physical Cell ID: 417 Tracking Area Code: 39173 EARFCN: 1100
08-10 15:05:36.945 24460 25662 D cellinfo: 46 bytes from 44.241.174.93: icmp_seq=1246 ttl=28 time=151 ms
08-10 15:05:37.106 24460 25662 D cellinfo: 46 bytes from 44.241.174.93: icmp_seq=1247 ttl=28 time=110 ms
08-10 15:05:37.282 24460 25662 D cellinfo: 46 bytes from 44.241.174.93: icmp_seq=1248 ttl=28 time=86.5 ms
08-10 15:05:37.505 24460 25662 D cellinfo: 46 bytes from 44.241.174.93: icmp_seq=1249 ttl=28 time=109 ms
08-10 15:05:37.745 24460 25662 D cellinfo: 46 bytes from 44.241.174.93: icmp_seq=1250 ttl=28 time=148 ms
08-10 15:05:37.907 24460 25662 D cellinfo: 46 bytes from 44.241.174.93: icmp_seq=1251 ttl=28 time=107 ms
08-10 15:05:38.145 24460 25662 D cellinfo: 46 bytes from 44.241.174.93: icmp_seq=1252 ttl=28 time=146 ms
08-10 15:05:38.292 24460 25662 D cellinfo: 46 bytes from 44.241.174.93: icmp_seq=1253 ttl=28 time=91.6 ms
08-10 15:05:38.545 24460 25662 D cellinfo: 46 bytes from 44.241.174.93: icmp_seq=1254 ttl=28 time=144 ms
08-10 15:05:38.706 24460 25662 D cellinfo: 46 bytes from 44.241.174.93: icmp_seq=1255 ttl=28 time=104 ms
08-10 15:05:38.906 24460 25662 D cellinfo: 46 bytes from 44.241.174.93: icmp_seq=1256 ttl=28 time=102 ms
08-10 15:05:39.147 24460 25662 D cellinfo: 46 bytes from 44.241.174.93: icmp_seq=1257 ttl=28 time=144 ms
08-10 15:05:39.307 24460 25662 D cellinfo: 46 bytes from 44.241.174.93: icmp_seq=1258 ttl=28 time=101 ms
08-10 15:05:39.499 24460 24460 D cellinfo: onsignalStrengthsChanged: LTE Signal Strength info: rsrp: -101 rsrq: -12 rssi: -71 rssnr: 4
08-10 15:05:39.506 24460 25662 D cellinfo: 46 bytes from 44.241.174.93: icmp_seq=1259 ttl=28 time=101 ms
08-10 15:05:39.709 24460 24460 D cellinfo: Latitude is 40.7129717
08-10 15:05:39.709 24460 24460 D cellinfo: Longitude is -111.8707267
08-10 15:05:39.709 24460 24460 D cellinfo: Instantaneous GPS information: United States, 2653 700 E, Salt Lake City, UT 84106, USA
08-10 15:05:39.709 24460 24460 D cellinfo: getCurrentLocation() result: Location (success): 40.7129717, -111.8707267
08-10 15:05:39.745 24460 25662 D cellinfo: 46 bytes from 44.241.174.93: icmp_seq=1260 ttl=28 time=140 ms
08-10 15:05:39.761 24460 24460 D cellinfo: onCellInfoChanged: Operator: AT&T...1 UpdateTimestamp: 170212488 CellConnectionStatus: 0
08-10 15:05:39.761 24460 24460 D cellinfo: onCellInfoChanged: LTE Cell Bands: [2] Bandwidth: 2147483647 Cell ID: 115460360 Physical Cell ID: 417 Tracking Area Code: 39173 EARFCN: 1100
08-10 15:05:39.906 24460 25662 D cellinfo: 46 bytes from 44.241.174.93: icmp_seq=1261 ttl=28 time=99.6 ms
08-10 15:05:40.145 24460 25662 D cellinfo: 46 bytes from 44.241.174.93: icmp_seq=1262 ttl=28 time=137 ms
08-10 15:05:40.306 24460 25662 D cellinfo: 46 bytes from 44.241.174.93: icmp_seq=1263 ttl=28 time=96.7 ms
08-10 15:05:40.506 24460 25662 D cellinfo: 46 bytes from 44.241.174.93: icmp_seq=1264 ttl=28 time=95.9 ms
08-10 15:05:40.706 24460 25662 D cellinfo: 46 bytes from 44.241.174.93: icmp_seq=1265 ttl=28 time=95.3 ms
08-10 15:05:40.945 24460 25662 D cellinfo: 46 bytes from 44.241.174.93: icmp_seq=1266 ttl=28 time=134 ms
08-10 15:05:41.107 24460 25662 D cellinfo: 46 bytes from 44.241.174.93: icmp_seq=1267 ttl=28 time=94.3 ms
08-10 15:05:41.310 24460 25662 D cellinfo: 46 bytes from 44.241.174.93: icmp_seq=1268 ttl=28 time=97.1 ms
08-10 15:05:41.507 24460 25662 D cellinfo: 46 bytes from 44.241.174.93: icmp_seq=1269 ttl=28 time=91.5 ms
08-10 15:05:41.743 24460 24460 D cellinfo: onsignalStrengthsChanged: LTE Signal Strength info: rsrp: -101 rsrq: -12 rssi: -69 rssnr: 4
08-10 15:05:41.745 24460 25662 D cellinfo: 46 bytes from 44.241.174.93: icmp_seq=1270 ttl=28 time=130 ms
08-10 15:05:41.906 24460 25662 D cellinfo: 46 bytes from 44.241.174.93: icmp_seq=1271 ttl=28 time=89.9 ms
08-10 15:05:42.109 24460 25662 D cellinfo: 46 bytes from 44.241.174.93: icmp_seq=1272 ttl=28 time=92.8 ms
08-10 15:05:42.306 24460 25662 D cellinfo: 46 bytes from 44.241.174.93: icmp_seq=1273 ttl=28 time=88.5 ms
08-10 15:05:42.545 24460 25662 D cellinfo: 46 bytes from 44.241.174.93: icmp_seq=1274 ttl=28 time=127 ms
08-10 15:05:42.706 24460 25662 D cellinfo: 46 bytes from 44.241.174.93: icmp_seq=1275 ttl=28 time=86.9 ms
08-10 15:05:42.752 24460 24460 D cellinfo: onCellInfoChanged: Operator: AT&T...1 UpdateTimestamp: 170215486 CellConnectionStatus: 0
08-10 15:05:42.752 24460 24460 D cellinfo: onCellInfoChanged: LTE Cell Bands: [2] Bandwidth: 2147483647 Cell ID: 115460360 Physical Cell ID: 417 Tracking Area Code: 39173 EARFCN: 1100
08-10 15:05:42.962 24460 25662 D cellinfo: 46 bytes from 44.241.174.93: icmp_seq=1276 ttl=28 time=143 ms
08-10 15:05:43.111 24460 25662 D cellinfo: 46 bytes from 44.241.174.93: icmp_seq=1277 ttl=28 time=90.9 ms
08-10 15:05:43.346 24460 25662 D cellinfo: 46 bytes from 44.241.174.93: icmp_seq=1278 ttl=28 time=123 ms
08-10 15:05:43.512 24460 25662 D cellinfo: 46 bytes from 44.241.174.93: icmp_seq=1279 ttl=28 time=87.7 ms
08-10 15:05:43.745 24460 25662 D cellinfo: 46 bytes from 44.241.174.93: icmp_seq=1280 ttl=28 time=121 ms
08-10 15:05:43.819 24460 24460 D cellinfo: Latitude is 40.712972
08-10 15:05:43.819 24460 24460 D cellinfo: Longitude is -111.870739
08-10 15:05:43.819 24460 24460 D cellinfo: Instantaneous GPS information: United States, 2653 700 E, Salt Lake City, UT 84106, USA
08-10 15:05:43.819 24460 24460 D cellinfo: getCurrentLocation() result: Location (success): 40.712972, -111.870739
08-10 15:05:43.945 24460 25662 D cellinfo: 46 bytes from 44.241.174.93: icmp_seq=1281 ttl=28 time=120 ms
08-10 15:05:44.146 24460 25662 D cellinfo: 46 bytes from 44.241.174.93: icmp_seq=1282 ttl=28 time=119 ms
08-10 15:05:44.347 24460 25662 D cellinfo: 46 bytes from 44.241.174.93: icmp_seq=1283 ttl=28 time=117 ms
08-10 15:05:44.546 24460 25662 D cellinfo: 46 bytes from 44.241.174.93: icmp_seq=1284 ttl=28 time=117 ms
08-10 15:05:44.746 24460 25662 D cellinfo: 46 bytes from 44.241.174.93: icmp_seq=1285 ttl=28 time=116 ms
08-10 15:05:44.946 24460 25662 D cellinfo: 46 bytes from 44.241.174.93: icmp_seq=1286 ttl=28 time=115 ms
08-10 15:05:45.146 24460 25662 D cellinfo: 46 bytes from 44.241.174.93: icmp_seq=1287 ttl=28 time=114 ms
08-10 15:05:45.346 24460 25662 D cellinfo: 46 bytes from 44.241.174.93: icmp_seq=1288 ttl=28 time=113 ms
08-10 15:05:45.546 24460 25662 D cellinfo: 46 bytes from 44.241.174.93: icmp_seq=1289 ttl=28 time=112 ms
08-10 15:05:45.709 24460 24460 D cellinfo: Latitude is 40.712972
08-10 15:05:45.709 24460 24460 D cellinfo: Longitude is -111.870739
08-10 15:05:45.709 24460 24460 D cellinfo: Instantaneous GPS information: United States, 2653 700 E, Salt Lake City, UT 84106, USA
08-10 15:05:45.709 24460 24460 D cellinfo: getCurrentLocation() result: Location (success): 40.712972, -111.870739
08-10 15:05:45.745 24460 25662 D cellinfo: 46 bytes from 44.241.174.93: icmp_seq=1290 ttl=28 time=111 ms
08-10 15:05:45.776 24460 24460 D cellinfo: onCellInfoChanged: Operator: AT&T...1 UpdateTimestamp: 170218513 CellConnectionStatus: 0
08-10 15:05:45.776 24460 24460 D cellinfo: onCellInfoChanged: LTE Cell Bands: [2] Bandwidth: 2147483647 Cell ID: 115460360 Physical Cell ID: 417 Tracking Area Code: 39173 EARFCN: 1100
08-10 15:05:45.986 24460 25662 D cellinfo: 46 bytes from 44.241.174.93: icmp_seq=1291 ttl=28 time=149 ms
08-10 15:05:46.146 24460 25662 D cellinfo: 46 bytes from 44.241.174.93: icmp_seq=1292 ttl=28 time=107 ms
08-10 15:05:46.386 24460 25662 D cellinfo: 46 bytes from 44.241.174.93: icmp_seq=1293 ttl=28 time=146 ms
08-10 15:05:46.545 24460 25662 D cellinfo: 46 bytes from 44.241.174.93: icmp_seq=1294 ttl=28 time=105 ms
08-10 15:05:46.786 24460 25662 D cellinfo: 46 bytes from 44.241.174.93: icmp_seq=1295 ttl=28 time=144 ms
08-10 15:05:46.946 24460 25662 D cellinfo: 46 bytes from 44.241.174.93: icmp_seq=1296 ttl=28 time=104 ms
08-10 15:05:47.187 24460 25662 D cellinfo: 46 bytes from 44.241.174.93: icmp_seq=1297 ttl=28 time=144 ms
08-10 15:05:47.346 24460 25662 D cellinfo: 46 bytes from 44.241.174.93: icmp_seq=1298 ttl=28 time=103 ms
08-10 15:05:47.586 24460 25662 D cellinfo: 46 bytes from 44.241.174.93: icmp_seq=1299 ttl=28 time=143 ms
08-10 15:05:47.745 24460 25662 D cellinfo: 46 bytes from 44.241.174.93: icmp_seq=1300 ttl=28 time=102 ms
08-10 15:05:47.987 24460 25662 D cellinfo: 46 bytes from 44.241.174.93: icmp_seq=1301 ttl=28 time=142 ms
08-10 15:05:48.145 24460 25662 D cellinfo: 46 bytes from 44.241.174.93: icmp_seq=1302 ttl=28 time=101 ms
08-10 15:05:48.223 24460 24460 D cellinfo: onsignalStrengthsChanged: LTE Signal Strength info: rsrp: -101 rsrq: -13 rssi: -67 rssnr: 6
08-10 15:05:48.385 24460 25662 D cellinfo: 46 bytes from 44.241.174.93: icmp_seq=1303 ttl=28 time=140 ms
08-10 15:05:48.547 24460 25662 D cellinfo: 46 bytes from 44.241.174.93: icmp_seq=1304 ttl=28 time=100 ms
08-10 15:05:48.743 24460 24460 D cellinfo: Latitude is 40.712972
08-10 15:05:48.743 24460 24460 D cellinfo: Longitude is -111.870739
08-10 15:05:48.743 24460 24460 D cellinfo: Instantaneous GPS information: United States, 2653 700 E, Salt Lake City, UT 84106, USA
08-10 15:05:48.743 24460 24460 D cellinfo: getCurrentLocation() result: Location (success): 40.712972, -111.870739
08-10 15:05:48.749 24460 24460 D cellinfo: onCellInfoChanged: Operator: AT&T...1 UpdateTimestamp: 170221488 CellConnectionStatus: 0
08-10 15:05:48.749 24460 24460 D cellinfo: onCellInfoChanged: LTE Cell Bands: [2] Bandwidth: 2147483647 Cell ID: 115460360 Physical Cell ID: 417 Tracking Area Code: 39173 EARFCN: 1100
08-10 15:05:48.785 24460 25662 D cellinfo: 46 bytes from 44.241.174.93: icmp_seq=1305 ttl=28 time=137 ms
08-10 15:05:48.944 24460 25662 D cellinfo: 46 bytes from 44.241.174.93: icmp_seq=1306 ttl=28 time=96.4 ms
08-10 15:06:55.764 31416 31416 D cellinfo: Country == United States
08-10 15:06:55.764 31416 31416 D cellinfo: City == Salt Lake City
08-10 15:06:55.764 31416 31416 D cellinfo: GPS Info == 2653 700 E, Salt Lake City, UT 84106, USA
08-10 15:06:55.764 31416 31416 D cellinfo: Network Operator == AT&T
08-10 15:06:55.764 31416 31416 D cellinfo: User movement == Static
08-10 15:06:55.764 31416 31416 D cellinfo: isEastCoast == false
08-10 15:06:55.764 31416 31416 D cellinfo: isWestCoast == true
08-10 15:06:55.764 31416 31416 D cellinfo: isBoston == false
08-10 15:06:55.764 31416 31416 D cellinfo: All GPS info fetched. Saving city and country info
08-10 15:06:55.764 31416 31507 D cellinfo: Timestamp: 1660165615
08-10 15:06:56.279 31416 31511 D cellinfo: Logging started
08-10 15:06:56.286 31416 31416 D cellinfo: onServiceStateChanged: Channel Number: 1100 Cell Bandwidths: [20000, 10000, 10000]
08-10 15:06:56.286 31416 31416 D cellinfo: onsignalStrengthsChanged: LTE Signal Strength info: rsrp: -102 rsrq: -11 rssi: -73 rssnr: 8
08-10 15:06:56.302 31416 31416 D cellinfo: onCellInfoChanged: Operator: AT&T...1 UpdateTimestamp: 170288601 CellConnectionStatus: 0
08-10 15:06:56.302 31416 31416 D cellinfo: onCellInfoChanged: LTE Cell Bands: [2] Bandwidth: 2147483647 Cell ID: 115460360 Physical Cell ID: 417 Tracking Area Code: 39173 EARFCN: 1100
08-10 15:06:56.303 31416 31416 D cellinfo: onDisplayInfoChanged: NetworkType: LTE OverrideNetworkType: 5G (Sub-6 GHz)
08-10 15:06:56.782 31416 31507 D cellinfo: Ping command fired: /system/bin/ping -i 0.2 -s 38 44.241.174.93
08-10 15:06:56.980 31416 31507 D cellinfo: PING 44.241.174.93 (44.241.174.93) 38(66) bytes of data.
08-10 15:06:56.980 31416 31507 D cellinfo: 46 bytes from 44.241.174.93: icmp_seq=1 ttl=28 time=187 ms
08-10 15:06:57.014 31416 31416 D cellinfo: onsignalStrengthsChanged: LTE Signal Strength info: rsrp: -102 rsrq: -11 rssi: -69 rssnr: 9
08-10 15:06:57.140 31416 31507 D cellinfo: 46 bytes from 44.241.174.93: icmp_seq=2 ttl=28 time=147 ms
08-10 15:06:57.283 31416 31507 D cellinfo: 46 bytes from 44.241.174.93: icmp_seq=3 ttl=28 time=91.3 ms
08-10 15:06:57.491 31416 31507 D cellinfo: 46 bytes from 44.241.174.93: icmp_seq=4 ttl=28 time=93.5 ms
08-10 15:06:57.676 31416 31507 D cellinfo: 46 bytes from 44.241.174.93: icmp_seq=5 ttl=28 time=80.8 ms
08-10 15:06:57.869 31416 31416 D cellinfo: Latitude is 40.7127944
08-10 15:06:57.869 31416 31416 D cellinfo: Longitude is -111.870842
08-10 15:06:57.869 31416 31416 D cellinfo: Instantaneous GPS information: United States, 2685 700 E, Salt Lake City, UT 84106, USA
08-10 15:06:57.869 31416 31416 D cellinfo: getCurrentLocation() result: Location (success): 40.7127944, -111.870842
08-10 15:06:57.886 31416 31507 D cellinfo: 46 bytes from 44.241.174.93: icmp_seq=6 ttl=28 time=89.9 ms
08-10 15:06:58.086 31416 31507 D cellinfo: 46 bytes from 44.241.174.93: icmp_seq=7 ttl=28 time=89.4 ms
08-10 15:06:58.286 31416 31507 D cellinfo: 46 bytes from 44.241.174.93: icmp_seq=8 ttl=28 time=89.6 ms
08-10 15:06:58.500 31416 31507 D cellinfo: 46 bytes from 44.241.174.93: icmp_seq=9 ttl=28 time=102 ms
08-10 15:06:58.741 31416 31507 D cellinfo: 46 bytes from 44.241.174.93: icmp_seq=10 ttl=28 time=142 ms
08-10 15:06:58.776 31416 31416 D cellinfo: Latitude is 40.7127944
08-10 15:06:58.776 31416 31416 D cellinfo: Longitude is -111.870842
08-10 15:06:58.776 31416 31416 D cellinfo: Instantaneous GPS information: United States, 2685 700 E, Salt Lake City, UT 84106, USA
08-10 15:06:58.776 31416 31416 D cellinfo: getCurrentLocation() result: Location (success): 40.7127944, -111.870842
08-10 15:06:58.811 31416 31416 D cellinfo: onCellInfoChanged: Operator: AT&T...1 UpdateTimestamp: 170291546 CellConnectionStatus: 0
08-10 15:06:58.811 31416 31416 D cellinfo: onCellInfoChanged: LTE Cell Bands: [2] Bandwidth: 2147483647 Cell ID: 115460360 Physical Cell ID: 417 Tracking Area Code: 39173 EARFCN: 1100
08-10 15:06:58.900 31416 31507 D cellinfo: 46 bytes from 44.241.174.93: icmp_seq=11 ttl=28 time=101 ms
08-10 15:06:59.141 31416 31507 D cellinfo: 46 bytes from 44.241.174.93: icmp_seq=12 ttl=28 time=140 ms
08-10 15:06:59.300 31416 31507 D cellinfo: 46 bytes from 44.241.174.93: icmp_seq=13 ttl=28 time=101 ms
08-10 15:06:59.543 31416 31507 D cellinfo: 46 bytes from 44.241.174.93: icmp_seq=14 ttl=28 time=142 ms
08-10 15:06:59.700 31416 31507 D cellinfo: 46 bytes from 44.241.174.93: icmp_seq=15 ttl=28 time=99.6 ms
08-10 15:06:59.901 31416 31507 D cellinfo: 46 bytes from 44.241.174.93: icmp_seq=16 ttl=28 time=99.0 ms
08-10 15:07:00.015 31416 31416 D cellinfo: onsignalStrengthsChanged: LTE Signal Strength info: rsrp: -102 rsrq: -11 rssi: -71 rssnr: 8
08-10 15:07:00.100 31416 31507 D cellinfo: 46 bytes from 44.241.174.93: icmp_seq=17 ttl=28 time=96.6 ms
08-10 15:07:00.341 31416 31507 D cellinfo: 46 bytes from 44.241.174.93: icmp_seq=18 ttl=28 time=136 ms
08-10 15:07:00.501 31416 31507 D cellinfo: 46 bytes from 44.241.174.93: icmp_seq=19 ttl=28 time=96.3 ms
08-10 15:07:00.700 31416 31507 D cellinfo: 46 bytes from 44.241.174.93: icmp_seq=20 ttl=28 time=93.1 ms
08-10 15:07:00.901 31416 31507 D cellinfo: 46 bytes from 44.241.174.93: icmp_seq=21 ttl=28 time=92.0 ms
08-10 15:07:01.101 31416 31507 D cellinfo: 46 bytes from 44.241.174.93: icmp_seq=22 ttl=28 time=92.7 ms
08-10 15:07:01.301 31416 31507 D cellinfo: 46 bytes from 44.241.174.93: icmp_seq=23 ttl=28 time=91.5 ms
08-10 15:07:01.500 31416 31507 D cellinfo: 46 bytes from 44.241.174.93: icmp_seq=24 ttl=28 time=90.3 ms
08-10 15:07:01.701 31416 31507 D cellinfo: 46 bytes from 44.241.174.93: icmp_seq=25 ttl=28 time=88.8 ms
08-10 15:07:01.768 31416 31416 D cellinfo: Latitude is 40.7127944
08-10 15:07:01.768 31416 31416 D cellinfo: Longitude is -111.870842
08-10 15:07:01.768 31416 31416 D cellinfo: Instantaneous GPS information: United States, 2685 700 E, Salt Lake City, UT 84106, USA
08-10 15:07:01.768 31416 31416 D cellinfo: getCurrentLocation() result: Location (success): 40.7127944, -111.870842
08-10 15:07:01.810 31416 31416 D cellinfo: onCellInfoChanged: Operator: AT&T...1 UpdateTimestamp: 170294545 CellConnectionStatus: 0
08-10 15:07:01.810 31416 31416 D cellinfo: onCellInfoChanged: LTE Cell Bands: [2] Bandwidth: 2147483647 Cell ID: 115460360 Physical Cell ID: 417 Tracking Area Code: 39173 EARFCN: 1100
08-10 15:07:01.942 31416 31507 D cellinfo: 46 bytes from 44.241.174.93: icmp_seq=26 ttl=28 time=129 ms
08-10 15:07:02.105 31416 31507 D cellinfo: 46 bytes from 44.241.174.93: icmp_seq=27 ttl=28 time=91.3 ms
08-10 15:07:02.310 31416 31507 D cellinfo: 46 bytes from 44.241.174.93: icmp_seq=28 ttl=28 time=95.9 ms
08-10 15:07:02.507 31416 31507 D cellinfo: 46 bytes from 44.241.174.93: icmp_seq=29 ttl=28 time=92.1 ms
08-10 15:07:02.742 31416 31507 D cellinfo: 46 bytes from 44.241.174.93: icmp_seq=30 ttl=28 time=127 ms
08-10 15:07:02.907 31416 31507 D cellinfo: 46 bytes from 44.241.174.93: icmp_seq=31 ttl=28 time=89.8 ms
08-10 15:07:03.021 31416 31416 D cellinfo: onsignalStrengthsChanged: LTE Signal Strength info: rsrp: -102 rsrq: -11 rssi: -69 rssnr: 7
08-10 15:07:03.141 31416 31507 D cellinfo: 46 bytes from 44.241.174.93: icmp_seq=32 ttl=28 time=122 ms
08-10 15:07:03.380 31416 31507 D cellinfo: 46 bytes from 44.241.174.93: icmp_seq=33 ttl=28 time=159 ms
08-10 15:07:03.540 31416 31507 D cellinfo: 46 bytes from 44.241.174.93: icmp_seq=34 ttl=28 time=119 ms
08-10 15:07:03.780 31416 31507 D cellinfo: 46 bytes from 44.241.174.93: icmp_seq=35 ttl=28 time=157 ms
08-10 15:07:03.940 31416 31507 D cellinfo: 46 bytes from 44.241.174.93: icmp_seq=36 ttl=28 time=116 ms
08-10 15:07:04.180 31416 31507 D cellinfo: 46 bytes from 44.241.174.93: icmp_seq=37 ttl=28 time=155 ms
08-10 15:07:04.342 31416 31507 D cellinfo: 46 bytes from 44.241.174.93: icmp_seq=38 ttl=28 time=115 ms
08-10 15:07:04.576 31416 31416 D cellinfo: onsignalStrengthsChanged: LTE Signal Strength info: rsrp: -102 rsrq: -11 rssi: -71 rssnr: 7
08-10 15:07:04.580 31416 31507 D cellinfo: 46 bytes from 44.241.174.93: icmp_seq=39 ttl=28 time=153 ms
08-10 15:07:04.741 31416 31507 D cellinfo: 46 bytes from 44.241.174.93: icmp_seq=40 ttl=28 time=113 ms
08-10 15:07:04.779 31416 31416 D cellinfo: Latitude is 40.7127944
08-10 15:07:04.779 31416 31416 D cellinfo: Longitude is -111.870842
08-10 15:07:04.779 31416 31416 D cellinfo: Instantaneous GPS information: United States, 2685 700 E, Salt Lake City, UT 84106, USA
08-10 15:07:04.779 31416 31416 D cellinfo: getCurrentLocation() result: Location (success): 40.7127944, -111.870842
08-10 15:07:04.815 31416 31416 D cellinfo: onCellInfoChanged: Operator: AT&T...1 UpdateTimestamp: 170297552 CellConnectionStatus: 0
08-10 15:07:04.815 31416 31416 D cellinfo: onCellInfoChanged: LTE Cell Bands: [2] Bandwidth: 2147483647 Cell ID: 115460360 Physical Cell ID: 417 Tracking Area Code: 39173 EARFCN: 1100
08-10 15:07:04.941 31416 31507 D cellinfo: 46 bytes from 44.241.174.93: icmp_seq=41 ttl=28 time=112 ms
08-10 15:07:05.148 31416 31507 D cellinfo: 46 bytes from 44.241.174.93: icmp_seq=42 ttl=28 time=119 ms
08-10 15:07:05.341 31416 31507 D cellinfo: 46 bytes from 44.241.174.93: icmp_seq=43 ttl=28 time=110 ms
08-10 15:07:05.540 31416 31507 D cellinfo: 46 bytes from 44.241.174.93: icmp_seq=44 ttl=28 time=109 ms
08-10 15:07:05.742 31416 31507 D cellinfo: 46 bytes from 44.241.174.93: icmp_seq=45 ttl=28 time=110 ms
08-10 15:07:05.941 31416 31507 D cellinfo: 46 bytes from 44.241.174.93: icmp_seq=46 ttl=28 time=108 ms
08-10 15:07:06.020 31416 31416 D cellinfo: onsignalStrengthsChanged: LTE Signal Strength info: rsrp: -102 rsrq: -11 rssi: -69 rssnr: 7
08-10 15:07:06.145 31416 31507 D cellinfo: 46 bytes from 44.241.174.93: icmp_seq=47 ttl=28 time=110 ms
08-10 15:07:06.342 31416 31507 D cellinfo: 46 bytes from 44.241.174.93: icmp_seq=48 ttl=28 time=104 ms
08-10 15:07:06.543 31416 31507 D cellinfo: 46 bytes from 44.241.174.93: icmp_seq=49 ttl=28 time=106 ms
08-10 15:07:06.741 31416 31507 D cellinfo: 46 bytes from 44.241.174.93: icmp_seq=50 ttl=28 time=102 ms
08-10 15:07:06.817 31416 31416 D cellinfo: onsignalStrengthsChanged: LTE Signal Strength info: rsrp: -102 rsrq: -11 rssi: -71 rssnr: 7
08-10 15:07:06.981 31416 31507 D cellinfo: 46 bytes from 44.241.174.93: icmp_seq=51 ttl=28 time=141 ms
08-10 15:07:07.140 31416 31507 D cellinfo: 46 bytes from 44.241.174.93: icmp_seq=52 ttl=28 time=100 ms
08-10 15:07:07.380 31416 31507 D cellinfo: 46 bytes from 44.241.174.93: icmp_seq=53 ttl=28 time=139 ms
08-10 15:07:07.541 31416 31507 D cellinfo: 46 bytes from 44.241.174.93: icmp_seq=54 ttl=28 time=98.3 ms
08-10 15:07:07.780 31416 31507 D cellinfo: 46 bytes from 44.241.174.93: icmp_seq=55 ttl=28 time=137 ms
08-10 15:07:07.805 31416 31416 D cellinfo: onCellInfoChanged: Operator: AT&T...1 UpdateTimestamp: 170300540 CellConnectionStatus: 0
08-10 15:07:07.805 31416 31416 D cellinfo: onCellInfoChanged: LTE Cell Bands: [2] Bandwidth: 2147483647 Cell ID: 115460360 Physical Cell ID: 417 Tracking Area Code: 39173 EARFCN: 1100
08-10 15:07:08.019 31416 31507 D cellinfo: 46 bytes from 44.241.174.93: icmp_seq=56 ttl=28 time=175 ms
08-10 15:07:08.181 31416 31507 D cellinfo: 46 bytes from 44.241.174.93: icmp_seq=57 ttl=28 time=136 ms
08-10 15:07:08.340 31416 31507 D cellinfo: 46 bytes from 44.241.174.93: icmp_seq=58 ttl=28 time=96.2 ms
08-10 15:07:08.544 31416 31507 D cellinfo: 46 bytes from 44.241.174.93: icmp_seq=59 ttl=28 time=99.7 ms
08-10 15:07:08.740 31416 31507 D cellinfo: 46 bytes from 44.241.174.93: icmp_seq=60 ttl=28 time=94.8 ms
08-10 15:07:08.982 31416 31507 D cellinfo: 46 bytes from 44.241.174.93: icmp_seq=61 ttl=28 time=134 ms
08-10 15:07:09.021 31416 31416 D cellinfo: onsignalStrengthsChanged: LTE Signal Strength info: rsrp: -101 rsrq: -11 rssi: -65 rssnr: 7
08-10 15:07:09.107 31416 31416 D cellinfo: Latitude is 40.7129659
08-10 15:07:09.107 31416 31416 D cellinfo: Longitude is -111.8707374
08-10 15:07:09.107 31416 31416 D cellinfo: Instantaneous GPS information: United States, 2653 700 E, Salt Lake City, UT 84106, USA
08-10 15:07:09.107 31416 31416 D cellinfo: getCurrentLocation() result: Location (success): 40.7129659, -111.8707374
08-10 15:07:09.145 31416 31507 D cellinfo: 46 bytes from 44.241.174.93: icmp_seq=62 ttl=28 time=97.9 ms
08-10 15:07:09.381 31416 31507 D cellinfo: 46 bytes from 44.241.174.93: icmp_seq=63 ttl=28 time=131 ms
08-10 15:07:09.540 31416 31507 D cellinfo: 46 bytes from 44.241.174.93: icmp_seq=64 ttl=28 time=89.7 ms
08-10 15:07:09.780 31416 31507 D cellinfo: 46 bytes from 44.241.174.93: icmp_seq=65 ttl=28 time=127 ms
08-10 15:07:09.981 31416 31507 D cellinfo: 46 bytes from 44.241.174.93: icmp_seq=66 ttl=28 time=127 ms
08-10 15:07:10.181 31416 31507 D cellinfo: 46 bytes from 44.241.174.93: icmp_seq=67 ttl=28 time=126 ms
08-10 15:07:10.381 31416 31507 D cellinfo: 46 bytes from 44.241.174.93: icmp_seq=68 ttl=28 time=126 ms
08-10 15:07:10.581 31416 31507 D cellinfo: 46 bytes from 44.241.174.93: icmp_seq=69 ttl=28 time=125 ms
08-10 15:07:10.779 31416 31416 D cellinfo: Latitude is 40.712967
08-10 15:07:10.779 31416 31416 D cellinfo: Longitude is -111.8707367
08-10 15:07:10.779 31416 31416 D cellinfo: Instantaneous GPS information: United States, 2653 700 E, Salt Lake City, UT 84106, USA
08-10 15:07:10.779 31416 31416 D cellinfo: getCurrentLocation() result: Location (success): 40.712967, -111.8707367
08-10 15:07:10.779 31416 31507 D cellinfo: 46 bytes from 44.241.174.93: icmp_seq=70 ttl=28 time=123 ms
08-10 15:07:10.845 31416 31416 D cellinfo: onCellInfoChanged: Operator: AT&T...1 UpdateTimestamp: 170303581 CellConnectionStatus: 0
08-10 15:07:10.846 31416 31416 D cellinfo: onCellInfoChanged: LTE Cell Bands: [2] Bandwidth: 2147483647 Cell ID: 115460360 Physical Cell ID: 417 Tracking Area Code: 39173 EARFCN: 1100
08-10 15:07:10.982 31416 31507 D cellinfo: 46 bytes from 44.241.174.93: icmp_seq=71 ttl=28 time=124 ms
08-10 15:07:11.181 31416 31507 D cellinfo: 46 bytes from 44.241.174.93: icmp_seq=72 ttl=28 time=122 ms
08-10 15:07:11.382 31416 31507 D cellinfo: 46 bytes from 44.241.174.93: icmp_seq=73 ttl=28 time=122 ms
08-10 15:07:11.582 31416 31507 D cellinfo: 46 bytes from 44.241.174.93: icmp_seq=74 ttl=28 time=122 ms
08-10 15:07:11.782 31416 31507 D cellinfo: 46 bytes from 44.241.174.93: icmp_seq=75 ttl=28 time=121 ms
08-10 15:07:11.947 31416 31507 D cellinfo: 46 bytes from 44.241.174.93: icmp_seq=76 ttl=28 time=86.1 ms
08-10 15:07:12.182 31416 31507 D cellinfo: 46 bytes from 44.241.174.93: icmp_seq=77 ttl=28 time=119 ms
08-10 15:07:12.355 31416 31507 D cellinfo: 46 bytes from 44.241.174.93: icmp_seq=78 ttl=28 time=92.0 ms
08-10 15:07:12.582 31416 31507 D cellinfo: 46 bytes from 44.241.174.93: icmp_seq=79 ttl=28 time=116 ms
08-10 15:07:12.820 31416 31507 D cellinfo: 46 bytes from 44.241.174.93: icmp_seq=80 ttl=28 time=153 ms
08-10 15:07:12.981 31416 31507 D cellinfo: 46 bytes from 44.241.174.93: icmp_seq=81 ttl=28 time=114 ms
08-10 15:07:13.219 31416 31507 D cellinfo: 46 bytes from 44.241.174.93: icmp_seq=82 ttl=28 time=153 ms
08-10 15:07:13.356 31416 31507 D cellinfo: 46 bytes from 44.241.174.93: icmp_seq=83 ttl=28 time=88.2 ms
08-10 15:07:13.567 31416 31507 D cellinfo: 46 bytes from 44.241.174.93: icmp_seq=84 ttl=28 time=98.9 ms
08-10 15:07:13.756 31416 31507 D cellinfo: 46 bytes from 44.241.174.93: icmp_seq=85 ttl=28 time=87.1 ms
08-10 15:07:13.777 31416 31416 D cellinfo: Latitude is 40.712967
08-10 15:07:13.777 31416 31416 D cellinfo: Longitude is -111.8707367
08-10 15:07:13.777 31416 31416 D cellinfo: Instantaneous GPS information: United States, 2653 700 E, Salt Lake City, UT 84106, USA
08-10 15:07:13.777 31416 31416 D cellinfo: getCurrentLocation() result: Location (success): 40.712967, -111.8707367
08-10 15:07:13.851 31416 31416 D cellinfo: onCellInfoChanged: Operator: AT&T...1 UpdateTimestamp: 170306583 CellConnectionStatus: 0
08-10 15:07:13.851 31416 31416 D cellinfo: onCellInfoChanged: LTE Cell Bands: [2] Bandwidth: 2147483647 Cell ID: 115460360 Physical Cell ID: 417 Tracking Area Code: 39173 EARFCN: 1100
08-10 15:07:14.019 31416 31507 D cellinfo: 46 bytes from 44.241.174.93: icmp_seq=86 ttl=28 time=150 ms
08-10 15:07:14.181 31416 31507 D cellinfo: 46 bytes from 44.241.174.93: icmp_seq=87 ttl=28 time=111 ms
08-10 15:07:14.420 31416 31507 D cellinfo: 46 bytes from 44.241.174.93: icmp_seq=88 ttl=28 time=151 ms
08-10 15:07:14.580 31416 31507 D cellinfo: 46 bytes from 44.241.174.93: icmp_seq=89 ttl=28 time=110 ms
08-10 15:07:14.822 31416 31507 D cellinfo: 46 bytes from 44.241.174.93: icmp_seq=90 ttl=28 time=150 ms
08-10 15:07:14.981 31416 31507 D cellinfo: 46 bytes from 44.241.174.93: icmp_seq=91 ttl=28 time=110 ms
08-10 15:07:15.022 31416 31416 D cellinfo: onsignalStrengthsChanged: LTE Signal Strength info: rsrp: -101 rsrq: -11 rssi: -71 rssnr: 7
08-10 15:07:15.180 31416 31507 D cellinfo: 46 bytes from 44.241.174.93: icmp_seq=92 ttl=28 time=108 ms
08-10 15:07:15.382 31416 31507 D cellinfo: 46 bytes from 44.241.174.93: icmp_seq=93 ttl=28 time=110 ms
08-10 15:07:15.582 31416 31507 D cellinfo: 46 bytes from 44.241.174.93: icmp_seq=94 ttl=28 time=109 ms
08-10 15:07:15.778 31416 31416 D cellinfo: onsignalStrengthsChanged: LTE Signal Strength info: rsrp: -100 rsrq: -11 rssi: -69 rssnr: 8
08-10 15:07:15.781 31416 31507 D cellinfo: 46 bytes from 44.241.174.93: icmp_seq=95 ttl=28 time=107 ms
08-10 15:07:15.980 31416 31507 D cellinfo: 46 bytes from 44.241.174.93: icmp_seq=96 ttl=28 time=106 ms
08-10 15:07:16.180 31416 31507 D cellinfo: 46 bytes from 44.241.174.93: icmp_seq=97 ttl=28 time=105 ms
08-10 15:07:16.380 31416 31507 D cellinfo: 46 bytes from 44.241.174.93: icmp_seq=98 ttl=28 time=105 ms
08-10 15:07:16.581 31416 31507 D cellinfo: 46 bytes from 44.241.174.93: icmp_seq=99 ttl=28 time=104 ms
08-10 15:07:16.777 31416 31416 D cellinfo: Latitude is 40.712967
08-10 15:07:16.777 31416 31416 D cellinfo: Longitude is -111.8707367
08-10 15:07:16.777 31416 31416 D cellinfo: Instantaneous GPS information: United States, 2653 700 E, Salt Lake City, UT 84106, USA
08-10 15:07:16.777 31416 31416 D cellinfo: getCurrentLocation() result: Location (success): 40.712967, -111.8707367
08-10 15:07:16.789 31416 31507 D cellinfo: 46 bytes from 44.241.174.93: icmp_seq=100 ttl=28 time=109 ms
08-10 15:07:16.832 31416 31416 D cellinfo: onCellInfoChanged: Operator: AT&T...1 UpdateTimestamp: 170309567 CellConnectionStatus: 0
08-10 15:07:16.832 31416 31416 D cellinfo: onCellInfoChanged: LTE Cell Bands: [2] Bandwidth: 2147483647 Cell ID: 115460360 Physical Cell ID: 417 Tracking Area Code: 39173 EARFCN: 1100
08-10 15:07:16.980 31416 31507 D cellinfo: 46 bytes from 44.241.174.93: icmp_seq=101 ttl=28 time=101 ms
08-10 15:07:17.223 31416 31507 D cellinfo: 46 bytes from 44.241.174.93: icmp_seq=102 ttl=28 time=140 ms
08-10 15:07:17.381 31416 31507 D cellinfo: 46 bytes from 44.241.174.93: icmp_seq=103 ttl=28 time=100 ms
08-10 15:07:17.621 31416 31507 D cellinfo: 46 bytes from 44.241.174.93: icmp_seq=104 ttl=28 time=139 ms
08-10 15:07:17.781 31416 31507 D cellinfo: 46 bytes from 44.241.174.93: icmp_seq=105 ttl=28 time=98.4 ms
08-10 15:07:18.014 31416 31416 D cellinfo: onsignalStrengthsChanged: LTE Signal Strength info: rsrp: -100 rsrq: -10 rssi: -71 rssnr: 7
08-10 15:07:18.022 31416 31507 D cellinfo: 46 bytes from 44.241.174.93: icmp_seq=106 ttl=28 time=137 ms
08-10 15:07:18.177 31416 31507 D cellinfo: 46 bytes from 44.241.174.93: icmp_seq=107 ttl=28 time=92.6 ms
08-10 15:07:18.420 31416 31507 D cellinfo: 46 bytes from 44.241.174.93: icmp_seq=108 ttl=28 time=135 ms
08-10 15:07:18.583 31416 31507 D cellinfo: 46 bytes from 44.241.174.93: icmp_seq=109 ttl=28 time=95.0 ms
08-10 15:07:18.822 31416 31507 D cellinfo: 46 bytes from 44.241.174.93: icmp_seq=110 ttl=28 time=134 ms
08-10 15:07:18.984 31416 31507 D cellinfo: 46 bytes from 44.241.174.93: icmp_seq=111 ttl=28 time=97.1 ms
08-10 15:07:19.220 31416 31507 D cellinfo: 46 bytes from 44.241.174.93: icmp_seq=112 ttl=28 time=132 ms
08-10 15:07:19.381 31416 31507 D cellinfo: 46 bytes from 44.241.174.93: icmp_seq=113 ttl=28 time=91.6 ms
08-10 15:07:19.620 31416 31507 D cellinfo: 46 bytes from 44.241.174.93: icmp_seq=114 ttl=28 time=129 ms
08-10 15:07:19.781 31416 31507 D cellinfo: 46 bytes from 44.241.174.93: icmp_seq=115 ttl=28 time=87.8 ms
08-10 15:07:19.822 31416 31416 D cellinfo: onCellInfoChanged: Operator: AT&T...1 UpdateTimestamp: 170312558 CellConnectionStatus: 0
08-10 15:07:19.822 31416 31416 D cellinfo: onCellInfoChanged: LTE Cell Bands: [2] Bandwidth: 2147483647 Cell ID: 115460360 Physical Cell ID: 417 Tracking Area Code: 39173 EARFCN: 1100
08-10 15:07:20.020 31416 31507 D cellinfo: 46 bytes from 44.241.174.93: icmp_seq=116 ttl=28 time=126 ms
08-10 15:07:20.221 31416 31507 D cellinfo: 46 bytes from 44.241.174.93: icmp_seq=117 ttl=28 time=126 ms
08-10 15:07:20.388 31416 31507 D cellinfo: 46 bytes from 44.241.174.93: icmp_seq=118 ttl=28 time=92.8 ms
08-10 15:07:20.622 31416 31507 D cellinfo: 46 bytes from 44.241.174.93: icmp_seq=119 ttl=28 time=124 ms
08-10 15:07:20.821 31416 31507 D cellinfo: 46 bytes from 44.241.174.93: icmp_seq=120 ttl=28 time=122 ms
08-10 15:07:20.883 31416 31416 D cellinfo: Latitude is 40.7129685
08-10 15:07:20.883 31416 31416 D cellinfo: Longitude is -111.8707367
08-10 15:07:20.883 31416 31416 D cellinfo: Instantaneous GPS information: United States, 2653 700 E, Salt Lake City, UT 84106, USA
08-10 15:07:20.883 31416 31416 D cellinfo: getCurrentLocation() result: Location (success): 40.7129685, -111.8707367
08-10 15:07:21.021 31416 31507 D cellinfo: 46 bytes from 44.241.174.93: icmp_seq=121 ttl=28 time=121 ms
08-10 15:07:21.021 31416 31416 D cellinfo: onsignalStrengthsChanged: LTE Signal Strength info: rsrp: -100 rsrq: -11 rssi: -67 rssnr: 6
08-10 15:07:21.222 31416 31507 D cellinfo: 46 bytes from 44.241.174.93: icmp_seq=122 ttl=28 time=122 ms
08-10 15:07:21.422 31416 31507 D cellinfo: 46 bytes from 44.241.174.93: icmp_seq=123 ttl=28 time=121 ms
08-10 15:07:21.622 31416 31507 D cellinfo: 46 bytes from 44.241.174.93: icmp_seq=124 ttl=28 time=120 ms
08-10 15:07:21.822 31416 31507 D cellinfo: 46 bytes from 44.241.174.93: icmp_seq=125 ttl=28 time=119 ms
08-10 15:07:22.023 31416 31507 D cellinfo: 46 bytes from 44.241.174.93: icmp_seq=126 ttl=28 time=117 ms
08-10 15:07:22.188 31416 31507 D cellinfo: 46 bytes from 44.241.174.93: icmp_seq=127 ttl=28 time=83.7 ms
08-10 15:07:22.422 31416 31507 D cellinfo: 46 bytes from 44.241.174.93: icmp_seq=128 ttl=28 time=116 ms
08-10 15:07:22.499 31416 31416 D cellinfo: onsignalStrengthsChanged: LTE Signal Strength info: rsrp: -101 rsrq: -11 rssi: -65 rssnr: 6
08-10 15:07:22.661 31416 31507 D cellinfo: 46 bytes from 44.241.174.93: icmp_seq=129 ttl=28 time=155 ms
08-10 15:07:22.780 31416 31416 D cellinfo: Latitude is 40.7129685
08-10 15:07:22.780 31416 31416 D cellinfo: Longitude is -111.8707367
08-10 15:07:22.780 31416 31416 D cellinfo: Instantaneous GPS information: United States, 2653 700 E, Salt Lake City, UT 84106, USA
08-10 15:07:22.780 31416 31416 D cellinfo: getCurrentLocation() result: Location (success): 40.7129685, -111.8707367
08-10 15:07:22.821 31416 31507 D cellinfo: 46 bytes from 44.241.174.93: icmp_seq=130 ttl=28 time=113 ms
08-10 15:07:22.833 31416 31416 D cellinfo: onCellInfoChanged: Operator: AT&T...1 UpdateTimestamp: 170315569 CellConnectionStatus: 0
08-10 15:07:22.833 31416 31416 D cellinfo: onCellInfoChanged: LTE Cell Bands: [2] Bandwidth: 2147483647 Cell ID: 115460360 Physical Cell ID: 417 Tracking Area Code: 39173 EARFCN: 1100
08-10 15:07:23.059 31416 31507 D cellinfo: 46 bytes from 44.241.174.93: icmp_seq=131 ttl=28 time=152 ms
08-10 15:07:23.221 31416 31507 D cellinfo: 46 bytes from 44.241.174.93: icmp_seq=132 ttl=28 time=113 ms
08-10 15:07:23.460 31416 31507 D cellinfo: 46 bytes from 44.241.174.93: icmp_seq=133 ttl=28 time=153 ms
08-10 15:07:23.621 31416 31507 D cellinfo: 46 bytes from 44.241.174.93: icmp_seq=134 ttl=28 time=112 ms
08-10 15:07:23.861 31416 31507 D cellinfo: 46 bytes from 44.241.174.93: icmp_seq=135 ttl=28 time=151 ms
08-10 15:07:24.021 31416 31507 D cellinfo: 46 bytes from 44.241.174.93: icmp_seq=136 ttl=28 time=111 ms
08-10 15:07:24.056 31416 31416 D cellinfo: onsignalStrengthsChanged: LTE Signal Strength info: rsrp: -101 rsrq: -11 rssi: -71 rssnr: 5
08-10 15:07:24.260 31416 31507 D cellinfo: 46 bytes from 44.241.174.93: icmp_seq=137 ttl=28 time=150 ms
08-10 15:07:24.424 31416 31507 D cellinfo: 46 bytes from 44.241.174.93: icmp_seq=138 ttl=28 time=113 ms
08-10 15:07:24.659 31416 31507 D cellinfo: 46 bytes from 44.241.174.93: icmp_seq=139 ttl=28 time=148 ms
08-10 15:07:24.740 31416 31416 D cellinfo: onsignalStrengthsChanged: LTE Signal Strength info: rsrp: -101 rsrq: -11 rssi: -69 rssnr: 5
08-10 15:07:24.823 31416 31507 D cellinfo: 46 bytes from 44.241.174.93: icmp_seq=140 ttl=28 time=111 ms
08-10 15:07:25.023 31416 31507 D cellinfo: 46 bytes from 44.241.174.93: icmp_seq=141 ttl=28 time=110 ms
08-10 15:07:25.220 31416 31507 D cellinfo: 46 bytes from 44.241.174.93: icmp_seq=142 ttl=28 time=107 ms
08-10 15:07:25.420 31416 31507 D cellinfo: 46 bytes from 44.241.174.93: icmp_seq=143 ttl=28 time=107 ms
08-10 15:07:25.620 31416 31507 D cellinfo: 46 bytes from 44.241.174.93: icmp_seq=144 ttl=28 time=106 ms
08-10 15:07:25.779 31416 31416 D cellinfo: Latitude is 40.7129685
08-10 15:07:25.779 31416 31416 D cellinfo: Longitude is -111.8707367
08-10 15:07:25.779 31416 31416 D cellinfo: Instantaneous GPS information: United States, 2653 700 E, Salt Lake City, UT 84106, USA
08-10 15:07:25.779 31416 31416 D cellinfo: getCurrentLocation() result: Location (success): 40.7129685, -111.8707367
08-10 15:07:25.820 31416 31507 D cellinfo: 46 bytes from 44.241.174.93: icmp_seq=145 ttl=28 time=105 ms
08-10 15:07:25.838 31416 31416 D cellinfo: onCellInfoChanged: Operator: AT&T...1 UpdateTimestamp: 170318570 CellConnectionStatus: 0
08-10 15:07:25.838 31416 31416 D cellinfo: onCellInfoChanged: LTE Cell Bands: [2] Bandwidth: 2147483647 Cell ID: 115460360 Physical Cell ID: 417 Tracking Area Code: 39173 EARFCN: 1100
08-10 15:07:26.023 31416 31507 D cellinfo: 46 bytes from 44.241.174.93: icmp_seq=146 ttl=28 time=107 ms
08-10 15:07:26.220 31416 31507 D cellinfo: 46 bytes from 44.241.174.93: icmp_seq=147 ttl=28 time=104 ms
08-10 15:07:26.420 31416 31507 D cellinfo: 46 bytes from 44.241.174.93: icmp_seq=148 ttl=28 time=104 ms
08-10 15:07:26.620 31416 31507 D cellinfo: 46 bytes from 44.241.174.93: icmp_seq=149 ttl=28 time=102 ms
08-10 15:07:26.819 31416 31507 D cellinfo: 46 bytes from 44.241.174.93: icmp_seq=150 ttl=28 time=101 ms
08-10 15:07:26.977 31416 31416 D cellinfo: onsignalStrengthsChanged: LTE Signal Strength info: rsrp: -101 rsrq: -11 rssi: -67 rssnr: 6
08-10 15:07:27.071 31416 31507 D cellinfo: 46 bytes from 44.241.174.93: icmp_seq=151 ttl=28 time=150 ms
08-10 15:07:27.221 31416 31507 D cellinfo: 46 bytes from 44.241.174.93: icmp_seq=152 ttl=28 time=100 ms
08-10 15:07:27.460 31416 31507 D cellinfo: 46 bytes from 44.241.174.93: icmp_seq=153 ttl=28 time=140 ms
08-10 15:07:27.620 31416 31507 D cellinfo: 46 bytes from 44.241.174.93: icmp_seq=154 ttl=28 time=98.8 ms
08-10 15:07:27.861 31416 31507 D cellinfo: 46 bytes from 44.241.174.93: icmp_seq=155 ttl=28 time=138 ms
08-10 15:07:28.021 31416 31507 D cellinfo: 46 bytes from 44.241.174.93: icmp_seq=156 ttl=28 time=97.9 ms
08-10 15:07:28.260 31416 31507 D cellinfo: 46 bytes from 44.241.174.93: icmp_seq=157 ttl=28 time=137 ms
08-10 15:07:28.425 31416 31507 D cellinfo: 46 bytes from 44.241.174.93: icmp_seq=158 ttl=28 time=102 ms
08-10 15:07:28.660 31416 31507 D cellinfo: 46 bytes from 44.241.174.93: icmp_seq=159 ttl=28 time=135 ms
08-10 15:07:28.781 31416 31416 D cellinfo: Latitude is 40.7129685
08-10 15:07:28.781 31416 31416 D cellinfo: Longitude is -111.8707367
08-10 15:07:28.781 31416 31416 D cellinfo: Instantaneous GPS information: United States, 2653 700 E, Salt Lake City, UT 84106, USA
08-10 15:07:28.781 31416 31416 D cellinfo: getCurrentLocation() result: Location (success): 40.7129685, -111.8707367
08-10 15:07:28.820 31416 31507 D cellinfo: 46 bytes from 44.241.174.93: icmp_seq=160 ttl=28 time=94.8 ms
08-10 15:07:29.014 31416 31416 D cellinfo: onCellInfoChanged: Operator: AT&T...1 UpdateTimestamp: 170321739 CellConnectionStatus: 0
08-10 15:07:29.014 31416 31416 D cellinfo: onCellInfoChanged: LTE Cell Bands: [2] Bandwidth: 2147483647 Cell ID: 115460360 Physical Cell ID: 417 Tracking Area Code: 39173 EARFCN: 1100
08-10 15:07:29.061 31416 31507 D cellinfo: 46 bytes from 44.241.174.93: icmp_seq=161 ttl=28 time=134 ms
08-10 15:07:29.218 31416 31416 D cellinfo: onsignalStrengthsChanged: LTE Signal Strength info: rsrp: -101 rsrq: -12 rssi: -69 rssnr: 5
08-10 15:07:29.224 31416 31507 D cellinfo: 46 bytes from 44.241.174.93: icmp_seq=162 ttl=28 time=99.2 ms
08-10 15:07:29.460 31416 31507 D cellinfo: 46 bytes from 44.241.174.93: icmp_seq=163 ttl=28 time=134 ms
08-10 15:07:29.624 31416 31507 D cellinfo: 46 bytes from 44.241.174.93: icmp_seq=164 ttl=28 time=96.8 ms
08-10 15:07:29.861 31416 31507 D cellinfo: 46 bytes from 44.241.174.93: icmp_seq=165 ttl=28 time=131 ms
08-10 15:07:30.023 31416 31507 D cellinfo: 46 bytes from 44.241.174.93: icmp_seq=166 ttl=28 time=95.2 ms
08-10 15:07:30.053 31416 31416 D cellinfo: onsignalStrengthsChanged: LTE Signal Strength info: rsrp: -101 rsrq: -12 rssi: -67 rssnr: 6
08-10 15:07:30.219 31416 31507 D cellinfo: 46 bytes from 44.241.174.93: icmp_seq=167 ttl=28 time=91.3 ms
08-10 15:07:30.419 31416 31507 D cellinfo: 46 bytes from 44.241.174.93: icmp_seq=168 ttl=28 time=90.3 ms
08-10 15:07:30.620 31416 31507 D cellinfo: 46 bytes from 44.241.174.93: icmp_seq=169 ttl=28 time=88.4 ms
08-10 15:07:30.825 31416 31507 D cellinfo: 46 bytes from 44.241.174.93: icmp_seq=170 ttl=28 time=90.9 ms
08-10 15:07:31.061 31416 31507 D cellinfo: 46 bytes from 44.241.174.93: icmp_seq=171 ttl=28 time=126 ms
08-10 15:07:31.260 31416 31507 D cellinfo: 46 bytes from 44.241.174.93: icmp_seq=172 ttl=28 time=126 ms
08-10 15:07:31.460 31416 31416 D cellinfo: onsignalStrengthsChanged: LTE Signal Strength info: rsrp: -100 rsrq: -12 rssi: -63 rssnr: 7
08-10 15:07:31.460 31416 31507 D cellinfo: 46 bytes from 44.241.174.93: icmp_seq=173 ttl=28 time=125 ms
08-10 15:07:31.660 31416 31507 D cellinfo: 46 bytes from 44.241.174.93: icmp_seq=174 ttl=28 time=124 ms
08-10 15:07:31.811 31416 31416 D cellinfo: onCellInfoChanged: Operator: AT&T...1 UpdateTimestamp: 170324546 CellConnectionStatus: 0
08-10 15:07:31.811 31416 31416 D cellinfo: onCellInfoChanged: LTE Cell Bands: [2] Bandwidth: 2147483647 Cell ID: 115460360 Physical Cell ID: 417 Tracking Area Code: 39173 EARFCN: 1100
08-10 15:07:31.861 31416 31507 D cellinfo: 46 bytes from 44.241.174.93: icmp_seq=175 ttl=28 time=123 ms
08-10 15:07:32.061 31416 31507 D cellinfo: 46 bytes from 44.241.174.93: icmp_seq=176 ttl=28 time=123 ms
08-10 15:07:32.261 31416 31507 D cellinfo: 46 bytes from 44.241.174.93: icmp_seq=177 ttl=28 time=124 ms
08-10 15:07:32.460 31416 31507 D cellinfo: 46 bytes from 44.241.174.93: icmp_seq=178 ttl=28 time=123 ms
08-10 15:07:32.661 31416 31507 D cellinfo: 46 bytes from 44.241.174.93: icmp_seq=179 ttl=28 time=122 ms
08-10 15:07:32.861 31416 31507 D cellinfo: 46 bytes from 44.241.174.93: icmp_seq=180 ttl=28 time=122 ms
08-10 15:07:32.893 31416 31416 D cellinfo: Latitude is 40.7129621
08-10 15:07:32.893 31416 31416 D cellinfo: Longitude is -111.8707375
08-10 15:07:32.893 31416 31416 D cellinfo: Instantaneous GPS information: United States, 2653 700 E, Salt Lake City, UT 84106, USA
08-10 15:07:32.893 31416 31416 D cellinfo: getCurrentLocation() result: Location (success): 40.7129621, -111.8707375
08-10 15:07:33.027 31416 31507 D cellinfo: 46 bytes from 44.241.174.93: icmp_seq=181 ttl=28 time=86.3 ms
08-10 15:07:33.057 31416 31416 D cellinfo: onsignalStrengthsChanged: LTE Signal Strength info: rsrp: -100 rsrq: -12 rssi: -67 rssnr: 7
08-10 15:07:33.261 31416 31507 D cellinfo: 46 bytes from 44.241.174.93: icmp_seq=182 ttl=28 time=120 ms
08-10 15:07:33.462 31416 31507 D cellinfo: 46 bytes from 44.241.174.93: icmp_seq=183 ttl=28 time=118 ms
08-10 15:07:33.662 31416 31507 D cellinfo: 46 bytes from 44.241.174.93: icmp_seq=184 ttl=28 time=118 ms
08-10 15:07:33.863 31416 31507 D cellinfo: 46 bytes from 44.241.174.93: icmp_seq=185 ttl=28 time=117 ms
08-10 15:07:34.062 31416 31507 D cellinfo: 46 bytes from 44.241.174.93: icmp_seq=186 ttl=28 time=115 ms
08-10 15:07:34.300 31416 31507 D cellinfo: 46 bytes from 44.241.174.93: icmp_seq=187 ttl=28 time=155 ms
08-10 15:07:34.462 31416 31507 D cellinfo: 46 bytes from 44.241.174.93: icmp_seq=188 ttl=28 time=113 ms
08-10 15:07:34.662 31416 31507 D cellinfo: 46 bytes from 44.241.174.93: icmp_seq=189 ttl=28 time=111 ms
08-10 15:07:34.771 31416 31416 D cellinfo: Latitude is 40.7129621
08-10 15:07:34.771 31416 31416 D cellinfo: Longitude is -111.8707375
08-10 15:07:34.771 31416 31416 D cellinfo: Instantaneous GPS information: United States, 2653 700 E, Salt Lake City, UT 84106, USA
08-10 15:07:34.771 31416 31416 D cellinfo: getCurrentLocation() result: Location (success): 40.7129621, -111.8707375
08-10 15:07:34.826 31416 31416 D cellinfo: onCellInfoChanged: Operator: AT&T...1 UpdateTimestamp: 170327562 CellConnectionStatus: 0
08-10 15:07:34.826 31416 31416 D cellinfo: onCellInfoChanged: LTE Cell Bands: [2] Bandwidth: 2147483647 Cell ID: 115460360 Physical Cell ID: 417 Tracking Area Code: 39173 EARFCN: 1100
08-10 15:07:34.861 31416 31507 D cellinfo: 46 bytes from 44.241.174.93: icmp_seq=190 ttl=28 time=111 ms
08-10 15:07:35.061 31416 31507 D cellinfo: 46 bytes from 44.241.174.93: icmp_seq=191 ttl=28 time=109 ms
