--------- beginning of main
08-10 23:42:26.672  5222  5321 D cellinfo: 46 bytes from 44.241.174.93: icmp_seq=23136 ttl=32 time=95.5 ms
08-10 23:42:26.900  5222  5321 D cellinfo: 46 bytes from 44.241.174.93: icmp_seq=23137 ttl=32 time=120 ms
08-10 23:42:27.074  5222  5321 D cellinfo: 46 bytes from 44.241.174.93: icmp_seq=23138 ttl=32 time=91.8 ms
08-10 23:42:27.300  5222  5321 D cellinfo: 46 bytes from 44.241.174.93: icmp_seq=23139 ttl=32 time=119 ms
08-10 23:42:27.499  5222  5321 D cellinfo: 46 bytes from 44.241.174.93: icmp_seq=23140 ttl=32 time=117 ms
08-10 23:42:27.514  5222  5222 D cellinfo: onsignalStrengthsChanged: LTE Signal Strength info: rsrp: -88 rsrq: -11 rssi: -53 rssnr: 8
08-10 23:42:27.700  5222  5321 D cellinfo: 46 bytes from 44.241.174.93: icmp_seq=23141 ttl=32 time=117 ms
08-10 23:42:27.900  5222  5321 D cellinfo: 46 bytes from 44.241.174.93: icmp_seq=23142 ttl=32 time=116 ms
08-10 23:42:28.140  5222  5321 D cellinfo: 46 bytes from 44.241.174.93: icmp_seq=23143 ttl=32 time=155 ms
08-10 23:42:28.300  5222  5321 D cellinfo: 46 bytes from 44.241.174.93: icmp_seq=23144 ttl=32 time=116 ms
08-10 23:42:28.547  5222  5321 D cellinfo: 46 bytes from 44.241.174.93: icmp_seq=23145 ttl=32 time=163 ms
08-10 23:42:28.700  5222  5321 D cellinfo: 46 bytes from 44.241.174.93: icmp_seq=23146 ttl=32 time=114 ms
08-10 23:42:28.900  5222  5321 D cellinfo: 46 bytes from 44.241.174.93: icmp_seq=23147 ttl=32 time=113 ms
08-10 23:42:29.099  5222  5321 D cellinfo: 46 bytes from 44.241.174.93: icmp_seq=23148 ttl=32 time=112 ms
08-10 23:42:29.300  5222  5321 D cellinfo: 46 bytes from 44.241.174.93: icmp_seq=23149 ttl=32 time=113 ms
08-10 23:42:29.480  5222  5222 D cellinfo: onCellInfoChanged: Operator: AT&T...1 UpdateTimestamp: 201222215 CellConnectionStatus: 0
08-10 23:42:29.480  5222  5222 D cellinfo: onCellInfoChanged: LTE Cell Bands: [2] Bandwidth: 2147483647 Cell ID: 97583113 Physical Cell ID: 406 Tracking Area Code: 38410 EARFCN: 700
08-10 23:42:29.581  5222  5321 D cellinfo: 46 bytes from 44.241.174.93: icmp_seq=23150 ttl=32 time=192 ms
08-10 23:42:29.700  5222  5321 D cellinfo: 46 bytes from 44.241.174.93: icmp_seq=23151 ttl=32 time=112 ms
08-10 23:42:29.906  5222  5321 D cellinfo: 46 bytes from 44.241.174.93: icmp_seq=23152 ttl=32 time=116 ms
08-10 23:42:30.100  5222  5321 D cellinfo: 46 bytes from 44.241.174.93: icmp_seq=23153 ttl=32 time=111 ms
08-10 23:42:30.301  5222  5321 D cellinfo: 46 bytes from 44.241.174.93: icmp_seq=23154 ttl=32 time=112 ms
08-10 23:42:30.500  5222  5321 D cellinfo: 46 bytes from 44.241.174.93: icmp_seq=23155 ttl=32 time=111 ms
08-10 23:42:30.698  5222  5321 D cellinfo: 46 bytes from 44.241.174.93: icmp_seq=23156 ttl=32 time=107 ms
08-10 23:42:30.884  5222  5321 D cellinfo: 46 bytes from 44.241.174.93: icmp_seq=23157 ttl=32 time=91.0 ms
08-10 23:42:31.103  5222  5321 D cellinfo: 46 bytes from 44.241.174.93: icmp_seq=23158 ttl=32 time=108 ms
08-10 23:42:31.146  5222  5222 D cellinfo: Latitude is 39.725591
08-10 23:42:31.146  5222  5222 D cellinfo: Longitude is -105.0506033
08-10 23:42:31.146  5222  5222 D cellinfo: Instantaneous GPS information: United States, 4900 W 6th Ave S Dr, Denver, CO 80204, USA
08-10 23:42:31.146  5222  5222 D cellinfo: getCurrentLocation() result: Location (success): 39.725591, -105.0506033
08-10 23:42:31.300  5222  5321 D cellinfo: 46 bytes from 44.241.174.93: icmp_seq=23159 ttl=32 time=106 ms
08-10 23:42:31.499  5222  5321 D cellinfo: 46 bytes from 44.241.174.93: icmp_seq=23160 ttl=32 time=104 ms
08-10 23:42:31.699  5222  5321 D cellinfo: 46 bytes from 44.241.174.93: icmp_seq=23161 ttl=32 time=104 ms
08-10 23:42:31.900  5222  5321 D cellinfo: 46 bytes from 44.241.174.93: icmp_seq=23162 ttl=32 time=103 ms
08-10 23:42:31.990  5222  5222 D cellinfo: onsignalStrengthsChanged: LTE Signal Strength info: rsrp: -90 rsrq: -12 rssi: -59 rssnr: 5
08-10 23:42:32.108  5222  5321 D cellinfo: 46 bytes from 44.241.174.93: icmp_seq=23163 ttl=32 time=110 ms
08-10 23:42:32.299  5222  5321 D cellinfo: 46 bytes from 44.241.174.93: icmp_seq=23164 ttl=32 time=103 ms
08-10 23:42:32.443  5222  5222 D cellinfo: Latitude is 39.725591
08-10 23:42:32.443  5222  5222 D cellinfo: Longitude is -105.0506033
08-10 23:42:32.443  5222  5222 D cellinfo: Instantaneous GPS information: United States, 4900 W 6th Ave S Dr, Denver, CO 80204, USA
08-10 23:42:32.443  5222  5222 D cellinfo: getCurrentLocation() result: Location (success): 39.725591, -105.0506033
08-10 23:42:32.495  5222  5222 D cellinfo: onCellInfoChanged: Operator: AT&T...1 UpdateTimestamp: 201225232 CellConnectionStatus: 0
08-10 23:42:32.496  5222  5222 D cellinfo: onCellInfoChanged: LTE Cell Bands: [2] Bandwidth: 2147483647 Cell ID: 97583113 Physical Cell ID: 406 Tracking Area Code: 38410 EARFCN: 700
08-10 23:42:32.541  5222  5321 D cellinfo: 46 bytes from 44.241.174.93: icmp_seq=23165 ttl=32 time=142 ms
08-10 23:42:32.780  5222  5321 D cellinfo: 46 bytes from 44.241.174.93: icmp_seq=23166 ttl=32 time=182 ms
08-10 23:42:32.980  5222  5321 D cellinfo: 46 bytes from 44.241.174.93: icmp_seq=23167 ttl=32 time=181 ms
08-10 23:42:33.109  5222  5321 D cellinfo: 46 bytes from 44.241.174.93: icmp_seq=23168 ttl=32 time=110 ms
08-10 23:42:33.301  5222  5321 D cellinfo: 46 bytes from 44.241.174.93: icmp_seq=23169 ttl=32 time=101 ms
08-10 23:42:33.499  5222  5321 D cellinfo: 46 bytes from 44.241.174.93: icmp_seq=23170 ttl=32 time=100 ms
08-10 23:42:33.741  5222  5321 D cellinfo: 46 bytes from 44.241.174.93: icmp_seq=23171 ttl=32 time=140 ms
08-10 23:42:33.900  5222  5321 D cellinfo: 46 bytes from 44.241.174.93: icmp_seq=23172 ttl=32 time=99.5 ms
08-10 23:42:34.100  5222  5321 D cellinfo: 46 bytes from 44.241.174.93: icmp_seq=23173 ttl=32 time=98.7 ms
08-10 23:42:34.300  5222  5321 D cellinfo: 46 bytes from 44.241.174.93: icmp_seq=23174 ttl=32 time=97.7 ms
08-10 23:42:34.499  5222  5321 D cellinfo: 46 bytes from 44.241.174.93: icmp_seq=23175 ttl=32 time=97.1 ms
08-10 23:42:34.742  5222  5321 D cellinfo: 46 bytes from 44.241.174.93: icmp_seq=23176 ttl=32 time=138 ms
08-10 23:42:34.904  5222  5321 D cellinfo: 46 bytes from 44.241.174.93: icmp_seq=23177 ttl=32 time=99.0 ms
08-10 23:42:35.143  5222  5321 D cellinfo: 46 bytes from 44.241.174.93: icmp_seq=23178 ttl=32 time=136 ms
08-10 23:42:35.340  5222  5321 D cellinfo: 46 bytes from 44.241.174.93: icmp_seq=23179 ttl=32 time=133 ms
08-10 23:42:35.451  5222  5222 D cellinfo: Latitude is 39.725591
08-10 23:42:35.451  5222  5222 D cellinfo: Longitude is -105.0506033
08-10 23:42:35.451  5222  5222 D cellinfo: Instantaneous GPS information: United States, 4900 W 6th Ave S Dr, Denver, CO 80204, USA
08-10 23:42:35.451  5222  5222 D cellinfo: getCurrentLocation() result: Location (success): 39.725591, -105.0506033
08-10 23:42:35.487  5222  5222 D cellinfo: onCellInfoChanged: Operator: AT&T...1 UpdateTimestamp: 201228225 CellConnectionStatus: 0
08-10 23:42:35.487  5222  5222 D cellinfo: onCellInfoChanged: LTE Cell Bands: [2] Bandwidth: 2147483647 Cell ID: 97583113 Physical Cell ID: 406 Tracking Area Code: 38410 EARFCN: 700
08-10 23:42:35.541  5222  5321 D cellinfo: 46 bytes from 44.241.174.93: icmp_seq=23180 ttl=32 time=132 ms
08-10 23:42:35.704  5222  5321 D cellinfo: 46 bytes from 44.241.174.93: icmp_seq=23181 ttl=32 time=94.4 ms
08-10 23:42:35.905  5222  5321 D cellinfo: 46 bytes from 44.241.174.93: icmp_seq=23182 ttl=32 time=94.9 ms
08-10 23:42:36.104  5222  5321 D cellinfo: 46 bytes from 44.241.174.93: icmp_seq=23183 ttl=32 time=92.9 ms
08-10 23:42:36.342  5222  5321 D cellinfo: 46 bytes from 44.241.174.93: icmp_seq=23184 ttl=32 time=129 ms
08-10 23:42:36.504  5222  5321 D cellinfo: 46 bytes from 44.241.174.93: icmp_seq=23185 ttl=32 time=91.9 ms
08-10 23:42:36.703  5222  5321 D cellinfo: 46 bytes from 44.241.174.93: icmp_seq=23186 ttl=32 time=91.5 ms
08-10 23:42:36.942  5222  5321 D cellinfo: 46 bytes from 44.241.174.93: icmp_seq=23187 ttl=32 time=130 ms
08-10 23:42:37.140  5222  5321 D cellinfo: 46 bytes from 44.241.174.93: icmp_seq=23188 ttl=32 time=128 ms
08-10 23:42:37.305  5222  5321 D cellinfo: 46 bytes from 44.241.174.93: icmp_seq=23189 ttl=32 time=91.4 ms
08-10 23:42:37.522  5222  5321 D cellinfo: 46 bytes from 44.241.174.93: icmp_seq=23190 ttl=32 time=106 ms
08-10 23:42:37.786  5222  5321 D cellinfo: 46 bytes from 44.241.174.93: icmp_seq=23191 ttl=32 time=170 ms
08-10 23:42:37.942  5222  5321 D cellinfo: 46 bytes from 44.241.174.93: icmp_seq=23192 ttl=32 time=125 ms
08-10 23:42:38.142  5222  5321 D cellinfo: 46 bytes from 44.241.174.93: icmp_seq=23193 ttl=32 time=124 ms
08-10 23:42:38.340  5222  5321 D cellinfo: 46 bytes from 44.241.174.93: icmp_seq=23194 ttl=32 time=123 ms
08-10 23:42:38.449  5222  5222 D cellinfo: Latitude is 39.725591
08-10 23:42:38.450  5222  5222 D cellinfo: Longitude is -105.0506033
08-10 23:42:38.450  5222  5222 D cellinfo: Instantaneous GPS information: United States, 4900 W 6th Ave S Dr, Denver, CO 80204, USA
08-10 23:42:38.450  5222  5222 D cellinfo: getCurrentLocation() result: Location (success): 39.725591, -105.0506033
08-10 23:42:38.483  5222  5222 D cellinfo: onCellInfoChanged: Operator: AT&T...1 UpdateTimestamp: 201231221 CellConnectionStatus: 0
08-10 23:42:38.483  5222  5222 D cellinfo: onCellInfoChanged: LTE Cell Bands: [2] Bandwidth: 2147483647 Cell ID: 97583113 Physical Cell ID: 406 Tracking Area Code: 38410 EARFCN: 700
08-10 23:42:38.540  5222  5321 D cellinfo: 46 bytes from 44.241.174.93: icmp_seq=23195 ttl=32 time=122 ms
08-10 23:42:38.742  5222  5321 D cellinfo: 46 bytes from 44.241.174.93: icmp_seq=23196 ttl=32 time=121 ms
08-10 23:42:38.914  5222  5321 D cellinfo: 46 bytes from 44.241.174.93: icmp_seq=23197 ttl=32 time=91.9 ms
08-10 23:42:39.140  5222  5321 D cellinfo: 46 bytes from 44.241.174.93: icmp_seq=23198 ttl=32 time=116 ms
08-10 23:42:39.341  5222  5321 D cellinfo: 46 bytes from 44.241.174.93: icmp_seq=23199 ttl=32 time=116 ms
08-10 23:42:39.541  5222  5321 D cellinfo: 46 bytes from 44.241.174.93: icmp_seq=23200 ttl=32 time=116 ms
08-10 23:42:39.740  5222  5321 D cellinfo: 46 bytes from 44.241.174.93: icmp_seq=23201 ttl=32 time=114 ms
08-10 23:42:39.942  5222  5321 D cellinfo: 46 bytes from 44.241.174.93: icmp_seq=23202 ttl=32 time=114 ms
08-10 23:42:40.140  5222  5321 D cellinfo: 46 bytes from 44.241.174.93: icmp_seq=23203 ttl=32 time=113 ms
08-10 23:42:40.339  5222  5321 D cellinfo: 46 bytes from 44.241.174.93: icmp_seq=23204 ttl=32 time=112 ms
08-10 23:42:40.580  5222  5321 D cellinfo: 46 bytes from 44.241.174.93: icmp_seq=23205 ttl=32 time=151 ms
08-10 23:42:40.740  5222  5321 D cellinfo: 46 bytes from 44.241.174.93: icmp_seq=23206 ttl=32 time=112 ms
08-10 23:42:40.940  5222  5321 D cellinfo: 46 bytes from 44.241.174.93: icmp_seq=23207 ttl=32 time=110 ms
08-10 23:42:40.956  5222  5222 D cellinfo: onsignalStrengthsChanged: LTE Signal Strength info: rsrp: -90 rsrq: -15 rssi: -57 rssnr: 1
08-10 23:42:41.139  5222  5321 D cellinfo: 46 bytes from 44.241.174.93: icmp_seq=23208 ttl=32 time=110 ms
08-10 23:42:41.341  5222  5321 D cellinfo: 46 bytes from 44.241.174.93: icmp_seq=23209 ttl=32 time=111 ms
08-10 23:42:41.468  5222  5222 D cellinfo: onsignalStrengthsChanged: LTE Signal Strength info: rsrp: -91 rsrq: -15 rssi: -63 rssnr: 1
08-10 23:42:41.495  5222  5222 D cellinfo: onCellInfoChanged: Operator: AT&T...1 UpdateTimestamp: 201234232 CellConnectionStatus: 0
08-10 23:42:41.495  5222  5222 D cellinfo: onCellInfoChanged: LTE Cell Bands: [2] Bandwidth: 2147483647 Cell ID: 97583113 Physical Cell ID: 406 Tracking Area Code: 38410 EARFCN: 700
08-10 23:42:41.542  5222  5321 D cellinfo: 46 bytes from 44.241.174.93: icmp_seq=23210 ttl=32 time=111 ms
08-10 23:42:41.741  5222  5321 D cellinfo: 46 bytes from 44.241.174.93: icmp_seq=23211 ttl=32 time=108 ms
08-10 23:42:41.941  5222  5321 D cellinfo: 46 bytes from 44.241.174.93: icmp_seq=23212 ttl=32 time=108 ms
08-10 23:42:42.140  5222  5321 D cellinfo: 46 bytes from 44.241.174.93: icmp_seq=23213 ttl=32 time=105 ms
08-10 23:42:42.340  5222  5321 D cellinfo: 46 bytes from 44.241.174.93: icmp_seq=23214 ttl=32 time=104 ms
08-10 23:42:42.579  5222  5321 D cellinfo: 46 bytes from 44.241.174.93: icmp_seq=23215 ttl=32 time=143 ms
08-10 23:42:42.743  5222  5321 D cellinfo: 46 bytes from 44.241.174.93: icmp_seq=23216 ttl=32 time=104 ms
08-10 23:42:42.956  5222  5321 D cellinfo: 46 bytes from 44.241.174.93: icmp_seq=23217 ttl=32 time=115 ms
08-10 23:42:43.140  5222  5321 D cellinfo: 46 bytes from 44.241.174.93: icmp_seq=23218 ttl=32 time=98.2 ms
08-10 23:42:43.268  5222  5222 D cellinfo: Latitude is 39.7256038
08-10 23:42:43.268  5222  5222 D cellinfo: Longitude is -105.0470296
08-10 23:42:43.268  5222  5222 D cellinfo: Instantaneous GPS information: United States, 4640 W 6th Ave, Denver, CO 80204, USA
08-10 23:42:43.268  5222  5222 D cellinfo: getCurrentLocation() result: Location (success): 39.7256038, -105.0470296
08-10 23:42:43.377  5222  5321 D cellinfo: 46 bytes from 44.241.174.93: icmp_seq=23219 ttl=32 time=134 ms
08-10 23:42:43.551  5222  5321 D cellinfo: 46 bytes from 44.241.174.93: icmp_seq=23220 ttl=32 time=107 ms
08-10 23:42:43.743  5222  5321 D cellinfo: 46 bytes from 44.241.174.93: icmp_seq=23221 ttl=32 time=98.6 ms
08-10 23:42:43.963  5222  5321 D cellinfo: 46 bytes from 44.241.174.93: icmp_seq=23222 ttl=32 time=117 ms
08-10 23:42:44.008  5222  5222 D cellinfo: onCellInfoChanged: Operator: AT&T...1 UpdateTimestamp: 201236742 CellConnectionStatus: 0
08-10 23:42:44.008  5222  5222 D cellinfo: onCellInfoChanged: LTE Cell Bands: [2] Bandwidth: 2147483647 Cell ID: 97583112 Physical Cell ID: 234 Tracking Area Code: 38410 EARFCN: 700
08-10 23:42:44.041  5222  5222 D cellinfo: onServiceStateChanged: Channel Number: 700 Cell Bandwidths: []
08-10 23:42:44.206  5222  5321 D cellinfo: 46 bytes from 44.241.174.93: icmp_seq=23223 ttl=32 time=160 ms
08-10 23:42:44.367  5222  5321 D cellinfo: 46 bytes from 44.241.174.93: icmp_seq=23224 ttl=32 time=119 ms
08-10 23:42:44.444  5222  5222 D cellinfo: Latitude is 39.7256038
08-10 23:42:44.444  5222  5222 D cellinfo: Longitude is -105.0470296
08-10 23:42:44.444  5222  5222 D cellinfo: Instantaneous GPS information: United States, 4640 W 6th Ave, Denver, CO 80204, USA
08-10 23:42:44.444  5222  5222 D cellinfo: getCurrentLocation() result: Location (success): 39.7256038, -105.0470296
08-10 23:42:44.503  5222  5222 D cellinfo: onCellInfoChanged: Operator: AT&T...1 UpdateTimestamp: 201237239 CellConnectionStatus: 0
08-10 23:42:44.503  5222  5222 D cellinfo: onCellInfoChanged: LTE Cell Bands: [2] Bandwidth: 2147483647 Cell ID: 97583112 Physical Cell ID: 234 Tracking Area Code: 38410 EARFCN: 700
08-10 23:42:44.567  5222  5321 D cellinfo: 46 bytes from 44.241.174.93: icmp_seq=23225 ttl=32 time=118 ms
08-10 23:42:44.767  5222  5321 D cellinfo: 46 bytes from 44.241.174.93: icmp_seq=23226 ttl=32 time=118 ms
08-10 23:42:44.968  5222  5321 D cellinfo: 46 bytes from 44.241.174.93: icmp_seq=23227 ttl=32 time=118 ms
08-10 23:42:45.206  5222  5321 D cellinfo: 46 bytes from 44.241.174.93: icmp_seq=23228 ttl=32 time=156 ms
08-10 23:42:45.366  5222  5321 D cellinfo: 46 bytes from 44.241.174.93: icmp_seq=23229 ttl=32 time=115 ms
08-10 23:42:45.567  5222  5321 D cellinfo: 46 bytes from 44.241.174.93: icmp_seq=23230 ttl=32 time=113 ms
08-10 23:42:45.766  5222  5321 D cellinfo: 46 bytes from 44.241.174.93: icmp_seq=23231 ttl=32 time=112 ms
08-10 23:42:45.967  5222  5321 D cellinfo: 46 bytes from 44.241.174.93: icmp_seq=23232 ttl=32 time=111 ms
08-10 23:42:46.166  5222  5321 D cellinfo: 46 bytes from 44.241.174.93: icmp_seq=23233 ttl=32 time=110 ms
08-10 23:42:46.367  5222  5321 D cellinfo: 46 bytes from 44.241.174.93: icmp_seq=23234 ttl=32 time=110 ms
08-10 23:42:46.567  5222  5321 D cellinfo: 46 bytes from 44.241.174.93: icmp_seq=23235 ttl=32 time=108 ms
08-10 23:42:46.766  5222  5321 D cellinfo: 46 bytes from 44.241.174.93: icmp_seq=23236 ttl=32 time=108 ms
08-10 23:42:46.969  5222  5321 D cellinfo: 46 bytes from 44.241.174.93: icmp_seq=23237 ttl=32 time=110 ms
08-10 23:42:47.084  5222  5222 D cellinfo: onCellInfoChanged: Operator: AT&T...1 UpdateTimestamp: 201239814 CellConnectionStatus: 0
08-10 23:42:47.084  5222  5222 D cellinfo: onCellInfoChanged: LTE Cell Bands: [2] Bandwidth: 2147483647 Cell ID: 97583112 Physical Cell ID: 234 Tracking Area Code: 38410 EARFCN: 700
08-10 23:42:47.173  5222  5321 D cellinfo: 46 bytes from 44.241.174.93: icmp_seq=23238 ttl=32 time=111 ms
08-10 23:42:47.380  5222  5321 D cellinfo: 46 bytes from 44.241.174.93: icmp_seq=23239 ttl=32 time=118 ms
08-10 23:42:47.452  5222  5222 D cellinfo: Latitude is 39.7256038
08-10 23:42:47.452  5222  5222 D cellinfo: Longitude is -105.0470296
08-10 23:42:47.452  5222  5222 D cellinfo: Instantaneous GPS information: United States, 4640 W 6th Ave, Denver, CO 80204, USA
08-10 23:42:47.452  5222  5222 D cellinfo: getCurrentLocation() result: Location (success): 39.7256038, -105.0470296
08-10 23:42:47.474  5222  5222 D cellinfo: onsignalStrengthsChanged: LTE Signal Strength info: rsrp: -94 rsrq: -15 rssi: -69 rssnr: 1
08-10 23:42:47.568  5222  5321 D cellinfo: 46 bytes from 44.241.174.93: icmp_seq=23240 ttl=32 time=108 ms
08-10 23:42:47.768  5222  5321 D cellinfo: 46 bytes from 44.241.174.93: icmp_seq=23241 ttl=32 time=107 ms
08-10 23:42:47.969  5222  5321 D cellinfo: 46 bytes from 44.241.174.93: icmp_seq=23242 ttl=32 time=105 ms
08-10 23:42:48.171  5222  5321 D cellinfo: 46 bytes from 44.241.174.93: icmp_seq=23243 ttl=32 time=106 ms
08-10 23:42:48.369  5222  5321 D cellinfo: 46 bytes from 44.241.174.93: icmp_seq=23244 ttl=32 time=102 ms
08-10 23:42:48.569  5222  5321 D cellinfo: 46 bytes from 44.241.174.93: icmp_seq=23245 ttl=32 time=101 ms
08-10 23:42:48.768  5222  5321 D cellinfo: 46 bytes from 44.241.174.93: icmp_seq=23246 ttl=32 time=100 ms
08-10 23:42:49.007  5222  5321 D cellinfo: 46 bytes from 44.241.174.93: icmp_seq=23247 ttl=32 time=137 ms
08-10 23:42:49.206  5222  5321 D cellinfo: 46 bytes from 44.241.174.93: icmp_seq=23248 ttl=32 time=137 ms
08-10 23:42:49.369  5222  5321 D cellinfo: 46 bytes from 44.241.174.93: icmp_seq=23249 ttl=32 time=100 ms
08-10 23:42:49.568  5222  5321 D cellinfo: 46 bytes from 44.241.174.93: icmp_seq=23250 ttl=32 time=99.7 ms
08-10 23:42:49.769  5222  5321 D cellinfo: 46 bytes from 44.241.174.93: icmp_seq=23251 ttl=32 time=99.3 ms
08-10 23:42:49.910  5222  5222 D cellinfo: onsignalStrengthsChanged: LTE Signal Strength info: rsrp: -97 rsrq: -15 rssi: -65 rssnr: 1
08-10 23:42:50.007  5222  5321 D cellinfo: 46 bytes from 44.241.174.93: icmp_seq=23252 ttl=32 time=135 ms
08-10 23:42:50.169  5222  5321 D cellinfo: 46 bytes from 44.241.174.93: icmp_seq=23253 ttl=32 time=99.0 ms
08-10 23:42:50.398  5222  5321 D cellinfo: 46 bytes from 44.241.174.93: icmp_seq=23254 ttl=32 time=127 ms
08-10 23:42:50.445  5222  5222 D cellinfo: Latitude is 39.7256038
08-10 23:42:50.445  5222  5222 D cellinfo: Longitude is -105.0470296
08-10 23:42:50.445  5222  5222 D cellinfo: Instantaneous GPS information: United States, 4640 W 6th Ave, Denver, CO 80204, USA
08-10 23:42:50.445  5222  5222 D cellinfo: getCurrentLocation() result: Location (success): 39.7256038, -105.0470296
08-10 23:42:50.470  5222  5222 D cellinfo: onsignalStrengthsChanged: LTE Signal Strength info: rsrp: -98 rsrq: -15 rssi: -73 rssnr: 0
08-10 23:42:50.499  5222  5222 D cellinfo: onCellInfoChanged: Operator: AT&T...1 UpdateTimestamp: 201243236 CellConnectionStatus: 0
08-10 23:42:50.499  5222  5222 D cellinfo: onCellInfoChanged: LTE Cell Bands: [2] Bandwidth: 2147483647 Cell ID: 97583112 Physical Cell ID: 234 Tracking Area Code: 38410 EARFCN: 700
08-10 23:42:50.606  5222  5321 D cellinfo: 46 bytes from 44.241.174.93: icmp_seq=23255 ttl=32 time=135 ms
08-10 23:42:50.770  5222  5321 D cellinfo: 46 bytes from 44.241.174.93: icmp_seq=23256 ttl=32 time=97.7 ms
08-10 23:42:51.005  5222  5321 D cellinfo: 46 bytes from 44.241.174.93: icmp_seq=23257 ttl=32 time=133 ms
08-10 23:42:51.207  5222  5321 D cellinfo: 46 bytes from 44.241.174.93: icmp_seq=23258 ttl=32 time=134 ms
08-10 23:42:51.370  5222  5321 D cellinfo: 46 bytes from 44.241.174.93: icmp_seq=23259 ttl=32 time=96.4 ms
08-10 23:42:51.569  5222  5321 D cellinfo: 46 bytes from 44.241.174.93: icmp_seq=23260 ttl=32 time=96.0 ms
08-10 23:42:51.768  5222  5321 D cellinfo: 46 bytes from 44.241.174.93: icmp_seq=23261 ttl=32 time=95.1 ms
08-10 23:42:51.969  5222  5321 D cellinfo: 46 bytes from 44.241.174.93: icmp_seq=23262 ttl=32 time=93.8 ms
08-10 23:42:52.148  5222  5222 D cellinfo: onsignalStrengthsChanged: LTE Signal Strength info: rsrp: -99 rsrq: -16 rssi: -71 rssnr: 0
08-10 23:42:52.169  5222  5321 D cellinfo: 46 bytes from 44.241.174.93: icmp_seq=23263 ttl=32 time=92.3 ms
08-10 23:42:52.406  5222  5321 D cellinfo: 46 bytes from 44.241.174.93: icmp_seq=23264 ttl=32 time=128 ms
08-10 23:42:52.647  5222  5321 D cellinfo: 46 bytes from 44.241.174.93: icmp_seq=23265 ttl=32 time=167 ms
08-10 23:42:52.847  5222  5321 D cellinfo: 46 bytes from 44.241.174.93: icmp_seq=23266 ttl=32 time=166 ms
08-10 23:42:53.007  5222  5321 D cellinfo: 46 bytes from 44.241.174.93: icmp_seq=23267 ttl=32 time=125 ms
08-10 23:42:53.207  5222  5321 D cellinfo: 46 bytes from 44.241.174.93: icmp_seq=23268 ttl=32 time=124 ms
08-10 23:42:53.406  5222  5321 D cellinfo: 46 bytes from 44.241.174.93: icmp_seq=23269 ttl=32 time=124 ms
08-10 23:42:53.469  5222  5222 D cellinfo: onsignalStrengthsChanged: LTE Signal Strength info: rsrp: -101 rsrq: -16 rssi: -71 rssnr: 0
08-10 23:42:53.487  5222  5222 D cellinfo: onCellInfoChanged: Operator: AT&T...1 UpdateTimestamp: 201246225 CellConnectionStatus: 0
08-10 23:42:53.487  5222  5222 D cellinfo: onCellInfoChanged: LTE Cell Bands: [2] Bandwidth: 2147483647 Cell ID: 97583112 Physical Cell ID: 234 Tracking Area Code: 38410 EARFCN: 700
08-10 23:42:53.584  5222  5321 D cellinfo: 46 bytes from 44.241.174.93: icmp_seq=23270 ttl=32 time=102 ms
08-10 23:42:53.807  5222  5321 D cellinfo: 46 bytes from 44.241.174.93: icmp_seq=23271 ttl=32 time=123 ms
08-10 23:42:54.008  5222  5321 D cellinfo: 46 bytes from 44.241.174.93: icmp_seq=23272 ttl=32 time=124 ms
08-10 23:42:54.207  5222  5321 D cellinfo: 46 bytes from 44.241.174.93: icmp_seq=23273 ttl=32 time=123 ms
08-10 23:42:54.407  5222  5321 D cellinfo: 46 bytes from 44.241.174.93: icmp_seq=23274 ttl=32 time=122 ms
08-10 23:42:54.623  5222  5321 D cellinfo: 46 bytes from 44.241.174.93: icmp_seq=23275 ttl=32 time=137 ms
08-10 23:42:54.919  5222  5321 D cellinfo: 46 bytes from 44.241.174.93: icmp_seq=23276 ttl=32 time=231 ms
08-10 23:42:55.011  5222  5321 D cellinfo: 46 bytes from 44.241.174.93: icmp_seq=23277 ttl=32 time=121 ms
08-10 23:42:55.200  5222  5321 D cellinfo: 46 bytes from 44.241.174.93: icmp_seq=23278 ttl=32 time=108 ms
08-10 23:42:55.402  5222  5321 D cellinfo: 46 bytes from 44.241.174.93: icmp_seq=23279 ttl=32 time=108 ms
08-10 23:42:55.406  5222  5222 D cellinfo: Latitude is 39.7256356
08-10 23:42:55.406  5222  5222 D cellinfo: Longitude is -105.0436008
08-10 23:42:55.406  5222  5222 D cellinfo: Instantaneous GPS information: United States, 600 Tennyson St, Denver, CO 80204, USA
08-10 23:42:55.406  5222  5222 D cellinfo: getCurrentLocation() result: Location (success): 39.7256356, -105.0436008
08-10 23:42:55.607  5222  5321 D cellinfo: 46 bytes from 44.241.174.93: icmp_seq=23280 ttl=32 time=113 ms
08-10 23:42:55.806  5222  5321 D cellinfo: 46 bytes from 44.241.174.93: icmp_seq=23281 ttl=32 time=111 ms
08-10 23:42:56.007  5222  5321 D cellinfo: 46 bytes from 44.241.174.93: icmp_seq=23282 ttl=32 time=111 ms
08-10 23:42:56.207  5222  5321 D cellinfo: 46 bytes from 44.241.174.93: icmp_seq=23283 ttl=32 time=111 ms
08-10 23:42:56.406  5222  5321 D cellinfo: 46 bytes from 44.241.174.93: icmp_seq=23284 ttl=32 time=109 ms
08-10 23:42:56.445  5222  5222 D cellinfo: Latitude is 39.7256356
08-10 23:42:56.445  5222  5222 D cellinfo: Longitude is -105.0436008
08-10 23:42:56.445  5222  5222 D cellinfo: Instantaneous GPS information: United States, 600 Tennyson St, Denver, CO 80204, USA
08-10 23:42:56.445  5222  5222 D cellinfo: getCurrentLocation() result: Location (success): 39.7256356, -105.0436008
08-10 23:42:56.472  5222  5222 D cellinfo: onsignalStrengthsChanged: LTE Signal Strength info: rsrp: -104 rsrq: -16 rssi: -67 rssnr: -2
08-10 23:42:56.495  5222  5222 D cellinfo: onCellInfoChanged: Operator: AT&T...1 UpdateTimestamp: 201249229 CellConnectionStatus: 0
08-10 23:42:56.495  5222  5222 D cellinfo: onCellInfoChanged: LTE Cell Bands: [2] Bandwidth: 2147483647 Cell ID: 97583112 Physical Cell ID: 234 Tracking Area Code: 38410 EARFCN: 700
08-10 23:42:56.606  5222  5321 D cellinfo: 46 bytes from 44.241.174.93: icmp_seq=23285 ttl=32 time=109 ms
08-10 23:42:56.635  5222  5222 D cellinfo: onsignalStrengthsChanged: LTE Signal Strength info: rsrp: -105 rsrq: -17 rssi: -67 rssnr: -4
08-10 23:42:56.809  5222  5321 D cellinfo: 46 bytes from 44.241.174.93: icmp_seq=23286 ttl=32 time=110 ms
08-10 23:42:57.009  5222  5321 D cellinfo: 46 bytes from 44.241.174.93: icmp_seq=23287 ttl=32 time=110 ms
08-10 23:42:57.207  5222  5321 D cellinfo: 46 bytes from 44.241.174.93: icmp_seq=23288 ttl=32 time=107 ms
08-10 23:42:57.410  5222  5321 D cellinfo: 46 bytes from 44.241.174.93: icmp_seq=23289 ttl=32 time=110 ms
08-10 23:42:57.609  5222  5321 D cellinfo: 46 bytes from 44.241.174.93: icmp_seq=23290 ttl=32 time=110 ms
08-10 23:42:57.806  5222  5321 D cellinfo: 46 bytes from 44.241.174.93: icmp_seq=23291 ttl=32 time=106 ms
08-10 23:42:58.000  5222  5222 D cellinfo: onCellInfoChanged: Operator: AT&T...1 UpdateTimestamp: 201250735 CellConnectionStatus: 0
08-10 23:42:58.000  5222  5222 D cellinfo: onCellInfoChanged: LTE Cell Bands: [2] Bandwidth: 2147483647 Cell ID: 99078179 Physical Cell ID: 390 Tracking Area Code: 38410 EARFCN: 700
08-10 23:42:58.028  5222  5321 D cellinfo: 46 bytes from 44.241.174.93: icmp_seq=23292 ttl=32 time=126 ms
08-10 23:42:58.040  5222  5222 D cellinfo: onServiceStateChanged: Channel Number: 700 Cell Bandwidths: []
08-10 23:42:58.226  5222  5321 D cellinfo: 46 bytes from 44.241.174.93: icmp_seq=23293 ttl=32 time=126 ms
08-10 23:42:58.426  5222  5321 D cellinfo: 46 bytes from 44.241.174.93: icmp_seq=23294 ttl=32 time=125 ms
08-10 23:42:58.625  5222  5321 D cellinfo: 46 bytes from 44.241.174.93: icmp_seq=23295 ttl=32 time=125 ms
08-10 23:42:58.826  5222  5321 D cellinfo: 46 bytes from 44.241.174.93: icmp_seq=23296 ttl=32 time=123 ms
08-10 23:42:58.869  5222  5222 D cellinfo: onsignalStrengthsChanged: LTE Signal Strength info: rsrp: -106 rsrq: -17 rssi: -63 rssnr: -6
08-10 23:42:59.025  5222  5321 D cellinfo: 46 bytes from 44.241.174.93: icmp_seq=23297 ttl=32 time=122 ms
08-10 23:42:59.198  5222  5321 D cellinfo: 46 bytes from 44.241.174.93: icmp_seq=23298 ttl=32 time=94.3 ms
08-10 23:42:59.425  5222  5321 D cellinfo: 46 bytes from 44.241.174.93: icmp_seq=23299 ttl=32 time=121 ms
08-10 23:42:59.448  5222  5222 D cellinfo: Latitude is 39.7256356
08-10 23:42:59.448  5222  5222 D cellinfo: Longitude is -105.0436008
08-10 23:42:59.448  5222  5222 D cellinfo: Instantaneous GPS information: United States, 600 Tennyson St, Denver, CO 80204, USA
08-10 23:42:59.448  5222  5222 D cellinfo: getCurrentLocation() result: Location (success): 39.7256356, -105.0436008
08-10 23:42:59.498  5222  5222 D cellinfo: onCellInfoChanged: Operator: AT&T...1 UpdateTimestamp: 201252235 CellConnectionStatus: 0
08-10 23:42:59.498  5222  5222 D cellinfo: onCellInfoChanged: LTE Cell Bands: [2] Bandwidth: 2147483647 Cell ID: 99078179 Physical Cell ID: 390 Tracking Area Code: 38410 EARFCN: 700
08-10 23:42:59.626  5222  5321 D cellinfo: 46 bytes from 44.241.174.93: icmp_seq=23300 ttl=32 time=119 ms
08-10 23:42:59.826  5222  5321 D cellinfo: 46 bytes from 44.241.174.93: icmp_seq=23301 ttl=32 time=119 ms
08-10 23:43:00.025  5222  5321 D cellinfo: 46 bytes from 44.241.174.93: icmp_seq=23302 ttl=32 time=118 ms
08-10 23:43:00.226  5222  5321 D cellinfo: 46 bytes from 44.241.174.93: icmp_seq=23303 ttl=32 time=118 ms
08-10 23:43:00.425  5222  5321 D cellinfo: 46 bytes from 44.241.174.93: icmp_seq=23304 ttl=32 time=117 ms
08-10 23:43:00.626  5222  5321 D cellinfo: 46 bytes from 44.241.174.93: icmp_seq=23305 ttl=32 time=117 ms
08-10 23:43:00.826  5222  5321 D cellinfo: 46 bytes from 44.241.174.93: icmp_seq=23306 ttl=32 time=117 ms
08-10 23:43:01.026  5222  5321 D cellinfo: 46 bytes from 44.241.174.93: icmp_seq=23307 ttl=32 time=115 ms
08-10 23:43:01.226  5222  5321 D cellinfo: 46 bytes from 44.241.174.93: icmp_seq=23308 ttl=32 time=116 ms
08-10 23:43:01.425  5222  5321 D cellinfo: 46 bytes from 44.241.174.93: icmp_seq=23309 ttl=32 time=115 ms
08-10 23:43:01.626  5222  5321 D cellinfo: 46 bytes from 44.241.174.93: icmp_seq=23310 ttl=32 time=114 ms
08-10 23:43:01.827  5222  5321 D cellinfo: 46 bytes from 44.241.174.93: icmp_seq=23311 ttl=32 time=113 ms
08-10 23:43:02.067  5222  5321 D cellinfo: 46 bytes from 44.241.174.93: icmp_seq=23312 ttl=32 time=153 ms
08-10 23:43:02.226  5222  5321 D cellinfo: 46 bytes from 44.241.174.93: icmp_seq=23313 ttl=32 time=113 ms
08-10 23:43:02.427  5222  5321 D cellinfo: 46 bytes from 44.241.174.93: icmp_seq=23314 ttl=32 time=112 ms
08-10 23:43:02.442  5222  5222 D cellinfo: Latitude is 39.7256356
08-10 23:43:02.442  5222  5222 D cellinfo: Longitude is -105.0436008
08-10 23:43:02.442  5222  5222 D cellinfo: Instantaneous GPS information: United States, 600 Tennyson St, Denver, CO 80204, USA
08-10 23:43:02.442  5222  5222 D cellinfo: getCurrentLocation() result: Location (success): 39.7256356, -105.0436008
08-10 23:43:02.477  5222  5222 D cellinfo: onsignalStrengthsChanged: LTE Signal Strength info: rsrp: -105 rsrq: -16 rssi: -67 rssnr: -5
08-10 23:43:02.494  5222  5222 D cellinfo: onCellInfoChanged: Operator: AT&T...1 UpdateTimestamp: 201255224 CellConnectionStatus: 0
08-10 23:43:02.494  5222  5222 D cellinfo: onCellInfoChanged: LTE Cell Bands: [2] Bandwidth: 2147483647 Cell ID: 99078179 Physical Cell ID: 390 Tracking Area Code: 38410 EARFCN: 700
08-10 23:43:02.667  5222  5321 D cellinfo: 46 bytes from 44.241.174.93: icmp_seq=23315 ttl=32 time=151 ms
08-10 23:43:02.825  5222  5321 D cellinfo: 46 bytes from 44.241.174.93: icmp_seq=23316 ttl=32 time=111 ms
08-10 23:43:03.026  5222  5321 D cellinfo: 46 bytes from 44.241.174.93: icmp_seq=23317 ttl=32 time=109 ms
08-10 23:43:03.227  5222  5321 D cellinfo: 46 bytes from 44.241.174.93: icmp_seq=23318 ttl=32 time=109 ms
08-10 23:43:03.349  5222  5222 D cellinfo: onsignalStrengthsChanged: LTE Signal Strength info: rsrp: -103 rsrq: -15 rssi: -65 rssnr: -4
08-10 23:43:03.426  5222  5321 D cellinfo: 46 bytes from 44.241.174.93: icmp_seq=23319 ttl=32 time=107 ms
08-10 23:43:03.625  5222  5321 D cellinfo: 46 bytes from 44.241.174.93: icmp_seq=23320 ttl=32 time=107 ms
08-10 23:43:03.826  5222  5321 D cellinfo: 46 bytes from 44.241.174.93: icmp_seq=23321 ttl=32 time=106 ms
08-10 23:43:04.026  5222  5321 D cellinfo: 46 bytes from 44.241.174.93: icmp_seq=23322 ttl=32 time=105 ms
08-10 23:43:04.227  5222  5321 D cellinfo: 46 bytes from 44.241.174.93: icmp_seq=23323 ttl=32 time=107 ms
08-10 23:43:04.425  5222  5321 D cellinfo: 46 bytes from 44.241.174.93: icmp_seq=23324 ttl=32 time=105 ms
08-10 23:43:04.625  5222  5321 D cellinfo: 46 bytes from 44.241.174.93: icmp_seq=23325 ttl=32 time=104 ms
08-10 23:43:04.827  5222  5321 D cellinfo: 46 bytes from 44.241.174.93: icmp_seq=23326 ttl=32 time=103 ms
08-10 23:43:05.035  5222  5321 D cellinfo: 46 bytes from 44.241.174.93: icmp_seq=23327 ttl=32 time=110 ms
08-10 23:43:05.226  5222  5321 D cellinfo: 46 bytes from 44.241.174.93: icmp_seq=23328 ttl=32 time=102 ms
08-10 23:43:05.427  5222  5321 D cellinfo: 46 bytes from 44.241.174.93: icmp_seq=23329 ttl=32 time=102 ms
08-10 23:43:05.479  5222  5222 D cellinfo: onsignalStrengthsChanged: LTE Signal Strength info: rsrp: -101 rsrq: -13 rssi: -59 rssnr: -2
08-10 23:43:05.490  5222  5222 D cellinfo: onCellInfoChanged: Operator: AT&T...1 UpdateTimestamp: 201258226 CellConnectionStatus: 0
08-10 23:43:05.490  5222  5222 D cellinfo: onCellInfoChanged: LTE Cell Bands: [2] Bandwidth: 2147483647 Cell ID: 99078179 Physical Cell ID: 390 Tracking Area Code: 38410 EARFCN: 700
08-10 23:43:05.589  5222  5222 D cellinfo: onsignalStrengthsChanged: LTE Signal Strength info: rsrp: -98 rsrq: -12 rssi: -59 rssnr: 0
08-10 23:43:05.628  5222  5321 D cellinfo: 46 bytes from 44.241.174.93: icmp_seq=23330 ttl=32 time=103 ms
08-10 23:43:05.826  5222  5321 D cellinfo: 46 bytes from 44.241.174.93: icmp_seq=23331 ttl=32 time=101 ms
08-10 23:43:06.036  5222  5321 D cellinfo: 46 bytes from 44.241.174.93: icmp_seq=23332 ttl=32 time=110 ms
08-10 23:43:06.225  5222  5321 D cellinfo: 46 bytes from 44.241.174.93: icmp_seq=23333 ttl=32 time=100 ms
08-10 23:43:06.426  5222  5321 D cellinfo: 46 bytes from 44.241.174.93: icmp_seq=23334 ttl=32 time=99.9 ms
08-10 23:43:06.625  5222  5321 D cellinfo: 46 bytes from 44.241.174.93: icmp_seq=23335 ttl=32 time=99.4 ms
08-10 23:43:06.826  5222  5321 D cellinfo: 46 bytes from 44.241.174.93: icmp_seq=23336 ttl=32 time=98.9 ms
08-10 23:43:07.025  5222  5321 D cellinfo: 46 bytes from 44.241.174.93: icmp_seq=23337 ttl=32 time=98.3 ms
08-10 23:43:07.220  5222  5321 D cellinfo: 46 bytes from 44.241.174.93: icmp_seq=23338 ttl=32 time=91.8 ms
08-10 23:43:07.423  5222  5321 D cellinfo: 46 bytes from 44.241.174.93: icmp_seq=23339 ttl=32 time=93.0 ms
08-10 23:43:07.628  5222  5321 D cellinfo: 46 bytes from 44.241.174.93: icmp_seq=23340 ttl=32 time=98.6 ms
08-10 23:43:07.628  5222  5222 D cellinfo: Latitude is 39.7255989
08-10 23:43:07.629  5222  5222 D cellinfo: Longitude is -105.0398489
08-10 23:43:07.629  5222  5222 D cellinfo: Instantaneous GPS information: United States, 555 Perry St, Denver, CO 80204, USA
08-10 23:43:07.629  5222  5222 D cellinfo: getCurrentLocation() result: Location (success): 39.7255989, -105.0398489
08-10 23:43:07.829  5222  5321 D cellinfo: 46 bytes from 44.241.174.93: icmp_seq=23341 ttl=32 time=97.2 ms
08-10 23:43:07.835  5222  5222 D cellinfo: onsignalStrengthsChanged: LTE Signal Strength info: rsrp: -96 rsrq: -11 rssi: -57 rssnr: 2
08-10 23:43:08.029  5222  5321 D cellinfo: 46 bytes from 44.241.174.93: icmp_seq=23342 ttl=32 time=95.5 ms
08-10 23:43:08.229  5222  5321 D cellinfo: 46 bytes from 44.241.174.93: icmp_seq=23343 ttl=32 time=94.8 ms
08-10 23:43:08.446  5222  5222 D cellinfo: Latitude is 39.7255989
08-10 23:43:08.446  5222  5222 D cellinfo: Longitude is -105.0398489
08-10 23:43:08.446  5222  5222 D cellinfo: Instantaneous GPS information: United States, 555 Perry St, Denver, CO 80204, USA
08-10 23:43:08.446  5222  5222 D cellinfo: getCurrentLocation() result: Location (success): 39.7255989, -105.0398489
08-10 23:43:08.466  5222  5321 D cellinfo: 46 bytes from 44.241.174.93: icmp_seq=23344 ttl=32 time=131 ms
08-10 23:43:08.482  5222  5222 D cellinfo: onsignalStrengthsChanged: LTE Signal Strength info: rsrp: -95 rsrq: -11 rssi: -69 rssnr: 5
08-10 23:43:08.500  5222  5222 D cellinfo: onCellInfoChanged: Operator: AT&T...1 UpdateTimestamp: 201261237 CellConnectionStatus: 0
08-10 23:43:08.500  5222  5222 D cellinfo: onCellInfoChanged: LTE Cell Bands: [2] Bandwidth: 2147483647 Cell ID: 99078179 Physical Cell ID: 390 Tracking Area Code: 38410 EARFCN: 700
08-10 23:43:08.629  5222  5321 D cellinfo: 46 bytes from 44.241.174.93: icmp_seq=23345 ttl=32 time=93.2 ms
08-10 23:43:08.829  5222  5321 D cellinfo: 46 bytes from 44.241.174.93: icmp_seq=23346 ttl=32 time=91.9 ms
08-10 23:43:09.029  5222  5321 D cellinfo: 46 bytes from 44.241.174.93: icmp_seq=23347 ttl=32 time=91.2 ms
08-10 23:43:09.230  5222  5321 D cellinfo: 46 bytes from 44.241.174.93: icmp_seq=23348 ttl=32 time=92.2 ms
08-10 23:43:09.429  5222  5321 D cellinfo: 46 bytes from 44.241.174.93: icmp_seq=23349 ttl=32 time=90.4 ms
08-10 23:43:09.629  5222  5321 D cellinfo: 46 bytes from 44.241.174.93: icmp_seq=23350 ttl=32 time=89.3 ms
08-10 23:43:09.867  5222  5321 D cellinfo: 46 bytes from 44.241.174.93: icmp_seq=23351 ttl=32 time=127 ms
08-10 23:43:10.066  5222  5321 D cellinfo: 46 bytes from 44.241.174.93: icmp_seq=23352 ttl=32 time=126 ms
08-10 23:43:10.083  5222  5222 D cellinfo: onsignalStrengthsChanged: LTE Signal Strength info: rsrp: -93 rsrq: -11 rssi: -57 rssnr: 8
08-10 23:43:10.266  5222  5321 D cellinfo: 46 bytes from 44.241.174.93: icmp_seq=23353 ttl=32 time=126 ms
08-10 23:43:10.465  5222  5321 D cellinfo: 46 bytes from 44.241.174.93: icmp_seq=23354 ttl=32 time=125 ms
08-10 23:43:10.668  5222  5321 D cellinfo: 46 bytes from 44.241.174.93: icmp_seq=23355 ttl=32 time=127 ms
08-10 23:43:10.867  5222  5321 D cellinfo: 46 bytes from 44.241.174.93: icmp_seq=23356 ttl=32 time=123 ms
08-10 23:43:11.066  5222  5321 D cellinfo: 46 bytes from 44.241.174.93: icmp_seq=23357 ttl=32 time=121 ms
08-10 23:43:11.266  5222  5321 D cellinfo: 46 bytes from 44.241.174.93: icmp_seq=23358 ttl=32 time=121 ms
08-10 23:43:11.445  5222  5222 D cellinfo: Latitude is 39.7255989
08-10 23:43:11.445  5222  5222 D cellinfo: Longitude is -105.0398489
08-10 23:43:11.446  5222  5222 D cellinfo: Instantaneous GPS information: United States, 555 Perry St, Denver, CO 80204, USA
08-10 23:43:11.446  5222  5222 D cellinfo: getCurrentLocation() result: Location (success): 39.7255989, -105.0398489
08-10 23:43:11.465  5222  5321 D cellinfo: 46 bytes from 44.241.174.93: icmp_seq=23359 ttl=32 time=119 ms
08-10 23:43:11.482  5222  5222 D cellinfo: onsignalStrengthsChanged: LTE Signal Strength info: rsrp: -92 rsrq: -11 rssi: -61 rssnr: 11
08-10 23:43:11.497  5222  5222 D cellinfo: onCellInfoChanged: Operator: AT&T...1 UpdateTimestamp: 201264233 CellConnectionStatus: 0
08-10 23:43:11.497  5222  5222 D cellinfo: onCellInfoChanged: LTE Cell Bands: [2] Bandwidth: 2147483647 Cell ID: 99078179 Physical Cell ID: 390 Tracking Area Code: 38410 EARFCN: 700
08-10 23:43:11.666  5222  5321 D cellinfo: 46 bytes from 44.241.174.93: icmp_seq=23360 ttl=32 time=118 ms
08-10 23:43:11.866  5222  5321 D cellinfo: 46 bytes from 44.241.174.93: icmp_seq=23361 ttl=32 time=117 ms
08-10 23:43:12.065  5222  5321 D cellinfo: 46 bytes from 44.241.174.93: icmp_seq=23362 ttl=32 time=116 ms
08-10 23:43:12.266  5222  5321 D cellinfo: 46 bytes from 44.241.174.93: icmp_seq=23363 ttl=32 time=117 ms
08-10 23:43:12.308  5222  5222 D cellinfo: onsignalStrengthsChanged: LTE Signal Strength info: rsrp: -91 rsrq: -11 rssi: -59 rssnr: 13
08-10 23:43:12.466  5222  5321 D cellinfo: 46 bytes from 44.241.174.93: icmp_seq=23364 ttl=32 time=117 ms
08-10 23:43:12.665  5222  5321 D cellinfo: 46 bytes from 44.241.174.93: icmp_seq=23365 ttl=32 time=116 ms
08-10 23:43:12.866  5222  5321 D cellinfo: 46 bytes from 44.241.174.93: icmp_seq=23366 ttl=32 time=115 ms
08-10 23:43:13.065  5222  5321 D cellinfo: 46 bytes from 44.241.174.93: icmp_seq=23367 ttl=32 time=114 ms
08-10 23:43:13.266  5222  5321 D cellinfo: 46 bytes from 44.241.174.93: icmp_seq=23368 ttl=32 time=115 ms
08-10 23:43:13.466  5222  5321 D cellinfo: 46 bytes from 44.241.174.93: icmp_seq=23369 ttl=32 time=114 ms
08-10 23:43:13.666  5222  5321 D cellinfo: 46 bytes from 44.241.174.93: icmp_seq=23370 ttl=32 time=114 ms
08-10 23:43:13.866  5222  5321 D cellinfo: 46 bytes from 44.241.174.93: icmp_seq=23371 ttl=32 time=113 ms
08-10 23:43:14.065  5222  5321 D cellinfo: 46 bytes from 44.241.174.93: icmp_seq=23372 ttl=32 time=112 ms
08-10 23:43:14.265  5222  5321 D cellinfo: 46 bytes from 44.241.174.93: icmp_seq=23373 ttl=32 time=113 ms
08-10 23:43:14.447  5222  5222 D cellinfo: Latitude is 39.7255989
08-10 23:43:14.447  5222  5222 D cellinfo: Longitude is -105.0398489
08-10 23:43:14.447  5222  5222 D cellinfo: Instantaneous GPS information: United States, 555 Perry St, Denver, CO 80204, USA
08-10 23:43:14.447  5222  5222 D cellinfo: getCurrentLocation() result: Location (success): 39.7255989, -105.0398489
08-10 23:43:14.465  5222  5321 D cellinfo: 46 bytes from 44.241.174.93: icmp_seq=23374 ttl=32 time=112 ms
08-10 23:43:14.478  5222  5222 D cellinfo: onsignalStrengthsChanged: LTE Signal Strength info: rsrp: -91 rsrq: -11 rssi: -67 rssnr: 13
08-10 23:43:14.506  5222  5222 D cellinfo: onCellInfoChanged: Operator: AT&T...1 UpdateTimestamp: 201267241 CellConnectionStatus: 0
08-10 23:43:14.506  5222  5222 D cellinfo: onCellInfoChanged: LTE Cell Bands: [2] Bandwidth: 2147483647 Cell ID: 99078179 Physical Cell ID: 390 Tracking Area Code: 38410 EARFCN: 700
08-10 23:43:14.666  5222  5321 D cellinfo: 46 bytes from 44.241.174.93: icmp_seq=23375 ttl=32 time=111 ms
08-10 23:43:14.867  5222  5321 D cellinfo: 46 bytes from 44.241.174.93: icmp_seq=23376 ttl=32 time=109 ms
08-10 23:43:15.065  5222  5321 D cellinfo: 46 bytes from 44.241.174.93: icmp_seq=23377 ttl=32 time=108 ms
08-10 23:43:15.266  5222  5321 D cellinfo: 46 bytes from 44.241.174.93: icmp_seq=23378 ttl=32 time=108 ms
08-10 23:43:15.467  5222  5321 D cellinfo: 46 bytes from 44.241.174.93: icmp_seq=23379 ttl=32 time=107 ms
08-10 23:43:15.665  5222  5321 D cellinfo: 46 bytes from 44.241.174.93: icmp_seq=23380 ttl=32 time=106 ms
08-10 23:43:15.866  5222  5321 D cellinfo: 46 bytes from 44.241.174.93: icmp_seq=23381 ttl=32 time=106 ms
08-10 23:43:16.066  5222  5321 D cellinfo: 46 bytes from 44.241.174.93: icmp_seq=23382 ttl=32 time=105 ms
08-10 23:43:16.266  5222  5321 D cellinfo: 46 bytes from 44.241.174.93: icmp_seq=23383 ttl=32 time=105 ms
08-10 23:43:16.466  5222  5321 D cellinfo: 46 bytes from 44.241.174.93: icmp_seq=23384 ttl=32 time=105 ms
08-10 23:43:16.666  5222  5321 D cellinfo: 46 bytes from 44.241.174.93: icmp_seq=23385 ttl=32 time=104 ms
08-10 23:43:16.787  5222  5222 D cellinfo: onsignalStrengthsChanged: LTE Signal Strength info: rsrp: -92 rsrq: -12 rssi: -63 rssnr: 11
08-10 23:43:16.867  5222  5321 D cellinfo: 46 bytes from 44.241.174.93: icmp_seq=23386 ttl=32 time=105 ms
08-10 23:43:17.109  5222  5321 D cellinfo: 46 bytes from 44.241.174.93: icmp_seq=23387 ttl=32 time=145 ms
08-10 23:43:17.266  5222  5321 D cellinfo: 46 bytes from 44.241.174.93: icmp_seq=23388 ttl=32 time=103 ms
08-10 23:43:17.461  5222  5321 D cellinfo: 46 bytes from 44.241.174.93: icmp_seq=23389 ttl=32 time=99.4 ms
08-10 23:43:17.479  5222  5222 D cellinfo: onsignalStrengthsChanged: LTE Signal Strength info: rsrp: -92 rsrq: -12 rssi: -67 rssnr: 10
08-10 23:43:17.569  5222  5222 D cellinfo: onCellInfoChanged: Operator: AT&T...1 UpdateTimestamp: 201270299 CellConnectionStatus: 0
08-10 23:43:17.569  5222  5222 D cellinfo: onCellInfoChanged: LTE Cell Bands: [2] Bandwidth: 2147483647 Cell ID: 99103843 Physical Cell ID: 289 Tracking Area Code: 38405 EARFCN: 700
08-10 23:43:17.592  5222  5222 D cellinfo: onCellInfoChanged: Operator: AT&T...1 UpdateTimestamp: 201270324 CellConnectionStatus: 0
08-10 23:43:17.592  5222  5222 D cellinfo: onCellInfoChanged: LTE Cell Bands: [2] Bandwidth: 2147483647 Cell ID: 99103843 Physical Cell ID: 289 Tracking Area Code: 38405 EARFCN: 700
08-10 23:43:17.622  5222  5222 D cellinfo: onServiceStateChanged: Channel Number: 700 Cell Bandwidths: []
08-10 23:43:17.661  5222  5321 D cellinfo: 46 bytes from 44.241.174.93: icmp_seq=23390 ttl=32 time=98.3 ms
08-10 23:43:17.863  5222  5321 D cellinfo: 46 bytes from 44.241.174.93: icmp_seq=23391 ttl=32 time=99.0 ms
08-10 23:43:18.063  5222  5321 D cellinfo: 46 bytes from 44.241.174.93: icmp_seq=23392 ttl=32 time=97.1 ms
08-10 23:43:18.263  5222  5321 D cellinfo: 46 bytes from 44.241.174.93: icmp_seq=23393 ttl=32 time=99.0 ms
08-10 23:43:18.499  5222  5321 D cellinfo: 46 bytes from 44.241.174.93: icmp_seq=23394 ttl=32 time=135 ms
08-10 23:43:18.677  5222  5321 D cellinfo: 46 bytes from 44.241.174.93: icmp_seq=23395 ttl=32 time=110 ms
08-10 23:43:18.863  5222  5321 D cellinfo: 46 bytes from 44.241.174.93: icmp_seq=23396 ttl=32 time=95.2 ms
08-10 23:43:19.073  5222  5222 D cellinfo: Latitude is 39.7255949
08-10 23:43:19.073  5222  5222 D cellinfo: Longitude is -105.0365768
08-10 23:43:19.073  5222  5222 D cellinfo: Instantaneous GPS information: United States, 547 Meade St, Denver, CO 80204, USA
08-10 23:43:19.073  5222  5222 D cellinfo: getCurrentLocation() result: Location (success): 39.7255949, -105.0365768
08-10 23:43:19.076  5222  5222 D cellinfo: onsignalStrengthsChanged: LTE Signal Strength info: rsrp: -94 rsrq: -13 rssi: -63 rssnr: 8
08-10 23:43:19.082  5222  5321 D cellinfo: 46 bytes from 44.241.174.93: icmp_seq=23397 ttl=32 time=114 ms
08-10 23:43:19.300  5222  5321 D cellinfo: 46 bytes from 44.241.174.93: icmp_seq=23398 ttl=32 time=132 ms
08-10 23:43:19.472  5222  5321 D cellinfo: 46 bytes from 44.241.174.93: icmp_seq=23399 ttl=32 time=102 ms
08-10 23:43:19.700  5222  5321 D cellinfo: 46 bytes from 44.241.174.93: icmp_seq=23400 ttl=32 time=131 ms
08-10 23:43:19.900  5222  5321 D cellinfo: 46 bytes from 44.241.174.93: icmp_seq=23401 ttl=32 time=130 ms
08-10 23:43:20.101  5222  5321 D cellinfo: 46 bytes from 44.241.174.93: icmp_seq=23402 ttl=32 time=129 ms
08-10 23:43:20.299  5222  5321 D cellinfo: 46 bytes from 44.241.174.93: icmp_seq=23403 ttl=32 time=130 ms
08-10 23:43:20.444  5222  5222 D cellinfo: Latitude is 39.7255949
08-10 23:43:20.444  5222  5222 D cellinfo: Longitude is -105.0365768
08-10 23:43:20.444  5222  5222 D cellinfo: Instantaneous GPS information: United States, 547 Meade St, Denver, CO 80204, USA
08-10 23:43:20.444  5222  5222 D cellinfo: getCurrentLocation() result: Location (success): 39.7255949, -105.0365768
08-10 23:43:20.463  5222  5321 D cellinfo: 46 bytes from 44.241.174.93: icmp_seq=23404 ttl=32 time=93.1 ms
08-10 23:43:20.496  5222  5222 D cellinfo: onCellInfoChanged: Operator: AT&T...1 UpdateTimestamp: 201273233 CellConnectionStatus: 0
08-10 23:43:20.496  5222  5222 D cellinfo: onCellInfoChanged: LTE Cell Bands: [2] Bandwidth: 2147483647 Cell ID: 99103843 Physical Cell ID: 289 Tracking Area Code: 38405 EARFCN: 700
08-10 23:43:20.662  5222  5321 D cellinfo: 46 bytes from 44.241.174.93: icmp_seq=23405 ttl=32 time=91.0 ms
08-10 23:43:20.901  5222  5321 D cellinfo: 46 bytes from 44.241.174.93: icmp_seq=23406 ttl=32 time=126 ms
08-10 23:43:21.101  5222  5321 D cellinfo: 46 bytes from 44.241.174.93: icmp_seq=23407 ttl=32 time=125 ms
08-10 23:43:21.300  5222  5321 D cellinfo: 46 bytes from 44.241.174.93: icmp_seq=23408 ttl=32 time=126 ms
08-10 23:43:21.500  5222  5321 D cellinfo: 46 bytes from 44.241.174.93: icmp_seq=23409 ttl=32 time=125 ms
08-10 23:43:21.701  5222  5321 D cellinfo: 46 bytes from 44.241.174.93: icmp_seq=23410 ttl=32 time=124 ms
08-10 23:43:21.900  5222  5321 D cellinfo: 46 bytes from 44.241.174.93: icmp_seq=23411 ttl=32 time=123 ms
08-10 23:43:22.101  5222  5321 D cellinfo: 46 bytes from 44.241.174.93: icmp_seq=23412 ttl=32 time=122 ms
08-10 23:43:22.300  5222  5321 D cellinfo: 46 bytes from 44.241.174.93: icmp_seq=23413 ttl=32 time=122 ms
08-10 23:43:22.499  5222  5321 D cellinfo: 46 bytes from 44.241.174.93: icmp_seq=23414 ttl=32 time=121 ms
08-10 23:43:22.701  5222  5321 D cellinfo: 46 bytes from 44.241.174.93: icmp_seq=23415 ttl=32 time=120 ms
08-10 23:43:22.902  5222  5321 D cellinfo: 46 bytes from 44.241.174.93: icmp_seq=23416 ttl=32 time=120 ms
08-10 23:43:23.101  5222  5321 D cellinfo: 46 bytes from 44.241.174.93: icmp_seq=23417 ttl=32 time=118 ms
08-10 23:43:23.281  5222  5321 D cellinfo: 46 bytes from 44.241.174.93: icmp_seq=23418 ttl=32 time=100 ms
08-10 23:43:23.449  5222  5222 D cellinfo: Latitude is 39.7255949
08-10 23:43:23.450  5222  5222 D cellinfo: Longitude is -105.0365768
08-10 23:43:23.450  5222  5222 D cellinfo: Instantaneous GPS information: United States, 547 Meade St, Denver, CO 80204, USA
08-10 23:43:23.450  5222  5222 D cellinfo: getCurrentLocation() result: Location (success): 39.7255949, -105.0365768
08-10 23:43:23.481  5222  5321 D cellinfo: 46 bytes from 44.241.174.93: icmp_seq=23419 ttl=32 time=99.8 ms
08-10 23:43:23.499  5222  5222 D cellinfo: onCellInfoChanged: Operator: AT&T...1 UpdateTimestamp: 201276237 CellConnectionStatus: 0
08-10 23:43:23.499  5222  5222 D cellinfo: onCellInfoChanged: LTE Cell Bands: [2] Bandwidth: 2147483647 Cell ID: 99103843 Physical Cell ID: 289 Tracking Area Code: 38405 EARFCN: 700
08-10 23:43:23.687  5222  5321 D cellinfo: 46 bytes from 44.241.174.93: icmp_seq=23420 ttl=32 time=104 ms
08-10 23:43:23.885  5222  5321 D cellinfo: 46 bytes from 44.241.174.93: icmp_seq=23421 ttl=32 time=101 ms
08-10 23:43:24.142  5222  5321 D cellinfo: 46 bytes from 44.241.174.93: icmp_seq=23422 ttl=32 time=154 ms
08-10 23:43:24.281  5222  5321 D cellinfo: 46 bytes from 44.241.174.93: icmp_seq=23423 ttl=32 time=97.1 ms
08-10 23:43:24.499  5222  5321 D cellinfo: 46 bytes from 44.241.174.93: icmp_seq=23424 ttl=32 time=114 ms
08-10 23:43:24.701  5222  5321 D cellinfo: 46 bytes from 44.241.174.93: icmp_seq=23425 ttl=32 time=113 ms
08-10 23:43:24.871  5222  5321 D cellinfo: 46 bytes from 44.241.174.93: icmp_seq=23426 ttl=32 time=84.4 ms
08-10 23:43:25.082  5222  5321 D cellinfo: 46 bytes from 44.241.174.93: icmp_seq=23427 ttl=32 time=93.2 ms
08-10 23:43:25.283  5222  5321 D cellinfo: 46 bytes from 44.241.174.93: icmp_seq=23428 ttl=32 time=94.6 ms
08-10 23:43:25.482  5222  5321 D cellinfo: 46 bytes from 44.241.174.93: icmp_seq=23429 ttl=32 time=92.7 ms
08-10 23:43:25.701  5222  5321 D cellinfo: 46 bytes from 44.241.174.93: icmp_seq=23430 ttl=32 time=110 ms
08-10 23:43:25.750  5222  5222 D cellinfo: onsignalStrengthsChanged: LTE Signal Strength info: rsrp: -89 rsrq: -13 rssi: -51 rssnr: 8
08-10 23:43:25.883  5222  5321 D cellinfo: 46 bytes from 44.241.174.93: icmp_seq=23431 ttl=32 time=92.0 ms
08-10 23:43:26.101  5222  5321 D cellinfo: 46 bytes from 44.241.174.93: icmp_seq=23432 ttl=32 time=109 ms
08-10 23:43:26.301  5222  5321 D cellinfo: 46 bytes from 44.241.174.93: icmp_seq=23433 ttl=32 time=109 ms
08-10 23:43:26.447  5222  5222 D cellinfo: Latitude is 39.7255949
08-10 23:43:26.447  5222  5222 D cellinfo: Longitude is -105.0365768
08-10 23:43:26.447  5222  5222 D cellinfo: Instantaneous GPS information: United States, 547 Meade St, Denver, CO 80204, USA
08-10 23:43:26.447  5222  5222 D cellinfo: getCurrentLocation() result: Location (success): 39.7255949, -105.0365768
