08-10 23:37:20.226  5222  5321 D cellinfo: 46 bytes from 44.241.174.93: icmp_seq=21611 ttl=32 time=150 ms
08-10 23:37:20.226  5222  5222 D cellinfo: onCellInfoChanged: Operator: AT&T...1 UpdateTimestamp: 200912795 CellConnectionStatus: 0
08-10 23:37:20.226  5222  5222 D cellinfo: onCellInfoChanged: LTE Cell Bands: [2] Bandwidth: 2147483647 Cell ID: 97540616 Physical Cell ID: 299 Tracking Area Code: 38405 EARFCN: 700
08-10 23:37:20.317  5222  5321 D cellinfo: 46 bytes from 44.241.174.93: icmp_seq=21612 ttl=32 time=91.1 ms
08-10 23:37:20.511  5222  5321 D cellinfo: 46 bytes from 44.241.174.93: icmp_seq=21613 ttl=32 time=84.4 ms
08-10 23:37:20.725  5222  5321 D cellinfo: 46 bytes from 44.241.174.93: icmp_seq=21614 ttl=32 time=98.2 ms
08-10 23:37:20.951  5222  5321 D cellinfo: 46 bytes from 44.241.174.93: icmp_seq=21615 ttl=32 time=120 ms
08-10 23:37:21.102  5222  5222 D cellinfo: Latitude is 39.7444546
08-10 23:37:21.103  5222  5222 D cellinfo: Longitude is -105.0180386
08-10 23:37:21.103  5222  5222 D cellinfo: Instantaneous GPS information: United States, 6 Mile High Stadium Cir, Denver, CO 80204, USA
08-10 23:37:21.103  5222  5222 D cellinfo: getCurrentLocation() result: Location (success): 39.7444546, -105.0180386
08-10 23:37:21.103  5222  5222 D cellinfo: onsignalStrengthsChanged: LTE Signal Strength info: rsrp: -81 rsrq: -10 rssi: -51 rssnr: 9
08-10 23:37:21.142  5222  5321 D cellinfo: 46 bytes from 44.241.174.93: icmp_seq=21616 ttl=32 time=112 ms
08-10 23:37:21.324  5222  5321 D cellinfo: 46 bytes from 44.241.174.93: icmp_seq=21617 ttl=32 time=94.7 ms
08-10 23:37:21.521  5222  5321 D cellinfo: 46 bytes from 44.241.174.93: icmp_seq=21618 ttl=32 time=91.4 ms
08-10 23:37:21.724  5222  5321 D cellinfo: 46 bytes from 44.241.174.93: icmp_seq=21619 ttl=32 time=92.4 ms
08-10 23:37:21.937  5222  5321 D cellinfo: 46 bytes from 44.241.174.93: icmp_seq=21620 ttl=32 time=106 ms
08-10 23:37:22.122  5222  5321 D cellinfo: 46 bytes from 44.241.174.93: icmp_seq=21621 ttl=32 time=89.6 ms
08-10 23:37:22.338  5222  5321 D cellinfo: 46 bytes from 44.241.174.93: icmp_seq=21622 ttl=32 time=105 ms
08-10 23:37:22.527  5222  5321 D cellinfo: 46 bytes from 44.241.174.93: icmp_seq=21623 ttl=32 time=92.3 ms
08-10 23:37:22.791  5222  5321 D cellinfo: 46 bytes from 44.241.174.93: icmp_seq=21624 ttl=32 time=156 ms
08-10 23:37:22.834  5222  5222 D cellinfo: onsignalStrengthsChanged: LTE Signal Strength info: rsrp: -80 rsrq: -10 rssi: -51 rssnr: 10
08-10 23:37:22.921  5222  5321 D cellinfo: 46 bytes from 44.241.174.93: icmp_seq=21625 ttl=32 time=87.3 ms
08-10 23:37:23.150  5222  5321 D cellinfo: 46 bytes from 44.241.174.93: icmp_seq=21626 ttl=32 time=114 ms
08-10 23:37:23.350  5222  5321 D cellinfo: 46 bytes from 44.241.174.93: icmp_seq=21627 ttl=32 time=113 ms
08-10 23:37:23.540  5222  5321 D cellinfo: 46 bytes from 44.241.174.93: icmp_seq=21628 ttl=32 time=102 ms
08-10 23:37:23.742  5222  5321 D cellinfo: 46 bytes from 44.241.174.93: icmp_seq=21629 ttl=32 time=104 ms
08-10 23:37:23.946  5222  5321 D cellinfo: 46 bytes from 44.241.174.93: icmp_seq=21630 ttl=32 time=107 ms
08-10 23:37:23.992  5222  5222 D cellinfo: Latitude is 39.7450772
08-10 23:37:23.992  5222  5222 D cellinfo: Longitude is -105.0191148
08-10 23:37:23.992  5222  5222 D cellinfo: Instantaneous GPS information: United States, 1701 Bryant St, Denver, CO 80204, USA
08-10 23:37:23.992  5222  5222 D cellinfo: getCurrentLocation() result: Location (success): 39.7450772, -105.0191148
08-10 23:37:24.138  5222  5321 D cellinfo: 46 bytes from 44.241.174.93: icmp_seq=21631 ttl=32 time=100 ms
08-10 23:37:24.349  5222  5321 D cellinfo: 46 bytes from 44.241.174.93: icmp_seq=21632 ttl=32 time=109 ms
08-10 23:37:24.560  5222  5321 D cellinfo: 46 bytes from 44.241.174.93: icmp_seq=21633 ttl=32 time=118 ms
08-10 23:37:24.749  5222  5321 D cellinfo: 46 bytes from 44.241.174.93: icmp_seq=21634 ttl=32 time=108 ms
08-10 23:37:24.939  5222  5321 D cellinfo: 46 bytes from 44.241.174.93: icmp_seq=21635 ttl=32 time=97.2 ms
08-10 23:37:25.146  5222  5321 D cellinfo: 46 bytes from 44.241.174.93: icmp_seq=21636 ttl=32 time=104 ms
08-10 23:37:25.362  5222  5321 D cellinfo: 46 bytes from 44.241.174.93: icmp_seq=21637 ttl=32 time=120 ms
08-10 23:37:25.597  5222  5321 D cellinfo: 46 bytes from 44.241.174.93: icmp_seq=21638 ttl=32 time=155 ms
08-10 23:37:25.833  5222  5321 D cellinfo: 46 bytes from 44.241.174.93: icmp_seq=21639 ttl=32 time=190 ms
08-10 23:37:25.852  5222  5222 D cellinfo: onServiceStateChanged: Channel Number: 700 Cell Bandwidths: [20000, 0]
08-10 23:37:25.868  5222  5222 D cellinfo: onDisplayInfoChanged: NetworkType: LTE OverrideNetworkType: 5G (Sub-6 GHz)
08-10 23:37:25.936  5222  5222 D cellinfo: onsignalStrengthsChanged: LTE Signal Strength info: rsrp: -79 rsrq: -10 rssi: -51 rssnr: 11
08-10 23:37:25.936  5222  5222 D cellinfo: onsignalStrengthsChanged: 5G-NR Signal Strength info: ssrsrp: -69 ssrsrq: -11 sssinr: 2147483647
08-10 23:37:26.045  5222  5222 D cellinfo: onServiceStateChanged: Channel Number: 700 Cell Bandwidths: [20000, 0]
08-10 23:37:26.096  5222  5321 D cellinfo: 46 bytes from 44.241.174.93: icmp_seq=21640 ttl=32 time=252 ms
08-10 23:37:26.257  5222  5321 D cellinfo: 46 bytes from 44.241.174.93: icmp_seq=21641 ttl=32 time=206 ms
08-10 23:37:26.436  5222  5321 D cellinfo: 46 bytes from 44.241.174.93: icmp_seq=21642 ttl=32 time=182 ms
08-10 23:37:26.633  5222  5222 D cellinfo: onsignalStrengthsChanged: LTE Signal Strength info: rsrp: -78 rsrq: -10 rssi: -51 rssnr: 11
08-10 23:37:26.633  5222  5222 D cellinfo: onsignalStrengthsChanged: 5G-NR Signal Strength info: ssrsrp: -75 ssrsrq: -12 sssinr: 8
08-10 23:37:26.660  5222  5321 D cellinfo: 46 bytes from 44.241.174.93: icmp_seq=21643 ttl=32 time=206 ms
08-10 23:37:26.808  5222  5321 D cellinfo: 46 bytes from 44.241.174.93: icmp_seq=21644 ttl=32 time=153 ms
08-10 23:37:26.939  5222  5321 D cellinfo: 46 bytes from 44.241.174.93: icmp_seq=21645 ttl=32 time=85.0 ms
08-10 23:37:27.139  5222  5321 D cellinfo: 46 bytes from 44.241.174.93: icmp_seq=21646 ttl=32 time=84.6 ms
08-10 23:37:27.222  5222  5222 D cellinfo: Latitude is 39.7457038
08-10 23:37:27.222  5222  5222 D cellinfo: Longitude is -105.0198534
08-10 23:37:27.222  5222  5222 D cellinfo: Instantaneous GPS information: United States, 1701 Bryant St, Denver, CO 80204, USA
08-10 23:37:27.222  5222  5222 D cellinfo: getCurrentLocation() result: Location (success): 39.7457038, -105.0198534
08-10 23:37:27.223  5222  5222 D cellinfo: onCellInfoChanged: Operator: AT&T...1 UpdateTimestamp: 200919532 CellConnectionStatus: 0
08-10 23:37:27.223  5222  5222 D cellinfo: onCellInfoChanged: LTE Cell Bands: [2] Bandwidth: 2147483647 Cell ID: 97540616 Physical Cell ID: 299 Tracking Area Code: 38405 EARFCN: 700
08-10 23:37:27.354  5222  5321 D cellinfo: 46 bytes from 44.241.174.93: icmp_seq=21647 ttl=32 time=97.7 ms
08-10 23:37:27.549  5222  5321 D cellinfo: 46 bytes from 44.241.174.93: icmp_seq=21648 ttl=32 time=93.4 ms
08-10 23:37:27.636  5222  5222 D cellinfo: onsignalStrengthsChanged: LTE Signal Strength info: rsrp: -77 rsrq: -10 rssi: -51 rssnr: 11
08-10 23:37:27.636  5222  5222 D cellinfo: onsignalStrengthsChanged: 5G-NR Signal Strength info: ssrsrp: -71 ssrsrq: -11 sssinr: 11
08-10 23:37:27.746  5222  5321 D cellinfo: 46 bytes from 44.241.174.93: icmp_seq=21649 ttl=32 time=88.7 ms
08-10 23:37:27.941  5222  5321 D cellinfo: 46 bytes from 44.241.174.93: icmp_seq=21650 ttl=32 time=82.5 ms
08-10 23:37:28.149  5222  5321 D cellinfo: 46 bytes from 44.241.174.93: icmp_seq=21651 ttl=32 time=90.9 ms
08-10 23:37:28.346  5222  5321 D cellinfo: 46 bytes from 44.241.174.93: icmp_seq=21652 ttl=32 time=86.9 ms
08-10 23:37:28.551  5222  5321 D cellinfo: 46 bytes from 44.241.174.93: icmp_seq=21653 ttl=32 time=91.1 ms
08-10 23:37:28.751  5222  5321 D cellinfo: 46 bytes from 44.241.174.93: icmp_seq=21654 ttl=32 time=90.6 ms
08-10 23:37:28.946  5222  5321 D cellinfo: 46 bytes from 44.241.174.93: icmp_seq=21655 ttl=32 time=84.1 ms
08-10 23:37:29.158  5222  5321 D cellinfo: 46 bytes from 44.241.174.93: icmp_seq=21656 ttl=32 time=93.6 ms
08-10 23:37:29.283  5222  5222 D cellinfo: onsignalStrengthsChanged: LTE Signal Strength info: rsrp: -75 rsrq: -10 rssi: -51 rssnr: 13
08-10 23:37:29.283  5222  5222 D cellinfo: onsignalStrengthsChanged: 5G-NR Signal Strength info: ssrsrp: -72 ssrsrq: -11 sssinr: 10
08-10 23:37:29.354  5222  5321 D cellinfo: 46 bytes from 44.241.174.93: icmp_seq=21657 ttl=32 time=91.2 ms
08-10 23:37:29.450  5222  5222 D cellinfo: Latitude is 39.7457038
08-10 23:37:29.450  5222  5222 D cellinfo: Longitude is -105.0198534
08-10 23:37:29.450  5222  5222 D cellinfo: Instantaneous GPS information: United States, 1701 Bryant St, Denver, CO 80204, USA
08-10 23:37:29.450  5222  5222 D cellinfo: getCurrentLocation() result: Location (success): 39.7457038, -105.0198534
08-10 23:37:29.461  5222  5222 D cellinfo: onServiceStateChanged: Channel Number: 700 Cell Bandwidths: [20000, 0]
08-10 23:37:29.562  5222  5321 D cellinfo: 46 bytes from 44.241.174.93: icmp_seq=21658 ttl=32 time=98.8 ms
08-10 23:37:29.657  5222  5222 D cellinfo: onCellInfoChanged: Operator: AT&T...1 UpdateTimestamp: 200922378 CellConnectionStatus: 0
08-10 23:37:29.657  5222  5222 D cellinfo: onCellInfoChanged: LTE Cell Bands: [2] Bandwidth: 2147483647 Cell ID: 97540616 Physical Cell ID: 299 Tracking Area Code: 38405 EARFCN: 700
08-10 23:37:29.673  5222  5222 D cellinfo: onsignalStrengthsChanged: LTE Signal Strength info: rsrp: -73 rsrq: -10 rssi: -51 rssnr: 15
08-10 23:37:29.673  5222  5222 D cellinfo: onsignalStrengthsChanged: 5G-NR Signal Strength info: ssrsrp: -68 ssrsrq: -11 sssinr: 15
08-10 23:37:29.750  5222  5321 D cellinfo: 46 bytes from 44.241.174.93: icmp_seq=21659 ttl=32 time=85.5 ms
08-10 23:37:29.963  5222  5321 D cellinfo: 46 bytes from 44.241.174.93: icmp_seq=21660 ttl=32 time=98.2 ms
08-10 23:37:30.159  5222  5321 D cellinfo: 46 bytes from 44.241.174.93: icmp_seq=21661 ttl=32 time=93.3 ms
08-10 23:37:30.354  5222  5321 D cellinfo: 46 bytes from 44.241.174.93: icmp_seq=21662 ttl=32 time=88.1 ms
08-10 23:37:30.563  5222  5321 D cellinfo: 46 bytes from 44.241.174.93: icmp_seq=21663 ttl=32 time=96.0 ms
08-10 23:37:30.639  5222  5222 D cellinfo: onsignalStrengthsChanged: LTE Signal Strength info: rsrp: -73 rsrq: -10 rssi: -51 rssnr: 15
08-10 23:37:30.639  5222  5222 D cellinfo: onsignalStrengthsChanged: 5G-NR Signal Strength info: ssrsrp: -73 ssrsrq: -11 sssinr: 10
08-10 23:37:30.761  5222  5321 D cellinfo: 46 bytes from 44.241.174.93: icmp_seq=21664 ttl=32 time=92.7 ms
08-10 23:37:30.955  5222  5321 D cellinfo: 46 bytes from 44.241.174.93: icmp_seq=21665 ttl=32 time=86.1 ms
08-10 23:37:31.165  5222  5321 D cellinfo: 46 bytes from 44.241.174.93: icmp_seq=21666 ttl=32 time=93.9 ms
08-10 23:37:31.356  5222  5321 D cellinfo: 46 bytes from 44.241.174.93: icmp_seq=21667 ttl=32 time=85.0 ms
08-10 23:37:31.565  5222  5321 D cellinfo: 46 bytes from 44.241.174.93: icmp_seq=21668 ttl=32 time=93.8 ms
08-10 23:37:31.640  5222  5222 D cellinfo: onsignalStrengthsChanged: LTE Signal Strength info: rsrp: -73 rsrq: -10 rssi: -51 rssnr: 15
08-10 23:37:31.640  5222  5222 D cellinfo: onsignalStrengthsChanged: 5G-NR Signal Strength info: ssrsrp: -66 ssrsrq: -11 sssinr: 16
08-10 23:37:31.767  5222  5321 D cellinfo: 46 bytes from 44.241.174.93: icmp_seq=21669 ttl=32 time=93.4 ms
08-10 23:37:31.794  5222  5222 D cellinfo: onsignalStrengthsChanged: LTE Signal Strength info: rsrp: -71 rsrq: -9 rssi: -51 rssnr: 18
08-10 23:37:31.794  5222  5222 D cellinfo: onsignalStrengthsChanged: 5G-NR Signal Strength info: ssrsrp: -66 ssrsrq: -11 sssinr: 16
08-10 23:37:31.960  5222  5321 D cellinfo: 46 bytes from 44.241.174.93: icmp_seq=21670 ttl=32 time=87.0 ms
08-10 23:37:32.169  5222  5321 D cellinfo: 46 bytes from 44.241.174.93: icmp_seq=21671 ttl=32 time=95.3 ms
08-10 23:37:32.364  5222  5321 D cellinfo: 46 bytes from 44.241.174.93: icmp_seq=21672 ttl=32 time=90.0 ms
08-10 23:37:32.442  5222  5222 D cellinfo: Latitude is 39.7457038
08-10 23:37:32.442  5222  5222 D cellinfo: Longitude is -105.0198534
08-10 23:37:32.442  5222  5222 D cellinfo: Instantaneous GPS information: United States, 1701 Bryant St, Denver, CO 80204, USA
08-10 23:37:32.442  5222  5222 D cellinfo: getCurrentLocation() result: Location (success): 39.7457038, -105.0198534
08-10 23:37:32.480  5222  5222 D cellinfo: onCellInfoChanged: Operator: AT&T...1 UpdateTimestamp: 200925217 CellConnectionStatus: 0
08-10 23:37:32.480  5222  5222 D cellinfo: onCellInfoChanged: LTE Cell Bands: [2] Bandwidth: 2147483647 Cell ID: 97540616 Physical Cell ID: 299 Tracking Area Code: 38405 EARFCN: 700
08-10 23:37:32.560  5222  5321 D cellinfo: 46 bytes from 44.241.174.93: icmp_seq=21673 ttl=32 time=84.2 ms
08-10 23:37:32.633  5222  5222 D cellinfo: onsignalStrengthsChanged: LTE Signal Strength info: rsrp: -69 rsrq: -9 rssi: -51 rssnr: 19
08-10 23:37:32.634  5222  5222 D cellinfo: onsignalStrengthsChanged: 5G-NR Signal Strength info: ssrsrp: -69 ssrsrq: -11 sssinr: 16
08-10 23:37:32.770  5222  5321 D cellinfo: 46 bytes from 44.241.174.93: icmp_seq=21674 ttl=32 time=95.1 ms
08-10 23:37:32.964  5222  5321 D cellinfo: 46 bytes from 44.241.174.93: icmp_seq=21675 ttl=32 time=88.5 ms
08-10 23:37:33.161  5222  5321 D cellinfo: 46 bytes from 44.241.174.93: icmp_seq=21676 ttl=32 time=85.2 ms
08-10 23:37:33.370  5222  5321 D cellinfo: 46 bytes from 44.241.174.93: icmp_seq=21677 ttl=32 time=92.7 ms
08-10 23:37:33.564  5222  5321 D cellinfo: 46 bytes from 44.241.174.93: icmp_seq=21678 ttl=32 time=86.3 ms
08-10 23:37:33.772  5222  5321 D cellinfo: 46 bytes from 44.241.174.93: icmp_seq=21679 ttl=32 time=93.0 ms
08-10 23:37:33.971  5222  5321 D cellinfo: 46 bytes from 44.241.174.93: icmp_seq=21680 ttl=32 time=89.5 ms
08-10 23:37:34.164  5222  5321 D cellinfo: 46 bytes from 44.241.174.93: icmp_seq=21681 ttl=32 time=84.1 ms
08-10 23:37:34.376  5222  5321 D cellinfo: 46 bytes from 44.241.174.93: icmp_seq=21682 ttl=32 time=93.8 ms
08-10 23:37:34.571  5222  5321 D cellinfo: 46 bytes from 44.241.174.93: icmp_seq=21683 ttl=32 time=88.2 ms
08-10 23:37:34.645  5222  5222 D cellinfo: onsignalStrengthsChanged: LTE Signal Strength info: rsrp: -69 rsrq: -9 rssi: -51 rssnr: 19
08-10 23:37:34.645  5222  5222 D cellinfo: onsignalStrengthsChanged: 5G-NR Signal Strength info: ssrsrp: -64 ssrsrq: -11 sssinr: 8
08-10 23:37:34.792  5222  5321 D cellinfo: 46 bytes from 44.241.174.93: icmp_seq=21684 ttl=32 time=106 ms
08-10 23:37:34.972  5222  5321 D cellinfo: 46 bytes from 44.241.174.93: icmp_seq=21685 ttl=32 time=86.7 ms
08-10 23:37:35.186  5222  5321 D cellinfo: 46 bytes from 44.241.174.93: icmp_seq=21686 ttl=32 time=100 ms
08-10 23:37:35.287  5222  5222 D cellinfo: onsignalStrengthsChanged: LTE Signal Strength info: rsrp: -68 rsrq: -9 rssi: -51 rssnr: 18
08-10 23:37:35.287  5222  5222 D cellinfo: onsignalStrengthsChanged: 5G-NR Signal Strength info: ssrsrp: -64 ssrsrq: -11 sssinr: 8
08-10 23:37:35.370  5222  5321 D cellinfo: 46 bytes from 44.241.174.93: icmp_seq=21687 ttl=32 time=84.2 ms
08-10 23:37:35.489  5222  5222 D cellinfo: onCellInfoChanged: Operator: AT&T...1 UpdateTimestamp: 200928224 CellConnectionStatus: 0
08-10 23:37:35.489  5222  5222 D cellinfo: onCellInfoChanged: LTE Cell Bands: [2] Bandwidth: 2147483647 Cell ID: 97540616 Physical Cell ID: 299 Tracking Area Code: 38405 EARFCN: 700
08-10 23:37:35.579  5222  5321 D cellinfo: 46 bytes from 44.241.174.93: icmp_seq=21688 ttl=32 time=92.2 ms
08-10 23:37:35.771  5222  5321 D cellinfo: 46 bytes from 44.241.174.93: icmp_seq=21689 ttl=32 time=83.5 ms
08-10 23:37:35.996  5222  5321 D cellinfo: 46 bytes from 44.241.174.93: icmp_seq=21690 ttl=32 time=108 ms
08-10 23:37:36.179  5222  5321 D cellinfo: 46 bytes from 44.241.174.93: icmp_seq=21691 ttl=32 time=91.1 ms
08-10 23:37:36.386  5222  5321 D cellinfo: 46 bytes from 44.241.174.93: icmp_seq=21692 ttl=32 time=96.7 ms
08-10 23:37:36.607  5222  5321 D cellinfo: 46 bytes from 44.241.174.93: icmp_seq=21693 ttl=32 time=115 ms
08-10 23:37:36.643  5222  5222 D cellinfo: onsignalStrengthsChanged: LTE Signal Strength info: rsrp: -68 rsrq: -9 rssi: -51 rssnr: 18
08-10 23:37:36.643  5222  5222 D cellinfo: onsignalStrengthsChanged: 5G-NR Signal Strength info: ssrsrp: -73 ssrsrq: -16 sssinr: 1
08-10 23:37:36.784  5222  5321 D cellinfo: 46 bytes from 44.241.174.93: icmp_seq=21694 ttl=32 time=91.5 ms
08-10 23:37:36.919  5222  5222 D cellinfo: onsignalStrengthsChanged: LTE Signal Strength info: rsrp: -68 rsrq: -9 rssi: -51 rssnr: 18
08-10 23:37:36.919  5222  5222 D cellinfo: onsignalStrengthsChanged: 5G-NR Signal Strength info: ssrsrp: -71 ssrsrq: -12 sssinr: -1
08-10 23:37:36.983  5222  5321 D cellinfo: 46 bytes from 44.241.174.93: icmp_seq=21695 ttl=32 time=90.3 ms
08-10 23:37:37.180  5222  5321 D cellinfo: 46 bytes from 44.241.174.93: icmp_seq=21696 ttl=32 time=86.9 ms
08-10 23:37:37.378  5222  5321 D cellinfo: 46 bytes from 44.241.174.93: icmp_seq=21697 ttl=32 time=83.4 ms
08-10 23:37:37.605  5222  5321 D cellinfo: 46 bytes from 44.241.174.93: icmp_seq=21698 ttl=32 time=109 ms
08-10 23:37:37.644  5222  5222 D cellinfo: onsignalStrengthsChanged: LTE Signal Strength info: rsrp: -68 rsrq: -9 rssi: -51 rssnr: 18
08-10 23:37:37.644  5222  5222 D cellinfo: onsignalStrengthsChanged: 5G-NR Signal Strength info: ssrsrp: -81 ssrsrq: -13 sssinr: 2
08-10 23:37:37.789  5222  5321 D cellinfo: 46 bytes from 44.241.174.93: icmp_seq=21699 ttl=32 time=94.0 ms
08-10 23:37:37.985  5222  5321 D cellinfo: 46 bytes from 44.241.174.93: icmp_seq=21700 ttl=32 time=88.8 ms
08-10 23:37:38.181  5222  5321 D cellinfo: 46 bytes from 44.241.174.93: icmp_seq=21701 ttl=32 time=84.2 ms
08-10 23:37:38.385  5222  5321 D cellinfo: 46 bytes from 44.241.174.93: icmp_seq=21702 ttl=32 time=87.3 ms
08-10 23:37:38.554  5222  5222 D cellinfo: Latitude is 39.7402923
08-10 23:37:38.554  5222  5222 D cellinfo: Longitude is -105.0142838
08-10 23:37:38.554  5222  5222 D cellinfo: Instantaneous GPS information: United States, S Valley Hwy, Denver, CO 80204, USA
08-10 23:37:38.554  5222  5222 D cellinfo: getCurrentLocation() result: Location (success): 39.7402923, -105.0142838
08-10 23:37:38.557  5222  5222 D cellinfo: onsignalStrengthsChanged: LTE Signal Strength info: rsrp: -68 rsrq: -9 rssi: -53 rssnr: 16
08-10 23:37:38.557  5222  5222 D cellinfo: onsignalStrengthsChanged: 5G-NR Signal Strength info: ssrsrp: -81 ssrsrq: -13 sssinr: 2
08-10 23:37:38.557  5222  5222 D cellinfo: onCellInfoChanged: Operator: AT&T...1 UpdateTimestamp: 200931219 CellConnectionStatus: 0
08-10 23:37:38.557  5222  5222 D cellinfo: onCellInfoChanged: LTE Cell Bands: [2] Bandwidth: 2147483647 Cell ID: 97540616 Physical Cell ID: 299 Tracking Area Code: 38405 EARFCN: 700
08-10 23:37:38.557  5222  5222 D cellinfo: onsignalStrengthsChanged: LTE Signal Strength info: rsrp: -68 rsrq: -9 rssi: -53 rssnr: 14
08-10 23:37:38.557  5222  5222 D cellinfo: onsignalStrengthsChanged: 5G-NR Signal Strength info: ssrsrp: -81 ssrsrq: -13 sssinr: 2
08-10 23:37:38.577  5222  5222 D cellinfo: Latitude is 39.7402923
08-10 23:37:38.577  5222  5222 D cellinfo: Longitude is -105.0142838
08-10 23:37:38.577  5222  5222 D cellinfo: Instantaneous GPS information: United States, S Valley Hwy, Denver, CO 80204, USA
08-10 23:37:38.577  5222  5222 D cellinfo: getCurrentLocation() result: Location (success): 39.7402923, -105.0142838
08-10 23:37:38.593  5222  5321 D cellinfo: 46 bytes from 44.241.174.93: icmp_seq=21703 ttl=32 time=97.5 ms
08-10 23:37:38.638  5222  5222 D cellinfo: onsignalStrengthsChanged: LTE Signal Strength info: rsrp: -68 rsrq: -9 rssi: -53 rssnr: 14
08-10 23:37:38.638  5222  5222 D cellinfo: onsignalStrengthsChanged: 5G-NR Signal Strength info: ssrsrp: -73 ssrsrq: -11 sssinr: 7
08-10 23:37:38.755  5222  5222 D cellinfo: onCellInfoChanged: Operator: AT&T...1 UpdateTimestamp: 200931489 CellConnectionStatus: 0
08-10 23:37:38.755  5222  5222 D cellinfo: onCellInfoChanged: LTE Cell Bands: [2] Bandwidth: 2147483647 Cell ID: 97540617 Physical Cell ID: 298 Tracking Area Code: 38405 EARFCN: 700
08-10 23:37:38.791  5222  5321 D cellinfo: 46 bytes from 44.241.174.93: icmp_seq=21704 ttl=32 time=93.3 ms
08-10 23:37:38.804  5222  5222 D cellinfo: onServiceStateChanged: Channel Number: 700 Cell Bandwidths: []
08-10 23:37:38.994  5222  5321 D cellinfo: 46 bytes from 44.241.174.93: icmp_seq=21705 ttl=32 time=96.0 ms
08-10 23:37:39.190  5222  5321 D cellinfo: 46 bytes from 44.241.174.93: icmp_seq=21706 ttl=32 time=91.1 ms
08-10 23:37:39.385  5222  5321 D cellinfo: 46 bytes from 44.241.174.93: icmp_seq=21707 ttl=32 time=82.6 ms
08-10 23:37:39.598  5222  5321 D cellinfo: 46 bytes from 44.241.174.93: icmp_seq=21708 ttl=32 time=96.4 ms
08-10 23:37:39.640  5222  5222 D cellinfo: onsignalStrengthsChanged: LTE Signal Strength info: rsrp: -68 rsrq: -9 rssi: -53 rssnr: 14
08-10 23:37:39.640  5222  5222 D cellinfo: onsignalStrengthsChanged: 5G-NR Signal Strength info: ssrsrp: -64 ssrsrq: -11 sssinr: 17
08-10 23:37:39.793  5222  5321 D cellinfo: 46 bytes from 44.241.174.93: icmp_seq=21709 ttl=32 time=90.4 ms
08-10 23:37:39.994  5222  5321 D cellinfo: 46 bytes from 44.241.174.93: icmp_seq=21710 ttl=32 time=89.6 ms
08-10 23:37:40.188  5222  5321 D cellinfo: 46 bytes from 44.241.174.93: icmp_seq=21711 ttl=32 time=83.2 ms
08-10 23:37:40.398  5222  5321 D cellinfo: 46 bytes from 44.241.174.93: icmp_seq=21712 ttl=32 time=90.5 ms
08-10 23:37:40.598  5222  5321 D cellinfo: 46 bytes from 44.241.174.93: icmp_seq=21713 ttl=32 time=90.1 ms
08-10 23:37:40.805  5222  5321 D cellinfo: 46 bytes from 44.241.174.93: icmp_seq=21714 ttl=32 time=97.4 ms
08-10 23:37:40.998  5222  5321 D cellinfo: 46 bytes from 44.241.174.93: icmp_seq=21715 ttl=32 time=89.3 ms
08-10 23:37:41.208  5222  5321 D cellinfo: 46 bytes from 44.241.174.93: icmp_seq=21716 ttl=32 time=96.9 ms
08-10 23:37:41.288  5222  5222 D cellinfo: onsignalStrengthsChanged: LTE Signal Strength info: rsrp: -69 rsrq: -9 rssi: -51 rssnr: 12
08-10 23:37:41.288  5222  5222 D cellinfo: onsignalStrengthsChanged: 5G-NR Signal Strength info: ssrsrp: -64 ssrsrq: -11 sssinr: 18
08-10 23:37:41.408  5222  5321 D cellinfo: 46 bytes from 44.241.174.93: icmp_seq=21717 ttl=32 time=96.2 ms
08-10 23:37:41.447  5222  5222 D cellinfo: Latitude is 39.7402923
08-10 23:37:41.447  5222  5222 D cellinfo: Longitude is -105.0142838
08-10 23:37:41.447  5222  5222 D cellinfo: Instantaneous GPS information: United States, S Valley Hwy, Denver, CO 80204, USA
08-10 23:37:41.447  5222  5222 D cellinfo: getCurrentLocation() result: Location (success): 39.7402923, -105.0142838
08-10 23:37:41.498  5222  5222 D cellinfo: onCellInfoChanged: Operator: AT&T...1 UpdateTimestamp: 200934234 CellConnectionStatus: 0
08-10 23:37:41.498  5222  5222 D cellinfo: onCellInfoChanged: LTE Cell Bands: [2] Bandwidth: 2147483647 Cell ID: 97540617 Physical Cell ID: 298 Tracking Area Code: 38405 EARFCN: 700
08-10 23:37:41.605  5222  5321 D cellinfo: 46 bytes from 44.241.174.93: icmp_seq=21718 ttl=32 time=93.0 ms
08-10 23:37:41.644  5222  5222 D cellinfo: onsignalStrengthsChanged: LTE Signal Strength info: rsrp: -69 rsrq: -9 rssi: -51 rssnr: 12
08-10 23:37:41.644  5222  5222 D cellinfo: onsignalStrengthsChanged: 5G-NR Signal Strength info: ssrsrp: -62 ssrsrq: -11 sssinr: 19
08-10 23:37:41.804  5222  5321 D cellinfo: 46 bytes from 44.241.174.93: icmp_seq=21719 ttl=32 time=93.7 ms
08-10 23:37:42.004  5222  5321 D cellinfo: 46 bytes from 44.241.174.93: icmp_seq=21720 ttl=32 time=93.0 ms
08-10 23:37:42.205  5222  5321 D cellinfo: 46 bytes from 44.241.174.93: icmp_seq=21721 ttl=32 time=93.3 ms
08-10 23:37:42.407  5222  5321 D cellinfo: 46 bytes from 44.241.174.93: icmp_seq=21722 ttl=32 time=94.2 ms
08-10 23:37:42.611  5222  5321 D cellinfo: 46 bytes from 44.241.174.93: icmp_seq=21723 ttl=32 time=98.8 ms
08-10 23:37:42.807  5222  5321 D cellinfo: 46 bytes from 44.241.174.93: icmp_seq=21724 ttl=32 time=93.0 ms
08-10 23:37:43.010  5222  5321 D cellinfo: 46 bytes from 44.241.174.93: icmp_seq=21725 ttl=32 time=93.7 ms
08-10 23:37:43.209  5222  5321 D cellinfo: 46 bytes from 44.241.174.93: icmp_seq=21726 ttl=32 time=94.4 ms
08-10 23:37:43.406  5222  5321 D cellinfo: 46 bytes from 44.241.174.93: icmp_seq=21727 ttl=32 time=89.5 ms
08-10 23:37:43.610  5222  5321 D cellinfo: 46 bytes from 44.241.174.93: icmp_seq=21728 ttl=32 time=91.0 ms
08-10 23:37:43.642  5222  5222 D cellinfo: onsignalStrengthsChanged: LTE Signal Strength info: rsrp: -70 rsrq: -9 rssi: -51 rssnr: 12
08-10 23:37:43.642  5222  5222 D cellinfo: onsignalStrengthsChanged: 5G-NR Signal Strength info: ssrsrp: -68 ssrsrq: -11 sssinr: 15
08-10 23:37:43.803  5222  5321 D cellinfo: 46 bytes from 44.241.174.93: icmp_seq=21729 ttl=32 time=84.2 ms
08-10 23:37:44.015  5222  5321 D cellinfo: 46 bytes from 44.241.174.93: icmp_seq=21730 ttl=32 time=94.5 ms
08-10 23:37:44.223  5222  5321 D cellinfo: 46 bytes from 44.241.174.93: icmp_seq=21731 ttl=32 time=103 ms
08-10 23:37:44.408  5222  5321 D cellinfo: 46 bytes from 44.241.174.93: icmp_seq=21732 ttl=32 time=87.4 ms
08-10 23:37:44.445  5222  5222 D cellinfo: Latitude is 39.7402923
08-10 23:37:44.445  5222  5222 D cellinfo: Longitude is -105.0142838
08-10 23:37:44.445  5222  5222 D cellinfo: Instantaneous GPS information: United States, S Valley Hwy, Denver, CO 80204, USA
08-10 23:37:44.445  5222  5222 D cellinfo: getCurrentLocation() result: Location (success): 39.7402923, -105.0142838
08-10 23:37:44.545  5222  5222 D cellinfo: onCellInfoChanged: Operator: AT&T...1 UpdateTimestamp: 200937279 CellConnectionStatus: 0
08-10 23:37:44.545  5222  5222 D cellinfo: onCellInfoChanged: LTE Cell Bands: [2] Bandwidth: 2147483647 Cell ID: 97540617 Physical Cell ID: 298 Tracking Area Code: 38405 EARFCN: 700
08-10 23:37:44.615  5222  5321 D cellinfo: 46 bytes from 44.241.174.93: icmp_seq=21733 ttl=32 time=94.5 ms
08-10 23:37:44.645  5222  5222 D cellinfo: onsignalStrengthsChanged: LTE Signal Strength info: rsrp: -70 rsrq: -10 rssi: -51 rssnr: 12
08-10 23:37:44.645  5222  5222 D cellinfo: onsignalStrengthsChanged: 5G-NR Signal Strength info: ssrsrp: -72 ssrsrq: -11 sssinr: 12
08-10 23:37:44.815  5222  5321 D cellinfo: 46 bytes from 44.241.174.93: icmp_seq=21734 ttl=32 time=92.4 ms
08-10 23:37:45.014  5222  5321 D cellinfo: 46 bytes from 44.241.174.93: icmp_seq=21735 ttl=32 time=91.1 ms
08-10 23:37:45.215  5222  5321 D cellinfo: 46 bytes from 44.241.174.93: icmp_seq=21736 ttl=32 time=92.3 ms
08-10 23:37:45.414  5222  5321 D cellinfo: 46 bytes from 44.241.174.93: icmp_seq=21737 ttl=32 time=91.1 ms
08-10 23:37:45.616  5222  5321 D cellinfo: 46 bytes from 44.241.174.93: icmp_seq=21738 ttl=32 time=92.0 ms
08-10 23:37:45.815  5222  5321 D cellinfo: 46 bytes from 44.241.174.93: icmp_seq=21739 ttl=32 time=92.4 ms
08-10 23:37:46.020  5222  5321 D cellinfo: 46 bytes from 44.241.174.93: icmp_seq=21740 ttl=32 time=95.4 ms
08-10 23:37:46.214  5222  5321 D cellinfo: 46 bytes from 44.241.174.93: icmp_seq=21741 ttl=32 time=89.3 ms
08-10 23:37:46.409  5222  5321 D cellinfo: 46 bytes from 44.241.174.93: icmp_seq=21742 ttl=32 time=84.4 ms
08-10 23:37:46.620  5222  5321 D cellinfo: 46 bytes from 44.241.174.93: icmp_seq=21743 ttl=32 time=94.7 ms
08-10 23:37:46.814  5222  5321 D cellinfo: 46 bytes from 44.241.174.93: icmp_seq=21744 ttl=32 time=87.8 ms
08-10 23:37:47.025  5222  5321 D cellinfo: 46 bytes from 44.241.174.93: icmp_seq=21745 ttl=32 time=98.0 ms
08-10 23:37:47.224  5222  5321 D cellinfo: 46 bytes from 44.241.174.93: icmp_seq=21746 ttl=32 time=97.3 ms
08-10 23:37:47.424  5222  5321 D cellinfo: 46 bytes from 44.241.174.93: icmp_seq=21747 ttl=32 time=95.4 ms
08-10 23:37:47.441  5222  5222 D cellinfo: Latitude is 39.7402923
08-10 23:37:47.441  5222  5222 D cellinfo: Longitude is -105.0142838
08-10 23:37:47.441  5222  5222 D cellinfo: Instantaneous GPS information: United States, S Valley Hwy, Denver, CO 80204, USA
08-10 23:37:47.441  5222  5222 D cellinfo: getCurrentLocation() result: Location (success): 39.7402923, -105.0142838
08-10 23:37:47.487  5222  5222 D cellinfo: onCellInfoChanged: Operator: AT&T...1 UpdateTimestamp: 200940219 CellConnectionStatus: 0
08-10 23:37:47.487  5222  5222 D cellinfo: onCellInfoChanged: LTE Cell Bands: [2] Bandwidth: 2147483647 Cell ID: 97540617 Physical Cell ID: 298 Tracking Area Code: 38405 EARFCN: 700
08-10 23:37:47.625  5222  5321 D cellinfo: 46 bytes from 44.241.174.93: icmp_seq=21748 ttl=32 time=93.8 ms
08-10 23:37:47.642  5222  5222 D cellinfo: onsignalStrengthsChanged: LTE Signal Strength info: rsrp: -71 rsrq: -10 rssi: -51 rssnr: 14
08-10 23:37:47.642  5222  5222 D cellinfo: onsignalStrengthsChanged: 5G-NR Signal Strength info: ssrsrp: -75 ssrsrq: -11 sssinr: 11
08-10 23:37:47.825  5222  5321 D cellinfo: 46 bytes from 44.241.174.93: icmp_seq=21749 ttl=32 time=92.5 ms
08-10 23:37:48.025  5222  5321 D cellinfo: 46 bytes from 44.241.174.93: icmp_seq=21750 ttl=32 time=93.3 ms
08-10 23:37:48.226  5222  5321 D cellinfo: 46 bytes from 44.241.174.93: icmp_seq=21751 ttl=32 time=93.1 ms
08-10 23:37:48.424  5222  5321 D cellinfo: 46 bytes from 44.241.174.93: icmp_seq=21752 ttl=32 time=91.4 ms
08-10 23:37:48.625  5222  5321 D cellinfo: 46 bytes from 44.241.174.93: icmp_seq=21753 ttl=32 time=90.5 ms
08-10 23:37:48.647  5222  5222 D cellinfo: onsignalStrengthsChanged: LTE Signal Strength info: rsrp: -71 rsrq: -10 rssi: -51 rssnr: 14
08-10 23:37:48.647  5222  5222 D cellinfo: onsignalStrengthsChanged: 5G-NR Signal Strength info: ssrsrp: -73 ssrsrq: -11 sssinr: 9
08-10 23:37:48.824  5222  5321 D cellinfo: 46 bytes from 44.241.174.93: icmp_seq=21754 ttl=32 time=89.2 ms
08-10 23:37:49.019  5222  5321 D cellinfo: 46 bytes from 44.241.174.93: icmp_seq=21755 ttl=32 time=84.3 ms
08-10 23:37:49.230  5222  5321 D cellinfo: 46 bytes from 44.241.174.93: icmp_seq=21756 ttl=32 time=94.9 ms
08-10 23:37:49.421  5222  5321 D cellinfo: 46 bytes from 44.241.174.93: icmp_seq=21757 ttl=32 time=85.6 ms
08-10 23:37:49.630  5222  5321 D cellinfo: 46 bytes from 44.241.174.93: icmp_seq=21758 ttl=32 time=92.5 ms
08-10 23:37:49.822  5222  5321 D cellinfo: 46 bytes from 44.241.174.93: icmp_seq=21759 ttl=32 time=83.7 ms
08-10 23:37:50.028  5222  5321 D cellinfo: 46 bytes from 44.241.174.93: icmp_seq=21760 ttl=32 time=89.7 ms
08-10 23:37:50.227  5222  5321 D cellinfo: 46 bytes from 44.241.174.93: icmp_seq=21761 ttl=32 time=88.3 ms
08-10 23:37:50.435  5222  5321 D cellinfo: 46 bytes from 44.241.174.93: icmp_seq=21762 ttl=32 time=95.4 ms
08-10 23:37:50.492  5222  5222 D cellinfo: onCellInfoChanged: Operator: AT&T...1 UpdateTimestamp: 200943228 CellConnectionStatus: 0
08-10 23:37:50.492  5222  5222 D cellinfo: onCellInfoChanged: LTE Cell Bands: [2] Bandwidth: 2147483647 Cell ID: 97540617 Physical Cell ID: 298 Tracking Area Code: 38405 EARFCN: 700
08-10 23:37:50.634  5222  5321 D cellinfo: 46 bytes from 44.241.174.93: icmp_seq=21763 ttl=32 time=94.0 ms
08-10 23:37:50.646  5222  5222 D cellinfo: onsignalStrengthsChanged: LTE Signal Strength info: rsrp: -72 rsrq: -10 rssi: -51 rssnr: 14
08-10 23:37:50.646  5222  5222 D cellinfo: onsignalStrengthsChanged: 5G-NR Signal Strength info: ssrsrp: -76 ssrsrq: -12 sssinr: 5
08-10 23:37:50.833  5222  5321 D cellinfo: 46 bytes from 44.241.174.93: icmp_seq=21764 ttl=32 time=91.8 ms
08-10 23:37:51.035  5222  5321 D cellinfo: 46 bytes from 44.241.174.93: icmp_seq=21765 ttl=32 time=93.4 ms
08-10 23:37:51.235  5222  5321 D cellinfo: 46 bytes from 44.241.174.93: icmp_seq=21766 ttl=32 time=93.2 ms
08-10 23:37:51.435  5222  5321 D cellinfo: 46 bytes from 44.241.174.93: icmp_seq=21767 ttl=32 time=93.0 ms
08-10 23:37:51.634  5222  5321 D cellinfo: 46 bytes from 44.241.174.93: icmp_seq=21768 ttl=32 time=90.2 ms
08-10 23:37:51.839  5222  5321 D cellinfo: 46 bytes from 44.241.174.93: icmp_seq=21769 ttl=32 time=93.3 ms
08-10 23:37:52.040  5222  5321 D cellinfo: 46 bytes from 44.241.174.93: icmp_seq=21770 ttl=32 time=94.9 ms
08-10 23:37:52.236  5222  5321 D cellinfo: 46 bytes from 44.241.174.93: icmp_seq=21771 ttl=32 time=88.4 ms
08-10 23:37:52.436  5222  5321 D cellinfo: 46 bytes from 44.241.174.93: icmp_seq=21772 ttl=32 time=86.9 ms
08-10 23:37:52.541  5222  5222 D cellinfo: Latitude is 39.7367709
08-10 23:37:52.541  5222  5222 D cellinfo: Longitude is -105.014346
08-10 23:37:52.541  5222  5222 D cellinfo: Instantaneous GPS information: United States, 1330 Zuni St Unit M, Denver, CO 80204, USA
08-10 23:37:52.541  5222  5222 D cellinfo: getCurrentLocation() result: Location (success): 39.7367709, -105.014346
08-10 23:37:52.642  5222  5321 D cellinfo: 46 bytes from 44.241.174.93: icmp_seq=21773 ttl=32 time=92.6 ms
08-10 23:37:52.662  5222  5222 D cellinfo: onsignalStrengthsChanged: LTE Signal Strength info: rsrp: -72 rsrq: -10 rssi: -51 rssnr: 14
08-10 23:37:52.662  5222  5222 D cellinfo: onsignalStrengthsChanged: 5G-NR Signal Strength info: ssrsrp: -80 ssrsrq: -13 sssinr: 2
08-10 23:37:52.834  5222  5321 D cellinfo: 46 bytes from 44.241.174.93: icmp_seq=21774 ttl=32 time=83.7 ms
08-10 23:37:53.045  5222  5321 D cellinfo: 46 bytes from 44.241.174.93: icmp_seq=21775 ttl=32 time=94.0 ms
08-10 23:37:53.245  5222  5321 D cellinfo: 46 bytes from 44.241.174.93: icmp_seq=21776 ttl=32 time=94.7 ms
08-10 23:37:53.444  5222  5321 D cellinfo: 46 bytes from 44.241.174.93: icmp_seq=21777 ttl=32 time=92.9 ms
08-10 23:37:53.448  5222  5222 D cellinfo: Latitude is 39.7367709
08-10 23:37:53.448  5222  5222 D cellinfo: Longitude is -105.014346
08-10 23:37:53.448  5222  5222 D cellinfo: Instantaneous GPS information: United States, 1330 Zuni St Unit M, Denver, CO 80204, USA
08-10 23:37:53.448  5222  5222 D cellinfo: getCurrentLocation() result: Location (success): 39.7367709, -105.014346
08-10 23:37:53.491  5222  5222 D cellinfo: onCellInfoChanged: Operator: AT&T...1 UpdateTimestamp: 200946227 CellConnectionStatus: 0
08-10 23:37:53.491  5222  5222 D cellinfo: onCellInfoChanged: LTE Cell Bands: [2] Bandwidth: 2147483647 Cell ID: 97540617 Physical Cell ID: 298 Tracking Area Code: 38405 EARFCN: 700
08-10 23:37:53.643  5222  5321 D cellinfo: 46 bytes from 44.241.174.93: icmp_seq=21778 ttl=32 time=91.5 ms
08-10 23:37:53.643  5222  5222 D cellinfo: onsignalStrengthsChanged: LTE Signal Strength info: rsrp: -73 rsrq: -10 rssi: -51 rssnr: 12
08-10 23:37:53.643  5222  5222 D cellinfo: onsignalStrengthsChanged: 5G-NR Signal Strength info: ssrsrp: -80 ssrsrq: -13 sssinr: 2
08-10 23:37:53.843  5222  5321 D cellinfo: 46 bytes from 44.241.174.93: icmp_seq=21779 ttl=32 time=91.1 ms
08-10 23:37:54.039  5222  5321 D cellinfo: 46 bytes from 44.241.174.93: icmp_seq=21780 ttl=32 time=85.2 ms
08-10 23:37:54.197  5222  5222 D cellinfo: onsignalStrengthsChanged: LTE Signal Strength info: rsrp: -74 rsrq: -10 rssi: -51 rssnr: 11
08-10 23:37:54.197  5222  5222 D cellinfo: onsignalStrengthsChanged: 5G-NR Signal Strength info: ssrsrp: -80 ssrsrq: -13 sssinr: 2
08-10 23:37:54.245  5222  5321 D cellinfo: 46 bytes from 44.241.174.93: icmp_seq=21781 ttl=32 time=92.3 ms
08-10 23:37:54.454  5222  5321 D cellinfo: 46 bytes from 44.241.174.93: icmp_seq=21782 ttl=32 time=100 ms
08-10 23:37:54.640  5222  5321 D cellinfo: 46 bytes from 44.241.174.93: icmp_seq=21783 ttl=32 time=85.2 ms
08-10 23:37:54.661  5222  5222 D cellinfo: onsignalStrengthsChanged: LTE Signal Strength info: rsrp: -74 rsrq: -10 rssi: -51 rssnr: 11
08-10 23:37:54.661  5222  5222 D cellinfo: onsignalStrengthsChanged: 5G-NR Signal Strength info: ssrsrp: -77 ssrsrq: -12 sssinr: 4
08-10 23:37:54.854  5222  5321 D cellinfo: 46 bytes from 44.241.174.93: icmp_seq=21784 ttl=32 time=96.3 ms
08-10 23:37:55.045  5222  5321 D cellinfo: 46 bytes from 44.241.174.93: icmp_seq=21785 ttl=32 time=86.3 ms
08-10 23:37:55.264  5222  5321 D cellinfo: 46 bytes from 44.241.174.93: icmp_seq=21786 ttl=32 time=104 ms
08-10 23:37:55.450  5222  5321 D cellinfo: 46 bytes from 44.241.174.93: icmp_seq=21787 ttl=32 time=89.4 ms
08-10 23:37:55.643  5222  5222 D cellinfo: onsignalStrengthsChanged: LTE Signal Strength info: rsrp: -74 rsrq: -10 rssi: -51 rssnr: 11
08-10 23:37:55.643  5222  5222 D cellinfo: onsignalStrengthsChanged: 5G-NR Signal Strength info: ssrsrp: -81 ssrsrq: -13 sssinr: 3
08-10 23:37:55.671  5222  5321 D cellinfo: 46 bytes from 44.241.174.93: icmp_seq=21788 ttl=32 time=110 ms
08-10 23:37:55.855  5222  5321 D cellinfo: 46 bytes from 44.241.174.93: icmp_seq=21789 ttl=32 time=93.1 ms
08-10 23:37:56.055  5222  5321 D cellinfo: 46 bytes from 44.241.174.93: icmp_seq=21790 ttl=32 time=91.4 ms
08-10 23:37:56.255  5222  5321 D cellinfo: 46 bytes from 44.241.174.93: icmp_seq=21791 ttl=32 time=91.9 ms
08-10 23:37:56.292  5222  5222 D cellinfo: onsignalStrengthsChanged: LTE Signal Strength info: rsrp: -75 rsrq: -10 rssi: -51 rssnr: 9
08-10 23:37:56.292  5222  5222 D cellinfo: onsignalStrengthsChanged: 5G-NR Signal Strength info: ssrsrp: -81 ssrsrq: -13 sssinr: 3
08-10 23:37:56.440  5222  5222 D cellinfo: onsignalStrengthsChanged: LTE Signal Strength info: rsrp: -76 rsrq: -10 rssi: -51 rssnr: 7
08-10 23:37:56.440  5222  5222 D cellinfo: onsignalStrengthsChanged: 5G-NR Signal Strength info: ssrsrp: -81 ssrsrq: -13 sssinr: 3
08-10 23:37:56.461  5222  5321 D cellinfo: 46 bytes from 44.241.174.93: icmp_seq=21792 ttl=32 time=99.2 ms
08-10 23:37:56.464  5222  5222 D cellinfo: Latitude is 39.7367709
08-10 23:37:56.464  5222  5222 D cellinfo: Longitude is -105.014346
08-10 23:37:56.464  5222  5222 D cellinfo: Instantaneous GPS information: United States, 1330 Zuni St Unit M, Denver, CO 80204, USA
08-10 23:37:56.465  5222  5222 D cellinfo: getCurrentLocation() result: Location (success): 39.7367709, -105.014346
08-10 23:37:56.507  5222  5222 D cellinfo: onCellInfoChanged: Operator: AT&T...1 UpdateTimestamp: 200949241 CellConnectionStatus: 0
08-10 23:37:56.507  5222  5222 D cellinfo: onCellInfoChanged: LTE Cell Bands: [2] Bandwidth: 2147483647 Cell ID: 97540617 Physical Cell ID: 298 Tracking Area Code: 38405 EARFCN: 700
08-10 23:37:56.644  5222  5222 D cellinfo: onsignalStrengthsChanged: LTE Signal Strength info: rsrp: -76 rsrq: -10 rssi: -51 rssnr: 7
08-10 23:37:56.644  5222  5222 D cellinfo: onsignalStrengthsChanged: 5G-NR Signal Strength info: ssrsrp: -77 ssrsrq: -12 sssinr: 4
08-10 23:37:56.672  5222  5321 D cellinfo: 46 bytes from 44.241.174.93: icmp_seq=21793 ttl=32 time=107 ms
08-10 23:37:56.854  5222  5321 D cellinfo: 46 bytes from 44.241.174.93: icmp_seq=21794 ttl=32 time=88.4 ms
08-10 23:37:57.063  5222  5321 D cellinfo: 46 bytes from 44.241.174.93: icmp_seq=21795 ttl=32 time=97.7 ms
08-10 23:37:57.264  5222  5321 D cellinfo: 46 bytes from 44.241.174.93: icmp_seq=21796 ttl=32 time=98.7 ms
08-10 23:37:57.464  5222  5321 D cellinfo: 46 bytes from 44.241.174.93: icmp_seq=21797 ttl=32 time=96.9 ms
08-10 23:37:57.675  5222  5321 D cellinfo: 46 bytes from 44.241.174.93: icmp_seq=21798 ttl=32 time=105 ms
08-10 23:37:57.864  5222  5321 D cellinfo: 46 bytes from 44.241.174.93: icmp_seq=21799 ttl=32 time=95.2 ms
08-10 23:37:58.060  5222  5321 D cellinfo: 46 bytes from 44.241.174.93: icmp_seq=21800 ttl=32 time=90.8 ms
08-10 23:37:58.265  5222  5321 D cellinfo: 46 bytes from 44.241.174.93: icmp_seq=21801 ttl=32 time=94.4 ms
08-10 23:37:58.463  5222  5321 D cellinfo: 46 bytes from 44.241.174.93: icmp_seq=21802 ttl=32 time=92.4 ms
08-10 23:37:58.643  5222  5222 D cellinfo: onsignalStrengthsChanged: LTE Signal Strength info: rsrp: -76 rsrq: -10 rssi: -51 rssnr: 7
08-10 23:37:58.643  5222  5222 D cellinfo: onsignalStrengthsChanged: 5G-NR Signal Strength info: ssrsrp: -81 ssrsrq: -12 sssinr: 5
08-10 23:37:58.665  5222  5321 D cellinfo: 46 bytes from 44.241.174.93: icmp_seq=21803 ttl=32 time=92.1 ms
08-10 23:37:58.677  5222  5222 D cellinfo: onsignalStrengthsChanged: LTE Signal Strength info: rsrp: -78 rsrq: -11 rssi: -51 rssnr: 5
08-10 23:37:58.677  5222  5222 D cellinfo: onsignalStrengthsChanged: 5G-NR Signal Strength info: ssrsrp: -81 ssrsrq: -12 sssinr: 5
08-10 23:37:58.862  5222  5321 D cellinfo: 46 bytes from 44.241.174.93: icmp_seq=21804 ttl=32 time=88.6 ms
08-10 23:37:59.058  5222  5321 D cellinfo: 46 bytes from 44.241.174.93: icmp_seq=21805 ttl=32 time=83.3 ms
08-10 23:37:59.274  5222  5321 D cellinfo: 46 bytes from 44.241.174.93: icmp_seq=21806 ttl=32 time=98.5 ms
08-10 23:37:59.451  5222  5222 D cellinfo: Latitude is 39.7367709
08-10 23:37:59.451  5222  5222 D cellinfo: Longitude is -105.014346
08-10 23:37:59.451  5222  5222 D cellinfo: Instantaneous GPS information: United States, 1330 Zuni St Unit M, Denver, CO 80204, USA
08-10 23:37:59.452  5222  5222 D cellinfo: getCurrentLocation() result: Location (success): 39.7367709, -105.014346
08-10 23:37:59.464  5222  5321 D cellinfo: 46 bytes from 44.241.174.93: icmp_seq=21807 ttl=32 time=88.0 ms
08-10 23:37:59.516  5222  5222 D cellinfo: onCellInfoChanged: Operator: AT&T...1 UpdateTimestamp: 200952253 CellConnectionStatus: 0
08-10 23:37:59.516  5222  5222 D cellinfo: onCellInfoChanged: LTE Cell Bands: [2] Bandwidth: 2147483647 Cell ID: 97540617 Physical Cell ID: 298 Tracking Area Code: 38405 EARFCN: 700
08-10 23:37:59.639  5222  5222 D cellinfo: onsignalStrengthsChanged: LTE Signal Strength info: rsrp: -79 rsrq: -11 rssi: -51 rssnr: 4
08-10 23:37:59.639  5222  5222 D cellinfo: onsignalStrengthsChanged: 5G-NR Signal Strength info: ssrsrp: -84 ssrsrq: -13 sssinr: 2
08-10 23:37:59.663  5222  5321 D cellinfo: 46 bytes from 44.241.174.93: icmp_seq=21808 ttl=32 time=86.7 ms
08-10 23:37:59.875  5222  5321 D cellinfo: 46 bytes from 44.241.174.93: icmp_seq=21809 ttl=32 time=98.2 ms
08-10 23:38:00.076  5222  5321 D cellinfo: 46 bytes from 44.241.174.93: icmp_seq=21810 ttl=32 time=98.0 ms
08-10 23:38:00.273  5222  5321 D cellinfo: 46 bytes from 44.241.174.93: icmp_seq=21811 ttl=32 time=96.6 ms
08-10 23:38:00.475  5222  5321 D cellinfo: 46 bytes from 44.241.174.93: icmp_seq=21812 ttl=32 time=97.4 ms
08-10 23:38:00.674  5222  5321 D cellinfo: 46 bytes from 44.241.174.93: icmp_seq=21813 ttl=32 time=96.7 ms
08-10 23:38:00.874  5222  5321 D cellinfo: 46 bytes from 44.241.174.93: icmp_seq=21814 ttl=32 time=95.0 ms
08-10 23:38:00.917  5222  5222 D cellinfo: onsignalStrengthsChanged: LTE Signal Strength info: rsrp: -81 rsrq: -12 rssi: -53 rssnr: 2
08-10 23:38:00.917  5222  5222 D cellinfo: onsignalStrengthsChanged: 5G-NR Signal Strength info: ssrsrp: -83 ssrsrq: -13 sssinr: 2
08-10 23:38:01.074  5222  5321 D cellinfo: 46 bytes from 44.241.174.93: icmp_seq=21815 ttl=32 time=94.9 ms
08-10 23:38:01.283  5222  5321 D cellinfo: 46 bytes from 44.241.174.93: icmp_seq=21816 ttl=32 time=102 ms
08-10 23:38:01.475  5222  5321 D cellinfo: 46 bytes from 44.241.174.93: icmp_seq=21817 ttl=32 time=94.5 ms
08-10 23:38:01.644  5222  5222 D cellinfo: onsignalStrengthsChanged: LTE Signal Strength info: rsrp: -81 rsrq: -12 rssi: -53 rssnr: 2
08-10 23:38:01.644  5222  5222 D cellinfo: onsignalStrengthsChanged: 5G-NR Signal Strength info: ssrsrp: -79 ssrsrq: -12 sssinr: 5
08-10 23:38:01.675  5222  5321 D cellinfo: 46 bytes from 44.241.174.93: icmp_seq=21818 ttl=32 time=93.5 ms
08-10 23:38:01.873  5222  5321 D cellinfo: 46 bytes from 44.241.174.93: icmp_seq=21819 ttl=32 time=90.6 ms
08-10 23:38:02.075  5222  5321 D cellinfo: 46 bytes from 44.241.174.93: icmp_seq=21820 ttl=32 time=89.8 ms
08-10 23:38:02.271  5222  5321 D cellinfo: 46 bytes from 44.241.174.93: icmp_seq=21821 ttl=32 time=84.8 ms
08-10 23:38:02.303  5222  5222 D cellinfo: onsignalStrengthsChanged: LTE Signal Strength info: rsrp: -81 rsrq: -12 rssi: -51 rssnr: 1
08-10 23:38:02.303  5222  5222 D cellinfo: onsignalStrengthsChanged: 5G-NR Signal Strength info: ssrsrp: -79 ssrsrq: -12 sssinr: 5
08-10 23:38:02.476  5222  5321 D cellinfo: 46 bytes from 44.241.174.93: icmp_seq=21822 ttl=32 time=90.3 ms
08-10 23:38:02.491  5222  5222 D cellinfo: onCellInfoChanged: Operator: AT&T...1 UpdateTimestamp: 200955229 CellConnectionStatus: 0
08-10 23:38:02.491  5222  5222 D cellinfo: onCellInfoChanged: LTE Cell Bands: [2] Bandwidth: 2147483647 Cell ID: 97540617 Physical Cell ID: 298 Tracking Area Code: 38405 EARFCN: 700
08-10 23:38:02.643  5222  5222 D cellinfo: onsignalStrengthsChanged: LTE Signal Strength info: rsrp: -81 rsrq: -12 rssi: -51 rssnr: 1
08-10 23:38:02.643  5222  5222 D cellinfo: onsignalStrengthsChanged: 5G-NR Signal Strength info: ssrsrp: -82 ssrsrq: -13 sssinr: 4
08-10 23:38:02.677  5222  5321 D cellinfo: 46 bytes from 44.241.174.93: icmp_seq=21823 ttl=32 time=90.9 ms
08-10 23:38:02.885  5222  5321 D cellinfo: 46 bytes from 44.241.174.93: icmp_seq=21824 ttl=32 time=97.3 ms
08-10 23:38:03.091  5222  5321 D cellinfo: 46 bytes from 44.241.174.93: icmp_seq=21825 ttl=32 time=102 ms
08-10 23:38:03.272  5222  5321 D cellinfo: 46 bytes from 44.241.174.93: icmp_seq=21826 ttl=32 time=83.0 ms
08-10 23:38:03.487  5222  5321 D cellinfo: 46 bytes from 44.241.174.93: icmp_seq=21827 ttl=32 time=95.4 ms
08-10 23:38:03.685  5222  5321 D cellinfo: 46 bytes from 44.241.174.93: icmp_seq=21828 ttl=32 time=93.9 ms
08-10 23:38:03.886  5222  5321 D cellinfo: 46 bytes from 44.241.174.93: icmp_seq=21829 ttl=32 time=92.5 ms
08-10 23:38:04.090  5222  5321 D cellinfo: 46 bytes from 44.241.174.93: icmp_seq=21830 ttl=32 time=95.1 ms
08-10 23:38:04.287  5222  5321 D cellinfo: 46 bytes from 44.241.174.93: icmp_seq=21831 ttl=32 time=91.0 ms
08-10 23:38:04.317  5222  5222 D cellinfo: Latitude is 39.7343264
08-10 23:38:04.318  5222  5222 D cellinfo: Longitude is -105.0145218
08-10 23:38:04.318  5222  5222 D cellinfo: Instantaneous GPS information: United States, 1138 Yuma Ct, Denver, CO 80204, USA
08-10 23:38:04.318  5222  5222 D cellinfo: getCurrentLocation() result: Location (success): 39.7343264, -105.0145218
08-10 23:38:04.481  5222  5321 D cellinfo: 46 bytes from 44.241.174.93: icmp_seq=21832 ttl=32 time=84.7 ms
08-10 23:38:04.644  5222  5222 D cellinfo: onsignalStrengthsChanged: LTE Signal Strength info: rsrp: -82 rsrq: -12 rssi: -53 rssnr: 1
08-10 23:38:04.644  5222  5222 D cellinfo: onsignalStrengthsChanged: 5G-NR Signal Strength info: ssrsrp: -86 ssrsrq: -14 sssinr: 1
08-10 23:38:04.689  5222  5321 D cellinfo: 46 bytes from 44.241.174.93: icmp_seq=21833 ttl=32 time=92.6 ms
08-10 23:38:04.884  5222  5321 D cellinfo: 46 bytes from 44.241.174.93: icmp_seq=21834 ttl=32 time=85.8 ms
08-10 23:38:05.095  5222  5321 D cellinfo: 46 bytes from 44.241.174.93: icmp_seq=21835 ttl=32 time=94.9 ms
08-10 23:38:05.294  5222  5321 D cellinfo: 46 bytes from 44.241.174.93: icmp_seq=21836 ttl=32 time=93.7 ms
08-10 23:38:05.451  5222  5222 D cellinfo: Latitude is 39.7343264
08-10 23:38:05.451  5222  5222 D cellinfo: Longitude is -105.0145218
08-10 23:38:05.451  5222  5222 D cellinfo: Instantaneous GPS information: United States, 1138 Yuma Ct, Denver, CO 80204, USA
08-10 23:38:05.451  5222  5222 D cellinfo: getCurrentLocation() result: Location (success): 39.7343264, -105.0145218
08-10 23:38:05.493  5222  5321 D cellinfo: 46 bytes from 44.241.174.93: icmp_seq=21837 ttl=32 time=92.9 ms
08-10 23:38:05.504  5222  5222 D cellinfo: onCellInfoChanged: Operator: AT&T...1 UpdateTimestamp: 200958240 CellConnectionStatus: 0
08-10 23:38:05.504  5222  5222 D cellinfo: onCellInfoChanged: LTE Cell Bands: [2] Bandwidth: 2147483647 Cell ID: 97540617 Physical Cell ID: 298 Tracking Area Code: 38405 EARFCN: 700
08-10 23:38:05.696  5222  5321 D cellinfo: 46 bytes from 44.241.174.93: icmp_seq=21838 ttl=32 time=93.8 ms
08-10 23:38:05.895  5222  5321 D cellinfo: 46 bytes from 44.241.174.93: icmp_seq=21839 ttl=32 time=91.4 ms
08-10 23:38:06.095  5222  5321 D cellinfo: 46 bytes from 44.241.174.93: icmp_seq=21840 ttl=32 time=92.1 ms
08-10 23:38:06.297  5222  5321 D cellinfo: 46 bytes from 44.241.174.93: icmp_seq=21841 ttl=32 time=92.2 ms
08-10 23:38:06.494  5222  5321 D cellinfo: 46 bytes from 44.241.174.93: icmp_seq=21842 ttl=32 time=90.0 ms
08-10 23:38:06.645  5222  5222 D cellinfo: onsignalStrengthsChanged: LTE Signal Strength info: rsrp: -83 rsrq: -12 rssi: -55 rssnr: 1
08-10 23:38:06.645  5222  5222 D cellinfo: onsignalStrengthsChanged: 5G-NR Signal Strength info: ssrsrp: -89 ssrsrq: -14 sssinr: 1
08-10 23:38:06.701  5222  5321 D cellinfo: 46 bytes from 44.241.174.93: icmp_seq=21843 ttl=32 time=96.7 ms
08-10 23:38:06.894  5222  5321 D cellinfo: 46 bytes from 44.241.174.93: icmp_seq=21844 ttl=32 time=88.6 ms
08-10 23:38:07.089  5222  5321 D cellinfo: 46 bytes from 44.241.174.93: icmp_seq=21845 ttl=32 time=83.4 ms
08-10 23:38:07.307  5222  5321 D cellinfo: 46 bytes from 44.241.174.93: icmp_seq=21846 ttl=32 time=100 ms
08-10 23:38:07.387  5222  5222 D cellinfo: onsignalStrengthsChanged: LTE Signal Strength info: rsrp: -83 rsrq: -12 rssi: -55 rssnr: 1
08-10 23:38:07.387  5222  5222 D cellinfo: onsignalStrengthsChanged: 5G-NR Signal Strength info: ssrsrp: -86 ssrsrq: -13 sssinr: -3
08-10 23:38:07.551  5222  5321 D cellinfo: 46 bytes from 44.241.174.93: icmp_seq=21847 ttl=32 time=145 ms
08-10 23:38:07.635  5222  5222 D cellinfo: onsignalStrengthsChanged: LTE Signal Strength info: rsrp: -84 rsrq: -13 rssi: -51 rssnr: 0
08-10 23:38:07.635  5222  5222 D cellinfo: onsignalStrengthsChanged: 5G-NR Signal Strength info: ssrsrp: -86 ssrsrq: -13 sssinr: -3
08-10 23:38:07.650  5222  5222 D cellinfo: onsignalStrengthsChanged: LTE Signal Strength info: rsrp: -84 rsrq: -13 rssi: -51 rssnr: 0
08-10 23:38:07.650  5222  5222 D cellinfo: onsignalStrengthsChanged: 5G-NR Signal Strength info: ssrsrp: -86 ssrsrq: -13 sssinr: 4
08-10 23:38:07.714  5222  5321 D cellinfo: 46 bytes from 44.241.174.93: icmp_seq=21848 ttl=32 time=107 ms
08-10 23:38:07.897  5222  5321 D cellinfo: 46 bytes from 44.241.174.93: icmp_seq=21849 ttl=32 time=89.5 ms
08-10 23:38:08.091  5222  5321 D cellinfo: 46 bytes from 44.241.174.93: icmp_seq=21850 ttl=32 time=84.0 ms
08-10 23:38:08.312  5222  5321 D cellinfo: 46 bytes from 44.241.174.93: icmp_seq=21851 ttl=32 time=102 ms
08-10 23:38:08.443  5222  5222 D cellinfo: Latitude is 39.7343264
08-10 23:38:08.443  5222  5222 D cellinfo: Longitude is -105.0145218
08-10 23:38:08.443  5222  5222 D cellinfo: Instantaneous GPS information: United States, 1138 Yuma Ct, Denver, CO 80204, USA
