08-10 22:26:59.484  5222  5222 D cellinfo: onCellInfoChanged: Operator: AT&T UpdateTimestamp: 196692220 CellConnectionStatus: 0
08-10 22:26:59.484  5222  5222 D cellinfo: onCellInfoChanged: LTE Cell Bands: [12] Bandwidth: 2147483647 Cell ID: 98115531 Physical Cell ID: 467 Tracking Area Code: 38403 EARFCN: 5145
08-10 22:26:59.810  5222  5321 D cellinfo: 46 bytes from 44.241.174.93: icmp_seq=597 ttl=32 time=2399 ms
08-10 22:26:59.810  5222  5321 D cellinfo: 46 bytes from 44.241.174.93: icmp_seq=601 ttl=32 time=1565 ms
08-10 22:26:59.810  5222  5321 D cellinfo: 46 bytes from 44.241.174.93: icmp_seq=602 ttl=32 time=1358 ms
08-10 22:26:59.960  5222  5321 D cellinfo: 46 bytes from 44.241.174.93: icmp_seq=603 ttl=32 time=1299 ms
08-10 22:27:00.003  5222  5321 D cellinfo: 46 bytes from 44.241.174.93: icmp_seq=604 ttl=32 time=1134 ms
08-10 22:27:00.029  5222  5321 D cellinfo: 46 bytes from 44.241.174.93: icmp_seq=605 ttl=32 time=953 ms
08-10 22:27:00.074  5222  5321 D cellinfo: 46 bytes from 44.241.174.93: icmp_seq=606 ttl=32 time=790 ms
08-10 22:27:00.150  5222  5222 D cellinfo: onsignalStrengthsChanged: LTE Signal Strength info: rsrp: -116 rsrq: -18 rssi: -81 rssnr: -6
08-10 22:27:00.230  5222  5321 D cellinfo: 46 bytes from 44.241.174.93: icmp_seq=607 ttl=32 time=737 ms
08-10 22:27:00.438  5222  5321 D cellinfo: 46 bytes from 44.241.174.93: icmp_seq=608 ttl=32 time=737 ms
08-10 22:27:00.439  5222  5321 D cellinfo: 46 bytes from 44.241.174.93: icmp_seq=609 ttl=32 time=537 ms
08-10 22:27:00.448  5222  5321 D cellinfo: 46 bytes from 44.241.174.93: icmp_seq=610 ttl=32 time=347 ms
08-10 22:27:02.446  5222  5222 D cellinfo: Latitude is 40.6509478
08-10 22:27:02.446  5222  5222 D cellinfo: Longitude is -105.1411181
08-10 22:27:02.446  5222  5222 D cellinfo: Instantaneous GPS information: United States, 4266-4432 CO-14, Laporte, CO 80535, USA
08-10 22:27:02.446  5222  5222 D cellinfo: getCurrentLocation() result: Location (success): 40.6509478, -105.1411181
08-10 22:27:02.538  5222  5321 D cellinfo: 46 bytes from 44.241.174.93: icmp_seq=611 ttl=32 time=2235 ms
08-10 22:27:02.543  5222  5321 D cellinfo: 46 bytes from 44.241.174.93: icmp_seq=615 ttl=32 time=1425 ms
08-10 22:27:02.553  5222  5321 D cellinfo: 46 bytes from 44.241.174.93: icmp_seq=616 ttl=32 time=1233 ms
08-10 22:27:02.557  5222  5321 D cellinfo: 46 bytes from 44.241.174.93: icmp_seq=617 ttl=32 time=1029 ms
08-10 22:27:02.561  5222  5321 D cellinfo: 46 bytes from 44.241.174.93: icmp_seq=618 ttl=32 time=824 ms
08-10 22:27:02.563  5222  5321 D cellinfo: 46 bytes from 44.241.174.93: icmp_seq=619 ttl=32 time=619 ms
08-10 22:27:02.564  5222  5321 D cellinfo: 46 bytes from 44.241.174.93: icmp_seq=620 ttl=32 time=412 ms
08-10 22:27:02.571  5222  5321 D cellinfo: 46 bytes from 44.241.174.93: icmp_seq=621 ttl=32 time=210 ms
08-10 22:27:03.574  5222  5321 D cellinfo: 46 bytes from 44.241.174.93: icmp_seq=622 ttl=32 time=1010 ms
08-10 22:27:04.508  5222  5222 D cellinfo: onCellInfoChanged: Operator: AT&T UpdateTimestamp: 196697242 CellConnectionStatus: 0
08-10 22:27:04.508  5222  5222 D cellinfo: onCellInfoChanged: LTE Cell Bands: [12] Bandwidth: 2147483647 Cell ID: 98115531 Physical Cell ID: 467 Tracking Area Code: 38403 EARFCN: 5145
08-10 22:27:05.485  5222  5321 D cellinfo: 46 bytes from 44.241.174.93: icmp_seq=624 ttl=32 time=2512 ms
08-10 22:27:05.575  5222  5321 D cellinfo: 46 bytes from 44.241.174.93: icmp_seq=629 ttl=32 time=1570 ms
08-10 22:27:06.047  5222  5321 D cellinfo: 46 bytes from 44.241.174.93: icmp_seq=630 ttl=32 time=1833 ms
08-10 22:27:06.174  5222  5222 D cellinfo: onsignalStrengthsChanged: LTE Signal Strength info: rsrp: -114 rsrq: -18 rssi: -75 rssnr: -4
08-10 22:27:06.198  5222  5321 D cellinfo: 46 bytes from 44.241.174.93: icmp_seq=631 ttl=32 time=1783 ms
08-10 22:27:06.199  5222  5321 D cellinfo: 46 bytes from 44.241.174.93: icmp_seq=632 ttl=32 time=1573 ms
08-10 22:27:06.199  5222  5321 D cellinfo: 46 bytes from 44.241.174.93: icmp_seq=633 ttl=32 time=1364 ms
08-10 22:27:06.438  5222  5321 D cellinfo: 46 bytes from 44.241.174.93: icmp_seq=634 ttl=32 time=1397 ms
08-10 22:27:06.438  5222  5321 D cellinfo: 46 bytes from 44.241.174.93: icmp_seq=635 ttl=32 time=1188 ms
08-10 22:27:07.103  5222  5321 D cellinfo: 46 bytes from 44.241.174.93: icmp_seq=636 ttl=32 time=1644 ms
08-10 22:27:07.103  5222  5321 D cellinfo: 46 bytes from 44.241.174.93: icmp_seq=637 ttl=32 time=1444 ms
08-10 22:27:07.103  5222  5321 D cellinfo: 46 bytes from 44.241.174.93: icmp_seq=638 ttl=32 time=1235 ms
08-10 22:27:07.103  5222  5321 D cellinfo: 46 bytes from 44.241.174.93: icmp_seq=639 ttl=32 time=1036 ms
08-10 22:27:07.103  5222  5321 D cellinfo: 46 bytes from 44.241.174.93: icmp_seq=640 ttl=32 time=835 ms
08-10 22:27:07.159  5222  5321 D cellinfo: 46 bytes from 44.241.174.93: icmp_seq=641 ttl=32 time=690 ms
08-10 22:27:07.168  5222  5321 D cellinfo: 46 bytes from 44.241.174.93: icmp_seq=642 ttl=32 time=500 ms
08-10 22:27:07.178  5222  5321 D cellinfo: 46 bytes from 44.241.174.93: icmp_seq=643 ttl=32 time=309 ms
08-10 22:27:07.308  5222  5321 D cellinfo: 46 bytes from 44.241.174.93: icmp_seq=644 ttl=32 time=238 ms
08-10 22:27:07.366  5222  5321 D cellinfo: 46 bytes from 44.241.174.93: icmp_seq=645 ttl=32 time=94.8 ms
08-10 22:27:08.176  5222  5321 D cellinfo: 46 bytes from 44.241.174.93: icmp_seq=646 ttl=32 time=702 ms
08-10 22:27:08.179  5222  5321 D cellinfo: 46 bytes from 44.241.174.93: icmp_seq=647 ttl=32 time=495 ms
08-10 22:27:08.360  5222  5321 D cellinfo: 46 bytes from 44.241.174.93: icmp_seq=648 ttl=32 time=474 ms
08-10 22:27:08.367  5222  5321 D cellinfo: 46 bytes from 44.241.174.93: icmp_seq=649 ttl=32 time=281 ms
08-10 22:27:08.614  5222  5321 D cellinfo: 46 bytes from 44.241.174.93: icmp_seq=650 ttl=32 time=326 ms
08-10 22:27:08.692  5222  5321 D cellinfo: 46 bytes from 44.241.174.93: icmp_seq=651 ttl=32 time=204 ms
08-10 22:27:09.319  5222  5321 D cellinfo: 46 bytes from 44.241.174.93: icmp_seq=652 ttl=32 time=629 ms
08-10 22:27:09.319  5222  5321 D cellinfo: 46 bytes from 44.241.174.93: icmp_seq=653 ttl=32 time=426 ms
08-10 22:27:09.647  5222  5321 D cellinfo: 46 bytes from 44.241.174.93: icmp_seq=654 ttl=32 time=553 ms
08-10 22:27:09.729  5222  5321 D cellinfo: 46 bytes from 44.241.174.93: icmp_seq=655 ttl=32 time=425 ms
08-10 22:27:09.730  5222  5321 D cellinfo: 46 bytes from 44.241.174.93: icmp_seq=656 ttl=32 time=224 ms
08-10 22:27:10.448  5222  5321 D cellinfo: 46 bytes from 44.241.174.93: icmp_seq=657 ttl=32 time=741 ms
08-10 22:27:10.448  5222  5321 D cellinfo: 46 bytes from 44.241.174.93: icmp_seq=658 ttl=32 time=539 ms
08-10 22:27:10.609  5222  5321 D cellinfo: 46 bytes from 44.241.174.93: icmp_seq=659 ttl=32 time=500 ms
08-10 22:27:10.697  5222  5321 D cellinfo: 46 bytes from 44.241.174.93: icmp_seq=660 ttl=32 time=377 ms
08-10 22:27:10.698  5222  5321 D cellinfo: 46 bytes from 44.241.174.93: icmp_seq=661 ttl=32 time=176 ms
08-10 22:27:11.590  5222  5222 D cellinfo: getCurrentLocation() result: Location (success): 40.6480703, -105.1399348
08-10 22:27:11.593  5222  5222 D cellinfo: onCellInfoChanged: Operator: AT&T UpdateTimestamp: 196701231 CellConnectionStatus: 0
08-10 22:27:11.593  5222  5222 D cellinfo: onCellInfoChanged: LTE Cell Bands: [12] Bandwidth: 2147483647 Cell ID: 98115531 Physical Cell ID: 467 Tracking Area Code: 38403 EARFCN: 5145
08-10 22:27:11.594  5222  5222 D cellinfo: onsignalStrengthsChanged: LTE Signal Strength info: rsrp: -112 rsrq: -17 rssi: -79 rssnr: -3
08-10 22:27:11.594  5222  5222 D cellinfo: onsignalStrengthsChanged: LTE Signal Strength info: rsrp: -111 rsrq: -16 rssi: -79 rssnr: -2
08-10 22:27:11.594  5222  5222 D cellinfo: onsignalStrengthsChanged: LTE Signal Strength info: rsrp: -109 rsrq: -16 rssi: -73 rssnr: -1
08-10 22:27:12.050  5222  5321 D cellinfo: 46 bytes from 44.241.174.93: icmp_seq=662 ttl=32 time=1325 ms
08-10 22:27:12.128  5222  5321 D cellinfo: 46 bytes from 44.241.174.93: icmp_seq=663 ttl=32 time=1202 ms
08-10 22:27:12.129  5222  5321 D cellinfo: 46 bytes from 44.241.174.93: icmp_seq=664 ttl=32 time=992 ms
08-10 22:27:12.129  5222  5321 D cellinfo: 46 bytes from 44.241.174.93: icmp_seq=665 ttl=32 time=791 ms
08-10 22:27:12.129  5222  5321 D cellinfo: 46 bytes from 44.241.174.93: icmp_seq=666 ttl=32 time=580 ms
08-10 22:27:12.199  5222  5321 D cellinfo: 46 bytes from 44.241.174.93: icmp_seq=667 ttl=32 time=450 ms
08-10 22:27:12.268  5222  5321 D cellinfo: 46 bytes from 44.241.174.93: icmp_seq=668 ttl=32 time=319 ms
08-10 22:27:12.268  5222  5321 D cellinfo: 46 bytes from 44.241.174.93: icmp_seq=669 ttl=32 time=118 ms
08-10 22:27:13.016  5222  5321 D cellinfo: 46 bytes from 44.241.174.93: icmp_seq=670 ttl=32 time=665 ms
08-10 22:27:13.884  5222  5321 D cellinfo: 46 bytes from 44.241.174.93: icmp_seq=671 ttl=32 time=1324 ms
08-10 22:27:15.007  5222  5321 D cellinfo: 46 bytes from 44.241.174.93: icmp_seq=675 ttl=32 time=1635 ms
08-10 22:27:15.008  5222  5321 D cellinfo: 46 bytes from 44.241.174.93: icmp_seq=676 ttl=32 time=1435 ms
08-10 22:27:15.049  5222  5321 D cellinfo: 46 bytes from 44.241.174.93: icmp_seq=677 ttl=32 time=1276 ms
08-10 22:27:15.327  5222  5321 D cellinfo: 46 bytes from 44.241.174.93: icmp_seq=678 ttl=32 time=1352 ms
08-10 22:27:15.405  5222  5321 D cellinfo: 46 bytes from 44.241.174.93: icmp_seq=679 ttl=32 time=1221 ms
08-10 22:27:15.645  5222  5321 D cellinfo: 46 bytes from 44.241.174.93: icmp_seq=680 ttl=32 time=1260 ms
08-10 22:27:16.650  5222  5222 D cellinfo: getCurrentLocation() result: Location (success): 40.6480703, -105.1399348
08-10 22:27:16.685  5222  5321 D cellinfo: 46 bytes from 44.241.174.93: icmp_seq=681 ttl=32 time=2089 ms
08-10 22:27:16.792  5222  5321 D cellinfo: 46 bytes from 44.241.174.93: icmp_seq=684 ttl=32 time=1594 ms
08-10 22:27:16.792  5222  5321 D cellinfo: 46 bytes from 44.241.174.93: icmp_seq=685 ttl=32 time=1393 ms
08-10 22:27:16.794  5222  5321 D cellinfo: 46 bytes from 44.241.174.93: icmp_seq=686 ttl=32 time=1194 ms
08-10 22:27:16.794  5222  5321 D cellinfo: 46 bytes from 44.241.174.93: icmp_seq=687 ttl=32 time=992 ms
08-10 22:27:16.922  5222  5321 D cellinfo: 46 bytes from 44.241.174.93: icmp_seq=688 ttl=32 time=909 ms
08-10 22:27:17.079  5222  5321 D cellinfo: 46 bytes from 44.241.174.93: icmp_seq=689 ttl=32 time=866 ms
08-10 22:27:17.165  5222  5321 D cellinfo: 46 bytes from 44.241.174.93: icmp_seq=690 ttl=32 time=741 ms
08-10 22:27:17.165  5222  5321 D cellinfo: 46 bytes from 44.241.174.93: icmp_seq=691 ttl=32 time=541 ms
08-10 22:27:17.194  5222  5321 D cellinfo: 46 bytes from 44.241.174.93: icmp_seq=692 ttl=32 time=369 ms
08-10 22:27:17.195  5222  5321 D cellinfo: 46 bytes from 44.241.174.93: icmp_seq=693 ttl=32 time=167 ms
08-10 22:27:17.407  5222  5321 D cellinfo: 46 bytes from 44.241.174.93: icmp_seq=694 ttl=32 time=178 ms
08-10 22:27:18.439  5222  5321 D cellinfo: 46 bytes from 44.241.174.93: icmp_seq=695 ttl=32 time=1008 ms
08-10 22:27:18.439  5222  5321 D cellinfo: 46 bytes from 44.241.174.93: icmp_seq=696 ttl=32 time=798 ms
08-10 22:27:18.439  5222  5321 D cellinfo: 46 bytes from 44.241.174.93: icmp_seq=697 ttl=32 time=587 ms
08-10 22:27:18.462  5222  5321 D cellinfo: 46 bytes from 44.241.174.93: icmp_seq=698 ttl=32 time=410 ms
08-10 22:27:18.462  5222  5321 D cellinfo: 46 bytes from 44.241.174.93: icmp_seq=699 ttl=32 time=210 ms
08-10 22:27:18.593  5222  5321 D cellinfo: 46 bytes from 44.241.174.93: icmp_seq=700 ttl=32 time=139 ms
08-10 22:27:18.764  5222  5321 D cellinfo: 46 bytes from 44.241.174.93: icmp_seq=701 ttl=32 time=107 ms
08-10 22:27:19.479  5222  5321 D cellinfo: 46 bytes from 44.241.174.93: icmp_seq=702 ttl=32 time=621 ms
08-10 22:27:19.479  5222  5321 D cellinfo: 46 bytes from 44.241.174.93: icmp_seq=703 ttl=32 time=413 ms
08-10 22:27:19.479  5222  5321 D cellinfo: 46 bytes from 44.241.174.93: icmp_seq=704 ttl=32 time=205 ms
08-10 22:27:19.556  5222  5222 D cellinfo: Latitude is 40.6470366
08-10 22:27:19.556  5222  5222 D cellinfo: Longitude is -105.1389281
08-10 22:27:19.556  5222  5222 D cellinfo: Instantaneous GPS information: United States, 4113 US-287, Laporte, CO 80535, USA
08-10 22:27:19.556  5222  5222 D cellinfo: getCurrentLocation() result: Location (success): 40.6470366, -105.1389281
08-10 22:27:19.558  5222  5222 D cellinfo: onsignalStrengthsChanged: LTE Signal Strength info: rsrp: -107 rsrq: -16 rssi: -73 rssnr: 0
08-10 22:27:19.559  5222  5222 D cellinfo: onCellInfoChanged: Operator: AT&T UpdateTimestamp: 196706249 CellConnectionStatus: 0
08-10 22:27:19.559  5222  5222 D cellinfo: onCellInfoChanged: LTE Cell Bands: [12] Bandwidth: 2147483647 Cell ID: 98115531 Physical Cell ID: 467 Tracking Area Code: 38403 EARFCN: 5145
08-10 22:27:19.559  5222  5222 D cellinfo: onsignalStrengthsChanged: LTE Signal Strength info: rsrp: -106 rsrq: -15 rssi: -75 rssnr: 2
08-10 22:27:19.568  5222  5321 D cellinfo: 46 bytes from 44.241.174.93: icmp_seq=705 ttl=32 time=88.6 ms
08-10 22:27:19.577  5222  5222 D cellinfo: Latitude is 40.6470366
08-10 22:27:19.578  5222  5222 D cellinfo: Longitude is -105.1389281
08-10 22:27:19.578  5222  5222 D cellinfo: Instantaneous GPS information: United States, 4113 US-287, Laporte, CO 80535, USA
08-10 22:27:19.578  5222  5222 D cellinfo: getCurrentLocation() result: Location (success): 40.6470366, -105.1389281
08-10 22:27:19.974  5222  5321 D cellinfo: 46 bytes from 44.241.174.93: icmp_seq=706 ttl=32 time=290 ms
08-10 22:27:20.024  5222  5321 D cellinfo: 46 bytes from 44.241.174.93: icmp_seq=707 ttl=32 time=133 ms
08-10 22:27:20.204  5222  5321 D cellinfo: 46 bytes from 44.241.174.93: icmp_seq=708 ttl=32 time=112 ms
08-10 22:27:20.439  5222  5321 D cellinfo: 46 bytes from 44.241.174.93: icmp_seq=709 ttl=32 time=145 ms
08-10 22:27:20.512  5222  5222 D cellinfo: Latitude is 40.6459582
08-10 22:27:20.512  5222  5222 D cellinfo: Longitude is -105.1374742
08-10 22:27:20.512  5222  5222 D cellinfo: Instantaneous GPS information: United States, 4097 US-287, Laporte, CO 80535, USA
08-10 22:27:20.512  5222  5222 D cellinfo: getCurrentLocation() result: Location (success): 40.6459582, -105.1374742
08-10 22:27:20.516  5222  5222 D cellinfo: onCellInfoChanged: Operator: AT&T UpdateTimestamp: 196712531 CellConnectionStatus: 0
08-10 22:27:20.516  5222  5222 D cellinfo: onCellInfoChanged: LTE Cell Bands: [12] Bandwidth: 2147483647 Cell ID: 98115531 Physical Cell ID: 467 Tracking Area Code: 38403 EARFCN: 5145
08-10 22:27:20.517  5222  5222 D cellinfo: onsignalStrengthsChanged: LTE Signal Strength info: rsrp: -103 rsrq: -15 rssi: -63 rssnr: 4
08-10 22:27:20.723  5222  5321 D cellinfo: 46 bytes from 44.241.174.93: icmp_seq=710 ttl=32 time=227 ms
08-10 22:27:20.860  5222  5321 D cellinfo: 46 bytes from 44.241.174.93: icmp_seq=711 ttl=32 time=163 ms
08-10 22:27:21.006  5222  5321 D cellinfo: 46 bytes from 44.241.174.93: icmp_seq=712 ttl=32 time=107 ms
08-10 22:27:21.322  5222  5321 D cellinfo: 46 bytes from 44.241.174.93: icmp_seq=713 ttl=32 time=224 ms
08-10 22:27:21.403  5222  5321 D cellinfo: 46 bytes from 44.241.174.93: icmp_seq=714 ttl=32 time=96.3 ms
08-10 22:27:21.620  5222  5321 D cellinfo: 46 bytes from 44.241.174.93: icmp_seq=715 ttl=32 time=111 ms
08-10 22:27:22.358  5222  5321 D cellinfo: 46 bytes from 44.241.174.93: icmp_seq=716 ttl=32 time=648 ms
08-10 22:27:22.358  5222  5321 D cellinfo: 46 bytes from 44.241.174.93: icmp_seq=717 ttl=32 time=439 ms
08-10 22:27:22.359  5222  5321 D cellinfo: 46 bytes from 44.241.174.93: icmp_seq=718 ttl=32 time=239 ms
08-10 22:27:22.362  5222  5222 D cellinfo: Latitude is 40.6456316
08-10 22:27:22.362  5222  5222 D cellinfo: Longitude is -105.1369501
08-10 22:27:22.362  5222  5222 D cellinfo: Instantaneous GPS information: United States, US-287, Laporte, CO 80535, USA
08-10 22:27:22.362  5222  5222 D cellinfo: getCurrentLocation() result: Location (success): 40.6456316, -105.1369501
08-10 22:27:22.450  5222  5321 D cellinfo: 46 bytes from 44.241.174.93: icmp_seq=719 ttl=32 time=120 ms
08-10 22:27:22.650  5222  5321 D cellinfo: 46 bytes from 44.241.174.93: icmp_seq=720 ttl=32 time=118 ms
08-10 22:27:22.665  5222  5222 D cellinfo: onsignalStrengthsChanged: LTE Signal Strength info: rsrp: -99 rsrq: -14 rssi: -59 rssnr: 7
08-10 22:27:22.844  5222  5321 D cellinfo: 46 bytes from 44.241.174.93: icmp_seq=721 ttl=32 time=110 ms
08-10 22:27:23.158  5222  5321 D cellinfo: 46 bytes from 44.241.174.93: icmp_seq=722 ttl=32 time=224 ms
08-10 22:27:23.244  5222  5321 D cellinfo: 46 bytes from 44.241.174.93: icmp_seq=723 ttl=32 time=102 ms
08-10 22:27:23.444  5222  5222 D cellinfo: Latitude is 40.6456316
08-10 22:27:23.444  5222  5222 D cellinfo: Longitude is -105.1369501
08-10 22:27:23.444  5222  5222 D cellinfo: Instantaneous GPS information: United States, US-287, Laporte, CO 80535, USA
08-10 22:27:23.444  5222  5222 D cellinfo: getCurrentLocation() result: Location (success): 40.6456316, -105.1369501
08-10 22:27:23.480  5222  5321 D cellinfo: 46 bytes from 44.241.174.93: icmp_seq=724 ttl=32 time=136 ms
08-10 22:27:23.495  5222  5222 D cellinfo: onCellInfoChanged: Operator: AT&T UpdateTimestamp: 196716229 CellConnectionStatus: 0
08-10 22:27:23.495  5222  5222 D cellinfo: onCellInfoChanged: LTE Cell Bands: [12] Bandwidth: 2147483647 Cell ID: 98115531 Physical Cell ID: 467 Tracking Area Code: 38403 EARFCN: 5145
08-10 22:27:23.643  5222  5321 D cellinfo: 46 bytes from 44.241.174.93: icmp_seq=725 ttl=32 time=98.8 ms
08-10 22:27:23.879  5222  5321 D cellinfo: 46 bytes from 44.241.174.93: icmp_seq=726 ttl=32 time=132 ms
08-10 22:27:24.118  5222  5321 D cellinfo: 46 bytes from 44.241.174.93: icmp_seq=727 ttl=32 time=171 ms
08-10 22:27:24.244  5222  5222 D cellinfo: onsignalStrengthsChanged: LTE Signal Strength info: rsrp: -97 rsrq: -14 rssi: -63 rssnr: 7
08-10 22:27:24.279  5222  5321 D cellinfo: 46 bytes from 44.241.174.93: icmp_seq=728 ttl=32 time=132 ms
08-10 22:27:24.446  5222  5321 D cellinfo: 46 bytes from 44.241.174.93: icmp_seq=729 ttl=32 time=98.5 ms
08-10 22:27:24.679  5222  5321 D cellinfo: 46 bytes from 44.241.174.93: icmp_seq=730 ttl=32 time=131 ms
08-10 22:27:24.843  5222  5321 D cellinfo: 46 bytes from 44.241.174.93: icmp_seq=731 ttl=32 time=95.0 ms
08-10 22:27:25.078  5222  5321 D cellinfo: 46 bytes from 44.241.174.93: icmp_seq=732 ttl=32 time=129 ms
08-10 22:27:25.250  5222  5321 D cellinfo: 46 bytes from 44.241.174.93: icmp_seq=733 ttl=32 time=102 ms
08-10 22:27:25.478  5222  5321 D cellinfo: 46 bytes from 44.241.174.93: icmp_seq=734 ttl=32 time=129 ms
08-10 22:27:25.653  5222  5321 D cellinfo: 46 bytes from 44.241.174.93: icmp_seq=735 ttl=32 time=101 ms
08-10 22:27:26.043  5222  5321 D cellinfo: 46 bytes from 44.241.174.93: icmp_seq=736 ttl=32 time=293 ms
08-10 22:27:26.091  5222  5321 D cellinfo: 46 bytes from 44.241.174.93: icmp_seq=737 ttl=32 time=131 ms
08-10 22:27:26.281  5222  5321 D cellinfo: 46 bytes from 44.241.174.93: icmp_seq=738 ttl=32 time=120 ms
08-10 22:27:26.449  5222  5222 D cellinfo: Latitude is 40.6456316
08-10 22:27:26.449  5222  5222 D cellinfo: Longitude is -105.1369501
08-10 22:27:26.449  5222  5222 D cellinfo: Instantaneous GPS information: United States, US-287, Laporte, CO 80535, USA
08-10 22:27:26.449  5222  5222 D cellinfo: getCurrentLocation() result: Location (success): 40.6456316, -105.1369501
08-10 22:27:26.489  5222  5222 D cellinfo: onCellInfoChanged: Operator: AT&T UpdateTimestamp: 196719224 CellConnectionStatus: 0
08-10 22:27:26.489  5222  5222 D cellinfo: onCellInfoChanged: LTE Cell Bands: [12] Bandwidth: 2147483647 Cell ID: 98115531 Physical Cell ID: 467 Tracking Area Code: 38403 EARFCN: 5145
08-10 22:27:26.518  5222  5321 D cellinfo: 46 bytes from 44.241.174.93: icmp_seq=739 ttl=32 time=157 ms
08-10 22:27:26.684  5222  5321 D cellinfo: 46 bytes from 44.241.174.93: icmp_seq=740 ttl=32 time=123 ms
08-10 22:27:26.918  5222  5321 D cellinfo: 46 bytes from 44.241.174.93: icmp_seq=741 ttl=32 time=156 ms
08-10 22:27:27.140  5222  5222 D cellinfo: onsignalStrengthsChanged: LTE Signal Strength info: rsrp: -94 rsrq: -14 rssi: -59 rssnr: 5
08-10 22:27:27.165  5222  5321 D cellinfo: 46 bytes from 44.241.174.93: icmp_seq=742 ttl=32 time=202 ms
08-10 22:27:27.399  5222  5321 D cellinfo: 46 bytes from 44.241.174.93: icmp_seq=743 ttl=32 time=231 ms
08-10 22:27:27.485  5222  5321 D cellinfo: 46 bytes from 44.241.174.93: icmp_seq=744 ttl=32 time=117 ms
08-10 22:27:27.718  5222  5321 D cellinfo: 46 bytes from 44.241.174.93: icmp_seq=745 ttl=32 time=149 ms
08-10 22:27:28.439  5222  5321 D cellinfo: 46 bytes from 44.241.174.93: icmp_seq=746 ttl=32 time=668 ms
08-10 22:27:28.440  5222  5321 D cellinfo: 46 bytes from 44.241.174.93: icmp_seq=747 ttl=32 time=465 ms
08-10 22:27:28.843  5222  5321 D cellinfo: 46 bytes from 44.241.174.93: icmp_seq=748 ttl=32 time=664 ms
08-10 22:27:28.844  5222  5321 D cellinfo: 46 bytes from 44.241.174.93: icmp_seq=749 ttl=32 time=453 ms
08-10 22:27:28.844  5222  5321 D cellinfo: 46 bytes from 44.241.174.93: icmp_seq=750 ttl=32 time=252 ms
08-10 22:27:28.892  5222  5321 D cellinfo: 46 bytes from 44.241.174.93: icmp_seq=751 ttl=32 time=101 ms
08-10 22:27:29.085  5222  5321 D cellinfo: 46 bytes from 44.241.174.93: icmp_seq=752 ttl=32 time=94.7 ms
08-10 22:27:29.328  5222  5321 D cellinfo: 46 bytes from 44.241.174.93: icmp_seq=753 ttl=32 time=136 ms
08-10 22:27:29.492  5222  5222 D cellinfo: onCellInfoChanged: Operator: AT&T UpdateTimestamp: 196722227 CellConnectionStatus: 0
08-10 22:27:29.492  5222  5222 D cellinfo: onCellInfoChanged: LTE Cell Bands: [12] Bandwidth: 2147483647 Cell ID: 98115531 Physical Cell ID: 467 Tracking Area Code: 38403 EARFCN: 5145
08-10 22:27:29.558  5222  5321 D cellinfo: 46 bytes from 44.241.174.93: icmp_seq=754 ttl=32 time=166 ms
08-10 22:27:29.718  5222  5321 D cellinfo: 46 bytes from 44.241.174.93: icmp_seq=755 ttl=32 time=126 ms
08-10 22:27:29.959  5222  5321 D cellinfo: 46 bytes from 44.241.174.93: icmp_seq=756 ttl=32 time=164 ms
08-10 22:27:30.198  5222  5321 D cellinfo: 46 bytes from 44.241.174.93: icmp_seq=757 ttl=32 time=204 ms
08-10 22:27:30.357  5222  5321 D cellinfo: 46 bytes from 44.241.174.93: icmp_seq=758 ttl=32 time=158 ms
08-10 22:27:30.518  5222  5321 D cellinfo: 46 bytes from 44.241.174.93: icmp_seq=759 ttl=32 time=119 ms
08-10 22:27:30.758  5222  5321 D cellinfo: 46 bytes from 44.241.174.93: icmp_seq=760 ttl=32 time=157 ms
08-10 22:27:30.922  5222  5321 D cellinfo: 46 bytes from 44.241.174.93: icmp_seq=761 ttl=32 time=121 ms
08-10 22:27:31.123  5222  5321 D cellinfo: 46 bytes from 44.241.174.93: icmp_seq=762 ttl=32 time=119 ms
08-10 22:27:31.724  5222  5321 D cellinfo: 46 bytes from 44.241.174.93: icmp_seq=763 ttl=32 time=518 ms
08-10 22:27:31.724  5222  5321 D cellinfo: 46 bytes from 44.241.174.93: icmp_seq=764 ttl=32 time=318 ms
08-10 22:27:31.888  5222  5321 D cellinfo: 46 bytes from 44.241.174.93: icmp_seq=765 ttl=32 time=271 ms
08-10 22:27:32.048  5222  5321 D cellinfo: 46 bytes from 44.241.174.93: icmp_seq=766 ttl=32 time=229 ms
08-10 22:27:32.124  5222  5321 D cellinfo: 46 bytes from 44.241.174.93: icmp_seq=767 ttl=32 time=103 ms
08-10 22:27:32.297  5222  5222 D cellinfo: Latitude is 40.6440783
08-10 22:27:32.297  5222  5222 D cellinfo: Longitude is -105.1333964
08-10 22:27:32.297  5222  5222 D cellinfo: Instantaneous GPS information: United States, 4029-3895 CO-14, Laporte, CO 80535, USA
08-10 22:27:32.297  5222  5222 D cellinfo: getCurrentLocation() result: Location (success): 40.6440783, -105.1333964
08-10 22:27:32.300  5222  5222 D cellinfo: onsignalStrengthsChanged: LTE Signal Strength info: rsrp: -91 rsrq: -14 rssi: -65 rssnr: 5
08-10 22:27:32.350  5222  5321 D cellinfo: 46 bytes from 44.241.174.93: icmp_seq=768 ttl=32 time=129 ms
08-10 22:27:32.446  5222  5222 D cellinfo: Latitude is 40.6440783
08-10 22:27:32.446  5222  5222 D cellinfo: Longitude is -105.1333964
08-10 22:27:32.446  5222  5222 D cellinfo: Instantaneous GPS information: United States, 4029-3895 CO-14, Laporte, CO 80535, USA
08-10 22:27:32.446  5222  5222 D cellinfo: getCurrentLocation() result: Location (success): 40.6440783, -105.1333964
08-10 22:27:32.496  5222  5222 D cellinfo: onCellInfoChanged: Operator: AT&T UpdateTimestamp: 196725233 CellConnectionStatus: 0
08-10 22:27:32.496  5222  5222 D cellinfo: onCellInfoChanged: LTE Cell Bands: [12] Bandwidth: 2147483647 Cell ID: 98115531 Physical Cell ID: 467 Tracking Area Code: 38403 EARFCN: 5145
08-10 22:27:32.523  5222  5321 D cellinfo: 46 bytes from 44.241.174.93: icmp_seq=769 ttl=32 time=101 ms
08-10 22:27:32.758  5222  5321 D cellinfo: 46 bytes from 44.241.174.93: icmp_seq=770 ttl=32 time=134 ms
08-10 22:27:33.014  5222  5321 D cellinfo: 46 bytes from 44.241.174.93: icmp_seq=771 ttl=32 time=189 ms
08-10 22:27:33.160  5222  5321 D cellinfo: 46 bytes from 44.241.174.93: icmp_seq=772 ttl=32 time=134 ms
08-10 22:27:33.246  5222  5222 D cellinfo: onsignalStrengthsChanged: LTE Signal Strength info: rsrp: -91 rsrq: -14 rssi: -65 rssnr: 4
08-10 22:27:33.397  5222  5321 D cellinfo: 46 bytes from 44.241.174.93: icmp_seq=773 ttl=32 time=171 ms
08-10 22:27:33.558  5222  5321 D cellinfo: 46 bytes from 44.241.174.93: icmp_seq=774 ttl=32 time=131 ms
08-10 22:27:33.723  5222  5321 D cellinfo: 46 bytes from 44.241.174.93: icmp_seq=775 ttl=32 time=95.2 ms
08-10 22:27:33.860  5222  5222 D cellinfo: onsignalStrengthsChanged: LTE Signal Strength info: rsrp: -92 rsrq: -14 rssi: -65 rssnr: 2
08-10 22:27:34.531  5222  5321 D cellinfo: 46 bytes from 44.241.174.93: icmp_seq=776 ttl=32 time=702 ms
08-10 22:27:34.562  5222  5321 D cellinfo: 46 bytes from 44.241.174.93: icmp_seq=777 ttl=32 time=526 ms
08-10 22:27:34.562  5222  5321 D cellinfo: 46 bytes from 44.241.174.93: icmp_seq=778 ttl=32 time=318 ms
08-10 22:27:34.597  5222  5321 D cellinfo: 46 bytes from 44.241.174.93: icmp_seq=779 ttl=32 time=144 ms
08-10 22:27:34.798  5222  5321 D cellinfo: 46 bytes from 44.241.174.93: icmp_seq=780 ttl=32 time=146 ms
08-10 22:27:34.997  5222  5321 D cellinfo: 46 bytes from 44.241.174.93: icmp_seq=781 ttl=32 time=144 ms
08-10 22:27:35.278  5222  5321 D cellinfo: 46 bytes from 44.241.174.93: icmp_seq=782 ttl=32 time=224 ms
08-10 22:27:35.447  5222  5222 D cellinfo: Latitude is 40.6440783
08-10 22:27:35.447  5222  5222 D cellinfo: Longitude is -105.1333964
08-10 22:27:35.447  5222  5222 D cellinfo: Instantaneous GPS information: United States, 4029-3895 CO-14, Laporte, CO 80535, USA
08-10 22:27:35.447  5222  5222 D cellinfo: getCurrentLocation() result: Location (success): 40.6440783, -105.1333964
08-10 22:27:35.478  5222  5321 D cellinfo: 46 bytes from 44.241.174.93: icmp_seq=783 ttl=32 time=223 ms
08-10 22:27:35.515  5222  5222 D cellinfo: onCellInfoChanged: Operator: AT&T UpdateTimestamp: 196728250 CellConnectionStatus: 0
08-10 22:27:35.515  5222  5222 D cellinfo: onCellInfoChanged: LTE Cell Bands: [12] Bandwidth: 2147483647 Cell ID: 98115531 Physical Cell ID: 467 Tracking Area Code: 38403 EARFCN: 5145
08-10 22:27:35.641  5222  5321 D cellinfo: 46 bytes from 44.241.174.93: icmp_seq=784 ttl=32 time=185 ms
08-10 22:27:35.800  5222  5321 D cellinfo: 46 bytes from 44.241.174.93: icmp_seq=785 ttl=32 time=141 ms
08-10 22:27:35.997  5222  5321 D cellinfo: 46 bytes from 44.241.174.93: icmp_seq=786 ttl=32 time=139 ms
08-10 22:27:36.098  5222  5222 D cellinfo: onsignalStrengthsChanged: LTE Signal Strength info: rsrp: -92 rsrq: -15 rssi: -59 rssnr: 2
08-10 22:27:36.161  5222  5321 D cellinfo: 46 bytes from 44.241.174.93: icmp_seq=787 ttl=32 time=102 ms
08-10 22:27:36.247  5222  5222 D cellinfo: onsignalStrengthsChanged: LTE Signal Strength info: rsrp: -93 rsrq: -15 rssi: -59 rssnr: 1
08-10 22:27:36.438  5222  5321 D cellinfo: 46 bytes from 44.241.174.93: icmp_seq=788 ttl=32 time=177 ms
08-10 22:27:36.760  5222  5321 D cellinfo: 46 bytes from 44.241.174.93: icmp_seq=789 ttl=32 time=299 ms
08-10 22:27:36.840  5222  5321 D cellinfo: 46 bytes from 44.241.174.93: icmp_seq=790 ttl=32 time=169 ms
08-10 22:27:37.000  5222  5321 D cellinfo: 46 bytes from 44.241.174.93: icmp_seq=791 ttl=32 time=130 ms
08-10 22:27:37.558  5222  5321 D cellinfo: 46 bytes from 44.241.174.93: icmp_seq=792 ttl=32 time=488 ms
08-10 22:27:37.565  5222  5321 D cellinfo: 46 bytes from 44.241.174.93: icmp_seq=793 ttl=32 time=289 ms
08-10 22:27:37.623  5222  5321 D cellinfo: 46 bytes from 44.241.174.93: icmp_seq=794 ttl=32 time=138 ms
08-10 22:27:37.840  5222  5321 D cellinfo: 46 bytes from 44.241.174.93: icmp_seq=795 ttl=32 time=154 ms
08-10 22:27:38.002  5222  5321 D cellinfo: 46 bytes from 44.241.174.93: icmp_seq=796 ttl=32 time=114 ms
08-10 22:27:38.278  5222  5321 D cellinfo: 46 bytes from 44.241.174.93: icmp_seq=797 ttl=32 time=191 ms
08-10 22:27:38.437  5222  5321 D cellinfo: 46 bytes from 44.241.174.93: icmp_seq=798 ttl=32 time=150 ms
08-10 22:27:38.463  5222  5222 D cellinfo: Latitude is 40.6440783
08-10 22:27:38.463  5222  5222 D cellinfo: Longitude is -105.1333964
08-10 22:27:38.463  5222  5222 D cellinfo: Instantaneous GPS information: United States, 4029-3895 CO-14, Laporte, CO 80535, USA
08-10 22:27:38.463  5222  5222 D cellinfo: getCurrentLocation() result: Location (success): 40.6440783, -105.1333964
08-10 22:27:38.506  5222  5222 D cellinfo: onCellInfoChanged: Operator: AT&T UpdateTimestamp: 196731244 CellConnectionStatus: 0
08-10 22:27:38.506  5222  5222 D cellinfo: onCellInfoChanged: LTE Cell Bands: [12] Bandwidth: 2147483647 Cell ID: 98115531 Physical Cell ID: 467 Tracking Area Code: 38403 EARFCN: 5145
08-10 22:27:38.637  5222  5321 D cellinfo: 46 bytes from 44.241.174.93: icmp_seq=799 ttl=32 time=150 ms
08-10 22:27:38.804  5222  5321 D cellinfo: 46 bytes from 44.241.174.93: icmp_seq=800 ttl=32 time=114 ms
08-10 22:27:39.002  5222  5321 D cellinfo: 46 bytes from 44.241.174.93: icmp_seq=801 ttl=32 time=112 ms
08-10 22:27:39.204  5222  5321 D cellinfo: 46 bytes from 44.241.174.93: icmp_seq=802 ttl=32 time=114 ms
08-10 22:27:39.247  5222  5222 D cellinfo: onsignalStrengthsChanged: LTE Signal Strength info: rsrp: -93 rsrq: -16 rssi: -61 rssnr: 0
08-10 22:27:39.438  5222  5321 D cellinfo: 46 bytes from 44.241.174.93: icmp_seq=803 ttl=32 time=148 ms
08-10 22:27:39.637  5222  5321 D cellinfo: 46 bytes from 44.241.174.93: icmp_seq=804 ttl=32 time=147 ms
08-10 22:27:40.239  5222  5321 D cellinfo: 46 bytes from 44.241.174.93: icmp_seq=805 ttl=32 time=549 ms
08-10 22:27:40.241  5222  5321 D cellinfo: 46 bytes from 44.241.174.93: icmp_seq=806 ttl=32 time=340 ms
08-10 22:27:40.443  5222  5321 D cellinfo: 46 bytes from 44.241.174.93: icmp_seq=807 ttl=32 time=334 ms
08-10 22:27:40.443  5222  5321 D cellinfo: 46 bytes from 44.241.174.93: icmp_seq=808 ttl=32 time=133 ms
08-10 22:27:40.926  5222  5321 D cellinfo: 46 bytes from 44.241.174.93: icmp_seq=809 ttl=32 time=416 ms
08-10 22:27:40.926  5222  5321 D cellinfo: 46 bytes from 44.241.174.93: icmp_seq=810 ttl=32 time=208 ms
08-10 22:27:41.641  5222  5321 D cellinfo: 46 bytes from 44.241.174.93: icmp_seq=811 ttl=32 time=716 ms
08-10 22:27:42.000  5222  5321 D cellinfo: 46 bytes from 44.241.174.93: icmp_seq=812 ttl=32 time=873 ms
08-10 22:27:42.000  5222  5321 D cellinfo: 46 bytes from 44.241.174.93: icmp_seq=813 ttl=32 time=665 ms
08-10 22:27:42.000  5222  5321 D cellinfo: 46 bytes from 44.241.174.93: icmp_seq=814 ttl=32 time=458 ms
08-10 22:27:42.247  5222  5222 D cellinfo: onsignalStrengthsChanged: LTE Signal Strength info: rsrp: -93 rsrq: -17 rssi: -63 rssnr: 0
08-10 22:27:42.398  5222  5321 D cellinfo: 46 bytes from 44.241.174.93: icmp_seq=815 ttl=32 time=656 ms
08-10 22:27:43.041  5222  5321 D cellinfo: 46 bytes from 44.241.174.93: icmp_seq=816 ttl=32 time=1091 ms
08-10 22:27:43.042  5222  5321 D cellinfo: 46 bytes from 44.241.174.93: icmp_seq=817 ttl=32 time=889 ms
08-10 22:27:43.042  5222  5321 D cellinfo: 46 bytes from 44.241.174.93: icmp_seq=818 ttl=32 time=688 ms
08-10 22:27:43.042  5222  5321 D cellinfo: 46 bytes from 44.241.174.93: icmp_seq=819 ttl=32 time=487 ms
08-10 22:27:43.042  5222  5321 D cellinfo: 46 bytes from 44.241.174.93: icmp_seq=820 ttl=32 time=277 ms
08-10 22:27:43.840  5222  5321 D cellinfo: 46 bytes from 44.241.174.93: icmp_seq=821 ttl=32 time=875 ms
08-10 22:27:43.840  5222  5321 D cellinfo: 46 bytes from 44.241.174.93: icmp_seq=822 ttl=32 time=674 ms
08-10 22:27:43.840  5222  5321 D cellinfo: 46 bytes from 44.241.174.93: icmp_seq=823 ttl=32 time=464 ms
08-10 22:27:43.840  5222  5321 D cellinfo: 46 bytes from 44.241.174.93: icmp_seq=824 ttl=32 time=263 ms
08-10 22:27:45.359  5222  5321 D cellinfo: 46 bytes from 44.241.174.93: icmp_seq=825 ttl=32 time=1582 ms
08-10 22:27:45.359  5222  5321 D cellinfo: 46 bytes from 44.241.174.93: icmp_seq=826 ttl=32 time=1380 ms
08-10 22:27:46.409  5222  5321 D cellinfo: 46 bytes from 44.241.174.93: icmp_seq=827 ttl=32 time=2221 ms
08-10 22:27:47.578  5222  5222 D cellinfo: getCurrentLocation() result: Location (success): 40.6428838, -105.1296336
08-10 22:27:47.582  5222  5222 D cellinfo: onCellInfoChanged: Operator: AT&T UpdateTimestamp: 196736282 CellConnectionStatus: 0
08-10 22:27:47.582  5222  5222 D cellinfo: onCellInfoChanged: LTE Cell Bands: [12] Bandwidth: 2147483647 Cell ID: 98115531 Physical Cell ID: 467 Tracking Area Code: 38403 EARFCN: 5145
08-10 22:27:48.161  5222  5321 D cellinfo: 46 bytes from 44.241.174.93: icmp_seq=829 ttl=32 time=3561 ms
08-10 22:27:48.162  5222  5321 D cellinfo: 46 bytes from 44.241.174.93: icmp_seq=839 ttl=32 time=1529 ms
08-10 22:27:48.321  5222  5321 D cellinfo: 46 bytes from 44.241.174.93: icmp_seq=840 ttl=32 time=1488 ms
08-10 22:27:48.333  5222  5321 D cellinfo: 46 bytes from 44.241.174.93: icmp_seq=841 ttl=32 time=1300 ms
08-10 22:27:48.358  5222  5321 D cellinfo: 46 bytes from 44.241.174.93: icmp_seq=842 ttl=32 time=1126 ms
08-10 22:27:48.520  5222  5321 D cellinfo: 46 bytes from 44.241.174.93: icmp_seq=843 ttl=32 time=1077 ms
08-10 22:27:48.531  5222  5321 D cellinfo: 46 bytes from 44.241.174.93: icmp_seq=844 ttl=32 time=879 ms
08-10 22:27:48.531  5222  5321 D cellinfo: 46 bytes from 44.241.174.93: icmp_seq=845 ttl=32 time=678 ms
08-10 22:27:48.531  5222  5321 D cellinfo: 46 bytes from 44.241.174.93: icmp_seq=846 ttl=32 time=479 ms
08-10 22:27:48.805  5222  5321 D cellinfo: 46 bytes from 44.241.174.93: icmp_seq=847 ttl=32 time=550 ms
08-10 22:27:49.121  5222  5321 D cellinfo: 46 bytes from 44.241.174.93: icmp_seq=848 ttl=32 time=665 ms
08-10 22:27:49.160  5222  5321 D cellinfo: 46 bytes from 44.241.174.93: icmp_seq=849 ttl=32 time=501 ms
08-10 22:27:49.160  5222  5321 D cellinfo: 46 bytes from 44.241.174.93: icmp_seq=850 ttl=32 time=302 ms
08-10 22:27:49.244  5222  5321 D cellinfo: 46 bytes from 44.241.174.93: icmp_seq=851 ttl=32 time=182 ms
08-10 22:27:49.402  5222  5321 D cellinfo: 46 bytes from 44.241.174.93: icmp_seq=852 ttl=32 time=137 ms
08-10 22:27:49.773  5222  5321 D cellinfo: 46 bytes from 44.241.174.93: icmp_seq=853 ttl=32 time=307 ms
08-10 22:27:50.279  5222  5321 D cellinfo: 46 bytes from 44.241.174.93: icmp_seq=854 ttl=32 time=604 ms
08-10 22:27:50.721  5222  5321 D cellinfo: 46 bytes from 44.241.174.93: icmp_seq=855 ttl=32 time=844 ms
08-10 22:27:50.723  5222  5321 D cellinfo: 46 bytes from 44.241.174.93: icmp_seq=856 ttl=32 time=647 ms
08-10 22:27:52.406  5222  5321 D cellinfo: 46 bytes from 44.241.174.93: icmp_seq=857 ttl=32 time=2124 ms
08-10 22:27:52.638  5222  5222 D cellinfo: getCurrentLocation() result: Location (success): 40.6428838, -105.1296336
08-10 22:27:53.561  5222  5321 D cellinfo: 46 bytes from 44.241.174.93: icmp_seq=859 ttl=32 time=2861 ms
08-10 22:27:55.984  5222  5321 D cellinfo: 46 bytes from 44.241.174.93: icmp_seq=874 ttl=32 time=2241 ms
08-10 22:27:55.984  5222  5321 D cellinfo: 46 bytes from 44.241.174.93: icmp_seq=878 ttl=32 time=1408 ms
08-10 22:27:55.984  5222  5321 D cellinfo: 46 bytes from 44.241.174.93: icmp_seq=879 ttl=32 time=1208 ms
08-10 22:27:55.984  5222  5321 D cellinfo: 46 bytes from 44.241.174.93: icmp_seq=880 ttl=32 time=998 ms
08-10 22:27:56.002  5222  5321 D cellinfo: 46 bytes from 44.241.174.93: icmp_seq=881 ttl=32 time=814 ms
08-10 22:27:56.002  5222  5321 D cellinfo: 46 bytes from 44.241.174.93: icmp_seq=882 ttl=32 time=614 ms
08-10 22:27:56.158  5222  5321 D cellinfo: 46 bytes from 44.241.174.93: icmp_seq=883 ttl=32 time=559 ms
08-10 22:27:56.159  5222  5321 D cellinfo: 46 bytes from 44.241.174.93: icmp_seq=884 ttl=32 time=358 ms
08-10 22:27:56.448  5222  5321 D cellinfo: 46 bytes from 44.241.174.93: icmp_seq=885 ttl=32 time=445 ms
08-10 22:27:56.866  5222  5321 D cellinfo: 46 bytes from 44.241.174.93: icmp_seq=886 ttl=32 time=660 ms
08-10 22:27:57.369  5222  5321 D cellinfo: 46 bytes from 44.241.174.93: icmp_seq=887 ttl=32 time=952 ms
08-10 22:27:57.385  5222  5321 D cellinfo: 46 bytes from 44.241.174.93: icmp_seq=888 ttl=32 time=767 ms
08-10 22:27:57.398  5222  5321 D cellinfo: 46 bytes from 44.241.174.93: icmp_seq=889 ttl=32 time=570 ms
08-10 22:27:57.664  5222  5222 D cellinfo: getCurrentLocation() result: Location (success): 40.6423463, -105.1280383
08-10 22:27:57.667  5222  5222 D cellinfo: onsignalStrengthsChanged: LTE Signal Strength info: rsrp: -94 rsrq: -19 rssi: -61 rssnr: -3
08-10 22:27:57.667  5222  5222 D cellinfo: onsignalStrengthsChanged: LTE Signal Strength info: rsrp: -94 rsrq: -19 rssi: -65 rssnr: -3
08-10 22:27:57.668  5222  5222 D cellinfo: onCellInfoChanged: Operator: AT&T UpdateTimestamp: 196742588 CellConnectionStatus: 0
08-10 22:27:57.668  5222  5222 D cellinfo: onCellInfoChanged: LTE Cell Bands: [12] Bandwidth: 2147483647 Cell ID: 98115531 Physical Cell ID: 467 Tracking Area Code: 38403 EARFCN: 5145
08-10 22:27:57.668  5222  5222 D cellinfo: onsignalStrengthsChanged: LTE Signal Strength info: rsrp: -95 rsrq: -19 rssi: -65 rssnr: -3
08-10 22:27:57.668  5222  5222 D cellinfo: onsignalStrengthsChanged: LTE Signal Strength info: rsrp: -96 rsrq: -19 rssi: -67 rssnr: -4
08-10 22:27:57.669  5222  5222 D cellinfo: onCellInfoChanged: Operator: AT&T UpdateTimestamp: 196748883 CellConnectionStatus: 0
08-10 22:27:57.669  5222  5222 D cellinfo: onCellInfoChanged: LTE Cell Bands: [12] Bandwidth: 2147483647 Cell ID: 98115531 Physical Cell ID: 467 Tracking Area Code: 38403 EARFCN: 5145
08-10 22:27:57.670  5222  5222 D cellinfo: onsignalStrengthsChanged: LTE Signal Strength info: rsrp: -99 rsrq: -20 rssi: -67 rssnr: -5
08-10 22:27:57.769  5222  5321 D cellinfo: 46 bytes from 44.241.174.93: icmp_seq=890 ttl=32 time=739 ms
08-10 22:27:57.769  5222  5321 D cellinfo: 46 bytes from 44.241.174.93: icmp_seq=891 ttl=32 time=529 ms
08-10 22:27:59.607  5222  5321 D cellinfo: 46 bytes from 44.241.174.93: icmp_seq=892 ttl=32 time=2165 ms
08-10 22:28:01.083  5222  5321 D cellinfo: 46 bytes from 44.241.174.93: icmp_seq=903 ttl=32 time=1407 ms
08-10 22:28:01.083  5222  5321 D cellinfo: 46 bytes from 44.241.174.93: icmp_seq=904 ttl=32 time=1195 ms
08-10 22:28:01.083  5222  5321 D cellinfo: 46 bytes from 44.241.174.93: icmp_seq=905 ttl=32 time=995 ms
08-10 22:28:01.083  5222  5321 D cellinfo: 46 bytes from 44.241.174.93: icmp_seq=906 ttl=32 time=784 ms
08-10 22:28:01.083  5222  5321 D cellinfo: 46 bytes from 44.241.174.93: icmp_seq=907 ttl=32 time=583 ms
08-10 22:28:01.097  5222  5321 D cellinfo: 46 bytes from 44.241.174.93: icmp_seq=908 ttl=32 time=397 ms
08-10 22:28:01.097  5222  5321 D cellinfo: 46 bytes from 44.241.174.93: icmp_seq=909 ttl=32 time=185 ms
08-10 22:28:01.216  5222  5321 D cellinfo: 46 bytes from 44.241.174.93: icmp_seq=910 ttl=32 time=103 ms
08-10 22:28:01.465  5222  5321 D cellinfo: 46 bytes from 44.241.174.93: icmp_seq=911 ttl=32 time=150 ms
08-10 22:28:01.509  5222  5222 D cellinfo: Latitude is 40.6423463
08-10 22:28:01.509  5222  5222 D cellinfo: Longitude is -105.1280383
08-10 22:28:01.509  5222  5222 D cellinfo: Instantaneous GPS information: United States, 3756-3892 CO-14, Laporte, CO 80535, USA
08-10 22:28:01.509  5222  5222 D cellinfo: getCurrentLocation() result: Location (success): 40.6423463, -105.1280383
08-10 22:28:01.607  5222  5321 D cellinfo: 46 bytes from 44.241.174.93: icmp_seq=912 ttl=32 time=93.2 ms
08-10 22:28:01.805  5222  5321 D cellinfo: 46 bytes from 44.241.174.93: icmp_seq=913 ttl=32 time=88.3 ms
08-10 22:28:02.010  5222  5321 D cellinfo: 46 bytes from 44.241.174.93: icmp_seq=914 ttl=32 time=90.6 ms
08-10 22:28:02.109  5222  5222 D cellinfo: Latitude is 40.6417352
08-10 22:28:02.109  5222  5222 D cellinfo: Longitude is -105.1260869
08-10 22:28:02.109  5222  5222 D cellinfo: Instantaneous GPS information: United States, 3687-3521 US-287, Laporte, CO 80535, USA
08-10 22:28:02.109  5222  5222 D cellinfo: getCurrentLocation() result: Location (success): 40.6417352, -105.1260869
08-10 22:28:02.211  5222  5321 D cellinfo: 46 bytes from 44.241.174.93: icmp_seq=915 ttl=32 time=91.4 ms
08-10 22:28:02.437  5222  5321 D cellinfo: 46 bytes from 44.241.174.93: icmp_seq=916 ttl=32 time=117 ms
08-10 22:28:02.625  5222  5321 D cellinfo: 46 bytes from 44.241.174.93: icmp_seq=917 ttl=32 time=101 ms
08-10 22:28:02.666  5222  5222 D cellinfo: Latitude is 40.6413653
08-10 22:28:02.666  5222  5222 D cellinfo: Longitude is -105.1251298
08-10 22:28:02.667  5222  5222 D cellinfo: Instantaneous GPS information: United States, 3687-3521 US-287, Laporte, CO 80535, USA
08-10 22:28:02.667  5222  5222 D cellinfo: getCurrentLocation() result: Location (success): 40.6413653, -105.1251298
08-10 22:28:02.669  5222  5222 D cellinfo: onsignalStrengthsChanged: LTE Signal Strength info: rsrp: -101 rsrq: -20 rssi: -67 rssnr: -5
08-10 22:28:02.670  5222  5222 D cellinfo: onsignalStrengthsChanged: LTE Signal Strength info: rsrp: -98 rsrq: -18 rssi: -55 rssnr: -3
08-10 22:28:02.670  5222  5222 D cellinfo: onCellInfoChanged: Operator: AT&T UpdateTimestamp: 196753781 CellConnectionStatus: 0
08-10 22:28:02.670  5222  5222 D cellinfo: onCellInfoChanged: LTE Cell Bands: [12] Bandwidth: 2147483647 Cell ID: 98050063 Physical Cell ID: 330 Tracking Area Code: 38403 EARFCN: 5110
08-10 22:28:02.670  5222  5222 D cellinfo: onServiceStateChanged: Channel Number: 5110 Cell Bandwidths: []
08-10 22:28:02.671  5222  5222 D cellinfo: onCellInfoChanged: Operator: AT&T UpdateTimestamp: 196754236 CellConnectionStatus: 0
08-10 22:28:02.671  5222  5222 D cellinfo: onCellInfoChanged: LTE Cell Bands: [2] Bandwidth: 2147483647 Cell ID: 98050056 Physical Cell ID: 197 Tracking Area Code: 38403 EARFCN: 1075
08-10 22:28:02.671  5222  5222 D cellinfo: onServiceStateChanged: Channel Number: 1075 Cell Bandwidths: []
08-10 22:28:02.671  5222  5222 D cellinfo: onsignalStrengthsChanged: LTE Signal Strength info: rsrp: -96 rsrq: -17 rssi: -59 rssnr: -1
08-10 22:28:02.671  5222  5222 D cellinfo: onServiceStateChanged: Channel Number: 1075 Cell Bandwidths: []
08-10 22:28:02.671  5222  5222 D cellinfo: onDisplayInfoChanged: NetworkType: LTE OverrideNetworkType: 5G (Sub-6 GHz)
08-10 22:28:02.839  5222  5321 D cellinfo: 46 bytes from 44.241.174.93: icmp_seq=918 ttl=32 time=115 ms
08-10 22:28:03.022  5222  5321 D cellinfo: 46 bytes from 44.241.174.93: icmp_seq=919 ttl=32 time=97.6 ms
08-10 22:28:03.221  5222  5222 D cellinfo: Latitude is 40.6412232
08-10 22:28:03.221  5222  5222 D cellinfo: Longitude is -105.124823
08-10 22:28:03.221  5222  5321 D cellinfo: 46 bytes from 44.241.174.93: icmp_seq=920 ttl=32 time=96.2 ms
08-10 22:28:03.221  5222  5222 D cellinfo: Instantaneous GPS information: United States, 3687-3521 US-287, Laporte, CO 80535, USA
08-10 22:28:03.222  5222  5222 D cellinfo: getCurrentLocation() result: Location (success): 40.6412232, -105.124823
08-10 22:28:03.430  5222  5321 D cellinfo: 46 bytes from 44.241.174.93: icmp_seq=921 ttl=32 time=101 ms
08-10 22:28:03.626  5222  5321 D cellinfo: 46 bytes from 44.241.174.93: icmp_seq=922 ttl=32 time=97.1 ms
08-10 22:28:03.794  5222  5222 D cellinfo: Latitude is 40.640388
08-10 22:28:03.794  5222  5222 D cellinfo: Longitude is -105.1233996
08-10 22:28:03.794  5222  5222 D cellinfo: Instantaneous GPS information: United States, 3687-3521 US-287, Laporte, CO 80535, USA
08-10 22:28:03.794  5222  5222 D cellinfo: getCurrentLocation() result: Location (success): 40.640388, -105.1233996
08-10 22:28:03.797  5222  5222 D cellinfo: onsignalStrengthsChanged: LTE Signal Strength info: rsrp: -94 rsrq: -16 rssi: -61 rssnr: 0
08-10 22:28:03.797  5222  5222 D cellinfo: onsignalStrengthsChanged: LTE Signal Strength info: rsrp: -92 rsrq: -14 rssi: -61 rssnr: 4
08-10 22:28:03.833  5222  5321 D cellinfo: 46 bytes from 44.241.174.93: icmp_seq=923 ttl=32 time=103 ms
08-10 22:28:04.026  5222  5321 D cellinfo: 46 bytes from 44.241.174.93: icmp_seq=924 ttl=32 time=94.2 ms
08-10 22:28:04.114  5222  5222 D cellinfo: onCellInfoChanged: Operator: AT&T UpdateTimestamp: 196756848 CellConnectionStatus: 0
08-10 22:28:04.114  5222  5222 D cellinfo: onCellInfoChanged: LTE Cell Bands: [2] Bandwidth: 2147483647 Cell ID: 98050056 Physical Cell ID: 197 Tracking Area Code: 38403 EARFCN: 1075
08-10 22:28:04.224  5222  5321 D cellinfo: 46 bytes from 44.241.174.93: icmp_seq=925 ttl=32 time=92.2 ms
08-10 22:28:04.427  5222  5321 D cellinfo: 46 bytes from 44.241.174.93: icmp_seq=926 ttl=32 time=93.5 ms
08-10 22:28:04.626  5222  5321 D cellinfo: 46 bytes from 44.241.174.93: icmp_seq=927 ttl=32 time=92.0 ms
08-10 22:28:04.826  5222  5321 D cellinfo: 46 bytes from 44.241.174.93: icmp_seq=928 ttl=32 time=91.9 ms
08-10 22:28:05.026  5222  5321 D cellinfo: 46 bytes from 44.241.174.93: icmp_seq=929 ttl=32 time=91.2 ms
08-10 22:28:05.220  5222  5222 D cellinfo: onsignalStrengthsChanged: LTE Signal Strength info: rsrp: -90 rsrq: -13 rssi: -61 rssnr: 7
08-10 22:28:05.224  5222  5321 D cellinfo: 46 bytes from 44.241.174.93: icmp_seq=930 ttl=32 time=90.5 ms
08-10 22:28:05.424  5222  5321 D cellinfo: 46 bytes from 44.241.174.93: icmp_seq=931 ttl=32 time=89.2 ms
08-10 22:28:05.450  5222  5222 D cellinfo: Latitude is 40.640388
08-10 22:28:05.450  5222  5222 D cellinfo: Longitude is -105.1233996
08-10 22:28:05.450  5222  5222 D cellinfo: Instantaneous GPS information: United States, 3687-3521 US-287, Laporte, CO 80535, USA
08-10 22:28:05.450  5222  5222 D cellinfo: getCurrentLocation() result: Location (success): 40.640388, -105.1233996
08-10 22:28:05.628  5222  5321 D cellinfo: 46 bytes from 44.241.174.93: icmp_seq=932 ttl=32 time=91.0 ms
08-10 22:28:05.828  5222  5321 D cellinfo: 46 bytes from 44.241.174.93: icmp_seq=933 ttl=32 time=89.3 ms
08-10 22:28:06.063  5222  5321 D cellinfo: 46 bytes from 44.241.174.93: icmp_seq=934 ttl=32 time=125 ms
08-10 22:28:06.264  5222  5321 D cellinfo: 46 bytes from 44.241.174.93: icmp_seq=935 ttl=32 time=125 ms
08-10 22:28:06.278  5222  5222 D cellinfo: onsignalStrengthsChanged: LTE Signal Strength info: rsrp: -87 rsrq: -11 rssi: -55 rssnr: 10
08-10 22:28:06.464  5222  5321 D cellinfo: 46 bytes from 44.241.174.93: icmp_seq=936 ttl=32 time=125 ms
08-10 22:28:06.664  5222  5321 D cellinfo: 46 bytes from 44.241.174.93: icmp_seq=937 ttl=32 time=123 ms
08-10 22:28:06.835  5222  5321 D cellinfo: 46 bytes from 44.241.174.93: icmp_seq=938 ttl=32 time=92.3 ms
08-10 22:28:07.064  5222  5321 D cellinfo: 46 bytes from 44.241.174.93: icmp_seq=939 ttl=32 time=120 ms
08-10 22:28:07.264  5222  5321 D cellinfo: 46 bytes from 44.241.174.93: icmp_seq=940 ttl=32 time=120 ms
08-10 22:28:07.459  5222  5222 D cellinfo: onsignalStrengthsChanged: LTE Signal Strength info: rsrp: -87 rsrq: -10 rssi: -61 rssnr: 13
08-10 22:28:07.464  5222  5321 D cellinfo: 46 bytes from 44.241.174.93: icmp_seq=941 ttl=32 time=119 ms
08-10 22:28:07.663  5222  5321 D cellinfo: 46 bytes from 44.241.174.93: icmp_seq=942 ttl=32 time=117 ms
08-10 22:28:07.864  5222  5321 D cellinfo: 46 bytes from 44.241.174.93: icmp_seq=943 ttl=32 time=117 ms
08-10 22:28:08.064  5222  5321 D cellinfo: 46 bytes from 44.241.174.93: icmp_seq=944 ttl=32 time=116 ms
08-10 22:28:08.264  5222  5321 D cellinfo: 46 bytes from 44.241.174.93: icmp_seq=945 ttl=32 time=116 ms
08-10 22:28:08.450  5222  5222 D cellinfo: Latitude is 40.640388
08-10 22:28:08.450  5222  5222 D cellinfo: Longitude is -105.1233996
08-10 22:28:08.450  5222  5222 D cellinfo: Instantaneous GPS information: United States, 3687-3521 US-287, Laporte, CO 80535, USA
08-10 22:28:08.450  5222  5222 D cellinfo: getCurrentLocation() result: Location (success): 40.640388, -105.1233996
08-10 22:28:08.463  5222  5321 D cellinfo: 46 bytes from 44.241.174.93: icmp_seq=946 ttl=32 time=115 ms
08-10 22:28:08.504  5222  5222 D cellinfo: onCellInfoChanged: Operator: AT&T UpdateTimestamp: 196761241 CellConnectionStatus: 0
08-10 22:28:08.504  5222  5222 D cellinfo: onCellInfoChanged: LTE Cell Bands: [2] Bandwidth: 2147483647 Cell ID: 98050056 Physical Cell ID: 197 Tracking Area Code: 38403 EARFCN: 1075
08-10 22:28:08.664  5222  5321 D cellinfo: 46 bytes from 44.241.174.93: icmp_seq=947 ttl=32 time=115 ms
08-10 22:28:08.865  5222  5321 D cellinfo: 46 bytes from 44.241.174.93: icmp_seq=948 ttl=32 time=115 ms
08-10 22:28:09.064  5222  5321 D cellinfo: 46 bytes from 44.241.174.93: icmp_seq=949 ttl=32 time=113 ms
08-10 22:28:09.264  5222  5321 D cellinfo: 46 bytes from 44.241.174.93: icmp_seq=950 ttl=32 time=113 ms
08-10 22:28:09.273  5222  5222 D cellinfo: onsignalStrengthsChanged: LTE Signal Strength info: rsrp: -86 rsrq: -9 rssi: -55 rssnr: 16
08-10 22:28:09.464  5222  5321 D cellinfo: 46 bytes from 44.241.174.93: icmp_seq=951 ttl=32 time=111 ms
08-10 22:28:09.664  5222  5321 D cellinfo: 46 bytes from 44.241.174.93: icmp_seq=952 ttl=32 time=110 ms
08-10 22:28:09.699  5222  5222 D cellinfo: onsignalStrengthsChanged: LTE Signal Strength info: rsrp: -85 rsrq: -8 rssi: -57 rssnr: 18
08-10 22:28:09.864  5222  5321 D cellinfo: 46 bytes from 44.241.174.93: icmp_seq=953 ttl=32 time=110 ms
08-10 22:28:10.064  5222  5321 D cellinfo: 46 bytes from 44.241.174.93: icmp_seq=954 ttl=32 time=110 ms
08-10 22:28:10.266  5222  5321 D cellinfo: 46 bytes from 44.241.174.93: icmp_seq=955 ttl=32 time=109 ms
08-10 22:28:10.464  5222  5321 D cellinfo: 46 bytes from 44.241.174.93: icmp_seq=956 ttl=32 time=108 ms
08-10 22:28:10.704  5222  5321 D cellinfo: 46 bytes from 44.241.174.93: icmp_seq=957 ttl=32 time=148 ms
