08-10 23:40:38.932  5222  5321 D cellinfo: 46 bytes from 44.241.174.93: icmp_seq=22599 ttl=32 time=183 ms
08-10 23:40:39.094  5222  5321 D cellinfo: 46 bytes from 44.241.174.93: icmp_seq=22600 ttl=32 time=143 ms
08-10 23:40:39.252  5222  5321 D cellinfo: 46 bytes from 44.241.174.93: icmp_seq=22601 ttl=32 time=102 ms
08-10 23:40:39.452  5222  5321 D cellinfo: 46 bytes from 44.241.174.93: icmp_seq=22602 ttl=32 time=101 ms
08-10 23:40:39.664  5222  5222 D cellinfo: onCellInfoChanged: Operator: AT&T...1 UpdateTimestamp: 201112396 CellConnectionStatus: 0
08-10 23:40:39.665  5222  5222 D cellinfo: onCellInfoChanged: LTE Cell Bands: [2] Bandwidth: 2147483647 Cell ID: 97583112 Physical Cell ID: 234 Tracking Area Code: 38410 EARFCN: 700
08-10 23:40:39.694  5222  5222 D cellinfo: onServiceStateChanged: Channel Number: 700 Cell Bandwidths: []
08-10 23:40:39.699  5222  5321 D cellinfo: 46 bytes from 44.241.174.93: icmp_seq=22603 ttl=32 time=148 ms
08-10 23:40:39.904  5222  5321 D cellinfo: 46 bytes from 44.241.174.93: icmp_seq=22604 ttl=32 time=152 ms
08-10 23:40:39.974  5222  5222 D cellinfo: onsignalStrengthsChanged: LTE Signal Strength info: rsrp: -103 rsrq: -15 rssi: -71 rssnr: -4
08-10 23:40:40.059  5222  5321 D cellinfo: 46 bytes from 44.241.174.93: icmp_seq=22605 ttl=32 time=107 ms
08-10 23:40:40.272  5222  5321 D cellinfo: 46 bytes from 44.241.174.93: icmp_seq=22606 ttl=32 time=117 ms
08-10 23:40:40.462  5222  5321 D cellinfo: 46 bytes from 44.241.174.93: icmp_seq=22607 ttl=32 time=108 ms
08-10 23:40:40.582  5222  5222 D cellinfo: Latitude is 39.7258595
08-10 23:40:40.582  5222  5222 D cellinfo: Longitude is -105.0455743
08-10 23:40:40.582  5222  5222 D cellinfo: Instantaneous GPS information: United States, 601 Utica St, Denver, CO 80204, USA
08-10 23:40:40.582  5222  5222 D cellinfo: getCurrentLocation() result: Location (success): 39.7258595, -105.0455743
08-10 23:40:40.642  5222  5321 D cellinfo: 46 bytes from 44.241.174.93: icmp_seq=22608 ttl=32 time=86.5 ms
08-10 23:40:40.863  5222  5321 D cellinfo: 46 bytes from 44.241.174.93: icmp_seq=22609 ttl=32 time=106 ms
08-10 23:40:41.072  5222  5321 D cellinfo: 46 bytes from 44.241.174.93: icmp_seq=22610 ttl=32 time=113 ms
08-10 23:40:41.270  5222  5321 D cellinfo: 46 bytes from 44.241.174.93: icmp_seq=22611 ttl=32 time=113 ms
08-10 23:40:41.430  5222  5222 D cellinfo: onsignalStrengthsChanged: LTE Signal Strength info: rsrp: -105 rsrq: -16 rssi: -69 rssnr: -5
08-10 23:40:41.450  5222  5222 D cellinfo: Latitude is 39.7258595
08-10 23:40:41.450  5222  5222 D cellinfo: Longitude is -105.0455743
08-10 23:40:41.450  5222  5222 D cellinfo: Instantaneous GPS information: United States, 601 Utica St, Denver, CO 80204, USA
08-10 23:40:41.450  5222  5222 D cellinfo: getCurrentLocation() result: Location (success): 39.7258595, -105.0455743
08-10 23:40:41.463  5222  5321 D cellinfo: 46 bytes from 44.241.174.93: icmp_seq=22612 ttl=32 time=104 ms
08-10 23:40:41.492  5222  5222 D cellinfo: onCellInfoChanged: Operator: AT&T...1 UpdateTimestamp: 201114228 CellConnectionStatus: 0
08-10 23:40:41.492  5222  5222 D cellinfo: onCellInfoChanged: LTE Cell Bands: [2] Bandwidth: 2147483647 Cell ID: 97583112 Physical Cell ID: 234 Tracking Area Code: 38410 EARFCN: 700
08-10 23:40:41.663  5222  5321 D cellinfo: 46 bytes from 44.241.174.93: icmp_seq=22613 ttl=32 time=104 ms
08-10 23:40:41.902  5222  5321 D cellinfo: 46 bytes from 44.241.174.93: icmp_seq=22614 ttl=32 time=142 ms
08-10 23:40:42.064  5222  5321 D cellinfo: 46 bytes from 44.241.174.93: icmp_seq=22615 ttl=32 time=103 ms
08-10 23:40:42.263  5222  5321 D cellinfo: 46 bytes from 44.241.174.93: icmp_seq=22616 ttl=32 time=101 ms
08-10 23:40:42.465  5222  5321 D cellinfo: 46 bytes from 44.241.174.93: icmp_seq=22617 ttl=32 time=101 ms
08-10 23:40:42.665  5222  5321 D cellinfo: 46 bytes from 44.241.174.93: icmp_seq=22618 ttl=32 time=100 ms
08-10 23:40:42.863  5222  5321 D cellinfo: 46 bytes from 44.241.174.93: icmp_seq=22619 ttl=32 time=99.0 ms
08-10 23:40:43.063  5222  5321 D cellinfo: 46 bytes from 44.241.174.93: icmp_seq=22620 ttl=32 time=98.3 ms
08-10 23:40:43.246  5222  5222 D cellinfo: onCellInfoChanged: Operator: AT&T...1 UpdateTimestamp: 201115976 CellConnectionStatus: 0
08-10 23:40:43.246  5222  5222 D cellinfo: onCellInfoChanged: LTE Cell Bands: [2] Bandwidth: 2147483647 Cell ID: 97583113 Physical Cell ID: 406 Tracking Area Code: 38410 EARFCN: 700
08-10 23:40:43.282  5222  5222 D cellinfo: onServiceStateChanged: Channel Number: 700 Cell Bandwidths: []
08-10 23:40:43.339  5222  5321 D cellinfo: 46 bytes from 44.241.174.93: icmp_seq=22621 ttl=32 time=175 ms
08-10 23:40:43.500  5222  5321 D cellinfo: 46 bytes from 44.241.174.93: icmp_seq=22622 ttl=32 time=134 ms
08-10 23:40:43.665  5222  5321 D cellinfo: 46 bytes from 44.241.174.93: icmp_seq=22623 ttl=32 time=98.4 ms
08-10 23:40:43.862  5222  5321 D cellinfo: 46 bytes from 44.241.174.93: icmp_seq=22624 ttl=32 time=95.8 ms
08-10 23:40:44.065  5222  5321 D cellinfo: 46 bytes from 44.241.174.93: icmp_seq=22625 ttl=32 time=96.5 ms
08-10 23:40:44.262  5222  5321 D cellinfo: 46 bytes from 44.241.174.93: icmp_seq=22626 ttl=32 time=95.1 ms
08-10 23:40:44.428  5222  5222 D cellinfo: onsignalStrengthsChanged: LTE Signal Strength info: rsrp: -107 rsrq: -17 rssi: -65 rssnr: -5
08-10 23:40:44.450  5222  5222 D cellinfo: Latitude is 39.7258595
08-10 23:40:44.450  5222  5222 D cellinfo: Longitude is -105.0455743
08-10 23:40:44.450  5222  5222 D cellinfo: Instantaneous GPS information: United States, 601 Utica St, Denver, CO 80204, USA
08-10 23:40:44.450  5222  5222 D cellinfo: getCurrentLocation() result: Location (success): 39.7258595, -105.0455743
08-10 23:40:44.460  5222  5222 D cellinfo: onsignalStrengthsChanged: LTE Signal Strength info: rsrp: -106 rsrq: -17 rssi: -65 rssnr: -5
08-10 23:40:44.464  5222  5321 D cellinfo: 46 bytes from 44.241.174.93: icmp_seq=22627 ttl=32 time=94.7 ms
08-10 23:40:44.509  5222  5222 D cellinfo: onCellInfoChanged: Operator: AT&T...1 UpdateTimestamp: 201117245 CellConnectionStatus: 0
08-10 23:40:44.509  5222  5222 D cellinfo: onCellInfoChanged: LTE Cell Bands: [2] Bandwidth: 2147483647 Cell ID: 97583113 Physical Cell ID: 406 Tracking Area Code: 38410 EARFCN: 700
08-10 23:40:44.664  5222  5321 D cellinfo: 46 bytes from 44.241.174.93: icmp_seq=22628 ttl=32 time=93.1 ms
08-10 23:40:44.900  5222  5321 D cellinfo: 46 bytes from 44.241.174.93: icmp_seq=22629 ttl=32 time=129 ms
08-10 23:40:45.064  5222  5321 D cellinfo: 46 bytes from 44.241.174.93: icmp_seq=22630 ttl=32 time=92.8 ms
08-10 23:40:45.299  5222  5321 D cellinfo: 46 bytes from 44.241.174.93: icmp_seq=22631 ttl=32 time=127 ms
08-10 23:40:45.500  5222  5321 D cellinfo: 46 bytes from 44.241.174.93: icmp_seq=22632 ttl=32 time=126 ms
08-10 23:40:45.700  5222  5321 D cellinfo: 46 bytes from 44.241.174.93: icmp_seq=22633 ttl=32 time=124 ms
08-10 23:40:45.900  5222  5321 D cellinfo: 46 bytes from 44.241.174.93: icmp_seq=22634 ttl=32 time=123 ms
08-10 23:40:46.100  5222  5321 D cellinfo: 46 bytes from 44.241.174.93: icmp_seq=22635 ttl=32 time=122 ms
08-10 23:40:46.300  5222  5321 D cellinfo: 46 bytes from 44.241.174.93: icmp_seq=22636 ttl=32 time=123 ms
08-10 23:40:46.501  5222  5321 D cellinfo: 46 bytes from 44.241.174.93: icmp_seq=22637 ttl=32 time=122 ms
08-10 23:40:46.700  5222  5321 D cellinfo: 46 bytes from 44.241.174.93: icmp_seq=22638 ttl=32 time=121 ms
08-10 23:40:46.900  5222  5321 D cellinfo: 46 bytes from 44.241.174.93: icmp_seq=22639 ttl=32 time=120 ms
08-10 23:40:47.100  5222  5321 D cellinfo: 46 bytes from 44.241.174.93: icmp_seq=22640 ttl=32 time=120 ms
08-10 23:40:47.300  5222  5321 D cellinfo: 46 bytes from 44.241.174.93: icmp_seq=22641 ttl=32 time=120 ms
08-10 23:40:47.429  5222  5222 D cellinfo: onsignalStrengthsChanged: LTE Signal Strength info: rsrp: -104 rsrq: -17 rssi: -61 rssnr: -5
08-10 23:40:47.448  5222  5222 D cellinfo: Latitude is 39.7258595
08-10 23:40:47.448  5222  5222 D cellinfo: Longitude is -105.0455743
08-10 23:40:47.448  5222  5222 D cellinfo: Instantaneous GPS information: United States, 601 Utica St, Denver, CO 80204, USA
08-10 23:40:47.448  5222  5222 D cellinfo: getCurrentLocation() result: Location (success): 39.7258595, -105.0455743
08-10 23:40:47.500  5222  5321 D cellinfo: 46 bytes from 44.241.174.93: icmp_seq=22642 ttl=32 time=120 ms
08-10 23:40:47.508  5222  5222 D cellinfo: onCellInfoChanged: Operator: AT&T...1 UpdateTimestamp: 201120236 CellConnectionStatus: 0
08-10 23:40:47.508  5222  5222 D cellinfo: onCellInfoChanged: LTE Cell Bands: [2] Bandwidth: 2147483647 Cell ID: 97583113 Physical Cell ID: 406 Tracking Area Code: 38410 EARFCN: 700
08-10 23:40:47.700  5222  5321 D cellinfo: 46 bytes from 44.241.174.93: icmp_seq=22643 ttl=32 time=119 ms
08-10 23:40:47.947  5222  5321 D cellinfo: 46 bytes from 44.241.174.93: icmp_seq=22644 ttl=32 time=166 ms
08-10 23:40:48.102  5222  5321 D cellinfo: 46 bytes from 44.241.174.93: icmp_seq=22645 ttl=32 time=119 ms
08-10 23:40:48.301  5222  5321 D cellinfo: 46 bytes from 44.241.174.93: icmp_seq=22646 ttl=32 time=118 ms
08-10 23:40:48.500  5222  5321 D cellinfo: 46 bytes from 44.241.174.93: icmp_seq=22647 ttl=32 time=117 ms
08-10 23:40:48.701  5222  5321 D cellinfo: 46 bytes from 44.241.174.93: icmp_seq=22648 ttl=32 time=116 ms
08-10 23:40:48.908  5222  5321 D cellinfo: 46 bytes from 44.241.174.93: icmp_seq=22649 ttl=32 time=124 ms
08-10 23:40:49.100  5222  5321 D cellinfo: 46 bytes from 44.241.174.93: icmp_seq=22650 ttl=32 time=116 ms
08-10 23:40:49.301  5222  5321 D cellinfo: 46 bytes from 44.241.174.93: icmp_seq=22651 ttl=32 time=116 ms
08-10 23:40:49.500  5222  5321 D cellinfo: 46 bytes from 44.241.174.93: icmp_seq=22652 ttl=32 time=116 ms
08-10 23:40:49.700  5222  5321 D cellinfo: 46 bytes from 44.241.174.93: icmp_seq=22653 ttl=32 time=116 ms
08-10 23:40:49.900  5222  5321 D cellinfo: 46 bytes from 44.241.174.93: icmp_seq=22654 ttl=32 time=115 ms
08-10 23:40:50.100  5222  5321 D cellinfo: 46 bytes from 44.241.174.93: icmp_seq=22655 ttl=32 time=114 ms
08-10 23:40:50.301  5222  5321 D cellinfo: 46 bytes from 44.241.174.93: icmp_seq=22656 ttl=32 time=114 ms
08-10 23:40:50.424  5222  5222 D cellinfo: onsignalStrengthsChanged: LTE Signal Strength info: rsrp: -100 rsrq: -16 rssi: -57 rssnr: -4
08-10 23:40:50.487  5222  5222 D cellinfo: onCellInfoChanged: Operator: AT&T...1 UpdateTimestamp: 201123224 CellConnectionStatus: 0
08-10 23:40:50.487  5222  5222 D cellinfo: onCellInfoChanged: LTE Cell Bands: [2] Bandwidth: 2147483647 Cell ID: 97583113 Physical Cell ID: 406 Tracking Area Code: 38410 EARFCN: 700
08-10 23:40:50.499  5222  5321 D cellinfo: 46 bytes from 44.241.174.93: icmp_seq=22657 ttl=32 time=113 ms
08-10 23:40:50.701  5222  5321 D cellinfo: 46 bytes from 44.241.174.93: icmp_seq=22658 ttl=32 time=111 ms
08-10 23:40:50.902  5222  5321 D cellinfo: 46 bytes from 44.241.174.93: icmp_seq=22659 ttl=32 time=111 ms
08-10 23:40:51.101  5222  5321 D cellinfo: 46 bytes from 44.241.174.93: icmp_seq=22660 ttl=32 time=110 ms
08-10 23:40:51.177  5222  5222 D cellinfo: onsignalStrengthsChanged: LTE Signal Strength info: rsrp: -98 rsrq: -16 rssi: -57 rssnr: -3
08-10 23:40:51.301  5222  5321 D cellinfo: 46 bytes from 44.241.174.93: icmp_seq=22661 ttl=32 time=110 ms
08-10 23:40:51.501  5222  5321 D cellinfo: 46 bytes from 44.241.174.93: icmp_seq=22662 ttl=32 time=109 ms
08-10 23:40:51.701  5222  5321 D cellinfo: 46 bytes from 44.241.174.93: icmp_seq=22663 ttl=32 time=109 ms
08-10 23:40:51.883  5222  5321 D cellinfo: 46 bytes from 44.241.174.93: icmp_seq=22664 ttl=32 time=90.8 ms
08-10 23:40:52.084  5222  5321 D cellinfo: 46 bytes from 44.241.174.93: icmp_seq=22665 ttl=32 time=90.8 ms
08-10 23:40:52.283  5222  5321 D cellinfo: 46 bytes from 44.241.174.93: icmp_seq=22666 ttl=32 time=90.4 ms
08-10 23:40:52.500  5222  5321 D cellinfo: 46 bytes from 44.241.174.93: icmp_seq=22667 ttl=32 time=103 ms
08-10 23:40:52.507  5222  5222 D cellinfo: Latitude is 39.7257753
08-10 23:40:52.508  5222  5222 D cellinfo: Longitude is -105.0485539
08-10 23:40:52.508  5222  5222 D cellinfo: Instantaneous GPS information: United States, 4711 W 6th Ave, Denver, CO 80204, USA
08-10 23:40:52.508  5222  5222 D cellinfo: getCurrentLocation() result: Location (success): 39.7257753, -105.0485539
08-10 23:40:52.707  5222  5321 D cellinfo: 46 bytes from 44.241.174.93: icmp_seq=22668 ttl=32 time=111 ms
08-10 23:40:52.901  5222  5321 D cellinfo: 46 bytes from 44.241.174.93: icmp_seq=22669 ttl=32 time=104 ms
08-10 23:40:53.101  5222  5321 D cellinfo: 46 bytes from 44.241.174.93: icmp_seq=22670 ttl=32 time=102 ms
08-10 23:40:53.301  5222  5321 D cellinfo: 46 bytes from 44.241.174.93: icmp_seq=22671 ttl=32 time=103 ms
08-10 23:40:53.445  5222  5222 D cellinfo: Latitude is 39.7257753
08-10 23:40:53.445  5222  5222 D cellinfo: Longitude is -105.0485539
08-10 23:40:53.445  5222  5222 D cellinfo: Instantaneous GPS information: United States, 4711 W 6th Ave, Denver, CO 80204, USA
08-10 23:40:53.445  5222  5222 D cellinfo: getCurrentLocation() result: Location (success): 39.7257753, -105.0485539
08-10 23:40:53.492  5222  5222 D cellinfo: onCellInfoChanged: Operator: AT&T...1 UpdateTimestamp: 201126224 CellConnectionStatus: 0
08-10 23:40:53.492  5222  5222 D cellinfo: onCellInfoChanged: LTE Cell Bands: [2] Bandwidth: 2147483647 Cell ID: 97583113 Physical Cell ID: 406 Tracking Area Code: 38410 EARFCN: 700
08-10 23:40:53.500  5222  5321 D cellinfo: 46 bytes from 44.241.174.93: icmp_seq=22672 ttl=32 time=102 ms
08-10 23:40:53.701  5222  5321 D cellinfo: 46 bytes from 44.241.174.93: icmp_seq=22673 ttl=32 time=100 ms
08-10 23:40:53.940  5222  5321 D cellinfo: 46 bytes from 44.241.174.93: icmp_seq=22674 ttl=32 time=139 ms
08-10 23:40:54.101  5222  5321 D cellinfo: 46 bytes from 44.241.174.93: icmp_seq=22675 ttl=32 time=97.9 ms
08-10 23:40:54.312  5222  5321 D cellinfo: 46 bytes from 44.241.174.93: icmp_seq=22676 ttl=32 time=107 ms
08-10 23:40:54.513  5222  5321 D cellinfo: 46 bytes from 44.241.174.93: icmp_seq=22677 ttl=32 time=107 ms
08-10 23:40:54.703  5222  5321 D cellinfo: 46 bytes from 44.241.174.93: icmp_seq=22678 ttl=32 time=97.4 ms
08-10 23:40:54.902  5222  5321 D cellinfo: 46 bytes from 44.241.174.93: icmp_seq=22679 ttl=32 time=97.1 ms
08-10 23:40:55.104  5222  5321 D cellinfo: 46 bytes from 44.241.174.93: icmp_seq=22680 ttl=32 time=96.5 ms
08-10 23:40:55.305  5222  5321 D cellinfo: 46 bytes from 44.241.174.93: icmp_seq=22681 ttl=32 time=95.8 ms
08-10 23:40:55.503  5222  5321 D cellinfo: 46 bytes from 44.241.174.93: icmp_seq=22682 ttl=32 time=95.8 ms
08-10 23:40:55.703  5222  5321 D cellinfo: 46 bytes from 44.241.174.93: icmp_seq=22683 ttl=32 time=94.2 ms
08-10 23:40:55.903  5222  5321 D cellinfo: 46 bytes from 44.241.174.93: icmp_seq=22684 ttl=32 time=93.9 ms
08-10 23:40:56.104  5222  5321 D cellinfo: 46 bytes from 44.241.174.93: icmp_seq=22685 ttl=32 time=93.6 ms
08-10 23:40:56.303  5222  5321 D cellinfo: 46 bytes from 44.241.174.93: icmp_seq=22686 ttl=32 time=92.8 ms
08-10 23:40:56.430  5222  5222 D cellinfo: onsignalStrengthsChanged: LTE Signal Strength info: rsrp: -90 rsrq: -15 rssi: -51 rssnr: 0
08-10 23:40:56.454  5222  5222 D cellinfo: Latitude is 39.7257753
08-10 23:40:56.454  5222  5222 D cellinfo: Longitude is -105.0485539
08-10 23:40:56.454  5222  5222 D cellinfo: Instantaneous GPS information: United States, 4711 W 6th Ave, Denver, CO 80204, USA
08-10 23:40:56.454  5222  5222 D cellinfo: getCurrentLocation() result: Location (success): 39.7257753, -105.0485539
08-10 23:40:56.502  5222  5321 D cellinfo: 46 bytes from 44.241.174.93: icmp_seq=22687 ttl=32 time=91.1 ms
08-10 23:40:56.502  5222  5222 D cellinfo: onCellInfoChanged: Operator: AT&T...1 UpdateTimestamp: 201129240 CellConnectionStatus: 0
08-10 23:40:56.502  5222  5222 D cellinfo: onCellInfoChanged: LTE Cell Bands: [2] Bandwidth: 2147483647 Cell ID: 97583113 Physical Cell ID: 406 Tracking Area Code: 38410 EARFCN: 700
08-10 23:40:56.703  5222  5321 D cellinfo: 46 bytes from 44.241.174.93: icmp_seq=22688 ttl=32 time=90.8 ms
08-10 23:40:56.939  5222  5321 D cellinfo: 46 bytes from 44.241.174.93: icmp_seq=22689 ttl=32 time=125 ms
08-10 23:40:57.140  5222  5321 D cellinfo: 46 bytes from 44.241.174.93: icmp_seq=22690 ttl=32 time=123 ms
08-10 23:40:57.341  5222  5321 D cellinfo: 46 bytes from 44.241.174.93: icmp_seq=22691 ttl=32 time=123 ms
08-10 23:40:57.540  5222  5321 D cellinfo: 46 bytes from 44.241.174.93: icmp_seq=22692 ttl=32 time=122 ms
08-10 23:40:57.739  5222  5321 D cellinfo: 46 bytes from 44.241.174.93: icmp_seq=22693 ttl=32 time=121 ms
08-10 23:40:57.915  5222  5321 D cellinfo: 46 bytes from 44.241.174.93: icmp_seq=22694 ttl=32 time=94.8 ms
08-10 23:40:58.140  5222  5321 D cellinfo: 46 bytes from 44.241.174.93: icmp_seq=22695 ttl=32 time=119 ms
08-10 23:40:58.340  5222  5321 D cellinfo: 46 bytes from 44.241.174.93: icmp_seq=22696 ttl=32 time=119 ms
08-10 23:40:58.539  5222  5321 D cellinfo: 46 bytes from 44.241.174.93: icmp_seq=22697 ttl=32 time=118 ms
08-10 23:40:58.741  5222  5321 D cellinfo: 46 bytes from 44.241.174.93: icmp_seq=22698 ttl=32 time=118 ms
08-10 23:40:58.940  5222  5321 D cellinfo: 46 bytes from 44.241.174.93: icmp_seq=22699 ttl=32 time=117 ms
08-10 23:40:59.140  5222  5321 D cellinfo: 46 bytes from 44.241.174.93: icmp_seq=22700 ttl=32 time=116 ms
08-10 23:40:59.349  5222  5321 D cellinfo: 46 bytes from 44.241.174.93: icmp_seq=22701 ttl=32 time=123 ms
08-10 23:40:59.431  5222  5222 D cellinfo: onsignalStrengthsChanged: LTE Signal Strength info: rsrp: -86 rsrq: -14 rssi: -51 rssnr: 3
08-10 23:40:59.452  5222  5222 D cellinfo: Latitude is 39.7257753
08-10 23:40:59.452  5222  5222 D cellinfo: Longitude is -105.0485539
08-10 23:40:59.452  5222  5222 D cellinfo: Instantaneous GPS information: United States, 4711 W 6th Ave, Denver, CO 80204, USA
08-10 23:40:59.452  5222  5222 D cellinfo: getCurrentLocation() result: Location (success): 39.7257753, -105.0485539
08-10 23:40:59.504  5222  5222 D cellinfo: onCellInfoChanged: Operator: AT&T...1 UpdateTimestamp: 201132240 CellConnectionStatus: 0
08-10 23:40:59.504  5222  5222 D cellinfo: onCellInfoChanged: LTE Cell Bands: [2] Bandwidth: 2147483647 Cell ID: 97583113 Physical Cell ID: 406 Tracking Area Code: 38410 EARFCN: 700
08-10 23:40:59.540  5222  5321 D cellinfo: 46 bytes from 44.241.174.93: icmp_seq=22702 ttl=32 time=114 ms
08-10 23:40:59.739  5222  5321 D cellinfo: 46 bytes from 44.241.174.93: icmp_seq=22703 ttl=32 time=112 ms
08-10 23:40:59.941  5222  5321 D cellinfo: 46 bytes from 44.241.174.93: icmp_seq=22704 ttl=32 time=111 ms
08-10 23:41:00.140  5222  5321 D cellinfo: 46 bytes from 44.241.174.93: icmp_seq=22705 ttl=32 time=110 ms
08-10 23:41:00.341  5222  5321 D cellinfo: 46 bytes from 44.241.174.93: icmp_seq=22706 ttl=32 time=108 ms
08-10 23:41:00.540  5222  5321 D cellinfo: 46 bytes from 44.241.174.93: icmp_seq=22707 ttl=32 time=107 ms
08-10 23:41:00.739  5222  5321 D cellinfo: 46 bytes from 44.241.174.93: icmp_seq=22708 ttl=32 time=107 ms
08-10 23:41:00.940  5222  5321 D cellinfo: 46 bytes from 44.241.174.93: icmp_seq=22709 ttl=32 time=106 ms
08-10 23:41:01.141  5222  5321 D cellinfo: 46 bytes from 44.241.174.93: icmp_seq=22710 ttl=32 time=105 ms
08-10 23:41:01.350  5222  5321 D cellinfo: 46 bytes from 44.241.174.93: icmp_seq=22711 ttl=32 time=115 ms
08-10 23:41:01.581  5222  5321 D cellinfo: 46 bytes from 44.241.174.93: icmp_seq=22712 ttl=32 time=145 ms
08-10 23:41:01.780  5222  5321 D cellinfo: 46 bytes from 44.241.174.93: icmp_seq=22713 ttl=32 time=145 ms
08-10 23:41:01.940  5222  5321 D cellinfo: 46 bytes from 44.241.174.93: icmp_seq=22714 ttl=32 time=104 ms
08-10 23:41:02.182  5222  5321 D cellinfo: 46 bytes from 44.241.174.93: icmp_seq=22715 ttl=32 time=144 ms
08-10 23:41:02.341  5222  5321 D cellinfo: 46 bytes from 44.241.174.93: icmp_seq=22716 ttl=32 time=102 ms
08-10 23:41:02.379  5222  5222 D cellinfo: onsignalStrengthsChanged: LTE Signal Strength info: rsrp: -82 rsrq: -13 rssi: -51 rssnr: 6
08-10 23:41:02.491  5222  5222 D cellinfo: onCellInfoChanged: Operator: AT&T...1 UpdateTimestamp: 201135226 CellConnectionStatus: 0
08-10 23:41:02.491  5222  5222 D cellinfo: onCellInfoChanged: LTE Cell Bands: [2] Bandwidth: 2147483647 Cell ID: 97583113 Physical Cell ID: 406 Tracking Area Code: 38410 EARFCN: 700
08-10 23:41:02.580  5222  5321 D cellinfo: 46 bytes from 44.241.174.93: icmp_seq=22717 ttl=32 time=143 ms
08-10 23:41:02.741  5222  5321 D cellinfo: 46 bytes from 44.241.174.93: icmp_seq=22718 ttl=32 time=101 ms
08-10 23:41:02.941  5222  5321 D cellinfo: 46 bytes from 44.241.174.93: icmp_seq=22719 ttl=32 time=100 ms
08-10 23:41:03.179  5222  5321 D cellinfo: 46 bytes from 44.241.174.93: icmp_seq=22720 ttl=32 time=139 ms
08-10 23:41:03.380  5222  5321 D cellinfo: 46 bytes from 44.241.174.93: icmp_seq=22721 ttl=32 time=137 ms
08-10 23:41:03.544  5222  5321 D cellinfo: 46 bytes from 44.241.174.93: icmp_seq=22722 ttl=32 time=98.1 ms
08-10 23:41:03.743  5222  5321 D cellinfo: 46 bytes from 44.241.174.93: icmp_seq=22723 ttl=32 time=95.7 ms
08-10 23:41:03.948  5222  5321 D cellinfo: 46 bytes from 44.241.174.93: icmp_seq=22724 ttl=32 time=98.5 ms
08-10 23:41:04.034  5222  5222 D cellinfo: Latitude is 39.7260675
08-10 23:41:04.034  5222  5222 D cellinfo: Longitude is -105.0511385
08-10 23:41:04.034  5222  5222 D cellinfo: Instantaneous GPS information: United States, 4801-4993 W 6th Ave N Dr, Denver, CO 80204, USA
08-10 23:41:04.034  5222  5222 D cellinfo: getCurrentLocation() result: Location (success): 39.7260675, -105.0511385
08-10 23:41:04.139  5222  5321 D cellinfo: 46 bytes from 44.241.174.93: icmp_seq=22725 ttl=32 time=89.0 ms
08-10 23:41:04.343  5222  5321 D cellinfo: 46 bytes from 44.241.174.93: icmp_seq=22726 ttl=32 time=92.7 ms
08-10 23:41:04.543  5222  5321 D cellinfo: 46 bytes from 44.241.174.93: icmp_seq=22727 ttl=32 time=93.0 ms
08-10 23:41:04.614  5222  5222 D cellinfo: onsignalStrengthsChanged: LTE Signal Strength info: rsrp: -81 rsrq: -11 rssi: -51 rssnr: 9
08-10 23:41:04.746  5222  5321 D cellinfo: 46 bytes from 44.241.174.93: icmp_seq=22728 ttl=32 time=92.9 ms
08-10 23:41:04.945  5222  5321 D cellinfo: 46 bytes from 44.241.174.93: icmp_seq=22729 ttl=32 time=91.2 ms
08-10 23:41:05.179  5222  5321 D cellinfo: 46 bytes from 44.241.174.93: icmp_seq=22730 ttl=32 time=126 ms
08-10 23:41:05.379  5222  5321 D cellinfo: 46 bytes from 44.241.174.93: icmp_seq=22731 ttl=32 time=125 ms
08-10 23:41:05.450  5222  5222 D cellinfo: Latitude is 39.7260675
08-10 23:41:05.450  5222  5222 D cellinfo: Longitude is -105.0511385
08-10 23:41:05.450  5222  5222 D cellinfo: Instantaneous GPS information: United States, 4801-4993 W 6th Ave N Dr, Denver, CO 80204, USA
08-10 23:41:05.450  5222  5222 D cellinfo: getCurrentLocation() result: Location (success): 39.7260675, -105.0511385
08-10 23:41:05.510  5222  5222 D cellinfo: onCellInfoChanged: Operator: AT&T...1 UpdateTimestamp: 201138246 CellConnectionStatus: 0
08-10 23:41:05.510  5222  5222 D cellinfo: onCellInfoChanged: LTE Cell Bands: [2] Bandwidth: 2147483647 Cell ID: 97583113 Physical Cell ID: 406 Tracking Area Code: 38410 EARFCN: 700
08-10 23:41:05.580  5222  5321 D cellinfo: 46 bytes from 44.241.174.93: icmp_seq=22732 ttl=32 time=124 ms
08-10 23:41:05.780  5222  5321 D cellinfo: 46 bytes from 44.241.174.93: icmp_seq=22733 ttl=32 time=122 ms
08-10 23:41:05.980  5222  5321 D cellinfo: 46 bytes from 44.241.174.93: icmp_seq=22734 ttl=32 time=121 ms
08-10 23:41:06.181  5222  5321 D cellinfo: 46 bytes from 44.241.174.93: icmp_seq=22735 ttl=32 time=120 ms
08-10 23:41:06.380  5222  5321 D cellinfo: 46 bytes from 44.241.174.93: icmp_seq=22736 ttl=32 time=119 ms
08-10 23:41:06.579  5222  5321 D cellinfo: 46 bytes from 44.241.174.93: icmp_seq=22737 ttl=32 time=118 ms
08-10 23:41:06.780  5222  5321 D cellinfo: 46 bytes from 44.241.174.93: icmp_seq=22738 ttl=32 time=117 ms
08-10 23:41:06.858  5222  5222 D cellinfo: onsignalStrengthsChanged: LTE Signal Strength info: rsrp: -80 rsrq: -11 rssi: -51 rssnr: 11
08-10 23:41:06.953  5222  5321 D cellinfo: 46 bytes from 44.241.174.93: icmp_seq=22739 ttl=32 time=89.7 ms
08-10 23:41:07.163  5222  5321 D cellinfo: 46 bytes from 44.241.174.93: icmp_seq=22740 ttl=32 time=99.1 ms
08-10 23:41:07.379  5222  5321 D cellinfo: 46 bytes from 44.241.174.93: icmp_seq=22741 ttl=32 time=115 ms
08-10 23:41:07.579  5222  5321 D cellinfo: 46 bytes from 44.241.174.93: icmp_seq=22742 ttl=32 time=115 ms
08-10 23:41:07.780  5222  5321 D cellinfo: 46 bytes from 44.241.174.93: icmp_seq=22743 ttl=32 time=114 ms
08-10 23:41:07.980  5222  5321 D cellinfo: 46 bytes from 44.241.174.93: icmp_seq=22744 ttl=32 time=113 ms
08-10 23:41:08.179  5222  5321 D cellinfo: 46 bytes from 44.241.174.93: icmp_seq=22745 ttl=32 time=112 ms
08-10 23:41:08.363  5222  5321 D cellinfo: 46 bytes from 44.241.174.93: icmp_seq=22746 ttl=32 time=95.3 ms
08-10 23:41:08.434  5222  5222 D cellinfo: onsignalStrengthsChanged: LTE Signal Strength info: rsrp: -79 rsrq: -11 rssi: -51 rssnr: 12
08-10 23:41:08.451  5222  5222 D cellinfo: Latitude is 39.7260675
08-10 23:41:08.451  5222  5222 D cellinfo: Longitude is -105.0511385
08-10 23:41:08.451  5222  5222 D cellinfo: Instantaneous GPS information: United States, 4801-4993 W 6th Ave N Dr, Denver, CO 80204, USA
08-10 23:41:08.451  5222  5222 D cellinfo: getCurrentLocation() result: Location (success): 39.7260675, -105.0511385
08-10 23:41:08.506  5222  5222 D cellinfo: onCellInfoChanged: Operator: AT&T...1 UpdateTimestamp: 201141242 CellConnectionStatus: 0
08-10 23:41:08.506  5222  5222 D cellinfo: onCellInfoChanged: LTE Cell Bands: [2] Bandwidth: 2147483647 Cell ID: 97583113 Physical Cell ID: 406 Tracking Area Code: 38410 EARFCN: 700
08-10 23:41:08.581  5222  5321 D cellinfo: 46 bytes from 44.241.174.93: icmp_seq=22747 ttl=32 time=111 ms
08-10 23:41:08.780  5222  5321 D cellinfo: 46 bytes from 44.241.174.93: icmp_seq=22748 ttl=32 time=110 ms
08-10 23:41:09.021  5222  5321 D cellinfo: 46 bytes from 44.241.174.93: icmp_seq=22749 ttl=32 time=148 ms
08-10 23:41:09.180  5222  5321 D cellinfo: 46 bytes from 44.241.174.93: icmp_seq=22750 ttl=32 time=108 ms
08-10 23:41:09.421  5222  5321 D cellinfo: 46 bytes from 44.241.174.93: icmp_seq=22751 ttl=32 time=147 ms
08-10 23:41:09.580  5222  5321 D cellinfo: 46 bytes from 44.241.174.93: icmp_seq=22752 ttl=32 time=107 ms
08-10 23:41:09.859  5222  5321 D cellinfo: 46 bytes from 44.241.174.93: icmp_seq=22753 ttl=32 time=186 ms
08-10 23:41:10.021  5222  5321 D cellinfo: 46 bytes from 44.241.174.93: icmp_seq=22754 ttl=32 time=145 ms
08-10 23:41:10.180  5222  5321 D cellinfo: 46 bytes from 44.241.174.93: icmp_seq=22755 ttl=32 time=105 ms
08-10 23:41:10.380  5222  5321 D cellinfo: 46 bytes from 44.241.174.93: icmp_seq=22756 ttl=32 time=104 ms
08-10 23:41:10.661  5222  5321 D cellinfo: 46 bytes from 44.241.174.93: icmp_seq=22757 ttl=32 time=184 ms
08-10 23:41:10.821  5222  5321 D cellinfo: 46 bytes from 44.241.174.93: icmp_seq=22758 ttl=32 time=143 ms
08-10 23:41:10.981  5222  5321 D cellinfo: 46 bytes from 44.241.174.93: icmp_seq=22759 ttl=32 time=102 ms
08-10 23:41:11.179  5222  5321 D cellinfo: 46 bytes from 44.241.174.93: icmp_seq=22760 ttl=32 time=101 ms
08-10 23:41:11.380  5222  5321 D cellinfo: 46 bytes from 44.241.174.93: icmp_seq=22761 ttl=32 time=101 ms
08-10 23:41:11.449  5222  5222 D cellinfo: Latitude is 39.7260675
08-10 23:41:11.450  5222  5222 D cellinfo: Longitude is -105.0511385
08-10 23:41:11.450  5222  5222 D cellinfo: Instantaneous GPS information: United States, 4801-4993 W 6th Ave N Dr, Denver, CO 80204, USA
08-10 23:41:11.450  5222  5222 D cellinfo: getCurrentLocation() result: Location (success): 39.7260675, -105.0511385
08-10 23:41:11.516  5222  5222 D cellinfo: onCellInfoChanged: Operator: AT&T...1 UpdateTimestamp: 201144250 CellConnectionStatus: 0
08-10 23:41:11.516  5222  5222 D cellinfo: onCellInfoChanged: LTE Cell Bands: [2] Bandwidth: 2147483647 Cell ID: 97583113 Physical Cell ID: 406 Tracking Area Code: 38410 EARFCN: 700
08-10 23:41:11.578  5222  5321 D cellinfo: 46 bytes from 44.241.174.93: icmp_seq=22762 ttl=32 time=99.8 ms
08-10 23:41:11.780  5222  5321 D cellinfo: 46 bytes from 44.241.174.93: icmp_seq=22763 ttl=32 time=100 ms
08-10 23:41:11.981  5222  5321 D cellinfo: 46 bytes from 44.241.174.93: icmp_seq=22764 ttl=32 time=99.5 ms
08-10 23:41:12.181  5222  5321 D cellinfo: 46 bytes from 44.241.174.93: icmp_seq=22765 ttl=32 time=99.2 ms
08-10 23:41:12.380  5222  5321 D cellinfo: 46 bytes from 44.241.174.93: icmp_seq=22766 ttl=32 time=99.1 ms
08-10 23:41:12.580  5222  5321 D cellinfo: 46 bytes from 44.241.174.93: icmp_seq=22767 ttl=32 time=98.2 ms
08-10 23:41:12.785  5222  5321 D cellinfo: 46 bytes from 44.241.174.93: icmp_seq=22768 ttl=32 time=100 ms
08-10 23:41:12.983  5222  5321 D cellinfo: 46 bytes from 44.241.174.93: icmp_seq=22769 ttl=32 time=99.1 ms
08-10 23:41:13.184  5222  5321 D cellinfo: 46 bytes from 44.241.174.93: icmp_seq=22770 ttl=32 time=97.7 ms
08-10 23:41:13.384  5222  5321 D cellinfo: 46 bytes from 44.241.174.93: icmp_seq=22771 ttl=32 time=96.6 ms
08-10 23:41:13.584  5222  5321 D cellinfo: 46 bytes from 44.241.174.93: icmp_seq=22772 ttl=32 time=95.5 ms
08-10 23:41:13.784  5222  5321 D cellinfo: 46 bytes from 44.241.174.93: icmp_seq=22773 ttl=32 time=95.1 ms
08-10 23:41:13.984  5222  5321 D cellinfo: 46 bytes from 44.241.174.93: icmp_seq=22774 ttl=32 time=94.3 ms
08-10 23:41:14.184  5222  5321 D cellinfo: 46 bytes from 44.241.174.93: icmp_seq=22775 ttl=32 time=92.5 ms
08-10 23:41:14.384  5222  5321 D cellinfo: 46 bytes from 44.241.174.93: icmp_seq=22776 ttl=32 time=92.1 ms
08-10 23:41:14.486  5222  5222 D cellinfo: onCellInfoChanged: Operator: AT&T...1 UpdateTimestamp: 201147223 CellConnectionStatus: 0
08-10 23:41:14.486  5222  5222 D cellinfo: onCellInfoChanged: LTE Cell Bands: [2] Bandwidth: 2147483647 Cell ID: 97583113 Physical Cell ID: 406 Tracking Area Code: 38410 EARFCN: 700
08-10 23:41:14.583  5222  5321 D cellinfo: 46 bytes from 44.241.174.93: icmp_seq=22777 ttl=32 time=91.1 ms
08-10 23:41:14.784  5222  5321 D cellinfo: 46 bytes from 44.241.174.93: icmp_seq=22778 ttl=32 time=90.5 ms
08-10 23:41:15.021  5222  5321 D cellinfo: 46 bytes from 44.241.174.93: icmp_seq=22779 ttl=32 time=127 ms
08-10 23:41:15.185  5222  5321 D cellinfo: 46 bytes from 44.241.174.93: icmp_seq=22780 ttl=32 time=93.0 ms
08-10 23:41:15.420  5222  5321 D cellinfo: 46 bytes from 44.241.174.93: icmp_seq=22781 ttl=32 time=126 ms
08-10 23:41:15.701  5222  5321 D cellinfo: 46 bytes from 44.241.174.93: icmp_seq=22782 ttl=32 time=206 ms
08-10 23:41:15.794  5222  5321 D cellinfo: 46 bytes from 44.241.174.93: icmp_seq=22783 ttl=32 time=91.4 ms
08-10 23:41:15.994  5222  5321 D cellinfo: 46 bytes from 44.241.174.93: icmp_seq=22784 ttl=32 time=89.9 ms
08-10 23:41:16.204  5222  5321 D cellinfo: 46 bytes from 44.241.174.93: icmp_seq=22785 ttl=32 time=97.3 ms
08-10 23:41:16.264  5222  5222 D cellinfo: Latitude is 39.7260506
08-10 23:41:16.264  5222  5222 D cellinfo: Longitude is -105.0529845
08-10 23:41:16.264  5222  5222 D cellinfo: Instantaneous GPS information: United States, 5199 W 6th Ave, Denver, CO 80204, USA
08-10 23:41:16.264  5222  5222 D cellinfo: getCurrentLocation() result: Location (success): 39.7260506, -105.0529845
08-10 23:41:16.267  5222  5222 D cellinfo: onsignalStrengthsChanged: LTE Signal Strength info: rsrp: -75 rsrq: -10 rssi: -51 rssnr: 15
08-10 23:41:16.404  5222  5321 D cellinfo: 46 bytes from 44.241.174.93: icmp_seq=22786 ttl=32 time=98.9 ms
08-10 23:41:16.620  5222  5321 D cellinfo: 46 bytes from 44.241.174.93: icmp_seq=22787 ttl=32 time=114 ms
08-10 23:41:16.820  5222  5321 D cellinfo: 46 bytes from 44.241.174.93: icmp_seq=22788 ttl=32 time=114 ms
08-10 23:41:17.020  5222  5321 D cellinfo: 46 bytes from 44.241.174.93: icmp_seq=22789 ttl=32 time=112 ms
08-10 23:41:17.219  5222  5321 D cellinfo: 46 bytes from 44.241.174.93: icmp_seq=22790 ttl=32 time=113 ms
08-10 23:41:17.419  5222  5321 D cellinfo: 46 bytes from 44.241.174.93: icmp_seq=22791 ttl=32 time=112 ms
08-10 23:41:17.446  5222  5222 D cellinfo: Latitude is 39.7260506
08-10 23:41:17.446  5222  5222 D cellinfo: Longitude is -105.0529845
08-10 23:41:17.446  5222  5222 D cellinfo: Instantaneous GPS information: United States, 5199 W 6th Ave, Denver, CO 80204, USA
08-10 23:41:17.446  5222  5222 D cellinfo: getCurrentLocation() result: Location (success): 39.7260506, -105.0529845
08-10 23:41:17.505  5222  5222 D cellinfo: onCellInfoChanged: Operator: AT&T...1 UpdateTimestamp: 201150241 CellConnectionStatus: 0
08-10 23:41:17.505  5222  5222 D cellinfo: onCellInfoChanged: LTE Cell Bands: [2] Bandwidth: 2147483647 Cell ID: 97583113 Physical Cell ID: 406 Tracking Area Code: 38410 EARFCN: 700
08-10 23:41:17.621  5222  5321 D cellinfo: 46 bytes from 44.241.174.93: icmp_seq=22792 ttl=32 time=111 ms
08-10 23:41:17.820  5222  5321 D cellinfo: 46 bytes from 44.241.174.93: icmp_seq=22793 ttl=32 time=110 ms
08-10 23:41:18.020  5222  5321 D cellinfo: 46 bytes from 44.241.174.93: icmp_seq=22794 ttl=32 time=109 ms
08-10 23:41:18.056  5222  5222 D cellinfo: onsignalStrengthsChanged: LTE Signal Strength info: rsrp: -74 rsrq: -10 rssi: -51 rssnr: 17
08-10 23:41:18.220  5222  5321 D cellinfo: 46 bytes from 44.241.174.93: icmp_seq=22795 ttl=32 time=109 ms
08-10 23:41:18.419  5222  5321 D cellinfo: 46 bytes from 44.241.174.93: icmp_seq=22796 ttl=32 time=109 ms
08-10 23:41:18.619  5222  5321 D cellinfo: 46 bytes from 44.241.174.93: icmp_seq=22797 ttl=32 time=107 ms
08-10 23:41:18.859  5222  5321 D cellinfo: 46 bytes from 44.241.174.93: icmp_seq=22798 ttl=32 time=146 ms
08-10 23:41:19.019  5222  5321 D cellinfo: 46 bytes from 44.241.174.93: icmp_seq=22799 ttl=32 time=105 ms
08-10 23:41:19.220  5222  5321 D cellinfo: 46 bytes from 44.241.174.93: icmp_seq=22800 ttl=32 time=104 ms
08-10 23:41:19.420  5222  5321 D cellinfo: 46 bytes from 44.241.174.93: icmp_seq=22801 ttl=32 time=103 ms
08-10 23:41:19.661  5222  5321 D cellinfo: 46 bytes from 44.241.174.93: icmp_seq=22802 ttl=32 time=142 ms
08-10 23:41:19.820  5222  5321 D cellinfo: 46 bytes from 44.241.174.93: icmp_seq=22803 ttl=32 time=103 ms
08-10 23:41:20.019  5222  5321 D cellinfo: 46 bytes from 44.241.174.93: icmp_seq=22804 ttl=32 time=101 ms
08-10 23:41:20.220  5222  5321 D cellinfo: 46 bytes from 44.241.174.93: icmp_seq=22805 ttl=32 time=100 ms
08-10 23:41:20.420  5222  5321 D cellinfo: 46 bytes from 44.241.174.93: icmp_seq=22806 ttl=32 time=99.2 ms
08-10 23:41:20.433  5222  5222 D cellinfo: onsignalStrengthsChanged: LTE Signal Strength info: rsrp: -75 rsrq: -10 rssi: -51 rssnr: 17
08-10 23:41:20.459  5222  5222 D cellinfo: Latitude is 39.7260506
08-10 23:41:20.459  5222  5222 D cellinfo: Longitude is -105.0529845
08-10 23:41:20.459  5222  5222 D cellinfo: Instantaneous GPS information: United States, 5199 W 6th Ave, Denver, CO 80204, USA
08-10 23:41:20.459  5222  5222 D cellinfo: getCurrentLocation() result: Location (success): 39.7260506, -105.0529845
08-10 23:41:20.500  5222  5222 D cellinfo: onCellInfoChanged: Operator: AT&T...1 UpdateTimestamp: 201153234 CellConnectionStatus: 0
08-10 23:41:20.500  5222  5222 D cellinfo: onCellInfoChanged: LTE Cell Bands: [2] Bandwidth: 2147483647 Cell ID: 97583113 Physical Cell ID: 406 Tracking Area Code: 38410 EARFCN: 700
08-10 23:41:20.619  5222  5321 D cellinfo: 46 bytes from 44.241.174.93: icmp_seq=22807 ttl=32 time=98.6 ms
08-10 23:41:20.899  5222  5321 D cellinfo: 46 bytes from 44.241.174.93: icmp_seq=22808 ttl=32 time=177 ms
08-10 23:41:21.020  5222  5321 D cellinfo: 46 bytes from 44.241.174.93: icmp_seq=22809 ttl=32 time=97.8 ms
08-10 23:41:21.220  5222  5321 D cellinfo: 46 bytes from 44.241.174.93: icmp_seq=22810 ttl=32 time=97.7 ms
08-10 23:41:21.424  5222  5321 D cellinfo: 46 bytes from 44.241.174.93: icmp_seq=22811 ttl=32 time=99.5 ms
08-10 23:41:21.623  5222  5321 D cellinfo: 46 bytes from 44.241.174.93: icmp_seq=22812 ttl=32 time=98.8 ms
08-10 23:41:21.904  5222  5321 D cellinfo: 46 bytes from 44.241.174.93: icmp_seq=22813 ttl=32 time=178 ms
08-10 23:41:22.023  5222  5321 D cellinfo: 46 bytes from 44.241.174.93: icmp_seq=22814 ttl=32 time=97.6 ms
08-10 23:41:22.224  5222  5321 D cellinfo: 46 bytes from 44.241.174.93: icmp_seq=22815 ttl=32 time=98.2 ms
08-10 23:41:22.423  5222  5321 D cellinfo: 46 bytes from 44.241.174.93: icmp_seq=22816 ttl=32 time=96.1 ms
08-10 23:41:22.625  5222  5321 D cellinfo: 46 bytes from 44.241.174.93: icmp_seq=22817 ttl=32 time=97.8 ms
08-10 23:41:22.822  5222  5321 D cellinfo: 46 bytes from 44.241.174.93: icmp_seq=22818 ttl=32 time=94.6 ms
08-10 23:41:23.023  5222  5321 D cellinfo: 46 bytes from 44.241.174.93: icmp_seq=22819 ttl=32 time=93.5 ms
08-10 23:41:23.223  5222  5321 D cellinfo: 46 bytes from 44.241.174.93: icmp_seq=22820 ttl=32 time=94.1 ms
08-10 23:41:23.450  5222  5222 D cellinfo: Latitude is 39.7260506
08-10 23:41:23.450  5222  5222 D cellinfo: Longitude is -105.0529845
08-10 23:41:23.450  5222  5222 D cellinfo: Instantaneous GPS information: United States, 5199 W 6th Ave, Denver, CO 80204, USA
08-10 23:41:23.450  5222  5222 D cellinfo: getCurrentLocation() result: Location (success): 39.7260506, -105.0529845
08-10 23:41:23.460  5222  5321 D cellinfo: 46 bytes from 44.241.174.93: icmp_seq=22821 ttl=32 time=130 ms
08-10 23:41:23.507  5222  5222 D cellinfo: onCellInfoChanged: Operator: AT&T...1 UpdateTimestamp: 201156243 CellConnectionStatus: 0
08-10 23:41:23.507  5222  5222 D cellinfo: onCellInfoChanged: LTE Cell Bands: [2] Bandwidth: 2147483647 Cell ID: 97583113 Physical Cell ID: 406 Tracking Area Code: 38410 EARFCN: 700
08-10 23:41:23.624  5222  5321 D cellinfo: 46 bytes from 44.241.174.93: icmp_seq=22822 ttl=32 time=93.7 ms
08-10 23:41:23.825  5222  5321 D cellinfo: 46 bytes from 44.241.174.93: icmp_seq=22823 ttl=32 time=93.4 ms
08-10 23:41:24.024  5222  5321 D cellinfo: 46 bytes from 44.241.174.93: icmp_seq=22824 ttl=32 time=91.4 ms
08-10 23:41:24.224  5222  5321 D cellinfo: 46 bytes from 44.241.174.93: icmp_seq=22825 ttl=32 time=92.1 ms
08-10 23:41:24.424  5222  5321 D cellinfo: 46 bytes from 44.241.174.93: icmp_seq=22826 ttl=32 time=91.3 ms
08-10 23:41:24.661  5222  5321 D cellinfo: 46 bytes from 44.241.174.93: icmp_seq=22827 ttl=32 time=128 ms
08-10 23:41:24.861  5222  5321 D cellinfo: 46 bytes from 44.241.174.93: icmp_seq=22828 ttl=32 time=129 ms
08-10 23:41:25.062  5222  5321 D cellinfo: 46 bytes from 44.241.174.93: icmp_seq=22829 ttl=32 time=128 ms
08-10 23:41:25.261  5222  5321 D cellinfo: 46 bytes from 44.241.174.93: icmp_seq=22830 ttl=32 time=128 ms
08-10 23:41:25.460  5222  5321 D cellinfo: 46 bytes from 44.241.174.93: icmp_seq=22831 ttl=32 time=127 ms
08-10 23:41:25.663  5222  5321 D cellinfo: 46 bytes from 44.241.174.93: icmp_seq=22832 ttl=32 time=127 ms
08-10 23:41:25.860  5222  5321 D cellinfo: 46 bytes from 44.241.174.93: icmp_seq=22833 ttl=32 time=125 ms
08-10 23:41:26.060  5222  5321 D cellinfo: 46 bytes from 44.241.174.93: icmp_seq=22834 ttl=32 time=124 ms
08-10 23:41:26.262  5222  5321 D cellinfo: 46 bytes from 44.241.174.93: icmp_seq=22835 ttl=32 time=125 ms
08-10 23:41:26.461  5222  5321 D cellinfo: 46 bytes from 44.241.174.93: icmp_seq=22836 ttl=32 time=124 ms
08-10 23:41:26.498  5222  5222 D cellinfo: onCellInfoChanged: Operator: AT&T...1 UpdateTimestamp: 201159231 CellConnectionStatus: 0
08-10 23:41:26.498  5222  5222 D cellinfo: onCellInfoChanged: LTE Cell Bands: [2] Bandwidth: 2147483647 Cell ID: 97583113 Physical Cell ID: 406 Tracking Area Code: 38410 EARFCN: 700
08-10 23:41:26.660  5222  5321 D cellinfo: 46 bytes from 44.241.174.93: icmp_seq=22837 ttl=32 time=122 ms
08-10 23:41:26.861  5222  5321 D cellinfo: 46 bytes from 44.241.174.93: icmp_seq=22838 ttl=32 time=120 ms
08-10 23:41:27.027  5222  5222 D cellinfo: onsignalStrengthsChanged: LTE Signal Strength info: rsrp: -77 rsrq: -10 rssi: -51 rssnr: 14
08-10 23:41:27.059  5222  5321 D cellinfo: 46 bytes from 44.241.174.93: icmp_seq=22839 ttl=32 time=119 ms
08-10 23:41:27.260  5222  5321 D cellinfo: 46 bytes from 44.241.174.93: icmp_seq=22840 ttl=32 time=119 ms
08-10 23:41:27.461  5222  5321 D cellinfo: 46 bytes from 44.241.174.93: icmp_seq=22841 ttl=32 time=118 ms
08-10 23:41:27.643  5222  5321 D cellinfo: 46 bytes from 44.241.174.93: icmp_seq=22842 ttl=32 time=100 ms
08-10 23:41:27.843  5222  5321 D cellinfo: 46 bytes from 44.241.174.93: icmp_seq=22843 ttl=32 time=98.1 ms
08-10 23:41:28.061  5222  5321 D cellinfo: 46 bytes from 44.241.174.93: icmp_seq=22844 ttl=32 time=113 ms
08-10 23:41:28.127  5222  5222 D cellinfo: Latitude is 39.7260058
08-10 23:41:28.127  5222  5222 D cellinfo: Longitude is -105.0529221
08-10 23:41:28.127  5222  5222 D cellinfo: Instantaneous GPS information: United States, 5199 W 6th Ave, Denver, CO 80204, USA
08-10 23:41:28.127  5222  5222 D cellinfo: getCurrentLocation() result: Location (success): 39.7260058, -105.0529221
08-10 23:41:28.244  5222  5321 D cellinfo: 46 bytes from 44.241.174.93: icmp_seq=22845 ttl=32 time=97.9 ms
08-10 23:41:28.460  5222  5321 D cellinfo: 46 bytes from 44.241.174.93: icmp_seq=22846 ttl=32 time=113 ms
08-10 23:41:28.661  5222  5321 D cellinfo: 46 bytes from 44.241.174.93: icmp_seq=22847 ttl=32 time=112 ms
08-10 23:41:28.861  5222  5321 D cellinfo: 46 bytes from 44.241.174.93: icmp_seq=22848 ttl=32 time=113 ms
08-10 23:41:29.061  5222  5321 D cellinfo: 46 bytes from 44.241.174.93: icmp_seq=22849 ttl=32 time=111 ms
08-10 23:41:29.260  5222  5321 D cellinfo: 46 bytes from 44.241.174.93: icmp_seq=22850 ttl=32 time=111 ms
08-10 23:41:29.448  5222  5222 D cellinfo: Latitude is 39.7260058
08-10 23:41:29.448  5222  5222 D cellinfo: Longitude is -105.0529221
08-10 23:41:29.448  5222  5222 D cellinfo: Instantaneous GPS information: United States, 5199 W 6th Ave, Denver, CO 80204, USA
08-10 23:41:29.448  5222  5222 D cellinfo: getCurrentLocation() result: Location (success): 39.7260058, -105.0529221
08-10 23:41:29.459  5222  5321 D cellinfo: 46 bytes from 44.241.174.93: icmp_seq=22851 ttl=32 time=110 ms
08-10 23:41:29.504  5222  5222 D cellinfo: onCellInfoChanged: Operator: AT&T...1 UpdateTimestamp: 201162239 CellConnectionStatus: 0
08-10 23:41:29.504  5222  5222 D cellinfo: onCellInfoChanged: LTE Cell Bands: [2] Bandwidth: 2147483647 Cell ID: 97583113 Physical Cell ID: 406 Tracking Area Code: 38410 EARFCN: 700
08-10 23:41:29.660  5222  5321 D cellinfo: 46 bytes from 44.241.174.93: icmp_seq=22852 ttl=32 time=110 ms
08-10 23:41:29.860  5222  5321 D cellinfo: 46 bytes from 44.241.174.93: icmp_seq=22853 ttl=32 time=109 ms
08-10 23:41:30.060  5222  5321 D cellinfo: 46 bytes from 44.241.174.93: icmp_seq=22854 ttl=32 time=107 ms
08-10 23:41:30.260  5222  5321 D cellinfo: 46 bytes from 44.241.174.93: icmp_seq=22855 ttl=32 time=106 ms
08-10 23:41:30.460  5222  5321 D cellinfo: 46 bytes from 44.241.174.93: icmp_seq=22856 ttl=32 time=104 ms
08-10 23:41:30.660  5222  5321 D cellinfo: 46 bytes from 44.241.174.93: icmp_seq=22857 ttl=32 time=103 ms
08-10 23:41:30.860  5222  5321 D cellinfo: 46 bytes from 44.241.174.93: icmp_seq=22858 ttl=32 time=101 ms
08-10 23:41:31.060  5222  5321 D cellinfo: 46 bytes from 44.241.174.93: icmp_seq=22859 ttl=32 time=100 ms
08-10 23:41:31.259  5222  5321 D cellinfo: 46 bytes from 44.241.174.93: icmp_seq=22860 ttl=32 time=99.9 ms
08-10 23:41:31.460  5222  5321 D cellinfo: 46 bytes from 44.241.174.93: icmp_seq=22861 ttl=32 time=99.4 ms
08-10 23:41:31.660  5222  5321 D cellinfo: 46 bytes from 44.241.174.93: icmp_seq=22862 ttl=32 time=98.7 ms
08-10 23:41:31.861  5222  5321 D cellinfo: 46 bytes from 44.241.174.93: icmp_seq=22863 ttl=32 time=98.6 ms
08-10 23:41:32.060  5222  5321 D cellinfo: 46 bytes from 44.241.174.93: icmp_seq=22864 ttl=32 time=97.4 ms
08-10 23:41:32.259  5222  5321 D cellinfo: 46 bytes from 44.241.174.93: icmp_seq=22865 ttl=32 time=98.2 ms
08-10 23:41:32.448  5222  5222 D cellinfo: Latitude is 39.7260058
08-10 23:41:32.448  5222  5222 D cellinfo: Longitude is -105.0529221
08-10 23:41:32.448  5222  5222 D cellinfo: Instantaneous GPS information: United States, 5199 W 6th Ave, Denver, CO 80204, USA
08-10 23:41:32.448  5222  5222 D cellinfo: getCurrentLocation() result: Location (success): 39.7260058, -105.0529221
08-10 23:41:32.459  5222  5321 D cellinfo: 46 bytes from 44.241.174.93: icmp_seq=22866 ttl=32 time=97.7 ms
08-10 23:41:32.504  5222  5222 D cellinfo: onCellInfoChanged: Operator: AT&T...1 UpdateTimestamp: 201165239 CellConnectionStatus: 0
08-10 23:41:32.504  5222  5222 D cellinfo: onCellInfoChanged: LTE Cell Bands: [2] Bandwidth: 2147483647 Cell ID: 97583113 Physical Cell ID: 406 Tracking Area Code: 38410 EARFCN: 700
08-10 23:41:32.659  5222  5321 D cellinfo: 46 bytes from 44.241.174.93: icmp_seq=22867 ttl=32 time=97.8 ms
08-10 23:41:32.860  5222  5321 D cellinfo: 46 bytes from 44.241.174.93: icmp_seq=22868 ttl=32 time=97.1 ms
08-10 23:41:33.063  5222  5321 D cellinfo: 46 bytes from 44.241.174.93: icmp_seq=22869 ttl=32 time=99.5 ms
08-10 23:41:33.260  5222  5321 D cellinfo: 46 bytes from 44.241.174.93: icmp_seq=22870 ttl=32 time=97.3 ms
08-10 23:41:33.501  5222  5321 D cellinfo: 46 bytes from 44.241.174.93: icmp_seq=22871 ttl=32 time=136 ms
08-10 23:41:33.701  5222  5321 D cellinfo: 46 bytes from 44.241.174.93: icmp_seq=22872 ttl=32 time=135 ms
08-10 23:41:33.865  5222  5321 D cellinfo: 46 bytes from 44.241.174.93: icmp_seq=22873 ttl=32 time=98.6 ms
08-10 23:41:34.064  5222  5321 D cellinfo: 46 bytes from 44.241.174.93: icmp_seq=22874 ttl=32 time=95.7 ms
08-10 23:41:34.301  5222  5321 D cellinfo: 46 bytes from 44.241.174.93: icmp_seq=22875 ttl=32 time=133 ms
08-10 23:41:34.501  5222  5321 D cellinfo: 46 bytes from 44.241.174.93: icmp_seq=22876 ttl=32 time=131 ms
08-10 23:41:34.665  5222  5321 D cellinfo: 46 bytes from 44.241.174.93: icmp_seq=22877 ttl=32 time=94.3 ms
08-10 23:41:34.863  5222  5321 D cellinfo: 46 bytes from 44.241.174.93: icmp_seq=22878 ttl=32 time=92.6 ms
08-10 23:41:35.064  5222  5321 D cellinfo: 46 bytes from 44.241.174.93: icmp_seq=22879 ttl=32 time=91.5 ms
08-10 23:41:35.265  5222  5321 D cellinfo: 46 bytes from 44.241.174.93: icmp_seq=22880 ttl=32 time=93.1 ms
08-10 23:41:35.447  5222  5222 D cellinfo: Latitude is 39.7260058
08-10 23:41:35.447  5222  5222 D cellinfo: Longitude is -105.0529221
08-10 23:41:35.447  5222  5222 D cellinfo: Instantaneous GPS information: United States, 5199 W 6th Ave, Denver, CO 80204, USA
08-10 23:41:35.447  5222  5222 D cellinfo: getCurrentLocation() result: Location (success): 39.7260058, -105.0529221
08-10 23:41:35.463  5222  5321 D cellinfo: 46 bytes from 44.241.174.93: icmp_seq=22881 ttl=32 time=91.6 ms
08-10 23:41:35.502  5222  5222 D cellinfo: onCellInfoChanged: Operator: AT&T...1 UpdateTimestamp: 201168237 CellConnectionStatus: 0
08-10 23:41:35.502  5222  5222 D cellinfo: onCellInfoChanged: LTE Cell Bands: [2] Bandwidth: 2147483647 Cell ID: 97583113 Physical Cell ID: 406 Tracking Area Code: 38410 EARFCN: 700
08-10 23:41:35.665  5222  5321 D cellinfo: 46 bytes from 44.241.174.93: icmp_seq=22882 ttl=32 time=92.6 ms
08-10 23:41:35.871  5222  5321 D cellinfo: 46 bytes from 44.241.174.93: icmp_seq=22883 ttl=32 time=99.4 ms
08-10 23:41:35.997  5222  5222 D cellinfo: onsignalStrengthsChanged: LTE Signal Strength info: rsrp: -76 rsrq: -10 rssi: -51 rssnr: 15
08-10 23:41:36.064  5222  5321 D cellinfo: 46 bytes from 44.241.174.93: icmp_seq=22884 ttl=32 time=90.6 ms
08-10 23:41:36.302  5222  5321 D cellinfo: 46 bytes from 44.241.174.93: icmp_seq=22885 ttl=32 time=127 ms
08-10 23:41:36.500  5222  5321 D cellinfo: 46 bytes from 44.241.174.93: icmp_seq=22886 ttl=32 time=127 ms
08-10 23:41:36.703  5222  5321 D cellinfo: 46 bytes from 44.241.174.93: icmp_seq=22887 ttl=32 time=127 ms
08-10 23:41:36.901  5222  5321 D cellinfo: 46 bytes from 44.241.174.93: icmp_seq=22888 ttl=32 time=125 ms
08-10 23:41:37.102  5222  5321 D cellinfo: 46 bytes from 44.241.174.93: icmp_seq=22889 ttl=32 time=125 ms
08-10 23:41:37.301  5222  5321 D cellinfo: 46 bytes from 44.241.174.93: icmp_seq=22890 ttl=32 time=125 ms
08-10 23:41:37.501  5222  5321 D cellinfo: 46 bytes from 44.241.174.93: icmp_seq=22891 ttl=32 time=125 ms
08-10 23:41:37.700  5222  5321 D cellinfo: 46 bytes from 44.241.174.93: icmp_seq=22892 ttl=32 time=125 ms
08-10 23:41:37.900  5222  5321 D cellinfo: 46 bytes from 44.241.174.93: icmp_seq=22893 ttl=32 time=123 ms
08-10 23:41:38.101  5222  5321 D cellinfo: 46 bytes from 44.241.174.93: icmp_seq=22894 ttl=32 time=123 ms
08-10 23:41:38.300  5222  5321 D cellinfo: 46 bytes from 44.241.174.93: icmp_seq=22895 ttl=32 time=123 ms
08-10 23:41:38.498  5222  5222 D cellinfo: onCellInfoChanged: Operator: AT&T...1 UpdateTimestamp: 201171232 CellConnectionStatus: 0
08-10 23:41:38.498  5222  5222 D cellinfo: onCellInfoChanged: LTE Cell Bands: [2] Bandwidth: 2147483647 Cell ID: 97583113 Physical Cell ID: 406 Tracking Area Code: 38410 EARFCN: 700
08-10 23:41:38.501  5222  5321 D cellinfo: 46 bytes from 44.241.174.93: icmp_seq=22896 ttl=32 time=123 ms
08-10 23:41:38.700  5222  5321 D cellinfo: 46 bytes from 44.241.174.93: icmp_seq=22897 ttl=32 time=121 ms
08-10 23:41:38.900  5222  5321 D cellinfo: 46 bytes from 44.241.174.93: icmp_seq=22898 ttl=32 time=120 ms
08-10 23:41:39.102  5222  5321 D cellinfo: 46 bytes from 44.241.174.93: icmp_seq=22899 ttl=32 time=120 ms
08-10 23:41:39.301  5222  5321 D cellinfo: 46 bytes from 44.241.174.93: icmp_seq=22900 ttl=32 time=120 ms
08-10 23:41:39.500  5222  5321 D cellinfo: 46 bytes from 44.241.174.93: icmp_seq=22901 ttl=32 time=119 ms
08-10 23:41:39.674  5222  5321 D cellinfo: 46 bytes from 44.241.174.93: icmp_seq=22902 ttl=32 time=91.0 ms
08-10 23:41:39.883  5222  5321 D cellinfo: 46 bytes from 44.241.174.93: icmp_seq=22903 ttl=32 time=99.3 ms
08-10 23:41:40.102  5222  5321 D cellinfo: 46 bytes from 44.241.174.93: icmp_seq=22904 ttl=32 time=114 ms
08-10 23:41:40.184  5222  5222 D cellinfo: Latitude is 39.7260791
08-10 23:41:40.184  5222  5222 D cellinfo: Longitude is -105.0530158
08-10 23:41:40.184  5222  5222 D cellinfo: Instantaneous GPS information: United States, 5199 W 6th Ave, Denver, CO 80204, USA
