08-10 22:07:16.481 30393 30493 D cellinfo: 46 bytes from 44.241.174.93: icmp_seq=2439 ttl=32 time=98.1 ms
08-10 22:07:16.708 30393 30493 D cellinfo: 46 bytes from 44.241.174.93: icmp_seq=2440 ttl=32 time=122 ms
08-10 22:07:16.908 30393 30493 D cellinfo: 46 bytes from 44.241.174.93: icmp_seq=2441 ttl=32 time=121 ms
08-10 22:07:17.108 30393 30493 D cellinfo: 46 bytes from 44.241.174.93: icmp_seq=2442 ttl=32 time=121 ms
08-10 22:07:17.308 30393 30493 D cellinfo: 46 bytes from 44.241.174.93: icmp_seq=2443 ttl=32 time=121 ms
08-10 22:07:17.508 30393 30493 D cellinfo: 46 bytes from 44.241.174.93: icmp_seq=2444 ttl=32 time=120 ms
08-10 22:07:17.632 30393 30393 D cellinfo: Latitude is 40.8937711
08-10 22:07:17.632 30393 30393 D cellinfo: Longitude is -105.2929049
08-10 22:07:17.632 30393 30393 D cellinfo: Instantaneous GPS information: United States, 26787-26279 US-287, Livermore, CO 80536, USA
08-10 22:07:17.632 30393 30393 D cellinfo: getCurrentLocation() result: Location (success): 40.8937711, -105.2929049
08-10 22:07:17.680 30393 30393 D cellinfo: onCellInfoChanged: Operator: AT&T UpdateTimestamp: 195510417 CellConnectionStatus: 0
08-10 22:07:17.680 30393 30393 D cellinfo: onCellInfoChanged: LTE Cell Bands: [2] Bandwidth: 2147483647 Cell ID: 98109193 Physical Cell ID: 266 Tracking Area Code: 38403 EARFCN: 1075
08-10 22:07:17.707 30393 30493 D cellinfo: 46 bytes from 44.241.174.93: icmp_seq=2445 ttl=32 time=120 ms
08-10 22:07:17.947 30393 30493 D cellinfo: 46 bytes from 44.241.174.93: icmp_seq=2446 ttl=32 time=159 ms
08-10 22:07:18.107 30393 30493 D cellinfo: 46 bytes from 44.241.174.93: icmp_seq=2447 ttl=32 time=118 ms
08-10 22:07:18.308 30393 30493 D cellinfo: 46 bytes from 44.241.174.93: icmp_seq=2448 ttl=32 time=118 ms
08-10 22:07:18.479 30393 30393 D cellinfo: onsignalStrengthsChanged: LTE Signal Strength info: rsrp: -94 rsrq: -8 rssi: -63 rssnr: 21
08-10 22:07:18.508 30393 30493 D cellinfo: 46 bytes from 44.241.174.93: icmp_seq=2449 ttl=32 time=117 ms
08-10 22:07:18.708 30393 30493 D cellinfo: 46 bytes from 44.241.174.93: icmp_seq=2450 ttl=32 time=116 ms
08-10 22:07:18.908 30393 30493 D cellinfo: 46 bytes from 44.241.174.93: icmp_seq=2451 ttl=32 time=115 ms
08-10 22:07:19.108 30393 30493 D cellinfo: 46 bytes from 44.241.174.93: icmp_seq=2452 ttl=32 time=114 ms
08-10 22:07:19.308 30393 30493 D cellinfo: 46 bytes from 44.241.174.93: icmp_seq=2453 ttl=32 time=115 ms
08-10 22:07:19.508 30393 30493 D cellinfo: 46 bytes from 44.241.174.93: icmp_seq=2454 ttl=32 time=115 ms
08-10 22:07:19.708 30393 30493 D cellinfo: 46 bytes from 44.241.174.93: icmp_seq=2455 ttl=32 time=112 ms
08-10 22:07:19.908 30393 30493 D cellinfo: 46 bytes from 44.241.174.93: icmp_seq=2456 ttl=32 time=112 ms
08-10 22:07:20.108 30393 30493 D cellinfo: 46 bytes from 44.241.174.93: icmp_seq=2457 ttl=32 time=112 ms
08-10 22:07:20.307 30393 30493 D cellinfo: 46 bytes from 44.241.174.93: icmp_seq=2458 ttl=32 time=111 ms
08-10 22:07:20.508 30393 30493 D cellinfo: 46 bytes from 44.241.174.93: icmp_seq=2459 ttl=32 time=111 ms
08-10 22:07:20.630 30393 30393 D cellinfo: Latitude is 40.8937711
08-10 22:07:20.630 30393 30393 D cellinfo: Longitude is -105.2929049
08-10 22:07:20.630 30393 30393 D cellinfo: Instantaneous GPS information: United States, 26787-26279 US-287, Livermore, CO 80536, USA
08-10 22:07:20.630 30393 30393 D cellinfo: getCurrentLocation() result: Location (success): 40.8937711, -105.2929049
08-10 22:07:20.680 30393 30393 D cellinfo: onCellInfoChanged: Operator: AT&T UpdateTimestamp: 195513416 CellConnectionStatus: 0
08-10 22:07:20.680 30393 30393 D cellinfo: onCellInfoChanged: LTE Cell Bands: [2] Bandwidth: 2147483647 Cell ID: 98109193 Physical Cell ID: 266 Tracking Area Code: 38403 EARFCN: 1075
08-10 22:07:20.706 30393 30493 D cellinfo: 46 bytes from 44.241.174.93: icmp_seq=2460 ttl=32 time=110 ms
08-10 22:07:20.907 30393 30493 D cellinfo: 46 bytes from 44.241.174.93: icmp_seq=2461 ttl=32 time=109 ms
08-10 22:07:21.107 30393 30493 D cellinfo: 46 bytes from 44.241.174.93: icmp_seq=2462 ttl=32 time=108 ms
08-10 22:07:21.307 30393 30493 D cellinfo: 46 bytes from 44.241.174.93: icmp_seq=2463 ttl=32 time=108 ms
08-10 22:07:21.507 30393 30493 D cellinfo: 46 bytes from 44.241.174.93: icmp_seq=2464 ttl=32 time=108 ms
08-10 22:07:21.707 30393 30493 D cellinfo: 46 bytes from 44.241.174.93: icmp_seq=2465 ttl=32 time=107 ms
08-10 22:07:21.947 30393 30493 D cellinfo: 46 bytes from 44.241.174.93: icmp_seq=2466 ttl=32 time=146 ms
08-10 22:07:22.107 30393 30493 D cellinfo: 46 bytes from 44.241.174.93: icmp_seq=2467 ttl=32 time=106 ms
08-10 22:07:22.310 30393 30493 D cellinfo: 46 bytes from 44.241.174.93: icmp_seq=2468 ttl=32 time=108 ms
08-10 22:07:22.509 30393 30493 D cellinfo: 46 bytes from 44.241.174.93: icmp_seq=2469 ttl=32 time=107 ms
08-10 22:07:22.709 30393 30493 D cellinfo: 46 bytes from 44.241.174.93: icmp_seq=2470 ttl=32 time=106 ms
08-10 22:07:22.908 30393 30493 D cellinfo: 46 bytes from 44.241.174.93: icmp_seq=2471 ttl=32 time=105 ms
08-10 22:07:23.147 30393 30493 D cellinfo: 46 bytes from 44.241.174.93: icmp_seq=2472 ttl=32 time=143 ms
08-10 22:07:23.308 30393 30493 D cellinfo: 46 bytes from 44.241.174.93: icmp_seq=2473 ttl=32 time=103 ms
08-10 22:07:23.546 30393 30493 D cellinfo: 46 bytes from 44.241.174.93: icmp_seq=2474 ttl=32 time=140 ms
08-10 22:07:23.630 30393 30393 D cellinfo: Latitude is 40.8937711
08-10 22:07:23.630 30393 30393 D cellinfo: Longitude is -105.2929049
08-10 22:07:23.630 30393 30393 D cellinfo: Instantaneous GPS information: United States, 26787-26279 US-287, Livermore, CO 80536, USA
08-10 22:07:23.630 30393 30393 D cellinfo: getCurrentLocation() result: Location (success): 40.8937711, -105.2929049
08-10 22:07:23.706 30393 30493 D cellinfo: 46 bytes from 44.241.174.93: icmp_seq=2475 ttl=32 time=99.8 ms
08-10 22:07:23.745 30393 30393 D cellinfo: onCellInfoChanged: Operator: AT&T UpdateTimestamp: 195516477 CellConnectionStatus: 0
08-10 22:07:23.745 30393 30393 D cellinfo: onCellInfoChanged: LTE Cell Bands: [2] Bandwidth: 2147483647 Cell ID: 98109193 Physical Cell ID: 266 Tracking Area Code: 38403 EARFCN: 1075
08-10 22:07:23.907 30393 30493 D cellinfo: 46 bytes from 44.241.174.93: icmp_seq=2476 ttl=32 time=99.2 ms
08-10 22:07:23.959 30393 30393 D cellinfo: onsignalStrengthsChanged: LTE Signal Strength info: rsrp: -91 rsrq: -8 rssi: -67 rssnr: 21
08-10 22:07:24.107 30393 30493 D cellinfo: 46 bytes from 44.241.174.93: icmp_seq=2477 ttl=32 time=98.0 ms
08-10 22:07:24.346 30393 30493 D cellinfo: 46 bytes from 44.241.174.93: icmp_seq=2478 ttl=32 time=137 ms
08-10 22:07:24.509 30393 30493 D cellinfo: 46 bytes from 44.241.174.93: icmp_seq=2479 ttl=32 time=99.0 ms
08-10 22:07:24.711 30393 30493 D cellinfo: 46 bytes from 44.241.174.93: icmp_seq=2480 ttl=32 time=97.9 ms
08-10 22:07:24.911 30393 30493 D cellinfo: 46 bytes from 44.241.174.93: icmp_seq=2481 ttl=32 time=97.2 ms
08-10 22:07:25.109 30393 30493 D cellinfo: 46 bytes from 44.241.174.93: icmp_seq=2482 ttl=32 time=96.7 ms
08-10 22:07:25.195 30393 30393 D cellinfo: onsignalStrengthsChanged: LTE Signal Strength info: rsrp: -91 rsrq: -8 rssi: -65 rssnr: 20
08-10 22:07:25.311 30393 30493 D cellinfo: 46 bytes from 44.241.174.93: icmp_seq=2483 ttl=32 time=95.8 ms
08-10 22:07:25.509 30393 30493 D cellinfo: 46 bytes from 44.241.174.93: icmp_seq=2484 ttl=32 time=93.9 ms
08-10 22:07:25.711 30393 30493 D cellinfo: 46 bytes from 44.241.174.93: icmp_seq=2485 ttl=32 time=93.6 ms
08-10 22:07:25.909 30393 30493 D cellinfo: 46 bytes from 44.241.174.93: icmp_seq=2486 ttl=32 time=91.5 ms
08-10 22:07:26.148 30393 30493 D cellinfo: 46 bytes from 44.241.174.93: icmp_seq=2487 ttl=32 time=127 ms
08-10 22:07:26.348 30393 30493 D cellinfo: 46 bytes from 44.241.174.93: icmp_seq=2488 ttl=32 time=126 ms
08-10 22:07:26.546 30393 30493 D cellinfo: 46 bytes from 44.241.174.93: icmp_seq=2489 ttl=32 time=124 ms
08-10 22:07:26.674 30393 30393 D cellinfo: onCellInfoChanged: Operator: AT&T UpdateTimestamp: 195519409 CellConnectionStatus: 0
08-10 22:07:26.674 30393 30393 D cellinfo: onCellInfoChanged: LTE Cell Bands: [2] Bandwidth: 2147483647 Cell ID: 98109193 Physical Cell ID: 266 Tracking Area Code: 38403 EARFCN: 1075
08-10 22:07:26.747 30393 30493 D cellinfo: 46 bytes from 44.241.174.93: icmp_seq=2490 ttl=32 time=124 ms
08-10 22:07:26.947 30393 30493 D cellinfo: 46 bytes from 44.241.174.93: icmp_seq=2491 ttl=32 time=123 ms
08-10 22:07:26.962 30393 30393 D cellinfo: onsignalStrengthsChanged: LTE Signal Strength info: rsrp: -91 rsrq: -8 rssi: -65 rssnr: 19
08-10 22:07:27.148 30393 30493 D cellinfo: 46 bytes from 44.241.174.93: icmp_seq=2492 ttl=32 time=122 ms
08-10 22:07:27.348 30393 30493 D cellinfo: 46 bytes from 44.241.174.93: icmp_seq=2493 ttl=32 time=121 ms
08-10 22:07:27.437 30393 30393 D cellinfo: onsignalStrengthsChanged: LTE Signal Strength info: rsrp: -91 rsrq: -8 rssi: -63 rssnr: 17
08-10 22:07:27.554 30393 30493 D cellinfo: 46 bytes from 44.241.174.93: icmp_seq=2494 ttl=32 time=127 ms
08-10 22:07:27.745 30393 30493 D cellinfo: 46 bytes from 44.241.174.93: icmp_seq=2495 ttl=32 time=118 ms
08-10 22:07:27.931 30393 30493 D cellinfo: 46 bytes from 44.241.174.93: icmp_seq=2496 ttl=32 time=100 ms
08-10 22:07:28.130 30393 30493 D cellinfo: 46 bytes from 44.241.174.93: icmp_seq=2497 ttl=32 time=97.3 ms
08-10 22:07:28.313 30393 30393 D cellinfo: Latitude is 40.8910823
08-10 22:07:28.313 30393 30393 D cellinfo: Longitude is -105.2894801
08-10 22:07:28.313 30393 30393 D cellinfo: Instantaneous GPS information: United States, 26310 US-287, Livermore, CO 80536, USA
08-10 22:07:28.313 30393 30393 D cellinfo: getCurrentLocation() result: Location (success): 40.8910823, -105.2894801
08-10 22:07:28.346 30393 30493 D cellinfo: 46 bytes from 44.241.174.93: icmp_seq=2498 ttl=32 time=113 ms
08-10 22:07:28.548 30393 30493 D cellinfo: 46 bytes from 44.241.174.93: icmp_seq=2499 ttl=32 time=113 ms
08-10 22:07:28.747 30393 30493 D cellinfo: 46 bytes from 44.241.174.93: icmp_seq=2500 ttl=32 time=112 ms
08-10 22:07:28.948 30393 30493 D cellinfo: 46 bytes from 44.241.174.93: icmp_seq=2501 ttl=32 time=109 ms
08-10 22:07:29.148 30393 30493 D cellinfo: 46 bytes from 44.241.174.93: icmp_seq=2502 ttl=32 time=109 ms
08-10 22:07:29.387 30393 30493 D cellinfo: 46 bytes from 44.241.174.93: icmp_seq=2503 ttl=32 time=148 ms
08-10 22:07:29.548 30393 30493 D cellinfo: 46 bytes from 44.241.174.93: icmp_seq=2504 ttl=32 time=108 ms
08-10 22:07:29.624 30393 30393 D cellinfo: Latitude is 40.8910823
08-10 22:07:29.624 30393 30393 D cellinfo: Longitude is -105.2894801
08-10 22:07:29.624 30393 30393 D cellinfo: Instantaneous GPS information: United States, 26310 US-287, Livermore, CO 80536, USA
08-10 22:07:29.624 30393 30393 D cellinfo: getCurrentLocation() result: Location (success): 40.8910823, -105.2894801
08-10 22:07:29.672 30393 30393 D cellinfo: onsignalStrengthsChanged: LTE Signal Strength info: rsrp: -91 rsrq: -8 rssi: -67 rssnr: 16
08-10 22:07:29.748 30393 30493 D cellinfo: 46 bytes from 44.241.174.93: icmp_seq=2505 ttl=32 time=106 ms
08-10 22:07:29.948 30393 30493 D cellinfo: 46 bytes from 44.241.174.93: icmp_seq=2506 ttl=32 time=105 ms
08-10 22:07:29.973 30393 30393 D cellinfo: onCellInfoChanged: Operator: AT&T UpdateTimestamp: 195522703 CellConnectionStatus: 0
08-10 22:07:29.973 30393 30393 D cellinfo: onCellInfoChanged: LTE Cell Bands: [2] Bandwidth: 2147483647 Cell ID: 98109193 Physical Cell ID: 266 Tracking Area Code: 38403 EARFCN: 1075
08-10 22:07:30.149 30393 30493 D cellinfo: 46 bytes from 44.241.174.93: icmp_seq=2507 ttl=32 time=105 ms
08-10 22:07:30.347 30393 30493 D cellinfo: 46 bytes from 44.241.174.93: icmp_seq=2508 ttl=32 time=104 ms
08-10 22:07:30.548 30393 30493 D cellinfo: 46 bytes from 44.241.174.93: icmp_seq=2509 ttl=32 time=103 ms
08-10 22:07:30.787 30393 30493 D cellinfo: 46 bytes from 44.241.174.93: icmp_seq=2510 ttl=32 time=143 ms
08-10 22:07:30.949 30393 30493 D cellinfo: 46 bytes from 44.241.174.93: icmp_seq=2511 ttl=32 time=103 ms
08-10 22:07:31.154 30393 30493 D cellinfo: 46 bytes from 44.241.174.93: icmp_seq=2512 ttl=32 time=109 ms
08-10 22:07:31.354 30393 30493 D cellinfo: 46 bytes from 44.241.174.93: icmp_seq=2513 ttl=32 time=109 ms
08-10 22:07:31.548 30393 30493 D cellinfo: 46 bytes from 44.241.174.93: icmp_seq=2514 ttl=32 time=100 ms
08-10 22:07:31.748 30393 30493 D cellinfo: 46 bytes from 44.241.174.93: icmp_seq=2515 ttl=32 time=99.1 ms
08-10 22:07:31.917 30393 30393 D cellinfo: onsignalStrengthsChanged: LTE Signal Strength info: rsrp: -92 rsrq: -8 rssi: -69 rssnr: 13
08-10 22:07:31.948 30393 30493 D cellinfo: 46 bytes from 44.241.174.93: icmp_seq=2516 ttl=32 time=97.3 ms
08-10 22:07:32.151 30393 30493 D cellinfo: 46 bytes from 44.241.174.93: icmp_seq=2517 ttl=32 time=98.8 ms
08-10 22:07:32.351 30393 30493 D cellinfo: 46 bytes from 44.241.174.93: icmp_seq=2518 ttl=32 time=99.9 ms
08-10 22:07:32.586 30393 30493 D cellinfo: 46 bytes from 44.241.174.93: icmp_seq=2519 ttl=32 time=134 ms
08-10 22:07:32.629 30393 30393 D cellinfo: Latitude is 40.8910823
08-10 22:07:32.629 30393 30393 D cellinfo: Longitude is -105.2894801
08-10 22:07:32.629 30393 30393 D cellinfo: Instantaneous GPS information: United States, 26310 US-287, Livermore, CO 80536, USA
08-10 22:07:32.629 30393 30393 D cellinfo: getCurrentLocation() result: Location (success): 40.8910823, -105.2894801
08-10 22:07:32.680 30393 30393 D cellinfo: onCellInfoChanged: Operator: AT&T UpdateTimestamp: 195525417 CellConnectionStatus: 0
08-10 22:07:32.680 30393 30393 D cellinfo: onCellInfoChanged: LTE Cell Bands: [2] Bandwidth: 2147483647 Cell ID: 98109193 Physical Cell ID: 266 Tracking Area Code: 38403 EARFCN: 1075
08-10 22:07:32.751 30393 30493 D cellinfo: 46 bytes from 44.241.174.93: icmp_seq=2520 ttl=32 time=97.5 ms
08-10 22:07:32.951 30393 30493 D cellinfo: 46 bytes from 44.241.174.93: icmp_seq=2521 ttl=32 time=97.2 ms
08-10 22:07:33.150 30393 30493 D cellinfo: 46 bytes from 44.241.174.93: icmp_seq=2522 ttl=32 time=96.4 ms
08-10 22:07:33.387 30393 30493 D cellinfo: 46 bytes from 44.241.174.93: icmp_seq=2523 ttl=32 time=132 ms
08-10 22:07:33.551 30393 30493 D cellinfo: 46 bytes from 44.241.174.93: icmp_seq=2524 ttl=32 time=96.3 ms
08-10 22:07:33.751 30393 30493 D cellinfo: 46 bytes from 44.241.174.93: icmp_seq=2525 ttl=32 time=94.0 ms
08-10 22:07:33.951 30393 30493 D cellinfo: 46 bytes from 44.241.174.93: icmp_seq=2526 ttl=32 time=94.7 ms
08-10 22:07:34.150 30393 30493 D cellinfo: 46 bytes from 44.241.174.93: icmp_seq=2527 ttl=32 time=92.6 ms
08-10 22:07:34.168 30393 30393 D cellinfo: onsignalStrengthsChanged: LTE Signal Strength info: rsrp: -94 rsrq: -9 rssi: -71 rssnr: 11
08-10 22:07:34.350 30393 30493 D cellinfo: 46 bytes from 44.241.174.93: icmp_seq=2528 ttl=32 time=91.8 ms
08-10 22:07:34.587 30393 30493 D cellinfo: 46 bytes from 44.241.174.93: icmp_seq=2529 ttl=32 time=128 ms
08-10 22:07:34.786 30393 30493 D cellinfo: 46 bytes from 44.241.174.93: icmp_seq=2530 ttl=32 time=127 ms
08-10 22:07:34.987 30393 30493 D cellinfo: 46 bytes from 44.241.174.93: icmp_seq=2531 ttl=32 time=127 ms
08-10 22:07:35.187 30393 30493 D cellinfo: 46 bytes from 44.241.174.93: icmp_seq=2532 ttl=32 time=127 ms
08-10 22:07:35.386 30393 30493 D cellinfo: 46 bytes from 44.241.174.93: icmp_seq=2533 ttl=32 time=124 ms
08-10 22:07:35.586 30393 30493 D cellinfo: 46 bytes from 44.241.174.93: icmp_seq=2534 ttl=32 time=122 ms
08-10 22:07:35.631 30393 30393 D cellinfo: Latitude is 40.8910823
08-10 22:07:35.631 30393 30393 D cellinfo: Longitude is -105.2894801
08-10 22:07:35.631 30393 30393 D cellinfo: Instantaneous GPS information: United States, 26310 US-287, Livermore, CO 80536, USA
08-10 22:07:35.631 30393 30393 D cellinfo: getCurrentLocation() result: Location (success): 40.8910823, -105.2894801
08-10 22:07:35.679 30393 30393 D cellinfo: onCellInfoChanged: Operator: AT&T UpdateTimestamp: 195528414 CellConnectionStatus: 0
08-10 22:07:35.679 30393 30393 D cellinfo: onCellInfoChanged: LTE Cell Bands: [2] Bandwidth: 2147483647 Cell ID: 98109193 Physical Cell ID: 266 Tracking Area Code: 38403 EARFCN: 1075
08-10 22:07:35.787 30393 30493 D cellinfo: 46 bytes from 44.241.174.93: icmp_seq=2535 ttl=32 time=123 ms
08-10 22:07:35.986 30393 30493 D cellinfo: 46 bytes from 44.241.174.93: icmp_seq=2536 ttl=32 time=121 ms
08-10 22:07:36.186 30393 30493 D cellinfo: 46 bytes from 44.241.174.93: icmp_seq=2537 ttl=32 time=121 ms
08-10 22:07:36.395 30393 30493 D cellinfo: 46 bytes from 44.241.174.93: icmp_seq=2538 ttl=32 time=128 ms
08-10 22:07:36.587 30393 30493 D cellinfo: 46 bytes from 44.241.174.93: icmp_seq=2539 ttl=32 time=118 ms
08-10 22:07:36.828 30393 30493 D cellinfo: 46 bytes from 44.241.174.93: icmp_seq=2540 ttl=32 time=157 ms
08-10 22:07:36.988 30393 30493 D cellinfo: 46 bytes from 44.241.174.93: icmp_seq=2541 ttl=32 time=117 ms
08-10 22:07:37.186 30393 30493 D cellinfo: 46 bytes from 44.241.174.93: icmp_seq=2542 ttl=32 time=116 ms
08-10 22:07:37.386 30393 30493 D cellinfo: 46 bytes from 44.241.174.93: icmp_seq=2543 ttl=32 time=115 ms
08-10 22:07:37.586 30393 30493 D cellinfo: 46 bytes from 44.241.174.93: icmp_seq=2544 ttl=32 time=115 ms
08-10 22:07:37.787 30393 30493 D cellinfo: 46 bytes from 44.241.174.93: icmp_seq=2545 ttl=32 time=114 ms
08-10 22:07:37.987 30393 30493 D cellinfo: 46 bytes from 44.241.174.93: icmp_seq=2546 ttl=32 time=113 ms
08-10 22:07:38.187 30393 30493 D cellinfo: 46 bytes from 44.241.174.93: icmp_seq=2547 ttl=32 time=112 ms
08-10 22:07:38.387 30393 30493 D cellinfo: 46 bytes from 44.241.174.93: icmp_seq=2548 ttl=32 time=111 ms
08-10 22:07:38.587 30393 30493 D cellinfo: 46 bytes from 44.241.174.93: icmp_seq=2549 ttl=32 time=109 ms
08-10 22:07:38.647 30393 30393 D cellinfo: onsignalStrengthsChanged: LTE Signal Strength info: rsrp: -96 rsrq: -10 rssi: -71 rssnr: 8
08-10 22:07:38.674 30393 30393 D cellinfo: onCellInfoChanged: Operator: AT&T UpdateTimestamp: 195531410 CellConnectionStatus: 0
08-10 22:07:38.674 30393 30393 D cellinfo: onCellInfoChanged: LTE Cell Bands: [2] Bandwidth: 2147483647 Cell ID: 98109193 Physical Cell ID: 266 Tracking Area Code: 38403 EARFCN: 1075
08-10 22:07:38.786 30393 30493 D cellinfo: 46 bytes from 44.241.174.93: icmp_seq=2550 ttl=32 time=108 ms
08-10 22:07:38.986 30393 30493 D cellinfo: 46 bytes from 44.241.174.93: icmp_seq=2551 ttl=32 time=107 ms
08-10 22:07:39.229 30393 30493 D cellinfo: 46 bytes from 44.241.174.93: icmp_seq=2552 ttl=32 time=146 ms
08-10 22:07:39.393 30393 30493 D cellinfo: 46 bytes from 44.241.174.93: icmp_seq=2553 ttl=32 time=112 ms
08-10 22:07:39.588 30393 30493 D cellinfo: 46 bytes from 44.241.174.93: icmp_seq=2554 ttl=32 time=105 ms
08-10 22:07:39.801 30393 30493 D cellinfo: 46 bytes from 44.241.174.93: icmp_seq=2555 ttl=32 time=118 ms
08-10 22:07:39.971 30393 30493 D cellinfo: 46 bytes from 44.241.174.93: icmp_seq=2556 ttl=32 time=85.4 ms
08-10 22:07:40.188 30393 30493 D cellinfo: 46 bytes from 44.241.174.93: icmp_seq=2557 ttl=32 time=100 ms
08-10 22:07:40.309 30393 30393 D cellinfo: Latitude is 40.8883451
08-10 22:07:40.309 30393 30393 D cellinfo: Longitude is -105.2860734
08-10 22:07:40.309 30393 30393 D cellinfo: Instantaneous GPS information: United States, 26277-26001 US-287, Livermore, CO 80536, USA
08-10 22:07:40.309 30393 30393 D cellinfo: getCurrentLocation() result: Location (success): 40.8883451, -105.2860734
08-10 22:07:40.386 30393 30493 D cellinfo: 46 bytes from 44.241.174.93: icmp_seq=2558 ttl=32 time=98.0 ms
08-10 22:07:40.645 30393 30493 D cellinfo: 46 bytes from 44.241.174.93: icmp_seq=2559 ttl=32 time=153 ms
08-10 22:07:40.711 30393 30393 D cellinfo: onCellInfoChanged: Operator: AT&T UpdateTimestamp: 195533444 CellConnectionStatus: 0
08-10 22:07:40.711 30393 30393 D cellinfo: onCellInfoChanged: LTE Cell Bands: [2] Bandwidth: 2147483647 Cell ID: 98081034 Physical Cell ID: 390 Tracking Area Code: 38403 EARFCN: 1075
08-10 22:07:40.746 30393 30393 D cellinfo: onServiceStateChanged: Channel Number: 1075 Cell Bandwidths: []
08-10 22:07:40.780 30393 30493 D cellinfo: 46 bytes from 44.241.174.93: icmp_seq=2560 ttl=32 time=88.2 ms
08-10 22:07:41.017 30393 30493 D cellinfo: 46 bytes from 44.241.174.93: icmp_seq=2561 ttl=32 time=123 ms
08-10 22:07:41.216 30393 30493 D cellinfo: 46 bytes from 44.241.174.93: icmp_seq=2562 ttl=32 time=123 ms
08-10 22:07:41.416 30393 30493 D cellinfo: 46 bytes from 44.241.174.93: icmp_seq=2563 ttl=32 time=121 ms
08-10 22:07:41.616 30393 30493 D cellinfo: 46 bytes from 44.241.174.93: icmp_seq=2564 ttl=32 time=121 ms
08-10 22:07:41.636 30393 30393 D cellinfo: Latitude is 40.8883451
08-10 22:07:41.636 30393 30393 D cellinfo: Longitude is -105.2860734
08-10 22:07:41.636 30393 30393 D cellinfo: Instantaneous GPS information: United States, 26277-26001 US-287, Livermore, CO 80536, USA
08-10 22:07:41.636 30393 30393 D cellinfo: getCurrentLocation() result: Location (success): 40.8883451, -105.2860734
08-10 22:07:41.691 30393 30393 D cellinfo: onCellInfoChanged: Operator: AT&T UpdateTimestamp: 195534425 CellConnectionStatus: 0
08-10 22:07:41.691 30393 30393 D cellinfo: onCellInfoChanged: LTE Cell Bands: [2] Bandwidth: 2147483647 Cell ID: 98081034 Physical Cell ID: 390 Tracking Area Code: 38403 EARFCN: 1075
08-10 22:07:41.817 30393 30493 D cellinfo: 46 bytes from 44.241.174.93: icmp_seq=2565 ttl=32 time=120 ms
08-10 22:07:41.965 30393 30393 D cellinfo: onsignalStrengthsChanged: LTE Signal Strength info: rsrp: -99 rsrq: -10 rssi: -69 rssnr: 8
08-10 22:07:42.018 30393 30493 D cellinfo: 46 bytes from 44.241.174.93: icmp_seq=2566 ttl=32 time=119 ms
08-10 22:07:42.257 30393 30493 D cellinfo: 46 bytes from 44.241.174.93: icmp_seq=2567 ttl=32 time=160 ms
08-10 22:07:42.417 30393 30493 D cellinfo: 46 bytes from 44.241.174.93: icmp_seq=2568 ttl=32 time=119 ms
08-10 22:07:42.616 30393 30493 D cellinfo: 46 bytes from 44.241.174.93: icmp_seq=2569 ttl=32 time=119 ms
08-10 22:07:42.817 30393 30493 D cellinfo: 46 bytes from 44.241.174.93: icmp_seq=2570 ttl=32 time=118 ms
08-10 22:07:43.018 30393 30493 D cellinfo: 46 bytes from 44.241.174.93: icmp_seq=2571 ttl=32 time=117 ms
08-10 22:07:43.217 30393 30493 D cellinfo: 46 bytes from 44.241.174.93: icmp_seq=2572 ttl=32 time=118 ms
08-10 22:07:43.419 30393 30493 D cellinfo: 46 bytes from 44.241.174.93: icmp_seq=2573 ttl=32 time=117 ms
08-10 22:07:43.618 30393 30493 D cellinfo: 46 bytes from 44.241.174.93: icmp_seq=2574 ttl=32 time=116 ms
08-10 22:07:43.780 30393 30393 D cellinfo: onCellInfoChanged: Operator: AT&T UpdateTimestamp: 195536511 CellConnectionStatus: 0
08-10 22:07:43.780 30393 30393 D cellinfo: onCellInfoChanged: LTE Cell Bands: [2] Bandwidth: 2147483647 Cell ID: 98081034 Physical Cell ID: 390 Tracking Area Code: 38403 EARFCN: 1075
08-10 22:07:43.817 30393 30493 D cellinfo: 46 bytes from 44.241.174.93: icmp_seq=2575 ttl=32 time=115 ms
08-10 22:07:44.017 30393 30493 D cellinfo: 46 bytes from 44.241.174.93: icmp_seq=2576 ttl=32 time=115 ms
08-10 22:07:44.217 30393 30493 D cellinfo: 46 bytes from 44.241.174.93: icmp_seq=2577 ttl=32 time=115 ms
08-10 22:07:44.417 30393 30493 D cellinfo: 46 bytes from 44.241.174.93: icmp_seq=2578 ttl=32 time=114 ms
08-10 22:07:44.617 30393 30493 D cellinfo: 46 bytes from 44.241.174.93: icmp_seq=2579 ttl=32 time=113 ms
08-10 22:07:44.632 30393 30393 D cellinfo: Latitude is 40.8883451
08-10 22:07:44.632 30393 30393 D cellinfo: Longitude is -105.2860734
08-10 22:07:44.632 30393 30393 D cellinfo: Instantaneous GPS information: United States, 26277-26001 US-287, Livermore, CO 80536, USA
08-10 22:07:44.632 30393 30393 D cellinfo: getCurrentLocation() result: Location (success): 40.8883451, -105.2860734
08-10 22:07:44.817 30393 30493 D cellinfo: 46 bytes from 44.241.174.93: icmp_seq=2580 ttl=32 time=112 ms
08-10 22:07:45.022 30393 30493 D cellinfo: 46 bytes from 44.241.174.93: icmp_seq=2581 ttl=32 time=114 ms
08-10 22:07:45.218 30393 30493 D cellinfo: 46 bytes from 44.241.174.93: icmp_seq=2582 ttl=32 time=111 ms
08-10 22:07:45.416 30393 30493 D cellinfo: 46 bytes from 44.241.174.93: icmp_seq=2583 ttl=32 time=109 ms
08-10 22:07:45.617 30393 30493 D cellinfo: 46 bytes from 44.241.174.93: icmp_seq=2584 ttl=32 time=108 ms
08-10 22:07:45.807 30393 30493 D cellinfo: 46 bytes from 44.241.174.93: icmp_seq=2585 ttl=32 time=97.5 ms
08-10 22:07:46.018 30393 30493 D cellinfo: 46 bytes from 44.241.174.93: icmp_seq=2586 ttl=32 time=106 ms
08-10 22:07:46.257 30393 30493 D cellinfo: 46 bytes from 44.241.174.93: icmp_seq=2587 ttl=32 time=147 ms
08-10 22:07:46.418 30393 30493 D cellinfo: 46 bytes from 44.241.174.93: icmp_seq=2588 ttl=32 time=106 ms
08-10 22:07:46.617 30393 30493 D cellinfo: 46 bytes from 44.241.174.93: icmp_seq=2589 ttl=32 time=105 ms
08-10 22:07:46.817 30393 30493 D cellinfo: 46 bytes from 44.241.174.93: icmp_seq=2590 ttl=32 time=105 ms
08-10 22:07:47.018 30393 30493 D cellinfo: 46 bytes from 44.241.174.93: icmp_seq=2591 ttl=32 time=104 ms
08-10 22:07:47.218 30393 30493 D cellinfo: 46 bytes from 44.241.174.93: icmp_seq=2592 ttl=32 time=105 ms
08-10 22:07:47.417 30393 30493 D cellinfo: 46 bytes from 44.241.174.93: icmp_seq=2593 ttl=32 time=103 ms
08-10 22:07:47.595 30393 30393 D cellinfo: onsignalStrengthsChanged: LTE Signal Strength info: rsrp: -100 rsrq: -10 rssi: -73 rssnr: 9
08-10 22:07:47.617 30393 30493 D cellinfo: 46 bytes from 44.241.174.93: icmp_seq=2594 ttl=32 time=103 ms
08-10 22:07:47.627 30393 30393 D cellinfo: Latitude is 40.8883451
08-10 22:07:47.627 30393 30393 D cellinfo: Longitude is -105.2860734
08-10 22:07:47.627 30393 30393 D cellinfo: Instantaneous GPS information: United States, 26277-26001 US-287, Livermore, CO 80536, USA
08-10 22:07:47.627 30393 30393 D cellinfo: getCurrentLocation() result: Location (success): 40.8883451, -105.2860734
08-10 22:07:47.680 30393 30393 D cellinfo: onCellInfoChanged: Operator: AT&T UpdateTimestamp: 195540416 CellConnectionStatus: 0
08-10 22:07:47.680 30393 30393 D cellinfo: onCellInfoChanged: LTE Cell Bands: [2] Bandwidth: 2147483647 Cell ID: 98081034 Physical Cell ID: 390 Tracking Area Code: 38403 EARFCN: 1075
08-10 22:07:47.817 30393 30493 D cellinfo: 46 bytes from 44.241.174.93: icmp_seq=2595 ttl=32 time=101 ms
08-10 22:07:48.016 30393 30493 D cellinfo: 46 bytes from 44.241.174.93: icmp_seq=2596 ttl=32 time=100 ms
08-10 22:07:48.217 30393 30493 D cellinfo: 46 bytes from 44.241.174.93: icmp_seq=2597 ttl=32 time=100 ms
08-10 22:07:48.418 30393 30493 D cellinfo: 46 bytes from 44.241.174.93: icmp_seq=2598 ttl=32 time=98.6 ms
08-10 22:07:48.618 30393 30493 D cellinfo: 46 bytes from 44.241.174.93: icmp_seq=2599 ttl=32 time=97.3 ms
08-10 22:07:48.820 30393 30493 D cellinfo: 46 bytes from 44.241.174.93: icmp_seq=2600 ttl=32 time=99.2 ms
08-10 22:07:49.023 30393 30493 D cellinfo: 46 bytes from 44.241.174.93: icmp_seq=2601 ttl=32 time=101 ms
08-10 22:07:49.256 30393 30493 D cellinfo: 46 bytes from 44.241.174.93: icmp_seq=2602 ttl=32 time=135 ms
08-10 22:07:49.457 30393 30493 D cellinfo: 46 bytes from 44.241.174.93: icmp_seq=2603 ttl=32 time=134 ms
08-10 22:07:49.620 30393 30493 D cellinfo: 46 bytes from 44.241.174.93: icmp_seq=2604 ttl=32 time=97.4 ms
08-10 22:07:49.820 30393 30493 D cellinfo: 46 bytes from 44.241.174.93: icmp_seq=2605 ttl=32 time=95.9 ms
08-10 22:07:49.840 30393 30393 D cellinfo: onsignalStrengthsChanged: LTE Signal Strength info: rsrp: -99 rsrq: -10 rssi: -73 rssnr: 11
08-10 22:07:50.019 30393 30493 D cellinfo: 46 bytes from 44.241.174.93: icmp_seq=2606 ttl=32 time=95.3 ms
08-10 22:07:50.221 30393 30493 D cellinfo: 46 bytes from 44.241.174.93: icmp_seq=2607 ttl=32 time=96.2 ms
08-10 22:07:50.420 30393 30493 D cellinfo: 46 bytes from 44.241.174.93: icmp_seq=2608 ttl=32 time=95.3 ms
08-10 22:07:50.619 30393 30493 D cellinfo: 46 bytes from 44.241.174.93: icmp_seq=2609 ttl=32 time=93.5 ms
08-10 22:07:50.671 30393 30393 D cellinfo: onCellInfoChanged: Operator: AT&T UpdateTimestamp: 195543407 CellConnectionStatus: 0
08-10 22:07:50.671 30393 30393 D cellinfo: onCellInfoChanged: LTE Cell Bands: [2] Bandwidth: 2147483647 Cell ID: 98081034 Physical Cell ID: 390 Tracking Area Code: 38403 EARFCN: 1075
08-10 22:07:50.819 30393 30493 D cellinfo: 46 bytes from 44.241.174.93: icmp_seq=2610 ttl=32 time=93.8 ms
08-10 22:07:50.974 30393 30393 D cellinfo: onsignalStrengthsChanged: LTE Signal Strength info: rsrp: -99 rsrq: -10 rssi: -73 rssnr: 12
08-10 22:07:51.019 30393 30493 D cellinfo: 46 bytes from 44.241.174.93: icmp_seq=2611 ttl=32 time=93.4 ms
08-10 22:07:51.221 30393 30493 D cellinfo: 46 bytes from 44.241.174.93: icmp_seq=2612 ttl=32 time=94.0 ms
08-10 22:07:51.457 30393 30493 D cellinfo: 46 bytes from 44.241.174.93: icmp_seq=2613 ttl=32 time=130 ms
08-10 22:07:51.620 30393 30493 D cellinfo: 46 bytes from 44.241.174.93: icmp_seq=2614 ttl=32 time=93.6 ms
08-10 22:07:51.821 30393 30493 D cellinfo: 46 bytes from 44.241.174.93: icmp_seq=2615 ttl=32 time=91.7 ms
08-10 22:07:52.058 30393 30493 D cellinfo: 46 bytes from 44.241.174.93: icmp_seq=2616 ttl=32 time=127 ms
08-10 22:07:52.248 30393 30493 D cellinfo: 46 bytes from 44.241.174.93: icmp_seq=2617 ttl=32 time=116 ms
08-10 22:07:52.276 30393 30393 D cellinfo: Latitude is 40.885797
08-10 22:07:52.276 30393 30393 D cellinfo: Longitude is -105.2828174
08-10 22:07:52.276 30393 30393 D cellinfo: Instantaneous GPS information: United States, 25999-25001 US-287, Livermore, CO 80536, USA
08-10 22:07:52.276 30393 30393 D cellinfo: getCurrentLocation() result: Location (success): 40.885797, -105.2828174
08-10 22:07:52.278 30393 30393 D cellinfo: onsignalStrengthsChanged: LTE Signal Strength info: rsrp: -99 rsrq: -10 rssi: -71 rssnr: 13
08-10 22:07:52.431 30393 30493 D cellinfo: 46 bytes from 44.241.174.93: icmp_seq=2618 ttl=32 time=98.8 ms
08-10 22:07:52.643 30393 30493 D cellinfo: 46 bytes from 44.241.174.93: icmp_seq=2619 ttl=32 time=109 ms
08-10 22:07:52.857 30393 30493 D cellinfo: 46 bytes from 44.241.174.93: icmp_seq=2620 ttl=32 time=121 ms
08-10 22:07:53.059 30393 30493 D cellinfo: 46 bytes from 44.241.174.93: icmp_seq=2621 ttl=32 time=122 ms
08-10 22:07:53.258 30393 30493 D cellinfo: 46 bytes from 44.241.174.93: icmp_seq=2622 ttl=32 time=120 ms
08-10 22:07:53.457 30393 30493 D cellinfo: 46 bytes from 44.241.174.93: icmp_seq=2623 ttl=32 time=120 ms
08-10 22:07:53.625 30393 30393 D cellinfo: Latitude is 40.885797
08-10 22:07:53.625 30393 30393 D cellinfo: Longitude is -105.2828174
08-10 22:07:53.625 30393 30393 D cellinfo: Instantaneous GPS information: United States, 25999-25001 US-287, Livermore, CO 80536, USA
08-10 22:07:53.625 30393 30393 D cellinfo: getCurrentLocation() result: Location (success): 40.885797, -105.2828174
08-10 22:07:53.656 30393 30493 D cellinfo: 46 bytes from 44.241.174.93: icmp_seq=2624 ttl=32 time=119 ms
08-10 22:07:53.679 30393 30393 D cellinfo: onCellInfoChanged: Operator: AT&T UpdateTimestamp: 195546413 CellConnectionStatus: 0
08-10 22:07:53.679 30393 30393 D cellinfo: onCellInfoChanged: LTE Cell Bands: [2] Bandwidth: 2147483647 Cell ID: 98081034 Physical Cell ID: 390 Tracking Area Code: 38403 EARFCN: 1075
08-10 22:07:53.858 30393 30493 D cellinfo: 46 bytes from 44.241.174.93: icmp_seq=2625 ttl=32 time=119 ms
08-10 22:07:54.056 30393 30493 D cellinfo: 46 bytes from 44.241.174.93: icmp_seq=2626 ttl=32 time=117 ms
08-10 22:07:54.257 30393 30493 D cellinfo: 46 bytes from 44.241.174.93: icmp_seq=2627 ttl=32 time=117 ms
08-10 22:07:54.317 30393 30393 D cellinfo: onsignalStrengthsChanged: LTE Signal Strength info: rsrp: -99 rsrq: -9 rssi: -69 rssnr: 14
08-10 22:07:54.456 30393 30493 D cellinfo: 46 bytes from 44.241.174.93: icmp_seq=2628 ttl=32 time=117 ms
08-10 22:07:54.656 30393 30493 D cellinfo: 46 bytes from 44.241.174.93: icmp_seq=2629 ttl=32 time=116 ms
08-10 22:07:54.857 30393 30493 D cellinfo: 46 bytes from 44.241.174.93: icmp_seq=2630 ttl=32 time=116 ms
08-10 22:07:55.058 30393 30493 D cellinfo: 46 bytes from 44.241.174.93: icmp_seq=2631 ttl=32 time=116 ms
08-10 22:07:55.262 30393 30493 D cellinfo: 46 bytes from 44.241.174.93: icmp_seq=2632 ttl=32 time=120 ms
08-10 22:07:55.457 30393 30493 D cellinfo: 46 bytes from 44.241.174.93: icmp_seq=2633 ttl=32 time=114 ms
08-10 22:07:55.656 30393 30493 D cellinfo: 46 bytes from 44.241.174.93: icmp_seq=2634 ttl=32 time=114 ms
08-10 22:07:55.856 30393 30493 D cellinfo: 46 bytes from 44.241.174.93: icmp_seq=2635 ttl=32 time=113 ms
08-10 22:07:56.057 30393 30493 D cellinfo: 46 bytes from 44.241.174.93: icmp_seq=2636 ttl=32 time=111 ms
08-10 22:07:56.256 30393 30493 D cellinfo: 46 bytes from 44.241.174.93: icmp_seq=2637 ttl=32 time=111 ms
08-10 22:07:56.497 30393 30493 D cellinfo: 46 bytes from 44.241.174.93: icmp_seq=2638 ttl=32 time=150 ms
08-10 22:07:56.557 30393 30393 D cellinfo: onsignalStrengthsChanged: LTE Signal Strength info: rsrp: -98 rsrq: -9 rssi: -69 rssnr: 15
08-10 22:07:56.629 30393 30393 D cellinfo: Latitude is 40.885797
08-10 22:07:56.629 30393 30393 D cellinfo: Longitude is -105.2828174
08-10 22:07:56.629 30393 30393 D cellinfo: Instantaneous GPS information: United States, 25999-25001 US-287, Livermore, CO 80536, USA
08-10 22:07:56.629 30393 30393 D cellinfo: getCurrentLocation() result: Location (success): 40.885797, -105.2828174
08-10 22:07:56.656 30393 30493 D cellinfo: 46 bytes from 44.241.174.93: icmp_seq=2639 ttl=32 time=110 ms
08-10 22:07:56.684 30393 30393 D cellinfo: onCellInfoChanged: Operator: AT&T UpdateTimestamp: 195549419 CellConnectionStatus: 0
08-10 22:07:56.684 30393 30393 D cellinfo: onCellInfoChanged: LTE Cell Bands: [2] Bandwidth: 2147483647 Cell ID: 98081034 Physical Cell ID: 390 Tracking Area Code: 38403 EARFCN: 1075
08-10 22:07:56.856 30393 30493 D cellinfo: 46 bytes from 44.241.174.93: icmp_seq=2640 ttl=32 time=108 ms
08-10 22:07:57.057 30393 30493 D cellinfo: 46 bytes from 44.241.174.93: icmp_seq=2641 ttl=32 time=106 ms
08-10 22:07:57.257 30393 30493 D cellinfo: 46 bytes from 44.241.174.93: icmp_seq=2642 ttl=32 time=107 ms
08-10 22:07:57.457 30393 30493 D cellinfo: 46 bytes from 44.241.174.93: icmp_seq=2643 ttl=32 time=106 ms
08-10 22:07:57.658 30393 30493 D cellinfo: 46 bytes from 44.241.174.93: icmp_seq=2644 ttl=32 time=104 ms
08-10 22:07:57.857 30393 30493 D cellinfo: 46 bytes from 44.241.174.93: icmp_seq=2645 ttl=32 time=104 ms
08-10 22:07:58.057 30393 30493 D cellinfo: 46 bytes from 44.241.174.93: icmp_seq=2646 ttl=32 time=103 ms
08-10 22:07:58.256 30393 30493 D cellinfo: 46 bytes from 44.241.174.93: icmp_seq=2647 ttl=32 time=103 ms
08-10 22:07:58.458 30393 30493 D cellinfo: 46 bytes from 44.241.174.93: icmp_seq=2648 ttl=32 time=103 ms
08-10 22:07:58.658 30393 30493 D cellinfo: 46 bytes from 44.241.174.93: icmp_seq=2649 ttl=32 time=102 ms
08-10 22:07:58.858 30393 30493 D cellinfo: 46 bytes from 44.241.174.93: icmp_seq=2650 ttl=32 time=102 ms
08-10 22:07:59.057 30393 30493 D cellinfo: 46 bytes from 44.241.174.93: icmp_seq=2651 ttl=32 time=101 ms
08-10 22:07:59.256 30393 30493 D cellinfo: 46 bytes from 44.241.174.93: icmp_seq=2652 ttl=32 time=102 ms
08-10 22:07:59.457 30393 30493 D cellinfo: 46 bytes from 44.241.174.93: icmp_seq=2653 ttl=32 time=102 ms
08-10 22:07:59.632 30393 30393 D cellinfo: Latitude is 40.885797
08-10 22:07:59.632 30393 30393 D cellinfo: Longitude is -105.2828174
08-10 22:07:59.632 30393 30393 D cellinfo: Instantaneous GPS information: United States, 25999-25001 US-287, Livermore, CO 80536, USA
08-10 22:07:59.632 30393 30393 D cellinfo: getCurrentLocation() result: Location (success): 40.885797, -105.2828174
08-10 22:07:59.656 30393 30493 D cellinfo: 46 bytes from 44.241.174.93: icmp_seq=2654 ttl=32 time=100 ms
08-10 22:07:59.679 30393 30393 D cellinfo: onCellInfoChanged: Operator: AT&T UpdateTimestamp: 195552414 CellConnectionStatus: 0
08-10 22:07:59.679 30393 30393 D cellinfo: onCellInfoChanged: LTE Cell Bands: [2] Bandwidth: 2147483647 Cell ID: 98081034 Physical Cell ID: 390 Tracking Area Code: 38403 EARFCN: 1075
08-10 22:07:59.857 30393 30493 D cellinfo: 46 bytes from 44.241.174.93: icmp_seq=2655 ttl=32 time=100 ms
08-10 22:08:00.057 30393 30493 D cellinfo: 46 bytes from 44.241.174.93: icmp_seq=2656 ttl=32 time=100 ms
08-10 22:08:00.258 30393 30493 D cellinfo: 46 bytes from 44.241.174.93: icmp_seq=2657 ttl=32 time=99.7 ms
08-10 22:08:00.449 30393 30493 D cellinfo: 46 bytes from 44.241.174.93: icmp_seq=2658 ttl=32 time=92.1 ms
08-10 22:08:00.650 30393 30493 D cellinfo: 46 bytes from 44.241.174.93: icmp_seq=2659 ttl=32 time=91.2 ms
08-10 22:08:00.858 30393 30493 D cellinfo: 46 bytes from 44.241.174.93: icmp_seq=2660 ttl=32 time=98.3 ms
08-10 22:08:01.062 30393 30493 D cellinfo: 46 bytes from 44.241.174.93: icmp_seq=2661 ttl=32 time=100 ms
08-10 22:08:01.262 30393 30493 D cellinfo: 46 bytes from 44.241.174.93: icmp_seq=2662 ttl=32 time=100 ms
08-10 22:08:01.461 30393 30493 D cellinfo: 46 bytes from 44.241.174.93: icmp_seq=2663 ttl=32 time=99.7 ms
08-10 22:08:01.697 30393 30493 D cellinfo: 46 bytes from 44.241.174.93: icmp_seq=2664 ttl=32 time=134 ms
08-10 22:08:01.898 30393 30493 D cellinfo: 46 bytes from 44.241.174.93: icmp_seq=2665 ttl=32 time=134 ms
08-10 22:08:02.063 30393 30493 D cellinfo: 46 bytes from 44.241.174.93: icmp_seq=2666 ttl=32 time=96.7 ms
08-10 22:08:02.297 30393 30493 D cellinfo: 46 bytes from 44.241.174.93: icmp_seq=2667 ttl=32 time=133 ms
08-10 22:08:02.460 30393 30493 D cellinfo: 46 bytes from 44.241.174.93: icmp_seq=2668 ttl=32 time=95.7 ms
08-10 22:08:02.659 30393 30493 D cellinfo: 46 bytes from 44.241.174.93: icmp_seq=2669 ttl=32 time=94.4 ms
08-10 22:08:02.677 30393 30393 D cellinfo: onCellInfoChanged: Operator: AT&T UpdateTimestamp: 195555413 CellConnectionStatus: 0
08-10 22:08:02.677 30393 30393 D cellinfo: onCellInfoChanged: LTE Cell Bands: [2] Bandwidth: 2147483647 Cell ID: 98081034 Physical Cell ID: 390 Tracking Area Code: 38403 EARFCN: 1075
08-10 22:08:02.861 30393 30493 D cellinfo: 46 bytes from 44.241.174.93: icmp_seq=2670 ttl=32 time=94.6 ms
08-10 22:08:02.974 30393 30393 D cellinfo: onsignalStrengthsChanged: LTE Signal Strength info: rsrp: -96 rsrq: -9 rssi: -75 rssnr: 18
08-10 22:08:03.061 30393 30493 D cellinfo: 46 bytes from 44.241.174.93: icmp_seq=2671 ttl=32 time=93.6 ms
08-10 22:08:03.259 30393 30493 D cellinfo: 46 bytes from 44.241.174.93: icmp_seq=2672 ttl=32 time=93.1 ms
08-10 22:08:03.278 30393 30393 D cellinfo: onsignalStrengthsChanged: LTE Signal Strength info: rsrp: -96 rsrq: -9 rssi: -73 rssnr: 18
08-10 22:08:03.496 30393 30493 D cellinfo: 46 bytes from 44.241.174.93: icmp_seq=2673 ttl=32 time=129 ms
08-10 22:08:03.697 30393 30493 D cellinfo: 46 bytes from 44.241.174.93: icmp_seq=2674 ttl=32 time=129 ms
08-10 22:08:03.869 30393 30493 D cellinfo: 46 bytes from 44.241.174.93: icmp_seq=2675 ttl=32 time=99.3 ms
08-10 22:08:04.061 30393 30493 D cellinfo: 46 bytes from 44.241.174.93: icmp_seq=2676 ttl=32 time=90.1 ms
08-10 22:08:04.299 30393 30493 D cellinfo: 46 bytes from 44.241.174.93: icmp_seq=2677 ttl=32 time=126 ms
08-10 22:08:04.340 30393 30393 D cellinfo: Latitude is 40.8831965
08-10 22:08:04.341 30393 30393 D cellinfo: Longitude is -105.2795326
08-10 22:08:04.341 30393 30393 D cellinfo: Instantaneous GPS information: United States, 25454 US-287, Livermore, CO 80536, USA
08-10 22:08:04.341 30393 30393 D cellinfo: getCurrentLocation() result: Location (success): 40.8831965, -105.2795326
08-10 22:08:04.493 30393 30493 D cellinfo: 46 bytes from 44.241.174.93: icmp_seq=2678 ttl=32 time=121 ms
08-10 22:08:04.671 30393 30493 D cellinfo: 46 bytes from 44.241.174.93: icmp_seq=2679 ttl=32 time=96.8 ms
08-10 22:08:04.898 30393 30493 D cellinfo: 46 bytes from 44.241.174.93: icmp_seq=2680 ttl=32 time=122 ms
08-10 22:08:05.098 30393 30493 D cellinfo: 46 bytes from 44.241.174.93: icmp_seq=2681 ttl=32 time=121 ms
08-10 22:08:05.297 30393 30493 D cellinfo: 46 bytes from 44.241.174.93: icmp_seq=2682 ttl=32 time=121 ms
08-10 22:08:05.497 30393 30493 D cellinfo: 46 bytes from 44.241.174.93: icmp_seq=2683 ttl=32 time=121 ms
08-10 22:08:05.635 30393 30393 D cellinfo: Latitude is 40.8831965
08-10 22:08:05.635 30393 30393 D cellinfo: Longitude is -105.2795326
08-10 22:08:05.635 30393 30393 D cellinfo: Instantaneous GPS information: United States, 25454 US-287, Livermore, CO 80536, USA
08-10 22:08:05.636 30393 30393 D cellinfo: getCurrentLocation() result: Location (success): 40.8831965, -105.2795326
08-10 22:08:05.680 30393 30393 D cellinfo: onCellInfoChanged: Operator: AT&T UpdateTimestamp: 195558416 CellConnectionStatus: 0
08-10 22:08:05.680 30393 30393 D cellinfo: onCellInfoChanged: LTE Cell Bands: [2] Bandwidth: 2147483647 Cell ID: 98081034 Physical Cell ID: 390 Tracking Area Code: 38403 EARFCN: 1075
08-10 22:08:05.696 30393 30493 D cellinfo: 46 bytes from 44.241.174.93: icmp_seq=2684 ttl=32 time=118 ms
08-10 22:08:05.897 30393 30493 D cellinfo: 46 bytes from 44.241.174.93: icmp_seq=2685 ttl=32 time=118 ms
08-10 22:08:06.097 30393 30493 D cellinfo: 46 bytes from 44.241.174.93: icmp_seq=2686 ttl=32 time=117 ms
08-10 22:08:06.297 30393 30493 D cellinfo: 46 bytes from 44.241.174.93: icmp_seq=2687 ttl=32 time=118 ms
08-10 22:08:06.497 30393 30493 D cellinfo: 46 bytes from 44.241.174.93: icmp_seq=2688 ttl=32 time=117 ms
08-10 22:08:06.697 30393 30493 D cellinfo: 46 bytes from 44.241.174.93: icmp_seq=2689 ttl=32 time=116 ms
08-10 22:08:06.896 30393 30493 D cellinfo: 46 bytes from 44.241.174.93: icmp_seq=2690 ttl=32 time=115 ms
08-10 22:08:07.071 30393 30493 D cellinfo: 46 bytes from 44.241.174.93: icmp_seq=2691 ttl=32 time=88.1 ms
08-10 22:08:07.296 30393 30493 D cellinfo: 46 bytes from 44.241.174.93: icmp_seq=2692 ttl=32 time=115 ms
08-10 22:08:07.496 30393 30493 D cellinfo: 46 bytes from 44.241.174.93: icmp_seq=2693 ttl=32 time=114 ms
08-10 22:08:07.697 30393 30493 D cellinfo: 46 bytes from 44.241.174.93: icmp_seq=2694 ttl=32 time=113 ms
08-10 22:08:07.758 30393 30393 D cellinfo: onsignalStrengthsChanged: LTE Signal Strength info: rsrp: -97 rsrq: -9 rssi: -69 rssnr: 19
08-10 22:08:07.897 30393 30493 D cellinfo: 46 bytes from 44.241.174.93: icmp_seq=2695 ttl=32 time=112 ms
08-10 22:08:08.102 30393 30493 D cellinfo: 46 bytes from 44.241.174.93: icmp_seq=2696 ttl=32 time=115 ms
08-10 22:08:08.296 30393 30493 D cellinfo: 46 bytes from 44.241.174.93: icmp_seq=2697 ttl=32 time=110 ms
08-10 22:08:08.497 30393 30493 D cellinfo: 46 bytes from 44.241.174.93: icmp_seq=2698 ttl=32 time=109 ms
08-10 22:08:08.631 30393 30393 D cellinfo: Latitude is 40.8831965
08-10 22:08:08.631 30393 30393 D cellinfo: Longitude is -105.2795326
08-10 22:08:08.631 30393 30393 D cellinfo: Instantaneous GPS information: United States, 25454 US-287, Livermore, CO 80536, USA
08-10 22:08:08.631 30393 30393 D cellinfo: getCurrentLocation() result: Location (success): 40.8831965, -105.2795326
08-10 22:08:08.686 30393 30393 D cellinfo: onCellInfoChanged: Operator: AT&T UpdateTimestamp: 195561423 CellConnectionStatus: 0
08-10 22:08:08.686 30393 30393 D cellinfo: onCellInfoChanged: LTE Cell Bands: [2] Bandwidth: 2147483647 Cell ID: 98081034 Physical Cell ID: 390 Tracking Area Code: 38403 EARFCN: 1075
08-10 22:08:08.696 30393 30493 D cellinfo: 46 bytes from 44.241.174.93: icmp_seq=2699 ttl=32 time=108 ms
08-10 22:08:08.897 30393 30493 D cellinfo: 46 bytes from 44.241.174.93: icmp_seq=2700 ttl=32 time=107 ms
08-10 22:08:09.097 30393 30493 D cellinfo: 46 bytes from 44.241.174.93: icmp_seq=2701 ttl=32 time=106 ms
08-10 22:08:09.337 30393 30493 D cellinfo: 46 bytes from 44.241.174.93: icmp_seq=2702 ttl=32 time=147 ms
08-10 22:08:09.496 30393 30493 D cellinfo: 46 bytes from 44.241.174.93: icmp_seq=2703 ttl=32 time=105 ms
08-10 22:08:09.696 30393 30493 D cellinfo: 46 bytes from 44.241.174.93: icmp_seq=2704 ttl=32 time=104 ms
08-10 22:08:09.896 30393 30493 D cellinfo: 46 bytes from 44.241.174.93: icmp_seq=2705 ttl=32 time=104 ms
08-10 22:08:09.993 30393 30393 D cellinfo: onsignalStrengthsChanged: LTE Signal Strength info: rsrp: -98 rsrq: -9 rssi: -71 rssnr: 19
08-10 22:08:10.096 30393 30493 D cellinfo: 46 bytes from 44.241.174.93: icmp_seq=2706 ttl=32 time=103 ms
08-10 22:08:10.296 30393 30493 D cellinfo: 46 bytes from 44.241.174.93: icmp_seq=2707 ttl=32 time=103 ms
08-10 22:08:10.498 30393 30493 D cellinfo: 46 bytes from 44.241.174.93: icmp_seq=2708 ttl=32 time=102 ms
08-10 22:08:10.698 30393 30493 D cellinfo: 46 bytes from 44.241.174.93: icmp_seq=2709 ttl=32 time=101 ms
08-10 22:08:10.898 30393 30493 D cellinfo: 46 bytes from 44.241.174.93: icmp_seq=2710 ttl=32 time=99.9 ms
08-10 22:08:11.098 30393 30493 D cellinfo: 46 bytes from 44.241.174.93: icmp_seq=2711 ttl=32 time=98.3 ms
08-10 22:08:11.298 30393 30493 D cellinfo: 46 bytes from 44.241.174.93: icmp_seq=2712 ttl=32 time=98.2 ms
08-10 22:08:11.499 30393 30493 D cellinfo: 46 bytes from 44.241.174.93: icmp_seq=2713 ttl=32 time=97.9 ms
08-10 22:08:11.628 30393 30393 D cellinfo: Latitude is 40.8831965
08-10 22:08:11.628 30393 30393 D cellinfo: Longitude is -105.2795326
08-10 22:08:11.628 30393 30393 D cellinfo: Instantaneous GPS information: United States, 25454 US-287, Livermore, CO 80536, USA
08-10 22:08:11.628 30393 30393 D cellinfo: getCurrentLocation() result: Location (success): 40.8831965, -105.2795326
08-10 22:08:11.681 30393 30393 D cellinfo: onCellInfoChanged: Operator: AT&T UpdateTimestamp: 195564415 CellConnectionStatus: 0
08-10 22:08:11.681 30393 30393 D cellinfo: onCellInfoChanged: LTE Cell Bands: [2] Bandwidth: 2147483647 Cell ID: 98081034 Physical Cell ID: 390 Tracking Area Code: 38403 EARFCN: 1075
08-10 22:08:11.700 30393 30493 D cellinfo: 46 bytes from 44.241.174.93: icmp_seq=2714 ttl=32 time=97.7 ms
08-10 22:08:11.900 30393 30493 D cellinfo: 46 bytes from 44.241.174.93: icmp_seq=2715 ttl=32 time=98.3 ms
08-10 22:08:11.984 30393 30393 D cellinfo: onsignalStrengthsChanged: LTE Signal Strength info: rsrp: -99 rsrq: -9 rssi: -75 rssnr: 19
08-10 22:08:12.101 30393 30493 D cellinfo: 46 bytes from 44.241.174.93: icmp_seq=2716 ttl=32 time=97.7 ms
08-10 22:08:12.238 30393 30393 D cellinfo: onsignalStrengthsChanged: LTE Signal Strength info: rsrp: -99 rsrq: -10 rssi: -71 rssnr: 18
08-10 22:08:12.303 30393 30493 D cellinfo: 46 bytes from 44.241.174.93: icmp_seq=2717 ttl=32 time=96.5 ms
08-10 22:08:12.499 30393 30493 D cellinfo: 46 bytes from 44.241.174.93: icmp_seq=2718 ttl=32 time=95.1 ms
08-10 22:08:12.702 30393 30493 D cellinfo: 46 bytes from 44.241.174.93: icmp_seq=2719 ttl=32 time=95.7 ms
08-10 22:08:12.900 30393 30493 D cellinfo: 46 bytes from 44.241.174.93: icmp_seq=2720 ttl=32 time=95.1 ms
08-10 22:08:13.098 30393 30493 D cellinfo: 46 bytes from 44.241.174.93: icmp_seq=2721 ttl=32 time=91.6 ms
08-10 22:08:13.299 30393 30493 D cellinfo: 46 bytes from 44.241.174.93: icmp_seq=2722 ttl=32 time=91.2 ms
08-10 22:08:13.501 30393 30493 D cellinfo: 46 bytes from 44.241.174.93: icmp_seq=2723 ttl=32 time=92.4 ms
08-10 22:08:13.736 30393 30493 D cellinfo: 46 bytes from 44.241.174.93: icmp_seq=2724 ttl=32 time=126 ms
08-10 22:08:13.937 30393 30493 D cellinfo: 46 bytes from 44.241.174.93: icmp_seq=2725 ttl=32 time=126 ms
08-10 22:08:14.137 30393 30493 D cellinfo: 46 bytes from 44.241.174.93: icmp_seq=2726 ttl=32 time=126 ms
08-10 22:08:14.336 30393 30493 D cellinfo: 46 bytes from 44.241.174.93: icmp_seq=2727 ttl=32 time=123 ms
08-10 22:08:14.523 30393 30493 D cellinfo: 46 bytes from 44.241.174.93: icmp_seq=2728 ttl=32 time=109 ms
08-10 22:08:14.670 30393 30393 D cellinfo: onCellInfoChanged: Operator: AT&T UpdateTimestamp: 195567406 CellConnectionStatus: 0
08-10 22:08:14.670 30393 30393 D cellinfo: onCellInfoChanged: LTE Cell Bands: [2] Bandwidth: 2147483647 Cell ID: 98081034 Physical Cell ID: 390 Tracking Area Code: 38403 EARFCN: 1075
08-10 22:08:14.737 30393 30493 D cellinfo: 46 bytes from 44.241.174.93: icmp_seq=2729 ttl=32 time=122 ms
08-10 22:08:14.936 30393 30493 D cellinfo: 46 bytes from 44.241.174.93: icmp_seq=2730 ttl=32 time=121 ms
08-10 22:08:15.137 30393 30493 D cellinfo: 46 bytes from 44.241.174.93: icmp_seq=2731 ttl=32 time=120 ms
08-10 22:08:15.338 30393 30493 D cellinfo: 46 bytes from 44.241.174.93: icmp_seq=2732 ttl=32 time=120 ms
08-10 22:08:15.545 30393 30493 D cellinfo: 46 bytes from 44.241.174.93: icmp_seq=2733 ttl=32 time=127 ms
08-10 22:08:15.777 30393 30493 D cellinfo: 46 bytes from 44.241.174.93: icmp_seq=2734 ttl=32 time=157 ms
08-10 22:08:15.978 30393 30493 D cellinfo: 46 bytes from 44.241.174.93: icmp_seq=2735 ttl=32 time=158 ms
08-10 22:08:16.111 30393 30493 D cellinfo: 46 bytes from 44.241.174.93: icmp_seq=2736 ttl=32 time=89.0 ms
08-10 22:08:16.426 30393 30493 D cellinfo: 46 bytes from 44.241.174.93: icmp_seq=2737 ttl=32 time=204 ms
08-10 22:08:16.426 30393 30393 D cellinfo: Latitude is 40.8805212
08-10 22:08:16.427 30393 30393 D cellinfo: Longitude is -105.2764903
08-10 22:08:16.427 30393 30393 D cellinfo: Instantaneous GPS information: United States, 25999-25001 US-287, Livermore, CO 80536, USA
08-10 22:08:16.427 30393 30393 D cellinfo: getCurrentLocation() result: Location (success): 40.8805212, -105.2764903
08-10 22:08:16.537 30393 30493 D cellinfo: 46 bytes from 44.241.174.93: icmp_seq=2738 ttl=32 time=113 ms
08-10 22:08:16.718 30393 30393 D cellinfo: onsignalStrengthsChanged: LTE Signal Strength info: rsrp: -99 rsrq: -10 rssi: -73 rssnr: 18
08-10 22:08:16.738 30393 30493 D cellinfo: 46 bytes from 44.241.174.93: icmp_seq=2739 ttl=32 time=112 ms
08-10 22:08:16.938 30393 30493 D cellinfo: 46 bytes from 44.241.174.93: icmp_seq=2740 ttl=32 time=112 ms
08-10 22:08:17.137 30393 30493 D cellinfo: 46 bytes from 44.241.174.93: icmp_seq=2741 ttl=32 time=111 ms
08-10 22:08:17.336 30393 30493 D cellinfo: 46 bytes from 44.241.174.93: icmp_seq=2742 ttl=32 time=109 ms
08-10 22:08:17.536 30393 30493 D cellinfo: 46 bytes from 44.241.174.93: icmp_seq=2743 ttl=32 time=107 ms
08-10 22:08:17.624 30393 30393 D cellinfo: Latitude is 40.8805212
08-10 22:08:17.624 30393 30393 D cellinfo: Longitude is -105.2764903
08-10 22:08:17.624 30393 30393 D cellinfo: Instantaneous GPS information: United States, 25999-25001 US-287, Livermore, CO 80536, USA
08-10 22:08:17.624 30393 30393 D cellinfo: getCurrentLocation() result: Location (success): 40.8805212, -105.2764903
