08-10 23:21:38.863  5222  5321 D cellinfo: 46 bytes from 44.241.174.93: icmp_seq=16927 ttl=32 time=97.1 ms
08-10 23:21:39.070  5222  5321 D cellinfo: 46 bytes from 44.241.174.93: icmp_seq=16928 ttl=32 time=102 ms
08-10 23:21:39.262  5222  5321 D cellinfo: 46 bytes from 44.241.174.93: icmp_seq=16929 ttl=32 time=96.2 ms
08-10 23:21:39.469  5222  5321 D cellinfo: 46 bytes from 44.241.174.93: icmp_seq=16930 ttl=32 time=102 ms
08-10 23:21:39.661  5222  5321 D cellinfo: 46 bytes from 44.241.174.93: icmp_seq=16931 ttl=32 time=94.1 ms
08-10 23:21:39.863  5222  5321 D cellinfo: 46 bytes from 44.241.174.93: icmp_seq=16932 ttl=32 time=93.9 ms
08-10 23:21:40.060  5222  5321 D cellinfo: 46 bytes from 44.241.174.93: icmp_seq=16933 ttl=32 time=88.8 ms
08-10 23:21:40.162  5222  5222 D cellinfo: Latitude is 39.9908826
08-10 23:21:40.162  5222  5222 D cellinfo: Longitude is -104.9862677
08-10 23:21:40.162  5222  5222 D cellinfo: Instantaneous GPS information: United States, 16201 I-25, Broomfield, CO 80023, USA
08-10 23:21:40.162  5222  5222 D cellinfo: getCurrentLocation() result: Location (success): 39.9908826, -104.9862677
08-10 23:21:40.165  5222  5222 D cellinfo: onsignalStrengthsChanged: LTE Signal Strength info: rsrp: -83 rsrq: -12 rssi: -55 rssnr: 1
08-10 23:21:40.261  5222  5321 D cellinfo: 46 bytes from 44.241.174.93: icmp_seq=16934 ttl=32 time=91.4 ms
08-10 23:21:40.472  5222  5321 D cellinfo: 46 bytes from 44.241.174.93: icmp_seq=16935 ttl=32 time=100 ms
08-10 23:21:40.703  5222  5321 D cellinfo: 46 bytes from 44.241.174.93: icmp_seq=16936 ttl=32 time=128 ms
08-10 23:21:40.943  5222  5321 D cellinfo: 46 bytes from 44.241.174.93: icmp_seq=16937 ttl=32 time=168 ms
08-10 23:21:41.103  5222  5321 D cellinfo: 46 bytes from 44.241.174.93: icmp_seq=16938 ttl=32 time=126 ms
08-10 23:21:41.269  5222  5321 D cellinfo: 46 bytes from 44.241.174.93: icmp_seq=16939 ttl=32 time=92.6 ms
08-10 23:21:41.445  5222  5222 D cellinfo: Latitude is 39.9908826
08-10 23:21:41.445  5222  5222 D cellinfo: Longitude is -104.9862677
08-10 23:21:41.445  5222  5222 D cellinfo: Instantaneous GPS information: United States, 16201 I-25, Broomfield, CO 80023, USA
08-10 23:21:41.445  5222  5222 D cellinfo: getCurrentLocation() result: Location (success): 39.9908826, -104.9862677
08-10 23:21:41.495  5222  5222 D cellinfo: onCellInfoChanged: Operator: AT&T...1 UpdateTimestamp: 199974229 CellConnectionStatus: 0
08-10 23:21:41.495  5222  5222 D cellinfo: onCellInfoChanged: LTE Cell Bands: [12] Bandwidth: 2147483647 Cell ID: 97544463 Physical Cell ID: 66 Tracking Area Code: 38420 EARFCN: 5110
08-10 23:21:41.509  5222  5321 D cellinfo: 46 bytes from 44.241.174.93: icmp_seq=16940 ttl=32 time=133 ms
08-10 23:21:41.744  5222  5321 D cellinfo: 46 bytes from 44.241.174.93: icmp_seq=16941 ttl=32 time=166 ms
08-10 23:21:41.902  5222  5321 D cellinfo: 46 bytes from 44.241.174.93: icmp_seq=16942 ttl=32 time=124 ms
08-10 23:21:42.142  5222  5321 D cellinfo: 46 bytes from 44.241.174.93: icmp_seq=16943 ttl=32 time=164 ms
08-10 23:21:42.304  5222  5321 D cellinfo: 46 bytes from 44.241.174.93: icmp_seq=16944 ttl=32 time=126 ms
08-10 23:21:42.542  5222  5321 D cellinfo: 46 bytes from 44.241.174.93: icmp_seq=16945 ttl=32 time=164 ms
08-10 23:21:42.703  5222  5321 D cellinfo: 46 bytes from 44.241.174.93: icmp_seq=16946 ttl=32 time=122 ms
08-10 23:21:42.943  5222  5321 D cellinfo: 46 bytes from 44.241.174.93: icmp_seq=16947 ttl=32 time=162 ms
08-10 23:21:43.103  5222  5321 D cellinfo: 46 bytes from 44.241.174.93: icmp_seq=16948 ttl=32 time=121 ms
08-10 23:21:43.349  5222  5321 D cellinfo: 46 bytes from 44.241.174.93: icmp_seq=16949 ttl=32 time=169 ms
08-10 23:21:43.503  5222  5321 D cellinfo: 46 bytes from 44.241.174.93: icmp_seq=16950 ttl=32 time=120 ms
08-10 23:21:43.743  5222  5321 D cellinfo: 46 bytes from 44.241.174.93: icmp_seq=16951 ttl=32 time=161 ms
08-10 23:21:43.875  5222  5321 D cellinfo: 46 bytes from 44.241.174.93: icmp_seq=16952 ttl=32 time=93.2 ms
08-10 23:21:43.942  5222  5222 D cellinfo: onsignalStrengthsChanged: LTE Signal Strength info: rsrp: -83 rsrq: -13 rssi: -51 rssnr: 0
08-10 23:21:44.141  5222  5321 D cellinfo: 46 bytes from 44.241.174.93: icmp_seq=16953 ttl=32 time=158 ms
08-10 23:21:44.304  5222  5321 D cellinfo: 46 bytes from 44.241.174.93: icmp_seq=16954 ttl=32 time=120 ms
08-10 23:21:44.449  5222  5222 D cellinfo: Latitude is 39.9908826
08-10 23:21:44.449  5222  5222 D cellinfo: Longitude is -104.9862677
08-10 23:21:44.449  5222  5222 D cellinfo: Instantaneous GPS information: United States, 16201 I-25, Broomfield, CO 80023, USA
08-10 23:21:44.449  5222  5222 D cellinfo: getCurrentLocation() result: Location (success): 39.9908826, -104.9862677
08-10 23:21:44.505  5222  5222 D cellinfo: onCellInfoChanged: Operator: AT&T...1 UpdateTimestamp: 199977242 CellConnectionStatus: 0
08-10 23:21:44.505  5222  5222 D cellinfo: onCellInfoChanged: LTE Cell Bands: [12] Bandwidth: 2147483647 Cell ID: 97544463 Physical Cell ID: 66 Tracking Area Code: 38420 EARFCN: 5110
08-10 23:21:44.542  5222  5321 D cellinfo: 46 bytes from 44.241.174.93: icmp_seq=16955 ttl=32 time=158 ms
08-10 23:21:44.703  5222  5321 D cellinfo: 46 bytes from 44.241.174.93: icmp_seq=16956 ttl=32 time=117 ms
08-10 23:21:44.942  5222  5321 D cellinfo: 46 bytes from 44.241.174.93: icmp_seq=16957 ttl=32 time=156 ms
08-10 23:21:45.103  5222  5321 D cellinfo: 46 bytes from 44.241.174.93: icmp_seq=16958 ttl=32 time=115 ms
08-10 23:21:45.341  5222  5321 D cellinfo: 46 bytes from 44.241.174.93: icmp_seq=16959 ttl=32 time=153 ms
08-10 23:21:45.482  5222  5321 D cellinfo: 46 bytes from 44.241.174.93: icmp_seq=16960 ttl=32 time=92.7 ms
08-10 23:21:45.741  5222  5321 D cellinfo: 46 bytes from 44.241.174.93: icmp_seq=16961 ttl=32 time=152 ms
08-10 23:21:45.884  5222  5321 D cellinfo: 46 bytes from 44.241.174.93: icmp_seq=16962 ttl=32 time=93.4 ms
08-10 23:21:46.090  5222  5321 D cellinfo: 46 bytes from 44.241.174.93: icmp_seq=16963 ttl=32 time=100 ms
08-10 23:21:46.283  5222  5321 D cellinfo: 46 bytes from 44.241.174.93: icmp_seq=16964 ttl=32 time=92.7 ms
08-10 23:21:46.485  5222  5222 D cellinfo: onCellInfoChanged: Operator: AT&T...1 UpdateTimestamp: 199979219 CellConnectionStatus: 0
08-10 23:21:46.485  5222  5222 D cellinfo: onCellInfoChanged: LTE Cell Bands: [12] Bandwidth: 2147483647 Cell ID: 97544464 Physical Cell ID: 460 Tracking Area Code: 38420 EARFCN: 5110
08-10 23:21:46.516  5222  5222 D cellinfo: onServiceStateChanged: Channel Number: 5110 Cell Bandwidths: []
08-10 23:21:46.538  5222  5321 D cellinfo: 46 bytes from 44.241.174.93: icmp_seq=16965 ttl=32 time=148 ms
08-10 23:21:46.691  5222  5321 D cellinfo: 46 bytes from 44.241.174.93: icmp_seq=16966 ttl=32 time=100 ms
08-10 23:21:46.737  5222  5222 D cellinfo: onCellInfoChanged: Operator: AT&T...1 UpdateTimestamp: 199979471 CellConnectionStatus: 0
08-10 23:21:46.737  5222  5222 D cellinfo: onCellInfoChanged: LTE Cell Bands: [2] Bandwidth: 2147483647 Cell ID: 97544457 Physical Cell ID: 220 Tracking Area Code: 38420 EARFCN: 700
08-10 23:21:46.771  5222  5222 D cellinfo: onServiceStateChanged: Channel Number: 700 Cell Bandwidths: []
08-10 23:21:46.890  5222  5321 D cellinfo: 46 bytes from 44.241.174.93: icmp_seq=16967 ttl=32 time=97.7 ms
08-10 23:21:46.940  5222  5222 D cellinfo: onsignalStrengthsChanged: LTE Signal Strength info: rsrp: -80 rsrq: -13 rssi: -51 rssnr: 0
08-10 23:21:47.088  5222  5321 D cellinfo: 46 bytes from 44.241.174.93: icmp_seq=16968 ttl=32 time=96.4 ms
08-10 23:21:47.290  5222  5321 D cellinfo: 46 bytes from 44.241.174.93: icmp_seq=16969 ttl=32 time=97.9 ms
08-10 23:21:47.455  5222  5222 D cellinfo: Latitude is 39.9908826
08-10 23:21:47.455  5222  5222 D cellinfo: Longitude is -104.9862677
08-10 23:21:47.455  5222  5222 D cellinfo: Instantaneous GPS information: United States, 16201 I-25, Broomfield, CO 80023, USA
08-10 23:21:47.455  5222  5222 D cellinfo: getCurrentLocation() result: Location (success): 39.9908826, -104.9862677
08-10 23:21:47.490  5222  5321 D cellinfo: 46 bytes from 44.241.174.93: icmp_seq=16970 ttl=32 time=98.0 ms
08-10 23:21:47.504  5222  5222 D cellinfo: onCellInfoChanged: Operator: AT&T...1 UpdateTimestamp: 199980243 CellConnectionStatus: 0
08-10 23:21:47.505  5222  5222 D cellinfo: onCellInfoChanged: LTE Cell Bands: [2] Bandwidth: 2147483647 Cell ID: 97544457 Physical Cell ID: 220 Tracking Area Code: 38420 EARFCN: 700
08-10 23:21:47.688  5222  5321 D cellinfo: 46 bytes from 44.241.174.93: icmp_seq=16971 ttl=32 time=96.3 ms
08-10 23:21:47.891  5222  5321 D cellinfo: 46 bytes from 44.241.174.93: icmp_seq=16972 ttl=32 time=95.8 ms
08-10 23:21:48.090  5222  5321 D cellinfo: 46 bytes from 44.241.174.93: icmp_seq=16973 ttl=32 time=94.2 ms
08-10 23:21:48.328  5222  5321 D cellinfo: 46 bytes from 44.241.174.93: icmp_seq=16974 ttl=32 time=134 ms
08-10 23:21:48.497  5222  5321 D cellinfo: 46 bytes from 44.241.174.93: icmp_seq=16975 ttl=32 time=101 ms
08-10 23:21:48.689  5222  5321 D cellinfo: 46 bytes from 44.241.174.93: icmp_seq=16976 ttl=32 time=93.6 ms
08-10 23:21:48.889  5222  5321 D cellinfo: 46 bytes from 44.241.174.93: icmp_seq=16977 ttl=32 time=92.6 ms
08-10 23:21:49.089  5222  5321 D cellinfo: 46 bytes from 44.241.174.93: icmp_seq=16978 ttl=32 time=92.2 ms
08-10 23:21:49.288  5222  5321 D cellinfo: 46 bytes from 44.241.174.93: icmp_seq=16979 ttl=32 time=91.0 ms
08-10 23:21:49.487  5222  5321 D cellinfo: 46 bytes from 44.241.174.93: icmp_seq=16980 ttl=32 time=90.8 ms
08-10 23:21:49.552  5222  5222 D cellinfo: onCellInfoChanged: Operator: AT&T...1 UpdateTimestamp: 199982284 CellConnectionStatus: 0
08-10 23:21:49.553  5222  5222 D cellinfo: onCellInfoChanged: LTE Cell Bands: [2] Bandwidth: 2147483647 Cell ID: 97544457 Physical Cell ID: 220 Tracking Area Code: 38420 EARFCN: 700
08-10 23:21:49.688  5222  5321 D cellinfo: 46 bytes from 44.241.174.93: icmp_seq=16981 ttl=32 time=90.0 ms
08-10 23:21:49.888  5222  5321 D cellinfo: 46 bytes from 44.241.174.93: icmp_seq=16982 ttl=32 time=89.9 ms
08-10 23:21:49.953  5222  5222 D cellinfo: onsignalStrengthsChanged: LTE Signal Strength info: rsrp: -77 rsrq: -13 rssi: -51 rssnr: 4
08-10 23:21:50.089  5222  5321 D cellinfo: 46 bytes from 44.241.174.93: icmp_seq=16983 ttl=32 time=90.0 ms
08-10 23:21:50.288  5222  5321 D cellinfo: 46 bytes from 44.241.174.93: icmp_seq=16984 ttl=32 time=89.2 ms
08-10 23:21:50.488  5222  5321 D cellinfo: 46 bytes from 44.241.174.93: icmp_seq=16985 ttl=32 time=87.9 ms
08-10 23:21:50.727  5222  5321 D cellinfo: 46 bytes from 44.241.174.93: icmp_seq=16986 ttl=32 time=125 ms
08-10 23:21:50.927  5222  5321 D cellinfo: 46 bytes from 44.241.174.93: icmp_seq=16987 ttl=32 time=125 ms
08-10 23:21:50.958  5222  5222 D cellinfo: onsignalStrengthsChanged: LTE Signal Strength info: rsrp: -75 rsrq: -13 rssi: -51 rssnr: 6
08-10 23:21:51.127  5222  5321 D cellinfo: 46 bytes from 44.241.174.93: icmp_seq=16988 ttl=32 time=124 ms
08-10 23:21:51.328  5222  5321 D cellinfo: 46 bytes from 44.241.174.93: icmp_seq=16989 ttl=32 time=124 ms
08-10 23:21:51.527  5222  5321 D cellinfo: 46 bytes from 44.241.174.93: icmp_seq=16990 ttl=32 time=123 ms
08-10 23:21:51.728  5222  5321 D cellinfo: 46 bytes from 44.241.174.93: icmp_seq=16991 ttl=32 time=123 ms
08-10 23:21:51.928  5222  5321 D cellinfo: 46 bytes from 44.241.174.93: icmp_seq=16992 ttl=32 time=122 ms
08-10 23:21:52.130  5222  5321 D cellinfo: 46 bytes from 44.241.174.93: icmp_seq=16993 ttl=32 time=122 ms
08-10 23:21:52.338  5222  5321 D cellinfo: 46 bytes from 44.241.174.93: icmp_seq=16994 ttl=32 time=128 ms
08-10 23:21:52.521  5222  5321 D cellinfo: 46 bytes from 44.241.174.93: icmp_seq=16995 ttl=32 time=110 ms
08-10 23:21:52.710  5222  5222 D cellinfo: Latitude is 39.9871247
08-10 23:21:52.710  5222  5222 D cellinfo: Longitude is -104.987782
08-10 23:21:52.711  5222  5222 D cellinfo: Instantaneous GPS information: United States, Dwight D. Eisenhower Hwy, Broomfield, CO 80023, USA
08-10 23:21:52.711  5222  5222 D cellinfo: getCurrentLocation() result: Location (success): 39.9871247, -104.987782
08-10 23:21:52.718  5222  5321 D cellinfo: 46 bytes from 44.241.174.93: icmp_seq=16996 ttl=32 time=107 ms
08-10 23:21:52.929  5222  5321 D cellinfo: 46 bytes from 44.241.174.93: icmp_seq=16997 ttl=32 time=114 ms
08-10 23:21:52.945  5222  5222 D cellinfo: onsignalStrengthsChanged: LTE Signal Strength info: rsrp: -75 rsrq: -13 rssi: -51 rssnr: 9
08-10 23:21:53.129  5222  5321 D cellinfo: 46 bytes from 44.241.174.93: icmp_seq=16998 ttl=32 time=114 ms
08-10 23:21:53.201  5222  5222 D cellinfo: onsignalStrengthsChanged: LTE Signal Strength info: rsrp: -74 rsrq: -13 rssi: -51 rssnr: 11
08-10 23:21:53.329  5222  5321 D cellinfo: 46 bytes from 44.241.174.93: icmp_seq=16999 ttl=32 time=112 ms
08-10 23:21:53.439  5222  5222 D cellinfo: Latitude is 39.9871247
08-10 23:21:53.439  5222  5222 D cellinfo: Longitude is -104.987782
08-10 23:21:53.439  5222  5222 D cellinfo: Instantaneous GPS information: United States, Dwight D. Eisenhower Hwy, Broomfield, CO 80023, USA
08-10 23:21:53.439  5222  5222 D cellinfo: getCurrentLocation() result: Location (success): 39.9871247, -104.987782
08-10 23:21:53.480  5222  5222 D cellinfo: onCellInfoChanged: Operator: AT&T...1 UpdateTimestamp: 199986216 CellConnectionStatus: 0
08-10 23:21:53.480  5222  5222 D cellinfo: onCellInfoChanged: LTE Cell Bands: [2] Bandwidth: 2147483647 Cell ID: 97544457 Physical Cell ID: 220 Tracking Area Code: 38420 EARFCN: 700
08-10 23:21:53.527  5222  5321 D cellinfo: 46 bytes from 44.241.174.93: icmp_seq=17000 ttl=32 time=111 ms
08-10 23:21:53.729  5222  5321 D cellinfo: 46 bytes from 44.241.174.93: icmp_seq=17001 ttl=32 time=111 ms
08-10 23:21:53.929  5222  5321 D cellinfo: 46 bytes from 44.241.174.93: icmp_seq=17002 ttl=32 time=109 ms
08-10 23:21:54.129  5222  5321 D cellinfo: 46 bytes from 44.241.174.93: icmp_seq=17003 ttl=32 time=108 ms
08-10 23:21:54.368  5222  5321 D cellinfo: 46 bytes from 44.241.174.93: icmp_seq=17004 ttl=32 time=147 ms
08-10 23:21:54.568  5222  5321 D cellinfo: 46 bytes from 44.241.174.93: icmp_seq=17005 ttl=32 time=146 ms
08-10 23:21:54.728  5222  5321 D cellinfo: 46 bytes from 44.241.174.93: icmp_seq=17006 ttl=32 time=106 ms
08-10 23:21:54.959  5222  5321 D cellinfo: 46 bytes from 44.241.174.93: icmp_seq=17007 ttl=32 time=136 ms
08-10 23:21:55.128  5222  5321 D cellinfo: 46 bytes from 44.241.174.93: icmp_seq=17008 ttl=32 time=104 ms
08-10 23:21:55.328  5222  5321 D cellinfo: 46 bytes from 44.241.174.93: icmp_seq=17009 ttl=32 time=103 ms
08-10 23:21:55.440  5222  5222 D cellinfo: onsignalStrengthsChanged: LTE Signal Strength info: rsrp: -74 rsrq: -13 rssi: -51 rssnr: 14
08-10 23:21:55.530  5222  5321 D cellinfo: 46 bytes from 44.241.174.93: icmp_seq=17010 ttl=32 time=103 ms
08-10 23:21:55.730  5222  5321 D cellinfo: 46 bytes from 44.241.174.93: icmp_seq=17011 ttl=32 time=103 ms
08-10 23:21:55.928  5222  5321 D cellinfo: 46 bytes from 44.241.174.93: icmp_seq=17012 ttl=32 time=101 ms
08-10 23:21:55.949  5222  5222 D cellinfo: onsignalStrengthsChanged: LTE Signal Strength info: rsrp: -74 rsrq: -13 rssi: -51 rssnr: 16
08-10 23:21:56.129  5222  5321 D cellinfo: 46 bytes from 44.241.174.93: icmp_seq=17013 ttl=32 time=100 ms
08-10 23:21:56.330  5222  5321 D cellinfo: 46 bytes from 44.241.174.93: icmp_seq=17014 ttl=32 time=100 ms
08-10 23:21:56.445  5222  5222 D cellinfo: Latitude is 39.9871247
08-10 23:21:56.445  5222  5222 D cellinfo: Longitude is -104.987782
08-10 23:21:56.445  5222  5222 D cellinfo: Instantaneous GPS information: United States, Dwight D. Eisenhower Hwy, Broomfield, CO 80023, USA
08-10 23:21:56.445  5222  5222 D cellinfo: getCurrentLocation() result: Location (success): 39.9871247, -104.987782
08-10 23:21:56.486  5222  5222 D cellinfo: onCellInfoChanged: Operator: AT&T...1 UpdateTimestamp: 199989222 CellConnectionStatus: 0
08-10 23:21:56.486  5222  5222 D cellinfo: onCellInfoChanged: LTE Cell Bands: [2] Bandwidth: 2147483647 Cell ID: 97544457 Physical Cell ID: 220 Tracking Area Code: 38420 EARFCN: 700
08-10 23:21:56.538  5222  5321 D cellinfo: 46 bytes from 44.241.174.93: icmp_seq=17015 ttl=32 time=108 ms
08-10 23:21:56.729  5222  5321 D cellinfo: 46 bytes from 44.241.174.93: icmp_seq=17016 ttl=32 time=97.3 ms
08-10 23:21:56.929  5222  5321 D cellinfo: 46 bytes from 44.241.174.93: icmp_seq=17017 ttl=32 time=94.6 ms
08-10 23:21:57.130  5222  5321 D cellinfo: 46 bytes from 44.241.174.93: icmp_seq=17018 ttl=32 time=94.8 ms
08-10 23:21:57.329  5222  5321 D cellinfo: 46 bytes from 44.241.174.93: icmp_seq=17019 ttl=32 time=93.2 ms
08-10 23:21:57.530  5222  5321 D cellinfo: 46 bytes from 44.241.174.93: icmp_seq=17020 ttl=32 time=94.0 ms
08-10 23:21:57.683  5222  5222 D cellinfo: onsignalStrengthsChanged: LTE Signal Strength info: rsrp: -73 rsrq: -12 rssi: -51 rssnr: 18
08-10 23:21:57.728  5222  5321 D cellinfo: 46 bytes from 44.241.174.93: icmp_seq=17021 ttl=32 time=90.2 ms
08-10 23:21:57.929  5222  5321 D cellinfo: 46 bytes from 44.241.174.93: icmp_seq=17022 ttl=32 time=89.9 ms
08-10 23:21:58.129  5222  5321 D cellinfo: 46 bytes from 44.241.174.93: icmp_seq=17023 ttl=32 time=90.5 ms
08-10 23:21:58.329  5222  5321 D cellinfo: 46 bytes from 44.241.174.93: icmp_seq=17024 ttl=32 time=89.6 ms
08-10 23:21:58.529  5222  5321 D cellinfo: 46 bytes from 44.241.174.93: icmp_seq=17025 ttl=32 time=89.7 ms
08-10 23:21:58.767  5222  5321 D cellinfo: 46 bytes from 44.241.174.93: icmp_seq=17026 ttl=32 time=127 ms
08-10 23:21:58.967  5222  5321 D cellinfo: 46 bytes from 44.241.174.93: icmp_seq=17027 ttl=32 time=127 ms
08-10 23:21:59.167  5222  5321 D cellinfo: 46 bytes from 44.241.174.93: icmp_seq=17028 ttl=32 time=126 ms
08-10 23:21:59.367  5222  5321 D cellinfo: 46 bytes from 44.241.174.93: icmp_seq=17029 ttl=32 time=124 ms
08-10 23:21:59.446  5222  5222 D cellinfo: Latitude is 39.9871247
08-10 23:21:59.446  5222  5222 D cellinfo: Longitude is -104.987782
08-10 23:21:59.446  5222  5222 D cellinfo: Instantaneous GPS information: United States, Dwight D. Eisenhower Hwy, Broomfield, CO 80023, USA
08-10 23:21:59.446  5222  5222 D cellinfo: getCurrentLocation() result: Location (success): 39.9871247, -104.987782
08-10 23:21:59.491  5222  5222 D cellinfo: onCellInfoChanged: Operator: AT&T...1 UpdateTimestamp: 199992228 CellConnectionStatus: 0
08-10 23:21:59.491  5222  5222 D cellinfo: onCellInfoChanged: LTE Cell Bands: [2] Bandwidth: 2147483647 Cell ID: 97544457 Physical Cell ID: 220 Tracking Area Code: 38420 EARFCN: 700
08-10 23:21:59.567  5222  5321 D cellinfo: 46 bytes from 44.241.174.93: icmp_seq=17030 ttl=32 time=124 ms
08-10 23:21:59.768  5222  5321 D cellinfo: 46 bytes from 44.241.174.93: icmp_seq=17031 ttl=32 time=123 ms
08-10 23:21:59.967  5222  5321 D cellinfo: 46 bytes from 44.241.174.93: icmp_seq=17032 ttl=32 time=122 ms
08-10 23:22:00.168  5222  5321 D cellinfo: 46 bytes from 44.241.174.93: icmp_seq=17033 ttl=32 time=120 ms
08-10 23:22:00.368  5222  5321 D cellinfo: 46 bytes from 44.241.174.93: icmp_seq=17034 ttl=32 time=119 ms
08-10 23:22:00.567  5222  5321 D cellinfo: 46 bytes from 44.241.174.93: icmp_seq=17035 ttl=32 time=118 ms
08-10 23:22:00.767  5222  5321 D cellinfo: 46 bytes from 44.241.174.93: icmp_seq=17036 ttl=32 time=117 ms
08-10 23:22:00.968  5222  5321 D cellinfo: 46 bytes from 44.241.174.93: icmp_seq=17037 ttl=32 time=116 ms
08-10 23:22:01.168  5222  5321 D cellinfo: 46 bytes from 44.241.174.93: icmp_seq=17038 ttl=32 time=115 ms
08-10 23:22:01.368  5222  5321 D cellinfo: 46 bytes from 44.241.174.93: icmp_seq=17039 ttl=32 time=115 ms
08-10 23:22:01.568  5222  5321 D cellinfo: 46 bytes from 44.241.174.93: icmp_seq=17040 ttl=32 time=115 ms
08-10 23:22:01.767  5222  5321 D cellinfo: 46 bytes from 44.241.174.93: icmp_seq=17041 ttl=32 time=114 ms
08-10 23:22:01.967  5222  5321 D cellinfo: 46 bytes from 44.241.174.93: icmp_seq=17042 ttl=32 time=113 ms
08-10 23:22:02.209  5222  5321 D cellinfo: 46 bytes from 44.241.174.93: icmp_seq=17043 ttl=32 time=153 ms
08-10 23:22:02.368  5222  5321 D cellinfo: 46 bytes from 44.241.174.93: icmp_seq=17044 ttl=32 time=112 ms
08-10 23:22:02.522  5222  5222 D cellinfo: onCellInfoChanged: Operator: AT&T...1 UpdateTimestamp: 199995252 CellConnectionStatus: 0
08-10 23:22:02.522  5222  5222 D cellinfo: onCellInfoChanged: LTE Cell Bands: [2] Bandwidth: 2147483647 Cell ID: 97544457 Physical Cell ID: 220 Tracking Area Code: 38420 EARFCN: 700
08-10 23:22:02.567  5222  5321 D cellinfo: 46 bytes from 44.241.174.93: icmp_seq=17045 ttl=32 time=111 ms
08-10 23:22:02.767  5222  5321 D cellinfo: 46 bytes from 44.241.174.93: icmp_seq=17046 ttl=32 time=110 ms
08-10 23:22:02.968  5222  5321 D cellinfo: 46 bytes from 44.241.174.93: icmp_seq=17047 ttl=32 time=109 ms
08-10 23:22:03.170  5222  5321 D cellinfo: 46 bytes from 44.241.174.93: icmp_seq=17048 ttl=32 time=107 ms
08-10 23:22:03.369  5222  5321 D cellinfo: 46 bytes from 44.241.174.93: icmp_seq=17049 ttl=32 time=106 ms
08-10 23:22:03.568  5222  5321 D cellinfo: 46 bytes from 44.241.174.93: icmp_seq=17050 ttl=32 time=105 ms
08-10 23:22:03.767  5222  5321 D cellinfo: 46 bytes from 44.241.174.93: icmp_seq=17051 ttl=32 time=102 ms
08-10 23:22:03.969  5222  5321 D cellinfo: 46 bytes from 44.241.174.93: icmp_seq=17052 ttl=32 time=100 ms
08-10 23:22:04.169  5222  5321 D cellinfo: 46 bytes from 44.241.174.93: icmp_seq=17053 ttl=32 time=99.1 ms
08-10 23:22:04.192  5222  5222 D cellinfo: Latitude is 39.9837752
08-10 23:22:04.192  5222  5222 D cellinfo: Longitude is -104.9883038
08-10 23:22:04.192  5222  5222 D cellinfo: Instantaneous GPS information: United States, Dwight D. Eisenhower Hwy, Broomfield, CO 80023, USA
08-10 23:22:04.192  5222  5222 D cellinfo: getCurrentLocation() result: Location (success): 39.9837752, -104.9883038
08-10 23:22:04.368  5222  5321 D cellinfo: 46 bytes from 44.241.174.93: icmp_seq=17054 ttl=32 time=97.8 ms
08-10 23:22:04.399  5222  5222 D cellinfo: onsignalStrengthsChanged: LTE Signal Strength info: rsrp: -73 rsrq: -11 rssi: -53 rssnr: 21
08-10 23:22:04.577  5222  5321 D cellinfo: 46 bytes from 44.241.174.93: icmp_seq=17055 ttl=32 time=105 ms
08-10 23:22:04.767  5222  5321 D cellinfo: 46 bytes from 44.241.174.93: icmp_seq=17056 ttl=32 time=95.4 ms
08-10 23:22:04.968  5222  5321 D cellinfo: 46 bytes from 44.241.174.93: icmp_seq=17057 ttl=32 time=96.2 ms
08-10 23:22:05.169  5222  5321 D cellinfo: 46 bytes from 44.241.174.93: icmp_seq=17058 ttl=32 time=94.0 ms
08-10 23:22:05.408  5222  5321 D cellinfo: 46 bytes from 44.241.174.93: icmp_seq=17059 ttl=32 time=133 ms
08-10 23:22:05.447  5222  5222 D cellinfo: Latitude is 39.9837752
08-10 23:22:05.447  5222  5222 D cellinfo: Longitude is -104.9883038
08-10 23:22:05.447  5222  5222 D cellinfo: Instantaneous GPS information: United States, Dwight D. Eisenhower Hwy, Broomfield, CO 80023, USA
08-10 23:22:05.447  5222  5222 D cellinfo: getCurrentLocation() result: Location (success): 39.9837752, -104.9883038
08-10 23:22:05.495  5222  5222 D cellinfo: onCellInfoChanged: Operator: AT&T...1 UpdateTimestamp: 199998231 CellConnectionStatus: 0
08-10 23:22:05.495  5222  5222 D cellinfo: onCellInfoChanged: LTE Cell Bands: [2] Bandwidth: 2147483647 Cell ID: 97544457 Physical Cell ID: 220 Tracking Area Code: 38420 EARFCN: 700
08-10 23:22:05.569  5222  5321 D cellinfo: 46 bytes from 44.241.174.93: icmp_seq=17060 ttl=32 time=93.4 ms
08-10 23:22:05.768  5222  5321 D cellinfo: 46 bytes from 44.241.174.93: icmp_seq=17061 ttl=32 time=91.4 ms
08-10 23:22:05.969  5222  5321 D cellinfo: 46 bytes from 44.241.174.93: icmp_seq=17062 ttl=32 time=90.8 ms
08-10 23:22:06.208  5222  5321 D cellinfo: 46 bytes from 44.241.174.93: icmp_seq=17063 ttl=32 time=128 ms
08-10 23:22:06.370  5222  5321 D cellinfo: 46 bytes from 44.241.174.93: icmp_seq=17064 ttl=32 time=89.8 ms
08-10 23:22:06.608  5222  5321 D cellinfo: 46 bytes from 44.241.174.93: icmp_seq=17065 ttl=32 time=127 ms
08-10 23:22:06.640  5222  5222 D cellinfo: onsignalStrengthsChanged: LTE Signal Strength info: rsrp: -75 rsrq: -12 rssi: -57 rssnr: 20
08-10 23:22:06.808  5222  5321 D cellinfo: 46 bytes from 44.241.174.93: icmp_seq=17066 ttl=32 time=127 ms
08-10 23:22:07.008  5222  5321 D cellinfo: 46 bytes from 44.241.174.93: icmp_seq=17067 ttl=32 time=127 ms
08-10 23:22:07.208  5222  5321 D cellinfo: 46 bytes from 44.241.174.93: icmp_seq=17068 ttl=32 time=127 ms
08-10 23:22:07.408  5222  5321 D cellinfo: 46 bytes from 44.241.174.93: icmp_seq=17069 ttl=32 time=126 ms
08-10 23:22:07.611  5222  5321 D cellinfo: 46 bytes from 44.241.174.93: icmp_seq=17070 ttl=32 time=128 ms
08-10 23:22:07.811  5222  5321 D cellinfo: 46 bytes from 44.241.174.93: icmp_seq=17071 ttl=32 time=126 ms
08-10 23:22:08.008  5222  5321 D cellinfo: 46 bytes from 44.241.174.93: icmp_seq=17072 ttl=32 time=122 ms
08-10 23:22:08.209  5222  5321 D cellinfo: 46 bytes from 44.241.174.93: icmp_seq=17073 ttl=32 time=124 ms
08-10 23:22:08.410  5222  5321 D cellinfo: 46 bytes from 44.241.174.93: icmp_seq=17074 ttl=32 time=124 ms
08-10 23:22:08.446  5222  5222 D cellinfo: Latitude is 39.9837752
08-10 23:22:08.446  5222  5222 D cellinfo: Longitude is -104.9883038
08-10 23:22:08.446  5222  5222 D cellinfo: Instantaneous GPS information: United States, Dwight D. Eisenhower Hwy, Broomfield, CO 80023, USA
08-10 23:22:08.446  5222  5222 D cellinfo: getCurrentLocation() result: Location (success): 39.9837752, -104.9883038
08-10 23:22:08.494  5222  5222 D cellinfo: onCellInfoChanged: Operator: AT&T...1 UpdateTimestamp: 200001230 CellConnectionStatus: 0
08-10 23:22:08.494  5222  5222 D cellinfo: onCellInfoChanged: LTE Cell Bands: [2] Bandwidth: 2147483647 Cell ID: 97544457 Physical Cell ID: 220 Tracking Area Code: 38420 EARFCN: 700
08-10 23:22:08.608  5222  5321 D cellinfo: 46 bytes from 44.241.174.93: icmp_seq=17075 ttl=32 time=122 ms
08-10 23:22:08.809  5222  5321 D cellinfo: 46 bytes from 44.241.174.93: icmp_seq=17076 ttl=32 time=121 ms
08-10 23:22:08.881  5222  5222 D cellinfo: onsignalStrengthsChanged: LTE Signal Strength info: rsrp: -78 rsrq: -12 rssi: -67 rssnr: 17
08-10 23:22:09.008  5222  5321 D cellinfo: 46 bytes from 44.241.174.93: icmp_seq=17077 ttl=32 time=119 ms
08-10 23:22:09.208  5222  5321 D cellinfo: 46 bytes from 44.241.174.93: icmp_seq=17078 ttl=32 time=119 ms
08-10 23:22:09.410  5222  5321 D cellinfo: 46 bytes from 44.241.174.93: icmp_seq=17079 ttl=32 time=121 ms
08-10 23:22:09.609  5222  5321 D cellinfo: 46 bytes from 44.241.174.93: icmp_seq=17080 ttl=32 time=119 ms
08-10 23:22:09.808  5222  5321 D cellinfo: 46 bytes from 44.241.174.93: icmp_seq=17081 ttl=32 time=117 ms
08-10 23:22:10.008  5222  5321 D cellinfo: 46 bytes from 44.241.174.93: icmp_seq=17082 ttl=32 time=116 ms
08-10 23:22:10.208  5222  5321 D cellinfo: 46 bytes from 44.241.174.93: icmp_seq=17083 ttl=32 time=116 ms
08-10 23:22:10.408  5222  5321 D cellinfo: 46 bytes from 44.241.174.93: icmp_seq=17084 ttl=32 time=115 ms
08-10 23:22:10.609  5222  5321 D cellinfo: 46 bytes from 44.241.174.93: icmp_seq=17085 ttl=32 time=114 ms
08-10 23:22:10.808  5222  5321 D cellinfo: 46 bytes from 44.241.174.93: icmp_seq=17086 ttl=32 time=114 ms
08-10 23:22:10.956  5222  5222 D cellinfo: onsignalStrengthsChanged: LTE Signal Strength info: rsrp: -81 rsrq: -12 rssi: -61 rssnr: 16
08-10 23:22:11.017  5222  5321 D cellinfo: 46 bytes from 44.241.174.93: icmp_seq=17087 ttl=32 time=122 ms
08-10 23:22:11.208  5222  5321 D cellinfo: 46 bytes from 44.241.174.93: icmp_seq=17088 ttl=32 time=113 ms
08-10 23:22:11.409  5222  5321 D cellinfo: 46 bytes from 44.241.174.93: icmp_seq=17089 ttl=32 time=113 ms
08-10 23:22:11.441  5222  5222 D cellinfo: Latitude is 39.9837752
08-10 23:22:11.442  5222  5222 D cellinfo: Longitude is -104.9883038
08-10 23:22:11.442  5222  5222 D cellinfo: Instantaneous GPS information: United States, Dwight D. Eisenhower Hwy, Broomfield, CO 80023, USA
08-10 23:22:11.442  5222  5222 D cellinfo: getCurrentLocation() result: Location (success): 39.9837752, -104.9883038
08-10 23:22:11.480  5222  5222 D cellinfo: onCellInfoChanged: Operator: AT&T...1 UpdateTimestamp: 200004218 CellConnectionStatus: 0
08-10 23:22:11.480  5222  5222 D cellinfo: onCellInfoChanged: LTE Cell Bands: [2] Bandwidth: 2147483647 Cell ID: 97544457 Physical Cell ID: 220 Tracking Area Code: 38420 EARFCN: 700
08-10 23:22:11.609  5222  5321 D cellinfo: 46 bytes from 44.241.174.93: icmp_seq=17090 ttl=32 time=112 ms
08-10 23:22:11.808  5222  5321 D cellinfo: 46 bytes from 44.241.174.93: icmp_seq=17091 ttl=32 time=111 ms
08-10 23:22:12.008  5222  5321 D cellinfo: 46 bytes from 44.241.174.93: icmp_seq=17092 ttl=32 time=111 ms
08-10 23:22:12.208  5222  5321 D cellinfo: 46 bytes from 44.241.174.93: icmp_seq=17093 ttl=32 time=110 ms
08-10 23:22:12.407  5222  5321 D cellinfo: 46 bytes from 44.241.174.93: icmp_seq=17094 ttl=32 time=110 ms
08-10 23:22:12.608  5222  5321 D cellinfo: 46 bytes from 44.241.174.93: icmp_seq=17095 ttl=32 time=109 ms
08-10 23:22:12.807  5222  5321 D cellinfo: 46 bytes from 44.241.174.93: icmp_seq=17096 ttl=32 time=108 ms
08-10 23:22:13.007  5222  5321 D cellinfo: 46 bytes from 44.241.174.93: icmp_seq=17097 ttl=32 time=107 ms
08-10 23:22:13.214  5222  5321 D cellinfo: 46 bytes from 44.241.174.93: icmp_seq=17098 ttl=32 time=114 ms
08-10 23:22:13.358  5222  5222 D cellinfo: onsignalStrengthsChanged: LTE Signal Strength info: rsrp: -88 rsrq: -13 rssi: -69 rssnr: 13
08-10 23:22:13.411  5222  5321 D cellinfo: 46 bytes from 44.241.174.93: icmp_seq=17099 ttl=32 time=111 ms
08-10 23:22:13.608  5222  5321 D cellinfo: 46 bytes from 44.241.174.93: icmp_seq=17100 ttl=32 time=106 ms
08-10 23:22:13.807  5222  5321 D cellinfo: 46 bytes from 44.241.174.93: icmp_seq=17101 ttl=32 time=104 ms
08-10 23:22:13.953  5222  5222 D cellinfo: onsignalStrengthsChanged: LTE Signal Strength info: rsrp: -92 rsrq: -14 rssi: -69 rssnr: 11
08-10 23:22:14.010  5222  5321 D cellinfo: 46 bytes from 44.241.174.93: icmp_seq=17102 ttl=32 time=103 ms
08-10 23:22:14.207  5222  5321 D cellinfo: 46 bytes from 44.241.174.93: icmp_seq=17103 ttl=32 time=103 ms
08-10 23:22:14.408  5222  5321 D cellinfo: 46 bytes from 44.241.174.93: icmp_seq=17104 ttl=32 time=103 ms
08-10 23:22:14.486  5222  5222 D cellinfo: onCellInfoChanged: Operator: AT&T...1 UpdateTimestamp: 200007223 CellConnectionStatus: 0
08-10 23:22:14.486  5222  5222 D cellinfo: onCellInfoChanged: LTE Cell Bands: [2] Bandwidth: 2147483647 Cell ID: 97544457 Physical Cell ID: 220 Tracking Area Code: 38420 EARFCN: 700
08-10 23:22:14.607  5222  5321 D cellinfo: 46 bytes from 44.241.174.93: icmp_seq=17105 ttl=32 time=102 ms
08-10 23:22:14.808  5222  5321 D cellinfo: 46 bytes from 44.241.174.93: icmp_seq=17106 ttl=32 time=101 ms
08-10 23:22:15.007  5222  5321 D cellinfo: 46 bytes from 44.241.174.93: icmp_seq=17107 ttl=32 time=99.9 ms
08-10 23:22:15.208  5222  5321 D cellinfo: 46 bytes from 44.241.174.93: icmp_seq=17108 ttl=32 time=100 ms
08-10 23:22:15.416  5222  5321 D cellinfo: 46 bytes from 44.241.174.93: icmp_seq=17109 ttl=32 time=107 ms
08-10 23:22:15.602  5222  5222 D cellinfo: onsignalStrengthsChanged: LTE Signal Strength info: rsrp: -95 rsrq: -14 rssi: -65 rssnr: 9
08-10 23:22:15.607  5222  5321 D cellinfo: 46 bytes from 44.241.174.93: icmp_seq=17110 ttl=32 time=97.7 ms
08-10 23:22:15.849  5222  5321 D cellinfo: 46 bytes from 44.241.174.93: icmp_seq=17111 ttl=32 time=137 ms
08-10 23:22:16.008  5222  5321 D cellinfo: 46 bytes from 44.241.174.93: icmp_seq=17112 ttl=32 time=96.2 ms
08-10 23:22:16.208  5222  5321 D cellinfo: 46 bytes from 44.241.174.93: icmp_seq=17113 ttl=32 time=97.4 ms
08-10 23:22:16.417  5222  5321 D cellinfo: 46 bytes from 44.241.174.93: icmp_seq=17114 ttl=32 time=104 ms
08-10 23:22:16.609  5222  5321 D cellinfo: 46 bytes from 44.241.174.93: icmp_seq=17115 ttl=32 time=94.4 ms
08-10 23:22:16.810  5222  5321 D cellinfo: 46 bytes from 44.241.174.93: icmp_seq=17116 ttl=32 time=92.5 ms
08-10 23:22:16.954  5222  5222 D cellinfo: onsignalStrengthsChanged: LTE Signal Strength info: rsrp: -97 rsrq: -15 rssi: -65 rssnr: 9
08-10 23:22:17.009  5222  5321 D cellinfo: 46 bytes from 44.241.174.93: icmp_seq=17117 ttl=32 time=91.7 ms
08-10 23:22:17.218  5222  5321 D cellinfo: 46 bytes from 44.241.174.93: icmp_seq=17118 ttl=32 time=99.4 ms
08-10 23:22:17.410  5222  5321 D cellinfo: 46 bytes from 44.241.174.93: icmp_seq=17119 ttl=32 time=88.8 ms
08-10 23:22:17.609  5222  5321 D cellinfo: 46 bytes from 44.241.174.93: icmp_seq=17120 ttl=32 time=86.0 ms
08-10 23:22:17.764  5222  5222 D cellinfo: Latitude is 39.9796153
08-10 23:22:17.764  5222  5222 D cellinfo: Longitude is -104.9881522
08-10 23:22:17.764  5222  5222 D cellinfo: Instantaneous GPS information: United States, Dwight D. Eisenhower Hwy, Broomfield, CO 80023, USA
08-10 23:22:17.764  5222  5222 D cellinfo: getCurrentLocation() result: Location (success): 39.9796153, -104.9881522
08-10 23:22:17.766  5222  5222 D cellinfo: onCellInfoChanged: Operator: AT&T...1 UpdateTimestamp: 200010231 CellConnectionStatus: 0
08-10 23:22:17.766  5222  5222 D cellinfo: onCellInfoChanged: LTE Cell Bands: [2] Bandwidth: 2147483647 Cell ID: 97544457 Physical Cell ID: 220 Tracking Area Code: 38420 EARFCN: 700
08-10 23:22:17.784  5222  5222 D cellinfo: Latitude is 39.9796153
08-10 23:22:17.784  5222  5222 D cellinfo: Longitude is -104.9881522
08-10 23:22:17.784  5222  5222 D cellinfo: Instantaneous GPS information: United States, Dwight D. Eisenhower Hwy, Broomfield, CO 80023, USA
08-10 23:22:17.784  5222  5222 D cellinfo: getCurrentLocation() result: Location (success): 39.9796153, -104.9881522
08-10 23:22:17.834  5222  5222 D cellinfo: onsignalStrengthsChanged: LTE Signal Strength info: rsrp: -99 rsrq: -15 rssi: -65 rssnr: 8
08-10 23:22:17.841  5222  5321 D cellinfo: 46 bytes from 44.241.174.93: icmp_seq=17121 ttl=32 time=118 ms
08-10 23:22:18.049  5222  5321 D cellinfo: 46 bytes from 44.241.174.93: icmp_seq=17122 ttl=32 time=124 ms
08-10 23:22:18.248  5222  5321 D cellinfo: 46 bytes from 44.241.174.93: icmp_seq=17123 ttl=32 time=124 ms
08-10 23:22:18.447  5222  5321 D cellinfo: 46 bytes from 44.241.174.93: icmp_seq=17124 ttl=32 time=124 ms
08-10 23:22:18.648  5222  5321 D cellinfo: 46 bytes from 44.241.174.93: icmp_seq=17125 ttl=32 time=124 ms
08-10 23:22:18.849  5222  5321 D cellinfo: 46 bytes from 44.241.174.93: icmp_seq=17126 ttl=32 time=124 ms
08-10 23:22:19.087  5222  5321 D cellinfo: 46 bytes from 44.241.174.93: icmp_seq=17127 ttl=32 time=162 ms
08-10 23:22:19.247  5222  5321 D cellinfo: 46 bytes from 44.241.174.93: icmp_seq=17128 ttl=32 time=123 ms
08-10 23:22:19.451  5222  5321 D cellinfo: 46 bytes from 44.241.174.93: icmp_seq=17129 ttl=32 time=124 ms
08-10 23:22:19.648  5222  5321 D cellinfo: 46 bytes from 44.241.174.93: icmp_seq=17130 ttl=32 time=121 ms
08-10 23:22:19.850  5222  5321 D cellinfo: 46 bytes from 44.241.174.93: icmp_seq=17131 ttl=32 time=120 ms
08-10 23:22:19.953  5222  5222 D cellinfo: onsignalStrengthsChanged: LTE Signal Strength info: rsrp: -101 rsrq: -15 rssi: -77 rssnr: 7
08-10 23:22:20.048  5222  5321 D cellinfo: 46 bytes from 44.241.174.93: icmp_seq=17132 ttl=32 time=118 ms
08-10 23:22:20.248  5222  5321 D cellinfo: 46 bytes from 44.241.174.93: icmp_seq=17133 ttl=32 time=118 ms
08-10 23:22:20.447  5222  5222 D cellinfo: Latitude is 39.9796153
08-10 23:22:20.447  5222  5222 D cellinfo: Longitude is -104.9881522
08-10 23:22:20.447  5222  5222 D cellinfo: Instantaneous GPS information: United States, Dwight D. Eisenhower Hwy, Broomfield, CO 80023, USA
08-10 23:22:20.447  5222  5222 D cellinfo: getCurrentLocation() result: Location (success): 39.9796153, -104.9881522
08-10 23:22:20.448  5222  5321 D cellinfo: 46 bytes from 44.241.174.93: icmp_seq=17134 ttl=32 time=117 ms
08-10 23:22:20.478  5222  5222 D cellinfo: onCellInfoChanged: Operator: AT&T...1 UpdateTimestamp: 200013214 CellConnectionStatus: 0
08-10 23:22:20.478  5222  5222 D cellinfo: onCellInfoChanged: LTE Cell Bands: [2] Bandwidth: 2147483647 Cell ID: 97544457 Physical Cell ID: 220 Tracking Area Code: 38420 EARFCN: 700
08-10 23:22:20.648  5222  5321 D cellinfo: 46 bytes from 44.241.174.93: icmp_seq=17135 ttl=32 time=117 ms
08-10 23:22:20.849  5222  5321 D cellinfo: 46 bytes from 44.241.174.93: icmp_seq=17136 ttl=32 time=117 ms
08-10 23:22:21.088  5222  5321 D cellinfo: 46 bytes from 44.241.174.93: icmp_seq=17137 ttl=32 time=154 ms
08-10 23:22:21.248  5222  5321 D cellinfo: 46 bytes from 44.241.174.93: icmp_seq=17138 ttl=32 time=115 ms
08-10 23:22:21.449  5222  5321 D cellinfo: 46 bytes from 44.241.174.93: icmp_seq=17139 ttl=32 time=115 ms
08-10 23:22:21.648  5222  5321 D cellinfo: 46 bytes from 44.241.174.93: icmp_seq=17140 ttl=32 time=113 ms
08-10 23:22:21.847  5222  5321 D cellinfo: 46 bytes from 44.241.174.93: icmp_seq=17141 ttl=32 time=112 ms
08-10 23:22:22.047  5222  5321 D cellinfo: 46 bytes from 44.241.174.93: icmp_seq=17142 ttl=32 time=112 ms
08-10 23:22:22.239  5222  5321 D cellinfo: 46 bytes from 44.241.174.93: icmp_seq=17143 ttl=32 time=103 ms
08-10 23:22:22.320  5222  5222 D cellinfo: onsignalStrengthsChanged: LTE Signal Strength info: rsrp: -102 rsrq: -14 rssi: -73 rssnr: 5
08-10 23:22:22.448  5222  5321 D cellinfo: 46 bytes from 44.241.174.93: icmp_seq=17144 ttl=32 time=112 ms
08-10 23:22:22.649  5222  5321 D cellinfo: 46 bytes from 44.241.174.93: icmp_seq=17145 ttl=32 time=112 ms
08-10 23:22:22.848  5222  5321 D cellinfo: 46 bytes from 44.241.174.93: icmp_seq=17146 ttl=32 time=110 ms
08-10 23:22:23.048  5222  5321 D cellinfo: 46 bytes from 44.241.174.93: icmp_seq=17147 ttl=32 time=108 ms
08-10 23:22:23.248  5222  5321 D cellinfo: 46 bytes from 44.241.174.93: icmp_seq=17148 ttl=32 time=108 ms
08-10 23:22:23.447  5222  5222 D cellinfo: Latitude is 39.9796153
08-10 23:22:23.447  5222  5222 D cellinfo: Longitude is -104.9881522
08-10 23:22:23.447  5222  5222 D cellinfo: Instantaneous GPS information: United States, Dwight D. Eisenhower Hwy, Broomfield, CO 80023, USA
08-10 23:22:23.447  5222  5222 D cellinfo: getCurrentLocation() result: Location (success): 39.9796153, -104.9881522
08-10 23:22:23.447  5222  5321 D cellinfo: 46 bytes from 44.241.174.93: icmp_seq=17149 ttl=32 time=106 ms
08-10 23:22:23.482  5222  5222 D cellinfo: onCellInfoChanged: Operator: AT&T...1 UpdateTimestamp: 200016219 CellConnectionStatus: 0
08-10 23:22:23.482  5222  5222 D cellinfo: onCellInfoChanged: LTE Cell Bands: [2] Bandwidth: 2147483647 Cell ID: 97544457 Physical Cell ID: 220 Tracking Area Code: 38420 EARFCN: 700
08-10 23:22:23.655  5222  5321 D cellinfo: 46 bytes from 44.241.174.93: icmp_seq=17150 ttl=32 time=113 ms
08-10 23:22:23.847  5222  5321 D cellinfo: 46 bytes from 44.241.174.93: icmp_seq=17151 ttl=32 time=105 ms
08-10 23:22:24.088  5222  5321 D cellinfo: 46 bytes from 44.241.174.93: icmp_seq=17152 ttl=32 time=144 ms
08-10 23:22:24.248  5222  5321 D cellinfo: 46 bytes from 44.241.174.93: icmp_seq=17153 ttl=32 time=104 ms
08-10 23:22:24.490  5222  5321 D cellinfo: 46 bytes from 44.241.174.93: icmp_seq=17154 ttl=32 time=144 ms
08-10 23:22:24.556  5222  5222 D cellinfo: onsignalStrengthsChanged: LTE Signal Strength info: rsrp: -107 rsrq: -15 rssi: -73 rssnr: 0
08-10 23:22:24.655  5222  5321 D cellinfo: 46 bytes from 44.241.174.93: icmp_seq=17155 ttl=32 time=110 ms
08-10 23:22:24.792  5222  5222 D cellinfo: onCellInfoChanged: Operator: AT&T...1 UpdateTimestamp: 200017525 CellConnectionStatus: 0
08-10 23:22:24.792  5222  5222 D cellinfo: onCellInfoChanged: LTE Cell Bands: [2] Bandwidth: 2147483647 Cell ID: 97598472 Physical Cell ID: 289 Tracking Area Code: 38420 EARFCN: 700
08-10 23:22:24.818  5222  5222 D cellinfo: onServiceStateChanged: Channel Number: 700 Cell Bandwidths: []
08-10 23:22:24.850  5222  5321 D cellinfo: 46 bytes from 44.241.174.93: icmp_seq=17156 ttl=32 time=104 ms
08-10 23:22:24.988  5222  5222 D cellinfo: onServiceStateChanged: Channel Number: 700 Cell Bandwidths: []
08-10 23:22:24.999  5222  5222 D cellinfo: onDisplayInfoChanged: NetworkType: LTE OverrideNetworkType: 5G (Sub-6 GHz)
08-10 23:22:25.128  5222  5321 D cellinfo: 46 bytes from 44.241.174.93: icmp_seq=17157 ttl=32 time=182 ms
08-10 23:22:25.249  5222  5321 D cellinfo: 46 bytes from 44.241.174.93: icmp_seq=17158 ttl=32 time=103 ms
08-10 23:22:25.448  5222  5321 D cellinfo: 46 bytes from 44.241.174.93: icmp_seq=17159 ttl=32 time=102 ms
08-10 23:22:25.649  5222  5321 D cellinfo: 46 bytes from 44.241.174.93: icmp_seq=17160 ttl=32 time=101 ms
08-10 23:22:25.850  5222  5321 D cellinfo: 46 bytes from 44.241.174.93: icmp_seq=17161 ttl=32 time=101 ms
08-10 23:22:25.960  5222  5222 D cellinfo: onsignalStrengthsChanged: LTE Signal Strength info: rsrp: -107 rsrq: -15 rssi: -71 rssnr: -1
08-10 23:22:26.049  5222  5321 D cellinfo: 46 bytes from 44.241.174.93: icmp_seq=17162 ttl=32 time=98.9 ms
08-10 23:22:26.249  5222  5321 D cellinfo: 46 bytes from 44.241.174.93: icmp_seq=17163 ttl=32 time=99.3 ms
08-10 23:22:26.444  5222  5222 D cellinfo: Latitude is 39.9796153
08-10 23:22:26.444  5222  5222 D cellinfo: Longitude is -104.9881522
08-10 23:22:26.444  5222  5222 D cellinfo: Instantaneous GPS information: United States, Dwight D. Eisenhower Hwy, Broomfield, CO 80023, USA
08-10 23:22:26.444  5222  5222 D cellinfo: getCurrentLocation() result: Location (success): 39.9796153, -104.9881522
08-10 23:22:26.448  5222  5321 D cellinfo: 46 bytes from 44.241.174.93: icmp_seq=17164 ttl=32 time=98.4 ms
08-10 23:22:26.477  5222  5222 D cellinfo: onCellInfoChanged: Operator: AT&T...1 UpdateTimestamp: 200019214 CellConnectionStatus: 0
08-10 23:22:26.477  5222  5222 D cellinfo: onCellInfoChanged: LTE Cell Bands: [2] Bandwidth: 2147483647 Cell ID: 97598472 Physical Cell ID: 289 Tracking Area Code: 38420 EARFCN: 700
08-10 23:22:26.651  5222  5321 D cellinfo: 46 bytes from 44.241.174.93: icmp_seq=17165 ttl=32 time=99.4 ms
08-10 23:22:26.852  5222  5321 D cellinfo: 46 bytes from 44.241.174.93: icmp_seq=17166 ttl=32 time=99.2 ms
08-10 23:22:27.051  5222  5321 D cellinfo: 46 bytes from 44.241.174.93: icmp_seq=17167 ttl=32 time=97.4 ms
08-10 23:22:27.250  5222  5321 D cellinfo: 46 bytes from 44.241.174.93: icmp_seq=17168 ttl=32 time=96.7 ms
08-10 23:22:27.489  5222  5321 D cellinfo: 46 bytes from 44.241.174.93: icmp_seq=17169 ttl=32 time=133 ms
08-10 23:22:27.651  5222  5321 D cellinfo: 46 bytes from 44.241.174.93: icmp_seq=17170 ttl=32 time=93.7 ms
08-10 23:22:27.887  5222  5321 D cellinfo: 46 bytes from 44.241.174.93: icmp_seq=17171 ttl=32 time=129 ms
08-10 23:22:28.410  5222  5321 D cellinfo: 46 bytes from 44.241.174.93: icmp_seq=17172 ttl=32 time=452 ms
08-10 23:22:28.411  5222  5321 D cellinfo: 46 bytes from 44.241.174.93: icmp_seq=17173 ttl=32 time=252 ms
08-10 23:22:28.519  5222  5321 D cellinfo: 46 bytes from 44.241.174.93: icmp_seq=17174 ttl=32 time=160 ms
08-10 23:22:28.657  5222  5321 D cellinfo: 46 bytes from 44.241.174.93: icmp_seq=17175 ttl=32 time=98.3 ms
08-10 23:22:28.893  5222  5321 D cellinfo: 46 bytes from 44.241.174.93: icmp_seq=17176 ttl=32 time=133 ms
08-10 23:22:28.966  5222  5222 D cellinfo: onsignalStrengthsChanged: LTE Signal Strength info: rsrp: -110 rsrq: -16 rssi: -69 rssnr: -4
08-10 23:22:29.479  5222  5222 D cellinfo: onsignalStrengthsChanged: LTE Signal Strength info: rsrp: -111 rsrq: -17 rssi: -75 rssnr: -6
08-10 23:22:29.506  5222  5222 D cellinfo: onCellInfoChanged: Operator: AT&T...1 UpdateTimestamp: 200022233 CellConnectionStatus: 0
08-10 23:22:29.506  5222  5222 D cellinfo: onCellInfoChanged: LTE Cell Bands: [2] Bandwidth: 2147483647 Cell ID: 97544457 Physical Cell ID: 220 Tracking Area Code: 38420 EARFCN: 700
08-10 23:22:29.522  5222  5321 D cellinfo: 46 bytes from 44.241.174.93: icmp_seq=17177 ttl=32 time=561 ms
08-10 23:22:29.522  5222  5321 D cellinfo: 46 bytes from 44.241.174.93: icmp_seq=17178 ttl=32 time=354 ms
08-10 23:22:29.522  5222  5321 D cellinfo: 46 bytes from 44.241.174.93: icmp_seq=17179 ttl=32 time=146 ms
08-10 23:22:29.523  5222  5222 D cellinfo: onCellInfoChanged: Operator: AT&T...1 UpdateTimestamp: 200022253 CellConnectionStatus: 0
08-10 23:22:29.523  5222  5222 D cellinfo: onCellInfoChanged: LTE Cell Bands: [2] Bandwidth: 2147483647 Cell ID: 97544457 Physical Cell ID: 220 Tracking Area Code: 38420 EARFCN: 700
08-10 23:22:29.544  5222  5222 D cellinfo: onServiceStateChanged: Channel Number: 700 Cell Bandwidths: []
08-10 23:22:29.566  5222  5222 D cellinfo: onDisplayInfoChanged: NetworkType: LTE OverrideNetworkType: None
08-10 23:22:29.710  5222  5321 D cellinfo: 46 bytes from 44.241.174.93: icmp_seq=17180 ttl=32 time=132 ms
08-10 23:22:29.870  5222  5321 D cellinfo: 46 bytes from 44.241.174.93: icmp_seq=17181 ttl=32 time=92.4 ms
08-10 23:22:30.071  5222  5321 D cellinfo: 46 bytes from 44.241.174.93: icmp_seq=17182 ttl=32 time=91.4 ms
08-10 23:22:30.309  5222  5321 D cellinfo: 46 bytes from 44.241.174.93: icmp_seq=17183 ttl=32 time=130 ms
08-10 23:22:30.478  5222  5321 D cellinfo: 46 bytes from 44.241.174.93: icmp_seq=17184 ttl=32 time=98.6 ms
08-10 23:22:30.671  5222  5321 D cellinfo: 46 bytes from 44.241.174.93: icmp_seq=17185 ttl=32 time=89.6 ms
08-10 23:22:30.881  5222  5321 D cellinfo: 46 bytes from 44.241.174.93: icmp_seq=17186 ttl=32 time=97.3 ms
08-10 23:22:31.112  5222  5321 D cellinfo: 46 bytes from 44.241.174.93: icmp_seq=17187 ttl=32 time=126 ms
08-10 23:22:31.275  5222  5222 D cellinfo: Latitude is 39.9757847
08-10 23:22:31.275  5222  5222 D cellinfo: Longitude is -104.9882026
08-10 23:22:31.275  5222  5222 D cellinfo: Instantaneous GPS information: United States, Dwight D. Eisenhower Hwy, Broomfield, CO 80023, USA
08-10 23:22:31.275  5222  5222 D cellinfo: getCurrentLocation() result: Location (success): 39.9757847, -104.9882026
08-10 23:22:31.290  5222  5222 D cellinfo: onsignalStrengthsChanged: LTE Signal Strength info: rsrp: -110 rsrq: -17 rssi: -65 rssnr: -6
08-10 23:22:31.308  5222  5321 D cellinfo: 46 bytes from 44.241.174.93: icmp_seq=17188 ttl=32 time=124 ms
08-10 23:22:31.510  5222  5321 D cellinfo: 46 bytes from 44.241.174.93: icmp_seq=17189 ttl=32 time=123 ms
08-10 23:22:31.715  5222  5321 D cellinfo: 46 bytes from 44.241.174.93: icmp_seq=17190 ttl=32 time=126 ms
08-10 23:22:31.910  5222  5321 D cellinfo: 46 bytes from 44.241.174.93: icmp_seq=17191 ttl=32 time=121 ms
08-10 23:22:31.960  5222  5222 D cellinfo: onsignalStrengthsChanged: LTE Signal Strength info: rsrp: -109 rsrq: -17 rssi: -69 rssnr: -5
08-10 23:22:32.111  5222  5321 D cellinfo: 46 bytes from 44.241.174.93: icmp_seq=17192 ttl=32 time=122 ms
08-10 23:22:32.310  5222  5321 D cellinfo: 46 bytes from 44.241.174.93: icmp_seq=17193 ttl=32 time=121 ms
08-10 23:22:32.446  5222  5222 D cellinfo: Latitude is 39.9757847
08-10 23:22:32.447  5222  5222 D cellinfo: Longitude is -104.9882026
08-10 23:22:32.447  5222  5222 D cellinfo: Instantaneous GPS information: United States, Dwight D. Eisenhower Hwy, Broomfield, CO 80023, USA
08-10 23:22:32.447  5222  5222 D cellinfo: getCurrentLocation() result: Location (success): 39.9757847, -104.9882026
08-10 23:22:32.502  5222  5222 D cellinfo: onCellInfoChanged: Operator: AT&T...1 UpdateTimestamp: 200025235 CellConnectionStatus: 0
08-10 23:22:32.502  5222  5222 D cellinfo: onCellInfoChanged: LTE Cell Bands: [2] Bandwidth: 2147483647 Cell ID: 97544457 Physical Cell ID: 220 Tracking Area Code: 38420 EARFCN: 700
08-10 23:22:32.508  5222  5321 D cellinfo: 46 bytes from 44.241.174.93: icmp_seq=17194 ttl=32 time=120 ms
08-10 23:22:32.750  5222  5321 D cellinfo: 46 bytes from 44.241.174.93: icmp_seq=17195 ttl=32 time=160 ms
08-10 23:22:32.910  5222  5321 D cellinfo: 46 bytes from 44.241.174.93: icmp_seq=17196 ttl=32 time=120 ms
08-10 23:22:33.110  5222  5321 D cellinfo: 46 bytes from 44.241.174.93: icmp_seq=17197 ttl=32 time=119 ms
08-10 23:22:33.319  5222  5321 D cellinfo: 46 bytes from 44.241.174.93: icmp_seq=17198 ttl=32 time=127 ms
08-10 23:22:33.509  5222  5321 D cellinfo: 46 bytes from 44.241.174.93: icmp_seq=17199 ttl=32 time=118 ms
08-10 23:22:33.521  5222  5222 D cellinfo: onsignalStrengthsChanged: LTE Signal Strength info: rsrp: -107 rsrq: -17 rssi: -61 rssnr: -3
08-10 23:22:33.711  5222  5321 D cellinfo: 46 bytes from 44.241.174.93: icmp_seq=17200 ttl=32 time=117 ms
08-10 23:22:33.911  5222  5321 D cellinfo: 46 bytes from 44.241.174.93: icmp_seq=17201 ttl=32 time=116 ms
08-10 23:22:34.111  5222  5321 D cellinfo: 46 bytes from 44.241.174.93: icmp_seq=17202 ttl=32 time=116 ms
08-10 23:22:34.312  5222  5321 D cellinfo: 46 bytes from 44.241.174.93: icmp_seq=17203 ttl=32 time=116 ms
08-10 23:22:34.511  5222  5321 D cellinfo: 46 bytes from 44.241.174.93: icmp_seq=17204 ttl=32 time=115 ms
08-10 23:22:34.710  5222  5321 D cellinfo: 46 bytes from 44.241.174.93: icmp_seq=17205 ttl=32 time=113 ms
08-10 23:22:34.911  5222  5321 D cellinfo: 46 bytes from 44.241.174.93: icmp_seq=17206 ttl=32 time=112 ms
08-10 23:22:34.964  5222  5222 D cellinfo: onsignalStrengthsChanged: LTE Signal Strength info: rsrp: -105 rsrq: -16 rssi: -69 rssnr: -1
08-10 23:22:35.111  5222  5321 D cellinfo: 46 bytes from 44.241.174.93: icmp_seq=17207 ttl=32 time=109 ms
08-10 23:22:35.311  5222  5321 D cellinfo: 46 bytes from 44.241.174.93: icmp_seq=17208 ttl=32 time=110 ms
08-10 23:22:35.447  5222  5222 D cellinfo: Latitude is 39.9757847
08-10 23:22:35.447  5222  5222 D cellinfo: Longitude is -104.9882026
08-10 23:22:35.447  5222  5222 D cellinfo: Instantaneous GPS information: United States, Dwight D. Eisenhower Hwy, Broomfield, CO 80023, USA
08-10 23:22:35.447  5222  5222 D cellinfo: getCurrentLocation() result: Location (success): 39.9757847, -104.9882026
08-10 23:22:35.499  5222  5222 D cellinfo: onCellInfoChanged: Operator: AT&T...1 UpdateTimestamp: 200028235 CellConnectionStatus: 0
08-10 23:22:35.499  5222  5222 D cellinfo: onCellInfoChanged: LTE Cell Bands: [2] Bandwidth: 2147483647 Cell ID: 97544457 Physical Cell ID: 220 Tracking Area Code: 38420 EARFCN: 700
08-10 23:22:35.510  5222  5321 D cellinfo: 46 bytes from 44.241.174.93: icmp_seq=17209 ttl=32 time=108 ms
08-10 23:22:35.712  5222  5321 D cellinfo: 46 bytes from 44.241.174.93: icmp_seq=17210 ttl=32 time=108 ms
