08-10 22:25:59.686  5222  5321 D cellinfo: 46 bytes from 44.241.174.93: icmp_seq=310 ttl=32 time=100 ms
08-10 22:25:59.926  5222  5321 D cellinfo: 46 bytes from 44.241.174.93: icmp_seq=311 ttl=32 time=139 ms
08-10 22:26:00.080  5222  5321 D cellinfo: 46 bytes from 44.241.174.93: icmp_seq=312 ttl=32 time=93.6 ms
08-10 22:26:00.325  5222  5321 D cellinfo: 46 bytes from 44.241.174.93: icmp_seq=313 ttl=32 time=139 ms
08-10 22:26:00.486  5222  5321 D cellinfo: 46 bytes from 44.241.174.93: icmp_seq=314 ttl=32 time=98.6 ms
08-10 22:26:00.727  5222  5321 D cellinfo: 46 bytes from 44.241.174.93: icmp_seq=315 ttl=32 time=137 ms
08-10 22:26:00.899  5222  5321 D cellinfo: 46 bytes from 44.241.174.93: icmp_seq=316 ttl=32 time=110 ms
08-10 22:26:01.128  5222  5321 D cellinfo: 46 bytes from 44.241.174.93: icmp_seq=317 ttl=32 time=136 ms
08-10 22:26:01.291  5222  5321 D cellinfo: 46 bytes from 44.241.174.93: icmp_seq=318 ttl=32 time=99.7 ms
08-10 22:26:01.534  5222  5321 D cellinfo: 46 bytes from 44.241.174.93: icmp_seq=319 ttl=32 time=140 ms
08-10 22:26:01.692  5222  5321 D cellinfo: 46 bytes from 44.241.174.93: icmp_seq=320 ttl=32 time=98.6 ms
08-10 22:26:01.928  5222  5321 D cellinfo: 46 bytes from 44.241.174.93: icmp_seq=321 ttl=32 time=132 ms
08-10 22:26:02.017  5222  5222 D cellinfo: onsignalStrengthsChanged: LTE Signal Strength info: rsrp: -99 rsrq: -10 rssi: -75 rssnr: 15
08-10 22:26:02.167  5222  5321 D cellinfo: 46 bytes from 44.241.174.93: icmp_seq=322 ttl=32 time=169 ms
08-10 22:26:02.327  5222  5321 D cellinfo: 46 bytes from 44.241.174.93: icmp_seq=323 ttl=32 time=131 ms
08-10 22:26:02.446  5222  5222 D cellinfo: Latitude is 40.6578837
08-10 22:26:02.446  5222  5222 D cellinfo: Longitude is -105.1565514
08-10 22:26:02.446  5222  5222 D cellinfo: Instantaneous GPS information: United States, 4945-4821 US-287, Laporte, CO 80535, USA
08-10 22:26:02.447  5222  5222 D cellinfo: getCurrentLocation() result: Location (success): 40.6578837, -105.1565514
08-10 22:26:02.493  5222  5222 D cellinfo: onCellInfoChanged: Operator: AT&T UpdateTimestamp: 196635228 CellConnectionStatus: 0
08-10 22:26:02.493  5222  5222 D cellinfo: onCellInfoChanged: LTE Cell Bands: [12] Bandwidth: 2147483647 Cell ID: 98066960 Physical Cell ID: 416 Tracking Area Code: 38403 EARFCN: 5110
08-10 22:26:02.566  5222  5321 D cellinfo: 46 bytes from 44.241.174.93: icmp_seq=324 ttl=32 time=169 ms
08-10 22:26:02.726  5222  5321 D cellinfo: 46 bytes from 44.241.174.93: icmp_seq=325 ttl=32 time=129 ms
08-10 22:26:02.965  5222  5321 D cellinfo: 46 bytes from 44.241.174.93: icmp_seq=326 ttl=32 time=168 ms
08-10 22:26:03.134  5222  5321 D cellinfo: 46 bytes from 44.241.174.93: icmp_seq=327 ttl=32 time=135 ms
08-10 22:26:03.141  5222  5222 D cellinfo: onsignalStrengthsChanged: LTE Signal Strength info: rsrp: -101 rsrq: -10 rssi: -81 rssnr: 14
08-10 22:26:03.298  5222  5321 D cellinfo: 46 bytes from 44.241.174.93: icmp_seq=328 ttl=32 time=100 ms
08-10 22:26:03.533  5222  5321 D cellinfo: 46 bytes from 44.241.174.93: icmp_seq=329 ttl=32 time=135 ms
08-10 22:26:03.733  5222  5321 D cellinfo: 46 bytes from 44.241.174.93: icmp_seq=330 ttl=32 time=134 ms
08-10 22:26:03.969  5222  5321 D cellinfo: 46 bytes from 44.241.174.93: icmp_seq=331 ttl=32 time=167 ms
08-10 22:26:04.125  5222  5321 D cellinfo: 46 bytes from 44.241.174.93: icmp_seq=332 ttl=32 time=125 ms
08-10 22:26:04.251  5222  5222 D cellinfo: onsignalStrengthsChanged: LTE Signal Strength info: rsrp: -102 rsrq: -10 rssi: -87 rssnr: 12
08-10 22:26:04.327  5222  5321 D cellinfo: 46 bytes from 44.241.174.93: icmp_seq=333 ttl=32 time=126 ms
08-10 22:26:04.529  5222  5321 D cellinfo: 46 bytes from 44.241.174.93: icmp_seq=334 ttl=32 time=129 ms
08-10 22:26:04.726  5222  5321 D cellinfo: 46 bytes from 44.241.174.93: icmp_seq=335 ttl=32 time=125 ms
08-10 22:26:04.967  5222  5321 D cellinfo: 46 bytes from 44.241.174.93: icmp_seq=336 ttl=32 time=163 ms
08-10 22:26:05.126  5222  5321 D cellinfo: 46 bytes from 44.241.174.93: icmp_seq=337 ttl=32 time=124 ms
08-10 22:26:05.367  5222  5321 D cellinfo: 46 bytes from 44.241.174.93: icmp_seq=338 ttl=32 time=161 ms
08-10 22:26:05.490  5222  5222 D cellinfo: onCellInfoChanged: Operator: AT&T UpdateTimestamp: 196638224 CellConnectionStatus: 0
08-10 22:26:05.490  5222  5222 D cellinfo: onCellInfoChanged: LTE Cell Bands: [12] Bandwidth: 2147483647 Cell ID: 98066960 Physical Cell ID: 416 Tracking Area Code: 38403 EARFCN: 5110
08-10 22:26:05.565  5222  5321 D cellinfo: 46 bytes from 44.241.174.93: icmp_seq=339 ttl=32 time=159 ms
08-10 22:26:05.782  5222  5321 D cellinfo: 46 bytes from 44.241.174.93: icmp_seq=340 ttl=32 time=175 ms
08-10 22:26:05.945  5222  5321 D cellinfo: 46 bytes from 44.241.174.93: icmp_seq=341 ttl=32 time=138 ms
08-10 22:26:06.126  5222  5321 D cellinfo: 46 bytes from 44.241.174.93: icmp_seq=342 ttl=32 time=118 ms
08-10 22:26:06.139  5222  5222 D cellinfo: onsignalStrengthsChanged: LTE Signal Strength info: rsrp: -104 rsrq: -11 rssi: -83 rssnr: 9
08-10 22:26:06.329  5222  5321 D cellinfo: 46 bytes from 44.241.174.93: icmp_seq=343 ttl=32 time=120 ms
08-10 22:26:06.494  5222  5222 D cellinfo: onsignalStrengthsChanged: LTE Signal Strength info: rsrp: -106 rsrq: -11 rssi: -77 rssnr: 7
08-10 22:26:06.528  5222  5321 D cellinfo: 46 bytes from 44.241.174.93: icmp_seq=344 ttl=32 time=117 ms
08-10 22:26:06.735  5222  5321 D cellinfo: 46 bytes from 44.241.174.93: icmp_seq=345 ttl=32 time=123 ms
08-10 22:26:06.966  5222  5321 D cellinfo: 46 bytes from 44.241.174.93: icmp_seq=346 ttl=32 time=153 ms
08-10 22:26:07.134  5222  5321 D cellinfo: 46 bytes from 44.241.174.93: icmp_seq=347 ttl=32 time=120 ms
08-10 22:26:07.368  5222  5321 D cellinfo: 46 bytes from 44.241.174.93: icmp_seq=348 ttl=32 time=151 ms
08-10 22:26:07.774  5222  5321 D cellinfo: 46 bytes from 44.241.174.93: icmp_seq=349 ttl=32 time=355 ms
08-10 22:26:07.774  5222  5321 D cellinfo: 46 bytes from 44.241.174.93: icmp_seq=350 ttl=32 time=144 ms
08-10 22:26:08.214  5222  5321 D cellinfo: 46 bytes from 44.241.174.93: icmp_seq=351 ttl=32 time=383 ms
08-10 22:26:08.504  5222  5321 D cellinfo: 46 bytes from 44.241.174.93: icmp_seq=352 ttl=32 time=464 ms
08-10 22:26:08.570  5222  5321 D cellinfo: 46 bytes from 44.241.174.93: icmp_seq=353 ttl=32 time=328 ms
08-10 22:26:08.586  5222  5321 D cellinfo: 46 bytes from 44.241.174.93: icmp_seq=354 ttl=32 time=135 ms
08-10 22:26:08.792  5222  5321 D cellinfo: 46 bytes from 44.241.174.93: icmp_seq=355 ttl=32 time=138 ms
08-10 22:26:08.995  5222  5321 D cellinfo: 46 bytes from 44.241.174.93: icmp_seq=356 ttl=32 time=139 ms
08-10 22:26:09.192  5222  5321 D cellinfo: 46 bytes from 44.241.174.93: icmp_seq=357 ttl=32 time=136 ms
08-10 22:26:09.392  5222  5321 D cellinfo: 46 bytes from 44.241.174.93: icmp_seq=358 ttl=32 time=133 ms
08-10 22:26:09.596  5222  5321 D cellinfo: 46 bytes from 44.241.174.93: icmp_seq=359 ttl=32 time=135 ms
08-10 22:26:09.771  5222  5321 D cellinfo: 46 bytes from 44.241.174.93: icmp_seq=360 ttl=32 time=107 ms
08-10 22:26:09.993  5222  5321 D cellinfo: 46 bytes from 44.241.174.93: icmp_seq=361 ttl=32 time=127 ms
08-10 22:26:10.194  5222  5321 D cellinfo: 46 bytes from 44.241.174.93: icmp_seq=362 ttl=32 time=126 ms
08-10 22:26:10.393  5222  5321 D cellinfo: 46 bytes from 44.241.174.93: icmp_seq=363 ttl=32 time=122 ms
08-10 22:26:10.594  5222  5321 D cellinfo: 46 bytes from 44.241.174.93: icmp_seq=364 ttl=32 time=121 ms
08-10 22:26:10.790  5222  5321 D cellinfo: 46 bytes from 44.241.174.93: icmp_seq=365 ttl=32 time=117 ms
08-10 22:26:10.991  5222  5321 D cellinfo: 46 bytes from 44.241.174.93: icmp_seq=366 ttl=32 time=116 ms
08-10 22:26:11.192  5222  5321 D cellinfo: 46 bytes from 44.241.174.93: icmp_seq=367 ttl=32 time=114 ms
08-10 22:26:11.391  5222  5321 D cellinfo: 46 bytes from 44.241.174.93: icmp_seq=368 ttl=32 time=112 ms
08-10 22:26:11.631  5222  5321 D cellinfo: 46 bytes from 44.241.174.93: icmp_seq=369 ttl=32 time=150 ms
08-10 22:26:11.790  5222  5321 D cellinfo: 46 bytes from 44.241.174.93: icmp_seq=370 ttl=32 time=108 ms
08-10 22:26:11.998  5222  5321 D cellinfo: 46 bytes from 44.241.174.93: icmp_seq=371 ttl=32 time=113 ms
08-10 22:26:12.069  5222  5222 D cellinfo: getCurrentLocation() result: Location (success): 40.6591668, -105.1525115
08-10 22:26:12.071  5222  5222 D cellinfo: onCellInfoChanged: Operator: AT&T UpdateTimestamp: 196641233 CellConnectionStatus: 0
08-10 22:26:12.072  5222  5222 D cellinfo: onCellInfoChanged: LTE Cell Bands: [12] Bandwidth: 2147483647 Cell ID: 98053649 Physical Cell ID: 437 Tracking Area Code: 38403 EARFCN: 5110
08-10 22:26:12.072  5222  5222 D cellinfo: onServiceStateChanged: Channel Number: 5110 Cell Bandwidths: []
08-10 22:26:12.072  5222  5222 D cellinfo: onCellInfoChanged: Operator: AT&T UpdateTimestamp: 196641243 CellConnectionStatus: 0
08-10 22:26:12.072  5222  5222 D cellinfo: onCellInfoChanged: LTE Cell Bands: [12] Bandwidth: 2147483647 Cell ID: 98053649 Physical Cell ID: 437 Tracking Area Code: 38403 EARFCN: 5110
08-10 22:26:12.072  5222  5222 D cellinfo: onsignalStrengthsChanged: LTE Signal Strength info: rsrp: -107 rsrq: -11 rssi: -87 rssnr: 7
08-10 22:26:12.073  5222  5222 D cellinfo: onsignalStrengthsChanged: LTE Signal Strength info: rsrp: -109 rsrq: -13 rssi: -77 rssnr: 5
08-10 22:26:12.073  5222  5222 D cellinfo: onCellInfoChanged: Operator: AT&T UpdateTimestamp: 196644281 CellConnectionStatus: 0
08-10 22:26:12.073  5222  5222 D cellinfo: onCellInfoChanged: LTE Cell Bands: [12] Bandwidth: 2147483647 Cell ID: 98053649 Physical Cell ID: 437 Tracking Area Code: 38403 EARFCN: 5110
08-10 22:26:12.194  5222  5321 D cellinfo: 46 bytes from 44.241.174.93: icmp_seq=372 ttl=32 time=110 ms
08-10 22:26:12.396  5222  5321 D cellinfo: 46 bytes from 44.241.174.93: icmp_seq=373 ttl=32 time=108 ms
08-10 22:26:12.595  5222  5321 D cellinfo: 46 bytes from 44.241.174.93: icmp_seq=374 ttl=32 time=106 ms
08-10 22:26:12.797  5222  5321 D cellinfo: 46 bytes from 44.241.174.93: icmp_seq=375 ttl=32 time=106 ms
08-10 22:26:12.995  5222  5321 D cellinfo: 46 bytes from 44.241.174.93: icmp_seq=376 ttl=32 time=103 ms
08-10 22:26:13.196  5222  5321 D cellinfo: 46 bytes from 44.241.174.93: icmp_seq=377 ttl=32 time=101 ms
08-10 22:26:13.396  5222  5321 D cellinfo: 46 bytes from 44.241.174.93: icmp_seq=378 ttl=32 time=99.9 ms
08-10 22:26:13.631  5222  5321 D cellinfo: 46 bytes from 44.241.174.93: icmp_seq=379 ttl=32 time=133 ms
08-10 22:26:13.796  5222  5321 D cellinfo: 46 bytes from 44.241.174.93: icmp_seq=380 ttl=32 time=96.5 ms
08-10 22:26:13.996  5222  5321 D cellinfo: 46 bytes from 44.241.174.93: icmp_seq=381 ttl=32 time=95.7 ms
08-10 22:26:14.238  5222  5321 D cellinfo: 46 bytes from 44.241.174.93: icmp_seq=382 ttl=32 time=136 ms
08-10 22:26:14.431  5222  5321 D cellinfo: 46 bytes from 44.241.174.93: icmp_seq=383 ttl=32 time=127 ms
08-10 22:26:14.632  5222  5321 D cellinfo: 46 bytes from 44.241.174.93: icmp_seq=384 ttl=32 time=127 ms
08-10 22:26:14.832  5222  5321 D cellinfo: 46 bytes from 44.241.174.93: icmp_seq=385 ttl=32 time=124 ms
08-10 22:26:15.034  5222  5321 D cellinfo: 46 bytes from 44.241.174.93: icmp_seq=386 ttl=32 time=123 ms
08-10 22:26:15.233  5222  5321 D cellinfo: 46 bytes from 44.241.174.93: icmp_seq=387 ttl=32 time=122 ms
08-10 22:26:15.433  5222  5321 D cellinfo: 46 bytes from 44.241.174.93: icmp_seq=388 ttl=32 time=119 ms
08-10 22:26:15.671  5222  5321 D cellinfo: 46 bytes from 44.241.174.93: icmp_seq=389 ttl=32 time=156 ms
08-10 22:26:15.832  5222  5321 D cellinfo: 46 bytes from 44.241.174.93: icmp_seq=390 ttl=32 time=114 ms
08-10 22:26:16.030  5222  5321 D cellinfo: 46 bytes from 44.241.174.93: icmp_seq=391 ttl=32 time=111 ms
08-10 22:26:16.234  5222  5321 D cellinfo: 46 bytes from 44.241.174.93: icmp_seq=392 ttl=32 time=112 ms
08-10 22:26:16.433  5222  5321 D cellinfo: 46 bytes from 44.241.174.93: icmp_seq=393 ttl=32 time=111 ms
08-10 22:26:16.635  5222  5321 D cellinfo: 46 bytes from 44.241.174.93: icmp_seq=394 ttl=32 time=112 ms
08-10 22:26:16.834  5222  5321 D cellinfo: 46 bytes from 44.241.174.93: icmp_seq=395 ttl=32 time=109 ms
08-10 22:26:17.035  5222  5321 D cellinfo: 46 bytes from 44.241.174.93: icmp_seq=396 ttl=32 time=108 ms
08-10 22:26:17.120  5222  5222 D cellinfo: getCurrentLocation() result: Location (success): 40.6591668, -105.1525115
08-10 22:26:17.235  5222  5321 D cellinfo: 46 bytes from 44.241.174.93: icmp_seq=397 ttl=32 time=107 ms
08-10 22:26:17.434  5222  5321 D cellinfo: 46 bytes from 44.241.174.93: icmp_seq=398 ttl=32 time=105 ms
08-10 22:26:17.646  5222  5321 D cellinfo: 46 bytes from 44.241.174.93: icmp_seq=399 ttl=32 time=114 ms
08-10 22:26:17.798  5222  5222 D cellinfo: Latitude is 40.6592452
08-10 22:26:17.798  5222  5222 D cellinfo: Longitude is -105.150947
08-10 22:26:17.798  5222  5222 D cellinfo: Instantaneous GPS information: United States, 4727 US-287, Laporte, CO 80535, USA
08-10 22:26:17.798  5222  5222 D cellinfo: getCurrentLocation() result: Location (success): 40.6592452, -105.150947
08-10 22:26:17.801  5222  5222 D cellinfo: onsignalStrengthsChanged: LTE Signal Strength info: rsrp: -111 rsrq: -14 rssi: -73 rssnr: 1
08-10 22:26:17.801  5222  5222 D cellinfo: onsignalStrengthsChanged: LTE Signal Strength info: rsrp: -112 rsrq: -15 rssi: -75 rssnr: 0
08-10 22:26:17.834  5222  5321 D cellinfo: 46 bytes from 44.241.174.93: icmp_seq=400 ttl=32 time=101 ms
08-10 22:26:18.046  5222  5321 D cellinfo: 46 bytes from 44.241.174.93: icmp_seq=401 ttl=32 time=110 ms
08-10 22:26:18.237  5222  5321 D cellinfo: 46 bytes from 44.241.174.93: icmp_seq=402 ttl=32 time=100 ms
08-10 22:26:18.395  5222  5222 D cellinfo: Latitude is 40.6592321
08-10 22:26:18.395  5222  5222 D cellinfo: Longitude is -105.1505622
08-10 22:26:18.395  5222  5222 D cellinfo: Instantaneous GPS information: United States, 4727 US-287, Laporte, CO 80535, USA
08-10 22:26:18.395  5222  5222 D cellinfo: getCurrentLocation() result: Location (success): 40.6592321, -105.1505622
08-10 22:26:18.437  5222  5321 D cellinfo: 46 bytes from 44.241.174.93: icmp_seq=403 ttl=32 time=98.1 ms
08-10 22:26:18.636  5222  5321 D cellinfo: 46 bytes from 44.241.174.93: icmp_seq=404 ttl=32 time=95.6 ms
08-10 22:26:18.866  5222  5321 D cellinfo: 46 bytes from 44.241.174.93: icmp_seq=405 ttl=32 time=124 ms
08-10 22:26:19.004  5222  5222 D cellinfo: Latitude is 40.6589988
08-10 22:26:19.004  5222  5222 D cellinfo: Longitude is -105.1486949
08-10 22:26:19.004  5222  5222 D cellinfo: Instantaneous GPS information: United States, 4727 Arthur Mae Ln, Laporte, CO 80535, USA
08-10 22:26:19.004  5222  5222 D cellinfo: getCurrentLocation() result: Location (success): 40.6589988, -105.1486949
08-10 22:26:19.062  5222  5321 D cellinfo: 46 bytes from 44.241.174.93: icmp_seq=406 ttl=32 time=120 ms
08-10 22:26:19.234  5222  5321 D cellinfo: 46 bytes from 44.241.174.93: icmp_seq=407 ttl=32 time=92.4 ms
08-10 22:26:19.444  5222  5321 D cellinfo: 46 bytes from 44.241.174.93: icmp_seq=408 ttl=32 time=100 ms
08-10 22:26:19.670  5222  5321 D cellinfo: 46 bytes from 44.241.174.93: icmp_seq=409 ttl=32 time=126 ms
08-10 22:26:19.828  5222  5222 D cellinfo: onCellInfoChanged: Operator: AT&T UpdateTimestamp: 196652562 CellConnectionStatus: 0
08-10 22:26:19.828  5222  5222 D cellinfo: onCellInfoChanged: LTE Cell Bands: [12] Bandwidth: 2147483647 Cell ID: 98053649 Physical Cell ID: 437 Tracking Area Code: 38403 EARFCN: 5110
08-10 22:26:19.832  5222  5321 D cellinfo: 46 bytes from 44.241.174.93: icmp_seq=410 ttl=32 time=88.6 ms
08-10 22:26:20.070  5222  5321 D cellinfo: 46 bytes from 44.241.174.93: icmp_seq=411 ttl=32 time=123 ms
08-10 22:26:20.270  5222  5321 D cellinfo: 46 bytes from 44.241.174.93: icmp_seq=412 ttl=32 time=123 ms
08-10 22:26:20.442  5222  5222 D cellinfo: Latitude is 40.6589988
08-10 22:26:20.442  5222  5222 D cellinfo: Longitude is -105.1486949
08-10 22:26:20.442  5222  5222 D cellinfo: Instantaneous GPS information: United States, 4727 Arthur Mae Ln, Laporte, CO 80535, USA
08-10 22:26:20.442  5222  5222 D cellinfo: getCurrentLocation() result: Location (success): 40.6589988, -105.1486949
08-10 22:26:20.461  5222  5321 D cellinfo: 46 bytes from 44.241.174.93: icmp_seq=413 ttl=32 time=112 ms
08-10 22:26:20.670  5222  5321 D cellinfo: 46 bytes from 44.241.174.93: icmp_seq=414 ttl=32 time=120 ms
08-10 22:26:20.870  5222  5321 D cellinfo: 46 bytes from 44.241.174.93: icmp_seq=415 ttl=32 time=120 ms
08-10 22:26:21.070  5222  5321 D cellinfo: 46 bytes from 44.241.174.93: icmp_seq=416 ttl=32 time=119 ms
08-10 22:26:21.269  5222  5321 D cellinfo: 46 bytes from 44.241.174.93: icmp_seq=417 ttl=32 time=119 ms
08-10 22:26:21.469  5222  5321 D cellinfo: 46 bytes from 44.241.174.93: icmp_seq=418 ttl=32 time=119 ms
08-10 22:26:21.670  5222  5321 D cellinfo: 46 bytes from 44.241.174.93: icmp_seq=419 ttl=32 time=118 ms
08-10 22:26:21.880  5222  5321 D cellinfo: 46 bytes from 44.241.174.93: icmp_seq=420 ttl=32 time=129 ms
08-10 22:26:22.118  5222  5321 D cellinfo: 46 bytes from 44.241.174.93: icmp_seq=421 ttl=32 time=165 ms
08-10 22:26:22.311  5222  5321 D cellinfo: 46 bytes from 44.241.174.93: icmp_seq=422 ttl=32 time=157 ms
08-10 22:26:22.494  5222  5222 D cellinfo: onCellInfoChanged: Operator: AT&T UpdateTimestamp: 196655224 CellConnectionStatus: 0
08-10 22:26:22.494  5222  5222 D cellinfo: onCellInfoChanged: LTE Cell Bands: [12] Bandwidth: 2147483647 Cell ID: 98050063 Physical Cell ID: 330 Tracking Area Code: 38403 EARFCN: 5110
08-10 22:26:22.522  5222  5222 D cellinfo: onServiceStateChanged: Channel Number: 5110 Cell Bandwidths: []
08-10 22:26:22.561  5222  5321 D cellinfo: 46 bytes from 44.241.174.93: icmp_seq=423 ttl=32 time=209 ms
08-10 22:26:22.737  5222  5321 D cellinfo: 46 bytes from 44.241.174.93: icmp_seq=424 ttl=32 time=177 ms
08-10 22:26:22.939  5222  5321 D cellinfo: 46 bytes from 44.241.174.93: icmp_seq=425 ttl=32 time=175 ms
08-10 22:26:23.219  5222  5321 D cellinfo: 46 bytes from 44.241.174.93: icmp_seq=426 ttl=32 time=254 ms
08-10 22:26:23.450  5222  5222 D cellinfo: Latitude is 40.6589988
08-10 22:26:23.450  5222  5222 D cellinfo: Longitude is -105.1486949
08-10 22:26:23.450  5222  5222 D cellinfo: Instantaneous GPS information: United States, 4727 Arthur Mae Ln, Laporte, CO 80535, USA
08-10 22:26:23.450  5222  5222 D cellinfo: getCurrentLocation() result: Location (success): 40.6589988, -105.1486949
08-10 22:26:23.501  5222  5321 D cellinfo: 46 bytes from 44.241.174.93: icmp_seq=427 ttl=32 time=328 ms
08-10 22:26:23.505  5222  5321 D cellinfo: 46 bytes from 44.241.174.93: icmp_seq=428 ttl=32 time=130 ms
08-10 22:26:23.510  5222  5222 D cellinfo: onCellInfoChanged: Operator: AT&T UpdateTimestamp: 196656239 CellConnectionStatus: 0
08-10 22:26:23.510  5222  5222 D cellinfo: onCellInfoChanged: LTE Cell Bands: [12] Bandwidth: 2147483647 Cell ID: 98050063 Physical Cell ID: 330 Tracking Area Code: 38403 EARFCN: 5110
08-10 22:26:23.660  5222  5222 D cellinfo: onCellInfoChanged: Operator: AT&T UpdateTimestamp: 196656394 CellConnectionStatus: 0
08-10 22:26:23.660  5222  5222 D cellinfo: onCellInfoChanged: LTE Cell Bands: [12] Bandwidth: 2147483647 Cell ID: 98064913 Physical Cell ID: 323 Tracking Area Code: 38403 EARFCN: 5110
08-10 22:26:23.706  5222  5321 D cellinfo: 46 bytes from 44.241.174.93: icmp_seq=429 ttl=32 time=129 ms
08-10 22:26:23.706  5222  5222 D cellinfo: onServiceStateChanged: Channel Number: 5110 Cell Bandwidths: []
08-10 22:26:23.867  5222  5321 D cellinfo: 46 bytes from 44.241.174.93: icmp_seq=430 ttl=32 time=90.6 ms
08-10 22:26:24.315  5222  5321 D cellinfo: 46 bytes from 44.241.174.93: icmp_seq=431 ttl=32 time=337 ms
08-10 22:26:24.328  5222  5321 D cellinfo: 46 bytes from 44.241.174.93: icmp_seq=432 ttl=32 time=141 ms
08-10 22:26:24.506  5222  5321 D cellinfo: 46 bytes from 44.241.174.93: icmp_seq=433 ttl=32 time=117 ms
08-10 22:26:24.714  5222  5321 D cellinfo: 46 bytes from 44.241.174.93: icmp_seq=434 ttl=32 time=125 ms
08-10 22:26:24.905  5222  5321 D cellinfo: 46 bytes from 44.241.174.93: icmp_seq=435 ttl=32 time=113 ms
08-10 22:26:25.115  5222  5321 D cellinfo: 46 bytes from 44.241.174.93: icmp_seq=436 ttl=32 time=122 ms
08-10 22:26:25.288  5222  5321 D cellinfo: 46 bytes from 44.241.174.93: icmp_seq=437 ttl=32 time=96.7 ms
08-10 22:26:25.506  5222  5321 D cellinfo: 46 bytes from 44.241.174.93: icmp_seq=438 ttl=32 time=114 ms
08-10 22:26:25.564  5222  5222 D cellinfo: onCellInfoChanged: Operator: AT&T UpdateTimestamp: 196658294 CellConnectionStatus: 0
08-10 22:26:25.564  5222  5222 D cellinfo: onCellInfoChanged: LTE Cell Bands: [12] Bandwidth: 2147483647 Cell ID: 98064913 Physical Cell ID: 323 Tracking Area Code: 38403 EARFCN: 5110
08-10 22:26:25.688  5222  5321 D cellinfo: 46 bytes from 44.241.174.93: icmp_seq=439 ttl=32 time=96.2 ms
08-10 22:26:25.907  5222  5321 D cellinfo: 46 bytes from 44.241.174.93: icmp_seq=440 ttl=32 time=114 ms
08-10 22:26:26.145  5222  5321 D cellinfo: 46 bytes from 44.241.174.93: icmp_seq=441 ttl=32 time=151 ms
08-10 22:26:26.319  5222  5321 D cellinfo: 46 bytes from 44.241.174.93: icmp_seq=442 ttl=32 time=123 ms
08-10 22:26:26.455  5222  5222 D cellinfo: Latitude is 40.6589988
08-10 22:26:26.455  5222  5222 D cellinfo: Longitude is -105.1486949
08-10 22:26:26.455  5222  5222 D cellinfo: Instantaneous GPS information: United States, 4727 Arthur Mae Ln, Laporte, CO 80535, USA
08-10 22:26:26.455  5222  5222 D cellinfo: getCurrentLocation() result: Location (success): 40.6589988, -105.1486949
08-10 22:26:26.625  5222  5321 D cellinfo: 46 bytes from 44.241.174.93: icmp_seq=443 ttl=32 time=230 ms
08-10 22:26:26.788  5222  5321 D cellinfo: 46 bytes from 44.241.174.93: icmp_seq=444 ttl=32 time=183 ms
08-10 22:26:26.959  5222  5321 D cellinfo: 46 bytes from 44.241.174.93: icmp_seq=445 ttl=32 time=154 ms
08-10 22:26:27.129  5222  5321 D cellinfo: 46 bytes from 44.241.174.93: icmp_seq=446 ttl=32 time=123 ms
08-10 22:26:27.329  5222  5321 D cellinfo: 46 bytes from 44.241.174.93: icmp_seq=447 ttl=32 time=121 ms
08-10 22:26:28.123  5222  5321 D cellinfo: 46 bytes from 44.241.174.93: icmp_seq=448 ttl=32 time=714 ms
08-10 22:26:28.123  5222  5321 D cellinfo: 46 bytes from 44.241.174.93: icmp_seq=449 ttl=32 time=505 ms
08-10 22:26:28.202  5222  5222 D cellinfo: onsignalStrengthsChanged: LTE Signal Strength info: rsrp: -110 rsrq: -16 rssi: -85 rssnr: -1
08-10 22:26:28.207  5222  5321 D cellinfo: 46 bytes from 44.241.174.93: icmp_seq=450 ttl=32 time=382 ms
08-10 22:26:28.213  5222  5321 D cellinfo: 46 bytes from 44.241.174.93: icmp_seq=451 ttl=32 time=179 ms
08-10 22:26:28.221  5222  5222 D cellinfo: onCellInfoChanged: Operator: AT&T UpdateTimestamp: 196660953 CellConnectionStatus: 0
08-10 22:26:28.221  5222  5222 D cellinfo: onCellInfoChanged: LTE Cell Bands: [12] Bandwidth: 2147483647 Cell ID: 98050063 Physical Cell ID: 330 Tracking Area Code: 38403 EARFCN: 5110
08-10 22:26:28.247  5222  5222 D cellinfo: onServiceStateChanged: Channel Number: 5110 Cell Bandwidths: []
08-10 22:26:28.337  5222  5321 D cellinfo: 46 bytes from 44.241.174.93: icmp_seq=452 ttl=32 time=102 ms
08-10 22:26:28.539  5222  5321 D cellinfo: 46 bytes from 44.241.174.93: icmp_seq=453 ttl=32 time=102 ms
08-10 22:26:28.747  5222  5321 D cellinfo: 46 bytes from 44.241.174.93: icmp_seq=454 ttl=32 time=109 ms
08-10 22:26:28.891  5222  5222 D cellinfo: onsignalStrengthsChanged: LTE Signal Strength info: rsrp: -111 rsrq: -17 rssi: -77 rssnr: -2
08-10 22:26:28.979  5222  5321 D cellinfo: 46 bytes from 44.241.174.93: icmp_seq=455 ttl=32 time=142 ms
08-10 22:26:29.139  5222  5321 D cellinfo: 46 bytes from 44.241.174.93: icmp_seq=456 ttl=32 time=101 ms
08-10 22:26:29.338  5222  5321 D cellinfo: 46 bytes from 44.241.174.93: icmp_seq=457 ttl=32 time=100 ms
08-10 22:26:29.481  5222  5222 D cellinfo: onCellInfoChanged: Operator: AT&T UpdateTimestamp: 196662216 CellConnectionStatus: 0
08-10 22:26:29.481  5222  5222 D cellinfo: onCellInfoChanged: LTE Cell Bands: [12] Bandwidth: 2147483647 Cell ID: 98050063 Physical Cell ID: 330 Tracking Area Code: 38403 EARFCN: 5110
08-10 22:26:29.538  5222  5321 D cellinfo: 46 bytes from 44.241.174.93: icmp_seq=458 ttl=32 time=100 ms
08-10 22:26:29.739  5222  5321 D cellinfo: 46 bytes from 44.241.174.93: icmp_seq=459 ttl=32 time=100 ms
08-10 22:26:29.980  5222  5321 D cellinfo: 46 bytes from 44.241.174.93: icmp_seq=460 ttl=32 time=138 ms
08-10 22:26:30.219  5222  5321 D cellinfo: 46 bytes from 44.241.174.93: icmp_seq=461 ttl=32 time=178 ms
08-10 22:26:30.872  5222  5321 D cellinfo: 46 bytes from 44.241.174.93: icmp_seq=462 ttl=32 time=628 ms
08-10 22:26:30.881  5222  5321 D cellinfo: 46 bytes from 44.241.174.93: icmp_seq=463 ttl=32 time=438 ms
08-10 22:26:30.882  5222  5321 D cellinfo: 46 bytes from 44.241.174.93: icmp_seq=464 ttl=32 time=237 ms
08-10 22:26:30.960  5222  5321 D cellinfo: 46 bytes from 44.241.174.93: icmp_seq=465 ttl=32 time=117 ms
08-10 22:26:31.161  5222  5321 D cellinfo: 46 bytes from 44.241.174.93: icmp_seq=466 ttl=32 time=116 ms
08-10 22:26:31.456  5222  5321 D cellinfo: 46 bytes from 44.241.174.93: icmp_seq=467 ttl=32 time=209 ms
08-10 22:26:31.459  5222  5222 D cellinfo: Latitude is 40.6571563
08-10 22:26:31.459  5222  5222 D cellinfo: Longitude is -105.1447979
08-10 22:26:31.459  5222  5222 D cellinfo: Instantaneous GPS information: United States, 4669-4435 CO-14, Laporte, CO 80535, USA
08-10 22:26:31.459  5222  5222 D cellinfo: getCurrentLocation() result: Location (success): 40.6571563, -105.1447979
08-10 22:26:31.463  5222  5222 D cellinfo: onCellInfoChanged: Operator: AT&T UpdateTimestamp: 196663665 CellConnectionStatus: 0
08-10 22:26:31.463  5222  5222 D cellinfo: onCellInfoChanged: LTE Cell Bands: [12] Bandwidth: 2147483647 Cell ID: 98053391 Physical Cell ID: 215 Tracking Area Code: 38403 EARFCN: 5110
08-10 22:26:31.463  5222  5222 D cellinfo: onServiceStateChanged: Channel Number: 5110 Cell Bandwidths: []
08-10 22:26:31.463  5222  5222 D cellinfo: onCellInfoChanged: Operator: AT&T UpdateTimestamp: 196664092 CellConnectionStatus: 0
08-10 22:26:31.463  5222  5222 D cellinfo: onCellInfoChanged: LTE Cell Bands: [66] Bandwidth: 2147483647 Cell ID: 98082326 Physical Cell ID: 461 Tracking Area Code: 38403 EARFCN: 66711
08-10 22:26:31.463  5222  5222 D cellinfo: onServiceStateChanged: Channel Number: 66711 Cell Bandwidths: []
08-10 22:26:31.463  5222  5222 D cellinfo: onsignalStrengthsChanged: LTE Signal Strength info: rsrp: -110 rsrq: -15 rssi: -81 rssnr: -1
08-10 22:26:31.487  5222  5222 D cellinfo: onServiceStateChanged: Channel Number: 66711 Cell Bandwidths: []
08-10 22:26:31.500  5222  5222 D cellinfo: onDisplayInfoChanged: NetworkType: LTE OverrideNetworkType: 5G (Sub-6 GHz)
08-10 22:26:31.537  5222  5321 D cellinfo: 46 bytes from 44.241.174.93: icmp_seq=468 ttl=32 time=91.2 ms
08-10 22:26:31.738  5222  5321 D cellinfo: 46 bytes from 44.241.174.93: icmp_seq=469 ttl=32 time=90.8 ms
08-10 22:26:31.977  5222  5321 D cellinfo: 46 bytes from 44.241.174.93: icmp_seq=470 ttl=32 time=127 ms
08-10 22:26:32.148  5222  5321 D cellinfo: 46 bytes from 44.241.174.93: icmp_seq=471 ttl=32 time=97.8 ms
08-10 22:26:32.363  5222  5321 D cellinfo: 46 bytes from 44.241.174.93: icmp_seq=472 ttl=32 time=111 ms
08-10 22:26:32.452  5222  5222 D cellinfo: Latitude is 40.6571563
08-10 22:26:32.452  5222  5222 D cellinfo: Longitude is -105.1447979
08-10 22:26:32.452  5222  5222 D cellinfo: Instantaneous GPS information: United States, 4669-4435 CO-14, Laporte, CO 80535, USA
08-10 22:26:32.452  5222  5222 D cellinfo: getCurrentLocation() result: Location (success): 40.6571563, -105.1447979
08-10 22:26:32.504  5222  5222 D cellinfo: onCellInfoChanged: Operator: AT&T UpdateTimestamp: 196665239 CellConnectionStatus: 0
08-10 22:26:32.504  5222  5222 D cellinfo: onCellInfoChanged: LTE Cell Bands: [66] Bandwidth: 2147483647 Cell ID: 98082326 Physical Cell ID: 461 Tracking Area Code: 38403 EARFCN: 66711
08-10 22:26:32.575  5222  5321 D cellinfo: 46 bytes from 44.241.174.93: icmp_seq=473 ttl=32 time=124 ms
08-10 22:26:32.778  5222  5321 D cellinfo: 46 bytes from 44.241.174.93: icmp_seq=474 ttl=32 time=122 ms
08-10 22:26:32.976  5222  5321 D cellinfo: 46 bytes from 44.241.174.93: icmp_seq=475 ttl=32 time=121 ms
08-10 22:26:33.176  5222  5321 D cellinfo: 46 bytes from 44.241.174.93: icmp_seq=476 ttl=32 time=120 ms
08-10 22:26:33.376  5222  5321 D cellinfo: 46 bytes from 44.241.174.93: icmp_seq=477 ttl=32 time=119 ms
08-10 22:26:33.577  5222  5321 D cellinfo: 46 bytes from 44.241.174.93: icmp_seq=478 ttl=32 time=119 ms
08-10 22:26:33.747  5222  5321 D cellinfo: 46 bytes from 44.241.174.93: icmp_seq=479 ttl=32 time=90.8 ms
08-10 22:26:33.949  5222  5321 D cellinfo: 46 bytes from 44.241.174.93: icmp_seq=480 ttl=32 time=91.2 ms
08-10 22:26:34.177  5222  5321 D cellinfo: 46 bytes from 44.241.174.93: icmp_seq=481 ttl=32 time=118 ms
08-10 22:26:34.375  5222  5321 D cellinfo: 46 bytes from 44.241.174.93: icmp_seq=482 ttl=32 time=116 ms
08-10 22:26:34.577  5222  5321 D cellinfo: 46 bytes from 44.241.174.93: icmp_seq=483 ttl=32 time=116 ms
08-10 22:26:34.776  5222  5321 D cellinfo: 46 bytes from 44.241.174.93: icmp_seq=484 ttl=32 time=116 ms
08-10 22:26:34.977  5222  5321 D cellinfo: 46 bytes from 44.241.174.93: icmp_seq=485 ttl=32 time=115 ms
08-10 22:26:35.377  5222  5321 D cellinfo: 46 bytes from 44.241.174.93: icmp_seq=486 ttl=32 time=313 ms
08-10 22:26:35.386  5222  5321 D cellinfo: 46 bytes from 44.241.174.93: icmp_seq=487 ttl=32 time=123 ms
08-10 22:26:35.453  5222  5222 D cellinfo: Latitude is 40.6571563
08-10 22:26:35.453  5222  5222 D cellinfo: Longitude is -105.1447979
08-10 22:26:35.453  5222  5222 D cellinfo: Instantaneous GPS information: United States, 4669-4435 CO-14, Laporte, CO 80535, USA
08-10 22:26:35.453  5222  5222 D cellinfo: getCurrentLocation() result: Location (success): 40.6571563, -105.1447979
08-10 22:26:35.503  5222  5222 D cellinfo: onCellInfoChanged: Operator: AT&T UpdateTimestamp: 196668239 CellConnectionStatus: 0
08-10 22:26:35.503  5222  5222 D cellinfo: onCellInfoChanged: LTE Cell Bands: [66] Bandwidth: 2147483647 Cell ID: 98082326 Physical Cell ID: 461 Tracking Area Code: 38403 EARFCN: 66711
08-10 22:26:35.577  5222  5321 D cellinfo: 46 bytes from 44.241.174.93: icmp_seq=488 ttl=32 time=113 ms
08-10 22:26:35.615  5222  5222 D cellinfo: onsignalStrengthsChanged: LTE Signal Strength info: rsrp: -110 rsrq: -13 rssi: -85 rssnr: 0
08-10 22:26:35.783  5222  5321 D cellinfo: 46 bytes from 44.241.174.93: icmp_seq=489 ttl=32 time=120 ms
08-10 22:26:35.979  5222  5321 D cellinfo: 46 bytes from 44.241.174.93: icmp_seq=490 ttl=32 time=116 ms
08-10 22:26:36.177  5222  5321 D cellinfo: 46 bytes from 44.241.174.93: icmp_seq=491 ttl=32 time=111 ms
08-10 22:26:36.376  5222  5321 D cellinfo: 46 bytes from 44.241.174.93: icmp_seq=492 ttl=32 time=109 ms
08-10 22:26:36.576  5222  5321 D cellinfo: 46 bytes from 44.241.174.93: icmp_seq=493 ttl=32 time=108 ms
08-10 22:26:36.777  5222  5321 D cellinfo: 46 bytes from 44.241.174.93: icmp_seq=494 ttl=32 time=108 ms
08-10 22:26:36.977  5222  5321 D cellinfo: 46 bytes from 44.241.174.93: icmp_seq=495 ttl=32 time=107 ms
08-10 22:26:37.177  5222  5321 D cellinfo: 46 bytes from 44.241.174.93: icmp_seq=496 ttl=32 time=107 ms
08-10 22:26:37.378  5222  5321 D cellinfo: 46 bytes from 44.241.174.93: icmp_seq=497 ttl=32 time=106 ms
08-10 22:26:37.576  5222  5321 D cellinfo: 46 bytes from 44.241.174.93: icmp_seq=498 ttl=32 time=105 ms
08-10 22:26:37.777  5222  5321 D cellinfo: 46 bytes from 44.241.174.93: icmp_seq=499 ttl=32 time=105 ms
08-10 22:26:37.980  5222  5321 D cellinfo: 46 bytes from 44.241.174.93: icmp_seq=500 ttl=32 time=106 ms
08-10 22:26:38.176  5222  5321 D cellinfo: 46 bytes from 44.241.174.93: icmp_seq=501 ttl=32 time=103 ms
08-10 22:26:38.376  5222  5321 D cellinfo: 46 bytes from 44.241.174.93: icmp_seq=502 ttl=32 time=101 ms
08-10 22:26:38.448  5222  5222 D cellinfo: Latitude is 40.6571563
08-10 22:26:38.448  5222  5222 D cellinfo: Longitude is -105.1447979
08-10 22:26:38.448  5222  5222 D cellinfo: Instantaneous GPS information: United States, 4669-4435 CO-14, Laporte, CO 80535, USA
08-10 22:26:38.448  5222  5222 D cellinfo: getCurrentLocation() result: Location (success): 40.6571563, -105.1447979
08-10 22:26:38.502  5222  5222 D cellinfo: onCellInfoChanged: Operator: AT&T UpdateTimestamp: 196671240 CellConnectionStatus: 0
08-10 22:26:38.502  5222  5222 D cellinfo: onCellInfoChanged: LTE Cell Bands: [66] Bandwidth: 2147483647 Cell ID: 98082326 Physical Cell ID: 461 Tracking Area Code: 38403 EARFCN: 66711
08-10 22:26:38.578  5222  5321 D cellinfo: 46 bytes from 44.241.174.93: icmp_seq=503 ttl=32 time=102 ms
08-10 22:26:38.777  5222  5321 D cellinfo: 46 bytes from 44.241.174.93: icmp_seq=504 ttl=32 time=100 ms
08-10 22:26:38.976  5222  5321 D cellinfo: 46 bytes from 44.241.174.93: icmp_seq=505 ttl=32 time=98.3 ms
08-10 22:26:39.178  5222  5321 D cellinfo: 46 bytes from 44.241.174.93: icmp_seq=506 ttl=32 time=99.8 ms
08-10 22:26:39.378  5222  5321 D cellinfo: 46 bytes from 44.241.174.93: icmp_seq=507 ttl=32 time=99.4 ms
08-10 22:26:39.578  5222  5321 D cellinfo: 46 bytes from 44.241.174.93: icmp_seq=508 ttl=32 time=99.0 ms
08-10 22:26:39.778  5222  5321 D cellinfo: 46 bytes from 44.241.174.93: icmp_seq=509 ttl=32 time=98.0 ms
08-10 22:26:39.979  5222  5321 D cellinfo: 46 bytes from 44.241.174.93: icmp_seq=510 ttl=32 time=98.5 ms
08-10 22:26:40.088  5222  5222 D cellinfo: onsignalStrengthsChanged: LTE Signal Strength info: rsrp: -112 rsrq: -13 rssi: -85 rssnr: 0
08-10 22:26:40.179  5222  5321 D cellinfo: 46 bytes from 44.241.174.93: icmp_seq=511 ttl=32 time=97.8 ms
08-10 22:26:40.456  5222  5321 D cellinfo: 46 bytes from 44.241.174.93: icmp_seq=512 ttl=32 time=174 ms
08-10 22:26:40.572  5222  5321 D cellinfo: 46 bytes from 44.241.174.93: icmp_seq=513 ttl=32 time=89.3 ms
08-10 22:26:41.114  5222  5321 D cellinfo: 46 bytes from 44.241.174.93: icmp_seq=514 ttl=32 time=431 ms
08-10 22:26:41.126  5222  5222 D cellinfo: onsignalStrengthsChanged: LTE Signal Strength info: rsrp: -115 rsrq: -13 rssi: -81 rssnr: 0
08-10 22:26:41.137  5222  5321 D cellinfo: 46 bytes from 44.241.174.93: icmp_seq=515 ttl=32 time=251 ms
08-10 22:26:41.142  5222  5222 D cellinfo: onCellInfoChanged: Operator: AT&T UpdateTimestamp: 196673868 CellConnectionStatus: 0
08-10 22:26:41.142  5222  5222 D cellinfo: onCellInfoChanged: LTE Cell Bands: [12] Bandwidth: 2147483647 Cell ID: 98053391 Physical Cell ID: 215 Tracking Area Code: 38403 EARFCN: 5110
08-10 22:26:41.165  5222  5222 D cellinfo: onServiceStateChanged: Channel Number: 5110 Cell Bandwidths: []
08-10 22:26:41.184  5222  5222 D cellinfo: onDisplayInfoChanged: NetworkType: LTE OverrideNetworkType: None
08-10 22:26:41.211  5222  5321 D cellinfo: 46 bytes from 44.241.174.93: icmp_seq=516 ttl=32 time=126 ms
08-10 22:26:41.452  5222  5321 D cellinfo: 46 bytes from 44.241.174.93: icmp_seq=517 ttl=32 time=163 ms
08-10 22:26:41.495  5222  5222 D cellinfo: onCellInfoChanged: Operator: AT&T UpdateTimestamp: 196674230 CellConnectionStatus: 0
08-10 22:26:41.495  5222  5222 D cellinfo: onCellInfoChanged: LTE Cell Bands: [12] Bandwidth: 2147483647 Cell ID: 98053391 Physical Cell ID: 215 Tracking Area Code: 38403 EARFCN: 5110
08-10 22:26:41.812  5222  5321 D cellinfo: 46 bytes from 44.241.174.93: icmp_seq=518 ttl=32 time=322 ms
08-10 22:26:41.854  5222  5321 D cellinfo: 46 bytes from 44.241.174.93: icmp_seq=519 ttl=32 time=157 ms
08-10 22:26:42.053  5222  5321 D cellinfo: 46 bytes from 44.241.174.93: icmp_seq=520 ttl=32 time=154 ms
08-10 22:26:42.252  5222  5321 D cellinfo: 46 bytes from 44.241.174.93: icmp_seq=521 ttl=32 time=155 ms
08-10 22:26:42.331  5222  5222 D cellinfo: onsignalStrengthsChanged: LTE Signal Strength info: rsrp: -116 rsrq: -15 rssi: -77 rssnr: -2
08-10 22:26:42.452  5222  5321 D cellinfo: 46 bytes from 44.241.174.93: icmp_seq=522 ttl=32 time=154 ms
08-10 22:26:42.693  5222  5321 D cellinfo: 46 bytes from 44.241.174.93: icmp_seq=523 ttl=32 time=193 ms
08-10 22:26:42.824  5222  5321 D cellinfo: 46 bytes from 44.241.174.93: icmp_seq=524 ttl=32 time=123 ms
08-10 22:26:43.023  5222  5321 D cellinfo: 46 bytes from 44.241.174.93: icmp_seq=525 ttl=32 time=121 ms
08-10 22:26:43.215  5222  5321 D cellinfo: 46 bytes from 44.241.174.93: icmp_seq=526 ttl=32 time=112 ms
08-10 22:26:43.734  5222  5321 D cellinfo: 46 bytes from 44.241.174.93: icmp_seq=527 ttl=32 time=429 ms
08-10 22:26:43.896  5222  5321 D cellinfo: 46 bytes from 44.241.174.93: icmp_seq=528 ttl=32 time=388 ms
08-10 22:26:43.928  5222  5222 D cellinfo: Latitude is 40.6543661
08-10 22:26:43.928  5222  5222 D cellinfo: Longitude is -105.1424731
08-10 22:26:43.928  5222  5222 D cellinfo: Instantaneous GPS information: United States, 4266-4432 CO-14, Laporte, CO 80535, USA
08-10 22:26:43.929  5222  5222 D cellinfo: getCurrentLocation() result: Location (success): 40.6543661, -105.1424731
08-10 22:26:43.932  5222  5321 D cellinfo: 46 bytes from 44.241.174.93: icmp_seq=529 ttl=32 time=216 ms
08-10 22:26:44.053  5222  5321 D cellinfo: 46 bytes from 44.241.174.93: icmp_seq=530 ttl=32 time=134 ms
08-10 22:26:44.208  5222  5222 D cellinfo: onCellInfoChanged: Operator: AT&T UpdateTimestamp: 196676938 CellConnectionStatus: 0
08-10 22:26:44.208  5222  5222 D cellinfo: onCellInfoChanged: LTE Cell Bands: [12] Bandwidth: 2147483647 Cell ID: 98053391 Physical Cell ID: 215 Tracking Area Code: 38403 EARFCN: 5110
08-10 22:26:44.214  5222  5321 D cellinfo: 46 bytes from 44.241.174.93: icmp_seq=531 ttl=32 time=97.3 ms
08-10 22:26:44.444  5222  5222 D cellinfo: Latitude is 40.6543661
08-10 22:26:44.444  5222  5222 D cellinfo: Longitude is -105.1424731
08-10 22:26:44.444  5222  5222 D cellinfo: Instantaneous GPS information: United States, 4266-4432 CO-14, Laporte, CO 80535, USA
08-10 22:26:44.444  5222  5222 D cellinfo: getCurrentLocation() result: Location (success): 40.6543661, -105.1424731
08-10 22:26:44.490  5222  5321 D cellinfo: 46 bytes from 44.241.174.93: icmp_seq=532 ttl=32 time=173 ms
08-10 22:26:44.569  5222  5222 D cellinfo: onsignalStrengthsChanged: LTE Signal Strength info: rsrp: -117 rsrq: -16 rssi: -79 rssnr: -2
08-10 22:26:44.652  5222  5321 D cellinfo: 46 bytes from 44.241.174.93: icmp_seq=533 ttl=32 time=132 ms
08-10 22:26:44.861  5222  5321 D cellinfo: 46 bytes from 44.241.174.93: icmp_seq=534 ttl=32 time=140 ms
08-10 22:26:45.052  5222  5321 D cellinfo: 46 bytes from 44.241.174.93: icmp_seq=535 ttl=32 time=129 ms
08-10 22:26:45.145  5222  5222 D cellinfo: onsignalStrengthsChanged: LTE Signal Strength info: rsrp: -116 rsrq: -16 rssi: -79 rssnr: -2
08-10 22:26:45.293  5222  5321 D cellinfo: 46 bytes from 44.241.174.93: icmp_seq=536 ttl=32 time=171 ms
08-10 22:26:45.496  5222  5321 D cellinfo: 46 bytes from 44.241.174.93: icmp_seq=537 ttl=32 time=172 ms
08-10 22:26:45.653  5222  5321 D cellinfo: 46 bytes from 44.241.174.93: icmp_seq=538 ttl=32 time=129 ms
08-10 22:26:45.856  5222  5321 D cellinfo: 46 bytes from 44.241.174.93: icmp_seq=539 ttl=32 time=133 ms
08-10 22:26:46.052  5222  5321 D cellinfo: 46 bytes from 44.241.174.93: icmp_seq=540 ttl=32 time=128 ms
08-10 22:26:46.531  5222  5321 D cellinfo: 46 bytes from 44.241.174.93: icmp_seq=541 ttl=32 time=407 ms
08-10 22:26:46.532  5222  5321 D cellinfo: 46 bytes from 44.241.174.93: icmp_seq=542 ttl=32 time=198 ms
08-10 22:26:46.654  5222  5321 D cellinfo: 46 bytes from 44.241.174.93: icmp_seq=543 ttl=32 time=119 ms
08-10 22:26:46.809  5222  5222 D cellinfo: onsignalStrengthsChanged: LTE Signal Strength info: rsrp: -116 rsrq: -17 rssi: -83 rssnr: -1
08-10 22:26:46.891  5222  5321 D cellinfo: 46 bytes from 44.241.174.93: icmp_seq=544 ttl=32 time=156 ms
08-10 22:26:47.091  5222  5321 D cellinfo: 46 bytes from 44.241.174.93: icmp_seq=545 ttl=32 time=155 ms
08-10 22:26:47.291  5222  5321 D cellinfo: 46 bytes from 44.241.174.93: icmp_seq=546 ttl=32 time=155 ms
08-10 22:26:47.449  5222  5222 D cellinfo: Latitude is 40.6543661
08-10 22:26:47.449  5222  5222 D cellinfo: Longitude is -105.1424731
08-10 22:26:47.449  5222  5222 D cellinfo: Instantaneous GPS information: United States, 4266-4432 CO-14, Laporte, CO 80535, USA
08-10 22:26:47.449  5222  5222 D cellinfo: getCurrentLocation() result: Location (success): 40.6543661, -105.1424731
08-10 22:26:47.490  5222  5321 D cellinfo: 46 bytes from 44.241.174.93: icmp_seq=547 ttl=32 time=154 ms
08-10 22:26:47.501  5222  5222 D cellinfo: onCellInfoChanged: Operator: AT&T UpdateTimestamp: 196680233 CellConnectionStatus: 0
08-10 22:26:47.501  5222  5222 D cellinfo: onCellInfoChanged: LTE Cell Bands: [12] Bandwidth: 2147483647 Cell ID: 98053391 Physical Cell ID: 215 Tracking Area Code: 38403 EARFCN: 5110
08-10 22:26:47.655  5222  5321 D cellinfo: 46 bytes from 44.241.174.93: icmp_seq=548 ttl=32 time=117 ms
08-10 22:26:47.891  5222  5321 D cellinfo: 46 bytes from 44.241.174.93: icmp_seq=549 ttl=32 time=153 ms
08-10 22:26:48.092  5222  5321 D cellinfo: 46 bytes from 44.241.174.93: icmp_seq=550 ttl=32 time=152 ms
08-10 22:26:48.151  5222  5222 D cellinfo: onsignalStrengthsChanged: LTE Signal Strength info: rsrp: -116 rsrq: -17 rssi: -79 rssnr: -2
08-10 22:26:48.293  5222  5321 D cellinfo: 46 bytes from 44.241.174.93: icmp_seq=551 ttl=32 time=152 ms
08-10 22:26:48.851  5222  5321 D cellinfo: 46 bytes from 44.241.174.93: icmp_seq=552 ttl=32 time=512 ms
08-10 22:26:48.852  5222  5321 D cellinfo: 46 bytes from 44.241.174.93: icmp_seq=553 ttl=32 time=302 ms
08-10 22:26:48.856  5222  5321 D cellinfo: 46 bytes from 44.241.174.93: icmp_seq=554 ttl=32 time=99.4 ms
08-10 22:26:49.052  5222  5222 D cellinfo: onsignalStrengthsChanged: LTE Signal Strength info: rsrp: -116 rsrq: -17 rssi: -83 rssnr: -1
08-10 22:26:49.133  5222  5321 D cellinfo: 46 bytes from 44.241.174.93: icmp_seq=555 ttl=32 time=173 ms
08-10 22:26:49.292  5222  5321 D cellinfo: 46 bytes from 44.241.174.93: icmp_seq=556 ttl=32 time=132 ms
08-10 22:26:49.492  5222  5321 D cellinfo: 46 bytes from 44.241.174.93: icmp_seq=557 ttl=32 time=132 ms
08-10 22:26:49.691  5222  5321 D cellinfo: 46 bytes from 44.241.174.93: icmp_seq=558 ttl=32 time=131 ms
08-10 22:26:49.901  5222  5321 D cellinfo: 46 bytes from 44.241.174.93: icmp_seq=559 ttl=32 time=139 ms
08-10 22:26:50.134  5222  5321 D cellinfo: 46 bytes from 44.241.174.93: icmp_seq=560 ttl=32 time=171 ms
08-10 22:26:50.331  5222  5321 D cellinfo: 46 bytes from 44.241.174.93: icmp_seq=561 ttl=32 time=169 ms
08-10 22:26:50.451  5222  5222 D cellinfo: Latitude is 40.6543661
08-10 22:26:50.451  5222  5222 D cellinfo: Longitude is -105.1424731
08-10 22:26:50.451  5222  5222 D cellinfo: Instantaneous GPS information: United States, 4266-4432 CO-14, Laporte, CO 80535, USA
08-10 22:26:50.451  5222  5222 D cellinfo: getCurrentLocation() result: Location (success): 40.6543661, -105.1424731
08-10 22:26:50.493  5222  5222 D cellinfo: onCellInfoChanged: Operator: AT&T UpdateTimestamp: 196683231 CellConnectionStatus: 0
08-10 22:26:50.493  5222  5222 D cellinfo: onCellInfoChanged: LTE Cell Bands: [12] Bandwidth: 2147483647 Cell ID: 98053391 Physical Cell ID: 215 Tracking Area Code: 38403 EARFCN: 5110
08-10 22:26:50.499  5222  5321 D cellinfo: 46 bytes from 44.241.174.93: icmp_seq=562 ttl=32 time=136 ms
08-10 22:26:50.852  5222  5321 D cellinfo: 46 bytes from 44.241.174.93: icmp_seq=563 ttl=32 time=287 ms
08-10 22:26:50.893  5222  5321 D cellinfo: 46 bytes from 44.241.174.93: icmp_seq=564 ttl=32 time=120 ms
08-10 22:26:51.093  5222  5321 D cellinfo: 46 bytes from 44.241.174.93: icmp_seq=565 ttl=32 time=120 ms
08-10 22:26:51.148  5222  5222 D cellinfo: onsignalStrengthsChanged: LTE Signal Strength info: rsrp: -116 rsrq: -18 rssi: -79 rssnr: -2
08-10 22:26:51.336  5222  5321 D cellinfo: 46 bytes from 44.241.174.93: icmp_seq=566 ttl=32 time=164 ms
08-10 22:26:51.533  5222  5321 D cellinfo: 46 bytes from 44.241.174.93: icmp_seq=567 ttl=32 time=160 ms
08-10 22:26:51.733  5222  5321 D cellinfo: 46 bytes from 44.241.174.93: icmp_seq=568 ttl=32 time=158 ms
08-10 22:26:51.897  5222  5321 D cellinfo: 46 bytes from 44.241.174.93: icmp_seq=569 ttl=32 time=122 ms
08-10 22:26:52.266  5222  5321 D cellinfo: 46 bytes from 44.241.174.93: icmp_seq=570 ttl=32 time=290 ms
08-10 22:26:52.459  5222  5321 D cellinfo: 46 bytes from 44.241.174.93: icmp_seq=571 ttl=32 time=284 ms
08-10 22:26:53.021  5222  5222 D cellinfo: onsignalStrengthsChanged: LTE Signal Strength info: rsrp: -115 rsrq: -18 rssi: -89 rssnr: -2
08-10 22:26:53.034  5222  5222 D cellinfo: onCellInfoChanged: Operator: AT&T UpdateTimestamp: 196685770 CellConnectionStatus: 0
08-10 22:26:53.034  5222  5222 D cellinfo: onCellInfoChanged: LTE Cell Bands: [12] Bandwidth: 2147483647 Cell ID: 98050063 Physical Cell ID: 330 Tracking Area Code: 38403 EARFCN: 5110
08-10 22:26:53.073  5222  5222 D cellinfo: onServiceStateChanged: Channel Number: 5110 Cell Bandwidths: []
08-10 22:26:53.097  5222  5321 D cellinfo: 46 bytes from 44.241.174.93: icmp_seq=572 ttl=32 time=722 ms
08-10 22:26:53.099  5222  5321 D cellinfo: 46 bytes from 44.241.174.93: icmp_seq=573 ttl=32 time=524 ms
08-10 22:26:53.122  5222  5321 D cellinfo: 46 bytes from 44.241.174.93: icmp_seq=574 ttl=32 time=337 ms
08-10 22:26:53.122  5222  5321 D cellinfo: 46 bytes from 44.241.174.93: icmp_seq=575 ttl=32 time=128 ms
08-10 22:26:53.298  5222  5321 D cellinfo: 46 bytes from 44.241.174.93: icmp_seq=576 ttl=32 time=104 ms
08-10 22:26:53.486  5222  5222 D cellinfo: onCellInfoChanged: Operator: AT&T UpdateTimestamp: 196686221 CellConnectionStatus: 0
08-10 22:26:53.486  5222  5222 D cellinfo: onCellInfoChanged: LTE Cell Bands: [12] Bandwidth: 2147483647 Cell ID: 98050063 Physical Cell ID: 330 Tracking Area Code: 38403 EARFCN: 5110
08-10 22:26:53.506  5222  5321 D cellinfo: 46 bytes from 44.241.174.93: icmp_seq=577 ttl=32 time=111 ms
08-10 22:26:53.528  5222  5222 D cellinfo: onsignalStrengthsChanged: LTE Signal Strength info: rsrp: -116 rsrq: -18 rssi: -79 rssnr: -3
08-10 22:26:53.699  5222  5321 D cellinfo: 46 bytes from 44.241.174.93: icmp_seq=578 ttl=32 time=104 ms
08-10 22:26:53.940  5222  5321 D cellinfo: 46 bytes from 44.241.174.93: icmp_seq=579 ttl=32 time=142 ms
08-10 22:26:54.107  5222  5321 D cellinfo: 46 bytes from 44.241.174.93: icmp_seq=580 ttl=32 time=109 ms
08-10 22:26:54.299  5222  5321 D cellinfo: 46 bytes from 44.241.174.93: icmp_seq=581 ttl=32 time=103 ms
08-10 22:26:54.498  5222  5321 D cellinfo: 46 bytes from 44.241.174.93: icmp_seq=582 ttl=32 time=101 ms
08-10 22:26:54.697  5222  5321 D cellinfo: 46 bytes from 44.241.174.93: icmp_seq=583 ttl=32 time=100 ms
08-10 22:26:54.898  5222  5321 D cellinfo: 46 bytes from 44.241.174.93: icmp_seq=584 ttl=32 time=99.3 ms
08-10 22:26:55.099  5222  5321 D cellinfo: 46 bytes from 44.241.174.93: icmp_seq=585 ttl=32 time=98.3 ms
08-10 22:26:55.445  5222  5321 D cellinfo: 46 bytes from 44.241.174.93: icmp_seq=586 ttl=32 time=245 ms
08-10 22:26:55.498  5222  5321 D cellinfo: 46 bytes from 44.241.174.93: icmp_seq=587 ttl=32 time=97.5 ms
08-10 22:26:55.739  5222  5321 D cellinfo: 46 bytes from 44.241.174.93: icmp_seq=588 ttl=32 time=137 ms
08-10 22:26:56.109  5222  5222 D cellinfo: Latitude is 40.6509478
08-10 22:26:56.109  5222  5222 D cellinfo: Longitude is -105.1411181
08-10 22:26:56.109  5222  5222 D cellinfo: Instantaneous GPS information: United States, 4266-4432 CO-14, Laporte, CO 80535, USA
08-10 22:26:56.109  5222  5222 D cellinfo: getCurrentLocation() result: Location (success): 40.6509478, -105.1411181
08-10 22:26:56.112  5222  5222 D cellinfo: onsignalStrengthsChanged: LTE Signal Strength info: rsrp: -117 rsrq: -18 rssi: -77 rssnr: -5
08-10 22:26:56.126  5222  5222 D cellinfo: onCellInfoChanged: Operator: AT&T UpdateTimestamp: 196688849 CellConnectionStatus: 0
08-10 22:26:56.126  5222  5222 D cellinfo: onCellInfoChanged: LTE Cell Bands: [12] Bandwidth: 2147483647 Cell ID: 98050063 Physical Cell ID: 330 Tracking Area Code: 38403 EARFCN: 5110
08-10 22:26:56.139  5222  5321 D cellinfo: 46 bytes from 44.241.174.93: icmp_seq=589 ttl=32 time=336 ms
08-10 22:26:56.139  5222  5321 D cellinfo: 46 bytes from 44.241.174.93: icmp_seq=590 ttl=32 time=135 ms
08-10 22:26:56.346  5222  5321 D cellinfo: 46 bytes from 44.241.174.93: icmp_seq=591 ttl=32 time=140 ms
08-10 22:26:56.444  5222  5222 D cellinfo: Latitude is 40.6509478
08-10 22:26:56.444  5222  5222 D cellinfo: Longitude is -105.1411181
08-10 22:26:56.444  5222  5222 D cellinfo: Instantaneous GPS information: United States, 4266-4432 CO-14, Laporte, CO 80535, USA
08-10 22:26:56.444  5222  5222 D cellinfo: getCurrentLocation() result: Location (success): 40.6509478, -105.1411181
08-10 22:26:56.538  5222  5321 D cellinfo: 46 bytes from 44.241.174.93: icmp_seq=592 ttl=32 time=131 ms
08-10 22:26:56.739  5222  5321 D cellinfo: 46 bytes from 44.241.174.93: icmp_seq=593 ttl=32 time=130 ms
08-10 22:26:56.938  5222  5321 D cellinfo: 46 bytes from 44.241.174.93: icmp_seq=594 ttl=32 time=130 ms
08-10 22:26:57.141  5222  5321 D cellinfo: 46 bytes from 44.241.174.93: icmp_seq=595 ttl=32 time=130 ms
08-10 22:26:57.322  5222  5321 D cellinfo: 46 bytes from 44.241.174.93: icmp_seq=596 ttl=32 time=112 ms
08-10 22:26:57.976  5222  5222 D cellinfo: onsignalStrengthsChanged: LTE Signal Strength info: rsrp: -117 rsrq: -19 rssi: -83 rssnr: -7
08-10 22:26:58.007  5222  5222 D cellinfo: onServiceStateChanged: Channel Number: 5145 Cell Bandwidths: []
08-10 22:26:58.013  5222  5222 D cellinfo: onCellInfoChanged: Operator: AT&T UpdateTimestamp: 196690726 CellConnectionStatus: 0
08-10 22:26:58.013  5222  5222 D cellinfo: onCellInfoChanged: LTE Cell Bands: [12] Bandwidth: 2147483647 Cell ID: 98115531 Physical Cell ID: 467 Tracking Area Code: 38403 EARFCN: 5145
08-10 22:26:59.445  5222  5222 D cellinfo: Latitude is 40.6509478
08-10 22:26:59.445  5222  5222 D cellinfo: Longitude is -105.1411181
08-10 22:26:59.445  5222  5222 D cellinfo: Instantaneous GPS information: United States, 4266-4432 CO-14, Laporte, CO 80535, USA
08-10 22:26:59.445  5222  5222 D cellinfo: getCurrentLocation() result: Location (success): 40.6509478, -105.1411181
