08-10 22:05:14.677 30393 30393 D cellinfo: onCellInfoChanged: LTE Cell Bands: [66] Bandwidth: 2147483647 Cell ID: 98109206 Physical Cell ID: 275 Tracking Area Code: 38403 EARFCN: 66711
08-10 22:05:14.778 30393 30493 D cellinfo: 46 bytes from 44.241.174.93: icmp_seq=1833 ttl=32 time=122 ms
08-10 22:05:14.978 30393 30493 D cellinfo: 46 bytes from 44.241.174.93: icmp_seq=1834 ttl=32 time=120 ms
08-10 22:05:15.181 30393 30493 D cellinfo: 46 bytes from 44.241.174.93: icmp_seq=1835 ttl=32 time=121 ms
08-10 22:05:15.378 30393 30493 D cellinfo: 46 bytes from 44.241.174.93: icmp_seq=1836 ttl=32 time=119 ms
08-10 22:05:15.577 30393 30493 D cellinfo: 46 bytes from 44.241.174.93: icmp_seq=1837 ttl=32 time=118 ms
08-10 22:05:15.776 30393 30493 D cellinfo: 46 bytes from 44.241.174.93: icmp_seq=1838 ttl=32 time=116 ms
08-10 22:05:15.968 30393 30493 D cellinfo: 46 bytes from 44.241.174.93: icmp_seq=1839 ttl=32 time=104 ms
08-10 22:05:16.178 30393 30493 D cellinfo: 46 bytes from 44.241.174.93: icmp_seq=1840 ttl=32 time=113 ms
08-10 22:05:16.301 30393 30393 D cellinfo: Latitude is 40.9206992
08-10 22:05:16.301 30393 30393 D cellinfo: Longitude is -105.3270385
08-10 22:05:16.301 30393 30393 D cellinfo: Instantaneous GPS information: United States, 28725 US-287, Livermore, CO 80536, USA
08-10 22:05:16.301 30393 30393 D cellinfo: getCurrentLocation() result: Location (success): 40.9206992, -105.3270385
08-10 22:05:16.364 30393 30493 D cellinfo: 46 bytes from 44.241.174.93: icmp_seq=1841 ttl=32 time=99.7 ms
08-10 22:05:16.578 30393 30493 D cellinfo: 46 bytes from 44.241.174.93: icmp_seq=1842 ttl=32 time=111 ms
08-10 22:05:16.779 30393 30493 D cellinfo: 46 bytes from 44.241.174.93: icmp_seq=1843 ttl=32 time=113 ms
08-10 22:05:16.977 30393 30493 D cellinfo: 46 bytes from 44.241.174.93: icmp_seq=1844 ttl=32 time=109 ms
08-10 22:05:17.177 30393 30493 D cellinfo: 46 bytes from 44.241.174.93: icmp_seq=1845 ttl=32 time=109 ms
08-10 22:05:17.377 30393 30493 D cellinfo: 46 bytes from 44.241.174.93: icmp_seq=1846 ttl=32 time=107 ms
08-10 22:05:17.576 30393 30493 D cellinfo: 46 bytes from 44.241.174.93: icmp_seq=1847 ttl=32 time=107 ms
08-10 22:05:17.626 30393 30393 D cellinfo: Latitude is 40.9206992
08-10 22:05:17.626 30393 30393 D cellinfo: Longitude is -105.3270385
08-10 22:05:17.626 30393 30393 D cellinfo: Instantaneous GPS information: United States, 28725 US-287, Livermore, CO 80536, USA
08-10 22:05:17.626 30393 30393 D cellinfo: getCurrentLocation() result: Location (success): 40.9206992, -105.3270385
08-10 22:05:17.676 30393 30393 D cellinfo: onCellInfoChanged: Operator: AT&T UpdateTimestamp: 195390413 CellConnectionStatus: 0
08-10 22:05:17.676 30393 30393 D cellinfo: onCellInfoChanged: LTE Cell Bands: [66] Bandwidth: 2147483647 Cell ID: 98109206 Physical Cell ID: 275 Tracking Area Code: 38403 EARFCN: 66711
08-10 22:05:17.778 30393 30493 D cellinfo: 46 bytes from 44.241.174.93: icmp_seq=1848 ttl=32 time=107 ms
08-10 22:05:17.912 30393 30393 D cellinfo: onsignalStrengthsChanged: LTE Signal Strength info: rsrp: -105 rsrq: -9 rssi: -75 rssnr: 15
08-10 22:05:17.977 30393 30493 D cellinfo: 46 bytes from 44.241.174.93: icmp_seq=1849 ttl=32 time=106 ms
08-10 22:05:18.177 30393 30493 D cellinfo: 46 bytes from 44.241.174.93: icmp_seq=1850 ttl=32 time=104 ms
08-10 22:05:18.417 30393 30493 D cellinfo: 46 bytes from 44.241.174.93: icmp_seq=1851 ttl=32 time=142 ms
08-10 22:05:18.576 30393 30493 D cellinfo: 46 bytes from 44.241.174.93: icmp_seq=1852 ttl=32 time=101 ms
08-10 22:05:18.777 30393 30493 D cellinfo: 46 bytes from 44.241.174.93: icmp_seq=1853 ttl=32 time=101 ms
08-10 22:05:18.976 30393 30493 D cellinfo: 46 bytes from 44.241.174.93: icmp_seq=1854 ttl=32 time=100 ms
08-10 22:05:19.179 30393 30493 D cellinfo: 46 bytes from 44.241.174.93: icmp_seq=1855 ttl=32 time=101 ms
08-10 22:05:19.377 30393 30493 D cellinfo: 46 bytes from 44.241.174.93: icmp_seq=1856 ttl=32 time=99.1 ms
08-10 22:05:19.618 30393 30493 D cellinfo: 46 bytes from 44.241.174.93: icmp_seq=1857 ttl=32 time=137 ms
08-10 22:05:19.818 30393 30493 D cellinfo: 46 bytes from 44.241.174.93: icmp_seq=1858 ttl=32 time=137 ms
08-10 22:05:19.980 30393 30493 D cellinfo: 46 bytes from 44.241.174.93: icmp_seq=1859 ttl=32 time=100 ms
08-10 22:05:20.181 30393 30493 D cellinfo: 46 bytes from 44.241.174.93: icmp_seq=1860 ttl=32 time=98.8 ms
08-10 22:05:20.381 30393 30493 D cellinfo: 46 bytes from 44.241.174.93: icmp_seq=1861 ttl=32 time=98.1 ms
08-10 22:05:20.581 30393 30493 D cellinfo: 46 bytes from 44.241.174.93: icmp_seq=1862 ttl=32 time=97.2 ms
08-10 22:05:20.634 30393 30393 D cellinfo: Latitude is 40.9206992
08-10 22:05:20.634 30393 30393 D cellinfo: Longitude is -105.3270385
08-10 22:05:20.634 30393 30393 D cellinfo: Instantaneous GPS information: United States, 28725 US-287, Livermore, CO 80536, USA
08-10 22:05:20.634 30393 30393 D cellinfo: getCurrentLocation() result: Location (success): 40.9206992, -105.3270385
08-10 22:05:20.684 30393 30393 D cellinfo: onCellInfoChanged: Operator: AT&T UpdateTimestamp: 195393420 CellConnectionStatus: 0
08-10 22:05:20.684 30393 30393 D cellinfo: onCellInfoChanged: LTE Cell Bands: [66] Bandwidth: 2147483647 Cell ID: 98109206 Physical Cell ID: 275 Tracking Area Code: 38403 EARFCN: 66711
08-10 22:05:20.779 30393 30493 D cellinfo: 46 bytes from 44.241.174.93: icmp_seq=1863 ttl=32 time=96.0 ms
08-10 22:05:20.981 30393 30493 D cellinfo: 46 bytes from 44.241.174.93: icmp_seq=1864 ttl=32 time=94.8 ms
08-10 22:05:21.180 30393 30493 D cellinfo: 46 bytes from 44.241.174.93: icmp_seq=1865 ttl=32 time=93.9 ms
08-10 22:05:21.380 30393 30493 D cellinfo: 46 bytes from 44.241.174.93: icmp_seq=1866 ttl=32 time=92.7 ms
08-10 22:05:21.579 30393 30493 D cellinfo: 46 bytes from 44.241.174.93: icmp_seq=1867 ttl=32 time=91.2 ms
08-10 22:05:21.780 30393 30493 D cellinfo: 46 bytes from 44.241.174.93: icmp_seq=1868 ttl=32 time=91.7 ms
08-10 22:05:22.056 30393 30493 D cellinfo: 46 bytes from 44.241.174.93: icmp_seq=1869 ttl=32 time=166 ms
08-10 22:05:22.206 30393 30493 D cellinfo: 46 bytes from 44.241.174.93: icmp_seq=1870 ttl=32 time=115 ms
08-10 22:05:22.418 30393 30493 D cellinfo: 46 bytes from 44.241.174.93: icmp_seq=1871 ttl=32 time=125 ms
08-10 22:05:22.618 30393 30493 D cellinfo: 46 bytes from 44.241.174.93: icmp_seq=1872 ttl=32 time=124 ms
08-10 22:05:22.898 30393 30493 D cellinfo: 46 bytes from 44.241.174.93: icmp_seq=1873 ttl=32 time=204 ms
08-10 22:05:23.018 30393 30493 D cellinfo: 46 bytes from 44.241.174.93: icmp_seq=1874 ttl=32 time=118 ms
08-10 22:05:23.219 30393 30493 D cellinfo: 46 bytes from 44.241.174.93: icmp_seq=1875 ttl=32 time=120 ms
08-10 22:05:23.456 30393 30493 D cellinfo: 46 bytes from 44.241.174.93: icmp_seq=1876 ttl=32 time=156 ms
08-10 22:05:23.626 30393 30393 D cellinfo: Latitude is 40.9206992
08-10 22:05:23.626 30393 30393 D cellinfo: Longitude is -105.3270385
08-10 22:05:23.626 30393 30393 D cellinfo: Instantaneous GPS information: United States, 28725 US-287, Livermore, CO 80536, USA
08-10 22:05:23.626 30393 30393 D cellinfo: getCurrentLocation() result: Location (success): 40.9206992, -105.3270385
08-10 22:05:23.656 30393 30493 D cellinfo: 46 bytes from 44.241.174.93: icmp_seq=1877 ttl=32 time=155 ms
08-10 22:05:23.686 30393 30393 D cellinfo: onCellInfoChanged: Operator: AT&T UpdateTimestamp: 195396414 CellConnectionStatus: 0
08-10 22:05:23.686 30393 30393 D cellinfo: onCellInfoChanged: LTE Cell Bands: [66] Bandwidth: 2147483647 Cell ID: 98109206 Physical Cell ID: 275 Tracking Area Code: 38403 EARFCN: 66711
08-10 22:05:23.820 30393 30493 D cellinfo: 46 bytes from 44.241.174.93: icmp_seq=1878 ttl=32 time=115 ms
08-10 22:05:23.915 30393 30393 D cellinfo: onsignalStrengthsChanged: LTE Signal Strength info: rsrp: -107 rsrq: -9 rssi: -83 rssnr: 15
08-10 22:05:24.018 30393 30493 D cellinfo: 46 bytes from 44.241.174.93: icmp_seq=1879 ttl=32 time=113 ms
08-10 22:05:24.242 30393 30393 D cellinfo: onsignalStrengthsChanged: LTE Signal Strength info: rsrp: -108 rsrq: -9 rssi: -81 rssnr: 14
08-10 22:05:24.297 30393 30493 D cellinfo: 46 bytes from 44.241.174.93: icmp_seq=1880 ttl=32 time=193 ms
08-10 22:05:24.421 30393 30493 D cellinfo: 46 bytes from 44.241.174.93: icmp_seq=1881 ttl=32 time=115 ms
08-10 22:05:24.620 30393 30493 D cellinfo: 46 bytes from 44.241.174.93: icmp_seq=1882 ttl=32 time=113 ms
08-10 22:05:24.950 30393 30493 D cellinfo: 46 bytes from 44.241.174.93: icmp_seq=1883 ttl=32 time=244 ms
08-10 22:05:25.019 30393 30493 D cellinfo: 46 bytes from 44.241.174.93: icmp_seq=1884 ttl=32 time=104 ms
08-10 22:05:25.221 30393 30493 D cellinfo: 46 bytes from 44.241.174.93: icmp_seq=1885 ttl=32 time=104 ms
08-10 22:05:25.578 30393 30493 D cellinfo: 46 bytes from 44.241.174.93: icmp_seq=1886 ttl=32 time=263 ms
08-10 22:05:25.617 30393 30493 D cellinfo: 46 bytes from 44.241.174.93: icmp_seq=1887 ttl=32 time=102 ms
08-10 22:05:25.819 30393 30493 D cellinfo: 46 bytes from 44.241.174.93: icmp_seq=1888 ttl=32 time=103 ms
08-10 22:05:26.140 30393 30493 D cellinfo: 46 bytes from 44.241.174.93: icmp_seq=1889 ttl=32 time=224 ms
08-10 22:05:26.221 30393 30493 D cellinfo: 46 bytes from 44.241.174.93: icmp_seq=1890 ttl=32 time=94.9 ms
08-10 22:05:26.457 30393 30493 D cellinfo: 46 bytes from 44.241.174.93: icmp_seq=1891 ttl=32 time=131 ms
08-10 22:05:26.470 30393 30393 D cellinfo: onsignalStrengthsChanged: LTE Signal Strength info: rsrp: -109 rsrq: -9 rssi: -85 rssnr: 13
08-10 22:05:26.656 30393 30493 D cellinfo: 46 bytes from 44.241.174.93: icmp_seq=1892 ttl=32 time=130 ms
08-10 22:05:26.684 30393 30393 D cellinfo: onCellInfoChanged: Operator: AT&T UpdateTimestamp: 195399418 CellConnectionStatus: 0
08-10 22:05:26.684 30393 30393 D cellinfo: onCellInfoChanged: LTE Cell Bands: [66] Bandwidth: 2147483647 Cell ID: 98109206 Physical Cell ID: 275 Tracking Area Code: 38403 EARFCN: 66711
08-10 22:05:26.819 30393 30493 D cellinfo: 46 bytes from 44.241.174.93: icmp_seq=1893 ttl=32 time=93.1 ms
08-10 22:05:27.020 30393 30493 D cellinfo: 46 bytes from 44.241.174.93: icmp_seq=1894 ttl=32 time=91.0 ms
08-10 22:05:27.340 30393 30493 D cellinfo: 46 bytes from 44.241.174.93: icmp_seq=1895 ttl=32 time=211 ms
08-10 22:05:27.457 30393 30493 D cellinfo: 46 bytes from 44.241.174.93: icmp_seq=1896 ttl=32 time=120 ms
08-10 22:05:27.631 30393 30493 D cellinfo: 46 bytes from 44.241.174.93: icmp_seq=1897 ttl=32 time=92.5 ms
08-10 22:05:27.831 30393 30493 D cellinfo: 46 bytes from 44.241.174.93: icmp_seq=1898 ttl=32 time=92.1 ms
08-10 22:05:28.184 30393 30493 D cellinfo: 46 bytes from 44.241.174.93: icmp_seq=1899 ttl=32 time=242 ms
08-10 22:05:28.230 30393 30493 D cellinfo: 46 bytes from 44.241.174.93: icmp_seq=1900 ttl=32 time=90.3 ms
08-10 22:05:28.458 30393 30493 D cellinfo: 46 bytes from 44.241.174.93: icmp_seq=1901 ttl=32 time=116 ms
08-10 22:05:28.581 30393 30393 D cellinfo: Latitude is 40.9180776
08-10 22:05:28.582 30393 30393 D cellinfo: Longitude is -105.3237931
08-10 22:05:28.582 30393 30393 D cellinfo: Instantaneous GPS information: United States, 28500-28968 US-287, Livermore, CO 80536, USA
08-10 22:05:28.582 30393 30393 D cellinfo: getCurrentLocation() result: Location (success): 40.9180776, -105.3237931
08-10 22:05:28.712 30393 30393 D cellinfo: onsignalStrengthsChanged: LTE Signal Strength info: rsrp: -111 rsrq: -10 rssi: -85 rssnr: 11
08-10 22:05:28.747 30393 30493 D cellinfo: 46 bytes from 44.241.174.93: icmp_seq=1902 ttl=32 time=202 ms
08-10 22:05:28.857 30393 30493 D cellinfo: 46 bytes from 44.241.174.93: icmp_seq=1903 ttl=32 time=109 ms
08-10 22:05:29.061 30393 30493 D cellinfo: 46 bytes from 44.241.174.93: icmp_seq=1904 ttl=32 time=110 ms
08-10 22:05:29.338 30393 30493 D cellinfo: 46 bytes from 44.241.174.93: icmp_seq=1905 ttl=32 time=187 ms
08-10 22:05:29.462 30393 30493 D cellinfo: 46 bytes from 44.241.174.93: icmp_seq=1906 ttl=32 time=110 ms
08-10 22:05:29.636 30393 30393 D cellinfo: Latitude is 40.9180776
08-10 22:05:29.636 30393 30393 D cellinfo: Longitude is -105.3237931
08-10 22:05:29.636 30393 30393 D cellinfo: Instantaneous GPS information: United States, 28500-28968 US-287, Livermore, CO 80536, USA
08-10 22:05:29.636 30393 30393 D cellinfo: getCurrentLocation() result: Location (success): 40.9180776, -105.3237931
08-10 22:05:29.688 30393 30393 D cellinfo: onCellInfoChanged: Operator: AT&T UpdateTimestamp: 195402421 CellConnectionStatus: 0
08-10 22:05:29.688 30393 30393 D cellinfo: onCellInfoChanged: LTE Cell Bands: [66] Bandwidth: 2147483647 Cell ID: 98109206 Physical Cell ID: 275 Tracking Area Code: 38403 EARFCN: 66711
08-10 22:05:29.739 30393 30493 D cellinfo: 46 bytes from 44.241.174.93: icmp_seq=1907 ttl=32 time=187 ms
08-10 22:05:29.858 30393 30493 D cellinfo: 46 bytes from 44.241.174.93: icmp_seq=1908 ttl=32 time=105 ms
08-10 22:05:30.057 30393 30493 D cellinfo: 46 bytes from 44.241.174.93: icmp_seq=1909 ttl=32 time=103 ms
08-10 22:05:30.337 30393 30493 D cellinfo: 46 bytes from 44.241.174.93: icmp_seq=1910 ttl=32 time=184 ms
08-10 22:05:30.500 30393 30493 D cellinfo: 46 bytes from 44.241.174.93: icmp_seq=1911 ttl=32 time=145 ms
08-10 22:05:30.738 30393 30493 D cellinfo: 46 bytes from 44.241.174.93: icmp_seq=1912 ttl=32 time=183 ms
08-10 22:05:30.857 30393 30493 D cellinfo: 46 bytes from 44.241.174.93: icmp_seq=1913 ttl=32 time=103 ms
08-10 22:05:31.056 30393 30493 D cellinfo: 46 bytes from 44.241.174.93: icmp_seq=1914 ttl=32 time=102 ms
08-10 22:05:31.378 30393 30493 D cellinfo: 46 bytes from 44.241.174.93: icmp_seq=1915 ttl=32 time=222 ms
08-10 22:05:31.458 30393 30493 D cellinfo: 46 bytes from 44.241.174.93: icmp_seq=1916 ttl=32 time=103 ms
08-10 22:05:31.661 30393 30493 D cellinfo: 46 bytes from 44.241.174.93: icmp_seq=1917 ttl=32 time=105 ms
08-10 22:05:32.016 30393 30493 D cellinfo: 46 bytes from 44.241.174.93: icmp_seq=1918 ttl=32 time=261 ms
08-10 22:05:32.057 30393 30493 D cellinfo: 46 bytes from 44.241.174.93: icmp_seq=1919 ttl=32 time=98.6 ms
08-10 22:05:32.262 30393 30493 D cellinfo: 46 bytes from 44.241.174.93: icmp_seq=1920 ttl=32 time=104 ms
08-10 22:05:32.498 30393 30493 D cellinfo: 46 bytes from 44.241.174.93: icmp_seq=1921 ttl=32 time=138 ms
08-10 22:05:32.630 30393 30393 D cellinfo: Latitude is 40.9180776
08-10 22:05:32.630 30393 30393 D cellinfo: Longitude is -105.3237931
08-10 22:05:32.630 30393 30393 D cellinfo: Instantaneous GPS information: United States, 28500-28968 US-287, Livermore, CO 80536, USA
08-10 22:05:32.630 30393 30393 D cellinfo: getCurrentLocation() result: Location (success): 40.9180776, -105.3237931
08-10 22:05:32.659 30393 30493 D cellinfo: 46 bytes from 44.241.174.93: icmp_seq=1922 ttl=32 time=99.0 ms
08-10 22:05:32.680 30393 30393 D cellinfo: onCellInfoChanged: Operator: AT&T UpdateTimestamp: 195405415 CellConnectionStatus: 0
08-10 22:05:32.680 30393 30393 D cellinfo: onCellInfoChanged: LTE Cell Bands: [66] Bandwidth: 2147483647 Cell ID: 98109206 Physical Cell ID: 275 Tracking Area Code: 38403 EARFCN: 66711
08-10 22:05:32.861 30393 30493 D cellinfo: 46 bytes from 44.241.174.93: icmp_seq=1923 ttl=32 time=97.9 ms
08-10 22:05:32.917 30393 30393 D cellinfo: onsignalStrengthsChanged: LTE Signal Strength info: rsrp: -111 rsrq: -10 rssi: -87 rssnr: 11
08-10 22:05:33.137 30393 30493 D cellinfo: 46 bytes from 44.241.174.93: icmp_seq=1924 ttl=32 time=173 ms
08-10 22:05:33.300 30393 30493 D cellinfo: 46 bytes from 44.241.174.93: icmp_seq=1925 ttl=32 time=135 ms
08-10 22:05:33.578 30393 30493 D cellinfo: 46 bytes from 44.241.174.93: icmp_seq=1926 ttl=32 time=212 ms
08-10 22:05:33.698 30393 30493 D cellinfo: 46 bytes from 44.241.174.93: icmp_seq=1927 ttl=32 time=124 ms
08-10 22:05:33.899 30393 30493 D cellinfo: 46 bytes from 44.241.174.93: icmp_seq=1928 ttl=32 time=124 ms
08-10 22:05:34.178 30393 30493 D cellinfo: 46 bytes from 44.241.174.93: icmp_seq=1929 ttl=32 time=203 ms
08-10 22:05:34.297 30393 30493 D cellinfo: 46 bytes from 44.241.174.93: icmp_seq=1930 ttl=32 time=122 ms
08-10 22:05:34.498 30393 30493 D cellinfo: 46 bytes from 44.241.174.93: icmp_seq=1931 ttl=32 time=123 ms
08-10 22:05:34.696 30393 30493 D cellinfo: 46 bytes from 44.241.174.93: icmp_seq=1932 ttl=32 time=120 ms
08-10 22:05:34.897 30393 30493 D cellinfo: 46 bytes from 44.241.174.93: icmp_seq=1933 ttl=32 time=120 ms
08-10 22:05:35.097 30393 30493 D cellinfo: 46 bytes from 44.241.174.93: icmp_seq=1934 ttl=32 time=118 ms
08-10 22:05:35.297 30393 30493 D cellinfo: 46 bytes from 44.241.174.93: icmp_seq=1935 ttl=32 time=118 ms
08-10 22:05:35.537 30393 30493 D cellinfo: 46 bytes from 44.241.174.93: icmp_seq=1936 ttl=32 time=157 ms
08-10 22:05:35.632 30393 30393 D cellinfo: Latitude is 40.9180776
08-10 22:05:35.632 30393 30393 D cellinfo: Longitude is -105.3237931
08-10 22:05:35.632 30393 30393 D cellinfo: Instantaneous GPS information: United States, 28500-28968 US-287, Livermore, CO 80536, USA
08-10 22:05:35.632 30393 30393 D cellinfo: getCurrentLocation() result: Location (success): 40.9180776, -105.3237931
08-10 22:05:35.690 30393 30393 D cellinfo: onCellInfoChanged: Operator: AT&T UpdateTimestamp: 195408418 CellConnectionStatus: 0
08-10 22:05:35.690 30393 30393 D cellinfo: onCellInfoChanged: LTE Cell Bands: [66] Bandwidth: 2147483647 Cell ID: 98109206 Physical Cell ID: 275 Tracking Area Code: 38403 EARFCN: 66711
08-10 22:05:35.696 30393 30493 D cellinfo: 46 bytes from 44.241.174.93: icmp_seq=1937 ttl=32 time=117 ms
08-10 22:05:35.900 30393 30493 D cellinfo: 46 bytes from 44.241.174.93: icmp_seq=1938 ttl=32 time=119 ms
08-10 22:05:36.097 30393 30493 D cellinfo: 46 bytes from 44.241.174.93: icmp_seq=1939 ttl=32 time=115 ms
08-10 22:05:36.311 30393 30493 D cellinfo: 46 bytes from 44.241.174.93: icmp_seq=1940 ttl=32 time=129 ms
08-10 22:05:36.499 30393 30493 D cellinfo: 46 bytes from 44.241.174.93: icmp_seq=1941 ttl=32 time=118 ms
08-10 22:05:36.738 30393 30493 D cellinfo: 46 bytes from 44.241.174.93: icmp_seq=1942 ttl=32 time=155 ms
08-10 22:05:36.898 30393 30493 D cellinfo: 46 bytes from 44.241.174.93: icmp_seq=1943 ttl=32 time=114 ms
08-10 22:05:37.098 30393 30493 D cellinfo: 46 bytes from 44.241.174.93: icmp_seq=1944 ttl=32 time=113 ms
08-10 22:05:37.296 30393 30493 D cellinfo: 46 bytes from 44.241.174.93: icmp_seq=1945 ttl=32 time=114 ms
08-10 22:05:37.537 30393 30493 D cellinfo: 46 bytes from 44.241.174.93: icmp_seq=1946 ttl=32 time=152 ms
08-10 22:05:37.738 30393 30493 D cellinfo: 46 bytes from 44.241.174.93: icmp_seq=1947 ttl=32 time=152 ms
08-10 22:05:37.897 30393 30493 D cellinfo: 46 bytes from 44.241.174.93: icmp_seq=1948 ttl=32 time=111 ms
08-10 22:05:38.098 30393 30493 D cellinfo: 46 bytes from 44.241.174.93: icmp_seq=1949 ttl=32 time=111 ms
08-10 22:05:38.297 30393 30493 D cellinfo: 46 bytes from 44.241.174.93: icmp_seq=1950 ttl=32 time=112 ms
08-10 22:05:38.537 30393 30493 D cellinfo: 46 bytes from 44.241.174.93: icmp_seq=1951 ttl=32 time=150 ms
08-10 22:05:38.680 30393 30393 D cellinfo: onCellInfoChanged: Operator: AT&T UpdateTimestamp: 195411415 CellConnectionStatus: 0
08-10 22:05:38.680 30393 30393 D cellinfo: onCellInfoChanged: LTE Cell Bands: [66] Bandwidth: 2147483647 Cell ID: 98109206 Physical Cell ID: 275 Tracking Area Code: 38403 EARFCN: 66711
08-10 22:05:38.697 30393 30493 D cellinfo: 46 bytes from 44.241.174.93: icmp_seq=1952 ttl=32 time=108 ms
08-10 22:05:38.897 30393 30493 D cellinfo: 46 bytes from 44.241.174.93: icmp_seq=1953 ttl=32 time=107 ms
08-10 22:05:38.922 30393 30393 D cellinfo: onsignalStrengthsChanged: LTE Signal Strength info: rsrp: -112 rsrq: -10 rssi: -83 rssnr: 10
08-10 22:05:39.097 30393 30493 D cellinfo: 46 bytes from 44.241.174.93: icmp_seq=1954 ttl=32 time=107 ms
08-10 22:05:39.297 30393 30493 D cellinfo: 46 bytes from 44.241.174.93: icmp_seq=1955 ttl=32 time=106 ms
08-10 22:05:39.537 30393 30493 D cellinfo: 46 bytes from 44.241.174.93: icmp_seq=1956 ttl=32 time=145 ms
08-10 22:05:39.697 30393 30493 D cellinfo: 46 bytes from 44.241.174.93: icmp_seq=1957 ttl=32 time=104 ms
08-10 22:05:39.900 30393 30493 D cellinfo: 46 bytes from 44.241.174.93: icmp_seq=1958 ttl=32 time=103 ms
08-10 22:05:40.101 30393 30493 D cellinfo: 46 bytes from 44.241.174.93: icmp_seq=1959 ttl=32 time=103 ms
08-10 22:05:40.294 30393 30493 D cellinfo: 46 bytes from 44.241.174.93: icmp_seq=1960 ttl=32 time=95.5 ms
08-10 22:05:40.322 30393 30393 D cellinfo: Latitude is 40.9154887
08-10 22:05:40.322 30393 30393 D cellinfo: Longitude is -105.3204711
08-10 22:05:40.322 30393 30393 D cellinfo: Instantaneous GPS information: United States, 28500-28968 US-287, Livermore, CO 80536, USA
08-10 22:05:40.322 30393 30393 D cellinfo: getCurrentLocation() result: Location (success): 40.9154887, -105.3204711
08-10 22:05:40.497 30393 30493 D cellinfo: 46 bytes from 44.241.174.93: icmp_seq=1961 ttl=32 time=99.3 ms
08-10 22:05:40.689 30393 30493 D cellinfo: 46 bytes from 44.241.174.93: icmp_seq=1962 ttl=32 time=91.7 ms
08-10 22:05:40.898 30393 30493 D cellinfo: 46 bytes from 44.241.174.93: icmp_seq=1963 ttl=32 time=97.9 ms
08-10 22:05:41.101 30393 30493 D cellinfo: 46 bytes from 44.241.174.93: icmp_seq=1964 ttl=32 time=100 ms
08-10 22:05:41.301 30393 30493 D cellinfo: 46 bytes from 44.241.174.93: icmp_seq=1965 ttl=32 time=100 ms
08-10 22:05:41.537 30393 30493 D cellinfo: 46 bytes from 44.241.174.93: icmp_seq=1966 ttl=32 time=136 ms
08-10 22:05:41.628 30393 30393 D cellinfo: Latitude is 40.9154887
08-10 22:05:41.628 30393 30393 D cellinfo: Longitude is -105.3204711
08-10 22:05:41.628 30393 30393 D cellinfo: Instantaneous GPS information: United States, 28500-28968 US-287, Livermore, CO 80536, USA
08-10 22:05:41.628 30393 30393 D cellinfo: getCurrentLocation() result: Location (success): 40.9154887, -105.3204711
08-10 22:05:41.700 30393 30493 D cellinfo: 46 bytes from 44.241.174.93: icmp_seq=1967 ttl=32 time=97.1 ms
08-10 22:05:41.836 30393 30393 D cellinfo: onCellInfoChanged: Operator: AT&T UpdateTimestamp: 195414568 CellConnectionStatus: 0
08-10 22:05:41.836 30393 30393 D cellinfo: onCellInfoChanged: LTE Cell Bands: [66] Bandwidth: 2147483647 Cell ID: 98109206 Physical Cell ID: 275 Tracking Area Code: 38403 EARFCN: 66711
08-10 22:05:41.901 30393 30493 D cellinfo: 46 bytes from 44.241.174.93: icmp_seq=1968 ttl=32 time=96.6 ms
08-10 22:05:42.137 30393 30493 D cellinfo: 46 bytes from 44.241.174.93: icmp_seq=1969 ttl=32 time=132 ms
08-10 22:05:42.301 30393 30493 D cellinfo: 46 bytes from 44.241.174.93: icmp_seq=1970 ttl=32 time=93.7 ms
08-10 22:05:42.502 30393 30493 D cellinfo: 46 bytes from 44.241.174.93: icmp_seq=1971 ttl=32 time=93.0 ms
08-10 22:05:42.738 30393 30493 D cellinfo: 46 bytes from 44.241.174.93: icmp_seq=1972 ttl=32 time=130 ms
08-10 22:05:42.901 30393 30493 D cellinfo: 46 bytes from 44.241.174.93: icmp_seq=1973 ttl=32 time=91.9 ms
08-10 22:05:43.101 30393 30493 D cellinfo: 46 bytes from 44.241.174.93: icmp_seq=1974 ttl=32 time=90.7 ms
08-10 22:05:43.338 30393 30493 D cellinfo: 46 bytes from 44.241.174.93: icmp_seq=1975 ttl=32 time=127 ms
08-10 22:05:43.537 30393 30493 D cellinfo: 46 bytes from 44.241.174.93: icmp_seq=1976 ttl=32 time=126 ms
08-10 22:05:43.737 30393 30493 D cellinfo: 46 bytes from 44.241.174.93: icmp_seq=1977 ttl=32 time=125 ms
08-10 22:05:43.939 30393 30493 D cellinfo: 46 bytes from 44.241.174.93: icmp_seq=1978 ttl=32 time=126 ms
08-10 22:05:44.138 30393 30493 D cellinfo: 46 bytes from 44.241.174.93: icmp_seq=1979 ttl=32 time=125 ms
08-10 22:05:44.338 30393 30493 D cellinfo: 46 bytes from 44.241.174.93: icmp_seq=1980 ttl=32 time=124 ms
08-10 22:05:44.537 30393 30493 D cellinfo: 46 bytes from 44.241.174.93: icmp_seq=1981 ttl=32 time=121 ms
08-10 22:05:44.630 30393 30393 D cellinfo: Latitude is 40.9154887
08-10 22:05:44.630 30393 30393 D cellinfo: Longitude is -105.3204711
08-10 22:05:44.630 30393 30393 D cellinfo: Instantaneous GPS information: United States, 28500-28968 US-287, Livermore, CO 80536, USA
08-10 22:05:44.630 30393 30393 D cellinfo: getCurrentLocation() result: Location (success): 40.9154887, -105.3204711
08-10 22:05:44.681 30393 30393 D cellinfo: onCellInfoChanged: Operator: AT&T UpdateTimestamp: 195417418 CellConnectionStatus: 0
08-10 22:05:44.681 30393 30393 D cellinfo: onCellInfoChanged: LTE Cell Bands: [66] Bandwidth: 2147483647 Cell ID: 98109206 Physical Cell ID: 275 Tracking Area Code: 38403 EARFCN: 66711
08-10 22:05:44.739 30393 30493 D cellinfo: 46 bytes from 44.241.174.93: icmp_seq=1982 ttl=32 time=122 ms
08-10 22:05:44.939 30393 30493 D cellinfo: 46 bytes from 44.241.174.93: icmp_seq=1983 ttl=32 time=120 ms
08-10 22:05:45.217 30393 30493 D cellinfo: 46 bytes from 44.241.174.93: icmp_seq=1984 ttl=32 time=198 ms
08-10 22:05:45.337 30393 30493 D cellinfo: 46 bytes from 44.241.174.93: icmp_seq=1985 ttl=32 time=119 ms
08-10 22:05:45.537 30393 30493 D cellinfo: 46 bytes from 44.241.174.93: icmp_seq=1986 ttl=32 time=117 ms
08-10 22:05:45.738 30393 30493 D cellinfo: 46 bytes from 44.241.174.93: icmp_seq=1987 ttl=32 time=116 ms
08-10 22:05:45.937 30393 30493 D cellinfo: 46 bytes from 44.241.174.93: icmp_seq=1988 ttl=32 time=116 ms
08-10 22:05:46.138 30393 30493 D cellinfo: 46 bytes from 44.241.174.93: icmp_seq=1989 ttl=32 time=116 ms
08-10 22:05:46.337 30393 30493 D cellinfo: 46 bytes from 44.241.174.93: icmp_seq=1990 ttl=32 time=113 ms
08-10 22:05:46.578 30393 30493 D cellinfo: 46 bytes from 44.241.174.93: icmp_seq=1991 ttl=32 time=152 ms
08-10 22:05:46.629 30393 30393 D cellinfo: onsignalStrengthsChanged: LTE Signal Strength info: rsrp: -110 rsrq: -9 rssi: -79 rssnr: 11
08-10 22:05:46.738 30393 30493 D cellinfo: 46 bytes from 44.241.174.93: icmp_seq=1992 ttl=32 time=113 ms
08-10 22:05:47.017 30393 30493 D cellinfo: 46 bytes from 44.241.174.93: icmp_seq=1993 ttl=32 time=192 ms
08-10 22:05:47.137 30393 30493 D cellinfo: 46 bytes from 44.241.174.93: icmp_seq=1994 ttl=32 time=113 ms
08-10 22:05:47.337 30393 30493 D cellinfo: 46 bytes from 44.241.174.93: icmp_seq=1995 ttl=32 time=113 ms
08-10 22:05:47.538 30393 30493 D cellinfo: 46 bytes from 44.241.174.93: icmp_seq=1996 ttl=32 time=112 ms
08-10 22:05:47.625 30393 30393 D cellinfo: Latitude is 40.9154887
08-10 22:05:47.626 30393 30393 D cellinfo: Longitude is -105.3204711
08-10 22:05:47.626 30393 30393 D cellinfo: Instantaneous GPS information: United States, 28500-28968 US-287, Livermore, CO 80536, USA
08-10 22:05:47.626 30393 30393 D cellinfo: getCurrentLocation() result: Location (success): 40.9154887, -105.3204711
08-10 22:05:47.678 30393 30393 D cellinfo: onCellInfoChanged: Operator: AT&T UpdateTimestamp: 195420413 CellConnectionStatus: 0
08-10 22:05:47.678 30393 30393 D cellinfo: onCellInfoChanged: LTE Cell Bands: [66] Bandwidth: 2147483647 Cell ID: 98109206 Physical Cell ID: 275 Tracking Area Code: 38403 EARFCN: 66711
08-10 22:05:47.776 30393 30493 D cellinfo: 46 bytes from 44.241.174.93: icmp_seq=1997 ttl=32 time=150 ms
08-10 22:05:47.937 30393 30493 D cellinfo: 46 bytes from 44.241.174.93: icmp_seq=1998 ttl=32 time=109 ms
08-10 22:05:48.138 30393 30493 D cellinfo: 46 bytes from 44.241.174.93: icmp_seq=1999 ttl=32 time=109 ms
08-10 22:05:48.337 30393 30493 D cellinfo: 46 bytes from 44.241.174.93: icmp_seq=2000 ttl=32 time=107 ms
08-10 22:05:48.536 30393 30493 D cellinfo: 46 bytes from 44.241.174.93: icmp_seq=2001 ttl=32 time=105 ms
08-10 22:05:48.737 30393 30493 D cellinfo: 46 bytes from 44.241.174.93: icmp_seq=2002 ttl=32 time=104 ms
08-10 22:05:48.872 30393 30393 D cellinfo: onsignalStrengthsChanged: LTE Signal Strength info: rsrp: -109 rsrq: -9 rssi: -81 rssnr: 12
08-10 22:05:48.939 30393 30493 D cellinfo: 46 bytes from 44.241.174.93: icmp_seq=2003 ttl=32 time=105 ms
08-10 22:05:49.137 30393 30493 D cellinfo: 46 bytes from 44.241.174.93: icmp_seq=2004 ttl=32 time=101 ms
08-10 22:05:49.337 30393 30493 D cellinfo: 46 bytes from 44.241.174.93: icmp_seq=2005 ttl=32 time=101 ms
08-10 22:05:49.538 30393 30493 D cellinfo: 46 bytes from 44.241.174.93: icmp_seq=2006 ttl=32 time=99.9 ms
08-10 22:05:49.778 30393 30493 D cellinfo: 46 bytes from 44.241.174.93: icmp_seq=2007 ttl=32 time=139 ms
08-10 22:05:49.937 30393 30493 D cellinfo: 46 bytes from 44.241.174.93: icmp_seq=2008 ttl=32 time=99.3 ms
08-10 22:05:50.136 30393 30493 D cellinfo: 46 bytes from 44.241.174.93: icmp_seq=2009 ttl=32 time=97.6 ms
08-10 22:05:50.341 30393 30493 D cellinfo: 46 bytes from 44.241.174.93: icmp_seq=2010 ttl=32 time=100 ms
08-10 22:05:50.540 30393 30493 D cellinfo: 46 bytes from 44.241.174.93: icmp_seq=2011 ttl=32 time=99.2 ms
08-10 22:05:50.664 30393 30393 D cellinfo: onCellInfoChanged: Operator: AT&T UpdateTimestamp: 195423402 CellConnectionStatus: 0
08-10 22:05:50.664 30393 30393 D cellinfo: onCellInfoChanged: LTE Cell Bands: [66] Bandwidth: 2147483647 Cell ID: 98109206 Physical Cell ID: 275 Tracking Area Code: 38403 EARFCN: 66711
08-10 22:05:50.778 30393 30493 D cellinfo: 46 bytes from 44.241.174.93: icmp_seq=2012 ttl=32 time=136 ms
08-10 22:05:50.941 30393 30493 D cellinfo: 46 bytes from 44.241.174.93: icmp_seq=2013 ttl=32 time=96.3 ms
08-10 22:05:51.112 30393 30393 D cellinfo: onsignalStrengthsChanged: LTE Signal Strength info: rsrp: -109 rsrq: -9 rssi: -85 rssnr: 12
08-10 22:05:51.178 30393 30493 D cellinfo: 46 bytes from 44.241.174.93: icmp_seq=2014 ttl=32 time=131 ms
08-10 22:05:51.341 30393 30493 D cellinfo: 46 bytes from 44.241.174.93: icmp_seq=2015 ttl=32 time=93.3 ms
08-10 22:05:51.541 30393 30493 D cellinfo: 46 bytes from 44.241.174.93: icmp_seq=2016 ttl=32 time=90.9 ms
08-10 22:05:51.777 30393 30493 D cellinfo: 46 bytes from 44.241.174.93: icmp_seq=2017 ttl=32 time=126 ms
08-10 22:05:51.939 30393 30493 D cellinfo: 46 bytes from 44.241.174.93: icmp_seq=2018 ttl=32 time=86.7 ms
08-10 22:05:52.179 30393 30493 D cellinfo: 46 bytes from 44.241.174.93: icmp_seq=2019 ttl=32 time=124 ms
08-10 22:05:52.307 30393 30393 D cellinfo: Latitude is 40.9129073
08-10 22:05:52.307 30393 30393 D cellinfo: Longitude is -105.317166
08-10 22:05:52.307 30393 30393 D cellinfo: Instantaneous GPS information: United States, 28265 US-287, Livermore, CO 80536, USA
08-10 22:05:52.307 30393 30393 D cellinfo: getCurrentLocation() result: Location (success): 40.9129073, -105.317166
08-10 22:05:52.350 30393 30493 D cellinfo: 46 bytes from 44.241.174.93: icmp_seq=2020 ttl=32 time=95.3 ms
08-10 22:05:52.578 30393 30493 D cellinfo: 46 bytes from 44.241.174.93: icmp_seq=2021 ttl=32 time=122 ms
08-10 22:05:52.750 30393 30493 D cellinfo: 46 bytes from 44.241.174.93: icmp_seq=2022 ttl=32 time=93.6 ms
08-10 22:05:52.977 30393 30493 D cellinfo: 46 bytes from 44.241.174.93: icmp_seq=2023 ttl=32 time=120 ms
08-10 22:05:53.179 30393 30493 D cellinfo: 46 bytes from 44.241.174.93: icmp_seq=2024 ttl=32 time=119 ms
08-10 22:05:53.351 30393 30393 D cellinfo: onsignalStrengthsChanged: LTE Signal Strength info: rsrp: -109 rsrq: -9 rssi: -83 rssnr: 12
08-10 22:05:53.377 30393 30493 D cellinfo: 46 bytes from 44.241.174.93: icmp_seq=2025 ttl=32 time=117 ms
08-10 22:05:53.578 30393 30493 D cellinfo: 46 bytes from 44.241.174.93: icmp_seq=2026 ttl=32 time=116 ms
08-10 22:05:53.630 30393 30393 D cellinfo: Latitude is 40.9129073
08-10 22:05:53.630 30393 30393 D cellinfo: Longitude is -105.317166
08-10 22:05:53.630 30393 30393 D cellinfo: Instantaneous GPS information: United States, 28265 US-287, Livermore, CO 80536, USA
08-10 22:05:53.630 30393 30393 D cellinfo: getCurrentLocation() result: Location (success): 40.9129073, -105.317166
08-10 22:05:53.681 30393 30393 D cellinfo: onCellInfoChanged: Operator: AT&T UpdateTimestamp: 195426417 CellConnectionStatus: 0
08-10 22:05:53.681 30393 30393 D cellinfo: onCellInfoChanged: LTE Cell Bands: [66] Bandwidth: 2147483647 Cell ID: 98109206 Physical Cell ID: 275 Tracking Area Code: 38403 EARFCN: 66711
08-10 22:05:53.778 30393 30493 D cellinfo: 46 bytes from 44.241.174.93: icmp_seq=2027 ttl=32 time=115 ms
08-10 22:05:53.979 30393 30493 D cellinfo: 46 bytes from 44.241.174.93: icmp_seq=2028 ttl=32 time=115 ms
08-10 22:05:54.217 30393 30493 D cellinfo: 46 bytes from 44.241.174.93: icmp_seq=2029 ttl=32 time=153 ms
08-10 22:05:54.377 30393 30493 D cellinfo: 46 bytes from 44.241.174.93: icmp_seq=2030 ttl=32 time=113 ms
08-10 22:05:54.579 30393 30493 D cellinfo: 46 bytes from 44.241.174.93: icmp_seq=2031 ttl=32 time=112 ms
08-10 22:05:54.777 30393 30493 D cellinfo: 46 bytes from 44.241.174.93: icmp_seq=2032 ttl=32 time=110 ms
08-10 22:05:54.977 30393 30493 D cellinfo: 46 bytes from 44.241.174.93: icmp_seq=2033 ttl=32 time=110 ms
08-10 22:05:55.176 30393 30493 D cellinfo: 46 bytes from 44.241.174.93: icmp_seq=2034 ttl=32 time=108 ms
08-10 22:05:55.378 30393 30493 D cellinfo: 46 bytes from 44.241.174.93: icmp_seq=2035 ttl=32 time=108 ms
08-10 22:05:55.578 30393 30493 D cellinfo: 46 bytes from 44.241.174.93: icmp_seq=2036 ttl=32 time=108 ms
08-10 22:05:55.779 30393 30493 D cellinfo: 46 bytes from 44.241.174.93: icmp_seq=2037 ttl=32 time=108 ms
08-10 22:05:55.978 30393 30493 D cellinfo: 46 bytes from 44.241.174.93: icmp_seq=2038 ttl=32 time=105 ms
08-10 22:05:56.177 30393 30493 D cellinfo: 46 bytes from 44.241.174.93: icmp_seq=2039 ttl=32 time=103 ms
08-10 22:05:56.377 30393 30493 D cellinfo: 46 bytes from 44.241.174.93: icmp_seq=2040 ttl=32 time=102 ms
08-10 22:05:56.577 30393 30493 D cellinfo: 46 bytes from 44.241.174.93: icmp_seq=2041 ttl=32 time=101 ms
08-10 22:05:56.633 30393 30393 D cellinfo: Latitude is 40.9129073
08-10 22:05:56.633 30393 30393 D cellinfo: Longitude is -105.317166
08-10 22:05:56.633 30393 30393 D cellinfo: Instantaneous GPS information: United States, 28265 US-287, Livermore, CO 80536, USA
08-10 22:05:56.633 30393 30393 D cellinfo: getCurrentLocation() result: Location (success): 40.9129073, -105.317166
08-10 22:05:56.677 30393 30393 D cellinfo: onCellInfoChanged: Operator: AT&T UpdateTimestamp: 195429413 CellConnectionStatus: 0
08-10 22:05:56.677 30393 30393 D cellinfo: onCellInfoChanged: LTE Cell Bands: [66] Bandwidth: 2147483647 Cell ID: 98109206 Physical Cell ID: 275 Tracking Area Code: 38403 EARFCN: 66711
08-10 22:05:56.777 30393 30493 D cellinfo: 46 bytes from 44.241.174.93: icmp_seq=2042 ttl=32 time=101 ms
08-10 22:05:56.977 30393 30493 D cellinfo: 46 bytes from 44.241.174.93: icmp_seq=2043 ttl=32 time=100 ms
08-10 22:05:57.176 30393 30493 D cellinfo: 46 bytes from 44.241.174.93: icmp_seq=2044 ttl=32 time=98.1 ms
08-10 22:05:57.380 30393 30493 D cellinfo: 46 bytes from 44.241.174.93: icmp_seq=2045 ttl=32 time=100 ms
08-10 22:05:57.581 30393 30493 D cellinfo: 46 bytes from 44.241.174.93: icmp_seq=2046 ttl=32 time=100 ms
08-10 22:05:57.780 30393 30493 D cellinfo: 46 bytes from 44.241.174.93: icmp_seq=2047 ttl=32 time=98.7 ms
08-10 22:05:57.979 30393 30493 D cellinfo: 46 bytes from 44.241.174.93: icmp_seq=2048 ttl=32 time=97.5 ms
08-10 22:05:58.180 30393 30493 D cellinfo: 46 bytes from 44.241.174.93: icmp_seq=2049 ttl=32 time=97.4 ms
08-10 22:05:58.380 30393 30493 D cellinfo: 46 bytes from 44.241.174.93: icmp_seq=2050 ttl=32 time=96.8 ms
08-10 22:05:58.580 30393 30493 D cellinfo: 46 bytes from 44.241.174.93: icmp_seq=2051 ttl=32 time=96.4 ms
08-10 22:05:58.780 30393 30493 D cellinfo: 46 bytes from 44.241.174.93: icmp_seq=2052 ttl=32 time=95.6 ms
08-10 22:05:58.981 30393 30493 D cellinfo: 46 bytes from 44.241.174.93: icmp_seq=2053 ttl=32 time=94.6 ms
08-10 22:05:59.180 30393 30493 D cellinfo: 46 bytes from 44.241.174.93: icmp_seq=2054 ttl=32 time=93.0 ms
08-10 22:05:59.418 30393 30493 D cellinfo: 46 bytes from 44.241.174.93: icmp_seq=2055 ttl=32 time=129 ms
08-10 22:05:59.580 30393 30493 D cellinfo: 46 bytes from 44.241.174.93: icmp_seq=2056 ttl=32 time=91.7 ms
08-10 22:05:59.634 30393 30393 D cellinfo: Latitude is 40.9129073
08-10 22:05:59.635 30393 30393 D cellinfo: Longitude is -105.317166
08-10 22:05:59.635 30393 30393 D cellinfo: Instantaneous GPS information: United States, 28265 US-287, Livermore, CO 80536, USA
08-10 22:05:59.635 30393 30393 D cellinfo: getCurrentLocation() result: Location (success): 40.9129073, -105.317166
08-10 22:05:59.689 30393 30393 D cellinfo: onCellInfoChanged: Operator: AT&T UpdateTimestamp: 195432425 CellConnectionStatus: 0
08-10 22:05:59.689 30393 30393 D cellinfo: onCellInfoChanged: LTE Cell Bands: [66] Bandwidth: 2147483647 Cell ID: 98109206 Physical Cell ID: 275 Tracking Area Code: 38403 EARFCN: 66711
08-10 22:05:59.780 30393 30493 D cellinfo: 46 bytes from 44.241.174.93: icmp_seq=2057 ttl=32 time=91.0 ms
08-10 22:05:59.925 30393 30393 D cellinfo: onsignalStrengthsChanged: LTE Signal Strength info: rsrp: -109 rsrq: -9 rssi: -79 rssnr: 11
08-10 22:06:00.018 30393 30493 D cellinfo: 46 bytes from 44.241.174.93: icmp_seq=2058 ttl=32 time=126 ms
08-10 22:06:00.218 30393 30493 D cellinfo: 46 bytes from 44.241.174.93: icmp_seq=2059 ttl=32 time=126 ms
08-10 22:06:00.457 30393 30493 D cellinfo: 46 bytes from 44.241.174.93: icmp_seq=2060 ttl=32 time=165 ms
08-10 22:06:00.617 30393 30493 D cellinfo: 46 bytes from 44.241.174.93: icmp_seq=2061 ttl=32 time=124 ms
08-10 22:06:00.816 30393 30493 D cellinfo: 46 bytes from 44.241.174.93: icmp_seq=2062 ttl=32 time=122 ms
08-10 22:06:01.017 30393 30493 D cellinfo: 46 bytes from 44.241.174.93: icmp_seq=2063 ttl=32 time=122 ms
08-10 22:06:01.218 30393 30493 D cellinfo: 46 bytes from 44.241.174.93: icmp_seq=2064 ttl=32 time=122 ms
08-10 22:06:01.418 30393 30493 D cellinfo: 46 bytes from 44.241.174.93: icmp_seq=2065 ttl=32 time=121 ms
08-10 22:06:01.618 30393 30493 D cellinfo: 46 bytes from 44.241.174.93: icmp_seq=2066 ttl=32 time=121 ms
08-10 22:06:01.818 30393 30493 D cellinfo: 46 bytes from 44.241.174.93: icmp_seq=2067 ttl=32 time=120 ms
08-10 22:06:02.018 30393 30493 D cellinfo: 46 bytes from 44.241.174.93: icmp_seq=2068 ttl=32 time=119 ms
08-10 22:06:02.257 30393 30493 D cellinfo: 46 bytes from 44.241.174.93: icmp_seq=2069 ttl=32 time=158 ms
08-10 22:06:02.457 30393 30493 D cellinfo: 46 bytes from 44.241.174.93: icmp_seq=2070 ttl=32 time=156 ms
08-10 22:06:02.656 30393 30493 D cellinfo: 46 bytes from 44.241.174.93: icmp_seq=2071 ttl=32 time=156 ms
08-10 22:06:02.669 30393 30393 D cellinfo: onCellInfoChanged: Operator: AT&T UpdateTimestamp: 195435399 CellConnectionStatus: 0
08-10 22:06:02.669 30393 30393 D cellinfo: onCellInfoChanged: LTE Cell Bands: [66] Bandwidth: 2147483647 Cell ID: 98109206 Physical Cell ID: 275 Tracking Area Code: 38403 EARFCN: 66711
08-10 22:06:02.856 30393 30493 D cellinfo: 46 bytes from 44.241.174.93: icmp_seq=2072 ttl=32 time=154 ms
08-10 22:06:02.929 30393 30393 D cellinfo: onsignalStrengthsChanged: LTE Signal Strength info: rsrp: -108 rsrq: -10 rssi: -75 rssnr: 11
08-10 22:06:03.057 30393 30493 D cellinfo: 46 bytes from 44.241.174.93: icmp_seq=2073 ttl=32 time=153 ms
08-10 22:06:03.296 30393 30493 D cellinfo: 46 bytes from 44.241.174.93: icmp_seq=2074 ttl=32 time=193 ms
08-10 22:06:03.418 30393 30493 D cellinfo: 46 bytes from 44.241.174.93: icmp_seq=2075 ttl=32 time=113 ms
08-10 22:06:03.617 30393 30493 D cellinfo: 46 bytes from 44.241.174.93: icmp_seq=2076 ttl=32 time=112 ms
08-10 22:06:03.858 30393 30493 D cellinfo: 46 bytes from 44.241.174.93: icmp_seq=2077 ttl=32 time=151 ms
08-10 22:06:04.006 30393 30493 D cellinfo: 46 bytes from 44.241.174.93: icmp_seq=2078 ttl=32 time=98.3 ms
08-10 22:06:04.214 30393 30493 D cellinfo: 46 bytes from 44.241.174.93: icmp_seq=2079 ttl=32 time=105 ms
08-10 22:06:04.385 30393 30393 D cellinfo: Latitude is 40.9102705
08-10 22:06:04.385 30393 30393 D cellinfo: Longitude is -105.3138765
08-10 22:06:04.385 30393 30393 D cellinfo: Instantaneous GPS information: United States, 27812-27916 US-287, Livermore, CO 80536, USA
08-10 22:06:04.385 30393 30393 D cellinfo: getCurrentLocation() result: Location (success): 40.9102705, -105.3138765
08-10 22:06:04.456 30393 30493 D cellinfo: 46 bytes from 44.241.174.93: icmp_seq=2080 ttl=32 time=148 ms
08-10 22:06:04.552 30393 30393 D cellinfo: onsignalStrengthsChanged: LTE Signal Strength info: rsrp: -107 rsrq: -10 rssi: -71 rssnr: 9
08-10 22:06:04.617 30393 30493 D cellinfo: 46 bytes from 44.241.174.93: icmp_seq=2081 ttl=32 time=107 ms
08-10 22:06:04.818 30393 30493 D cellinfo: 46 bytes from 44.241.174.93: icmp_seq=2082 ttl=32 time=106 ms
08-10 22:06:05.057 30393 30493 D cellinfo: 46 bytes from 44.241.174.93: icmp_seq=2083 ttl=32 time=146 ms
08-10 22:06:05.225 30393 30493 D cellinfo: 46 bytes from 44.241.174.93: icmp_seq=2084 ttl=32 time=114 ms
08-10 22:06:05.411 30393 30493 D cellinfo: 46 bytes from 44.241.174.93: icmp_seq=2085 ttl=32 time=98.0 ms
08-10 22:06:05.534 30393 30393 D cellinfo: onCellInfoChanged: Operator: AT&T UpdateTimestamp: 195438266 CellConnectionStatus: 0
08-10 22:06:05.534 30393 30393 D cellinfo: onCellInfoChanged: LTE Cell Bands: [66] Bandwidth: 2147483647 Cell ID: 98081048 Physical Cell ID: 478 Tracking Area Code: 38403 EARFCN: 66711
08-10 22:06:05.559 30393 30393 D cellinfo: onServiceStateChanged: Channel Number: 66711 Cell Bandwidths: []
08-10 22:06:05.616 30393 30393 D cellinfo: Latitude is 40.9102705
08-10 22:06:05.616 30393 30393 D cellinfo: Longitude is -105.3138765
08-10 22:06:05.616 30393 30393 D cellinfo: Instantaneous GPS information: United States, 27812-27916 US-287, Livermore, CO 80536, USA
08-10 22:06:05.616 30393 30393 D cellinfo: getCurrentLocation() result: Location (success): 40.9102705, -105.3138765
08-10 22:06:05.619 30393 30493 D cellinfo: 46 bytes from 44.241.174.93: icmp_seq=2086 ttl=32 time=103 ms
08-10 22:06:05.656 30393 30393 D cellinfo: onCellInfoChanged: Operator: AT&T UpdateTimestamp: 195438392 CellConnectionStatus: 0
08-10 22:06:05.656 30393 30393 D cellinfo: onCellInfoChanged: LTE Cell Bands: [66] Bandwidth: 2147483647 Cell ID: 98081048 Physical Cell ID: 478 Tracking Area Code: 38403 EARFCN: 66711
08-10 22:06:05.817 30393 30493 D cellinfo: 46 bytes from 44.241.174.93: icmp_seq=2087 ttl=32 time=101 ms
08-10 22:06:05.921 30393 30393 D cellinfo: onsignalStrengthsChanged: LTE Signal Strength info: rsrp: -106 rsrq: -10 rssi: -73 rssnr: 9
08-10 22:06:06.010 30393 30493 D cellinfo: 46 bytes from 44.241.174.93: icmp_seq=2088 ttl=32 time=93.0 ms
08-10 22:06:06.218 30393 30493 D cellinfo: 46 bytes from 44.241.174.93: icmp_seq=2089 ttl=32 time=99.7 ms
08-10 22:06:06.418 30393 30493 D cellinfo: 46 bytes from 44.241.174.93: icmp_seq=2090 ttl=32 time=98.8 ms
08-10 22:06:06.618 30393 30493 D cellinfo: 46 bytes from 44.241.174.93: icmp_seq=2091 ttl=32 time=98.5 ms
08-10 22:06:06.793 30393 30393 D cellinfo: onsignalStrengthsChanged: LTE Signal Strength info: rsrp: -105 rsrq: -10 rssi: -73 rssnr: 9
08-10 22:06:06.819 30393 30493 D cellinfo: 46 bytes from 44.241.174.93: icmp_seq=2092 ttl=32 time=98.9 ms
08-10 22:06:07.018 30393 30493 D cellinfo: 46 bytes from 44.241.174.93: icmp_seq=2093 ttl=32 time=97.4 ms
08-10 22:06:07.219 30393 30493 D cellinfo: 46 bytes from 44.241.174.93: icmp_seq=2094 ttl=32 time=98.5 ms
08-10 22:06:07.420 30393 30493 D cellinfo: 46 bytes from 44.241.174.93: icmp_seq=2095 ttl=32 time=99.1 ms
08-10 22:06:07.621 30393 30493 D cellinfo: 46 bytes from 44.241.174.93: icmp_seq=2096 ttl=32 time=98.5 ms
08-10 22:06:07.819 30393 30493 D cellinfo: 46 bytes from 44.241.174.93: icmp_seq=2097 ttl=32 time=97.6 ms
08-10 22:06:08.019 30393 30493 D cellinfo: 46 bytes from 44.241.174.93: icmp_seq=2098 ttl=32 time=97.1 ms
08-10 22:06:08.221 30393 30493 D cellinfo: 46 bytes from 44.241.174.93: icmp_seq=2099 ttl=32 time=97.2 ms
08-10 22:06:08.420 30393 30493 D cellinfo: 46 bytes from 44.241.174.93: icmp_seq=2100 ttl=32 time=96.4 ms
08-10 22:06:08.587 30393 30393 D cellinfo: onCellInfoChanged: Operator: AT&T UpdateTimestamp: 195441323 CellConnectionStatus: 0
08-10 22:06:08.587 30393 30393 D cellinfo: onCellInfoChanged: LTE Cell Bands: [66] Bandwidth: 2147483647 Cell ID: 98081048 Physical Cell ID: 478 Tracking Area Code: 38403 EARFCN: 66711
08-10 22:06:08.617 30393 30393 D cellinfo: Latitude is 40.9102705
08-10 22:06:08.617 30393 30393 D cellinfo: Longitude is -105.3138765
08-10 22:06:08.617 30393 30393 D cellinfo: Instantaneous GPS information: United States, 27812-27916 US-287, Livermore, CO 80536, USA
08-10 22:06:08.617 30393 30393 D cellinfo: getCurrentLocation() result: Location (success): 40.9102705, -105.3138765
08-10 22:06:08.619 30393 30493 D cellinfo: 46 bytes from 44.241.174.93: icmp_seq=2101 ttl=32 time=94.9 ms
08-10 22:06:08.819 30393 30493 D cellinfo: 46 bytes from 44.241.174.93: icmp_seq=2102 ttl=32 time=93.6 ms
08-10 22:06:08.931 30393 30393 D cellinfo: onsignalStrengthsChanged: LTE Signal Strength info: rsrp: -104 rsrq: -10 rssi: -73 rssnr: 9
08-10 22:06:09.021 30393 30493 D cellinfo: 46 bytes from 44.241.174.93: icmp_seq=2103 ttl=32 time=94.4 ms
08-10 22:06:09.221 30393 30493 D cellinfo: 46 bytes from 44.241.174.93: icmp_seq=2104 ttl=32 time=93.5 ms
08-10 22:06:09.429 30393 30493 D cellinfo: 46 bytes from 44.241.174.93: icmp_seq=2105 ttl=32 time=101 ms
08-10 22:06:09.619 30393 30493 D cellinfo: 46 bytes from 44.241.174.93: icmp_seq=2106 ttl=32 time=91.9 ms
08-10 22:06:09.820 30393 30493 D cellinfo: 46 bytes from 44.241.174.93: icmp_seq=2107 ttl=32 time=91.1 ms
08-10 22:06:10.056 30393 30493 D cellinfo: 46 bytes from 44.241.174.93: icmp_seq=2108 ttl=32 time=126 ms
08-10 22:06:10.230 30393 30493 D cellinfo: 46 bytes from 44.241.174.93: icmp_seq=2109 ttl=32 time=100 ms
08-10 22:06:10.458 30393 30493 D cellinfo: 46 bytes from 44.241.174.93: icmp_seq=2110 ttl=32 time=125 ms
08-10 22:06:10.658 30393 30493 D cellinfo: 46 bytes from 44.241.174.93: icmp_seq=2111 ttl=32 time=125 ms
08-10 22:06:10.896 30393 30493 D cellinfo: 46 bytes from 44.241.174.93: icmp_seq=2112 ttl=32 time=163 ms
08-10 22:06:11.058 30393 30493 D cellinfo: 46 bytes from 44.241.174.93: icmp_seq=2113 ttl=32 time=123 ms
08-10 22:06:11.257 30393 30493 D cellinfo: 46 bytes from 44.241.174.93: icmp_seq=2114 ttl=32 time=123 ms
08-10 22:06:11.457 30393 30493 D cellinfo: 46 bytes from 44.241.174.93: icmp_seq=2115 ttl=32 time=122 ms
08-10 22:06:11.629 30393 30393 D cellinfo: Latitude is 40.9102705
08-10 22:06:11.630 30393 30393 D cellinfo: Longitude is -105.3138765
08-10 22:06:11.630 30393 30393 D cellinfo: Instantaneous GPS information: United States, 27812-27916 US-287, Livermore, CO 80536, USA
08-10 22:06:11.630 30393 30393 D cellinfo: getCurrentLocation() result: Location (success): 40.9102705, -105.3138765
08-10 22:06:11.656 30393 30493 D cellinfo: 46 bytes from 44.241.174.93: icmp_seq=2116 ttl=32 time=122 ms
08-10 22:06:11.688 30393 30393 D cellinfo: onCellInfoChanged: Operator: AT&T UpdateTimestamp: 195444425 CellConnectionStatus: 0
08-10 22:06:11.688 30393 30393 D cellinfo: onCellInfoChanged: LTE Cell Bands: [66] Bandwidth: 2147483647 Cell ID: 98081048 Physical Cell ID: 478 Tracking Area Code: 38403 EARFCN: 66711
08-10 22:06:11.858 30393 30493 D cellinfo: 46 bytes from 44.241.174.93: icmp_seq=2117 ttl=32 time=122 ms
08-10 22:06:12.057 30393 30493 D cellinfo: 46 bytes from 44.241.174.93: icmp_seq=2118 ttl=32 time=121 ms
08-10 22:06:12.258 30393 30493 D cellinfo: 46 bytes from 44.241.174.93: icmp_seq=2119 ttl=32 time=122 ms
08-10 22:06:12.458 30393 30493 D cellinfo: 46 bytes from 44.241.174.93: icmp_seq=2120 ttl=32 time=121 ms
08-10 22:06:12.657 30393 30493 D cellinfo: 46 bytes from 44.241.174.93: icmp_seq=2121 ttl=32 time=121 ms
08-10 22:06:12.857 30393 30493 D cellinfo: 46 bytes from 44.241.174.93: icmp_seq=2122 ttl=32 time=120 ms
08-10 22:06:13.058 30393 30493 D cellinfo: 46 bytes from 44.241.174.93: icmp_seq=2123 ttl=32 time=120 ms
08-10 22:06:13.258 30393 30493 D cellinfo: 46 bytes from 44.241.174.93: icmp_seq=2124 ttl=32 time=121 ms
08-10 22:06:13.458 30393 30493 D cellinfo: 46 bytes from 44.241.174.93: icmp_seq=2125 ttl=32 time=120 ms
08-10 22:06:13.512 30393 30393 D cellinfo: onsignalStrengthsChanged: LTE Signal Strength info: rsrp: -100 rsrq: -9 rssi: -73 rssnr: 11
08-10 22:06:13.658 30393 30493 D cellinfo: 46 bytes from 44.241.174.93: icmp_seq=2126 ttl=32 time=119 ms
08-10 22:06:13.858 30393 30493 D cellinfo: 46 bytes from 44.241.174.93: icmp_seq=2127 ttl=32 time=117 ms
08-10 22:06:14.058 30393 30493 D cellinfo: 46 bytes from 44.241.174.93: icmp_seq=2128 ttl=32 time=117 ms
08-10 22:06:14.258 30393 30493 D cellinfo: 46 bytes from 44.241.174.93: icmp_seq=2129 ttl=32 time=117 ms
08-10 22:06:14.458 30393 30493 D cellinfo: 46 bytes from 44.241.174.93: icmp_seq=2130 ttl=32 time=116 ms
08-10 22:06:14.657 30393 30493 D cellinfo: 46 bytes from 44.241.174.93: icmp_seq=2131 ttl=32 time=114 ms
08-10 22:06:14.677 30393 30393 D cellinfo: onCellInfoChanged: Operator: AT&T UpdateTimestamp: 195447408 CellConnectionStatus: 0
08-10 22:06:14.678 30393 30393 D cellinfo: onCellInfoChanged: LTE Cell Bands: [66] Bandwidth: 2147483647 Cell ID: 98081048 Physical Cell ID: 478 Tracking Area Code: 38403 EARFCN: 66711
08-10 22:06:14.857 30393 30493 D cellinfo: 46 bytes from 44.241.174.93: icmp_seq=2132 ttl=32 time=112 ms
08-10 22:06:15.057 30393 30493 D cellinfo: 46 bytes from 44.241.174.93: icmp_seq=2133 ttl=32 time=111 ms
08-10 22:06:15.257 30393 30493 D cellinfo: 46 bytes from 44.241.174.93: icmp_seq=2134 ttl=32 time=112 ms
08-10 22:06:15.457 30393 30493 D cellinfo: 46 bytes from 44.241.174.93: icmp_seq=2135 ttl=32 time=111 ms
08-10 22:06:15.657 30393 30493 D cellinfo: 46 bytes from 44.241.174.93: icmp_seq=2136 ttl=32 time=111 ms
08-10 22:06:15.745 30393 30393 D cellinfo: onsignalStrengthsChanged: LTE Signal Strength info: rsrp: -100 rsrq: -9 rssi: -75 rssnr: 12
08-10 22:06:15.847 30393 30493 D cellinfo: 46 bytes from 44.241.174.93: icmp_seq=2137 ttl=32 time=99.0 ms
08-10 22:06:16.064 30393 30493 D cellinfo: 46 bytes from 44.241.174.93: icmp_seq=2138 ttl=32 time=114 ms
08-10 22:06:16.249 30393 30493 D cellinfo: 46 bytes from 44.241.174.93: icmp_seq=2139 ttl=32 time=98.1 ms
08-10 22:06:16.356 30393 30393 D cellinfo: Latitude is 40.9075623
08-10 22:06:16.356 30393 30393 D cellinfo: Longitude is -105.3103646
08-10 22:06:16.356 30393 30393 D cellinfo: Instantaneous GPS information: United States, 27815-27739 US-287, Livermore, CO 80536, USA
08-10 22:06:16.356 30393 30393 D cellinfo: getCurrentLocation() result: Location (success): 40.9075623, -105.3103646
08-10 22:06:16.450 30393 30493 D cellinfo: 46 bytes from 44.241.174.93: icmp_seq=2140 ttl=32 time=99.7 ms
