--------- beginning of main
08-10 22:24:56.432  5222  5222 D cellinfo: Country == United States
08-10 22:24:56.432  5222  5222 D cellinfo: City == Laporte
08-10 22:24:56.433  5222  5222 D cellinfo: GPS Info == 6679-6605 US-287, Laporte, CO 80535, USA
08-10 22:24:56.433  5222  5222 D cellinfo: Network Operator == AT&T
08-10 22:24:56.433  5222  5222 D cellinfo: User movement == Static
08-10 22:24:56.433  5222  5222 D cellinfo: isEastCoast == false
08-10 22:24:56.433  5222  5222 D cellinfo: isWestCoast == true
08-10 22:24:56.433  5222  5222 D cellinfo: isBoston == false
08-10 22:24:56.433  5222  5222 D cellinfo: All GPS info fetched. Saving city and country info
08-10 22:24:56.434  5222  5321 D cellinfo: Timestamp: 1660191896
08-10 22:24:56.935  5222  5322 D cellinfo: Logging started
08-10 22:24:56.939  5222  5222 D cellinfo: onServiceStateChanged: Channel Number: 66711 Cell Bandwidths: []
08-10 22:24:56.939  5222  5222 D cellinfo: onsignalStrengthsChanged: LTE Signal Strength info: rsrp: -113 rsrq: -12 rssi: -85 rssnr: 4
08-10 22:24:56.944  5222  5222 D cellinfo: onCellInfoChanged: Operator: AT&T UpdateTimestamp: 196569244 CellConnectionStatus: 0
08-10 22:24:56.944  5222  5222 D cellinfo: onCellInfoChanged: LTE Cell Bands: [66] Bandwidth: 2147483647 Cell ID: 98066966 Physical Cell ID: 197 Tracking Area Code: 38403 EARFCN: 66711
08-10 22:24:56.945  5222  5222 D cellinfo: onDisplayInfoChanged: NetworkType: LTE OverrideNetworkType: None
08-10 22:24:57.436  5222  5321 D cellinfo: Ping command fired: /system/bin/ping -i 0.2 -s 38 44.241.174.93
08-10 22:24:57.552  5222  5321 D cellinfo: PING 44.241.174.93 (44.241.174.93) 38(66) bytes of data.
08-10 22:24:57.552  5222  5321 D cellinfo: 46 bytes from 44.241.174.93: icmp_seq=1 ttl=32 time=110 ms
08-10 22:24:57.760  5222  5321 D cellinfo: 46 bytes from 44.241.174.93: icmp_seq=2 ttl=32 time=113 ms
08-10 22:24:57.970  5222  5321 D cellinfo: 46 bytes from 44.241.174.93: icmp_seq=3 ttl=32 time=123 ms
08-10 22:24:58.164  5222  5321 D cellinfo: 46 bytes from 44.241.174.93: icmp_seq=4 ttl=32 time=113 ms
08-10 22:24:58.355  5222  5321 D cellinfo: 46 bytes from 44.241.174.93: icmp_seq=5 ttl=32 time=105 ms
08-10 22:24:58.356  5222  5222 D cellinfo: Latitude is 40.6502056
08-10 22:24:58.356  5222  5222 D cellinfo: Longitude is -105.1727728
08-10 22:24:58.356  5222  5222 D cellinfo: Instantaneous GPS information: United States, 5101 Falloon Ln, Laporte, CO 80535, USA
08-10 22:24:58.356  5222  5222 D cellinfo: getCurrentLocation() result: Location (success): 40.6502056, -105.1727728
08-10 22:24:58.554  5222  5321 D cellinfo: 46 bytes from 44.241.174.93: icmp_seq=6 ttl=32 time=105 ms
08-10 22:24:58.773  5222  5321 D cellinfo: 46 bytes from 44.241.174.93: icmp_seq=7 ttl=32 time=124 ms
08-10 22:24:58.954  5222  5321 D cellinfo: 46 bytes from 44.241.174.93: icmp_seq=8 ttl=32 time=104 ms
08-10 22:24:59.192  5222  5321 D cellinfo: 46 bytes from 44.241.174.93: icmp_seq=9 ttl=32 time=142 ms
08-10 22:24:59.276  5222  5222 D cellinfo: onsignalStrengthsChanged: LTE Signal Strength info: rsrp: -118 rsrq: -12 rssi: -85 rssnr: 3
08-10 22:24:59.356  5222  5321 D cellinfo: 46 bytes from 44.241.174.93: icmp_seq=10 ttl=32 time=104 ms
08-10 22:24:59.442  5222  5222 D cellinfo: Latitude is 40.6502056
08-10 22:24:59.442  5222  5222 D cellinfo: Longitude is -105.1727728
08-10 22:24:59.442  5222  5222 D cellinfo: Instantaneous GPS information: United States, 5101 Falloon Ln, Laporte, CO 80535, USA
08-10 22:24:59.442  5222  5222 D cellinfo: getCurrentLocation() result: Location (success): 40.6502056, -105.1727728
08-10 22:24:59.486  5222  5222 D cellinfo: onCellInfoChanged: Operator: AT&T UpdateTimestamp: 196572218 CellConnectionStatus: 0
08-10 22:24:59.486  5222  5222 D cellinfo: onCellInfoChanged: LTE Cell Bands: [66] Bandwidth: 2147483647 Cell ID: 98066966 Physical Cell ID: 197 Tracking Area Code: 38403 EARFCN: 66711
08-10 22:24:59.592  5222  5321 D cellinfo: 46 bytes from 44.241.174.93: icmp_seq=11 ttl=32 time=140 ms
08-10 22:24:59.756  5222  5321 D cellinfo: 46 bytes from 44.241.174.93: icmp_seq=12 ttl=32 time=103 ms
08-10 22:24:59.956  5222  5321 D cellinfo: 46 bytes from 44.241.174.93: icmp_seq=13 ttl=32 time=102 ms
08-10 22:25:00.157  5222  5321 D cellinfo: 46 bytes from 44.241.174.93: icmp_seq=14 ttl=32 time=102 ms
08-10 22:25:00.394  5222  5321 D cellinfo: 46 bytes from 44.241.174.93: icmp_seq=15 ttl=32 time=137 ms
08-10 22:25:00.635  5222  5321 D cellinfo: 46 bytes from 44.241.174.93: icmp_seq=16 ttl=32 time=179 ms
08-10 22:25:00.775  5222  5321 D cellinfo: 46 bytes from 44.241.174.93: icmp_seq=17 ttl=32 time=118 ms
08-10 22:25:00.968  5222  5321 D cellinfo: 46 bytes from 44.241.174.93: icmp_seq=18 ttl=32 time=111 ms
08-10 22:25:01.174  5222  5321 D cellinfo: 46 bytes from 44.241.174.93: icmp_seq=19 ttl=32 time=114 ms
08-10 22:25:01.434  5222  5321 D cellinfo: 46 bytes from 44.241.174.93: icmp_seq=20 ttl=32 time=174 ms
08-10 22:25:01.509  5222  5222 D cellinfo: onsignalStrengthsChanged: LTE Signal Strength info: rsrp: -118 rsrq: -13 rssi: -87 rssnr: 2
08-10 22:25:01.593  5222  5321 D cellinfo: 46 bytes from 44.241.174.93: icmp_seq=21 ttl=32 time=133 ms
08-10 22:25:01.802  5222  5321 D cellinfo: 46 bytes from 44.241.174.93: icmp_seq=22 ttl=32 time=141 ms
08-10 22:25:01.995  5222  5321 D cellinfo: 46 bytes from 44.241.174.93: icmp_seq=23 ttl=32 time=133 ms
08-10 22:25:02.233  5222  5321 D cellinfo: 46 bytes from 44.241.174.93: icmp_seq=24 ttl=32 time=172 ms
08-10 22:25:02.393  5222  5321 D cellinfo: 46 bytes from 44.241.174.93: icmp_seq=25 ttl=32 time=130 ms
08-10 22:25:02.441  5222  5222 D cellinfo: Latitude is 40.6502056
08-10 22:25:02.441  5222  5222 D cellinfo: Longitude is -105.1727728
08-10 22:25:02.441  5222  5222 D cellinfo: Instantaneous GPS information: United States, 5101 Falloon Ln, Laporte, CO 80535, USA
08-10 22:25:02.441  5222  5222 D cellinfo: getCurrentLocation() result: Location (success): 40.6502056, -105.1727728
08-10 22:25:02.486  5222  5222 D cellinfo: onCellInfoChanged: Operator: AT&T UpdateTimestamp: 196575223 CellConnectionStatus: 0
08-10 22:25:02.486  5222  5222 D cellinfo: onCellInfoChanged: LTE Cell Bands: [66] Bandwidth: 2147483647 Cell ID: 98066966 Physical Cell ID: 197 Tracking Area Code: 38403 EARFCN: 66711
08-10 22:25:02.592  5222  5321 D cellinfo: 46 bytes from 44.241.174.93: icmp_seq=26 ttl=32 time=130 ms
08-10 22:25:02.793  5222  5321 D cellinfo: 46 bytes from 44.241.174.93: icmp_seq=27 ttl=32 time=129 ms
08-10 22:25:02.993  5222  5321 D cellinfo: 46 bytes from 44.241.174.93: icmp_seq=28 ttl=32 time=127 ms
08-10 22:25:03.072  5222  5222 D cellinfo: onsignalStrengthsChanged: LTE Signal Strength info: rsrp: -118 rsrq: -13 rssi: -87 rssnr: 1
08-10 22:25:03.201  5222  5321 D cellinfo: 46 bytes from 44.241.174.93: icmp_seq=29 ttl=32 time=134 ms
08-10 22:25:03.394  5222  5321 D cellinfo: 46 bytes from 44.241.174.93: icmp_seq=30 ttl=32 time=125 ms
08-10 22:25:03.680  5222  5321 D cellinfo: 46 bytes from 44.241.174.93: icmp_seq=31 ttl=32 time=210 ms
08-10 22:25:03.726  5222  5222 D cellinfo: onsignalStrengthsChanged: LTE Signal Strength info: rsrp: -116 rsrq: -13 rssi: -79 rssnr: 1
08-10 22:25:03.739  5222  5222 D cellinfo: onsignalStrengthsChanged: LTE Signal Strength info: rsrp: -115 rsrq: -12 rssi: -79 rssnr: 2
08-10 22:25:03.753  5222  5222 D cellinfo: onCellInfoChanged: Operator: AT&T UpdateTimestamp: 196576480 CellConnectionStatus: 0
08-10 22:25:03.753  5222  5222 D cellinfo: onCellInfoChanged: LTE Cell Bands: [12] Bandwidth: 2147483647 Cell ID: 98066960 Physical Cell ID: 416 Tracking Area Code: 38403 EARFCN: 5110
08-10 22:25:03.770  5222  5222 D cellinfo: onServiceStateChanged: Channel Number: 5110 Cell Bandwidths: []
08-10 22:25:03.845  5222  5321 D cellinfo: 46 bytes from 44.241.174.93: icmp_seq=32 ttl=32 time=169 ms
08-10 22:25:04.006  5222  5321 D cellinfo: 46 bytes from 44.241.174.93: icmp_seq=33 ttl=32 time=128 ms
08-10 22:25:04.171  5222  5321 D cellinfo: 46 bytes from 44.241.174.93: icmp_seq=34 ttl=32 time=92.9 ms
08-10 22:25:04.407  5222  5321 D cellinfo: 46 bytes from 44.241.174.93: icmp_seq=35 ttl=32 time=127 ms
08-10 22:25:04.646  5222  5321 D cellinfo: 46 bytes from 44.241.174.93: icmp_seq=36 ttl=32 time=165 ms
08-10 22:25:04.806  5222  5321 D cellinfo: 46 bytes from 44.241.174.93: icmp_seq=37 ttl=32 time=125 ms
08-10 22:25:05.047  5222  5321 D cellinfo: 46 bytes from 44.241.174.93: icmp_seq=38 ttl=32 time=164 ms
08-10 22:25:05.207  5222  5321 D cellinfo: 46 bytes from 44.241.174.93: icmp_seq=39 ttl=32 time=124 ms
08-10 22:25:05.444  5222  5222 D cellinfo: Latitude is 40.6502056
08-10 22:25:05.444  5222  5222 D cellinfo: Longitude is -105.1727728
08-10 22:25:05.444  5222  5222 D cellinfo: Instantaneous GPS information: United States, 5101 Falloon Ln, Laporte, CO 80535, USA
08-10 22:25:05.444  5222  5222 D cellinfo: getCurrentLocation() result: Location (success): 40.6502056, -105.1727728
08-10 22:25:05.445  5222  5321 D cellinfo: 46 bytes from 44.241.174.93: icmp_seq=40 ttl=32 time=163 ms
08-10 22:25:05.561  5222  5222 D cellinfo: onCellInfoChanged: Operator: AT&T UpdateTimestamp: 196578294 CellConnectionStatus: 0
08-10 22:25:05.561  5222  5222 D cellinfo: onCellInfoChanged: LTE Cell Bands: [12] Bandwidth: 2147483647 Cell ID: 98066960 Physical Cell ID: 416 Tracking Area Code: 38403 EARFCN: 5110
08-10 22:25:05.605  5222  5321 D cellinfo: 46 bytes from 44.241.174.93: icmp_seq=41 ttl=32 time=122 ms
08-10 22:25:05.846  5222  5321 D cellinfo: 46 bytes from 44.241.174.93: icmp_seq=42 ttl=32 time=161 ms
08-10 22:25:06.004  5222  5222 D cellinfo: onsignalStrengthsChanged: LTE Signal Strength info: rsrp: -113 rsrq: -12 rssi: -71 rssnr: 2
08-10 22:25:06.005  5222  5321 D cellinfo: 46 bytes from 44.241.174.93: icmp_seq=43 ttl=32 time=121 ms
08-10 22:25:06.069  5222  5222 D cellinfo: onsignalStrengthsChanged: LTE Signal Strength info: rsrp: -112 rsrq: -12 rssi: -71 rssnr: 2
08-10 22:25:06.247  5222  5321 D cellinfo: 46 bytes from 44.241.174.93: icmp_seq=44 ttl=32 time=161 ms
08-10 22:25:06.406  5222  5321 D cellinfo: 46 bytes from 44.241.174.93: icmp_seq=45 ttl=32 time=121 ms
08-10 22:25:06.645  5222  5321 D cellinfo: 46 bytes from 44.241.174.93: icmp_seq=46 ttl=32 time=160 ms
08-10 22:25:06.788  5222  5321 D cellinfo: 46 bytes from 44.241.174.93: icmp_seq=47 ttl=32 time=102 ms
08-10 22:25:06.983  5222  5321 D cellinfo: 46 bytes from 44.241.174.93: icmp_seq=48 ttl=32 time=95.0 ms
08-10 22:25:07.207  5222  5321 D cellinfo: 46 bytes from 44.241.174.93: icmp_seq=49 ttl=32 time=118 ms
08-10 22:25:07.401  5222  5321 D cellinfo: 46 bytes from 44.241.174.93: icmp_seq=50 ttl=32 time=109 ms
08-10 22:25:07.605  5222  5321 D cellinfo: 46 bytes from 44.241.174.93: icmp_seq=51 ttl=32 time=115 ms
08-10 22:25:07.847  5222  5321 D cellinfo: 46 bytes from 44.241.174.93: icmp_seq=52 ttl=32 time=154 ms
08-10 22:25:08.007  5222  5321 D cellinfo: 46 bytes from 44.241.174.93: icmp_seq=53 ttl=32 time=114 ms
08-10 22:25:08.247  5222  5321 D cellinfo: 46 bytes from 44.241.174.93: icmp_seq=54 ttl=32 time=154 ms
08-10 22:25:08.406  5222  5321 D cellinfo: 46 bytes from 44.241.174.93: icmp_seq=55 ttl=32 time=114 ms
08-10 22:25:08.494  5222  5222 D cellinfo: onCellInfoChanged: Operator: AT&T UpdateTimestamp: 196581231 CellConnectionStatus: 0
08-10 22:25:08.494  5222  5222 D cellinfo: onCellInfoChanged: LTE Cell Bands: [12] Bandwidth: 2147483647 Cell ID: 98066960 Physical Cell ID: 416 Tracking Area Code: 38403 EARFCN: 5110
08-10 22:25:08.646  5222  5321 D cellinfo: 46 bytes from 44.241.174.93: icmp_seq=56 ttl=32 time=153 ms
08-10 22:25:08.806  5222  5321 D cellinfo: 46 bytes from 44.241.174.93: icmp_seq=57 ttl=32 time=114 ms
08-10 22:25:09.047  5222  5321 D cellinfo: 46 bytes from 44.241.174.93: icmp_seq=58 ttl=32 time=153 ms
08-10 22:25:09.073  5222  5222 D cellinfo: onsignalStrengthsChanged: LTE Signal Strength info: rsrp: -106 rsrq: -12 rssi: -69 rssnr: 5
08-10 22:25:09.207  5222  5321 D cellinfo: 46 bytes from 44.241.174.93: icmp_seq=59 ttl=32 time=112 ms
08-10 22:25:09.447  5222  5321 D cellinfo: 46 bytes from 44.241.174.93: icmp_seq=60 ttl=32 time=150 ms
08-10 22:25:09.606  5222  5321 D cellinfo: 46 bytes from 44.241.174.93: icmp_seq=61 ttl=32 time=108 ms
08-10 22:25:09.793  5222  5321 D cellinfo: 46 bytes from 44.241.174.93: icmp_seq=62 ttl=32 time=93.7 ms
08-10 22:25:10.010  5222  5321 D cellinfo: 46 bytes from 44.241.174.93: icmp_seq=63 ttl=32 time=108 ms
08-10 22:25:10.250  5222  5321 D cellinfo: 46 bytes from 44.241.174.93: icmp_seq=64 ttl=32 time=147 ms
08-10 22:25:10.413  5222  5321 D cellinfo: 46 bytes from 44.241.174.93: icmp_seq=65 ttl=32 time=108 ms
08-10 22:25:10.650  5222  5321 D cellinfo: 46 bytes from 44.241.174.93: icmp_seq=66 ttl=32 time=143 ms
08-10 22:25:10.810  5222  5321 D cellinfo: 46 bytes from 44.241.174.93: icmp_seq=67 ttl=32 time=101 ms
08-10 22:25:11.049  5222  5321 D cellinfo: 46 bytes from 44.241.174.93: icmp_seq=68 ttl=32 time=138 ms
08-10 22:25:11.215  5222  5321 D cellinfo: 46 bytes from 44.241.174.93: icmp_seq=69 ttl=32 time=104 ms
08-10 22:25:11.446  5222  5321 D cellinfo: 46 bytes from 44.241.174.93: icmp_seq=70 ttl=32 time=135 ms
08-10 22:25:11.612  5222  5321 D cellinfo: 46 bytes from 44.241.174.93: icmp_seq=71 ttl=32 time=98.4 ms
08-10 22:25:11.847  5222  5321 D cellinfo: 46 bytes from 44.241.174.93: icmp_seq=72 ttl=32 time=132 ms
08-10 22:25:12.015  5222  5321 D cellinfo: 46 bytes from 44.241.174.93: icmp_seq=73 ttl=32 time=98.7 ms
08-10 22:25:12.247  5222  5321 D cellinfo: 46 bytes from 44.241.174.93: icmp_seq=74 ttl=32 time=130 ms
08-10 22:25:12.420  5222  5321 D cellinfo: 46 bytes from 44.241.174.93: icmp_seq=75 ttl=32 time=101 ms
08-10 22:25:12.615  5222  5321 D cellinfo: 46 bytes from 44.241.174.93: icmp_seq=76 ttl=32 time=95.0 ms
08-10 22:25:12.888  5222  5321 D cellinfo: 46 bytes from 44.241.174.93: icmp_seq=77 ttl=32 time=165 ms
08-10 22:25:13.048  5222  5321 D cellinfo: 46 bytes from 44.241.174.93: icmp_seq=78 ttl=32 time=124 ms
08-10 22:25:13.288  5222  5321 D cellinfo: 46 bytes from 44.241.174.93: icmp_seq=79 ttl=32 time=162 ms
08-10 22:25:13.450  5222  5321 D cellinfo: 46 bytes from 44.241.174.93: icmp_seq=80 ttl=32 time=121 ms
08-10 22:25:13.688  5222  5321 D cellinfo: 46 bytes from 44.241.174.93: icmp_seq=81 ttl=32 time=157 ms
08-10 22:25:13.848  5222  5321 D cellinfo: 46 bytes from 44.241.174.93: icmp_seq=82 ttl=32 time=115 ms
08-10 22:25:14.087  5222  5321 D cellinfo: 46 bytes from 44.241.174.93: icmp_seq=83 ttl=32 time=153 ms
08-10 22:25:14.249  5222  5321 D cellinfo: 46 bytes from 44.241.174.93: icmp_seq=84 ttl=32 time=115 ms
08-10 22:25:14.488  5222  5321 D cellinfo: 46 bytes from 44.241.174.93: icmp_seq=85 ttl=32 time=152 ms
08-10 22:25:14.581  5222  5222 D cellinfo: getCurrentLocation() result: Location (success): 40.6512958, -105.1689991
08-10 22:25:14.583  5222  5222 D cellinfo: onsignalStrengthsChanged: LTE Signal Strength info: rsrp: -103 rsrq: -11 rssi: -67 rssnr: 6
08-10 22:25:14.584  5222  5222 D cellinfo: onCellInfoChanged: Operator: AT&T UpdateTimestamp: 196584247 CellConnectionStatus: 0
08-10 22:25:14.584  5222  5222 D cellinfo: onCellInfoChanged: LTE Cell Bands: [12] Bandwidth: 2147483647 Cell ID: 98066960 Physical Cell ID: 416 Tracking Area Code: 38403 EARFCN: 5110
08-10 22:25:14.585  5222  5222 D cellinfo: onsignalStrengthsChanged: LTE Signal Strength info: rsrp: -100 rsrq: -10 rssi: -65 rssnr: 8
08-10 22:25:14.585  5222  5222 D cellinfo: onsignalStrengthsChanged: LTE Signal Strength info: rsrp: -98 rsrq: -10 rssi: -69 rssnr: 10
08-10 22:25:14.647  5222  5321 D cellinfo: 46 bytes from 44.241.174.93: icmp_seq=86 ttl=32 time=111 ms
08-10 22:25:14.888  5222  5321 D cellinfo: 46 bytes from 44.241.174.93: icmp_seq=87 ttl=32 time=149 ms
08-10 22:25:15.047  5222  5321 D cellinfo: 46 bytes from 44.241.174.93: icmp_seq=88 ttl=32 time=107 ms
08-10 22:25:15.290  5222  5321 D cellinfo: 46 bytes from 44.241.174.93: icmp_seq=89 ttl=32 time=149 ms
08-10 22:25:15.442  5222  5321 D cellinfo: 46 bytes from 44.241.174.93: icmp_seq=90 ttl=32 time=99.4 ms
08-10 22:25:15.689  5222  5321 D cellinfo: 46 bytes from 44.241.174.93: icmp_seq=91 ttl=32 time=144 ms
08-10 22:25:15.848  5222  5321 D cellinfo: 46 bytes from 44.241.174.93: icmp_seq=92 ttl=32 time=102 ms
08-10 22:25:16.091  5222  5321 D cellinfo: 46 bytes from 44.241.174.93: icmp_seq=93 ttl=32 time=143 ms
08-10 22:25:16.248  5222  5321 D cellinfo: 46 bytes from 44.241.174.93: icmp_seq=94 ttl=32 time=99.3 ms
08-10 22:25:16.488  5222  5321 D cellinfo: 46 bytes from 44.241.174.93: icmp_seq=95 ttl=32 time=136 ms
08-10 22:25:16.653  5222  5321 D cellinfo: 46 bytes from 44.241.174.93: icmp_seq=96 ttl=32 time=99.9 ms
08-10 22:25:16.888  5222  5321 D cellinfo: 46 bytes from 44.241.174.93: icmp_seq=97 ttl=32 time=133 ms
08-10 22:25:17.053  5222  5321 D cellinfo: 46 bytes from 44.241.174.93: icmp_seq=98 ttl=32 time=95.9 ms
08-10 22:25:17.287  5222  5321 D cellinfo: 46 bytes from 44.241.174.93: icmp_seq=99 ttl=32 time=130 ms
08-10 22:25:17.452  5222  5321 D cellinfo: 46 bytes from 44.241.174.93: icmp_seq=100 ttl=32 time=94.0 ms
08-10 22:25:17.688  5222  5321 D cellinfo: 46 bytes from 44.241.174.93: icmp_seq=101 ttl=32 time=127 ms
08-10 22:25:17.863  5222  5321 D cellinfo: 46 bytes from 44.241.174.93: icmp_seq=102 ttl=32 time=100 ms
08-10 22:25:18.062  5222  5321 D cellinfo: 46 bytes from 44.241.174.93: icmp_seq=103 ttl=32 time=98.5 ms
08-10 22:25:18.329  5222  5321 D cellinfo: 46 bytes from 44.241.174.93: icmp_seq=104 ttl=32 time=163 ms
08-10 22:25:18.489  5222  5321 D cellinfo: 46 bytes from 44.241.174.93: icmp_seq=105 ttl=32 time=122 ms
08-10 22:25:18.729  5222  5321 D cellinfo: 46 bytes from 44.241.174.93: icmp_seq=106 ttl=32 time=161 ms
08-10 22:25:18.890  5222  5321 D cellinfo: 46 bytes from 44.241.174.93: icmp_seq=107 ttl=32 time=120 ms
08-10 22:25:19.126  5222  5321 D cellinfo: 46 bytes from 44.241.174.93: icmp_seq=108 ttl=32 time=156 ms
08-10 22:25:19.287  5222  5321 D cellinfo: 46 bytes from 44.241.174.93: icmp_seq=109 ttl=32 time=115 ms
08-10 22:25:19.527  5222  5321 D cellinfo: 46 bytes from 44.241.174.93: icmp_seq=110 ttl=32 time=153 ms
08-10 22:25:19.643  5222  5222 D cellinfo: getCurrentLocation() result: Location (success): 40.6512958, -105.1689991
08-10 22:25:19.687  5222  5321 D cellinfo: 46 bytes from 44.241.174.93: icmp_seq=111 ttl=32 time=112 ms
08-10 22:25:19.930  5222  5321 D cellinfo: 46 bytes from 44.241.174.93: icmp_seq=112 ttl=32 time=152 ms
08-10 22:25:20.087  5222  5321 D cellinfo: 46 bytes from 44.241.174.93: icmp_seq=113 ttl=32 time=108 ms
08-10 22:25:20.327  5222  5321 D cellinfo: 46 bytes from 44.241.174.93: icmp_seq=114 ttl=32 time=145 ms
08-10 22:25:20.488  5222  5321 D cellinfo: 46 bytes from 44.241.174.93: icmp_seq=115 ttl=32 time=104 ms
08-10 22:25:20.726  5222  5321 D cellinfo: 46 bytes from 44.241.174.93: icmp_seq=116 ttl=32 time=141 ms
08-10 22:25:20.890  5222  5321 D cellinfo: 46 bytes from 44.241.174.93: icmp_seq=117 ttl=32 time=100 ms
08-10 22:25:21.127  5222  5321 D cellinfo: 46 bytes from 44.241.174.93: icmp_seq=118 ttl=32 time=136 ms
08-10 22:25:21.294  5222  5321 D cellinfo: 46 bytes from 44.241.174.93: icmp_seq=119 ttl=32 time=101 ms
08-10 22:25:21.528  5222  5321 D cellinfo: 46 bytes from 44.241.174.93: icmp_seq=120 ttl=32 time=132 ms
08-10 22:25:21.694  5222  5321 D cellinfo: 46 bytes from 44.241.174.93: icmp_seq=121 ttl=32 time=96.9 ms
08-10 22:25:21.927  5222  5321 D cellinfo: 46 bytes from 44.241.174.93: icmp_seq=122 ttl=32 time=128 ms
08-10 22:25:22.169  5222  5321 D cellinfo: 46 bytes from 44.241.174.93: icmp_seq=123 ttl=32 time=168 ms
08-10 22:25:22.329  5222  5321 D cellinfo: 46 bytes from 44.241.174.93: icmp_seq=124 ttl=32 time=127 ms
08-10 22:25:22.510  5222  5321 D cellinfo: 46 bytes from 44.241.174.93: icmp_seq=125 ttl=32 time=106 ms
08-10 22:25:22.729  5222  5321 D cellinfo: 46 bytes from 44.241.174.93: icmp_seq=126 ttl=32 time=123 ms
08-10 22:25:22.967  5222  5321 D cellinfo: 46 bytes from 44.241.174.93: icmp_seq=127 ttl=32 time=159 ms
08-10 22:25:23.129  5222  5321 D cellinfo: 46 bytes from 44.241.174.93: icmp_seq=128 ttl=32 time=120 ms
08-10 22:25:23.367  5222  5321 D cellinfo: 46 bytes from 44.241.174.93: icmp_seq=129 ttl=32 time=156 ms
08-10 22:25:23.528  5222  5321 D cellinfo: 46 bytes from 44.241.174.93: icmp_seq=130 ttl=32 time=115 ms
08-10 22:25:23.767  5222  5321 D cellinfo: 46 bytes from 44.241.174.93: icmp_seq=131 ttl=32 time=153 ms
08-10 22:25:23.927  5222  5321 D cellinfo: 46 bytes from 44.241.174.93: icmp_seq=132 ttl=32 time=112 ms
08-10 22:25:24.168  5222  5321 D cellinfo: 46 bytes from 44.241.174.93: icmp_seq=133 ttl=32 time=150 ms
08-10 22:25:24.327  5222  5321 D cellinfo: 46 bytes from 44.241.174.93: icmp_seq=134 ttl=32 time=108 ms
08-10 22:25:24.569  5222  5321 D cellinfo: 46 bytes from 44.241.174.93: icmp_seq=135 ttl=32 time=148 ms
08-10 22:25:24.668  5222  5222 D cellinfo: getCurrentLocation() result: Location (success): 40.6518913, -105.1674098
08-10 22:25:24.671  5222  5222 D cellinfo: onsignalStrengthsChanged: LTE Signal Strength info: rsrp: -97 rsrq: -10 rssi: -67 rssnr: 12
08-10 22:25:24.672  5222  5222 D cellinfo: onCellInfoChanged: Operator: AT&T UpdateTimestamp: 196589256 CellConnectionStatus: 0
08-10 22:25:24.672  5222  5222 D cellinfo: onCellInfoChanged: LTE Cell Bands: [12] Bandwidth: 2147483647 Cell ID: 98066960 Physical Cell ID: 416 Tracking Area Code: 38403 EARFCN: 5110
08-10 22:25:24.673  5222  5222 D cellinfo: onsignalStrengthsChanged: LTE Signal Strength info: rsrp: -95 rsrq: -11 rssi: -67 rssnr: 15
08-10 22:25:24.674  5222  5222 D cellinfo: onCellInfoChanged: Operator: AT&T UpdateTimestamp: 196595776 CellConnectionStatus: 0
08-10 22:25:24.674  5222  5222 D cellinfo: onCellInfoChanged: LTE Cell Bands: [12] Bandwidth: 2147483647 Cell ID: 98066960 Physical Cell ID: 416 Tracking Area Code: 38403 EARFCN: 5110
08-10 22:25:24.727  5222  5321 D cellinfo: 46 bytes from 44.241.174.93: icmp_seq=136 ttl=32 time=105 ms
08-10 22:25:24.969  5222  5321 D cellinfo: 46 bytes from 44.241.174.93: icmp_seq=137 ttl=32 time=144 ms
08-10 22:25:25.131  5222  5321 D cellinfo: 46 bytes from 44.241.174.93: icmp_seq=138 ttl=32 time=105 ms
08-10 22:25:25.369  5222  5321 D cellinfo: 46 bytes from 44.241.174.93: icmp_seq=139 ttl=32 time=140 ms
08-10 22:25:25.534  5222  5321 D cellinfo: 46 bytes from 44.241.174.93: icmp_seq=140 ttl=32 time=104 ms
08-10 22:25:25.767  5222  5321 D cellinfo: 46 bytes from 44.241.174.93: icmp_seq=141 ttl=32 time=135 ms
08-10 22:25:25.932  5222  5321 D cellinfo: 46 bytes from 44.241.174.93: icmp_seq=142 ttl=32 time=99.2 ms
08-10 22:25:26.169  5222  5321 D cellinfo: 46 bytes from 44.241.174.93: icmp_seq=143 ttl=32 time=133 ms
08-10 22:25:26.334  5222  5321 D cellinfo: 46 bytes from 44.241.174.93: icmp_seq=144 ttl=32 time=96.9 ms
08-10 22:25:26.567  5222  5321 D cellinfo: 46 bytes from 44.241.174.93: icmp_seq=145 ttl=32 time=128 ms
08-10 22:25:26.807  5222  5321 D cellinfo: 46 bytes from 44.241.174.93: icmp_seq=146 ttl=32 time=166 ms
08-10 22:25:26.970  5222  5321 D cellinfo: 46 bytes from 44.241.174.93: icmp_seq=147 ttl=32 time=127 ms
08-10 22:25:27.209  5222  5321 D cellinfo: 46 bytes from 44.241.174.93: icmp_seq=148 ttl=32 time=165 ms
08-10 22:25:27.368  5222  5321 D cellinfo: 46 bytes from 44.241.174.93: icmp_seq=149 ttl=32 time=122 ms
08-10 22:25:27.608  5222  5321 D cellinfo: 46 bytes from 44.241.174.93: icmp_seq=150 ttl=32 time=161 ms
08-10 22:25:27.767  5222  5321 D cellinfo: 46 bytes from 44.241.174.93: icmp_seq=151 ttl=32 time=117 ms
08-10 22:25:28.010  5222  5321 D cellinfo: 46 bytes from 44.241.174.93: icmp_seq=152 ttl=32 time=158 ms
08-10 22:25:28.170  5222  5321 D cellinfo: 46 bytes from 44.241.174.93: icmp_seq=153 ttl=32 time=117 ms
08-10 22:25:28.409  5222  5321 D cellinfo: 46 bytes from 44.241.174.93: icmp_seq=154 ttl=32 time=155 ms
08-10 22:25:28.568  5222  5321 D cellinfo: 46 bytes from 44.241.174.93: icmp_seq=155 ttl=32 time=112 ms
08-10 22:25:28.807  5222  5321 D cellinfo: 46 bytes from 44.241.174.93: icmp_seq=156 ttl=32 time=150 ms
08-10 22:25:28.967  5222  5321 D cellinfo: 46 bytes from 44.241.174.93: icmp_seq=157 ttl=32 time=108 ms
08-10 22:25:29.208  5222  5321 D cellinfo: 46 bytes from 44.241.174.93: icmp_seq=158 ttl=32 time=147 ms
08-10 22:25:29.368  5222  5321 D cellinfo: 46 bytes from 44.241.174.93: icmp_seq=159 ttl=32 time=105 ms
08-10 22:25:29.570  5222  5321 D cellinfo: 46 bytes from 44.241.174.93: icmp_seq=160 ttl=32 time=106 ms
08-10 22:25:29.732  5222  5222 D cellinfo: getCurrentLocation() result: Location (success): 40.6518913, -105.1674098
08-10 22:25:29.767  5222  5321 D cellinfo: 46 bytes from 44.241.174.93: icmp_seq=161 ttl=32 time=101 ms
08-10 22:25:29.962  5222  5321 D cellinfo: 46 bytes from 44.241.174.93: icmp_seq=162 ttl=32 time=94.2 ms
08-10 22:25:30.162  5222  5321 D cellinfo: 46 bytes from 44.241.174.93: icmp_seq=163 ttl=32 time=91.9 ms
08-10 22:25:30.294  5222  5222 D cellinfo: Latitude is 40.6525348
08-10 22:25:30.294  5222  5222 D cellinfo: Longitude is -105.1656599
08-10 22:25:30.294  5222  5222 D cellinfo: Instantaneous GPS information: United States, 4801 Kiva Dr, Laporte, CO 80535, USA
08-10 22:25:30.294  5222  5222 D cellinfo: getCurrentLocation() result: Location (success): 40.6525348, -105.1656599
08-10 22:25:30.372  5222  5321 D cellinfo: 46 bytes from 44.241.174.93: icmp_seq=164 ttl=32 time=100 ms
08-10 22:25:30.582  5222  5321 D cellinfo: 46 bytes from 44.241.174.93: icmp_seq=165 ttl=32 time=108 ms
08-10 22:25:30.810  5222  5321 D cellinfo: 46 bytes from 44.241.174.93: icmp_seq=166 ttl=32 time=134 ms
08-10 22:25:30.859  5222  5222 D cellinfo: Latitude is 40.6528576
08-10 22:25:30.859  5222  5222 D cellinfo: Longitude is -105.1647886
08-10 22:25:30.859  5222  5222 D cellinfo: Instantaneous GPS information: United States, 4700 Kiva Dr, Laporte, CO 80535, USA
08-10 22:25:30.859  5222  5222 D cellinfo: getCurrentLocation() result: Location (success): 40.6528576, -105.1647886
08-10 22:25:30.862  5222  5222 D cellinfo: onCellInfoChanged: Operator: AT&T UpdateTimestamp: 196599241 CellConnectionStatus: 0
08-10 22:25:30.862  5222  5222 D cellinfo: onCellInfoChanged: LTE Cell Bands: [12] Bandwidth: 2147483647 Cell ID: 98066960 Physical Cell ID: 416 Tracking Area Code: 38403 EARFCN: 5110
08-10 22:25:30.862  5222  5222 D cellinfo: onsignalStrengthsChanged: LTE Signal Strength info: rsrp: -95 rsrq: -11 rssi: -65 rssnr: 16
08-10 22:25:30.863  5222  5222 D cellinfo: onsignalStrengthsChanged: LTE Signal Strength info: rsrp: -94 rsrq: -11 rssi: -67 rssnr: 16
08-10 22:25:30.974  5222  5321 D cellinfo: 46 bytes from 44.241.174.93: icmp_seq=167 ttl=32 time=99.1 ms
08-10 22:25:31.172  5222  5321 D cellinfo: 46 bytes from 44.241.174.93: icmp_seq=168 ttl=32 time=96.2 ms
08-10 22:25:31.374  5222  5321 D cellinfo: 46 bytes from 44.241.174.93: icmp_seq=169 ttl=32 time=95.6 ms
08-10 22:25:31.381  5222  5222 D cellinfo: Latitude is 40.6529683
08-10 22:25:31.381  5222  5222 D cellinfo: Longitude is -105.1644988
08-10 22:25:31.381  5222  5222 D cellinfo: Instantaneous GPS information: United States, 4700 Kiva Dr, Laporte, CO 80535, USA
08-10 22:25:31.381  5222  5222 D cellinfo: getCurrentLocation() result: Location (success): 40.6529683, -105.1644988
08-10 22:25:31.581  5222  5321 D cellinfo: 46 bytes from 44.241.174.93: icmp_seq=170 ttl=32 time=101 ms
08-10 22:25:31.772  5222  5321 D cellinfo: 46 bytes from 44.241.174.93: icmp_seq=171 ttl=32 time=89.8 ms
08-10 22:25:31.857  5222  5222 D cellinfo: Latitude is 40.6535397
08-10 22:25:31.857  5222  5222 D cellinfo: Longitude is -105.1630413
08-10 22:25:31.857  5222  5222 D cellinfo: Instantaneous GPS information: United States, 4615 W Co Rd 56, Laporte, CO 80535, USA
08-10 22:25:31.857  5222  5222 D cellinfo: getCurrentLocation() result: Location (success): 40.6535397, -105.1630413
08-10 22:25:31.859  5222  5222 D cellinfo: onCellInfoChanged: Operator: AT&T UpdateTimestamp: 196604252 CellConnectionStatus: 0
08-10 22:25:31.860  5222  5222 D cellinfo: onCellInfoChanged: LTE Cell Bands: [12] Bandwidth: 2147483647 Cell ID: 98066960 Physical Cell ID: 416 Tracking Area Code: 38403 EARFCN: 5110
08-10 22:25:31.988  5222  5321 D cellinfo: 46 bytes from 44.241.174.93: icmp_seq=172 ttl=32 time=106 ms
08-10 22:25:32.228  5222  5321 D cellinfo: 46 bytes from 44.241.174.93: icmp_seq=173 ttl=32 time=143 ms
08-10 22:25:32.407  5222  5321 D cellinfo: 46 bytes from 44.241.174.93: icmp_seq=174 ttl=32 time=122 ms
08-10 22:25:32.590  5222  5321 D cellinfo: 46 bytes from 44.241.174.93: icmp_seq=175 ttl=32 time=103 ms
08-10 22:25:32.790  5222  5321 D cellinfo: 46 bytes from 44.241.174.93: icmp_seq=176 ttl=32 time=102 ms
08-10 22:25:32.981  5222  5321 D cellinfo: 46 bytes from 44.241.174.93: icmp_seq=177 ttl=32 time=92.4 ms
08-10 22:25:33.018  5222  5222 D cellinfo: Latitude is 40.6536562
08-10 22:25:33.018  5222  5222 D cellinfo: Longitude is -105.1627544
08-10 22:25:33.018  5222  5222 D cellinfo: Instantaneous GPS information: United States, 4615 W Co Rd 56, Laporte, CO 80535, USA
08-10 22:25:33.019  5222  5222 D cellinfo: getCurrentLocation() result: Location (success): 40.6536562, -105.1627544
08-10 22:25:33.190  5222  5321 D cellinfo: 46 bytes from 44.241.174.93: icmp_seq=178 ttl=32 time=101 ms
08-10 22:25:33.399  5222  5321 D cellinfo: 46 bytes from 44.241.174.93: icmp_seq=179 ttl=32 time=107 ms
08-10 22:25:33.582  5222  5321 D cellinfo: 46 bytes from 44.241.174.93: icmp_seq=180 ttl=32 time=90.1 ms
08-10 22:25:33.791  5222  5321 D cellinfo: 46 bytes from 44.241.174.93: icmp_seq=181 ttl=32 time=97.5 ms
08-10 22:25:34.006  5222  5321 D cellinfo: 46 bytes from 44.241.174.93: icmp_seq=182 ttl=32 time=110 ms
08-10 22:25:34.248  5222  5321 D cellinfo: 46 bytes from 44.241.174.93: icmp_seq=183 ttl=32 time=150 ms
08-10 22:25:34.407  5222  5321 D cellinfo: 46 bytes from 44.241.174.93: icmp_seq=184 ttl=32 time=110 ms
08-10 22:25:34.646  5222  5321 D cellinfo: 46 bytes from 44.241.174.93: icmp_seq=185 ttl=32 time=148 ms
08-10 22:25:34.807  5222  5321 D cellinfo: 46 bytes from 44.241.174.93: icmp_seq=186 ttl=32 time=107 ms
08-10 22:25:35.047  5222  5321 D cellinfo: 46 bytes from 44.241.174.93: icmp_seq=187 ttl=32 time=148 ms
08-10 22:25:35.132  5222  5222 D cellinfo: onsignalStrengthsChanged: LTE Signal Strength info: rsrp: -94 rsrq: -11 rssi: -63 rssnr: 16
08-10 22:25:35.206  5222  5321 D cellinfo: 46 bytes from 44.241.174.93: icmp_seq=188 ttl=32 time=107 ms
08-10 22:25:35.446  5222  5321 D cellinfo: 46 bytes from 44.241.174.93: icmp_seq=189 ttl=32 time=146 ms
08-10 22:25:35.450  5222  5222 D cellinfo: Latitude is 40.6536562
08-10 22:25:35.450  5222  5222 D cellinfo: Longitude is -105.1627544
08-10 22:25:35.450  5222  5222 D cellinfo: Instantaneous GPS information: United States, 4615 W Co Rd 56, Laporte, CO 80535, USA
08-10 22:25:35.450  5222  5222 D cellinfo: getCurrentLocation() result: Location (success): 40.6536562, -105.1627544
08-10 22:25:35.507  5222  5222 D cellinfo: onCellInfoChanged: Operator: AT&T UpdateTimestamp: 196608243 CellConnectionStatus: 0
08-10 22:25:35.507  5222  5222 D cellinfo: onCellInfoChanged: LTE Cell Bands: [12] Bandwidth: 2147483647 Cell ID: 98066960 Physical Cell ID: 416 Tracking Area Code: 38403 EARFCN: 5110
08-10 22:25:35.606  5222  5321 D cellinfo: 46 bytes from 44.241.174.93: icmp_seq=190 ttl=32 time=104 ms
08-10 22:25:35.845  5222  5321 D cellinfo: 46 bytes from 44.241.174.93: icmp_seq=191 ttl=32 time=143 ms
08-10 22:25:36.006  5222  5321 D cellinfo: 46 bytes from 44.241.174.93: icmp_seq=192 ttl=32 time=102 ms
08-10 22:25:36.245  5222  5321 D cellinfo: 46 bytes from 44.241.174.93: icmp_seq=193 ttl=32 time=141 ms
08-10 22:25:36.408  5222  5321 D cellinfo: 46 bytes from 44.241.174.93: icmp_seq=194 ttl=32 time=101 ms
08-10 22:25:36.646  5222  5321 D cellinfo: 46 bytes from 44.241.174.93: icmp_seq=195 ttl=32 time=140 ms
08-10 22:25:36.807  5222  5321 D cellinfo: 46 bytes from 44.241.174.93: icmp_seq=196 ttl=32 time=98.7 ms
08-10 22:25:37.045  5222  5321 D cellinfo: 46 bytes from 44.241.174.93: icmp_seq=197 ttl=32 time=137 ms
08-10 22:25:37.202  5222  5321 D cellinfo: 46 bytes from 44.241.174.93: icmp_seq=198 ttl=32 time=93.1 ms
08-10 22:25:37.447  5222  5321 D cellinfo: 46 bytes from 44.241.174.93: icmp_seq=199 ttl=32 time=137 ms
08-10 22:25:37.686  5222  5321 D cellinfo: 46 bytes from 44.241.174.93: icmp_seq=200 ttl=32 time=176 ms
08-10 22:25:37.847  5222  5321 D cellinfo: 46 bytes from 44.241.174.93: icmp_seq=201 ttl=32 time=135 ms
08-10 22:25:38.011  5222  5321 D cellinfo: 46 bytes from 44.241.174.93: icmp_seq=202 ttl=32 time=100 ms
08-10 22:25:38.246  5222  5321 D cellinfo: 46 bytes from 44.241.174.93: icmp_seq=203 ttl=32 time=135 ms
08-10 22:25:38.411  5222  5321 D cellinfo: 46 bytes from 44.241.174.93: icmp_seq=204 ttl=32 time=100 ms
08-10 22:25:38.446  5222  5222 D cellinfo: Latitude is 40.6536562
08-10 22:25:38.446  5222  5222 D cellinfo: Longitude is -105.1627544
08-10 22:25:38.446  5222  5222 D cellinfo: Instantaneous GPS information: United States, 4615 W Co Rd 56, Laporte, CO 80535, USA
08-10 22:25:38.446  5222  5222 D cellinfo: getCurrentLocation() result: Location (success): 40.6536562, -105.1627544
08-10 22:25:38.506  5222  5222 D cellinfo: onCellInfoChanged: Operator: AT&T UpdateTimestamp: 196611243 CellConnectionStatus: 0
08-10 22:25:38.506  5222  5222 D cellinfo: onCellInfoChanged: LTE Cell Bands: [12] Bandwidth: 2147483647 Cell ID: 98066960 Physical Cell ID: 416 Tracking Area Code: 38403 EARFCN: 5110
08-10 22:25:38.648  5222  5321 D cellinfo: 46 bytes from 44.241.174.93: icmp_seq=205 ttl=32 time=134 ms
08-10 22:25:38.811  5222  5321 D cellinfo: 46 bytes from 44.241.174.93: icmp_seq=206 ttl=32 time=98.8 ms
08-10 22:25:39.047  5222  5321 D cellinfo: 46 bytes from 44.241.174.93: icmp_seq=207 ttl=32 time=131 ms
08-10 22:25:39.211  5222  5321 D cellinfo: 46 bytes from 44.241.174.93: icmp_seq=208 ttl=32 time=97.5 ms
08-10 22:25:39.447  5222  5321 D cellinfo: 46 bytes from 44.241.174.93: icmp_seq=209 ttl=32 time=130 ms
08-10 22:25:39.612  5222  5321 D cellinfo: 46 bytes from 44.241.174.93: icmp_seq=210 ttl=32 time=94.6 ms
08-10 22:25:39.846  5222  5321 D cellinfo: 46 bytes from 44.241.174.93: icmp_seq=211 ttl=32 time=128 ms
08-10 22:25:40.012  5222  5321 D cellinfo: 46 bytes from 44.241.174.93: icmp_seq=212 ttl=32 time=92.4 ms
08-10 22:25:40.246  5222  5321 D cellinfo: 46 bytes from 44.241.174.93: icmp_seq=213 ttl=32 time=127 ms
08-10 22:25:40.412  5222  5321 D cellinfo: 46 bytes from 44.241.174.93: icmp_seq=214 ttl=32 time=93.0 ms
08-10 22:25:40.650  5222  5321 D cellinfo: 46 bytes from 44.241.174.93: icmp_seq=215 ttl=32 time=130 ms
08-10 22:25:40.886  5222  5321 D cellinfo: 46 bytes from 44.241.174.93: icmp_seq=216 ttl=32 time=165 ms
08-10 22:25:41.046  5222  5321 D cellinfo: 46 bytes from 44.241.174.93: icmp_seq=217 ttl=32 time=125 ms
08-10 22:25:41.286  5222  5321 D cellinfo: 46 bytes from 44.241.174.93: icmp_seq=218 ttl=32 time=165 ms
08-10 22:25:41.446  5222  5321 D cellinfo: 46 bytes from 44.241.174.93: icmp_seq=219 ttl=32 time=125 ms
08-10 22:25:41.496  5222  5222 D cellinfo: onCellInfoChanged: Operator: AT&T UpdateTimestamp: 196614233 CellConnectionStatus: 0
08-10 22:25:41.496  5222  5222 D cellinfo: onCellInfoChanged: LTE Cell Bands: [12] Bandwidth: 2147483647 Cell ID: 98066960 Physical Cell ID: 416 Tracking Area Code: 38403 EARFCN: 5110
08-10 22:25:41.685  5222  5321 D cellinfo: 46 bytes from 44.241.174.93: icmp_seq=220 ttl=32 time=164 ms
08-10 22:25:41.848  5222  5321 D cellinfo: 46 bytes from 44.241.174.93: icmp_seq=221 ttl=32 time=125 ms
08-10 22:25:42.086  5222  5321 D cellinfo: 46 bytes from 44.241.174.93: icmp_seq=222 ttl=32 time=163 ms
08-10 22:25:42.107  5222  5222 D cellinfo: onsignalStrengthsChanged: LTE Signal Strength info: rsrp: -90 rsrq: -11 rssi: -57 rssnr: 16
08-10 22:25:42.246  5222  5321 D cellinfo: 46 bytes from 44.241.174.93: icmp_seq=223 ttl=32 time=123 ms
08-10 22:25:42.486  5222  5321 D cellinfo: 46 bytes from 44.241.174.93: icmp_seq=224 ttl=32 time=162 ms
08-10 22:25:42.622  5222  5321 D cellinfo: 46 bytes from 44.241.174.93: icmp_seq=225 ttl=32 time=96.5 ms
08-10 22:25:42.823  5222  5321 D cellinfo: 46 bytes from 44.241.174.93: icmp_seq=226 ttl=32 time=94.3 ms
08-10 22:25:43.040  5222  5321 D cellinfo: 46 bytes from 44.241.174.93: icmp_seq=227 ttl=32 time=109 ms
08-10 22:25:43.087  5222  5222 D cellinfo: Latitude is 40.6555132
08-10 22:25:43.087  5222  5222 D cellinfo: Longitude is -105.1596406
08-10 22:25:43.087  5222  5222 D cellinfo: Instantaneous GPS information: United States, 4615 US-287, Laporte, CO 80535, USA
08-10 22:25:43.087  5222  5222 D cellinfo: getCurrentLocation() result: Location (success): 40.6555132, -105.1596406
08-10 22:25:43.230  5222  5321 D cellinfo: 46 bytes from 44.241.174.93: icmp_seq=228 ttl=32 time=101 ms
08-10 22:25:43.430  5222  5321 D cellinfo: 46 bytes from 44.241.174.93: icmp_seq=229 ttl=32 time=100 ms
08-10 22:25:43.687  5222  5321 D cellinfo: 46 bytes from 44.241.174.93: icmp_seq=230 ttl=32 time=154 ms
08-10 22:25:43.846  5222  5321 D cellinfo: 46 bytes from 44.241.174.93: icmp_seq=231 ttl=32 time=114 ms
08-10 22:25:44.085  5222  5321 D cellinfo: 46 bytes from 44.241.174.93: icmp_seq=232 ttl=32 time=153 ms
08-10 22:25:44.247  5222  5321 D cellinfo: 46 bytes from 44.241.174.93: icmp_seq=233 ttl=32 time=114 ms
08-10 22:25:44.460  5222  5222 D cellinfo: Latitude is 40.6555132
08-10 22:25:44.460  5222  5222 D cellinfo: Longitude is -105.1596406
08-10 22:25:44.460  5222  5222 D cellinfo: Instantaneous GPS information: United States, 4615 US-287, Laporte, CO 80535, USA
08-10 22:25:44.460  5222  5222 D cellinfo: getCurrentLocation() result: Location (success): 40.6555132, -105.1596406
08-10 22:25:44.485  5222  5321 D cellinfo: 46 bytes from 44.241.174.93: icmp_seq=234 ttl=32 time=153 ms
08-10 22:25:44.508  5222  5222 D cellinfo: onCellInfoChanged: Operator: AT&T UpdateTimestamp: 196617245 CellConnectionStatus: 0
08-10 22:25:44.508  5222  5222 D cellinfo: onCellInfoChanged: LTE Cell Bands: [12] Bandwidth: 2147483647 Cell ID: 98066960 Physical Cell ID: 416 Tracking Area Code: 38403 EARFCN: 5110
08-10 22:25:44.648  5222  5321 D cellinfo: 46 bytes from 44.241.174.93: icmp_seq=235 ttl=32 time=113 ms
08-10 22:25:44.885  5222  5321 D cellinfo: 46 bytes from 44.241.174.93: icmp_seq=236 ttl=32 time=150 ms
08-10 22:25:45.047  5222  5321 D cellinfo: 46 bytes from 44.241.174.93: icmp_seq=237 ttl=32 time=110 ms
08-10 22:25:45.230  5222  5321 D cellinfo: 46 bytes from 44.241.174.93: icmp_seq=238 ttl=32 time=95.3 ms
08-10 22:25:45.446  5222  5321 D cellinfo: 46 bytes from 44.241.174.93: icmp_seq=239 ttl=32 time=109 ms
08-10 22:25:45.687  5222  5321 D cellinfo: 46 bytes from 44.241.174.93: icmp_seq=240 ttl=32 time=147 ms
08-10 22:25:45.847  5222  5321 D cellinfo: 46 bytes from 44.241.174.93: icmp_seq=241 ttl=32 time=106 ms
08-10 22:25:46.087  5222  5321 D cellinfo: 46 bytes from 44.241.174.93: icmp_seq=242 ttl=32 time=144 ms
08-10 22:25:46.246  5222  5321 D cellinfo: 46 bytes from 44.241.174.93: icmp_seq=243 ttl=32 time=105 ms
08-10 22:25:46.487  5222  5321 D cellinfo: 46 bytes from 44.241.174.93: icmp_seq=244 ttl=32 time=143 ms
08-10 22:25:46.647  5222  5321 D cellinfo: 46 bytes from 44.241.174.93: icmp_seq=245 ttl=32 time=102 ms
08-10 22:25:46.841  5222  5321 D cellinfo: 46 bytes from 44.241.174.93: icmp_seq=246 ttl=32 time=96.9 ms
08-10 22:25:47.046  5222  5321 D cellinfo: 46 bytes from 44.241.174.93: icmp_seq=247 ttl=32 time=101 ms
08-10 22:25:47.287  5222  5321 D cellinfo: 46 bytes from 44.241.174.93: icmp_seq=248 ttl=32 time=141 ms
08-10 22:25:47.445  5222  5321 D cellinfo: 46 bytes from 44.241.174.93: icmp_seq=249 ttl=32 time=101 ms
08-10 22:25:47.448  5222  5222 D cellinfo: Latitude is 40.6555132
08-10 22:25:47.448  5222  5222 D cellinfo: Longitude is -105.1596406
08-10 22:25:47.448  5222  5222 D cellinfo: Instantaneous GPS information: United States, 4615 US-287, Laporte, CO 80535, USA
08-10 22:25:47.448  5222  5222 D cellinfo: getCurrentLocation() result: Location (success): 40.6555132, -105.1596406
08-10 22:25:47.497  5222  5222 D cellinfo: onCellInfoChanged: Operator: AT&T UpdateTimestamp: 196620234 CellConnectionStatus: 0
08-10 22:25:47.498  5222  5222 D cellinfo: onCellInfoChanged: LTE Cell Bands: [12] Bandwidth: 2147483647 Cell ID: 98066960 Physical Cell ID: 416 Tracking Area Code: 38403 EARFCN: 5110
08-10 22:25:47.640  5222  5321 D cellinfo: 46 bytes from 44.241.174.93: icmp_seq=250 ttl=32 time=94.2 ms
08-10 22:25:47.845  5222  5321 D cellinfo: 46 bytes from 44.241.174.93: icmp_seq=251 ttl=32 time=99.9 ms
08-10 22:25:48.086  5222  5321 D cellinfo: 46 bytes from 44.241.174.93: icmp_seq=252 ttl=32 time=139 ms
08-10 22:25:48.247  5222  5321 D cellinfo: 46 bytes from 44.241.174.93: icmp_seq=253 ttl=32 time=99.7 ms
08-10 22:25:48.486  5222  5321 D cellinfo: 46 bytes from 44.241.174.93: icmp_seq=254 ttl=32 time=138 ms
08-10 22:25:48.646  5222  5321 D cellinfo: 46 bytes from 44.241.174.93: icmp_seq=255 ttl=32 time=98.6 ms
08-10 22:25:48.890  5222  5321 D cellinfo: 46 bytes from 44.241.174.93: icmp_seq=256 ttl=32 time=141 ms
08-10 22:25:49.051  5222  5321 D cellinfo: 46 bytes from 44.241.174.93: icmp_seq=257 ttl=32 time=101 ms
08-10 22:25:49.288  5222  5321 D cellinfo: 46 bytes from 44.241.174.93: icmp_seq=258 ttl=32 time=138 ms
08-10 22:25:49.451  5222  5321 D cellinfo: 46 bytes from 44.241.174.93: icmp_seq=259 ttl=32 time=100 ms
08-10 22:25:49.688  5222  5321 D cellinfo: 46 bytes from 44.241.174.93: icmp_seq=260 ttl=32 time=138 ms
08-10 22:25:49.851  5222  5321 D cellinfo: 46 bytes from 44.241.174.93: icmp_seq=261 ttl=32 time=99.0 ms
08-10 22:25:50.088  5222  5321 D cellinfo: 46 bytes from 44.241.174.93: icmp_seq=262 ttl=32 time=133 ms
08-10 22:25:50.253  5222  5321 D cellinfo: 46 bytes from 44.241.174.93: icmp_seq=263 ttl=32 time=98.4 ms
08-10 22:25:50.448  5222  5222 D cellinfo: Latitude is 40.6555132
08-10 22:25:50.448  5222  5222 D cellinfo: Longitude is -105.1596406
08-10 22:25:50.448  5222  5222 D cellinfo: Instantaneous GPS information: United States, 4615 US-287, Laporte, CO 80535, USA
08-10 22:25:50.448  5222  5222 D cellinfo: getCurrentLocation() result: Location (success): 40.6555132, -105.1596406
08-10 22:25:50.485  5222  5321 D cellinfo: 46 bytes from 44.241.174.93: icmp_seq=264 ttl=32 time=132 ms
08-10 22:25:50.501  5222  5222 D cellinfo: onCellInfoChanged: Operator: AT&T UpdateTimestamp: 196623234 CellConnectionStatus: 0
08-10 22:25:50.501  5222  5222 D cellinfo: onCellInfoChanged: LTE Cell Bands: [12] Bandwidth: 2147483647 Cell ID: 98066960 Physical Cell ID: 416 Tracking Area Code: 38403 EARFCN: 5110
08-10 22:25:50.654  5222  5321 D cellinfo: 46 bytes from 44.241.174.93: icmp_seq=265 ttl=32 time=98.8 ms
08-10 22:25:50.807  5222  5222 D cellinfo: onsignalStrengthsChanged: LTE Signal Strength info: rsrp: -89 rsrq: -11 rssi: -67 rssnr: 17
08-10 22:25:50.886  5222  5321 D cellinfo: 46 bytes from 44.241.174.93: icmp_seq=266 ttl=32 time=130 ms
08-10 22:25:51.053  5222  5321 D cellinfo: 46 bytes from 44.241.174.93: icmp_seq=267 ttl=32 time=96.0 ms
08-10 22:25:51.286  5222  5321 D cellinfo: 46 bytes from 44.241.174.93: icmp_seq=268 ttl=32 time=129 ms
08-10 22:25:51.451  5222  5321 D cellinfo: 46 bytes from 44.241.174.93: icmp_seq=269 ttl=32 time=94.2 ms
08-10 22:25:51.686  5222  5321 D cellinfo: 46 bytes from 44.241.174.93: icmp_seq=270 ttl=32 time=129 ms
08-10 22:25:51.852  5222  5321 D cellinfo: 46 bytes from 44.241.174.93: icmp_seq=271 ttl=32 time=95.2 ms
08-10 22:25:52.087  5222  5321 D cellinfo: 46 bytes from 44.241.174.93: icmp_seq=272 ttl=32 time=127 ms
08-10 22:25:52.327  5222  5321 D cellinfo: 46 bytes from 44.241.174.93: icmp_seq=273 ttl=32 time=166 ms
08-10 22:25:52.488  5222  5321 D cellinfo: 46 bytes from 44.241.174.93: icmp_seq=274 ttl=32 time=127 ms
08-10 22:25:52.727  5222  5321 D cellinfo: 46 bytes from 44.241.174.93: icmp_seq=275 ttl=32 time=165 ms
08-10 22:25:52.886  5222  5321 D cellinfo: 46 bytes from 44.241.174.93: icmp_seq=276 ttl=32 time=126 ms
08-10 22:25:53.053  5222  5222 D cellinfo: onsignalStrengthsChanged: LTE Signal Strength info: rsrp: -90 rsrq: -11 rssi: -69 rssnr: 18
08-10 22:25:53.126  5222  5321 D cellinfo: 46 bytes from 44.241.174.93: icmp_seq=277 ttl=32 time=164 ms
08-10 22:25:53.285  5222  5321 D cellinfo: 46 bytes from 44.241.174.93: icmp_seq=278 ttl=32 time=124 ms
08-10 22:25:53.477  5222  5222 D cellinfo: onCellInfoChanged: Operator: AT&T UpdateTimestamp: 196626214 CellConnectionStatus: 0
08-10 22:25:53.477  5222  5222 D cellinfo: onCellInfoChanged: LTE Cell Bands: [12] Bandwidth: 2147483647 Cell ID: 98066960 Physical Cell ID: 416 Tracking Area Code: 38403 EARFCN: 5110
08-10 22:25:53.525  5222  5321 D cellinfo: 46 bytes from 44.241.174.93: icmp_seq=279 ttl=32 time=162 ms
08-10 22:25:53.686  5222  5321 D cellinfo: 46 bytes from 44.241.174.93: icmp_seq=280 ttl=32 time=121 ms
08-10 22:25:53.925  5222  5321 D cellinfo: 46 bytes from 44.241.174.93: icmp_seq=281 ttl=32 time=159 ms
08-10 22:25:54.086  5222  5321 D cellinfo: 46 bytes from 44.241.174.93: icmp_seq=282 ttl=32 time=119 ms
08-10 22:25:54.112  5222  5222 D cellinfo: onsignalStrengthsChanged: LTE Signal Strength info: rsrp: -91 rsrq: -10 rssi: -73 rssnr: 17
08-10 22:25:54.326  5222  5321 D cellinfo: 46 bytes from 44.241.174.93: icmp_seq=283 ttl=32 time=158 ms
08-10 22:25:54.486  5222  5321 D cellinfo: 46 bytes from 44.241.174.93: icmp_seq=284 ttl=32 time=119 ms
08-10 22:25:54.726  5222  5321 D cellinfo: 46 bytes from 44.241.174.93: icmp_seq=285 ttl=32 time=157 ms
08-10 22:25:54.886  5222  5321 D cellinfo: 46 bytes from 44.241.174.93: icmp_seq=286 ttl=32 time=117 ms
08-10 22:25:55.117  5222  5321 D cellinfo: 46 bytes from 44.241.174.93: icmp_seq=287 ttl=32 time=147 ms
08-10 22:25:55.273  5222  5321 D cellinfo: 46 bytes from 44.241.174.93: icmp_seq=288 ttl=32 time=101 ms
08-10 22:25:55.465  5222  5321 D cellinfo: 46 bytes from 44.241.174.93: icmp_seq=289 ttl=32 time=91.9 ms
08-10 22:25:55.652  5222  5222 D cellinfo: Latitude is 40.6578837
08-10 22:25:55.652  5222  5222 D cellinfo: Longitude is -105.1565514
08-10 22:25:55.652  5222  5222 D cellinfo: Instantaneous GPS information: United States, 4945-4821 US-287, Laporte, CO 80535, USA
08-10 22:25:55.652  5222  5222 D cellinfo: getCurrentLocation() result: Location (success): 40.6578837, -105.1565514
08-10 22:25:55.670  5222  5321 D cellinfo: 46 bytes from 44.241.174.93: icmp_seq=290 ttl=32 time=97.5 ms
08-10 22:25:55.871  5222  5321 D cellinfo: 46 bytes from 44.241.174.93: icmp_seq=291 ttl=32 time=96.8 ms
08-10 22:25:56.165  5222  5321 D cellinfo: 46 bytes from 44.241.174.93: icmp_seq=292 ttl=32 time=191 ms
08-10 22:25:56.326  5222  5321 D cellinfo: 46 bytes from 44.241.174.93: icmp_seq=293 ttl=32 time=152 ms
08-10 22:25:56.441  5222  5222 D cellinfo: Latitude is 40.6578837
08-10 22:25:56.441  5222  5222 D cellinfo: Longitude is -105.1565514
08-10 22:25:56.441  5222  5222 D cellinfo: Instantaneous GPS information: United States, 4945-4821 US-287, Laporte, CO 80535, USA
08-10 22:25:56.441  5222  5222 D cellinfo: getCurrentLocation() result: Location (success): 40.6578837, -105.1565514
08-10 22:25:56.485  5222  5321 D cellinfo: 46 bytes from 44.241.174.93: icmp_seq=294 ttl=32 time=111 ms
08-10 22:25:56.552  5222  5222 D cellinfo: onCellInfoChanged: Operator: AT&T UpdateTimestamp: 196629282 CellConnectionStatus: 0
08-10 22:25:56.552  5222  5222 D cellinfo: onCellInfoChanged: LTE Cell Bands: [12] Bandwidth: 2147483647 Cell ID: 98066960 Physical Cell ID: 416 Tracking Area Code: 38403 EARFCN: 5110
08-10 22:25:56.726  5222  5321 D cellinfo: 46 bytes from 44.241.174.93: icmp_seq=295 ttl=32 time=150 ms
08-10 22:25:56.898  5222  5321 D cellinfo: 46 bytes from 44.241.174.93: icmp_seq=296 ttl=32 time=121 ms
08-10 22:25:57.071  5222  5321 D cellinfo: 46 bytes from 44.241.174.93: icmp_seq=297 ttl=32 time=94.3 ms
08-10 22:25:57.112  5222  5222 D cellinfo: onsignalStrengthsChanged: LTE Signal Strength info: rsrp: -94 rsrq: -10 rssi: -79 rssnr: 16
08-10 22:25:57.286  5222  5321 D cellinfo: 46 bytes from 44.241.174.93: icmp_seq=298 ttl=32 time=109 ms
08-10 22:25:57.527  5222  5321 D cellinfo: 46 bytes from 44.241.174.93: icmp_seq=299 ttl=32 time=147 ms
08-10 22:25:57.686  5222  5321 D cellinfo: 46 bytes from 44.241.174.93: icmp_seq=300 ttl=32 time=106 ms
08-10 22:25:57.880  5222  5321 D cellinfo: 46 bytes from 44.241.174.93: icmp_seq=301 ttl=32 time=100 ms
08-10 22:25:58.166  5222  5321 D cellinfo: 46 bytes from 44.241.174.93: icmp_seq=302 ttl=32 time=183 ms
08-10 22:25:58.327  5222  5321 D cellinfo: 46 bytes from 44.241.174.93: icmp_seq=303 ttl=32 time=144 ms
08-10 22:25:58.490  5222  5321 D cellinfo: 46 bytes from 44.241.174.93: icmp_seq=304 ttl=32 time=106 ms
08-10 22:25:58.726  5222  5321 D cellinfo: 46 bytes from 44.241.174.93: icmp_seq=305 ttl=32 time=141 ms
08-10 22:25:58.887  5222  5321 D cellinfo: 46 bytes from 44.241.174.93: icmp_seq=306 ttl=32 time=101 ms
08-10 22:25:59.126  5222  5321 D cellinfo: 46 bytes from 44.241.174.93: icmp_seq=307 ttl=32 time=140 ms
08-10 22:25:59.285  5222  5321 D cellinfo: 46 bytes from 44.241.174.93: icmp_seq=308 ttl=32 time=101 ms
08-10 22:25:59.459  5222  5222 D cellinfo: Latitude is 40.6578837
08-10 22:25:59.459  5222  5222 D cellinfo: Longitude is -105.1565514
08-10 22:25:59.459  5222  5222 D cellinfo: Instantaneous GPS information: United States, 4945-4821 US-287, Laporte, CO 80535, USA
08-10 22:25:59.459  5222  5222 D cellinfo: getCurrentLocation() result: Location (success): 40.6578837, -105.1565514
08-10 22:25:59.497  5222  5222 D cellinfo: onCellInfoChanged: Operator: AT&T UpdateTimestamp: 196632233 CellConnectionStatus: 0
08-10 22:25:59.497  5222  5222 D cellinfo: onCellInfoChanged: LTE Cell Bands: [12] Bandwidth: 2147483647 Cell ID: 98066960 Physical Cell ID: 416 Tracking Area Code: 38403 EARFCN: 5110
08-10 22:25:59.529  5222  5321 D cellinfo: 46 bytes from 44.241.174.93: icmp_seq=309 ttl=32 time=143 ms
