--------- beginning of main
08-10 23:19:36.990  5222  5321 D cellinfo: 46 bytes from 44.241.174.93: icmp_seq=16320 ttl=32 time=111 ms
08-10 23:19:37.191  5222  5321 D cellinfo: 46 bytes from 44.241.174.93: icmp_seq=16321 ttl=32 time=110 ms
08-10 23:19:37.379  5222  5321 D cellinfo: 46 bytes from 44.241.174.93: icmp_seq=16322 ttl=32 time=98.3 ms
08-10 23:19:37.590  5222  5321 D cellinfo: 46 bytes from 44.241.174.93: icmp_seq=16323 ttl=32 time=110 ms
08-10 23:19:37.604  5222  5222 D cellinfo: onsignalStrengthsChanged: LTE Signal Strength info: rsrp: -68 rsrq: -6 rssi: -51 rssnr: 22
08-10 23:19:37.791  5222  5321 D cellinfo: 46 bytes from 44.241.174.93: icmp_seq=16324 ttl=32 time=108 ms
08-10 23:19:37.991  5222  5321 D cellinfo: 46 bytes from 44.241.174.93: icmp_seq=16325 ttl=32 time=107 ms
08-10 23:19:38.190  5222  5321 D cellinfo: 46 bytes from 44.241.174.93: icmp_seq=16326 ttl=32 time=105 ms
08-10 23:19:38.391  5222  5321 D cellinfo: 46 bytes from 44.241.174.93: icmp_seq=16327 ttl=32 time=104 ms
08-10 23:19:38.490  5222  5222 D cellinfo: onCellInfoChanged: Operator: AT&T...1 UpdateTimestamp: 199851223 CellConnectionStatus: 0
08-10 23:19:38.490  5222  5222 D cellinfo: onCellInfoChanged: LTE Cell Bands: [2] Bandwidth: 2147483647 Cell ID: 98578186 Physical Cell ID: 42 Tracking Area Code: 38420 EARFCN: 700
08-10 23:19:38.590  5222  5321 D cellinfo: 46 bytes from 44.241.174.93: icmp_seq=16328 ttl=32 time=103 ms
08-10 23:19:38.790  5222  5321 D cellinfo: 46 bytes from 44.241.174.93: icmp_seq=16329 ttl=32 time=102 ms
08-10 23:19:38.802  5222  5222 D cellinfo: onsignalStrengthsChanged: LTE Signal Strength info: rsrp: -68 rsrq: -6 rssi: -51 rssnr: 25
08-10 23:19:38.990  5222  5321 D cellinfo: 46 bytes from 44.241.174.93: icmp_seq=16330 ttl=32 time=101 ms
08-10 23:19:39.197  5222  5321 D cellinfo: 46 bytes from 44.241.174.93: icmp_seq=16331 ttl=32 time=106 ms
08-10 23:19:39.391  5222  5321 D cellinfo: 46 bytes from 44.241.174.93: icmp_seq=16332 ttl=32 time=100 ms
08-10 23:19:39.591  5222  5321 D cellinfo: 46 bytes from 44.241.174.93: icmp_seq=16333 ttl=32 time=98.9 ms
08-10 23:19:39.781  5222  5321 D cellinfo: 46 bytes from 44.241.174.93: icmp_seq=16334 ttl=32 time=87.5 ms
08-10 23:19:39.994  5222  5321 D cellinfo: 46 bytes from 44.241.174.93: icmp_seq=16335 ttl=32 time=97.4 ms
08-10 23:19:40.118  5222  5222 D cellinfo: Latitude is 40.0268265
08-10 23:19:40.118  5222  5222 D cellinfo: Longitude is -104.9808796
08-10 23:19:40.118  5222  5222 D cellinfo: Instantaneous GPS information: United States, 1767 W I- 25 Frontage Rd, Erie, CO 80516, USA
08-10 23:19:40.118  5222  5222 D cellinfo: getCurrentLocation() result: Location (success): 40.0268265, -104.9808796
08-10 23:19:40.192  5222  5321 D cellinfo: 46 bytes from 44.241.174.93: icmp_seq=16336 ttl=32 time=95.8 ms
08-10 23:19:40.432  5222  5321 D cellinfo: 46 bytes from 44.241.174.93: icmp_seq=16337 ttl=32 time=133 ms
08-10 23:19:40.591  5222  5321 D cellinfo: 46 bytes from 44.241.174.93: icmp_seq=16338 ttl=32 time=92.1 ms
08-10 23:19:40.602  5222  5222 D cellinfo: onsignalStrengthsChanged: LTE Signal Strength info: rsrp: -69 rsrq: -6 rssi: -51 rssnr: 26
08-10 23:19:40.871  5222  5321 D cellinfo: 46 bytes from 44.241.174.93: icmp_seq=16339 ttl=32 time=170 ms
08-10 23:19:40.992  5222  5321 D cellinfo: 46 bytes from 44.241.174.93: icmp_seq=16340 ttl=32 time=90.4 ms
08-10 23:19:41.192  5222  5321 D cellinfo: 46 bytes from 44.241.174.93: icmp_seq=16341 ttl=32 time=90.6 ms
08-10 23:19:41.431  5222  5321 D cellinfo: 46 bytes from 44.241.174.93: icmp_seq=16342 ttl=32 time=128 ms
08-10 23:19:41.454  5222  5222 D cellinfo: Latitude is 40.0268265
08-10 23:19:41.454  5222  5222 D cellinfo: Longitude is -104.9808796
08-10 23:19:41.454  5222  5222 D cellinfo: Instantaneous GPS information: United States, 1767 W I- 25 Frontage Rd, Erie, CO 80516, USA
08-10 23:19:41.454  5222  5222 D cellinfo: getCurrentLocation() result: Location (success): 40.0268265, -104.9808796
08-10 23:19:41.495  5222  5222 D cellinfo: onCellInfoChanged: Operator: AT&T...1 UpdateTimestamp: 199854232 CellConnectionStatus: 0
08-10 23:19:41.495  5222  5222 D cellinfo: onCellInfoChanged: LTE Cell Bands: [2] Bandwidth: 2147483647 Cell ID: 98578186 Physical Cell ID: 42 Tracking Area Code: 38420 EARFCN: 700
08-10 23:19:41.591  5222  5321 D cellinfo: 46 bytes from 44.241.174.93: icmp_seq=16343 ttl=32 time=89.3 ms
08-10 23:19:41.831  5222  5321 D cellinfo: 46 bytes from 44.241.174.93: icmp_seq=16344 ttl=32 time=126 ms
08-10 23:19:42.031  5222  5321 D cellinfo: 46 bytes from 44.241.174.93: icmp_seq=16345 ttl=32 time=126 ms
08-10 23:19:42.218  5222  5321 D cellinfo: 46 bytes from 44.241.174.93: icmp_seq=16346 ttl=32 time=114 ms
08-10 23:19:42.419  5222  5321 D cellinfo: 46 bytes from 44.241.174.93: icmp_seq=16347 ttl=32 time=113 ms
08-10 23:19:42.602  5222  5321 D cellinfo: 46 bytes from 44.241.174.93: icmp_seq=16348 ttl=32 time=96.9 ms
08-10 23:19:42.819  5222  5321 D cellinfo: 46 bytes from 44.241.174.93: icmp_seq=16349 ttl=32 time=113 ms
08-10 23:19:43.000  5222  5321 D cellinfo: 46 bytes from 44.241.174.93: icmp_seq=16350 ttl=32 time=94.8 ms
08-10 23:19:43.200  5222  5321 D cellinfo: 46 bytes from 44.241.174.93: icmp_seq=16351 ttl=32 time=94.7 ms
08-10 23:19:43.281  5222  5222 D cellinfo: onsignalStrengthsChanged: LTE Signal Strength info: rsrp: -73 rsrq: -6 rssi: -55 rssnr: 27
08-10 23:19:43.432  5222  5321 D cellinfo: 46 bytes from 44.241.174.93: icmp_seq=16352 ttl=32 time=125 ms
08-10 23:19:43.598  5222  5222 D cellinfo: onsignalStrengthsChanged: LTE Signal Strength info: rsrp: -73 rsrq: -6 rssi: -55 rssnr: 26
08-10 23:19:43.632  5222  5321 D cellinfo: 46 bytes from 44.241.174.93: icmp_seq=16353 ttl=32 time=123 ms
08-10 23:19:43.831  5222  5321 D cellinfo: 46 bytes from 44.241.174.93: icmp_seq=16354 ttl=32 time=122 ms
08-10 23:19:44.031  5222  5321 D cellinfo: 46 bytes from 44.241.174.93: icmp_seq=16355 ttl=32 time=122 ms
08-10 23:19:44.230  5222  5321 D cellinfo: 46 bytes from 44.241.174.93: icmp_seq=16356 ttl=32 time=122 ms
08-10 23:19:44.430  5222  5321 D cellinfo: 46 bytes from 44.241.174.93: icmp_seq=16357 ttl=32 time=122 ms
08-10 23:19:44.456  5222  5222 D cellinfo: Latitude is 40.0268265
08-10 23:19:44.457  5222  5222 D cellinfo: Longitude is -104.9808796
08-10 23:19:44.457  5222  5222 D cellinfo: Instantaneous GPS information: United States, 1767 W I- 25 Frontage Rd, Erie, CO 80516, USA
08-10 23:19:44.457  5222  5222 D cellinfo: getCurrentLocation() result: Location (success): 40.0268265, -104.9808796
08-10 23:19:44.489  5222  5222 D cellinfo: onCellInfoChanged: Operator: AT&T...1 UpdateTimestamp: 199857226 CellConnectionStatus: 0
08-10 23:19:44.489  5222  5222 D cellinfo: onCellInfoChanged: LTE Cell Bands: [2] Bandwidth: 2147483647 Cell ID: 98578186 Physical Cell ID: 42 Tracking Area Code: 38420 EARFCN: 700
08-10 23:19:44.630  5222  5321 D cellinfo: 46 bytes from 44.241.174.93: icmp_seq=16358 ttl=32 time=120 ms
08-10 23:19:44.831  5222  5321 D cellinfo: 46 bytes from 44.241.174.93: icmp_seq=16359 ttl=32 time=120 ms
08-10 23:19:45.033  5222  5321 D cellinfo: 46 bytes from 44.241.174.93: icmp_seq=16360 ttl=32 time=120 ms
08-10 23:19:45.233  5222  5321 D cellinfo: 46 bytes from 44.241.174.93: icmp_seq=16361 ttl=32 time=118 ms
08-10 23:19:45.430  5222  5321 D cellinfo: 46 bytes from 44.241.174.93: icmp_seq=16362 ttl=32 time=116 ms
08-10 23:19:45.518  5222  5222 D cellinfo: onsignalStrengthsChanged: LTE Signal Strength info: rsrp: -75 rsrq: -7 rssi: -55 rssnr: 26
08-10 23:19:45.631  5222  5321 D cellinfo: 46 bytes from 44.241.174.93: icmp_seq=16363 ttl=32 time=115 ms
08-10 23:19:45.832  5222  5321 D cellinfo: 46 bytes from 44.241.174.93: icmp_seq=16364 ttl=32 time=116 ms
08-10 23:19:46.030  5222  5321 D cellinfo: 46 bytes from 44.241.174.93: icmp_seq=16365 ttl=32 time=114 ms
08-10 23:19:46.231  5222  5321 D cellinfo: 46 bytes from 44.241.174.93: icmp_seq=16366 ttl=32 time=114 ms
08-10 23:19:46.430  5222  5321 D cellinfo: 46 bytes from 44.241.174.93: icmp_seq=16367 ttl=32 time=113 ms
08-10 23:19:46.630  5222  5321 D cellinfo: 46 bytes from 44.241.174.93: icmp_seq=16368 ttl=32 time=112 ms
08-10 23:19:46.831  5222  5321 D cellinfo: 46 bytes from 44.241.174.93: icmp_seq=16369 ttl=32 time=112 ms
08-10 23:19:47.031  5222  5321 D cellinfo: 46 bytes from 44.241.174.93: icmp_seq=16370 ttl=32 time=112 ms
08-10 23:19:47.231  5222  5321 D cellinfo: 46 bytes from 44.241.174.93: icmp_seq=16371 ttl=32 time=111 ms
08-10 23:19:47.419  5222  5321 D cellinfo: 46 bytes from 44.241.174.93: icmp_seq=16372 ttl=32 time=99.4 ms
08-10 23:19:47.448  5222  5222 D cellinfo: Latitude is 40.0268265
08-10 23:19:47.448  5222  5222 D cellinfo: Longitude is -104.9808796
08-10 23:19:47.448  5222  5222 D cellinfo: Instantaneous GPS information: United States, 1767 W I- 25 Frontage Rd, Erie, CO 80516, USA
08-10 23:19:47.448  5222  5222 D cellinfo: getCurrentLocation() result: Location (success): 40.0268265, -104.9808796
08-10 23:19:47.509  5222  5222 D cellinfo: onCellInfoChanged: Operator: AT&T...1 UpdateTimestamp: 199860247 CellConnectionStatus: 0
08-10 23:19:47.509  5222  5222 D cellinfo: onCellInfoChanged: LTE Cell Bands: [2] Bandwidth: 2147483647 Cell ID: 98578186 Physical Cell ID: 42 Tracking Area Code: 38420 EARFCN: 700
08-10 23:19:47.631  5222  5321 D cellinfo: 46 bytes from 44.241.174.93: icmp_seq=16373 ttl=32 time=110 ms
08-10 23:19:47.761  5222  5222 D cellinfo: onsignalStrengthsChanged: LTE Signal Strength info: rsrp: -77 rsrq: -7 rssi: -63 rssnr: 23
08-10 23:19:47.831  5222  5321 D cellinfo: 46 bytes from 44.241.174.93: icmp_seq=16374 ttl=32 time=111 ms
08-10 23:19:48.031  5222  5321 D cellinfo: 46 bytes from 44.241.174.93: icmp_seq=16375 ttl=32 time=109 ms
08-10 23:19:48.230  5222  5321 D cellinfo: 46 bytes from 44.241.174.93: icmp_seq=16376 ttl=32 time=110 ms
08-10 23:19:48.431  5222  5321 D cellinfo: 46 bytes from 44.241.174.93: icmp_seq=16377 ttl=32 time=109 ms
08-10 23:19:48.631  5222  5321 D cellinfo: 46 bytes from 44.241.174.93: icmp_seq=16378 ttl=32 time=107 ms
08-10 23:19:48.830  5222  5321 D cellinfo: 46 bytes from 44.241.174.93: icmp_seq=16379 ttl=32 time=106 ms
08-10 23:19:49.031  5222  5321 D cellinfo: 46 bytes from 44.241.174.93: icmp_seq=16380 ttl=32 time=105 ms
08-10 23:19:49.230  5222  5321 D cellinfo: 46 bytes from 44.241.174.93: icmp_seq=16381 ttl=32 time=104 ms
08-10 23:19:49.430  5222  5321 D cellinfo: 46 bytes from 44.241.174.93: icmp_seq=16382 ttl=32 time=104 ms
08-10 23:19:49.630  5222  5321 D cellinfo: 46 bytes from 44.241.174.93: icmp_seq=16383 ttl=32 time=103 ms
08-10 23:19:49.831  5222  5321 D cellinfo: 46 bytes from 44.241.174.93: icmp_seq=16384 ttl=32 time=102 ms
08-10 23:19:49.999  5222  5222 D cellinfo: onsignalStrengthsChanged: LTE Signal Strength info: rsrp: -81 rsrq: -7 rssi: -65 rssnr: 20
08-10 23:19:50.030  5222  5321 D cellinfo: 46 bytes from 44.241.174.93: icmp_seq=16385 ttl=32 time=101 ms
08-10 23:19:50.233  5222  5321 D cellinfo: 46 bytes from 44.241.174.93: icmp_seq=16386 ttl=32 time=103 ms
08-10 23:19:50.430  5222  5321 D cellinfo: 46 bytes from 44.241.174.93: icmp_seq=16387 ttl=32 time=101 ms
08-10 23:19:50.506  5222  5222 D cellinfo: onCellInfoChanged: Operator: AT&T...1 UpdateTimestamp: 199863240 CellConnectionStatus: 0
08-10 23:19:50.506  5222  5222 D cellinfo: onCellInfoChanged: LTE Cell Bands: [2] Bandwidth: 2147483647 Cell ID: 98578186 Physical Cell ID: 42 Tracking Area Code: 38420 EARFCN: 700
08-10 23:19:50.630  5222  5321 D cellinfo: 46 bytes from 44.241.174.93: icmp_seq=16388 ttl=32 time=101 ms
08-10 23:19:50.832  5222  5321 D cellinfo: 46 bytes from 44.241.174.93: icmp_seq=16389 ttl=32 time=100 ms
08-10 23:19:51.031  5222  5321 D cellinfo: 46 bytes from 44.241.174.93: icmp_seq=16390 ttl=32 time=100 ms
08-10 23:19:51.231  5222  5321 D cellinfo: 46 bytes from 44.241.174.93: icmp_seq=16391 ttl=32 time=100 ms
08-10 23:19:51.430  5222  5321 D cellinfo: 46 bytes from 44.241.174.93: icmp_seq=16392 ttl=32 time=99.2 ms
08-10 23:19:51.623  5222  5321 D cellinfo: 46 bytes from 44.241.174.93: icmp_seq=16393 ttl=32 time=89.1 ms
08-10 23:19:51.834  5222  5321 D cellinfo: 46 bytes from 44.241.174.93: icmp_seq=16394 ttl=32 time=98.0 ms
08-10 23:19:52.034  5222  5321 D cellinfo: 46 bytes from 44.241.174.93: icmp_seq=16395 ttl=32 time=96.3 ms
08-10 23:19:52.154  5222  5222 D cellinfo: Latitude is 40.0231937
08-10 23:19:52.154  5222  5222 D cellinfo: Longitude is -104.9808933
08-10 23:19:52.154  5222  5222 D cellinfo: Instantaneous GPS information: United States, 1465 W I- 25 Frontage Rd, Erie, CO 80516, USA
08-10 23:19:52.154  5222  5222 D cellinfo: getCurrentLocation() result: Location (success): 40.0231937, -104.9808933
08-10 23:19:52.232  5222  5321 D cellinfo: 46 bytes from 44.241.174.93: icmp_seq=16396 ttl=32 time=94.3 ms
08-10 23:19:52.240  5222  5222 D cellinfo: onsignalStrengthsChanged: LTE Signal Strength info: rsrp: -83 rsrq: -7 rssi: -67 rssnr: 18
08-10 23:19:52.431  5222  5321 D cellinfo: 46 bytes from 44.241.174.93: icmp_seq=16397 ttl=32 time=92.3 ms
08-10 23:19:52.604  5222  5222 D cellinfo: onsignalStrengthsChanged: LTE Signal Strength info: rsrp: -84 rsrq: -7 rssi: -63 rssnr: 17
08-10 23:19:52.631  5222  5321 D cellinfo: 46 bytes from 44.241.174.93: icmp_seq=16398 ttl=32 time=91.4 ms
08-10 23:19:52.871  5222  5321 D cellinfo: 46 bytes from 44.241.174.93: icmp_seq=16399 ttl=32 time=130 ms
08-10 23:19:53.071  5222  5321 D cellinfo: 46 bytes from 44.241.174.93: icmp_seq=16400 ttl=32 time=129 ms
08-10 23:19:53.230  5222  5321 D cellinfo: 46 bytes from 44.241.174.93: icmp_seq=16401 ttl=32 time=89.5 ms
08-10 23:19:53.432  5222  5321 D cellinfo: 46 bytes from 44.241.174.93: icmp_seq=16402 ttl=32 time=89.1 ms
08-10 23:19:53.448  5222  5222 D cellinfo: Latitude is 40.0231937
08-10 23:19:53.448  5222  5222 D cellinfo: Longitude is -104.9808933
08-10 23:19:53.448  5222  5222 D cellinfo: Instantaneous GPS information: United States, 1465 W I- 25 Frontage Rd, Erie, CO 80516, USA
08-10 23:19:53.448  5222  5222 D cellinfo: getCurrentLocation() result: Location (success): 40.0231937, -104.9808933
08-10 23:19:53.500  5222  5222 D cellinfo: onCellInfoChanged: Operator: AT&T...1 UpdateTimestamp: 199866239 CellConnectionStatus: 0
08-10 23:19:53.500  5222  5222 D cellinfo: onCellInfoChanged: LTE Cell Bands: [2] Bandwidth: 2147483647 Cell ID: 98578186 Physical Cell ID: 42 Tracking Area Code: 38420 EARFCN: 700
08-10 23:19:53.632  5222  5321 D cellinfo: 46 bytes from 44.241.174.93: icmp_seq=16403 ttl=32 time=89.3 ms
08-10 23:19:53.831  5222  5321 D cellinfo: 46 bytes from 44.241.174.93: icmp_seq=16404 ttl=32 time=88.3 ms
08-10 23:19:54.072  5222  5321 D cellinfo: 46 bytes from 44.241.174.93: icmp_seq=16405 ttl=32 time=128 ms
08-10 23:19:54.272  5222  5321 D cellinfo: 46 bytes from 44.241.174.93: icmp_seq=16406 ttl=32 time=128 ms
08-10 23:19:54.473  5222  5321 D cellinfo: 46 bytes from 44.241.174.93: icmp_seq=16407 ttl=32 time=126 ms
08-10 23:19:54.635  5222  5321 D cellinfo: 46 bytes from 44.241.174.93: icmp_seq=16408 ttl=32 time=88.3 ms
08-10 23:19:54.873  5222  5321 D cellinfo: 46 bytes from 44.241.174.93: icmp_seq=16409 ttl=32 time=126 ms
08-10 23:19:55.073  5222  5321 D cellinfo: 46 bytes from 44.241.174.93: icmp_seq=16410 ttl=32 time=126 ms
08-10 23:19:55.274  5222  5321 D cellinfo: 46 bytes from 44.241.174.93: icmp_seq=16411 ttl=32 time=126 ms
08-10 23:19:55.474  5222  5321 D cellinfo: 46 bytes from 44.241.174.93: icmp_seq=16412 ttl=32 time=124 ms
08-10 23:19:55.604  5222  5222 D cellinfo: onsignalStrengthsChanged: LTE Signal Strength info: rsrp: -87 rsrq: -8 rssi: -55 rssnr: 16
08-10 23:19:55.671  5222  5321 D cellinfo: 46 bytes from 44.241.174.93: icmp_seq=16413 ttl=32 time=122 ms
08-10 23:19:55.871  5222  5321 D cellinfo: 46 bytes from 44.241.174.93: icmp_seq=16414 ttl=32 time=121 ms
08-10 23:19:56.072  5222  5321 D cellinfo: 46 bytes from 44.241.174.93: icmp_seq=16415 ttl=32 time=120 ms
08-10 23:19:56.271  5222  5321 D cellinfo: 46 bytes from 44.241.174.93: icmp_seq=16416 ttl=32 time=120 ms
08-10 23:19:56.452  5222  5222 D cellinfo: Latitude is 40.0231937
08-10 23:19:56.452  5222  5222 D cellinfo: Longitude is -104.9808933
08-10 23:19:56.452  5222  5222 D cellinfo: Instantaneous GPS information: United States, 1465 W I- 25 Frontage Rd, Erie, CO 80516, USA
08-10 23:19:56.452  5222  5222 D cellinfo: getCurrentLocation() result: Location (success): 40.0231937, -104.9808933
08-10 23:19:56.470  5222  5321 D cellinfo: 46 bytes from 44.241.174.93: icmp_seq=16417 ttl=32 time=118 ms
08-10 23:19:56.510  5222  5222 D cellinfo: onCellInfoChanged: Operator: AT&T...1 UpdateTimestamp: 199869244 CellConnectionStatus: 0
08-10 23:19:56.510  5222  5222 D cellinfo: onCellInfoChanged: LTE Cell Bands: [2] Bandwidth: 2147483647 Cell ID: 98578186 Physical Cell ID: 42 Tracking Area Code: 38420 EARFCN: 700
08-10 23:19:56.670  5222  5321 D cellinfo: 46 bytes from 44.241.174.93: icmp_seq=16418 ttl=32 time=118 ms
08-10 23:19:56.870  5222  5321 D cellinfo: 46 bytes from 44.241.174.93: icmp_seq=16419 ttl=32 time=116 ms
08-10 23:19:57.072  5222  5321 D cellinfo: 46 bytes from 44.241.174.93: icmp_seq=16420 ttl=32 time=117 ms
08-10 23:19:57.271  5222  5321 D cellinfo: 46 bytes from 44.241.174.93: icmp_seq=16421 ttl=32 time=115 ms
08-10 23:19:57.471  5222  5321 D cellinfo: 46 bytes from 44.241.174.93: icmp_seq=16422 ttl=32 time=116 ms
08-10 23:19:57.671  5222  5321 D cellinfo: 46 bytes from 44.241.174.93: icmp_seq=16423 ttl=32 time=114 ms
08-10 23:19:57.871  5222  5321 D cellinfo: 46 bytes from 44.241.174.93: icmp_seq=16424 ttl=32 time=114 ms
08-10 23:19:58.070  5222  5321 D cellinfo: 46 bytes from 44.241.174.93: icmp_seq=16425 ttl=32 time=111 ms
08-10 23:19:58.271  5222  5321 D cellinfo: 46 bytes from 44.241.174.93: icmp_seq=16426 ttl=32 time=112 ms
08-10 23:19:58.470  5222  5321 D cellinfo: 46 bytes from 44.241.174.93: icmp_seq=16427 ttl=32 time=111 ms
08-10 23:19:58.671  5222  5321 D cellinfo: 46 bytes from 44.241.174.93: icmp_seq=16428 ttl=32 time=111 ms
08-10 23:19:58.858  5222  5321 D cellinfo: 46 bytes from 44.241.174.93: icmp_seq=16429 ttl=32 time=98.6 ms
08-10 23:19:59.071  5222  5321 D cellinfo: 46 bytes from 44.241.174.93: icmp_seq=16430 ttl=32 time=110 ms
08-10 23:19:59.271  5222  5321 D cellinfo: 46 bytes from 44.241.174.93: icmp_seq=16431 ttl=32 time=110 ms
08-10 23:19:59.450  5222  5222 D cellinfo: Latitude is 40.0231937
08-10 23:19:59.450  5222  5222 D cellinfo: Longitude is -104.9808933
08-10 23:19:59.450  5222  5222 D cellinfo: Instantaneous GPS information: United States, 1465 W I- 25 Frontage Rd, Erie, CO 80516, USA
08-10 23:19:59.450  5222  5222 D cellinfo: getCurrentLocation() result: Location (success): 40.0231937, -104.9808933
08-10 23:19:59.470  5222  5321 D cellinfo: 46 bytes from 44.241.174.93: icmp_seq=16432 ttl=32 time=109 ms
08-10 23:19:59.511  5222  5222 D cellinfo: onCellInfoChanged: Operator: AT&T...1 UpdateTimestamp: 199872247 CellConnectionStatus: 0
08-10 23:19:59.511  5222  5222 D cellinfo: onCellInfoChanged: LTE Cell Bands: [2] Bandwidth: 2147483647 Cell ID: 98578186 Physical Cell ID: 42 Tracking Area Code: 38420 EARFCN: 700
08-10 23:19:59.674  5222  5321 D cellinfo: 46 bytes from 44.241.174.93: icmp_seq=16433 ttl=32 time=111 ms
08-10 23:19:59.871  5222  5321 D cellinfo: 46 bytes from 44.241.174.93: icmp_seq=16434 ttl=32 time=106 ms
08-10 23:20:00.071  5222  5321 D cellinfo: 46 bytes from 44.241.174.93: icmp_seq=16435 ttl=32 time=105 ms
08-10 23:20:00.270  5222  5321 D cellinfo: 46 bytes from 44.241.174.93: icmp_seq=16436 ttl=32 time=104 ms
08-10 23:20:00.472  5222  5321 D cellinfo: 46 bytes from 44.241.174.93: icmp_seq=16437 ttl=32 time=104 ms
08-10 23:20:00.671  5222  5321 D cellinfo: 46 bytes from 44.241.174.93: icmp_seq=16438 ttl=32 time=102 ms
08-10 23:20:00.870  5222  5321 D cellinfo: 46 bytes from 44.241.174.93: icmp_seq=16439 ttl=32 time=101 ms
08-10 23:20:01.070  5222  5321 D cellinfo: 46 bytes from 44.241.174.93: icmp_seq=16440 ttl=32 time=100 ms
08-10 23:20:01.261  5222  5321 D cellinfo: 46 bytes from 44.241.174.93: icmp_seq=16441 ttl=32 time=90.9 ms
08-10 23:20:01.470  5222  5321 D cellinfo: 46 bytes from 44.241.174.93: icmp_seq=16442 ttl=32 time=100 ms
08-10 23:20:01.609  5222  5222 D cellinfo: onsignalStrengthsChanged: LTE Signal Strength info: rsrp: -91 rsrq: -7 rssi: -65 rssnr: 17
08-10 23:20:01.671  5222  5321 D cellinfo: 46 bytes from 44.241.174.93: icmp_seq=16443 ttl=32 time=100 ms
08-10 23:20:01.871  5222  5321 D cellinfo: 46 bytes from 44.241.174.93: icmp_seq=16444 ttl=32 time=99.5 ms
08-10 23:20:02.071  5222  5321 D cellinfo: 46 bytes from 44.241.174.93: icmp_seq=16445 ttl=32 time=99.0 ms
08-10 23:20:02.270  5222  5321 D cellinfo: 46 bytes from 44.241.174.93: icmp_seq=16446 ttl=32 time=99.3 ms
08-10 23:20:02.471  5222  5321 D cellinfo: 46 bytes from 44.241.174.93: icmp_seq=16447 ttl=32 time=98.9 ms
08-10 23:20:02.492  5222  5222 D cellinfo: onCellInfoChanged: Operator: AT&T...1 UpdateTimestamp: 199875227 CellConnectionStatus: 0
08-10 23:20:02.492  5222  5222 D cellinfo: onCellInfoChanged: LTE Cell Bands: [2] Bandwidth: 2147483647 Cell ID: 98578186 Physical Cell ID: 42 Tracking Area Code: 38420 EARFCN: 700
08-10 23:20:02.670  5222  5321 D cellinfo: 46 bytes from 44.241.174.93: icmp_seq=16448 ttl=32 time=98.5 ms
08-10 23:20:02.870  5222  5321 D cellinfo: 46 bytes from 44.241.174.93: icmp_seq=16449 ttl=32 time=98.1 ms
08-10 23:20:03.071  5222  5321 D cellinfo: 46 bytes from 44.241.174.93: icmp_seq=16450 ttl=32 time=97.0 ms
08-10 23:20:03.272  5222  5321 D cellinfo: 46 bytes from 44.241.174.93: icmp_seq=16451 ttl=32 time=97.2 ms
08-10 23:20:03.511  5222  5321 D cellinfo: 46 bytes from 44.241.174.93: icmp_seq=16452 ttl=32 time=137 ms
08-10 23:20:03.682  5222  5321 D cellinfo: 46 bytes from 44.241.174.93: icmp_seq=16453 ttl=32 time=106 ms
08-10 23:20:03.873  5222  5321 D cellinfo: 46 bytes from 44.241.174.93: icmp_seq=16454 ttl=32 time=96.1 ms
08-10 23:20:04.075  5222  5321 D cellinfo: 46 bytes from 44.241.174.93: icmp_seq=16455 ttl=32 time=95.5 ms
08-10 23:20:04.160  5222  5222 D cellinfo: Latitude is 40.0195156
08-10 23:20:04.160  5222  5222 D cellinfo: Longitude is -104.9808819
08-10 23:20:04.160  5222  5222 D cellinfo: Instantaneous GPS information: United States, US-87, Erie, CO 80516, USA
08-10 23:20:04.160  5222  5222 D cellinfo: getCurrentLocation() result: Location (success): 40.0195156, -104.9808819
08-10 23:20:04.274  5222  5321 D cellinfo: 46 bytes from 44.241.174.93: icmp_seq=16456 ttl=32 time=96.1 ms
08-10 23:20:04.471  5222  5321 D cellinfo: 46 bytes from 44.241.174.93: icmp_seq=16457 ttl=32 time=91.5 ms
08-10 23:20:04.672  5222  5321 D cellinfo: 46 bytes from 44.241.174.93: icmp_seq=16458 ttl=32 time=92.3 ms
08-10 23:20:04.871  5222  5321 D cellinfo: 46 bytes from 44.241.174.93: icmp_seq=16459 ttl=32 time=90.9 ms
08-10 23:20:05.071  5222  5321 D cellinfo: 46 bytes from 44.241.174.93: icmp_seq=16460 ttl=32 time=88.9 ms
08-10 23:20:05.272  5222  5321 D cellinfo: 46 bytes from 44.241.174.93: icmp_seq=16461 ttl=32 time=89.4 ms
08-10 23:20:05.454  5222  5222 D cellinfo: Latitude is 40.0195156
08-10 23:20:05.454  5222  5222 D cellinfo: Longitude is -104.9808819
08-10 23:20:05.454  5222  5222 D cellinfo: Instantaneous GPS information: United States, US-87, Erie, CO 80516, USA
08-10 23:20:05.454  5222  5222 D cellinfo: getCurrentLocation() result: Location (success): 40.0195156, -104.9808819
08-10 23:20:05.471  5222  5321 D cellinfo: 46 bytes from 44.241.174.93: icmp_seq=16462 ttl=32 time=89.6 ms
08-10 23:20:05.483  5222  5222 D cellinfo: onCellInfoChanged: Operator: AT&T...1 UpdateTimestamp: 199878220 CellConnectionStatus: 0
08-10 23:20:05.483  5222  5222 D cellinfo: onCellInfoChanged: LTE Cell Bands: [2] Bandwidth: 2147483647 Cell ID: 98578186 Physical Cell ID: 42 Tracking Area Code: 38420 EARFCN: 700
08-10 23:20:05.673  5222  5321 D cellinfo: 46 bytes from 44.241.174.93: icmp_seq=16463 ttl=32 time=88.6 ms
08-10 23:20:05.911  5222  5321 D cellinfo: 46 bytes from 44.241.174.93: icmp_seq=16464 ttl=32 time=127 ms
08-10 23:20:06.111  5222  5321 D cellinfo: 46 bytes from 44.241.174.93: icmp_seq=16465 ttl=32 time=126 ms
08-10 23:20:06.313  5222  5321 D cellinfo: 46 bytes from 44.241.174.93: icmp_seq=16466 ttl=32 time=127 ms
08-10 23:20:06.513  5222  5321 D cellinfo: 46 bytes from 44.241.174.93: icmp_seq=16467 ttl=32 time=129 ms
08-10 23:20:06.712  5222  5321 D cellinfo: 46 bytes from 44.241.174.93: icmp_seq=16468 ttl=32 time=126 ms
08-10 23:20:06.911  5222  5321 D cellinfo: 46 bytes from 44.241.174.93: icmp_seq=16469 ttl=32 time=125 ms
08-10 23:20:07.112  5222  5321 D cellinfo: 46 bytes from 44.241.174.93: icmp_seq=16470 ttl=32 time=124 ms
08-10 23:20:07.311  5222  5321 D cellinfo: 46 bytes from 44.241.174.93: icmp_seq=16471 ttl=32 time=124 ms
08-10 23:20:07.513  5222  5321 D cellinfo: 46 bytes from 44.241.174.93: icmp_seq=16472 ttl=32 time=125 ms
08-10 23:20:07.613  5222  5222 D cellinfo: onsignalStrengthsChanged: LTE Signal Strength info: rsrp: -93 rsrq: -7 rssi: -65 rssnr: 11
08-10 23:20:07.712  5222  5321 D cellinfo: 46 bytes from 44.241.174.93: icmp_seq=16473 ttl=32 time=123 ms
08-10 23:20:07.911  5222  5321 D cellinfo: 46 bytes from 44.241.174.93: icmp_seq=16474 ttl=32 time=122 ms
08-10 23:20:07.927  5222  5222 D cellinfo: onsignalStrengthsChanged: LTE Signal Strength info: rsrp: -95 rsrq: -7 rssi: -65 rssnr: 8
08-10 23:20:08.111  5222  5321 D cellinfo: 46 bytes from 44.241.174.93: icmp_seq=16475 ttl=32 time=121 ms
08-10 23:20:08.281  5222  5321 D cellinfo: 46 bytes from 44.241.174.93: icmp_seq=16476 ttl=32 time=90.7 ms
08-10 23:20:08.449  5222  5222 D cellinfo: Latitude is 40.0195156
08-10 23:20:08.449  5222  5222 D cellinfo: Longitude is -104.9808819
08-10 23:20:08.449  5222  5222 D cellinfo: Instantaneous GPS information: United States, US-87, Erie, CO 80516, USA
08-10 23:20:08.449  5222  5222 D cellinfo: getCurrentLocation() result: Location (success): 40.0195156, -104.9808819
08-10 23:20:08.503  5222  5222 D cellinfo: onCellInfoChanged: Operator: AT&T...1 UpdateTimestamp: 199881240 CellConnectionStatus: 0
08-10 23:20:08.504  5222  5222 D cellinfo: onCellInfoChanged: LTE Cell Bands: [2] Bandwidth: 2147483647 Cell ID: 98578186 Physical Cell ID: 42 Tracking Area Code: 38420 EARFCN: 700
08-10 23:20:08.511  5222  5321 D cellinfo: 46 bytes from 44.241.174.93: icmp_seq=16477 ttl=32 time=119 ms
08-10 23:20:08.711  5222  5321 D cellinfo: 46 bytes from 44.241.174.93: icmp_seq=16478 ttl=32 time=117 ms
08-10 23:20:08.912  5222  5321 D cellinfo: 46 bytes from 44.241.174.93: icmp_seq=16479 ttl=32 time=118 ms
08-10 23:20:09.111  5222  5321 D cellinfo: 46 bytes from 44.241.174.93: icmp_seq=16480 ttl=32 time=115 ms
08-10 23:20:09.311  5222  5321 D cellinfo: 46 bytes from 44.241.174.93: icmp_seq=16481 ttl=32 time=116 ms
08-10 23:20:09.511  5222  5321 D cellinfo: 46 bytes from 44.241.174.93: icmp_seq=16482 ttl=32 time=114 ms
08-10 23:20:09.712  5222  5321 D cellinfo: 46 bytes from 44.241.174.93: icmp_seq=16483 ttl=32 time=115 ms
08-10 23:20:09.911  5222  5321 D cellinfo: 46 bytes from 44.241.174.93: icmp_seq=16484 ttl=32 time=113 ms
08-10 23:20:10.111  5222  5321 D cellinfo: 46 bytes from 44.241.174.93: icmp_seq=16485 ttl=32 time=112 ms
08-10 23:20:10.160  5222  5222 D cellinfo: onsignalStrengthsChanged: LTE Signal Strength info: rsrp: -96 rsrq: -8 rssi: -67 rssnr: 5
08-10 23:20:10.310  5222  5321 D cellinfo: 46 bytes from 44.241.174.93: icmp_seq=16486 ttl=32 time=112 ms
08-10 23:20:10.511  5222  5321 D cellinfo: 46 bytes from 44.241.174.93: icmp_seq=16487 ttl=32 time=112 ms
08-10 23:20:10.608  5222  5222 D cellinfo: onsignalStrengthsChanged: LTE Signal Strength info: rsrp: -97 rsrq: -8 rssi: -61 rssnr: 1
08-10 23:20:10.711  5222  5321 D cellinfo: 46 bytes from 44.241.174.93: icmp_seq=16488 ttl=32 time=111 ms
08-10 23:20:10.951  5222  5321 D cellinfo: 46 bytes from 44.241.174.93: icmp_seq=16489 ttl=32 time=151 ms
08-10 23:20:11.151  5222  5321 D cellinfo: 46 bytes from 44.241.174.93: icmp_seq=16490 ttl=32 time=151 ms
08-10 23:20:11.311  5222  5321 D cellinfo: 46 bytes from 44.241.174.93: icmp_seq=16491 ttl=32 time=111 ms
08-10 23:20:11.448  5222  5222 D cellinfo: Latitude is 40.0195156
08-10 23:20:11.448  5222  5222 D cellinfo: Longitude is -104.9808819
08-10 23:20:11.448  5222  5222 D cellinfo: Instantaneous GPS information: United States, US-87, Erie, CO 80516, USA
08-10 23:20:11.448  5222  5222 D cellinfo: getCurrentLocation() result: Location (success): 40.0195156, -104.9808819
08-10 23:20:11.498  5222  5222 D cellinfo: onCellInfoChanged: Operator: AT&T...1 UpdateTimestamp: 199884234 CellConnectionStatus: 0
08-10 23:20:11.498  5222  5222 D cellinfo: onCellInfoChanged: LTE Cell Bands: [2] Bandwidth: 2147483647 Cell ID: 98578186 Physical Cell ID: 42 Tracking Area Code: 38420 EARFCN: 700
08-10 23:20:11.510  5222  5321 D cellinfo: 46 bytes from 44.241.174.93: icmp_seq=16492 ttl=32 time=110 ms
08-10 23:20:11.711  5222  5321 D cellinfo: 46 bytes from 44.241.174.93: icmp_seq=16493 ttl=32 time=110 ms
08-10 23:20:11.992  5222  5321 D cellinfo: 46 bytes from 44.241.174.93: icmp_seq=16494 ttl=32 time=189 ms
08-10 23:20:12.111  5222  5321 D cellinfo: 46 bytes from 44.241.174.93: icmp_seq=16495 ttl=32 time=109 ms
08-10 23:20:12.400  5222  5222 D cellinfo: onsignalStrengthsChanged: LTE Signal Strength info: rsrp: -99 rsrq: -10 rssi: -67 rssnr: -1
08-10 23:20:13.152  5222  5321 D cellinfo: 46 bytes from 44.241.174.93: icmp_seq=16496 ttl=32 time=949 ms
08-10 23:20:13.153  5222  5321 D cellinfo: 46 bytes from 44.241.174.93: icmp_seq=16497 ttl=32 time=742 ms
08-10 23:20:13.153  5222  5321 D cellinfo: 46 bytes from 44.241.174.93: icmp_seq=16498 ttl=32 time=536 ms
08-10 23:20:13.153  5222  5321 D cellinfo: 46 bytes from 44.241.174.93: icmp_seq=16499 ttl=32 time=328 ms
08-10 23:20:13.181  5222  5321 D cellinfo: 46 bytes from 44.241.174.93: icmp_seq=16500 ttl=32 time=148 ms
08-10 23:20:13.619  5222  5222 D cellinfo: onsignalStrengthsChanged: LTE Signal Strength info: rsrp: -100 rsrq: -11 rssi: -67 rssnr: -4
08-10 23:20:13.652  5222  5222 D cellinfo: onServiceStateChanged: Channel Number: 2147483647 Cell Bandwidths: []
08-10 23:20:13.997  5222  5222 D cellinfo: onServiceStateChanged: Channel Number: 5110 Cell Bandwidths: []
08-10 23:20:14.007  5222  5222 D cellinfo: onCellInfoChanged: Operator: AT&T...1 UpdateTimestamp: 199886708 CellConnectionStatus: 0
08-10 23:20:14.007  5222  5222 D cellinfo: onCellInfoChanged: LTE Cell Bands: [12] Bandwidth: 2147483647 Cell ID: 97544463 Physical Cell ID: 66 Tracking Area Code: 38420 EARFCN: 5110
08-10 23:20:14.012  5222  5321 D cellinfo: 46 bytes from 44.241.174.93: icmp_seq=16501 ttl=32 time=779 ms
08-10 23:20:14.022  5222  5321 D cellinfo: 46 bytes from 44.241.174.93: icmp_seq=16502 ttl=32 time=582 ms
08-10 23:20:14.022  5222  5321 D cellinfo: 46 bytes from 44.241.174.93: icmp_seq=16503 ttl=32 time=374 ms
08-10 23:20:14.028  5222  5321 D cellinfo: 46 bytes from 44.241.174.93: icmp_seq=16504 ttl=32 time=172 ms
08-10 23:20:14.221  5222  5321 D cellinfo: 46 bytes from 44.241.174.93: icmp_seq=16505 ttl=32 time=166 ms
08-10 23:20:14.382  5222  5321 D cellinfo: 46 bytes from 44.241.174.93: icmp_seq=16506 ttl=32 time=125 ms
08-10 23:20:14.496  5222  5222 D cellinfo: onCellInfoChanged: Operator: AT&T...1 UpdateTimestamp: 199887231 CellConnectionStatus: 0
08-10 23:20:14.496  5222  5222 D cellinfo: onCellInfoChanged: LTE Cell Bands: [12] Bandwidth: 2147483647 Cell ID: 97544463 Physical Cell ID: 66 Tracking Area Code: 38420 EARFCN: 5110
08-10 23:20:14.561  5222  5321 D cellinfo: 46 bytes from 44.241.174.93: icmp_seq=16507 ttl=32 time=103 ms
08-10 23:20:14.783  5222  5321 D cellinfo: 46 bytes from 44.241.174.93: icmp_seq=16508 ttl=32 time=124 ms
08-10 23:20:15.023  5222  5321 D cellinfo: 46 bytes from 44.241.174.93: icmp_seq=16509 ttl=32 time=164 ms
08-10 23:20:15.185  5222  5321 D cellinfo: 46 bytes from 44.241.174.93: icmp_seq=16510 ttl=32 time=125 ms
08-10 23:20:15.423  5222  5321 D cellinfo: 46 bytes from 44.241.174.93: icmp_seq=16511 ttl=32 time=163 ms
08-10 23:20:15.581  5222  5321 D cellinfo: 46 bytes from 44.241.174.93: icmp_seq=16512 ttl=32 time=121 ms
08-10 23:20:15.754  5222  5321 D cellinfo: 46 bytes from 44.241.174.93: icmp_seq=16513 ttl=32 time=91.0 ms
08-10 23:20:15.954  5222  5321 D cellinfo: 46 bytes from 44.241.174.93: icmp_seq=16514 ttl=32 time=88.4 ms
08-10 23:20:16.088  5222  5222 D cellinfo: Latitude is 40.0157922
08-10 23:20:16.088  5222  5222 D cellinfo: Longitude is -104.9807603
08-10 23:20:16.088  5222  5222 D cellinfo: Instantaneous GPS information: United States, US-87, Erie, CO 80516, USA
08-10 23:20:16.088  5222  5222 D cellinfo: getCurrentLocation() result: Location (success): 40.0157922, -104.9807603
08-10 23:20:16.162  5222  5321 D cellinfo: 46 bytes from 44.241.174.93: icmp_seq=16515 ttl=32 time=95.6 ms
08-10 23:20:16.382  5222  5321 D cellinfo: 46 bytes from 44.241.174.93: icmp_seq=16516 ttl=32 time=114 ms
08-10 23:20:16.612  5222  5222 D cellinfo: onsignalStrengthsChanged: LTE Signal Strength info: rsrp: -99 rsrq: -13 rssi: -69 rssnr: -2
08-10 23:20:16.622  5222  5321 D cellinfo: 46 bytes from 44.241.174.93: icmp_seq=16517 ttl=32 time=154 ms
08-10 23:20:16.783  5222  5321 D cellinfo: 46 bytes from 44.241.174.93: icmp_seq=16518 ttl=32 time=113 ms
08-10 23:20:16.880  5222  5222 D cellinfo: onsignalStrengthsChanged: LTE Signal Strength info: rsrp: -98 rsrq: -12 rssi: -69 rssnr: 0
08-10 23:20:17.022  5222  5321 D cellinfo: 46 bytes from 44.241.174.93: icmp_seq=16519 ttl=32 time=152 ms
08-10 23:20:17.039  5222  5222 D cellinfo: onCellInfoChanged: Operator: AT&T...1 UpdateTimestamp: 199889757 CellConnectionStatus: 0
08-10 23:20:17.039  5222  5222 D cellinfo: onCellInfoChanged: LTE Cell Bands: [12] Bandwidth: 2147483647 Cell ID: 97544463 Physical Cell ID: 66 Tracking Area Code: 38420 EARFCN: 5110
08-10 23:20:17.183  5222  5321 D cellinfo: 46 bytes from 44.241.174.93: icmp_seq=16520 ttl=32 time=112 ms
08-10 23:20:17.422  5222  5321 D cellinfo: 46 bytes from 44.241.174.93: icmp_seq=16521 ttl=32 time=152 ms
08-10 23:20:17.446  5222  5222 D cellinfo: Latitude is 40.0157922
08-10 23:20:17.446  5222  5222 D cellinfo: Longitude is -104.9807603
08-10 23:20:17.446  5222  5222 D cellinfo: Instantaneous GPS information: United States, US-87, Erie, CO 80516, USA
08-10 23:20:17.446  5222  5222 D cellinfo: getCurrentLocation() result: Location (success): 40.0157922, -104.9807603
08-10 23:20:17.582  5222  5321 D cellinfo: 46 bytes from 44.241.174.93: icmp_seq=16522 ttl=32 time=110 ms
08-10 23:20:17.770  5222  5321 D cellinfo: 46 bytes from 44.241.174.93: icmp_seq=16523 ttl=32 time=98.4 ms
08-10 23:20:17.983  5222  5321 D cellinfo: 46 bytes from 44.241.174.93: icmp_seq=16524 ttl=32 time=108 ms
08-10 23:20:18.172  5222  5321 D cellinfo: 46 bytes from 44.241.174.93: icmp_seq=16525 ttl=32 time=98.9 ms
08-10 23:20:18.383  5222  5321 D cellinfo: 46 bytes from 44.241.174.93: icmp_seq=16526 ttl=32 time=107 ms
08-10 23:20:18.621  5222  5321 D cellinfo: 46 bytes from 44.241.174.93: icmp_seq=16527 ttl=32 time=146 ms
08-10 23:20:18.774  5222  5321 D cellinfo: 46 bytes from 44.241.174.93: icmp_seq=16528 ttl=32 time=97.2 ms
08-10 23:20:18.974  5222  5321 D cellinfo: 46 bytes from 44.241.174.93: icmp_seq=16529 ttl=32 time=97.3 ms
08-10 23:20:19.123  5222  5222 D cellinfo: onsignalStrengthsChanged: LTE Signal Strength info: rsrp: -97 rsrq: -11 rssi: -69 rssnr: 1
08-10 23:20:19.182  5222  5321 D cellinfo: 46 bytes from 44.241.174.93: icmp_seq=16530 ttl=32 time=104 ms
08-10 23:20:19.422  5222  5321 D cellinfo: 46 bytes from 44.241.174.93: icmp_seq=16531 ttl=32 time=143 ms
08-10 23:20:19.582  5222  5321 D cellinfo: 46 bytes from 44.241.174.93: icmp_seq=16532 ttl=32 time=102 ms
08-10 23:20:19.619  5222  5222 D cellinfo: onsignalStrengthsChanged: LTE Signal Strength info: rsrp: -96 rsrq: -10 rssi: -71 rssnr: 3
08-10 23:20:19.792  5222  5321 D cellinfo: 46 bytes from 44.241.174.93: icmp_seq=16533 ttl=32 time=113 ms
08-10 23:20:19.972  5222  5321 D cellinfo: 46 bytes from 44.241.174.93: icmp_seq=16534 ttl=32 time=90.7 ms
08-10 23:20:20.171  5222  5321 D cellinfo: 46 bytes from 44.241.174.93: icmp_seq=16535 ttl=32 time=90.0 ms
08-10 23:20:20.383  5222  5321 D cellinfo: 46 bytes from 44.241.174.93: icmp_seq=16536 ttl=32 time=98.8 ms
08-10 23:20:20.439  5222  5222 D cellinfo: Latitude is 40.0157922
08-10 23:20:20.439  5222  5222 D cellinfo: Longitude is -104.9807603
08-10 23:20:20.439  5222  5222 D cellinfo: Instantaneous GPS information: United States, US-87, Erie, CO 80516, USA
08-10 23:20:20.439  5222  5222 D cellinfo: getCurrentLocation() result: Location (success): 40.0157922, -104.9807603
08-10 23:20:20.485  5222  5222 D cellinfo: onCellInfoChanged: Operator: AT&T...1 UpdateTimestamp: 199893223 CellConnectionStatus: 0
08-10 23:20:20.485  5222  5222 D cellinfo: onCellInfoChanged: LTE Cell Bands: [12] Bandwidth: 2147483647 Cell ID: 97544463 Physical Cell ID: 66 Tracking Area Code: 38420 EARFCN: 5110
08-10 23:20:20.571  5222  5321 D cellinfo: 46 bytes from 44.241.174.93: icmp_seq=16537 ttl=32 time=87.7 ms
08-10 23:20:20.783  5222  5321 D cellinfo: 46 bytes from 44.241.174.93: icmp_seq=16538 ttl=32 time=98.0 ms
08-10 23:20:20.974  5222  5321 D cellinfo: 46 bytes from 44.241.174.93: icmp_seq=16539 ttl=32 time=87.9 ms
08-10 23:20:21.182  5222  5321 D cellinfo: 46 bytes from 44.241.174.93: icmp_seq=16540 ttl=32 time=95.4 ms
08-10 23:20:21.422  5222  5321 D cellinfo: 46 bytes from 44.241.174.93: icmp_seq=16541 ttl=32 time=134 ms
08-10 23:20:21.582  5222  5321 D cellinfo: 46 bytes from 44.241.174.93: icmp_seq=16542 ttl=32 time=93.1 ms
08-10 23:20:21.791  5222  5321 D cellinfo: 46 bytes from 44.241.174.93: icmp_seq=16543 ttl=32 time=101 ms
08-10 23:20:21.981  5222  5321 D cellinfo: 46 bytes from 44.241.174.93: icmp_seq=16544 ttl=32 time=91.2 ms
08-10 23:20:22.221  5222  5321 D cellinfo: 46 bytes from 44.241.174.93: icmp_seq=16545 ttl=32 time=130 ms
08-10 23:20:22.392  5222  5321 D cellinfo: 46 bytes from 44.241.174.93: icmp_seq=16546 ttl=32 time=99.2 ms
08-10 23:20:22.623  5222  5321 D cellinfo: 46 bytes from 44.241.174.93: icmp_seq=16547 ttl=32 time=129 ms
08-10 23:20:22.632  5222  5222 D cellinfo: onsignalStrengthsChanged: LTE Signal Strength info: rsrp: -96 rsrq: -10 rssi: -71 rssnr: 7
08-10 23:20:22.862  5222  5321 D cellinfo: 46 bytes from 44.241.174.93: icmp_seq=16548 ttl=32 time=166 ms
08-10 23:20:23.022  5222  5321 D cellinfo: 46 bytes from 44.241.174.93: icmp_seq=16549 ttl=32 time=126 ms
08-10 23:20:23.262  5222  5321 D cellinfo: 46 bytes from 44.241.174.93: icmp_seq=16550 ttl=32 time=165 ms
08-10 23:20:23.421  5222  5321 D cellinfo: 46 bytes from 44.241.174.93: icmp_seq=16551 ttl=32 time=124 ms
08-10 23:20:23.451  5222  5222 D cellinfo: Latitude is 40.0157922
08-10 23:20:23.451  5222  5222 D cellinfo: Longitude is -104.9807603
08-10 23:20:23.451  5222  5222 D cellinfo: Instantaneous GPS information: United States, US-87, Erie, CO 80516, USA
08-10 23:20:23.451  5222  5222 D cellinfo: getCurrentLocation() result: Location (success): 40.0157922, -104.9807603
08-10 23:20:23.501  5222  5222 D cellinfo: onCellInfoChanged: Operator: AT&T...1 UpdateTimestamp: 199896236 CellConnectionStatus: 0
08-10 23:20:23.501  5222  5222 D cellinfo: onCellInfoChanged: LTE Cell Bands: [12] Bandwidth: 2147483647 Cell ID: 97544463 Physical Cell ID: 66 Tracking Area Code: 38420 EARFCN: 5110
08-10 23:20:23.600  5222  5222 D cellinfo: onsignalStrengthsChanged: LTE Signal Strength info: rsrp: -96 rsrq: -10 rssi: -67 rssnr: 7
08-10 23:20:23.662  5222  5321 D cellinfo: 46 bytes from 44.241.174.93: icmp_seq=16552 ttl=32 time=163 ms
08-10 23:20:23.831  5222  5321 D cellinfo: 46 bytes from 44.241.174.93: icmp_seq=16553 ttl=32 time=131 ms
08-10 23:20:24.063  5222  5321 D cellinfo: 46 bytes from 44.241.174.93: icmp_seq=16554 ttl=32 time=162 ms
08-10 23:20:24.222  5222  5321 D cellinfo: 46 bytes from 44.241.174.93: icmp_seq=16555 ttl=32 time=123 ms
08-10 23:20:24.464  5222  5321 D cellinfo: 46 bytes from 44.241.174.93: icmp_seq=16556 ttl=32 time=162 ms
08-10 23:20:24.622  5222  5321 D cellinfo: 46 bytes from 44.241.174.93: icmp_seq=16557 ttl=32 time=121 ms
08-10 23:20:24.863  5222  5321 D cellinfo: 46 bytes from 44.241.174.93: icmp_seq=16558 ttl=32 time=161 ms
08-10 23:20:24.993  5222  5321 D cellinfo: 46 bytes from 44.241.174.93: icmp_seq=16559 ttl=32 time=89.6 ms
08-10 23:20:25.192  5222  5321 D cellinfo: 46 bytes from 44.241.174.93: icmp_seq=16560 ttl=32 time=89.0 ms
08-10 23:20:25.423  5222  5321 D cellinfo: 46 bytes from 44.241.174.93: icmp_seq=16561 ttl=32 time=118 ms
08-10 23:20:25.662  5222  5321 D cellinfo: 46 bytes from 44.241.174.93: icmp_seq=16562 ttl=32 time=158 ms
08-10 23:20:25.681  5222  5222 D cellinfo: onsignalStrengthsChanged: LTE Signal Strength info: rsrp: -96 rsrq: -10 rssi: -71 rssnr: 6
08-10 23:20:25.823  5222  5321 D cellinfo: 46 bytes from 44.241.174.93: icmp_seq=16563 ttl=32 time=117 ms
08-10 23:20:26.063  5222  5321 D cellinfo: 46 bytes from 44.241.174.93: icmp_seq=16564 ttl=32 time=157 ms
08-10 23:20:26.223  5222  5321 D cellinfo: 46 bytes from 44.241.174.93: icmp_seq=16565 ttl=32 time=116 ms
08-10 23:20:26.461  5222  5321 D cellinfo: 46 bytes from 44.241.174.93: icmp_seq=16566 ttl=32 time=155 ms
08-10 23:20:26.488  5222  5222 D cellinfo: onCellInfoChanged: Operator: AT&T...1 UpdateTimestamp: 199899223 CellConnectionStatus: 0
08-10 23:20:26.488  5222  5222 D cellinfo: onCellInfoChanged: LTE Cell Bands: [12] Bandwidth: 2147483647 Cell ID: 97544463 Physical Cell ID: 66 Tracking Area Code: 38420 EARFCN: 5110
08-10 23:20:26.622  5222  5321 D cellinfo: 46 bytes from 44.241.174.93: icmp_seq=16567 ttl=32 time=114 ms
08-10 23:20:26.862  5222  5321 D cellinfo: 46 bytes from 44.241.174.93: icmp_seq=16568 ttl=32 time=152 ms
08-10 23:20:27.022  5222  5321 D cellinfo: 46 bytes from 44.241.174.93: icmp_seq=16569 ttl=32 time=112 ms
08-10 23:20:27.263  5222  5321 D cellinfo: 46 bytes from 44.241.174.93: icmp_seq=16570 ttl=32 time=152 ms
08-10 23:20:27.423  5222  5321 D cellinfo: 46 bytes from 44.241.174.93: icmp_seq=16571 ttl=32 time=110 ms
08-10 23:20:27.602  5222  5321 D cellinfo: 46 bytes from 44.241.174.93: icmp_seq=16572 ttl=32 time=89.6 ms
08-10 23:20:27.802  5222  5321 D cellinfo: 46 bytes from 44.241.174.93: icmp_seq=16573 ttl=32 time=88.1 ms
08-10 23:20:28.014  5222  5321 D cellinfo: 46 bytes from 44.241.174.93: icmp_seq=16574 ttl=32 time=97.1 ms
08-10 23:20:28.047  5222  5222 D cellinfo: Latitude is 40.0122156
08-10 23:20:28.047  5222  5222 D cellinfo: Longitude is -104.9810622
08-10 23:20:28.047  5222  5222 D cellinfo: Instantaneous GPS information: United States, US-87, Erie, CO 80516, USA
08-10 23:20:28.047  5222  5222 D cellinfo: getCurrentLocation() result: Location (success): 40.0122156, -104.9810622
08-10 23:20:28.211  5222  5321 D cellinfo: 46 bytes from 44.241.174.93: icmp_seq=16575 ttl=32 time=95.9 ms
08-10 23:20:28.420  5222  5321 D cellinfo: 46 bytes from 44.241.174.93: icmp_seq=16576 ttl=32 time=103 ms
08-10 23:20:28.613  5222  5321 D cellinfo: 46 bytes from 44.241.174.93: icmp_seq=16577 ttl=32 time=96.7 ms
08-10 23:20:28.863  5222  5321 D cellinfo: 46 bytes from 44.241.174.93: icmp_seq=16578 ttl=32 time=146 ms
08-10 23:20:29.023  5222  5321 D cellinfo: 46 bytes from 44.241.174.93: icmp_seq=16579 ttl=32 time=104 ms
08-10 23:20:29.222  5222  5321 D cellinfo: 46 bytes from 44.241.174.93: icmp_seq=16580 ttl=32 time=102 ms
08-10 23:20:29.422  5222  5321 D cellinfo: 46 bytes from 44.241.174.93: icmp_seq=16581 ttl=32 time=103 ms
08-10 23:20:29.460  5222  5222 D cellinfo: Latitude is 40.0122156
08-10 23:20:29.460  5222  5222 D cellinfo: Longitude is -104.9810622
08-10 23:20:29.460  5222  5222 D cellinfo: Instantaneous GPS information: United States, US-87, Erie, CO 80516, USA
08-10 23:20:29.460  5222  5222 D cellinfo: getCurrentLocation() result: Location (success): 40.0122156, -104.9810622
08-10 23:20:29.507  5222  5222 D cellinfo: onCellInfoChanged: Operator: AT&T...1 UpdateTimestamp: 199902244 CellConnectionStatus: 0
08-10 23:20:29.507  5222  5222 D cellinfo: onCellInfoChanged: LTE Cell Bands: [12] Bandwidth: 2147483647 Cell ID: 97544463 Physical Cell ID: 66 Tracking Area Code: 38420 EARFCN: 5110
08-10 23:20:29.661  5222  5321 D cellinfo: 46 bytes from 44.241.174.93: icmp_seq=16582 ttl=32 time=142 ms
08-10 23:20:29.823  5222  5321 D cellinfo: 46 bytes from 44.241.174.93: icmp_seq=16583 ttl=32 time=102 ms
08-10 23:20:30.061  5222  5321 D cellinfo: 46 bytes from 44.241.174.93: icmp_seq=16584 ttl=32 time=141 ms
08-10 23:20:30.223  5222  5321 D cellinfo: 46 bytes from 44.241.174.93: icmp_seq=16585 ttl=32 time=100 ms
08-10 23:20:30.462  5222  5321 D cellinfo: 46 bytes from 44.241.174.93: icmp_seq=16586 ttl=32 time=138 ms
08-10 23:20:30.623  5222  5321 D cellinfo: 46 bytes from 44.241.174.93: icmp_seq=16587 ttl=32 time=96.6 ms
08-10 23:20:30.862  5222  5321 D cellinfo: 46 bytes from 44.241.174.93: icmp_seq=16588 ttl=32 time=136 ms
08-10 23:20:31.023  5222  5321 D cellinfo: 46 bytes from 44.241.174.93: icmp_seq=16589 ttl=32 time=95.8 ms
08-10 23:20:31.262  5222  5321 D cellinfo: 46 bytes from 44.241.174.93: icmp_seq=16590 ttl=32 time=136 ms
08-10 23:20:31.424  5222  5321 D cellinfo: 46 bytes from 44.241.174.93: icmp_seq=16591 ttl=32 time=96.9 ms
08-10 23:20:31.661  5222  5321 D cellinfo: 46 bytes from 44.241.174.93: icmp_seq=16592 ttl=32 time=134 ms
08-10 23:20:31.830  5222  5321 D cellinfo: 46 bytes from 44.241.174.93: icmp_seq=16593 ttl=32 time=102 ms
08-10 23:20:32.062  5222  5321 D cellinfo: 46 bytes from 44.241.174.93: icmp_seq=16594 ttl=32 time=133 ms
08-10 23:20:32.230  5222  5321 D cellinfo: 46 bytes from 44.241.174.93: icmp_seq=16595 ttl=32 time=101 ms
08-10 23:20:32.453  5222  5222 D cellinfo: Latitude is 40.0122156
08-10 23:20:32.454  5222  5222 D cellinfo: Longitude is -104.9810622
08-10 23:20:32.454  5222  5222 D cellinfo: Instantaneous GPS information: United States, US-87, Erie, CO 80516, USA
08-10 23:20:32.454  5222  5222 D cellinfo: getCurrentLocation() result: Location (success): 40.0122156, -104.9810622
08-10 23:20:32.461  5222  5321 D cellinfo: 46 bytes from 44.241.174.93: icmp_seq=16596 ttl=32 time=132 ms
08-10 23:20:32.623  5222  5321 D cellinfo: 46 bytes from 44.241.174.93: icmp_seq=16597 ttl=32 time=92.7 ms
08-10 23:20:32.641  5222  5222 D cellinfo: onCellInfoChanged: Operator: AT&T...1 UpdateTimestamp: 199905368 CellConnectionStatus: 0
08-10 23:20:32.641  5222  5222 D cellinfo: onCellInfoChanged: LTE Cell Bands: [12] Bandwidth: 2147483647 Cell ID: 97544463 Physical Cell ID: 66 Tracking Area Code: 38420 EARFCN: 5110
08-10 23:20:32.863  5222  5321 D cellinfo: 46 bytes from 44.241.174.93: icmp_seq=16598 ttl=32 time=131 ms
08-10 23:20:33.022  5222  5321 D cellinfo: 46 bytes from 44.241.174.93: icmp_seq=16599 ttl=32 time=90.4 ms
08-10 23:20:33.230  5222  5321 D cellinfo: 46 bytes from 44.241.174.93: icmp_seq=16600 ttl=32 time=99.0 ms
08-10 23:20:33.423  5222  5321 D cellinfo: 46 bytes from 44.241.174.93: icmp_seq=16601 ttl=32 time=91.6 ms
08-10 23:20:33.630  5222  5321 D cellinfo: 46 bytes from 44.241.174.93: icmp_seq=16602 ttl=32 time=98.1 ms
08-10 23:20:33.823  5222  5321 D cellinfo: 46 bytes from 44.241.174.93: icmp_seq=16603 ttl=32 time=89.6 ms
08-10 23:20:34.061  5222  5321 D cellinfo: 46 bytes from 44.241.174.93: icmp_seq=16604 ttl=32 time=128 ms
08-10 23:20:34.223  5222  5321 D cellinfo: 46 bytes from 44.241.174.93: icmp_seq=16605 ttl=32 time=91.4 ms
08-10 23:20:34.461  5222  5321 D cellinfo: 46 bytes from 44.241.174.93: icmp_seq=16606 ttl=32 time=128 ms
08-10 23:20:34.622  5222  5321 D cellinfo: 46 bytes from 44.241.174.93: icmp_seq=16607 ttl=32 time=88.2 ms
08-10 23:20:34.672  5222  5222 D cellinfo: onsignalStrengthsChanged: LTE Signal Strength info: rsrp: -97 rsrq: -10 rssi: -67 rssnr: 7
08-10 23:20:34.863  5222  5321 D cellinfo: 46 bytes from 44.241.174.93: icmp_seq=16608 ttl=32 time=126 ms
08-10 23:20:35.102  5222  5321 D cellinfo: 46 bytes from 44.241.174.93: icmp_seq=16609 ttl=32 time=164 ms
08-10 23:20:35.261  5222  5321 D cellinfo: 46 bytes from 44.241.174.93: icmp_seq=16610 ttl=32 time=124 ms
08-10 23:20:35.441  5222  5222 D cellinfo: Latitude is 40.0122156
08-10 23:20:35.441  5222  5222 D cellinfo: Longitude is -104.9810622
08-10 23:20:35.441  5222  5222 D cellinfo: Instantaneous GPS information: United States, US-87, Erie, CO 80516, USA
08-10 23:20:35.441  5222  5222 D cellinfo: getCurrentLocation() result: Location (success): 40.0122156, -104.9810622
08-10 23:20:35.493  5222  5222 D cellinfo: onCellInfoChanged: Operator: AT&T...1 UpdateTimestamp: 199908227 CellConnectionStatus: 0
08-10 23:20:35.493  5222  5222 D cellinfo: onCellInfoChanged: LTE Cell Bands: [12] Bandwidth: 2147483647 Cell ID: 97544463 Physical Cell ID: 66 Tracking Area Code: 38420 EARFCN: 5110
08-10 23:20:35.502  5222  5321 D cellinfo: 46 bytes from 44.241.174.93: icmp_seq=16611 ttl=32 time=161 ms
08-10 23:20:35.662  5222  5321 D cellinfo: 46 bytes from 44.241.174.93: icmp_seq=16612 ttl=32 time=121 ms
08-10 23:20:35.902  5222  5321 D cellinfo: 46 bytes from 44.241.174.93: icmp_seq=16613 ttl=32 time=160 ms
08-10 23:20:36.063  5222  5321 D cellinfo: 46 bytes from 44.241.174.93: icmp_seq=16614 ttl=32 time=121 ms
08-10 23:20:36.302  5222  5321 D cellinfo: 46 bytes from 44.241.174.93: icmp_seq=16615 ttl=32 time=160 ms
08-10 23:20:36.462  5222  5321 D cellinfo: 46 bytes from 44.241.174.93: icmp_seq=16616 ttl=32 time=120 ms
08-10 23:20:36.704  5222  5321 D cellinfo: 46 bytes from 44.241.174.93: icmp_seq=16617 ttl=32 time=159 ms
08-10 23:20:36.863  5222  5321 D cellinfo: 46 bytes from 44.241.174.93: icmp_seq=16618 ttl=32 time=119 ms
08-10 23:20:37.103  5222  5321 D cellinfo: 46 bytes from 44.241.174.93: icmp_seq=16619 ttl=32 time=159 ms
08-10 23:20:37.264  5222  5321 D cellinfo: 46 bytes from 44.241.174.93: icmp_seq=16620 ttl=32 time=119 ms
08-10 23:20:37.503  5222  5321 D cellinfo: 46 bytes from 44.241.174.93: icmp_seq=16621 ttl=32 time=159 ms
