08-15 11:01:16.182  9284  9428 D cellinfo: 46 bytes from 54.197.223.49: icmp_seq=1874 ttl=40 time=56.1 ms
08-15 11:01:16.381  9284  9428 D cellinfo: 46 bytes from 54.197.223.49: icmp_seq=1875 ttl=40 time=53.3 ms
08-15 11:01:16.582  9284  9428 D cellinfo: 46 bytes from 54.197.223.49: icmp_seq=1876 ttl=40 time=53.7 ms
08-15 11:01:16.772  9284  9428 D cellinfo: 46 bytes from 54.197.223.49: icmp_seq=1877 ttl=40 time=42.4 ms
08-15 11:01:16.797  9284  9284 D cellinfo: Latitude is 43.1946608
08-15 11:01:16.797  9284  9284 D cellinfo: Longitude is -77.6291225
08-15 11:01:16.797  9284  9284 D cellinfo: Instantaneous GPS information: United States, 1527 Lake Ave, Rochester, NY 14615, USA
08-15 11:01:16.797  9284  9284 D cellinfo: getCurrentLocation() result: Location (success): 43.1946608, -77.6291225
08-15 11:01:16.801  9284  9284 D cellinfo: onCellInfoChanged: Operator: Verizon Wireless UpdateTimestamp: 234577743 CellConnectionStatus: 1
08-15 11:01:16.801  9284  9284 D cellinfo: onCellInfoChanged: LTE Cell Bands: [66, 48, 48, 48] Bandwidth: 15000 Cell ID: 18747158 Physical Cell ID: 181 Tracking Area Code: 18688 EARFCN: 66811
08-15 11:01:16.992  9284  9428 D cellinfo: 46 bytes from 54.197.223.49: icmp_seq=1878 ttl=40 time=62.3 ms
08-15 11:01:17.171  9284  9428 D cellinfo: 46 bytes from 54.197.223.49: icmp_seq=1879 ttl=40 time=40.4 ms
08-15 11:01:17.371  9284  9428 D cellinfo: 46 bytes from 54.197.223.49: icmp_seq=1880 ttl=40 time=39.3 ms
08-15 11:01:17.593  9284  9428 D cellinfo: 46 bytes from 54.197.223.49: icmp_seq=1881 ttl=40 time=59.3 ms
08-15 11:01:17.773  9284  9428 D cellinfo: 46 bytes from 54.197.223.49: icmp_seq=1882 ttl=40 time=38.4 ms
08-15 11:01:17.944  9284  9284 D cellinfo: onsignalStrengthsChanged: LTE Signal Strength info: rsrp: -89 rsrq: -13 rssi: -57 rssnr: -6
08-15 11:01:17.982  9284  9428 D cellinfo: 46 bytes from 54.197.223.49: icmp_seq=1883 ttl=40 time=47.3 ms
08-15 11:01:18.199  9284  9428 D cellinfo: 46 bytes from 54.197.223.49: icmp_seq=1884 ttl=40 time=63.4 ms
08-15 11:01:18.382  9284  9428 D cellinfo: 46 bytes from 54.197.223.49: icmp_seq=1885 ttl=40 time=45.2 ms
08-15 11:01:18.592  9284  9428 D cellinfo: 46 bytes from 54.197.223.49: icmp_seq=1886 ttl=40 time=54.3 ms
08-15 11:01:18.784  9284  9428 D cellinfo: 46 bytes from 54.197.223.49: icmp_seq=1887 ttl=40 time=45.3 ms
08-15 11:01:18.987  9284  9428 D cellinfo: 46 bytes from 54.197.223.49: icmp_seq=1888 ttl=40 time=46.6 ms
08-15 11:01:19.184  9284  9428 D cellinfo: 46 bytes from 54.197.223.49: icmp_seq=1889 ttl=40 time=42.2 ms
08-15 11:01:19.392  9284  9428 D cellinfo: 46 bytes from 54.197.223.49: icmp_seq=1890 ttl=40 time=49.1 ms
08-15 11:01:19.605  9284  9428 D cellinfo: 46 bytes from 54.197.223.49: icmp_seq=1891 ttl=40 time=62.4 ms
08-15 11:01:19.784  9284  9428 D cellinfo: 46 bytes from 54.197.223.49: icmp_seq=1892 ttl=40 time=40.0 ms
08-15 11:01:19.825  9284  9284 D cellinfo: Latitude is 43.1947986
08-15 11:01:19.825  9284  9284 D cellinfo: Longitude is -77.6290827
08-15 11:01:19.825  9284  9284 D cellinfo: Instantaneous GPS information: United States, 1527 Lake Ave, Rochester, NY 14615, USA
08-15 11:01:19.825  9284  9284 D cellinfo: getCurrentLocation() result: Location (success): 43.1947986, -77.6290827
08-15 11:01:19.831  9284  9284 D cellinfo: onCellInfoChanged: Operator: Verizon Wireless UpdateTimestamp: 234580745 CellConnectionStatus: 1
08-15 11:01:19.831  9284  9284 D cellinfo: onCellInfoChanged: LTE Cell Bands: [66, 48, 48, 48] Bandwidth: 15000 Cell ID: 18747158 Physical Cell ID: 181 Tracking Area Code: 18688 EARFCN: 66811
08-15 11:01:20.001  9284  9428 D cellinfo: 46 bytes from 54.197.223.49: icmp_seq=1893 ttl=40 time=57.4 ms
08-15 11:01:20.194  9284  9428 D cellinfo: 46 bytes from 54.197.223.49: icmp_seq=1894 ttl=40 time=50.2 ms
08-15 11:01:20.399  9284  9428 D cellinfo: 46 bytes from 54.197.223.49: icmp_seq=1895 ttl=40 time=53.3 ms
08-15 11:01:20.611  9284  9428 D cellinfo: 46 bytes from 54.197.223.49: icmp_seq=1896 ttl=40 time=65.7 ms
08-15 11:01:20.824  9284  9428 D cellinfo: 46 bytes from 54.197.223.49: icmp_seq=1897 ttl=40 time=76.5 ms
08-15 11:01:20.993  9284  9428 D cellinfo: 46 bytes from 54.197.223.49: icmp_seq=1898 ttl=40 time=45.5 ms
08-15 11:01:21.191  9284  9428 D cellinfo: 46 bytes from 54.197.223.49: icmp_seq=1899 ttl=40 time=43.8 ms
08-15 11:01:21.400  9284  9428 D cellinfo: 46 bytes from 54.197.223.49: icmp_seq=1900 ttl=40 time=52.1 ms
08-15 11:01:21.594  9284  9428 D cellinfo: 46 bytes from 54.197.223.49: icmp_seq=1901 ttl=40 time=44.1 ms
08-15 11:01:21.804  9284  9428 D cellinfo: 46 bytes from 54.197.223.49: icmp_seq=1902 ttl=40 time=52.9 ms
08-15 11:01:21.942  9284  9284 D cellinfo: onsignalStrengthsChanged: LTE Signal Strength info: rsrp: -84 rsrq: -15 rssi: -51 rssnr: 1
08-15 11:01:21.994  9284  9428 D cellinfo: 46 bytes from 54.197.223.49: icmp_seq=1903 ttl=40 time=42.0 ms
08-15 11:01:22.193  9284  9428 D cellinfo: 46 bytes from 54.197.223.49: icmp_seq=1904 ttl=40 time=40.9 ms
08-15 11:01:22.393  9284  9428 D cellinfo: 46 bytes from 54.197.223.49: icmp_seq=1905 ttl=40 time=40.1 ms
08-15 11:01:22.604  9284  9428 D cellinfo: 46 bytes from 54.197.223.49: icmp_seq=1906 ttl=40 time=48.7 ms
08-15 11:01:22.755  9284  9284 D cellinfo: Latitude is 43.1946394
08-15 11:01:22.755  9284  9284 D cellinfo: Longitude is -77.628998
08-15 11:01:22.755  9284  9284 D cellinfo: Instantaneous GPS information: United States, 1527 Lake Ave, Rochester, NY 14615, USA
08-15 11:01:22.756  9284  9284 D cellinfo: getCurrentLocation() result: Location (success): 43.1946394, -77.628998
08-15 11:01:22.759  9284  9284 D cellinfo: onCellInfoChanged: Operator: Verizon Wireless UpdateTimestamp: 234583735 CellConnectionStatus: 1
08-15 11:01:22.759  9284  9284 D cellinfo: onCellInfoChanged: LTE Cell Bands: [66, 48, 48, 48] Bandwidth: 15000 Cell ID: 18747158 Physical Cell ID: 181 Tracking Area Code: 18688 EARFCN: 66811
08-15 11:01:22.809  9284  9428 D cellinfo: 46 bytes from 54.197.223.49: icmp_seq=1907 ttl=40 time=54.0 ms
08-15 11:01:23.021  9284  9428 D cellinfo: 46 bytes from 54.197.223.49: icmp_seq=1908 ttl=40 time=65.3 ms
08-15 11:01:23.202  9284  9428 D cellinfo: 46 bytes from 54.197.223.49: icmp_seq=1909 ttl=40 time=46.1 ms
08-15 11:01:23.411  9284  9428 D cellinfo: 46 bytes from 54.197.223.49: icmp_seq=1910 ttl=40 time=54.5 ms
08-15 11:01:23.603  9284  9428 D cellinfo: 46 bytes from 54.197.223.49: icmp_seq=1911 ttl=40 time=44.7 ms
08-15 11:01:23.801  9284  9428 D cellinfo: 46 bytes from 54.197.223.49: icmp_seq=1912 ttl=40 time=41.9 ms
08-15 11:01:24.004  9284  9428 D cellinfo: 46 bytes from 54.197.223.49: icmp_seq=1913 ttl=40 time=43.5 ms
08-15 11:01:24.203  9284  9428 D cellinfo: 46 bytes from 54.197.223.49: icmp_seq=1914 ttl=40 time=43.8 ms
08-15 11:01:24.412  9284  9428 D cellinfo: 46 bytes from 54.197.223.49: icmp_seq=1915 ttl=40 time=51.1 ms
08-15 11:01:24.601  9284  9428 D cellinfo: 46 bytes from 54.197.223.49: icmp_seq=1916 ttl=40 time=40.2 ms
08-15 11:01:24.803  9284  9428 D cellinfo: 46 bytes from 54.197.223.49: icmp_seq=1917 ttl=40 time=39.9 ms
08-15 11:01:25.004  9284  9428 D cellinfo: 46 bytes from 54.197.223.49: icmp_seq=1918 ttl=40 time=38.9 ms
08-15 11:01:25.204  9284  9428 D cellinfo: 46 bytes from 54.197.223.49: icmp_seq=1919 ttl=40 time=40.2 ms
08-15 11:01:25.403  9284  9428 D cellinfo: 46 bytes from 54.197.223.49: icmp_seq=1920 ttl=40 time=39.6 ms
08-15 11:01:25.467  9284  9284 D cellinfo: onCellInfoChanged: Operator: Verizon Wireless UpdateTimestamp: 234586734 CellConnectionStatus: 1
08-15 11:01:25.467  9284  9284 D cellinfo: onCellInfoChanged: LTE Cell Bands: [66, 48, 48, 48] Bandwidth: 15000 Cell ID: 18747158 Physical Cell ID: 181 Tracking Area Code: 18688 EARFCN: 66811
08-15 11:01:25.614  9284  9428 D cellinfo: 46 bytes from 54.197.223.49: icmp_seq=1921 ttl=40 time=48.3 ms
08-15 11:01:25.804  9284  9428 D cellinfo: 46 bytes from 54.197.223.49: icmp_seq=1922 ttl=40 time=39.3 ms
08-15 11:01:25.945  9284  9284 D cellinfo: onsignalStrengthsChanged: LTE Signal Strength info: rsrp: -89 rsrq: -12 rssi: -57 rssnr: 0
08-15 11:01:26.021  9284  9428 D cellinfo: 46 bytes from 54.197.223.49: icmp_seq=1923 ttl=40 time=55.7 ms
08-15 11:01:26.230  9284  9428 D cellinfo: 46 bytes from 54.197.223.49: icmp_seq=1924 ttl=40 time=65.6 ms
08-15 11:01:26.411  9284  9428 D cellinfo: 46 bytes from 54.197.223.49: icmp_seq=1925 ttl=40 time=44.6 ms
08-15 11:01:26.601  9284  9284 D cellinfo: Latitude is 43.1944975
08-15 11:01:26.601  9284  9284 D cellinfo: Longitude is -77.6286909
08-15 11:01:26.601  9284  9284 D cellinfo: Instantaneous GPS information: United States, 1520 Lake Ave, Rochester, NY 14615, USA
08-15 11:01:26.601  9284  9284 D cellinfo: getCurrentLocation() result: Location (success): 43.1944975, -77.6286909
08-15 11:01:26.605  9284  9428 D cellinfo: 46 bytes from 54.197.223.49: icmp_seq=1926 ttl=40 time=38.4 ms
08-15 11:01:26.823  9284  9428 D cellinfo: 46 bytes from 54.197.223.49: icmp_seq=1927 ttl=40 time=55.7 ms
08-15 11:01:27.023  9284  9428 D cellinfo: 46 bytes from 54.197.223.49: icmp_seq=1928 ttl=40 time=55.6 ms
08-15 11:01:27.213  9284  9428 D cellinfo: 46 bytes from 54.197.223.49: icmp_seq=1929 ttl=40 time=46.3 ms
08-15 11:01:27.411  9284  9428 D cellinfo: 46 bytes from 54.197.223.49: icmp_seq=1930 ttl=40 time=43.3 ms
08-15 11:01:27.613  9284  9428 D cellinfo: 46 bytes from 54.197.223.49: icmp_seq=1931 ttl=40 time=45.1 ms
08-15 11:01:27.815  9284  9428 D cellinfo: 46 bytes from 54.197.223.49: icmp_seq=1932 ttl=40 time=45.7 ms
08-15 11:01:28.022  9284  9428 D cellinfo: 46 bytes from 54.197.223.49: icmp_seq=1933 ttl=40 time=52.3 ms
08-15 11:01:28.212  9284  9428 D cellinfo: 46 bytes from 54.197.223.49: icmp_seq=1934 ttl=40 time=42.0 ms
08-15 11:01:28.409  9284  9428 D cellinfo: 46 bytes from 54.197.223.49: icmp_seq=1935 ttl=40 time=38.1 ms
08-15 11:01:28.626  9284  9428 D cellinfo: 46 bytes from 54.197.223.49: icmp_seq=1936 ttl=40 time=53.7 ms
08-15 11:01:28.765  9284  9284 D cellinfo: Latitude is 43.1942775
08-15 11:01:28.765  9284  9284 D cellinfo: Longitude is -77.6289319
08-15 11:01:28.766  9284  9284 D cellinfo: Instantaneous GPS information: United States, 1511 Lake Ave, Rochester, NY 14615, USA
08-15 11:01:28.766  9284  9284 D cellinfo: getCurrentLocation() result: Location (success): 43.1942775, -77.6289319
08-15 11:01:28.769  9284  9284 D cellinfo: onServiceStateChanged: Channel Number: 66811 Cell Bandwidths: [15000, 5000, 10000, 10000]
08-15 11:01:28.770  9284  9284 D cellinfo: onCellInfoChanged: Operator: Verizon Wireless UpdateTimestamp: 234589767 CellConnectionStatus: 1
08-15 11:01:28.770  9284  9284 D cellinfo: onCellInfoChanged: LTE Cell Bands: [66, 2, 13, 66] Bandwidth: 15000 Cell ID: 18735136 Physical Cell ID: 181 Tracking Area Code: 18688 EARFCN: 66811
08-15 11:01:28.826  9284  9428 D cellinfo: 46 bytes from 54.197.223.49: icmp_seq=1937 ttl=40 time=53.4 ms
08-15 11:01:29.014  9284  9428 D cellinfo: 46 bytes from 54.197.223.49: icmp_seq=1938 ttl=40 time=41.4 ms
08-15 11:01:29.215  9284  9428 D cellinfo: 46 bytes from 54.197.223.49: icmp_seq=1939 ttl=40 time=41.2 ms
08-15 11:01:29.380  9284  9284 D cellinfo: onsignalStrengthsChanged: LTE Signal Strength info: rsrp: -99 rsrq: -14 rssi: -65 rssnr: 3
08-15 11:01:29.422  9284  9428 D cellinfo: 46 bytes from 54.197.223.49: icmp_seq=1940 ttl=40 time=48.6 ms
08-15 11:01:29.617  9284  9428 D cellinfo: 46 bytes from 54.197.223.49: icmp_seq=1941 ttl=40 time=42.3 ms
08-15 11:01:29.826  9284  9428 D cellinfo: 46 bytes from 54.197.223.49: icmp_seq=1942 ttl=40 time=50.1 ms
08-15 11:01:30.017  9284  9428 D cellinfo: 46 bytes from 54.197.223.49: icmp_seq=1943 ttl=40 time=40.4 ms
08-15 11:01:30.225  9284  9428 D cellinfo: 46 bytes from 54.197.223.49: icmp_seq=1944 ttl=40 time=48.2 ms
08-15 11:01:30.432  9284  9428 D cellinfo: 46 bytes from 54.197.223.49: icmp_seq=1945 ttl=40 time=54.2 ms
08-15 11:01:30.627  9284  9428 D cellinfo: 46 bytes from 54.197.223.49: icmp_seq=1946 ttl=40 time=47.9 ms
08-15 11:01:30.826  9284  9428 D cellinfo: 46 bytes from 54.197.223.49: icmp_seq=1947 ttl=40 time=45.0 ms
08-15 11:01:31.035  9284  9428 D cellinfo: 46 bytes from 54.197.223.49: icmp_seq=1948 ttl=40 time=53.0 ms
08-15 11:01:31.235  9284  9428 D cellinfo: 46 bytes from 54.197.223.49: icmp_seq=1949 ttl=40 time=54.1 ms
08-15 11:01:31.428  9284  9428 D cellinfo: 46 bytes from 54.197.223.49: icmp_seq=1950 ttl=40 time=45.7 ms
08-15 11:01:31.628  9284  9428 D cellinfo: 46 bytes from 54.197.223.49: icmp_seq=1951 ttl=40 time=44.1 ms
08-15 11:01:31.771  9284  9284 D cellinfo: Latitude is 43.1944609
08-15 11:01:31.771  9284  9284 D cellinfo: Longitude is -77.6294896
08-15 11:01:31.771  9284  9284 D cellinfo: Instantaneous GPS information: United States, 1525 Lake Ave, Rochester, NY 14615, USA
08-15 11:01:31.771  9284  9284 D cellinfo: getCurrentLocation() result: Location (success): 43.1944609, -77.6294896
08-15 11:01:31.775  9284  9284 D cellinfo: onCellInfoChanged: Operator: Verizon Wireless UpdateTimestamp: 234592747 CellConnectionStatus: 1
08-15 11:01:31.775  9284  9284 D cellinfo: onCellInfoChanged: LTE Cell Bands: [66, 2, 13, 66] Bandwidth: 15000 Cell ID: 18735136 Physical Cell ID: 74 Tracking Area Code: 18688 EARFCN: 66811
08-15 11:01:31.827  9284  9428 D cellinfo: 46 bytes from 54.197.223.49: icmp_seq=1952 ttl=40 time=43.3 ms
08-15 11:01:32.032  9284  9428 D cellinfo: 46 bytes from 54.197.223.49: icmp_seq=1953 ttl=40 time=47.4 ms
08-15 11:01:32.235  9284  9428 D cellinfo: 46 bytes from 54.197.223.49: icmp_seq=1954 ttl=40 time=50.2 ms
08-15 11:01:32.431  9284  9428 D cellinfo: 46 bytes from 54.197.223.49: icmp_seq=1955 ttl=40 time=45.3 ms
08-15 11:01:32.647  9284  9428 D cellinfo: 46 bytes from 54.197.223.49: icmp_seq=1956 ttl=40 time=59.5 ms
08-15 11:01:32.844  9284  9428 D cellinfo: 46 bytes from 54.197.223.49: icmp_seq=1957 ttl=40 time=56.3 ms
08-15 11:01:33.036  9284  9428 D cellinfo: 46 bytes from 54.197.223.49: icmp_seq=1958 ttl=40 time=47.2 ms
08-15 11:01:33.234  9284  9428 D cellinfo: 46 bytes from 54.197.223.49: icmp_seq=1959 ttl=40 time=45.7 ms
08-15 11:01:33.381  9284  9284 D cellinfo: onsignalStrengthsChanged: LTE Signal Strength info: rsrp: -101 rsrq: -13 rssi: -69 rssnr: 2
08-15 11:01:33.435  9284  9428 D cellinfo: 46 bytes from 54.197.223.49: icmp_seq=1960 ttl=40 time=46.0 ms
08-15 11:01:33.637  9284  9428 D cellinfo: 46 bytes from 54.197.223.49: icmp_seq=1961 ttl=40 time=47.3 ms
08-15 11:01:33.842  9284  9428 D cellinfo: 46 bytes from 54.197.223.49: icmp_seq=1962 ttl=40 time=50.9 ms
08-15 11:01:34.038  9284  9428 D cellinfo: 46 bytes from 54.197.223.49: icmp_seq=1963 ttl=40 time=45.1 ms
08-15 11:01:34.236  9284  9428 D cellinfo: 46 bytes from 54.197.223.49: icmp_seq=1964 ttl=40 time=44.5 ms
08-15 11:01:34.442  9284  9428 D cellinfo: 46 bytes from 54.197.223.49: icmp_seq=1965 ttl=40 time=49.9 ms
08-15 11:01:34.629  9284  9428 D cellinfo: 46 bytes from 54.197.223.49: icmp_seq=1966 ttl=40 time=35.8 ms
08-15 11:01:34.771  9284  9284 D cellinfo: Latitude is 43.1941835
08-15 11:01:34.771  9284  9284 D cellinfo: Longitude is -77.6277518
08-15 11:01:34.771  9284  9284 D cellinfo: Instantaneous GPS information: United States, 76 W Ridge Rd, Rochester, NY 14615, USA
08-15 11:01:34.771  9284  9284 D cellinfo: getCurrentLocation() result: Location (success): 43.1941835, -77.6277518
08-15 11:01:34.775  9284  9284 D cellinfo: onCellInfoChanged: Operator: Verizon Wireless UpdateTimestamp: 234595754 CellConnectionStatus: 1
08-15 11:01:34.775  9284  9284 D cellinfo: onCellInfoChanged: LTE Cell Bands: [66, 2, 13, 66] Bandwidth: 15000 Cell ID: 18735136 Physical Cell ID: 74 Tracking Area Code: 18688 EARFCN: 66811
08-15 11:01:34.834  9284  9428 D cellinfo: 46 bytes from 54.197.223.49: icmp_seq=1967 ttl=40 time=40.7 ms
08-15 11:01:35.034  9284  9428 D cellinfo: 46 bytes from 54.197.223.49: icmp_seq=1968 ttl=40 time=40.1 ms
08-15 11:01:35.235  9284  9428 D cellinfo: 46 bytes from 54.197.223.49: icmp_seq=1969 ttl=40 time=41.7 ms
08-15 11:01:35.436  9284  9428 D cellinfo: 46 bytes from 54.197.223.49: icmp_seq=1970 ttl=40 time=42.1 ms
08-15 11:01:35.634  9284  9428 D cellinfo: 46 bytes from 54.197.223.49: icmp_seq=1971 ttl=40 time=39.1 ms
08-15 11:01:35.844  9284  9428 D cellinfo: 46 bytes from 54.197.223.49: icmp_seq=1972 ttl=40 time=46.1 ms
08-15 11:01:36.053  9284  9428 D cellinfo: 46 bytes from 54.197.223.49: icmp_seq=1973 ttl=40 time=57.0 ms
08-15 11:01:36.235  9284  9428 D cellinfo: 46 bytes from 54.197.223.49: icmp_seq=1974 ttl=40 time=39.0 ms
08-15 11:01:36.437  9284  9428 D cellinfo: 46 bytes from 54.197.223.49: icmp_seq=1975 ttl=40 time=40.2 ms
08-15 11:01:36.651  9284  9428 D cellinfo: 46 bytes from 54.197.223.49: icmp_seq=1976 ttl=40 time=53.1 ms
08-15 11:01:36.845  9284  9428 D cellinfo: 46 bytes from 54.197.223.49: icmp_seq=1977 ttl=40 time=45.5 ms
08-15 11:01:37.045  9284  9428 D cellinfo: 46 bytes from 54.197.223.49: icmp_seq=1978 ttl=40 time=45.1 ms
08-15 11:01:37.265  9284  9428 D cellinfo: 46 bytes from 54.197.223.49: icmp_seq=1979 ttl=40 time=65.3 ms
08-15 11:01:37.447  9284  9428 D cellinfo: 46 bytes from 54.197.223.49: icmp_seq=1980 ttl=40 time=47.2 ms
08-15 11:01:37.660  9284  9428 D cellinfo: 46 bytes from 54.197.223.49: icmp_seq=1981 ttl=40 time=58.5 ms
08-15 11:01:37.805  9284  9284 D cellinfo: Latitude is 43.1940468
08-15 11:01:37.805  9284  9284 D cellinfo: Longitude is -77.6271795
08-15 11:01:37.805  9284  9284 D cellinfo: Instantaneous GPS information: United States, 47 W Ridge Rd, Rochester, NY 14615, USA
08-15 11:01:37.805  9284  9284 D cellinfo: getCurrentLocation() result: Location (success): 43.1940468, -77.6271795
08-15 11:01:37.810  9284  9284 D cellinfo: onCellInfoChanged: Operator: Verizon Wireless UpdateTimestamp: 234598744 CellConnectionStatus: 1
08-15 11:01:37.810  9284  9284 D cellinfo: onCellInfoChanged: LTE Cell Bands: [66, 2, 13, 66] Bandwidth: 15000 Cell ID: 18735136 Physical Cell ID: 74 Tracking Area Code: 18688 EARFCN: 66811
08-15 11:01:37.844  9284  9428 D cellinfo: 46 bytes from 54.197.223.49: icmp_seq=1982 ttl=40 time=42.4 ms
08-15 11:01:38.045  9284  9428 D cellinfo: 46 bytes from 54.197.223.49: icmp_seq=1983 ttl=40 time=42.2 ms
08-15 11:01:38.244  9284  9428 D cellinfo: 46 bytes from 54.197.223.49: icmp_seq=1984 ttl=40 time=40.3 ms
08-15 11:01:38.447  9284  9428 D cellinfo: 46 bytes from 54.197.223.49: icmp_seq=1985 ttl=40 time=42.3 ms
08-15 11:01:38.659  9284  9428 D cellinfo: 46 bytes from 54.197.223.49: icmp_seq=1986 ttl=40 time=53.4 ms
08-15 11:01:38.852  9284  9428 D cellinfo: 46 bytes from 54.197.223.49: icmp_seq=1987 ttl=40 time=45.1 ms
08-15 11:01:39.055  9284  9428 D cellinfo: 46 bytes from 54.197.223.49: icmp_seq=1988 ttl=40 time=46.2 ms
08-15 11:01:39.255  9284  9428 D cellinfo: 46 bytes from 54.197.223.49: icmp_seq=1989 ttl=40 time=46.0 ms
08-15 11:01:39.454  9284  9428 D cellinfo: 46 bytes from 54.197.223.49: icmp_seq=1990 ttl=40 time=44.3 ms
08-15 11:01:39.660  9284  9428 D cellinfo: 46 bytes from 54.197.223.49: icmp_seq=1991 ttl=40 time=48.2 ms
08-15 11:01:39.869  9284  9428 D cellinfo: 46 bytes from 54.197.223.49: icmp_seq=1992 ttl=40 time=57.1 ms
08-15 11:01:40.060  9284  9428 D cellinfo: 46 bytes from 54.197.223.49: icmp_seq=1993 ttl=40 time=45.7 ms
08-15 11:01:40.256  9284  9428 D cellinfo: 46 bytes from 54.197.223.49: icmp_seq=1994 ttl=40 time=42.7 ms
08-15 11:01:40.471  9284  9428 D cellinfo: 46 bytes from 54.197.223.49: icmp_seq=1995 ttl=40 time=57.5 ms
08-15 11:01:40.677  9284  9428 D cellinfo: 46 bytes from 54.197.223.49: icmp_seq=1996 ttl=40 time=61.2 ms
08-15 11:01:40.868  9284  9284 D cellinfo: Latitude is 43.1939632
08-15 11:01:40.868  9284  9284 D cellinfo: Longitude is -77.6254911
08-15 11:01:40.868  9284  9284 D cellinfo: Instantaneous GPS information: United States, 23 W Ridge Rd, Rochester, NY 14615, USA
08-15 11:01:40.868  9284  9284 D cellinfo: getCurrentLocation() result: Location (success): 43.1939632, -77.6254911
08-15 11:01:40.872  9284  9284 D cellinfo: onCellInfoChanged: Operator: Verizon Wireless UpdateTimestamp: 234601741 CellConnectionStatus: 1
08-15 11:01:40.873  9284  9284 D cellinfo: onCellInfoChanged: LTE Cell Bands: [66, 2, 13, 66] Bandwidth: 15000 Cell ID: 18735136 Physical Cell ID: 74 Tracking Area Code: 18688 EARFCN: 66811
08-15 11:01:40.874  9284  9428 D cellinfo: 46 bytes from 54.197.223.49: icmp_seq=1997 ttl=40 time=54.0 ms
08-15 11:01:41.072  9284  9428 D cellinfo: 46 bytes from 54.197.223.49: icmp_seq=1998 ttl=40 time=53.7 ms
08-15 11:01:41.275  9284  9428 D cellinfo: 46 bytes from 54.197.223.49: icmp_seq=1999 ttl=40 time=56.6 ms
08-15 11:01:41.487  9284  9428 D cellinfo: 46 bytes from 54.197.223.49: icmp_seq=2000 ttl=40 time=68.4 ms
08-15 11:01:41.677  9284  9428 D cellinfo: 46 bytes from 54.197.223.49: icmp_seq=2001 ttl=40 time=56.3 ms
08-15 11:01:41.865  9284  9428 D cellinfo: 46 bytes from 54.197.223.49: icmp_seq=2002 ttl=40 time=45.0 ms
08-15 11:01:42.066  9284  9428 D cellinfo: 46 bytes from 54.197.223.49: icmp_seq=2003 ttl=40 time=43.5 ms
08-15 11:01:42.267  9284  9428 D cellinfo: 46 bytes from 54.197.223.49: icmp_seq=2004 ttl=40 time=44.1 ms
08-15 11:01:42.467  9284  9428 D cellinfo: 46 bytes from 54.197.223.49: icmp_seq=2005 ttl=40 time=42.9 ms
08-15 11:01:42.665  9284  9428 D cellinfo: 46 bytes from 54.197.223.49: icmp_seq=2006 ttl=40 time=40.9 ms
08-15 11:01:42.865  9284  9428 D cellinfo: 46 bytes from 54.197.223.49: icmp_seq=2007 ttl=40 time=40.0 ms
08-15 11:01:43.074  9284  9428 D cellinfo: 46 bytes from 54.197.223.49: icmp_seq=2008 ttl=40 time=47.0 ms
08-15 11:01:43.290  9284  9428 D cellinfo: 46 bytes from 54.197.223.49: icmp_seq=2009 ttl=40 time=62.0 ms
08-15 11:01:43.477  9284  9428 D cellinfo: 46 bytes from 54.197.223.49: icmp_seq=2010 ttl=40 time=48.6 ms
08-15 11:01:43.692  9284  9428 D cellinfo: 46 bytes from 54.197.223.49: icmp_seq=2011 ttl=40 time=61.6 ms
08-15 11:01:43.872  9284  9284 D cellinfo: Latitude is 43.1940123
08-15 11:01:43.872  9284  9284 D cellinfo: Longitude is -77.6253987
08-15 11:01:43.872  9284  9284 D cellinfo: Instantaneous GPS information: United States, 23 W Ridge Rd, Rochester, NY 14615, USA
08-15 11:01:43.872  9284  9284 D cellinfo: getCurrentLocation() result: Location (success): 43.1940123, -77.6253987
08-15 11:01:43.876  9284  9284 D cellinfo: onCellInfoChanged: Operator: Verizon Wireless UpdateTimestamp: 234604749 CellConnectionStatus: 1
08-15 11:01:43.876  9284  9284 D cellinfo: onCellInfoChanged: LTE Cell Bands: [66, 2, 13, 66] Bandwidth: 15000 Cell ID: 18735136 Physical Cell ID: 74 Tracking Area Code: 18688 EARFCN: 66811
08-15 11:01:43.888  9284  9428 D cellinfo: 46 bytes from 54.197.223.49: icmp_seq=2012 ttl=40 time=58.9 ms
08-15 11:01:44.092  9284  9428 D cellinfo: 46 bytes from 54.197.223.49: icmp_seq=2013 ttl=40 time=62.0 ms
08-15 11:01:44.275  9284  9428 D cellinfo: 46 bytes from 54.197.223.49: icmp_seq=2014 ttl=40 time=44.2 ms
08-15 11:01:44.382  9284  9284 D cellinfo: onsignalStrengthsChanged: LTE Signal Strength info: rsrp: -106 rsrq: -15 rssi: -71 rssnr: 1
08-15 11:01:44.491  9284  9428 D cellinfo: 46 bytes from 54.197.223.49: icmp_seq=2015 ttl=40 time=58.1 ms
08-15 11:01:44.677  9284  9428 D cellinfo: 46 bytes from 54.197.223.49: icmp_seq=2016 ttl=40 time=43.7 ms
08-15 11:01:44.875  9284  9428 D cellinfo: 46 bytes from 54.197.223.49: icmp_seq=2017 ttl=40 time=40.2 ms
08-15 11:01:45.076  9284  9428 D cellinfo: 46 bytes from 54.197.223.49: icmp_seq=2018 ttl=40 time=40.2 ms
08-15 11:01:45.285  9284  9428 D cellinfo: 46 bytes from 54.197.223.49: icmp_seq=2019 ttl=40 time=49.0 ms
08-15 11:01:45.500  9284  9428 D cellinfo: 46 bytes from 54.197.223.49: icmp_seq=2020 ttl=40 time=63.6 ms
08-15 11:01:45.558  9284  9284 D cellinfo: onServiceStateChanged: Channel Number: 66811 Cell Bandwidths: [15000]
08-15 11:01:45.585  9284  9284 D cellinfo: onServiceStateChanged: Channel Number: 66811 Cell Bandwidths: [15000, 5000, 10000, 10000]
08-15 11:01:45.618  9284  9284 D cellinfo: onServiceStateChanged: Channel Number: 66811 Cell Bandwidths: [15000, 5000, 10000, 10000]
08-15 11:01:45.682  9284  9428 D cellinfo: 46 bytes from 54.197.223.49: icmp_seq=2021 ttl=40 time=45.2 ms
08-15 11:01:45.882  9284  9428 D cellinfo: 46 bytes from 54.197.223.49: icmp_seq=2022 ttl=40 time=43.9 ms
08-15 11:01:46.092  9284  9428 D cellinfo: 46 bytes from 54.197.223.49: icmp_seq=2023 ttl=40 time=52.4 ms
08-15 11:01:46.280  9284  9428 D cellinfo: 46 bytes from 54.197.223.49: icmp_seq=2024 ttl=40 time=40.7 ms
08-15 11:01:46.476  9284  9284 D cellinfo: onCellInfoChanged: Operator: Verizon Wireless UpdateTimestamp: 234607744 CellConnectionStatus: 1
08-15 11:01:46.476  9284  9284 D cellinfo: onCellInfoChanged: LTE Cell Bands: [66, 2, 13, 66] Bandwidth: 15000 Cell ID: 18735116 Physical Cell ID: 72 Tracking Area Code: 18688 EARFCN: 66811
08-15 11:01:46.492  9284  9428 D cellinfo: 46 bytes from 54.197.223.49: icmp_seq=2025 ttl=40 time=51.2 ms
08-15 11:01:46.682  9284  9428 D cellinfo: 46 bytes from 54.197.223.49: icmp_seq=2026 ttl=40 time=41.2 ms
08-15 11:01:46.882  9284  9428 D cellinfo: 46 bytes from 54.197.223.49: icmp_seq=2027 ttl=40 time=39.5 ms
08-15 11:01:47.081  9284  9428 D cellinfo: 46 bytes from 54.197.223.49: icmp_seq=2028 ttl=40 time=39.0 ms
08-15 11:01:47.304  9284  9428 D cellinfo: 46 bytes from 54.197.223.49: icmp_seq=2029 ttl=40 time=61.3 ms
08-15 11:01:47.507  9284  9428 D cellinfo: 46 bytes from 54.197.223.49: icmp_seq=2030 ttl=40 time=61.8 ms
08-15 11:01:47.679  9284  9284 D cellinfo: Latitude is 43.1940631
08-15 11:01:47.679  9284  9284 D cellinfo: Longitude is -77.6237469
08-15 11:01:47.679  9284  9284 D cellinfo: Instantaneous GPS information: United States, 10 W Ridge Rd, Rochester, NY 14615, USA
08-15 11:01:47.679  9284  9284 D cellinfo: getCurrentLocation() result: Location (success): 43.1940631, -77.6237469
08-15 11:01:47.683  9284  9284 D cellinfo: onsignalStrengthsChanged: LTE Signal Strength info: rsrp: -105 rsrq: -13 rssi: -73 rssnr: -1
08-15 11:01:47.717  9284  9428 D cellinfo: 46 bytes from 54.197.223.49: icmp_seq=2031 ttl=40 time=71.7 ms
08-15 11:01:47.893  9284  9428 D cellinfo: 46 bytes from 54.197.223.49: icmp_seq=2032 ttl=40 time=46.6 ms
08-15 11:01:48.090  9284  9428 D cellinfo: 46 bytes from 54.197.223.49: icmp_seq=2033 ttl=40 time=44.1 ms
08-15 11:01:48.301  9284  9428 D cellinfo: 46 bytes from 54.197.223.49: icmp_seq=2034 ttl=40 time=53.2 ms
08-15 11:01:48.502  9284  9428 D cellinfo: 46 bytes from 54.197.223.49: icmp_seq=2035 ttl=40 time=54.2 ms
08-15 11:01:48.714  9284  9428 D cellinfo: 46 bytes from 54.197.223.49: icmp_seq=2036 ttl=40 time=64.5 ms
08-15 11:01:48.902  9284  9428 D cellinfo: 46 bytes from 54.197.223.49: icmp_seq=2037 ttl=40 time=51.6 ms
08-15 11:01:49.093  9284  9428 D cellinfo: 46 bytes from 54.197.223.49: icmp_seq=2038 ttl=40 time=42.0 ms
08-15 11:01:49.291  9284  9428 D cellinfo: 46 bytes from 54.197.223.49: icmp_seq=2039 ttl=40 time=38.7 ms
08-15 11:01:49.509  9284  9428 D cellinfo: 46 bytes from 54.197.223.49: icmp_seq=2040 ttl=40 time=56.3 ms
08-15 11:01:49.701  9284  9428 D cellinfo: 46 bytes from 54.197.223.49: icmp_seq=2041 ttl=40 time=46.9 ms
08-15 11:01:49.900  9284  9284 D cellinfo: Latitude is 43.1940249
08-15 11:01:49.900  9284  9284 D cellinfo: Longitude is -77.6236338
08-15 11:01:49.900  9284  9284 D cellinfo: Instantaneous GPS information: United States, 10 W Ridge Rd, Rochester, NY 14615, USA
08-15 11:01:49.900  9284  9284 D cellinfo: getCurrentLocation() result: Location (success): 43.1940249, -77.6236338
08-15 11:01:49.902  9284  9284 D cellinfo: onCellInfoChanged: Operator: Verizon Wireless UpdateTimestamp: 234610733 CellConnectionStatus: 1
08-15 11:01:49.902  9284  9284 D cellinfo: onCellInfoChanged: LTE Cell Bands: [66, 2, 13, 66] Bandwidth: 15000 Cell ID: 18735116 Physical Cell ID: 72 Tracking Area Code: 18688 EARFCN: 66811
08-15 11:01:49.918  9284  9428 D cellinfo: 46 bytes from 54.197.223.49: icmp_seq=2042 ttl=40 time=63.0 ms
08-15 11:01:50.101  9284  9428 D cellinfo: 46 bytes from 54.197.223.49: icmp_seq=2043 ttl=40 time=45.9 ms
08-15 11:01:50.314  9284  9428 D cellinfo: 46 bytes from 54.197.223.49: icmp_seq=2044 ttl=40 time=57.7 ms
08-15 11:01:50.500  9284  9428 D cellinfo: 46 bytes from 54.197.223.49: icmp_seq=2045 ttl=40 time=44.0 ms
08-15 11:01:50.702  9284  9428 D cellinfo: 46 bytes from 54.197.223.49: icmp_seq=2046 ttl=40 time=44.0 ms
08-15 11:01:50.901  9284  9428 D cellinfo: 46 bytes from 54.197.223.49: icmp_seq=2047 ttl=40 time=43.0 ms
08-15 11:01:51.105  9284  9428 D cellinfo: 46 bytes from 54.197.223.49: icmp_seq=2048 ttl=40 time=45.0 ms
08-15 11:01:51.302  9284  9428 D cellinfo: 46 bytes from 54.197.223.49: icmp_seq=2049 ttl=40 time=41.2 ms
08-15 11:01:51.502  9284  9428 D cellinfo: 46 bytes from 54.197.223.49: icmp_seq=2050 ttl=40 time=39.7 ms
08-15 11:01:51.547  9284  9284 D cellinfo: onsignalStrengthsChanged: LTE Signal Strength info: rsrp: -94 rsrq: -11 rssi: -65 rssnr: 3
08-15 11:01:51.712  9284  9428 D cellinfo: 46 bytes from 54.197.223.49: icmp_seq=2051 ttl=40 time=49.5 ms
08-15 11:01:51.912  9284  9428 D cellinfo: 46 bytes from 54.197.223.49: icmp_seq=2052 ttl=40 time=47.3 ms
08-15 11:01:52.122  9284  9428 D cellinfo: 46 bytes from 54.197.223.49: icmp_seq=2053 ttl=40 time=56.4 ms
08-15 11:01:52.311  9284  9428 D cellinfo: 46 bytes from 54.197.223.49: icmp_seq=2054 ttl=40 time=44.1 ms
08-15 11:01:52.512  9284  9428 D cellinfo: 46 bytes from 54.197.223.49: icmp_seq=2055 ttl=40 time=45.1 ms
08-15 11:01:52.720  9284  9428 D cellinfo: 46 bytes from 54.197.223.49: icmp_seq=2056 ttl=40 time=51.0 ms
08-15 11:01:52.769  9284  9284 D cellinfo: Latitude is 43.1938792
08-15 11:01:52.769  9284  9284 D cellinfo: Longitude is -77.6232176
08-15 11:01:52.769  9284  9284 D cellinfo: Instantaneous GPS information: United States, 2006 W Ridge Rd, Rochester, NY 14615, USA
08-15 11:01:52.769  9284  9284 D cellinfo: getCurrentLocation() result: Location (success): 43.1938792, -77.6232176
08-15 11:01:52.773  9284  9284 D cellinfo: onCellInfoChanged: Operator: Verizon Wireless UpdateTimestamp: 234613748 CellConnectionStatus: 1
08-15 11:01:52.773  9284  9284 D cellinfo: onCellInfoChanged: LTE Cell Bands: [66, 2, 13, 66] Bandwidth: 15000 Cell ID: 18735116 Physical Cell ID: 72 Tracking Area Code: 18688 EARFCN: 66811
08-15 11:01:52.912  9284  9428 D cellinfo: 46 bytes from 54.197.223.49: icmp_seq=2057 ttl=40 time=42.3 ms
08-15 11:01:53.114  9284  9428 D cellinfo: 46 bytes from 54.197.223.49: icmp_seq=2058 ttl=40 time=43.6 ms
08-15 11:01:53.311  9284  9428 D cellinfo: 46 bytes from 54.197.223.49: icmp_seq=2059 ttl=40 time=40.8 ms
08-15 11:01:53.521  9284  9428 D cellinfo: 46 bytes from 54.197.223.49: icmp_seq=2060 ttl=40 time=50.3 ms
08-15 11:01:53.712  9284  9428 D cellinfo: 46 bytes from 54.197.223.49: icmp_seq=2061 ttl=40 time=38.8 ms
08-15 11:01:53.912  9284  9428 D cellinfo: 46 bytes from 54.197.223.49: icmp_seq=2062 ttl=40 time=38.7 ms
08-15 11:01:54.140  9284  9428 D cellinfo: 46 bytes from 54.197.223.49: icmp_seq=2063 ttl=40 time=66.0 ms
08-15 11:01:54.322  9284  9428 D cellinfo: 46 bytes from 54.197.223.49: icmp_seq=2064 ttl=40 time=46.7 ms
08-15 11:01:54.522  9284  9428 D cellinfo: 46 bytes from 54.197.223.49: icmp_seq=2065 ttl=40 time=46.0 ms
08-15 11:01:54.731  9284  9428 D cellinfo: 46 bytes from 54.197.223.49: icmp_seq=2066 ttl=40 time=54.1 ms
08-15 11:01:54.922  9284  9428 D cellinfo: 46 bytes from 54.197.223.49: icmp_seq=2067 ttl=40 time=44.5 ms
08-15 11:01:55.133  9284  9428 D cellinfo: 46 bytes from 54.197.223.49: icmp_seq=2068 ttl=40 time=54.4 ms
08-15 11:01:55.321  9284  9428 D cellinfo: 46 bytes from 54.197.223.49: icmp_seq=2069 ttl=40 time=42.9 ms
08-15 11:01:55.510  9284  9428 D cellinfo: 46 bytes from 54.197.223.49: icmp_seq=2070 ttl=40 time=31.6 ms
08-15 11:01:55.721  9284  9428 D cellinfo: 46 bytes from 54.197.223.49: icmp_seq=2071 ttl=40 time=40.4 ms
08-15 11:01:55.825  9284  9284 D cellinfo: Latitude is 43.193863
08-15 11:01:55.825  9284  9284 D cellinfo: Longitude is -77.623163
08-15 11:01:55.825  9284  9284 D cellinfo: Instantaneous GPS information: United States, 2006 W Ridge Rd, Rochester, NY 14615, USA
08-15 11:01:55.825  9284  9284 D cellinfo: getCurrentLocation() result: Location (success): 43.193863, -77.623163
08-15 11:01:55.829  9284  9284 D cellinfo: onCellInfoChanged: Operator: Verizon Wireless UpdateTimestamp: 234616750 CellConnectionStatus: 1
08-15 11:01:55.829  9284  9284 D cellinfo: onCellInfoChanged: LTE Cell Bands: [66, 2, 13, 66] Bandwidth: 15000 Cell ID: 18735116 Physical Cell ID: 72 Tracking Area Code: 18688 EARFCN: 66811
08-15 11:01:55.829  9284  9284 D cellinfo: onsignalStrengthsChanged: LTE Signal Strength info: rsrp: -86 rsrq: -10 rssi: -57 rssnr: 7
08-15 11:01:55.930  9284  9428 D cellinfo: 46 bytes from 54.197.223.49: icmp_seq=2072 ttl=40 time=49.8 ms
08-15 11:01:56.133  9284  9428 D cellinfo: 46 bytes from 54.197.223.49: icmp_seq=2073 ttl=40 time=51.6 ms
08-15 11:01:56.321  9284  9428 D cellinfo: 46 bytes from 54.197.223.49: icmp_seq=2074 ttl=40 time=39.0 ms
08-15 11:01:56.533  9284  9428 D cellinfo: 46 bytes from 54.197.223.49: icmp_seq=2075 ttl=40 time=48.4 ms
08-15 11:01:56.742  9284  9428 D cellinfo: 46 bytes from 54.197.223.49: icmp_seq=2076 ttl=40 time=58.0 ms
08-15 11:01:56.942  9284  9428 D cellinfo: 46 bytes from 54.197.223.49: icmp_seq=2077 ttl=40 time=56.5 ms
08-15 11:01:57.141  9284  9428 D cellinfo: 46 bytes from 54.197.223.49: icmp_seq=2078 ttl=40 time=56.1 ms
08-15 11:01:57.333  9284  9428 D cellinfo: 46 bytes from 54.197.223.49: icmp_seq=2079 ttl=40 time=46.8 ms
08-15 11:01:57.542  9284  9428 D cellinfo: 46 bytes from 54.197.223.49: icmp_seq=2080 ttl=40 time=55.6 ms
08-15 11:01:57.726  9284  9428 D cellinfo: 46 bytes from 54.197.223.49: icmp_seq=2081 ttl=40 time=38.6 ms
08-15 11:01:57.931  9284  9428 D cellinfo: 46 bytes from 54.197.223.49: icmp_seq=2082 ttl=40 time=44.0 ms
08-15 11:01:58.143  9284  9428 D cellinfo: 46 bytes from 54.197.223.49: icmp_seq=2083 ttl=40 time=54.5 ms
08-15 11:01:58.332  9284  9428 D cellinfo: 46 bytes from 54.197.223.49: icmp_seq=2084 ttl=40 time=44.0 ms
08-15 11:01:58.459  9284  9284 D cellinfo: onCellInfoChanged: Operator: Verizon Wireless UpdateTimestamp: 234619728 CellConnectionStatus: 1
08-15 11:01:58.459  9284  9284 D cellinfo: onCellInfoChanged: LTE Cell Bands: [66, 2, 13, 66] Bandwidth: 15000 Cell ID: 18735116 Physical Cell ID: 72 Tracking Area Code: 18688 EARFCN: 66811
08-15 11:01:58.541  9284  9428 D cellinfo: 46 bytes from 54.197.223.49: icmp_seq=2085 ttl=40 time=51.5 ms
08-15 11:01:58.731  9284  9428 D cellinfo: 46 bytes from 54.197.223.49: icmp_seq=2086 ttl=40 time=42.0 ms
08-15 11:01:58.933  9284  9428 D cellinfo: 46 bytes from 54.197.223.49: icmp_seq=2087 ttl=40 time=42.8 ms
08-15 11:01:59.132  9284  9428 D cellinfo: 46 bytes from 54.197.223.49: icmp_seq=2088 ttl=40 time=40.1 ms
08-15 11:01:59.341  9284  9428 D cellinfo: 46 bytes from 54.197.223.49: icmp_seq=2089 ttl=40 time=49.8 ms
08-15 11:01:59.532  9284  9428 D cellinfo: 46 bytes from 54.197.223.49: icmp_seq=2090 ttl=40 time=40.5 ms
08-15 11:01:59.587  9284  9284 D cellinfo: Latitude is 43.191113
08-15 11:01:59.587  9284  9284 D cellinfo: Longitude is -77.6193477
08-15 11:01:59.587  9284  9284 D cellinfo: Instantaneous GPS information: United States, 1925 St Paul St, Rochester, NY 14621, USA
08-15 11:01:59.587  9284  9284 D cellinfo: getCurrentLocation() result: Location (success): 43.191113, -77.6193477
08-15 11:01:59.740  9284  9428 D cellinfo: 46 bytes from 54.197.223.49: icmp_seq=2091 ttl=40 time=47.5 ms
08-15 11:01:59.934  9284  9428 D cellinfo: 46 bytes from 54.197.223.49: icmp_seq=2092 ttl=40 time=40.1 ms
08-15 11:02:00.198  9284  9428 D cellinfo: 46 bytes from 54.197.223.49: icmp_seq=2093 ttl=40 time=103 ms
08-15 11:02:00.384  9284  9428 D cellinfo: 46 bytes from 54.197.223.49: icmp_seq=2094 ttl=40 time=88.7 ms
08-15 11:02:00.539  9284  9428 D cellinfo: 46 bytes from 54.197.223.49: icmp_seq=2095 ttl=40 time=43.8 ms
08-15 11:02:00.599  9284  9284 D cellinfo: onsignalStrengthsChanged: LTE Signal Strength info: rsrp: -97 rsrq: -16 rssi: -61 rssnr: 2
08-15 11:02:00.781  9284  9428 D cellinfo: 46 bytes from 54.197.223.49: icmp_seq=2096 ttl=40 time=85.7 ms
08-15 11:02:00.986  9284  9284 D cellinfo: onCellInfoChanged: Operator: Verizon Wireless UpdateTimestamp: 234622253 CellConnectionStatus: 1
08-15 11:02:00.986  9284  9284 D cellinfo: onCellInfoChanged: LTE Cell Bands: [66] Bandwidth: 15000 Cell ID: 18735116 Physical Cell ID: 72 Tracking Area Code: 18688 EARFCN: 66811
08-15 11:02:01.038  9284  9428 D cellinfo: 46 bytes from 54.197.223.49: icmp_seq=2097 ttl=40 time=140 ms
08-15 11:02:01.144  9284  9428 D cellinfo: 46 bytes from 54.197.223.49: icmp_seq=2098 ttl=40 time=46.8 ms
08-15 11:02:01.342  9284  9428 D cellinfo: 46 bytes from 54.197.223.49: icmp_seq=2099 ttl=40 time=45.3 ms
08-15 11:02:01.566  9284  9428 D cellinfo: 46 bytes from 54.197.223.49: icmp_seq=2100 ttl=40 time=67.7 ms
08-15 11:02:01.755  9284  9428 D cellinfo: 46 bytes from 54.197.223.49: icmp_seq=2101 ttl=40 time=56.3 ms
08-15 11:02:01.782  9284  9284 D cellinfo: Latitude is 43.1927146
08-15 11:02:01.782  9284  9284 D cellinfo: Longitude is -77.620942
08-15 11:02:01.782  9284  9284 D cellinfo: Instantaneous GPS information: United States, 16 W Ridge Rd, Rochester, NY 14615, USA
08-15 11:02:01.782  9284  9284 D cellinfo: getCurrentLocation() result: Location (success): 43.1927146, -77.620942
08-15 11:02:01.971  9284  9428 D cellinfo: 46 bytes from 54.197.223.49: icmp_seq=2102 ttl=40 time=71.9 ms
08-15 11:02:02.313  9284  9428 D cellinfo: 46 bytes from 54.197.223.49: icmp_seq=2103 ttl=40 time=213 ms
08-15 11:02:02.371  9284  9428 D cellinfo: 46 bytes from 54.197.223.49: icmp_seq=2104 ttl=40 time=67.2 ms
08-15 11:02:02.541  9284  9428 D cellinfo: 46 bytes from 54.197.223.49: icmp_seq=2105 ttl=40 time=36.4 ms
08-15 11:02:02.772  9284  9428 D cellinfo: 46 bytes from 54.197.223.49: icmp_seq=2106 ttl=40 time=66.3 ms
08-15 11:02:02.952  9284  9428 D cellinfo: 46 bytes from 54.197.223.49: icmp_seq=2107 ttl=40 time=44.8 ms
08-15 11:02:03.155  9284  9428 D cellinfo: 46 bytes from 54.197.223.49: icmp_seq=2108 ttl=40 time=48.0 ms
08-15 11:02:03.352  9284  9428 D cellinfo: 46 bytes from 54.197.223.49: icmp_seq=2109 ttl=40 time=44.2 ms
08-15 11:02:03.567  9284  9428 D cellinfo: 46 bytes from 54.197.223.49: icmp_seq=2110 ttl=40 time=58.4 ms
08-15 11:02:03.706  9284  9284 D cellinfo: onsignalStrengthsChanged: LTE Signal Strength info: rsrp: -105 rsrq: -19 rssi: -67 rssnr: -6
08-15 11:02:03.767  9284  9428 D cellinfo: 46 bytes from 54.197.223.49: icmp_seq=2111 ttl=40 time=58.1 ms
08-15 11:02:03.951  9284  9428 D cellinfo: 46 bytes from 54.197.223.49: icmp_seq=2112 ttl=40 time=41.8 ms
08-15 11:02:04.151  9284  9428 D cellinfo: 46 bytes from 54.197.223.49: icmp_seq=2113 ttl=40 time=41.5 ms
08-15 11:02:04.351  9284  9428 D cellinfo: 46 bytes from 54.197.223.49: icmp_seq=2114 ttl=40 time=40.4 ms
08-15 11:02:04.568  9284  9428 D cellinfo: 46 bytes from 54.197.223.49: icmp_seq=2115 ttl=40 time=55.8 ms
08-15 11:02:04.761  9284  9428 D cellinfo: 46 bytes from 54.197.223.49: icmp_seq=2116 ttl=40 time=47.8 ms
08-15 11:02:04.955  9284  9428 D cellinfo: 46 bytes from 54.197.223.49: icmp_seq=2117 ttl=40 time=42.0 ms
08-15 11:02:05.151  9284  9428 D cellinfo: 46 bytes from 54.197.223.49: icmp_seq=2118 ttl=40 time=36.5 ms
08-15 11:02:05.373  9284  9428 D cellinfo: 46 bytes from 54.197.223.49: icmp_seq=2119 ttl=40 time=56.9 ms
08-15 11:02:05.561  9284  9428 D cellinfo: 46 bytes from 54.197.223.49: icmp_seq=2120 ttl=40 time=45.9 ms
08-15 11:02:05.774  9284  9428 D cellinfo: 46 bytes from 54.197.223.49: icmp_seq=2121 ttl=40 time=57.3 ms
08-15 11:02:05.961  9284  9428 D cellinfo: 46 bytes from 54.197.223.49: icmp_seq=2122 ttl=40 time=40.6 ms
08-15 11:02:06.169  9284  9428 D cellinfo: 46 bytes from 54.197.223.49: icmp_seq=2123 ttl=40 time=51.2 ms
08-15 11:02:06.372  9284  9428 D cellinfo: 46 bytes from 54.197.223.49: icmp_seq=2124 ttl=40 time=53.1 ms
08-15 11:02:06.572  9284  9428 D cellinfo: 46 bytes from 54.197.223.49: icmp_seq=2125 ttl=40 time=52.1 ms
08-15 11:02:06.770  9284  9428 D cellinfo: 46 bytes from 54.197.223.49: icmp_seq=2126 ttl=40 time=49.2 ms
08-15 11:02:06.969  9284  9428 D cellinfo: 46 bytes from 54.197.223.49: icmp_seq=2127 ttl=40 time=46.9 ms
08-15 11:02:07.161  9284  9428 D cellinfo: 46 bytes from 54.197.223.49: icmp_seq=2128 ttl=40 time=39.1 ms
08-15 11:02:07.371  9284  9428 D cellinfo: 46 bytes from 54.197.223.49: icmp_seq=2129 ttl=40 time=47.4 ms
08-15 11:02:07.562  9284  9428 D cellinfo: 46 bytes from 54.197.223.49: icmp_seq=2130 ttl=40 time=38.3 ms
08-15 11:02:07.705  9284  9284 D cellinfo: onsignalStrengthsChanged: LTE Signal Strength info: rsrp: -103 rsrq: -14 rssi: -69 rssnr: -1
08-15 11:02:07.773  9284  9428 D cellinfo: 46 bytes from 54.197.223.49: icmp_seq=2131 ttl=40 time=47.2 ms
08-15 11:02:07.979  9284  9428 D cellinfo: 46 bytes from 54.197.223.49: icmp_seq=2132 ttl=40 time=53.3 ms
08-15 11:02:08.173  9284  9428 D cellinfo: 46 bytes from 54.197.223.49: icmp_seq=2133 ttl=40 time=46.1 ms
08-15 11:02:08.390  9284  9428 D cellinfo: 46 bytes from 54.197.223.49: icmp_seq=2134 ttl=40 time=63.2 ms
08-15 11:02:08.580  9284  9428 D cellinfo: 46 bytes from 54.197.223.49: icmp_seq=2135 ttl=40 time=52.2 ms
08-15 11:02:08.772  9284  9428 D cellinfo: 46 bytes from 54.197.223.49: icmp_seq=2136 ttl=40 time=42.6 ms
08-15 11:02:08.970  9284  9428 D cellinfo: 46 bytes from 54.197.223.49: icmp_seq=2137 ttl=40 time=41.4 ms
08-15 11:02:09.171  9284  9428 D cellinfo: 46 bytes from 54.197.223.49: icmp_seq=2138 ttl=40 time=40.5 ms
08-15 11:02:09.389  9284  9428 D cellinfo: 46 bytes from 54.197.223.49: icmp_seq=2139 ttl=40 time=58.6 ms
08-15 11:02:09.579  9284  9428 D cellinfo: 46 bytes from 54.197.223.49: icmp_seq=2140 ttl=40 time=47.4 ms
08-15 11:02:09.773  9284  9428 D cellinfo: 46 bytes from 54.197.223.49: icmp_seq=2141 ttl=40 time=40.5 ms
08-15 11:02:09.982  9284  9428 D cellinfo: 46 bytes from 54.197.223.49: icmp_seq=2142 ttl=40 time=48.2 ms
08-15 11:02:10.252  9284  9428 D cellinfo: 46 bytes from 54.197.223.49: icmp_seq=2143 ttl=40 time=117 ms
08-15 11:02:10.390  9284  9428 D cellinfo: 46 bytes from 54.197.223.49: icmp_seq=2144 ttl=40 time=54.5 ms
08-15 11:02:10.581  9284  9428 D cellinfo: 46 bytes from 54.197.223.49: icmp_seq=2145 ttl=40 time=45.9 ms
08-15 11:02:10.780  9284  9428 D cellinfo: 46 bytes from 54.197.223.49: icmp_seq=2146 ttl=40 time=44.1 ms
08-15 11:02:10.814  9284  9284 D cellinfo: Latitude is 43.1923357
08-15 11:02:10.814  9284  9284 D cellinfo: Longitude is -77.6200338
08-15 11:02:10.814  9284  9284 D cellinfo: Instantaneous GPS information: United States, 18 W Ridge Rd, Rochester, NY 14615, USA
08-15 11:02:10.814  9284  9284 D cellinfo: getCurrentLocation() result: Location (success): 43.1923357, -77.6200338
08-15 11:02:10.816  9284  9284 D cellinfo: Latitude is 43.1923357
08-15 11:02:10.816  9284  9284 D cellinfo: Longitude is -77.6200338
08-15 11:02:10.816  9284  9284 D cellinfo: Instantaneous GPS information: United States, 18 W Ridge Rd, Rochester, NY 14615, USA
08-15 11:02:10.816  9284  9284 D cellinfo: getCurrentLocation() result: Location (success): 43.1923357, -77.6200338
08-15 11:02:10.817  9284  9284 D cellinfo: Latitude is 43.1923357
08-15 11:02:10.817  9284  9284 D cellinfo: Longitude is -77.6200338
08-15 11:02:10.817  9284  9284 D cellinfo: Instantaneous GPS information: United States, 18 W Ridge Rd, Rochester, NY 14615, USA
08-15 11:02:10.817  9284  9284 D cellinfo: getCurrentLocation() result: Location (success): 43.1923357, -77.6200338
08-15 11:02:10.996  9284  9428 D cellinfo: 46 bytes from 54.197.223.49: icmp_seq=2147 ttl=40 time=58.8 ms
08-15 11:02:11.182  9284  9428 D cellinfo: 46 bytes from 54.197.223.49: icmp_seq=2148 ttl=40 time=44.4 ms
08-15 11:02:11.381  9284  9428 D cellinfo: 46 bytes from 54.197.223.49: icmp_seq=2149 ttl=40 time=42.9 ms
08-15 11:02:11.590  9284  9428 D cellinfo: 46 bytes from 54.197.223.49: icmp_seq=2150 ttl=40 time=51.3 ms
08-15 11:02:11.703  9284  9284 D cellinfo: onsignalStrengthsChanged: LTE Signal Strength info: rsrp: -84 rsrq: -12 rssi: -51 rssnr: 8
08-15 11:02:11.782  9284  9428 D cellinfo: 46 bytes from 54.197.223.49: icmp_seq=2151 ttl=40 time=41.4 ms
08-15 11:02:11.980  9284  9428 D cellinfo: 46 bytes from 54.197.223.49: icmp_seq=2152 ttl=40 time=39.1 ms
08-15 11:02:12.182  9284  9428 D cellinfo: 46 bytes from 54.197.223.49: icmp_seq=2153 ttl=40 time=39.4 ms
08-15 11:02:12.383  9284  9428 D cellinfo: 46 bytes from 54.197.223.49: icmp_seq=2154 ttl=40 time=38.3 ms
08-15 11:02:12.646  9284  9428 D cellinfo: 46 bytes from 54.197.223.49: icmp_seq=2155 ttl=40 time=102 ms
08-15 11:02:12.802  9284  9428 D cellinfo: 46 bytes from 54.197.223.49: icmp_seq=2156 ttl=40 time=57.1 ms
08-15 11:02:12.992  9284  9428 D cellinfo: 46 bytes from 54.197.223.49: icmp_seq=2157 ttl=40 time=46.2 ms
08-15 11:02:13.187  9284  9428 D cellinfo: 46 bytes from 54.197.223.49: icmp_seq=2158 ttl=40 time=39.9 ms
08-15 11:02:13.402  9284  9428 D cellinfo: 46 bytes from 54.197.223.49: icmp_seq=2159 ttl=40 time=54.2 ms
08-15 11:02:13.500  9284  9284 D cellinfo: onCellInfoChanged: Operator: Verizon Wireless UpdateTimestamp: 234634769 CellConnectionStatus: 1
08-15 11:02:13.501  9284  9284 D cellinfo: onCellInfoChanged: LTE Cell Bands: [66] Bandwidth: 15000 Cell ID: 18735116 Physical Cell ID: 72 Tracking Area Code: 18688 EARFCN: 66811
08-15 11:02:13.583  9284  9428 D cellinfo: 46 bytes from 54.197.223.49: icmp_seq=2160 ttl=40 time=34.2 ms
08-15 11:02:13.792  9284  9428 D cellinfo: 46 bytes from 54.197.223.49: icmp_seq=2161 ttl=40 time=42.6 ms
08-15 11:02:13.990  9284  9428 D cellinfo: 46 bytes from 54.197.223.49: icmp_seq=2162 ttl=40 time=39.9 ms
08-15 11:02:14.211  9284  9428 D cellinfo: 46 bytes from 54.197.223.49: icmp_seq=2163 ttl=40 time=59.3 ms
08-15 11:02:14.391  9284  9428 D cellinfo: 46 bytes from 54.197.223.49: icmp_seq=2164 ttl=40 time=38.8 ms
08-15 11:02:14.591  9284  9428 D cellinfo: 46 bytes from 54.197.223.49: icmp_seq=2165 ttl=40 time=38.0 ms
08-15 11:02:14.811  9284  9428 D cellinfo: 46 bytes from 54.197.223.49: icmp_seq=2166 ttl=40 time=56.9 ms
08-15 11:02:15.003  9284  9428 D cellinfo: 46 bytes from 54.197.223.49: icmp_seq=2167 ttl=40 time=48.0 ms
08-15 11:02:15.219  9284  9428 D cellinfo: 46 bytes from 54.197.223.49: icmp_seq=2168 ttl=40 time=64.4 ms
08-15 11:02:15.410  9284  9428 D cellinfo: 46 bytes from 54.197.223.49: icmp_seq=2169 ttl=40 time=54.3 ms
08-15 11:02:15.610  9284  9428 D cellinfo: 46 bytes from 54.197.223.49: icmp_seq=2170 ttl=40 time=53.0 ms
08-15 11:02:15.702  9284  9284 D cellinfo: onsignalStrengthsChanged: LTE Signal Strength info: rsrp: -94 rsrq: -16 rssi: -59 rssnr: 2
08-15 11:02:15.829  9284  9428 D cellinfo: 46 bytes from 54.197.223.49: icmp_seq=2171 ttl=40 time=71.4 ms
08-15 11:02:16.013  9284  9428 D cellinfo: 46 bytes from 54.197.223.49: icmp_seq=2172 ttl=40 time=53.6 ms
08-15 11:02:16.204  9284  9428 D cellinfo: 46 bytes from 54.197.223.49: icmp_seq=2173 ttl=40 time=45.2 ms
08-15 11:02:16.402  9284  9428 D cellinfo: 46 bytes from 54.197.223.49: icmp_seq=2174 ttl=40 time=43.1 ms
08-15 11:02:16.622  9284  9428 D cellinfo: 46 bytes from 54.197.223.49: icmp_seq=2175 ttl=40 time=62.5 ms
08-15 11:02:16.820  9284  9428 D cellinfo: 46 bytes from 54.197.223.49: icmp_seq=2176 ttl=40 time=58.5 ms
08-15 11:02:17.050  9284  9428 D cellinfo: 46 bytes from 54.197.223.49: icmp_seq=2177 ttl=40 time=88.1 ms
08-15 11:02:17.207  9284  9428 D cellinfo: 46 bytes from 54.197.223.49: icmp_seq=2178 ttl=40 time=43.8 ms
08-15 11:02:17.421  9284  9428 D cellinfo: 46 bytes from 54.197.223.49: icmp_seq=2179 ttl=40 time=59.1 ms
08-15 11:02:17.616  9284  9428 D cellinfo: 46 bytes from 54.197.223.49: icmp_seq=2180 ttl=40 time=53.1 ms
08-15 11:02:17.820  9284  9428 D cellinfo: 46 bytes from 54.197.223.49: icmp_seq=2181 ttl=40 time=55.6 ms
08-15 11:02:18.021  9284  9428 D cellinfo: 46 bytes from 54.197.223.49: icmp_seq=2182 ttl=40 time=56.2 ms
08-15 11:02:18.214  9284  9428 D cellinfo: 46 bytes from 54.197.223.49: icmp_seq=2183 ttl=40 time=49.4 ms
08-15 11:02:18.422  9284  9428 D cellinfo: 46 bytes from 54.197.223.49: icmp_seq=2184 ttl=40 time=57.1 ms
08-15 11:02:18.623  9284  9428 D cellinfo: 46 bytes from 54.197.223.49: icmp_seq=2185 ttl=40 time=57.9 ms
08-15 11:02:18.820  9284  9428 D cellinfo: 46 bytes from 54.197.223.49: icmp_seq=2186 ttl=40 time=53.8 ms
08-15 11:02:19.013  9284  9428 D cellinfo: 46 bytes from 54.197.223.49: icmp_seq=2187 ttl=40 time=46.2 ms
08-15 11:02:19.211  9284  9428 D cellinfo: 46 bytes from 54.197.223.49: icmp_seq=2188 ttl=40 time=44.7 ms
08-15 11:02:19.353  9284  9284 D cellinfo: onCellInfoChanged: Operator: Verizon Wireless UpdateTimestamp: 234640621 CellConnectionStatus: 1
08-15 11:02:19.353  9284  9284 D cellinfo: onCellInfoChanged: LTE Cell Bands: [66] Bandwidth: 15000 Cell ID: 18735116 Physical Cell ID: 72 Tracking Area Code: 18688 EARFCN: 66811
08-15 11:02:19.415  9284  9428 D cellinfo: 46 bytes from 54.197.223.49: icmp_seq=2189 ttl=40 time=48.3 ms
08-15 11:02:19.614  9284  9428 D cellinfo: 46 bytes from 54.197.223.49: icmp_seq=2190 ttl=40 time=46.2 ms
08-15 11:02:19.813  9284  9428 D cellinfo: 46 bytes from 54.197.223.49: icmp_seq=2191 ttl=40 time=44.3 ms
08-15 11:02:19.921  9284  9284 D cellinfo: Latitude is 43.1912966
08-15 11:02:19.921  9284  9284 D cellinfo: Longitude is -77.6168495
08-15 11:02:19.921  9284  9284 D cellinfo: Instantaneous GPS information: United States, 20 Keeler St, Rochester, NY 14621, USA
08-15 11:02:19.921  9284  9284 D cellinfo: getCurrentLocation() result: Location (success): 43.1912966, -77.6168495
08-15 11:02:19.926  9284  9284 D cellinfo: onsignalStrengthsChanged: LTE Signal Strength info: rsrp: -88 rsrq: -15 rssi: -55 rssnr: -4
08-15 11:02:19.945  9284  9284 D cellinfo: Latitude is 43.1912966
08-15 11:02:19.946  9284  9284 D cellinfo: Longitude is -77.6168495
08-15 11:02:19.946  9284  9284 D cellinfo: Instantaneous GPS information: United States, 20 Keeler St, Rochester, NY 14621, USA
