08-15 10:59:10.267  9284  9428 D cellinfo: 46 bytes from 54.197.223.49: icmp_seq=1247 ttl=40 time=48.9 ms
08-15 10:59:10.467  9284  9428 D cellinfo: 46 bytes from 54.197.223.49: icmp_seq=1248 ttl=40 time=48.7 ms
08-15 10:59:10.472  9284  9284 D cellinfo: onCellInfoChanged: Operator: Verizon Wireless UpdateTimestamp: 234451739 CellConnectionStatus: 1
08-15 10:59:10.472  9284  9284 D cellinfo: onCellInfoChanged: 5G-NR Cell Bands: [] ARFCN: 177000 Cell ID: 9223372036854775807 Physical Cell ID: 181 Tracking Area Code: 16777215
08-15 10:59:10.656  9284  9428 D cellinfo: 46 bytes from 54.197.223.49: icmp_seq=1249 ttl=40 time=37.4 ms
08-15 10:59:10.856  9284  9428 D cellinfo: 46 bytes from 54.197.223.49: icmp_seq=1250 ttl=40 time=36.9 ms
08-15 10:59:11.081  9284  9428 D cellinfo: 46 bytes from 54.197.223.49: icmp_seq=1251 ttl=40 time=61.3 ms
08-15 10:59:11.289  9284  9428 D cellinfo: 46 bytes from 54.197.223.49: icmp_seq=1252 ttl=40 time=68.3 ms
08-15 10:59:11.471  9284  9428 D cellinfo: 46 bytes from 54.197.223.49: icmp_seq=1253 ttl=40 time=50.0 ms
08-15 10:59:11.605  9284  9284 D cellinfo: Latitude is 43.2013144
08-15 10:59:11.605  9284  9284 D cellinfo: Longitude is -77.6410332
08-15 10:59:11.605  9284  9284 D cellinfo: Instantaneous GPS information: United States, 535 W Ridge Rd, Rochester, NY 14615, USA
08-15 10:59:11.605  9284  9284 D cellinfo: getCurrentLocation() result: Location (success): 43.2013144, -77.6410332
08-15 10:59:11.657  9284  9428 D cellinfo: 46 bytes from 54.197.223.49: icmp_seq=1254 ttl=40 time=35.1 ms
08-15 10:59:11.876  9284  9428 D cellinfo: 46 bytes from 54.197.223.49: icmp_seq=1255 ttl=40 time=53.2 ms
08-15 10:59:12.090  9284  9428 D cellinfo: 46 bytes from 54.197.223.49: icmp_seq=1256 ttl=40 time=65.9 ms
08-15 10:59:12.259  9284  9428 D cellinfo: 46 bytes from 54.197.223.49: icmp_seq=1257 ttl=40 time=34.5 ms
08-15 10:59:12.465  9284  9428 D cellinfo: 46 bytes from 54.197.223.49: icmp_seq=1258 ttl=40 time=38.9 ms
08-15 10:59:12.686  9284  9428 D cellinfo: 46 bytes from 54.197.223.49: icmp_seq=1259 ttl=40 time=58.3 ms
08-15 10:59:12.874  9284  9428 D cellinfo: 46 bytes from 54.197.223.49: icmp_seq=1260 ttl=40 time=46.2 ms
08-15 10:59:13.065  9284  9428 D cellinfo: 46 bytes from 54.197.223.49: icmp_seq=1261 ttl=40 time=37.0 ms
08-15 10:59:13.284  9284  9428 D cellinfo: 46 bytes from 54.197.223.49: icmp_seq=1262 ttl=40 time=55.0 ms
08-15 10:59:13.485  9284  9428 D cellinfo: 46 bytes from 54.197.223.49: icmp_seq=1263 ttl=40 time=55.3 ms
08-15 10:59:13.674  9284  9428 D cellinfo: 46 bytes from 54.197.223.49: icmp_seq=1264 ttl=40 time=43.1 ms
08-15 10:59:13.734  9284  9284 D cellinfo: Latitude is 43.2012623
08-15 10:59:13.735  9284  9284 D cellinfo: Longitude is -77.6408929
08-15 10:59:13.735  9284  9284 D cellinfo: Instantaneous GPS information: United States, 535 W Ridge Rd, Rochester, NY 14615, USA
08-15 10:59:13.735  9284  9284 D cellinfo: getCurrentLocation() result: Location (success): 43.2012623, -77.6408929
08-15 10:59:13.737  9284  9284 D cellinfo: onCellInfoChanged: Operator: Verizon Wireless UpdateTimestamp: 234454733 CellConnectionStatus: 1
08-15 10:59:13.738  9284  9284 D cellinfo: onCellInfoChanged: 5G-NR Cell Bands: [] ARFCN: 177000 Cell ID: 9223372036854775807 Physical Cell ID: 181 Tracking Area Code: 16777215
08-15 10:59:13.881  9284  9428 D cellinfo: 46 bytes from 54.197.223.49: icmp_seq=1265 ttl=40 time=47.0 ms
08-15 10:59:14.092  9284  9428 D cellinfo: 46 bytes from 54.197.223.49: icmp_seq=1266 ttl=40 time=57.9 ms
08-15 10:59:14.288  9284  9428 D cellinfo: 46 bytes from 54.197.223.49: icmp_seq=1267 ttl=40 time=52.7 ms
08-15 10:59:14.475  9284  9428 D cellinfo: 46 bytes from 54.197.223.49: icmp_seq=1268 ttl=40 time=38.3 ms
08-15 10:59:14.682  9284  9428 D cellinfo: 46 bytes from 54.197.223.49: icmp_seq=1269 ttl=40 time=45.3 ms
08-15 10:59:14.888  9284  9428 D cellinfo: 46 bytes from 54.197.223.49: icmp_seq=1270 ttl=40 time=49.8 ms
08-15 10:59:15.099  9284  9428 D cellinfo: 46 bytes from 54.197.223.49: icmp_seq=1271 ttl=40 time=59.5 ms
08-15 10:59:15.272  9284  9428 D cellinfo: 46 bytes from 54.197.223.49: icmp_seq=1272 ttl=40 time=32.0 ms
08-15 10:59:15.485  9284  9428 D cellinfo: 46 bytes from 54.197.223.49: icmp_seq=1273 ttl=40 time=42.9 ms
08-15 10:59:15.703  9284  9428 D cellinfo: 46 bytes from 54.197.223.49: icmp_seq=1274 ttl=40 time=59.9 ms
08-15 10:59:15.899  9284  9428 D cellinfo: 46 bytes from 54.197.223.49: icmp_seq=1275 ttl=40 time=53.6 ms
08-15 10:59:16.101  9284  9428 D cellinfo: 46 bytes from 54.197.223.49: icmp_seq=1276 ttl=40 time=56.5 ms
08-15 10:59:16.295  9284  9428 D cellinfo: 46 bytes from 54.197.223.49: icmp_seq=1277 ttl=40 time=50.0 ms
08-15 10:59:16.504  9284  9428 D cellinfo: 46 bytes from 54.197.223.49: icmp_seq=1278 ttl=40 time=58.1 ms
08-15 10:59:16.677  9284  9428 D cellinfo: 46 bytes from 54.197.223.49: icmp_seq=1279 ttl=40 time=29.5 ms
08-15 10:59:16.731  9284  9284 D cellinfo: Latitude is 43.2011243
08-15 10:59:16.731  9284  9284 D cellinfo: Longitude is -77.6405212
08-15 10:59:16.732  9284  9284 D cellinfo: Instantaneous GPS information: United States, Ridge & Mayflower, Rochester, NY 14615, USA
08-15 10:59:16.732  9284  9284 D cellinfo: getCurrentLocation() result: Location (success): 43.2011243, -77.6405212
08-15 10:59:16.734  9284  9284 D cellinfo: onCellInfoChanged: Operator: Verizon Wireless UpdateTimestamp: 234457743 CellConnectionStatus: 1
08-15 10:59:16.734  9284  9284 D cellinfo: onCellInfoChanged: 5G-NR Cell Bands: [] ARFCN: 177000 Cell ID: 9223372036854775807 Physical Cell ID: 181 Tracking Area Code: 16777215
08-15 10:59:16.886  9284  9428 D cellinfo: 46 bytes from 54.197.223.49: icmp_seq=1280 ttl=40 time=38.5 ms
08-15 10:59:17.089  9284  9428 D cellinfo: 46 bytes from 54.197.223.49: icmp_seq=1281 ttl=40 time=40.3 ms
08-15 10:59:17.307  9284  9428 D cellinfo: 46 bytes from 54.197.223.49: icmp_seq=1282 ttl=40 time=56.4 ms
08-15 10:59:17.492  9284  9428 D cellinfo: 46 bytes from 54.197.223.49: icmp_seq=1283 ttl=40 time=41.4 ms
08-15 10:59:17.708  9284  9428 D cellinfo: 46 bytes from 54.197.223.49: icmp_seq=1284 ttl=40 time=57.1 ms
08-15 10:59:17.908  9284  9428 D cellinfo: 46 bytes from 54.197.223.49: icmp_seq=1285 ttl=40 time=55.7 ms
08-15 10:59:18.108  9284  9428 D cellinfo: 46 bytes from 54.197.223.49: icmp_seq=1286 ttl=40 time=53.0 ms
08-15 10:59:18.297  9284  9428 D cellinfo: 46 bytes from 54.197.223.49: icmp_seq=1287 ttl=40 time=41.6 ms
08-15 10:59:18.515  9284  9428 D cellinfo: 46 bytes from 54.197.223.49: icmp_seq=1288 ttl=40 time=60.6 ms
08-15 10:59:18.696  9284  9428 D cellinfo: 46 bytes from 54.197.223.49: icmp_seq=1289 ttl=40 time=40.6 ms
08-15 10:59:18.907  9284  9428 D cellinfo: 46 bytes from 54.197.223.49: icmp_seq=1290 ttl=40 time=52.0 ms
08-15 10:59:19.113  9284  9428 D cellinfo: 46 bytes from 54.197.223.49: icmp_seq=1291 ttl=40 time=56.7 ms
08-15 10:59:19.303  9284  9428 D cellinfo: 46 bytes from 54.197.223.49: icmp_seq=1292 ttl=40 time=46.4 ms
08-15 10:59:19.504  9284  9428 D cellinfo: 46 bytes from 54.197.223.49: icmp_seq=1293 ttl=40 time=46.6 ms
08-15 10:59:19.703  9284  9428 D cellinfo: 46 bytes from 54.197.223.49: icmp_seq=1294 ttl=40 time=43.6 ms
08-15 10:59:19.758  9284  9284 D cellinfo: Latitude is 43.201115
08-15 10:59:19.758  9284  9284 D cellinfo: Longitude is -77.6404963
08-15 10:59:19.758  9284  9284 D cellinfo: Instantaneous GPS information: United States, Ridge & Mayflower, Rochester, NY 14615, USA
08-15 10:59:19.758  9284  9284 D cellinfo: getCurrentLocation() result: Location (success): 43.201115, -77.6404963
08-15 10:59:19.764  9284  9284 D cellinfo: onCellInfoChanged: Operator: Verizon Wireless UpdateTimestamp: 234460757 CellConnectionStatus: 1
08-15 10:59:19.764  9284  9284 D cellinfo: onCellInfoChanged: 5G-NR Cell Bands: [] ARFCN: 177000 Cell ID: 9223372036854775807 Physical Cell ID: 181 Tracking Area Code: 16777215
08-15 10:59:19.894  9284  9428 D cellinfo: 46 bytes from 54.197.223.49: icmp_seq=1295 ttl=40 time=34.6 ms
08-15 10:59:20.120  9284  9428 D cellinfo: 46 bytes from 54.197.223.49: icmp_seq=1296 ttl=40 time=59.9 ms
08-15 10:59:20.305  9284  9428 D cellinfo: 46 bytes from 54.197.223.49: icmp_seq=1297 ttl=40 time=43.9 ms
08-15 10:59:20.505  9284  9428 D cellinfo: 46 bytes from 54.197.223.49: icmp_seq=1298 ttl=40 time=43.2 ms
08-15 10:59:20.720  9284  9428 D cellinfo: 46 bytes from 54.197.223.49: icmp_seq=1299 ttl=40 time=56.4 ms
08-15 10:59:20.906  9284  9428 D cellinfo: 46 bytes from 54.197.223.49: icmp_seq=1300 ttl=40 time=42.7 ms
08-15 10:59:21.131  9284  9428 D cellinfo: 46 bytes from 54.197.223.49: icmp_seq=1301 ttl=40 time=66.9 ms
08-15 10:59:21.300  9284  9428 D cellinfo: 46 bytes from 54.197.223.49: icmp_seq=1302 ttl=40 time=35.2 ms
08-15 10:59:21.521  9284  9428 D cellinfo: 46 bytes from 54.197.223.49: icmp_seq=1303 ttl=40 time=55.4 ms
08-15 10:59:21.720  9284  9428 D cellinfo: 46 bytes from 54.197.223.49: icmp_seq=1304 ttl=40 time=53.0 ms
08-15 10:59:21.931  9284  9428 D cellinfo: 46 bytes from 54.197.223.49: icmp_seq=1305 ttl=40 time=63.8 ms
08-15 10:59:22.129  9284  9428 D cellinfo: 46 bytes from 54.197.223.49: icmp_seq=1306 ttl=40 time=60.4 ms
08-15 10:59:22.319  9284  9428 D cellinfo: 46 bytes from 54.197.223.49: icmp_seq=1307 ttl=40 time=49.7 ms
08-15 10:59:22.517  9284  9428 D cellinfo: 46 bytes from 54.197.223.49: icmp_seq=1308 ttl=40 time=47.8 ms
08-15 10:59:22.703  9284  9428 D cellinfo: 46 bytes from 54.197.223.49: icmp_seq=1309 ttl=40 time=32.2 ms
08-15 10:59:22.744  9284  9284 D cellinfo: Latitude is 43.2012942
08-15 10:59:22.744  9284  9284 D cellinfo: Longitude is -77.6398146
08-15 10:59:22.744  9284  9284 D cellinfo: Instantaneous GPS information: United States, 504 W Ridge Rd, Rochester, NY 14615, USA
08-15 10:59:22.744  9284  9284 D cellinfo: getCurrentLocation() result: Location (success): 43.2012942, -77.6398146
08-15 10:59:22.747  9284  9284 D cellinfo: onCellInfoChanged: Operator: Verizon Wireless UpdateTimestamp: 234463748 CellConnectionStatus: 1
08-15 10:59:22.747  9284  9284 D cellinfo: onCellInfoChanged: 5G-NR Cell Bands: [] ARFCN: 177000 Cell ID: 9223372036854775807 Physical Cell ID: 181 Tracking Area Code: 16777215
08-15 10:59:22.917  9284  9428 D cellinfo: 46 bytes from 54.197.223.49: icmp_seq=1310 ttl=40 time=44.6 ms
08-15 10:59:23.130  9284  9428 D cellinfo: 46 bytes from 54.197.223.49: icmp_seq=1311 ttl=40 time=57.5 ms
08-15 10:59:23.320  9284  9428 D cellinfo: 46 bytes from 54.197.223.49: icmp_seq=1312 ttl=40 time=47.2 ms
08-15 10:59:23.520  9284  9428 D cellinfo: 46 bytes from 54.197.223.49: icmp_seq=1313 ttl=40 time=46.1 ms
08-15 10:59:23.740  9284  9428 D cellinfo: 46 bytes from 54.197.223.49: icmp_seq=1314 ttl=40 time=64.6 ms
08-15 10:59:23.925  9284  9428 D cellinfo: 46 bytes from 54.197.223.49: icmp_seq=1315 ttl=40 time=49.7 ms
08-15 10:59:24.116  9284  9428 D cellinfo: 46 bytes from 54.197.223.49: icmp_seq=1316 ttl=40 time=38.1 ms
08-15 10:59:24.317  9284  9428 D cellinfo: 46 bytes from 54.197.223.49: icmp_seq=1317 ttl=40 time=40.1 ms
08-15 10:59:24.534  9284  9428 D cellinfo: 46 bytes from 54.197.223.49: icmp_seq=1318 ttl=40 time=55.9 ms
08-15 10:59:24.719  9284  9428 D cellinfo: 46 bytes from 54.197.223.49: icmp_seq=1319 ttl=40 time=39.9 ms
08-15 10:59:24.917  9284  9428 D cellinfo: 46 bytes from 54.197.223.49: icmp_seq=1320 ttl=40 time=37.0 ms
08-15 10:59:25.137  9284  9428 D cellinfo: 46 bytes from 54.197.223.49: icmp_seq=1321 ttl=40 time=55.3 ms
08-15 10:59:25.332  9284  9428 D cellinfo: 46 bytes from 54.197.223.49: icmp_seq=1322 ttl=40 time=50.8 ms
08-15 10:59:25.523  9284  9428 D cellinfo: 46 bytes from 54.197.223.49: icmp_seq=1323 ttl=40 time=41.4 ms
08-15 10:59:25.715  9284  9428 D cellinfo: 46 bytes from 54.197.223.49: icmp_seq=1324 ttl=40 time=31.2 ms
08-15 10:59:25.768  9284  9284 D cellinfo: Latitude is 43.200729
08-15 10:59:25.768  9284  9284 D cellinfo: Longitude is -77.6386878
08-15 10:59:25.768  9284  9284 D cellinfo: Instantaneous GPS information: United States, 501 W Ridge Rd, Rochester, NY 14615, USA
08-15 10:59:25.768  9284  9284 D cellinfo: getCurrentLocation() result: Location (success): 43.200729, -77.6386878
08-15 10:59:25.773  9284  9284 D cellinfo: onCellInfoChanged: Operator: Verizon Wireless UpdateTimestamp: 234466742 CellConnectionStatus: 1
08-15 10:59:25.773  9284  9284 D cellinfo: onCellInfoChanged: 5G-NR Cell Bands: [] ARFCN: 177000 Cell ID: 9223372036854775807 Physical Cell ID: 181 Tracking Area Code: 16777215
08-15 10:59:25.924  9284  9428 D cellinfo: 46 bytes from 54.197.223.49: icmp_seq=1325 ttl=40 time=40.6 ms
08-15 10:59:26.140  9284  9428 D cellinfo: 46 bytes from 54.197.223.49: icmp_seq=1326 ttl=40 time=56.4 ms
08-15 10:59:26.340  9284  9428 D cellinfo: 46 bytes from 54.197.223.49: icmp_seq=1327 ttl=40 time=55.0 ms
08-15 10:59:26.525  9284  9428 D cellinfo: 46 bytes from 54.197.223.49: icmp_seq=1328 ttl=40 time=39.5 ms
08-15 10:59:26.742  9284  9428 D cellinfo: 46 bytes from 54.197.223.49: icmp_seq=1329 ttl=40 time=55.6 ms
08-15 10:59:26.955  9284  9428 D cellinfo: 46 bytes from 54.197.223.49: icmp_seq=1330 ttl=40 time=68.0 ms
08-15 10:59:27.146  9284  9428 D cellinfo: 46 bytes from 54.197.223.49: icmp_seq=1331 ttl=40 time=58.8 ms
08-15 10:59:27.326  9284  9428 D cellinfo: 46 bytes from 54.197.223.49: icmp_seq=1332 ttl=40 time=37.8 ms
08-15 10:59:27.547  9284  9428 D cellinfo: 46 bytes from 54.197.223.49: icmp_seq=1333 ttl=40 time=57.3 ms
08-15 10:59:27.745  9284  9428 D cellinfo: 46 bytes from 54.197.223.49: icmp_seq=1334 ttl=40 time=54.7 ms
08-15 10:59:27.934  9284  9428 D cellinfo: 46 bytes from 54.197.223.49: icmp_seq=1335 ttl=40 time=43.5 ms
08-15 10:59:28.135  9284  9428 D cellinfo: 46 bytes from 54.197.223.49: icmp_seq=1336 ttl=40 time=43.1 ms
08-15 10:59:28.349  9284  9428 D cellinfo: 46 bytes from 54.197.223.49: icmp_seq=1337 ttl=40 time=56.5 ms
08-15 10:59:28.531  9284  9428 D cellinfo: 46 bytes from 54.197.223.49: icmp_seq=1338 ttl=40 time=36.8 ms
08-15 10:59:28.729  9284  9284 D cellinfo: Latitude is 43.2007809
08-15 10:59:28.729  9284  9284 D cellinfo: Longitude is -77.6389143
08-15 10:59:28.729  9284  9284 D cellinfo: Instantaneous GPS information: United States, 452 W Ridge Rd, Rochester, NY 14615, USA
08-15 10:59:28.729  9284  9284 D cellinfo: getCurrentLocation() result: Location (success): 43.2007809, -77.6389143
08-15 10:59:28.733  9284  9284 D cellinfo: onCellInfoChanged: Operator: Verizon Wireless UpdateTimestamp: 234469741 CellConnectionStatus: 1
08-15 10:59:28.733  9284  9284 D cellinfo: onCellInfoChanged: 5G-NR Cell Bands: [] ARFCN: 177000 Cell ID: 9223372036854775807 Physical Cell ID: 181 Tracking Area Code: 16777215
08-15 10:59:28.736  9284  9428 D cellinfo: 46 bytes from 54.197.223.49: icmp_seq=1339 ttl=40 time=42.6 ms
08-15 10:59:28.934  9284  9428 D cellinfo: 46 bytes from 54.197.223.49: icmp_seq=1340 ttl=40 time=40.5 ms
08-15 10:59:29.155  9284  9428 D cellinfo: 46 bytes from 54.197.223.49: icmp_seq=1341 ttl=40 time=60.3 ms
08-15 10:59:29.344  9284  9428 D cellinfo: 46 bytes from 54.197.223.49: icmp_seq=1342 ttl=40 time=47.9 ms
08-15 10:59:29.543  9284  9428 D cellinfo: 46 bytes from 54.197.223.49: icmp_seq=1343 ttl=40 time=45.6 ms
08-15 10:59:29.737  9284  9428 D cellinfo: 46 bytes from 54.197.223.49: icmp_seq=1344 ttl=40 time=38.8 ms
08-15 10:59:29.944  9284  9428 D cellinfo: 46 bytes from 54.197.223.49: icmp_seq=1345 ttl=40 time=45.6 ms
08-15 10:59:30.165  9284  9428 D cellinfo: 46 bytes from 54.197.223.49: icmp_seq=1346 ttl=40 time=65.6 ms
08-15 10:59:30.335  9284  9428 D cellinfo: 46 bytes from 54.197.223.49: icmp_seq=1347 ttl=40 time=35.4 ms
08-15 10:59:30.544  9284  9428 D cellinfo: 46 bytes from 54.197.223.49: icmp_seq=1348 ttl=40 time=43.2 ms
08-15 10:59:30.757  9284  9428 D cellinfo: 46 bytes from 54.197.223.49: icmp_seq=1349 ttl=40 time=56.0 ms
08-15 10:59:30.956  9284  9428 D cellinfo: 46 bytes from 54.197.223.49: icmp_seq=1350 ttl=40 time=54.2 ms
08-15 10:59:31.146  9284  9428 D cellinfo: 46 bytes from 54.197.223.49: icmp_seq=1351 ttl=40 time=43.7 ms
08-15 10:59:31.356  9284  9428 D cellinfo: 46 bytes from 54.197.223.49: icmp_seq=1352 ttl=40 time=52.1 ms
08-15 10:59:31.540  9284  9428 D cellinfo: 46 bytes from 54.197.223.49: icmp_seq=1353 ttl=40 time=36.0 ms
08-15 10:59:31.721  9284  9284 D cellinfo: Latitude is 43.200816
08-15 10:59:31.721  9284  9284 D cellinfo: Longitude is -77.6389565
08-15 10:59:31.721  9284  9284 D cellinfo: Instantaneous GPS information: United States, 454 W Ridge Rd, Rochester, NY 14615, USA
08-15 10:59:31.721  9284  9284 D cellinfo: getCurrentLocation() result: Location (success): 43.200816, -77.6389565
08-15 10:59:31.725  9284  9284 D cellinfo: onCellInfoChanged: Operator: Verizon Wireless UpdateTimestamp: 234472736 CellConnectionStatus: 1
08-15 10:59:31.725  9284  9284 D cellinfo: onCellInfoChanged: 5G-NR Cell Bands: [] ARFCN: 177000 Cell ID: 9223372036854775807 Physical Cell ID: 181 Tracking Area Code: 16777215
08-15 10:59:31.748  9284  9428 D cellinfo: 46 bytes from 54.197.223.49: icmp_seq=1354 ttl=40 time=42.3 ms
08-15 10:59:31.947  9284  9428 D cellinfo: 46 bytes from 54.197.223.49: icmp_seq=1355 ttl=40 time=41.7 ms
08-15 10:59:32.178  9284  9428 D cellinfo: 46 bytes from 54.197.223.49: icmp_seq=1356 ttl=40 time=72.2 ms
08-15 10:59:32.337  9284  9428 D cellinfo: 46 bytes from 54.197.223.49: icmp_seq=1357 ttl=40 time=29.8 ms
08-15 10:59:32.546  9284  9428 D cellinfo: 46 bytes from 54.197.223.49: icmp_seq=1358 ttl=40 time=37.4 ms
08-15 10:59:32.747  9284  9428 D cellinfo: 46 bytes from 54.197.223.49: icmp_seq=1359 ttl=40 time=38.1 ms
08-15 10:59:32.972  9284  9428 D cellinfo: 46 bytes from 54.197.223.49: icmp_seq=1360 ttl=40 time=62.4 ms
08-15 10:59:33.167  9284  9428 D cellinfo: 46 bytes from 54.197.223.49: icmp_seq=1361 ttl=40 time=55.1 ms
08-15 10:59:33.348  9284  9428 D cellinfo: 46 bytes from 54.197.223.49: icmp_seq=1362 ttl=40 time=36.0 ms
08-15 10:59:33.573  9284  9428 D cellinfo: 46 bytes from 54.197.223.49: icmp_seq=1363 ttl=40 time=59.3 ms
08-15 10:59:33.757  9284  9428 D cellinfo: 46 bytes from 54.197.223.49: icmp_seq=1364 ttl=40 time=42.2 ms
08-15 10:59:33.964  9284  9428 D cellinfo: 46 bytes from 54.197.223.49: icmp_seq=1365 ttl=40 time=49.8 ms
08-15 10:59:34.156  9284  9428 D cellinfo: 46 bytes from 54.197.223.49: icmp_seq=1366 ttl=40 time=40.2 ms
08-15 10:59:34.355  9284  9428 D cellinfo: 46 bytes from 54.197.223.49: icmp_seq=1367 ttl=40 time=38.9 ms
08-15 10:59:34.554  9284  9428 D cellinfo: 46 bytes from 54.197.223.49: icmp_seq=1368 ttl=40 time=37.3 ms
08-15 10:59:34.730  9284  9284 D cellinfo: Latitude is 43.2008497
08-15 10:59:34.730  9284  9284 D cellinfo: Longitude is -77.639007
08-15 10:59:34.730  9284  9284 D cellinfo: Instantaneous GPS information: United States, 456 W Ridge Rd, Rochester, NY 14615, USA
08-15 10:59:34.730  9284  9284 D cellinfo: getCurrentLocation() result: Location (success): 43.2008497, -77.639007
08-15 10:59:34.735  9284  9284 D cellinfo: onCellInfoChanged: Operator: Verizon Wireless UpdateTimestamp: 234475746 CellConnectionStatus: 1
08-15 10:59:34.735  9284  9284 D cellinfo: onCellInfoChanged: 5G-NR Cell Bands: [] ARFCN: 177000 Cell ID: 9223372036854775807 Physical Cell ID: 181 Tracking Area Code: 16777215
08-15 10:59:34.764  9284  9428 D cellinfo: 46 bytes from 54.197.223.49: icmp_seq=1369 ttl=40 time=45.2 ms
08-15 10:59:34.956  9284  9428 D cellinfo: 46 bytes from 54.197.223.49: icmp_seq=1370 ttl=40 time=36.7 ms
08-15 10:59:35.162  9284  9428 D cellinfo: 46 bytes from 54.197.223.49: icmp_seq=1371 ttl=40 time=42.1 ms
08-15 10:59:35.352  9284  9428 D cellinfo: 46 bytes from 54.197.223.49: icmp_seq=1372 ttl=40 time=30.2 ms
08-15 10:59:35.575  9284  9428 D cellinfo: 46 bytes from 54.197.223.49: icmp_seq=1373 ttl=40 time=53.8 ms
08-15 10:59:35.817  9284  9428 D cellinfo: 46 bytes from 54.197.223.49: icmp_seq=1374 ttl=40 time=94.8 ms
08-15 10:59:35.965  9284  9428 D cellinfo: 46 bytes from 54.197.223.49: icmp_seq=1375 ttl=40 time=41.4 ms
08-15 10:59:36.175  9284  9428 D cellinfo: 46 bytes from 54.197.223.49: icmp_seq=1376 ttl=40 time=50.7 ms
08-15 10:59:36.367  9284  9428 D cellinfo: 46 bytes from 54.197.223.49: icmp_seq=1377 ttl=40 time=42.4 ms
08-15 10:59:36.598  9284  9428 D cellinfo: 46 bytes from 54.197.223.49: icmp_seq=1378 ttl=40 time=72.9 ms
08-15 10:59:36.766  9284  9428 D cellinfo: 46 bytes from 54.197.223.49: icmp_seq=1379 ttl=40 time=40.1 ms
08-15 10:59:36.975  9284  9428 D cellinfo: 46 bytes from 54.197.223.49: icmp_seq=1380 ttl=40 time=47.8 ms
08-15 10:59:37.177  9284  9428 D cellinfo: 46 bytes from 54.197.223.49: icmp_seq=1381 ttl=40 time=49.0 ms
08-15 10:59:37.376  9284  9428 D cellinfo: 46 bytes from 54.197.223.49: icmp_seq=1382 ttl=40 time=48.0 ms
08-15 10:59:37.570  9284  9428 D cellinfo: 46 bytes from 54.197.223.49: icmp_seq=1383 ttl=40 time=40.4 ms
08-15 10:59:37.740  9284  9284 D cellinfo: Latitude is 43.2008394
08-15 10:59:37.740  9284  9284 D cellinfo: Longitude is -77.6389422
08-15 10:59:37.740  9284  9284 D cellinfo: Instantaneous GPS information: United States, 454 W Ridge Rd, Rochester, NY 14615, USA
08-15 10:59:37.740  9284  9284 D cellinfo: getCurrentLocation() result: Location (success): 43.2008394, -77.6389422
08-15 10:59:37.744  9284  9284 D cellinfo: onCellInfoChanged: Operator: Verizon Wireless UpdateTimestamp: 234478740 CellConnectionStatus: 1
08-15 10:59:37.744  9284  9284 D cellinfo: onCellInfoChanged: 5G-NR Cell Bands: [] ARFCN: 177000 Cell ID: 9223372036854775807 Physical Cell ID: 181 Tracking Area Code: 16777215
08-15 10:59:37.768  9284  9428 D cellinfo: 46 bytes from 54.197.223.49: icmp_seq=1384 ttl=40 time=38.4 ms
08-15 10:59:37.986  9284  9428 D cellinfo: 46 bytes from 54.197.223.49: icmp_seq=1385 ttl=40 time=55.1 ms
08-15 10:59:38.174  9284  9428 D cellinfo: 46 bytes from 54.197.223.49: icmp_seq=1386 ttl=40 time=42.4 ms
08-15 10:59:38.367  9284  9428 D cellinfo: 46 bytes from 54.197.223.49: icmp_seq=1387 ttl=40 time=34.3 ms
08-15 10:59:38.577  9284  9428 D cellinfo: 46 bytes from 54.197.223.49: icmp_seq=1388 ttl=40 time=43.2 ms
08-15 10:59:38.795  9284  9428 D cellinfo: 46 bytes from 54.197.223.49: icmp_seq=1389 ttl=40 time=59.3 ms
08-15 10:59:38.975  9284  9428 D cellinfo: 46 bytes from 54.197.223.49: icmp_seq=1390 ttl=40 time=39.8 ms
08-15 10:59:39.175  9284  9428 D cellinfo: 46 bytes from 54.197.223.49: icmp_seq=1391 ttl=40 time=38.1 ms
08-15 10:59:39.375  9284  9428 D cellinfo: 46 bytes from 54.197.223.49: icmp_seq=1392 ttl=40 time=38.0 ms
08-15 10:59:39.587  9284  9428 D cellinfo: 46 bytes from 54.197.223.49: icmp_seq=1393 ttl=40 time=48.5 ms
08-15 10:59:39.776  9284  9428 D cellinfo: 46 bytes from 54.197.223.49: icmp_seq=1394 ttl=40 time=37.1 ms
08-15 10:59:39.983  9284  9428 D cellinfo: 46 bytes from 54.197.223.49: icmp_seq=1395 ttl=40 time=43.0 ms
08-15 10:59:40.195  9284  9428 D cellinfo: 46 bytes from 54.197.223.49: icmp_seq=1396 ttl=40 time=55.2 ms
08-15 10:59:40.394  9284  9428 D cellinfo: 46 bytes from 54.197.223.49: icmp_seq=1397 ttl=40 time=53.2 ms
08-15 10:59:40.585  9284  9428 D cellinfo: 46 bytes from 54.197.223.49: icmp_seq=1398 ttl=40 time=42.5 ms
08-15 10:59:40.787  9284  9428 D cellinfo: 46 bytes from 54.197.223.49: icmp_seq=1399 ttl=40 time=43.6 ms
08-15 10:59:40.789  9284  9284 D cellinfo: Latitude is 43.2009025
08-15 10:59:40.790  9284  9284 D cellinfo: Longitude is -77.6386924
08-15 10:59:40.790  9284  9284 D cellinfo: Instantaneous GPS information: United States, 454 W Ridge Rd, Rochester, NY 14615, USA
08-15 10:59:40.790  9284  9284 D cellinfo: getCurrentLocation() result: Location (success): 43.2009025, -77.6386924
08-15 10:59:40.792  9284  9284 D cellinfo: onCellInfoChanged: Operator: Verizon Wireless UpdateTimestamp: 234481742 CellConnectionStatus: 1
08-15 10:59:40.792  9284  9284 D cellinfo: onCellInfoChanged: 5G-NR Cell Bands: [] ARFCN: 177000 Cell ID: 9223372036854775807 Physical Cell ID: 181 Tracking Area Code: 16777215
08-15 10:59:40.987  9284  9428 D cellinfo: 46 bytes from 54.197.223.49: icmp_seq=1400 ttl=40 time=41.2 ms
08-15 10:59:41.202  9284  9428 D cellinfo: 46 bytes from 54.197.223.49: icmp_seq=1401 ttl=40 time=56.0 ms
08-15 10:59:41.391  9284  9428 D cellinfo: 46 bytes from 54.197.223.49: icmp_seq=1402 ttl=40 time=44.3 ms
08-15 10:59:41.597  9284  9428 D cellinfo: 46 bytes from 54.197.223.49: icmp_seq=1403 ttl=40 time=48.6 ms
08-15 10:59:41.813  9284  9428 D cellinfo: 46 bytes from 54.197.223.49: icmp_seq=1404 ttl=40 time=64.0 ms
08-15 10:59:42.006  9284  9428 D cellinfo: 46 bytes from 54.197.223.49: icmp_seq=1405 ttl=40 time=56.0 ms
08-15 10:59:42.183  9284  9428 D cellinfo: 46 bytes from 54.197.223.49: icmp_seq=1406 ttl=40 time=34.1 ms
08-15 10:59:42.387  9284  9428 D cellinfo: 46 bytes from 54.197.223.49: icmp_seq=1407 ttl=40 time=37.0 ms
08-15 10:59:42.607  9284  9428 D cellinfo: 46 bytes from 54.197.223.49: icmp_seq=1408 ttl=40 time=55.4 ms
08-15 10:59:42.797  9284  9428 D cellinfo: 46 bytes from 54.197.223.49: icmp_seq=1409 ttl=40 time=45.4 ms
08-15 10:59:43.105  9284  9284 D cellinfo: onsignalStrengthsChanged: LTE Signal Strength info: rsrp: -88 rsrq: -10 rssi: -59 rssnr: 19
08-15 10:59:43.105  9284  9284 D cellinfo: onsignalStrengthsChanged: 5G-NR Signal Strength info: ssrsrp: -84 ssrsrq: -11 sssinr: 15
08-15 10:59:43.277  9284  9428 D cellinfo: 46 bytes from 54.197.223.49: icmp_seq=1410 ttl=40 time=324 ms
08-15 10:59:43.277  9284  9428 D cellinfo: 46 bytes from 54.197.223.49: icmp_seq=1411 ttl=40 time=120 ms
08-15 10:59:43.405  9284  9428 D cellinfo: 46 bytes from 54.197.223.49: icmp_seq=1412 ttl=40 time=47.7 ms
08-15 10:59:43.590  9284  9428 D cellinfo: 46 bytes from 54.197.223.49: icmp_seq=1413 ttl=40 time=31.7 ms
08-15 10:59:43.720  9284  9284 D cellinfo: Latitude is 43.2010494
08-15 10:59:43.720  9284  9284 D cellinfo: Longitude is -77.6386027
08-15 10:59:43.721  9284  9284 D cellinfo: Instantaneous GPS information: United States, 1782 Dewey Ave, Rochester, NY 14615, USA
08-15 10:59:43.721  9284  9284 D cellinfo: getCurrentLocation() result: Location (success): 43.2010494, -77.6386027
08-15 10:59:43.723  9284  9284 D cellinfo: onCellInfoChanged: Operator: Verizon Wireless UpdateTimestamp: 234484755 CellConnectionStatus: 1
08-15 10:59:43.723  9284  9284 D cellinfo: onCellInfoChanged: 5G-NR Cell Bands: [] ARFCN: 177000 Cell ID: 9223372036854775807 Physical Cell ID: 181 Tracking Area Code: 16777215
08-15 10:59:43.789  9284  9428 D cellinfo: 46 bytes from 54.197.223.49: icmp_seq=1414 ttl=40 time=31.0 ms
08-15 10:59:44.004  9284  9428 D cellinfo: 46 bytes from 54.197.223.49: icmp_seq=1415 ttl=40 time=45.3 ms
08-15 10:59:44.213  9284  9428 D cellinfo: 46 bytes from 54.197.223.49: icmp_seq=1416 ttl=40 time=54.1 ms
08-15 10:59:44.405  9284  9428 D cellinfo: 46 bytes from 54.197.223.49: icmp_seq=1417 ttl=40 time=44.9 ms
08-15 10:59:44.615  9284  9428 D cellinfo: 46 bytes from 54.197.223.49: icmp_seq=1418 ttl=40 time=53.4 ms
08-15 10:59:44.814  9284  9428 D cellinfo: 46 bytes from 54.197.223.49: icmp_seq=1419 ttl=40 time=51.9 ms
08-15 10:59:45.016  9284  9428 D cellinfo: 46 bytes from 54.197.223.49: icmp_seq=1420 ttl=40 time=52.1 ms
08-15 10:59:45.205  9284  9428 D cellinfo: 46 bytes from 54.197.223.49: icmp_seq=1421 ttl=40 time=41.2 ms
08-15 10:59:45.412  9284  9428 D cellinfo: 46 bytes from 54.197.223.49: icmp_seq=1422 ttl=40 time=47.6 ms
08-15 10:59:45.616  9284  9428 D cellinfo: 46 bytes from 54.197.223.49: icmp_seq=1423 ttl=40 time=51.4 ms
08-15 10:59:45.816  9284  9428 D cellinfo: 46 bytes from 54.197.223.49: icmp_seq=1424 ttl=40 time=50.5 ms
08-15 10:59:46.016  9284  9428 D cellinfo: 46 bytes from 54.197.223.49: icmp_seq=1425 ttl=40 time=50.0 ms
08-15 10:59:46.207  9284  9428 D cellinfo: 46 bytes from 54.197.223.49: icmp_seq=1426 ttl=40 time=41.1 ms
08-15 10:59:46.418  9284  9428 D cellinfo: 46 bytes from 54.197.223.49: icmp_seq=1427 ttl=40 time=51.0 ms
08-15 10:59:46.609  9284  9428 D cellinfo: 46 bytes from 54.197.223.49: icmp_seq=1428 ttl=40 time=41.2 ms
08-15 10:59:46.757  9284  9284 D cellinfo: Latitude is 43.2007783
08-15 10:59:46.757  9284  9284 D cellinfo: Longitude is -77.6380474
08-15 10:59:46.757  9284  9284 D cellinfo: Instantaneous GPS information: United States, 434 W Ridge Rd, Rochester, NY 14615, USA
08-15 10:59:46.757  9284  9284 D cellinfo: getCurrentLocation() result: Location (success): 43.2007783, -77.6380474
08-15 10:59:46.760  9284  9284 D cellinfo: onCellInfoChanged: Operator: Verizon Wireless UpdateTimestamp: 234487746 CellConnectionStatus: 1
08-15 10:59:46.760  9284  9284 D cellinfo: onCellInfoChanged: 5G-NR Cell Bands: [] ARFCN: 177000 Cell ID: 9223372036854775807 Physical Cell ID: 181 Tracking Area Code: 16777215
08-15 10:59:46.801  9284  9428 D cellinfo: 46 bytes from 54.197.223.49: icmp_seq=1429 ttl=40 time=32.2 ms
08-15 10:59:47.024  9284  9428 D cellinfo: 46 bytes from 54.197.223.49: icmp_seq=1430 ttl=40 time=54.9 ms
08-15 10:59:47.218  9284  9428 D cellinfo: 46 bytes from 54.197.223.49: icmp_seq=1431 ttl=40 time=48.6 ms
08-15 10:59:47.405  9284  9428 D cellinfo: 46 bytes from 54.197.223.49: icmp_seq=1432 ttl=40 time=35.7 ms
08-15 10:59:47.616  9284  9428 D cellinfo: 46 bytes from 54.197.223.49: icmp_seq=1433 ttl=40 time=45.5 ms
08-15 10:59:47.816  9284  9428 D cellinfo: 46 bytes from 54.197.223.49: icmp_seq=1434 ttl=40 time=46.2 ms
08-15 10:59:48.026  9284  9428 D cellinfo: 46 bytes from 54.197.223.49: icmp_seq=1435 ttl=40 time=55.3 ms
08-15 10:59:48.224  9284  9428 D cellinfo: 46 bytes from 54.197.223.49: icmp_seq=1436 ttl=40 time=52.4 ms
08-15 10:59:48.415  9284  9428 D cellinfo: 46 bytes from 54.197.223.49: icmp_seq=1437 ttl=40 time=42.5 ms
08-15 10:59:48.615  9284  9428 D cellinfo: 46 bytes from 54.197.223.49: icmp_seq=1438 ttl=40 time=43.0 ms
08-15 10:59:48.827  9284  9428 D cellinfo: 46 bytes from 54.197.223.49: icmp_seq=1439 ttl=40 time=53.3 ms
08-15 10:59:49.027  9284  9428 D cellinfo: 46 bytes from 54.197.223.49: icmp_seq=1440 ttl=40 time=53.0 ms
08-15 10:59:49.102  9284  9284 D cellinfo: onsignalStrengthsChanged: LTE Signal Strength info: rsrp: -84 rsrq: -10 rssi: -53 rssnr: 16
08-15 10:59:49.102  9284  9284 D cellinfo: onsignalStrengthsChanged: 5G-NR Signal Strength info: ssrsrp: -75 ssrsrq: -10 sssinr: 14
08-15 10:59:49.216  9284  9428 D cellinfo: 46 bytes from 54.197.223.49: icmp_seq=1441 ttl=40 time=42.9 ms
08-15 10:59:49.423  9284  9428 D cellinfo: 46 bytes from 54.197.223.49: icmp_seq=1442 ttl=40 time=48.5 ms
08-15 10:59:49.616  9284  9428 D cellinfo: 46 bytes from 54.197.223.49: icmp_seq=1443 ttl=40 time=40.7 ms
08-15 10:59:49.760  9284  9284 D cellinfo: Latitude is 43.2000522
08-15 10:59:49.760  9284  9284 D cellinfo: Longitude is -77.6372639
08-15 10:59:49.760  9284  9284 D cellinfo: Instantaneous GPS information: United States, 12 Goodwill St, Rochester, NY 14615, USA
08-15 10:59:49.760  9284  9284 D cellinfo: getCurrentLocation() result: Location (success): 43.2000522, -77.6372639
08-15 10:59:49.765  9284  9284 D cellinfo: onCellInfoChanged: Operator: Verizon Wireless UpdateTimestamp: 234490766 CellConnectionStatus: 1
08-15 10:59:49.765  9284  9284 D cellinfo: onCellInfoChanged: 5G-NR Cell Bands: [] ARFCN: 177000 Cell ID: 9223372036854775807 Physical Cell ID: 181 Tracking Area Code: 16777215
08-15 10:59:49.818  9284  9428 D cellinfo: 46 bytes from 54.197.223.49: icmp_seq=1444 ttl=40 time=43.0 ms
08-15 10:59:50.016  9284  9428 D cellinfo: 46 bytes from 54.197.223.49: icmp_seq=1445 ttl=40 time=40.5 ms
08-15 10:59:50.216  9284  9428 D cellinfo: 46 bytes from 54.197.223.49: icmp_seq=1446 ttl=40 time=40.2 ms
08-15 10:59:50.415  9284  9428 D cellinfo: 46 bytes from 54.197.223.49: icmp_seq=1447 ttl=40 time=38.2 ms
08-15 10:59:50.626  9284  9428 D cellinfo: 46 bytes from 54.197.223.49: icmp_seq=1448 ttl=40 time=47.2 ms
08-15 10:59:50.824  9284  9428 D cellinfo: 46 bytes from 54.197.223.49: icmp_seq=1449 ttl=40 time=44.9 ms
08-15 10:59:51.024  9284  9428 D cellinfo: 46 bytes from 54.197.223.49: icmp_seq=1450 ttl=40 time=44.3 ms
08-15 10:59:51.224  9284  9428 D cellinfo: 46 bytes from 54.197.223.49: icmp_seq=1451 ttl=40 time=44.2 ms
08-15 10:59:51.417  9284  9428 D cellinfo: 46 bytes from 54.197.223.49: icmp_seq=1452 ttl=40 time=35.7 ms
08-15 10:59:51.635  9284  9428 D cellinfo: 46 bytes from 54.197.223.49: icmp_seq=1453 ttl=40 time=53.1 ms
08-15 10:59:51.839  9284  9428 D cellinfo: 46 bytes from 54.197.223.49: icmp_seq=1454 ttl=40 time=55.7 ms
08-15 10:59:52.047  9284  9428 D cellinfo: 46 bytes from 54.197.223.49: icmp_seq=1455 ttl=40 time=62.8 ms
08-15 10:59:52.236  9284  9428 D cellinfo: 46 bytes from 54.197.223.49: icmp_seq=1456 ttl=40 time=52.2 ms
08-15 10:59:52.425  9284  9428 D cellinfo: 46 bytes from 54.197.223.49: icmp_seq=1457 ttl=40 time=41.1 ms
08-15 10:59:52.622  9284  9428 D cellinfo: 46 bytes from 54.197.223.49: icmp_seq=1458 ttl=40 time=36.7 ms
08-15 10:59:52.757  9284  9284 D cellinfo: Latitude is 43.1997266
08-15 10:59:52.757  9284  9284 D cellinfo: Longitude is -77.6373423
08-15 10:59:52.757  9284  9284 D cellinfo: Instantaneous GPS information: United States, 396 W Ridge Rd, Rochester, NY 14615, USA
08-15 10:59:52.757  9284  9284 D cellinfo: getCurrentLocation() result: Location (success): 43.1997266, -77.6373423
08-15 10:59:52.760  9284  9284 D cellinfo: onCellInfoChanged: Operator: Verizon Wireless UpdateTimestamp: 234493749 CellConnectionStatus: 1
08-15 10:59:52.761  9284  9284 D cellinfo: onCellInfoChanged: 5G-NR Cell Bands: [] ARFCN: 177000 Cell ID: 9223372036854775807 Physical Cell ID: 181 Tracking Area Code: 16777215
08-15 10:59:52.817  9284  9428 D cellinfo: 46 bytes from 54.197.223.49: icmp_seq=1459 ttl=40 time=31.6 ms
08-15 10:59:53.036  9284  9428 D cellinfo: 46 bytes from 54.197.223.49: icmp_seq=1460 ttl=40 time=47.7 ms
08-15 10:59:53.101  9284  9284 D cellinfo: onsignalStrengthsChanged: LTE Signal Strength info: rsrp: -87 rsrq: -9 rssi: -57 rssnr: 14
08-15 10:59:53.101  9284  9284 D cellinfo: onsignalStrengthsChanged: 5G-NR Signal Strength info: ssrsrp: -76 ssrsrq: -10 sssinr: 14
08-15 10:59:53.233  9284  9428 D cellinfo: 46 bytes from 54.197.223.49: icmp_seq=1461 ttl=40 time=46.7 ms
08-15 10:59:53.421  9284  9428 D cellinfo: 46 bytes from 54.197.223.49: icmp_seq=1462 ttl=40 time=34.3 ms
08-15 10:59:53.637  9284  9428 D cellinfo: 46 bytes from 54.197.223.49: icmp_seq=1463 ttl=40 time=48.7 ms
08-15 10:59:53.837  9284  9428 D cellinfo: 46 bytes from 54.197.223.49: icmp_seq=1464 ttl=40 time=47.6 ms
08-15 10:59:54.032  9284  9428 D cellinfo: 46 bytes from 54.197.223.49: icmp_seq=1465 ttl=40 time=42.1 ms
08-15 10:59:54.219  9284  9428 D cellinfo: 46 bytes from 54.197.223.49: icmp_seq=1466 ttl=40 time=28.7 ms
08-15 10:59:54.454  9284  9428 D cellinfo: 46 bytes from 54.197.223.49: icmp_seq=1467 ttl=40 time=62.5 ms
08-15 10:59:54.646  9284  9428 D cellinfo: 46 bytes from 54.197.223.49: icmp_seq=1468 ttl=40 time=54.1 ms
08-15 10:59:54.848  9284  9428 D cellinfo: 46 bytes from 54.197.223.49: icmp_seq=1469 ttl=40 time=55.3 ms
08-15 10:59:55.063  9284  9428 D cellinfo: 46 bytes from 54.197.223.49: icmp_seq=1470 ttl=40 time=70.1 ms
08-15 10:59:55.245  9284  9428 D cellinfo: 46 bytes from 54.197.223.49: icmp_seq=1471 ttl=40 time=52.1 ms
08-15 10:59:55.456  9284  9428 D cellinfo: 46 bytes from 54.197.223.49: icmp_seq=1472 ttl=40 time=63.3 ms
08-15 10:59:55.627  9284  9428 D cellinfo: 46 bytes from 54.197.223.49: icmp_seq=1473 ttl=40 time=32.4 ms
08-15 10:59:55.727  9284  9284 D cellinfo: Latitude is 43.1998104
08-15 10:59:55.727  9284  9284 D cellinfo: Longitude is -77.6367329
08-15 10:59:55.727  9284  9284 D cellinfo: Instantaneous GPS information: United States, 366 W Ridge Rd, Rochester, NY 14615, USA
08-15 10:59:55.727  9284  9284 D cellinfo: getCurrentLocation() result: Location (success): 43.1998104, -77.6367329
08-15 10:59:55.732  9284  9284 D cellinfo: onCellInfoChanged: Operator: Verizon Wireless UpdateTimestamp: 234496744 CellConnectionStatus: 1
08-15 10:59:55.732  9284  9284 D cellinfo: onCellInfoChanged: 5G-NR Cell Bands: [] ARFCN: 177000 Cell ID: 9223372036854775807 Physical Cell ID: 181 Tracking Area Code: 16777215
08-15 10:59:55.836  9284  9428 D cellinfo: 46 bytes from 54.197.223.49: icmp_seq=1474 ttl=40 time=41.2 ms
08-15 10:59:56.047  9284  9428 D cellinfo: 46 bytes from 54.197.223.49: icmp_seq=1475 ttl=40 time=51.3 ms
08-15 10:59:56.252  9284  9428 D cellinfo: 46 bytes from 54.197.223.49: icmp_seq=1476 ttl=40 time=56.4 ms
08-15 10:59:56.437  9284  9428 D cellinfo: 46 bytes from 54.197.223.49: icmp_seq=1477 ttl=40 time=38.8 ms
08-15 10:59:56.637  9284  9428 D cellinfo: 46 bytes from 54.197.223.49: icmp_seq=1478 ttl=40 time=38.3 ms
08-15 10:59:56.862  9284  9428 D cellinfo: 46 bytes from 54.197.223.49: icmp_seq=1479 ttl=40 time=62.1 ms
08-15 10:59:57.063  9284  9428 D cellinfo: 46 bytes from 54.197.223.49: icmp_seq=1480 ttl=40 time=62.4 ms
08-15 10:59:57.246  9284  9428 D cellinfo: 46 bytes from 54.197.223.49: icmp_seq=1481 ttl=40 time=43.1 ms
08-15 10:59:57.456  9284  9428 D cellinfo: 46 bytes from 54.197.223.49: icmp_seq=1482 ttl=40 time=52.1 ms
08-15 10:59:57.658  9284  9428 D cellinfo: 46 bytes from 54.197.223.49: icmp_seq=1483 ttl=40 time=52.1 ms
08-15 10:59:57.865  9284  9428 D cellinfo: 46 bytes from 54.197.223.49: icmp_seq=1484 ttl=40 time=59.9 ms
08-15 10:59:58.060  9284  9428 D cellinfo: 46 bytes from 54.197.223.49: icmp_seq=1485 ttl=40 time=53.9 ms
08-15 10:59:58.256  9284  9428 D cellinfo: 46 bytes from 54.197.223.49: icmp_seq=1486 ttl=40 time=48.7 ms
08-15 10:59:58.457  9284  9428 D cellinfo: 46 bytes from 54.197.223.49: icmp_seq=1487 ttl=40 time=49.0 ms
08-15 10:59:58.654  9284  9428 D cellinfo: 46 bytes from 54.197.223.49: icmp_seq=1488 ttl=40 time=45.4 ms
08-15 10:59:58.778  9284  9284 D cellinfo: Latitude is 43.1997259
08-15 10:59:58.778  9284  9284 D cellinfo: Longitude is -77.6365457
08-15 10:59:58.778  9284  9284 D cellinfo: Instantaneous GPS information: United States, 360a W Ridge Rd, Rochester, NY 14615, USA
08-15 10:59:58.778  9284  9284 D cellinfo: getCurrentLocation() result: Location (success): 43.1997259, -77.6365457
08-15 10:59:58.844  9284  9428 D cellinfo: 46 bytes from 54.197.223.49: icmp_seq=1489 ttl=40 time=35.2 ms
08-15 10:59:59.057  9284  9428 D cellinfo: 46 bytes from 54.197.223.49: icmp_seq=1490 ttl=40 time=45.5 ms
08-15 10:59:59.181  9284  9284 D cellinfo: onCellInfoChanged: Operator: Verizon Wireless UpdateTimestamp: 234500449 CellConnectionStatus: 1
08-15 10:59:59.181  9284  9284 D cellinfo: onCellInfoChanged: 5G-NR Cell Bands: [] ARFCN: 177000 Cell ID: 9223372036854775807 Physical Cell ID: 181 Tracking Area Code: 16777215
08-15 10:59:59.244  9284  9428 D cellinfo: 46 bytes from 54.197.223.49: icmp_seq=1491 ttl=40 time=34.2 ms
08-15 10:59:59.456  9284  9428 D cellinfo: 46 bytes from 54.197.223.49: icmp_seq=1492 ttl=40 time=44.4 ms
08-15 10:59:59.657  9284  9428 D cellinfo: 46 bytes from 54.197.223.49: icmp_seq=1493 ttl=40 time=44.0 ms
08-15 10:59:59.867  9284  9428 D cellinfo: 46 bytes from 54.197.223.49: icmp_seq=1494 ttl=40 time=53.2 ms
08-15 11:00:00.055  9284  9428 D cellinfo: 46 bytes from 54.197.223.49: icmp_seq=1495 ttl=40 time=40.5 ms
08-15 11:00:00.259  9284  9428 D cellinfo: 46 bytes from 54.197.223.49: icmp_seq=1496 ttl=40 time=43.5 ms
08-15 11:00:00.464  9284  9428 D cellinfo: 46 bytes from 54.197.223.49: icmp_seq=1497 ttl=40 time=47.3 ms
08-15 11:00:00.663  9284  9428 D cellinfo: 46 bytes from 54.197.223.49: icmp_seq=1498 ttl=40 time=44.3 ms
08-15 11:00:00.909  9284  9428 D cellinfo: 46 bytes from 54.197.223.49: icmp_seq=1499 ttl=40 time=90.1 ms
08-15 11:00:01.062  9284  9428 D cellinfo: 46 bytes from 54.197.223.49: icmp_seq=1500 ttl=40 time=42.2 ms
08-15 11:00:01.153  9284  9284 D cellinfo: onsignalStrengthsChanged: LTE Signal Strength info: rsrp: -89 rsrq: -12 rssi: -55 rssnr: 10
08-15 11:00:01.153  9284  9284 D cellinfo: onsignalStrengthsChanged: 5G-NR Signal Strength info: ssrsrp: -82 ssrsrq: -11 sssinr: 12
08-15 11:00:01.254  9284  9428 D cellinfo: 46 bytes from 54.197.223.49: icmp_seq=1501 ttl=40 time=34.4 ms
08-15 11:00:01.474  9284  9428 D cellinfo: 46 bytes from 54.197.223.49: icmp_seq=1502 ttl=40 time=52.4 ms
08-15 11:00:01.667  9284  9428 D cellinfo: 46 bytes from 54.197.223.49: icmp_seq=1503 ttl=40 time=43.2 ms
08-15 11:00:01.739  9284  9284 D cellinfo: Latitude is 43.1995866
08-15 11:00:01.739  9284  9284 D cellinfo: Longitude is -77.6364491
08-15 11:00:01.740  9284  9284 D cellinfo: Instantaneous GPS information: United States, 348 W Ridge Rd, Rochester, NY 14615, USA
08-15 11:00:01.740  9284  9284 D cellinfo: getCurrentLocation() result: Location (success): 43.1995866, -77.6364491
08-15 11:00:01.747  9284  9284 D cellinfo: onCellInfoChanged: Operator: Verizon Wireless UpdateTimestamp: 234502722 CellConnectionStatus: 1
08-15 11:00:01.747  9284  9284 D cellinfo: onCellInfoChanged: 5G-NR Cell Bands: [] ARFCN: 177000 Cell ID: 9223372036854775807 Physical Cell ID: 181 Tracking Area Code: 16777215
08-15 11:00:01.862  9284  9428 D cellinfo: 46 bytes from 54.197.223.49: icmp_seq=1504 ttl=40 time=38.6 ms
08-15 11:00:02.083  9284  9428 D cellinfo: 46 bytes from 54.197.223.49: icmp_seq=1505 ttl=40 time=59.1 ms
08-15 11:00:02.265  9284  9428 D cellinfo: 46 bytes from 54.197.223.49: icmp_seq=1506 ttl=40 time=40.8 ms
08-15 11:00:02.466  9284  9428 D cellinfo: 46 bytes from 54.197.223.49: icmp_seq=1507 ttl=40 time=40.4 ms
08-15 11:00:02.674  9284  9428 D cellinfo: 46 bytes from 54.197.223.49: icmp_seq=1508 ttl=40 time=47.6 ms
08-15 11:00:02.940  9284  9428 D cellinfo: 46 bytes from 54.197.223.49: icmp_seq=1509 ttl=40 time=112 ms
08-15 11:00:03.075  9284  9428 D cellinfo: 46 bytes from 54.197.223.49: icmp_seq=1510 ttl=40 time=47.2 ms
08-15 11:00:03.267  9284  9428 D cellinfo: 46 bytes from 54.197.223.49: icmp_seq=1511 ttl=40 time=38.3 ms
08-15 11:00:03.466  9284  9428 D cellinfo: 46 bytes from 54.197.223.49: icmp_seq=1512 ttl=40 time=36.5 ms
08-15 11:00:03.689  9284  9428 D cellinfo: 46 bytes from 54.197.223.49: icmp_seq=1513 ttl=40 time=58.6 ms
08-15 11:00:03.886  9284  9428 D cellinfo: 46 bytes from 54.197.223.49: icmp_seq=1514 ttl=40 time=55.7 ms
08-15 11:00:04.086  9284  9428 D cellinfo: 46 bytes from 54.197.223.49: icmp_seq=1515 ttl=40 time=54.7 ms
08-15 11:00:04.277  9284  9428 D cellinfo: 46 bytes from 54.197.223.49: icmp_seq=1516 ttl=40 time=45.2 ms
08-15 11:00:04.479  9284  9284 D cellinfo: onCellInfoChanged: Operator: Verizon Wireless UpdateTimestamp: 234505748 CellConnectionStatus: 1
08-15 11:00:04.479  9284  9284 D cellinfo: onCellInfoChanged: 5G-NR Cell Bands: [] ARFCN: 177000 Cell ID: 9223372036854775807 Physical Cell ID: 181 Tracking Area Code: 16777215
08-15 11:00:04.495  9284  9428 D cellinfo: 46 bytes from 54.197.223.49: icmp_seq=1517 ttl=40 time=61.9 ms
08-15 11:00:04.680  9284  9428 D cellinfo: 46 bytes from 54.197.223.49: icmp_seq=1518 ttl=40 time=47.5 ms
08-15 11:00:04.875  9284  9428 D cellinfo: 46 bytes from 54.197.223.49: icmp_seq=1519 ttl=40 time=41.7 ms
08-15 11:00:05.135  9284  9428 D cellinfo: 46 bytes from 54.197.223.49: icmp_seq=1520 ttl=40 time=101 ms
08-15 11:00:05.285  9284  9428 D cellinfo: 46 bytes from 54.197.223.49: icmp_seq=1521 ttl=40 time=50.0 ms
08-15 11:00:05.479  9284  9428 D cellinfo: 46 bytes from 54.197.223.49: icmp_seq=1522 ttl=40 time=42.8 ms
08-15 11:00:05.673  9284  9284 D cellinfo: Latitude is 43.1985927
08-15 11:00:05.673  9284  9284 D cellinfo: Longitude is -77.6351278
08-15 11:00:05.673  9284  9284 D cellinfo: Instantaneous GPS information: United States, Ridge & Desmond, Rochester, NY 14615, USA
08-15 11:00:05.673  9284  9284 D cellinfo: getCurrentLocation() result: Location (success): 43.1985927, -77.6351278
08-15 11:00:05.680  9284  9428 D cellinfo: 46 bytes from 54.197.223.49: icmp_seq=1523 ttl=40 time=43.4 ms
08-15 11:00:05.906  9284  9428 D cellinfo: 46 bytes from 54.197.223.49: icmp_seq=1524 ttl=40 time=67.4 ms
08-15 11:00:06.081  9284  9428 D cellinfo: 46 bytes from 54.197.223.49: icmp_seq=1525 ttl=40 time=42.5 ms
08-15 11:00:06.273  9284  9428 D cellinfo: 46 bytes from 54.197.223.49: icmp_seq=1526 ttl=40 time=33.3 ms
08-15 11:00:06.483  9284  9428 D cellinfo: 46 bytes from 54.197.223.49: icmp_seq=1527 ttl=40 time=42.8 ms
08-15 11:00:06.695  9284  9428 D cellinfo: 46 bytes from 54.197.223.49: icmp_seq=1528 ttl=40 time=53.3 ms
08-15 11:00:06.883  9284  9428 D cellinfo: 46 bytes from 54.197.223.49: icmp_seq=1529 ttl=40 time=41.3 ms
08-15 11:00:07.096  9284  9428 D cellinfo: 46 bytes from 54.197.223.49: icmp_seq=1530 ttl=40 time=52.3 ms
08-15 11:00:07.179  9284  9284 D cellinfo: onsignalStrengthsChanged: LTE Signal Strength info: rsrp: -86 rsrq: -12 rssi: -53 rssnr: 13
08-15 11:00:07.179  9284  9284 D cellinfo: onsignalStrengthsChanged: 5G-NR Signal Strength info: ssrsrp: -82 ssrsrq: -10 sssinr: 12
08-15 11:00:07.303  9284  9428 D cellinfo: 46 bytes from 54.197.223.49: icmp_seq=1531 ttl=40 time=58.7 ms
08-15 11:00:07.493  9284  9428 D cellinfo: 46 bytes from 54.197.223.49: icmp_seq=1532 ttl=40 time=49.0 ms
08-15 11:00:07.683  9284  9428 D cellinfo: 46 bytes from 54.197.223.49: icmp_seq=1533 ttl=40 time=37.8 ms
08-15 11:00:07.738  9284  9284 D cellinfo: Latitude is 43.1985204
08-15 11:00:07.738  9284  9284 D cellinfo: Longitude is -77.6350109
08-15 11:00:07.738  9284  9284 D cellinfo: Instantaneous GPS information: United States, Ridge & Desmond, Rochester, NY 14615, USA
08-15 11:00:07.738  9284  9284 D cellinfo: getCurrentLocation() result: Location (success): 43.1985204, -77.6350109
08-15 11:00:07.742  9284  9284 D cellinfo: onCellInfoChanged: Operator: Verizon Wireless UpdateTimestamp: 234508731 CellConnectionStatus: 1
08-15 11:00:07.742  9284  9284 D cellinfo: onCellInfoChanged: 5G-NR Cell Bands: [] ARFCN: 177000 Cell ID: 9223372036854775807 Physical Cell ID: 181 Tracking Area Code: 16777215
08-15 11:00:07.889  9284  9428 D cellinfo: 46 bytes from 54.197.223.49: icmp_seq=1534 ttl=40 time=42.9 ms
08-15 11:00:08.110  9284  9428 D cellinfo: 46 bytes from 54.197.223.49: icmp_seq=1535 ttl=40 time=63.5 ms
08-15 11:00:08.280  9284  9428 D cellinfo: 46 bytes from 54.197.223.49: icmp_seq=1536 ttl=40 time=31.4 ms
08-15 11:00:08.496  9284  9428 D cellinfo: 46 bytes from 54.197.223.49: icmp_seq=1537 ttl=40 time=46.1 ms
08-15 11:00:08.717  9284  9428 D cellinfo: 46 bytes from 54.197.223.49: icmp_seq=1538 ttl=40 time=66.2 ms
08-15 11:00:08.916  9284  9428 D cellinfo: 46 bytes from 54.197.223.49: icmp_seq=1539 ttl=40 time=63.0 ms
08-15 11:00:09.120  9284  9428 D cellinfo: 46 bytes from 54.197.223.49: icmp_seq=1540 ttl=40 time=66.5 ms
08-15 11:00:09.287  9284  9428 D cellinfo: 46 bytes from 54.197.223.49: icmp_seq=1541 ttl=40 time=33.0 ms
08-15 11:00:09.514  9284  9428 D cellinfo: 46 bytes from 54.197.223.49: icmp_seq=1542 ttl=40 time=59.1 ms
08-15 11:00:09.718  9284  9428 D cellinfo: 46 bytes from 54.197.223.49: icmp_seq=1543 ttl=40 time=61.7 ms
08-15 11:00:09.920  9284  9428 D cellinfo: 46 bytes from 54.197.223.49: icmp_seq=1544 ttl=40 time=63.3 ms
08-15 11:00:10.106  9284  9428 D cellinfo: 46 bytes from 54.197.223.49: icmp_seq=1545 ttl=40 time=48.7 ms
08-15 11:00:10.308  9284  9428 D cellinfo: 46 bytes from 54.197.223.49: icmp_seq=1546 ttl=40 time=49.8 ms
08-15 11:00:10.518  9284  9428 D cellinfo: 46 bytes from 54.197.223.49: icmp_seq=1547 ttl=40 time=59.5 ms
08-15 11:00:10.694  9284  9428 D cellinfo: 46 bytes from 54.197.223.49: icmp_seq=1548 ttl=40 time=33.6 ms
08-15 11:00:10.759  9284  9284 D cellinfo: Latitude is 43.19835
08-15 11:00:10.760  9284  9284 D cellinfo: Longitude is -77.6347238
08-15 11:00:10.760  9284  9284 D cellinfo: Instantaneous GPS information: United States, Ridge & Desmond, Rochester, NY 14615, USA
08-15 11:00:10.760  9284  9284 D cellinfo: getCurrentLocation() result: Location (success): 43.19835, -77.6347238
08-15 11:00:10.762  9284  9284 D cellinfo: onCellInfoChanged: Operator: Verizon Wireless UpdateTimestamp: 234511750 CellConnectionStatus: 1
08-15 11:00:10.762  9284  9284 D cellinfo: onCellInfoChanged: 5G-NR Cell Bands: [] ARFCN: 177000 Cell ID: 9223372036854775807 Physical Cell ID: 181 Tracking Area Code: 16777215
08-15 11:00:10.896  9284  9428 D cellinfo: 46 bytes from 54.197.223.49: icmp_seq=1549 ttl=40 time=34.3 ms
08-15 11:00:11.122  9284  9428 D cellinfo: 46 bytes from 54.197.223.49: icmp_seq=1550 ttl=40 time=60.0 ms
08-15 11:00:11.303  9284  9428 D cellinfo: 46 bytes from 54.197.223.49: icmp_seq=1551 ttl=40 time=40.3 ms
08-15 11:00:11.506  9284  9428 D cellinfo: 46 bytes from 54.197.223.49: icmp_seq=1552 ttl=40 time=41.8 ms
08-15 11:00:11.715  9284  9428 D cellinfo: 46 bytes from 54.197.223.49: icmp_seq=1553 ttl=40 time=50.5 ms
08-15 11:00:11.916  9284  9428 D cellinfo: 46 bytes from 54.197.223.49: icmp_seq=1554 ttl=40 time=50.9 ms
08-15 11:00:12.107  9284  9428 D cellinfo: 46 bytes from 54.197.223.49: icmp_seq=1555 ttl=40 time=41.1 ms
08-15 11:00:12.313  9284  9428 D cellinfo: 46 bytes from 54.197.223.49: icmp_seq=1556 ttl=40 time=45.8 ms
08-15 11:00:12.517  9284  9428 D cellinfo: 46 bytes from 54.197.223.49: icmp_seq=1557 ttl=40 time=49.1 ms
08-15 11:00:12.718  9284  9428 D cellinfo: 46 bytes from 54.197.223.49: icmp_seq=1558 ttl=40 time=49.2 ms
08-15 11:00:12.906  9284  9428 D cellinfo: 46 bytes from 54.197.223.49: icmp_seq=1559 ttl=40 time=36.2 ms
08-15 11:00:13.128  9284  9428 D cellinfo: 46 bytes from 54.197.223.49: icmp_seq=1560 ttl=40 time=56.2 ms
08-15 11:00:13.335  9284  9428 D cellinfo: 46 bytes from 54.197.223.49: icmp_seq=1561 ttl=40 time=62.8 ms
08-15 11:00:13.434  9284  9284 D cellinfo: Latitude is 43.1983387
08-15 11:00:13.434  9284  9284 D cellinfo: Longitude is -77.6347066
08-15 11:00:13.434  9284  9284 D cellinfo: Instantaneous GPS information: United States, Ridge & Desmond, Rochester, NY 14615, USA
08-15 11:00:13.434  9284  9284 D cellinfo: getCurrentLocation() result: Location (success): 43.1983387, -77.6347066
08-15 11:00:13.498  9284  9284 D cellinfo: onCellInfoChanged: Operator: Verizon Wireless UpdateTimestamp: 234514766 CellConnectionStatus: 1
