08-15 11:00:38.358 14849 14996 D cellinfo: 46 bytes from 54.197.223.49: icmp_seq=1670 ttl=37 time=81.8 ms
08-15 11:00:38.616 14849 14996 D cellinfo: 46 bytes from 54.197.223.49: icmp_seq=1671 ttl=37 time=139 ms
08-15 11:00:38.765 14849 14996 D cellinfo: 46 bytes from 54.197.223.49: icmp_seq=1672 ttl=37 time=88.2 ms
08-15 11:00:38.976 14849 14996 D cellinfo: 46 bytes from 54.197.223.49: icmp_seq=1673 ttl=37 time=98.1 ms
08-15 11:00:39.186 14849 14996 D cellinfo: 46 bytes from 54.197.223.49: icmp_seq=1674 ttl=37 time=107 ms
08-15 11:00:39.466 14849 14996 D cellinfo: 46 bytes from 54.197.223.49: icmp_seq=1675 ttl=37 time=186 ms
08-15 11:00:39.567 14849 14996 D cellinfo: 46 bytes from 54.197.223.49: icmp_seq=1676 ttl=37 time=86.5 ms
08-15 11:00:39.791 14849 14996 D cellinfo: 46 bytes from 54.197.223.49: icmp_seq=1677 ttl=37 time=110 ms
08-15 11:00:40.012 14849 14996 D cellinfo: 46 bytes from 54.197.223.49: icmp_seq=1678 ttl=37 time=131 ms
08-15 11:00:40.182 14849 14996 D cellinfo: 46 bytes from 54.197.223.49: icmp_seq=1679 ttl=37 time=100 ms
08-15 11:00:40.386 14849 14849 D cellinfo: Latitude is 43.1964316
08-15 11:00:40.386 14849 14849 D cellinfo: Longitude is -77.6314065
08-15 11:00:40.386 14849 14849 D cellinfo: Instantaneous GPS information: United States, 30 Kodacolor Cir, Rochester, NY 14615, USA
08-15 11:00:40.386 14849 14849 D cellinfo: getCurrentLocation() result: Location (success): 43.1964316, -77.6314065
08-15 11:00:40.431 14849 14996 D cellinfo: 46 bytes from 54.197.223.49: icmp_seq=1680 ttl=37 time=149 ms
08-15 11:00:40.466 14849 14849 D cellinfo: onCellInfoChanged: Operator:  UpdateTimestamp: 399519856 CellConnectionStatus: 1
08-15 11:00:40.466 14849 14849 D cellinfo: onCellInfoChanged: 5G-NR Cell Bands: [] ARFCN: 528000 Cell ID: 9223372036854775807 Physical Cell ID: 529 Tracking Area Code: 16777215
08-15 11:00:40.581 14849 14996 D cellinfo: 46 bytes from 54.197.223.49: icmp_seq=1681 ttl=37 time=98.9 ms
08-15 11:00:40.771 14849 14996 D cellinfo: 46 bytes from 54.197.223.49: icmp_seq=1682 ttl=37 time=88.1 ms
08-15 11:00:40.976 14849 14996 D cellinfo: 46 bytes from 54.197.223.49: icmp_seq=1683 ttl=37 time=92.5 ms
08-15 11:00:41.173 14849 14996 D cellinfo: 46 bytes from 54.197.223.49: icmp_seq=1684 ttl=37 time=89.0 ms
08-15 11:00:41.416 14849 14996 D cellinfo: 46 bytes from 54.197.223.49: icmp_seq=1685 ttl=37 time=130 ms
08-15 11:00:41.571 14849 14996 D cellinfo: 46 bytes from 54.197.223.49: icmp_seq=1686 ttl=37 time=85.1 ms
08-15 11:00:41.797 14849 14996 D cellinfo: 46 bytes from 54.197.223.49: icmp_seq=1687 ttl=37 time=110 ms
08-15 11:00:41.991 14849 14996 D cellinfo: 46 bytes from 54.197.223.49: icmp_seq=1688 ttl=37 time=103 ms
08-15 11:00:42.165 14849 14996 D cellinfo: 46 bytes from 54.197.223.49: icmp_seq=1689 ttl=37 time=76.8 ms
08-15 11:00:42.389 14849 14996 D cellinfo: 46 bytes from 54.197.223.49: icmp_seq=1690 ttl=37 time=100 ms
08-15 11:00:42.591 14849 14996 D cellinfo: 46 bytes from 54.197.223.49: icmp_seq=1691 ttl=37 time=100 ms
08-15 11:00:42.797 14849 14996 D cellinfo: 46 bytes from 54.197.223.49: icmp_seq=1692 ttl=37 time=106 ms
08-15 11:00:42.996 14849 14996 D cellinfo: 46 bytes from 54.197.223.49: icmp_seq=1693 ttl=37 time=104 ms
08-15 11:00:43.191 14849 14996 D cellinfo: 46 bytes from 54.197.223.49: icmp_seq=1694 ttl=37 time=98.2 ms
08-15 11:00:43.422 14849 14996 D cellinfo: 46 bytes from 54.197.223.49: icmp_seq=1695 ttl=37 time=128 ms
08-15 11:00:43.571 14849 14996 D cellinfo: 46 bytes from 54.197.223.49: icmp_seq=1696 ttl=37 time=77.5 ms
08-15 11:00:43.781 14849 14996 D cellinfo: 46 bytes from 54.197.223.49: icmp_seq=1697 ttl=37 time=85.2 ms
08-15 11:00:44.501 14849 14996 D cellinfo: 46 bytes from 54.197.223.49: icmp_seq=1698 ttl=37 time=604 ms
08-15 11:00:44.502 14849 14996 D cellinfo: 46 bytes from 54.197.223.49: icmp_seq=1699 ttl=37 time=403 ms
08-15 11:00:44.502 14849 14996 D cellinfo: 46 bytes from 54.197.223.49: icmp_seq=1700 ttl=37 time=199 ms
08-15 11:00:44.649 14849 14849 D cellinfo: Latitude is 43.195417
08-15 11:00:44.649 14849 14849 D cellinfo: Longitude is -77.6297963
08-15 11:00:44.649 14849 14849 D cellinfo: Instantaneous GPS information: United States, 117 W Ridge Rd, Rochester, NY 14615, USA
08-15 11:00:44.649 14849 14849 D cellinfo: getCurrentLocation() result: Location (success): 43.195417, -77.6297963
08-15 11:00:44.653 14849 14996 D cellinfo: 46 bytes from 54.197.223.49: icmp_seq=1701 ttl=37 time=150 ms
08-15 11:00:44.654 14849 14849 D cellinfo: onServiceStateChanged: Channel Number: 675 Cell Bandwidths: [15000, 100000, 50000]
08-15 11:00:44.654 14849 14849 D cellinfo: onServiceStateChanged: Channel Number: 675 Cell Bandwidths: [15000, 15000, 5000]
08-15 11:00:44.722 14849 14849 D cellinfo: onServiceStateChanged: Channel Number: 675 Cell Bandwidths: [15000, 100000, 50000]
08-15 11:00:44.790 14849 14996 D cellinfo: 46 bytes from 54.197.223.49: icmp_seq=1702 ttl=37 time=88.0 ms
08-15 11:00:44.997 14849 14996 D cellinfo: 46 bytes from 54.197.223.49: icmp_seq=1703 ttl=37 time=93.7 ms
08-15 11:00:45.762 14849 14996 D cellinfo: 46 bytes from 54.197.223.49: icmp_seq=1704 ttl=37 time=657 ms
08-15 11:00:45.763 14849 14996 D cellinfo: 46 bytes from 54.197.223.49: icmp_seq=1705 ttl=37 time=455 ms
08-15 11:00:45.763 14849 14996 D cellinfo: 46 bytes from 54.197.223.49: icmp_seq=1706 ttl=37 time=251 ms
08-15 11:00:45.828 14849 14849 D cellinfo: onCellInfoChanged: Operator:  UpdateTimestamp: 399525225 CellConnectionStatus: 1
08-15 11:00:45.828 14849 14849 D cellinfo: onCellInfoChanged: 5G-NR Cell Bands: [] ARFCN: 528000 Cell ID: 9223372036854775807 Physical Cell ID: 13 Tracking Area Code: 16777215
08-15 11:00:45.852 14849 14996 D cellinfo: 46 bytes from 54.197.223.49: icmp_seq=1707 ttl=37 time=137 ms
08-15 11:00:46.016 14849 14996 D cellinfo: 46 bytes from 54.197.223.49: icmp_seq=1708 ttl=37 time=101 ms
08-15 11:00:46.216 14849 14996 D cellinfo: 46 bytes from 54.197.223.49: icmp_seq=1709 ttl=37 time=100 ms
08-15 11:00:46.384 14849 14849 D cellinfo: Latitude is 43.195417
08-15 11:00:46.384 14849 14849 D cellinfo: Longitude is -77.6297963
08-15 11:00:46.384 14849 14849 D cellinfo: Instantaneous GPS information: United States, 117 W Ridge Rd, Rochester, NY 14615, USA
08-15 11:00:46.384 14849 14849 D cellinfo: getCurrentLocation() result: Location (success): 43.195417, -77.6297963
08-15 11:00:46.496 14849 14996 D cellinfo: 46 bytes from 54.197.223.49: icmp_seq=1710 ttl=37 time=180 ms
08-15 11:00:46.654 14849 14996 D cellinfo: 46 bytes from 54.197.223.49: icmp_seq=1711 ttl=37 time=136 ms
08-15 11:00:46.802 14849 14996 D cellinfo: 46 bytes from 54.197.223.49: icmp_seq=1712 ttl=37 time=83.8 ms
08-15 11:00:47.016 14849 14996 D cellinfo: 46 bytes from 54.197.223.49: icmp_seq=1713 ttl=37 time=97.8 ms
08-15 11:00:47.209 14849 14996 D cellinfo: 46 bytes from 54.197.223.49: icmp_seq=1714 ttl=37 time=91.7 ms
08-15 11:00:47.412 14849 14996 D cellinfo: 46 bytes from 54.197.223.49: icmp_seq=1715 ttl=37 time=93.5 ms
08-15 11:00:47.600 14849 14996 D cellinfo: 46 bytes from 54.197.223.49: icmp_seq=1716 ttl=37 time=80.6 ms
08-15 11:00:47.807 14849 14996 D cellinfo: 46 bytes from 54.197.223.49: icmp_seq=1717 ttl=37 time=86.9 ms
08-15 11:00:48.009 14849 14996 D cellinfo: 46 bytes from 54.197.223.49: icmp_seq=1718 ttl=37 time=87.8 ms
08-15 11:00:48.216 14849 14996 D cellinfo: 46 bytes from 54.197.223.49: icmp_seq=1719 ttl=37 time=95.2 ms
08-15 11:00:48.410 14849 14996 D cellinfo: 46 bytes from 54.197.223.49: icmp_seq=1720 ttl=37 time=87.9 ms
08-15 11:00:48.608 14849 14996 D cellinfo: 46 bytes from 54.197.223.49: icmp_seq=1721 ttl=37 time=84.8 ms
08-15 11:00:48.813 14849 14996 D cellinfo: 46 bytes from 54.197.223.49: icmp_seq=1722 ttl=37 time=89.6 ms
08-15 11:00:49.008 14849 14996 D cellinfo: 46 bytes from 54.197.223.49: icmp_seq=1723 ttl=37 time=84.0 ms
08-15 11:00:49.222 14849 14996 D cellinfo: 46 bytes from 54.197.223.49: icmp_seq=1724 ttl=37 time=98.0 ms
08-15 11:00:49.415 14849 14996 D cellinfo: 46 bytes from 54.197.223.49: icmp_seq=1725 ttl=37 time=90.5 ms
08-15 11:00:49.649 14849 14996 D cellinfo: 46 bytes from 54.197.223.49: icmp_seq=1726 ttl=37 time=123 ms
08-15 11:00:49.833 14849 14996 D cellinfo: 46 bytes from 54.197.223.49: icmp_seq=1727 ttl=37 time=105 ms
08-15 11:00:49.900 14849 14849 D cellinfo: Latitude is 43.1953352
08-15 11:00:49.900 14849 14849 D cellinfo: Longitude is -77.6296722
08-15 11:00:49.900 14849 14849 D cellinfo: Instantaneous GPS information: United States, 113 W Ridge Rd, Rochester, NY 14615, USA
08-15 11:00:49.900 14849 14849 D cellinfo: getCurrentLocation() result: Location (success): 43.1953352, -77.6296722
08-15 11:00:50.017 14849 14996 D cellinfo: 46 bytes from 54.197.223.49: icmp_seq=1728 ttl=37 time=88.4 ms
08-15 11:00:50.211 14849 14996 D cellinfo: 46 bytes from 54.197.223.49: icmp_seq=1729 ttl=37 time=83.6 ms
08-15 11:00:50.417 14849 14996 D cellinfo: 46 bytes from 54.197.223.49: icmp_seq=1730 ttl=37 time=88.6 ms
08-15 11:00:50.612 14849 14996 D cellinfo: 46 bytes from 54.197.223.49: icmp_seq=1731 ttl=37 time=83.4 ms
08-15 11:00:50.816 14849 14996 D cellinfo: 46 bytes from 54.197.223.49: icmp_seq=1732 ttl=37 time=85.8 ms
08-15 11:00:51.012 14849 14996 D cellinfo: 46 bytes from 54.197.223.49: icmp_seq=1733 ttl=37 time=81.2 ms
08-15 11:00:51.237 14849 14996 D cellinfo: 46 bytes from 54.197.223.49: icmp_seq=1734 ttl=37 time=105 ms
08-15 11:00:51.415 14849 14996 D cellinfo: 46 bytes from 54.197.223.49: icmp_seq=1735 ttl=37 time=83.3 ms
08-15 11:00:51.433 14849 14849 D cellinfo: onCellInfoChanged: Operator:  UpdateTimestamp: 399530837 CellConnectionStatus: 1
08-15 11:00:51.433 14849 14849 D cellinfo: onCellInfoChanged: 5G-NR Cell Bands: [] ARFCN: 528000 Cell ID: 9223372036854775807 Physical Cell ID: 13 Tracking Area Code: 16777215
08-15 11:00:51.617 14849 14996 D cellinfo: 46 bytes from 54.197.223.49: icmp_seq=1736 ttl=37 time=85.1 ms
08-15 11:00:51.830 14849 14996 D cellinfo: 46 bytes from 54.197.223.49: icmp_seq=1737 ttl=37 time=96.0 ms
08-15 11:00:52.028 14849 14996 D cellinfo: 46 bytes from 54.197.223.49: icmp_seq=1738 ttl=37 time=93.4 ms
08-15 11:00:52.228 14849 14996 D cellinfo: 46 bytes from 54.197.223.49: icmp_seq=1739 ttl=37 time=92.1 ms
08-15 11:00:52.376 14849 14849 D cellinfo: Latitude is 43.1953352
08-15 11:00:52.376 14849 14849 D cellinfo: Longitude is -77.6296722
08-15 11:00:52.376 14849 14849 D cellinfo: Instantaneous GPS information: United States, 113 W Ridge Rd, Rochester, NY 14615, USA
08-15 11:00:52.376 14849 14849 D cellinfo: getCurrentLocation() result: Location (success): 43.1953352, -77.6296722
08-15 11:00:52.429 14849 14996 D cellinfo: 46 bytes from 54.197.223.49: icmp_seq=1740 ttl=37 time=93.7 ms
08-15 11:00:52.610 14849 14996 D cellinfo: 46 bytes from 54.197.223.49: icmp_seq=1741 ttl=37 time=74.3 ms
08-15 11:00:52.830 14849 14996 D cellinfo: 46 bytes from 54.197.223.49: icmp_seq=1742 ttl=37 time=94.0 ms
08-15 11:00:53.029 14849 14996 D cellinfo: 46 bytes from 54.197.223.49: icmp_seq=1743 ttl=37 time=91.8 ms
08-15 11:00:53.228 14849 14996 D cellinfo: 46 bytes from 54.197.223.49: icmp_seq=1744 ttl=37 time=91.4 ms
08-15 11:00:53.432 14849 14996 D cellinfo: 46 bytes from 54.197.223.49: icmp_seq=1745 ttl=37 time=94.8 ms
08-15 11:00:53.631 14849 14996 D cellinfo: 46 bytes from 54.197.223.49: icmp_seq=1746 ttl=37 time=93.0 ms
08-15 11:00:53.830 14849 14996 D cellinfo: 46 bytes from 54.197.223.49: icmp_seq=1747 ttl=37 time=91.6 ms
08-15 11:00:54.031 14849 14996 D cellinfo: 46 bytes from 54.197.223.49: icmp_seq=1748 ttl=37 time=91.5 ms
08-15 11:00:54.230 14849 14996 D cellinfo: 46 bytes from 54.197.223.49: icmp_seq=1749 ttl=37 time=90.7 ms
08-15 11:00:54.455 14849 14996 D cellinfo: 46 bytes from 54.197.223.49: icmp_seq=1750 ttl=37 time=116 ms
08-15 11:00:54.651 14849 14996 D cellinfo: 46 bytes from 54.197.223.49: icmp_seq=1751 ttl=37 time=111 ms
08-15 11:00:54.854 14849 14996 D cellinfo: 46 bytes from 54.197.223.49: icmp_seq=1752 ttl=37 time=112 ms
08-15 11:00:55.047 14849 14996 D cellinfo: 46 bytes from 54.197.223.49: icmp_seq=1753 ttl=37 time=104 ms
08-15 11:00:55.252 14849 14996 D cellinfo: 46 bytes from 54.197.223.49: icmp_seq=1754 ttl=37 time=109 ms
08-15 11:00:55.505 14849 14996 D cellinfo: 46 bytes from 54.197.223.49: icmp_seq=1755 ttl=37 time=163 ms
08-15 11:00:55.641 14849 14996 D cellinfo: 46 bytes from 54.197.223.49: icmp_seq=1756 ttl=37 time=98.4 ms
08-15 11:00:55.673 14849 14996 D cellinfo: 46 bytes from 54.197.223.49: icmp_seq=1756 ttl=37 time=129 ms (DUP!)
08-15 11:00:55.872 14849 14996 D cellinfo: 46 bytes from 54.197.223.49: icmp_seq=1757 ttl=37 time=126 ms
08-15 11:00:55.921 14849 14996 D cellinfo: 46 bytes from 54.197.223.49: icmp_seq=1757 ttl=37 time=176 ms (DUP!)
08-15 11:00:56.082 14849 14996 D cellinfo: 46 bytes from 54.197.223.49: icmp_seq=1758 ttl=37 time=136 ms
08-15 11:00:56.164 14849 14849 D cellinfo: Latitude is 43.1951832
08-15 11:00:56.164 14849 14849 D cellinfo: Longitude is -77.6294832
08-15 11:00:56.164 14849 14849 D cellinfo: Instantaneous GPS information: United States, Ridge & Lake, Rochester, NY 14615, USA
08-15 11:00:56.164 14849 14849 D cellinfo: getCurrentLocation() result: Location (success): 43.1951832, -77.6294832
08-15 11:00:56.236 14849 14996 D cellinfo: 46 bytes from 54.197.223.49: icmp_seq=1759 ttl=37 time=90.1 ms
08-15 11:00:56.442 14849 14996 D cellinfo: 46 bytes from 54.197.223.49: icmp_seq=1760 ttl=37 time=94.7 ms
08-15 11:00:56.637 14849 14996 D cellinfo: 46 bytes from 54.197.223.49: icmp_seq=1761 ttl=37 time=88.9 ms
08-15 11:00:56.889 14849 14996 D cellinfo: 46 bytes from 54.197.223.49: icmp_seq=1762 ttl=37 time=141 ms
08-15 11:00:57.037 14849 14996 D cellinfo: 46 bytes from 54.197.223.49: icmp_seq=1763 ttl=37 time=87.7 ms
08-15 11:00:57.266 14849 14996 D cellinfo: 46 bytes from 54.197.223.49: icmp_seq=1764 ttl=37 time=117 ms
08-15 11:00:57.438 14849 14996 D cellinfo: 46 bytes from 54.197.223.49: icmp_seq=1765 ttl=37 time=87.9 ms
08-15 11:00:57.444 14849 14849 D cellinfo: onCellInfoChanged: Operator:  UpdateTimestamp: 399536837 CellConnectionStatus: 1
08-15 11:00:57.444 14849 14849 D cellinfo: onCellInfoChanged: 5G-NR Cell Bands: [] ARFCN: 528000 Cell ID: 9223372036854775807 Physical Cell ID: 529 Tracking Area Code: 16777215
08-15 11:00:57.643 14849 14996 D cellinfo: 46 bytes from 54.197.223.49: icmp_seq=1766 ttl=37 time=91.3 ms
08-15 11:00:57.837 14849 14996 D cellinfo: 46 bytes from 54.197.223.49: icmp_seq=1767 ttl=37 time=84.6 ms
08-15 11:00:58.036 14849 14996 D cellinfo: 46 bytes from 54.197.223.49: icmp_seq=1768 ttl=37 time=83.5 ms
08-15 11:00:58.287 14849 14996 D cellinfo: 46 bytes from 54.197.223.49: icmp_seq=1769 ttl=37 time=134 ms
08-15 11:00:58.380 14849 14849 D cellinfo: Latitude is 43.1951832
08-15 11:00:58.380 14849 14849 D cellinfo: Longitude is -77.6294832
08-15 11:00:58.380 14849 14849 D cellinfo: Instantaneous GPS information: United States, Ridge & Lake, Rochester, NY 14615, USA
08-15 11:00:58.380 14849 14849 D cellinfo: getCurrentLocation() result: Location (success): 43.1951832, -77.6294832
08-15 11:00:58.466 14849 14996 D cellinfo: 46 bytes from 54.197.223.49: icmp_seq=1770 ttl=37 time=112 ms
08-15 11:00:58.660 14849 14996 D cellinfo: 46 bytes from 54.197.223.49: icmp_seq=1771 ttl=37 time=106 ms
08-15 11:00:58.862 14849 14996 D cellinfo: 46 bytes from 54.197.223.49: icmp_seq=1772 ttl=37 time=107 ms
08-15 11:00:59.070 14849 14996 D cellinfo: 46 bytes from 54.197.223.49: icmp_seq=1773 ttl=37 time=114 ms
08-15 11:00:59.265 14849 14996 D cellinfo: 46 bytes from 54.197.223.49: icmp_seq=1774 ttl=37 time=109 ms
08-15 11:00:59.461 14849 14996 D cellinfo: 46 bytes from 54.197.223.49: icmp_seq=1775 ttl=37 time=104 ms
08-15 11:00:59.662 14849 14996 D cellinfo: 46 bytes from 54.197.223.49: icmp_seq=1776 ttl=37 time=102 ms
08-15 11:00:59.860 14849 14996 D cellinfo: 46 bytes from 54.197.223.49: icmp_seq=1777 ttl=37 time=101 ms
08-15 11:01:00.069 14849 14996 D cellinfo: 46 bytes from 54.197.223.49: icmp_seq=1778 ttl=37 time=108 ms
08-15 11:01:00.262 14849 14996 D cellinfo: 46 bytes from 54.197.223.49: icmp_seq=1779 ttl=37 time=101 ms
08-15 11:01:00.456 14849 14996 D cellinfo: 46 bytes from 54.197.223.49: icmp_seq=1780 ttl=37 time=94.7 ms
08-15 11:01:00.681 14849 14996 D cellinfo: 46 bytes from 54.197.223.49: icmp_seq=1781 ttl=37 time=118 ms
08-15 11:01:00.850 14849 14996 D cellinfo: 46 bytes from 54.197.223.49: icmp_seq=1782 ttl=37 time=87.0 ms
08-15 11:01:01.059 14849 14996 D cellinfo: 46 bytes from 54.197.223.49: icmp_seq=1783 ttl=37 time=95.6 ms
08-15 11:01:01.270 14849 14996 D cellinfo: 46 bytes from 54.197.223.49: icmp_seq=1784 ttl=37 time=106 ms
08-15 11:01:01.379 14849 14849 D cellinfo: Latitude is 43.1951832
08-15 11:01:01.380 14849 14849 D cellinfo: Longitude is -77.6294832
08-15 11:01:01.380 14849 14849 D cellinfo: Instantaneous GPS information: United States, Ridge & Lake, Rochester, NY 14615, USA
08-15 11:01:01.380 14849 14849 D cellinfo: getCurrentLocation() result: Location (success): 43.1951832, -77.6294832
08-15 11:01:01.449 14849 14996 D cellinfo: 46 bytes from 54.197.223.49: icmp_seq=1785 ttl=37 time=85.9 ms
08-15 11:01:01.649 14849 14996 D cellinfo: 46 bytes from 54.197.223.49: icmp_seq=1786 ttl=37 time=84.4 ms
08-15 11:01:01.886 14849 14996 D cellinfo: 46 bytes from 54.197.223.49: icmp_seq=1787 ttl=37 time=121 ms
08-15 11:01:02.055 14849 14996 D cellinfo: 46 bytes from 54.197.223.49: icmp_seq=1788 ttl=37 time=88.8 ms
08-15 11:01:02.336 14849 14996 D cellinfo: 46 bytes from 54.197.223.49: icmp_seq=1789 ttl=37 time=170 ms
08-15 11:01:02.450 14849 14996 D cellinfo: 46 bytes from 54.197.223.49: icmp_seq=1790 ttl=37 time=83.3 ms
08-15 11:01:02.692 14849 14996 D cellinfo: 46 bytes from 54.197.223.49: icmp_seq=1791 ttl=37 time=124 ms
08-15 11:01:02.849 14849 14996 D cellinfo: 46 bytes from 54.197.223.49: icmp_seq=1792 ttl=37 time=80.5 ms
08-15 11:01:03.082 14849 14996 D cellinfo: 46 bytes from 54.197.223.49: icmp_seq=1793 ttl=37 time=112 ms
08-15 11:01:03.249 14849 14996 D cellinfo: 46 bytes from 54.197.223.49: icmp_seq=1794 ttl=37 time=80.7 ms
08-15 11:01:03.442 14849 14849 D cellinfo: onCellInfoChanged: Operator:  UpdateTimestamp: 399542842 CellConnectionStatus: 1
08-15 11:01:03.442 14849 14849 D cellinfo: onCellInfoChanged: 5G-NR Cell Bands: [] ARFCN: 528000 Cell ID: 9223372036854775807 Physical Cell ID: 529 Tracking Area Code: 16777215
08-15 11:01:03.481 14849 14996 D cellinfo: 46 bytes from 54.197.223.49: icmp_seq=1795 ttl=37 time=111 ms
08-15 11:01:03.645 14849 14996 D cellinfo: 46 bytes from 54.197.223.49: icmp_seq=1796 ttl=37 time=75.8 ms
08-15 11:01:03.892 14849 14996 D cellinfo: 46 bytes from 54.197.223.49: icmp_seq=1797 ttl=37 time=121 ms
08-15 11:01:04.057 14849 14996 D cellinfo: 46 bytes from 54.197.223.49: icmp_seq=1798 ttl=37 time=86.0 ms
08-15 11:01:04.255 14849 14996 D cellinfo: 46 bytes from 54.197.223.49: icmp_seq=1799 ttl=37 time=83.9 ms
08-15 11:01:04.381 14849 14849 D cellinfo: Latitude is 43.1951832
08-15 11:01:04.381 14849 14849 D cellinfo: Longitude is -77.6294832
08-15 11:01:04.381 14849 14849 D cellinfo: Instantaneous GPS information: United States, Ridge & Lake, Rochester, NY 14615, USA
08-15 11:01:04.381 14849 14849 D cellinfo: getCurrentLocation() result: Location (success): 43.1951832, -77.6294832
08-15 11:01:04.466 14849 14996 D cellinfo: 46 bytes from 54.197.223.49: icmp_seq=1800 ttl=37 time=95.3 ms
08-15 11:01:04.652 14849 14996 D cellinfo: 46 bytes from 54.197.223.49: icmp_seq=1801 ttl=37 time=79.6 ms
08-15 11:01:04.883 14849 14996 D cellinfo: 46 bytes from 54.197.223.49: icmp_seq=1802 ttl=37 time=110 ms
08-15 11:01:05.051 14849 14996 D cellinfo: 46 bytes from 54.197.223.49: icmp_seq=1803 ttl=37 time=78.2 ms
08-15 11:01:05.301 14849 14996 D cellinfo: 46 bytes from 54.197.223.49: icmp_seq=1804 ttl=37 time=128 ms
08-15 11:01:05.455 14849 14996 D cellinfo: 46 bytes from 54.197.223.49: icmp_seq=1805 ttl=37 time=80.7 ms
08-15 11:01:05.672 14849 14996 D cellinfo: 46 bytes from 54.197.223.49: icmp_seq=1806 ttl=37 time=97.6 ms
08-15 11:01:05.934 14849 14996 D cellinfo: 46 bytes from 54.197.223.49: icmp_seq=1807 ttl=37 time=158 ms
08-15 11:01:06.070 14849 14996 D cellinfo: 46 bytes from 54.197.223.49: icmp_seq=1808 ttl=37 time=93.4 ms
08-15 11:01:06.267 14849 14996 D cellinfo: 46 bytes from 54.197.223.49: icmp_seq=1809 ttl=37 time=90.8 ms
08-15 11:01:06.477 14849 14996 D cellinfo: 46 bytes from 54.197.223.49: icmp_seq=1810 ttl=37 time=99.6 ms
08-15 11:01:06.675 14849 14996 D cellinfo: 46 bytes from 54.197.223.49: icmp_seq=1811 ttl=37 time=96.7 ms
08-15 11:01:06.874 14849 14996 D cellinfo: 46 bytes from 54.197.223.49: icmp_seq=1812 ttl=37 time=95.8 ms
08-15 11:01:07.019 14849 14849 D cellinfo: onsignalStrengthsChanged: LTE Signal Strength info: rsrp: -104 rsrq: -20 rssi: -65 rssnr: -18
08-15 11:01:07.019 14849 14849 D cellinfo: onsignalStrengthsChanged: 5G-NR Signal Strength info: ssrsrp: -94 ssrsrq: -13 sssinr: 6
08-15 11:01:07.074 14849 14996 D cellinfo: 46 bytes from 54.197.223.49: icmp_seq=1813 ttl=37 time=95.3 ms
08-15 11:01:07.280 14849 14996 D cellinfo: 46 bytes from 54.197.223.49: icmp_seq=1814 ttl=37 time=101 ms
08-15 11:01:07.503 14849 14996 D cellinfo: 46 bytes from 54.197.223.49: icmp_seq=1815 ttl=37 time=122 ms
08-15 11:01:07.680 14849 14996 D cellinfo: 46 bytes from 54.197.223.49: icmp_seq=1816 ttl=37 time=100 ms
08-15 11:01:07.859 14849 14996 D cellinfo: 46 bytes from 54.197.223.49: icmp_seq=1817 ttl=37 time=78.6 ms
08-15 11:01:07.979 14849 14849 D cellinfo: Latitude is 43.1951269
08-15 11:01:07.979 14849 14849 D cellinfo: Longitude is -77.6294115
08-15 11:01:07.979 14849 14849 D cellinfo: Instantaneous GPS information: United States, 95 W Ridge Rd, Rochester, NY 14615, USA
08-15 11:01:07.979 14849 14849 D cellinfo: getCurrentLocation() result: Location (success): 43.1951269, -77.6294115
08-15 11:01:08.020 14849 14849 D cellinfo: onServiceStateChanged: Channel Number: 675 Cell Bandwidths: [15000, 100000, 50000]
08-15 11:01:08.553 14849 14996 D cellinfo: 46 bytes from 54.197.223.49: icmp_seq=1818 ttl=37 time=570 ms
08-15 11:01:08.553 14849 14996 D cellinfo: 46 bytes from 54.197.223.49: icmp_seq=1819 ttl=37 time=366 ms
08-15 11:01:08.554 14849 14996 D cellinfo: 46 bytes from 54.197.223.49: icmp_seq=1820 ttl=37 time=162 ms
08-15 11:01:08.604 14849 14849 D cellinfo: onServiceStateChanged: Channel Number: 675 Cell Bandwidths: [15000, 100000, 50000]
08-15 11:01:08.676 14849 14996 D cellinfo: 46 bytes from 54.197.223.49: icmp_seq=1821 ttl=37 time=85.5 ms
08-15 11:01:08.877 14849 14996 D cellinfo: 46 bytes from 54.197.223.49: icmp_seq=1822 ttl=37 time=85.4 ms
08-15 11:01:09.257 14849 14996 D cellinfo: 46 bytes from 54.197.223.49: icmp_seq=1823 ttl=37 time=264 ms
08-15 11:01:09.286 14849 14996 D cellinfo: 46 bytes from 54.197.223.49: icmp_seq=1824 ttl=37 time=91.9 ms
08-15 11:01:09.435 14849 14849 D cellinfo: onCellInfoChanged: Operator:  UpdateTimestamp: 399548842 CellConnectionStatus: 1
08-15 11:01:09.435 14849 14849 D cellinfo: onCellInfoChanged: 5G-NR Cell Bands: [] ARFCN: 528000 Cell ID: 9223372036854775807 Physical Cell ID: 13 Tracking Area Code: 16777215
08-15 11:01:09.481 14849 14996 D cellinfo: 46 bytes from 54.197.223.49: icmp_seq=1825 ttl=37 time=85.8 ms
08-15 11:01:09.672 14849 14996 D cellinfo: 46 bytes from 54.197.223.49: icmp_seq=1826 ttl=37 time=75.5 ms
08-15 11:01:09.897 14849 14996 D cellinfo: 46 bytes from 54.197.223.49: icmp_seq=1827 ttl=37 time=99.8 ms
08-15 11:01:10.108 14849 14996 D cellinfo: 46 bytes from 54.197.223.49: icmp_seq=1828 ttl=37 time=109 ms
08-15 11:01:10.286 14849 14996 D cellinfo: 46 bytes from 54.197.223.49: icmp_seq=1829 ttl=37 time=88.7 ms
08-15 11:01:10.372 14849 14849 D cellinfo: Latitude is 43.1951269
08-15 11:01:10.372 14849 14849 D cellinfo: Longitude is -77.6294115
08-15 11:01:10.372 14849 14849 D cellinfo: Instantaneous GPS information: United States, 95 W Ridge Rd, Rochester, NY 14615, USA
08-15 11:01:10.372 14849 14849 D cellinfo: getCurrentLocation() result: Location (success): 43.1951269, -77.6294115
08-15 11:01:10.486 14849 14996 D cellinfo: 46 bytes from 54.197.223.49: icmp_seq=1830 ttl=37 time=87.8 ms
08-15 11:01:10.693 14849 14996 D cellinfo: 46 bytes from 54.197.223.49: icmp_seq=1831 ttl=37 time=93.1 ms
08-15 11:01:10.899 14849 14996 D cellinfo: 46 bytes from 54.197.223.49: icmp_seq=1832 ttl=37 time=98.1 ms
08-15 11:01:11.093 14849 14996 D cellinfo: 46 bytes from 54.197.223.49: icmp_seq=1833 ttl=37 time=91.5 ms
08-15 11:01:11.167 14849 14849 D cellinfo: onsignalStrengthsChanged: LTE Signal Strength info: rsrp: -91 rsrq: -12 rssi: -61 rssnr: 8
08-15 11:01:11.167 14849 14849 D cellinfo: onsignalStrengthsChanged: 5G-NR Signal Strength info: ssrsrp: -95 ssrsrq: -12 sssinr: 3
08-15 11:01:11.293 14849 14996 D cellinfo: 46 bytes from 54.197.223.49: icmp_seq=1834 ttl=37 time=90.8 ms
08-15 11:01:11.499 14849 14996 D cellinfo: 46 bytes from 54.197.223.49: icmp_seq=1835 ttl=37 time=96.1 ms
08-15 11:01:11.692 14849 14996 D cellinfo: 46 bytes from 54.197.223.49: icmp_seq=1836 ttl=37 time=88.2 ms
08-15 11:01:11.901 14849 14996 D cellinfo: 46 bytes from 54.197.223.49: icmp_seq=1837 ttl=37 time=96.4 ms
08-15 11:01:12.094 14849 14996 D cellinfo: 46 bytes from 54.197.223.49: icmp_seq=1838 ttl=37 time=86.9 ms
08-15 11:01:12.307 14849 14996 D cellinfo: 46 bytes from 54.197.223.49: icmp_seq=1839 ttl=37 time=99.6 ms
08-15 11:01:12.526 14849 14996 D cellinfo: 46 bytes from 54.197.223.49: icmp_seq=1840 ttl=37 time=119 ms
08-15 11:01:12.692 14849 14996 D cellinfo: 46 bytes from 54.197.223.49: icmp_seq=1841 ttl=37 time=83.1 ms
08-15 11:01:12.893 14849 14996 D cellinfo: 46 bytes from 54.197.223.49: icmp_seq=1842 ttl=37 time=83.0 ms
08-15 11:01:13.093 14849 14996 D cellinfo: 46 bytes from 54.197.223.49: icmp_seq=1843 ttl=37 time=82.4 ms
08-15 11:01:13.297 14849 14996 D cellinfo: 46 bytes from 54.197.223.49: icmp_seq=1844 ttl=37 time=85.6 ms
08-15 11:01:13.377 14849 14849 D cellinfo: Latitude is 43.1951269
08-15 11:01:13.377 14849 14849 D cellinfo: Longitude is -77.6294115
08-15 11:01:13.377 14849 14849 D cellinfo: Instantaneous GPS information: United States, 95 W Ridge Rd, Rochester, NY 14615, USA
08-15 11:01:13.377 14849 14849 D cellinfo: getCurrentLocation() result: Location (success): 43.1951269, -77.6294115
08-15 11:01:13.487 14849 14996 D cellinfo: 46 bytes from 54.197.223.49: icmp_seq=1845 ttl=37 time=74.9 ms
08-15 11:01:13.717 14849 14996 D cellinfo: 46 bytes from 54.197.223.49: icmp_seq=1846 ttl=37 time=104 ms
08-15 11:01:13.908 14849 14996 D cellinfo: 46 bytes from 54.197.223.49: icmp_seq=1847 ttl=37 time=93.5 ms
08-15 11:01:14.102 14849 14996 D cellinfo: 46 bytes from 54.197.223.49: icmp_seq=1848 ttl=37 time=86.7 ms
08-15 11:01:14.307 14849 14996 D cellinfo: 46 bytes from 54.197.223.49: icmp_seq=1849 ttl=37 time=91.4 ms
08-15 11:01:14.513 14849 14996 D cellinfo: 46 bytes from 54.197.223.49: icmp_seq=1850 ttl=37 time=97.0 ms
08-15 11:01:14.702 14849 14996 D cellinfo: 46 bytes from 54.197.223.49: icmp_seq=1851 ttl=37 time=84.6 ms
08-15 11:01:14.916 14849 14996 D cellinfo: 46 bytes from 54.197.223.49: icmp_seq=1852 ttl=37 time=98.7 ms
08-15 11:01:15.121 14849 14996 D cellinfo: 46 bytes from 54.197.223.49: icmp_seq=1853 ttl=37 time=103 ms
08-15 11:01:15.315 14849 14996 D cellinfo: 46 bytes from 54.197.223.49: icmp_seq=1854 ttl=37 time=95.8 ms
08-15 11:01:15.436 14849 14849 D cellinfo: onCellInfoChanged: Operator:  UpdateTimestamp: 399554840 CellConnectionStatus: 1
08-15 11:01:15.436 14849 14849 D cellinfo: onCellInfoChanged: 5G-NR Cell Bands: [] ARFCN: 528000 Cell ID: 9223372036854775807 Physical Cell ID: 13 Tracking Area Code: 16777215
08-15 11:01:15.517 14849 14996 D cellinfo: 46 bytes from 54.197.223.49: icmp_seq=1855 ttl=37 time=97.9 ms
08-15 11:01:15.695 14849 14996 D cellinfo: 46 bytes from 54.197.223.49: icmp_seq=1856 ttl=37 time=75.0 ms
08-15 11:01:15.932 14849 14996 D cellinfo: 46 bytes from 54.197.223.49: icmp_seq=1857 ttl=37 time=111 ms
08-15 11:01:16.207 14849 14996 D cellinfo: 46 bytes from 54.197.223.49: icmp_seq=1858 ttl=37 time=185 ms
08-15 11:01:16.328 14849 14996 D cellinfo: 46 bytes from 54.197.223.49: icmp_seq=1859 ttl=37 time=105 ms
08-15 11:01:16.378 14849 14849 D cellinfo: Latitude is 43.1951269
08-15 11:01:16.378 14849 14849 D cellinfo: Longitude is -77.6294115
08-15 11:01:16.378 14849 14849 D cellinfo: Instantaneous GPS information: United States, 95 W Ridge Rd, Rochester, NY 14615, USA
08-15 11:01:16.378 14849 14849 D cellinfo: getCurrentLocation() result: Location (success): 43.1951269, -77.6294115
08-15 11:01:16.537 14849 14996 D cellinfo: 46 bytes from 54.197.223.49: icmp_seq=1860 ttl=37 time=114 ms
08-15 11:01:16.731 14849 14996 D cellinfo: 46 bytes from 54.197.223.49: icmp_seq=1861 ttl=37 time=107 ms
08-15 11:01:16.898 14849 14996 D cellinfo: 46 bytes from 54.197.223.49: icmp_seq=1862 ttl=37 time=75.1 ms
08-15 11:01:17.113 14849 14996 D cellinfo: 46 bytes from 54.197.223.49: icmp_seq=1863 ttl=37 time=89.2 ms
08-15 11:01:17.315 14849 14996 D cellinfo: 46 bytes from 54.197.223.49: icmp_seq=1864 ttl=37 time=89.7 ms
08-15 11:01:17.513 14849 14996 D cellinfo: 46 bytes from 54.197.223.49: icmp_seq=1865 ttl=37 time=87.1 ms
08-15 11:01:17.714 14849 14996 D cellinfo: 46 bytes from 54.197.223.49: icmp_seq=1866 ttl=37 time=86.4 ms
08-15 11:01:17.914 14849 14996 D cellinfo: 46 bytes from 54.197.223.49: icmp_seq=1867 ttl=37 time=86.5 ms
08-15 11:01:18.181 14849 14996 D cellinfo: 46 bytes from 54.197.223.49: icmp_seq=1868 ttl=37 time=151 ms
08-15 11:01:18.317 14849 14996 D cellinfo: 46 bytes from 54.197.223.49: icmp_seq=1869 ttl=37 time=87.1 ms
08-15 11:01:18.595 14849 14996 D cellinfo: 46 bytes from 54.197.223.49: icmp_seq=1870 ttl=37 time=164 ms
08-15 11:01:18.705 14849 14996 D cellinfo: 46 bytes from 54.197.223.49: icmp_seq=1871 ttl=37 time=73.2 ms
08-15 11:01:19.017 14849 14996 D cellinfo: 46 bytes from 54.197.223.49: icmp_seq=1872 ttl=37 time=183 ms
08-15 11:01:19.117 14849 14996 D cellinfo: 46 bytes from 54.197.223.49: icmp_seq=1873 ttl=37 time=84.4 ms
08-15 11:01:19.336 14849 14996 D cellinfo: 46 bytes from 54.197.223.49: icmp_seq=1874 ttl=37 time=102 ms
08-15 11:01:19.520 14849 14996 D cellinfo: 46 bytes from 54.197.223.49: icmp_seq=1875 ttl=37 time=86.0 ms
08-15 11:01:19.741 14849 14996 D cellinfo: 46 bytes from 54.197.223.49: icmp_seq=1876 ttl=37 time=106 ms
08-15 11:01:19.872 14849 14849 D cellinfo: Latitude is 43.194758
08-15 11:01:19.872 14849 14849 D cellinfo: Longitude is -77.6291633
08-15 11:01:19.872 14849 14849 D cellinfo: Instantaneous GPS information: United States, 1527 Lake Ave, Rochester, NY 14615, USA
08-15 11:01:19.872 14849 14849 D cellinfo: getCurrentLocation() result: Location (success): 43.194758, -77.6291633
08-15 11:01:19.946 14849 14996 D cellinfo: 46 bytes from 54.197.223.49: icmp_seq=1877 ttl=37 time=110 ms
08-15 11:01:20.107 14849 14996 D cellinfo: 46 bytes from 54.197.223.49: icmp_seq=1878 ttl=37 time=70.6 ms
08-15 11:01:20.321 14849 14996 D cellinfo: 46 bytes from 54.197.223.49: icmp_seq=1879 ttl=37 time=83.3 ms
08-15 11:01:20.524 14849 14996 D cellinfo: 46 bytes from 54.197.223.49: icmp_seq=1880 ttl=37 time=85.5 ms
08-15 11:01:20.715 14849 14996 D cellinfo: 46 bytes from 54.197.223.49: icmp_seq=1881 ttl=37 time=75.3 ms
08-15 11:01:20.917 14849 14996 D cellinfo: 46 bytes from 54.197.223.49: icmp_seq=1882 ttl=37 time=76.9 ms
08-15 11:01:21.028 14849 14849 D cellinfo: onServiceStateChanged: Channel Number: 675 Cell Bandwidths: [15000, 100000, 50000]
08-15 11:01:21.058 14849 14849 D cellinfo: onServiceStateChanged: Channel Number: 675 Cell Bandwidths: [15000, 100000, 50000]
08-15 11:01:21.154 14849 14996 D cellinfo: 46 bytes from 54.197.223.49: icmp_seq=1883 ttl=37 time=113 ms
08-15 11:01:21.204 14849 14849 D cellinfo: onServiceStateChanged: Channel Number: 675 Cell Bandwidths: [15000]
08-15 11:01:21.324 14849 14996 D cellinfo: 46 bytes from 54.197.223.49: icmp_seq=1884 ttl=37 time=82.2 ms
08-15 11:01:21.569 14849 14849 D cellinfo: onServiceStateChanged: Channel Number: 675 Cell Bandwidths: [15000, 100000, 50000]
08-15 11:01:21.609 14849 14996 D cellinfo: 46 bytes from 54.197.223.49: icmp_seq=1885 ttl=37 time=166 ms
08-15 11:01:21.714 14849 14996 D cellinfo: 46 bytes from 54.197.223.49: icmp_seq=1886 ttl=37 time=70.6 ms
08-15 11:01:21.917 14849 14996 D cellinfo: 46 bytes from 54.197.223.49: icmp_seq=1887 ttl=37 time=72.9 ms
08-15 11:01:22.131 14849 14996 D cellinfo: 46 bytes from 54.197.223.49: icmp_seq=1888 ttl=37 time=85.9 ms
08-15 11:01:22.324 14849 14996 D cellinfo: 46 bytes from 54.197.223.49: icmp_seq=1889 ttl=37 time=78.8 ms
08-15 11:01:22.368 14849 14849 D cellinfo: Latitude is 43.194758
08-15 11:01:22.368 14849 14849 D cellinfo: Longitude is -77.6291633
08-15 11:01:22.368 14849 14849 D cellinfo: Instantaneous GPS information: United States, 1527 Lake Ave, Rochester, NY 14615, USA
08-15 11:01:22.368 14849 14849 D cellinfo: getCurrentLocation() result: Location (success): 43.194758, -77.6291633
08-15 11:01:22.523 14849 14996 D cellinfo: 46 bytes from 54.197.223.49: icmp_seq=1890 ttl=37 time=77.2 ms
08-15 11:01:22.603 14849 14849 D cellinfo: onCellInfoChanged: Operator:  UpdateTimestamp: 399562009 CellConnectionStatus: 1
08-15 11:01:22.603 14849 14849 D cellinfo: onCellInfoChanged: 5G-NR Cell Bands: [] ARFCN: 528000 Cell ID: 9223372036854775807 Physical Cell ID: 13 Tracking Area Code: 16777215
08-15 11:01:22.719 14849 14996 D cellinfo: 46 bytes from 54.197.223.49: icmp_seq=1891 ttl=37 time=73.0 ms
08-15 11:01:22.929 14849 14996 D cellinfo: 46 bytes from 54.197.223.49: icmp_seq=1892 ttl=37 time=82.3 ms
08-15 11:01:23.119 14849 14996 D cellinfo: 46 bytes from 54.197.223.49: icmp_seq=1893 ttl=37 time=71.3 ms
08-15 11:01:23.322 14849 14996 D cellinfo: 46 bytes from 54.197.223.49: icmp_seq=1894 ttl=37 time=73.6 ms
08-15 11:01:23.524 14849 14996 D cellinfo: 46 bytes from 54.197.223.49: icmp_seq=1895 ttl=37 time=74.7 ms
08-15 11:01:23.731 14849 14996 D cellinfo: 46 bytes from 54.197.223.49: icmp_seq=1896 ttl=37 time=80.3 ms
08-15 11:01:24.087 14849 14996 D cellinfo: 46 bytes from 54.197.223.49: icmp_seq=1897 ttl=37 time=234 ms
08-15 11:01:24.162 14849 14996 D cellinfo: 46 bytes from 54.197.223.49: icmp_seq=1898 ttl=37 time=104 ms
08-15 11:01:24.336 14849 14996 D cellinfo: 46 bytes from 54.197.223.49: icmp_seq=1899 ttl=37 time=77.4 ms
08-15 11:01:24.534 14849 14996 D cellinfo: 46 bytes from 54.197.223.49: icmp_seq=1900 ttl=37 time=75.5 ms
08-15 11:01:24.690 14849 14849 D cellinfo: onsignalStrengthsChanged: LTE Signal Strength info: rsrp: -104 rsrq: -17 rssi: -67 rssnr: -1
08-15 11:01:24.690 14849 14849 D cellinfo: onsignalStrengthsChanged: 5G-NR Signal Strength info: ssrsrp: -92 ssrsrq: -12 sssinr: -5
08-15 11:01:24.742 14849 14996 D cellinfo: 46 bytes from 54.197.223.49: icmp_seq=1901 ttl=37 time=80.9 ms
08-15 11:01:24.934 14849 14996 D cellinfo: 46 bytes from 54.197.223.49: icmp_seq=1902 ttl=37 time=73.0 ms
08-15 11:01:25.139 14849 14996 D cellinfo: 46 bytes from 54.197.223.49: icmp_seq=1903 ttl=37 time=77.4 ms
08-15 11:01:25.335 14849 14996 D cellinfo: 46 bytes from 54.197.223.49: icmp_seq=1904 ttl=37 time=72.1 ms
08-15 11:01:25.366 14849 14849 D cellinfo: Latitude is 43.194758
08-15 11:01:25.366 14849 14849 D cellinfo: Longitude is -77.6291633
08-15 11:01:25.366 14849 14849 D cellinfo: Instantaneous GPS information: United States, 1527 Lake Ave, Rochester, NY 14615, USA
08-15 11:01:25.366 14849 14849 D cellinfo: getCurrentLocation() result: Location (success): 43.194758, -77.6291633
08-15 11:01:25.415 14849 14849 D cellinfo: onServiceStateChanged: Channel Number: 675 Cell Bandwidths: [15000, 100000, 50000]
08-15 11:01:25.465 14849 14849 D cellinfo: onServiceStateChanged: Channel Number: 675 Cell Bandwidths: [15000, 100000, 50000]
08-15 11:01:25.554 14849 14996 D cellinfo: 46 bytes from 54.197.223.49: icmp_seq=1905 ttl=37 time=90.0 ms
08-15 11:01:25.599 14849 14849 D cellinfo: onServiceStateChanged: Channel Number: 675 Cell Bandwidths: [15000]
08-15 11:01:25.751 14849 14996 D cellinfo: 46 bytes from 54.197.223.49: icmp_seq=1906 ttl=37 time=86.9 ms
08-15 11:01:25.911 14849 14849 D cellinfo: onServiceStateChanged: Channel Number: 675 Cell Bandwidths: [15000, 100000, 50000]
08-15 11:01:26.162 14849 14996 D cellinfo: 46 bytes from 54.197.223.49: icmp_seq=1907 ttl=37 time=296 ms
08-15 11:01:26.162 14849 14996 D cellinfo: 46 bytes from 54.197.223.49: icmp_seq=1908 ttl=37 time=91.8 ms
08-15 11:01:26.364 14849 14996 D cellinfo: 46 bytes from 54.197.223.49: icmp_seq=1909 ttl=37 time=94.4 ms
08-15 11:01:26.562 14849 14996 D cellinfo: 46 bytes from 54.197.223.49: icmp_seq=1910 ttl=37 time=91.0 ms
08-15 11:01:26.806 14849 14996 D cellinfo: 46 bytes from 54.197.223.49: icmp_seq=1911 ttl=37 time=134 ms
08-15 11:01:27.358 14849 14996 D cellinfo: 46 bytes from 54.197.223.49: icmp_seq=1913 ttl=37 time=280 ms
08-15 11:01:27.358 14849 14996 D cellinfo: 46 bytes from 54.197.223.49: icmp_seq=1913 ttl=37 time=280 ms (DUP!)
08-15 11:01:27.396 14849 14996 D cellinfo: 46 bytes from 54.197.223.49: icmp_seq=1914 ttl=37 time=114 ms
08-15 11:01:27.578 14849 14996 D cellinfo: 46 bytes from 54.197.223.49: icmp_seq=1915 ttl=37 time=95.0 ms
08-15 11:01:27.787 14849 14996 D cellinfo: 46 bytes from 54.197.223.49: icmp_seq=1916 ttl=37 time=103 ms
08-15 11:01:27.966 14849 14996 D cellinfo: 46 bytes from 54.197.223.49: icmp_seq=1917 ttl=37 time=81.2 ms
08-15 11:01:28.044 14849 14849 D cellinfo: onsignalStrengthsChanged: LTE Signal Strength info: rsrp: -89 rsrq: -11 rssi: -61 rssnr: 11
08-15 11:01:28.045 14849 14849 D cellinfo: onsignalStrengthsChanged: 5G-NR Signal Strength info: ssrsrp: -96 ssrsrq: -13 sssinr: 6
08-15 11:01:28.201 14849 14996 D cellinfo: 46 bytes from 54.197.223.49: icmp_seq=1918 ttl=37 time=116 ms
08-15 11:01:28.382 14849 14996 D cellinfo: 46 bytes from 54.197.223.49: icmp_seq=1919 ttl=37 time=95.5 ms
08-15 11:01:28.571 14849 14996 D cellinfo: 46 bytes from 54.197.223.49: icmp_seq=1920 ttl=37 time=83.9 ms
08-15 11:01:28.776 14849 14996 D cellinfo: 46 bytes from 54.197.223.49: icmp_seq=1921 ttl=37 time=88.0 ms
08-15 11:01:28.976 14849 14996 D cellinfo: 46 bytes from 54.197.223.49: icmp_seq=1922 ttl=37 time=87.6 ms
08-15 11:01:29.001 14849 14849 D cellinfo: Latitude is 43.1941715
08-15 11:01:29.001 14849 14849 D cellinfo: Longitude is -77.6273972
08-15 11:01:29.001 14849 14849 D cellinfo: Instantaneous GPS information: United States, 56 W Ridge Rd, Rochester, NY 14615, USA
08-15 11:01:29.001 14849 14849 D cellinfo: getCurrentLocation() result: Location (success): 43.1941715, -77.6273972
08-15 11:01:29.003 14849 14849 D cellinfo: onCellInfoChanged: Operator:  UpdateTimestamp: 399568019 CellConnectionStatus: 1
08-15 11:01:29.003 14849 14849 D cellinfo: onCellInfoChanged: 5G-NR Cell Bands: [] ARFCN: 528000 Cell ID: 9223372036854775807 Physical Cell ID: 529 Tracking Area Code: 16777215
08-15 11:01:29.181 14849 14996 D cellinfo: 46 bytes from 54.197.223.49: icmp_seq=1923 ttl=37 time=92.0 ms
08-15 11:01:29.377 14849 14996 D cellinfo: 46 bytes from 54.197.223.49: icmp_seq=1924 ttl=37 time=87.8 ms
08-15 11:01:29.581 14849 14996 D cellinfo: 46 bytes from 54.197.223.49: icmp_seq=1925 ttl=37 time=90.6 ms
08-15 11:01:29.770 14849 14996 D cellinfo: 46 bytes from 54.197.223.49: icmp_seq=1926 ttl=37 time=79.0 ms
08-15 11:01:29.974 14849 14996 D cellinfo: 46 bytes from 54.197.223.49: icmp_seq=1927 ttl=37 time=83.2 ms
08-15 11:01:30.202 14849 14996 D cellinfo: 46 bytes from 54.197.223.49: icmp_seq=1928 ttl=37 time=109 ms
08-15 11:01:30.387 14849 14996 D cellinfo: 46 bytes from 54.197.223.49: icmp_seq=1929 ttl=37 time=94.7 ms
08-15 11:01:30.592 14849 14996 D cellinfo: 46 bytes from 54.197.223.49: icmp_seq=1930 ttl=37 time=98.8 ms
08-15 11:01:30.808 14849 14996 D cellinfo: 46 bytes from 54.197.223.49: icmp_seq=1931 ttl=37 time=113 ms
08-15 11:01:31.022 14849 14996 D cellinfo: 46 bytes from 54.197.223.49: icmp_seq=1932 ttl=37 time=126 ms
08-15 11:01:31.212 14849 14996 D cellinfo: 46 bytes from 54.197.223.49: icmp_seq=1933 ttl=37 time=116 ms
08-15 11:01:31.380 14849 14849 D cellinfo: Latitude is 43.1941715
08-15 11:01:31.380 14849 14849 D cellinfo: Longitude is -77.6273972
08-15 11:01:31.380 14849 14849 D cellinfo: Instantaneous GPS information: United States, 56 W Ridge Rd, Rochester, NY 14615, USA
08-15 11:01:31.380 14849 14849 D cellinfo: getCurrentLocation() result: Location (success): 43.1941715, -77.6273972
08-15 11:01:31.424 14849 14996 D cellinfo: 46 bytes from 54.197.223.49: icmp_seq=1934 ttl=37 time=128 ms
08-15 11:01:31.428 14849 14849 D cellinfo: onCellInfoChanged: Operator:  UpdateTimestamp: 399570831 CellConnectionStatus: 1
08-15 11:01:31.428 14849 14849 D cellinfo: onCellInfoChanged: 5G-NR Cell Bands: [] ARFCN: 528000 Cell ID: 9223372036854775807 Physical Cell ID: 529 Tracking Area Code: 16777215
08-15 11:01:31.587 14849 14996 D cellinfo: 46 bytes from 54.197.223.49: icmp_seq=1935 ttl=37 time=90.1 ms
08-15 11:01:31.796 14849 14996 D cellinfo: 46 bytes from 54.197.223.49: icmp_seq=1936 ttl=37 time=98.5 ms
08-15 11:01:32.013 14849 14996 D cellinfo: 46 bytes from 54.197.223.49: icmp_seq=1937 ttl=37 time=115 ms
08-15 11:01:32.187 14849 14996 D cellinfo: 46 bytes from 54.197.223.49: icmp_seq=1938 ttl=37 time=89.0 ms
08-15 11:01:32.396 14849 14996 D cellinfo: 46 bytes from 54.197.223.49: icmp_seq=1939 ttl=37 time=97.2 ms
08-15 11:01:32.590 14849 14996 D cellinfo: 46 bytes from 54.197.223.49: icmp_seq=1940 ttl=37 time=89.5 ms
08-15 11:01:32.807 14849 14996 D cellinfo: 46 bytes from 54.197.223.49: icmp_seq=1941 ttl=37 time=106 ms
08-15 11:01:32.995 14849 14996 D cellinfo: 46 bytes from 54.197.223.49: icmp_seq=1942 ttl=37 time=93.6 ms
08-15 11:01:33.232 14849 14996 D cellinfo: 46 bytes from 54.197.223.49: icmp_seq=1943 ttl=37 time=129 ms
08-15 11:01:33.402 14849 14996 D cellinfo: 46 bytes from 54.197.223.49: icmp_seq=1944 ttl=37 time=98.8 ms
08-15 11:01:33.600 14849 14996 D cellinfo: 46 bytes from 54.197.223.49: icmp_seq=1945 ttl=37 time=95.9 ms
08-15 11:01:33.797 14849 14996 D cellinfo: 46 bytes from 54.197.223.49: icmp_seq=1946 ttl=37 time=91.8 ms
08-15 11:01:34.381 14849 14996 D cellinfo: 46 bytes from 54.197.223.49: icmp_seq=1947 ttl=37 time=475 ms
08-15 11:01:34.784 14849 14996 D cellinfo: 46 bytes from 54.197.223.49: icmp_seq=1948 ttl=37 time=677 ms
08-15 11:01:34.888 14849 14996 D cellinfo: 46 bytes from 54.197.223.49: icmp_seq=1949 ttl=37 time=577 ms
08-15 11:01:34.888 14849 14996 D cellinfo: 46 bytes from 54.197.223.49: icmp_seq=1949 ttl=37 time=578 ms (DUP!)
08-15 11:01:36.925 14849 14996 D cellinfo: 46 bytes from 54.197.223.49: icmp_seq=1961 ttl=37 time=174 ms
08-15 11:01:37.048 14849 14996 D cellinfo: 46 bytes from 54.197.223.49: icmp_seq=1962 ttl=37 time=97.6 ms
08-15 11:01:37.271 14849 14996 D cellinfo: 46 bytes from 54.197.223.49: icmp_seq=1963 ttl=37 time=120 ms
08-15 11:01:37.364 14849 14996 D cellinfo: 46 bytes from 54.197.223.49: icmp_seq=1963 ttl=37 time=213 ms (DUP!)
08-15 11:01:37.451 14849 14996 D cellinfo: 46 bytes from 54.197.223.49: icmp_seq=1964 ttl=37 time=100 ms
08-15 11:01:37.797 14849 14996 D cellinfo: 46 bytes from 54.197.223.49: icmp_seq=1965 ttl=37 time=245 ms
08-15 11:01:37.868 14849 14996 D cellinfo: 46 bytes from 54.197.223.49: icmp_seq=1966 ttl=37 time=114 ms
08-15 11:01:38.059 14849 14996 D cellinfo: 46 bytes from 54.197.223.49: icmp_seq=1967 ttl=37 time=102 ms
08-15 11:01:38.255 14849 14996 D cellinfo: 46 bytes from 54.197.223.49: icmp_seq=1968 ttl=37 time=98.7 ms
08-15 11:01:38.452 14849 14996 D cellinfo: 46 bytes from 54.197.223.49: icmp_seq=1969 ttl=37 time=95.5 ms
08-15 11:01:38.647 14849 14996 D cellinfo: 46 bytes from 54.197.223.49: icmp_seq=1970 ttl=37 time=89.5 ms
08-15 11:01:38.883 14849 14996 D cellinfo: 46 bytes from 54.197.223.49: icmp_seq=1971 ttl=37 time=125 ms
08-15 11:01:39.057 14849 14996 D cellinfo: 46 bytes from 54.197.223.49: icmp_seq=1972 ttl=37 time=98.2 ms
08-15 11:01:39.258 14849 14996 D cellinfo: 46 bytes from 54.197.223.49: icmp_seq=1973 ttl=37 time=99.1 ms
08-15 11:01:39.452 14849 14996 D cellinfo: 46 bytes from 54.197.223.49: icmp_seq=1974 ttl=37 time=91.7 ms
08-15 11:01:39.457 14849 14849 D cellinfo: getCurrentLocation() result: Location (success): 43.194163, -77.6272684
08-15 11:01:39.462 14849 14849 D cellinfo: onCellInfoChanged: Operator:  UpdateTimestamp: 399573832 CellConnectionStatus: 1
08-15 11:01:39.462 14849 14849 D cellinfo: onCellInfoChanged: 5G-NR Cell Bands: [] ARFCN: 528000 Cell ID: 9223372036854775807 Physical Cell ID: 529 Tracking Area Code: 16777215
08-15 11:01:39.463 14849 14849 D cellinfo: onServiceStateChanged: Channel Number: 675 Cell Bandwidths: [15000, 100000, 50000]
08-15 11:01:39.463 14849 14849 D cellinfo: onServiceStateChanged: Channel Number: 675 Cell Bandwidths: [15000, 100000, 50000]
08-15 11:01:39.464 14849 14849 D cellinfo: onCellInfoChanged: Operator:  UpdateTimestamp: 399578846 CellConnectionStatus: 1
08-15 11:01:39.464 14849 14849 D cellinfo: onCellInfoChanged: 5G-NR Cell Bands: [] ARFCN: 528000 Cell ID: 9223372036854775807 Physical Cell ID: 529 Tracking Area Code: 16777215
08-15 11:01:39.731 14849 14996 D cellinfo: 46 bytes from 54.197.223.49: icmp_seq=1975 ttl=37 time=169 ms
08-15 11:01:39.856 14849 14996 D cellinfo: 46 bytes from 54.197.223.49: icmp_seq=1976 ttl=37 time=94.7 ms
08-15 11:01:40.013 14849 14849 D cellinfo: Latitude is 43.194163
08-15 11:01:40.013 14849 14849 D cellinfo: Longitude is -77.6272684
08-15 11:01:40.013 14849 14849 D cellinfo: Instantaneous GPS information: United States, 56 W Ridge Rd, Rochester, NY 14615, USA
08-15 11:01:40.013 14849 14849 D cellinfo: getCurrentLocation() result: Location (success): 43.194163, -77.6272684
08-15 11:01:40.052 14849 14996 D cellinfo: 46 bytes from 54.197.223.49: icmp_seq=1977 ttl=37 time=89.6 ms
08-15 11:01:40.250 14849 14996 D cellinfo: 46 bytes from 54.197.223.49: icmp_seq=1978 ttl=37 time=88.3 ms
08-15 11:01:40.539 14849 14996 D cellinfo: 46 bytes from 54.197.223.49: icmp_seq=1979 ttl=37 time=175 ms
08-15 11:01:40.660 14849 14996 D cellinfo: 46 bytes from 54.197.223.49: icmp_seq=1980 ttl=37 time=95.7 ms
08-15 11:01:40.923 14849 14996 D cellinfo: 46 bytes from 54.197.223.49: icmp_seq=1981 ttl=37 time=157 ms
08-15 11:01:41.173 14849 14996 D cellinfo: 46 bytes from 54.197.223.49: icmp_seq=1982 ttl=37 time=206 ms
08-15 11:01:41.337 14849 14996 D cellinfo: 46 bytes from 54.197.223.49: icmp_seq=1983 ttl=37 time=166 ms
08-15 11:01:41.341 14849 14849 D cellinfo: Latitude is 43.1942662
08-15 11:01:41.341 14849 14849 D cellinfo: Longitude is -77.6254177
08-15 11:01:41.341 14849 14849 D cellinfo: Instantaneous GPS information: United States, 22 W Ridge Rd, Rochester, NY 14615, USA
08-15 11:01:41.341 14849 14849 D cellinfo: getCurrentLocation() result: Location (success): 43.1942662, -77.6254177
08-15 11:01:41.462 14849 14996 D cellinfo: 46 bytes from 54.197.223.49: icmp_seq=1984 ttl=37 time=91.1 ms
08-15 11:01:41.668 14849 14996 D cellinfo: 46 bytes from 54.197.223.49: icmp_seq=1985 ttl=37 time=96.6 ms
08-15 11:01:41.894 14849 14996 D cellinfo: 46 bytes from 54.197.223.49: icmp_seq=1986 ttl=37 time=121 ms
08-15 11:01:42.072 14849 14996 D cellinfo: 46 bytes from 54.197.223.49: icmp_seq=1987 ttl=37 time=99.7 ms
08-15 11:01:42.264 14849 14996 D cellinfo: 46 bytes from 54.197.223.49: icmp_seq=1988 ttl=37 time=91.5 ms
08-15 11:01:42.470 14849 14996 D cellinfo: 46 bytes from 54.197.223.49: icmp_seq=1989 ttl=37 time=96.1 ms
08-15 11:01:42.703 14849 14996 D cellinfo: 46 bytes from 54.197.223.49: icmp_seq=1990 ttl=37 time=128 ms
08-15 11:01:42.877 14849 14996 D cellinfo: 46 bytes from 54.197.223.49: icmp_seq=1991 ttl=37 time=101 ms
08-15 11:01:43.077 14849 14996 D cellinfo: 46 bytes from 54.197.223.49: icmp_seq=1992 ttl=37 time=101 ms
08-15 11:01:43.266 14849 14996 D cellinfo: 46 bytes from 54.197.223.49: icmp_seq=1993 ttl=37 time=90.7 ms
08-15 11:01:43.381 14849 14849 D cellinfo: Latitude is 43.1942662
08-15 11:01:43.381 14849 14849 D cellinfo: Longitude is -77.6254177
08-15 11:01:43.381 14849 14849 D cellinfo: Instantaneous GPS information: United States, 22 W Ridge Rd, Rochester, NY 14615, USA
08-15 11:01:43.381 14849 14849 D cellinfo: getCurrentLocation() result: Location (success): 43.1942662, -77.6254177
08-15 11:01:43.429 14849 14849 D cellinfo: onCellInfoChanged: Operator:  UpdateTimestamp: 399582827 CellConnectionStatus: 1
08-15 11:01:43.429 14849 14849 D cellinfo: onCellInfoChanged: 5G-NR Cell Bands: [] ARFCN: 528000 Cell ID: 9223372036854775807 Physical Cell ID: 529 Tracking Area Code: 16777215
08-15 11:01:43.494 14849 14996 D cellinfo: 46 bytes from 54.197.223.49: icmp_seq=1994 ttl=37 time=118 ms
08-15 11:01:43.665 14849 14996 D cellinfo: 46 bytes from 54.197.223.49: icmp_seq=1995 ttl=37 time=87.6 ms
08-15 11:01:43.860 14849 14996 D cellinfo: 46 bytes from 54.197.223.49: icmp_seq=1996 ttl=37 time=82.3 ms
08-15 11:01:44.070 14849 14996 D cellinfo: 46 bytes from 54.197.223.49: icmp_seq=1997 ttl=37 time=91.0 ms
08-15 11:01:44.342 14849 14996 D cellinfo: 46 bytes from 54.197.223.49: icmp_seq=1998 ttl=37 time=163 ms
08-15 11:01:44.476 14849 14996 D cellinfo: 46 bytes from 54.197.223.49: icmp_seq=1999 ttl=37 time=96.6 ms
08-15 11:01:44.671 14849 14996 D cellinfo: 46 bytes from 54.197.223.49: icmp_seq=2000 ttl=37 time=90.0 ms
08-15 11:01:44.870 14849 14996 D cellinfo: 46 bytes from 54.197.223.49: icmp_seq=2001 ttl=37 time=88.9 ms
08-15 11:01:45.066 14849 14996 D cellinfo: 46 bytes from 54.197.223.49: icmp_seq=2002 ttl=37 time=83.4 ms
08-15 11:01:45.312 14849 14996 D cellinfo: 46 bytes from 54.197.223.49: icmp_seq=2003 ttl=37 time=129 ms
08-15 11:01:45.485 14849 14996 D cellinfo: 46 bytes from 54.197.223.49: icmp_seq=2004 ttl=37 time=102 ms
08-15 11:01:45.493 14849 14849 D cellinfo: onsignalStrengthsChanged: LTE Signal Strength info: rsrp: -99 rsrq: -11 rssi: -69 rssnr: 12
08-15 11:01:45.494 14849 14849 D cellinfo: onsignalStrengthsChanged: 5G-NR Signal Strength info: ssrsrp: -101 ssrsrq: -11 sssinr: 12
08-15 11:01:45.673 14849 14996 D cellinfo: 46 bytes from 54.197.223.49: icmp_seq=2005 ttl=37 time=89.8 ms
