08-15 10:59:29.691 14849 14996 D cellinfo: 46 bytes from 54.197.223.49: icmp_seq=1328 ttl=37 time=82.1 ms
08-15 10:59:29.898 14849 14996 D cellinfo: 46 bytes from 54.197.223.49: icmp_seq=1329 ttl=37 time=88.2 ms
08-15 10:59:30.092 14849 14996 D cellinfo: 46 bytes from 54.197.223.49: icmp_seq=1330 ttl=37 time=80.5 ms
08-15 10:59:30.294 14849 14996 D cellinfo: 46 bytes from 54.197.223.49: icmp_seq=1331 ttl=37 time=79.9 ms
08-15 10:59:30.491 14849 14996 D cellinfo: 46 bytes from 54.197.223.49: icmp_seq=1332 ttl=37 time=79.2 ms
08-15 10:59:30.694 14849 14996 D cellinfo: 46 bytes from 54.197.223.49: icmp_seq=1333 ttl=37 time=80.9 ms
08-15 10:59:30.892 14849 14996 D cellinfo: 46 bytes from 54.197.223.49: icmp_seq=1334 ttl=37 time=77.8 ms
08-15 10:59:31.092 14849 14996 D cellinfo: 46 bytes from 54.197.223.49: icmp_seq=1335 ttl=37 time=76.8 ms
08-15 10:59:31.296 14849 14996 D cellinfo: 46 bytes from 54.197.223.49: icmp_seq=1336 ttl=37 time=80.3 ms
08-15 10:59:31.496 14849 14996 D cellinfo: 46 bytes from 54.197.223.49: icmp_seq=1337 ttl=37 time=81.1 ms
08-15 10:59:31.702 14849 14996 D cellinfo: 46 bytes from 54.197.223.49: icmp_seq=1338 ttl=37 time=85.3 ms
08-15 10:59:31.893 14849 14996 D cellinfo: 46 bytes from 54.197.223.49: icmp_seq=1339 ttl=37 time=75.6 ms
08-15 10:59:31.943 14849 14849 D cellinfo: Latitude is 43.2005179
08-15 10:59:31.943 14849 14849 D cellinfo: Longitude is -77.6390108
08-15 10:59:31.943 14849 14849 D cellinfo: Instantaneous GPS information: United States, 1657 Dewey Ave, Rochester, NY 14615, USA
08-15 10:59:31.943 14849 14849 D cellinfo: getCurrentLocation() result: Location (success): 43.2005179, -77.6390108
08-15 10:59:32.092 14849 14996 D cellinfo: 46 bytes from 54.197.223.49: icmp_seq=1340 ttl=37 time=72.0 ms
08-15 10:59:32.311 14849 14996 D cellinfo: 46 bytes from 54.197.223.49: icmp_seq=1341 ttl=37 time=90.0 ms
08-15 10:59:32.512 14849 14996 D cellinfo: 46 bytes from 54.197.223.49: icmp_seq=1342 ttl=37 time=90.0 ms
08-15 10:59:32.713 14849 14996 D cellinfo: 46 bytes from 54.197.223.49: icmp_seq=1343 ttl=37 time=90.3 ms
08-15 10:59:32.914 14849 14996 D cellinfo: 46 bytes from 54.197.223.49: icmp_seq=1344 ttl=37 time=90.0 ms
08-15 10:59:33.112 14849 14996 D cellinfo: 46 bytes from 54.197.223.49: icmp_seq=1345 ttl=37 time=87.7 ms
08-15 10:59:33.323 14849 14996 D cellinfo: 46 bytes from 54.197.223.49: icmp_seq=1346 ttl=37 time=97.4 ms
08-15 10:59:33.513 14849 14996 D cellinfo: 46 bytes from 54.197.223.49: icmp_seq=1347 ttl=37 time=87.4 ms
08-15 10:59:33.712 14849 14996 D cellinfo: 46 bytes from 54.197.223.49: icmp_seq=1348 ttl=37 time=84.8 ms
08-15 10:59:33.913 14849 14996 D cellinfo: 46 bytes from 54.197.223.49: icmp_seq=1349 ttl=37 time=84.4 ms
08-15 10:59:34.111 14849 14996 D cellinfo: 46 bytes from 54.197.223.49: icmp_seq=1350 ttl=37 time=82.9 ms
08-15 10:59:34.311 14849 14996 D cellinfo: 46 bytes from 54.197.223.49: icmp_seq=1351 ttl=37 time=81.8 ms
08-15 10:59:34.372 14849 14849 D cellinfo: Latitude is 43.2005179
08-15 10:59:34.372 14849 14849 D cellinfo: Longitude is -77.6390108
08-15 10:59:34.372 14849 14849 D cellinfo: Instantaneous GPS information: United States, 1657 Dewey Ave, Rochester, NY 14615, USA
08-15 10:59:34.372 14849 14849 D cellinfo: getCurrentLocation() result: Location (success): 43.2005179, -77.6390108
08-15 10:59:34.503 14849 14996 D cellinfo: 46 bytes from 54.197.223.49: icmp_seq=1352 ttl=37 time=73.2 ms
08-15 10:59:34.611 14849 14849 D cellinfo: onCellInfoChanged: Operator:  UpdateTimestamp: 399454016 CellConnectionStatus: 1
08-15 10:59:34.611 14849 14849 D cellinfo: onCellInfoChanged: 5G-NR Cell Bands: [] ARFCN: 528000 Cell ID: 9223372036854775807 Physical Cell ID: 13 Tracking Area Code: 16777215
08-15 10:59:34.703 14849 14996 D cellinfo: 46 bytes from 54.197.223.49: icmp_seq=1353 ttl=37 time=72.7 ms
08-15 10:59:34.913 14849 14996 D cellinfo: 46 bytes from 54.197.223.49: icmp_seq=1354 ttl=37 time=81.5 ms
08-15 10:59:35.112 14849 14996 D cellinfo: 46 bytes from 54.197.223.49: icmp_seq=1355 ttl=37 time=79.3 ms
08-15 10:59:35.331 14849 14996 D cellinfo: 46 bytes from 54.197.223.49: icmp_seq=1356 ttl=37 time=97.4 ms
08-15 10:59:35.511 14849 14996 D cellinfo: 46 bytes from 54.197.223.49: icmp_seq=1357 ttl=37 time=76.2 ms
08-15 10:59:35.712 14849 14996 D cellinfo: 46 bytes from 54.197.223.49: icmp_seq=1358 ttl=37 time=76.3 ms
08-15 10:59:35.913 14849 14996 D cellinfo: 46 bytes from 54.197.223.49: icmp_seq=1359 ttl=37 time=76.1 ms
08-15 10:59:36.133 14849 14996 D cellinfo: 46 bytes from 54.197.223.49: icmp_seq=1360 ttl=37 time=95.8 ms
08-15 10:59:36.331 14849 14996 D cellinfo: 46 bytes from 54.197.223.49: icmp_seq=1361 ttl=37 time=92.2 ms
08-15 10:59:36.533 14849 14996 D cellinfo: 46 bytes from 54.197.223.49: icmp_seq=1362 ttl=37 time=93.3 ms
08-15 10:59:36.732 14849 14996 D cellinfo: 46 bytes from 54.197.223.49: icmp_seq=1363 ttl=37 time=90.7 ms
08-15 10:59:36.933 14849 14996 D cellinfo: 46 bytes from 54.197.223.49: icmp_seq=1364 ttl=37 time=91.6 ms
08-15 10:59:37.132 14849 14996 D cellinfo: 46 bytes from 54.197.223.49: icmp_seq=1365 ttl=37 time=90.0 ms
08-15 10:59:37.331 14849 14996 D cellinfo: 46 bytes from 54.197.223.49: icmp_seq=1366 ttl=37 time=88.6 ms
08-15 10:59:37.378 14849 14849 D cellinfo: Latitude is 43.2005179
08-15 10:59:37.379 14849 14849 D cellinfo: Longitude is -77.6390108
08-15 10:59:37.379 14849 14849 D cellinfo: Instantaneous GPS information: United States, 1657 Dewey Ave, Rochester, NY 14615, USA
08-15 10:59:37.379 14849 14849 D cellinfo: getCurrentLocation() result: Location (success): 43.2005179, -77.6390108
08-15 10:59:37.518 14849 14996 D cellinfo: 46 bytes from 54.197.223.49: icmp_seq=1367 ttl=37 time=75.1 ms
08-15 10:59:37.734 14849 14996 D cellinfo: 46 bytes from 54.197.223.49: icmp_seq=1368 ttl=37 time=89.6 ms
08-15 10:59:37.930 14849 14996 D cellinfo: 46 bytes from 54.197.223.49: icmp_seq=1369 ttl=37 time=85.9 ms
08-15 10:59:38.133 14849 14996 D cellinfo: 46 bytes from 54.197.223.49: icmp_seq=1370 ttl=37 time=87.6 ms
08-15 10:59:38.334 14849 14996 D cellinfo: 46 bytes from 54.197.223.49: icmp_seq=1371 ttl=37 time=87.6 ms
08-15 10:59:38.532 14849 14996 D cellinfo: 46 bytes from 54.197.223.49: icmp_seq=1372 ttl=37 time=84.1 ms
08-15 10:59:38.740 14849 14996 D cellinfo: 46 bytes from 54.197.223.49: icmp_seq=1373 ttl=37 time=92.5 ms
08-15 10:59:38.933 14849 14996 D cellinfo: 46 bytes from 54.197.223.49: icmp_seq=1374 ttl=37 time=84.8 ms
08-15 10:59:39.133 14849 14996 D cellinfo: 46 bytes from 54.197.223.49: icmp_seq=1375 ttl=37 time=84.5 ms
08-15 10:59:39.340 14849 14996 D cellinfo: 46 bytes from 54.197.223.49: icmp_seq=1376 ttl=37 time=91.1 ms
08-15 10:59:39.536 14849 14996 D cellinfo: 46 bytes from 54.197.223.49: icmp_seq=1377 ttl=37 time=86.7 ms
08-15 10:59:39.732 14849 14996 D cellinfo: 46 bytes from 54.197.223.49: icmp_seq=1378 ttl=37 time=81.1 ms
08-15 10:59:39.940 14849 14996 D cellinfo: 46 bytes from 54.197.223.49: icmp_seq=1379 ttl=37 time=88.6 ms
08-15 10:59:40.133 14849 14996 D cellinfo: 46 bytes from 54.197.223.49: icmp_seq=1380 ttl=37 time=80.4 ms
08-15 10:59:40.340 14849 14996 D cellinfo: 46 bytes from 54.197.223.49: icmp_seq=1381 ttl=37 time=86.1 ms
08-15 10:59:40.375 14849 14849 D cellinfo: Latitude is 43.2005179
08-15 10:59:40.375 14849 14849 D cellinfo: Longitude is -77.6390108
08-15 10:59:40.375 14849 14849 D cellinfo: Instantaneous GPS information: United States, 1657 Dewey Ave, Rochester, NY 14615, USA
08-15 10:59:40.375 14849 14849 D cellinfo: getCurrentLocation() result: Location (success): 43.2005179, -77.6390108
08-15 10:59:40.528 14849 14996 D cellinfo: 46 bytes from 54.197.223.49: icmp_seq=1382 ttl=37 time=73.0 ms
08-15 10:59:40.612 14849 14849 D cellinfo: onCellInfoChanged: Operator:  UpdateTimestamp: 399460017 CellConnectionStatus: 1
08-15 10:59:40.612 14849 14849 D cellinfo: onCellInfoChanged: 5G-NR Cell Bands: [] ARFCN: 528000 Cell ID: 9223372036854775807 Physical Cell ID: 13 Tracking Area Code: 16777215
08-15 10:59:40.729 14849 14996 D cellinfo: 46 bytes from 54.197.223.49: icmp_seq=1383 ttl=37 time=73.5 ms
08-15 10:59:40.936 14849 14996 D cellinfo: 46 bytes from 54.197.223.49: icmp_seq=1384 ttl=37 time=79.4 ms
08-15 10:59:41.162 14849 14996 D cellinfo: 46 bytes from 54.197.223.49: icmp_seq=1385 ttl=37 time=104 ms
08-15 10:59:41.354 14849 14996 D cellinfo: 46 bytes from 54.197.223.49: icmp_seq=1386 ttl=37 time=94.8 ms
08-15 10:59:41.560 14849 14996 D cellinfo: 46 bytes from 54.197.223.49: icmp_seq=1387 ttl=37 time=100 ms
08-15 10:59:41.763 14849 14996 D cellinfo: 46 bytes from 54.197.223.49: icmp_seq=1388 ttl=37 time=102 ms
08-15 10:59:41.952 14849 14996 D cellinfo: 46 bytes from 54.197.223.49: icmp_seq=1389 ttl=37 time=89.9 ms
08-15 10:59:42.155 14849 14996 D cellinfo: 46 bytes from 54.197.223.49: icmp_seq=1390 ttl=37 time=92.7 ms
08-15 10:59:42.352 14849 14996 D cellinfo: 46 bytes from 54.197.223.49: icmp_seq=1391 ttl=37 time=88.4 ms
08-15 10:59:42.554 14849 14996 D cellinfo: 46 bytes from 54.197.223.49: icmp_seq=1392 ttl=37 time=90.6 ms
08-15 10:59:42.752 14849 14996 D cellinfo: 46 bytes from 54.197.223.49: icmp_seq=1393 ttl=37 time=87.7 ms
08-15 10:59:42.955 14849 14996 D cellinfo: 46 bytes from 54.197.223.49: icmp_seq=1394 ttl=37 time=89.8 ms
08-15 10:59:43.151 14849 14996 D cellinfo: 46 bytes from 54.197.223.49: icmp_seq=1395 ttl=37 time=85.9 ms
08-15 10:59:43.352 14849 14996 D cellinfo: 46 bytes from 54.197.223.49: icmp_seq=1396 ttl=37 time=85.7 ms
08-15 10:59:43.541 14849 14996 D cellinfo: 46 bytes from 54.197.223.49: icmp_seq=1397 ttl=37 time=74.8 ms
08-15 10:59:43.749 14849 14996 D cellinfo: 46 bytes from 54.197.223.49: icmp_seq=1398 ttl=37 time=82.3 ms
08-15 10:59:43.948 14849 14849 D cellinfo: Latitude is 43.2003284
08-15 10:59:43.948 14849 14849 D cellinfo: Longitude is -77.638454
08-15 10:59:43.948 14849 14849 D cellinfo: Instantaneous GPS information: United States, Ridge & Dewey, Rochester, NY 14615, USA
08-15 10:59:43.948 14849 14849 D cellinfo: getCurrentLocation() result: Location (success): 43.2003284, -77.638454
08-15 10:59:43.950 14849 14996 D cellinfo: 46 bytes from 54.197.223.49: icmp_seq=1399 ttl=37 time=82.6 ms
08-15 10:59:44.144 14849 14996 D cellinfo: 46 bytes from 54.197.223.49: icmp_seq=1400 ttl=37 time=74.7 ms
08-15 10:59:44.356 14849 14996 D cellinfo: 46 bytes from 54.197.223.49: icmp_seq=1401 ttl=37 time=85.8 ms
08-15 10:59:44.554 14849 14996 D cellinfo: 46 bytes from 54.197.223.49: icmp_seq=1402 ttl=37 time=83.4 ms
08-15 10:59:44.752 14849 14996 D cellinfo: 46 bytes from 54.197.223.49: icmp_seq=1403 ttl=37 time=80.3 ms
08-15 10:59:44.954 14849 14996 D cellinfo: 46 bytes from 54.197.223.49: icmp_seq=1404 ttl=37 time=81.6 ms
08-15 10:59:45.162 14849 14996 D cellinfo: 46 bytes from 54.197.223.49: icmp_seq=1405 ttl=37 time=88.7 ms
08-15 10:59:45.353 14849 14996 D cellinfo: 46 bytes from 54.197.223.49: icmp_seq=1406 ttl=37 time=78.8 ms
08-15 10:59:45.573 14849 14996 D cellinfo: 46 bytes from 54.197.223.49: icmp_seq=1407 ttl=37 time=98.4 ms
08-15 10:59:45.752 14849 14996 D cellinfo: 46 bytes from 54.197.223.49: icmp_seq=1408 ttl=37 time=76.6 ms
08-15 10:59:45.952 14849 14996 D cellinfo: 46 bytes from 54.197.223.49: icmp_seq=1409 ttl=37 time=75.4 ms
08-15 10:59:46.172 14849 14996 D cellinfo: 46 bytes from 54.197.223.49: icmp_seq=1410 ttl=37 time=94.3 ms
08-15 10:59:46.373 14849 14996 D cellinfo: 46 bytes from 54.197.223.49: icmp_seq=1411 ttl=37 time=94.5 ms
08-15 10:59:46.383 14849 14849 D cellinfo: Latitude is 43.2003284
08-15 10:59:46.384 14849 14849 D cellinfo: Longitude is -77.638454
08-15 10:59:46.384 14849 14849 D cellinfo: Instantaneous GPS information: United States, Ridge & Dewey, Rochester, NY 14615, USA
08-15 10:59:46.384 14849 14849 D cellinfo: getCurrentLocation() result: Location (success): 43.2003284, -77.638454
08-15 10:59:46.558 14849 14996 D cellinfo: 46 bytes from 54.197.223.49: icmp_seq=1412 ttl=37 time=79.4 ms
08-15 10:59:46.616 14849 14849 D cellinfo: onCellInfoChanged: Operator:  UpdateTimestamp: 399466023 CellConnectionStatus: 1
08-15 10:59:46.616 14849 14849 D cellinfo: onCellInfoChanged: 5G-NR Cell Bands: [] ARFCN: 528000 Cell ID: 9223372036854775807 Physical Cell ID: 13 Tracking Area Code: 16777215
08-15 10:59:46.752 14849 14996 D cellinfo: 46 bytes from 54.197.223.49: icmp_seq=1413 ttl=37 time=71.7 ms
08-15 10:59:46.971 14849 14996 D cellinfo: 46 bytes from 54.197.223.49: icmp_seq=1414 ttl=37 time=90.8 ms
08-15 10:59:47.175 14849 14996 D cellinfo: 46 bytes from 54.197.223.49: icmp_seq=1415 ttl=37 time=93.1 ms
08-15 10:59:47.379 14849 14996 D cellinfo: 46 bytes from 54.197.223.49: icmp_seq=1416 ttl=37 time=96.5 ms
08-15 10:59:47.571 14849 14996 D cellinfo: 46 bytes from 54.197.223.49: icmp_seq=1417 ttl=37 time=88.5 ms
08-15 10:59:47.775 14849 14996 D cellinfo: 46 bytes from 54.197.223.49: icmp_seq=1418 ttl=37 time=90.8 ms
08-15 10:59:47.974 14849 14996 D cellinfo: 46 bytes from 54.197.223.49: icmp_seq=1419 ttl=37 time=88.7 ms
08-15 10:59:48.177 14849 14996 D cellinfo: 46 bytes from 54.197.223.49: icmp_seq=1420 ttl=37 time=90.6 ms
08-15 10:59:48.372 14849 14996 D cellinfo: 46 bytes from 54.197.223.49: icmp_seq=1421 ttl=37 time=85.3 ms
08-15 10:59:48.580 14849 14996 D cellinfo: 46 bytes from 54.197.223.49: icmp_seq=1422 ttl=37 time=92.3 ms
08-15 10:59:48.774 14849 14996 D cellinfo: 46 bytes from 54.197.223.49: icmp_seq=1423 ttl=37 time=85.0 ms
08-15 10:59:48.976 14849 14996 D cellinfo: 46 bytes from 54.197.223.49: icmp_seq=1424 ttl=37 time=85.9 ms
08-15 10:59:49.172 14849 14996 D cellinfo: 46 bytes from 54.197.223.49: icmp_seq=1425 ttl=37 time=80.7 ms
08-15 10:59:49.375 14849 14996 D cellinfo: 46 bytes from 54.197.223.49: icmp_seq=1426 ttl=37 time=83.3 ms
08-15 10:59:49.376 14849 14849 D cellinfo: Latitude is 43.2003284
08-15 10:59:49.376 14849 14849 D cellinfo: Longitude is -77.638454
08-15 10:59:49.376 14849 14849 D cellinfo: Instantaneous GPS information: United States, Ridge & Dewey, Rochester, NY 14615, USA
08-15 10:59:49.376 14849 14849 D cellinfo: getCurrentLocation() result: Location (success): 43.2003284, -77.638454
08-15 10:59:49.570 14849 14996 D cellinfo: 46 bytes from 54.197.223.49: icmp_seq=1427 ttl=37 time=77.6 ms
08-15 10:59:49.624 14849 14849 D cellinfo: onCellInfoChanged: Operator:  UpdateTimestamp: 399469031 CellConnectionStatus: 1
08-15 10:59:49.625 14849 14849 D cellinfo: onCellInfoChanged: 5G-NR Cell Bands: [] ARFCN: 528000 Cell ID: 9223372036854775807 Physical Cell ID: 13 Tracking Area Code: 16777215
08-15 10:59:49.767 14849 14996 D cellinfo: 46 bytes from 54.197.223.49: icmp_seq=1428 ttl=37 time=74.6 ms
08-15 10:59:49.974 14849 14996 D cellinfo: 46 bytes from 54.197.223.49: icmp_seq=1429 ttl=37 time=81.2 ms
08-15 10:59:50.172 14849 14996 D cellinfo: 46 bytes from 54.197.223.49: icmp_seq=1430 ttl=37 time=77.3 ms
08-15 10:59:50.371 14849 14996 D cellinfo: 46 bytes from 54.197.223.49: icmp_seq=1431 ttl=37 time=75.6 ms
08-15 10:59:50.577 14849 14996 D cellinfo: 46 bytes from 54.197.223.49: icmp_seq=1432 ttl=37 time=80.6 ms
08-15 10:59:50.775 14849 14996 D cellinfo: 46 bytes from 54.197.223.49: icmp_seq=1433 ttl=37 time=77.3 ms
08-15 10:59:50.975 14849 14996 D cellinfo: 46 bytes from 54.197.223.49: icmp_seq=1434 ttl=37 time=77.3 ms
08-15 10:59:51.195 14849 14996 D cellinfo: 46 bytes from 54.197.223.49: icmp_seq=1435 ttl=37 time=96.2 ms
08-15 10:59:51.396 14849 14996 D cellinfo: 46 bytes from 54.197.223.49: icmp_seq=1436 ttl=37 time=95.9 ms
08-15 10:59:51.594 14849 14996 D cellinfo: 46 bytes from 54.197.223.49: icmp_seq=1437 ttl=37 time=93.0 ms
08-15 10:59:51.795 14849 14996 D cellinfo: 46 bytes from 54.197.223.49: icmp_seq=1438 ttl=37 time=90.4 ms
08-15 10:59:51.992 14849 14996 D cellinfo: 46 bytes from 54.197.223.49: icmp_seq=1439 ttl=37 time=89.9 ms
08-15 10:59:52.192 14849 14996 D cellinfo: 46 bytes from 54.197.223.49: icmp_seq=1440 ttl=37 time=89.3 ms
08-15 10:59:52.373 14849 14849 D cellinfo: Latitude is 43.2003284
08-15 10:59:52.373 14849 14849 D cellinfo: Longitude is -77.638454
08-15 10:59:52.373 14849 14849 D cellinfo: Instantaneous GPS information: United States, Ridge & Dewey, Rochester, NY 14615, USA
08-15 10:59:52.373 14849 14849 D cellinfo: getCurrentLocation() result: Location (success): 43.2003284, -77.638454
08-15 10:59:52.392 14849 14996 D cellinfo: 46 bytes from 54.197.223.49: icmp_seq=1441 ttl=37 time=87.8 ms
08-15 10:59:52.578 14849 14996 D cellinfo: 46 bytes from 54.197.223.49: icmp_seq=1442 ttl=37 time=73.6 ms
08-15 10:59:52.796 14849 14996 D cellinfo: 46 bytes from 54.197.223.49: icmp_seq=1443 ttl=37 time=91.0 ms
08-15 10:59:52.994 14849 14996 D cellinfo: 46 bytes from 54.197.223.49: icmp_seq=1444 ttl=37 time=87.2 ms
08-15 10:59:53.193 14849 14996 D cellinfo: 46 bytes from 54.197.223.49: icmp_seq=1445 ttl=37 time=86.4 ms
08-15 10:59:53.396 14849 14996 D cellinfo: 46 bytes from 54.197.223.49: icmp_seq=1446 ttl=37 time=88.9 ms
08-15 10:59:53.592 14849 14996 D cellinfo: 46 bytes from 54.197.223.49: icmp_seq=1447 ttl=37 time=83.7 ms
08-15 10:59:53.791 14849 14996 D cellinfo: 46 bytes from 54.197.223.49: icmp_seq=1448 ttl=37 time=82.8 ms
08-15 10:59:53.992 14849 14996 D cellinfo: 46 bytes from 54.197.223.49: icmp_seq=1449 ttl=37 time=82.5 ms
08-15 10:59:54.212 14849 14996 D cellinfo: 46 bytes from 54.197.223.49: icmp_seq=1450 ttl=37 time=102 ms
08-15 10:59:54.391 14849 14996 D cellinfo: 46 bytes from 54.197.223.49: icmp_seq=1451 ttl=37 time=80.0 ms
08-15 10:59:54.595 14849 14996 D cellinfo: 46 bytes from 54.197.223.49: icmp_seq=1452 ttl=37 time=83.1 ms
08-15 10:59:54.792 14849 14996 D cellinfo: 46 bytes from 54.197.223.49: icmp_seq=1453 ttl=37 time=78.4 ms
08-15 10:59:55.003 14849 14996 D cellinfo: 46 bytes from 54.197.223.49: icmp_seq=1454 ttl=37 time=89.9 ms
08-15 10:59:55.200 14849 14996 D cellinfo: 46 bytes from 54.197.223.49: icmp_seq=1455 ttl=37 time=87.1 ms
08-15 10:59:55.404 14849 14996 D cellinfo: 46 bytes from 54.197.223.49: icmp_seq=1456 ttl=37 time=89.8 ms
08-15 10:59:55.601 14849 14996 D cellinfo: 46 bytes from 54.197.223.49: icmp_seq=1457 ttl=37 time=86.1 ms
08-15 10:59:55.801 14849 14996 D cellinfo: 46 bytes from 54.197.223.49: icmp_seq=1458 ttl=37 time=84.1 ms
08-15 10:59:55.822 14849 14849 D cellinfo: Latitude is 43.2003134
08-15 10:59:55.822 14849 14849 D cellinfo: Longitude is -77.6384101
08-15 10:59:55.822 14849 14849 D cellinfo: Instantaneous GPS information: United States, Ridge & Dewey, Rochester, NY 14615, USA
08-15 10:59:55.822 14849 14849 D cellinfo: getCurrentLocation() result: Location (success): 43.2003134, -77.6384101
08-15 10:59:55.826 14849 14849 D cellinfo: onCellInfoChanged: Operator:  UpdateTimestamp: 399475024 CellConnectionStatus: 1
08-15 10:59:55.826 14849 14849 D cellinfo: onCellInfoChanged: 5G-NR Cell Bands: [] ARFCN: 528000 Cell ID: 9223372036854775807 Physical Cell ID: 13 Tracking Area Code: 16777215
08-15 10:59:56.001 14849 14996 D cellinfo: 46 bytes from 54.197.223.49: icmp_seq=1459 ttl=37 time=83.3 ms
08-15 10:59:56.214 14849 14996 D cellinfo: 46 bytes from 54.197.223.49: icmp_seq=1460 ttl=37 time=95.8 ms
08-15 10:59:56.412 14849 14996 D cellinfo: 46 bytes from 54.197.223.49: icmp_seq=1461 ttl=37 time=93.3 ms
08-15 10:59:56.612 14849 14996 D cellinfo: 46 bytes from 54.197.223.49: icmp_seq=1462 ttl=37 time=91.3 ms
08-15 10:59:56.814 14849 14996 D cellinfo: 46 bytes from 54.197.223.49: icmp_seq=1463 ttl=37 time=92.2 ms
08-15 10:59:57.021 14849 14996 D cellinfo: 46 bytes from 54.197.223.49: icmp_seq=1464 ttl=37 time=98.1 ms
08-15 10:59:57.214 14849 14996 D cellinfo: 46 bytes from 54.197.223.49: icmp_seq=1465 ttl=37 time=91.4 ms
08-15 10:59:57.414 14849 14996 D cellinfo: 46 bytes from 54.197.223.49: icmp_seq=1466 ttl=37 time=90.3 ms
08-15 10:59:57.616 14849 14996 D cellinfo: 46 bytes from 54.197.223.49: icmp_seq=1467 ttl=37 time=91.3 ms
08-15 10:59:57.814 14849 14996 D cellinfo: 46 bytes from 54.197.223.49: icmp_seq=1468 ttl=37 time=87.5 ms
08-15 10:59:58.015 14849 14996 D cellinfo: 46 bytes from 54.197.223.49: icmp_seq=1469 ttl=37 time=88.0 ms
08-15 10:59:58.219 14849 14996 D cellinfo: 46 bytes from 54.197.223.49: icmp_seq=1470 ttl=37 time=92.8 ms
08-15 10:59:58.411 14849 14996 D cellinfo: 46 bytes from 54.197.223.49: icmp_seq=1471 ttl=37 time=83.7 ms
08-15 10:59:58.602 14849 14996 D cellinfo: 46 bytes from 54.197.223.49: icmp_seq=1472 ttl=37 time=75.1 ms
08-15 10:59:58.805 14849 14996 D cellinfo: 46 bytes from 54.197.223.49: icmp_seq=1473 ttl=37 time=75.6 ms
08-15 10:59:58.906 14849 14849 D cellinfo: Latitude is 43.1991283
08-15 10:59:58.906 14849 14849 D cellinfo: Longitude is -77.6359475
08-15 10:59:58.906 14849 14849 D cellinfo: Instantaneous GPS information: United States, 295 W Ridge Rd, Rochester, NY 14615, USA
08-15 10:59:58.907 14849 14849 D cellinfo: getCurrentLocation() result: Location (success): 43.1991283, -77.6359475
08-15 10:59:59.005 14849 14996 D cellinfo: 46 bytes from 54.197.223.49: icmp_seq=1474 ttl=37 time=76.2 ms
08-15 10:59:59.203 14849 14996 D cellinfo: 46 bytes from 54.197.223.49: icmp_seq=1475 ttl=37 time=74.2 ms
08-15 10:59:59.418 14849 14996 D cellinfo: 46 bytes from 54.197.223.49: icmp_seq=1476 ttl=37 time=88.1 ms
08-15 10:59:59.621 14849 14996 D cellinfo: 46 bytes from 54.197.223.49: icmp_seq=1477 ttl=37 time=89.2 ms
08-15 10:59:59.813 14849 14996 D cellinfo: 46 bytes from 54.197.223.49: icmp_seq=1478 ttl=37 time=80.8 ms
08-15 11:00:00.009 14849 14996 D cellinfo: 46 bytes from 54.197.223.49: icmp_seq=1479 ttl=37 time=75.1 ms
08-15 11:00:00.201 14849 14996 D cellinfo: 46 bytes from 54.197.223.49: icmp_seq=1480 ttl=37 time=68.6 ms
08-15 11:00:00.410 14849 14996 D cellinfo: 46 bytes from 54.197.223.49: icmp_seq=1481 ttl=37 time=76.7 ms
08-15 11:00:00.612 14849 14996 D cellinfo: 46 bytes from 54.197.223.49: icmp_seq=1482 ttl=37 time=78.8 ms
08-15 11:00:00.811 14849 14996 D cellinfo: 46 bytes from 54.197.223.49: icmp_seq=1483 ttl=37 time=77.4 ms
08-15 11:00:01.017 14849 14996 D cellinfo: 46 bytes from 54.197.223.49: icmp_seq=1484 ttl=37 time=80.9 ms
08-15 11:00:01.214 14849 14996 D cellinfo: 46 bytes from 54.197.223.49: icmp_seq=1485 ttl=37 time=78.3 ms
08-15 11:00:01.371 14849 14849 D cellinfo: Latitude is 43.1991283
08-15 11:00:01.371 14849 14849 D cellinfo: Longitude is -77.6359475
08-15 11:00:01.371 14849 14849 D cellinfo: Instantaneous GPS information: United States, 295 W Ridge Rd, Rochester, NY 14615, USA
08-15 11:00:01.371 14849 14849 D cellinfo: getCurrentLocation() result: Location (success): 43.1991283, -77.6359475
08-15 11:00:01.411 14849 14996 D cellinfo: 46 bytes from 54.197.223.49: icmp_seq=1486 ttl=37 time=74.7 ms
08-15 11:00:01.605 14849 14849 D cellinfo: onCellInfoChanged: Operator:  UpdateTimestamp: 399481010 CellConnectionStatus: 1
08-15 11:00:01.605 14849 14849 D cellinfo: onCellInfoChanged: 5G-NR Cell Bands: [] ARFCN: 528000 Cell ID: 9223372036854775807 Physical Cell ID: 13 Tracking Area Code: 16777215
08-15 11:00:01.614 14849 14996 D cellinfo: 46 bytes from 54.197.223.49: icmp_seq=1487 ttl=37 time=75.7 ms
08-15 11:00:01.841 14849 14996 D cellinfo: 46 bytes from 54.197.223.49: icmp_seq=1488 ttl=37 time=102 ms
08-15 11:00:02.014 14849 14996 D cellinfo: 46 bytes from 54.197.223.49: icmp_seq=1489 ttl=37 time=74.4 ms
08-15 11:00:02.234 14849 14996 D cellinfo: 46 bytes from 54.197.223.49: icmp_seq=1490 ttl=37 time=94.8 ms
08-15 11:00:02.433 14849 14996 D cellinfo: 46 bytes from 54.197.223.49: icmp_seq=1491 ttl=37 time=93.2 ms
08-15 11:00:02.633 14849 14996 D cellinfo: 46 bytes from 54.197.223.49: icmp_seq=1492 ttl=37 time=92.1 ms
08-15 11:00:02.833 14849 14996 D cellinfo: 46 bytes from 54.197.223.49: icmp_seq=1493 ttl=37 time=91.7 ms
08-15 11:00:03.018 14849 14996 D cellinfo: 46 bytes from 54.197.223.49: icmp_seq=1494 ttl=37 time=74.2 ms
08-15 11:00:03.241 14849 14996 D cellinfo: 46 bytes from 54.197.223.49: icmp_seq=1495 ttl=37 time=98.4 ms
08-15 11:00:03.435 14849 14996 D cellinfo: 46 bytes from 54.197.223.49: icmp_seq=1496 ttl=37 time=91.5 ms
08-15 11:00:03.640 14849 14996 D cellinfo: 46 bytes from 54.197.223.49: icmp_seq=1497 ttl=37 time=95.9 ms
08-15 11:00:03.843 14849 14996 D cellinfo: 46 bytes from 54.197.223.49: icmp_seq=1498 ttl=37 time=94.9 ms
08-15 11:00:04.042 14849 14996 D cellinfo: 46 bytes from 54.197.223.49: icmp_seq=1499 ttl=37 time=96.0 ms
08-15 11:00:04.247 14849 14996 D cellinfo: 46 bytes from 54.197.223.49: icmp_seq=1500 ttl=37 time=101 ms
08-15 11:00:04.372 14849 14849 D cellinfo: Latitude is 43.1991283
08-15 11:00:04.372 14849 14849 D cellinfo: Longitude is -77.6359475
08-15 11:00:04.372 14849 14849 D cellinfo: Instantaneous GPS information: United States, 295 W Ridge Rd, Rochester, NY 14615, USA
08-15 11:00:04.372 14849 14849 D cellinfo: getCurrentLocation() result: Location (success): 43.1991283, -77.6359475
08-15 11:00:04.418 14849 14996 D cellinfo: 46 bytes from 54.197.223.49: icmp_seq=1501 ttl=37 time=72.3 ms
08-15 11:00:04.621 14849 14996 D cellinfo: 46 bytes from 54.197.223.49: icmp_seq=1502 ttl=37 time=73.9 ms
08-15 11:00:04.834 14849 14996 D cellinfo: 46 bytes from 54.197.223.49: icmp_seq=1503 ttl=37 time=85.4 ms
08-15 11:00:05.032 14849 14996 D cellinfo: 46 bytes from 54.197.223.49: icmp_seq=1504 ttl=37 time=82.3 ms
08-15 11:00:05.231 14849 14996 D cellinfo: 46 bytes from 54.197.223.49: icmp_seq=1505 ttl=37 time=81.2 ms
08-15 11:00:05.432 14849 14996 D cellinfo: 46 bytes from 54.197.223.49: icmp_seq=1506 ttl=37 time=81.2 ms
08-15 11:00:05.632 14849 14996 D cellinfo: 46 bytes from 54.197.223.49: icmp_seq=1507 ttl=37 time=80.1 ms
08-15 11:00:05.832 14849 14996 D cellinfo: 46 bytes from 54.197.223.49: icmp_seq=1508 ttl=37 time=78.7 ms
08-15 11:00:06.055 14849 14996 D cellinfo: 46 bytes from 54.197.223.49: icmp_seq=1509 ttl=37 time=101 ms
08-15 11:00:06.236 14849 14996 D cellinfo: 46 bytes from 54.197.223.49: icmp_seq=1510 ttl=37 time=83.2 ms
08-15 11:00:06.434 14849 14996 D cellinfo: 46 bytes from 54.197.223.49: icmp_seq=1511 ttl=37 time=79.8 ms
08-15 11:00:06.631 14849 14996 D cellinfo: 46 bytes from 54.197.223.49: icmp_seq=1512 ttl=37 time=75.9 ms
08-15 11:00:06.826 14849 14996 D cellinfo: 46 bytes from 54.197.223.49: icmp_seq=1513 ttl=37 time=70.4 ms
08-15 11:00:07.029 14849 14996 D cellinfo: 46 bytes from 54.197.223.49: icmp_seq=1514 ttl=37 time=71.6 ms
08-15 11:00:07.232 14849 14996 D cellinfo: 46 bytes from 54.197.223.49: icmp_seq=1515 ttl=37 time=75.1 ms
08-15 11:00:07.382 14849 14849 D cellinfo: Latitude is 43.1991283
08-15 11:00:07.382 14849 14849 D cellinfo: Longitude is -77.6359475
08-15 11:00:07.382 14849 14849 D cellinfo: Instantaneous GPS information: United States, 295 W Ridge Rd, Rochester, NY 14615, USA
08-15 11:00:07.382 14849 14849 D cellinfo: getCurrentLocation() result: Location (success): 43.1991283, -77.6359475
08-15 11:00:07.454 14849 14996 D cellinfo: 46 bytes from 54.197.223.49: icmp_seq=1516 ttl=37 time=96.6 ms
08-15 11:00:07.609 14849 14849 D cellinfo: onCellInfoChanged: Operator:  UpdateTimestamp: 399487015 CellConnectionStatus: 1
08-15 11:00:07.609 14849 14849 D cellinfo: onCellInfoChanged: 5G-NR Cell Bands: [] ARFCN: 528000 Cell ID: 9223372036854775807 Physical Cell ID: 13 Tracking Area Code: 16777215
08-15 11:00:07.632 14849 14996 D cellinfo: 46 bytes from 54.197.223.49: icmp_seq=1517 ttl=37 time=72.8 ms
08-15 11:00:07.860 14849 14996 D cellinfo: 46 bytes from 54.197.223.49: icmp_seq=1518 ttl=37 time=99.4 ms
08-15 11:00:08.059 14849 14996 D cellinfo: 46 bytes from 54.197.223.49: icmp_seq=1519 ttl=37 time=98.2 ms
08-15 11:00:08.258 14849 14996 D cellinfo: 46 bytes from 54.197.223.49: icmp_seq=1520 ttl=37 time=98.2 ms
08-15 11:00:08.460 14849 14996 D cellinfo: 46 bytes from 54.197.223.49: icmp_seq=1521 ttl=37 time=98.7 ms
08-15 11:00:08.652 14849 14996 D cellinfo: 46 bytes from 54.197.223.49: icmp_seq=1522 ttl=37 time=90.4 ms
08-15 11:00:08.854 14849 14996 D cellinfo: 46 bytes from 54.197.223.49: icmp_seq=1523 ttl=37 time=91.1 ms
08-15 11:00:09.053 14849 14996 D cellinfo: 46 bytes from 54.197.223.49: icmp_seq=1524 ttl=37 time=88.9 ms
08-15 11:00:09.255 14849 14996 D cellinfo: 46 bytes from 54.197.223.49: icmp_seq=1525 ttl=37 time=90.0 ms
08-15 11:00:09.457 14849 14996 D cellinfo: 46 bytes from 54.197.223.49: icmp_seq=1526 ttl=37 time=91.3 ms
08-15 11:00:09.653 14849 14996 D cellinfo: 46 bytes from 54.197.223.49: icmp_seq=1527 ttl=37 time=86.9 ms
08-15 11:00:09.852 14849 14996 D cellinfo: 46 bytes from 54.197.223.49: icmp_seq=1528 ttl=37 time=85.6 ms
08-15 11:00:10.052 14849 14996 D cellinfo: 46 bytes from 54.197.223.49: icmp_seq=1529 ttl=37 time=85.0 ms
08-15 11:00:10.260 14849 14996 D cellinfo: 46 bytes from 54.197.223.49: icmp_seq=1530 ttl=37 time=93.1 ms
08-15 11:00:10.459 14849 14996 D cellinfo: 46 bytes from 54.197.223.49: icmp_seq=1531 ttl=37 time=91.4 ms
08-15 11:00:10.644 14849 14996 D cellinfo: 46 bytes from 54.197.223.49: icmp_seq=1532 ttl=37 time=76.1 ms
08-15 11:00:10.845 14849 14996 D cellinfo: 46 bytes from 54.197.223.49: icmp_seq=1533 ttl=37 time=76.7 ms
08-15 11:00:10.935 14849 14849 D cellinfo: Latitude is 43.1980718
08-15 11:00:10.935 14849 14849 D cellinfo: Longitude is -77.6342156
08-15 11:00:10.935 14849 14849 D cellinfo: Instantaneous GPS information: United States, 251 W Ridge Rd, Rochester, NY 14615, USA
08-15 11:00:10.935 14849 14849 D cellinfo: getCurrentLocation() result: Location (success): 43.1980718, -77.6342156
08-15 11:00:11.042 14849 14996 D cellinfo: 46 bytes from 54.197.223.49: icmp_seq=1534 ttl=37 time=72.4 ms
08-15 11:00:11.251 14849 14996 D cellinfo: 46 bytes from 54.197.223.49: icmp_seq=1535 ttl=37 time=81.8 ms
08-15 11:00:11.454 14849 14996 D cellinfo: 46 bytes from 54.197.223.49: icmp_seq=1536 ttl=37 time=83.6 ms
08-15 11:00:11.654 14849 14996 D cellinfo: 46 bytes from 54.197.223.49: icmp_seq=1537 ttl=37 time=83.0 ms
08-15 11:00:11.859 14849 14996 D cellinfo: 46 bytes from 54.197.223.49: icmp_seq=1538 ttl=37 time=87.6 ms
08-15 11:00:12.052 14849 14996 D cellinfo: 46 bytes from 54.197.223.49: icmp_seq=1539 ttl=37 time=79.3 ms
08-15 11:00:12.252 14849 14996 D cellinfo: 46 bytes from 54.197.223.49: icmp_seq=1540 ttl=37 time=78.6 ms
08-15 11:00:12.452 14849 14996 D cellinfo: 46 bytes from 54.197.223.49: icmp_seq=1541 ttl=37 time=76.8 ms
08-15 11:00:12.652 14849 14996 D cellinfo: 46 bytes from 54.197.223.49: icmp_seq=1542 ttl=37 time=76.3 ms
08-15 11:00:12.856 14849 14996 D cellinfo: 46 bytes from 54.197.223.49: icmp_seq=1543 ttl=37 time=79.8 ms
08-15 11:00:13.053 14849 14996 D cellinfo: 46 bytes from 54.197.223.49: icmp_seq=1544 ttl=37 time=76.0 ms
08-15 11:00:13.251 14849 14996 D cellinfo: 46 bytes from 54.197.223.49: icmp_seq=1545 ttl=37 time=74.8 ms
08-15 11:00:13.374 14849 14849 D cellinfo: Latitude is 43.1980718
08-15 11:00:13.374 14849 14849 D cellinfo: Longitude is -77.6342156
08-15 11:00:13.374 14849 14849 D cellinfo: Instantaneous GPS information: United States, 251 W Ridge Rd, Rochester, NY 14615, USA
08-15 11:00:13.374 14849 14849 D cellinfo: getCurrentLocation() result: Location (success): 43.1980718, -77.6342156
08-15 11:00:13.459 14849 14996 D cellinfo: 46 bytes from 54.197.223.49: icmp_seq=1546 ttl=37 time=81.7 ms
08-15 11:00:13.582 14849 14849 D cellinfo: onCellInfoChanged: Operator:  UpdateTimestamp: 399492988 CellConnectionStatus: 1
08-15 11:00:13.582 14849 14849 D cellinfo: onCellInfoChanged: 5G-NR Cell Bands: [] ARFCN: 528000 Cell ID: 9223372036854775807 Physical Cell ID: 13 Tracking Area Code: 16777215
08-15 11:00:13.657 14849 14996 D cellinfo: 46 bytes from 54.197.223.49: icmp_seq=1547 ttl=37 time=79.7 ms
08-15 11:00:13.859 14849 14996 D cellinfo: 46 bytes from 54.197.223.49: icmp_seq=1548 ttl=37 time=80.7 ms
08-15 11:00:14.074 14849 14996 D cellinfo: 46 bytes from 54.197.223.49: icmp_seq=1549 ttl=37 time=95.3 ms
08-15 11:00:14.281 14849 14996 D cellinfo: 46 bytes from 54.197.223.49: icmp_seq=1550 ttl=37 time=102 ms
08-15 11:00:14.476 14849 14996 D cellinfo: 46 bytes from 54.197.223.49: icmp_seq=1551 ttl=37 time=96.2 ms
08-15 11:00:14.676 14849 14996 D cellinfo: 46 bytes from 54.197.223.49: icmp_seq=1552 ttl=37 time=94.3 ms
08-15 11:00:14.872 14849 14996 D cellinfo: 46 bytes from 54.197.223.49: icmp_seq=1553 ttl=37 time=90.5 ms
08-15 11:00:15.076 14849 14996 D cellinfo: 46 bytes from 54.197.223.49: icmp_seq=1554 ttl=37 time=94.1 ms
08-15 11:00:15.271 14849 14996 D cellinfo: 46 bytes from 54.197.223.49: icmp_seq=1555 ttl=37 time=88.9 ms
08-15 11:00:15.475 14849 14996 D cellinfo: 46 bytes from 54.197.223.49: icmp_seq=1556 ttl=37 time=91.7 ms
08-15 11:00:15.674 14849 14996 D cellinfo: 46 bytes from 54.197.223.49: icmp_seq=1557 ttl=37 time=90.6 ms
08-15 11:00:15.883 14849 14996 D cellinfo: 46 bytes from 54.197.223.49: icmp_seq=1558 ttl=37 time=98.2 ms
08-15 11:00:16.072 14849 14996 D cellinfo: 46 bytes from 54.197.223.49: icmp_seq=1559 ttl=37 time=86.2 ms
08-15 11:00:16.272 14849 14996 D cellinfo: 46 bytes from 54.197.223.49: icmp_seq=1560 ttl=37 time=85.8 ms
08-15 11:00:16.379 14849 14849 D cellinfo: Latitude is 43.1980718
08-15 11:00:16.379 14849 14849 D cellinfo: Longitude is -77.6342156
08-15 11:00:16.380 14849 14849 D cellinfo: Instantaneous GPS information: United States, 251 W Ridge Rd, Rochester, NY 14615, USA
08-15 11:00:16.380 14849 14849 D cellinfo: getCurrentLocation() result: Location (success): 43.1980718, -77.6342156
08-15 11:00:16.474 14849 14996 D cellinfo: 46 bytes from 54.197.223.49: icmp_seq=1561 ttl=37 time=87.3 ms
08-15 11:00:16.675 14849 14996 D cellinfo: 46 bytes from 54.197.223.49: icmp_seq=1562 ttl=37 time=86.9 ms
08-15 11:00:16.873 14849 14996 D cellinfo: 46 bytes from 54.197.223.49: icmp_seq=1563 ttl=37 time=83.6 ms
08-15 11:00:17.074 14849 14996 D cellinfo: 46 bytes from 54.197.223.49: icmp_seq=1564 ttl=37 time=83.9 ms
08-15 11:00:17.276 14849 14996 D cellinfo: 46 bytes from 54.197.223.49: icmp_seq=1565 ttl=37 time=86.0 ms
08-15 11:00:17.472 14849 14996 D cellinfo: 46 bytes from 54.197.223.49: icmp_seq=1566 ttl=37 time=81.5 ms
08-15 11:00:17.677 14849 14996 D cellinfo: 46 bytes from 54.197.223.49: icmp_seq=1567 ttl=37 time=84.9 ms
08-15 11:00:17.892 14849 14996 D cellinfo: 46 bytes from 54.197.223.49: icmp_seq=1568 ttl=37 time=99.2 ms
08-15 11:00:18.077 14849 14996 D cellinfo: 46 bytes from 54.197.223.49: icmp_seq=1569 ttl=37 time=83.4 ms
08-15 11:00:18.275 14849 14996 D cellinfo: 46 bytes from 54.197.223.49: icmp_seq=1570 ttl=37 time=81.0 ms
08-15 11:00:18.485 14849 14996 D cellinfo: 46 bytes from 54.197.223.49: icmp_seq=1571 ttl=37 time=90.4 ms
08-15 11:00:18.694 14849 14996 D cellinfo: 46 bytes from 54.197.223.49: icmp_seq=1572 ttl=37 time=97.2 ms
08-15 11:00:18.877 14849 14996 D cellinfo: 46 bytes from 54.197.223.49: icmp_seq=1573 ttl=37 time=79.5 ms
08-15 11:00:19.096 14849 14996 D cellinfo: 46 bytes from 54.197.223.49: icmp_seq=1574 ttl=37 time=97.6 ms
08-15 11:00:19.280 14849 14996 D cellinfo: 46 bytes from 54.197.223.49: icmp_seq=1575 ttl=37 time=81.8 ms
08-15 11:00:19.375 14849 14849 D cellinfo: Latitude is 43.1980718
08-15 11:00:19.375 14849 14849 D cellinfo: Longitude is -77.6342156
08-15 11:00:19.375 14849 14849 D cellinfo: Instantaneous GPS information: United States, 251 W Ridge Rd, Rochester, NY 14615, USA
08-15 11:00:19.375 14849 14849 D cellinfo: getCurrentLocation() result: Location (success): 43.1980718, -77.6342156
08-15 11:00:19.496 14849 14996 D cellinfo: 46 bytes from 54.197.223.49: icmp_seq=1576 ttl=37 time=97.0 ms
08-15 11:00:19.615 14849 14849 D cellinfo: onCellInfoChanged: Operator:  UpdateTimestamp: 399499019 CellConnectionStatus: 1
08-15 11:00:19.615 14849 14849 D cellinfo: onCellInfoChanged: 5G-NR Cell Bands: [] ARFCN: 528000 Cell ID: 9223372036854775807 Physical Cell ID: 13 Tracking Area Code: 16777215
08-15 11:00:19.675 14849 14996 D cellinfo: 46 bytes from 54.197.223.49: icmp_seq=1577 ttl=37 time=75.1 ms
08-15 11:00:19.876 14849 14996 D cellinfo: 46 bytes from 54.197.223.49: icmp_seq=1578 ttl=37 time=75.2 ms
08-15 11:00:20.093 14849 14996 D cellinfo: 46 bytes from 54.197.223.49: icmp_seq=1579 ttl=37 time=91.8 ms
08-15 11:00:20.293 14849 14996 D cellinfo: 46 bytes from 54.197.223.49: icmp_seq=1580 ttl=37 time=90.9 ms
08-15 11:00:20.508 14849 14996 D cellinfo: 46 bytes from 54.197.223.49: icmp_seq=1581 ttl=37 time=105 ms
08-15 11:00:20.692 14849 14996 D cellinfo: 46 bytes from 54.197.223.49: icmp_seq=1582 ttl=37 time=88.0 ms
08-15 11:00:20.896 14849 14996 D cellinfo: 46 bytes from 54.197.223.49: icmp_seq=1583 ttl=37 time=90.8 ms
08-15 11:00:21.094 14849 14996 D cellinfo: 46 bytes from 54.197.223.49: icmp_seq=1584 ttl=37 time=87.6 ms
08-15 11:00:21.300 14849 14996 D cellinfo: 46 bytes from 54.197.223.49: icmp_seq=1585 ttl=37 time=94.1 ms
08-15 11:00:21.494 14849 14996 D cellinfo: 46 bytes from 54.197.223.49: icmp_seq=1586 ttl=37 time=86.9 ms
08-15 11:00:21.692 14849 14996 D cellinfo: 46 bytes from 54.197.223.49: icmp_seq=1587 ttl=37 time=84.0 ms
08-15 11:00:21.895 14849 14996 D cellinfo: 46 bytes from 54.197.223.49: icmp_seq=1588 ttl=37 time=86.2 ms
08-15 11:00:22.094 14849 14996 D cellinfo: 46 bytes from 54.197.223.49: icmp_seq=1589 ttl=37 time=84.1 ms
08-15 11:00:22.292 14849 14996 D cellinfo: 46 bytes from 54.197.223.49: icmp_seq=1590 ttl=37 time=80.8 ms
08-15 11:00:22.484 14849 14996 D cellinfo: 46 bytes from 54.197.223.49: icmp_seq=1591 ttl=37 time=71.8 ms
08-15 11:00:22.700 14849 14996 D cellinfo: 46 bytes from 54.197.223.49: icmp_seq=1592 ttl=37 time=86.5 ms
08-15 11:00:22.803 14849 14849 D cellinfo: Latitude is 43.1973856
08-15 11:00:22.803 14849 14849 D cellinfo: Longitude is -77.6329951
08-15 11:00:22.803 14849 14849 D cellinfo: Instantaneous GPS information: United States, Ridge & Palm, Rochester, NY 14615, USA
08-15 11:00:22.803 14849 14849 D cellinfo: getCurrentLocation() result: Location (success): 43.1973856, -77.6329951
08-15 11:00:22.807 14849 14849 D cellinfo: onCellInfoChanged: Operator:  UpdateTimestamp: 399501818 CellConnectionStatus: 1
08-15 11:00:22.807 14849 14849 D cellinfo: onCellInfoChanged: 5G-NR Cell Bands: [] ARFCN: 528000 Cell ID: 9223372036854775807 Physical Cell ID: 13 Tracking Area Code: 16777215
08-15 11:00:22.808 14849 14849 D cellinfo: onsignalStrengthsChanged: LTE Signal Strength info: rsrp: -99 rsrq: -10 rssi: -69 rssnr: 3
08-15 11:00:22.808 14849 14849 D cellinfo: onsignalStrengthsChanged: 5G-NR Signal Strength info: ssrsrp: -91 ssrsrq: -11 sssinr: 13
08-15 11:00:22.896 14849 14996 D cellinfo: 46 bytes from 54.197.223.49: icmp_seq=1593 ttl=37 time=82.5 ms
08-15 11:00:23.091 14849 14996 D cellinfo: 46 bytes from 54.197.223.49: icmp_seq=1594 ttl=37 time=76.8 ms
08-15 11:00:23.294 14849 14996 D cellinfo: 46 bytes from 54.197.223.49: icmp_seq=1595 ttl=37 time=79.4 ms
08-15 11:00:23.492 14849 14996 D cellinfo: 46 bytes from 54.197.223.49: icmp_seq=1596 ttl=37 time=76.2 ms
08-15 11:00:23.693 14849 14996 D cellinfo: 46 bytes from 54.197.223.49: icmp_seq=1597 ttl=37 time=75.6 ms
08-15 11:00:23.914 14849 14996 D cellinfo: 46 bytes from 54.197.223.49: icmp_seq=1598 ttl=37 time=96.1 ms
08-15 11:00:24.121 14849 14996 D cellinfo: 46 bytes from 54.197.223.49: icmp_seq=1599 ttl=37 time=101 ms
08-15 11:00:24.320 14849 14996 D cellinfo: 46 bytes from 54.197.223.49: icmp_seq=1600 ttl=37 time=100 ms
08-15 11:00:24.497 14849 14996 D cellinfo: 46 bytes from 54.197.223.49: icmp_seq=1601 ttl=37 time=75.6 ms
08-15 11:00:24.726 14849 14996 D cellinfo: 46 bytes from 54.197.223.49: icmp_seq=1602 ttl=37 time=103 ms
08-15 11:00:24.927 14849 14996 D cellinfo: 46 bytes from 54.197.223.49: icmp_seq=1603 ttl=37 time=103 ms
08-15 11:00:25.119 14849 14996 D cellinfo: 46 bytes from 54.197.223.49: icmp_seq=1604 ttl=37 time=96.1 ms
08-15 11:00:25.324 14849 14996 D cellinfo: 46 bytes from 54.197.223.49: icmp_seq=1605 ttl=37 time=99.9 ms
08-15 11:00:25.379 14849 14849 D cellinfo: Latitude is 43.1973856
08-15 11:00:25.379 14849 14849 D cellinfo: Longitude is -77.6329951
08-15 11:00:25.379 14849 14849 D cellinfo: Instantaneous GPS information: United States, Ridge & Palm, Rochester, NY 14615, USA
08-15 11:00:25.379 14849 14849 D cellinfo: getCurrentLocation() result: Location (success): 43.1973856, -77.6329951
08-15 11:00:25.420 14849 14849 D cellinfo: onCellInfoChanged: Operator:  UpdateTimestamp: 399504827 CellConnectionStatus: 1
08-15 11:00:25.420 14849 14849 D cellinfo: onCellInfoChanged: 5G-NR Cell Bands: [] ARFCN: 528000 Cell ID: 9223372036854775807 Physical Cell ID: 13 Tracking Area Code: 16777215
08-15 11:00:25.500 14849 14996 D cellinfo: 46 bytes from 54.197.223.49: icmp_seq=1606 ttl=37 time=75.0 ms
08-15 11:00:25.700 14849 14996 D cellinfo: 46 bytes from 54.197.223.49: icmp_seq=1607 ttl=37 time=74.1 ms
08-15 11:00:25.912 14849 14996 D cellinfo: 46 bytes from 54.197.223.49: icmp_seq=1608 ttl=37 time=85.8 ms
08-15 11:00:26.114 14849 14996 D cellinfo: 46 bytes from 54.197.223.49: icmp_seq=1609 ttl=37 time=86.7 ms
08-15 11:00:26.316 14849 14996 D cellinfo: 46 bytes from 54.197.223.49: icmp_seq=1610 ttl=37 time=88.3 ms
08-15 11:00:26.364 14849 14849 D cellinfo: onsignalStrengthsChanged: LTE Signal Strength info: rsrp: -95 rsrq: -7 rssi: -67 rssnr: 2
08-15 11:00:26.364 14849 14849 D cellinfo: onsignalStrengthsChanged: 5G-NR Signal Strength info: ssrsrp: -91 ssrsrq: -11 sssinr: 15
08-15 11:00:26.512 14849 14996 D cellinfo: 46 bytes from 54.197.223.49: icmp_seq=1611 ttl=37 time=83.5 ms
08-15 11:00:26.718 14849 14996 D cellinfo: 46 bytes from 54.197.223.49: icmp_seq=1612 ttl=37 time=88.6 ms
08-15 11:00:26.917 14849 14996 D cellinfo: 46 bytes from 54.197.223.49: icmp_seq=1613 ttl=37 time=86.8 ms
08-15 11:00:27.117 14849 14996 D cellinfo: 46 bytes from 54.197.223.49: icmp_seq=1614 ttl=37 time=86.4 ms
08-15 11:00:27.311 14849 14996 D cellinfo: 46 bytes from 54.197.223.49: icmp_seq=1615 ttl=37 time=80.0 ms
08-15 11:00:27.512 14849 14996 D cellinfo: 46 bytes from 54.197.223.49: icmp_seq=1616 ttl=37 time=79.8 ms
08-15 11:00:27.717 14849 14996 D cellinfo: 46 bytes from 54.197.223.49: icmp_seq=1617 ttl=37 time=84.6 ms
08-15 11:00:27.918 14849 14996 D cellinfo: 46 bytes from 54.197.223.49: icmp_seq=1618 ttl=37 time=84.8 ms
08-15 11:00:28.132 14849 14996 D cellinfo: 46 bytes from 54.197.223.49: icmp_seq=1619 ttl=37 time=98.6 ms
08-15 11:00:28.311 14849 14996 D cellinfo: 46 bytes from 54.197.223.49: icmp_seq=1620 ttl=37 time=77.3 ms
08-15 11:00:28.379 14849 14849 D cellinfo: Latitude is 43.1973856
08-15 11:00:28.379 14849 14849 D cellinfo: Longitude is -77.6329951
08-15 11:00:28.379 14849 14849 D cellinfo: Instantaneous GPS information: United States, Ridge & Palm, Rochester, NY 14615, USA
08-15 11:00:28.380 14849 14849 D cellinfo: getCurrentLocation() result: Location (success): 43.1973856, -77.6329951
08-15 11:00:28.431 14849 14849 D cellinfo: onCellInfoChanged: Operator:  UpdateTimestamp: 399507837 CellConnectionStatus: 1
08-15 11:00:28.431 14849 14849 D cellinfo: onCellInfoChanged: 5G-NR Cell Bands: [] ARFCN: 528000 Cell ID: 9223372036854775807 Physical Cell ID: 13 Tracking Area Code: 16777215
08-15 11:00:28.507 14849 14996 D cellinfo: 46 bytes from 54.197.223.49: icmp_seq=1621 ttl=37 time=72.1 ms
08-15 11:00:28.709 14849 14996 D cellinfo: 46 bytes from 54.197.223.49: icmp_seq=1622 ttl=37 time=72.3 ms
08-15 11:00:28.934 14849 14996 D cellinfo: 46 bytes from 54.197.223.49: icmp_seq=1623 ttl=37 time=95.8 ms
08-15 11:00:29.134 14849 14996 D cellinfo: 46 bytes from 54.197.223.49: icmp_seq=1624 ttl=37 time=95.4 ms
08-15 11:00:29.332 14849 14996 D cellinfo: 46 bytes from 54.197.223.49: icmp_seq=1625 ttl=37 time=93.2 ms
08-15 11:00:29.535 14849 14996 D cellinfo: 46 bytes from 54.197.223.49: icmp_seq=1626 ttl=37 time=94.6 ms
08-15 11:00:29.735 14849 14996 D cellinfo: 46 bytes from 54.197.223.49: icmp_seq=1627 ttl=37 time=93.9 ms
08-15 11:00:29.933 14849 14996 D cellinfo: 46 bytes from 54.197.223.49: icmp_seq=1628 ttl=37 time=91.3 ms
08-15 11:00:30.132 14849 14996 D cellinfo: 46 bytes from 54.197.223.49: icmp_seq=1629 ttl=37 time=89.4 ms
08-15 11:00:30.341 14849 14996 D cellinfo: 46 bytes from 54.197.223.49: icmp_seq=1630 ttl=37 time=98.0 ms
08-15 11:00:30.534 14849 14996 D cellinfo: 46 bytes from 54.197.223.49: icmp_seq=1631 ttl=37 time=89.7 ms
08-15 11:00:30.734 14849 14996 D cellinfo: 46 bytes from 54.197.223.49: icmp_seq=1632 ttl=37 time=89.7 ms
08-15 11:00:30.934 14849 14996 D cellinfo: 46 bytes from 54.197.223.49: icmp_seq=1633 ttl=37 time=88.9 ms
08-15 11:00:31.141 14849 14996 D cellinfo: 46 bytes from 54.197.223.49: icmp_seq=1634 ttl=37 time=94.9 ms
08-15 11:00:31.333 14849 14996 D cellinfo: 46 bytes from 54.197.223.49: icmp_seq=1635 ttl=37 time=86.3 ms
08-15 11:00:31.427 14849 14849 D cellinfo: onCellInfoChanged: Operator:  UpdateTimestamp: 399510834 CellConnectionStatus: 1
08-15 11:00:31.428 14849 14849 D cellinfo: onCellInfoChanged: 5G-NR Cell Bands: [] ARFCN: 528000 Cell ID: 9223372036854775807 Physical Cell ID: 13 Tracking Area Code: 16777215
08-15 11:00:31.519 14849 14996 D cellinfo: 46 bytes from 54.197.223.49: icmp_seq=1636 ttl=37 time=71.1 ms
08-15 11:00:31.722 14849 14996 D cellinfo: 46 bytes from 54.197.223.49: icmp_seq=1637 ttl=37 time=73.5 ms
08-15 11:00:31.922 14849 14996 D cellinfo: 46 bytes from 54.197.223.49: icmp_seq=1638 ttl=37 time=73.5 ms
08-15 11:00:31.965 14849 14849 D cellinfo: Latitude is 43.1964316
08-15 11:00:31.965 14849 14849 D cellinfo: Longitude is -77.6314065
08-15 11:00:31.965 14849 14849 D cellinfo: Instantaneous GPS information: United States, 30 Kodacolor Cir, Rochester, NY 14615, USA
08-15 11:00:31.965 14849 14849 D cellinfo: getCurrentLocation() result: Location (success): 43.1964316, -77.6314065
08-15 11:00:32.123 14849 14996 D cellinfo: 46 bytes from 54.197.223.49: icmp_seq=1639 ttl=37 time=72.4 ms
08-15 11:00:32.334 14849 14996 D cellinfo: 46 bytes from 54.197.223.49: icmp_seq=1640 ttl=37 time=82.5 ms
08-15 11:00:32.535 14849 14996 D cellinfo: 46 bytes from 54.197.223.49: icmp_seq=1641 ttl=37 time=82.8 ms
08-15 11:00:32.742 14849 14996 D cellinfo: 46 bytes from 54.197.223.49: icmp_seq=1642 ttl=37 time=88.8 ms
08-15 11:00:32.935 14849 14996 D cellinfo: 46 bytes from 54.197.223.49: icmp_seq=1643 ttl=37 time=81.2 ms
08-15 11:00:33.133 14849 14996 D cellinfo: 46 bytes from 54.197.223.49: icmp_seq=1644 ttl=37 time=78.2 ms
08-15 11:00:33.333 14849 14996 D cellinfo: 46 bytes from 54.197.223.49: icmp_seq=1645 ttl=37 time=77.1 ms
08-15 11:00:33.532 14849 14996 D cellinfo: 46 bytes from 54.197.223.49: icmp_seq=1646 ttl=37 time=75.8 ms
08-15 11:00:33.740 14849 14996 D cellinfo: 46 bytes from 54.197.223.49: icmp_seq=1647 ttl=37 time=83.1 ms
08-15 11:00:33.958 14849 14996 D cellinfo: 46 bytes from 54.197.223.49: icmp_seq=1648 ttl=37 time=99.4 ms
08-15 11:00:34.153 14849 14996 D cellinfo: 46 bytes from 54.197.223.49: icmp_seq=1649 ttl=37 time=93.8 ms
08-15 11:00:34.352 14849 14996 D cellinfo: 46 bytes from 54.197.223.49: icmp_seq=1650 ttl=37 time=92.4 ms
08-15 11:00:34.379 14849 14849 D cellinfo: Latitude is 43.1964316
08-15 11:00:34.379 14849 14849 D cellinfo: Longitude is -77.6314065
08-15 11:00:34.379 14849 14849 D cellinfo: Instantaneous GPS information: United States, 30 Kodacolor Cir, Rochester, NY 14615, USA
08-15 11:00:34.379 14849 14849 D cellinfo: getCurrentLocation() result: Location (success): 43.1964316, -77.6314065
08-15 11:00:34.430 14849 14849 D cellinfo: onCellInfoChanged: Operator:  UpdateTimestamp: 399513836 CellConnectionStatus: 1
08-15 11:00:34.430 14849 14849 D cellinfo: onCellInfoChanged: 5G-NR Cell Bands: [] ARFCN: 528000 Cell ID: 9223372036854775807 Physical Cell ID: 13 Tracking Area Code: 16777215
08-15 11:00:34.534 14849 14996 D cellinfo: 46 bytes from 54.197.223.49: icmp_seq=1651 ttl=37 time=74.5 ms
08-15 11:00:34.733 14849 14996 D cellinfo: 46 bytes from 54.197.223.49: icmp_seq=1652 ttl=37 time=71.9 ms
08-15 11:00:34.957 14849 14996 D cellinfo: 46 bytes from 54.197.223.49: icmp_seq=1653 ttl=37 time=94.6 ms
08-15 11:00:35.152 14849 14996 D cellinfo: 46 bytes from 54.197.223.49: icmp_seq=1654 ttl=37 time=89.4 ms
08-15 11:00:35.353 14849 14996 D cellinfo: 46 bytes from 54.197.223.49: icmp_seq=1655 ttl=37 time=89.0 ms
08-15 11:00:35.554 14849 14996 D cellinfo: 46 bytes from 54.197.223.49: icmp_seq=1656 ttl=37 time=89.4 ms
08-15 11:00:35.755 14849 14996 D cellinfo: 46 bytes from 54.197.223.49: icmp_seq=1657 ttl=37 time=89.9 ms
08-15 11:00:35.952 14849 14996 D cellinfo: 46 bytes from 54.197.223.49: icmp_seq=1658 ttl=37 time=86.5 ms
08-15 11:00:36.157 14849 14996 D cellinfo: 46 bytes from 54.197.223.49: icmp_seq=1659 ttl=37 time=89.4 ms
08-15 11:00:36.368 14849 14996 D cellinfo: 46 bytes from 54.197.223.49: icmp_seq=1660 ttl=37 time=99.5 ms
08-15 11:00:36.552 14849 14996 D cellinfo: 46 bytes from 54.197.223.49: icmp_seq=1661 ttl=37 time=83.5 ms
08-15 11:00:36.764 14849 14996 D cellinfo: 46 bytes from 54.197.223.49: icmp_seq=1662 ttl=37 time=95.8 ms
08-15 11:00:36.951 14849 14996 D cellinfo: 46 bytes from 54.197.223.49: icmp_seq=1663 ttl=37 time=82.1 ms
08-15 11:00:37.156 14849 14996 D cellinfo: 46 bytes from 54.197.223.49: icmp_seq=1664 ttl=37 time=85.6 ms
08-15 11:00:37.357 14849 14996 D cellinfo: 46 bytes from 54.197.223.49: icmp_seq=1665 ttl=37 time=86.3 ms
08-15 11:00:37.384 14849 14849 D cellinfo: Latitude is 43.1964316
08-15 11:00:37.384 14849 14849 D cellinfo: Longitude is -77.6314065
08-15 11:00:37.384 14849 14849 D cellinfo: Instantaneous GPS information: United States, 30 Kodacolor Cir, Rochester, NY 14615, USA
08-15 11:00:37.384 14849 14849 D cellinfo: getCurrentLocation() result: Location (success): 43.1964316, -77.6314065
08-15 11:00:37.433 14849 14849 D cellinfo: onCellInfoChanged: Operator:  UpdateTimestamp: 399516838 CellConnectionStatus: 1
08-15 11:00:37.433 14849 14849 D cellinfo: onCellInfoChanged: 5G-NR Cell Bands: [] ARFCN: 528000 Cell ID: 9223372036854775807 Physical Cell ID: 13 Tracking Area Code: 16777215
08-15 11:00:37.550 14849 14996 D cellinfo: 46 bytes from 54.197.223.49: icmp_seq=1666 ttl=37 time=78.2 ms
08-15 11:00:37.750 14849 14996 D cellinfo: 46 bytes from 54.197.223.49: icmp_seq=1667 ttl=37 time=76.2 ms
08-15 11:00:37.957 14849 14996 D cellinfo: 46 bytes from 54.197.223.49: icmp_seq=1668 ttl=37 time=83.1 ms
08-15 11:00:38.155 14849 14996 D cellinfo: 46 bytes from 54.197.223.49: icmp_seq=1669 ttl=37 time=79.4 ms
