08-15 10:57:16.378 14849 14849 D cellinfo: Instantaneous GPS information: United States, 2611 Mt Read Blvd, Rochester, NY 14615, USA
08-15 10:57:16.378 14849 14849 D cellinfo: getCurrentLocation() result: Location (success): 43.2044529, -77.6604575
08-15 10:57:16.391 14849 14996 D cellinfo: 46 bytes from 54.197.223.49: icmp_seq=664 ttl=37 time=87.8 ms
08-15 10:57:16.573 14849 14996 D cellinfo: 46 bytes from 54.197.223.49: icmp_seq=665 ttl=37 time=68.7 ms
08-15 10:57:16.618 14849 14849 D cellinfo: onCellInfoChanged: Operator:  UpdateTimestamp: 399316023 CellConnectionStatus: 1
08-15 10:57:16.618 14849 14849 D cellinfo: onCellInfoChanged: 5G-NR Cell Bands: [] ARFCN: 528000 Cell ID: 9223372036854775807 Physical Cell ID: 382 Tracking Area Code: 16777215
08-15 10:57:16.786 14849 14996 D cellinfo: 46 bytes from 54.197.223.49: icmp_seq=666 ttl=37 time=81.9 ms
08-15 10:57:17.006 14849 14996 D cellinfo: 46 bytes from 54.197.223.49: icmp_seq=667 ttl=37 time=99.5 ms
08-15 10:57:17.184 14849 14996 D cellinfo: 46 bytes from 54.197.223.49: icmp_seq=668 ttl=37 time=78.4 ms
08-15 10:57:17.387 14849 14996 D cellinfo: 46 bytes from 54.197.223.49: icmp_seq=669 ttl=37 time=80.9 ms
08-15 10:57:17.583 14849 14996 D cellinfo: 46 bytes from 54.197.223.49: icmp_seq=670 ttl=37 time=76.9 ms
08-15 10:57:17.784 14849 14996 D cellinfo: 46 bytes from 54.197.223.49: icmp_seq=671 ttl=37 time=76.0 ms
08-15 10:57:18.005 14849 14996 D cellinfo: 46 bytes from 54.197.223.49: icmp_seq=672 ttl=37 time=95.7 ms
08-15 10:57:18.184 14849 14996 D cellinfo: 46 bytes from 54.197.223.49: icmp_seq=673 ttl=37 time=75.5 ms
08-15 10:57:18.398 14849 14996 D cellinfo: 46 bytes from 54.197.223.49: icmp_seq=674 ttl=37 time=88.5 ms
08-15 10:57:18.605 14849 14996 D cellinfo: 46 bytes from 54.197.223.49: icmp_seq=675 ttl=37 time=95.0 ms
08-15 10:57:18.808 14849 14996 D cellinfo: 46 bytes from 54.197.223.49: icmp_seq=676 ttl=37 time=96.7 ms
08-15 10:57:19.018 14849 14996 D cellinfo: 46 bytes from 54.197.223.49: icmp_seq=677 ttl=37 time=105 ms
08-15 10:57:19.187 14849 14996 D cellinfo: 46 bytes from 54.197.223.49: icmp_seq=678 ttl=37 time=76.2 ms
08-15 10:57:19.404 14849 14996 D cellinfo: 46 bytes from 54.197.223.49: icmp_seq=679 ttl=37 time=91.8 ms
08-15 10:57:19.583 14849 14996 D cellinfo: 46 bytes from 54.197.223.49: icmp_seq=680 ttl=37 time=70.9 ms
08-15 10:57:19.784 14849 14996 D cellinfo: 46 bytes from 54.197.223.49: icmp_seq=681 ttl=37 time=70.9 ms
08-15 10:57:19.944 14849 14849 D cellinfo: Latitude is 43.2039345
08-15 10:57:19.944 14849 14849 D cellinfo: Longitude is -77.6579466
08-15 10:57:19.944 14849 14849 D cellinfo: Instantaneous GPS information: United States, 1148 W Ridge Rd, Rochester, NY 14615, USA
08-15 10:57:19.944 14849 14849 D cellinfo: getCurrentLocation() result: Location (success): 43.2039345, -77.6579466
08-15 10:57:19.982 14849 14996 D cellinfo: 46 bytes from 54.197.223.49: icmp_seq=682 ttl=37 time=68.3 ms
08-15 10:57:20.206 14849 14996 D cellinfo: 46 bytes from 54.197.223.49: icmp_seq=683 ttl=37 time=91.1 ms
08-15 10:57:20.417 14849 14996 D cellinfo: 46 bytes from 54.197.223.49: icmp_seq=684 ttl=37 time=100 ms
08-15 10:57:20.612 14849 14996 D cellinfo: 46 bytes from 54.197.223.49: icmp_seq=685 ttl=37 time=95.3 ms
08-15 10:57:20.814 14849 14996 D cellinfo: 46 bytes from 54.197.223.49: icmp_seq=686 ttl=37 time=96.6 ms
08-15 10:57:21.014 14849 14996 D cellinfo: 46 bytes from 54.197.223.49: icmp_seq=687 ttl=37 time=95.0 ms
08-15 10:57:21.211 14849 14996 D cellinfo: 46 bytes from 54.197.223.49: icmp_seq=688 ttl=37 time=92.4 ms
08-15 10:57:21.411 14849 14996 D cellinfo: 46 bytes from 54.197.223.49: icmp_seq=689 ttl=37 time=92.2 ms
08-15 10:57:21.609 14849 14996 D cellinfo: 46 bytes from 54.197.223.49: icmp_seq=690 ttl=37 time=89.4 ms
08-15 10:57:21.816 14849 14996 D cellinfo: 46 bytes from 54.197.223.49: icmp_seq=691 ttl=37 time=95.1 ms
08-15 10:57:22.004 14849 14996 D cellinfo: 46 bytes from 54.197.223.49: icmp_seq=692 ttl=37 time=82.1 ms
08-15 10:57:22.204 14849 14996 D cellinfo: 46 bytes from 54.197.223.49: icmp_seq=693 ttl=37 time=81.5 ms
08-15 10:57:22.396 14849 14849 D cellinfo: Latitude is 43.2039345
08-15 10:57:22.396 14849 14849 D cellinfo: Longitude is -77.6579466
08-15 10:57:22.396 14849 14849 D cellinfo: Instantaneous GPS information: United States, 1148 W Ridge Rd, Rochester, NY 14615, USA
08-15 10:57:22.396 14849 14849 D cellinfo: getCurrentLocation() result: Location (success): 43.2039345, -77.6579466
08-15 10:57:22.422 14849 14996 D cellinfo: 46 bytes from 54.197.223.49: icmp_seq=694 ttl=37 time=99.2 ms
08-15 10:57:22.603 14849 14849 D cellinfo: onsignalStrengthsChanged: LTE Signal Strength info: rsrp: -99 rsrq: -12 rssi: -65 rssnr: 1
08-15 10:57:22.603 14849 14849 D cellinfo: onsignalStrengthsChanged: 5G-NR Signal Strength info: ssrsrp: -94 ssrsrq: -12 sssinr: 9
08-15 10:57:22.606 14849 14996 D cellinfo: 46 bytes from 54.197.223.49: icmp_seq=695 ttl=37 time=81.9 ms
08-15 10:57:22.611 14849 14849 D cellinfo: onCellInfoChanged: Operator:  UpdateTimestamp: 399322013 CellConnectionStatus: 1
08-15 10:57:22.611 14849 14849 D cellinfo: onCellInfoChanged: 5G-NR Cell Bands: [] ARFCN: 528000 Cell ID: 9223372036854775807 Physical Cell ID: 382 Tracking Area Code: 16777215
08-15 10:57:22.806 14849 14996 D cellinfo: 46 bytes from 54.197.223.49: icmp_seq=696 ttl=37 time=81.6 ms
08-15 10:57:23.005 14849 14996 D cellinfo: 46 bytes from 54.197.223.49: icmp_seq=697 ttl=37 time=79.6 ms
08-15 10:57:23.209 14849 14996 D cellinfo: 46 bytes from 54.197.223.49: icmp_seq=698 ttl=37 time=83.8 ms
08-15 10:57:23.404 14849 14996 D cellinfo: 46 bytes from 54.197.223.49: icmp_seq=699 ttl=37 time=78.2 ms
08-15 10:57:23.604 14849 14996 D cellinfo: 46 bytes from 54.197.223.49: icmp_seq=700 ttl=37 time=77.4 ms
08-15 10:57:23.803 14849 14996 D cellinfo: 46 bytes from 54.197.223.49: icmp_seq=701 ttl=37 time=75.9 ms
08-15 10:57:24.003 14849 14996 D cellinfo: 46 bytes from 54.197.223.49: icmp_seq=702 ttl=37 time=75.7 ms
08-15 10:57:24.204 14849 14996 D cellinfo: 46 bytes from 54.197.223.49: icmp_seq=703 ttl=37 time=76.3 ms
08-15 10:57:24.404 14849 14996 D cellinfo: 46 bytes from 54.197.223.49: icmp_seq=704 ttl=37 time=75.2 ms
08-15 10:57:24.628 14849 14996 D cellinfo: 46 bytes from 54.197.223.49: icmp_seq=705 ttl=37 time=98.7 ms
08-15 10:57:24.843 14849 14996 D cellinfo: 46 bytes from 54.197.223.49: icmp_seq=706 ttl=37 time=112 ms
08-15 10:57:25.007 14849 14996 D cellinfo: 46 bytes from 54.197.223.49: icmp_seq=707 ttl=37 time=76.1 ms
08-15 10:57:25.224 14849 14996 D cellinfo: 46 bytes from 54.197.223.49: icmp_seq=708 ttl=37 time=92.7 ms
08-15 10:57:25.376 14849 14849 D cellinfo: Latitude is 43.2039345
08-15 10:57:25.376 14849 14849 D cellinfo: Longitude is -77.6579466
08-15 10:57:25.376 14849 14849 D cellinfo: Instantaneous GPS information: United States, 1148 W Ridge Rd, Rochester, NY 14615, USA
08-15 10:57:25.376 14849 14849 D cellinfo: getCurrentLocation() result: Location (success): 43.2039345, -77.6579466
08-15 10:57:25.438 14849 14996 D cellinfo: 46 bytes from 54.197.223.49: icmp_seq=709 ttl=37 time=107 ms
08-15 10:57:25.606 14849 14996 D cellinfo: 46 bytes from 54.197.223.49: icmp_seq=710 ttl=37 time=74.2 ms
08-15 10:57:25.823 14849 14996 D cellinfo: 46 bytes from 54.197.223.49: icmp_seq=711 ttl=37 time=90.1 ms
08-15 10:57:26.024 14849 14996 D cellinfo: 46 bytes from 54.197.223.49: icmp_seq=712 ttl=37 time=89.6 ms
08-15 10:57:26.224 14849 14996 D cellinfo: 46 bytes from 54.197.223.49: icmp_seq=713 ttl=37 time=90.1 ms
08-15 10:57:26.367 14849 14849 D cellinfo: onsignalStrengthsChanged: LTE Signal Strength info: rsrp: -95 rsrq: -11 rssi: -65 rssnr: 4
08-15 10:57:26.368 14849 14849 D cellinfo: onsignalStrengthsChanged: 5G-NR Signal Strength info: ssrsrp: -98 ssrsrq: -15 sssinr: 3
08-15 10:57:26.422 14849 14996 D cellinfo: 46 bytes from 54.197.223.49: icmp_seq=714 ttl=37 time=87.4 ms
08-15 10:57:26.628 14849 14996 D cellinfo: 46 bytes from 54.197.223.49: icmp_seq=715 ttl=37 time=91.9 ms
08-15 10:57:26.824 14849 14996 D cellinfo: 46 bytes from 54.197.223.49: icmp_seq=716 ttl=37 time=86.9 ms
08-15 10:57:27.024 14849 14996 D cellinfo: 46 bytes from 54.197.223.49: icmp_seq=717 ttl=37 time=86.1 ms
08-15 10:57:27.224 14849 14996 D cellinfo: 46 bytes from 54.197.223.49: icmp_seq=718 ttl=37 time=85.8 ms
08-15 10:57:27.424 14849 14996 D cellinfo: 46 bytes from 54.197.223.49: icmp_seq=719 ttl=37 time=85.6 ms
08-15 10:57:27.628 14849 14996 D cellinfo: 46 bytes from 54.197.223.49: icmp_seq=720 ttl=37 time=89.4 ms
08-15 10:57:27.824 14849 14996 D cellinfo: 46 bytes from 54.197.223.49: icmp_seq=721 ttl=37 time=83.6 ms
08-15 10:57:28.024 14849 14996 D cellinfo: 46 bytes from 54.197.223.49: icmp_seq=722 ttl=37 time=83.2 ms
08-15 10:57:28.224 14849 14996 D cellinfo: 46 bytes from 54.197.223.49: icmp_seq=723 ttl=37 time=83.7 ms
08-15 10:57:28.384 14849 14849 D cellinfo: Latitude is 43.2039345
08-15 10:57:28.384 14849 14849 D cellinfo: Longitude is -77.6579466
08-15 10:57:28.384 14849 14849 D cellinfo: Instantaneous GPS information: United States, 1148 W Ridge Rd, Rochester, NY 14615, USA
08-15 10:57:28.384 14849 14849 D cellinfo: getCurrentLocation() result: Location (success): 43.2039345, -77.6579466
08-15 10:57:28.425 14849 14996 D cellinfo: 46 bytes from 54.197.223.49: icmp_seq=724 ttl=37 time=84.2 ms
08-15 10:57:28.604 14849 14849 D cellinfo: onCellInfoChanged: Operator:  UpdateTimestamp: 399328010 CellConnectionStatus: 1
08-15 10:57:28.604 14849 14849 D cellinfo: onCellInfoChanged: 5G-NR Cell Bands: [] ARFCN: 528000 Cell ID: 9223372036854775807 Physical Cell ID: 382 Tracking Area Code: 16777215
08-15 10:57:28.619 14849 14996 D cellinfo: 46 bytes from 54.197.223.49: icmp_seq=725 ttl=37 time=77.1 ms
08-15 10:57:28.824 14849 14996 D cellinfo: 46 bytes from 54.197.223.49: icmp_seq=726 ttl=37 time=80.8 ms
08-15 10:57:29.025 14849 14996 D cellinfo: 46 bytes from 54.197.223.49: icmp_seq=727 ttl=37 time=80.4 ms
08-15 10:57:29.223 14849 14996 D cellinfo: 46 bytes from 54.197.223.49: icmp_seq=728 ttl=37 time=80.1 ms
08-15 10:57:29.425 14849 14996 D cellinfo: 46 bytes from 54.197.223.49: icmp_seq=729 ttl=37 time=80.5 ms
08-15 10:57:29.520 14849 14849 D cellinfo: onServiceStateChanged: Channel Number: 675 Cell Bandwidths: [15000, 100000, 50000]
08-15 10:57:29.595 14849 14849 D cellinfo: onServiceStateChanged: Channel Number: 675 Cell Bandwidths: [15000, 100000, 50000]
08-15 10:57:29.716 14849 14996 D cellinfo: 46 bytes from 54.197.223.49: icmp_seq=730 ttl=37 time=171 ms
08-15 10:57:29.756 14849 14849 D cellinfo: onServiceStateChanged: Channel Number: 675 Cell Bandwidths: [15000]
08-15 10:57:29.867 14849 14996 D cellinfo: 46 bytes from 54.197.223.49: icmp_seq=731 ttl=37 time=122 ms
08-15 10:57:30.076 14849 14849 D cellinfo: onServiceStateChanged: Channel Number: 675 Cell Bandwidths: [15000, 100000, 50000]
08-15 10:57:30.284 14849 14996 D cellinfo: 46 bytes from 54.197.223.49: icmp_seq=733 ttl=37 time=133 ms
08-15 10:57:30.464 14849 14996 D cellinfo: 46 bytes from 54.197.223.49: icmp_seq=734 ttl=37 time=112 ms
08-15 10:57:31.040 14849 14996 D cellinfo: 46 bytes from 54.197.223.49: icmp_seq=735 ttl=37 time=487 ms
08-15 10:57:31.040 14849 14996 D cellinfo: 46 bytes from 54.197.223.49: icmp_seq=736 ttl=37 time=285 ms
08-15 10:57:31.064 14849 14996 D cellinfo: 46 bytes from 54.197.223.49: icmp_seq=737 ttl=37 time=105 ms
08-15 10:57:31.086 14849 14849 D cellinfo: onsignalStrengthsChanged: LTE Signal Strength info: rsrp: -101 rsrq: -12 rssi: -69 rssnr: 3
08-15 10:57:31.086 14849 14849 D cellinfo: onsignalStrengthsChanged: 5G-NR Signal Strength info: ssrsrp: -103 ssrsrq: -17 sssinr: -2
08-15 10:57:31.258 14849 14996 D cellinfo: 46 bytes from 54.197.223.49: icmp_seq=738 ttl=37 time=100 ms
08-15 10:57:31.469 14849 14996 D cellinfo: 46 bytes from 54.197.223.49: icmp_seq=739 ttl=37 time=110 ms
08-15 10:57:31.658 14849 14996 D cellinfo: 46 bytes from 54.197.223.49: icmp_seq=740 ttl=37 time=99.1 ms
08-15 10:57:32.115 14849 14996 D cellinfo: 46 bytes from 54.197.223.49: icmp_seq=741 ttl=37 time=355 ms
08-15 10:57:32.173 14849 14996 D cellinfo: 46 bytes from 54.197.223.49: icmp_seq=742 ttl=37 time=211 ms
08-15 10:57:32.352 14849 14996 D cellinfo: 46 bytes from 54.197.223.49: icmp_seq=743 ttl=37 time=190 ms
08-15 10:57:33.560 14849 14996 D cellinfo: 46 bytes from 54.197.223.49: icmp_seq=746 ttl=37 time=788 ms
08-15 10:57:33.561 14849 14996 D cellinfo: 46 bytes from 54.197.223.49: icmp_seq=747 ttl=37 time=586 ms
08-15 10:57:33.561 14849 14996 D cellinfo: 46 bytes from 54.197.223.49: icmp_seq=748 ttl=37 time=381 ms
08-15 10:57:33.561 14849 14996 D cellinfo: 46 bytes from 54.197.223.49: icmp_seq=749 ttl=37 time=178 ms
08-15 10:57:33.586 14849 14849 D cellinfo: Latitude is 43.203648
08-15 10:57:33.586 14849 14849 D cellinfo: Longitude is -77.6556806
08-15 10:57:33.586 14849 14849 D cellinfo: Instantaneous GPS information: United States, 1090 W Ridge Rd, Rochester, NY 14615, USA
08-15 10:57:33.586 14849 14849 D cellinfo: getCurrentLocation() result: Location (success): 43.203648, -77.6556806
08-15 10:57:33.591 14849 14849 D cellinfo: onCellInfoChanged: Operator:  UpdateTimestamp: 399331191 CellConnectionStatus: 1
08-15 10:57:33.592 14849 14849 D cellinfo: onCellInfoChanged: 5G-NR Cell Bands: [] ARFCN: 528000 Cell ID: 9223372036854775807 Physical Cell ID: 93 Tracking Area Code: 16777215
08-15 10:57:33.667 14849 14996 D cellinfo: 46 bytes from 54.197.223.49: icmp_seq=750 ttl=37 time=83.0 ms
08-15 10:57:33.893 14849 14996 D cellinfo: 46 bytes from 54.197.223.49: icmp_seq=751 ttl=37 time=108 ms
08-15 10:57:34.078 14849 14996 D cellinfo: 46 bytes from 54.197.223.49: icmp_seq=752 ttl=37 time=92.3 ms
08-15 10:57:34.290 14849 14996 D cellinfo: 46 bytes from 54.197.223.49: icmp_seq=753 ttl=37 time=102 ms
08-15 10:57:34.369 14849 14849 D cellinfo: Latitude is 43.203648
08-15 10:57:34.369 14849 14849 D cellinfo: Longitude is -77.6556806
08-15 10:57:34.369 14849 14849 D cellinfo: Instantaneous GPS information: United States, 1090 W Ridge Rd, Rochester, NY 14615, USA
08-15 10:57:34.369 14849 14849 D cellinfo: getCurrentLocation() result: Location (success): 43.203648, -77.6556806
08-15 10:57:34.526 14849 14996 D cellinfo: 46 bytes from 54.197.223.49: icmp_seq=754 ttl=37 time=138 ms
08-15 10:57:34.544 14849 14849 D cellinfo: onsignalStrengthsChanged: LTE Signal Strength info: rsrp: -96 rsrq: -11 rssi: -65 rssnr: 1
08-15 10:57:34.544 14849 14849 D cellinfo: onsignalStrengthsChanged: 5G-NR Signal Strength info: ssrsrp: -104 ssrsrq: -16 sssinr: 0
08-15 10:57:34.684 14849 14996 D cellinfo: 46 bytes from 54.197.223.49: icmp_seq=755 ttl=37 time=95.0 ms
08-15 10:57:34.903 14849 14996 D cellinfo: 46 bytes from 54.197.223.49: icmp_seq=756 ttl=37 time=113 ms
08-15 10:57:35.083 14849 14996 D cellinfo: 46 bytes from 54.197.223.49: icmp_seq=757 ttl=37 time=92.3 ms
08-15 10:57:35.284 14849 14996 D cellinfo: 46 bytes from 54.197.223.49: icmp_seq=758 ttl=37 time=93.1 ms
08-15 10:57:35.477 14849 14996 D cellinfo: 46 bytes from 54.197.223.49: icmp_seq=759 ttl=37 time=85.0 ms
08-15 10:57:35.678 14849 14996 D cellinfo: 46 bytes from 54.197.223.49: icmp_seq=760 ttl=37 time=84.7 ms
08-15 10:57:35.874 14849 14996 D cellinfo: 46 bytes from 54.197.223.49: icmp_seq=761 ttl=37 time=80.2 ms
08-15 10:57:36.099 14849 14996 D cellinfo: 46 bytes from 54.197.223.49: icmp_seq=762 ttl=37 time=103 ms
08-15 10:57:36.273 14849 14996 D cellinfo: 46 bytes from 54.197.223.49: icmp_seq=763 ttl=37 time=79.0 ms
08-15 10:57:36.503 14849 14996 D cellinfo: 46 bytes from 54.197.223.49: icmp_seq=764 ttl=37 time=107 ms
08-15 10:57:36.670 14849 14996 D cellinfo: 46 bytes from 54.197.223.49: icmp_seq=765 ttl=37 time=74.6 ms
08-15 10:57:36.905 14849 14996 D cellinfo: 46 bytes from 54.197.223.49: icmp_seq=766 ttl=37 time=108 ms
08-15 10:57:37.070 14849 14996 D cellinfo: 46 bytes from 54.197.223.49: icmp_seq=767 ttl=37 time=73.3 ms
08-15 10:57:37.304 14849 14996 D cellinfo: 46 bytes from 54.197.223.49: icmp_seq=768 ttl=37 time=107 ms
08-15 10:57:37.382 14849 14849 D cellinfo: Latitude is 43.203648
08-15 10:57:37.382 14849 14849 D cellinfo: Longitude is -77.6556806
08-15 10:57:37.382 14849 14849 D cellinfo: Instantaneous GPS information: United States, 1090 W Ridge Rd, Rochester, NY 14615, USA
08-15 10:57:37.382 14849 14849 D cellinfo: getCurrentLocation() result: Location (success): 43.203648, -77.6556806
08-15 10:57:37.488 14849 14996 D cellinfo: 46 bytes from 54.197.223.49: icmp_seq=769 ttl=37 time=90.8 ms
08-15 10:57:37.665 14849 14849 D cellinfo: onCellInfoChanged: Operator:  UpdateTimestamp: 399337070 CellConnectionStatus: 1
08-15 10:57:37.665 14849 14849 D cellinfo: onCellInfoChanged: 5G-NR Cell Bands: [] ARFCN: 528000 Cell ID: 9223372036854775807 Physical Cell ID: 818 Tracking Area Code: 16777215
08-15 10:57:37.684 14849 14996 D cellinfo: 46 bytes from 54.197.223.49: icmp_seq=770 ttl=37 time=85.0 ms
08-15 10:57:37.906 14849 14996 D cellinfo: 46 bytes from 54.197.223.49: icmp_seq=771 ttl=37 time=106 ms
08-15 10:57:38.078 14849 14996 D cellinfo: 46 bytes from 54.197.223.49: icmp_seq=772 ttl=37 time=77.8 ms
08-15 10:57:38.294 14849 14996 D cellinfo: 46 bytes from 54.197.223.49: icmp_seq=773 ttl=37 time=93.6 ms
08-15 10:57:38.489 14849 14996 D cellinfo: 46 bytes from 54.197.223.49: icmp_seq=774 ttl=37 time=88.0 ms
08-15 10:57:38.692 14849 14996 D cellinfo: 46 bytes from 54.197.223.49: icmp_seq=775 ttl=37 time=90.8 ms
08-15 10:57:38.889 14849 14996 D cellinfo: 46 bytes from 54.197.223.49: icmp_seq=776 ttl=37 time=86.6 ms
08-15 10:57:39.093 14849 14996 D cellinfo: 46 bytes from 54.197.223.49: icmp_seq=777 ttl=37 time=89.3 ms
08-15 10:57:39.310 14849 14996 D cellinfo: 46 bytes from 54.197.223.49: icmp_seq=778 ttl=37 time=106 ms
08-15 10:57:39.484 14849 14996 D cellinfo: 46 bytes from 54.197.223.49: icmp_seq=779 ttl=37 time=79.6 ms
08-15 10:57:39.698 14849 14996 D cellinfo: 46 bytes from 54.197.223.49: icmp_seq=780 ttl=37 time=93.4 ms
08-15 10:57:39.893 14849 14996 D cellinfo: 46 bytes from 54.197.223.49: icmp_seq=781 ttl=37 time=88.1 ms
08-15 10:57:39.976 14849 14849 D cellinfo: onsignalStrengthsChanged: LTE Signal Strength info: rsrp: -100 rsrq: -10 rssi: -69 rssnr: 3
08-15 10:57:39.976 14849 14849 D cellinfo: onsignalStrengthsChanged: 5G-NR Signal Strength info: ssrsrp: -100 ssrsrq: -13 sssinr: 2
08-15 10:57:40.098 14849 14996 D cellinfo: 46 bytes from 54.197.223.49: icmp_seq=782 ttl=37 time=92.0 ms
08-15 10:57:40.292 14849 14996 D cellinfo: 46 bytes from 54.197.223.49: icmp_seq=783 ttl=37 time=85.1 ms
08-15 10:57:40.386 14849 14849 D cellinfo: Latitude is 43.203648
08-15 10:57:40.386 14849 14849 D cellinfo: Longitude is -77.6556806
08-15 10:57:40.386 14849 14849 D cellinfo: Instantaneous GPS information: United States, 1090 W Ridge Rd, Rochester, NY 14615, USA
08-15 10:57:40.386 14849 14849 D cellinfo: getCurrentLocation() result: Location (success): 43.203648, -77.6556806
08-15 10:57:40.483 14849 14996 D cellinfo: 46 bytes from 54.197.223.49: icmp_seq=784 ttl=37 time=75.1 ms
08-15 10:57:40.697 14849 14996 D cellinfo: 46 bytes from 54.197.223.49: icmp_seq=785 ttl=37 time=88.1 ms
08-15 10:57:40.892 14849 14996 D cellinfo: 46 bytes from 54.197.223.49: icmp_seq=786 ttl=37 time=82.1 ms
08-15 10:57:41.096 14849 14996 D cellinfo: 46 bytes from 54.197.223.49: icmp_seq=787 ttl=37 time=85.8 ms
08-15 10:57:41.292 14849 14996 D cellinfo: 46 bytes from 54.197.223.49: icmp_seq=788 ttl=37 time=80.5 ms
08-15 10:57:41.492 14849 14996 D cellinfo: 46 bytes from 54.197.223.49: icmp_seq=789 ttl=37 time=80.1 ms
08-15 10:57:41.691 14849 14996 D cellinfo: 46 bytes from 54.197.223.49: icmp_seq=790 ttl=37 time=77.7 ms
08-15 10:57:41.894 14849 14996 D cellinfo: 46 bytes from 54.197.223.49: icmp_seq=791 ttl=37 time=79.3 ms
08-15 10:57:42.109 14849 14996 D cellinfo: 46 bytes from 54.197.223.49: icmp_seq=792 ttl=37 time=93.9 ms
08-15 10:57:42.310 14849 14996 D cellinfo: 46 bytes from 54.197.223.49: icmp_seq=793 ttl=37 time=93.3 ms
08-15 10:57:42.514 14849 14996 D cellinfo: 46 bytes from 54.197.223.49: icmp_seq=794 ttl=37 time=96.8 ms
08-15 10:57:42.711 14849 14996 D cellinfo: 46 bytes from 54.197.223.49: icmp_seq=795 ttl=37 time=93.1 ms
08-15 10:57:42.911 14849 14996 D cellinfo: 46 bytes from 54.197.223.49: icmp_seq=796 ttl=37 time=92.4 ms
08-15 10:57:43.096 14849 14996 D cellinfo: 46 bytes from 54.197.223.49: icmp_seq=797 ttl=37 time=76.0 ms
08-15 10:57:43.294 14849 14996 D cellinfo: 46 bytes from 54.197.223.49: icmp_seq=798 ttl=37 time=72.5 ms
08-15 10:57:43.508 14849 14996 D cellinfo: 46 bytes from 54.197.223.49: icmp_seq=799 ttl=37 time=85.5 ms
08-15 10:57:43.694 14849 14996 D cellinfo: 46 bytes from 54.197.223.49: icmp_seq=800 ttl=37 time=71.3 ms
08-15 10:57:43.904 14849 14996 D cellinfo: 46 bytes from 54.197.223.49: icmp_seq=801 ttl=37 time=79.1 ms
08-15 10:57:43.969 14849 14849 D cellinfo: Latitude is 43.2035911
08-15 10:57:43.969 14849 14849 D cellinfo: Longitude is -77.6549398
08-15 10:57:43.969 14849 14849 D cellinfo: Instantaneous GPS information: United States, 1070 W Ridge Rd, Rochester, NY 14615, USA
08-15 10:57:43.969 14849 14849 D cellinfo: getCurrentLocation() result: Location (success): 43.2035911, -77.6549398
08-15 10:57:43.973 14849 14849 D cellinfo: onCellInfoChanged: Operator:  UpdateTimestamp: 399343039 CellConnectionStatus: 1
08-15 10:57:43.973 14849 14849 D cellinfo: onCellInfoChanged: 5G-NR Cell Bands: [] ARFCN: 528000 Cell ID: 9223372036854775807 Physical Cell ID: 818 Tracking Area Code: 16777215
08-15 10:57:44.109 14849 14996 D cellinfo: 46 bytes from 54.197.223.49: icmp_seq=802 ttl=37 time=83.0 ms
08-15 10:57:44.309 14849 14996 D cellinfo: 46 bytes from 54.197.223.49: icmp_seq=803 ttl=37 time=82.9 ms
08-15 10:57:44.501 14849 14996 D cellinfo: 46 bytes from 54.197.223.49: icmp_seq=804 ttl=37 time=74.9 ms
08-15 10:57:44.711 14849 14996 D cellinfo: 46 bytes from 54.197.223.49: icmp_seq=805 ttl=37 time=84.1 ms
08-15 10:57:44.917 14849 14996 D cellinfo: 46 bytes from 54.197.223.49: icmp_seq=806 ttl=37 time=89.3 ms
08-15 10:57:45.090 14849 14849 D cellinfo: onsignalStrengthsChanged: LTE Signal Strength info: rsrp: -97 rsrq: -11 rssi: -67 rssnr: 3
08-15 10:57:45.090 14849 14849 D cellinfo: onsignalStrengthsChanged: 5G-NR Signal Strength info: ssrsrp: -99 ssrsrq: -13 sssinr: 2
08-15 10:57:45.113 14849 14996 D cellinfo: 46 bytes from 54.197.223.49: icmp_seq=807 ttl=37 time=84.1 ms
08-15 10:57:45.313 14849 14996 D cellinfo: 46 bytes from 54.197.223.49: icmp_seq=808 ttl=37 time=83.3 ms
08-15 10:57:45.514 14849 14996 D cellinfo: 46 bytes from 54.197.223.49: icmp_seq=809 ttl=37 time=81.7 ms
08-15 10:57:45.714 14849 14996 D cellinfo: 46 bytes from 54.197.223.49: icmp_seq=810 ttl=37 time=81.4 ms
08-15 10:57:45.910 14849 14996 D cellinfo: 46 bytes from 54.197.223.49: icmp_seq=811 ttl=37 time=76.8 ms
08-15 10:57:46.115 14849 14996 D cellinfo: 46 bytes from 54.197.223.49: icmp_seq=812 ttl=37 time=81.1 ms
08-15 10:57:46.309 14849 14996 D cellinfo: 46 bytes from 54.197.223.49: icmp_seq=813 ttl=37 time=74.0 ms
08-15 10:57:46.372 14849 14849 D cellinfo: Latitude is 43.2035911
08-15 10:57:46.372 14849 14849 D cellinfo: Longitude is -77.6549398
08-15 10:57:46.372 14849 14849 D cellinfo: Instantaneous GPS information: United States, 1070 W Ridge Rd, Rochester, NY 14615, USA
08-15 10:57:46.372 14849 14849 D cellinfo: getCurrentLocation() result: Location (success): 43.2035911, -77.6549398
08-15 10:57:46.417 14849 14849 D cellinfo: onCellInfoChanged: Operator:  UpdateTimestamp: 399345821 CellConnectionStatus: 1
08-15 10:57:46.417 14849 14849 D cellinfo: onCellInfoChanged: 5G-NR Cell Bands: [] ARFCN: 528000 Cell ID: 9223372036854775807 Physical Cell ID: 818 Tracking Area Code: 16777215
08-15 10:57:46.506 14849 14996 D cellinfo: 46 bytes from 54.197.223.49: icmp_seq=814 ttl=37 time=70.4 ms
08-15 10:57:46.712 14849 14996 D cellinfo: 46 bytes from 54.197.223.49: icmp_seq=815 ttl=37 time=75.5 ms
08-15 10:57:46.932 14849 14996 D cellinfo: 46 bytes from 54.197.223.49: icmp_seq=816 ttl=37 time=94.7 ms
08-15 10:57:47.117 14849 14996 D cellinfo: 46 bytes from 54.197.223.49: icmp_seq=817 ttl=37 time=78.2 ms
08-15 10:57:47.344 14849 14996 D cellinfo: 46 bytes from 54.197.223.49: icmp_seq=818 ttl=37 time=104 ms
08-15 10:57:47.537 14849 14996 D cellinfo: 46 bytes from 54.197.223.49: icmp_seq=819 ttl=37 time=96.3 ms
08-15 10:57:47.736 14849 14996 D cellinfo: 46 bytes from 54.197.223.49: icmp_seq=820 ttl=37 time=93.5 ms
08-15 10:57:47.932 14849 14996 D cellinfo: 46 bytes from 54.197.223.49: icmp_seq=821 ttl=37 time=89.5 ms
08-15 10:57:48.138 14849 14996 D cellinfo: 46 bytes from 54.197.223.49: icmp_seq=822 ttl=37 time=94.9 ms
08-15 10:57:48.324 14849 14996 D cellinfo: 46 bytes from 54.197.223.49: icmp_seq=823 ttl=37 time=79.9 ms
08-15 10:57:48.543 14849 14996 D cellinfo: 46 bytes from 54.197.223.49: icmp_seq=824 ttl=37 time=98.3 ms
08-15 10:57:48.737 14849 14996 D cellinfo: 46 bytes from 54.197.223.49: icmp_seq=825 ttl=37 time=90.9 ms
08-15 10:57:48.931 14849 14996 D cellinfo: 46 bytes from 54.197.223.49: icmp_seq=826 ttl=37 time=84.7 ms
08-15 10:57:49.130 14849 14996 D cellinfo: 46 bytes from 54.197.223.49: icmp_seq=827 ttl=37 time=82.6 ms
08-15 10:57:49.329 14849 14996 D cellinfo: 46 bytes from 54.197.223.49: icmp_seq=828 ttl=37 time=81.3 ms
08-15 10:57:49.371 14849 14849 D cellinfo: Latitude is 43.2035921
08-15 10:57:49.371 14849 14849 D cellinfo: Longitude is -77.6549479
08-15 10:57:49.371 14849 14849 D cellinfo: Instantaneous GPS information: United States, 1070 W Ridge Rd, Rochester, NY 14615, USA
08-15 10:57:49.371 14849 14849 D cellinfo: getCurrentLocation() result: Location (success): 43.2035921, -77.6549479
08-15 10:57:49.421 14849 14849 D cellinfo: onCellInfoChanged: Operator:  UpdateTimestamp: 399348825 CellConnectionStatus: 1
08-15 10:57:49.421 14849 14849 D cellinfo: onCellInfoChanged: 5G-NR Cell Bands: [] ARFCN: 528000 Cell ID: 9223372036854775807 Physical Cell ID: 818 Tracking Area Code: 16777215
08-15 10:57:49.524 14849 14996 D cellinfo: 46 bytes from 54.197.223.49: icmp_seq=829 ttl=37 time=75.7 ms
08-15 10:57:49.722 14849 14996 D cellinfo: 46 bytes from 54.197.223.49: icmp_seq=830 ttl=37 time=72.2 ms
08-15 10:57:49.939 14849 14996 D cellinfo: 46 bytes from 54.197.223.49: icmp_seq=831 ttl=37 time=85.9 ms
08-15 10:57:50.135 14849 14996 D cellinfo: 46 bytes from 54.197.223.49: icmp_seq=832 ttl=37 time=83.4 ms
08-15 10:57:50.209 14849 14849 D cellinfo: onsignalStrengthsChanged: LTE Signal Strength info: rsrp: -101 rsrq: -10 rssi: -69 rssnr: 9
08-15 10:57:50.209 14849 14849 D cellinfo: onsignalStrengthsChanged: 5G-NR Signal Strength info: ssrsrp: -100 ssrsrq: -14 sssinr: 0
08-15 10:57:50.330 14849 14996 D cellinfo: 46 bytes from 54.197.223.49: icmp_seq=833 ttl=37 time=77.3 ms
08-15 10:57:50.534 14849 14996 D cellinfo: 46 bytes from 54.197.223.49: icmp_seq=834 ttl=37 time=81.0 ms
08-15 10:57:50.729 14849 14996 D cellinfo: 46 bytes from 54.197.223.49: icmp_seq=835 ttl=37 time=74.6 ms
08-15 10:57:50.949 14849 14996 D cellinfo: 46 bytes from 54.197.223.49: icmp_seq=836 ttl=37 time=94.4 ms
08-15 10:57:51.149 14849 14996 D cellinfo: 46 bytes from 54.197.223.49: icmp_seq=837 ttl=37 time=93.2 ms
08-15 10:57:51.352 14849 14996 D cellinfo: 46 bytes from 54.197.223.49: icmp_seq=838 ttl=37 time=94.8 ms
08-15 10:57:51.537 14849 14996 D cellinfo: 46 bytes from 54.197.223.49: icmp_seq=839 ttl=37 time=79.5 ms
08-15 10:57:51.750 14849 14996 D cellinfo: 46 bytes from 54.197.223.49: icmp_seq=840 ttl=37 time=91.8 ms
08-15 10:57:51.960 14849 14996 D cellinfo: 46 bytes from 54.197.223.49: icmp_seq=841 ttl=37 time=101 ms
08-15 10:57:52.130 14849 14996 D cellinfo: 46 bytes from 54.197.223.49: icmp_seq=842 ttl=37 time=70.1 ms
08-15 10:57:52.357 14849 14996 D cellinfo: 46 bytes from 54.197.223.49: icmp_seq=843 ttl=37 time=96.2 ms
08-15 10:57:52.380 14849 14849 D cellinfo: Latitude is 43.2035921
08-15 10:57:52.380 14849 14849 D cellinfo: Longitude is -77.6549479
08-15 10:57:52.380 14849 14849 D cellinfo: Instantaneous GPS information: United States, 1070 W Ridge Rd, Rochester, NY 14615, USA
08-15 10:57:52.380 14849 14849 D cellinfo: getCurrentLocation() result: Location (success): 43.2035921, -77.6549479
08-15 10:57:52.431 14849 14849 D cellinfo: onCellInfoChanged: Operator:  UpdateTimestamp: 399351838 CellConnectionStatus: 1
08-15 10:57:52.431 14849 14849 D cellinfo: onCellInfoChanged: 5G-NR Cell Bands: [] ARFCN: 528000 Cell ID: 9223372036854775807 Physical Cell ID: 818 Tracking Area Code: 16777215
08-15 10:57:52.535 14849 14996 D cellinfo: 46 bytes from 54.197.223.49: icmp_seq=844 ttl=37 time=73.3 ms
08-15 10:57:52.735 14849 14996 D cellinfo: 46 bytes from 54.197.223.49: icmp_seq=845 ttl=37 time=72.1 ms
08-15 10:57:52.949 14849 14996 D cellinfo: 46 bytes from 54.197.223.49: icmp_seq=846 ttl=37 time=85.7 ms
08-15 10:57:53.157 14849 14996 D cellinfo: 46 bytes from 54.197.223.49: icmp_seq=847 ttl=37 time=92.8 ms
08-15 10:57:53.356 14849 14996 D cellinfo: 46 bytes from 54.197.223.49: icmp_seq=848 ttl=37 time=91.3 ms
08-15 10:57:53.557 14849 14996 D cellinfo: 46 bytes from 54.197.223.49: icmp_seq=849 ttl=37 time=90.4 ms
08-15 10:57:53.750 14849 14996 D cellinfo: 46 bytes from 54.197.223.49: icmp_seq=850 ttl=37 time=82.9 ms
08-15 10:57:53.954 14849 14996 D cellinfo: 46 bytes from 54.197.223.49: icmp_seq=851 ttl=37 time=86.0 ms
08-15 10:57:54.046 14849 14849 D cellinfo: onsignalStrengthsChanged: LTE Signal Strength info: rsrp: -95 rsrq: -8 rssi: -69 rssnr: 5
08-15 10:57:54.046 14849 14849 D cellinfo: onsignalStrengthsChanged: 5G-NR Signal Strength info: ssrsrp: -98 ssrsrq: -13 sssinr: 6
08-15 10:57:54.150 14849 14996 D cellinfo: 46 bytes from 54.197.223.49: icmp_seq=852 ttl=37 time=80.7 ms
08-15 10:57:54.351 14849 14996 D cellinfo: 46 bytes from 54.197.223.49: icmp_seq=853 ttl=37 time=81.9 ms
08-15 10:57:54.550 14849 14996 D cellinfo: 46 bytes from 54.197.223.49: icmp_seq=854 ttl=37 time=79.2 ms
08-15 10:57:54.758 14849 14996 D cellinfo: 46 bytes from 54.197.223.49: icmp_seq=855 ttl=37 time=85.6 ms
08-15 10:57:54.950 14849 14996 D cellinfo: 46 bytes from 54.197.223.49: icmp_seq=856 ttl=37 time=77.9 ms
08-15 10:57:55.149 14849 14996 D cellinfo: 46 bytes from 54.197.223.49: icmp_seq=857 ttl=37 time=76.1 ms
08-15 10:57:55.369 14849 14996 D cellinfo: 46 bytes from 54.197.223.49: icmp_seq=858 ttl=37 time=95.5 ms
08-15 10:57:55.412 14849 14849 D cellinfo: onCellInfoChanged: Operator:  UpdateTimestamp: 399354818 CellConnectionStatus: 1
08-15 10:57:55.412 14849 14849 D cellinfo: onCellInfoChanged: 5G-NR Cell Bands: [] ARFCN: 528000 Cell ID: 9223372036854775807 Physical Cell ID: 818 Tracking Area Code: 16777215
08-15 10:57:55.549 14849 14996 D cellinfo: 46 bytes from 54.197.223.49: icmp_seq=859 ttl=37 time=73.9 ms
08-15 10:57:55.754 14849 14996 D cellinfo: 46 bytes from 54.197.223.49: icmp_seq=860 ttl=37 time=78.2 ms
08-15 10:57:55.949 14849 14996 D cellinfo: 46 bytes from 54.197.223.49: icmp_seq=861 ttl=37 time=71.6 ms
08-15 10:57:55.950 14849 14849 D cellinfo: Latitude is 43.2035076
08-15 10:57:55.950 14849 14849 D cellinfo: Longitude is -77.6541941
08-15 10:57:55.950 14849 14849 D cellinfo: Instantaneous GPS information: United States, 1023 W Ridge Rd, Rochester, NY 14615, USA
08-15 10:57:55.950 14849 14849 D cellinfo: getCurrentLocation() result: Location (success): 43.2035076, -77.6541941
08-15 10:57:56.152 14849 14996 D cellinfo: 46 bytes from 54.197.223.49: icmp_seq=862 ttl=37 time=73.9 ms
08-15 10:57:56.375 14849 14996 D cellinfo: 46 bytes from 54.197.223.49: icmp_seq=863 ttl=37 time=95.3 ms
08-15 10:57:56.577 14849 14996 D cellinfo: 46 bytes from 54.197.223.49: icmp_seq=864 ttl=37 time=96.5 ms
08-15 10:57:56.770 14849 14996 D cellinfo: 46 bytes from 54.197.223.49: icmp_seq=865 ttl=37 time=87.7 ms
08-15 10:57:56.974 14849 14996 D cellinfo: 46 bytes from 54.197.223.49: icmp_seq=866 ttl=37 time=91.8 ms
08-15 10:57:57.173 14849 14996 D cellinfo: 46 bytes from 54.197.223.49: icmp_seq=867 ttl=37 time=90.0 ms
08-15 10:57:57.370 14849 14996 D cellinfo: 46 bytes from 54.197.223.49: icmp_seq=868 ttl=37 time=85.9 ms
08-15 10:57:57.569 14849 14996 D cellinfo: 46 bytes from 54.197.223.49: icmp_seq=869 ttl=37 time=84.1 ms
08-15 10:57:57.775 14849 14996 D cellinfo: 46 bytes from 54.197.223.49: icmp_seq=870 ttl=37 time=88.8 ms
08-15 10:57:57.890 14849 14849 D cellinfo: onsignalStrengthsChanged: LTE Signal Strength info: rsrp: -99 rsrq: -10 rssi: -69 rssnr: 8
08-15 10:57:57.890 14849 14849 D cellinfo: onsignalStrengthsChanged: 5G-NR Signal Strength info: ssrsrp: -97 ssrsrq: -12 sssinr: 5
08-15 10:57:57.972 14849 14996 D cellinfo: 46 bytes from 54.197.223.49: icmp_seq=871 ttl=37 time=85.5 ms
08-15 10:57:58.177 14849 14996 D cellinfo: 46 bytes from 54.197.223.49: icmp_seq=872 ttl=37 time=88.7 ms
08-15 10:57:58.370 14849 14996 D cellinfo: 46 bytes from 54.197.223.49: icmp_seq=873 ttl=37 time=80.9 ms
08-15 10:57:58.400 14849 14849 D cellinfo: Latitude is 43.2035076
08-15 10:57:58.400 14849 14849 D cellinfo: Longitude is -77.6541941
08-15 10:57:58.400 14849 14849 D cellinfo: Instantaneous GPS information: United States, 1023 W Ridge Rd, Rochester, NY 14615, USA
08-15 10:57:58.400 14849 14849 D cellinfo: getCurrentLocation() result: Location (success): 43.2035076, -77.6541941
08-15 10:57:58.418 14849 14849 D cellinfo: onCellInfoChanged: Operator:  UpdateTimestamp: 399357822 CellConnectionStatus: 1
08-15 10:57:58.418 14849 14849 D cellinfo: onCellInfoChanged: 5G-NR Cell Bands: [] ARFCN: 528000 Cell ID: 9223372036854775807 Physical Cell ID: 818 Tracking Area Code: 16777215
08-15 10:57:58.560 14849 14996 D cellinfo: 46 bytes from 54.197.223.49: icmp_seq=874 ttl=37 time=71.0 ms
08-15 10:57:58.784 14849 14996 D cellinfo: 46 bytes from 54.197.223.49: icmp_seq=875 ttl=37 time=93.6 ms
08-15 10:57:58.987 14849 14996 D cellinfo: 46 bytes from 54.197.223.49: icmp_seq=876 ttl=37 time=95.8 ms
08-15 10:57:59.181 14849 14996 D cellinfo: 46 bytes from 54.197.223.49: icmp_seq=877 ttl=37 time=89.0 ms
08-15 10:57:59.384 14849 14996 D cellinfo: 46 bytes from 54.197.223.49: icmp_seq=878 ttl=37 time=91.8 ms
08-15 10:57:59.589 14849 14996 D cellinfo: 46 bytes from 54.197.223.49: icmp_seq=879 ttl=37 time=96.2 ms
08-15 10:57:59.785 14849 14996 D cellinfo: 46 bytes from 54.197.223.49: icmp_seq=880 ttl=37 time=90.9 ms
08-15 10:57:59.974 14849 14996 D cellinfo: 46 bytes from 54.197.223.49: icmp_seq=881 ttl=37 time=78.8 ms
08-15 10:58:00.210 14849 14996 D cellinfo: 46 bytes from 54.197.223.49: icmp_seq=882 ttl=37 time=113 ms
08-15 10:58:00.374 14849 14996 D cellinfo: 46 bytes from 54.197.223.49: icmp_seq=883 ttl=37 time=77.7 ms
08-15 10:58:00.599 14849 14996 D cellinfo: 46 bytes from 54.197.223.49: icmp_seq=884 ttl=37 time=101 ms
08-15 10:58:00.794 14849 14996 D cellinfo: 46 bytes from 54.197.223.49: icmp_seq=885 ttl=37 time=95.7 ms
08-15 10:58:00.994 14849 14996 D cellinfo: 46 bytes from 54.197.223.49: icmp_seq=886 ttl=37 time=95.4 ms
08-15 10:58:01.197 14849 14996 D cellinfo: 46 bytes from 54.197.223.49: icmp_seq=887 ttl=37 time=96.8 ms
08-15 10:58:01.376 14849 14849 D cellinfo: Latitude is 43.2035076
08-15 10:58:01.376 14849 14849 D cellinfo: Longitude is -77.6541941
08-15 10:58:01.376 14849 14849 D cellinfo: Instantaneous GPS information: United States, 1023 W Ridge Rd, Rochester, NY 14615, USA
08-15 10:58:01.376 14849 14849 D cellinfo: getCurrentLocation() result: Location (success): 43.2035076, -77.6541941
08-15 10:58:01.383 14849 14996 D cellinfo: 46 bytes from 54.197.223.49: icmp_seq=888 ttl=37 time=82.4 ms
08-15 10:58:01.429 14849 14849 D cellinfo: onCellInfoChanged: Operator:  UpdateTimestamp: 399360837 CellConnectionStatus: 1
08-15 10:58:01.429 14849 14849 D cellinfo: onCellInfoChanged: 5G-NR Cell Bands: [] ARFCN: 528000 Cell ID: 9223372036854775807 Physical Cell ID: 818 Tracking Area Code: 16777215
08-15 10:58:01.581 14849 14996 D cellinfo: 46 bytes from 54.197.223.49: icmp_seq=889 ttl=37 time=78.6 ms
08-15 10:58:01.789 14849 14996 D cellinfo: 46 bytes from 54.197.223.49: icmp_seq=890 ttl=37 time=86.5 ms
08-15 10:58:02.007 14849 14996 D cellinfo: 46 bytes from 54.197.223.49: icmp_seq=891 ttl=37 time=102 ms
08-15 10:58:02.189 14849 14996 D cellinfo: 46 bytes from 54.197.223.49: icmp_seq=892 ttl=37 time=85.6 ms
08-15 10:58:02.390 14849 14996 D cellinfo: 46 bytes from 54.197.223.49: icmp_seq=893 ttl=37 time=85.4 ms
08-15 10:58:02.590 14849 14996 D cellinfo: 46 bytes from 54.197.223.49: icmp_seq=894 ttl=37 time=84.5 ms
08-15 10:58:02.799 14849 14996 D cellinfo: 46 bytes from 54.197.223.49: icmp_seq=895 ttl=37 time=92.4 ms
08-15 10:58:02.992 14849 14996 D cellinfo: 46 bytes from 54.197.223.49: icmp_seq=896 ttl=37 time=84.9 ms
08-15 10:58:03.012 14849 14849 D cellinfo: onsignalStrengthsChanged: LTE Signal Strength info: rsrp: -93 rsrq: -11 rssi: -61 rssnr: 8
08-15 10:58:03.012 14849 14849 D cellinfo: onsignalStrengthsChanged: 5G-NR Signal Strength info: ssrsrp: -94 ssrsrq: -13 sssinr: 3
08-15 10:58:03.190 14849 14996 D cellinfo: 46 bytes from 54.197.223.49: icmp_seq=897 ttl=37 time=81.7 ms
08-15 10:58:03.391 14849 14996 D cellinfo: 46 bytes from 54.197.223.49: icmp_seq=898 ttl=37 time=81.6 ms
08-15 10:58:03.590 14849 14996 D cellinfo: 46 bytes from 54.197.223.49: icmp_seq=899 ttl=37 time=80.6 ms
08-15 10:58:03.789 14849 14996 D cellinfo: 46 bytes from 54.197.223.49: icmp_seq=900 ttl=37 time=80.1 ms
08-15 10:58:03.992 14849 14996 D cellinfo: 46 bytes from 54.197.223.49: icmp_seq=901 ttl=37 time=81.7 ms
08-15 10:58:04.191 14849 14996 D cellinfo: 46 bytes from 54.197.223.49: icmp_seq=902 ttl=37 time=80.4 ms
08-15 10:58:04.378 14849 14849 D cellinfo: Latitude is 43.2035076
08-15 10:58:04.378 14849 14849 D cellinfo: Longitude is -77.6541941
08-15 10:58:04.378 14849 14849 D cellinfo: Instantaneous GPS information: United States, 1023 W Ridge Rd, Rochester, NY 14615, USA
08-15 10:58:04.379 14849 14849 D cellinfo: getCurrentLocation() result: Location (success): 43.2035076, -77.6541941
08-15 10:58:04.388 14849 14996 D cellinfo: 46 bytes from 54.197.223.49: icmp_seq=903 ttl=37 time=76.2 ms
08-15 10:58:04.437 14849 14849 D cellinfo: onCellInfoChanged: Operator:  UpdateTimestamp: 399363843 CellConnectionStatus: 1
08-15 10:58:04.437 14849 14849 D cellinfo: onCellInfoChanged: 5G-NR Cell Bands: [] ARFCN: 528000 Cell ID: 9223372036854775807 Physical Cell ID: 818 Tracking Area Code: 16777215
08-15 10:58:04.588 14849 14996 D cellinfo: 46 bytes from 54.197.223.49: icmp_seq=904 ttl=37 time=74.5 ms
08-15 10:58:04.789 14849 14996 D cellinfo: 46 bytes from 54.197.223.49: icmp_seq=905 ttl=37 time=76.0 ms
08-15 10:58:04.992 14849 14996 D cellinfo: 46 bytes from 54.197.223.49: icmp_seq=906 ttl=37 time=77.5 ms
08-15 10:58:05.192 14849 14996 D cellinfo: 46 bytes from 54.197.223.49: icmp_seq=907 ttl=37 time=76.7 ms
08-15 10:58:05.391 14849 14996 D cellinfo: 46 bytes from 54.197.223.49: icmp_seq=908 ttl=37 time=75.8 ms
08-15 10:58:05.613 14849 14996 D cellinfo: 46 bytes from 54.197.223.49: icmp_seq=909 ttl=37 time=96.5 ms
08-15 10:58:05.810 14849 14996 D cellinfo: 46 bytes from 54.197.223.49: icmp_seq=910 ttl=37 time=93.2 ms
08-15 10:58:05.991 14849 14996 D cellinfo: 46 bytes from 54.197.223.49: icmp_seq=911 ttl=37 time=72.5 ms
08-15 10:58:06.210 14849 14996 D cellinfo: 46 bytes from 54.197.223.49: icmp_seq=912 ttl=37 time=91.7 ms
08-15 10:58:06.412 14849 14996 D cellinfo: 46 bytes from 54.197.223.49: icmp_seq=913 ttl=37 time=93.3 ms
08-15 10:58:06.610 14849 14996 D cellinfo: 46 bytes from 54.197.223.49: icmp_seq=914 ttl=37 time=90.1 ms
08-15 10:58:06.812 14849 14996 D cellinfo: 46 bytes from 54.197.223.49: icmp_seq=915 ttl=37 time=90.5 ms
08-15 10:58:07.014 14849 14996 D cellinfo: 46 bytes from 54.197.223.49: icmp_seq=916 ttl=37 time=92.5 ms
08-15 10:58:07.210 14849 14996 D cellinfo: 46 bytes from 54.197.223.49: icmp_seq=917 ttl=37 time=88.7 ms
08-15 10:58:07.411 14849 14996 D cellinfo: 46 bytes from 54.197.223.49: icmp_seq=918 ttl=37 time=89.6 ms
08-15 10:58:07.596 14849 14996 D cellinfo: 46 bytes from 54.197.223.49: icmp_seq=919 ttl=37 time=72.6 ms
08-15 10:58:07.798 14849 14996 D cellinfo: 46 bytes from 54.197.223.49: icmp_seq=920 ttl=37 time=74.0 ms
08-15 10:58:07.838 14849 14849 D cellinfo: Latitude is 43.203357
08-15 10:58:07.838 14849 14849 D cellinfo: Longitude is -77.6529495
08-15 10:58:07.838 14849 14849 D cellinfo: Instantaneous GPS information: United States, 973 W Ridge Rd, Rochester, NY 14615, USA
08-15 10:58:07.838 14849 14849 D cellinfo: getCurrentLocation() result: Location (success): 43.203357, -77.6529495
08-15 10:58:07.844 14849 14849 D cellinfo: onCellInfoChanged: Operator:  UpdateTimestamp: 399366832 CellConnectionStatus: 1
08-15 10:58:07.844 14849 14849 D cellinfo: onCellInfoChanged: 5G-NR Cell Bands: [] ARFCN: 528000 Cell ID: 9223372036854775807 Physical Cell ID: 818 Tracking Area Code: 16777215
08-15 10:58:08.000 14849 14996 D cellinfo: 46 bytes from 54.197.223.49: icmp_seq=921 ttl=37 time=74.2 ms
08-15 10:58:08.210 14849 14996 D cellinfo: 46 bytes from 54.197.223.49: icmp_seq=922 ttl=37 time=83.4 ms
08-15 10:58:08.417 14849 14996 D cellinfo: 46 bytes from 54.197.223.49: icmp_seq=923 ttl=37 time=89.2 ms
08-15 10:58:08.612 14849 14996 D cellinfo: 46 bytes from 54.197.223.49: icmp_seq=924 ttl=37 time=83.4 ms
08-15 10:58:08.810 14849 14996 D cellinfo: 46 bytes from 54.197.223.49: icmp_seq=925 ttl=37 time=80.3 ms
08-15 10:58:09.021 14849 14996 D cellinfo: 46 bytes from 54.197.223.49: icmp_seq=926 ttl=37 time=90.4 ms
08-15 10:58:09.210 14849 14996 D cellinfo: 46 bytes from 54.197.223.49: icmp_seq=927 ttl=37 time=79.0 ms
08-15 10:58:09.413 14849 14996 D cellinfo: 46 bytes from 54.197.223.49: icmp_seq=928 ttl=37 time=80.0 ms
08-15 10:58:09.612 14849 14996 D cellinfo: 46 bytes from 54.197.223.49: icmp_seq=929 ttl=37 time=78.3 ms
08-15 10:58:09.818 14849 14996 D cellinfo: 46 bytes from 54.197.223.49: icmp_seq=930 ttl=37 time=83.1 ms
08-15 10:58:10.032 14849 14996 D cellinfo: 46 bytes from 54.197.223.49: icmp_seq=931 ttl=37 time=95.8 ms
08-15 10:58:10.232 14849 14996 D cellinfo: 46 bytes from 54.197.223.49: icmp_seq=932 ttl=37 time=96.2 ms
08-15 10:58:10.375 14849 14849 D cellinfo: Latitude is 43.203357
08-15 10:58:10.376 14849 14849 D cellinfo: Longitude is -77.6529495
08-15 10:58:10.376 14849 14849 D cellinfo: Instantaneous GPS information: United States, 973 W Ridge Rd, Rochester, NY 14615, USA
08-15 10:58:10.376 14849 14849 D cellinfo: getCurrentLocation() result: Location (success): 43.203357, -77.6529495
08-15 10:58:10.425 14849 14849 D cellinfo: onCellInfoChanged: Operator:  UpdateTimestamp: 399369832 CellConnectionStatus: 1
08-15 10:58:10.425 14849 14849 D cellinfo: onCellInfoChanged: 5G-NR Cell Bands: [] ARFCN: 528000 Cell ID: 9223372036854775807 Physical Cell ID: 818 Tracking Area Code: 16777215
08-15 10:58:10.432 14849 14996 D cellinfo: 46 bytes from 54.197.223.49: icmp_seq=933 ttl=37 time=95.8 ms
08-15 10:58:10.610 14849 14996 D cellinfo: 46 bytes from 54.197.223.49: icmp_seq=934 ttl=37 time=73.0 ms
08-15 10:58:10.832 14849 14996 D cellinfo: 46 bytes from 54.197.223.49: icmp_seq=935 ttl=37 time=94.7 ms
08-15 10:58:11.031 14849 14996 D cellinfo: 46 bytes from 54.197.223.49: icmp_seq=936 ttl=37 time=92.2 ms
08-15 10:58:11.233 14849 14996 D cellinfo: 46 bytes from 54.197.223.49: icmp_seq=937 ttl=37 time=94.5 ms
08-15 10:58:11.430 14849 14996 D cellinfo: 46 bytes from 54.197.223.49: icmp_seq=938 ttl=37 time=91.8 ms
08-15 10:58:11.634 14849 14996 D cellinfo: 46 bytes from 54.197.223.49: icmp_seq=939 ttl=37 time=94.1 ms
08-15 10:58:11.830 14849 14996 D cellinfo: 46 bytes from 54.197.223.49: icmp_seq=940 ttl=37 time=89.8 ms
08-15 10:58:12.038 14849 14996 D cellinfo: 46 bytes from 54.197.223.49: icmp_seq=941 ttl=37 time=96.8 ms
08-15 10:58:12.232 14849 14996 D cellinfo: 46 bytes from 54.197.223.49: icmp_seq=942 ttl=37 time=90.8 ms
08-15 10:58:12.441 14849 14996 D cellinfo: 46 bytes from 54.197.223.49: icmp_seq=943 ttl=37 time=99.4 ms
08-15 10:58:12.638 14849 14996 D cellinfo: 46 bytes from 54.197.223.49: icmp_seq=944 ttl=37 time=95.7 ms
08-15 10:58:12.833 14849 14996 D cellinfo: 46 bytes from 54.197.223.49: icmp_seq=945 ttl=37 time=90.3 ms
08-15 10:58:13.033 14849 14996 D cellinfo: 46 bytes from 54.197.223.49: icmp_seq=946 ttl=37 time=89.7 ms
08-15 10:58:13.236 14849 14996 D cellinfo: 46 bytes from 54.197.223.49: icmp_seq=947 ttl=37 time=93.3 ms
08-15 10:58:13.383 14849 14849 D cellinfo: Latitude is 43.203357
08-15 10:58:13.383 14849 14849 D cellinfo: Longitude is -77.6529495
08-15 10:58:13.383 14849 14849 D cellinfo: Instantaneous GPS information: United States, 973 W Ridge Rd, Rochester, NY 14615, USA
08-15 10:58:13.383 14849 14849 D cellinfo: getCurrentLocation() result: Location (success): 43.203357, -77.6529495
08-15 10:58:13.432 14849 14849 D cellinfo: onCellInfoChanged: Operator:  UpdateTimestamp: 399372835 CellConnectionStatus: 1
08-15 10:58:13.432 14849 14849 D cellinfo: onCellInfoChanged: 5G-NR Cell Bands: [] ARFCN: 528000 Cell ID: 9223372036854775807 Physical Cell ID: 818 Tracking Area Code: 16777215
08-15 10:58:13.434 14849 14996 D cellinfo: 46 bytes from 54.197.223.49: icmp_seq=948 ttl=37 time=90.4 ms
08-15 10:58:13.626 14849 14996 D cellinfo: 46 bytes from 54.197.223.49: icmp_seq=949 ttl=37 time=81.6 ms
08-15 10:58:13.832 14849 14996 D cellinfo: 46 bytes from 54.197.223.49: icmp_seq=950 ttl=37 time=87.2 ms
08-15 10:58:14.038 14849 14996 D cellinfo: 46 bytes from 54.197.223.49: icmp_seq=951 ttl=37 time=91.8 ms
08-15 10:58:14.230 14849 14996 D cellinfo: 46 bytes from 54.197.223.49: icmp_seq=952 ttl=37 time=84.1 ms
08-15 10:58:14.432 14849 14996 D cellinfo: 46 bytes from 54.197.223.49: icmp_seq=953 ttl=37 time=85.7 ms
08-15 10:58:14.635 14849 14996 D cellinfo: 46 bytes from 54.197.223.49: icmp_seq=954 ttl=37 time=87.9 ms
08-15 10:58:14.839 14849 14996 D cellinfo: 46 bytes from 54.197.223.49: icmp_seq=955 ttl=37 time=90.2 ms
08-15 10:58:15.031 14849 14996 D cellinfo: 46 bytes from 54.197.223.49: icmp_seq=956 ttl=37 time=80.5 ms
08-15 10:58:15.230 14849 14996 D cellinfo: 46 bytes from 54.197.223.49: icmp_seq=957 ttl=37 time=80.6 ms
08-15 10:58:15.441 14849 14996 D cellinfo: 46 bytes from 54.197.223.49: icmp_seq=958 ttl=37 time=90.7 ms
08-15 10:58:15.640 14849 14996 D cellinfo: 46 bytes from 54.197.223.49: icmp_seq=959 ttl=37 time=89.3 ms
08-15 10:58:15.839 14849 14996 D cellinfo: 46 bytes from 54.197.223.49: icmp_seq=960 ttl=37 time=87.0 ms
08-15 10:58:16.043 14849 14996 D cellinfo: 46 bytes from 54.197.223.49: icmp_seq=961 ttl=37 time=90.2 ms
08-15 10:58:16.237 14849 14996 D cellinfo: 46 bytes from 54.197.223.49: icmp_seq=962 ttl=37 time=83.6 ms
08-15 10:58:16.428 14849 14849 D cellinfo: onCellInfoChanged: Operator:  UpdateTimestamp: 399375835 CellConnectionStatus: 1
08-15 10:58:16.428 14849 14849 D cellinfo: onCellInfoChanged: 5G-NR Cell Bands: [] ARFCN: 528000 Cell ID: 9223372036854775807 Physical Cell ID: 818 Tracking Area Code: 16777215
08-15 10:58:16.438 14849 14996 D cellinfo: 46 bytes from 54.197.223.49: icmp_seq=963 ttl=37 time=85.0 ms
08-15 10:58:16.629 14849 14996 D cellinfo: 46 bytes from 54.197.223.49: icmp_seq=964 ttl=37 time=75.5 ms
08-15 10:58:16.842 14849 14996 D cellinfo: 46 bytes from 54.197.223.49: icmp_seq=965 ttl=37 time=86.4 ms
08-15 10:58:16.944 14849 14849 D cellinfo: Latitude is 43.2030653
08-15 10:58:16.944 14849 14849 D cellinfo: Longitude is -77.6503279
08-15 10:58:16.944 14849 14849 D cellinfo: Instantaneous GPS information: United States, 901 W Ridge Rd, Rochester, NY 14615, USA
08-15 10:58:16.944 14849 14849 D cellinfo: getCurrentLocation() result: Location (success): 43.2030653, -77.6503279
08-15 10:58:17.042 14849 14996 D cellinfo: 46 bytes from 54.197.223.49: icmp_seq=966 ttl=37 time=85.7 ms
08-15 10:58:17.254 14849 14996 D cellinfo: 46 bytes from 54.197.223.49: icmp_seq=967 ttl=37 time=98.1 ms
08-15 10:58:17.452 14849 14996 D cellinfo: 46 bytes from 54.197.223.49: icmp_seq=968 ttl=37 time=94.9 ms
08-15 10:58:17.650 14849 14996 D cellinfo: 46 bytes from 54.197.223.49: icmp_seq=969 ttl=37 time=92.5 ms
08-15 10:58:17.854 14849 14996 D cellinfo: 46 bytes from 54.197.223.49: icmp_seq=970 ttl=37 time=95.6 ms
08-15 10:58:18.052 14849 14996 D cellinfo: 46 bytes from 54.197.223.49: icmp_seq=971 ttl=37 time=93.2 ms
08-15 10:58:18.258 14849 14996 D cellinfo: 46 bytes from 54.197.223.49: icmp_seq=972 ttl=37 time=98.8 ms
08-15 10:58:18.450 14849 14996 D cellinfo: 46 bytes from 54.197.223.49: icmp_seq=973 ttl=37 time=90.0 ms
08-15 10:58:18.658 14849 14996 D cellinfo: 46 bytes from 54.197.223.49: icmp_seq=974 ttl=37 time=96.5 ms
08-15 10:58:18.853 14849 14996 D cellinfo: 46 bytes from 54.197.223.49: icmp_seq=975 ttl=37 time=92.0 ms
08-15 10:58:19.055 14849 14996 D cellinfo: 46 bytes from 54.197.223.49: icmp_seq=976 ttl=37 time=92.7 ms
08-15 10:58:19.251 14849 14996 D cellinfo: 46 bytes from 54.197.223.49: icmp_seq=977 ttl=37 time=88.3 ms
08-15 10:58:19.378 14849 14849 D cellinfo: Latitude is 43.2030653
08-15 10:58:19.378 14849 14849 D cellinfo: Longitude is -77.6503279
08-15 10:58:19.378 14849 14849 D cellinfo: Instantaneous GPS information: United States, 901 W Ridge Rd, Rochester, NY 14615, USA
08-15 10:58:19.378 14849 14849 D cellinfo: getCurrentLocation() result: Location (success): 43.2030653, -77.6503279
08-15 10:58:19.437 14849 14849 D cellinfo: onCellInfoChanged: Operator:  UpdateTimestamp: 399378839 CellConnectionStatus: 1
08-15 10:58:19.437 14849 14849 D cellinfo: onCellInfoChanged: 5G-NR Cell Bands: [] ARFCN: 528000 Cell ID: 9223372036854775807 Physical Cell ID: 818 Tracking Area Code: 16777215
08-15 10:58:19.457 14849 14996 D cellinfo: 46 bytes from 54.197.223.49: icmp_seq=978 ttl=37 time=94.7 ms
08-15 10:58:19.635 14849 14996 D cellinfo: 46 bytes from 54.197.223.49: icmp_seq=979 ttl=37 time=72.5 ms
08-15 10:58:19.858 14849 14996 D cellinfo: 46 bytes from 54.197.223.49: icmp_seq=980 ttl=37 time=94.7 ms
08-15 10:58:20.062 14849 14996 D cellinfo: 46 bytes from 54.197.223.49: icmp_seq=981 ttl=37 time=97.4 ms
08-15 10:58:20.257 14849 14996 D cellinfo: 46 bytes from 54.197.223.49: icmp_seq=982 ttl=37 time=93.0 ms
