08-15 11:05:05.159 14849 14849 D cellinfo: onCellInfoChanged: Operator:  UpdateTimestamp: 399784036 CellConnectionStatus: 1
08-15 11:05:05.159 14849 14849 D cellinfo: onCellInfoChanged: 5G-NR Cell Bands: [] ARFCN: 528000 Cell ID: 9223372036854775807 Physical Cell ID: 771 Tracking Area Code: 16777215
08-15 11:05:05.245 14849 14996 D cellinfo: 46 bytes from 54.197.223.49: icmp_seq=2999 ttl=37 time=104 ms
08-15 11:05:05.438 14849 14996 D cellinfo: 46 bytes from 54.197.223.49: icmp_seq=3000 ttl=37 time=96.4 ms
08-15 11:05:05.512 14849 14849 D cellinfo: onServiceStateChanged: Channel Number: 675 Cell Bandwidths: [15000, 15000, 100000]
08-15 11:05:05.549 14849 14849 D cellinfo: onServiceStateChanged: Channel Number: 675 Cell Bandwidths: [15000, 15000, 100000]
08-15 11:05:05.619 14849 14849 D cellinfo: onServiceStateChanged: Channel Number: 675 Cell Bandwidths: [15000]
08-15 11:05:05.621 14849 14996 D cellinfo: 46 bytes from 54.197.223.49: icmp_seq=3000 ttl=37 time=279 ms (DUP!)
08-15 11:05:05.642 14849 14996 D cellinfo: 46 bytes from 54.197.223.49: icmp_seq=3001 ttl=37 time=99.1 ms
08-15 11:05:05.833 14849 14996 D cellinfo: 46 bytes from 54.197.223.49: icmp_seq=3002 ttl=37 time=89.4 ms
08-15 11:05:05.919 14849 14849 D cellinfo: onServiceStateChanged: Channel Number: 675 Cell Bandwidths: [15000, 15000]
08-15 11:05:05.947 14849 14996 D cellinfo: 46 bytes from 54.197.223.49: icmp_seq=3002 ttl=37 time=204 ms (DUP!)
08-15 11:05:05.961 14849 14849 D cellinfo: onServiceStateChanged: Channel Number: 675 Cell Bandwidths: [15000, 100000]
08-15 11:05:06.062 14849 14996 D cellinfo: 46 bytes from 54.197.223.49: icmp_seq=3003 ttl=37 time=117 ms
08-15 11:05:06.136 14849 14996 D cellinfo: 46 bytes from 54.197.223.49: icmp_seq=3003 ttl=37 time=190 ms (DUP!)
08-15 11:05:06.701 14849 14996 D cellinfo: 46 bytes from 54.197.223.49: icmp_seq=3004 ttl=37 time=556 ms
08-15 11:05:06.702 14849 14996 D cellinfo: 46 bytes from 54.197.223.49: icmp_seq=3005 ttl=37 time=354 ms
08-15 11:05:06.702 14849 14996 D cellinfo: 46 bytes from 54.197.223.49: icmp_seq=3006 ttl=37 time=150 ms
08-15 11:05:06.968 14849 14849 D cellinfo: onsignalStrengthsChanged: LTE Signal Strength info: rsrp: -106 rsrq: -13 rssi: -73 rssnr: 9
08-15 11:05:06.968 14849 14849 D cellinfo: onsignalStrengthsChanged: 5G-NR Signal Strength info: ssrsrp: -110 ssrsrq: -14 sssinr: 1
08-15 11:05:07.015 14849 14996 D cellinfo: 46 bytes from 54.197.223.49: icmp_seq=3007 ttl=37 time=264 ms
08-15 11:05:07.070 14849 14996 D cellinfo: 46 bytes from 54.197.223.49: icmp_seq=3008 ttl=37 time=115 ms
08-15 11:05:07.381 14849 14849 D cellinfo: Latitude is 43.1959997
08-15 11:05:07.382 14849 14849 D cellinfo: Longitude is -77.5645507
08-15 11:05:07.382 14849 14849 D cellinfo: Instantaneous GPS information: United States, 5 Culver Rd, Irondequoit, NY 14622, USA
08-15 11:05:07.382 14849 14849 D cellinfo: getCurrentLocation() result: Location (success): 43.1959997, -77.5645507
08-15 11:05:07.390 14849 14996 D cellinfo: 46 bytes from 54.197.223.49: icmp_seq=3009 ttl=37 time=235 ms
08-15 11:05:07.450 14849 14996 D cellinfo: 46 bytes from 54.197.223.49: icmp_seq=3010 ttl=37 time=92.1 ms
08-15 11:05:07.660 14849 14996 D cellinfo: 46 bytes from 54.197.223.49: icmp_seq=3011 ttl=37 time=100 ms
08-15 11:05:07.886 14849 14996 D cellinfo: 46 bytes from 54.197.223.49: icmp_seq=3012 ttl=37 time=125 ms
08-15 11:05:08.071 14849 14996 D cellinfo: 46 bytes from 54.197.223.49: icmp_seq=3013 ttl=37 time=110 ms
08-15 11:05:08.270 14849 14996 D cellinfo: 46 bytes from 54.197.223.49: icmp_seq=3014 ttl=37 time=109 ms
08-15 11:05:08.470 14849 14996 D cellinfo: 46 bytes from 54.197.223.49: icmp_seq=3015 ttl=37 time=109 ms
08-15 11:05:08.676 14849 14996 D cellinfo: 46 bytes from 54.197.223.49: icmp_seq=3016 ttl=37 time=113 ms
08-15 11:05:08.888 14849 14996 D cellinfo: 46 bytes from 54.197.223.49: icmp_seq=3017 ttl=37 time=125 ms
08-15 11:05:09.085 14849 14996 D cellinfo: 46 bytes from 54.197.223.49: icmp_seq=3018 ttl=37 time=122 ms
08-15 11:05:09.294 14849 14996 D cellinfo: 46 bytes from 54.197.223.49: icmp_seq=3019 ttl=37 time=131 ms
08-15 11:05:09.468 14849 14996 D cellinfo: 46 bytes from 54.197.223.49: icmp_seq=3020 ttl=37 time=104 ms
08-15 11:05:09.681 14849 14996 D cellinfo: 46 bytes from 54.197.223.49: icmp_seq=3021 ttl=37 time=116 ms
08-15 11:05:09.878 14849 14996 D cellinfo: 46 bytes from 54.197.223.49: icmp_seq=3022 ttl=37 time=112 ms
08-15 11:05:10.045 14849 14849 D cellinfo: onServiceStateChanged: Channel Number: 675 Cell Bandwidths: [15000, 100000]
08-15 11:05:10.055 14849 14849 D cellinfo: onDisplayInfoChanged: NetworkType: LTE OverrideNetworkType: 5G (Sub-6 GHz)
08-15 11:05:10.103 14849 14996 D cellinfo: 46 bytes from 54.197.223.49: icmp_seq=3023 ttl=37 time=136 ms
08-15 11:05:10.270 14849 14996 D cellinfo: 46 bytes from 54.197.223.49: icmp_seq=3024 ttl=37 time=104 ms
08-15 11:05:10.381 14849 14849 D cellinfo: Latitude is 43.1959997
08-15 11:05:10.381 14849 14849 D cellinfo: Longitude is -77.5645507
08-15 11:05:10.381 14849 14849 D cellinfo: Instantaneous GPS information: United States, 5 Culver Rd, Irondequoit, NY 14622, USA
08-15 11:05:10.381 14849 14849 D cellinfo: getCurrentLocation() result: Location (success): 43.1959997, -77.5645507
08-15 11:05:10.464 14849 14996 D cellinfo: 46 bytes from 54.197.223.49: icmp_seq=3025 ttl=37 time=96.5 ms
08-15 11:05:10.641 14849 14849 D cellinfo: onCellInfoChanged: Operator:  UpdateTimestamp: 399790046 CellConnectionStatus: 1
08-15 11:05:10.641 14849 14849 D cellinfo: onCellInfoChanged: 5G-NR Cell Bands: [] ARFCN: 126900 Cell ID: 9223372036854775807 Physical Cell ID: 129 Tracking Area Code: 16777215
08-15 11:05:10.672 14849 14996 D cellinfo: 46 bytes from 54.197.223.49: icmp_seq=3026 ttl=37 time=104 ms
08-15 11:05:10.867 14849 14996 D cellinfo: 46 bytes from 54.197.223.49: icmp_seq=3027 ttl=37 time=98.5 ms
08-15 11:05:11.070 14849 14996 D cellinfo: 46 bytes from 54.197.223.49: icmp_seq=3028 ttl=37 time=99.0 ms
08-15 11:05:11.286 14849 14996 D cellinfo: 46 bytes from 54.197.223.49: icmp_seq=3029 ttl=37 time=114 ms
08-15 11:05:11.468 14849 14996 D cellinfo: 46 bytes from 54.197.223.49: icmp_seq=3030 ttl=37 time=96.6 ms
08-15 11:05:11.681 14849 14996 D cellinfo: 46 bytes from 54.197.223.49: icmp_seq=3031 ttl=37 time=108 ms
08-15 11:05:11.868 14849 14996 D cellinfo: 46 bytes from 54.197.223.49: icmp_seq=3032 ttl=37 time=94.6 ms
08-15 11:05:12.067 14849 14996 D cellinfo: 46 bytes from 54.197.223.49: icmp_seq=3033 ttl=37 time=92.1 ms
08-15 11:05:12.263 14849 14996 D cellinfo: 46 bytes from 54.197.223.49: icmp_seq=3034 ttl=37 time=89.5 ms
08-15 11:05:12.463 14849 14996 D cellinfo: 46 bytes from 54.197.223.49: icmp_seq=3035 ttl=37 time=89.1 ms
08-15 11:05:12.676 14849 14996 D cellinfo: 46 bytes from 54.197.223.49: icmp_seq=3036 ttl=37 time=101 ms
08-15 11:05:12.883 14849 14996 D cellinfo: 46 bytes from 54.197.223.49: icmp_seq=3037 ttl=37 time=106 ms
08-15 11:05:13.082 14849 14996 D cellinfo: 46 bytes from 54.197.223.49: icmp_seq=3038 ttl=37 time=105 ms
08-15 11:05:13.276 14849 14996 D cellinfo: 46 bytes from 54.197.223.49: icmp_seq=3039 ttl=37 time=99.0 ms
08-15 11:05:13.376 14849 14849 D cellinfo: Latitude is 43.1959997
08-15 11:05:13.376 14849 14849 D cellinfo: Longitude is -77.5645507
08-15 11:05:13.376 14849 14849 D cellinfo: Instantaneous GPS information: United States, 5 Culver Rd, Irondequoit, NY 14622, USA
08-15 11:05:13.376 14849 14849 D cellinfo: getCurrentLocation() result: Location (success): 43.1959997, -77.5645507
08-15 11:05:13.472 14849 14996 D cellinfo: 46 bytes from 54.197.223.49: icmp_seq=3040 ttl=37 time=94.3 ms
08-15 11:05:13.679 14849 14996 D cellinfo: 46 bytes from 54.197.223.49: icmp_seq=3041 ttl=37 time=100 ms
08-15 11:05:13.879 14849 14996 D cellinfo: 46 bytes from 54.197.223.49: icmp_seq=3042 ttl=37 time=99.7 ms
08-15 11:05:14.081 14849 14996 D cellinfo: 46 bytes from 54.197.223.49: icmp_seq=3043 ttl=37 time=101 ms
08-15 11:05:14.268 14849 14996 D cellinfo: 46 bytes from 54.197.223.49: icmp_seq=3044 ttl=37 time=88.0 ms
08-15 11:05:14.484 14849 14996 D cellinfo: 46 bytes from 54.197.223.49: icmp_seq=3045 ttl=37 time=103 ms
08-15 11:05:14.666 14849 14996 D cellinfo: 46 bytes from 54.197.223.49: icmp_seq=3046 ttl=37 time=85.5 ms
08-15 11:05:14.890 14849 14996 D cellinfo: 46 bytes from 54.197.223.49: icmp_seq=3047 ttl=37 time=108 ms
08-15 11:05:15.066 14849 14996 D cellinfo: 46 bytes from 54.197.223.49: icmp_seq=3048 ttl=37 time=83.4 ms
08-15 11:05:15.291 14849 14996 D cellinfo: 46 bytes from 54.197.223.49: icmp_seq=3049 ttl=37 time=109 ms
08-15 11:05:15.468 14849 14996 D cellinfo: 46 bytes from 54.197.223.49: icmp_seq=3050 ttl=37 time=84.7 ms
08-15 11:05:15.675 14849 14996 D cellinfo: 46 bytes from 54.197.223.49: icmp_seq=3051 ttl=37 time=91.6 ms
08-15 11:05:15.876 14849 14996 D cellinfo: 46 bytes from 54.197.223.49: icmp_seq=3052 ttl=37 time=91.7 ms
08-15 11:05:16.076 14849 14996 D cellinfo: 46 bytes from 54.197.223.49: icmp_seq=3053 ttl=37 time=91.1 ms
08-15 11:05:16.277 14849 14996 D cellinfo: 46 bytes from 54.197.223.49: icmp_seq=3054 ttl=37 time=91.9 ms
08-15 11:05:16.488 14849 14996 D cellinfo: 46 bytes from 54.197.223.49: icmp_seq=3055 ttl=37 time=103 ms
08-15 11:05:16.528 14849 14849 D cellinfo: onsignalStrengthsChanged: LTE Signal Strength info: rsrp: -98 rsrq: -8 rssi: -71 rssnr: 5
08-15 11:05:16.528 14849 14849 D cellinfo: onsignalStrengthsChanged: 5G-NR Signal Strength info: ssrsrp: -93 ssrsrq: -13 sssinr: 7
08-15 11:05:16.672 14849 14996 D cellinfo: 46 bytes from 54.197.223.49: icmp_seq=3056 ttl=37 time=85.5 ms
08-15 11:05:16.878 14849 14996 D cellinfo: 46 bytes from 54.197.223.49: icmp_seq=3057 ttl=37 time=90.0 ms
08-15 11:05:17.030 14849 14849 D cellinfo: Latitude is 43.1958539
08-15 11:05:17.030 14849 14849 D cellinfo: Longitude is -77.5604839
08-15 11:05:17.030 14849 14849 D cellinfo: Instantaneous GPS information: United States, 2590 Culver Rd, Rochester, NY 14609, USA
08-15 11:05:17.030 14849 14849 D cellinfo: getCurrentLocation() result: Location (success): 43.1958539, -77.5604839
08-15 11:05:17.035 14849 14849 D cellinfo: onCellInfoChanged: Operator:  UpdateTimestamp: 399796042 CellConnectionStatus: 1
08-15 11:05:17.035 14849 14849 D cellinfo: onCellInfoChanged: 5G-NR Cell Bands: [] ARFCN: 126900 Cell ID: 9223372036854775807 Physical Cell ID: 129 Tracking Area Code: 16777215
08-15 11:05:17.096 14849 14996 D cellinfo: 46 bytes from 54.197.223.49: icmp_seq=3058 ttl=37 time=107 ms
08-15 11:05:17.279 14849 14996 D cellinfo: 46 bytes from 54.197.223.49: icmp_seq=3059 ttl=37 time=90.8 ms
08-15 11:05:17.488 14849 14996 D cellinfo: 46 bytes from 54.197.223.49: icmp_seq=3060 ttl=37 time=98.7 ms
08-15 11:05:17.687 14849 14996 D cellinfo: 46 bytes from 54.197.223.49: icmp_seq=3061 ttl=37 time=97.0 ms
08-15 11:05:17.877 14849 14996 D cellinfo: 46 bytes from 54.197.223.49: icmp_seq=3062 ttl=37 time=86.5 ms
08-15 11:05:18.083 14849 14996 D cellinfo: 46 bytes from 54.197.223.49: icmp_seq=3063 ttl=37 time=91.9 ms
08-15 11:05:18.282 14849 14996 D cellinfo: 46 bytes from 54.197.223.49: icmp_seq=3064 ttl=37 time=91.3 ms
08-15 11:05:18.493 14849 14996 D cellinfo: 46 bytes from 54.197.223.49: icmp_seq=3065 ttl=37 time=101 ms
08-15 11:05:18.690 14849 14996 D cellinfo: 46 bytes from 54.197.223.49: icmp_seq=3066 ttl=37 time=97.2 ms
08-15 11:05:18.887 14849 14996 D cellinfo: 46 bytes from 54.197.223.49: icmp_seq=3067 ttl=37 time=93.5 ms
08-15 11:05:19.089 14849 14996 D cellinfo: 46 bytes from 54.197.223.49: icmp_seq=3068 ttl=37 time=95.5 ms
08-15 11:05:19.290 14849 14996 D cellinfo: 46 bytes from 54.197.223.49: icmp_seq=3069 ttl=37 time=96.1 ms
08-15 11:05:19.381 14849 14849 D cellinfo: Latitude is 43.1958539
08-15 11:05:19.381 14849 14849 D cellinfo: Longitude is -77.5604839
08-15 11:05:19.381 14849 14849 D cellinfo: Instantaneous GPS information: United States, 2590 Culver Rd, Rochester, NY 14609, USA
08-15 11:05:19.381 14849 14849 D cellinfo: getCurrentLocation() result: Location (success): 43.1958539, -77.5604839
08-15 11:05:19.502 14849 14996 D cellinfo: 46 bytes from 54.197.223.49: icmp_seq=3070 ttl=37 time=107 ms
08-15 11:05:19.691 14849 14996 D cellinfo: 46 bytes from 54.197.223.49: icmp_seq=3071 ttl=37 time=95.4 ms
08-15 11:05:19.728 14849 14849 D cellinfo: onsignalStrengthsChanged: LTE Signal Strength info: rsrp: -101 rsrq: -10 rssi: -71 rssnr: 6
08-15 11:05:19.728 14849 14849 D cellinfo: onsignalStrengthsChanged: 5G-NR Signal Strength info: ssrsrp: -92 ssrsrq: -12 sssinr: 5
08-15 11:05:19.906 14849 14996 D cellinfo: 46 bytes from 54.197.223.49: icmp_seq=3072 ttl=37 time=109 ms
08-15 11:05:20.106 14849 14996 D cellinfo: 46 bytes from 54.197.223.49: icmp_seq=3073 ttl=37 time=107 ms
08-15 11:05:20.298 14849 14996 D cellinfo: 46 bytes from 54.197.223.49: icmp_seq=3074 ttl=37 time=99.2 ms
08-15 11:05:20.500 14849 14996 D cellinfo: 46 bytes from 54.197.223.49: icmp_seq=3075 ttl=37 time=100 ms
08-15 11:05:20.701 14849 14996 D cellinfo: 46 bytes from 54.197.223.49: icmp_seq=3076 ttl=37 time=99.7 ms
08-15 11:05:20.898 14849 14996 D cellinfo: 46 bytes from 54.197.223.49: icmp_seq=3077 ttl=37 time=96.9 ms
08-15 11:05:21.097 14849 14996 D cellinfo: 46 bytes from 54.197.223.49: icmp_seq=3078 ttl=37 time=94.8 ms
08-15 11:05:21.308 14849 14996 D cellinfo: 46 bytes from 54.197.223.49: icmp_seq=3079 ttl=37 time=104 ms
08-15 11:05:21.502 14849 14996 D cellinfo: 46 bytes from 54.197.223.49: icmp_seq=3080 ttl=37 time=98.7 ms
08-15 11:05:21.689 14849 14996 D cellinfo: 46 bytes from 54.197.223.49: icmp_seq=3081 ttl=37 time=85.0 ms
08-15 11:05:21.905 14849 14996 D cellinfo: 46 bytes from 54.197.223.49: icmp_seq=3082 ttl=37 time=100 ms
08-15 11:05:22.096 14849 14996 D cellinfo: 46 bytes from 54.197.223.49: icmp_seq=3083 ttl=37 time=90.3 ms
08-15 11:05:22.306 14849 14996 D cellinfo: 46 bytes from 54.197.223.49: icmp_seq=3084 ttl=37 time=99.2 ms
08-15 11:05:22.376 14849 14849 D cellinfo: Latitude is 43.1958539
08-15 11:05:22.376 14849 14849 D cellinfo: Longitude is -77.5604839
08-15 11:05:22.376 14849 14849 D cellinfo: Instantaneous GPS information: United States, 2590 Culver Rd, Rochester, NY 14609, USA
08-15 11:05:22.376 14849 14849 D cellinfo: getCurrentLocation() result: Location (success): 43.1958539, -77.5604839
08-15 11:05:22.508 14849 14996 D cellinfo: 46 bytes from 54.197.223.49: icmp_seq=3085 ttl=37 time=99.7 ms
08-15 11:05:22.639 14849 14849 D cellinfo: onCellInfoChanged: Operator:  UpdateTimestamp: 399802045 CellConnectionStatus: 1
08-15 11:05:22.639 14849 14849 D cellinfo: onCellInfoChanged: 5G-NR Cell Bands: [] ARFCN: 126900 Cell ID: 9223372036854775807 Physical Cell ID: 129 Tracking Area Code: 16777215
08-15 11:05:22.706 14849 14996 D cellinfo: 46 bytes from 54.197.223.49: icmp_seq=3086 ttl=37 time=97.3 ms
08-15 11:05:22.899 14849 14996 D cellinfo: 46 bytes from 54.197.223.49: icmp_seq=3087 ttl=37 time=89.5 ms
08-15 11:05:22.929 14849 14849 D cellinfo: onsignalStrengthsChanged: LTE Signal Strength info: rsrp: -97 rsrq: -8 rssi: -69 rssnr: 7
08-15 11:05:22.929 14849 14849 D cellinfo: onsignalStrengthsChanged: 5G-NR Signal Strength info: ssrsrp: -93 ssrsrq: -12 sssinr: 5
08-15 11:05:23.105 14849 14996 D cellinfo: 46 bytes from 54.197.223.49: icmp_seq=3088 ttl=37 time=93.9 ms
08-15 11:05:23.294 14849 14996 D cellinfo: 46 bytes from 54.197.223.49: icmp_seq=3089 ttl=37 time=82.2 ms
08-15 11:05:23.497 14849 14996 D cellinfo: 46 bytes from 54.197.223.49: icmp_seq=3090 ttl=37 time=83.9 ms
08-15 11:05:23.698 14849 14996 D cellinfo: 46 bytes from 54.197.223.49: icmp_seq=3091 ttl=37 time=84.3 ms
08-15 11:05:23.907 14849 14996 D cellinfo: 46 bytes from 54.197.223.49: icmp_seq=3092 ttl=37 time=91.6 ms
08-15 11:05:24.108 14849 14996 D cellinfo: 46 bytes from 54.197.223.49: icmp_seq=3093 ttl=37 time=92.8 ms
08-15 11:05:24.320 14849 14996 D cellinfo: 46 bytes from 54.197.223.49: icmp_seq=3094 ttl=37 time=104 ms
08-15 11:05:24.510 14849 14996 D cellinfo: 46 bytes from 54.197.223.49: icmp_seq=3095 ttl=37 time=91.8 ms
08-15 11:05:24.724 14849 14996 D cellinfo: 46 bytes from 54.197.223.49: icmp_seq=3096 ttl=37 time=105 ms
08-15 11:05:24.907 14849 14996 D cellinfo: 46 bytes from 54.197.223.49: icmp_seq=3097 ttl=37 time=88.4 ms
08-15 11:05:25.106 14849 14996 D cellinfo: 46 bytes from 54.197.223.49: icmp_seq=3098 ttl=37 time=86.6 ms
08-15 11:05:25.306 14849 14996 D cellinfo: 46 bytes from 54.197.223.49: icmp_seq=3099 ttl=37 time=85.5 ms
08-15 11:05:25.374 14849 14849 D cellinfo: Latitude is 43.1958539
08-15 11:05:25.374 14849 14849 D cellinfo: Longitude is -77.5604839
08-15 11:05:25.374 14849 14849 D cellinfo: Instantaneous GPS information: United States, 2590 Culver Rd, Rochester, NY 14609, USA
08-15 11:05:25.374 14849 14849 D cellinfo: getCurrentLocation() result: Location (success): 43.1958539, -77.5604839
08-15 11:05:25.515 14849 14996 D cellinfo: 46 bytes from 54.197.223.49: icmp_seq=3100 ttl=37 time=94.6 ms
08-15 11:05:25.707 14849 14996 D cellinfo: 46 bytes from 54.197.223.49: icmp_seq=3101 ttl=37 time=86.2 ms
08-15 11:05:25.906 14849 14996 D cellinfo: 46 bytes from 54.197.223.49: icmp_seq=3102 ttl=37 time=84.3 ms
08-15 11:05:26.107 14849 14996 D cellinfo: 46 bytes from 54.197.223.49: icmp_seq=3103 ttl=37 time=84.0 ms
08-15 11:05:26.329 14849 14996 D cellinfo: 46 bytes from 54.197.223.49: icmp_seq=3104 ttl=37 time=105 ms
08-15 11:05:26.519 14849 14996 D cellinfo: 46 bytes from 54.197.223.49: icmp_seq=3105 ttl=37 time=94.8 ms
08-15 11:05:26.736 14849 14996 D cellinfo: 46 bytes from 54.197.223.49: icmp_seq=3106 ttl=37 time=110 ms
08-15 11:05:26.920 14849 14996 D cellinfo: 46 bytes from 54.197.223.49: icmp_seq=3107 ttl=37 time=94.5 ms
08-15 11:05:27.135 14849 14996 D cellinfo: 46 bytes from 54.197.223.49: icmp_seq=3108 ttl=37 time=108 ms
08-15 11:05:27.338 14849 14996 D cellinfo: 46 bytes from 54.197.223.49: icmp_seq=3109 ttl=37 time=110 ms
08-15 11:05:27.507 14849 14996 D cellinfo: 46 bytes from 54.197.223.49: icmp_seq=3110 ttl=37 time=78.0 ms
08-15 11:05:27.727 14849 14996 D cellinfo: 46 bytes from 54.197.223.49: icmp_seq=3111 ttl=37 time=98.1 ms
08-15 11:05:27.926 14849 14996 D cellinfo: 46 bytes from 54.197.223.49: icmp_seq=3112 ttl=37 time=95.9 ms
08-15 11:05:28.139 14849 14996 D cellinfo: 46 bytes from 54.197.223.49: icmp_seq=3113 ttl=37 time=108 ms
08-15 11:05:28.326 14849 14996 D cellinfo: 46 bytes from 54.197.223.49: icmp_seq=3114 ttl=37 time=94.1 ms
08-15 11:05:28.520 14849 14996 D cellinfo: 46 bytes from 54.197.223.49: icmp_seq=3115 ttl=37 time=87.1 ms
08-15 11:05:28.728 14849 14996 D cellinfo: 46 bytes from 54.197.223.49: icmp_seq=3116 ttl=37 time=94.4 ms
08-15 11:05:28.929 14849 14996 D cellinfo: 46 bytes from 54.197.223.49: icmp_seq=3117 ttl=37 time=93.5 ms
08-15 11:05:28.992 14849 14849 D cellinfo: Latitude is 43.1961592
08-15 11:05:28.992 14849 14849 D cellinfo: Longitude is -77.5565033
08-15 11:05:28.992 14849 14849 D cellinfo: Instantaneous GPS information: United States, 2662 Culver Rd, Irondequoit, NY 14609, USA
08-15 11:05:28.992 14849 14849 D cellinfo: getCurrentLocation() result: Location (success): 43.1961592, -77.5565033
08-15 11:05:28.998 14849 14849 D cellinfo: onCellInfoChanged: Operator:  UpdateTimestamp: 399808025 CellConnectionStatus: 1
08-15 11:05:28.998 14849 14849 D cellinfo: onCellInfoChanged: 5G-NR Cell Bands: [] ARFCN: 126900 Cell ID: 9223372036854775807 Physical Cell ID: 129 Tracking Area Code: 16777215
08-15 11:05:29.130 14849 14996 D cellinfo: 46 bytes from 54.197.223.49: icmp_seq=3118 ttl=37 time=93.5 ms
08-15 11:05:29.338 14849 14996 D cellinfo: 46 bytes from 54.197.223.49: icmp_seq=3119 ttl=37 time=100 ms
08-15 11:05:29.528 14849 14996 D cellinfo: 46 bytes from 54.197.223.49: icmp_seq=3120 ttl=37 time=90.8 ms
08-15 11:05:29.727 14849 14996 D cellinfo: 46 bytes from 54.197.223.49: icmp_seq=3121 ttl=37 time=89.0 ms
08-15 11:05:29.936 14849 14996 D cellinfo: 46 bytes from 54.197.223.49: icmp_seq=3122 ttl=37 time=97.4 ms
08-15 11:05:30.138 14849 14996 D cellinfo: 46 bytes from 54.197.223.49: icmp_seq=3123 ttl=37 time=99.3 ms
08-15 11:05:30.338 14849 14996 D cellinfo: 46 bytes from 54.197.223.49: icmp_seq=3124 ttl=37 time=97.5 ms
08-15 11:05:30.535 14849 14996 D cellinfo: 46 bytes from 54.197.223.49: icmp_seq=3125 ttl=37 time=94.7 ms
08-15 11:05:30.744 14849 14996 D cellinfo: 46 bytes from 54.197.223.49: icmp_seq=3126 ttl=37 time=103 ms
08-15 11:05:30.938 14849 14996 D cellinfo: 46 bytes from 54.197.223.49: icmp_seq=3127 ttl=37 time=95.6 ms
08-15 11:05:31.136 14849 14996 D cellinfo: 46 bytes from 54.197.223.49: icmp_seq=3128 ttl=37 time=93.3 ms
08-15 11:05:31.337 14849 14996 D cellinfo: 46 bytes from 54.197.223.49: icmp_seq=3129 ttl=37 time=93.2 ms
08-15 11:05:31.379 14849 14849 D cellinfo: Latitude is 43.1961592
08-15 11:05:31.379 14849 14849 D cellinfo: Longitude is -77.5565033
08-15 11:05:31.379 14849 14849 D cellinfo: Instantaneous GPS information: United States, 2662 Culver Rd, Irondequoit, NY 14609, USA
08-15 11:05:31.379 14849 14849 D cellinfo: getCurrentLocation() result: Location (success): 43.1961592, -77.5565033
08-15 11:05:31.421 14849 14849 D cellinfo: onCellInfoChanged: Operator:  UpdateTimestamp: 399810824 CellConnectionStatus: 1
08-15 11:05:31.421 14849 14849 D cellinfo: onCellInfoChanged: 5G-NR Cell Bands: [] ARFCN: 126900 Cell ID: 9223372036854775807 Physical Cell ID: 129 Tracking Area Code: 16777215
08-15 11:05:31.521 14849 14996 D cellinfo: 46 bytes from 54.197.223.49: icmp_seq=3130 ttl=37 time=76.0 ms
08-15 11:05:31.736 14849 14996 D cellinfo: 46 bytes from 54.197.223.49: icmp_seq=3131 ttl=37 time=90.3 ms
08-15 11:05:31.935 14849 14996 D cellinfo: 46 bytes from 54.197.223.49: icmp_seq=3132 ttl=37 time=88.2 ms
08-15 11:05:32.147 14849 14996 D cellinfo: 46 bytes from 54.197.223.49: icmp_seq=3133 ttl=37 time=99.0 ms
08-15 11:05:32.336 14849 14996 D cellinfo: 46 bytes from 54.197.223.49: icmp_seq=3134 ttl=37 time=87.5 ms
08-15 11:05:32.547 14849 14996 D cellinfo: 46 bytes from 54.197.223.49: icmp_seq=3135 ttl=37 time=97.2 ms
08-15 11:05:32.737 14849 14996 D cellinfo: 46 bytes from 54.197.223.49: icmp_seq=3136 ttl=37 time=85.8 ms
08-15 11:05:32.936 14849 14996 D cellinfo: 46 bytes from 54.197.223.49: icmp_seq=3137 ttl=37 time=84.0 ms
08-15 11:05:33.147 14849 14996 D cellinfo: 46 bytes from 54.197.223.49: icmp_seq=3138 ttl=37 time=94.2 ms
08-15 11:05:33.347 14849 14996 D cellinfo: 46 bytes from 54.197.223.49: icmp_seq=3139 ttl=37 time=92.9 ms
08-15 11:05:33.535 14849 14996 D cellinfo: 46 bytes from 54.197.223.49: icmp_seq=3140 ttl=37 time=80.3 ms
08-15 11:05:33.747 14849 14996 D cellinfo: 46 bytes from 54.197.223.49: icmp_seq=3141 ttl=37 time=91.5 ms
08-15 11:05:33.955 14849 14996 D cellinfo: 46 bytes from 54.197.223.49: icmp_seq=3142 ttl=37 time=99.5 ms
08-15 11:05:34.157 14849 14996 D cellinfo: 46 bytes from 54.197.223.49: icmp_seq=3143 ttl=37 time=101 ms
08-15 11:05:34.347 14849 14996 D cellinfo: 46 bytes from 54.197.223.49: icmp_seq=3144 ttl=37 time=89.9 ms
08-15 11:05:34.380 14849 14849 D cellinfo: Latitude is 43.1961592
08-15 11:05:34.380 14849 14849 D cellinfo: Longitude is -77.5565033
08-15 11:05:34.380 14849 14849 D cellinfo: Instantaneous GPS information: United States, 2662 Culver Rd, Irondequoit, NY 14609, USA
08-15 11:05:34.380 14849 14849 D cellinfo: getCurrentLocation() result: Location (success): 43.1961592, -77.5565033
08-15 11:05:34.422 14849 14849 D cellinfo: onCellInfoChanged: Operator:  UpdateTimestamp: 399813829 CellConnectionStatus: 1
08-15 11:05:34.422 14849 14849 D cellinfo: onCellInfoChanged: 5G-NR Cell Bands: [] ARFCN: 126900 Cell ID: 9223372036854775807 Physical Cell ID: 129 Tracking Area Code: 16777215
08-15 11:05:34.548 14849 14996 D cellinfo: 46 bytes from 54.197.223.49: icmp_seq=3145 ttl=37 time=89.8 ms
08-15 11:05:34.747 14849 14996 D cellinfo: 46 bytes from 54.197.223.49: icmp_seq=3146 ttl=37 time=88.7 ms
08-15 11:05:34.975 14849 14996 D cellinfo: 46 bytes from 54.197.223.49: icmp_seq=3147 ttl=37 time=115 ms
08-15 11:05:35.154 14849 14996 D cellinfo: 46 bytes from 54.197.223.49: icmp_seq=3148 ttl=37 time=93.5 ms
08-15 11:05:35.365 14849 14996 D cellinfo: 46 bytes from 54.197.223.49: icmp_seq=3149 ttl=37 time=103 ms
08-15 11:05:35.547 14849 14996 D cellinfo: 46 bytes from 54.197.223.49: icmp_seq=3150 ttl=37 time=85.3 ms
08-15 11:05:35.756 14849 14996 D cellinfo: 46 bytes from 54.197.223.49: icmp_seq=3151 ttl=37 time=93.3 ms
08-15 11:05:35.956 14849 14996 D cellinfo: 46 bytes from 54.197.223.49: icmp_seq=3152 ttl=37 time=92.6 ms
08-15 11:05:36.158 14849 14996 D cellinfo: 46 bytes from 54.197.223.49: icmp_seq=3153 ttl=37 time=93.7 ms
08-15 11:05:36.358 14849 14996 D cellinfo: 46 bytes from 54.197.223.49: icmp_seq=3154 ttl=37 time=93.4 ms
08-15 11:05:36.569 14849 14996 D cellinfo: 46 bytes from 54.197.223.49: icmp_seq=3155 ttl=37 time=102 ms
08-15 11:05:36.757 14849 14996 D cellinfo: 46 bytes from 54.197.223.49: icmp_seq=3156 ttl=37 time=89.8 ms
08-15 11:05:36.969 14849 14996 D cellinfo: 46 bytes from 54.197.223.49: icmp_seq=3157 ttl=37 time=100 ms
08-15 11:05:37.164 14849 14996 D cellinfo: 46 bytes from 54.197.223.49: icmp_seq=3158 ttl=37 time=93.6 ms
08-15 11:05:37.379 14849 14849 D cellinfo: Latitude is 43.1961592
08-15 11:05:37.379 14849 14849 D cellinfo: Longitude is -77.5565033
08-15 11:05:37.379 14849 14849 D cellinfo: Instantaneous GPS information: United States, 2662 Culver Rd, Irondequoit, NY 14609, USA
08-15 11:05:37.379 14849 14849 D cellinfo: getCurrentLocation() result: Location (success): 43.1961592, -77.5565033
08-15 11:05:37.383 14849 14996 D cellinfo: 46 bytes from 54.197.223.49: icmp_seq=3159 ttl=37 time=112 ms
08-15 11:05:37.442 14849 14849 D cellinfo: onCellInfoChanged: Operator:  UpdateTimestamp: 399816844 CellConnectionStatus: 1
08-15 11:05:37.443 14849 14849 D cellinfo: onCellInfoChanged: 5G-NR Cell Bands: [] ARFCN: 126900 Cell ID: 9223372036854775807 Physical Cell ID: 129 Tracking Area Code: 16777215
08-15 11:05:37.557 14849 14996 D cellinfo: 46 bytes from 54.197.223.49: icmp_seq=3160 ttl=37 time=86.8 ms
08-15 11:05:37.759 14849 14996 D cellinfo: 46 bytes from 54.197.223.49: icmp_seq=3161 ttl=37 time=88.0 ms
08-15 11:05:37.976 14849 14996 D cellinfo: 46 bytes from 54.197.223.49: icmp_seq=3162 ttl=37 time=103 ms
08-15 11:05:38.166 14849 14996 D cellinfo: 46 bytes from 54.197.223.49: icmp_seq=3163 ttl=37 time=93.2 ms
08-15 11:05:38.357 14849 14996 D cellinfo: 46 bytes from 54.197.223.49: icmp_seq=3164 ttl=37 time=83.3 ms
08-15 11:05:38.567 14849 14996 D cellinfo: 46 bytes from 54.197.223.49: icmp_seq=3165 ttl=37 time=92.6 ms
08-15 11:05:38.768 14849 14996 D cellinfo: 46 bytes from 54.197.223.49: icmp_seq=3166 ttl=37 time=92.2 ms
08-15 11:05:38.971 14849 14996 D cellinfo: 46 bytes from 54.197.223.49: icmp_seq=3167 ttl=37 time=94.8 ms
08-15 11:05:39.176 14849 14996 D cellinfo: 46 bytes from 54.197.223.49: icmp_seq=3168 ttl=37 time=99.1 ms
08-15 11:05:39.377 14849 14996 D cellinfo: 46 bytes from 54.197.223.49: icmp_seq=3169 ttl=37 time=99.4 ms
08-15 11:05:39.578 14849 14996 D cellinfo: 46 bytes from 54.197.223.49: icmp_seq=3170 ttl=37 time=98.4 ms
08-15 11:05:39.793 14849 14996 D cellinfo: 46 bytes from 54.197.223.49: icmp_seq=3171 ttl=37 time=113 ms
08-15 11:05:39.988 14849 14996 D cellinfo: 46 bytes from 54.197.223.49: icmp_seq=3172 ttl=37 time=106 ms
08-15 11:05:40.186 14849 14996 D cellinfo: 46 bytes from 54.197.223.49: icmp_seq=3173 ttl=37 time=103 ms
08-15 11:05:40.379 14849 14996 D cellinfo: 46 bytes from 54.197.223.49: icmp_seq=3174 ttl=37 time=96.8 ms
08-15 11:05:40.428 14849 14849 D cellinfo: onCellInfoChanged: Operator:  UpdateTimestamp: 399819833 CellConnectionStatus: 1
08-15 11:05:40.428 14849 14849 D cellinfo: onCellInfoChanged: 5G-NR Cell Bands: [] ARFCN: 126900 Cell ID: 9223372036854775807 Physical Cell ID: 129 Tracking Area Code: 16777215
08-15 11:05:40.578 14849 14996 D cellinfo: 46 bytes from 54.197.223.49: icmp_seq=3175 ttl=37 time=95.5 ms
08-15 11:05:40.775 14849 14996 D cellinfo: 46 bytes from 54.197.223.49: icmp_seq=3176 ttl=37 time=90.9 ms
08-15 11:05:40.976 14849 14996 D cellinfo: 46 bytes from 54.197.223.49: icmp_seq=3177 ttl=37 time=90.0 ms
08-15 11:05:41.011 14849 14849 D cellinfo: Latitude is 43.1966375
08-15 11:05:41.011 14849 14849 D cellinfo: Longitude is -77.5525763
08-15 11:05:41.011 14849 14849 D cellinfo: Instantaneous GPS information: United States, 41 Carlsam Cir W, Rochester, NY 14609, USA
08-15 11:05:41.011 14849 14849 D cellinfo: getCurrentLocation() result: Location (success): 43.1966375, -77.5525763
08-15 11:05:41.177 14849 14996 D cellinfo: 46 bytes from 54.197.223.49: icmp_seq=3178 ttl=37 time=90.5 ms
08-15 11:05:41.376 14849 14996 D cellinfo: 46 bytes from 54.197.223.49: icmp_seq=3179 ttl=37 time=89.4 ms
08-15 11:05:41.615 14849 14996 D cellinfo: 46 bytes from 54.197.223.49: icmp_seq=3180 ttl=37 time=127 ms
08-15 11:05:41.777 14849 14996 D cellinfo: 46 bytes from 54.197.223.49: icmp_seq=3181 ttl=37 time=87.4 ms
08-15 11:05:41.995 14849 14996 D cellinfo: 46 bytes from 54.197.223.49: icmp_seq=3182 ttl=37 time=104 ms
08-15 11:05:42.179 14849 14996 D cellinfo: 46 bytes from 54.197.223.49: icmp_seq=3183 ttl=37 time=86.9 ms
08-15 11:05:42.395 14849 14996 D cellinfo: 46 bytes from 54.197.223.49: icmp_seq=3184 ttl=37 time=102 ms
08-15 11:05:42.588 14849 14996 D cellinfo: 46 bytes from 54.197.223.49: icmp_seq=3185 ttl=37 time=95.0 ms
08-15 11:05:42.788 14849 14996 D cellinfo: 46 bytes from 54.197.223.49: icmp_seq=3186 ttl=37 time=93.4 ms
08-15 11:05:42.976 14849 14996 D cellinfo: 46 bytes from 54.197.223.49: icmp_seq=3187 ttl=37 time=81.8 ms
08-15 11:05:43.187 14849 14996 D cellinfo: 46 bytes from 54.197.223.49: icmp_seq=3188 ttl=37 time=91.2 ms
08-15 11:05:43.377 14849 14849 D cellinfo: Latitude is 43.1966375
08-15 11:05:43.378 14849 14849 D cellinfo: Longitude is -77.5525763
08-15 11:05:43.378 14849 14849 D cellinfo: Instantaneous GPS information: United States, 41 Carlsam Cir W, Rochester, NY 14609, USA
08-15 11:05:43.378 14849 14849 D cellinfo: getCurrentLocation() result: Location (success): 43.1966375, -77.5525763
08-15 11:05:43.387 14849 14996 D cellinfo: 46 bytes from 54.197.223.49: icmp_seq=3189 ttl=37 time=90.7 ms
08-15 11:05:43.423 14849 14849 D cellinfo: onCellInfoChanged: Operator:  UpdateTimestamp: 399822830 CellConnectionStatus: 1
08-15 11:05:43.423 14849 14849 D cellinfo: onCellInfoChanged: 5G-NR Cell Bands: [] ARFCN: 126900 Cell ID: 9223372036854775807 Physical Cell ID: 129 Tracking Area Code: 16777215
08-15 11:05:43.587 14849 14996 D cellinfo: 46 bytes from 54.197.223.49: icmp_seq=3190 ttl=37 time=89.7 ms
08-15 11:05:43.786 14849 14996 D cellinfo: 46 bytes from 54.197.223.49: icmp_seq=3191 ttl=37 time=88.6 ms
08-15 11:05:43.995 14849 14996 D cellinfo: 46 bytes from 54.197.223.49: icmp_seq=3192 ttl=37 time=97.0 ms
08-15 11:05:44.186 14849 14996 D cellinfo: 46 bytes from 54.197.223.49: icmp_seq=3193 ttl=37 time=87.1 ms
08-15 11:05:44.400 14849 14996 D cellinfo: 46 bytes from 54.197.223.49: icmp_seq=3194 ttl=37 time=100 ms
08-15 11:05:44.596 14849 14996 D cellinfo: 46 bytes from 54.197.223.49: icmp_seq=3195 ttl=37 time=95.4 ms
08-15 11:05:44.799 14849 14996 D cellinfo: 46 bytes from 54.197.223.49: icmp_seq=3196 ttl=37 time=97.5 ms
08-15 11:05:44.987 14849 14996 D cellinfo: 46 bytes from 54.197.223.49: icmp_seq=3197 ttl=37 time=85.8 ms
08-15 11:05:45.198 14849 14996 D cellinfo: 46 bytes from 54.197.223.49: icmp_seq=3198 ttl=37 time=95.7 ms
08-15 11:05:45.388 14849 14996 D cellinfo: 46 bytes from 54.197.223.49: icmp_seq=3199 ttl=37 time=84.4 ms
08-15 11:05:45.599 14849 14996 D cellinfo: 46 bytes from 54.197.223.49: icmp_seq=3200 ttl=37 time=95.0 ms
08-15 11:05:45.787 14849 14996 D cellinfo: 46 bytes from 54.197.223.49: icmp_seq=3201 ttl=37 time=81.9 ms
08-15 11:05:45.999 14849 14996 D cellinfo: 46 bytes from 54.197.223.49: icmp_seq=3202 ttl=37 time=93.4 ms
08-15 11:05:46.207 14849 14996 D cellinfo: 46 bytes from 54.197.223.49: icmp_seq=3203 ttl=37 time=98.9 ms
08-15 11:05:46.376 14849 14849 D cellinfo: Latitude is 43.1966375
08-15 11:05:46.376 14849 14849 D cellinfo: Longitude is -77.5525763
08-15 11:05:46.376 14849 14849 D cellinfo: Instantaneous GPS information: United States, 41 Carlsam Cir W, Rochester, NY 14609, USA
08-15 11:05:46.376 14849 14849 D cellinfo: getCurrentLocation() result: Location (success): 43.1966375, -77.5525763
08-15 11:05:46.407 14849 14996 D cellinfo: 46 bytes from 54.197.223.49: icmp_seq=3204 ttl=37 time=98.8 ms
08-15 11:05:46.434 14849 14849 D cellinfo: onCellInfoChanged: Operator:  UpdateTimestamp: 399825841 CellConnectionStatus: 1
08-15 11:05:46.435 14849 14849 D cellinfo: onCellInfoChanged: 5G-NR Cell Bands: [] ARFCN: 126900 Cell ID: 9223372036854775807 Physical Cell ID: 129 Tracking Area Code: 16777215
08-15 11:05:46.589 14849 14996 D cellinfo: 46 bytes from 54.197.223.49: icmp_seq=3205 ttl=37 time=80.5 ms
08-15 11:05:46.800 14849 14996 D cellinfo: 46 bytes from 54.197.223.49: icmp_seq=3206 ttl=37 time=89.5 ms
08-15 11:05:47.022 14849 14996 D cellinfo: 46 bytes from 54.197.223.49: icmp_seq=3207 ttl=37 time=111 ms
08-15 11:05:47.206 14849 14996 D cellinfo: 46 bytes from 54.197.223.49: icmp_seq=3208 ttl=37 time=95.5 ms
08-15 11:05:47.398 14849 14996 D cellinfo: 46 bytes from 54.197.223.49: icmp_seq=3209 ttl=37 time=85.5 ms
08-15 11:05:47.607 14849 14996 D cellinfo: 46 bytes from 54.197.223.49: icmp_seq=3210 ttl=37 time=93.3 ms
08-15 11:05:47.808 14849 14996 D cellinfo: 46 bytes from 54.197.223.49: icmp_seq=3211 ttl=37 time=92.7 ms
08-15 11:05:48.007 14849 14996 D cellinfo: 46 bytes from 54.197.223.49: icmp_seq=3212 ttl=37 time=91.2 ms
08-15 11:05:48.207 14849 14996 D cellinfo: 46 bytes from 54.197.223.49: icmp_seq=3213 ttl=37 time=90.6 ms
08-15 11:05:48.407 14849 14996 D cellinfo: 46 bytes from 54.197.223.49: icmp_seq=3214 ttl=37 time=90.8 ms
08-15 11:05:48.609 14849 14996 D cellinfo: 46 bytes from 54.197.223.49: icmp_seq=3215 ttl=37 time=91.4 ms
08-15 11:05:48.816 14849 14996 D cellinfo: 46 bytes from 54.197.223.49: icmp_seq=3216 ttl=37 time=98.8 ms
08-15 11:05:49.008 14849 14996 D cellinfo: 46 bytes from 54.197.223.49: icmp_seq=3217 ttl=37 time=89.6 ms
08-15 11:05:49.215 14849 14996 D cellinfo: 46 bytes from 54.197.223.49: icmp_seq=3218 ttl=37 time=97.0 ms
08-15 11:05:49.369 14849 14849 D cellinfo: Latitude is 43.1966375
08-15 11:05:49.369 14849 14849 D cellinfo: Longitude is -77.5525763
08-15 11:05:49.369 14849 14849 D cellinfo: Instantaneous GPS information: United States, 41 Carlsam Cir W, Rochester, NY 14609, USA
08-15 11:05:49.369 14849 14849 D cellinfo: getCurrentLocation() result: Location (success): 43.1966375, -77.5525763
08-15 11:05:49.415 14849 14996 D cellinfo: 46 bytes from 54.197.223.49: icmp_seq=3219 ttl=37 time=96.9 ms
08-15 11:05:49.431 14849 14849 D cellinfo: onCellInfoChanged: Operator:  UpdateTimestamp: 399828827 CellConnectionStatus: 1
08-15 11:05:49.432 14849 14849 D cellinfo: onCellInfoChanged: 5G-NR Cell Bands: [] ARFCN: 126900 Cell ID: 9223372036854775807 Physical Cell ID: 129 Tracking Area Code: 16777215
08-15 11:05:49.608 14849 14996 D cellinfo: 46 bytes from 54.197.223.49: icmp_seq=3220 ttl=37 time=88.0 ms
08-15 11:05:49.823 14849 14996 D cellinfo: 46 bytes from 54.197.223.49: icmp_seq=3221 ttl=37 time=102 ms
08-15 11:05:50.016 14849 14996 D cellinfo: 46 bytes from 54.197.223.49: icmp_seq=3222 ttl=37 time=94.5 ms
08-15 11:05:50.216 14849 14996 D cellinfo: 46 bytes from 54.197.223.49: icmp_seq=3223 ttl=37 time=96.0 ms
08-15 11:05:50.410 14849 14996 D cellinfo: 46 bytes from 54.197.223.49: icmp_seq=3224 ttl=37 time=88.8 ms
08-15 11:05:50.616 14849 14996 D cellinfo: 46 bytes from 54.197.223.49: icmp_seq=3225 ttl=37 time=94.1 ms
08-15 11:05:50.824 14849 14996 D cellinfo: 46 bytes from 54.197.223.49: icmp_seq=3226 ttl=37 time=101 ms
08-15 11:05:51.016 14849 14996 D cellinfo: 46 bytes from 54.197.223.49: icmp_seq=3227 ttl=37 time=92.9 ms
08-15 11:05:51.217 14849 14996 D cellinfo: 46 bytes from 54.197.223.49: icmp_seq=3228 ttl=37 time=93.2 ms
08-15 11:05:51.425 14849 14996 D cellinfo: 46 bytes from 54.197.223.49: icmp_seq=3229 ttl=37 time=100 ms
08-15 11:05:51.618 14849 14996 D cellinfo: 46 bytes from 54.197.223.49: icmp_seq=3230 ttl=37 time=92.5 ms
08-15 11:05:51.818 14849 14996 D cellinfo: 46 bytes from 54.197.223.49: icmp_seq=3231 ttl=37 time=91.5 ms
08-15 11:05:52.025 14849 14996 D cellinfo: 46 bytes from 54.197.223.49: icmp_seq=3232 ttl=37 time=97.3 ms
08-15 11:05:52.217 14849 14996 D cellinfo: 46 bytes from 54.197.223.49: icmp_seq=3233 ttl=37 time=89.3 ms
08-15 11:05:52.416 14849 14996 D cellinfo: 46 bytes from 54.197.223.49: icmp_seq=3234 ttl=37 time=87.8 ms
08-15 11:05:52.619 14849 14996 D cellinfo: 46 bytes from 54.197.223.49: icmp_seq=3235 ttl=37 time=90.4 ms
08-15 11:05:52.815 14849 14996 D cellinfo: 46 bytes from 54.197.223.49: icmp_seq=3236 ttl=37 time=84.0 ms
08-15 11:05:52.968 14849 14849 D cellinfo: Latitude is 43.196753
08-15 11:05:52.968 14849 14849 D cellinfo: Longitude is -77.5489739
08-15 11:05:52.968 14849 14849 D cellinfo: Instantaneous GPS information: United States, 446 Carlsam Dr, Rochester, NY 14609, USA
08-15 11:05:52.968 14849 14849 D cellinfo: getCurrentLocation() result: Location (success): 43.196753, -77.5489739
08-15 11:05:53.027 14849 14996 D cellinfo: 46 bytes from 54.197.223.49: icmp_seq=3237 ttl=37 time=95.6 ms
08-15 11:05:53.224 14849 14996 D cellinfo: 46 bytes from 54.197.223.49: icmp_seq=3238 ttl=37 time=93.1 ms
08-15 11:05:53.426 14849 14996 D cellinfo: 46 bytes from 54.197.223.49: icmp_seq=3239 ttl=37 time=94.0 ms
08-15 11:05:53.624 14849 14996 D cellinfo: 46 bytes from 54.197.223.49: icmp_seq=3240 ttl=37 time=91.1 ms
08-15 11:05:53.827 14849 14996 D cellinfo: 46 bytes from 54.197.223.49: icmp_seq=3241 ttl=37 time=93.2 ms
08-15 11:05:54.014 14849 14996 D cellinfo: 46 bytes from 54.197.223.49: icmp_seq=3242 ttl=37 time=79.9 ms
08-15 11:05:54.227 14849 14996 D cellinfo: 46 bytes from 54.197.223.49: icmp_seq=3243 ttl=37 time=92.8 ms
08-15 11:05:54.418 14849 14996 D cellinfo: 46 bytes from 54.197.223.49: icmp_seq=3244 ttl=37 time=82.9 ms
08-15 11:05:54.629 14849 14996 D cellinfo: 46 bytes from 54.197.223.49: icmp_seq=3245 ttl=37 time=92.9 ms
08-15 11:05:54.830 14849 14996 D cellinfo: 46 bytes from 54.197.223.49: icmp_seq=3246 ttl=37 time=93.1 ms
08-15 11:05:55.038 14849 14996 D cellinfo: 46 bytes from 54.197.223.49: icmp_seq=3247 ttl=37 time=100 ms
08-15 11:05:55.228 14849 14996 D cellinfo: 46 bytes from 54.197.223.49: icmp_seq=3248 ttl=37 time=90.4 ms
08-15 11:05:55.376 14849 14849 D cellinfo: Latitude is 43.196753
08-15 11:05:55.376 14849 14849 D cellinfo: Longitude is -77.5489739
08-15 11:05:55.376 14849 14849 D cellinfo: Instantaneous GPS information: United States, 446 Carlsam Dr, Rochester, NY 14609, USA
08-15 11:05:55.376 14849 14849 D cellinfo: getCurrentLocation() result: Location (success): 43.196753, -77.5489739
08-15 11:05:55.448 14849 14996 D cellinfo: 46 bytes from 54.197.223.49: icmp_seq=3249 ttl=37 time=110 ms
08-15 11:05:55.619 14849 14996 D cellinfo: 46 bytes from 54.197.223.49: icmp_seq=3250 ttl=37 time=81.1 ms
08-15 11:05:55.679 14849 14849 D cellinfo: onCellInfoChanged: Operator:  UpdateTimestamp: 399835084 CellConnectionStatus: 1
08-15 11:05:55.679 14849 14849 D cellinfo: onCellInfoChanged: 5G-NR Cell Bands: [] ARFCN: 126900 Cell ID: 9223372036854775807 Physical Cell ID: 129 Tracking Area Code: 16777215
08-15 11:05:55.855 14849 14996 D cellinfo: 46 bytes from 54.197.223.49: icmp_seq=3251 ttl=37 time=115 ms
08-15 11:05:56.036 14849 14996 D cellinfo: 46 bytes from 54.197.223.49: icmp_seq=3252 ttl=37 time=95.7 ms
08-15 11:05:56.237 14849 14996 D cellinfo: 46 bytes from 54.197.223.49: icmp_seq=3253 ttl=37 time=97.3 ms
08-15 11:05:56.429 14849 14996 D cellinfo: 46 bytes from 54.197.223.49: icmp_seq=3254 ttl=37 time=88.0 ms
08-15 11:05:56.651 14849 14996 D cellinfo: 46 bytes from 54.197.223.49: icmp_seq=3255 ttl=37 time=110 ms
08-15 11:05:56.835 14849 14996 D cellinfo: 46 bytes from 54.197.223.49: icmp_seq=3256 ttl=37 time=93.1 ms
08-15 11:05:57.036 14849 14996 D cellinfo: 46 bytes from 54.197.223.49: icmp_seq=3257 ttl=37 time=93.2 ms
08-15 11:05:57.227 14849 14996 D cellinfo: 46 bytes from 54.197.223.49: icmp_seq=3258 ttl=37 time=83.5 ms
08-15 11:05:57.437 14849 14996 D cellinfo: 46 bytes from 54.197.223.49: icmp_seq=3259 ttl=37 time=93.1 ms
08-15 11:05:57.631 14849 14996 D cellinfo: 46 bytes from 54.197.223.49: icmp_seq=3260 ttl=37 time=86.4 ms
08-15 11:05:57.848 14849 14996 D cellinfo: 46 bytes from 54.197.223.49: icmp_seq=3261 ttl=37 time=99.4 ms
08-15 11:05:58.055 14849 14996 D cellinfo: 46 bytes from 54.197.223.49: icmp_seq=3262 ttl=37 time=108 ms
08-15 11:05:58.244 14849 14996 D cellinfo: 46 bytes from 54.197.223.49: icmp_seq=3263 ttl=37 time=97.8 ms
08-15 11:05:58.376 14849 14849 D cellinfo: Latitude is 43.196753
08-15 11:05:58.376 14849 14849 D cellinfo: Longitude is -77.5489739
08-15 11:05:58.376 14849 14849 D cellinfo: Instantaneous GPS information: United States, 446 Carlsam Dr, Rochester, NY 14609, USA
08-15 11:05:58.376 14849 14849 D cellinfo: getCurrentLocation() result: Location (success): 43.196753, -77.5489739
08-15 11:05:58.447 14849 14996 D cellinfo: 46 bytes from 54.197.223.49: icmp_seq=3264 ttl=37 time=100 ms
08-15 11:05:58.637 14849 14996 D cellinfo: 46 bytes from 54.197.223.49: icmp_seq=3265 ttl=37 time=89.5 ms
08-15 11:05:58.844 14849 14996 D cellinfo: 46 bytes from 54.197.223.49: icmp_seq=3266 ttl=37 time=95.8 ms
08-15 11:05:59.050 14849 14996 D cellinfo: 46 bytes from 54.197.223.49: icmp_seq=3267 ttl=37 time=101 ms
08-15 11:05:59.237 14849 14996 D cellinfo: 46 bytes from 54.197.223.49: icmp_seq=3268 ttl=37 time=88.4 ms
08-15 11:05:59.440 14849 14996 D cellinfo: 46 bytes from 54.197.223.49: icmp_seq=3269 ttl=37 time=90.4 ms
08-15 11:05:59.661 14849 14996 D cellinfo: 46 bytes from 54.197.223.49: icmp_seq=3270 ttl=37 time=109 ms
08-15 11:05:59.849 14849 14996 D cellinfo: 46 bytes from 54.197.223.49: icmp_seq=3271 ttl=37 time=97.3 ms
08-15 11:06:00.048 14849 14996 D cellinfo: 46 bytes from 54.197.223.49: icmp_seq=3272 ttl=37 time=95.2 ms
08-15 11:06:00.238 14849 14996 D cellinfo: 46 bytes from 54.197.223.49: icmp_seq=3273 ttl=37 time=85.5 ms
08-15 11:06:00.446 14849 14996 D cellinfo: 46 bytes from 54.197.223.49: icmp_seq=3274 ttl=37 time=92.0 ms
08-15 11:06:00.655 14849 14996 D cellinfo: 46 bytes from 54.197.223.49: icmp_seq=3275 ttl=37 time=99.6 ms
08-15 11:06:00.847 14849 14996 D cellinfo: 46 bytes from 54.197.223.49: icmp_seq=3276 ttl=37 time=91.1 ms
08-15 11:06:01.065 14849 14996 D cellinfo: 46 bytes from 54.197.223.49: icmp_seq=3277 ttl=37 time=108 ms
08-15 11:06:01.249 14849 14996 D cellinfo: 46 bytes from 54.197.223.49: icmp_seq=3278 ttl=37 time=93.1 ms
08-15 11:06:01.375 14849 14849 D cellinfo: Latitude is 43.196753
08-15 11:06:01.375 14849 14849 D cellinfo: Longitude is -77.5489739
08-15 11:06:01.375 14849 14849 D cellinfo: Instantaneous GPS information: United States, 446 Carlsam Dr, Rochester, NY 14609, USA
08-15 11:06:01.375 14849 14849 D cellinfo: getCurrentLocation() result: Location (success): 43.196753, -77.5489739
08-15 11:06:01.424 14849 14849 D cellinfo: onCellInfoChanged: Operator:  UpdateTimestamp: 399840829 CellConnectionStatus: 1
08-15 11:06:01.424 14849 14849 D cellinfo: onCellInfoChanged: 5G-NR Cell Bands: [] ARFCN: 126900 Cell ID: 9223372036854775807 Physical Cell ID: 129 Tracking Area Code: 16777215
08-15 11:06:01.543 14849 14996 D cellinfo: 46 bytes from 54.197.223.49: icmp_seq=3279 ttl=37 time=186 ms
08-15 11:06:01.831 14849 14996 D cellinfo: 46 bytes from 54.197.223.49: icmp_seq=3280 ttl=37 time=273 ms
08-15 11:06:01.849 14849 14996 D cellinfo: 46 bytes from 54.197.223.49: icmp_seq=3281 ttl=37 time=86.7 ms
08-15 11:06:02.057 14849 14996 D cellinfo: 46 bytes from 54.197.223.49: icmp_seq=3282 ttl=37 time=94.0 ms
08-15 11:06:02.247 14849 14996 D cellinfo: 46 bytes from 54.197.223.49: icmp_seq=3283 ttl=37 time=84.4 ms
08-15 11:06:02.464 14849 14996 D cellinfo: 46 bytes from 54.197.223.49: icmp_seq=3284 ttl=37 time=101 ms
08-15 11:06:02.957 14849 14996 D cellinfo: 46 bytes from 54.197.223.49: icmp_seq=3285 ttl=37 time=393 ms
08-15 11:06:02.958 14849 14996 D cellinfo: 46 bytes from 54.197.223.49: icmp_seq=3286 ttl=37 time=192 ms
08-15 11:06:03.066 14849 14996 D cellinfo: 46 bytes from 54.197.223.49: icmp_seq=3287 ttl=37 time=98.6 ms
08-15 11:06:03.265 14849 14996 D cellinfo: 46 bytes from 54.197.223.49: icmp_seq=3288 ttl=37 time=98.6 ms
08-15 11:06:03.471 14849 14996 D cellinfo: 46 bytes from 54.197.223.49: icmp_seq=3289 ttl=37 time=104 ms
08-15 11:06:03.660 14849 14996 D cellinfo: 46 bytes from 54.197.223.49: icmp_seq=3290 ttl=37 time=93.5 ms
08-15 11:06:03.867 14849 14996 D cellinfo: 46 bytes from 54.197.223.49: icmp_seq=3291 ttl=37 time=99.7 ms
08-15 11:06:04.066 14849 14996 D cellinfo: 46 bytes from 54.197.223.49: icmp_seq=3292 ttl=37 time=97.9 ms
08-15 11:06:04.265 14849 14996 D cellinfo: 46 bytes from 54.197.223.49: icmp_seq=3293 ttl=37 time=97.5 ms
08-15 11:06:04.415 14849 14849 D cellinfo: onCellInfoChanged: Operator:  UpdateTimestamp: 399843821 CellConnectionStatus: 1
08-15 11:06:04.415 14849 14849 D cellinfo: onCellInfoChanged: 5G-NR Cell Bands: [] ARFCN: 126900 Cell ID: 9223372036854775807 Physical Cell ID: 129 Tracking Area Code: 16777215
08-15 11:06:04.465 14849 14996 D cellinfo: 46 bytes from 54.197.223.49: icmp_seq=3294 ttl=37 time=97.1 ms
08-15 11:06:04.668 14849 14996 D cellinfo: 46 bytes from 54.197.223.49: icmp_seq=3295 ttl=37 time=99.6 ms
08-15 11:06:04.866 14849 14996 D cellinfo: 46 bytes from 54.197.223.49: icmp_seq=3296 ttl=37 time=95.5 ms
08-15 11:06:05.002 14849 14849 D cellinfo: Latitude is 43.1948758
08-15 11:06:05.002 14849 14849 D cellinfo: Longitude is -77.5464605
08-15 11:06:05.002 14849 14849 D cellinfo: Instantaneous GPS information: United States, 179 Kennedy Cir, Rochester, NY 14609, USA
08-15 11:06:05.002 14849 14849 D cellinfo: getCurrentLocation() result: Location (success): 43.1948758, -77.5464605
08-15 11:06:05.065 14849 14996 D cellinfo: 46 bytes from 54.197.223.49: icmp_seq=3297 ttl=37 time=94.1 ms
08-15 11:06:05.254 14849 14996 D cellinfo: 46 bytes from 54.197.223.49: icmp_seq=3298 ttl=37 time=82.8 ms
08-15 11:06:05.457 14849 14996 D cellinfo: 46 bytes from 54.197.223.49: icmp_seq=3299 ttl=37 time=84.9 ms
08-15 11:06:05.669 14849 14996 D cellinfo: 46 bytes from 54.197.223.49: icmp_seq=3300 ttl=37 time=96.2 ms
08-15 11:06:05.859 14849 14996 D cellinfo: 46 bytes from 54.197.223.49: icmp_seq=3301 ttl=37 time=85.4 ms
08-15 11:06:06.084 14849 14996 D cellinfo: 46 bytes from 54.197.223.49: icmp_seq=3302 ttl=37 time=108 ms
08-15 11:06:06.269 14849 14996 D cellinfo: 46 bytes from 54.197.223.49: icmp_seq=3303 ttl=37 time=94.2 ms
08-15 11:06:06.459 14849 14996 D cellinfo: 46 bytes from 54.197.223.49: icmp_seq=3304 ttl=37 time=84.2 ms
08-15 11:06:06.680 14849 14996 D cellinfo: 46 bytes from 54.197.223.49: icmp_seq=3305 ttl=37 time=103 ms
08-15 11:06:06.869 14849 14996 D cellinfo: 46 bytes from 54.197.223.49: icmp_seq=3306 ttl=37 time=92.2 ms
08-15 11:06:07.076 14849 14996 D cellinfo: 46 bytes from 54.197.223.49: icmp_seq=3307 ttl=37 time=97.8 ms
08-15 11:06:07.269 14849 14996 D cellinfo: 46 bytes from 54.197.223.49: icmp_seq=3308 ttl=37 time=91.1 ms
08-15 11:06:07.374 14849 14849 D cellinfo: Latitude is 43.1948758
08-15 11:06:07.374 14849 14849 D cellinfo: Longitude is -77.5464605
08-15 11:06:07.374 14849 14849 D cellinfo: Instantaneous GPS information: United States, 179 Kennedy Cir, Rochester, NY 14609, USA
08-15 11:06:07.374 14849 14849 D cellinfo: getCurrentLocation() result: Location (success): 43.1948758, -77.5464605
08-15 11:06:07.427 14849 14849 D cellinfo: onCellInfoChanged: Operator:  UpdateTimestamp: 399846833 CellConnectionStatus: 1
08-15 11:06:07.427 14849 14849 D cellinfo: onCellInfoChanged: 5G-NR Cell Bands: [] ARFCN: 126900 Cell ID: 9223372036854775807 Physical Cell ID: 129 Tracking Area Code: 16777215
08-15 11:06:07.483 14849 14996 D cellinfo: 46 bytes from 54.197.223.49: icmp_seq=3309 ttl=37 time=104 ms
08-15 11:06:07.669 14849 14996 D cellinfo: 46 bytes from 54.197.223.49: icmp_seq=3310 ttl=37 time=90.0 ms
08-15 11:06:07.867 14849 14996 D cellinfo: 46 bytes from 54.197.223.49: icmp_seq=3311 ttl=37 time=87.3 ms
08-15 11:06:08.090 14849 14996 D cellinfo: 46 bytes from 54.197.223.49: icmp_seq=3312 ttl=37 time=108 ms
08-15 11:06:08.287 14849 14996 D cellinfo: 46 bytes from 54.197.223.49: icmp_seq=3313 ttl=37 time=105 ms
08-15 11:06:08.472 14849 14996 D cellinfo: 46 bytes from 54.197.223.49: icmp_seq=3314 ttl=37 time=90.2 ms
08-15 11:06:08.678 14849 14996 D cellinfo: 46 bytes from 54.197.223.49: icmp_seq=3315 ttl=37 time=95.8 ms
08-15 11:06:08.874 14849 14996 D cellinfo: 46 bytes from 54.197.223.49: icmp_seq=3316 ttl=37 time=90.9 ms
08-15 11:06:09.067 14849 14996 D cellinfo: 46 bytes from 54.197.223.49: icmp_seq=3317 ttl=37 time=82.5 ms
08-15 11:06:09.449 14849 14996 D cellinfo: 46 bytes from 54.197.223.49: icmp_seq=3318 ttl=37 time=264 ms
08-15 11:06:09.495 14849 14996 D cellinfo: 46 bytes from 54.197.223.49: icmp_seq=3319 ttl=37 time=109 ms
08-15 11:06:09.736 14849 14996 D cellinfo: 46 bytes from 54.197.223.49: icmp_seq=3320 ttl=37 time=149 ms
08-15 11:06:09.908 14849 14996 D cellinfo: 46 bytes from 54.197.223.49: icmp_seq=3321 ttl=37 time=119 ms
08-15 11:06:10.085 14849 14996 D cellinfo: 46 bytes from 54.197.223.49: icmp_seq=3322 ttl=37 time=96.7 ms
08-15 11:06:10.278 14849 14996 D cellinfo: 46 bytes from 54.197.223.49: icmp_seq=3323 ttl=37 time=89.7 ms
08-15 11:06:10.377 14849 14849 D cellinfo: Latitude is 43.1948758
08-15 11:06:10.377 14849 14849 D cellinfo: Longitude is -77.5464605
08-15 11:06:10.377 14849 14849 D cellinfo: Instantaneous GPS information: United States, 179 Kennedy Cir, Rochester, NY 14609, USA
08-15 11:06:10.377 14849 14849 D cellinfo: getCurrentLocation() result: Location (success): 43.1948758, -77.5464605
08-15 11:06:10.435 14849 14849 D cellinfo: onCellInfoChanged: Operator:  UpdateTimestamp: 399849840 CellConnectionStatus: 1
