--------- beginning of main
08-09 22:30:28.975 19757 19808 D cellinfo: 46 bytes from 44.241.174.93: icmp_seq=18408 ttl=26 time=66.2 ms
08-09 22:30:29.176 19757 19808 D cellinfo: 46 bytes from 44.241.174.93: icmp_seq=18409 ttl=26 time=66.2 ms
08-09 22:30:29.376 19757 19808 D cellinfo: 46 bytes from 44.241.174.93: icmp_seq=18410 ttl=26 time=65.1 ms
08-09 22:30:29.580 19757 19808 D cellinfo: 46 bytes from 44.241.174.93: icmp_seq=18411 ttl=26 time=68.6 ms
08-09 22:30:29.775 19757 19808 D cellinfo: 46 bytes from 44.241.174.93: icmp_seq=18412 ttl=26 time=63.2 ms
08-09 22:30:29.800 19757 19757 D cellinfo: onsignalStrengthsChanged: LTE Signal Strength info: rsrp: -94 rsrq: -11 rssi: -63 rssnr: 6
08-09 22:30:29.801 19757 19757 D cellinfo: onsignalStrengthsChanged: 5G-NR Signal Strength info: ssrsrp: -96 ssrsrq: -12 sssinr: 2147483647
08-09 22:30:29.976 19757 19808 D cellinfo: 46 bytes from 44.241.174.93: icmp_seq=18413 ttl=26 time=63.3 ms
08-09 22:30:30.177 19757 19808 D cellinfo: 46 bytes from 44.241.174.93: icmp_seq=18414 ttl=26 time=63.2 ms
08-09 22:30:30.381 19757 19808 D cellinfo: 46 bytes from 44.241.174.93: icmp_seq=18415 ttl=26 time=66.1 ms
08-09 22:30:30.472 19757 19757 D cellinfo: onCellInfoChanged: Operator: T-Mobile UpdateTimestamp: 108233780 CellConnectionStatus: 0
08-09 22:30:30.472 19757 19757 D cellinfo: onCellInfoChanged: LTE Cell Bands: [66] Bandwidth: 20000 Cell ID: 21539074 Physical Cell ID: 400 Tracking Area Code: 11620 EARFCN: 66786
08-09 22:30:30.580 19757 19808 D cellinfo: 46 bytes from 44.241.174.93: icmp_seq=18416 ttl=26 time=65.2 ms
08-09 22:30:30.781 19757 19808 D cellinfo: 46 bytes from 44.241.174.93: icmp_seq=18417 ttl=26 time=65.5 ms
08-09 22:30:30.982 19757 19808 D cellinfo: 46 bytes from 44.241.174.93: icmp_seq=18418 ttl=26 time=65.1 ms
08-09 22:30:31.180 19757 19808 D cellinfo: 46 bytes from 44.241.174.93: icmp_seq=18419 ttl=26 time=63.2 ms
08-09 22:30:31.193 19757 19757 D cellinfo: onsignalStrengthsChanged: LTE Signal Strength info: rsrp: -94 rsrq: -11 rssi: -63 rssnr: 6
08-09 22:30:31.193 19757 19757 D cellinfo: onsignalStrengthsChanged: 5G-NR Signal Strength info: ssrsrp: -98 ssrsrq: -12 sssinr: 2147483647
08-09 22:30:31.381 19757 19808 D cellinfo: 46 bytes from 44.241.174.93: icmp_seq=18420 ttl=26 time=63.1 ms
08-09 22:30:31.581 19757 19808 D cellinfo: 46 bytes from 44.241.174.93: icmp_seq=18421 ttl=26 time=62.4 ms
08-09 22:30:31.782 19757 19808 D cellinfo: 46 bytes from 44.241.174.93: icmp_seq=18422 ttl=26 time=62.4 ms
08-09 22:30:31.843 19757 19757 D cellinfo: Latitude is 40.6565981
08-09 22:30:31.843 19757 19757 D cellinfo: Longitude is -111.9524072
08-09 22:30:31.843 19757 19757 D cellinfo: Instantaneous GPS information: United States, 5206 5230 S, Salt Lake City, UT 84118, USA
08-09 22:30:31.843 19757 19757 D cellinfo: getCurrentLocation() result: Location (success): 40.6565981, -111.9524072
08-09 22:30:31.979 19757 19808 D cellinfo: 46 bytes from 44.241.174.93: icmp_seq=18423 ttl=26 time=58.7 ms
08-09 22:30:32.041 19757 19757 D cellinfo: onsignalStrengthsChanged: LTE Signal Strength info: rsrp: -91 rsrq: -10 rssi: -63 rssnr: 10
08-09 22:30:32.041 19757 19757 D cellinfo: onsignalStrengthsChanged: 5G-NR Signal Strength info: ssrsrp: -98 ssrsrq: -12 sssinr: 2147483647
08-09 22:30:32.185 19757 19808 D cellinfo: 46 bytes from 44.241.174.93: icmp_seq=18424 ttl=26 time=63.6 ms
08-09 22:30:32.391 19757 19808 D cellinfo: 46 bytes from 44.241.174.93: icmp_seq=18425 ttl=26 time=67.8 ms
08-09 22:30:32.591 19757 19808 D cellinfo: 46 bytes from 44.241.174.93: icmp_seq=18426 ttl=26 time=67.8 ms
08-09 22:30:32.790 19757 19808 D cellinfo: 46 bytes from 44.241.174.93: icmp_seq=18427 ttl=26 time=66.7 ms
08-09 22:30:32.990 19757 19808 D cellinfo: 46 bytes from 44.241.174.93: icmp_seq=18428 ttl=26 time=65.1 ms
08-09 22:30:33.190 19757 19808 D cellinfo: 46 bytes from 44.241.174.93: icmp_seq=18429 ttl=26 time=64.6 ms
08-09 22:30:33.389 19757 19808 D cellinfo: 46 bytes from 44.241.174.93: icmp_seq=18430 ttl=26 time=63.1 ms
08-09 22:30:33.440 19757 19757 D cellinfo: Latitude is 40.6565981
08-09 22:30:33.440 19757 19757 D cellinfo: Longitude is -111.9524072
08-09 22:30:33.440 19757 19757 D cellinfo: Instantaneous GPS information: United States, 5206 5230 S, Salt Lake City, UT 84118, USA
08-09 22:30:33.440 19757 19757 D cellinfo: getCurrentLocation() result: Location (success): 40.6565981, -111.9524072
08-09 22:30:33.491 19757 19757 D cellinfo: onCellInfoChanged: Operator: T-Mobile UpdateTimestamp: 108236800 CellConnectionStatus: 0
08-09 22:30:33.491 19757 19757 D cellinfo: onCellInfoChanged: LTE Cell Bands: [66] Bandwidth: 20000 Cell ID: 21539074 Physical Cell ID: 400 Tracking Area Code: 11620 EARFCN: 66786
08-09 22:30:33.591 19757 19808 D cellinfo: 46 bytes from 44.241.174.93: icmp_seq=18431 ttl=26 time=63.8 ms
08-09 22:30:33.791 19757 19808 D cellinfo: 46 bytes from 44.241.174.93: icmp_seq=18432 ttl=26 time=63.6 ms
08-09 22:30:33.992 19757 19808 D cellinfo: 46 bytes from 44.241.174.93: icmp_seq=18433 ttl=26 time=63.7 ms
08-09 22:30:34.191 19757 19808 D cellinfo: 46 bytes from 44.241.174.93: icmp_seq=18434 ttl=26 time=62.3 ms
08-09 22:30:34.203 19757 19757 D cellinfo: onsignalStrengthsChanged: LTE Signal Strength info: rsrp: -91 rsrq: -10 rssi: -63 rssnr: 10
08-09 22:30:34.203 19757 19757 D cellinfo: onsignalStrengthsChanged: 5G-NR Signal Strength info: ssrsrp: -100 ssrsrq: -13 sssinr: 2147483647
08-09 22:30:34.396 19757 19808 D cellinfo: 46 bytes from 44.241.174.93: icmp_seq=18435 ttl=26 time=67.1 ms
08-09 22:30:34.597 19757 19808 D cellinfo: 46 bytes from 44.241.174.93: icmp_seq=18436 ttl=26 time=67.3 ms
08-09 22:30:34.806 19757 19808 D cellinfo: 46 bytes from 44.241.174.93: icmp_seq=18437 ttl=26 time=75.4 ms
08-09 22:30:35.006 19757 19808 D cellinfo: 46 bytes from 44.241.174.93: icmp_seq=18438 ttl=26 time=74.2 ms
08-09 22:30:35.195 19757 19808 D cellinfo: 46 bytes from 44.241.174.93: icmp_seq=18439 ttl=26 time=64.0 ms
08-09 22:30:35.394 19757 19808 D cellinfo: 46 bytes from 44.241.174.93: icmp_seq=18440 ttl=26 time=62.6 ms
08-09 22:30:35.595 19757 19808 D cellinfo: 46 bytes from 44.241.174.93: icmp_seq=18441 ttl=26 time=62.0 ms
08-09 22:30:35.795 19757 19808 D cellinfo: 46 bytes from 44.241.174.93: icmp_seq=18442 ttl=26 time=61.7 ms
08-09 22:30:36.000 19757 19808 D cellinfo: 46 bytes from 44.241.174.93: icmp_seq=18443 ttl=26 time=65.3 ms
08-09 22:30:36.206 19757 19808 D cellinfo: 46 bytes from 44.241.174.93: icmp_seq=18444 ttl=26 time=71.5 ms
08-09 22:30:36.400 19757 19808 D cellinfo: 46 bytes from 44.241.174.93: icmp_seq=18445 ttl=26 time=64.6 ms
08-09 22:30:36.595 19757 19808 D cellinfo: 46 bytes from 44.241.174.93: icmp_seq=18446 ttl=26 time=57.6 ms
08-09 22:30:36.713 19757 19757 D cellinfo: Latitude is 40.6571781
08-09 22:30:36.713 19757 19757 D cellinfo: Longitude is -111.9524213
08-09 22:30:36.713 19757 19757 D cellinfo: Instantaneous GPS information: United States, 5178 5230 S, Taylorsville, UT 84129, USA
08-09 22:30:36.713 19757 19757 D cellinfo: getCurrentLocation() result: Location (success): 40.6571781, -111.9524213
08-09 22:30:36.715 19757 19757 D cellinfo: onCellInfoChanged: Operator: T-Mobile UpdateTimestamp: 108239784 CellConnectionStatus: 0
08-09 22:30:36.715 19757 19757 D cellinfo: onCellInfoChanged: LTE Cell Bands: [66] Bandwidth: 20000 Cell ID: 21539074 Physical Cell ID: 400 Tracking Area Code: 11620 EARFCN: 66786
08-09 22:30:36.716 19757 19757 D cellinfo: onsignalStrengthsChanged: LTE Signal Strength info: rsrp: -98 rsrq: -13 rssi: -67 rssnr: 5
08-09 22:30:36.716 19757 19757 D cellinfo: onsignalStrengthsChanged: 5G-NR Signal Strength info: ssrsrp: -100 ssrsrq: -13 sssinr: 2147483647
08-09 22:30:36.797 19757 19808 D cellinfo: 46 bytes from 44.241.174.93: icmp_seq=18447 ttl=26 time=58.1 ms
08-09 22:30:37.006 19757 19808 D cellinfo: 46 bytes from 44.241.174.93: icmp_seq=18448 ttl=26 time=66.4 ms
08-09 22:30:37.190 19757 19757 D cellinfo: onsignalStrengthsChanged: LTE Signal Strength info: rsrp: -98 rsrq: -13 rssi: -67 rssnr: 5
08-09 22:30:37.190 19757 19757 D cellinfo: onsignalStrengthsChanged: 5G-NR Signal Strength info: ssrsrp: -102 ssrsrq: -14 sssinr: 37
08-09 22:30:37.197 19757 19808 D cellinfo: 46 bytes from 44.241.174.93: icmp_seq=18449 ttl=26 time=57.2 ms
08-09 22:30:37.406 19757 19808 D cellinfo: 46 bytes from 44.241.174.93: icmp_seq=18450 ttl=26 time=65.5 ms
08-09 22:30:37.611 19757 19808 D cellinfo: 46 bytes from 44.241.174.93: icmp_seq=18451 ttl=26 time=69.9 ms
08-09 22:30:37.807 19757 19808 D cellinfo: 46 bytes from 44.241.174.93: icmp_seq=18452 ttl=26 time=64.6 ms
08-09 22:30:38.005 19757 19808 D cellinfo: 46 bytes from 44.241.174.93: icmp_seq=18453 ttl=26 time=61.5 ms
08-09 22:30:38.211 19757 19808 D cellinfo: 46 bytes from 44.241.174.93: icmp_seq=18454 ttl=26 time=67.3 ms
08-09 22:30:38.415 19757 19808 D cellinfo: 46 bytes from 44.241.174.93: icmp_seq=18455 ttl=26 time=71.2 ms
08-09 22:30:38.616 19757 19808 D cellinfo: 46 bytes from 44.241.174.93: icmp_seq=18456 ttl=26 time=70.9 ms
08-09 22:30:38.763 19757 19757 D cellinfo: onsignalStrengthsChanged: LTE Signal Strength info: rsrp: -102 rsrq: -13 rssi: -69 rssnr: 2
08-09 22:30:38.764 19757 19757 D cellinfo: onsignalStrengthsChanged: 5G-NR Signal Strength info: ssrsrp: -102 ssrsrq: -14 sssinr: 37
08-09 22:30:38.811 19757 19808 D cellinfo: 46 bytes from 44.241.174.93: icmp_seq=18457 ttl=26 time=65.7 ms
08-09 22:30:39.016 19757 19808 D cellinfo: 46 bytes from 44.241.174.93: icmp_seq=18458 ttl=26 time=68.4 ms
08-09 22:30:39.251 19757 19808 D cellinfo: 46 bytes from 44.241.174.93: icmp_seq=18459 ttl=26 time=103 ms
08-09 22:30:39.405 19757 19808 D cellinfo: 46 bytes from 44.241.174.93: icmp_seq=18460 ttl=26 time=57.9 ms
08-09 22:30:39.617 19757 19808 D cellinfo: 46 bytes from 44.241.174.93: icmp_seq=18461 ttl=26 time=68.6 ms
08-09 22:30:39.754 19757 19757 D cellinfo: Latitude is 40.657867
08-09 22:30:39.754 19757 19757 D cellinfo: Longitude is -111.9524384
08-09 22:30:39.754 19757 19757 D cellinfo: Instantaneous GPS information: United States, 5148 S Autumn Wood Ln, Taylorsville, UT 84129, USA
08-09 22:30:39.754 19757 19757 D cellinfo: getCurrentLocation() result: Location (success): 40.657867, -111.9524384
08-09 22:30:39.756 19757 19757 D cellinfo: onCellInfoChanged: Operator: T-Mobile UpdateTimestamp: 108242810 CellConnectionStatus: 0
08-09 22:30:39.756 19757 19757 D cellinfo: onCellInfoChanged: LTE Cell Bands: [66] Bandwidth: 20000 Cell ID: 21539074 Physical Cell ID: 400 Tracking Area Code: 11620 EARFCN: 66786
08-09 22:30:39.811 19757 19808 D cellinfo: 46 bytes from 44.241.174.93: icmp_seq=18462 ttl=26 time=62.1 ms
08-09 22:30:40.025 19757 19808 D cellinfo: 46 bytes from 44.241.174.93: icmp_seq=18463 ttl=26 time=75.2 ms
08-09 22:30:40.194 19757 19757 D cellinfo: onsignalStrengthsChanged: LTE Signal Strength info: rsrp: -102 rsrq: -13 rssi: -69 rssnr: 2
08-09 22:30:40.194 19757 19757 D cellinfo: onsignalStrengthsChanged: 5G-NR Signal Strength info: ssrsrp: -106 ssrsrq: -15 sssinr: -14
08-09 22:30:40.220 19757 19808 D cellinfo: 46 bytes from 44.241.174.93: icmp_seq=18464 ttl=26 time=70.0 ms
08-09 22:30:40.420 19757 19808 D cellinfo: 46 bytes from 44.241.174.93: icmp_seq=18465 ttl=26 time=69.6 ms
08-09 22:30:40.625 19757 19808 D cellinfo: 46 bytes from 44.241.174.93: icmp_seq=18466 ttl=26 time=73.6 ms
08-09 22:30:40.820 19757 19808 D cellinfo: 46 bytes from 44.241.174.93: icmp_seq=18467 ttl=26 time=67.7 ms
08-09 22:30:41.001 19757 19757 D cellinfo: onsignalStrengthsChanged: LTE Signal Strength info: rsrp: -105 rsrq: -15 rssi: -71 rssnr: 1
08-09 22:30:41.001 19757 19757 D cellinfo: onsignalStrengthsChanged: 5G-NR Signal Strength info: ssrsrp: -106 ssrsrq: -15 sssinr: -14
08-09 22:30:41.027 19757 19808 D cellinfo: 46 bytes from 44.241.174.93: icmp_seq=18468 ttl=26 time=72.6 ms
08-09 22:30:41.226 19757 19808 D cellinfo: 46 bytes from 44.241.174.93: icmp_seq=18469 ttl=26 time=71.7 ms
08-09 22:30:41.370 19757 19757 D cellinfo: onsignalStrengthsChanged: LTE Signal Strength info: rsrp: -105 rsrq: -15 rssi: -71 rssnr: 1
08-09 22:30:41.370 19757 19757 D cellinfo: onsignalStrengthsChanged: 5G-NR Signal Strength info: ssrsrp: -107 ssrsrq: -16 sssinr: 2147483647
08-09 22:30:41.440 19757 19808 D cellinfo: 46 bytes from 44.241.174.93: icmp_seq=18470 ttl=26 time=85.0 ms
08-09 22:30:41.636 19757 19808 D cellinfo: 46 bytes from 44.241.174.93: icmp_seq=18471 ttl=26 time=80.1 ms
08-09 22:30:41.830 19757 19808 D cellinfo: 46 bytes from 44.241.174.93: icmp_seq=18472 ttl=26 time=74.2 ms
08-09 22:30:42.036 19757 19808 D cellinfo: 46 bytes from 44.241.174.93: icmp_seq=18473 ttl=26 time=79.5 ms
08-09 22:30:42.230 19757 19808 D cellinfo: 46 bytes from 44.241.174.93: icmp_seq=18474 ttl=26 time=73.1 ms
08-09 22:30:42.431 19757 19808 D cellinfo: 46 bytes from 44.241.174.93: icmp_seq=18475 ttl=26 time=72.9 ms
08-09 22:30:42.626 19757 19808 D cellinfo: 46 bytes from 44.241.174.93: icmp_seq=18476 ttl=26 time=67.1 ms
08-09 22:30:42.791 19757 19757 D cellinfo: Latitude is 40.6590607
08-09 22:30:42.791 19757 19757 D cellinfo: Longitude is -111.9519545
08-09 22:30:42.791 19757 19757 D cellinfo: Instantaneous GPS information: United States, 2373 W Smith Legacy Cv, Taylorsville, UT 84129, USA
08-09 22:30:42.791 19757 19757 D cellinfo: getCurrentLocation() result: Location (success): 40.6590607, -111.9519545
08-09 22:30:42.794 19757 19757 D cellinfo: onCellInfoChanged: Operator: T-Mobile UpdateTimestamp: 108245809 CellConnectionStatus: 0
08-09 22:30:42.794 19757 19757 D cellinfo: onCellInfoChanged: LTE Cell Bands: [66] Bandwidth: 20000 Cell ID: 21539074 Physical Cell ID: 400 Tracking Area Code: 11620 EARFCN: 66786
08-09 22:30:42.822 19757 19808 D cellinfo: 46 bytes from 44.241.174.93: icmp_seq=18477 ttl=26 time=61.5 ms
08-09 22:30:43.036 19757 19808 D cellinfo: 46 bytes from 44.241.174.93: icmp_seq=18478 ttl=26 time=74.7 ms
08-09 22:30:43.196 19757 19757 D cellinfo: onsignalStrengthsChanged: LTE Signal Strength info: rsrp: -105 rsrq: -15 rssi: -71 rssnr: 1
08-09 22:30:43.196 19757 19757 D cellinfo: onsignalStrengthsChanged: 5G-NR Signal Strength info: ssrsrp: -106 ssrsrq: -15 sssinr: 2147483647
08-09 22:30:43.236 19757 19808 D cellinfo: 46 bytes from 44.241.174.93: icmp_seq=18479 ttl=26 time=74.6 ms
08-09 22:30:43.441 19757 19808 D cellinfo: 46 bytes from 44.241.174.93: icmp_seq=18480 ttl=26 time=79.3 ms
08-09 22:30:43.641 19757 19808 D cellinfo: 46 bytes from 44.241.174.93: icmp_seq=18481 ttl=26 time=77.9 ms
08-09 22:30:43.831 19757 19808 D cellinfo: 46 bytes from 44.241.174.93: icmp_seq=18482 ttl=26 time=67.5 ms
08-09 22:30:44.039 19757 19808 D cellinfo: 46 bytes from 44.241.174.93: icmp_seq=18483 ttl=26 time=74.8 ms
08-09 22:30:44.242 19757 19808 D cellinfo: 46 bytes from 44.241.174.93: icmp_seq=18484 ttl=26 time=78.3 ms
08-09 22:30:44.432 19757 19808 D cellinfo: 46 bytes from 44.241.174.93: icmp_seq=18485 ttl=26 time=68.0 ms
08-09 22:30:44.635 19757 19808 D cellinfo: 46 bytes from 44.241.174.93: icmp_seq=18486 ttl=26 time=70.2 ms
08-09 22:30:44.841 19757 19808 D cellinfo: 46 bytes from 44.241.174.93: icmp_seq=18487 ttl=26 time=75.7 ms
08-09 22:30:45.041 19757 19808 D cellinfo: 46 bytes from 44.241.174.93: icmp_seq=18488 ttl=26 time=73.8 ms
08-09 22:30:45.240 19757 19808 D cellinfo: 46 bytes from 44.241.174.93: icmp_seq=18489 ttl=26 time=74.2 ms
08-09 22:30:45.435 19757 19808 D cellinfo: 46 bytes from 44.241.174.93: icmp_seq=18490 ttl=26 time=68.5 ms
08-09 22:30:45.489 19757 19757 D cellinfo: onsignalStrengthsChanged: LTE Signal Strength info: rsrp: -106 rsrq: -19 rssi: -71 rssnr: 0
08-09 22:30:45.489 19757 19757 D cellinfo: onsignalStrengthsChanged: 5G-NR Signal Strength info: ssrsrp: -106 ssrsrq: -15 sssinr: 2147483647
08-09 22:30:45.501 19757 19757 D cellinfo: onCellInfoChanged: Operator: T-Mobile UpdateTimestamp: 108248809 CellConnectionStatus: 0
08-09 22:30:45.501 19757 19757 D cellinfo: onCellInfoChanged: LTE Cell Bands: [66] Bandwidth: 20000 Cell ID: 21539074 Physical Cell ID: 400 Tracking Area Code: 11620 EARFCN: 66786
08-09 22:30:45.636 19757 19808 D cellinfo: 46 bytes from 44.241.174.93: icmp_seq=18491 ttl=26 time=67.3 ms
08-09 22:30:45.861 19757 19808 D cellinfo: 46 bytes from 44.241.174.93: icmp_seq=18492 ttl=26 time=90.8 ms
08-09 22:30:46.062 19757 19808 D cellinfo: 46 bytes from 44.241.174.93: icmp_seq=18493 ttl=26 time=92.3 ms
08-09 22:30:46.194 19757 19757 D cellinfo: onsignalStrengthsChanged: LTE Signal Strength info: rsrp: -106 rsrq: -19 rssi: -71 rssnr: 0
08-09 22:30:46.194 19757 19757 D cellinfo: onsignalStrengthsChanged: 5G-NR Signal Strength info: ssrsrp: -105 ssrsrq: -13 sssinr: 2147483647
08-09 22:30:46.256 19757 19808 D cellinfo: 46 bytes from 44.241.174.93: icmp_seq=18494 ttl=26 time=85.9 ms
08-09 22:30:46.455 19757 19808 D cellinfo: 46 bytes from 44.241.174.93: icmp_seq=18495 ttl=26 time=84.5 ms
08-09 22:30:46.656 19757 19808 D cellinfo: 46 bytes from 44.241.174.93: icmp_seq=18496 ttl=26 time=84.8 ms
08-09 22:30:46.855 19757 19808 D cellinfo: 46 bytes from 44.241.174.93: icmp_seq=18497 ttl=26 time=83.8 ms
08-09 22:30:47.036 19757 19808 D cellinfo: 46 bytes from 44.241.174.93: icmp_seq=18498 ttl=26 time=62.6 ms
08-09 22:30:47.224 19757 19757 D cellinfo: Latitude is 40.6614575
08-09 22:30:47.224 19757 19757 D cellinfo: Longitude is -111.9525333
08-09 22:30:47.224 19757 19757 D cellinfo: Instantaneous GPS information: United States, 4957 2475 W St, Salt Lake City, UT 84129, USA
08-09 22:30:47.224 19757 19757 D cellinfo: getCurrentLocation() result: Location (success): 40.6614575, -111.9525333
08-09 22:30:47.231 19757 19808 D cellinfo: 46 bytes from 44.241.174.93: icmp_seq=18499 ttl=26 time=56.7 ms
08-09 22:30:47.431 19757 19808 D cellinfo: 46 bytes from 44.241.174.93: icmp_seq=18500 ttl=26 time=56.6 ms
08-09 22:30:47.656 19757 19808 D cellinfo: 46 bytes from 44.241.174.93: icmp_seq=18501 ttl=26 time=80.4 ms
08-09 22:30:47.728 19757 19757 D cellinfo: onsignalStrengthsChanged: LTE Signal Strength info: rsrp: -108 rsrq: -20 rssi: -69 rssnr: -5
08-09 22:30:47.728 19757 19757 D cellinfo: onsignalStrengthsChanged: 5G-NR Signal Strength info: ssrsrp: -105 ssrsrq: -13 sssinr: 2147483647
08-09 22:30:47.855 19757 19808 D cellinfo: 46 bytes from 44.241.174.93: icmp_seq=18502 ttl=26 time=78.7 ms
08-09 22:30:48.055 19757 19808 D cellinfo: 46 bytes from 44.241.174.93: icmp_seq=18503 ttl=26 time=77.3 ms
08-09 22:30:48.255 19757 19808 D cellinfo: 46 bytes from 44.241.174.93: icmp_seq=18504 ttl=26 time=77.3 ms
08-09 22:30:48.448 19757 19757 D cellinfo: Latitude is 40.6614575
08-09 22:30:48.448 19757 19757 D cellinfo: Longitude is -111.9525333
08-09 22:30:48.448 19757 19757 D cellinfo: Instantaneous GPS information: United States, 4957 2475 W St, Salt Lake City, UT 84129, USA
08-09 22:30:48.448 19757 19757 D cellinfo: getCurrentLocation() result: Location (success): 40.6614575, -111.9525333
08-09 22:30:48.454 19757 19808 D cellinfo: 46 bytes from 44.241.174.93: icmp_seq=18505 ttl=26 time=75.7 ms
08-09 22:30:48.495 19757 19757 D cellinfo: onCellInfoChanged: Operator: T-Mobile UpdateTimestamp: 108251799 CellConnectionStatus: 0
08-09 22:30:48.496 19757 19757 D cellinfo: onCellInfoChanged: LTE Cell Bands: [66] Bandwidth: 20000 Cell ID: 21539074 Physical Cell ID: 400 Tracking Area Code: 11620 EARFCN: 66786
08-09 22:30:48.651 19757 19808 D cellinfo: 46 bytes from 44.241.174.93: icmp_seq=18506 ttl=26 time=71.1 ms
08-09 22:30:48.855 19757 19808 D cellinfo: 46 bytes from 44.241.174.93: icmp_seq=18507 ttl=26 time=74.9 ms
08-09 22:30:49.054 19757 19757 D cellinfo: onServiceStateChanged: Channel Number: 66786 Cell Bandwidths: [20000]
08-09 22:30:49.066 19757 19808 D cellinfo: 46 bytes from 44.241.174.93: icmp_seq=18508 ttl=26 time=85.1 ms
08-09 22:30:49.151 19757 19757 D cellinfo: onsignalStrengthsChanged: LTE Signal Strength info: rsrp: -108 rsrq: -20 rssi: -69 rssnr: -5
08-09 22:30:49.174 19757 19757 D cellinfo: onServiceStateChanged: Channel Number: 66786 Cell Bandwidths: [20000, 15000]
08-09 22:30:49.218 19757 19757 D cellinfo: onServiceStateChanged: Channel Number: 66786 Cell Bandwidths: [20000, 5000, 15000]
08-09 22:30:49.245 19757 19757 D cellinfo: onServiceStateChanged: Channel Number: 66786 Cell Bandwidths: [20000, 5000, 15000]
08-09 22:30:49.259 19757 19808 D cellinfo: 46 bytes from 44.241.174.93: icmp_seq=18509 ttl=26 time=79.6 ms
08-09 22:30:49.377 19757 19808 D cellinfo: 46 bytes from 44.241.174.93: icmp_seq=18509 ttl=26 time=197 ms (DUP!)
08-09 22:30:49.445 19757 19808 D cellinfo: 46 bytes from 44.241.174.93: icmp_seq=18510 ttl=26 time=64.7 ms
08-09 22:30:49.752 19757 19808 D cellinfo: 46 bytes from 44.241.174.93: icmp_seq=18511 ttl=26 time=170 ms
08-09 22:30:49.857 19757 19757 D cellinfo: onsignalStrengthsChanged: LTE Signal Strength info: rsrp: -108 rsrq: -20 rssi: -69 rssnr: -5
08-09 22:30:49.857 19757 19757 D cellinfo: onsignalStrengthsChanged: 5G-NR Signal Strength info: ssrsrp: -105 ssrsrq: -13 sssinr: 2147483647
08-09 22:30:49.876 19757 19808 D cellinfo: 46 bytes from 44.241.174.93: icmp_seq=18512 ttl=26 time=93.5 ms
08-09 22:30:49.887 19757 19757 D cellinfo: onServiceStateChanged: Channel Number: 66786 Cell Bandwidths: [20000, 5000, 15000]
08-09 22:30:49.955 19757 19757 D cellinfo: onsignalStrengthsChanged: LTE Signal Strength info: rsrp: -108 rsrq: -20 rssi: -69 rssnr: -5
08-09 22:30:49.967 19757 19757 D cellinfo: onServiceStateChanged: Channel Number: 66786 Cell Bandwidths: [20000, 5000, 15000]
08-09 22:30:49.987 19757 19757 D cellinfo: onsignalStrengthsChanged: LTE Signal Strength info: rsrp: -112 rsrq: -14 rssi: -69 rssnr: -6
08-09 22:30:50.006 19757 19757 D cellinfo: onServiceStateChanged: Channel Number: 66786 Cell Bandwidths: [20000]
08-09 22:30:50.121 19757 19808 D cellinfo: 46 bytes from 44.241.174.93: icmp_seq=18513 ttl=26 time=137 ms
08-09 22:30:50.323 19757 19757 D cellinfo: onServiceStateChanged: Channel Number: 66786 Cell Bandwidths: [20000, 15000, 5000]
08-09 22:30:50.328 19757 19808 D cellinfo: 46 bytes from 44.241.174.93: icmp_seq=18514 ttl=26 time=145 ms
08-09 22:30:50.501 19757 19808 D cellinfo: 46 bytes from 44.241.174.93: icmp_seq=18515 ttl=26 time=118 ms
08-09 22:30:50.559 19757 19757 D cellinfo: onServiceStateChanged: Channel Number: 66786 Cell Bandwidths: [20000, 15000, 5000]
08-09 22:30:50.727 19757 19808 D cellinfo: 46 bytes from 44.241.174.93: icmp_seq=18516 ttl=26 time=143 ms
08-09 22:30:50.874 19757 19808 D cellinfo: 46 bytes from 44.241.174.93: icmp_seq=18517 ttl=26 time=90.8 ms
08-09 22:30:51.215 19757 19808 D cellinfo: 46 bytes from 44.241.174.93: icmp_seq=18518 ttl=26 time=231 ms
08-09 22:30:51.275 19757 19808 D cellinfo: 46 bytes from 44.241.174.93: icmp_seq=18519 ttl=26 time=89.0 ms
08-09 22:30:51.474 19757 19808 D cellinfo: 46 bytes from 44.241.174.93: icmp_seq=18520 ttl=26 time=87.6 ms
08-09 22:30:51.651 19757 19808 D cellinfo: 46 bytes from 44.241.174.93: icmp_seq=18521 ttl=26 time=62.8 ms
08-09 22:30:51.732 19757 19757 D cellinfo: Latitude is 40.6618652
08-09 22:30:51.732 19757 19757 D cellinfo: Longitude is -111.9525457
08-09 22:30:51.732 19757 19757 D cellinfo: Instantaneous GPS information: United States, 4978 Valois Dr, Salt Lake City, UT 84118, USA
08-09 22:30:51.732 19757 19757 D cellinfo: getCurrentLocation() result: Location (success): 40.6618652, -111.9525457
08-09 22:30:51.736 19757 19757 D cellinfo: onCellInfoChanged: Operator: T-Mobile UpdateTimestamp: 108254791 CellConnectionStatus: 0
08-09 22:30:51.736 19757 19757 D cellinfo: onCellInfoChanged: LTE Cell Bands: [66] Bandwidth: 20000 Cell ID: 21553154 Physical Cell ID: 113 Tracking Area Code: 11620 EARFCN: 66786
08-09 22:30:51.845 19757 19808 D cellinfo: 46 bytes from 44.241.174.93: icmp_seq=18522 ttl=26 time=57.3 ms
08-09 22:30:52.070 19757 19808 D cellinfo: 46 bytes from 44.241.174.93: icmp_seq=18523 ttl=26 time=80.8 ms
08-09 22:30:52.287 19757 19808 D cellinfo: 46 bytes from 44.241.174.93: icmp_seq=18524 ttl=26 time=98.6 ms
08-09 22:30:52.460 19757 19808 D cellinfo: 46 bytes from 44.241.174.93: icmp_seq=18525 ttl=26 time=71.1 ms
08-09 22:30:52.671 19757 19808 D cellinfo: 46 bytes from 44.241.174.93: icmp_seq=18526 ttl=26 time=80.9 ms
08-09 22:30:52.860 19757 19808 D cellinfo: 46 bytes from 44.241.174.93: icmp_seq=18527 ttl=26 time=69.6 ms
08-09 22:30:52.985 19757 19757 D cellinfo: onsignalStrengthsChanged: LTE Signal Strength info: rsrp: -109 rsrq: -14 rssi: -73 rssnr: -2
08-09 22:30:52.985 19757 19757 D cellinfo: onsignalStrengthsChanged: 5G-NR Signal Strength info: ssrsrp: -104 ssrsrq: -13 sssinr: 2147483647
08-09 22:30:53.043 19757 19757 D cellinfo: onServiceStateChanged: Channel Number: 66786 Cell Bandwidths: [20000, 15000, 5000]
08-09 22:30:53.146 19757 19808 D cellinfo: 46 bytes from 44.241.174.93: icmp_seq=18528 ttl=26 time=155 ms
08-09 22:30:53.657 19757 19808 D cellinfo: 46 bytes from 44.241.174.93: icmp_seq=18529 ttl=26 time=466 ms
08-09 22:30:53.658 19757 19808 D cellinfo: 46 bytes from 44.241.174.93: icmp_seq=18530 ttl=26 time=265 ms
08-09 22:30:53.666 19757 19808 D cellinfo: 46 bytes from 44.241.174.93: icmp_seq=18531 ttl=26 time=67.6 ms
08-09 22:30:53.886 19757 19808 D cellinfo: 46 bytes from 44.241.174.93: icmp_seq=18532 ttl=26 time=85.5 ms
08-09 22:30:54.086 19757 19808 D cellinfo: 46 bytes from 44.241.174.93: icmp_seq=18533 ttl=26 time=84.8 ms
08-09 22:30:54.282 19757 19808 D cellinfo: 46 bytes from 44.241.174.93: icmp_seq=18534 ttl=26 time=80.2 ms
08-09 22:30:54.441 19757 19757 D cellinfo: onsignalStrengthsChanged: LTE Signal Strength info: rsrp: -100 rsrq: -15 rssi: -63 rssnr: 1
08-09 22:30:54.441 19757 19757 D cellinfo: onsignalStrengthsChanged: 5G-NR Signal Strength info: ssrsrp: -104 ssrsrq: -13 sssinr: 2147483647
08-09 22:30:54.486 19757 19808 D cellinfo: 46 bytes from 44.241.174.93: icmp_seq=18535 ttl=26 time=83.6 ms
08-09 22:30:54.935 19757 19808 D cellinfo: 46 bytes from 44.241.174.93: icmp_seq=18536 ttl=26 time=331 ms
08-09 22:30:54.935 19757 19808 D cellinfo: 46 bytes from 44.241.174.93: icmp_seq=18536 ttl=26 time=331 ms (DUP!)
08-09 22:30:54.962 19757 19808 D cellinfo: 46 bytes from 44.241.174.93: icmp_seq=18537 ttl=26 time=156 ms
08-09 22:30:54.968 19757 19757 D cellinfo: Latitude is 40.662491
08-09 22:30:54.968 19757 19757 D cellinfo: Longitude is -111.9525641
08-09 22:30:54.968 19757 19757 D cellinfo: Instantaneous GPS information: United States, 4913 2475 W St, Salt Lake City, UT 84129, USA
08-09 22:30:54.968 19757 19757 D cellinfo: getCurrentLocation() result: Location (success): 40.662491, -111.9525641
08-09 22:30:54.971 19757 19757 D cellinfo: onCellInfoChanged: Operator: T-Mobile UpdateTimestamp: 108257835 CellConnectionStatus: 0
08-09 22:30:54.971 19757 19757 D cellinfo: onCellInfoChanged: LTE Cell Bands: [66] Bandwidth: 20000 Cell ID: 21553154 Physical Cell ID: 113 Tracking Area Code: 11620 EARFCN: 66786
08-09 22:30:55.363 19757 19808 D cellinfo: 46 bytes from 44.241.174.93: icmp_seq=18539 ttl=26 time=153 ms
08-09 22:30:55.505 19757 19808 D cellinfo: 46 bytes from 44.241.174.93: icmp_seq=18540 ttl=26 time=96.2 ms
08-09 22:30:55.687 19757 19808 D cellinfo: 46 bytes from 44.241.174.93: icmp_seq=18541 ttl=26 time=76.9 ms
08-09 22:30:55.983 19757 19757 D cellinfo: onsignalStrengthsChanged: LTE Signal Strength info: rsrp: -100 rsrq: -15 rssi: -63 rssnr: 1
08-09 22:30:55.983 19757 19757 D cellinfo: onsignalStrengthsChanged: 5G-NR Signal Strength info: ssrsrp: -103 ssrsrq: -14 sssinr: 2147483647
08-09 22:30:56.007 19757 19808 D cellinfo: 46 bytes from 44.241.174.93: icmp_seq=18542 ttl=26 time=196 ms
08-09 22:30:56.095 19757 19808 D cellinfo: 46 bytes from 44.241.174.93: icmp_seq=18543 ttl=26 time=85.8 ms
08-09 22:30:56.280 19757 19808 D cellinfo: 46 bytes from 44.241.174.93: icmp_seq=18544 ttl=26 time=70.1 ms
08-09 22:30:56.480 19757 19808 D cellinfo: 46 bytes from 44.241.174.93: icmp_seq=18545 ttl=26 time=69.7 ms
08-09 22:30:56.680 19757 19808 D cellinfo: 46 bytes from 44.241.174.93: icmp_seq=18546 ttl=26 time=68.4 ms
08-09 22:30:56.693 19757 19757 D cellinfo: onsignalStrengthsChanged: LTE Signal Strength info: rsrp: -101 rsrq: -12 rssi: -61 rssnr: 3
08-09 22:30:56.693 19757 19757 D cellinfo: onsignalStrengthsChanged: 5G-NR Signal Strength info: ssrsrp: -103 ssrsrq: -14 sssinr: 2147483647
08-09 22:30:56.881 19757 19808 D cellinfo: 46 bytes from 44.241.174.93: icmp_seq=18547 ttl=26 time=68.1 ms
08-09 22:30:57.086 19757 19808 D cellinfo: 46 bytes from 44.241.174.93: icmp_seq=18548 ttl=26 time=71.7 ms
08-09 22:30:57.282 19757 19808 D cellinfo: 46 bytes from 44.241.174.93: icmp_seq=18549 ttl=26 time=66.6 ms
08-09 22:30:57.480 19757 19808 D cellinfo: 46 bytes from 44.241.174.93: icmp_seq=18550 ttl=26 time=63.9 ms
08-09 22:30:57.680 19757 19808 D cellinfo: 46 bytes from 44.241.174.93: icmp_seq=18551 ttl=26 time=62.9 ms
08-09 22:30:57.741 19757 19757 D cellinfo: Latitude is 40.6627446
08-09 22:30:57.741 19757 19757 D cellinfo: Longitude is -111.9525738
08-09 22:30:57.741 19757 19757 D cellinfo: Instantaneous GPS information: United States, 4905 2475 W St, Salt Lake City, UT 84129, USA
08-09 22:30:57.741 19757 19757 D cellinfo: getCurrentLocation() result: Location (success): 40.6627446, -111.9525738
08-09 22:30:57.743 19757 19757 D cellinfo: onCellInfoChanged: Operator: T-Mobile UpdateTimestamp: 108260802 CellConnectionStatus: 0
08-09 22:30:57.743 19757 19757 D cellinfo: onCellInfoChanged: LTE Cell Bands: [66] Bandwidth: 20000 Cell ID: 21553154 Physical Cell ID: 113 Tracking Area Code: 11620 EARFCN: 66786
08-09 22:30:57.880 19757 19808 D cellinfo: 46 bytes from 44.241.174.93: icmp_seq=18552 ttl=26 time=62.2 ms
08-09 22:30:58.105 19757 19808 D cellinfo: 46 bytes from 44.241.174.93: icmp_seq=18553 ttl=26 time=86.3 ms
08-09 22:30:58.307 19757 19808 D cellinfo: 46 bytes from 44.241.174.93: icmp_seq=18554 ttl=26 time=87.8 ms
08-09 22:30:58.507 19757 19808 D cellinfo: 46 bytes from 44.241.174.93: icmp_seq=18555 ttl=26 time=86.9 ms
08-09 22:30:58.706 19757 19808 D cellinfo: 46 bytes from 44.241.174.93: icmp_seq=18556 ttl=26 time=85.5 ms
08-09 22:30:58.911 19757 19808 D cellinfo: 46 bytes from 44.241.174.93: icmp_seq=18557 ttl=26 time=89.8 ms
08-09 22:30:58.921 19757 19757 D cellinfo: onsignalStrengthsChanged: LTE Signal Strength info: rsrp: -99 rsrq: -12 rssi: -63 rssnr: 3
08-09 22:30:58.921 19757 19757 D cellinfo: onsignalStrengthsChanged: 5G-NR Signal Strength info: ssrsrp: -103 ssrsrq: -14 sssinr: 2147483647
08-09 22:30:58.982 19757 19757 D cellinfo: onsignalStrengthsChanged: LTE Signal Strength info: rsrp: -99 rsrq: -12 rssi: -63 rssnr: 3
08-09 22:30:58.982 19757 19757 D cellinfo: onsignalStrengthsChanged: 5G-NR Signal Strength info: ssrsrp: -103 ssrsrq: -14 sssinr: 3
08-09 22:30:59.126 19757 19808 D cellinfo: 46 bytes from 44.241.174.93: icmp_seq=18558 ttl=26 time=104 ms
08-09 22:30:59.281 19757 19808 D cellinfo: 46 bytes from 44.241.174.93: icmp_seq=18559 ttl=26 time=58.7 ms
08-09 22:30:59.506 19757 19808 D cellinfo: 46 bytes from 44.241.174.93: icmp_seq=18560 ttl=26 time=84.0 ms
08-09 22:30:59.677 19757 19757 D cellinfo: onsignalStrengthsChanged: LTE Signal Strength info: rsrp: -99 rsrq: -12 rssi: -63 rssnr: 3
08-09 22:30:59.677 19757 19757 D cellinfo: onsignalStrengthsChanged: 5G-NR Signal Strength info: ssrsrp: -101 ssrsrq: -14 sssinr: -1
08-09 22:30:59.947 19757 19808 D cellinfo: 46 bytes from 44.241.174.93: icmp_seq=18561 ttl=26 time=323 ms
08-09 22:31:00.050 19757 19808 D cellinfo: 46 bytes from 44.241.174.93: icmp_seq=18562 ttl=26 time=224 ms
08-09 22:31:00.222 19757 19808 D cellinfo: 46 bytes from 44.241.174.93: icmp_seq=18563 ttl=26 time=195 ms
08-09 22:31:00.445 19757 19808 D cellinfo: 46 bytes from 44.241.174.93: icmp_seq=18564 ttl=26 time=219 ms
08-09 22:31:00.473 19757 19757 D cellinfo: onCellInfoChanged: Operator: T-Mobile UpdateTimestamp: 108263779 CellConnectionStatus: 0
08-09 22:31:00.473 19757 19757 D cellinfo: onCellInfoChanged: LTE Cell Bands: [66] Bandwidth: 20000 Cell ID: 21553154 Physical Cell ID: 113 Tracking Area Code: 11620 EARFCN: 66786
08-09 22:31:00.671 19757 19808 D cellinfo: 46 bytes from 44.241.174.93: icmp_seq=18565 ttl=26 time=241 ms
08-09 22:31:00.799 19757 19808 D cellinfo: 46 bytes from 44.241.174.93: icmp_seq=18566 ttl=26 time=168 ms
08-09 22:31:00.944 19757 19808 D cellinfo: 46 bytes from 44.241.174.93: icmp_seq=18567 ttl=26 time=112 ms
08-09 22:31:01.142 19757 19808 D cellinfo: 46 bytes from 44.241.174.93: icmp_seq=18568 ttl=26 time=110 ms
08-09 22:31:01.390 19757 19808 D cellinfo: 46 bytes from 44.241.174.93: icmp_seq=18569 ttl=26 time=156 ms
08-09 22:31:01.671 19757 19808 D cellinfo: 46 bytes from 44.241.174.93: icmp_seq=18570 ttl=26 time=237 ms
08-09 22:31:01.866 19757 19808 D cellinfo: 46 bytes from 44.241.174.93: icmp_seq=18571 ttl=26 time=230 ms
08-09 22:31:01.986 19757 19808 D cellinfo: 46 bytes from 44.241.174.93: icmp_seq=18572 ttl=26 time=149 ms
08-09 22:31:02.155 19757 19808 D cellinfo: 46 bytes from 44.241.174.93: icmp_seq=18573 ttl=26 time=116 ms
08-09 22:31:02.405 19757 19808 D cellinfo: 46 bytes from 44.241.174.93: icmp_seq=18574 ttl=26 time=162 ms
08-09 22:31:02.562 19757 19757 D cellinfo: Latitude is 40.6656224
08-09 22:31:02.562 19757 19757 D cellinfo: Longitude is -111.9524481
08-09 22:31:02.562 19757 19757 D cellinfo: Instantaneous GPS information: United States, 4853 Desert Dusk Rd, Taylorsville, UT 84129, USA
08-09 22:31:02.562 19757 19757 D cellinfo: getCurrentLocation() result: Location (success): 40.6656224, -111.9524481
08-09 22:31:02.563 19757 19757 D cellinfo: onsignalStrengthsChanged: LTE Signal Strength info: rsrp: -99 rsrq: -12 rssi: -63 rssnr: 3
08-09 22:31:02.564 19757 19757 D cellinfo: onsignalStrengthsChanged: 5G-NR Signal Strength info: ssrsrp: -102 ssrsrq: -16 sssinr: 2147483647
08-09 22:31:02.621 19757 19757 D cellinfo: onsignalStrengthsChanged: LTE Signal Strength info: rsrp: -99 rsrq: -12 rssi: -63 rssnr: 3
08-09 22:31:02.632 19757 19757 D cellinfo: onServiceStateChanged: Channel Number: 66786 Cell Bandwidths: [20000, 15000, 5000]
08-09 22:31:02.732 19757 19808 D cellinfo: 46 bytes from 44.241.174.93: icmp_seq=18576 ttl=26 time=86.9 ms
08-09 22:31:02.982 19757 19808 D cellinfo: 46 bytes from 44.241.174.93: icmp_seq=18577 ttl=26 time=135 ms
08-09 22:31:03.105 19757 19808 D cellinfo: 46 bytes from 44.241.174.93: icmp_seq=18578 ttl=26 time=57.1 ms
08-09 22:31:03.153 19757 19757 D cellinfo: onsignalStrengthsChanged: LTE Signal Strength info: rsrp: -99 rsrq: -12 rssi: -63 rssnr: 3
08-09 22:31:03.153 19757 19757 D cellinfo: onsignalStrengthsChanged: 5G-NR Signal Strength info: ssrsrp: -102 ssrsrq: -16 sssinr: 2147483647
08-09 22:31:03.179 19757 19757 D cellinfo: onServiceStateChanged: Channel Number: 66786 Cell Bandwidths: [20000, 15000, 5000]
08-09 22:31:03.310 19757 19808 D cellinfo: 46 bytes from 44.241.174.93: icmp_seq=18579 ttl=26 time=61.5 ms
08-09 22:31:03.440 19757 19757 D cellinfo: Latitude is 40.6656224
08-09 22:31:03.440 19757 19757 D cellinfo: Longitude is -111.9524481
08-09 22:31:03.440 19757 19757 D cellinfo: Instantaneous GPS information: United States, 4853 Desert Dusk Rd, Taylorsville, UT 84129, USA
08-09 22:31:03.440 19757 19757 D cellinfo: getCurrentLocation() result: Location (success): 40.6656224, -111.9524481
08-09 22:31:03.508 19757 19757 D cellinfo: onCellInfoChanged: Operator: T-Mobile UpdateTimestamp: 108266817 CellConnectionStatus: 0
08-09 22:31:03.508 19757 19757 D cellinfo: onCellInfoChanged: LTE Cell Bands: [66] Bandwidth: 20000 Cell ID: 21553154 Physical Cell ID: 113 Tracking Area Code: 11620 EARFCN: 66786
08-09 22:31:03.526 19757 19808 D cellinfo: 46 bytes from 44.241.174.93: icmp_seq=18580 ttl=26 time=76.7 ms
08-09 22:31:03.730 19757 19808 D cellinfo: 46 bytes from 44.241.174.93: icmp_seq=18581 ttl=26 time=80.3 ms
08-09 22:31:03.930 19757 19808 D cellinfo: 46 bytes from 44.241.174.93: icmp_seq=18582 ttl=26 time=79.6 ms
08-09 22:31:04.122 19757 19808 D cellinfo: 46 bytes from 44.241.174.93: icmp_seq=18583 ttl=26 time=70.3 ms
08-09 22:31:04.316 19757 19808 D cellinfo: 46 bytes from 44.241.174.93: icmp_seq=18584 ttl=26 time=63.4 ms
08-09 22:31:04.520 19757 19808 D cellinfo: 46 bytes from 44.241.174.93: icmp_seq=18585 ttl=26 time=66.9 ms
08-09 22:31:04.720 19757 19808 D cellinfo: 46 bytes from 44.241.174.93: icmp_seq=18586 ttl=26 time=66.0 ms
08-09 22:31:04.929 19757 19808 D cellinfo: 46 bytes from 44.241.174.93: icmp_seq=18587 ttl=26 time=74.9 ms
08-09 22:31:05.132 19757 19808 D cellinfo: 46 bytes from 44.241.174.93: icmp_seq=18588 ttl=26 time=76.6 ms
08-09 22:31:05.331 19757 19808 D cellinfo: 46 bytes from 44.241.174.93: icmp_seq=18589 ttl=26 time=74.6 ms
08-09 22:31:05.528 19757 19808 D cellinfo: 46 bytes from 44.241.174.93: icmp_seq=18590 ttl=26 time=70.8 ms
08-09 22:31:05.722 19757 19808 D cellinfo: 46 bytes from 44.241.174.93: icmp_seq=18591 ttl=26 time=64.7 ms
08-09 22:31:05.914 19757 19757 D cellinfo: onsignalStrengthsChanged: LTE Signal Strength info: rsrp: -103 rsrq: -18 rssi: -65 rssnr: -3
08-09 22:31:05.914 19757 19757 D cellinfo: onsignalStrengthsChanged: 5G-NR Signal Strength info: ssrsrp: -101 ssrsrq: -17 sssinr: -11
08-09 22:31:05.930 19757 19808 D cellinfo: 46 bytes from 44.241.174.93: icmp_seq=18592 ttl=26 time=72.8 ms
08-09 22:31:06.131 19757 19808 D cellinfo: 46 bytes from 44.241.174.93: icmp_seq=18593 ttl=26 time=73.3 ms
08-09 22:31:06.332 19757 19808 D cellinfo: 46 bytes from 44.241.174.93: icmp_seq=18594 ttl=26 time=73.5 ms
08-09 22:31:06.521 19757 19808 D cellinfo: 46 bytes from 44.241.174.93: icmp_seq=18595 ttl=26 time=61.8 ms
08-09 22:31:06.721 19757 19808 D cellinfo: 46 bytes from 44.241.174.93: icmp_seq=18596 ttl=26 time=59.7 ms
08-09 22:31:06.734 19757 19757 D cellinfo: Latitude is 40.6660076
08-09 22:31:06.734 19757 19757 D cellinfo: Longitude is -111.9524429
08-09 22:31:06.734 19757 19757 D cellinfo: Instantaneous GPS information: United States, 4777 Desert Dusk Rd, Taylorsville, UT 84129, USA
08-09 22:31:06.735 19757 19757 D cellinfo: getCurrentLocation() result: Location (success): 40.6660076, -111.9524429
08-09 22:31:06.736 19757 19757 D cellinfo: onCellInfoChanged: Operator: T-Mobile UpdateTimestamp: 108269786 CellConnectionStatus: 0
08-09 22:31:06.736 19757 19757 D cellinfo: onCellInfoChanged: LTE Cell Bands: [66] Bandwidth: 20000 Cell ID: 21553154 Physical Cell ID: 113 Tracking Area Code: 11620 EARFCN: 66786
08-09 22:31:06.921 19757 19808 D cellinfo: 46 bytes from 44.241.174.93: icmp_seq=18597 ttl=26 time=59.0 ms
08-09 22:31:07.403 19757 19808 D cellinfo: 46 bytes from 44.241.174.93: icmp_seq=18598 ttl=26 time=340 ms
08-09 22:31:07.404 19757 19808 D cellinfo: 46 bytes from 44.241.174.93: icmp_seq=18599 ttl=26 time=137 ms
08-09 22:31:07.538 19757 19808 D cellinfo: 46 bytes from 44.241.174.93: icmp_seq=18600 ttl=26 time=72.3 ms
08-09 22:31:07.882 19757 19757 D cellinfo: onsignalStrengthsChanged: LTE Signal Strength info: rsrp: -87 rsrq: -11 rssi: -51 rssnr: 10
08-09 22:31:07.882 19757 19757 D cellinfo: onsignalStrengthsChanged: 5G-NR Signal Strength info: ssrsrp: -101 ssrsrq: -17 sssinr: -11
08-09 22:31:08.043 19757 19808 D cellinfo: 46 bytes from 44.241.174.93: icmp_seq=18601 ttl=26 time=376 ms
08-09 22:31:08.044 19757 19808 D cellinfo: 46 bytes from 44.241.174.93: icmp_seq=18602 ttl=26 time=174 ms
08-09 22:31:08.147 19757 19808 D cellinfo: 46 bytes from 44.241.174.93: icmp_seq=18603 ttl=26 time=78.1 ms
08-09 22:31:08.363 19757 19808 D cellinfo: 46 bytes from 44.241.174.93: icmp_seq=18604 ttl=26 time=93.4 ms
08-09 22:31:08.683 19757 19808 D cellinfo: 46 bytes from 44.241.174.93: icmp_seq=18605 ttl=26 time=212 ms
08-09 22:31:08.743 19757 19808 D cellinfo: 46 bytes from 44.241.174.93: icmp_seq=18606 ttl=26 time=70.8 ms
08-09 22:31:08.914 19757 19757 D cellinfo: onsignalStrengthsChanged: LTE Signal Strength info: rsrp: -87 rsrq: -11 rssi: -51 rssnr: 10
08-09 22:31:08.914 19757 19757 D cellinfo: onsignalStrengthsChanged: 5G-NR Signal Strength info: ssrsrp: -103 ssrsrq: -16 sssinr: 2147483647
08-09 22:31:09.323 19757 19808 D cellinfo: 46 bytes from 44.241.174.93: icmp_seq=18607 ttl=26 time=450 ms
08-09 22:31:09.324 19757 19808 D cellinfo: 46 bytes from 44.241.174.93: icmp_seq=18608 ttl=26 time=248 ms
08-09 22:31:09.350 19757 19808 D cellinfo: 46 bytes from 44.241.174.93: icmp_seq=18609 ttl=26 time=70.9 ms
08-09 22:31:09.570 19757 19808 D cellinfo: 46 bytes from 44.241.174.93: icmp_seq=18610 ttl=26 time=90.8 ms
08-09 22:31:09.760 19757 19808 D cellinfo: 46 bytes from 44.241.174.93: icmp_seq=18611 ttl=26 time=80.8 ms
08-09 22:31:09.838 19757 19757 D cellinfo: Latitude is 40.6666237
08-09 22:31:09.838 19757 19757 D cellinfo: Longitude is -111.9524374
08-09 22:31:09.838 19757 19757 D cellinfo: Instantaneous GPS information: United States, 4700 I-215, Taylorsville, UT 84123, USA
08-09 22:31:09.838 19757 19757 D cellinfo: getCurrentLocation() result: Location (success): 40.6666237, -111.9524374
08-09 22:31:09.840 19757 19757 D cellinfo: onCellInfoChanged: Operator: T-Mobile UpdateTimestamp: 108272812 CellConnectionStatus: 0
08-09 22:31:09.840 19757 19757 D cellinfo: onCellInfoChanged: LTE Cell Bands: [66] Bandwidth: 20000 Cell ID: 21553154 Physical Cell ID: 113 Tracking Area Code: 11620 EARFCN: 66786
08-09 22:31:09.965 19757 19808 D cellinfo: 46 bytes from 44.241.174.93: icmp_seq=18612 ttl=26 time=85.2 ms
08-09 22:31:10.322 19757 19808 D cellinfo: 46 bytes from 44.241.174.93: icmp_seq=18613 ttl=26 time=241 ms
08-09 22:31:10.366 19757 19808 D cellinfo: 46 bytes from 44.241.174.93: icmp_seq=18614 ttl=26 time=83.3 ms
08-09 22:31:10.566 19757 19808 D cellinfo: 46 bytes from 44.241.174.93: icmp_seq=18615 ttl=26 time=82.5 ms
08-09 22:31:10.768 19757 19808 D cellinfo: 46 bytes from 44.241.174.93: icmp_seq=18616 ttl=26 time=83.1 ms
08-09 22:31:11.016 19757 19808 D cellinfo: 46 bytes from 44.241.174.93: icmp_seq=18617 ttl=26 time=130 ms
08-09 22:31:11.146 19757 19808 D cellinfo: 46 bytes from 44.241.174.93: icmp_seq=18618 ttl=26 time=61.5 ms
08-09 22:31:11.361 19757 19808 D cellinfo: 46 bytes from 44.241.174.93: icmp_seq=18619 ttl=26 time=75.6 ms
08-09 22:31:11.556 19757 19808 D cellinfo: 46 bytes from 44.241.174.93: icmp_seq=18620 ttl=26 time=70.1 ms
08-09 22:31:11.915 19757 19757 D cellinfo: onsignalStrengthsChanged: LTE Signal Strength info: rsrp: -87 rsrq: -11 rssi: -51 rssnr: 10
08-09 22:31:11.915 19757 19757 D cellinfo: onsignalStrengthsChanged: 5G-NR Signal Strength info: ssrsrp: -103 ssrsrq: -15 sssinr: -5
08-09 22:31:12.277 19757 19808 D cellinfo: 46 bytes from 44.241.174.93: icmp_seq=18621 ttl=26 time=589 ms
08-09 22:31:12.277 19757 19808 D cellinfo: 46 bytes from 44.241.174.93: icmp_seq=18622 ttl=26 time=387 ms
08-09 22:31:12.277 19757 19808 D cellinfo: 46 bytes from 44.241.174.93: icmp_seq=18623 ttl=26 time=184 ms
08-09 22:31:12.360 19757 19757 D cellinfo: onsignalStrengthsChanged: LTE Signal Strength info: rsrp: -86 rsrq: -10 rssi: -53 rssnr: 12
08-09 22:31:12.360 19757 19757 D cellinfo: onsignalStrengthsChanged: 5G-NR Signal Strength info: ssrsrp: -103 ssrsrq: -15 sssinr: -5
08-09 22:31:12.390 19757 19808 D cellinfo: 46 bytes from 44.241.174.93: icmp_seq=18624 ttl=26 time=97.5 ms
08-09 22:31:12.580 19757 19808 D cellinfo: 46 bytes from 44.241.174.93: icmp_seq=18625 ttl=26 time=85.9 ms
08-09 22:31:12.787 19757 19808 D cellinfo: 46 bytes from 44.241.174.93: icmp_seq=18626 ttl=26 time=92.3 ms
08-09 22:31:12.852 19757 19757 D cellinfo: Latitude is 40.6668926
08-09 22:31:12.852 19757 19757 D cellinfo: Longitude is -111.9524304
08-09 22:31:12.852 19757 19757 D cellinfo: Instantaneous GPS information: United States, 4700 I-215, Taylorsville, UT 84123, USA
08-09 22:31:12.852 19757 19757 D cellinfo: getCurrentLocation() result: Location (success): 40.6668926, -111.9524304
08-09 22:31:12.854 19757 19757 D cellinfo: onCellInfoChanged: Operator: T-Mobile UpdateTimestamp: 108275809 CellConnectionStatus: 0
08-09 22:31:12.855 19757 19757 D cellinfo: onCellInfoChanged: LTE Cell Bands: [66] Bandwidth: 20000 Cell ID: 21553154 Physical Cell ID: 113 Tracking Area Code: 11620 EARFCN: 66786
08-09 22:31:12.986 19757 19808 D cellinfo: 46 bytes from 44.241.174.93: icmp_seq=18627 ttl=26 time=90.4 ms
08-09 22:31:13.170 19757 19808 D cellinfo: 46 bytes from 44.241.174.93: icmp_seq=18628 ttl=26 time=73.7 ms
08-09 22:31:13.397 19757 19808 D cellinfo: 46 bytes from 44.241.174.93: icmp_seq=18629 ttl=26 time=98.9 ms
08-09 22:31:13.566 19757 19808 D cellinfo: 46 bytes from 44.241.174.93: icmp_seq=18630 ttl=26 time=67.6 ms
08-09 22:31:13.791 19757 19808 D cellinfo: 46 bytes from 44.241.174.93: icmp_seq=18631 ttl=26 time=91.2 ms
08-09 22:31:13.975 19757 19808 D cellinfo: 46 bytes from 44.241.174.93: icmp_seq=18632 ttl=26 time=74.8 ms
08-09 22:31:14.451 19757 19808 D cellinfo: 46 bytes from 44.241.174.93: icmp_seq=18633 ttl=26 time=351 ms
08-09 22:31:14.452 19757 19808 D cellinfo: 46 bytes from 44.241.174.93: icmp_seq=18634 ttl=26 time=149 ms
08-09 22:31:14.599 19757 19757 D cellinfo: onsignalStrengthsChanged: LTE Signal Strength info: rsrp: -80 rsrq: -9 rssi: -53 rssnr: 14
08-09 22:31:14.599 19757 19757 D cellinfo: onsignalStrengthsChanged: 5G-NR Signal Strength info: ssrsrp: -103 ssrsrq: -15 sssinr: -5
08-09 22:31:14.604 19757 19808 D cellinfo: 46 bytes from 44.241.174.93: icmp_seq=18635 ttl=26 time=100 ms
08-09 22:31:14.914 19757 19757 D cellinfo: onsignalStrengthsChanged: LTE Signal Strength info: rsrp: -80 rsrq: -9 rssi: -53 rssnr: 14
08-09 22:31:14.914 19757 19757 D cellinfo: onsignalStrengthsChanged: 5G-NR Signal Strength info: ssrsrp: -104 ssrsrq: -15 sssinr: 2
08-09 22:31:15.083 19757 19808 D cellinfo: 46 bytes from 44.241.174.93: icmp_seq=18636 ttl=26 time=380 ms
08-09 22:31:15.206 19757 19808 D cellinfo: 46 bytes from 44.241.174.93: icmp_seq=18637 ttl=26 time=300 ms
08-09 22:31:15.210 19757 19808 D cellinfo: 46 bytes from 44.241.174.93: icmp_seq=18638 ttl=26 time=104 ms
08-09 22:31:15.390 19757 19808 D cellinfo: 46 bytes from 44.241.174.93: icmp_seq=18639 ttl=26 time=83.4 ms
08-09 22:31:15.498 19757 19757 D cellinfo: onCellInfoChanged: Operator: T-Mobile UpdateTimestamp: 108278803 CellConnectionStatus: 0
08-09 22:31:15.498 19757 19757 D cellinfo: onCellInfoChanged: LTE Cell Bands: [66] Bandwidth: 20000 Cell ID: 21553154 Physical Cell ID: 113 Tracking Area Code: 11620 EARFCN: 66786
08-09 22:31:15.581 19757 19808 D cellinfo: 46 bytes from 44.241.174.93: icmp_seq=18640 ttl=26 time=73.4 ms
08-09 22:31:15.782 19757 19808 D cellinfo: 46 bytes from 44.241.174.93: icmp_seq=18641 ttl=26 time=73.4 ms
08-09 22:31:15.992 19757 19808 D cellinfo: 46 bytes from 44.241.174.93: icmp_seq=18642 ttl=26 time=83.2 ms
08-09 22:31:16.182 19757 19808 D cellinfo: 46 bytes from 44.241.174.93: icmp_seq=18643 ttl=26 time=72.3 ms
08-09 22:31:16.381 19757 19808 D cellinfo: 46 bytes from 44.241.174.93: icmp_seq=18644 ttl=26 time=70.2 ms
08-09 22:31:16.585 19757 19808 D cellinfo: 46 bytes from 44.241.174.93: icmp_seq=18645 ttl=26 time=71.4 ms
08-09 22:31:16.684 19757 19757 D cellinfo: Latitude is 40.6696329
08-09 22:31:16.684 19757 19757 D cellinfo: Longitude is -111.9517939
08-09 22:31:16.684 19757 19757 D cellinfo: Instantaneous GPS information: United States, 4618 Edgeware Ln, Taylorsville, UT 84129, USA
08-09 22:31:16.684 19757 19757 D cellinfo: getCurrentLocation() result: Location (success): 40.6696329, -111.9517939
08-09 22:31:16.796 19757 19808 D cellinfo: 46 bytes from 44.241.174.93: icmp_seq=18646 ttl=26 time=81.9 ms
08-09 22:31:16.840 19757 19757 D cellinfo: onsignalStrengthsChanged: LTE Signal Strength info: rsrp: -85 rsrq: -13 rssi: -57 rssnr: 10
08-09 22:31:16.840 19757 19757 D cellinfo: onsignalStrengthsChanged: 5G-NR Signal Strength info: ssrsrp: -104 ssrsrq: -15 sssinr: 2
08-09 22:31:17.002 19757 19808 D cellinfo: 46 bytes from 44.241.174.93: icmp_seq=18647 ttl=26 time=87.2 ms
08-09 22:31:17.133 19757 19757 D cellinfo: onsignalStrengthsChanged: LTE Signal Strength info: rsrp: -85 rsrq: -13 rssi: -57 rssnr: 10
08-09 22:31:17.133 19757 19757 D cellinfo: onsignalStrengthsChanged: 5G-NR Signal Strength info: ssrsrp: -110 ssrsrq: -18 sssinr: 2147483647
08-09 22:31:17.183 19757 19808 D cellinfo: 46 bytes from 44.241.174.93: icmp_seq=18648 ttl=26 time=69.0 ms
08-09 22:31:17.471 19757 19808 D cellinfo: 46 bytes from 44.241.174.93: icmp_seq=18649 ttl=26 time=156 ms
08-09 22:31:17.598 19757 19808 D cellinfo: 46 bytes from 44.241.174.93: icmp_seq=18650 ttl=26 time=82.0 ms
08-09 22:31:17.600 19757 19757 D cellinfo: onsignalStrengthsChanged: LTE Signal Strength info: rsrp: -85 rsrq: -13 rssi: -57 rssnr: 10
08-09 22:31:17.615 19757 19757 D cellinfo: onServiceStateChanged: Channel Number: 66786 Cell Bandwidths: [20000, 15000, 5000]
08-09 22:31:17.843 19757 19808 D cellinfo: 46 bytes from 44.241.174.93: icmp_seq=18651 ttl=26 time=127 ms
08-09 22:31:18.026 19757 19808 D cellinfo: 46 bytes from 44.241.174.93: icmp_seq=18652 ttl=26 time=108 ms
08-09 22:31:18.226 19757 19808 D cellinfo: 46 bytes from 44.241.174.93: icmp_seq=18653 ttl=26 time=110 ms
08-09 22:31:18.338 19757 19757 D cellinfo: onsignalStrengthsChanged: LTE Signal Strength info: rsrp: -85 rsrq: -13 rssi: -57 rssnr: 10
08-09 22:31:18.338 19757 19757 D cellinfo: onsignalStrengthsChanged: 5G-NR Signal Strength info: ssrsrp: -110 ssrsrq: -18 sssinr: 2147483647
08-09 22:31:18.362 19757 19757 D cellinfo: onServiceStateChanged: Channel Number: 66786 Cell Bandwidths: [20000, 15000, 5000]
08-09 22:31:18.431 19757 19757 D cellinfo: Latitude is 40.6696329
08-09 22:31:18.431 19757 19757 D cellinfo: Longitude is -111.9517939
08-09 22:31:18.431 19757 19757 D cellinfo: Instantaneous GPS information: United States, 4618 Edgeware Ln, Taylorsville, UT 84129, USA
08-09 22:31:18.431 19757 19757 D cellinfo: getCurrentLocation() result: Location (success): 40.6696329, -111.9517939
08-09 22:31:18.466 19757 19757 D cellinfo: onCellInfoChanged: Operator: T-Mobile UpdateTimestamp: 108281770 CellConnectionStatus: 0
08-09 22:31:18.466 19757 19757 D cellinfo: onCellInfoChanged: LTE Cell Bands: [66] Bandwidth: 20000 Cell ID: 21553154 Physical Cell ID: 113 Tracking Area Code: 11620 EARFCN: 66786
08-09 22:31:18.470 19757 19808 D cellinfo: 46 bytes from 44.241.174.93: icmp_seq=18654 ttl=26 time=153 ms
