08-09 22:37:22.654 19757 19808 D cellinfo: 46 bytes from 44.241.174.93: icmp_seq=20468 ttl=30 time=72.4 ms
08-09 22:37:22.853 19757 19808 D cellinfo: 46 bytes from 44.241.174.93: icmp_seq=20469 ttl=30 time=70.8 ms
08-09 22:37:22.910 19757 19757 D cellinfo: onsignalStrengthsChanged: LTE Signal Strength info: rsrp: -73 rsrq: -13 rssi: -51 rssnr: 11
08-09 22:37:22.910 19757 19757 D cellinfo: onsignalStrengthsChanged: 5G-NR Signal Strength info: ssrsrp: -113 ssrsrq: -15 sssinr: 0
08-09 22:37:23.054 19757 19808 D cellinfo: 46 bytes from 44.241.174.93: icmp_seq=20470 ttl=30 time=71.0 ms
08-09 22:37:23.260 19757 19808 D cellinfo: 46 bytes from 44.241.174.93: icmp_seq=20471 ttl=30 time=77.6 ms
08-09 22:37:23.464 19757 19808 D cellinfo: 46 bytes from 44.241.174.93: icmp_seq=20472 ttl=30 time=80.6 ms
08-09 22:37:23.654 19757 19808 D cellinfo: 46 bytes from 44.241.174.93: icmp_seq=20473 ttl=30 time=69.1 ms
08-09 22:37:23.853 19757 19808 D cellinfo: 46 bytes from 44.241.174.93: icmp_seq=20474 ttl=30 time=68.1 ms
08-09 22:37:24.054 19757 19808 D cellinfo: 46 bytes from 44.241.174.93: icmp_seq=20475 ttl=30 time=67.8 ms
08-09 22:37:24.202 19757 19757 D cellinfo: onsignalStrengthsChanged: LTE Signal Strength info: rsrp: -79 rsrq: -14 rssi: -51 rssnr: 7
08-09 22:37:24.202 19757 19757 D cellinfo: onsignalStrengthsChanged: 5G-NR Signal Strength info: ssrsrp: -113 ssrsrq: -15 sssinr: 0
08-09 22:37:24.276 19757 19808 D cellinfo: 46 bytes from 44.241.174.93: icmp_seq=20476 ttl=30 time=90.0 ms
08-09 22:37:24.443 19757 19757 D cellinfo: Latitude is 40.7049448
08-09 22:37:24.443 19757 19757 D cellinfo: Longitude is -111.9502929
08-09 22:37:24.443 19757 19757 D cellinfo: Instantaneous GPS information: United States, 3032 Decker Lake Dr, West Valley City, UT 84119, USA
08-09 22:37:24.443 19757 19757 D cellinfo: getCurrentLocation() result: Location (success): 40.7049448, -111.9502929
08-09 22:37:24.454 19757 19808 D cellinfo: 46 bytes from 44.241.174.93: icmp_seq=20477 ttl=30 time=67.9 ms
08-09 22:37:24.506 19757 19757 D cellinfo: onCellInfoChanged: Operator: T-Mobile UpdateTimestamp: 108647812 CellConnectionStatus: 0
08-09 22:37:24.507 19757 19757 D cellinfo: onCellInfoChanged: LTE Cell Bands: [2] Bandwidth: 15000 Cell ID: 21595403 Physical Cell ID: 410 Tracking Area Code: 11620 EARFCN: 675
08-09 22:37:24.660 19757 19808 D cellinfo: 46 bytes from 44.241.174.93: icmp_seq=20478 ttl=30 time=72.7 ms
08-09 22:37:24.858 19757 19808 D cellinfo: 46 bytes from 44.241.174.93: icmp_seq=20479 ttl=30 time=70.3 ms
08-09 22:37:25.064 19757 19808 D cellinfo: 46 bytes from 44.241.174.93: icmp_seq=20480 ttl=30 time=75.4 ms
08-09 22:37:25.259 19757 19808 D cellinfo: 46 bytes from 44.241.174.93: icmp_seq=20481 ttl=30 time=70.0 ms
08-09 22:37:25.460 19757 19808 D cellinfo: 46 bytes from 44.241.174.93: icmp_seq=20482 ttl=30 time=70.0 ms
08-09 22:37:25.659 19757 19808 D cellinfo: 46 bytes from 44.241.174.93: icmp_seq=20483 ttl=30 time=68.1 ms
08-09 22:37:25.859 19757 19808 D cellinfo: 46 bytes from 44.241.174.93: icmp_seq=20484 ttl=30 time=67.8 ms
08-09 22:37:25.912 19757 19757 D cellinfo: onsignalStrengthsChanged: LTE Signal Strength info: rsrp: -79 rsrq: -14 rssi: -51 rssnr: 7
08-09 22:37:25.912 19757 19757 D cellinfo: onsignalStrengthsChanged: 5G-NR Signal Strength info: ssrsrp: -111 ssrsrq: -14 sssinr: -1
08-09 22:37:26.065 19757 19808 D cellinfo: 46 bytes from 44.241.174.93: icmp_seq=20485 ttl=30 time=73.0 ms
08-09 22:37:26.260 19757 19808 D cellinfo: 46 bytes from 44.241.174.93: icmp_seq=20486 ttl=30 time=68.6 ms
08-09 22:37:26.441 19757 19757 D cellinfo: onsignalStrengthsChanged: LTE Signal Strength info: rsrp: -78 rsrq: -15 rssi: -51 rssnr: 5
08-09 22:37:26.441 19757 19757 D cellinfo: onsignalStrengthsChanged: 5G-NR Signal Strength info: ssrsrp: -111 ssrsrq: -14 sssinr: -1
08-09 22:37:26.464 19757 19808 D cellinfo: 46 bytes from 44.241.174.93: icmp_seq=20487 ttl=30 time=72.0 ms
08-09 22:37:26.663 19757 19808 D cellinfo: 46 bytes from 44.241.174.93: icmp_seq=20488 ttl=30 time=70.0 ms
08-09 22:37:26.863 19757 19808 D cellinfo: 46 bytes from 44.241.174.93: icmp_seq=20489 ttl=30 time=69.5 ms
08-09 22:37:27.063 19757 19808 D cellinfo: 46 bytes from 44.241.174.93: icmp_seq=20490 ttl=30 time=68.7 ms
08-09 22:37:27.264 19757 19808 D cellinfo: 46 bytes from 44.241.174.93: icmp_seq=20491 ttl=30 time=70.0 ms
08-09 22:37:27.442 19757 19757 D cellinfo: Latitude is 40.7049399
08-09 22:37:27.442 19757 19757 D cellinfo: Longitude is -111.9503391
08-09 22:37:27.442 19757 19757 D cellinfo: Instantaneous GPS information: United States, 3032 Decker Lake Dr, West Valley City, UT 84119, USA
08-09 22:37:27.442 19757 19757 D cellinfo: getCurrentLocation() result: Location (success): 40.7049399, -111.9503391
08-09 22:37:27.464 19757 19808 D cellinfo: 46 bytes from 44.241.174.93: icmp_seq=20492 ttl=30 time=68.7 ms
08-09 22:37:27.509 19757 19757 D cellinfo: onCellInfoChanged: Operator: T-Mobile UpdateTimestamp: 108650816 CellConnectionStatus: 0
08-09 22:37:27.510 19757 19757 D cellinfo: onCellInfoChanged: LTE Cell Bands: [2] Bandwidth: 15000 Cell ID: 21595403 Physical Cell ID: 410 Tracking Area Code: 11620 EARFCN: 675
08-09 22:37:27.664 19757 19808 D cellinfo: 46 bytes from 44.241.174.93: icmp_seq=20493 ttl=30 time=67.7 ms
08-09 22:37:27.865 19757 19808 D cellinfo: 46 bytes from 44.241.174.93: icmp_seq=20494 ttl=30 time=67.7 ms
08-09 22:37:28.069 19757 19808 D cellinfo: 46 bytes from 44.241.174.93: icmp_seq=20495 ttl=30 time=71.1 ms
08-09 22:37:28.268 19757 19808 D cellinfo: 46 bytes from 44.241.174.93: icmp_seq=20496 ttl=30 time=70.4 ms
08-09 22:37:28.469 19757 19808 D cellinfo: 46 bytes from 44.241.174.93: icmp_seq=20497 ttl=30 time=69.7 ms
08-09 22:37:28.668 19757 19808 D cellinfo: 46 bytes from 44.241.174.93: icmp_seq=20498 ttl=30 time=69.2 ms
08-09 22:37:28.683 19757 19757 D cellinfo: onsignalStrengthsChanged: LTE Signal Strength info: rsrp: -80 rsrq: -16 rssi: -51 rssnr: 6
08-09 22:37:28.683 19757 19757 D cellinfo: onsignalStrengthsChanged: 5G-NR Signal Strength info: ssrsrp: -111 ssrsrq: -14 sssinr: -1
08-09 22:37:28.868 19757 19808 D cellinfo: 46 bytes from 44.241.174.93: icmp_seq=20499 ttl=30 time=68.4 ms
08-09 22:37:28.910 19757 19757 D cellinfo: onsignalStrengthsChanged: LTE Signal Strength info: rsrp: -80 rsrq: -16 rssi: -51 rssnr: 6
08-09 22:37:28.910 19757 19757 D cellinfo: onsignalStrengthsChanged: 5G-NR Signal Strength info: ssrsrp: -113 ssrsrq: -14 sssinr: -16
08-09 22:37:29.068 19757 19808 D cellinfo: 46 bytes from 44.241.174.93: icmp_seq=20500 ttl=30 time=67.8 ms
08-09 22:37:29.269 19757 19808 D cellinfo: 46 bytes from 44.241.174.93: icmp_seq=20501 ttl=30 time=68.4 ms
08-09 22:37:29.469 19757 19808 D cellinfo: 46 bytes from 44.241.174.93: icmp_seq=20502 ttl=30 time=67.6 ms
08-09 22:37:29.674 19757 19808 D cellinfo: 46 bytes from 44.241.174.93: icmp_seq=20503 ttl=30 time=71.0 ms
08-09 22:37:29.874 19757 19808 D cellinfo: 46 bytes from 44.241.174.93: icmp_seq=20504 ttl=30 time=70.6 ms
08-09 22:37:30.074 19757 19808 D cellinfo: 46 bytes from 44.241.174.93: icmp_seq=20505 ttl=30 time=69.1 ms
08-09 22:37:30.279 19757 19808 D cellinfo: 46 bytes from 44.241.174.93: icmp_seq=20506 ttl=30 time=73.9 ms
08-09 22:37:30.443 19757 19757 D cellinfo: Latitude is 40.7049503
08-09 22:37:30.443 19757 19757 D cellinfo: Longitude is -111.9503249
08-09 22:37:30.443 19757 19757 D cellinfo: Instantaneous GPS information: United States, 3032 Decker Lake Dr, West Valley City, UT 84119, USA
08-09 22:37:30.443 19757 19757 D cellinfo: getCurrentLocation() result: Location (success): 40.7049503, -111.9503249
08-09 22:37:30.475 19757 19808 D cellinfo: 46 bytes from 44.241.174.93: icmp_seq=20507 ttl=30 time=69.2 ms
08-09 22:37:30.508 19757 19757 D cellinfo: onCellInfoChanged: Operator: T-Mobile UpdateTimestamp: 108653813 CellConnectionStatus: 0
08-09 22:37:30.508 19757 19757 D cellinfo: onCellInfoChanged: LTE Cell Bands: [2] Bandwidth: 15000 Cell ID: 21595403 Physical Cell ID: 410 Tracking Area Code: 11620 EARFCN: 675
08-09 22:37:30.674 19757 19808 D cellinfo: 46 bytes from 44.241.174.93: icmp_seq=20508 ttl=30 time=68.1 ms
08-09 22:37:30.881 19757 19808 D cellinfo: 46 bytes from 44.241.174.93: icmp_seq=20509 ttl=30 time=73.9 ms
08-09 22:37:31.074 19757 19808 D cellinfo: 46 bytes from 44.241.174.93: icmp_seq=20510 ttl=30 time=66.8 ms
08-09 22:37:31.279 19757 19808 D cellinfo: 46 bytes from 44.241.174.93: icmp_seq=20511 ttl=30 time=71.9 ms
08-09 22:37:31.479 19757 19808 D cellinfo: 46 bytes from 44.241.174.93: icmp_seq=20512 ttl=30 time=71.2 ms
08-09 22:37:31.680 19757 19808 D cellinfo: 46 bytes from 44.241.174.93: icmp_seq=20513 ttl=30 time=71.2 ms
08-09 22:37:31.882 19757 19808 D cellinfo: 46 bytes from 44.241.174.93: icmp_seq=20514 ttl=30 time=73.1 ms
08-09 22:37:31.910 19757 19757 D cellinfo: onsignalStrengthsChanged: LTE Signal Strength info: rsrp: -80 rsrq: -16 rssi: -51 rssnr: 6
08-09 22:37:31.911 19757 19757 D cellinfo: onsignalStrengthsChanged: 5G-NR Signal Strength info: ssrsrp: -114 ssrsrq: -15 sssinr: -9
08-09 22:37:32.078 19757 19808 D cellinfo: 46 bytes from 44.241.174.93: icmp_seq=20515 ttl=30 time=68.7 ms
08-09 22:37:32.279 19757 19808 D cellinfo: 46 bytes from 44.241.174.93: icmp_seq=20516 ttl=30 time=67.8 ms
08-09 22:37:32.480 19757 19808 D cellinfo: 46 bytes from 44.241.174.93: icmp_seq=20517 ttl=30 time=68.8 ms
08-09 22:37:32.683 19757 19808 D cellinfo: 46 bytes from 44.241.174.93: icmp_seq=20518 ttl=30 time=71.1 ms
08-09 22:37:32.880 19757 19808 D cellinfo: 46 bytes from 44.241.174.93: icmp_seq=20519 ttl=30 time=67.6 ms
08-09 22:37:33.085 19757 19808 D cellinfo: 46 bytes from 44.241.174.93: icmp_seq=20520 ttl=30 time=71.6 ms
08-09 22:37:33.161 19757 19757 D cellinfo: onsignalStrengthsChanged: LTE Signal Strength info: rsrp: -77 rsrq: -14 rssi: -51 rssnr: 11
08-09 22:37:33.161 19757 19757 D cellinfo: onsignalStrengthsChanged: 5G-NR Signal Strength info: ssrsrp: -114 ssrsrq: -15 sssinr: -9
08-09 22:37:33.288 19757 19808 D cellinfo: 46 bytes from 44.241.174.93: icmp_seq=20521 ttl=30 time=74.0 ms
08-09 22:37:33.440 19757 19757 D cellinfo: Latitude is 40.7049323
08-09 22:37:33.441 19757 19757 D cellinfo: Longitude is -111.9502814
08-09 22:37:33.441 19757 19757 D cellinfo: Instantaneous GPS information: United States, 3032 Decker Lake Dr, West Valley City, UT 84119, USA
08-09 22:37:33.441 19757 19757 D cellinfo: getCurrentLocation() result: Location (success): 40.7049323, -111.9502814
08-09 22:37:33.488 19757 19757 D cellinfo: onCellInfoChanged: Operator: T-Mobile UpdateTimestamp: 108656797 CellConnectionStatus: 0
08-09 22:37:33.488 19757 19757 D cellinfo: onCellInfoChanged: LTE Cell Bands: [2] Bandwidth: 15000 Cell ID: 21595403 Physical Cell ID: 410 Tracking Area Code: 11620 EARFCN: 675
08-09 22:37:33.489 19757 19808 D cellinfo: 46 bytes from 44.241.174.93: icmp_seq=20522 ttl=30 time=74.0 ms
08-09 22:37:33.693 19757 19808 D cellinfo: 46 bytes from 44.241.174.93: icmp_seq=20523 ttl=30 time=78.4 ms
08-09 22:37:33.883 19757 19808 D cellinfo: 46 bytes from 44.241.174.93: icmp_seq=20524 ttl=30 time=67.6 ms
08-09 22:37:34.095 19757 19808 D cellinfo: 46 bytes from 44.241.174.93: icmp_seq=20525 ttl=30 time=77.7 ms
08-09 22:37:34.290 19757 19808 D cellinfo: 46 bytes from 44.241.174.93: icmp_seq=20526 ttl=30 time=72.7 ms
08-09 22:37:34.490 19757 19808 D cellinfo: 46 bytes from 44.241.174.93: icmp_seq=20527 ttl=30 time=71.9 ms
08-09 22:37:34.690 19757 19808 D cellinfo: 46 bytes from 44.241.174.93: icmp_seq=20528 ttl=30 time=71.3 ms
08-09 22:37:34.889 19757 19808 D cellinfo: 46 bytes from 44.241.174.93: icmp_seq=20529 ttl=30 time=68.9 ms
08-09 22:37:34.910 19757 19757 D cellinfo: onsignalStrengthsChanged: LTE Signal Strength info: rsrp: -77 rsrq: -14 rssi: -51 rssnr: 11
08-09 22:37:34.910 19757 19757 D cellinfo: onsignalStrengthsChanged: 5G-NR Signal Strength info: ssrsrp: -114 ssrsrq: -15 sssinr: -11
08-09 22:37:35.104 19757 19808 D cellinfo: 46 bytes from 44.241.174.93: icmp_seq=20530 ttl=30 time=84.4 ms
08-09 22:37:35.290 19757 19808 D cellinfo: 46 bytes from 44.241.174.93: icmp_seq=20531 ttl=30 time=69.2 ms
08-09 22:37:35.399 19757 19757 D cellinfo: onsignalStrengthsChanged: LTE Signal Strength info: rsrp: -74 rsrq: -12 rssi: -51 rssnr: 12
08-09 22:37:35.399 19757 19757 D cellinfo: onsignalStrengthsChanged: 5G-NR Signal Strength info: ssrsrp: -114 ssrsrq: -15 sssinr: -11
08-09 22:37:35.488 19757 19808 D cellinfo: 46 bytes from 44.241.174.93: icmp_seq=20532 ttl=30 time=66.5 ms
08-09 22:37:35.704 19757 19808 D cellinfo: 46 bytes from 44.241.174.93: icmp_seq=20533 ttl=30 time=81.3 ms
08-09 22:37:35.899 19757 19808 D cellinfo: 46 bytes from 44.241.174.93: icmp_seq=20534 ttl=30 time=76.0 ms
08-09 22:37:36.095 19757 19808 D cellinfo: 46 bytes from 44.241.174.93: icmp_seq=20535 ttl=30 time=70.6 ms
08-09 22:37:36.294 19757 19808 D cellinfo: 46 bytes from 44.241.174.93: icmp_seq=20536 ttl=30 time=68.6 ms
08-09 22:37:36.443 19757 19757 D cellinfo: Latitude is 40.7049804
08-09 22:37:36.443 19757 19757 D cellinfo: Longitude is -111.9503481
08-09 22:37:36.443 19757 19757 D cellinfo: Instantaneous GPS information: United States, 3074 Decker Lake Dr, West Valley City, UT 84119, USA
08-09 22:37:36.443 19757 19757 D cellinfo: getCurrentLocation() result: Location (success): 40.7049804, -111.9503481
08-09 22:37:36.494 19757 19808 D cellinfo: 46 bytes from 44.241.174.93: icmp_seq=20537 ttl=30 time=67.7 ms
08-09 22:37:36.503 19757 19757 D cellinfo: onCellInfoChanged: Operator: T-Mobile UpdateTimestamp: 108659803 CellConnectionStatus: 0
08-09 22:37:36.503 19757 19757 D cellinfo: onCellInfoChanged: LTE Cell Bands: [2] Bandwidth: 15000 Cell ID: 21595403 Physical Cell ID: 410 Tracking Area Code: 11620 EARFCN: 675
08-09 22:37:36.690 19757 19808 D cellinfo: 46 bytes from 44.241.174.93: icmp_seq=20538 ttl=30 time=63.1 ms
08-09 22:37:36.894 19757 19808 D cellinfo: 46 bytes from 44.241.174.93: icmp_seq=20539 ttl=30 time=66.5 ms
08-09 22:37:37.099 19757 19808 D cellinfo: 46 bytes from 44.241.174.93: icmp_seq=20540 ttl=30 time=70.6 ms
08-09 22:37:37.299 19757 19808 D cellinfo: 46 bytes from 44.241.174.93: icmp_seq=20541 ttl=30 time=68.8 ms
08-09 22:37:37.498 19757 19808 D cellinfo: 46 bytes from 44.241.174.93: icmp_seq=20542 ttl=30 time=68.0 ms
08-09 22:37:37.642 19757 19757 D cellinfo: onsignalStrengthsChanged: LTE Signal Strength info: rsrp: -82 rsrq: -13 rssi: -51 rssnr: 5
08-09 22:37:37.642 19757 19757 D cellinfo: onsignalStrengthsChanged: 5G-NR Signal Strength info: ssrsrp: -114 ssrsrq: -15 sssinr: -11
08-09 22:37:37.699 19757 19808 D cellinfo: 46 bytes from 44.241.174.93: icmp_seq=20543 ttl=30 time=68.5 ms
08-09 22:37:37.900 19757 19808 D cellinfo: 46 bytes from 44.241.174.93: icmp_seq=20544 ttl=30 time=68.2 ms
08-09 22:37:37.911 19757 19757 D cellinfo: onsignalStrengthsChanged: LTE Signal Strength info: rsrp: -82 rsrq: -13 rssi: -51 rssnr: 5
08-09 22:37:37.911 19757 19757 D cellinfo: onsignalStrengthsChanged: 5G-NR Signal Strength info: ssrsrp: -112 ssrsrq: -15 sssinr: -7
08-09 22:37:38.105 19757 19808 D cellinfo: 46 bytes from 44.241.174.93: icmp_seq=20545 ttl=30 time=72.7 ms
08-09 22:37:38.304 19757 19808 D cellinfo: 46 bytes from 44.241.174.93: icmp_seq=20546 ttl=30 time=70.3 ms
08-09 22:37:38.506 19757 19808 D cellinfo: 46 bytes from 44.241.174.93: icmp_seq=20547 ttl=30 time=71.8 ms
08-09 22:37:38.704 19757 19808 D cellinfo: 46 bytes from 44.241.174.93: icmp_seq=20548 ttl=30 time=69.1 ms
08-09 22:37:38.904 19757 19808 D cellinfo: 46 bytes from 44.241.174.93: icmp_seq=20549 ttl=30 time=68.8 ms
08-09 22:37:39.109 19757 19808 D cellinfo: 46 bytes from 44.241.174.93: icmp_seq=20550 ttl=30 time=72.9 ms
08-09 22:37:39.304 19757 19808 D cellinfo: 46 bytes from 44.241.174.93: icmp_seq=20551 ttl=30 time=68.2 ms
08-09 22:37:39.443 19757 19757 D cellinfo: Latitude is 40.7049571
08-09 22:37:39.443 19757 19757 D cellinfo: Longitude is -111.9503938
08-09 22:37:39.443 19757 19757 D cellinfo: Instantaneous GPS information: United States, 3074 Decker Lake Dr, West Valley City, UT 84119, USA
08-09 22:37:39.443 19757 19757 D cellinfo: getCurrentLocation() result: Location (success): 40.7049571, -111.9503938
08-09 22:37:39.508 19757 19757 D cellinfo: onCellInfoChanged: Operator: T-Mobile UpdateTimestamp: 108662816 CellConnectionStatus: 0
08-09 22:37:39.508 19757 19757 D cellinfo: onCellInfoChanged: LTE Cell Bands: [2] Bandwidth: 15000 Cell ID: 21595403 Physical Cell ID: 410 Tracking Area Code: 11620 EARFCN: 675
08-09 22:37:39.511 19757 19808 D cellinfo: 46 bytes from 44.241.174.93: icmp_seq=20552 ttl=30 time=74.2 ms
08-09 22:37:39.704 19757 19808 D cellinfo: 46 bytes from 44.241.174.93: icmp_seq=20553 ttl=30 time=66.4 ms
08-09 22:37:39.910 19757 19808 D cellinfo: 46 bytes from 44.241.174.93: icmp_seq=20554 ttl=30 time=71.1 ms
08-09 22:37:40.110 19757 19808 D cellinfo: 46 bytes from 44.241.174.93: icmp_seq=20555 ttl=30 time=70.7 ms
08-09 22:37:40.314 19757 19808 D cellinfo: 46 bytes from 44.241.174.93: icmp_seq=20556 ttl=30 time=73.0 ms
08-09 22:37:40.514 19757 19808 D cellinfo: 46 bytes from 44.241.174.93: icmp_seq=20557 ttl=30 time=72.6 ms
08-09 22:37:40.708 19757 19808 D cellinfo: 46 bytes from 44.241.174.93: icmp_seq=20558 ttl=30 time=65.8 ms
08-09 22:37:40.908 19757 19757 D cellinfo: onsignalStrengthsChanged: LTE Signal Strength info: rsrp: -82 rsrq: -13 rssi: -51 rssnr: 5
08-09 22:37:40.908 19757 19757 D cellinfo: onsignalStrengthsChanged: 5G-NR Signal Strength info: ssrsrp: -113 ssrsrq: -15 sssinr: -7
08-09 22:37:40.915 19757 19808 D cellinfo: 46 bytes from 44.241.174.93: icmp_seq=20559 ttl=30 time=72.0 ms
08-09 22:37:41.119 19757 19808 D cellinfo: 46 bytes from 44.241.174.93: icmp_seq=20560 ttl=30 time=75.6 ms
08-09 22:37:41.319 19757 19808 D cellinfo: 46 bytes from 44.241.174.93: icmp_seq=20561 ttl=30 time=74.6 ms
08-09 22:37:41.514 19757 19808 D cellinfo: 46 bytes from 44.241.174.93: icmp_seq=20562 ttl=30 time=67.8 ms
08-09 22:37:41.714 19757 19808 D cellinfo: 46 bytes from 44.241.174.93: icmp_seq=20563 ttl=30 time=68.5 ms
08-09 22:37:41.919 19757 19808 D cellinfo: 46 bytes from 44.241.174.93: icmp_seq=20564 ttl=30 time=72.5 ms
08-09 22:37:42.119 19757 19808 D cellinfo: 46 bytes from 44.241.174.93: icmp_seq=20565 ttl=30 time=70.6 ms
08-09 22:37:42.130 19757 19757 D cellinfo: onsignalStrengthsChanged: LTE Signal Strength info: rsrp: -78 rsrq: -13 rssi: -51 rssnr: 8
08-09 22:37:42.130 19757 19757 D cellinfo: onsignalStrengthsChanged: 5G-NR Signal Strength info: ssrsrp: -113 ssrsrq: -15 sssinr: -7
08-09 22:37:42.319 19757 19808 D cellinfo: 46 bytes from 44.241.174.93: icmp_seq=20566 ttl=30 time=69.1 ms
08-09 22:37:42.440 19757 19757 D cellinfo: Latitude is 40.7049589
08-09 22:37:42.440 19757 19757 D cellinfo: Longitude is -111.9503773
08-09 22:37:42.440 19757 19757 D cellinfo: Instantaneous GPS information: United States, 3074 Decker Lake Dr, West Valley City, UT 84119, USA
08-09 22:37:42.440 19757 19757 D cellinfo: getCurrentLocation() result: Location (success): 40.7049589, -111.9503773
08-09 22:37:42.484 19757 19757 D cellinfo: onCellInfoChanged: Operator: T-Mobile UpdateTimestamp: 108665790 CellConnectionStatus: 0
08-09 22:37:42.484 19757 19757 D cellinfo: onCellInfoChanged: LTE Cell Bands: [2] Bandwidth: 15000 Cell ID: 21595403 Physical Cell ID: 410 Tracking Area Code: 11620 EARFCN: 675
08-09 22:37:42.525 19757 19808 D cellinfo: 46 bytes from 44.241.174.93: icmp_seq=20567 ttl=30 time=74.5 ms
08-09 22:37:42.719 19757 19808 D cellinfo: 46 bytes from 44.241.174.93: icmp_seq=20568 ttl=30 time=68.1 ms
08-09 22:37:42.919 19757 19808 D cellinfo: 46 bytes from 44.241.174.93: icmp_seq=20569 ttl=30 time=66.5 ms
08-09 22:37:43.119 19757 19808 D cellinfo: 46 bytes from 44.241.174.93: icmp_seq=20570 ttl=30 time=66.1 ms
08-09 22:37:43.320 19757 19808 D cellinfo: 46 bytes from 44.241.174.93: icmp_seq=20571 ttl=30 time=66.2 ms
08-09 22:37:43.530 19757 19808 D cellinfo: 46 bytes from 44.241.174.93: icmp_seq=20572 ttl=30 time=75.7 ms
08-09 22:37:43.724 19757 19808 D cellinfo: 46 bytes from 44.241.174.93: icmp_seq=20573 ttl=30 time=68.1 ms
08-09 22:37:43.910 19757 19757 D cellinfo: onsignalStrengthsChanged: LTE Signal Strength info: rsrp: -78 rsrq: -13 rssi: -51 rssnr: 8
08-09 22:37:43.910 19757 19757 D cellinfo: onsignalStrengthsChanged: 5G-NR Signal Strength info: ssrsrp: -113 ssrsrq: -15 sssinr: -12
08-09 22:37:43.923 19757 19808 D cellinfo: 46 bytes from 44.241.174.93: icmp_seq=20574 ttl=30 time=66.6 ms
08-09 22:37:44.128 19757 19808 D cellinfo: 46 bytes from 44.241.174.93: icmp_seq=20575 ttl=30 time=70.8 ms
08-09 22:37:44.328 19757 19808 D cellinfo: 46 bytes from 44.241.174.93: icmp_seq=20576 ttl=30 time=70.7 ms
08-09 22:37:44.530 19757 19808 D cellinfo: 46 bytes from 44.241.174.93: icmp_seq=20577 ttl=30 time=71.7 ms
08-09 22:37:44.729 19757 19808 D cellinfo: 46 bytes from 44.241.174.93: icmp_seq=20578 ttl=30 time=70.2 ms
08-09 22:37:44.930 19757 19808 D cellinfo: 46 bytes from 44.241.174.93: icmp_seq=20579 ttl=30 time=70.1 ms
08-09 22:37:45.129 19757 19808 D cellinfo: 46 bytes from 44.241.174.93: icmp_seq=20580 ttl=30 time=68.6 ms
08-09 22:37:45.328 19757 19808 D cellinfo: 46 bytes from 44.241.174.93: icmp_seq=20581 ttl=30 time=67.0 ms
08-09 22:37:45.440 19757 19757 D cellinfo: Latitude is 40.7049365
08-09 22:37:45.440 19757 19757 D cellinfo: Longitude is -111.9504096
08-09 22:37:45.440 19757 19757 D cellinfo: Instantaneous GPS information: United States, 3074 Decker Lake Dr, West Valley City, UT 84119, USA
08-09 22:37:45.440 19757 19757 D cellinfo: getCurrentLocation() result: Location (success): 40.7049365, -111.9504096
08-09 22:37:45.494 19757 19757 D cellinfo: onCellInfoChanged: Operator: T-Mobile UpdateTimestamp: 108668803 CellConnectionStatus: 0
08-09 22:37:45.494 19757 19757 D cellinfo: onCellInfoChanged: LTE Cell Bands: [2] Bandwidth: 15000 Cell ID: 21595403 Physical Cell ID: 410 Tracking Area Code: 11620 EARFCN: 675
08-09 22:37:45.529 19757 19808 D cellinfo: 46 bytes from 44.241.174.93: icmp_seq=20582 ttl=30 time=67.0 ms
08-09 22:37:45.729 19757 19808 D cellinfo: 46 bytes from 44.241.174.93: icmp_seq=20583 ttl=30 time=66.8 ms
08-09 22:37:45.935 19757 19808 D cellinfo: 46 bytes from 44.241.174.93: icmp_seq=20584 ttl=30 time=72.6 ms
08-09 22:37:46.134 19757 19808 D cellinfo: 46 bytes from 44.241.174.93: icmp_seq=20585 ttl=30 time=69.8 ms
08-09 22:37:46.329 19757 19808 D cellinfo: 46 bytes from 44.241.174.93: icmp_seq=20586 ttl=30 time=64.6 ms
08-09 22:37:46.539 19757 19808 D cellinfo: 46 bytes from 44.241.174.93: icmp_seq=20587 ttl=30 time=73.2 ms
08-09 22:37:46.602 19757 19757 D cellinfo: onsignalStrengthsChanged: LTE Signal Strength info: rsrp: -77 rsrq: -14 rssi: -51 rssnr: 11
08-09 22:37:46.602 19757 19757 D cellinfo: onsignalStrengthsChanged: 5G-NR Signal Strength info: ssrsrp: -113 ssrsrq: -15 sssinr: -12
08-09 22:37:46.736 19757 19808 D cellinfo: 46 bytes from 44.241.174.93: icmp_seq=20588 ttl=30 time=69.6 ms
08-09 22:37:46.909 19757 19757 D cellinfo: onsignalStrengthsChanged: LTE Signal Strength info: rsrp: -77 rsrq: -14 rssi: -51 rssnr: 11
08-09 22:37:46.909 19757 19757 D cellinfo: onsignalStrengthsChanged: 5G-NR Signal Strength info: ssrsrp: -111 ssrsrq: -14 sssinr: -13
08-09 22:37:46.947 19757 19808 D cellinfo: 46 bytes from 44.241.174.93: icmp_seq=20589 ttl=30 time=79.9 ms
08-09 22:37:47.146 19757 19808 D cellinfo: 46 bytes from 44.241.174.93: icmp_seq=20590 ttl=30 time=78.7 ms
08-09 22:37:47.346 19757 19808 D cellinfo: 46 bytes from 44.241.174.93: icmp_seq=20591 ttl=30 time=78.2 ms
08-09 22:37:47.548 19757 19808 D cellinfo: 46 bytes from 44.241.174.93: icmp_seq=20592 ttl=30 time=79.2 ms
08-09 22:37:47.738 19757 19808 D cellinfo: 46 bytes from 44.241.174.93: icmp_seq=20593 ttl=30 time=69.1 ms
08-09 22:37:47.939 19757 19808 D cellinfo: 46 bytes from 44.241.174.93: icmp_seq=20594 ttl=30 time=69.6 ms
08-09 22:37:48.139 19757 19808 D cellinfo: 46 bytes from 44.241.174.93: icmp_seq=20595 ttl=30 time=67.6 ms
08-09 22:37:48.339 19757 19808 D cellinfo: 46 bytes from 44.241.174.93: icmp_seq=20596 ttl=30 time=66.6 ms
08-09 22:37:48.550 19757 19808 D cellinfo: 46 bytes from 44.241.174.93: icmp_seq=20597 ttl=30 time=76.3 ms
08-09 22:37:48.735 19757 19757 D cellinfo: Latitude is 40.7049324
08-09 22:37:48.735 19757 19757 D cellinfo: Longitude is -111.9503482
08-09 22:37:48.735 19757 19757 D cellinfo: Instantaneous GPS information: United States, 3074 Decker Lake Dr, West Valley City, UT 84119, USA
08-09 22:37:48.735 19757 19757 D cellinfo: getCurrentLocation() result: Location (success): 40.7049324, -111.9503482
08-09 22:37:48.737 19757 19757 D cellinfo: onCellInfoChanged: Operator: T-Mobile UpdateTimestamp: 108671784 CellConnectionStatus: 0
08-09 22:37:48.737 19757 19757 D cellinfo: onCellInfoChanged: LTE Cell Bands: [2] Bandwidth: 15000 Cell ID: 21595403 Physical Cell ID: 410 Tracking Area Code: 11620 EARFCN: 675
08-09 22:37:48.744 19757 19808 D cellinfo: 46 bytes from 44.241.174.93: icmp_seq=20598 ttl=30 time=70.2 ms
08-09 22:37:48.944 19757 19808 D cellinfo: 46 bytes from 44.241.174.93: icmp_seq=20599 ttl=30 time=69.2 ms
08-09 22:37:49.146 19757 19808 D cellinfo: 46 bytes from 44.241.174.93: icmp_seq=20600 ttl=30 time=70.2 ms
08-09 22:37:49.339 19757 19808 D cellinfo: 46 bytes from 44.241.174.93: icmp_seq=20601 ttl=30 time=62.3 ms
08-09 22:37:49.545 19757 19808 D cellinfo: 46 bytes from 44.241.174.93: icmp_seq=20602 ttl=30 time=67.4 ms
08-09 22:37:49.750 19757 19808 D cellinfo: 46 bytes from 44.241.174.93: icmp_seq=20603 ttl=30 time=72.3 ms
08-09 22:37:49.909 19757 19757 D cellinfo: onsignalStrengthsChanged: LTE Signal Strength info: rsrp: -77 rsrq: -14 rssi: -51 rssnr: 11
08-09 22:37:49.909 19757 19757 D cellinfo: onsignalStrengthsChanged: 5G-NR Signal Strength info: ssrsrp: -111 ssrsrq: -14 sssinr: -14
08-09 22:37:49.950 19757 19808 D cellinfo: 46 bytes from 44.241.174.93: icmp_seq=20604 ttl=30 time=71.2 ms
08-09 22:37:50.154 19757 19808 D cellinfo: 46 bytes from 44.241.174.93: icmp_seq=20605 ttl=30 time=74.2 ms
08-09 22:37:50.348 19757 19808 D cellinfo: 46 bytes from 44.241.174.93: icmp_seq=20606 ttl=30 time=67.5 ms
08-09 22:37:50.548 19757 19808 D cellinfo: 46 bytes from 44.241.174.93: icmp_seq=20607 ttl=30 time=66.6 ms
08-09 22:37:50.754 19757 19808 D cellinfo: 46 bytes from 44.241.174.93: icmp_seq=20608 ttl=30 time=71.9 ms
08-09 22:37:50.957 19757 19808 D cellinfo: 46 bytes from 44.241.174.93: icmp_seq=20609 ttl=30 time=74.6 ms
08-09 22:37:51.080 19757 19757 D cellinfo: onsignalStrengthsChanged: LTE Signal Strength info: rsrp: -76 rsrq: -15 rssi: -51 rssnr: 11
08-09 22:37:51.080 19757 19757 D cellinfo: onsignalStrengthsChanged: 5G-NR Signal Strength info: ssrsrp: -111 ssrsrq: -14 sssinr: -14
08-09 22:37:51.154 19757 19808 D cellinfo: 46 bytes from 44.241.174.93: icmp_seq=20610 ttl=30 time=70.2 ms
08-09 22:37:51.354 19757 19808 D cellinfo: 46 bytes from 44.241.174.93: icmp_seq=20611 ttl=30 time=69.4 ms
08-09 22:37:51.442 19757 19757 D cellinfo: Latitude is 40.7049642
08-09 22:37:51.442 19757 19757 D cellinfo: Longitude is -111.9503782
08-09 22:37:51.442 19757 19757 D cellinfo: Instantaneous GPS information: United States, 3074 Decker Lake Dr, West Valley City, UT 84119, USA
08-09 22:37:51.442 19757 19757 D cellinfo: getCurrentLocation() result: Location (success): 40.7049642, -111.9503782
08-09 22:37:51.491 19757 19757 D cellinfo: onCellInfoChanged: Operator: T-Mobile UpdateTimestamp: 108674795 CellConnectionStatus: 0
08-09 22:37:51.491 19757 19757 D cellinfo: onCellInfoChanged: LTE Cell Bands: [2] Bandwidth: 15000 Cell ID: 21595403 Physical Cell ID: 410 Tracking Area Code: 11620 EARFCN: 675
08-09 22:37:51.555 19757 19808 D cellinfo: 46 bytes from 44.241.174.93: icmp_seq=20612 ttl=30 time=69.6 ms
08-09 22:37:51.758 19757 19808 D cellinfo: 46 bytes from 44.241.174.93: icmp_seq=20613 ttl=30 time=71.1 ms
08-09 22:37:51.958 19757 19808 D cellinfo: 46 bytes from 44.241.174.93: icmp_seq=20614 ttl=30 time=70.2 ms
08-09 22:37:52.163 19757 19808 D cellinfo: 46 bytes from 44.241.174.93: icmp_seq=20615 ttl=30 time=74.5 ms
08-09 22:37:52.364 19757 19808 D cellinfo: 46 bytes from 44.241.174.93: icmp_seq=20616 ttl=30 time=74.2 ms
08-09 22:37:52.559 19757 19808 D cellinfo: 46 bytes from 44.241.174.93: icmp_seq=20617 ttl=30 time=68.1 ms
08-09 22:37:52.763 19757 19808 D cellinfo: 46 bytes from 44.241.174.93: icmp_seq=20618 ttl=30 time=71.9 ms
08-09 22:37:52.909 19757 19757 D cellinfo: onsignalStrengthsChanged: LTE Signal Strength info: rsrp: -76 rsrq: -15 rssi: -51 rssnr: 11
08-09 22:37:52.909 19757 19757 D cellinfo: onsignalStrengthsChanged: 5G-NR Signal Strength info: ssrsrp: -113 ssrsrq: -15 sssinr: -15
08-09 22:37:52.959 19757 19808 D cellinfo: 46 bytes from 44.241.174.93: icmp_seq=20619 ttl=30 time=67.9 ms
08-09 22:37:53.160 19757 19808 D cellinfo: 46 bytes from 44.241.174.93: icmp_seq=20620 ttl=30 time=68.2 ms
08-09 22:37:53.320 19757 19757 D cellinfo: onsignalStrengthsChanged: LTE Signal Strength info: rsrp: -78 rsrq: -12 rssi: -51 rssnr: 9
08-09 22:37:53.320 19757 19757 D cellinfo: onsignalStrengthsChanged: 5G-NR Signal Strength info: ssrsrp: -113 ssrsrq: -15 sssinr: -15
08-09 22:37:53.364 19757 19808 D cellinfo: 46 bytes from 44.241.174.93: icmp_seq=20621 ttl=30 time=70.9 ms
08-09 22:37:53.642 19757 19808 D cellinfo: 46 bytes from 44.241.174.93: icmp_seq=20622 ttl=30 time=148 ms
08-09 22:37:53.754 19757 19808 D cellinfo: 46 bytes from 44.241.174.93: icmp_seq=20623 ttl=30 time=60.0 ms
08-09 22:37:53.964 19757 19808 D cellinfo: 46 bytes from 44.241.174.93: icmp_seq=20624 ttl=30 time=69.3 ms
08-09 22:37:54.164 19757 19808 D cellinfo: 46 bytes from 44.241.174.93: icmp_seq=20625 ttl=30 time=68.5 ms
08-09 22:37:54.364 19757 19808 D cellinfo: 46 bytes from 44.241.174.93: icmp_seq=20626 ttl=30 time=67.1 ms
08-09 22:37:54.440 19757 19757 D cellinfo: Latitude is 40.7049439
08-09 22:37:54.440 19757 19757 D cellinfo: Longitude is -111.9504044
08-09 22:37:54.440 19757 19757 D cellinfo: Instantaneous GPS information: United States, 3074 Decker Lake Dr, West Valley City, UT 84119, USA
08-09 22:37:54.440 19757 19757 D cellinfo: getCurrentLocation() result: Location (success): 40.7049439, -111.9504044
08-09 22:37:54.518 19757 19757 D cellinfo: onCellInfoChanged: Operator: T-Mobile UpdateTimestamp: 108677825 CellConnectionStatus: 0
08-09 22:37:54.518 19757 19757 D cellinfo: onCellInfoChanged: LTE Cell Bands: [2] Bandwidth: 15000 Cell ID: 21595403 Physical Cell ID: 410 Tracking Area Code: 11620 EARFCN: 675
08-09 22:37:54.564 19757 19808 D cellinfo: 46 bytes from 44.241.174.93: icmp_seq=20627 ttl=30 time=66.7 ms
08-09 22:37:54.768 19757 19808 D cellinfo: 46 bytes from 44.241.174.93: icmp_seq=20628 ttl=30 time=70.0 ms
08-09 22:37:54.975 19757 19808 D cellinfo: 46 bytes from 44.241.174.93: icmp_seq=20629 ttl=30 time=76.3 ms
08-09 22:37:55.168 19757 19808 D cellinfo: 46 bytes from 44.241.174.93: icmp_seq=20630 ttl=30 time=68.4 ms
08-09 22:37:55.369 19757 19808 D cellinfo: 46 bytes from 44.241.174.93: icmp_seq=20631 ttl=30 time=68.7 ms
08-09 22:37:55.561 19757 19757 D cellinfo: onsignalStrengthsChanged: LTE Signal Strength info: rsrp: -80 rsrq: -16 rssi: -51 rssnr: 8
08-09 22:37:55.561 19757 19757 D cellinfo: onsignalStrengthsChanged: 5G-NR Signal Strength info: ssrsrp: -113 ssrsrq: -15 sssinr: -15
08-09 22:37:55.574 19757 19808 D cellinfo: 46 bytes from 44.241.174.93: icmp_seq=20632 ttl=30 time=72.0 ms
08-09 22:37:55.769 19757 19808 D cellinfo: 46 bytes from 44.241.174.93: icmp_seq=20633 ttl=30 time=67.0 ms
08-09 22:37:55.911 19757 19757 D cellinfo: onsignalStrengthsChanged: LTE Signal Strength info: rsrp: -80 rsrq: -16 rssi: -51 rssnr: 8
08-09 22:37:55.911 19757 19757 D cellinfo: onsignalStrengthsChanged: 5G-NR Signal Strength info: ssrsrp: -112 ssrsrq: -15 sssinr: -21
08-09 22:37:55.975 19757 19808 D cellinfo: 46 bytes from 44.241.174.93: icmp_seq=20634 ttl=30 time=72.1 ms
08-09 22:37:56.173 19757 19808 D cellinfo: 46 bytes from 44.241.174.93: icmp_seq=20635 ttl=30 time=70.1 ms
08-09 22:37:56.374 19757 19808 D cellinfo: 46 bytes from 44.241.174.93: icmp_seq=20636 ttl=30 time=70.2 ms
08-09 22:37:56.576 19757 19808 D cellinfo: 46 bytes from 44.241.174.93: icmp_seq=20637 ttl=30 time=71.5 ms
08-09 22:37:56.779 19757 19808 D cellinfo: 46 bytes from 44.241.174.93: icmp_seq=20638 ttl=30 time=73.5 ms
08-09 22:37:56.974 19757 19808 D cellinfo: 46 bytes from 44.241.174.93: icmp_seq=20639 ttl=30 time=67.2 ms
08-09 22:37:57.173 19757 19808 D cellinfo: 46 bytes from 44.241.174.93: icmp_seq=20640 ttl=30 time=66.1 ms
08-09 22:37:57.379 19757 19808 D cellinfo: 46 bytes from 44.241.174.93: icmp_seq=20641 ttl=30 time=71.0 ms
08-09 22:37:57.578 19757 19808 D cellinfo: 46 bytes from 44.241.174.93: icmp_seq=20642 ttl=30 time=69.9 ms
08-09 22:37:57.775 19757 19808 D cellinfo: 46 bytes from 44.241.174.93: icmp_seq=20643 ttl=30 time=65.7 ms
08-09 22:37:57.807 19757 19757 D cellinfo: Latitude is 40.704922
08-09 22:37:57.807 19757 19757 D cellinfo: Longitude is -111.9503883
08-09 22:37:57.807 19757 19757 D cellinfo: Instantaneous GPS information: United States, 3074 Decker Lake Dr, West Valley City, UT 84119, USA
08-09 22:37:57.807 19757 19757 D cellinfo: getCurrentLocation() result: Location (success): 40.704922, -111.9503883
08-09 22:37:57.811 19757 19757 D cellinfo: onCellInfoChanged: Operator: T-Mobile UpdateTimestamp: 108680804 CellConnectionStatus: 0
08-09 22:37:57.811 19757 19757 D cellinfo: onCellInfoChanged: LTE Cell Bands: [2] Bandwidth: 15000 Cell ID: 21595403 Physical Cell ID: 410 Tracking Area Code: 11620 EARFCN: 675
08-09 22:37:57.978 19757 19808 D cellinfo: 46 bytes from 44.241.174.93: icmp_seq=20644 ttl=30 time=68.0 ms
08-09 22:37:58.179 19757 19808 D cellinfo: 46 bytes from 44.241.174.93: icmp_seq=20645 ttl=30 time=68.0 ms
08-09 22:37:58.379 19757 19808 D cellinfo: 46 bytes from 44.241.174.93: icmp_seq=20646 ttl=30 time=67.8 ms
08-09 22:37:58.582 19757 19808 D cellinfo: 46 bytes from 44.241.174.93: icmp_seq=20647 ttl=30 time=70.5 ms
08-09 22:37:58.780 19757 19808 D cellinfo: 46 bytes from 44.241.174.93: icmp_seq=20648 ttl=30 time=67.6 ms
08-09 22:37:58.905 19757 19757 D cellinfo: onsignalStrengthsChanged: LTE Signal Strength info: rsrp: -80 rsrq: -16 rssi: -51 rssnr: 8
08-09 22:37:58.905 19757 19757 D cellinfo: onsignalStrengthsChanged: 5G-NR Signal Strength info: ssrsrp: -114 ssrsrq: -16 sssinr: -22
08-09 22:37:58.983 19757 19808 D cellinfo: 46 bytes from 44.241.174.93: icmp_seq=20649 ttl=30 time=69.8 ms
08-09 22:37:59.183 19757 19808 D cellinfo: 46 bytes from 44.241.174.93: icmp_seq=20650 ttl=30 time=68.8 ms
08-09 22:37:59.383 19757 19808 D cellinfo: 46 bytes from 44.241.174.93: icmp_seq=20651 ttl=30 time=67.3 ms
08-09 22:37:59.587 19757 19808 D cellinfo: 46 bytes from 44.241.174.93: icmp_seq=20652 ttl=30 time=70.3 ms
08-09 22:37:59.794 19757 19808 D cellinfo: 46 bytes from 44.241.174.93: icmp_seq=20653 ttl=30 time=76.6 ms
08-09 22:37:59.989 19757 19808 D cellinfo: 46 bytes from 44.241.174.93: icmp_seq=20654 ttl=30 time=71.5 ms
08-09 22:38:00.038 19757 19757 D cellinfo: onsignalStrengthsChanged: LTE Signal Strength info: rsrp: -78 rsrq: -15 rssi: -51 rssnr: 10
08-09 22:38:00.038 19757 19757 D cellinfo: onsignalStrengthsChanged: 5G-NR Signal Strength info: ssrsrp: -114 ssrsrq: -16 sssinr: -22
08-09 22:38:00.194 19757 19808 D cellinfo: 46 bytes from 44.241.174.93: icmp_seq=20655 ttl=30 time=75.1 ms
