08-09 22:31:42.135 19757 19808 D cellinfo: 46 bytes from 44.241.174.93: icmp_seq=18772 ttl=30 time=81.6 ms
08-09 22:31:42.335 19757 19808 D cellinfo: 46 bytes from 44.241.174.93: icmp_seq=18773 ttl=30 time=81.1 ms
08-09 22:31:42.536 19757 19808 D cellinfo: 46 bytes from 44.241.174.93: icmp_seq=18774 ttl=30 time=80.9 ms
08-09 22:31:42.717 19757 19808 D cellinfo: 46 bytes from 44.241.174.93: icmp_seq=18775 ttl=30 time=60.2 ms
08-09 22:31:42.742 19757 19757 D cellinfo: Latitude is 40.6765756
08-09 22:31:42.742 19757 19757 D cellinfo: Longitude is -111.951912
08-09 22:31:42.742 19757 19757 D cellinfo: Instantaneous GPS information: United States, 4332 Richard Crest Dr, Salt Lake City, UT 84119, USA
08-09 22:31:42.742 19757 19757 D cellinfo: getCurrentLocation() result: Location (success): 40.6765756, -111.951912
08-09 22:31:42.744 19757 19757 D cellinfo: onCellInfoChanged: Operator: T-Mobile UpdateTimestamp: 108305791 CellConnectionStatus: 0
08-09 22:31:42.744 19757 19757 D cellinfo: onCellInfoChanged: LTE Cell Bands: [66] Bandwidth: 20000 Cell ID: 21553153 Physical Cell ID: 112 Tracking Area Code: 11620 EARFCN: 66786
08-09 22:31:42.915 19757 19808 D cellinfo: 46 bytes from 44.241.174.93: icmp_seq=18776 ttl=30 time=57.9 ms
08-09 22:31:43.140 19757 19808 D cellinfo: 46 bytes from 44.241.174.93: icmp_seq=18777 ttl=30 time=82.9 ms
08-09 22:31:43.336 19757 19808 D cellinfo: 46 bytes from 44.241.174.93: icmp_seq=18778 ttl=30 time=77.6 ms
08-09 22:31:43.535 19757 19808 D cellinfo: 46 bytes from 44.241.174.93: icmp_seq=18779 ttl=30 time=76.3 ms
08-09 22:31:43.722 19757 19757 D cellinfo: onsignalStrengthsChanged: LTE Signal Strength info: rsrp: -116 rsrq: -19 rssi: -75 rssnr: -2
08-09 22:31:43.722 19757 19757 D cellinfo: onsignalStrengthsChanged: 5G-NR Signal Strength info: ssrsrp: -113 ssrsrq: -15 sssinr: 3
08-09 22:31:43.736 19757 19808 D cellinfo: 46 bytes from 44.241.174.93: icmp_seq=18780 ttl=30 time=75.7 ms
08-09 22:31:43.935 19757 19808 D cellinfo: 46 bytes from 44.241.174.93: icmp_seq=18781 ttl=30 time=74.6 ms
08-09 22:31:44.147 19757 19808 D cellinfo: 46 bytes from 44.241.174.93: icmp_seq=18782 ttl=30 time=85.7 ms
08-09 22:31:44.346 19757 19808 D cellinfo: 46 bytes from 44.241.174.93: icmp_seq=18783 ttl=30 time=84.6 ms
08-09 22:31:44.536 19757 19808 D cellinfo: 46 bytes from 44.241.174.93: icmp_seq=18784 ttl=30 time=73.5 ms
08-09 22:31:44.555 19757 19757 D cellinfo: onsignalStrengthsChanged: LTE Signal Strength info: rsrp: -116 rsrq: -19 rssi: -75 rssnr: -2
08-09 22:31:44.556 19757 19757 D cellinfo: onsignalStrengthsChanged: 5G-NR Signal Strength info: ssrsrp: -108 ssrsrq: -13 sssinr: 13
08-09 22:31:44.739 19757 19808 D cellinfo: 46 bytes from 44.241.174.93: icmp_seq=18785 ttl=30 time=75.6 ms
08-09 22:31:44.939 19757 19808 D cellinfo: 46 bytes from 44.241.174.93: icmp_seq=18786 ttl=30 time=74.7 ms
08-09 22:31:45.134 19757 19808 D cellinfo: 46 bytes from 44.241.174.93: icmp_seq=18787 ttl=30 time=69.5 ms
08-09 22:31:45.335 19757 19808 D cellinfo: 46 bytes from 44.241.174.93: icmp_seq=18788 ttl=30 time=69.2 ms
08-09 22:31:45.535 19757 19808 D cellinfo: 46 bytes from 44.241.174.93: icmp_seq=18789 ttl=30 time=68.3 ms
08-09 22:31:45.726 19757 19808 D cellinfo: 46 bytes from 44.241.174.93: icmp_seq=18790 ttl=30 time=57.6 ms
08-09 22:31:45.761 19757 19757 D cellinfo: Latitude is 40.6773649
08-09 22:31:45.761 19757 19757 D cellinfo: Longitude is -111.9517841
08-09 22:31:45.762 19757 19757 D cellinfo: Instantaneous GPS information: United States, 4298 Richard Crest Dr, Salt Lake City, UT 84119, USA
08-09 22:31:45.762 19757 19757 D cellinfo: getCurrentLocation() result: Location (success): 40.6773649, -111.9517841
08-09 22:31:45.763 19757 19757 D cellinfo: onCellInfoChanged: Operator: T-Mobile UpdateTimestamp: 108308807 CellConnectionStatus: 0
08-09 22:31:45.764 19757 19757 D cellinfo: onCellInfoChanged: LTE Cell Bands: [66] Bandwidth: 20000 Cell ID: 21553153 Physical Cell ID: 112 Tracking Area Code: 11620 EARFCN: 66786
08-09 22:31:45.936 19757 19808 D cellinfo: 46 bytes from 44.241.174.93: icmp_seq=18791 ttl=30 time=67.0 ms
08-09 22:31:46.156 19757 19808 D cellinfo: 46 bytes from 44.241.174.93: icmp_seq=18792 ttl=30 time=85.8 ms
08-09 22:31:46.355 19757 19808 D cellinfo: 46 bytes from 44.241.174.93: icmp_seq=18793 ttl=30 time=85.0 ms
08-09 22:31:46.560 19757 19808 D cellinfo: 46 bytes from 44.241.174.93: icmp_seq=18794 ttl=30 time=89.1 ms
08-09 22:31:46.755 19757 19808 D cellinfo: 46 bytes from 44.241.174.93: icmp_seq=18795 ttl=30 time=83.6 ms
08-09 22:31:46.961 19757 19808 D cellinfo: 46 bytes from 44.241.174.93: icmp_seq=18796 ttl=30 time=88.7 ms
08-09 22:31:47.157 19757 19808 D cellinfo: 46 bytes from 44.241.174.93: icmp_seq=18797 ttl=30 time=84.4 ms
08-09 22:31:47.356 19757 19808 D cellinfo: 46 bytes from 44.241.174.93: icmp_seq=18798 ttl=30 time=82.3 ms
08-09 22:31:47.555 19757 19808 D cellinfo: 46 bytes from 44.241.174.93: icmp_seq=18799 ttl=30 time=81.0 ms
08-09 22:31:47.559 19757 19757 D cellinfo: onsignalStrengthsChanged: LTE Signal Strength info: rsrp: -116 rsrq: -19 rssi: -75 rssnr: -2
08-09 22:31:47.559 19757 19757 D cellinfo: onsignalStrengthsChanged: 5G-NR Signal Strength info: ssrsrp: -108 ssrsrq: -13 sssinr: -6
08-09 22:31:47.757 19757 19808 D cellinfo: 46 bytes from 44.241.174.93: icmp_seq=18800 ttl=30 time=82.0 ms
08-09 22:31:47.955 19757 19808 D cellinfo: 46 bytes from 44.241.174.93: icmp_seq=18801 ttl=30 time=80.2 ms
08-09 22:31:48.160 19757 19808 D cellinfo: 46 bytes from 44.241.174.93: icmp_seq=18802 ttl=30 time=84.5 ms
08-09 22:31:48.201 19757 19757 D cellinfo: onsignalStrengthsChanged: LTE Signal Strength info: rsrp: -117 rsrq: -20 rssi: -75 rssnr: -6
08-09 22:31:48.201 19757 19757 D cellinfo: onsignalStrengthsChanged: 5G-NR Signal Strength info: ssrsrp: -108 ssrsrq: -13 sssinr: -6
08-09 22:31:48.364 19757 19808 D cellinfo: 46 bytes from 44.241.174.93: icmp_seq=18803 ttl=30 time=87.0 ms
08-09 22:31:48.542 19757 19808 D cellinfo: 46 bytes from 44.241.174.93: icmp_seq=18804 ttl=30 time=64.1 ms
08-09 22:31:48.756 19757 19808 D cellinfo: 46 bytes from 44.241.174.93: icmp_seq=18805 ttl=30 time=77.9 ms
08-09 22:31:48.946 19757 19808 D cellinfo: 46 bytes from 44.241.174.93: icmp_seq=18806 ttl=30 time=66.3 ms
08-09 22:31:48.971 19757 19757 D cellinfo: Latitude is 40.6778665
08-09 22:31:48.972 19757 19757 D cellinfo: Longitude is -111.9517027
08-09 22:31:48.972 19757 19757 D cellinfo: Instantaneous GPS information: United States, 4284 Richard Crest Dr, Salt Lake City, UT 84119, USA
08-09 22:31:48.972 19757 19757 D cellinfo: getCurrentLocation() result: Location (success): 40.6778665, -111.9517027
08-09 22:31:48.974 19757 19757 D cellinfo: onCellInfoChanged: Operator: T-Mobile UpdateTimestamp: 108311798 CellConnectionStatus: 0
08-09 22:31:48.974 19757 19757 D cellinfo: onCellInfoChanged: LTE Cell Bands: [66] Bandwidth: 20000 Cell ID: 21553153 Physical Cell ID: 112 Tracking Area Code: 11620 EARFCN: 66786
08-09 22:31:49.151 19757 19808 D cellinfo: 46 bytes from 44.241.174.93: icmp_seq=18807 ttl=30 time=70.4 ms
08-09 22:31:49.351 19757 19808 D cellinfo: 46 bytes from 44.241.174.93: icmp_seq=18808 ttl=30 time=69.5 ms
08-09 22:31:49.565 19757 19808 D cellinfo: 46 bytes from 44.241.174.93: icmp_seq=18809 ttl=30 time=82.3 ms
08-09 22:31:49.756 19757 19808 D cellinfo: 46 bytes from 44.241.174.93: icmp_seq=18810 ttl=30 time=72.4 ms
08-09 22:31:49.955 19757 19808 D cellinfo: 46 bytes from 44.241.174.93: icmp_seq=18811 ttl=30 time=70.5 ms
08-09 22:31:50.155 19757 19808 D cellinfo: 46 bytes from 44.241.174.93: icmp_seq=18812 ttl=30 time=69.1 ms
08-09 22:31:50.356 19757 19808 D cellinfo: 46 bytes from 44.241.174.93: icmp_seq=18813 ttl=30 time=69.5 ms
08-09 22:31:50.444 19757 19757 D cellinfo: onsignalStrengthsChanged: LTE Signal Strength info: rsrp: -112 rsrq: -20 rssi: -73 rssnr: -1
08-09 22:31:50.444 19757 19757 D cellinfo: onsignalStrengthsChanged: 5G-NR Signal Strength info: ssrsrp: -108 ssrsrq: -13 sssinr: -6
08-09 22:31:50.556 19757 19808 D cellinfo: 46 bytes from 44.241.174.93: icmp_seq=18814 ttl=30 time=68.8 ms
08-09 22:31:50.557 19757 19757 D cellinfo: onsignalStrengthsChanged: LTE Signal Strength info: rsrp: -112 rsrq: -20 rssi: -73 rssnr: -1
08-09 22:31:50.557 19757 19757 D cellinfo: onsignalStrengthsChanged: 5G-NR Signal Strength info: ssrsrp: -110 ssrsrq: -15 sssinr: -22
08-09 22:31:50.757 19757 19808 D cellinfo: 46 bytes from 44.241.174.93: icmp_seq=18815 ttl=30 time=69.1 ms
08-09 22:31:50.950 19757 19808 D cellinfo: 46 bytes from 44.241.174.93: icmp_seq=18816 ttl=30 time=61.4 ms
08-09 22:31:51.181 19757 19808 D cellinfo: 46 bytes from 44.241.174.93: icmp_seq=18817 ttl=30 time=91.7 ms
08-09 22:31:51.370 19757 19808 D cellinfo: 46 bytes from 44.241.174.93: icmp_seq=18818 ttl=30 time=80.8 ms
08-09 22:31:51.555 19757 19808 D cellinfo: 46 bytes from 44.241.174.93: icmp_seq=18819 ttl=30 time=64.5 ms
08-09 22:31:51.737 19757 19757 D cellinfo: Latitude is 40.6796952
08-09 22:31:51.737 19757 19757 D cellinfo: Longitude is -111.9523773
08-09 22:31:51.737 19757 19757 D cellinfo: Instantaneous GPS information: United States, 2410 Dutch Draw S, Salt Lake City, UT 84129, USA
08-09 22:31:51.737 19757 19757 D cellinfo: getCurrentLocation() result: Location (success): 40.6796952, -111.9523773
08-09 22:31:51.739 19757 19757 D cellinfo: onCellInfoChanged: Operator: T-Mobile UpdateTimestamp: 108314781 CellConnectionStatus: 0
08-09 22:31:51.739 19757 19757 D cellinfo: onCellInfoChanged: LTE Cell Bands: [66] Bandwidth: 20000 Cell ID: 21553153 Physical Cell ID: 112 Tracking Area Code: 11620 EARFCN: 66786
08-09 22:31:51.752 19757 19808 D cellinfo: 46 bytes from 44.241.174.93: icmp_seq=18820 ttl=30 time=58.4 ms
08-09 22:31:51.982 19757 19808 D cellinfo: 46 bytes from 44.241.174.93: icmp_seq=18821 ttl=30 time=88.3 ms
08-09 22:31:52.184 19757 19808 D cellinfo: 46 bytes from 44.241.174.93: icmp_seq=18822 ttl=30 time=88.9 ms
08-09 22:31:52.379 19757 19808 D cellinfo: 46 bytes from 44.241.174.93: icmp_seq=18823 ttl=30 time=83.7 ms
08-09 22:31:52.584 19757 19808 D cellinfo: 46 bytes from 44.241.174.93: icmp_seq=18824 ttl=30 time=87.5 ms
08-09 22:31:52.681 19757 19757 D cellinfo: onsignalStrengthsChanged: LTE Signal Strength info: rsrp: -111 rsrq: -20 rssi: -73 rssnr: -1
08-09 22:31:52.682 19757 19757 D cellinfo: onsignalStrengthsChanged: 5G-NR Signal Strength info: ssrsrp: -110 ssrsrq: -15 sssinr: -22
08-09 22:31:52.785 19757 19808 D cellinfo: 46 bytes from 44.241.174.93: icmp_seq=18825 ttl=30 time=87.8 ms
08-09 22:31:52.986 19757 19808 D cellinfo: 46 bytes from 44.241.174.93: icmp_seq=18826 ttl=30 time=88.4 ms
08-09 22:31:53.191 19757 19808 D cellinfo: 46 bytes from 44.241.174.93: icmp_seq=18827 ttl=30 time=92.9 ms
08-09 22:31:53.380 19757 19808 D cellinfo: 46 bytes from 44.241.174.93: icmp_seq=18828 ttl=30 time=81.5 ms
08-09 22:31:53.556 19757 19757 D cellinfo: onsignalStrengthsChanged: LTE Signal Strength info: rsrp: -111 rsrq: -20 rssi: -73 rssnr: -1
08-09 22:31:53.557 19757 19757 D cellinfo: onsignalStrengthsChanged: 5G-NR Signal Strength info: ssrsrp: -111 ssrsrq: -15 sssinr: -1
08-09 22:31:53.575 19757 19808 D cellinfo: 46 bytes from 44.241.174.93: icmp_seq=18829 ttl=30 time=74.8 ms
08-09 22:31:53.786 19757 19808 D cellinfo: 46 bytes from 44.241.174.93: icmp_seq=18830 ttl=30 time=85.8 ms
08-09 22:31:53.975 19757 19808 D cellinfo: 46 bytes from 44.241.174.93: icmp_seq=18831 ttl=30 time=74.2 ms
08-09 22:31:54.176 19757 19808 D cellinfo: 46 bytes from 44.241.174.93: icmp_seq=18832 ttl=30 time=74.6 ms
08-09 22:31:54.396 19757 19808 D cellinfo: 46 bytes from 44.241.174.93: icmp_seq=18833 ttl=30 time=93.8 ms
08-09 22:31:54.564 19757 19808 D cellinfo: 46 bytes from 44.241.174.93: icmp_seq=18834 ttl=30 time=61.2 ms
08-09 22:31:54.765 19757 19757 D cellinfo: Latitude is 40.6807795
08-09 22:31:54.765 19757 19757 D cellinfo: Longitude is -111.9524863
08-09 22:31:54.765 19757 19757 D cellinfo: Instantaneous GPS information: United States, 4156 S Grizzly Gulch St, Taylorsville, UT 84129, USA
08-09 22:31:54.765 19757 19757 D cellinfo: getCurrentLocation() result: Location (success): 40.6807795, -111.9524863
08-09 22:31:54.767 19757 19808 D cellinfo: 46 bytes from 44.241.174.93: icmp_seq=18835 ttl=30 time=60.5 ms
08-09 22:31:54.767 19757 19757 D cellinfo: onCellInfoChanged: Operator: T-Mobile UpdateTimestamp: 108317796 CellConnectionStatus: 0
08-09 22:31:54.768 19757 19757 D cellinfo: onCellInfoChanged: LTE Cell Bands: [66] Bandwidth: 20000 Cell ID: 21553153 Physical Cell ID: 112 Tracking Area Code: 11620 EARFCN: 66786
08-09 22:31:54.966 19757 19808 D cellinfo: 46 bytes from 44.241.174.93: icmp_seq=18836 ttl=30 time=59.9 ms
08-09 22:31:55.175 19757 19808 D cellinfo: 46 bytes from 44.241.174.93: icmp_seq=18837 ttl=30 time=68.6 ms
08-09 22:31:55.376 19757 19808 D cellinfo: 46 bytes from 44.241.174.93: icmp_seq=18838 ttl=30 time=68.4 ms
08-09 22:31:55.605 19757 19808 D cellinfo: 46 bytes from 44.241.174.93: icmp_seq=18839 ttl=30 time=96.2 ms
08-09 22:31:55.800 19757 19808 D cellinfo: 46 bytes from 44.241.174.93: icmp_seq=18840 ttl=30 time=90.3 ms
08-09 22:31:55.995 19757 19808 D cellinfo: 46 bytes from 44.241.174.93: icmp_seq=18841 ttl=30 time=85.1 ms
08-09 22:31:56.212 19757 19808 D cellinfo: 46 bytes from 44.241.174.93: icmp_seq=18842 ttl=30 time=101 ms
08-09 22:31:56.376 19757 19808 D cellinfo: 46 bytes from 44.241.174.93: icmp_seq=18843 ttl=30 time=64.2 ms
08-09 22:31:56.555 19757 19757 D cellinfo: onsignalStrengthsChanged: LTE Signal Strength info: rsrp: -111 rsrq: -20 rssi: -73 rssnr: -1
08-09 22:31:56.555 19757 19757 D cellinfo: onsignalStrengthsChanged: 5G-NR Signal Strength info: ssrsrp: -114 ssrsrq: -15 sssinr: -9
08-09 22:31:56.612 19757 19808 D cellinfo: 46 bytes from 44.241.174.93: icmp_seq=18844 ttl=30 time=99.5 ms
08-09 22:31:56.790 19757 19808 D cellinfo: 46 bytes from 44.241.174.93: icmp_seq=18845 ttl=30 time=76.7 ms
08-09 22:31:57.014 19757 19808 D cellinfo: 46 bytes from 44.241.174.93: icmp_seq=18846 ttl=30 time=98.8 ms
08-09 22:31:57.161 19757 19757 D cellinfo: onsignalStrengthsChanged: LTE Signal Strength info: rsrp: -116 rsrq: -18 rssi: -77 rssnr: -3
08-09 22:31:57.161 19757 19757 D cellinfo: onsignalStrengthsChanged: 5G-NR Signal Strength info: ssrsrp: -114 ssrsrq: -15 sssinr: -9
08-09 22:31:57.202 19757 19808 D cellinfo: 46 bytes from 44.241.174.93: icmp_seq=18847 ttl=30 time=87.8 ms
08-09 22:31:57.400 19757 19808 D cellinfo: 46 bytes from 44.241.174.93: icmp_seq=18848 ttl=30 time=85.9 ms
08-09 22:31:57.591 19757 19808 D cellinfo: 46 bytes from 44.241.174.93: icmp_seq=18849 ttl=30 time=76.3 ms
08-09 22:31:57.842 19757 19808 D cellinfo: 46 bytes from 44.241.174.93: icmp_seq=18850 ttl=30 time=124 ms
08-09 22:31:57.997 19757 19808 D cellinfo: 46 bytes from 44.241.174.93: icmp_seq=18851 ttl=30 time=79.4 ms
08-09 22:31:58.036 19757 19757 D cellinfo: Latitude is 40.681354
08-09 22:31:58.036 19757 19757 D cellinfo: Longitude is -111.9525709
08-09 22:31:58.036 19757 19757 D cellinfo: Instantaneous GPS information: United States, 2417 Hard Rock Dr, Taylorsville, UT 84129, USA
08-09 22:31:58.036 19757 19757 D cellinfo: getCurrentLocation() result: Location (success): 40.681354, -111.9525709
08-09 22:31:58.037 19757 19757 D cellinfo: onCellInfoChanged: Operator: T-Mobile UpdateTimestamp: 108320806 CellConnectionStatus: 0
08-09 22:31:58.037 19757 19757 D cellinfo: onCellInfoChanged: LTE Cell Bands: [66] Bandwidth: 20000 Cell ID: 21553153 Physical Cell ID: 112 Tracking Area Code: 11620 EARFCN: 66786
08-09 22:31:58.578 19757 19808 D cellinfo: 46 bytes from 44.241.174.93: icmp_seq=18852 ttl=30 time=459 ms
08-09 22:31:58.579 19757 19808 D cellinfo: 46 bytes from 44.241.174.93: icmp_seq=18853 ttl=30 time=256 ms
08-09 22:31:58.649 19757 19808 D cellinfo: 46 bytes from 44.241.174.93: icmp_seq=18854 ttl=30 time=123 ms
08-09 22:31:58.814 19757 19808 D cellinfo: 46 bytes from 44.241.174.93: icmp_seq=18855 ttl=30 time=87.4 ms
08-09 22:31:59.140 19757 19808 D cellinfo: 46 bytes from 44.241.174.93: icmp_seq=18856 ttl=30 time=212 ms
08-09 22:31:59.240 19757 19808 D cellinfo: 46 bytes from 44.241.174.93: icmp_seq=18857 ttl=30 time=110 ms
08-09 22:31:59.401 19757 19757 D cellinfo: onsignalStrengthsChanged: LTE Signal Strength info: rsrp: -117 rsrq: -20 rssi: -77 rssnr: -3
08-09 22:31:59.401 19757 19757 D cellinfo: onsignalStrengthsChanged: 5G-NR Signal Strength info: ssrsrp: -114 ssrsrq: -15 sssinr: -9
08-09 22:31:59.557 19757 19757 D cellinfo: onsignalStrengthsChanged: LTE Signal Strength info: rsrp: -117 rsrq: -20 rssi: -77 rssnr: -3
08-09 22:31:59.557 19757 19757 D cellinfo: onsignalStrengthsChanged: 5G-NR Signal Strength info: ssrsrp: -118 ssrsrq: -17 sssinr: 2147483647
08-09 22:32:00.015 19757 19808 D cellinfo: 46 bytes from 44.241.174.93: icmp_seq=18859 ttl=30 time=482 ms
08-09 22:32:00.016 19757 19808 D cellinfo: 46 bytes from 44.241.174.93: icmp_seq=18860 ttl=30 time=280 ms
08-09 22:32:00.085 19757 19808 D cellinfo: 46 bytes from 44.241.174.93: icmp_seq=18861 ttl=30 time=146 ms
08-09 22:32:01.054 19757 19808 D cellinfo: 46 bytes from 44.241.174.93: icmp_seq=18862 ttl=30 time=915 ms
08-09 22:32:02.186 19757 19808 D cellinfo: 46 bytes from 44.241.174.93: icmp_seq=18868 ttl=30 time=830 ms
08-09 22:32:02.188 19757 19808 D cellinfo: 46 bytes from 44.241.174.93: icmp_seq=18869 ttl=30 time=628 ms
08-09 22:32:02.201 19757 19808 D cellinfo: 46 bytes from 44.241.174.93: icmp_seq=18870 ttl=30 time=437 ms
08-09 22:32:02.243 19757 19808 D cellinfo: 46 bytes from 44.241.174.93: icmp_seq=18871 ttl=30 time=277 ms
08-09 22:32:02.480 19757 19808 D cellinfo: 46 bytes from 44.241.174.93: icmp_seq=18872 ttl=30 time=311 ms
08-09 22:32:02.645 19757 19808 D cellinfo: 46 bytes from 44.241.174.93: icmp_seq=18873 ttl=30 time=275 ms
08-09 22:32:02.701 19757 19808 D cellinfo: 46 bytes from 44.241.174.93: icmp_seq=18874 ttl=30 time=128 ms
08-09 22:32:02.858 19757 19808 D cellinfo: 46 bytes from 44.241.174.93: icmp_seq=18875 ttl=30 time=82.4 ms
08-09 22:32:03.179 19757 19757 D cellinfo: Latitude is 40.6831685
08-09 22:32:03.179 19757 19757 D cellinfo: Longitude is -111.9506558
08-09 22:32:03.179 19757 19757 D cellinfo: Instantaneous GPS information: United States, 4058 Red Hawk Rd W, West Valley City, UT 84119, USA
08-09 22:32:03.180 19757 19757 D cellinfo: getCurrentLocation() result: Location (success): 40.6831685, -111.9506558
08-09 22:32:03.182 19757 19757 D cellinfo: onCellInfoChanged: Operator: T-Mobile UpdateTimestamp: 108323791 CellConnectionStatus: 0
08-09 22:32:03.182 19757 19757 D cellinfo: onCellInfoChanged: LTE Cell Bands: [66] Bandwidth: 20000 Cell ID: 21553153 Physical Cell ID: 112 Tracking Area Code: 11620 EARFCN: 66786
08-09 22:32:03.182 19757 19757 D cellinfo: onServiceStateChanged: Channel Number: 66786 Cell Bandwidths: [2147483647, 0]
08-09 22:32:03.183 19757 19757 D cellinfo: onServiceStateChanged: Channel Number: 2147483647 Cell Bandwidths: []
08-09 22:32:03.183 19757 19757 D cellinfo: onServiceStateChanged: Channel Number: 2147483647 Cell Bandwidths: [2147483647, 0]
08-09 22:32:03.184 19757 19757 D cellinfo: onsignalStrengthsChanged: LTE Signal Strength info: rsrp: -117 rsrq: -20 rssi: -77 rssnr: -3
08-09 22:32:03.184 19757 19757 D cellinfo: onServiceStateChanged: Channel Number: 2147483647 Cell Bandwidths: [2147483647, 0]
08-09 22:32:03.184 19757 19757 D cellinfo: onServiceStateChanged: Channel Number: 5035 Cell Bandwidths: [5000]
08-09 22:32:03.193 19757 19808 D cellinfo: 46 bytes from 44.241.174.93: icmp_seq=18876 ttl=30 time=215 ms
08-09 22:32:03.287 19757 19808 D cellinfo: 46 bytes from 44.241.174.93: icmp_seq=18877 ttl=30 time=107 ms
08-09 22:32:03.423 19757 19757 D cellinfo: onsignalStrengthsChanged: LTE Signal Strength info: rsrp: -113 rsrq: -19 rssi: -73 rssnr: -3
08-09 22:32:03.445 19757 19757 D cellinfo: onServiceStateChanged: Channel Number: 5035 Cell Bandwidths: [5000, 20000, 15000]
08-09 22:32:03.501 19757 19808 D cellinfo: 46 bytes from 44.241.174.93: icmp_seq=18878 ttl=30 time=121 ms
08-09 22:32:03.678 19757 19808 D cellinfo: 46 bytes from 44.241.174.93: icmp_seq=18879 ttl=30 time=97.0 ms
08-09 22:32:03.850 19757 19808 D cellinfo: 46 bytes from 44.241.174.93: icmp_seq=18880 ttl=30 time=68.1 ms
08-09 22:32:03.861 19757 19757 D cellinfo: Latitude is 40.6831362
08-09 22:32:03.861 19757 19757 D cellinfo: Longitude is -111.950763
08-09 22:32:03.861 19757 19757 D cellinfo: Instantaneous GPS information: United States, 4058 Red Hawk Rd W, West Valley City, UT 84119, USA
08-09 22:32:03.861 19757 19757 D cellinfo: getCurrentLocation() result: Location (success): 40.6831362, -111.950763
08-09 22:32:03.863 19757 19757 D cellinfo: onServiceStateChanged: Channel Number: 2300 Cell Bandwidths: [20000]
08-09 22:32:03.863 19757 19757 D cellinfo: onCellInfoChanged: Operator: T-Mobile UpdateTimestamp: 108327095 CellConnectionStatus: 0
08-09 22:32:03.863 19757 19757 D cellinfo: onCellInfoChanged: LTE Cell Bands: [4] Bandwidth: 20000 Cell ID: 21553153 Physical Cell ID: 112 Tracking Area Code: 11620 EARFCN: 2300
08-09 22:32:04.076 19757 19808 D cellinfo: 46 bytes from 44.241.174.93: icmp_seq=18881 ttl=30 time=94.1 ms
08-09 22:32:04.276 19757 19808 D cellinfo: 46 bytes from 44.241.174.93: icmp_seq=18882 ttl=30 time=94.5 ms
08-09 22:32:04.468 19757 19808 D cellinfo: 46 bytes from 44.241.174.93: icmp_seq=18883 ttl=30 time=85.3 ms
08-09 22:32:04.668 19757 19808 D cellinfo: 46 bytes from 44.241.174.93: icmp_seq=18884 ttl=30 time=84.5 ms
08-09 22:32:04.878 19757 19808 D cellinfo: 46 bytes from 44.241.174.93: icmp_seq=18885 ttl=30 time=92.8 ms
08-09 22:32:05.078 19757 19808 D cellinfo: 46 bytes from 44.241.174.93: icmp_seq=18886 ttl=30 time=92.6 ms
08-09 22:32:05.269 19757 19808 D cellinfo: 46 bytes from 44.241.174.93: icmp_seq=18887 ttl=30 time=83.6 ms
08-09 22:32:05.468 19757 19808 D cellinfo: 46 bytes from 44.241.174.93: icmp_seq=18888 ttl=30 time=82.1 ms
08-09 22:32:05.669 19757 19808 D cellinfo: 46 bytes from 44.241.174.93: icmp_seq=18889 ttl=30 time=82.3 ms
08-09 22:32:05.870 19757 19808 D cellinfo: 46 bytes from 44.241.174.93: icmp_seq=18890 ttl=30 time=82.0 ms
08-09 22:32:06.077 19757 19808 D cellinfo: 46 bytes from 44.241.174.93: icmp_seq=18891 ttl=30 time=88.7 ms
08-09 22:32:06.270 19757 19808 D cellinfo: 46 bytes from 44.241.174.93: icmp_seq=18892 ttl=30 time=81.5 ms
08-09 22:32:06.470 19757 19808 D cellinfo: 46 bytes from 44.241.174.93: icmp_seq=18893 ttl=30 time=80.9 ms
08-09 22:32:06.491 19757 19757 D cellinfo: onCellInfoChanged: Operator: T-Mobile UpdateTimestamp: 108329795 CellConnectionStatus: 0
08-09 22:32:06.491 19757 19757 D cellinfo: onCellInfoChanged: LTE Cell Bands: [4] Bandwidth: 20000 Cell ID: 21553153 Physical Cell ID: 112 Tracking Area Code: 11620 EARFCN: 2300
08-09 22:32:06.725 19757 19808 D cellinfo: 46 bytes from 44.241.174.93: icmp_seq=18894 ttl=30 time=135 ms
08-09 22:32:06.869 19757 19808 D cellinfo: 46 bytes from 44.241.174.93: icmp_seq=18895 ttl=30 time=78.4 ms
08-09 22:32:07.085 19757 19808 D cellinfo: 46 bytes from 44.241.174.93: icmp_seq=18896 ttl=30 time=93.2 ms
08-09 22:32:07.286 19757 19808 D cellinfo: 46 bytes from 44.241.174.93: icmp_seq=18897 ttl=30 time=94.4 ms
08-09 22:32:07.476 19757 19808 D cellinfo: 46 bytes from 44.241.174.93: icmp_seq=18898 ttl=30 time=84.2 ms
08-09 22:32:07.686 19757 19808 D cellinfo: 46 bytes from 44.241.174.93: icmp_seq=18899 ttl=30 time=93.1 ms
08-09 22:32:07.878 19757 19808 D cellinfo: 46 bytes from 44.241.174.93: icmp_seq=18900 ttl=30 time=84.3 ms
08-09 22:32:08.076 19757 19808 D cellinfo: 46 bytes from 44.241.174.93: icmp_seq=18901 ttl=30 time=82.2 ms
08-09 22:32:08.279 19757 19808 D cellinfo: 46 bytes from 44.241.174.93: icmp_seq=18902 ttl=30 time=85.6 ms
08-09 22:32:08.472 19757 19808 D cellinfo: 46 bytes from 44.241.174.93: icmp_seq=18903 ttl=30 time=77.0 ms
08-09 22:32:08.678 19757 19808 D cellinfo: 46 bytes from 44.241.174.93: icmp_seq=18904 ttl=30 time=82.3 ms
08-09 22:32:08.877 19757 19808 D cellinfo: 46 bytes from 44.241.174.93: icmp_seq=18905 ttl=30 time=80.6 ms
08-09 22:32:09.077 19757 19808 D cellinfo: 46 bytes from 44.241.174.93: icmp_seq=18906 ttl=30 time=78.7 ms
08-09 22:32:09.290 19757 19808 D cellinfo: 46 bytes from 44.241.174.93: icmp_seq=18907 ttl=30 time=90.8 ms
08-09 22:32:09.452 19757 19757 D cellinfo: Latitude is 40.6859631
08-09 22:32:09.452 19757 19757 D cellinfo: Longitude is -111.951277
08-09 22:32:09.452 19757 19757 D cellinfo: Instantaneous GPS information: United States, 3932 Red Hawk Rd W, West Valley City, UT 84119, USA
08-09 22:32:09.452 19757 19757 D cellinfo: getCurrentLocation() result: Location (success): 40.6859631, -111.951277
08-09 22:32:09.463 19757 19757 D cellinfo: Latitude is 40.6859631
08-09 22:32:09.463 19757 19757 D cellinfo: Longitude is -111.951277
08-09 22:32:09.463 19757 19757 D cellinfo: Instantaneous GPS information: United States, 3932 Red Hawk Rd W, West Valley City, UT 84119, USA
08-09 22:32:09.463 19757 19757 D cellinfo: getCurrentLocation() result: Location (success): 40.6859631, -111.951277
08-09 22:32:09.476 19757 19757 D cellinfo: onCellInfoChanged: Operator: T-Mobile UpdateTimestamp: 108332785 CellConnectionStatus: 0
08-09 22:32:09.476 19757 19757 D cellinfo: onCellInfoChanged: LTE Cell Bands: [4] Bandwidth: 20000 Cell ID: 21553153 Physical Cell ID: 112 Tracking Area Code: 11620 EARFCN: 2300
08-09 22:32:09.488 19757 19808 D cellinfo: 46 bytes from 44.241.174.93: icmp_seq=18908 ttl=30 time=87.2 ms
08-09 22:32:09.689 19757 19808 D cellinfo: 46 bytes from 44.241.174.93: icmp_seq=18909 ttl=30 time=86.9 ms
08-09 22:32:09.908 19757 19808 D cellinfo: 46 bytes from 44.241.174.93: icmp_seq=18910 ttl=30 time=105 ms
08-09 22:32:10.089 19757 19808 D cellinfo: 46 bytes from 44.241.174.93: icmp_seq=18911 ttl=30 time=85.5 ms
08-09 22:32:10.288 19757 19808 D cellinfo: 46 bytes from 44.241.174.93: icmp_seq=18912 ttl=30 time=83.7 ms
08-09 22:32:10.497 19757 19808 D cellinfo: 46 bytes from 44.241.174.93: icmp_seq=18913 ttl=30 time=92.6 ms
08-09 22:32:10.689 19757 19808 D cellinfo: 46 bytes from 44.241.174.93: icmp_seq=18914 ttl=30 time=83.5 ms
08-09 22:32:10.888 19757 19808 D cellinfo: 46 bytes from 44.241.174.93: icmp_seq=18915 ttl=30 time=81.4 ms
08-09 22:32:11.088 19757 19808 D cellinfo: 46 bytes from 44.241.174.93: icmp_seq=18916 ttl=30 time=80.5 ms
08-09 22:32:11.289 19757 19808 D cellinfo: 46 bytes from 44.241.174.93: icmp_seq=18917 ttl=30 time=80.4 ms
08-09 22:32:11.489 19757 19808 D cellinfo: 46 bytes from 44.241.174.93: icmp_seq=18918 ttl=30 time=79.3 ms
08-09 22:32:11.691 19757 19808 D cellinfo: 46 bytes from 44.241.174.93: icmp_seq=18919 ttl=30 time=80.7 ms
08-09 22:32:11.892 19757 19808 D cellinfo: 46 bytes from 44.241.174.93: icmp_seq=18920 ttl=30 time=80.6 ms
08-09 22:32:12.089 19757 19808 D cellinfo: 46 bytes from 44.241.174.93: icmp_seq=18921 ttl=30 time=76.4 ms
08-09 22:32:12.316 19757 19808 D cellinfo: 46 bytes from 44.241.174.93: icmp_seq=18922 ttl=30 time=102 ms
08-09 22:32:12.501 19757 19808 D cellinfo: 46 bytes from 44.241.174.93: icmp_seq=18923 ttl=30 time=86.3 ms
08-09 22:32:12.693 19757 19808 D cellinfo: 46 bytes from 44.241.174.93: icmp_seq=18924 ttl=30 time=76.9 ms
08-09 22:32:13.189 19757 19808 D cellinfo: 46 bytes from 44.241.174.93: icmp_seq=18925 ttl=30 time=371 ms
08-09 22:32:13.199 19757 19808 D cellinfo: 46 bytes from 44.241.174.93: icmp_seq=18926 ttl=30 time=179 ms
08-09 22:32:13.302 19757 19808 D cellinfo: 46 bytes from 44.241.174.93: icmp_seq=18927 ttl=30 time=80.6 ms
08-09 22:32:13.302 19757 19757 D cellinfo: Latitude is 40.6861207
08-09 22:32:13.302 19757 19757 D cellinfo: Longitude is -111.9512933
08-09 22:32:13.303 19757 19757 D cellinfo: Instantaneous GPS information: United States, 3924 Red Hawk Rd W, West Valley City, UT 84119, USA
08-09 22:32:13.303 19757 19757 D cellinfo: getCurrentLocation() result: Location (success): 40.6861207, -111.9512933
08-09 22:32:13.304 19757 19757 D cellinfo: onCellInfoChanged: Operator: T-Mobile UpdateTimestamp: 108335802 CellConnectionStatus: 0
08-09 22:32:13.304 19757 19757 D cellinfo: onCellInfoChanged: LTE Cell Bands: [4] Bandwidth: 20000 Cell ID: 21553153 Physical Cell ID: 112 Tracking Area Code: 11620 EARFCN: 2300
08-09 22:32:13.323 19757 19757 D cellinfo: onServiceStateChanged: Channel Number: 2300 Cell Bandwidths: [20000, 15000, 5000]
08-09 22:32:13.510 19757 19808 D cellinfo: 46 bytes from 44.241.174.93: icmp_seq=18928 ttl=30 time=87.5 ms
08-09 22:32:13.663 19757 19757 D cellinfo: onServiceStateChanged: Channel Number: 66786 Cell Bandwidths: [20000, 5000, 15000]
08-09 22:32:13.712 19757 19808 D cellinfo: 46 bytes from 44.241.174.93: icmp_seq=18929 ttl=30 time=87.7 ms
08-09 22:32:13.790 19757 19757 D cellinfo: onServiceStateChanged: Channel Number: 66786 Cell Bandwidths: [20000, 5000, 15000]
08-09 22:32:13.904 19757 19808 D cellinfo: 46 bytes from 44.241.174.93: icmp_seq=18930 ttl=30 time=79.2 ms
08-09 22:32:14.189 19757 19808 D cellinfo: 46 bytes from 44.241.174.93: icmp_seq=18931 ttl=30 time=163 ms
08-09 22:32:14.349 19757 19808 D cellinfo: 46 bytes from 44.241.174.93: icmp_seq=18932 ttl=30 time=123 ms
08-09 22:32:14.669 19757 19808 D cellinfo: 46 bytes from 44.241.174.93: icmp_seq=18933 ttl=30 time=242 ms
08-09 22:32:14.721 19757 19808 D cellinfo: 46 bytes from 44.241.174.93: icmp_seq=18934 ttl=30 time=91.5 ms
08-09 22:32:14.990 19757 19808 D cellinfo: 46 bytes from 44.241.174.93: icmp_seq=18935 ttl=30 time=159 ms
08-09 22:32:15.149 19757 19808 D cellinfo: 46 bytes from 44.241.174.93: icmp_seq=18936 ttl=30 time=118 ms
08-09 22:32:15.313 19757 19808 D cellinfo: 46 bytes from 44.241.174.93: icmp_seq=18937 ttl=30 time=81.4 ms
08-09 22:32:15.630 19757 19808 D cellinfo: 46 bytes from 44.241.174.93: icmp_seq=18938 ttl=30 time=197 ms
08-09 22:32:15.715 19757 19808 D cellinfo: 46 bytes from 44.241.174.93: icmp_seq=18939 ttl=30 time=82.3 ms
08-09 22:32:16.071 19757 19808 D cellinfo: 46 bytes from 44.241.174.93: icmp_seq=18940 ttl=30 time=237 ms
08-09 22:32:16.072 19757 19808 D cellinfo: 46 bytes from 44.241.174.93: icmp_seq=18940 ttl=30 time=238 ms (DUP!)
08-09 22:32:16.075 19757 19757 D cellinfo: Latitude is 40.6868932
08-09 22:32:16.075 19757 19757 D cellinfo: Longitude is -111.9513672
08-09 22:32:16.075 19757 19757 D cellinfo: Instantaneous GPS information: United States, 3896 Red Hawk Rd W, West Valley City, UT 84119, USA
08-09 22:32:16.075 19757 19757 D cellinfo: getCurrentLocation() result: Location (success): 40.6868932, -111.9513672
08-09 22:32:16.077 19757 19757 D cellinfo: onCellInfoChanged: Operator: T-Mobile UpdateTimestamp: 108338808 CellConnectionStatus: 0
08-09 22:32:16.077 19757 19757 D cellinfo: onCellInfoChanged: LTE Cell Bands: [66] Bandwidth: 20000 Cell ID: 45994244 Physical Cell ID: 368 Tracking Area Code: 11620 EARFCN: 66786
08-09 22:32:16.148 19757 19808 D cellinfo: 46 bytes from 44.241.174.93: icmp_seq=18941 ttl=30 time=112 ms
08-09 22:32:16.357 19757 19757 D cellinfo: onsignalStrengthsChanged: LTE Signal Strength info: rsrp: -109 rsrq: -17 rssi: -75 rssnr: 0
08-09 22:32:16.357 19757 19757 D cellinfo: onsignalStrengthsChanged: 5G-NR Signal Strength info: ssrsrp: -110 ssrsrq: -15 sssinr: 3
08-09 22:32:16.376 19757 19808 D cellinfo: 46 bytes from 44.241.174.93: icmp_seq=18942 ttl=30 time=139 ms
08-09 22:32:16.536 19757 19808 D cellinfo: 46 bytes from 44.241.174.93: icmp_seq=18943 ttl=30 time=98.8 ms
08-09 22:32:16.781 19757 19808 D cellinfo: 46 bytes from 44.241.174.93: icmp_seq=18944 ttl=30 time=142 ms
08-09 22:32:16.941 19757 19808 D cellinfo: 46 bytes from 44.241.174.93: icmp_seq=18945 ttl=30 time=101 ms
08-09 22:32:17.181 19757 19808 D cellinfo: 46 bytes from 44.241.174.93: icmp_seq=18946 ttl=30 time=140 ms
08-09 22:32:17.321 19757 19757 D cellinfo: onsignalStrengthsChanged: LTE Signal Strength info: rsrp: -105 rsrq: -15 rssi: -65 rssnr: 1
08-09 22:32:17.321 19757 19757 D cellinfo: onsignalStrengthsChanged: 5G-NR Signal Strength info: ssrsrp: -110 ssrsrq: -15 sssinr: 3
08-09 22:32:17.337 19757 19808 D cellinfo: 46 bytes from 44.241.174.93: icmp_seq=18947 ttl=30 time=95.5 ms
08-09 22:32:17.529 19757 19808 D cellinfo: 46 bytes from 44.241.174.93: icmp_seq=18948 ttl=30 time=86.7 ms
08-09 22:32:17.741 19757 19808 D cellinfo: 46 bytes from 44.241.174.93: icmp_seq=18949 ttl=30 time=97.8 ms
08-09 22:32:18.011 19757 19808 D cellinfo: 46 bytes from 44.241.174.93: icmp_seq=18950 ttl=30 time=167 ms
08-09 22:32:18.122 19757 19808 D cellinfo: 46 bytes from 44.241.174.93: icmp_seq=18951 ttl=30 time=78.2 ms
08-09 22:32:18.137 19757 19757 D cellinfo: onsignalStrengthsChanged: LTE Signal Strength info: rsrp: -105 rsrq: -15 rssi: -65 rssnr: 1
08-09 22:32:18.148 19757 19757 D cellinfo: onServiceStateChanged: Channel Number: 66786 Cell Bandwidths: [20000, 5000, 15000]
08-09 22:32:18.185 19757 19757 D cellinfo: onServiceStateChanged: Channel Number: 66786 Cell Bandwidths: [20000, 5000, 5000, 15000]
08-09 22:32:18.397 19757 19808 D cellinfo: 46 bytes from 44.241.174.93: icmp_seq=18952 ttl=30 time=153 ms
08-09 22:32:18.520 19757 19808 D cellinfo: 46 bytes from 44.241.174.93: icmp_seq=18953 ttl=30 time=75.0 ms
08-09 22:32:18.736 19757 19808 D cellinfo: 46 bytes from 44.241.174.93: icmp_seq=18954 ttl=30 time=89.3 ms
08-09 22:32:18.850 19757 19757 D cellinfo: Latitude is 40.6873223
08-09 22:32:18.850 19757 19757 D cellinfo: Longitude is -111.9514092
08-09 22:32:18.850 19757 19757 D cellinfo: Instantaneous GPS information: United States, 2327 August Farms Cir, West Valley City, UT 84119, USA
08-09 22:32:18.850 19757 19757 D cellinfo: getCurrentLocation() result: Location (success): 40.6873223, -111.9514092
08-09 22:32:18.852 19757 19757 D cellinfo: onsignalStrengthsChanged: LTE Signal Strength info: rsrp: -105 rsrq: -15 rssi: -65 rssnr: 1
08-09 22:32:18.852 19757 19757 D cellinfo: onsignalStrengthsChanged: 5G-NR Signal Strength info: ssrsrp: -110 ssrsrq: -15 sssinr: 3
08-09 22:32:18.853 19757 19757 D cellinfo: onServiceStateChanged: Channel Number: 66786 Cell Bandwidths: [20000, 5000, 5000, 15000]
08-09 22:32:18.853 19757 19757 D cellinfo: onCellInfoChanged: Operator: T-Mobile UpdateTimestamp: 108341812 CellConnectionStatus: 0
08-09 22:32:18.853 19757 19757 D cellinfo: onCellInfoChanged: LTE Cell Bands: [66] Bandwidth: 20000 Cell ID: 45994244 Physical Cell ID: 368 Tracking Area Code: 11620 EARFCN: 66786
08-09 22:32:18.853 19757 19757 D cellinfo: onsignalStrengthsChanged: LTE Signal Strength info: rsrp: -112 rsrq: -20 rssi: -73 rssnr: -4
08-09 22:32:18.985 19757 19757 D cellinfo: onServiceStateChanged: Channel Number: 2147483647 Cell Bandwidths: [20000]
08-09 22:32:19.618 19757 19757 D cellinfo: onsignalStrengthsChanged: LTE Signal Strength info: rsrp: -97 rsrq: -20 rssi: -63 rssnr: -3
08-09 22:32:19.655 19757 19757 D cellinfo: onServiceStateChanged: Channel Number: 2147483647 Cell Bandwidths: [20000]
08-09 22:32:19.694 19757 19808 D cellinfo: 46 bytes from 44.241.174.93: icmp_seq=18956 ttl=30 time=644 ms
08-09 22:32:19.701 19757 19808 D cellinfo: 46 bytes from 44.241.174.93: icmp_seq=18957 ttl=30 time=448 ms
08-09 22:32:19.701 19757 19808 D cellinfo: 46 bytes from 44.241.174.93: icmp_seq=18958 ttl=30 time=245 ms
08-09 22:32:19.717 19757 19757 D cellinfo: onServiceStateChanged: Channel Number: 2147483647 Cell Bandwidths: [5000, 20000, 15000]
08-09 22:32:19.748 19757 19757 D cellinfo: onServiceStateChanged: Channel Number: 5035 Cell Bandwidths: [5000]
08-09 22:32:19.760 19757 19808 D cellinfo: 46 bytes from 44.241.174.93: icmp_seq=18959 ttl=30 time=100 ms
08-09 22:32:20.070 19757 19808 D cellinfo: 46 bytes from 44.241.174.93: icmp_seq=18960 ttl=30 time=210 ms
08-09 22:32:20.184 19757 19808 D cellinfo: 46 bytes from 44.241.174.93: icmp_seq=18961 ttl=30 time=121 ms
08-09 22:32:20.354 19757 19808 D cellinfo: 46 bytes from 44.241.174.93: icmp_seq=18962 ttl=30 time=91.4 ms
08-09 22:32:20.628 19757 19808 D cellinfo: 46 bytes from 44.241.174.93: icmp_seq=18963 ttl=30 time=164 ms
08-09 22:32:20.743 19757 19808 D cellinfo: 46 bytes from 44.241.174.93: icmp_seq=18964 ttl=30 time=79.2 ms
08-09 22:32:20.893 19757 19808 D cellinfo: 46 bytes from 44.241.174.93: icmp_seq=18964 ttl=30 time=229 ms (DUP!)
08-09 22:32:20.905 19757 19757 D cellinfo: onsignalStrengthsChanged: LTE Signal Strength info: rsrp: -99 rsrq: -17 rssi: -63 rssnr: -2
08-09 22:32:20.916 19757 19757 D cellinfo: onServiceStateChanged: Channel Number: 5035 Cell Bandwidths: [5000, 20000, 15000]
08-09 22:32:20.949 19757 19808 D cellinfo: 46 bytes from 44.241.174.93: icmp_seq=18965 ttl=30 time=84.0 ms
08-09 22:32:21.296 19757 19808 D cellinfo: 46 bytes from 44.241.174.93: icmp_seq=18966 ttl=30 time=230 ms
08-09 22:32:21.356 19757 19808 D cellinfo: 46 bytes from 44.241.174.93: icmp_seq=18967 ttl=30 time=86.8 ms
08-09 22:32:21.544 19757 19808 D cellinfo: 46 bytes from 44.241.174.93: icmp_seq=18968 ttl=30 time=74.8 ms
08-09 22:32:21.603 19757 19757 D cellinfo: onsignalStrengthsChanged: LTE Signal Strength info: rsrp: -99 rsrq: -17 rssi: -63 rssnr: -2
08-09 22:32:21.604 19757 19757 D cellinfo: onsignalStrengthsChanged: 5G-NR Signal Strength info: ssrsrp: -102 ssrsrq: -16 sssinr: 2147483647
08-09 22:32:21.628 19757 19757 D cellinfo: onServiceStateChanged: Channel Number: 5035 Cell Bandwidths: [5000, 20000, 15000]
08-09 22:32:21.747 19757 19808 D cellinfo: 46 bytes from 44.241.174.93: icmp_seq=18969 ttl=30 time=77.4 ms
08-09 22:32:21.884 19757 19757 D cellinfo: onServiceStateChanged: Channel Number: 675 Cell Bandwidths: [15000]
08-09 22:32:21.907 19757 19757 D cellinfo: onCellInfoChanged: Operator: T-Mobile UpdateTimestamp: 108345156 CellConnectionStatus: 0
08-09 22:32:21.907 19757 19757 D cellinfo: onCellInfoChanged: LTE Cell Bands: [2] Bandwidth: 15000 Cell ID: 45066510 Physical Cell ID: 368 Tracking Area Code: 11620 EARFCN: 675
08-09 22:32:21.920 19757 19757 D cellinfo: onsignalStrengthsChanged: LTE Signal Strength info: rsrp: -97 rsrq: -16 rssi: -57 rssnr: 1
08-09 22:32:21.920 19757 19757 D cellinfo: onsignalStrengthsChanged: 5G-NR Signal Strength info: ssrsrp: -102 ssrsrq: -16 sssinr: 2147483647
08-09 22:32:22.091 19757 19808 D cellinfo: 46 bytes from 44.241.174.93: icmp_seq=18970 ttl=30 time=220 ms
08-09 22:32:22.156 19757 19808 D cellinfo: 46 bytes from 44.241.174.93: icmp_seq=18971 ttl=30 time=83.6 ms
08-09 22:32:22.360 19757 19808 D cellinfo: 46 bytes from 44.241.174.93: icmp_seq=18972 ttl=30 time=86.2 ms
08-09 22:32:22.551 19757 19808 D cellinfo: 46 bytes from 44.241.174.93: icmp_seq=18973 ttl=30 time=74.9 ms
08-09 22:32:22.718 19757 19757 D cellinfo: Latitude is 40.6897572
08-09 22:32:22.718 19757 19757 D cellinfo: Longitude is -111.9508939
08-09 22:32:22.718 19757 19757 D cellinfo: Instantaneous GPS information: United States, 2240 W 3800 S, West Valley City, UT 84119, USA
08-09 22:32:22.718 19757 19757 D cellinfo: getCurrentLocation() result: Location (success): 40.6897572, -111.9508939
08-09 22:32:22.772 19757 19808 D cellinfo: 46 bytes from 44.241.174.93: icmp_seq=18974 ttl=30 time=94.5 ms
08-09 22:32:22.962 19757 19808 D cellinfo: 46 bytes from 44.241.174.93: icmp_seq=18975 ttl=30 time=83.1 ms
08-09 22:32:23.211 19757 19808 D cellinfo: 46 bytes from 44.241.174.93: icmp_seq=18976 ttl=30 time=131 ms
08-09 22:32:23.362 19757 19808 D cellinfo: 46 bytes from 44.241.174.93: icmp_seq=18977 ttl=30 time=81.7 ms
08-09 22:32:23.607 19757 19808 D cellinfo: 46 bytes from 44.241.174.93: icmp_seq=18978 ttl=30 time=125 ms
08-09 22:32:23.760 19757 19808 D cellinfo: 46 bytes from 44.241.174.93: icmp_seq=18979 ttl=30 time=77.6 ms
08-09 22:32:23.774 19757 19757 D cellinfo: onsignalStrengthsChanged: LTE Signal Strength info: rsrp: -97 rsrq: -16 rssi: -57 rssnr: 1
08-09 22:32:23.774 19757 19757 D cellinfo: onsignalStrengthsChanged: 5G-NR Signal Strength info: ssrsrp: -101 ssrsrq: -14 sssinr: 26
08-09 22:32:24.015 19757 19808 D cellinfo: 46 bytes from 44.241.174.93: icmp_seq=18980 ttl=30 time=132 ms
08-09 22:32:24.037 19757 19757 D cellinfo: onsignalStrengthsChanged: LTE Signal Strength info: rsrp: -93 rsrq: -14 rssi: -59 rssnr: 5
08-09 22:32:24.037 19757 19757 D cellinfo: onsignalStrengthsChanged: 5G-NR Signal Strength info: ssrsrp: -101 ssrsrq: -14 sssinr: 26
08-09 22:32:24.164 19757 19808 D cellinfo: 46 bytes from 44.241.174.93: icmp_seq=18981 ttl=30 time=81.1 ms
08-09 22:32:24.432 19757 19808 D cellinfo: 46 bytes from 44.241.174.93: icmp_seq=18982 ttl=30 time=148 ms
08-09 22:32:24.443 19757 19757 D cellinfo: Latitude is 40.6897572
08-09 22:32:24.443 19757 19757 D cellinfo: Longitude is -111.9508939
08-09 22:32:24.443 19757 19757 D cellinfo: Instantaneous GPS information: United States, 2240 W 3800 S, West Valley City, UT 84119, USA
08-09 22:32:24.443 19757 19757 D cellinfo: getCurrentLocation() result: Location (success): 40.6897572, -111.9508939
08-09 22:32:24.482 19757 19757 D cellinfo: onCellInfoChanged: Operator: T-Mobile UpdateTimestamp: 108347791 CellConnectionStatus: 0
08-09 22:32:24.482 19757 19757 D cellinfo: onCellInfoChanged: LTE Cell Bands: [2] Bandwidth: 15000 Cell ID: 45066510 Physical Cell ID: 368 Tracking Area Code: 11620 EARFCN: 675
08-09 22:32:24.586 19757 19808 D cellinfo: 46 bytes from 44.241.174.93: icmp_seq=18983 ttl=30 time=102 ms
08-09 22:32:24.812 19757 19808 D cellinfo: 46 bytes from 44.241.174.93: icmp_seq=18984 ttl=30 time=126 ms
08-09 22:32:24.985 19757 19808 D cellinfo: 46 bytes from 44.241.174.93: icmp_seq=18985 ttl=30 time=98.8 ms
08-09 22:32:25.212 19757 19808 D cellinfo: 46 bytes from 44.241.174.93: icmp_seq=18986 ttl=30 time=125 ms
08-09 22:32:25.365 19757 19808 D cellinfo: 46 bytes from 44.241.174.93: icmp_seq=18987 ttl=30 time=78.0 ms
08-09 22:32:25.631 19757 19808 D cellinfo: 46 bytes from 44.241.174.93: icmp_seq=18988 ttl=30 time=143 ms
08-09 22:32:25.786 19757 19808 D cellinfo: 46 bytes from 44.241.174.93: icmp_seq=18989 ttl=30 time=97.3 ms
08-09 22:32:26.201 19757 19808 D cellinfo: 46 bytes from 44.241.174.93: icmp_seq=18990 ttl=30 time=311 ms
08-09 22:32:26.201 19757 19808 D cellinfo: 46 bytes from 44.241.174.93: icmp_seq=18991 ttl=30 time=108 ms
08-09 22:32:26.280 19757 19757 D cellinfo: onsignalStrengthsChanged: LTE Signal Strength info: rsrp: -98 rsrq: -20 rssi: -61 rssnr: -1
08-09 22:32:26.280 19757 19757 D cellinfo: onsignalStrengthsChanged: 5G-NR Signal Strength info: ssrsrp: -101 ssrsrq: -14 sssinr: 26
08-09 22:32:26.522 19757 19808 D cellinfo: 46 bytes from 44.241.174.93: icmp_seq=18992 ttl=30 time=228 ms
08-09 22:32:26.602 19757 19808 D cellinfo: 46 bytes from 44.241.174.93: icmp_seq=18993 ttl=30 time=106 ms
08-09 22:32:26.772 19757 19757 D cellinfo: onsignalStrengthsChanged: LTE Signal Strength info: rsrp: -98 rsrq: -20 rssi: -61 rssnr: -1
08-09 22:32:26.772 19757 19757 D cellinfo: onsignalStrengthsChanged: 5G-NR Signal Strength info: ssrsrp: -102 ssrsrq: -14 sssinr: 18
08-09 22:32:27.161 19757 19808 D cellinfo: 46 bytes from 44.241.174.93: icmp_seq=18994 ttl=30 time=464 ms
08-09 22:32:27.161 19757 19808 D cellinfo: 46 bytes from 44.241.174.93: icmp_seq=18995 ttl=30 time=261 ms
08-09 22:32:27.249 19757 19808 D cellinfo: 46 bytes from 44.241.174.93: icmp_seq=18996 ttl=30 time=146 ms
08-09 22:32:27.802 19757 19808 D cellinfo: 46 bytes from 44.241.174.93: icmp_seq=18997 ttl=30 time=499 ms
08-09 22:32:27.802 19757 19808 D cellinfo: 46 bytes from 44.241.174.93: icmp_seq=18998 ttl=30 time=296 ms
08-09 22:32:27.866 19757 19808 D cellinfo: 46 bytes from 44.241.174.93: icmp_seq=18999 ttl=30 time=156 ms
08-09 22:32:28.032 19757 19808 D cellinfo: 46 bytes from 44.241.174.93: icmp_seq=19000 ttl=30 time=121 ms
08-09 22:32:28.164 19757 19757 D cellinfo: Latitude is 40.6906687
08-09 22:32:28.164 19757 19757 D cellinfo: Longitude is -111.9509168
08-09 22:32:28.164 19757 19757 D cellinfo: Instantaneous GPS information: United States, 2240 W 3800 S, West Valley City, UT 84119, USA
08-09 22:32:28.164 19757 19757 D cellinfo: getCurrentLocation() result: Location (success): 40.6906687, -111.9509168
08-09 22:32:28.168 19757 19757 D cellinfo: onCellInfoChanged: Operator: T-Mobile UpdateTimestamp: 108350803 CellConnectionStatus: 0
08-09 22:32:28.168 19757 19757 D cellinfo: onCellInfoChanged: LTE Cell Bands: [2] Bandwidth: 15000 Cell ID: 45066510 Physical Cell ID: 368 Tracking Area Code: 11620 EARFCN: 675
08-09 22:32:28.266 19757 19808 D cellinfo: 46 bytes from 44.241.174.93: icmp_seq=19001 ttl=30 time=155 ms
08-09 22:32:28.425 19757 19808 D cellinfo: 46 bytes from 44.241.174.93: icmp_seq=19002 ttl=30 time=113 ms
08-09 22:32:28.523 19757 19757 D cellinfo: onsignalStrengthsChanged: LTE Signal Strength info: rsrp: -99 rsrq: -14 rssi: -59 rssnr: -2
08-09 22:32:28.523 19757 19757 D cellinfo: onsignalStrengthsChanged: 5G-NR Signal Strength info: ssrsrp: -102 ssrsrq: -14 sssinr: 18
08-09 22:32:28.611 19757 19808 D cellinfo: 46 bytes from 44.241.174.93: icmp_seq=19003 ttl=30 time=97.8 ms
08-09 22:32:28.826 19757 19808 D cellinfo: 46 bytes from 44.241.174.93: icmp_seq=19004 ttl=30 time=112 ms
08-09 22:32:29.006 19757 19808 D cellinfo: 46 bytes from 44.241.174.93: icmp_seq=19005 ttl=30 time=92.8 ms
08-09 22:32:29.201 19757 19808 D cellinfo: 46 bytes from 44.241.174.93: icmp_seq=19006 ttl=30 time=88.0 ms
08-09 22:32:29.442 19757 19808 D cellinfo: 46 bytes from 44.241.174.93: icmp_seq=19007 ttl=30 time=128 ms
08-09 22:32:29.610 19757 19808 D cellinfo: 46 bytes from 44.241.174.93: icmp_seq=19008 ttl=30 time=96.8 ms
08-09 22:32:29.782 19757 19757 D cellinfo: onsignalStrengthsChanged: LTE Signal Strength info: rsrp: -99 rsrq: -14 rssi: -59 rssnr: -2
08-09 22:32:29.782 19757 19757 D cellinfo: onsignalStrengthsChanged: 5G-NR Signal Strength info: ssrsrp: -104 ssrsrq: -15 sssinr: -12
08-09 22:32:29.841 19757 19808 D cellinfo: 46 bytes from 44.241.174.93: icmp_seq=19009 ttl=30 time=126 ms
08-09 22:32:30.019 19757 19808 D cellinfo: 46 bytes from 44.241.174.93: icmp_seq=19010 ttl=30 time=103 ms
08-09 22:32:30.246 19757 19808 D cellinfo: 46 bytes from 44.241.174.93: icmp_seq=19011 ttl=30 time=131 ms
08-09 22:32:30.417 19757 19808 D cellinfo: 46 bytes from 44.241.174.93: icmp_seq=19012 ttl=30 time=102 ms
08-09 22:32:30.681 19757 19808 D cellinfo: 46 bytes from 44.241.174.93: icmp_seq=19013 ttl=30 time=165 ms
08-09 22:32:30.681 19757 19808 D cellinfo: 46 bytes from 44.241.174.93: icmp_seq=19013 ttl=30 time=165 ms (DUP!)
08-09 22:32:30.843 19757 19808 D cellinfo: 46 bytes from 44.241.174.93: icmp_seq=19014 ttl=30 time=125 ms
08-09 22:32:30.843 19757 19808 D cellinfo: 46 bytes from 44.241.174.93: icmp_seq=19014 ttl=30 time=125 ms (DUP!)
08-09 22:32:30.974 19757 19757 D cellinfo: Latitude is 40.6918771
08-09 22:32:30.974 19757 19757 D cellinfo: Longitude is -111.9508045
08-09 22:32:30.974 19757 19757 D cellinfo: Instantaneous GPS information: United States, 3702 Lexington Park Dr, West Valley City, UT 84119, USA
08-09 22:32:30.974 19757 19757 D cellinfo: getCurrentLocation() result: Location (success): 40.6918771, -111.9508045
08-09 22:32:30.975 19757 19757 D cellinfo: onCellInfoChanged: Operator: T-Mobile UpdateTimestamp: 108353792 CellConnectionStatus: 0
08-09 22:32:30.975 19757 19757 D cellinfo: onCellInfoChanged: LTE Cell Bands: [2] Bandwidth: 15000 Cell ID: 45066510 Physical Cell ID: 368 Tracking Area Code: 11620 EARFCN: 675
08-09 22:32:30.998 19757 19808 D cellinfo: 46 bytes from 44.241.174.93: icmp_seq=19015 ttl=30 time=78.9 ms
08-09 22:32:31.210 19757 19808 D cellinfo: 46 bytes from 44.241.174.93: icmp_seq=19016 ttl=30 time=90.3 ms
08-09 22:32:31.385 19757 19808 D cellinfo: 46 bytes from 44.241.174.93: icmp_seq=19017 ttl=30 time=64.2 ms
08-09 22:32:31.606 19757 19808 D cellinfo: 46 bytes from 44.241.174.93: icmp_seq=19018 ttl=30 time=84.2 ms
08-09 22:32:31.851 19757 19808 D cellinfo: 46 bytes from 44.241.174.93: icmp_seq=19019 ttl=30 time=128 ms
08-09 22:32:32.020 19757 19808 D cellinfo: 46 bytes from 44.241.174.93: icmp_seq=19020 ttl=30 time=96.7 ms
08-09 22:32:32.245 19757 19808 D cellinfo: 46 bytes from 44.241.174.93: icmp_seq=19021 ttl=30 time=121 ms
08-09 22:32:32.404 19757 19808 D cellinfo: 46 bytes from 44.241.174.93: icmp_seq=19022 ttl=30 time=80.4 ms
08-09 22:32:32.655 19757 19808 D cellinfo: 46 bytes from 44.241.174.93: icmp_seq=19023 ttl=30 time=130 ms
08-09 22:32:32.780 19757 19757 D cellinfo: onsignalStrengthsChanged: LTE Signal Strength info: rsrp: -99 rsrq: -14 rssi: -59 rssnr: -2
08-09 22:32:32.780 19757 19757 D cellinfo: onsignalStrengthsChanged: 5G-NR Signal Strength info: ssrsrp: -104 ssrsrq: -15 sssinr: -4
08-09 22:32:32.808 19757 19808 D cellinfo: 46 bytes from 44.241.174.93: icmp_seq=19024 ttl=30 time=83.1 ms
08-09 22:32:33.004 19757 19757 D cellinfo: onsignalStrengthsChanged: LTE Signal Strength info: rsrp: -96 rsrq: -14 rssi: -59 rssnr: 2
08-09 22:32:33.004 19757 19757 D cellinfo: onsignalStrengthsChanged: 5G-NR Signal Strength info: ssrsrp: -104 ssrsrq: -15 sssinr: -4
08-09 22:32:33.049 19757 19808 D cellinfo: 46 bytes from 44.241.174.93: icmp_seq=19025 ttl=30 time=122 ms
08-09 22:32:33.208 19757 19808 D cellinfo: 46 bytes from 44.241.174.93: icmp_seq=19026 ttl=30 time=83.1 ms
08-09 22:32:33.475 19757 19808 D cellinfo: 46 bytes from 44.241.174.93: icmp_seq=19027 ttl=30 time=149 ms
08-09 22:32:33.488 19757 19757 D cellinfo: onCellInfoChanged: Operator: T-Mobile UpdateTimestamp: 108356796 CellConnectionStatus: 0
08-09 22:32:33.488 19757 19757 D cellinfo: onCellInfoChanged: LTE Cell Bands: [2] Bandwidth: 15000 Cell ID: 45066510 Physical Cell ID: 368 Tracking Area Code: 11620 EARFCN: 675
08-09 22:32:33.607 19757 19808 D cellinfo: 46 bytes from 44.241.174.93: icmp_seq=19028 ttl=30 time=80.2 ms
08-09 22:32:33.866 19757 19808 D cellinfo: 46 bytes from 44.241.174.93: icmp_seq=19029 ttl=30 time=137 ms
08-09 22:32:34.029 19757 19808 D cellinfo: 46 bytes from 44.241.174.93: icmp_seq=19030 ttl=30 time=100 ms
08-09 22:32:34.235 19757 19808 D cellinfo: 46 bytes from 44.241.174.93: icmp_seq=19031 ttl=30 time=107 ms
08-09 22:32:34.481 19757 19808 D cellinfo: 46 bytes from 44.241.174.93: icmp_seq=19032 ttl=30 time=152 ms
08-09 22:32:34.686 19757 19808 D cellinfo: 46 bytes from 44.241.174.93: icmp_seq=19033 ttl=30 time=157 ms
08-09 22:32:35.161 19757 19808 D cellinfo: 46 bytes from 44.241.174.93: icmp_seq=19034 ttl=30 time=431 ms
