08-09 22:27:34.344 19757 19757 D cellinfo: onsignalStrengthsChanged: LTE Signal Strength info: rsrp: -89 rsrq: -14 rssi: -55 rssnr: 0
08-09 22:27:34.344 19757 19757 D cellinfo: onsignalStrengthsChanged: 5G-NR Signal Strength info: ssrsrp: -96 ssrsrq: -16 sssinr: 2147483647
08-09 22:27:34.492 19757 19808 D cellinfo: 46 bytes from 44.241.174.93: icmp_seq=17539 ttl=26 time=62.3 ms
08-09 22:27:34.693 19757 19808 D cellinfo: 46 bytes from 44.241.174.93: icmp_seq=17540 ttl=26 time=62.7 ms
08-09 22:27:34.913 19757 19808 D cellinfo: 46 bytes from 44.241.174.93: icmp_seq=17541 ttl=26 time=81.3 ms
08-09 22:27:35.084 19757 19757 D cellinfo: onsignalStrengthsChanged: LTE Signal Strength info: rsrp: -88 rsrq: -13 rssi: -55 rssnr: 2
08-09 22:27:35.084 19757 19757 D cellinfo: onsignalStrengthsChanged: 5G-NR Signal Strength info: ssrsrp: -96 ssrsrq: -16 sssinr: 2147483647
08-09 22:27:35.111 19757 19808 D cellinfo: 46 bytes from 44.241.174.93: icmp_seq=17542 ttl=26 time=79.0 ms
08-09 22:27:35.317 19757 19808 D cellinfo: 46 bytes from 44.241.174.93: icmp_seq=17543 ttl=26 time=84.1 ms
08-09 22:27:35.510 19757 19808 D cellinfo: 46 bytes from 44.241.174.93: icmp_seq=17544 ttl=26 time=76.6 ms
08-09 22:27:35.710 19757 19808 D cellinfo: 46 bytes from 44.241.174.93: icmp_seq=17545 ttl=26 time=75.6 ms
08-09 22:27:35.910 19757 19808 D cellinfo: 46 bytes from 44.241.174.93: icmp_seq=17546 ttl=26 time=74.6 ms
08-09 22:27:36.117 19757 19808 D cellinfo: 46 bytes from 44.241.174.93: icmp_seq=17547 ttl=26 time=80.4 ms
08-09 22:27:36.255 19757 19757 D cellinfo: onsignalStrengthsChanged: LTE Signal Strength info: rsrp: -88 rsrq: -13 rssi: -55 rssnr: 2
08-09 22:27:36.255 19757 19757 D cellinfo: onsignalStrengthsChanged: 5G-NR Signal Strength info: ssrsrp: -98 ssrsrq: -17 sssinr: 2147483647
08-09 22:27:36.312 19757 19808 D cellinfo: 46 bytes from 44.241.174.93: icmp_seq=17548 ttl=26 time=73.9 ms
08-09 22:27:36.483 19757 19757 D cellinfo: onCellInfoChanged: Operator: T-Mobile UpdateTimestamp: 108059791 CellConnectionStatus: 0
08-09 22:27:36.483 19757 19757 D cellinfo: onCellInfoChanged: LTE Cell Bands: [66] Bandwidth: 20000 Cell ID: 21535235 Physical Cell ID: 155 Tracking Area Code: 11620 EARFCN: 66786
08-09 22:27:36.521 19757 19808 D cellinfo: 46 bytes from 44.241.174.93: icmp_seq=17549 ttl=26 time=83.1 ms
08-09 22:27:36.721 19757 19808 D cellinfo: 46 bytes from 44.241.174.93: icmp_seq=17550 ttl=26 time=82.5 ms
08-09 22:27:36.916 19757 19808 D cellinfo: 46 bytes from 44.241.174.93: icmp_seq=17551 ttl=26 time=76.1 ms
08-09 22:27:37.122 19757 19808 D cellinfo: 46 bytes from 44.241.174.93: icmp_seq=17552 ttl=26 time=81.8 ms
08-09 22:27:37.316 19757 19808 D cellinfo: 46 bytes from 44.241.174.93: icmp_seq=17553 ttl=26 time=75.5 ms
08-09 22:27:37.340 19757 19757 D cellinfo: onsignalStrengthsChanged: LTE Signal Strength info: rsrp: -88 rsrq: -13 rssi: -55 rssnr: 2
08-09 22:27:37.340 19757 19757 D cellinfo: onsignalStrengthsChanged: 5G-NR Signal Strength info: ssrsrp: -100 ssrsrq: -18 sssinr: 2147483647
08-09 22:27:37.517 19757 19808 D cellinfo: 46 bytes from 44.241.174.93: icmp_seq=17554 ttl=26 time=75.2 ms
08-09 22:27:37.701 19757 19808 D cellinfo: 46 bytes from 44.241.174.93: icmp_seq=17555 ttl=26 time=57.5 ms
08-09 22:27:37.813 19757 19757 D cellinfo: Latitude is 40.6329901
08-09 22:27:37.813 19757 19757 D cellinfo: Longitude is -111.9022914
08-09 22:27:37.813 19757 19757 D cellinfo: Instantaneous GPS information: United States, 418 E Winchester St, Murray, UT 84107, USA
08-09 22:27:37.813 19757 19757 D cellinfo: getCurrentLocation() result: Location (success): 40.6329901, -111.9022914
08-09 22:27:37.911 19757 19808 D cellinfo: 46 bytes from 44.241.174.93: icmp_seq=17556 ttl=26 time=66.5 ms
08-09 22:27:38.122 19757 19808 D cellinfo: 46 bytes from 44.241.174.93: icmp_seq=17557 ttl=26 time=76.2 ms
08-09 22:27:38.317 19757 19808 D cellinfo: 46 bytes from 44.241.174.93: icmp_seq=17558 ttl=26 time=70.3 ms
08-09 22:27:38.521 19757 19808 D cellinfo: 46 bytes from 44.241.174.93: icmp_seq=17559 ttl=26 time=72.9 ms
08-09 22:27:38.717 19757 19808 D cellinfo: 46 bytes from 44.241.174.93: icmp_seq=17560 ttl=26 time=68.8 ms
08-09 22:27:38.917 19757 19808 D cellinfo: 46 bytes from 44.241.174.93: icmp_seq=17561 ttl=26 time=68.4 ms
08-09 22:27:39.122 19757 19808 D cellinfo: 46 bytes from 44.241.174.93: icmp_seq=17562 ttl=26 time=72.3 ms
08-09 22:27:39.320 19757 19808 D cellinfo: 46 bytes from 44.241.174.93: icmp_seq=17563 ttl=26 time=69.8 ms
08-09 22:27:39.441 19757 19757 D cellinfo: Latitude is 40.6329901
08-09 22:27:39.441 19757 19757 D cellinfo: Longitude is -111.9022914
08-09 22:27:39.441 19757 19757 D cellinfo: Instantaneous GPS information: United States, 418 E Winchester St, Murray, UT 84107, USA
08-09 22:27:39.441 19757 19757 D cellinfo: getCurrentLocation() result: Location (success): 40.6329901, -111.9022914
08-09 22:27:39.491 19757 19757 D cellinfo: onCellInfoChanged: Operator: T-Mobile UpdateTimestamp: 108062800 CellConnectionStatus: 0
08-09 22:27:39.491 19757 19757 D cellinfo: onCellInfoChanged: LTE Cell Bands: [66] Bandwidth: 20000 Cell ID: 21535235 Physical Cell ID: 155 Tracking Area Code: 11620 EARFCN: 66786
08-09 22:27:39.527 19757 19808 D cellinfo: 46 bytes from 44.241.174.93: icmp_seq=17564 ttl=26 time=76.3 ms
08-09 22:27:39.559 19757 19757 D cellinfo: onsignalStrengthsChanged: LTE Signal Strength info: rsrp: -90 rsrq: -16 rssi: -59 rssnr: 0
08-09 22:27:39.559 19757 19757 D cellinfo: onsignalStrengthsChanged: 5G-NR Signal Strength info: ssrsrp: -100 ssrsrq: -18 sssinr: 2147483647
08-09 22:27:39.732 19757 19808 D cellinfo: 46 bytes from 44.241.174.93: icmp_seq=17565 ttl=26 time=80.5 ms
08-09 22:27:39.925 19757 19808 D cellinfo: 46 bytes from 44.241.174.93: icmp_seq=17566 ttl=26 time=72.6 ms
08-09 22:27:40.132 19757 19808 D cellinfo: 46 bytes from 44.241.174.93: icmp_seq=17567 ttl=26 time=78.6 ms
08-09 22:27:40.317 19757 19808 D cellinfo: 46 bytes from 44.241.174.93: icmp_seq=17568 ttl=26 time=62.8 ms
08-09 22:27:40.522 19757 19808 D cellinfo: 46 bytes from 44.241.174.93: icmp_seq=17569 ttl=26 time=66.9 ms
08-09 22:27:40.742 19757 19808 D cellinfo: 46 bytes from 44.241.174.93: icmp_seq=17570 ttl=26 time=86.4 ms
08-09 22:27:40.942 19757 19808 D cellinfo: 46 bytes from 44.241.174.93: icmp_seq=17571 ttl=26 time=86.1 ms
08-09 22:27:41.135 19757 19808 D cellinfo: 46 bytes from 44.241.174.93: icmp_seq=17572 ttl=26 time=78.3 ms
08-09 22:27:41.499 19757 19808 D cellinfo: 46 bytes from 44.241.174.93: icmp_seq=17573 ttl=26 time=241 ms
08-09 22:27:41.518 19757 19808 D cellinfo: 46 bytes from 44.241.174.93: icmp_seq=17574 ttl=26 time=59.1 ms
08-09 22:27:41.800 19757 19757 D cellinfo: onsignalStrengthsChanged: LTE Signal Strength info: rsrp: -90 rsrq: -10 rssi: -57 rssnr: 5
08-09 22:27:41.800 19757 19757 D cellinfo: onsignalStrengthsChanged: 5G-NR Signal Strength info: ssrsrp: -100 ssrsrq: -18 sssinr: 2147483647
08-09 22:27:41.819 19757 19808 D cellinfo: 46 bytes from 44.241.174.93: icmp_seq=17575 ttl=26 time=159 ms
08-09 22:27:41.941 19757 19808 D cellinfo: 46 bytes from 44.241.174.93: icmp_seq=17576 ttl=26 time=80.8 ms
08-09 22:27:42.141 19757 19808 D cellinfo: 46 bytes from 44.241.174.93: icmp_seq=17577 ttl=26 time=80.6 ms
08-09 22:27:42.357 19757 19808 D cellinfo: 46 bytes from 44.241.174.93: icmp_seq=17578 ttl=26 time=94.9 ms
08-09 22:27:42.414 19757 19757 D cellinfo: onsignalStrengthsChanged: LTE Signal Strength info: rsrp: -90 rsrq: -10 rssi: -57 rssnr: 5
08-09 22:27:42.414 19757 19757 D cellinfo: onsignalStrengthsChanged: 5G-NR Signal Strength info: ssrsrp: -101 ssrsrq: -19 sssinr: 2147483647
08-09 22:27:42.547 19757 19808 D cellinfo: 46 bytes from 44.241.174.93: icmp_seq=17579 ttl=26 time=84.6 ms
08-09 22:27:42.727 19757 19757 D cellinfo: Latitude is 40.6333848
08-09 22:27:42.727 19757 19757 D cellinfo: Longitude is -111.9022914
08-09 22:27:42.727 19757 19757 D cellinfo: Instantaneous GPS information: United States, 418 W Winchester St, Murray, UT 84107, USA
08-09 22:27:42.727 19757 19757 D cellinfo: getCurrentLocation() result: Location (success): 40.6333848, -111.9022914
08-09 22:27:42.730 19757 19757 D cellinfo: onCellInfoChanged: Operator: T-Mobile UpdateTimestamp: 108065787 CellConnectionStatus: 0
08-09 22:27:42.730 19757 19757 D cellinfo: onCellInfoChanged: LTE Cell Bands: [66] Bandwidth: 20000 Cell ID: 21535235 Physical Cell ID: 155 Tracking Area Code: 11620 EARFCN: 66786
08-09 22:27:42.732 19757 19808 D cellinfo: 46 bytes from 44.241.174.93: icmp_seq=17580 ttl=26 time=67.9 ms
08-09 22:27:42.926 19757 19808 D cellinfo: 46 bytes from 44.241.174.93: icmp_seq=17581 ttl=26 time=61.3 ms
08-09 22:27:43.152 19757 19808 D cellinfo: 46 bytes from 44.241.174.93: icmp_seq=17582 ttl=26 time=86.6 ms
08-09 22:27:43.343 19757 19757 D cellinfo: onsignalStrengthsChanged: LTE Signal Strength info: rsrp: -90 rsrq: -10 rssi: -57 rssnr: 5
08-09 22:27:43.343 19757 19757 D cellinfo: onsignalStrengthsChanged: 5G-NR Signal Strength info: ssrsrp: -102 ssrsrq: -20 sssinr: 2147483647
08-09 22:27:43.352 19757 19808 D cellinfo: 46 bytes from 44.241.174.93: icmp_seq=17583 ttl=26 time=85.5 ms
08-09 22:27:43.546 19757 19808 D cellinfo: 46 bytes from 44.241.174.93: icmp_seq=17584 ttl=26 time=78.8 ms
08-09 22:27:43.750 19757 19808 D cellinfo: 46 bytes from 44.241.174.93: icmp_seq=17585 ttl=26 time=82.4 ms
08-09 22:27:43.952 19757 19808 D cellinfo: 46 bytes from 44.241.174.93: icmp_seq=17586 ttl=26 time=83.5 ms
08-09 22:27:44.044 19757 19757 D cellinfo: onsignalStrengthsChanged: LTE Signal Strength info: rsrp: -83 rsrq: -16 rssi: -51 rssnr: 8
08-09 22:27:44.044 19757 19757 D cellinfo: onsignalStrengthsChanged: 5G-NR Signal Strength info: ssrsrp: -102 ssrsrq: -20 sssinr: 2147483647
08-09 22:27:44.151 19757 19808 D cellinfo: 46 bytes from 44.241.174.93: icmp_seq=17587 ttl=26 time=81.3 ms
08-09 22:27:44.348 19757 19808 D cellinfo: 46 bytes from 44.241.174.93: icmp_seq=17588 ttl=26 time=77.1 ms
08-09 22:27:44.546 19757 19808 D cellinfo: 46 bytes from 44.241.174.93: icmp_seq=17589 ttl=26 time=75.1 ms
08-09 22:27:44.758 19757 19808 D cellinfo: 46 bytes from 44.241.174.93: icmp_seq=17590 ttl=26 time=86.0 ms
08-09 22:27:44.947 19757 19808 D cellinfo: 46 bytes from 44.241.174.93: icmp_seq=17591 ttl=26 time=74.5 ms
08-09 22:27:45.153 19757 19808 D cellinfo: 46 bytes from 44.241.174.93: icmp_seq=17592 ttl=26 time=79.9 ms
08-09 22:27:45.357 19757 19808 D cellinfo: 46 bytes from 44.241.174.93: icmp_seq=17593 ttl=26 time=83.2 ms
08-09 22:27:45.562 19757 19808 D cellinfo: 46 bytes from 44.241.174.93: icmp_seq=17594 ttl=26 time=87.3 ms
08-09 22:27:45.777 19757 19808 D cellinfo: 46 bytes from 44.241.174.93: icmp_seq=17595 ttl=26 time=101 ms
08-09 22:27:45.841 19757 19757 D cellinfo: Latitude is 40.6338965
08-09 22:27:45.841 19757 19757 D cellinfo: Longitude is -111.9022914
08-09 22:27:45.841 19757 19757 D cellinfo: Instantaneous GPS information: United States, 418 W Winchester St, Murray, UT 84107, USA
08-09 22:27:45.841 19757 19757 D cellinfo: getCurrentLocation() result: Location (success): 40.6338965, -111.9022914
08-09 22:27:45.843 19757 19757 D cellinfo: onCellInfoChanged: Operator: T-Mobile UpdateTimestamp: 108068798 CellConnectionStatus: 0
08-09 22:27:45.844 19757 19757 D cellinfo: onCellInfoChanged: LTE Cell Bands: [66] Bandwidth: 20000 Cell ID: 21535235 Physical Cell ID: 155 Tracking Area Code: 11620 EARFCN: 66786
08-09 22:27:45.955 19757 19808 D cellinfo: 46 bytes from 44.241.174.93: icmp_seq=17596 ttl=26 time=78.3 ms
08-09 22:27:46.162 19757 19808 D cellinfo: 46 bytes from 44.241.174.93: icmp_seq=17597 ttl=26 time=84.7 ms
08-09 22:27:46.340 19757 19757 D cellinfo: onsignalStrengthsChanged: LTE Signal Strength info: rsrp: -83 rsrq: -16 rssi: -51 rssnr: 8
08-09 22:27:46.340 19757 19757 D cellinfo: onsignalStrengthsChanged: 5G-NR Signal Strength info: ssrsrp: -98 ssrsrq: -15 sssinr: 38
08-09 22:27:46.361 19757 19808 D cellinfo: 46 bytes from 44.241.174.93: icmp_seq=17598 ttl=26 time=83.4 ms
08-09 22:27:46.574 19757 19808 D cellinfo: 46 bytes from 44.241.174.93: icmp_seq=17599 ttl=26 time=95.1 ms
08-09 22:27:46.752 19757 19808 D cellinfo: 46 bytes from 44.241.174.93: icmp_seq=17600 ttl=26 time=72.5 ms
08-09 22:27:46.945 19757 19808 D cellinfo: 46 bytes from 44.241.174.93: icmp_seq=17601 ttl=26 time=65.0 ms
08-09 22:27:47.145 19757 19808 D cellinfo: 46 bytes from 44.241.174.93: icmp_seq=17602 ttl=26 time=64.5 ms
08-09 22:27:47.346 19757 19808 D cellinfo: 46 bytes from 44.241.174.93: icmp_seq=17603 ttl=26 time=64.1 ms
08-09 22:27:47.546 19757 19808 D cellinfo: 46 bytes from 44.241.174.93: icmp_seq=17604 ttl=26 time=63.7 ms
08-09 22:27:47.747 19757 19808 D cellinfo: 46 bytes from 44.241.174.93: icmp_seq=17605 ttl=26 time=63.1 ms
08-09 22:27:47.946 19757 19808 D cellinfo: 46 bytes from 44.241.174.93: icmp_seq=17606 ttl=26 time=61.9 ms
08-09 22:27:48.167 19757 19808 D cellinfo: 46 bytes from 44.241.174.93: icmp_seq=17607 ttl=26 time=82.7 ms
08-09 22:27:48.368 19757 19808 D cellinfo: 46 bytes from 44.241.174.93: icmp_seq=17608 ttl=26 time=82.0 ms
08-09 22:27:48.577 19757 19808 D cellinfo: 46 bytes from 44.241.174.93: icmp_seq=17609 ttl=26 time=90.9 ms
08-09 22:27:48.747 19757 19808 D cellinfo: 46 bytes from 44.241.174.93: icmp_seq=17610 ttl=26 time=60.2 ms
08-09 22:27:48.762 19757 19757 D cellinfo: Latitude is 40.6340763
08-09 22:27:48.762 19757 19757 D cellinfo: Longitude is -111.9022914
08-09 22:27:48.762 19757 19757 D cellinfo: Instantaneous GPS information: United States, 418 W Winchester St, Murray, UT 84107, USA
08-09 22:27:48.762 19757 19757 D cellinfo: getCurrentLocation() result: Location (success): 40.6340763, -111.9022914
08-09 22:27:48.764 19757 19757 D cellinfo: onCellInfoChanged: Operator: T-Mobile UpdateTimestamp: 108071802 CellConnectionStatus: 0
08-09 22:27:48.764 19757 19757 D cellinfo: onCellInfoChanged: LTE Cell Bands: [66] Bandwidth: 20000 Cell ID: 21535235 Physical Cell ID: 155 Tracking Area Code: 11620 EARFCN: 66786
08-09 22:27:48.764 19757 19757 D cellinfo: onsignalStrengthsChanged: LTE Signal Strength info: rsrp: -82 rsrq: -10 rssi: -51 rssnr: 16
08-09 22:27:48.765 19757 19757 D cellinfo: onsignalStrengthsChanged: 5G-NR Signal Strength info: ssrsrp: -98 ssrsrq: -15 sssinr: 38
08-09 22:27:48.975 19757 19808 D cellinfo: 46 bytes from 44.241.174.93: icmp_seq=17611 ttl=26 time=87.7 ms
08-09 22:27:49.173 19757 19808 D cellinfo: 46 bytes from 44.241.174.93: icmp_seq=17612 ttl=26 time=83.6 ms
08-09 22:27:49.341 19757 19757 D cellinfo: onsignalStrengthsChanged: LTE Signal Strength info: rsrp: -82 rsrq: -10 rssi: -51 rssnr: 16
08-09 22:27:49.342 19757 19757 D cellinfo: onsignalStrengthsChanged: 5G-NR Signal Strength info: ssrsrp: -94 ssrsrq: -12 sssinr: 2147483647
08-09 22:27:49.375 19757 19808 D cellinfo: 46 bytes from 44.241.174.93: icmp_seq=17613 ttl=26 time=84.9 ms
08-09 22:27:49.566 19757 19808 D cellinfo: 46 bytes from 44.241.174.93: icmp_seq=17614 ttl=26 time=75.2 ms
08-09 22:27:49.766 19757 19808 D cellinfo: 46 bytes from 44.241.174.93: icmp_seq=17615 ttl=26 time=73.8 ms
08-09 22:27:49.966 19757 19808 D cellinfo: 46 bytes from 44.241.174.93: icmp_seq=17616 ttl=26 time=73.3 ms
08-09 22:27:50.167 19757 19808 D cellinfo: 46 bytes from 44.241.174.93: icmp_seq=17617 ttl=26 time=72.9 ms
08-09 22:27:50.367 19757 19808 D cellinfo: 46 bytes from 44.241.174.93: icmp_seq=17618 ttl=26 time=72.4 ms
08-09 22:27:50.593 19757 19808 D cellinfo: 46 bytes from 44.241.174.93: icmp_seq=17619 ttl=26 time=97.1 ms
08-09 22:27:50.769 19757 19757 D cellinfo: onsignalStrengthsChanged: LTE Signal Strength info: rsrp: -86 rsrq: -13 rssi: -51 rssnr: 17
08-09 22:27:50.770 19757 19757 D cellinfo: onsignalStrengthsChanged: 5G-NR Signal Strength info: ssrsrp: -94 ssrsrq: -12 sssinr: 2147483647
08-09 22:27:50.795 19757 19808 D cellinfo: 46 bytes from 44.241.174.93: icmp_seq=17620 ttl=26 time=98.9 ms
08-09 22:27:50.998 19757 19808 D cellinfo: 46 bytes from 44.241.174.93: icmp_seq=17621 ttl=26 time=101 ms
08-09 22:27:51.177 19757 19808 D cellinfo: 46 bytes from 44.241.174.93: icmp_seq=17622 ttl=26 time=79.8 ms
08-09 22:27:51.366 19757 19808 D cellinfo: 46 bytes from 44.241.174.93: icmp_seq=17623 ttl=26 time=68.0 ms
08-09 22:27:51.471 19757 19757 D cellinfo: onCellInfoChanged: Operator: T-Mobile UpdateTimestamp: 108074781 CellConnectionStatus: 0
08-09 22:27:51.471 19757 19757 D cellinfo: onCellInfoChanged: LTE Cell Bands: [66] Bandwidth: 20000 Cell ID: 21535235 Physical Cell ID: 155 Tracking Area Code: 11620 EARFCN: 66786
08-09 22:27:51.567 19757 19808 D cellinfo: 46 bytes from 44.241.174.93: icmp_seq=17624 ttl=26 time=67.9 ms
08-09 22:27:51.801 19757 19808 D cellinfo: 46 bytes from 44.241.174.93: icmp_seq=17625 ttl=26 time=101 ms
08-09 22:27:51.992 19757 19808 D cellinfo: 46 bytes from 44.241.174.93: icmp_seq=17626 ttl=26 time=92.2 ms
08-09 22:27:52.168 19757 19808 D cellinfo: 46 bytes from 44.241.174.93: icmp_seq=17627 ttl=26 time=67.3 ms
08-09 22:27:52.340 19757 19757 D cellinfo: onsignalStrengthsChanged: LTE Signal Strength info: rsrp: -86 rsrq: -13 rssi: -51 rssnr: 17
08-09 22:27:52.340 19757 19757 D cellinfo: onsignalStrengthsChanged: 5G-NR Signal Strength info: ssrsrp: -94 ssrsrq: -11 sssinr: 2147483647
08-09 22:27:52.391 19757 19808 D cellinfo: 46 bytes from 44.241.174.93: icmp_seq=17628 ttl=26 time=89.7 ms
08-09 22:27:52.593 19757 19808 D cellinfo: 46 bytes from 44.241.174.93: icmp_seq=17629 ttl=26 time=90.7 ms
08-09 22:27:52.768 19757 19808 D cellinfo: 46 bytes from 44.241.174.93: icmp_seq=17630 ttl=26 time=64.2 ms
08-09 22:27:53.019 19757 19808 D cellinfo: 46 bytes from 44.241.174.93: icmp_seq=17631 ttl=26 time=113 ms
08-09 22:27:53.023 19757 19757 D cellinfo: Latitude is 40.6357995
08-09 22:27:53.023 19757 19757 D cellinfo: Longitude is -111.9044166
08-09 22:27:53.023 19757 19757 D cellinfo: Instantaneous GPS information: United States, Veterans Memorial Hwy, Murray, UT 84107, USA
08-09 22:27:53.023 19757 19757 D cellinfo: getCurrentLocation() result: Location (success): 40.6357995, -111.9044166
08-09 22:27:53.025 19757 19757 D cellinfo: onsignalStrengthsChanged: LTE Signal Strength info: rsrp: -87 rsrq: -13 rssi: -63 rssnr: 23
08-09 22:27:53.025 19757 19757 D cellinfo: onsignalStrengthsChanged: 5G-NR Signal Strength info: ssrsrp: -94 ssrsrq: -11 sssinr: 2147483647
08-09 22:27:53.166 19757 19808 D cellinfo: 46 bytes from 44.241.174.93: icmp_seq=17632 ttl=26 time=61.1 ms
08-09 22:27:53.387 19757 19808 D cellinfo: 46 bytes from 44.241.174.93: icmp_seq=17633 ttl=26 time=81.1 ms
08-09 22:27:53.586 19757 19808 D cellinfo: 46 bytes from 44.241.174.93: icmp_seq=17634 ttl=26 time=79.4 ms
08-09 22:27:53.800 19757 19808 D cellinfo: 46 bytes from 44.241.174.93: icmp_seq=17635 ttl=26 time=93.4 ms
08-09 22:27:53.996 19757 19808 D cellinfo: 46 bytes from 44.241.174.93: icmp_seq=17636 ttl=26 time=88.5 ms
08-09 22:27:54.186 19757 19808 D cellinfo: 46 bytes from 44.241.174.93: icmp_seq=17637 ttl=26 time=77.2 ms
08-09 22:27:54.387 19757 19808 D cellinfo: 46 bytes from 44.241.174.93: icmp_seq=17638 ttl=26 time=77.0 ms
08-09 22:27:54.440 19757 19757 D cellinfo: Latitude is 40.6357995
08-09 22:27:54.440 19757 19757 D cellinfo: Longitude is -111.9044166
08-09 22:27:54.440 19757 19757 D cellinfo: Instantaneous GPS information: United States, Veterans Memorial Hwy, Murray, UT 84107, USA
08-09 22:27:54.440 19757 19757 D cellinfo: getCurrentLocation() result: Location (success): 40.6357995, -111.9044166
08-09 22:27:54.495 19757 19757 D cellinfo: onCellInfoChanged: Operator: T-Mobile UpdateTimestamp: 108077802 CellConnectionStatus: 0
08-09 22:27:54.495 19757 19757 D cellinfo: onCellInfoChanged: LTE Cell Bands: [66] Bandwidth: 20000 Cell ID: 21535235 Physical Cell ID: 155 Tracking Area Code: 11620 EARFCN: 66786
08-09 22:27:54.592 19757 19808 D cellinfo: 46 bytes from 44.241.174.93: icmp_seq=17639 ttl=26 time=81.8 ms
08-09 22:27:54.843 19757 19757 D cellinfo: onServiceStateChanged: Channel Number: 66786 Cell Bandwidths: [20000]
08-09 22:27:55.341 19757 19757 D cellinfo: onsignalStrengthsChanged: LTE Signal Strength info: rsrp: -87 rsrq: -13 rssi: -63 rssnr: 23
08-09 22:27:55.355 19757 19808 D cellinfo: 46 bytes from 44.241.174.93: icmp_seq=17640 ttl=26 time=644 ms
08-09 22:27:55.355 19757 19808 D cellinfo: 46 bytes from 44.241.174.93: icmp_seq=17641 ttl=26 time=442 ms
08-09 22:27:55.355 19757 19808 D cellinfo: 46 bytes from 44.241.174.93: icmp_seq=17642 ttl=26 time=239 ms
08-09 22:27:55.367 19757 19757 D cellinfo: onServiceStateChanged: Channel Number: 66786 Cell Bandwidths: [20000, 15000, 5000]
08-09 22:27:55.406 19757 19757 D cellinfo: onServiceStateChanged: Channel Number: 66786 Cell Bandwidths: [20000]
08-09 22:27:55.415 19757 19808 D cellinfo: 46 bytes from 44.241.174.93: icmp_seq=17643 ttl=26 time=96.4 ms
08-09 22:27:55.662 19757 19808 D cellinfo: 46 bytes from 44.241.174.93: icmp_seq=17644 ttl=26 time=141 ms
08-09 22:27:55.792 19757 19808 D cellinfo: 46 bytes from 44.241.174.93: icmp_seq=17645 ttl=26 time=72.0 ms
08-09 22:27:55.870 19757 19757 D cellinfo: onServiceStateChanged: Channel Number: 66786 Cell Bandwidths: [20000, 15000, 5000]
08-09 22:27:56.001 19757 19808 D cellinfo: 46 bytes from 44.241.174.93: icmp_seq=17646 ttl=26 time=80.4 ms
08-09 22:27:56.015 19757 19757 D cellinfo: onsignalStrengthsChanged: LTE Signal Strength info: rsrp: -87 rsrq: -13 rssi: -63 rssnr: 23
08-09 22:27:56.016 19757 19757 D cellinfo: onsignalStrengthsChanged: 5G-NR Signal Strength info: ssrsrp: -94 ssrsrq: -11 sssinr: 2147483647
08-09 22:27:56.042 19757 19757 D cellinfo: onServiceStateChanged: Channel Number: 66786 Cell Bandwidths: [20000, 15000, 5000]
08-09 22:27:56.074 19757 19757 D cellinfo: onServiceStateChanged: Channel Number: 66786 Cell Bandwidths: [20000]
08-09 22:27:56.105 19757 19757 D cellinfo: onsignalStrengthsChanged: LTE Signal Strength info: rsrp: -87 rsrq: -13 rssi: -63 rssnr: 23
08-09 22:27:56.116 19757 19757 D cellinfo: onServiceStateChanged: Channel Number: 66786 Cell Bandwidths: [20000, 15000]
08-09 22:27:56.131 19757 19757 D cellinfo: onServiceStateChanged: Channel Number: 66786 Cell Bandwidths: [20000, 15000, 5000]
08-09 22:27:56.347 19757 19808 D cellinfo: 46 bytes from 44.241.174.93: icmp_seq=17647 ttl=26 time=226 ms
08-09 22:27:56.402 19757 19808 D cellinfo: 46 bytes from 44.241.174.93: icmp_seq=17648 ttl=26 time=79.9 ms
08-09 22:27:56.593 19757 19808 D cellinfo: 46 bytes from 44.241.174.93: icmp_seq=17649 ttl=26 time=69.8 ms
08-09 22:27:56.694 19757 19757 D cellinfo: onsignalStrengthsChanged: LTE Signal Strength info: rsrp: -87 rsrq: -13 rssi: -63 rssnr: 23
08-09 22:27:56.694 19757 19757 D cellinfo: onsignalStrengthsChanged: 5G-NR Signal Strength info: ssrsrp: -94 ssrsrq: -11 sssinr: 2147483647
08-09 22:27:56.715 19757 19757 D cellinfo: onServiceStateChanged: Channel Number: 66786 Cell Bandwidths: [20000, 15000, 5000]
08-09 22:27:56.802 19757 19808 D cellinfo: 46 bytes from 44.241.174.93: icmp_seq=17650 ttl=26 time=78.9 ms
08-09 22:27:57.007 19757 19808 D cellinfo: 46 bytes from 44.241.174.93: icmp_seq=17651 ttl=26 time=83.0 ms
08-09 22:27:57.188 19757 19808 D cellinfo: 46 bytes from 44.241.174.93: icmp_seq=17652 ttl=26 time=64.4 ms
08-09 22:27:57.397 19757 19808 D cellinfo: 46 bytes from 44.241.174.93: icmp_seq=17653 ttl=26 time=73.1 ms
08-09 22:27:57.587 19757 19808 D cellinfo: 46 bytes from 44.241.174.93: icmp_seq=17654 ttl=26 time=61.9 ms
08-09 22:27:57.781 19757 19757 D cellinfo: Latitude is 40.6359422
08-09 22:27:57.781 19757 19757 D cellinfo: Longitude is -111.9048589
08-09 22:27:57.781 19757 19757 D cellinfo: Instantaneous GPS information: United States, Veterans Memorial Hwy, Murray, UT 84107, USA
08-09 22:27:57.781 19757 19757 D cellinfo: getCurrentLocation() result: Location (success): 40.6359422, -111.9048589
08-09 22:27:57.783 19757 19757 D cellinfo: onsignalStrengthsChanged: LTE Signal Strength info: rsrp: -108 rsrq: -13 rssi: -73 rssnr: 0
08-09 22:27:57.783 19757 19757 D cellinfo: onCellInfoChanged: Operator: T-Mobile UpdateTimestamp: 108080796 CellConnectionStatus: 0
08-09 22:27:57.783 19757 19757 D cellinfo: onCellInfoChanged: LTE Cell Bands: [66] Bandwidth: 20000 Cell ID: 21535235 Physical Cell ID: 155 Tracking Area Code: 11620 EARFCN: 66786
08-09 22:27:57.792 19757 19808 D cellinfo: 46 bytes from 44.241.174.93: icmp_seq=17655 ttl=26 time=65.6 ms
08-09 22:27:57.997 19757 19808 D cellinfo: 46 bytes from 44.241.174.93: icmp_seq=17656 ttl=26 time=69.7 ms
08-09 22:27:58.203 19757 19808 D cellinfo: 46 bytes from 44.241.174.93: icmp_seq=17657 ttl=26 time=74.3 ms
08-09 22:27:58.412 19757 19808 D cellinfo: 46 bytes from 44.241.174.93: icmp_seq=17658 ttl=26 time=82.4 ms
08-09 22:27:58.612 19757 19808 D cellinfo: 46 bytes from 44.241.174.93: icmp_seq=17659 ttl=26 time=81.5 ms
08-09 22:27:58.797 19757 19808 D cellinfo: 46 bytes from 44.241.174.93: icmp_seq=17660 ttl=26 time=65.9 ms
08-09 22:27:59.011 19757 19808 D cellinfo: 46 bytes from 44.241.174.93: icmp_seq=17661 ttl=26 time=79.6 ms
08-09 22:27:59.135 19757 19757 D cellinfo: onsignalStrengthsChanged: LTE Signal Strength info: rsrp: -108 rsrq: -13 rssi: -73 rssnr: 0
08-09 22:27:59.135 19757 19757 D cellinfo: onsignalStrengthsChanged: 5G-NR Signal Strength info: ssrsrp: -105 ssrsrq: -15 sssinr: 23
08-09 22:27:59.212 19757 19808 D cellinfo: 46 bytes from 44.241.174.93: icmp_seq=17662 ttl=26 time=79.9 ms
08-09 22:27:59.396 19757 19808 D cellinfo: 46 bytes from 44.241.174.93: icmp_seq=17663 ttl=26 time=63.6 ms
08-09 22:27:59.598 19757 19808 D cellinfo: 46 bytes from 44.241.174.93: icmp_seq=17664 ttl=26 time=64.4 ms
08-09 22:27:59.720 19757 19757 D cellinfo: onsignalStrengthsChanged: LTE Signal Strength info: rsrp: -104 rsrq: -16 rssi: -69 rssnr: 8
08-09 22:27:59.720 19757 19757 D cellinfo: onsignalStrengthsChanged: 5G-NR Signal Strength info: ssrsrp: -105 ssrsrq: -15 sssinr: 23
08-09 22:27:59.797 19757 19808 D cellinfo: 46 bytes from 44.241.174.93: icmp_seq=17665 ttl=26 time=62.7 ms
08-09 22:28:00.001 19757 19808 D cellinfo: 46 bytes from 44.241.174.93: icmp_seq=17666 ttl=26 time=65.4 ms
08-09 22:28:00.202 19757 19808 D cellinfo: 46 bytes from 44.241.174.93: icmp_seq=17667 ttl=26 time=66.1 ms
08-09 22:28:00.402 19757 19808 D cellinfo: 46 bytes from 44.241.174.93: icmp_seq=17668 ttl=26 time=65.6 ms
08-09 22:28:00.596 19757 19808 D cellinfo: 46 bytes from 44.241.174.93: icmp_seq=17669 ttl=26 time=58.9 ms
08-09 22:28:00.696 19757 19757 D cellinfo: Latitude is 40.6361388
08-09 22:28:00.696 19757 19757 D cellinfo: Longitude is -111.9054668
08-09 22:28:00.696 19757 19757 D cellinfo: Instantaneous GPS information: United States, I-215, Murray, UT 84123, USA
08-09 22:28:00.696 19757 19757 D cellinfo: getCurrentLocation() result: Location (success): 40.6361388, -111.9054668
08-09 22:28:00.698 19757 19757 D cellinfo: onCellInfoChanged: Operator: T-Mobile UpdateTimestamp: 108083775 CellConnectionStatus: 0
08-09 22:28:00.699 19757 19757 D cellinfo: onCellInfoChanged: LTE Cell Bands: [66] Bandwidth: 20000 Cell ID: 21535235 Physical Cell ID: 155 Tracking Area Code: 11620 EARFCN: 66786
08-09 22:28:00.796 19757 19808 D cellinfo: 46 bytes from 44.241.174.93: icmp_seq=17670 ttl=26 time=57.9 ms
08-09 22:28:01.001 19757 19808 D cellinfo: 46 bytes from 44.241.174.93: icmp_seq=17671 ttl=26 time=63.0 ms
08-09 22:28:01.202 19757 19808 D cellinfo: 46 bytes from 44.241.174.93: icmp_seq=17672 ttl=26 time=63.9 ms
08-09 22:28:01.401 19757 19808 D cellinfo: 46 bytes from 44.241.174.93: icmp_seq=17673 ttl=26 time=63.2 ms
08-09 22:28:01.607 19757 19808 D cellinfo: 46 bytes from 44.241.174.93: icmp_seq=17674 ttl=26 time=67.7 ms
08-09 22:28:01.806 19757 19808 D cellinfo: 46 bytes from 44.241.174.93: icmp_seq=17675 ttl=26 time=66.5 ms
08-09 22:28:01.960 19757 19757 D cellinfo: onsignalStrengthsChanged: LTE Signal Strength info: rsrp: -94 rsrq: -9 rssi: -63 rssnr: 18
08-09 22:28:01.960 19757 19757 D cellinfo: onsignalStrengthsChanged: 5G-NR Signal Strength info: ssrsrp: -105 ssrsrq: -15 sssinr: 23
08-09 22:28:02.012 19757 19808 D cellinfo: 46 bytes from 44.241.174.93: icmp_seq=17676 ttl=26 time=71.3 ms
08-09 22:28:02.138 19757 19757 D cellinfo: onsignalStrengthsChanged: LTE Signal Strength info: rsrp: -94 rsrq: -9 rssi: -63 rssnr: 18
08-09 22:28:02.138 19757 19757 D cellinfo: onsignalStrengthsChanged: 5G-NR Signal Strength info: ssrsrp: -104 ssrsrq: -13 sssinr: 2147483647
08-09 22:28:02.211 19757 19808 D cellinfo: 46 bytes from 44.241.174.93: icmp_seq=17677 ttl=26 time=70.6 ms
08-09 22:28:02.406 19757 19808 D cellinfo: 46 bytes from 44.241.174.93: icmp_seq=17678 ttl=26 time=64.7 ms
08-09 22:28:02.606 19757 19808 D cellinfo: 46 bytes from 44.241.174.93: icmp_seq=17679 ttl=26 time=62.4 ms
08-09 22:28:02.806 19757 19808 D cellinfo: 46 bytes from 44.241.174.93: icmp_seq=17680 ttl=26 time=61.7 ms
08-09 22:28:03.010 19757 19808 D cellinfo: 46 bytes from 44.241.174.93: icmp_seq=17681 ttl=26 time=64.4 ms
08-09 22:28:03.211 19757 19808 D cellinfo: 46 bytes from 44.241.174.93: icmp_seq=17682 ttl=26 time=65.1 ms
08-09 22:28:03.417 19757 19808 D cellinfo: 46 bytes from 44.241.174.93: icmp_seq=17683 ttl=26 time=70.3 ms
08-09 22:28:03.622 19757 19808 D cellinfo: 46 bytes from 44.241.174.93: icmp_seq=17684 ttl=26 time=74.5 ms
08-09 22:28:03.773 19757 19757 D cellinfo: Latitude is 40.6362038
08-09 22:28:03.773 19757 19757 D cellinfo: Longitude is -111.9056664
08-09 22:28:03.773 19757 19757 D cellinfo: Instantaneous GPS information: United States, Belt Route, Murray, UT 84123, USA
08-09 22:28:03.773 19757 19757 D cellinfo: getCurrentLocation() result: Location (success): 40.6362038, -111.9056664
08-09 22:28:03.777 19757 19757 D cellinfo: onCellInfoChanged: Operator: T-Mobile UpdateTimestamp: 108086797 CellConnectionStatus: 0
08-09 22:28:03.777 19757 19757 D cellinfo: onCellInfoChanged: LTE Cell Bands: [66] Bandwidth: 20000 Cell ID: 21535235 Physical Cell ID: 155 Tracking Area Code: 11620 EARFCN: 66786
08-09 22:28:03.818 19757 19808 D cellinfo: 46 bytes from 44.241.174.93: icmp_seq=17685 ttl=26 time=67.6 ms
08-09 22:28:04.022 19757 19808 D cellinfo: 46 bytes from 44.241.174.93: icmp_seq=17686 ttl=26 time=70.7 ms
08-09 22:28:04.216 19757 19808 D cellinfo: 46 bytes from 44.241.174.93: icmp_seq=17687 ttl=26 time=64.6 ms
08-09 22:28:04.416 19757 19808 D cellinfo: 46 bytes from 44.241.174.93: icmp_seq=17688 ttl=26 time=63.5 ms
08-09 22:28:04.621 19757 19808 D cellinfo: 46 bytes from 44.241.174.93: icmp_seq=17689 ttl=26 time=67.3 ms
08-09 22:28:04.821 19757 19808 D cellinfo: 46 bytes from 44.241.174.93: icmp_seq=17690 ttl=26 time=66.1 ms
08-09 22:28:05.021 19757 19808 D cellinfo: 46 bytes from 44.241.174.93: icmp_seq=17691 ttl=26 time=65.6 ms
08-09 22:28:05.135 19757 19757 D cellinfo: onsignalStrengthsChanged: LTE Signal Strength info: rsrp: -94 rsrq: -9 rssi: -63 rssnr: 18
08-09 22:28:05.135 19757 19757 D cellinfo: onsignalStrengthsChanged: 5G-NR Signal Strength info: ssrsrp: -105 ssrsrq: -13 sssinr: 38
08-09 22:28:05.226 19757 19808 D cellinfo: 46 bytes from 44.241.174.93: icmp_seq=17692 ttl=26 time=70.9 ms
08-09 22:28:05.421 19757 19808 D cellinfo: 46 bytes from 44.241.174.93: icmp_seq=17693 ttl=26 time=64.9 ms
08-09 22:28:05.626 19757 19808 D cellinfo: 46 bytes from 44.241.174.93: icmp_seq=17694 ttl=26 time=69.5 ms
08-09 22:28:05.825 19757 19808 D cellinfo: 46 bytes from 44.241.174.93: icmp_seq=17695 ttl=26 time=68.0 ms
08-09 22:28:06.022 19757 19808 D cellinfo: 46 bytes from 44.241.174.93: icmp_seq=17696 ttl=26 time=63.9 ms
08-09 22:28:06.221 19757 19808 D cellinfo: 46 bytes from 44.241.174.93: icmp_seq=17697 ttl=26 time=63.8 ms
08-09 22:28:06.420 19757 19808 D cellinfo: 46 bytes from 44.241.174.93: icmp_seq=17698 ttl=26 time=62.0 ms
08-09 22:28:06.454 19757 19757 D cellinfo: onsignalStrengthsChanged: LTE Signal Strength info: rsrp: -102 rsrq: -13 rssi: -67 rssnr: 7
08-09 22:28:06.454 19757 19757 D cellinfo: onsignalStrengthsChanged: 5G-NR Signal Strength info: ssrsrp: -105 ssrsrq: -13 sssinr: 38
08-09 22:28:06.485 19757 19757 D cellinfo: onCellInfoChanged: Operator: T-Mobile UpdateTimestamp: 108089794 CellConnectionStatus: 0
08-09 22:28:06.485 19757 19757 D cellinfo: onCellInfoChanged: LTE Cell Bands: [66] Bandwidth: 20000 Cell ID: 21535235 Physical Cell ID: 155 Tracking Area Code: 11620 EARFCN: 66786
08-09 22:28:06.622 19757 19808 D cellinfo: 46 bytes from 44.241.174.93: icmp_seq=17699 ttl=26 time=64.5 ms
08-09 22:28:06.822 19757 19808 D cellinfo: 46 bytes from 44.241.174.93: icmp_seq=17700 ttl=26 time=63.1 ms
08-09 22:28:07.020 19757 19808 D cellinfo: 46 bytes from 44.241.174.93: icmp_seq=17701 ttl=26 time=60.8 ms
08-09 22:28:07.220 19757 19808 D cellinfo: 46 bytes from 44.241.174.93: icmp_seq=17702 ttl=26 time=61.4 ms
08-09 22:28:07.421 19757 19808 D cellinfo: 46 bytes from 44.241.174.93: icmp_seq=17703 ttl=26 time=61.7 ms
08-09 22:28:07.621 19757 19808 D cellinfo: 46 bytes from 44.241.174.93: icmp_seq=17704 ttl=26 time=60.0 ms
08-09 22:28:07.818 19757 19757 D cellinfo: Latitude is 40.63595
08-09 22:28:07.818 19757 19757 D cellinfo: Longitude is -111.9089627
08-09 22:28:07.818 19757 19757 D cellinfo: Instantaneous GPS information: United States, 6227 Short Iron Cir, Murray, UT 84123, USA
08-09 22:28:07.818 19757 19757 D cellinfo: getCurrentLocation() result: Location (success): 40.63595, -111.9089627
08-09 22:28:07.835 19757 19808 D cellinfo: 46 bytes from 44.241.174.93: icmp_seq=17705 ttl=26 time=72.7 ms
08-09 22:28:08.031 19757 19808 D cellinfo: 46 bytes from 44.241.174.93: icmp_seq=17706 ttl=26 time=68.3 ms
08-09 22:28:08.134 19757 19757 D cellinfo: onsignalStrengthsChanged: LTE Signal Strength info: rsrp: -102 rsrq: -13 rssi: -67 rssnr: 7
08-09 22:28:08.135 19757 19757 D cellinfo: onsignalStrengthsChanged: 5G-NR Signal Strength info: ssrsrp: -109 ssrsrq: -14 sssinr: 14
08-09 22:28:08.228 19757 19808 D cellinfo: 46 bytes from 44.241.174.93: icmp_seq=17707 ttl=26 time=65.1 ms
08-09 22:28:08.428 19757 19808 D cellinfo: 46 bytes from 44.241.174.93: icmp_seq=17708 ttl=26 time=64.6 ms
08-09 22:28:08.627 19757 19808 D cellinfo: 46 bytes from 44.241.174.93: icmp_seq=17709 ttl=26 time=62.4 ms
08-09 22:28:08.685 19757 19757 D cellinfo: onsignalStrengthsChanged: LTE Signal Strength info: rsrp: -102 rsrq: -19 rssi: -65 rssnr: 9
08-09 22:28:08.685 19757 19757 D cellinfo: onsignalStrengthsChanged: 5G-NR Signal Strength info: ssrsrp: -109 ssrsrq: -14 sssinr: 14
08-09 22:28:08.831 19757 19808 D cellinfo: 46 bytes from 44.241.174.93: icmp_seq=17710 ttl=26 time=65.3 ms
08-09 22:28:09.031 19757 19808 D cellinfo: 46 bytes from 44.241.174.93: icmp_seq=17711 ttl=26 time=65.5 ms
08-09 22:28:09.236 19757 19808 D cellinfo: 46 bytes from 44.241.174.93: icmp_seq=17712 ttl=26 time=70.3 ms
08-09 22:28:09.431 19757 19808 D cellinfo: 46 bytes from 44.241.174.93: icmp_seq=17713 ttl=26 time=64.1 ms
08-09 22:28:09.447 19757 19757 D cellinfo: Latitude is 40.63595
08-09 22:28:09.447 19757 19757 D cellinfo: Longitude is -111.9089627
08-09 22:28:09.447 19757 19757 D cellinfo: Instantaneous GPS information: United States, 6227 Short Iron Cir, Murray, UT 84123, USA
08-09 22:28:09.447 19757 19757 D cellinfo: getCurrentLocation() result: Location (success): 40.63595, -111.9089627
08-09 22:28:09.476 19757 19757 D cellinfo: onCellInfoChanged: Operator: T-Mobile UpdateTimestamp: 108092784 CellConnectionStatus: 0
08-09 22:28:09.476 19757 19757 D cellinfo: onCellInfoChanged: LTE Cell Bands: [66] Bandwidth: 20000 Cell ID: 21535235 Physical Cell ID: 155 Tracking Area Code: 11620 EARFCN: 66786
08-09 22:28:09.632 19757 19808 D cellinfo: 46 bytes from 44.241.174.93: icmp_seq=17714 ttl=26 time=64.5 ms
08-09 22:28:09.842 19757 19808 D cellinfo: 46 bytes from 44.241.174.93: icmp_seq=17715 ttl=26 time=73.9 ms
08-09 22:28:10.033 19757 19808 D cellinfo: 46 bytes from 44.241.174.93: icmp_seq=17716 ttl=26 time=63.9 ms
08-09 22:28:10.235 19757 19808 D cellinfo: 46 bytes from 44.241.174.93: icmp_seq=17717 ttl=26 time=67.0 ms
08-09 22:28:10.432 19757 19808 D cellinfo: 46 bytes from 44.241.174.93: icmp_seq=17718 ttl=26 time=63.8 ms
08-09 22:28:10.635 19757 19808 D cellinfo: 46 bytes from 44.241.174.93: icmp_seq=17719 ttl=26 time=66.2 ms
08-09 22:28:10.836 19757 19808 D cellinfo: 46 bytes from 44.241.174.93: icmp_seq=17720 ttl=26 time=66.6 ms
08-09 22:28:10.932 19757 19757 D cellinfo: onsignalStrengthsChanged: LTE Signal Strength info: rsrp: -100 rsrq: -13 rssi: -67 rssnr: 9
08-09 22:28:10.932 19757 19757 D cellinfo: onsignalStrengthsChanged: 5G-NR Signal Strength info: ssrsrp: -109 ssrsrq: -14 sssinr: 14
08-09 22:28:11.042 19757 19808 D cellinfo: 46 bytes from 44.241.174.93: icmp_seq=17721 ttl=26 time=71.6 ms
08-09 22:28:11.135 19757 19757 D cellinfo: onsignalStrengthsChanged: LTE Signal Strength info: rsrp: -100 rsrq: -13 rssi: -67 rssnr: 9
08-09 22:28:11.135 19757 19757 D cellinfo: onsignalStrengthsChanged: 5G-NR Signal Strength info: ssrsrp: -105 ssrsrq: -13 sssinr: 35
08-09 22:28:11.240 19757 19808 D cellinfo: 46 bytes from 44.241.174.93: icmp_seq=17722 ttl=26 time=69.0 ms
08-09 22:28:11.440 19757 19808 D cellinfo: 46 bytes from 44.241.174.93: icmp_seq=17723 ttl=26 time=68.9 ms
08-09 22:28:11.642 19757 19808 D cellinfo: 46 bytes from 44.241.174.93: icmp_seq=17724 ttl=26 time=70.3 ms
08-09 22:28:11.843 19757 19808 D cellinfo: 46 bytes from 44.241.174.93: icmp_seq=17725 ttl=26 time=70.0 ms
08-09 22:28:12.045 19757 19808 D cellinfo: 46 bytes from 44.241.174.93: icmp_seq=17726 ttl=26 time=71.9 ms
08-09 22:28:12.251 19757 19808 D cellinfo: 46 bytes from 44.241.174.93: icmp_seq=17727 ttl=26 time=78.8 ms
08-09 22:28:12.461 19757 19808 D cellinfo: 46 bytes from 44.241.174.93: icmp_seq=17728 ttl=26 time=88.2 ms
08-09 22:28:12.632 19757 19808 D cellinfo: 46 bytes from 44.241.174.93: icmp_seq=17729 ttl=26 time=58.5 ms
08-09 22:28:12.750 19757 19757 D cellinfo: Latitude is 40.6359433
08-09 22:28:12.750 19757 19757 D cellinfo: Longitude is -111.9094703
08-09 22:28:12.750 19757 19757 D cellinfo: Instantaneous GPS information: United States, 6228 Short Iron Cir, Murray, UT 84123, USA
08-09 22:28:12.750 19757 19757 D cellinfo: getCurrentLocation() result: Location (success): 40.6359433, -111.9094703
08-09 22:28:12.752 19757 19757 D cellinfo: onCellInfoChanged: Operator: T-Mobile UpdateTimestamp: 108095810 CellConnectionStatus: 0
08-09 22:28:12.752 19757 19757 D cellinfo: onCellInfoChanged: LTE Cell Bands: [66] Bandwidth: 20000 Cell ID: 21535235 Physical Cell ID: 155 Tracking Area Code: 11620 EARFCN: 66786
08-09 22:28:12.831 19757 19808 D cellinfo: 46 bytes from 44.241.174.93: icmp_seq=17730 ttl=26 time=56.7 ms
08-09 22:28:13.042 19757 19808 D cellinfo: 46 bytes from 44.241.174.93: icmp_seq=17731 ttl=26 time=66.7 ms
08-09 22:28:13.241 19757 19757 D cellinfo: onServiceStateChanged: Channel Number: 66786 Cell Bandwidths: [20000]
08-09 22:28:13.243 19757 19808 D cellinfo: 46 bytes from 44.241.174.93: icmp_seq=17732 ttl=26 time=67.8 ms
08-09 22:28:13.271 19757 19757 D cellinfo: onsignalStrengthsChanged: LTE Signal Strength info: rsrp: -100 rsrq: -13 rssi: -67 rssnr: 9
08-09 22:28:13.304 19757 19757 D cellinfo: onServiceStateChanged: Channel Number: 66786 Cell Bandwidths: [20000, 15000]
08-09 22:28:13.319 19757 19757 D cellinfo: onServiceStateChanged: Channel Number: 66786 Cell Bandwidths: [20000, 15000, 5000]
08-09 22:28:13.491 19757 19808 D cellinfo: 46 bytes from 44.241.174.93: icmp_seq=17733 ttl=26 time=115 ms
08-09 22:28:13.686 19757 19808 D cellinfo: 46 bytes from 44.241.174.93: icmp_seq=17734 ttl=26 time=109 ms
08-09 22:28:13.829 19757 19757 D cellinfo: onsignalStrengthsChanged: LTE Signal Strength info: rsrp: -100 rsrq: -13 rssi: -67 rssnr: 9
08-09 22:28:13.829 19757 19757 D cellinfo: onsignalStrengthsChanged: 5G-NR Signal Strength info: ssrsrp: -105 ssrsrq: -13 sssinr: 35
08-09 22:28:13.846 19757 19757 D cellinfo: onServiceStateChanged: Channel Number: 66786 Cell Bandwidths: [20000, 15000, 5000]
08-09 22:28:13.877 19757 19808 D cellinfo: 46 bytes from 44.241.174.93: icmp_seq=17735 ttl=26 time=100 ms
08-09 22:28:13.902 19757 19757 D cellinfo: onsignalStrengthsChanged: LTE Signal Strength info: rsrp: -100 rsrq: -13 rssi: -67 rssnr: 9
08-09 22:28:13.916 19757 19757 D cellinfo: onServiceStateChanged: Channel Number: 66786 Cell Bandwidths: [20000, 15000, 5000]
08-09 22:28:14.107 19757 19808 D cellinfo: 46 bytes from 44.241.174.93: icmp_seq=17736 ttl=26 time=129 ms
08-09 22:28:14.274 19757 19808 D cellinfo: 46 bytes from 44.241.174.93: icmp_seq=17737 ttl=26 time=96.6 ms
08-09 22:28:14.454 19757 19808 D cellinfo: 46 bytes from 44.241.174.93: icmp_seq=17738 ttl=26 time=75.5 ms
08-09 22:28:14.511 19757 19757 D cellinfo: onsignalStrengthsChanged: LTE Signal Strength info: rsrp: -100 rsrq: -13 rssi: -67 rssnr: 9
08-09 22:28:14.511 19757 19757 D cellinfo: onsignalStrengthsChanged: 5G-NR Signal Strength info: ssrsrp: -105 ssrsrq: -13 sssinr: 35
08-09 22:28:14.538 19757 19757 D cellinfo: onServiceStateChanged: Channel Number: 66786 Cell Bandwidths: [20000, 15000, 5000]
08-09 22:28:14.594 19757 19757 D cellinfo: onsignalStrengthsChanged: LTE Signal Strength info: rsrp: -100 rsrq: -13 rssi: -67 rssnr: 9
08-09 22:28:14.602 19757 19757 D cellinfo: onServiceStateChanged: Channel Number: 66786 Cell Bandwidths: [20000, 15000, 5000]
08-09 22:28:14.755 19757 19808 D cellinfo: 46 bytes from 44.241.174.93: icmp_seq=17739 ttl=26 time=175 ms
08-09 22:28:14.848 19757 19808 D cellinfo: 46 bytes from 44.241.174.93: icmp_seq=17740 ttl=26 time=67.6 ms
08-09 22:28:14.910 19757 19757 D cellinfo: onsignalStrengthsChanged: LTE Signal Strength info: rsrp: -100 rsrq: -13 rssi: -67 rssnr: 9
08-09 22:28:14.910 19757 19757 D cellinfo: onsignalStrengthsChanged: 5G-NR Signal Strength info: ssrsrp: -105 ssrsrq: -13 sssinr: 35
08-09 22:28:14.937 19757 19757 D cellinfo: onServiceStateChanged: Channel Number: 66786 Cell Bandwidths: [20000, 15000, 5000]
08-09 22:28:15.062 19757 19808 D cellinfo: 46 bytes from 44.241.174.93: icmp_seq=17741 ttl=26 time=80.5 ms
08-09 22:28:15.294 19757 19808 D cellinfo: 46 bytes from 44.241.174.93: icmp_seq=17742 ttl=26 time=112 ms
08-09 22:28:15.320 19757 19757 D cellinfo: onsignalStrengthsChanged: LTE Signal Strength info: rsrp: -100 rsrq: -13 rssi: -67 rssnr: 9
08-09 22:28:15.347 19757 19757 D cellinfo: onServiceStateChanged: Channel Number: 66786 Cell Bandwidths: [20000, 15000, 5000]
08-09 22:28:15.528 19757 19808 D cellinfo: 46 bytes from 44.241.174.93: icmp_seq=17743 ttl=26 time=146 ms
08-09 22:28:15.681 19757 19808 D cellinfo: 46 bytes from 44.241.174.93: icmp_seq=17744 ttl=26 time=97.1 ms
08-09 22:28:15.874 19757 19808 D cellinfo: 46 bytes from 44.241.174.93: icmp_seq=17745 ttl=26 time=89.4 ms
08-09 22:28:15.903 19757 19757 D cellinfo: Latitude is 40.6359344
08-09 22:28:15.903 19757 19757 D cellinfo: Longitude is -111.9101372
08-09 22:28:15.903 19757 19757 D cellinfo: Instantaneous GPS information: United States, 6217 700 W, Murray, UT 84123, USA
08-09 22:28:15.903 19757 19757 D cellinfo: getCurrentLocation() result: Location (success): 40.6359344, -111.9101372
08-09 22:28:15.905 19757 19757 D cellinfo: onCellInfoChanged: Operator: 000000 UpdateTimestamp: 108098787 CellConnectionStatus: 0
08-09 22:28:15.905 19757 19757 D cellinfo: onCellInfoChanged: LTE Cell Bands: [66] Bandwidth: 20000 Cell ID: 2147483647 Physical Cell ID: 372 Tracking Area Code: 65535 EARFCN: 66786
08-09 22:28:16.026 19757 19757 D cellinfo: onsignalStrengthsChanged: LTE Signal Strength info: rsrp: -100 rsrq: -13 rssi: -67 rssnr: 9
08-09 22:28:16.026 19757 19757 D cellinfo: onsignalStrengthsChanged: 5G-NR Signal Strength info: ssrsrp: -105 ssrsrq: -13 sssinr: 35
08-09 22:28:16.051 19757 19757 D cellinfo: onServiceStateChanged: Channel Number: 66786 Cell Bandwidths: [20000, 15000, 5000]
08-09 22:28:16.102 19757 19808 D cellinfo: 46 bytes from 44.241.174.93: icmp_seq=17746 ttl=26 time=116 ms
08-09 22:28:16.268 19757 19808 D cellinfo: 46 bytes from 44.241.174.93: icmp_seq=17747 ttl=26 time=83.0 ms
08-09 22:28:16.272 19757 19808 D cellinfo: 46 bytes from 44.241.174.93: icmp_seq=17747 ttl=26 time=87.3 ms (DUP!)
08-09 22:28:16.488 19757 19808 D cellinfo: 46 bytes from 44.241.174.93: icmp_seq=17748 ttl=26 time=102 ms
08-09 22:28:16.676 19757 19808 D cellinfo: 46 bytes from 44.241.174.93: icmp_seq=17749 ttl=26 time=90.2 ms
08-09 22:28:16.886 19757 19808 D cellinfo: 46 bytes from 44.241.174.93: icmp_seq=17750 ttl=26 time=98.9 ms
08-09 22:28:17.081 19757 19808 D cellinfo: 46 bytes from 44.241.174.93: icmp_seq=17751 ttl=26 time=94.1 ms
08-09 22:28:17.345 19757 19808 D cellinfo: 46 bytes from 44.241.174.93: icmp_seq=17752 ttl=26 time=158 ms
08-09 22:28:17.453 19757 19757 D cellinfo: onsignalStrengthsChanged: LTE Signal Strength info: rsrp: -100 rsrq: -13 rssi: -67 rssnr: 9
08-09 22:28:17.463 19757 19757 D cellinfo: onServiceStateChanged: Channel Number: 66786 Cell Bandwidths: [20000, 15000, 5000]
08-09 22:28:17.502 19757 19808 D cellinfo: 46 bytes from 44.241.174.93: icmp_seq=17753 ttl=26 time=115 ms
08-09 22:28:17.708 19757 19808 D cellinfo: 46 bytes from 44.241.174.93: icmp_seq=17754 ttl=26 time=120 ms
08-09 22:28:17.870 19757 19808 D cellinfo: 46 bytes from 44.241.174.93: icmp_seq=17755 ttl=26 time=81.7 ms
08-09 22:28:18.018 19757 19757 D cellinfo: onsignalStrengthsChanged: LTE Signal Strength info: rsrp: -100 rsrq: -13 rssi: -67 rssnr: 9
08-09 22:28:18.018 19757 19757 D cellinfo: onsignalStrengthsChanged: 5G-NR Signal Strength info: ssrsrp: -105 ssrsrq: -13 sssinr: 35
08-09 22:28:18.040 19757 19757 D cellinfo: onServiceStateChanged: Channel Number: 66786 Cell Bandwidths: [20000, 15000, 5000]
08-09 22:28:18.063 19757 19757 D cellinfo: onsignalStrengthsChanged: LTE Signal Strength info: rsrp: -115 rsrq: -20 rssi: -75 rssnr: -5
08-09 22:28:18.072 19757 19808 D cellinfo: 46 bytes from 44.241.174.93: icmp_seq=17756 ttl=26 time=82.8 ms
08-09 22:28:18.286 19757 19808 D cellinfo: 46 bytes from 44.241.174.93: icmp_seq=17757 ttl=26 time=96.4 ms
08-09 22:28:18.472 19757 19808 D cellinfo: 46 bytes from 44.241.174.93: icmp_seq=17758 ttl=26 time=81.4 ms
08-09 22:28:18.662 19757 19808 D cellinfo: 46 bytes from 44.241.174.93: icmp_seq=17759 ttl=26 time=70.8 ms
08-09 22:28:18.796 19757 19757 D cellinfo: Latitude is 40.6356517
08-09 22:28:18.796 19757 19757 D cellinfo: Longitude is -111.9105756
08-09 22:28:18.796 19757 19757 D cellinfo: Instantaneous GPS information: United States, 6217 700 W, Murray, UT 84123, USA
08-09 22:28:18.796 19757 19757 D cellinfo: getCurrentLocation() result: Location (success): 40.6356517, -111.9105756
08-09 22:28:18.799 19757 19757 D cellinfo: onCellInfoChanged: Operator: T-Mobile UpdateTimestamp: 108101790 CellConnectionStatus: 0
08-09 22:28:18.799 19757 19757 D cellinfo: onCellInfoChanged: LTE Cell Bands: [66] Bandwidth: 20000 Cell ID: 21592322 Physical Cell ID: 372 Tracking Area Code: 11620 EARFCN: 66786
08-09 22:28:18.899 19757 19808 D cellinfo: 46 bytes from 44.241.174.93: icmp_seq=17760 ttl=26 time=106 ms
08-09 22:28:19.056 19757 19808 D cellinfo: 46 bytes from 44.241.174.93: icmp_seq=17761 ttl=26 time=62.9 ms
08-09 22:28:19.272 19757 19808 D cellinfo: 46 bytes from 44.241.174.93: icmp_seq=17762 ttl=26 time=79.2 ms
08-09 22:28:19.556 19757 19808 D cellinfo: 46 bytes from 44.241.174.93: icmp_seq=17763 ttl=26 time=161 ms
08-09 22:28:19.675 19757 19808 D cellinfo: 46 bytes from 44.241.174.93: icmp_seq=17764 ttl=26 time=80.2 ms
08-09 22:28:19.768 19757 19757 D cellinfo: onServiceStateChanged: Channel Number: 66786 Cell Bandwidths: [20000, 15000, 5000]
08-09 22:28:19.957 19757 19808 D cellinfo: 46 bytes from 44.241.174.93: icmp_seq=17765 ttl=26 time=161 ms
08-09 22:28:20.076 19757 19808 D cellinfo: 46 bytes from 44.241.174.93: icmp_seq=17766 ttl=26 time=80.5 ms
08-09 22:28:20.270 19757 19808 D cellinfo: 46 bytes from 44.241.174.93: icmp_seq=17767 ttl=26 time=74.8 ms
08-09 22:28:20.368 19757 19757 D cellinfo: onServiceStateChanged: Channel Number: 66786 Cell Bandwidths: [20000, 15000, 5000]
08-09 22:28:20.470 19757 19808 D cellinfo: 46 bytes from 44.241.174.93: icmp_seq=17768 ttl=26 time=74.2 ms
08-09 22:28:20.666 19757 19808 D cellinfo: 46 bytes from 44.241.174.93: icmp_seq=17769 ttl=26 time=69.1 ms
08-09 22:28:20.870 19757 19808 D cellinfo: 46 bytes from 44.241.174.93: icmp_seq=17770 ttl=26 time=72.5 ms
08-09 22:28:21.071 19757 19808 D cellinfo: 46 bytes from 44.241.174.93: icmp_seq=17771 ttl=26 time=72.1 ms
08-09 22:28:21.281 19757 19808 D cellinfo: 46 bytes from 44.241.174.93: icmp_seq=17772 ttl=26 time=82.8 ms
08-09 22:28:21.471 19757 19808 D cellinfo: 46 bytes from 44.241.174.93: icmp_seq=17773 ttl=26 time=71.8 ms
08-09 22:28:21.489 19757 19757 D cellinfo: onCellInfoChanged: Operator: T-Mobile UpdateTimestamp: 108104796 CellConnectionStatus: 0
08-09 22:28:21.489 19757 19757 D cellinfo: onCellInfoChanged: LTE Cell Bands: [66] Bandwidth: 20000 Cell ID: 21592322 Physical Cell ID: 372 Tracking Area Code: 11620 EARFCN: 66786
08-09 22:28:21.666 19757 19808 D cellinfo: 46 bytes from 44.241.174.93: icmp_seq=17774 ttl=26 time=66.4 ms
08-09 22:28:21.870 19757 19808 D cellinfo: 46 bytes from 44.241.174.93: icmp_seq=17775 ttl=26 time=69.6 ms
08-09 22:28:22.077 19757 19808 D cellinfo: 46 bytes from 44.241.174.93: icmp_seq=17776 ttl=26 time=74.8 ms
08-09 22:28:22.277 19757 19808 D cellinfo: 46 bytes from 44.241.174.93: icmp_seq=17777 ttl=26 time=74.1 ms
08-09 22:28:22.370 19757 19757 D cellinfo: Latitude is 40.6370484
08-09 22:28:22.370 19757 19757 D cellinfo: Longitude is -111.913647
08-09 22:28:22.370 19757 19757 D cellinfo: Instantaneous GPS information: United States, 817 W 6155 S, Murray, UT 84123, USA
08-09 22:28:22.370 19757 19757 D cellinfo: getCurrentLocation() result: Location (success): 40.6370484, -111.913647
08-09 22:28:22.465 19757 19808 D cellinfo: 46 bytes from 44.241.174.93: icmp_seq=17778 ttl=26 time=61.6 ms
08-09 22:28:22.676 19757 19808 D cellinfo: 46 bytes from 44.241.174.93: icmp_seq=17779 ttl=26 time=71.3 ms
08-09 22:28:22.797 19757 19757 D cellinfo: onsignalStrengthsChanged: LTE Signal Strength info: rsrp: -111 rsrq: -20 rssi: -73 rssnr: -7
08-09 22:28:22.797 19757 19757 D cellinfo: onsignalStrengthsChanged: 5G-NR Signal Strength info: ssrsrp: -108 ssrsrq: -17 sssinr: 15
