--------- beginning of main
08-09 22:26:43.121 19757 19808 D cellinfo: 46 bytes from 44.241.174.93: icmp_seq=17283 ttl=26 time=67.7 ms
08-09 22:26:43.319 19757 19808 D cellinfo: 46 bytes from 44.241.174.93: icmp_seq=17284 ttl=26 time=64.1 ms
08-09 22:26:43.527 19757 19808 D cellinfo: 46 bytes from 44.241.174.93: icmp_seq=17285 ttl=26 time=71.8 ms
08-09 22:26:43.731 19757 19808 D cellinfo: 46 bytes from 44.241.174.93: icmp_seq=17286 ttl=26 time=74.7 ms
08-09 22:26:43.805 19757 19757 D cellinfo: Latitude is 40.6196383
08-09 22:26:43.805 19757 19757 D cellinfo: Longitude is -111.9038296
08-09 22:26:43.805 19757 19757 D cellinfo: Instantaneous GPS information: United States, 7200 Catalpa St, Midvale, UT 84047, USA
08-09 22:26:43.805 19757 19757 D cellinfo: getCurrentLocation() result: Location (success): 40.6196383, -111.9038296
08-09 22:26:43.807 19757 19757 D cellinfo: onsignalStrengthsChanged: LTE Signal Strength info: rsrp: -96 rsrq: -19 rssi: -59 rssnr: 0
08-09 22:26:43.807 19757 19757 D cellinfo: onsignalStrengthsChanged: 5G-NR Signal Strength info: ssrsrp: -101 ssrsrq: -16 sssinr: -18
08-09 22:26:43.922 19757 19808 D cellinfo: 46 bytes from 44.241.174.93: icmp_seq=17287 ttl=26 time=65.0 ms
08-09 22:26:44.136 19757 19808 D cellinfo: 46 bytes from 44.241.174.93: icmp_seq=17288 ttl=26 time=79.3 ms
08-09 22:26:44.340 19757 19808 D cellinfo: 46 bytes from 44.241.174.93: icmp_seq=17289 ttl=26 time=82.3 ms
08-09 22:26:44.539 19757 19808 D cellinfo: 46 bytes from 44.241.174.93: icmp_seq=17290 ttl=26 time=80.4 ms
08-09 22:26:44.742 19757 19808 D cellinfo: 46 bytes from 44.241.174.93: icmp_seq=17291 ttl=26 time=82.3 ms
08-09 22:26:44.935 19757 19808 D cellinfo: 46 bytes from 44.241.174.93: icmp_seq=17292 ttl=26 time=74.9 ms
08-09 22:26:45.136 19757 19808 D cellinfo: 46 bytes from 44.241.174.93: icmp_seq=17293 ttl=26 time=74.6 ms
08-09 22:26:45.335 19757 19808 D cellinfo: 46 bytes from 44.241.174.93: icmp_seq=17294 ttl=26 time=72.8 ms
08-09 22:26:45.443 19757 19757 D cellinfo: Latitude is 40.6196383
08-09 22:26:45.443 19757 19757 D cellinfo: Longitude is -111.9038296
08-09 22:26:45.443 19757 19757 D cellinfo: Instantaneous GPS information: United States, 7200 Catalpa St, Midvale, UT 84047, USA
08-09 22:26:45.443 19757 19757 D cellinfo: getCurrentLocation() result: Location (success): 40.6196383, -111.9038296
08-09 22:26:45.478 19757 19757 D cellinfo: onCellInfoChanged: Operator: T-Mobile UpdateTimestamp: 108008787 CellConnectionStatus: 0
08-09 22:26:45.478 19757 19757 D cellinfo: onCellInfoChanged: LTE Cell Bands: [66] Bandwidth: 20000 Cell ID: 21545987 Physical Cell ID: 433 Tracking Area Code: 11620 EARFCN: 66786
08-09 22:26:45.539 19757 19808 D cellinfo: 46 bytes from 44.241.174.93: icmp_seq=17295 ttl=26 time=76.3 ms
08-09 22:26:45.740 19757 19808 D cellinfo: 46 bytes from 44.241.174.93: icmp_seq=17296 ttl=26 time=77.2 ms
08-09 22:26:45.815 19757 19757 D cellinfo: onsignalStrengthsChanged: LTE Signal Strength info: rsrp: -96 rsrq: -19 rssi: -59 rssnr: 0
08-09 22:26:45.815 19757 19757 D cellinfo: onsignalStrengthsChanged: 5G-NR Signal Strength info: ssrsrp: -95 ssrsrq: -14 sssinr: 30
08-09 22:26:45.941 19757 19808 D cellinfo: 46 bytes from 44.241.174.93: icmp_seq=17297 ttl=26 time=76.8 ms
08-09 22:26:46.146 19757 19808 D cellinfo: 46 bytes from 44.241.174.93: icmp_seq=17298 ttl=26 time=81.1 ms
08-09 22:26:46.331 19757 19808 D cellinfo: 46 bytes from 44.241.174.93: icmp_seq=17299 ttl=26 time=66.3 ms
08-09 22:26:46.550 19757 19808 D cellinfo: 46 bytes from 44.241.174.93: icmp_seq=17300 ttl=26 time=83.8 ms
08-09 22:26:46.740 19757 19808 D cellinfo: 46 bytes from 44.241.174.93: icmp_seq=17301 ttl=26 time=73.4 ms
08-09 22:26:46.942 19757 19808 D cellinfo: 46 bytes from 44.241.174.93: icmp_seq=17302 ttl=26 time=73.8 ms
08-09 22:26:47.141 19757 19808 D cellinfo: 46 bytes from 44.241.174.93: icmp_seq=17303 ttl=26 time=72.9 ms
08-09 22:26:47.341 19757 19808 D cellinfo: 46 bytes from 44.241.174.93: icmp_seq=17304 ttl=26 time=71.8 ms
08-09 22:26:47.546 19757 19808 D cellinfo: 46 bytes from 44.241.174.93: icmp_seq=17305 ttl=26 time=76.8 ms
08-09 22:26:47.770 19757 19808 D cellinfo: 46 bytes from 44.241.174.93: icmp_seq=17306 ttl=26 time=100 ms
08-09 22:26:47.942 19757 19808 D cellinfo: 46 bytes from 44.241.174.93: icmp_seq=17307 ttl=26 time=71.8 ms
08-09 22:26:48.042 19757 19757 D cellinfo: onsignalStrengthsChanged: LTE Signal Strength info: rsrp: -90 rsrq: -16 rssi: -51 rssnr: 1
08-09 22:26:48.042 19757 19757 D cellinfo: onsignalStrengthsChanged: 5G-NR Signal Strength info: ssrsrp: -95 ssrsrq: -14 sssinr: 30
08-09 22:26:48.143 19757 19808 D cellinfo: 46 bytes from 44.241.174.93: icmp_seq=17308 ttl=26 time=71.4 ms
08-09 22:26:48.337 19757 19808 D cellinfo: 46 bytes from 44.241.174.93: icmp_seq=17309 ttl=26 time=64.8 ms
08-09 22:26:48.536 19757 19808 D cellinfo: 46 bytes from 44.241.174.93: icmp_seq=17310 ttl=26 time=63.4 ms
08-09 22:26:48.717 19757 19757 D cellinfo: Latitude is 40.6200204
08-09 22:26:48.717 19757 19757 D cellinfo: Longitude is -111.9036156
08-09 22:26:48.717 19757 19757 D cellinfo: Instantaneous GPS information: United States, 449 7200 S, Midvale, UT 84047, USA
08-09 22:26:48.717 19757 19757 D cellinfo: getCurrentLocation() result: Location (success): 40.6200204, -111.9036156
08-09 22:26:48.719 19757 19757 D cellinfo: onCellInfoChanged: Operator: T-Mobile UpdateTimestamp: 108011788 CellConnectionStatus: 0
08-09 22:26:48.719 19757 19757 D cellinfo: onCellInfoChanged: LTE Cell Bands: [66] Bandwidth: 20000 Cell ID: 21545987 Physical Cell ID: 433 Tracking Area Code: 11620 EARFCN: 66786
08-09 22:26:48.731 19757 19808 D cellinfo: 46 bytes from 44.241.174.93: icmp_seq=17311 ttl=26 time=56.0 ms
08-09 22:26:48.815 19757 19757 D cellinfo: onsignalStrengthsChanged: LTE Signal Strength info: rsrp: -90 rsrq: -16 rssi: -51 rssnr: 1
08-09 22:26:48.815 19757 19757 D cellinfo: onsignalStrengthsChanged: 5G-NR Signal Strength info: ssrsrp: -87 ssrsrq: -11 sssinr: 2147483647
08-09 22:26:48.955 19757 19808 D cellinfo: 46 bytes from 44.241.174.93: icmp_seq=17312 ttl=26 time=80.1 ms
08-09 22:26:49.136 19757 19808 D cellinfo: 46 bytes from 44.241.174.93: icmp_seq=17313 ttl=26 time=60.5 ms
08-09 22:26:49.362 19757 19808 D cellinfo: 46 bytes from 44.241.174.93: icmp_seq=17314 ttl=26 time=85.2 ms
08-09 22:26:49.567 19757 19808 D cellinfo: 46 bytes from 44.241.174.93: icmp_seq=17315 ttl=26 time=90.0 ms
08-09 22:26:49.756 19757 19808 D cellinfo: 46 bytes from 44.241.174.93: icmp_seq=17316 ttl=26 time=78.6 ms
08-09 22:26:49.956 19757 19808 D cellinfo: 46 bytes from 44.241.174.93: icmp_seq=17317 ttl=26 time=77.5 ms
08-09 22:26:50.157 19757 19808 D cellinfo: 46 bytes from 44.241.174.93: icmp_seq=17318 ttl=26 time=77.1 ms
08-09 22:26:50.281 19757 19757 D cellinfo: onsignalStrengthsChanged: LTE Signal Strength info: rsrp: -81 rsrq: -15 rssi: -51 rssnr: 0
08-09 22:26:50.281 19757 19757 D cellinfo: onsignalStrengthsChanged: 5G-NR Signal Strength info: ssrsrp: -87 ssrsrq: -11 sssinr: 2147483647
08-09 22:26:50.357 19757 19808 D cellinfo: 46 bytes from 44.241.174.93: icmp_seq=17319 ttl=26 time=76.6 ms
08-09 22:26:50.560 19757 19808 D cellinfo: 46 bytes from 44.241.174.93: icmp_seq=17320 ttl=26 time=78.9 ms
08-09 22:26:50.763 19757 19808 D cellinfo: 46 bytes from 44.241.174.93: icmp_seq=17321 ttl=26 time=81.5 ms
08-09 22:26:50.956 19757 19808 D cellinfo: 46 bytes from 44.241.174.93: icmp_seq=17322 ttl=26 time=72.9 ms
08-09 22:26:51.158 19757 19808 D cellinfo: 46 bytes from 44.241.174.93: icmp_seq=17323 ttl=26 time=74.6 ms
08-09 22:26:51.395 19757 19808 D cellinfo: 46 bytes from 44.241.174.93: icmp_seq=17324 ttl=26 time=111 ms
08-09 22:26:51.574 19757 19808 D cellinfo: 46 bytes from 44.241.174.93: icmp_seq=17325 ttl=26 time=89.1 ms
08-09 22:26:51.748 19757 19808 D cellinfo: 46 bytes from 44.241.174.93: icmp_seq=17326 ttl=26 time=61.8 ms
08-09 22:26:51.811 19757 19757 D cellinfo: Latitude is 40.6205036
08-09 22:26:51.811 19757 19757 D cellinfo: Longitude is -111.903344
08-09 22:26:51.811 19757 19757 D cellinfo: Instantaneous GPS information: United States, 449 7200 S, Midvale, UT 84047, USA
08-09 22:26:51.811 19757 19757 D cellinfo: getCurrentLocation() result: Location (success): 40.6205036, -111.903344
08-09 22:26:51.813 19757 19757 D cellinfo: onCellInfoChanged: Operator: T-Mobile UpdateTimestamp: 108014794 CellConnectionStatus: 0
08-09 22:26:51.813 19757 19757 D cellinfo: onCellInfoChanged: LTE Cell Bands: [66] Bandwidth: 20000 Cell ID: 21545987 Physical Cell ID: 433 Tracking Area Code: 11620 EARFCN: 66786
08-09 22:26:51.813 19757 19757 D cellinfo: onsignalStrengthsChanged: LTE Signal Strength info: rsrp: -81 rsrq: -15 rssi: -51 rssnr: 0
08-09 22:26:51.813 19757 19757 D cellinfo: onsignalStrengthsChanged: 5G-NR Signal Strength info: ssrsrp: -84 ssrsrq: -12 sssinr: 2147483647
08-09 22:26:51.957 19757 19808 D cellinfo: 46 bytes from 44.241.174.93: icmp_seq=17327 ttl=26 time=70.6 ms
08-09 22:26:52.146 19757 19808 D cellinfo: 46 bytes from 44.241.174.93: icmp_seq=17328 ttl=26 time=59.0 ms
08-09 22:26:52.356 19757 19808 D cellinfo: 46 bytes from 44.241.174.93: icmp_seq=17329 ttl=26 time=68.3 ms
08-09 22:26:52.521 19757 19757 D cellinfo: onsignalStrengthsChanged: LTE Signal Strength info: rsrp: -84 rsrq: -17 rssi: -51 rssnr: -2
08-09 22:26:52.521 19757 19757 D cellinfo: onsignalStrengthsChanged: 5G-NR Signal Strength info: ssrsrp: -84 ssrsrq: -12 sssinr: 2147483647
08-09 22:26:52.562 19757 19808 D cellinfo: 46 bytes from 44.241.174.93: icmp_seq=17330 ttl=26 time=73.9 ms
08-09 22:26:52.758 19757 19808 D cellinfo: 46 bytes from 44.241.174.93: icmp_seq=17331 ttl=26 time=68.7 ms
08-09 22:26:52.956 19757 19808 D cellinfo: 46 bytes from 44.241.174.93: icmp_seq=17332 ttl=26 time=67.3 ms
08-09 22:26:53.156 19757 19808 D cellinfo: 46 bytes from 44.241.174.93: icmp_seq=17333 ttl=26 time=66.0 ms
08-09 22:26:53.356 19757 19808 D cellinfo: 46 bytes from 44.241.174.93: icmp_seq=17334 ttl=26 time=65.7 ms
08-09 22:26:53.557 19757 19808 D cellinfo: 46 bytes from 44.241.174.93: icmp_seq=17335 ttl=26 time=65.8 ms
08-09 22:26:53.757 19757 19808 D cellinfo: 46 bytes from 44.241.174.93: icmp_seq=17336 ttl=26 time=65.4 ms
08-09 22:26:53.958 19757 19808 D cellinfo: 46 bytes from 44.241.174.93: icmp_seq=17337 ttl=26 time=65.1 ms
08-09 22:26:54.157 19757 19808 D cellinfo: 46 bytes from 44.241.174.93: icmp_seq=17338 ttl=26 time=63.8 ms
08-09 22:26:54.357 19757 19808 D cellinfo: 46 bytes from 44.241.174.93: icmp_seq=17339 ttl=26 time=63.6 ms
08-09 22:26:54.557 19757 19808 D cellinfo: 46 bytes from 44.241.174.93: icmp_seq=17340 ttl=26 time=61.2 ms
08-09 22:26:54.743 19757 19757 D cellinfo: Latitude is 40.6206932
08-09 22:26:54.743 19757 19757 D cellinfo: Longitude is -111.9032368
08-09 22:26:54.743 19757 19757 D cellinfo: Instantaneous GPS information: United States, 449 7200 S, Midvale, UT 84047, USA
08-09 22:26:54.743 19757 19757 D cellinfo: getCurrentLocation() result: Location (success): 40.6206932, -111.9032368
08-09 22:26:54.745 19757 19757 D cellinfo: onCellInfoChanged: Operator: T-Mobile UpdateTimestamp: 108017796 CellConnectionStatus: 0
08-09 22:26:54.746 19757 19757 D cellinfo: onCellInfoChanged: LTE Cell Bands: [66] Bandwidth: 20000 Cell ID: 21545987 Physical Cell ID: 433 Tracking Area Code: 11620 EARFCN: 66786
08-09 22:26:54.758 19757 19808 D cellinfo: 46 bytes from 44.241.174.93: icmp_seq=17341 ttl=26 time=60.7 ms
08-09 22:26:54.813 19757 19757 D cellinfo: onsignalStrengthsChanged: LTE Signal Strength info: rsrp: -84 rsrq: -17 rssi: -51 rssnr: -2
08-09 22:26:54.813 19757 19757 D cellinfo: onsignalStrengthsChanged: 5G-NR Signal Strength info: ssrsrp: -88 ssrsrq: -13 sssinr: 2147483647
08-09 22:26:54.977 19757 19808 D cellinfo: 46 bytes from 44.241.174.93: icmp_seq=17342 ttl=26 time=78.2 ms
08-09 22:26:55.162 19757 19808 D cellinfo: 46 bytes from 44.241.174.93: icmp_seq=17343 ttl=26 time=62.6 ms
08-09 22:26:55.381 19757 19808 D cellinfo: 46 bytes from 44.241.174.93: icmp_seq=17344 ttl=26 time=81.0 ms
08-09 22:26:55.582 19757 19808 D cellinfo: 46 bytes from 44.241.174.93: icmp_seq=17345 ttl=26 time=81.2 ms
08-09 22:26:55.775 19757 19808 D cellinfo: 46 bytes from 44.241.174.93: icmp_seq=17346 ttl=26 time=74.0 ms
08-09 22:26:55.976 19757 19808 D cellinfo: 46 bytes from 44.241.174.93: icmp_seq=17347 ttl=26 time=73.7 ms
08-09 22:26:56.178 19757 19808 D cellinfo: 46 bytes from 44.241.174.93: icmp_seq=17348 ttl=26 time=75.0 ms
08-09 22:26:56.377 19757 19808 D cellinfo: 46 bytes from 44.241.174.93: icmp_seq=17349 ttl=26 time=73.3 ms
08-09 22:26:56.599 19757 19808 D cellinfo: 46 bytes from 44.241.174.93: icmp_seq=17350 ttl=26 time=94.8 ms
08-09 22:26:56.624 19757 19757 D cellinfo: onServiceStateChanged: Channel Number: 66786 Cell Bandwidths: [20000]
08-09 22:26:56.661 19757 19757 D cellinfo: onsignalStrengthsChanged: LTE Signal Strength info: rsrp: -84 rsrq: -17 rssi: -51 rssnr: -2
08-09 22:26:56.669 19757 19757 D cellinfo: onServiceStateChanged: Channel Number: 66786 Cell Bandwidths: [20000, 15000]
08-09 22:26:56.857 19757 19808 D cellinfo: 46 bytes from 44.241.174.93: icmp_seq=17351 ttl=26 time=152 ms
08-09 22:26:56.890 19757 19757 D cellinfo: onServiceStateChanged: Channel Number: 66786 Cell Bandwidths: [20000, 15000, 5000]
08-09 22:26:56.960 19757 19808 D cellinfo: 46 bytes from 44.241.174.93: icmp_seq=17352 ttl=26 time=55.3 ms
08-09 22:26:57.139 19757 19757 D cellinfo: onsignalStrengthsChanged: LTE Signal Strength info: rsrp: -84 rsrq: -17 rssi: -51 rssnr: -2
08-09 22:26:57.139 19757 19757 D cellinfo: onsignalStrengthsChanged: 5G-NR Signal Strength info: ssrsrp: -88 ssrsrq: -13 sssinr: 2147483647
08-09 22:26:57.159 19757 19757 D cellinfo: onServiceStateChanged: Channel Number: 66786 Cell Bandwidths: [20000, 15000, 5000]
08-09 22:26:57.186 19757 19808 D cellinfo: 46 bytes from 44.241.174.93: icmp_seq=17353 ttl=26 time=80.6 ms
08-09 22:26:57.273 19757 19757 D cellinfo: onServiceStateChanged: Channel Number: 66786 Cell Bandwidths: [20000, 15000, 5000]
08-09 22:26:57.388 19757 19808 D cellinfo: 46 bytes from 44.241.174.93: icmp_seq=17354 ttl=26 time=81.3 ms
08-09 22:26:57.476 19757 19757 D cellinfo: onCellInfoChanged: Operator: T-Mobile UpdateTimestamp: 108020787 CellConnectionStatus: 0
08-09 22:26:57.476 19757 19757 D cellinfo: onCellInfoChanged: LTE Cell Bands: [66] Bandwidth: 20000 Cell ID: 21545988 Physical Cell ID: 321 Tracking Area Code: 11620 EARFCN: 66786
08-09 22:26:57.581 19757 19808 D cellinfo: 46 bytes from 44.241.174.93: icmp_seq=17355 ttl=26 time=72.9 ms
08-09 22:26:57.781 19757 19808 D cellinfo: 46 bytes from 44.241.174.93: icmp_seq=17356 ttl=26 time=73.4 ms
08-09 22:26:57.988 19757 19808 D cellinfo: 46 bytes from 44.241.174.93: icmp_seq=17357 ttl=26 time=79.2 ms
08-09 22:26:58.167 19757 19808 D cellinfo: 46 bytes from 44.241.174.93: icmp_seq=17358 ttl=26 time=57.5 ms
08-09 22:26:58.381 19757 19808 D cellinfo: 46 bytes from 44.241.174.93: icmp_seq=17359 ttl=26 time=70.7 ms
08-09 22:26:58.583 19757 19808 D cellinfo: 46 bytes from 44.241.174.93: icmp_seq=17360 ttl=26 time=72.0 ms
08-09 22:26:58.781 19757 19808 D cellinfo: 46 bytes from 44.241.174.93: icmp_seq=17361 ttl=26 time=69.9 ms
08-09 22:26:58.983 19757 19808 D cellinfo: 46 bytes from 44.241.174.93: icmp_seq=17362 ttl=26 time=71.8 ms
08-09 22:26:59.178 19757 19808 D cellinfo: 46 bytes from 44.241.174.93: icmp_seq=17363 ttl=26 time=65.8 ms
08-09 22:26:59.183 19757 19757 D cellinfo: Latitude is 40.6236229
08-09 22:26:59.183 19757 19757 D cellinfo: Longitude is -111.9023733
08-09 22:26:59.183 19757 19757 D cellinfo: Instantaneous GPS information: United States, 7050 400 W, Midvale, UT 84047, USA
08-09 22:26:59.183 19757 19757 D cellinfo: getCurrentLocation() result: Location (success): 40.6236229, -111.9023733
08-09 22:26:59.378 19757 19808 D cellinfo: 46 bytes from 44.241.174.93: icmp_seq=17364 ttl=26 time=65.3 ms
08-09 22:26:59.581 19757 19808 D cellinfo: 46 bytes from 44.241.174.93: icmp_seq=17365 ttl=26 time=67.6 ms
08-09 22:26:59.711 19757 19757 D cellinfo: onsignalStrengthsChanged: LTE Signal Strength info: rsrp: -83 rsrq: -14 rssi: -53 rssnr: 9
08-09 22:26:59.712 19757 19757 D cellinfo: onsignalStrengthsChanged: 5G-NR Signal Strength info: ssrsrp: -86 ssrsrq: -13 sssinr: 2147483647
08-09 22:26:59.781 19757 19808 D cellinfo: 46 bytes from 44.241.174.93: icmp_seq=17366 ttl=26 time=66.0 ms
08-09 22:26:59.988 19757 19808 D cellinfo: 46 bytes from 44.241.174.93: icmp_seq=17367 ttl=26 time=72.6 ms
08-09 22:27:00.183 19757 19808 D cellinfo: 46 bytes from 44.241.174.93: icmp_seq=17368 ttl=26 time=66.7 ms
08-09 22:27:00.388 19757 19808 D cellinfo: 46 bytes from 44.241.174.93: icmp_seq=17369 ttl=26 time=70.6 ms
08-09 22:27:00.440 19757 19757 D cellinfo: Latitude is 40.6236229
08-09 22:27:00.440 19757 19757 D cellinfo: Longitude is -111.9023733
08-09 22:27:00.440 19757 19757 D cellinfo: Instantaneous GPS information: United States, 7050 400 W, Midvale, UT 84047, USA
08-09 22:27:00.440 19757 19757 D cellinfo: getCurrentLocation() result: Location (success): 40.6236229, -111.9023733
08-09 22:27:00.480 19757 19757 D cellinfo: onCellInfoChanged: Operator: T-Mobile UpdateTimestamp: 108023786 CellConnectionStatus: 0
08-09 22:27:00.480 19757 19757 D cellinfo: onCellInfoChanged: LTE Cell Bands: [66] Bandwidth: 20000 Cell ID: 21545988 Physical Cell ID: 321 Tracking Area Code: 11620 EARFCN: 66786
08-09 22:27:00.581 19757 19808 D cellinfo: 46 bytes from 44.241.174.93: icmp_seq=17370 ttl=26 time=61.8 ms
08-09 22:27:00.780 19757 19808 D cellinfo: 46 bytes from 44.241.174.93: icmp_seq=17371 ttl=26 time=61.3 ms
08-09 22:27:00.980 19757 19808 D cellinfo: 46 bytes from 44.241.174.93: icmp_seq=17372 ttl=26 time=60.1 ms
08-09 22:27:01.200 19757 19808 D cellinfo: 46 bytes from 44.241.174.93: icmp_seq=17373 ttl=26 time=79.4 ms
08-09 22:27:01.410 19757 19808 D cellinfo: 46 bytes from 44.241.174.93: icmp_seq=17374 ttl=26 time=88.8 ms
08-09 22:27:01.482 19757 19757 D cellinfo: onsignalStrengthsChanged: LTE Signal Strength info: rsrp: -74 rsrq: -15 rssi: -51 rssnr: 17
08-09 22:27:01.482 19757 19757 D cellinfo: onsignalStrengthsChanged: 5G-NR Signal Strength info: ssrsrp: -86 ssrsrq: -13 sssinr: 2147483647
08-09 22:27:01.607 19757 19808 D cellinfo: 46 bytes from 44.241.174.93: icmp_seq=17375 ttl=26 time=84.9 ms
08-09 22:27:01.806 19757 19808 D cellinfo: 46 bytes from 44.241.174.93: icmp_seq=17376 ttl=26 time=84.2 ms
08-09 22:27:02.001 19757 19808 D cellinfo: 46 bytes from 44.241.174.93: icmp_seq=17377 ttl=26 time=77.6 ms
08-09 22:27:02.202 19757 19808 D cellinfo: 46 bytes from 44.241.174.93: icmp_seq=17378 ttl=26 time=78.5 ms
08-09 22:27:02.401 19757 19808 D cellinfo: 46 bytes from 44.241.174.93: icmp_seq=17379 ttl=26 time=77.1 ms
08-09 22:27:02.607 19757 19808 D cellinfo: 46 bytes from 44.241.174.93: icmp_seq=17380 ttl=26 time=82.0 ms
08-09 22:27:02.714 19757 19757 D cellinfo: onsignalStrengthsChanged: LTE Signal Strength info: rsrp: -74 rsrq: -15 rssi: -51 rssnr: 17
08-09 22:27:02.714 19757 19757 D cellinfo: onsignalStrengthsChanged: 5G-NR Signal Strength info: ssrsrp: -81 ssrsrq: -11 sssinr: 2147483647
08-09 22:27:02.808 19757 19808 D cellinfo: 46 bytes from 44.241.174.93: icmp_seq=17381 ttl=26 time=82.6 ms
08-09 22:27:03.001 19757 19808 D cellinfo: 46 bytes from 44.241.174.93: icmp_seq=17382 ttl=26 time=74.1 ms
08-09 22:27:03.201 19757 19808 D cellinfo: 46 bytes from 44.241.174.93: icmp_seq=17383 ttl=26 time=74.6 ms
08-09 22:27:03.407 19757 19808 D cellinfo: 46 bytes from 44.241.174.93: icmp_seq=17384 ttl=26 time=79.9 ms
08-09 22:27:03.588 19757 19808 D cellinfo: 46 bytes from 44.241.174.93: icmp_seq=17385 ttl=26 time=59.2 ms
08-09 22:27:03.747 19757 19757 D cellinfo: Latitude is 40.623987
08-09 22:27:03.748 19757 19757 D cellinfo: Longitude is -111.9022656
08-09 22:27:03.748 19757 19757 D cellinfo: Instantaneous GPS information: United States, 7016 400 W, Midvale, UT 84047, USA
08-09 22:27:03.748 19757 19757 D cellinfo: getCurrentLocation() result: Location (success): 40.623987, -111.9022656
08-09 22:27:03.749 19757 19757 D cellinfo: onCellInfoChanged: Operator: T-Mobile UpdateTimestamp: 108026807 CellConnectionStatus: 0
08-09 22:27:03.749 19757 19757 D cellinfo: onCellInfoChanged: LTE Cell Bands: [66] Bandwidth: 20000 Cell ID: 21545988 Physical Cell ID: 321 Tracking Area Code: 11620 EARFCN: 66786
08-09 22:27:03.786 19757 19808 D cellinfo: 46 bytes from 44.241.174.93: icmp_seq=17386 ttl=26 time=56.0 ms
08-09 22:27:04.001 19757 19808 D cellinfo: 46 bytes from 44.241.174.93: icmp_seq=17387 ttl=26 time=69.6 ms
08-09 22:27:04.202 19757 19808 D cellinfo: 46 bytes from 44.241.174.93: icmp_seq=17388 ttl=26 time=70.6 ms
08-09 22:27:04.401 19757 19808 D cellinfo: 46 bytes from 44.241.174.93: icmp_seq=17389 ttl=26 time=68.6 ms
08-09 22:27:04.603 19757 19808 D cellinfo: 46 bytes from 44.241.174.93: icmp_seq=17390 ttl=26 time=69.2 ms
08-09 22:27:04.802 19757 19808 D cellinfo: 46 bytes from 44.241.174.93: icmp_seq=17391 ttl=26 time=67.3 ms
08-09 22:27:05.001 19757 19808 D cellinfo: 46 bytes from 44.241.174.93: icmp_seq=17392 ttl=26 time=66.3 ms
08-09 22:27:05.201 19757 19808 D cellinfo: 46 bytes from 44.241.174.93: icmp_seq=17393 ttl=26 time=65.3 ms
08-09 22:27:05.400 19757 19808 D cellinfo: 46 bytes from 44.241.174.93: icmp_seq=17394 ttl=26 time=64.3 ms
08-09 22:27:05.601 19757 19808 D cellinfo: 46 bytes from 44.241.174.93: icmp_seq=17395 ttl=26 time=63.7 ms
08-09 22:27:05.711 19757 19757 D cellinfo: onsignalStrengthsChanged: LTE Signal Strength info: rsrp: -74 rsrq: -15 rssi: -51 rssnr: 17
08-09 22:27:05.711 19757 19757 D cellinfo: onsignalStrengthsChanged: 5G-NR Signal Strength info: ssrsrp: -79 ssrsrq: -11 sssinr: 2147483647
08-09 22:27:05.800 19757 19808 D cellinfo: 46 bytes from 44.241.174.93: icmp_seq=17396 ttl=26 time=61.9 ms
08-09 22:27:05.962 19757 19757 D cellinfo: onsignalStrengthsChanged: LTE Signal Strength info: rsrp: -77 rsrq: -12 rssi: -51 rssnr: 15
08-09 22:27:05.962 19757 19757 D cellinfo: onsignalStrengthsChanged: 5G-NR Signal Strength info: ssrsrp: -79 ssrsrq: -11 sssinr: 2147483647
08-09 22:27:06.001 19757 19808 D cellinfo: 46 bytes from 44.241.174.93: icmp_seq=17397 ttl=26 time=62.9 ms
08-09 22:27:06.202 19757 19808 D cellinfo: 46 bytes from 44.241.174.93: icmp_seq=17398 ttl=26 time=63.3 ms
08-09 22:27:06.407 19757 19808 D cellinfo: 46 bytes from 44.241.174.93: icmp_seq=17399 ttl=26 time=67.8 ms
08-09 22:27:06.598 19757 19808 D cellinfo: 46 bytes from 44.241.174.93: icmp_seq=17400 ttl=26 time=57.9 ms
08-09 22:27:06.717 19757 19757 D cellinfo: Latitude is 40.6245651
08-09 22:27:06.717 19757 19757 D cellinfo: Longitude is -111.9020931
08-09 22:27:06.717 19757 19757 D cellinfo: Instantaneous GPS information: United States, 6980 400 W #3, Midvale, UT 84047, USA
08-09 22:27:06.718 19757 19757 D cellinfo: getCurrentLocation() result: Location (success): 40.6245651, -111.9020931
08-09 22:27:06.720 19757 19757 D cellinfo: onCellInfoChanged: Operator: T-Mobile UpdateTimestamp: 108029791 CellConnectionStatus: 0
08-09 22:27:06.720 19757 19757 D cellinfo: onCellInfoChanged: LTE Cell Bands: [66] Bandwidth: 20000 Cell ID: 21545988 Physical Cell ID: 321 Tracking Area Code: 11620 EARFCN: 66786
08-09 22:27:06.796 19757 19808 D cellinfo: 46 bytes from 44.241.174.93: icmp_seq=17401 ttl=26 time=55.7 ms
08-09 22:27:07.021 19757 19808 D cellinfo: 46 bytes from 44.241.174.93: icmp_seq=17402 ttl=26 time=79.5 ms
08-09 22:27:07.208 19757 19808 D cellinfo: 46 bytes from 44.241.174.93: icmp_seq=17403 ttl=26 time=66.0 ms
08-09 22:27:07.422 19757 19808 D cellinfo: 46 bytes from 44.241.174.93: icmp_seq=17404 ttl=26 time=79.3 ms
08-09 22:27:07.626 19757 19808 D cellinfo: 46 bytes from 44.241.174.93: icmp_seq=17405 ttl=26 time=83.2 ms
08-09 22:27:07.831 19757 19808 D cellinfo: 46 bytes from 44.241.174.93: icmp_seq=17406 ttl=26 time=86.9 ms
08-09 22:27:08.021 19757 19808 D cellinfo: 46 bytes from 44.241.174.93: icmp_seq=17407 ttl=26 time=77.0 ms
08-09 22:27:08.202 19757 19757 D cellinfo: onsignalStrengthsChanged: LTE Signal Strength info: rsrp: -82 rsrq: -15 rssi: -59 rssnr: 8
08-09 22:27:08.202 19757 19757 D cellinfo: onsignalStrengthsChanged: 5G-NR Signal Strength info: ssrsrp: -79 ssrsrq: -11 sssinr: 2147483647
08-09 22:27:08.227 19757 19808 D cellinfo: 46 bytes from 44.241.174.93: icmp_seq=17408 ttl=26 time=82.6 ms
08-09 22:27:08.427 19757 19808 D cellinfo: 46 bytes from 44.241.174.93: icmp_seq=17409 ttl=26 time=81.9 ms
08-09 22:27:08.621 19757 19808 D cellinfo: 46 bytes from 44.241.174.93: icmp_seq=17410 ttl=26 time=75.4 ms
08-09 22:27:08.715 19757 19757 D cellinfo: onsignalStrengthsChanged: LTE Signal Strength info: rsrp: -82 rsrq: -15 rssi: -59 rssnr: 8
08-09 22:27:08.716 19757 19757 D cellinfo: onsignalStrengthsChanged: 5G-NR Signal Strength info: ssrsrp: -81 ssrsrq: -11 sssinr: 2147483647
08-09 22:27:08.821 19757 19808 D cellinfo: 46 bytes from 44.241.174.93: icmp_seq=17411 ttl=26 time=74.6 ms
08-09 22:27:09.020 19757 19808 D cellinfo: 46 bytes from 44.241.174.93: icmp_seq=17412 ttl=26 time=72.8 ms
08-09 22:27:09.227 19757 19808 D cellinfo: 46 bytes from 44.241.174.93: icmp_seq=17413 ttl=26 time=80.5 ms
08-09 22:27:09.421 19757 19808 D cellinfo: 46 bytes from 44.241.174.93: icmp_seq=17414 ttl=26 time=72.6 ms
08-09 22:27:09.609 19757 19808 D cellinfo: 46 bytes from 44.241.174.93: icmp_seq=17415 ttl=26 time=59.9 ms
08-09 22:27:09.758 19757 19757 D cellinfo: Latitude is 40.6247881
08-09 22:27:09.758 19757 19757 D cellinfo: Longitude is -111.90203
08-09 22:27:09.758 19757 19757 D cellinfo: Instantaneous GPS information: United States, 6980 400 W #2, Midvale, UT 84047, USA
08-09 22:27:09.758 19757 19757 D cellinfo: getCurrentLocation() result: Location (success): 40.6247881, -111.90203
08-09 22:27:09.760 19757 19757 D cellinfo: onCellInfoChanged: Operator: T-Mobile UpdateTimestamp: 108032808 CellConnectionStatus: 0
08-09 22:27:09.760 19757 19757 D cellinfo: onCellInfoChanged: LTE Cell Bands: [66] Bandwidth: 20000 Cell ID: 21545988 Physical Cell ID: 321 Tracking Area Code: 11620 EARFCN: 66786
08-09 22:27:09.811 19757 19808 D cellinfo: 46 bytes from 44.241.174.93: icmp_seq=17416 ttl=26 time=60.5 ms
08-09 22:27:10.022 19757 19808 D cellinfo: 46 bytes from 44.241.174.93: icmp_seq=17417 ttl=26 time=70.2 ms
08-09 22:27:10.221 19757 19808 D cellinfo: 46 bytes from 44.241.174.93: icmp_seq=17418 ttl=26 time=69.1 ms
08-09 22:27:10.437 19757 19808 D cellinfo: 46 bytes from 44.241.174.93: icmp_seq=17419 ttl=26 time=84.3 ms
08-09 22:27:10.450 19757 19757 D cellinfo: onsignalStrengthsChanged: LTE Signal Strength info: rsrp: -80 rsrq: -13 rssi: -51 rssnr: 8
08-09 22:27:10.450 19757 19757 D cellinfo: onsignalStrengthsChanged: 5G-NR Signal Strength info: ssrsrp: -81 ssrsrq: -11 sssinr: 2147483647
08-09 22:27:10.632 19757 19808 D cellinfo: 46 bytes from 44.241.174.93: icmp_seq=17420 ttl=26 time=79.2 ms
08-09 22:27:10.823 19757 19808 D cellinfo: 46 bytes from 44.241.174.93: icmp_seq=17421 ttl=26 time=69.4 ms
08-09 22:27:11.032 19757 19808 D cellinfo: 46 bytes from 44.241.174.93: icmp_seq=17422 ttl=26 time=77.6 ms
08-09 22:27:11.221 19757 19808 D cellinfo: 46 bytes from 44.241.174.93: icmp_seq=17423 ttl=26 time=66.4 ms
08-09 22:27:11.426 19757 19808 D cellinfo: 46 bytes from 44.241.174.93: icmp_seq=17424 ttl=26 time=70.8 ms
08-09 22:27:11.620 19757 19808 D cellinfo: 46 bytes from 44.241.174.93: icmp_seq=17425 ttl=26 time=64.3 ms
08-09 22:27:11.718 19757 19757 D cellinfo: onsignalStrengthsChanged: LTE Signal Strength info: rsrp: -80 rsrq: -13 rssi: -51 rssnr: 8
08-09 22:27:11.718 19757 19757 D cellinfo: onsignalStrengthsChanged: 5G-NR Signal Strength info: ssrsrp: -81 ssrsrq: -12 sssinr: 2147483647
08-09 22:27:11.826 19757 19808 D cellinfo: 46 bytes from 44.241.174.93: icmp_seq=17426 ttl=26 time=69.5 ms
08-09 22:27:12.020 19757 19808 D cellinfo: 46 bytes from 44.241.174.93: icmp_seq=17427 ttl=26 time=62.1 ms
08-09 22:27:12.220 19757 19808 D cellinfo: 46 bytes from 44.241.174.93: icmp_seq=17428 ttl=26 time=62.9 ms
08-09 22:27:12.424 19757 19808 D cellinfo: 46 bytes from 44.241.174.93: icmp_seq=17429 ttl=26 time=65.7 ms
08-09 22:27:12.495 19757 19757 D cellinfo: onCellInfoChanged: Operator: T-Mobile UpdateTimestamp: 108035801 CellConnectionStatus: 0
08-09 22:27:12.496 19757 19757 D cellinfo: onCellInfoChanged: LTE Cell Bands: [66] Bandwidth: 20000 Cell ID: 21545988 Physical Cell ID: 321 Tracking Area Code: 11620 EARFCN: 66786
08-09 22:27:12.626 19757 19808 D cellinfo: 46 bytes from 44.241.174.93: icmp_seq=17430 ttl=26 time=67.5 ms
08-09 22:27:12.827 19757 19808 D cellinfo: 46 bytes from 44.241.174.93: icmp_seq=17431 ttl=26 time=67.0 ms
08-09 22:27:13.041 19757 19808 D cellinfo: 46 bytes from 44.241.174.93: icmp_seq=17432 ttl=26 time=80.8 ms
08-09 22:27:13.232 19757 19808 D cellinfo: 46 bytes from 44.241.174.93: icmp_seq=17433 ttl=26 time=71.9 ms
08-09 22:27:13.434 19757 19808 D cellinfo: 46 bytes from 44.241.174.93: icmp_seq=17434 ttl=26 time=73.5 ms
08-09 22:27:13.484 19757 19757 D cellinfo: Latitude is 40.6265776
08-09 22:27:13.484 19757 19757 D cellinfo: Longitude is -111.9003543
08-09 22:27:13.484 19757 19757 D cellinfo: Instantaneous GPS information: United States, 6880 Cottonwood St, Midvale, UT 84047, USA
08-09 22:27:13.484 19757 19757 D cellinfo: getCurrentLocation() result: Location (success): 40.6265776, -111.9003543
08-09 22:27:13.622 19757 19808 D cellinfo: 46 bytes from 44.241.174.93: icmp_seq=17435 ttl=26 time=60.6 ms
08-09 22:27:13.840 19757 19808 D cellinfo: 46 bytes from 44.241.174.93: icmp_seq=17436 ttl=26 time=78.2 ms
08-09 22:27:14.047 19757 19808 D cellinfo: 46 bytes from 44.241.174.93: icmp_seq=17437 ttl=26 time=84.5 ms
08-09 22:27:14.249 19757 19808 D cellinfo: 46 bytes from 44.241.174.93: icmp_seq=17438 ttl=26 time=85.5 ms
08-09 22:27:14.440 19757 19808 D cellinfo: 46 bytes from 44.241.174.93: icmp_seq=17439 ttl=26 time=76.1 ms
08-09 22:27:14.642 19757 19808 D cellinfo: 46 bytes from 44.241.174.93: icmp_seq=17440 ttl=26 time=76.6 ms
08-09 22:27:14.712 19757 19757 D cellinfo: onsignalStrengthsChanged: LTE Signal Strength info: rsrp: -80 rsrq: -13 rssi: -51 rssnr: 8
08-09 22:27:14.712 19757 19757 D cellinfo: onsignalStrengthsChanged: 5G-NR Signal Strength info: ssrsrp: -83 ssrsrq: -12 sssinr: 2147483647
08-09 22:27:14.841 19757 19808 D cellinfo: 46 bytes from 44.241.174.93: icmp_seq=17441 ttl=26 time=75.1 ms
08-09 22:27:14.923 19757 19757 D cellinfo: onsignalStrengthsChanged: LTE Signal Strength info: rsrp: -80 rsrq: -14 rssi: -51 rssnr: 8
08-09 22:27:14.923 19757 19757 D cellinfo: onsignalStrengthsChanged: 5G-NR Signal Strength info: ssrsrp: -83 ssrsrq: -12 sssinr: 2147483647
08-09 22:27:15.040 19757 19808 D cellinfo: 46 bytes from 44.241.174.93: icmp_seq=17442 ttl=26 time=73.4 ms
08-09 22:27:15.240 19757 19808 D cellinfo: 46 bytes from 44.241.174.93: icmp_seq=17443 ttl=26 time=74.1 ms
08-09 22:27:15.441 19757 19808 D cellinfo: 46 bytes from 44.241.174.93: icmp_seq=17444 ttl=26 time=74.0 ms
08-09 22:27:15.445 19757 19757 D cellinfo: Latitude is 40.6265776
08-09 22:27:15.445 19757 19757 D cellinfo: Longitude is -111.9003543
08-09 22:27:15.445 19757 19757 D cellinfo: Instantaneous GPS information: United States, 6880 Cottonwood St, Midvale, UT 84047, USA
08-09 22:27:15.446 19757 19757 D cellinfo: getCurrentLocation() result: Location (success): 40.6265776, -111.9003543
08-09 22:27:15.490 19757 19757 D cellinfo: onCellInfoChanged: Operator: T-Mobile UpdateTimestamp: 108038797 CellConnectionStatus: 0
08-09 22:27:15.490 19757 19757 D cellinfo: onCellInfoChanged: LTE Cell Bands: [66] Bandwidth: 20000 Cell ID: 21545988 Physical Cell ID: 321 Tracking Area Code: 11620 EARFCN: 66786
08-09 22:27:15.642 19757 19808 D cellinfo: 46 bytes from 44.241.174.93: icmp_seq=17445 ttl=26 time=74.1 ms
08-09 22:27:15.841 19757 19808 D cellinfo: 46 bytes from 44.241.174.93: icmp_seq=17446 ttl=26 time=72.7 ms
08-09 22:27:16.042 19757 19808 D cellinfo: 46 bytes from 44.241.174.93: icmp_seq=17447 ttl=26 time=73.3 ms
08-09 22:27:16.241 19757 19808 D cellinfo: 46 bytes from 44.241.174.93: icmp_seq=17448 ttl=26 time=71.9 ms
08-09 22:27:16.442 19757 19808 D cellinfo: 46 bytes from 44.241.174.93: icmp_seq=17449 ttl=26 time=72.0 ms
08-09 22:27:16.640 19757 19808 D cellinfo: 46 bytes from 44.241.174.93: icmp_seq=17450 ttl=26 time=70.6 ms
08-09 22:27:16.841 19757 19808 D cellinfo: 46 bytes from 44.241.174.93: icmp_seq=17451 ttl=26 time=69.7 ms
08-09 22:27:17.050 19757 19808 D cellinfo: 46 bytes from 44.241.174.93: icmp_seq=17452 ttl=26 time=78.2 ms
08-09 22:27:17.162 19757 19757 D cellinfo: onsignalStrengthsChanged: LTE Signal Strength info: rsrp: -82 rsrq: -18 rssi: -51 rssnr: 4
08-09 22:27:17.162 19757 19757 D cellinfo: onsignalStrengthsChanged: 5G-NR Signal Strength info: ssrsrp: -83 ssrsrq: -12 sssinr: 2147483647
08-09 22:27:17.241 19757 19808 D cellinfo: 46 bytes from 44.241.174.93: icmp_seq=17453 ttl=26 time=68.8 ms
08-09 22:27:17.448 19757 19808 D cellinfo: 46 bytes from 44.241.174.93: icmp_seq=17454 ttl=26 time=75.8 ms
08-09 22:27:17.646 19757 19808 D cellinfo: 46 bytes from 44.241.174.93: icmp_seq=17455 ttl=26 time=73.1 ms
08-09 22:27:17.713 19757 19757 D cellinfo: onsignalStrengthsChanged: LTE Signal Strength info: rsrp: -82 rsrq: -18 rssi: -51 rssnr: 4
08-09 22:27:17.713 19757 19757 D cellinfo: onsignalStrengthsChanged: 5G-NR Signal Strength info: ssrsrp: -85 ssrsrq: -12 sssinr: 2147483647
08-09 22:27:17.857 19757 19808 D cellinfo: 46 bytes from 44.241.174.93: icmp_seq=17456 ttl=26 time=82.4 ms
08-09 22:27:18.053 19757 19808 D cellinfo: 46 bytes from 44.241.174.93: icmp_seq=17457 ttl=26 time=78.0 ms
08-09 22:27:18.241 19757 19808 D cellinfo: 46 bytes from 44.241.174.93: icmp_seq=17458 ttl=26 time=66.1 ms
08-09 22:27:18.438 19757 19757 D cellinfo: Latitude is 40.6265776
08-09 22:27:18.438 19757 19757 D cellinfo: Longitude is -111.9003543
08-09 22:27:18.438 19757 19757 D cellinfo: Instantaneous GPS information: United States, 6880 Cottonwood St, Midvale, UT 84047, USA
08-09 22:27:18.438 19757 19757 D cellinfo: getCurrentLocation() result: Location (success): 40.6265776, -111.9003543
08-09 22:27:18.441 19757 19808 D cellinfo: 46 bytes from 44.241.174.93: icmp_seq=17459 ttl=26 time=65.6 ms
08-09 22:27:18.477 19757 19757 D cellinfo: onCellInfoChanged: Operator: T-Mobile UpdateTimestamp: 108041787 CellConnectionStatus: 0
08-09 22:27:18.478 19757 19757 D cellinfo: onCellInfoChanged: LTE Cell Bands: [66] Bandwidth: 20000 Cell ID: 21545988 Physical Cell ID: 321 Tracking Area Code: 11620 EARFCN: 66786
08-09 22:27:18.646 19757 19808 D cellinfo: 46 bytes from 44.241.174.93: icmp_seq=17460 ttl=26 time=69.7 ms
08-09 22:27:18.840 19757 19808 D cellinfo: 46 bytes from 44.241.174.93: icmp_seq=17461 ttl=26 time=62.4 ms
08-09 22:27:19.041 19757 19808 D cellinfo: 46 bytes from 44.241.174.93: icmp_seq=17462 ttl=26 time=61.9 ms
08-09 22:27:19.241 19757 19808 D cellinfo: 46 bytes from 44.241.174.93: icmp_seq=17463 ttl=26 time=63.3 ms
08-09 22:27:19.441 19757 19808 D cellinfo: 46 bytes from 44.241.174.93: icmp_seq=17464 ttl=26 time=62.1 ms
08-09 22:27:19.640 19757 19808 D cellinfo: 46 bytes from 44.241.174.93: icmp_seq=17465 ttl=26 time=60.2 ms
08-09 22:27:19.860 19757 19808 D cellinfo: 46 bytes from 44.241.174.93: icmp_seq=17466 ttl=26 time=79.6 ms
08-09 22:27:20.065 19757 19808 D cellinfo: 46 bytes from 44.241.174.93: icmp_seq=17467 ttl=26 time=84.0 ms
08-09 22:27:20.262 19757 19808 D cellinfo: 46 bytes from 44.241.174.93: icmp_seq=17468 ttl=26 time=80.8 ms
08-09 22:27:20.472 19757 19808 D cellinfo: 46 bytes from 44.241.174.93: icmp_seq=17469 ttl=26 time=90.1 ms
08-09 22:27:20.665 19757 19808 D cellinfo: 46 bytes from 44.241.174.93: icmp_seq=17470 ttl=26 time=82.5 ms
08-09 22:27:20.711 19757 19757 D cellinfo: onsignalStrengthsChanged: LTE Signal Strength info: rsrp: -82 rsrq: -18 rssi: -51 rssnr: 4
08-09 22:27:20.711 19757 19757 D cellinfo: onsignalStrengthsChanged: 5G-NR Signal Strength info: ssrsrp: -87 ssrsrq: -12 sssinr: 27
08-09 22:27:20.862 19757 19808 D cellinfo: 46 bytes from 44.241.174.93: icmp_seq=17471 ttl=26 time=79.1 ms
08-09 22:27:21.069 19757 19808 D cellinfo: 46 bytes from 44.241.174.93: icmp_seq=17472 ttl=26 time=84.8 ms
08-09 22:27:21.265 19757 19808 D cellinfo: 46 bytes from 44.241.174.93: icmp_seq=17473 ttl=26 time=80.5 ms
08-09 22:27:21.465 19757 19808 D cellinfo: 46 bytes from 44.241.174.93: icmp_seq=17474 ttl=26 time=79.4 ms
08-09 22:27:21.494 19757 19757 D cellinfo: onCellInfoChanged: Operator: T-Mobile UpdateTimestamp: 108044803 CellConnectionStatus: 0
08-09 22:27:21.494 19757 19757 D cellinfo: onCellInfoChanged: LTE Cell Bands: [66] Bandwidth: 20000 Cell ID: 21545988 Physical Cell ID: 321 Tracking Area Code: 11620 EARFCN: 66786
08-09 22:27:21.635 19757 19757 D cellinfo: onsignalStrengthsChanged: LTE Signal Strength info: rsrp: -86 rsrq: -16 rssi: -53 rssnr: 4
08-09 22:27:21.635 19757 19757 D cellinfo: onsignalStrengthsChanged: 5G-NR Signal Strength info: ssrsrp: -87 ssrsrq: -12 sssinr: 27
08-09 22:27:21.662 19757 19808 D cellinfo: 46 bytes from 44.241.174.93: icmp_seq=17475 ttl=26 time=75.7 ms
08-09 22:27:21.863 19757 19808 D cellinfo: 46 bytes from 44.241.174.93: icmp_seq=17476 ttl=26 time=75.0 ms
08-09 22:27:22.063 19757 19808 D cellinfo: 46 bytes from 44.241.174.93: icmp_seq=17477 ttl=26 time=74.1 ms
08-09 22:27:22.245 19757 19808 D cellinfo: 46 bytes from 44.241.174.93: icmp_seq=17478 ttl=26 time=57.3 ms
08-09 22:27:22.461 19757 19808 D cellinfo: 46 bytes from 44.241.174.93: icmp_seq=17479 ttl=26 time=71.6 ms
08-09 22:27:22.663 19757 19808 D cellinfo: 46 bytes from 44.241.174.93: icmp_seq=17480 ttl=26 time=72.9 ms
08-09 22:27:22.862 19757 19808 D cellinfo: 46 bytes from 44.241.174.93: icmp_seq=17481 ttl=26 time=71.5 ms
08-09 22:27:23.051 19757 19808 D cellinfo: 46 bytes from 44.241.174.93: icmp_seq=17482 ttl=26 time=58.9 ms
08-09 22:27:23.179 19757 19757 D cellinfo: Latitude is 40.6295964
08-09 22:27:23.179 19757 19757 D cellinfo: Longitude is -111.902308
08-09 22:27:23.179 19757 19757 D cellinfo: Instantaneous GPS information: United States, 6620 400 W, Murray, UT 84107, USA
08-09 22:27:23.179 19757 19757 D cellinfo: getCurrentLocation() result: Location (success): 40.6295964, -111.902308
08-09 22:27:23.251 19757 19808 D cellinfo: 46 bytes from 44.241.174.93: icmp_seq=17483 ttl=26 time=58.8 ms
08-09 22:27:23.460 19757 19808 D cellinfo: 46 bytes from 44.241.174.93: icmp_seq=17484 ttl=26 time=68.1 ms
08-09 22:27:23.660 19757 19808 D cellinfo: 46 bytes from 44.241.174.93: icmp_seq=17485 ttl=26 time=67.2 ms
08-09 22:27:23.713 19757 19757 D cellinfo: onsignalStrengthsChanged: LTE Signal Strength info: rsrp: -86 rsrq: -16 rssi: -53 rssnr: 4
08-09 22:27:23.713 19757 19757 D cellinfo: onsignalStrengthsChanged: 5G-NR Signal Strength info: ssrsrp: -88 ssrsrq: -14 sssinr: 8
08-09 22:27:23.862 19757 19808 D cellinfo: 46 bytes from 44.241.174.93: icmp_seq=17486 ttl=26 time=68.0 ms
08-09 22:27:23.881 19757 19757 D cellinfo: onsignalStrengthsChanged: LTE Signal Strength info: rsrp: -91 rsrq: -15 rssi: -51 rssnr: -1
08-09 22:27:23.881 19757 19757 D cellinfo: onsignalStrengthsChanged: 5G-NR Signal Strength info: ssrsrp: -88 ssrsrq: -14 sssinr: 8
08-09 22:27:24.061 19757 19808 D cellinfo: 46 bytes from 44.241.174.93: icmp_seq=17487 ttl=26 time=66.7 ms
08-09 22:27:24.261 19757 19808 D cellinfo: 46 bytes from 44.241.174.93: icmp_seq=17488 ttl=26 time=68.0 ms
08-09 22:27:24.443 19757 19757 D cellinfo: Latitude is 40.6295964
08-09 22:27:24.443 19757 19757 D cellinfo: Longitude is -111.902308
08-09 22:27:24.443 19757 19757 D cellinfo: Instantaneous GPS information: United States, 6620 400 W, Murray, UT 84107, USA
08-09 22:27:24.443 19757 19757 D cellinfo: getCurrentLocation() result: Location (success): 40.6295964, -111.902308
08-09 22:27:24.462 19757 19808 D cellinfo: 46 bytes from 44.241.174.93: icmp_seq=17489 ttl=26 time=67.6 ms
08-09 22:27:24.496 19757 19757 D cellinfo: onCellInfoChanged: Operator: T-Mobile UpdateTimestamp: 108047804 CellConnectionStatus: 0
08-09 22:27:24.496 19757 19757 D cellinfo: onCellInfoChanged: LTE Cell Bands: [66] Bandwidth: 20000 Cell ID: 21545988 Physical Cell ID: 321 Tracking Area Code: 11620 EARFCN: 66786
08-09 22:27:24.661 19757 19808 D cellinfo: 46 bytes from 44.241.174.93: icmp_seq=17490 ttl=26 time=66.1 ms
08-09 22:27:24.861 19757 19808 D cellinfo: 46 bytes from 44.241.174.93: icmp_seq=17491 ttl=26 time=65.6 ms
08-09 22:27:25.061 19757 19808 D cellinfo: 46 bytes from 44.241.174.93: icmp_seq=17492 ttl=26 time=63.9 ms
08-09 22:27:25.262 19757 19808 D cellinfo: 46 bytes from 44.241.174.93: icmp_seq=17493 ttl=26 time=65.7 ms
08-09 22:27:25.460 19757 19808 D cellinfo: 46 bytes from 44.241.174.93: icmp_seq=17494 ttl=26 time=63.4 ms
08-09 22:27:25.666 19757 19808 D cellinfo: 46 bytes from 44.241.174.93: icmp_seq=17495 ttl=26 time=67.9 ms
08-09 22:27:25.867 19757 19808 D cellinfo: 46 bytes from 44.241.174.93: icmp_seq=17496 ttl=26 time=68.1 ms
08-09 22:27:26.061 19757 19808 D cellinfo: 46 bytes from 44.241.174.93: icmp_seq=17497 ttl=26 time=62.2 ms
08-09 22:27:26.121 19757 19757 D cellinfo: onsignalStrengthsChanged: LTE Signal Strength info: rsrp: -89 rsrq: -17 rssi: -53 rssnr: 1
08-09 22:27:26.122 19757 19757 D cellinfo: onsignalStrengthsChanged: 5G-NR Signal Strength info: ssrsrp: -88 ssrsrq: -14 sssinr: 8
08-09 22:27:26.260 19757 19808 D cellinfo: 46 bytes from 44.241.174.93: icmp_seq=17498 ttl=26 time=61.1 ms
08-09 22:27:26.461 19757 19808 D cellinfo: 46 bytes from 44.241.174.93: icmp_seq=17499 ttl=26 time=60.8 ms
08-09 22:27:26.680 19757 19808 D cellinfo: 46 bytes from 44.241.174.93: icmp_seq=17500 ttl=26 time=79.7 ms
08-09 22:27:26.712 19757 19757 D cellinfo: onsignalStrengthsChanged: LTE Signal Strength info: rsrp: -89 rsrq: -17 rssi: -53 rssnr: 1
08-09 22:27:26.712 19757 19757 D cellinfo: onsignalStrengthsChanged: 5G-NR Signal Strength info: ssrsrp: -90 ssrsrq: -15 sssinr: 2147483647
08-09 22:27:26.880 19757 19808 D cellinfo: 46 bytes from 44.241.174.93: icmp_seq=17501 ttl=26 time=78.7 ms
08-09 22:27:27.080 19757 19808 D cellinfo: 46 bytes from 44.241.174.93: icmp_seq=17502 ttl=26 time=78.5 ms
08-09 22:27:27.287 19757 19808 D cellinfo: 46 bytes from 44.241.174.93: icmp_seq=17503 ttl=26 time=84.2 ms
08-09 22:27:27.481 19757 19808 D cellinfo: 46 bytes from 44.241.174.93: icmp_seq=17504 ttl=26 time=77.0 ms
08-09 22:27:27.669 19757 19808 D cellinfo: 46 bytes from 44.241.174.93: icmp_seq=17505 ttl=26 time=64.5 ms
08-09 22:27:27.749 19757 19757 D cellinfo: Latitude is 40.6299109
08-09 22:27:27.750 19757 19757 D cellinfo: Longitude is -111.9023589
08-09 22:27:27.750 19757 19757 D cellinfo: Instantaneous GPS information: United States, 6620 400 W, Murray, UT 84107, USA
08-09 22:27:27.750 19757 19757 D cellinfo: getCurrentLocation() result: Location (success): 40.6299109, -111.9023589
08-09 22:27:27.751 19757 19757 D cellinfo: onCellInfoChanged: Operator: T-Mobile UpdateTimestamp: 108050817 CellConnectionStatus: 0
08-09 22:27:27.751 19757 19757 D cellinfo: onCellInfoChanged: LTE Cell Bands: [66] Bandwidth: 20000 Cell ID: 21545988 Physical Cell ID: 321 Tracking Area Code: 11620 EARFCN: 66786
08-09 22:27:27.861 19757 19808 D cellinfo: 46 bytes from 44.241.174.93: icmp_seq=17506 ttl=26 time=56.2 ms
08-09 22:27:28.081 19757 19808 D cellinfo: 46 bytes from 44.241.174.93: icmp_seq=17507 ttl=26 time=75.1 ms
08-09 22:27:28.265 19757 19808 D cellinfo: 46 bytes from 44.241.174.93: icmp_seq=17508 ttl=26 time=58.5 ms
08-09 22:27:28.481 19757 19808 D cellinfo: 46 bytes from 44.241.174.93: icmp_seq=17509 ttl=26 time=73.2 ms
08-09 22:27:28.682 19757 19808 D cellinfo: 46 bytes from 44.241.174.93: icmp_seq=17510 ttl=26 time=73.9 ms
08-09 22:27:28.887 19757 19808 D cellinfo: 46 bytes from 44.241.174.93: icmp_seq=17511 ttl=26 time=78.9 ms
08-09 22:27:29.131 19757 19808 D cellinfo: 46 bytes from 44.241.174.93: icmp_seq=17512 ttl=26 time=122 ms
08-09 22:27:29.266 19757 19808 D cellinfo: 46 bytes from 44.241.174.93: icmp_seq=17513 ttl=26 time=56.7 ms
08-09 22:27:29.496 19757 19808 D cellinfo: 46 bytes from 44.241.174.93: icmp_seq=17514 ttl=26 time=84.8 ms
08-09 22:27:29.687 19757 19808 D cellinfo: 46 bytes from 44.241.174.93: icmp_seq=17515 ttl=26 time=75.8 ms
08-09 22:27:29.713 19757 19757 D cellinfo: onsignalStrengthsChanged: LTE Signal Strength info: rsrp: -89 rsrq: -17 rssi: -53 rssnr: 1
08-09 22:27:29.713 19757 19757 D cellinfo: onsignalStrengthsChanged: 5G-NR Signal Strength info: ssrsrp: -91 ssrsrq: -16 sssinr: 2147483647
08-09 22:27:29.881 19757 19808 D cellinfo: 46 bytes from 44.241.174.93: icmp_seq=17516 ttl=26 time=69.3 ms
08-09 22:27:30.092 19757 19808 D cellinfo: 46 bytes from 44.241.174.93: icmp_seq=17517 ttl=26 time=79.6 ms
08-09 22:27:30.305 19757 19808 D cellinfo: 46 bytes from 44.241.174.93: icmp_seq=17518 ttl=26 time=91.7 ms
08-09 22:27:30.480 19757 19808 D cellinfo: 46 bytes from 44.241.174.93: icmp_seq=17519 ttl=26 time=65.8 ms
08-09 22:27:30.746 19757 19808 D cellinfo: 46 bytes from 44.241.174.93: icmp_seq=17520 ttl=26 time=130 ms
08-09 22:27:30.838 19757 19757 D cellinfo: Latitude is 40.630427
08-09 22:27:30.838 19757 19757 D cellinfo: Longitude is -111.9024425
08-09 22:27:30.838 19757 19757 D cellinfo: Instantaneous GPS information: United States, 6540 400 W, Murray, UT 84107, USA
08-09 22:27:30.838 19757 19757 D cellinfo: getCurrentLocation() result: Location (success): 40.630427, -111.9024425
08-09 22:27:30.840 19757 19757 D cellinfo: onCellInfoChanged: Operator: T-Mobile UpdateTimestamp: 108053786 CellConnectionStatus: 0
08-09 22:27:30.840 19757 19757 D cellinfo: onCellInfoChanged: LTE Cell Bands: [66] Bandwidth: 20000 Cell ID: 21545988 Physical Cell ID: 321 Tracking Area Code: 11620 EARFCN: 66786
08-09 22:27:30.840 19757 19757 D cellinfo: onsignalStrengthsChanged: LTE Signal Strength info: rsrp: -92 rsrq: -19 rssi: -57 rssnr: -5
08-09 22:27:30.840 19757 19757 D cellinfo: onsignalStrengthsChanged: 5G-NR Signal Strength info: ssrsrp: -91 ssrsrq: -16 sssinr: 2147483647
08-09 22:27:30.841 19757 19757 D cellinfo: onsignalStrengthsChanged: LTE Signal Strength info: rsrp: -92 rsrq: -19 rssi: -57 rssnr: -5
08-09 22:27:30.841 19757 19757 D cellinfo: onsignalStrengthsChanged: 5G-NR Signal Strength info: ssrsrp: -97 ssrsrq: -17 sssinr: 2147483647
08-09 22:27:30.886 19757 19808 D cellinfo: 46 bytes from 44.241.174.93: icmp_seq=17521 ttl=26 time=70.6 ms
08-09 22:27:31.144 19757 19757 D cellinfo: onServiceStateChanged: Channel Number: 66786 Cell Bandwidths: [20000, 15000, 5000]
08-09 22:27:31.150 19757 19808 D cellinfo: 46 bytes from 44.241.174.93: icmp_seq=17522 ttl=26 time=133 ms
08-09 22:27:31.274 19757 19757 D cellinfo: onsignalStrengthsChanged: LTE Signal Strength info: rsrp: -92 rsrq: -19 rssi: -57 rssnr: -5
08-09 22:27:31.286 19757 19808 D cellinfo: 46 bytes from 44.241.174.93: icmp_seq=17523 ttl=26 time=68.0 ms
08-09 22:27:31.294 19757 19757 D cellinfo: onServiceStateChanged: Channel Number: 66786 Cell Bandwidths: [20000, 15000, 5000]
08-09 22:27:31.338 19757 19757 D cellinfo: onServiceStateChanged: Channel Number: 66786 Cell Bandwidths: [20000]
08-09 22:27:31.507 19757 19808 D cellinfo: 46 bytes from 44.241.174.93: icmp_seq=17524 ttl=26 time=88.7 ms
08-09 22:27:31.680 19757 19757 D cellinfo: onServiceStateChanged: Channel Number: 66786 Cell Bandwidths: [20000, 15000, 5000]
08-09 22:27:31.731 19757 19808 D cellinfo: 46 bytes from 44.241.174.93: icmp_seq=17525 ttl=26 time=112 ms
08-09 22:27:31.794 19757 19757 D cellinfo: onsignalStrengthsChanged: LTE Signal Strength info: rsrp: -92 rsrq: -19 rssi: -57 rssnr: -5
08-09 22:27:31.794 19757 19757 D cellinfo: onsignalStrengthsChanged: 5G-NR Signal Strength info: ssrsrp: -97 ssrsrq: -17 sssinr: 2147483647
08-09 22:27:31.803 19757 19757 D cellinfo: onServiceStateChanged: Channel Number: 66786 Cell Bandwidths: [20000, 15000, 5000]
08-09 22:27:31.882 19757 19808 D cellinfo: 46 bytes from 44.241.174.93: icmp_seq=17526 ttl=26 time=62.3 ms
08-09 22:27:32.096 19757 19808 D cellinfo: 46 bytes from 44.241.174.93: icmp_seq=17527 ttl=26 time=76.0 ms
08-09 22:27:32.297 19757 19808 D cellinfo: 46 bytes from 44.241.174.93: icmp_seq=17528 ttl=26 time=76.2 ms
08-09 22:27:32.502 19757 19808 D cellinfo: 46 bytes from 44.241.174.93: icmp_seq=17529 ttl=26 time=81.0 ms
08-09 22:27:32.697 19757 19808 D cellinfo: 46 bytes from 44.241.174.93: icmp_seq=17530 ttl=26 time=74.4 ms
08-09 22:27:32.895 19757 19808 D cellinfo: 46 bytes from 44.241.174.93: icmp_seq=17531 ttl=26 time=72.8 ms
08-09 22:27:33.037 19757 19757 D cellinfo: onsignalStrengthsChanged: LTE Signal Strength info: rsrp: -89 rsrq: -14 rssi: -55 rssnr: 0
08-09 22:27:33.037 19757 19757 D cellinfo: onsignalStrengthsChanged: 5G-NR Signal Strength info: ssrsrp: -96 ssrsrq: -18 sssinr: 2147483647
08-09 22:27:33.107 19757 19808 D cellinfo: 46 bytes from 44.241.174.93: icmp_seq=17532 ttl=26 time=83.9 ms
08-09 22:27:33.291 19757 19808 D cellinfo: 46 bytes from 44.241.174.93: icmp_seq=17533 ttl=26 time=67.6 ms
08-09 22:27:33.490 19757 19808 D cellinfo: 46 bytes from 44.241.174.93: icmp_seq=17534 ttl=26 time=65.6 ms
08-09 22:27:33.821 19757 19808 D cellinfo: 46 bytes from 44.241.174.93: icmp_seq=17535 ttl=26 time=194 ms
08-09 22:27:33.828 19757 19757 D cellinfo: Latitude is 40.6306222
08-09 22:27:33.828 19757 19757 D cellinfo: Longitude is -111.9024741
08-09 22:27:33.828 19757 19757 D cellinfo: Instantaneous GPS information: United States, 6530 400 W, Salt Lake City, UT 84107, USA
08-09 22:27:33.828 19757 19757 D cellinfo: getCurrentLocation() result: Location (success): 40.6306222, -111.9024741
08-09 22:27:33.830 19757 19757 D cellinfo: onCellInfoChanged: Operator: T-Mobile UpdateTimestamp: 108056802 CellConnectionStatus: 0
08-09 22:27:33.830 19757 19757 D cellinfo: onCellInfoChanged: LTE Cell Bands: [66] Bandwidth: 20000 Cell ID: 21535235 Physical Cell ID: 155 Tracking Area Code: 11620 EARFCN: 66786
08-09 22:27:33.892 19757 19808 D cellinfo: 46 bytes from 44.241.174.93: icmp_seq=17536 ttl=26 time=65.1 ms
08-09 22:27:34.102 19757 19808 D cellinfo: 46 bytes from 44.241.174.93: icmp_seq=17537 ttl=26 time=74.4 ms
08-09 22:27:34.296 19757 19808 D cellinfo: 46 bytes from 44.241.174.93: icmp_seq=17538 ttl=26 time=67.4 ms
