08-09 22:35:38.918 19757 19757 D cellinfo: onsignalStrengthsChanged: LTE Signal Strength info: rsrp: -73 rsrq: -15 rssi: -51 rssnr: 12
08-09 22:35:38.919 19757 19757 D cellinfo: onsignalStrengthsChanged: 5G-NR Signal Strength info: ssrsrp: -110 ssrsrq: -14 sssinr: 11
08-09 22:35:39.075 19757 19808 D cellinfo: 46 bytes from 44.241.174.93: icmp_seq=19952 ttl=30 time=67.5 ms
08-09 22:35:39.274 19757 19808 D cellinfo: 46 bytes from 44.241.174.93: icmp_seq=19953 ttl=30 time=65.7 ms
08-09 22:35:39.440 19757 19757 D cellinfo: Latitude is 40.7048287
08-09 22:35:39.440 19757 19757 D cellinfo: Longitude is -111.9509287
08-09 22:35:39.440 19757 19757 D cellinfo: Instantaneous GPS information: United States, 2202 3100 S, West Valley City, UT 84119, USA
08-09 22:35:39.440 19757 19757 D cellinfo: getCurrentLocation() result: Location (success): 40.7048287, -111.9509287
08-09 22:35:39.482 19757 19757 D cellinfo: onCellInfoChanged: Operator: T-Mobile UpdateTimestamp: 108542791 CellConnectionStatus: 0
08-09 22:35:39.482 19757 19757 D cellinfo: onCellInfoChanged: LTE Cell Bands: [2] Bandwidth: 15000 Cell ID: 21595403 Physical Cell ID: 410 Tracking Area Code: 11620 EARFCN: 675
08-09 22:35:39.491 19757 19808 D cellinfo: 46 bytes from 44.241.174.93: icmp_seq=19954 ttl=30 time=81.0 ms
08-09 22:35:39.689 19757 19808 D cellinfo: 46 bytes from 44.241.174.93: icmp_seq=19955 ttl=30 time=78.3 ms
08-09 22:35:39.889 19757 19808 D cellinfo: 46 bytes from 44.241.174.93: icmp_seq=19956 ttl=30 time=77.8 ms
08-09 22:35:40.050 19757 19757 D cellinfo: onsignalStrengthsChanged: LTE Signal Strength info: rsrp: -73 rsrq: -15 rssi: -51 rssnr: 12
08-09 22:35:40.050 19757 19757 D cellinfo: onsignalStrengthsChanged: 5G-NR Signal Strength info: ssrsrp: -111 ssrsrq: -14 sssinr: 2
08-09 22:35:40.089 19757 19808 D cellinfo: 46 bytes from 44.241.174.93: icmp_seq=19957 ttl=30 time=77.8 ms
08-09 22:35:40.295 19757 19808 D cellinfo: 46 bytes from 44.241.174.93: icmp_seq=19958 ttl=30 time=83.2 ms
08-09 22:35:40.494 19757 19808 D cellinfo: 46 bytes from 44.241.174.93: icmp_seq=19959 ttl=30 time=81.5 ms
08-09 22:35:40.689 19757 19808 D cellinfo: 46 bytes from 44.241.174.93: icmp_seq=19960 ttl=30 time=75.8 ms
08-09 22:35:40.889 19757 19808 D cellinfo: 46 bytes from 44.241.174.93: icmp_seq=19961 ttl=30 time=75.3 ms
08-09 22:35:41.090 19757 19808 D cellinfo: 46 bytes from 44.241.174.93: icmp_seq=19962 ttl=30 time=75.2 ms
08-09 22:35:41.162 19757 19757 D cellinfo: onsignalStrengthsChanged: LTE Signal Strength info: rsrp: -74 rsrq: -15 rssi: -51 rssnr: 10
08-09 22:35:41.162 19757 19757 D cellinfo: onsignalStrengthsChanged: 5G-NR Signal Strength info: ssrsrp: -111 ssrsrq: -14 sssinr: 2
08-09 22:35:41.290 19757 19808 D cellinfo: 46 bytes from 44.241.174.93: icmp_seq=19963 ttl=30 time=74.8 ms
08-09 22:35:41.500 19757 19808 D cellinfo: 46 bytes from 44.241.174.93: icmp_seq=19964 ttl=30 time=83.7 ms
08-09 22:35:41.694 19757 19808 D cellinfo: 46 bytes from 44.241.174.93: icmp_seq=19965 ttl=30 time=77.2 ms
08-09 22:35:41.895 19757 19808 D cellinfo: 46 bytes from 44.241.174.93: icmp_seq=19966 ttl=30 time=77.7 ms
08-09 22:35:42.094 19757 19808 D cellinfo: 46 bytes from 44.241.174.93: icmp_seq=19967 ttl=30 time=74.8 ms
08-09 22:35:42.290 19757 19808 D cellinfo: 46 bytes from 44.241.174.93: icmp_seq=19968 ttl=30 time=71.1 ms
08-09 22:35:42.489 19757 19808 D cellinfo: 46 bytes from 44.241.174.93: icmp_seq=19969 ttl=30 time=69.3 ms
08-09 22:35:42.691 19757 19808 D cellinfo: 46 bytes from 44.241.174.93: icmp_seq=19970 ttl=30 time=69.4 ms
08-09 22:35:42.751 19757 19757 D cellinfo: Latitude is 40.704866
08-09 22:35:42.752 19757 19757 D cellinfo: Longitude is -111.9509283
08-09 22:35:42.752 19757 19757 D cellinfo: Instantaneous GPS information: United States, 2202 3100 S, West Valley City, UT 84119, USA
08-09 22:35:42.752 19757 19757 D cellinfo: getCurrentLocation() result: Location (success): 40.704866, -111.9509283
08-09 22:35:42.753 19757 19757 D cellinfo: onCellInfoChanged: Operator: T-Mobile UpdateTimestamp: 108545795 CellConnectionStatus: 0
08-09 22:35:42.753 19757 19757 D cellinfo: onCellInfoChanged: LTE Cell Bands: [2] Bandwidth: 15000 Cell ID: 21595403 Physical Cell ID: 410 Tracking Area Code: 11620 EARFCN: 675
08-09 22:35:42.893 19757 19808 D cellinfo: 46 bytes from 44.241.174.93: icmp_seq=19971 ttl=30 time=71.2 ms
08-09 22:35:43.056 19757 19757 D cellinfo: onsignalStrengthsChanged: LTE Signal Strength info: rsrp: -74 rsrq: -15 rssi: -51 rssnr: 10
08-09 22:35:43.056 19757 19757 D cellinfo: onsignalStrengthsChanged: 5G-NR Signal Strength info: ssrsrp: -113 ssrsrq: -16 sssinr: 2147483647
08-09 22:35:43.109 19757 19808 D cellinfo: 46 bytes from 44.241.174.93: icmp_seq=19972 ttl=30 time=86.5 ms
08-09 22:35:43.310 19757 19808 D cellinfo: 46 bytes from 44.241.174.93: icmp_seq=19973 ttl=30 time=86.1 ms
08-09 22:35:43.520 19757 19808 D cellinfo: 46 bytes from 44.241.174.93: icmp_seq=19974 ttl=30 time=95.3 ms
08-09 22:35:43.710 19757 19808 D cellinfo: 46 bytes from 44.241.174.93: icmp_seq=19975 ttl=30 time=85.0 ms
08-09 22:35:43.910 19757 19808 D cellinfo: 46 bytes from 44.241.174.93: icmp_seq=19976 ttl=30 time=84.3 ms
08-09 22:35:44.111 19757 19808 D cellinfo: 46 bytes from 44.241.174.93: icmp_seq=19977 ttl=30 time=84.2 ms
08-09 22:35:44.309 19757 19808 D cellinfo: 46 bytes from 44.241.174.93: icmp_seq=19978 ttl=30 time=81.9 ms
08-09 22:35:44.511 19757 19808 D cellinfo: 46 bytes from 44.241.174.93: icmp_seq=19979 ttl=30 time=83.4 ms
08-09 22:35:44.710 19757 19808 D cellinfo: 46 bytes from 44.241.174.93: icmp_seq=19980 ttl=30 time=81.1 ms
08-09 22:35:44.915 19757 19808 D cellinfo: 46 bytes from 44.241.174.93: icmp_seq=19981 ttl=30 time=85.4 ms
08-09 22:35:45.111 19757 19808 D cellinfo: 46 bytes from 44.241.174.93: icmp_seq=19982 ttl=30 time=81.3 ms
08-09 22:35:45.315 19757 19808 D cellinfo: 46 bytes from 44.241.174.93: icmp_seq=19983 ttl=30 time=84.6 ms
08-09 22:35:45.509 19757 19808 D cellinfo: 46 bytes from 44.241.174.93: icmp_seq=19984 ttl=30 time=76.9 ms
08-09 22:35:45.721 19757 19808 D cellinfo: 46 bytes from 44.241.174.93: icmp_seq=19985 ttl=30 time=87.9 ms
08-09 22:35:45.758 19757 19757 D cellinfo: Latitude is 40.7049232
08-09 22:35:45.758 19757 19757 D cellinfo: Longitude is -111.9509273
08-09 22:35:45.758 19757 19757 D cellinfo: Instantaneous GPS information: United States, 2202 3100 S, West Valley City, UT 84119, USA
08-09 22:35:45.758 19757 19757 D cellinfo: getCurrentLocation() result: Location (success): 40.7049232, -111.9509273
08-09 22:35:45.760 19757 19757 D cellinfo: onCellInfoChanged: Operator: T-Mobile UpdateTimestamp: 108548803 CellConnectionStatus: 0
08-09 22:35:45.760 19757 19757 D cellinfo: onCellInfoChanged: LTE Cell Bands: [2] Bandwidth: 15000 Cell ID: 21595403 Physical Cell ID: 410 Tracking Area Code: 11620 EARFCN: 675
08-09 22:35:45.761 19757 19757 D cellinfo: onsignalStrengthsChanged: LTE Signal Strength info: rsrp: -72 rsrq: -14 rssi: -51 rssnr: 13
08-09 22:35:45.761 19757 19757 D cellinfo: onsignalStrengthsChanged: 5G-NR Signal Strength info: ssrsrp: -113 ssrsrq: -16 sssinr: 2147483647
08-09 22:35:45.909 19757 19808 D cellinfo: 46 bytes from 44.241.174.93: icmp_seq=19986 ttl=30 time=75.9 ms
08-09 22:35:46.055 19757 19757 D cellinfo: onsignalStrengthsChanged: LTE Signal Strength info: rsrp: -72 rsrq: -14 rssi: -51 rssnr: 13
08-09 22:35:46.055 19757 19757 D cellinfo: onsignalStrengthsChanged: 5G-NR Signal Strength info: ssrsrp: -114 ssrsrq: -17 sssinr: 2147483647
08-09 22:35:46.116 19757 19808 D cellinfo: 46 bytes from 44.241.174.93: icmp_seq=19987 ttl=30 time=82.5 ms
08-09 22:35:46.314 19757 19808 D cellinfo: 46 bytes from 44.241.174.93: icmp_seq=19988 ttl=30 time=79.5 ms
08-09 22:35:46.515 19757 19808 D cellinfo: 46 bytes from 44.241.174.93: icmp_seq=19989 ttl=30 time=79.6 ms
08-09 22:35:46.716 19757 19808 D cellinfo: 46 bytes from 44.241.174.93: icmp_seq=19990 ttl=30 time=79.2 ms
08-09 22:35:46.915 19757 19808 D cellinfo: 46 bytes from 44.241.174.93: icmp_seq=19991 ttl=30 time=78.0 ms
08-09 22:35:47.118 19757 19808 D cellinfo: 46 bytes from 44.241.174.93: icmp_seq=19992 ttl=30 time=80.6 ms
08-09 22:35:47.315 19757 19808 D cellinfo: 46 bytes from 44.241.174.93: icmp_seq=19993 ttl=30 time=76.2 ms
08-09 22:35:47.521 19757 19808 D cellinfo: 46 bytes from 44.241.174.93: icmp_seq=19994 ttl=30 time=80.6 ms
08-09 22:35:47.715 19757 19808 D cellinfo: 46 bytes from 44.241.174.93: icmp_seq=19995 ttl=30 time=73.6 ms
08-09 22:35:47.880 19757 19757 D cellinfo: onsignalStrengthsChanged: LTE Signal Strength info: rsrp: -74 rsrq: -16 rssi: -51 rssnr: 12
08-09 22:35:47.880 19757 19757 D cellinfo: onsignalStrengthsChanged: 5G-NR Signal Strength info: ssrsrp: -114 ssrsrq: -17 sssinr: 2147483647
08-09 22:35:47.934 19757 19808 D cellinfo: 46 bytes from 44.241.174.93: icmp_seq=19996 ttl=30 time=90.9 ms
08-09 22:35:48.140 19757 19808 D cellinfo: 46 bytes from 44.241.174.93: icmp_seq=19997 ttl=30 time=97.2 ms
08-09 22:35:48.310 19757 19808 D cellinfo: 46 bytes from 44.241.174.93: icmp_seq=19998 ttl=30 time=66.0 ms
08-09 22:35:48.531 19757 19808 D cellinfo: 46 bytes from 44.241.174.93: icmp_seq=19999 ttl=30 time=86.4 ms
08-09 22:35:48.710 19757 19808 D cellinfo: 46 bytes from 44.241.174.93: icmp_seq=20000 ttl=30 time=64.0 ms
08-09 22:35:48.848 19757 19757 D cellinfo: Latitude is 40.7049453
08-09 22:35:48.849 19757 19757 D cellinfo: Longitude is -111.9509277
08-09 22:35:48.849 19757 19757 D cellinfo: Instantaneous GPS information: United States, 2202 3100 S, West Valley City, UT 84119, USA
08-09 22:35:48.849 19757 19757 D cellinfo: getCurrentLocation() result: Location (success): 40.7049453, -111.9509277
08-09 22:35:48.850 19757 19757 D cellinfo: onCellInfoChanged: Operator: T-Mobile UpdateTimestamp: 108551811 CellConnectionStatus: 0
08-09 22:35:48.850 19757 19757 D cellinfo: onCellInfoChanged: LTE Cell Bands: [2] Bandwidth: 15000 Cell ID: 21595403 Physical Cell ID: 410 Tracking Area Code: 11620 EARFCN: 675
08-09 22:35:48.915 19757 19808 D cellinfo: 46 bytes from 44.241.174.93: icmp_seq=20001 ttl=30 time=67.5 ms
08-09 22:35:49.055 19757 19757 D cellinfo: onsignalStrengthsChanged: LTE Signal Strength info: rsrp: -74 rsrq: -16 rssi: -51 rssnr: 12
08-09 22:35:49.055 19757 19757 D cellinfo: onsignalStrengthsChanged: 5G-NR Signal Strength info: ssrsrp: -115 ssrsrq: -17 sssinr: 2147483647
08-09 22:35:49.130 19757 19808 D cellinfo: 46 bytes from 44.241.174.93: icmp_seq=20002 ttl=30 time=82.2 ms
08-09 22:35:49.328 19757 19808 D cellinfo: 46 bytes from 44.241.174.93: icmp_seq=20003 ttl=30 time=79.6 ms
08-09 22:35:49.534 19757 19808 D cellinfo: 46 bytes from 44.241.174.93: icmp_seq=20004 ttl=30 time=84.5 ms
08-09 22:35:49.734 19757 19808 D cellinfo: 46 bytes from 44.241.174.93: icmp_seq=20005 ttl=30 time=83.0 ms
08-09 22:35:49.950 19757 19808 D cellinfo: 46 bytes from 44.241.174.93: icmp_seq=20006 ttl=30 time=98.6 ms
08-09 22:35:50.140 19757 19808 D cellinfo: 46 bytes from 44.241.174.93: icmp_seq=20007 ttl=30 time=87.5 ms
08-09 22:35:50.337 19757 19808 D cellinfo: 46 bytes from 44.241.174.93: icmp_seq=20008 ttl=30 time=83.9 ms
08-09 22:35:50.530 19757 19808 D cellinfo: 46 bytes from 44.241.174.93: icmp_seq=20009 ttl=30 time=76.4 ms
08-09 22:35:50.738 19757 19808 D cellinfo: 46 bytes from 44.241.174.93: icmp_seq=20010 ttl=30 time=83.6 ms
08-09 22:35:50.940 19757 19808 D cellinfo: 46 bytes from 44.241.174.93: icmp_seq=20011 ttl=30 time=84.6 ms
08-09 22:35:51.140 19757 19808 D cellinfo: 46 bytes from 44.241.174.93: icmp_seq=20012 ttl=30 time=83.1 ms
08-09 22:35:51.329 19757 19808 D cellinfo: 46 bytes from 44.241.174.93: icmp_seq=20013 ttl=30 time=71.5 ms
08-09 22:35:51.528 19757 19808 D cellinfo: 46 bytes from 44.241.174.93: icmp_seq=20014 ttl=30 time=69.8 ms
08-09 22:35:51.729 19757 19808 D cellinfo: 46 bytes from 44.241.174.93: icmp_seq=20015 ttl=30 time=69.7 ms
08-09 22:35:51.765 19757 19757 D cellinfo: Latitude is 40.7049826
08-09 22:35:51.765 19757 19757 D cellinfo: Longitude is -111.9506512
08-09 22:35:51.765 19757 19757 D cellinfo: Instantaneous GPS information: United States, 3074 Decker Lake Dr, West Valley City, UT 84119, USA
08-09 22:35:51.765 19757 19757 D cellinfo: getCurrentLocation() result: Location (success): 40.7049826, -111.9506512
08-09 22:35:51.767 19757 19757 D cellinfo: onCellInfoChanged: Operator: T-Mobile UpdateTimestamp: 108554803 CellConnectionStatus: 0
08-09 22:35:51.767 19757 19757 D cellinfo: onCellInfoChanged: LTE Cell Bands: [2] Bandwidth: 15000 Cell ID: 21595403 Physical Cell ID: 410 Tracking Area Code: 11620 EARFCN: 675
08-09 22:35:51.920 19757 19808 D cellinfo: 46 bytes from 44.241.174.93: icmp_seq=20016 ttl=30 time=59.0 ms
08-09 22:35:52.054 19757 19757 D cellinfo: onsignalStrengthsChanged: LTE Signal Strength info: rsrp: -74 rsrq: -16 rssi: -51 rssnr: 12
08-09 22:35:52.054 19757 19757 D cellinfo: onsignalStrengthsChanged: 5G-NR Signal Strength info: ssrsrp: -112 ssrsrq: -16 sssinr: 2147483647
08-09 22:35:52.130 19757 19808 D cellinfo: 46 bytes from 44.241.174.93: icmp_seq=20017 ttl=30 time=68.5 ms
08-09 22:35:52.338 19757 19808 D cellinfo: 46 bytes from 44.241.174.93: icmp_seq=20018 ttl=30 time=75.9 ms
08-09 22:35:52.551 19757 19808 D cellinfo: 46 bytes from 44.241.174.93: icmp_seq=20019 ttl=30 time=88.2 ms
08-09 22:35:52.749 19757 19808 D cellinfo: 46 bytes from 44.241.174.93: icmp_seq=20020 ttl=30 time=85.8 ms
08-09 22:35:52.948 19757 19808 D cellinfo: 46 bytes from 44.241.174.93: icmp_seq=20021 ttl=30 time=84.3 ms
08-09 22:35:53.135 19757 19808 D cellinfo: 46 bytes from 44.241.174.93: icmp_seq=20022 ttl=30 time=70.0 ms
08-09 22:35:53.350 19757 19808 D cellinfo: 46 bytes from 44.241.174.93: icmp_seq=20023 ttl=30 time=84.9 ms
08-09 22:35:53.561 19757 19808 D cellinfo: 46 bytes from 44.241.174.93: icmp_seq=20024 ttl=30 time=95.0 ms
08-09 22:35:53.751 19757 19808 D cellinfo: 46 bytes from 44.241.174.93: icmp_seq=20025 ttl=30 time=84.4 ms
08-09 22:35:53.949 19757 19808 D cellinfo: 46 bytes from 44.241.174.93: icmp_seq=20026 ttl=30 time=82.1 ms
08-09 22:35:54.151 19757 19808 D cellinfo: 46 bytes from 44.241.174.93: icmp_seq=20027 ttl=30 time=83.7 ms
08-09 22:35:54.352 19757 19808 D cellinfo: 46 bytes from 44.241.174.93: icmp_seq=20028 ttl=30 time=83.3 ms
08-09 22:35:54.561 19757 19808 D cellinfo: 46 bytes from 44.241.174.93: icmp_seq=20029 ttl=30 time=91.1 ms
08-09 22:35:54.742 19757 19808 D cellinfo: 46 bytes from 44.241.174.93: icmp_seq=20030 ttl=30 time=71.5 ms
08-09 22:35:54.796 19757 19757 D cellinfo: Latitude is 40.7050905
08-09 22:35:54.796 19757 19757 D cellinfo: Longitude is -111.9505816
08-09 22:35:54.796 19757 19757 D cellinfo: Instantaneous GPS information: United States, 3074 Decker Lake Dr, West Valley City, UT 84119, USA
08-09 22:35:54.796 19757 19757 D cellinfo: getCurrentLocation() result: Location (success): 40.7050905, -111.9505816
08-09 22:35:54.798 19757 19757 D cellinfo: onCellInfoChanged: Operator: T-Mobile UpdateTimestamp: 108557820 CellConnectionStatus: 0
08-09 22:35:54.798 19757 19757 D cellinfo: onCellInfoChanged: LTE Cell Bands: [2] Bandwidth: 15000 Cell ID: 21595403 Physical Cell ID: 410 Tracking Area Code: 11620 EARFCN: 675
08-09 22:35:54.799 19757 19757 D cellinfo: onsignalStrengthsChanged: LTE Signal Strength info: rsrp: -71 rsrq: -12 rssi: -51 rssnr: 13
08-09 22:35:54.799 19757 19757 D cellinfo: onsignalStrengthsChanged: 5G-NR Signal Strength info: ssrsrp: -112 ssrsrq: -16 sssinr: 2147483647
08-09 22:35:54.940 19757 19808 D cellinfo: 46 bytes from 44.241.174.93: icmp_seq=20031 ttl=30 time=68.4 ms
08-09 22:35:55.054 19757 19757 D cellinfo: onsignalStrengthsChanged: LTE Signal Strength info: rsrp: -71 rsrq: -12 rssi: -51 rssnr: 13
08-09 22:35:55.055 19757 19757 D cellinfo: onsignalStrengthsChanged: 5G-NR Signal Strength info: ssrsrp: -110 ssrsrq: -15 sssinr: -17
08-09 22:35:55.157 19757 19808 D cellinfo: 46 bytes from 44.241.174.93: icmp_seq=20032 ttl=30 time=84.9 ms
08-09 22:35:55.356 19757 19808 D cellinfo: 46 bytes from 44.241.174.93: icmp_seq=20033 ttl=30 time=82.9 ms
08-09 22:35:55.549 19757 19808 D cellinfo: 46 bytes from 44.241.174.93: icmp_seq=20034 ttl=30 time=76.4 ms
08-09 22:35:55.755 19757 19808 D cellinfo: 46 bytes from 44.241.174.93: icmp_seq=20035 ttl=30 time=81.2 ms
08-09 22:35:55.949 19757 19808 D cellinfo: 46 bytes from 44.241.174.93: icmp_seq=20036 ttl=30 time=73.6 ms
08-09 22:35:56.149 19757 19808 D cellinfo: 46 bytes from 44.241.174.93: icmp_seq=20037 ttl=30 time=72.8 ms
08-09 22:35:56.348 19757 19808 D cellinfo: 46 bytes from 44.241.174.93: icmp_seq=20038 ttl=30 time=71.6 ms
08-09 22:35:56.550 19757 19808 D cellinfo: 46 bytes from 44.241.174.93: icmp_seq=20039 ttl=30 time=71.8 ms
08-09 22:35:56.750 19757 19808 D cellinfo: 46 bytes from 44.241.174.93: icmp_seq=20040 ttl=30 time=71.3 ms
08-09 22:35:56.841 19757 19757 D cellinfo: onsignalStrengthsChanged: LTE Signal Strength info: rsrp: -76 rsrq: -14 rssi: -51 rssnr: 13
08-09 22:35:56.841 19757 19757 D cellinfo: onsignalStrengthsChanged: 5G-NR Signal Strength info: ssrsrp: -110 ssrsrq: -15 sssinr: -17
08-09 22:35:56.955 19757 19808 D cellinfo: 46 bytes from 44.241.174.93: icmp_seq=20041 ttl=30 time=75.1 ms
08-09 22:35:57.150 19757 19808 D cellinfo: 46 bytes from 44.241.174.93: icmp_seq=20042 ttl=30 time=69.4 ms
08-09 22:35:57.355 19757 19808 D cellinfo: 46 bytes from 44.241.174.93: icmp_seq=20043 ttl=30 time=73.2 ms
08-09 22:35:57.446 19757 19757 D cellinfo: Latitude is 40.7051076
08-09 22:35:57.446 19757 19757 D cellinfo: Longitude is -111.9505803
08-09 22:35:57.446 19757 19757 D cellinfo: Instantaneous GPS information: United States, 3074 Decker Lake Dr, West Valley City, UT 84119, USA
08-09 22:35:57.446 19757 19757 D cellinfo: getCurrentLocation() result: Location (success): 40.7051076, -111.9505803
08-09 22:35:57.486 19757 19757 D cellinfo: onCellInfoChanged: Operator: T-Mobile UpdateTimestamp: 108560793 CellConnectionStatus: 0
08-09 22:35:57.486 19757 19757 D cellinfo: onCellInfoChanged: LTE Cell Bands: [2] Bandwidth: 15000 Cell ID: 21595403 Physical Cell ID: 410 Tracking Area Code: 11620 EARFCN: 675
08-09 22:35:57.550 19757 19808 D cellinfo: 46 bytes from 44.241.174.93: icmp_seq=20044 ttl=30 time=67.8 ms
08-09 22:35:57.751 19757 19808 D cellinfo: 46 bytes from 44.241.174.93: icmp_seq=20045 ttl=30 time=67.9 ms
08-09 22:35:57.974 19757 19808 D cellinfo: 46 bytes from 44.241.174.93: icmp_seq=20046 ttl=30 time=90.3 ms
08-09 22:35:58.052 19757 19757 D cellinfo: onsignalStrengthsChanged: LTE Signal Strength info: rsrp: -76 rsrq: -14 rssi: -51 rssnr: 13
08-09 22:35:58.052 19757 19757 D cellinfo: onsignalStrengthsChanged: 5G-NR Signal Strength info: ssrsrp: -109 ssrsrq: -15 sssinr: 0
08-09 22:35:58.171 19757 19808 D cellinfo: 46 bytes from 44.241.174.93: icmp_seq=20047 ttl=30 time=86.6 ms
08-09 22:35:58.365 19757 19808 D cellinfo: 46 bytes from 44.241.174.93: icmp_seq=20048 ttl=30 time=79.4 ms
08-09 22:35:58.582 19757 19808 D cellinfo: 46 bytes from 44.241.174.93: icmp_seq=20049 ttl=30 time=96.2 ms
08-09 22:35:58.775 19757 19808 D cellinfo: 46 bytes from 44.241.174.93: icmp_seq=20050 ttl=30 time=88.5 ms
08-09 22:35:58.966 19757 19808 D cellinfo: 46 bytes from 44.241.174.93: icmp_seq=20051 ttl=30 time=77.9 ms
08-09 22:35:59.081 19757 19757 D cellinfo: onsignalStrengthsChanged: LTE Signal Strength info: rsrp: -74 rsrq: -12 rssi: -51 rssnr: 11
08-09 22:35:59.081 19757 19757 D cellinfo: onsignalStrengthsChanged: 5G-NR Signal Strength info: ssrsrp: -109 ssrsrq: -15 sssinr: 0
08-09 22:35:59.169 19757 19808 D cellinfo: 46 bytes from 44.241.174.93: icmp_seq=20052 ttl=30 time=81.0 ms
08-09 22:35:59.370 19757 19808 D cellinfo: 46 bytes from 44.241.174.93: icmp_seq=20053 ttl=30 time=81.5 ms
08-09 22:35:59.585 19757 19808 D cellinfo: 46 bytes from 44.241.174.93: icmp_seq=20054 ttl=30 time=95.2 ms
08-09 22:35:59.764 19757 19808 D cellinfo: 46 bytes from 44.241.174.93: icmp_seq=20055 ttl=30 time=73.8 ms
08-09 22:35:59.972 19757 19808 D cellinfo: 46 bytes from 44.241.174.93: icmp_seq=20056 ttl=30 time=81.8 ms
08-09 22:36:00.170 19757 19808 D cellinfo: 46 bytes from 44.241.174.93: icmp_seq=20057 ttl=30 time=78.9 ms
08-09 22:36:00.364 19757 19808 D cellinfo: 46 bytes from 44.241.174.93: icmp_seq=20058 ttl=30 time=72.8 ms
08-09 22:36:00.573 19757 19808 D cellinfo: 46 bytes from 44.241.174.93: icmp_seq=20059 ttl=30 time=81.7 ms
08-09 22:36:00.754 19757 19808 D cellinfo: 46 bytes from 44.241.174.93: icmp_seq=20060 ttl=30 time=61.3 ms
08-09 22:36:00.755 19757 19757 D cellinfo: Latitude is 40.7051528
08-09 22:36:00.755 19757 19757 D cellinfo: Longitude is -111.9507415
08-09 22:36:00.755 19757 19757 D cellinfo: Instantaneous GPS information: United States, 3074 Decker Lake Dr, West Valley City, UT 84119, USA
08-09 22:36:00.755 19757 19757 D cellinfo: getCurrentLocation() result: Location (success): 40.7051528, -111.9507415
08-09 22:36:00.757 19757 19757 D cellinfo: onCellInfoChanged: Operator: T-Mobile UpdateTimestamp: 108563795 CellConnectionStatus: 0
08-09 22:36:00.757 19757 19757 D cellinfo: onCellInfoChanged: LTE Cell Bands: [2] Bandwidth: 15000 Cell ID: 21595403 Physical Cell ID: 410 Tracking Area Code: 11620 EARFCN: 675
08-09 22:36:00.961 19757 19808 D cellinfo: 46 bytes from 44.241.174.93: icmp_seq=20061 ttl=30 time=66.7 ms
08-09 22:36:01.054 19757 19757 D cellinfo: onsignalStrengthsChanged: LTE Signal Strength info: rsrp: -74 rsrq: -12 rssi: -51 rssnr: 11
08-09 22:36:01.054 19757 19757 D cellinfo: onsignalStrengthsChanged: 5G-NR Signal Strength info: ssrsrp: -111 ssrsrq: -16 sssinr: -21
08-09 22:36:01.169 19757 19808 D cellinfo: 46 bytes from 44.241.174.93: icmp_seq=20062 ttl=30 time=74.2 ms
08-09 22:36:01.371 19757 19808 D cellinfo: 46 bytes from 44.241.174.93: icmp_seq=20063 ttl=30 time=74.7 ms
08-09 22:36:01.570 19757 19808 D cellinfo: 46 bytes from 44.241.174.93: icmp_seq=20064 ttl=30 time=72.6 ms
08-09 22:36:01.769 19757 19808 D cellinfo: 46 bytes from 44.241.174.93: icmp_seq=20065 ttl=30 time=69.7 ms
08-09 22:36:01.969 19757 19808 D cellinfo: 46 bytes from 44.241.174.93: icmp_seq=20066 ttl=30 time=70.2 ms
08-09 22:36:02.169 19757 19808 D cellinfo: 46 bytes from 44.241.174.93: icmp_seq=20067 ttl=30 time=68.8 ms
08-09 22:36:02.373 19757 19808 D cellinfo: 46 bytes from 44.241.174.93: icmp_seq=20068 ttl=30 time=73.1 ms
08-09 22:36:02.569 19757 19808 D cellinfo: 46 bytes from 44.241.174.93: icmp_seq=20069 ttl=30 time=68.1 ms
08-09 22:36:02.769 19757 19808 D cellinfo: 46 bytes from 44.241.174.93: icmp_seq=20070 ttl=30 time=67.6 ms
08-09 22:36:02.984 19757 19808 D cellinfo: 46 bytes from 44.241.174.93: icmp_seq=20071 ttl=30 time=81.9 ms
08-09 22:36:03.189 19757 19808 D cellinfo: 46 bytes from 44.241.174.93: icmp_seq=20072 ttl=30 time=86.0 ms
08-09 22:36:03.410 19757 19808 D cellinfo: 46 bytes from 44.241.174.93: icmp_seq=20073 ttl=30 time=106 ms
08-09 22:36:03.570 19757 19808 D cellinfo: 46 bytes from 44.241.174.93: icmp_seq=20074 ttl=30 time=65.8 ms
08-09 22:36:03.707 19757 19757 D cellinfo: Latitude is 40.7050895
08-09 22:36:03.707 19757 19757 D cellinfo: Longitude is -111.9507674
08-09 22:36:03.707 19757 19757 D cellinfo: Instantaneous GPS information: United States, 3074 Decker Lake Dr, West Valley City, UT 84119, USA
08-09 22:36:03.707 19757 19757 D cellinfo: getCurrentLocation() result: Location (success): 40.7050895, -111.9507674
08-09 22:36:03.709 19757 19757 D cellinfo: onCellInfoChanged: Operator: T-Mobile UpdateTimestamp: 108566801 CellConnectionStatus: 0
08-09 22:36:03.709 19757 19757 D cellinfo: onCellInfoChanged: LTE Cell Bands: [2] Bandwidth: 15000 Cell ID: 21595403 Physical Cell ID: 410 Tracking Area Code: 11620 EARFCN: 675
08-09 22:36:03.709 19757 19757 D cellinfo: onsignalStrengthsChanged: LTE Signal Strength info: rsrp: -69 rsrq: -14 rssi: -51 rssnr: 18
08-09 22:36:03.709 19757 19757 D cellinfo: onsignalStrengthsChanged: 5G-NR Signal Strength info: ssrsrp: -111 ssrsrq: -16 sssinr: -21
08-09 22:36:03.772 19757 19808 D cellinfo: 46 bytes from 44.241.174.93: icmp_seq=20075 ttl=30 time=66.2 ms
08-09 22:36:03.989 19757 19808 D cellinfo: 46 bytes from 44.241.174.93: icmp_seq=20076 ttl=30 time=82.5 ms
08-09 22:36:04.055 19757 19757 D cellinfo: onsignalStrengthsChanged: LTE Signal Strength info: rsrp: -69 rsrq: -14 rssi: -51 rssnr: 18
08-09 22:36:04.055 19757 19757 D cellinfo: onsignalStrengthsChanged: 5G-NR Signal Strength info: ssrsrp: -110 ssrsrq: -16 sssinr: 2147483647
08-09 22:36:04.190 19757 19808 D cellinfo: 46 bytes from 44.241.174.93: icmp_seq=20077 ttl=30 time=82.7 ms
08-09 22:36:04.401 19757 19808 D cellinfo: 46 bytes from 44.241.174.93: icmp_seq=20078 ttl=30 time=91.8 ms
08-09 22:36:04.590 19757 19808 D cellinfo: 46 bytes from 44.241.174.93: icmp_seq=20079 ttl=30 time=81.0 ms
08-09 22:36:04.800 19757 19808 D cellinfo: 46 bytes from 44.241.174.93: icmp_seq=20080 ttl=30 time=89.9 ms
08-09 22:36:04.989 19757 19808 D cellinfo: 46 bytes from 44.241.174.93: icmp_seq=20081 ttl=30 time=79.5 ms
08-09 22:36:05.189 19757 19808 D cellinfo: 46 bytes from 44.241.174.93: icmp_seq=20082 ttl=30 time=78.1 ms
08-09 22:36:05.389 19757 19808 D cellinfo: 46 bytes from 44.241.174.93: icmp_seq=20083 ttl=30 time=77.6 ms
08-09 22:36:05.589 19757 19808 D cellinfo: 46 bytes from 44.241.174.93: icmp_seq=20084 ttl=30 time=76.3 ms
08-09 22:36:05.789 19757 19808 D cellinfo: 46 bytes from 44.241.174.93: icmp_seq=20085 ttl=30 time=75.7 ms
08-09 22:36:05.798 19757 19757 D cellinfo: onsignalStrengthsChanged: LTE Signal Strength info: rsrp: -68 rsrq: -12 rssi: -51 rssnr: 21
08-09 22:36:05.798 19757 19757 D cellinfo: onsignalStrengthsChanged: 5G-NR Signal Strength info: ssrsrp: -110 ssrsrq: -16 sssinr: 2147483647
08-09 22:36:05.985 19757 19808 D cellinfo: 46 bytes from 44.241.174.93: icmp_seq=20086 ttl=30 time=70.2 ms
08-09 22:36:06.179 19757 19808 D cellinfo: 46 bytes from 44.241.174.93: icmp_seq=20087 ttl=30 time=64.3 ms
08-09 22:36:06.388 19757 19808 D cellinfo: 46 bytes from 44.241.174.93: icmp_seq=20088 ttl=30 time=72.4 ms
08-09 22:36:06.579 19757 19808 D cellinfo: 46 bytes from 44.241.174.93: icmp_seq=20089 ttl=30 time=61.9 ms
08-09 22:36:06.750 19757 19757 D cellinfo: Latitude is 40.705328
08-09 22:36:06.750 19757 19757 D cellinfo: Longitude is -111.9508977
08-09 22:36:06.750 19757 19757 D cellinfo: Instantaneous GPS information: United States, 3074 Decker Lake Dr, West Valley City, UT 84119, USA
08-09 22:36:06.750 19757 19757 D cellinfo: getCurrentLocation() result: Location (success): 40.705328, -111.9508977
08-09 22:36:06.752 19757 19757 D cellinfo: onCellInfoChanged: Operator: T-Mobile UpdateTimestamp: 108569793 CellConnectionStatus: 0
08-09 22:36:06.752 19757 19757 D cellinfo: onCellInfoChanged: LTE Cell Bands: [2] Bandwidth: 15000 Cell ID: 21595403 Physical Cell ID: 410 Tracking Area Code: 11620 EARFCN: 675
08-09 22:36:06.779 19757 19808 D cellinfo: 46 bytes from 44.241.174.93: icmp_seq=20090 ttl=30 time=60.7 ms
08-09 22:36:06.994 19757 19808 D cellinfo: 46 bytes from 44.241.174.93: icmp_seq=20091 ttl=30 time=74.5 ms
08-09 22:36:07.054 19757 19757 D cellinfo: onsignalStrengthsChanged: LTE Signal Strength info: rsrp: -68 rsrq: -12 rssi: -51 rssnr: 21
08-09 22:36:07.055 19757 19757 D cellinfo: onsignalStrengthsChanged: 5G-NR Signal Strength info: ssrsrp: -110 ssrsrq: -16 sssinr: -16
08-09 22:36:07.190 19757 19808 D cellinfo: 46 bytes from 44.241.174.93: icmp_seq=20092 ttl=30 time=69.7 ms
08-09 22:36:07.394 19757 19808 D cellinfo: 46 bytes from 44.241.174.93: icmp_seq=20093 ttl=30 time=73.3 ms
08-09 22:36:07.589 19757 19808 D cellinfo: 46 bytes from 44.241.174.93: icmp_seq=20094 ttl=30 time=67.4 ms
08-09 22:36:07.814 19757 19808 D cellinfo: 46 bytes from 44.241.174.93: icmp_seq=20095 ttl=30 time=91.4 ms
08-09 22:36:08.017 19757 19808 D cellinfo: 46 bytes from 44.241.174.93: icmp_seq=20096 ttl=30 time=92.4 ms
08-09 22:36:08.041 19757 19757 D cellinfo: onsignalStrengthsChanged: LTE Signal Strength info: rsrp: -74 rsrq: -14 rssi: -51 rssnr: 14
08-09 22:36:08.041 19757 19757 D cellinfo: onsignalStrengthsChanged: 5G-NR Signal Strength info: ssrsrp: -110 ssrsrq: -16 sssinr: -16
08-09 22:36:08.210 19757 19808 D cellinfo: 46 bytes from 44.241.174.93: icmp_seq=20097 ttl=30 time=85.3 ms
08-09 22:36:08.409 19757 19808 D cellinfo: 46 bytes from 44.241.174.93: icmp_seq=20098 ttl=30 time=83.3 ms
08-09 22:36:08.610 19757 19808 D cellinfo: 46 bytes from 44.241.174.93: icmp_seq=20099 ttl=30 time=83.5 ms
08-09 22:36:08.808 19757 19808 D cellinfo: 46 bytes from 44.241.174.93: icmp_seq=20100 ttl=30 time=81.0 ms
08-09 22:36:09.010 19757 19808 D cellinfo: 46 bytes from 44.241.174.93: icmp_seq=20101 ttl=30 time=82.1 ms
08-09 22:36:09.210 19757 19808 D cellinfo: 46 bytes from 44.241.174.93: icmp_seq=20102 ttl=30 time=82.9 ms
08-09 22:36:09.410 19757 19808 D cellinfo: 46 bytes from 44.241.174.93: icmp_seq=20103 ttl=30 time=81.4 ms
08-09 22:36:09.598 19757 19808 D cellinfo: 46 bytes from 44.241.174.93: icmp_seq=20104 ttl=30 time=68.3 ms
08-09 22:36:09.771 19757 19757 D cellinfo: Latitude is 40.7058644
08-09 22:36:09.771 19757 19757 D cellinfo: Longitude is -111.9511376
08-09 22:36:09.771 19757 19757 D cellinfo: Instantaneous GPS information: United States, 2964 S Tundra Ln, West Valley City, UT 84119, USA
08-09 22:36:09.771 19757 19757 D cellinfo: getCurrentLocation() result: Location (success): 40.7058644, -111.9511376
08-09 22:36:09.773 19757 19757 D cellinfo: onCellInfoChanged: Operator: T-Mobile UpdateTimestamp: 108572792 CellConnectionStatus: 0
08-09 22:36:09.773 19757 19757 D cellinfo: onCellInfoChanged: LTE Cell Bands: [2] Bandwidth: 15000 Cell ID: 21595403 Physical Cell ID: 410 Tracking Area Code: 11620 EARFCN: 675
08-09 22:36:09.797 19757 19808 D cellinfo: 46 bytes from 44.241.174.93: icmp_seq=20105 ttl=30 time=66.4 ms
08-09 22:36:10.009 19757 19808 D cellinfo: 46 bytes from 44.241.174.93: icmp_seq=20106 ttl=30 time=77.0 ms
08-09 22:36:10.062 19757 19757 D cellinfo: onsignalStrengthsChanged: LTE Signal Strength info: rsrp: -74 rsrq: -14 rssi: -51 rssnr: 14
08-09 22:36:10.062 19757 19757 D cellinfo: onsignalStrengthsChanged: 5G-NR Signal Strength info: ssrsrp: -111 ssrsrq: -17 sssinr: 2147483647
08-09 22:36:10.209 19757 19808 D cellinfo: 46 bytes from 44.241.174.93: icmp_seq=20107 ttl=30 time=78.1 ms
08-09 22:36:10.409 19757 19808 D cellinfo: 46 bytes from 44.241.174.93: icmp_seq=20108 ttl=30 time=77.1 ms
08-09 22:36:10.610 19757 19808 D cellinfo: 46 bytes from 44.241.174.93: icmp_seq=20109 ttl=30 time=77.3 ms
08-09 22:36:10.800 19757 19808 D cellinfo: 46 bytes from 44.241.174.93: icmp_seq=20110 ttl=30 time=66.1 ms
08-09 22:36:11.010 19757 19808 D cellinfo: 46 bytes from 44.241.174.93: icmp_seq=20111 ttl=30 time=75.6 ms
08-09 22:36:11.210 19757 19808 D cellinfo: 46 bytes from 44.241.174.93: icmp_seq=20112 ttl=30 time=75.5 ms
08-09 22:36:11.413 19757 19808 D cellinfo: 46 bytes from 44.241.174.93: icmp_seq=20113 ttl=30 time=77.6 ms
08-09 22:36:11.619 19757 19808 D cellinfo: 46 bytes from 44.241.174.93: icmp_seq=20114 ttl=30 time=83.0 ms
08-09 22:36:11.818 19757 19808 D cellinfo: 46 bytes from 44.241.174.93: icmp_seq=20115 ttl=30 time=81.6 ms
08-09 22:36:12.015 19757 19808 D cellinfo: 46 bytes from 44.241.174.93: icmp_seq=20116 ttl=30 time=76.5 ms
08-09 22:36:12.213 19757 19808 D cellinfo: 46 bytes from 44.241.174.93: icmp_seq=20117 ttl=30 time=74.8 ms
08-09 22:36:12.410 19757 19808 D cellinfo: 46 bytes from 44.241.174.93: icmp_seq=20118 ttl=30 time=72.0 ms
08-09 22:36:12.605 19757 19808 D cellinfo: 46 bytes from 44.241.174.93: icmp_seq=20119 ttl=30 time=66.0 ms
08-09 22:36:12.817 19757 19808 D cellinfo: 46 bytes from 44.241.174.93: icmp_seq=20120 ttl=30 time=76.5 ms
08-09 22:36:12.822 19757 19757 D cellinfo: Latitude is 40.705154
08-09 22:36:12.822 19757 19757 D cellinfo: Longitude is -111.9505362
08-09 22:36:12.822 19757 19757 D cellinfo: Instantaneous GPS information: United States, 3074 Decker Lake Dr, West Valley City, UT 84119, USA
08-09 22:36:12.822 19757 19757 D cellinfo: getCurrentLocation() result: Location (success): 40.705154, -111.9505362
08-09 22:36:12.823 19757 19757 D cellinfo: onCellInfoChanged: Operator: T-Mobile UpdateTimestamp: 108575821 CellConnectionStatus: 0
08-09 22:36:12.823 19757 19757 D cellinfo: onCellInfoChanged: LTE Cell Bands: [2] Bandwidth: 15000 Cell ID: 21595403 Physical Cell ID: 410 Tracking Area Code: 11620 EARFCN: 675
08-09 22:36:12.824 19757 19757 D cellinfo: onsignalStrengthsChanged: LTE Signal Strength info: rsrp: -75 rsrq: -15 rssi: -51 rssnr: 16
08-09 22:36:12.824 19757 19757 D cellinfo: onsignalStrengthsChanged: 5G-NR Signal Strength info: ssrsrp: -111 ssrsrq: -17 sssinr: 2147483647
08-09 22:36:13.005 19757 19808 D cellinfo: 46 bytes from 44.241.174.93: icmp_seq=20121 ttl=30 time=63.9 ms
08-09 22:36:13.057 19757 19757 D cellinfo: onsignalStrengthsChanged: LTE Signal Strength info: rsrp: -75 rsrq: -15 rssi: -51 rssnr: 16
08-09 22:36:13.057 19757 19757 D cellinfo: onsignalStrengthsChanged: 5G-NR Signal Strength info: ssrsrp: -111 ssrsrq: -18 sssinr: 2147483647
08-09 22:36:13.215 19757 19808 D cellinfo: 46 bytes from 44.241.174.93: icmp_seq=20122 ttl=30 time=74.6 ms
08-09 22:36:13.414 19757 19808 D cellinfo: 46 bytes from 44.241.174.93: icmp_seq=20123 ttl=30 time=72.5 ms
08-09 22:36:13.610 19757 19808 D cellinfo: 46 bytes from 44.241.174.93: icmp_seq=20124 ttl=30 time=67.9 ms
08-09 22:36:13.840 19757 19808 D cellinfo: 46 bytes from 44.241.174.93: icmp_seq=20125 ttl=30 time=97.3 ms
08-09 22:36:14.031 19757 19808 D cellinfo: 46 bytes from 44.241.174.93: icmp_seq=20126 ttl=30 time=87.4 ms
08-09 22:36:14.238 19757 19808 D cellinfo: 46 bytes from 44.241.174.93: icmp_seq=20127 ttl=30 time=94.3 ms
08-09 22:36:14.404 19757 19808 D cellinfo: 46 bytes from 44.241.174.93: icmp_seq=20128 ttl=30 time=59.6 ms
08-09 22:36:14.638 19757 19808 D cellinfo: 46 bytes from 44.241.174.93: icmp_seq=20129 ttl=30 time=93.0 ms
08-09 22:36:14.761 19757 19757 D cellinfo: onsignalStrengthsChanged: LTE Signal Strength info: rsrp: -76 rsrq: -14 rssi: -51 rssnr: 16
08-09 22:36:14.761 19757 19757 D cellinfo: onsignalStrengthsChanged: 5G-NR Signal Strength info: ssrsrp: -111 ssrsrq: -18 sssinr: 2147483647
08-09 22:36:14.815 19757 19808 D cellinfo: 46 bytes from 44.241.174.93: icmp_seq=20130 ttl=30 time=68.9 ms
08-09 22:36:15.038 19757 19808 D cellinfo: 46 bytes from 44.241.174.93: icmp_seq=20131 ttl=30 time=91.9 ms
08-09 22:36:15.300 19757 19808 D cellinfo: 46 bytes from 44.241.174.93: icmp_seq=20132 ttl=30 time=154 ms
08-09 22:36:15.460 19757 19808 D cellinfo: 46 bytes from 44.241.174.93: icmp_seq=20133 ttl=30 time=112 ms
08-09 22:36:15.653 19757 19808 D cellinfo: 46 bytes from 44.241.174.93: icmp_seq=20134 ttl=30 time=105 ms
08-09 22:36:15.829 19757 19808 D cellinfo: 46 bytes from 44.241.174.93: icmp_seq=20135 ttl=30 time=79.6 ms
08-09 22:36:16.090 19757 19808 D cellinfo: 46 bytes from 44.241.174.93: icmp_seq=20136 ttl=30 time=139 ms
08-09 22:36:16.098 19757 19757 D cellinfo: Latitude is 40.7051022
08-09 22:36:16.098 19757 19757 D cellinfo: Longitude is -111.950459
08-09 22:36:16.098 19757 19757 D cellinfo: Instantaneous GPS information: United States, 3074 Decker Lake Dr, West Valley City, UT 84119, USA
08-09 22:36:16.098 19757 19757 D cellinfo: getCurrentLocation() result: Location (success): 40.7051022, -111.950459
08-09 22:36:16.100 19757 19757 D cellinfo: onCellInfoChanged: Operator: T-Mobile UpdateTimestamp: 108578800 CellConnectionStatus: 0
08-09 22:36:16.100 19757 19757 D cellinfo: onCellInfoChanged: LTE Cell Bands: [2] Bandwidth: 15000 Cell ID: 21595403 Physical Cell ID: 410 Tracking Area Code: 11620 EARFCN: 675
08-09 22:36:16.100 19757 19757 D cellinfo: onsignalStrengthsChanged: LTE Signal Strength info: rsrp: -76 rsrq: -14 rssi: -51 rssnr: 16
08-09 22:36:16.100 19757 19757 D cellinfo: onsignalStrengthsChanged: 5G-NR Signal Strength info: ssrsrp: -109 ssrsrq: -17 sssinr: 2147483647
08-09 22:36:16.277 19757 19808 D cellinfo: 46 bytes from 44.241.174.93: icmp_seq=20137 ttl=30 time=125 ms
08-09 22:36:16.420 19757 19808 D cellinfo: 46 bytes from 44.241.174.93: icmp_seq=20138 ttl=30 time=68.2 ms
08-09 22:36:16.753 19757 19808 D cellinfo: 46 bytes from 44.241.174.93: icmp_seq=20139 ttl=30 time=200 ms
08-09 22:36:16.829 19757 19808 D cellinfo: 46 bytes from 44.241.174.93: icmp_seq=20140 ttl=30 time=76.3 ms
08-09 22:36:17.000 19757 19757 D cellinfo: onsignalStrengthsChanged: LTE Signal Strength info: rsrp: -87 rsrq: -15 rssi: -55 rssnr: 6
08-09 22:36:17.000 19757 19757 D cellinfo: onsignalStrengthsChanged: 5G-NR Signal Strength info: ssrsrp: -109 ssrsrq: -17 sssinr: 2147483647
08-09 22:36:17.030 19757 19808 D cellinfo: 46 bytes from 44.241.174.93: icmp_seq=20141 ttl=30 time=76.2 ms
08-09 22:36:17.235 19757 19808 D cellinfo: 46 bytes from 44.241.174.93: icmp_seq=20142 ttl=30 time=81.3 ms
08-09 22:36:17.435 19757 19808 D cellinfo: 46 bytes from 44.241.174.93: icmp_seq=20143 ttl=30 time=80.4 ms
08-09 22:36:17.633 19757 19808 D cellinfo: 46 bytes from 44.241.174.93: icmp_seq=20144 ttl=30 time=77.9 ms
08-09 22:36:17.830 19757 19808 D cellinfo: 46 bytes from 44.241.174.93: icmp_seq=20145 ttl=30 time=74.3 ms
08-09 22:36:18.139 19757 19808 D cellinfo: 46 bytes from 44.241.174.93: icmp_seq=20146 ttl=30 time=182 ms
08-09 22:36:18.234 19757 19808 D cellinfo: 46 bytes from 44.241.174.93: icmp_seq=20147 ttl=30 time=77.9 ms
08-09 22:36:18.459 19757 19808 D cellinfo: 46 bytes from 44.241.174.93: icmp_seq=20148 ttl=30 time=102 ms
08-09 22:36:18.486 19757 19757 D cellinfo: onCellInfoChanged: Operator: T-Mobile UpdateTimestamp: 108581796 CellConnectionStatus: 0
08-09 22:36:18.486 19757 19757 D cellinfo: onCellInfoChanged: LTE Cell Bands: [2] Bandwidth: 15000 Cell ID: 21595403 Physical Cell ID: 410 Tracking Area Code: 11620 EARFCN: 675
08-09 22:36:18.780 19757 19808 D cellinfo: 46 bytes from 44.241.174.93: icmp_seq=20149 ttl=30 time=223 ms
08-09 22:36:18.841 19757 19808 D cellinfo: 46 bytes from 44.241.174.93: icmp_seq=20150 ttl=30 time=82.2 ms
08-09 22:36:19.054 19757 19757 D cellinfo: onsignalStrengthsChanged: LTE Signal Strength info: rsrp: -87 rsrq: -15 rssi: -55 rssnr: 6
08-09 22:36:19.055 19757 19757 D cellinfo: onsignalStrengthsChanged: 5G-NR Signal Strength info: ssrsrp: -108 ssrsrq: -17 sssinr: 2147483647
08-09 22:36:19.099 19757 19808 D cellinfo: 46 bytes from 44.241.174.93: icmp_seq=20151 ttl=30 time=139 ms
08-09 22:36:19.233 19757 19808 D cellinfo: 46 bytes from 44.241.174.93: icmp_seq=20152 ttl=30 time=72.9 ms
08-09 22:36:19.431 19757 19808 D cellinfo: 46 bytes from 44.241.174.93: icmp_seq=20153 ttl=30 time=70.5 ms
08-09 22:36:19.465 19757 19757 D cellinfo: Latitude is 40.7050433
08-09 22:36:19.465 19757 19757 D cellinfo: Longitude is -111.9505132
08-09 22:36:19.465 19757 19757 D cellinfo: Instantaneous GPS information: United States, 3074 Decker Lake Dr, West Valley City, UT 84119, USA
08-09 22:36:19.465 19757 19757 D cellinfo: getCurrentLocation() result: Location (success): 40.7050433, -111.9505132
08-09 22:36:19.628 19757 19808 D cellinfo: 46 bytes from 44.241.174.93: icmp_seq=20154 ttl=30 time=66.2 ms
08-09 22:36:19.850 19757 19808 D cellinfo: 46 bytes from 44.241.174.93: icmp_seq=20155 ttl=30 time=87.1 ms
08-09 22:36:20.059 19757 19808 D cellinfo: 46 bytes from 44.241.174.93: icmp_seq=20156 ttl=30 time=96.3 ms
08-09 22:36:20.379 19757 19808 D cellinfo: 46 bytes from 44.241.174.93: icmp_seq=20157 ttl=30 time=215 ms
08-09 22:36:20.447 19757 19808 D cellinfo: 46 bytes from 44.241.174.93: icmp_seq=20158 ttl=30 time=81.5 ms
08-09 22:36:20.699 19757 19808 D cellinfo: 46 bytes from 44.241.174.93: icmp_seq=20159 ttl=30 time=132 ms
08-09 22:36:20.859 19757 19808 D cellinfo: 46 bytes from 44.241.174.93: icmp_seq=20160 ttl=30 time=91.5 ms
08-09 22:36:21.339 19757 19808 D cellinfo: 46 bytes from 44.241.174.93: icmp_seq=20161 ttl=30 time=370 ms
08-09 22:36:21.339 19757 19808 D cellinfo: 46 bytes from 44.241.174.93: icmp_seq=20162 ttl=30 time=170 ms
08-09 22:36:21.439 19757 19757 D cellinfo: Latitude is 40.7050433
08-09 22:36:21.439 19757 19757 D cellinfo: Longitude is -111.9505132
08-09 22:36:21.439 19757 19757 D cellinfo: Instantaneous GPS information: United States, 3074 Decker Lake Dr, West Valley City, UT 84119, USA
08-09 22:36:21.439 19757 19757 D cellinfo: getCurrentLocation() result: Location (success): 40.7050433, -111.9505132
08-09 22:36:21.449 19757 19808 D cellinfo: 46 bytes from 44.241.174.93: icmp_seq=20163 ttl=30 time=80.2 ms
08-09 22:36:21.475 19757 19757 D cellinfo: onsignalStrengthsChanged: LTE Signal Strength info: rsrp: -89 rsrq: -15 rssi: -57 rssnr: 4
08-09 22:36:21.475 19757 19757 D cellinfo: onsignalStrengthsChanged: 5G-NR Signal Strength info: ssrsrp: -108 ssrsrq: -17 sssinr: 2147483647
08-09 22:36:21.484 19757 19757 D cellinfo: onCellInfoChanged: Operator: T-Mobile UpdateTimestamp: 108584791 CellConnectionStatus: 0
08-09 22:36:21.484 19757 19757 D cellinfo: onCellInfoChanged: LTE Cell Bands: [2] Bandwidth: 15000 Cell ID: 21595403 Physical Cell ID: 410 Tracking Area Code: 11620 EARFCN: 675
08-09 22:36:21.649 19757 19808 D cellinfo: 46 bytes from 44.241.174.93: icmp_seq=20164 ttl=30 time=79.3 ms
08-09 22:36:21.854 19757 19808 D cellinfo: 46 bytes from 44.241.174.93: icmp_seq=20165 ttl=30 time=83.8 ms
08-09 22:36:22.049 19757 19808 D cellinfo: 46 bytes from 44.241.174.93: icmp_seq=20166 ttl=30 time=77.4 ms
08-09 22:36:22.059 19757 19757 D cellinfo: onsignalStrengthsChanged: LTE Signal Strength info: rsrp: -89 rsrq: -15 rssi: -57 rssnr: 4
08-09 22:36:22.059 19757 19757 D cellinfo: onsignalStrengthsChanged: 5G-NR Signal Strength info: ssrsrp: -109 ssrsrq: -17 sssinr: 2147483647
08-09 22:36:22.248 19757 19808 D cellinfo: 46 bytes from 44.241.174.93: icmp_seq=20167 ttl=30 time=77.3 ms
08-09 22:36:22.449 19757 19808 D cellinfo: 46 bytes from 44.241.174.93: icmp_seq=20168 ttl=30 time=77.6 ms
08-09 22:36:22.649 19757 19808 D cellinfo: 46 bytes from 44.241.174.93: icmp_seq=20169 ttl=30 time=75.7 ms
08-09 22:36:22.849 19757 19808 D cellinfo: 46 bytes from 44.241.174.93: icmp_seq=20170 ttl=30 time=75.7 ms
08-09 22:36:23.055 19757 19808 D cellinfo: 46 bytes from 44.241.174.93: icmp_seq=20171 ttl=30 time=80.2 ms
08-09 22:36:23.250 19757 19808 D cellinfo: 46 bytes from 44.241.174.93: icmp_seq=20172 ttl=30 time=76.0 ms
08-09 22:36:23.451 19757 19808 D cellinfo: 46 bytes from 44.241.174.93: icmp_seq=20173 ttl=30 time=76.1 ms
08-09 22:36:23.651 19757 19808 D cellinfo: 46 bytes from 44.241.174.93: icmp_seq=20174 ttl=30 time=76.2 ms
08-09 22:36:23.723 19757 19757 D cellinfo: onsignalStrengthsChanged: LTE Signal Strength info: rsrp: -91 rsrq: -16 rssi: -57 rssnr: 1
08-09 22:36:23.723 19757 19757 D cellinfo: onsignalStrengthsChanged: 5G-NR Signal Strength info: ssrsrp: -109 ssrsrq: -17 sssinr: 2147483647
08-09 22:36:23.850 19757 19808 D cellinfo: 46 bytes from 44.241.174.93: icmp_seq=20175 ttl=30 time=74.5 ms
08-09 22:36:24.049 19757 19808 D cellinfo: 46 bytes from 44.241.174.93: icmp_seq=20176 ttl=30 time=72.1 ms
08-09 22:36:24.257 19757 19808 D cellinfo: 46 bytes from 44.241.174.93: icmp_seq=20177 ttl=30 time=80.9 ms
08-09 22:36:24.456 19757 19808 D cellinfo: 46 bytes from 44.241.174.93: icmp_seq=20178 ttl=30 time=79.6 ms
08-09 22:36:24.644 19757 19808 D cellinfo: 46 bytes from 44.241.174.93: icmp_seq=20179 ttl=30 time=65.4 ms
08-09 22:36:24.774 19757 19757 D cellinfo: Latitude is 40.7050227
08-09 22:36:24.774 19757 19757 D cellinfo: Longitude is -111.9504688
08-09 22:36:24.774 19757 19757 D cellinfo: Instantaneous GPS information: United States, 3074 Decker Lake Dr, West Valley City, UT 84119, USA
08-09 22:36:24.774 19757 19757 D cellinfo: getCurrentLocation() result: Location (success): 40.7050227, -111.9504688
08-09 22:36:24.776 19757 19757 D cellinfo: onCellInfoChanged: Operator: T-Mobile UpdateTimestamp: 108587802 CellConnectionStatus: 0
08-09 22:36:24.776 19757 19757 D cellinfo: onCellInfoChanged: LTE Cell Bands: [2] Bandwidth: 15000 Cell ID: 21595403 Physical Cell ID: 410 Tracking Area Code: 11620 EARFCN: 675
08-09 22:36:24.847 19757 19808 D cellinfo: 46 bytes from 44.241.174.93: icmp_seq=20180 ttl=30 time=68.0 ms
08-09 22:36:25.054 19757 19757 D cellinfo: onsignalStrengthsChanged: LTE Signal Strength info: rsrp: -91 rsrq: -16 rssi: -57 rssnr: 1
08-09 22:36:25.054 19757 19757 D cellinfo: onsignalStrengthsChanged: 5G-NR Signal Strength info: ssrsrp: -108 ssrsrq: -16 sssinr: 2147483647
08-09 22:36:25.055 19757 19808 D cellinfo: 46 bytes from 44.241.174.93: icmp_seq=20181 ttl=30 time=75.1 ms
08-09 22:36:25.284 19757 19808 D cellinfo: 46 bytes from 44.241.174.93: icmp_seq=20182 ttl=30 time=104 ms
08-09 22:36:25.381 19757 19757 D cellinfo: onServiceStateChanged: Channel Number: 675 Cell Bandwidths: [15000]
08-09 22:36:25.421 19757 19757 D cellinfo: onsignalStrengthsChanged: LTE Signal Strength info: rsrp: -91 rsrq: -16 rssi: -57 rssnr: 1
08-09 22:36:25.431 19757 19757 D cellinfo: onServiceStateChanged: Channel Number: 675 Cell Bandwidths: [15000, 20000]
08-09 22:36:25.457 19757 19757 D cellinfo: onServiceStateChanged: Channel Number: 675 Cell Bandwidths: [15000, 20000, 5000]
08-09 22:36:25.480 19757 19757 D cellinfo: onServiceStateChanged: Channel Number: 675 Cell Bandwidths: [15000, 20000, 5000]
08-09 22:36:25.533 19757 19808 D cellinfo: 46 bytes from 44.241.174.93: icmp_seq=20183 ttl=30 time=152 ms
08-09 22:36:25.658 19757 19808 D cellinfo: 46 bytes from 44.241.174.93: icmp_seq=20184 ttl=30 time=76.6 ms
08-09 22:36:25.863 19757 19808 D cellinfo: 46 bytes from 44.241.174.93: icmp_seq=20185 ttl=30 time=80.5 ms
08-09 22:36:25.920 19757 19757 D cellinfo: onsignalStrengthsChanged: LTE Signal Strength info: rsrp: -91 rsrq: -16 rssi: -57 rssnr: 1
08-09 22:36:25.920 19757 19757 D cellinfo: onsignalStrengthsChanged: 5G-NR Signal Strength info: ssrsrp: -108 ssrsrq: -16 sssinr: 2147483647
08-09 22:36:25.944 19757 19757 D cellinfo: onServiceStateChanged: Channel Number: 675 Cell Bandwidths: [15000, 20000, 5000]
08-09 22:36:26.056 19757 19808 D cellinfo: 46 bytes from 44.241.174.93: icmp_seq=20186 ttl=30 time=72.4 ms
08-09 22:36:26.259 19757 19808 D cellinfo: 46 bytes from 44.241.174.93: icmp_seq=20187 ttl=30 time=75.9 ms
08-09 22:36:26.455 19757 19808 D cellinfo: 46 bytes from 44.241.174.93: icmp_seq=20188 ttl=30 time=70.9 ms
08-09 22:36:26.649 19757 19808 D cellinfo: 46 bytes from 44.241.174.93: icmp_seq=20189 ttl=30 time=64.9 ms
08-09 22:36:26.854 19757 19808 D cellinfo: 46 bytes from 44.241.174.93: icmp_seq=20190 ttl=30 time=69.5 ms
08-09 22:36:27.055 19757 19808 D cellinfo: 46 bytes from 44.241.174.93: icmp_seq=20191 ttl=30 time=69.4 ms
08-09 22:36:27.253 19757 19808 D cellinfo: 46 bytes from 44.241.174.93: icmp_seq=20192 ttl=30 time=68.0 ms
08-09 22:36:27.455 19757 19808 D cellinfo: 46 bytes from 44.241.174.93: icmp_seq=20193 ttl=30 time=68.8 ms
08-09 22:36:27.660 19757 19808 D cellinfo: 46 bytes from 44.241.174.93: icmp_seq=20194 ttl=30 time=71.6 ms
08-09 22:36:27.731 19757 19757 D cellinfo: Latitude is 40.7051281
08-09 22:36:27.731 19757 19757 D cellinfo: Longitude is -111.9504541
08-09 22:36:27.731 19757 19757 D cellinfo: Instantaneous GPS information: United States, 3074 Decker Lake Dr, West Valley City, UT 84119, USA
08-09 22:36:27.731 19757 19757 D cellinfo: getCurrentLocation() result: Location (success): 40.7051281, -111.9504541
08-09 22:36:27.733 19757 19757 D cellinfo: onCellInfoChanged: Operator: T-Mobile UpdateTimestamp: 108590787 CellConnectionStatus: 0
08-09 22:36:27.733 19757 19757 D cellinfo: onCellInfoChanged: LTE Cell Bands: [2] Bandwidth: 15000 Cell ID: 21595404 Physical Cell ID: 408 Tracking Area Code: 11620 EARFCN: 675
08-09 22:36:27.854 19757 19808 D cellinfo: 46 bytes from 44.241.174.93: icmp_seq=20195 ttl=30 time=65.4 ms
08-09 22:36:28.074 19757 19808 D cellinfo: 46 bytes from 44.241.174.93: icmp_seq=20196 ttl=30 time=84.0 ms
08-09 22:36:28.273 19757 19808 D cellinfo: 46 bytes from 44.241.174.93: icmp_seq=20197 ttl=30 time=83.7 ms
08-09 22:36:28.470 19757 19757 D cellinfo: onsignalStrengthsChanged: LTE Signal Strength info: rsrp: -81 rsrq: -15 rssi: -51 rssnr: 1
08-09 22:36:28.471 19757 19757 D cellinfo: onsignalStrengthsChanged: 5G-NR Signal Strength info: ssrsrp: -108 ssrsrq: -16 sssinr: 2147483647
08-09 22:36:28.475 19757 19808 D cellinfo: 46 bytes from 44.241.174.93: icmp_seq=20198 ttl=30 time=85.0 ms
08-09 22:36:28.728 19757 19808 D cellinfo: 46 bytes from 44.241.174.93: icmp_seq=20199 ttl=30 time=137 ms
08-09 22:36:28.736 19757 19757 D cellinfo: onServiceStateChanged: Channel Number: 675 Cell Bandwidths: [15000]
08-09 22:36:28.849 19757 19757 D cellinfo: onsignalStrengthsChanged: LTE Signal Strength info: rsrp: -81 rsrq: -15 rssi: -51 rssnr: 1
08-09 22:36:28.863 19757 19757 D cellinfo: onServiceStateChanged: Channel Number: 675 Cell Bandwidths: [15000, 20000]
08-09 22:36:28.868 19757 19808 D cellinfo: 46 bytes from 44.241.174.93: icmp_seq=20200 ttl=30 time=76.8 ms
08-09 22:36:28.886 19757 19757 D cellinfo: onServiceStateChanged: Channel Number: 675 Cell Bandwidths: [15000, 20000, 5000]
08-09 22:36:28.907 19757 19757 D cellinfo: onServiceStateChanged: Channel Number: 675 Cell Bandwidths: [15000]
08-09 22:36:28.977 19757 19808 D cellinfo: 46 bytes from 44.241.174.93: icmp_seq=20200 ttl=30 time=186 ms (DUP!)
08-09 22:36:29.065 19757 19808 D cellinfo: 46 bytes from 44.241.174.93: icmp_seq=20201 ttl=30 time=72.8 ms
08-09 22:36:29.241 19757 19757 D cellinfo: onServiceStateChanged: Channel Number: 675 Cell Bandwidths: [15000, 20000, 5000]
08-09 22:36:29.254 19757 19808 D cellinfo: 46 bytes from 44.241.174.93: icmp_seq=20202 ttl=30 time=62.8 ms
08-09 22:36:29.364 19757 19757 D cellinfo: onsignalStrengthsChanged: LTE Signal Strength info: rsrp: -81 rsrq: -15 rssi: -51 rssnr: 1
08-09 22:36:29.364 19757 19757 D cellinfo: onsignalStrengthsChanged: 5G-NR Signal Strength info: ssrsrp: -108 ssrsrq: -16 sssinr: 2147483647
08-09 22:36:29.383 19757 19757 D cellinfo: onServiceStateChanged: Channel Number: 675 Cell Bandwidths: [15000, 20000, 5000]
08-09 22:36:29.469 19757 19808 D cellinfo: 46 bytes from 44.241.174.93: icmp_seq=20203 ttl=30 time=77.4 ms
08-09 22:36:29.653 19757 19808 D cellinfo: 46 bytes from 44.241.174.93: icmp_seq=20204 ttl=30 time=61.0 ms
