08-09 22:29:13.641 19757 19757 D cellinfo: onsignalStrengthsChanged: LTE Signal Strength info: rsrp: -84 rsrq: -13 rssi: -53 rssnr: 10
08-09 22:29:13.641 19757 19757 D cellinfo: onsignalStrengthsChanged: 5G-NR Signal Strength info: ssrsrp: -100 ssrsrq: -13 sssinr: 2147483647
08-09 22:29:13.670 19757 19808 D cellinfo: 46 bytes from 44.241.174.93: icmp_seq=18033 ttl=26 time=72.0 ms
08-09 22:29:13.871 19757 19808 D cellinfo: 46 bytes from 44.241.174.93: icmp_seq=18034 ttl=26 time=72.5 ms
08-09 22:29:14.070 19757 19808 D cellinfo: 46 bytes from 44.241.174.93: icmp_seq=18035 ttl=26 time=71.1 ms
08-09 22:29:14.271 19757 19808 D cellinfo: 46 bytes from 44.241.174.93: icmp_seq=18036 ttl=26 time=72.1 ms
08-09 22:29:14.469 19757 19808 D cellinfo: 46 bytes from 44.241.174.93: icmp_seq=18037 ttl=26 time=69.6 ms
08-09 22:29:14.669 19757 19808 D cellinfo: 46 bytes from 44.241.174.93: icmp_seq=18038 ttl=26 time=68.6 ms
08-09 22:29:14.870 19757 19808 D cellinfo: 46 bytes from 44.241.174.93: icmp_seq=18039 ttl=26 time=68.1 ms
08-09 22:29:14.914 19757 19757 D cellinfo: onsignalStrengthsChanged: LTE Signal Strength info: rsrp: -84 rsrq: -13 rssi: -53 rssnr: 10
08-09 22:29:14.914 19757 19757 D cellinfo: onsignalStrengthsChanged: 5G-NR Signal Strength info: ssrsrp: -101 ssrsrq: -13 sssinr: 25
08-09 22:29:15.070 19757 19808 D cellinfo: 46 bytes from 44.241.174.93: icmp_seq=18040 ttl=26 time=67.7 ms
08-09 22:29:15.277 19757 19808 D cellinfo: 46 bytes from 44.241.174.93: icmp_seq=18041 ttl=26 time=73.3 ms
08-09 22:29:15.475 19757 19808 D cellinfo: 46 bytes from 44.241.174.93: icmp_seq=18042 ttl=26 time=70.7 ms
08-09 22:29:15.676 19757 19808 D cellinfo: 46 bytes from 44.241.174.93: icmp_seq=18043 ttl=26 time=70.0 ms
08-09 22:29:15.780 19757 19757 D cellinfo: Latitude is 40.6442364
08-09 22:29:15.780 19757 19757 D cellinfo: Longitude is -111.9291412
08-09 22:29:15.780 19757 19757 D cellinfo: Instantaneous GPS information: United States, 1251 W 5840 S, Murray, UT 84123, USA
08-09 22:29:15.780 19757 19757 D cellinfo: getCurrentLocation() result: Location (success): 40.6442364, -111.9291412
08-09 22:29:15.782 19757 19757 D cellinfo: onCellInfoChanged: Operator: T-Mobile UpdateTimestamp: 108158804 CellConnectionStatus: 0
08-09 22:29:15.782 19757 19757 D cellinfo: onCellInfoChanged: LTE Cell Bands: [66] Bandwidth: 20000 Cell ID: 21592322 Physical Cell ID: 372 Tracking Area Code: 11620 EARFCN: 66786
08-09 22:29:15.871 19757 19808 D cellinfo: 46 bytes from 44.241.174.93: icmp_seq=18044 ttl=26 time=64.4 ms
08-09 22:29:16.091 19757 19808 D cellinfo: 46 bytes from 44.241.174.93: icmp_seq=18045 ttl=26 time=84.1 ms
08-09 22:29:16.291 19757 19808 D cellinfo: 46 bytes from 44.241.174.93: icmp_seq=18046 ttl=26 time=83.1 ms
08-09 22:29:16.513 19757 19808 D cellinfo: 46 bytes from 44.241.174.93: icmp_seq=18047 ttl=26 time=104 ms
08-09 22:29:16.705 19757 19808 D cellinfo: 46 bytes from 44.241.174.93: icmp_seq=18048 ttl=26 time=96.4 ms
08-09 22:29:16.895 19757 19808 D cellinfo: 46 bytes from 44.241.174.93: icmp_seq=18049 ttl=26 time=85.1 ms
08-09 22:29:17.091 19757 19808 D cellinfo: 46 bytes from 44.241.174.93: icmp_seq=18050 ttl=26 time=80.2 ms
08-09 22:29:17.290 19757 19808 D cellinfo: 46 bytes from 44.241.174.93: icmp_seq=18051 ttl=26 time=79.2 ms
08-09 22:29:17.500 19757 19808 D cellinfo: 46 bytes from 44.241.174.93: icmp_seq=18052 ttl=26 time=88.5 ms
08-09 22:29:17.917 19757 19757 D cellinfo: onsignalStrengthsChanged: LTE Signal Strength info: rsrp: -84 rsrq: -13 rssi: -53 rssnr: 10
08-09 22:29:17.917 19757 19757 D cellinfo: onsignalStrengthsChanged: 5G-NR Signal Strength info: ssrsrp: -106 ssrsrq: -15 sssinr: 3
08-09 22:29:17.928 19757 19808 D cellinfo: 46 bytes from 44.241.174.93: icmp_seq=18053 ttl=26 time=315 ms
08-09 22:29:17.928 19757 19808 D cellinfo: 46 bytes from 44.241.174.93: icmp_seq=18054 ttl=26 time=112 ms
08-09 22:29:18.122 19757 19757 D cellinfo: onsignalStrengthsChanged: LTE Signal Strength info: rsrp: -84 rsrq: -16 rssi: -51 rssnr: 9
08-09 22:29:18.122 19757 19757 D cellinfo: onsignalStrengthsChanged: 5G-NR Signal Strength info: ssrsrp: -106 ssrsrq: -15 sssinr: 3
08-09 22:29:18.240 19757 19808 D cellinfo: 46 bytes from 44.241.174.93: icmp_seq=18055 ttl=26 time=224 ms
08-09 22:29:18.314 19757 19808 D cellinfo: 46 bytes from 44.241.174.93: icmp_seq=18056 ttl=26 time=94.9 ms
08-09 22:29:18.485 19757 19757 D cellinfo: onCellInfoChanged: Operator: T-Mobile UpdateTimestamp: 108161793 CellConnectionStatus: 0
08-09 22:29:18.485 19757 19757 D cellinfo: onCellInfoChanged: LTE Cell Bands: [66] Bandwidth: 20000 Cell ID: 21592322 Physical Cell ID: 372 Tracking Area Code: 11620 EARFCN: 66786
08-09 22:29:18.560 19757 19808 D cellinfo: 46 bytes from 44.241.174.93: icmp_seq=18057 ttl=26 time=140 ms
08-09 22:29:18.720 19757 19808 D cellinfo: 46 bytes from 44.241.174.93: icmp_seq=18058 ttl=26 time=100 ms
08-09 22:29:19.208 19757 19808 D cellinfo: 46 bytes from 44.241.174.93: icmp_seq=18059 ttl=26 time=387 ms
08-09 22:29:19.208 19757 19808 D cellinfo: 46 bytes from 44.241.174.93: icmp_seq=18060 ttl=26 time=185 ms
08-09 22:29:19.294 19757 19808 D cellinfo: 46 bytes from 44.241.174.93: icmp_seq=18061 ttl=26 time=70.5 ms
08-09 22:29:19.520 19757 19808 D cellinfo: 46 bytes from 44.241.174.93: icmp_seq=18062 ttl=26 time=96.0 ms
08-09 22:29:19.802 19757 19808 D cellinfo: 46 bytes from 44.241.174.93: icmp_seq=18063 ttl=26 time=176 ms
08-09 22:29:19.917 19757 19808 D cellinfo: 46 bytes from 44.241.174.93: icmp_seq=18064 ttl=26 time=89.2 ms
08-09 22:29:20.049 19757 19757 D cellinfo: Latitude is 40.6448016
08-09 22:29:20.049 19757 19757 D cellinfo: Longitude is -111.9332431
08-09 22:29:20.049 19757 19757 D cellinfo: Instantaneous GPS information: United States, 1471 Duck Pond Ln, Taylorsville, UT 84123, USA
08-09 22:29:20.049 19757 19757 D cellinfo: getCurrentLocation() result: Location (success): 40.6448016, -111.9332431
08-09 22:29:20.051 19757 19757 D cellinfo: onsignalStrengthsChanged: LTE Signal Strength info: rsrp: -84 rsrq: -16 rssi: -51 rssnr: 9
08-09 22:29:20.051 19757 19757 D cellinfo: onsignalStrengthsChanged: 5G-NR Signal Strength info: ssrsrp: -108 ssrsrq: -17 sssinr: -18
08-09 22:29:20.126 19757 19808 D cellinfo: 46 bytes from 44.241.174.93: icmp_seq=18065 ttl=26 time=96.8 ms
08-09 22:29:20.321 19757 19808 D cellinfo: 46 bytes from 44.241.174.93: icmp_seq=18066 ttl=26 time=91.6 ms
08-09 22:29:20.365 19757 19757 D cellinfo: onsignalStrengthsChanged: LTE Signal Strength info: rsrp: -85 rsrq: -13 rssi: -51 rssnr: 7
08-09 22:29:20.366 19757 19757 D cellinfo: onsignalStrengthsChanged: 5G-NR Signal Strength info: ssrsrp: -108 ssrsrq: -17 sssinr: -18
08-09 22:29:20.546 19757 19808 D cellinfo: 46 bytes from 44.241.174.93: icmp_seq=18067 ttl=26 time=115 ms
08-09 22:29:20.723 19757 19808 D cellinfo: 46 bytes from 44.241.174.93: icmp_seq=18068 ttl=26 time=90.9 ms
08-09 22:29:20.917 19757 19757 D cellinfo: onsignalStrengthsChanged: LTE Signal Strength info: rsrp: -85 rsrq: -13 rssi: -51 rssnr: 7
08-09 22:29:20.917 19757 19757 D cellinfo: onsignalStrengthsChanged: 5G-NR Signal Strength info: ssrsrp: -108 ssrsrq: -18 sssinr: 2147483647
08-09 22:29:20.942 19757 19808 D cellinfo: 46 bytes from 44.241.174.93: icmp_seq=18069 ttl=26 time=110 ms
08-09 22:29:21.123 19757 19808 D cellinfo: 46 bytes from 44.241.174.93: icmp_seq=18070 ttl=26 time=90.1 ms
08-09 22:29:21.351 19757 19808 D cellinfo: 46 bytes from 44.241.174.93: icmp_seq=18071 ttl=26 time=117 ms
08-09 22:29:21.443 19757 19757 D cellinfo: Latitude is 40.6448016
08-09 22:29:21.443 19757 19757 D cellinfo: Longitude is -111.9332431
08-09 22:29:21.443 19757 19757 D cellinfo: Instantaneous GPS information: United States, 1471 Duck Pond Ln, Taylorsville, UT 84123, USA
08-09 22:29:21.443 19757 19757 D cellinfo: getCurrentLocation() result: Location (success): 40.6448016, -111.9332431
08-09 22:29:21.521 19757 19808 D cellinfo: 46 bytes from 44.241.174.93: icmp_seq=18072 ttl=26 time=87.4 ms
08-09 22:29:21.533 19757 19757 D cellinfo: onCellInfoChanged: Operator: T-Mobile UpdateTimestamp: 108164828 CellConnectionStatus: 0
08-09 22:29:21.533 19757 19757 D cellinfo: onCellInfoChanged: LTE Cell Bands: [66] Bandwidth: 20000 Cell ID: 21592322 Physical Cell ID: 372 Tracking Area Code: 11620 EARFCN: 66786
08-09 22:29:21.741 19757 19808 D cellinfo: 46 bytes from 44.241.174.93: icmp_seq=18073 ttl=26 time=106 ms
08-09 22:29:21.926 19757 19808 D cellinfo: 46 bytes from 44.241.174.93: icmp_seq=18074 ttl=26 time=90.9 ms
08-09 22:29:22.143 19757 19808 D cellinfo: 46 bytes from 44.241.174.93: icmp_seq=18075 ttl=26 time=107 ms
08-09 22:29:22.330 19757 19808 D cellinfo: 46 bytes from 44.241.174.93: icmp_seq=18076 ttl=26 time=93.6 ms
08-09 22:29:22.542 19757 19808 D cellinfo: 46 bytes from 44.241.174.93: icmp_seq=18077 ttl=26 time=104 ms
08-09 22:29:22.602 19757 19757 D cellinfo: onsignalStrengthsChanged: LTE Signal Strength info: rsrp: -78 rsrq: -14 rssi: -51 rssnr: 9
08-09 22:29:22.602 19757 19757 D cellinfo: onsignalStrengthsChanged: 5G-NR Signal Strength info: ssrsrp: -108 ssrsrq: -18 sssinr: 2147483647
08-09 22:29:22.746 19757 19808 D cellinfo: 46 bytes from 44.241.174.93: icmp_seq=18078 ttl=26 time=108 ms
08-09 22:29:22.926 19757 19808 D cellinfo: 46 bytes from 44.241.174.93: icmp_seq=18079 ttl=26 time=88.5 ms
08-09 22:29:23.146 19757 19808 D cellinfo: 46 bytes from 44.241.174.93: icmp_seq=18080 ttl=26 time=107 ms
08-09 22:29:23.337 19757 19808 D cellinfo: 46 bytes from 44.241.174.93: icmp_seq=18081 ttl=26 time=97.6 ms
08-09 22:29:23.541 19757 19808 D cellinfo: 46 bytes from 44.241.174.93: icmp_seq=18082 ttl=26 time=100 ms
08-09 22:29:23.836 19757 19808 D cellinfo: 46 bytes from 44.241.174.93: icmp_seq=18083 ttl=26 time=194 ms
08-09 22:29:23.917 19757 19757 D cellinfo: onsignalStrengthsChanged: LTE Signal Strength info: rsrp: -78 rsrq: -14 rssi: -51 rssnr: 9
08-09 22:29:23.917 19757 19757 D cellinfo: onsignalStrengthsChanged: 5G-NR Signal Strength info: ssrsrp: -107 ssrsrq: -17 sssinr: 2147483647
08-09 22:29:24.122 19757 19808 D cellinfo: 46 bytes from 44.241.174.93: icmp_seq=18084 ttl=26 time=279 ms
08-09 22:29:24.167 19757 19808 D cellinfo: 46 bytes from 44.241.174.93: icmp_seq=18085 ttl=26 time=124 ms
08-09 22:29:24.366 19757 19808 D cellinfo: 46 bytes from 44.241.174.93: icmp_seq=18086 ttl=26 time=123 ms
08-09 22:29:24.581 19757 19808 D cellinfo: 46 bytes from 44.241.174.93: icmp_seq=18087 ttl=26 time=136 ms
08-09 22:29:24.583 19757 19808 D cellinfo: 46 bytes from 44.241.174.93: icmp_seq=18087 ttl=26 time=139 ms (DUP!)
08-09 22:29:24.781 19757 19808 D cellinfo: 46 bytes from 44.241.174.93: icmp_seq=18088 ttl=26 time=134 ms
08-09 22:29:24.996 19757 19808 D cellinfo: 46 bytes from 44.241.174.93: icmp_seq=18089 ttl=26 time=149 ms
08-09 22:29:25.071 19757 19757 D cellinfo: Latitude is 40.644811
08-09 22:29:25.071 19757 19757 D cellinfo: Longitude is -111.9339522
08-09 22:29:25.071 19757 19757 D cellinfo: Instantaneous GPS information: United States, 1493 Duck Pond Ln, Taylorsville, UT 84123, USA
08-09 22:29:25.071 19757 19757 D cellinfo: getCurrentLocation() result: Location (success): 40.644811, -111.9339522
08-09 22:29:25.073 19757 19757 D cellinfo: onCellInfoChanged: Operator: T-Mobile UpdateTimestamp: 108167783 CellConnectionStatus: 0
08-09 22:29:25.073 19757 19757 D cellinfo: onCellInfoChanged: LTE Cell Bands: [66] Bandwidth: 20000 Cell ID: 21592322 Physical Cell ID: 372 Tracking Area Code: 11620 EARFCN: 66786
08-09 22:29:25.243 19757 19808 D cellinfo: 46 bytes from 44.241.174.93: icmp_seq=18090 ttl=26 time=194 ms
08-09 22:29:25.376 19757 19808 D cellinfo: 46 bytes from 44.241.174.93: icmp_seq=18091 ttl=26 time=127 ms
08-09 22:29:25.454 19757 19757 D cellinfo: onsignalStrengthsChanged: LTE Signal Strength info: rsrp: -78 rsrq: -14 rssi: -51 rssnr: 9
08-09 22:29:25.454 19757 19757 D cellinfo: onsignalStrengthsChanged: 5G-NR Signal Strength info: ssrsrp: -107 ssrsrq: -18 sssinr: 2147483647
08-09 22:29:25.526 19757 19808 D cellinfo: 46 bytes from 44.241.174.93: icmp_seq=18092 ttl=26 time=76.3 ms
08-09 22:29:25.740 19757 19808 D cellinfo: 46 bytes from 44.241.174.93: icmp_seq=18093 ttl=26 time=89.3 ms
08-09 22:29:25.996 19757 19808 D cellinfo: 46 bytes from 44.241.174.93: icmp_seq=18094 ttl=26 time=143 ms
08-09 22:29:26.107 19757 19757 D cellinfo: onsignalStrengthsChanged: LTE Signal Strength info: rsrp: -78 rsrq: -14 rssi: -51 rssnr: 9
08-09 22:29:26.122 19757 19808 D cellinfo: 46 bytes from 44.241.174.93: icmp_seq=18095 ttl=26 time=70.2 ms
08-09 22:29:26.127 19757 19757 D cellinfo: onServiceStateChanged: Channel Number: 66786 Cell Bandwidths: [20000, 15000, 5000]
08-09 22:29:26.466 19757 19808 D cellinfo: 46 bytes from 44.241.174.93: icmp_seq=18096 ttl=26 time=212 ms
08-09 22:29:26.542 19757 19808 D cellinfo: 46 bytes from 44.241.174.93: icmp_seq=18097 ttl=26 time=86.5 ms
08-09 22:29:26.731 19757 19808 D cellinfo: 46 bytes from 44.241.174.93: icmp_seq=18098 ttl=26 time=74.1 ms
08-09 22:29:26.768 19757 19757 D cellinfo: onsignalStrengthsChanged: LTE Signal Strength info: rsrp: -78 rsrq: -14 rssi: -51 rssnr: 9
08-09 22:29:26.768 19757 19757 D cellinfo: onsignalStrengthsChanged: 5G-NR Signal Strength info: ssrsrp: -107 ssrsrq: -18 sssinr: 2147483647
08-09 22:29:26.787 19757 19757 D cellinfo: onServiceStateChanged: Channel Number: 66786 Cell Bandwidths: [20000, 15000, 5000]
08-09 22:29:26.941 19757 19808 D cellinfo: 46 bytes from 44.241.174.93: icmp_seq=18099 ttl=26 time=83.7 ms
08-09 22:29:27.125 19757 19808 D cellinfo: 46 bytes from 44.241.174.93: icmp_seq=18100 ttl=26 time=66.4 ms
08-09 22:29:27.331 19757 19808 D cellinfo: 46 bytes from 44.241.174.93: icmp_seq=18101 ttl=26 time=71.4 ms
08-09 22:29:27.540 19757 19808 D cellinfo: 46 bytes from 44.241.174.93: icmp_seq=18102 ttl=26 time=79.8 ms
08-09 22:29:27.755 19757 19757 D cellinfo: Latitude is 40.6448226
08-09 22:29:27.756 19757 19757 D cellinfo: Longitude is -111.9348281
08-09 22:29:27.756 19757 19757 D cellinfo: Instantaneous GPS information: United States, 5770 S 1500 W, Taylorsville, UT 84123, USA
08-09 22:29:27.756 19757 19757 D cellinfo: getCurrentLocation() result: Location (success): 40.6448226, -111.9348281
08-09 22:29:27.757 19757 19757 D cellinfo: onCellInfoChanged: Operator: T-Mobile UpdateTimestamp: 108170793 CellConnectionStatus: 0
08-09 22:29:27.757 19757 19757 D cellinfo: onCellInfoChanged: LTE Cell Bands: [66] Bandwidth: 20000 Cell ID: 21592322 Physical Cell ID: 372 Tracking Area Code: 11620 EARFCN: 66786
08-09 22:29:27.792 19757 19808 D cellinfo: 46 bytes from 44.241.174.93: icmp_seq=18103 ttl=26 time=131 ms
08-09 22:29:27.857 19757 19757 D cellinfo: onsignalStrengthsChanged: LTE Signal Strength info: rsrp: -78 rsrq: -14 rssi: -51 rssnr: 9
08-09 22:29:27.870 19757 19757 D cellinfo: onServiceStateChanged: Channel Number: 66786 Cell Bandwidths: [20000, 15000, 5000]
08-09 22:29:27.918 19757 19757 D cellinfo: onServiceStateChanged: Channel Number: 66786 Cell Bandwidths: [20000]
08-09 22:29:28.014 19757 19808 D cellinfo: 46 bytes from 44.241.174.93: icmp_seq=18104 ttl=26 time=153 ms
08-09 22:29:28.120 19757 19808 D cellinfo: 46 bytes from 44.241.174.93: icmp_seq=18105 ttl=26 time=59.1 ms
08-09 22:29:28.272 19757 19757 D cellinfo: onServiceStateChanged: Channel Number: 66786 Cell Bandwidths: [20000, 15000, 5000]
08-09 22:29:28.334 19757 19808 D cellinfo: 46 bytes from 44.241.174.93: icmp_seq=18106 ttl=26 time=72.5 ms
08-09 22:29:28.391 19757 19757 D cellinfo: onsignalStrengthsChanged: LTE Signal Strength info: rsrp: -78 rsrq: -14 rssi: -51 rssnr: 9
08-09 22:29:28.391 19757 19757 D cellinfo: onsignalStrengthsChanged: 5G-NR Signal Strength info: ssrsrp: -107 ssrsrq: -18 sssinr: 2147483647
08-09 22:29:28.418 19757 19757 D cellinfo: onServiceStateChanged: Channel Number: 66786 Cell Bandwidths: [20000, 15000, 5000]
08-09 22:29:28.532 19757 19808 D cellinfo: 46 bytes from 44.241.174.93: icmp_seq=18107 ttl=26 time=69.0 ms
08-09 22:29:28.731 19757 19808 D cellinfo: 46 bytes from 44.241.174.93: icmp_seq=18108 ttl=26 time=67.5 ms
08-09 22:29:28.947 19757 19808 D cellinfo: 46 bytes from 44.241.174.93: icmp_seq=18109 ttl=26 time=82.0 ms
08-09 22:29:29.142 19757 19808 D cellinfo: 46 bytes from 44.241.174.93: icmp_seq=18110 ttl=26 time=76.1 ms
08-09 22:29:29.342 19757 19808 D cellinfo: 46 bytes from 44.241.174.93: icmp_seq=18111 ttl=26 time=75.3 ms
08-09 22:29:29.584 19757 19757 D cellinfo: onsignalStrengthsChanged: LTE Signal Strength info: rsrp: -80 rsrq: -12 rssi: -51 rssnr: 7
08-09 22:29:29.584 19757 19757 D cellinfo: onsignalStrengthsChanged: 5G-NR Signal Strength info: ssrsrp: -106 ssrsrq: -16 sssinr: 2147483647
08-09 22:29:29.589 19757 19808 D cellinfo: 46 bytes from 44.241.174.93: icmp_seq=18112 ttl=26 time=122 ms
08-09 22:29:29.732 19757 19808 D cellinfo: 46 bytes from 44.241.174.93: icmp_seq=18113 ttl=26 time=63.9 ms
08-09 22:29:29.952 19757 19808 D cellinfo: 46 bytes from 44.241.174.93: icmp_seq=18114 ttl=26 time=82.4 ms
08-09 22:29:30.141 19757 19808 D cellinfo: 46 bytes from 44.241.174.93: icmp_seq=18115 ttl=26 time=72.1 ms
08-09 22:29:30.340 19757 19808 D cellinfo: 46 bytes from 44.241.174.93: icmp_seq=18116 ttl=26 time=70.6 ms
08-09 22:29:30.546 19757 19808 D cellinfo: 46 bytes from 44.241.174.93: icmp_seq=18117 ttl=26 time=75.2 ms
08-09 22:29:30.743 19757 19808 D cellinfo: 46 bytes from 44.241.174.93: icmp_seq=18118 ttl=26 time=70.3 ms
08-09 22:29:30.777 19757 19757 D cellinfo: Latitude is 40.6454934
08-09 22:29:30.777 19757 19757 D cellinfo: Longitude is -111.9360142
08-09 22:29:30.777 19757 19757 D cellinfo: Instantaneous GPS information: United States, 5693 S Redwood Rd #14b, Taylorsville, UT 84123, USA
08-09 22:29:30.777 19757 19757 D cellinfo: getCurrentLocation() result: Location (success): 40.6454934, -111.9360142
08-09 22:29:30.779 19757 19757 D cellinfo: onCellInfoChanged: Operator: T-Mobile UpdateTimestamp: 108173812 CellConnectionStatus: 0
08-09 22:29:30.779 19757 19757 D cellinfo: onCellInfoChanged: LTE Cell Bands: [66] Bandwidth: 20000 Cell ID: 21592324 Physical Cell ID: 51 Tracking Area Code: 11620 EARFCN: 66786
08-09 22:29:30.931 19757 19757 D cellinfo: onsignalStrengthsChanged: LTE Signal Strength info: rsrp: -80 rsrq: -12 rssi: -51 rssnr: 7
08-09 22:29:30.931 19757 19757 D cellinfo: onsignalStrengthsChanged: 5G-NR Signal Strength info: ssrsrp: -104 ssrsrq: -16 sssinr: 2147483647
08-09 22:29:30.938 19757 19808 D cellinfo: 46 bytes from 44.241.174.93: icmp_seq=18119 ttl=26 time=64.9 ms
08-09 22:29:31.137 19757 19808 D cellinfo: 46 bytes from 44.241.174.93: icmp_seq=18120 ttl=26 time=63.9 ms
08-09 22:29:31.337 19757 19808 D cellinfo: 46 bytes from 44.241.174.93: icmp_seq=18121 ttl=26 time=63.5 ms
08-09 22:29:31.546 19757 19808 D cellinfo: 46 bytes from 44.241.174.93: icmp_seq=18122 ttl=26 time=71.6 ms
08-09 22:29:31.563 19757 19757 D cellinfo: onsignalStrengthsChanged: LTE Signal Strength info: rsrp: -76 rsrq: -16 rssi: -51 rssnr: -2
08-09 22:29:31.563 19757 19757 D cellinfo: onsignalStrengthsChanged: 5G-NR Signal Strength info: ssrsrp: -104 ssrsrq: -16 sssinr: 2147483647
08-09 22:29:31.757 19757 19757 D cellinfo: onServiceStateChanged: Channel Number: 66786 Cell Bandwidths: [20000, 15000, 5000]
08-09 22:29:31.763 19757 19808 D cellinfo: 46 bytes from 44.241.174.93: icmp_seq=18123 ttl=26 time=87.2 ms
08-09 22:29:31.902 19757 19757 D cellinfo: onsignalStrengthsChanged: LTE Signal Strength info: rsrp: -76 rsrq: -16 rssi: -51 rssnr: -2
08-09 22:29:31.919 19757 19757 D cellinfo: onServiceStateChanged: Channel Number: 66786 Cell Bandwidths: [20000, 15000, 5000]
08-09 22:29:32.042 19757 19808 D cellinfo: 46 bytes from 44.241.174.93: icmp_seq=18124 ttl=26 time=165 ms
08-09 22:29:32.142 19757 19808 D cellinfo: 46 bytes from 44.241.174.93: icmp_seq=18125 ttl=26 time=66.3 ms
08-09 22:29:32.143 19757 19757 D cellinfo: onServiceStateChanged: Channel Number: 66786 Cell Bandwidths: [20000]
08-09 22:29:32.262 19757 19757 D cellinfo: onServiceStateChanged: Channel Number: 66786 Cell Bandwidths: [20000, 15000, 5000]
08-09 22:29:32.356 19757 19808 D cellinfo: 46 bytes from 44.241.174.93: icmp_seq=18126 ttl=26 time=79.8 ms
08-09 22:29:32.374 19757 19757 D cellinfo: onsignalStrengthsChanged: LTE Signal Strength info: rsrp: -76 rsrq: -16 rssi: -51 rssnr: -2
08-09 22:29:32.374 19757 19757 D cellinfo: onsignalStrengthsChanged: 5G-NR Signal Strength info: ssrsrp: -104 ssrsrq: -16 sssinr: 2147483647
08-09 22:29:32.398 19757 19757 D cellinfo: onServiceStateChanged: Channel Number: 66786 Cell Bandwidths: [20000, 15000, 5000]
08-09 22:29:32.561 19757 19808 D cellinfo: 46 bytes from 44.241.174.93: icmp_seq=18127 ttl=26 time=84.6 ms
08-09 22:29:32.756 19757 19808 D cellinfo: 46 bytes from 44.241.174.93: icmp_seq=18128 ttl=26 time=78.4 ms
08-09 22:29:32.967 19757 19808 D cellinfo: 46 bytes from 44.241.174.93: icmp_seq=18129 ttl=26 time=88.3 ms
08-09 22:29:33.155 19757 19808 D cellinfo: 46 bytes from 44.241.174.93: icmp_seq=18130 ttl=26 time=75.4 ms
08-09 22:29:33.355 19757 19808 D cellinfo: 46 bytes from 44.241.174.93: icmp_seq=18131 ttl=26 time=75.1 ms
08-09 22:29:33.476 19757 19757 D cellinfo: onCellInfoChanged: Operator: T-Mobile UpdateTimestamp: 108176785 CellConnectionStatus: 0
08-09 22:29:33.476 19757 19757 D cellinfo: onCellInfoChanged: LTE Cell Bands: [66] Bandwidth: 20000 Cell ID: 21592321 Physical Cell ID: 374 Tracking Area Code: 11620 EARFCN: 66786
08-09 22:29:33.575 19757 19757 D cellinfo: onsignalStrengthsChanged: LTE Signal Strength info: rsrp: -76 rsrq: -16 rssi: -51 rssnr: -2
08-09 22:29:33.575 19757 19757 D cellinfo: onsignalStrengthsChanged: 5G-NR Signal Strength info: ssrsrp: -102 ssrsrq: -15 sssinr: -20
08-09 22:29:33.584 19757 19808 D cellinfo: 46 bytes from 44.241.174.93: icmp_seq=18132 ttl=26 time=102 ms
08-09 22:29:33.648 19757 19757 D cellinfo: onsignalStrengthsChanged: LTE Signal Strength info: rsrp: -63 rsrq: -12 rssi: -51 rssnr: 7
08-09 22:29:33.648 19757 19757 D cellinfo: onsignalStrengthsChanged: 5G-NR Signal Strength info: ssrsrp: -102 ssrsrq: -15 sssinr: -20
08-09 22:29:33.747 19757 19808 D cellinfo: 46 bytes from 44.241.174.93: icmp_seq=18133 ttl=26 time=66.2 ms
08-09 22:29:33.961 19757 19808 D cellinfo: 46 bytes from 44.241.174.93: icmp_seq=18134 ttl=26 time=79.4 ms
08-09 22:29:34.165 19757 19808 D cellinfo: 46 bytes from 44.241.174.93: icmp_seq=18135 ttl=26 time=82.3 ms
08-09 22:29:34.342 19757 19808 D cellinfo: 46 bytes from 44.241.174.93: icmp_seq=18136 ttl=26 time=58.4 ms
08-09 22:29:34.395 19757 19757 D cellinfo: Latitude is 40.6433688
08-09 22:29:34.395 19757 19757 D cellinfo: Longitude is -111.9372931
08-09 22:29:34.395 19757 19757 D cellinfo: Instantaneous GPS information: United States, 5936 S Heirloom Pl, Salt Lake City, UT 84123, USA
08-09 22:29:34.395 19757 19757 D cellinfo: getCurrentLocation() result: Location (success): 40.6433688, -111.9372931
08-09 22:29:34.546 19757 19808 D cellinfo: 46 bytes from 44.241.174.93: icmp_seq=18137 ttl=26 time=61.5 ms
08-09 22:29:34.751 19757 19808 D cellinfo: 46 bytes from 44.241.174.93: icmp_seq=18138 ttl=26 time=65.5 ms
08-09 22:29:34.951 19757 19808 D cellinfo: 46 bytes from 44.241.174.93: icmp_seq=18139 ttl=26 time=64.4 ms
08-09 22:29:34.971 19757 19757 D cellinfo: onsignalStrengthsChanged: LTE Signal Strength info: rsrp: -63 rsrq: -12 rssi: -51 rssnr: 7
08-09 22:29:34.971 19757 19757 D cellinfo: onsignalStrengthsChanged: 5G-NR Signal Strength info: ssrsrp: -101 ssrsrq: -16 sssinr: 2147483647
08-09 22:29:35.152 19757 19808 D cellinfo: 46 bytes from 44.241.174.93: icmp_seq=18140 ttl=26 time=64.1 ms
08-09 22:29:35.352 19757 19808 D cellinfo: 46 bytes from 44.241.174.93: icmp_seq=18141 ttl=26 time=63.7 ms
08-09 22:29:35.551 19757 19808 D cellinfo: 46 bytes from 44.241.174.93: icmp_seq=18142 ttl=26 time=62.2 ms
08-09 22:29:35.756 19757 19808 D cellinfo: 46 bytes from 44.241.174.93: icmp_seq=18143 ttl=26 time=66.9 ms
08-09 22:29:36.002 19757 19808 D cellinfo: 46 bytes from 44.241.174.93: icmp_seq=18144 ttl=26 time=112 ms
08-09 22:29:36.041 19757 19757 D cellinfo: onsignalStrengthsChanged: LTE Signal Strength info: rsrp: -71 rsrq: -15 rssi: -51 rssnr: 10
08-09 22:29:36.041 19757 19757 D cellinfo: onsignalStrengthsChanged: 5G-NR Signal Strength info: ssrsrp: -101 ssrsrq: -16 sssinr: 2147483647
08-09 22:29:36.171 19757 19808 D cellinfo: 46 bytes from 44.241.174.93: icmp_seq=18145 ttl=26 time=82.0 ms
08-09 22:29:36.376 19757 19808 D cellinfo: 46 bytes from 44.241.174.93: icmp_seq=18146 ttl=26 time=85.9 ms
08-09 22:29:36.440 19757 19757 D cellinfo: Latitude is 40.6433688
08-09 22:29:36.440 19757 19757 D cellinfo: Longitude is -111.9372931
08-09 22:29:36.440 19757 19757 D cellinfo: Instantaneous GPS information: United States, 5936 S Heirloom Pl, Salt Lake City, UT 84123, USA
08-09 22:29:36.440 19757 19757 D cellinfo: getCurrentLocation() result: Location (success): 40.6433688, -111.9372931
08-09 22:29:36.478 19757 19757 D cellinfo: onCellInfoChanged: Operator: T-Mobile UpdateTimestamp: 108179784 CellConnectionStatus: 0
08-09 22:29:36.478 19757 19757 D cellinfo: onCellInfoChanged: LTE Cell Bands: [66] Bandwidth: 20000 Cell ID: 21592321 Physical Cell ID: 374 Tracking Area Code: 11620 EARFCN: 66786
08-09 22:29:36.581 19757 19808 D cellinfo: 46 bytes from 44.241.174.93: icmp_seq=18147 ttl=26 time=90.8 ms
08-09 22:29:36.778 19757 19808 D cellinfo: 46 bytes from 44.241.174.93: icmp_seq=18148 ttl=26 time=87.0 ms
08-09 22:29:36.991 19757 19808 D cellinfo: 46 bytes from 44.241.174.93: icmp_seq=18149 ttl=26 time=99.9 ms
08-09 22:29:37.171 19757 19808 D cellinfo: 46 bytes from 44.241.174.93: icmp_seq=18150 ttl=26 time=79.5 ms
08-09 22:29:37.380 19757 19808 D cellinfo: 46 bytes from 44.241.174.93: icmp_seq=18151 ttl=26 time=87.9 ms
08-09 22:29:37.595 19757 19808 D cellinfo: 46 bytes from 44.241.174.93: icmp_seq=18152 ttl=26 time=101 ms
08-09 22:29:37.908 19757 19808 D cellinfo: 46 bytes from 44.241.174.93: icmp_seq=18153 ttl=26 time=214 ms
08-09 22:29:37.973 19757 19757 D cellinfo: onsignalStrengthsChanged: LTE Signal Strength info: rsrp: -71 rsrq: -15 rssi: -51 rssnr: 10
08-09 22:29:37.973 19757 19757 D cellinfo: onsignalStrengthsChanged: 5G-NR Signal Strength info: ssrsrp: -102 ssrsrq: -17 sssinr: 2147483647
08-09 22:29:37.979 19757 19808 D cellinfo: 46 bytes from 44.241.174.93: icmp_seq=18154 ttl=26 time=83.6 ms
08-09 22:29:38.228 19757 19808 D cellinfo: 46 bytes from 44.241.174.93: icmp_seq=18155 ttl=26 time=131 ms
08-09 22:29:38.281 19757 19757 D cellinfo: onsignalStrengthsChanged: LTE Signal Strength info: rsrp: -73 rsrq: -14 rssi: -51 rssnr: 13
08-09 22:29:38.281 19757 19757 D cellinfo: onsignalStrengthsChanged: 5G-NR Signal Strength info: ssrsrp: -102 ssrsrq: -17 sssinr: 2147483647
08-09 22:29:38.388 19757 19808 D cellinfo: 46 bytes from 44.241.174.93: icmp_seq=18156 ttl=26 time=90.1 ms
08-09 22:29:38.868 19757 19808 D cellinfo: 46 bytes from 44.241.174.93: icmp_seq=18157 ttl=26 time=369 ms
08-09 22:29:38.868 19757 19808 D cellinfo: 46 bytes from 44.241.174.93: icmp_seq=18158 ttl=26 time=168 ms
08-09 22:29:38.980 19757 19808 D cellinfo: 46 bytes from 44.241.174.93: icmp_seq=18159 ttl=26 time=79.6 ms
08-09 22:29:39.188 19757 19808 D cellinfo: 46 bytes from 44.241.174.93: icmp_seq=18160 ttl=26 time=86.5 ms
08-09 22:29:39.442 19757 19757 D cellinfo: Latitude is 40.6433688
08-09 22:29:39.442 19757 19757 D cellinfo: Longitude is -111.9372931
08-09 22:29:39.442 19757 19757 D cellinfo: Instantaneous GPS information: United States, 5936 S Heirloom Pl, Salt Lake City, UT 84123, USA
08-09 22:29:39.442 19757 19757 D cellinfo: getCurrentLocation() result: Location (success): 40.6433688, -111.9372931
08-09 22:29:39.504 19757 19757 D cellinfo: onCellInfoChanged: Operator: T-Mobile UpdateTimestamp: 108182810 CellConnectionStatus: 0
08-09 22:29:39.504 19757 19757 D cellinfo: onCellInfoChanged: LTE Cell Bands: [66] Bandwidth: 20000 Cell ID: 21592321 Physical Cell ID: 374 Tracking Area Code: 11620 EARFCN: 66786
08-09 22:29:39.510 19757 19808 D cellinfo: 46 bytes from 44.241.174.93: icmp_seq=18161 ttl=26 time=207 ms
08-09 22:29:39.579 19757 19808 D cellinfo: 46 bytes from 44.241.174.93: icmp_seq=18162 ttl=26 time=73.9 ms
08-09 22:29:39.828 19757 19808 D cellinfo: 46 bytes from 44.241.174.93: icmp_seq=18163 ttl=26 time=122 ms
08-09 22:29:39.988 19757 19808 D cellinfo: 46 bytes from 44.241.174.93: icmp_seq=18164 ttl=26 time=82.1 ms
08-09 22:29:40.178 19757 19808 D cellinfo: 46 bytes from 44.241.174.93: icmp_seq=18165 ttl=26 time=71.1 ms
08-09 22:29:40.400 19757 19808 D cellinfo: 46 bytes from 44.241.174.93: icmp_seq=18166 ttl=26 time=91.5 ms
08-09 22:29:40.516 19757 19757 D cellinfo: onsignalStrengthsChanged: LTE Signal Strength info: rsrp: -78 rsrq: -14 rssi: -51 rssnr: 9
08-09 22:29:40.516 19757 19757 D cellinfo: onsignalStrengthsChanged: 5G-NR Signal Strength info: ssrsrp: -102 ssrsrq: -17 sssinr: 2147483647
08-09 22:29:40.788 19757 19808 D cellinfo: 46 bytes from 44.241.174.93: icmp_seq=18167 ttl=26 time=279 ms
08-09 22:29:40.807 19757 19808 D cellinfo: 46 bytes from 44.241.174.93: icmp_seq=18168 ttl=26 time=94.1 ms
08-09 22:29:40.973 19757 19757 D cellinfo: onsignalStrengthsChanged: LTE Signal Strength info: rsrp: -78 rsrq: -14 rssi: -51 rssnr: 9
08-09 22:29:40.973 19757 19757 D cellinfo: onsignalStrengthsChanged: 5G-NR Signal Strength info: ssrsrp: -104 ssrsrq: -18 sssinr: 2147483647
08-09 22:29:41.007 19757 19808 D cellinfo: 46 bytes from 44.241.174.93: icmp_seq=18169 ttl=26 time=93.8 ms
08-09 22:29:41.191 19757 19808 D cellinfo: 46 bytes from 44.241.174.93: icmp_seq=18170 ttl=26 time=78.7 ms
08-09 22:29:41.391 19757 19808 D cellinfo: 46 bytes from 44.241.174.93: icmp_seq=18171 ttl=26 time=78.3 ms
08-09 22:29:41.595 19757 19808 D cellinfo: 46 bytes from 44.241.174.93: icmp_seq=18172 ttl=26 time=81.1 ms
08-09 22:29:41.796 19757 19808 D cellinfo: 46 bytes from 44.241.174.93: icmp_seq=18173 ttl=26 time=80.8 ms
08-09 22:29:42.018 19757 19808 D cellinfo: 46 bytes from 44.241.174.93: icmp_seq=18174 ttl=26 time=102 ms
08-09 22:29:42.197 19757 19808 D cellinfo: 46 bytes from 44.241.174.93: icmp_seq=18175 ttl=26 time=81.9 ms
08-09 22:29:42.390 19757 19808 D cellinfo: 46 bytes from 44.241.174.93: icmp_seq=18176 ttl=26 time=74.4 ms
08-09 22:29:42.470 19757 19757 D cellinfo: onCellInfoChanged: Operator: T-Mobile UpdateTimestamp: 108185780 CellConnectionStatus: 0
08-09 22:29:42.471 19757 19757 D cellinfo: onCellInfoChanged: LTE Cell Bands: [66] Bandwidth: 20000 Cell ID: 21592321 Physical Cell ID: 374 Tracking Area Code: 11620 EARFCN: 66786
08-09 22:29:42.591 19757 19808 D cellinfo: 46 bytes from 44.241.174.93: icmp_seq=18177 ttl=26 time=73.9 ms
08-09 22:29:42.797 19757 19808 D cellinfo: 46 bytes from 44.241.174.93: icmp_seq=18178 ttl=26 time=80.0 ms
08-09 22:29:42.996 19757 19808 D cellinfo: 46 bytes from 44.241.174.93: icmp_seq=18179 ttl=26 time=78.0 ms
08-09 22:29:43.197 19757 19808 D cellinfo: 46 bytes from 44.241.174.93: icmp_seq=18180 ttl=26 time=78.3 ms
08-09 22:29:43.396 19757 19808 D cellinfo: 46 bytes from 44.241.174.93: icmp_seq=18181 ttl=26 time=76.3 ms
08-09 22:29:43.600 19757 19808 D cellinfo: 46 bytes from 44.241.174.93: icmp_seq=18182 ttl=26 time=79.3 ms
08-09 22:29:43.827 19757 19808 D cellinfo: 46 bytes from 44.241.174.93: icmp_seq=18183 ttl=26 time=104 ms
08-09 22:29:43.987 19757 19808 D cellinfo: 46 bytes from 44.241.174.93: icmp_seq=18184 ttl=26 time=63.7 ms
08-09 22:29:44.204 19757 19808 D cellinfo: 46 bytes from 44.241.174.93: icmp_seq=18185 ttl=26 time=77.7 ms
08-09 22:29:44.349 19757 19757 D cellinfo: Latitude is 40.6450696
08-09 22:29:44.349 19757 19757 D cellinfo: Longitude is -111.9434923
08-09 22:29:44.349 19757 19757 D cellinfo: Instantaneous GPS information: United States, 5770 I-215, Salt Lake City, UT 84118, USA
08-09 22:29:44.349 19757 19757 D cellinfo: getCurrentLocation() result: Location (success): 40.6450696, -111.9434923
08-09 22:29:44.351 19757 19757 D cellinfo: onsignalStrengthsChanged: LTE Signal Strength info: rsrp: -78 rsrq: -14 rssi: -51 rssnr: 9
08-09 22:29:44.351 19757 19757 D cellinfo: onsignalStrengthsChanged: 5G-NR Signal Strength info: ssrsrp: -107 ssrsrq: -19 sssinr: 2147483647
08-09 22:29:44.360 19757 19757 D cellinfo: onsignalStrengthsChanged: LTE Signal Strength info: rsrp: -78 rsrq: -14 rssi: -51 rssnr: 9
08-09 22:29:44.360 19757 19757 D cellinfo: onsignalStrengthsChanged: 5G-NR Signal Strength info: ssrsrp: -107 ssrsrq: -18 sssinr: 2147483647
08-09 22:29:44.426 19757 19808 D cellinfo: 46 bytes from 44.241.174.93: icmp_seq=18186 ttl=26 time=98.0 ms
08-09 22:29:44.607 19757 19808 D cellinfo: 46 bytes from 44.241.174.93: icmp_seq=18187 ttl=26 time=78.6 ms
08-09 22:29:44.812 19757 19808 D cellinfo: 46 bytes from 44.241.174.93: icmp_seq=18188 ttl=26 time=82.8 ms
08-09 22:29:45.001 19757 19757 D cellinfo: onsignalStrengthsChanged: LTE Signal Strength info: rsrp: -78 rsrq: -15 rssi: -51 rssnr: 10
08-09 22:29:45.001 19757 19757 D cellinfo: onsignalStrengthsChanged: 5G-NR Signal Strength info: ssrsrp: -107 ssrsrq: -18 sssinr: 2147483647
08-09 22:29:45.007 19757 19808 D cellinfo: 46 bytes from 44.241.174.93: icmp_seq=18189 ttl=26 time=77.2 ms
08-09 22:29:45.206 19757 19808 D cellinfo: 46 bytes from 44.241.174.93: icmp_seq=18190 ttl=26 time=76.3 ms
08-09 22:29:45.412 19757 19808 D cellinfo: 46 bytes from 44.241.174.93: icmp_seq=18191 ttl=26 time=81.3 ms
08-09 22:29:45.446 19757 19757 D cellinfo: Latitude is 40.6450696
08-09 22:29:45.446 19757 19757 D cellinfo: Longitude is -111.9434923
08-09 22:29:45.446 19757 19757 D cellinfo: Instantaneous GPS information: United States, 5770 I-215, Salt Lake City, UT 84118, USA
08-09 22:29:45.446 19757 19757 D cellinfo: getCurrentLocation() result: Location (success): 40.6450696, -111.9434923
08-09 22:29:45.489 19757 19757 D cellinfo: onCellInfoChanged: Operator: T-Mobile UpdateTimestamp: 108188796 CellConnectionStatus: 0
08-09 22:29:45.489 19757 19757 D cellinfo: onCellInfoChanged: LTE Cell Bands: [66] Bandwidth: 20000 Cell ID: 21592321 Physical Cell ID: 374 Tracking Area Code: 11620 EARFCN: 66786
08-09 22:29:45.607 19757 19808 D cellinfo: 46 bytes from 44.241.174.93: icmp_seq=18192 ttl=26 time=75.7 ms
08-09 22:29:45.807 19757 19808 D cellinfo: 46 bytes from 44.241.174.93: icmp_seq=18193 ttl=26 time=74.7 ms
08-09 22:29:46.006 19757 19808 D cellinfo: 46 bytes from 44.241.174.93: icmp_seq=18194 ttl=26 time=72.6 ms
08-09 22:29:46.207 19757 19808 D cellinfo: 46 bytes from 44.241.174.93: icmp_seq=18195 ttl=26 time=73.6 ms
08-09 22:29:46.411 19757 19808 D cellinfo: 46 bytes from 44.241.174.93: icmp_seq=18196 ttl=26 time=76.4 ms
08-09 22:29:46.607 19757 19808 D cellinfo: 46 bytes from 44.241.174.93: icmp_seq=18197 ttl=26 time=70.8 ms
08-09 22:29:46.811 19757 19808 D cellinfo: 46 bytes from 44.241.174.93: icmp_seq=18198 ttl=26 time=75.3 ms
08-09 22:29:46.974 19757 19757 D cellinfo: onsignalStrengthsChanged: LTE Signal Strength info: rsrp: -78 rsrq: -15 rssi: -51 rssnr: 10
08-09 22:29:46.975 19757 19757 D cellinfo: onsignalStrengthsChanged: 5G-NR Signal Strength info: ssrsrp: -106 ssrsrq: -18 sssinr: 2147483647
08-09 22:29:47.011 19757 19808 D cellinfo: 46 bytes from 44.241.174.93: icmp_seq=18199 ttl=26 time=74.1 ms
08-09 22:29:47.241 19757 19757 D cellinfo: onsignalStrengthsChanged: LTE Signal Strength info: rsrp: -75 rsrq: -14 rssi: -51 rssnr: 3
08-09 22:29:47.241 19757 19757 D cellinfo: onsignalStrengthsChanged: 5G-NR Signal Strength info: ssrsrp: -106 ssrsrq: -18 sssinr: 2147483647
08-09 22:29:47.267 19757 19808 D cellinfo: 46 bytes from 44.241.174.93: icmp_seq=18200 ttl=26 time=130 ms
08-09 22:29:47.401 19757 19808 D cellinfo: 46 bytes from 44.241.174.93: icmp_seq=18201 ttl=26 time=63.8 ms
08-09 22:29:47.696 19757 19808 D cellinfo: 46 bytes from 44.241.174.93: icmp_seq=18202 ttl=26 time=158 ms
08-09 22:29:47.822 19757 19808 D cellinfo: 46 bytes from 44.241.174.93: icmp_seq=18203 ttl=26 time=84.7 ms
08-09 22:29:47.916 19757 19757 D cellinfo: onsignalStrengthsChanged: LTE Signal Strength info: rsrp: -75 rsrq: -14 rssi: -51 rssnr: 3
08-09 22:29:47.930 19757 19757 D cellinfo: onServiceStateChanged: Channel Number: 66786 Cell Bandwidths: [20000, 15000, 5000]
08-09 22:29:48.076 19757 19808 D cellinfo: 46 bytes from 44.241.174.93: icmp_seq=18204 ttl=26 time=137 ms
08-09 22:29:48.162 19757 19808 D cellinfo: 46 bytes from 44.241.174.93: icmp_seq=18204 ttl=26 time=223 ms (DUP!)
08-09 22:29:48.232 19757 19808 D cellinfo: 46 bytes from 44.241.174.93: icmp_seq=18205 ttl=26 time=93.4 ms
08-09 22:29:48.315 19757 19757 D cellinfo: onsignalStrengthsChanged: LTE Signal Strength info: rsrp: -75 rsrq: -14 rssi: -51 rssnr: 3
08-09 22:29:48.315 19757 19757 D cellinfo: onsignalStrengthsChanged: 5G-NR Signal Strength info: ssrsrp: -106 ssrsrq: -18 sssinr: 2147483647
08-09 22:29:48.340 19757 19757 D cellinfo: onServiceStateChanged: Channel Number: 66786 Cell Bandwidths: [20000, 15000, 5000]
08-09 22:29:48.406 19757 19808 D cellinfo: 46 bytes from 44.241.174.93: icmp_seq=18206 ttl=26 time=66.8 ms
08-09 22:29:48.606 19757 19808 D cellinfo: 46 bytes from 44.241.174.93: icmp_seq=18207 ttl=26 time=65.8 ms
08-09 22:29:48.784 19757 19757 D cellinfo: Latitude is 40.6451511
08-09 22:29:48.784 19757 19757 D cellinfo: Longitude is -111.9439975
08-09 22:29:48.784 19757 19757 D cellinfo: Instantaneous GPS information: United States, 5770 I-215, Salt Lake City, UT 84118, USA
08-09 22:29:48.784 19757 19757 D cellinfo: getCurrentLocation() result: Location (success): 40.6451511, -111.9439975
08-09 22:29:48.786 19757 19757 D cellinfo: onCellInfoChanged: Operator: T-Mobile UpdateTimestamp: 108191786 CellConnectionStatus: 0
08-09 22:29:48.786 19757 19757 D cellinfo: onCellInfoChanged: LTE Cell Bands: [66] Bandwidth: 20000 Cell ID: 21592321 Physical Cell ID: 374 Tracking Area Code: 11620 EARFCN: 66786
08-09 22:29:48.801 19757 19808 D cellinfo: 46 bytes from 44.241.174.93: icmp_seq=18208 ttl=26 time=60.1 ms
08-09 22:29:49.006 19757 19808 D cellinfo: 46 bytes from 44.241.174.93: icmp_seq=18209 ttl=26 time=64.5 ms
08-09 22:29:49.211 19757 19808 D cellinfo: 46 bytes from 44.241.174.93: icmp_seq=18210 ttl=26 time=69.1 ms
08-09 22:29:49.407 19757 19808 D cellinfo: 46 bytes from 44.241.174.93: icmp_seq=18211 ttl=26 time=64.2 ms
08-09 22:29:49.617 19757 19808 D cellinfo: 46 bytes from 44.241.174.93: icmp_seq=18212 ttl=26 time=73.7 ms
08-09 22:29:49.811 19757 19808 D cellinfo: 46 bytes from 44.241.174.93: icmp_seq=18213 ttl=26 time=67.4 ms
08-09 22:29:50.005 19757 19808 D cellinfo: 46 bytes from 44.241.174.93: icmp_seq=18214 ttl=26 time=61.0 ms
08-09 22:29:50.208 19757 19808 D cellinfo: 46 bytes from 44.241.174.93: icmp_seq=18215 ttl=26 time=64.3 ms
08-09 22:29:50.425 19757 19808 D cellinfo: 46 bytes from 44.241.174.93: icmp_seq=18216 ttl=26 time=80.3 ms
08-09 22:29:50.626 19757 19808 D cellinfo: 46 bytes from 44.241.174.93: icmp_seq=18217 ttl=26 time=80.6 ms
08-09 22:29:50.871 19757 19808 D cellinfo: 46 bytes from 44.241.174.93: icmp_seq=18218 ttl=26 time=124 ms
08-09 22:29:51.022 19757 19808 D cellinfo: 46 bytes from 44.241.174.93: icmp_seq=18219 ttl=26 time=74.3 ms
08-09 22:29:51.092 19757 19757 D cellinfo: onsignalStrengthsChanged: LTE Signal Strength info: rsrp: -82 rsrq: -15 rssi: -51 rssnr: 6
08-09 22:29:51.092 19757 19757 D cellinfo: onsignalStrengthsChanged: 5G-NR Signal Strength info: ssrsrp: -109 ssrsrq: -18 sssinr: -15
08-09 22:29:51.242 19757 19808 D cellinfo: 46 bytes from 44.241.174.93: icmp_seq=18220 ttl=26 time=95.1 ms
08-09 22:29:51.442 19757 19808 D cellinfo: 46 bytes from 44.241.174.93: icmp_seq=18221 ttl=26 time=94.2 ms
08-09 22:29:51.646 19757 19808 D cellinfo: 46 bytes from 44.241.174.93: icmp_seq=18222 ttl=26 time=97.6 ms
08-09 22:29:51.959 19757 19808 D cellinfo: 46 bytes from 44.241.174.93: icmp_seq=18223 ttl=26 time=208 ms
08-09 22:29:51.970 19757 19757 D cellinfo: Latitude is 40.6453004
08-09 22:29:51.970 19757 19757 D cellinfo: Longitude is -111.9449224
08-09 22:29:51.970 19757 19757 D cellinfo: Instantaneous GPS information: United States, 2052 Farm Ridge Rd, Taylorsville, UT 84129, USA
08-09 22:29:51.970 19757 19757 D cellinfo: getCurrentLocation() result: Location (success): 40.6453004, -111.9449224
08-09 22:29:51.973 19757 19757 D cellinfo: onCellInfoChanged: Operator: T-Mobile UpdateTimestamp: 108194812 CellConnectionStatus: 0
08-09 22:29:51.973 19757 19757 D cellinfo: onCellInfoChanged: LTE Cell Bands: [66] Bandwidth: 20000 Cell ID: 21592321 Physical Cell ID: 374 Tracking Area Code: 11620 EARFCN: 66786
08-09 22:29:52.078 19757 19808 D cellinfo: 46 bytes from 44.241.174.93: icmp_seq=18224 ttl=26 time=125 ms
08-09 22:29:52.223 19757 19808 D cellinfo: 46 bytes from 44.241.174.93: icmp_seq=18225 ttl=26 time=71.3 ms
08-09 22:29:52.343 19757 19757 D cellinfo: onsignalStrengthsChanged: LTE Signal Strength info: rsrp: -82 rsrq: -15 rssi: -51 rssnr: 6
08-09 22:29:52.343 19757 19757 D cellinfo: onsignalStrengthsChanged: 5G-NR Signal Strength info: ssrsrp: -111 ssrsrq: -16 sssinr: 2147483647
08-09 22:29:52.426 19757 19808 D cellinfo: 46 bytes from 44.241.174.93: icmp_seq=18226 ttl=26 time=73.5 ms
08-09 22:29:52.616 19757 19808 D cellinfo: 46 bytes from 44.241.174.93: icmp_seq=18227 ttl=26 time=61.9 ms
08-09 22:29:52.835 19757 19808 D cellinfo: 46 bytes from 44.241.174.93: icmp_seq=18228 ttl=26 time=80.8 ms
08-09 22:29:53.036 19757 19808 D cellinfo: 46 bytes from 44.241.174.93: icmp_seq=18229 ttl=26 time=81.7 ms
08-09 22:29:53.242 19757 19808 D cellinfo: 46 bytes from 44.241.174.93: icmp_seq=18230 ttl=26 time=86.9 ms
08-09 22:29:53.456 19757 19808 D cellinfo: 46 bytes from 44.241.174.93: icmp_seq=18231 ttl=26 time=101 ms
08-09 22:29:53.642 19757 19808 D cellinfo: 46 bytes from 44.241.174.93: icmp_seq=18232 ttl=26 time=86.1 ms
08-09 22:29:53.845 19757 19808 D cellinfo: 46 bytes from 44.241.174.93: icmp_seq=18233 ttl=26 time=88.8 ms
08-09 22:29:53.962 19757 19757 D cellinfo: onsignalStrengthsChanged: LTE Signal Strength info: rsrp: -89 rsrq: -12 rssi: -61 rssnr: 11
08-09 22:29:53.962 19757 19757 D cellinfo: onsignalStrengthsChanged: 5G-NR Signal Strength info: ssrsrp: -111 ssrsrq: -16 sssinr: 2147483647
08-09 22:29:54.051 19757 19808 D cellinfo: 46 bytes from 44.241.174.93: icmp_seq=18234 ttl=26 time=94.2 ms
08-09 22:29:54.099 19757 19757 D cellinfo: onsignalStrengthsChanged: LTE Signal Strength info: rsrp: -89 rsrq: -12 rssi: -61 rssnr: 11
08-09 22:29:54.099 19757 19757 D cellinfo: onsignalStrengthsChanged: 5G-NR Signal Strength info: ssrsrp: -114 ssrsrq: -18 sssinr: 2147483647
08-09 22:29:54.266 19757 19808 D cellinfo: 46 bytes from 44.241.174.93: icmp_seq=18235 ttl=26 time=109 ms
08-09 22:29:54.456 19757 19808 D cellinfo: 46 bytes from 44.241.174.93: icmp_seq=18236 ttl=26 time=99.8 ms
08-09 22:29:54.647 19757 19808 D cellinfo: 46 bytes from 44.241.174.93: icmp_seq=18237 ttl=26 time=89.0 ms
08-09 22:29:54.842 19757 19757 D cellinfo: Latitude is 40.6453692
08-09 22:29:54.842 19757 19757 D cellinfo: Longitude is -111.9453473
08-09 22:29:54.842 19757 19757 D cellinfo: Instantaneous GPS information: United States, 2052 Farm Ridge Rd, Taylorsville, UT 84129, USA
08-09 22:29:54.842 19757 19757 D cellinfo: getCurrentLocation() result: Location (success): 40.6453692, -111.9453473
08-09 22:29:54.843 19757 19757 D cellinfo: onCellInfoChanged: Operator: T-Mobile UpdateTimestamp: 108197807 CellConnectionStatus: 0
08-09 22:29:54.844 19757 19757 D cellinfo: onCellInfoChanged: LTE Cell Bands: [66] Bandwidth: 20000 Cell ID: 21592321 Physical Cell ID: 374 Tracking Area Code: 11620 EARFCN: 66786
08-09 22:29:54.850 19757 19808 D cellinfo: 46 bytes from 44.241.174.93: icmp_seq=18238 ttl=26 time=90.3 ms
08-09 22:29:55.045 19757 19808 D cellinfo: 46 bytes from 44.241.174.93: icmp_seq=18239 ttl=26 time=85.2 ms
08-09 22:29:55.356 19757 19757 D cellinfo: onsignalStrengthsChanged: LTE Signal Strength info: rsrp: -89 rsrq: -12 rssi: -61 rssnr: 11
08-09 22:29:55.365 19757 19808 D cellinfo: 46 bytes from 44.241.174.93: icmp_seq=18240 ttl=26 time=204 ms
08-09 22:29:55.372 19757 19757 D cellinfo: onServiceStateChanged: Channel Number: 66786 Cell Bandwidths: [20000, 15000, 5000]
08-09 22:29:55.476 19757 19808 D cellinfo: 46 bytes from 44.241.174.93: icmp_seq=18241 ttl=26 time=113 ms
08-09 22:29:55.585 19757 19808 D cellinfo: 46 bytes from 44.241.174.93: icmp_seq=18241 ttl=26 time=222 ms (DUP!)
08-09 22:29:55.642 19757 19808 D cellinfo: 46 bytes from 44.241.174.93: icmp_seq=18242 ttl=26 time=78.5 ms
08-09 22:29:55.846 19757 19808 D cellinfo: 46 bytes from 44.241.174.93: icmp_seq=18243 ttl=26 time=81.9 ms
08-09 22:29:55.867 19757 19757 D cellinfo: onsignalStrengthsChanged: LTE Signal Strength info: rsrp: -89 rsrq: -12 rssi: -61 rssnr: 11
08-09 22:29:55.868 19757 19757 D cellinfo: onsignalStrengthsChanged: 5G-NR Signal Strength info: ssrsrp: -114 ssrsrq: -18 sssinr: 2147483647
08-09 22:29:55.887 19757 19757 D cellinfo: onServiceStateChanged: Channel Number: 66786 Cell Bandwidths: [20000, 15000, 5000]
08-09 22:29:56.051 19757 19808 D cellinfo: 46 bytes from 44.241.174.93: icmp_seq=18244 ttl=26 time=86.4 ms
08-09 22:29:56.251 19757 19808 D cellinfo: 46 bytes from 44.241.174.93: icmp_seq=18245 ttl=26 time=86.8 ms
08-09 22:29:56.450 19757 19808 D cellinfo: 46 bytes from 44.241.174.93: icmp_seq=18246 ttl=26 time=85.2 ms
08-09 22:29:56.652 19757 19808 D cellinfo: 46 bytes from 44.241.174.93: icmp_seq=18247 ttl=26 time=86.8 ms
08-09 22:29:56.850 19757 19808 D cellinfo: 46 bytes from 44.241.174.93: icmp_seq=18248 ttl=26 time=84.6 ms
08-09 22:29:57.046 19757 19808 D cellinfo: 46 bytes from 44.241.174.93: icmp_seq=18249 ttl=26 time=78.9 ms
08-09 22:29:57.245 19757 19808 D cellinfo: 46 bytes from 44.241.174.93: icmp_seq=18250 ttl=26 time=79.1 ms
08-09 22:29:57.451 19757 19808 D cellinfo: 46 bytes from 44.241.174.93: icmp_seq=18251 ttl=26 time=84.6 ms
08-09 22:29:57.491 19757 19757 D cellinfo: onCellInfoChanged: Operator: T-Mobile UpdateTimestamp: 108200796 CellConnectionStatus: 0
08-09 22:29:57.491 19757 19757 D cellinfo: onCellInfoChanged: LTE Cell Bands: [66] Bandwidth: 20000 Cell ID: 21592321 Physical Cell ID: 374 Tracking Area Code: 11620 EARFCN: 66786
08-09 22:29:57.655 19757 19808 D cellinfo: 46 bytes from 44.241.174.93: icmp_seq=18252 ttl=26 time=87.1 ms
08-09 22:29:57.845 19757 19808 D cellinfo: 46 bytes from 44.241.174.93: icmp_seq=18253 ttl=26 time=77.1 ms
08-09 22:29:58.057 19757 19808 D cellinfo: 46 bytes from 44.241.174.93: icmp_seq=18254 ttl=26 time=88.2 ms
08-09 22:29:58.256 19757 19808 D cellinfo: 46 bytes from 44.241.174.93: icmp_seq=18255 ttl=26 time=87.8 ms
08-09 22:29:58.444 19757 19757 D cellinfo: onsignalStrengthsChanged: LTE Signal Strength info: rsrp: -103 rsrq: -15 rssi: -69 rssnr: 0
08-09 22:29:58.447 19757 19808 D cellinfo: 46 bytes from 44.241.174.93: icmp_seq=18256 ttl=26 time=78.4 ms
08-09 22:29:58.519 19757 19757 D cellinfo: onsignalStrengthsChanged: LTE Signal Strength info: rsrp: -103 rsrq: -15 rssi: -69 rssnr: 0
08-09 22:29:58.519 19757 19757 D cellinfo: onsignalStrengthsChanged: 5G-NR Signal Strength info: ssrsrp: -113 ssrsrq: -22 sssinr: 2147483647
08-09 22:29:58.649 19757 19808 D cellinfo: 46 bytes from 44.241.174.93: icmp_seq=18257 ttl=26 time=79.6 ms
08-09 22:29:58.856 19757 19808 D cellinfo: 46 bytes from 44.241.174.93: icmp_seq=18258 ttl=26 time=85.4 ms
08-09 22:29:59.046 19757 19808 D cellinfo: 46 bytes from 44.241.174.93: icmp_seq=18259 ttl=26 time=74.6 ms
08-09 22:29:59.254 19757 19808 D cellinfo: 46 bytes from 44.241.174.93: icmp_seq=18260 ttl=26 time=82.7 ms
08-09 22:29:59.451 19757 19808 D cellinfo: 46 bytes from 44.241.174.93: icmp_seq=18261 ttl=26 time=77.9 ms
08-09 22:29:59.649 19757 19808 D cellinfo: 46 bytes from 44.241.174.93: icmp_seq=18262 ttl=26 time=76.4 ms
08-09 22:29:59.850 19757 19808 D cellinfo: 46 bytes from 44.241.174.93: icmp_seq=18263 ttl=26 time=76.0 ms
08-09 22:30:00.062 19757 19808 D cellinfo: 46 bytes from 44.241.174.93: icmp_seq=18264 ttl=26 time=87.2 ms
08-09 22:30:00.238 19757 19808 D cellinfo: 46 bytes from 44.241.174.93: icmp_seq=18265 ttl=26 time=62.3 ms
08-09 22:30:00.253 19757 19757 D cellinfo: Latitude is 40.6475002
08-09 22:30:00.253 19757 19757 D cellinfo: Longitude is -111.9490464
08-09 22:30:00.253 19757 19757 D cellinfo: Instantaneous GPS information: United States, 5720 Quail Cir, Taylorsville, UT 84129, USA
08-09 22:30:00.253 19757 19757 D cellinfo: getCurrentLocation() result: Location (success): 40.6475002, -111.9490464
08-09 22:30:00.439 19757 19757 D cellinfo: Latitude is 40.6475002
08-09 22:30:00.439 19757 19757 D cellinfo: Longitude is -111.9490464
08-09 22:30:00.439 19757 19757 D cellinfo: Instantaneous GPS information: United States, 5720 Quail Cir, Taylorsville, UT 84129, USA
08-09 22:30:00.439 19757 19757 D cellinfo: getCurrentLocation() result: Location (success): 40.6475002, -111.9490464
08-09 22:30:00.445 19757 19808 D cellinfo: 46 bytes from 44.241.174.93: icmp_seq=18266 ttl=26 time=68.3 ms
08-09 22:30:00.479 19757 19757 D cellinfo: onCellInfoChanged: Operator: T-Mobile UpdateTimestamp: 108203789 CellConnectionStatus: 0
08-09 22:30:00.479 19757 19757 D cellinfo: onCellInfoChanged: LTE Cell Bands: [66] Bandwidth: 20000 Cell ID: 21592321 Physical Cell ID: 374 Tracking Area Code: 11620 EARFCN: 66786
08-09 22:30:00.651 19757 19808 D cellinfo: 46 bytes from 44.241.174.93: icmp_seq=18267 ttl=26 time=74.2 ms
08-09 22:30:00.846 19757 19808 D cellinfo: 46 bytes from 44.241.174.93: icmp_seq=18268 ttl=26 time=67.9 ms
08-09 22:30:01.055 19757 19808 D cellinfo: 46 bytes from 44.241.174.93: icmp_seq=18269 ttl=26 time=77.1 ms
08-09 22:30:01.270 19757 19808 D cellinfo: 46 bytes from 44.241.174.93: icmp_seq=18270 ttl=26 time=92.6 ms
08-09 22:30:01.445 19757 19808 D cellinfo: 46 bytes from 44.241.174.93: icmp_seq=18271 ttl=26 time=66.7 ms
08-09 22:30:01.517 19757 19757 D cellinfo: onsignalStrengthsChanged: LTE Signal Strength info: rsrp: -103 rsrq: -15 rssi: -69 rssnr: 0
08-09 22:30:01.518 19757 19757 D cellinfo: onsignalStrengthsChanged: 5G-NR Signal Strength info: ssrsrp: -114 ssrsrq: -18 sssinr: -12
08-09 22:30:01.667 19757 19808 D cellinfo: 46 bytes from 44.241.174.93: icmp_seq=18272 ttl=26 time=86.7 ms
