08-09 22:34:46.698 19757 19808 D cellinfo: 46 bytes from 44.241.174.93: icmp_seq=19691 ttl=30 time=64.9 ms
08-09 22:34:46.925 19757 19808 D cellinfo: 46 bytes from 44.241.174.93: icmp_seq=19692 ttl=30 time=91.4 ms
08-09 22:34:47.135 19757 19808 D cellinfo: 46 bytes from 44.241.174.93: icmp_seq=19693 ttl=30 time=101 ms
08-09 22:34:47.403 19757 19757 D cellinfo: onsignalStrengthsChanged: LTE Signal Strength info: rsrp: -63 rsrq: -12 rssi: -51 rssnr: 26
08-09 22:34:47.403 19757 19757 D cellinfo: onsignalStrengthsChanged: 5G-NR Signal Strength info: ssrsrp: -106 ssrsrq: -14 sssinr: -4
08-09 22:34:47.514 19757 19808 D cellinfo: 46 bytes from 44.241.174.93: icmp_seq=19693 ttl=30 time=480 ms (DUP!)
08-09 22:34:47.516 19757 19808 D cellinfo: 46 bytes from 44.241.174.93: icmp_seq=19694 ttl=30 time=281 ms
08-09 22:34:47.599 19757 19808 D cellinfo: 46 bytes from 44.241.174.93: icmp_seq=19695 ttl=30 time=163 ms
08-09 22:34:47.608 19757 19757 D cellinfo: onsignalStrengthsChanged: LTE Signal Strength info: rsrp: -63 rsrq: -12 rssi: -51 rssnr: 26
08-09 22:34:47.619 19757 19757 D cellinfo: onServiceStateChanged: Channel Number: 675 Cell Bandwidths: [15000, 20000, 5000]
08-09 22:34:47.733 19757 19808 D cellinfo: 46 bytes from 44.241.174.93: icmp_seq=19696 ttl=30 time=96.1 ms
08-09 22:34:47.935 19757 19808 D cellinfo: 46 bytes from 44.241.174.93: icmp_seq=19697 ttl=30 time=97.4 ms
08-09 22:34:48.109 19757 19808 D cellinfo: 46 bytes from 44.241.174.93: icmp_seq=19698 ttl=30 time=69.8 ms
08-09 22:34:48.146 19757 19757 D cellinfo: onsignalStrengthsChanged: LTE Signal Strength info: rsrp: -63 rsrq: -12 rssi: -51 rssnr: 26
08-09 22:34:48.146 19757 19757 D cellinfo: onsignalStrengthsChanged: 5G-NR Signal Strength info: ssrsrp: -106 ssrsrq: -14 sssinr: -4
08-09 22:34:48.174 19757 19757 D cellinfo: onServiceStateChanged: Channel Number: 675 Cell Bandwidths: [15000, 20000, 5000]
08-09 22:34:48.309 19757 19808 D cellinfo: 46 bytes from 44.241.174.93: icmp_seq=19699 ttl=30 time=69.7 ms
08-09 22:34:48.509 19757 19808 D cellinfo: 46 bytes from 44.241.174.93: icmp_seq=19700 ttl=30 time=70.0 ms
08-09 22:34:48.741 19757 19808 D cellinfo: 46 bytes from 44.241.174.93: icmp_seq=19701 ttl=30 time=101 ms
08-09 22:34:48.880 19757 19757 D cellinfo: Latitude is 40.7033266
08-09 22:34:48.880 19757 19757 D cellinfo: Longitude is -111.9493846
08-09 22:34:48.880 19757 19757 D cellinfo: Instantaneous GPS information: United States, 3200 Decker Lake Dr, West Valley City, UT 84119, USA
08-09 22:34:48.880 19757 19757 D cellinfo: getCurrentLocation() result: Location (success): 40.7033266, -111.9493846
08-09 22:34:48.882 19757 19757 D cellinfo: onCellInfoChanged: Operator: T-Mobile UpdateTimestamp: 108491810 CellConnectionStatus: 0
08-09 22:34:48.882 19757 19757 D cellinfo: onCellInfoChanged: LTE Cell Bands: [2] Bandwidth: 15000 Cell ID: 21595404 Physical Cell ID: 408 Tracking Area Code: 11620 EARFCN: 675
08-09 22:34:48.910 19757 19808 D cellinfo: 46 bytes from 44.241.174.93: icmp_seq=19702 ttl=30 time=68.3 ms
08-09 22:34:49.121 19757 19808 D cellinfo: 46 bytes from 44.241.174.93: icmp_seq=19703 ttl=30 time=78.1 ms
08-09 22:34:49.320 19757 19808 D cellinfo: 46 bytes from 44.241.174.93: icmp_seq=19704 ttl=30 time=77.0 ms
08-09 22:34:49.525 19757 19808 D cellinfo: 46 bytes from 44.241.174.93: icmp_seq=19705 ttl=30 time=80.7 ms
08-09 22:34:49.720 19757 19808 D cellinfo: 46 bytes from 44.241.174.93: icmp_seq=19706 ttl=30 time=75.7 ms
08-09 22:34:49.914 19757 19808 D cellinfo: 46 bytes from 44.241.174.93: icmp_seq=19707 ttl=30 time=68.9 ms
08-09 22:34:50.116 19757 19808 D cellinfo: 46 bytes from 44.241.174.93: icmp_seq=19708 ttl=30 time=70.4 ms
08-09 22:34:50.315 19757 19808 D cellinfo: 46 bytes from 44.241.174.93: icmp_seq=19709 ttl=30 time=67.8 ms
08-09 22:34:50.514 19757 19808 D cellinfo: 46 bytes from 44.241.174.93: icmp_seq=19710 ttl=30 time=66.5 ms
08-09 22:34:50.740 19757 19808 D cellinfo: 46 bytes from 44.241.174.93: icmp_seq=19711 ttl=30 time=91.4 ms
08-09 22:34:50.790 19757 19757 D cellinfo: onsignalStrengthsChanged: LTE Signal Strength info: rsrp: -64 rsrq: -13 rssi: -51 rssnr: 25
08-09 22:34:50.790 19757 19757 D cellinfo: onsignalStrengthsChanged: 5G-NR Signal Strength info: ssrsrp: -110 ssrsrq: -19 sssinr: 2147483647
08-09 22:34:50.930 19757 19808 D cellinfo: 46 bytes from 44.241.174.93: icmp_seq=19712 ttl=30 time=79.9 ms
08-09 22:34:51.135 19757 19808 D cellinfo: 46 bytes from 44.241.174.93: icmp_seq=19713 ttl=30 time=84.8 ms
08-09 22:34:51.335 19757 19808 D cellinfo: 46 bytes from 44.241.174.93: icmp_seq=19714 ttl=30 time=84.3 ms
08-09 22:34:51.533 19757 19808 D cellinfo: 46 bytes from 44.241.174.93: icmp_seq=19715 ttl=30 time=82.0 ms
08-09 22:34:51.721 19757 19808 D cellinfo: 46 bytes from 44.241.174.93: icmp_seq=19716 ttl=30 time=69.0 ms
08-09 22:34:51.765 19757 19757 D cellinfo: Latitude is 40.7044306
08-09 22:34:51.766 19757 19757 D cellinfo: Longitude is -111.9483651
08-09 22:34:51.766 19757 19757 D cellinfo: Instantaneous GPS information: United States, 2174 W 3100 S, West Valley City, UT 84119, USA
08-09 22:34:51.766 19757 19757 D cellinfo: getCurrentLocation() result: Location (success): 40.7044306, -111.9483651
08-09 22:34:51.767 19757 19757 D cellinfo: onCellInfoChanged: Operator: T-Mobile UpdateTimestamp: 108494805 CellConnectionStatus: 0
08-09 22:34:51.768 19757 19757 D cellinfo: onCellInfoChanged: LTE Cell Bands: [2] Bandwidth: 15000 Cell ID: 21595404 Physical Cell ID: 408 Tracking Area Code: 11620 EARFCN: 675
08-09 22:34:51.924 19757 19808 D cellinfo: 46 bytes from 44.241.174.93: icmp_seq=19717 ttl=30 time=72.1 ms
08-09 22:34:52.141 19757 19808 D cellinfo: 46 bytes from 44.241.174.93: icmp_seq=19718 ttl=30 time=87.9 ms
08-09 22:34:52.330 19757 19808 D cellinfo: 46 bytes from 44.241.174.93: icmp_seq=19719 ttl=30 time=76.9 ms
08-09 22:34:52.545 19757 19808 D cellinfo: 46 bytes from 44.241.174.93: icmp_seq=19720 ttl=30 time=90.9 ms
08-09 22:34:52.741 19757 19808 D cellinfo: 46 bytes from 44.241.174.93: icmp_seq=19721 ttl=30 time=86.7 ms
08-09 22:34:52.930 19757 19808 D cellinfo: 46 bytes from 44.241.174.93: icmp_seq=19722 ttl=30 time=75.1 ms
08-09 22:34:53.136 19757 19808 D cellinfo: 46 bytes from 44.241.174.93: icmp_seq=19723 ttl=30 time=79.7 ms
08-09 22:34:53.339 19757 19808 D cellinfo: 46 bytes from 44.241.174.93: icmp_seq=19724 ttl=30 time=82.2 ms
08-09 22:34:53.516 19757 19808 D cellinfo: 46 bytes from 44.241.174.93: icmp_seq=19725 ttl=30 time=58.4 ms
08-09 22:34:53.739 19757 19808 D cellinfo: 46 bytes from 44.241.174.93: icmp_seq=19726 ttl=30 time=80.7 ms
08-09 22:34:53.790 19757 19757 D cellinfo: onsignalStrengthsChanged: LTE Signal Strength info: rsrp: -64 rsrq: -13 rssi: -51 rssnr: 25
08-09 22:34:53.790 19757 19757 D cellinfo: onsignalStrengthsChanged: 5G-NR Signal Strength info: ssrsrp: -109 ssrsrq: -16 sssinr: -6
08-09 22:34:53.940 19757 19808 D cellinfo: 46 bytes from 44.241.174.93: icmp_seq=19727 ttl=30 time=81.1 ms
08-09 22:34:54.122 19757 19757 D cellinfo: onsignalStrengthsChanged: LTE Signal Strength info: rsrp: -73 rsrq: -11 rssi: -51 rssnr: 23
08-09 22:34:54.122 19757 19757 D cellinfo: onsignalStrengthsChanged: 5G-NR Signal Strength info: ssrsrp: -109 ssrsrq: -16 sssinr: -6
08-09 22:34:54.135 19757 19808 D cellinfo: 46 bytes from 44.241.174.93: icmp_seq=19728 ttl=30 time=75.1 ms
08-09 22:34:54.329 19757 19808 D cellinfo: 46 bytes from 44.241.174.93: icmp_seq=19729 ttl=30 time=69.0 ms
08-09 22:34:54.534 19757 19808 D cellinfo: 46 bytes from 44.241.174.93: icmp_seq=19730 ttl=30 time=73.8 ms
08-09 22:34:54.726 19757 19808 D cellinfo: 46 bytes from 44.241.174.93: icmp_seq=19731 ttl=30 time=64.5 ms
08-09 22:34:54.767 19757 19757 D cellinfo: Latitude is 40.704811
08-09 22:34:54.767 19757 19757 D cellinfo: Longitude is -111.948133
08-09 22:34:54.767 19757 19757 D cellinfo: Instantaneous GPS information: United States, 2162 W 3100 S, West Valley City, UT 84119, USA
08-09 22:34:54.767 19757 19757 D cellinfo: getCurrentLocation() result: Location (success): 40.704811, -111.948133
08-09 22:34:54.769 19757 19757 D cellinfo: onCellInfoChanged: Operator: T-Mobile UpdateTimestamp: 108497804 CellConnectionStatus: 0
08-09 22:34:54.769 19757 19757 D cellinfo: onCellInfoChanged: LTE Cell Bands: [2] Bandwidth: 15000 Cell ID: 21595404 Physical Cell ID: 408 Tracking Area Code: 11620 EARFCN: 675
08-09 22:34:54.933 19757 19808 D cellinfo: 46 bytes from 44.241.174.93: icmp_seq=19732 ttl=30 time=70.8 ms
08-09 22:34:55.139 19757 19808 D cellinfo: 46 bytes from 44.241.174.93: icmp_seq=19733 ttl=30 time=76.5 ms
08-09 22:34:55.324 19757 19808 D cellinfo: 46 bytes from 44.241.174.93: icmp_seq=19734 ttl=30 time=60.8 ms
08-09 22:34:55.540 19757 19808 D cellinfo: 46 bytes from 44.241.174.93: icmp_seq=19735 ttl=30 time=75.8 ms
08-09 22:34:55.735 19757 19808 D cellinfo: 46 bytes from 44.241.174.93: icmp_seq=19736 ttl=30 time=70.8 ms
08-09 22:34:55.930 19757 19808 D cellinfo: 46 bytes from 44.241.174.93: icmp_seq=19737 ttl=30 time=65.1 ms
08-09 22:34:56.141 19757 19808 D cellinfo: 46 bytes from 44.241.174.93: icmp_seq=19738 ttl=30 time=75.7 ms
08-09 22:34:56.334 19757 19808 D cellinfo: 46 bytes from 44.241.174.93: icmp_seq=19739 ttl=30 time=68.9 ms
08-09 22:34:56.360 19757 19757 D cellinfo: onsignalStrengthsChanged: LTE Signal Strength info: rsrp: -74 rsrq: -13 rssi: -51 rssnr: 19
08-09 22:34:56.360 19757 19757 D cellinfo: onsignalStrengthsChanged: 5G-NR Signal Strength info: ssrsrp: -109 ssrsrq: -16 sssinr: -6
08-09 22:34:56.541 19757 19808 D cellinfo: 46 bytes from 44.241.174.93: icmp_seq=19740 ttl=30 time=74.4 ms
08-09 22:34:56.729 19757 19808 D cellinfo: 46 bytes from 44.241.174.93: icmp_seq=19741 ttl=30 time=61.8 ms
08-09 22:34:56.786 19757 19757 D cellinfo: onsignalStrengthsChanged: LTE Signal Strength info: rsrp: -74 rsrq: -13 rssi: -51 rssnr: 19
08-09 22:34:56.786 19757 19757 D cellinfo: onsignalStrengthsChanged: 5G-NR Signal Strength info: ssrsrp: -111 ssrsrq: -15 sssinr: 14
08-09 22:34:56.946 19757 19808 D cellinfo: 46 bytes from 44.241.174.93: icmp_seq=19742 ttl=30 time=78.0 ms
08-09 22:34:57.154 19757 19808 D cellinfo: 46 bytes from 44.241.174.93: icmp_seq=19743 ttl=30 time=86.3 ms
08-09 22:34:57.354 19757 19808 D cellinfo: 46 bytes from 44.241.174.93: icmp_seq=19744 ttl=30 time=84.6 ms
08-09 22:34:57.555 19757 19808 D cellinfo: 46 bytes from 44.241.174.93: icmp_seq=19745 ttl=30 time=84.7 ms
08-09 22:34:57.730 19757 19808 D cellinfo: 46 bytes from 44.241.174.93: icmp_seq=19746 ttl=30 time=58.8 ms
08-09 22:34:57.793 19757 19757 D cellinfo: Latitude is 40.7048704
08-09 22:34:57.794 19757 19757 D cellinfo: Longitude is -111.948198
08-09 22:34:57.794 19757 19757 D cellinfo: Instantaneous GPS information: United States, 2162 W 3100 S, West Valley City, UT 84119, USA
08-09 22:34:57.794 19757 19757 D cellinfo: getCurrentLocation() result: Location (success): 40.7048704, -111.948198
08-09 22:34:57.796 19757 19757 D cellinfo: onCellInfoChanged: Operator: T-Mobile UpdateTimestamp: 108500781 CellConnectionStatus: 0
08-09 22:34:57.796 19757 19757 D cellinfo: onCellInfoChanged: LTE Cell Bands: [2] Bandwidth: 15000 Cell ID: 21595404 Physical Cell ID: 408 Tracking Area Code: 11620 EARFCN: 675
08-09 22:34:57.961 19757 19808 D cellinfo: 46 bytes from 44.241.174.93: icmp_seq=19747 ttl=30 time=89.4 ms
08-09 22:34:58.156 19757 19808 D cellinfo: 46 bytes from 44.241.174.93: icmp_seq=19748 ttl=30 time=84.0 ms
08-09 22:34:58.354 19757 19808 D cellinfo: 46 bytes from 44.241.174.93: icmp_seq=19749 ttl=30 time=82.0 ms
08-09 22:34:58.545 19757 19808 D cellinfo: 46 bytes from 44.241.174.93: icmp_seq=19750 ttl=30 time=72.2 ms
08-09 22:34:58.600 19757 19757 D cellinfo: onsignalStrengthsChanged: LTE Signal Strength info: rsrp: -74 rsrq: -14 rssi: -51 rssnr: 17
08-09 22:34:58.600 19757 19757 D cellinfo: onsignalStrengthsChanged: 5G-NR Signal Strength info: ssrsrp: -111 ssrsrq: -15 sssinr: 14
08-09 22:34:58.755 19757 19808 D cellinfo: 46 bytes from 44.241.174.93: icmp_seq=19751 ttl=30 time=81.0 ms
08-09 22:34:58.954 19757 19808 D cellinfo: 46 bytes from 44.241.174.93: icmp_seq=19752 ttl=30 time=80.1 ms
08-09 22:34:59.155 19757 19808 D cellinfo: 46 bytes from 44.241.174.93: icmp_seq=19753 ttl=30 time=80.0 ms
08-09 22:34:59.355 19757 19808 D cellinfo: 46 bytes from 44.241.174.93: icmp_seq=19754 ttl=30 time=80.2 ms
08-09 22:34:59.554 19757 19808 D cellinfo: 46 bytes from 44.241.174.93: icmp_seq=19755 ttl=30 time=78.6 ms
08-09 22:34:59.754 19757 19808 D cellinfo: 46 bytes from 44.241.174.93: icmp_seq=19756 ttl=30 time=77.5 ms
08-09 22:34:59.789 19757 19757 D cellinfo: onsignalStrengthsChanged: LTE Signal Strength info: rsrp: -74 rsrq: -14 rssi: -51 rssnr: 17
08-09 22:34:59.789 19757 19757 D cellinfo: onsignalStrengthsChanged: 5G-NR Signal Strength info: ssrsrp: -111 ssrsrq: -15 sssinr: 22
08-09 22:34:59.956 19757 19808 D cellinfo: 46 bytes from 44.241.174.93: icmp_seq=19757 ttl=30 time=77.9 ms
08-09 22:35:00.154 19757 19808 D cellinfo: 46 bytes from 44.241.174.93: icmp_seq=19758 ttl=30 time=75.6 ms
08-09 22:35:00.356 19757 19808 D cellinfo: 46 bytes from 44.241.174.93: icmp_seq=19759 ttl=30 time=76.7 ms
08-09 22:35:00.557 19757 19808 D cellinfo: 46 bytes from 44.241.174.93: icmp_seq=19760 ttl=30 time=76.1 ms
08-09 22:35:00.751 19757 19808 D cellinfo: 46 bytes from 44.241.174.93: icmp_seq=19761 ttl=30 time=68.4 ms
08-09 22:35:00.761 19757 19757 D cellinfo: Latitude is 40.7047534
08-09 22:35:00.761 19757 19757 D cellinfo: Longitude is -111.9481737
08-09 22:35:00.761 19757 19757 D cellinfo: Instantaneous GPS information: United States, 2162 W 3100 S, West Valley City, UT 84119, USA
08-09 22:35:00.761 19757 19757 D cellinfo: getCurrentLocation() result: Location (success): 40.7047534, -111.9481737
08-09 22:35:00.763 19757 19757 D cellinfo: onCellInfoChanged: Operator: T-Mobile UpdateTimestamp: 108503774 CellConnectionStatus: 0
08-09 22:35:00.763 19757 19757 D cellinfo: onCellInfoChanged: LTE Cell Bands: [2] Bandwidth: 15000 Cell ID: 21595404 Physical Cell ID: 408 Tracking Area Code: 11620 EARFCN: 675
08-09 22:35:00.945 19757 19808 D cellinfo: 46 bytes from 44.241.174.93: icmp_seq=19762 ttl=30 time=61.3 ms
08-09 22:35:01.155 19757 19808 D cellinfo: 46 bytes from 44.241.174.93: icmp_seq=19763 ttl=30 time=69.8 ms
08-09 22:35:01.371 19757 19808 D cellinfo: 46 bytes from 44.241.174.93: icmp_seq=19764 ttl=30 time=85.7 ms
08-09 22:35:01.556 19757 19808 D cellinfo: 46 bytes from 44.241.174.93: icmp_seq=19765 ttl=30 time=69.6 ms
08-09 22:35:01.761 19757 19808 D cellinfo: 46 bytes from 44.241.174.93: icmp_seq=19766 ttl=30 time=73.8 ms
08-09 22:35:01.960 19757 19808 D cellinfo: 46 bytes from 44.241.174.93: icmp_seq=19767 ttl=30 time=72.0 ms
08-09 22:35:02.170 19757 19808 D cellinfo: 46 bytes from 44.241.174.93: icmp_seq=19768 ttl=30 time=81.5 ms
08-09 22:35:02.375 19757 19808 D cellinfo: 46 bytes from 44.241.174.93: icmp_seq=19769 ttl=30 time=85.9 ms
08-09 22:35:02.574 19757 19808 D cellinfo: 46 bytes from 44.241.174.93: icmp_seq=19770 ttl=30 time=84.6 ms
08-09 22:35:02.776 19757 19808 D cellinfo: 46 bytes from 44.241.174.93: icmp_seq=19771 ttl=30 time=85.0 ms
08-09 22:35:02.788 19757 19757 D cellinfo: onsignalStrengthsChanged: LTE Signal Strength info: rsrp: -74 rsrq: -14 rssi: -51 rssnr: 17
08-09 22:35:02.788 19757 19757 D cellinfo: onsignalStrengthsChanged: 5G-NR Signal Strength info: ssrsrp: -110 ssrsrq: -14 sssinr: 11
08-09 22:35:02.975 19757 19808 D cellinfo: 46 bytes from 44.241.174.93: icmp_seq=19772 ttl=30 time=84.2 ms
08-09 22:35:03.080 19757 19757 D cellinfo: onsignalStrengthsChanged: LTE Signal Strength info: rsrp: -76 rsrq: -18 rssi: -51 rssnr: 15
08-09 22:35:03.080 19757 19757 D cellinfo: onsignalStrengthsChanged: 5G-NR Signal Strength info: ssrsrp: -110 ssrsrq: -14 sssinr: 11
08-09 22:35:03.170 19757 19808 D cellinfo: 46 bytes from 44.241.174.93: icmp_seq=19773 ttl=30 time=78.2 ms
08-09 22:35:03.379 19757 19808 D cellinfo: 46 bytes from 44.241.174.93: icmp_seq=19774 ttl=30 time=87.1 ms
08-09 22:35:03.575 19757 19808 D cellinfo: 46 bytes from 44.241.174.93: icmp_seq=19775 ttl=30 time=82.4 ms
08-09 22:35:03.760 19757 19757 D cellinfo: Latitude is 40.7038304
08-09 22:35:03.760 19757 19757 D cellinfo: Longitude is -111.9489122
08-09 22:35:03.760 19757 19757 D cellinfo: Instantaneous GPS information: United States, 2210 3100 S, West Valley City, UT 84119, USA
08-09 22:35:03.760 19757 19757 D cellinfo: getCurrentLocation() result: Location (success): 40.7038304, -111.9489122
08-09 22:35:03.762 19757 19757 D cellinfo: onCellInfoChanged: Operator: T-Mobile UpdateTimestamp: 108506797 CellConnectionStatus: 0
08-09 22:35:03.762 19757 19757 D cellinfo: onCellInfoChanged: LTE Cell Bands: [2] Bandwidth: 15000 Cell ID: 21595404 Physical Cell ID: 408 Tracking Area Code: 11620 EARFCN: 675
08-09 22:35:03.769 19757 19808 D cellinfo: 46 bytes from 44.241.174.93: icmp_seq=19776 ttl=30 time=73.9 ms
08-09 22:35:03.960 19757 19808 D cellinfo: 46 bytes from 44.241.174.93: icmp_seq=19777 ttl=30 time=64.1 ms
08-09 22:35:04.175 19757 19808 D cellinfo: 46 bytes from 44.241.174.93: icmp_seq=19778 ttl=30 time=78.5 ms
08-09 22:35:04.375 19757 19808 D cellinfo: 46 bytes from 44.241.174.93: icmp_seq=19779 ttl=30 time=77.5 ms
08-09 22:35:04.570 19757 19808 D cellinfo: 46 bytes from 44.241.174.93: icmp_seq=19780 ttl=30 time=71.4 ms
08-09 22:35:04.781 19757 19808 D cellinfo: 46 bytes from 44.241.174.93: icmp_seq=19781 ttl=30 time=81.4 ms
08-09 22:35:04.993 19757 19808 D cellinfo: 46 bytes from 44.241.174.93: icmp_seq=19782 ttl=30 time=92.6 ms
08-09 22:35:05.185 19757 19808 D cellinfo: 46 bytes from 44.241.174.93: icmp_seq=19783 ttl=30 time=83.6 ms
08-09 22:35:05.323 19757 19757 D cellinfo: onsignalStrengthsChanged: LTE Signal Strength info: rsrp: -74 rsrq: -13 rssi: -51 rssnr: 10
08-09 22:35:05.323 19757 19757 D cellinfo: onsignalStrengthsChanged: 5G-NR Signal Strength info: ssrsrp: -110 ssrsrq: -14 sssinr: 11
08-09 22:35:05.389 19757 19808 D cellinfo: 46 bytes from 44.241.174.93: icmp_seq=19784 ttl=30 time=85.8 ms
08-09 22:35:05.571 19757 19808 D cellinfo: 46 bytes from 44.241.174.93: icmp_seq=19785 ttl=30 time=67.8 ms
08-09 22:35:05.774 19757 19808 D cellinfo: 46 bytes from 44.241.174.93: icmp_seq=19786 ttl=30 time=70.3 ms
08-09 22:35:05.787 19757 19757 D cellinfo: onsignalStrengthsChanged: LTE Signal Strength info: rsrp: -74 rsrq: -13 rssi: -51 rssnr: 10
08-09 22:35:05.788 19757 19757 D cellinfo: onsignalStrengthsChanged: 5G-NR Signal Strength info: ssrsrp: -110 ssrsrq: -15 sssinr: -8
08-09 22:35:05.985 19757 19808 D cellinfo: 46 bytes from 44.241.174.93: icmp_seq=19787 ttl=30 time=80.3 ms
08-09 22:35:06.176 19757 19808 D cellinfo: 46 bytes from 44.241.174.93: icmp_seq=19788 ttl=30 time=70.4 ms
08-09 22:35:06.375 19757 19808 D cellinfo: 46 bytes from 44.241.174.93: icmp_seq=19789 ttl=30 time=68.1 ms
08-09 22:35:06.491 19757 19757 D cellinfo: onCellInfoChanged: Operator: T-Mobile UpdateTimestamp: 108509800 CellConnectionStatus: 0
08-09 22:35:06.491 19757 19757 D cellinfo: onCellInfoChanged: LTE Cell Bands: [2] Bandwidth: 15000 Cell ID: 21595404 Physical Cell ID: 408 Tracking Area Code: 11620 EARFCN: 675
08-09 22:35:06.575 19757 19808 D cellinfo: 46 bytes from 44.241.174.93: icmp_seq=19790 ttl=30 time=67.4 ms
08-09 22:35:06.800 19757 19808 D cellinfo: 46 bytes from 44.241.174.93: icmp_seq=19791 ttl=30 time=91.9 ms
08-09 22:35:06.995 19757 19808 D cellinfo: 46 bytes from 44.241.174.93: icmp_seq=19792 ttl=30 time=86.8 ms
08-09 22:35:07.195 19757 19808 D cellinfo: 46 bytes from 44.241.174.93: icmp_seq=19793 ttl=30 time=85.5 ms
08-09 22:35:07.376 19757 19808 D cellinfo: 46 bytes from 44.241.174.93: icmp_seq=19794 ttl=30 time=66.4 ms
08-09 22:35:07.400 19757 19757 D cellinfo: Latitude is 40.7040356
08-09 22:35:07.400 19757 19757 D cellinfo: Longitude is -111.9497687
08-09 22:35:07.400 19757 19757 D cellinfo: Instantaneous GPS information: United States, 3078 Decker Lake Dr, West Valley City, UT 84119, USA
08-09 22:35:07.400 19757 19757 D cellinfo: getCurrentLocation() result: Location (success): 40.7040356, -111.9497687
08-09 22:35:07.563 19757 19757 D cellinfo: onsignalStrengthsChanged: LTE Signal Strength info: rsrp: -76 rsrq: -14 rssi: -51 rssnr: 5
08-09 22:35:07.563 19757 19757 D cellinfo: onsignalStrengthsChanged: 5G-NR Signal Strength info: ssrsrp: -110 ssrsrq: -15 sssinr: -8
08-09 22:35:07.595 19757 19808 D cellinfo: 46 bytes from 44.241.174.93: icmp_seq=19795 ttl=30 time=83.9 ms
08-09 22:35:07.800 19757 19808 D cellinfo: 46 bytes from 44.241.174.93: icmp_seq=19796 ttl=30 time=88.5 ms
08-09 22:35:07.999 19757 19808 D cellinfo: 46 bytes from 44.241.174.93: icmp_seq=19797 ttl=30 time=86.5 ms
08-09 22:35:08.195 19757 19808 D cellinfo: 46 bytes from 44.241.174.93: icmp_seq=19798 ttl=30 time=81.8 ms
08-09 22:35:08.399 19757 19808 D cellinfo: 46 bytes from 44.241.174.93: icmp_seq=19799 ttl=30 time=85.4 ms
08-09 22:35:08.598 19757 19808 D cellinfo: 46 bytes from 44.241.174.93: icmp_seq=19800 ttl=30 time=83.2 ms
08-09 22:35:08.790 19757 19757 D cellinfo: onsignalStrengthsChanged: LTE Signal Strength info: rsrp: -76 rsrq: -14 rssi: -51 rssnr: 5
08-09 22:35:08.790 19757 19757 D cellinfo: onsignalStrengthsChanged: 5G-NR Signal Strength info: ssrsrp: -109 ssrsrq: -15 sssinr: -13
08-09 22:35:08.791 19757 19808 D cellinfo: 46 bytes from 44.241.174.93: icmp_seq=19801 ttl=30 time=75.4 ms
08-09 22:35:08.994 19757 19808 D cellinfo: 46 bytes from 44.241.174.93: icmp_seq=19802 ttl=30 time=78.0 ms
08-09 22:35:09.195 19757 19808 D cellinfo: 46 bytes from 44.241.174.93: icmp_seq=19803 ttl=30 time=78.0 ms
08-09 22:35:09.390 19757 19808 D cellinfo: 46 bytes from 44.241.174.93: icmp_seq=19804 ttl=30 time=73.1 ms
08-09 22:35:09.431 19757 19757 D cellinfo: Latitude is 40.7040356
08-09 22:35:09.431 19757 19757 D cellinfo: Longitude is -111.9497687
08-09 22:35:09.431 19757 19757 D cellinfo: Instantaneous GPS information: United States, 3078 Decker Lake Dr, West Valley City, UT 84119, USA
08-09 22:35:09.431 19757 19757 D cellinfo: getCurrentLocation() result: Location (success): 40.7040356, -111.9497687
08-09 22:35:09.467 19757 19757 D cellinfo: onCellInfoChanged: Operator: T-Mobile UpdateTimestamp: 108512777 CellConnectionStatus: 0
08-09 22:35:09.467 19757 19757 D cellinfo: onCellInfoChanged: LTE Cell Bands: [2] Bandwidth: 15000 Cell ID: 21595404 Physical Cell ID: 408 Tracking Area Code: 11620 EARFCN: 675
08-09 22:35:09.594 19757 19808 D cellinfo: 46 bytes from 44.241.174.93: icmp_seq=19805 ttl=30 time=77.0 ms
08-09 22:35:09.794 19757 19808 D cellinfo: 46 bytes from 44.241.174.93: icmp_seq=19806 ttl=30 time=76.4 ms
08-09 22:35:10.000 19757 19808 D cellinfo: 46 bytes from 44.241.174.93: icmp_seq=19807 ttl=30 time=80.9 ms
08-09 22:35:10.203 19757 19808 D cellinfo: 46 bytes from 44.241.174.93: icmp_seq=19808 ttl=30 time=84.4 ms
08-09 22:35:10.399 19757 19808 D cellinfo: 46 bytes from 44.241.174.93: icmp_seq=19809 ttl=30 time=80.1 ms
08-09 22:35:10.596 19757 19808 D cellinfo: 46 bytes from 44.241.174.93: icmp_seq=19810 ttl=30 time=75.9 ms
08-09 22:35:10.794 19757 19808 D cellinfo: 46 bytes from 44.241.174.93: icmp_seq=19811 ttl=30 time=73.8 ms
08-09 22:35:11.000 19757 19808 D cellinfo: 46 bytes from 44.241.174.93: icmp_seq=19812 ttl=30 time=78.7 ms
08-09 22:35:11.194 19757 19808 D cellinfo: 46 bytes from 44.241.174.93: icmp_seq=19813 ttl=30 time=72.7 ms
08-09 22:35:11.394 19757 19808 D cellinfo: 46 bytes from 44.241.174.93: icmp_seq=19814 ttl=30 time=71.6 ms
08-09 22:35:11.590 19757 19808 D cellinfo: 46 bytes from 44.241.174.93: icmp_seq=19815 ttl=30 time=65.9 ms
08-09 22:35:11.790 19757 19757 D cellinfo: onsignalStrengthsChanged: LTE Signal Strength info: rsrp: -76 rsrq: -14 rssi: -51 rssnr: 5
08-09 22:35:11.790 19757 19757 D cellinfo: onsignalStrengthsChanged: 5G-NR Signal Strength info: ssrsrp: -110 ssrsrq: -16 sssinr: -20
08-09 22:35:11.795 19757 19808 D cellinfo: 46 bytes from 44.241.174.93: icmp_seq=19816 ttl=30 time=70.4 ms
08-09 22:35:11.994 19757 19808 D cellinfo: 46 bytes from 44.241.174.93: icmp_seq=19817 ttl=30 time=69.0 ms
08-09 22:35:12.044 19757 19757 D cellinfo: onsignalStrengthsChanged: LTE Signal Strength info: rsrp: -73 rsrq: -10 rssi: -51 rssnr: 9
08-09 22:35:12.044 19757 19757 D cellinfo: onsignalStrengthsChanged: 5G-NR Signal Strength info: ssrsrp: -110 ssrsrq: -16 sssinr: -20
08-09 22:35:12.195 19757 19808 D cellinfo: 46 bytes from 44.241.174.93: icmp_seq=19818 ttl=30 time=69.4 ms
08-09 22:35:12.395 19757 19808 D cellinfo: 46 bytes from 44.241.174.93: icmp_seq=19819 ttl=30 time=68.1 ms
08-09 22:35:12.595 19757 19808 D cellinfo: 46 bytes from 44.241.174.93: icmp_seq=19820 ttl=30 time=67.1 ms
08-09 22:35:12.802 19757 19757 D cellinfo: Latitude is 40.7040502
08-09 22:35:12.802 19757 19757 D cellinfo: Longitude is -111.9499335
08-09 22:35:12.802 19757 19757 D cellinfo: Instantaneous GPS information: United States, 3078 Decker Lake Dr, West Valley City, UT 84119, USA
08-09 22:35:12.802 19757 19757 D cellinfo: getCurrentLocation() result: Location (success): 40.7040502, -111.9499335
08-09 22:35:12.804 19757 19757 D cellinfo: onCellInfoChanged: Operator: T-Mobile UpdateTimestamp: 108515794 CellConnectionStatus: 0
08-09 22:35:12.804 19757 19757 D cellinfo: onCellInfoChanged: LTE Cell Bands: [2] Bandwidth: 15000 Cell ID: 21595404 Physical Cell ID: 408 Tracking Area Code: 11620 EARFCN: 675
08-09 22:35:12.807 19757 19808 D cellinfo: 46 bytes from 44.241.174.93: icmp_seq=19821 ttl=30 time=78.4 ms
08-09 22:35:12.999 19757 19808 D cellinfo: 46 bytes from 44.241.174.93: icmp_seq=19822 ttl=30 time=69.6 ms
08-09 22:35:13.214 19757 19808 D cellinfo: 46 bytes from 44.241.174.93: icmp_seq=19823 ttl=30 time=83.4 ms
08-09 22:35:13.418 19757 19808 D cellinfo: 46 bytes from 44.241.174.93: icmp_seq=19824 ttl=30 time=85.1 ms
08-09 22:35:13.616 19757 19808 D cellinfo: 46 bytes from 44.241.174.93: icmp_seq=19825 ttl=30 time=84.1 ms
08-09 22:35:13.805 19757 19808 D cellinfo: 46 bytes from 44.241.174.93: icmp_seq=19826 ttl=30 time=72.0 ms
08-09 22:35:14.015 19757 19808 D cellinfo: 46 bytes from 44.241.174.93: icmp_seq=19827 ttl=30 time=81.4 ms
08-09 22:35:14.216 19757 19808 D cellinfo: 46 bytes from 44.241.174.93: icmp_seq=19828 ttl=30 time=83.2 ms
08-09 22:35:14.279 19757 19757 D cellinfo: onsignalStrengthsChanged: LTE Signal Strength info: rsrp: -75 rsrq: -14 rssi: -51 rssnr: 3
08-09 22:35:14.279 19757 19757 D cellinfo: onsignalStrengthsChanged: 5G-NR Signal Strength info: ssrsrp: -110 ssrsrq: -16 sssinr: -20
08-09 22:35:14.416 19757 19808 D cellinfo: 46 bytes from 44.241.174.93: icmp_seq=19829 ttl=30 time=82.5 ms
08-09 22:35:14.614 19757 19808 D cellinfo: 46 bytes from 44.241.174.93: icmp_seq=19830 ttl=30 time=79.4 ms
08-09 22:35:14.790 19757 19757 D cellinfo: onsignalStrengthsChanged: LTE Signal Strength info: rsrp: -75 rsrq: -14 rssi: -51 rssnr: 3
08-09 22:35:14.791 19757 19757 D cellinfo: onsignalStrengthsChanged: 5G-NR Signal Strength info: ssrsrp: -109 ssrsrq: -16 sssinr: -17
08-09 22:35:14.815 19757 19808 D cellinfo: 46 bytes from 44.241.174.93: icmp_seq=19831 ttl=30 time=79.0 ms
08-09 22:35:15.014 19757 19808 D cellinfo: 46 bytes from 44.241.174.93: icmp_seq=19832 ttl=30 time=78.0 ms
08-09 22:35:15.214 19757 19808 D cellinfo: 46 bytes from 44.241.174.93: icmp_seq=19833 ttl=30 time=78.8 ms
08-09 22:35:15.414 19757 19808 D cellinfo: 46 bytes from 44.241.174.93: icmp_seq=19834 ttl=30 time=77.7 ms
08-09 22:35:15.608 19757 19808 D cellinfo: 46 bytes from 44.241.174.93: icmp_seq=19835 ttl=30 time=70.9 ms
08-09 22:35:15.716 19757 19757 D cellinfo: Latitude is 40.7041626
08-09 22:35:15.716 19757 19757 D cellinfo: Longitude is -111.9498983
08-09 22:35:15.716 19757 19757 D cellinfo: Instantaneous GPS information: United States, 3078 Decker Lake Dr, West Valley City, UT 84119, USA
08-09 22:35:15.716 19757 19757 D cellinfo: getCurrentLocation() result: Location (success): 40.7041626, -111.9498983
08-09 22:35:15.718 19757 19757 D cellinfo: onCellInfoChanged: Operator: T-Mobile UpdateTimestamp: 108518786 CellConnectionStatus: 0
08-09 22:35:15.718 19757 19757 D cellinfo: onCellInfoChanged: LTE Cell Bands: [2] Bandwidth: 15000 Cell ID: 21595404 Physical Cell ID: 408 Tracking Area Code: 11620 EARFCN: 675
08-09 22:35:15.805 19757 19808 D cellinfo: 46 bytes from 44.241.174.93: icmp_seq=19836 ttl=30 time=67.2 ms
08-09 22:35:16.015 19757 19808 D cellinfo: 46 bytes from 44.241.174.93: icmp_seq=19837 ttl=30 time=77.1 ms
08-09 22:35:16.226 19757 19808 D cellinfo: 46 bytes from 44.241.174.93: icmp_seq=19838 ttl=30 time=88.4 ms
08-09 22:35:16.414 19757 19808 D cellinfo: 46 bytes from 44.241.174.93: icmp_seq=19839 ttl=30 time=75.5 ms
08-09 22:35:16.523 19757 19757 D cellinfo: onsignalStrengthsChanged: LTE Signal Strength info: rsrp: -74 rsrq: -15 rssi: -51 rssnr: 8
08-09 22:35:16.523 19757 19757 D cellinfo: onsignalStrengthsChanged: 5G-NR Signal Strength info: ssrsrp: -109 ssrsrq: -16 sssinr: -17
08-09 22:35:16.615 19757 19808 D cellinfo: 46 bytes from 44.241.174.93: icmp_seq=19840 ttl=30 time=75.0 ms
08-09 22:35:16.814 19757 19808 D cellinfo: 46 bytes from 44.241.174.93: icmp_seq=19841 ttl=30 time=74.1 ms
08-09 22:35:17.020 19757 19808 D cellinfo: 46 bytes from 44.241.174.93: icmp_seq=19842 ttl=30 time=79.3 ms
08-09 22:35:17.215 19757 19808 D cellinfo: 46 bytes from 44.241.174.93: icmp_seq=19843 ttl=30 time=74.5 ms
08-09 22:35:17.413 19757 19808 D cellinfo: 46 bytes from 44.241.174.93: icmp_seq=19844 ttl=30 time=71.8 ms
08-09 22:35:17.619 19757 19808 D cellinfo: 46 bytes from 44.241.174.93: icmp_seq=19845 ttl=30 time=77.4 ms
08-09 22:35:17.791 19757 19757 D cellinfo: onsignalStrengthsChanged: LTE Signal Strength info: rsrp: -74 rsrq: -15 rssi: -51 rssnr: 8
08-09 22:35:17.791 19757 19757 D cellinfo: onsignalStrengthsChanged: 5G-NR Signal Strength info: ssrsrp: -108 ssrsrq: -15 sssinr: -10
08-09 22:35:17.813 19757 19808 D cellinfo: 46 bytes from 44.241.174.93: icmp_seq=19846 ttl=30 time=70.8 ms
08-09 22:35:18.021 19757 19808 D cellinfo: 46 bytes from 44.241.174.93: icmp_seq=19847 ttl=30 time=77.8 ms
08-09 22:35:18.221 19757 19808 D cellinfo: 46 bytes from 44.241.174.93: icmp_seq=19848 ttl=30 time=77.8 ms
08-09 22:35:18.445 19757 19808 D cellinfo: 46 bytes from 44.241.174.93: icmp_seq=19849 ttl=30 time=101 ms
08-09 22:35:18.620 19757 19808 D cellinfo: 46 bytes from 44.241.174.93: icmp_seq=19850 ttl=30 time=75.9 ms
08-09 22:35:18.769 19757 19757 D cellinfo: Latitude is 40.7042111
08-09 22:35:18.769 19757 19757 D cellinfo: Longitude is -111.9498736
08-09 22:35:18.769 19757 19757 D cellinfo: Instantaneous GPS information: United States, 3078 Decker Lake Dr, West Valley City, UT 84119, USA
08-09 22:35:18.769 19757 19757 D cellinfo: getCurrentLocation() result: Location (success): 40.7042111, -111.9498736
08-09 22:35:18.771 19757 19757 D cellinfo: onCellInfoChanged: Operator: T-Mobile UpdateTimestamp: 108521810 CellConnectionStatus: 0
08-09 22:35:18.771 19757 19757 D cellinfo: onCellInfoChanged: LTE Cell Bands: [2] Bandwidth: 15000 Cell ID: 21595404 Physical Cell ID: 408 Tracking Area Code: 11620 EARFCN: 675
08-09 22:35:18.854 19757 19808 D cellinfo: 46 bytes from 44.241.174.93: icmp_seq=19851 ttl=30 time=108 ms
08-09 22:35:18.980 19757 19757 D cellinfo: onsignalStrengthsChanged: LTE Signal Strength info: rsrp: -74 rsrq: -15 rssi: -51 rssnr: 8
08-09 22:35:18.998 19757 19757 D cellinfo: onServiceStateChanged: Channel Number: 675 Cell Bandwidths: [15000, 20000, 5000]
08-09 22:35:19.016 19757 19808 D cellinfo: 46 bytes from 44.241.174.93: icmp_seq=19852 ttl=30 time=69.4 ms
08-09 22:35:19.062 19757 19757 D cellinfo: onServiceStateChanged: Channel Number: 675 Cell Bandwidths: [15000]
08-09 22:35:19.118 19757 19808 D cellinfo: 46 bytes from 44.241.174.93: icmp_seq=19852 ttl=30 time=170 ms (DUP!)
08-09 22:35:19.225 19757 19808 D cellinfo: 46 bytes from 44.241.174.93: icmp_seq=19853 ttl=30 time=77.8 ms
08-09 22:35:19.384 19757 19757 D cellinfo: onServiceStateChanged: Channel Number: 675 Cell Bandwidths: [15000, 20000, 5000]
08-09 22:35:19.439 19757 19808 D cellinfo: 46 bytes from 44.241.174.93: icmp_seq=19854 ttl=30 time=92.2 ms
08-09 22:35:19.608 19757 19757 D cellinfo: onsignalStrengthsChanged: LTE Signal Strength info: rsrp: -74 rsrq: -15 rssi: -51 rssnr: 8
08-09 22:35:19.608 19757 19757 D cellinfo: onsignalStrengthsChanged: 5G-NR Signal Strength info: ssrsrp: -108 ssrsrq: -15 sssinr: -10
08-09 22:35:19.613 19757 19808 D cellinfo: 46 bytes from 44.241.174.93: icmp_seq=19855 ttl=30 time=65.0 ms
08-09 22:35:19.635 19757 19757 D cellinfo: onServiceStateChanged: Channel Number: 675 Cell Bandwidths: [15000, 20000, 5000]
08-09 22:35:19.829 19757 19808 D cellinfo: 46 bytes from 44.241.174.93: icmp_seq=19856 ttl=30 time=81.2 ms
08-09 22:35:20.038 19757 19808 D cellinfo: 46 bytes from 44.241.174.93: icmp_seq=19857 ttl=30 time=89.3 ms
08-09 22:35:20.241 19757 19808 D cellinfo: 46 bytes from 44.241.174.93: icmp_seq=19858 ttl=30 time=91.8 ms
08-09 22:35:20.429 19757 19808 D cellinfo: 46 bytes from 44.241.174.93: icmp_seq=19859 ttl=30 time=79.9 ms
08-09 22:35:20.635 19757 19808 D cellinfo: 46 bytes from 44.241.174.93: icmp_seq=19860 ttl=30 time=85.4 ms
08-09 22:35:20.835 19757 19808 D cellinfo: 46 bytes from 44.241.174.93: icmp_seq=19861 ttl=30 time=84.3 ms
08-09 22:35:21.030 19757 19808 D cellinfo: 46 bytes from 44.241.174.93: icmp_seq=19862 ttl=30 time=78.7 ms
08-09 22:35:21.231 19757 19808 D cellinfo: 46 bytes from 44.241.174.93: icmp_seq=19863 ttl=30 time=79.2 ms
08-09 22:35:21.431 19757 19808 D cellinfo: 46 bytes from 44.241.174.93: icmp_seq=19864 ttl=30 time=79.0 ms
08-09 22:35:21.483 19757 19757 D cellinfo: onCellInfoChanged: Operator: T-Mobile UpdateTimestamp: 108524793 CellConnectionStatus: 0
08-09 22:35:21.483 19757 19757 D cellinfo: onCellInfoChanged: LTE Cell Bands: [2] Bandwidth: 15000 Cell ID: 21595403 Physical Cell ID: 410 Tracking Area Code: 11620 EARFCN: 675
08-09 22:35:21.638 19757 19808 D cellinfo: 46 bytes from 44.241.174.93: icmp_seq=19865 ttl=30 time=85.6 ms
08-09 22:35:21.830 19757 19808 D cellinfo: 46 bytes from 44.241.174.93: icmp_seq=19866 ttl=30 time=76.4 ms
08-09 22:35:22.031 19757 19808 D cellinfo: 46 bytes from 44.241.174.93: icmp_seq=19867 ttl=30 time=76.1 ms
08-09 22:35:22.051 19757 19757 D cellinfo: onsignalStrengthsChanged: LTE Signal Strength info: rsrp: -69 rsrq: -12 rssi: -51 rssnr: 6
08-09 22:35:22.051 19757 19757 D cellinfo: onsignalStrengthsChanged: 5G-NR Signal Strength info: ssrsrp: -114 ssrsrq: -17 sssinr: 2147483647
08-09 22:35:22.229 19757 19808 D cellinfo: 46 bytes from 44.241.174.93: icmp_seq=19868 ttl=30 time=74.5 ms
08-09 22:35:22.434 19757 19808 D cellinfo: 46 bytes from 44.241.174.93: icmp_seq=19869 ttl=30 time=78.7 ms
08-09 22:35:22.635 19757 19808 D cellinfo: 46 bytes from 44.241.174.93: icmp_seq=19870 ttl=30 time=79.3 ms
08-09 22:35:22.840 19757 19808 D cellinfo: 46 bytes from 44.241.174.93: icmp_seq=19871 ttl=30 time=82.8 ms
08-09 22:35:23.041 19757 19808 D cellinfo: 46 bytes from 44.241.174.93: icmp_seq=19872 ttl=30 time=82.7 ms
08-09 22:35:23.226 19757 19808 D cellinfo: 46 bytes from 44.241.174.93: icmp_seq=19873 ttl=30 time=66.3 ms
08-09 22:35:23.268 19757 19757 D cellinfo: Latitude is 40.7042944
08-09 22:35:23.268 19757 19757 D cellinfo: Longitude is -111.9505717
08-09 22:35:23.268 19757 19757 D cellinfo: Instantaneous GPS information: United States, 3076 Decker Lake Dr, West Valley City, UT 84119, USA
08-09 22:35:23.268 19757 19757 D cellinfo: getCurrentLocation() result: Location (success): 40.7042944, -111.9505717
08-09 22:35:23.270 19757 19757 D cellinfo: onsignalStrengthsChanged: LTE Signal Strength info: rsrp: -72 rsrq: -14 rssi: -51 rssnr: 8
08-09 22:35:23.270 19757 19757 D cellinfo: onsignalStrengthsChanged: 5G-NR Signal Strength info: ssrsrp: -114 ssrsrq: -17 sssinr: 2147483647
08-09 22:35:23.424 19757 19808 D cellinfo: 46 bytes from 44.241.174.93: icmp_seq=19874 ttl=30 time=64.2 ms
08-09 22:35:23.634 19757 19808 D cellinfo: 46 bytes from 44.241.174.93: icmp_seq=19875 ttl=30 time=73.4 ms
08-09 22:35:23.840 19757 19808 D cellinfo: 46 bytes from 44.241.174.93: icmp_seq=19876 ttl=30 time=78.5 ms
08-09 22:35:24.061 19757 19808 D cellinfo: 46 bytes from 44.241.174.93: icmp_seq=19877 ttl=30 time=98.1 ms
08-09 22:35:24.220 19757 19808 D cellinfo: 46 bytes from 44.241.174.93: icmp_seq=19878 ttl=30 time=57.7 ms
08-09 22:35:24.441 19757 19757 D cellinfo: Latitude is 40.7042944
08-09 22:35:24.442 19757 19757 D cellinfo: Longitude is -111.9505717
08-09 22:35:24.442 19757 19757 D cellinfo: Instantaneous GPS information: United States, 3076 Decker Lake Dr, West Valley City, UT 84119, USA
08-09 22:35:24.442 19757 19757 D cellinfo: getCurrentLocation() result: Location (success): 40.7042944, -111.9505717
08-09 22:35:24.449 19757 19808 D cellinfo: 46 bytes from 44.241.174.93: icmp_seq=19879 ttl=30 time=85.6 ms
08-09 22:35:24.510 19757 19757 D cellinfo: onCellInfoChanged: Operator: T-Mobile UpdateTimestamp: 108527819 CellConnectionStatus: 0
08-09 22:35:24.510 19757 19757 D cellinfo: onCellInfoChanged: LTE Cell Bands: [2] Bandwidth: 15000 Cell ID: 21595403 Physical Cell ID: 410 Tracking Area Code: 11620 EARFCN: 675
08-09 22:35:24.659 19757 19808 D cellinfo: 46 bytes from 44.241.174.93: icmp_seq=19880 ttl=30 time=95.0 ms
08-09 22:35:24.849 19757 19808 D cellinfo: 46 bytes from 44.241.174.93: icmp_seq=19881 ttl=30 time=84.3 ms
08-09 22:35:25.056 19757 19757 D cellinfo: onsignalStrengthsChanged: LTE Signal Strength info: rsrp: -72 rsrq: -14 rssi: -51 rssnr: 8
08-09 22:35:25.056 19757 19757 D cellinfo: onsignalStrengthsChanged: 5G-NR Signal Strength info: ssrsrp: -112 ssrsrq: -17 sssinr: 2147483647
08-09 22:35:25.065 19757 19808 D cellinfo: 46 bytes from 44.241.174.93: icmp_seq=19882 ttl=30 time=99.6 ms
08-09 22:35:25.250 19757 19808 D cellinfo: 46 bytes from 44.241.174.93: icmp_seq=19883 ttl=30 time=83.8 ms
08-09 22:35:25.455 19757 19808 D cellinfo: 46 bytes from 44.241.174.93: icmp_seq=19884 ttl=30 time=89.0 ms
08-09 22:35:25.483 19757 19757 D cellinfo: onsignalStrengthsChanged: LTE Signal Strength info: rsrp: -65 rsrq: -14 rssi: -51 rssnr: 18
08-09 22:35:25.483 19757 19757 D cellinfo: onsignalStrengthsChanged: 5G-NR Signal Strength info: ssrsrp: -112 ssrsrq: -17 sssinr: 2147483647
08-09 22:35:25.650 19757 19808 D cellinfo: 46 bytes from 44.241.174.93: icmp_seq=19885 ttl=30 time=83.3 ms
08-09 22:35:25.849 19757 19808 D cellinfo: 46 bytes from 44.241.174.93: icmp_seq=19886 ttl=30 time=81.6 ms
08-09 22:35:26.140 19757 19808 D cellinfo: 46 bytes from 44.241.174.93: icmp_seq=19887 ttl=30 time=171 ms
08-09 22:35:26.234 19757 19808 D cellinfo: 46 bytes from 44.241.174.93: icmp_seq=19888 ttl=30 time=66.3 ms
08-09 22:35:26.450 19757 19808 D cellinfo: 46 bytes from 44.241.174.93: icmp_seq=19889 ttl=30 time=81.0 ms
08-09 22:35:26.670 19757 19808 D cellinfo: 46 bytes from 44.241.174.93: icmp_seq=19890 ttl=30 time=100 ms
08-09 22:35:26.853 19757 19808 D cellinfo: 46 bytes from 44.241.174.93: icmp_seq=19891 ttl=30 time=83.1 ms
08-09 22:35:27.060 19757 19808 D cellinfo: 46 bytes from 44.241.174.93: icmp_seq=19892 ttl=30 time=89.6 ms
08-09 22:35:27.253 19757 19808 D cellinfo: 46 bytes from 44.241.174.93: icmp_seq=19893 ttl=30 time=82.3 ms
08-09 22:35:27.450 19757 19808 D cellinfo: 46 bytes from 44.241.174.93: icmp_seq=19894 ttl=30 time=78.9 ms
08-09 22:35:27.636 19757 19808 D cellinfo: 46 bytes from 44.241.174.93: icmp_seq=19895 ttl=30 time=64.2 ms
08-09 22:35:27.800 19757 19757 D cellinfo: Latitude is 40.7043078
08-09 22:35:27.800 19757 19757 D cellinfo: Longitude is -111.9506638
08-09 22:35:27.800 19757 19757 D cellinfo: Instantaneous GPS information: United States, 3076 Decker Lake Dr, West Valley City, UT 84119, USA
08-09 22:35:27.800 19757 19757 D cellinfo: getCurrentLocation() result: Location (success): 40.7043078, -111.9506638
08-09 22:35:27.803 19757 19757 D cellinfo: onCellInfoChanged: Operator: T-Mobile UpdateTimestamp: 108530783 CellConnectionStatus: 0
08-09 22:35:27.803 19757 19757 D cellinfo: onCellInfoChanged: LTE Cell Bands: [2] Bandwidth: 15000 Cell ID: 21595403 Physical Cell ID: 410 Tracking Area Code: 11620 EARFCN: 675
08-09 22:35:27.834 19757 19808 D cellinfo: 46 bytes from 44.241.174.93: icmp_seq=19896 ttl=30 time=61.4 ms
08-09 22:35:28.055 19757 19808 D cellinfo: 46 bytes from 44.241.174.93: icmp_seq=19897 ttl=30 time=81.2 ms
08-09 22:35:28.058 19757 19757 D cellinfo: onsignalStrengthsChanged: LTE Signal Strength info: rsrp: -65 rsrq: -14 rssi: -51 rssnr: 18
08-09 22:35:28.059 19757 19757 D cellinfo: onsignalStrengthsChanged: 5G-NR Signal Strength info: ssrsrp: -113 ssrsrq: -17 sssinr: 2147483647
08-09 22:35:28.255 19757 19808 D cellinfo: 46 bytes from 44.241.174.93: icmp_seq=19898 ttl=30 time=81.8 ms
08-09 22:35:28.451 19757 19808 D cellinfo: 46 bytes from 44.241.174.93: icmp_seq=19899 ttl=30 time=76.8 ms
08-09 22:35:28.655 19757 19808 D cellinfo: 46 bytes from 44.241.174.93: icmp_seq=19900 ttl=30 time=81.1 ms
08-09 22:35:28.855 19757 19808 D cellinfo: 46 bytes from 44.241.174.93: icmp_seq=19901 ttl=30 time=80.3 ms
08-09 22:35:29.049 19757 19808 D cellinfo: 46 bytes from 44.241.174.93: icmp_seq=19902 ttl=30 time=73.8 ms
08-09 22:35:29.250 19757 19808 D cellinfo: 46 bytes from 44.241.174.93: icmp_seq=19903 ttl=30 time=74.8 ms
08-09 22:35:29.450 19757 19808 D cellinfo: 46 bytes from 44.241.174.93: icmp_seq=19904 ttl=30 time=74.5 ms
08-09 22:35:29.655 19757 19808 D cellinfo: 46 bytes from 44.241.174.93: icmp_seq=19905 ttl=30 time=78.9 ms
08-09 22:35:29.849 19757 19808 D cellinfo: 46 bytes from 44.241.174.93: icmp_seq=19906 ttl=30 time=72.0 ms
08-09 22:35:29.963 19757 19757 D cellinfo: onsignalStrengthsChanged: LTE Signal Strength info: rsrp: -73 rsrq: -15 rssi: -51 rssnr: 12
08-09 22:35:29.964 19757 19757 D cellinfo: onsignalStrengthsChanged: 5G-NR Signal Strength info: ssrsrp: -113 ssrsrq: -17 sssinr: 2147483647
08-09 22:35:30.050 19757 19808 D cellinfo: 46 bytes from 44.241.174.93: icmp_seq=19907 ttl=30 time=72.6 ms
08-09 22:35:30.249 19757 19808 D cellinfo: 46 bytes from 44.241.174.93: icmp_seq=19908 ttl=30 time=71.1 ms
08-09 22:35:30.450 19757 19808 D cellinfo: 46 bytes from 44.241.174.93: icmp_seq=19909 ttl=30 time=71.7 ms
08-09 22:35:30.641 19757 19808 D cellinfo: 46 bytes from 44.241.174.93: icmp_seq=19910 ttl=30 time=60.6 ms
08-09 22:35:30.773 19757 19757 D cellinfo: Latitude is 40.7043282
08-09 22:35:30.773 19757 19757 D cellinfo: Longitude is -111.9508034
08-09 22:35:30.774 19757 19757 D cellinfo: Instantaneous GPS information: United States, 3076 Decker Lake Dr, West Valley City, UT 84119, USA
08-09 22:35:30.774 19757 19757 D cellinfo: getCurrentLocation() result: Location (success): 40.7043282, -111.9508034
08-09 22:35:30.779 19757 19757 D cellinfo: onCellInfoChanged: Operator: T-Mobile UpdateTimestamp: 108533813 CellConnectionStatus: 0
08-09 22:35:30.779 19757 19757 D cellinfo: onCellInfoChanged: LTE Cell Bands: [2] Bandwidth: 15000 Cell ID: 21595403 Physical Cell ID: 410 Tracking Area Code: 11620 EARFCN: 675
08-09 22:35:30.850 19757 19808 D cellinfo: 46 bytes from 44.241.174.93: icmp_seq=19911 ttl=30 time=68.1 ms
08-09 22:35:31.050 19757 19808 D cellinfo: 46 bytes from 44.241.174.93: icmp_seq=19912 ttl=30 time=67.3 ms
08-09 22:35:31.057 19757 19757 D cellinfo: onsignalStrengthsChanged: LTE Signal Strength info: rsrp: -73 rsrq: -15 rssi: -51 rssnr: 12
08-09 22:35:31.057 19757 19757 D cellinfo: onsignalStrengthsChanged: 5G-NR Signal Strength info: ssrsrp: -111 ssrsrq: -15 sssinr: -7
08-09 22:35:31.269 19757 19808 D cellinfo: 46 bytes from 44.241.174.93: icmp_seq=19913 ttl=30 time=86.7 ms
08-09 22:35:31.470 19757 19808 D cellinfo: 46 bytes from 44.241.174.93: icmp_seq=19914 ttl=30 time=87.0 ms
08-09 22:35:31.670 19757 19808 D cellinfo: 46 bytes from 44.241.174.93: icmp_seq=19915 ttl=30 time=86.6 ms
08-09 22:35:31.886 19757 19808 D cellinfo: 46 bytes from 44.241.174.93: icmp_seq=19916 ttl=30 time=100 ms
08-09 22:35:32.046 19757 19808 D cellinfo: 46 bytes from 44.241.174.93: icmp_seq=19917 ttl=30 time=60.3 ms
08-09 22:35:32.202 19757 19757 D cellinfo: onsignalStrengthsChanged: LTE Signal Strength info: rsrp: -73 rsrq: -15 rssi: -51 rssnr: 10
08-09 22:35:32.202 19757 19757 D cellinfo: onsignalStrengthsChanged: 5G-NR Signal Strength info: ssrsrp: -111 ssrsrq: -15 sssinr: -7
08-09 22:35:32.280 19757 19808 D cellinfo: 46 bytes from 44.241.174.93: icmp_seq=19918 ttl=30 time=94.3 ms
08-09 22:35:32.469 19757 19808 D cellinfo: 46 bytes from 44.241.174.93: icmp_seq=19919 ttl=30 time=83.5 ms
08-09 22:35:32.668 19757 19808 D cellinfo: 46 bytes from 44.241.174.93: icmp_seq=19920 ttl=30 time=81.5 ms
08-09 22:35:32.869 19757 19808 D cellinfo: 46 bytes from 44.241.174.93: icmp_seq=19921 ttl=30 time=80.3 ms
08-09 22:35:33.070 19757 19808 D cellinfo: 46 bytes from 44.241.174.93: icmp_seq=19922 ttl=30 time=80.3 ms
08-09 22:35:33.270 19757 19808 D cellinfo: 46 bytes from 44.241.174.93: icmp_seq=19923 ttl=30 time=80.8 ms
08-09 22:35:33.474 19757 19808 D cellinfo: 46 bytes from 44.241.174.93: icmp_seq=19924 ttl=30 time=84.3 ms
08-09 22:35:33.654 19757 19808 D cellinfo: 46 bytes from 44.241.174.93: icmp_seq=19925 ttl=30 time=62.6 ms
08-09 22:35:33.774 19757 19757 D cellinfo: Latitude is 40.7043365
08-09 22:35:33.774 19757 19757 D cellinfo: Longitude is -111.9508615
08-09 22:35:33.774 19757 19757 D cellinfo: Instantaneous GPS information: United States, 3038 Decker Lake Ln, West Valley City, UT 84119, USA
08-09 22:35:33.774 19757 19757 D cellinfo: getCurrentLocation() result: Location (success): 40.7043365, -111.9508615
08-09 22:35:33.777 19757 19757 D cellinfo: onCellInfoChanged: Operator: T-Mobile UpdateTimestamp: 108536824 CellConnectionStatus: 0
08-09 22:35:33.778 19757 19757 D cellinfo: onCellInfoChanged: LTE Cell Bands: [2] Bandwidth: 15000 Cell ID: 21595403 Physical Cell ID: 410 Tracking Area Code: 11620 EARFCN: 675
08-09 22:35:33.863 19757 19808 D cellinfo: 46 bytes from 44.241.174.93: icmp_seq=19926 ttl=30 time=70.7 ms
08-09 22:35:34.054 19757 19757 D cellinfo: onsignalStrengthsChanged: LTE Signal Strength info: rsrp: -73 rsrq: -15 rssi: -51 rssnr: 10
08-09 22:35:34.054 19757 19757 D cellinfo: onsignalStrengthsChanged: 5G-NR Signal Strength info: ssrsrp: -110 ssrsrq: -14 sssinr: -1
08-09 22:35:34.070 19757 19808 D cellinfo: 46 bytes from 44.241.174.93: icmp_seq=19927 ttl=30 time=76.6 ms
08-09 22:35:34.270 19757 19808 D cellinfo: 46 bytes from 44.241.174.93: icmp_seq=19928 ttl=30 time=77.1 ms
08-09 22:35:34.442 19757 19757 D cellinfo: onsignalStrengthsChanged: LTE Signal Strength info: rsrp: -72 rsrq: -15 rssi: -51 rssnr: 12
08-09 22:35:34.442 19757 19757 D cellinfo: onsignalStrengthsChanged: 5G-NR Signal Strength info: ssrsrp: -110 ssrsrq: -14 sssinr: -1
08-09 22:35:34.475 19757 19808 D cellinfo: 46 bytes from 44.241.174.93: icmp_seq=19929 ttl=30 time=81.1 ms
08-09 22:35:34.661 19757 19808 D cellinfo: 46 bytes from 44.241.174.93: icmp_seq=19930 ttl=30 time=66.9 ms
08-09 22:35:34.865 19757 19808 D cellinfo: 46 bytes from 44.241.174.93: icmp_seq=19931 ttl=30 time=70.4 ms
08-09 22:35:35.070 19757 19808 D cellinfo: 46 bytes from 44.241.174.93: icmp_seq=19932 ttl=30 time=74.4 ms
08-09 22:35:35.270 19757 19808 D cellinfo: 46 bytes from 44.241.174.93: icmp_seq=19933 ttl=30 time=74.6 ms
08-09 22:35:35.470 19757 19808 D cellinfo: 46 bytes from 44.241.174.93: icmp_seq=19934 ttl=30 time=74.1 ms
08-09 22:35:35.671 19757 19808 D cellinfo: 46 bytes from 44.241.174.93: icmp_seq=19935 ttl=30 time=73.6 ms
08-09 22:35:35.870 19757 19808 D cellinfo: 46 bytes from 44.241.174.93: icmp_seq=19936 ttl=30 time=71.7 ms
08-09 22:35:36.069 19757 19808 D cellinfo: 46 bytes from 44.241.174.93: icmp_seq=19937 ttl=30 time=70.7 ms
08-09 22:35:36.275 19757 19808 D cellinfo: 46 bytes from 44.241.174.93: icmp_seq=19938 ttl=30 time=77.0 ms
08-09 22:35:36.474 19757 19808 D cellinfo: 46 bytes from 44.241.174.93: icmp_seq=19939 ttl=30 time=75.0 ms
08-09 22:35:36.501 19757 19757 D cellinfo: onCellInfoChanged: Operator: T-Mobile UpdateTimestamp: 108539810 CellConnectionStatus: 0
08-09 22:35:36.501 19757 19757 D cellinfo: onCellInfoChanged: LTE Cell Bands: [2] Bandwidth: 15000 Cell ID: 21595403 Physical Cell ID: 410 Tracking Area Code: 11620 EARFCN: 675
08-09 22:35:36.670 19757 19808 D cellinfo: 46 bytes from 44.241.174.93: icmp_seq=19940 ttl=30 time=70.9 ms
08-09 22:35:36.879 19757 19808 D cellinfo: 46 bytes from 44.241.174.93: icmp_seq=19941 ttl=30 time=79.6 ms
08-09 22:35:37.053 19757 19757 D cellinfo: onsignalStrengthsChanged: LTE Signal Strength info: rsrp: -72 rsrq: -15 rssi: -51 rssnr: 12
08-09 22:35:37.053 19757 19757 D cellinfo: onsignalStrengthsChanged: 5G-NR Signal Strength info: ssrsrp: -110 ssrsrq: -14 sssinr: 11
08-09 22:35:37.069 19757 19808 D cellinfo: 46 bytes from 44.241.174.93: icmp_seq=19942 ttl=30 time=67.7 ms
08-09 22:35:37.274 19757 19808 D cellinfo: 46 bytes from 44.241.174.93: icmp_seq=19943 ttl=30 time=71.9 ms
08-09 22:35:37.475 19757 19808 D cellinfo: 46 bytes from 44.241.174.93: icmp_seq=19944 ttl=30 time=72.9 ms
08-09 22:35:37.690 19757 19808 D cellinfo: 46 bytes from 44.241.174.93: icmp_seq=19945 ttl=30 time=87.1 ms
08-09 22:35:37.889 19757 19808 D cellinfo: 46 bytes from 44.241.174.93: icmp_seq=19946 ttl=30 time=86.0 ms
08-09 22:35:38.071 19757 19808 D cellinfo: 46 bytes from 44.241.174.93: icmp_seq=19947 ttl=30 time=66.9 ms
08-09 22:35:38.241 19757 19757 D cellinfo: Latitude is 40.7048287
08-09 22:35:38.241 19757 19757 D cellinfo: Longitude is -111.9509287
08-09 22:35:38.241 19757 19757 D cellinfo: Instantaneous GPS information: United States, 2202 3100 S, West Valley City, UT 84119, USA
08-09 22:35:38.241 19757 19757 D cellinfo: getCurrentLocation() result: Location (success): 40.7048287, -111.9509287
08-09 22:35:38.284 19757 19808 D cellinfo: 46 bytes from 44.241.174.93: icmp_seq=19948 ttl=30 time=78.4 ms
08-09 22:35:38.481 19757 19808 D cellinfo: 46 bytes from 44.241.174.93: icmp_seq=19949 ttl=30 time=74.9 ms
08-09 22:35:38.672 19757 19808 D cellinfo: 46 bytes from 44.241.174.93: icmp_seq=19950 ttl=30 time=65.1 ms
08-09 22:35:38.868 19757 19808 D cellinfo: 46 bytes from 44.241.174.93: icmp_seq=19951 ttl=30 time=61.1 ms
