08-09 22:27:41.285 14987 15039 D cellinfo: 46 bytes from 44.241.174.93: icmp_seq=11086 ttl=28 time=89.4 ms
08-09 22:27:41.496 14987 15039 D cellinfo: 46 bytes from 44.241.174.93: icmp_seq=11087 ttl=28 time=98.7 ms
08-09 22:27:41.684 14987 15039 D cellinfo: 46 bytes from 44.241.174.93: icmp_seq=11088 ttl=28 time=86.4 ms
08-09 22:27:41.903 14987 15039 D cellinfo: 46 bytes from 44.241.174.93: icmp_seq=11089 ttl=28 time=104 ms
08-09 22:27:42.095 14987 15039 D cellinfo: 46 bytes from 44.241.174.93: icmp_seq=11090 ttl=28 time=95.1 ms
08-09 22:27:42.294 14987 15039 D cellinfo: 46 bytes from 44.241.174.93: icmp_seq=11091 ttl=28 time=95.0 ms
08-09 22:27:42.483 14987 15039 D cellinfo: 46 bytes from 44.241.174.93: icmp_seq=11092 ttl=28 time=83.0 ms
08-09 22:27:42.703 14987 15039 D cellinfo: 46 bytes from 44.241.174.93: icmp_seq=11093 ttl=28 time=101 ms
08-09 22:27:42.893 14987 15039 D cellinfo: 46 bytes from 44.241.174.93: icmp_seq=11094 ttl=28 time=91.7 ms
08-09 22:27:43.095 14987 15039 D cellinfo: 46 bytes from 44.241.174.93: icmp_seq=11095 ttl=28 time=92.7 ms
08-09 22:27:43.294 14987 15039 D cellinfo: 46 bytes from 44.241.174.93: icmp_seq=11096 ttl=28 time=91.4 ms
08-09 22:27:43.500 14987 15039 D cellinfo: 46 bytes from 44.241.174.93: icmp_seq=11097 ttl=28 time=95.4 ms
08-09 22:27:43.707 14987 15039 D cellinfo: 46 bytes from 44.241.174.93: icmp_seq=11098 ttl=28 time=102 ms
08-09 22:27:43.799 14987 14987 D cellinfo: Latitude is 40.6339035
08-09 22:27:43.799 14987 14987 D cellinfo: Longitude is -111.9021833
08-09 22:27:43.799 14987 14987 D cellinfo: Instantaneous GPS information: United States, 418 W Winchester St, Murray, UT 84107, USA
08-09 22:27:43.799 14987 14987 D cellinfo: getCurrentLocation() result: Location (success): 40.6339035, -111.9021833
08-09 22:27:43.801 14987 14987 D cellinfo: onCellInfoChanged: Operator: Verizon Wireless UpdateTimestamp: 110341814 CellConnectionStatus: 1
08-09 22:27:43.802 14987 14987 D cellinfo: onCellInfoChanged: LTE Cell Bands: [13, 48, 48, 66] Bandwidth: 10000 Cell ID: 3163138 Physical Cell ID: 238 Tracking Area Code: 3073 EARFCN: 5230
08-09 22:27:43.900 14987 15039 D cellinfo: 46 bytes from 44.241.174.93: icmp_seq=11099 ttl=28 time=95.2 ms
08-09 22:27:44.103 14987 15039 D cellinfo: 46 bytes from 44.241.174.93: icmp_seq=11100 ttl=28 time=96.7 ms
08-09 22:27:44.302 14987 15039 D cellinfo: 46 bytes from 44.241.174.93: icmp_seq=11101 ttl=28 time=95.9 ms
08-09 22:27:44.496 14987 15039 D cellinfo: 46 bytes from 44.241.174.93: icmp_seq=11102 ttl=28 time=89.2 ms
08-09 22:27:44.694 14987 15039 D cellinfo: 46 bytes from 44.241.174.93: icmp_seq=11103 ttl=28 time=86.6 ms
08-09 22:27:44.719 14987 14987 D cellinfo: onsignalStrengthsChanged: LTE Signal Strength info: rsrp: -89 rsrq: -13 rssi: -69 rssnr: 1
08-09 22:27:44.904 14987 15039 D cellinfo: 46 bytes from 44.241.174.93: icmp_seq=11104 ttl=28 time=96.0 ms
08-09 22:27:45.104 14987 15039 D cellinfo: 46 bytes from 44.241.174.93: icmp_seq=11105 ttl=28 time=94.5 ms
08-09 22:27:45.323 14987 15039 D cellinfo: 46 bytes from 44.241.174.93: icmp_seq=11106 ttl=28 time=112 ms
08-09 22:27:45.505 14987 15039 D cellinfo: 46 bytes from 44.241.174.93: icmp_seq=11107 ttl=28 time=94.2 ms
08-09 22:27:45.720 14987 15039 D cellinfo: 46 bytes from 44.241.174.93: icmp_seq=11108 ttl=28 time=107 ms
08-09 22:27:45.905 14987 15039 D cellinfo: 46 bytes from 44.241.174.93: icmp_seq=11109 ttl=28 time=92.8 ms
08-09 22:27:46.112 14987 15039 D cellinfo: 46 bytes from 44.241.174.93: icmp_seq=11110 ttl=28 time=98.8 ms
08-09 22:27:46.305 14987 15039 D cellinfo: 46 bytes from 44.241.174.93: icmp_seq=11111 ttl=28 time=91.1 ms
08-09 22:27:46.505 14987 15039 D cellinfo: 46 bytes from 44.241.174.93: icmp_seq=11112 ttl=28 time=89.4 ms
08-09 22:27:46.592 14987 14987 D cellinfo: Latitude is 40.6339106
08-09 22:27:46.593 14987 14987 D cellinfo: Longitude is -111.9021832
08-09 22:27:46.593 14987 14987 D cellinfo: Instantaneous GPS information: United States, 418 W Winchester St, Murray, UT 84107, USA
08-09 22:27:46.593 14987 14987 D cellinfo: getCurrentLocation() result: Location (success): 40.6339106, -111.9021832
08-09 22:27:46.627 14987 14987 D cellinfo: onCellInfoChanged: Operator: Verizon Wireless UpdateTimestamp: 110344816 CellConnectionStatus: 1
08-09 22:27:46.628 14987 14987 D cellinfo: onCellInfoChanged: LTE Cell Bands: [13, 2, 66, 66] Bandwidth: 10000 Cell ID: 3163138 Physical Cell ID: 238 Tracking Area Code: 3073 EARFCN: 5230
08-09 22:27:46.728 14987 15039 D cellinfo: 46 bytes from 44.241.174.93: icmp_seq=11113 ttl=28 time=113 ms
08-09 22:27:46.920 14987 15039 D cellinfo: 46 bytes from 44.241.174.93: icmp_seq=11114 ttl=28 time=104 ms
08-09 22:27:47.105 14987 15039 D cellinfo: 46 bytes from 44.241.174.93: icmp_seq=11115 ttl=28 time=87.2 ms
08-09 22:27:47.315 14987 15039 D cellinfo: 46 bytes from 44.241.174.93: icmp_seq=11116 ttl=28 time=96.9 ms
08-09 22:27:47.523 14987 15039 D cellinfo: 46 bytes from 44.241.174.93: icmp_seq=11117 ttl=28 time=104 ms
08-09 22:27:47.715 14987 15039 D cellinfo: 46 bytes from 44.241.174.93: icmp_seq=11118 ttl=28 time=95.0 ms
08-09 22:27:47.915 14987 15039 D cellinfo: 46 bytes from 44.241.174.93: icmp_seq=11119 ttl=28 time=93.6 ms
08-09 22:27:48.115 14987 15039 D cellinfo: 46 bytes from 44.241.174.93: icmp_seq=11120 ttl=28 time=92.6 ms
08-09 22:27:48.314 14987 15039 D cellinfo: 46 bytes from 44.241.174.93: icmp_seq=11121 ttl=28 time=91.3 ms
08-09 22:27:48.515 14987 15039 D cellinfo: 46 bytes from 44.241.174.93: icmp_seq=11122 ttl=28 time=91.2 ms
08-09 22:27:48.726 14987 14987 D cellinfo: onsignalStrengthsChanged: LTE Signal Strength info: rsrp: -102 rsrq: -15 rssi: -79 rssnr: -2
08-09 22:27:48.739 14987 15039 D cellinfo: 46 bytes from 44.241.174.93: icmp_seq=11123 ttl=28 time=113 ms
08-09 22:27:48.922 14987 15039 D cellinfo: 46 bytes from 44.241.174.93: icmp_seq=11124 ttl=28 time=96.0 ms
08-09 22:27:49.275 14987 15039 D cellinfo: 46 bytes from 44.241.174.93: icmp_seq=11125 ttl=28 time=248 ms
08-09 22:27:49.336 14987 14987 D cellinfo: onServiceStateChanged: Channel Number: 5230 Cell Bandwidths: [10000, 20000, 20000, 10000]
08-09 22:27:49.350 14987 15039 D cellinfo: 46 bytes from 44.241.174.93: icmp_seq=11126 ttl=28 time=122 ms
08-09 22:27:49.524 14987 15039 D cellinfo: 46 bytes from 44.241.174.93: icmp_seq=11127 ttl=28 time=96.4 ms
08-09 22:27:49.629 14987 14987 D cellinfo: onCellInfoChanged: Operator: Verizon Wireless UpdateTimestamp: 110347818 CellConnectionStatus: 1
08-09 22:27:49.629 14987 14987 D cellinfo: onCellInfoChanged: LTE Cell Bands: [13, 48, 48, 66] Bandwidth: 10000 Cell ID: 3156739 Physical Cell ID: 224 Tracking Area Code: 3073 EARFCN: 5230
08-09 22:27:49.714 14987 15039 D cellinfo: 46 bytes from 44.241.174.93: icmp_seq=11128 ttl=28 time=85.1 ms
08-09 22:27:49.937 14987 15039 D cellinfo: 46 bytes from 44.241.174.93: icmp_seq=11129 ttl=28 time=107 ms
08-09 22:27:50.121 14987 15039 D cellinfo: 46 bytes from 44.241.174.93: icmp_seq=11130 ttl=28 time=90.1 ms
08-09 22:27:50.189 14987 14987 D cellinfo: Latitude is 40.6357593
08-09 22:27:50.189 14987 14987 D cellinfo: Longitude is -111.9038853
08-09 22:27:50.189 14987 14987 D cellinfo: Instantaneous GPS information: United States, I-215, Murray, UT 84107, USA
08-09 22:27:50.189 14987 14987 D cellinfo: getCurrentLocation() result: Location (success): 40.6357593, -111.9038853
08-09 22:27:50.324 14987 15039 D cellinfo: 46 bytes from 44.241.174.93: icmp_seq=11131 ttl=28 time=92.9 ms
08-09 22:27:50.575 14987 15039 D cellinfo: 46 bytes from 44.241.174.93: icmp_seq=11132 ttl=28 time=143 ms
08-09 22:27:50.597 14987 14987 D cellinfo: onServiceStateChanged: Channel Number: 5230 Cell Bandwidths: [10000, 20000, 20000, 20000]
08-09 22:27:50.639 14987 14987 D cellinfo: onServiceStateChanged: Channel Number: 5230 Cell Bandwidths: [10000, 20000, 20000, 20000]
08-09 22:27:50.647 14987 15039 D cellinfo: 46 bytes from 44.241.174.93: icmp_seq=11132 ttl=28 time=215 ms (DUP!)
08-09 22:27:50.725 14987 15039 D cellinfo: 46 bytes from 44.241.174.93: icmp_seq=11133 ttl=28 time=93.1 ms
08-09 22:27:50.933 14987 15039 D cellinfo: 46 bytes from 44.241.174.93: icmp_seq=11134 ttl=28 time=100 ms
08-09 22:27:51.126 14987 15039 D cellinfo: 46 bytes from 44.241.174.93: icmp_seq=11135 ttl=28 time=92.0 ms
08-09 22:27:51.333 14987 15039 D cellinfo: 46 bytes from 44.241.174.93: icmp_seq=11136 ttl=28 time=99.3 ms
08-09 22:27:51.526 14987 15039 D cellinfo: 46 bytes from 44.241.174.93: icmp_seq=11137 ttl=28 time=91.5 ms
08-09 22:27:51.725 14987 15039 D cellinfo: 46 bytes from 44.241.174.93: icmp_seq=11138 ttl=28 time=89.7 ms
08-09 22:27:52.067 14987 15039 D cellinfo: 46 bytes from 44.241.174.93: icmp_seq=11139 ttl=28 time=231 ms
08-09 22:27:52.139 14987 15039 D cellinfo: 46 bytes from 44.241.174.93: icmp_seq=11140 ttl=28 time=99.8 ms
08-09 22:27:52.338 14987 15039 D cellinfo: 46 bytes from 44.241.174.93: icmp_seq=11141 ttl=28 time=97.0 ms
08-09 22:27:52.538 14987 15039 D cellinfo: 46 bytes from 44.241.174.93: icmp_seq=11142 ttl=28 time=96.5 ms
08-09 22:27:52.741 14987 15039 D cellinfo: 46 bytes from 44.241.174.93: icmp_seq=11143 ttl=28 time=98.3 ms
08-09 22:27:52.787 14987 14987 D cellinfo: Latitude is 40.6358401
08-09 22:27:52.787 14987 14987 D cellinfo: Longitude is -111.9040216
08-09 22:27:52.787 14987 14987 D cellinfo: Instantaneous GPS information: United States, I-215, Murray, UT 84107, USA
08-09 22:27:52.787 14987 14987 D cellinfo: getCurrentLocation() result: Location (success): 40.6358401, -111.9040216
08-09 22:27:52.788 14987 14987 D cellinfo: onCellInfoChanged: Operator: Verizon Wireless UpdateTimestamp: 110350837 CellConnectionStatus: 1
08-09 22:27:52.788 14987 14987 D cellinfo: onCellInfoChanged: LTE Cell Bands: [13, 66, 2, 66] Bandwidth: 10000 Cell ID: 3167747 Physical Cell ID: 257 Tracking Area Code: 3073 EARFCN: 5230
08-09 22:27:52.936 14987 15039 D cellinfo: 46 bytes from 44.241.174.93: icmp_seq=11144 ttl=28 time=94.0 ms
08-09 22:27:53.136 14987 15039 D cellinfo: 46 bytes from 44.241.174.93: icmp_seq=11145 ttl=28 time=92.7 ms
08-09 22:27:53.335 14987 15039 D cellinfo: 46 bytes from 44.241.174.93: icmp_seq=11146 ttl=28 time=91.8 ms
08-09 22:27:53.537 14987 15039 D cellinfo: 46 bytes from 44.241.174.93: icmp_seq=11147 ttl=28 time=93.0 ms
08-09 22:27:53.600 14987 14987 D cellinfo: onsignalStrengthsChanged: LTE Signal Strength info: rsrp: -97 rsrq: -10 rssi: -77 rssnr: 5
08-09 22:27:53.738 14987 15039 D cellinfo: 46 bytes from 44.241.174.93: icmp_seq=11148 ttl=28 time=93.6 ms
08-09 22:27:53.941 14987 15039 D cellinfo: 46 bytes from 44.241.174.93: icmp_seq=11149 ttl=28 time=95.0 ms
08-09 22:27:54.154 14987 15039 D cellinfo: 46 bytes from 44.241.174.93: icmp_seq=11150 ttl=28 time=106 ms
08-09 22:27:54.357 14987 15039 D cellinfo: 46 bytes from 44.241.174.93: icmp_seq=11151 ttl=28 time=109 ms
08-09 22:27:54.552 14987 15039 D cellinfo: 46 bytes from 44.241.174.93: icmp_seq=11152 ttl=28 time=105 ms
08-09 22:27:54.681 14987 14987 D cellinfo: onCellInfoChanged: Operator: Verizon Wireless UpdateTimestamp: 110352869 CellConnectionStatus: 1
08-09 22:27:54.681 14987 14987 D cellinfo: onCellInfoChanged: LTE Cell Bands: [13] Bandwidth: 10000 Cell ID: 3167747 Physical Cell ID: 257 Tracking Area Code: 3073 EARFCN: 5230
08-09 22:27:54.754 14987 15039 D cellinfo: 46 bytes from 44.241.174.93: icmp_seq=11153 ttl=28 time=106 ms
08-09 22:27:54.940 14987 15039 D cellinfo: 46 bytes from 44.241.174.93: icmp_seq=11154 ttl=28 time=91.8 ms
08-09 22:27:55.147 14987 15039 D cellinfo: 46 bytes from 44.241.174.93: icmp_seq=11155 ttl=28 time=97.8 ms
08-09 22:27:55.345 14987 15039 D cellinfo: 46 bytes from 44.241.174.93: icmp_seq=11156 ttl=28 time=96.0 ms
08-09 22:27:55.552 14987 15039 D cellinfo: 46 bytes from 44.241.174.93: icmp_seq=11157 ttl=28 time=101 ms
08-09 22:27:55.754 14987 15039 D cellinfo: 46 bytes from 44.241.174.93: icmp_seq=11158 ttl=28 time=102 ms
08-09 22:27:55.871 14987 14987 D cellinfo: Latitude is 40.6361948
08-09 22:27:55.871 14987 14987 D cellinfo: Longitude is -111.9053178
08-09 22:27:55.871 14987 14987 D cellinfo: Instantaneous GPS information: United States, I-215, Murray, UT 84123, USA
08-09 22:27:55.871 14987 14987 D cellinfo: getCurrentLocation() result: Location (success): 40.6361948, -111.9053178
08-09 22:27:55.904 14987 14987 D cellinfo: onServiceStateChanged: Channel Number: 5230 Cell Bandwidths: [10000, 20000, 20000, 20000]
08-09 22:27:55.916 14987 14987 D cellinfo: onDisplayInfoChanged: NetworkType: LTE OverrideNetworkType: 5G(mmWave)
08-09 22:27:55.951 14987 15039 D cellinfo: 46 bytes from 44.241.174.93: icmp_seq=11159 ttl=28 time=99.5 ms
08-09 22:27:55.982 14987 14987 D cellinfo: onServiceStateChanged: Channel Number: 5230 Cell Bandwidths: [10000, 20000, 20000, 20000]
08-09 22:27:56.136 14987 15039 D cellinfo: 46 bytes from 44.241.174.93: icmp_seq=11160 ttl=28 time=84.6 ms
08-09 22:27:56.342 14987 15039 D cellinfo: 46 bytes from 44.241.174.93: icmp_seq=11161 ttl=28 time=89.5 ms
08-09 22:27:56.532 14987 15039 D cellinfo: 46 bytes from 44.241.174.93: icmp_seq=11162 ttl=28 time=79.7 ms
08-09 22:27:56.730 14987 15039 D cellinfo: 46 bytes from 44.241.174.93: icmp_seq=11163 ttl=28 time=78.0 ms
08-09 22:27:56.936 14987 15039 D cellinfo: 46 bytes from 44.241.174.93: icmp_seq=11164 ttl=28 time=82.9 ms
08-09 22:27:57.132 14987 15039 D cellinfo: 46 bytes from 44.241.174.93: icmp_seq=11165 ttl=28 time=78.6 ms
08-09 22:27:57.334 14987 15039 D cellinfo: 46 bytes from 44.241.174.93: icmp_seq=11166 ttl=28 time=80.2 ms
08-09 22:27:57.545 14987 15039 D cellinfo: 46 bytes from 44.241.174.93: icmp_seq=11167 ttl=28 time=89.7 ms
08-09 22:27:57.746 14987 15039 D cellinfo: 46 bytes from 44.241.174.93: icmp_seq=11168 ttl=28 time=90.7 ms
08-09 22:27:57.945 14987 15039 D cellinfo: 46 bytes from 44.241.174.93: icmp_seq=11169 ttl=28 time=89.0 ms
08-09 22:27:58.136 14987 15039 D cellinfo: 46 bytes from 44.241.174.93: icmp_seq=11170 ttl=28 time=77.6 ms
08-09 22:27:58.284 14987 14987 D cellinfo: onsignalStrengthsChanged: LTE Signal Strength info: rsrp: -103 rsrq: -13 rssi: -83 rssnr: 2
08-09 22:27:58.284 14987 14987 D cellinfo: onsignalStrengthsChanged: 5G-NR Signal Strength info: ssrsrp: -102 ssrsrq: -13 sssinr: 3
08-09 22:27:58.346 14987 15039 D cellinfo: 46 bytes from 44.241.174.93: icmp_seq=11171 ttl=28 time=87.1 ms
08-09 22:27:58.539 14987 15039 D cellinfo: 46 bytes from 44.241.174.93: icmp_seq=11172 ttl=28 time=79.9 ms
08-09 22:27:58.765 14987 15039 D cellinfo: 46 bytes from 44.241.174.93: icmp_seq=11173 ttl=28 time=104 ms
08-09 22:27:58.942 14987 15039 D cellinfo: 46 bytes from 44.241.174.93: icmp_seq=11174 ttl=28 time=81.5 ms
08-09 22:27:59.148 14987 15039 D cellinfo: 46 bytes from 44.241.174.93: icmp_seq=11175 ttl=28 time=85.7 ms
08-09 22:27:59.345 14987 15039 D cellinfo: 46 bytes from 44.241.174.93: icmp_seq=11176 ttl=28 time=82.4 ms
08-09 22:27:59.552 14987 15039 D cellinfo: 46 bytes from 44.241.174.93: icmp_seq=11177 ttl=28 time=88.9 ms
08-09 22:27:59.741 14987 15039 D cellinfo: 46 bytes from 44.241.174.93: icmp_seq=11178 ttl=28 time=77.4 ms
08-09 22:27:59.951 14987 15039 D cellinfo: 46 bytes from 44.241.174.93: icmp_seq=11179 ttl=28 time=86.4 ms
08-09 22:28:00.147 14987 15039 D cellinfo: 46 bytes from 44.241.174.93: icmp_seq=11180 ttl=28 time=81.9 ms
08-09 22:28:00.356 14987 15039 D cellinfo: 46 bytes from 44.241.174.93: icmp_seq=11181 ttl=28 time=89.6 ms
08-09 22:28:00.546 14987 15039 D cellinfo: 46 bytes from 44.241.174.93: icmp_seq=11182 ttl=28 time=78.9 ms
08-09 22:28:00.796 14987 15039 D cellinfo: 46 bytes from 44.241.174.93: icmp_seq=11183 ttl=28 time=128 ms
08-09 22:28:01.001 14987 15039 D cellinfo: 46 bytes from 44.241.174.93: icmp_seq=11184 ttl=28 time=133 ms
08-09 22:28:01.224 14987 15039 D cellinfo: 46 bytes from 44.241.174.93: icmp_seq=11185 ttl=28 time=156 ms
08-09 22:28:01.405 14987 15039 D cellinfo: 46 bytes from 44.241.174.93: icmp_seq=11186 ttl=28 time=136 ms
08-09 22:28:01.558 14987 14987 D cellinfo: onsignalStrengthsChanged: LTE Signal Strength info: rsrp: -110 rsrq: -18 rssi: -85 rssnr: -6
08-09 22:28:01.558 14987 14987 D cellinfo: onsignalStrengthsChanged: 5G-NR Signal Strength info: ssrsrp: -105 ssrsrq: -12 sssinr: 5
08-09 22:28:01.569 14987 15039 D cellinfo: 46 bytes from 44.241.174.93: icmp_seq=11187 ttl=28 time=99.7 ms
08-09 22:28:01.750 14987 15039 D cellinfo: 46 bytes from 44.241.174.93: icmp_seq=11188 ttl=28 time=79.6 ms
08-09 22:28:01.961 14987 15039 D cellinfo: 46 bytes from 44.241.174.93: icmp_seq=11189 ttl=28 time=90.2 ms
08-09 22:28:02.010 14987 14987 D cellinfo: Latitude is 40.6363038
08-09 22:28:02.010 14987 14987 D cellinfo: Longitude is -111.9063755
08-09 22:28:02.010 14987 14987 D cellinfo: Instantaneous GPS information: United States, I-215, Murray, UT 84123, USA
08-09 22:28:02.010 14987 14987 D cellinfo: getCurrentLocation() result: Location (success): 40.6363038, -111.9063755
08-09 22:28:02.012 14987 14987 D cellinfo: Latitude is 40.6363038
08-09 22:28:02.012 14987 14987 D cellinfo: Longitude is -111.9063755
08-09 22:28:02.012 14987 14987 D cellinfo: Instantaneous GPS information: United States, I-215, Murray, UT 84123, USA
08-09 22:28:02.012 14987 14987 D cellinfo: getCurrentLocation() result: Location (success): 40.6363038, -111.9063755
08-09 22:28:02.169 14987 15039 D cellinfo: 46 bytes from 44.241.174.93: icmp_seq=11190 ttl=28 time=97.1 ms
08-09 22:28:02.443 14987 15039 D cellinfo: 46 bytes from 44.241.174.93: icmp_seq=11191 ttl=28 time=169 ms
08-09 22:28:02.565 14987 15039 D cellinfo: 46 bytes from 44.241.174.93: icmp_seq=11192 ttl=28 time=90.8 ms
08-09 22:28:02.679 14987 14987 D cellinfo: onCellInfoChanged: Operator: Verizon Wireless UpdateTimestamp: 110360865 CellConnectionStatus: 1
08-09 22:28:02.679 14987 14987 D cellinfo: onCellInfoChanged: 5G-NR Cell Bands: [] ARFCN: 648672 Cell ID: 9223372036854775807 Physical Cell ID: 257 Tracking Area Code: 16777215
08-09 22:28:02.758 14987 15039 D cellinfo: 46 bytes from 44.241.174.93: icmp_seq=11193 ttl=28 time=83.2 ms
08-09 22:28:03.206 14987 15039 D cellinfo: 46 bytes from 44.241.174.93: icmp_seq=11194 ttl=28 time=331 ms
08-09 22:28:03.206 14987 15039 D cellinfo: 46 bytes from 44.241.174.93: icmp_seq=11195 ttl=28 time=129 ms
08-09 22:28:03.387 14987 14987 D cellinfo: onServiceStateChanged: Channel Number: 5230 Cell Bandwidths: [10000, 20000, 20000, 20000]
08-09 22:28:03.408 14987 15039 D cellinfo: 46 bytes from 44.241.174.93: icmp_seq=11196 ttl=28 time=131 ms
08-09 22:28:03.473 14987 14987 D cellinfo: onServiceStateChanged: Channel Number: 5230 Cell Bandwidths: [10000]
08-09 22:28:04.131 14987 15039 D cellinfo: 46 bytes from 44.241.174.93: icmp_seq=11197 ttl=28 time=653 ms
08-09 22:28:04.164 14987 14987 D cellinfo: onServiceStateChanged: Channel Number: 5230 Cell Bandwidths: [10000, 20000, 5000]
08-09 22:28:04.175 14987 15039 D cellinfo: 46 bytes from 44.241.174.93: icmp_seq=11198 ttl=28 time=495 ms
08-09 22:28:04.223 14987 14987 D cellinfo: onServiceStateChanged: Channel Number: 5230 Cell Bandwidths: [10000, 10000, 20000, 5000]
08-09 22:28:04.255 14987 14987 D cellinfo: onServiceStateChanged: Channel Number: 5230 Cell Bandwidths: [10000, 10000, 20000, 5000]
08-09 22:28:04.259 14987 15039 D cellinfo: 46 bytes from 44.241.174.93: icmp_seq=11198 ttl=28 time=579 ms (DUP!)
08-09 22:28:04.266 14987 15039 D cellinfo: 46 bytes from 44.241.174.93: icmp_seq=11199 ttl=28 time=382 ms
08-09 22:28:04.269 14987 15039 D cellinfo: 46 bytes from 44.241.174.93: icmp_seq=11200 ttl=28 time=181 ms
08-09 22:28:04.398 14987 15039 D cellinfo: 46 bytes from 44.241.174.93: icmp_seq=11201 ttl=28 time=110 ms
08-09 22:28:04.449 14987 14987 D cellinfo: onServiceStateChanged: Channel Number: 5230 Cell Bandwidths: [10000, 10000, 20000, 5000]
08-09 22:28:04.580 14987 15039 D cellinfo: 46 bytes from 44.241.174.93: icmp_seq=11202 ttl=28 time=89.8 ms
08-09 22:28:04.779 14987 15039 D cellinfo: 46 bytes from 44.241.174.93: icmp_seq=11203 ttl=28 time=88.8 ms
08-09 22:28:05.037 14987 15039 D cellinfo: 46 bytes from 44.241.174.93: icmp_seq=11204 ttl=28 time=146 ms
08-09 22:28:05.178 14987 15039 D cellinfo: 46 bytes from 44.241.174.93: icmp_seq=11205 ttl=28 time=88.4 ms
08-09 22:28:05.341 14987 14987 D cellinfo: Latitude is 40.6360391
08-09 22:28:05.341 14987 14987 D cellinfo: Longitude is -111.9080849
08-09 22:28:05.341 14987 14987 D cellinfo: Instantaneous GPS information: United States, 625 W 6140 S, Murray, UT 84123, USA
08-09 22:28:05.341 14987 14987 D cellinfo: getCurrentLocation() result: Location (success): 40.6360391, -111.9080849
08-09 22:28:05.346 14987 14987 D cellinfo: onsignalStrengthsChanged: LTE Signal Strength info: rsrp: -99 rsrq: -11 rssi: -81 rssnr: -4
08-09 22:28:05.406 14987 15039 D cellinfo: 46 bytes from 44.241.174.93: icmp_seq=11206 ttl=28 time=115 ms
08-09 22:28:05.595 14987 15039 D cellinfo: 46 bytes from 44.241.174.93: icmp_seq=11207 ttl=28 time=103 ms
08-09 22:28:05.626 14987 14987 D cellinfo: onCellInfoChanged: Operator: Verizon Wireless UpdateTimestamp: 110363812 CellConnectionStatus: 1
08-09 22:28:05.626 14987 14987 D cellinfo: onCellInfoChanged: LTE Cell Bands: [13, 66, 66, 2] Bandwidth: 10000 Cell ID: 3170049 Physical Cell ID: 360 Tracking Area Code: 3074 EARFCN: 5230
08-09 22:28:05.787 14987 15039 D cellinfo: 46 bytes from 44.241.174.93: icmp_seq=11208 ttl=28 time=94.3 ms
08-09 22:28:05.996 14987 15039 D cellinfo: 46 bytes from 44.241.174.93: icmp_seq=11209 ttl=28 time=102 ms
08-09 22:28:06.187 14987 15039 D cellinfo: 46 bytes from 44.241.174.93: icmp_seq=11210 ttl=28 time=93.0 ms
08-09 22:28:06.400 14987 15039 D cellinfo: 46 bytes from 44.241.174.93: icmp_seq=11211 ttl=28 time=105 ms
08-09 22:28:06.416 14987 14987 D cellinfo: onDisplayInfoChanged: NetworkType: LTE OverrideNetworkType: LTE-CA
08-09 22:28:06.529 14987 14987 D cellinfo: onServiceStateChanged: Channel Number: 5230 Cell Bandwidths: [10000, 20000, 5000]
08-09 22:28:06.599 14987 15039 D cellinfo: 46 bytes from 44.241.174.93: icmp_seq=11212 ttl=28 time=103 ms
08-09 22:28:06.790 14987 15039 D cellinfo: 46 bytes from 44.241.174.93: icmp_seq=11213 ttl=28 time=92.8 ms
08-09 22:28:06.990 14987 15039 D cellinfo: 46 bytes from 44.241.174.93: icmp_seq=11214 ttl=28 time=92.4 ms
08-09 22:28:07.192 14987 15039 D cellinfo: 46 bytes from 44.241.174.93: icmp_seq=11215 ttl=28 time=92.1 ms
08-09 22:28:07.391 14987 15039 D cellinfo: 46 bytes from 44.241.174.93: icmp_seq=11216 ttl=28 time=90.0 ms
08-09 22:28:07.617 14987 15039 D cellinfo: 46 bytes from 44.241.174.93: icmp_seq=11217 ttl=28 time=115 ms
08-09 22:28:07.806 14987 15039 D cellinfo: 46 bytes from 44.241.174.93: icmp_seq=11218 ttl=28 time=104 ms
08-09 22:28:07.812 14987 14987 D cellinfo: Latitude is 40.6360171
08-09 22:28:07.812 14987 14987 D cellinfo: Longitude is -111.9084111
08-09 22:28:07.812 14987 14987 D cellinfo: Instantaneous GPS information: United States, 673 W 6140 S, Murray, UT 84123, USA
08-09 22:28:07.812 14987 14987 D cellinfo: getCurrentLocation() result: Location (success): 40.6360171, -111.9084111
08-09 22:28:07.814 14987 14987 D cellinfo: onCellInfoChanged: Operator: Verizon Wireless UpdateTimestamp: 110365823 CellConnectionStatus: 1
08-09 22:28:07.815 14987 14987 D cellinfo: onCellInfoChanged: LTE Cell Bands: [13, 4, 2] Bandwidth: 10000 Cell ID: 3153922 Physical Cell ID: 214 Tracking Area Code: 3073 EARFCN: 5230
08-09 22:28:07.998 14987 15039 D cellinfo: 46 bytes from 44.241.174.93: icmp_seq=11219 ttl=28 time=95.2 ms
08-09 22:28:08.338 14987 14987 D cellinfo: onServiceStateChanged: Channel Number: 5230 Cell Bandwidths: [10000, 20000, 5000]
08-09 22:28:08.384 14987 15039 D cellinfo: 46 bytes from 44.241.174.93: icmp_seq=11220 ttl=28 time=279 ms
08-09 22:28:08.391 14987 14987 D cellinfo: onServiceStateChanged: Channel Number: 5230 Cell Bandwidths: [10000]
08-09 22:28:08.416 14987 15039 D cellinfo: 46 bytes from 44.241.174.93: icmp_seq=11221 ttl=28 time=104 ms
08-09 22:28:08.608 14987 15039 D cellinfo: 46 bytes from 44.241.174.93: icmp_seq=11222 ttl=28 time=95.0 ms
08-09 22:28:08.650 14987 14987 D cellinfo: onServiceStateChanged: Channel Number: 5230 Cell Bandwidths: [10000, 20000, 20000, 20000]
08-09 22:28:08.817 14987 15039 D cellinfo: 46 bytes from 44.241.174.93: icmp_seq=11223 ttl=28 time=102 ms
08-09 22:28:09.067 14987 14987 D cellinfo: onsignalStrengthsChanged: LTE Signal Strength info: rsrp: -93 rsrq: -10 rssi: -75 rssnr: -6
08-09 22:28:09.068 14987 15039 D cellinfo: 46 bytes from 44.241.174.93: icmp_seq=11224 ttl=28 time=153 ms
08-09 22:28:09.138 14987 14987 D cellinfo: onServiceStateChanged: Channel Number: 5230 Cell Bandwidths: [10000]
08-09 22:28:09.208 14987 15039 D cellinfo: 46 bytes from 44.241.174.93: icmp_seq=11225 ttl=28 time=93.8 ms
08-09 22:28:09.262 14987 14987 D cellinfo: onServiceStateChanged: Channel Number: 5230 Cell Bandwidths: [10000, 20000, 5000]
08-09 22:28:09.409 14987 15039 D cellinfo: 46 bytes from 44.241.174.93: icmp_seq=11226 ttl=28 time=94.1 ms
08-09 22:28:09.608 14987 15039 D cellinfo: 46 bytes from 44.241.174.93: icmp_seq=11227 ttl=28 time=92.2 ms
08-09 22:28:09.809 14987 15039 D cellinfo: 46 bytes from 44.241.174.93: icmp_seq=11228 ttl=28 time=92.5 ms
08-09 22:28:10.008 14987 15039 D cellinfo: 46 bytes from 44.241.174.93: icmp_seq=11229 ttl=28 time=91.8 ms
08-09 22:28:10.216 14987 15039 D cellinfo: 46 bytes from 44.241.174.93: icmp_seq=11230 ttl=28 time=100 ms
08-09 22:28:10.416 14987 15039 D cellinfo: 46 bytes from 44.241.174.93: icmp_seq=11231 ttl=28 time=99.0 ms
08-09 22:28:10.608 14987 15039 D cellinfo: 46 bytes from 44.241.174.93: icmp_seq=11232 ttl=28 time=89.9 ms
08-09 22:28:10.802 14987 14987 D cellinfo: Latitude is 40.6359861
08-09 22:28:10.802 14987 14987 D cellinfo: Longitude is -111.9088746
08-09 22:28:10.803 14987 14987 D cellinfo: Instantaneous GPS information: United States, 6227 Short Iron Cir, Murray, UT 84123, USA
08-09 22:28:10.803 14987 14987 D cellinfo: getCurrentLocation() result: Location (success): 40.6359861, -111.9088746
08-09 22:28:10.805 14987 14987 D cellinfo: onCellInfoChanged: Operator: Verizon Wireless UpdateTimestamp: 110368843 CellConnectionStatus: 1
08-09 22:28:10.805 14987 14987 D cellinfo: onCellInfoChanged: LTE Cell Bands: [13, 4, 2] Bandwidth: 10000 Cell ID: 3153922 Physical Cell ID: 214 Tracking Area Code: 3073 EARFCN: 5230
08-09 22:28:10.830 14987 15039 D cellinfo: 46 bytes from 44.241.174.93: icmp_seq=11233 ttl=28 time=111 ms
08-09 22:28:11.008 14987 15039 D cellinfo: 46 bytes from 44.241.174.93: icmp_seq=11234 ttl=28 time=88.4 ms
08-09 22:28:11.208 14987 15039 D cellinfo: 46 bytes from 44.241.174.93: icmp_seq=11235 ttl=28 time=88.1 ms
08-09 22:28:11.408 14987 15039 D cellinfo: 46 bytes from 44.241.174.93: icmp_seq=11236 ttl=28 time=86.9 ms
08-09 22:28:11.627 14987 15039 D cellinfo: 46 bytes from 44.241.174.93: icmp_seq=11237 ttl=28 time=104 ms
08-09 22:28:11.820 14987 15039 D cellinfo: 46 bytes from 44.241.174.93: icmp_seq=11238 ttl=28 time=96.2 ms
08-09 22:28:12.018 14987 15039 D cellinfo: 46 bytes from 44.241.174.93: icmp_seq=11239 ttl=28 time=93.7 ms
08-09 22:28:12.218 14987 15039 D cellinfo: 46 bytes from 44.241.174.93: icmp_seq=11240 ttl=28 time=94.4 ms
08-09 22:28:12.409 14987 15039 D cellinfo: 46 bytes from 44.241.174.93: icmp_seq=11241 ttl=28 time=83.8 ms
08-09 22:28:12.618 14987 15039 D cellinfo: 46 bytes from 44.241.174.93: icmp_seq=11242 ttl=28 time=92.4 ms
08-09 22:28:12.836 14987 15039 D cellinfo: 46 bytes from 44.241.174.93: icmp_seq=11243 ttl=28 time=108 ms
08-09 22:28:13.017 14987 15039 D cellinfo: 46 bytes from 44.241.174.93: icmp_seq=11244 ttl=28 time=90.5 ms
08-09 22:28:13.075 14987 14987 D cellinfo: onsignalStrengthsChanged: LTE Signal Strength info: rsrp: -98 rsrq: -12 rssi: -77 rssnr: 2
08-09 22:28:13.218 14987 15039 D cellinfo: 46 bytes from 44.241.174.93: icmp_seq=11245 ttl=28 time=90.7 ms
08-09 22:28:13.419 14987 15039 D cellinfo: 46 bytes from 44.241.174.93: icmp_seq=11246 ttl=28 time=90.6 ms
08-09 22:28:13.586 14987 14987 D cellinfo: Latitude is 40.6359852
08-09 22:28:13.586 14987 14987 D cellinfo: Longitude is -111.9088847
08-09 22:28:13.586 14987 14987 D cellinfo: Instantaneous GPS information: United States, 6227 Short Iron Cir, Murray, UT 84123, USA
08-09 22:28:13.586 14987 14987 D cellinfo: getCurrentLocation() result: Location (success): 40.6359852, -111.9088847
08-09 22:28:13.617 14987 15039 D cellinfo: 46 bytes from 44.241.174.93: icmp_seq=11247 ttl=28 time=89.3 ms
08-09 22:28:13.627 14987 14987 D cellinfo: onCellInfoChanged: Operator: Verizon Wireless UpdateTimestamp: 110371816 CellConnectionStatus: 1
08-09 22:28:13.627 14987 14987 D cellinfo: onCellInfoChanged: LTE Cell Bands: [13, 4, 2] Bandwidth: 10000 Cell ID: 3153922 Physical Cell ID: 214 Tracking Area Code: 3073 EARFCN: 5230
08-09 22:28:13.826 14987 15039 D cellinfo: 46 bytes from 44.241.174.93: icmp_seq=11248 ttl=28 time=96.8 ms
08-09 22:28:14.019 14987 15039 D cellinfo: 46 bytes from 44.241.174.93: icmp_seq=11249 ttl=28 time=89.4 ms
08-09 22:28:14.217 14987 15039 D cellinfo: 46 bytes from 44.241.174.93: icmp_seq=11250 ttl=28 time=88.2 ms
08-09 22:28:14.428 14987 15039 D cellinfo: 46 bytes from 44.241.174.93: icmp_seq=11251 ttl=28 time=97.7 ms
08-09 22:28:14.631 14987 15039 D cellinfo: 46 bytes from 44.241.174.93: icmp_seq=11252 ttl=28 time=97.4 ms
08-09 22:28:14.830 14987 15039 D cellinfo: 46 bytes from 44.241.174.93: icmp_seq=11253 ttl=28 time=97.4 ms
08-09 22:28:15.036 14987 15039 D cellinfo: 46 bytes from 44.241.174.93: icmp_seq=11254 ttl=28 time=103 ms
08-09 22:28:15.236 14987 15039 D cellinfo: 46 bytes from 44.241.174.93: icmp_seq=11255 ttl=28 time=104 ms
08-09 22:28:15.427 14987 15039 D cellinfo: 46 bytes from 44.241.174.93: icmp_seq=11256 ttl=28 time=93.3 ms
08-09 22:28:15.628 14987 15039 D cellinfo: 46 bytes from 44.241.174.93: icmp_seq=11257 ttl=28 time=93.5 ms
08-09 22:28:15.848 14987 15039 D cellinfo: 46 bytes from 44.241.174.93: icmp_seq=11258 ttl=28 time=112 ms
08-09 22:28:16.029 14987 15039 D cellinfo: 46 bytes from 44.241.174.93: icmp_seq=11259 ttl=28 time=93.4 ms
08-09 22:28:16.221 14987 15039 D cellinfo: 46 bytes from 44.241.174.93: icmp_seq=11260 ttl=28 time=84.8 ms
08-09 22:28:16.434 14987 15039 D cellinfo: 46 bytes from 44.241.174.93: icmp_seq=11261 ttl=28 time=96.9 ms
08-09 22:28:16.630 14987 15039 D cellinfo: 46 bytes from 44.241.174.93: icmp_seq=11262 ttl=28 time=92.9 ms
08-09 22:28:16.770 14987 14987 D cellinfo: Latitude is 40.6353068
08-09 22:28:16.770 14987 14987 D cellinfo: Longitude is -111.9099306
08-09 22:28:16.770 14987 14987 D cellinfo: Instantaneous GPS information: United States, 6217 700 W, Murray, UT 84123, USA
08-09 22:28:16.770 14987 14987 D cellinfo: getCurrentLocation() result: Location (success): 40.6353068, -111.9099306
08-09 22:28:16.770 14987 14987 D cellinfo: onCellInfoChanged: Operator: Verizon Wireless UpdateTimestamp: 110374797 CellConnectionStatus: 1
08-09 22:28:16.770 14987 14987 D cellinfo: onCellInfoChanged: LTE Cell Bands: [13, 4, 2] Bandwidth: 10000 Cell ID: 3153922 Physical Cell ID: 214 Tracking Area Code: 3073 EARFCN: 5230
08-09 22:28:16.847 14987 15039 D cellinfo: 46 bytes from 44.241.174.93: icmp_seq=11263 ttl=28 time=109 ms
08-09 22:28:17.052 14987 15039 D cellinfo: 46 bytes from 44.241.174.93: icmp_seq=11264 ttl=28 time=113 ms
08-09 22:28:17.104 14987 14987 D cellinfo: onsignalStrengthsChanged: LTE Signal Strength info: rsrp: -93 rsrq: -10 rssi: -75 rssnr: 1
08-09 22:28:17.230 14987 15039 D cellinfo: 46 bytes from 44.241.174.93: icmp_seq=11265 ttl=28 time=91.1 ms
08-09 22:28:17.441 14987 15039 D cellinfo: 46 bytes from 44.241.174.93: icmp_seq=11266 ttl=28 time=102 ms
08-09 22:28:17.663 14987 15039 D cellinfo: 46 bytes from 44.241.174.93: icmp_seq=11267 ttl=28 time=122 ms
08-09 22:28:17.842 14987 15039 D cellinfo: 46 bytes from 44.241.174.93: icmp_seq=11268 ttl=28 time=101 ms
08-09 22:28:18.042 14987 15039 D cellinfo: 46 bytes from 44.241.174.93: icmp_seq=11269 ttl=28 time=100 ms
08-09 22:28:18.243 14987 15039 D cellinfo: 46 bytes from 44.241.174.93: icmp_seq=11270 ttl=28 time=102 ms
08-09 22:28:18.428 14987 15039 D cellinfo: 46 bytes from 44.241.174.93: icmp_seq=11271 ttl=28 time=86.6 ms
08-09 22:28:18.682 14987 15039 D cellinfo: 46 bytes from 44.241.174.93: icmp_seq=11272 ttl=28 time=140 ms
08-09 22:28:18.849 14987 15039 D cellinfo: 46 bytes from 44.241.174.93: icmp_seq=11273 ttl=28 time=106 ms
08-09 22:28:19.056 14987 15039 D cellinfo: 46 bytes from 44.241.174.93: icmp_seq=11274 ttl=28 time=111 ms
08-09 22:28:19.257 14987 15039 D cellinfo: 46 bytes from 44.241.174.93: icmp_seq=11275 ttl=28 time=113 ms
08-09 22:28:19.463 14987 15039 D cellinfo: 46 bytes from 44.241.174.93: icmp_seq=11276 ttl=28 time=118 ms
08-09 22:28:19.660 14987 15039 D cellinfo: 46 bytes from 44.241.174.93: icmp_seq=11277 ttl=28 time=114 ms
08-09 22:28:19.855 14987 15039 D cellinfo: 46 bytes from 44.241.174.93: icmp_seq=11278 ttl=28 time=110 ms
08-09 22:28:20.048 14987 15039 D cellinfo: 46 bytes from 44.241.174.93: icmp_seq=11279 ttl=28 time=102 ms
08-09 22:28:20.249 14987 15039 D cellinfo: 46 bytes from 44.241.174.93: icmp_seq=11280 ttl=28 time=104 ms
08-09 22:28:20.446 14987 15039 D cellinfo: 46 bytes from 44.241.174.93: icmp_seq=11281 ttl=28 time=101 ms
08-09 22:28:20.664 14987 15039 D cellinfo: 46 bytes from 44.241.174.93: icmp_seq=11282 ttl=28 time=117 ms
08-09 22:28:20.850 14987 14987 D cellinfo: onServiceStateChanged: Channel Number: 5230 Cell Bandwidths: [10000, 60000]
08-09 22:28:20.861 14987 14987 D cellinfo: onDisplayInfoChanged: NetworkType: LTE OverrideNetworkType: 5G(mmWave)
08-09 22:28:20.924 14987 15039 D cellinfo: 46 bytes from 44.241.174.93: icmp_seq=11283 ttl=28 time=176 ms
08-09 22:28:20.932 14987 14987 D cellinfo: onServiceStateChanged: Channel Number: 5230 Cell Bandwidths: [10000, 60000]
08-09 22:28:21.031 14987 15039 D cellinfo: 46 bytes from 44.241.174.93: icmp_seq=11284 ttl=28 time=83.3 ms
08-09 22:28:21.232 14987 15039 D cellinfo: 46 bytes from 44.241.174.93: icmp_seq=11285 ttl=28 time=83.6 ms
08-09 22:28:21.435 14987 15039 D cellinfo: 46 bytes from 44.241.174.93: icmp_seq=11286 ttl=28 time=86.6 ms
08-09 22:28:21.505 14987 14987 D cellinfo: Latitude is 40.6362447
08-09 22:28:21.505 14987 14987 D cellinfo: Longitude is -111.9122829
08-09 22:28:21.505 14987 14987 D cellinfo: Instantaneous GPS information: United States, 772 Spanish Oak Way, Murray, UT 84123, USA
08-09 22:28:21.505 14987 14987 D cellinfo: getCurrentLocation() result: Location (success): 40.6362447, -111.9122829
08-09 22:28:21.652 14987 15039 D cellinfo: 46 bytes from 44.241.174.93: icmp_seq=11287 ttl=28 time=103 ms
08-09 22:28:21.837 14987 15039 D cellinfo: 46 bytes from 44.241.174.93: icmp_seq=11288 ttl=28 time=88.0 ms
08-09 22:28:22.055 14987 15039 D cellinfo: 46 bytes from 44.241.174.93: icmp_seq=11289 ttl=28 time=105 ms
08-09 22:28:22.236 14987 15039 D cellinfo: 46 bytes from 44.241.174.93: icmp_seq=11290 ttl=28 time=85.7 ms
08-09 22:28:22.446 14987 15039 D cellinfo: 46 bytes from 44.241.174.93: icmp_seq=11291 ttl=28 time=95.3 ms
08-09 22:28:22.632 14987 15039 D cellinfo: 46 bytes from 44.241.174.93: icmp_seq=11292 ttl=28 time=79.1 ms
08-09 22:28:22.837 14987 14987 D cellinfo: Latitude is 40.6363327
08-09 22:28:22.837 14987 14987 D cellinfo: Longitude is -111.9132167
08-09 22:28:22.837 14987 14987 D cellinfo: Instantaneous GPS information: United States, 6160 Spanish Oak Way, Murray, UT 84123, USA
08-09 22:28:22.837 14987 14987 D cellinfo: getCurrentLocation() result: Location (success): 40.6363327, -111.9132167
08-09 22:28:22.872 14987 15039 D cellinfo: 46 bytes from 44.241.174.93: icmp_seq=11293 ttl=28 time=118 ms
08-09 22:28:22.927 14987 14987 D cellinfo: onsignalStrengthsChanged: LTE Signal Strength info: rsrp: -98 rsrq: -16 rssi: -73 rssnr: -3
08-09 22:28:22.927 14987 14987 D cellinfo: onsignalStrengthsChanged: 5G-NR Signal Strength info: ssrsrp: -101 ssrsrq: -14 sssinr: -1
08-09 22:28:23.036 14987 15039 D cellinfo: 46 bytes from 44.241.174.93: icmp_seq=11294 ttl=28 time=81.2 ms
08-09 22:28:23.246 14987 15039 D cellinfo: 46 bytes from 44.241.174.93: icmp_seq=11295 ttl=28 time=91.5 ms
08-09 22:28:23.369 14987 14987 D cellinfo: onCellInfoChanged: Operator: Verizon Wireless UpdateTimestamp: 110381556 CellConnectionStatus: 1
08-09 22:28:23.369 14987 14987 D cellinfo: onCellInfoChanged: 5G-NR Cell Bands: [] ARFCN: 648672 Cell ID: 9223372036854775807 Physical Cell ID: 360 Tracking Area Code: 16777215
08-09 22:28:23.448 14987 15039 D cellinfo: 46 bytes from 44.241.174.93: icmp_seq=11296 ttl=28 time=92.3 ms
08-09 22:28:23.652 14987 15039 D cellinfo: 46 bytes from 44.241.174.93: icmp_seq=11297 ttl=28 time=95.2 ms
08-09 22:28:23.842 14987 15039 D cellinfo: 46 bytes from 44.241.174.93: icmp_seq=11298 ttl=28 time=83.6 ms
08-09 22:28:24.052 14987 15039 D cellinfo: 46 bytes from 44.241.174.93: icmp_seq=11299 ttl=28 time=92.9 ms
08-09 22:28:24.245 14987 15039 D cellinfo: 46 bytes from 44.241.174.93: icmp_seq=11300 ttl=28 time=86.6 ms
08-09 22:28:24.461 14987 15039 D cellinfo: 46 bytes from 44.241.174.93: icmp_seq=11301 ttl=28 time=101 ms
08-09 22:28:24.650 14987 15039 D cellinfo: 46 bytes from 44.241.174.93: icmp_seq=11302 ttl=28 time=90.6 ms
08-09 22:28:24.857 14987 15039 D cellinfo: 46 bytes from 44.241.174.93: icmp_seq=11303 ttl=28 time=96.1 ms
08-09 22:28:25.056 14987 15039 D cellinfo: 46 bytes from 44.241.174.93: icmp_seq=11304 ttl=28 time=94.8 ms
08-09 22:28:25.252 14987 15039 D cellinfo: 46 bytes from 44.241.174.93: icmp_seq=11305 ttl=28 time=90.8 ms
08-09 22:28:25.450 14987 15039 D cellinfo: 46 bytes from 44.241.174.93: icmp_seq=11306 ttl=28 time=88.3 ms
08-09 22:28:25.650 14987 15039 D cellinfo: 46 bytes from 44.241.174.93: icmp_seq=11307 ttl=28 time=87.6 ms
08-09 22:28:25.792 14987 14987 D cellinfo: Latitude is 40.6363305
08-09 22:28:25.792 14987 14987 D cellinfo: Longitude is -111.9130846
08-09 22:28:25.792 14987 14987 D cellinfo: Instantaneous GPS information: United States, 6160 S 6160 S, Murray, UT 84123, USA
08-09 22:28:25.792 14987 14987 D cellinfo: getCurrentLocation() result: Location (success): 40.6363305, -111.9130846
08-09 22:28:25.796 14987 14987 D cellinfo: onCellInfoChanged: Operator: Verizon Wireless UpdateTimestamp: 110383833 CellConnectionStatus: 1
08-09 22:28:25.796 14987 14987 D cellinfo: onCellInfoChanged: 5G-NR Cell Bands: [] ARFCN: 648672 Cell ID: 9223372036854775807 Physical Cell ID: 360 Tracking Area Code: 16777215
08-09 22:28:26.233 14987 15039 D cellinfo: 46 bytes from 44.241.174.93: icmp_seq=11309 ttl=28 time=268 ms
08-09 22:28:26.318 14987 15039 D cellinfo: 46 bytes from 44.241.174.93: icmp_seq=11310 ttl=28 time=149 ms
08-09 22:28:26.462 14987 15039 D cellinfo: 46 bytes from 44.241.174.93: icmp_seq=11311 ttl=28 time=93.8 ms
08-09 22:28:26.652 14987 15039 D cellinfo: 46 bytes from 44.241.174.93: icmp_seq=11312 ttl=28 time=83.0 ms
08-09 22:28:26.729 14987 14987 D cellinfo: onsignalStrengthsChanged: LTE Signal Strength info: rsrp: -93 rsrq: -11 rssi: -73 rssnr: -4
08-09 22:28:26.729 14987 14987 D cellinfo: onsignalStrengthsChanged: 5G-NR Signal Strength info: ssrsrp: -98 ssrsrq: -12 sssinr: 5
08-09 22:28:26.879 14987 15039 D cellinfo: 46 bytes from 44.241.174.93: icmp_seq=11313 ttl=28 time=108 ms
08-09 22:28:27.057 14987 15039 D cellinfo: 46 bytes from 44.241.174.93: icmp_seq=11314 ttl=28 time=86.8 ms
08-09 22:28:27.260 14987 15039 D cellinfo: 46 bytes from 44.241.174.93: icmp_seq=11315 ttl=28 time=90.4 ms
08-09 22:28:27.461 14987 15039 D cellinfo: 46 bytes from 44.241.174.93: icmp_seq=11316 ttl=28 time=89.8 ms
08-09 22:28:27.653 14987 15039 D cellinfo: 46 bytes from 44.241.174.93: icmp_seq=11317 ttl=28 time=81.5 ms
08-09 22:28:27.860 14987 15039 D cellinfo: 46 bytes from 44.241.174.93: icmp_seq=11318 ttl=28 time=88.4 ms
08-09 22:28:28.058 14987 15039 D cellinfo: 46 bytes from 44.241.174.93: icmp_seq=11319 ttl=28 time=85.4 ms
08-09 22:28:28.262 14987 15039 D cellinfo: 46 bytes from 44.241.174.93: icmp_seq=11320 ttl=28 time=89.3 ms
08-09 22:28:28.468 14987 15039 D cellinfo: 46 bytes from 44.241.174.93: icmp_seq=11321 ttl=28 time=95.0 ms
08-09 22:28:28.660 14987 15039 D cellinfo: 46 bytes from 44.241.174.93: icmp_seq=11322 ttl=28 time=87.0 ms
08-09 22:28:28.782 14987 14987 D cellinfo: Latitude is 40.6363299
08-09 22:28:28.782 14987 14987 D cellinfo: Longitude is -111.912982
08-09 22:28:28.782 14987 14987 D cellinfo: Instantaneous GPS information: United States, 6160 S 6160 S, Murray, UT 84123, USA
08-09 22:28:28.782 14987 14987 D cellinfo: getCurrentLocation() result: Location (success): 40.6363299, -111.912982
08-09 22:28:28.784 14987 14987 D cellinfo: onCellInfoChanged: Operator: Verizon Wireless UpdateTimestamp: 110386837 CellConnectionStatus: 1
08-09 22:28:28.785 14987 14987 D cellinfo: onCellInfoChanged: 5G-NR Cell Bands: [] ARFCN: 648672 Cell ID: 9223372036854775807 Physical Cell ID: 257 Tracking Area Code: 16777215
08-09 22:28:28.903 14987 14987 D cellinfo: onServiceStateChanged: Channel Number: 5230 Cell Bandwidths: [10000, 20000, 10000, 5000, 60000]
08-09 22:28:29.011 14987 14987 D cellinfo: onServiceStateChanged: Channel Number: 5230 Cell Bandwidths: [10000]
08-09 22:28:29.296 14987 15039 D cellinfo: 46 bytes from 44.241.174.93: icmp_seq=11324 ttl=28 time=319 ms
08-09 22:28:29.409 14987 15039 D cellinfo: 46 bytes from 44.241.174.93: icmp_seq=11325 ttl=28 time=229 ms
08-09 22:28:29.648 14987 15039 D cellinfo: 46 bytes from 44.241.174.93: icmp_seq=11326 ttl=28 time=267 ms
08-09 22:28:29.677 14987 15039 D cellinfo: 46 bytes from 44.241.174.93: icmp_seq=11327 ttl=28 time=95.6 ms
08-09 22:28:29.873 14987 15039 D cellinfo: 46 bytes from 44.241.174.93: icmp_seq=11328 ttl=28 time=90.0 ms
08-09 22:28:29.924 14987 14987 D cellinfo: onsignalStrengthsChanged: LTE Signal Strength info: rsrp: -96 rsrq: -10 rssi: -77 rssnr: 3
08-09 22:28:29.924 14987 14987 D cellinfo: onsignalStrengthsChanged: 5G-NR Signal Strength info: ssrsrp: -102 ssrsrq: -13 sssinr: -3
08-09 22:28:30.098 14987 15039 D cellinfo: 46 bytes from 44.241.174.93: icmp_seq=11329 ttl=28 time=114 ms
08-09 22:28:30.267 14987 15039 D cellinfo: 46 bytes from 44.241.174.93: icmp_seq=11330 ttl=28 time=84.3 ms
08-09 22:28:30.478 14987 15039 D cellinfo: 46 bytes from 44.241.174.93: icmp_seq=11331 ttl=28 time=94.2 ms
08-09 22:28:30.672 14987 15039 D cellinfo: 46 bytes from 44.241.174.93: icmp_seq=11332 ttl=28 time=86.3 ms
08-09 22:28:30.887 14987 15039 D cellinfo: 46 bytes from 44.241.174.93: icmp_seq=11333 ttl=28 time=102 ms
08-09 22:28:31.066 14987 15039 D cellinfo: 46 bytes from 44.241.174.93: icmp_seq=11334 ttl=28 time=79.6 ms
08-09 22:28:31.642 14987 14987 D cellinfo: onCellInfoChanged: Operator: Verizon Wireless UpdateTimestamp: 110389825 CellConnectionStatus: 1
08-09 22:28:31.642 14987 14987 D cellinfo: onCellInfoChanged: 5G-NR Cell Bands: [] ARFCN: 648672 Cell ID: 9223372036854775807 Physical Cell ID: 360 Tracking Area Code: 16777215
08-09 22:28:31.671 14987 15039 D cellinfo: 46 bytes from 44.241.174.93: icmp_seq=11336 ttl=28 time=283 ms
08-09 22:28:31.698 14987 15039 D cellinfo: 46 bytes from 44.241.174.93: icmp_seq=11337 ttl=28 time=106 ms
08-09 22:28:31.877 14987 15039 D cellinfo: 46 bytes from 44.241.174.93: icmp_seq=11338 ttl=28 time=85.0 ms
08-09 22:28:32.070 14987 15039 D cellinfo: 46 bytes from 44.241.174.93: icmp_seq=11339 ttl=28 time=77.5 ms
08-09 22:28:32.227 14987 14987 D cellinfo: Latitude is 40.6369578
08-09 22:28:32.227 14987 14987 D cellinfo: Longitude is -111.9174961
08-09 22:28:32.227 14987 14987 D cellinfo: Instantaneous GPS information: United States, 6136 Red Oaks Dr, Murray, UT 84123, USA
08-09 22:28:32.227 14987 14987 D cellinfo: getCurrentLocation() result: Location (success): 40.6369578, -111.9174961
08-09 22:28:32.276 14987 15039 D cellinfo: 46 bytes from 44.241.174.93: icmp_seq=11340 ttl=28 time=81.7 ms
08-09 22:28:32.482 14987 15039 D cellinfo: 46 bytes from 44.241.174.93: icmp_seq=11341 ttl=28 time=87.2 ms
08-09 22:28:32.682 14987 15039 D cellinfo: 46 bytes from 44.241.174.93: icmp_seq=11342 ttl=28 time=86.4 ms
08-09 22:28:32.896 14987 15039 D cellinfo: 46 bytes from 44.241.174.93: icmp_seq=11343 ttl=28 time=98.8 ms
08-09 22:28:33.075 14987 15039 D cellinfo: 46 bytes from 44.241.174.93: icmp_seq=11344 ttl=28 time=77.7 ms
08-09 22:28:33.245 14987 14987 D cellinfo: onsignalStrengthsChanged: LTE Signal Strength info: rsrp: -94 rsrq: -15 rssi: -69 rssnr: -2
08-09 22:28:33.245 14987 14987 D cellinfo: onsignalStrengthsChanged: 5G-NR Signal Strength info: ssrsrp: -101 ssrsrq: -14 sssinr: 4
08-09 22:28:33.291 14987 15039 D cellinfo: 46 bytes from 44.241.174.93: icmp_seq=11345 ttl=28 time=93.5 ms
08-09 22:28:33.490 14987 15039 D cellinfo: 46 bytes from 44.241.174.93: icmp_seq=11346 ttl=28 time=91.9 ms
08-09 22:28:33.691 14987 15039 D cellinfo: 46 bytes from 44.241.174.93: icmp_seq=11347 ttl=28 time=91.4 ms
08-09 22:28:33.896 14987 15039 D cellinfo: 46 bytes from 44.241.174.93: icmp_seq=11348 ttl=28 time=95.6 ms
08-09 22:28:34.090 14987 15039 D cellinfo: 46 bytes from 44.241.174.93: icmp_seq=11349 ttl=28 time=89.1 ms
08-09 22:28:34.308 14987 15039 D cellinfo: 46 bytes from 44.241.174.93: icmp_seq=11350 ttl=28 time=105 ms
08-09 22:28:34.498 14987 15039 D cellinfo: 46 bytes from 44.241.174.93: icmp_seq=11351 ttl=28 time=95.2 ms
08-09 22:28:34.596 14987 14987 D cellinfo: Latitude is 40.6369578
08-09 22:28:34.596 14987 14987 D cellinfo: Longitude is -111.9174961
08-09 22:28:34.596 14987 14987 D cellinfo: Instantaneous GPS information: United States, 6136 Red Oaks Dr, Murray, UT 84123, USA
08-09 22:28:34.596 14987 14987 D cellinfo: getCurrentLocation() result: Location (success): 40.6369578, -111.9174961
08-09 22:28:34.643 14987 14987 D cellinfo: onCellInfoChanged: Operator: Verizon Wireless UpdateTimestamp: 110392834 CellConnectionStatus: 1
08-09 22:28:34.643 14987 14987 D cellinfo: onCellInfoChanged: 5G-NR Cell Bands: [] ARFCN: 648672 Cell ID: 9223372036854775807 Physical Cell ID: 360 Tracking Area Code: 16777215
08-09 22:28:34.683 14987 15039 D cellinfo: 46 bytes from 44.241.174.93: icmp_seq=11352 ttl=28 time=80.1 ms
08-09 22:28:34.891 14987 15039 D cellinfo: 46 bytes from 44.241.174.93: icmp_seq=11353 ttl=28 time=87.8 ms
08-09 22:28:35.095 14987 15039 D cellinfo: 46 bytes from 44.241.174.93: icmp_seq=11354 ttl=28 time=91.1 ms
08-09 22:28:35.327 14987 14987 D cellinfo: onServiceStateChanged: Channel Number: 5230 Cell Bandwidths: [10000, 60000]
08-09 22:28:35.700 14987 15039 D cellinfo: 46 bytes from 44.241.174.93: icmp_seq=11356 ttl=28 time=291 ms
08-09 22:28:35.700 14987 15039 D cellinfo: 46 bytes from 44.241.174.93: icmp_seq=11356 ttl=28 time=291 ms (DUP!)
08-09 22:28:35.702 14987 15039 D cellinfo: 46 bytes from 44.241.174.93: icmp_seq=11357 ttl=28 time=86.4 ms
08-09 22:28:35.946 14987 14987 D cellinfo: onServiceStateChanged: Channel Number: 5230 Cell Bandwidths: [10000, 60000]
08-09 22:28:35.961 14987 15039 D cellinfo: 46 bytes from 44.241.174.93: icmp_seq=11358 ttl=28 time=144 ms
08-09 22:28:36.022 14987 14987 D cellinfo: onServiceStateChanged: Channel Number: 5230 Cell Bandwidths: [10000]
08-09 22:28:36.104 14987 15039 D cellinfo: 46 bytes from 44.241.174.93: icmp_seq=11359 ttl=28 time=86.7 ms
08-09 22:28:36.305 14987 14987 D cellinfo: onServiceStateChanged: Channel Number: 5230 Cell Bandwidths: [10000, 20000, 20000, 10000]
08-09 22:28:36.333 14987 15039 D cellinfo: 46 bytes from 44.241.174.93: icmp_seq=11360 ttl=28 time=114 ms
08-09 22:28:36.522 14987 15039 D cellinfo: 46 bytes from 44.241.174.93: icmp_seq=11361 ttl=28 time=102 ms
08-09 22:28:36.722 14987 15039 D cellinfo: 46 bytes from 44.241.174.93: icmp_seq=11362 ttl=28 time=101 ms
08-09 22:28:36.927 14987 15039 D cellinfo: 46 bytes from 44.241.174.93: icmp_seq=11363 ttl=28 time=105 ms
08-09 22:28:36.982 14987 14987 D cellinfo: onsignalStrengthsChanged: LTE Signal Strength info: rsrp: -92 rsrq: -10 rssi: -75 rssnr: 7
08-09 22:28:37.104 14987 15039 D cellinfo: 46 bytes from 44.241.174.93: icmp_seq=11364 ttl=28 time=83.2 ms
08-09 22:28:37.443 14987 15039 D cellinfo: 46 bytes from 44.241.174.93: icmp_seq=11365 ttl=28 time=221 ms
08-09 22:28:37.521 14987 15039 D cellinfo: 46 bytes from 44.241.174.93: icmp_seq=11366 ttl=28 time=97.7 ms
08-09 22:28:37.722 14987 15039 D cellinfo: 46 bytes from 44.241.174.93: icmp_seq=11367 ttl=28 time=97.7 ms
08-09 22:28:37.807 14987 14987 D cellinfo: Latitude is 40.6372981
08-09 22:28:37.807 14987 14987 D cellinfo: Longitude is -111.9189979
08-09 22:28:37.807 14987 14987 D cellinfo: Instantaneous GPS information: United States, I-215, Murray, UT 84123, USA
08-09 22:28:37.807 14987 14987 D cellinfo: getCurrentLocation() result: Location (success): 40.6372981, -111.9189979
08-09 22:28:37.811 14987 14987 D cellinfo: onCellInfoChanged: Operator: Verizon Wireless UpdateTimestamp: 110395824 CellConnectionStatus: 1
08-09 22:28:37.812 14987 14987 D cellinfo: onCellInfoChanged: LTE Cell Bands: [13] Bandwidth: 10000 Cell ID: 3163138 Physical Cell ID: 238 Tracking Area Code: 3073 EARFCN: 5230
08-09 22:28:37.922 14987 15039 D cellinfo: 46 bytes from 44.241.174.93: icmp_seq=11368 ttl=28 time=96.6 ms
08-09 22:28:38.142 14987 15039 D cellinfo: 46 bytes from 44.241.174.93: icmp_seq=11369 ttl=28 time=116 ms
08-09 22:28:38.331 14987 15039 D cellinfo: 46 bytes from 44.241.174.93: icmp_seq=11370 ttl=28 time=103 ms
08-09 22:28:38.528 14987 15039 D cellinfo: 46 bytes from 44.241.174.93: icmp_seq=11371 ttl=28 time=100 ms
08-09 22:28:38.732 14987 15039 D cellinfo: 46 bytes from 44.241.174.93: icmp_seq=11372 ttl=28 time=102 ms
08-09 22:28:38.928 14987 15039 D cellinfo: 46 bytes from 44.241.174.93: icmp_seq=11373 ttl=28 time=97.5 ms
08-09 22:28:38.954 14987 14987 D cellinfo: onDisplayInfoChanged: NetworkType: LTE OverrideNetworkType: LTE-CA
08-09 22:28:39.124 14987 15039 D cellinfo: 46 bytes from 44.241.174.93: icmp_seq=11374 ttl=28 time=93.8 ms
08-09 22:28:39.324 14987 15039 D cellinfo: 46 bytes from 44.241.174.93: icmp_seq=11375 ttl=28 time=93.5 ms
08-09 22:28:39.535 14987 15039 D cellinfo: 46 bytes from 44.241.174.93: icmp_seq=11376 ttl=28 time=103 ms
08-09 22:28:39.726 14987 15039 D cellinfo: 46 bytes from 44.241.174.93: icmp_seq=11377 ttl=28 time=94.6 ms
