08-09 22:28:39.926 14987 15039 D cellinfo: 46 bytes from 44.241.174.93: icmp_seq=11378 ttl=28 time=92.7 ms
08-09 22:28:40.133 14987 15039 D cellinfo: 46 bytes from 44.241.174.93: icmp_seq=11379 ttl=28 time=99.6 ms
08-09 22:28:40.464 14987 15039 D cellinfo: 46 bytes from 44.241.174.93: icmp_seq=11380 ttl=28 time=229 ms
08-09 22:28:40.563 14987 15039 D cellinfo: 46 bytes from 44.241.174.93: icmp_seq=11381 ttl=28 time=126 ms
08-09 22:28:40.659 14987 15039 D cellinfo: 46 bytes from 44.241.174.93: icmp_seq=11381 ttl=28 time=222 ms (DUP!)
08-09 22:28:40.797 14987 14987 D cellinfo: Latitude is 40.6372767
08-09 22:28:40.797 14987 14987 D cellinfo: Longitude is -111.9189509
08-09 22:28:40.797 14987 14987 D cellinfo: Instantaneous GPS information: United States, 6059 Murray Pkwy Ave, Murray, UT 84123, USA
08-09 22:28:40.797 14987 14987 D cellinfo: getCurrentLocation() result: Location (success): 40.6372767, -111.9189509
08-09 22:28:40.800 14987 14987 D cellinfo: onCellInfoChanged: Operator: Verizon Wireless UpdateTimestamp: 110398835 CellConnectionStatus: 1
08-09 22:28:40.801 14987 14987 D cellinfo: onCellInfoChanged: LTE Cell Bands: [13] Bandwidth: 10000 Cell ID: 3163138 Physical Cell ID: 238 Tracking Area Code: 3073 EARFCN: 5230
08-09 22:28:40.801 14987 14987 D cellinfo: onServiceStateChanged: Channel Number: 5230 Cell Bandwidths: [10000]
08-09 22:28:40.811 14987 15039 D cellinfo: 46 bytes from 44.241.174.93: icmp_seq=11382 ttl=28 time=173 ms
08-09 22:28:40.904 14987 14987 D cellinfo: onServiceStateChanged: Channel Number: 5230 Cell Bandwidths: [10000, 20000, 5000]
08-09 22:28:40.932 14987 15039 D cellinfo: 46 bytes from 44.241.174.93: icmp_seq=11383 ttl=28 time=94.4 ms
08-09 22:28:41.133 14987 15039 D cellinfo: 46 bytes from 44.241.174.93: icmp_seq=11384 ttl=28 time=94.8 ms
08-09 22:28:41.516 14987 14987 D cellinfo: onsignalStrengthsChanged: LTE Signal Strength info: rsrp: -96 rsrq: -20 rssi: -67 rssnr: 7
08-09 22:28:41.792 14987 15039 D cellinfo: 46 bytes from 44.241.174.93: icmp_seq=11385 ttl=28 time=553 ms
08-09 22:28:41.860 14987 14987 D cellinfo: onServiceStateChanged: Channel Number: 5230 Cell Bandwidths: [10000]
08-09 22:28:41.868 14987 15039 D cellinfo: 46 bytes from 44.241.174.93: icmp_seq=11386 ttl=28 time=427 ms
08-09 22:28:41.869 14987 15039 D cellinfo: 46 bytes from 44.241.174.93: icmp_seq=11387 ttl=28 time=225 ms
08-09 22:28:41.947 14987 15039 D cellinfo: 46 bytes from 44.241.174.93: icmp_seq=11388 ttl=28 time=102 ms
08-09 22:28:42.129 14987 14987 D cellinfo: onServiceStateChanged: Channel Number: 5230 Cell Bandwidths: [10000, 20000, 20000, 10000]
08-09 22:28:42.156 14987 15039 D cellinfo: 46 bytes from 44.241.174.93: icmp_seq=11389 ttl=28 time=111 ms
08-09 22:28:42.338 14987 15039 D cellinfo: 46 bytes from 44.241.174.93: icmp_seq=11390 ttl=28 time=91.9 ms
08-09 22:28:42.661 14987 15039 D cellinfo: 46 bytes from 44.241.174.93: icmp_seq=11391 ttl=28 time=213 ms
08-09 22:28:42.772 14987 15039 D cellinfo: 46 bytes from 44.241.174.93: icmp_seq=11392 ttl=28 time=123 ms
08-09 22:28:42.940 14987 15039 D cellinfo: 46 bytes from 44.241.174.93: icmp_seq=11393 ttl=28 time=90.6 ms
08-09 22:28:43.139 14987 15039 D cellinfo: 46 bytes from 44.241.174.93: icmp_seq=11394 ttl=28 time=89.6 ms
08-09 22:28:43.363 14987 15039 D cellinfo: 46 bytes from 44.241.174.93: icmp_seq=11395 ttl=28 time=112 ms
08-09 22:28:43.539 14987 15039 D cellinfo: 46 bytes from 44.241.174.93: icmp_seq=11396 ttl=28 time=88.2 ms
08-09 22:28:43.635 14987 14987 D cellinfo: onCellInfoChanged: Operator: Verizon Wireless UpdateTimestamp: 110401823 CellConnectionStatus: 1
08-09 22:28:43.635 14987 14987 D cellinfo: onCellInfoChanged: LTE Cell Bands: [13, 2, 66, 66] Bandwidth: 10000 Cell ID: 3163138 Physical Cell ID: 238 Tracking Area Code: 3073 EARFCN: 5230
08-09 22:28:43.928 14987 15039 D cellinfo: 46 bytes from 44.241.174.93: icmp_seq=11397 ttl=28 time=275 ms
08-09 22:28:43.991 14987 14987 D cellinfo: onServiceStateChanged: Channel Number: 5230 Cell Bandwidths: [10000]
08-09 22:28:43.994 14987 15039 D cellinfo: 46 bytes from 44.241.174.93: icmp_seq=11398 ttl=28 time=138 ms
08-09 22:28:44.253 14987 15039 D cellinfo: 46 bytes from 44.241.174.93: icmp_seq=11399 ttl=28 time=197 ms
08-09 22:28:44.256 14987 14987 D cellinfo: Latitude is 40.6386338
08-09 22:28:44.256 14987 14987 D cellinfo: Longitude is -111.9217231
08-09 22:28:44.256 14987 14987 D cellinfo: Instantaneous GPS information: United States, 6227 Crystal River Dr, Murray, UT 84123, USA
08-09 22:28:44.256 14987 14987 D cellinfo: getCurrentLocation() result: Location (success): 40.6386338, -111.9217231
08-09 22:28:44.258 14987 14987 D cellinfo: onServiceStateChanged: Channel Number: 5230 Cell Bandwidths: [10000, 20000, 5000]
08-09 22:28:44.351 14987 15039 D cellinfo: 46 bytes from 44.241.174.93: icmp_seq=11400 ttl=28 time=95.5 ms
08-09 22:28:44.561 14987 15039 D cellinfo: 46 bytes from 44.241.174.93: icmp_seq=11401 ttl=28 time=103 ms
08-09 22:28:44.753 14987 15039 D cellinfo: 46 bytes from 44.241.174.93: icmp_seq=11402 ttl=28 time=94.5 ms
08-09 22:28:44.957 14987 14987 D cellinfo: onsignalStrengthsChanged: LTE Signal Strength info: rsrp: -87 rsrq: -12 rssi: -67 rssnr: 2
08-09 22:28:44.968 14987 15039 D cellinfo: 46 bytes from 44.241.174.93: icmp_seq=11403 ttl=28 time=108 ms
08-09 22:28:45.168 14987 15039 D cellinfo: 46 bytes from 44.241.174.93: icmp_seq=11404 ttl=28 time=106 ms
08-09 22:28:45.353 14987 15039 D cellinfo: 46 bytes from 44.241.174.93: icmp_seq=11405 ttl=28 time=90.3 ms
08-09 22:28:45.562 14987 15039 D cellinfo: 46 bytes from 44.241.174.93: icmp_seq=11406 ttl=28 time=97.5 ms
08-09 22:28:45.753 14987 15039 D cellinfo: 46 bytes from 44.241.174.93: icmp_seq=11407 ttl=28 time=87.9 ms
08-09 22:28:45.963 14987 15039 D cellinfo: 46 bytes from 44.241.174.93: icmp_seq=11408 ttl=28 time=96.8 ms
08-09 22:28:46.162 14987 15039 D cellinfo: 46 bytes from 44.241.174.93: icmp_seq=11409 ttl=28 time=96.1 ms
08-09 22:28:46.379 14987 15039 D cellinfo: 46 bytes from 44.241.174.93: icmp_seq=11410 ttl=28 time=111 ms
08-09 22:28:46.564 14987 15039 D cellinfo: 46 bytes from 44.241.174.93: icmp_seq=11411 ttl=28 time=95.4 ms
08-09 22:28:46.759 14987 15039 D cellinfo: 46 bytes from 44.241.174.93: icmp_seq=11412 ttl=28 time=89.4 ms
08-09 22:28:46.805 14987 14987 D cellinfo: Latitude is 40.6387667
08-09 22:28:46.805 14987 14987 D cellinfo: Longitude is -111.9219557
08-09 22:28:46.805 14987 14987 D cellinfo: Instantaneous GPS information: United States, 6227 Crystal River Dr, Murray, UT 84123, USA
08-09 22:28:46.805 14987 14987 D cellinfo: getCurrentLocation() result: Location (success): 40.6387667, -111.9219557
08-09 22:28:46.808 14987 14987 D cellinfo: onCellInfoChanged: Operator: Verizon Wireless UpdateTimestamp: 110404840 CellConnectionStatus: 1
08-09 22:28:46.808 14987 14987 D cellinfo: onCellInfoChanged: LTE Cell Bands: [13, 4, 2] Bandwidth: 10000 Cell ID: 3153922 Physical Cell ID: 214 Tracking Area Code: 3073 EARFCN: 5230
08-09 22:28:46.980 14987 15039 D cellinfo: 46 bytes from 44.241.174.93: icmp_seq=11413 ttl=28 time=110 ms
08-09 22:28:47.178 14987 15039 D cellinfo: 46 bytes from 44.241.174.93: icmp_seq=11414 ttl=28 time=108 ms
08-09 22:28:47.362 14987 15039 D cellinfo: 46 bytes from 44.241.174.93: icmp_seq=11415 ttl=28 time=91.3 ms
08-09 22:28:47.571 14987 15039 D cellinfo: 46 bytes from 44.241.174.93: icmp_seq=11416 ttl=28 time=98.3 ms
08-09 22:28:47.763 14987 15039 D cellinfo: 46 bytes from 44.241.174.93: icmp_seq=11417 ttl=28 time=90.1 ms
08-09 22:28:47.971 14987 15039 D cellinfo: 46 bytes from 44.241.174.93: icmp_seq=11418 ttl=28 time=97.7 ms
08-09 22:28:48.163 14987 15039 D cellinfo: 46 bytes from 44.241.174.93: icmp_seq=11419 ttl=28 time=88.9 ms
08-09 22:28:48.387 14987 15039 D cellinfo: 46 bytes from 44.241.174.93: icmp_seq=11420 ttl=28 time=112 ms
08-09 22:28:48.571 14987 15039 D cellinfo: 46 bytes from 44.241.174.93: icmp_seq=11421 ttl=28 time=95.9 ms
08-09 22:28:48.959 14987 14987 D cellinfo: onsignalStrengthsChanged: LTE Signal Strength info: rsrp: -104 rsrq: -20 rssi: -75 rssnr: -4
08-09 22:28:48.982 14987 15039 D cellinfo: 46 bytes from 44.241.174.93: icmp_seq=11422 ttl=28 time=306 ms
08-09 22:28:49.126 14987 15039 D cellinfo: 46 bytes from 44.241.174.93: icmp_seq=11423 ttl=28 time=245 ms
08-09 22:28:49.137 14987 14987 D cellinfo: onServiceStateChanged: Channel Number: 5230 Cell Bandwidths: [10000, 20000, 5000]
08-09 22:28:49.187 14987 15039 D cellinfo: 46 bytes from 44.241.174.93: icmp_seq=11424 ttl=28 time=106 ms
08-09 22:28:49.203 14987 14987 D cellinfo: onServiceStateChanged: Channel Number: 5230 Cell Bandwidths: [10000]
08-09 22:28:49.386 14987 15039 D cellinfo: 46 bytes from 44.241.174.93: icmp_seq=11425 ttl=28 time=105 ms
08-09 22:28:49.443 14987 14987 D cellinfo: onServiceStateChanged: Channel Number: 5230 Cell Bandwidths: [10000, 20000, 20000, 10000]
08-09 22:28:49.577 14987 15039 D cellinfo: 46 bytes from 44.241.174.93: icmp_seq=11426 ttl=28 time=94.3 ms
08-09 22:28:49.773 14987 15039 D cellinfo: 46 bytes from 44.241.174.93: icmp_seq=11427 ttl=28 time=88.9 ms
08-09 22:28:49.797 14987 14987 D cellinfo: Latitude is 40.6391205
08-09 22:28:49.798 14987 14987 D cellinfo: Longitude is -111.9225755
08-09 22:28:49.798 14987 14987 D cellinfo: Instantaneous GPS information: United States, 6203 Crystal River Dr, Murray, UT 84123, USA
08-09 22:28:49.798 14987 14987 D cellinfo: getCurrentLocation() result: Location (success): 40.6391205, -111.9225755
08-09 22:28:49.801 14987 14987 D cellinfo: onCellInfoChanged: Operator: Verizon Wireless UpdateTimestamp: 110407827 CellConnectionStatus: 1
08-09 22:28:49.801 14987 14987 D cellinfo: onCellInfoChanged: LTE Cell Bands: [13, 2, 66, 66] Bandwidth: 10000 Cell ID: 3163138 Physical Cell ID: 238 Tracking Area Code: 3073 EARFCN: 5230
08-09 22:28:49.977 14987 15039 D cellinfo: 46 bytes from 44.241.174.93: icmp_seq=11428 ttl=28 time=92.6 ms
08-09 22:28:50.178 14987 15039 D cellinfo: 46 bytes from 44.241.174.93: icmp_seq=11429 ttl=28 time=93.0 ms
08-09 22:28:50.378 14987 15039 D cellinfo: 46 bytes from 44.241.174.93: icmp_seq=11430 ttl=28 time=91.9 ms
08-09 22:28:50.585 14987 15039 D cellinfo: 46 bytes from 44.241.174.93: icmp_seq=11431 ttl=28 time=98.3 ms
08-09 22:28:50.779 14987 15039 D cellinfo: 46 bytes from 44.241.174.93: icmp_seq=11432 ttl=28 time=90.9 ms
08-09 22:28:50.978 14987 15039 D cellinfo: 46 bytes from 44.241.174.93: icmp_seq=11433 ttl=28 time=89.2 ms
08-09 22:28:51.195 14987 15039 D cellinfo: 46 bytes from 44.241.174.93: icmp_seq=11434 ttl=28 time=105 ms
08-09 22:28:51.378 14987 15039 D cellinfo: 46 bytes from 44.241.174.93: icmp_seq=11435 ttl=28 time=88.5 ms
08-09 22:28:51.576 14987 15039 D cellinfo: 46 bytes from 44.241.174.93: icmp_seq=11436 ttl=28 time=86.5 ms
08-09 22:28:51.787 14987 15039 D cellinfo: 46 bytes from 44.241.174.93: icmp_seq=11437 ttl=28 time=96.4 ms
08-09 22:28:51.834 14987 14987 D cellinfo: onServiceStateChanged: Channel Number: 5230 Cell Bandwidths: [10000]
08-09 22:28:51.854 14987 15039 D cellinfo: 46 bytes from 44.241.174.93: icmp_seq=11437 ttl=28 time=163 ms (DUP!)
08-09 22:28:51.982 14987 15039 D cellinfo: 46 bytes from 44.241.174.93: icmp_seq=11438 ttl=28 time=91.4 ms
08-09 22:28:52.014 14987 14987 D cellinfo: onServiceStateChanged: Channel Number: 5230 Cell Bandwidths: [10000, 20000, 5000]
08-09 22:28:52.185 14987 15039 D cellinfo: 46 bytes from 44.241.174.93: icmp_seq=11439 ttl=28 time=93.6 ms
08-09 22:28:52.405 14987 15039 D cellinfo: 46 bytes from 44.241.174.93: icmp_seq=11440 ttl=28 time=113 ms
08-09 22:28:52.589 14987 15039 D cellinfo: 46 bytes from 44.241.174.93: icmp_seq=11441 ttl=28 time=96.1 ms
08-09 22:28:52.821 14987 15039 D cellinfo: 46 bytes from 44.241.174.93: icmp_seq=11442 ttl=28 time=127 ms
08-09 22:28:52.822 14987 14987 D cellinfo: Latitude is 40.6391399
08-09 22:28:52.822 14987 14987 D cellinfo: Longitude is -111.9226098
08-09 22:28:52.822 14987 14987 D cellinfo: Instantaneous GPS information: United States, 6203 Crystal River Dr, Murray, UT 84123, USA
08-09 22:28:52.822 14987 14987 D cellinfo: getCurrentLocation() result: Location (success): 40.6391399, -111.9226098
08-09 22:28:52.831 14987 14987 D cellinfo: onCellInfoChanged: Operator: Verizon Wireless UpdateTimestamp: 110410812 CellConnectionStatus: 1
08-09 22:28:52.832 14987 14987 D cellinfo: onCellInfoChanged: LTE Cell Bands: [13, 4, 2] Bandwidth: 10000 Cell ID: 3153922 Physical Cell ID: 214 Tracking Area Code: 3073 EARFCN: 5230
08-09 22:28:53.000 14987 15039 D cellinfo: 46 bytes from 44.241.174.93: icmp_seq=11443 ttl=28 time=104 ms
08-09 22:28:53.192 14987 15039 D cellinfo: 46 bytes from 44.241.174.93: icmp_seq=11444 ttl=28 time=96.8 ms
08-09 22:28:53.393 14987 15039 D cellinfo: 46 bytes from 44.241.174.93: icmp_seq=11445 ttl=28 time=98.3 ms
08-09 22:28:53.607 14987 15039 D cellinfo: 46 bytes from 44.241.174.93: icmp_seq=11446 ttl=28 time=111 ms
08-09 22:28:53.779 14987 15039 D cellinfo: 46 bytes from 44.241.174.93: icmp_seq=11447 ttl=28 time=82.7 ms
08-09 22:28:53.797 14987 14987 D cellinfo: onsignalStrengthsChanged: LTE Signal Strength info: rsrp: -93 rsrq: -9 rssi: -77 rssnr: -1
08-09 22:28:53.999 14987 15039 D cellinfo: 46 bytes from 44.241.174.93: icmp_seq=11448 ttl=28 time=101 ms
08-09 22:28:54.184 14987 15039 D cellinfo: 46 bytes from 44.241.174.93: icmp_seq=11449 ttl=28 time=85.2 ms
08-09 22:28:54.381 14987 15039 D cellinfo: 46 bytes from 44.241.174.93: icmp_seq=11450 ttl=28 time=81.5 ms
08-09 22:28:54.589 14987 15039 D cellinfo: 46 bytes from 44.241.174.93: icmp_seq=11451 ttl=28 time=88.6 ms
08-09 22:28:54.799 14987 15039 D cellinfo: 46 bytes from 44.241.174.93: icmp_seq=11452 ttl=28 time=96.3 ms
08-09 22:28:55.005 14987 15039 D cellinfo: 46 bytes from 44.241.174.93: icmp_seq=11453 ttl=28 time=101 ms
08-09 22:28:55.308 14987 15039 D cellinfo: 46 bytes from 44.241.174.93: icmp_seq=11454 ttl=28 time=203 ms
08-09 22:28:55.371 14987 14987 D cellinfo: onCellInfoChanged: Operator: Verizon Wireless UpdateTimestamp: 110413558 CellConnectionStatus: 1
08-09 22:28:55.371 14987 14987 D cellinfo: onCellInfoChanged: LTE Cell Bands: [13] Bandwidth: 10000 Cell ID: 3153922 Physical Cell ID: 214 Tracking Area Code: 3073 EARFCN: 5230
08-09 22:28:55.405 14987 15039 D cellinfo: 46 bytes from 44.241.174.93: icmp_seq=11455 ttl=28 time=96.0 ms
08-09 22:28:55.616 14987 15039 D cellinfo: 46 bytes from 44.241.174.93: icmp_seq=11456 ttl=28 time=106 ms
08-09 22:28:55.805 14987 15039 D cellinfo: 46 bytes from 44.241.174.93: icmp_seq=11457 ttl=28 time=95.2 ms
08-09 22:28:56.000 14987 15039 D cellinfo: 46 bytes from 44.241.174.93: icmp_seq=11458 ttl=28 time=90.1 ms
08-09 22:28:56.003 14987 14987 D cellinfo: Latitude is 40.6394082
08-09 22:28:56.003 14987 14987 D cellinfo: Longitude is -111.9245524
08-09 22:28:56.003 14987 14987 D cellinfo: Instantaneous GPS information: United States, 6164 S 1180 W, Murray, UT 84123, USA
08-09 22:28:56.003 14987 14987 D cellinfo: getCurrentLocation() result: Location (success): 40.6394082, -111.9245524
08-09 22:28:56.231 14987 15039 D cellinfo: 46 bytes from 44.241.174.93: icmp_seq=11459 ttl=28 time=120 ms
08-09 22:28:56.400 14987 15039 D cellinfo: 46 bytes from 44.241.174.93: icmp_seq=11460 ttl=28 time=89.1 ms
08-09 22:28:56.603 14987 15039 D cellinfo: 46 bytes from 44.241.174.93: icmp_seq=11461 ttl=28 time=91.7 ms
08-09 22:28:56.795 14987 14987 D cellinfo: onServiceStateChanged: Channel Number: 5230 Cell Bandwidths: [10000, 60000]
08-09 22:28:56.810 14987 14987 D cellinfo: onDisplayInfoChanged: NetworkType: LTE OverrideNetworkType: 5G(mmWave)
08-09 22:28:56.868 14987 15039 D cellinfo: 46 bytes from 44.241.174.93: icmp_seq=11462 ttl=28 time=155 ms
08-09 22:28:56.881 14987 14987 D cellinfo: onServiceStateChanged: Channel Number: 5230 Cell Bandwidths: [10000, 60000]
08-09 22:28:56.993 14987 15039 D cellinfo: 46 bytes from 44.241.174.93: icmp_seq=11463 ttl=28 time=80.6 ms
08-09 22:28:57.196 14987 15039 D cellinfo: 46 bytes from 44.241.174.93: icmp_seq=11464 ttl=28 time=81.4 ms
08-09 22:28:57.404 14987 15039 D cellinfo: 46 bytes from 44.241.174.93: icmp_seq=11465 ttl=28 time=88.0 ms
08-09 22:28:57.609 14987 15039 D cellinfo: 46 bytes from 44.241.174.93: icmp_seq=11466 ttl=28 time=92.7 ms
08-09 22:28:57.793 14987 14987 D cellinfo: onsignalStrengthsChanged: LTE Signal Strength info: rsrp: -99 rsrq: -12 rssi: -77 rssnr: 0
08-09 22:28:57.794 14987 14987 D cellinfo: onsignalStrengthsChanged: 5G-NR Signal Strength info: ssrsrp: -92 ssrsrq: -12 sssinr: 7
08-09 22:28:57.812 14987 15039 D cellinfo: 46 bytes from 44.241.174.93: icmp_seq=11467 ttl=28 time=95.4 ms
08-09 22:28:58.006 14987 15039 D cellinfo: 46 bytes from 44.241.174.93: icmp_seq=11468 ttl=28 time=87.7 ms
08-09 22:28:58.210 14987 15039 D cellinfo: 46 bytes from 44.241.174.93: icmp_seq=11469 ttl=28 time=91.0 ms
08-09 22:28:58.417 14987 15039 D cellinfo: 46 bytes from 44.241.174.93: icmp_seq=11470 ttl=28 time=97.5 ms
08-09 22:28:58.613 14987 15039 D cellinfo: 46 bytes from 44.241.174.93: icmp_seq=11471 ttl=28 time=94.0 ms
08-09 22:28:58.823 14987 15039 D cellinfo: 46 bytes from 44.241.174.93: icmp_seq=11472 ttl=28 time=102 ms
08-09 22:28:59.006 14987 15039 D cellinfo: 46 bytes from 44.241.174.93: icmp_seq=11473 ttl=28 time=85.4 ms
08-09 22:28:59.206 14987 15039 D cellinfo: 46 bytes from 44.241.174.93: icmp_seq=11474 ttl=28 time=84.6 ms
08-09 22:28:59.407 14987 15039 D cellinfo: 46 bytes from 44.241.174.93: icmp_seq=11475 ttl=28 time=84.5 ms
08-09 22:28:59.606 14987 15039 D cellinfo: 46 bytes from 44.241.174.93: icmp_seq=11476 ttl=28 time=83.7 ms
08-09 22:28:59.806 14987 15039 D cellinfo: 46 bytes from 44.241.174.93: icmp_seq=11477 ttl=28 time=82.9 ms
08-09 22:29:00.001 14987 15039 D cellinfo: 46 bytes from 44.241.174.93: icmp_seq=11478 ttl=28 time=77.0 ms
08-09 22:29:00.204 14987 15039 D cellinfo: 46 bytes from 44.241.174.93: icmp_seq=11479 ttl=28 time=80.2 ms
08-09 22:29:00.408 14987 15039 D cellinfo: 46 bytes from 44.241.174.93: icmp_seq=11480 ttl=28 time=81.8 ms
08-09 22:29:00.607 14987 15039 D cellinfo: 46 bytes from 44.241.174.93: icmp_seq=11481 ttl=28 time=80.2 ms
08-09 22:29:00.826 14987 15039 D cellinfo: 46 bytes from 44.241.174.93: icmp_seq=11482 ttl=28 time=99.1 ms
08-09 22:29:01.013 14987 15039 D cellinfo: 46 bytes from 44.241.174.93: icmp_seq=11483 ttl=28 time=85.0 ms
08-09 22:29:01.212 14987 15039 D cellinfo: 46 bytes from 44.241.174.93: icmp_seq=11484 ttl=28 time=82.6 ms
08-09 22:29:01.522 14987 15039 D cellinfo: 46 bytes from 44.241.174.93: icmp_seq=11485 ttl=28 time=192 ms
08-09 22:29:01.705 14987 15039 D cellinfo: 46 bytes from 44.241.174.93: icmp_seq=11486 ttl=28 time=176 ms
08-09 22:29:01.943 14987 15039 D cellinfo: 46 bytes from 44.241.174.93: icmp_seq=11487 ttl=28 time=214 ms
08-09 22:29:02.274 14987 15039 D cellinfo: 46 bytes from 44.241.174.93: icmp_seq=11488 ttl=28 time=342 ms
08-09 22:29:02.541 14987 15039 D cellinfo: 46 bytes from 44.241.174.93: icmp_seq=11489 ttl=28 time=408 ms
08-09 22:29:03.349 14987 15039 D cellinfo: 46 bytes from 44.241.174.93: icmp_seq=11490 ttl=28 time=1015 ms
08-09 22:29:03.519 14987 14987 D cellinfo: Latitude is 40.6415567
08-09 22:29:03.519 14987 14987 D cellinfo: Longitude is -111.9252004
08-09 22:29:03.519 14987 14987 D cellinfo: Instantaneous GPS information: United States, 5998 Murray Hollow Ln, Murray, UT 84123, USA
08-09 22:29:03.519 14987 14987 D cellinfo: getCurrentLocation() result: Location (success): 40.6415567, -111.9252004
08-09 22:29:03.522 14987 14987 D cellinfo: Latitude is 40.6415567
08-09 22:29:03.522 14987 14987 D cellinfo: Longitude is -111.9252004
08-09 22:29:03.522 14987 14987 D cellinfo: Instantaneous GPS information: United States, 5998 Murray Hollow Ln, Murray, UT 84123, USA
08-09 22:29:03.522 14987 14987 D cellinfo: getCurrentLocation() result: Location (success): 40.6415567, -111.9252004
08-09 22:29:03.524 14987 14987 D cellinfo: onsignalStrengthsChanged: LTE Signal Strength info: rsrp: -96 rsrq: -16 rssi: -73 rssnr: 1
08-09 22:29:03.524 14987 14987 D cellinfo: onsignalStrengthsChanged: 5G-NR Signal Strength info: ssrsrp: -89 ssrsrq: -11 sssinr: 20
08-09 22:29:03.524 14987 14987 D cellinfo: onServiceStateChanged: Channel Number: 5230 Cell Bandwidths: [10000, 60000]
08-09 22:29:03.524 14987 14987 D cellinfo: onServiceStateChanged: Channel Number: 5230 Cell Bandwidths: [10000, 60000]
08-09 22:29:03.524 14987 14987 D cellinfo: onServiceStateChanged: Channel Number: 5230 Cell Bandwidths: [10000]
08-09 22:29:03.524 14987 14987 D cellinfo: onServiceStateChanged: Channel Number: 5230 Cell Bandwidths: [10000, 10000, 20000, 10000]
08-09 22:29:03.659 14987 15039 D cellinfo: 46 bytes from 44.241.174.93: icmp_seq=11491 ttl=28 time=1116 ms
08-09 22:29:03.660 14987 15039 D cellinfo: 46 bytes from 44.241.174.93: icmp_seq=11492 ttl=28 time=915 ms
08-09 22:29:03.660 14987 15039 D cellinfo: 46 bytes from 44.241.174.93: icmp_seq=11493 ttl=28 time=712 ms
08-09 22:29:03.660 14987 15039 D cellinfo: 46 bytes from 44.241.174.93: icmp_seq=11494 ttl=28 time=508 ms
08-09 22:29:03.660 14987 15039 D cellinfo: 46 bytes from 44.241.174.93: icmp_seq=11495 ttl=28 time=304 ms
08-09 22:29:03.660 14987 15039 D cellinfo: 46 bytes from 44.241.174.93: icmp_seq=11496 ttl=28 time=103 ms
08-09 22:29:03.723 14987 14987 D cellinfo: onCellInfoChanged: Operator: Verizon Wireless UpdateTimestamp: 110421910 CellConnectionStatus: 1
08-09 22:29:03.723 14987 14987 D cellinfo: onCellInfoChanged: LTE Cell Bands: [13] Bandwidth: 10000 Cell ID: 3163139 Physical Cell ID: 239 Tracking Area Code: 3073 EARFCN: 5230
08-09 22:29:03.845 14987 15039 D cellinfo: 46 bytes from 44.241.174.93: icmp_seq=11497 ttl=28 time=94.3 ms
08-09 22:29:04.044 14987 15039 D cellinfo: 46 bytes from 44.241.174.93: icmp_seq=11498 ttl=28 time=93.4 ms
08-09 22:29:04.251 14987 15039 D cellinfo: 46 bytes from 44.241.174.93: icmp_seq=11499 ttl=28 time=99.8 ms
08-09 22:29:04.454 14987 15039 D cellinfo: 46 bytes from 44.241.174.93: icmp_seq=11500 ttl=28 time=102 ms
08-09 22:29:04.645 14987 15039 D cellinfo: 46 bytes from 44.241.174.93: icmp_seq=11501 ttl=28 time=93.1 ms
08-09 22:29:04.845 14987 15039 D cellinfo: 46 bytes from 44.241.174.93: icmp_seq=11502 ttl=28 time=92.0 ms
08-09 22:29:05.188 14987 15039 D cellinfo: 46 bytes from 44.241.174.93: icmp_seq=11503 ttl=28 time=234 ms
08-09 22:29:05.263 14987 15039 D cellinfo: 46 bytes from 44.241.174.93: icmp_seq=11504 ttl=28 time=107 ms
08-09 22:29:05.314 14987 14987 D cellinfo: Latitude is 40.643528
08-09 22:29:05.314 14987 14987 D cellinfo: Longitude is -111.9275472
08-09 22:29:05.314 14987 14987 D cellinfo: Instantaneous GPS information: United States, 1219 W 5840 S, Murray, UT 84123, USA
08-09 22:29:05.314 14987 14987 D cellinfo: getCurrentLocation() result: Location (success): 40.643528, -111.9275472
08-09 22:29:05.317 14987 14987 D cellinfo: onServiceStateChanged: Channel Number: 5230 Cell Bandwidths: [10000, 60000]
08-09 22:29:05.318 14987 14987 D cellinfo: onServiceStateChanged: Channel Number: 5230 Cell Bandwidths: [10000, 60000]
08-09 22:29:05.442 14987 15039 D cellinfo: 46 bytes from 44.241.174.93: icmp_seq=11505 ttl=28 time=86.4 ms
08-09 22:29:05.658 14987 15039 D cellinfo: 46 bytes from 44.241.174.93: icmp_seq=11506 ttl=28 time=100 ms
08-09 22:29:05.853 14987 15039 D cellinfo: 46 bytes from 44.241.174.93: icmp_seq=11507 ttl=28 time=94.6 ms
08-09 22:29:06.050 14987 15039 D cellinfo: 46 bytes from 44.241.174.93: icmp_seq=11508 ttl=28 time=91.0 ms
08-09 22:29:06.078 14987 14987 D cellinfo: onsignalStrengthsChanged: LTE Signal Strength info: rsrp: -92 rsrq: -13 rssi: -71 rssnr: 1
08-09 22:29:06.078 14987 14987 D cellinfo: onsignalStrengthsChanged: 5G-NR Signal Strength info: ssrsrp: -97 ssrsrq: -12 sssinr: 6
08-09 22:29:06.254 14987 15039 D cellinfo: 46 bytes from 44.241.174.93: icmp_seq=11509 ttl=28 time=94.4 ms
08-09 22:29:06.458 14987 15039 D cellinfo: 46 bytes from 44.241.174.93: icmp_seq=11510 ttl=28 time=98.0 ms
08-09 22:29:06.653 14987 15039 D cellinfo: 46 bytes from 44.241.174.93: icmp_seq=11511 ttl=28 time=91.7 ms
08-09 22:29:06.849 14987 15039 D cellinfo: 46 bytes from 44.241.174.93: icmp_seq=11512 ttl=28 time=86.4 ms
08-09 22:29:07.067 14987 15039 D cellinfo: 46 bytes from 44.241.174.93: icmp_seq=11513 ttl=28 time=104 ms
08-09 22:29:07.248 14987 15039 D cellinfo: 46 bytes from 44.241.174.93: icmp_seq=11514 ttl=28 time=86.3 ms
08-09 22:29:07.447 14987 15039 D cellinfo: 46 bytes from 44.241.174.93: icmp_seq=11515 ttl=28 time=84.9 ms
08-09 22:29:07.671 14987 15039 D cellinfo: 46 bytes from 44.241.174.93: icmp_seq=11516 ttl=28 time=107 ms
08-09 22:29:07.786 14987 14987 D cellinfo: Latitude is 40.6436919
08-09 22:29:07.786 14987 14987 D cellinfo: Longitude is -111.9278385
08-09 22:29:07.786 14987 14987 D cellinfo: Instantaneous GPS information: United States, 1229 W 5840 S, Murray, UT 84123, USA
08-09 22:29:07.787 14987 14987 D cellinfo: getCurrentLocation() result: Location (success): 40.6436919, -111.9278385
08-09 22:29:07.789 14987 14987 D cellinfo: onCellInfoChanged: Operator: Verizon Wireless UpdateTimestamp: 110425837 CellConnectionStatus: 1
08-09 22:29:07.789 14987 14987 D cellinfo: onCellInfoChanged: 5G-NR Cell Bands: [] ARFCN: 648672 Cell ID: 9223372036854775807 Physical Cell ID: 239 Tracking Area Code: 16777215
08-09 22:29:07.847 14987 15039 D cellinfo: 46 bytes from 44.241.174.93: icmp_seq=11517 ttl=28 time=83.2 ms
08-09 22:29:08.045 14987 15039 D cellinfo: 46 bytes from 44.241.174.93: icmp_seq=11518 ttl=28 time=80.5 ms
08-09 22:29:08.251 14987 15039 D cellinfo: 46 bytes from 44.241.174.93: icmp_seq=11519 ttl=28 time=85.7 ms
08-09 22:29:08.467 14987 15039 D cellinfo: 46 bytes from 44.241.174.93: icmp_seq=11520 ttl=28 time=100 ms
08-09 22:29:08.661 14987 15039 D cellinfo: 46 bytes from 44.241.174.93: icmp_seq=11521 ttl=28 time=91.5 ms
08-09 22:29:08.876 14987 15039 D cellinfo: 46 bytes from 44.241.174.93: icmp_seq=11522 ttl=28 time=105 ms
08-09 22:29:09.051 14987 15039 D cellinfo: 46 bytes from 44.241.174.93: icmp_seq=11523 ttl=28 time=79.9 ms
08-09 22:29:09.271 14987 15039 D cellinfo: 46 bytes from 44.241.174.93: icmp_seq=11524 ttl=28 time=100 ms
08-09 22:29:09.456 14987 15039 D cellinfo: 46 bytes from 44.241.174.93: icmp_seq=11525 ttl=28 time=84.7 ms
08-09 22:29:09.653 14987 15039 D cellinfo: 46 bytes from 44.241.174.93: icmp_seq=11526 ttl=28 time=81.2 ms
08-09 22:29:09.868 14987 15039 D cellinfo: 46 bytes from 44.241.174.93: icmp_seq=11527 ttl=28 time=95.3 ms
08-09 22:29:10.069 14987 15039 D cellinfo: 46 bytes from 44.241.174.93: icmp_seq=11528 ttl=28 time=96.1 ms
08-09 22:29:10.271 14987 15039 D cellinfo: 46 bytes from 44.241.174.93: icmp_seq=11529 ttl=28 time=98.2 ms
08-09 22:29:10.472 14987 15039 D cellinfo: 46 bytes from 44.241.174.93: icmp_seq=11530 ttl=28 time=98.3 ms
08-09 22:29:10.673 14987 15039 D cellinfo: 46 bytes from 44.241.174.93: icmp_seq=11531 ttl=28 time=98.9 ms
08-09 22:29:10.806 14987 14987 D cellinfo: Latitude is 40.6440656
08-09 22:29:10.806 14987 14987 D cellinfo: Longitude is -111.9285137
08-09 22:29:10.806 14987 14987 D cellinfo: Instantaneous GPS information: United States, 1239 W 5840 S, Murray, UT 84123, USA
08-09 22:29:10.807 14987 14987 D cellinfo: getCurrentLocation() result: Location (success): 40.6440656, -111.9285137
08-09 22:29:10.810 14987 14987 D cellinfo: onCellInfoChanged: Operator: Verizon Wireless UpdateTimestamp: 110428838 CellConnectionStatus: 1
08-09 22:29:10.810 14987 14987 D cellinfo: onCellInfoChanged: 5G-NR Cell Bands: [] ARFCN: 648672 Cell ID: 9223372036854775807 Physical Cell ID: 239 Tracking Area Code: 16777215
08-09 22:29:10.863 14987 15039 D cellinfo: 46 bytes from 44.241.174.93: icmp_seq=11532 ttl=28 time=88.6 ms
08-09 22:29:11.067 14987 15039 D cellinfo: 46 bytes from 44.241.174.93: icmp_seq=11533 ttl=28 time=91.7 ms
08-09 22:29:11.266 14987 15039 D cellinfo: 46 bytes from 44.241.174.93: icmp_seq=11534 ttl=28 time=91.5 ms
08-09 22:29:11.467 14987 15039 D cellinfo: 46 bytes from 44.241.174.93: icmp_seq=11535 ttl=28 time=91.5 ms
08-09 22:29:11.667 14987 15039 D cellinfo: 46 bytes from 44.241.174.93: icmp_seq=11536 ttl=28 time=90.9 ms
08-09 22:29:11.867 14987 15039 D cellinfo: 46 bytes from 44.241.174.93: icmp_seq=11537 ttl=28 time=89.6 ms
08-09 22:29:12.067 14987 15039 D cellinfo: 46 bytes from 44.241.174.93: icmp_seq=11538 ttl=28 time=89.1 ms
08-09 22:29:12.266 14987 15039 D cellinfo: 46 bytes from 44.241.174.93: icmp_seq=11539 ttl=28 time=88.5 ms
08-09 22:29:12.462 14987 15039 D cellinfo: 46 bytes from 44.241.174.93: icmp_seq=11540 ttl=28 time=83.5 ms
08-09 22:29:12.663 14987 15039 D cellinfo: 46 bytes from 44.241.174.93: icmp_seq=11541 ttl=28 time=83.9 ms
08-09 22:29:12.869 14987 15039 D cellinfo: 46 bytes from 44.241.174.93: icmp_seq=11542 ttl=28 time=88.9 ms
08-09 22:29:12.919 14987 14987 D cellinfo: onsignalStrengthsChanged: LTE Signal Strength info: rsrp: -89 rsrq: -11 rssi: -71 rssnr: 5
08-09 22:29:12.919 14987 14987 D cellinfo: onsignalStrengthsChanged: 5G-NR Signal Strength info: ssrsrp: -82 ssrsrq: -12 sssinr: 11
08-09 22:29:13.068 14987 15039 D cellinfo: 46 bytes from 44.241.174.93: icmp_seq=11543 ttl=28 time=87.1 ms
08-09 22:29:13.272 14987 15039 D cellinfo: 46 bytes from 44.241.174.93: icmp_seq=11544 ttl=28 time=91.2 ms
08-09 22:29:13.466 14987 15039 D cellinfo: 46 bytes from 44.241.174.93: icmp_seq=11545 ttl=28 time=84.6 ms
08-09 22:29:13.597 14987 14987 D cellinfo: Latitude is 40.6440657
08-09 22:29:13.597 14987 14987 D cellinfo: Longitude is -111.9285106
08-09 22:29:13.597 14987 14987 D cellinfo: Instantaneous GPS information: United States, 1239 W 5840 S, Murray, UT 84123, USA
08-09 22:29:13.597 14987 14987 D cellinfo: getCurrentLocation() result: Location (success): 40.6440657, -111.9285106
08-09 22:29:13.640 14987 14987 D cellinfo: onCellInfoChanged: Operator: Verizon Wireless UpdateTimestamp: 110431830 CellConnectionStatus: 1
08-09 22:29:13.640 14987 14987 D cellinfo: onCellInfoChanged: 5G-NR Cell Bands: [] ARFCN: 648672 Cell ID: 9223372036854775807 Physical Cell ID: 239 Tracking Area Code: 16777215
08-09 22:29:13.666 14987 15039 D cellinfo: 46 bytes from 44.241.174.93: icmp_seq=11546 ttl=28 time=83.7 ms
08-09 22:29:13.871 14987 15039 D cellinfo: 46 bytes from 44.241.174.93: icmp_seq=11547 ttl=28 time=88.4 ms
08-09 22:29:14.066 14987 15039 D cellinfo: 46 bytes from 44.241.174.93: icmp_seq=11548 ttl=28 time=82.1 ms
08-09 22:29:14.288 14987 15039 D cellinfo: 46 bytes from 44.241.174.93: icmp_seq=11549 ttl=28 time=104 ms
08-09 22:29:14.472 14987 15039 D cellinfo: 46 bytes from 44.241.174.93: icmp_seq=11550 ttl=28 time=88.3 ms
08-09 22:29:15.271 14987 15039 D cellinfo: 46 bytes from 44.241.174.93: icmp_seq=11552 ttl=28 time=482 ms
08-09 22:29:15.271 14987 15039 D cellinfo: 46 bytes from 44.241.174.93: icmp_seq=11553 ttl=28 time=278 ms
08-09 22:29:15.288 14987 15039 D cellinfo: 46 bytes from 44.241.174.93: icmp_seq=11554 ttl=28 time=91.8 ms
08-09 22:29:15.490 14987 15039 D cellinfo: 46 bytes from 44.241.174.93: icmp_seq=11555 ttl=28 time=92.2 ms
08-09 22:29:15.704 14987 15039 D cellinfo: 46 bytes from 44.241.174.93: icmp_seq=11556 ttl=28 time=106 ms
08-09 22:29:15.897 14987 15039 D cellinfo: 46 bytes from 44.241.174.93: icmp_seq=11557 ttl=28 time=97.8 ms
08-09 22:29:16.398 14987 15039 D cellinfo: 46 bytes from 44.241.174.93: icmp_seq=11558 ttl=28 time=398 ms
08-09 22:29:16.399 14987 15039 D cellinfo: 46 bytes from 44.241.174.93: icmp_seq=11559 ttl=28 time=197 ms
08-09 22:29:16.489 14987 15039 D cellinfo: 46 bytes from 44.241.174.93: icmp_seq=11560 ttl=28 time=88.7 ms
08-09 22:29:16.640 14987 14987 D cellinfo: onCellInfoChanged: Operator: Verizon Wireless UpdateTimestamp: 110434829 CellConnectionStatus: 1
08-09 22:29:16.640 14987 14987 D cellinfo: onCellInfoChanged: 5G-NR Cell Bands: [] ARFCN: 648672 Cell ID: 9223372036854775807 Physical Cell ID: 239 Tracking Area Code: 16777215
08-09 22:29:16.698 14987 15039 D cellinfo: 46 bytes from 44.241.174.93: icmp_seq=11561 ttl=28 time=97.9 ms
08-09 22:29:16.882 14987 15039 D cellinfo: 46 bytes from 44.241.174.93: icmp_seq=11562 ttl=28 time=80.4 ms
08-09 22:29:17.087 14987 15039 D cellinfo: 46 bytes from 44.241.174.93: icmp_seq=11563 ttl=28 time=85.7 ms
08-09 22:29:17.230 14987 14987 D cellinfo: Latitude is 40.6447946
08-09 22:29:17.230 14987 14987 D cellinfo: Longitude is -111.9321733
08-09 22:29:17.230 14987 14987 D cellinfo: Instantaneous GPS information: United States, 1437 Duck Pond Ln, Taylorsville, UT 84123, USA
08-09 22:29:17.230 14987 14987 D cellinfo: getCurrentLocation() result: Location (success): 40.6447946, -111.9321733
08-09 22:29:17.282 14987 15039 D cellinfo: 46 bytes from 44.241.174.93: icmp_seq=11564 ttl=28 time=79.6 ms
08-09 22:29:17.489 14987 15039 D cellinfo: 46 bytes from 44.241.174.93: icmp_seq=11565 ttl=28 time=85.7 ms
08-09 22:29:17.682 14987 15039 D cellinfo: 46 bytes from 44.241.174.93: icmp_seq=11566 ttl=28 time=78.6 ms
08-09 22:29:17.839 14987 14987 D cellinfo: onsignalStrengthsChanged: LTE Signal Strength info: rsrp: -93 rsrq: -11 rssi: -75 rssnr: -4
08-09 22:29:17.839 14987 14987 D cellinfo: onsignalStrengthsChanged: 5G-NR Signal Strength info: ssrsrp: -98 ssrsrq: -12 sssinr: 5
08-09 22:29:17.892 14987 15039 D cellinfo: 46 bytes from 44.241.174.93: icmp_seq=11567 ttl=28 time=87.7 ms
08-09 22:29:18.091 14987 15039 D cellinfo: 46 bytes from 44.241.174.93: icmp_seq=11568 ttl=28 time=86.8 ms
08-09 22:29:18.292 14987 15039 D cellinfo: 46 bytes from 44.241.174.93: icmp_seq=11569 ttl=28 time=86.6 ms
08-09 22:29:18.491 14987 15039 D cellinfo: 46 bytes from 44.241.174.93: icmp_seq=11570 ttl=28 time=85.9 ms
08-09 22:29:18.691 14987 15039 D cellinfo: 46 bytes from 44.241.174.93: icmp_seq=11571 ttl=28 time=84.4 ms
08-09 22:29:18.892 14987 15039 D cellinfo: 46 bytes from 44.241.174.93: icmp_seq=11572 ttl=28 time=85.0 ms
08-09 22:29:19.092 14987 15039 D cellinfo: 46 bytes from 44.241.174.93: icmp_seq=11573 ttl=28 time=82.9 ms
08-09 22:29:19.291 14987 15039 D cellinfo: 46 bytes from 44.241.174.93: icmp_seq=11574 ttl=28 time=81.2 ms
08-09 22:29:19.491 14987 15039 D cellinfo: 46 bytes from 44.241.174.93: icmp_seq=11575 ttl=28 time=80.6 ms
08-09 22:29:19.714 14987 15039 D cellinfo: 46 bytes from 44.241.174.93: icmp_seq=11576 ttl=28 time=103 ms
08-09 22:29:19.774 14987 14987 D cellinfo: Latitude is 40.644796
08-09 22:29:19.774 14987 14987 D cellinfo: Longitude is -111.9323044
08-09 22:29:19.774 14987 14987 D cellinfo: Instantaneous GPS information: United States, 1437 Duck Pond Ln, Taylorsville, UT 84123, USA
08-09 22:29:19.775 14987 14987 D cellinfo: getCurrentLocation() result: Location (success): 40.644796, -111.9323044
08-09 22:29:19.778 14987 14987 D cellinfo: onCellInfoChanged: Operator: Verizon Wireless UpdateTimestamp: 110437834 CellConnectionStatus: 1
08-09 22:29:19.778 14987 14987 D cellinfo: onCellInfoChanged: 5G-NR Cell Bands: [] ARFCN: 648672 Cell ID: 9223372036854775807 Physical Cell ID: 239 Tracking Area Code: 16777215
08-09 22:29:19.911 14987 15039 D cellinfo: 46 bytes from 44.241.174.93: icmp_seq=11577 ttl=28 time=99.6 ms
08-09 22:29:20.112 14987 15039 D cellinfo: 46 bytes from 44.241.174.93: icmp_seq=11578 ttl=28 time=99.9 ms
08-09 22:29:20.318 14987 15039 D cellinfo: 46 bytes from 44.241.174.93: icmp_seq=11579 ttl=28 time=104 ms
08-09 22:29:20.527 14987 14987 D cellinfo: onServiceStateChanged: Channel Number: 5230 Cell Bandwidths: [10000, 60000]
08-09 22:29:20.538 14987 15039 D cellinfo: 46 bytes from 44.241.174.93: icmp_seq=11580 ttl=28 time=124 ms
08-09 22:29:20.589 14987 14987 D cellinfo: onServiceStateChanged: Channel Number: 5230 Cell Bandwidths: [10000, 60000]
08-09 22:29:20.708 14987 15039 D cellinfo: 46 bytes from 44.241.174.93: icmp_seq=11581 ttl=28 time=92.0 ms
08-09 22:29:20.737 14987 14987 D cellinfo: onServiceStateChanged: Channel Number: 5230 Cell Bandwidths: [10000]
08-09 22:29:20.757 14987 14987 D cellinfo: onServiceStateChanged: Channel Number: 5230 Cell Bandwidths: [10000, 20000, 5000]
08-09 22:29:20.905 14987 15039 D cellinfo: 46 bytes from 44.241.174.93: icmp_seq=11582 ttl=28 time=88.7 ms
08-09 22:29:21.104 14987 15039 D cellinfo: 46 bytes from 44.241.174.93: icmp_seq=11583 ttl=28 time=87.0 ms
08-09 22:29:21.322 14987 15039 D cellinfo: 46 bytes from 44.241.174.93: icmp_seq=11584 ttl=28 time=104 ms
08-09 22:29:21.506 14987 15039 D cellinfo: 46 bytes from 44.241.174.93: icmp_seq=11585 ttl=28 time=87.3 ms
08-09 22:29:21.584 14987 14987 D cellinfo: onsignalStrengthsChanged: LTE Signal Strength info: rsrp: -91 rsrq: -11 rssi: -71 rssnr: 2
08-09 22:29:21.738 14987 15039 D cellinfo: 46 bytes from 44.241.174.93: icmp_seq=11586 ttl=28 time=118 ms
08-09 22:29:21.927 14987 15039 D cellinfo: 46 bytes from 44.241.174.93: icmp_seq=11587 ttl=28 time=107 ms
08-09 22:29:22.128 14987 15039 D cellinfo: 46 bytes from 44.241.174.93: icmp_seq=11588 ttl=28 time=107 ms
08-09 22:29:22.366 14987 15039 D cellinfo: 46 bytes from 44.241.174.93: icmp_seq=11589 ttl=28 time=144 ms
08-09 22:29:22.414 14987 14987 D cellinfo: onServiceStateChanged: Channel Number: 5230 Cell Bandwidths: [10000, 60000]
08-09 22:29:22.486 14987 14987 D cellinfo: onServiceStateChanged: Channel Number: 5230 Cell Bandwidths: [10000, 60000]
08-09 22:29:22.518 14987 15039 D cellinfo: 46 bytes from 44.241.174.93: icmp_seq=11590 ttl=28 time=96.3 ms
08-09 22:29:22.723 14987 15039 D cellinfo: 46 bytes from 44.241.174.93: icmp_seq=11591 ttl=28 time=100 ms
08-09 22:29:22.780 14987 14987 D cellinfo: Latitude is 40.6448275
08-09 22:29:22.780 14987 14987 D cellinfo: Longitude is -111.9335735
08-09 22:29:22.780 14987 14987 D cellinfo: Instantaneous GPS information: United States, 1477 Duck Pond Ln, Taylorsville, UT 84123, USA
08-09 22:29:22.780 14987 14987 D cellinfo: getCurrentLocation() result: Location (success): 40.6448275, -111.9335735
08-09 22:29:22.783 14987 14987 D cellinfo: onCellInfoChanged: Operator: Verizon Wireless UpdateTimestamp: 110440827 CellConnectionStatus: 1
08-09 22:29:22.783 14987 14987 D cellinfo: onCellInfoChanged: 5G-NR Cell Bands: [] ARFCN: 648672 Cell ID: 9223372036854775807 Physical Cell ID: 239 Tracking Area Code: 16777215
08-09 22:29:22.923 14987 15039 D cellinfo: 46 bytes from 44.241.174.93: icmp_seq=11592 ttl=28 time=100 ms
08-09 22:29:23.123 14987 15039 D cellinfo: 46 bytes from 44.241.174.93: icmp_seq=11593 ttl=28 time=98.8 ms
08-09 22:29:23.339 14987 15039 D cellinfo: 46 bytes from 44.241.174.93: icmp_seq=11594 ttl=28 time=114 ms
08-09 22:29:23.518 14987 15039 D cellinfo: 46 bytes from 44.241.174.93: icmp_seq=11595 ttl=28 time=91.7 ms
08-09 22:29:23.730 14987 15039 D cellinfo: 46 bytes from 44.241.174.93: icmp_seq=11596 ttl=28 time=103 ms
08-09 22:29:23.919 14987 15039 D cellinfo: 46 bytes from 44.241.174.93: icmp_seq=11597 ttl=28 time=90.8 ms
08-09 22:29:24.127 14987 15039 D cellinfo: 46 bytes from 44.241.174.93: icmp_seq=11598 ttl=28 time=98.0 ms
08-09 22:29:24.318 14987 15039 D cellinfo: 46 bytes from 44.241.174.93: icmp_seq=11599 ttl=28 time=87.4 ms
08-09 22:29:24.532 14987 15039 D cellinfo: 46 bytes from 44.241.174.93: icmp_seq=11600 ttl=28 time=100 ms
08-09 22:29:24.728 14987 15039 D cellinfo: 46 bytes from 44.241.174.93: icmp_seq=11601 ttl=28 time=95.9 ms
08-09 22:29:24.931 14987 15039 D cellinfo: 46 bytes from 44.241.174.93: icmp_seq=11602 ttl=28 time=98.9 ms
08-09 22:29:25.111 14987 15039 D cellinfo: 46 bytes from 44.241.174.93: icmp_seq=11603 ttl=28 time=77.8 ms
08-09 22:29:25.332 14987 15039 D cellinfo: 46 bytes from 44.241.174.93: icmp_seq=11604 ttl=28 time=97.9 ms
08-09 22:29:25.532 14987 15039 D cellinfo: 46 bytes from 44.241.174.93: icmp_seq=11605 ttl=28 time=96.1 ms
08-09 22:29:25.564 14987 14987 D cellinfo: onsignalStrengthsChanged: LTE Signal Strength info: rsrp: -96 rsrq: -14 rssi: -75 rssnr: -1
08-09 22:29:25.564 14987 14987 D cellinfo: onsignalStrengthsChanged: 5G-NR Signal Strength info: ssrsrp: -89 ssrsrq: -12 sssinr: 10
08-09 22:29:25.592 14987 14987 D cellinfo: Latitude is 40.6448258
08-09 22:29:25.592 14987 14987 D cellinfo: Longitude is -111.9336051
08-09 22:29:25.592 14987 14987 D cellinfo: Instantaneous GPS information: United States, 1477 Duck Pond Ln, Taylorsville, UT 84123, USA
08-09 22:29:25.592 14987 14987 D cellinfo: getCurrentLocation() result: Location (success): 40.6448258, -111.9336051
08-09 22:29:25.630 14987 14987 D cellinfo: onCellInfoChanged: Operator: Verizon Wireless UpdateTimestamp: 110443818 CellConnectionStatus: 1
08-09 22:29:25.630 14987 14987 D cellinfo: onCellInfoChanged: 5G-NR Cell Bands: [] ARFCN: 648672 Cell ID: 9223372036854775807 Physical Cell ID: 239 Tracking Area Code: 16777215
08-09 22:29:25.716 14987 15039 D cellinfo: 46 bytes from 44.241.174.93: icmp_seq=11606 ttl=28 time=79.3 ms
08-09 22:29:25.932 14987 15039 D cellinfo: 46 bytes from 44.241.174.93: icmp_seq=11607 ttl=28 time=94.9 ms
08-09 22:29:26.111 14987 14987 D cellinfo: onServiceStateChanged: Channel Number: 5230 Cell Bandwidths: [10000]
08-09 22:29:26.193 14987 15039 D cellinfo: 46 bytes from 44.241.174.93: icmp_seq=11608 ttl=28 time=154 ms
08-09 22:29:26.321 14987 15039 D cellinfo: 46 bytes from 44.241.174.93: icmp_seq=11609 ttl=28 time=82.2 ms
08-09 22:29:26.543 14987 15039 D cellinfo: 46 bytes from 44.241.174.93: icmp_seq=11610 ttl=28 time=103 ms
08-09 22:29:26.734 14987 15039 D cellinfo: 46 bytes from 44.241.174.93: icmp_seq=11611 ttl=28 time=93.0 ms
08-09 22:29:26.999 14987 15039 D cellinfo: 46 bytes from 44.241.174.93: icmp_seq=11612 ttl=28 time=156 ms
08-09 22:29:27.149 14987 15039 D cellinfo: 46 bytes from 44.241.174.93: icmp_seq=11613 ttl=28 time=105 ms
08-09 22:29:27.348 14987 15039 D cellinfo: 46 bytes from 44.241.174.93: icmp_seq=11614 ttl=28 time=104 ms
08-09 22:29:27.528 14987 15039 D cellinfo: 46 bytes from 44.241.174.93: icmp_seq=11615 ttl=28 time=84.0 ms
08-09 22:29:27.751 14987 15039 D cellinfo: 46 bytes from 44.241.174.93: icmp_seq=11616 ttl=28 time=104 ms
08-09 22:29:27.949 14987 15039 D cellinfo: 46 bytes from 44.241.174.93: icmp_seq=11617 ttl=28 time=102 ms
08-09 22:29:28.152 14987 15039 D cellinfo: 46 bytes from 44.241.174.93: icmp_seq=11618 ttl=28 time=105 ms
08-09 22:29:28.344 14987 15039 D cellinfo: 46 bytes from 44.241.174.93: icmp_seq=11619 ttl=28 time=96.1 ms
08-09 22:29:28.542 14987 15039 D cellinfo: 46 bytes from 44.241.174.93: icmp_seq=11620 ttl=28 time=93.4 ms
08-09 22:29:28.639 14987 14987 D cellinfo: onCellInfoChanged: Operator: Verizon Wireless UpdateTimestamp: 110446827 CellConnectionStatus: 1
08-09 22:29:28.639 14987 14987 D cellinfo: onCellInfoChanged: 5G-NR Cell Bands: [] ARFCN: 648672 Cell ID: 9223372036854775807 Physical Cell ID: 239 Tracking Area Code: 16777215
08-09 22:29:28.727 14987 15039 D cellinfo: 46 bytes from 44.241.174.93: icmp_seq=11621 ttl=28 time=77.6 ms
08-09 22:29:28.946 14987 15039 D cellinfo: 46 bytes from 44.241.174.93: icmp_seq=11622 ttl=28 time=97.1 ms
08-09 22:29:29.144 14987 15039 D cellinfo: 46 bytes from 44.241.174.93: icmp_seq=11623 ttl=28 time=93.2 ms
08-09 22:29:29.221 14987 14987 D cellinfo: Latitude is 40.6447671
08-09 22:29:29.221 14987 14987 D cellinfo: Longitude is -111.9372124
08-09 22:29:29.221 14987 14987 D cellinfo: Instantaneous GPS information: United States, 5805 S Redwood Rd, Taylorsville, UT 84123, USA
08-09 22:29:29.221 14987 14987 D cellinfo: getCurrentLocation() result: Location (success): 40.6447671, -111.9372124
08-09 22:29:29.347 14987 15039 D cellinfo: 46 bytes from 44.241.174.93: icmp_seq=11624 ttl=28 time=95.6 ms
08-09 22:29:29.557 14987 15039 D cellinfo: 46 bytes from 44.241.174.93: icmp_seq=11625 ttl=28 time=104 ms
08-09 22:29:29.741 14987 15039 D cellinfo: 46 bytes from 44.241.174.93: icmp_seq=11626 ttl=28 time=89.0 ms
08-09 22:29:29.765 14987 14987 D cellinfo: onsignalStrengthsChanged: LTE Signal Strength info: rsrp: -76 rsrq: -7 rssi: -63 rssnr: 15
08-09 22:29:29.765 14987 14987 D cellinfo: onsignalStrengthsChanged: 5G-NR Signal Strength info: ssrsrp: -86 ssrsrq: -11 sssinr: 10
08-09 22:29:29.944 14987 15039 D cellinfo: 46 bytes from 44.241.174.93: icmp_seq=11627 ttl=28 time=90.7 ms
08-09 22:29:30.151 14987 15039 D cellinfo: 46 bytes from 44.241.174.93: icmp_seq=11628 ttl=28 time=97.7 ms
08-09 22:29:30.343 14987 15039 D cellinfo: 46 bytes from 44.241.174.93: icmp_seq=11629 ttl=28 time=88.7 ms
08-09 22:29:30.541 14987 15039 D cellinfo: 46 bytes from 44.241.174.93: icmp_seq=11630 ttl=28 time=86.1 ms
08-09 22:29:30.744 14987 15039 D cellinfo: 46 bytes from 44.241.174.93: icmp_seq=11631 ttl=28 time=87.7 ms
08-09 22:29:30.941 14987 15039 D cellinfo: 46 bytes from 44.241.174.93: icmp_seq=11632 ttl=28 time=84.3 ms
08-09 22:29:31.144 14987 15039 D cellinfo: 46 bytes from 44.241.174.93: icmp_seq=11633 ttl=28 time=86.3 ms
08-09 22:29:31.342 14987 15039 D cellinfo: 46 bytes from 44.241.174.93: icmp_seq=11634 ttl=28 time=84.3 ms
08-09 22:29:31.544 14987 15039 D cellinfo: 46 bytes from 44.241.174.93: icmp_seq=11635 ttl=28 time=84.7 ms
08-09 22:29:31.738 14987 15039 D cellinfo: 46 bytes from 44.241.174.93: icmp_seq=11636 ttl=28 time=77.2 ms
08-09 22:29:31.789 14987 14987 D cellinfo: Latitude is 40.6447619
08-09 22:29:31.789 14987 14987 D cellinfo: Longitude is -111.9376075
08-09 22:29:31.789 14987 14987 D cellinfo: Instantaneous GPS information: United States, 5805 S Redwood Rd, Taylorsville, UT 84123, USA
08-09 22:29:31.789 14987 14987 D cellinfo: getCurrentLocation() result: Location (success): 40.6447619, -111.9376075
08-09 22:29:31.791 14987 14987 D cellinfo: onCellInfoChanged: Operator: Verizon Wireless UpdateTimestamp: 110449828 CellConnectionStatus: 1
08-09 22:29:31.791 14987 14987 D cellinfo: onCellInfoChanged: 5G-NR Cell Bands: [] ARFCN: 648672 Cell ID: 9223372036854775807 Physical Cell ID: 239 Tracking Area Code: 16777215
08-09 22:29:31.984 14987 15039 D cellinfo: 46 bytes from 44.241.174.93: icmp_seq=11637 ttl=28 time=123 ms
08-09 22:29:32.193 14987 15039 D cellinfo: 46 bytes from 44.241.174.93: icmp_seq=11638 ttl=28 time=131 ms
08-09 22:29:32.351 14987 15039 D cellinfo: 46 bytes from 44.241.174.93: icmp_seq=11639 ttl=28 time=89.7 ms
08-09 22:29:32.554 14987 15039 D cellinfo: 46 bytes from 44.241.174.93: icmp_seq=11640 ttl=28 time=90.9 ms
08-09 22:29:32.773 14987 15039 D cellinfo: 46 bytes from 44.241.174.93: icmp_seq=11641 ttl=28 time=109 ms
08-09 22:29:32.947 14987 15039 D cellinfo: 46 bytes from 44.241.174.93: icmp_seq=11642 ttl=28 time=83.1 ms
08-09 22:29:33.167 14987 15039 D cellinfo: 46 bytes from 44.241.174.93: icmp_seq=11643 ttl=28 time=101 ms
08-09 22:29:33.363 14987 15039 D cellinfo: 46 bytes from 44.241.174.93: icmp_seq=11644 ttl=28 time=96.1 ms
08-09 22:29:33.556 14987 15039 D cellinfo: 46 bytes from 44.241.174.93: icmp_seq=11645 ttl=28 time=88.6 ms
08-09 22:29:33.645 14987 14987 D cellinfo: onsignalStrengthsChanged: LTE Signal Strength info: rsrp: -67 rsrq: -6 rssi: -53 rssnr: 18
08-09 22:29:33.646 14987 14987 D cellinfo: onsignalStrengthsChanged: 5G-NR Signal Strength info: ssrsrp: -97 ssrsrq: -17 sssinr: -5
08-09 22:29:33.747 14987 15039 D cellinfo: 46 bytes from 44.241.174.93: icmp_seq=11646 ttl=28 time=79.1 ms
08-09 22:29:33.962 14987 15039 D cellinfo: 46 bytes from 44.241.174.93: icmp_seq=11647 ttl=28 time=93.0 ms
08-09 22:29:34.169 14987 15039 D cellinfo: 46 bytes from 44.241.174.93: icmp_seq=11648 ttl=28 time=98.3 ms
08-09 22:29:34.536 14987 15039 D cellinfo: 46 bytes from 44.241.174.93: icmp_seq=11649 ttl=28 time=264 ms
08-09 22:29:34.571 14987 15039 D cellinfo: 46 bytes from 44.241.174.93: icmp_seq=11650 ttl=28 time=99.6 ms
08-09 22:29:34.754 14987 15039 D cellinfo: 46 bytes from 44.241.174.93: icmp_seq=11651 ttl=28 time=81.6 ms
08-09 22:29:34.801 14987 14987 D cellinfo: Latitude is 40.6447522
08-09 22:29:34.801 14987 14987 D cellinfo: Longitude is -111.9383416
08-09 22:29:34.801 14987 14987 D cellinfo: Instantaneous GPS information: United States, 5805 S Redwood Rd, Taylorsville, UT 84123, USA
08-09 22:29:34.801 14987 14987 D cellinfo: getCurrentLocation() result: Location (success): 40.6447522, -111.9383416
08-09 22:29:34.803 14987 14987 D cellinfo: onCellInfoChanged: Operator: Verizon Wireless UpdateTimestamp: 110452829 CellConnectionStatus: 1
08-09 22:29:34.803 14987 14987 D cellinfo: onCellInfoChanged: 5G-NR Cell Bands: [] ARFCN: 648672 Cell ID: 9223372036854775807 Physical Cell ID: 239 Tracking Area Code: 16777215
08-09 22:29:34.965 14987 15039 D cellinfo: 46 bytes from 44.241.174.93: icmp_seq=11652 ttl=28 time=91.4 ms
08-09 22:29:35.163 14987 15039 D cellinfo: 46 bytes from 44.241.174.93: icmp_seq=11653 ttl=28 time=89.7 ms
08-09 22:29:35.364 14987 15039 D cellinfo: 46 bytes from 44.241.174.93: icmp_seq=11654 ttl=28 time=90.1 ms
08-09 22:29:35.554 14987 15039 D cellinfo: 46 bytes from 44.241.174.93: icmp_seq=11655 ttl=28 time=79.2 ms
08-09 22:29:35.767 14987 15039 D cellinfo: 46 bytes from 44.241.174.93: icmp_seq=11656 ttl=28 time=89.9 ms
08-09 22:29:35.965 14987 15039 D cellinfo: 46 bytes from 44.241.174.93: icmp_seq=11657 ttl=28 time=87.0 ms
08-09 22:29:36.165 14987 15039 D cellinfo: 46 bytes from 44.241.174.93: icmp_seq=11658 ttl=28 time=86.9 ms
08-09 22:29:36.366 14987 15039 D cellinfo: 46 bytes from 44.241.174.93: icmp_seq=11659 ttl=28 time=86.0 ms
08-09 22:29:36.565 14987 15039 D cellinfo: 46 bytes from 44.241.174.93: icmp_seq=11660 ttl=28 time=85.5 ms
08-09 22:29:36.775 14987 15039 D cellinfo: 46 bytes from 44.241.174.93: icmp_seq=11661 ttl=28 time=93.9 ms
08-09 22:29:37.015 14987 15039 D cellinfo: 46 bytes from 44.241.174.93: icmp_seq=11662 ttl=28 time=133 ms
08-09 22:29:37.184 14987 15039 D cellinfo: 46 bytes from 44.241.174.93: icmp_seq=11663 ttl=28 time=103 ms
08-09 22:29:37.412 14987 15039 D cellinfo: 46 bytes from 44.241.174.93: icmp_seq=11664 ttl=28 time=128 ms
08-09 22:29:37.578 14987 15039 D cellinfo: 46 bytes from 44.241.174.93: icmp_seq=11665 ttl=28 time=94.7 ms
08-09 22:29:37.598 14987 14987 D cellinfo: Latitude is 40.6447523
08-09 22:29:37.598 14987 14987 D cellinfo: Longitude is -111.9383396
08-09 22:29:37.598 14987 14987 D cellinfo: Instantaneous GPS information: United States, 5805 S Redwood Rd, Taylorsville, UT 84123, USA
08-09 22:29:37.599 14987 14987 D cellinfo: getCurrentLocation() result: Location (success): 40.6447523, -111.9383396
