08-09 22:29:37.652 14987 14987 D cellinfo: onCellInfoChanged: Operator: Verizon Wireless UpdateTimestamp: 110455839 CellConnectionStatus: 1
08-09 22:29:37.652 14987 14987 D cellinfo: onCellInfoChanged: 5G-NR Cell Bands: [] ARFCN: 648672 Cell ID: 9223372036854775807 Physical Cell ID: 239 Tracking Area Code: 16777215
08-09 22:29:37.776 14987 15039 D cellinfo: 46 bytes from 44.241.174.93: icmp_seq=11666 ttl=28 time=92.2 ms
08-09 22:29:37.989 14987 15039 D cellinfo: 46 bytes from 44.241.174.93: icmp_seq=11667 ttl=28 time=104 ms
08-09 22:29:38.188 14987 15039 D cellinfo: 46 bytes from 44.241.174.93: icmp_seq=11668 ttl=28 time=103 ms
08-09 22:29:38.404 14987 15039 D cellinfo: 46 bytes from 44.241.174.93: icmp_seq=11669 ttl=28 time=118 ms
08-09 22:29:38.644 14987 15039 D cellinfo: 46 bytes from 44.241.174.93: icmp_seq=11670 ttl=28 time=156 ms
08-09 22:29:38.656 14987 14987 D cellinfo: onsignalStrengthsChanged: LTE Signal Strength info: rsrp: -88 rsrq: -11 rssi: -69 rssnr: 9
08-09 22:29:38.656 14987 14987 D cellinfo: onsignalStrengthsChanged: 5G-NR Signal Strength info: ssrsrp: -97 ssrsrq: -17 sssinr: -5
08-09 22:29:38.800 14987 15039 D cellinfo: 46 bytes from 44.241.174.93: icmp_seq=11671 ttl=28 time=112 ms
08-09 22:29:39.000 14987 15039 D cellinfo: 46 bytes from 44.241.174.93: icmp_seq=11672 ttl=28 time=111 ms
08-09 22:29:39.195 14987 15039 D cellinfo: 46 bytes from 44.241.174.93: icmp_seq=11673 ttl=28 time=106 ms
08-09 22:29:39.398 14987 15039 D cellinfo: 46 bytes from 44.241.174.93: icmp_seq=11674 ttl=28 time=108 ms
08-09 22:29:39.590 14987 15039 D cellinfo: 46 bytes from 44.241.174.93: icmp_seq=11675 ttl=28 time=100 ms
08-09 22:29:39.792 14987 15039 D cellinfo: 46 bytes from 44.241.174.93: icmp_seq=11676 ttl=28 time=98.3 ms
08-09 22:29:40.019 14987 15039 D cellinfo: 46 bytes from 44.241.174.93: icmp_seq=11677 ttl=28 time=127 ms
08-09 22:29:40.221 14987 15039 D cellinfo: 46 bytes from 44.241.174.93: icmp_seq=11678 ttl=28 time=130 ms
08-09 22:29:40.389 14987 15039 D cellinfo: 46 bytes from 44.241.174.93: icmp_seq=11679 ttl=28 time=97.5 ms
08-09 22:29:40.590 14987 15039 D cellinfo: 46 bytes from 44.241.174.93: icmp_seq=11680 ttl=28 time=97.5 ms
08-09 22:29:40.640 14987 14987 D cellinfo: onCellInfoChanged: Operator: Verizon Wireless UpdateTimestamp: 110458828 CellConnectionStatus: 1
08-09 22:29:40.640 14987 14987 D cellinfo: onCellInfoChanged: 5G-NR Cell Bands: [] ARFCN: 648672 Cell ID: 9223372036854775807 Physical Cell ID: 239 Tracking Area Code: 16777215
08-09 22:29:40.798 14987 15039 D cellinfo: 46 bytes from 44.241.174.93: icmp_seq=11681 ttl=28 time=105 ms
08-09 22:29:40.988 14987 15039 D cellinfo: 46 bytes from 44.241.174.93: icmp_seq=11682 ttl=28 time=94.4 ms
08-09 22:29:41.199 14987 15039 D cellinfo: 46 bytes from 44.241.174.93: icmp_seq=11683 ttl=28 time=104 ms
08-09 22:29:41.775 14987 15039 D cellinfo: 46 bytes from 44.241.174.93: icmp_seq=11684 ttl=28 time=479 ms
08-09 22:29:41.775 14987 15039 D cellinfo: 46 bytes from 44.241.174.93: icmp_seq=11685 ttl=28 time=278 ms
08-09 22:29:41.775 14987 15039 D cellinfo: 46 bytes from 44.241.174.93: icmp_seq=11685 ttl=28 time=278 ms (DUP!)
08-09 22:29:41.785 14987 14987 D cellinfo: Latitude is 40.6448166
08-09 22:29:41.786 14987 14987 D cellinfo: Longitude is -111.9422596
08-09 22:29:41.786 14987 14987 D cellinfo: Instantaneous GPS information: United States, 5780 S 1900 W, Salt Lake City, UT 84118, USA
08-09 22:29:41.786 14987 14987 D cellinfo: getCurrentLocation() result: Location (success): 40.6448166, -111.9422596
08-09 22:29:41.789 14987 14987 D cellinfo: onServiceStateChanged: Channel Number: 5230 Cell Bandwidths: [10000, 60000]
08-09 22:29:41.789 14987 14987 D cellinfo: onServiceStateChanged: Channel Number: 5230 Cell Bandwidths: [10000]
08-09 22:29:41.793 14987 15039 D cellinfo: 46 bytes from 44.241.174.93: icmp_seq=11686 ttl=28 time=88.8 ms
08-09 22:29:41.999 14987 15039 D cellinfo: 46 bytes from 44.241.174.93: icmp_seq=11687 ttl=28 time=93.7 ms
08-09 22:29:42.198 14987 15039 D cellinfo: 46 bytes from 44.241.174.93: icmp_seq=11688 ttl=28 time=92.2 ms
08-09 22:29:42.418 14987 15039 D cellinfo: 46 bytes from 44.241.174.93: icmp_seq=11689 ttl=28 time=111 ms
08-09 22:29:42.477 14987 14987 D cellinfo: onsignalStrengthsChanged: LTE Signal Strength info: rsrp: -88 rsrq: -11 rssi: -67 rssnr: 0
08-09 22:29:42.477 14987 14987 D cellinfo: onsignalStrengthsChanged: 5G-NR Signal Strength info: ssrsrp: -100 ssrsrq: -20 sssinr: -3
08-09 22:29:42.586 14987 15039 D cellinfo: 46 bytes from 44.241.174.93: icmp_seq=11690 ttl=28 time=79.1 ms
08-09 22:29:42.904 14987 15039 D cellinfo: 46 bytes from 44.241.174.93: icmp_seq=11691 ttl=28 time=195 ms
08-09 22:29:42.997 14987 15039 D cellinfo: 46 bytes from 44.241.174.93: icmp_seq=11692 ttl=28 time=88.3 ms
08-09 22:29:42.999 14987 15039 D cellinfo: 46 bytes from 44.241.174.93: icmp_seq=11692 ttl=28 time=90.7 ms (DUP!)
08-09 22:29:43.587 14987 15039 D cellinfo: 46 bytes from 44.241.174.93: icmp_seq=11694 ttl=28 time=274 ms
08-09 22:29:43.588 14987 15039 D cellinfo: 46 bytes from 44.241.174.93: icmp_seq=11693 ttl=28 time=478 ms
08-09 22:29:43.610 14987 15039 D cellinfo: 46 bytes from 44.241.174.93: icmp_seq=11695 ttl=28 time=94.6 ms
08-09 22:29:43.766 14987 14987 D cellinfo: Latitude is 40.6448542
08-09 22:29:43.766 14987 14987 D cellinfo: Longitude is -111.9427318
08-09 22:29:43.766 14987 14987 D cellinfo: Instantaneous GPS information: United States, 5780 S 1900 W, Salt Lake City, UT 84118, USA
08-09 22:29:43.766 14987 14987 D cellinfo: getCurrentLocation() result: Location (success): 40.6448542, -111.9427318
08-09 22:29:43.768 14987 14987 D cellinfo: onCellInfoChanged: Operator: Verizon Wireless UpdateTimestamp: 110461834 CellConnectionStatus: 1
08-09 22:29:43.768 14987 14987 D cellinfo: onCellInfoChanged: 5G-NR Cell Bands: [] ARFCN: 648672 Cell ID: 9223372036854775807 Physical Cell ID: 257 Tracking Area Code: 16777215
08-09 22:29:43.808 14987 15039 D cellinfo: 46 bytes from 44.241.174.93: icmp_seq=11696 ttl=28 time=92.3 ms
08-09 22:29:44.003 14987 15039 D cellinfo: 46 bytes from 44.241.174.93: icmp_seq=11697 ttl=28 time=85.7 ms
08-09 22:29:44.089 14987 14987 D cellinfo: onServiceStateChanged: Channel Number: 5230 Cell Bandwidths: [10000, 60000]
08-09 22:29:44.268 14987 15039 D cellinfo: 46 bytes from 44.241.174.93: icmp_seq=11698 ttl=28 time=150 ms
08-09 22:29:44.404 14987 15039 D cellinfo: 46 bytes from 44.241.174.93: icmp_seq=11699 ttl=28 time=85.8 ms
08-09 22:29:44.608 14987 15039 D cellinfo: 46 bytes from 44.241.174.93: icmp_seq=11700 ttl=28 time=90.0 ms
08-09 22:29:44.808 14987 15039 D cellinfo: 46 bytes from 44.241.174.93: icmp_seq=11701 ttl=28 time=89.0 ms
08-09 22:29:45.007 14987 15039 D cellinfo: 46 bytes from 44.241.174.93: icmp_seq=11702 ttl=28 time=86.4 ms
08-09 22:29:45.212 14987 15039 D cellinfo: 46 bytes from 44.241.174.93: icmp_seq=11703 ttl=28 time=91.6 ms
08-09 22:29:45.408 14987 15039 D cellinfo: 46 bytes from 44.241.174.93: icmp_seq=11704 ttl=28 time=85.8 ms
08-09 22:29:45.563 14987 14987 D cellinfo: onsignalStrengthsChanged: LTE Signal Strength info: rsrp: -85 rsrq: -10 rssi: -67 rssnr: 7
08-09 22:29:45.563 14987 14987 D cellinfo: onsignalStrengthsChanged: 5G-NR Signal Strength info: ssrsrp: -97 ssrsrq: -15 sssinr: -1
08-09 22:29:45.618 14987 15039 D cellinfo: 46 bytes from 44.241.174.93: icmp_seq=11705 ttl=28 time=95.5 ms
08-09 22:29:45.881 14987 15039 D cellinfo: 46 bytes from 44.241.174.93: icmp_seq=11706 ttl=28 time=157 ms
08-09 22:29:46.034 14987 15039 D cellinfo: 46 bytes from 44.241.174.93: icmp_seq=11707 ttl=28 time=110 ms
08-09 22:29:46.212 14987 15039 D cellinfo: 46 bytes from 44.241.174.93: icmp_seq=11708 ttl=28 time=88.5 ms
08-09 22:29:46.513 14987 15039 D cellinfo: 46 bytes from 44.241.174.93: icmp_seq=11709 ttl=28 time=189 ms
08-09 22:29:46.606 14987 15039 D cellinfo: 46 bytes from 44.241.174.93: icmp_seq=11710 ttl=28 time=82.7 ms
08-09 22:29:46.833 14987 15039 D cellinfo: 46 bytes from 44.241.174.93: icmp_seq=11711 ttl=28 time=107 ms
08-09 22:29:46.837 14987 14987 D cellinfo: Latitude is 40.6449049
08-09 22:29:46.837 14987 14987 D cellinfo: Longitude is -111.9433733
08-09 22:29:46.837 14987 14987 D cellinfo: Instantaneous GPS information: United States, 5770 I-215, Salt Lake City, UT 84118, USA
08-09 22:29:46.837 14987 14987 D cellinfo: getCurrentLocation() result: Location (success): 40.6449049, -111.9433733
08-09 22:29:46.841 14987 14987 D cellinfo: onCellInfoChanged: Operator: Verizon Wireless UpdateTimestamp: 110464836 CellConnectionStatus: 1
08-09 22:29:46.842 14987 14987 D cellinfo: onCellInfoChanged: 5G-NR Cell Bands: [] ARFCN: 648672 Cell ID: 9223372036854775807 Physical Cell ID: 257 Tracking Area Code: 16777215
08-09 22:29:47.002 14987 15039 D cellinfo: 46 bytes from 44.241.174.93: icmp_seq=11712 ttl=28 time=76.7 ms
08-09 22:29:47.207 14987 15039 D cellinfo: 46 bytes from 44.241.174.93: icmp_seq=11713 ttl=28 time=82.4 ms
08-09 22:29:47.406 14987 15039 D cellinfo: 46 bytes from 44.241.174.93: icmp_seq=11714 ttl=28 time=80.4 ms
08-09 22:29:47.607 14987 15039 D cellinfo: 46 bytes from 44.241.174.93: icmp_seq=11715 ttl=28 time=79.8 ms
08-09 22:29:47.836 14987 15039 D cellinfo: 46 bytes from 44.241.174.93: icmp_seq=11716 ttl=28 time=107 ms
08-09 22:29:48.014 14987 15039 D cellinfo: 46 bytes from 44.241.174.93: icmp_seq=11717 ttl=28 time=85.0 ms
08-09 22:29:48.941 14987 15039 D cellinfo: 46 bytes from 44.241.174.93: icmp_seq=11719 ttl=28 time=607 ms
08-09 22:29:49.051 14987 15039 D cellinfo: 46 bytes from 44.241.174.93: icmp_seq=11721 ttl=28 time=310 ms
08-09 22:29:49.051 14987 15039 D cellinfo: 46 bytes from 44.241.174.93: icmp_seq=11721 ttl=28 time=310 ms (DUP!)
08-09 22:29:49.051 14987 15039 D cellinfo: 46 bytes from 44.241.174.93: icmp_seq=11720 ttl=28 time=515 ms
08-09 22:29:49.052 14987 15039 D cellinfo: 46 bytes from 44.241.174.93: icmp_seq=11722 ttl=28 time=109 ms
08-09 22:29:49.160 14987 14987 D cellinfo: onsignalStrengthsChanged: LTE Signal Strength info: rsrp: -88 rsrq: -9 rssi: -71 rssnr: 5
08-09 22:29:49.160 14987 14987 D cellinfo: onsignalStrengthsChanged: 5G-NR Signal Strength info: ssrsrp: -100 ssrsrq: -16 sssinr: 0
08-09 22:29:49.228 14987 15039 D cellinfo: 46 bytes from 44.241.174.93: icmp_seq=11723 ttl=28 time=87.6 ms
08-09 22:29:49.449 14987 15039 D cellinfo: 46 bytes from 44.241.174.93: icmp_seq=11724 ttl=28 time=107 ms
08-09 22:29:49.654 14987 15039 D cellinfo: 46 bytes from 44.241.174.93: icmp_seq=11725 ttl=28 time=112 ms
08-09 22:29:50.309 14987 15039 D cellinfo: 46 bytes from 44.241.174.93: icmp_seq=11726 ttl=28 time=564 ms
08-09 22:29:50.317 14987 14987 D cellinfo: Latitude is 40.6449181
08-09 22:29:50.317 14987 14987 D cellinfo: Longitude is -111.943541
08-09 22:29:50.317 14987 14987 D cellinfo: Instantaneous GPS information: United States, 5770 I-215, Salt Lake City, UT 84118, USA
08-09 22:29:50.317 14987 14987 D cellinfo: getCurrentLocation() result: Location (success): 40.6449181, -111.943541
08-09 22:29:50.322 14987 14987 D cellinfo: onCellInfoChanged: Operator: Verizon Wireless UpdateTimestamp: 110467831 CellConnectionStatus: 1
08-09 22:29:50.322 14987 14987 D cellinfo: onCellInfoChanged: 5G-NR Cell Bands: [] ARFCN: 648672 Cell ID: 9223372036854775807 Physical Cell ID: 239 Tracking Area Code: 16777215
08-09 22:29:50.501 14987 15039 D cellinfo: 46 bytes from 44.241.174.93: icmp_seq=11728 ttl=28 time=353 ms
08-09 22:29:50.585 14987 15039 D cellinfo: 46 bytes from 44.241.174.93: icmp_seq=11729 ttl=28 time=237 ms
08-09 22:29:51.409 14987 15039 D cellinfo: 46 bytes from 44.241.174.93: icmp_seq=11730 ttl=28 time=860 ms
08-09 22:29:51.579 14987 15039 D cellinfo: 46 bytes from 44.241.174.93: icmp_seq=11733 ttl=28 time=421 ms
08-09 22:29:51.580 14987 15039 D cellinfo: 46 bytes from 44.241.174.93: icmp_seq=11734 ttl=28 time=218 ms
08-09 22:29:51.648 14987 15039 D cellinfo: 46 bytes from 44.241.174.93: icmp_seq=11735 ttl=28 time=87.2 ms
08-09 22:29:51.853 14987 15039 D cellinfo: 46 bytes from 44.241.174.93: icmp_seq=11736 ttl=28 time=91.3 ms
08-09 22:29:52.053 14987 15039 D cellinfo: 46 bytes from 44.241.174.93: icmp_seq=11737 ttl=28 time=90.9 ms
08-09 22:29:52.248 14987 15039 D cellinfo: 46 bytes from 44.241.174.93: icmp_seq=11738 ttl=28 time=85.9 ms
08-09 22:29:52.448 14987 15039 D cellinfo: 46 bytes from 44.241.174.93: icmp_seq=11739 ttl=28 time=84.9 ms
08-09 22:29:52.606 14987 14987 D cellinfo: onsignalStrengthsChanged: LTE Signal Strength info: rsrp: -96 rsrq: -14 rssi: -73 rssnr: 0
08-09 22:29:52.606 14987 14987 D cellinfo: onsignalStrengthsChanged: 5G-NR Signal Strength info: ssrsrp: -97 ssrsrq: -12 sssinr: 6
08-09 22:29:52.661 14987 14987 D cellinfo: onCellInfoChanged: Operator: Verizon Wireless UpdateTimestamp: 110470849 CellConnectionStatus: 1
08-09 22:29:52.661 14987 14987 D cellinfo: onCellInfoChanged: 5G-NR Cell Bands: [] ARFCN: 648672 Cell ID: 9223372036854775807 Physical Cell ID: 257 Tracking Area Code: 16777215
08-09 22:29:52.704 14987 15039 D cellinfo: 46 bytes from 44.241.174.93: icmp_seq=11740 ttl=28 time=140 ms
08-09 22:29:52.899 14987 15039 D cellinfo: 46 bytes from 44.241.174.93: icmp_seq=11741 ttl=28 time=134 ms
08-09 22:29:53.049 14987 15039 D cellinfo: 46 bytes from 44.241.174.93: icmp_seq=11742 ttl=28 time=83.2 ms
08-09 22:29:53.576 14987 15039 D cellinfo: 46 bytes from 44.241.174.93: icmp_seq=11743 ttl=28 time=408 ms
08-09 22:29:53.576 14987 15039 D cellinfo: 46 bytes from 44.241.174.93: icmp_seq=11744 ttl=28 time=202 ms
08-09 22:29:53.640 14987 14987 D cellinfo: Latitude is 40.6460857
08-09 22:29:53.640 14987 14987 D cellinfo: Longitude is -111.9470054
08-09 22:29:53.640 14987 14987 D cellinfo: Instantaneous GPS information: United States, 2074 Fairwood Dr, Taylorsville, UT 84129, USA
08-09 22:29:53.640 14987 14987 D cellinfo: getCurrentLocation() result: Location (success): 40.6460857, -111.9470054
08-09 22:29:53.654 14987 15039 D cellinfo: 46 bytes from 44.241.174.93: icmp_seq=11745 ttl=28 time=79.0 ms
08-09 22:29:53.857 14987 15039 D cellinfo: 46 bytes from 44.241.174.93: icmp_seq=11746 ttl=28 time=80.8 ms
08-09 22:29:54.063 14987 15039 D cellinfo: 46 bytes from 44.241.174.93: icmp_seq=11747 ttl=28 time=84.6 ms
08-09 22:29:54.262 14987 15039 D cellinfo: 46 bytes from 44.241.174.93: icmp_seq=11748 ttl=28 time=85.3 ms
08-09 22:29:54.461 14987 15039 D cellinfo: 46 bytes from 44.241.174.93: icmp_seq=11749 ttl=28 time=84.4 ms
08-09 22:29:54.660 14987 15039 D cellinfo: 46 bytes from 44.241.174.93: icmp_seq=11750 ttl=28 time=81.6 ms
08-09 22:29:54.867 14987 15039 D cellinfo: 46 bytes from 44.241.174.93: icmp_seq=11751 ttl=28 time=87.5 ms
08-09 22:29:55.058 14987 15039 D cellinfo: 46 bytes from 44.241.174.93: icmp_seq=11752 ttl=28 time=78.4 ms
08-09 22:29:55.268 14987 15039 D cellinfo: 46 bytes from 44.241.174.93: icmp_seq=11753 ttl=28 time=88.8 ms
08-09 22:29:55.474 14987 15039 D cellinfo: 46 bytes from 44.241.174.93: icmp_seq=11754 ttl=28 time=93.9 ms
08-09 22:29:55.677 14987 15039 D cellinfo: 46 bytes from 44.241.174.93: icmp_seq=11755 ttl=28 time=96.6 ms
08-09 22:29:55.798 14987 14987 D cellinfo: Latitude is 40.6462576
08-09 22:29:55.798 14987 14987 D cellinfo: Longitude is -111.9473827
08-09 22:29:55.798 14987 14987 D cellinfo: Instantaneous GPS information: United States, 2126 Fairwood Dr, Taylorsville, UT 84129, USA
08-09 22:29:55.798 14987 14987 D cellinfo: getCurrentLocation() result: Location (success): 40.6462576, -111.9473827
08-09 22:29:55.801 14987 14987 D cellinfo: onCellInfoChanged: Operator: Verizon Wireless UpdateTimestamp: 110473841 CellConnectionStatus: 1
08-09 22:29:55.801 14987 14987 D cellinfo: onCellInfoChanged: 5G-NR Cell Bands: [] ARFCN: 648672 Cell ID: 9223372036854775807 Physical Cell ID: 327 Tracking Area Code: 16777215
08-09 22:29:55.869 14987 15039 D cellinfo: 46 bytes from 44.241.174.93: icmp_seq=11756 ttl=28 time=87.8 ms
08-09 22:29:56.092 14987 15039 D cellinfo: 46 bytes from 44.241.174.93: icmp_seq=11757 ttl=28 time=110 ms
08-09 22:29:56.670 14987 15039 D cellinfo: 46 bytes from 44.241.174.93: icmp_seq=11759 ttl=28 time=284 ms
08-09 22:29:56.678 14987 15039 D cellinfo: 46 bytes from 44.241.174.93: icmp_seq=11760 ttl=28 time=90.1 ms
08-09 22:29:56.881 14987 15039 D cellinfo: 46 bytes from 44.241.174.93: icmp_seq=11761 ttl=28 time=89.3 ms
08-09 22:29:57.088 14987 15039 D cellinfo: 46 bytes from 44.241.174.93: icmp_seq=11762 ttl=28 time=97.9 ms
08-09 22:29:57.266 14987 15039 D cellinfo: 46 bytes from 44.241.174.93: icmp_seq=11763 ttl=28 time=76.6 ms
08-09 22:29:57.473 14987 15039 D cellinfo: 46 bytes from 44.241.174.93: icmp_seq=11764 ttl=28 time=82.5 ms
08-09 22:29:57.674 14987 15039 D cellinfo: 46 bytes from 44.241.174.93: icmp_seq=11765 ttl=28 time=82.7 ms
08-09 22:29:57.872 14987 15039 D cellinfo: 46 bytes from 44.241.174.93: icmp_seq=11766 ttl=28 time=80.7 ms
08-09 22:29:58.256 14987 15039 D cellinfo: 46 bytes from 44.241.174.93: icmp_seq=11767 ttl=28 time=263 ms
08-09 22:29:58.294 14987 15039 D cellinfo: 46 bytes from 44.241.174.93: icmp_seq=11768 ttl=28 time=98.1 ms
08-09 22:29:58.489 14987 15039 D cellinfo: 46 bytes from 44.241.174.93: icmp_seq=11769 ttl=28 time=91.7 ms
08-09 22:29:58.714 14987 15039 D cellinfo: 46 bytes from 44.241.174.93: icmp_seq=11770 ttl=28 time=116 ms
08-09 22:29:58.798 14987 14987 D cellinfo: Latitude is 40.6465296
08-09 22:29:58.798 14987 14987 D cellinfo: Longitude is -111.9479816
08-09 22:29:58.798 14987 14987 D cellinfo: Instantaneous GPS information: United States, 5789 S Jordan Canal Rd, Salt Lake City, UT 84118, USA
08-09 22:29:58.798 14987 14987 D cellinfo: getCurrentLocation() result: Location (success): 40.6465296, -111.9479816
08-09 22:29:58.801 14987 14987 D cellinfo: onCellInfoChanged: Operator: Verizon Wireless UpdateTimestamp: 110476824 CellConnectionStatus: 1
08-09 22:29:58.802 14987 14987 D cellinfo: onCellInfoChanged: 5G-NR Cell Bands: [] ARFCN: 648672 Cell ID: 9223372036854775807 Physical Cell ID: 257 Tracking Area Code: 16777215
08-09 22:29:58.878 14987 15039 D cellinfo: 46 bytes from 44.241.174.93: icmp_seq=11771 ttl=28 time=78.9 ms
08-09 22:29:59.087 14987 15039 D cellinfo: 46 bytes from 44.241.174.93: icmp_seq=11772 ttl=28 time=87.4 ms
08-09 22:29:59.283 14987 15039 D cellinfo: 46 bytes from 44.241.174.93: icmp_seq=11773 ttl=28 time=84.1 ms
08-09 22:29:59.320 14987 14987 D cellinfo: onsignalStrengthsChanged: LTE Signal Strength info: rsrp: -93 rsrq: -16 rssi: -71 rssnr: 1
08-09 22:29:59.320 14987 14987 D cellinfo: onsignalStrengthsChanged: 5G-NR Signal Strength info: ssrsrp: -111 ssrsrq: -16 sssinr: -2
08-09 22:29:59.497 14987 15039 D cellinfo: 46 bytes from 44.241.174.93: icmp_seq=11774 ttl=28 time=97.8 ms
08-09 22:29:59.687 14987 15039 D cellinfo: 46 bytes from 44.241.174.93: icmp_seq=11775 ttl=28 time=86.8 ms
08-09 22:29:59.887 14987 15039 D cellinfo: 46 bytes from 44.241.174.93: icmp_seq=11776 ttl=28 time=86.1 ms
08-09 22:30:00.102 14987 15039 D cellinfo: 46 bytes from 44.241.174.93: icmp_seq=11777 ttl=28 time=99.9 ms
08-09 22:30:00.292 14987 15039 D cellinfo: 46 bytes from 44.241.174.93: icmp_seq=11778 ttl=28 time=89.0 ms
08-09 22:30:00.497 14987 15039 D cellinfo: 46 bytes from 44.241.174.93: icmp_seq=11779 ttl=28 time=94.0 ms
08-09 22:30:00.686 14987 15039 D cellinfo: 46 bytes from 44.241.174.93: icmp_seq=11780 ttl=28 time=82.4 ms
08-09 22:30:00.902 14987 15039 D cellinfo: 46 bytes from 44.241.174.93: icmp_seq=11781 ttl=28 time=96.3 ms
08-09 22:30:01.093 14987 15039 D cellinfo: 46 bytes from 44.241.174.93: icmp_seq=11782 ttl=28 time=86.4 ms
08-09 22:30:01.302 14987 15039 D cellinfo: 46 bytes from 44.241.174.93: icmp_seq=11783 ttl=28 time=94.2 ms
08-09 22:30:01.499 14987 15039 D cellinfo: 46 bytes from 44.241.174.93: icmp_seq=11784 ttl=28 time=91.3 ms
08-09 22:30:01.696 14987 15039 D cellinfo: 46 bytes from 44.241.174.93: icmp_seq=11785 ttl=28 time=87.4 ms
08-09 22:30:01.836 14987 14987 D cellinfo: Latitude is 40.6465083
08-09 22:30:01.836 14987 14987 D cellinfo: Longitude is -111.9479356
08-09 22:30:01.836 14987 14987 D cellinfo: Instantaneous GPS information: United States, 5789 S Jordan Canal Rd, Salt Lake City, UT 84118, USA
08-09 22:30:01.836 14987 14987 D cellinfo: getCurrentLocation() result: Location (success): 40.6465083, -111.9479356
08-09 22:30:01.839 14987 14987 D cellinfo: onCellInfoChanged: Operator: Verizon Wireless UpdateTimestamp: 110479829 CellConnectionStatus: 1
08-09 22:30:01.839 14987 14987 D cellinfo: onCellInfoChanged: 5G-NR Cell Bands: [] ARFCN: 648672 Cell ID: 9223372036854775807 Physical Cell ID: 257 Tracking Area Code: 16777215
08-09 22:30:01.911 14987 15039 D cellinfo: 46 bytes from 44.241.174.93: icmp_seq=11786 ttl=28 time=101 ms
08-09 22:30:02.105 14987 15039 D cellinfo: 46 bytes from 44.241.174.93: icmp_seq=11787 ttl=28 time=94.9 ms
08-09 22:30:02.212 14987 14987 D cellinfo: onServiceStateChanged: Channel Number: 5230 Cell Bandwidths: [10000, 20000, 60000]
08-09 22:30:02.302 14987 14987 D cellinfo: onServiceStateChanged: Channel Number: 5230 Cell Bandwidths: [10000]
08-09 22:30:02.387 14987 15039 D cellinfo: 46 bytes from 44.241.174.93: icmp_seq=11788 ttl=28 time=176 ms
08-09 22:30:02.497 14987 15039 D cellinfo: 46 bytes from 44.241.174.93: icmp_seq=11789 ttl=28 time=86.8 ms
08-09 22:30:02.692 14987 15039 D cellinfo: 46 bytes from 44.241.174.93: icmp_seq=11790 ttl=28 time=80.8 ms
08-09 22:30:02.904 14987 15039 D cellinfo: 46 bytes from 44.241.174.93: icmp_seq=11791 ttl=28 time=91.4 ms
08-09 22:30:03.097 14987 15039 D cellinfo: 46 bytes from 44.241.174.93: icmp_seq=11792 ttl=28 time=84.3 ms
08-09 22:30:03.284 14987 14987 D cellinfo: onsignalStrengthsChanged: LTE Signal Strength info: rsrp: -98 rsrq: -12 rssi: -79 rssnr: 2
08-09 22:30:03.284 14987 14987 D cellinfo: onsignalStrengthsChanged: 5G-NR Signal Strength info: ssrsrp: -106 ssrsrq: -14 sssinr: 3
08-09 22:30:03.303 14987 15039 D cellinfo: 46 bytes from 44.241.174.93: icmp_seq=11793 ttl=28 time=89.6 ms
08-09 22:30:03.502 14987 15039 D cellinfo: 46 bytes from 44.241.174.93: icmp_seq=11794 ttl=28 time=88.1 ms
08-09 22:30:03.700 14987 15039 D cellinfo: 46 bytes from 44.241.174.93: icmp_seq=11795 ttl=28 time=82.5 ms
08-09 22:30:03.908 14987 15039 D cellinfo: 46 bytes from 44.241.174.93: icmp_seq=11796 ttl=28 time=90.9 ms
08-09 22:30:04.119 14987 15039 D cellinfo: 46 bytes from 44.241.174.93: icmp_seq=11797 ttl=28 time=101 ms
08-09 22:30:04.313 14987 15039 D cellinfo: 46 bytes from 44.241.174.93: icmp_seq=11798 ttl=28 time=93.9 ms
08-09 22:30:04.519 14987 15039 D cellinfo: 46 bytes from 44.241.174.93: icmp_seq=11799 ttl=28 time=98.8 ms
08-09 22:30:04.641 14987 14987 D cellinfo: onCellInfoChanged: Operator: Verizon Wireless UpdateTimestamp: 110482832 CellConnectionStatus: 1
08-09 22:30:04.641 14987 14987 D cellinfo: onCellInfoChanged: 5G-NR Cell Bands: [] ARFCN: 648672 Cell ID: 9223372036854775807 Physical Cell ID: 257 Tracking Area Code: 16777215
08-09 22:30:04.718 14987 15039 D cellinfo: 46 bytes from 44.241.174.93: icmp_seq=11800 ttl=28 time=98.1 ms
08-09 22:30:04.898 14987 15039 D cellinfo: 46 bytes from 44.241.174.93: icmp_seq=11801 ttl=28 time=75.3 ms
08-09 22:30:05.102 14987 15039 D cellinfo: 46 bytes from 44.241.174.93: icmp_seq=11802 ttl=28 time=80.5 ms
08-09 22:30:05.222 14987 14987 D cellinfo: Latitude is 40.6485889
08-09 22:30:05.222 14987 14987 D cellinfo: Longitude is -111.9504164
08-09 22:30:05.222 14987 14987 D cellinfo: Instantaneous GPS information: United States, 5638 Capitol Reef Dr, Salt Lake City, UT 84118, USA
08-09 22:30:05.222 14987 14987 D cellinfo: getCurrentLocation() result: Location (success): 40.6485889, -111.9504164
08-09 22:30:05.308 14987 15039 D cellinfo: 46 bytes from 44.241.174.93: icmp_seq=11803 ttl=28 time=85.5 ms
08-09 22:30:05.872 14987 14987 D cellinfo: onServiceStateChanged: Channel Number: 5230 Cell Bandwidths: [10000, 60000]
08-09 22:30:06.331 14987 15039 D cellinfo: 46 bytes from 44.241.174.93: icmp_seq=11807 ttl=28 time=294 ms
08-09 22:30:06.353 14987 15039 D cellinfo: 46 bytes from 44.241.174.93: icmp_seq=11808 ttl=28 time=113 ms
08-09 22:30:06.528 14987 15039 D cellinfo: 46 bytes from 44.241.174.93: icmp_seq=11809 ttl=28 time=86.9 ms
08-09 22:30:06.643 14987 14987 D cellinfo: onsignalStrengthsChanged: LTE Signal Strength info: rsrp: -97 rsrq: -11 rssi: -79 rssnr: 5
08-09 22:30:06.643 14987 14987 D cellinfo: onsignalStrengthsChanged: 5G-NR Signal Strength info: ssrsrp: -106 ssrsrq: -15 sssinr: -4
08-09 22:30:06.728 14987 15039 D cellinfo: 46 bytes from 44.241.174.93: icmp_seq=11810 ttl=28 time=85.7 ms
08-09 22:30:06.933 14987 15039 D cellinfo: 46 bytes from 44.241.174.93: icmp_seq=11811 ttl=28 time=90.5 ms
08-09 22:30:07.144 14987 15039 D cellinfo: 46 bytes from 44.241.174.93: icmp_seq=11812 ttl=28 time=100 ms
08-09 22:30:07.509 14987 15039 D cellinfo: 46 bytes from 44.241.174.93: icmp_seq=11813 ttl=28 time=265 ms
08-09 22:30:07.669 14987 15039 D cellinfo: 46 bytes from 44.241.174.93: icmp_seq=11814 ttl=28 time=217 ms
08-09 22:30:07.794 14987 15039 D cellinfo: 46 bytes from 44.241.174.93: icmp_seq=11815 ttl=28 time=142 ms
08-09 22:30:07.964 14987 15039 D cellinfo: 46 bytes from 44.241.174.93: icmp_seq=11816 ttl=28 time=110 ms
08-09 22:30:07.970 14987 14987 D cellinfo: Latitude is 40.6490182
08-09 22:30:07.971 14987 14987 D cellinfo: Longitude is -111.9508106
08-09 22:30:07.971 14987 14987 D cellinfo: Instantaneous GPS information: United States, 5598 Capitol Reef Dr, Salt Lake City, UT 84118, USA
08-09 22:30:07.971 14987 14987 D cellinfo: getCurrentLocation() result: Location (success): 40.6490182, -111.9508106
08-09 22:30:07.974 14987 14987 D cellinfo: onCellInfoChanged: Operator: Verizon Wireless UpdateTimestamp: 110485828 CellConnectionStatus: 1
08-09 22:30:07.974 14987 14987 D cellinfo: onCellInfoChanged: 5G-NR Cell Bands: [] ARFCN: 648672 Cell ID: 9223372036854775807 Physical Cell ID: 182 Tracking Area Code: 16777215
08-09 22:30:08.956 14987 15039 D cellinfo: 46 bytes from 44.241.174.93: icmp_seq=11818 ttl=28 time=696 ms
08-09 22:30:08.957 14987 15039 D cellinfo: 46 bytes from 44.241.174.93: icmp_seq=11819 ttl=28 time=492 ms
08-09 22:30:08.957 14987 15039 D cellinfo: 46 bytes from 44.241.174.93: icmp_seq=11820 ttl=28 time=288 ms
08-09 22:30:09.210 14987 15039 D cellinfo: 46 bytes from 44.241.174.93: icmp_seq=11821 ttl=28 time=338 ms
08-09 22:30:09.211 14987 15039 D cellinfo: 46 bytes from 44.241.174.93: icmp_seq=11822 ttl=28 time=137 ms
08-09 22:30:09.353 14987 15039 D cellinfo: 46 bytes from 44.241.174.93: icmp_seq=11823 ttl=28 time=79.1 ms
08-09 22:30:09.574 14987 15039 D cellinfo: 46 bytes from 44.241.174.93: icmp_seq=11824 ttl=28 time=97.5 ms
08-09 22:30:09.752 14987 15039 D cellinfo: 46 bytes from 44.241.174.93: icmp_seq=11825 ttl=28 time=76.6 ms
08-09 22:30:09.984 14987 15039 D cellinfo: 46 bytes from 44.241.174.93: icmp_seq=11826 ttl=28 time=108 ms
08-09 22:30:10.207 14987 14987 D cellinfo: onsignalStrengthsChanged: LTE Signal Strength info: rsrp: -89 rsrq: -10 rssi: -73 rssnr: 4
08-09 22:30:10.207 14987 14987 D cellinfo: onsignalStrengthsChanged: 5G-NR Signal Strength info: ssrsrp: -98 ssrsrq: -14 sssinr: 2147483647
08-09 22:30:10.503 14987 15039 D cellinfo: 46 bytes from 44.241.174.93: icmp_seq=11827 ttl=28 time=425 ms
08-09 22:30:10.503 14987 15039 D cellinfo: 46 bytes from 44.241.174.93: icmp_seq=11827 ttl=28 time=425 ms (DUP!)
08-09 22:30:10.614 14987 15039 D cellinfo: 46 bytes from 44.241.174.93: icmp_seq=11828 ttl=28 time=334 ms
08-09 22:30:10.615 14987 15039 D cellinfo: 46 bytes from 44.241.174.93: icmp_seq=11829 ttl=28 time=130 ms
08-09 22:30:10.770 14987 15039 D cellinfo: 46 bytes from 44.241.174.93: icmp_seq=11830 ttl=28 time=86.2 ms
08-09 22:30:10.778 14987 14987 D cellinfo: Latitude is 40.6492384
08-09 22:30:10.778 14987 14987 D cellinfo: Longitude is -111.9510159
08-09 22:30:10.778 14987 14987 D cellinfo: Instantaneous GPS information: United States, 5586 Capitol Reef Dr, Taylorsville, UT 84129, USA
08-09 22:30:10.778 14987 14987 D cellinfo: getCurrentLocation() result: Location (success): 40.6492384, -111.9510159
08-09 22:30:10.781 14987 14987 D cellinfo: onCellInfoChanged: Operator: Verizon Wireless UpdateTimestamp: 110488960 CellConnectionStatus: 1
08-09 22:30:10.781 14987 14987 D cellinfo: onCellInfoChanged: 5G-NR Cell Bands: [] ARFCN: 648672 Cell ID: 9223372036854775807 Physical Cell ID: 182 Tracking Area Code: 16777215
08-09 22:30:10.973 14987 15039 D cellinfo: 46 bytes from 44.241.174.93: icmp_seq=11831 ttl=28 time=87.4 ms
08-09 22:30:11.185 14987 15039 D cellinfo: 46 bytes from 44.241.174.93: icmp_seq=11832 ttl=28 time=99.6 ms
08-09 22:30:11.374 14987 15039 D cellinfo: 46 bytes from 44.241.174.93: icmp_seq=11833 ttl=28 time=87.8 ms
08-09 22:30:11.568 14987 15039 D cellinfo: 46 bytes from 44.241.174.93: icmp_seq=11834 ttl=28 time=81.7 ms
08-09 22:30:11.767 14987 15039 D cellinfo: 46 bytes from 44.241.174.93: icmp_seq=11835 ttl=28 time=79.8 ms
08-09 22:30:11.983 14987 15039 D cellinfo: 46 bytes from 44.241.174.93: icmp_seq=11836 ttl=28 time=95.5 ms
08-09 22:30:12.182 14987 15039 D cellinfo: 46 bytes from 44.241.174.93: icmp_seq=11837 ttl=28 time=93.5 ms
08-09 22:30:12.388 14987 15039 D cellinfo: 46 bytes from 44.241.174.93: icmp_seq=11838 ttl=28 time=99.5 ms
08-09 22:30:12.580 14987 15039 D cellinfo: 46 bytes from 44.241.174.93: icmp_seq=11839 ttl=28 time=90.0 ms
08-09 22:30:12.784 14987 15039 D cellinfo: 46 bytes from 44.241.174.93: icmp_seq=11840 ttl=28 time=93.7 ms
08-09 22:30:12.990 14987 15039 D cellinfo: 46 bytes from 44.241.174.93: icmp_seq=11841 ttl=28 time=98.7 ms
08-09 22:30:13.177 14987 15039 D cellinfo: 46 bytes from 44.241.174.93: icmp_seq=11842 ttl=28 time=85.1 ms
08-09 22:30:13.391 14987 15039 D cellinfo: 46 bytes from 44.241.174.93: icmp_seq=11843 ttl=28 time=98.1 ms
08-09 22:30:13.628 14987 15039 D cellinfo: 46 bytes from 44.241.174.93: icmp_seq=11844 ttl=28 time=134 ms
08-09 22:30:13.778 14987 15039 D cellinfo: 46 bytes from 44.241.174.93: icmp_seq=11845 ttl=28 time=82.6 ms
08-09 22:30:13.787 14987 14987 D cellinfo: Latitude is 40.6493806
08-09 22:30:13.787 14987 14987 D cellinfo: Longitude is -111.9511378
08-09 22:30:13.787 14987 14987 D cellinfo: Instantaneous GPS information: United States, 5586 Capitol Reef Dr, Taylorsville, UT 84129, USA
08-09 22:30:13.787 14987 14987 D cellinfo: getCurrentLocation() result: Location (success): 40.6493806, -111.9511378
08-09 22:30:13.792 14987 14987 D cellinfo: onCellInfoChanged: Operator: Verizon Wireless UpdateTimestamp: 110491825 CellConnectionStatus: 1
08-09 22:30:13.792 14987 14987 D cellinfo: onCellInfoChanged: 5G-NR Cell Bands: [] ARFCN: 648672 Cell ID: 9223372036854775807 Physical Cell ID: 182 Tracking Area Code: 16777215
08-09 22:30:13.975 14987 15039 D cellinfo: 46 bytes from 44.241.174.93: icmp_seq=11846 ttl=28 time=79.3 ms
08-09 22:30:14.002 14987 14987 D cellinfo: onsignalStrengthsChanged: LTE Signal Strength info: rsrp: -83 rsrq: -9 rssi: -67 rssnr: 15
08-09 22:30:14.002 14987 14987 D cellinfo: onsignalStrengthsChanged: 5G-NR Signal Strength info: ssrsrp: -98 ssrsrq: -14 sssinr: 5
08-09 22:30:14.178 14987 15039 D cellinfo: 46 bytes from 44.241.174.93: icmp_seq=11847 ttl=28 time=81.3 ms
08-09 22:30:14.397 14987 15039 D cellinfo: 46 bytes from 44.241.174.93: icmp_seq=11848 ttl=28 time=99.4 ms
08-09 22:30:14.589 14987 15039 D cellinfo: 46 bytes from 44.241.174.93: icmp_seq=11849 ttl=28 time=90.7 ms
08-09 22:30:14.813 14987 15039 D cellinfo: 46 bytes from 44.241.174.93: icmp_seq=11850 ttl=28 time=114 ms
08-09 22:30:14.978 14987 15039 D cellinfo: 46 bytes from 44.241.174.93: icmp_seq=11851 ttl=28 time=78.1 ms
08-09 22:30:15.197 14987 15039 D cellinfo: 46 bytes from 44.241.174.93: icmp_seq=11852 ttl=28 time=95.7 ms
08-09 22:30:15.382 14987 15039 D cellinfo: 46 bytes from 44.241.174.93: icmp_seq=11853 ttl=28 time=80.2 ms
08-09 22:30:15.587 14987 15039 D cellinfo: 46 bytes from 44.241.174.93: icmp_seq=11854 ttl=28 time=84.2 ms
08-09 22:30:15.801 14987 15039 D cellinfo: 46 bytes from 44.241.174.93: icmp_seq=11855 ttl=28 time=97.0 ms
08-09 22:30:15.982 14987 15039 D cellinfo: 46 bytes from 44.241.174.93: icmp_seq=11856 ttl=28 time=78.0 ms
08-09 22:30:16.201 14987 15039 D cellinfo: 46 bytes from 44.241.174.93: icmp_seq=11857 ttl=28 time=95.3 ms
08-09 22:30:16.403 14987 15039 D cellinfo: 46 bytes from 44.241.174.93: icmp_seq=11858 ttl=28 time=96.9 ms
08-09 22:30:16.597 14987 15039 D cellinfo: 46 bytes from 44.241.174.93: icmp_seq=11859 ttl=28 time=90.2 ms
08-09 22:30:16.776 14987 14987 D cellinfo: Latitude is 40.6513888
08-09 22:30:16.776 14987 14987 D cellinfo: Longitude is -111.951092
08-09 22:30:16.776 14987 14987 D cellinfo: Instantaneous GPS information: United States, 5498 Capitol Reef Dr, Taylorsville, UT 84129, USA
08-09 22:30:16.776 14987 14987 D cellinfo: getCurrentLocation() result: Location (success): 40.6513888, -111.951092
08-09 22:30:16.780 14987 14987 D cellinfo: onCellInfoChanged: Operator: Verizon Wireless UpdateTimestamp: 110494836 CellConnectionStatus: 1
08-09 22:30:16.780 14987 14987 D cellinfo: onCellInfoChanged: 5G-NR Cell Bands: [] ARFCN: 648672 Cell ID: 9223372036854775807 Physical Cell ID: 182 Tracking Area Code: 16777215
08-09 22:30:16.783 14987 15039 D cellinfo: 46 bytes from 44.241.174.93: icmp_seq=11860 ttl=28 time=75.8 ms
08-09 22:30:16.992 14987 15039 D cellinfo: 46 bytes from 44.241.174.93: icmp_seq=11861 ttl=28 time=84.1 ms
08-09 22:30:17.197 14987 15039 D cellinfo: 46 bytes from 44.241.174.93: icmp_seq=11862 ttl=28 time=88.9 ms
08-09 22:30:17.407 14987 15039 D cellinfo: 46 bytes from 44.241.174.93: icmp_seq=11863 ttl=28 time=98.1 ms
08-09 22:30:17.587 14987 15039 D cellinfo: 46 bytes from 44.241.174.93: icmp_seq=11864 ttl=28 time=76.8 ms
08-09 22:30:17.797 14987 15039 D cellinfo: 46 bytes from 44.241.174.93: icmp_seq=11865 ttl=28 time=86.8 ms
08-09 22:30:17.846 14987 14987 D cellinfo: onsignalStrengthsChanged: LTE Signal Strength info: rsrp: -88 rsrq: -9 rssi: -71 rssnr: 8
08-09 22:30:17.846 14987 14987 D cellinfo: onsignalStrengthsChanged: 5G-NR Signal Strength info: ssrsrp: -97 ssrsrq: -13 sssinr: 10
08-09 22:30:17.997 14987 15039 D cellinfo: 46 bytes from 44.241.174.93: icmp_seq=11866 ttl=28 time=86.2 ms
08-09 22:30:18.198 14987 15039 D cellinfo: 46 bytes from 44.241.174.93: icmp_seq=11867 ttl=28 time=85.5 ms
08-09 22:30:18.403 14987 15039 D cellinfo: 46 bytes from 44.241.174.93: icmp_seq=11868 ttl=28 time=89.8 ms
08-09 22:30:18.598 14987 15039 D cellinfo: 46 bytes from 44.241.174.93: icmp_seq=11869 ttl=28 time=85.1 ms
08-09 22:30:18.802 14987 15039 D cellinfo: 46 bytes from 44.241.174.93: icmp_seq=11870 ttl=28 time=88.3 ms
08-09 22:30:18.998 14987 15039 D cellinfo: 46 bytes from 44.241.174.93: icmp_seq=11871 ttl=28 time=82.6 ms
08-09 22:30:19.199 14987 15039 D cellinfo: 46 bytes from 44.241.174.93: icmp_seq=11872 ttl=28 time=82.9 ms
08-09 22:30:19.398 14987 15039 D cellinfo: 46 bytes from 44.241.174.93: icmp_seq=11873 ttl=28 time=81.1 ms
08-09 22:30:19.622 14987 15039 D cellinfo: 46 bytes from 44.241.174.93: icmp_seq=11874 ttl=28 time=104 ms
08-09 22:30:19.778 14987 14987 D cellinfo: Latitude is 40.6520893
08-09 22:30:19.778 14987 14987 D cellinfo: Longitude is -111.9510907
08-09 22:30:19.778 14987 14987 D cellinfo: Instantaneous GPS information: United States, 5453 Capitol Reef Dr, Taylorsville, UT 84129, USA
08-09 22:30:19.778 14987 14987 D cellinfo: getCurrentLocation() result: Location (success): 40.6520893, -111.9510907
08-09 22:30:19.782 14987 14987 D cellinfo: onCellInfoChanged: Operator: Verizon Wireless UpdateTimestamp: 110497828 CellConnectionStatus: 1
08-09 22:30:19.782 14987 14987 D cellinfo: onCellInfoChanged: 5G-NR Cell Bands: [] ARFCN: 648672 Cell ID: 9223372036854775807 Physical Cell ID: 182 Tracking Area Code: 16777215
08-09 22:30:19.797 14987 15039 D cellinfo: 46 bytes from 44.241.174.93: icmp_seq=11875 ttl=28 time=79.8 ms
08-09 22:30:20.000 14987 15039 D cellinfo: 46 bytes from 44.241.174.93: icmp_seq=11876 ttl=28 time=81.5 ms
08-09 22:30:20.224 14987 15039 D cellinfo: 46 bytes from 44.241.174.93: icmp_seq=11877 ttl=28 time=106 ms
08-09 22:30:20.413 14987 15039 D cellinfo: 46 bytes from 44.241.174.93: icmp_seq=11878 ttl=28 time=94.5 ms
08-09 22:30:20.714 14987 15039 D cellinfo: 46 bytes from 44.241.174.93: icmp_seq=11879 ttl=28 time=195 ms
08-09 22:30:20.904 14987 15039 D cellinfo: 46 bytes from 44.241.174.93: icmp_seq=11880 ttl=28 time=183 ms
08-09 22:30:21.014 14987 15039 D cellinfo: 46 bytes from 44.241.174.93: icmp_seq=11881 ttl=28 time=92.5 ms
08-09 22:30:21.228 14987 15039 D cellinfo: 46 bytes from 44.241.174.93: icmp_seq=11882 ttl=28 time=107 ms
08-09 22:30:21.425 14987 15039 D cellinfo: 46 bytes from 44.241.174.93: icmp_seq=11883 ttl=28 time=104 ms
08-09 22:30:21.617 14987 15039 D cellinfo: 46 bytes from 44.241.174.93: icmp_seq=11884 ttl=28 time=95.3 ms
08-09 22:30:21.805 14987 15039 D cellinfo: 46 bytes from 44.241.174.93: icmp_seq=11885 ttl=28 time=82.7 ms
08-09 22:30:22.094 14987 15039 D cellinfo: 46 bytes from 44.241.174.93: icmp_seq=11886 ttl=28 time=170 ms
08-09 22:30:22.211 14987 15039 D cellinfo: 46 bytes from 44.241.174.93: icmp_seq=11887 ttl=28 time=87.6 ms
08-09 22:30:22.438 14987 15039 D cellinfo: 46 bytes from 44.241.174.93: icmp_seq=11888 ttl=28 time=113 ms
08-09 22:30:22.630 14987 15039 D cellinfo: 46 bytes from 44.241.174.93: icmp_seq=11889 ttl=28 time=106 ms
08-09 22:30:22.641 14987 14987 D cellinfo: onsignalStrengthsChanged: LTE Signal Strength info: rsrp: -80 rsrq: -7 rssi: -65 rssnr: 10
08-09 22:30:22.641 14987 14987 D cellinfo: onsignalStrengthsChanged: 5G-NR Signal Strength info: ssrsrp: -97 ssrsrq: -14 sssinr: 3
08-09 22:30:22.654 14987 14987 D cellinfo: onCellInfoChanged: Operator: Verizon Wireless UpdateTimestamp: 110500843 CellConnectionStatus: 1
08-09 22:30:22.654 14987 14987 D cellinfo: onCellInfoChanged: 5G-NR Cell Bands: [] ARFCN: 648672 Cell ID: 9223372036854775807 Physical Cell ID: 182 Tracking Area Code: 16777215
08-09 22:30:22.962 14987 15039 D cellinfo: 46 bytes from 44.241.174.93: icmp_seq=11890 ttl=28 time=237 ms
08-09 22:30:23.021 14987 15039 D cellinfo: 46 bytes from 44.241.174.93: icmp_seq=11891 ttl=28 time=93.6 ms
08-09 22:30:23.220 14987 14987 D cellinfo: Latitude is 40.6540602
08-09 22:30:23.220 14987 14987 D cellinfo: Longitude is -111.9524477
08-09 22:30:23.221 14987 14987 D cellinfo: Instantaneous GPS information: United States, 5350 S Samuel Cir, Salt Lake City, UT 84118, USA
08-09 22:30:23.221 14987 14987 D cellinfo: getCurrentLocation() result: Location (success): 40.6540602, -111.9524477
08-09 22:30:23.221 14987 15039 D cellinfo: 46 bytes from 44.241.174.93: icmp_seq=11892 ttl=28 time=93.5 ms
08-09 22:30:23.485 14987 15039 D cellinfo: 46 bytes from 44.241.174.93: icmp_seq=11893 ttl=28 time=155 ms
08-09 22:30:23.638 14987 15039 D cellinfo: 46 bytes from 44.241.174.93: icmp_seq=11894 ttl=28 time=108 ms
08-09 22:30:23.883 14987 15039 D cellinfo: 46 bytes from 44.241.174.93: icmp_seq=11895 ttl=28 time=151 ms
08-09 22:30:24.021 14987 15039 D cellinfo: 46 bytes from 44.241.174.93: icmp_seq=11896 ttl=28 time=90.6 ms
08-09 22:30:24.220 14987 15039 D cellinfo: 46 bytes from 44.241.174.93: icmp_seq=11897 ttl=28 time=88.9 ms
08-09 22:30:24.422 14987 15039 D cellinfo: 46 bytes from 44.241.174.93: icmp_seq=11898 ttl=28 time=91.2 ms
08-09 22:30:24.622 14987 15039 D cellinfo: 46 bytes from 44.241.174.93: icmp_seq=11899 ttl=28 time=90.1 ms
08-09 22:30:24.823 14987 15039 D cellinfo: 46 bytes from 44.241.174.93: icmp_seq=11900 ttl=28 time=89.4 ms
08-09 22:30:25.023 14987 15039 D cellinfo: 46 bytes from 44.241.174.93: icmp_seq=11901 ttl=28 time=88.0 ms
08-09 22:30:25.222 14987 15039 D cellinfo: 46 bytes from 44.241.174.93: icmp_seq=11902 ttl=28 time=89.0 ms
08-09 22:30:25.419 14987 15039 D cellinfo: 46 bytes from 44.241.174.93: icmp_seq=11903 ttl=28 time=85.5 ms
08-09 22:30:25.634 14987 15039 D cellinfo: 46 bytes from 44.241.174.93: icmp_seq=11904 ttl=28 time=100 ms
08-09 22:30:25.781 14987 14987 D cellinfo: Latitude is 40.6544252
08-09 22:30:25.781 14987 14987 D cellinfo: Longitude is -111.9524543
08-09 22:30:25.781 14987 14987 D cellinfo: Instantaneous GPS information: United States, 5328 S Samuel Cir, Salt Lake City, UT 84118, USA
08-09 22:30:25.781 14987 14987 D cellinfo: getCurrentLocation() result: Location (success): 40.6544252, -111.9524543
08-09 22:30:25.785 14987 14987 D cellinfo: onCellInfoChanged: Operator: Verizon Wireless UpdateTimestamp: 110503828 CellConnectionStatus: 1
08-09 22:30:25.785 14987 14987 D cellinfo: onCellInfoChanged: 5G-NR Cell Bands: [] ARFCN: 648672 Cell ID: 9223372036854775807 Physical Cell ID: 182 Tracking Area Code: 16777215
08-09 22:30:25.819 14987 15039 D cellinfo: 46 bytes from 44.241.174.93: icmp_seq=11905 ttl=28 time=84.4 ms
08-09 22:30:26.031 14987 15039 D cellinfo: 46 bytes from 44.241.174.93: icmp_seq=11906 ttl=28 time=95.9 ms
08-09 22:30:26.224 14987 15039 D cellinfo: 46 bytes from 44.241.174.93: icmp_seq=11907 ttl=28 time=89.1 ms
08-09 22:30:26.475 14987 15039 D cellinfo: 46 bytes from 44.241.174.93: icmp_seq=11908 ttl=28 time=138 ms
08-09 22:30:26.620 14987 15039 D cellinfo: 46 bytes from 44.241.174.93: icmp_seq=11909 ttl=28 time=82.7 ms
08-09 22:30:26.848 14987 15039 D cellinfo: 46 bytes from 44.241.174.93: icmp_seq=11910 ttl=28 time=109 ms
08-09 22:30:27.039 14987 15039 D cellinfo: 46 bytes from 44.241.174.93: icmp_seq=11911 ttl=28 time=100 ms
08-09 22:30:27.240 14987 15039 D cellinfo: 46 bytes from 44.241.174.93: icmp_seq=11912 ttl=28 time=101 ms
08-09 22:30:27.422 14987 15039 D cellinfo: 46 bytes from 44.241.174.93: icmp_seq=11913 ttl=28 time=81.8 ms
08-09 22:30:27.620 14987 15039 D cellinfo: 46 bytes from 44.241.174.93: icmp_seq=11914 ttl=28 time=79.7 ms
08-09 22:30:27.643 14987 14987 D cellinfo: onsignalStrengthsChanged: LTE Signal Strength info: rsrp: -87 rsrq: -8 rssi: -71 rssnr: 9
08-09 22:30:27.643 14987 14987 D cellinfo: onsignalStrengthsChanged: 5G-NR Signal Strength info: ssrsrp: -100 ssrsrq: -14 sssinr: 0
08-09 22:30:27.840 14987 15039 D cellinfo: 46 bytes from 44.241.174.93: icmp_seq=11915 ttl=28 time=98.4 ms
08-09 22:30:28.040 14987 15039 D cellinfo: 46 bytes from 44.241.174.93: icmp_seq=11916 ttl=28 time=97.9 ms
08-09 22:30:28.244 14987 15039 D cellinfo: 46 bytes from 44.241.174.93: icmp_seq=11917 ttl=28 time=102 ms
08-09 22:30:28.449 14987 15039 D cellinfo: 46 bytes from 44.241.174.93: icmp_seq=11918 ttl=28 time=106 ms
08-09 22:30:28.625 14987 15039 D cellinfo: 46 bytes from 44.241.174.93: icmp_seq=11919 ttl=28 time=81.9 ms
08-09 22:30:28.793 14987 14987 D cellinfo: Latitude is 40.6549563
08-09 22:30:28.793 14987 14987 D cellinfo: Longitude is -111.9524596
08-09 22:30:28.793 14987 14987 D cellinfo: Instantaneous GPS information: United States, 5292 Samuel Dr, Taylorsville, UT 84129, USA
08-09 22:30:28.793 14987 14987 D cellinfo: getCurrentLocation() result: Location (success): 40.6549563, -111.9524596
08-09 22:30:28.797 14987 14987 D cellinfo: onCellInfoChanged: Operator: Verizon Wireless UpdateTimestamp: 110506832 CellConnectionStatus: 1
08-09 22:30:28.797 14987 14987 D cellinfo: onCellInfoChanged: 5G-NR Cell Bands: [] ARFCN: 648672 Cell ID: 9223372036854775807 Physical Cell ID: 182 Tracking Area Code: 16777215
08-09 22:30:28.825 14987 15039 D cellinfo: 46 bytes from 44.241.174.93: icmp_seq=11920 ttl=28 time=79.7 ms
08-09 22:30:29.025 14987 15039 D cellinfo: 46 bytes from 44.241.174.93: icmp_seq=11921 ttl=28 time=79.6 ms
08-09 22:30:29.252 14987 15039 D cellinfo: 46 bytes from 44.241.174.93: icmp_seq=11922 ttl=28 time=107 ms
08-09 22:30:29.569 14987 15039 D cellinfo: 46 bytes from 44.241.174.93: icmp_seq=11923 ttl=28 time=223 ms
08-09 22:30:29.841 14987 15039 D cellinfo: 46 bytes from 44.241.174.93: icmp_seq=11924 ttl=28 time=293 ms
08-09 22:30:29.841 14987 15039 D cellinfo: 46 bytes from 44.241.174.93: icmp_seq=11925 ttl=28 time=91.9 ms
08-09 22:30:30.055 14987 15039 D cellinfo: 46 bytes from 44.241.174.93: icmp_seq=11926 ttl=28 time=104 ms
08-09 22:30:30.249 14987 15039 D cellinfo: 46 bytes from 44.241.174.93: icmp_seq=11927 ttl=28 time=98.3 ms
08-09 22:30:30.433 14987 15039 D cellinfo: 46 bytes from 44.241.174.93: icmp_seq=11928 ttl=28 time=82.3 ms
08-09 22:30:30.655 14987 15039 D cellinfo: 46 bytes from 44.241.174.93: icmp_seq=11929 ttl=28 time=103 ms
08-09 22:30:30.845 14987 15039 D cellinfo: 46 bytes from 44.241.174.93: icmp_seq=11930 ttl=28 time=92.4 ms
08-09 22:30:31.039 14987 15039 D cellinfo: 46 bytes from 44.241.174.93: icmp_seq=11931 ttl=28 time=86.1 ms
08-09 22:30:31.300 14987 15039 D cellinfo: 46 bytes from 44.241.174.93: icmp_seq=11932 ttl=28 time=146 ms
08-09 22:30:31.432 14987 15039 D cellinfo: 46 bytes from 44.241.174.93: icmp_seq=11933 ttl=28 time=79.1 ms
08-09 22:30:31.652 14987 15039 D cellinfo: 46 bytes from 44.241.174.93: icmp_seq=11934 ttl=28 time=97.9 ms
08-09 22:30:31.852 14987 14987 D cellinfo: Latitude is 40.6549591
08-09 22:30:31.853 14987 14987 D cellinfo: Longitude is -111.952464
08-09 22:30:31.853 14987 14987 D cellinfo: Instantaneous GPS information: United States, 5292 Samuel Dr, Taylorsville, UT 84129, USA
08-09 22:30:31.853 14987 14987 D cellinfo: getCurrentLocation() result: Location (success): 40.6549591, -111.952464
08-09 22:30:31.858 14987 14987 D cellinfo: onCellInfoChanged: Operator: Verizon Wireless UpdateTimestamp: 110509821 CellConnectionStatus: 1
08-09 22:30:31.858 14987 14987 D cellinfo: onCellInfoChanged: 5G-NR Cell Bands: [] ARFCN: 648672 Cell ID: 9223372036854775807 Physical Cell ID: 113 Tracking Area Code: 16777215
08-09 22:30:31.913 14987 15039 D cellinfo: 46 bytes from 44.241.174.93: icmp_seq=11935 ttl=28 time=158 ms
08-09 22:30:32.042 14987 15039 D cellinfo: 46 bytes from 44.241.174.93: icmp_seq=11936 ttl=28 time=86.9 ms
08-09 22:30:32.258 14987 15039 D cellinfo: 46 bytes from 44.241.174.93: icmp_seq=11937 ttl=28 time=102 ms
08-09 22:30:32.437 14987 15039 D cellinfo: 46 bytes from 44.241.174.93: icmp_seq=11938 ttl=28 time=82.1 ms
08-09 22:30:32.654 14987 15039 D cellinfo: 46 bytes from 44.241.174.93: icmp_seq=11939 ttl=28 time=97.5 ms
08-09 22:30:32.852 14987 15039 D cellinfo: 46 bytes from 44.241.174.93: icmp_seq=11940 ttl=28 time=95.2 ms
08-09 22:30:33.053 14987 15039 D cellinfo: 46 bytes from 44.241.174.93: icmp_seq=11941 ttl=28 time=95.0 ms
08-09 22:30:33.257 14987 15039 D cellinfo: 46 bytes from 44.241.174.93: icmp_seq=11942 ttl=28 time=99.3 ms
08-09 22:30:33.442 14987 15039 D cellinfo: 46 bytes from 44.241.174.93: icmp_seq=11943 ttl=28 time=83.0 ms
08-09 22:30:33.643 14987 15039 D cellinfo: 46 bytes from 44.241.174.93: icmp_seq=11944 ttl=28 time=82.7 ms
08-09 22:30:33.867 14987 15039 D cellinfo: 46 bytes from 44.241.174.93: icmp_seq=11945 ttl=28 time=106 ms
08-09 22:30:34.043 14987 15039 D cellinfo: 46 bytes from 44.241.174.93: icmp_seq=11946 ttl=28 time=81.3 ms
08-09 22:30:34.259 14987 15039 D cellinfo: 46 bytes from 44.241.174.93: icmp_seq=11947 ttl=28 time=97.4 ms
08-09 22:30:34.457 14987 15039 D cellinfo: 46 bytes from 44.241.174.93: icmp_seq=11948 ttl=28 time=95.1 ms
08-09 22:30:34.657 14987 15039 D cellinfo: 46 bytes from 44.241.174.93: icmp_seq=11949 ttl=28 time=94.8 ms
08-09 22:30:34.795 14987 14987 D cellinfo: Latitude is 40.6564222
08-09 22:30:34.795 14987 14987 D cellinfo: Longitude is -111.9527327
08-09 22:30:34.796 14987 14987 D cellinfo: Instantaneous GPS information: United States, 5214 5230 S, Taylorsville, UT 84129, USA
08-09 22:30:34.796 14987 14987 D cellinfo: getCurrentLocation() result: Location (success): 40.6564222, -111.9527327
08-09 22:30:34.799 14987 14987 D cellinfo: onCellInfoChanged: Operator: Verizon Wireless UpdateTimestamp: 110512827 CellConnectionStatus: 1
08-09 22:30:34.799 14987 14987 D cellinfo: onCellInfoChanged: 5G-NR Cell Bands: [] ARFCN: 648672 Cell ID: 9223372036854775807 Physical Cell ID: 113 Tracking Area Code: 16777215
08-09 22:30:34.857 14987 15039 D cellinfo: 46 bytes from 44.241.174.93: icmp_seq=11950 ttl=28 time=93.5 ms
08-09 22:30:35.050 14987 15039 D cellinfo: 46 bytes from 44.241.174.93: icmp_seq=11951 ttl=28 time=85.8 ms
08-09 22:30:35.305 14987 15039 D cellinfo: 46 bytes from 44.241.174.93: icmp_seq=11952 ttl=28 time=140 ms
08-09 22:30:35.442 14987 15039 D cellinfo: 46 bytes from 44.241.174.93: icmp_seq=11953 ttl=28 time=77.9 ms
08-09 22:30:35.755 14987 15039 D cellinfo: 46 bytes from 44.241.174.93: icmp_seq=11954 ttl=28 time=189 ms
08-09 22:30:35.880 14987 15039 D cellinfo: 46 bytes from 44.241.174.93: icmp_seq=11955 ttl=28 time=115 ms
08-09 22:30:36.065 14987 15039 D cellinfo: 46 bytes from 44.241.174.93: icmp_seq=11956 ttl=28 time=99.2 ms
08-09 22:30:36.268 14987 15039 D cellinfo: 46 bytes from 44.241.174.93: icmp_seq=11957 ttl=28 time=100 ms
08-09 22:30:36.463 14987 15039 D cellinfo: 46 bytes from 44.241.174.93: icmp_seq=11958 ttl=28 time=96.0 ms
08-09 22:30:36.649 14987 15039 D cellinfo: 46 bytes from 44.241.174.93: icmp_seq=11959 ttl=28 time=81.1 ms
08-09 22:30:36.871 14987 15039 D cellinfo: 46 bytes from 44.241.174.93: icmp_seq=11960 ttl=28 time=101 ms
08-09 22:30:37.065 14987 15039 D cellinfo: 46 bytes from 44.241.174.93: icmp_seq=11961 ttl=28 time=95.3 ms
08-09 22:30:37.315 14987 15039 D cellinfo: 46 bytes from 44.241.174.93: icmp_seq=11962 ttl=28 time=145 ms
08-09 22:30:37.468 14987 15039 D cellinfo: 46 bytes from 44.241.174.93: icmp_seq=11963 ttl=28 time=98.0 ms
08-09 22:30:37.624 14987 14987 D cellinfo: onCellInfoChanged: Operator: Verizon Wireless UpdateTimestamp: 110515814 CellConnectionStatus: 1
08-09 22:30:37.624 14987 14987 D cellinfo: onCellInfoChanged: 5G-NR Cell Bands: [] ARFCN: 648672 Cell ID: 9223372036854775807 Physical Cell ID: 113 Tracking Area Code: 16777215
08-09 22:30:37.659 14987 15039 D cellinfo: 46 bytes from 44.241.174.93: icmp_seq=11964 ttl=28 time=87.8 ms
08-09 22:30:37.855 14987 15039 D cellinfo: 46 bytes from 44.241.174.93: icmp_seq=11965 ttl=28 time=83.2 ms
08-09 22:30:38.148 14987 15039 D cellinfo: 46 bytes from 44.241.174.93: icmp_seq=11966 ttl=28 time=174 ms
08-09 22:30:38.251 14987 15039 D cellinfo: 46 bytes from 44.241.174.93: icmp_seq=11967 ttl=28 time=78.3 ms
08-09 22:30:38.349 14987 14987 D cellinfo: Latitude is 40.6588719
