08-09 22:31:37.788 14987 14987 D cellinfo: onCellInfoChanged: Operator: Verizon Wireless UpdateTimestamp: 110575829 CellConnectionStatus: 1
08-09 22:31:37.788 14987 14987 D cellinfo: onCellInfoChanged: 5G-NR Cell Bands: [] ARFCN: 648672 Cell ID: 9223372036854775807 Physical Cell ID: 113 Tracking Area Code: 16777215
08-09 22:31:37.897 14987 15039 D cellinfo: 46 bytes from 44.241.174.93: icmp_seq=12264 ttl=28 time=96.3 ms
08-09 22:31:37.898 14987 15039 D cellinfo: 46 bytes from 44.241.174.93: icmp_seq=12264 ttl=28 time=96.3 ms (DUP!)
08-09 22:31:38.219 14987 15039 D cellinfo: 46 bytes from 44.241.174.93: icmp_seq=12265 ttl=28 time=217 ms
08-09 22:31:38.295 14987 15039 D cellinfo: 46 bytes from 44.241.174.93: icmp_seq=12266 ttl=28 time=91.5 ms
08-09 22:31:38.496 14987 15039 D cellinfo: 46 bytes from 44.241.174.93: icmp_seq=12267 ttl=28 time=91.7 ms
08-09 22:31:38.694 14987 15039 D cellinfo: 46 bytes from 44.241.174.93: icmp_seq=12268 ttl=28 time=89.1 ms
08-09 22:31:38.894 14987 15039 D cellinfo: 46 bytes from 44.241.174.93: icmp_seq=12269 ttl=28 time=88.0 ms
08-09 22:31:39.095 14987 15039 D cellinfo: 46 bytes from 44.241.174.93: icmp_seq=12270 ttl=28 time=87.9 ms
08-09 22:31:39.294 14987 15039 D cellinfo: 46 bytes from 44.241.174.93: icmp_seq=12271 ttl=28 time=85.9 ms
08-09 22:31:39.503 14987 15039 D cellinfo: 46 bytes from 44.241.174.93: icmp_seq=12272 ttl=28 time=93.7 ms
08-09 22:31:39.820 14987 15039 D cellinfo: 46 bytes from 44.241.174.93: icmp_seq=12273 ttl=28 time=210 ms
08-09 22:31:39.905 14987 15039 D cellinfo: 46 bytes from 44.241.174.93: icmp_seq=12274 ttl=28 time=93.1 ms
08-09 22:31:40.105 14987 15039 D cellinfo: 46 bytes from 44.241.174.93: icmp_seq=12275 ttl=28 time=91.4 ms
08-09 22:31:40.304 14987 15039 D cellinfo: 46 bytes from 44.241.174.93: icmp_seq=12276 ttl=28 time=90.6 ms
08-09 22:31:40.510 14987 15039 D cellinfo: 46 bytes from 44.241.174.93: icmp_seq=12277 ttl=28 time=95.6 ms
08-09 22:31:40.701 14987 15039 D cellinfo: 46 bytes from 44.241.174.93: icmp_seq=12278 ttl=28 time=86.0 ms
08-09 22:31:40.807 14987 14987 D cellinfo: Latitude is 40.6751637
08-09 22:31:40.807 14987 14987 D cellinfo: Longitude is -111.9524057
08-09 22:31:40.807 14987 14987 D cellinfo: Instantaneous GPS information: United States, 2337 Josie Ln, Taylorsville, UT 84129, USA
08-09 22:31:40.807 14987 14987 D cellinfo: getCurrentLocation() result: Location (success): 40.6751637, -111.9524057
08-09 22:31:40.810 14987 14987 D cellinfo: onCellInfoChanged: Operator: Verizon Wireless UpdateTimestamp: 110578828 CellConnectionStatus: 1
08-09 22:31:40.810 14987 14987 D cellinfo: onCellInfoChanged: 5G-NR Cell Bands: [] ARFCN: 648672 Cell ID: 9223372036854775807 Physical Cell ID: 113 Tracking Area Code: 16777215
08-09 22:31:40.904 14987 15039 D cellinfo: 46 bytes from 44.241.174.93: icmp_seq=12279 ttl=28 time=88.3 ms
08-09 22:31:41.260 14987 15039 D cellinfo: 46 bytes from 44.241.174.93: icmp_seq=12280 ttl=28 time=242 ms
08-09 22:31:41.332 14987 15039 D cellinfo: 46 bytes from 44.241.174.93: icmp_seq=12281 ttl=28 time=111 ms
08-09 22:31:41.514 14987 15039 D cellinfo: 46 bytes from 44.241.174.93: icmp_seq=12282 ttl=28 time=93.7 ms
08-09 22:31:41.726 14987 15039 D cellinfo: 46 bytes from 44.241.174.93: icmp_seq=12283 ttl=28 time=104 ms
08-09 22:31:41.956 14987 15039 D cellinfo: 46 bytes from 44.241.174.93: icmp_seq=12284 ttl=28 time=134 ms
08-09 22:31:42.126 14987 15039 D cellinfo: 46 bytes from 44.241.174.93: icmp_seq=12285 ttl=28 time=102 ms
08-09 22:31:42.304 14987 15039 D cellinfo: 46 bytes from 44.241.174.93: icmp_seq=12286 ttl=28 time=80.7 ms
08-09 22:31:42.541 14987 15039 D cellinfo: 46 bytes from 44.241.174.93: icmp_seq=12287 ttl=28 time=116 ms
08-09 22:31:43.021 14987 15039 D cellinfo: 46 bytes from 44.241.174.93: icmp_seq=12288 ttl=28 time=395 ms
08-09 22:31:43.022 14987 15039 D cellinfo: 46 bytes from 44.241.174.93: icmp_seq=12289 ttl=28 time=189 ms
08-09 22:31:43.261 14987 15039 D cellinfo: 46 bytes from 44.241.174.93: icmp_seq=12290 ttl=28 time=230 ms
08-09 22:31:43.335 14987 15039 D cellinfo: 46 bytes from 44.241.174.93: icmp_seq=12291 ttl=28 time=103 ms
08-09 22:31:43.531 14987 15039 D cellinfo: 46 bytes from 44.241.174.93: icmp_seq=12292 ttl=28 time=99.0 ms
08-09 22:31:43.596 14987 14987 D cellinfo: Latitude is 40.6751637
08-09 22:31:43.596 14987 14987 D cellinfo: Longitude is -111.9524057
08-09 22:31:43.596 14987 14987 D cellinfo: Instantaneous GPS information: United States, 2337 Josie Ln, Taylorsville, UT 84129, USA
08-09 22:31:43.596 14987 14987 D cellinfo: getCurrentLocation() result: Location (success): 40.6751637, -111.9524057
08-09 22:31:43.641 14987 14987 D cellinfo: onCellInfoChanged: Operator: Verizon Wireless UpdateTimestamp: 110581829 CellConnectionStatus: 1
08-09 22:31:43.642 14987 14987 D cellinfo: onCellInfoChanged: 5G-NR Cell Bands: [] ARFCN: 648672 Cell ID: 9223372036854775807 Physical Cell ID: 113 Tracking Area Code: 16777215
08-09 22:31:43.769 14987 15039 D cellinfo: 46 bytes from 44.241.174.93: icmp_seq=12293 ttl=28 time=136 ms
08-09 22:31:43.936 14987 15039 D cellinfo: 46 bytes from 44.241.174.93: icmp_seq=12294 ttl=28 time=102 ms
08-09 22:31:44.136 14987 15039 D cellinfo: 46 bytes from 44.241.174.93: icmp_seq=12295 ttl=28 time=102 ms
08-09 22:31:44.345 14987 15039 D cellinfo: 46 bytes from 44.241.174.93: icmp_seq=12296 ttl=28 time=110 ms
08-09 22:31:44.544 14987 15039 D cellinfo: 46 bytes from 44.241.174.93: icmp_seq=12297 ttl=28 time=107 ms
08-09 22:31:44.737 14987 15039 D cellinfo: 46 bytes from 44.241.174.93: icmp_seq=12298 ttl=28 time=99.7 ms
08-09 22:31:44.956 14987 15039 D cellinfo: 46 bytes from 44.241.174.93: icmp_seq=12299 ttl=28 time=118 ms
08-09 22:31:45.137 14987 15039 D cellinfo: 46 bytes from 44.241.174.93: icmp_seq=12300 ttl=28 time=98.9 ms
08-09 22:31:45.347 14987 15039 D cellinfo: 46 bytes from 44.241.174.93: icmp_seq=12301 ttl=28 time=107 ms
08-09 22:31:45.549 14987 15039 D cellinfo: 46 bytes from 44.241.174.93: icmp_seq=12302 ttl=28 time=108 ms
08-09 22:31:45.758 14987 15039 D cellinfo: 46 bytes from 44.241.174.93: icmp_seq=12303 ttl=28 time=117 ms
08-09 22:31:45.937 14987 15039 D cellinfo: 46 bytes from 44.241.174.93: icmp_seq=12304 ttl=28 time=96.3 ms
08-09 22:31:46.147 14987 15039 D cellinfo: 46 bytes from 44.241.174.93: icmp_seq=12305 ttl=28 time=106 ms
08-09 22:31:46.357 14987 15039 D cellinfo: 46 bytes from 44.241.174.93: icmp_seq=12306 ttl=28 time=115 ms
08-09 22:31:46.537 14987 15039 D cellinfo: 46 bytes from 44.241.174.93: icmp_seq=12307 ttl=28 time=93.4 ms
08-09 22:31:46.748 14987 15039 D cellinfo: 46 bytes from 44.241.174.93: icmp_seq=12308 ttl=28 time=103 ms
08-09 22:31:46.833 14987 14987 D cellinfo: Latitude is 40.6779458
08-09 22:31:46.833 14987 14987 D cellinfo: Longitude is -111.9514132
08-09 22:31:46.833 14987 14987 D cellinfo: Instantaneous GPS information: United States, 4276 Richard Crest Dr, Salt Lake City, UT 84119, USA
08-09 22:31:46.833 14987 14987 D cellinfo: getCurrentLocation() result: Location (success): 40.6779458, -111.9514132
08-09 22:31:46.837 14987 14987 D cellinfo: onCellInfoChanged: Operator: Verizon Wireless UpdateTimestamp: 110584825 CellConnectionStatus: 1
08-09 22:31:46.837 14987 14987 D cellinfo: onCellInfoChanged: 5G-NR Cell Bands: [] ARFCN: 648672 Cell ID: 9223372036854775807 Physical Cell ID: 113 Tracking Area Code: 16777215
08-09 22:31:46.936 14987 15039 D cellinfo: 46 bytes from 44.241.174.93: icmp_seq=12309 ttl=28 time=92.3 ms
08-09 22:31:47.176 14987 15039 D cellinfo: 46 bytes from 44.241.174.93: icmp_seq=12310 ttl=28 time=130 ms
08-09 22:31:47.337 14987 15039 D cellinfo: 46 bytes from 44.241.174.93: icmp_seq=12311 ttl=28 time=90.4 ms
08-09 22:31:47.547 14987 15039 D cellinfo: 46 bytes from 44.241.174.93: icmp_seq=12312 ttl=28 time=100 ms
08-09 22:31:47.746 14987 15039 D cellinfo: 46 bytes from 44.241.174.93: icmp_seq=12313 ttl=28 time=99.0 ms
08-09 22:31:47.973 14987 15039 D cellinfo: 46 bytes from 44.241.174.93: icmp_seq=12314 ttl=28 time=123 ms
08-09 22:31:48.157 14987 15039 D cellinfo: 46 bytes from 44.241.174.93: icmp_seq=12315 ttl=28 time=107 ms
08-09 22:31:48.357 14987 15039 D cellinfo: 46 bytes from 44.241.174.93: icmp_seq=12316 ttl=28 time=106 ms
08-09 22:31:48.546 14987 15039 D cellinfo: 46 bytes from 44.241.174.93: icmp_seq=12317 ttl=28 time=95.4 ms
08-09 22:31:48.775 14987 15039 D cellinfo: 46 bytes from 44.241.174.93: icmp_seq=12318 ttl=28 time=123 ms
08-09 22:31:48.961 14987 15039 D cellinfo: 46 bytes from 44.241.174.93: icmp_seq=12319 ttl=28 time=109 ms
08-09 22:31:49.144 14987 15039 D cellinfo: 46 bytes from 44.241.174.93: icmp_seq=12320 ttl=28 time=91.0 ms
08-09 22:31:49.360 14987 15039 D cellinfo: 46 bytes from 44.241.174.93: icmp_seq=12321 ttl=28 time=106 ms
08-09 22:31:49.556 14987 15039 D cellinfo: 46 bytes from 44.241.174.93: icmp_seq=12322 ttl=28 time=101 ms
08-09 22:31:49.892 14987 14987 D cellinfo: Latitude is 40.678797
08-09 22:31:49.892 14987 14987 D cellinfo: Longitude is -111.9512512
08-09 22:31:49.892 14987 14987 D cellinfo: Instantaneous GPS information: United States, 2350 W 4240 S, Taylorsville, UT 84129, USA
08-09 22:31:49.892 14987 14987 D cellinfo: getCurrentLocation() result: Location (success): 40.678797, -111.9512512
08-09 22:31:49.898 14987 14987 D cellinfo: onCellInfoChanged: Operator: Verizon Wireless UpdateTimestamp: 110587837 CellConnectionStatus: 1
08-09 22:31:49.898 14987 14987 D cellinfo: onCellInfoChanged: 5G-NR Cell Bands: [] ARFCN: 648672 Cell ID: 9223372036854775807 Physical Cell ID: 113 Tracking Area Code: 16777215
08-09 22:31:49.915 14987 15039 D cellinfo: 46 bytes from 44.241.174.93: icmp_seq=12323 ttl=28 time=260 ms
08-09 22:31:50.071 14987 15039 D cellinfo: 46 bytes from 44.241.174.93: icmp_seq=12324 ttl=28 time=215 ms
08-09 22:31:50.083 14987 14987 D cellinfo: onsignalStrengthsChanged: LTE Signal Strength info: rsrp: -82 rsrq: -11 rssi: -65 rssnr: 9
08-09 22:31:50.083 14987 14987 D cellinfo: onsignalStrengthsChanged: 5G-NR Signal Strength info: ssrsrp: -112 ssrsrq: -15 sssinr: 0
08-09 22:31:50.376 14987 15039 D cellinfo: 46 bytes from 44.241.174.93: icmp_seq=12325 ttl=28 time=319 ms
08-09 22:31:50.376 14987 15039 D cellinfo: 46 bytes from 44.241.174.93: icmp_seq=12326 ttl=28 time=118 ms
08-09 22:31:50.548 14987 15039 D cellinfo: 46 bytes from 44.241.174.93: icmp_seq=12327 ttl=28 time=90.0 ms
08-09 22:31:50.746 14987 15039 D cellinfo: 46 bytes from 44.241.174.93: icmp_seq=12328 ttl=28 time=87.5 ms
08-09 22:31:50.957 14987 15039 D cellinfo: 46 bytes from 44.241.174.93: icmp_seq=12329 ttl=28 time=98.1 ms
08-09 22:31:51.175 14987 15039 D cellinfo: 46 bytes from 44.241.174.93: icmp_seq=12330 ttl=28 time=114 ms
08-09 22:31:51.361 14987 15039 D cellinfo: 46 bytes from 44.241.174.93: icmp_seq=12331 ttl=28 time=99.0 ms
08-09 22:31:51.571 14987 15039 D cellinfo: 46 bytes from 44.241.174.93: icmp_seq=12332 ttl=28 time=105 ms
08-09 22:31:51.774 14987 15039 D cellinfo: 46 bytes from 44.241.174.93: icmp_seq=12333 ttl=28 time=109 ms
08-09 22:31:51.977 14987 15039 D cellinfo: 46 bytes from 44.241.174.93: icmp_seq=12334 ttl=28 time=112 ms
08-09 22:31:52.174 14987 15039 D cellinfo: 46 bytes from 44.241.174.93: icmp_seq=12335 ttl=28 time=108 ms
08-09 22:31:52.377 14987 15039 D cellinfo: 46 bytes from 44.241.174.93: icmp_seq=12336 ttl=28 time=110 ms
08-09 22:31:52.556 14987 15039 D cellinfo: 46 bytes from 44.241.174.93: icmp_seq=12337 ttl=28 time=89.0 ms
08-09 22:31:52.636 14987 14987 D cellinfo: onCellInfoChanged: Operator: Verizon Wireless UpdateTimestamp: 110590825 CellConnectionStatus: 1
08-09 22:31:52.636 14987 14987 D cellinfo: onCellInfoChanged: 5G-NR Cell Bands: [] ARFCN: 648672 Cell ID: 9223372036854775807 Physical Cell ID: 113 Tracking Area Code: 16777215
08-09 22:31:52.775 14987 15039 D cellinfo: 46 bytes from 44.241.174.93: icmp_seq=12338 ttl=28 time=107 ms
08-09 22:31:52.997 14987 15039 D cellinfo: 46 bytes from 44.241.174.93: icmp_seq=12339 ttl=28 time=128 ms
08-09 22:31:53.182 14987 15039 D cellinfo: 46 bytes from 44.241.174.93: icmp_seq=12340 ttl=28 time=111 ms
08-09 22:31:53.236 14987 14987 D cellinfo: Latitude is 40.6809675
08-09 22:31:53.236 14987 14987 D cellinfo: Longitude is -111.9513314
08-09 22:31:53.236 14987 14987 D cellinfo: Instantaneous GPS information: United States, 2325 W 4130 S, Salt Lake City, UT 84119, USA
08-09 22:31:53.236 14987 14987 D cellinfo: getCurrentLocation() result: Location (success): 40.6809675, -111.9513314
08-09 22:31:53.392 14987 15039 D cellinfo: 46 bytes from 44.241.174.93: icmp_seq=12341 ttl=28 time=120 ms
08-09 22:31:53.578 14987 15039 D cellinfo: 46 bytes from 44.241.174.93: icmp_seq=12342 ttl=28 time=106 ms
08-09 22:31:53.771 14987 15039 D cellinfo: 46 bytes from 44.241.174.93: icmp_seq=12343 ttl=28 time=98.9 ms
08-09 22:31:53.974 14987 15039 D cellinfo: 46 bytes from 44.241.174.93: icmp_seq=12344 ttl=28 time=101 ms
08-09 22:31:54.165 14987 15039 D cellinfo: 46 bytes from 44.241.174.93: icmp_seq=12345 ttl=28 time=91.2 ms
08-09 22:31:54.366 14987 15039 D cellinfo: 46 bytes from 44.241.174.93: icmp_seq=12346 ttl=28 time=91.1 ms
08-09 22:31:54.565 14987 15039 D cellinfo: 46 bytes from 44.241.174.93: icmp_seq=12347 ttl=28 time=88.6 ms
08-09 22:31:54.766 14987 15039 D cellinfo: 46 bytes from 44.241.174.93: icmp_seq=12348 ttl=28 time=88.8 ms
08-09 22:31:54.966 14987 15039 D cellinfo: 46 bytes from 44.241.174.93: icmp_seq=12349 ttl=28 time=88.4 ms
08-09 22:31:55.181 14987 15039 D cellinfo: 46 bytes from 44.241.174.93: icmp_seq=12350 ttl=28 time=102 ms
08-09 22:31:55.421 14987 15039 D cellinfo: 46 bytes from 44.241.174.93: icmp_seq=12351 ttl=28 time=142 ms
08-09 22:31:55.568 14987 15039 D cellinfo: 46 bytes from 44.241.174.93: icmp_seq=12352 ttl=28 time=88.4 ms
08-09 22:31:55.763 14987 15039 D cellinfo: 46 bytes from 44.241.174.93: icmp_seq=12353 ttl=28 time=82.3 ms
08-09 22:31:55.811 14987 14987 D cellinfo: Latitude is 40.6813227
08-09 22:31:55.811 14987 14987 D cellinfo: Longitude is -111.9512905
08-09 22:31:55.811 14987 14987 D cellinfo: Instantaneous GPS information: United States, 2337 W 4130 S, Salt Lake City, UT 84129, USA
08-09 22:31:55.811 14987 14987 D cellinfo: getCurrentLocation() result: Location (success): 40.6813227, -111.9512905
08-09 22:31:55.814 14987 14987 D cellinfo: onCellInfoChanged: Operator: Verizon Wireless UpdateTimestamp: 110593840 CellConnectionStatus: 1
08-09 22:31:55.814 14987 14987 D cellinfo: onCellInfoChanged: 5G-NR Cell Bands: [] ARFCN: 648672 Cell ID: 9223372036854775807 Physical Cell ID: 113 Tracking Area Code: 16777215
08-09 22:31:55.966 14987 15039 D cellinfo: 46 bytes from 44.241.174.93: icmp_seq=12354 ttl=28 time=86.2 ms
08-09 22:31:56.172 14987 15039 D cellinfo: 46 bytes from 44.241.174.93: icmp_seq=12355 ttl=28 time=89.9 ms
08-09 22:31:56.371 14987 15039 D cellinfo: 46 bytes from 44.241.174.93: icmp_seq=12356 ttl=28 time=88.8 ms
08-09 22:31:56.571 14987 15039 D cellinfo: 46 bytes from 44.241.174.93: icmp_seq=12357 ttl=28 time=87.4 ms
08-09 22:31:56.766 14987 15039 D cellinfo: 46 bytes from 44.241.174.93: icmp_seq=12358 ttl=28 time=82.8 ms
08-09 22:31:57.021 14987 15039 D cellinfo: 46 bytes from 44.241.174.93: icmp_seq=12359 ttl=28 time=137 ms
08-09 22:31:57.079 14987 14987 D cellinfo: onsignalStrengthsChanged: LTE Signal Strength info: rsrp: -86 rsrq: -13 rssi: -65 rssnr: 6
08-09 22:31:57.079 14987 14987 D cellinfo: onsignalStrengthsChanged: 5G-NR Signal Strength info: ssrsrp: -111 ssrsrq: -14 sssinr: 4
08-09 22:31:57.197 14987 15039 D cellinfo: 46 bytes from 44.241.174.93: icmp_seq=12360 ttl=28 time=112 ms
08-09 22:31:57.407 14987 15039 D cellinfo: 46 bytes from 44.241.174.93: icmp_seq=12361 ttl=28 time=121 ms
08-09 22:31:57.592 14987 15039 D cellinfo: 46 bytes from 44.241.174.93: icmp_seq=12362 ttl=28 time=105 ms
08-09 22:31:57.766 14987 15039 D cellinfo: 46 bytes from 44.241.174.93: icmp_seq=12363 ttl=28 time=79.6 ms
08-09 22:31:57.972 14987 15039 D cellinfo: 46 bytes from 44.241.174.93: icmp_seq=12364 ttl=28 time=84.0 ms
08-09 22:31:58.222 14987 15039 D cellinfo: 46 bytes from 44.241.174.93: icmp_seq=12365 ttl=28 time=133 ms
08-09 22:31:58.404 14987 15039 D cellinfo: 46 bytes from 44.241.174.93: icmp_seq=12366 ttl=28 time=114 ms
08-09 22:31:58.661 14987 15039 D cellinfo: 46 bytes from 44.241.174.93: icmp_seq=12367 ttl=28 time=171 ms
08-09 22:31:58.952 14987 15039 D cellinfo: 46 bytes from 44.241.174.93: icmp_seq=12368 ttl=28 time=262 ms
08-09 22:31:59.016 14987 14987 D cellinfo: Latitude is 40.6818352
08-09 22:31:59.016 14987 14987 D cellinfo: Longitude is -111.9512318
08-09 22:31:59.016 14987 14987 D cellinfo: Instantaneous GPS information: United States, 2332 W 4130 S, Salt Lake City, UT 84129, USA
08-09 22:31:59.016 14987 14987 D cellinfo: getCurrentLocation() result: Location (success): 40.6818352, -111.9512318
08-09 22:31:59.019 14987 14987 D cellinfo: onCellInfoChanged: Operator: Verizon Wireless UpdateTimestamp: 110596835 CellConnectionStatus: 1
08-09 22:31:59.019 14987 14987 D cellinfo: onCellInfoChanged: 5G-NR Cell Bands: [] ARFCN: 648672 Cell ID: 9223372036854775807 Physical Cell ID: 113 Tracking Area Code: 16777215
08-09 22:31:59.110 14987 15039 D cellinfo: 46 bytes from 44.241.174.93: icmp_seq=12369 ttl=28 time=217 ms
08-09 22:31:59.262 14987 15039 D cellinfo: 46 bytes from 44.241.174.93: icmp_seq=12370 ttl=28 time=168 ms
08-09 22:31:59.392 14987 15039 D cellinfo: 46 bytes from 44.241.174.93: icmp_seq=12371 ttl=28 time=97.8 ms
08-09 22:31:59.609 14987 15039 D cellinfo: 46 bytes from 44.241.174.93: icmp_seq=12372 ttl=28 time=113 ms
08-09 22:31:59.846 14987 15039 D cellinfo: 46 bytes from 44.241.174.93: icmp_seq=12373 ttl=28 time=149 ms
08-09 22:32:00.000 14987 15039 D cellinfo: 46 bytes from 44.241.174.93: icmp_seq=12374 ttl=28 time=103 ms
08-09 22:32:00.207 14987 15039 D cellinfo: 46 bytes from 44.241.174.93: icmp_seq=12375 ttl=28 time=110 ms
08-09 22:32:00.386 14987 15039 D cellinfo: 46 bytes from 44.241.174.93: icmp_seq=12376 ttl=28 time=89.5 ms
08-09 22:32:00.615 14987 15039 D cellinfo: 46 bytes from 44.241.174.93: icmp_seq=12377 ttl=28 time=117 ms
08-09 22:32:00.788 14987 15039 D cellinfo: 46 bytes from 44.241.174.93: icmp_seq=12378 ttl=28 time=89.7 ms
08-09 22:32:01.006 14987 15039 D cellinfo: 46 bytes from 44.241.174.93: icmp_seq=12379 ttl=28 time=107 ms
08-09 22:32:01.209 14987 15039 D cellinfo: 46 bytes from 44.241.174.93: icmp_seq=12380 ttl=28 time=110 ms
08-09 22:32:01.424 14987 15039 D cellinfo: 46 bytes from 44.241.174.93: icmp_seq=12381 ttl=28 time=124 ms
08-09 22:32:01.595 14987 14987 D cellinfo: Latitude is 40.6818103
08-09 22:32:01.596 14987 14987 D cellinfo: Longitude is -111.9512348
08-09 22:32:01.596 14987 14987 D cellinfo: Instantaneous GPS information: United States, 2332 W 4130 S, Salt Lake City, UT 84129, USA
08-09 22:32:01.596 14987 14987 D cellinfo: getCurrentLocation() result: Location (success): 40.6818103, -111.9512348
08-09 22:32:01.637 14987 14987 D cellinfo: onServiceStateChanged: Channel Number: 5230 Cell Bandwidths: [10000, 20000, 10000, 5000, 60000]
08-09 22:32:01.644 14987 15039 D cellinfo: 46 bytes from 44.241.174.93: icmp_seq=12382 ttl=28 time=144 ms
08-09 22:32:01.664 14987 14987 D cellinfo: onServiceStateChanged: Channel Number: 5230 Cell Bandwidths: [10000, 20000, 10000, 5000, 60000]
08-09 22:32:01.722 14987 14987 D cellinfo: onServiceStateChanged: Channel Number: 5230 Cell Bandwidths: [10000]
08-09 22:32:01.732 14987 14987 D cellinfo: onCellInfoChanged: Operator: Verizon Wireless UpdateTimestamp: 110599899 CellConnectionStatus: 1
08-09 22:32:01.732 14987 14987 D cellinfo: onCellInfoChanged: LTE Cell Bands: [13] Bandwidth: 10000 Cell ID: 3176706 Physical Cell ID: 331 Tracking Area Code: 3072 EARFCN: 5230
08-09 22:32:01.789 14987 15039 D cellinfo: 46 bytes from 44.241.174.93: icmp_seq=12383 ttl=28 time=88.6 ms
08-09 22:32:01.990 14987 15039 D cellinfo: 46 bytes from 44.241.174.93: icmp_seq=12384 ttl=28 time=88.8 ms
08-09 22:32:02.198 14987 15039 D cellinfo: 46 bytes from 44.241.174.93: icmp_seq=12385 ttl=28 time=96.0 ms
08-09 22:32:02.401 14987 15039 D cellinfo: 46 bytes from 44.241.174.93: icmp_seq=12386 ttl=28 time=98.3 ms
08-09 22:32:02.600 14987 15039 D cellinfo: 46 bytes from 44.241.174.93: icmp_seq=12387 ttl=28 time=95.5 ms
08-09 22:32:02.799 14987 15039 D cellinfo: 46 bytes from 44.241.174.93: icmp_seq=12388 ttl=28 time=95.0 ms
08-09 22:32:02.808 14987 14987 D cellinfo: onsignalStrengthsChanged: LTE Signal Strength info: rsrp: -81 rsrq: -8 rssi: -67 rssnr: 4
08-09 22:32:03.000 14987 15039 D cellinfo: 46 bytes from 44.241.174.93: icmp_seq=12389 ttl=28 time=94.0 ms
08-09 22:32:03.200 14987 15039 D cellinfo: 46 bytes from 44.241.174.93: icmp_seq=12390 ttl=28 time=93.3 ms
08-09 22:32:03.401 14987 15039 D cellinfo: 46 bytes from 44.241.174.93: icmp_seq=12391 ttl=28 time=93.4 ms
08-09 22:32:03.590 14987 15039 D cellinfo: 46 bytes from 44.241.174.93: icmp_seq=12392 ttl=28 time=82.1 ms
08-09 22:32:03.800 14987 15039 D cellinfo: 46 bytes from 44.241.174.93: icmp_seq=12393 ttl=28 time=91.3 ms
08-09 22:32:04.001 14987 15039 D cellinfo: 46 bytes from 44.241.174.93: icmp_seq=12394 ttl=28 time=90.6 ms
08-09 22:32:04.200 14987 15039 D cellinfo: 46 bytes from 44.241.174.93: icmp_seq=12395 ttl=28 time=89.7 ms
08-09 22:32:04.407 14987 15039 D cellinfo: 46 bytes from 44.241.174.93: icmp_seq=12396 ttl=28 time=96.3 ms
08-09 22:32:04.603 14987 15039 D cellinfo: 46 bytes from 44.241.174.93: icmp_seq=12397 ttl=28 time=91.2 ms
08-09 22:32:04.809 14987 15039 D cellinfo: 46 bytes from 44.241.174.93: icmp_seq=12398 ttl=28 time=96.3 ms
08-09 22:32:04.829 14987 14987 D cellinfo: Latitude is 40.684151
08-09 22:32:04.829 14987 14987 D cellinfo: Longitude is -111.952097
08-09 22:32:04.829 14987 14987 D cellinfo: Instantaneous GPS information: United States, 4017 S 2400 W, West Valley City, UT 84119, USA
08-09 22:32:04.829 14987 14987 D cellinfo: getCurrentLocation() result: Location (success): 40.684151, -111.952097
08-09 22:32:04.832 14987 14987 D cellinfo: onCellInfoChanged: Operator: Verizon Wireless UpdateTimestamp: 110602830 CellConnectionStatus: 1
08-09 22:32:04.832 14987 14987 D cellinfo: onCellInfoChanged: LTE Cell Bands: [13] Bandwidth: 10000 Cell ID: 3176706 Physical Cell ID: 331 Tracking Area Code: 3072 EARFCN: 5230
08-09 22:32:04.832 14987 14987 D cellinfo: onDisplayInfoChanged: NetworkType: LTE OverrideNetworkType: None
08-09 22:32:05.025 14987 15039 D cellinfo: 46 bytes from 44.241.174.93: icmp_seq=12399 ttl=28 time=112 ms
08-09 22:32:05.215 14987 15039 D cellinfo: 46 bytes from 44.241.174.93: icmp_seq=12400 ttl=28 time=101 ms
08-09 22:32:05.433 14987 15039 D cellinfo: 46 bytes from 44.241.174.93: icmp_seq=12401 ttl=28 time=119 ms
08-09 22:32:05.626 14987 15039 D cellinfo: 46 bytes from 44.241.174.93: icmp_seq=12402 ttl=28 time=110 ms
08-09 22:32:05.810 14987 15039 D cellinfo: 46 bytes from 44.241.174.93: icmp_seq=12403 ttl=28 time=93.6 ms
08-09 22:32:06.009 14987 15039 D cellinfo: 46 bytes from 44.241.174.93: icmp_seq=12404 ttl=28 time=91.7 ms
08-09 22:32:06.218 14987 15039 D cellinfo: 46 bytes from 44.241.174.93: icmp_seq=12405 ttl=28 time=101 ms
08-09 22:32:06.409 14987 15039 D cellinfo: 46 bytes from 44.241.174.93: icmp_seq=12406 ttl=28 time=91.1 ms
08-09 22:32:06.610 14987 15039 D cellinfo: 46 bytes from 44.241.174.93: icmp_seq=12407 ttl=28 time=91.9 ms
08-09 22:32:06.808 14987 14987 D cellinfo: onsignalStrengthsChanged: LTE Signal Strength info: rsrp: -84 rsrq: -9 rssi: -67 rssnr: 3
08-09 22:32:06.809 14987 15039 D cellinfo: 46 bytes from 44.241.174.93: icmp_seq=12408 ttl=28 time=90.1 ms
08-09 22:32:07.008 14987 15039 D cellinfo: 46 bytes from 44.241.174.93: icmp_seq=12409 ttl=28 time=88.1 ms
08-09 22:32:07.210 14987 15039 D cellinfo: 46 bytes from 44.241.174.93: icmp_seq=12410 ttl=28 time=90.4 ms
08-09 22:32:07.410 14987 15039 D cellinfo: 46 bytes from 44.241.174.93: icmp_seq=12411 ttl=28 time=89.6 ms
08-09 22:32:07.608 14987 15039 D cellinfo: 46 bytes from 44.241.174.93: icmp_seq=12412 ttl=28 time=87.8 ms
08-09 22:32:07.788 14987 14987 D cellinfo: Latitude is 40.6842519
08-09 22:32:07.788 14987 14987 D cellinfo: Longitude is -111.952143
08-09 22:32:07.788 14987 14987 D cellinfo: Instantaneous GPS information: United States, 4017 S 2400 W, West Valley City, UT 84119, USA
08-09 22:32:07.788 14987 14987 D cellinfo: getCurrentLocation() result: Location (success): 40.6842519, -111.952143
08-09 22:32:07.792 14987 14987 D cellinfo: onCellInfoChanged: Operator: Verizon Wireless UpdateTimestamp: 110605839 CellConnectionStatus: 1
08-09 22:32:07.792 14987 14987 D cellinfo: onCellInfoChanged: LTE Cell Bands: [13] Bandwidth: 10000 Cell ID: 3176706 Physical Cell ID: 331 Tracking Area Code: 3072 EARFCN: 5230
08-09 22:32:07.810 14987 15039 D cellinfo: 46 bytes from 44.241.174.93: icmp_seq=12413 ttl=28 time=88.4 ms
08-09 22:32:08.011 14987 15039 D cellinfo: 46 bytes from 44.241.174.93: icmp_seq=12414 ttl=28 time=89.4 ms
08-09 22:32:08.211 14987 15039 D cellinfo: 46 bytes from 44.241.174.93: icmp_seq=12415 ttl=28 time=88.9 ms
08-09 22:32:08.420 14987 15039 D cellinfo: 46 bytes from 44.241.174.93: icmp_seq=12416 ttl=28 time=97.0 ms
08-09 22:32:08.620 14987 15039 D cellinfo: 46 bytes from 44.241.174.93: icmp_seq=12417 ttl=28 time=95.9 ms
08-09 22:32:08.820 14987 15039 D cellinfo: 46 bytes from 44.241.174.93: icmp_seq=12418 ttl=28 time=94.5 ms
08-09 22:32:09.028 14987 15039 D cellinfo: 46 bytes from 44.241.174.93: icmp_seq=12419 ttl=28 time=101 ms
08-09 22:32:09.220 14987 15039 D cellinfo: 46 bytes from 44.241.174.93: icmp_seq=12420 ttl=28 time=94.1 ms
08-09 22:32:09.419 14987 15039 D cellinfo: 46 bytes from 44.241.174.93: icmp_seq=12421 ttl=28 time=92.0 ms
08-09 22:32:09.620 14987 15039 D cellinfo: 46 bytes from 44.241.174.93: icmp_seq=12422 ttl=28 time=92.2 ms
08-09 22:32:09.820 14987 15039 D cellinfo: 46 bytes from 44.241.174.93: icmp_seq=12423 ttl=28 time=91.5 ms
08-09 22:32:10.020 14987 15039 D cellinfo: 46 bytes from 44.241.174.93: icmp_seq=12424 ttl=28 time=90.8 ms
08-09 22:32:10.220 14987 15039 D cellinfo: 46 bytes from 44.241.174.93: icmp_seq=12425 ttl=28 time=91.2 ms
08-09 22:32:10.419 14987 15039 D cellinfo: 46 bytes from 44.241.174.93: icmp_seq=12426 ttl=28 time=88.8 ms
08-09 22:32:10.625 14987 15039 D cellinfo: 46 bytes from 44.241.174.93: icmp_seq=12427 ttl=28 time=94.9 ms
08-09 22:32:10.787 14987 14987 D cellinfo: Latitude is 40.6857315
08-09 22:32:10.787 14987 14987 D cellinfo: Longitude is -111.9508844
08-09 22:32:10.787 14987 14987 D cellinfo: Instantaneous GPS information: United States, 3942 Red Hawk Rd W, Salt Lake City, UT 84119, USA
08-09 22:32:10.787 14987 14987 D cellinfo: getCurrentLocation() result: Location (success): 40.6857315, -111.9508844
08-09 22:32:10.791 14987 14987 D cellinfo: onCellInfoChanged: Operator: Verizon Wireless UpdateTimestamp: 110608832 CellConnectionStatus: 1
08-09 22:32:10.791 14987 14987 D cellinfo: onCellInfoChanged: LTE Cell Bands: [13] Bandwidth: 10000 Cell ID: 3176706 Physical Cell ID: 331 Tracking Area Code: 3072 EARFCN: 5230
08-09 22:32:10.808 14987 14987 D cellinfo: onsignalStrengthsChanged: LTE Signal Strength info: rsrp: -87 rsrq: -8 rssi: -71 rssnr: 5
08-09 22:32:10.820 14987 15039 D cellinfo: 46 bytes from 44.241.174.93: icmp_seq=12428 ttl=28 time=87.9 ms
08-09 22:32:11.021 14987 15039 D cellinfo: 46 bytes from 44.241.174.93: icmp_seq=12429 ttl=28 time=87.6 ms
08-09 22:32:11.230 14987 15039 D cellinfo: 46 bytes from 44.241.174.93: icmp_seq=12430 ttl=28 time=97.6 ms
08-09 22:32:11.434 14987 15039 D cellinfo: 46 bytes from 44.241.174.93: icmp_seq=12431 ttl=28 time=101 ms
08-09 22:32:11.638 14987 15039 D cellinfo: 46 bytes from 44.241.174.93: icmp_seq=12432 ttl=28 time=104 ms
08-09 22:32:11.828 14987 15039 D cellinfo: 46 bytes from 44.241.174.93: icmp_seq=12433 ttl=28 time=94.7 ms
08-09 22:32:12.030 14987 15039 D cellinfo: 46 bytes from 44.241.174.93: icmp_seq=12434 ttl=28 time=95.5 ms
08-09 22:32:12.228 14987 15039 D cellinfo: 46 bytes from 44.241.174.93: icmp_seq=12435 ttl=28 time=93.6 ms
08-09 22:32:12.438 14987 15039 D cellinfo: 46 bytes from 44.241.174.93: icmp_seq=12436 ttl=28 time=103 ms
08-09 22:32:12.630 14987 15039 D cellinfo: 46 bytes from 44.241.174.93: icmp_seq=12437 ttl=28 time=94.5 ms
08-09 22:32:12.830 14987 15039 D cellinfo: 46 bytes from 44.241.174.93: icmp_seq=12438 ttl=28 time=93.4 ms
08-09 22:32:13.030 14987 15039 D cellinfo: 46 bytes from 44.241.174.93: icmp_seq=12439 ttl=28 time=92.6 ms
08-09 22:32:13.229 14987 15039 D cellinfo: 46 bytes from 44.241.174.93: icmp_seq=12440 ttl=28 time=92.2 ms
08-09 22:32:13.430 14987 15039 D cellinfo: 46 bytes from 44.241.174.93: icmp_seq=12441 ttl=28 time=92.2 ms
08-09 22:32:13.640 14987 15039 D cellinfo: 46 bytes from 44.241.174.93: icmp_seq=12442 ttl=28 time=101 ms
08-09 22:32:13.744 14987 14987 D cellinfo: Latitude is 40.6866515
08-09 22:32:13.744 14987 14987 D cellinfo: Longitude is -111.9513868
08-09 22:32:13.744 14987 14987 D cellinfo: Instantaneous GPS information: United States, 3896 Red Hawk Rd W, West Valley City, UT 84119, USA
08-09 22:32:13.744 14987 14987 D cellinfo: getCurrentLocation() result: Location (success): 40.6866515, -111.9513868
08-09 22:32:13.748 14987 14987 D cellinfo: onCellInfoChanged: Operator: Verizon Wireless UpdateTimestamp: 110611834 CellConnectionStatus: 1
08-09 22:32:13.748 14987 14987 D cellinfo: onCellInfoChanged: LTE Cell Bands: [13] Bandwidth: 10000 Cell ID: 3176706 Physical Cell ID: 331 Tracking Area Code: 3072 EARFCN: 5230
08-09 22:32:13.830 14987 15039 D cellinfo: 46 bytes from 44.241.174.93: icmp_seq=12443 ttl=28 time=89.4 ms
08-09 22:32:14.030 14987 15039 D cellinfo: 46 bytes from 44.241.174.93: icmp_seq=12444 ttl=28 time=88.6 ms
08-09 22:32:14.233 14987 15039 D cellinfo: 46 bytes from 44.241.174.93: icmp_seq=12445 ttl=28 time=92.0 ms
08-09 22:32:14.433 14987 15039 D cellinfo: 46 bytes from 44.241.174.93: icmp_seq=12446 ttl=28 time=92.1 ms
08-09 22:32:14.642 14987 15039 D cellinfo: 46 bytes from 44.241.174.93: icmp_seq=12447 ttl=28 time=99.9 ms
08-09 22:32:14.809 14987 14987 D cellinfo: onsignalStrengthsChanged: LTE Signal Strength info: rsrp: -80 rsrq: -5 rssi: -67 rssnr: 9
08-09 22:32:14.840 14987 15039 D cellinfo: 46 bytes from 44.241.174.93: icmp_seq=12448 ttl=28 time=96.3 ms
08-09 22:32:15.040 14987 15039 D cellinfo: 46 bytes from 44.241.174.93: icmp_seq=12449 ttl=28 time=95.4 ms
08-09 22:32:15.240 14987 15039 D cellinfo: 46 bytes from 44.241.174.93: icmp_seq=12450 ttl=28 time=95.7 ms
08-09 22:32:15.440 14987 15039 D cellinfo: 46 bytes from 44.241.174.93: icmp_seq=12451 ttl=28 time=94.9 ms
08-09 22:32:15.639 14987 15039 D cellinfo: 46 bytes from 44.241.174.93: icmp_seq=12452 ttl=28 time=92.9 ms
08-09 22:32:15.840 14987 15039 D cellinfo: 46 bytes from 44.241.174.93: icmp_seq=12453 ttl=28 time=93.2 ms
08-09 22:32:16.039 14987 15039 D cellinfo: 46 bytes from 44.241.174.93: icmp_seq=12454 ttl=28 time=90.9 ms
08-09 22:32:16.242 14987 15039 D cellinfo: 46 bytes from 44.241.174.93: icmp_seq=12455 ttl=28 time=94.0 ms
08-09 22:32:16.444 14987 15039 D cellinfo: 46 bytes from 44.241.174.93: icmp_seq=12456 ttl=28 time=95.2 ms
08-09 22:32:16.645 14987 15039 D cellinfo: 46 bytes from 44.241.174.93: icmp_seq=12457 ttl=28 time=96.1 ms
08-09 22:32:16.790 14987 14987 D cellinfo: Latitude is 40.6872608
08-09 22:32:16.790 14987 14987 D cellinfo: Longitude is -111.95193
08-09 22:32:16.790 14987 14987 D cellinfo: Instantaneous GPS information: United States, 3885 S Treasure Isle Rd, West Valley City, UT 84119, USA
08-09 22:32:16.790 14987 14987 D cellinfo: getCurrentLocation() result: Location (success): 40.6872608, -111.95193
08-09 22:32:16.794 14987 14987 D cellinfo: onCellInfoChanged: Operator: Verizon Wireless UpdateTimestamp: 110614829 CellConnectionStatus: 1
08-09 22:32:16.795 14987 14987 D cellinfo: onCellInfoChanged: LTE Cell Bands: [13] Bandwidth: 10000 Cell ID: 3176706 Physical Cell ID: 331 Tracking Area Code: 3072 EARFCN: 5230
08-09 22:32:16.843 14987 15039 D cellinfo: 46 bytes from 44.241.174.93: icmp_seq=12458 ttl=28 time=92.5 ms
08-09 22:32:17.043 14987 15039 D cellinfo: 46 bytes from 44.241.174.93: icmp_seq=12459 ttl=28 time=92.2 ms
08-09 22:32:17.247 14987 15039 D cellinfo: 46 bytes from 44.241.174.93: icmp_seq=12460 ttl=28 time=95.9 ms
08-09 22:32:17.444 14987 15039 D cellinfo: 46 bytes from 44.241.174.93: icmp_seq=12461 ttl=28 time=91.6 ms
08-09 22:32:17.649 14987 15039 D cellinfo: 46 bytes from 44.241.174.93: icmp_seq=12462 ttl=28 time=96.6 ms
08-09 22:32:17.850 14987 15039 D cellinfo: 46 bytes from 44.241.174.93: icmp_seq=12463 ttl=28 time=96.7 ms
08-09 22:32:18.058 14987 15039 D cellinfo: 46 bytes from 44.241.174.93: icmp_seq=12464 ttl=28 time=103 ms
08-09 22:32:18.258 14987 15039 D cellinfo: 46 bytes from 44.241.174.93: icmp_seq=12465 ttl=28 time=101 ms
08-09 22:32:18.451 14987 15039 D cellinfo: 46 bytes from 44.241.174.93: icmp_seq=12466 ttl=28 time=96.0 ms
08-09 22:32:18.651 14987 15039 D cellinfo: 46 bytes from 44.241.174.93: icmp_seq=12467 ttl=28 time=94.5 ms
08-09 22:32:18.807 14987 14987 D cellinfo: onsignalStrengthsChanged: LTE Signal Strength info: rsrp: -76 rsrq: -6 rssi: -61 rssnr: 9
08-09 22:32:18.856 14987 15039 D cellinfo: 46 bytes from 44.241.174.93: icmp_seq=12468 ttl=28 time=99.0 ms
08-09 22:32:19.054 14987 15039 D cellinfo: 46 bytes from 44.241.174.93: icmp_seq=12469 ttl=28 time=96.2 ms
08-09 22:32:19.256 14987 15039 D cellinfo: 46 bytes from 44.241.174.93: icmp_seq=12470 ttl=28 time=97.7 ms
08-09 22:32:19.458 14987 15039 D cellinfo: 46 bytes from 44.241.174.93: icmp_seq=12471 ttl=28 time=99.5 ms
08-09 22:32:19.650 14987 15039 D cellinfo: 46 bytes from 44.241.174.93: icmp_seq=12472 ttl=28 time=90.7 ms
08-09 22:32:19.794 14987 14987 D cellinfo: Latitude is 40.688064
08-09 22:32:19.794 14987 14987 D cellinfo: Longitude is -111.9523317
08-09 22:32:19.794 14987 14987 D cellinfo: Instantaneous GPS information: United States, 3861 S Treasure Isle Rd, West Valley City, UT 84119, USA
08-09 22:32:19.794 14987 14987 D cellinfo: getCurrentLocation() result: Location (success): 40.688064, -111.9523317
08-09 22:32:19.797 14987 14987 D cellinfo: onCellInfoChanged: Operator: Verizon Wireless UpdateTimestamp: 110617827 CellConnectionStatus: 1
08-09 22:32:19.797 14987 14987 D cellinfo: onCellInfoChanged: LTE Cell Bands: [13] Bandwidth: 10000 Cell ID: 3176706 Physical Cell ID: 331 Tracking Area Code: 3072 EARFCN: 5230
08-09 22:32:19.850 14987 15039 D cellinfo: 46 bytes from 44.241.174.93: icmp_seq=12473 ttl=28 time=89.9 ms
08-09 22:32:20.049 14987 15039 D cellinfo: 46 bytes from 44.241.174.93: icmp_seq=12474 ttl=28 time=88.3 ms
08-09 22:32:20.250 14987 15039 D cellinfo: 46 bytes from 44.241.174.93: icmp_seq=12475 ttl=28 time=89.6 ms
08-09 22:32:20.451 14987 15039 D cellinfo: 46 bytes from 44.241.174.93: icmp_seq=12476 ttl=28 time=89.3 ms
08-09 22:32:20.649 14987 15039 D cellinfo: 46 bytes from 44.241.174.93: icmp_seq=12477 ttl=28 time=86.8 ms
08-09 22:32:20.870 14987 15039 D cellinfo: 46 bytes from 44.241.174.93: icmp_seq=12478 ttl=28 time=106 ms
08-09 22:32:21.072 14987 15039 D cellinfo: 46 bytes from 44.241.174.93: icmp_seq=12479 ttl=28 time=108 ms
08-09 22:32:21.250 14987 15039 D cellinfo: 46 bytes from 44.241.174.93: icmp_seq=12480 ttl=28 time=86.8 ms
08-09 22:32:21.461 14987 15039 D cellinfo: 46 bytes from 44.241.174.93: icmp_seq=12481 ttl=28 time=96.2 ms
08-09 22:32:21.660 14987 15039 D cellinfo: 46 bytes from 44.241.174.93: icmp_seq=12482 ttl=28 time=95.3 ms
08-09 22:32:21.874 14987 15039 D cellinfo: 46 bytes from 44.241.174.93: icmp_seq=12483 ttl=28 time=108 ms
08-09 22:32:22.049 14987 15039 D cellinfo: 46 bytes from 44.241.174.93: icmp_seq=12484 ttl=28 time=83.4 ms
08-09 22:32:22.273 14987 15039 D cellinfo: 46 bytes from 44.241.174.93: icmp_seq=12485 ttl=28 time=107 ms
08-09 22:32:22.460 14987 15039 D cellinfo: 46 bytes from 44.241.174.93: icmp_seq=12486 ttl=28 time=93.9 ms
08-09 22:32:22.637 14987 14987 D cellinfo: onCellInfoChanged: Operator: Verizon Wireless UpdateTimestamp: 110620826 CellConnectionStatus: 1
08-09 22:32:22.637 14987 14987 D cellinfo: onCellInfoChanged: LTE Cell Bands: [13] Bandwidth: 10000 Cell ID: 3176706 Physical Cell ID: 331 Tracking Area Code: 3072 EARFCN: 5230
08-09 22:32:22.658 14987 15039 D cellinfo: 46 bytes from 44.241.174.93: icmp_seq=12487 ttl=28 time=91.7 ms
08-09 22:32:22.805 14987 14987 D cellinfo: onsignalStrengthsChanged: LTE Signal Strength info: rsrp: -68 rsrq: -5 rssi: -53 rssnr: 13
08-09 22:32:22.859 14987 15039 D cellinfo: 46 bytes from 44.241.174.93: icmp_seq=12488 ttl=28 time=92.5 ms
08-09 22:32:23.057 14987 15039 D cellinfo: 46 bytes from 44.241.174.93: icmp_seq=12489 ttl=28 time=88.7 ms
08-09 22:32:23.216 14987 14987 D cellinfo: Latitude is 40.6902193
08-09 22:32:23.216 14987 14987 D cellinfo: Longitude is -111.9516213
08-09 22:32:23.216 14987 14987 D cellinfo: Instantaneous GPS information: United States, 2240 W 3800 S, West Valley City, UT 84119, USA
08-09 22:32:23.216 14987 14987 D cellinfo: getCurrentLocation() result: Location (success): 40.6902193, -111.9516213
08-09 22:32:23.268 14987 15039 D cellinfo: 46 bytes from 44.241.174.93: icmp_seq=12490 ttl=28 time=100 ms
08-09 22:32:23.459 14987 15039 D cellinfo: 46 bytes from 44.241.174.93: icmp_seq=12491 ttl=28 time=89.6 ms
08-09 22:32:23.666 14987 15039 D cellinfo: 46 bytes from 44.241.174.93: icmp_seq=12492 ttl=28 time=95.7 ms
08-09 22:32:23.868 14987 15039 D cellinfo: 46 bytes from 44.241.174.93: icmp_seq=12493 ttl=28 time=97.2 ms
08-09 22:32:24.062 14987 15039 D cellinfo: 46 bytes from 44.241.174.93: icmp_seq=12494 ttl=28 time=90.1 ms
08-09 22:32:24.270 14987 15039 D cellinfo: 46 bytes from 44.241.174.93: icmp_seq=12495 ttl=28 time=96.7 ms
08-09 22:32:24.462 14987 15039 D cellinfo: 46 bytes from 44.241.174.93: icmp_seq=12496 ttl=28 time=90.3 ms
08-09 22:32:24.670 14987 15039 D cellinfo: 46 bytes from 44.241.174.93: icmp_seq=12497 ttl=28 time=96.9 ms
08-09 22:32:24.870 14987 15039 D cellinfo: 46 bytes from 44.241.174.93: icmp_seq=12498 ttl=28 time=96.1 ms
08-09 22:32:25.070 14987 15039 D cellinfo: 46 bytes from 44.241.174.93: icmp_seq=12499 ttl=28 time=95.1 ms
08-09 22:32:25.285 14987 15039 D cellinfo: 46 bytes from 44.241.174.93: icmp_seq=12500 ttl=28 time=109 ms
08-09 22:32:25.470 14987 15039 D cellinfo: 46 bytes from 44.241.174.93: icmp_seq=12501 ttl=28 time=94.2 ms
08-09 22:32:25.669 14987 15039 D cellinfo: 46 bytes from 44.241.174.93: icmp_seq=12502 ttl=28 time=92.8 ms
08-09 22:32:25.805 14987 14987 D cellinfo: Latitude is 40.6905579
08-09 22:32:25.805 14987 14987 D cellinfo: Longitude is -111.9516628
08-09 22:32:25.805 14987 14987 D cellinfo: Instantaneous GPS information: United States, 2240 W 3800 S, West Valley City, UT 84119, USA
08-09 22:32:25.805 14987 14987 D cellinfo: getCurrentLocation() result: Location (success): 40.6905579, -111.9516628
08-09 22:32:25.808 14987 14987 D cellinfo: onCellInfoChanged: Operator: Verizon Wireless UpdateTimestamp: 110623822 CellConnectionStatus: 1
08-09 22:32:25.808 14987 14987 D cellinfo: onCellInfoChanged: LTE Cell Bands: [13] Bandwidth: 10000 Cell ID: 3176706 Physical Cell ID: 331 Tracking Area Code: 3072 EARFCN: 5230
08-09 22:32:25.872 14987 15039 D cellinfo: 46 bytes from 44.241.174.93: icmp_seq=12503 ttl=28 time=95.0 ms
08-09 22:32:26.070 14987 15039 D cellinfo: 46 bytes from 44.241.174.93: icmp_seq=12504 ttl=28 time=91.9 ms
08-09 22:32:26.277 14987 15039 D cellinfo: 46 bytes from 44.241.174.93: icmp_seq=12505 ttl=28 time=99.5 ms
08-09 22:32:26.470 14987 15039 D cellinfo: 46 bytes from 44.241.174.93: icmp_seq=12506 ttl=28 time=92.3 ms
08-09 22:32:26.672 14987 15039 D cellinfo: 46 bytes from 44.241.174.93: icmp_seq=12507 ttl=28 time=92.6 ms
08-09 22:32:26.807 14987 14987 D cellinfo: onsignalStrengthsChanged: LTE Signal Strength info: rsrp: -76 rsrq: -10 rssi: -59 rssnr: 4
08-09 22:32:26.869 14987 15039 D cellinfo: 46 bytes from 44.241.174.93: icmp_seq=12508 ttl=28 time=89.3 ms
08-09 22:32:27.079 14987 15039 D cellinfo: 46 bytes from 44.241.174.93: icmp_seq=12509 ttl=28 time=98.3 ms
08-09 22:32:27.272 14987 15039 D cellinfo: 46 bytes from 44.241.174.93: icmp_seq=12510 ttl=28 time=91.1 ms
08-09 22:32:27.470 14987 15039 D cellinfo: 46 bytes from 44.241.174.93: icmp_seq=12511 ttl=28 time=87.9 ms
08-09 22:32:27.671 14987 15039 D cellinfo: 46 bytes from 44.241.174.93: icmp_seq=12512 ttl=28 time=88.2 ms
08-09 22:32:27.880 14987 15039 D cellinfo: 46 bytes from 44.241.174.93: icmp_seq=12513 ttl=28 time=96.3 ms
08-09 22:32:28.080 14987 15039 D cellinfo: 46 bytes from 44.241.174.93: icmp_seq=12514 ttl=28 time=95.8 ms
08-09 22:32:28.280 14987 15039 D cellinfo: 46 bytes from 44.241.174.93: icmp_seq=12515 ttl=28 time=96.3 ms
08-09 22:32:28.488 14987 15039 D cellinfo: 46 bytes from 44.241.174.93: icmp_seq=12516 ttl=28 time=104 ms
08-09 22:32:28.680 14987 15039 D cellinfo: 46 bytes from 44.241.174.93: icmp_seq=12517 ttl=28 time=95.1 ms
08-09 22:32:28.802 14987 14987 D cellinfo: Latitude is 40.6909861
08-09 22:32:28.802 14987 14987 D cellinfo: Longitude is -111.9517091
08-09 22:32:28.802 14987 14987 D cellinfo: Instantaneous GPS information: United States, 2240 W 3800 S, West Valley City, UT 84119, USA
08-09 22:32:28.802 14987 14987 D cellinfo: getCurrentLocation() result: Location (success): 40.6909861, -111.9517091
08-09 22:32:28.805 14987 14987 D cellinfo: onCellInfoChanged: Operator: Verizon Wireless UpdateTimestamp: 110626835 CellConnectionStatus: 1
08-09 22:32:28.805 14987 14987 D cellinfo: onCellInfoChanged: LTE Cell Bands: [13] Bandwidth: 10000 Cell ID: 3176706 Physical Cell ID: 331 Tracking Area Code: 3072 EARFCN: 5230
08-09 22:32:28.879 14987 15039 D cellinfo: 46 bytes from 44.241.174.93: icmp_seq=12518 ttl=28 time=93.7 ms
08-09 22:32:29.080 14987 15039 D cellinfo: 46 bytes from 44.241.174.93: icmp_seq=12519 ttl=28 time=92.8 ms
08-09 22:32:29.287 14987 15039 D cellinfo: 46 bytes from 44.241.174.93: icmp_seq=12520 ttl=28 time=101 ms
08-09 22:32:29.490 14987 15039 D cellinfo: 46 bytes from 44.241.174.93: icmp_seq=12521 ttl=28 time=102 ms
08-09 22:32:29.684 14987 15039 D cellinfo: 46 bytes from 44.241.174.93: icmp_seq=12522 ttl=28 time=96.8 ms
08-09 22:32:29.903 14987 15039 D cellinfo: 46 bytes from 44.241.174.93: icmp_seq=12523 ttl=28 time=114 ms
08-09 22:32:30.081 14987 15039 D cellinfo: 46 bytes from 44.241.174.93: icmp_seq=12524 ttl=28 time=92.7 ms
08-09 22:32:30.280 14987 15039 D cellinfo: 46 bytes from 44.241.174.93: icmp_seq=12525 ttl=28 time=91.5 ms
08-09 22:32:30.444 14987 14987 D cellinfo: onServiceStateChanged: Channel Number: 5230 Cell Bandwidths: [10000, 20000]
08-09 22:32:30.458 14987 14987 D cellinfo: onDisplayInfoChanged: NetworkType: LTE OverrideNetworkType: LTE-CA
08-09 22:32:30.511 14987 15039 D cellinfo: 46 bytes from 44.241.174.93: icmp_seq=12526 ttl=28 time=122 ms
08-09 22:32:30.522 14987 14987 D cellinfo: onServiceStateChanged: Channel Number: 5230 Cell Bandwidths: [10000, 20000]
08-09 22:32:30.530 14987 15039 D cellinfo: 46 bytes from 44.241.174.93: icmp_seq=12526 ttl=28 time=141 ms (DUP!)
08-09 22:32:30.680 14987 15039 D cellinfo: 46 bytes from 44.241.174.93: icmp_seq=12527 ttl=28 time=89.9 ms
08-09 22:32:30.879 14987 15039 D cellinfo: 46 bytes from 44.241.174.93: icmp_seq=12528 ttl=28 time=87.8 ms
08-09 22:32:31.080 14987 15039 D cellinfo: 46 bytes from 44.241.174.93: icmp_seq=12529 ttl=28 time=88.4 ms
08-09 22:32:31.281 14987 15039 D cellinfo: 46 bytes from 44.241.174.93: icmp_seq=12530 ttl=28 time=89.2 ms
08-09 22:32:31.488 14987 15039 D cellinfo: 46 bytes from 44.241.174.93: icmp_seq=12531 ttl=28 time=96.5 ms
08-09 22:32:31.566 14987 14987 D cellinfo: onsignalStrengthsChanged: LTE Signal Strength info: rsrp: -76 rsrq: -11 rssi: -57 rssnr: 11
08-09 22:32:31.590 14987 14987 D cellinfo: Latitude is 40.6909909
08-09 22:32:31.590 14987 14987 D cellinfo: Longitude is -111.9517174
08-09 22:32:31.590 14987 14987 D cellinfo: Instantaneous GPS information: United States, 2240 W 3800 S, West Valley City, UT 84119, USA
08-09 22:32:31.590 14987 14987 D cellinfo: getCurrentLocation() result: Location (success): 40.6909909, -111.9517174
08-09 22:32:31.635 14987 14987 D cellinfo: onCellInfoChanged: Operator: Verizon Wireless UpdateTimestamp: 110629826 CellConnectionStatus: 1
08-09 22:32:31.635 14987 14987 D cellinfo: onCellInfoChanged: LTE Cell Bands: [13, 4] Bandwidth: 10000 Cell ID: 3176705 Physical Cell ID: 330 Tracking Area Code: 3072 EARFCN: 5230
08-09 22:32:31.680 14987 15039 D cellinfo: 46 bytes from 44.241.174.93: icmp_seq=12532 ttl=28 time=88.2 ms
08-09 22:32:31.899 14987 15039 D cellinfo: 46 bytes from 44.241.174.93: icmp_seq=12533 ttl=28 time=106 ms
08-09 22:32:32.090 14987 15039 D cellinfo: 46 bytes from 44.241.174.93: icmp_seq=12534 ttl=28 time=96.9 ms
08-09 22:32:32.281 14987 15039 D cellinfo: 46 bytes from 44.241.174.93: icmp_seq=12535 ttl=28 time=88.5 ms
08-09 22:32:32.490 14987 15039 D cellinfo: 46 bytes from 44.241.174.93: icmp_seq=12536 ttl=28 time=95.5 ms
08-09 22:32:32.695 14987 15039 D cellinfo: 46 bytes from 44.241.174.93: icmp_seq=12537 ttl=28 time=100 ms
08-09 22:32:32.891 14987 15039 D cellinfo: 46 bytes from 44.241.174.93: icmp_seq=12538 ttl=28 time=95.5 ms
08-09 22:32:33.092 14987 15039 D cellinfo: 46 bytes from 44.241.174.93: icmp_seq=12539 ttl=28 time=95.8 ms
08-09 22:32:33.292 14987 15039 D cellinfo: 46 bytes from 44.241.174.93: icmp_seq=12540 ttl=28 time=95.4 ms
08-09 22:32:33.493 14987 15039 D cellinfo: 46 bytes from 44.241.174.93: icmp_seq=12541 ttl=28 time=96.0 ms
08-09 22:32:33.692 14987 15039 D cellinfo: 46 bytes from 44.241.174.93: icmp_seq=12542 ttl=28 time=94.4 ms
08-09 22:32:33.890 14987 15039 D cellinfo: 46 bytes from 44.241.174.93: icmp_seq=12543 ttl=28 time=91.2 ms
08-09 22:32:34.090 14987 15039 D cellinfo: 46 bytes from 44.241.174.93: icmp_seq=12544 ttl=28 time=89.0 ms
08-09 22:32:34.291 14987 15039 D cellinfo: 46 bytes from 44.241.174.93: icmp_seq=12545 ttl=28 time=90.7 ms
08-09 22:32:34.492 14987 15039 D cellinfo: 46 bytes from 44.241.174.93: icmp_seq=12546 ttl=28 time=91.5 ms
08-09 22:32:34.692 14987 15039 D cellinfo: 46 bytes from 44.241.174.93: icmp_seq=12547 ttl=28 time=91.3 ms
08-09 22:32:34.799 14987 14987 D cellinfo: Latitude is 40.6921144
08-09 22:32:34.799 14987 14987 D cellinfo: Longitude is -111.9514294
08-09 22:32:34.799 14987 14987 D cellinfo: Instantaneous GPS information: United States, 3702 Lexington Park Dr, West Valley City, UT 84119, USA
08-09 22:32:34.799 14987 14987 D cellinfo: getCurrentLocation() result: Location (success): 40.6921144, -111.9514294
08-09 22:32:34.802 14987 14987 D cellinfo: onCellInfoChanged: Operator: Verizon Wireless UpdateTimestamp: 110632833 CellConnectionStatus: 1
08-09 22:32:34.802 14987 14987 D cellinfo: onCellInfoChanged: LTE Cell Bands: [13, 4] Bandwidth: 10000 Cell ID: 3176705 Physical Cell ID: 330 Tracking Area Code: 3072 EARFCN: 5230
08-09 22:32:34.898 14987 15039 D cellinfo: 46 bytes from 44.241.174.93: icmp_seq=12548 ttl=28 time=95.9 ms
08-09 22:32:35.090 14987 15039 D cellinfo: 46 bytes from 44.241.174.93: icmp_seq=12549 ttl=28 time=87.3 ms
08-09 22:32:35.300 14987 15039 D cellinfo: 46 bytes from 44.241.174.93: icmp_seq=12550 ttl=28 time=96.3 ms
08-09 22:32:35.501 14987 15039 D cellinfo: 46 bytes from 44.241.174.93: icmp_seq=12551 ttl=28 time=94.2 ms
08-09 22:32:35.565 14987 14987 D cellinfo: onsignalStrengthsChanged: LTE Signal Strength info: rsrp: -71 rsrq: -8 rssi: -53 rssnr: 17
08-09 22:32:35.699 14987 15039 D cellinfo: 46 bytes from 44.241.174.93: icmp_seq=12552 ttl=28 time=93.9 ms
08-09 22:32:35.899 14987 15039 D cellinfo: 46 bytes from 44.241.174.93: icmp_seq=12553 ttl=28 time=93.1 ms
08-09 22:32:36.100 14987 15039 D cellinfo: 46 bytes from 44.241.174.93: icmp_seq=12554 ttl=28 time=93.4 ms
08-09 22:32:36.299 14987 15039 D cellinfo: 46 bytes from 44.241.174.93: icmp_seq=12555 ttl=28 time=92.2 ms
08-09 22:32:36.500 14987 15039 D cellinfo: 46 bytes from 44.241.174.93: icmp_seq=12556 ttl=28 time=92.3 ms
08-09 22:32:36.699 14987 15039 D cellinfo: 46 bytes from 44.241.174.93: icmp_seq=12557 ttl=28 time=91.2 ms
08-09 22:32:36.899 14987 15039 D cellinfo: 46 bytes from 44.241.174.93: icmp_seq=12558 ttl=28 time=89.8 ms
08-09 22:32:37.100 14987 15039 D cellinfo: 46 bytes from 44.241.174.93: icmp_seq=12559 ttl=28 time=90.9 ms
08-09 22:32:37.300 14987 15039 D cellinfo: 46 bytes from 44.241.174.93: icmp_seq=12560 ttl=28 time=89.4 ms
08-09 22:32:37.500 14987 15039 D cellinfo: 46 bytes from 44.241.174.93: icmp_seq=12561 ttl=28 time=88.2 ms
08-09 22:32:37.699 14987 15039 D cellinfo: 46 bytes from 44.241.174.93: icmp_seq=12562 ttl=28 time=86.9 ms
08-09 22:32:37.792 14987 14987 D cellinfo: Latitude is 40.693905
08-09 22:32:37.792 14987 14987 D cellinfo: Longitude is -111.9507692
08-09 22:32:37.792 14987 14987 D cellinfo: Instantaneous GPS information: United States, 2310 W Orion Cir, West Valley City, UT 84119, USA
08-09 22:32:37.792 14987 14987 D cellinfo: getCurrentLocation() result: Location (success): 40.693905, -111.9507692
08-09 22:32:37.797 14987 14987 D cellinfo: onCellInfoChanged: Operator: Verizon Wireless UpdateTimestamp: 110635816 CellConnectionStatus: 1
08-09 22:32:37.797 14987 14987 D cellinfo: onCellInfoChanged: LTE Cell Bands: [13, 4] Bandwidth: 10000 Cell ID: 3176705 Physical Cell ID: 330 Tracking Area Code: 3072 EARFCN: 5230
08-09 22:32:37.899 14987 15039 D cellinfo: 46 bytes from 44.241.174.93: icmp_seq=12563 ttl=28 time=85.7 ms
08-09 22:32:38.125 14987 15039 D cellinfo: 46 bytes from 44.241.174.93: icmp_seq=12564 ttl=28 time=111 ms
08-09 22:32:38.318 14987 15039 D cellinfo: 46 bytes from 44.241.174.93: icmp_seq=12565 ttl=28 time=103 ms
08-09 22:32:38.518 14987 15039 D cellinfo: 46 bytes from 44.241.174.93: icmp_seq=12566 ttl=28 time=103 ms
08-09 22:32:38.710 14987 15039 D cellinfo: 46 bytes from 44.241.174.93: icmp_seq=12567 ttl=28 time=95.1 ms
08-09 22:32:38.919 14987 15039 D cellinfo: 46 bytes from 44.241.174.93: icmp_seq=12568 ttl=28 time=103 ms
08-09 22:32:39.110 14987 15039 D cellinfo: 46 bytes from 44.241.174.93: icmp_seq=12569 ttl=28 time=92.9 ms
08-09 22:32:39.311 14987 15039 D cellinfo: 46 bytes from 44.241.174.93: icmp_seq=12570 ttl=28 time=92.1 ms
