08-09 22:29:43.687 23352 23466 D cellinfo: 46 bytes from 44.241.174.93: icmp_seq=18146 ttl=26 time=98.5 ms
08-09 22:29:43.887 23352 23466 D cellinfo: 46 bytes from 44.241.174.93: icmp_seq=18147 ttl=26 time=96.8 ms
08-09 22:29:44.133 23352 23466 D cellinfo: 46 bytes from 44.241.174.93: icmp_seq=18148 ttl=26 time=141 ms
08-09 22:29:44.196 23352 23352 D cellinfo: onsignalStrengthsChanged: LTE Signal Strength info: rsrp: -82 rsrq: -15 rssi: -51 rssnr: -2
08-09 22:29:44.286 23352 23466 D cellinfo: 46 bytes from 44.241.174.93: icmp_seq=18149 ttl=26 time=95.7 ms
08-09 22:29:44.525 23352 23466 D cellinfo: 46 bytes from 44.241.174.93: icmp_seq=18150 ttl=26 time=133 ms
08-09 22:29:44.617 23352 23352 D cellinfo: onsignalStrengthsChanged: LTE Signal Strength info: rsrp: -85 rsrq: -15 rssi: -53 rssnr: -3
08-09 22:29:44.686 23352 23466 D cellinfo: 46 bytes from 44.241.174.93: icmp_seq=18151 ttl=26 time=94.0 ms
08-09 22:29:44.884 23352 23466 D cellinfo: 46 bytes from 44.241.174.93: icmp_seq=18152 ttl=26 time=91.8 ms
08-09 22:29:45.085 23352 23466 D cellinfo: 46 bytes from 44.241.174.93: icmp_seq=18153 ttl=26 time=91.9 ms
08-09 22:29:45.285 23352 23466 D cellinfo: 46 bytes from 44.241.174.93: icmp_seq=18154 ttl=26 time=91.8 ms
08-09 22:29:45.478 23352 23352 D cellinfo: onCellInfoChanged: Operator: AT&T...1 UpdateTimestamp: 110458215 CellConnectionStatus: 0
08-09 22:29:45.478 23352 23352 D cellinfo: onCellInfoChanged: LTE Cell Bands: [2] Bandwidth: 2147483647 Cell ID: 115741705 Physical Cell ID: 4 Tracking Area Code: 39181 EARFCN: 1100
08-09 22:29:45.486 23352 23466 D cellinfo: 46 bytes from 44.241.174.93: icmp_seq=18155 ttl=26 time=92.1 ms
08-09 22:29:45.688 23352 23466 D cellinfo: 46 bytes from 44.241.174.93: icmp_seq=18156 ttl=26 time=93.3 ms
08-09 22:29:45.924 23352 23466 D cellinfo: 46 bytes from 44.241.174.93: icmp_seq=18157 ttl=26 time=127 ms
08-09 22:29:46.124 23352 23466 D cellinfo: 46 bytes from 44.241.174.93: icmp_seq=18158 ttl=26 time=127 ms
08-09 22:29:46.284 23352 23466 D cellinfo: 46 bytes from 44.241.174.93: icmp_seq=18159 ttl=26 time=87.7 ms
08-09 22:29:46.495 23352 23466 D cellinfo: 46 bytes from 44.241.174.93: icmp_seq=18160 ttl=26 time=96.9 ms
08-09 22:29:46.698 23352 23466 D cellinfo: 46 bytes from 44.241.174.93: icmp_seq=18161 ttl=26 time=97.7 ms
08-09 22:29:46.887 23352 23466 D cellinfo: 46 bytes from 44.241.174.93: icmp_seq=18162 ttl=26 time=84.3 ms
08-09 22:29:47.094 23352 23352 D cellinfo: Latitude is 40.6452434
08-09 22:29:47.094 23352 23352 D cellinfo: Longitude is -111.9448761
08-09 22:29:47.094 23352 23352 D cellinfo: Instantaneous GPS information: United States, 2052 Farm Ridge Rd, Taylorsville, UT 84129, USA
08-09 22:29:47.094 23352 23352 D cellinfo: getCurrentLocation() result: Location (success): 40.6452434, -111.9448761
08-09 22:29:47.097 23352 23352 D cellinfo: onsignalStrengthsChanged: LTE Signal Strength info: rsrp: -87 rsrq: -16 rssi: -51 rssnr: -3
08-09 22:29:47.125 23352 23466 D cellinfo: 46 bytes from 44.241.174.93: icmp_seq=18163 ttl=26 time=120 ms
08-09 22:29:47.326 23352 23466 D cellinfo: 46 bytes from 44.241.174.93: icmp_seq=18164 ttl=26 time=119 ms
08-09 22:29:47.497 23352 23466 D cellinfo: 46 bytes from 44.241.174.93: icmp_seq=18165 ttl=26 time=90.0 ms
08-09 22:29:47.712 23352 23466 D cellinfo: 46 bytes from 44.241.174.93: icmp_seq=18166 ttl=26 time=104 ms
08-09 22:29:47.925 23352 23466 D cellinfo: 46 bytes from 44.241.174.93: icmp_seq=18167 ttl=26 time=117 ms
08-09 22:29:48.124 23352 23466 D cellinfo: 46 bytes from 44.241.174.93: icmp_seq=18168 ttl=26 time=116 ms
08-09 22:29:48.324 23352 23466 D cellinfo: 46 bytes from 44.241.174.93: icmp_seq=18169 ttl=26 time=115 ms
08-09 22:29:48.437 23352 23352 D cellinfo: Latitude is 40.6452434
08-09 22:29:48.438 23352 23352 D cellinfo: Longitude is -111.9448761
08-09 22:29:48.438 23352 23352 D cellinfo: Instantaneous GPS information: United States, 2052 Farm Ridge Rd, Taylorsville, UT 84129, USA
08-09 22:29:48.438 23352 23352 D cellinfo: getCurrentLocation() result: Location (success): 40.6452434, -111.9448761
08-09 22:29:48.500 23352 23352 D cellinfo: onCellInfoChanged: Operator: AT&T...1 UpdateTimestamp: 110461234 CellConnectionStatus: 0
08-09 22:29:48.500 23352 23352 D cellinfo: onCellInfoChanged: LTE Cell Bands: [2] Bandwidth: 2147483647 Cell ID: 115741705 Physical Cell ID: 4 Tracking Area Code: 39181 EARFCN: 1100
08-09 22:29:48.524 23352 23466 D cellinfo: 46 bytes from 44.241.174.93: icmp_seq=18170 ttl=26 time=114 ms
08-09 22:29:48.717 23352 23466 D cellinfo: 46 bytes from 44.241.174.93: icmp_seq=18171 ttl=26 time=102 ms
08-09 22:29:48.934 23352 23466 D cellinfo: 46 bytes from 44.241.174.93: icmp_seq=18172 ttl=26 time=120 ms
08-09 22:29:49.095 23352 23352 D cellinfo: onsignalStrengthsChanged: LTE Signal Strength info: rsrp: -88 rsrq: -16 rssi: -53 rssnr: -3
08-09 22:29:49.113 23352 23466 D cellinfo: 46 bytes from 44.241.174.93: icmp_seq=18173 ttl=26 time=96.9 ms
08-09 22:29:49.325 23352 23466 D cellinfo: 46 bytes from 44.241.174.93: icmp_seq=18174 ttl=26 time=107 ms
08-09 22:29:49.527 23352 23466 D cellinfo: 46 bytes from 44.241.174.93: icmp_seq=18175 ttl=26 time=107 ms
08-09 22:29:49.724 23352 23466 D cellinfo: 46 bytes from 44.241.174.93: icmp_seq=18176 ttl=26 time=106 ms
08-09 22:29:49.926 23352 23466 D cellinfo: 46 bytes from 44.241.174.93: icmp_seq=18177 ttl=26 time=107 ms
08-09 22:29:50.124 23352 23466 D cellinfo: 46 bytes from 44.241.174.93: icmp_seq=18178 ttl=26 time=105 ms
08-09 22:29:50.325 23352 23466 D cellinfo: 46 bytes from 44.241.174.93: icmp_seq=18179 ttl=26 time=104 ms
08-09 22:29:50.525 23352 23466 D cellinfo: 46 bytes from 44.241.174.93: icmp_seq=18180 ttl=26 time=102 ms
08-09 22:29:50.725 23352 23466 D cellinfo: 46 bytes from 44.241.174.93: icmp_seq=18181 ttl=26 time=101 ms
08-09 22:29:50.924 23352 23466 D cellinfo: 46 bytes from 44.241.174.93: icmp_seq=18182 ttl=26 time=100 ms
08-09 22:29:51.126 23352 23466 D cellinfo: 46 bytes from 44.241.174.93: icmp_seq=18183 ttl=26 time=98.5 ms
08-09 22:29:51.324 23352 23466 D cellinfo: 46 bytes from 44.241.174.93: icmp_seq=18184 ttl=26 time=97.4 ms
08-09 22:29:51.437 23352 23352 D cellinfo: Latitude is 40.6452434
08-09 22:29:51.437 23352 23352 D cellinfo: Longitude is -111.9448761
08-09 22:29:51.437 23352 23352 D cellinfo: Instantaneous GPS information: United States, 2052 Farm Ridge Rd, Taylorsville, UT 84129, USA
08-09 22:29:51.437 23352 23352 D cellinfo: getCurrentLocation() result: Location (success): 40.6452434, -111.9448761
08-09 22:29:51.482 23352 23352 D cellinfo: onCellInfoChanged: Operator: AT&T...1 UpdateTimestamp: 110464217 CellConnectionStatus: 0
08-09 22:29:51.482 23352 23352 D cellinfo: onCellInfoChanged: LTE Cell Bands: [2] Bandwidth: 2147483647 Cell ID: 115741705 Physical Cell ID: 4 Tracking Area Code: 39181 EARFCN: 1100
08-09 22:29:51.525 23352 23466 D cellinfo: 46 bytes from 44.241.174.93: icmp_seq=18185 ttl=26 time=95.6 ms
08-09 22:29:51.715 23352 23466 D cellinfo: 46 bytes from 44.241.174.93: icmp_seq=18186 ttl=26 time=84.7 ms
08-09 22:29:51.925 23352 23466 D cellinfo: 46 bytes from 44.241.174.93: icmp_seq=18187 ttl=26 time=92.3 ms
08-09 22:29:52.165 23352 23466 D cellinfo: 46 bytes from 44.241.174.93: icmp_seq=18188 ttl=26 time=131 ms
08-09 22:29:52.328 23352 23466 D cellinfo: 46 bytes from 44.241.174.93: icmp_seq=18189 ttl=26 time=92.7 ms
08-09 22:29:52.565 23352 23466 D cellinfo: 46 bytes from 44.241.174.93: icmp_seq=18190 ttl=26 time=129 ms
08-09 22:29:52.765 23352 23466 D cellinfo: 46 bytes from 44.241.174.93: icmp_seq=18191 ttl=26 time=128 ms
08-09 22:29:52.965 23352 23466 D cellinfo: 46 bytes from 44.241.174.93: icmp_seq=18192 ttl=26 time=126 ms
08-09 22:29:53.166 23352 23466 D cellinfo: 46 bytes from 44.241.174.93: icmp_seq=18193 ttl=26 time=126 ms
08-09 22:29:53.365 23352 23466 D cellinfo: 46 bytes from 44.241.174.93: icmp_seq=18194 ttl=26 time=123 ms
08-09 22:29:53.567 23352 23466 D cellinfo: 46 bytes from 44.241.174.93: icmp_seq=18195 ttl=26 time=124 ms
08-09 22:29:53.765 23352 23466 D cellinfo: 46 bytes from 44.241.174.93: icmp_seq=18196 ttl=26 time=121 ms
08-09 22:29:53.966 23352 23466 D cellinfo: 46 bytes from 44.241.174.93: icmp_seq=18197 ttl=26 time=120 ms
08-09 22:29:54.167 23352 23466 D cellinfo: 46 bytes from 44.241.174.93: icmp_seq=18198 ttl=26 time=119 ms
08-09 22:29:54.366 23352 23466 D cellinfo: 46 bytes from 44.241.174.93: icmp_seq=18199 ttl=26 time=116 ms
08-09 22:29:54.441 23352 23352 D cellinfo: Latitude is 40.6452434
08-09 22:29:54.441 23352 23352 D cellinfo: Longitude is -111.9448761
08-09 22:29:54.441 23352 23352 D cellinfo: Instantaneous GPS information: United States, 2052 Farm Ridge Rd, Taylorsville, UT 84129, USA
08-09 22:29:54.441 23352 23352 D cellinfo: getCurrentLocation() result: Location (success): 40.6452434, -111.9448761
08-09 22:29:54.494 23352 23352 D cellinfo: onCellInfoChanged: Operator: AT&T...1 UpdateTimestamp: 110467232 CellConnectionStatus: 0
08-09 22:29:54.494 23352 23352 D cellinfo: onCellInfoChanged: LTE Cell Bands: [2] Bandwidth: 2147483647 Cell ID: 115741705 Physical Cell ID: 4 Tracking Area Code: 39181 EARFCN: 1100
08-09 22:29:54.567 23352 23466 D cellinfo: 46 bytes from 44.241.174.93: icmp_seq=18200 ttl=26 time=117 ms
08-09 22:29:54.765 23352 23466 D cellinfo: 46 bytes from 44.241.174.93: icmp_seq=18201 ttl=26 time=115 ms
08-09 22:29:54.965 23352 23466 D cellinfo: 46 bytes from 44.241.174.93: icmp_seq=18202 ttl=26 time=114 ms
08-09 22:29:55.167 23352 23466 D cellinfo: 46 bytes from 44.241.174.93: icmp_seq=18203 ttl=26 time=114 ms
08-09 22:29:55.365 23352 23466 D cellinfo: 46 bytes from 44.241.174.93: icmp_seq=18204 ttl=26 time=111 ms
08-09 22:29:55.566 23352 23466 D cellinfo: 46 bytes from 44.241.174.93: icmp_seq=18205 ttl=26 time=110 ms
08-09 22:29:55.764 23352 23466 D cellinfo: 46 bytes from 44.241.174.93: icmp_seq=18206 ttl=26 time=108 ms
08-09 22:29:55.962 23352 23466 D cellinfo: 46 bytes from 44.241.174.93: icmp_seq=18207 ttl=26 time=105 ms
08-09 22:29:56.165 23352 23466 D cellinfo: 46 bytes from 44.241.174.93: icmp_seq=18208 ttl=26 time=108 ms
08-09 22:29:56.199 23352 23352 D cellinfo: onsignalStrengthsChanged: LTE Signal Strength info: rsrp: -92 rsrq: -16 rssi: -63 rssnr: -3
08-09 22:29:56.365 23352 23466 D cellinfo: 46 bytes from 44.241.174.93: icmp_seq=18209 ttl=26 time=106 ms
08-09 22:29:56.565 23352 23466 D cellinfo: 46 bytes from 44.241.174.93: icmp_seq=18210 ttl=26 time=104 ms
08-09 22:29:56.764 23352 23466 D cellinfo: 46 bytes from 44.241.174.93: icmp_seq=18211 ttl=26 time=103 ms
08-09 22:29:56.978 23352 23466 D cellinfo: 46 bytes from 44.241.174.93: icmp_seq=18212 ttl=26 time=115 ms
08-09 22:29:57.166 23352 23466 D cellinfo: 46 bytes from 44.241.174.93: icmp_seq=18213 ttl=26 time=101 ms
08-09 22:29:57.364 23352 23466 D cellinfo: 46 bytes from 44.241.174.93: icmp_seq=18214 ttl=26 time=100 ms
08-09 22:29:57.490 23352 23352 D cellinfo: onCellInfoChanged: Operator: AT&T...1 UpdateTimestamp: 110470227 CellConnectionStatus: 0
08-09 22:29:57.490 23352 23352 D cellinfo: onCellInfoChanged: LTE Cell Bands: [2] Bandwidth: 2147483647 Cell ID: 115741705 Physical Cell ID: 4 Tracking Area Code: 39181 EARFCN: 1100
08-09 22:29:57.566 23352 23466 D cellinfo: 46 bytes from 44.241.174.93: icmp_seq=18215 ttl=26 time=101 ms
08-09 22:29:57.766 23352 23466 D cellinfo: 46 bytes from 44.241.174.93: icmp_seq=18216 ttl=26 time=99.3 ms
08-09 22:29:57.965 23352 23466 D cellinfo: 46 bytes from 44.241.174.93: icmp_seq=18217 ttl=26 time=97.8 ms
08-09 22:29:58.165 23352 23466 D cellinfo: 46 bytes from 44.241.174.93: icmp_seq=18218 ttl=26 time=97.6 ms
08-09 22:29:58.364 23352 23466 D cellinfo: 46 bytes from 44.241.174.93: icmp_seq=18219 ttl=26 time=95.8 ms
08-09 22:29:58.566 23352 23466 D cellinfo: 46 bytes from 44.241.174.93: icmp_seq=18220 ttl=26 time=95.7 ms
08-09 22:29:58.766 23352 23466 D cellinfo: 46 bytes from 44.241.174.93: icmp_seq=18221 ttl=26 time=93.9 ms
08-09 22:29:58.965 23352 23466 D cellinfo: 46 bytes from 44.241.174.93: icmp_seq=18222 ttl=26 time=94.6 ms
08-09 22:29:59.206 23352 23466 D cellinfo: 46 bytes from 44.241.174.93: icmp_seq=18223 ttl=26 time=132 ms
08-09 22:29:59.367 23352 23466 D cellinfo: 46 bytes from 44.241.174.93: icmp_seq=18224 ttl=26 time=92.0 ms
08-09 22:29:59.564 23352 23466 D cellinfo: 46 bytes from 44.241.174.93: icmp_seq=18225 ttl=26 time=88.7 ms
08-09 22:29:59.805 23352 23466 D cellinfo: 46 bytes from 44.241.174.93: icmp_seq=18226 ttl=26 time=127 ms
08-09 22:30:00.004 23352 23466 D cellinfo: 46 bytes from 44.241.174.93: icmp_seq=18227 ttl=26 time=126 ms
08-09 22:30:00.179 23352 23466 D cellinfo: 46 bytes from 44.241.174.93: icmp_seq=18228 ttl=26 time=98.4 ms
08-09 22:30:00.379 23352 23466 D cellinfo: 46 bytes from 44.241.174.93: icmp_seq=18229 ttl=26 time=96.3 ms
08-09 22:30:00.604 23352 23466 D cellinfo: 46 bytes from 44.241.174.93: icmp_seq=18230 ttl=26 time=121 ms
08-09 22:30:00.653 23352 23352 D cellinfo: Latitude is 40.6476087
08-09 22:30:00.653 23352 23352 D cellinfo: Longitude is -111.9494234
08-09 22:30:00.653 23352 23352 D cellinfo: Instantaneous GPS information: United States, 2239 Capitol Reef Dr, Salt Lake City, UT 84118, USA
08-09 22:30:00.653 23352 23352 D cellinfo: getCurrentLocation() result: Location (success): 40.6476087, -111.9494234
08-09 22:30:00.655 23352 23352 D cellinfo: onCellInfoChanged: Operator: AT&T...1 UpdateTimestamp: 110473287 CellConnectionStatus: 0
08-09 22:30:00.655 23352 23352 D cellinfo: onCellInfoChanged: LTE Cell Bands: [2] Bandwidth: 2147483647 Cell ID: 115741705 Physical Cell ID: 4 Tracking Area Code: 39181 EARFCN: 1100
08-09 22:30:00.662 23352 23352 D cellinfo: Latitude is 40.6476087
08-09 22:30:00.662 23352 23352 D cellinfo: Longitude is -111.9494234
08-09 22:30:00.662 23352 23352 D cellinfo: Instantaneous GPS information: United States, 2239 Capitol Reef Dr, Salt Lake City, UT 84118, USA
08-09 22:30:00.662 23352 23352 D cellinfo: getCurrentLocation() result: Location (success): 40.6476087, -111.9494234
08-09 22:30:00.769 23352 23466 D cellinfo: 46 bytes from 44.241.174.93: icmp_seq=18231 ttl=26 time=85.6 ms
08-09 22:30:01.005 23352 23466 D cellinfo: 46 bytes from 44.241.174.93: icmp_seq=18232 ttl=26 time=120 ms
08-09 22:30:01.204 23352 23466 D cellinfo: 46 bytes from 44.241.174.93: icmp_seq=18233 ttl=26 time=120 ms
08-09 22:30:01.405 23352 23466 D cellinfo: 46 bytes from 44.241.174.93: icmp_seq=18234 ttl=26 time=120 ms
08-09 22:30:01.605 23352 23466 D cellinfo: 46 bytes from 44.241.174.93: icmp_seq=18235 ttl=26 time=119 ms
08-09 22:30:01.775 23352 23466 D cellinfo: 46 bytes from 44.241.174.93: icmp_seq=18236 ttl=26 time=88.8 ms
08-09 22:30:01.974 23352 23466 D cellinfo: 46 bytes from 44.241.174.93: icmp_seq=18237 ttl=26 time=87.0 ms
08-09 22:30:02.200 23352 23352 D cellinfo: onsignalStrengthsChanged: LTE Signal Strength info: rsrp: -100 rsrq: -18 rssi: -65 rssnr: -6
08-09 22:30:02.287 23352 23466 D cellinfo: 46 bytes from 44.241.174.93: icmp_seq=18238 ttl=26 time=198 ms
08-09 22:30:02.446 23352 23466 D cellinfo: 46 bytes from 44.241.174.93: icmp_seq=18239 ttl=26 time=156 ms
08-09 22:30:02.533 23352 23352 D cellinfo: onsignalStrengthsChanged: LTE Signal Strength info: rsrp: -102 rsrq: -19 rssi: -61 rssnr: -7
08-09 22:30:02.605 23352 23466 D cellinfo: 46 bytes from 44.241.174.93: icmp_seq=18240 ttl=26 time=116 ms
08-09 22:30:02.785 23352 23466 D cellinfo: 46 bytes from 44.241.174.93: icmp_seq=18241 ttl=26 time=97.2 ms
08-09 22:30:03.005 23352 23352 D cellinfo: onCellInfoChanged: Operator: AT&T...1 UpdateTimestamp: 110475740 CellConnectionStatus: 0
08-09 22:30:03.005 23352 23352 D cellinfo: onCellInfoChanged: LTE Cell Bands: [2] Bandwidth: 2147483647 Cell ID: 115716874 Physical Cell ID: 41 Tracking Area Code: 39173 EARFCN: 1100
08-09 22:30:03.011 23352 23466 D cellinfo: 46 bytes from 44.241.174.93: icmp_seq=18242 ttl=26 time=121 ms
08-09 22:30:03.032 23352 23352 D cellinfo: onServiceStateChanged: Channel Number: 1100 Cell Bandwidths: []
08-09 22:30:03.205 23352 23466 D cellinfo: 46 bytes from 44.241.174.93: icmp_seq=18243 ttl=26 time=115 ms
08-09 22:30:03.435 23352 23352 D cellinfo: Latitude is 40.6476087
08-09 22:30:03.435 23352 23352 D cellinfo: Longitude is -111.9494234
08-09 22:30:03.435 23352 23352 D cellinfo: Instantaneous GPS information: United States, 2239 Capitol Reef Dr, Salt Lake City, UT 84118, USA
08-09 22:30:03.435 23352 23352 D cellinfo: getCurrentLocation() result: Location (success): 40.6476087, -111.9494234
08-09 22:30:03.445 23352 23466 D cellinfo: 46 bytes from 44.241.174.93: icmp_seq=18244 ttl=26 time=154 ms
08-09 22:30:03.478 23352 23352 D cellinfo: onCellInfoChanged: Operator: AT&T...1 UpdateTimestamp: 110476211 CellConnectionStatus: 0
08-09 22:30:03.478 23352 23352 D cellinfo: onCellInfoChanged: LTE Cell Bands: [2] Bandwidth: 2147483647 Cell ID: 115716874 Physical Cell ID: 41 Tracking Area Code: 39173 EARFCN: 1100
08-09 22:30:03.606 23352 23466 D cellinfo: 46 bytes from 44.241.174.93: icmp_seq=18245 ttl=26 time=115 ms
08-09 22:30:03.805 23352 23466 D cellinfo: 46 bytes from 44.241.174.93: icmp_seq=18246 ttl=26 time=114 ms
08-09 22:30:04.039 23352 23466 D cellinfo: 46 bytes from 44.241.174.93: icmp_seq=18247 ttl=26 time=148 ms
08-09 22:30:04.182 23352 23466 D cellinfo: 46 bytes from 44.241.174.93: icmp_seq=18248 ttl=26 time=90.4 ms
08-09 22:30:04.415 23352 23466 D cellinfo: 46 bytes from 44.241.174.93: icmp_seq=18249 ttl=26 time=124 ms
08-09 22:30:04.608 23352 23466 D cellinfo: 46 bytes from 44.241.174.93: icmp_seq=18250 ttl=26 time=116 ms
08-09 22:30:04.814 23352 23466 D cellinfo: 46 bytes from 44.241.174.93: icmp_seq=18251 ttl=26 time=121 ms
08-09 22:30:05.014 23352 23466 D cellinfo: 46 bytes from 44.241.174.93: icmp_seq=18252 ttl=26 time=120 ms
08-09 22:30:05.215 23352 23466 D cellinfo: 46 bytes from 44.241.174.93: icmp_seq=18253 ttl=26 time=121 ms
08-09 22:30:05.415 23352 23466 D cellinfo: 46 bytes from 44.241.174.93: icmp_seq=18254 ttl=26 time=120 ms
08-09 22:30:05.589 23352 23466 D cellinfo: 46 bytes from 44.241.174.93: icmp_seq=18255 ttl=26 time=94.8 ms
08-09 22:30:05.818 23352 23466 D cellinfo: 46 bytes from 44.241.174.93: icmp_seq=18256 ttl=26 time=123 ms
08-09 22:30:06.014 23352 23466 D cellinfo: 46 bytes from 44.241.174.93: icmp_seq=18257 ttl=26 time=116 ms
08-09 22:30:06.061 23352 23352 D cellinfo: onCellInfoChanged: Operator: AT&T...1 UpdateTimestamp: 110478795 CellConnectionStatus: 0
08-09 22:30:06.061 23352 23352 D cellinfo: onCellInfoChanged: LTE Cell Bands: [2] Bandwidth: 2147483647 Cell ID: 115720713 Physical Cell ID: 151 Tracking Area Code: 39181 EARFCN: 1100
08-09 22:30:06.214 23352 23466 D cellinfo: 46 bytes from 44.241.174.93: icmp_seq=18258 ttl=26 time=117 ms
08-09 22:30:06.417 23352 23466 D cellinfo: 46 bytes from 44.241.174.93: icmp_seq=18259 ttl=26 time=118 ms
08-09 22:30:06.436 23352 23352 D cellinfo: Latitude is 40.6476087
08-09 22:30:06.436 23352 23352 D cellinfo: Longitude is -111.9494234
08-09 22:30:06.436 23352 23352 D cellinfo: Instantaneous GPS information: United States, 2239 Capitol Reef Dr, Salt Lake City, UT 84118, USA
08-09 22:30:06.436 23352 23352 D cellinfo: getCurrentLocation() result: Location (success): 40.6476087, -111.9494234
08-09 22:30:06.614 23352 23466 D cellinfo: 46 bytes from 44.241.174.93: icmp_seq=18260 ttl=26 time=115 ms
08-09 22:30:06.814 23352 23466 D cellinfo: 46 bytes from 44.241.174.93: icmp_seq=18261 ttl=26 time=115 ms
08-09 22:30:07.015 23352 23352 D cellinfo: onsignalStrengthsChanged: LTE Signal Strength info: rsrp: -102 rsrq: -17 rssi: -67 rssnr: -6
08-09 22:30:07.015 23352 23466 D cellinfo: 46 bytes from 44.241.174.93: icmp_seq=18262 ttl=26 time=115 ms
08-09 22:30:07.214 23352 23466 D cellinfo: 46 bytes from 44.241.174.93: icmp_seq=18263 ttl=26 time=115 ms
08-09 22:30:07.230 23352 23352 D cellinfo: onCellInfoChanged: Operator: AT&T...1 UpdateTimestamp: 110479954 CellConnectionStatus: 0
08-09 22:30:07.230 23352 23352 D cellinfo: onCellInfoChanged: LTE Cell Bands: [2] Bandwidth: 2147483647 Cell ID: 115720713 Physical Cell ID: 151 Tracking Area Code: 39181 EARFCN: 1100
08-09 22:30:07.246 23352 23352 D cellinfo: onServiceStateChanged: Channel Number: 1100 Cell Bandwidths: []
08-09 22:30:07.415 23352 23466 D cellinfo: 46 bytes from 44.241.174.93: icmp_seq=18264 ttl=26 time=115 ms
08-09 22:30:07.614 23352 23466 D cellinfo: 46 bytes from 44.241.174.93: icmp_seq=18265 ttl=26 time=114 ms
08-09 22:30:07.816 23352 23466 D cellinfo: 46 bytes from 44.241.174.93: icmp_seq=18266 ttl=26 time=115 ms
08-09 22:30:08.009 23352 23466 D cellinfo: 46 bytes from 44.241.174.93: icmp_seq=18267 ttl=26 time=106 ms
08-09 22:30:08.199 23352 23352 D cellinfo: onsignalStrengthsChanged: LTE Signal Strength info: rsrp: -101 rsrq: -16 rssi: -61 rssnr: -4
08-09 22:30:08.214 23352 23466 D cellinfo: 46 bytes from 44.241.174.93: icmp_seq=18268 ttl=26 time=113 ms
08-09 22:30:08.415 23352 23466 D cellinfo: 46 bytes from 44.241.174.93: icmp_seq=18269 ttl=26 time=113 ms
08-09 22:30:08.614 23352 23466 D cellinfo: 46 bytes from 44.241.174.93: icmp_seq=18270 ttl=26 time=111 ms
08-09 22:30:08.815 23352 23466 D cellinfo: 46 bytes from 44.241.174.93: icmp_seq=18271 ttl=26 time=113 ms
08-09 22:30:09.013 23352 23466 D cellinfo: 46 bytes from 44.241.174.93: icmp_seq=18272 ttl=26 time=110 ms
08-09 22:30:09.214 23352 23466 D cellinfo: 46 bytes from 44.241.174.93: icmp_seq=18273 ttl=26 time=111 ms
08-09 22:30:09.254 23352 23352 D cellinfo: onsignalStrengthsChanged: LTE Signal Strength info: rsrp: -101 rsrq: -15 rssi: -67 rssnr: -4
08-09 22:30:09.414 23352 23466 D cellinfo: 46 bytes from 44.241.174.93: icmp_seq=18274 ttl=26 time=110 ms
08-09 22:30:09.437 23352 23352 D cellinfo: Latitude is 40.6476087
08-09 22:30:09.437 23352 23352 D cellinfo: Longitude is -111.9494234
08-09 22:30:09.437 23352 23352 D cellinfo: Instantaneous GPS information: United States, 2239 Capitol Reef Dr, Salt Lake City, UT 84118, USA
08-09 22:30:09.437 23352 23352 D cellinfo: getCurrentLocation() result: Location (success): 40.6476087, -111.9494234
08-09 22:30:09.459 23352 23352 D cellinfo: onCellInfoChanged: Operator: AT&T...1 UpdateTimestamp: 110482198 CellConnectionStatus: 0
08-09 22:30:09.459 23352 23352 D cellinfo: onCellInfoChanged: LTE Cell Bands: [2] Bandwidth: 2147483647 Cell ID: 115720713 Physical Cell ID: 151 Tracking Area Code: 39181 EARFCN: 1100
08-09 22:30:09.614 23352 23466 D cellinfo: 46 bytes from 44.241.174.93: icmp_seq=18275 ttl=26 time=109 ms
08-09 22:30:09.814 23352 23466 D cellinfo: 46 bytes from 44.241.174.93: icmp_seq=18276 ttl=26 time=108 ms
08-09 22:30:10.064 23352 23466 D cellinfo: 46 bytes from 44.241.174.93: icmp_seq=18277 ttl=26 time=156 ms
08-09 22:30:10.217 23352 23466 D cellinfo: 46 bytes from 44.241.174.93: icmp_seq=18278 ttl=26 time=107 ms
08-09 22:30:10.456 23352 23466 D cellinfo: 46 bytes from 44.241.174.93: icmp_seq=18279 ttl=26 time=145 ms
08-09 22:30:10.615 23352 23466 D cellinfo: 46 bytes from 44.241.174.93: icmp_seq=18280 ttl=26 time=103 ms
08-09 22:30:10.819 23352 23466 D cellinfo: 46 bytes from 44.241.174.93: icmp_seq=18281 ttl=26 time=106 ms
08-09 22:30:11.015 23352 23466 D cellinfo: 46 bytes from 44.241.174.93: icmp_seq=18282 ttl=26 time=101 ms
08-09 22:30:11.215 23352 23466 D cellinfo: 46 bytes from 44.241.174.93: icmp_seq=18283 ttl=26 time=101 ms
08-09 22:30:11.455 23352 23466 D cellinfo: 46 bytes from 44.241.174.93: icmp_seq=18284 ttl=26 time=139 ms
08-09 22:30:11.495 23352 23352 D cellinfo: onsignalStrengthsChanged: LTE Signal Strength info: rsrp: -100 rsrq: -15 rssi: -63 rssnr: -3
08-09 22:30:11.614 23352 23466 D cellinfo: 46 bytes from 44.241.174.93: icmp_seq=18285 ttl=26 time=98.6 ms
08-09 22:30:11.814 23352 23466 D cellinfo: 46 bytes from 44.241.174.93: icmp_seq=18286 ttl=26 time=97.5 ms
08-09 22:30:12.029 23352 23466 D cellinfo: 46 bytes from 44.241.174.93: icmp_seq=18287 ttl=26 time=110 ms
08-09 22:30:12.220 23352 23466 D cellinfo: 46 bytes from 44.241.174.93: icmp_seq=18288 ttl=26 time=101 ms
08-09 22:30:12.419 23352 23466 D cellinfo: 46 bytes from 44.241.174.93: icmp_seq=18289 ttl=26 time=100 ms
08-09 22:30:12.474 23352 23352 D cellinfo: onCellInfoChanged: Operator: AT&T...1 UpdateTimestamp: 110485211 CellConnectionStatus: 0
08-09 22:30:12.474 23352 23352 D cellinfo: onCellInfoChanged: LTE Cell Bands: [2] Bandwidth: 2147483647 Cell ID: 115720713 Physical Cell ID: 151 Tracking Area Code: 39181 EARFCN: 1100
08-09 22:30:12.619 23352 23466 D cellinfo: 46 bytes from 44.241.174.93: icmp_seq=18290 ttl=26 time=98.5 ms
08-09 22:30:12.819 23352 23466 D cellinfo: 46 bytes from 44.241.174.93: icmp_seq=18291 ttl=26 time=97.0 ms
08-09 22:30:13.063 23352 23466 D cellinfo: 46 bytes from 44.241.174.93: icmp_seq=18292 ttl=26 time=140 ms
08-09 22:30:13.257 23352 23466 D cellinfo: 46 bytes from 44.241.174.93: icmp_seq=18293 ttl=26 time=132 ms
08-09 22:30:13.419 23352 23466 D cellinfo: 46 bytes from 44.241.174.93: icmp_seq=18294 ttl=26 time=96.3 ms
08-09 22:30:13.620 23352 23466 D cellinfo: 46 bytes from 44.241.174.93: icmp_seq=18295 ttl=26 time=94.8 ms
08-09 22:30:13.737 23352 23352 D cellinfo: onsignalStrengthsChanged: LTE Signal Strength info: rsrp: -100 rsrq: -15 rssi: -61 rssnr: -2
08-09 22:30:13.821 23352 23466 D cellinfo: 46 bytes from 44.241.174.93: icmp_seq=18296 ttl=26 time=93.8 ms
08-09 22:30:14.030 23352 23466 D cellinfo: 46 bytes from 44.241.174.93: icmp_seq=18297 ttl=26 time=100 ms
08-09 22:30:14.221 23352 23466 D cellinfo: 46 bytes from 44.241.174.93: icmp_seq=18298 ttl=26 time=89.7 ms
08-09 22:30:14.432 23352 23466 D cellinfo: 46 bytes from 44.241.174.93: icmp_seq=18299 ttl=26 time=98.8 ms
08-09 22:30:14.505 23352 23352 D cellinfo: Latitude is 40.651136
08-09 22:30:14.505 23352 23352 D cellinfo: Longitude is -111.9509562
08-09 22:30:14.505 23352 23352 D cellinfo: Instantaneous GPS information: United States, 5510 Capitol Reef Dr, Taylorsville, UT 84129, USA
08-09 22:30:14.505 23352 23352 D cellinfo: getCurrentLocation() result: Location (success): 40.651136, -111.9509562
08-09 22:30:14.665 23352 23466 D cellinfo: 46 bytes from 44.241.174.93: icmp_seq=18300 ttl=26 time=132 ms
08-09 22:30:14.860 23352 23466 D cellinfo: 46 bytes from 44.241.174.93: icmp_seq=18301 ttl=26 time=126 ms
08-09 22:30:15.059 23352 23466 D cellinfo: 46 bytes from 44.241.174.93: icmp_seq=18302 ttl=26 time=122 ms
08-09 22:30:15.256 23352 23466 D cellinfo: 46 bytes from 44.241.174.93: icmp_seq=18303 ttl=26 time=119 ms
08-09 22:30:15.433 23352 23352 D cellinfo: Latitude is 40.651136
08-09 22:30:15.433 23352 23352 D cellinfo: Longitude is -111.9509562
08-09 22:30:15.433 23352 23352 D cellinfo: Instantaneous GPS information: United States, 5510 Capitol Reef Dr, Taylorsville, UT 84129, USA
08-09 22:30:15.433 23352 23352 D cellinfo: getCurrentLocation() result: Location (success): 40.651136, -111.9509562
08-09 22:30:15.481 23352 23352 D cellinfo: onCellInfoChanged: Operator: AT&T...1 UpdateTimestamp: 110488219 CellConnectionStatus: 0
08-09 22:30:15.481 23352 23352 D cellinfo: onCellInfoChanged: LTE Cell Bands: [2] Bandwidth: 2147483647 Cell ID: 115720713 Physical Cell ID: 151 Tracking Area Code: 39181 EARFCN: 1100
08-09 22:30:15.534 23352 23466 D cellinfo: 46 bytes from 44.241.174.93: icmp_seq=18304 ttl=26 time=199 ms
08-09 22:30:15.655 23352 23466 D cellinfo: 46 bytes from 44.241.174.93: icmp_seq=18305 ttl=26 time=118 ms
08-09 22:30:15.855 23352 23466 D cellinfo: 46 bytes from 44.241.174.93: icmp_seq=18306 ttl=26 time=118 ms
08-09 22:30:16.056 23352 23466 D cellinfo: 46 bytes from 44.241.174.93: icmp_seq=18307 ttl=26 time=119 ms
08-09 22:30:16.234 23352 23466 D cellinfo: 46 bytes from 44.241.174.93: icmp_seq=18308 ttl=26 time=98.8 ms
08-09 22:30:16.456 23352 23466 D cellinfo: 46 bytes from 44.241.174.93: icmp_seq=18309 ttl=26 time=118 ms
08-09 22:30:16.655 23352 23466 D cellinfo: 46 bytes from 44.241.174.93: icmp_seq=18310 ttl=26 time=117 ms
08-09 22:30:16.862 23352 23466 D cellinfo: 46 bytes from 44.241.174.93: icmp_seq=18311 ttl=26 time=123 ms
08-09 22:30:17.056 23352 23466 D cellinfo: 46 bytes from 44.241.174.93: icmp_seq=18312 ttl=26 time=115 ms
08-09 22:30:17.255 23352 23466 D cellinfo: 46 bytes from 44.241.174.93: icmp_seq=18313 ttl=26 time=114 ms
08-09 22:30:17.455 23352 23466 D cellinfo: 46 bytes from 44.241.174.93: icmp_seq=18314 ttl=26 time=114 ms
08-09 22:30:17.656 23352 23466 D cellinfo: 46 bytes from 44.241.174.93: icmp_seq=18315 ttl=26 time=114 ms
08-09 22:30:17.855 23352 23466 D cellinfo: 46 bytes from 44.241.174.93: icmp_seq=18316 ttl=26 time=112 ms
08-09 22:30:18.055 23352 23466 D cellinfo: 46 bytes from 44.241.174.93: icmp_seq=18317 ttl=26 time=111 ms
08-09 22:30:18.224 23352 23352 D cellinfo: onsignalStrengthsChanged: LTE Signal Strength info: rsrp: -100 rsrq: -16 rssi: -59 rssnr: -4
08-09 22:30:18.255 23352 23466 D cellinfo: 46 bytes from 44.241.174.93: icmp_seq=18318 ttl=26 time=111 ms
08-09 22:30:18.432 23352 23352 D cellinfo: Latitude is 40.651136
08-09 22:30:18.432 23352 23352 D cellinfo: Longitude is -111.9509562
08-09 22:30:18.432 23352 23352 D cellinfo: Instantaneous GPS information: United States, 5510 Capitol Reef Dr, Taylorsville, UT 84129, USA
08-09 22:30:18.432 23352 23352 D cellinfo: getCurrentLocation() result: Location (success): 40.651136, -111.9509562
08-09 22:30:18.455 23352 23466 D cellinfo: 46 bytes from 44.241.174.93: icmp_seq=18319 ttl=26 time=111 ms
08-09 22:30:18.494 23352 23352 D cellinfo: onCellInfoChanged: Operator: AT&T...1 UpdateTimestamp: 110491226 CellConnectionStatus: 0
08-09 22:30:18.494 23352 23352 D cellinfo: onCellInfoChanged: LTE Cell Bands: [2] Bandwidth: 2147483647 Cell ID: 115720713 Physical Cell ID: 151 Tracking Area Code: 39181 EARFCN: 1100
08-09 22:30:18.655 23352 23466 D cellinfo: 46 bytes from 44.241.174.93: icmp_seq=18320 ttl=26 time=110 ms
08-09 22:30:18.855 23352 23466 D cellinfo: 46 bytes from 44.241.174.93: icmp_seq=18321 ttl=26 time=110 ms
08-09 22:30:19.055 23352 23466 D cellinfo: 46 bytes from 44.241.174.93: icmp_seq=18322 ttl=26 time=109 ms
08-09 22:30:19.256 23352 23466 D cellinfo: 46 bytes from 44.241.174.93: icmp_seq=18323 ttl=26 time=111 ms
08-09 22:30:19.455 23352 23466 D cellinfo: 46 bytes from 44.241.174.93: icmp_seq=18324 ttl=26 time=110 ms
08-09 22:30:19.655 23352 23466 D cellinfo: 46 bytes from 44.241.174.93: icmp_seq=18325 ttl=26 time=110 ms
08-09 22:30:19.854 23352 23466 D cellinfo: 46 bytes from 44.241.174.93: icmp_seq=18326 ttl=26 time=109 ms
08-09 22:30:20.055 23352 23466 D cellinfo: 46 bytes from 44.241.174.93: icmp_seq=18327 ttl=26 time=108 ms
08-09 22:30:20.207 23352 23352 D cellinfo: onsignalStrengthsChanged: LTE Signal Strength info: rsrp: -97 rsrq: -16 rssi: -51 rssnr: -4
08-09 22:30:20.254 23352 23466 D cellinfo: 46 bytes from 44.241.174.93: icmp_seq=18328 ttl=26 time=108 ms
08-09 22:30:20.454 23352 23466 D cellinfo: 46 bytes from 44.241.174.93: icmp_seq=18329 ttl=26 time=108 ms
08-09 22:30:20.693 23352 23466 D cellinfo: 46 bytes from 44.241.174.93: icmp_seq=18330 ttl=26 time=147 ms
08-09 22:30:20.854 23352 23466 D cellinfo: 46 bytes from 44.241.174.93: icmp_seq=18331 ttl=26 time=107 ms
08-09 22:30:21.054 23352 23466 D cellinfo: 46 bytes from 44.241.174.93: icmp_seq=18332 ttl=26 time=105 ms
08-09 22:30:21.262 23352 23466 D cellinfo: 46 bytes from 44.241.174.93: icmp_seq=18333 ttl=26 time=111 ms
08-09 22:30:21.441 23352 23352 D cellinfo: Latitude is 40.651136
08-09 22:30:21.441 23352 23352 D cellinfo: Longitude is -111.9509562
08-09 22:30:21.441 23352 23352 D cellinfo: Instantaneous GPS information: United States, 5510 Capitol Reef Dr, Taylorsville, UT 84129, USA
08-09 22:30:21.441 23352 23352 D cellinfo: getCurrentLocation() result: Location (success): 40.651136, -111.9509562
08-09 22:30:21.453 23352 23466 D cellinfo: 46 bytes from 44.241.174.93: icmp_seq=18334 ttl=26 time=101 ms
08-09 22:30:21.488 23352 23352 D cellinfo: onCellInfoChanged: Operator: AT&T...1 UpdateTimestamp: 110494225 CellConnectionStatus: 0
08-09 22:30:21.488 23352 23352 D cellinfo: onCellInfoChanged: LTE Cell Bands: [2] Bandwidth: 2147483647 Cell ID: 115720713 Physical Cell ID: 151 Tracking Area Code: 39181 EARFCN: 1100
08-09 22:30:21.655 23352 23466 D cellinfo: 46 bytes from 44.241.174.93: icmp_seq=18335 ttl=26 time=101 ms
08-09 22:30:21.855 23352 23466 D cellinfo: 46 bytes from 44.241.174.93: icmp_seq=18336 ttl=26 time=100 ms
08-09 22:30:22.055 23352 23466 D cellinfo: 46 bytes from 44.241.174.93: icmp_seq=18337 ttl=26 time=100 ms
08-09 22:30:22.253 23352 23466 D cellinfo: 46 bytes from 44.241.174.93: icmp_seq=18338 ttl=26 time=98.5 ms
08-09 22:30:22.455 23352 23466 D cellinfo: 46 bytes from 44.241.174.93: icmp_seq=18339 ttl=26 time=99.1 ms
08-09 22:30:22.660 23352 23466 D cellinfo: 46 bytes from 44.241.174.93: icmp_seq=18340 ttl=26 time=102 ms
08-09 22:30:22.697 23352 23352 D cellinfo: onsignalStrengthsChanged: LTE Signal Strength info: rsrp: -94 rsrq: -15 rssi: -53 rssnr: -3
08-09 22:30:22.859 23352 23466 D cellinfo: 46 bytes from 44.241.174.93: icmp_seq=18341 ttl=26 time=101 ms
08-09 22:30:23.061 23352 23466 D cellinfo: 46 bytes from 44.241.174.93: icmp_seq=18342 ttl=26 time=100 ms
08-09 22:30:23.296 23352 23466 D cellinfo: 46 bytes from 44.241.174.93: icmp_seq=18343 ttl=26 time=133 ms
08-09 22:30:23.460 23352 23466 D cellinfo: 46 bytes from 44.241.174.93: icmp_seq=18344 ttl=26 time=98.2 ms
08-09 22:30:23.659 23352 23466 D cellinfo: 46 bytes from 44.241.174.93: icmp_seq=18345 ttl=26 time=97.8 ms
08-09 22:30:23.895 23352 23466 D cellinfo: 46 bytes from 44.241.174.93: icmp_seq=18346 ttl=26 time=132 ms
08-09 22:30:24.061 23352 23466 D cellinfo: 46 bytes from 44.241.174.93: icmp_seq=18347 ttl=26 time=97.4 ms
08-09 22:30:24.260 23352 23466 D cellinfo: 46 bytes from 44.241.174.93: icmp_seq=18348 ttl=26 time=96.6 ms
08-09 22:30:24.459 23352 23466 D cellinfo: 46 bytes from 44.241.174.93: icmp_seq=18349 ttl=26 time=94.5 ms
08-09 22:30:24.486 23352 23352 D cellinfo: onCellInfoChanged: Operator: AT&T...1 UpdateTimestamp: 110497222 CellConnectionStatus: 0
08-09 22:30:24.486 23352 23352 D cellinfo: onCellInfoChanged: LTE Cell Bands: [2] Bandwidth: 2147483647 Cell ID: 115720713 Physical Cell ID: 151 Tracking Area Code: 39181 EARFCN: 1100
08-09 22:30:24.661 23352 23466 D cellinfo: 46 bytes from 44.241.174.93: icmp_seq=18350 ttl=26 time=93.2 ms
08-09 22:30:24.896 23352 23466 D cellinfo: 46 bytes from 44.241.174.93: icmp_seq=18351 ttl=26 time=126 ms
08-09 22:30:24.935 23352 23352 D cellinfo: onsignalStrengthsChanged: LTE Signal Strength info: rsrp: -90 rsrq: -14 rssi: -51 rssnr: 0
08-09 22:30:25.095 23352 23466 D cellinfo: 46 bytes from 44.241.174.93: icmp_seq=18352 ttl=26 time=124 ms
08-09 22:30:25.294 23352 23466 D cellinfo: 46 bytes from 44.241.174.93: icmp_seq=18353 ttl=26 time=124 ms
08-09 22:30:25.495 23352 23466 D cellinfo: 46 bytes from 44.241.174.93: icmp_seq=18354 ttl=26 time=124 ms
08-09 22:30:25.695 23352 23466 D cellinfo: 46 bytes from 44.241.174.93: icmp_seq=18355 ttl=26 time=123 ms
08-09 22:30:25.896 23352 23466 D cellinfo: 46 bytes from 44.241.174.93: icmp_seq=18356 ttl=26 time=123 ms
08-09 22:30:26.070 23352 23466 D cellinfo: 46 bytes from 44.241.174.93: icmp_seq=18357 ttl=26 time=95.7 ms
08-09 22:30:26.270 23352 23466 D cellinfo: 46 bytes from 44.241.174.93: icmp_seq=18358 ttl=26 time=95.0 ms
08-09 22:30:26.472 23352 23466 D cellinfo: 46 bytes from 44.241.174.93: icmp_seq=18359 ttl=26 time=95.0 ms
08-09 22:30:26.664 23352 23352 D cellinfo: Latitude is 40.6553428
08-09 22:30:26.664 23352 23352 D cellinfo: Longitude is -111.9524546
08-09 22:30:26.664 23352 23352 D cellinfo: Instantaneous GPS information: United States, 5268 Samuel Dr, Salt Lake City, UT 84118, USA
08-09 22:30:26.664 23352 23352 D cellinfo: getCurrentLocation() result: Location (success): 40.6553428, -111.9524546
08-09 22:30:26.667 23352 23352 D cellinfo: onsignalStrengthsChanged: LTE Signal Strength info: rsrp: -88 rsrq: -13 rssi: -51 rssnr: 1
08-09 22:30:26.669 23352 23466 D cellinfo: 46 bytes from 44.241.174.93: icmp_seq=18360 ttl=26 time=91.7 ms
08-09 22:30:26.895 23352 23466 D cellinfo: 46 bytes from 44.241.174.93: icmp_seq=18361 ttl=26 time=114 ms
08-09 22:30:27.095 23352 23466 D cellinfo: 46 bytes from 44.241.174.93: icmp_seq=18362 ttl=26 time=112 ms
08-09 22:30:27.175 23352 23352 D cellinfo: onsignalStrengthsChanged: LTE Signal Strength info: rsrp: -86 rsrq: -12 rssi: -51 rssnr: 3
08-09 22:30:27.295 23352 23466 D cellinfo: 46 bytes from 44.241.174.93: icmp_seq=18363 ttl=26 time=113 ms
08-09 22:30:27.446 23352 23352 D cellinfo: Latitude is 40.6553428
08-09 22:30:27.446 23352 23352 D cellinfo: Longitude is -111.9524546
08-09 22:30:27.446 23352 23352 D cellinfo: Instantaneous GPS information: United States, 5268 Samuel Dr, Salt Lake City, UT 84118, USA
08-09 22:30:27.446 23352 23352 D cellinfo: getCurrentLocation() result: Location (success): 40.6553428, -111.9524546
08-09 22:30:27.492 23352 23352 D cellinfo: onCellInfoChanged: Operator: AT&T...1 UpdateTimestamp: 110500228 CellConnectionStatus: 0
08-09 22:30:27.492 23352 23352 D cellinfo: onCellInfoChanged: LTE Cell Bands: [2] Bandwidth: 2147483647 Cell ID: 115720713 Physical Cell ID: 151 Tracking Area Code: 39181 EARFCN: 1100
08-09 22:30:27.495 23352 23466 D cellinfo: 46 bytes from 44.241.174.93: icmp_seq=18364 ttl=26 time=111 ms
08-09 22:30:27.695 23352 23466 D cellinfo: 46 bytes from 44.241.174.93: icmp_seq=18365 ttl=26 time=110 ms
08-09 22:30:27.894 23352 23466 D cellinfo: 46 bytes from 44.241.174.93: icmp_seq=18366 ttl=26 time=109 ms
08-09 22:30:28.095 23352 23466 D cellinfo: 46 bytes from 44.241.174.93: icmp_seq=18367 ttl=26 time=109 ms
08-09 22:30:28.295 23352 23466 D cellinfo: 46 bytes from 44.241.174.93: icmp_seq=18368 ttl=26 time=109 ms
08-09 22:30:28.488 23352 23466 D cellinfo: 46 bytes from 44.241.174.93: icmp_seq=18369 ttl=26 time=102 ms
08-09 22:30:28.695 23352 23466 D cellinfo: 46 bytes from 44.241.174.93: icmp_seq=18370 ttl=26 time=107 ms
08-09 22:30:28.895 23352 23466 D cellinfo: 46 bytes from 44.241.174.93: icmp_seq=18371 ttl=26 time=107 ms
08-09 22:30:29.096 23352 23466 D cellinfo: 46 bytes from 44.241.174.93: icmp_seq=18372 ttl=26 time=107 ms
08-09 22:30:29.300 23352 23466 D cellinfo: 46 bytes from 44.241.174.93: icmp_seq=18373 ttl=26 time=113 ms
08-09 22:30:29.417 23352 23352 D cellinfo: onsignalStrengthsChanged: LTE Signal Strength info: rsrp: -84 rsrq: -11 rssi: -51 rssnr: 6
08-09 22:30:29.495 23352 23466 D cellinfo: 46 bytes from 44.241.174.93: icmp_seq=18374 ttl=26 time=106 ms
08-09 22:30:29.695 23352 23466 D cellinfo: 46 bytes from 44.241.174.93: icmp_seq=18375 ttl=26 time=105 ms
08-09 22:30:29.934 23352 23466 D cellinfo: 46 bytes from 44.241.174.93: icmp_seq=18376 ttl=26 time=144 ms
08-09 22:30:30.095 23352 23466 D cellinfo: 46 bytes from 44.241.174.93: icmp_seq=18377 ttl=26 time=103 ms
08-09 22:30:30.295 23352 23466 D cellinfo: 46 bytes from 44.241.174.93: icmp_seq=18378 ttl=26 time=104 ms
08-09 22:30:30.435 23352 23352 D cellinfo: Latitude is 40.6553428
08-09 22:30:30.435 23352 23352 D cellinfo: Longitude is -111.9524546
08-09 22:30:30.435 23352 23352 D cellinfo: Instantaneous GPS information: United States, 5268 Samuel Dr, Salt Lake City, UT 84118, USA
08-09 22:30:30.435 23352 23352 D cellinfo: getCurrentLocation() result: Location (success): 40.6553428, -111.9524546
08-09 22:30:30.486 23352 23352 D cellinfo: onCellInfoChanged: Operator: AT&T...1 UpdateTimestamp: 110503223 CellConnectionStatus: 0
08-09 22:30:30.486 23352 23352 D cellinfo: onCellInfoChanged: LTE Cell Bands: [2] Bandwidth: 2147483647 Cell ID: 115720713 Physical Cell ID: 151 Tracking Area Code: 39181 EARFCN: 1100
08-09 22:30:30.493 23352 23466 D cellinfo: 46 bytes from 44.241.174.93: icmp_seq=18379 ttl=26 time=103 ms
08-09 22:30:30.695 23352 23466 D cellinfo: 46 bytes from 44.241.174.93: icmp_seq=18380 ttl=26 time=102 ms
08-09 22:30:30.900 23352 23466 D cellinfo: 46 bytes from 44.241.174.93: icmp_seq=18381 ttl=26 time=107 ms
08-09 22:30:31.134 23352 23466 D cellinfo: 46 bytes from 44.241.174.93: icmp_seq=18382 ttl=26 time=140 ms
08-09 22:30:31.295 23352 23466 D cellinfo: 46 bytes from 44.241.174.93: icmp_seq=18383 ttl=26 time=101 ms
08-09 22:30:31.495 23352 23466 D cellinfo: 46 bytes from 44.241.174.93: icmp_seq=18384 ttl=26 time=100 ms
08-09 22:30:31.694 23352 23466 D cellinfo: 46 bytes from 44.241.174.93: icmp_seq=18385 ttl=26 time=99.4 ms
08-09 22:30:31.896 23352 23466 D cellinfo: 46 bytes from 44.241.174.93: icmp_seq=18386 ttl=26 time=99.1 ms
08-09 22:30:32.135 23352 23466 D cellinfo: 46 bytes from 44.241.174.93: icmp_seq=18387 ttl=26 time=137 ms
08-09 22:30:32.300 23352 23466 D cellinfo: 46 bytes from 44.241.174.93: icmp_seq=18388 ttl=26 time=102 ms
08-09 22:30:32.500 23352 23466 D cellinfo: 46 bytes from 44.241.174.93: icmp_seq=18389 ttl=26 time=101 ms
08-09 22:30:32.699 23352 23466 D cellinfo: 46 bytes from 44.241.174.93: icmp_seq=18390 ttl=26 time=100 ms
08-09 22:30:32.915 23352 23466 D cellinfo: 46 bytes from 44.241.174.93: icmp_seq=18391 ttl=26 time=115 ms
08-09 22:30:33.099 23352 23466 D cellinfo: 46 bytes from 44.241.174.93: icmp_seq=18392 ttl=26 time=98.1 ms
08-09 22:30:33.299 23352 23466 D cellinfo: 46 bytes from 44.241.174.93: icmp_seq=18393 ttl=26 time=97.0 ms
08-09 22:30:33.430 23352 23352 D cellinfo: Latitude is 40.6553428
08-09 22:30:33.430 23352 23352 D cellinfo: Longitude is -111.9524546
08-09 22:30:33.430 23352 23352 D cellinfo: Instantaneous GPS information: United States, 5268 Samuel Dr, Salt Lake City, UT 84118, USA
08-09 22:30:33.430 23352 23352 D cellinfo: getCurrentLocation() result: Location (success): 40.6553428, -111.9524546
08-09 22:30:33.471 23352 23352 D cellinfo: onCellInfoChanged: Operator: AT&T...1 UpdateTimestamp: 110506209 CellConnectionStatus: 0
08-09 22:30:33.471 23352 23352 D cellinfo: onCellInfoChanged: LTE Cell Bands: [2] Bandwidth: 2147483647 Cell ID: 115720713 Physical Cell ID: 151 Tracking Area Code: 39181 EARFCN: 1100
08-09 22:30:33.498 23352 23466 D cellinfo: 46 bytes from 44.241.174.93: icmp_seq=18394 ttl=26 time=96.0 ms
08-09 22:30:33.707 23352 23466 D cellinfo: 46 bytes from 44.241.174.93: icmp_seq=18395 ttl=26 time=102 ms
08-09 22:30:33.975 23352 23466 D cellinfo: 46 bytes from 44.241.174.93: icmp_seq=18396 ttl=26 time=170 ms
08-09 22:30:34.099 23352 23466 D cellinfo: 46 bytes from 44.241.174.93: icmp_seq=18397 ttl=26 time=94.9 ms
08-09 22:30:34.300 23352 23466 D cellinfo: 46 bytes from 44.241.174.93: icmp_seq=18398 ttl=26 time=94.7 ms
08-09 22:30:34.499 23352 23466 D cellinfo: 46 bytes from 44.241.174.93: icmp_seq=18399 ttl=26 time=93.0 ms
08-09 22:30:34.743 23352 23466 D cellinfo: 46 bytes from 44.241.174.93: icmp_seq=18400 ttl=26 time=136 ms
08-09 22:30:34.910 23352 23466 D cellinfo: 46 bytes from 44.241.174.93: icmp_seq=18401 ttl=26 time=101 ms
08-09 22:30:35.135 23352 23466 D cellinfo: 46 bytes from 44.241.174.93: icmp_seq=18402 ttl=26 time=125 ms
08-09 22:30:35.334 23352 23466 D cellinfo: 46 bytes from 44.241.174.93: icmp_seq=18403 ttl=26 time=123 ms
08-09 22:30:35.535 23352 23466 D cellinfo: 46 bytes from 44.241.174.93: icmp_seq=18404 ttl=26 time=122 ms
08-09 22:30:35.736 23352 23466 D cellinfo: 46 bytes from 44.241.174.93: icmp_seq=18405 ttl=26 time=123 ms
08-09 22:30:35.934 23352 23466 D cellinfo: 46 bytes from 44.241.174.93: icmp_seq=18406 ttl=26 time=121 ms
08-09 22:30:36.110 23352 23466 D cellinfo: 46 bytes from 44.241.174.93: icmp_seq=18407 ttl=26 time=97.8 ms
08-09 22:30:36.335 23352 23466 D cellinfo: 46 bytes from 44.241.174.93: icmp_seq=18408 ttl=26 time=120 ms
08-09 22:30:36.477 23352 23352 D cellinfo: onCellInfoChanged: Operator: AT&T...1 UpdateTimestamp: 110509213 CellConnectionStatus: 0
08-09 22:30:36.477 23352 23352 D cellinfo: onCellInfoChanged: LTE Cell Bands: [2] Bandwidth: 2147483647 Cell ID: 115720713 Physical Cell ID: 151 Tracking Area Code: 39181 EARFCN: 1100
08-09 22:30:36.533 23352 23466 D cellinfo: 46 bytes from 44.241.174.93: icmp_seq=18409 ttl=26 time=119 ms
08-09 22:30:36.735 23352 23466 D cellinfo: 46 bytes from 44.241.174.93: icmp_seq=18410 ttl=26 time=118 ms
08-09 22:30:36.934 23352 23466 D cellinfo: 46 bytes from 44.241.174.93: icmp_seq=18411 ttl=26 time=117 ms
08-09 22:30:37.134 23352 23466 D cellinfo: 46 bytes from 44.241.174.93: icmp_seq=18412 ttl=26 time=116 ms
08-09 22:30:37.334 23352 23466 D cellinfo: 46 bytes from 44.241.174.93: icmp_seq=18413 ttl=26 time=115 ms
08-09 22:30:37.534 23352 23466 D cellinfo: 46 bytes from 44.241.174.93: icmp_seq=18414 ttl=26 time=114 ms
08-09 22:30:37.712 23352 23466 D cellinfo: 46 bytes from 44.241.174.93: icmp_seq=18415 ttl=26 time=88.9 ms
08-09 22:30:37.936 23352 23466 D cellinfo: 46 bytes from 44.241.174.93: icmp_seq=18416 ttl=26 time=112 ms
08-09 22:30:38.139 23352 23466 D cellinfo: 46 bytes from 44.241.174.93: icmp_seq=18417 ttl=26 time=113 ms
08-09 22:30:38.220 23352 23352 D cellinfo: Latitude is 40.6589195
08-09 22:30:38.220 23352 23352 D cellinfo: Longitude is -111.9524294
08-09 22:30:38.220 23352 23352 D cellinfo: Instantaneous GPS information: United States, 2373 W Smith Legacy Cv, Taylorsville, UT 84129, USA
08-09 22:30:38.220 23352 23352 D cellinfo: getCurrentLocation() result: Location (success): 40.6589195, -111.9524294
08-09 22:30:38.222 23352 23352 D cellinfo: onsignalStrengthsChanged: LTE Signal Strength info: rsrp: -87 rsrq: -12 rssi: -57 rssnr: 7
08-09 22:30:38.331 23352 23466 D cellinfo: 46 bytes from 44.241.174.93: icmp_seq=18418 ttl=26 time=105 ms
08-09 22:30:38.535 23352 23466 D cellinfo: 46 bytes from 44.241.174.93: icmp_seq=18419 ttl=26 time=109 ms
08-09 22:30:38.737 23352 23466 D cellinfo: 46 bytes from 44.241.174.93: icmp_seq=18420 ttl=26 time=109 ms
08-09 22:30:38.975 23352 23466 D cellinfo: 46 bytes from 44.241.174.93: icmp_seq=18421 ttl=26 time=147 ms
08-09 22:30:39.136 23352 23466 D cellinfo: 46 bytes from 44.241.174.93: icmp_seq=18422 ttl=26 time=106 ms
08-09 22:30:39.335 23352 23466 D cellinfo: 46 bytes from 44.241.174.93: icmp_seq=18423 ttl=26 time=105 ms
08-09 22:30:39.429 23352 23352 D cellinfo: Latitude is 40.6589195
08-09 22:30:39.429 23352 23352 D cellinfo: Longitude is -111.9524294
08-09 22:30:39.429 23352 23352 D cellinfo: Instantaneous GPS information: United States, 2373 W Smith Legacy Cv, Taylorsville, UT 84129, USA
08-09 22:30:39.429 23352 23352 D cellinfo: getCurrentLocation() result: Location (success): 40.6589195, -111.9524294
08-09 22:30:39.477 23352 23352 D cellinfo: onCellInfoChanged: Operator: AT&T...1 UpdateTimestamp: 110512213 CellConnectionStatus: 0
08-09 22:30:39.477 23352 23352 D cellinfo: onCellInfoChanged: LTE Cell Bands: [2] Bandwidth: 2147483647 Cell ID: 115720713 Physical Cell ID: 151 Tracking Area Code: 39181 EARFCN: 1100
08-09 22:30:39.555 23352 23466 D cellinfo: 46 bytes from 44.241.174.93: icmp_seq=18424 ttl=26 time=125 ms
08-09 22:30:39.735 23352 23466 D cellinfo: 46 bytes from 44.241.174.93: icmp_seq=18425 ttl=26 time=104 ms
08-09 22:30:39.974 23352 23466 D cellinfo: 46 bytes from 44.241.174.93: icmp_seq=18426 ttl=26 time=143 ms
08-09 22:30:40.136 23352 23466 D cellinfo: 46 bytes from 44.241.174.93: icmp_seq=18427 ttl=26 time=103 ms
08-09 22:30:40.335 23352 23466 D cellinfo: 46 bytes from 44.241.174.93: icmp_seq=18428 ttl=26 time=101 ms
08-09 22:30:40.540 23352 23466 D cellinfo: 46 bytes from 44.241.174.93: icmp_seq=18429 ttl=26 time=104 ms
08-09 22:30:40.759 23352 23466 D cellinfo: 46 bytes from 44.241.174.93: icmp_seq=18430 ttl=26 time=121 ms
08-09 22:30:40.975 23352 23466 D cellinfo: 46 bytes from 44.241.174.93: icmp_seq=18431 ttl=26 time=136 ms
08-09 22:30:41.141 23352 23466 D cellinfo: 46 bytes from 44.241.174.93: icmp_seq=18432 ttl=26 time=102 ms
08-09 22:30:41.374 23352 23466 D cellinfo: 46 bytes from 44.241.174.93: icmp_seq=18433 ttl=26 time=134 ms
08-09 22:30:41.575 23352 23466 D cellinfo: 46 bytes from 44.241.174.93: icmp_seq=18434 ttl=26 time=133 ms
08-09 22:30:41.740 23352 23466 D cellinfo: 46 bytes from 44.241.174.93: icmp_seq=18435 ttl=26 time=98.3 ms
08-09 22:30:41.940 23352 23466 D cellinfo: 46 bytes from 44.241.174.93: icmp_seq=18436 ttl=26 time=97.4 ms
08-09 22:30:42.139 23352 23466 D cellinfo: 46 bytes from 44.241.174.93: icmp_seq=18437 ttl=26 time=96.1 ms
08-09 22:30:42.375 23352 23466 D cellinfo: 46 bytes from 44.241.174.93: icmp_seq=18438 ttl=26 time=130 ms
08-09 22:30:42.439 23352 23352 D cellinfo: Latitude is 40.6589195
08-09 22:30:42.439 23352 23352 D cellinfo: Longitude is -111.9524294
08-09 22:30:42.439 23352 23352 D cellinfo: Instantaneous GPS information: United States, 2373 W Smith Legacy Cv, Taylorsville, UT 84129, USA
08-09 22:30:42.439 23352 23352 D cellinfo: getCurrentLocation() result: Location (success): 40.6589195, -111.9524294
08-09 22:30:42.488 23352 23352 D cellinfo: onCellInfoChanged: Operator: AT&T...1 UpdateTimestamp: 110515223 CellConnectionStatus: 0
08-09 22:30:42.488 23352 23352 D cellinfo: onCellInfoChanged: LTE Cell Bands: [2] Bandwidth: 2147483647 Cell ID: 115720713 Physical Cell ID: 151 Tracking Area Code: 39181 EARFCN: 1100
08-09 22:30:42.539 23352 23466 D cellinfo: 46 bytes from 44.241.174.93: icmp_seq=18439 ttl=26 time=94.0 ms
08-09 22:30:42.778 23352 23466 D cellinfo: 46 bytes from 44.241.174.93: icmp_seq=18440 ttl=26 time=129 ms
08-09 22:30:42.974 23352 23466 D cellinfo: 46 bytes from 44.241.174.93: icmp_seq=18441 ttl=26 time=125 ms
08-09 22:30:43.175 23352 23466 D cellinfo: 46 bytes from 44.241.174.93: icmp_seq=18442 ttl=26 time=123 ms
08-09 22:30:43.374 23352 23466 D cellinfo: 46 bytes from 44.241.174.93: icmp_seq=18443 ttl=26 time=122 ms
08-09 22:30:43.574 23352 23466 D cellinfo: 46 bytes from 44.241.174.93: icmp_seq=18444 ttl=26 time=121 ms
08-09 22:30:43.774 23352 23466 D cellinfo: 46 bytes from 44.241.174.93: icmp_seq=18445 ttl=26 time=119 ms
08-09 22:30:43.974 23352 23466 D cellinfo: 46 bytes from 44.241.174.93: icmp_seq=18446 ttl=26 time=119 ms
08-09 22:30:44.174 23352 23466 D cellinfo: 46 bytes from 44.241.174.93: icmp_seq=18447 ttl=26 time=118 ms
08-09 22:30:44.220 23352 23352 D cellinfo: onsignalStrengthsChanged: LTE Signal Strength info: rsrp: -87 rsrq: -12 rssi: -51 rssnr: 9
08-09 22:30:44.374 23352 23466 D cellinfo: 46 bytes from 44.241.174.93: icmp_seq=18448 ttl=26 time=117 ms
