08-09 22:32:45.967 23352 23466 D cellinfo: 46 bytes from 44.241.174.93: icmp_seq=19053 ttl=26 time=102 ms
08-09 22:32:46.074 23352 23352 D cellinfo: onsignalStrengthsChanged: LTE Signal Strength info: rsrp: -71 rsrq: -12 rssi: -51 rssnr: 13
08-09 22:32:46.166 23352 23466 D cellinfo: 46 bytes from 44.241.174.93: icmp_seq=19054 ttl=26 time=100 ms
08-09 22:32:46.366 23352 23466 D cellinfo: 46 bytes from 44.241.174.93: icmp_seq=19055 ttl=26 time=99.5 ms
08-09 22:32:46.567 23352 23466 D cellinfo: 46 bytes from 44.241.174.93: icmp_seq=19056 ttl=26 time=98.1 ms
08-09 22:32:46.808 23352 23466 D cellinfo: 46 bytes from 44.241.174.93: icmp_seq=19057 ttl=26 time=136 ms
08-09 22:32:46.968 23352 23466 D cellinfo: 46 bytes from 44.241.174.93: icmp_seq=19058 ttl=26 time=96.4 ms
08-09 22:32:47.170 23352 23466 D cellinfo: 46 bytes from 44.241.174.93: icmp_seq=19059 ttl=26 time=96.1 ms
08-09 22:32:47.369 23352 23466 D cellinfo: 46 bytes from 44.241.174.93: icmp_seq=19060 ttl=26 time=95.7 ms
08-09 22:32:47.570 23352 23466 D cellinfo: 46 bytes from 44.241.174.93: icmp_seq=19061 ttl=26 time=95.2 ms
08-09 22:32:47.768 23352 23466 D cellinfo: 46 bytes from 44.241.174.93: icmp_seq=19062 ttl=26 time=92.4 ms
08-09 22:32:48.007 23352 23466 D cellinfo: 46 bytes from 44.241.174.93: icmp_seq=19063 ttl=26 time=128 ms
08-09 22:32:48.208 23352 23466 D cellinfo: 46 bytes from 44.241.174.93: icmp_seq=19064 ttl=26 time=128 ms
08-09 22:32:48.407 23352 23466 D cellinfo: 46 bytes from 44.241.174.93: icmp_seq=19065 ttl=26 time=127 ms
08-09 22:32:48.476 23352 23352 D cellinfo: onCellInfoChanged: Operator: AT&T...1 UpdateTimestamp: 110641213 CellConnectionStatus: 0
08-09 22:32:48.476 23352 23352 D cellinfo: onCellInfoChanged: LTE Cell Bands: [12] Bandwidth: 2147483647 Cell ID: 115559952 Physical Cell ID: 351 Tracking Area Code: 39181 EARFCN: 5110
08-09 22:32:48.571 23352 23466 D cellinfo: 46 bytes from 44.241.174.93: icmp_seq=19066 ttl=26 time=90.4 ms
08-09 22:32:48.807 23352 23466 D cellinfo: 46 bytes from 44.241.174.93: icmp_seq=19067 ttl=26 time=125 ms
08-09 22:32:49.009 23352 23466 D cellinfo: 46 bytes from 44.241.174.93: icmp_seq=19068 ttl=26 time=124 ms
08-09 22:32:49.207 23352 23466 D cellinfo: 46 bytes from 44.241.174.93: icmp_seq=19069 ttl=26 time=124 ms
08-09 22:32:49.415 23352 23466 D cellinfo: 46 bytes from 44.241.174.93: icmp_seq=19070 ttl=26 time=131 ms
08-09 22:32:49.573 23352 23466 D cellinfo: 46 bytes from 44.241.174.93: icmp_seq=19071 ttl=26 time=85.3 ms
08-09 22:32:49.806 23352 23466 D cellinfo: 46 bytes from 44.241.174.93: icmp_seq=19072 ttl=26 time=121 ms
08-09 22:32:50.010 23352 23466 D cellinfo: 46 bytes from 44.241.174.93: icmp_seq=19073 ttl=26 time=122 ms
08-09 22:32:50.197 23352 23466 D cellinfo: 46 bytes from 44.241.174.93: icmp_seq=19074 ttl=26 time=108 ms
08-09 22:32:50.391 23352 23466 D cellinfo: 46 bytes from 44.241.174.93: icmp_seq=19075 ttl=26 time=99.7 ms
08-09 22:32:50.457 23352 23352 D cellinfo: Latitude is 40.6968996
08-09 22:32:50.457 23352 23352 D cellinfo: Longitude is -111.9514659
08-09 22:32:50.457 23352 23352 D cellinfo: Instantaneous GPS information: United States, 2320-2334 3500 S, West Valley City, UT 84119, USA
08-09 22:32:50.457 23352 23352 D cellinfo: getCurrentLocation() result: Location (success): 40.6968996, -111.9514659
08-09 22:32:50.547 23352 23352 D cellinfo: onsignalStrengthsChanged: LTE Signal Strength info: rsrp: -70 rsrq: -11 rssi: -51 rssnr: 11
08-09 22:32:50.599 23352 23466 D cellinfo: 46 bytes from 44.241.174.93: icmp_seq=19076 ttl=26 time=108 ms
08-09 22:32:50.659 23352 23352 D cellinfo: onCellInfoChanged: Operator: AT&T...1 UpdateTimestamp: 110643393 CellConnectionStatus: 0
08-09 22:32:50.660 23352 23352 D cellinfo: onCellInfoChanged: LTE Cell Bands: [12] Bandwidth: 2147483647 Cell ID: 115472145 Physical Cell ID: 221 Tracking Area Code: 39181 EARFCN: 5110
08-09 22:32:50.686 23352 23352 D cellinfo: onServiceStateChanged: Channel Number: 5110 Cell Bandwidths: []
08-09 22:32:50.804 23352 23466 D cellinfo: 46 bytes from 44.241.174.93: icmp_seq=19077 ttl=26 time=111 ms
08-09 22:32:51.005 23352 23466 D cellinfo: 46 bytes from 44.241.174.93: icmp_seq=19078 ttl=26 time=110 ms
08-09 22:32:51.204 23352 23466 D cellinfo: 46 bytes from 44.241.174.93: icmp_seq=19079 ttl=26 time=110 ms
08-09 22:32:51.405 23352 23466 D cellinfo: 46 bytes from 44.241.174.93: icmp_seq=19080 ttl=26 time=109 ms
08-09 22:32:51.432 23352 23352 D cellinfo: Latitude is 40.6968996
08-09 22:32:51.432 23352 23352 D cellinfo: Longitude is -111.9514659
08-09 22:32:51.432 23352 23352 D cellinfo: Instantaneous GPS information: United States, 2320-2334 3500 S, West Valley City, UT 84119, USA
08-09 22:32:51.432 23352 23352 D cellinfo: getCurrentLocation() result: Location (success): 40.6968996, -111.9514659
08-09 22:32:51.486 23352 23352 D cellinfo: onCellInfoChanged: Operator: AT&T...1 UpdateTimestamp: 110644224 CellConnectionStatus: 0
08-09 22:32:51.486 23352 23352 D cellinfo: onCellInfoChanged: LTE Cell Bands: [12] Bandwidth: 2147483647 Cell ID: 115472145 Physical Cell ID: 221 Tracking Area Code: 39181 EARFCN: 5110
08-09 22:32:51.605 23352 23466 D cellinfo: 46 bytes from 44.241.174.93: icmp_seq=19081 ttl=26 time=107 ms
08-09 22:32:51.805 23352 23466 D cellinfo: 46 bytes from 44.241.174.93: icmp_seq=19082 ttl=26 time=105 ms
08-09 22:32:52.005 23352 23466 D cellinfo: 46 bytes from 44.241.174.93: icmp_seq=19083 ttl=26 time=105 ms
08-09 22:32:52.205 23352 23466 D cellinfo: 46 bytes from 44.241.174.93: icmp_seq=19084 ttl=26 time=104 ms
08-09 22:32:52.404 23352 23466 D cellinfo: 46 bytes from 44.241.174.93: icmp_seq=19085 ttl=26 time=103 ms
08-09 22:32:52.602 23352 23466 D cellinfo: 46 bytes from 44.241.174.93: icmp_seq=19086 ttl=26 time=100 ms
08-09 22:32:52.805 23352 23466 D cellinfo: 46 bytes from 44.241.174.93: icmp_seq=19087 ttl=26 time=100 ms
08-09 22:32:53.004 23352 23466 D cellinfo: 46 bytes from 44.241.174.93: icmp_seq=19088 ttl=26 time=99.0 ms
08-09 22:32:53.203 23352 23466 D cellinfo: 46 bytes from 44.241.174.93: icmp_seq=19089 ttl=26 time=99.6 ms
08-09 22:32:53.406 23352 23466 D cellinfo: 46 bytes from 44.241.174.93: icmp_seq=19090 ttl=26 time=100 ms
08-09 22:32:53.607 23352 23466 D cellinfo: 46 bytes from 44.241.174.93: icmp_seq=19091 ttl=26 time=100 ms
08-09 22:32:53.713 23352 23352 D cellinfo: onCellInfoChanged: Operator: AT&T...1 UpdateTimestamp: 110646447 CellConnectionStatus: 0
08-09 22:32:53.713 23352 23352 D cellinfo: onCellInfoChanged: LTE Cell Bands: [12] Bandwidth: 2147483647 Cell ID: 115472145 Physical Cell ID: 221 Tracking Area Code: 39181 EARFCN: 5110
08-09 22:32:53.807 23352 23466 D cellinfo: 46 bytes from 44.241.174.93: icmp_seq=19092 ttl=26 time=100 ms
08-09 22:32:54.007 23352 23466 D cellinfo: 46 bytes from 44.241.174.93: icmp_seq=19093 ttl=26 time=98.6 ms
08-09 22:32:54.243 23352 23466 D cellinfo: 46 bytes from 44.241.174.93: icmp_seq=19094 ttl=26 time=134 ms
08-09 22:32:54.408 23352 23466 D cellinfo: 46 bytes from 44.241.174.93: icmp_seq=19095 ttl=26 time=98.5 ms
08-09 22:32:54.433 23352 23352 D cellinfo: Latitude is 40.6968996
08-09 22:32:54.433 23352 23352 D cellinfo: Longitude is -111.9514659
08-09 22:32:54.433 23352 23352 D cellinfo: Instantaneous GPS information: United States, 2320-2334 3500 S, West Valley City, UT 84119, USA
08-09 22:32:54.433 23352 23352 D cellinfo: getCurrentLocation() result: Location (success): 40.6968996, -111.9514659
08-09 22:32:54.644 23352 23466 D cellinfo: 46 bytes from 44.241.174.93: icmp_seq=19096 ttl=26 time=131 ms
08-09 22:32:54.808 23352 23466 D cellinfo: 46 bytes from 44.241.174.93: icmp_seq=19097 ttl=26 time=94.6 ms
08-09 22:32:55.006 23352 23466 D cellinfo: 46 bytes from 44.241.174.93: icmp_seq=19098 ttl=26 time=93.5 ms
08-09 22:32:55.244 23352 23466 D cellinfo: 46 bytes from 44.241.174.93: icmp_seq=19099 ttl=26 time=130 ms
08-09 22:32:55.443 23352 23466 D cellinfo: 46 bytes from 44.241.174.93: icmp_seq=19100 ttl=26 time=130 ms
08-09 22:32:55.607 23352 23466 D cellinfo: 46 bytes from 44.241.174.93: icmp_seq=19101 ttl=26 time=92.7 ms
08-09 22:32:55.807 23352 23466 D cellinfo: 46 bytes from 44.241.174.93: icmp_seq=19102 ttl=26 time=90.8 ms
08-09 22:32:56.044 23352 23466 D cellinfo: 46 bytes from 44.241.174.93: icmp_seq=19103 ttl=26 time=126 ms
08-09 22:32:56.244 23352 23466 D cellinfo: 46 bytes from 44.241.174.93: icmp_seq=19104 ttl=26 time=127 ms
08-09 22:32:56.444 23352 23466 D cellinfo: 46 bytes from 44.241.174.93: icmp_seq=19105 ttl=26 time=127 ms
08-09 22:32:56.644 23352 23466 D cellinfo: 46 bytes from 44.241.174.93: icmp_seq=19106 ttl=26 time=125 ms
08-09 22:32:56.844 23352 23466 D cellinfo: 46 bytes from 44.241.174.93: icmp_seq=19107 ttl=26 time=123 ms
08-09 22:32:57.016 23352 23466 D cellinfo: 46 bytes from 44.241.174.93: icmp_seq=19108 ttl=26 time=93.9 ms
08-09 22:32:57.245 23352 23466 D cellinfo: 46 bytes from 44.241.174.93: icmp_seq=19109 ttl=26 time=121 ms
08-09 22:32:57.443 23352 23466 D cellinfo: 46 bytes from 44.241.174.93: icmp_seq=19110 ttl=26 time=120 ms
08-09 22:32:57.455 23352 23352 D cellinfo: Latitude is 40.6968996
08-09 22:32:57.455 23352 23352 D cellinfo: Longitude is -111.9514659
08-09 22:32:57.455 23352 23352 D cellinfo: Instantaneous GPS information: United States, 2320-2334 3500 S, West Valley City, UT 84119, USA
08-09 22:32:57.455 23352 23352 D cellinfo: getCurrentLocation() result: Location (success): 40.6968996, -111.9514659
08-09 22:32:57.492 23352 23352 D cellinfo: onCellInfoChanged: Operator: AT&T...1 UpdateTimestamp: 110650231 CellConnectionStatus: 0
08-09 22:32:57.492 23352 23352 D cellinfo: onCellInfoChanged: LTE Cell Bands: [12] Bandwidth: 2147483647 Cell ID: 115472145 Physical Cell ID: 221 Tracking Area Code: 39181 EARFCN: 5110
08-09 22:32:57.645 23352 23466 D cellinfo: 46 bytes from 44.241.174.93: icmp_seq=19111 ttl=26 time=120 ms
08-09 22:32:57.843 23352 23466 D cellinfo: 46 bytes from 44.241.174.93: icmp_seq=19112 ttl=26 time=118 ms
08-09 22:32:58.044 23352 23466 D cellinfo: 46 bytes from 44.241.174.93: icmp_seq=19113 ttl=26 time=117 ms
08-09 22:32:58.245 23352 23466 D cellinfo: 46 bytes from 44.241.174.93: icmp_seq=19114 ttl=26 time=116 ms
08-09 22:32:58.445 23352 23466 D cellinfo: 46 bytes from 44.241.174.93: icmp_seq=19115 ttl=26 time=116 ms
08-09 22:32:58.643 23352 23466 D cellinfo: 46 bytes from 44.241.174.93: icmp_seq=19116 ttl=26 time=115 ms
08-09 22:32:58.848 23352 23466 D cellinfo: 46 bytes from 44.241.174.93: icmp_seq=19117 ttl=26 time=117 ms
08-09 22:32:59.043 23352 23466 D cellinfo: 46 bytes from 44.241.174.93: icmp_seq=19118 ttl=26 time=113 ms
08-09 22:32:59.243 23352 23466 D cellinfo: 46 bytes from 44.241.174.93: icmp_seq=19119 ttl=26 time=113 ms
08-09 22:32:59.443 23352 23466 D cellinfo: 46 bytes from 44.241.174.93: icmp_seq=19120 ttl=26 time=113 ms
08-09 22:32:59.506 23352 23352 D cellinfo: onsignalStrengthsChanged: LTE Signal Strength info: rsrp: -71 rsrq: -12 rssi: -51 rssnr: 8
08-09 22:32:59.643 23352 23466 D cellinfo: 46 bytes from 44.241.174.93: icmp_seq=19121 ttl=26 time=112 ms
08-09 22:32:59.843 23352 23466 D cellinfo: 46 bytes from 44.241.174.93: icmp_seq=19122 ttl=26 time=110 ms
08-09 22:33:00.043 23352 23466 D cellinfo: 46 bytes from 44.241.174.93: icmp_seq=19123 ttl=26 time=108 ms
08-09 22:33:00.243 23352 23466 D cellinfo: 46 bytes from 44.241.174.93: icmp_seq=19124 ttl=26 time=108 ms
08-09 22:33:00.442 23352 23466 D cellinfo: 46 bytes from 44.241.174.93: icmp_seq=19125 ttl=26 time=107 ms
08-09 22:33:00.477 23352 23352 D cellinfo: onCellInfoChanged: Operator: AT&T...1 UpdateTimestamp: 110653215 CellConnectionStatus: 0
08-09 22:33:00.477 23352 23352 D cellinfo: onCellInfoChanged: LTE Cell Bands: [12] Bandwidth: 2147483647 Cell ID: 115472145 Physical Cell ID: 221 Tracking Area Code: 39181 EARFCN: 5110
08-09 22:33:00.643 23352 23466 D cellinfo: 46 bytes from 44.241.174.93: icmp_seq=19126 ttl=26 time=107 ms
08-09 22:33:00.843 23352 23466 D cellinfo: 46 bytes from 44.241.174.93: icmp_seq=19127 ttl=26 time=105 ms
08-09 22:33:01.044 23352 23466 D cellinfo: 46 bytes from 44.241.174.93: icmp_seq=19128 ttl=26 time=104 ms
08-09 22:33:01.243 23352 23466 D cellinfo: 46 bytes from 44.241.174.93: icmp_seq=19129 ttl=26 time=104 ms
08-09 22:33:01.443 23352 23466 D cellinfo: 46 bytes from 44.241.174.93: icmp_seq=19130 ttl=26 time=103 ms
08-09 22:33:01.645 23352 23466 D cellinfo: 46 bytes from 44.241.174.93: icmp_seq=19131 ttl=26 time=103 ms
08-09 22:33:01.838 23352 23466 D cellinfo: 46 bytes from 44.241.174.93: icmp_seq=19132 ttl=26 time=94.1 ms
08-09 22:33:02.048 23352 23466 D cellinfo: 46 bytes from 44.241.174.93: icmp_seq=19133 ttl=26 time=101 ms
08-09 22:33:02.247 23352 23466 D cellinfo: 46 bytes from 44.241.174.93: icmp_seq=19134 ttl=26 time=99.5 ms
08-09 22:33:02.250 23352 23352 D cellinfo: Latitude is 40.6965821
08-09 22:33:02.250 23352 23352 D cellinfo: Longitude is -111.9495284
08-09 22:33:02.250 23352 23352 D cellinfo: Instantaneous GPS information: United States, 2195 W 3500 S, West Valley City, UT 84119, USA
08-09 22:33:02.250 23352 23352 D cellinfo: getCurrentLocation() result: Location (success): 40.6965821, -111.9495284
08-09 22:33:02.446 23352 23466 D cellinfo: 46 bytes from 44.241.174.93: icmp_seq=19135 ttl=26 time=98.7 ms
08-09 22:33:02.647 23352 23466 D cellinfo: 46 bytes from 44.241.174.93: icmp_seq=19136 ttl=26 time=97.6 ms
08-09 22:33:02.848 23352 23466 D cellinfo: 46 bytes from 44.241.174.93: icmp_seq=19137 ttl=26 time=97.0 ms
08-09 22:33:03.046 23352 23466 D cellinfo: 46 bytes from 44.241.174.93: icmp_seq=19138 ttl=26 time=94.1 ms
08-09 22:33:03.247 23352 23466 D cellinfo: 46 bytes from 44.241.174.93: icmp_seq=19139 ttl=26 time=94.2 ms
08-09 22:33:03.442 23352 23352 D cellinfo: Latitude is 40.6965821
08-09 22:33:03.442 23352 23352 D cellinfo: Longitude is -111.9495284
08-09 22:33:03.442 23352 23352 D cellinfo: Instantaneous GPS information: United States, 2195 W 3500 S, West Valley City, UT 84119, USA
08-09 22:33:03.442 23352 23352 D cellinfo: getCurrentLocation() result: Location (success): 40.6965821, -111.9495284
08-09 22:33:03.445 23352 23466 D cellinfo: 46 bytes from 44.241.174.93: icmp_seq=19140 ttl=26 time=93.2 ms
08-09 22:33:03.495 23352 23352 D cellinfo: onCellInfoChanged: Operator: AT&T...1 UpdateTimestamp: 110656232 CellConnectionStatus: 0
08-09 22:33:03.495 23352 23352 D cellinfo: onCellInfoChanged: LTE Cell Bands: [12] Bandwidth: 2147483647 Cell ID: 115472145 Physical Cell ID: 221 Tracking Area Code: 39181 EARFCN: 5110
08-09 22:33:03.646 23352 23466 D cellinfo: 46 bytes from 44.241.174.93: icmp_seq=19141 ttl=26 time=93.3 ms
08-09 22:33:03.847 23352 23466 D cellinfo: 46 bytes from 44.241.174.93: icmp_seq=19142 ttl=26 time=93.3 ms
08-09 22:33:03.985 23352 23352 D cellinfo: onsignalStrengthsChanged: LTE Signal Strength info: rsrp: -71 rsrq: -13 rssi: -51 rssnr: 9
08-09 22:33:04.045 23352 23466 D cellinfo: 46 bytes from 44.241.174.93: icmp_seq=19143 ttl=26 time=91.3 ms
08-09 22:33:04.253 23352 23466 D cellinfo: 46 bytes from 44.241.174.93: icmp_seq=19144 ttl=26 time=100 ms
08-09 22:33:04.453 23352 23466 D cellinfo: 46 bytes from 44.241.174.93: icmp_seq=19145 ttl=26 time=100 ms
08-09 22:33:04.646 23352 23466 D cellinfo: 46 bytes from 44.241.174.93: icmp_seq=19146 ttl=26 time=91.4 ms
08-09 22:33:04.846 23352 23466 D cellinfo: 46 bytes from 44.241.174.93: icmp_seq=19147 ttl=26 time=89.7 ms
08-09 22:33:05.083 23352 23466 D cellinfo: 46 bytes from 44.241.174.93: icmp_seq=19148 ttl=26 time=127 ms
08-09 22:33:05.267 23352 23352 D cellinfo: onsignalStrengthsChanged: LTE Signal Strength info: rsrp: -71 rsrq: -13 rssi: -51 rssnr: 8
08-09 22:33:05.283 23352 23466 D cellinfo: 46 bytes from 44.241.174.93: icmp_seq=19149 ttl=26 time=127 ms
08-09 22:33:05.483 23352 23466 D cellinfo: 46 bytes from 44.241.174.93: icmp_seq=19150 ttl=26 time=127 ms
08-09 22:33:05.647 23352 23466 D cellinfo: 46 bytes from 44.241.174.93: icmp_seq=19151 ttl=26 time=89.8 ms
08-09 22:33:05.884 23352 23466 D cellinfo: 46 bytes from 44.241.174.93: icmp_seq=19152 ttl=26 time=126 ms
08-09 22:33:06.083 23352 23466 D cellinfo: 46 bytes from 44.241.174.93: icmp_seq=19153 ttl=26 time=125 ms
08-09 22:33:06.256 23352 23466 D cellinfo: 46 bytes from 44.241.174.93: icmp_seq=19154 ttl=26 time=98.5 ms
08-09 22:33:06.435 23352 23352 D cellinfo: Latitude is 40.6965821
08-09 22:33:06.435 23352 23352 D cellinfo: Longitude is -111.9495284
08-09 22:33:06.435 23352 23352 D cellinfo: Instantaneous GPS information: United States, 2195 W 3500 S, West Valley City, UT 84119, USA
08-09 22:33:06.435 23352 23352 D cellinfo: getCurrentLocation() result: Location (success): 40.6965821, -111.9495284
08-09 22:33:06.482 23352 23466 D cellinfo: 46 bytes from 44.241.174.93: icmp_seq=19155 ttl=26 time=124 ms
08-09 22:33:06.505 23352 23352 D cellinfo: onCellInfoChanged: Operator: AT&T...1 UpdateTimestamp: 110659239 CellConnectionStatus: 0
08-09 22:33:06.505 23352 23352 D cellinfo: onCellInfoChanged: LTE Cell Bands: [12] Bandwidth: 2147483647 Cell ID: 115472145 Physical Cell ID: 221 Tracking Area Code: 39181 EARFCN: 5110
08-09 22:33:06.683 23352 23466 D cellinfo: 46 bytes from 44.241.174.93: icmp_seq=19156 ttl=26 time=123 ms
08-09 22:33:06.883 23352 23466 D cellinfo: 46 bytes from 44.241.174.93: icmp_seq=19157 ttl=26 time=122 ms
08-09 22:33:07.082 23352 23466 D cellinfo: 46 bytes from 44.241.174.93: icmp_seq=19158 ttl=26 time=120 ms
08-09 22:33:07.282 23352 23466 D cellinfo: 46 bytes from 44.241.174.93: icmp_seq=19159 ttl=26 time=119 ms
08-09 22:33:07.456 23352 23466 D cellinfo: 46 bytes from 44.241.174.93: icmp_seq=19160 ttl=26 time=92.2 ms
08-09 22:33:07.683 23352 23466 D cellinfo: 46 bytes from 44.241.174.93: icmp_seq=19161 ttl=26 time=118 ms
08-09 22:33:07.882 23352 23466 D cellinfo: 46 bytes from 44.241.174.93: icmp_seq=19162 ttl=26 time=117 ms
08-09 22:33:08.082 23352 23466 D cellinfo: 46 bytes from 44.241.174.93: icmp_seq=19163 ttl=26 time=117 ms
08-09 22:33:08.283 23352 23466 D cellinfo: 46 bytes from 44.241.174.93: icmp_seq=19164 ttl=26 time=116 ms
08-09 22:33:08.484 23352 23466 D cellinfo: 46 bytes from 44.241.174.93: icmp_seq=19165 ttl=26 time=116 ms
08-09 22:33:08.682 23352 23466 D cellinfo: 46 bytes from 44.241.174.93: icmp_seq=19166 ttl=26 time=114 ms
08-09 22:33:08.883 23352 23466 D cellinfo: 46 bytes from 44.241.174.93: icmp_seq=19167 ttl=26 time=114 ms
08-09 22:33:09.083 23352 23466 D cellinfo: 46 bytes from 44.241.174.93: icmp_seq=19168 ttl=26 time=113 ms
08-09 22:33:09.283 23352 23466 D cellinfo: 46 bytes from 44.241.174.93: icmp_seq=19169 ttl=26 time=113 ms
08-09 22:33:09.433 23352 23352 D cellinfo: Latitude is 40.6965821
08-09 22:33:09.433 23352 23352 D cellinfo: Longitude is -111.9495284
08-09 22:33:09.433 23352 23352 D cellinfo: Instantaneous GPS information: United States, 2195 W 3500 S, West Valley City, UT 84119, USA
08-09 22:33:09.433 23352 23352 D cellinfo: getCurrentLocation() result: Location (success): 40.6965821, -111.9495284
08-09 22:33:09.482 23352 23466 D cellinfo: 46 bytes from 44.241.174.93: icmp_seq=19170 ttl=26 time=112 ms
08-09 22:33:09.495 23352 23352 D cellinfo: onCellInfoChanged: Operator: AT&T...1 UpdateTimestamp: 110662225 CellConnectionStatus: 0
08-09 22:33:09.495 23352 23352 D cellinfo: onCellInfoChanged: LTE Cell Bands: [12] Bandwidth: 2147483647 Cell ID: 115472145 Physical Cell ID: 221 Tracking Area Code: 39181 EARFCN: 5110
08-09 22:33:09.683 23352 23466 D cellinfo: 46 bytes from 44.241.174.93: icmp_seq=19171 ttl=26 time=112 ms
08-09 22:33:09.883 23352 23466 D cellinfo: 46 bytes from 44.241.174.93: icmp_seq=19172 ttl=26 time=111 ms
08-09 22:33:10.082 23352 23466 D cellinfo: 46 bytes from 44.241.174.93: icmp_seq=19173 ttl=26 time=111 ms
08-09 22:33:10.283 23352 23466 D cellinfo: 46 bytes from 44.241.174.93: icmp_seq=19174 ttl=26 time=111 ms
08-09 22:33:10.484 23352 23466 D cellinfo: 46 bytes from 44.241.174.93: icmp_seq=19175 ttl=26 time=110 ms
08-09 22:33:10.682 23352 23466 D cellinfo: 46 bytes from 44.241.174.93: icmp_seq=19176 ttl=26 time=108 ms
08-09 22:33:10.883 23352 23466 D cellinfo: 46 bytes from 44.241.174.93: icmp_seq=19177 ttl=26 time=108 ms
08-09 22:33:11.083 23352 23466 D cellinfo: 46 bytes from 44.241.174.93: icmp_seq=19178 ttl=26 time=107 ms
08-09 22:33:11.268 23352 23352 D cellinfo: onsignalStrengthsChanged: LTE Signal Strength info: rsrp: -74 rsrq: -13 rssi: -51 rssnr: 9
08-09 22:33:11.283 23352 23466 D cellinfo: 46 bytes from 44.241.174.93: icmp_seq=19179 ttl=26 time=107 ms
08-09 22:33:11.483 23352 23466 D cellinfo: 46 bytes from 44.241.174.93: icmp_seq=19180 ttl=26 time=105 ms
08-09 22:33:11.683 23352 23466 D cellinfo: 46 bytes from 44.241.174.93: icmp_seq=19181 ttl=26 time=105 ms
08-09 22:33:11.883 23352 23466 D cellinfo: 46 bytes from 44.241.174.93: icmp_seq=19182 ttl=26 time=104 ms
08-09 22:33:12.083 23352 23466 D cellinfo: 46 bytes from 44.241.174.93: icmp_seq=19183 ttl=26 time=103 ms
08-09 22:33:12.283 23352 23466 D cellinfo: 46 bytes from 44.241.174.93: icmp_seq=19184 ttl=26 time=104 ms
08-09 22:33:12.482 23352 23466 D cellinfo: 46 bytes from 44.241.174.93: icmp_seq=19185 ttl=26 time=102 ms
08-09 22:33:12.493 23352 23352 D cellinfo: onCellInfoChanged: Operator: AT&T...1 UpdateTimestamp: 110665226 CellConnectionStatus: 0
08-09 22:33:12.493 23352 23352 D cellinfo: onCellInfoChanged: LTE Cell Bands: [12] Bandwidth: 2147483647 Cell ID: 115472145 Physical Cell ID: 221 Tracking Area Code: 39181 EARFCN: 5110
08-09 22:33:12.682 23352 23466 D cellinfo: 46 bytes from 44.241.174.93: icmp_seq=19186 ttl=26 time=102 ms
08-09 22:33:12.883 23352 23466 D cellinfo: 46 bytes from 44.241.174.93: icmp_seq=19187 ttl=26 time=102 ms
08-09 22:33:13.123 23352 23466 D cellinfo: 46 bytes from 44.241.174.93: icmp_seq=19188 ttl=26 time=141 ms
08-09 22:33:13.283 23352 23466 D cellinfo: 46 bytes from 44.241.174.93: icmp_seq=19189 ttl=26 time=101 ms
08-09 22:33:13.484 23352 23466 D cellinfo: 46 bytes from 44.241.174.93: icmp_seq=19190 ttl=26 time=101 ms
08-09 22:33:13.677 23352 23466 D cellinfo: 46 bytes from 44.241.174.93: icmp_seq=19191 ttl=26 time=92.7 ms
08-09 22:33:13.872 23352 23466 D cellinfo: 46 bytes from 44.241.174.93: icmp_seq=19192 ttl=26 time=87.2 ms
08-09 22:33:14.126 23352 23466 D cellinfo: 46 bytes from 44.241.174.93: icmp_seq=19193 ttl=26 time=138 ms
08-09 22:33:14.285 23352 23466 D cellinfo: 46 bytes from 44.241.174.93: icmp_seq=19194 ttl=26 time=96.4 ms
08-09 22:33:14.290 23352 23352 D cellinfo: Latitude is 40.6965591
08-09 22:33:14.290 23352 23352 D cellinfo: Longitude is -111.9492104
08-09 22:33:14.290 23352 23352 D cellinfo: Instantaneous GPS information: United States, 2195 W 3500 S, West Valley City, UT 84119, USA
08-09 22:33:14.290 23352 23352 D cellinfo: getCurrentLocation() result: Location (success): 40.6965591, -111.9492104
08-09 22:33:14.486 23352 23466 D cellinfo: 46 bytes from 44.241.174.93: icmp_seq=19195 ttl=26 time=95.6 ms
08-09 22:33:14.693 23352 23466 D cellinfo: 46 bytes from 44.241.174.93: icmp_seq=19196 ttl=26 time=100 ms
08-09 22:33:14.887 23352 23466 D cellinfo: 46 bytes from 44.241.174.93: icmp_seq=19197 ttl=26 time=93.0 ms
08-09 22:33:15.087 23352 23466 D cellinfo: 46 bytes from 44.241.174.93: icmp_seq=19198 ttl=26 time=92.3 ms
08-09 22:33:15.186 23352 23352 D cellinfo: onsignalStrengthsChanged: LTE Signal Strength info: rsrp: -75 rsrq: -12 rssi: -51 rssnr: 9
08-09 22:33:15.287 23352 23466 D cellinfo: 46 bytes from 44.241.174.93: icmp_seq=19199 ttl=26 time=92.1 ms
08-09 22:33:15.429 23352 23352 D cellinfo: Latitude is 40.6965591
08-09 22:33:15.429 23352 23352 D cellinfo: Longitude is -111.9492104
08-09 22:33:15.430 23352 23352 D cellinfo: Instantaneous GPS information: United States, 2195 W 3500 S, West Valley City, UT 84119, USA
08-09 22:33:15.430 23352 23352 D cellinfo: getCurrentLocation() result: Location (success): 40.6965591, -111.9492104
08-09 22:33:15.485 23352 23466 D cellinfo: 46 bytes from 44.241.174.93: icmp_seq=19200 ttl=26 time=90.3 ms
08-09 22:33:15.507 23352 23352 D cellinfo: onCellInfoChanged: Operator: AT&T...1 UpdateTimestamp: 110668241 CellConnectionStatus: 0
08-09 22:33:15.507 23352 23352 D cellinfo: onCellInfoChanged: LTE Cell Bands: [12] Bandwidth: 2147483647 Cell ID: 115472145 Physical Cell ID: 221 Tracking Area Code: 39181 EARFCN: 5110
08-09 22:33:15.686 23352 23466 D cellinfo: 46 bytes from 44.241.174.93: icmp_seq=19201 ttl=26 time=89.9 ms
08-09 22:33:15.895 23352 23466 D cellinfo: 46 bytes from 44.241.174.93: icmp_seq=19202 ttl=26 time=98.3 ms
08-09 22:33:16.125 23352 23466 D cellinfo: 46 bytes from 44.241.174.93: icmp_seq=19203 ttl=26 time=127 ms
08-09 22:33:16.327 23352 23466 D cellinfo: 46 bytes from 44.241.174.93: icmp_seq=19204 ttl=26 time=127 ms
08-09 22:33:16.524 23352 23466 D cellinfo: 46 bytes from 44.241.174.93: icmp_seq=19205 ttl=26 time=124 ms
08-09 22:33:16.723 23352 23466 D cellinfo: 46 bytes from 44.241.174.93: icmp_seq=19206 ttl=26 time=121 ms
08-09 22:33:16.923 23352 23466 D cellinfo: 46 bytes from 44.241.174.93: icmp_seq=19207 ttl=26 time=120 ms
08-09 22:33:17.124 23352 23466 D cellinfo: 46 bytes from 44.241.174.93: icmp_seq=19208 ttl=26 time=120 ms
08-09 22:33:17.274 23352 23352 D cellinfo: onsignalStrengthsChanged: LTE Signal Strength info: rsrp: -74 rsrq: -12 rssi: -51 rssnr: 10
08-09 22:33:17.325 23352 23466 D cellinfo: 46 bytes from 44.241.174.93: icmp_seq=19209 ttl=26 time=118 ms
08-09 22:33:17.524 23352 23466 D cellinfo: 46 bytes from 44.241.174.93: icmp_seq=19210 ttl=26 time=117 ms
08-09 22:33:17.724 23352 23466 D cellinfo: 46 bytes from 44.241.174.93: icmp_seq=19211 ttl=26 time=116 ms
08-09 22:33:17.923 23352 23466 D cellinfo: 46 bytes from 44.241.174.93: icmp_seq=19212 ttl=26 time=115 ms
08-09 22:33:18.124 23352 23466 D cellinfo: 46 bytes from 44.241.174.93: icmp_seq=19213 ttl=26 time=114 ms
08-09 22:33:18.324 23352 23466 D cellinfo: 46 bytes from 44.241.174.93: icmp_seq=19214 ttl=26 time=113 ms
08-09 22:33:18.440 23352 23352 D cellinfo: Latitude is 40.6965591
08-09 22:33:18.440 23352 23352 D cellinfo: Longitude is -111.9492104
08-09 22:33:18.440 23352 23352 D cellinfo: Instantaneous GPS information: United States, 2195 W 3500 S, West Valley City, UT 84119, USA
08-09 22:33:18.440 23352 23352 D cellinfo: getCurrentLocation() result: Location (success): 40.6965591, -111.9492104
08-09 22:33:18.491 23352 23352 D cellinfo: onCellInfoChanged: Operator: AT&T...1 UpdateTimestamp: 110671227 CellConnectionStatus: 0
08-09 22:33:18.491 23352 23352 D cellinfo: onCellInfoChanged: LTE Cell Bands: [12] Bandwidth: 2147483647 Cell ID: 115472145 Physical Cell ID: 221 Tracking Area Code: 39181 EARFCN: 5110
08-09 22:33:18.523 23352 23466 D cellinfo: 46 bytes from 44.241.174.93: icmp_seq=19215 ttl=26 time=111 ms
08-09 22:33:18.723 23352 23466 D cellinfo: 46 bytes from 44.241.174.93: icmp_seq=19216 ttl=26 time=110 ms
08-09 22:33:18.924 23352 23466 D cellinfo: 46 bytes from 44.241.174.93: icmp_seq=19217 ttl=26 time=110 ms
08-09 22:33:19.124 23352 23466 D cellinfo: 46 bytes from 44.241.174.93: icmp_seq=19218 ttl=26 time=110 ms
08-09 22:33:19.323 23352 23466 D cellinfo: 46 bytes from 44.241.174.93: icmp_seq=19219 ttl=26 time=108 ms
08-09 22:33:19.523 23352 23466 D cellinfo: 46 bytes from 44.241.174.93: icmp_seq=19220 ttl=26 time=107 ms
08-09 22:33:19.724 23352 23466 D cellinfo: 46 bytes from 44.241.174.93: icmp_seq=19221 ttl=26 time=108 ms
08-09 22:33:19.923 23352 23466 D cellinfo: 46 bytes from 44.241.174.93: icmp_seq=19222 ttl=26 time=105 ms
08-09 22:33:20.124 23352 23466 D cellinfo: 46 bytes from 44.241.174.93: icmp_seq=19223 ttl=26 time=104 ms
08-09 22:33:20.324 23352 23466 D cellinfo: 46 bytes from 44.241.174.93: icmp_seq=19224 ttl=26 time=102 ms
08-09 22:33:20.524 23352 23466 D cellinfo: 46 bytes from 44.241.174.93: icmp_seq=19225 ttl=26 time=102 ms
08-09 22:33:20.723 23352 23466 D cellinfo: 46 bytes from 44.241.174.93: icmp_seq=19226 ttl=26 time=100 ms
08-09 22:33:20.923 23352 23466 D cellinfo: 46 bytes from 44.241.174.93: icmp_seq=19227 ttl=26 time=99.4 ms
08-09 22:33:21.117 23352 23466 D cellinfo: 46 bytes from 44.241.174.93: icmp_seq=19228 ttl=26 time=91.5 ms
08-09 22:33:21.326 23352 23466 D cellinfo: 46 bytes from 44.241.174.93: icmp_seq=19229 ttl=26 time=98.6 ms
08-09 22:33:21.441 23352 23352 D cellinfo: Latitude is 40.6965591
08-09 22:33:21.441 23352 23352 D cellinfo: Longitude is -111.9492104
08-09 22:33:21.442 23352 23352 D cellinfo: Instantaneous GPS information: United States, 2195 W 3500 S, West Valley City, UT 84119, USA
08-09 22:33:21.442 23352 23352 D cellinfo: getCurrentLocation() result: Location (success): 40.6965591, -111.9492104
08-09 22:33:21.492 23352 23352 D cellinfo: onCellInfoChanged: Operator: AT&T...1 UpdateTimestamp: 110674225 CellConnectionStatus: 0
08-09 22:33:21.492 23352 23352 D cellinfo: onCellInfoChanged: LTE Cell Bands: [12] Bandwidth: 2147483647 Cell ID: 115472145 Physical Cell ID: 221 Tracking Area Code: 39181 EARFCN: 5110
08-09 22:33:21.526 23352 23466 D cellinfo: 46 bytes from 44.241.174.93: icmp_seq=19230 ttl=26 time=99.4 ms
08-09 22:33:21.727 23352 23466 D cellinfo: 46 bytes from 44.241.174.93: icmp_seq=19231 ttl=26 time=98.2 ms
08-09 22:33:21.925 23352 23466 D cellinfo: 46 bytes from 44.241.174.93: icmp_seq=19232 ttl=26 time=96.0 ms
08-09 22:33:22.125 23352 23466 D cellinfo: 46 bytes from 44.241.174.93: icmp_seq=19233 ttl=26 time=95.3 ms
08-09 22:33:22.364 23352 23466 D cellinfo: 46 bytes from 44.241.174.93: icmp_seq=19234 ttl=26 time=131 ms
08-09 22:33:22.526 23352 23466 D cellinfo: 46 bytes from 44.241.174.93: icmp_seq=19235 ttl=26 time=92.3 ms
08-09 22:33:22.726 23352 23466 D cellinfo: 46 bytes from 44.241.174.93: icmp_seq=19236 ttl=26 time=90.7 ms
08-09 22:33:22.964 23352 23466 D cellinfo: 46 bytes from 44.241.174.93: icmp_seq=19237 ttl=26 time=127 ms
08-09 22:33:23.163 23352 23466 D cellinfo: 46 bytes from 44.241.174.93: icmp_seq=19238 ttl=26 time=126 ms
08-09 22:33:23.364 23352 23466 D cellinfo: 46 bytes from 44.241.174.93: icmp_seq=19239 ttl=26 time=125 ms
08-09 22:33:23.565 23352 23466 D cellinfo: 46 bytes from 44.241.174.93: icmp_seq=19240 ttl=26 time=124 ms
08-09 22:33:23.764 23352 23466 D cellinfo: 46 bytes from 44.241.174.93: icmp_seq=19241 ttl=26 time=123 ms
08-09 22:33:23.964 23352 23466 D cellinfo: 46 bytes from 44.241.174.93: icmp_seq=19242 ttl=26 time=121 ms
08-09 22:33:24.138 23352 23466 D cellinfo: 46 bytes from 44.241.174.93: icmp_seq=19243 ttl=26 time=95.2 ms
08-09 22:33:24.337 23352 23466 D cellinfo: 46 bytes from 44.241.174.93: icmp_seq=19244 ttl=26 time=93.7 ms
08-09 22:33:24.478 23352 23352 D cellinfo: onCellInfoChanged: Operator: AT&T...1 UpdateTimestamp: 110677213 CellConnectionStatus: 0
08-09 22:33:24.478 23352 23352 D cellinfo: onCellInfoChanged: LTE Cell Bands: [12] Bandwidth: 2147483647 Cell ID: 115472145 Physical Cell ID: 221 Tracking Area Code: 39181 EARFCN: 5110
08-09 22:33:24.564 23352 23466 D cellinfo: 46 bytes from 44.241.174.93: icmp_seq=19245 ttl=26 time=119 ms
08-09 22:33:24.764 23352 23466 D cellinfo: 46 bytes from 44.241.174.93: icmp_seq=19246 ttl=26 time=118 ms
08-09 22:33:24.964 23352 23466 D cellinfo: 46 bytes from 44.241.174.93: icmp_seq=19247 ttl=26 time=118 ms
08-09 22:33:25.164 23352 23466 D cellinfo: 46 bytes from 44.241.174.93: icmp_seq=19248 ttl=26 time=116 ms
08-09 22:33:25.364 23352 23466 D cellinfo: 46 bytes from 44.241.174.93: icmp_seq=19249 ttl=26 time=114 ms
08-09 22:33:25.564 23352 23466 D cellinfo: 46 bytes from 44.241.174.93: icmp_seq=19250 ttl=26 time=113 ms
08-09 22:33:25.763 23352 23466 D cellinfo: 46 bytes from 44.241.174.93: icmp_seq=19251 ttl=26 time=112 ms
08-09 22:33:25.949 23352 23466 D cellinfo: 46 bytes from 44.241.174.93: icmp_seq=19252 ttl=26 time=96.7 ms
08-09 22:33:26.150 23352 23466 D cellinfo: 46 bytes from 44.241.174.93: icmp_seq=19253 ttl=26 time=95.5 ms
08-09 22:33:26.363 23352 23466 D cellinfo: 46 bytes from 44.241.174.93: icmp_seq=19254 ttl=26 time=106 ms
08-09 22:33:26.531 23352 23352 D cellinfo: Latitude is 40.6966751
08-09 22:33:26.531 23352 23352 D cellinfo: Longitude is -111.9483077
08-09 22:33:26.531 23352 23352 D cellinfo: Instantaneous GPS information: United States, 3500 S / Decker Lake Dr (EB), West Valley City, UT 84119, USA
08-09 22:33:26.531 23352 23352 D cellinfo: getCurrentLocation() result: Location (success): 40.6966751, -111.9483077
08-09 22:33:26.549 23352 23466 D cellinfo: 46 bytes from 44.241.174.93: icmp_seq=19255 ttl=26 time=90.7 ms
08-09 22:33:26.764 23352 23466 D cellinfo: 46 bytes from 44.241.174.93: icmp_seq=19256 ttl=26 time=105 ms
08-09 22:33:26.964 23352 23466 D cellinfo: 46 bytes from 44.241.174.93: icmp_seq=19257 ttl=26 time=104 ms
08-09 22:33:27.164 23352 23466 D cellinfo: 46 bytes from 44.241.174.93: icmp_seq=19258 ttl=26 time=102 ms
08-09 22:33:27.364 23352 23466 D cellinfo: 46 bytes from 44.241.174.93: icmp_seq=19259 ttl=26 time=100 ms
08-09 22:33:27.439 23352 23352 D cellinfo: Latitude is 40.6966751
08-09 22:33:27.439 23352 23352 D cellinfo: Longitude is -111.9483077
08-09 22:33:27.439 23352 23352 D cellinfo: Instantaneous GPS information: United States, 3500 S / Decker Lake Dr (EB), West Valley City, UT 84119, USA
08-09 22:33:27.439 23352 23352 D cellinfo: getCurrentLocation() result: Location (success): 40.6966751, -111.9483077
08-09 22:33:27.476 23352 23352 D cellinfo: onCellInfoChanged: Operator: AT&T...1 UpdateTimestamp: 110680212 CellConnectionStatus: 0
08-09 22:33:27.476 23352 23352 D cellinfo: onCellInfoChanged: LTE Cell Bands: [12] Bandwidth: 2147483647 Cell ID: 115472145 Physical Cell ID: 221 Tracking Area Code: 39181 EARFCN: 5110
08-09 22:33:27.571 23352 23466 D cellinfo: 46 bytes from 44.241.174.93: icmp_seq=19260 ttl=26 time=107 ms
08-09 22:33:27.766 23352 23466 D cellinfo: 46 bytes from 44.241.174.93: icmp_seq=19261 ttl=26 time=99.4 ms
08-09 22:33:27.966 23352 23466 D cellinfo: 46 bytes from 44.241.174.93: icmp_seq=19262 ttl=26 time=99.7 ms
08-09 22:33:28.166 23352 23466 D cellinfo: 46 bytes from 44.241.174.93: icmp_seq=19263 ttl=26 time=98.5 ms
08-09 22:33:28.366 23352 23466 D cellinfo: 46 bytes from 44.241.174.93: icmp_seq=19264 ttl=26 time=98.1 ms
08-09 22:33:28.567 23352 23466 D cellinfo: 46 bytes from 44.241.174.93: icmp_seq=19265 ttl=26 time=98.2 ms
08-09 22:33:28.765 23352 23466 D cellinfo: 46 bytes from 44.241.174.93: icmp_seq=19266 ttl=26 time=95.9 ms
08-09 22:33:28.965 23352 23466 D cellinfo: 46 bytes from 44.241.174.93: icmp_seq=19267 ttl=26 time=94.8 ms
08-09 22:33:29.165 23352 23466 D cellinfo: 46 bytes from 44.241.174.93: icmp_seq=19268 ttl=26 time=94.1 ms
08-09 22:33:29.367 23352 23466 D cellinfo: 46 bytes from 44.241.174.93: icmp_seq=19269 ttl=26 time=94.8 ms
08-09 22:33:29.567 23352 23466 D cellinfo: 46 bytes from 44.241.174.93: icmp_seq=19270 ttl=26 time=94.4 ms
08-09 22:33:29.764 23352 23466 D cellinfo: 46 bytes from 44.241.174.93: icmp_seq=19271 ttl=26 time=91.0 ms
08-09 22:33:30.003 23352 23466 D cellinfo: 46 bytes from 44.241.174.93: icmp_seq=19272 ttl=26 time=128 ms
08-09 22:33:30.204 23352 23466 D cellinfo: 46 bytes from 44.241.174.93: icmp_seq=19273 ttl=26 time=129 ms
08-09 22:33:30.367 23352 23466 D cellinfo: 46 bytes from 44.241.174.93: icmp_seq=19274 ttl=26 time=92.2 ms
08-09 22:33:30.435 23352 23352 D cellinfo: Latitude is 40.6966751
08-09 22:33:30.435 23352 23352 D cellinfo: Longitude is -111.9483077
08-09 22:33:30.435 23352 23352 D cellinfo: Instantaneous GPS information: United States, 3500 S / Decker Lake Dr (EB), West Valley City, UT 84119, USA
08-09 22:33:30.435 23352 23352 D cellinfo: getCurrentLocation() result: Location (success): 40.6966751, -111.9483077
08-09 22:33:30.603 23352 23466 D cellinfo: 46 bytes from 44.241.174.93: icmp_seq=19275 ttl=26 time=126 ms
08-09 22:33:30.627 23352 23352 D cellinfo: onCellInfoChanged: Operator: AT&T...1 UpdateTimestamp: 110683349 CellConnectionStatus: 0
08-09 22:33:30.628 23352 23352 D cellinfo: onCellInfoChanged: LTE Cell Bands: [12] Bandwidth: 2147483647 Cell ID: 115472145 Physical Cell ID: 221 Tracking Area Code: 39181 EARFCN: 5110
08-09 22:33:30.806 23352 23466 D cellinfo: 46 bytes from 44.241.174.93: icmp_seq=19276 ttl=26 time=128 ms
08-09 22:33:30.866 23352 23352 D cellinfo: onsignalStrengthsChanged: LTE Signal Strength info: rsrp: -71 rsrq: -10 rssi: -51 rssnr: 8
08-09 22:33:30.965 23352 23466 D cellinfo: 46 bytes from 44.241.174.93: icmp_seq=19277 ttl=26 time=87.7 ms
08-09 22:33:31.204 23352 23466 D cellinfo: 46 bytes from 44.241.174.93: icmp_seq=19278 ttl=26 time=123 ms
08-09 22:33:31.403 23352 23466 D cellinfo: 46 bytes from 44.241.174.93: icmp_seq=19279 ttl=26 time=122 ms
08-09 22:33:31.603 23352 23466 D cellinfo: 46 bytes from 44.241.174.93: icmp_seq=19280 ttl=26 time=121 ms
08-09 22:33:31.803 23352 23466 D cellinfo: 46 bytes from 44.241.174.93: icmp_seq=19281 ttl=26 time=120 ms
08-09 22:33:32.003 23352 23466 D cellinfo: 46 bytes from 44.241.174.93: icmp_seq=19282 ttl=26 time=119 ms
08-09 22:33:32.202 23352 23466 D cellinfo: 46 bytes from 44.241.174.93: icmp_seq=19283 ttl=26 time=119 ms
08-09 22:33:32.403 23352 23466 D cellinfo: 46 bytes from 44.241.174.93: icmp_seq=19284 ttl=26 time=119 ms
08-09 22:33:32.603 23352 23466 D cellinfo: 46 bytes from 44.241.174.93: icmp_seq=19285 ttl=26 time=118 ms
08-09 22:33:32.803 23352 23466 D cellinfo: 46 bytes from 44.241.174.93: icmp_seq=19286 ttl=26 time=117 ms
08-09 22:33:33.004 23352 23466 D cellinfo: 46 bytes from 44.241.174.93: icmp_seq=19287 ttl=26 time=116 ms
08-09 22:33:33.106 23352 23352 D cellinfo: onsignalStrengthsChanged: LTE Signal Strength info: rsrp: -71 rsrq: -10 rssi: -51 rssnr: 9
08-09 22:33:33.204 23352 23466 D cellinfo: 46 bytes from 44.241.174.93: icmp_seq=19288 ttl=26 time=117 ms
08-09 22:33:33.402 23352 23466 D cellinfo: 46 bytes from 44.241.174.93: icmp_seq=19289 ttl=26 time=116 ms
08-09 22:33:33.446 23352 23352 D cellinfo: Latitude is 40.6966751
08-09 22:33:33.446 23352 23352 D cellinfo: Longitude is -111.9483077
08-09 22:33:33.446 23352 23352 D cellinfo: Instantaneous GPS information: United States, 3500 S / Decker Lake Dr (EB), West Valley City, UT 84119, USA
08-09 22:33:33.446 23352 23352 D cellinfo: getCurrentLocation() result: Location (success): 40.6966751, -111.9483077
08-09 22:33:33.551 23352 23352 D cellinfo: onCellInfoChanged: Operator: AT&T...1 UpdateTimestamp: 110686284 CellConnectionStatus: 0
08-09 22:33:33.551 23352 23352 D cellinfo: onCellInfoChanged: LTE Cell Bands: [12] Bandwidth: 2147483647 Cell ID: 115472145 Physical Cell ID: 221 Tracking Area Code: 39181 EARFCN: 5110
08-09 22:33:33.603 23352 23466 D cellinfo: 46 bytes from 44.241.174.93: icmp_seq=19290 ttl=26 time=115 ms
08-09 22:33:33.804 23352 23466 D cellinfo: 46 bytes from 44.241.174.93: icmp_seq=19291 ttl=26 time=115 ms
08-09 22:33:34.003 23352 23466 D cellinfo: 46 bytes from 44.241.174.93: icmp_seq=19292 ttl=26 time=113 ms
08-09 22:33:34.203 23352 23466 D cellinfo: 46 bytes from 44.241.174.93: icmp_seq=19293 ttl=26 time=113 ms
08-09 22:33:34.404 23352 23466 D cellinfo: 46 bytes from 44.241.174.93: icmp_seq=19294 ttl=26 time=113 ms
08-09 22:33:34.603 23352 23466 D cellinfo: 46 bytes from 44.241.174.93: icmp_seq=19295 ttl=26 time=111 ms
08-09 22:33:34.803 23352 23466 D cellinfo: 46 bytes from 44.241.174.93: icmp_seq=19296 ttl=26 time=110 ms
08-09 22:33:35.003 23352 23466 D cellinfo: 46 bytes from 44.241.174.93: icmp_seq=19297 ttl=26 time=109 ms
08-09 22:33:35.203 23352 23466 D cellinfo: 46 bytes from 44.241.174.93: icmp_seq=19298 ttl=26 time=109 ms
08-09 22:33:35.277 23352 23352 D cellinfo: onsignalStrengthsChanged: LTE Signal Strength info: rsrp: -72 rsrq: -10 rssi: -51 rssnr: 8
08-09 22:33:35.403 23352 23466 D cellinfo: 46 bytes from 44.241.174.93: icmp_seq=19299 ttl=26 time=108 ms
08-09 22:33:35.604 23352 23466 D cellinfo: 46 bytes from 44.241.174.93: icmp_seq=19300 ttl=26 time=107 ms
08-09 22:33:35.803 23352 23466 D cellinfo: 46 bytes from 44.241.174.93: icmp_seq=19301 ttl=26 time=106 ms
08-09 22:33:36.003 23352 23466 D cellinfo: 46 bytes from 44.241.174.93: icmp_seq=19302 ttl=26 time=105 ms
08-09 22:33:36.204 23352 23466 D cellinfo: 46 bytes from 44.241.174.93: icmp_seq=19303 ttl=26 time=105 ms
08-09 22:33:36.404 23352 23466 D cellinfo: 46 bytes from 44.241.174.93: icmp_seq=19304 ttl=26 time=104 ms
08-09 22:33:36.472 23352 23352 D cellinfo: onCellInfoChanged: Operator: AT&T...1 UpdateTimestamp: 110689207 CellConnectionStatus: 0
08-09 22:33:36.472 23352 23352 D cellinfo: onCellInfoChanged: LTE Cell Bands: [12] Bandwidth: 2147483647 Cell ID: 115472145 Physical Cell ID: 221 Tracking Area Code: 39181 EARFCN: 5110
08-09 22:33:36.604 23352 23466 D cellinfo: 46 bytes from 44.241.174.93: icmp_seq=19305 ttl=26 time=103 ms
08-09 22:33:36.804 23352 23466 D cellinfo: 46 bytes from 44.241.174.93: icmp_seq=19306 ttl=26 time=102 ms
08-09 22:33:37.004 23352 23466 D cellinfo: 46 bytes from 44.241.174.93: icmp_seq=19307 ttl=26 time=101 ms
08-09 22:33:37.204 23352 23466 D cellinfo: 46 bytes from 44.241.174.93: icmp_seq=19308 ttl=26 time=102 ms
08-09 22:33:37.403 23352 23466 D cellinfo: 46 bytes from 44.241.174.93: icmp_seq=19309 ttl=26 time=101 ms
08-09 22:33:37.603 23352 23466 D cellinfo: 46 bytes from 44.241.174.93: icmp_seq=19310 ttl=26 time=100 ms
08-09 22:33:37.802 23352 23466 D cellinfo: 46 bytes from 44.241.174.93: icmp_seq=19311 ttl=26 time=99.7 ms
08-09 22:33:38.006 23352 23466 D cellinfo: 46 bytes from 44.241.174.93: icmp_seq=19312 ttl=26 time=100 ms
08-09 22:33:38.205 23352 23466 D cellinfo: 46 bytes from 44.241.174.93: icmp_seq=19313 ttl=26 time=98.4 ms
08-09 22:33:38.399 23352 23466 D cellinfo: 46 bytes from 44.241.174.93: icmp_seq=19314 ttl=26 time=88.7 ms
08-09 22:33:38.607 23352 23466 D cellinfo: 46 bytes from 44.241.174.93: icmp_seq=19315 ttl=26 time=94.6 ms
08-09 22:33:38.609 23352 23352 D cellinfo: Latitude is 40.6972352
08-09 22:33:38.609 23352 23352 D cellinfo: Longitude is -111.9476677
08-09 22:33:38.609 23352 23352 D cellinfo: Instantaneous GPS information: United States, 2200-2222 W 3500 S, West Valley City, UT 84119, USA
08-09 22:33:38.610 23352 23352 D cellinfo: getCurrentLocation() result: Location (success): 40.6972352, -111.9476677
08-09 22:33:38.806 23352 23466 D cellinfo: 46 bytes from 44.241.174.93: icmp_seq=19316 ttl=26 time=92.5 ms
08-09 22:33:39.006 23352 23466 D cellinfo: 46 bytes from 44.241.174.93: icmp_seq=19317 ttl=26 time=91.4 ms
08-09 22:33:39.205 23352 23466 D cellinfo: 46 bytes from 44.241.174.93: icmp_seq=19318 ttl=26 time=92.1 ms
08-09 22:33:39.406 23352 23466 D cellinfo: 46 bytes from 44.241.174.93: icmp_seq=19319 ttl=26 time=92.8 ms
08-09 22:33:39.435 23352 23352 D cellinfo: Latitude is 40.6972352
08-09 22:33:39.435 23352 23352 D cellinfo: Longitude is -111.9476677
08-09 22:33:39.435 23352 23352 D cellinfo: Instantaneous GPS information: United States, 2200-2222 W 3500 S, West Valley City, UT 84119, USA
08-09 22:33:39.435 23352 23352 D cellinfo: getCurrentLocation() result: Location (success): 40.6972352, -111.9476677
08-09 22:33:39.499 23352 23352 D cellinfo: onCellInfoChanged: Operator: AT&T...1 UpdateTimestamp: 110692235 CellConnectionStatus: 0
08-09 22:33:39.499 23352 23352 D cellinfo: onCellInfoChanged: LTE Cell Bands: [12] Bandwidth: 2147483647 Cell ID: 115472145 Physical Cell ID: 221 Tracking Area Code: 39181 EARFCN: 5110
08-09 22:33:39.606 23352 23466 D cellinfo: 46 bytes from 44.241.174.93: icmp_seq=19320 ttl=26 time=92.2 ms
08-09 22:33:39.842 23352 23466 D cellinfo: 46 bytes from 44.241.174.93: icmp_seq=19321 ttl=26 time=128 ms
08-09 22:33:40.044 23352 23466 D cellinfo: 46 bytes from 44.241.174.93: icmp_seq=19322 ttl=26 time=128 ms
08-09 22:33:40.242 23352 23466 D cellinfo: 46 bytes from 44.241.174.93: icmp_seq=19323 ttl=26 time=127 ms
08-09 22:33:40.443 23352 23466 D cellinfo: 46 bytes from 44.241.174.93: icmp_seq=19324 ttl=26 time=126 ms
08-09 22:33:40.644 23352 23466 D cellinfo: 46 bytes from 44.241.174.93: icmp_seq=19325 ttl=26 time=127 ms
08-09 22:33:40.843 23352 23466 D cellinfo: 46 bytes from 44.241.174.93: icmp_seq=19326 ttl=26 time=125 ms
08-09 22:33:41.044 23352 23466 D cellinfo: 46 bytes from 44.241.174.93: icmp_seq=19327 ttl=26 time=124 ms
08-09 22:33:41.242 23352 23466 D cellinfo: 46 bytes from 44.241.174.93: icmp_seq=19328 ttl=26 time=124 ms
08-09 22:33:41.407 23352 23466 D cellinfo: 46 bytes from 44.241.174.93: icmp_seq=19329 ttl=26 time=88.6 ms
08-09 22:33:41.642 23352 23466 D cellinfo: 46 bytes from 44.241.174.93: icmp_seq=19330 ttl=26 time=122 ms
08-09 22:33:41.843 23352 23466 D cellinfo: 46 bytes from 44.241.174.93: icmp_seq=19331 ttl=26 time=122 ms
08-09 22:33:42.043 23352 23466 D cellinfo: 46 bytes from 44.241.174.93: icmp_seq=19332 ttl=26 time=121 ms
08-09 22:33:42.243 23352 23466 D cellinfo: 46 bytes from 44.241.174.93: icmp_seq=19333 ttl=26 time=122 ms
08-09 22:33:42.443 23352 23352 D cellinfo: Latitude is 40.6972352
08-09 22:33:42.443 23352 23352 D cellinfo: Longitude is -111.9476677
08-09 22:33:42.443 23352 23352 D cellinfo: Instantaneous GPS information: United States, 2200-2222 W 3500 S, West Valley City, UT 84119, USA
08-09 22:33:42.443 23352 23352 D cellinfo: getCurrentLocation() result: Location (success): 40.6972352, -111.9476677
08-09 22:33:42.443 23352 23466 D cellinfo: 46 bytes from 44.241.174.93: icmp_seq=19334 ttl=26 time=120 ms
08-09 22:33:42.482 23352 23352 D cellinfo: onCellInfoChanged: Operator: AT&T...1 UpdateTimestamp: 110695219 CellConnectionStatus: 0
08-09 22:33:42.482 23352 23352 D cellinfo: onCellInfoChanged: LTE Cell Bands: [12] Bandwidth: 2147483647 Cell ID: 115472145 Physical Cell ID: 221 Tracking Area Code: 39181 EARFCN: 5110
08-09 22:33:42.643 23352 23466 D cellinfo: 46 bytes from 44.241.174.93: icmp_seq=19335 ttl=26 time=119 ms
08-09 22:33:42.844 23352 23466 D cellinfo: 46 bytes from 44.241.174.93: icmp_seq=19336 ttl=26 time=117 ms
08-09 22:33:43.044 23352 23466 D cellinfo: 46 bytes from 44.241.174.93: icmp_seq=19337 ttl=26 time=118 ms
08-09 22:33:43.243 23352 23466 D cellinfo: 46 bytes from 44.241.174.93: icmp_seq=19338 ttl=26 time=116 ms
08-09 22:33:43.444 23352 23466 D cellinfo: 46 bytes from 44.241.174.93: icmp_seq=19339 ttl=26 time=115 ms
08-09 22:33:43.643 23352 23466 D cellinfo: 46 bytes from 44.241.174.93: icmp_seq=19340 ttl=26 time=114 ms
08-09 22:33:43.845 23352 23466 D cellinfo: 46 bytes from 44.241.174.93: icmp_seq=19341 ttl=26 time=113 ms
08-09 22:33:44.043 23352 23466 D cellinfo: 46 bytes from 44.241.174.93: icmp_seq=19342 ttl=26 time=113 ms
08-09 22:33:44.246 23352 23466 D cellinfo: 46 bytes from 44.241.174.93: icmp_seq=19343 ttl=26 time=114 ms
08-09 22:33:44.307 23352 23352 D cellinfo: onsignalStrengthsChanged: LTE Signal Strength info: rsrp: -75 rsrq: -10 rssi: -51 rssnr: 8
08-09 22:33:44.443 23352 23466 D cellinfo: 46 bytes from 44.241.174.93: icmp_seq=19344 ttl=26 time=111 ms
08-09 22:33:44.644 23352 23466 D cellinfo: 46 bytes from 44.241.174.93: icmp_seq=19345 ttl=26 time=109 ms
08-09 22:33:44.844 23352 23466 D cellinfo: 46 bytes from 44.241.174.93: icmp_seq=19346 ttl=26 time=108 ms
08-09 22:33:45.043 23352 23466 D cellinfo: 46 bytes from 44.241.174.93: icmp_seq=19347 ttl=26 time=106 ms
08-09 22:33:45.243 23352 23466 D cellinfo: 46 bytes from 44.241.174.93: icmp_seq=19348 ttl=26 time=107 ms
08-09 22:33:45.444 23352 23466 D cellinfo: 46 bytes from 44.241.174.93: icmp_seq=19349 ttl=26 time=106 ms
08-09 22:33:45.456 23352 23352 D cellinfo: Latitude is 40.6972352
08-09 22:33:45.456 23352 23352 D cellinfo: Longitude is -111.9476677
08-09 22:33:45.456 23352 23352 D cellinfo: Instantaneous GPS information: United States, 2200-2222 W 3500 S, West Valley City, UT 84119, USA
08-09 22:33:45.456 23352 23352 D cellinfo: getCurrentLocation() result: Location (success): 40.6972352, -111.9476677
08-09 22:33:45.497 23352 23352 D cellinfo: onCellInfoChanged: Operator: AT&T...1 UpdateTimestamp: 110698233 CellConnectionStatus: 0
08-09 22:33:45.497 23352 23352 D cellinfo: onCellInfoChanged: LTE Cell Bands: [12] Bandwidth: 2147483647 Cell ID: 115472145 Physical Cell ID: 221 Tracking Area Code: 39181 EARFCN: 5110
08-09 22:33:45.644 23352 23466 D cellinfo: 46 bytes from 44.241.174.93: icmp_seq=19350 ttl=26 time=105 ms
08-09 22:33:45.842 23352 23466 D cellinfo: 46 bytes from 44.241.174.93: icmp_seq=19351 ttl=26 time=103 ms
08-09 22:33:46.043 23352 23466 D cellinfo: 46 bytes from 44.241.174.93: icmp_seq=19352 ttl=26 time=102 ms
08-09 22:33:46.244 23352 23466 D cellinfo: 46 bytes from 44.241.174.93: icmp_seq=19353 ttl=26 time=102 ms
08-09 22:33:46.443 23352 23466 D cellinfo: 46 bytes from 44.241.174.93: icmp_seq=19354 ttl=26 time=101 ms
08-09 22:33:46.645 23352 23466 D cellinfo: 46 bytes from 44.241.174.93: icmp_seq=19355 ttl=26 time=100 ms
08-09 22:33:46.844 23352 23466 D cellinfo: 46 bytes from 44.241.174.93: icmp_seq=19356 ttl=26 time=98.6 ms
08-09 22:33:47.044 23352 23466 D cellinfo: 46 bytes from 44.241.174.93: icmp_seq=19357 ttl=26 time=97.8 ms
08-09 22:33:47.243 23352 23466 D cellinfo: 46 bytes from 44.241.174.93: icmp_seq=19358 ttl=26 time=98.1 ms
08-09 22:33:47.282 23352 23352 D cellinfo: onsignalStrengthsChanged: LTE Signal Strength info: rsrp: -74 rsrq: -10 rssi: -51 rssnr: 9
08-09 22:33:47.447 23352 23466 D cellinfo: 46 bytes from 44.241.174.93: icmp_seq=19359 ttl=26 time=100 ms
08-09 22:33:47.647 23352 23466 D cellinfo: 46 bytes from 44.241.174.93: icmp_seq=19360 ttl=26 time=98.1 ms
08-09 22:33:47.848 23352 23466 D cellinfo: 46 bytes from 44.241.174.93: icmp_seq=19361 ttl=26 time=98.5 ms
08-09 22:33:48.047 23352 23466 D cellinfo: 46 bytes from 44.241.174.93: icmp_seq=19362 ttl=26 time=95.9 ms
08-09 22:33:48.246 23352 23466 D cellinfo: 46 bytes from 44.241.174.93: icmp_seq=19363 ttl=26 time=95.8 ms
08-09 22:33:48.446 23352 23466 D cellinfo: 46 bytes from 44.241.174.93: icmp_seq=19364 ttl=26 time=95.6 ms
08-09 22:33:48.467 23352 23352 D cellinfo: onCellInfoChanged: Operator: AT&T...1 UpdateTimestamp: 110701204 CellConnectionStatus: 0
08-09 22:33:48.467 23352 23352 D cellinfo: onCellInfoChanged: LTE Cell Bands: [12] Bandwidth: 2147483647 Cell ID: 115472145 Physical Cell ID: 221 Tracking Area Code: 39181 EARFCN: 5110
08-09 22:33:48.646 23352 23466 D cellinfo: 46 bytes from 44.241.174.93: icmp_seq=19365 ttl=26 time=94.0 ms
