08-09 22:30:44.576 23352 23466 D cellinfo: 46 bytes from 44.241.174.93: icmp_seq=18449 ttl=26 time=116 ms
08-09 22:30:44.815 23352 23466 D cellinfo: 46 bytes from 44.241.174.93: icmp_seq=18450 ttl=26 time=154 ms
08-09 22:30:44.974 23352 23466 D cellinfo: 46 bytes from 44.241.174.93: icmp_seq=18451 ttl=26 time=114 ms
08-09 22:30:45.095 23352 23352 D cellinfo: onsignalStrengthsChanged: LTE Signal Strength info: rsrp: -85 rsrq: -12 rssi: -51 rssnr: 10
08-09 22:30:45.174 23352 23466 D cellinfo: 46 bytes from 44.241.174.93: icmp_seq=18452 ttl=26 time=113 ms
08-09 22:30:45.374 23352 23466 D cellinfo: 46 bytes from 44.241.174.93: icmp_seq=18453 ttl=26 time=111 ms
08-09 22:30:45.433 23352 23352 D cellinfo: Latitude is 40.6589195
08-09 22:30:45.433 23352 23352 D cellinfo: Longitude is -111.9524294
08-09 22:30:45.433 23352 23352 D cellinfo: Instantaneous GPS information: United States, 2373 W Smith Legacy Cv, Taylorsville, UT 84129, USA
08-09 22:30:45.433 23352 23352 D cellinfo: getCurrentLocation() result: Location (success): 40.6589195, -111.9524294
08-09 22:30:45.492 23352 23352 D cellinfo: onCellInfoChanged: Operator: AT&T...1 UpdateTimestamp: 110518229 CellConnectionStatus: 0
08-09 22:30:45.492 23352 23352 D cellinfo: onCellInfoChanged: LTE Cell Bands: [2] Bandwidth: 2147483647 Cell ID: 115720713 Physical Cell ID: 151 Tracking Area Code: 39181 EARFCN: 1100
08-09 22:30:45.575 23352 23466 D cellinfo: 46 bytes from 44.241.174.93: icmp_seq=18454 ttl=26 time=110 ms
08-09 22:30:45.774 23352 23466 D cellinfo: 46 bytes from 44.241.174.93: icmp_seq=18455 ttl=26 time=109 ms
08-09 22:30:45.974 23352 23466 D cellinfo: 46 bytes from 44.241.174.93: icmp_seq=18456 ttl=26 time=108 ms
08-09 22:30:46.174 23352 23466 D cellinfo: 46 bytes from 44.241.174.93: icmp_seq=18457 ttl=26 time=107 ms
08-09 22:30:46.414 23352 23466 D cellinfo: 46 bytes from 44.241.174.93: icmp_seq=18458 ttl=26 time=145 ms
08-09 22:30:46.580 23352 23466 D cellinfo: 46 bytes from 44.241.174.93: icmp_seq=18459 ttl=26 time=110 ms
08-09 22:30:46.774 23352 23466 D cellinfo: 46 bytes from 44.241.174.93: icmp_seq=18460 ttl=26 time=104 ms
08-09 22:30:46.974 23352 23466 D cellinfo: 46 bytes from 44.241.174.93: icmp_seq=18461 ttl=26 time=103 ms
08-09 22:30:47.174 23352 23466 D cellinfo: 46 bytes from 44.241.174.93: icmp_seq=18462 ttl=26 time=102 ms
08-09 22:30:47.382 23352 23466 D cellinfo: 46 bytes from 44.241.174.93: icmp_seq=18463 ttl=26 time=108 ms
08-09 22:30:47.575 23352 23466 D cellinfo: 46 bytes from 44.241.174.93: icmp_seq=18464 ttl=26 time=99.9 ms
08-09 22:30:47.774 23352 23466 D cellinfo: 46 bytes from 44.241.174.93: icmp_seq=18465 ttl=26 time=99.4 ms
08-09 22:30:47.975 23352 23466 D cellinfo: 46 bytes from 44.241.174.93: icmp_seq=18466 ttl=26 time=98.1 ms
08-09 22:30:48.179 23352 23466 D cellinfo: 46 bytes from 44.241.174.93: icmp_seq=18467 ttl=26 time=101 ms
08-09 22:30:48.380 23352 23466 D cellinfo: 46 bytes from 44.241.174.93: icmp_seq=18468 ttl=26 time=101 ms
08-09 22:30:48.476 23352 23352 D cellinfo: onCellInfoChanged: Operator: AT&T...1 UpdateTimestamp: 110521212 CellConnectionStatus: 0
08-09 22:30:48.476 23352 23352 D cellinfo: onCellInfoChanged: LTE Cell Bands: [2] Bandwidth: 2147483647 Cell ID: 115720713 Physical Cell ID: 151 Tracking Area Code: 39181 EARFCN: 1100
08-09 22:30:48.580 23352 23466 D cellinfo: 46 bytes from 44.241.174.93: icmp_seq=18469 ttl=26 time=100 ms
08-09 22:30:48.779 23352 23466 D cellinfo: 46 bytes from 44.241.174.93: icmp_seq=18470 ttl=26 time=99.2 ms
08-09 22:30:49.015 23352 23466 D cellinfo: 46 bytes from 44.241.174.93: icmp_seq=18471 ttl=26 time=135 ms
08-09 22:30:49.179 23352 23466 D cellinfo: 46 bytes from 44.241.174.93: icmp_seq=18472 ttl=26 time=98.2 ms
08-09 22:30:49.414 23352 23466 D cellinfo: 46 bytes from 44.241.174.93: icmp_seq=18473 ttl=26 time=132 ms
08-09 22:30:49.580 23352 23466 D cellinfo: 46 bytes from 44.241.174.93: icmp_seq=18474 ttl=26 time=96.1 ms
08-09 22:30:49.786 23352 23466 D cellinfo: 46 bytes from 44.241.174.93: icmp_seq=18475 ttl=26 time=99.7 ms
08-09 22:30:49.983 23352 23466 D cellinfo: 46 bytes from 44.241.174.93: icmp_seq=18476 ttl=26 time=95.0 ms
08-09 22:30:50.183 23352 23352 D cellinfo: Latitude is 40.6623815
08-09 22:30:50.183 23352 23352 D cellinfo: Longitude is -111.9524047
08-09 22:30:50.183 23352 23352 D cellinfo: Instantaneous GPS information: United States, 4968 Valois Dr, Salt Lake City, UT 84118, USA
08-09 22:30:50.183 23352 23352 D cellinfo: getCurrentLocation() result: Location (success): 40.6623815, -111.9524047
08-09 22:30:50.189 23352 23466 D cellinfo: 46 bytes from 44.241.174.93: icmp_seq=18477 ttl=26 time=99.5 ms
08-09 22:30:50.216 23352 23352 D cellinfo: onsignalStrengthsChanged: LTE Signal Strength info: rsrp: -82 rsrq: -12 rssi: -51 rssnr: 12
08-09 22:30:50.391 23352 23466 D cellinfo: 46 bytes from 44.241.174.93: icmp_seq=18478 ttl=26 time=99.5 ms
08-09 22:30:50.598 23352 23466 D cellinfo: 46 bytes from 44.241.174.93: icmp_seq=18479 ttl=26 time=105 ms
08-09 22:30:50.815 23352 23466 D cellinfo: 46 bytes from 44.241.174.93: icmp_seq=18480 ttl=26 time=120 ms
08-09 22:30:51.056 23352 23466 D cellinfo: 46 bytes from 44.241.174.93: icmp_seq=18481 ttl=26 time=159 ms
08-09 22:30:51.256 23352 23466 D cellinfo: 46 bytes from 44.241.174.93: icmp_seq=18482 ttl=26 time=159 ms
08-09 22:30:51.433 23352 23352 D cellinfo: Latitude is 40.6623815
08-09 22:30:51.433 23352 23352 D cellinfo: Longitude is -111.9524047
08-09 22:30:51.433 23352 23352 D cellinfo: Instantaneous GPS information: United States, 4968 Valois Dr, Salt Lake City, UT 84118, USA
08-09 22:30:51.433 23352 23352 D cellinfo: getCurrentLocation() result: Location (success): 40.6623815, -111.9524047
08-09 22:30:51.494 23352 23466 D cellinfo: 46 bytes from 44.241.174.93: icmp_seq=18483 ttl=26 time=199 ms
08-09 22:30:51.511 23352 23352 D cellinfo: onCellInfoChanged: Operator: AT&T...1 UpdateTimestamp: 110524234 CellConnectionStatus: 0
08-09 22:30:51.512 23352 23352 D cellinfo: onCellInfoChanged: LTE Cell Bands: [2] Bandwidth: 2147483647 Cell ID: 115720713 Physical Cell ID: 151 Tracking Area Code: 39181 EARFCN: 1100
08-09 22:30:51.615 23352 23466 D cellinfo: 46 bytes from 44.241.174.93: icmp_seq=18484 ttl=26 time=118 ms
08-09 22:30:51.815 23352 23466 D cellinfo: 46 bytes from 44.241.174.93: icmp_seq=18485 ttl=26 time=117 ms
08-09 22:30:52.016 23352 23466 D cellinfo: 46 bytes from 44.241.174.93: icmp_seq=18486 ttl=26 time=117 ms
08-09 22:30:52.255 23352 23466 D cellinfo: 46 bytes from 44.241.174.93: icmp_seq=18487 ttl=26 time=156 ms
08-09 22:30:52.496 23352 23466 D cellinfo: 46 bytes from 44.241.174.93: icmp_seq=18488 ttl=26 time=197 ms
08-09 22:30:52.615 23352 23466 D cellinfo: 46 bytes from 44.241.174.93: icmp_seq=18489 ttl=26 time=115 ms
08-09 22:30:52.815 23352 23466 D cellinfo: 46 bytes from 44.241.174.93: icmp_seq=18490 ttl=26 time=114 ms
08-09 22:30:53.015 23352 23466 D cellinfo: 46 bytes from 44.241.174.93: icmp_seq=18491 ttl=26 time=113 ms
08-09 22:30:53.221 23352 23352 D cellinfo: onsignalStrengthsChanged: LTE Signal Strength info: rsrp: -79 rsrq: -12 rssi: -51 rssnr: 13
08-09 22:30:53.296 23352 23466 D cellinfo: 46 bytes from 44.241.174.93: icmp_seq=18492 ttl=26 time=193 ms
08-09 22:30:53.415 23352 23466 D cellinfo: 46 bytes from 44.241.174.93: icmp_seq=18493 ttl=26 time=112 ms
08-09 22:30:53.614 23352 23466 D cellinfo: 46 bytes from 44.241.174.93: icmp_seq=18494 ttl=26 time=111 ms
08-09 22:30:53.814 23352 23466 D cellinfo: 46 bytes from 44.241.174.93: icmp_seq=18495 ttl=26 time=109 ms
08-09 22:30:54.095 23352 23466 D cellinfo: 46 bytes from 44.241.174.93: icmp_seq=18496 ttl=26 time=188 ms
08-09 22:30:54.215 23352 23466 D cellinfo: 46 bytes from 44.241.174.93: icmp_seq=18497 ttl=26 time=108 ms
08-09 22:30:54.418 23352 23466 D cellinfo: 46 bytes from 44.241.174.93: icmp_seq=18498 ttl=26 time=109 ms
08-09 22:30:54.435 23352 23352 D cellinfo: Latitude is 40.6623815
08-09 22:30:54.435 23352 23352 D cellinfo: Longitude is -111.9524047
08-09 22:30:54.435 23352 23352 D cellinfo: Instantaneous GPS information: United States, 4968 Valois Dr, Salt Lake City, UT 84118, USA
08-09 22:30:54.435 23352 23352 D cellinfo: getCurrentLocation() result: Location (success): 40.6623815, -111.9524047
08-09 22:30:54.492 23352 23352 D cellinfo: onCellInfoChanged: Operator: AT&T...1 UpdateTimestamp: 110527228 CellConnectionStatus: 0
08-09 22:30:54.492 23352 23352 D cellinfo: onCellInfoChanged: LTE Cell Bands: [2] Bandwidth: 2147483647 Cell ID: 115720713 Physical Cell ID: 151 Tracking Area Code: 39181 EARFCN: 1100
08-09 22:30:54.656 23352 23466 D cellinfo: 46 bytes from 44.241.174.93: icmp_seq=18499 ttl=26 time=146 ms
08-09 22:30:54.814 23352 23466 D cellinfo: 46 bytes from 44.241.174.93: icmp_seq=18500 ttl=26 time=105 ms
08-09 22:30:55.015 23352 23466 D cellinfo: 46 bytes from 44.241.174.93: icmp_seq=18501 ttl=26 time=103 ms
08-09 22:30:55.215 23352 23466 D cellinfo: 46 bytes from 44.241.174.93: icmp_seq=18502 ttl=26 time=104 ms
08-09 22:30:55.416 23352 23466 D cellinfo: 46 bytes from 44.241.174.93: icmp_seq=18503 ttl=26 time=103 ms
08-09 22:30:55.615 23352 23466 D cellinfo: 46 bytes from 44.241.174.93: icmp_seq=18504 ttl=26 time=102 ms
08-09 22:30:55.936 23352 23466 D cellinfo: 46 bytes from 44.241.174.93: icmp_seq=18505 ttl=26 time=219 ms
08-09 22:30:56.056 23352 23466 D cellinfo: 46 bytes from 44.241.174.93: icmp_seq=18506 ttl=26 time=131 ms
08-09 22:30:56.222 23352 23352 D cellinfo: onsignalStrengthsChanged: LTE Signal Strength info: rsrp: -74 rsrq: -11 rssi: -51 rssnr: 15
08-09 22:30:56.256 23352 23466 D cellinfo: 46 bytes from 44.241.174.93: icmp_seq=18507 ttl=26 time=131 ms
08-09 22:30:56.454 23352 23466 D cellinfo: 46 bytes from 44.241.174.93: icmp_seq=18508 ttl=26 time=129 ms
08-09 22:30:56.656 23352 23466 D cellinfo: 46 bytes from 44.241.174.93: icmp_seq=18509 ttl=26 time=129 ms
08-09 22:30:56.820 23352 23466 D cellinfo: 46 bytes from 44.241.174.93: icmp_seq=18510 ttl=26 time=94.3 ms
08-09 22:30:57.036 23352 23466 D cellinfo: 46 bytes from 44.241.174.93: icmp_seq=18511 ttl=26 time=107 ms
08-09 22:30:57.255 23352 23466 D cellinfo: 46 bytes from 44.241.174.93: icmp_seq=18512 ttl=26 time=128 ms
08-09 22:30:57.445 23352 23352 D cellinfo: Latitude is 40.6623815
08-09 22:30:57.446 23352 23352 D cellinfo: Longitude is -111.9524047
08-09 22:30:57.446 23352 23352 D cellinfo: Instantaneous GPS information: United States, 4968 Valois Dr, Salt Lake City, UT 84118, USA
08-09 22:30:57.446 23352 23352 D cellinfo: getCurrentLocation() result: Location (success): 40.6623815, -111.9524047
08-09 22:30:57.454 23352 23466 D cellinfo: 46 bytes from 44.241.174.93: icmp_seq=18513 ttl=26 time=127 ms
08-09 22:30:57.495 23352 23352 D cellinfo: onCellInfoChanged: Operator: AT&T...1 UpdateTimestamp: 110530233 CellConnectionStatus: 0
08-09 22:30:57.495 23352 23352 D cellinfo: onCellInfoChanged: LTE Cell Bands: [2] Bandwidth: 2147483647 Cell ID: 115720713 Physical Cell ID: 151 Tracking Area Code: 39181 EARFCN: 1100
08-09 22:30:57.655 23352 23466 D cellinfo: 46 bytes from 44.241.174.93: icmp_seq=18514 ttl=26 time=125 ms
08-09 22:30:57.855 23352 23466 D cellinfo: 46 bytes from 44.241.174.93: icmp_seq=18515 ttl=26 time=124 ms
08-09 22:30:58.095 23352 23466 D cellinfo: 46 bytes from 44.241.174.93: icmp_seq=18516 ttl=26 time=163 ms
08-09 22:30:58.256 23352 23466 D cellinfo: 46 bytes from 44.241.174.93: icmp_seq=18517 ttl=26 time=124 ms
08-09 22:30:58.454 23352 23466 D cellinfo: 46 bytes from 44.241.174.93: icmp_seq=18518 ttl=26 time=122 ms
08-09 22:30:58.542 23352 23352 D cellinfo: onsignalStrengthsChanged: LTE Signal Strength info: rsrp: -72 rsrq: -11 rssi: -51 rssnr: 14
08-09 22:30:58.654 23352 23466 D cellinfo: 46 bytes from 44.241.174.93: icmp_seq=18519 ttl=26 time=121 ms
08-09 22:30:58.854 23352 23466 D cellinfo: 46 bytes from 44.241.174.93: icmp_seq=18520 ttl=26 time=119 ms
08-09 22:30:59.094 23352 23466 D cellinfo: 46 bytes from 44.241.174.93: icmp_seq=18521 ttl=26 time=157 ms
08-09 22:30:59.256 23352 23466 D cellinfo: 46 bytes from 44.241.174.93: icmp_seq=18522 ttl=26 time=119 ms
08-09 22:30:59.462 23352 23466 D cellinfo: 46 bytes from 44.241.174.93: icmp_seq=18523 ttl=26 time=124 ms
08-09 22:30:59.655 23352 23466 D cellinfo: 46 bytes from 44.241.174.93: icmp_seq=18524 ttl=26 time=115 ms
08-09 22:30:59.854 23352 23466 D cellinfo: 46 bytes from 44.241.174.93: icmp_seq=18525 ttl=26 time=114 ms
08-09 22:31:00.054 23352 23466 D cellinfo: 46 bytes from 44.241.174.93: icmp_seq=18526 ttl=26 time=113 ms
08-09 22:31:00.254 23352 23466 D cellinfo: 46 bytes from 44.241.174.93: icmp_seq=18527 ttl=26 time=113 ms
08-09 22:31:00.454 23352 23466 D cellinfo: 46 bytes from 44.241.174.93: icmp_seq=18528 ttl=26 time=111 ms
08-09 22:31:00.483 23352 23352 D cellinfo: onCellInfoChanged: Operator: AT&T...1 UpdateTimestamp: 110533215 CellConnectionStatus: 0
08-09 22:31:00.483 23352 23352 D cellinfo: onCellInfoChanged: LTE Cell Bands: [2] Bandwidth: 2147483647 Cell ID: 115720713 Physical Cell ID: 151 Tracking Area Code: 39181 EARFCN: 1100
08-09 22:31:00.655 23352 23466 D cellinfo: 46 bytes from 44.241.174.93: icmp_seq=18529 ttl=26 time=110 ms
08-09 22:31:00.854 23352 23466 D cellinfo: 46 bytes from 44.241.174.93: icmp_seq=18530 ttl=26 time=110 ms
08-09 22:31:01.057 23352 23466 D cellinfo: 46 bytes from 44.241.174.93: icmp_seq=18531 ttl=26 time=110 ms
08-09 22:31:01.573 23352 23466 D cellinfo: 46 bytes from 44.241.174.93: icmp_seq=18532 ttl=26 time=429 ms
08-09 22:31:01.573 23352 23466 D cellinfo: 46 bytes from 44.241.174.93: icmp_seq=18533 ttl=26 time=221 ms
08-09 22:31:01.660 23352 23466 D cellinfo: 46 bytes from 44.241.174.93: icmp_seq=18534 ttl=26 time=98.7 ms
08-09 22:31:01.860 23352 23466 D cellinfo: 46 bytes from 44.241.174.93: icmp_seq=18535 ttl=26 time=97.8 ms
08-09 22:31:02.098 23352 23466 D cellinfo: 46 bytes from 44.241.174.93: icmp_seq=18536 ttl=26 time=133 ms
08-09 22:31:03.297 23352 23466 D cellinfo: 46 bytes from 44.241.174.93: icmp_seq=18537 ttl=26 time=1131 ms
08-09 22:31:04.145 23352 23352 D cellinfo: Latitude is 40.6657474
08-09 22:31:04.145 23352 23352 D cellinfo: Longitude is -111.9524378
08-09 22:31:04.145 23352 23352 D cellinfo: Instantaneous GPS information: United States, 4785 Desert Dusk Rd, Taylorsville, UT 84129, USA
08-09 22:31:04.145 23352 23352 D cellinfo: getCurrentLocation() result: Location (success): 40.6657474, -111.9524378
08-09 22:31:04.146 23352 23352 D cellinfo: onsignalStrengthsChanged: LTE Signal Strength info: rsrp: -72 rsrq: -11 rssi: -51 rssnr: 9
08-09 22:31:04.146 23352 23352 D cellinfo: onsignalStrengthsChanged: LTE Signal Strength info: rsrp: -73 rsrq: -11 rssi: -51 rssnr: 6
08-09 22:31:04.147 23352 23352 D cellinfo: onCellInfoChanged: Operator: AT&T...1 UpdateTimestamp: 110536212 CellConnectionStatus: 0
08-09 22:31:04.147 23352 23352 D cellinfo: onCellInfoChanged: LTE Cell Bands: [2] Bandwidth: 2147483647 Cell ID: 115720713 Physical Cell ID: 151 Tracking Area Code: 39181 EARFCN: 1100
08-09 22:31:04.147 23352 23352 D cellinfo: onsignalStrengthsChanged: LTE Signal Strength info: rsrp: -67 rsrq: -11 rssi: -51 rssnr: 6
08-09 22:31:04.161 23352 23352 D cellinfo: Latitude is 40.6657474
08-09 22:31:04.161 23352 23352 D cellinfo: Longitude is -111.9524378
08-09 22:31:04.161 23352 23352 D cellinfo: Instantaneous GPS information: United States, 4785 Desert Dusk Rd, Taylorsville, UT 84129, USA
08-09 22:31:04.161 23352 23352 D cellinfo: getCurrentLocation() result: Location (success): 40.6657474, -111.9524378
08-09 22:31:04.173 23352 23352 D cellinfo: onServiceStateChanged: Channel Number: 5110 Cell Bandwidths: []
08-09 22:31:04.180 23352 23352 D cellinfo: onCellInfoChanged: Operator: AT&T...1 UpdateTimestamp: 110536884 CellConnectionStatus: 0
08-09 22:31:04.180 23352 23352 D cellinfo: onCellInfoChanged: LTE Cell Bands: [12] Bandwidth: 2147483647 Cell ID: 115720721 Physical Cell ID: 152 Tracking Area Code: 39181 EARFCN: 5110
08-09 22:31:04.194 23352 23466 D cellinfo: 46 bytes from 44.241.174.93: icmp_seq=18538 ttl=26 time=1819 ms
08-09 22:31:04.194 23352 23466 D cellinfo: 46 bytes from 44.241.174.93: icmp_seq=18540 ttl=26 time=1407 ms
08-09 22:31:04.194 23352 23466 D cellinfo: 46 bytes from 44.241.174.93: icmp_seq=18541 ttl=26 time=1206 ms
08-09 22:31:04.195 23352 23466 D cellinfo: 46 bytes from 44.241.174.93: icmp_seq=18542 ttl=26 time=1008 ms
08-09 22:31:04.195 23352 23466 D cellinfo: 46 bytes from 44.241.174.93: icmp_seq=18543 ttl=26 time=806 ms
08-09 22:31:04.211 23352 23466 D cellinfo: 46 bytes from 44.241.174.93: icmp_seq=18544 ttl=26 time=613 ms
08-09 22:31:04.211 23352 23466 D cellinfo: 46 bytes from 44.241.174.93: icmp_seq=18545 ttl=26 time=412 ms
08-09 22:31:04.211 23352 23466 D cellinfo: 46 bytes from 44.241.174.93: icmp_seq=18546 ttl=26 time=211 ms
08-09 22:31:04.337 23352 23466 D cellinfo: 46 bytes from 44.241.174.93: icmp_seq=18547 ttl=26 time=130 ms
08-09 22:31:04.502 23352 23466 D cellinfo: 46 bytes from 44.241.174.93: icmp_seq=18548 ttl=26 time=95.3 ms
08-09 22:31:04.702 23352 23466 D cellinfo: 46 bytes from 44.241.174.93: icmp_seq=18549 ttl=26 time=94.4 ms
08-09 22:31:04.906 23352 23466 D cellinfo: 46 bytes from 44.241.174.93: icmp_seq=18550 ttl=26 time=98.0 ms
08-09 22:31:05.102 23352 23466 D cellinfo: 46 bytes from 44.241.174.93: icmp_seq=18551 ttl=26 time=93.8 ms
08-09 22:31:05.302 23352 23466 D cellinfo: 46 bytes from 44.241.174.93: icmp_seq=18552 ttl=26 time=92.6 ms
08-09 22:31:05.537 23352 23466 D cellinfo: 46 bytes from 44.241.174.93: icmp_seq=18553 ttl=26 time=125 ms
08-09 22:31:05.738 23352 23466 D cellinfo: 46 bytes from 44.241.174.93: icmp_seq=18554 ttl=26 time=124 ms
08-09 22:31:05.938 23352 23466 D cellinfo: 46 bytes from 44.241.174.93: icmp_seq=18555 ttl=26 time=124 ms
08-09 22:31:06.137 23352 23466 D cellinfo: 46 bytes from 44.241.174.93: icmp_seq=18556 ttl=26 time=123 ms
08-09 22:31:06.338 23352 23466 D cellinfo: 46 bytes from 44.241.174.93: icmp_seq=18557 ttl=26 time=122 ms
08-09 22:31:06.437 23352 23352 D cellinfo: Latitude is 40.6657474
08-09 22:31:06.437 23352 23352 D cellinfo: Longitude is -111.9524378
08-09 22:31:06.437 23352 23352 D cellinfo: Instantaneous GPS information: United States, 4785 Desert Dusk Rd, Taylorsville, UT 84129, USA
08-09 22:31:06.437 23352 23352 D cellinfo: getCurrentLocation() result: Location (success): 40.6657474, -111.9524378
08-09 22:31:06.483 23352 23352 D cellinfo: onCellInfoChanged: Operator: AT&T...1 UpdateTimestamp: 110539220 CellConnectionStatus: 0
08-09 22:31:06.483 23352 23352 D cellinfo: onCellInfoChanged: LTE Cell Bands: [12] Bandwidth: 2147483647 Cell ID: 115720721 Physical Cell ID: 152 Tracking Area Code: 39181 EARFCN: 5110
08-09 22:31:06.538 23352 23466 D cellinfo: 46 bytes from 44.241.174.93: icmp_seq=18558 ttl=26 time=121 ms
08-09 22:31:06.737 23352 23466 D cellinfo: 46 bytes from 44.241.174.93: icmp_seq=18559 ttl=26 time=119 ms
08-09 22:31:06.937 23352 23466 D cellinfo: 46 bytes from 44.241.174.93: icmp_seq=18560 ttl=26 time=119 ms
08-09 22:31:07.138 23352 23466 D cellinfo: 46 bytes from 44.241.174.93: icmp_seq=18561 ttl=26 time=118 ms
08-09 22:31:07.338 23352 23466 D cellinfo: 46 bytes from 44.241.174.93: icmp_seq=18562 ttl=26 time=119 ms
08-09 22:31:07.541 23352 23466 D cellinfo: 46 bytes from 44.241.174.93: icmp_seq=18563 ttl=26 time=119 ms
08-09 22:31:07.738 23352 23466 D cellinfo: 46 bytes from 44.241.174.93: icmp_seq=18564 ttl=26 time=116 ms
08-09 22:31:07.932 23352 23466 D cellinfo: 46 bytes from 44.241.174.93: icmp_seq=18565 ttl=26 time=110 ms
08-09 22:31:08.138 23352 23466 D cellinfo: 46 bytes from 44.241.174.93: icmp_seq=18566 ttl=26 time=115 ms
08-09 22:31:08.230 23352 23352 D cellinfo: onsignalStrengthsChanged: LTE Signal Strength info: rsrp: -61 rsrq: -12 rssi: -51 rssnr: 9
08-09 22:31:08.337 23352 23466 D cellinfo: 46 bytes from 44.241.174.93: icmp_seq=18567 ttl=26 time=114 ms
08-09 22:31:08.538 23352 23466 D cellinfo: 46 bytes from 44.241.174.93: icmp_seq=18568 ttl=26 time=112 ms
08-09 22:31:08.737 23352 23466 D cellinfo: 46 bytes from 44.241.174.93: icmp_seq=18569 ttl=26 time=110 ms
08-09 22:31:08.936 23352 23466 D cellinfo: 46 bytes from 44.241.174.93: icmp_seq=18570 ttl=26 time=107 ms
08-09 22:31:09.137 23352 23466 D cellinfo: 46 bytes from 44.241.174.93: icmp_seq=18571 ttl=26 time=107 ms
08-09 22:31:09.336 23352 23466 D cellinfo: 46 bytes from 44.241.174.93: icmp_seq=18572 ttl=26 time=107 ms
08-09 22:31:09.432 23352 23352 D cellinfo: Latitude is 40.6657474
08-09 22:31:09.432 23352 23352 D cellinfo: Longitude is -111.9524378
08-09 22:31:09.433 23352 23352 D cellinfo: Instantaneous GPS information: United States, 4785 Desert Dusk Rd, Taylorsville, UT 84129, USA
08-09 22:31:09.433 23352 23352 D cellinfo: getCurrentLocation() result: Location (success): 40.6657474, -111.9524378
08-09 22:31:09.483 23352 23352 D cellinfo: onCellInfoChanged: Operator: AT&T...1 UpdateTimestamp: 110542219 CellConnectionStatus: 0
08-09 22:31:09.483 23352 23352 D cellinfo: onCellInfoChanged: LTE Cell Bands: [12] Bandwidth: 2147483647 Cell ID: 115720721 Physical Cell ID: 152 Tracking Area Code: 39181 EARFCN: 5110
08-09 22:31:09.538 23352 23466 D cellinfo: 46 bytes from 44.241.174.93: icmp_seq=18573 ttl=26 time=105 ms
08-09 22:31:09.738 23352 23466 D cellinfo: 46 bytes from 44.241.174.93: icmp_seq=18574 ttl=26 time=106 ms
08-09 22:31:09.745 23352 23352 D cellinfo: onsignalStrengthsChanged: LTE Signal Strength info: rsrp: -58 rsrq: -12 rssi: -51 rssnr: 12
08-09 22:31:09.938 23352 23466 D cellinfo: 46 bytes from 44.241.174.93: icmp_seq=18575 ttl=26 time=103 ms
08-09 22:31:10.138 23352 23466 D cellinfo: 46 bytes from 44.241.174.93: icmp_seq=18576 ttl=26 time=103 ms
08-09 22:31:10.338 23352 23466 D cellinfo: 46 bytes from 44.241.174.93: icmp_seq=18577 ttl=26 time=102 ms
08-09 22:31:10.531 23352 23466 D cellinfo: 46 bytes from 44.241.174.93: icmp_seq=18578 ttl=26 time=96.5 ms
08-09 22:31:10.737 23352 23466 D cellinfo: 46 bytes from 44.241.174.93: icmp_seq=18579 ttl=26 time=100 ms
08-09 22:31:10.940 23352 23466 D cellinfo: 46 bytes from 44.241.174.93: icmp_seq=18580 ttl=26 time=102 ms
08-09 22:31:11.139 23352 23466 D cellinfo: 46 bytes from 44.241.174.93: icmp_seq=18581 ttl=26 time=98.1 ms
08-09 22:31:11.229 23352 23352 D cellinfo: onsignalStrengthsChanged: LTE Signal Strength info: rsrp: -58 rsrq: -12 rssi: -51 rssnr: 16
08-09 22:31:11.376 23352 23466 D cellinfo: 46 bytes from 44.241.174.93: icmp_seq=18582 ttl=26 time=135 ms
08-09 22:31:11.542 23352 23466 D cellinfo: 46 bytes from 44.241.174.93: icmp_seq=18583 ttl=26 time=99.9 ms
08-09 22:31:11.737 23352 23466 D cellinfo: 46 bytes from 44.241.174.93: icmp_seq=18584 ttl=26 time=93.6 ms
08-09 22:31:11.943 23352 23466 D cellinfo: 46 bytes from 44.241.174.93: icmp_seq=18585 ttl=26 time=98.5 ms
08-09 22:31:11.982 23352 23352 D cellinfo: onsignalStrengthsChanged: LTE Signal Strength info: rsrp: -58 rsrq: -12 rssi: -51 rssnr: 19
08-09 22:31:12.142 23352 23466 D cellinfo: 46 bytes from 44.241.174.93: icmp_seq=18586 ttl=26 time=97.9 ms
08-09 22:31:12.352 23352 23466 D cellinfo: 46 bytes from 44.241.174.93: icmp_seq=18587 ttl=26 time=106 ms
08-09 22:31:12.475 23352 23352 D cellinfo: onCellInfoChanged: Operator: AT&T...1 UpdateTimestamp: 110545211 CellConnectionStatus: 0
08-09 22:31:12.476 23352 23352 D cellinfo: onCellInfoChanged: LTE Cell Bands: [12] Bandwidth: 2147483647 Cell ID: 115720721 Physical Cell ID: 152 Tracking Area Code: 39181 EARFCN: 5110
08-09 22:31:12.543 23352 23466 D cellinfo: 46 bytes from 44.241.174.93: icmp_seq=18588 ttl=26 time=97.7 ms
08-09 22:31:12.741 23352 23466 D cellinfo: 46 bytes from 44.241.174.93: icmp_seq=18589 ttl=26 time=95.6 ms
08-09 22:31:12.943 23352 23466 D cellinfo: 46 bytes from 44.241.174.93: icmp_seq=18590 ttl=26 time=96.5 ms
08-09 22:31:13.176 23352 23466 D cellinfo: 46 bytes from 44.241.174.93: icmp_seq=18591 ttl=26 time=129 ms
08-09 22:31:13.377 23352 23466 D cellinfo: 46 bytes from 44.241.174.93: icmp_seq=18592 ttl=26 time=129 ms
08-09 22:31:13.542 23352 23466 D cellinfo: 46 bytes from 44.241.174.93: icmp_seq=18593 ttl=26 time=94.0 ms
08-09 22:31:13.778 23352 23466 D cellinfo: 46 bytes from 44.241.174.93: icmp_seq=18594 ttl=26 time=126 ms
08-09 22:31:13.971 23352 23466 D cellinfo: 46 bytes from 44.241.174.93: icmp_seq=18595 ttl=26 time=117 ms
08-09 22:31:14.143 23352 23466 D cellinfo: 46 bytes from 44.241.174.93: icmp_seq=18596 ttl=26 time=87.9 ms
08-09 22:31:14.347 23352 23352 D cellinfo: Latitude is 40.6690405
08-09 22:31:14.347 23352 23352 D cellinfo: Longitude is -111.9524974
08-09 22:31:14.347 23352 23352 D cellinfo: Instantaneous GPS information: United States, 4638 Edgeware Ln, Taylorsville, UT 84129, USA
08-09 22:31:14.347 23352 23352 D cellinfo: getCurrentLocation() result: Location (success): 40.6690405, -111.9524974
08-09 22:31:14.354 23352 23466 D cellinfo: 46 bytes from 44.241.174.93: icmp_seq=18597 ttl=26 time=97.6 ms
08-09 22:31:14.554 23352 23466 D cellinfo: 46 bytes from 44.241.174.93: icmp_seq=18598 ttl=26 time=96.0 ms
08-09 22:31:14.778 23352 23466 D cellinfo: 46 bytes from 44.241.174.93: icmp_seq=18599 ttl=26 time=120 ms
08-09 22:31:14.978 23352 23466 D cellinfo: 46 bytes from 44.241.174.93: icmp_seq=18600 ttl=26 time=117 ms
08-09 22:31:15.220 23352 23466 D cellinfo: 46 bytes from 44.241.174.93: icmp_seq=18601 ttl=26 time=160 ms
08-09 22:31:15.377 23352 23466 D cellinfo: 46 bytes from 44.241.174.93: icmp_seq=18602 ttl=26 time=117 ms
08-09 22:31:15.434 23352 23352 D cellinfo: Latitude is 40.6690405
08-09 22:31:15.434 23352 23352 D cellinfo: Longitude is -111.9524974
08-09 22:31:15.434 23352 23352 D cellinfo: Instantaneous GPS information: United States, 4638 Edgeware Ln, Taylorsville, UT 84129, USA
08-09 22:31:15.434 23352 23352 D cellinfo: getCurrentLocation() result: Location (success): 40.6690405, -111.9524974
08-09 22:31:15.477 23352 23352 D cellinfo: onCellInfoChanged: Operator: AT&T...1 UpdateTimestamp: 110548213 CellConnectionStatus: 0
08-09 22:31:15.477 23352 23352 D cellinfo: onCellInfoChanged: LTE Cell Bands: [12] Bandwidth: 2147483647 Cell ID: 115720721 Physical Cell ID: 152 Tracking Area Code: 39181 EARFCN: 5110
08-09 22:31:15.577 23352 23466 D cellinfo: 46 bytes from 44.241.174.93: icmp_seq=18603 ttl=26 time=116 ms
08-09 22:31:15.778 23352 23466 D cellinfo: 46 bytes from 44.241.174.93: icmp_seq=18604 ttl=26 time=115 ms
08-09 22:31:16.020 23352 23466 D cellinfo: 46 bytes from 44.241.174.93: icmp_seq=18605 ttl=26 time=156 ms
08-09 22:31:16.177 23352 23466 D cellinfo: 46 bytes from 44.241.174.93: icmp_seq=18606 ttl=26 time=114 ms
08-09 22:31:16.380 23352 23466 D cellinfo: 46 bytes from 44.241.174.93: icmp_seq=18607 ttl=26 time=116 ms
08-09 22:31:16.619 23352 23466 D cellinfo: 46 bytes from 44.241.174.93: icmp_seq=18608 ttl=26 time=153 ms
08-09 22:31:16.782 23352 23466 D cellinfo: 46 bytes from 44.241.174.93: icmp_seq=18609 ttl=26 time=115 ms
08-09 22:31:16.988 23352 23466 D cellinfo: 46 bytes from 44.241.174.93: icmp_seq=18610 ttl=26 time=122 ms
08-09 22:31:17.182 23352 23466 D cellinfo: 46 bytes from 44.241.174.93: icmp_seq=18611 ttl=26 time=113 ms
08-09 22:31:17.226 23352 23352 D cellinfo: onsignalStrengthsChanged: LTE Signal Strength info: rsrp: -63 rsrq: -13 rssi: -51 rssnr: 19
08-09 22:31:17.379 23352 23466 D cellinfo: 46 bytes from 44.241.174.93: icmp_seq=18612 ttl=26 time=108 ms
08-09 22:31:17.578 23352 23466 D cellinfo: 46 bytes from 44.241.174.93: icmp_seq=18613 ttl=26 time=107 ms
08-09 22:31:17.777 23352 23466 D cellinfo: 46 bytes from 44.241.174.93: icmp_seq=18614 ttl=26 time=105 ms
08-09 22:31:17.979 23352 23466 D cellinfo: 46 bytes from 44.241.174.93: icmp_seq=18615 ttl=26 time=105 ms
08-09 22:31:18.179 23352 23466 D cellinfo: 46 bytes from 44.241.174.93: icmp_seq=18616 ttl=26 time=103 ms
08-09 22:31:18.377 23352 23466 D cellinfo: 46 bytes from 44.241.174.93: icmp_seq=18617 ttl=26 time=102 ms
08-09 22:31:18.440 23352 23352 D cellinfo: Latitude is 40.6690405
08-09 22:31:18.440 23352 23352 D cellinfo: Longitude is -111.9524974
08-09 22:31:18.440 23352 23352 D cellinfo: Instantaneous GPS information: United States, 4638 Edgeware Ln, Taylorsville, UT 84129, USA
08-09 22:31:18.440 23352 23352 D cellinfo: getCurrentLocation() result: Location (success): 40.6690405, -111.9524974
08-09 22:31:18.497 23352 23352 D cellinfo: onCellInfoChanged: Operator: AT&T...1 UpdateTimestamp: 110551229 CellConnectionStatus: 0
08-09 22:31:18.497 23352 23352 D cellinfo: onCellInfoChanged: LTE Cell Bands: [12] Bandwidth: 2147483647 Cell ID: 115720721 Physical Cell ID: 152 Tracking Area Code: 39181 EARFCN: 5110
08-09 22:31:18.579 23352 23466 D cellinfo: 46 bytes from 44.241.174.93: icmp_seq=18618 ttl=26 time=102 ms
08-09 22:31:18.778 23352 23466 D cellinfo: 46 bytes from 44.241.174.93: icmp_seq=18619 ttl=26 time=100 ms
08-09 22:31:18.978 23352 23466 D cellinfo: 46 bytes from 44.241.174.93: icmp_seq=18620 ttl=26 time=99.7 ms
08-09 22:31:19.183 23352 23466 D cellinfo: 46 bytes from 44.241.174.93: icmp_seq=18621 ttl=26 time=102 ms
08-09 22:31:19.390 23352 23466 D cellinfo: 46 bytes from 44.241.174.93: icmp_seq=18622 ttl=26 time=108 ms
08-09 22:31:19.617 23352 23466 D cellinfo: 46 bytes from 44.241.174.93: icmp_seq=18623 ttl=26 time=133 ms
08-09 22:31:19.785 23352 23466 D cellinfo: 46 bytes from 44.241.174.93: icmp_seq=18624 ttl=26 time=97.7 ms
08-09 22:31:19.983 23352 23466 D cellinfo: 46 bytes from 44.241.174.93: icmp_seq=18625 ttl=26 time=96.1 ms
08-09 22:31:20.183 23352 23466 D cellinfo: 46 bytes from 44.241.174.93: icmp_seq=18626 ttl=26 time=94.7 ms
08-09 22:31:20.235 23352 23352 D cellinfo: onsignalStrengthsChanged: LTE Signal Strength info: rsrp: -66 rsrq: -13 rssi: -51 rssnr: 17
08-09 22:31:20.419 23352 23466 D cellinfo: 46 bytes from 44.241.174.93: icmp_seq=18627 ttl=26 time=131 ms
08-09 22:31:20.586 23352 23466 D cellinfo: 46 bytes from 44.241.174.93: icmp_seq=18628 ttl=26 time=96.8 ms
08-09 22:31:20.818 23352 23466 D cellinfo: 46 bytes from 44.241.174.93: icmp_seq=18629 ttl=26 time=126 ms
08-09 22:31:21.025 23352 23466 D cellinfo: 46 bytes from 44.241.174.93: icmp_seq=18630 ttl=26 time=134 ms
08-09 22:31:21.218 23352 23466 D cellinfo: 46 bytes from 44.241.174.93: icmp_seq=18631 ttl=26 time=126 ms
08-09 22:31:21.418 23352 23466 D cellinfo: 46 bytes from 44.241.174.93: icmp_seq=18632 ttl=26 time=127 ms
08-09 22:31:21.437 23352 23352 D cellinfo: Latitude is 40.6690405
08-09 22:31:21.437 23352 23352 D cellinfo: Longitude is -111.9524974
08-09 22:31:21.437 23352 23352 D cellinfo: Instantaneous GPS information: United States, 4638 Edgeware Ln, Taylorsville, UT 84129, USA
08-09 22:31:21.437 23352 23352 D cellinfo: getCurrentLocation() result: Location (success): 40.6690405, -111.9524974
08-09 22:31:21.473 23352 23352 D cellinfo: onCellInfoChanged: Operator: AT&T...1 UpdateTimestamp: 110554211 CellConnectionStatus: 0
08-09 22:31:21.473 23352 23352 D cellinfo: onCellInfoChanged: LTE Cell Bands: [12] Bandwidth: 2147483647 Cell ID: 115720721 Physical Cell ID: 152 Tracking Area Code: 39181 EARFCN: 5110
08-09 22:31:21.593 23352 23466 D cellinfo: 46 bytes from 44.241.174.93: icmp_seq=18633 ttl=26 time=100 ms
08-09 22:31:21.817 23352 23466 D cellinfo: 46 bytes from 44.241.174.93: icmp_seq=18634 ttl=26 time=123 ms
08-09 22:31:22.017 23352 23466 D cellinfo: 46 bytes from 44.241.174.93: icmp_seq=18635 ttl=26 time=122 ms
08-09 22:31:22.217 23352 23466 D cellinfo: 46 bytes from 44.241.174.93: icmp_seq=18636 ttl=26 time=123 ms
08-09 22:31:22.416 23352 23466 D cellinfo: 46 bytes from 44.241.174.93: icmp_seq=18637 ttl=26 time=122 ms
08-09 22:31:22.617 23352 23466 D cellinfo: 46 bytes from 44.241.174.93: icmp_seq=18638 ttl=26 time=122 ms
08-09 22:31:22.817 23352 23466 D cellinfo: 46 bytes from 44.241.174.93: icmp_seq=18639 ttl=26 time=120 ms
08-09 22:31:23.016 23352 23466 D cellinfo: 46 bytes from 44.241.174.93: icmp_seq=18640 ttl=26 time=119 ms
08-09 22:31:23.217 23352 23466 D cellinfo: 46 bytes from 44.241.174.93: icmp_seq=18641 ttl=26 time=119 ms
08-09 22:31:23.239 23352 23352 D cellinfo: onsignalStrengthsChanged: LTE Signal Strength info: rsrp: -70 rsrq: -13 rssi: -51 rssnr: 14
08-09 22:31:23.416 23352 23466 D cellinfo: 46 bytes from 44.241.174.93: icmp_seq=18642 ttl=26 time=118 ms
08-09 22:31:23.617 23352 23466 D cellinfo: 46 bytes from 44.241.174.93: icmp_seq=18643 ttl=26 time=118 ms
08-09 22:31:23.817 23352 23466 D cellinfo: 46 bytes from 44.241.174.93: icmp_seq=18644 ttl=26 time=117 ms
08-09 22:31:24.017 23352 23466 D cellinfo: 46 bytes from 44.241.174.93: icmp_seq=18645 ttl=26 time=117 ms
08-09 22:31:24.217 23352 23466 D cellinfo: 46 bytes from 44.241.174.93: icmp_seq=18646 ttl=26 time=117 ms
08-09 22:31:24.457 23352 23466 D cellinfo: 46 bytes from 44.241.174.93: icmp_seq=18647 ttl=26 time=156 ms
08-09 22:31:24.476 23352 23352 D cellinfo: onCellInfoChanged: Operator: AT&T...1 UpdateTimestamp: 110557213 CellConnectionStatus: 0
08-09 22:31:24.476 23352 23352 D cellinfo: onCellInfoChanged: LTE Cell Bands: [12] Bandwidth: 2147483647 Cell ID: 115720721 Physical Cell ID: 152 Tracking Area Code: 39181 EARFCN: 5110
08-09 22:31:24.620 23352 23466 D cellinfo: 46 bytes from 44.241.174.93: icmp_seq=18648 ttl=26 time=119 ms
08-09 22:31:24.817 23352 23466 D cellinfo: 46 bytes from 44.241.174.93: icmp_seq=18649 ttl=26 time=115 ms
08-09 22:31:25.017 23352 23466 D cellinfo: 46 bytes from 44.241.174.93: icmp_seq=18650 ttl=26 time=114 ms
08-09 22:31:25.217 23352 23466 D cellinfo: 46 bytes from 44.241.174.93: icmp_seq=18651 ttl=26 time=114 ms
08-09 22:31:25.417 23352 23466 D cellinfo: 46 bytes from 44.241.174.93: icmp_seq=18652 ttl=26 time=113 ms
08-09 22:31:25.659 23352 23466 D cellinfo: 46 bytes from 44.241.174.93: icmp_seq=18653 ttl=26 time=152 ms
08-09 22:31:25.816 23352 23466 D cellinfo: 46 bytes from 44.241.174.93: icmp_seq=18654 ttl=26 time=111 ms
08-09 22:31:26.019 23352 23466 D cellinfo: 46 bytes from 44.241.174.93: icmp_seq=18655 ttl=26 time=114 ms
08-09 22:31:26.213 23352 23466 D cellinfo: 46 bytes from 44.241.174.93: icmp_seq=18656 ttl=26 time=105 ms
08-09 22:31:26.415 23352 23466 D cellinfo: 46 bytes from 44.241.174.93: icmp_seq=18657 ttl=26 time=105 ms
08-09 22:31:26.619 23352 23466 D cellinfo: 46 bytes from 44.241.174.93: icmp_seq=18658 ttl=26 time=109 ms
08-09 22:31:26.757 23352 23352 D cellinfo: Latitude is 40.6727761
08-09 22:31:26.757 23352 23352 D cellinfo: Longitude is -111.9523993
08-09 22:31:26.757 23352 23352 D cellinfo: Instantaneous GPS information: United States, 4492 Edgeware Ln, Salt Lake City, UT 84119, USA
08-09 22:31:26.757 23352 23352 D cellinfo: getCurrentLocation() result: Location (success): 40.6727761, -111.9523993
08-09 22:31:26.814 23352 23466 D cellinfo: 46 bytes from 44.241.174.93: icmp_seq=18659 ttl=26 time=104 ms
08-09 22:31:27.017 23352 23466 D cellinfo: 46 bytes from 44.241.174.93: icmp_seq=18660 ttl=26 time=105 ms
08-09 22:31:27.217 23352 23466 D cellinfo: 46 bytes from 44.241.174.93: icmp_seq=18661 ttl=26 time=105 ms
08-09 22:31:27.416 23352 23466 D cellinfo: 46 bytes from 44.241.174.93: icmp_seq=18662 ttl=26 time=104 ms
08-09 22:31:27.433 23352 23352 D cellinfo: Latitude is 40.6727761
08-09 22:31:27.433 23352 23352 D cellinfo: Longitude is -111.9523993
08-09 22:31:27.433 23352 23352 D cellinfo: Instantaneous GPS information: United States, 4492 Edgeware Ln, Salt Lake City, UT 84119, USA
08-09 22:31:27.433 23352 23352 D cellinfo: getCurrentLocation() result: Location (success): 40.6727761, -111.9523993
08-09 22:31:27.488 23352 23352 D cellinfo: onCellInfoChanged: Operator: AT&T...1 UpdateTimestamp: 110560225 CellConnectionStatus: 0
08-09 22:31:27.488 23352 23352 D cellinfo: onCellInfoChanged: LTE Cell Bands: [12] Bandwidth: 2147483647 Cell ID: 115720721 Physical Cell ID: 152 Tracking Area Code: 39181 EARFCN: 5110
08-09 22:31:27.617 23352 23466 D cellinfo: 46 bytes from 44.241.174.93: icmp_seq=18663 ttl=26 time=103 ms
08-09 22:31:27.660 23352 23352 D cellinfo: onsignalStrengthsChanged: LTE Signal Strength info: rsrp: -73 rsrq: -13 rssi: -51 rssnr: 11
08-09 22:31:27.816 23352 23466 D cellinfo: 46 bytes from 44.241.174.93: icmp_seq=18664 ttl=26 time=102 ms
08-09 22:31:28.011 23352 23466 D cellinfo: 46 bytes from 44.241.174.93: icmp_seq=18665 ttl=26 time=95.5 ms
08-09 22:31:28.216 23352 23466 D cellinfo: 46 bytes from 44.241.174.93: icmp_seq=18666 ttl=26 time=102 ms
08-09 22:31:28.423 23352 23466 D cellinfo: 46 bytes from 44.241.174.93: icmp_seq=18667 ttl=26 time=106 ms
08-09 22:31:28.623 23352 23466 D cellinfo: 46 bytes from 44.241.174.93: icmp_seq=18668 ttl=26 time=106 ms
08-09 22:31:28.821 23352 23466 D cellinfo: 46 bytes from 44.241.174.93: icmp_seq=18669 ttl=26 time=103 ms
08-09 22:31:29.017 23352 23466 D cellinfo: 46 bytes from 44.241.174.93: icmp_seq=18670 ttl=26 time=99.5 ms
08-09 22:31:29.218 23352 23466 D cellinfo: 46 bytes from 44.241.174.93: icmp_seq=18671 ttl=26 time=100 ms
08-09 22:31:29.413 23352 23466 D cellinfo: 46 bytes from 44.241.174.93: icmp_seq=18672 ttl=26 time=95.5 ms
08-09 22:31:29.623 23352 23466 D cellinfo: 46 bytes from 44.241.174.93: icmp_seq=18673 ttl=26 time=103 ms
08-09 22:31:29.830 23352 23466 D cellinfo: 46 bytes from 44.241.174.93: icmp_seq=18674 ttl=26 time=110 ms
08-09 22:31:29.905 23352 23352 D cellinfo: onsignalStrengthsChanged: LTE Signal Strength info: rsrp: -76 rsrq: -13 rssi: -55 rssnr: 9
08-09 22:31:30.022 23352 23466 D cellinfo: 46 bytes from 44.241.174.93: icmp_seq=18675 ttl=26 time=102 ms
08-09 22:31:30.231 23352 23466 D cellinfo: 46 bytes from 44.241.174.93: icmp_seq=18676 ttl=26 time=111 ms
08-09 22:31:30.418 23352 23466 D cellinfo: 46 bytes from 44.241.174.93: icmp_seq=18677 ttl=26 time=95.2 ms
08-09 22:31:30.433 23352 23352 D cellinfo: Latitude is 40.6727761
08-09 22:31:30.433 23352 23352 D cellinfo: Longitude is -111.9523993
08-09 22:31:30.433 23352 23352 D cellinfo: Instantaneous GPS information: United States, 4492 Edgeware Ln, Salt Lake City, UT 84119, USA
08-09 22:31:30.433 23352 23352 D cellinfo: getCurrentLocation() result: Location (success): 40.6727761, -111.9523993
08-09 22:31:30.500 23352 23352 D cellinfo: onCellInfoChanged: Operator: AT&T...1 UpdateTimestamp: 110563237 CellConnectionStatus: 0
08-09 22:31:30.500 23352 23352 D cellinfo: onCellInfoChanged: LTE Cell Bands: [12] Bandwidth: 2147483647 Cell ID: 115720721 Physical Cell ID: 152 Tracking Area Code: 39181 EARFCN: 5110
08-09 22:31:30.622 23352 23466 D cellinfo: 46 bytes from 44.241.174.93: icmp_seq=18678 ttl=26 time=98.6 ms
08-09 22:31:30.823 23352 23466 D cellinfo: 46 bytes from 44.241.174.93: icmp_seq=18679 ttl=26 time=97.4 ms
08-09 22:31:31.057 23352 23466 D cellinfo: 46 bytes from 44.241.174.93: icmp_seq=18680 ttl=26 time=132 ms
08-09 22:31:31.224 23352 23466 D cellinfo: 46 bytes from 44.241.174.93: icmp_seq=18681 ttl=26 time=98.1 ms
08-09 22:31:31.422 23352 23466 D cellinfo: 46 bytes from 44.241.174.93: icmp_seq=18682 ttl=26 time=95.7 ms
08-09 22:31:31.622 23352 23466 D cellinfo: 46 bytes from 44.241.174.93: icmp_seq=18683 ttl=26 time=95.5 ms
08-09 22:31:31.830 23352 23466 D cellinfo: 46 bytes from 44.241.174.93: icmp_seq=18684 ttl=26 time=103 ms
08-09 22:31:32.023 23352 23466 D cellinfo: 46 bytes from 44.241.174.93: icmp_seq=18685 ttl=26 time=95.5 ms
08-09 22:31:32.143 23352 23352 D cellinfo: onsignalStrengthsChanged: LTE Signal Strength info: rsrp: -78 rsrq: -13 rssi: -55 rssnr: 8
08-09 22:31:32.230 23352 23466 D cellinfo: 46 bytes from 44.241.174.93: icmp_seq=18686 ttl=26 time=102 ms
08-09 22:31:32.498 23352 23466 D cellinfo: 46 bytes from 44.241.174.93: icmp_seq=18687 ttl=26 time=168 ms
08-09 22:31:32.623 23352 23466 D cellinfo: 46 bytes from 44.241.174.93: icmp_seq=18688 ttl=26 time=94.3 ms
08-09 22:31:32.822 23352 23466 D cellinfo: 46 bytes from 44.241.174.93: icmp_seq=18689 ttl=26 time=93.8 ms
08-09 22:31:33.031 23352 23466 D cellinfo: 46 bytes from 44.241.174.93: icmp_seq=18690 ttl=26 time=102 ms
08-09 22:31:33.257 23352 23466 D cellinfo: 46 bytes from 44.241.174.93: icmp_seq=18691 ttl=26 time=128 ms
08-09 22:31:33.427 23352 23352 D cellinfo: Latitude is 40.6727761
08-09 22:31:33.427 23352 23352 D cellinfo: Longitude is -111.9523993
08-09 22:31:33.427 23352 23352 D cellinfo: Instantaneous GPS information: United States, 4492 Edgeware Ln, Salt Lake City, UT 84119, USA
08-09 22:31:33.427 23352 23352 D cellinfo: getCurrentLocation() result: Location (success): 40.6727761, -111.9523993
08-09 22:31:33.456 23352 23466 D cellinfo: 46 bytes from 44.241.174.93: icmp_seq=18692 ttl=26 time=126 ms
08-09 22:31:33.480 23352 23352 D cellinfo: onCellInfoChanged: Operator: AT&T...1 UpdateTimestamp: 110566216 CellConnectionStatus: 0
08-09 22:31:33.480 23352 23352 D cellinfo: onCellInfoChanged: LTE Cell Bands: [12] Bandwidth: 2147483647 Cell ID: 115720721 Physical Cell ID: 152 Tracking Area Code: 39181 EARFCN: 5110
08-09 22:31:33.658 23352 23466 D cellinfo: 46 bytes from 44.241.174.93: icmp_seq=18693 ttl=26 time=126 ms
08-09 22:31:33.858 23352 23466 D cellinfo: 46 bytes from 44.241.174.93: icmp_seq=18694 ttl=26 time=126 ms
08-09 22:31:34.060 23352 23466 D cellinfo: 46 bytes from 44.241.174.93: icmp_seq=18695 ttl=26 time=126 ms
08-09 22:31:34.259 23352 23466 D cellinfo: 46 bytes from 44.241.174.93: icmp_seq=18696 ttl=26 time=124 ms
08-09 22:31:34.388 23352 23352 D cellinfo: onsignalStrengthsChanged: LTE Signal Strength info: rsrp: -82 rsrq: -14 rssi: -59 rssnr: 4
08-09 22:31:34.458 23352 23466 D cellinfo: 46 bytes from 44.241.174.93: icmp_seq=18697 ttl=26 time=121 ms
08-09 22:31:34.658 23352 23466 D cellinfo: 46 bytes from 44.241.174.93: icmp_seq=18698 ttl=26 time=120 ms
08-09 22:31:34.858 23352 23466 D cellinfo: 46 bytes from 44.241.174.93: icmp_seq=18699 ttl=26 time=119 ms
08-09 22:31:35.055 23352 23466 D cellinfo: 46 bytes from 44.241.174.93: icmp_seq=18700 ttl=26 time=114 ms
08-09 22:31:35.250 23352 23466 D cellinfo: 46 bytes from 44.241.174.93: icmp_seq=18701 ttl=26 time=109 ms
08-09 22:31:35.458 23352 23466 D cellinfo: 46 bytes from 44.241.174.93: icmp_seq=18702 ttl=26 time=117 ms
08-09 22:31:35.705 23352 23466 D cellinfo: 46 bytes from 44.241.174.93: icmp_seq=18703 ttl=26 time=164 ms
08-09 22:31:35.858 23352 23466 D cellinfo: 46 bytes from 44.241.174.93: icmp_seq=18704 ttl=26 time=116 ms
08-09 22:31:36.097 23352 23466 D cellinfo: 46 bytes from 44.241.174.93: icmp_seq=18705 ttl=26 time=154 ms
08-09 22:31:36.261 23352 23466 D cellinfo: 46 bytes from 44.241.174.93: icmp_seq=18706 ttl=26 time=117 ms
08-09 22:31:36.459 23352 23466 D cellinfo: 46 bytes from 44.241.174.93: icmp_seq=18707 ttl=26 time=115 ms
08-09 22:31:36.481 23352 23352 D cellinfo: onCellInfoChanged: Operator: AT&T...1 UpdateTimestamp: 110569217 CellConnectionStatus: 0
08-09 22:31:36.482 23352 23352 D cellinfo: onCellInfoChanged: LTE Cell Bands: [12] Bandwidth: 2147483647 Cell ID: 115720721 Physical Cell ID: 152 Tracking Area Code: 39181 EARFCN: 5110
08-09 22:31:36.571 23352 23352 D cellinfo: onCellInfoChanged: Operator: AT&T...1 UpdateTimestamp: 110569305 CellConnectionStatus: 0
08-09 22:31:36.571 23352 23352 D cellinfo: onCellInfoChanged: LTE Cell Bands: [12] Bandwidth: 2147483647 Cell ID: 115559953 Physical Cell ID: 352 Tracking Area Code: 39181 EARFCN: 5110
08-09 22:31:36.604 23352 23352 D cellinfo: onServiceStateChanged: Channel Number: 5110 Cell Bandwidths: []
08-09 22:31:36.652 23352 23466 D cellinfo: 46 bytes from 44.241.174.93: icmp_seq=18708 ttl=26 time=108 ms
08-09 22:31:36.835 23352 23466 D cellinfo: 46 bytes from 44.241.174.93: icmp_seq=18709 ttl=26 time=90.5 ms
08-09 22:31:37.058 23352 23466 D cellinfo: 46 bytes from 44.241.174.93: icmp_seq=18710 ttl=26 time=111 ms
08-09 22:31:37.259 23352 23466 D cellinfo: 46 bytes from 44.241.174.93: icmp_seq=18711 ttl=26 time=110 ms
08-09 22:31:37.455 23352 23466 D cellinfo: 46 bytes from 44.241.174.93: icmp_seq=18712 ttl=26 time=105 ms
08-09 22:31:37.655 23352 23466 D cellinfo: 46 bytes from 44.241.174.93: icmp_seq=18713 ttl=26 time=105 ms
08-09 22:31:37.859 23352 23466 D cellinfo: 46 bytes from 44.241.174.93: icmp_seq=18714 ttl=26 time=106 ms
08-09 22:31:38.053 23352 23466 D cellinfo: 46 bytes from 44.241.174.93: icmp_seq=18715 ttl=26 time=97.0 ms
08-09 22:31:38.251 23352 23466 D cellinfo: 46 bytes from 44.241.174.93: icmp_seq=18716 ttl=26 time=94.8 ms
08-09 22:31:38.303 23352 23352 D cellinfo: Latitude is 40.676228
08-09 22:31:38.303 23352 23352 D cellinfo: Longitude is -111.9521282
08-09 22:31:38.303 23352 23352 D cellinfo: Instantaneous GPS information: United States, 4346 Richard Crest Dr, Taylorsville, UT 84129, USA
08-09 22:31:38.303 23352 23352 D cellinfo: getCurrentLocation() result: Location (success): 40.676228, -111.9521282
08-09 22:31:38.461 23352 23466 D cellinfo: 46 bytes from 44.241.174.93: icmp_seq=18717 ttl=26 time=105 ms
08-09 22:31:38.695 23352 23466 D cellinfo: 46 bytes from 44.241.174.93: icmp_seq=18718 ttl=26 time=136 ms
08-09 22:31:38.855 23352 23466 D cellinfo: 46 bytes from 44.241.174.93: icmp_seq=18719 ttl=26 time=96.3 ms
08-09 22:31:38.869 23352 23352 D cellinfo: onsignalStrengthsChanged: LTE Signal Strength info: rsrp: -87 rsrq: -15 rssi: -55 rssnr: 2
08-09 22:31:39.094 23352 23466 D cellinfo: 46 bytes from 44.241.174.93: icmp_seq=18720 ttl=26 time=133 ms
08-09 22:31:39.254 23352 23466 D cellinfo: 46 bytes from 44.241.174.93: icmp_seq=18721 ttl=26 time=95.1 ms
08-09 22:31:39.433 23352 23352 D cellinfo: Latitude is 40.676228
08-09 22:31:39.433 23352 23352 D cellinfo: Longitude is -111.9521282
08-09 22:31:39.433 23352 23352 D cellinfo: Instantaneous GPS information: United States, 4346 Richard Crest Dr, Taylorsville, UT 84129, USA
08-09 22:31:39.433 23352 23352 D cellinfo: getCurrentLocation() result: Location (success): 40.676228, -111.9521282
08-09 22:31:39.454 23352 23466 D cellinfo: 46 bytes from 44.241.174.93: icmp_seq=18722 ttl=26 time=94.3 ms
08-09 22:31:39.490 23352 23352 D cellinfo: onCellInfoChanged: Operator: AT&T...1 UpdateTimestamp: 110572227 CellConnectionStatus: 0
08-09 22:31:39.490 23352 23352 D cellinfo: onCellInfoChanged: LTE Cell Bands: [12] Bandwidth: 2147483647 Cell ID: 115559953 Physical Cell ID: 352 Tracking Area Code: 39181 EARFCN: 5110
08-09 22:31:39.655 23352 23466 D cellinfo: 46 bytes from 44.241.174.93: icmp_seq=18723 ttl=26 time=95.1 ms
08-09 22:31:39.855 23352 23466 D cellinfo: 46 bytes from 44.241.174.93: icmp_seq=18724 ttl=26 time=93.3 ms
08-09 22:31:40.064 23352 23466 D cellinfo: 46 bytes from 44.241.174.93: icmp_seq=18725 ttl=26 time=100 ms
08-09 22:31:40.257 23352 23466 D cellinfo: 46 bytes from 44.241.174.93: icmp_seq=18726 ttl=26 time=93.8 ms
08-09 22:31:40.495 23352 23466 D cellinfo: 46 bytes from 44.241.174.93: icmp_seq=18727 ttl=26 time=129 ms
08-09 22:31:40.701 23352 23466 D cellinfo: 46 bytes from 44.241.174.93: icmp_seq=18728 ttl=26 time=135 ms
08-09 22:31:40.894 23352 23466 D cellinfo: 46 bytes from 44.241.174.93: icmp_seq=18729 ttl=26 time=126 ms
08-09 22:31:41.064 23352 23466 D cellinfo: 46 bytes from 44.241.174.93: icmp_seq=18730 ttl=26 time=95.8 ms
08-09 22:31:41.294 23352 23466 D cellinfo: 46 bytes from 44.241.174.93: icmp_seq=18731 ttl=26 time=125 ms
08-09 22:31:41.456 23352 23466 D cellinfo: 46 bytes from 44.241.174.93: icmp_seq=18732 ttl=26 time=88.0 ms
08-09 22:31:41.693 23352 23466 D cellinfo: 46 bytes from 44.241.174.93: icmp_seq=18733 ttl=26 time=123 ms
08-09 22:31:41.894 23352 23466 D cellinfo: 46 bytes from 44.241.174.93: icmp_seq=18734 ttl=26 time=123 ms
08-09 22:31:42.093 23352 23466 D cellinfo: 46 bytes from 44.241.174.93: icmp_seq=18735 ttl=26 time=122 ms
08-09 22:31:42.293 23352 23466 D cellinfo: 46 bytes from 44.241.174.93: icmp_seq=18736 ttl=26 time=121 ms
08-09 22:31:42.435 23352 23352 D cellinfo: Latitude is 40.676228
08-09 22:31:42.435 23352 23352 D cellinfo: Longitude is -111.9521282
08-09 22:31:42.435 23352 23352 D cellinfo: Instantaneous GPS information: United States, 4346 Richard Crest Dr, Taylorsville, UT 84129, USA
08-09 22:31:42.435 23352 23352 D cellinfo: getCurrentLocation() result: Location (success): 40.676228, -111.9521282
08-09 22:31:42.478 23352 23352 D cellinfo: onCellInfoChanged: Operator: AT&T...1 UpdateTimestamp: 110575217 CellConnectionStatus: 0
08-09 22:31:42.478 23352 23352 D cellinfo: onCellInfoChanged: LTE Cell Bands: [12] Bandwidth: 2147483647 Cell ID: 115559953 Physical Cell ID: 352 Tracking Area Code: 39181 EARFCN: 5110
08-09 22:31:42.493 23352 23466 D cellinfo: 46 bytes from 44.241.174.93: icmp_seq=18737 ttl=26 time=120 ms
08-09 22:31:42.701 23352 23466 D cellinfo: 46 bytes from 44.241.174.93: icmp_seq=18738 ttl=26 time=126 ms
08-09 22:31:42.894 23352 23466 D cellinfo: 46 bytes from 44.241.174.93: icmp_seq=18739 ttl=26 time=117 ms
08-09 22:31:43.094 23352 23466 D cellinfo: 46 bytes from 44.241.174.93: icmp_seq=18740 ttl=26 time=116 ms
08-09 22:31:43.294 23352 23466 D cellinfo: 46 bytes from 44.241.174.93: icmp_seq=18741 ttl=26 time=115 ms
08-09 22:31:43.347 23352 23352 D cellinfo: onsignalStrengthsChanged: LTE Signal Strength info: rsrp: -88 rsrq: -15 rssi: -57 rssnr: 1
08-09 22:31:43.494 23352 23466 D cellinfo: 46 bytes from 44.241.174.93: icmp_seq=18742 ttl=26 time=114 ms
08-09 22:31:43.694 23352 23466 D cellinfo: 46 bytes from 44.241.174.93: icmp_seq=18743 ttl=26 time=113 ms
08-09 22:31:43.894 23352 23466 D cellinfo: 46 bytes from 44.241.174.93: icmp_seq=18744 ttl=26 time=111 ms
08-09 22:31:44.094 23352 23466 D cellinfo: 46 bytes from 44.241.174.93: icmp_seq=18745 ttl=26 time=111 ms
08-09 22:31:44.294 23352 23466 D cellinfo: 46 bytes from 44.241.174.93: icmp_seq=18746 ttl=26 time=111 ms
08-09 22:31:44.501 23352 23466 D cellinfo: 46 bytes from 44.241.174.93: icmp_seq=18747 ttl=26 time=118 ms
08-09 22:31:44.693 23352 23466 D cellinfo: 46 bytes from 44.241.174.93: icmp_seq=18748 ttl=26 time=108 ms
08-09 22:31:44.893 23352 23466 D cellinfo: 46 bytes from 44.241.174.93: icmp_seq=18749 ttl=26 time=108 ms
08-09 22:31:45.093 23352 23466 D cellinfo: 46 bytes from 44.241.174.93: icmp_seq=18750 ttl=26 time=106 ms
08-09 22:31:45.294 23352 23466 D cellinfo: 46 bytes from 44.241.174.93: icmp_seq=18751 ttl=26 time=107 ms
08-09 22:31:45.436 23352 23352 D cellinfo: Latitude is 40.676228
08-09 22:31:45.436 23352 23352 D cellinfo: Longitude is -111.9521282
