08-09 22:36:39.400 23352 23466 D cellinfo: 46 bytes from 44.241.174.93: icmp_seq=20215 ttl=26 time=127 ms
08-09 22:36:39.433 23352 23352 D cellinfo: Latitude is 40.7049153
08-09 22:36:39.433 23352 23352 D cellinfo: Longitude is -111.9502214
08-09 22:36:39.433 23352 23352 D cellinfo: Instantaneous GPS information: United States, 3032 Decker Lake Dr, West Valley City, UT 84119, USA
08-09 22:36:39.433 23352 23352 D cellinfo: getCurrentLocation() result: Location (success): 40.7049153, -111.9502214
08-09 22:36:39.479 23352 23352 D cellinfo: onCellInfoChanged: Operator: AT&T...1 UpdateTimestamp: 110872217 CellConnectionStatus: 0
08-09 22:36:39.479 23352 23352 D cellinfo: onCellInfoChanged: LTE Cell Bands: [2] Bandwidth: 2147483647 Cell ID: 115501834 Physical Cell ID: 200 Tracking Area Code: 39181 EARFCN: 1100
08-09 22:36:39.600 23352 23466 D cellinfo: 46 bytes from 44.241.174.93: icmp_seq=20216 ttl=26 time=126 ms
08-09 22:36:39.800 23352 23466 D cellinfo: 46 bytes from 44.241.174.93: icmp_seq=20217 ttl=26 time=125 ms
08-09 22:36:39.999 23352 23466 D cellinfo: 46 bytes from 44.241.174.93: icmp_seq=20218 ttl=26 time=124 ms
08-09 22:36:40.203 23352 23466 D cellinfo: 46 bytes from 44.241.174.93: icmp_seq=20219 ttl=26 time=125 ms
08-09 22:36:40.400 23352 23466 D cellinfo: 46 bytes from 44.241.174.93: icmp_seq=20220 ttl=26 time=122 ms
08-09 22:36:40.600 23352 23466 D cellinfo: 46 bytes from 44.241.174.93: icmp_seq=20221 ttl=26 time=121 ms
08-09 22:36:40.802 23352 23466 D cellinfo: 46 bytes from 44.241.174.93: icmp_seq=20222 ttl=26 time=122 ms
08-09 22:36:41.001 23352 23466 D cellinfo: 46 bytes from 44.241.174.93: icmp_seq=20223 ttl=26 time=120 ms
08-09 22:36:41.200 23352 23466 D cellinfo: 46 bytes from 44.241.174.93: icmp_seq=20224 ttl=26 time=119 ms
08-09 22:36:41.400 23352 23466 D cellinfo: 46 bytes from 44.241.174.93: icmp_seq=20225 ttl=26 time=118 ms
08-09 22:36:41.600 23352 23466 D cellinfo: 46 bytes from 44.241.174.93: icmp_seq=20226 ttl=26 time=116 ms
08-09 22:36:41.793 23352 23466 D cellinfo: 46 bytes from 44.241.174.93: icmp_seq=20227 ttl=26 time=108 ms
08-09 22:36:42.000 23352 23466 D cellinfo: 46 bytes from 44.241.174.93: icmp_seq=20228 ttl=26 time=113 ms
08-09 22:36:42.201 23352 23466 D cellinfo: 46 bytes from 44.241.174.93: icmp_seq=20229 ttl=26 time=114 ms
08-09 22:36:42.402 23352 23466 D cellinfo: 46 bytes from 44.241.174.93: icmp_seq=20230 ttl=26 time=114 ms
08-09 22:36:42.430 23352 23352 D cellinfo: Latitude is 40.7049153
08-09 22:36:42.430 23352 23352 D cellinfo: Longitude is -111.9502214
08-09 22:36:42.430 23352 23352 D cellinfo: Instantaneous GPS information: United States, 3032 Decker Lake Dr, West Valley City, UT 84119, USA
08-09 22:36:42.430 23352 23352 D cellinfo: getCurrentLocation() result: Location (success): 40.7049153, -111.9502214
08-09 22:36:42.484 23352 23352 D cellinfo: onCellInfoChanged: Operator: AT&T...1 UpdateTimestamp: 110875221 CellConnectionStatus: 0
08-09 22:36:42.484 23352 23352 D cellinfo: onCellInfoChanged: LTE Cell Bands: [2] Bandwidth: 2147483647 Cell ID: 115501834 Physical Cell ID: 200 Tracking Area Code: 39181 EARFCN: 1100
08-09 22:36:42.601 23352 23466 D cellinfo: 46 bytes from 44.241.174.93: icmp_seq=20231 ttl=26 time=114 ms
08-09 22:36:42.799 23352 23466 D cellinfo: 46 bytes from 44.241.174.93: icmp_seq=20232 ttl=26 time=111 ms
08-09 22:36:43.000 23352 23466 D cellinfo: 46 bytes from 44.241.174.93: icmp_seq=20233 ttl=26 time=110 ms
08-09 22:36:43.199 23352 23466 D cellinfo: 46 bytes from 44.241.174.93: icmp_seq=20234 ttl=26 time=110 ms
08-09 22:36:43.438 23352 23466 D cellinfo: 46 bytes from 44.241.174.93: icmp_seq=20235 ttl=26 time=149 ms
08-09 22:36:43.502 23352 23352 D cellinfo: onsignalStrengthsChanged: LTE Signal Strength info: rsrp: -96 rsrq: -16 rssi: -59 rssnr: -1
08-09 22:36:43.601 23352 23466 D cellinfo: 46 bytes from 44.241.174.93: icmp_seq=20236 ttl=26 time=111 ms
08-09 22:36:43.801 23352 23466 D cellinfo: 46 bytes from 44.241.174.93: icmp_seq=20237 ttl=26 time=110 ms
08-09 22:36:44.000 23352 23466 D cellinfo: 46 bytes from 44.241.174.93: icmp_seq=20238 ttl=26 time=109 ms
08-09 22:36:44.199 23352 23466 D cellinfo: 46 bytes from 44.241.174.93: icmp_seq=20239 ttl=26 time=107 ms
08-09 22:36:44.401 23352 23466 D cellinfo: 46 bytes from 44.241.174.93: icmp_seq=20240 ttl=26 time=110 ms
08-09 22:36:44.639 23352 23466 D cellinfo: 46 bytes from 44.241.174.93: icmp_seq=20241 ttl=26 time=147 ms
08-09 22:36:44.839 23352 23466 D cellinfo: 46 bytes from 44.241.174.93: icmp_seq=20242 ttl=26 time=146 ms
08-09 22:36:45.038 23352 23466 D cellinfo: 46 bytes from 44.241.174.93: icmp_seq=20243 ttl=26 time=145 ms
08-09 22:36:45.239 23352 23466 D cellinfo: 46 bytes from 44.241.174.93: icmp_seq=20244 ttl=26 time=145 ms
08-09 22:36:45.438 23352 23352 D cellinfo: Latitude is 40.7049153
08-09 22:36:45.438 23352 23352 D cellinfo: Longitude is -111.9502214
08-09 22:36:45.438 23352 23352 D cellinfo: Instantaneous GPS information: United States, 3032 Decker Lake Dr, West Valley City, UT 84119, USA
08-09 22:36:45.438 23352 23352 D cellinfo: getCurrentLocation() result: Location (success): 40.7049153, -111.9502214
08-09 22:36:45.438 23352 23466 D cellinfo: 46 bytes from 44.241.174.93: icmp_seq=20245 ttl=26 time=145 ms
08-09 22:36:45.510 23352 23352 D cellinfo: onCellInfoChanged: Operator: AT&T...1 UpdateTimestamp: 110878248 CellConnectionStatus: 0
08-09 22:36:45.510 23352 23352 D cellinfo: onCellInfoChanged: LTE Cell Bands: [2] Bandwidth: 2147483647 Cell ID: 115501834 Physical Cell ID: 200 Tracking Area Code: 39181 EARFCN: 1100
08-09 22:36:45.638 23352 23466 D cellinfo: 46 bytes from 44.241.174.93: icmp_seq=20246 ttl=26 time=145 ms
08-09 22:36:45.839 23352 23466 D cellinfo: 46 bytes from 44.241.174.93: icmp_seq=20247 ttl=26 time=144 ms
08-09 22:36:46.039 23352 23466 D cellinfo: 46 bytes from 44.241.174.93: icmp_seq=20248 ttl=26 time=142 ms
08-09 22:36:46.240 23352 23466 D cellinfo: 46 bytes from 44.241.174.93: icmp_seq=20249 ttl=26 time=144 ms
08-09 22:36:46.438 23352 23466 D cellinfo: 46 bytes from 44.241.174.93: icmp_seq=20250 ttl=26 time=141 ms
08-09 22:36:46.638 23352 23466 D cellinfo: 46 bytes from 44.241.174.93: icmp_seq=20251 ttl=26 time=139 ms
08-09 22:36:46.839 23352 23466 D cellinfo: 46 bytes from 44.241.174.93: icmp_seq=20252 ttl=26 time=139 ms
08-09 22:36:47.012 23352 23466 D cellinfo: 46 bytes from 44.241.174.93: icmp_seq=20253 ttl=26 time=111 ms
08-09 22:36:47.238 23352 23466 D cellinfo: 46 bytes from 44.241.174.93: icmp_seq=20254 ttl=26 time=138 ms
08-09 22:36:47.439 23352 23466 D cellinfo: 46 bytes from 44.241.174.93: icmp_seq=20255 ttl=26 time=137 ms
08-09 22:36:47.601 23352 23466 D cellinfo: 46 bytes from 44.241.174.93: icmp_seq=20256 ttl=26 time=98.8 ms
08-09 22:36:47.838 23352 23466 D cellinfo: 46 bytes from 44.241.174.93: icmp_seq=20257 ttl=26 time=136 ms
08-09 22:36:48.039 23352 23466 D cellinfo: 46 bytes from 44.241.174.93: icmp_seq=20258 ttl=26 time=135 ms
08-09 22:36:48.239 23352 23466 D cellinfo: 46 bytes from 44.241.174.93: icmp_seq=20259 ttl=26 time=136 ms
08-09 22:36:48.447 23352 23466 D cellinfo: 46 bytes from 44.241.174.93: icmp_seq=20260 ttl=26 time=144 ms
08-09 22:36:48.480 23352 23352 D cellinfo: onCellInfoChanged: Operator: AT&T...1 UpdateTimestamp: 110881215 CellConnectionStatus: 0
08-09 22:36:48.480 23352 23352 D cellinfo: onCellInfoChanged: LTE Cell Bands: [2] Bandwidth: 2147483647 Cell ID: 115501834 Physical Cell ID: 200 Tracking Area Code: 39181 EARFCN: 1100
08-09 22:36:48.640 23352 23466 D cellinfo: 46 bytes from 44.241.174.93: icmp_seq=20261 ttl=26 time=135 ms
08-09 22:36:48.847 23352 23352 D cellinfo: onCellInfoChanged: Operator: AT&T...1 UpdateTimestamp: 110881579 CellConnectionStatus: 0
08-09 22:36:48.847 23352 23352 D cellinfo: onCellInfoChanged: LTE Cell Bands: [2] Bandwidth: 2147483647 Cell ID: 115472138 Physical Cell ID: 182 Tracking Area Code: 39181 EARFCN: 1100
08-09 22:36:48.870 23352 23352 D cellinfo: onServiceStateChanged: Channel Number: 1100 Cell Bandwidths: []
08-09 22:36:48.874 23352 23466 D cellinfo: 46 bytes from 44.241.174.93: icmp_seq=20262 ttl=26 time=171 ms
08-09 22:36:49.006 23352 23466 D cellinfo: 46 bytes from 44.241.174.93: icmp_seq=20263 ttl=26 time=102 ms
08-09 22:36:49.271 23352 23466 D cellinfo: 46 bytes from 44.241.174.93: icmp_seq=20264 ttl=26 time=166 ms
08-09 22:36:49.430 23352 23466 D cellinfo: 46 bytes from 44.241.174.93: icmp_seq=20265 ttl=26 time=125 ms
08-09 22:36:49.604 23352 23466 D cellinfo: 46 bytes from 44.241.174.93: icmp_seq=20266 ttl=26 time=97.8 ms
08-09 22:36:49.814 23352 23466 D cellinfo: 46 bytes from 44.241.174.93: icmp_seq=20267 ttl=26 time=105 ms
08-09 22:36:50.004 23352 23466 D cellinfo: 46 bytes from 44.241.174.93: icmp_seq=20268 ttl=26 time=94.9 ms
08-09 22:36:50.204 23352 23466 D cellinfo: 46 bytes from 44.241.174.93: icmp_seq=20269 ttl=26 time=94.6 ms
08-09 22:36:50.208 23352 23352 D cellinfo: Latitude is 40.7047391
08-09 22:36:50.208 23352 23352 D cellinfo: Longitude is -111.9503357
08-09 22:36:50.208 23352 23352 D cellinfo: Instantaneous GPS information: United States, 3032 Decker Lake Dr, West Valley City, UT 84119, USA
08-09 22:36:50.208 23352 23352 D cellinfo: getCurrentLocation() result: Location (success): 40.7047391, -111.9503357
08-09 22:36:50.402 23352 23466 D cellinfo: 46 bytes from 44.241.174.93: icmp_seq=20270 ttl=26 time=92.4 ms
08-09 22:36:50.603 23352 23466 D cellinfo: 46 bytes from 44.241.174.93: icmp_seq=20271 ttl=26 time=93.0 ms
08-09 22:36:50.831 23352 23466 D cellinfo: 46 bytes from 44.241.174.93: icmp_seq=20272 ttl=26 time=119 ms
08-09 22:36:51.031 23352 23466 D cellinfo: 46 bytes from 44.241.174.93: icmp_seq=20273 ttl=26 time=119 ms
08-09 22:36:51.231 23352 23466 D cellinfo: 46 bytes from 44.241.174.93: icmp_seq=20274 ttl=26 time=119 ms
08-09 22:36:51.430 23352 23466 D cellinfo: 46 bytes from 44.241.174.93: icmp_seq=20275 ttl=26 time=117 ms
08-09 22:36:51.456 23352 23352 D cellinfo: Latitude is 40.7047391
08-09 22:36:51.456 23352 23352 D cellinfo: Longitude is -111.9503357
08-09 22:36:51.456 23352 23352 D cellinfo: Instantaneous GPS information: United States, 3032 Decker Lake Dr, West Valley City, UT 84119, USA
08-09 22:36:51.456 23352 23352 D cellinfo: getCurrentLocation() result: Location (success): 40.7047391, -111.9503357
08-09 22:36:51.495 23352 23352 D cellinfo: onCellInfoChanged: Operator: AT&T...1 UpdateTimestamp: 110884233 CellConnectionStatus: 0
08-09 22:36:51.495 23352 23352 D cellinfo: onCellInfoChanged: LTE Cell Bands: [2] Bandwidth: 2147483647 Cell ID: 115472138 Physical Cell ID: 182 Tracking Area Code: 39181 EARFCN: 1100
08-09 22:36:51.632 23352 23466 D cellinfo: 46 bytes from 44.241.174.93: icmp_seq=20276 ttl=26 time=117 ms
08-09 22:36:51.831 23352 23466 D cellinfo: 46 bytes from 44.241.174.93: icmp_seq=20277 ttl=26 time=116 ms
08-09 22:36:52.071 23352 23466 D cellinfo: 46 bytes from 44.241.174.93: icmp_seq=20278 ttl=26 time=154 ms
08-09 22:36:52.231 23352 23466 D cellinfo: 46 bytes from 44.241.174.93: icmp_seq=20279 ttl=26 time=115 ms
08-09 22:36:52.431 23352 23466 D cellinfo: 46 bytes from 44.241.174.93: icmp_seq=20280 ttl=26 time=113 ms
08-09 22:36:52.632 23352 23466 D cellinfo: 46 bytes from 44.241.174.93: icmp_seq=20281 ttl=26 time=112 ms
08-09 22:36:52.831 23352 23466 D cellinfo: 46 bytes from 44.241.174.93: icmp_seq=20282 ttl=26 time=112 ms
08-09 22:36:53.031 23352 23466 D cellinfo: 46 bytes from 44.241.174.93: icmp_seq=20283 ttl=26 time=111 ms
08-09 22:36:53.231 23352 23466 D cellinfo: 46 bytes from 44.241.174.93: icmp_seq=20284 ttl=26 time=111 ms
08-09 22:36:53.355 23352 23352 D cellinfo: onsignalStrengthsChanged: LTE Signal Strength info: rsrp: -96 rsrq: -16 rssi: -61 rssnr: -3
08-09 22:36:53.432 23352 23466 D cellinfo: 46 bytes from 44.241.174.93: icmp_seq=20285 ttl=26 time=110 ms
08-09 22:36:53.632 23352 23466 D cellinfo: 46 bytes from 44.241.174.93: icmp_seq=20286 ttl=26 time=108 ms
08-09 22:36:53.872 23352 23466 D cellinfo: 46 bytes from 44.241.174.93: icmp_seq=20287 ttl=26 time=146 ms
08-09 22:36:54.031 23352 23466 D cellinfo: 46 bytes from 44.241.174.93: icmp_seq=20288 ttl=26 time=105 ms
08-09 22:36:54.231 23352 23466 D cellinfo: 46 bytes from 44.241.174.93: icmp_seq=20289 ttl=26 time=104 ms
08-09 22:36:54.437 23352 23352 D cellinfo: Latitude is 40.7047391
08-09 22:36:54.437 23352 23352 D cellinfo: Longitude is -111.9503357
08-09 22:36:54.437 23352 23352 D cellinfo: Instantaneous GPS information: United States, 3032 Decker Lake Dr, West Valley City, UT 84119, USA
08-09 22:36:54.437 23352 23352 D cellinfo: getCurrentLocation() result: Location (success): 40.7047391, -111.9503357
08-09 22:36:54.470 23352 23466 D cellinfo: 46 bytes from 44.241.174.93: icmp_seq=20290 ttl=26 time=143 ms
08-09 22:36:54.494 23352 23352 D cellinfo: onCellInfoChanged: Operator: AT&T...1 UpdateTimestamp: 110887230 CellConnectionStatus: 0
08-09 22:36:54.494 23352 23352 D cellinfo: onCellInfoChanged: LTE Cell Bands: [2] Bandwidth: 2147483647 Cell ID: 115472138 Physical Cell ID: 182 Tracking Area Code: 39181 EARFCN: 1100
08-09 22:36:54.631 23352 23466 D cellinfo: 46 bytes from 44.241.174.93: icmp_seq=20291 ttl=26 time=102 ms
08-09 22:36:54.829 23352 23466 D cellinfo: 46 bytes from 44.241.174.93: icmp_seq=20292 ttl=26 time=99.2 ms
08-09 22:36:55.033 23352 23466 D cellinfo: 46 bytes from 44.241.174.93: icmp_seq=20293 ttl=26 time=101 ms
08-09 22:36:55.231 23352 23466 D cellinfo: 46 bytes from 44.241.174.93: icmp_seq=20294 ttl=26 time=98.9 ms
08-09 22:36:55.432 23352 23466 D cellinfo: 46 bytes from 44.241.174.93: icmp_seq=20295 ttl=26 time=98.6 ms
08-09 22:36:55.633 23352 23466 D cellinfo: 46 bytes from 44.241.174.93: icmp_seq=20296 ttl=26 time=99.4 ms
08-09 22:36:55.834 23352 23466 D cellinfo: 46 bytes from 44.241.174.93: icmp_seq=20297 ttl=26 time=98.5 ms
08-09 22:36:56.035 23352 23466 D cellinfo: 46 bytes from 44.241.174.93: icmp_seq=20298 ttl=26 time=98.3 ms
08-09 22:36:56.238 23352 23466 D cellinfo: 46 bytes from 44.241.174.93: icmp_seq=20299 ttl=26 time=100 ms
08-09 22:36:56.344 23352 23352 D cellinfo: onsignalStrengthsChanged: LTE Signal Strength info: rsrp: -95 rsrq: -16 rssi: -61 rssnr: -2
08-09 22:36:56.434 23352 23466 D cellinfo: 46 bytes from 44.241.174.93: icmp_seq=20300 ttl=26 time=95.9 ms
08-09 22:36:56.635 23352 23466 D cellinfo: 46 bytes from 44.241.174.93: icmp_seq=20301 ttl=26 time=94.6 ms
08-09 22:36:56.834 23352 23466 D cellinfo: 46 bytes from 44.241.174.93: icmp_seq=20302 ttl=26 time=93.9 ms
08-09 22:36:57.035 23352 23466 D cellinfo: 46 bytes from 44.241.174.93: icmp_seq=20303 ttl=26 time=93.4 ms
08-09 22:36:57.233 23352 23466 D cellinfo: 46 bytes from 44.241.174.93: icmp_seq=20304 ttl=26 time=92.2 ms
08-09 22:36:57.433 23352 23466 D cellinfo: 46 bytes from 44.241.174.93: icmp_seq=20305 ttl=26 time=91.5 ms
08-09 22:36:57.435 23352 23352 D cellinfo: Latitude is 40.7047391
08-09 22:36:57.435 23352 23352 D cellinfo: Longitude is -111.9503357
08-09 22:36:57.435 23352 23352 D cellinfo: Instantaneous GPS information: United States, 3032 Decker Lake Dr, West Valley City, UT 84119, USA
08-09 22:36:57.435 23352 23352 D cellinfo: getCurrentLocation() result: Location (success): 40.7047391, -111.9503357
08-09 22:36:57.496 23352 23352 D cellinfo: onCellInfoChanged: Operator: AT&T...1 UpdateTimestamp: 110890234 CellConnectionStatus: 0
08-09 22:36:57.496 23352 23352 D cellinfo: onCellInfoChanged: LTE Cell Bands: [2] Bandwidth: 2147483647 Cell ID: 115472138 Physical Cell ID: 182 Tracking Area Code: 39181 EARFCN: 1100
08-09 22:36:57.634 23352 23466 D cellinfo: 46 bytes from 44.241.174.93: icmp_seq=20306 ttl=26 time=91.6 ms
08-09 22:36:57.835 23352 23466 D cellinfo: 46 bytes from 44.241.174.93: icmp_seq=20307 ttl=26 time=91.1 ms
08-09 22:36:58.075 23352 23466 D cellinfo: 46 bytes from 44.241.174.93: icmp_seq=20308 ttl=26 time=130 ms
08-09 22:36:58.272 23352 23466 D cellinfo: 46 bytes from 44.241.174.93: icmp_seq=20309 ttl=26 time=125 ms
08-09 22:36:58.473 23352 23466 D cellinfo: 46 bytes from 44.241.174.93: icmp_seq=20310 ttl=26 time=124 ms
08-09 22:36:58.672 23352 23466 D cellinfo: 46 bytes from 44.241.174.93: icmp_seq=20311 ttl=26 time=126 ms
08-09 22:36:58.873 23352 23466 D cellinfo: 46 bytes from 44.241.174.93: icmp_seq=20312 ttl=26 time=125 ms
08-09 22:36:59.071 23352 23466 D cellinfo: 46 bytes from 44.241.174.93: icmp_seq=20313 ttl=26 time=123 ms
08-09 22:36:59.274 23352 23466 D cellinfo: 46 bytes from 44.241.174.93: icmp_seq=20314 ttl=26 time=126 ms
08-09 22:36:59.471 23352 23466 D cellinfo: 46 bytes from 44.241.174.93: icmp_seq=20315 ttl=26 time=122 ms
08-09 22:36:59.671 23352 23466 D cellinfo: 46 bytes from 44.241.174.93: icmp_seq=20316 ttl=26 time=120 ms
08-09 22:36:59.871 23352 23466 D cellinfo: 46 bytes from 44.241.174.93: icmp_seq=20317 ttl=26 time=118 ms
08-09 22:37:00.072 23352 23466 D cellinfo: 46 bytes from 44.241.174.93: icmp_seq=20318 ttl=26 time=118 ms
08-09 22:37:00.271 23352 23466 D cellinfo: 46 bytes from 44.241.174.93: icmp_seq=20319 ttl=26 time=116 ms
08-09 22:37:00.477 23352 23352 D cellinfo: onCellInfoChanged: Operator: AT&T...1 UpdateTimestamp: 110893214 CellConnectionStatus: 0
08-09 22:37:00.477 23352 23352 D cellinfo: onCellInfoChanged: LTE Cell Bands: [2] Bandwidth: 2147483647 Cell ID: 115472138 Physical Cell ID: 182 Tracking Area Code: 39181 EARFCN: 1100
08-09 22:37:00.478 23352 23466 D cellinfo: 46 bytes from 44.241.174.93: icmp_seq=20320 ttl=26 time=123 ms
08-09 22:37:00.671 23352 23466 D cellinfo: 46 bytes from 44.241.174.93: icmp_seq=20321 ttl=26 time=115 ms
08-09 22:37:00.870 23352 23466 D cellinfo: 46 bytes from 44.241.174.93: icmp_seq=20322 ttl=26 time=114 ms
08-09 22:37:01.071 23352 23466 D cellinfo: 46 bytes from 44.241.174.93: icmp_seq=20323 ttl=26 time=114 ms
08-09 22:37:01.272 23352 23466 D cellinfo: 46 bytes from 44.241.174.93: icmp_seq=20324 ttl=26 time=114 ms
08-09 22:37:01.419 23352 23352 D cellinfo: onsignalStrengthsChanged: LTE Signal Strength info: rsrp: -94 rsrq: -15 rssi: -57 rssnr: 0
08-09 22:37:01.471 23352 23466 D cellinfo: 46 bytes from 44.241.174.93: icmp_seq=20325 ttl=26 time=113 ms
08-09 22:37:01.710 23352 23466 D cellinfo: 46 bytes from 44.241.174.93: icmp_seq=20326 ttl=26 time=152 ms
08-09 22:37:01.854 23352 23466 D cellinfo: 46 bytes from 44.241.174.93: icmp_seq=20327 ttl=26 time=94.9 ms
08-09 22:37:02.056 23352 23466 D cellinfo: 46 bytes from 44.241.174.93: icmp_seq=20328 ttl=26 time=95.3 ms
08-09 22:37:02.280 23352 23466 D cellinfo: 46 bytes from 44.241.174.93: icmp_seq=20329 ttl=26 time=118 ms
08-09 22:37:02.474 23352 23466 D cellinfo: 46 bytes from 44.241.174.93: icmp_seq=20330 ttl=26 time=109 ms
08-09 22:37:02.482 23352 23352 D cellinfo: Latitude is 40.7047421
08-09 22:37:02.482 23352 23352 D cellinfo: Longitude is -111.9504189
08-09 22:37:02.482 23352 23352 D cellinfo: Instantaneous GPS information: United States, 3074 Decker Lake Dr, West Valley City, UT 84119, USA
08-09 22:37:02.482 23352 23352 D cellinfo: getCurrentLocation() result: Location (success): 40.7047421, -111.9504189
08-09 22:37:02.670 23352 23466 D cellinfo: 46 bytes from 44.241.174.93: icmp_seq=20331 ttl=26 time=107 ms
08-09 22:37:02.870 23352 23466 D cellinfo: 46 bytes from 44.241.174.93: icmp_seq=20332 ttl=26 time=106 ms
08-09 22:37:03.119 23352 23466 D cellinfo: 46 bytes from 44.241.174.93: icmp_seq=20333 ttl=26 time=154 ms
08-09 22:37:03.271 23352 23466 D cellinfo: 46 bytes from 44.241.174.93: icmp_seq=20334 ttl=26 time=105 ms
08-09 22:37:03.432 23352 23352 D cellinfo: Latitude is 40.7047421
08-09 22:37:03.432 23352 23352 D cellinfo: Longitude is -111.9504189
08-09 22:37:03.432 23352 23352 D cellinfo: Instantaneous GPS information: United States, 3074 Decker Lake Dr, West Valley City, UT 84119, USA
08-09 22:37:03.432 23352 23352 D cellinfo: getCurrentLocation() result: Location (success): 40.7047421, -111.9504189
08-09 22:37:03.486 23352 23352 D cellinfo: onCellInfoChanged: Operator: AT&T...1 UpdateTimestamp: 110896223 CellConnectionStatus: 0
08-09 22:37:03.486 23352 23352 D cellinfo: onCellInfoChanged: LTE Cell Bands: [2] Bandwidth: 2147483647 Cell ID: 115472138 Physical Cell ID: 182 Tracking Area Code: 39181 EARFCN: 1100
08-09 22:37:03.592 23352 23466 D cellinfo: 46 bytes from 44.241.174.93: icmp_seq=20335 ttl=26 time=223 ms
08-09 22:37:03.667 23352 23352 D cellinfo: onsignalStrengthsChanged: LTE Signal Strength info: rsrp: -94 rsrq: -15 rssi: -59 rssnr: -1
08-09 22:37:03.710 23352 23466 D cellinfo: 46 bytes from 44.241.174.93: icmp_seq=20336 ttl=26 time=143 ms
08-09 22:37:03.870 23352 23466 D cellinfo: 46 bytes from 44.241.174.93: icmp_seq=20337 ttl=26 time=101 ms
08-09 22:37:04.070 23352 23466 D cellinfo: 46 bytes from 44.241.174.93: icmp_seq=20338 ttl=26 time=101 ms
08-09 22:37:04.312 23352 23466 D cellinfo: 46 bytes from 44.241.174.93: icmp_seq=20339 ttl=26 time=142 ms
08-09 22:37:04.471 23352 23466 D cellinfo: 46 bytes from 44.241.174.93: icmp_seq=20340 ttl=26 time=101 ms
08-09 22:37:04.711 23352 23466 D cellinfo: 46 bytes from 44.241.174.93: icmp_seq=20341 ttl=26 time=139 ms
08-09 22:37:04.919 23352 23466 D cellinfo: 46 bytes from 44.241.174.93: icmp_seq=20342 ttl=26 time=148 ms
08-09 22:37:05.112 23352 23466 D cellinfo: 46 bytes from 44.241.174.93: icmp_seq=20343 ttl=26 time=139 ms
08-09 22:37:05.271 23352 23466 D cellinfo: 46 bytes from 44.241.174.93: icmp_seq=20344 ttl=26 time=99.3 ms
08-09 22:37:05.471 23352 23466 D cellinfo: 46 bytes from 44.241.174.93: icmp_seq=20345 ttl=26 time=97.6 ms
08-09 22:37:05.670 23352 23466 D cellinfo: 46 bytes from 44.241.174.93: icmp_seq=20346 ttl=26 time=97.3 ms
08-09 22:37:05.911 23352 23466 D cellinfo: 46 bytes from 44.241.174.93: icmp_seq=20347 ttl=26 time=136 ms
08-09 22:37:06.074 23352 23466 D cellinfo: 46 bytes from 44.241.174.93: icmp_seq=20348 ttl=26 time=98.4 ms
08-09 22:37:06.276 23352 23466 D cellinfo: 46 bytes from 44.241.174.93: icmp_seq=20349 ttl=26 time=99.6 ms
08-09 22:37:06.436 23352 23352 D cellinfo: Latitude is 40.7047421
08-09 22:37:06.436 23352 23352 D cellinfo: Longitude is -111.9504189
08-09 22:37:06.436 23352 23352 D cellinfo: Instantaneous GPS information: United States, 3074 Decker Lake Dr, West Valley City, UT 84119, USA
08-09 22:37:06.436 23352 23352 D cellinfo: getCurrentLocation() result: Location (success): 40.7047421, -111.9504189
08-09 22:37:06.473 23352 23466 D cellinfo: 46 bytes from 44.241.174.93: icmp_seq=20350 ttl=26 time=95.4 ms
08-09 22:37:06.488 23352 23352 D cellinfo: onCellInfoChanged: Operator: AT&T...1 UpdateTimestamp: 110899224 CellConnectionStatus: 0
08-09 22:37:06.488 23352 23352 D cellinfo: onCellInfoChanged: LTE Cell Bands: [2] Bandwidth: 2147483647 Cell ID: 115472138 Physical Cell ID: 182 Tracking Area Code: 39181 EARFCN: 1100
08-09 22:37:06.672 23352 23466 D cellinfo: 46 bytes from 44.241.174.93: icmp_seq=20351 ttl=26 time=92.8 ms
08-09 22:37:06.874 23352 23466 D cellinfo: 46 bytes from 44.241.174.93: icmp_seq=20352 ttl=26 time=92.2 ms
08-09 22:37:07.072 23352 23466 D cellinfo: 46 bytes from 44.241.174.93: icmp_seq=20353 ttl=26 time=90.8 ms
08-09 22:37:07.273 23352 23466 D cellinfo: 46 bytes from 44.241.174.93: icmp_seq=20354 ttl=26 time=92.3 ms
08-09 22:37:07.472 23352 23466 D cellinfo: 46 bytes from 44.241.174.93: icmp_seq=20355 ttl=26 time=89.9 ms
08-09 22:37:07.672 23352 23466 D cellinfo: 46 bytes from 44.241.174.93: icmp_seq=20356 ttl=26 time=89.4 ms
08-09 22:37:07.911 23352 23466 D cellinfo: 46 bytes from 44.241.174.93: icmp_seq=20357 ttl=26 time=126 ms
08-09 22:37:08.112 23352 23466 D cellinfo: 46 bytes from 44.241.174.93: icmp_seq=20358 ttl=26 time=126 ms
08-09 22:37:08.312 23352 23466 D cellinfo: 46 bytes from 44.241.174.93: icmp_seq=20359 ttl=26 time=126 ms
08-09 22:37:08.513 23352 23466 D cellinfo: 46 bytes from 44.241.174.93: icmp_seq=20360 ttl=26 time=127 ms
08-09 22:37:08.712 23352 23466 D cellinfo: 46 bytes from 44.241.174.93: icmp_seq=20361 ttl=26 time=126 ms
08-09 22:37:08.912 23352 23466 D cellinfo: 46 bytes from 44.241.174.93: icmp_seq=20362 ttl=26 time=125 ms
08-09 22:37:09.112 23352 23466 D cellinfo: 46 bytes from 44.241.174.93: icmp_seq=20363 ttl=26 time=124 ms
08-09 22:37:09.312 23352 23466 D cellinfo: 46 bytes from 44.241.174.93: icmp_seq=20364 ttl=26 time=124 ms
08-09 22:37:09.431 23352 23352 D cellinfo: Latitude is 40.7047421
08-09 22:37:09.431 23352 23352 D cellinfo: Longitude is -111.9504189
08-09 22:37:09.431 23352 23352 D cellinfo: Instantaneous GPS information: United States, 3074 Decker Lake Dr, West Valley City, UT 84119, USA
08-09 22:37:09.431 23352 23352 D cellinfo: getCurrentLocation() result: Location (success): 40.7047421, -111.9504189
08-09 22:37:09.479 23352 23352 D cellinfo: onCellInfoChanged: Operator: AT&T...1 UpdateTimestamp: 110902215 CellConnectionStatus: 0
08-09 22:37:09.479 23352 23352 D cellinfo: onCellInfoChanged: LTE Cell Bands: [2] Bandwidth: 2147483647 Cell ID: 115472138 Physical Cell ID: 182 Tracking Area Code: 39181 EARFCN: 1100
08-09 22:37:09.511 23352 23466 D cellinfo: 46 bytes from 44.241.174.93: icmp_seq=20365 ttl=26 time=123 ms
08-09 22:37:09.712 23352 23466 D cellinfo: 46 bytes from 44.241.174.93: icmp_seq=20366 ttl=26 time=123 ms
08-09 22:37:09.910 23352 23466 D cellinfo: 46 bytes from 44.241.174.93: icmp_seq=20367 ttl=26 time=122 ms
08-09 22:37:10.110 23352 23466 D cellinfo: 46 bytes from 44.241.174.93: icmp_seq=20368 ttl=26 time=121 ms
08-09 22:37:10.311 23352 23466 D cellinfo: 46 bytes from 44.241.174.93: icmp_seq=20369 ttl=26 time=121 ms
08-09 22:37:10.510 23352 23466 D cellinfo: 46 bytes from 44.241.174.93: icmp_seq=20370 ttl=26 time=120 ms
08-09 22:37:10.718 23352 23466 D cellinfo: 46 bytes from 44.241.174.93: icmp_seq=20371 ttl=26 time=127 ms
08-09 22:37:10.911 23352 23466 D cellinfo: 46 bytes from 44.241.174.93: icmp_seq=20372 ttl=26 time=117 ms
08-09 22:37:11.111 23352 23466 D cellinfo: 46 bytes from 44.241.174.93: icmp_seq=20373 ttl=26 time=116 ms
08-09 22:37:11.310 23352 23466 D cellinfo: 46 bytes from 44.241.174.93: icmp_seq=20374 ttl=26 time=116 ms
08-09 22:37:11.510 23352 23466 D cellinfo: 46 bytes from 44.241.174.93: icmp_seq=20375 ttl=26 time=115 ms
08-09 22:37:11.711 23352 23466 D cellinfo: 46 bytes from 44.241.174.93: icmp_seq=20376 ttl=26 time=116 ms
08-09 22:37:11.910 23352 23466 D cellinfo: 46 bytes from 44.241.174.93: icmp_seq=20377 ttl=26 time=114 ms
08-09 22:37:12.151 23352 23466 D cellinfo: 46 bytes from 44.241.174.93: icmp_seq=20378 ttl=26 time=153 ms
08-09 22:37:12.311 23352 23466 D cellinfo: 46 bytes from 44.241.174.93: icmp_seq=20379 ttl=26 time=113 ms
08-09 22:37:12.488 23352 23352 D cellinfo: onCellInfoChanged: Operator: AT&T...1 UpdateTimestamp: 110905223 CellConnectionStatus: 0
08-09 22:37:12.488 23352 23352 D cellinfo: onCellInfoChanged: LTE Cell Bands: [2] Bandwidth: 2147483647 Cell ID: 115472138 Physical Cell ID: 182 Tracking Area Code: 39181 EARFCN: 1100
08-09 22:37:12.510 23352 23466 D cellinfo: 46 bytes from 44.241.174.93: icmp_seq=20380 ttl=26 time=112 ms
08-09 22:37:12.631 23352 23352 D cellinfo: onsignalStrengthsChanged: LTE Signal Strength info: rsrp: -95 rsrq: -16 rssi: -57 rssnr: -3
08-09 22:37:12.712 23352 23466 D cellinfo: 46 bytes from 44.241.174.93: icmp_seq=20381 ttl=26 time=113 ms
08-09 22:37:12.910 23352 23466 D cellinfo: 46 bytes from 44.241.174.93: icmp_seq=20382 ttl=26 time=111 ms
08-09 22:37:13.111 23352 23466 D cellinfo: 46 bytes from 44.241.174.93: icmp_seq=20383 ttl=26 time=111 ms
08-09 22:37:13.308 23352 23466 D cellinfo: 46 bytes from 44.241.174.93: icmp_seq=20384 ttl=26 time=108 ms
08-09 22:37:13.510 23352 23466 D cellinfo: 46 bytes from 44.241.174.93: icmp_seq=20385 ttl=26 time=110 ms
08-09 22:37:13.711 23352 23466 D cellinfo: 46 bytes from 44.241.174.93: icmp_seq=20386 ttl=26 time=109 ms
08-09 22:37:13.911 23352 23466 D cellinfo: 46 bytes from 44.241.174.93: icmp_seq=20387 ttl=26 time=106 ms
08-09 22:37:14.094 23352 23466 D cellinfo: 46 bytes from 44.241.174.93: icmp_seq=20388 ttl=26 time=88.6 ms
08-09 22:37:14.313 23352 23466 D cellinfo: 46 bytes from 44.241.174.93: icmp_seq=20389 ttl=26 time=105 ms
08-09 22:37:14.316 23352 23352 D cellinfo: Latitude is 40.7047486
08-09 22:37:14.316 23352 23352 D cellinfo: Longitude is -111.9503748
08-09 22:37:14.316 23352 23352 D cellinfo: Instantaneous GPS information: United States, 3032 Decker Lake Dr, West Valley City, UT 84119, USA
08-09 22:37:14.316 23352 23352 D cellinfo: getCurrentLocation() result: Location (success): 40.7047486, -111.9503748
08-09 22:37:14.510 23352 23466 D cellinfo: 46 bytes from 44.241.174.93: icmp_seq=20390 ttl=26 time=102 ms
08-09 22:37:14.752 23352 23466 D cellinfo: 46 bytes from 44.241.174.93: icmp_seq=20391 ttl=26 time=142 ms
08-09 22:37:14.910 23352 23466 D cellinfo: 46 bytes from 44.241.174.93: icmp_seq=20392 ttl=26 time=101 ms
08-09 22:37:15.151 23352 23466 D cellinfo: 46 bytes from 44.241.174.93: icmp_seq=20393 ttl=26 time=140 ms
08-09 22:37:15.310 23352 23466 D cellinfo: 46 bytes from 44.241.174.93: icmp_seq=20394 ttl=26 time=99.7 ms
08-09 22:37:15.437 23352 23352 D cellinfo: Latitude is 40.7047486
08-09 22:37:15.437 23352 23352 D cellinfo: Longitude is -111.9503748
08-09 22:37:15.437 23352 23352 D cellinfo: Instantaneous GPS information: United States, 3032 Decker Lake Dr, West Valley City, UT 84119, USA
08-09 22:37:15.437 23352 23352 D cellinfo: getCurrentLocation() result: Location (success): 40.7047486, -111.9503748
08-09 22:37:15.494 23352 23352 D cellinfo: onCellInfoChanged: Operator: AT&T...1 UpdateTimestamp: 110908232 CellConnectionStatus: 0
08-09 22:37:15.494 23352 23352 D cellinfo: onCellInfoChanged: LTE Cell Bands: [2] Bandwidth: 2147483647 Cell ID: 115472138 Physical Cell ID: 182 Tracking Area Code: 39181 EARFCN: 1100
08-09 22:37:15.519 23352 23466 D cellinfo: 46 bytes from 44.241.174.93: icmp_seq=20395 ttl=26 time=106 ms
08-09 22:37:15.752 23352 23466 D cellinfo: 46 bytes from 44.241.174.93: icmp_seq=20396 ttl=26 time=136 ms
08-09 22:37:15.952 23352 23466 D cellinfo: 46 bytes from 44.241.174.93: icmp_seq=20397 ttl=26 time=135 ms
08-09 22:37:16.150 23352 23466 D cellinfo: 46 bytes from 44.241.174.93: icmp_seq=20398 ttl=26 time=134 ms
08-09 22:37:16.314 23352 23466 D cellinfo: 46 bytes from 44.241.174.93: icmp_seq=20399 ttl=26 time=96.8 ms
08-09 22:37:16.513 23352 23466 D cellinfo: 46 bytes from 44.241.174.93: icmp_seq=20400 ttl=26 time=95.5 ms
08-09 22:37:16.713 23352 23466 D cellinfo: 46 bytes from 44.241.174.93: icmp_seq=20401 ttl=26 time=94.7 ms
08-09 22:37:16.914 23352 23466 D cellinfo: 46 bytes from 44.241.174.93: icmp_seq=20402 ttl=26 time=93.8 ms
08-09 22:37:17.114 23352 23466 D cellinfo: 46 bytes from 44.241.174.93: icmp_seq=20403 ttl=26 time=91.8 ms
08-09 22:37:17.313 23352 23466 D cellinfo: 46 bytes from 44.241.174.93: icmp_seq=20404 ttl=26 time=90.7 ms
08-09 22:37:17.552 23352 23466 D cellinfo: 46 bytes from 44.241.174.93: icmp_seq=20405 ttl=26 time=127 ms
08-09 22:37:17.753 23352 23466 D cellinfo: 46 bytes from 44.241.174.93: icmp_seq=20406 ttl=26 time=125 ms
08-09 22:37:17.953 23352 23466 D cellinfo: 46 bytes from 44.241.174.93: icmp_seq=20407 ttl=26 time=125 ms
08-09 22:37:18.152 23352 23466 D cellinfo: 46 bytes from 44.241.174.93: icmp_seq=20408 ttl=26 time=123 ms
08-09 22:37:18.352 23352 23466 D cellinfo: 46 bytes from 44.241.174.93: icmp_seq=20409 ttl=26 time=122 ms
08-09 22:37:18.437 23352 23352 D cellinfo: Latitude is 40.7047486
08-09 22:37:18.437 23352 23352 D cellinfo: Longitude is -111.9503748
08-09 22:37:18.437 23352 23352 D cellinfo: Instantaneous GPS information: United States, 3032 Decker Lake Dr, West Valley City, UT 84119, USA
08-09 22:37:18.437 23352 23352 D cellinfo: getCurrentLocation() result: Location (success): 40.7047486, -111.9503748
08-09 22:37:18.484 23352 23352 D cellinfo: onCellInfoChanged: Operator: AT&T...1 UpdateTimestamp: 110911220 CellConnectionStatus: 0
08-09 22:37:18.484 23352 23352 D cellinfo: onCellInfoChanged: LTE Cell Bands: [2] Bandwidth: 2147483647 Cell ID: 115472138 Physical Cell ID: 182 Tracking Area Code: 39181 EARFCN: 1100
08-09 22:37:18.551 23352 23466 D cellinfo: 46 bytes from 44.241.174.93: icmp_seq=20410 ttl=26 time=122 ms
08-09 22:37:18.752 23352 23466 D cellinfo: 46 bytes from 44.241.174.93: icmp_seq=20411 ttl=26 time=122 ms
08-09 22:37:18.951 23352 23466 D cellinfo: 46 bytes from 44.241.174.93: icmp_seq=20412 ttl=26 time=121 ms
08-09 22:37:19.151 23352 23466 D cellinfo: 46 bytes from 44.241.174.93: icmp_seq=20413 ttl=26 time=120 ms
08-09 22:37:19.351 23352 23466 D cellinfo: 46 bytes from 44.241.174.93: icmp_seq=20414 ttl=26 time=119 ms
08-09 22:37:19.532 23352 23466 D cellinfo: 46 bytes from 44.241.174.93: icmp_seq=20415 ttl=26 time=99.0 ms
08-09 22:37:19.751 23352 23466 D cellinfo: 46 bytes from 44.241.174.93: icmp_seq=20416 ttl=26 time=116 ms
08-09 22:37:19.951 23352 23466 D cellinfo: 46 bytes from 44.241.174.93: icmp_seq=20417 ttl=26 time=115 ms
08-09 22:37:20.151 23352 23466 D cellinfo: 46 bytes from 44.241.174.93: icmp_seq=20418 ttl=26 time=114 ms
08-09 22:37:20.350 23352 23466 D cellinfo: 46 bytes from 44.241.174.93: icmp_seq=20419 ttl=26 time=114 ms
08-09 22:37:20.572 23352 23466 D cellinfo: 46 bytes from 44.241.174.93: icmp_seq=20420 ttl=26 time=134 ms
08-09 22:37:20.751 23352 23466 D cellinfo: 46 bytes from 44.241.174.93: icmp_seq=20421 ttl=26 time=112 ms
08-09 22:37:20.951 23352 23466 D cellinfo: 46 bytes from 44.241.174.93: icmp_seq=20422 ttl=26 time=111 ms
08-09 22:37:21.152 23352 23466 D cellinfo: 46 bytes from 44.241.174.93: icmp_seq=20423 ttl=26 time=113 ms
08-09 22:37:21.351 23352 23466 D cellinfo: 46 bytes from 44.241.174.93: icmp_seq=20424 ttl=26 time=111 ms
08-09 22:37:21.437 23352 23352 D cellinfo: Latitude is 40.7047486
08-09 22:37:21.437 23352 23352 D cellinfo: Longitude is -111.9503748
08-09 22:37:21.437 23352 23352 D cellinfo: Instantaneous GPS information: United States, 3032 Decker Lake Dr, West Valley City, UT 84119, USA
08-09 22:37:21.437 23352 23352 D cellinfo: getCurrentLocation() result: Location (success): 40.7047486, -111.9503748
08-09 22:37:21.492 23352 23352 D cellinfo: onCellInfoChanged: Operator: AT&T...1 UpdateTimestamp: 110914230 CellConnectionStatus: 0
08-09 22:37:21.492 23352 23352 D cellinfo: onCellInfoChanged: LTE Cell Bands: [2] Bandwidth: 2147483647 Cell ID: 115472138 Physical Cell ID: 182 Tracking Area Code: 39181 EARFCN: 1100
08-09 22:37:21.550 23352 23466 D cellinfo: 46 bytes from 44.241.174.93: icmp_seq=20425 ttl=26 time=109 ms
08-09 22:37:21.751 23352 23466 D cellinfo: 46 bytes from 44.241.174.93: icmp_seq=20426 ttl=26 time=110 ms
08-09 22:37:21.951 23352 23466 D cellinfo: 46 bytes from 44.241.174.93: icmp_seq=20427 ttl=26 time=109 ms
08-09 22:37:22.151 23352 23466 D cellinfo: 46 bytes from 44.241.174.93: icmp_seq=20428 ttl=26 time=108 ms
08-09 22:37:22.357 23352 23466 D cellinfo: 46 bytes from 44.241.174.93: icmp_seq=20429 ttl=26 time=112 ms
08-09 22:37:22.550 23352 23466 D cellinfo: 46 bytes from 44.241.174.93: icmp_seq=20430 ttl=26 time=106 ms
08-09 22:37:22.750 23352 23466 D cellinfo: 46 bytes from 44.241.174.93: icmp_seq=20431 ttl=26 time=105 ms
08-09 22:37:22.954 23352 23466 D cellinfo: 46 bytes from 44.241.174.93: icmp_seq=20432 ttl=26 time=107 ms
08-09 22:37:23.151 23352 23466 D cellinfo: 46 bytes from 44.241.174.93: icmp_seq=20433 ttl=26 time=103 ms
08-09 22:37:23.198 23352 23352 D cellinfo: onCellInfoChanged: Operator: AT&T...1 UpdateTimestamp: 110915929 CellConnectionStatus: 0
08-09 22:37:23.198 23352 23352 D cellinfo: onCellInfoChanged: LTE Cell Bands: [2] Bandwidth: 2147483647 Cell ID: 115501834 Physical Cell ID: 200 Tracking Area Code: 39181 EARFCN: 1100
08-09 22:37:23.226 23352 23352 D cellinfo: onServiceStateChanged: Channel Number: 1100 Cell Bandwidths: []
08-09 22:37:23.383 23352 23466 D cellinfo: 46 bytes from 44.241.174.93: icmp_seq=20434 ttl=26 time=134 ms
08-09 22:37:23.583 23352 23466 D cellinfo: 46 bytes from 44.241.174.93: icmp_seq=20435 ttl=26 time=132 ms
08-09 22:37:23.783 23352 23466 D cellinfo: 46 bytes from 44.241.174.93: icmp_seq=20436 ttl=26 time=131 ms
08-09 22:37:23.982 23352 23466 D cellinfo: 46 bytes from 44.241.174.93: icmp_seq=20437 ttl=26 time=130 ms
08-09 22:37:24.183 23352 23466 D cellinfo: 46 bytes from 44.241.174.93: icmp_seq=20438 ttl=26 time=131 ms
08-09 22:37:24.384 23352 23466 D cellinfo: 46 bytes from 44.241.174.93: icmp_seq=20439 ttl=26 time=132 ms
08-09 22:37:24.472 23352 23352 D cellinfo: onCellInfoChanged: Operator: AT&T...1 UpdateTimestamp: 110917207 CellConnectionStatus: 0
08-09 22:37:24.472 23352 23352 D cellinfo: onCellInfoChanged: LTE Cell Bands: [2] Bandwidth: 2147483647 Cell ID: 115501834 Physical Cell ID: 200 Tracking Area Code: 39181 EARFCN: 1100
08-09 22:37:24.584 23352 23466 D cellinfo: 46 bytes from 44.241.174.93: icmp_seq=20440 ttl=26 time=131 ms
08-09 22:37:24.783 23352 23466 D cellinfo: 46 bytes from 44.241.174.93: icmp_seq=20441 ttl=26 time=128 ms
08-09 22:37:24.983 23352 23466 D cellinfo: 46 bytes from 44.241.174.93: icmp_seq=20442 ttl=26 time=128 ms
08-09 22:37:25.183 23352 23466 D cellinfo: 46 bytes from 44.241.174.93: icmp_seq=20443 ttl=26 time=127 ms
08-09 22:37:25.382 23352 23466 D cellinfo: 46 bytes from 44.241.174.93: icmp_seq=20444 ttl=26 time=127 ms
08-09 22:37:25.556 23352 23352 D cellinfo: Latitude is 40.7047202
08-09 22:37:25.556 23352 23352 D cellinfo: Longitude is -111.9503463
08-09 22:37:25.556 23352 23352 D cellinfo: Instantaneous GPS information: United States, 3032 Decker Lake Dr, West Valley City, UT 84119, USA
08-09 22:37:25.556 23352 23352 D cellinfo: getCurrentLocation() result: Location (success): 40.7047202, -111.9503463
08-09 22:37:25.582 23352 23466 D cellinfo: 46 bytes from 44.241.174.93: icmp_seq=20445 ttl=26 time=127 ms
08-09 22:37:25.822 23352 23466 D cellinfo: 46 bytes from 44.241.174.93: icmp_seq=20446 ttl=26 time=166 ms
08-09 22:37:25.982 23352 23466 D cellinfo: 46 bytes from 44.241.174.93: icmp_seq=20447 ttl=26 time=125 ms
08-09 22:37:26.183 23352 23466 D cellinfo: 46 bytes from 44.241.174.93: icmp_seq=20448 ttl=26 time=126 ms
08-09 22:37:26.382 23352 23466 D cellinfo: 46 bytes from 44.241.174.93: icmp_seq=20449 ttl=26 time=124 ms
08-09 22:37:26.582 23352 23466 D cellinfo: 46 bytes from 44.241.174.93: icmp_seq=20450 ttl=26 time=122 ms
08-09 22:37:26.782 23352 23466 D cellinfo: 46 bytes from 44.241.174.93: icmp_seq=20451 ttl=26 time=121 ms
08-09 22:37:26.983 23352 23466 D cellinfo: 46 bytes from 44.241.174.93: icmp_seq=20452 ttl=26 time=120 ms
08-09 22:37:27.183 23352 23466 D cellinfo: 46 bytes from 44.241.174.93: icmp_seq=20453 ttl=26 time=119 ms
08-09 22:37:27.383 23352 23466 D cellinfo: 46 bytes from 44.241.174.93: icmp_seq=20454 ttl=26 time=118 ms
08-09 22:37:27.436 23352 23352 D cellinfo: Latitude is 40.7047202
08-09 22:37:27.436 23352 23352 D cellinfo: Longitude is -111.9503463
08-09 22:37:27.436 23352 23352 D cellinfo: Instantaneous GPS information: United States, 3032 Decker Lake Dr, West Valley City, UT 84119, USA
08-09 22:37:27.436 23352 23352 D cellinfo: getCurrentLocation() result: Location (success): 40.7047202, -111.9503463
08-09 22:37:27.492 23352 23352 D cellinfo: onCellInfoChanged: Operator: AT&T...1 UpdateTimestamp: 110920230 CellConnectionStatus: 0
08-09 22:37:27.492 23352 23352 D cellinfo: onCellInfoChanged: LTE Cell Bands: [2] Bandwidth: 2147483647 Cell ID: 115501834 Physical Cell ID: 200 Tracking Area Code: 39181 EARFCN: 1100
08-09 22:37:27.582 23352 23466 D cellinfo: 46 bytes from 44.241.174.93: icmp_seq=20455 ttl=26 time=117 ms
08-09 22:37:27.783 23352 23466 D cellinfo: 46 bytes from 44.241.174.93: icmp_seq=20456 ttl=26 time=116 ms
08-09 22:37:27.982 23352 23466 D cellinfo: 46 bytes from 44.241.174.93: icmp_seq=20457 ttl=26 time=115 ms
08-09 22:37:28.182 23352 23466 D cellinfo: 46 bytes from 44.241.174.93: icmp_seq=20458 ttl=26 time=115 ms
08-09 22:37:28.383 23352 23466 D cellinfo: 46 bytes from 44.241.174.93: icmp_seq=20459 ttl=26 time=115 ms
08-09 22:37:28.583 23352 23466 D cellinfo: 46 bytes from 44.241.174.93: icmp_seq=20460 ttl=26 time=114 ms
08-09 22:37:28.784 23352 23466 D cellinfo: 46 bytes from 44.241.174.93: icmp_seq=20461 ttl=26 time=114 ms
08-09 22:37:28.982 23352 23466 D cellinfo: 46 bytes from 44.241.174.93: icmp_seq=20462 ttl=26 time=113 ms
08-09 22:37:29.223 23352 23466 D cellinfo: 46 bytes from 44.241.174.93: icmp_seq=20463 ttl=26 time=152 ms
08-09 22:37:29.382 23352 23466 D cellinfo: 46 bytes from 44.241.174.93: icmp_seq=20464 ttl=26 time=112 ms
08-09 22:37:29.582 23352 23466 D cellinfo: 46 bytes from 44.241.174.93: icmp_seq=20465 ttl=26 time=111 ms
08-09 22:37:29.782 23352 23466 D cellinfo: 46 bytes from 44.241.174.93: icmp_seq=20466 ttl=26 time=110 ms
08-09 22:37:29.982 23352 23466 D cellinfo: 46 bytes from 44.241.174.93: icmp_seq=20467 ttl=26 time=108 ms
08-09 22:37:30.182 23352 23466 D cellinfo: 46 bytes from 44.241.174.93: icmp_seq=20468 ttl=26 time=108 ms
08-09 22:37:30.382 23352 23466 D cellinfo: 46 bytes from 44.241.174.93: icmp_seq=20469 ttl=26 time=106 ms
08-09 22:37:30.435 23352 23352 D cellinfo: Latitude is 40.7047202
08-09 22:37:30.435 23352 23352 D cellinfo: Longitude is -111.9503463
08-09 22:37:30.435 23352 23352 D cellinfo: Instantaneous GPS information: United States, 3032 Decker Lake Dr, West Valley City, UT 84119, USA
08-09 22:37:30.435 23352 23352 D cellinfo: getCurrentLocation() result: Location (success): 40.7047202, -111.9503463
08-09 22:37:30.485 23352 23352 D cellinfo: onCellInfoChanged: Operator: AT&T...1 UpdateTimestamp: 110923221 CellConnectionStatus: 0
08-09 22:37:30.485 23352 23352 D cellinfo: onCellInfoChanged: LTE Cell Bands: [2] Bandwidth: 2147483647 Cell ID: 115501834 Physical Cell ID: 200 Tracking Area Code: 39181 EARFCN: 1100
08-09 22:37:30.625 23352 23466 D cellinfo: 46 bytes from 44.241.174.93: icmp_seq=20470 ttl=26 time=145 ms
08-09 22:37:30.824 23352 23466 D cellinfo: 46 bytes from 44.241.174.93: icmp_seq=20471 ttl=26 time=142 ms
08-09 22:37:31.031 23352 23466 D cellinfo: 46 bytes from 44.241.174.93: icmp_seq=20472 ttl=26 time=150 ms
08-09 22:37:31.224 23352 23466 D cellinfo: 46 bytes from 44.241.174.93: icmp_seq=20473 ttl=26 time=143 ms
08-09 22:37:31.424 23352 23466 D cellinfo: 46 bytes from 44.241.174.93: icmp_seq=20474 ttl=26 time=141 ms
08-09 22:37:31.623 23352 23466 D cellinfo: 46 bytes from 44.241.174.93: icmp_seq=20475 ttl=26 time=140 ms
08-09 22:37:31.823 23352 23466 D cellinfo: 46 bytes from 44.241.174.93: icmp_seq=20476 ttl=26 time=140 ms
08-09 22:37:32.024 23352 23466 D cellinfo: 46 bytes from 44.241.174.93: icmp_seq=20477 ttl=26 time=139 ms
08-09 22:37:32.223 23352 23466 D cellinfo: 46 bytes from 44.241.174.93: icmp_seq=20478 ttl=26 time=140 ms
08-09 22:37:32.389 23352 23466 D cellinfo: 46 bytes from 44.241.174.93: icmp_seq=20479 ttl=26 time=105 ms
08-09 22:37:32.624 23352 23466 D cellinfo: 46 bytes from 44.241.174.93: icmp_seq=20480 ttl=26 time=138 ms
08-09 22:37:32.785 23352 23352 D cellinfo: onsignalStrengthsChanged: LTE Signal Strength info: rsrp: -93 rsrq: -16 rssi: -57 rssnr: -2
08-09 22:37:32.823 23352 23466 D cellinfo: 46 bytes from 44.241.174.93: icmp_seq=20481 ttl=26 time=138 ms
08-09 22:37:33.024 23352 23466 D cellinfo: 46 bytes from 44.241.174.93: icmp_seq=20482 ttl=26 time=137 ms
08-09 22:37:33.223 23352 23466 D cellinfo: 46 bytes from 44.241.174.93: icmp_seq=20483 ttl=26 time=137 ms
08-09 22:37:33.423 23352 23466 D cellinfo: 46 bytes from 44.241.174.93: icmp_seq=20484 ttl=26 time=137 ms
08-09 22:37:33.450 23352 23352 D cellinfo: Latitude is 40.7047202
08-09 22:37:33.450 23352 23352 D cellinfo: Longitude is -111.9503463
08-09 22:37:33.450 23352 23352 D cellinfo: Instantaneous GPS information: United States, 3032 Decker Lake Dr, West Valley City, UT 84119, USA
08-09 22:37:33.450 23352 23352 D cellinfo: getCurrentLocation() result: Location (success): 40.7047202, -111.9503463
08-09 22:37:33.498 23352 23352 D cellinfo: onCellInfoChanged: Operator: AT&T...1 UpdateTimestamp: 110926231 CellConnectionStatus: 0
08-09 22:37:33.498 23352 23352 D cellinfo: onCellInfoChanged: LTE Cell Bands: [2] Bandwidth: 2147483647 Cell ID: 115501834 Physical Cell ID: 200 Tracking Area Code: 39181 EARFCN: 1100
08-09 22:37:33.624 23352 23466 D cellinfo: 46 bytes from 44.241.174.93: icmp_seq=20485 ttl=26 time=135 ms
08-09 22:37:33.824 23352 23466 D cellinfo: 46 bytes from 44.241.174.93: icmp_seq=20486 ttl=26 time=133 ms
08-09 22:37:34.023 23352 23466 D cellinfo: 46 bytes from 44.241.174.93: icmp_seq=20487 ttl=26 time=132 ms
08-09 22:37:34.223 23352 23466 D cellinfo: 46 bytes from 44.241.174.93: icmp_seq=20488 ttl=26 time=133 ms
08-09 22:37:34.424 23352 23466 D cellinfo: 46 bytes from 44.241.174.93: icmp_seq=20489 ttl=26 time=131 ms
08-09 22:37:34.623 23352 23466 D cellinfo: 46 bytes from 44.241.174.93: icmp_seq=20490 ttl=26 time=130 ms
08-09 22:37:34.823 23352 23466 D cellinfo: 46 bytes from 44.241.174.93: icmp_seq=20491 ttl=26 time=130 ms
08-09 22:37:35.024 23352 23466 D cellinfo: 46 bytes from 44.241.174.93: icmp_seq=20492 ttl=26 time=128 ms
08-09 22:37:35.224 23352 23466 D cellinfo: 46 bytes from 44.241.174.93: icmp_seq=20493 ttl=26 time=128 ms
08-09 22:37:35.389 23352 23466 D cellinfo: 46 bytes from 44.241.174.93: icmp_seq=20494 ttl=26 time=93.7 ms
08-09 22:37:35.622 23352 23466 D cellinfo: 46 bytes from 44.241.174.93: icmp_seq=20495 ttl=26 time=127 ms
08-09 22:37:35.823 23352 23466 D cellinfo: 46 bytes from 44.241.174.93: icmp_seq=20496 ttl=26 time=126 ms
08-09 22:37:36.023 23352 23466 D cellinfo: 46 bytes from 44.241.174.93: icmp_seq=20497 ttl=26 time=125 ms
08-09 22:37:36.223 23352 23466 D cellinfo: 46 bytes from 44.241.174.93: icmp_seq=20498 ttl=26 time=127 ms
08-09 22:37:36.430 23352 23466 D cellinfo: 46 bytes from 44.241.174.93: icmp_seq=20499 ttl=26 time=133 ms
08-09 22:37:36.479 23352 23352 D cellinfo: onCellInfoChanged: Operator: AT&T...1 UpdateTimestamp: 110929214 CellConnectionStatus: 0
08-09 22:37:36.479 23352 23352 D cellinfo: onCellInfoChanged: LTE Cell Bands: [2] Bandwidth: 2147483647 Cell ID: 115501834 Physical Cell ID: 200 Tracking Area Code: 39181 EARFCN: 1100
08-09 22:37:36.623 23352 23466 D cellinfo: 46 bytes from 44.241.174.93: icmp_seq=20500 ttl=26 time=126 ms
08-09 22:37:36.823 23352 23466 D cellinfo: 46 bytes from 44.241.174.93: icmp_seq=20501 ttl=26 time=125 ms
08-09 22:37:37.023 23352 23466 D cellinfo: 46 bytes from 44.241.174.93: icmp_seq=20502 ttl=26 time=124 ms
08-09 22:37:37.225 23352 23466 D cellinfo: 46 bytes from 44.241.174.93: icmp_seq=20503 ttl=26 time=125 ms
08-09 22:37:37.423 23352 23466 D cellinfo: 46 bytes from 44.241.174.93: icmp_seq=20504 ttl=26 time=123 ms
08-09 22:37:37.618 23352 23466 D cellinfo: 46 bytes from 44.241.174.93: icmp_seq=20505 ttl=26 time=117 ms
08-09 22:37:37.824 23352 23466 D cellinfo: 46 bytes from 44.241.174.93: icmp_seq=20506 ttl=26 time=120 ms
08-09 22:37:38.016 23352 23466 D cellinfo: 46 bytes from 44.241.174.93: icmp_seq=20507 ttl=26 time=110 ms
08-09 22:37:38.227 23352 23466 D cellinfo: 46 bytes from 44.241.174.93: icmp_seq=20508 ttl=26 time=119 ms
08-09 22:37:38.338 23352 23352 D cellinfo: Latitude is 40.704727
08-09 22:37:38.338 23352 23352 D cellinfo: Longitude is -111.950254
08-09 22:37:38.338 23352 23352 D cellinfo: Instantaneous GPS information: United States, 3032 Decker Lake Dr, West Valley City, UT 84119, USA
08-09 22:37:38.338 23352 23352 D cellinfo: getCurrentLocation() result: Location (success): 40.704727, -111.950254
08-09 22:37:38.424 23352 23466 D cellinfo: 46 bytes from 44.241.174.93: icmp_seq=20509 ttl=26 time=117 ms
08-09 22:37:38.623 23352 23466 D cellinfo: 46 bytes from 44.241.174.93: icmp_seq=20510 ttl=26 time=115 ms
08-09 22:37:38.824 23352 23466 D cellinfo: 46 bytes from 44.241.174.93: icmp_seq=20511 ttl=26 time=114 ms
08-09 22:37:39.023 23352 23466 D cellinfo: 46 bytes from 44.241.174.93: icmp_seq=20512 ttl=26 time=113 ms
08-09 22:37:39.224 23352 23466 D cellinfo: 46 bytes from 44.241.174.93: icmp_seq=20513 ttl=26 time=114 ms
08-09 22:37:39.432 23352 23352 D cellinfo: Latitude is 40.704727
08-09 22:37:39.432 23352 23352 D cellinfo: Longitude is -111.950254
08-09 22:37:39.432 23352 23352 D cellinfo: Instantaneous GPS information: United States, 3032 Decker Lake Dr, West Valley City, UT 84119, USA
08-09 22:37:39.432 23352 23352 D cellinfo: getCurrentLocation() result: Location (success): 40.704727, -111.950254
08-09 22:37:39.462 23352 23466 D cellinfo: 46 bytes from 44.241.174.93: icmp_seq=20514 ttl=26 time=152 ms
08-09 22:37:39.487 23352 23352 D cellinfo: onCellInfoChanged: Operator: AT&T...1 UpdateTimestamp: 110932224 CellConnectionStatus: 0
08-09 22:37:39.487 23352 23352 D cellinfo: onCellInfoChanged: LTE Cell Bands: [2] Bandwidth: 2147483647 Cell ID: 115501834 Physical Cell ID: 200 Tracking Area Code: 39181 EARFCN: 1100
08-09 22:37:39.623 23352 23466 D cellinfo: 46 bytes from 44.241.174.93: icmp_seq=20515 ttl=26 time=111 ms
08-09 22:37:39.825 23352 23466 D cellinfo: 46 bytes from 44.241.174.93: icmp_seq=20516 ttl=26 time=111 ms
08-09 22:37:40.023 23352 23466 D cellinfo: 46 bytes from 44.241.174.93: icmp_seq=20517 ttl=26 time=108 ms
08-09 22:37:40.272 23352 23466 D cellinfo: 46 bytes from 44.241.174.93: icmp_seq=20518 ttl=26 time=156 ms
08-09 22:37:40.473 23352 23466 D cellinfo: 46 bytes from 44.241.174.93: icmp_seq=20519 ttl=26 time=155 ms
08-09 22:37:40.663 23352 23466 D cellinfo: 46 bytes from 44.241.174.93: icmp_seq=20520 ttl=26 time=147 ms
08-09 22:37:40.871 23352 23466 D cellinfo: 46 bytes from 44.241.174.93: icmp_seq=20521 ttl=26 time=154 ms
08-09 22:37:41.063 23352 23466 D cellinfo: 46 bytes from 44.241.174.93: icmp_seq=20522 ttl=26 time=145 ms
08-09 22:37:41.264 23352 23466 D cellinfo: 46 bytes from 44.241.174.93: icmp_seq=20523 ttl=26 time=145 ms
08-09 22:37:41.464 23352 23466 D cellinfo: 46 bytes from 44.241.174.93: icmp_seq=20524 ttl=26 time=144 ms
08-09 22:37:41.662 23352 23466 D cellinfo: 46 bytes from 44.241.174.93: icmp_seq=20525 ttl=26 time=142 ms
08-09 22:37:41.864 23352 23466 D cellinfo: 46 bytes from 44.241.174.93: icmp_seq=20526 ttl=26 time=141 ms
08-09 22:37:42.064 23352 23466 D cellinfo: 46 bytes from 44.241.174.93: icmp_seq=20527 ttl=26 time=140 ms
