--------- beginning of main
08-09 22:26:41.947 23352 23466 D cellinfo: 46 bytes from 44.241.174.93: icmp_seq=17241 ttl=26 time=117 ms
08-09 22:26:42.147 23352 23466 D cellinfo: 46 bytes from 44.241.174.93: icmp_seq=17242 ttl=26 time=116 ms
08-09 22:26:42.347 23352 23466 D cellinfo: 46 bytes from 44.241.174.93: icmp_seq=17243 ttl=26 time=115 ms
08-09 22:26:42.478 23352 23352 D cellinfo: onCellInfoChanged: Operator: AT&T...1 UpdateTimestamp: 110275213 CellConnectionStatus: 0
08-09 22:26:42.478 23352 23352 D cellinfo: onCellInfoChanged: LTE Cell Bands: [2] Bandwidth: 2147483647 Cell ID: 115734536 Physical Cell ID: 72 Tracking Area Code: 39181 EARFCN: 1100
08-09 22:26:42.547 23352 23466 D cellinfo: 46 bytes from 44.241.174.93: icmp_seq=17244 ttl=26 time=115 ms
08-09 22:26:42.747 23352 23466 D cellinfo: 46 bytes from 44.241.174.93: icmp_seq=17245 ttl=26 time=113 ms
08-09 22:26:42.947 23352 23466 D cellinfo: 46 bytes from 44.241.174.93: icmp_seq=17246 ttl=26 time=113 ms
08-09 22:26:43.147 23352 23466 D cellinfo: 46 bytes from 44.241.174.93: icmp_seq=17247 ttl=26 time=112 ms
08-09 22:26:43.347 23352 23466 D cellinfo: 46 bytes from 44.241.174.93: icmp_seq=17248 ttl=26 time=111 ms
08-09 22:26:43.595 23352 23466 D cellinfo: 46 bytes from 44.241.174.93: icmp_seq=17249 ttl=26 time=159 ms
08-09 22:26:43.734 23352 23466 D cellinfo: 46 bytes from 44.241.174.93: icmp_seq=17250 ttl=26 time=96.0 ms
08-09 22:26:43.942 23352 23466 D cellinfo: 46 bytes from 44.241.174.93: icmp_seq=17251 ttl=26 time=102 ms
08-09 22:26:44.151 23352 23466 D cellinfo: 46 bytes from 44.241.174.93: icmp_seq=17252 ttl=26 time=110 ms
08-09 22:26:44.151 23352 23352 D cellinfo: Latitude is 40.6198329
08-09 22:26:44.151 23352 23352 D cellinfo: Longitude is -111.9037183
08-09 22:26:44.151 23352 23352 D cellinfo: Instantaneous GPS information: United States, 7200 Catalpa St, Midvale, UT 84047, USA
08-09 22:26:44.151 23352 23352 D cellinfo: getCurrentLocation() result: Location (success): 40.6198329, -111.9037183
08-09 22:26:44.154 23352 23352 D cellinfo: onsignalStrengthsChanged: LTE Signal Strength info: rsrp: -85 rsrq: -15 rssi: -51 rssnr: 3
08-09 22:26:44.379 23352 23466 D cellinfo: 46 bytes from 44.241.174.93: icmp_seq=17253 ttl=26 time=137 ms
08-09 22:26:44.548 23352 23466 D cellinfo: 46 bytes from 44.241.174.93: icmp_seq=17254 ttl=26 time=105 ms
08-09 22:26:44.748 23352 23466 D cellinfo: 46 bytes from 44.241.174.93: icmp_seq=17255 ttl=26 time=104 ms
08-09 22:26:44.986 23352 23466 D cellinfo: 46 bytes from 44.241.174.93: icmp_seq=17256 ttl=26 time=143 ms
08-09 22:26:45.148 23352 23466 D cellinfo: 46 bytes from 44.241.174.93: icmp_seq=17257 ttl=26 time=103 ms
08-09 22:26:45.347 23352 23466 D cellinfo: 46 bytes from 44.241.174.93: icmp_seq=17258 ttl=26 time=101 ms
08-09 22:26:45.436 23352 23352 D cellinfo: Latitude is 40.6198329
08-09 22:26:45.436 23352 23352 D cellinfo: Longitude is -111.9037183
08-09 22:26:45.436 23352 23352 D cellinfo: Instantaneous GPS information: United States, 7200 Catalpa St, Midvale, UT 84047, USA
08-09 22:26:45.436 23352 23352 D cellinfo: getCurrentLocation() result: Location (success): 40.6198329, -111.9037183
08-09 22:26:45.492 23352 23352 D cellinfo: onCellInfoChanged: Operator: AT&T...1 UpdateTimestamp: 110278227 CellConnectionStatus: 0
08-09 22:26:45.493 23352 23352 D cellinfo: onCellInfoChanged: LTE Cell Bands: [2] Bandwidth: 2147483647 Cell ID: 115734536 Physical Cell ID: 72 Tracking Area Code: 39181 EARFCN: 1100
08-09 22:26:45.551 23352 23466 D cellinfo: 46 bytes from 44.241.174.93: icmp_seq=17259 ttl=26 time=106 ms
08-09 22:26:45.749 23352 23466 D cellinfo: 46 bytes from 44.241.174.93: icmp_seq=17260 ttl=26 time=101 ms
08-09 22:26:45.948 23352 23466 D cellinfo: 46 bytes from 44.241.174.93: icmp_seq=17261 ttl=26 time=99.6 ms
08-09 22:26:46.147 23352 23466 D cellinfo: 46 bytes from 44.241.174.93: icmp_seq=17262 ttl=26 time=98.6 ms
08-09 22:26:46.347 23352 23466 D cellinfo: 46 bytes from 44.241.174.93: icmp_seq=17263 ttl=26 time=98.5 ms
08-09 22:26:46.550 23352 23466 D cellinfo: 46 bytes from 44.241.174.93: icmp_seq=17264 ttl=26 time=100 ms
08-09 22:26:46.751 23352 23466 D cellinfo: 46 bytes from 44.241.174.93: icmp_seq=17265 ttl=26 time=99.4 ms
08-09 22:26:46.941 23352 23466 D cellinfo: 46 bytes from 44.241.174.93: icmp_seq=17266 ttl=26 time=89.7 ms
08-09 22:26:47.134 23352 23352 D cellinfo: onsignalStrengthsChanged: LTE Signal Strength info: rsrp: -80 rsrq: -14 rssi: -51 rssnr: 5
08-09 22:26:47.150 23352 23466 D cellinfo: 46 bytes from 44.241.174.93: icmp_seq=17267 ttl=26 time=97.7 ms
08-09 22:26:47.351 23352 23466 D cellinfo: 46 bytes from 44.241.174.93: icmp_seq=17268 ttl=26 time=98.4 ms
08-09 22:26:47.587 23352 23466 D cellinfo: 46 bytes from 44.241.174.93: icmp_seq=17269 ttl=26 time=133 ms
08-09 22:26:47.625 23352 23352 D cellinfo: onsignalStrengthsChanged: LTE Signal Strength info: rsrp: -79 rsrq: -14 rssi: -51 rssnr: 6
08-09 22:26:47.751 23352 23466 D cellinfo: 46 bytes from 44.241.174.93: icmp_seq=17270 ttl=26 time=97.0 ms
08-09 22:26:47.986 23352 23466 D cellinfo: 46 bytes from 44.241.174.93: icmp_seq=17271 ttl=26 time=131 ms
08-09 22:26:48.151 23352 23466 D cellinfo: 46 bytes from 44.241.174.93: icmp_seq=17272 ttl=26 time=95.2 ms
08-09 22:26:48.352 23352 23466 D cellinfo: 46 bytes from 44.241.174.93: icmp_seq=17273 ttl=26 time=94.4 ms
08-09 22:26:48.440 23352 23352 D cellinfo: Latitude is 40.6198329
08-09 22:26:48.440 23352 23352 D cellinfo: Longitude is -111.9037183
08-09 22:26:48.440 23352 23352 D cellinfo: Instantaneous GPS information: United States, 7200 Catalpa St, Midvale, UT 84047, USA
08-09 22:26:48.440 23352 23352 D cellinfo: getCurrentLocation() result: Location (success): 40.6198329, -111.9037183
08-09 22:26:48.495 23352 23352 D cellinfo: onCellInfoChanged: Operator: AT&T...1 UpdateTimestamp: 110281231 CellConnectionStatus: 0
08-09 22:26:48.495 23352 23352 D cellinfo: onCellInfoChanged: LTE Cell Bands: [2] Bandwidth: 2147483647 Cell ID: 115734536 Physical Cell ID: 72 Tracking Area Code: 39181 EARFCN: 1100
08-09 22:26:48.552 23352 23466 D cellinfo: 46 bytes from 44.241.174.93: icmp_seq=17274 ttl=26 time=94.0 ms
08-09 22:26:48.751 23352 23466 D cellinfo: 46 bytes from 44.241.174.93: icmp_seq=17275 ttl=26 time=92.2 ms
08-09 22:26:48.996 23352 23466 D cellinfo: 46 bytes from 44.241.174.93: icmp_seq=17276 ttl=26 time=134 ms
08-09 22:26:49.187 23352 23466 D cellinfo: 46 bytes from 44.241.174.93: icmp_seq=17277 ttl=26 time=124 ms
08-09 22:26:49.386 23352 23466 D cellinfo: 46 bytes from 44.241.174.93: icmp_seq=17278 ttl=26 time=123 ms
08-09 22:26:49.588 23352 23466 D cellinfo: 46 bytes from 44.241.174.93: icmp_seq=17279 ttl=26 time=122 ms
08-09 22:26:49.768 23352 23466 D cellinfo: 46 bytes from 44.241.174.93: icmp_seq=17280 ttl=26 time=103 ms
08-09 22:26:49.968 23352 23466 D cellinfo: 46 bytes from 44.241.174.93: icmp_seq=17281 ttl=26 time=102 ms
08-09 22:26:50.187 23352 23466 D cellinfo: 46 bytes from 44.241.174.93: icmp_seq=17282 ttl=26 time=120 ms
08-09 22:26:50.386 23352 23466 D cellinfo: 46 bytes from 44.241.174.93: icmp_seq=17283 ttl=26 time=119 ms
08-09 22:26:50.588 23352 23466 D cellinfo: 46 bytes from 44.241.174.93: icmp_seq=17284 ttl=26 time=119 ms
08-09 22:26:50.787 23352 23466 D cellinfo: 46 bytes from 44.241.174.93: icmp_seq=17285 ttl=26 time=118 ms
08-09 22:26:50.986 23352 23466 D cellinfo: 46 bytes from 44.241.174.93: icmp_seq=17286 ttl=26 time=118 ms
08-09 22:26:51.188 23352 23466 D cellinfo: 46 bytes from 44.241.174.93: icmp_seq=17287 ttl=26 time=118 ms
08-09 22:26:51.386 23352 23466 D cellinfo: 46 bytes from 44.241.174.93: icmp_seq=17288 ttl=26 time=115 ms
08-09 22:26:51.444 23352 23352 D cellinfo: Latitude is 40.6198329
08-09 22:26:51.444 23352 23352 D cellinfo: Longitude is -111.9037183
08-09 22:26:51.444 23352 23352 D cellinfo: Instantaneous GPS information: United States, 7200 Catalpa St, Midvale, UT 84047, USA
08-09 22:26:51.444 23352 23352 D cellinfo: getCurrentLocation() result: Location (success): 40.6198329, -111.9037183
08-09 22:26:51.488 23352 23352 D cellinfo: onCellInfoChanged: Operator: AT&T...1 UpdateTimestamp: 110284225 CellConnectionStatus: 0
08-09 22:26:51.488 23352 23352 D cellinfo: onCellInfoChanged: LTE Cell Bands: [2] Bandwidth: 2147483647 Cell ID: 115734536 Physical Cell ID: 72 Tracking Area Code: 39181 EARFCN: 1100
08-09 22:26:51.588 23352 23466 D cellinfo: 46 bytes from 44.241.174.93: icmp_seq=17289 ttl=26 time=114 ms
08-09 22:26:51.788 23352 23466 D cellinfo: 46 bytes from 44.241.174.93: icmp_seq=17290 ttl=26 time=113 ms
08-09 22:26:51.987 23352 23466 D cellinfo: 46 bytes from 44.241.174.93: icmp_seq=17291 ttl=26 time=112 ms
08-09 22:26:52.187 23352 23466 D cellinfo: 46 bytes from 44.241.174.93: icmp_seq=17292 ttl=26 time=111 ms
08-09 22:26:52.387 23352 23466 D cellinfo: 46 bytes from 44.241.174.93: icmp_seq=17293 ttl=26 time=110 ms
08-09 22:26:52.588 23352 23466 D cellinfo: 46 bytes from 44.241.174.93: icmp_seq=17294 ttl=26 time=109 ms
08-09 22:26:52.788 23352 23466 D cellinfo: 46 bytes from 44.241.174.93: icmp_seq=17295 ttl=26 time=109 ms
08-09 22:26:52.973 23352 23466 D cellinfo: 46 bytes from 44.241.174.93: icmp_seq=17296 ttl=26 time=94.2 ms
08-09 22:26:53.137 23352 23352 D cellinfo: onsignalStrengthsChanged: LTE Signal Strength info: rsrp: -77 rsrq: -14 rssi: -51 rssnr: 5
08-09 22:26:53.188 23352 23466 D cellinfo: 46 bytes from 44.241.174.93: icmp_seq=17297 ttl=26 time=107 ms
08-09 22:26:53.388 23352 23466 D cellinfo: 46 bytes from 44.241.174.93: icmp_seq=17298 ttl=26 time=107 ms
08-09 22:26:53.588 23352 23466 D cellinfo: 46 bytes from 44.241.174.93: icmp_seq=17299 ttl=26 time=106 ms
08-09 22:26:53.790 23352 23466 D cellinfo: 46 bytes from 44.241.174.93: icmp_seq=17300 ttl=26 time=108 ms
08-09 22:26:53.988 23352 23466 D cellinfo: 46 bytes from 44.241.174.93: icmp_seq=17301 ttl=26 time=105 ms
08-09 22:26:54.188 23352 23466 D cellinfo: 46 bytes from 44.241.174.93: icmp_seq=17302 ttl=26 time=105 ms
08-09 22:26:54.387 23352 23466 D cellinfo: 46 bytes from 44.241.174.93: icmp_seq=17303 ttl=26 time=103 ms
08-09 22:26:54.491 23352 23352 D cellinfo: onCellInfoChanged: Operator: AT&T...1 UpdateTimestamp: 110287226 CellConnectionStatus: 0
08-09 22:26:54.491 23352 23352 D cellinfo: onCellInfoChanged: LTE Cell Bands: [2] Bandwidth: 2147483647 Cell ID: 115734536 Physical Cell ID: 72 Tracking Area Code: 39181 EARFCN: 1100
08-09 22:26:54.587 23352 23466 D cellinfo: 46 bytes from 44.241.174.93: icmp_seq=17304 ttl=26 time=102 ms
08-09 22:26:54.787 23352 23466 D cellinfo: 46 bytes from 44.241.174.93: icmp_seq=17305 ttl=26 time=101 ms
08-09 22:26:55.027 23352 23466 D cellinfo: 46 bytes from 44.241.174.93: icmp_seq=17306 ttl=26 time=139 ms
08-09 22:26:55.187 23352 23466 D cellinfo: 46 bytes from 44.241.174.93: icmp_seq=17307 ttl=26 time=98.4 ms
08-09 22:26:55.388 23352 23466 D cellinfo: 46 bytes from 44.241.174.93: icmp_seq=17308 ttl=26 time=97.7 ms
08-09 22:26:55.590 23352 23466 D cellinfo: 46 bytes from 44.241.174.93: icmp_seq=17309 ttl=26 time=100 ms
08-09 22:26:55.788 23352 23466 D cellinfo: 46 bytes from 44.241.174.93: icmp_seq=17310 ttl=26 time=95.0 ms
08-09 22:26:55.992 23352 23466 D cellinfo: 46 bytes from 44.241.174.93: icmp_seq=17311 ttl=26 time=97.9 ms
08-09 22:26:56.221 23352 23466 D cellinfo: 46 bytes from 44.241.174.93: icmp_seq=17312 ttl=26 time=125 ms
08-09 22:26:56.276 23352 23352 D cellinfo: Latitude is 40.6229121
08-09 22:26:56.276 23352 23352 D cellinfo: Longitude is -111.9027317
08-09 22:26:56.276 23352 23352 D cellinfo: Instantaneous GPS information: United States, 7110 400 W, Midvale, UT 84047, USA
08-09 22:26:56.276 23352 23352 D cellinfo: getCurrentLocation() result: Location (success): 40.6229121, -111.9027317
08-09 22:26:56.427 23352 23466 D cellinfo: 46 bytes from 44.241.174.93: icmp_seq=17313 ttl=26 time=130 ms
08-09 22:26:56.592 23352 23466 D cellinfo: 46 bytes from 44.241.174.93: icmp_seq=17314 ttl=26 time=94.4 ms
08-09 22:26:56.792 23352 23466 D cellinfo: 46 bytes from 44.241.174.93: icmp_seq=17315 ttl=26 time=93.6 ms
08-09 22:26:57.036 23352 23466 D cellinfo: 46 bytes from 44.241.174.93: icmp_seq=17316 ttl=26 time=136 ms
08-09 22:26:57.228 23352 23466 D cellinfo: 46 bytes from 44.241.174.93: icmp_seq=17317 ttl=26 time=128 ms
08-09 22:26:57.391 23352 23466 D cellinfo: 46 bytes from 44.241.174.93: icmp_seq=17318 ttl=26 time=92.8 ms
08-09 22:26:57.432 23352 23352 D cellinfo: Latitude is 40.6229121
08-09 22:26:57.432 23352 23352 D cellinfo: Longitude is -111.9027317
08-09 22:26:57.432 23352 23352 D cellinfo: Instantaneous GPS information: United States, 7110 400 W, Midvale, UT 84047, USA
08-09 22:26:57.432 23352 23352 D cellinfo: getCurrentLocation() result: Location (success): 40.6229121, -111.9027317
08-09 22:26:57.482 23352 23352 D cellinfo: onCellInfoChanged: Operator: AT&T...1 UpdateTimestamp: 110290219 CellConnectionStatus: 0
08-09 22:26:57.482 23352 23352 D cellinfo: onCellInfoChanged: LTE Cell Bands: [2] Bandwidth: 2147483647 Cell ID: 115734536 Physical Cell ID: 72 Tracking Area Code: 39181 EARFCN: 1100
08-09 22:26:57.643 23352 23352 D cellinfo: onCellInfoChanged: Operator: AT&T...1 UpdateTimestamp: 110290378 CellConnectionStatus: 0
08-09 22:26:57.643 23352 23352 D cellinfo: onCellInfoChanged: LTE Cell Bands: [2] Bandwidth: 2147483647 Cell ID: 115734538 Physical Cell ID: 485 Tracking Area Code: 39181 EARFCN: 1100
08-09 22:26:57.674 23352 23352 D cellinfo: onServiceStateChanged: Channel Number: 1100 Cell Bandwidths: []
08-09 22:26:57.689 23352 23466 D cellinfo: 46 bytes from 44.241.174.93: icmp_seq=17319 ttl=26 time=188 ms
08-09 22:26:57.790 23352 23466 D cellinfo: 46 bytes from 44.241.174.93: icmp_seq=17320 ttl=26 time=90.0 ms
08-09 22:26:58.056 23352 23466 D cellinfo: 46 bytes from 44.241.174.93: icmp_seq=17321 ttl=26 time=154 ms
08-09 22:26:58.223 23352 23466 D cellinfo: 46 bytes from 44.241.174.93: icmp_seq=17322 ttl=26 time=121 ms
08-09 22:26:58.419 23352 23466 D cellinfo: 46 bytes from 44.241.174.93: icmp_seq=17323 ttl=26 time=113 ms
08-09 22:26:58.618 23352 23466 D cellinfo: 46 bytes from 44.241.174.93: icmp_seq=17324 ttl=26 time=112 ms
08-09 22:26:58.818 23352 23466 D cellinfo: 46 bytes from 44.241.174.93: icmp_seq=17325 ttl=26 time=112 ms
08-09 22:26:59.018 23352 23466 D cellinfo: 46 bytes from 44.241.174.93: icmp_seq=17326 ttl=26 time=110 ms
08-09 22:26:59.137 23352 23352 D cellinfo: onsignalStrengthsChanged: LTE Signal Strength info: rsrp: -80 rsrq: -14 rssi: -53 rssnr: 1
08-09 22:26:59.217 23352 23466 D cellinfo: 46 bytes from 44.241.174.93: icmp_seq=17327 ttl=26 time=110 ms
08-09 22:26:59.419 23352 23466 D cellinfo: 46 bytes from 44.241.174.93: icmp_seq=17328 ttl=26 time=109 ms
08-09 22:26:59.619 23352 23466 D cellinfo: 46 bytes from 44.241.174.93: icmp_seq=17329 ttl=26 time=108 ms
08-09 22:26:59.821 23352 23466 D cellinfo: 46 bytes from 44.241.174.93: icmp_seq=17330 ttl=26 time=111 ms
08-09 22:27:00.018 23352 23466 D cellinfo: 46 bytes from 44.241.174.93: icmp_seq=17331 ttl=26 time=107 ms
08-09 22:27:00.218 23352 23466 D cellinfo: 46 bytes from 44.241.174.93: icmp_seq=17332 ttl=26 time=108 ms
08-09 22:27:00.417 23352 23466 D cellinfo: 46 bytes from 44.241.174.93: icmp_seq=17333 ttl=26 time=106 ms
08-09 22:27:00.427 23352 23352 D cellinfo: Latitude is 40.6229121
08-09 22:27:00.427 23352 23352 D cellinfo: Longitude is -111.9027317
08-09 22:27:00.427 23352 23352 D cellinfo: Instantaneous GPS information: United States, 7110 400 W, Midvale, UT 84047, USA
08-09 22:27:00.427 23352 23352 D cellinfo: getCurrentLocation() result: Location (success): 40.6229121, -111.9027317
08-09 22:27:00.481 23352 23352 D cellinfo: onCellInfoChanged: Operator: AT&T...1 UpdateTimestamp: 110293215 CellConnectionStatus: 0
08-09 22:27:00.481 23352 23352 D cellinfo: onCellInfoChanged: LTE Cell Bands: [2] Bandwidth: 2147483647 Cell ID: 115734538 Physical Cell ID: 485 Tracking Area Code: 39181 EARFCN: 1100
08-09 22:27:00.657 23352 23466 D cellinfo: 46 bytes from 44.241.174.93: icmp_seq=17334 ttl=26 time=145 ms
08-09 22:27:00.817 23352 23466 D cellinfo: 46 bytes from 44.241.174.93: icmp_seq=17335 ttl=26 time=104 ms
08-09 22:27:01.017 23352 23466 D cellinfo: 46 bytes from 44.241.174.93: icmp_seq=17336 ttl=26 time=103 ms
08-09 22:27:01.064 23352 23352 D cellinfo: onsignalStrengthsChanged: LTE Signal Strength info: rsrp: -81 rsrq: -14 rssi: -51 rssnr: 1
08-09 22:27:01.217 23352 23466 D cellinfo: 46 bytes from 44.241.174.93: icmp_seq=17337 ttl=26 time=103 ms
08-09 22:27:01.417 23352 23466 D cellinfo: 46 bytes from 44.241.174.93: icmp_seq=17338 ttl=26 time=102 ms
08-09 22:27:01.618 23352 23466 D cellinfo: 46 bytes from 44.241.174.93: icmp_seq=17339 ttl=26 time=101 ms
08-09 22:27:01.818 23352 23466 D cellinfo: 46 bytes from 44.241.174.93: icmp_seq=17340 ttl=26 time=99.0 ms
08-09 22:27:02.053 23352 23466 D cellinfo: 46 bytes from 44.241.174.93: icmp_seq=17341 ttl=26 time=134 ms
08-09 22:27:02.218 23352 23466 D cellinfo: 46 bytes from 44.241.174.93: icmp_seq=17342 ttl=26 time=99.1 ms
08-09 22:27:02.421 23352 23466 D cellinfo: 46 bytes from 44.241.174.93: icmp_seq=17343 ttl=26 time=101 ms
08-09 22:27:02.657 23352 23466 D cellinfo: 46 bytes from 44.241.174.93: icmp_seq=17344 ttl=26 time=136 ms
08-09 22:27:02.821 23352 23466 D cellinfo: 46 bytes from 44.241.174.93: icmp_seq=17345 ttl=26 time=99.9 ms
08-09 22:27:03.022 23352 23466 D cellinfo: 46 bytes from 44.241.174.93: icmp_seq=17346 ttl=26 time=100 ms
08-09 22:27:03.223 23352 23466 D cellinfo: 46 bytes from 44.241.174.93: icmp_seq=17347 ttl=26 time=100 ms
08-09 22:27:03.297 23352 23352 D cellinfo: onsignalStrengthsChanged: LTE Signal Strength info: rsrp: -81 rsrq: -13 rssi: -51 rssnr: 2
08-09 22:27:03.421 23352 23466 D cellinfo: 46 bytes from 44.241.174.93: icmp_seq=17348 ttl=26 time=99.6 ms
08-09 22:27:03.422 23352 23352 D cellinfo: Latitude is 40.6229121
08-09 22:27:03.422 23352 23352 D cellinfo: Longitude is -111.9027317
08-09 22:27:03.422 23352 23352 D cellinfo: Instantaneous GPS information: United States, 7110 400 W, Midvale, UT 84047, USA
08-09 22:27:03.422 23352 23352 D cellinfo: getCurrentLocation() result: Location (success): 40.6229121, -111.9027317
08-09 22:27:03.450 23352 23352 D cellinfo: onCellInfoChanged: Operator: AT&T...1 UpdateTimestamp: 110296188 CellConnectionStatus: 0
08-09 22:27:03.451 23352 23352 D cellinfo: onCellInfoChanged: LTE Cell Bands: [2] Bandwidth: 2147483647 Cell ID: 115734538 Physical Cell ID: 485 Tracking Area Code: 39181 EARFCN: 1100
08-09 22:27:03.619 23352 23466 D cellinfo: 46 bytes from 44.241.174.93: icmp_seq=17349 ttl=26 time=97.8 ms
08-09 22:27:03.813 23352 23466 D cellinfo: 46 bytes from 44.241.174.93: icmp_seq=17350 ttl=26 time=89.6 ms
08-09 22:27:04.020 23352 23466 D cellinfo: 46 bytes from 44.241.174.93: icmp_seq=17351 ttl=26 time=96.5 ms
08-09 22:27:04.225 23352 23466 D cellinfo: 46 bytes from 44.241.174.93: icmp_seq=17352 ttl=26 time=101 ms
08-09 22:27:04.418 23352 23466 D cellinfo: 46 bytes from 44.241.174.93: icmp_seq=17353 ttl=26 time=95.4 ms
08-09 22:27:04.622 23352 23466 D cellinfo: 46 bytes from 44.241.174.93: icmp_seq=17354 ttl=26 time=96.5 ms
08-09 22:27:04.820 23352 23466 D cellinfo: 46 bytes from 44.241.174.93: icmp_seq=17355 ttl=26 time=94.1 ms
08-09 22:27:05.050 23352 23466 D cellinfo: 46 bytes from 44.241.174.93: icmp_seq=17356 ttl=26 time=123 ms
08-09 22:27:05.221 23352 23466 D cellinfo: 46 bytes from 44.241.174.93: icmp_seq=17357 ttl=26 time=94.8 ms
08-09 22:27:05.421 23352 23466 D cellinfo: 46 bytes from 44.241.174.93: icmp_seq=17358 ttl=26 time=94.2 ms
08-09 22:27:05.621 23352 23466 D cellinfo: 46 bytes from 44.241.174.93: icmp_seq=17359 ttl=26 time=92.5 ms
08-09 22:27:05.856 23352 23466 D cellinfo: 46 bytes from 44.241.174.93: icmp_seq=17360 ttl=26 time=125 ms
08-09 22:27:06.057 23352 23466 D cellinfo: 46 bytes from 44.241.174.93: icmp_seq=17361 ttl=26 time=124 ms
08-09 22:27:06.231 23352 23466 D cellinfo: 46 bytes from 44.241.174.93: icmp_seq=17362 ttl=26 time=99.5 ms
08-09 22:27:06.472 23352 23352 D cellinfo: onCellInfoChanged: Operator: AT&T...1 UpdateTimestamp: 110299204 CellConnectionStatus: 0
08-09 22:27:06.472 23352 23352 D cellinfo: onCellInfoChanged: LTE Cell Bands: [2] Bandwidth: 2147483647 Cell ID: 115734538 Physical Cell ID: 485 Tracking Area Code: 39181 EARFCN: 1100
08-09 22:27:06.496 23352 23466 D cellinfo: 46 bytes from 44.241.174.93: icmp_seq=17363 ttl=26 time=164 ms
08-09 22:27:06.657 23352 23466 D cellinfo: 46 bytes from 44.241.174.93: icmp_seq=17364 ttl=26 time=123 ms
08-09 22:27:06.858 23352 23466 D cellinfo: 46 bytes from 44.241.174.93: icmp_seq=17365 ttl=26 time=123 ms
08-09 22:27:07.057 23352 23466 D cellinfo: 46 bytes from 44.241.174.93: icmp_seq=17366 ttl=26 time=121 ms
08-09 22:27:07.257 23352 23466 D cellinfo: 46 bytes from 44.241.174.93: icmp_seq=17367 ttl=26 time=121 ms
08-09 22:27:07.457 23352 23466 D cellinfo: 46 bytes from 44.241.174.93: icmp_seq=17368 ttl=26 time=121 ms
08-09 22:27:07.657 23352 23466 D cellinfo: 46 bytes from 44.241.174.93: icmp_seq=17369 ttl=26 time=119 ms
08-09 22:27:07.859 23352 23466 D cellinfo: 46 bytes from 44.241.174.93: icmp_seq=17370 ttl=26 time=120 ms
08-09 22:27:08.050 23352 23466 D cellinfo: 46 bytes from 44.241.174.93: icmp_seq=17371 ttl=26 time=108 ms
08-09 22:27:08.244 23352 23352 D cellinfo: Latitude is 40.6260175
08-09 22:27:08.244 23352 23352 D cellinfo: Longitude is -111.9019067
08-09 22:27:08.244 23352 23352 D cellinfo: Instantaneous GPS information: United States, 6898 400 W Suite #1, Midvale, UT 84047, USA
08-09 22:27:08.244 23352 23352 D cellinfo: getCurrentLocation() result: Location (success): 40.6260175, -111.9019067
08-09 22:27:08.247 23352 23352 D cellinfo: onsignalStrengthsChanged: LTE Signal Strength info: rsrp: -79 rsrq: -11 rssi: -51 rssnr: 4
08-09 22:27:08.248 23352 23466 D cellinfo: 46 bytes from 44.241.174.93: icmp_seq=17372 ttl=26 time=107 ms
08-09 22:27:08.458 23352 23466 D cellinfo: 46 bytes from 44.241.174.93: icmp_seq=17373 ttl=26 time=115 ms
08-09 22:27:08.658 23352 23466 D cellinfo: 46 bytes from 44.241.174.93: icmp_seq=17374 ttl=26 time=114 ms
08-09 22:27:08.858 23352 23466 D cellinfo: 46 bytes from 44.241.174.93: icmp_seq=17375 ttl=26 time=112 ms
08-09 22:27:09.057 23352 23466 D cellinfo: 46 bytes from 44.241.174.93: icmp_seq=17376 ttl=26 time=110 ms
08-09 22:27:09.258 23352 23466 D cellinfo: 46 bytes from 44.241.174.93: icmp_seq=17377 ttl=26 time=111 ms
08-09 22:27:09.443 23352 23352 D cellinfo: Latitude is 40.6260175
08-09 22:27:09.443 23352 23352 D cellinfo: Longitude is -111.9019067
08-09 22:27:09.443 23352 23352 D cellinfo: Instantaneous GPS information: United States, 6898 400 W Suite #1, Midvale, UT 84047, USA
08-09 22:27:09.443 23352 23352 D cellinfo: getCurrentLocation() result: Location (success): 40.6260175, -111.9019067
08-09 22:27:09.455 23352 23466 D cellinfo: 46 bytes from 44.241.174.93: icmp_seq=17378 ttl=26 time=109 ms
08-09 22:27:09.483 23352 23352 D cellinfo: onCellInfoChanged: Operator: AT&T...1 UpdateTimestamp: 110302220 CellConnectionStatus: 0
08-09 22:27:09.483 23352 23352 D cellinfo: onCellInfoChanged: LTE Cell Bands: [2] Bandwidth: 2147483647 Cell ID: 115734538 Physical Cell ID: 485 Tracking Area Code: 39181 EARFCN: 1100
08-09 22:27:09.658 23352 23466 D cellinfo: 46 bytes from 44.241.174.93: icmp_seq=17379 ttl=26 time=109 ms
08-09 22:27:09.857 23352 23466 D cellinfo: 46 bytes from 44.241.174.93: icmp_seq=17380 ttl=26 time=107 ms
08-09 22:27:10.021 23352 23352 D cellinfo: onsignalStrengthsChanged: LTE Signal Strength info: rsrp: -77 rsrq: -11 rssi: -51 rssnr: 7
08-09 22:27:10.057 23352 23466 D cellinfo: 46 bytes from 44.241.174.93: icmp_seq=17381 ttl=26 time=107 ms
08-09 22:27:10.296 23352 23466 D cellinfo: 46 bytes from 44.241.174.93: icmp_seq=17382 ttl=26 time=147 ms
08-09 22:27:10.458 23352 23466 D cellinfo: 46 bytes from 44.241.174.93: icmp_seq=17383 ttl=26 time=107 ms
08-09 22:27:10.658 23352 23466 D cellinfo: 46 bytes from 44.241.174.93: icmp_seq=17384 ttl=26 time=107 ms
08-09 22:27:10.861 23352 23466 D cellinfo: 46 bytes from 44.241.174.93: icmp_seq=17385 ttl=26 time=109 ms
08-09 22:27:11.057 23352 23466 D cellinfo: 46 bytes from 44.241.174.93: icmp_seq=17386 ttl=26 time=105 ms
08-09 22:27:11.257 23352 23466 D cellinfo: 46 bytes from 44.241.174.93: icmp_seq=17387 ttl=26 time=106 ms
08-09 22:27:11.460 23352 23466 D cellinfo: 46 bytes from 44.241.174.93: icmp_seq=17388 ttl=26 time=108 ms
08-09 22:27:11.659 23352 23466 D cellinfo: 46 bytes from 44.241.174.93: icmp_seq=17389 ttl=26 time=107 ms
08-09 22:27:11.867 23352 23466 D cellinfo: 46 bytes from 44.241.174.93: icmp_seq=17390 ttl=26 time=114 ms
08-09 22:27:12.061 23352 23466 D cellinfo: 46 bytes from 44.241.174.93: icmp_seq=17391 ttl=26 time=107 ms
08-09 22:27:12.258 23352 23466 D cellinfo: 46 bytes from 44.241.174.93: icmp_seq=17392 ttl=26 time=103 ms
08-09 22:27:12.434 23352 23352 D cellinfo: Latitude is 40.6260175
08-09 22:27:12.434 23352 23352 D cellinfo: Longitude is -111.9019067
08-09 22:27:12.434 23352 23352 D cellinfo: Instantaneous GPS information: United States, 6898 400 W Suite #1, Midvale, UT 84047, USA
08-09 22:27:12.434 23352 23352 D cellinfo: getCurrentLocation() result: Location (success): 40.6260175, -111.9019067
08-09 22:27:12.456 23352 23466 D cellinfo: 46 bytes from 44.241.174.93: icmp_seq=17393 ttl=26 time=100 ms
08-09 22:27:12.494 23352 23352 D cellinfo: onCellInfoChanged: Operator: AT&T...1 UpdateTimestamp: 110305232 CellConnectionStatus: 0
08-09 22:27:12.494 23352 23352 D cellinfo: onCellInfoChanged: LTE Cell Bands: [2] Bandwidth: 2147483647 Cell ID: 115734538 Physical Cell ID: 485 Tracking Area Code: 39181 EARFCN: 1100
08-09 22:27:12.657 23352 23466 D cellinfo: 46 bytes from 44.241.174.93: icmp_seq=17394 ttl=26 time=100 ms
08-09 22:27:12.858 23352 23466 D cellinfo: 46 bytes from 44.241.174.93: icmp_seq=17395 ttl=26 time=99.6 ms
08-09 22:27:13.057 23352 23466 D cellinfo: 46 bytes from 44.241.174.93: icmp_seq=17396 ttl=26 time=97.6 ms
08-09 22:27:13.257 23352 23466 D cellinfo: 46 bytes from 44.241.174.93: icmp_seq=17397 ttl=26 time=98.3 ms
08-09 22:27:13.460 23352 23466 D cellinfo: 46 bytes from 44.241.174.93: icmp_seq=17398 ttl=26 time=101 ms
08-09 22:27:13.661 23352 23466 D cellinfo: 46 bytes from 44.241.174.93: icmp_seq=17399 ttl=26 time=100 ms
08-09 22:27:13.861 23352 23466 D cellinfo: 46 bytes from 44.241.174.93: icmp_seq=17400 ttl=26 time=99.4 ms
08-09 22:27:14.060 23352 23466 D cellinfo: 46 bytes from 44.241.174.93: icmp_seq=17401 ttl=26 time=97.6 ms
08-09 22:27:14.262 23352 23466 D cellinfo: 46 bytes from 44.241.174.93: icmp_seq=17402 ttl=26 time=99.0 ms
08-09 22:27:14.462 23352 23466 D cellinfo: 46 bytes from 44.241.174.93: icmp_seq=17403 ttl=26 time=97.7 ms
08-09 22:27:14.660 23352 23466 D cellinfo: 46 bytes from 44.241.174.93: icmp_seq=17404 ttl=26 time=96.8 ms
08-09 22:27:14.862 23352 23466 D cellinfo: 46 bytes from 44.241.174.93: icmp_seq=17405 ttl=26 time=97.5 ms
08-09 22:27:15.061 23352 23466 D cellinfo: 46 bytes from 44.241.174.93: icmp_seq=17406 ttl=26 time=97.3 ms
08-09 22:27:15.296 23352 23466 D cellinfo: 46 bytes from 44.241.174.93: icmp_seq=17407 ttl=26 time=132 ms
08-09 22:27:15.434 23352 23352 D cellinfo: Latitude is 40.6260175
08-09 22:27:15.434 23352 23352 D cellinfo: Longitude is -111.9019067
08-09 22:27:15.434 23352 23352 D cellinfo: Instantaneous GPS information: United States, 6898 400 W Suite #1, Midvale, UT 84047, USA
08-09 22:27:15.434 23352 23352 D cellinfo: getCurrentLocation() result: Location (success): 40.6260175, -111.9019067
08-09 22:27:15.461 23352 23466 D cellinfo: 46 bytes from 44.241.174.93: icmp_seq=17408 ttl=26 time=96.4 ms
08-09 22:27:15.485 23352 23352 D cellinfo: onCellInfoChanged: Operator: AT&T...1 UpdateTimestamp: 110308221 CellConnectionStatus: 0
08-09 22:27:15.485 23352 23352 D cellinfo: onCellInfoChanged: LTE Cell Bands: [2] Bandwidth: 2147483647 Cell ID: 115734538 Physical Cell ID: 485 Tracking Area Code: 39181 EARFCN: 1100
08-09 22:27:15.660 23352 23466 D cellinfo: 46 bytes from 44.241.174.93: icmp_seq=17409 ttl=26 time=96.0 ms
08-09 22:27:15.861 23352 23466 D cellinfo: 46 bytes from 44.241.174.93: icmp_seq=17410 ttl=26 time=95.4 ms
08-09 22:27:16.060 23352 23466 D cellinfo: 46 bytes from 44.241.174.93: icmp_seq=17411 ttl=26 time=94.7 ms
08-09 22:27:16.261 23352 23466 D cellinfo: 46 bytes from 44.241.174.93: icmp_seq=17412 ttl=26 time=96.4 ms
08-09 22:27:16.460 23352 23466 D cellinfo: 46 bytes from 44.241.174.93: icmp_seq=17413 ttl=26 time=94.4 ms
08-09 22:27:16.661 23352 23466 D cellinfo: 46 bytes from 44.241.174.93: icmp_seq=17414 ttl=26 time=93.4 ms
08-09 22:27:16.863 23352 23466 D cellinfo: 46 bytes from 44.241.174.93: icmp_seq=17415 ttl=26 time=94.3 ms
08-09 22:27:17.060 23352 23466 D cellinfo: 46 bytes from 44.241.174.93: icmp_seq=17416 ttl=26 time=91.7 ms
08-09 22:27:17.260 23352 23466 D cellinfo: 46 bytes from 44.241.174.93: icmp_seq=17417 ttl=26 time=92.0 ms
08-09 22:27:17.497 23352 23466 D cellinfo: 46 bytes from 44.241.174.93: icmp_seq=17418 ttl=26 time=126 ms
08-09 22:27:17.696 23352 23466 D cellinfo: 46 bytes from 44.241.174.93: icmp_seq=17419 ttl=26 time=124 ms
08-09 22:27:17.898 23352 23466 D cellinfo: 46 bytes from 44.241.174.93: icmp_seq=17420 ttl=26 time=124 ms
08-09 22:27:18.096 23352 23466 D cellinfo: 46 bytes from 44.241.174.93: icmp_seq=17421 ttl=26 time=123 ms
08-09 22:27:18.298 23352 23466 D cellinfo: 46 bytes from 44.241.174.93: icmp_seq=17422 ttl=26 time=125 ms
08-09 22:27:18.480 23352 23352 D cellinfo: onCellInfoChanged: Operator: AT&T...1 UpdateTimestamp: 110311217 CellConnectionStatus: 0
08-09 22:27:18.480 23352 23352 D cellinfo: onCellInfoChanged: LTE Cell Bands: [2] Bandwidth: 2147483647 Cell ID: 115734538 Physical Cell ID: 485 Tracking Area Code: 39181 EARFCN: 1100
08-09 22:27:18.497 23352 23466 D cellinfo: 46 bytes from 44.241.174.93: icmp_seq=17423 ttl=26 time=122 ms
08-09 22:27:18.697 23352 23466 D cellinfo: 46 bytes from 44.241.174.93: icmp_seq=17424 ttl=26 time=122 ms
08-09 22:27:18.896 23352 23466 D cellinfo: 46 bytes from 44.241.174.93: icmp_seq=17425 ttl=26 time=121 ms
08-09 22:27:19.096 23352 23466 D cellinfo: 46 bytes from 44.241.174.93: icmp_seq=17426 ttl=26 time=120 ms
08-09 22:27:19.299 23352 23466 D cellinfo: 46 bytes from 44.241.174.93: icmp_seq=17427 ttl=26 time=121 ms
08-09 22:27:19.496 23352 23466 D cellinfo: 46 bytes from 44.241.174.93: icmp_seq=17428 ttl=26 time=120 ms
08-09 22:27:19.672 23352 23466 D cellinfo: 46 bytes from 44.241.174.93: icmp_seq=17429 ttl=26 time=94.3 ms
08-09 22:27:19.874 23352 23466 D cellinfo: 46 bytes from 44.241.174.93: icmp_seq=17430 ttl=26 time=94.7 ms
08-09 22:27:20.092 23352 23466 D cellinfo: 46 bytes from 44.241.174.93: icmp_seq=17431 ttl=26 time=110 ms
08-09 22:27:20.291 23352 23466 D cellinfo: 46 bytes from 44.241.174.93: icmp_seq=17432 ttl=26 time=109 ms
08-09 22:27:20.297 23352 23352 D cellinfo: Latitude is 40.6289032
08-09 22:27:20.297 23352 23352 D cellinfo: Longitude is -111.902222
08-09 22:27:20.297 23352 23352 D cellinfo: Instantaneous GPS information: United States, 6660 400 W, Murray, UT 84107, USA
08-09 22:27:20.297 23352 23352 D cellinfo: getCurrentLocation() result: Location (success): 40.6289032, -111.902222
08-09 22:27:20.300 23352 23352 D cellinfo: onsignalStrengthsChanged: LTE Signal Strength info: rsrp: -78 rsrq: -12 rssi: -51 rssnr: 5
08-09 22:27:20.472 23352 23466 D cellinfo: 46 bytes from 44.241.174.93: icmp_seq=17433 ttl=26 time=89.6 ms
08-09 22:27:20.691 23352 23466 D cellinfo: 46 bytes from 44.241.174.93: icmp_seq=17434 ttl=26 time=108 ms
08-09 22:27:20.890 23352 23466 D cellinfo: 46 bytes from 44.241.174.93: icmp_seq=17435 ttl=26 time=106 ms
08-09 22:27:21.015 23352 23352 D cellinfo: onCellInfoChanged: Operator: AT&T...1 UpdateTimestamp: 110313749 CellConnectionStatus: 0
08-09 22:27:21.015 23352 23352 D cellinfo: onCellInfoChanged: LTE Cell Bands: [2] Bandwidth: 2147483647 Cell ID: 115723273 Physical Cell ID: 487 Tracking Area Code: 39181 EARFCN: 1100
08-09 22:27:21.051 23352 23352 D cellinfo: onServiceStateChanged: Channel Number: 1100 Cell Bandwidths: []
08-09 22:27:21.102 23352 23466 D cellinfo: 46 bytes from 44.241.174.93: icmp_seq=17436 ttl=26 time=118 ms
08-09 22:27:21.303 23352 23466 D cellinfo: 46 bytes from 44.241.174.93: icmp_seq=17437 ttl=26 time=119 ms
08-09 22:27:21.433 23352 23352 D cellinfo: Latitude is 40.6289032
08-09 22:27:21.433 23352 23352 D cellinfo: Longitude is -111.902222
08-09 22:27:21.434 23352 23352 D cellinfo: Instantaneous GPS information: United States, 6660 400 W, Murray, UT 84107, USA
08-09 22:27:21.434 23352 23352 D cellinfo: getCurrentLocation() result: Location (success): 40.6289032, -111.902222
08-09 22:27:21.500 23352 23352 D cellinfo: onCellInfoChanged: Operator: AT&T...1 UpdateTimestamp: 110314233 CellConnectionStatus: 0
08-09 22:27:21.500 23352 23352 D cellinfo: onCellInfoChanged: LTE Cell Bands: [2] Bandwidth: 2147483647 Cell ID: 115723273 Physical Cell ID: 487 Tracking Area Code: 39181 EARFCN: 1100
08-09 22:27:21.501 23352 23466 D cellinfo: 46 bytes from 44.241.174.93: icmp_seq=17438 ttl=26 time=116 ms
08-09 22:27:21.702 23352 23466 D cellinfo: 46 bytes from 44.241.174.93: icmp_seq=17439 ttl=26 time=115 ms
08-09 22:27:21.903 23352 23466 D cellinfo: 46 bytes from 44.241.174.93: icmp_seq=17440 ttl=26 time=115 ms
08-09 22:27:22.103 23352 23466 D cellinfo: 46 bytes from 44.241.174.93: icmp_seq=17441 ttl=26 time=115 ms
08-09 22:27:22.302 23352 23466 D cellinfo: 46 bytes from 44.241.174.93: icmp_seq=17442 ttl=26 time=114 ms
08-09 22:27:22.502 23352 23466 D cellinfo: 46 bytes from 44.241.174.93: icmp_seq=17443 ttl=26 time=113 ms
08-09 22:27:22.703 23352 23466 D cellinfo: 46 bytes from 44.241.174.93: icmp_seq=17444 ttl=26 time=114 ms
08-09 22:27:22.888 23352 23466 D cellinfo: 46 bytes from 44.241.174.93: icmp_seq=17445 ttl=26 time=98.9 ms
08-09 22:27:23.101 23352 23466 D cellinfo: 46 bytes from 44.241.174.93: icmp_seq=17446 ttl=26 time=110 ms
08-09 22:27:23.302 23352 23466 D cellinfo: 46 bytes from 44.241.174.93: icmp_seq=17447 ttl=26 time=111 ms
08-09 22:27:23.463 23352 23352 D cellinfo: onsignalStrengthsChanged: LTE Signal Strength info: rsrp: -81 rsrq: -13 rssi: -51 rssnr: 2
08-09 22:27:23.501 23352 23466 D cellinfo: 46 bytes from 44.241.174.93: icmp_seq=17448 ttl=26 time=110 ms
08-09 22:27:23.689 23352 23466 D cellinfo: 46 bytes from 44.241.174.93: icmp_seq=17449 ttl=26 time=98.3 ms
08-09 22:27:23.902 23352 23466 D cellinfo: 46 bytes from 44.241.174.93: icmp_seq=17450 ttl=26 time=109 ms
08-09 22:27:24.089 23352 23352 D cellinfo: onCellInfoChanged: Operator: AT&T...1 UpdateTimestamp: 110316820 CellConnectionStatus: 0
08-09 22:27:24.089 23352 23352 D cellinfo: onCellInfoChanged: LTE Cell Bands: [2] Bandwidth: 2147483647 Cell ID: 115723273 Physical Cell ID: 487 Tracking Area Code: 39181 EARFCN: 1100
08-09 22:27:24.101 23352 23466 D cellinfo: 46 bytes from 44.241.174.93: icmp_seq=17451 ttl=26 time=109 ms
08-09 22:27:24.301 23352 23466 D cellinfo: 46 bytes from 44.241.174.93: icmp_seq=17452 ttl=26 time=108 ms
08-09 22:27:24.437 23352 23352 D cellinfo: Latitude is 40.6289032
08-09 22:27:24.437 23352 23352 D cellinfo: Longitude is -111.902222
08-09 22:27:24.438 23352 23352 D cellinfo: Instantaneous GPS information: United States, 6660 400 W, Murray, UT 84107, USA
08-09 22:27:24.438 23352 23352 D cellinfo: getCurrentLocation() result: Location (success): 40.6289032, -111.902222
08-09 22:27:24.487 23352 23466 D cellinfo: 46 bytes from 44.241.174.93: icmp_seq=17453 ttl=26 time=95.2 ms
08-09 22:27:24.702 23352 23466 D cellinfo: 46 bytes from 44.241.174.93: icmp_seq=17454 ttl=26 time=107 ms
08-09 22:27:24.902 23352 23466 D cellinfo: 46 bytes from 44.241.174.93: icmp_seq=17455 ttl=26 time=106 ms
08-09 22:27:25.101 23352 23466 D cellinfo: 46 bytes from 44.241.174.93: icmp_seq=17456 ttl=26 time=103 ms
08-09 22:27:25.302 23352 23466 D cellinfo: 46 bytes from 44.241.174.93: icmp_seq=17457 ttl=26 time=104 ms
08-09 22:27:25.502 23352 23466 D cellinfo: 46 bytes from 44.241.174.93: icmp_seq=17458 ttl=26 time=103 ms
08-09 22:27:25.702 23352 23466 D cellinfo: 46 bytes from 44.241.174.93: icmp_seq=17459 ttl=26 time=102 ms
08-09 22:27:25.702 23352 23352 D cellinfo: onsignalStrengthsChanged: LTE Signal Strength info: rsrp: -81 rsrq: -14 rssi: -51 rssnr: 1
08-09 22:27:25.941 23352 23466 D cellinfo: 46 bytes from 44.241.174.93: icmp_seq=17460 ttl=26 time=142 ms
08-09 22:27:26.101 23352 23466 D cellinfo: 46 bytes from 44.241.174.93: icmp_seq=17461 ttl=26 time=101 ms
08-09 22:27:26.148 23352 23352 D cellinfo: onsignalStrengthsChanged: LTE Signal Strength info: rsrp: -81 rsrq: -14 rssi: -51 rssnr: 0
08-09 22:27:26.302 23352 23466 D cellinfo: 46 bytes from 44.241.174.93: icmp_seq=17462 ttl=26 time=102 ms
08-09 22:27:26.501 23352 23466 D cellinfo: 46 bytes from 44.241.174.93: icmp_seq=17463 ttl=26 time=100 ms
08-09 22:27:26.701 23352 23466 D cellinfo: 46 bytes from 44.241.174.93: icmp_seq=17464 ttl=26 time=100 ms
08-09 22:27:26.902 23352 23466 D cellinfo: 46 bytes from 44.241.174.93: icmp_seq=17465 ttl=26 time=100 ms
08-09 22:27:27.101 23352 23466 D cellinfo: 46 bytes from 44.241.174.93: icmp_seq=17466 ttl=26 time=99.8 ms
08-09 22:27:27.302 23352 23466 D cellinfo: 46 bytes from 44.241.174.93: icmp_seq=17467 ttl=26 time=99.2 ms
08-09 22:27:27.438 23352 23352 D cellinfo: Latitude is 40.6289032
08-09 22:27:27.438 23352 23352 D cellinfo: Longitude is -111.902222
08-09 22:27:27.438 23352 23352 D cellinfo: Instantaneous GPS information: United States, 6660 400 W, Murray, UT 84107, USA
08-09 22:27:27.438 23352 23352 D cellinfo: getCurrentLocation() result: Location (success): 40.6289032, -111.902222
08-09 22:27:27.491 23352 23352 D cellinfo: onCellInfoChanged: Operator: AT&T...1 UpdateTimestamp: 110320223 CellConnectionStatus: 0
08-09 22:27:27.491 23352 23352 D cellinfo: onCellInfoChanged: LTE Cell Bands: [2] Bandwidth: 2147483647 Cell ID: 115723273 Physical Cell ID: 487 Tracking Area Code: 39181 EARFCN: 1100
08-09 22:27:27.501 23352 23466 D cellinfo: 46 bytes from 44.241.174.93: icmp_seq=17468 ttl=26 time=98.3 ms
08-09 22:27:27.704 23352 23466 D cellinfo: 46 bytes from 44.241.174.93: icmp_seq=17469 ttl=26 time=98.2 ms
08-09 22:27:27.902 23352 23466 D cellinfo: 46 bytes from 44.241.174.93: icmp_seq=17470 ttl=26 time=96.2 ms
08-09 22:27:28.103 23352 23466 D cellinfo: 46 bytes from 44.241.174.93: icmp_seq=17471 ttl=26 time=96.0 ms
08-09 22:27:28.342 23352 23466 D cellinfo: 46 bytes from 44.241.174.93: icmp_seq=17472 ttl=26 time=134 ms
08-09 22:27:28.502 23352 23466 D cellinfo: 46 bytes from 44.241.174.93: icmp_seq=17473 ttl=26 time=93.7 ms
08-09 22:27:28.702 23352 23466 D cellinfo: 46 bytes from 44.241.174.93: icmp_seq=17474 ttl=26 time=93.2 ms
08-09 22:27:28.902 23352 23466 D cellinfo: 46 bytes from 44.241.174.93: icmp_seq=17475 ttl=26 time=91.4 ms
08-09 22:27:29.102 23352 23466 D cellinfo: 46 bytes from 44.241.174.93: icmp_seq=17476 ttl=26 time=90.8 ms
08-09 22:27:29.303 23352 23466 D cellinfo: 46 bytes from 44.241.174.93: icmp_seq=17477 ttl=26 time=90.8 ms
08-09 22:27:29.503 23352 23466 D cellinfo: 46 bytes from 44.241.174.93: icmp_seq=17478 ttl=26 time=90.8 ms
08-09 22:27:29.704 23352 23466 D cellinfo: 46 bytes from 44.241.174.93: icmp_seq=17479 ttl=26 time=90.8 ms
08-09 22:27:29.944 23352 23466 D cellinfo: 46 bytes from 44.241.174.93: icmp_seq=17480 ttl=26 time=131 ms
08-09 22:27:30.142 23352 23466 D cellinfo: 46 bytes from 44.241.174.93: icmp_seq=17481 ttl=26 time=129 ms
08-09 22:27:30.301 23352 23466 D cellinfo: 46 bytes from 44.241.174.93: icmp_seq=17482 ttl=26 time=88.7 ms
08-09 22:27:30.471 23352 23352 D cellinfo: onCellInfoChanged: Operator: AT&T...1 UpdateTimestamp: 110323205 CellConnectionStatus: 0
08-09 22:27:30.471 23352 23352 D cellinfo: onCellInfoChanged: LTE Cell Bands: [2] Bandwidth: 2147483647 Cell ID: 115723273 Physical Cell ID: 487 Tracking Area Code: 39181 EARFCN: 1100
08-09 22:27:30.509 23352 23466 D cellinfo: 46 bytes from 44.241.174.93: icmp_seq=17483 ttl=26 time=95.8 ms
08-09 22:27:30.741 23352 23466 D cellinfo: 46 bytes from 44.241.174.93: icmp_seq=17484 ttl=26 time=126 ms
08-09 22:27:30.941 23352 23466 D cellinfo: 46 bytes from 44.241.174.93: icmp_seq=17485 ttl=26 time=126 ms
08-09 22:27:31.142 23352 23466 D cellinfo: 46 bytes from 44.241.174.93: icmp_seq=17486 ttl=26 time=125 ms
08-09 22:27:31.329 23352 23466 D cellinfo: 46 bytes from 44.241.174.93: icmp_seq=17487 ttl=26 time=112 ms
08-09 22:27:31.541 23352 23466 D cellinfo: 46 bytes from 44.241.174.93: icmp_seq=17488 ttl=26 time=124 ms
08-09 22:27:31.741 23352 23466 D cellinfo: 46 bytes from 44.241.174.93: icmp_seq=17489 ttl=26 time=124 ms
08-09 22:27:31.911 23352 23466 D cellinfo: 46 bytes from 44.241.174.93: icmp_seq=17490 ttl=26 time=93.6 ms
08-09 22:27:32.112 23352 23466 D cellinfo: 46 bytes from 44.241.174.93: icmp_seq=17491 ttl=26 time=92.9 ms
08-09 22:27:32.149 23352 23352 D cellinfo: onsignalStrengthsChanged: LTE Signal Strength info: rsrp: -80 rsrq: -15 rssi: -51 rssnr: -1
08-09 22:27:32.342 23352 23466 D cellinfo: 46 bytes from 44.241.174.93: icmp_seq=17492 ttl=26 time=122 ms
08-09 22:27:32.543 23352 23466 D cellinfo: 46 bytes from 44.241.174.93: icmp_seq=17493 ttl=26 time=120 ms
08-09 22:27:32.742 23352 23466 D cellinfo: 46 bytes from 44.241.174.93: icmp_seq=17494 ttl=26 time=119 ms
08-09 22:27:32.929 23352 23466 D cellinfo: 46 bytes from 44.241.174.93: icmp_seq=17495 ttl=26 time=105 ms
08-09 22:27:33.143 23352 23466 D cellinfo: 46 bytes from 44.241.174.93: icmp_seq=17496 ttl=26 time=115 ms
08-09 22:27:33.332 23352 23466 D cellinfo: 46 bytes from 44.241.174.93: icmp_seq=17497 ttl=26 time=101 ms
08-09 22:27:33.529 23352 23466 D cellinfo: 46 bytes from 44.241.174.93: icmp_seq=17498 ttl=26 time=98.0 ms
08-09 22:27:33.561 23352 23352 D cellinfo: Latitude is 40.6322474
08-09 22:27:33.561 23352 23352 D cellinfo: Longitude is -111.9023949
08-09 22:27:33.561 23352 23352 D cellinfo: Instantaneous GPS information: United States, 423 W Winchester St, Murray, UT 84107, USA
08-09 22:27:33.561 23352 23352 D cellinfo: getCurrentLocation() result: Location (success): 40.6322474, -111.9023949
08-09 22:27:33.563 23352 23352 D cellinfo: onCellInfoChanged: Operator: AT&T...1 UpdateTimestamp: 110326206 CellConnectionStatus: 0
08-09 22:27:33.563 23352 23352 D cellinfo: onCellInfoChanged: LTE Cell Bands: [2] Bandwidth: 2147483647 Cell ID: 115723273 Physical Cell ID: 487 Tracking Area Code: 39181 EARFCN: 1100
08-09 22:27:33.583 23352 23352 D cellinfo: Latitude is 40.6322474
08-09 22:27:33.583 23352 23352 D cellinfo: Longitude is -111.9023949
08-09 22:27:33.583 23352 23352 D cellinfo: Instantaneous GPS information: United States, 423 W Winchester St, Murray, UT 84107, USA
08-09 22:27:33.584 23352 23352 D cellinfo: getCurrentLocation() result: Location (success): 40.6322474, -111.9023949
08-09 22:27:33.741 23352 23466 D cellinfo: 46 bytes from 44.241.174.93: icmp_seq=17499 ttl=26 time=110 ms
08-09 22:27:33.928 23352 23466 D cellinfo: 46 bytes from 44.241.174.93: icmp_seq=17500 ttl=26 time=97.2 ms
08-09 22:27:34.142 23352 23466 D cellinfo: 46 bytes from 44.241.174.93: icmp_seq=17501 ttl=26 time=110 ms
08-09 22:27:34.342 23352 23466 D cellinfo: 46 bytes from 44.241.174.93: icmp_seq=17502 ttl=26 time=109 ms
08-09 22:27:34.542 23352 23466 D cellinfo: 46 bytes from 44.241.174.93: icmp_seq=17503 ttl=26 time=109 ms
08-09 22:27:34.728 23352 23466 D cellinfo: 46 bytes from 44.241.174.93: icmp_seq=17504 ttl=26 time=95.5 ms
08-09 22:27:34.942 23352 23466 D cellinfo: 46 bytes from 44.241.174.93: icmp_seq=17505 ttl=26 time=109 ms
08-09 22:27:35.141 23352 23466 D cellinfo: 46 bytes from 44.241.174.93: icmp_seq=17506 ttl=26 time=106 ms
08-09 22:27:35.156 23352 23352 D cellinfo: onsignalStrengthsChanged: LTE Signal Strength info: rsrp: -77 rsrq: -13 rssi: -51 rssnr: 0
08-09 22:27:35.382 23352 23466 D cellinfo: 46 bytes from 44.241.174.93: icmp_seq=17507 ttl=26 time=145 ms
08-09 22:27:35.581 23352 23466 D cellinfo: 46 bytes from 44.241.174.93: icmp_seq=17508 ttl=26 time=144 ms
08-09 22:27:35.742 23352 23466 D cellinfo: 46 bytes from 44.241.174.93: icmp_seq=17509 ttl=26 time=103 ms
08-09 22:27:35.942 23352 23466 D cellinfo: 46 bytes from 44.241.174.93: icmp_seq=17510 ttl=26 time=102 ms
08-09 22:27:36.143 23352 23466 D cellinfo: 46 bytes from 44.241.174.93: icmp_seq=17511 ttl=26 time=101 ms
08-09 22:27:36.341 23352 23466 D cellinfo: 46 bytes from 44.241.174.93: icmp_seq=17512 ttl=26 time=99.9 ms
08-09 22:27:36.446 23352 23352 D cellinfo: Latitude is 40.6322474
08-09 22:27:36.446 23352 23352 D cellinfo: Longitude is -111.9023949
08-09 22:27:36.446 23352 23352 D cellinfo: Instantaneous GPS information: United States, 423 W Winchester St, Murray, UT 84107, USA
08-09 22:27:36.447 23352 23352 D cellinfo: getCurrentLocation() result: Location (success): 40.6322474, -111.9023949
08-09 22:27:36.494 23352 23352 D cellinfo: onCellInfoChanged: Operator: AT&T...1 UpdateTimestamp: 110329222 CellConnectionStatus: 0
08-09 22:27:36.494 23352 23352 D cellinfo: onCellInfoChanged: LTE Cell Bands: [2] Bandwidth: 2147483647 Cell ID: 115723273 Physical Cell ID: 487 Tracking Area Code: 39181 EARFCN: 1100
08-09 22:27:36.541 23352 23466 D cellinfo: 46 bytes from 44.241.174.93: icmp_seq=17513 ttl=26 time=98.6 ms
08-09 22:27:36.784 23352 23466 D cellinfo: 46 bytes from 44.241.174.93: icmp_seq=17514 ttl=26 time=137 ms
08-09 22:27:36.903 23352 23352 D cellinfo: onsignalStrengthsChanged: LTE Signal Strength info: rsrp: -76 rsrq: -13 rssi: -51 rssnr: 2
08-09 22:27:36.945 23352 23466 D cellinfo: 46 bytes from 44.241.174.93: icmp_seq=17515 ttl=26 time=100 ms
08-09 22:27:37.142 23352 23466 D cellinfo: 46 bytes from 44.241.174.93: icmp_seq=17516 ttl=26 time=97.0 ms
08-09 22:27:37.342 23352 23466 D cellinfo: 46 bytes from 44.241.174.93: icmp_seq=17517 ttl=26 time=96.5 ms
08-09 22:27:37.583 23352 23466 D cellinfo: 46 bytes from 44.241.174.93: icmp_seq=17518 ttl=26 time=134 ms
08-09 22:27:37.742 23352 23466 D cellinfo: 46 bytes from 44.241.174.93: icmp_seq=17519 ttl=26 time=94.0 ms
08-09 22:27:37.969 23352 23466 D cellinfo: 46 bytes from 44.241.174.93: icmp_seq=17520 ttl=26 time=120 ms
08-09 22:27:38.142 23352 23466 D cellinfo: 46 bytes from 44.241.174.93: icmp_seq=17521 ttl=26 time=91.5 ms
08-09 22:27:38.342 23352 23466 D cellinfo: 46 bytes from 44.241.174.93: icmp_seq=17522 ttl=26 time=89.9 ms
08-09 22:27:38.583 23352 23466 D cellinfo: 46 bytes from 44.241.174.93: icmp_seq=17523 ttl=26 time=129 ms
08-09 22:27:38.742 23352 23466 D cellinfo: 46 bytes from 44.241.174.93: icmp_seq=17524 ttl=26 time=89.4 ms
08-09 22:27:38.942 23352 23466 D cellinfo: 46 bytes from 44.241.174.93: icmp_seq=17525 ttl=26 time=88.6 ms
08-09 22:27:39.142 23352 23352 D cellinfo: onsignalStrengthsChanged: LTE Signal Strength info: rsrp: -74 rsrq: -12 rssi: -51 rssnr: 5
08-09 22:27:39.143 23352 23466 D cellinfo: 46 bytes from 44.241.174.93: icmp_seq=17526 ttl=26 time=88.5 ms
08-09 22:27:39.344 23352 23466 D cellinfo: 46 bytes from 44.241.174.93: icmp_seq=17527 ttl=26 time=86.8 ms
08-09 22:27:39.431 23352 23352 D cellinfo: Latitude is 40.6322474
08-09 22:27:39.431 23352 23352 D cellinfo: Longitude is -111.9023949
08-09 22:27:39.431 23352 23352 D cellinfo: Instantaneous GPS information: United States, 423 W Winchester St, Murray, UT 84107, USA
08-09 22:27:39.431 23352 23352 D cellinfo: getCurrentLocation() result: Location (success): 40.6322474, -111.9023949
08-09 22:27:39.483 23352 23352 D cellinfo: onCellInfoChanged: Operator: AT&T...1 UpdateTimestamp: 110332219 CellConnectionStatus: 0
08-09 22:27:39.483 23352 23352 D cellinfo: onCellInfoChanged: LTE Cell Bands: [2] Bandwidth: 2147483647 Cell ID: 115723273 Physical Cell ID: 487 Tracking Area Code: 39181 EARFCN: 1100
08-09 22:27:39.582 23352 23466 D cellinfo: 46 bytes from 44.241.174.93: icmp_seq=17528 ttl=26 time=125 ms
08-09 22:27:39.742 23352 23466 D cellinfo: 46 bytes from 44.241.174.93: icmp_seq=17529 ttl=26 time=84.9 ms
08-09 22:27:39.982 23352 23466 D cellinfo: 46 bytes from 44.241.174.93: icmp_seq=17530 ttl=26 time=122 ms
08-09 22:27:40.182 23352 23466 D cellinfo: 46 bytes from 44.241.174.93: icmp_seq=17531 ttl=26 time=120 ms
08-09 22:27:40.384 23352 23466 D cellinfo: 46 bytes from 44.241.174.93: icmp_seq=17532 ttl=26 time=119 ms
08-09 22:27:40.623 23352 23466 D cellinfo: 46 bytes from 44.241.174.93: icmp_seq=17533 ttl=26 time=157 ms
08-09 22:27:40.782 23352 23466 D cellinfo: 46 bytes from 44.241.174.93: icmp_seq=17534 ttl=26 time=116 ms
08-09 22:27:40.984 23352 23466 D cellinfo: 46 bytes from 44.241.174.93: icmp_seq=17535 ttl=26 time=117 ms
08-09 22:27:41.153 23352 23352 D cellinfo: onsignalStrengthsChanged: LTE Signal Strength info: rsrp: -74 rsrq: -11 rssi: -51 rssnr: 7
08-09 22:27:41.184 23352 23466 D cellinfo: 46 bytes from 44.241.174.93: icmp_seq=17536 ttl=26 time=115 ms
08-09 22:27:41.383 23352 23466 D cellinfo: 46 bytes from 44.241.174.93: icmp_seq=17537 ttl=26 time=114 ms
08-09 22:27:41.582 23352 23466 D cellinfo: 46 bytes from 44.241.174.93: icmp_seq=17538 ttl=26 time=113 ms
08-09 22:27:41.782 23352 23466 D cellinfo: 46 bytes from 44.241.174.93: icmp_seq=17539 ttl=26 time=111 ms
08-09 22:27:41.983 23352 23466 D cellinfo: 46 bytes from 44.241.174.93: icmp_seq=17540 ttl=26 time=112 ms
08-09 22:27:42.182 23352 23466 D cellinfo: 46 bytes from 44.241.174.93: icmp_seq=17541 ttl=26 time=110 ms
08-09 22:27:42.382 23352 23466 D cellinfo: 46 bytes from 44.241.174.93: icmp_seq=17542 ttl=26 time=109 ms
08-09 22:27:42.434 23352 23352 D cellinfo: Latitude is 40.6322474
08-09 22:27:42.434 23352 23352 D cellinfo: Longitude is -111.9023949
08-09 22:27:42.434 23352 23352 D cellinfo: Instantaneous GPS information: United States, 423 W Winchester St, Murray, UT 84107, USA
08-09 22:27:42.434 23352 23352 D cellinfo: getCurrentLocation() result: Location (success): 40.6322474, -111.9023949
08-09 22:27:42.480 23352 23352 D cellinfo: onCellInfoChanged: Operator: AT&T...1 UpdateTimestamp: 110335215 CellConnectionStatus: 0
