08-09 22:34:34.655 23352 23466 D cellinfo: 46 bytes from 44.241.174.93: icmp_seq=19594 ttl=26 time=110 ms
08-09 22:34:34.843 23352 23466 D cellinfo: 46 bytes from 44.241.174.93: icmp_seq=19595 ttl=26 time=99.7 ms
08-09 22:34:35.043 23352 23466 D cellinfo: 46 bytes from 44.241.174.93: icmp_seq=19596 ttl=26 time=98.4 ms
08-09 22:34:35.244 23352 23466 D cellinfo: 46 bytes from 44.241.174.93: icmp_seq=19597 ttl=26 time=100 ms
08-09 22:34:35.443 23352 23466 D cellinfo: 46 bytes from 44.241.174.93: icmp_seq=19598 ttl=26 time=97.9 ms
08-09 22:34:35.646 23352 23466 D cellinfo: 46 bytes from 44.241.174.93: icmp_seq=19599 ttl=26 time=99.9 ms
08-09 22:34:35.825 23352 23352 D cellinfo: onsignalStrengthsChanged: LTE Signal Strength info: rsrp: -90 rsrq: -15 rssi: -57 rssnr: -2
08-09 22:34:35.882 23352 23466 D cellinfo: 46 bytes from 44.241.174.93: icmp_seq=19600 ttl=26 time=135 ms
08-09 22:34:36.046 23352 23466 D cellinfo: 46 bytes from 44.241.174.93: icmp_seq=19601 ttl=26 time=98.3 ms
08-09 22:34:36.245 23352 23466 D cellinfo: 46 bytes from 44.241.174.93: icmp_seq=19602 ttl=26 time=97.5 ms
08-09 22:34:36.445 23352 23466 D cellinfo: 46 bytes from 44.241.174.93: icmp_seq=19603 ttl=26 time=97.7 ms
08-09 22:34:36.510 23352 23352 D cellinfo: onCellInfoChanged: Operator: AT&T...1 UpdateTimestamp: 110749241 CellConnectionStatus: 0
08-09 22:34:36.510 23352 23352 D cellinfo: onCellInfoChanged: LTE Cell Bands: [12] Bandwidth: 2147483647 Cell ID: 115472145 Physical Cell ID: 221 Tracking Area Code: 39181 EARFCN: 5110
08-09 22:34:36.684 23352 23466 D cellinfo: 46 bytes from 44.241.174.93: icmp_seq=19604 ttl=26 time=133 ms
08-09 22:34:36.847 23352 23466 D cellinfo: 46 bytes from 44.241.174.93: icmp_seq=19605 ttl=26 time=95.1 ms
08-09 22:34:37.046 23352 23466 D cellinfo: 46 bytes from 44.241.174.93: icmp_seq=19606 ttl=26 time=93.5 ms
08-09 22:34:37.245 23352 23466 D cellinfo: 46 bytes from 44.241.174.93: icmp_seq=19607 ttl=26 time=91.8 ms
08-09 22:34:37.447 23352 23466 D cellinfo: 46 bytes from 44.241.174.93: icmp_seq=19608 ttl=26 time=92.2 ms
08-09 22:34:37.646 23352 23466 D cellinfo: 46 bytes from 44.241.174.93: icmp_seq=19609 ttl=26 time=90.4 ms
08-09 22:34:37.846 23352 23466 D cellinfo: 46 bytes from 44.241.174.93: icmp_seq=19610 ttl=26 time=88.7 ms
08-09 22:34:38.056 23352 23466 D cellinfo: 46 bytes from 44.241.174.93: icmp_seq=19611 ttl=26 time=97.4 ms
08-09 22:34:38.256 23352 23466 D cellinfo: 46 bytes from 44.241.174.93: icmp_seq=19612 ttl=26 time=96.6 ms
08-09 22:34:38.333 23352 23352 D cellinfo: Latitude is 40.7043905
08-09 22:34:38.333 23352 23352 D cellinfo: Longitude is -111.9486297
08-09 22:34:38.333 23352 23352 D cellinfo: Instantaneous GPS information: United States, 2184 W 3100 S, West Valley City, UT 84119, USA
08-09 22:34:38.333 23352 23352 D cellinfo: getCurrentLocation() result: Location (success): 40.7043905, -111.9486297
08-09 22:34:38.336 23352 23352 D cellinfo: onsignalStrengthsChanged: LTE Signal Strength info: rsrp: -91 rsrq: -15 rssi: -57 rssnr: 0
08-09 22:34:38.484 23352 23466 D cellinfo: 46 bytes from 44.241.174.93: icmp_seq=19613 ttl=26 time=124 ms
08-09 22:34:38.683 23352 23466 D cellinfo: 46 bytes from 44.241.174.93: icmp_seq=19614 ttl=26 time=122 ms
08-09 22:34:38.884 23352 23466 D cellinfo: 46 bytes from 44.241.174.93: icmp_seq=19615 ttl=26 time=123 ms
08-09 22:34:39.084 23352 23466 D cellinfo: 46 bytes from 44.241.174.93: icmp_seq=19616 ttl=26 time=121 ms
08-09 22:34:39.284 23352 23466 D cellinfo: 46 bytes from 44.241.174.93: icmp_seq=19617 ttl=26 time=122 ms
08-09 22:34:39.432 23352 23352 D cellinfo: Latitude is 40.7043905
08-09 22:34:39.432 23352 23352 D cellinfo: Longitude is -111.9486297
08-09 22:34:39.432 23352 23352 D cellinfo: Instantaneous GPS information: United States, 2184 W 3100 S, West Valley City, UT 84119, USA
08-09 22:34:39.432 23352 23352 D cellinfo: getCurrentLocation() result: Location (success): 40.7043905, -111.9486297
08-09 22:34:39.482 23352 23466 D cellinfo: 46 bytes from 44.241.174.93: icmp_seq=19618 ttl=26 time=121 ms
08-09 22:34:39.492 23352 23352 D cellinfo: onCellInfoChanged: Operator: AT&T...1 UpdateTimestamp: 110752225 CellConnectionStatus: 0
08-09 22:34:39.492 23352 23352 D cellinfo: onCellInfoChanged: LTE Cell Bands: [12] Bandwidth: 2147483647 Cell ID: 115472145 Physical Cell ID: 221 Tracking Area Code: 39181 EARFCN: 5110
08-09 22:34:39.683 23352 23466 D cellinfo: 46 bytes from 44.241.174.93: icmp_seq=19619 ttl=26 time=120 ms
08-09 22:34:39.884 23352 23466 D cellinfo: 46 bytes from 44.241.174.93: icmp_seq=19620 ttl=26 time=120 ms
08-09 22:34:40.084 23352 23466 D cellinfo: 46 bytes from 44.241.174.93: icmp_seq=19621 ttl=26 time=120 ms
08-09 22:34:40.284 23352 23466 D cellinfo: 46 bytes from 44.241.174.93: icmp_seq=19622 ttl=26 time=120 ms
08-09 22:34:40.484 23352 23466 D cellinfo: 46 bytes from 44.241.174.93: icmp_seq=19623 ttl=26 time=119 ms
08-09 22:34:40.684 23352 23466 D cellinfo: 46 bytes from 44.241.174.93: icmp_seq=19624 ttl=26 time=118 ms
08-09 22:34:40.884 23352 23466 D cellinfo: 46 bytes from 44.241.174.93: icmp_seq=19625 ttl=26 time=117 ms
08-09 22:34:41.055 23352 23466 D cellinfo: 46 bytes from 44.241.174.93: icmp_seq=19626 ttl=26 time=89.7 ms
08-09 22:34:41.283 23352 23466 D cellinfo: 46 bytes from 44.241.174.93: icmp_seq=19627 ttl=26 time=116 ms
08-09 22:34:41.485 23352 23466 D cellinfo: 46 bytes from 44.241.174.93: icmp_seq=19628 ttl=26 time=114 ms
08-09 22:34:41.707 23352 23466 D cellinfo: 46 bytes from 44.241.174.93: icmp_seq=19629 ttl=26 time=138 ms
08-09 22:34:41.884 23352 23466 D cellinfo: 46 bytes from 44.241.174.93: icmp_seq=19630 ttl=26 time=113 ms
08-09 22:34:42.090 23352 23466 D cellinfo: 46 bytes from 44.241.174.93: icmp_seq=19631 ttl=26 time=119 ms
08-09 22:34:42.283 23352 23466 D cellinfo: 46 bytes from 44.241.174.93: icmp_seq=19632 ttl=26 time=111 ms
08-09 22:34:42.444 23352 23352 D cellinfo: Latitude is 40.7043905
08-09 22:34:42.444 23352 23352 D cellinfo: Longitude is -111.9486297
08-09 22:34:42.445 23352 23352 D cellinfo: Instantaneous GPS information: United States, 2184 W 3100 S, West Valley City, UT 84119, USA
08-09 22:34:42.445 23352 23352 D cellinfo: getCurrentLocation() result: Location (success): 40.7043905, -111.9486297
08-09 22:34:42.483 23352 23466 D cellinfo: 46 bytes from 44.241.174.93: icmp_seq=19633 ttl=26 time=111 ms
08-09 22:34:42.501 23352 23352 D cellinfo: onCellInfoChanged: Operator: AT&T...1 UpdateTimestamp: 110755220 CellConnectionStatus: 0
08-09 22:34:42.501 23352 23352 D cellinfo: onCellInfoChanged: LTE Cell Bands: [12] Bandwidth: 2147483647 Cell ID: 115472145 Physical Cell ID: 221 Tracking Area Code: 39181 EARFCN: 5110
08-09 22:34:42.683 23352 23466 D cellinfo: 46 bytes from 44.241.174.93: icmp_seq=19634 ttl=26 time=111 ms
08-09 22:34:42.884 23352 23466 D cellinfo: 46 bytes from 44.241.174.93: icmp_seq=19635 ttl=26 time=111 ms
08-09 22:34:43.084 23352 23466 D cellinfo: 46 bytes from 44.241.174.93: icmp_seq=19636 ttl=26 time=111 ms
08-09 22:34:43.284 23352 23466 D cellinfo: 46 bytes from 44.241.174.93: icmp_seq=19637 ttl=26 time=111 ms
08-09 22:34:43.454 23352 23352 D cellinfo: onCellInfoChanged: Operator: AT&T...1 UpdateTimestamp: 110756189 CellConnectionStatus: 0
08-09 22:34:43.454 23352 23352 D cellinfo: onCellInfoChanged: LTE Cell Bands: [12] Bandwidth: 2147483647 Cell ID: 115501841 Physical Cell ID: 200 Tracking Area Code: 39181 EARFCN: 5110
08-09 22:34:43.483 23352 23466 D cellinfo: 46 bytes from 44.241.174.93: icmp_seq=19638 ttl=26 time=109 ms
08-09 22:34:43.499 23352 23352 D cellinfo: onServiceStateChanged: Channel Number: 5110 Cell Bandwidths: []
08-09 22:34:43.541 23352 23352 D cellinfo: onsignalStrengthsChanged: LTE Signal Strength info: rsrp: -90 rsrq: -15 rssi: -57 rssnr: 1
08-09 22:34:43.583 23352 23352 D cellinfo: onServiceStateChanged: Channel Number: 5110 Cell Bandwidths: []
08-09 22:34:43.594 23352 23352 D cellinfo: onDisplayInfoChanged: NetworkType: LTE OverrideNetworkType: None
08-09 22:34:43.699 23352 23466 D cellinfo: 46 bytes from 44.241.174.93: icmp_seq=19639 ttl=26 time=125 ms
08-09 22:34:43.746 23352 23352 D cellinfo: onCellInfoChanged: Operator: AT&T...1 UpdateTimestamp: 110756482 CellConnectionStatus: 0
08-09 22:34:43.746 23352 23352 D cellinfo: onCellInfoChanged: LTE Cell Bands: [2] Bandwidth: 2147483647 Cell ID: 115472138 Physical Cell ID: 182 Tracking Area Code: 39181 EARFCN: 1100
08-09 22:34:43.769 23352 23352 D cellinfo: onServiceStateChanged: Channel Number: 1100 Cell Bandwidths: []
08-09 22:34:43.868 23352 23352 D cellinfo: onsignalStrengthsChanged: LTE Signal Strength info: rsrp: -91 rsrq: -15 rssi: -59 rssnr: 1
08-09 22:34:43.879 23352 23466 D cellinfo: 46 bytes from 44.241.174.93: icmp_seq=19640 ttl=26 time=103 ms
08-09 22:34:43.906 23352 23352 D cellinfo: onServiceStateChanged: Channel Number: 1100 Cell Bandwidths: []
08-09 22:34:43.910 23352 23352 D cellinfo: onDisplayInfoChanged: NetworkType: LTE OverrideNetworkType: 5G (Sub-6 GHz)
08-09 22:34:44.081 23352 23466 D cellinfo: 46 bytes from 44.241.174.93: icmp_seq=19641 ttl=26 time=105 ms
08-09 22:34:44.281 23352 23466 D cellinfo: 46 bytes from 44.241.174.93: icmp_seq=19642 ttl=26 time=105 ms
08-09 22:34:44.480 23352 23466 D cellinfo: 46 bytes from 44.241.174.93: icmp_seq=19643 ttl=26 time=104 ms
08-09 22:34:44.757 23352 23466 D cellinfo: 46 bytes from 44.241.174.93: icmp_seq=19644 ttl=26 time=180 ms
08-09 22:34:44.917 23352 23466 D cellinfo: 46 bytes from 44.241.174.93: icmp_seq=19645 ttl=26 time=140 ms
08-09 22:34:45.078 23352 23466 D cellinfo: 46 bytes from 44.241.174.93: icmp_seq=19646 ttl=26 time=98.3 ms
08-09 22:34:45.277 23352 23466 D cellinfo: 46 bytes from 44.241.174.93: icmp_seq=19647 ttl=26 time=97.1 ms
08-09 22:34:45.438 23352 23352 D cellinfo: Latitude is 40.7043905
08-09 22:34:45.439 23352 23352 D cellinfo: Longitude is -111.9486297
08-09 22:34:45.439 23352 23352 D cellinfo: Instantaneous GPS information: United States, 2184 W 3100 S, West Valley City, UT 84119, USA
08-09 22:34:45.439 23352 23352 D cellinfo: getCurrentLocation() result: Location (success): 40.7043905, -111.9486297
08-09 22:34:45.475 23352 23352 D cellinfo: onCellInfoChanged: Operator: AT&T...1 UpdateTimestamp: 110758211 CellConnectionStatus: 0
08-09 22:34:45.475 23352 23352 D cellinfo: onCellInfoChanged: LTE Cell Bands: [2] Bandwidth: 2147483647 Cell ID: 115472138 Physical Cell ID: 182 Tracking Area Code: 39181 EARFCN: 1100
08-09 22:34:45.480 23352 23466 D cellinfo: 46 bytes from 44.241.174.93: icmp_seq=19648 ttl=26 time=97.6 ms
08-09 22:34:45.680 23352 23466 D cellinfo: 46 bytes from 44.241.174.93: icmp_seq=19649 ttl=26 time=97.5 ms
08-09 22:34:45.917 23352 23466 D cellinfo: 46 bytes from 44.241.174.93: icmp_seq=19650 ttl=26 time=133 ms
08-09 22:34:46.081 23352 23466 D cellinfo: 46 bytes from 44.241.174.93: icmp_seq=19651 ttl=26 time=95.5 ms
08-09 22:34:46.279 23352 23466 D cellinfo: 46 bytes from 44.241.174.93: icmp_seq=19652 ttl=26 time=95.0 ms
08-09 22:34:46.479 23352 23466 D cellinfo: 46 bytes from 44.241.174.93: icmp_seq=19653 ttl=26 time=94.2 ms
08-09 22:34:46.679 23352 23466 D cellinfo: 46 bytes from 44.241.174.93: icmp_seq=19654 ttl=26 time=93.6 ms
08-09 22:34:46.880 23352 23466 D cellinfo: 46 bytes from 44.241.174.93: icmp_seq=19655 ttl=26 time=93.2 ms
08-09 22:34:47.033 23352 23352 D cellinfo: onsignalStrengthsChanged: LTE Signal Strength info: rsrp: -91 rsrq: -15 rssi: -55 rssnr: 0
08-09 22:34:47.081 23352 23466 D cellinfo: 46 bytes from 44.241.174.93: icmp_seq=19656 ttl=26 time=94.9 ms
08-09 22:34:47.279 23352 23466 D cellinfo: 46 bytes from 44.241.174.93: icmp_seq=19657 ttl=26 time=93.2 ms
08-09 22:34:47.497 23352 23466 D cellinfo: 46 bytes from 44.241.174.93: icmp_seq=19658 ttl=26 time=111 ms
08-09 22:34:47.681 23352 23466 D cellinfo: 46 bytes from 44.241.174.93: icmp_seq=19659 ttl=26 time=93.6 ms
08-09 22:34:47.880 23352 23466 D cellinfo: 46 bytes from 44.241.174.93: icmp_seq=19660 ttl=26 time=90.8 ms
08-09 22:34:48.083 23352 23466 D cellinfo: 46 bytes from 44.241.174.93: icmp_seq=19661 ttl=26 time=93.2 ms
08-09 22:34:48.280 23352 23466 D cellinfo: 46 bytes from 44.241.174.93: icmp_seq=19662 ttl=26 time=91.3 ms
08-09 22:34:48.481 23352 23352 D cellinfo: onCellInfoChanged: Operator: AT&T...1 UpdateTimestamp: 110761216 CellConnectionStatus: 0
08-09 22:34:48.481 23352 23352 D cellinfo: onCellInfoChanged: LTE Cell Bands: [2] Bandwidth: 2147483647 Cell ID: 115472138 Physical Cell ID: 182 Tracking Area Code: 39181 EARFCN: 1100
08-09 22:34:48.482 23352 23466 D cellinfo: 46 bytes from 44.241.174.93: icmp_seq=19663 ttl=26 time=93.2 ms
08-09 22:34:48.679 23352 23466 D cellinfo: 46 bytes from 44.241.174.93: icmp_seq=19664 ttl=26 time=90.8 ms
08-09 22:34:48.916 23352 23466 D cellinfo: 46 bytes from 44.241.174.93: icmp_seq=19665 ttl=26 time=126 ms
08-09 22:34:49.116 23352 23466 D cellinfo: 46 bytes from 44.241.174.93: icmp_seq=19666 ttl=26 time=126 ms
08-09 22:34:49.317 23352 23466 D cellinfo: 46 bytes from 44.241.174.93: icmp_seq=19667 ttl=26 time=125 ms
08-09 22:34:49.516 23352 23466 D cellinfo: 46 bytes from 44.241.174.93: icmp_seq=19668 ttl=26 time=124 ms
08-09 22:34:49.681 23352 23466 D cellinfo: 46 bytes from 44.241.174.93: icmp_seq=19669 ttl=26 time=86.4 ms
08-09 22:34:49.919 23352 23466 D cellinfo: 46 bytes from 44.241.174.93: icmp_seq=19670 ttl=26 time=121 ms
08-09 22:34:50.118 23352 23466 D cellinfo: 46 bytes from 44.241.174.93: icmp_seq=19671 ttl=26 time=119 ms
08-09 22:34:50.204 23352 23352 D cellinfo: Latitude is 40.7038789
08-09 22:34:50.204 23352 23352 D cellinfo: Longitude is -111.9489829
08-09 22:34:50.204 23352 23352 D cellinfo: Instantaneous GPS information: United States, 2210 3100 S, West Valley City, UT 84119, USA
08-09 22:34:50.204 23352 23352 D cellinfo: getCurrentLocation() result: Location (success): 40.7038789, -111.9489829
08-09 22:34:50.290 23352 23466 D cellinfo: 46 bytes from 44.241.174.93: icmp_seq=19672 ttl=26 time=91.9 ms
08-09 22:34:50.509 23352 23466 D cellinfo: 46 bytes from 44.241.174.93: icmp_seq=19673 ttl=26 time=109 ms
08-09 22:34:50.748 23352 23466 D cellinfo: 46 bytes from 44.241.174.93: icmp_seq=19674 ttl=26 time=148 ms
08-09 22:34:50.917 23352 23466 D cellinfo: 46 bytes from 44.241.174.93: icmp_seq=19675 ttl=26 time=116 ms
08-09 22:34:51.118 23352 23466 D cellinfo: 46 bytes from 44.241.174.93: icmp_seq=19676 ttl=26 time=118 ms
08-09 22:34:51.318 23352 23466 D cellinfo: 46 bytes from 44.241.174.93: icmp_seq=19677 ttl=26 time=117 ms
08-09 22:34:51.433 23352 23352 D cellinfo: Latitude is 40.7038789
08-09 22:34:51.433 23352 23352 D cellinfo: Longitude is -111.9489829
08-09 22:34:51.433 23352 23352 D cellinfo: Instantaneous GPS information: United States, 2210 3100 S, West Valley City, UT 84119, USA
08-09 22:34:51.433 23352 23352 D cellinfo: getCurrentLocation() result: Location (success): 40.7038789, -111.9489829
08-09 22:34:51.483 23352 23352 D cellinfo: onCellInfoChanged: Operator: AT&T...1 UpdateTimestamp: 110764216 CellConnectionStatus: 0
08-09 22:34:51.483 23352 23352 D cellinfo: onCellInfoChanged: LTE Cell Bands: [2] Bandwidth: 2147483647 Cell ID: 115472138 Physical Cell ID: 182 Tracking Area Code: 39181 EARFCN: 1100
08-09 22:34:51.516 23352 23466 D cellinfo: 46 bytes from 44.241.174.93: icmp_seq=19678 ttl=26 time=115 ms
08-09 22:34:51.719 23352 23466 D cellinfo: 46 bytes from 44.241.174.93: icmp_seq=19679 ttl=26 time=117 ms
08-09 22:34:51.917 23352 23466 D cellinfo: 46 bytes from 44.241.174.93: icmp_seq=19680 ttl=26 time=113 ms
08-09 22:34:52.126 23352 23466 D cellinfo: 46 bytes from 44.241.174.93: icmp_seq=19681 ttl=26 time=122 ms
08-09 22:34:52.317 23352 23466 D cellinfo: 46 bytes from 44.241.174.93: icmp_seq=19682 ttl=26 time=112 ms
08-09 22:34:52.516 23352 23466 D cellinfo: 46 bytes from 44.241.174.93: icmp_seq=19683 ttl=26 time=110 ms
08-09 22:34:52.760 23352 23466 D cellinfo: 46 bytes from 44.241.174.93: icmp_seq=19684 ttl=26 time=151 ms
08-09 22:34:52.917 23352 23466 D cellinfo: 46 bytes from 44.241.174.93: icmp_seq=19685 ttl=26 time=108 ms
08-09 22:34:53.127 23352 23466 D cellinfo: 46 bytes from 44.241.174.93: icmp_seq=19686 ttl=26 time=116 ms
08-09 22:34:53.319 23352 23466 D cellinfo: 46 bytes from 44.241.174.93: icmp_seq=19687 ttl=26 time=106 ms
08-09 22:34:53.520 23352 23466 D cellinfo: 46 bytes from 44.241.174.93: icmp_seq=19688 ttl=26 time=105 ms
08-09 22:34:53.717 23352 23466 D cellinfo: 46 bytes from 44.241.174.93: icmp_seq=19689 ttl=26 time=103 ms
08-09 22:34:53.920 23352 23466 D cellinfo: 46 bytes from 44.241.174.93: icmp_seq=19690 ttl=26 time=105 ms
08-09 22:34:54.118 23352 23466 D cellinfo: 46 bytes from 44.241.174.93: icmp_seq=19691 ttl=26 time=104 ms
08-09 22:34:54.320 23352 23466 D cellinfo: 46 bytes from 44.241.174.93: icmp_seq=19692 ttl=26 time=103 ms
08-09 22:34:54.434 23352 23352 D cellinfo: Latitude is 40.7038789
08-09 22:34:54.434 23352 23352 D cellinfo: Longitude is -111.9489829
08-09 22:34:54.434 23352 23352 D cellinfo: Instantaneous GPS information: United States, 2210 3100 S, West Valley City, UT 84119, USA
08-09 22:34:54.434 23352 23352 D cellinfo: getCurrentLocation() result: Location (success): 40.7038789, -111.9489829
08-09 22:34:54.492 23352 23352 D cellinfo: onCellInfoChanged: Operator: AT&T...1 UpdateTimestamp: 110767229 CellConnectionStatus: 0
08-09 22:34:54.492 23352 23352 D cellinfo: onCellInfoChanged: LTE Cell Bands: [2] Bandwidth: 2147483647 Cell ID: 115472138 Physical Cell ID: 182 Tracking Area Code: 39181 EARFCN: 1100
08-09 22:34:54.520 23352 23466 D cellinfo: 46 bytes from 44.241.174.93: icmp_seq=19693 ttl=26 time=103 ms
08-09 22:34:54.717 23352 23466 D cellinfo: 46 bytes from 44.241.174.93: icmp_seq=19694 ttl=26 time=98.4 ms
08-09 22:34:54.958 23352 23466 D cellinfo: 46 bytes from 44.241.174.93: icmp_seq=19695 ttl=26 time=137 ms
08-09 22:34:55.119 23352 23466 D cellinfo: 46 bytes from 44.241.174.93: icmp_seq=19696 ttl=26 time=98.1 ms
08-09 22:34:55.320 23352 23466 D cellinfo: 46 bytes from 44.241.174.93: icmp_seq=19697 ttl=26 time=96.8 ms
08-09 22:34:55.520 23352 23466 D cellinfo: 46 bytes from 44.241.174.93: icmp_seq=19698 ttl=26 time=96.2 ms
08-09 22:34:55.721 23352 23466 D cellinfo: 46 bytes from 44.241.174.93: icmp_seq=19699 ttl=26 time=95.5 ms
08-09 22:34:55.921 23352 23466 D cellinfo: 46 bytes from 44.241.174.93: icmp_seq=19700 ttl=26 time=94.6 ms
08-09 22:34:56.002 23352 23352 D cellinfo: onsignalStrengthsChanged: LTE Signal Strength info: rsrp: -94 rsrq: -18 rssi: -55 rssnr: -3
08-09 22:34:56.121 23352 23466 D cellinfo: 46 bytes from 44.241.174.93: icmp_seq=19701 ttl=26 time=93.6 ms
08-09 22:34:56.320 23352 23466 D cellinfo: 46 bytes from 44.241.174.93: icmp_seq=19702 ttl=26 time=92.2 ms
08-09 22:34:56.519 23352 23466 D cellinfo: 46 bytes from 44.241.174.93: icmp_seq=19703 ttl=26 time=91.8 ms
08-09 22:34:56.721 23352 23466 D cellinfo: 46 bytes from 44.241.174.93: icmp_seq=19704 ttl=26 time=90.6 ms
08-09 22:34:56.960 23352 23466 D cellinfo: 46 bytes from 44.241.174.93: icmp_seq=19705 ttl=26 time=129 ms
08-09 22:34:57.157 23352 23466 D cellinfo: 46 bytes from 44.241.174.93: icmp_seq=19706 ttl=26 time=127 ms
08-09 22:34:57.358 23352 23466 D cellinfo: 46 bytes from 44.241.174.93: icmp_seq=19707 ttl=26 time=127 ms
08-09 22:34:57.432 23352 23352 D cellinfo: Latitude is 40.7038789
08-09 22:34:57.432 23352 23352 D cellinfo: Longitude is -111.9489829
08-09 22:34:57.432 23352 23352 D cellinfo: Instantaneous GPS information: United States, 2210 3100 S, West Valley City, UT 84119, USA
08-09 22:34:57.432 23352 23352 D cellinfo: getCurrentLocation() result: Location (success): 40.7038789, -111.9489829
08-09 22:34:57.483 23352 23352 D cellinfo: onCellInfoChanged: Operator: AT&T...1 UpdateTimestamp: 110770220 CellConnectionStatus: 0
08-09 22:34:57.483 23352 23352 D cellinfo: onCellInfoChanged: LTE Cell Bands: [2] Bandwidth: 2147483647 Cell ID: 115472138 Physical Cell ID: 182 Tracking Area Code: 39181 EARFCN: 1100
08-09 22:34:57.557 23352 23466 D cellinfo: 46 bytes from 44.241.174.93: icmp_seq=19708 ttl=26 time=125 ms
08-09 22:34:57.720 23352 23466 D cellinfo: 46 bytes from 44.241.174.93: icmp_seq=19709 ttl=26 time=87.2 ms
08-09 22:34:57.965 23352 23466 D cellinfo: 46 bytes from 44.241.174.93: icmp_seq=19710 ttl=26 time=132 ms
08-09 22:34:58.166 23352 23466 D cellinfo: 46 bytes from 44.241.174.93: icmp_seq=19711 ttl=26 time=130 ms
08-09 22:34:58.357 23352 23466 D cellinfo: 46 bytes from 44.241.174.93: icmp_seq=19712 ttl=26 time=122 ms
08-09 22:34:58.557 23352 23466 D cellinfo: 46 bytes from 44.241.174.93: icmp_seq=19713 ttl=26 time=120 ms
08-09 22:34:58.729 23352 23466 D cellinfo: 46 bytes from 44.241.174.93: icmp_seq=19714 ttl=26 time=90.7 ms
08-09 22:34:58.957 23352 23466 D cellinfo: 46 bytes from 44.241.174.93: icmp_seq=19715 ttl=26 time=118 ms
08-09 22:34:59.158 23352 23466 D cellinfo: 46 bytes from 44.241.174.93: icmp_seq=19716 ttl=26 time=118 ms
08-09 22:34:59.357 23352 23466 D cellinfo: 46 bytes from 44.241.174.93: icmp_seq=19717 ttl=26 time=116 ms
08-09 22:34:59.557 23352 23466 D cellinfo: 46 bytes from 44.241.174.93: icmp_seq=19718 ttl=26 time=116 ms
08-09 22:34:59.757 23352 23466 D cellinfo: 46 bytes from 44.241.174.93: icmp_seq=19719 ttl=26 time=116 ms
08-09 22:34:59.965 23352 23466 D cellinfo: 46 bytes from 44.241.174.93: icmp_seq=19720 ttl=26 time=122 ms
08-09 22:35:00.156 23352 23466 D cellinfo: 46 bytes from 44.241.174.93: icmp_seq=19721 ttl=26 time=114 ms
08-09 22:35:00.357 23352 23466 D cellinfo: 46 bytes from 44.241.174.93: icmp_seq=19722 ttl=26 time=115 ms
08-09 22:35:00.477 23352 23352 D cellinfo: onCellInfoChanged: Operator: AT&T...1 UpdateTimestamp: 110773215 CellConnectionStatus: 0
08-09 22:35:00.477 23352 23352 D cellinfo: onCellInfoChanged: LTE Cell Bands: [2] Bandwidth: 2147483647 Cell ID: 115472138 Physical Cell ID: 182 Tracking Area Code: 39181 EARFCN: 1100
08-09 22:35:00.556 23352 23466 D cellinfo: 46 bytes from 44.241.174.93: icmp_seq=19723 ttl=26 time=113 ms
08-09 22:35:00.757 23352 23466 D cellinfo: 46 bytes from 44.241.174.93: icmp_seq=19724 ttl=26 time=113 ms
08-09 22:35:00.957 23352 23466 D cellinfo: 46 bytes from 44.241.174.93: icmp_seq=19725 ttl=26 time=111 ms
08-09 22:35:01.150 23352 23466 D cellinfo: 46 bytes from 44.241.174.93: icmp_seq=19726 ttl=26 time=103 ms
08-09 22:35:01.398 23352 23466 D cellinfo: 46 bytes from 44.241.174.93: icmp_seq=19727 ttl=26 time=150 ms
08-09 22:35:01.556 23352 23466 D cellinfo: 46 bytes from 44.241.174.93: icmp_seq=19728 ttl=26 time=109 ms
08-09 22:35:01.758 23352 23466 D cellinfo: 46 bytes from 44.241.174.93: icmp_seq=19729 ttl=26 time=107 ms
08-09 22:35:01.950 23352 23466 D cellinfo: 46 bytes from 44.241.174.93: icmp_seq=19730 ttl=26 time=98.1 ms
08-09 22:35:02.160 23352 23466 D cellinfo: 46 bytes from 44.241.174.93: icmp_seq=19731 ttl=26 time=105 ms
08-09 22:35:02.246 23352 23352 D cellinfo: Latitude is 40.7040281
08-09 22:35:02.246 23352 23352 D cellinfo: Longitude is -111.9498608
08-09 22:35:02.246 23352 23352 D cellinfo: Instantaneous GPS information: United States, 3078 Decker Lake Dr, West Valley City, UT 84119, USA
08-09 22:35:02.246 23352 23352 D cellinfo: getCurrentLocation() result: Location (success): 40.7040281, -111.9498608
08-09 22:35:02.357 23352 23466 D cellinfo: 46 bytes from 44.241.174.93: icmp_seq=19732 ttl=26 time=102 ms
08-09 22:35:02.560 23352 23466 D cellinfo: 46 bytes from 44.241.174.93: icmp_seq=19733 ttl=26 time=105 ms
08-09 22:35:02.759 23352 23466 D cellinfo: 46 bytes from 44.241.174.93: icmp_seq=19734 ttl=26 time=104 ms
08-09 22:35:02.968 23352 23466 D cellinfo: 46 bytes from 44.241.174.93: icmp_seq=19735 ttl=26 time=111 ms
08-09 22:35:03.198 23352 23466 D cellinfo: 46 bytes from 44.241.174.93: icmp_seq=19736 ttl=26 time=139 ms
08-09 22:35:03.398 23352 23466 D cellinfo: 46 bytes from 44.241.174.93: icmp_seq=19737 ttl=26 time=139 ms
08-09 22:35:03.438 23352 23352 D cellinfo: Latitude is 40.7040281
08-09 22:35:03.438 23352 23352 D cellinfo: Longitude is -111.9498608
08-09 22:35:03.438 23352 23352 D cellinfo: Instantaneous GPS information: United States, 3078 Decker Lake Dr, West Valley City, UT 84119, USA
08-09 22:35:03.439 23352 23352 D cellinfo: getCurrentLocation() result: Location (success): 40.7040281, -111.9498608
08-09 22:35:03.506 23352 23352 D cellinfo: onCellInfoChanged: Operator: AT&T...1 UpdateTimestamp: 110776243 CellConnectionStatus: 0
08-09 22:35:03.506 23352 23352 D cellinfo: onCellInfoChanged: LTE Cell Bands: [2] Bandwidth: 2147483647 Cell ID: 115472138 Physical Cell ID: 182 Tracking Area Code: 39181 EARFCN: 1100
08-09 22:35:03.559 23352 23466 D cellinfo: 46 bytes from 44.241.174.93: icmp_seq=19738 ttl=26 time=100 ms
08-09 22:35:03.761 23352 23466 D cellinfo: 46 bytes from 44.241.174.93: icmp_seq=19739 ttl=26 time=101 ms
08-09 22:35:03.959 23352 23466 D cellinfo: 46 bytes from 44.241.174.93: icmp_seq=19740 ttl=26 time=100 ms
08-09 22:35:04.158 23352 23466 D cellinfo: 46 bytes from 44.241.174.93: icmp_seq=19741 ttl=26 time=97.1 ms
08-09 22:35:04.360 23352 23466 D cellinfo: 46 bytes from 44.241.174.93: icmp_seq=19742 ttl=26 time=96.1 ms
08-09 22:35:04.559 23352 23466 D cellinfo: 46 bytes from 44.241.174.93: icmp_seq=19743 ttl=26 time=95.4 ms
08-09 22:35:04.797 23352 23466 D cellinfo: 46 bytes from 44.241.174.93: icmp_seq=19744 ttl=26 time=132 ms
08-09 22:35:04.958 23352 23466 D cellinfo: 46 bytes from 44.241.174.93: icmp_seq=19745 ttl=26 time=94.0 ms
08-09 22:35:05.158 23352 23466 D cellinfo: 46 bytes from 44.241.174.93: icmp_seq=19746 ttl=26 time=92.6 ms
08-09 22:35:05.358 23352 23466 D cellinfo: 46 bytes from 44.241.174.93: icmp_seq=19747 ttl=26 time=92.1 ms
08-09 22:35:05.560 23352 23466 D cellinfo: 46 bytes from 44.241.174.93: icmp_seq=19748 ttl=26 time=92.2 ms
08-09 22:35:05.797 23352 23466 D cellinfo: 46 bytes from 44.241.174.93: icmp_seq=19749 ttl=26 time=128 ms
08-09 22:35:05.958 23352 23466 D cellinfo: 46 bytes from 44.241.174.93: icmp_seq=19750 ttl=26 time=89.7 ms
08-09 22:35:06.198 23352 23466 D cellinfo: 46 bytes from 44.241.174.93: icmp_seq=19751 ttl=26 time=129 ms
08-09 22:35:06.398 23352 23466 D cellinfo: 46 bytes from 44.241.174.93: icmp_seq=19752 ttl=26 time=128 ms
08-09 22:35:06.436 23352 23352 D cellinfo: Latitude is 40.7040281
08-09 22:35:06.436 23352 23352 D cellinfo: Longitude is -111.9498608
08-09 22:35:06.437 23352 23352 D cellinfo: Instantaneous GPS information: United States, 3078 Decker Lake Dr, West Valley City, UT 84119, USA
08-09 22:35:06.437 23352 23352 D cellinfo: getCurrentLocation() result: Location (success): 40.7040281, -111.9498608
08-09 22:35:06.492 23352 23352 D cellinfo: onCellInfoChanged: Operator: AT&T...1 UpdateTimestamp: 110779229 CellConnectionStatus: 0
08-09 22:35:06.492 23352 23352 D cellinfo: onCellInfoChanged: LTE Cell Bands: [2] Bandwidth: 2147483647 Cell ID: 115472138 Physical Cell ID: 182 Tracking Area Code: 39181 EARFCN: 1100
08-09 22:35:06.599 23352 23466 D cellinfo: 46 bytes from 44.241.174.93: icmp_seq=19753 ttl=26 time=127 ms
08-09 22:35:06.798 23352 23466 D cellinfo: 46 bytes from 44.241.174.93: icmp_seq=19754 ttl=26 time=124 ms
08-09 22:35:06.997 23352 23466 D cellinfo: 46 bytes from 44.241.174.93: icmp_seq=19755 ttl=26 time=123 ms
08-09 22:35:07.197 23352 23466 D cellinfo: 46 bytes from 44.241.174.93: icmp_seq=19756 ttl=26 time=122 ms
08-09 22:35:07.368 23352 23466 D cellinfo: 46 bytes from 44.241.174.93: icmp_seq=19757 ttl=26 time=93.6 ms
08-09 22:35:07.597 23352 23466 D cellinfo: 46 bytes from 44.241.174.93: icmp_seq=19758 ttl=26 time=120 ms
08-09 22:35:07.797 23352 23466 D cellinfo: 46 bytes from 44.241.174.93: icmp_seq=19759 ttl=26 time=119 ms
08-09 22:35:07.998 23352 23466 D cellinfo: 46 bytes from 44.241.174.93: icmp_seq=19760 ttl=26 time=119 ms
08-09 22:35:08.198 23352 23466 D cellinfo: 46 bytes from 44.241.174.93: icmp_seq=19761 ttl=26 time=119 ms
08-09 22:35:08.398 23352 23466 D cellinfo: 46 bytes from 44.241.174.93: icmp_seq=19762 ttl=26 time=118 ms
08-09 22:35:08.597 23352 23466 D cellinfo: 46 bytes from 44.241.174.93: icmp_seq=19763 ttl=26 time=117 ms
08-09 22:35:08.796 23352 23466 D cellinfo: 46 bytes from 44.241.174.93: icmp_seq=19764 ttl=26 time=116 ms
08-09 22:35:08.997 23352 23466 D cellinfo: 46 bytes from 44.241.174.93: icmp_seq=19765 ttl=26 time=116 ms
08-09 22:35:09.198 23352 23466 D cellinfo: 46 bytes from 44.241.174.93: icmp_seq=19766 ttl=26 time=115 ms
08-09 22:35:09.404 23352 23466 D cellinfo: 46 bytes from 44.241.174.93: icmp_seq=19767 ttl=26 time=121 ms
08-09 22:35:09.434 23352 23352 D cellinfo: Latitude is 40.7040281
08-09 22:35:09.434 23352 23352 D cellinfo: Longitude is -111.9498608
08-09 22:35:09.434 23352 23352 D cellinfo: Instantaneous GPS information: United States, 3078 Decker Lake Dr, West Valley City, UT 84119, USA
08-09 22:35:09.434 23352 23352 D cellinfo: getCurrentLocation() result: Location (success): 40.7040281, -111.9498608
08-09 22:35:09.489 23352 23352 D cellinfo: onCellInfoChanged: Operator: AT&T...1 UpdateTimestamp: 110782227 CellConnectionStatus: 0
08-09 22:35:09.489 23352 23352 D cellinfo: onCellInfoChanged: LTE Cell Bands: [2] Bandwidth: 2147483647 Cell ID: 115472138 Physical Cell ID: 182 Tracking Area Code: 39181 EARFCN: 1100
08-09 22:35:09.596 23352 23466 D cellinfo: 46 bytes from 44.241.174.93: icmp_seq=19768 ttl=26 time=113 ms
08-09 22:35:09.797 23352 23466 D cellinfo: 46 bytes from 44.241.174.93: icmp_seq=19769 ttl=26 time=113 ms
08-09 22:35:09.997 23352 23466 D cellinfo: 46 bytes from 44.241.174.93: icmp_seq=19770 ttl=26 time=113 ms
08-09 22:35:10.197 23352 23466 D cellinfo: 46 bytes from 44.241.174.93: icmp_seq=19771 ttl=26 time=111 ms
08-09 22:35:10.397 23352 23466 D cellinfo: 46 bytes from 44.241.174.93: icmp_seq=19772 ttl=26 time=110 ms
08-09 22:35:10.596 23352 23466 D cellinfo: 46 bytes from 44.241.174.93: icmp_seq=19773 ttl=26 time=108 ms
08-09 22:35:10.797 23352 23466 D cellinfo: 46 bytes from 44.241.174.93: icmp_seq=19774 ttl=26 time=109 ms
08-09 22:35:11.037 23352 23466 D cellinfo: 46 bytes from 44.241.174.93: icmp_seq=19775 ttl=26 time=148 ms
08-09 22:35:11.196 23352 23466 D cellinfo: 46 bytes from 44.241.174.93: icmp_seq=19776 ttl=26 time=108 ms
08-09 22:35:11.314 23352 23352 D cellinfo: onsignalStrengthsChanged: LTE Signal Strength info: rsrp: -93 rsrq: -17 rssi: -57 rssnr: -2
08-09 22:35:11.399 23352 23466 D cellinfo: 46 bytes from 44.241.174.93: icmp_seq=19777 ttl=26 time=110 ms
08-09 22:35:11.599 23352 23466 D cellinfo: 46 bytes from 44.241.174.93: icmp_seq=19778 ttl=26 time=109 ms
08-09 22:35:11.799 23352 23466 D cellinfo: 46 bytes from 44.241.174.93: icmp_seq=19779 ttl=26 time=109 ms
08-09 22:35:12.038 23352 23466 D cellinfo: 46 bytes from 44.241.174.93: icmp_seq=19780 ttl=26 time=144 ms
08-09 22:35:12.229 23352 23466 D cellinfo: 46 bytes from 44.241.174.93: icmp_seq=19781 ttl=26 time=136 ms
08-09 22:35:12.398 23352 23466 D cellinfo: 46 bytes from 44.241.174.93: icmp_seq=19782 ttl=26 time=105 ms
08-09 22:35:12.484 23352 23352 D cellinfo: onCellInfoChanged: Operator: AT&T...1 UpdateTimestamp: 110785220 CellConnectionStatus: 0
08-09 22:35:12.484 23352 23352 D cellinfo: onCellInfoChanged: LTE Cell Bands: [2] Bandwidth: 2147483647 Cell ID: 115472138 Physical Cell ID: 182 Tracking Area Code: 39181 EARFCN: 1100
08-09 22:35:12.598 23352 23466 D cellinfo: 46 bytes from 44.241.174.93: icmp_seq=19783 ttl=26 time=105 ms
08-09 22:35:12.800 23352 23466 D cellinfo: 46 bytes from 44.241.174.93: icmp_seq=19784 ttl=26 time=105 ms
08-09 22:35:12.998 23352 23466 D cellinfo: 46 bytes from 44.241.174.93: icmp_seq=19785 ttl=26 time=102 ms
08-09 22:35:13.199 23352 23466 D cellinfo: 46 bytes from 44.241.174.93: icmp_seq=19786 ttl=26 time=101 ms
08-09 22:35:13.410 23352 23466 D cellinfo: 46 bytes from 44.241.174.93: icmp_seq=19787 ttl=26 time=112 ms
08-09 22:35:13.599 23352 23466 D cellinfo: 46 bytes from 44.241.174.93: icmp_seq=19788 ttl=26 time=100 ms
08-09 22:35:13.799 23352 23466 D cellinfo: 46 bytes from 44.241.174.93: icmp_seq=19789 ttl=26 time=100 ms
08-09 22:35:14.001 23352 23466 D cellinfo: 46 bytes from 44.241.174.93: icmp_seq=19790 ttl=26 time=99.6 ms
08-09 22:35:14.216 23352 23466 D cellinfo: 46 bytes from 44.241.174.93: icmp_seq=19791 ttl=26 time=114 ms
08-09 22:35:14.401 23352 23466 D cellinfo: 46 bytes from 44.241.174.93: icmp_seq=19792 ttl=26 time=98.4 ms
08-09 22:35:14.410 23352 23352 D cellinfo: Latitude is 40.7039986
08-09 22:35:14.410 23352 23352 D cellinfo: Longitude is -111.949951
08-09 22:35:14.410 23352 23352 D cellinfo: Instantaneous GPS information: United States, 3078 Decker Lake Dr, West Valley City, UT 84119, USA
08-09 22:35:14.410 23352 23352 D cellinfo: getCurrentLocation() result: Location (success): 40.7039986, -111.949951
08-09 22:35:14.598 23352 23466 D cellinfo: 46 bytes from 44.241.174.93: icmp_seq=19793 ttl=26 time=95.0 ms
08-09 22:35:14.799 23352 23466 D cellinfo: 46 bytes from 44.241.174.93: icmp_seq=19794 ttl=26 time=94.1 ms
08-09 22:35:15.001 23352 23466 D cellinfo: 46 bytes from 44.241.174.93: icmp_seq=19795 ttl=26 time=92.0 ms
08-09 22:35:15.200 23352 23466 D cellinfo: 46 bytes from 44.241.174.93: icmp_seq=19796 ttl=26 time=91.9 ms
08-09 22:35:15.407 23352 23466 D cellinfo: 46 bytes from 44.241.174.93: icmp_seq=19797 ttl=26 time=98.5 ms
08-09 22:35:15.432 23352 23352 D cellinfo: Latitude is 40.7039986
08-09 22:35:15.432 23352 23352 D cellinfo: Longitude is -111.949951
08-09 22:35:15.432 23352 23352 D cellinfo: Instantaneous GPS information: United States, 3078 Decker Lake Dr, West Valley City, UT 84119, USA
08-09 22:35:15.432 23352 23352 D cellinfo: getCurrentLocation() result: Location (success): 40.7039986, -111.949951
08-09 22:35:15.484 23352 23352 D cellinfo: onCellInfoChanged: Operator: AT&T...1 UpdateTimestamp: 110788223 CellConnectionStatus: 0
08-09 22:35:15.484 23352 23352 D cellinfo: onCellInfoChanged: LTE Cell Bands: [2] Bandwidth: 2147483647 Cell ID: 115472138 Physical Cell ID: 182 Tracking Area Code: 39181 EARFCN: 1100
08-09 22:35:15.616 23352 23466 D cellinfo: 46 bytes from 44.241.174.93: icmp_seq=19798 ttl=26 time=106 ms
08-09 22:35:15.839 23352 23466 D cellinfo: 46 bytes from 44.241.174.93: icmp_seq=19799 ttl=26 time=126 ms
08-09 22:35:16.038 23352 23466 D cellinfo: 46 bytes from 44.241.174.93: icmp_seq=19800 ttl=26 time=125 ms
08-09 22:35:16.239 23352 23466 D cellinfo: 46 bytes from 44.241.174.93: icmp_seq=19801 ttl=26 time=125 ms
08-09 22:35:16.439 23352 23466 D cellinfo: 46 bytes from 44.241.174.93: icmp_seq=19802 ttl=26 time=125 ms
08-09 22:35:16.638 23352 23466 D cellinfo: 46 bytes from 44.241.174.93: icmp_seq=19803 ttl=26 time=122 ms
08-09 22:35:16.838 23352 23466 D cellinfo: 46 bytes from 44.241.174.93: icmp_seq=19804 ttl=26 time=121 ms
08-09 22:35:17.038 23352 23466 D cellinfo: 46 bytes from 44.241.174.93: icmp_seq=19805 ttl=26 time=121 ms
08-09 22:35:17.238 23352 23466 D cellinfo: 46 bytes from 44.241.174.93: icmp_seq=19806 ttl=26 time=120 ms
08-09 22:35:17.438 23352 23466 D cellinfo: 46 bytes from 44.241.174.93: icmp_seq=19807 ttl=26 time=119 ms
08-09 22:35:17.639 23352 23466 D cellinfo: 46 bytes from 44.241.174.93: icmp_seq=19808 ttl=26 time=120 ms
08-09 22:35:17.840 23352 23466 D cellinfo: 46 bytes from 44.241.174.93: icmp_seq=19809 ttl=26 time=119 ms
08-09 22:35:18.038 23352 23466 D cellinfo: 46 bytes from 44.241.174.93: icmp_seq=19810 ttl=26 time=115 ms
08-09 22:35:18.239 23352 23466 D cellinfo: 46 bytes from 44.241.174.93: icmp_seq=19811 ttl=26 time=116 ms
08-09 22:35:18.388 23352 23352 D cellinfo: onsignalStrengthsChanged: LTE Signal Strength info: rsrp: -92 rsrq: -16 rssi: -55 rssnr: 0
08-09 22:35:18.436 23352 23352 D cellinfo: Latitude is 40.7039986
08-09 22:35:18.437 23352 23352 D cellinfo: Longitude is -111.949951
08-09 22:35:18.437 23352 23352 D cellinfo: Instantaneous GPS information: United States, 3078 Decker Lake Dr, West Valley City, UT 84119, USA
08-09 22:35:18.437 23352 23352 D cellinfo: getCurrentLocation() result: Location (success): 40.7039986, -111.949951
08-09 22:35:18.439 23352 23466 D cellinfo: 46 bytes from 44.241.174.93: icmp_seq=19812 ttl=26 time=114 ms
08-09 22:35:18.491 23352 23352 D cellinfo: onCellInfoChanged: Operator: AT&T...1 UpdateTimestamp: 110791228 CellConnectionStatus: 0
08-09 22:35:18.492 23352 23352 D cellinfo: onCellInfoChanged: LTE Cell Bands: [2] Bandwidth: 2147483647 Cell ID: 115472138 Physical Cell ID: 182 Tracking Area Code: 39181 EARFCN: 1100
08-09 22:35:18.637 23352 23466 D cellinfo: 46 bytes from 44.241.174.93: icmp_seq=19813 ttl=26 time=113 ms
08-09 22:35:18.837 23352 23466 D cellinfo: 46 bytes from 44.241.174.93: icmp_seq=19814 ttl=26 time=112 ms
08-09 22:35:19.038 23352 23466 D cellinfo: 46 bytes from 44.241.174.93: icmp_seq=19815 ttl=26 time=112 ms
08-09 22:35:19.237 23352 23466 D cellinfo: 46 bytes from 44.241.174.93: icmp_seq=19816 ttl=26 time=111 ms
08-09 22:35:19.439 23352 23466 D cellinfo: 46 bytes from 44.241.174.93: icmp_seq=19817 ttl=26 time=112 ms
08-09 22:35:19.638 23352 23466 D cellinfo: 46 bytes from 44.241.174.93: icmp_seq=19818 ttl=26 time=111 ms
08-09 22:35:19.836 23352 23466 D cellinfo: 46 bytes from 44.241.174.93: icmp_seq=19819 ttl=26 time=110 ms
08-09 22:35:20.117 23352 23466 D cellinfo: 46 bytes from 44.241.174.93: icmp_seq=19820 ttl=26 time=189 ms
08-09 22:35:20.236 23352 23466 D cellinfo: 46 bytes from 44.241.174.93: icmp_seq=19821 ttl=26 time=110 ms
08-09 22:35:20.318 23352 23352 D cellinfo: onsignalStrengthsChanged: LTE Signal Strength info: rsrp: -92 rsrq: -16 rssi: -57 rssnr: 0
08-09 22:35:20.437 23352 23466 D cellinfo: 46 bytes from 44.241.174.93: icmp_seq=19822 ttl=26 time=110 ms
08-09 22:35:20.624 23352 23352 D cellinfo: onsignalStrengthsChanged: LTE Signal Strength info: rsrp: -91 rsrq: -16 rssi: -57 rssnr: 0
08-09 22:35:20.638 23352 23466 D cellinfo: 46 bytes from 44.241.174.93: icmp_seq=19823 ttl=26 time=110 ms
08-09 22:35:20.839 23352 23466 D cellinfo: 46 bytes from 44.241.174.93: icmp_seq=19824 ttl=26 time=111 ms
08-09 22:35:21.037 23352 23466 D cellinfo: 46 bytes from 44.241.174.93: icmp_seq=19825 ttl=26 time=109 ms
08-09 22:35:21.237 23352 23466 D cellinfo: 46 bytes from 44.241.174.93: icmp_seq=19826 ttl=26 time=109 ms
08-09 22:35:21.432 23352 23352 D cellinfo: Latitude is 40.7039986
08-09 22:35:21.432 23352 23352 D cellinfo: Longitude is -111.949951
08-09 22:35:21.432 23352 23352 D cellinfo: Instantaneous GPS information: United States, 3078 Decker Lake Dr, West Valley City, UT 84119, USA
08-09 22:35:21.432 23352 23352 D cellinfo: getCurrentLocation() result: Location (success): 40.7039986, -111.949951
08-09 22:35:21.437 23352 23466 D cellinfo: 46 bytes from 44.241.174.93: icmp_seq=19827 ttl=26 time=108 ms
08-09 22:35:21.491 23352 23352 D cellinfo: onCellInfoChanged: Operator: AT&T...1 UpdateTimestamp: 110794229 CellConnectionStatus: 0
08-09 22:35:21.491 23352 23352 D cellinfo: onCellInfoChanged: LTE Cell Bands: [2] Bandwidth: 2147483647 Cell ID: 115472138 Physical Cell ID: 182 Tracking Area Code: 39181 EARFCN: 1100
08-09 22:35:21.677 23352 23466 D cellinfo: 46 bytes from 44.241.174.93: icmp_seq=19828 ttl=26 time=147 ms
08-09 22:35:21.837 23352 23466 D cellinfo: 46 bytes from 44.241.174.93: icmp_seq=19829 ttl=26 time=107 ms
08-09 22:35:22.037 23352 23466 D cellinfo: 46 bytes from 44.241.174.93: icmp_seq=19830 ttl=26 time=106 ms
08-09 22:35:22.236 23352 23466 D cellinfo: 46 bytes from 44.241.174.93: icmp_seq=19831 ttl=26 time=105 ms
08-09 22:35:22.437 23352 23466 D cellinfo: 46 bytes from 44.241.174.93: icmp_seq=19832 ttl=26 time=104 ms
08-09 22:35:22.637 23352 23466 D cellinfo: 46 bytes from 44.241.174.93: icmp_seq=19833 ttl=26 time=102 ms
08-09 22:35:22.837 23352 23466 D cellinfo: 46 bytes from 44.241.174.93: icmp_seq=19834 ttl=26 time=101 ms
08-09 22:35:22.868 23352 23352 D cellinfo: onsignalStrengthsChanged: LTE Signal Strength info: rsrp: -91 rsrq: -15 rssi: -59 rssnr: 0
08-09 22:35:23.037 23352 23466 D cellinfo: 46 bytes from 44.241.174.93: icmp_seq=19835 ttl=26 time=101 ms
08-09 22:35:23.237 23352 23466 D cellinfo: 46 bytes from 44.241.174.93: icmp_seq=19836 ttl=26 time=101 ms
08-09 22:35:23.436 23352 23466 D cellinfo: 46 bytes from 44.241.174.93: icmp_seq=19837 ttl=26 time=100 ms
08-09 22:35:23.636 23352 23466 D cellinfo: 46 bytes from 44.241.174.93: icmp_seq=19838 ttl=26 time=100 ms
08-09 22:35:23.836 23352 23466 D cellinfo: 46 bytes from 44.241.174.93: icmp_seq=19839 ttl=26 time=99.5 ms
08-09 22:35:24.038 23352 23466 D cellinfo: 46 bytes from 44.241.174.93: icmp_seq=19840 ttl=26 time=99.2 ms
08-09 22:35:24.237 23352 23466 D cellinfo: 46 bytes from 44.241.174.93: icmp_seq=19841 ttl=26 time=99.5 ms
08-09 22:35:24.437 23352 23466 D cellinfo: 46 bytes from 44.241.174.93: icmp_seq=19842 ttl=26 time=99.2 ms
08-09 22:35:24.487 23352 23352 D cellinfo: onCellInfoChanged: Operator: AT&T...1 UpdateTimestamp: 110797220 CellConnectionStatus: 0
08-09 22:35:24.487 23352 23352 D cellinfo: onCellInfoChanged: LTE Cell Bands: [2] Bandwidth: 2147483647 Cell ID: 115472138 Physical Cell ID: 182 Tracking Area Code: 39181 EARFCN: 1100
08-09 22:35:24.637 23352 23466 D cellinfo: 46 bytes from 44.241.174.93: icmp_seq=19843 ttl=26 time=97.6 ms
08-09 22:35:24.840 23352 23466 D cellinfo: 46 bytes from 44.241.174.93: icmp_seq=19844 ttl=26 time=99.0 ms
08-09 22:35:25.039 23352 23466 D cellinfo: 46 bytes from 44.241.174.93: icmp_seq=19845 ttl=26 time=98.4 ms
08-09 22:35:25.240 23352 23466 D cellinfo: 46 bytes from 44.241.174.93: icmp_seq=19846 ttl=26 time=99.4 ms
08-09 22:35:25.439 23352 23466 D cellinfo: 46 bytes from 44.241.174.93: icmp_seq=19847 ttl=26 time=97.5 ms
08-09 22:35:25.640 23352 23466 D cellinfo: 46 bytes from 44.241.174.93: icmp_seq=19848 ttl=26 time=97.9 ms
08-09 22:35:25.843 23352 23466 D cellinfo: 46 bytes from 44.241.174.93: icmp_seq=19849 ttl=26 time=98.8 ms
08-09 22:35:26.079 23352 23466 D cellinfo: 46 bytes from 44.241.174.93: icmp_seq=19850 ttl=26 time=133 ms
08-09 22:35:26.173 23352 23352 D cellinfo: Latitude is 40.7043267
08-09 22:35:26.173 23352 23352 D cellinfo: Longitude is -111.9506972
08-09 22:35:26.173 23352 23352 D cellinfo: Instantaneous GPS information: United States, 3076 Decker Lake Dr, West Valley City, UT 84119, USA
08-09 22:35:26.173 23352 23352 D cellinfo: getCurrentLocation() result: Location (success): 40.7043267, -111.9506972
08-09 22:35:26.240 23352 23466 D cellinfo: 46 bytes from 44.241.174.93: icmp_seq=19851 ttl=26 time=94.2 ms
08-09 22:35:26.444 23352 23466 D cellinfo: 46 bytes from 44.241.174.93: icmp_seq=19852 ttl=26 time=95.6 ms
08-09 22:35:26.639 23352 23466 D cellinfo: 46 bytes from 44.241.174.93: icmp_seq=19853 ttl=26 time=90.6 ms
08-09 22:35:26.839 23352 23466 D cellinfo: 46 bytes from 44.241.174.93: icmp_seq=19854 ttl=26 time=90.0 ms
08-09 22:35:27.084 23352 23466 D cellinfo: 46 bytes from 44.241.174.93: icmp_seq=19855 ttl=26 time=134 ms
08-09 22:35:27.240 23352 23466 D cellinfo: 46 bytes from 44.241.174.93: icmp_seq=19856 ttl=26 time=90.8 ms
08-09 22:35:27.436 23352 23352 D cellinfo: Latitude is 40.7043267
08-09 22:35:27.436 23352 23352 D cellinfo: Longitude is -111.9506972
08-09 22:35:27.436 23352 23352 D cellinfo: Instantaneous GPS information: United States, 3076 Decker Lake Dr, West Valley City, UT 84119, USA
08-09 22:35:27.436 23352 23352 D cellinfo: getCurrentLocation() result: Location (success): 40.7043267, -111.9506972
08-09 22:35:27.439 23352 23466 D cellinfo: 46 bytes from 44.241.174.93: icmp_seq=19857 ttl=26 time=89.1 ms
08-09 22:35:27.489 23352 23352 D cellinfo: onCellInfoChanged: Operator: AT&T...1 UpdateTimestamp: 110800222 CellConnectionStatus: 0
08-09 22:35:27.489 23352 23352 D cellinfo: onCellInfoChanged: LTE Cell Bands: [2] Bandwidth: 2147483647 Cell ID: 115472138 Physical Cell ID: 182 Tracking Area Code: 39181 EARFCN: 1100
08-09 22:35:27.678 23352 23466 D cellinfo: 46 bytes from 44.241.174.93: icmp_seq=19858 ttl=26 time=125 ms
08-09 22:35:27.878 23352 23466 D cellinfo: 46 bytes from 44.241.174.93: icmp_seq=19859 ttl=26 time=125 ms
08-09 22:35:28.078 23352 23466 D cellinfo: 46 bytes from 44.241.174.93: icmp_seq=19860 ttl=26 time=124 ms
08-09 22:35:28.278 23352 23466 D cellinfo: 46 bytes from 44.241.174.93: icmp_seq=19861 ttl=26 time=124 ms
08-09 22:35:28.478 23352 23466 D cellinfo: 46 bytes from 44.241.174.93: icmp_seq=19862 ttl=26 time=123 ms
08-09 22:35:28.650 23352 23466 D cellinfo: 46 bytes from 44.241.174.93: icmp_seq=19863 ttl=26 time=96.1 ms
08-09 22:35:28.846 23352 23466 D cellinfo: 46 bytes from 44.241.174.93: icmp_seq=19864 ttl=26 time=93.1 ms
08-09 22:35:29.077 23352 23466 D cellinfo: 46 bytes from 44.241.174.93: icmp_seq=19865 ttl=26 time=122 ms
08-09 22:35:29.277 23352 23466 D cellinfo: 46 bytes from 44.241.174.93: icmp_seq=19866 ttl=26 time=122 ms
08-09 22:35:29.477 23352 23466 D cellinfo: 46 bytes from 44.241.174.93: icmp_seq=19867 ttl=26 time=121 ms
08-09 22:35:29.677 23352 23466 D cellinfo: 46 bytes from 44.241.174.93: icmp_seq=19868 ttl=26 time=121 ms
08-09 22:35:29.879 23352 23466 D cellinfo: 46 bytes from 44.241.174.93: icmp_seq=19869 ttl=26 time=123 ms
08-09 22:35:30.078 23352 23466 D cellinfo: 46 bytes from 44.241.174.93: icmp_seq=19870 ttl=26 time=121 ms
08-09 22:35:30.278 23352 23466 D cellinfo: 46 bytes from 44.241.174.93: icmp_seq=19871 ttl=26 time=121 ms
08-09 22:35:30.434 23352 23352 D cellinfo: Latitude is 40.7043267
08-09 22:35:30.434 23352 23352 D cellinfo: Longitude is -111.9506972
08-09 22:35:30.434 23352 23352 D cellinfo: Instantaneous GPS information: United States, 3076 Decker Lake Dr, West Valley City, UT 84119, USA
08-09 22:35:30.434 23352 23352 D cellinfo: getCurrentLocation() result: Location (success): 40.7043267, -111.9506972
08-09 22:35:30.476 23352 23466 D cellinfo: 46 bytes from 44.241.174.93: icmp_seq=19872 ttl=26 time=117 ms
08-09 22:35:30.498 23352 23352 D cellinfo: onCellInfoChanged: Operator: AT&T...1 UpdateTimestamp: 110803235 CellConnectionStatus: 0
08-09 22:35:30.498 23352 23352 D cellinfo: onCellInfoChanged: LTE Cell Bands: [2] Bandwidth: 2147483647 Cell ID: 115472138 Physical Cell ID: 182 Tracking Area Code: 39181 EARFCN: 1100
08-09 22:35:30.678 23352 23466 D cellinfo: 46 bytes from 44.241.174.93: icmp_seq=19873 ttl=26 time=117 ms
08-09 22:35:30.878 23352 23466 D cellinfo: 46 bytes from 44.241.174.93: icmp_seq=19874 ttl=26 time=116 ms
08-09 22:35:31.077 23352 23466 D cellinfo: 46 bytes from 44.241.174.93: icmp_seq=19875 ttl=26 time=114 ms
08-09 22:35:31.278 23352 23466 D cellinfo: 46 bytes from 44.241.174.93: icmp_seq=19876 ttl=26 time=114 ms
08-09 22:35:31.469 23352 23466 D cellinfo: 46 bytes from 44.241.174.93: icmp_seq=19877 ttl=26 time=104 ms
08-09 22:35:31.678 23352 23466 D cellinfo: 46 bytes from 44.241.174.93: icmp_seq=19878 ttl=26 time=111 ms
08-09 22:35:31.877 23352 23466 D cellinfo: 46 bytes from 44.241.174.93: icmp_seq=19879 ttl=26 time=109 ms
08-09 22:35:32.077 23352 23466 D cellinfo: 46 bytes from 44.241.174.93: icmp_seq=19880 ttl=26 time=108 ms
08-09 22:35:32.277 23352 23466 D cellinfo: 46 bytes from 44.241.174.93: icmp_seq=19881 ttl=26 time=108 ms
08-09 22:35:32.481 23352 23466 D cellinfo: 46 bytes from 44.241.174.93: icmp_seq=19882 ttl=26 time=110 ms
08-09 22:35:32.717 23352 23466 D cellinfo: 46 bytes from 44.241.174.93: icmp_seq=19883 ttl=26 time=145 ms
08-09 22:35:32.881 23352 23466 D cellinfo: 46 bytes from 44.241.174.93: icmp_seq=19884 ttl=26 time=106 ms
08-09 22:35:33.079 23352 23466 D cellinfo: 46 bytes from 44.241.174.93: icmp_seq=19885 ttl=26 time=104 ms
08-09 22:35:33.317 23352 23466 D cellinfo: 46 bytes from 44.241.174.93: icmp_seq=19886 ttl=26 time=141 ms
08-09 22:35:33.441 23352 23352 D cellinfo: Latitude is 40.7043267
08-09 22:35:33.441 23352 23352 D cellinfo: Longitude is -111.9506972
08-09 22:35:33.441 23352 23352 D cellinfo: Instantaneous GPS information: United States, 3076 Decker Lake Dr, West Valley City, UT 84119, USA
08-09 22:35:33.441 23352 23352 D cellinfo: getCurrentLocation() result: Location (success): 40.7043267, -111.9506972
08-09 22:35:33.482 23352 23352 D cellinfo: onCellInfoChanged: Operator: AT&T...1 UpdateTimestamp: 110806219 CellConnectionStatus: 0
08-09 22:35:33.482 23352 23352 D cellinfo: onCellInfoChanged: LTE Cell Bands: [2] Bandwidth: 2147483647 Cell ID: 115472138 Physical Cell ID: 182 Tracking Area Code: 39181 EARFCN: 1100
08-09 22:35:33.518 23352 23466 D cellinfo: 46 bytes from 44.241.174.93: icmp_seq=19887 ttl=26 time=140 ms
08-09 22:35:33.679 23352 23466 D cellinfo: 46 bytes from 44.241.174.93: icmp_seq=19888 ttl=26 time=101 ms
08-09 22:35:33.879 23352 23466 D cellinfo: 46 bytes from 44.241.174.93: icmp_seq=19889 ttl=26 time=99.4 ms
08-09 22:35:34.076 23352 23466 D cellinfo: 46 bytes from 44.241.174.93: icmp_seq=19890 ttl=26 time=96.8 ms
08-09 22:35:34.281 23352 23466 D cellinfo: 46 bytes from 44.241.174.93: icmp_seq=19891 ttl=26 time=100 ms
08-09 22:35:34.480 23352 23466 D cellinfo: 46 bytes from 44.241.174.93: icmp_seq=19892 ttl=26 time=98.9 ms
08-09 22:35:34.680 23352 23466 D cellinfo: 46 bytes from 44.241.174.93: icmp_seq=19893 ttl=26 time=98.6 ms
08-09 22:35:34.880 23352 23466 D cellinfo: 46 bytes from 44.241.174.93: icmp_seq=19894 ttl=26 time=97.3 ms
08-09 22:35:35.079 23352 23466 D cellinfo: 46 bytes from 44.241.174.93: icmp_seq=19895 ttl=26 time=96.6 ms
08-09 22:35:35.279 23352 23466 D cellinfo: 46 bytes from 44.241.174.93: icmp_seq=19896 ttl=26 time=97.3 ms
08-09 22:35:35.320 23352 23352 D cellinfo: onsignalStrengthsChanged: LTE Signal Strength info: rsrp: -93 rsrq: -15 rssi: -59 rssnr: 0
08-09 22:35:35.517 23352 23466 D cellinfo: 46 bytes from 44.241.174.93: icmp_seq=19897 ttl=26 time=133 ms
08-09 22:35:35.684 23352 23466 D cellinfo: 46 bytes from 44.241.174.93: icmp_seq=19898 ttl=26 time=101 ms
08-09 22:35:35.879 23352 23466 D cellinfo: 46 bytes from 44.241.174.93: icmp_seq=19899 ttl=26 time=95.7 ms
08-09 22:35:36.079 23352 23466 D cellinfo: 46 bytes from 44.241.174.93: icmp_seq=19900 ttl=26 time=94.8 ms
08-09 22:35:36.279 23352 23466 D cellinfo: 46 bytes from 44.241.174.93: icmp_seq=19901 ttl=26 time=93.6 ms
08-09 22:35:36.478 23352 23352 D cellinfo: onCellInfoChanged: Operator: AT&T...1 UpdateTimestamp: 110809214 CellConnectionStatus: 0
