08-13 17:16:05.624 13675 14452 D cellinfo: 46 bytes from 54.197.223.49: icmp_seq=974 ttl=42 time=52.7 ms
08-13 17:16:05.824 13675 14452 D cellinfo: 46 bytes from 54.197.223.49: icmp_seq=975 ttl=42 time=52.2 ms
08-13 17:16:06.024 13675 14452 D cellinfo: 46 bytes from 54.197.223.49: icmp_seq=976 ttl=42 time=51.6 ms
08-13 17:16:06.226 13675 14452 D cellinfo: 46 bytes from 54.197.223.49: icmp_seq=977 ttl=42 time=53.7 ms
08-13 17:16:06.425 13675 14452 D cellinfo: 46 bytes from 54.197.223.49: icmp_seq=978 ttl=42 time=52.6 ms
08-13 17:16:06.618 13675 14452 D cellinfo: 46 bytes from 54.197.223.49: icmp_seq=979 ttl=42 time=44.2 ms
08-13 17:16:06.730 13675 13675 D cellinfo: Latitude is 40.4169023
08-13 17:16:06.730 13675 13675 D cellinfo: Longitude is -86.8131789
08-13 17:16:06.730 13675 13675 D cellinfo: Instantaneous GPS information: United States, 4803 IN-26, Lafayette, IN 47905, USA
08-13 17:16:06.730 13675 13675 D cellinfo: getCurrentLocation() result: Location (success): 40.4169023, -86.8131789
08-13 17:16:06.734 13675 13675 D cellinfo: onCellInfoChanged: Operator: Verizon Wireless UpdateTimestamp: 84264698 CellConnectionStatus: 1
08-13 17:16:06.734 13675 13675 D cellinfo: onCellInfoChanged: LTE Cell Bands: [66, 66, 13] Bandwidth: 10000 Cell ID: 58911244 Physical Cell ID: 51 Tracking Area Code: 58891 EARFCN: 66836
08-13 17:16:06.824 13675 14452 D cellinfo: 46 bytes from 54.197.223.49: icmp_seq=980 ttl=42 time=49.2 ms
08-13 17:16:07.034 13675 14452 D cellinfo: 46 bytes from 54.197.223.49: icmp_seq=981 ttl=42 time=58.2 ms
08-13 17:16:07.235 13675 14452 D cellinfo: 46 bytes from 54.197.223.49: icmp_seq=982 ttl=42 time=59.4 ms
08-13 17:16:07.434 13675 14452 D cellinfo: 46 bytes from 54.197.223.49: icmp_seq=983 ttl=42 time=57.6 ms
08-13 17:16:07.634 13675 14452 D cellinfo: 46 bytes from 54.197.223.49: icmp_seq=984 ttl=42 time=56.8 ms
08-13 17:16:07.835 13675 14452 D cellinfo: 46 bytes from 54.197.223.49: icmp_seq=985 ttl=42 time=57.3 ms
08-13 17:16:08.042 13675 14452 D cellinfo: 46 bytes from 54.197.223.49: icmp_seq=986 ttl=42 time=63.2 ms
08-13 17:16:08.234 13675 14452 D cellinfo: 46 bytes from 54.197.223.49: icmp_seq=987 ttl=42 time=55.3 ms
08-13 17:16:08.435 13675 14452 D cellinfo: 46 bytes from 54.197.223.49: icmp_seq=988 ttl=42 time=54.7 ms
08-13 17:16:08.641 13675 14452 D cellinfo: 46 bytes from 54.197.223.49: icmp_seq=989 ttl=42 time=59.6 ms
08-13 17:16:08.841 13675 14452 D cellinfo: 46 bytes from 54.197.223.49: icmp_seq=990 ttl=42 time=59.6 ms
08-13 17:16:09.033 13675 14452 D cellinfo: 46 bytes from 54.197.223.49: icmp_seq=991 ttl=42 time=51.2 ms
08-13 17:16:09.242 13675 14452 D cellinfo: 46 bytes from 54.197.223.49: icmp_seq=992 ttl=42 time=60.3 ms
08-13 17:16:09.354 13675 13675 D cellinfo: Latitude is 40.4168693
08-13 17:16:09.355 13675 13675 D cellinfo: Longitude is -86.8131763
08-13 17:16:09.355 13675 13675 D cellinfo: Instantaneous GPS information: United States, 4803 IN-26, Lafayette, IN 47905, USA
08-13 17:16:09.355 13675 13675 D cellinfo: getCurrentLocation() result: Location (success): 40.4168693, -86.8131763
08-13 17:16:09.399 13675 13675 D cellinfo: onCellInfoChanged: Operator: Verizon Wireless UpdateTimestamp: 84267673 CellConnectionStatus: 1
08-13 17:16:09.399 13675 13675 D cellinfo: onCellInfoChanged: LTE Cell Bands: [66, 66, 13] Bandwidth: 10000 Cell ID: 58911244 Physical Cell ID: 51 Tracking Area Code: 58891 EARFCN: 66836
08-13 17:16:09.428 13675 14452 D cellinfo: 46 bytes from 54.197.223.49: icmp_seq=993 ttl=42 time=44.9 ms
08-13 17:16:09.631 13675 14452 D cellinfo: 46 bytes from 54.197.223.49: icmp_seq=994 ttl=42 time=47.5 ms
08-13 17:16:09.842 13675 14452 D cellinfo: 46 bytes from 54.197.223.49: icmp_seq=995 ttl=42 time=57.5 ms
08-13 17:16:10.050 13675 14452 D cellinfo: 46 bytes from 54.197.223.49: icmp_seq=996 ttl=42 time=65.2 ms
08-13 17:16:10.245 13675 14452 D cellinfo: 46 bytes from 54.197.223.49: icmp_seq=997 ttl=42 time=60.1 ms
08-13 17:16:10.446 13675 14452 D cellinfo: 46 bytes from 54.197.223.49: icmp_seq=998 ttl=42 time=60.6 ms
08-13 17:16:10.652 13675 14452 D cellinfo: 46 bytes from 54.197.223.49: icmp_seq=999 ttl=42 time=66.2 ms
08-13 17:16:10.842 13675 14452 D cellinfo: 46 bytes from 54.197.223.49: icmp_seq=1000 ttl=42 time=55.1 ms
08-13 17:16:11.042 13675 14452 D cellinfo: 46 bytes from 54.197.223.49: icmp_seq=1001 ttl=42 time=54.1 ms
08-13 17:16:11.242 13675 14452 D cellinfo: 46 bytes from 54.197.223.49: icmp_seq=1002 ttl=42 time=53.8 ms
08-13 17:16:11.443 13675 14452 D cellinfo: 46 bytes from 54.197.223.49: icmp_seq=1003 ttl=42 time=54.0 ms
08-13 17:16:11.642 13675 14452 D cellinfo: 46 bytes from 54.197.223.49: icmp_seq=1004 ttl=42 time=51.8 ms
08-13 17:16:11.858 13675 14452 D cellinfo: 46 bytes from 54.197.223.49: icmp_seq=1005 ttl=42 time=66.3 ms
08-13 17:16:12.057 13675 14452 D cellinfo: 46 bytes from 54.197.223.49: icmp_seq=1006 ttl=42 time=64.9 ms
08-13 17:16:12.242 13675 14452 D cellinfo: 46 bytes from 54.197.223.49: icmp_seq=1007 ttl=42 time=50.2 ms
08-13 17:16:12.448 13675 14452 D cellinfo: 46 bytes from 54.197.223.49: icmp_seq=1008 ttl=42 time=54.8 ms
08-13 17:16:12.642 13675 14452 D cellinfo: 46 bytes from 54.197.223.49: icmp_seq=1009 ttl=42 time=48.6 ms
08-13 17:16:12.688 13675 13675 D cellinfo: Latitude is 40.4168848
08-13 17:16:12.688 13675 13675 D cellinfo: Longitude is -86.813232
08-13 17:16:12.688 13675 13675 D cellinfo: Instantaneous GPS information: United States, 4803 IN-26, Lafayette, IN 47905, USA
08-13 17:16:12.688 13675 13675 D cellinfo: getCurrentLocation() result: Location (success): 40.4168848, -86.813232
08-13 17:16:12.691 13675 13675 D cellinfo: onCellInfoChanged: Operator: Verizon Wireless UpdateTimestamp: 84270675 CellConnectionStatus: 1
08-13 17:16:12.691 13675 13675 D cellinfo: onCellInfoChanged: LTE Cell Bands: [66, 66, 13] Bandwidth: 10000 Cell ID: 58911244 Physical Cell ID: 51 Tracking Area Code: 58891 EARFCN: 66836
08-13 17:16:12.842 13675 14452 D cellinfo: 46 bytes from 54.197.223.49: icmp_seq=1010 ttl=42 time=47.4 ms
08-13 17:16:13.052 13675 14452 D cellinfo: 46 bytes from 54.197.223.49: icmp_seq=1011 ttl=42 time=56.0 ms
08-13 17:16:13.250 13675 14452 D cellinfo: 46 bytes from 54.197.223.49: icmp_seq=1012 ttl=42 time=54.1 ms
08-13 17:16:13.450 13675 14452 D cellinfo: 46 bytes from 54.197.223.49: icmp_seq=1013 ttl=42 time=53.3 ms
08-13 17:16:13.654 13675 14452 D cellinfo: 46 bytes from 54.197.223.49: icmp_seq=1014 ttl=42 time=57.0 ms
08-13 17:16:13.854 13675 14452 D cellinfo: 46 bytes from 54.197.223.49: icmp_seq=1015 ttl=42 time=54.7 ms
08-13 17:16:14.054 13675 14452 D cellinfo: 46 bytes from 54.197.223.49: icmp_seq=1016 ttl=42 time=55.3 ms
08-13 17:16:14.253 13675 14452 D cellinfo: 46 bytes from 54.197.223.49: icmp_seq=1017 ttl=42 time=53.9 ms
08-13 17:16:14.455 13675 14452 D cellinfo: 46 bytes from 54.197.223.49: icmp_seq=1018 ttl=42 time=54.7 ms
08-13 17:16:14.654 13675 14452 D cellinfo: 46 bytes from 54.197.223.49: icmp_seq=1019 ttl=42 time=53.6 ms
08-13 17:16:14.858 13675 14452 D cellinfo: 46 bytes from 54.197.223.49: icmp_seq=1020 ttl=42 time=56.4 ms
08-13 17:16:15.057 13675 14452 D cellinfo: 46 bytes from 54.197.223.49: icmp_seq=1021 ttl=42 time=55.2 ms
08-13 17:16:15.261 13675 14452 D cellinfo: 46 bytes from 54.197.223.49: icmp_seq=1022 ttl=42 time=57.3 ms
08-13 17:16:15.355 13675 13675 D cellinfo: Latitude is 40.416862
08-13 17:16:15.355 13675 13675 D cellinfo: Longitude is -86.8131812
08-13 17:16:15.355 13675 13675 D cellinfo: Instantaneous GPS information: United States, 4803 IN-26, Lafayette, IN 47905, USA
08-13 17:16:15.355 13675 13675 D cellinfo: getCurrentLocation() result: Location (success): 40.416862, -86.8131812
08-13 17:16:15.398 13675 13675 D cellinfo: onCellInfoChanged: Operator: Verizon Wireless UpdateTimestamp: 84273681 CellConnectionStatus: 1
08-13 17:16:15.399 13675 13675 D cellinfo: onCellInfoChanged: LTE Cell Bands: [66, 66, 13] Bandwidth: 10000 Cell ID: 58911244 Physical Cell ID: 51 Tracking Area Code: 58891 EARFCN: 66836
08-13 17:16:15.454 13675 14452 D cellinfo: 46 bytes from 54.197.223.49: icmp_seq=1023 ttl=42 time=51.0 ms
08-13 17:16:15.651 13675 14452 D cellinfo: 46 bytes from 54.197.223.49: icmp_seq=1024 ttl=42 time=47.6 ms
08-13 17:16:15.852 13675 14452 D cellinfo: 46 bytes from 54.197.223.49: icmp_seq=1025 ttl=42 time=47.6 ms
08-13 17:16:16.051 13675 14452 D cellinfo: 46 bytes from 54.197.223.49: icmp_seq=1026 ttl=42 time=46.5 ms
08-13 17:16:16.264 13675 14452 D cellinfo: 46 bytes from 54.197.223.49: icmp_seq=1027 ttl=42 time=58.5 ms
08-13 17:16:16.467 13675 14452 D cellinfo: 46 bytes from 54.197.223.49: icmp_seq=1028 ttl=42 time=60.0 ms
08-13 17:16:16.666 13675 14452 D cellinfo: 46 bytes from 54.197.223.49: icmp_seq=1029 ttl=42 time=58.2 ms
08-13 17:16:16.866 13675 14452 D cellinfo: 46 bytes from 54.197.223.49: icmp_seq=1030 ttl=42 time=57.3 ms
08-13 17:16:17.081 13675 14452 D cellinfo: 46 bytes from 54.197.223.49: icmp_seq=1031 ttl=42 time=71.1 ms
08-13 17:16:17.261 13675 14452 D cellinfo: 46 bytes from 54.197.223.49: icmp_seq=1032 ttl=42 time=49.8 ms
08-13 17:16:17.462 13675 14452 D cellinfo: 46 bytes from 54.197.223.49: icmp_seq=1033 ttl=42 time=49.3 ms
08-13 17:16:17.661 13675 14452 D cellinfo: 46 bytes from 54.197.223.49: icmp_seq=1034 ttl=42 time=48.8 ms
08-13 17:16:17.877 13675 14452 D cellinfo: 46 bytes from 54.197.223.49: icmp_seq=1035 ttl=42 time=63.9 ms
08-13 17:16:18.063 13675 14452 D cellinfo: 46 bytes from 54.197.223.49: icmp_seq=1036 ttl=42 time=49.2 ms
08-13 17:16:18.261 13675 14452 D cellinfo: 46 bytes from 54.197.223.49: icmp_seq=1037 ttl=42 time=45.7 ms
08-13 17:16:18.475 13675 14452 D cellinfo: 46 bytes from 54.197.223.49: icmp_seq=1038 ttl=42 time=59.3 ms
08-13 17:16:18.677 13675 14452 D cellinfo: 46 bytes from 54.197.223.49: icmp_seq=1039 ttl=42 time=59.0 ms
08-13 17:16:18.731 13675 13675 D cellinfo: Latitude is 40.4168522
08-13 17:16:18.731 13675 13675 D cellinfo: Longitude is -86.8131594
08-13 17:16:18.731 13675 13675 D cellinfo: Instantaneous GPS information: United States, 4803 IN-26, Lafayette, IN 47905, USA
08-13 17:16:18.731 13675 13675 D cellinfo: getCurrentLocation() result: Location (success): 40.4168522, -86.8131594
08-13 17:16:18.735 13675 13675 D cellinfo: onCellInfoChanged: Operator: Verizon Wireless UpdateTimestamp: 84276670 CellConnectionStatus: 1
08-13 17:16:18.735 13675 13675 D cellinfo: onCellInfoChanged: LTE Cell Bands: [66, 66, 13] Bandwidth: 10000 Cell ID: 58911244 Physical Cell ID: 51 Tracking Area Code: 58891 EARFCN: 66836
08-13 17:16:18.878 13675 14452 D cellinfo: 46 bytes from 54.197.223.49: icmp_seq=1040 ttl=42 time=59.7 ms
08-13 17:16:19.082 13675 14452 D cellinfo: 46 bytes from 54.197.223.49: icmp_seq=1041 ttl=42 time=62.1 ms
08-13 17:16:19.272 13675 14452 D cellinfo: 46 bytes from 54.197.223.49: icmp_seq=1042 ttl=42 time=52.2 ms
08-13 17:16:19.472 13675 14452 D cellinfo: 46 bytes from 54.197.223.49: icmp_seq=1043 ttl=42 time=50.1 ms
08-13 17:16:19.672 13675 14452 D cellinfo: 46 bytes from 54.197.223.49: icmp_seq=1044 ttl=42 time=49.1 ms
08-13 17:16:19.872 13675 14452 D cellinfo: 46 bytes from 54.197.223.49: icmp_seq=1045 ttl=42 time=48.3 ms
08-13 17:16:20.071 13675 14452 D cellinfo: 46 bytes from 54.197.223.49: icmp_seq=1046 ttl=42 time=46.4 ms
08-13 17:16:20.283 13675 14452 D cellinfo: 46 bytes from 54.197.223.49: icmp_seq=1047 ttl=42 time=57.2 ms
08-13 17:16:20.484 13675 14452 D cellinfo: 46 bytes from 54.197.223.49: icmp_seq=1048 ttl=42 time=57.1 ms
08-13 17:16:20.687 13675 14452 D cellinfo: 46 bytes from 54.197.223.49: icmp_seq=1049 ttl=42 time=58.3 ms
08-13 17:16:20.881 13675 14452 D cellinfo: 46 bytes from 54.197.223.49: icmp_seq=1050 ttl=42 time=52.5 ms
08-13 17:16:21.089 13675 14452 D cellinfo: 46 bytes from 54.197.223.49: icmp_seq=1051 ttl=42 time=60.2 ms
08-13 17:16:21.281 13675 14452 D cellinfo: 46 bytes from 54.197.223.49: icmp_seq=1052 ttl=42 time=50.7 ms
08-13 17:16:21.484 13675 14452 D cellinfo: 46 bytes from 54.197.223.49: icmp_seq=1053 ttl=42 time=53.3 ms
08-13 17:16:21.676 13675 13675 D cellinfo: Latitude is 40.4169748
08-13 17:16:21.676 13675 13675 D cellinfo: Longitude is -86.8130896
08-13 17:16:21.677 13675 13675 D cellinfo: Instantaneous GPS information: United States, 4803 IN-26, Lafayette, IN 47905, USA
08-13 17:16:21.677 13675 13675 D cellinfo: getCurrentLocation() result: Location (success): 40.4169748, -86.8130896
08-13 17:16:21.680 13675 13675 D cellinfo: onCellInfoChanged: Operator: Verizon Wireless UpdateTimestamp: 84279687 CellConnectionStatus: 1
08-13 17:16:21.680 13675 13675 D cellinfo: onCellInfoChanged: LTE Cell Bands: [66, 66, 13] Bandwidth: 10000 Cell ID: 58911244 Physical Cell ID: 51 Tracking Area Code: 58891 EARFCN: 66836
08-13 17:16:21.682 13675 14452 D cellinfo: 46 bytes from 54.197.223.49: icmp_seq=1054 ttl=42 time=49.6 ms
08-13 17:16:21.882 13675 14452 D cellinfo: 46 bytes from 54.197.223.49: icmp_seq=1055 ttl=42 time=50.1 ms
08-13 17:16:22.082 13675 14452 D cellinfo: 46 bytes from 54.197.223.49: icmp_seq=1056 ttl=42 time=49.0 ms
08-13 17:16:22.282 13675 14452 D cellinfo: 46 bytes from 54.197.223.49: icmp_seq=1057 ttl=42 time=48.3 ms
08-13 17:16:22.496 13675 14452 D cellinfo: 46 bytes from 54.197.223.49: icmp_seq=1058 ttl=42 time=61.5 ms
08-13 17:16:22.696 13675 14452 D cellinfo: 46 bytes from 54.197.223.49: icmp_seq=1059 ttl=42 time=60.4 ms
08-13 17:16:22.892 13675 14452 D cellinfo: 46 bytes from 54.197.223.49: icmp_seq=1060 ttl=42 time=55.1 ms
08-13 17:16:23.092 13675 14452 D cellinfo: 46 bytes from 54.197.223.49: icmp_seq=1061 ttl=42 time=55.4 ms
08-13 17:16:23.291 13675 14452 D cellinfo: 46 bytes from 54.197.223.49: icmp_seq=1062 ttl=42 time=53.0 ms
08-13 17:16:23.492 13675 14452 D cellinfo: 46 bytes from 54.197.223.49: icmp_seq=1063 ttl=42 time=52.1 ms
08-13 17:16:23.692 13675 14452 D cellinfo: 46 bytes from 54.197.223.49: icmp_seq=1064 ttl=42 time=50.9 ms
08-13 17:16:23.892 13675 14452 D cellinfo: 46 bytes from 54.197.223.49: icmp_seq=1065 ttl=42 time=50.1 ms
08-13 17:16:24.093 13675 14452 D cellinfo: 46 bytes from 54.197.223.49: icmp_seq=1066 ttl=42 time=51.3 ms
08-13 17:16:24.290 13675 14452 D cellinfo: 46 bytes from 54.197.223.49: icmp_seq=1067 ttl=42 time=48.1 ms
08-13 17:16:24.356 13675 13675 D cellinfo: Latitude is 40.4168745
08-13 17:16:24.356 13675 13675 D cellinfo: Longitude is -86.8131531
08-13 17:16:24.356 13675 13675 D cellinfo: Instantaneous GPS information: United States, 4803 IN-26, Lafayette, IN 47905, USA
08-13 17:16:24.356 13675 13675 D cellinfo: getCurrentLocation() result: Location (success): 40.4168745, -86.8131531
08-13 17:16:24.396 13675 13675 D cellinfo: onCellInfoChanged: Operator: Verizon Wireless UpdateTimestamp: 84282678 CellConnectionStatus: 1
08-13 17:16:24.396 13675 13675 D cellinfo: onCellInfoChanged: LTE Cell Bands: [66, 66, 13] Bandwidth: 10000 Cell ID: 58911244 Physical Cell ID: 51 Tracking Area Code: 58891 EARFCN: 66836
08-13 17:16:24.491 13675 14452 D cellinfo: 46 bytes from 54.197.223.49: icmp_seq=1068 ttl=42 time=48.0 ms
08-13 17:16:24.693 13675 14452 D cellinfo: 46 bytes from 54.197.223.49: icmp_seq=1069 ttl=42 time=47.3 ms
08-13 17:16:24.902 13675 14452 D cellinfo: 46 bytes from 54.197.223.49: icmp_seq=1070 ttl=42 time=57.5 ms
08-13 17:16:25.092 13675 14452 D cellinfo: 46 bytes from 54.197.223.49: icmp_seq=1071 ttl=42 time=45.6 ms
08-13 17:16:25.302 13675 14452 D cellinfo: 46 bytes from 54.197.223.49: icmp_seq=1072 ttl=42 time=55.6 ms
08-13 17:16:25.502 13675 14452 D cellinfo: 46 bytes from 54.197.223.49: icmp_seq=1073 ttl=42 time=54.8 ms
08-13 17:16:25.702 13675 14452 D cellinfo: 46 bytes from 54.197.223.49: icmp_seq=1074 ttl=42 time=54.3 ms
08-13 17:16:25.903 13675 14452 D cellinfo: 46 bytes from 54.197.223.49: icmp_seq=1075 ttl=42 time=54.0 ms
08-13 17:16:26.100 13675 14452 D cellinfo: 46 bytes from 54.197.223.49: icmp_seq=1076 ttl=42 time=50.0 ms
08-13 17:16:26.303 13675 14452 D cellinfo: 46 bytes from 54.197.223.49: icmp_seq=1077 ttl=42 time=51.1 ms
08-13 17:16:26.503 13675 14452 D cellinfo: 46 bytes from 54.197.223.49: icmp_seq=1078 ttl=42 time=51.6 ms
08-13 17:16:26.703 13675 14452 D cellinfo: 46 bytes from 54.197.223.49: icmp_seq=1079 ttl=42 time=51.3 ms
08-13 17:16:26.902 13675 14452 D cellinfo: 46 bytes from 54.197.223.49: icmp_seq=1080 ttl=42 time=48.6 ms
08-13 17:16:27.102 13675 14452 D cellinfo: 46 bytes from 54.197.223.49: icmp_seq=1081 ttl=42 time=47.6 ms
08-13 17:16:27.301 13675 14452 D cellinfo: 46 bytes from 54.197.223.49: icmp_seq=1082 ttl=42 time=46.7 ms
08-13 17:16:27.351 13675 13675 D cellinfo: Latitude is 40.4168772
08-13 17:16:27.351 13675 13675 D cellinfo: Longitude is -86.8131837
08-13 17:16:27.351 13675 13675 D cellinfo: Instantaneous GPS information: United States, 4803 IN-26, Lafayette, IN 47905, USA
08-13 17:16:27.351 13675 13675 D cellinfo: getCurrentLocation() result: Location (success): 40.4168772, -86.8131837
08-13 17:16:27.394 13675 13675 D cellinfo: onCellInfoChanged: Operator: Verizon Wireless UpdateTimestamp: 84285677 CellConnectionStatus: 1
08-13 17:16:27.394 13675 13675 D cellinfo: onCellInfoChanged: LTE Cell Bands: [66, 66, 13] Bandwidth: 10000 Cell ID: 58911244 Physical Cell ID: 51 Tracking Area Code: 58891 EARFCN: 66836
08-13 17:16:27.500 13675 14452 D cellinfo: 46 bytes from 54.197.223.49: icmp_seq=1083 ttl=42 time=45.6 ms
08-13 17:16:27.702 13675 14452 D cellinfo: 46 bytes from 54.197.223.49: icmp_seq=1084 ttl=42 time=46.9 ms
08-13 17:16:27.911 13675 14452 D cellinfo: 46 bytes from 54.197.223.49: icmp_seq=1085 ttl=42 time=55.3 ms
08-13 17:16:28.111 13675 14452 D cellinfo: 46 bytes from 54.197.223.49: icmp_seq=1086 ttl=42 time=54.2 ms
08-13 17:16:28.313 13675 14452 D cellinfo: 46 bytes from 54.197.223.49: icmp_seq=1087 ttl=42 time=55.6 ms
08-13 17:16:28.512 13675 14452 D cellinfo: 46 bytes from 54.197.223.49: icmp_seq=1088 ttl=42 time=54.1 ms
08-13 17:16:28.712 13675 14452 D cellinfo: 46 bytes from 54.197.223.49: icmp_seq=1089 ttl=42 time=53.1 ms
08-13 17:16:28.910 13675 14452 D cellinfo: 46 bytes from 54.197.223.49: icmp_seq=1090 ttl=42 time=50.5 ms
08-13 17:16:29.112 13675 14452 D cellinfo: 46 bytes from 54.197.223.49: icmp_seq=1091 ttl=42 time=51.7 ms
08-13 17:16:29.319 13675 14452 D cellinfo: 46 bytes from 54.197.223.49: icmp_seq=1092 ttl=42 time=58.4 ms
08-13 17:16:29.513 13675 14452 D cellinfo: 46 bytes from 54.197.223.49: icmp_seq=1093 ttl=42 time=51.7 ms
08-13 17:27:08.040 14990 14990 D cellinfo: Country == United States
08-13 17:27:08.040 14990 14990 D cellinfo: City == Lafayette
08-13 17:27:08.040 14990 14990 D cellinfo: GPS Info == 4803 IN-26, Lafayette, IN 47905, USA
08-13 17:27:08.040 14990 14990 D cellinfo: Network Operator == Verizon 
08-13 17:27:08.041 14990 14990 D cellinfo: User movement == Static
08-13 17:27:08.041 14990 14990 D cellinfo: isEastCoast == true
08-13 17:27:08.041 14990 14990 D cellinfo: isWestCoast == false
08-13 17:27:08.041 14990 14990 D cellinfo: isBoston == false
08-13 17:27:08.041 14990 14990 D cellinfo: All GPS info fetched. Saving city and country info
08-13 17:27:08.042 14990 15039 D cellinfo: Timestamp: 1660426028
08-13 17:27:08.543 14990 15040 D cellinfo: Logging started
08-13 17:27:08.549 14990 14990 D cellinfo: onServiceStateChanged: Channel Number: 66836 Cell Bandwidths: [10000, 10000, 10000]
08-13 17:27:08.550 14990 14990 D cellinfo: onsignalStrengthsChanged: LTE Signal Strength info: rsrp: -79 rsrq: -9 rssi: -61 rssnr: 23
08-13 17:27:08.559 14990 14990 D cellinfo: onCellInfoChanged: Operator: Verizon Wireless UpdateTimestamp: 84926601 CellConnectionStatus: 1
08-13 17:27:08.559 14990 14990 D cellinfo: onCellInfoChanged: LTE Cell Bands: [66] Bandwidth: 10000 Cell ID: 58911244 Physical Cell ID: 51 Tracking Area Code: 58891 EARFCN: 66836
08-13 17:27:08.561 14990 14990 D cellinfo: onDisplayInfoChanged: NetworkType: LTE OverrideNetworkType: LTE-CA
08-13 17:27:09.045 14990 15039 D cellinfo: Ping command fired: /system/bin/ping -i 0.2 -s 38 54.197.223.49
08-13 17:27:09.112 14990 15039 D cellinfo: PING 54.197.223.49 (54.197.223.49) 38(66) bytes of data.
08-13 17:27:09.112 14990 15039 D cellinfo: 46 bytes from 54.197.223.49: icmp_seq=1 ttl=42 time=51.7 ms
08-13 17:27:09.254 14990 14990 D cellinfo: Latitude is 40.4167778
08-13 17:27:09.254 14990 14990 D cellinfo: Longitude is -86.8133616
08-13 17:27:09.254 14990 14990 D cellinfo: Instantaneous GPS information: United States, 4803 IN-26, Lafayette, IN 47905, USA
08-13 17:27:09.255 14990 14990 D cellinfo: getCurrentLocation() result: Location (success): 40.4167778, -86.8133616
08-13 17:27:09.304 14990 15039 D cellinfo: 46 bytes from 54.197.223.49: icmp_seq=2 ttl=42 time=42.4 ms
08-13 17:27:09.516 14990 15039 D cellinfo: 46 bytes from 54.197.223.49: icmp_seq=3 ttl=42 time=53.9 ms
08-13 17:27:09.715 14990 15039 D cellinfo: 46 bytes from 54.197.223.49: icmp_seq=4 ttl=42 time=52.5 ms
08-13 17:27:09.918 14990 15039 D cellinfo: 46 bytes from 54.197.223.49: icmp_seq=5 ttl=42 time=53.2 ms
08-13 17:27:10.118 14990 15039 D cellinfo: 46 bytes from 54.197.223.49: icmp_seq=6 ttl=42 time=51.5 ms
08-13 17:27:10.318 14990 15039 D cellinfo: 46 bytes from 54.197.223.49: icmp_seq=7 ttl=42 time=53.0 ms
08-13 17:27:10.517 14990 15039 D cellinfo: 46 bytes from 54.197.223.49: icmp_seq=8 ttl=42 time=50.4 ms
08-13 17:27:10.717 14990 15039 D cellinfo: 46 bytes from 54.197.223.49: icmp_seq=9 ttl=42 time=49.7 ms
08-13 17:27:10.917 14990 15039 D cellinfo: 46 bytes from 54.197.223.49: icmp_seq=10 ttl=42 time=48.9 ms
08-13 17:27:11.047 14990 14990 D cellinfo: Latitude is 40.4167843
08-13 17:27:11.047 14990 14990 D cellinfo: Longitude is -86.8133708
08-13 17:27:11.047 14990 14990 D cellinfo: Instantaneous GPS information: United States, 4803 IN-26, Lafayette, IN 47905, USA
08-13 17:27:11.047 14990 14990 D cellinfo: getCurrentLocation() result: Location (success): 40.4167843, -86.8133708
08-13 17:27:11.091 14990 14990 D cellinfo: onCellInfoChanged: Operator: Verizon Wireless UpdateTimestamp: 84929373 CellConnectionStatus: 1
08-13 17:27:11.091 14990 14990 D cellinfo: onCellInfoChanged: LTE Cell Bands: [66, 66, 13] Bandwidth: 10000 Cell ID: 58911244 Physical Cell ID: 51 Tracking Area Code: 58891 EARFCN: 66836
08-13 17:27:11.123 14990 15039 D cellinfo: 46 bytes from 54.197.223.49: icmp_seq=11 ttl=42 time=54.6 ms
08-13 17:27:11.317 14990 15039 D cellinfo: 46 bytes from 54.197.223.49: icmp_seq=12 ttl=42 time=47.5 ms
08-13 17:27:11.528 14990 15039 D cellinfo: 46 bytes from 54.197.223.49: icmp_seq=13 ttl=42 time=56.2 ms
08-13 17:27:11.727 14990 15039 D cellinfo: 46 bytes from 54.197.223.49: icmp_seq=14 ttl=42 time=54.7 ms
08-13 17:27:11.927 14990 15039 D cellinfo: 46 bytes from 54.197.223.49: icmp_seq=15 ttl=42 time=54.3 ms
08-13 17:27:12.127 14990 15039 D cellinfo: 46 bytes from 54.197.223.49: icmp_seq=16 ttl=42 time=53.3 ms
08-13 17:27:12.326 14990 15039 D cellinfo: 46 bytes from 54.197.223.49: icmp_seq=17 ttl=42 time=51.6 ms
08-13 17:27:12.527 14990 15039 D cellinfo: 46 bytes from 54.197.223.49: icmp_seq=18 ttl=42 time=51.5 ms
08-13 17:27:12.726 14990 15039 D cellinfo: 46 bytes from 54.197.223.49: icmp_seq=19 ttl=42 time=49.5 ms
08-13 17:27:12.927 14990 15039 D cellinfo: 46 bytes from 54.197.223.49: icmp_seq=20 ttl=42 time=49.6 ms
08-13 17:27:13.129 14990 15039 D cellinfo: 46 bytes from 54.197.223.49: icmp_seq=21 ttl=42 time=50.4 ms
08-13 17:27:13.327 14990 15039 D cellinfo: 46 bytes from 54.197.223.49: icmp_seq=22 ttl=42 time=47.6 ms
08-13 17:27:13.526 14990 15039 D cellinfo: 46 bytes from 54.197.223.49: icmp_seq=23 ttl=42 time=45.9 ms
08-13 17:27:13.737 14990 15039 D cellinfo: 46 bytes from 54.197.223.49: icmp_seq=24 ttl=42 time=55.2 ms
08-13 17:27:13.938 14990 15039 D cellinfo: 46 bytes from 54.197.223.49: icmp_seq=25 ttl=42 time=55.6 ms
08-13 17:27:14.040 14990 14990 D cellinfo: Latitude is 40.4168415
08-13 17:27:14.041 14990 14990 D cellinfo: Longitude is -86.8133857
08-13 17:27:14.041 14990 14990 D cellinfo: Instantaneous GPS information: United States, 4803 IN-26, Lafayette, IN 47905, USA
08-13 17:27:14.041 14990 14990 D cellinfo: getCurrentLocation() result: Location (success): 40.4168415, -86.8133857
08-13 17:27:14.081 14990 14990 D cellinfo: onCellInfoChanged: Operator: Verizon Wireless UpdateTimestamp: 84932363 CellConnectionStatus: 1
08-13 17:27:14.081 14990 14990 D cellinfo: onCellInfoChanged: LTE Cell Bands: [66, 66, 13] Bandwidth: 10000 Cell ID: 58911244 Physical Cell ID: 51 Tracking Area Code: 58891 EARFCN: 66836
08-13 17:27:14.125 14990 15039 D cellinfo: 46 bytes from 54.197.223.49: icmp_seq=26 ttl=42 time=42.2 ms
08-13 17:27:14.336 14990 15039 D cellinfo: 46 bytes from 54.197.223.49: icmp_seq=27 ttl=42 time=51.5 ms
08-13 17:27:14.537 14990 15039 D cellinfo: 46 bytes from 54.197.223.49: icmp_seq=28 ttl=42 time=51.1 ms
08-13 17:27:14.742 14990 15039 D cellinfo: 46 bytes from 54.197.223.49: icmp_seq=29 ttl=42 time=54.0 ms
08-13 17:27:14.935 14990 15039 D cellinfo: 46 bytes from 54.197.223.49: icmp_seq=30 ttl=42 time=47.3 ms
08-13 17:27:15.139 14990 15039 D cellinfo: 46 bytes from 54.197.223.49: icmp_seq=31 ttl=42 time=49.7 ms
08-13 17:27:15.339 14990 15039 D cellinfo: 46 bytes from 54.197.223.49: icmp_seq=32 ttl=42 time=49.2 ms
08-13 17:27:15.539 14990 15039 D cellinfo: 46 bytes from 54.197.223.49: icmp_seq=33 ttl=42 time=48.4 ms
08-13 17:27:15.736 14990 15039 D cellinfo: 46 bytes from 54.197.223.49: icmp_seq=34 ttl=42 time=45.6 ms
08-13 17:27:15.951 14990 15039 D cellinfo: 46 bytes from 54.197.223.49: icmp_seq=35 ttl=42 time=59.0 ms
08-13 17:27:16.147 14990 15039 D cellinfo: 46 bytes from 54.197.223.49: icmp_seq=36 ttl=42 time=55.7 ms
08-13 17:27:16.346 14990 15039 D cellinfo: 46 bytes from 54.197.223.49: icmp_seq=37 ttl=42 time=53.7 ms
08-13 17:27:16.547 14990 15039 D cellinfo: 46 bytes from 54.197.223.49: icmp_seq=38 ttl=42 time=53.8 ms
08-13 17:27:16.747 14990 15039 D cellinfo: 46 bytes from 54.197.223.49: icmp_seq=39 ttl=42 time=52.6 ms
08-13 17:27:16.948 14990 15039 D cellinfo: 46 bytes from 54.197.223.49: icmp_seq=40 ttl=42 time=52.4 ms
08-13 17:27:17.046 14990 14990 D cellinfo: Latitude is 40.4168202
08-13 17:27:17.046 14990 14990 D cellinfo: Longitude is -86.8133716
08-13 17:27:17.046 14990 14990 D cellinfo: Instantaneous GPS information: United States, 4803 IN-26, Lafayette, IN 47905, USA
08-13 17:27:17.046 14990 14990 D cellinfo: getCurrentLocation() result: Location (success): 40.4168202, -86.8133716
08-13 17:27:17.088 14990 14990 D cellinfo: onCellInfoChanged: Operator: Verizon Wireless UpdateTimestamp: 84935370 CellConnectionStatus: 1
08-13 17:27:17.088 14990 14990 D cellinfo: onCellInfoChanged: LTE Cell Bands: [66, 66, 13] Bandwidth: 10000 Cell ID: 58911244 Physical Cell ID: 51 Tracking Area Code: 58891 EARFCN: 66836
08-13 17:27:17.149 14990 15039 D cellinfo: 46 bytes from 54.197.223.49: icmp_seq=41 ttl=42 time=53.1 ms
08-13 17:27:17.351 14990 15039 D cellinfo: 46 bytes from 54.197.223.49: icmp_seq=42 ttl=42 time=53.9 ms
08-13 17:27:17.548 14990 15039 D cellinfo: 46 bytes from 54.197.223.49: icmp_seq=43 ttl=42 time=48.6 ms
08-13 17:27:17.746 14990 15039 D cellinfo: 46 bytes from 54.197.223.49: icmp_seq=44 ttl=42 time=46.5 ms
08-13 17:27:17.947 14990 15039 D cellinfo: 46 bytes from 54.197.223.49: icmp_seq=45 ttl=42 time=47.4 ms
08-13 17:27:18.157 14990 15039 D cellinfo: 46 bytes from 54.197.223.49: icmp_seq=46 ttl=42 time=54.7 ms
08-13 17:27:18.358 14990 15039 D cellinfo: 46 bytes from 54.197.223.49: icmp_seq=47 ttl=42 time=54.3 ms
08-13 17:27:18.559 14990 15039 D cellinfo: 46 bytes from 54.197.223.49: icmp_seq=48 ttl=42 time=54.8 ms
08-13 17:27:18.765 14990 15039 D cellinfo: 46 bytes from 54.197.223.49: icmp_seq=49 ttl=42 time=59.5 ms
08-13 17:27:18.957 14990 15039 D cellinfo: 46 bytes from 54.197.223.49: icmp_seq=50 ttl=42 time=51.9 ms
08-13 17:27:19.158 14990 15039 D cellinfo: 46 bytes from 54.197.223.49: icmp_seq=51 ttl=42 time=51.4 ms
08-13 17:27:19.346 14990 15039 D cellinfo: 46 bytes from 54.197.223.49: icmp_seq=52 ttl=42 time=39.5 ms
08-13 17:27:19.559 14990 15039 D cellinfo: 46 bytes from 54.197.223.49: icmp_seq=53 ttl=42 time=50.1 ms
08-13 17:27:19.755 14990 15039 D cellinfo: 46 bytes from 54.197.223.49: icmp_seq=54 ttl=42 time=47.3 ms
08-13 17:27:19.956 14990 15039 D cellinfo: 46 bytes from 54.197.223.49: icmp_seq=55 ttl=42 time=47.6 ms
08-13 17:27:20.167 14990 15039 D cellinfo: 46 bytes from 54.197.223.49: icmp_seq=56 ttl=42 time=57.1 ms
08-13 17:27:20.359 14990 15039 D cellinfo: 46 bytes from 54.197.223.49: icmp_seq=57 ttl=42 time=48.0 ms
08-13 17:27:20.387 14990 14990 D cellinfo: Latitude is 40.4166836
08-13 17:27:20.388 14990 14990 D cellinfo: Longitude is -86.8131973
08-13 17:27:20.388 14990 14990 D cellinfo: Instantaneous GPS information: United States, 4803 IN-26, Lafayette, IN 47905, USA
08-13 17:27:20.388 14990 14990 D cellinfo: getCurrentLocation() result: Location (success): 40.4166836, -86.8131973
08-13 17:27:20.391 14990 14990 D cellinfo: onCellInfoChanged: Operator: Verizon Wireless UpdateTimestamp: 84938360 CellConnectionStatus: 1
08-13 17:27:20.391 14990 14990 D cellinfo: onCellInfoChanged: LTE Cell Bands: [66, 66, 13] Bandwidth: 10000 Cell ID: 58911244 Physical Cell ID: 51 Tracking Area Code: 58891 EARFCN: 66836
08-13 17:27:20.556 14990 15039 D cellinfo: 46 bytes from 54.197.223.49: icmp_seq=58 ttl=42 time=45.0 ms
08-13 17:27:20.768 14990 15039 D cellinfo: 46 bytes from 54.197.223.49: icmp_seq=59 ttl=42 time=54.9 ms
08-13 17:27:20.970 14990 15039 D cellinfo: 46 bytes from 54.197.223.49: icmp_seq=60 ttl=42 time=55.5 ms
08-13 17:27:21.167 14990 15039 D cellinfo: 46 bytes from 54.197.223.49: icmp_seq=61 ttl=42 time=50.4 ms
08-13 17:27:21.367 14990 15039 D cellinfo: 46 bytes from 54.197.223.49: icmp_seq=62 ttl=42 time=51.2 ms
08-13 17:27:21.568 14990 15039 D cellinfo: 46 bytes from 54.197.223.49: icmp_seq=63 ttl=42 time=51.9 ms
08-13 17:27:21.767 14990 15039 D cellinfo: 46 bytes from 54.197.223.49: icmp_seq=64 ttl=42 time=49.0 ms
08-13 17:27:21.967 14990 15039 D cellinfo: 46 bytes from 54.197.223.49: icmp_seq=65 ttl=42 time=47.4 ms
08-13 17:27:22.168 14990 15039 D cellinfo: 46 bytes from 54.197.223.49: icmp_seq=66 ttl=42 time=47.3 ms
08-13 17:27:22.367 14990 15039 D cellinfo: 46 bytes from 54.197.223.49: icmp_seq=67 ttl=42 time=45.0 ms
08-13 17:27:22.577 14990 15039 D cellinfo: 46 bytes from 54.197.223.49: icmp_seq=68 ttl=42 time=55.6 ms
08-13 17:27:22.777 14990 15039 D cellinfo: 46 bytes from 54.197.223.49: icmp_seq=69 ttl=42 time=54.9 ms
08-13 17:27:22.978 14990 15039 D cellinfo: 46 bytes from 54.197.223.49: icmp_seq=70 ttl=42 time=53.9 ms
08-13 17:27:23.164 14990 15039 D cellinfo: 46 bytes from 54.197.223.49: icmp_seq=71 ttl=42 time=39.6 ms
08-13 17:27:23.378 14990 15039 D cellinfo: 46 bytes from 54.197.223.49: icmp_seq=72 ttl=42 time=52.3 ms
08-13 17:27:23.383 14990 14990 D cellinfo: Latitude is 40.4168319
08-13 17:27:23.383 14990 14990 D cellinfo: Longitude is -86.8131035
08-13 17:27:23.383 14990 14990 D cellinfo: Instantaneous GPS information: United States, 4803 IN-26, Lafayette, IN 47905, USA
08-13 17:27:23.383 14990 14990 D cellinfo: getCurrentLocation() result: Location (success): 40.4168319, -86.8131035
08-13 17:27:23.390 14990 14990 D cellinfo: onCellInfoChanged: Operator: Verizon Wireless UpdateTimestamp: 84941372 CellConnectionStatus: 1
08-13 17:27:23.390 14990 14990 D cellinfo: onCellInfoChanged: LTE Cell Bands: [66, 66, 13] Bandwidth: 10000 Cell ID: 58911244 Physical Cell ID: 51 Tracking Area Code: 58891 EARFCN: 66836
08-13 17:27:23.578 14990 15039 D cellinfo: 46 bytes from 54.197.223.49: icmp_seq=73 ttl=42 time=52.1 ms
08-13 17:27:23.778 14990 15039 D cellinfo: 46 bytes from 54.197.223.49: icmp_seq=74 ttl=42 time=51.1 ms
08-13 17:27:23.980 14990 15039 D cellinfo: 46 bytes from 54.197.223.49: icmp_seq=75 ttl=42 time=51.7 ms
08-13 17:27:24.178 14990 15039 D cellinfo: 46 bytes from 54.197.223.49: icmp_seq=76 ttl=42 time=48.0 ms
08-13 17:27:24.377 14990 15039 D cellinfo: 46 bytes from 54.197.223.49: icmp_seq=77 ttl=42 time=45.8 ms
08-13 17:27:24.586 14990 15039 D cellinfo: 46 bytes from 54.197.223.49: icmp_seq=78 ttl=42 time=53.8 ms
08-13 17:27:24.787 14990 15039 D cellinfo: 46 bytes from 54.197.223.49: icmp_seq=79 ttl=42 time=53.7 ms
08-13 17:27:24.987 14990 15039 D cellinfo: 46 bytes from 54.197.223.49: icmp_seq=80 ttl=42 time=52.9 ms
08-13 17:27:25.187 14990 15039 D cellinfo: 46 bytes from 54.197.223.49: icmp_seq=81 ttl=42 time=51.8 ms
08-13 17:27:25.386 14990 15039 D cellinfo: 46 bytes from 54.197.223.49: icmp_seq=82 ttl=42 time=49.8 ms
08-13 17:27:25.589 14990 15039 D cellinfo: 46 bytes from 54.197.223.49: icmp_seq=83 ttl=42 time=51.3 ms
08-13 17:27:25.785 14990 15039 D cellinfo: 46 bytes from 54.197.223.49: icmp_seq=84 ttl=42 time=47.0 ms
08-13 17:27:25.995 14990 15039 D cellinfo: 46 bytes from 54.197.223.49: icmp_seq=85 ttl=42 time=54.8 ms
08-13 17:27:26.188 14990 15039 D cellinfo: 46 bytes from 54.197.223.49: icmp_seq=86 ttl=42 time=45.7 ms
08-13 17:27:26.368 14990 14990 D cellinfo: Latitude is 40.4167397
08-13 17:27:26.368 14990 14990 D cellinfo: Longitude is -86.8131256
08-13 17:27:26.368 14990 14990 D cellinfo: Instantaneous GPS information: United States, 4803 IN-26, Lafayette, IN 47905, USA
08-13 17:27:26.368 14990 14990 D cellinfo: getCurrentLocation() result: Location (success): 40.4167397, -86.8131256
08-13 17:27:26.371 14990 14990 D cellinfo: onCellInfoChanged: Operator: Verizon Wireless UpdateTimestamp: 84944352 CellConnectionStatus: 1
08-13 17:27:26.371 14990 14990 D cellinfo: onCellInfoChanged: LTE Cell Bands: [66, 66, 13] Bandwidth: 10000 Cell ID: 58911244 Physical Cell ID: 51 Tracking Area Code: 58891 EARFCN: 66836
08-13 17:27:26.399 14990 15039 D cellinfo: 46 bytes from 54.197.223.49: icmp_seq=87 ttl=42 time=57.0 ms
08-13 17:27:26.597 14990 15039 D cellinfo: 46 bytes from 54.197.223.49: icmp_seq=88 ttl=42 time=52.9 ms
08-13 17:27:26.797 14990 15039 D cellinfo: 46 bytes from 54.197.223.49: icmp_seq=89 ttl=42 time=51.1 ms
08-13 17:27:26.997 14990 15039 D cellinfo: 46 bytes from 54.197.223.49: icmp_seq=90 ttl=42 time=50.2 ms
08-13 17:27:27.197 14990 15039 D cellinfo: 46 bytes from 54.197.223.49: icmp_seq=91 ttl=42 time=50.2 ms
08-13 17:27:27.397 14990 15039 D cellinfo: 46 bytes from 54.197.223.49: icmp_seq=92 ttl=42 time=48.9 ms
08-13 17:27:27.597 14990 15039 D cellinfo: 46 bytes from 54.197.223.49: icmp_seq=93 ttl=42 time=46.8 ms
08-13 17:27:27.796 14990 15039 D cellinfo: 46 bytes from 54.197.223.49: icmp_seq=94 ttl=42 time=46.1 ms
08-13 17:27:28.000 14990 15039 D cellinfo: 46 bytes from 54.197.223.49: icmp_seq=95 ttl=42 time=48.5 ms
08-13 17:27:28.207 14990 15039 D cellinfo: 46 bytes from 54.197.223.49: icmp_seq=96 ttl=42 time=55.1 ms
08-13 17:27:28.407 14990 15039 D cellinfo: 46 bytes from 54.197.223.49: icmp_seq=97 ttl=42 time=55.6 ms
08-13 17:27:28.607 14990 15039 D cellinfo: 46 bytes from 54.197.223.49: icmp_seq=98 ttl=42 time=54.1 ms
08-13 17:27:28.807 14990 15039 D cellinfo: 46 bytes from 54.197.223.49: icmp_seq=99 ttl=42 time=52.8 ms
08-13 17:27:29.007 14990 15039 D cellinfo: 46 bytes from 54.197.223.49: icmp_seq=100 ttl=42 time=52.0 ms
08-13 17:27:29.208 14990 15039 D cellinfo: 46 bytes from 54.197.223.49: icmp_seq=101 ttl=42 time=52.1 ms
08-13 17:27:29.382 14990 14990 D cellinfo: Latitude is 40.4165764
08-13 17:27:29.383 14990 14990 D cellinfo: Longitude is -86.8133235
08-13 17:27:29.383 14990 14990 D cellinfo: Instantaneous GPS information: United States, 4803 IN-26, Lafayette, IN 47905, USA
08-13 17:27:29.383 14990 14990 D cellinfo: getCurrentLocation() result: Location (success): 40.4165764, -86.8133235
08-13 17:27:29.386 14990 14990 D cellinfo: onCellInfoChanged: Operator: Verizon Wireless UpdateTimestamp: 84947365 CellConnectionStatus: 1
08-13 17:27:29.386 14990 14990 D cellinfo: onCellInfoChanged: LTE Cell Bands: [66, 66, 13] Bandwidth: 10000 Cell ID: 58911244 Physical Cell ID: 51 Tracking Area Code: 58891 EARFCN: 66836
08-13 17:27:29.407 14990 15039 D cellinfo: 46 bytes from 54.197.223.49: icmp_seq=102 ttl=42 time=49.2 ms
08-13 17:27:29.615 14990 15039 D cellinfo: 46 bytes from 54.197.223.49: icmp_seq=103 ttl=42 time=56.7 ms
08-13 17:27:29.807 14990 15039 D cellinfo: 46 bytes from 54.197.223.49: icmp_seq=104 ttl=42 time=47.5 ms
08-13 17:27:30.006 14990 15039 D cellinfo: 46 bytes from 54.197.223.49: icmp_seq=105 ttl=42 time=46.1 ms
08-13 17:27:30.208 14990 15039 D cellinfo: 46 bytes from 54.197.223.49: icmp_seq=106 ttl=42 time=46.9 ms
08-13 17:27:30.419 14990 15039 D cellinfo: 46 bytes from 54.197.223.49: icmp_seq=107 ttl=42 time=56.6 ms
08-13 17:27:30.617 14990 15039 D cellinfo: 46 bytes from 54.197.223.49: icmp_seq=108 ttl=42 time=54.4 ms
08-13 17:27:30.818 14990 15039 D cellinfo: 46 bytes from 54.197.223.49: icmp_seq=109 ttl=42 time=53.4 ms
08-13 17:27:31.017 14990 15039 D cellinfo: 46 bytes from 54.197.223.49: icmp_seq=110 ttl=42 time=52.3 ms
08-13 17:27:31.217 14990 15039 D cellinfo: 46 bytes from 54.197.223.49: icmp_seq=111 ttl=42 time=52.2 ms
08-13 17:27:31.417 14990 15039 D cellinfo: 46 bytes from 54.197.223.49: icmp_seq=112 ttl=42 time=51.9 ms
08-13 17:27:31.618 14990 15039 D cellinfo: 46 bytes from 54.197.223.49: icmp_seq=113 ttl=42 time=50.9 ms
08-13 17:27:31.815 14990 15039 D cellinfo: 46 bytes from 54.197.223.49: icmp_seq=114 ttl=42 time=47.5 ms
08-13 17:27:32.017 14990 15039 D cellinfo: 46 bytes from 54.197.223.49: icmp_seq=115 ttl=42 time=48.1 ms
08-13 17:27:32.217 14990 15039 D cellinfo: 46 bytes from 54.197.223.49: icmp_seq=116 ttl=42 time=47.2 ms
08-13 17:27:32.402 14990 14990 D cellinfo: Latitude is 40.4166758
08-13 17:27:32.402 14990 14990 D cellinfo: Longitude is -86.8139609
08-13 17:27:32.402 14990 14990 D cellinfo: Instantaneous GPS information: United States, Meijer Ct & Meijer Dr (NE Corner): BUS299, Lafayette, IN 47905, USA
08-13 17:27:32.402 14990 14990 D cellinfo: getCurrentLocation() result: Location (success): 40.4166758, -86.8139609
08-13 17:27:32.405 14990 14990 D cellinfo: onCellInfoChanged: Operator: Verizon Wireless UpdateTimestamp: 84950372 CellConnectionStatus: 1
08-13 17:27:32.405 14990 14990 D cellinfo: onCellInfoChanged: LTE Cell Bands: [66, 66, 13] Bandwidth: 10000 Cell ID: 58911244 Physical Cell ID: 51 Tracking Area Code: 58891 EARFCN: 66836
08-13 17:27:32.418 14990 15039 D cellinfo: 46 bytes from 54.197.223.49: icmp_seq=117 ttl=42 time=47.0 ms
08-13 17:27:32.618 14990 15039 D cellinfo: 46 bytes from 54.197.223.49: icmp_seq=118 ttl=42 time=46.0 ms
08-13 17:27:32.826 14990 15039 D cellinfo: 46 bytes from 54.197.223.49: icmp_seq=119 ttl=42 time=53.2 ms
08-13 17:27:33.027 14990 15039 D cellinfo: 46 bytes from 54.197.223.49: icmp_seq=120 ttl=42 time=54.0 ms
08-13 17:27:33.228 14990 15039 D cellinfo: 46 bytes from 54.197.223.49: icmp_seq=121 ttl=42 time=54.6 ms
08-13 17:27:33.426 14990 15039 D cellinfo: 46 bytes from 54.197.223.49: icmp_seq=122 ttl=42 time=52.2 ms
08-13 17:27:33.626 14990 15039 D cellinfo: 46 bytes from 54.197.223.49: icmp_seq=123 ttl=42 time=51.2 ms
08-13 17:27:33.828 14990 15039 D cellinfo: 46 bytes from 54.197.223.49: icmp_seq=124 ttl=42 time=51.2 ms
08-13 17:27:34.027 14990 15039 D cellinfo: 46 bytes from 54.197.223.49: icmp_seq=125 ttl=42 time=49.4 ms
08-13 17:27:34.227 14990 15039 D cellinfo: 46 bytes from 54.197.223.49: icmp_seq=126 ttl=42 time=49.7 ms
08-13 17:27:34.429 14990 15039 D cellinfo: 46 bytes from 54.197.223.49: icmp_seq=127 ttl=42 time=49.8 ms
08-13 17:27:34.627 14990 15039 D cellinfo: 46 bytes from 54.197.223.49: icmp_seq=128 ttl=42 time=47.6 ms
08-13 17:27:34.828 14990 15039 D cellinfo: 46 bytes from 54.197.223.49: icmp_seq=129 ttl=42 time=47.9 ms
08-13 17:27:35.027 14990 15039 D cellinfo: 46 bytes from 54.197.223.49: icmp_seq=130 ttl=42 time=45.6 ms
08-13 17:27:35.229 14990 15039 D cellinfo: 46 bytes from 54.197.223.49: icmp_seq=131 ttl=42 time=47.2 ms
08-13 17:27:35.409 14990 14990 D cellinfo: Latitude is 40.416664
08-13 17:27:35.410 14990 14990 D cellinfo: Longitude is -86.8150594
08-13 17:27:35.410 14990 14990 D cellinfo: Instantaneous GPS information: United States, 4729 Meijer Ct, Lafayette, IN 47905, USA
08-13 17:27:35.410 14990 14990 D cellinfo: getCurrentLocation() result: Location (success): 40.416664, -86.8150594
08-13 17:27:35.413 14990 14990 D cellinfo: onCellInfoChanged: Operator: Verizon Wireless UpdateTimestamp: 84953372 CellConnectionStatus: 1
08-13 17:27:35.413 14990 14990 D cellinfo: onCellInfoChanged: LTE Cell Bands: [66, 66, 13] Bandwidth: 10000 Cell ID: 58911244 Physical Cell ID: 51 Tracking Area Code: 58891 EARFCN: 66836
08-13 17:27:35.438 14990 15039 D cellinfo: 46 bytes from 54.197.223.49: icmp_seq=132 ttl=42 time=56.2 ms
08-13 17:27:35.636 14990 15039 D cellinfo: 46 bytes from 54.197.223.49: icmp_seq=133 ttl=42 time=53.4 ms
08-13 17:27:35.836 14990 15039 D cellinfo: 46 bytes from 54.197.223.49: icmp_seq=134 ttl=42 time=52.9 ms
08-13 17:27:36.036 14990 15039 D cellinfo: 46 bytes from 54.197.223.49: icmp_seq=135 ttl=42 time=51.2 ms
08-13 17:27:36.238 14990 15039 D cellinfo: 46 bytes from 54.197.223.49: icmp_seq=136 ttl=42 time=53.0 ms
08-13 17:27:36.437 14990 15039 D cellinfo: 46 bytes from 54.197.223.49: icmp_seq=137 ttl=42 time=51.2 ms
08-13 17:27:36.637 14990 15039 D cellinfo: 46 bytes from 54.197.223.49: icmp_seq=138 ttl=42 time=51.0 ms
08-13 17:27:36.838 14990 15039 D cellinfo: 46 bytes from 54.197.223.49: icmp_seq=139 ttl=42 time=51.2 ms
08-13 17:27:37.037 14990 15039 D cellinfo: 46 bytes from 54.197.223.49: icmp_seq=140 ttl=42 time=49.1 ms
08-13 17:27:37.247 14990 15039 D cellinfo: 46 bytes from 54.197.223.49: icmp_seq=141 ttl=42 time=58.2 ms
08-13 17:27:37.436 14990 15039 D cellinfo: 46 bytes from 54.197.223.49: icmp_seq=142 ttl=42 time=47.3 ms
08-13 17:27:37.637 14990 15039 D cellinfo: 46 bytes from 54.197.223.49: icmp_seq=143 ttl=42 time=47.4 ms
08-13 17:27:37.837 14990 15039 D cellinfo: 46 bytes from 54.197.223.49: icmp_seq=144 ttl=42 time=46.9 ms
08-13 17:27:38.037 14990 15039 D cellinfo: 46 bytes from 54.197.223.49: icmp_seq=145 ttl=42 time=45.7 ms
08-13 17:27:38.082 14990 14990 D cellinfo: onCellInfoChanged: Operator: Verizon Wireless UpdateTimestamp: 84956365 CellConnectionStatus: 1
08-13 17:27:38.082 14990 14990 D cellinfo: onCellInfoChanged: LTE Cell Bands: [66, 66, 13] Bandwidth: 10000 Cell ID: 58911244 Physical Cell ID: 51 Tracking Area Code: 58891 EARFCN: 66836
08-13 17:27:38.233 14990 15039 D cellinfo: 46 bytes from 54.197.223.49: icmp_seq=146 ttl=42 time=42.6 ms
08-13 17:27:38.446 14990 15039 D cellinfo: 46 bytes from 54.197.223.49: icmp_seq=147 ttl=42 time=53.6 ms
08-13 17:27:38.646 14990 15039 D cellinfo: 46 bytes from 54.197.223.49: icmp_seq=148 ttl=42 time=51.7 ms
08-13 17:27:38.845 14990 15039 D cellinfo: 46 bytes from 54.197.223.49: icmp_seq=149 ttl=42 time=50.9 ms
08-13 17:27:39.059 14990 15039 D cellinfo: 46 bytes from 54.197.223.49: icmp_seq=150 ttl=42 time=62.9 ms
08-13 17:27:39.200 14990 14990 D cellinfo: Latitude is 40.4168221
08-13 17:27:39.200 14990 14990 D cellinfo: Longitude is -86.8136839
08-13 17:27:39.200 14990 14990 D cellinfo: Instantaneous GPS information: United States, Meijer Ct & Meijer Dr (NE Corner): BUS299, Lafayette, IN 47905, USA
08-13 17:27:39.201 14990 14990 D cellinfo: getCurrentLocation() result: Location (success): 40.4168221, -86.8136839
08-13 17:27:39.245 14990 15039 D cellinfo: 46 bytes from 54.197.223.49: icmp_seq=151 ttl=42 time=49.1 ms
08-13 17:27:39.447 14990 15039 D cellinfo: 46 bytes from 54.197.223.49: icmp_seq=152 ttl=42 time=49.9 ms
08-13 17:27:39.647 14990 15039 D cellinfo: 46 bytes from 54.197.223.49: icmp_seq=153 ttl=42 time=50.8 ms
08-13 17:27:39.847 14990 15039 D cellinfo: 46 bytes from 54.197.223.49: icmp_seq=154 ttl=42 time=50.1 ms
08-13 17:27:40.049 14990 15039 D cellinfo: 46 bytes from 54.197.223.49: icmp_seq=155 ttl=42 time=49.6 ms
08-13 17:27:40.247 14990 15039 D cellinfo: 46 bytes from 54.197.223.49: icmp_seq=156 ttl=42 time=48.6 ms
08-13 17:27:40.445 14990 15039 D cellinfo: 46 bytes from 54.197.223.49: icmp_seq=157 ttl=42 time=46.4 ms
08-13 17:27:40.647 14990 15039 D cellinfo: 46 bytes from 54.197.223.49: icmp_seq=158 ttl=42 time=48.3 ms
08-13 17:27:40.847 14990 15039 D cellinfo: 46 bytes from 54.197.223.49: icmp_seq=159 ttl=42 time=45.9 ms
08-13 17:27:41.055 14990 15039 D cellinfo: 46 bytes from 54.197.223.49: icmp_seq=160 ttl=42 time=53.7 ms
08-13 17:27:41.265 14990 15039 D cellinfo: 46 bytes from 54.197.223.49: icmp_seq=161 ttl=42 time=62.0 ms
08-13 17:27:41.396 14990 14990 D cellinfo: Latitude is 40.4162189
08-13 17:27:41.396 14990 14990 D cellinfo: Longitude is -86.8133763
08-13 17:27:41.396 14990 14990 D cellinfo: Instantaneous GPS information: United States, 4803 IN-26, Lafayette, IN 47905, USA
08-13 17:27:41.397 14990 14990 D cellinfo: getCurrentLocation() result: Location (success): 40.4162189, -86.8133763
08-13 17:27:41.401 14990 14990 D cellinfo: onCellInfoChanged: Operator: Verizon Wireless UpdateTimestamp: 84959345 CellConnectionStatus: 1
08-13 17:27:41.401 14990 14990 D cellinfo: onCellInfoChanged: LTE Cell Bands: [66, 66, 13] Bandwidth: 10000 Cell ID: 58911244 Physical Cell ID: 51 Tracking Area Code: 58891 EARFCN: 66836
08-13 17:27:41.452 14990 15039 D cellinfo: 46 bytes from 54.197.223.49: icmp_seq=162 ttl=42 time=48.9 ms
08-13 17:27:41.655 14990 15039 D cellinfo: 46 bytes from 54.197.223.49: icmp_seq=163 ttl=42 time=51.0 ms
08-13 17:27:41.856 14990 15039 D cellinfo: 46 bytes from 54.197.223.49: icmp_seq=164 ttl=42 time=50.9 ms
08-13 17:27:42.057 14990 15039 D cellinfo: 46 bytes from 54.197.223.49: icmp_seq=165 ttl=42 time=50.5 ms
08-13 17:27:42.255 14990 15039 D cellinfo: 46 bytes from 54.197.223.49: icmp_seq=166 ttl=42 time=48.9 ms
08-13 17:27:42.456 14990 15039 D cellinfo: 46 bytes from 54.197.223.49: icmp_seq=167 ttl=42 time=48.1 ms
08-13 17:27:42.658 14990 15039 D cellinfo: 46 bytes from 54.197.223.49: icmp_seq=168 ttl=42 time=48.9 ms
08-13 17:27:42.865 14990 15039 D cellinfo: 46 bytes from 54.197.223.49: icmp_seq=169 ttl=42 time=54.9 ms
08-13 17:27:43.056 14990 15039 D cellinfo: 46 bytes from 54.197.223.49: icmp_seq=170 ttl=42 time=45.8 ms
08-13 17:27:43.275 14990 15039 D cellinfo: 46 bytes from 54.197.223.49: icmp_seq=171 ttl=42 time=63.0 ms
08-13 17:27:43.467 14990 15039 D cellinfo: 46 bytes from 54.197.223.49: icmp_seq=172 ttl=42 time=53.7 ms
08-13 17:27:43.668 14990 15039 D cellinfo: 46 bytes from 54.197.223.49: icmp_seq=173 ttl=42 time=52.9 ms
08-13 17:27:43.868 14990 15039 D cellinfo: 46 bytes from 54.197.223.49: icmp_seq=174 ttl=42 time=53.2 ms
08-13 17:27:44.041 14990 14990 D cellinfo: Latitude is 40.4168491
08-13 17:27:44.042 14990 14990 D cellinfo: Longitude is -86.813023
08-13 17:27:44.042 14990 14990 D cellinfo: Instantaneous GPS information: United States, 4803 IN-26, Lafayette, IN 47905, USA
08-13 17:27:44.042 14990 14990 D cellinfo: getCurrentLocation() result: Location (success): 40.4168491, -86.813023
08-13 17:27:44.067 14990 15039 D cellinfo: 46 bytes from 54.197.223.49: icmp_seq=175 ttl=42 time=51.5 ms
08-13 17:27:44.084 14990 14990 D cellinfo: onCellInfoChanged: Operator: Verizon Wireless UpdateTimestamp: 84962367 CellConnectionStatus: 1
08-13 17:27:44.084 14990 14990 D cellinfo: onCellInfoChanged: LTE Cell Bands: [66, 66, 13] Bandwidth: 10000 Cell ID: 58911244 Physical Cell ID: 51 Tracking Area Code: 58891 EARFCN: 66836
08-13 17:27:44.258 14990 15039 D cellinfo: 46 bytes from 54.197.223.49: icmp_seq=176 ttl=42 time=42.5 ms
08-13 17:27:44.468 14990 15039 D cellinfo: 46 bytes from 54.197.223.49: icmp_seq=177 ttl=42 time=50.8 ms
08-13 17:27:44.668 14990 15039 D cellinfo: 46 bytes from 54.197.223.49: icmp_seq=178 ttl=42 time=48.5 ms
08-13 17:27:44.869 14990 15039 D cellinfo: 46 bytes from 54.197.223.49: icmp_seq=179 ttl=42 time=48.0 ms
08-13 17:27:45.071 14990 15039 D cellinfo: 46 bytes from 54.197.223.49: icmp_seq=180 ttl=42 time=50.3 ms
08-13 17:27:45.278 14990 15039 D cellinfo: 46 bytes from 54.197.223.49: icmp_seq=181 ttl=42 time=56.2 ms
08-13 17:27:45.477 14990 15039 D cellinfo: 46 bytes from 54.197.223.49: icmp_seq=182 ttl=42 time=54.0 ms
08-13 17:27:45.677 14990 15039 D cellinfo: 46 bytes from 54.197.223.49: icmp_seq=183 ttl=42 time=53.2 ms
08-13 17:27:45.877 14990 15039 D cellinfo: 46 bytes from 54.197.223.49: icmp_seq=184 ttl=42 time=53.3 ms
08-13 17:27:46.078 14990 15039 D cellinfo: 46 bytes from 54.197.223.49: icmp_seq=185 ttl=42 time=52.3 ms
08-13 17:27:46.277 14990 15039 D cellinfo: 46 bytes from 54.197.223.49: icmp_seq=186 ttl=42 time=51.3 ms
08-13 17:27:46.478 14990 15039 D cellinfo: 46 bytes from 54.197.223.49: icmp_seq=187 ttl=42 time=50.2 ms
08-13 17:27:46.677 14990 15039 D cellinfo: 46 bytes from 54.197.223.49: icmp_seq=188 ttl=42 time=50.1 ms
08-13 17:27:46.878 14990 15039 D cellinfo: 46 bytes from 54.197.223.49: icmp_seq=189 ttl=42 time=48.0 ms
08-13 17:27:47.079 14990 15039 D cellinfo: 46 bytes from 54.197.223.49: icmp_seq=190 ttl=42 time=50.3 ms
08-13 17:27:47.084 14990 14990 D cellinfo: onCellInfoChanged: Operator: Verizon Wireless UpdateTimestamp: 84965365 CellConnectionStatus: 1
08-13 17:27:47.084 14990 14990 D cellinfo: onCellInfoChanged: LTE Cell Bands: [66, 66, 13] Bandwidth: 10000 Cell ID: 58911244 Physical Cell ID: 51 Tracking Area Code: 58891 EARFCN: 66836
08-13 17:27:47.276 14990 15039 D cellinfo: 46 bytes from 54.197.223.49: icmp_seq=191 ttl=42 time=45.8 ms
08-13 17:27:47.478 14990 15039 D cellinfo: 46 bytes from 54.197.223.49: icmp_seq=192 ttl=42 time=45.0 ms
08-13 17:27:47.676 14990 15039 D cellinfo: 46 bytes from 54.197.223.49: icmp_seq=193 ttl=42 time=43.6 ms
08-13 17:27:47.886 14990 15039 D cellinfo: 46 bytes from 54.197.223.49: icmp_seq=194 ttl=42 time=53.4 ms
08-13 17:27:48.088 14990 15039 D cellinfo: 46 bytes from 54.197.223.49: icmp_seq=195 ttl=42 time=53.3 ms
08-13 17:27:48.267 14990 14990 D cellinfo: Latitude is 40.416949
08-13 17:27:48.267 14990 14990 D cellinfo: Longitude is -86.8132154
08-13 17:27:48.267 14990 14990 D cellinfo: Instantaneous GPS information: United States, 4803 IN-26, Lafayette, IN 47905, USA
08-13 17:27:48.268 14990 14990 D cellinfo: getCurrentLocation() result: Location (success): 40.416949, -86.8132154
