08-13 15:31:42.821 11921 11921 D cellinfo: Longitude is -86.8981166
08-13 15:31:42.821 11921 11921 D cellinfo: Instantaneous GPS information: United States, I-65, West Lafayette, IN 47906, USA
08-13 15:31:42.821 11921 11921 D cellinfo: getCurrentLocation() result: Location (success): 40.5199024, -86.8981166
08-13 15:31:42.824 11921 11921 D cellinfo: onCellInfoChanged: Operator: Verizon Wireless UpdateTimestamp: 78000657 CellConnectionStatus: 1
08-13 15:31:42.824 11921 11921 D cellinfo: onCellInfoChanged: LTE Cell Bands: [13, 66, 66, 2] Bandwidth: 10000 Cell ID: 58943747 Physical Cell ID: 245 Tracking Area Code: 58891 EARFCN: 5230
08-13 15:31:42.986 11921 11983 D cellinfo: 46 bytes from 54.197.223.49: icmp_seq=581 ttl=40 time=61.4 ms
08-13 15:31:43.194 11921 11983 D cellinfo: 46 bytes from 54.197.223.49: icmp_seq=582 ttl=40 time=67.5 ms
08-13 15:31:43.390 11921 11983 D cellinfo: 46 bytes from 54.197.223.49: icmp_seq=583 ttl=40 time=62.4 ms
08-13 15:31:43.594 11921 11983 D cellinfo: 46 bytes from 54.197.223.49: icmp_seq=584 ttl=40 time=65.9 ms
08-13 15:31:43.794 11921 11983 D cellinfo: 46 bytes from 54.197.223.49: icmp_seq=585 ttl=40 time=65.6 ms
08-13 15:31:43.997 11921 11983 D cellinfo: 46 bytes from 54.197.223.49: icmp_seq=586 ttl=40 time=67.3 ms
08-13 15:31:44.205 11921 11983 D cellinfo: 46 bytes from 54.197.223.49: icmp_seq=587 ttl=40 time=74.0 ms
08-13 15:31:44.395 11921 11983 D cellinfo: 46 bytes from 54.197.223.49: icmp_seq=588 ttl=40 time=63.5 ms
08-13 15:31:44.608 11921 11983 D cellinfo: 46 bytes from 54.197.223.49: icmp_seq=589 ttl=40 time=75.1 ms
08-13 15:31:44.803 11921 11983 D cellinfo: 46 bytes from 54.197.223.49: icmp_seq=590 ttl=40 time=70.5 ms
08-13 15:31:45.020 11921 11983 D cellinfo: 46 bytes from 54.197.223.49: icmp_seq=591 ttl=40 time=86.7 ms
08-13 15:31:45.213 11921 11983 D cellinfo: 46 bytes from 54.197.223.49: icmp_seq=592 ttl=40 time=80.2 ms
08-13 15:31:45.372 11921 11921 D cellinfo: onCellInfoChanged: Operator: Verizon Wireless UpdateTimestamp: 78003656 CellConnectionStatus: 1
08-13 15:31:45.373 11921 11921 D cellinfo: onCellInfoChanged: LTE Cell Bands: [13, 66, 66, 2] Bandwidth: 10000 Cell ID: 58943747 Physical Cell ID: 245 Tracking Area Code: 58891 EARFCN: 5230
08-13 15:31:45.449 11921 11983 D cellinfo: 46 bytes from 54.197.223.49: icmp_seq=593 ttl=40 time=114 ms
08-13 15:31:45.609 11921 11983 D cellinfo: 46 bytes from 54.197.223.49: icmp_seq=594 ttl=40 time=73.6 ms
08-13 15:31:45.802 11921 11983 D cellinfo: 46 bytes from 54.197.223.49: icmp_seq=595 ttl=40 time=65.3 ms
08-13 15:31:45.927 11921 11921 D cellinfo: Latitude is 40.5174557
08-13 15:31:45.927 11921 11921 D cellinfo: Longitude is -86.8962642
08-13 15:31:45.927 11921 11921 D cellinfo: Instantaneous GPS information: United States, I-65, West Lafayette, IN 47906, USA
08-13 15:31:45.927 11921 11921 D cellinfo: getCurrentLocation() result: Location (success): 40.5174557, -86.8962642
08-13 15:31:45.932 11921 11921 D cellinfo: onsignalStrengthsChanged: LTE Signal Strength info: rsrp: -109 rsrq: -15 rssi: -85 rssnr: -2
08-13 15:31:46.009 11921 11983 D cellinfo: 46 bytes from 54.197.223.49: icmp_seq=596 ttl=40 time=73.4 ms
08-13 15:31:46.207 11921 11983 D cellinfo: 46 bytes from 54.197.223.49: icmp_seq=597 ttl=40 time=69.2 ms
08-13 15:31:46.404 11921 11983 D cellinfo: 46 bytes from 54.197.223.49: icmp_seq=598 ttl=40 time=67.2 ms
08-13 15:31:46.610 11921 11983 D cellinfo: 46 bytes from 54.197.223.49: icmp_seq=599 ttl=40 time=71.3 ms
08-13 15:31:46.803 11921 11983 D cellinfo: 46 bytes from 54.197.223.49: icmp_seq=600 ttl=40 time=64.3 ms
08-13 15:31:47.015 11921 11983 D cellinfo: 46 bytes from 54.197.223.49: icmp_seq=601 ttl=40 time=74.4 ms
08-13 15:31:47.213 11921 11983 D cellinfo: 46 bytes from 54.197.223.49: icmp_seq=602 ttl=40 time=73.2 ms
08-13 15:31:47.413 11921 11983 D cellinfo: 46 bytes from 54.197.223.49: icmp_seq=603 ttl=40 time=72.7 ms
08-13 15:31:47.615 11921 11983 D cellinfo: 46 bytes from 54.197.223.49: icmp_seq=604 ttl=40 time=72.9 ms
08-13 15:31:47.818 11921 11983 D cellinfo: 46 bytes from 54.197.223.49: icmp_seq=605 ttl=40 time=76.6 ms
08-13 15:31:48.019 11921 11983 D cellinfo: 46 bytes from 54.197.223.49: icmp_seq=606 ttl=40 time=77.0 ms
08-13 15:31:48.216 11921 11983 D cellinfo: 46 bytes from 54.197.223.49: icmp_seq=607 ttl=40 time=73.7 ms
08-13 15:31:48.422 11921 11983 D cellinfo: 46 bytes from 54.197.223.49: icmp_seq=608 ttl=40 time=78.7 ms
08-13 15:31:48.603 11921 11983 D cellinfo: 46 bytes from 54.197.223.49: icmp_seq=609 ttl=40 time=58.8 ms
08-13 15:31:48.748 11921 11921 D cellinfo: Latitude is 40.5172912
08-13 15:31:48.748 11921 11921 D cellinfo: Longitude is -86.8961393
08-13 15:31:48.748 11921 11921 D cellinfo: Instantaneous GPS information: United States, I-65, West Lafayette, IN 47906, USA
08-13 15:31:48.748 11921 11921 D cellinfo: getCurrentLocation() result: Location (success): 40.5172912, -86.8961393
08-13 15:31:48.752 11921 11921 D cellinfo: onCellInfoChanged: Operator: Verizon Wireless UpdateTimestamp: 78006647 CellConnectionStatus: 1
08-13 15:31:48.752 11921 11921 D cellinfo: onCellInfoChanged: LTE Cell Bands: [13, 66, 66, 2] Bandwidth: 10000 Cell ID: 58943747 Physical Cell ID: 245 Tracking Area Code: 58891 EARFCN: 5230
08-13 15:31:48.803 11921 11983 D cellinfo: 46 bytes from 54.197.223.49: icmp_seq=610 ttl=40 time=59.0 ms
08-13 15:31:49.005 11921 11983 D cellinfo: 46 bytes from 54.197.223.49: icmp_seq=611 ttl=40 time=60.4 ms
08-13 15:31:49.205 11921 11983 D cellinfo: 46 bytes from 54.197.223.49: icmp_seq=612 ttl=40 time=59.5 ms
08-13 15:31:49.405 11921 11983 D cellinfo: 46 bytes from 54.197.223.49: icmp_seq=613 ttl=40 time=58.3 ms
08-13 15:31:49.631 11921 11983 D cellinfo: 46 bytes from 54.197.223.49: icmp_seq=614 ttl=40 time=84.2 ms
08-13 15:31:49.814 11921 11983 D cellinfo: 46 bytes from 54.197.223.49: icmp_seq=615 ttl=40 time=66.9 ms
08-13 15:31:49.896 11921 11921 D cellinfo: onsignalStrengthsChanged: LTE Signal Strength info: rsrp: -108 rsrq: -14 rssi: -87 rssnr: 1
08-13 15:31:50.018 11921 11983 D cellinfo: 46 bytes from 54.197.223.49: icmp_seq=616 ttl=40 time=70.3 ms
08-13 15:31:50.213 11921 11983 D cellinfo: 46 bytes from 54.197.223.49: icmp_seq=617 ttl=40 time=65.2 ms
08-13 15:31:50.409 11921 11983 D cellinfo: 46 bytes from 54.197.223.49: icmp_seq=618 ttl=40 time=59.8 ms
08-13 15:31:50.619 11921 11983 D cellinfo: 46 bytes from 54.197.223.49: icmp_seq=619 ttl=40 time=69.0 ms
08-13 15:31:50.817 11921 11983 D cellinfo: 46 bytes from 54.197.223.49: icmp_seq=620 ttl=40 time=65.8 ms
08-13 15:31:51.016 11921 11983 D cellinfo: 46 bytes from 54.197.223.49: icmp_seq=621 ttl=40 time=63.4 ms
08-13 15:31:51.215 11921 11983 D cellinfo: 46 bytes from 54.197.223.49: icmp_seq=622 ttl=40 time=63.3 ms
08-13 15:31:51.421 11921 11983 D cellinfo: 46 bytes from 54.197.223.49: icmp_seq=623 ttl=40 time=68.4 ms
08-13 15:31:51.636 11921 11983 D cellinfo: 46 bytes from 54.197.223.49: icmp_seq=624 ttl=40 time=82.2 ms
08-13 15:31:51.774 11921 11921 D cellinfo: Latitude is 40.516709
08-13 15:31:51.775 11921 11921 D cellinfo: Longitude is -86.8956978
08-13 15:31:51.775 11921 11921 D cellinfo: Instantaneous GPS information: United States, I-65, West Lafayette, IN 47906, USA
08-13 15:31:51.775 11921 11921 D cellinfo: getCurrentLocation() result: Location (success): 40.516709, -86.8956978
08-13 15:31:51.779 11921 11921 D cellinfo: onCellInfoChanged: Operator: Verizon Wireless UpdateTimestamp: 78009664 CellConnectionStatus: 1
08-13 15:31:51.779 11921 11921 D cellinfo: onCellInfoChanged: LTE Cell Bands: [13, 66, 66, 2] Bandwidth: 10000 Cell ID: 58943747 Physical Cell ID: 245 Tracking Area Code: 58891 EARFCN: 5230
08-13 15:31:51.814 11921 11983 D cellinfo: 46 bytes from 54.197.223.49: icmp_seq=625 ttl=40 time=59.7 ms
08-13 15:31:52.023 11921 11983 D cellinfo: 46 bytes from 54.197.223.49: icmp_seq=626 ttl=40 time=68.2 ms
08-13 15:31:52.223 11921 11983 D cellinfo: 46 bytes from 54.197.223.49: icmp_seq=627 ttl=40 time=68.2 ms
08-13 15:31:52.415 11921 11983 D cellinfo: 46 bytes from 54.197.223.49: icmp_seq=628 ttl=40 time=59.3 ms
08-13 15:31:52.623 11921 11983 D cellinfo: 46 bytes from 54.197.223.49: icmp_seq=629 ttl=40 time=67.0 ms
08-13 15:31:52.816 11921 11983 D cellinfo: 46 bytes from 54.197.223.49: icmp_seq=630 ttl=40 time=58.7 ms
08-13 15:31:53.022 11921 11983 D cellinfo: 46 bytes from 54.197.223.49: icmp_seq=631 ttl=40 time=63.9 ms
08-13 15:31:53.222 11921 11983 D cellinfo: 46 bytes from 54.197.223.49: icmp_seq=632 ttl=40 time=64.5 ms
08-13 15:31:53.425 11921 11983 D cellinfo: 46 bytes from 54.197.223.49: icmp_seq=633 ttl=40 time=66.9 ms
08-13 15:31:53.631 11921 11983 D cellinfo: 46 bytes from 54.197.223.49: icmp_seq=634 ttl=40 time=71.9 ms
08-13 15:31:53.842 11921 11983 D cellinfo: 46 bytes from 54.197.223.49: icmp_seq=635 ttl=40 time=82.4 ms
08-13 15:31:54.032 11921 11983 D cellinfo: 46 bytes from 54.197.223.49: icmp_seq=636 ttl=40 time=71.9 ms
08-13 15:31:54.226 11921 11983 D cellinfo: 46 bytes from 54.197.223.49: icmp_seq=637 ttl=40 time=65.5 ms
08-13 15:31:54.435 11921 11983 D cellinfo: 46 bytes from 54.197.223.49: icmp_seq=638 ttl=40 time=73.4 ms
08-13 15:31:54.631 11921 11983 D cellinfo: 46 bytes from 54.197.223.49: icmp_seq=639 ttl=40 time=67.7 ms
08-13 15:31:54.796 11921 11921 D cellinfo: Latitude is 40.5166353
08-13 15:31:54.796 11921 11921 D cellinfo: Longitude is -86.8956423
08-13 15:31:54.796 11921 11921 D cellinfo: Instantaneous GPS information: United States, I-65, West Lafayette, IN 47906, USA
08-13 15:31:54.796 11921 11921 D cellinfo: getCurrentLocation() result: Location (success): 40.5166353, -86.8956423
08-13 15:31:54.801 11921 11921 D cellinfo: onCellInfoChanged: Operator: Verizon Wireless UpdateTimestamp: 78012669 CellConnectionStatus: 1
08-13 15:31:54.801 11921 11921 D cellinfo: onCellInfoChanged: LTE Cell Bands: [13, 66, 66, 2] Bandwidth: 10000 Cell ID: 58943747 Physical Cell ID: 245 Tracking Area Code: 58891 EARFCN: 5230
08-13 15:31:54.827 11921 11983 D cellinfo: 46 bytes from 54.197.223.49: icmp_seq=640 ttl=40 time=63.0 ms
08-13 15:31:55.046 11921 11983 D cellinfo: 46 bytes from 54.197.223.49: icmp_seq=641 ttl=40 time=82.0 ms
08-13 15:31:55.228 11921 11983 D cellinfo: 46 bytes from 54.197.223.49: icmp_seq=642 ttl=40 time=64.8 ms
08-13 15:31:55.429 11921 11983 D cellinfo: 46 bytes from 54.197.223.49: icmp_seq=643 ttl=40 time=65.0 ms
08-13 15:31:55.638 11921 11983 D cellinfo: 46 bytes from 54.197.223.49: icmp_seq=644 ttl=40 time=72.8 ms
08-13 15:31:55.843 11921 11983 D cellinfo: 46 bytes from 54.197.223.49: icmp_seq=645 ttl=40 time=75.4 ms
08-13 15:31:56.027 11921 11983 D cellinfo: 46 bytes from 54.197.223.49: icmp_seq=646 ttl=40 time=59.9 ms
08-13 15:31:56.226 11921 11983 D cellinfo: 46 bytes from 54.197.223.49: icmp_seq=647 ttl=40 time=59.4 ms
08-13 15:31:56.425 11921 11983 D cellinfo: 46 bytes from 54.197.223.49: icmp_seq=648 ttl=40 time=57.4 ms
08-13 15:31:56.627 11921 11983 D cellinfo: 46 bytes from 54.197.223.49: icmp_seq=649 ttl=40 time=58.8 ms
08-13 15:31:56.826 11921 11983 D cellinfo: 46 bytes from 54.197.223.49: icmp_seq=650 ttl=40 time=57.5 ms
08-13 15:31:57.025 11921 11983 D cellinfo: 46 bytes from 54.197.223.49: icmp_seq=651 ttl=40 time=55.6 ms
08-13 15:31:57.249 11921 11983 D cellinfo: 46 bytes from 54.197.223.49: icmp_seq=652 ttl=40 time=78.6 ms
08-13 15:31:57.362 11921 11921 D cellinfo: onCellInfoChanged: Operator: Verizon Wireless UpdateTimestamp: 78015645 CellConnectionStatus: 1
08-13 15:31:57.362 11921 11921 D cellinfo: onCellInfoChanged: LTE Cell Bands: [13, 66, 66, 2] Bandwidth: 10000 Cell ID: 58943747 Physical Cell ID: 245 Tracking Area Code: 58891 EARFCN: 5230
08-13 15:31:57.426 11921 11983 D cellinfo: 46 bytes from 54.197.223.49: icmp_seq=653 ttl=40 time=56.3 ms
08-13 15:31:57.768 11921 11983 D cellinfo: 46 bytes from 54.197.223.49: icmp_seq=654 ttl=40 time=197 ms
08-13 15:31:57.851 11921 11983 D cellinfo: 46 bytes from 54.197.223.49: icmp_seq=655 ttl=40 time=80.2 ms
08-13 15:31:58.035 11921 11983 D cellinfo: 46 bytes from 54.197.223.49: icmp_seq=656 ttl=40 time=63.4 ms
08-13 15:31:58.180 11921 11921 D cellinfo: Latitude is 40.5141201
08-13 15:31:58.180 11921 11921 D cellinfo: Longitude is -86.8938374
08-13 15:31:58.180 11921 11921 D cellinfo: Instantaneous GPS information: United States, 711 E 650 N, West Lafayette, IN 47906, USA
08-13 15:31:58.180 11921 11921 D cellinfo: getCurrentLocation() result: Location (success): 40.5141201, -86.8938374
08-13 15:31:58.251 11921 11983 D cellinfo: 46 bytes from 54.197.223.49: icmp_seq=657 ttl=40 time=79.5 ms
08-13 15:31:58.435 11921 11983 D cellinfo: 46 bytes from 54.197.223.49: icmp_seq=658 ttl=40 time=63.2 ms
08-13 15:31:58.635 11921 11983 D cellinfo: 46 bytes from 54.197.223.49: icmp_seq=659 ttl=40 time=62.2 ms
08-13 15:31:58.835 11921 11983 D cellinfo: 46 bytes from 54.197.223.49: icmp_seq=660 ttl=40 time=61.1 ms
08-13 15:31:59.042 11921 11983 D cellinfo: 46 bytes from 54.197.223.49: icmp_seq=661 ttl=40 time=66.8 ms
08-13 15:31:59.238 11921 11983 D cellinfo: 46 bytes from 54.197.223.49: icmp_seq=662 ttl=40 time=63.3 ms
08-13 15:31:59.438 11921 11983 D cellinfo: 46 bytes from 54.197.223.49: icmp_seq=663 ttl=40 time=62.6 ms
08-13 15:31:59.636 11921 11983 D cellinfo: 46 bytes from 54.197.223.49: icmp_seq=664 ttl=40 time=59.7 ms
08-13 15:31:59.844 11921 11983 D cellinfo: 46 bytes from 54.197.223.49: icmp_seq=665 ttl=40 time=67.2 ms
08-13 15:32:00.035 11921 11983 D cellinfo: 46 bytes from 54.197.223.49: icmp_seq=666 ttl=40 time=57.5 ms
08-13 15:32:00.235 11921 11983 D cellinfo: 46 bytes from 54.197.223.49: icmp_seq=667 ttl=40 time=57.2 ms
08-13 15:32:00.436 11921 11983 D cellinfo: 46 bytes from 54.197.223.49: icmp_seq=668 ttl=40 time=58.0 ms
08-13 15:32:00.635 11921 11983 D cellinfo: 46 bytes from 54.197.223.49: icmp_seq=669 ttl=40 time=55.9 ms
08-13 15:32:00.760 11921 11921 D cellinfo: Latitude is 40.5139419
08-13 15:32:00.760 11921 11921 D cellinfo: Longitude is -86.8937021
08-13 15:32:00.760 11921 11921 D cellinfo: Instantaneous GPS information: United States, 711 E 650 N, West Lafayette, IN 47906, USA
08-13 15:32:00.760 11921 11921 D cellinfo: getCurrentLocation() result: Location (success): 40.5139419, -86.8937021
08-13 15:32:00.763 11921 11921 D cellinfo: onCellInfoChanged: Operator: Verizon Wireless UpdateTimestamp: 78018647 CellConnectionStatus: 1
08-13 15:32:00.763 11921 11921 D cellinfo: onCellInfoChanged: LTE Cell Bands: [13, 66, 66, 2] Bandwidth: 10000 Cell ID: 58943747 Physical Cell ID: 245 Tracking Area Code: 58891 EARFCN: 5230
08-13 15:32:00.837 11921 11983 D cellinfo: 46 bytes from 54.197.223.49: icmp_seq=670 ttl=40 time=57.5 ms
08-13 15:32:01.054 11921 11983 D cellinfo: 46 bytes from 54.197.223.49: icmp_seq=671 ttl=40 time=73.8 ms
08-13 15:32:01.234 11921 11983 D cellinfo: 46 bytes from 54.197.223.49: icmp_seq=672 ttl=40 time=53.5 ms
08-13 15:32:01.445 11921 11983 D cellinfo: 46 bytes from 54.197.223.49: icmp_seq=673 ttl=40 time=63.3 ms
08-13 15:32:01.647 11921 11983 D cellinfo: 46 bytes from 54.197.223.49: icmp_seq=674 ttl=40 time=64.2 ms
08-13 15:32:01.854 11921 11983 D cellinfo: 46 bytes from 54.197.223.49: icmp_seq=675 ttl=40 time=70.7 ms
08-13 15:32:02.053 11921 11983 D cellinfo: 46 bytes from 54.197.223.49: icmp_seq=676 ttl=40 time=68.9 ms
08-13 15:32:02.247 11921 11983 D cellinfo: 46 bytes from 54.197.223.49: icmp_seq=677 ttl=40 time=63.0 ms
08-13 15:32:02.453 11921 11983 D cellinfo: 46 bytes from 54.197.223.49: icmp_seq=678 ttl=40 time=67.9 ms
08-13 15:32:02.646 11921 11983 D cellinfo: 46 bytes from 54.197.223.49: icmp_seq=679 ttl=40 time=59.9 ms
08-13 15:32:02.845 11921 11983 D cellinfo: 46 bytes from 54.197.223.49: icmp_seq=680 ttl=40 time=58.5 ms
08-13 15:32:02.891 11921 11921 D cellinfo: onsignalStrengthsChanged: LTE Signal Strength info: rsrp: -100 rsrq: -15 rssi: -77 rssnr: 2
08-13 15:32:03.045 11921 11983 D cellinfo: 46 bytes from 54.197.223.49: icmp_seq=681 ttl=40 time=58.5 ms
08-13 15:32:03.245 11921 11983 D cellinfo: 46 bytes from 54.197.223.49: icmp_seq=682 ttl=40 time=58.2 ms
08-13 15:32:03.459 11921 11983 D cellinfo: 46 bytes from 54.197.223.49: icmp_seq=683 ttl=40 time=71.8 ms
08-13 15:32:03.646 11921 11983 D cellinfo: 46 bytes from 54.197.223.49: icmp_seq=684 ttl=40 time=57.0 ms
08-13 15:32:03.771 11921 11921 D cellinfo: Latitude is 40.5132522
08-13 15:32:03.771 11921 11921 D cellinfo: Longitude is -86.8931792
08-13 15:32:03.771 11921 11921 D cellinfo: Instantaneous GPS information: United States, 711 E 650 N, West Lafayette, IN 47906, USA
08-13 15:32:03.771 11921 11921 D cellinfo: getCurrentLocation() result: Location (success): 40.5132522, -86.8931792
08-13 15:32:03.774 11921 11921 D cellinfo: onCellInfoChanged: Operator: Verizon Wireless UpdateTimestamp: 78021647 CellConnectionStatus: 1
08-13 15:32:03.774 11921 11921 D cellinfo: onCellInfoChanged: LTE Cell Bands: [13, 66, 66, 2] Bandwidth: 10000 Cell ID: 58943747 Physical Cell ID: 245 Tracking Area Code: 58891 EARFCN: 5230
08-13 15:32:03.848 11921 11983 D cellinfo: 46 bytes from 54.197.223.49: icmp_seq=685 ttl=40 time=59.5 ms
08-13 15:32:04.045 11921 11983 D cellinfo: 46 bytes from 54.197.223.49: icmp_seq=686 ttl=40 time=55.6 ms
08-13 15:32:04.253 11921 11983 D cellinfo: 46 bytes from 54.197.223.49: icmp_seq=687 ttl=40 time=64.1 ms
08-13 15:32:04.455 11921 11983 D cellinfo: 46 bytes from 54.197.223.49: icmp_seq=688 ttl=40 time=65.0 ms
08-13 15:32:04.657 11921 11983 D cellinfo: 46 bytes from 54.197.223.49: icmp_seq=689 ttl=40 time=66.4 ms
08-13 15:32:04.855 11921 11983 D cellinfo: 46 bytes from 54.197.223.49: icmp_seq=690 ttl=40 time=63.1 ms
08-13 15:32:05.055 11921 11983 D cellinfo: 46 bytes from 54.197.223.49: icmp_seq=691 ttl=40 time=62.2 ms
08-13 15:32:05.254 11921 11983 D cellinfo: 46 bytes from 54.197.223.49: icmp_seq=692 ttl=40 time=61.0 ms
08-13 15:32:05.456 11921 11983 D cellinfo: 46 bytes from 54.197.223.49: icmp_seq=693 ttl=40 time=62.4 ms
08-13 15:32:05.655 11921 11983 D cellinfo: 46 bytes from 54.197.223.49: icmp_seq=694 ttl=40 time=59.9 ms
08-13 15:32:05.855 11921 11983 D cellinfo: 46 bytes from 54.197.223.49: icmp_seq=695 ttl=40 time=59.2 ms
08-13 15:32:06.055 11921 11983 D cellinfo: 46 bytes from 54.197.223.49: icmp_seq=696 ttl=40 time=59.0 ms
08-13 15:32:06.260 11921 11983 D cellinfo: 46 bytes from 54.197.223.49: icmp_seq=697 ttl=40 time=63.5 ms
08-13 15:32:06.452 11921 11983 D cellinfo: 46 bytes from 54.197.223.49: icmp_seq=698 ttl=40 time=55.5 ms
08-13 15:32:06.665 11921 11983 D cellinfo: 46 bytes from 54.197.223.49: icmp_seq=699 ttl=40 time=66.5 ms
08-13 15:32:06.717 11921 11921 D cellinfo: Latitude is 40.5133141
08-13 15:32:06.717 11921 11921 D cellinfo: Longitude is -86.8932264
08-13 15:32:06.717 11921 11921 D cellinfo: Instantaneous GPS information: United States, 711 E 650 N, West Lafayette, IN 47906, USA
08-13 15:32:06.717 11921 11921 D cellinfo: getCurrentLocation() result: Location (success): 40.5133141, -86.8932264
08-13 15:32:06.725 11921 11921 D cellinfo: onCellInfoChanged: Operator: Verizon Wireless UpdateTimestamp: 78024661 CellConnectionStatus: 1
08-13 15:32:06.725 11921 11921 D cellinfo: onCellInfoChanged: LTE Cell Bands: [13, 66, 66, 2] Bandwidth: 10000 Cell ID: 58943747 Physical Cell ID: 245 Tracking Area Code: 58891 EARFCN: 5230
08-13 15:32:06.855 11921 11983 D cellinfo: 46 bytes from 54.197.223.49: icmp_seq=700 ttl=40 time=56.2 ms
08-13 15:32:07.055 11921 11983 D cellinfo: 46 bytes from 54.197.223.49: icmp_seq=701 ttl=40 time=55.4 ms
08-13 15:32:07.273 11921 11983 D cellinfo: 46 bytes from 54.197.223.49: icmp_seq=702 ttl=40 time=73.7 ms
08-13 15:32:07.465 11921 11983 D cellinfo: 46 bytes from 54.197.223.49: icmp_seq=703 ttl=40 time=65.1 ms
08-13 15:32:07.665 11921 11983 D cellinfo: 46 bytes from 54.197.223.49: icmp_seq=704 ttl=40 time=64.8 ms
08-13 15:32:07.866 11921 11983 D cellinfo: 46 bytes from 54.197.223.49: icmp_seq=705 ttl=40 time=64.4 ms
08-13 15:32:08.064 11921 11983 D cellinfo: 46 bytes from 54.197.223.49: icmp_seq=706 ttl=40 time=61.8 ms
08-13 15:32:08.267 11921 11983 D cellinfo: 46 bytes from 54.197.223.49: icmp_seq=707 ttl=40 time=62.5 ms
08-13 15:32:08.465 11921 11983 D cellinfo: 46 bytes from 54.197.223.49: icmp_seq=708 ttl=40 time=61.5 ms
08-13 15:32:08.656 11921 11983 D cellinfo: 46 bytes from 54.197.223.49: icmp_seq=709 ttl=40 time=50.7 ms
08-13 15:32:08.865 11921 11983 D cellinfo: 46 bytes from 54.197.223.49: icmp_seq=710 ttl=40 time=59.5 ms
08-13 15:32:09.066 11921 11983 D cellinfo: 46 bytes from 54.197.223.49: icmp_seq=711 ttl=40 time=59.7 ms
08-13 15:32:09.265 11921 11983 D cellinfo: 46 bytes from 54.197.223.49: icmp_seq=712 ttl=40 time=58.5 ms
08-13 15:32:09.381 11921 11921 D cellinfo: onCellInfoChanged: Operator: Verizon Wireless UpdateTimestamp: 78027663 CellConnectionStatus: 1
08-13 15:32:09.381 11921 11921 D cellinfo: onCellInfoChanged: LTE Cell Bands: [13, 66, 66, 2] Bandwidth: 10000 Cell ID: 58943747 Physical Cell ID: 245 Tracking Area Code: 58891 EARFCN: 5230
08-13 15:32:09.476 11921 11983 D cellinfo: 46 bytes from 54.197.223.49: icmp_seq=713 ttl=40 time=68.7 ms
08-13 15:32:09.668 11921 11983 D cellinfo: 46 bytes from 54.197.223.49: icmp_seq=714 ttl=40 time=59.6 ms
08-13 15:32:09.865 11921 11983 D cellinfo: 46 bytes from 54.197.223.49: icmp_seq=715 ttl=40 time=55.8 ms
08-13 15:32:09.911 11921 11921 D cellinfo: Latitude is 40.5108175
08-13 15:32:09.911 11921 11921 D cellinfo: Longitude is -86.8914359
08-13 15:32:09.911 11921 11921 D cellinfo: Instantaneous GPS information: United States, 821 E 650 N, West Lafayette, IN 47906, USA
08-13 15:32:09.911 11921 11921 D cellinfo: getCurrentLocation() result: Location (success): 40.5108175, -86.8914359
08-13 15:32:10.065 11921 11983 D cellinfo: 46 bytes from 54.197.223.49: icmp_seq=716 ttl=40 time=55.5 ms
08-13 15:32:10.275 11921 11983 D cellinfo: 46 bytes from 54.197.223.49: icmp_seq=717 ttl=40 time=63.9 ms
08-13 15:32:10.475 11921 11983 D cellinfo: 46 bytes from 54.197.223.49: icmp_seq=718 ttl=40 time=63.4 ms
08-13 15:32:10.693 11921 11983 D cellinfo: 46 bytes from 54.197.223.49: icmp_seq=719 ttl=40 time=80.3 ms
08-13 15:32:10.875 11921 11983 D cellinfo: 46 bytes from 54.197.223.49: icmp_seq=720 ttl=40 time=61.5 ms
08-13 15:32:11.076 11921 11983 D cellinfo: 46 bytes from 54.197.223.49: icmp_seq=721 ttl=40 time=62.3 ms
08-13 15:32:11.275 11921 11983 D cellinfo: 46 bytes from 54.197.223.49: icmp_seq=722 ttl=40 time=60.1 ms
08-13 15:32:11.484 11921 11983 D cellinfo: 46 bytes from 54.197.223.49: icmp_seq=723 ttl=40 time=67.9 ms
08-13 15:32:11.676 11921 11983 D cellinfo: 46 bytes from 54.197.223.49: icmp_seq=724 ttl=40 time=59.1 ms
08-13 15:32:11.876 11921 11983 D cellinfo: 46 bytes from 54.197.223.49: icmp_seq=725 ttl=40 time=57.3 ms
08-13 15:32:12.076 11921 11983 D cellinfo: 46 bytes from 54.197.223.49: icmp_seq=726 ttl=40 time=57.0 ms
08-13 15:32:12.275 11921 11983 D cellinfo: 46 bytes from 54.197.223.49: icmp_seq=727 ttl=40 time=56.3 ms
08-13 15:32:12.479 11921 11983 D cellinfo: 46 bytes from 54.197.223.49: icmp_seq=728 ttl=40 time=59.2 ms
08-13 15:32:12.687 11921 11983 D cellinfo: 46 bytes from 54.197.223.49: icmp_seq=729 ttl=40 time=65.0 ms
08-13 15:32:12.739 11921 11921 D cellinfo: Latitude is 40.5105373
08-13 15:32:12.740 11921 11921 D cellinfo: Longitude is -86.8912318
08-13 15:32:12.740 11921 11921 D cellinfo: Instantaneous GPS information: United States, 821 E 650 N, West Lafayette, IN 47906, USA
08-13 15:32:12.740 11921 11921 D cellinfo: getCurrentLocation() result: Location (success): 40.5105373, -86.8912318
08-13 15:32:12.743 11921 11921 D cellinfo: onCellInfoChanged: Operator: Verizon Wireless UpdateTimestamp: 78030662 CellConnectionStatus: 1
08-13 15:32:12.743 11921 11921 D cellinfo: onCellInfoChanged: LTE Cell Bands: [13, 66, 66, 2] Bandwidth: 10000 Cell ID: 58943747 Physical Cell ID: 245 Tracking Area Code: 58891 EARFCN: 5230
08-13 15:32:12.886 11921 11983 D cellinfo: 46 bytes from 54.197.223.49: icmp_seq=730 ttl=40 time=63.1 ms
08-13 15:32:13.085 11921 11983 D cellinfo: 46 bytes from 54.197.223.49: icmp_seq=731 ttl=40 time=61.4 ms
08-13 15:32:13.284 11921 11983 D cellinfo: 46 bytes from 54.197.223.49: icmp_seq=732 ttl=40 time=59.4 ms
08-13 15:32:13.486 11921 11983 D cellinfo: 46 bytes from 54.197.223.49: icmp_seq=733 ttl=40 time=60.3 ms
08-13 15:32:13.685 11921 11983 D cellinfo: 46 bytes from 54.197.223.49: icmp_seq=734 ttl=40 time=58.4 ms
08-13 15:32:13.888 11921 11983 D cellinfo: 46 bytes from 54.197.223.49: icmp_seq=735 ttl=40 time=59.6 ms
08-13 15:32:13.898 11921 11921 D cellinfo: onsignalStrengthsChanged: LTE Signal Strength info: rsrp: -95 rsrq: -14 rssi: -73 rssnr: 4
08-13 15:32:14.086 11921 11983 D cellinfo: 46 bytes from 54.197.223.49: icmp_seq=736 ttl=40 time=57.5 ms
08-13 15:32:14.285 11921 11983 D cellinfo: 46 bytes from 54.197.223.49: icmp_seq=737 ttl=40 time=56.1 ms
08-13 15:32:14.495 11921 11983 D cellinfo: 46 bytes from 54.197.223.49: icmp_seq=738 ttl=40 time=65.0 ms
08-13 15:32:14.689 11921 11983 D cellinfo: 46 bytes from 54.197.223.49: icmp_seq=739 ttl=40 time=58.2 ms
08-13 15:32:14.896 11921 11983 D cellinfo: 46 bytes from 54.197.223.49: icmp_seq=740 ttl=40 time=64.4 ms
08-13 15:32:15.097 11921 11983 D cellinfo: 46 bytes from 54.197.223.49: icmp_seq=741 ttl=40 time=64.0 ms
08-13 15:32:15.295 11921 11983 D cellinfo: 46 bytes from 54.197.223.49: icmp_seq=742 ttl=40 time=62.3 ms
08-13 15:32:15.493 11921 11983 D cellinfo: 46 bytes from 54.197.223.49: icmp_seq=743 ttl=40 time=59.7 ms
08-13 15:32:15.686 11921 11983 D cellinfo: 46 bytes from 54.197.223.49: icmp_seq=744 ttl=40 time=51.3 ms
08-13 15:32:15.744 11921 11921 D cellinfo: Latitude is 40.5100891
08-13 15:32:15.745 11921 11921 D cellinfo: Longitude is -86.8909063
08-13 15:32:15.745 11921 11921 D cellinfo: Instantaneous GPS information: United States, 6471 N 75 E, West Lafayette, IN 47906, USA
08-13 15:32:15.745 11921 11921 D cellinfo: getCurrentLocation() result: Location (success): 40.5100891, -86.8909063
08-13 15:32:15.748 11921 11921 D cellinfo: onCellInfoChanged: Operator: Verizon Wireless UpdateTimestamp: 78033654 CellConnectionStatus: 1
08-13 15:32:15.748 11921 11921 D cellinfo: onCellInfoChanged: LTE Cell Bands: [13, 66, 66, 2] Bandwidth: 10000 Cell ID: 58943747 Physical Cell ID: 245 Tracking Area Code: 58891 EARFCN: 5230
08-13 15:32:15.895 11921 11983 D cellinfo: 46 bytes from 54.197.223.49: icmp_seq=745 ttl=40 time=60.1 ms
08-13 15:32:16.095 11921 11983 D cellinfo: 46 bytes from 54.197.223.49: icmp_seq=746 ttl=40 time=59.3 ms
08-13 15:32:16.295 11921 11983 D cellinfo: 46 bytes from 54.197.223.49: icmp_seq=747 ttl=40 time=58.7 ms
08-13 15:32:16.495 11921 11983 D cellinfo: 46 bytes from 54.197.223.49: icmp_seq=748 ttl=40 time=57.2 ms
08-13 15:32:16.695 11921 11983 D cellinfo: 46 bytes from 54.197.223.49: icmp_seq=749 ttl=40 time=57.7 ms
08-13 15:32:16.895 11921 11983 D cellinfo: 46 bytes from 54.197.223.49: icmp_seq=750 ttl=40 time=56.2 ms
08-13 15:32:17.095 11921 11983 D cellinfo: 46 bytes from 54.197.223.49: icmp_seq=751 ttl=40 time=56.8 ms
08-13 15:32:17.295 11921 11983 D cellinfo: 46 bytes from 54.197.223.49: icmp_seq=752 ttl=40 time=56.1 ms
08-13 15:32:17.507 11921 11983 D cellinfo: 46 bytes from 54.197.223.49: icmp_seq=753 ttl=40 time=66.7 ms
08-13 15:32:17.709 11921 11983 D cellinfo: 46 bytes from 54.197.223.49: icmp_seq=754 ttl=40 time=66.8 ms
08-13 15:32:17.895 11921 11921 D cellinfo: onsignalStrengthsChanged: LTE Signal Strength info: rsrp: -97 rsrq: -11 rssi: -79 rssnr: 7
08-13 15:32:17.915 11921 11983 D cellinfo: 46 bytes from 54.197.223.49: icmp_seq=755 ttl=40 time=72.2 ms
08-13 15:32:18.107 11921 11983 D cellinfo: 46 bytes from 54.197.223.49: icmp_seq=756 ttl=40 time=65.5 ms
08-13 15:32:18.309 11921 11983 D cellinfo: 46 bytes from 54.197.223.49: icmp_seq=757 ttl=40 time=66.3 ms
08-13 15:32:18.507 11921 11983 D cellinfo: 46 bytes from 54.197.223.49: icmp_seq=758 ttl=40 time=64.5 ms
08-13 15:32:18.714 11921 11983 D cellinfo: 46 bytes from 54.197.223.49: icmp_seq=759 ttl=40 time=70.3 ms
08-13 15:32:18.751 11921 11921 D cellinfo: Latitude is 40.5101292
08-13 15:32:18.751 11921 11921 D cellinfo: Longitude is -86.8909359
08-13 15:32:18.751 11921 11921 D cellinfo: Instantaneous GPS information: United States, 6471 N 75 E, West Lafayette, IN 47906, USA
08-13 15:32:18.751 11921 11921 D cellinfo: getCurrentLocation() result: Location (success): 40.5101292, -86.8909359
08-13 15:32:18.756 11921 11921 D cellinfo: onCellInfoChanged: Operator: Verizon Wireless UpdateTimestamp: 78036641 CellConnectionStatus: 1
08-13 15:32:18.756 11921 11921 D cellinfo: onCellInfoChanged: LTE Cell Bands: [13, 66, 66, 2] Bandwidth: 10000 Cell ID: 58943747 Physical Cell ID: 245 Tracking Area Code: 58891 EARFCN: 5230
08-13 15:32:18.905 11921 11983 D cellinfo: 46 bytes from 54.197.223.49: icmp_seq=760 ttl=40 time=61.1 ms
08-13 15:32:19.108 11921 11983 D cellinfo: 46 bytes from 54.197.223.49: icmp_seq=761 ttl=40 time=61.7 ms
08-13 15:32:19.317 11921 11983 D cellinfo: 46 bytes from 54.197.223.49: icmp_seq=762 ttl=40 time=70.5 ms
08-13 15:32:19.507 11921 11983 D cellinfo: 46 bytes from 54.197.223.49: icmp_seq=763 ttl=40 time=61.1 ms
08-13 15:32:19.706 11921 11983 D cellinfo: 46 bytes from 54.197.223.49: icmp_seq=764 ttl=40 time=59.4 ms
08-13 15:32:19.906 11921 11983 D cellinfo: 46 bytes from 54.197.223.49: icmp_seq=765 ttl=40 time=58.9 ms
08-13 15:32:20.107 11921 11983 D cellinfo: 46 bytes from 54.197.223.49: icmp_seq=766 ttl=40 time=59.1 ms
08-13 15:32:20.306 11921 11983 D cellinfo: 46 bytes from 54.197.223.49: icmp_seq=767 ttl=40 time=57.4 ms
08-13 15:32:20.513 11921 11983 D cellinfo: 46 bytes from 54.197.223.49: icmp_seq=768 ttl=40 time=63.5 ms
08-13 15:32:20.706 11921 11983 D cellinfo: 46 bytes from 54.197.223.49: icmp_seq=769 ttl=40 time=56.0 ms
08-13 15:32:20.916 11921 11983 D cellinfo: 46 bytes from 54.197.223.49: icmp_seq=770 ttl=40 time=65.3 ms
08-13 15:32:21.132 11921 11983 D cellinfo: 46 bytes from 54.197.223.49: icmp_seq=771 ttl=40 time=79.9 ms
08-13 15:32:21.316 11921 11983 D cellinfo: 46 bytes from 54.197.223.49: icmp_seq=772 ttl=40 time=62.2 ms
08-13 15:32:21.373 11921 11921 D cellinfo: onCellInfoChanged: Operator: Verizon Wireless UpdateTimestamp: 78039655 CellConnectionStatus: 1
08-13 15:32:21.373 11921 11921 D cellinfo: onCellInfoChanged: LTE Cell Bands: [13, 66, 66, 2] Bandwidth: 10000 Cell ID: 58943747 Physical Cell ID: 245 Tracking Area Code: 58891 EARFCN: 5230
08-13 15:32:21.513 11921 11983 D cellinfo: 46 bytes from 54.197.223.49: icmp_seq=773 ttl=40 time=59.8 ms
08-13 15:32:21.727 11921 11983 D cellinfo: 46 bytes from 54.197.223.49: icmp_seq=774 ttl=40 time=72.1 ms
08-13 15:32:21.916 11921 11983 D cellinfo: 46 bytes from 54.197.223.49: icmp_seq=775 ttl=40 time=59.6 ms
08-13 15:32:21.986 11921 11921 D cellinfo: Latitude is 40.5075245
08-13 15:32:21.986 11921 11921 D cellinfo: Longitude is -86.8890352
08-13 15:32:21.986 11921 11921 D cellinfo: Instantaneous GPS information: United States, I-65, West Lafayette, IN 47906, USA
08-13 15:32:21.986 11921 11921 D cellinfo: getCurrentLocation() result: Location (success): 40.5075245, -86.8890352
08-13 15:32:22.115 11921 11983 D cellinfo: 46 bytes from 54.197.223.49: icmp_seq=776 ttl=40 time=58.5 ms
08-13 15:32:22.315 11921 11983 D cellinfo: 46 bytes from 54.197.223.49: icmp_seq=777 ttl=40 time=57.3 ms
08-13 15:32:22.515 11921 11983 D cellinfo: 46 bytes from 54.197.223.49: icmp_seq=778 ttl=40 time=56.3 ms
08-13 15:32:22.726 11921 11983 D cellinfo: 46 bytes from 54.197.223.49: icmp_seq=779 ttl=40 time=65.3 ms
08-13 15:32:22.915 11921 11983 D cellinfo: 46 bytes from 54.197.223.49: icmp_seq=780 ttl=40 time=54.8 ms
08-13 15:32:23.133 11921 11983 D cellinfo: 46 bytes from 54.197.223.49: icmp_seq=781 ttl=40 time=72.3 ms
08-13 15:32:23.334 11921 11983 D cellinfo: 46 bytes from 54.197.223.49: icmp_seq=782 ttl=40 time=72.0 ms
08-13 15:32:23.533 11921 11983 D cellinfo: 46 bytes from 54.197.223.49: icmp_seq=783 ttl=40 time=70.3 ms
08-13 15:32:23.727 11921 11983 D cellinfo: 46 bytes from 54.197.223.49: icmp_seq=784 ttl=40 time=63.8 ms
08-13 15:32:23.927 11921 11983 D cellinfo: 46 bytes from 54.197.223.49: icmp_seq=785 ttl=40 time=62.7 ms
08-13 15:32:24.126 11921 11983 D cellinfo: 46 bytes from 54.197.223.49: icmp_seq=786 ttl=40 time=61.3 ms
08-13 15:32:24.326 11921 11983 D cellinfo: 46 bytes from 54.197.223.49: icmp_seq=787 ttl=40 time=60.3 ms
08-13 15:32:24.525 11921 11983 D cellinfo: 46 bytes from 54.197.223.49: icmp_seq=788 ttl=40 time=57.8 ms
08-13 15:32:24.726 11921 11983 D cellinfo: 46 bytes from 54.197.223.49: icmp_seq=789 ttl=40 time=57.2 ms
08-13 15:32:24.762 11921 11921 D cellinfo: Latitude is 40.5073583
08-13 15:32:24.762 11921 11921 D cellinfo: Longitude is -86.888909
08-13 15:32:24.762 11921 11921 D cellinfo: Instantaneous GPS information: United States, I-65, West Lafayette, IN 47906, USA
08-13 15:32:24.762 11921 11921 D cellinfo: getCurrentLocation() result: Location (success): 40.5073583, -86.888909
08-13 15:32:24.765 11921 11921 D cellinfo: onCellInfoChanged: Operator: Verizon Wireless UpdateTimestamp: 78042657 CellConnectionStatus: 1
08-13 15:32:24.765 11921 11921 D cellinfo: onCellInfoChanged: LTE Cell Bands: [13, 66, 66, 2] Bandwidth: 10000 Cell ID: 58943747 Physical Cell ID: 245 Tracking Area Code: 58891 EARFCN: 5230
08-13 15:32:24.933 11921 11983 D cellinfo: 46 bytes from 54.197.223.49: icmp_seq=790 ttl=40 time=64.3 ms
08-13 15:32:25.135 11921 11983 D cellinfo: 46 bytes from 54.197.223.49: icmp_seq=791 ttl=40 time=64.9 ms
08-13 15:32:25.337 11921 11983 D cellinfo: 46 bytes from 54.197.223.49: icmp_seq=792 ttl=40 time=66.4 ms
08-13 15:32:25.535 11921 11983 D cellinfo: 46 bytes from 54.197.223.49: icmp_seq=793 ttl=40 time=63.2 ms
08-13 15:32:25.735 11921 11983 D cellinfo: 46 bytes from 54.197.223.49: icmp_seq=794 ttl=40 time=62.1 ms
08-13 15:32:25.892 11921 11921 D cellinfo: onsignalStrengthsChanged: LTE Signal Strength info: rsrp: -93 rsrq: -12 rssi: -73 rssnr: 13
08-13 15:32:25.934 11921 11983 D cellinfo: 46 bytes from 54.197.223.49: icmp_seq=795 ttl=40 time=60.0 ms
08-13 15:32:26.135 11921 11983 D cellinfo: 46 bytes from 54.197.223.49: icmp_seq=796 ttl=40 time=60.1 ms
08-13 15:32:26.343 11921 11983 D cellinfo: 46 bytes from 54.197.223.49: icmp_seq=797 ttl=40 time=67.2 ms
08-13 15:32:26.537 11921 11983 D cellinfo: 46 bytes from 54.197.223.49: icmp_seq=798 ttl=40 time=60.1 ms
08-13 15:32:26.735 11921 11983 D cellinfo: 46 bytes from 54.197.223.49: icmp_seq=799 ttl=40 time=57.1 ms
08-13 15:32:26.937 11921 11983 D cellinfo: 46 bytes from 54.197.223.49: icmp_seq=800 ttl=40 time=58.1 ms
08-13 15:32:27.138 11921 11983 D cellinfo: 46 bytes from 54.197.223.49: icmp_seq=801 ttl=40 time=57.4 ms
08-13 15:32:27.344 11921 11983 D cellinfo: 46 bytes from 54.197.223.49: icmp_seq=802 ttl=40 time=63.5 ms
08-13 15:32:27.545 11921 11983 D cellinfo: 46 bytes from 54.197.223.49: icmp_seq=803 ttl=40 time=63.1 ms
08-13 15:32:27.746 11921 11983 D cellinfo: 46 bytes from 54.197.223.49: icmp_seq=804 ttl=40 time=62.0 ms
08-13 15:32:27.770 11921 11921 D cellinfo: Latitude is 40.5067804
08-13 15:32:27.770 11921 11921 D cellinfo: Longitude is -86.888471
08-13 15:32:27.770 11921 11921 D cellinfo: Instantaneous GPS information: United States, I-65, West Lafayette, IN 47906, USA
08-13 15:32:27.770 11921 11921 D cellinfo: getCurrentLocation() result: Location (success): 40.5067804, -86.888471
08-13 15:32:27.774 11921 11921 D cellinfo: onCellInfoChanged: Operator: Verizon Wireless UpdateTimestamp: 78045660 CellConnectionStatus: 1
08-13 15:32:27.774 11921 11921 D cellinfo: onCellInfoChanged: LTE Cell Bands: [13, 66, 66, 2] Bandwidth: 10000 Cell ID: 58943747 Physical Cell ID: 245 Tracking Area Code: 58891 EARFCN: 5230
08-13 15:32:27.957 11921 11983 D cellinfo: 46 bytes from 54.197.223.49: icmp_seq=805 ttl=40 time=72.5 ms
08-13 15:32:28.145 11921 11983 D cellinfo: 46 bytes from 54.197.223.49: icmp_seq=806 ttl=40 time=61.3 ms
08-13 15:32:28.345 11921 11983 D cellinfo: 46 bytes from 54.197.223.49: icmp_seq=807 ttl=40 time=59.6 ms
08-13 15:32:28.550 11921 11983 D cellinfo: 46 bytes from 54.197.223.49: icmp_seq=808 ttl=40 time=64.5 ms
08-13 15:32:28.750 11921 11983 D cellinfo: 46 bytes from 54.197.223.49: icmp_seq=809 ttl=40 time=63.8 ms
08-13 15:32:28.963 11921 11983 D cellinfo: 46 bytes from 54.197.223.49: icmp_seq=810 ttl=40 time=76.2 ms
08-13 15:32:29.147 11921 11983 D cellinfo: 46 bytes from 54.197.223.49: icmp_seq=811 ttl=40 time=58.5 ms
08-13 15:32:29.351 11921 11983 D cellinfo: 46 bytes from 54.197.223.49: icmp_seq=812 ttl=40 time=62.6 ms
08-13 15:32:29.548 11921 11983 D cellinfo: 46 bytes from 54.197.223.49: icmp_seq=813 ttl=40 time=59.3 ms
08-13 15:32:29.757 11921 11983 D cellinfo: 46 bytes from 54.197.223.49: icmp_seq=814 ttl=40 time=66.6 ms
08-13 15:32:29.902 11921 11921 D cellinfo: onsignalStrengthsChanged: LTE Signal Strength info: rsrp: -85 rsrq: -10 rssi: -65 rssnr: 16
08-13 15:32:29.956 11921 11983 D cellinfo: 46 bytes from 54.197.223.49: icmp_seq=815 ttl=40 time=65.4 ms
08-13 15:32:30.156 11921 11983 D cellinfo: 46 bytes from 54.197.223.49: icmp_seq=816 ttl=40 time=64.3 ms
08-13 15:32:30.361 11921 11983 D cellinfo: 46 bytes from 54.197.223.49: icmp_seq=817 ttl=40 time=68.0 ms
08-13 15:32:30.559 11921 11983 D cellinfo: 46 bytes from 54.197.223.49: icmp_seq=818 ttl=40 time=64.9 ms
08-13 15:32:30.766 11921 11983 D cellinfo: 46 bytes from 54.197.223.49: icmp_seq=819 ttl=40 time=70.0 ms
08-13 15:32:30.813 11921 11921 D cellinfo: Latitude is 40.5067122
08-13 15:32:30.813 11921 11921 D cellinfo: Longitude is -86.8884196
08-13 15:32:30.813 11921 11921 D cellinfo: Instantaneous GPS information: United States, I-65, West Lafayette, IN 47906, USA
08-13 15:32:30.813 11921 11921 D cellinfo: getCurrentLocation() result: Location (success): 40.5067122, -86.8884196
08-13 15:32:30.817 11921 11921 D cellinfo: onCellInfoChanged: Operator: Verizon Wireless UpdateTimestamp: 78048647 CellConnectionStatus: 1
08-13 15:32:30.817 11921 11921 D cellinfo: onCellInfoChanged: LTE Cell Bands: [13, 66, 66, 2] Bandwidth: 10000 Cell ID: 58943747 Physical Cell ID: 245 Tracking Area Code: 58891 EARFCN: 5230
08-13 15:32:30.965 11921 11983 D cellinfo: 46 bytes from 54.197.223.49: icmp_seq=820 ttl=40 time=69.2 ms
08-13 15:32:31.156 11921 11983 D cellinfo: 46 bytes from 54.197.223.49: icmp_seq=821 ttl=40 time=59.0 ms
08-13 15:32:31.373 11921 11983 D cellinfo: 46 bytes from 54.197.223.49: icmp_seq=822 ttl=40 time=74.3 ms
08-13 15:32:31.563 11921 11983 D cellinfo: 46 bytes from 54.197.223.49: icmp_seq=823 ttl=40 time=64.8 ms
08-13 15:32:31.765 11921 11983 D cellinfo: 46 bytes from 54.197.223.49: icmp_seq=824 ttl=40 time=66.1 ms
08-13 15:32:31.973 11921 11983 D cellinfo: 46 bytes from 54.197.223.49: icmp_seq=825 ttl=40 time=73.0 ms
08-13 15:32:32.165 11921 11983 D cellinfo: 46 bytes from 54.197.223.49: icmp_seq=826 ttl=40 time=64.2 ms
08-13 15:32:32.366 11921 11983 D cellinfo: 46 bytes from 54.197.223.49: icmp_seq=827 ttl=40 time=63.3 ms
08-13 15:32:32.566 11921 11983 D cellinfo: 46 bytes from 54.197.223.49: icmp_seq=828 ttl=40 time=63.1 ms
08-13 15:32:32.766 11921 11983 D cellinfo: 46 bytes from 54.197.223.49: icmp_seq=829 ttl=40 time=62.1 ms
08-13 15:32:32.976 11921 11983 D cellinfo: 46 bytes from 54.197.223.49: icmp_seq=830 ttl=40 time=71.1 ms
08-13 15:32:33.167 11921 11983 D cellinfo: 46 bytes from 54.197.223.49: icmp_seq=831 ttl=40 time=61.1 ms
08-13 15:32:33.367 11921 11921 D cellinfo: onCellInfoChanged: Operator: Verizon Wireless UpdateTimestamp: 78051650 CellConnectionStatus: 1
08-13 15:32:33.367 11921 11921 D cellinfo: onCellInfoChanged: LTE Cell Bands: [13, 66, 66, 2] Bandwidth: 10000 Cell ID: 58943747 Physical Cell ID: 245 Tracking Area Code: 58891 EARFCN: 5230
08-13 15:32:33.370 11921 11983 D cellinfo: 46 bytes from 54.197.223.49: icmp_seq=832 ttl=40 time=63.7 ms
08-13 15:32:33.575 11921 11983 D cellinfo: 46 bytes from 54.197.223.49: icmp_seq=833 ttl=40 time=68.7 ms
08-13 15:32:33.773 11921 11983 D cellinfo: 46 bytes from 54.197.223.49: icmp_seq=834 ttl=40 time=65.6 ms
08-13 15:32:33.894 11921 11921 D cellinfo: Latitude is 40.5042044
08-13 15:32:33.894 11921 11921 D cellinfo: Longitude is -86.8865854
08-13 15:32:33.894 11921 11921 D cellinfo: Instantaneous GPS information: United States, I-65, West Lafayette, IN 47906, USA
08-13 15:32:33.894 11921 11921 D cellinfo: getCurrentLocation() result: Location (success): 40.5042044, -86.8865854
08-13 15:32:33.896 11921 11921 D cellinfo: onsignalStrengthsChanged: LTE Signal Strength info: rsrp: -99 rsrq: -11 rssi: -81 rssnr: 17
08-13 15:32:33.977 11921 11983 D cellinfo: 46 bytes from 54.197.223.49: icmp_seq=835 ttl=40 time=68.3 ms
08-13 15:32:34.174 11921 11983 D cellinfo: 46 bytes from 54.197.223.49: icmp_seq=836 ttl=40 time=65.4 ms
08-13 15:32:34.366 11921 11983 D cellinfo: 46 bytes from 54.197.223.49: icmp_seq=837 ttl=40 time=56.2 ms
08-13 15:32:34.578 11921 11983 D cellinfo: 46 bytes from 54.197.223.49: icmp_seq=838 ttl=40 time=67.3 ms
08-13 15:32:34.780 11921 11983 D cellinfo: 46 bytes from 54.197.223.49: icmp_seq=839 ttl=40 time=68.2 ms
08-13 15:32:34.967 11921 11983 D cellinfo: 46 bytes from 54.197.223.49: icmp_seq=840 ttl=40 time=53.7 ms
08-13 15:32:35.178 11921 11983 D cellinfo: 46 bytes from 54.197.223.49: icmp_seq=841 ttl=40 time=64.5 ms
08-13 15:32:35.384 11921 11983 D cellinfo: 46 bytes from 54.197.223.49: icmp_seq=842 ttl=40 time=69.4 ms
08-13 15:32:35.584 11921 11983 D cellinfo: 46 bytes from 54.197.223.49: icmp_seq=843 ttl=40 time=68.5 ms
08-13 15:32:35.784 11921 11983 D cellinfo: 46 bytes from 54.197.223.49: icmp_seq=844 ttl=40 time=69.4 ms
08-13 15:32:35.985 11921 11983 D cellinfo: 46 bytes from 54.197.223.49: icmp_seq=845 ttl=40 time=68.3 ms
08-13 15:32:36.188 11921 11983 D cellinfo: 46 bytes from 54.197.223.49: icmp_seq=846 ttl=40 time=70.8 ms
08-13 15:32:36.377 11921 11983 D cellinfo: 46 bytes from 54.197.223.49: icmp_seq=847 ttl=40 time=60.2 ms
08-13 15:32:36.572 11921 11983 D cellinfo: 46 bytes from 54.197.223.49: icmp_seq=848 ttl=40 time=53.0 ms
08-13 15:32:36.730 11921 11921 D cellinfo: Latitude is 40.5040324
08-13 15:32:36.730 11921 11921 D cellinfo: Longitude is -86.8864548
08-13 15:32:36.730 11921 11921 D cellinfo: Instantaneous GPS information: United States, I-65, West Lafayette, IN 47906, USA
08-13 15:32:36.730 11921 11921 D cellinfo: getCurrentLocation() result: Location (success): 40.5040324, -86.8864548
08-13 15:32:36.733 11921 11921 D cellinfo: onCellInfoChanged: Operator: Verizon Wireless UpdateTimestamp: 78054660 CellConnectionStatus: 1
08-13 15:32:36.733 11921 11921 D cellinfo: onCellInfoChanged: LTE Cell Bands: [13, 66, 66, 2] Bandwidth: 10000 Cell ID: 58943747 Physical Cell ID: 245 Tracking Area Code: 58891 EARFCN: 5230
08-13 15:32:36.793 11921 11983 D cellinfo: 46 bytes from 54.197.223.49: icmp_seq=849 ttl=40 time=73.9 ms
08-13 15:32:36.978 11921 11983 D cellinfo: 46 bytes from 54.197.223.49: icmp_seq=850 ttl=40 time=58.4 ms
08-13 15:32:37.189 11921 11983 D cellinfo: 46 bytes from 54.197.223.49: icmp_seq=851 ttl=40 time=68.1 ms
08-13 15:32:37.393 11921 11983 D cellinfo: 46 bytes from 54.197.223.49: icmp_seq=852 ttl=40 time=69.9 ms
08-13 15:32:37.593 11921 11983 D cellinfo: 46 bytes from 54.197.223.49: icmp_seq=853 ttl=40 time=69.9 ms
08-13 15:32:37.794 11921 11983 D cellinfo: 46 bytes from 54.197.223.49: icmp_seq=854 ttl=40 time=70.2 ms
08-13 15:32:37.986 11921 11983 D cellinfo: 46 bytes from 54.197.223.49: icmp_seq=855 ttl=40 time=60.0 ms
08-13 15:32:38.187 11921 11983 D cellinfo: 46 bytes from 54.197.223.49: icmp_seq=856 ttl=40 time=61.2 ms
08-13 15:32:38.388 11921 11983 D cellinfo: 46 bytes from 54.197.223.49: icmp_seq=857 ttl=40 time=60.1 ms
08-13 15:32:38.588 11921 11983 D cellinfo: 46 bytes from 54.197.223.49: icmp_seq=858 ttl=40 time=59.9 ms
08-13 15:32:38.786 11921 11983 D cellinfo: 46 bytes from 54.197.223.49: icmp_seq=859 ttl=40 time=56.2 ms
08-13 15:32:39.003 11921 11983 D cellinfo: 46 bytes from 54.197.223.49: icmp_seq=860 ttl=40 time=72.0 ms
08-13 15:32:39.202 11921 11983 D cellinfo: 46 bytes from 54.197.223.49: icmp_seq=861 ttl=40 time=71.8 ms
08-13 15:32:39.405 11921 11983 D cellinfo: 46 bytes from 54.197.223.49: icmp_seq=862 ttl=40 time=74.4 ms
08-13 15:32:39.610 11921 11983 D cellinfo: 46 bytes from 54.197.223.49: icmp_seq=863 ttl=40 time=77.3 ms
08-13 15:32:39.737 11921 11921 D cellinfo: Latitude is 40.5034472
08-13 15:32:39.737 11921 11921 D cellinfo: Longitude is -86.8860112
08-13 15:32:39.737 11921 11921 D cellinfo: Instantaneous GPS information: United States, 1119 E 600 N, West Lafayette, IN 47906, USA
08-13 15:32:39.737 11921 11921 D cellinfo: getCurrentLocation() result: Location (success): 40.5034472, -86.8860112
08-13 15:32:39.741 11921 11921 D cellinfo: onCellInfoChanged: Operator: Verizon Wireless UpdateTimestamp: 78057657 CellConnectionStatus: 1
08-13 15:32:39.741 11921 11921 D cellinfo: onCellInfoChanged: LTE Cell Bands: [13, 66, 66, 2] Bandwidth: 10000 Cell ID: 58943747 Physical Cell ID: 245 Tracking Area Code: 58891 EARFCN: 5230
08-13 15:32:39.797 11921 11983 D cellinfo: 46 bytes from 54.197.223.49: icmp_seq=864 ttl=40 time=64.6 ms
08-13 15:32:40.017 11921 11983 D cellinfo: 46 bytes from 54.197.223.49: icmp_seq=865 ttl=40 time=83.2 ms
08-13 15:32:40.195 11921 11983 D cellinfo: 46 bytes from 54.197.223.49: icmp_seq=866 ttl=40 time=62.8 ms
08-13 15:32:40.407 11921 11983 D cellinfo: 46 bytes from 54.197.223.49: icmp_seq=867 ttl=40 time=73.1 ms
08-13 15:32:40.598 11921 11983 D cellinfo: 46 bytes from 54.197.223.49: icmp_seq=868 ttl=40 time=62.2 ms
08-13 15:32:40.796 11921 11983 D cellinfo: 46 bytes from 54.197.223.49: icmp_seq=869 ttl=40 time=61.1 ms
08-13 15:32:40.997 11921 11983 D cellinfo: 46 bytes from 54.197.223.49: icmp_seq=870 ttl=40 time=60.0 ms
08-13 15:32:41.195 11921 11983 D cellinfo: 46 bytes from 54.197.223.49: icmp_seq=871 ttl=40 time=58.3 ms
08-13 15:32:41.397 11921 11983 D cellinfo: 46 bytes from 54.197.223.49: icmp_seq=872 ttl=40 time=57.9 ms
08-13 15:32:41.598 11921 11983 D cellinfo: 46 bytes from 54.197.223.49: icmp_seq=873 ttl=40 time=58.0 ms
08-13 15:32:41.806 11921 11983 D cellinfo: 46 bytes from 54.197.223.49: icmp_seq=874 ttl=40 time=65.1 ms
08-13 15:32:41.892 11921 11921 D cellinfo: onsignalStrengthsChanged: LTE Signal Strength info: rsrp: -95 rsrq: -10 rssi: -75 rssnr: 19
08-13 15:32:42.006 11921 11983 D cellinfo: 46 bytes from 54.197.223.49: icmp_seq=875 ttl=40 time=65.1 ms
08-13 15:32:42.206 11921 11983 D cellinfo: 46 bytes from 54.197.223.49: icmp_seq=876 ttl=40 time=64.4 ms
08-13 15:32:42.412 11921 11983 D cellinfo: 46 bytes from 54.197.223.49: icmp_seq=877 ttl=40 time=69.1 ms
08-13 15:32:42.603 11921 11983 D cellinfo: 46 bytes from 54.197.223.49: icmp_seq=878 ttl=40 time=59.1 ms
08-13 15:32:42.705 11921 11921 D cellinfo: Latitude is 40.5033746
08-13 15:32:42.705 11921 11921 D cellinfo: Longitude is -86.8859565
08-13 15:32:42.705 11921 11921 D cellinfo: Instantaneous GPS information: United States, 1119 E 600 N, West Lafayette, IN 47906, USA
08-13 15:32:42.705 11921 11921 D cellinfo: getCurrentLocation() result: Location (success): 40.5033746, -86.8859565
08-13 15:32:42.709 11921 11921 D cellinfo: onCellInfoChanged: Operator: Verizon Wireless UpdateTimestamp: 78060649 CellConnectionStatus: 1
08-13 15:32:42.709 11921 11921 D cellinfo: onCellInfoChanged: LTE Cell Bands: [13, 66, 66, 2] Bandwidth: 10000 Cell ID: 58943747 Physical Cell ID: 245 Tracking Area Code: 58891 EARFCN: 5230
08-13 15:32:42.806 11921 11983 D cellinfo: 46 bytes from 54.197.223.49: icmp_seq=879 ttl=40 time=63.1 ms
08-13 15:32:43.005 11921 11983 D cellinfo: 46 bytes from 54.197.223.49: icmp_seq=880 ttl=40 time=61.2 ms
08-13 15:32:43.206 11921 11983 D cellinfo: 46 bytes from 54.197.223.49: icmp_seq=881 ttl=40 time=61.4 ms
08-13 15:32:43.405 11921 11983 D cellinfo: 46 bytes from 54.197.223.49: icmp_seq=882 ttl=40 time=60.3 ms
08-13 15:32:43.608 11921 11983 D cellinfo: 46 bytes from 54.197.223.49: icmp_seq=883 ttl=40 time=61.5 ms
08-13 15:32:43.811 11921 11983 D cellinfo: 46 bytes from 54.197.223.49: icmp_seq=884 ttl=40 time=64.9 ms
08-13 15:32:44.014 11921 11983 D cellinfo: 46 bytes from 54.197.223.49: icmp_seq=885 ttl=40 time=67.3 ms
08-13 15:32:44.218 11921 11983 D cellinfo: 46 bytes from 54.197.223.49: icmp_seq=886 ttl=40 time=70.5 ms
08-13 15:32:44.416 11921 11983 D cellinfo: 46 bytes from 54.197.223.49: icmp_seq=887 ttl=40 time=67.1 ms
08-13 15:32:44.601 11921 11983 D cellinfo: 46 bytes from 54.197.223.49: icmp_seq=888 ttl=40 time=50.9 ms
08-13 15:32:44.814 11921 11983 D cellinfo: 46 bytes from 54.197.223.49: icmp_seq=889 ttl=40 time=63.3 ms
08-13 15:32:44.896 11921 11921 D cellinfo: onsignalStrengthsChanged: LTE Signal Strength info: rsrp: -85 rsrq: -8 rssi: -69 rssnr: 24
08-13 15:32:45.019 11921 11983 D cellinfo: 46 bytes from 54.197.223.49: icmp_seq=890 ttl=40 time=67.3 ms
08-13 15:32:45.228 11921 11983 D cellinfo: 46 bytes from 54.197.223.49: icmp_seq=891 ttl=40 time=77.2 ms
08-13 15:32:45.365 11921 11921 D cellinfo: onCellInfoChanged: Operator: Verizon Wireless UpdateTimestamp: 78063648 CellConnectionStatus: 1
08-13 15:32:45.365 11921 11921 D cellinfo: onCellInfoChanged: LTE Cell Bands: [13, 66, 66, 2] Bandwidth: 10000 Cell ID: 58943747 Physical Cell ID: 245 Tracking Area Code: 58891 EARFCN: 5230
08-13 15:32:45.423 11921 11983 D cellinfo: 46 bytes from 54.197.223.49: icmp_seq=892 ttl=40 time=71.3 ms
08-13 15:32:45.605 11921 11983 D cellinfo: 46 bytes from 54.197.223.49: icmp_seq=893 ttl=40 time=52.3 ms
08-13 15:32:45.825 11921 11983 D cellinfo: 46 bytes from 54.197.223.49: icmp_seq=894 ttl=40 time=70.5 ms
08-13 15:32:45.888 11921 11921 D cellinfo: Latitude is 40.5015514
08-13 15:32:45.888 11921 11921 D cellinfo: Longitude is -86.8830787
08-13 15:32:45.888 11921 11921 D cellinfo: Instantaneous GPS information: United States, I-65, West Lafayette, IN 47906, USA
08-13 15:32:45.888 11921 11921 D cellinfo: getCurrentLocation() result: Location (success): 40.5015514, -86.8830787
08-13 15:32:46.024 11921 11983 D cellinfo: 46 bytes from 54.197.223.49: icmp_seq=895 ttl=40 time=69.4 ms
