08-13 15:32:46.221 11921 11983 D cellinfo: 46 bytes from 54.197.223.49: icmp_seq=896 ttl=40 time=66.4 ms
08-13 15:32:46.426 11921 11983 D cellinfo: 46 bytes from 54.197.223.49: icmp_seq=897 ttl=40 time=68.8 ms
08-13 15:32:46.629 11921 11983 D cellinfo: 46 bytes from 54.197.223.49: icmp_seq=898 ttl=40 time=71.1 ms
08-13 15:32:46.823 11921 11983 D cellinfo: 46 bytes from 54.197.223.49: icmp_seq=899 ttl=40 time=65.7 ms
08-13 15:32:47.017 11921 11983 D cellinfo: 46 bytes from 54.197.223.49: icmp_seq=900 ttl=40 time=57.4 ms
08-13 15:32:47.217 11921 11983 D cellinfo: 46 bytes from 54.197.223.49: icmp_seq=901 ttl=40 time=59.4 ms
08-13 15:32:47.416 11921 11983 D cellinfo: 46 bytes from 54.197.223.49: icmp_seq=902 ttl=40 time=56.7 ms
08-13 15:32:47.616 11921 11983 D cellinfo: 46 bytes from 54.197.223.49: icmp_seq=903 ttl=40 time=56.2 ms
08-13 15:32:47.816 11921 11983 D cellinfo: 46 bytes from 54.197.223.49: icmp_seq=904 ttl=40 time=56.0 ms
08-13 15:32:48.032 11921 11983 D cellinfo: 46 bytes from 54.197.223.49: icmp_seq=905 ttl=40 time=69.9 ms
08-13 15:32:48.236 11921 11983 D cellinfo: 46 bytes from 54.197.223.49: icmp_seq=906 ttl=40 time=74.8 ms
08-13 15:32:48.415 11921 11983 D cellinfo: 46 bytes from 54.197.223.49: icmp_seq=907 ttl=40 time=53.2 ms
08-13 15:32:48.617 11921 11983 D cellinfo: 46 bytes from 54.197.223.49: icmp_seq=908 ttl=40 time=53.4 ms
08-13 15:32:48.707 11921 11921 D cellinfo: Latitude is 40.5014459
08-13 15:32:48.707 11921 11921 D cellinfo: Longitude is -86.8828565
08-13 15:32:48.707 11921 11921 D cellinfo: Instantaneous GPS information: United States, I-65, West Lafayette, IN 47906, USA
08-13 15:32:48.707 11921 11921 D cellinfo: getCurrentLocation() result: Location (success): 40.5014459, -86.8828565
08-13 15:32:48.710 11921 11921 D cellinfo: onCellInfoChanged: Operator: Verizon Wireless UpdateTimestamp: 78066653 CellConnectionStatus: 1
08-13 15:32:48.711 11921 11921 D cellinfo: onCellInfoChanged: LTE Cell Bands: [13, 66, 66, 2] Bandwidth: 10000 Cell ID: 58943747 Physical Cell ID: 245 Tracking Area Code: 58891 EARFCN: 5230
08-13 15:32:48.826 11921 11983 D cellinfo: 46 bytes from 54.197.223.49: icmp_seq=909 ttl=40 time=62.3 ms
08-13 15:32:48.894 11921 11921 D cellinfo: onsignalStrengthsChanged: LTE Signal Strength info: rsrp: -88 rsrq: -11 rssi: -67 rssnr: 25
08-13 15:32:49.026 11921 11983 D cellinfo: 46 bytes from 54.197.223.49: icmp_seq=910 ttl=40 time=61.1 ms
08-13 15:32:49.225 11921 11983 D cellinfo: 46 bytes from 54.197.223.49: icmp_seq=911 ttl=40 time=61.0 ms
08-13 15:32:49.426 11921 11983 D cellinfo: 46 bytes from 54.197.223.49: icmp_seq=912 ttl=40 time=60.7 ms
08-13 15:32:49.625 11921 11983 D cellinfo: 46 bytes from 54.197.223.49: icmp_seq=913 ttl=40 time=60.1 ms
08-13 15:32:49.826 11921 11983 D cellinfo: 46 bytes from 54.197.223.49: icmp_seq=914 ttl=40 time=59.3 ms
08-13 15:32:50.026 11921 11983 D cellinfo: 46 bytes from 54.197.223.49: icmp_seq=915 ttl=40 time=58.3 ms
08-13 15:32:50.225 11921 11983 D cellinfo: 46 bytes from 54.197.223.49: icmp_seq=916 ttl=40 time=57.5 ms
08-13 15:32:50.426 11921 11983 D cellinfo: 46 bytes from 54.197.223.49: icmp_seq=917 ttl=40 time=57.8 ms
08-13 15:32:50.626 11921 11983 D cellinfo: 46 bytes from 54.197.223.49: icmp_seq=918 ttl=40 time=57.2 ms
08-13 15:32:50.834 11921 11983 D cellinfo: 46 bytes from 54.197.223.49: icmp_seq=919 ttl=40 time=64.2 ms
08-13 15:32:51.037 11921 11983 D cellinfo: 46 bytes from 54.197.223.49: icmp_seq=920 ttl=40 time=65.3 ms
08-13 15:32:51.239 11921 11983 D cellinfo: 46 bytes from 54.197.223.49: icmp_seq=921 ttl=40 time=67.9 ms
08-13 15:32:51.435 11921 11983 D cellinfo: 46 bytes from 54.197.223.49: icmp_seq=922 ttl=40 time=63.8 ms
08-13 15:32:51.642 11921 11983 D cellinfo: 46 bytes from 54.197.223.49: icmp_seq=923 ttl=40 time=69.5 ms
08-13 15:32:51.731 11921 11921 D cellinfo: Latitude is 40.5011
08-13 15:32:51.731 11921 11921 D cellinfo: Longitude is -86.8821277
08-13 15:32:51.731 11921 11921 D cellinfo: Instantaneous GPS information: United States, I-65, West Lafayette, IN 47906, USA
08-13 15:32:51.731 11921 11921 D cellinfo: getCurrentLocation() result: Location (success): 40.5011, -86.8821277
08-13 15:32:51.734 11921 11921 D cellinfo: onCellInfoChanged: Operator: Verizon Wireless UpdateTimestamp: 78069657 CellConnectionStatus: 1
08-13 15:32:51.734 11921 11921 D cellinfo: onCellInfoChanged: LTE Cell Bands: [13, 66, 66, 2] Bandwidth: 10000 Cell ID: 58943747 Physical Cell ID: 245 Tracking Area Code: 58891 EARFCN: 5230
08-13 15:32:51.825 11921 11983 D cellinfo: 46 bytes from 54.197.223.49: icmp_seq=924 ttl=40 time=51.9 ms
08-13 15:32:52.036 11921 11983 D cellinfo: 46 bytes from 54.197.223.49: icmp_seq=925 ttl=40 time=62.0 ms
08-13 15:32:52.246 11921 11983 D cellinfo: 46 bytes from 54.197.223.49: icmp_seq=926 ttl=40 time=72.3 ms
08-13 15:32:52.436 11921 11983 D cellinfo: 46 bytes from 54.197.223.49: icmp_seq=927 ttl=40 time=61.9 ms
08-13 15:32:52.636 11921 11983 D cellinfo: 46 bytes from 54.197.223.49: icmp_seq=928 ttl=40 time=61.2 ms
08-13 15:32:52.836 11921 11983 D cellinfo: 46 bytes from 54.197.223.49: icmp_seq=929 ttl=40 time=60.1 ms
08-13 15:32:53.036 11921 11983 D cellinfo: 46 bytes from 54.197.223.49: icmp_seq=930 ttl=40 time=59.0 ms
08-13 15:32:53.236 11921 11983 D cellinfo: 46 bytes from 54.197.223.49: icmp_seq=931 ttl=40 time=59.0 ms
08-13 15:32:53.436 11921 11983 D cellinfo: 46 bytes from 54.197.223.49: icmp_seq=932 ttl=40 time=57.9 ms
08-13 15:32:53.636 11921 11983 D cellinfo: 46 bytes from 54.197.223.49: icmp_seq=933 ttl=40 time=57.2 ms
08-13 15:32:53.836 11921 11983 D cellinfo: 46 bytes from 54.197.223.49: icmp_seq=934 ttl=40 time=56.4 ms
08-13 15:32:54.045 11921 11983 D cellinfo: 46 bytes from 54.197.223.49: icmp_seq=935 ttl=40 time=63.9 ms
08-13 15:32:54.247 11921 11983 D cellinfo: 46 bytes from 54.197.223.49: icmp_seq=936 ttl=40 time=66.3 ms
08-13 15:32:54.443 11921 11983 D cellinfo: 46 bytes from 54.197.223.49: icmp_seq=937 ttl=40 time=61.7 ms
08-13 15:32:54.655 11921 11983 D cellinfo: 46 bytes from 54.197.223.49: icmp_seq=938 ttl=40 time=72.5 ms
08-13 15:32:54.723 11921 11921 D cellinfo: Latitude is 40.5010599
08-13 15:32:54.723 11921 11921 D cellinfo: Longitude is -86.8820428
08-13 15:32:54.723 11921 11921 D cellinfo: Instantaneous GPS information: United States, I-65, West Lafayette, IN 47906, USA
08-13 15:32:54.723 11921 11921 D cellinfo: getCurrentLocation() result: Location (success): 40.5010599, -86.8820428
08-13 15:32:54.726 11921 11921 D cellinfo: onCellInfoChanged: Operator: Verizon Wireless UpdateTimestamp: 78072641 CellConnectionStatus: 1
08-13 15:32:54.726 11921 11921 D cellinfo: onCellInfoChanged: LTE Cell Bands: [13, 66, 66, 2] Bandwidth: 10000 Cell ID: 58943747 Physical Cell ID: 245 Tracking Area Code: 58891 EARFCN: 5230
08-13 15:32:54.850 11921 11983 D cellinfo: 46 bytes from 54.197.223.49: icmp_seq=939 ttl=40 time=67.4 ms
08-13 15:32:54.893 11921 11921 D cellinfo: onsignalStrengthsChanged: LTE Signal Strength info: rsrp: -85 rsrq: -12 rssi: -65 rssnr: 27
08-13 15:32:55.047 11921 11983 D cellinfo: 46 bytes from 54.197.223.49: icmp_seq=940 ttl=40 time=63.9 ms
08-13 15:32:55.245 11921 11983 D cellinfo: 46 bytes from 54.197.223.49: icmp_seq=941 ttl=40 time=63.1 ms
08-13 15:32:55.445 11921 11983 D cellinfo: 46 bytes from 54.197.223.49: icmp_seq=942 ttl=40 time=62.1 ms
08-13 15:32:55.649 11921 11983 D cellinfo: 46 bytes from 54.197.223.49: icmp_seq=943 ttl=40 time=63.6 ms
08-13 15:32:55.851 11921 11983 D cellinfo: 46 bytes from 54.197.223.49: icmp_seq=944 ttl=40 time=66.3 ms
08-13 15:32:56.046 11921 11983 D cellinfo: 46 bytes from 54.197.223.49: icmp_seq=945 ttl=40 time=60.0 ms
08-13 15:32:56.246 11921 11983 D cellinfo: 46 bytes from 54.197.223.49: icmp_seq=946 ttl=40 time=60.4 ms
08-13 15:32:56.446 11921 11983 D cellinfo: 46 bytes from 54.197.223.49: icmp_seq=947 ttl=40 time=59.9 ms
08-13 15:32:56.646 11921 11983 D cellinfo: 46 bytes from 54.197.223.49: icmp_seq=948 ttl=40 time=59.4 ms
08-13 15:32:56.846 11921 11983 D cellinfo: 46 bytes from 54.197.223.49: icmp_seq=949 ttl=40 time=59.0 ms
08-13 15:32:57.046 11921 11983 D cellinfo: 46 bytes from 54.197.223.49: icmp_seq=950 ttl=40 time=58.5 ms
08-13 15:32:57.247 11921 11983 D cellinfo: 46 bytes from 54.197.223.49: icmp_seq=951 ttl=40 time=59.6 ms
08-13 15:32:57.366 11921 11921 D cellinfo: onCellInfoChanged: Operator: Verizon Wireless UpdateTimestamp: 78075647 CellConnectionStatus: 1
08-13 15:32:57.366 11921 11921 D cellinfo: onCellInfoChanged: LTE Cell Bands: [13, 66, 66, 2] Bandwidth: 10000 Cell ID: 58943747 Physical Cell ID: 245 Tracking Area Code: 58891 EARFCN: 5230
08-13 15:32:57.447 11921 11983 D cellinfo: 46 bytes from 54.197.223.49: icmp_seq=952 ttl=40 time=58.0 ms
08-13 15:32:57.666 11921 11983 D cellinfo: 46 bytes from 54.197.223.49: icmp_seq=953 ttl=40 time=76.5 ms
08-13 15:32:57.843 11921 11983 D cellinfo: 46 bytes from 54.197.223.49: icmp_seq=954 ttl=40 time=52.4 ms
08-13 15:32:57.944 11921 11921 D cellinfo: Latitude is 40.5000818
08-13 15:32:57.944 11921 11921 D cellinfo: Longitude is -86.8787062
08-13 15:32:57.944 11921 11921 D cellinfo: Instantaneous GPS information: United States, I-65, West Lafayette, IN 47906, USA
08-13 15:32:57.944 11921 11921 D cellinfo: getCurrentLocation() result: Location (success): 40.5000818, -86.8787062
08-13 15:32:58.047 11921 11983 D cellinfo: 46 bytes from 54.197.223.49: icmp_seq=955 ttl=40 time=56.5 ms
08-13 15:32:58.256 11921 11983 D cellinfo: 46 bytes from 54.197.223.49: icmp_seq=956 ttl=40 time=65.5 ms
08-13 15:32:58.464 11921 11983 D cellinfo: 46 bytes from 54.197.223.49: icmp_seq=957 ttl=40 time=72.1 ms
08-13 15:32:58.657 11921 11983 D cellinfo: 46 bytes from 54.197.223.49: icmp_seq=958 ttl=40 time=64.5 ms
08-13 15:32:58.857 11921 11983 D cellinfo: 46 bytes from 54.197.223.49: icmp_seq=959 ttl=40 time=64.0 ms
08-13 15:32:59.056 11921 11983 D cellinfo: 46 bytes from 54.197.223.49: icmp_seq=960 ttl=40 time=62.2 ms
08-13 15:32:59.257 11921 11983 D cellinfo: 46 bytes from 54.197.223.49: icmp_seq=961 ttl=40 time=63.2 ms
08-13 15:32:59.458 11921 11983 D cellinfo: 46 bytes from 54.197.223.49: icmp_seq=962 ttl=40 time=63.0 ms
08-13 15:32:59.657 11921 11983 D cellinfo: 46 bytes from 54.197.223.49: icmp_seq=963 ttl=40 time=60.1 ms
08-13 15:32:59.856 11921 11983 D cellinfo: 46 bytes from 54.197.223.49: icmp_seq=964 ttl=40 time=59.4 ms
08-13 15:33:00.056 11921 11983 D cellinfo: 46 bytes from 54.197.223.49: icmp_seq=965 ttl=40 time=58.8 ms
08-13 15:33:00.258 11921 11983 D cellinfo: 46 bytes from 54.197.223.49: icmp_seq=966 ttl=40 time=61.2 ms
08-13 15:33:00.456 11921 11983 D cellinfo: 46 bytes from 54.197.223.49: icmp_seq=967 ttl=40 time=57.7 ms
08-13 15:33:00.660 11921 11983 D cellinfo: 46 bytes from 54.197.223.49: icmp_seq=968 ttl=40 time=61.0 ms
08-13 15:33:00.716 11921 11921 D cellinfo: Latitude is 40.5000093
08-13 15:33:00.716 11921 11921 D cellinfo: Longitude is -86.8784814
08-13 15:33:00.716 11921 11921 D cellinfo: Instantaneous GPS information: United States, I-65, West Lafayette, IN 47906, USA
08-13 15:33:00.716 11921 11921 D cellinfo: getCurrentLocation() result: Location (success): 40.5000093, -86.8784814
08-13 15:33:00.720 11921 11921 D cellinfo: onCellInfoChanged: Operator: Verizon Wireless UpdateTimestamp: 78078633 CellConnectionStatus: 1
08-13 15:33:00.720 11921 11921 D cellinfo: onCellInfoChanged: LTE Cell Bands: [13, 66, 66, 2] Bandwidth: 10000 Cell ID: 58943747 Physical Cell ID: 245 Tracking Area Code: 58891 EARFCN: 5230
08-13 15:33:00.856 11921 11983 D cellinfo: 46 bytes from 54.197.223.49: icmp_seq=969 ttl=40 time=55.5 ms
08-13 15:33:01.066 11921 11983 D cellinfo: 46 bytes from 54.197.223.49: icmp_seq=970 ttl=40 time=64.1 ms
08-13 15:33:01.266 11921 11983 D cellinfo: 46 bytes from 54.197.223.49: icmp_seq=971 ttl=40 time=63.2 ms
08-13 15:33:01.467 11921 11983 D cellinfo: 46 bytes from 54.197.223.49: icmp_seq=972 ttl=40 time=63.0 ms
08-13 15:33:01.665 11921 11983 D cellinfo: 46 bytes from 54.197.223.49: icmp_seq=973 ttl=40 time=60.4 ms
08-13 15:33:01.866 11921 11983 D cellinfo: 46 bytes from 54.197.223.49: icmp_seq=974 ttl=40 time=60.1 ms
08-13 15:33:02.067 11921 11983 D cellinfo: 46 bytes from 54.197.223.49: icmp_seq=975 ttl=40 time=60.3 ms
08-13 15:33:02.265 11921 11983 D cellinfo: 46 bytes from 54.197.223.49: icmp_seq=976 ttl=40 time=57.3 ms
08-13 15:33:02.466 11921 11983 D cellinfo: 46 bytes from 54.197.223.49: icmp_seq=977 ttl=40 time=57.4 ms
08-13 15:33:02.674 11921 11983 D cellinfo: 46 bytes from 54.197.223.49: icmp_seq=978 ttl=40 time=64.3 ms
08-13 15:33:02.866 11921 11983 D cellinfo: 46 bytes from 54.197.223.49: icmp_seq=979 ttl=40 time=55.7 ms
08-13 15:33:03.076 11921 11983 D cellinfo: 46 bytes from 54.197.223.49: icmp_seq=980 ttl=40 time=64.9 ms
08-13 15:33:03.285 11921 11983 D cellinfo: 46 bytes from 54.197.223.49: icmp_seq=981 ttl=40 time=73.1 ms
08-13 15:33:03.476 11921 11983 D cellinfo: 46 bytes from 54.197.223.49: icmp_seq=982 ttl=40 time=63.5 ms
08-13 15:33:03.676 11921 11983 D cellinfo: 46 bytes from 54.197.223.49: icmp_seq=983 ttl=40 time=62.0 ms
08-13 15:33:03.747 11921 11921 D cellinfo: Latitude is 40.4997707
08-13 15:33:03.747 11921 11921 D cellinfo: Longitude is -86.877741
08-13 15:33:03.747 11921 11921 D cellinfo: Instantaneous GPS information: United States, I-65, West Lafayette, IN 47906, USA
08-13 15:33:03.747 11921 11921 D cellinfo: getCurrentLocation() result: Location (success): 40.4997707, -86.877741
08-13 15:33:03.751 11921 11921 D cellinfo: onCellInfoChanged: Operator: Verizon Wireless UpdateTimestamp: 78081652 CellConnectionStatus: 1
08-13 15:33:03.751 11921 11921 D cellinfo: onCellInfoChanged: LTE Cell Bands: [13, 66, 66, 2] Bandwidth: 10000 Cell ID: 58943747 Physical Cell ID: 245 Tracking Area Code: 58891 EARFCN: 5230
08-13 15:33:03.876 11921 11983 D cellinfo: 46 bytes from 54.197.223.49: icmp_seq=984 ttl=40 time=60.7 ms
08-13 15:33:04.078 11921 11983 D cellinfo: 46 bytes from 54.197.223.49: icmp_seq=985 ttl=40 time=61.7 ms
08-13 15:33:04.277 11921 11983 D cellinfo: 46 bytes from 54.197.223.49: icmp_seq=986 ttl=40 time=60.3 ms
08-13 15:33:04.477 11921 11983 D cellinfo: 46 bytes from 54.197.223.49: icmp_seq=987 ttl=40 time=59.7 ms
08-13 15:33:04.676 11921 11983 D cellinfo: 46 bytes from 54.197.223.49: icmp_seq=988 ttl=40 time=58.6 ms
08-13 15:33:04.877 11921 11983 D cellinfo: 46 bytes from 54.197.223.49: icmp_seq=989 ttl=40 time=59.1 ms
08-13 15:33:05.076 11921 11983 D cellinfo: 46 bytes from 54.197.223.49: icmp_seq=990 ttl=40 time=57.1 ms
08-13 15:33:05.276 11921 11983 D cellinfo: 46 bytes from 54.197.223.49: icmp_seq=991 ttl=40 time=56.0 ms
08-13 15:33:05.485 11921 11983 D cellinfo: 46 bytes from 54.197.223.49: icmp_seq=992 ttl=40 time=64.0 ms
08-13 15:33:05.686 11921 11983 D cellinfo: 46 bytes from 54.197.223.49: icmp_seq=993 ttl=40 time=64.3 ms
08-13 15:33:05.886 11921 11983 D cellinfo: 46 bytes from 54.197.223.49: icmp_seq=994 ttl=40 time=63.1 ms
08-13 15:33:06.086 11921 11983 D cellinfo: 46 bytes from 54.197.223.49: icmp_seq=995 ttl=40 time=61.8 ms
08-13 15:33:06.287 11921 11983 D cellinfo: 46 bytes from 54.197.223.49: icmp_seq=996 ttl=40 time=62.2 ms
08-13 15:33:06.485 11921 11983 D cellinfo: 46 bytes from 54.197.223.49: icmp_seq=997 ttl=40 time=58.8 ms
08-13 15:33:06.677 11921 11983 D cellinfo: 46 bytes from 54.197.223.49: icmp_seq=998 ttl=40 time=50.3 ms
08-13 15:33:06.707 11921 11921 D cellinfo: Latitude is 40.4997501
08-13 15:33:06.707 11921 11921 D cellinfo: Longitude is -86.8776766
08-13 15:33:06.707 11921 11921 D cellinfo: Instantaneous GPS information: United States, I-65, West Lafayette, IN 47906, USA
08-13 15:33:06.707 11921 11921 D cellinfo: getCurrentLocation() result: Location (success): 40.4997501, -86.8776766
08-13 15:33:06.710 11921 11921 D cellinfo: onCellInfoChanged: Operator: Verizon Wireless UpdateTimestamp: 78084652 CellConnectionStatus: 1
08-13 15:33:06.710 11921 11921 D cellinfo: onCellInfoChanged: LTE Cell Bands: [13, 66, 66, 2] Bandwidth: 10000 Cell ID: 58943747 Physical Cell ID: 245 Tracking Area Code: 58891 EARFCN: 5230
08-13 15:33:06.886 11921 11983 D cellinfo: 46 bytes from 54.197.223.49: icmp_seq=999 ttl=40 time=58.7 ms
08-13 15:33:07.092 11921 11983 D cellinfo: 46 bytes from 54.197.223.49: icmp_seq=1000 ttl=40 time=63.9 ms
08-13 15:33:07.286 11921 11983 D cellinfo: 46 bytes from 54.197.223.49: icmp_seq=1001 ttl=40 time=57.3 ms
08-13 15:33:07.489 11921 11983 D cellinfo: 46 bytes from 54.197.223.49: icmp_seq=1002 ttl=40 time=59.4 ms
08-13 15:33:07.687 11921 11983 D cellinfo: 46 bytes from 54.197.223.49: icmp_seq=1003 ttl=40 time=56.2 ms
08-13 15:33:07.896 11921 11983 D cellinfo: 46 bytes from 54.197.223.49: icmp_seq=1004 ttl=40 time=64.3 ms
08-13 15:33:08.104 11921 11983 D cellinfo: 46 bytes from 54.197.223.49: icmp_seq=1005 ttl=40 time=71.2 ms
08-13 15:33:08.297 11921 11983 D cellinfo: 46 bytes from 54.197.223.49: icmp_seq=1006 ttl=40 time=63.7 ms
08-13 15:33:08.497 11921 11983 D cellinfo: 46 bytes from 54.197.223.49: icmp_seq=1007 ttl=40 time=63.1 ms
08-13 15:33:08.696 11921 11983 D cellinfo: 46 bytes from 54.197.223.49: icmp_seq=1008 ttl=40 time=61.3 ms
08-13 15:33:08.898 11921 11983 D cellinfo: 46 bytes from 54.197.223.49: icmp_seq=1009 ttl=40 time=61.8 ms
08-13 15:33:09.096 11921 11983 D cellinfo: 46 bytes from 54.197.223.49: icmp_seq=1010 ttl=40 time=59.0 ms
08-13 15:33:09.298 11921 11983 D cellinfo: 46 bytes from 54.197.223.49: icmp_seq=1011 ttl=40 time=60.0 ms
08-13 15:33:09.360 11921 11921 D cellinfo: onCellInfoChanged: Operator: Verizon Wireless UpdateTimestamp: 78087643 CellConnectionStatus: 1
08-13 15:33:09.360 11921 11921 D cellinfo: onCellInfoChanged: LTE Cell Bands: [13, 66, 66, 2] Bandwidth: 10000 Cell ID: 58943747 Physical Cell ID: 245 Tracking Area Code: 58891 EARFCN: 5230
08-13 15:33:09.508 11921 11983 D cellinfo: 46 bytes from 54.197.223.49: icmp_seq=1012 ttl=40 time=68.8 ms
08-13 15:33:09.699 11921 11983 D cellinfo: 46 bytes from 54.197.223.49: icmp_seq=1013 ttl=40 time=59.3 ms
08-13 15:33:09.890 11921 11921 D cellinfo: Latitude is 40.4987539
08-13 15:33:09.890 11921 11921 D cellinfo: Longitude is -86.8746437
08-13 15:33:09.890 11921 11921 D cellinfo: Instantaneous GPS information: United States, I-65, West Lafayette, IN 47906, USA
08-13 15:33:09.890 11921 11921 D cellinfo: getCurrentLocation() result: Location (success): 40.4987539, -86.8746437
08-13 15:33:09.904 11921 11983 D cellinfo: 46 bytes from 54.197.223.49: icmp_seq=1014 ttl=40 time=63.0 ms
08-13 15:33:10.106 11921 11983 D cellinfo: 46 bytes from 54.197.223.49: icmp_seq=1015 ttl=40 time=64.2 ms
08-13 15:33:10.306 11921 11983 D cellinfo: 46 bytes from 54.197.223.49: icmp_seq=1016 ttl=40 time=63.2 ms
08-13 15:33:10.506 11921 11983 D cellinfo: 46 bytes from 54.197.223.49: icmp_seq=1017 ttl=40 time=62.2 ms
08-13 15:33:10.706 11921 11983 D cellinfo: 46 bytes from 54.197.223.49: icmp_seq=1018 ttl=40 time=61.8 ms
08-13 15:33:10.906 11921 11983 D cellinfo: 46 bytes from 54.197.223.49: icmp_seq=1019 ttl=40 time=60.5 ms
08-13 15:33:11.117 11921 11983 D cellinfo: 46 bytes from 54.197.223.49: icmp_seq=1020 ttl=40 time=70.1 ms
08-13 15:33:11.307 11921 11983 D cellinfo: 46 bytes from 54.197.223.49: icmp_seq=1021 ttl=40 time=58.9 ms
08-13 15:33:11.507 11921 11983 D cellinfo: 46 bytes from 54.197.223.49: icmp_seq=1022 ttl=40 time=58.1 ms
08-13 15:33:11.714 11921 11983 D cellinfo: 46 bytes from 54.197.223.49: icmp_seq=1023 ttl=40 time=64.1 ms
08-13 15:33:11.918 11921 11983 D cellinfo: 46 bytes from 54.197.223.49: icmp_seq=1024 ttl=40 time=66.4 ms
08-13 15:33:12.116 11921 11983 D cellinfo: 46 bytes from 54.197.223.49: icmp_seq=1025 ttl=40 time=64.9 ms
08-13 15:33:12.316 11921 11983 D cellinfo: 46 bytes from 54.197.223.49: icmp_seq=1026 ttl=40 time=63.9 ms
08-13 15:33:12.515 11921 11983 D cellinfo: 46 bytes from 54.197.223.49: icmp_seq=1027 ttl=40 time=61.9 ms
08-13 15:33:12.725 11921 11983 D cellinfo: 46 bytes from 54.197.223.49: icmp_seq=1028 ttl=40 time=69.8 ms
08-13 15:33:12.754 11921 11921 D cellinfo: Latitude is 40.4986915
08-13 15:33:12.755 11921 11921 D cellinfo: Longitude is -86.8744405
08-13 15:33:12.755 11921 11921 D cellinfo: Instantaneous GPS information: United States, 1802 Northgate Ct, Battle Ground, IN 47920, USA
08-13 15:33:12.755 11921 11921 D cellinfo: getCurrentLocation() result: Location (success): 40.4986915, -86.8744405
08-13 15:33:12.759 11921 11921 D cellinfo: onCellInfoChanged: Operator: Verizon Wireless UpdateTimestamp: 78090657 CellConnectionStatus: 1
08-13 15:33:12.759 11921 11921 D cellinfo: onCellInfoChanged: LTE Cell Bands: [13, 66, 66, 2] Bandwidth: 10000 Cell ID: 58943747 Physical Cell ID: 245 Tracking Area Code: 58891 EARFCN: 5230
08-13 15:33:12.919 11921 11983 D cellinfo: 46 bytes from 54.197.223.49: icmp_seq=1029 ttl=40 time=63.9 ms
08-13 15:33:13.120 11921 11983 D cellinfo: 46 bytes from 54.197.223.49: icmp_seq=1030 ttl=40 time=64.2 ms
08-13 15:33:13.326 11921 11983 D cellinfo: 46 bytes from 54.197.223.49: icmp_seq=1031 ttl=40 time=68.6 ms
08-13 15:33:13.528 11921 11983 D cellinfo: 46 bytes from 54.197.223.49: icmp_seq=1032 ttl=40 time=70.6 ms
08-13 15:33:13.724 11921 11983 D cellinfo: 46 bytes from 54.197.223.49: icmp_seq=1033 ttl=40 time=65.4 ms
08-13 15:33:13.924 11921 11983 D cellinfo: 46 bytes from 54.197.223.49: icmp_seq=1034 ttl=40 time=65.0 ms
08-13 15:33:14.135 11921 11983 D cellinfo: 46 bytes from 54.197.223.49: icmp_seq=1035 ttl=40 time=75.0 ms
08-13 15:33:14.333 11921 11983 D cellinfo: 46 bytes from 54.197.223.49: icmp_seq=1036 ttl=40 time=72.1 ms
08-13 15:33:14.551 11921 11983 D cellinfo: 46 bytes from 54.197.223.49: icmp_seq=1037 ttl=40 time=88.2 ms
08-13 15:33:14.734 11921 11983 D cellinfo: 46 bytes from 54.197.223.49: icmp_seq=1038 ttl=40 time=71.7 ms
08-13 15:33:14.893 11921 11921 D cellinfo: onsignalStrengthsChanged: LTE Signal Strength info: rsrp: -77 rsrq: -12 rssi: -57 rssnr: 9
08-13 15:33:14.928 11921 11983 D cellinfo: 46 bytes from 54.197.223.49: icmp_seq=1039 ttl=40 time=64.7 ms
08-13 15:33:15.135 11921 11983 D cellinfo: 46 bytes from 54.197.223.49: icmp_seq=1040 ttl=40 time=71.1 ms
08-13 15:33:15.335 11921 11983 D cellinfo: 46 bytes from 54.197.223.49: icmp_seq=1041 ttl=40 time=70.1 ms
08-13 15:33:15.620 11921 11983 D cellinfo: 46 bytes from 54.197.223.49: icmp_seq=1042 ttl=40 time=152 ms
08-13 15:33:15.723 11921 11983 D cellinfo: 46 bytes from 54.197.223.49: icmp_seq=1043 ttl=40 time=56.1 ms
08-13 15:33:15.758 11921 11921 D cellinfo: Latitude is 40.4984723
08-13 15:33:15.758 11921 11921 D cellinfo: Longitude is -86.873726
08-13 15:33:15.758 11921 11921 D cellinfo: Instantaneous GPS information: United States, 1802 Northgate Ct, Battle Ground, IN 47920, USA
08-13 15:33:15.758 11921 11921 D cellinfo: getCurrentLocation() result: Location (success): 40.4984723, -86.873726
08-13 15:33:15.762 11921 11921 D cellinfo: onCellInfoChanged: Operator: Verizon Wireless UpdateTimestamp: 78093653 CellConnectionStatus: 1
08-13 15:33:15.762 11921 11921 D cellinfo: onCellInfoChanged: LTE Cell Bands: [13, 66, 66, 2] Bandwidth: 10000 Cell ID: 58943747 Physical Cell ID: 245 Tracking Area Code: 58891 EARFCN: 5230
08-13 15:33:15.926 11921 11983 D cellinfo: 46 bytes from 54.197.223.49: icmp_seq=1044 ttl=40 time=59.3 ms
08-13 15:33:16.126 11921 11983 D cellinfo: 46 bytes from 54.197.223.49: icmp_seq=1045 ttl=40 time=57.7 ms
08-13 15:33:16.326 11921 11983 D cellinfo: 46 bytes from 54.197.223.49: icmp_seq=1046 ttl=40 time=57.1 ms
08-13 15:33:16.525 11921 11983 D cellinfo: 46 bytes from 54.197.223.49: icmp_seq=1047 ttl=40 time=55.5 ms
08-13 15:33:16.727 11921 11983 D cellinfo: 46 bytes from 54.197.223.49: icmp_seq=1048 ttl=40 time=57.2 ms
08-13 15:33:16.943 11921 11983 D cellinfo: 46 bytes from 54.197.223.49: icmp_seq=1049 ttl=40 time=72.1 ms
08-13 15:33:17.142 11921 11983 D cellinfo: 46 bytes from 54.197.223.49: icmp_seq=1050 ttl=40 time=70.9 ms
08-13 15:33:17.348 11921 11983 D cellinfo: 46 bytes from 54.197.223.49: icmp_seq=1051 ttl=40 time=76.1 ms
08-13 15:33:17.546 11921 11983 D cellinfo: 46 bytes from 54.197.223.49: icmp_seq=1052 ttl=40 time=73.4 ms
08-13 15:33:17.748 11921 11983 D cellinfo: 46 bytes from 54.197.223.49: icmp_seq=1053 ttl=40 time=74.3 ms
08-13 15:33:17.936 11921 11983 D cellinfo: 46 bytes from 54.197.223.49: icmp_seq=1054 ttl=40 time=62.0 ms
08-13 15:33:18.156 11921 11983 D cellinfo: 46 bytes from 54.197.223.49: icmp_seq=1055 ttl=40 time=80.9 ms
08-13 15:33:18.245 11921 11983 D cellinfo: 46 bytes from 54.197.223.49: icmp_seq=1055 ttl=40 time=169 ms (DUP!)
08-13 15:33:18.261 11921 11921 D cellinfo: onServiceStateChanged: Channel Number: 5230 Cell Bandwidths: [10000, 10000, 10000, 5000]
08-13 15:33:18.340 11921 11983 D cellinfo: 46 bytes from 54.197.223.49: icmp_seq=1056 ttl=40 time=64.7 ms
08-13 15:33:18.557 11921 11983 D cellinfo: 46 bytes from 54.197.223.49: icmp_seq=1057 ttl=40 time=79.9 ms
08-13 15:33:18.740 11921 11983 D cellinfo: 46 bytes from 54.197.223.49: icmp_seq=1058 ttl=40 time=59.9 ms
08-13 15:33:18.809 11921 11921 D cellinfo: Latitude is 40.4984468
08-13 15:33:18.809 11921 11921 D cellinfo: Longitude is -86.8736425
08-13 15:33:18.809 11921 11921 D cellinfo: Instantaneous GPS information: United States, 1802 Northgate Ct, Battle Ground, IN 47920, USA
08-13 15:33:18.809 11921 11921 D cellinfo: getCurrentLocation() result: Location (success): 40.4984468, -86.8736425
08-13 15:33:18.813 11921 11921 D cellinfo: onCellInfoChanged: Operator: Verizon Wireless UpdateTimestamp: 78096652 CellConnectionStatus: 1
08-13 15:33:18.813 11921 11921 D cellinfo: onCellInfoChanged: LTE Cell Bands: [13, 66, 66, 2] Bandwidth: 10000 Cell ID: 58943746 Physical Cell ID: 244 Tracking Area Code: 58891 EARFCN: 5230
08-13 15:33:18.938 11921 11983 D cellinfo: 46 bytes from 54.197.223.49: icmp_seq=1059 ttl=40 time=58.7 ms
08-13 15:33:19.145 11921 11983 D cellinfo: 46 bytes from 54.197.223.49: icmp_seq=1060 ttl=40 time=65.7 ms
08-13 15:33:19.339 11921 11983 D cellinfo: 46 bytes from 54.197.223.49: icmp_seq=1061 ttl=40 time=58.5 ms
08-13 15:33:19.378 11921 11921 D cellinfo: onsignalStrengthsChanged: LTE Signal Strength info: rsrp: -84 rsrq: -12 rssi: -63 rssnr: 3
08-13 15:33:19.547 11921 11983 D cellinfo: 46 bytes from 54.197.223.49: icmp_seq=1062 ttl=40 time=66.3 ms
08-13 15:33:19.738 11921 11983 D cellinfo: 46 bytes from 54.197.223.49: icmp_seq=1063 ttl=40 time=56.3 ms
08-13 15:33:19.939 11921 11983 D cellinfo: 46 bytes from 54.197.223.49: icmp_seq=1064 ttl=40 time=56.5 ms
08-13 15:33:20.171 11921 11983 D cellinfo: 46 bytes from 54.197.223.49: icmp_seq=1065 ttl=40 time=86.6 ms
08-13 15:33:20.347 11921 11983 D cellinfo: 46 bytes from 54.197.223.49: icmp_seq=1066 ttl=40 time=62.9 ms
08-13 15:33:20.549 11921 11983 D cellinfo: 46 bytes from 54.197.223.49: icmp_seq=1067 ttl=40 time=64.1 ms
08-13 15:33:20.749 11921 11983 D cellinfo: 46 bytes from 54.197.223.49: icmp_seq=1068 ttl=40 time=62.2 ms
08-13 15:33:20.948 11921 11983 D cellinfo: 46 bytes from 54.197.223.49: icmp_seq=1069 ttl=40 time=61.1 ms
08-13 15:33:21.149 11921 11983 D cellinfo: 46 bytes from 54.197.223.49: icmp_seq=1070 ttl=40 time=61.1 ms
08-13 15:33:21.357 11921 11983 D cellinfo: 46 bytes from 54.197.223.49: icmp_seq=1071 ttl=40 time=66.2 ms
08-13 15:33:21.377 11921 11921 D cellinfo: onCellInfoChanged: Operator: Verizon Wireless UpdateTimestamp: 78099658 CellConnectionStatus: 1
08-13 15:33:21.377 11921 11921 D cellinfo: onCellInfoChanged: LTE Cell Bands: [13, 66, 66, 2] Bandwidth: 10000 Cell ID: 58943746 Physical Cell ID: 244 Tracking Area Code: 58891 EARFCN: 5230
08-13 15:33:21.551 11921 11983 D cellinfo: 46 bytes from 54.197.223.49: icmp_seq=1072 ttl=40 time=61.6 ms
08-13 15:33:21.752 11921 11983 D cellinfo: 46 bytes from 54.197.223.49: icmp_seq=1073 ttl=40 time=60.9 ms
08-13 15:33:21.911 11921 11921 D cellinfo: Latitude is 40.4974204
08-13 15:33:21.911 11921 11921 D cellinfo: Longitude is -86.8706481
08-13 15:33:21.911 11921 11921 D cellinfo: Instantaneous GPS information: United States, 5500 IN-43, West Lafayette, IN 47906, USA
08-13 15:33:21.911 11921 11921 D cellinfo: getCurrentLocation() result: Location (success): 40.4974204, -86.8706481
08-13 15:33:21.957 11921 11983 D cellinfo: 46 bytes from 54.197.223.49: icmp_seq=1074 ttl=40 time=66.0 ms
08-13 15:33:22.159 11921 11983 D cellinfo: 46 bytes from 54.197.223.49: icmp_seq=1075 ttl=40 time=67.6 ms
08-13 15:33:22.358 11921 11983 D cellinfo: 46 bytes from 54.197.223.49: icmp_seq=1076 ttl=40 time=65.5 ms
08-13 15:33:22.561 11921 11983 D cellinfo: 46 bytes from 54.197.223.49: icmp_seq=1077 ttl=40 time=67.5 ms
08-13 15:33:22.767 11921 11983 D cellinfo: 46 bytes from 54.197.223.49: icmp_seq=1078 ttl=40 time=71.5 ms
08-13 15:33:22.962 11921 11983 D cellinfo: 46 bytes from 54.197.223.49: icmp_seq=1079 ttl=40 time=66.9 ms
08-13 15:33:23.171 11921 11983 D cellinfo: 46 bytes from 54.197.223.49: icmp_seq=1080 ttl=40 time=74.1 ms
08-13 15:33:23.363 11921 11983 D cellinfo: 46 bytes from 54.197.223.49: icmp_seq=1081 ttl=40 time=66.6 ms
08-13 15:33:23.381 11921 11921 D cellinfo: onsignalStrengthsChanged: LTE Signal Strength info: rsrp: -57 rsrq: -11 rssi: -51 rssnr: 21
08-13 15:33:23.559 11921 11983 D cellinfo: 46 bytes from 54.197.223.49: icmp_seq=1082 ttl=40 time=62.1 ms
08-13 15:33:23.762 11921 11983 D cellinfo: 46 bytes from 54.197.223.49: icmp_seq=1083 ttl=40 time=63.8 ms
08-13 15:33:23.976 11921 11983 D cellinfo: 46 bytes from 54.197.223.49: icmp_seq=1084 ttl=40 time=77.3 ms
08-13 15:33:24.174 11921 11983 D cellinfo: 46 bytes from 54.197.223.49: icmp_seq=1085 ttl=40 time=73.3 ms
08-13 15:33:24.370 11921 11983 D cellinfo: 46 bytes from 54.197.223.49: icmp_seq=1086 ttl=40 time=69.9 ms
08-13 15:33:24.558 11921 11983 D cellinfo: 46 bytes from 54.197.223.49: icmp_seq=1087 ttl=40 time=56.5 ms
08-13 15:33:24.728 11921 11921 D cellinfo: Latitude is 40.4973174
08-13 15:33:24.728 11921 11921 D cellinfo: Longitude is -86.8703124
08-13 15:33:24.728 11921 11921 D cellinfo: Instantaneous GPS information: United States, 5500 IN-43, West Lafayette, IN 47906, USA
08-13 15:33:24.728 11921 11921 D cellinfo: getCurrentLocation() result: Location (success): 40.4973174, -86.8703124
08-13 15:33:24.733 11921 11921 D cellinfo: onCellInfoChanged: Operator: Verizon Wireless UpdateTimestamp: 78102660 CellConnectionStatus: 1
08-13 15:33:24.733 11921 11921 D cellinfo: onCellInfoChanged: LTE Cell Bands: [13, 66, 66, 2] Bandwidth: 10000 Cell ID: 58943746 Physical Cell ID: 244 Tracking Area Code: 58891 EARFCN: 5230
08-13 15:33:24.771 11921 11983 D cellinfo: 46 bytes from 54.197.223.49: icmp_seq=1088 ttl=40 time=68.7 ms
08-13 15:33:24.973 11921 11983 D cellinfo: 46 bytes from 54.197.223.49: icmp_seq=1089 ttl=40 time=69.6 ms
08-13 15:33:25.178 11921 11983 D cellinfo: 46 bytes from 54.197.223.49: icmp_seq=1090 ttl=40 time=74.6 ms
08-13 15:33:25.370 11921 11983 D cellinfo: 46 bytes from 54.197.223.49: icmp_seq=1091 ttl=40 time=66.3 ms
08-13 15:33:25.572 11921 11983 D cellinfo: 46 bytes from 54.197.223.49: icmp_seq=1092 ttl=40 time=67.1 ms
08-13 15:33:25.772 11921 11983 D cellinfo: 46 bytes from 54.197.223.49: icmp_seq=1093 ttl=40 time=66.2 ms
08-13 15:33:25.975 11921 11983 D cellinfo: 46 bytes from 54.197.223.49: icmp_seq=1094 ttl=40 time=68.0 ms
08-13 15:33:26.179 11921 11983 D cellinfo: 46 bytes from 54.197.223.49: icmp_seq=1095 ttl=40 time=70.3 ms
08-13 15:33:26.382 11921 11983 D cellinfo: 46 bytes from 54.197.223.49: icmp_seq=1096 ttl=40 time=74.0 ms
08-13 15:33:26.584 11921 11983 D cellinfo: 46 bytes from 54.197.223.49: icmp_seq=1097 ttl=40 time=75.0 ms
08-13 15:33:26.768 11921 11983 D cellinfo: 46 bytes from 54.197.223.49: icmp_seq=1098 ttl=40 time=57.5 ms
08-13 15:33:26.970 11921 11983 D cellinfo: 46 bytes from 54.197.223.49: icmp_seq=1099 ttl=40 time=58.9 ms
08-13 15:33:27.168 11921 11983 D cellinfo: 46 bytes from 54.197.223.49: icmp_seq=1100 ttl=40 time=56.8 ms
08-13 15:33:27.383 11921 11983 D cellinfo: 46 bytes from 54.197.223.49: icmp_seq=1101 ttl=40 time=70.9 ms
08-13 15:33:27.587 11921 11983 D cellinfo: 46 bytes from 54.197.223.49: icmp_seq=1102 ttl=40 time=73.9 ms
08-13 15:33:27.789 11921 11983 D cellinfo: 46 bytes from 54.197.223.49: icmp_seq=1103 ttl=40 time=73.5 ms
08-13 15:33:27.851 11921 11921 D cellinfo: Latitude is 40.4971538
08-13 15:33:27.851 11921 11921 D cellinfo: Longitude is -86.8697783
08-13 15:33:27.851 11921 11921 D cellinfo: Instantaneous GPS information: United States, 5500 IN-43, West Lafayette, IN 47906, USA
08-13 15:33:27.851 11921 11921 D cellinfo: getCurrentLocation() result: Location (success): 40.4971538, -86.8697783
08-13 15:33:27.855 11921 11921 D cellinfo: onCellInfoChanged: Operator: Verizon Wireless UpdateTimestamp: 78105660 CellConnectionStatus: 1
08-13 15:33:27.855 11921 11921 D cellinfo: onCellInfoChanged: LTE Cell Bands: [13, 66, 66, 2] Bandwidth: 10000 Cell ID: 58943746 Physical Cell ID: 244 Tracking Area Code: 58891 EARFCN: 5230
08-13 15:33:27.988 11921 11983 D cellinfo: 46 bytes from 54.197.223.49: icmp_seq=1104 ttl=40 time=73.2 ms
08-13 15:33:28.187 11921 11983 D cellinfo: 46 bytes from 54.197.223.49: icmp_seq=1105 ttl=40 time=70.1 ms
08-13 15:33:28.394 11921 11983 D cellinfo: 46 bytes from 54.197.223.49: icmp_seq=1106 ttl=40 time=76.2 ms
08-13 15:33:28.579 11921 11983 D cellinfo: 46 bytes from 54.197.223.49: icmp_seq=1107 ttl=40 time=61.2 ms
08-13 15:33:28.779 11921 11983 D cellinfo: 46 bytes from 54.197.223.49: icmp_seq=1108 ttl=40 time=60.0 ms
08-13 15:33:28.979 11921 11983 D cellinfo: 46 bytes from 54.197.223.49: icmp_seq=1109 ttl=40 time=58.2 ms
08-13 15:33:29.178 11921 11983 D cellinfo: 46 bytes from 54.197.223.49: icmp_seq=1110 ttl=40 time=57.4 ms
08-13 15:33:29.380 11921 11983 D cellinfo: 46 bytes from 54.197.223.49: icmp_seq=1111 ttl=40 time=57.1 ms
08-13 15:33:29.579 11921 11983 D cellinfo: 46 bytes from 54.197.223.49: icmp_seq=1112 ttl=40 time=56.4 ms
08-13 15:33:29.780 11921 11983 D cellinfo: 46 bytes from 54.197.223.49: icmp_seq=1113 ttl=40 time=56.4 ms
08-13 15:33:29.997 11921 11983 D cellinfo: 46 bytes from 54.197.223.49: icmp_seq=1114 ttl=40 time=73.5 ms
08-13 15:33:30.189 11921 11983 D cellinfo: 46 bytes from 54.197.223.49: icmp_seq=1115 ttl=40 time=64.5 ms
08-13 15:33:30.329 11921 11921 D cellinfo: Latitude is 40.4971519
08-13 15:33:30.329 11921 11921 D cellinfo: Longitude is -86.8697712
08-13 15:33:30.329 11921 11921 D cellinfo: Instantaneous GPS information: United States, 5500 IN-43, West Lafayette, IN 47906, USA
08-13 15:33:30.329 11921 11921 D cellinfo: getCurrentLocation() result: Location (success): 40.4971519, -86.8697712
08-13 15:33:30.382 11921 11921 D cellinfo: onCellInfoChanged: Operator: Verizon Wireless UpdateTimestamp: 78108664 CellConnectionStatus: 1
08-13 15:33:30.382 11921 11921 D cellinfo: onCellInfoChanged: LTE Cell Bands: [13, 66, 66, 2] Bandwidth: 10000 Cell ID: 58943746 Physical Cell ID: 244 Tracking Area Code: 58891 EARFCN: 5230
08-13 15:33:30.388 11921 11983 D cellinfo: 46 bytes from 54.197.223.49: icmp_seq=1116 ttl=40 time=63.2 ms
08-13 15:33:30.589 11921 11983 D cellinfo: 46 bytes from 54.197.223.49: icmp_seq=1117 ttl=40 time=63.4 ms
08-13 15:33:30.788 11921 11983 D cellinfo: 46 bytes from 54.197.223.49: icmp_seq=1118 ttl=40 time=61.5 ms
08-13 15:33:30.988 11921 11983 D cellinfo: 46 bytes from 54.197.223.49: icmp_seq=1119 ttl=40 time=60.5 ms
08-13 15:33:31.179 11921 11983 D cellinfo: 46 bytes from 54.197.223.49: icmp_seq=1120 ttl=40 time=51.0 ms
08-13 15:33:31.390 11921 11983 D cellinfo: 46 bytes from 54.197.223.49: icmp_seq=1121 ttl=40 time=60.8 ms
08-13 15:33:31.588 11921 11983 D cellinfo: 46 bytes from 54.197.223.49: icmp_seq=1122 ttl=40 time=59.0 ms
08-13 15:33:31.792 11921 11983 D cellinfo: 46 bytes from 54.197.223.49: icmp_seq=1123 ttl=40 time=60.3 ms
08-13 15:33:31.989 11921 11983 D cellinfo: 46 bytes from 54.197.223.49: icmp_seq=1124 ttl=40 time=57.1 ms
08-13 15:33:32.189 11921 11983 D cellinfo: 46 bytes from 54.197.223.49: icmp_seq=1125 ttl=40 time=56.0 ms
08-13 15:33:32.415 11921 11983 D cellinfo: 46 bytes from 54.197.223.49: icmp_seq=1126 ttl=40 time=80.9 ms
08-13 15:33:32.600 11921 11983 D cellinfo: 46 bytes from 54.197.223.49: icmp_seq=1127 ttl=40 time=65.2 ms
08-13 15:33:32.801 11921 11983 D cellinfo: 46 bytes from 54.197.223.49: icmp_seq=1128 ttl=40 time=65.9 ms
08-13 15:33:33.001 11921 11983 D cellinfo: 46 bytes from 54.197.223.49: icmp_seq=1129 ttl=40 time=65.8 ms
08-13 15:33:33.199 11921 11983 D cellinfo: 46 bytes from 54.197.223.49: icmp_seq=1130 ttl=40 time=63.8 ms
08-13 15:33:33.365 11921 11921 D cellinfo: onCellInfoChanged: Operator: Verizon Wireless UpdateTimestamp: 78111646 CellConnectionStatus: 1
08-13 15:33:33.365 11921 11921 D cellinfo: onCellInfoChanged: LTE Cell Bands: [13, 66, 66, 2] Bandwidth: 10000 Cell ID: 58943746 Physical Cell ID: 244 Tracking Area Code: 58891 EARFCN: 5230
08-13 15:33:33.400 11921 11983 D cellinfo: 46 bytes from 54.197.223.49: icmp_seq=1131 ttl=40 time=63.7 ms
08-13 15:33:33.593 11921 11983 D cellinfo: 46 bytes from 54.197.223.49: icmp_seq=1132 ttl=40 time=56.6 ms
08-13 15:33:33.800 11921 11983 D cellinfo: 46 bytes from 54.197.223.49: icmp_seq=1133 ttl=40 time=62.0 ms
08-13 15:33:33.873 11921 11921 D cellinfo: Latitude is 40.4961332
08-13 15:33:33.873 11921 11921 D cellinfo: Longitude is -86.8666591
08-13 15:33:33.873 11921 11921 D cellinfo: Instantaneous GPS information: United States, I-65, West Lafayette, IN 47906, USA
08-13 15:33:33.873 11921 11921 D cellinfo: getCurrentLocation() result: Location (success): 40.4961332, -86.8666591
08-13 15:33:34.000 11921 11983 D cellinfo: 46 bytes from 54.197.223.49: icmp_seq=1134 ttl=40 time=61.8 ms
08-13 15:33:34.202 11921 11983 D cellinfo: 46 bytes from 54.197.223.49: icmp_seq=1135 ttl=40 time=63.8 ms
08-13 15:33:34.398 11921 11983 D cellinfo: 46 bytes from 54.197.223.49: icmp_seq=1136 ttl=40 time=59.3 ms
08-13 15:33:34.599 11921 11983 D cellinfo: 46 bytes from 54.197.223.49: icmp_seq=1137 ttl=40 time=58.4 ms
08-13 15:33:34.799 11921 11983 D cellinfo: 46 bytes from 54.197.223.49: icmp_seq=1138 ttl=40 time=57.9 ms
08-13 15:33:35.011 11921 11983 D cellinfo: 46 bytes from 54.197.223.49: icmp_seq=1139 ttl=40 time=68.1 ms
08-13 15:33:35.200 11921 11983 D cellinfo: 46 bytes from 54.197.223.49: icmp_seq=1140 ttl=40 time=57.3 ms
08-13 15:33:35.408 11921 11983 D cellinfo: 46 bytes from 54.197.223.49: icmp_seq=1141 ttl=40 time=65.6 ms
08-13 15:33:35.610 11921 11983 D cellinfo: 46 bytes from 54.197.223.49: icmp_seq=1142 ttl=40 time=67.2 ms
08-13 15:33:35.809 11921 11983 D cellinfo: 46 bytes from 54.197.223.49: icmp_seq=1143 ttl=40 time=65.1 ms
08-13 15:33:36.008 11921 11983 D cellinfo: 46 bytes from 54.197.223.49: icmp_seq=1144 ttl=40 time=63.4 ms
08-13 15:33:36.209 11921 11983 D cellinfo: 46 bytes from 54.197.223.49: icmp_seq=1145 ttl=40 time=63.0 ms
08-13 15:33:36.415 11921 11983 D cellinfo: 46 bytes from 54.197.223.49: icmp_seq=1146 ttl=40 time=68.8 ms
08-13 15:33:36.609 11921 11983 D cellinfo: 46 bytes from 54.197.223.49: icmp_seq=1147 ttl=40 time=61.4 ms
08-13 15:33:36.719 11921 11921 D cellinfo: Latitude is 40.4960645
08-13 15:33:36.719 11921 11921 D cellinfo: Longitude is -86.8664461
08-13 15:33:36.719 11921 11921 D cellinfo: Instantaneous GPS information: United States, I-65, West Lafayette, IN 47906, USA
08-13 15:33:36.719 11921 11921 D cellinfo: getCurrentLocation() result: Location (success): 40.4960645, -86.8664461
08-13 15:33:36.723 11921 11921 D cellinfo: onCellInfoChanged: Operator: Verizon Wireless UpdateTimestamp: 78114664 CellConnectionStatus: 1
08-13 15:33:36.723 11921 11921 D cellinfo: onCellInfoChanged: LTE Cell Bands: [13, 66, 66, 2] Bandwidth: 10000 Cell ID: 58943746 Physical Cell ID: 244 Tracking Area Code: 58891 EARFCN: 5230
08-13 15:33:36.811 11921 11983 D cellinfo: 46 bytes from 54.197.223.49: icmp_seq=1148 ttl=40 time=63.6 ms
08-13 15:33:37.008 11921 11983 D cellinfo: 46 bytes from 54.197.223.49: icmp_seq=1149 ttl=40 time=60.4 ms
08-13 15:33:37.207 11921 11983 D cellinfo: 46 bytes from 54.197.223.49: icmp_seq=1150 ttl=40 time=59.2 ms
08-13 15:33:37.409 11921 11983 D cellinfo: 46 bytes from 54.197.223.49: icmp_seq=1151 ttl=40 time=59.7 ms
08-13 15:33:37.608 11921 11983 D cellinfo: 46 bytes from 54.197.223.49: icmp_seq=1152 ttl=40 time=58.9 ms
08-13 15:33:37.809 11921 11983 D cellinfo: 46 bytes from 54.197.223.49: icmp_seq=1153 ttl=40 time=58.5 ms
08-13 15:33:38.020 11921 11983 D cellinfo: 46 bytes from 54.197.223.49: icmp_seq=1154 ttl=40 time=69.2 ms
08-13 15:33:38.210 11921 11983 D cellinfo: 46 bytes from 54.197.223.49: icmp_seq=1155 ttl=40 time=58.8 ms
08-13 15:33:38.429 11921 11983 D cellinfo: 46 bytes from 54.197.223.49: icmp_seq=1156 ttl=40 time=76.9 ms
08-13 15:33:38.611 11921 11983 D cellinfo: 46 bytes from 54.197.223.49: icmp_seq=1157 ttl=40 time=58.1 ms
08-13 15:33:38.818 11921 11983 D cellinfo: 46 bytes from 54.197.223.49: icmp_seq=1158 ttl=40 time=64.9 ms
08-13 15:33:39.019 11921 11983 D cellinfo: 46 bytes from 54.197.223.49: icmp_seq=1159 ttl=40 time=65.1 ms
08-13 15:33:39.229 11921 11983 D cellinfo: 46 bytes from 54.197.223.49: icmp_seq=1160 ttl=40 time=74.5 ms
08-13 15:33:39.431 11921 11983 D cellinfo: 46 bytes from 54.197.223.49: icmp_seq=1161 ttl=40 time=76.4 ms
08-13 15:33:39.628 11921 11983 D cellinfo: 46 bytes from 54.197.223.49: icmp_seq=1162 ttl=40 time=71.3 ms
08-13 15:33:39.720 11921 11921 D cellinfo: Latitude is 40.495828
08-13 15:33:39.720 11921 11921 D cellinfo: Longitude is -86.8657123
08-13 15:33:39.720 11921 11921 D cellinfo: Instantaneous GPS information: United States, I-65, West Lafayette, IN 47906, USA
08-13 15:33:39.720 11921 11921 D cellinfo: getCurrentLocation() result: Location (success): 40.495828, -86.8657123
08-13 15:33:39.723 11921 11921 D cellinfo: onCellInfoChanged: Operator: Verizon Wireless UpdateTimestamp: 78117653 CellConnectionStatus: 1
08-13 15:33:39.723 11921 11921 D cellinfo: onCellInfoChanged: LTE Cell Bands: [13, 66, 66, 2] Bandwidth: 10000 Cell ID: 58943746 Physical Cell ID: 244 Tracking Area Code: 58891 EARFCN: 5230
08-13 15:33:39.826 11921 11983 D cellinfo: 46 bytes from 54.197.223.49: icmp_seq=1163 ttl=40 time=69.6 ms
08-13 15:33:40.020 11921 11983 D cellinfo: 46 bytes from 54.197.223.49: icmp_seq=1164 ttl=40 time=63.3 ms
08-13 15:33:40.218 11921 11983 D cellinfo: 46 bytes from 54.197.223.49: icmp_seq=1165 ttl=40 time=61.3 ms
08-13 15:33:40.419 11921 11983 D cellinfo: 46 bytes from 54.197.223.49: icmp_seq=1166 ttl=40 time=60.3 ms
08-13 15:33:40.619 11921 11983 D cellinfo: 46 bytes from 54.197.223.49: icmp_seq=1167 ttl=40 time=60.7 ms
08-13 15:33:40.818 11921 11983 D cellinfo: 46 bytes from 54.197.223.49: icmp_seq=1168 ttl=40 time=59.3 ms
08-13 15:33:41.019 11921 11983 D cellinfo: 46 bytes from 54.197.223.49: icmp_seq=1169 ttl=40 time=58.9 ms
08-13 15:33:41.220 11921 11983 D cellinfo: 46 bytes from 54.197.223.49: icmp_seq=1170 ttl=40 time=60.4 ms
08-13 15:33:41.427 11921 11983 D cellinfo: 46 bytes from 54.197.223.49: icmp_seq=1171 ttl=40 time=65.9 ms
08-13 15:33:41.619 11921 11983 D cellinfo: 46 bytes from 54.197.223.49: icmp_seq=1172 ttl=40 time=56.6 ms
08-13 15:33:41.818 11921 11983 D cellinfo: 46 bytes from 54.197.223.49: icmp_seq=1173 ttl=40 time=55.1 ms
08-13 15:33:42.020 11921 11983 D cellinfo: 46 bytes from 54.197.223.49: icmp_seq=1174 ttl=40 time=56.3 ms
08-13 15:33:42.218 11921 11983 D cellinfo: 46 bytes from 54.197.223.49: icmp_seq=1175 ttl=40 time=54.8 ms
08-13 15:33:42.423 11921 11983 D cellinfo: 46 bytes from 54.197.223.49: icmp_seq=1176 ttl=40 time=59.2 ms
08-13 15:33:42.622 11921 11983 D cellinfo: 46 bytes from 54.197.223.49: icmp_seq=1177 ttl=40 time=56.3 ms
08-13 15:33:42.732 11921 11921 D cellinfo: Latitude is 40.4957815
08-13 15:33:42.733 11921 11921 D cellinfo: Longitude is -86.8655674
08-13 15:33:42.733 11921 11921 D cellinfo: Instantaneous GPS information: United States, I-65, West Lafayette, IN 47906, USA
08-13 15:33:42.733 11921 11921 D cellinfo: getCurrentLocation() result: Location (success): 40.4957815, -86.8655674
08-13 15:33:42.735 11921 11921 D cellinfo: onCellInfoChanged: Operator: Verizon Wireless UpdateTimestamp: 78120647 CellConnectionStatus: 1
08-13 15:33:42.735 11921 11921 D cellinfo: onCellInfoChanged: LTE Cell Bands: [13, 66, 66, 2] Bandwidth: 10000 Cell ID: 58943746 Physical Cell ID: 244 Tracking Area Code: 58891 EARFCN: 5230
08-13 15:33:42.833 11921 11983 D cellinfo: 46 bytes from 54.197.223.49: icmp_seq=1178 ttl=40 time=67.0 ms
08-13 15:33:43.028 11921 11983 D cellinfo: 46 bytes from 54.197.223.49: icmp_seq=1179 ttl=40 time=61.8 ms
08-13 15:33:43.228 11921 11983 D cellinfo: 46 bytes from 54.197.223.49: icmp_seq=1180 ttl=40 time=62.4 ms
08-13 15:33:43.428 11921 11983 D cellinfo: 46 bytes from 54.197.223.49: icmp_seq=1181 ttl=40 time=61.7 ms
08-13 15:33:43.629 11921 11983 D cellinfo: 46 bytes from 54.197.223.49: icmp_seq=1182 ttl=40 time=62.3 ms
08-13 15:33:43.828 11921 11983 D cellinfo: 46 bytes from 54.197.223.49: icmp_seq=1183 ttl=40 time=60.5 ms
08-13 15:33:44.028 11921 11983 D cellinfo: 46 bytes from 54.197.223.49: icmp_seq=1184 ttl=40 time=59.5 ms
08-13 15:33:44.237 11921 11983 D cellinfo: 46 bytes from 54.197.223.49: icmp_seq=1185 ttl=40 time=68.6 ms
08-13 15:33:44.377 11921 11921 D cellinfo: onsignalStrengthsChanged: LTE Signal Strength info: rsrp: -78 rsrq: -13 rssi: -57 rssnr: 12
08-13 15:33:44.447 11921 11983 D cellinfo: 46 bytes from 54.197.223.49: icmp_seq=1186 ttl=40 time=77.6 ms
08-13 15:33:44.636 11921 11983 D cellinfo: 46 bytes from 54.197.223.49: icmp_seq=1187 ttl=40 time=65.4 ms
08-13 15:33:44.828 11921 11983 D cellinfo: 46 bytes from 54.197.223.49: icmp_seq=1188 ttl=40 time=56.4 ms
