08-13 17:28:54.178 14990 15039 D cellinfo: 46 bytes from 54.197.223.49: icmp_seq=524 ttl=42 time=47.5 ms
08-13 17:28:54.378 14990 15039 D cellinfo: 46 bytes from 54.197.223.49: icmp_seq=525 ttl=42 time=46.7 ms
08-13 17:28:54.578 14990 15039 D cellinfo: 46 bytes from 54.197.223.49: icmp_seq=526 ttl=42 time=45.2 ms
08-13 17:28:54.778 14990 15039 D cellinfo: 46 bytes from 54.197.223.49: icmp_seq=527 ttl=42 time=44.9 ms
08-13 17:28:54.996 14990 15039 D cellinfo: 46 bytes from 54.197.223.49: icmp_seq=528 ttl=42 time=61.6 ms
08-13 17:28:55.189 14990 15039 D cellinfo: 46 bytes from 54.197.223.49: icmp_seq=529 ttl=42 time=53.7 ms
08-13 17:28:55.388 14990 15039 D cellinfo: 46 bytes from 54.197.223.49: icmp_seq=530 ttl=42 time=51.4 ms
08-13 17:28:55.587 14990 15039 D cellinfo: 46 bytes from 54.197.223.49: icmp_seq=531 ttl=42 time=50.5 ms
08-13 17:28:55.788 14990 15039 D cellinfo: 46 bytes from 54.197.223.49: icmp_seq=532 ttl=42 time=49.7 ms
08-13 17:28:55.989 14990 15039 D cellinfo: 46 bytes from 54.197.223.49: icmp_seq=533 ttl=42 time=49.8 ms
08-13 17:28:56.195 14990 15039 D cellinfo: 46 bytes from 54.197.223.49: icmp_seq=534 ttl=42 time=55.0 ms
08-13 17:28:56.385 14990 14990 D cellinfo: Latitude is 40.4173322
08-13 17:28:56.385 14990 14990 D cellinfo: Longitude is -86.8150758
08-13 17:28:56.385 14990 14990 D cellinfo: Instantaneous GPS information: United States, IN-26, Lafayette, IN 47905, USA
08-13 17:28:56.385 14990 14990 D cellinfo: getCurrentLocation() result: Location (success): 40.4173322, -86.8150758
08-13 17:28:56.388 14990 14990 D cellinfo: onCellInfoChanged: Operator: Verizon Wireless UpdateTimestamp: 85034376 CellConnectionStatus: 1
08-13 17:28:56.388 14990 14990 D cellinfo: onCellInfoChanged: LTE Cell Bands: [66, 66, 13] Bandwidth: 10000 Cell ID: 58911244 Physical Cell ID: 51 Tracking Area Code: 58891 EARFCN: 66836
08-13 17:28:56.392 14990 15039 D cellinfo: 46 bytes from 54.197.223.49: icmp_seq=535 ttl=42 time=50.0 ms
08-13 17:28:56.598 14990 15039 D cellinfo: 46 bytes from 54.197.223.49: icmp_seq=536 ttl=42 time=53.8 ms
08-13 17:28:56.799 14990 15039 D cellinfo: 46 bytes from 54.197.223.49: icmp_seq=537 ttl=42 time=53.8 ms
08-13 17:28:56.998 14990 15039 D cellinfo: 46 bytes from 54.197.223.49: icmp_seq=538 ttl=42 time=51.4 ms
08-13 17:28:57.198 14990 15039 D cellinfo: 46 bytes from 54.197.223.49: icmp_seq=539 ttl=42 time=50.9 ms
08-13 17:28:57.406 14990 15039 D cellinfo: 46 bytes from 54.197.223.49: icmp_seq=540 ttl=42 time=58.2 ms
08-13 17:28:57.599 14990 15039 D cellinfo: 46 bytes from 54.197.223.49: icmp_seq=541 ttl=42 time=49.3 ms
08-13 17:28:57.806 14990 15039 D cellinfo: 46 bytes from 54.197.223.49: icmp_seq=542 ttl=42 time=55.8 ms
08-13 17:28:57.998 14990 15039 D cellinfo: 46 bytes from 54.197.223.49: icmp_seq=543 ttl=42 time=47.3 ms
08-13 17:28:58.198 14990 15039 D cellinfo: 46 bytes from 54.197.223.49: icmp_seq=544 ttl=42 time=46.1 ms
08-13 17:28:58.399 14990 15039 D cellinfo: 46 bytes from 54.197.223.49: icmp_seq=545 ttl=42 time=46.4 ms
08-13 17:28:58.607 14990 15039 D cellinfo: 46 bytes from 54.197.223.49: icmp_seq=546 ttl=42 time=53.3 ms
08-13 17:28:58.808 14990 15039 D cellinfo: 46 bytes from 54.197.223.49: icmp_seq=547 ttl=42 time=53.8 ms
08-13 17:28:59.008 14990 15039 D cellinfo: 46 bytes from 54.197.223.49: icmp_seq=548 ttl=42 time=52.2 ms
08-13 17:28:59.209 14990 15039 D cellinfo: 46 bytes from 54.197.223.49: icmp_seq=549 ttl=42 time=53.8 ms
08-13 17:28:59.394 14990 14990 D cellinfo: Latitude is 40.4171645
08-13 17:28:59.394 14990 14990 D cellinfo: Longitude is -86.8155941
08-13 17:28:59.394 14990 14990 D cellinfo: Instantaneous GPS information: United States, 4723 Meijer Ct, Lafayette, IN 47905, USA
08-13 17:28:59.394 14990 14990 D cellinfo: getCurrentLocation() result: Location (success): 40.4171645, -86.8155941
08-13 17:28:59.397 14990 14990 D cellinfo: onCellInfoChanged: Operator: Verizon Wireless UpdateTimestamp: 85037364 CellConnectionStatus: 1
08-13 17:28:59.398 14990 14990 D cellinfo: onCellInfoChanged: LTE Cell Bands: [66, 66, 13] Bandwidth: 10000 Cell ID: 58911244 Physical Cell ID: 51 Tracking Area Code: 58891 EARFCN: 66836
08-13 17:28:59.407 14990 15039 D cellinfo: 46 bytes from 54.197.223.49: icmp_seq=550 ttl=42 time=50.6 ms
08-13 17:28:59.609 14990 15039 D cellinfo: 46 bytes from 54.197.223.49: icmp_seq=551 ttl=42 time=51.3 ms
08-13 17:28:59.809 14990 15039 D cellinfo: 46 bytes from 54.197.223.49: icmp_seq=552 ttl=42 time=50.5 ms
08-13 17:29:00.009 14990 15039 D cellinfo: 46 bytes from 54.197.223.49: icmp_seq=553 ttl=42 time=51.1 ms
08-13 17:29:00.209 14990 15039 D cellinfo: 46 bytes from 54.197.223.49: icmp_seq=554 ttl=42 time=49.4 ms
08-13 17:29:00.416 14990 15039 D cellinfo: 46 bytes from 54.197.223.49: icmp_seq=555 ttl=42 time=56.8 ms
08-13 17:29:00.607 14990 15039 D cellinfo: 46 bytes from 54.197.223.49: icmp_seq=556 ttl=42 time=47.3 ms
08-13 17:29:00.807 14990 15039 D cellinfo: 46 bytes from 54.197.223.49: icmp_seq=557 ttl=42 time=45.2 ms
08-13 17:29:01.007 14990 15039 D cellinfo: 46 bytes from 54.197.223.49: icmp_seq=558 ttl=42 time=44.5 ms
08-13 17:29:01.209 14990 15039 D cellinfo: 46 bytes from 54.197.223.49: icmp_seq=559 ttl=42 time=46.9 ms
08-13 17:29:01.429 14990 15039 D cellinfo: 46 bytes from 54.197.223.49: icmp_seq=560 ttl=42 time=65.5 ms
08-13 17:29:01.620 14990 15039 D cellinfo: 46 bytes from 54.197.223.49: icmp_seq=561 ttl=42 time=55.6 ms
08-13 17:29:01.820 14990 15039 D cellinfo: 46 bytes from 54.197.223.49: icmp_seq=562 ttl=42 time=54.3 ms
08-13 17:29:02.022 14990 15039 D cellinfo: 46 bytes from 54.197.223.49: icmp_seq=563 ttl=42 time=55.5 ms
08-13 17:29:02.099 14990 14990 D cellinfo: onCellInfoChanged: Operator: Verizon Wireless UpdateTimestamp: 85040379 CellConnectionStatus: 1
08-13 17:29:02.099 14990 14990 D cellinfo: onCellInfoChanged: LTE Cell Bands: [66, 66, 13] Bandwidth: 10000 Cell ID: 58911244 Physical Cell ID: 51 Tracking Area Code: 58891 EARFCN: 66836
08-13 17:29:02.211 14990 15039 D cellinfo: 46 bytes from 54.197.223.49: icmp_seq=564 ttl=42 time=44.8 ms
08-13 17:29:02.416 14990 15039 D cellinfo: 46 bytes from 54.197.223.49: icmp_seq=565 ttl=42 time=48.8 ms
08-13 17:29:02.619 14990 15039 D cellinfo: 46 bytes from 54.197.223.49: icmp_seq=566 ttl=42 time=51.1 ms
08-13 17:29:02.819 14990 15039 D cellinfo: 46 bytes from 54.197.223.49: icmp_seq=567 ttl=42 time=49.2 ms
08-13 17:29:03.018 14990 14990 D cellinfo: Latitude is 40.4175852
08-13 17:29:03.018 14990 14990 D cellinfo: Longitude is -86.8174072
08-13 17:29:03.018 14990 14990 D cellinfo: Instantaneous GPS information: United States, SR 26 & Frontage Rd (South Side of SR26): BUS277S, Lafayette, IN 47905, USA
08-13 17:29:03.018 14990 14990 D cellinfo: getCurrentLocation() result: Location (success): 40.4175852, -86.8174072
08-13 17:29:03.022 14990 15039 D cellinfo: 46 bytes from 54.197.223.49: icmp_seq=568 ttl=42 time=51.7 ms
08-13 17:29:03.219 14990 15039 D cellinfo: 46 bytes from 54.197.223.49: icmp_seq=569 ttl=42 time=48.7 ms
08-13 17:29:03.418 14990 15039 D cellinfo: 46 bytes from 54.197.223.49: icmp_seq=570 ttl=42 time=46.7 ms
08-13 17:29:03.619 14990 15039 D cellinfo: 46 bytes from 54.197.223.49: icmp_seq=571 ttl=42 time=46.8 ms
08-13 17:29:03.828 14990 15039 D cellinfo: 46 bytes from 54.197.223.49: icmp_seq=572 ttl=42 time=55.2 ms
08-13 17:29:04.028 14990 15039 D cellinfo: 46 bytes from 54.197.223.49: icmp_seq=573 ttl=42 time=53.7 ms
08-13 17:29:04.238 14990 15039 D cellinfo: 46 bytes from 54.197.223.49: icmp_seq=574 ttl=42 time=63.4 ms
08-13 17:29:04.338 14990 14990 D cellinfo: onsignalStrengthsChanged: LTE Signal Strength info: rsrp: -87 rsrq: -10 rssi: -69 rssnr: 14
08-13 17:29:04.429 14990 15039 D cellinfo: 46 bytes from 54.197.223.49: icmp_seq=575 ttl=42 time=53.7 ms
08-13 17:29:04.627 14990 15039 D cellinfo: 46 bytes from 54.197.223.49: icmp_seq=576 ttl=42 time=50.8 ms
08-13 17:29:04.830 14990 15039 D cellinfo: 46 bytes from 54.197.223.49: icmp_seq=577 ttl=42 time=53.2 ms
08-13 17:29:05.031 14990 15039 D cellinfo: 46 bytes from 54.197.223.49: icmp_seq=578 ttl=42 time=53.4 ms
08-13 17:29:05.229 14990 15039 D cellinfo: 46 bytes from 54.197.223.49: icmp_seq=579 ttl=42 time=51.5 ms
08-13 17:29:05.432 14990 15039 D cellinfo: 46 bytes from 54.197.223.49: icmp_seq=580 ttl=42 time=52.3 ms
08-13 17:29:05.461 14990 14990 D cellinfo: Latitude is 40.4175912
08-13 17:29:05.462 14990 14990 D cellinfo: Longitude is -86.817579
08-13 17:29:05.462 14990 14990 D cellinfo: Instantaneous GPS information: United States, SR 26 & Frontage Rd (South Side of SR26): BUS277S, Lafayette, IN 47905, USA
08-13 17:29:05.462 14990 14990 D cellinfo: getCurrentLocation() result: Location (success): 40.4175912, -86.817579
08-13 17:29:05.466 14990 14990 D cellinfo: onCellInfoChanged: Operator: Verizon Wireless UpdateTimestamp: 85043378 CellConnectionStatus: 1
08-13 17:29:05.466 14990 14990 D cellinfo: onCellInfoChanged: LTE Cell Bands: [66, 66, 13] Bandwidth: 10000 Cell ID: 58911244 Physical Cell ID: 51 Tracking Area Code: 58891 EARFCN: 66836
08-13 17:29:05.630 14990 15039 D cellinfo: 46 bytes from 54.197.223.49: icmp_seq=581 ttl=42 time=50.5 ms
08-13 17:29:05.829 14990 15039 D cellinfo: 46 bytes from 54.197.223.49: icmp_seq=582 ttl=42 time=48.2 ms
08-13 17:29:06.031 14990 15039 D cellinfo: 46 bytes from 54.197.223.49: icmp_seq=583 ttl=42 time=49.3 ms
08-13 17:29:06.229 14990 15039 D cellinfo: 46 bytes from 54.197.223.49: icmp_seq=584 ttl=42 time=47.3 ms
08-13 17:29:06.428 14990 15039 D cellinfo: 46 bytes from 54.197.223.49: icmp_seq=585 ttl=42 time=45.6 ms
08-13 17:29:06.639 14990 15039 D cellinfo: 46 bytes from 54.197.223.49: icmp_seq=586 ttl=42 time=55.8 ms
08-13 17:29:06.849 14990 15039 D cellinfo: 46 bytes from 54.197.223.49: icmp_seq=587 ttl=42 time=64.5 ms
08-13 17:29:07.042 14990 15039 D cellinfo: 46 bytes from 54.197.223.49: icmp_seq=588 ttl=42 time=57.7 ms
08-13 17:29:07.233 14990 15039 D cellinfo: 46 bytes from 54.197.223.49: icmp_seq=589 ttl=42 time=48.6 ms
08-13 17:29:07.442 14990 14990 D cellinfo: onsignalStrengthsChanged: LTE Signal Strength info: rsrp: -85 rsrq: -11 rssi: -59 rssnr: 3
08-13 17:29:07.454 14990 15039 D cellinfo: 46 bytes from 54.197.223.49: icmp_seq=590 ttl=42 time=68.9 ms
08-13 17:29:07.514 14990 14990 D cellinfo: onServiceStateChanged: Channel Number: 66836 Cell Bandwidths: [10000, 10000, 10000]
08-13 17:29:07.642 14990 15039 D cellinfo: 46 bytes from 54.197.223.49: icmp_seq=591 ttl=42 time=57.7 ms
08-13 17:29:07.844 14990 15039 D cellinfo: 46 bytes from 54.197.223.49: icmp_seq=592 ttl=42 time=58.3 ms
08-13 17:29:08.044 14990 15039 D cellinfo: 46 bytes from 54.197.223.49: icmp_seq=593 ttl=42 time=57.9 ms
08-13 17:29:08.245 14990 15039 D cellinfo: 46 bytes from 54.197.223.49: icmp_seq=594 ttl=42 time=57.9 ms
08-13 17:29:08.444 14990 15039 D cellinfo: 46 bytes from 54.197.223.49: icmp_seq=595 ttl=42 time=55.5 ms
08-13 17:29:08.495 14990 14990 D cellinfo: Latitude is 40.4175982
08-13 17:29:08.495 14990 14990 D cellinfo: Longitude is -86.8179635
08-13 17:29:08.496 14990 14990 D cellinfo: Instantaneous GPS information: United States, 4701 Meijer Ct, Lafayette, IN 47905, USA
08-13 17:29:08.496 14990 14990 D cellinfo: getCurrentLocation() result: Location (success): 40.4175982, -86.8179635
08-13 17:29:08.501 14990 14990 D cellinfo: onCellInfoChanged: Operator: Verizon Wireless UpdateTimestamp: 85046358 CellConnectionStatus: 1
08-13 17:29:08.501 14990 14990 D cellinfo: onCellInfoChanged: LTE Cell Bands: [66, 66, 5] Bandwidth: 10000 Cell ID: 58911264 Physical Cell ID: 53 Tracking Area Code: 58891 EARFCN: 66836
08-13 17:29:08.645 14990 15039 D cellinfo: 46 bytes from 54.197.223.49: icmp_seq=596 ttl=42 time=55.9 ms
08-13 17:29:08.858 14990 15039 D cellinfo: 46 bytes from 54.197.223.49: icmp_seq=597 ttl=42 time=69.0 ms
08-13 17:29:09.060 14990 15039 D cellinfo: 46 bytes from 54.197.223.49: icmp_seq=598 ttl=42 time=69.2 ms
08-13 17:29:09.259 14990 15039 D cellinfo: 46 bytes from 54.197.223.49: icmp_seq=599 ttl=42 time=68.5 ms
08-13 17:29:09.450 14990 15039 D cellinfo: 46 bytes from 54.197.223.49: icmp_seq=600 ttl=42 time=58.7 ms
08-13 17:29:09.654 14990 15039 D cellinfo: 46 bytes from 54.197.223.49: icmp_seq=601 ttl=42 time=62.4 ms
08-13 17:29:09.861 14990 15039 D cellinfo: 46 bytes from 54.197.223.49: icmp_seq=602 ttl=42 time=68.4 ms
08-13 17:29:10.140 14990 15039 D cellinfo: 46 bytes from 54.197.223.49: icmp_seq=603 ttl=42 time=146 ms
08-13 17:29:10.255 14990 15039 D cellinfo: 46 bytes from 54.197.223.49: icmp_seq=604 ttl=42 time=61.9 ms
08-13 17:29:10.453 14990 15039 D cellinfo: 46 bytes from 54.197.223.49: icmp_seq=605 ttl=42 time=58.4 ms
08-13 17:29:10.654 14990 15039 D cellinfo: 46 bytes from 54.197.223.49: icmp_seq=606 ttl=42 time=59.0 ms
08-13 17:29:10.865 14990 15039 D cellinfo: 46 bytes from 54.197.223.49: icmp_seq=607 ttl=42 time=69.3 ms
08-13 17:29:11.048 14990 14990 D cellinfo: Latitude is 40.4176004
08-13 17:29:11.048 14990 14990 D cellinfo: Longitude is -86.817983
08-13 17:29:11.048 14990 14990 D cellinfo: Instantaneous GPS information: United States, 4701 Meijer Ct, Lafayette, IN 47905, USA
08-13 17:29:11.048 14990 14990 D cellinfo: getCurrentLocation() result: Location (success): 40.4176004, -86.817983
08-13 17:29:11.058 14990 15039 D cellinfo: 46 bytes from 54.197.223.49: icmp_seq=608 ttl=42 time=59.2 ms
08-13 17:29:11.101 14990 14990 D cellinfo: onCellInfoChanged: Operator: Verizon Wireless UpdateTimestamp: 85049385 CellConnectionStatus: 1
08-13 17:29:11.101 14990 14990 D cellinfo: onCellInfoChanged: LTE Cell Bands: [66, 66, 5] Bandwidth: 10000 Cell ID: 58911264 Physical Cell ID: 53 Tracking Area Code: 58891 EARFCN: 66836
08-13 17:29:11.254 14990 15039 D cellinfo: 46 bytes from 54.197.223.49: icmp_seq=609 ttl=42 time=58.2 ms
08-13 17:29:11.448 14990 14990 D cellinfo: onsignalStrengthsChanged: LTE Signal Strength info: rsrp: -84 rsrq: -10 rssi: -65 rssnr: 2
08-13 17:29:11.448 14990 15039 D cellinfo: 46 bytes from 54.197.223.49: icmp_seq=610 ttl=42 time=50.9 ms
08-13 17:29:11.650 14990 15039 D cellinfo: 46 bytes from 54.197.223.49: icmp_seq=611 ttl=42 time=50.8 ms
08-13 17:29:11.851 14990 15039 D cellinfo: 46 bytes from 54.197.223.49: icmp_seq=612 ttl=42 time=52.0 ms
08-13 17:29:12.066 14990 15039 D cellinfo: 46 bytes from 54.197.223.49: icmp_seq=613 ttl=42 time=66.8 ms
08-13 17:29:12.262 14990 15039 D cellinfo: 46 bytes from 54.197.223.49: icmp_seq=614 ttl=42 time=61.5 ms
08-13 17:29:12.467 14990 15039 D cellinfo: 46 bytes from 54.197.223.49: icmp_seq=615 ttl=42 time=67.6 ms
08-13 17:29:12.665 14990 15039 D cellinfo: 46 bytes from 54.197.223.49: icmp_seq=616 ttl=42 time=64.4 ms
08-13 17:29:12.848 14990 15039 D cellinfo: 46 bytes from 54.197.223.49: icmp_seq=617 ttl=42 time=46.7 ms
08-13 17:29:13.060 14990 15039 D cellinfo: 46 bytes from 54.197.223.49: icmp_seq=618 ttl=42 time=58.1 ms
08-13 17:29:13.259 14990 15039 D cellinfo: 46 bytes from 54.197.223.49: icmp_seq=619 ttl=42 time=56.6 ms
08-13 17:29:13.460 14990 15039 D cellinfo: 46 bytes from 54.197.223.49: icmp_seq=620 ttl=42 time=56.6 ms
08-13 17:29:13.658 14990 15039 D cellinfo: 46 bytes from 54.197.223.49: icmp_seq=621 ttl=42 time=54.3 ms
08-13 17:29:13.860 14990 15039 D cellinfo: 46 bytes from 54.197.223.49: icmp_seq=622 ttl=42 time=54.5 ms
08-13 17:29:14.058 14990 15039 D cellinfo: 46 bytes from 54.197.223.49: icmp_seq=623 ttl=42 time=53.0 ms
08-13 17:29:14.282 14990 15039 D cellinfo: 46 bytes from 54.197.223.49: icmp_seq=624 ttl=42 time=75.4 ms
08-13 17:29:14.425 14990 14990 D cellinfo: Latitude is 40.4173
08-13 17:29:14.425 14990 14990 D cellinfo: Longitude is -86.8180202
08-13 17:29:14.425 14990 14990 D cellinfo: Instantaneous GPS information: United States, 4701 Meijer Ct, Lafayette, IN 47905, USA
08-13 17:29:14.425 14990 14990 D cellinfo: getCurrentLocation() result: Location (success): 40.4173, -86.8180202
08-13 17:29:14.430 14990 14990 D cellinfo: onCellInfoChanged: Operator: Verizon Wireless UpdateTimestamp: 85052370 CellConnectionStatus: 1
08-13 17:29:14.430 14990 14990 D cellinfo: onCellInfoChanged: LTE Cell Bands: [66, 66, 5] Bandwidth: 10000 Cell ID: 58911264 Physical Cell ID: 53 Tracking Area Code: 58891 EARFCN: 66836
08-13 17:29:14.458 14990 15039 D cellinfo: 46 bytes from 54.197.223.49: icmp_seq=625 ttl=42 time=50.9 ms
08-13 17:29:14.661 14990 15039 D cellinfo: 46 bytes from 54.197.223.49: icmp_seq=626 ttl=42 time=52.2 ms
08-13 17:29:14.860 14990 15039 D cellinfo: 46 bytes from 54.197.223.49: icmp_seq=627 ttl=42 time=51.5 ms
08-13 17:29:15.068 14990 15039 D cellinfo: 46 bytes from 54.197.223.49: icmp_seq=628 ttl=42 time=58.6 ms
08-13 17:29:15.269 14990 15039 D cellinfo: 46 bytes from 54.197.223.49: icmp_seq=629 ttl=42 time=58.5 ms
08-13 17:29:15.453 14990 14990 D cellinfo: onsignalStrengthsChanged: LTE Signal Strength info: rsrp: -82 rsrq: -10 rssi: -63 rssnr: 7
08-13 17:29:15.469 14990 15039 D cellinfo: 46 bytes from 54.197.223.49: icmp_seq=630 ttl=42 time=57.2 ms
08-13 17:29:15.682 14990 15039 D cellinfo: 46 bytes from 54.197.223.49: icmp_seq=631 ttl=42 time=69.3 ms
08-13 17:29:15.869 14990 15039 D cellinfo: 46 bytes from 54.197.223.49: icmp_seq=632 ttl=42 time=56.5 ms
08-13 17:29:16.071 14990 15039 D cellinfo: 46 bytes from 54.197.223.49: icmp_seq=633 ttl=42 time=56.1 ms
08-13 17:29:16.272 14990 15039 D cellinfo: 46 bytes from 54.197.223.49: icmp_seq=634 ttl=42 time=55.6 ms
08-13 17:29:16.480 14990 15039 D cellinfo: 46 bytes from 54.197.223.49: icmp_seq=635 ttl=42 time=61.2 ms
08-13 17:29:16.670 14990 15039 D cellinfo: 46 bytes from 54.197.223.49: icmp_seq=636 ttl=42 time=51.1 ms
08-13 17:29:16.881 14990 15039 D cellinfo: 46 bytes from 54.197.223.49: icmp_seq=637 ttl=42 time=61.0 ms
08-13 17:29:17.080 14990 15039 D cellinfo: 46 bytes from 54.197.223.49: icmp_seq=638 ttl=42 time=59.0 ms
08-13 17:29:17.271 14990 15039 D cellinfo: 46 bytes from 54.197.223.49: icmp_seq=639 ttl=42 time=48.1 ms
08-13 17:29:17.374 14990 14990 D cellinfo: Latitude is 40.4168186
08-13 17:29:17.375 14990 14990 D cellinfo: Longitude is -86.813357
08-13 17:29:17.375 14990 14990 D cellinfo: Instantaneous GPS information: United States, 4803 IN-26, Lafayette, IN 47905, USA
08-13 17:29:17.375 14990 14990 D cellinfo: getCurrentLocation() result: Location (success): 40.4168186, -86.813357
08-13 17:29:17.379 14990 14990 D cellinfo: onCellInfoChanged: Operator: Verizon Wireless UpdateTimestamp: 85055364 CellConnectionStatus: 1
08-13 17:29:17.379 14990 14990 D cellinfo: onCellInfoChanged: LTE Cell Bands: [66, 66, 5] Bandwidth: 10000 Cell ID: 58911264 Physical Cell ID: 53 Tracking Area Code: 58891 EARFCN: 66836
08-13 17:29:17.481 14990 15039 D cellinfo: 46 bytes from 54.197.223.49: icmp_seq=640 ttl=42 time=58.3 ms
08-13 17:29:17.690 14990 15039 D cellinfo: 46 bytes from 54.197.223.49: icmp_seq=641 ttl=42 time=65.7 ms
08-13 17:29:17.879 14990 15039 D cellinfo: 46 bytes from 54.197.223.49: icmp_seq=642 ttl=42 time=53.7 ms
08-13 17:29:18.081 14990 15039 D cellinfo: 46 bytes from 54.197.223.49: icmp_seq=643 ttl=42 time=55.0 ms
08-13 17:29:18.279 14990 15039 D cellinfo: 46 bytes from 54.197.223.49: icmp_seq=644 ttl=42 time=51.8 ms
08-13 17:29:18.479 14990 15039 D cellinfo: 46 bytes from 54.197.223.49: icmp_seq=645 ttl=42 time=50.3 ms
08-13 17:29:18.690 14990 15039 D cellinfo: 46 bytes from 54.197.223.49: icmp_seq=646 ttl=42 time=60.7 ms
08-13 17:29:18.890 14990 15039 D cellinfo: 46 bytes from 54.197.223.49: icmp_seq=647 ttl=42 time=60.1 ms
08-13 17:29:19.092 14990 15039 D cellinfo: 46 bytes from 54.197.223.49: icmp_seq=648 ttl=42 time=60.7 ms
08-13 17:29:19.290 14990 15039 D cellinfo: 46 bytes from 54.197.223.49: icmp_seq=649 ttl=42 time=57.6 ms
08-13 17:29:19.491 14990 15039 D cellinfo: 46 bytes from 54.197.223.49: icmp_seq=650 ttl=42 time=58.0 ms
08-13 17:29:19.691 14990 15039 D cellinfo: 46 bytes from 54.197.223.49: icmp_seq=651 ttl=42 time=57.0 ms
08-13 17:29:19.894 14990 15039 D cellinfo: 46 bytes from 54.197.223.49: icmp_seq=652 ttl=42 time=58.2 ms
08-13 17:29:20.101 14990 15039 D cellinfo: 46 bytes from 54.197.223.49: icmp_seq=653 ttl=42 time=65.5 ms
08-13 17:29:20.284 14990 15039 D cellinfo: 46 bytes from 54.197.223.49: icmp_seq=654 ttl=42 time=46.7 ms
08-13 17:29:20.413 14990 14990 D cellinfo: Latitude is 40.4172841
08-13 17:29:20.413 14990 14990 D cellinfo: Longitude is -86.8179785
08-13 17:29:20.413 14990 14990 D cellinfo: Instantaneous GPS information: United States, 4701 Meijer Ct, Lafayette, IN 47905, USA
08-13 17:29:20.413 14990 14990 D cellinfo: getCurrentLocation() result: Location (success): 40.4172841, -86.8179785
08-13 17:29:20.418 14990 14990 D cellinfo: onCellInfoChanged: Operator: Verizon Wireless UpdateTimestamp: 85058365 CellConnectionStatus: 1
08-13 17:29:20.418 14990 14990 D cellinfo: onCellInfoChanged: LTE Cell Bands: [66, 66, 5] Bandwidth: 10000 Cell ID: 58911264 Physical Cell ID: 53 Tracking Area Code: 58891 EARFCN: 66836
08-13 17:29:20.490 14990 15039 D cellinfo: 46 bytes from 54.197.223.49: icmp_seq=655 ttl=42 time=52.6 ms
08-13 17:29:20.692 14990 15039 D cellinfo: 46 bytes from 54.197.223.49: icmp_seq=656 ttl=42 time=52.4 ms
08-13 17:29:20.901 14990 15039 D cellinfo: 46 bytes from 54.197.223.49: icmp_seq=657 ttl=42 time=60.7 ms
08-13 17:29:21.117 14990 15039 D cellinfo: 46 bytes from 54.197.223.49: icmp_seq=658 ttl=42 time=75.3 ms
08-13 17:29:21.299 14990 15039 D cellinfo: 46 bytes from 54.197.223.49: icmp_seq=659 ttl=42 time=57.6 ms
08-13 17:29:21.518 14990 15039 D cellinfo: 46 bytes from 54.197.223.49: icmp_seq=660 ttl=42 time=75.3 ms
08-13 17:29:21.700 14990 15039 D cellinfo: 46 bytes from 54.197.223.49: icmp_seq=661 ttl=42 time=57.3 ms
08-13 17:29:21.899 14990 15039 D cellinfo: 46 bytes from 54.197.223.49: icmp_seq=662 ttl=42 time=55.3 ms
08-13 17:29:22.116 14990 15039 D cellinfo: 46 bytes from 54.197.223.49: icmp_seq=663 ttl=42 time=71.0 ms
08-13 17:29:22.303 14990 15039 D cellinfo: 46 bytes from 54.197.223.49: icmp_seq=664 ttl=42 time=58.6 ms
08-13 17:29:22.504 14990 15039 D cellinfo: 46 bytes from 54.197.223.49: icmp_seq=665 ttl=42 time=58.1 ms
08-13 17:29:22.710 14990 15039 D cellinfo: 46 bytes from 54.197.223.49: icmp_seq=666 ttl=42 time=63.3 ms
08-13 17:29:22.908 14990 15039 D cellinfo: 46 bytes from 54.197.223.49: icmp_seq=667 ttl=42 time=60.3 ms
08-13 17:29:23.102 14990 15039 D cellinfo: 46 bytes from 54.197.223.49: icmp_seq=668 ttl=42 time=53.4 ms
08-13 17:29:23.304 14990 15039 D cellinfo: 46 bytes from 54.197.223.49: icmp_seq=669 ttl=42 time=54.2 ms
08-13 17:29:23.505 14990 15039 D cellinfo: 46 bytes from 54.197.223.49: icmp_seq=670 ttl=42 time=54.5 ms
08-13 17:29:23.511 14990 14990 D cellinfo: Latitude is 40.4175122
08-13 17:29:23.511 14990 14990 D cellinfo: Longitude is -86.8180563
08-13 17:29:23.511 14990 14990 D cellinfo: Instantaneous GPS information: United States, 4701 Meijer Ct, Lafayette, IN 47905, USA
08-13 17:29:23.511 14990 14990 D cellinfo: getCurrentLocation() result: Location (success): 40.4175122, -86.8180563
08-13 17:29:23.515 14990 14990 D cellinfo: onCellInfoChanged: Operator: Verizon Wireless UpdateTimestamp: 85061375 CellConnectionStatus: 1
08-13 17:29:23.515 14990 14990 D cellinfo: onCellInfoChanged: LTE Cell Bands: [66, 66, 5] Bandwidth: 10000 Cell ID: 58911264 Physical Cell ID: 53 Tracking Area Code: 58891 EARFCN: 66836
08-13 17:29:23.713 14990 15039 D cellinfo: 46 bytes from 54.197.223.49: icmp_seq=671 ttl=42 time=62.1 ms
08-13 17:29:23.912 14990 15039 D cellinfo: 46 bytes from 54.197.223.49: icmp_seq=672 ttl=42 time=60.7 ms
08-13 17:29:24.126 14990 15039 D cellinfo: 46 bytes from 54.197.223.49: icmp_seq=673 ttl=42 time=72.4 ms
08-13 17:29:24.310 14990 15039 D cellinfo: 46 bytes from 54.197.223.49: icmp_seq=674 ttl=42 time=56.1 ms
08-13 17:29:24.511 14990 15039 D cellinfo: 46 bytes from 54.197.223.49: icmp_seq=675 ttl=42 time=56.1 ms
08-13 17:29:24.715 14990 15039 D cellinfo: 46 bytes from 54.197.223.49: icmp_seq=676 ttl=42 time=59.3 ms
08-13 17:29:24.911 14990 15039 D cellinfo: 46 bytes from 54.197.223.49: icmp_seq=677 ttl=42 time=53.0 ms
08-13 17:29:25.121 14990 15039 D cellinfo: 46 bytes from 54.197.223.49: icmp_seq=678 ttl=42 time=62.6 ms
08-13 17:29:25.311 14990 15039 D cellinfo: 46 bytes from 54.197.223.49: icmp_seq=679 ttl=42 time=52.6 ms
08-13 17:29:25.521 14990 15039 D cellinfo: 46 bytes from 54.197.223.49: icmp_seq=680 ttl=42 time=61.0 ms
08-13 17:29:25.723 14990 15039 D cellinfo: 46 bytes from 54.197.223.49: icmp_seq=681 ttl=42 time=63.0 ms
08-13 17:29:25.922 14990 15039 D cellinfo: 46 bytes from 54.197.223.49: icmp_seq=682 ttl=42 time=61.1 ms
08-13 17:29:26.153 14990 15039 D cellinfo: 46 bytes from 54.197.223.49: icmp_seq=683 ttl=42 time=90.3 ms
08-13 17:29:26.327 14990 15039 D cellinfo: 46 bytes from 54.197.223.49: icmp_seq=684 ttl=42 time=64.3 ms
08-13 17:29:26.481 14990 14990 D cellinfo: Latitude is 40.4173599
08-13 17:29:26.482 14990 14990 D cellinfo: Longitude is -86.8179848
08-13 17:29:26.482 14990 14990 D cellinfo: Instantaneous GPS information: United States, 4701 Meijer Ct, Lafayette, IN 47905, USA
08-13 17:29:26.482 14990 14990 D cellinfo: getCurrentLocation() result: Location (success): 40.4173599, -86.8179848
08-13 17:29:26.485 14990 14990 D cellinfo: onCellInfoChanged: Operator: Verizon Wireless UpdateTimestamp: 85064362 CellConnectionStatus: 1
08-13 17:29:26.485 14990 14990 D cellinfo: onCellInfoChanged: LTE Cell Bands: [66, 66, 5] Bandwidth: 10000 Cell ID: 58911264 Physical Cell ID: 53 Tracking Area Code: 58891 EARFCN: 66836
08-13 17:29:26.513 14990 15039 D cellinfo: 46 bytes from 54.197.223.49: icmp_seq=685 ttl=42 time=49.3 ms
08-13 17:29:26.720 14990 15039 D cellinfo: 46 bytes from 54.197.223.49: icmp_seq=686 ttl=42 time=54.7 ms
08-13 17:29:26.920 14990 15039 D cellinfo: 46 bytes from 54.197.223.49: icmp_seq=687 ttl=42 time=53.8 ms
08-13 17:29:27.120 14990 15039 D cellinfo: 46 bytes from 54.197.223.49: icmp_seq=688 ttl=42 time=51.9 ms
08-13 17:29:27.333 14990 15039 D cellinfo: 46 bytes from 54.197.223.49: icmp_seq=689 ttl=42 time=65.3 ms
08-13 17:29:27.521 14990 15039 D cellinfo: 46 bytes from 54.197.223.49: icmp_seq=690 ttl=42 time=52.3 ms
08-13 17:29:27.729 14990 15039 D cellinfo: 46 bytes from 54.197.223.49: icmp_seq=691 ttl=42 time=60.5 ms
08-13 17:29:27.920 14990 15039 D cellinfo: 46 bytes from 54.197.223.49: icmp_seq=692 ttl=42 time=51.3 ms
08-13 17:29:28.137 14990 15039 D cellinfo: 46 bytes from 54.197.223.49: icmp_seq=693 ttl=42 time=67.6 ms
08-13 17:29:28.338 14990 15039 D cellinfo: 46 bytes from 54.197.223.49: icmp_seq=694 ttl=42 time=67.9 ms
08-13 17:29:28.535 14990 15039 D cellinfo: 46 bytes from 54.197.223.49: icmp_seq=695 ttl=42 time=63.9 ms
08-13 17:29:28.741 14990 15039 D cellinfo: 46 bytes from 54.197.223.49: icmp_seq=696 ttl=42 time=67.8 ms
08-13 17:29:28.940 14990 15039 D cellinfo: 46 bytes from 54.197.223.49: icmp_seq=697 ttl=42 time=66.2 ms
08-13 17:29:29.147 14990 15039 D cellinfo: 46 bytes from 54.197.223.49: icmp_seq=698 ttl=42 time=72.2 ms
08-13 17:29:29.344 14990 15039 D cellinfo: 46 bytes from 54.197.223.49: icmp_seq=699 ttl=42 time=68.0 ms
08-13 17:29:29.482 14990 14990 D cellinfo: Latitude is 40.4174539
08-13 17:29:29.483 14990 14990 D cellinfo: Longitude is -86.8178831
08-13 17:29:29.483 14990 14990 D cellinfo: Instantaneous GPS information: United States, 4701 Meijer Ct, Lafayette, IN 47905, USA
08-13 17:29:29.483 14990 14990 D cellinfo: getCurrentLocation() result: Location (success): 40.4174539, -86.8178831
08-13 17:29:29.485 14990 14990 D cellinfo: onCellInfoChanged: Operator: Verizon Wireless UpdateTimestamp: 85067374 CellConnectionStatus: 1
08-13 17:29:29.485 14990 14990 D cellinfo: onCellInfoChanged: LTE Cell Bands: [66, 66, 5] Bandwidth: 10000 Cell ID: 58911264 Physical Cell ID: 53 Tracking Area Code: 58891 EARFCN: 66836
08-13 17:29:29.543 14990 15039 D cellinfo: 46 bytes from 54.197.223.49: icmp_seq=700 ttl=42 time=65.4 ms
08-13 17:29:29.731 14990 15039 D cellinfo: 46 bytes from 54.197.223.49: icmp_seq=701 ttl=42 time=52.2 ms
08-13 17:29:29.943 14990 15039 D cellinfo: 46 bytes from 54.197.223.49: icmp_seq=702 ttl=42 time=64.3 ms
08-13 17:29:30.145 14990 15039 D cellinfo: 46 bytes from 54.197.223.49: icmp_seq=703 ttl=42 time=65.5 ms
08-13 17:29:30.349 14990 15039 D cellinfo: 46 bytes from 54.197.223.49: icmp_seq=704 ttl=42 time=67.9 ms
08-13 17:29:30.542 14990 15039 D cellinfo: 46 bytes from 54.197.223.49: icmp_seq=705 ttl=42 time=60.2 ms
08-13 17:29:30.752 14990 15039 D cellinfo: 46 bytes from 54.197.223.49: icmp_seq=706 ttl=42 time=68.4 ms
08-13 17:29:30.940 14990 15039 D cellinfo: 46 bytes from 54.197.223.49: icmp_seq=707 ttl=42 time=55.2 ms
08-13 17:29:31.140 14990 15039 D cellinfo: 46 bytes from 54.197.223.49: icmp_seq=708 ttl=42 time=54.8 ms
08-13 17:29:31.342 14990 15039 D cellinfo: 46 bytes from 54.197.223.49: icmp_seq=709 ttl=42 time=55.8 ms
08-13 17:29:31.539 14990 15039 D cellinfo: 46 bytes from 54.197.223.49: icmp_seq=710 ttl=42 time=51.9 ms
08-13 17:29:31.742 14990 15039 D cellinfo: 46 bytes from 54.197.223.49: icmp_seq=711 ttl=42 time=53.3 ms
08-13 17:29:31.950 14990 15039 D cellinfo: 46 bytes from 54.197.223.49: icmp_seq=712 ttl=42 time=60.8 ms
08-13 17:29:32.192 14990 15039 D cellinfo: 46 bytes from 54.197.223.49: icmp_seq=713 ttl=42 time=101 ms
08-13 17:29:32.339 14990 15039 D cellinfo: 46 bytes from 54.197.223.49: icmp_seq=714 ttl=42 time=47.7 ms
08-13 17:29:32.425 14990 14990 D cellinfo: Latitude is 40.4173226
08-13 17:29:32.425 14990 14990 D cellinfo: Longitude is -86.817941
08-13 17:29:32.425 14990 14990 D cellinfo: Instantaneous GPS information: United States, 4701 Meijer Ct, Lafayette, IN 47905, USA
08-13 17:29:32.425 14990 14990 D cellinfo: getCurrentLocation() result: Location (success): 40.4173226, -86.817941
08-13 17:29:32.430 14990 14990 D cellinfo: onCellInfoChanged: Operator: Verizon Wireless UpdateTimestamp: 85070370 CellConnectionStatus: 1
08-13 17:29:32.430 14990 14990 D cellinfo: onCellInfoChanged: LTE Cell Bands: [66, 66, 5] Bandwidth: 10000 Cell ID: 58911264 Physical Cell ID: 53 Tracking Area Code: 58891 EARFCN: 66836
08-13 17:29:32.543 14990 15039 D cellinfo: 46 bytes from 54.197.223.49: icmp_seq=715 ttl=42 time=51.1 ms
08-13 17:29:32.750 14990 15039 D cellinfo: 46 bytes from 54.197.223.49: icmp_seq=716 ttl=42 time=57.5 ms
08-13 17:29:32.951 14990 15039 D cellinfo: 46 bytes from 54.197.223.49: icmp_seq=717 ttl=42 time=56.7 ms
08-13 17:29:33.151 14990 15039 D cellinfo: 46 bytes from 54.197.223.49: icmp_seq=718 ttl=42 time=55.7 ms
08-13 17:29:33.351 14990 15039 D cellinfo: 46 bytes from 54.197.223.49: icmp_seq=719 ttl=42 time=54.5 ms
08-13 17:29:33.550 14990 15039 D cellinfo: 46 bytes from 54.197.223.49: icmp_seq=720 ttl=42 time=52.7 ms
08-13 17:29:33.760 14990 15039 D cellinfo: 46 bytes from 54.197.223.49: icmp_seq=721 ttl=42 time=62.6 ms
08-13 17:29:33.951 14990 15039 D cellinfo: 46 bytes from 54.197.223.49: icmp_seq=722 ttl=42 time=53.0 ms
08-13 17:29:34.161 14990 15039 D cellinfo: 46 bytes from 54.197.223.49: icmp_seq=723 ttl=42 time=61.7 ms
08-13 17:29:34.363 14990 15039 D cellinfo: 46 bytes from 54.197.223.49: icmp_seq=724 ttl=42 time=62.8 ms
08-13 17:29:34.561 14990 15039 D cellinfo: 46 bytes from 54.197.223.49: icmp_seq=725 ttl=42 time=60.1 ms
08-13 17:29:34.764 14990 15039 D cellinfo: 46 bytes from 54.197.223.49: icmp_seq=726 ttl=42 time=61.4 ms
08-13 17:29:34.983 14990 15039 D cellinfo: 46 bytes from 54.197.223.49: icmp_seq=727 ttl=42 time=76.5 ms
08-13 17:29:35.169 14990 15039 D cellinfo: 46 bytes from 54.197.223.49: icmp_seq=728 ttl=42 time=65.4 ms
08-13 17:29:35.352 14990 15039 D cellinfo: 46 bytes from 54.197.223.49: icmp_seq=729 ttl=42 time=46.7 ms
08-13 17:29:35.497 14990 14990 D cellinfo: Latitude is 40.4172696
08-13 17:29:35.497 14990 14990 D cellinfo: Longitude is -86.8178581
08-13 17:29:35.497 14990 14990 D cellinfo: Instantaneous GPS information: United States, 4701 Meijer Ct, Lafayette, IN 47905, USA
08-13 17:29:35.497 14990 14990 D cellinfo: getCurrentLocation() result: Location (success): 40.4172696, -86.8178581
08-13 17:29:35.500 14990 14990 D cellinfo: onCellInfoChanged: Operator: Verizon Wireless UpdateTimestamp: 85073371 CellConnectionStatus: 1
08-13 17:29:35.501 14990 14990 D cellinfo: onCellInfoChanged: LTE Cell Bands: [66, 66, 5] Bandwidth: 10000 Cell ID: 58911264 Physical Cell ID: 53 Tracking Area Code: 58891 EARFCN: 66836
08-13 17:29:35.501 14990 14990 D cellinfo: onsignalStrengthsChanged: LTE Signal Strength info: rsrp: -87 rsrq: -10 rssi: -67 rssnr: 8
08-13 17:29:35.551 14990 15039 D cellinfo: 46 bytes from 54.197.223.49: icmp_seq=730 ttl=42 time=45.6 ms
08-13 17:29:35.760 14990 15039 D cellinfo: 46 bytes from 54.197.223.49: icmp_seq=731 ttl=42 time=53.9 ms
08-13 17:29:35.966 14990 15039 D cellinfo: 46 bytes from 54.197.223.49: icmp_seq=732 ttl=42 time=59.1 ms
08-13 17:29:36.159 14990 15039 D cellinfo: 46 bytes from 54.197.223.49: icmp_seq=733 ttl=42 time=50.3 ms
08-13 17:29:36.362 14990 15039 D cellinfo: 46 bytes from 54.197.223.49: icmp_seq=734 ttl=42 time=52.8 ms
08-13 17:29:36.572 14990 15039 D cellinfo: 46 bytes from 54.197.223.49: icmp_seq=735 ttl=42 time=61.7 ms
08-13 17:29:36.770 14990 15039 D cellinfo: 46 bytes from 54.197.223.49: icmp_seq=736 ttl=42 time=58.3 ms
08-13 17:29:36.971 14990 15039 D cellinfo: 46 bytes from 54.197.223.49: icmp_seq=737 ttl=42 time=58.0 ms
08-13 17:29:37.170 14990 15039 D cellinfo: 46 bytes from 54.197.223.49: icmp_seq=738 ttl=42 time=55.0 ms
08-13 17:29:37.371 14990 15039 D cellinfo: 46 bytes from 54.197.223.49: icmp_seq=739 ttl=42 time=54.7 ms
08-13 17:29:37.570 14990 15039 D cellinfo: 46 bytes from 54.197.223.49: icmp_seq=740 ttl=42 time=54.5 ms
08-13 17:29:37.773 14990 15039 D cellinfo: 46 bytes from 54.197.223.49: icmp_seq=741 ttl=42 time=56.4 ms
08-13 17:29:37.971 14990 15039 D cellinfo: 46 bytes from 54.197.223.49: icmp_seq=742 ttl=42 time=53.4 ms
08-13 17:29:38.194 14990 15039 D cellinfo: 46 bytes from 54.197.223.49: icmp_seq=743 ttl=42 time=74.8 ms
08-13 17:29:38.375 14990 15039 D cellinfo: 46 bytes from 54.197.223.49: icmp_seq=744 ttl=42 time=55.3 ms
08-13 17:29:38.468 14990 14990 D cellinfo: Latitude is 40.4173501
08-13 17:29:38.468 14990 14990 D cellinfo: Longitude is -86.8178771
08-13 17:29:38.468 14990 14990 D cellinfo: Instantaneous GPS information: United States, 4701 Meijer Ct, Lafayette, IN 47905, USA
08-13 17:29:38.468 14990 14990 D cellinfo: getCurrentLocation() result: Location (success): 40.4173501, -86.8178771
08-13 17:29:38.472 14990 14990 D cellinfo: onCellInfoChanged: Operator: Verizon Wireless UpdateTimestamp: 85076369 CellConnectionStatus: 1
08-13 17:29:38.472 14990 14990 D cellinfo: onCellInfoChanged: LTE Cell Bands: [66, 66, 5] Bandwidth: 10000 Cell ID: 58911264 Physical Cell ID: 53 Tracking Area Code: 58891 EARFCN: 66836
08-13 17:29:38.569 14990 15039 D cellinfo: 46 bytes from 54.197.223.49: icmp_seq=745 ttl=42 time=49.8 ms
08-13 17:29:38.781 14990 15039 D cellinfo: 46 bytes from 54.197.223.49: icmp_seq=746 ttl=42 time=60.4 ms
08-13 17:29:38.980 14990 15039 D cellinfo: 46 bytes from 54.197.223.49: icmp_seq=747 ttl=42 time=57.6 ms
08-13 17:29:39.182 14990 15039 D cellinfo: 46 bytes from 54.197.223.49: icmp_seq=748 ttl=42 time=58.4 ms
08-13 17:29:39.382 14990 15039 D cellinfo: 46 bytes from 54.197.223.49: icmp_seq=749 ttl=42 time=57.9 ms
08-13 17:29:39.580 14990 15039 D cellinfo: 46 bytes from 54.197.223.49: icmp_seq=750 ttl=42 time=55.4 ms
08-13 17:29:39.782 14990 15039 D cellinfo: 46 bytes from 54.197.223.49: icmp_seq=751 ttl=42 time=56.0 ms
08-13 17:29:39.980 14990 15039 D cellinfo: 46 bytes from 54.197.223.49: icmp_seq=752 ttl=42 time=54.8 ms
08-13 17:29:40.189 14990 15039 D cellinfo: 46 bytes from 54.197.223.49: icmp_seq=753 ttl=42 time=62.5 ms
08-13 17:29:40.383 14990 15039 D cellinfo: 46 bytes from 54.197.223.49: icmp_seq=754 ttl=42 time=55.9 ms
08-13 17:29:40.580 14990 15039 D cellinfo: 46 bytes from 54.197.223.49: icmp_seq=755 ttl=42 time=51.6 ms
08-13 17:29:40.780 14990 15039 D cellinfo: 46 bytes from 54.197.223.49: icmp_seq=756 ttl=42 time=50.9 ms
08-13 17:29:40.991 14990 15039 D cellinfo: 46 bytes from 54.197.223.49: icmp_seq=757 ttl=42 time=61.8 ms
08-13 17:29:41.043 14990 14990 D cellinfo: Latitude is 40.4172883
08-13 17:29:41.043 14990 14990 D cellinfo: Longitude is -86.8179752
08-13 17:29:41.044 14990 14990 D cellinfo: Instantaneous GPS information: United States, 4701 Meijer Ct, Lafayette, IN 47905, USA
08-13 17:29:41.044 14990 14990 D cellinfo: getCurrentLocation() result: Location (success): 40.4172883, -86.8179752
08-13 17:29:41.090 14990 14990 D cellinfo: onCellInfoChanged: Operator: Verizon Wireless UpdateTimestamp: 85079371 CellConnectionStatus: 1
08-13 17:29:41.090 14990 14990 D cellinfo: onCellInfoChanged: LTE Cell Bands: [66, 66, 5] Bandwidth: 10000 Cell ID: 58911264 Physical Cell ID: 53 Tracking Area Code: 58891 EARFCN: 66836
08-13 17:29:41.189 14990 15039 D cellinfo: 46 bytes from 54.197.223.49: icmp_seq=758 ttl=42 time=58.8 ms
08-13 17:29:41.390 14990 15039 D cellinfo: 46 bytes from 54.197.223.49: icmp_seq=759 ttl=42 time=58.4 ms
08-13 17:29:41.591 14990 15039 D cellinfo: 46 bytes from 54.197.223.49: icmp_seq=760 ttl=42 time=58.9 ms
08-13 17:29:41.791 14990 15039 D cellinfo: 46 bytes from 54.197.223.49: icmp_seq=761 ttl=42 time=57.0 ms
08-13 17:29:41.991 14990 15039 D cellinfo: 46 bytes from 54.197.223.49: icmp_seq=762 ttl=42 time=56.2 ms
08-13 17:29:42.191 14990 15039 D cellinfo: 46 bytes from 54.197.223.49: icmp_seq=763 ttl=42 time=53.8 ms
08-13 17:29:42.390 14990 15039 D cellinfo: 46 bytes from 54.197.223.49: icmp_seq=764 ttl=42 time=52.0 ms
08-13 17:29:42.591 14990 15039 D cellinfo: 46 bytes from 54.197.223.49: icmp_seq=765 ttl=42 time=52.8 ms
08-13 17:29:42.789 14990 15039 D cellinfo: 46 bytes from 54.197.223.49: icmp_seq=766 ttl=42 time=49.5 ms
08-13 17:29:43.000 14990 15039 D cellinfo: 46 bytes from 54.197.223.49: icmp_seq=767 ttl=42 time=59.5 ms
08-13 17:29:43.200 14990 15039 D cellinfo: 46 bytes from 54.197.223.49: icmp_seq=768 ttl=42 time=58.6 ms
08-13 17:29:43.390 14990 15039 D cellinfo: 46 bytes from 54.197.223.49: icmp_seq=769 ttl=42 time=48.3 ms
08-13 17:29:43.600 14990 15039 D cellinfo: 46 bytes from 54.197.223.49: icmp_seq=770 ttl=42 time=57.5 ms
08-13 17:29:43.803 14990 15039 D cellinfo: 46 bytes from 54.197.223.49: icmp_seq=771 ttl=42 time=58.7 ms
08-13 17:29:44.000 14990 15039 D cellinfo: 46 bytes from 54.197.223.49: icmp_seq=772 ttl=42 time=55.3 ms
08-13 17:29:44.041 14990 14990 D cellinfo: Latitude is 40.4172808
08-13 17:29:44.041 14990 14990 D cellinfo: Longitude is -86.8179871
08-13 17:29:44.041 14990 14990 D cellinfo: Instantaneous GPS information: United States, 4701 Meijer Ct, Lafayette, IN 47905, USA
08-13 17:29:44.041 14990 14990 D cellinfo: getCurrentLocation() result: Location (success): 40.4172808, -86.8179871
08-13 17:29:44.088 14990 14990 D cellinfo: onCellInfoChanged: Operator: Verizon Wireless UpdateTimestamp: 85082371 CellConnectionStatus: 1
08-13 17:29:44.088 14990 14990 D cellinfo: onCellInfoChanged: LTE Cell Bands: [66, 66, 5] Bandwidth: 10000 Cell ID: 58911264 Physical Cell ID: 53 Tracking Area Code: 58891 EARFCN: 66836
08-13 17:29:44.202 14990 15039 D cellinfo: 46 bytes from 54.197.223.49: icmp_seq=773 ttl=42 time=56.7 ms
08-13 17:29:44.399 14990 15039 D cellinfo: 46 bytes from 54.197.223.49: icmp_seq=774 ttl=42 time=51.9 ms
08-13 17:29:44.602 14990 15039 D cellinfo: 46 bytes from 54.197.223.49: icmp_seq=775 ttl=42 time=54.1 ms
08-13 17:29:44.802 14990 15039 D cellinfo: 46 bytes from 54.197.223.49: icmp_seq=776 ttl=42 time=52.6 ms
08-13 17:29:45.011 14990 15039 D cellinfo: 46 bytes from 54.197.223.49: icmp_seq=777 ttl=42 time=60.5 ms
08-13 17:29:45.212 14990 15039 D cellinfo: 46 bytes from 54.197.223.49: icmp_seq=778 ttl=42 time=61.4 ms
08-13 17:29:45.409 14990 15039 D cellinfo: 46 bytes from 54.197.223.49: icmp_seq=779 ttl=42 time=58.5 ms
08-13 17:29:45.612 14990 15039 D cellinfo: 46 bytes from 54.197.223.49: icmp_seq=780 ttl=42 time=59.1 ms
08-13 17:29:45.811 14990 15039 D cellinfo: 46 bytes from 54.197.223.49: icmp_seq=781 ttl=42 time=57.5 ms
08-13 17:29:46.014 14990 15039 D cellinfo: 46 bytes from 54.197.223.49: icmp_seq=782 ttl=42 time=59.0 ms
08-13 17:29:46.213 14990 15039 D cellinfo: 46 bytes from 54.197.223.49: icmp_seq=783 ttl=42 time=57.9 ms
08-13 17:29:46.413 14990 15039 D cellinfo: 46 bytes from 54.197.223.49: icmp_seq=784 ttl=42 time=57.1 ms
08-13 17:29:46.612 14990 15039 D cellinfo: 46 bytes from 54.197.223.49: icmp_seq=785 ttl=42 time=56.5 ms
08-13 17:29:46.822 14990 15039 D cellinfo: 46 bytes from 54.197.223.49: icmp_seq=786 ttl=42 time=64.2 ms
08-13 17:29:47.015 14990 15039 D cellinfo: 46 bytes from 54.197.223.49: icmp_seq=787 ttl=42 time=56.2 ms
08-13 17:29:47.047 14990 14990 D cellinfo: Latitude is 40.4172814
08-13 17:29:47.047 14990 14990 D cellinfo: Longitude is -86.8179844
08-13 17:29:47.047 14990 14990 D cellinfo: Instantaneous GPS information: United States, 4701 Meijer Ct, Lafayette, IN 47905, USA
08-13 17:29:47.047 14990 14990 D cellinfo: getCurrentLocation() result: Location (success): 40.4172814, -86.8179844
08-13 17:29:47.081 14990 14990 D cellinfo: onCellInfoChanged: Operator: Verizon Wireless UpdateTimestamp: 85085363 CellConnectionStatus: 1
08-13 17:29:47.081 14990 14990 D cellinfo: onCellInfoChanged: LTE Cell Bands: [66, 66, 5] Bandwidth: 10000 Cell ID: 58911264 Physical Cell ID: 53 Tracking Area Code: 58891 EARFCN: 66836
08-13 17:29:47.216 14990 15039 D cellinfo: 46 bytes from 54.197.223.49: icmp_seq=788 ttl=42 time=58.1 ms
08-13 17:29:47.412 14990 15039 D cellinfo: 46 bytes from 54.197.223.49: icmp_seq=789 ttl=42 time=53.5 ms
08-13 17:29:47.613 14990 15039 D cellinfo: 46 bytes from 54.197.223.49: icmp_seq=790 ttl=42 time=53.7 ms
08-13 17:29:47.824 14990 15039 D cellinfo: 46 bytes from 54.197.223.49: icmp_seq=791 ttl=42 time=62.8 ms
08-13 17:29:48.026 14990 15039 D cellinfo: 46 bytes from 54.197.223.49: icmp_seq=792 ttl=42 time=62.9 ms
08-13 17:29:48.224 14990 15039 D cellinfo: 46 bytes from 54.197.223.49: icmp_seq=793 ttl=42 time=61.3 ms
08-13 17:29:48.423 14990 15039 D cellinfo: 46 bytes from 54.197.223.49: icmp_seq=794 ttl=42 time=59.8 ms
08-13 17:29:48.625 14990 15039 D cellinfo: 46 bytes from 54.197.223.49: icmp_seq=795 ttl=42 time=60.3 ms
08-13 17:29:48.822 14990 15039 D cellinfo: 46 bytes from 54.197.223.49: icmp_seq=796 ttl=42 time=56.6 ms
08-13 17:29:49.022 14990 15039 D cellinfo: 46 bytes from 54.197.223.49: icmp_seq=797 ttl=42 time=55.6 ms
08-13 17:29:49.220 14990 15039 D cellinfo: 46 bytes from 54.197.223.49: icmp_seq=798 ttl=42 time=55.0 ms
08-13 17:29:49.422 14990 15039 D cellinfo: 46 bytes from 54.197.223.49: icmp_seq=799 ttl=42 time=54.6 ms
08-13 17:29:49.620 14990 15039 D cellinfo: 46 bytes from 54.197.223.49: icmp_seq=800 ttl=42 time=53.6 ms
08-13 17:29:49.832 14990 15039 D cellinfo: 46 bytes from 54.197.223.49: icmp_seq=801 ttl=42 time=63.4 ms
08-13 17:29:50.039 14990 14990 D cellinfo: Latitude is 40.417284
08-13 17:29:50.039 14990 14990 D cellinfo: Longitude is -86.8179772
08-13 17:29:50.039 14990 14990 D cellinfo: Instantaneous GPS information: United States, 4701 Meijer Ct, Lafayette, IN 47905, USA
08-13 17:29:50.039 14990 14990 D cellinfo: getCurrentLocation() result: Location (success): 40.417284, -86.8179772
08-13 17:29:50.041 14990 15039 D cellinfo: 46 bytes from 54.197.223.49: icmp_seq=802 ttl=42 time=71.5 ms
08-13 17:29:50.091 14990 14990 D cellinfo: onCellInfoChanged: Operator: Verizon Wireless UpdateTimestamp: 85088372 CellConnectionStatus: 1
08-13 17:29:50.091 14990 14990 D cellinfo: onCellInfoChanged: LTE Cell Bands: [66, 66, 5] Bandwidth: 10000 Cell ID: 58911264 Physical Cell ID: 53 Tracking Area Code: 58891 EARFCN: 66836
08-13 17:29:50.218 14990 15039 D cellinfo: 46 bytes from 54.197.223.49: icmp_seq=803 ttl=42 time=49.5 ms
08-13 17:29:50.423 14990 15039 D cellinfo: 46 bytes from 54.197.223.49: icmp_seq=804 ttl=42 time=53.2 ms
08-13 17:29:50.636 14990 15039 D cellinfo: 46 bytes from 54.197.223.49: icmp_seq=805 ttl=42 time=64.5 ms
08-13 17:29:50.834 14990 15039 D cellinfo: 46 bytes from 54.197.223.49: icmp_seq=806 ttl=42 time=61.4 ms
08-13 17:29:51.034 14990 15039 D cellinfo: 46 bytes from 54.197.223.49: icmp_seq=807 ttl=42 time=60.8 ms
08-13 17:29:51.234 14990 15039 D cellinfo: 46 bytes from 54.197.223.49: icmp_seq=808 ttl=42 time=60.5 ms
08-13 17:29:51.433 14990 15039 D cellinfo: 46 bytes from 54.197.223.49: icmp_seq=809 ttl=42 time=57.6 ms
08-13 17:29:51.633 14990 15039 D cellinfo: 46 bytes from 54.197.223.49: icmp_seq=810 ttl=42 time=58.2 ms
08-13 17:29:51.832 14990 15039 D cellinfo: 46 bytes from 54.197.223.49: icmp_seq=811 ttl=42 time=55.2 ms
08-13 17:29:52.035 14990 15039 D cellinfo: 46 bytes from 54.197.223.49: icmp_seq=812 ttl=42 time=57.7 ms
08-13 17:29:52.232 14990 15039 D cellinfo: 46 bytes from 54.197.223.49: icmp_seq=813 ttl=42 time=54.5 ms
08-13 17:29:52.433 14990 15039 D cellinfo: 46 bytes from 54.197.223.49: icmp_seq=814 ttl=42 time=54.3 ms
08-13 17:29:52.633 14990 15039 D cellinfo: 46 bytes from 54.197.223.49: icmp_seq=815 ttl=42 time=53.9 ms
08-13 17:29:52.845 14990 15039 D cellinfo: 46 bytes from 54.197.223.49: icmp_seq=816 ttl=42 time=64.6 ms
08-13 17:29:53.044 14990 15039 D cellinfo: 46 bytes from 54.197.223.49: icmp_seq=817 ttl=42 time=62.6 ms
08-13 17:29:53.044 14990 14990 D cellinfo: Latitude is 40.417265
08-13 17:29:53.044 14990 14990 D cellinfo: Longitude is -86.8180038
08-13 17:29:53.044 14990 14990 D cellinfo: Instantaneous GPS information: United States, 4701 Meijer Ct, Lafayette, IN 47905, USA
08-13 17:29:53.044 14990 14990 D cellinfo: getCurrentLocation() result: Location (success): 40.417265, -86.8180038
08-13 17:29:53.088 14990 14990 D cellinfo: onCellInfoChanged: Operator: Verizon Wireless UpdateTimestamp: 85091370 CellConnectionStatus: 1
08-13 17:29:53.088 14990 14990 D cellinfo: onCellInfoChanged: LTE Cell Bands: [66, 66, 5] Bandwidth: 10000 Cell ID: 58911264 Physical Cell ID: 53 Tracking Area Code: 58891 EARFCN: 66836
08-13 17:29:53.244 14990 15039 D cellinfo: 46 bytes from 54.197.223.49: icmp_seq=818 ttl=42 time=63.9 ms
08-13 17:29:53.444 14990 15039 D cellinfo: 46 bytes from 54.197.223.49: icmp_seq=819 ttl=42 time=61.4 ms
08-13 17:29:53.651 14990 15039 D cellinfo: 46 bytes from 54.197.223.49: icmp_seq=820 ttl=42 time=68.0 ms
08-13 17:29:53.850 14990 15039 D cellinfo: 46 bytes from 54.197.223.49: icmp_seq=821 ttl=42 time=66.7 ms
08-13 17:29:54.043 14990 15039 D cellinfo: 46 bytes from 54.197.223.49: icmp_seq=822 ttl=42 time=58.1 ms
08-13 17:29:54.244 14990 15039 D cellinfo: 46 bytes from 54.197.223.49: icmp_seq=823 ttl=42 time=59.3 ms
08-13 17:29:54.441 14990 15039 D cellinfo: 46 bytes from 54.197.223.49: icmp_seq=824 ttl=42 time=55.2 ms
08-13 17:29:54.642 14990 15039 D cellinfo: 46 bytes from 54.197.223.49: icmp_seq=825 ttl=42 time=55.9 ms
08-13 17:29:54.842 14990 15039 D cellinfo: 46 bytes from 54.197.223.49: icmp_seq=826 ttl=42 time=53.1 ms
08-13 17:29:55.042 14990 15039 D cellinfo: 46 bytes from 54.197.223.49: icmp_seq=827 ttl=42 time=53.6 ms
08-13 17:29:55.242 14990 15039 D cellinfo: 46 bytes from 54.197.223.49: icmp_seq=828 ttl=42 time=53.9 ms
08-13 17:29:55.445 14990 15039 D cellinfo: 46 bytes from 54.197.223.49: icmp_seq=829 ttl=42 time=56.4 ms
08-13 17:29:55.651 14990 15039 D cellinfo: 46 bytes from 54.197.223.49: icmp_seq=830 ttl=42 time=60.6 ms
08-13 17:29:55.853 14990 15039 D cellinfo: 46 bytes from 54.197.223.49: icmp_seq=831 ttl=42 time=61.5 ms
08-13 17:29:56.050 14990 15039 D cellinfo: 46 bytes from 54.197.223.49: icmp_seq=832 ttl=42 time=58.6 ms
08-13 17:29:56.251 14990 15039 D cellinfo: 46 bytes from 54.197.223.49: icmp_seq=833 ttl=42 time=58.8 ms
08-13 17:29:56.408 14990 14990 D cellinfo: Latitude is 40.4172688
08-13 17:29:56.408 14990 14990 D cellinfo: Longitude is -86.8178981
08-13 17:29:56.408 14990 14990 D cellinfo: Instantaneous GPS information: United States, 4701 Meijer Ct, Lafayette, IN 47905, USA
08-13 17:29:56.408 14990 14990 D cellinfo: getCurrentLocation() result: Location (success): 40.4172688, -86.8178981
08-13 17:29:56.414 14990 14990 D cellinfo: onCellInfoChanged: Operator: Verizon Wireless UpdateTimestamp: 85094363 CellConnectionStatus: 1
08-13 17:29:56.414 14990 14990 D cellinfo: onCellInfoChanged: LTE Cell Bands: [66, 66, 5] Bandwidth: 10000 Cell ID: 58911264 Physical Cell ID: 53 Tracking Area Code: 58891 EARFCN: 66836
08-13 17:29:56.458 14990 15039 D cellinfo: 46 bytes from 54.197.223.49: icmp_seq=834 ttl=42 time=64.2 ms
08-13 17:29:56.653 14990 15039 D cellinfo: 46 bytes from 54.197.223.49: icmp_seq=835 ttl=42 time=58.8 ms
08-13 17:29:56.854 14990 15039 D cellinfo: 46 bytes from 54.197.223.49: icmp_seq=836 ttl=42 time=58.2 ms
08-13 17:29:57.054 14990 15039 D cellinfo: 46 bytes from 54.197.223.49: icmp_seq=837 ttl=42 time=57.2 ms
08-13 17:29:57.252 14990 15039 D cellinfo: 46 bytes from 54.197.223.49: icmp_seq=838 ttl=42 time=55.7 ms
08-13 17:29:57.452 14990 15039 D cellinfo: 46 bytes from 54.197.223.49: icmp_seq=839 ttl=42 time=54.7 ms
08-13 17:29:57.650 14990 15039 D cellinfo: 46 bytes from 54.197.223.49: icmp_seq=840 ttl=42 time=51.8 ms
08-13 17:29:57.850 14990 15039 D cellinfo: 46 bytes from 54.197.223.49: icmp_seq=841 ttl=42 time=51.2 ms
08-13 17:29:58.054 14990 15039 D cellinfo: 46 bytes from 54.197.223.49: icmp_seq=842 ttl=42 time=53.4 ms
08-13 17:29:58.251 14990 15039 D cellinfo: 46 bytes from 54.197.223.49: icmp_seq=843 ttl=42 time=51.9 ms
08-13 17:29:58.465 14990 15039 D cellinfo: 46 bytes from 54.197.223.49: icmp_seq=844 ttl=42 time=65.1 ms
08-13 17:29:58.670 14990 15039 D cellinfo: 46 bytes from 54.197.223.49: icmp_seq=845 ttl=42 time=68.2 ms
08-13 17:29:58.873 14990 15039 D cellinfo: 46 bytes from 54.197.223.49: icmp_seq=846 ttl=42 time=70.8 ms
08-13 17:29:59.043 14990 14990 D cellinfo: Latitude is 40.4172818
08-13 17:29:59.043 14990 14990 D cellinfo: Longitude is -86.8178871
08-13 17:29:59.043 14990 14990 D cellinfo: Instantaneous GPS information: United States, 4701 Meijer Ct, Lafayette, IN 47905, USA
08-13 17:29:59.043 14990 14990 D cellinfo: getCurrentLocation() result: Location (success): 40.4172818, -86.8178871
