08-13 17:45:36.895 13846 13899 D cellinfo: 46 bytes from 54.197.223.49: icmp_seq=5585 ttl=36 time=2472 ms
08-13 17:45:36.895 13846 13899 D cellinfo: 46 bytes from 54.197.223.49: icmp_seq=5586 ttl=36 time=2268 ms
08-13 17:45:36.896 13846 13899 D cellinfo: 46 bytes from 54.197.223.49: icmp_seq=5587 ttl=36 time=2064 ms
08-13 17:45:36.896 13846 13899 D cellinfo: 46 bytes from 54.197.223.49: icmp_seq=5588 ttl=36 time=1860 ms
08-13 17:45:36.899 13846 13899 D cellinfo: 46 bytes from 54.197.223.49: icmp_seq=5589 ttl=36 time=1660 ms
08-13 17:45:36.899 13846 13899 D cellinfo: 46 bytes from 54.197.223.49: icmp_seq=5590 ttl=36 time=1456 ms
08-13 17:45:36.899 13846 13899 D cellinfo: 46 bytes from 54.197.223.49: icmp_seq=5591 ttl=36 time=1252 ms
08-13 17:45:36.900 13846 13899 D cellinfo: 46 bytes from 54.197.223.49: icmp_seq=5592 ttl=36 time=1048 ms
08-13 17:45:36.900 13846 13899 D cellinfo: 46 bytes from 54.197.223.49: icmp_seq=5593 ttl=36 time=844 ms
08-13 17:45:36.991 13846 13899 D cellinfo: 46 bytes from 54.197.223.49: icmp_seq=5597 ttl=36 time=120 ms
08-13 17:45:37.190 13846 13899 D cellinfo: 46 bytes from 54.197.223.49: icmp_seq=5598 ttl=36 time=117 ms
08-13 17:45:37.298 13846 13846 D cellinfo: Latitude is 40.2449816
08-13 17:45:37.298 13846 13846 D cellinfo: Longitude is -86.6376387
08-13 17:45:37.298 13846 13846 D cellinfo: Instantaneous GPS information: United States, 2987 S County Rd 700 W, Frankfort, IN 46041, USA
08-13 17:45:37.298 13846 13846 D cellinfo: getCurrentLocation() result: Location (success): 40.2449816, -86.6376387
08-13 17:45:37.302 13846 13846 D cellinfo: onServiceStateChanged: Channel Number: 67011 Cell Bandwidths: [5000]
08-13 17:45:37.302 13846 13846 D cellinfo: onServiceStateChanged: Channel Number: 67011 Cell Bandwidths: [5000, 5000, 10000, 10000]
08-13 17:45:37.318 13846 13846 D cellinfo: Latitude is 40.2449816
08-13 17:45:37.318 13846 13846 D cellinfo: Longitude is -86.6376387
08-13 17:45:37.318 13846 13846 D cellinfo: Instantaneous GPS information: United States, 2987 S County Rd 700 W, Frankfort, IN 46041, USA
08-13 17:45:37.318 13846 13846 D cellinfo: getCurrentLocation() result: Location (success): 40.2449816, -86.6376387
08-13 17:45:37.369 13846 13846 D cellinfo: onCellInfoChanged: Operator:  UpdateTimestamp: 251013686 CellConnectionStatus: 1
08-13 17:45:37.369 13846 13846 D cellinfo: onCellInfoChanged: LTE Cell Bands: [66] Bandwidth: 5000 Cell ID: 7968031 Physical Cell ID: 100 Tracking Area Code: 42235 EARFCN: 67011
08-13 17:45:37.428 13846 13846 D cellinfo: onServiceStateChanged: Channel Number: 67011 Cell Bandwidths: [5000, 100000]
08-13 17:45:37.799 13846 13899 D cellinfo: 46 bytes from 54.197.223.49: icmp_seq=5600 ttl=36 time=324 ms
08-13 17:45:37.799 13846 13899 D cellinfo: 46 bytes from 54.197.223.49: icmp_seq=5601 ttl=36 time=120 ms
08-13 17:45:37.968 13846 13899 D cellinfo: 46 bytes from 54.197.223.49: icmp_seq=5602 ttl=36 time=88.3 ms
08-13 17:45:38.163 13846 13899 D cellinfo: 46 bytes from 54.197.223.49: icmp_seq=5603 ttl=36 time=81.6 ms
08-13 17:45:38.374 13846 13846 D cellinfo: onsignalStrengthsChanged: LTE Signal Strength info: rsrp: -99 rsrq: -12 rssi: -71 rssnr: -1
08-13 17:45:38.374 13846 13846 D cellinfo: onsignalStrengthsChanged: 5G-NR Signal Strength info: ssrsrp: -88 ssrsrq: -11 sssinr: 3
08-13 17:45:38.408 13846 13899 D cellinfo: 46 bytes from 54.197.223.49: icmp_seq=5604 ttl=36 time=126 ms
08-13 17:45:38.578 13846 13899 D cellinfo: 46 bytes from 54.197.223.49: icmp_seq=5605 ttl=36 time=94.9 ms
08-13 17:45:38.809 13846 13899 D cellinfo: 46 bytes from 54.197.223.49: icmp_seq=5606 ttl=36 time=125 ms
08-13 17:45:38.975 13846 13899 D cellinfo: 46 bytes from 54.197.223.49: icmp_seq=5607 ttl=36 time=91.4 ms
08-13 17:45:39.176 13846 13899 D cellinfo: 46 bytes from 54.197.223.49: icmp_seq=5608 ttl=36 time=90.8 ms
08-13 17:45:39.375 13846 13899 D cellinfo: 46 bytes from 54.197.223.49: icmp_seq=5609 ttl=36 time=89.9 ms
08-13 17:45:39.571 13846 13899 D cellinfo: 46 bytes from 54.197.223.49: icmp_seq=5610 ttl=36 time=84.7 ms
08-13 17:45:39.732 13846 13846 D cellinfo: Latitude is 40.2442318
08-13 17:45:39.732 13846 13846 D cellinfo: Longitude is -86.6367718
08-13 17:45:39.732 13846 13846 D cellinfo: Instantaneous GPS information: United States, 2987 S County Rd 700 W, Frankfort, IN 46041, USA
08-13 17:45:39.732 13846 13846 D cellinfo: getCurrentLocation() result: Location (success): 40.2442318, -86.6367718
08-13 17:45:39.817 13846 13899 D cellinfo: 46 bytes from 54.197.223.49: icmp_seq=5611 ttl=36 time=129 ms
08-13 17:45:39.972 13846 13899 D cellinfo: 46 bytes from 54.197.223.49: icmp_seq=5612 ttl=36 time=84.5 ms
08-13 17:45:40.176 13846 13899 D cellinfo: 46 bytes from 54.197.223.49: icmp_seq=5613 ttl=36 time=86.8 ms
08-13 17:45:40.378 13846 13899 D cellinfo: 46 bytes from 54.197.223.49: icmp_seq=5614 ttl=36 time=85.1 ms
08-13 17:45:40.574 13846 13899 D cellinfo: 46 bytes from 54.197.223.49: icmp_seq=5615 ttl=36 time=82.7 ms
08-13 17:45:40.774 13846 13899 D cellinfo: 46 bytes from 54.197.223.49: icmp_seq=5616 ttl=36 time=81.7 ms
08-13 17:45:40.974 13846 13899 D cellinfo: 46 bytes from 54.197.223.49: icmp_seq=5617 ttl=36 time=81.1 ms
08-13 17:45:41.172 13846 13899 D cellinfo: 46 bytes from 54.197.223.49: icmp_seq=5618 ttl=36 time=79.7 ms
08-13 17:45:41.410 13846 13899 D cellinfo: 46 bytes from 54.197.223.49: icmp_seq=5619 ttl=36 time=116 ms
08-13 17:45:41.509 13846 13846 D cellinfo: onsignalStrengthsChanged: LTE Signal Strength info: rsrp: -85 rsrq: -6 rssi: -65 rssnr: 21
08-13 17:45:41.509 13846 13846 D cellinfo: onsignalStrengthsChanged: 5G-NR Signal Strength info: ssrsrp: -81 ssrsrq: -10 sssinr: 0
08-13 17:45:41.608 13846 13899 D cellinfo: 46 bytes from 54.197.223.49: icmp_seq=5620 ttl=36 time=114 ms
08-13 17:45:41.810 13846 13899 D cellinfo: 46 bytes from 54.197.223.49: icmp_seq=5621 ttl=36 time=113 ms
08-13 17:45:42.010 13846 13899 D cellinfo: 46 bytes from 54.197.223.49: icmp_seq=5622 ttl=36 time=112 ms
08-13 17:45:42.211 13846 13899 D cellinfo: 46 bytes from 54.197.223.49: icmp_seq=5623 ttl=36 time=115 ms
08-13 17:45:42.408 13846 13899 D cellinfo: 46 bytes from 54.197.223.49: icmp_seq=5624 ttl=36 time=110 ms
08-13 17:45:42.608 13846 13899 D cellinfo: 46 bytes from 54.197.223.49: icmp_seq=5625 ttl=36 time=110 ms
08-13 17:45:42.654 13846 13846 D cellinfo: Latitude is 40.2441513
08-13 17:45:42.654 13846 13846 D cellinfo: Longitude is -86.6366728
08-13 17:45:42.654 13846 13846 D cellinfo: Instantaneous GPS information: United States, 2987 S County Rd 700 W, Frankfort, IN 46041, USA
08-13 17:45:42.654 13846 13846 D cellinfo: getCurrentLocation() result: Location (success): 40.2441513, -86.6366728
08-13 17:45:42.808 13846 13899 D cellinfo: 46 bytes from 54.197.223.49: icmp_seq=5626 ttl=36 time=109 ms
08-13 17:45:43.012 13846 13899 D cellinfo: 46 bytes from 54.197.223.49: icmp_seq=5627 ttl=36 time=112 ms
08-13 17:45:43.249 13846 13899 D cellinfo: 46 bytes from 54.197.223.49: icmp_seq=5628 ttl=36 time=148 ms
08-13 17:45:43.409 13846 13899 D cellinfo: 46 bytes from 54.197.223.49: icmp_seq=5629 ttl=36 time=107 ms
08-13 17:45:43.611 13846 13899 D cellinfo: 46 bytes from 54.197.223.49: icmp_seq=5630 ttl=36 time=108 ms
08-13 17:45:43.856 13846 13899 D cellinfo: 46 bytes from 54.197.223.49: icmp_seq=5631 ttl=36 time=151 ms
08-13 17:45:44.008 13846 13899 D cellinfo: 46 bytes from 54.197.223.49: icmp_seq=5632 ttl=36 time=102 ms
08-13 17:45:44.208 13846 13899 D cellinfo: 46 bytes from 54.197.223.49: icmp_seq=5633 ttl=36 time=103 ms
08-13 17:45:44.260 13846 13846 D cellinfo: onCellInfoChanged: Operator:  UpdateTimestamp: 251020576 CellConnectionStatus: 1
08-13 17:45:44.260 13846 13846 D cellinfo: onCellInfoChanged: 5G-NR Cell Bands: [] ARFCN: 528000 Cell ID: 9223372036854775807 Physical Cell ID: 571 Tracking Area Code: 16777215
08-13 17:45:44.390 13846 13899 D cellinfo: 46 bytes from 54.197.223.49: icmp_seq=5634 ttl=36 time=83.6 ms
08-13 17:45:44.616 13846 13899 D cellinfo: 46 bytes from 54.197.223.49: icmp_seq=5635 ttl=36 time=108 ms
08-13 17:45:44.817 13846 13899 D cellinfo: 46 bytes from 54.197.223.49: icmp_seq=5636 ttl=36 time=108 ms
08-13 17:45:45.049 13846 13899 D cellinfo: 46 bytes from 54.197.223.49: icmp_seq=5637 ttl=36 time=138 ms
08-13 17:45:45.202 13846 13846 D cellinfo: Latitude is 40.2441513
08-13 17:45:45.202 13846 13846 D cellinfo: Longitude is -86.6366728
08-13 17:45:45.202 13846 13846 D cellinfo: Instantaneous GPS information: United States, 2987 S County Rd 700 W, Frankfort, IN 46041, USA
08-13 17:45:45.202 13846 13846 D cellinfo: getCurrentLocation() result: Location (success): 40.2441513, -86.6366728
08-13 17:45:45.248 13846 13899 D cellinfo: 46 bytes from 54.197.223.49: icmp_seq=5638 ttl=36 time=138 ms
08-13 17:45:45.409 13846 13899 D cellinfo: 46 bytes from 54.197.223.49: icmp_seq=5639 ttl=36 time=97.5 ms
08-13 17:45:45.610 13846 13899 D cellinfo: 46 bytes from 54.197.223.49: icmp_seq=5640 ttl=36 time=98.3 ms
08-13 17:45:45.810 13846 13899 D cellinfo: 46 bytes from 54.197.223.49: icmp_seq=5641 ttl=36 time=97.3 ms
08-13 17:45:46.048 13846 13899 D cellinfo: 46 bytes from 54.197.223.49: icmp_seq=5642 ttl=36 time=135 ms
08-13 17:45:46.248 13846 13899 D cellinfo: 46 bytes from 54.197.223.49: icmp_seq=5643 ttl=36 time=135 ms
08-13 17:45:46.413 13846 13899 D cellinfo: 46 bytes from 54.197.223.49: icmp_seq=5644 ttl=36 time=98.7 ms
08-13 17:45:46.621 13846 13899 D cellinfo: 46 bytes from 54.197.223.49: icmp_seq=5645 ttl=36 time=105 ms
08-13 17:45:46.818 13846 13899 D cellinfo: 46 bytes from 54.197.223.49: icmp_seq=5646 ttl=36 time=101 ms
08-13 17:45:47.016 13846 13899 D cellinfo: 46 bytes from 54.197.223.49: icmp_seq=5647 ttl=36 time=98.8 ms
08-13 17:45:47.217 13846 13899 D cellinfo: 46 bytes from 54.197.223.49: icmp_seq=5648 ttl=36 time=99.6 ms
08-13 17:45:47.416 13846 13899 D cellinfo: 46 bytes from 54.197.223.49: icmp_seq=5649 ttl=36 time=98.9 ms
08-13 17:45:47.653 13846 13899 D cellinfo: 46 bytes from 54.197.223.49: icmp_seq=5650 ttl=36 time=135 ms
08-13 17:45:47.819 13846 13899 D cellinfo: 46 bytes from 54.197.223.49: icmp_seq=5651 ttl=36 time=101 ms
08-13 17:45:48.017 13846 13899 D cellinfo: 46 bytes from 54.197.223.49: icmp_seq=5652 ttl=36 time=99.1 ms
08-13 17:45:48.329 13846 13899 D cellinfo: 46 bytes from 54.197.223.49: icmp_seq=5653 ttl=36 time=211 ms
08-13 17:45:48.427 13846 13899 D cellinfo: 46 bytes from 54.197.223.49: icmp_seq=5654 ttl=36 time=104 ms
08-13 17:45:48.701 13846 13899 D cellinfo: 46 bytes from 54.197.223.49: icmp_seq=5655 ttl=36 time=177 ms
08-13 17:45:48.851 13846 13899 D cellinfo: 46 bytes from 54.197.223.49: icmp_seq=5656 ttl=36 time=127 ms
08-13 17:45:49.020 13846 13899 D cellinfo: 46 bytes from 54.197.223.49: icmp_seq=5657 ttl=36 time=95.4 ms
08-13 17:45:49.289 13846 13899 D cellinfo: 46 bytes from 54.197.223.49: icmp_seq=5658 ttl=36 time=164 ms
08-13 17:45:49.451 13846 13899 D cellinfo: 46 bytes from 54.197.223.49: icmp_seq=5659 ttl=36 time=124 ms
08-13 17:45:49.612 13846 13899 D cellinfo: 46 bytes from 54.197.223.49: icmp_seq=5660 ttl=36 time=85.4 ms
08-13 17:45:49.736 13846 13846 D cellinfo: Latitude is 40.2413366
08-13 17:45:49.736 13846 13846 D cellinfo: Longitude is -86.6331815
08-13 17:45:49.736 13846 13846 D cellinfo: Instantaneous GPS information: United States, I-65, Frankfort, IN 46041, USA
08-13 17:45:49.736 13846 13846 D cellinfo: getCurrentLocation() result: Location (success): 40.2413366, -86.6331815
08-13 17:45:49.849 13846 13899 D cellinfo: 46 bytes from 54.197.223.49: icmp_seq=5661 ttl=36 time=121 ms
08-13 17:45:50.017 13846 13899 D cellinfo: 46 bytes from 54.197.223.49: icmp_seq=5662 ttl=36 time=88.3 ms
08-13 17:45:50.215 13846 13899 D cellinfo: 46 bytes from 54.197.223.49: icmp_seq=5663 ttl=36 time=85.6 ms
08-13 17:45:50.259 13846 13846 D cellinfo: onCellInfoChanged: Operator:  UpdateTimestamp: 251026571 CellConnectionStatus: 1
08-13 17:45:50.259 13846 13846 D cellinfo: onCellInfoChanged: 5G-NR Cell Bands: [] ARFCN: 528000 Cell ID: 9223372036854775807 Physical Cell ID: 571 Tracking Area Code: 16777215
08-13 17:45:50.449 13846 13899 D cellinfo: 46 bytes from 54.197.223.49: icmp_seq=5664 ttl=36 time=118 ms
08-13 17:45:50.659 13846 13899 D cellinfo: 46 bytes from 54.197.223.49: icmp_seq=5665 ttl=36 time=128 ms
08-13 17:45:50.848 13846 13899 D cellinfo: 46 bytes from 54.197.223.49: icmp_seq=5666 ttl=36 time=117 ms
08-13 17:45:51.016 13846 13899 D cellinfo: 46 bytes from 54.197.223.49: icmp_seq=5667 ttl=36 time=84.5 ms
08-13 17:45:51.200 13846 13846 D cellinfo: Latitude is 40.2413366
08-13 17:45:51.200 13846 13846 D cellinfo: Longitude is -86.6331815
08-13 17:45:51.200 13846 13846 D cellinfo: Instantaneous GPS information: United States, I-65, Frankfort, IN 46041, USA
08-13 17:45:51.200 13846 13846 D cellinfo: getCurrentLocation() result: Location (success): 40.2413366, -86.6331815
08-13 17:45:51.256 13846 13899 D cellinfo: 46 bytes from 54.197.223.49: icmp_seq=5668 ttl=36 time=125 ms
08-13 17:45:51.449 13846 13899 D cellinfo: 46 bytes from 54.197.223.49: icmp_seq=5669 ttl=36 time=116 ms
08-13 17:45:51.618 13846 13899 D cellinfo: 46 bytes from 54.197.223.49: icmp_seq=5670 ttl=36 time=85.3 ms
08-13 17:45:51.889 13846 13899 D cellinfo: 46 bytes from 54.197.223.49: icmp_seq=5671 ttl=36 time=155 ms
08-13 17:45:52.058 13846 13899 D cellinfo: 46 bytes from 54.197.223.49: icmp_seq=5672 ttl=36 time=122 ms
08-13 17:45:52.248 13846 13899 D cellinfo: 46 bytes from 54.197.223.49: icmp_seq=5673 ttl=36 time=114 ms
08-13 17:45:52.448 13846 13899 D cellinfo: 46 bytes from 54.197.223.49: icmp_seq=5674 ttl=36 time=113 ms
08-13 17:45:52.648 13846 13899 D cellinfo: 46 bytes from 54.197.223.49: icmp_seq=5675 ttl=36 time=112 ms
08-13 17:45:52.848 13846 13899 D cellinfo: 46 bytes from 54.197.223.49: icmp_seq=5676 ttl=36 time=112 ms
08-13 17:45:53.049 13846 13899 D cellinfo: 46 bytes from 54.197.223.49: icmp_seq=5677 ttl=36 time=112 ms
08-13 17:45:53.248 13846 13899 D cellinfo: 46 bytes from 54.197.223.49: icmp_seq=5678 ttl=36 time=111 ms
08-13 17:45:53.449 13846 13899 D cellinfo: 46 bytes from 54.197.223.49: icmp_seq=5679 ttl=36 time=110 ms
08-13 17:45:53.688 13846 13899 D cellinfo: 46 bytes from 54.197.223.49: icmp_seq=5680 ttl=36 time=148 ms
08-13 17:45:53.928 13846 13899 D cellinfo: 46 bytes from 54.197.223.49: icmp_seq=5681 ttl=36 time=188 ms
08-13 17:45:54.090 13846 13899 D cellinfo: 46 bytes from 54.197.223.49: icmp_seq=5682 ttl=36 time=148 ms
08-13 17:45:54.205 13846 13846 D cellinfo: Latitude is 40.2413366
08-13 17:45:54.205 13846 13846 D cellinfo: Longitude is -86.6331815
08-13 17:45:54.205 13846 13846 D cellinfo: Instantaneous GPS information: United States, I-65, Frankfort, IN 46041, USA
08-13 17:45:54.205 13846 13846 D cellinfo: getCurrentLocation() result: Location (success): 40.2413366, -86.6331815
08-13 17:45:54.248 13846 13899 D cellinfo: 46 bytes from 54.197.223.49: icmp_seq=5683 ttl=36 time=108 ms
08-13 17:45:54.449 13846 13899 D cellinfo: 46 bytes from 54.197.223.49: icmp_seq=5684 ttl=36 time=107 ms
08-13 17:45:54.649 13846 13899 D cellinfo: 46 bytes from 54.197.223.49: icmp_seq=5685 ttl=36 time=107 ms
08-13 17:45:54.850 13846 13899 D cellinfo: 46 bytes from 54.197.223.49: icmp_seq=5686 ttl=36 time=107 ms
08-13 17:45:55.049 13846 13899 D cellinfo: 46 bytes from 54.197.223.49: icmp_seq=5687 ttl=36 time=106 ms
08-13 17:45:55.249 13846 13899 D cellinfo: 46 bytes from 54.197.223.49: icmp_seq=5688 ttl=36 time=106 ms
08-13 17:45:55.450 13846 13899 D cellinfo: 46 bytes from 54.197.223.49: icmp_seq=5689 ttl=36 time=106 ms
08-13 17:45:55.649 13846 13899 D cellinfo: 46 bytes from 54.197.223.49: icmp_seq=5690 ttl=36 time=104 ms
08-13 17:45:55.851 13846 13899 D cellinfo: 46 bytes from 54.197.223.49: icmp_seq=5691 ttl=36 time=105 ms
08-13 17:45:56.053 13846 13899 D cellinfo: 46 bytes from 54.197.223.49: icmp_seq=5692 ttl=36 time=107 ms
08-13 17:45:56.256 13846 13846 D cellinfo: onCellInfoChanged: Operator:  UpdateTimestamp: 251032570 CellConnectionStatus: 1
08-13 17:45:56.256 13846 13846 D cellinfo: onCellInfoChanged: 5G-NR Cell Bands: [] ARFCN: 528000 Cell ID: 9223372036854775807 Physical Cell ID: 571 Tracking Area Code: 16777215
08-13 17:45:56.257 13846 13899 D cellinfo: 46 bytes from 54.197.223.49: icmp_seq=5693 ttl=36 time=106 ms
08-13 17:45:56.450 13846 13899 D cellinfo: 46 bytes from 54.197.223.49: icmp_seq=5694 ttl=36 time=102 ms
08-13 17:45:56.656 13846 13899 D cellinfo: 46 bytes from 54.197.223.49: icmp_seq=5695 ttl=36 time=107 ms
08-13 17:45:56.855 13846 13899 D cellinfo: 46 bytes from 54.197.223.49: icmp_seq=5696 ttl=36 time=106 ms
08-13 17:45:57.056 13846 13899 D cellinfo: 46 bytes from 54.197.223.49: icmp_seq=5697 ttl=36 time=106 ms
08-13 17:45:57.205 13846 13846 D cellinfo: Latitude is 40.2413366
08-13 17:45:57.205 13846 13846 D cellinfo: Longitude is -86.6331815
08-13 17:45:57.205 13846 13846 D cellinfo: Instantaneous GPS information: United States, I-65, Frankfort, IN 46041, USA
08-13 17:45:57.205 13846 13846 D cellinfo: getCurrentLocation() result: Location (success): 40.2413366, -86.6331815
08-13 17:45:57.253 13846 13899 D cellinfo: 46 bytes from 54.197.223.49: icmp_seq=5698 ttl=36 time=104 ms
08-13 17:45:57.449 13846 13899 D cellinfo: 46 bytes from 54.197.223.49: icmp_seq=5699 ttl=36 time=98.9 ms
08-13 17:45:57.656 13846 13899 D cellinfo: 46 bytes from 54.197.223.49: icmp_seq=5700 ttl=36 time=105 ms
08-13 17:45:57.853 13846 13899 D cellinfo: 46 bytes from 54.197.223.49: icmp_seq=5701 ttl=36 time=101 ms
08-13 17:45:58.055 13846 13899 D cellinfo: 46 bytes from 54.197.223.49: icmp_seq=5702 ttl=36 time=102 ms
08-13 17:45:58.256 13846 13899 D cellinfo: 46 bytes from 54.197.223.49: icmp_seq=5703 ttl=36 time=104 ms
08-13 17:45:58.456 13846 13899 D cellinfo: 46 bytes from 54.197.223.49: icmp_seq=5704 ttl=36 time=103 ms
08-13 17:45:58.653 13846 13899 D cellinfo: 46 bytes from 54.197.223.49: icmp_seq=5705 ttl=36 time=99.8 ms
08-13 17:45:58.856 13846 13899 D cellinfo: 46 bytes from 54.197.223.49: icmp_seq=5706 ttl=36 time=101 ms
08-13 17:45:59.089 13846 13899 D cellinfo: 46 bytes from 54.197.223.49: icmp_seq=5707 ttl=36 time=133 ms
08-13 17:45:59.255 13846 13899 D cellinfo: 46 bytes from 54.197.223.49: icmp_seq=5708 ttl=36 time=100 ms
08-13 17:45:59.489 13846 13899 D cellinfo: 46 bytes from 54.197.223.49: icmp_seq=5709 ttl=36 time=133 ms
08-13 17:45:59.656 13846 13899 D cellinfo: 46 bytes from 54.197.223.49: icmp_seq=5710 ttl=36 time=100 ms
08-13 17:45:59.856 13846 13899 D cellinfo: 46 bytes from 54.197.223.49: icmp_seq=5711 ttl=36 time=99.4 ms
08-13 17:46:00.053 13846 13899 D cellinfo: 46 bytes from 54.197.223.49: icmp_seq=5712 ttl=36 time=96.5 ms
08-13 17:46:00.253 13846 13899 D cellinfo: 46 bytes from 54.197.223.49: icmp_seq=5713 ttl=36 time=97.1 ms
08-13 17:46:00.452 13846 13899 D cellinfo: 46 bytes from 54.197.223.49: icmp_seq=5714 ttl=36 time=94.9 ms
08-13 17:46:00.650 13846 13899 D cellinfo: 46 bytes from 54.197.223.49: icmp_seq=5715 ttl=36 time=92.5 ms
08-13 17:46:00.857 13846 13899 D cellinfo: 46 bytes from 54.197.223.49: icmp_seq=5716 ttl=36 time=98.9 ms
08-13 17:46:01.056 13846 13899 D cellinfo: 46 bytes from 54.197.223.49: icmp_seq=5717 ttl=36 time=97.7 ms
08-13 17:46:01.249 13846 13899 D cellinfo: 46 bytes from 54.197.223.49: icmp_seq=5718 ttl=36 time=90.9 ms
08-13 17:46:01.456 13846 13899 D cellinfo: 46 bytes from 54.197.223.49: icmp_seq=5719 ttl=36 time=97.5 ms
08-13 17:46:01.471 13846 13846 D cellinfo: Latitude is 40.2383724
08-13 17:46:01.472 13846 13846 D cellinfo: Longitude is -86.629535
08-13 17:46:01.472 13846 13846 D cellinfo: Instantaneous GPS information: United States, I-65, Frankfort, IN 46041, USA
08-13 17:46:01.472 13846 13846 D cellinfo: getCurrentLocation() result: Location (success): 40.2383724, -86.629535
08-13 17:46:01.657 13846 13899 D cellinfo: 46 bytes from 54.197.223.49: icmp_seq=5720 ttl=36 time=96.4 ms
08-13 17:46:01.852 13846 13899 D cellinfo: 46 bytes from 54.197.223.49: icmp_seq=5721 ttl=36 time=91.1 ms
08-13 17:46:02.053 13846 13899 D cellinfo: 46 bytes from 54.197.223.49: icmp_seq=5722 ttl=36 time=91.4 ms
08-13 17:46:02.256 13846 13899 D cellinfo: 46 bytes from 54.197.223.49: icmp_seq=5723 ttl=36 time=93.9 ms
08-13 17:46:02.256 13846 13846 D cellinfo: onCellInfoChanged: Operator:  UpdateTimestamp: 251038569 CellConnectionStatus: 1
08-13 17:46:02.256 13846 13846 D cellinfo: onCellInfoChanged: 5G-NR Cell Bands: [] ARFCN: 528000 Cell ID: 9223372036854775807 Physical Cell ID: 571 Tracking Area Code: 16777215
08-13 17:46:02.454 13846 13899 D cellinfo: 46 bytes from 54.197.223.49: icmp_seq=5724 ttl=36 time=91.7 ms
08-13 17:46:02.689 13846 13899 D cellinfo: 46 bytes from 54.197.223.49: icmp_seq=5725 ttl=36 time=125 ms
08-13 17:46:02.853 13846 13899 D cellinfo: 46 bytes from 54.197.223.49: icmp_seq=5726 ttl=36 time=88.6 ms
08-13 17:46:03.056 13846 13899 D cellinfo: 46 bytes from 54.197.223.49: icmp_seq=5727 ttl=36 time=91.5 ms
08-13 17:46:03.203 13846 13846 D cellinfo: Latitude is 40.2383724
08-13 17:46:03.204 13846 13846 D cellinfo: Longitude is -86.629535
08-13 17:46:03.204 13846 13846 D cellinfo: Instantaneous GPS information: United States, I-65, Frankfort, IN 46041, USA
08-13 17:46:03.204 13846 13846 D cellinfo: getCurrentLocation() result: Location (success): 40.2383724, -86.629535
08-13 17:46:03.248 13846 13899 D cellinfo: 46 bytes from 54.197.223.49: icmp_seq=5728 ttl=36 time=84.7 ms
08-13 17:46:03.456 13846 13899 D cellinfo: 46 bytes from 54.197.223.49: icmp_seq=5729 ttl=36 time=91.9 ms
08-13 17:46:03.655 13846 13899 D cellinfo: 46 bytes from 54.197.223.49: icmp_seq=5730 ttl=36 time=90.4 ms
08-13 17:46:03.857 13846 13899 D cellinfo: 46 bytes from 54.197.223.49: icmp_seq=5731 ttl=36 time=90.1 ms
08-13 17:46:04.054 13846 13899 D cellinfo: 46 bytes from 54.197.223.49: icmp_seq=5732 ttl=36 time=87.2 ms
08-13 17:46:04.257 13846 13899 D cellinfo: 46 bytes from 54.197.223.49: icmp_seq=5733 ttl=36 time=89.5 ms
08-13 17:46:04.454 13846 13899 D cellinfo: 46 bytes from 54.197.223.49: icmp_seq=5734 ttl=36 time=86.3 ms
08-13 17:46:04.653 13846 13899 D cellinfo: 46 bytes from 54.197.223.49: icmp_seq=5735 ttl=36 time=84.7 ms
08-13 17:46:04.890 13846 13899 D cellinfo: 46 bytes from 54.197.223.49: icmp_seq=5736 ttl=36 time=120 ms
08-13 17:46:05.054 13846 13899 D cellinfo: 46 bytes from 54.197.223.49: icmp_seq=5737 ttl=36 time=84.4 ms
08-13 17:46:05.298 13846 13899 D cellinfo: 46 bytes from 54.197.223.49: icmp_seq=5738 ttl=36 time=128 ms
08-13 17:46:05.419 13846 13846 D cellinfo: onsignalStrengthsChanged: LTE Signal Strength info: rsrp: -100 rsrq: -6 rssi: -79 rssnr: 11
08-13 17:46:05.419 13846 13846 D cellinfo: onsignalStrengthsChanged: 5G-NR Signal Strength info: ssrsrp: -91 ssrsrq: -10 sssinr: 16
08-13 17:46:05.489 13846 13899 D cellinfo: 46 bytes from 54.197.223.49: icmp_seq=5739 ttl=36 time=118 ms
08-13 17:46:05.690 13846 13899 D cellinfo: 46 bytes from 54.197.223.49: icmp_seq=5740 ttl=36 time=117 ms
08-13 17:46:05.892 13846 13899 D cellinfo: 46 bytes from 54.197.223.49: icmp_seq=5741 ttl=36 time=116 ms
08-13 17:46:06.058 13846 13899 D cellinfo: 46 bytes from 54.197.223.49: icmp_seq=5742 ttl=36 time=85.1 ms
08-13 17:46:06.203 13846 13846 D cellinfo: Latitude is 40.2383724
08-13 17:46:06.203 13846 13846 D cellinfo: Longitude is -86.629535
08-13 17:46:06.203 13846 13846 D cellinfo: Instantaneous GPS information: United States, I-65, Frankfort, IN 46041, USA
08-13 17:46:06.203 13846 13846 D cellinfo: getCurrentLocation() result: Location (success): 40.2383724, -86.629535
08-13 17:46:06.288 13846 13899 D cellinfo: 46 bytes from 54.197.223.49: icmp_seq=5743 ttl=36 time=114 ms
08-13 17:46:06.489 13846 13899 D cellinfo: 46 bytes from 54.197.223.49: icmp_seq=5744 ttl=36 time=115 ms
08-13 17:46:06.689 13846 13899 D cellinfo: 46 bytes from 54.197.223.49: icmp_seq=5745 ttl=36 time=114 ms
08-13 17:46:06.889 13846 13899 D cellinfo: 46 bytes from 54.197.223.49: icmp_seq=5746 ttl=36 time=113 ms
08-13 17:46:07.091 13846 13899 D cellinfo: 46 bytes from 54.197.223.49: icmp_seq=5747 ttl=36 time=114 ms
08-13 17:46:07.293 13846 13899 D cellinfo: 46 bytes from 54.197.223.49: icmp_seq=5748 ttl=36 time=117 ms
08-13 17:46:07.491 13846 13899 D cellinfo: 46 bytes from 54.197.223.49: icmp_seq=5749 ttl=36 time=114 ms
08-13 17:46:07.689 13846 13899 D cellinfo: 46 bytes from 54.197.223.49: icmp_seq=5750 ttl=36 time=111 ms
08-13 17:46:07.891 13846 13899 D cellinfo: 46 bytes from 54.197.223.49: icmp_seq=5751 ttl=36 time=111 ms
08-13 17:46:08.133 13846 13899 D cellinfo: 46 bytes from 54.197.223.49: icmp_seq=5752 ttl=36 time=153 ms
08-13 17:46:08.260 13846 13846 D cellinfo: onCellInfoChanged: Operator:  UpdateTimestamp: 251044573 CellConnectionStatus: 1
08-13 17:46:08.260 13846 13846 D cellinfo: onCellInfoChanged: 5G-NR Cell Bands: [] ARFCN: 528000 Cell ID: 9223372036854775807 Physical Cell ID: 571 Tracking Area Code: 16777215
08-13 17:46:08.291 13846 13899 D cellinfo: 46 bytes from 54.197.223.49: icmp_seq=5753 ttl=36 time=111 ms
08-13 17:46:08.467 13846 13899 D cellinfo: 46 bytes from 54.197.223.49: icmp_seq=5754 ttl=36 time=86.5 ms
08-13 17:46:08.533 13846 13846 D cellinfo: onsignalStrengthsChanged: LTE Signal Strength info: rsrp: -90 rsrq: -10 rssi: -65 rssnr: 16
08-13 17:46:08.533 13846 13846 D cellinfo: onsignalStrengthsChanged: 5G-NR Signal Strength info: ssrsrp: -90 ssrsrq: -10 sssinr: -20
08-13 17:46:08.690 13846 13899 D cellinfo: 46 bytes from 54.197.223.49: icmp_seq=5755 ttl=36 time=109 ms
08-13 17:46:08.890 13846 13899 D cellinfo: 46 bytes from 54.197.223.49: icmp_seq=5756 ttl=36 time=108 ms
08-13 17:46:09.091 13846 13899 D cellinfo: 46 bytes from 54.197.223.49: icmp_seq=5757 ttl=36 time=108 ms
08-13 17:46:09.204 13846 13846 D cellinfo: Latitude is 40.2383724
08-13 17:46:09.204 13846 13846 D cellinfo: Longitude is -86.629535
08-13 17:46:09.204 13846 13846 D cellinfo: Instantaneous GPS information: United States, I-65, Frankfort, IN 46041, USA
08-13 17:46:09.204 13846 13846 D cellinfo: getCurrentLocation() result: Location (success): 40.2383724, -86.629535
08-13 17:46:09.291 13846 13899 D cellinfo: 46 bytes from 54.197.223.49: icmp_seq=5758 ttl=36 time=109 ms
08-13 17:46:09.532 13846 13899 D cellinfo: 46 bytes from 54.197.223.49: icmp_seq=5759 ttl=36 time=148 ms
08-13 17:46:09.729 13846 13899 D cellinfo: 46 bytes from 54.197.223.49: icmp_seq=5760 ttl=36 time=145 ms
08-13 17:46:09.938 13846 13899 D cellinfo: 46 bytes from 54.197.223.49: icmp_seq=5761 ttl=36 time=153 ms
08-13 17:46:10.091 13846 13899 D cellinfo: 46 bytes from 54.197.223.49: icmp_seq=5762 ttl=36 time=105 ms
08-13 17:46:10.291 13846 13899 D cellinfo: 46 bytes from 54.197.223.49: icmp_seq=5763 ttl=36 time=106 ms
08-13 17:46:10.489 13846 13899 D cellinfo: 46 bytes from 54.197.223.49: icmp_seq=5764 ttl=36 time=103 ms
08-13 17:46:10.689 13846 13899 D cellinfo: 46 bytes from 54.197.223.49: icmp_seq=5765 ttl=36 time=103 ms
08-13 17:46:10.929 13846 13899 D cellinfo: 46 bytes from 54.197.223.49: icmp_seq=5766 ttl=36 time=143 ms
08-13 17:46:11.145 13846 13899 D cellinfo: 46 bytes from 54.197.223.49: icmp_seq=5767 ttl=36 time=158 ms
08-13 17:46:11.291 13846 13899 D cellinfo: 46 bytes from 54.197.223.49: icmp_seq=5768 ttl=36 time=104 ms
08-13 17:46:11.491 13846 13899 D cellinfo: 46 bytes from 54.197.223.49: icmp_seq=5769 ttl=36 time=103 ms
08-13 17:46:11.731 13846 13899 D cellinfo: 46 bytes from 54.197.223.49: icmp_seq=5770 ttl=36 time=142 ms
08-13 17:46:11.931 13846 13899 D cellinfo: 46 bytes from 54.197.223.49: icmp_seq=5771 ttl=36 time=141 ms
08-13 17:46:12.129 13846 13899 D cellinfo: 46 bytes from 54.197.223.49: icmp_seq=5772 ttl=36 time=138 ms
08-13 17:46:12.292 13846 13899 D cellinfo: 46 bytes from 54.197.223.49: icmp_seq=5773 ttl=36 time=102 ms
08-13 17:46:12.529 13846 13899 D cellinfo: 46 bytes from 54.197.223.49: icmp_seq=5774 ttl=36 time=137 ms
08-13 17:46:12.692 13846 13899 D cellinfo: 46 bytes from 54.197.223.49: icmp_seq=5775 ttl=36 time=100 ms
08-13 17:46:12.779 13846 13846 D cellinfo: onsignalStrengthsChanged: LTE Signal Strength info: rsrp: -103 rsrq: -7 rssi: -81 rssnr: 10
08-13 17:46:12.779 13846 13846 D cellinfo: onsignalStrengthsChanged: 5G-NR Signal Strength info: ssrsrp: -95 ssrsrq: -10 sssinr: -2
08-13 17:46:12.896 13846 13899 D cellinfo: 46 bytes from 54.197.223.49: icmp_seq=5776 ttl=36 time=104 ms
08-13 17:46:13.088 13846 13899 D cellinfo: 46 bytes from 54.197.223.49: icmp_seq=5777 ttl=36 time=95.4 ms
08-13 17:46:13.289 13846 13899 D cellinfo: 46 bytes from 54.197.223.49: icmp_seq=5778 ttl=36 time=95.1 ms
08-13 17:46:13.499 13846 13899 D cellinfo: 46 bytes from 54.197.223.49: icmp_seq=5779 ttl=36 time=104 ms
08-13 17:46:13.576 13846 13846 D cellinfo: Latitude is 40.2353792
08-13 17:46:13.576 13846 13846 D cellinfo: Longitude is -86.6258702
08-13 17:46:13.576 13846 13846 D cellinfo: Instantaneous GPS information: United States, I-65, Frankfort, IN 46041, USA
08-13 17:46:13.576 13846 13846 D cellinfo: getCurrentLocation() result: Location (success): 40.2353792, -86.6258702
08-13 17:46:13.769 13846 13899 D cellinfo: 46 bytes from 54.197.223.49: icmp_seq=5780 ttl=36 time=172 ms
08-13 17:46:14.009 13846 13899 D cellinfo: 46 bytes from 54.197.223.49: icmp_seq=5781 ttl=36 time=212 ms
08-13 17:46:14.097 13846 13899 D cellinfo: 46 bytes from 54.197.223.49: icmp_seq=5782 ttl=36 time=99.0 ms
08-13 17:46:14.261 13846 13846 D cellinfo: onCellInfoChanged: Operator:  UpdateTimestamp: 251050576 CellConnectionStatus: 1
08-13 17:46:14.261 13846 13846 D cellinfo: onCellInfoChanged: 5G-NR Cell Bands: [] ARFCN: 528000 Cell ID: 9223372036854775807 Physical Cell ID: 571 Tracking Area Code: 16777215
08-13 17:46:14.294 13846 13899 D cellinfo: 46 bytes from 54.197.223.49: icmp_seq=5783 ttl=36 time=95.5 ms
08-13 17:46:14.488 13846 13899 D cellinfo: 46 bytes from 54.197.223.49: icmp_seq=5784 ttl=36 time=89.2 ms
08-13 17:46:14.733 13846 13899 D cellinfo: 46 bytes from 54.197.223.49: icmp_seq=5785 ttl=36 time=132 ms
08-13 17:46:14.898 13846 13899 D cellinfo: 46 bytes from 54.197.223.49: icmp_seq=5786 ttl=36 time=98.1 ms
08-13 17:46:15.131 13846 13899 D cellinfo: 46 bytes from 54.197.223.49: icmp_seq=5787 ttl=36 time=129 ms
08-13 17:46:15.202 13846 13846 D cellinfo: Latitude is 40.2353792
08-13 17:46:15.202 13846 13846 D cellinfo: Longitude is -86.6258702
08-13 17:46:15.202 13846 13846 D cellinfo: Instantaneous GPS information: United States, I-65, Frankfort, IN 46041, USA
08-13 17:46:15.202 13846 13846 D cellinfo: getCurrentLocation() result: Location (success): 40.2353792, -86.6258702
08-13 17:46:15.290 13846 13899 D cellinfo: 46 bytes from 54.197.223.49: icmp_seq=5788 ttl=36 time=89.0 ms
08-13 17:46:15.491 13846 13899 D cellinfo: 46 bytes from 54.197.223.49: icmp_seq=5789 ttl=36 time=88.4 ms
08-13 17:46:15.696 13846 13899 D cellinfo: 46 bytes from 54.197.223.49: icmp_seq=5790 ttl=36 time=93.6 ms
08-13 17:46:15.822 13846 13846 D cellinfo: onsignalStrengthsChanged: LTE Signal Strength info: rsrp: -87 rsrq: -8 rssi: -61 rssnr: 4
08-13 17:46:15.822 13846 13846 D cellinfo: onsignalStrengthsChanged: 5G-NR Signal Strength info: ssrsrp: -89 ssrsrq: -10 sssinr: 7
08-13 17:46:15.893 13846 13899 D cellinfo: 46 bytes from 54.197.223.49: icmp_seq=5791 ttl=36 time=89.8 ms
08-13 17:46:16.129 13846 13899 D cellinfo: 46 bytes from 54.197.223.49: icmp_seq=5792 ttl=36 time=124 ms
08-13 17:46:16.297 13846 13899 D cellinfo: 46 bytes from 54.197.223.49: icmp_seq=5793 ttl=36 time=91.7 ms
08-13 17:46:16.531 13846 13899 D cellinfo: 46 bytes from 54.197.223.49: icmp_seq=5794 ttl=36 time=124 ms
08-13 17:46:16.697 13846 13899 D cellinfo: 46 bytes from 54.197.223.49: icmp_seq=5795 ttl=36 time=90.7 ms
08-13 17:46:16.897 13846 13899 D cellinfo: 46 bytes from 54.197.223.49: icmp_seq=5796 ttl=36 time=89.6 ms
08-13 17:46:17.129 13846 13899 D cellinfo: 46 bytes from 54.197.223.49: icmp_seq=5797 ttl=36 time=121 ms
08-13 17:46:17.297 13846 13899 D cellinfo: 46 bytes from 54.197.223.49: icmp_seq=5798 ttl=36 time=88.4 ms
08-13 17:46:17.529 13846 13899 D cellinfo: 46 bytes from 54.197.223.49: icmp_seq=5799 ttl=36 time=120 ms
08-13 17:46:17.739 13846 13899 D cellinfo: 46 bytes from 54.197.223.49: icmp_seq=5800 ttl=36 time=129 ms
08-13 17:46:17.897 13846 13899 D cellinfo: 46 bytes from 54.197.223.49: icmp_seq=5801 ttl=36 time=86.6 ms
08-13 17:46:18.098 13846 13899 D cellinfo: 46 bytes from 54.197.223.49: icmp_seq=5802 ttl=36 time=87.2 ms
08-13 17:46:18.205 13846 13846 D cellinfo: Latitude is 40.2353792
08-13 17:46:18.205 13846 13846 D cellinfo: Longitude is -86.6258702
08-13 17:46:18.205 13846 13846 D cellinfo: Instantaneous GPS information: United States, I-65, Frankfort, IN 46041, USA
08-13 17:46:18.205 13846 13846 D cellinfo: getCurrentLocation() result: Location (success): 40.2353792, -86.6258702
08-13 17:46:18.246 13846 13846 D cellinfo: onCellInfoChanged: Operator:  UpdateTimestamp: 251054562 CellConnectionStatus: 1
08-13 17:46:18.246 13846 13846 D cellinfo: onCellInfoChanged: 5G-NR Cell Bands: [] ARFCN: 528000 Cell ID: 9223372036854775807 Physical Cell ID: 571 Tracking Area Code: 16777215
08-13 17:46:18.339 13846 13899 D cellinfo: 46 bytes from 54.197.223.49: icmp_seq=5803 ttl=36 time=126 ms
08-13 17:46:18.529 13846 13899 D cellinfo: 46 bytes from 54.197.223.49: icmp_seq=5804 ttl=36 time=116 ms
08-13 17:46:18.729 13846 13899 D cellinfo: 46 bytes from 54.197.223.49: icmp_seq=5805 ttl=36 time=116 ms
08-13 17:46:18.931 13846 13899 D cellinfo: 46 bytes from 54.197.223.49: icmp_seq=5806 ttl=36 time=117 ms
08-13 17:46:19.107 13846 13899 D cellinfo: 46 bytes from 54.197.223.49: icmp_seq=5807 ttl=36 time=92.6 ms
08-13 17:46:19.330 13846 13899 D cellinfo: 46 bytes from 54.197.223.49: icmp_seq=5808 ttl=36 time=114 ms
08-13 17:46:19.528 13846 13899 D cellinfo: 46 bytes from 54.197.223.49: icmp_seq=5809 ttl=36 time=111 ms
08-13 17:46:19.729 13846 13899 D cellinfo: 46 bytes from 54.197.223.49: icmp_seq=5810 ttl=36 time=112 ms
08-13 17:46:19.936 13846 13899 D cellinfo: 46 bytes from 54.197.223.49: icmp_seq=5811 ttl=36 time=117 ms
08-13 17:46:20.129 13846 13899 D cellinfo: 46 bytes from 54.197.223.49: icmp_seq=5812 ttl=36 time=110 ms
08-13 17:46:20.329 13846 13899 D cellinfo: 46 bytes from 54.197.223.49: icmp_seq=5813 ttl=36 time=109 ms
08-13 17:46:20.538 13846 13899 D cellinfo: 46 bytes from 54.197.223.49: icmp_seq=5814 ttl=36 time=116 ms
08-13 17:46:20.731 13846 13899 D cellinfo: 46 bytes from 54.197.223.49: icmp_seq=5815 ttl=36 time=109 ms
08-13 17:46:20.931 13846 13899 D cellinfo: 46 bytes from 54.197.223.49: icmp_seq=5816 ttl=36 time=108 ms
08-13 17:46:21.175 13846 13899 D cellinfo: 46 bytes from 54.197.223.49: icmp_seq=5817 ttl=36 time=150 ms
08-13 17:46:21.208 13846 13846 D cellinfo: Latitude is 40.2353792
08-13 17:46:21.208 13846 13846 D cellinfo: Longitude is -86.6258702
08-13 17:46:21.208 13846 13846 D cellinfo: Instantaneous GPS information: United States, I-65, Frankfort, IN 46041, USA
08-13 17:46:21.208 13846 13846 D cellinfo: getCurrentLocation() result: Location (success): 40.2353792, -86.6258702
08-13 17:46:21.261 13846 13846 D cellinfo: onCellInfoChanged: Operator:  UpdateTimestamp: 251057578 CellConnectionStatus: 1
08-13 17:46:21.261 13846 13846 D cellinfo: onCellInfoChanged: 5G-NR Cell Bands: [] ARFCN: 528000 Cell ID: 9223372036854775807 Physical Cell ID: 571 Tracking Area Code: 16777215
08-13 17:46:21.335 13846 13899 D cellinfo: 46 bytes from 54.197.223.49: icmp_seq=5818 ttl=36 time=110 ms
08-13 17:46:21.529 13846 13899 D cellinfo: 46 bytes from 54.197.223.49: icmp_seq=5819 ttl=36 time=103 ms
08-13 17:46:21.769 13846 13899 D cellinfo: 46 bytes from 54.197.223.49: icmp_seq=5820 ttl=36 time=143 ms
08-13 17:46:21.972 13846 13899 D cellinfo: 46 bytes from 54.197.223.49: icmp_seq=5821 ttl=36 time=145 ms
08-13 17:46:22.132 13846 13899 D cellinfo: 46 bytes from 54.197.223.49: icmp_seq=5822 ttl=36 time=104 ms
08-13 17:46:22.370 13846 13899 D cellinfo: 46 bytes from 54.197.223.49: icmp_seq=5823 ttl=36 time=141 ms
08-13 17:46:22.537 13846 13899 D cellinfo: 46 bytes from 54.197.223.49: icmp_seq=5824 ttl=36 time=107 ms
08-13 17:46:22.736 13846 13899 D cellinfo: 46 bytes from 54.197.223.49: icmp_seq=5825 ttl=36 time=106 ms
08-13 17:46:22.936 13846 13899 D cellinfo: 46 bytes from 54.197.223.49: icmp_seq=5826 ttl=36 time=106 ms
08-13 17:46:23.138 13846 13899 D cellinfo: 46 bytes from 54.197.223.49: icmp_seq=5827 ttl=36 time=107 ms
08-13 17:46:23.370 13846 13899 D cellinfo: 46 bytes from 54.197.223.49: icmp_seq=5828 ttl=36 time=137 ms
08-13 17:46:23.572 13846 13899 D cellinfo: 46 bytes from 54.197.223.49: icmp_seq=5829 ttl=36 time=138 ms
08-13 17:46:23.771 13846 13899 D cellinfo: 46 bytes from 54.197.223.49: icmp_seq=5830 ttl=36 time=136 ms
08-13 17:46:23.978 13846 13899 D cellinfo: 46 bytes from 54.197.223.49: icmp_seq=5831 ttl=36 time=142 ms
08-13 17:46:24.175 13846 13899 D cellinfo: 46 bytes from 54.197.223.49: icmp_seq=5832 ttl=36 time=139 ms
08-13 17:46:24.241 13846 13846 D cellinfo: onCellInfoChanged: Operator:  UpdateTimestamp: 251060557 CellConnectionStatus: 1
08-13 17:46:24.241 13846 13846 D cellinfo: onCellInfoChanged: 5G-NR Cell Bands: [] ARFCN: 528000 Cell ID: 9223372036854775807 Physical Cell ID: 571 Tracking Area Code: 16777215
08-13 17:46:24.368 13846 13899 D cellinfo: 46 bytes from 54.197.223.49: icmp_seq=5833 ttl=36 time=132 ms
08-13 17:46:24.699 13846 13899 D cellinfo: 46 bytes from 54.197.223.49: icmp_seq=5834 ttl=36 time=262 ms
08-13 17:46:24.771 13846 13899 D cellinfo: 46 bytes from 54.197.223.49: icmp_seq=5835 ttl=36 time=132 ms
08-13 17:46:24.970 13846 13899 D cellinfo: 46 bytes from 54.197.223.49: icmp_seq=5836 ttl=36 time=131 ms
08-13 17:46:25.131 13846 13899 D cellinfo: 46 bytes from 54.197.223.49: icmp_seq=5837 ttl=36 time=91.9 ms
08-13 17:46:25.337 13846 13899 D cellinfo: 46 bytes from 54.197.223.49: icmp_seq=5838 ttl=36 time=96.6 ms
08-13 17:46:25.539 13846 13899 D cellinfo: 46 bytes from 54.197.223.49: icmp_seq=5839 ttl=36 time=97.4 ms
08-13 17:46:25.622 13846 13846 D cellinfo: Latitude is 40.2324172
08-13 17:46:25.622 13846 13846 D cellinfo: Longitude is -86.6222377
08-13 17:46:25.622 13846 13846 D cellinfo: Instantaneous GPS information: United States, I-65, Frankfort, IN 46041, USA
08-13 17:46:25.622 13846 13846 D cellinfo: getCurrentLocation() result: Location (success): 40.2324172, -86.6222377
08-13 17:46:25.736 13846 13899 D cellinfo: 46 bytes from 54.197.223.49: icmp_seq=5840 ttl=36 time=93.6 ms
08-13 17:46:25.936 13846 13899 D cellinfo: 46 bytes from 54.197.223.49: icmp_seq=5841 ttl=36 time=92.0 ms
08-13 17:46:26.136 13846 13899 D cellinfo: 46 bytes from 54.197.223.49: icmp_seq=5842 ttl=36 time=91.6 ms
08-13 17:46:26.371 13846 13899 D cellinfo: 46 bytes from 54.197.223.49: icmp_seq=5843 ttl=36 time=125 ms
08-13 17:46:26.536 13846 13899 D cellinfo: 46 bytes from 54.197.223.49: icmp_seq=5844 ttl=36 time=90.1 ms
08-13 17:46:26.734 13846 13899 D cellinfo: 46 bytes from 54.197.223.49: icmp_seq=5845 ttl=36 time=87.2 ms
08-13 17:46:26.936 13846 13899 D cellinfo: 46 bytes from 54.197.223.49: icmp_seq=5846 ttl=36 time=87.6 ms
08-13 17:46:27.136 13846 13899 D cellinfo: 46 bytes from 54.197.223.49: icmp_seq=5847 ttl=36 time=87.1 ms
08-13 17:46:27.203 13846 13846 D cellinfo: Latitude is 40.2324172
08-13 17:46:27.203 13846 13846 D cellinfo: Longitude is -86.6222377
08-13 17:46:27.203 13846 13846 D cellinfo: Instantaneous GPS information: United States, I-65, Frankfort, IN 46041, USA
08-13 17:46:27.203 13846 13846 D cellinfo: getCurrentLocation() result: Location (success): 40.2324172, -86.6222377
08-13 17:46:27.249 13846 13846 D cellinfo: onCellInfoChanged: Operator:  UpdateTimestamp: 251063566 CellConnectionStatus: 1
08-13 17:46:27.249 13846 13846 D cellinfo: onCellInfoChanged: 5G-NR Cell Bands: [] ARFCN: 528000 Cell ID: 9223372036854775807 Physical Cell ID: 571 Tracking Area Code: 16777215
08-13 17:46:27.338 13846 13899 D cellinfo: 46 bytes from 54.197.223.49: icmp_seq=5848 ttl=36 time=88.8 ms
08-13 17:46:27.569 13846 13899 D cellinfo: 46 bytes from 54.197.223.49: icmp_seq=5849 ttl=36 time=119 ms
08-13 17:46:27.737 13846 13899 D cellinfo: 46 bytes from 54.197.223.49: icmp_seq=5850 ttl=36 time=86.6 ms
08-13 17:46:27.936 13846 13899 D cellinfo: 46 bytes from 54.197.223.49: icmp_seq=5851 ttl=36 time=84.6 ms
08-13 17:46:28.169 13846 13899 D cellinfo: 46 bytes from 54.197.223.49: icmp_seq=5852 ttl=36 time=118 ms
08-13 17:46:28.337 13846 13846 D cellinfo: onsignalStrengthsChanged: LTE Signal Strength info: rsrp: -100 rsrq: -10 rssi: -73 rssnr: 0
08-13 17:46:28.337 13846 13846 D cellinfo: onsignalStrengthsChanged: 5G-NR Signal Strength info: ssrsrp: -95 ssrsrq: -11 sssinr: 1
08-13 17:46:28.369 13846 13899 D cellinfo: 46 bytes from 54.197.223.49: icmp_seq=5853 ttl=36 time=116 ms
08-13 17:46:28.569 13846 13899 D cellinfo: 46 bytes from 54.197.223.49: icmp_seq=5854 ttl=36 time=115 ms
08-13 17:46:28.770 13846 13899 D cellinfo: 46 bytes from 54.197.223.49: icmp_seq=5855 ttl=36 time=114 ms
08-13 17:46:28.978 13846 13899 D cellinfo: 46 bytes from 54.197.223.49: icmp_seq=5856 ttl=36 time=122 ms
08-13 17:46:29.172 13846 13899 D cellinfo: 46 bytes from 54.197.223.49: icmp_seq=5857 ttl=36 time=116 ms
08-13 17:46:29.411 13846 13899 D cellinfo: 46 bytes from 54.197.223.49: icmp_seq=5858 ttl=36 time=153 ms
08-13 17:46:29.572 13846 13899 D cellinfo: 46 bytes from 54.197.223.49: icmp_seq=5859 ttl=36 time=114 ms
08-13 17:46:29.813 13846 13899 D cellinfo: 46 bytes from 54.197.223.49: icmp_seq=5860 ttl=36 time=154 ms
08-13 17:46:30.009 13846 13899 D cellinfo: 46 bytes from 54.197.223.49: icmp_seq=5861 ttl=36 time=150 ms
08-13 17:46:30.206 13846 13846 D cellinfo: Latitude is 40.2324172
08-13 17:46:30.206 13846 13846 D cellinfo: Longitude is -86.6222377
08-13 17:46:30.206 13846 13846 D cellinfo: Instantaneous GPS information: United States, I-65, Frankfort, IN 46041, USA
08-13 17:46:30.206 13846 13846 D cellinfo: getCurrentLocation() result: Location (success): 40.2324172, -86.6222377
08-13 17:46:30.214 13846 13899 D cellinfo: 46 bytes from 54.197.223.49: icmp_seq=5862 ttl=36 time=155 ms
08-13 17:46:30.261 13846 13846 D cellinfo: onCellInfoChanged: Operator:  UpdateTimestamp: 251066577 CellConnectionStatus: 1
08-13 17:46:30.261 13846 13846 D cellinfo: onCellInfoChanged: 5G-NR Cell Bands: [] ARFCN: 528000 Cell ID: 9223372036854775807 Physical Cell ID: 571 Tracking Area Code: 16777215
08-13 17:46:30.371 13846 13899 D cellinfo: 46 bytes from 54.197.223.49: icmp_seq=5863 ttl=36 time=112 ms
08-13 17:46:30.574 13846 13899 D cellinfo: 46 bytes from 54.197.223.49: icmp_seq=5864 ttl=36 time=113 ms
08-13 17:46:30.770 13846 13899 D cellinfo: 46 bytes from 54.197.223.49: icmp_seq=5865 ttl=36 time=108 ms
08-13 17:46:30.970 13846 13899 D cellinfo: 46 bytes from 54.197.223.49: icmp_seq=5866 ttl=36 time=108 ms
08-13 17:46:31.178 13846 13899 D cellinfo: 46 bytes from 54.197.223.49: icmp_seq=5867 ttl=36 time=115 ms
08-13 17:46:31.369 13846 13899 D cellinfo: 46 bytes from 54.197.223.49: icmp_seq=5868 ttl=36 time=105 ms
08-13 17:46:31.410 13846 13846 D cellinfo: onsignalStrengthsChanged: LTE Signal Strength info: rsrp: -95 rsrq: -9 rssi: -73 rssnr: 6
08-13 17:46:31.410 13846 13846 D cellinfo: onsignalStrengthsChanged: 5G-NR Signal Strength info: ssrsrp: -97 ssrsrq: -11 sssinr: 1
08-13 17:46:31.570 13846 13899 D cellinfo: 46 bytes from 54.197.223.49: icmp_seq=5869 ttl=36 time=105 ms
08-13 17:46:31.770 13846 13899 D cellinfo: 46 bytes from 54.197.223.49: icmp_seq=5870 ttl=36 time=105 ms
08-13 17:46:31.969 13846 13899 D cellinfo: 46 bytes from 54.197.223.49: icmp_seq=5871 ttl=36 time=103 ms
08-13 17:46:32.169 13846 13899 D cellinfo: 46 bytes from 54.197.223.49: icmp_seq=5872 ttl=36 time=102 ms
08-13 17:46:32.369 13846 13899 D cellinfo: 46 bytes from 54.197.223.49: icmp_seq=5873 ttl=36 time=101 ms
08-13 17:46:32.577 13846 13899 D cellinfo: 46 bytes from 54.197.223.49: icmp_seq=5874 ttl=36 time=109 ms
08-13 17:46:32.809 13846 13899 D cellinfo: 46 bytes from 54.197.223.49: icmp_seq=5875 ttl=36 time=140 ms
08-13 17:46:32.973 13846 13899 D cellinfo: 46 bytes from 54.197.223.49: icmp_seq=5876 ttl=36 time=103 ms
08-13 17:46:33.176 13846 13899 D cellinfo: 46 bytes from 54.197.223.49: icmp_seq=5877 ttl=36 time=105 ms
08-13 17:46:33.204 13846 13846 D cellinfo: Latitude is 40.2324172
08-13 17:46:33.204 13846 13846 D cellinfo: Longitude is -86.6222377
08-13 17:46:33.204 13846 13846 D cellinfo: Instantaneous GPS information: United States, I-65, Frankfort, IN 46041, USA
08-13 17:46:33.204 13846 13846 D cellinfo: getCurrentLocation() result: Location (success): 40.2324172, -86.6222377
08-13 17:46:33.253 13846 13846 D cellinfo: onCellInfoChanged: Operator:  UpdateTimestamp: 251069571 CellConnectionStatus: 1
08-13 17:46:33.253 13846 13846 D cellinfo: onCellInfoChanged: 5G-NR Cell Bands: [] ARFCN: 528000 Cell ID: 9223372036854775807 Physical Cell ID: 571 Tracking Area Code: 16777215
08-13 17:46:33.369 13846 13899 D cellinfo: 46 bytes from 54.197.223.49: icmp_seq=5878 ttl=36 time=98.1 ms
08-13 17:46:33.576 13846 13899 D cellinfo: 46 bytes from 54.197.223.49: icmp_seq=5879 ttl=36 time=103 ms
08-13 17:46:33.773 13846 13899 D cellinfo: 46 bytes from 54.197.223.49: icmp_seq=5880 ttl=36 time=99.0 ms
08-13 17:46:33.974 13846 13899 D cellinfo: 46 bytes from 54.197.223.49: icmp_seq=5881 ttl=36 time=99.3 ms
08-13 17:46:34.171 13846 13899 D cellinfo: 46 bytes from 54.197.223.49: icmp_seq=5882 ttl=36 time=95.4 ms
08-13 17:46:34.369 13846 13899 D cellinfo: 46 bytes from 54.197.223.49: icmp_seq=5883 ttl=36 time=92.8 ms
08-13 17:46:34.580 13846 13899 D cellinfo: 46 bytes from 54.197.223.49: icmp_seq=5884 ttl=36 time=102 ms
08-13 17:46:34.584 13846 13846 D cellinfo: onsignalStrengthsChanged: LTE Signal Strength info: rsrp: -102 rsrq: -10 rssi: -77 rssnr: 4
08-13 17:46:34.584 13846 13846 D cellinfo: onsignalStrengthsChanged: 5G-NR Signal Strength info: ssrsrp: -103 ssrsrq: -12 sssinr: -2
08-13 17:46:34.775 13846 13899 D cellinfo: 46 bytes from 54.197.223.49: icmp_seq=5885 ttl=36 time=97.3 ms
08-13 17:46:35.011 13846 13899 D cellinfo: 46 bytes from 54.197.223.49: icmp_seq=5886 ttl=36 time=133 ms
08-13 17:46:35.382 13846 13846 D cellinfo: onServiceStateChanged: Channel Number: 67011 Cell Bandwidths: [5000]
08-13 17:46:35.392 13846 13899 D cellinfo: 46 bytes from 54.197.223.49: icmp_seq=5887 ttl=36 time=314 ms
08-13 17:46:35.392 13846 13899 D cellinfo: 46 bytes from 54.197.223.49: icmp_seq=5887 ttl=36 time=314 ms (DUP!)
08-13 17:46:35.488 13846 13899 D cellinfo: 46 bytes from 54.197.223.49: icmp_seq=5888 ttl=36 time=209 ms
08-13 17:46:35.608 13846 13899 D cellinfo: 46 bytes from 54.197.223.49: icmp_seq=5889 ttl=36 time=129 ms
08-13 17:46:36.007 13846 13899 D cellinfo: 46 bytes from 54.197.223.49: icmp_seq=5890 ttl=36 time=328 ms
08-13 17:46:36.009 13846 13899 D cellinfo: 46 bytes from 54.197.223.49: icmp_seq=5891 ttl=36 time=127 ms
08-13 17:46:36.228 13846 13846 D cellinfo: onCellInfoChanged: Operator:  UpdateTimestamp: 251072545 CellConnectionStatus: 1
08-13 17:46:36.228 13846 13846 D cellinfo: onCellInfoChanged: 5G-NR Cell Bands: [] ARFCN: 528000 Cell ID: 9223372036854775807 Physical Cell ID: 571 Tracking Area Code: 16777215
08-13 17:46:36.333 13846 13899 D cellinfo: 46 bytes from 54.197.223.49: icmp_seq=5892 ttl=36 time=250 ms
08-13 17:46:36.406 13846 13899 D cellinfo: 46 bytes from 54.197.223.49: icmp_seq=5893 ttl=36 time=120 ms
08-13 17:46:36.573 13846 13899 D cellinfo: 46 bytes from 54.197.223.49: icmp_seq=5894 ttl=36 time=85.4 ms
08-13 17:46:36.724 13846 13846 D cellinfo: onServiceStateChanged: Channel Number: 67011 Cell Bandwidths: [5000, 100000]
08-13 17:46:36.758 13846 13899 D cellinfo: 46 bytes from 54.197.223.49: icmp_seq=5894 ttl=36 time=270 ms (DUP!)
08-13 17:46:36.837 13846 13899 D cellinfo: 46 bytes from 54.197.223.49: icmp_seq=5895 ttl=36 time=148 ms
08-13 17:46:36.978 13846 13899 D cellinfo: 46 bytes from 54.197.223.49: icmp_seq=5896 ttl=36 time=87.5 ms
08-13 17:46:37.179 13846 13899 D cellinfo: 46 bytes from 54.197.223.49: icmp_seq=5897 ttl=36 time=87.7 ms
08-13 17:46:37.377 13846 13899 D cellinfo: 46 bytes from 54.197.223.49: icmp_seq=5898 ttl=36 time=85.1 ms
08-13 17:46:37.460 13846 13846 D cellinfo: Latitude is 40.2294407
08-13 17:46:37.460 13846 13846 D cellinfo: Longitude is -86.6185963
08-13 17:46:37.460 13846 13846 D cellinfo: Instantaneous GPS information: United States, 3759 S Co Rd 600 W, Frankfort, IN 46041, USA
08-13 17:46:37.460 13846 13846 D cellinfo: getCurrentLocation() result: Location (success): 40.2294407, -86.6185963
08-13 17:46:37.592 13846 13899 D cellinfo: 46 bytes from 54.197.223.49: icmp_seq=5899 ttl=36 time=98.4 ms
08-13 17:46:37.831 13846 13899 D cellinfo: 46 bytes from 54.197.223.49: icmp_seq=5900 ttl=36 time=136 ms
08-13 17:46:37.993 13846 13899 D cellinfo: 46 bytes from 54.197.223.49: icmp_seq=5901 ttl=36 time=97.5 ms
08-13 17:46:38.232 13846 13899 D cellinfo: 46 bytes from 54.197.223.49: icmp_seq=5902 ttl=36 time=136 ms
08-13 17:46:38.432 13846 13899 D cellinfo: 46 bytes from 54.197.223.49: icmp_seq=5903 ttl=36 time=135 ms
08-13 17:46:38.592 13846 13899 D cellinfo: 46 bytes from 54.197.223.49: icmp_seq=5904 ttl=36 time=95.2 ms
08-13 17:46:38.832 13846 13899 D cellinfo: 46 bytes from 54.197.223.49: icmp_seq=5905 ttl=36 time=134 ms
08-13 17:46:38.993 13846 13899 D cellinfo: 46 bytes from 54.197.223.49: icmp_seq=5906 ttl=36 time=94.4 ms
08-13 17:46:39.210 13846 13846 D cellinfo: Latitude is 40.2294407
08-13 17:46:39.210 13846 13846 D cellinfo: Longitude is -86.6185963
08-13 17:46:39.210 13846 13846 D cellinfo: Instantaneous GPS information: United States, 3759 S Co Rd 600 W, Frankfort, IN 46041, USA
08-13 17:46:39.210 13846 13846 D cellinfo: getCurrentLocation() result: Location (success): 40.2294407, -86.6185963
08-13 17:46:39.233 13846 13899 D cellinfo: 46 bytes from 54.197.223.49: icmp_seq=5907 ttl=36 time=133 ms
08-13 17:46:39.252 13846 13846 D cellinfo: onCellInfoChanged: Operator:  UpdateTimestamp: 251075567 CellConnectionStatus: 1
08-13 17:46:39.252 13846 13846 D cellinfo: onCellInfoChanged: 5G-NR Cell Bands: [] ARFCN: 528000 Cell ID: 9223372036854775807 Physical Cell ID: 65 Tracking Area Code: 16777215
