08-13 17:49:51.204 13846 13846 D cellinfo: getCurrentLocation() result: Location (success): 40.185853, -86.5633158
08-13 17:49:51.249 13846 13846 D cellinfo: onCellInfoChanged: Operator:  UpdateTimestamp: 251267563 CellConnectionStatus: 1
08-13 17:49:51.249 13846 13846 D cellinfo: onCellInfoChanged: 5G-NR Cell Bands: [] ARFCN: 528000 Cell ID: 9223372036854775807 Physical Cell ID: 450 Tracking Area Code: 16777215
08-13 17:49:51.264 13846 13899 D cellinfo: 46 bytes from 54.197.223.49: icmp_seq=6861 ttl=36 time=310 ms
08-13 17:49:51.264 13846 13899 D cellinfo: 46 bytes from 54.197.223.49: icmp_seq=6862 ttl=36 time=110 ms
08-13 17:49:51.446 13846 13899 D cellinfo: 46 bytes from 54.197.223.49: icmp_seq=6863 ttl=36 time=90.6 ms
08-13 17:49:51.665 13846 13899 D cellinfo: 46 bytes from 54.197.223.49: icmp_seq=6864 ttl=36 time=108 ms
08-13 17:49:51.847 13846 13899 D cellinfo: 46 bytes from 54.197.223.49: icmp_seq=6865 ttl=36 time=90.5 ms
08-13 17:49:52.066 13846 13899 D cellinfo: 46 bytes from 54.197.223.49: icmp_seq=6866 ttl=36 time=108 ms
08-13 17:49:52.266 13846 13899 D cellinfo: 46 bytes from 54.197.223.49: icmp_seq=6867 ttl=36 time=109 ms
08-13 17:49:52.465 13846 13899 D cellinfo: 46 bytes from 54.197.223.49: icmp_seq=6868 ttl=36 time=108 ms
08-13 17:49:52.647 13846 13899 D cellinfo: 46 bytes from 54.197.223.49: icmp_seq=6869 ttl=36 time=89.0 ms
08-13 17:49:52.847 13846 13899 D cellinfo: 46 bytes from 54.197.223.49: icmp_seq=6870 ttl=36 time=88.1 ms
08-13 17:49:53.047 13846 13899 D cellinfo: 46 bytes from 54.197.223.49: icmp_seq=6871 ttl=36 time=87.4 ms
08-13 17:49:53.268 13846 13899 D cellinfo: 46 bytes from 54.197.223.49: icmp_seq=6872 ttl=36 time=108 ms
08-13 17:49:53.465 13846 13899 D cellinfo: 46 bytes from 54.197.223.49: icmp_seq=6873 ttl=36 time=103 ms
08-13 17:49:53.648 13846 13899 D cellinfo: 46 bytes from 54.197.223.49: icmp_seq=6874 ttl=36 time=85.5 ms
08-13 17:49:53.866 13846 13899 D cellinfo: 46 bytes from 54.197.223.49: icmp_seq=6875 ttl=36 time=102 ms
08-13 17:49:54.065 13846 13899 D cellinfo: 46 bytes from 54.197.223.49: icmp_seq=6876 ttl=36 time=100 ms
08-13 17:49:54.266 13846 13846 D cellinfo: onCellInfoChanged: Operator:  UpdateTimestamp: 251270581 CellConnectionStatus: 1
08-13 17:49:54.266 13846 13846 D cellinfo: onCellInfoChanged: 5G-NR Cell Bands: [] ARFCN: 528000 Cell ID: 9223372036854775807 Physical Cell ID: 450 Tracking Area Code: 16777215
08-13 17:49:54.316 13846 13846 D cellinfo: onServiceStateChanged: Channel Number: 67011 Cell Bandwidths: [5000, 100000]
08-13 17:49:54.352 13846 13899 D cellinfo: 46 bytes from 54.197.223.49: icmp_seq=6877 ttl=36 time=188 ms
08-13 17:49:54.353 13846 13899 D cellinfo: 46 bytes from 54.197.223.49: icmp_seq=6877 ttl=36 time=188 ms (DUP!)
08-13 17:49:54.428 13846 13846 D cellinfo: onServiceStateChanged: Channel Number: 67011 Cell Bandwidths: [5000]
08-13 17:49:54.496 13846 13899 D cellinfo: 46 bytes from 54.197.223.49: icmp_seq=6878 ttl=36 time=130 ms
08-13 17:49:54.687 13846 13899 D cellinfo: 46 bytes from 54.197.223.49: icmp_seq=6879 ttl=36 time=119 ms
08-13 17:49:54.865 13846 13899 D cellinfo: 46 bytes from 54.197.223.49: icmp_seq=6880 ttl=36 time=97.9 ms
08-13 17:49:55.057 13846 13899 D cellinfo: 46 bytes from 54.197.223.49: icmp_seq=6881 ttl=36 time=89.9 ms
08-13 17:49:55.251 13846 13899 D cellinfo: 46 bytes from 54.197.223.49: icmp_seq=6882 ttl=36 time=83.1 ms
08-13 17:49:55.458 13846 13899 D cellinfo: 46 bytes from 54.197.223.49: icmp_seq=6883 ttl=36 time=88.5 ms
08-13 17:49:55.590 13846 13846 D cellinfo: Latitude is 40.1826095
08-13 17:49:55.590 13846 13846 D cellinfo: Longitude is -86.5603224
08-13 17:49:55.590 13846 13846 D cellinfo: Instantaneous GPS information: United States, I-65, Frankfort, IN 46041, USA
08-13 17:49:55.590 13846 13846 D cellinfo: getCurrentLocation() result: Location (success): 40.1826095, -86.5603224
08-13 17:49:55.649 13846 13899 D cellinfo: 46 bytes from 54.197.223.49: icmp_seq=6884 ttl=36 time=80.0 ms
08-13 17:49:55.849 13846 13899 D cellinfo: 46 bytes from 54.197.223.49: icmp_seq=6885 ttl=36 time=79.2 ms
08-13 17:49:56.076 13846 13899 D cellinfo: 46 bytes from 54.197.223.49: icmp_seq=6886 ttl=36 time=104 ms
08-13 17:49:56.276 13846 13899 D cellinfo: 46 bytes from 54.197.223.49: icmp_seq=6887 ttl=36 time=105 ms
08-13 17:49:56.465 13846 13899 D cellinfo: 46 bytes from 54.197.223.49: icmp_seq=6888 ttl=36 time=93.9 ms
08-13 17:49:56.660 13846 13899 D cellinfo: 46 bytes from 54.197.223.49: icmp_seq=6889 ttl=36 time=87.8 ms
08-13 17:49:56.869 13846 13899 D cellinfo: 46 bytes from 54.197.223.49: icmp_seq=6890 ttl=36 time=96.1 ms
08-13 17:49:57.065 13846 13899 D cellinfo: 46 bytes from 54.197.223.49: icmp_seq=6891 ttl=36 time=90.4 ms
08-13 17:49:57.207 13846 13846 D cellinfo: Latitude is 40.1826095
08-13 17:49:57.207 13846 13846 D cellinfo: Longitude is -86.5603224
08-13 17:49:57.207 13846 13846 D cellinfo: Instantaneous GPS information: United States, I-65, Frankfort, IN 46041, USA
08-13 17:49:57.207 13846 13846 D cellinfo: getCurrentLocation() result: Location (success): 40.1826095, -86.5603224
08-13 17:49:57.259 13846 13846 D cellinfo: onCellInfoChanged: Operator:  UpdateTimestamp: 251273576 CellConnectionStatus: 1
08-13 17:49:57.259 13846 13846 D cellinfo: onCellInfoChanged: 5G-NR Cell Bands: [] ARFCN: 528000 Cell ID: 9223372036854775807 Physical Cell ID: 450 Tracking Area Code: 16777215
08-13 17:49:57.266 13846 13899 D cellinfo: 46 bytes from 54.197.223.49: icmp_seq=6892 ttl=36 time=92.4 ms
08-13 17:49:57.555 13846 13899 D cellinfo: 46 bytes from 54.197.223.49: icmp_seq=6893 ttl=36 time=179 ms
08-13 17:49:57.660 13846 13899 D cellinfo: 46 bytes from 54.197.223.49: icmp_seq=6894 ttl=36 time=84.6 ms
08-13 17:49:57.863 13846 13899 D cellinfo: 46 bytes from 54.197.223.49: icmp_seq=6895 ttl=36 time=86.9 ms
08-13 17:49:58.062 13846 13899 D cellinfo: 46 bytes from 54.197.223.49: icmp_seq=6896 ttl=36 time=85.7 ms
08-13 17:49:58.259 13846 13899 D cellinfo: 46 bytes from 54.197.223.49: icmp_seq=6897 ttl=36 time=83.3 ms
08-13 17:49:58.462 13846 13899 D cellinfo: 46 bytes from 54.197.223.49: icmp_seq=6898 ttl=36 time=84.8 ms
08-13 17:49:58.663 13846 13899 D cellinfo: 46 bytes from 54.197.223.49: icmp_seq=6899 ttl=36 time=84.5 ms
08-13 17:49:58.862 13846 13899 D cellinfo: 46 bytes from 54.197.223.49: icmp_seq=6900 ttl=36 time=83.2 ms
08-13 17:49:59.061 13846 13899 D cellinfo: 46 bytes from 54.197.223.49: icmp_seq=6901 ttl=36 time=81.9 ms
08-13 17:49:59.272 13846 13899 D cellinfo: 46 bytes from 54.197.223.49: icmp_seq=6902 ttl=36 time=92.6 ms
08-13 17:49:59.460 13846 13899 D cellinfo: 46 bytes from 54.197.223.49: icmp_seq=6903 ttl=36 time=80.0 ms
08-13 17:49:59.670 13846 13899 D cellinfo: 46 bytes from 54.197.223.49: icmp_seq=6904 ttl=36 time=90.1 ms
08-13 17:49:59.872 13846 13899 D cellinfo: 46 bytes from 54.197.223.49: icmp_seq=6905 ttl=36 time=90.4 ms
08-13 17:50:00.071 13846 13899 D cellinfo: 46 bytes from 54.197.223.49: icmp_seq=6906 ttl=36 time=89.3 ms
08-13 17:50:00.205 13846 13846 D cellinfo: Latitude is 40.1826095
08-13 17:50:00.205 13846 13846 D cellinfo: Longitude is -86.5603224
08-13 17:50:00.205 13846 13846 D cellinfo: Instantaneous GPS information: United States, I-65, Frankfort, IN 46041, USA
08-13 17:50:00.205 13846 13846 D cellinfo: getCurrentLocation() result: Location (success): 40.1826095, -86.5603224
08-13 17:50:00.250 13846 13846 D cellinfo: onCellInfoChanged: Operator:  UpdateTimestamp: 251276566 CellConnectionStatus: 1
08-13 17:50:00.250 13846 13846 D cellinfo: onCellInfoChanged: 5G-NR Cell Bands: [] ARFCN: 528000 Cell ID: 9223372036854775807 Physical Cell ID: 450 Tracking Area Code: 16777215
08-13 17:50:00.269 13846 13899 D cellinfo: 46 bytes from 54.197.223.49: icmp_seq=6907 ttl=36 time=87.8 ms
08-13 17:50:00.481 13846 13899 D cellinfo: 46 bytes from 54.197.223.49: icmp_seq=6908 ttl=36 time=99.3 ms
08-13 17:50:00.681 13846 13899 D cellinfo: 46 bytes from 54.197.223.49: icmp_seq=6909 ttl=36 time=97.6 ms
08-13 17:50:00.870 13846 13899 D cellinfo: 46 bytes from 54.197.223.49: icmp_seq=6910 ttl=36 time=86.6 ms
08-13 17:50:01.077 13846 13899 D cellinfo: 46 bytes from 54.197.223.49: icmp_seq=6911 ttl=36 time=93.1 ms
08-13 17:50:01.277 13846 13899 D cellinfo: 46 bytes from 54.197.223.49: icmp_seq=6912 ttl=36 time=93.7 ms
08-13 17:50:01.480 13846 13899 D cellinfo: 46 bytes from 54.197.223.49: icmp_seq=6913 ttl=36 time=95.4 ms
08-13 17:50:01.670 13846 13899 D cellinfo: 46 bytes from 54.197.223.49: icmp_seq=6914 ttl=36 time=85.0 ms
08-13 17:50:01.869 13846 13899 D cellinfo: 46 bytes from 54.197.223.49: icmp_seq=6915 ttl=36 time=84.0 ms
08-13 17:50:02.070 13846 13899 D cellinfo: 46 bytes from 54.197.223.49: icmp_seq=6916 ttl=36 time=83.5 ms
08-13 17:50:02.270 13846 13899 D cellinfo: 46 bytes from 54.197.223.49: icmp_seq=6917 ttl=36 time=83.2 ms
08-13 17:50:02.470 13846 13899 D cellinfo: 46 bytes from 54.197.223.49: icmp_seq=6918 ttl=36 time=83.3 ms
08-13 17:50:02.671 13846 13899 D cellinfo: 46 bytes from 54.197.223.49: icmp_seq=6919 ttl=36 time=83.3 ms
08-13 17:50:02.880 13846 13899 D cellinfo: 46 bytes from 54.197.223.49: icmp_seq=6920 ttl=36 time=91.9 ms
08-13 17:50:03.073 13846 13899 D cellinfo: 46 bytes from 54.197.223.49: icmp_seq=6921 ttl=36 time=84.9 ms
08-13 17:50:03.200 13846 13846 D cellinfo: Latitude is 40.1826095
08-13 17:50:03.200 13846 13846 D cellinfo: Longitude is -86.5603224
08-13 17:50:03.200 13846 13846 D cellinfo: Instantaneous GPS information: United States, I-65, Frankfort, IN 46041, USA
08-13 17:50:03.200 13846 13846 D cellinfo: getCurrentLocation() result: Location (success): 40.1826095, -86.5603224
08-13 17:50:03.236 13846 13846 D cellinfo: onCellInfoChanged: Operator:  UpdateTimestamp: 251279551 CellConnectionStatus: 1
08-13 17:50:03.236 13846 13846 D cellinfo: onCellInfoChanged: 5G-NR Cell Bands: [] ARFCN: 528000 Cell ID: 9223372036854775807 Physical Cell ID: 450 Tracking Area Code: 16777215
08-13 17:50:03.271 13846 13899 D cellinfo: 46 bytes from 54.197.223.49: icmp_seq=6922 ttl=36 time=83.2 ms
08-13 17:50:03.470 13846 13899 D cellinfo: 46 bytes from 54.197.223.49: icmp_seq=6923 ttl=36 time=80.5 ms
08-13 17:50:03.672 13846 13899 D cellinfo: 46 bytes from 54.197.223.49: icmp_seq=6924 ttl=36 time=79.9 ms
08-13 17:50:03.877 13846 13899 D cellinfo: 46 bytes from 54.197.223.49: icmp_seq=6925 ttl=36 time=85.8 ms
08-13 17:50:04.081 13846 13899 D cellinfo: 46 bytes from 54.197.223.49: icmp_seq=6926 ttl=36 time=89.6 ms
08-13 17:50:04.272 13846 13899 D cellinfo: 46 bytes from 54.197.223.49: icmp_seq=6927 ttl=36 time=80.6 ms
08-13 17:50:04.482 13846 13899 D cellinfo: 46 bytes from 54.197.223.49: icmp_seq=6928 ttl=36 time=90.1 ms
08-13 17:50:04.680 13846 13899 D cellinfo: 46 bytes from 54.197.223.49: icmp_seq=6929 ttl=36 time=87.4 ms
08-13 17:50:04.883 13846 13899 D cellinfo: 46 bytes from 54.197.223.49: icmp_seq=6930 ttl=36 time=89.5 ms
08-13 17:50:05.081 13846 13899 D cellinfo: 46 bytes from 54.197.223.49: icmp_seq=6931 ttl=36 time=87.6 ms
08-13 17:50:05.282 13846 13899 D cellinfo: 46 bytes from 54.197.223.49: icmp_seq=6932 ttl=36 time=89.3 ms
08-13 17:50:05.480 13846 13899 D cellinfo: 46 bytes from 54.197.223.49: icmp_seq=6933 ttl=36 time=87.0 ms
08-13 17:50:05.506 13846 13846 D cellinfo: onsignalStrengthsChanged: LTE Signal Strength info: rsrp: -109 rsrq: -17 rssi: -77 rssnr: -5
08-13 17:50:05.506 13846 13846 D cellinfo: onsignalStrengthsChanged: 5G-NR Signal Strength info: ssrsrp: -101 ssrsrq: -11 sssinr: 11
08-13 17:50:05.682 13846 13899 D cellinfo: 46 bytes from 54.197.223.49: icmp_seq=6934 ttl=36 time=87.0 ms
08-13 17:50:05.895 13846 13899 D cellinfo: 46 bytes from 54.197.223.49: icmp_seq=6935 ttl=36 time=99.8 ms
08-13 17:50:06.081 13846 13899 D cellinfo: 46 bytes from 54.197.223.49: icmp_seq=6936 ttl=36 time=85.0 ms
08-13 17:50:06.254 13846 13846 D cellinfo: onCellInfoChanged: Operator:  UpdateTimestamp: 251282566 CellConnectionStatus: 1
08-13 17:50:06.255 13846 13846 D cellinfo: onCellInfoChanged: 5G-NR Cell Bands: [] ARFCN: 528000 Cell ID: 9223372036854775807 Physical Cell ID: 450 Tracking Area Code: 16777215
08-13 17:50:06.287 13846 13899 D cellinfo: 46 bytes from 54.197.223.49: icmp_seq=6937 ttl=36 time=91.6 ms
08-13 17:50:06.479 13846 13899 D cellinfo: 46 bytes from 54.197.223.49: icmp_seq=6938 ttl=36 time=83.0 ms
08-13 17:50:06.680 13846 13899 D cellinfo: 46 bytes from 54.197.223.49: icmp_seq=6939 ttl=36 time=82.8 ms
08-13 17:50:06.881 13846 13899 D cellinfo: 46 bytes from 54.197.223.49: icmp_seq=6940 ttl=36 time=83.0 ms
08-13 17:50:07.079 13846 13899 D cellinfo: 46 bytes from 54.197.223.49: icmp_seq=6941 ttl=36 time=80.6 ms
08-13 17:50:07.280 13846 13899 D cellinfo: 46 bytes from 54.197.223.49: icmp_seq=6942 ttl=36 time=81.3 ms
08-13 17:50:07.481 13846 13899 D cellinfo: 46 bytes from 54.197.223.49: icmp_seq=6943 ttl=36 time=80.7 ms
08-13 17:50:07.534 13846 13846 D cellinfo: Latitude is 40.1794309
08-13 17:50:07.534 13846 13846 D cellinfo: Longitude is -86.5573817
08-13 17:50:07.534 13846 13846 D cellinfo: Instantaneous GPS information: United States, 2480 W County Rd 750 S, Thorntown, IN 46071, USA
08-13 17:50:07.534 13846 13846 D cellinfo: getCurrentLocation() result: Location (success): 40.1794309, -86.5573817
08-13 17:50:07.682 13846 13899 D cellinfo: 46 bytes from 54.197.223.49: icmp_seq=6944 ttl=36 time=81.0 ms
08-13 17:50:07.892 13846 13899 D cellinfo: 46 bytes from 54.197.223.49: icmp_seq=6945 ttl=36 time=90.1 ms
08-13 17:50:08.112 13846 13899 D cellinfo: 46 bytes from 54.197.223.49: icmp_seq=6946 ttl=36 time=109 ms
08-13 17:50:08.312 13846 13899 D cellinfo: 46 bytes from 54.197.223.49: icmp_seq=6947 ttl=36 time=108 ms
08-13 17:50:08.491 13846 13899 D cellinfo: 46 bytes from 54.197.223.49: icmp_seq=6948 ttl=36 time=86.5 ms
08-13 17:50:08.634 13846 13846 D cellinfo: onsignalStrengthsChanged: LTE Signal Strength info: rsrp: -98 rsrq: -9 rssi: -75 rssnr: 10
08-13 17:50:08.634 13846 13846 D cellinfo: onsignalStrengthsChanged: 5G-NR Signal Strength info: ssrsrp: -94 ssrsrq: -11 sssinr: 19
08-13 17:50:08.712 13846 13899 D cellinfo: 46 bytes from 54.197.223.49: icmp_seq=6949 ttl=36 time=106 ms
08-13 17:50:08.891 13846 13899 D cellinfo: 46 bytes from 54.197.223.49: icmp_seq=6950 ttl=36 time=85.2 ms
08-13 17:50:09.092 13846 13899 D cellinfo: 46 bytes from 54.197.223.49: icmp_seq=6951 ttl=36 time=84.9 ms
08-13 17:50:09.204 13846 13846 D cellinfo: Latitude is 40.1794309
08-13 17:50:09.204 13846 13846 D cellinfo: Longitude is -86.5573817
08-13 17:50:09.204 13846 13846 D cellinfo: Instantaneous GPS information: United States, 2480 W County Rd 750 S, Thorntown, IN 46071, USA
08-13 17:50:09.204 13846 13846 D cellinfo: getCurrentLocation() result: Location (success): 40.1794309, -86.5573817
08-13 17:50:09.261 13846 13846 D cellinfo: onCellInfoChanged: Operator:  UpdateTimestamp: 251285576 CellConnectionStatus: 1
08-13 17:50:09.261 13846 13846 D cellinfo: onCellInfoChanged: 5G-NR Cell Bands: [] ARFCN: 528000 Cell ID: 9223372036854775807 Physical Cell ID: 450 Tracking Area Code: 16777215
08-13 17:50:09.291 13846 13899 D cellinfo: 46 bytes from 54.197.223.49: icmp_seq=6952 ttl=36 time=83.2 ms
08-13 17:50:09.492 13846 13899 D cellinfo: 46 bytes from 54.197.223.49: icmp_seq=6953 ttl=36 time=83.4 ms
08-13 17:50:09.712 13846 13899 D cellinfo: 46 bytes from 54.197.223.49: icmp_seq=6954 ttl=36 time=101 ms
08-13 17:50:09.913 13846 13899 D cellinfo: 46 bytes from 54.197.223.49: icmp_seq=6955 ttl=36 time=101 ms
08-13 17:50:10.108 13846 13899 D cellinfo: 46 bytes from 54.197.223.49: icmp_seq=6956 ttl=36 time=96.1 ms
08-13 17:50:10.302 13846 13899 D cellinfo: 46 bytes from 54.197.223.49: icmp_seq=6957 ttl=36 time=89.2 ms
08-13 17:50:10.513 13846 13899 D cellinfo: 46 bytes from 54.197.223.49: icmp_seq=6958 ttl=36 time=99.0 ms
08-13 17:50:10.712 13846 13899 D cellinfo: 46 bytes from 54.197.223.49: icmp_seq=6959 ttl=36 time=97.4 ms
08-13 17:50:10.913 13846 13899 D cellinfo: 46 bytes from 54.197.223.49: icmp_seq=6960 ttl=36 time=96.3 ms
08-13 17:50:11.101 13846 13899 D cellinfo: 46 bytes from 54.197.223.49: icmp_seq=6961 ttl=36 time=83.7 ms
08-13 17:50:11.301 13846 13899 D cellinfo: 46 bytes from 54.197.223.49: icmp_seq=6962 ttl=36 time=83.9 ms
08-13 17:50:11.513 13846 13899 D cellinfo: 46 bytes from 54.197.223.49: icmp_seq=6963 ttl=36 time=94.6 ms
08-13 17:50:11.701 13846 13899 D cellinfo: 46 bytes from 54.197.223.49: icmp_seq=6964 ttl=36 time=82.7 ms
08-13 17:50:11.900 13846 13899 D cellinfo: 46 bytes from 54.197.223.49: icmp_seq=6965 ttl=36 time=81.1 ms
08-13 17:50:12.195 13846 13899 D cellinfo: 46 bytes from 54.197.223.49: icmp_seq=6966 ttl=36 time=174 ms
08-13 17:50:12.222 13846 13846 D cellinfo: Latitude is 40.1794309
08-13 17:50:12.222 13846 13846 D cellinfo: Longitude is -86.5573817
08-13 17:50:12.222 13846 13846 D cellinfo: Instantaneous GPS information: United States, 2480 W County Rd 750 S, Thorntown, IN 46071, USA
08-13 17:50:12.222 13846 13846 D cellinfo: getCurrentLocation() result: Location (success): 40.1794309, -86.5573817
08-13 17:50:12.254 13846 13846 D cellinfo: onCellInfoChanged: Operator:  UpdateTimestamp: 251288568 CellConnectionStatus: 1
08-13 17:50:12.254 13846 13846 D cellinfo: onCellInfoChanged: 5G-NR Cell Bands: [] ARFCN: 528000 Cell ID: 9223372036854775807 Physical Cell ID: 450 Tracking Area Code: 16777215
08-13 17:50:12.316 13846 13899 D cellinfo: 46 bytes from 54.197.223.49: icmp_seq=6967 ttl=36 time=95.4 ms
08-13 17:50:12.512 13846 13899 D cellinfo: 46 bytes from 54.197.223.49: icmp_seq=6968 ttl=36 time=89.5 ms
08-13 17:50:12.720 13846 13899 D cellinfo: 46 bytes from 54.197.223.49: icmp_seq=6969 ttl=36 time=96.3 ms
08-13 17:50:12.915 13846 13899 D cellinfo: 46 bytes from 54.197.223.49: icmp_seq=6970 ttl=36 time=89.8 ms
08-13 17:50:13.111 13846 13899 D cellinfo: 46 bytes from 54.197.223.49: icmp_seq=6971 ttl=36 time=85.1 ms
08-13 17:50:13.320 13846 13899 D cellinfo: 46 bytes from 54.197.223.49: icmp_seq=6972 ttl=36 time=92.9 ms
08-13 17:50:13.511 13846 13899 D cellinfo: 46 bytes from 54.197.223.49: icmp_seq=6973 ttl=36 time=82.4 ms
08-13 17:50:13.720 13846 13899 D cellinfo: 46 bytes from 54.197.223.49: icmp_seq=6974 ttl=36 time=91.8 ms
08-13 17:50:13.910 13846 13899 D cellinfo: 46 bytes from 54.197.223.49: icmp_seq=6975 ttl=36 time=81.0 ms
08-13 17:50:14.110 13846 13899 D cellinfo: 46 bytes from 54.197.223.49: icmp_seq=6976 ttl=36 time=79.5 ms
08-13 17:50:14.322 13846 13899 D cellinfo: 46 bytes from 54.197.223.49: icmp_seq=6977 ttl=36 time=90.6 ms
08-13 17:50:14.519 13846 13899 D cellinfo: 46 bytes from 54.197.223.49: icmp_seq=6978 ttl=36 time=87.9 ms
08-13 17:50:14.722 13846 13899 D cellinfo: 46 bytes from 54.197.223.49: icmp_seq=6979 ttl=36 time=89.9 ms
08-13 17:50:14.920 13846 13899 D cellinfo: 46 bytes from 54.197.223.49: icmp_seq=6980 ttl=36 time=87.3 ms
08-13 17:50:15.122 13846 13899 D cellinfo: 46 bytes from 54.197.223.49: icmp_seq=6981 ttl=36 time=87.3 ms
08-13 17:50:15.200 13846 13846 D cellinfo: Latitude is 40.1794309
08-13 17:50:15.200 13846 13846 D cellinfo: Longitude is -86.5573817
08-13 17:50:15.200 13846 13846 D cellinfo: Instantaneous GPS information: United States, 2480 W County Rd 750 S, Thorntown, IN 46071, USA
08-13 17:50:15.200 13846 13846 D cellinfo: getCurrentLocation() result: Location (success): 40.1794309, -86.5573817
08-13 17:50:15.247 13846 13846 D cellinfo: onCellInfoChanged: Operator:  UpdateTimestamp: 251291561 CellConnectionStatus: 1
08-13 17:50:15.247 13846 13846 D cellinfo: onCellInfoChanged: 5G-NR Cell Bands: [] ARFCN: 528000 Cell ID: 9223372036854775807 Physical Cell ID: 450 Tracking Area Code: 16777215
08-13 17:50:15.321 13846 13899 D cellinfo: 46 bytes from 54.197.223.49: icmp_seq=6982 ttl=36 time=87.0 ms
08-13 17:50:15.521 13846 13899 D cellinfo: 46 bytes from 54.197.223.49: icmp_seq=6983 ttl=36 time=86.1 ms
08-13 17:50:15.720 13846 13899 D cellinfo: 46 bytes from 54.197.223.49: icmp_seq=6984 ttl=36 time=84.4 ms
08-13 17:50:15.922 13846 13899 D cellinfo: 46 bytes from 54.197.223.49: icmp_seq=6985 ttl=36 time=84.4 ms
08-13 17:50:16.121 13846 13899 D cellinfo: 46 bytes from 54.197.223.49: icmp_seq=6986 ttl=36 time=83.0 ms
08-13 17:50:16.320 13846 13899 D cellinfo: 46 bytes from 54.197.223.49: icmp_seq=6987 ttl=36 time=81.7 ms
08-13 17:50:16.522 13846 13899 D cellinfo: 46 bytes from 54.197.223.49: icmp_seq=6988 ttl=36 time=83.0 ms
08-13 17:50:16.720 13846 13899 D cellinfo: 46 bytes from 54.197.223.49: icmp_seq=6989 ttl=36 time=80.2 ms
08-13 17:50:16.931 13846 13899 D cellinfo: 46 bytes from 54.197.223.49: icmp_seq=6990 ttl=36 time=89.5 ms
08-13 17:50:17.152 13846 13899 D cellinfo: 46 bytes from 54.197.223.49: icmp_seq=6991 ttl=36 time=109 ms
08-13 17:50:17.353 13846 13899 D cellinfo: 46 bytes from 54.197.223.49: icmp_seq=6992 ttl=36 time=109 ms
08-13 17:50:17.532 13846 13899 D cellinfo: 46 bytes from 54.197.223.49: icmp_seq=6993 ttl=36 time=88.4 ms
08-13 17:50:17.731 13846 13899 D cellinfo: 46 bytes from 54.197.223.49: icmp_seq=6994 ttl=36 time=87.2 ms
08-13 17:50:17.952 13846 13899 D cellinfo: 46 bytes from 54.197.223.49: icmp_seq=6995 ttl=36 time=107 ms
08-13 17:50:18.152 13846 13899 D cellinfo: 46 bytes from 54.197.223.49: icmp_seq=6996 ttl=36 time=107 ms
08-13 17:50:18.250 13846 13846 D cellinfo: onCellInfoChanged: Operator:  UpdateTimestamp: 251294567 CellConnectionStatus: 1
08-13 17:50:18.250 13846 13846 D cellinfo: onCellInfoChanged: 5G-NR Cell Bands: [] ARFCN: 528000 Cell ID: 9223372036854775807 Physical Cell ID: 450 Tracking Area Code: 16777215
08-13 17:50:18.352 13846 13899 D cellinfo: 46 bytes from 54.197.223.49: icmp_seq=6997 ttl=36 time=106 ms
08-13 17:50:18.531 13846 13899 D cellinfo: 46 bytes from 54.197.223.49: icmp_seq=6998 ttl=36 time=83.5 ms
08-13 17:50:18.732 13846 13899 D cellinfo: 46 bytes from 54.197.223.49: icmp_seq=6999 ttl=36 time=84.6 ms
08-13 17:50:18.930 13846 13899 D cellinfo: 46 bytes from 54.197.223.49: icmp_seq=7000 ttl=36 time=81.9 ms
08-13 17:50:19.130 13846 13899 D cellinfo: 46 bytes from 54.197.223.49: icmp_seq=7001 ttl=36 time=81.6 ms
08-13 17:50:19.353 13846 13899 D cellinfo: 46 bytes from 54.197.223.49: icmp_seq=7002 ttl=36 time=104 ms
08-13 17:50:19.521 13846 13846 D cellinfo: Latitude is 40.1761864
08-13 17:50:19.521 13846 13846 D cellinfo: Longitude is -86.5543708
08-13 17:50:19.521 13846 13846 D cellinfo: Instantaneous GPS information: United States, I-65, Thorntown, IN 46071, USA
08-13 17:50:19.521 13846 13846 D cellinfo: getCurrentLocation() result: Location (success): 40.1761864, -86.5543708
08-13 17:50:19.553 13846 13899 D cellinfo: 46 bytes from 54.197.223.49: icmp_seq=7003 ttl=36 time=102 ms
08-13 17:50:20.014 13846 13899 D cellinfo: 46 bytes from 54.197.223.49: icmp_seq=7004 ttl=36 time=362 ms
08-13 17:50:20.015 13846 13899 D cellinfo: 46 bytes from 54.197.223.49: icmp_seq=7005 ttl=36 time=160 ms
08-13 17:50:20.137 13846 13899 D cellinfo: 46 bytes from 54.197.223.49: icmp_seq=7006 ttl=36 time=82.7 ms
08-13 17:50:20.352 13846 13899 D cellinfo: 46 bytes from 54.197.223.49: icmp_seq=7007 ttl=36 time=97.5 ms
08-13 17:50:20.530 13846 13899 D cellinfo: 46 bytes from 54.197.223.49: icmp_seq=7008 ttl=36 time=74.4 ms
08-13 17:50:20.740 13846 13899 D cellinfo: 46 bytes from 54.197.223.49: icmp_seq=7009 ttl=36 time=83.1 ms
08-13 17:50:20.946 13846 13899 D cellinfo: 46 bytes from 54.197.223.49: icmp_seq=7010 ttl=36 time=87.9 ms
08-13 17:50:21.151 13846 13899 D cellinfo: 46 bytes from 54.197.223.49: icmp_seq=7011 ttl=36 time=92.3 ms
08-13 17:50:21.203 13846 13846 D cellinfo: Latitude is 40.1761864
08-13 17:50:21.203 13846 13846 D cellinfo: Longitude is -86.5543708
08-13 17:50:21.203 13846 13846 D cellinfo: Instantaneous GPS information: United States, I-65, Thorntown, IN 46071, USA
08-13 17:50:21.203 13846 13846 D cellinfo: getCurrentLocation() result: Location (success): 40.1761864, -86.5543708
08-13 17:50:21.257 13846 13846 D cellinfo: onCellInfoChanged: Operator:  UpdateTimestamp: 251297570 CellConnectionStatus: 1
08-13 17:50:21.257 13846 13846 D cellinfo: onCellInfoChanged: 5G-NR Cell Bands: [] ARFCN: 528000 Cell ID: 9223372036854775807 Physical Cell ID: 450 Tracking Area Code: 16777215
08-13 17:50:21.340 13846 13899 D cellinfo: 46 bytes from 54.197.223.49: icmp_seq=7012 ttl=36 time=81.0 ms
08-13 17:50:21.539 13846 13899 D cellinfo: 46 bytes from 54.197.223.49: icmp_seq=7013 ttl=36 time=80.2 ms
08-13 17:50:21.754 13846 13899 D cellinfo: 46 bytes from 54.197.223.49: icmp_seq=7014 ttl=36 time=93.6 ms
08-13 17:50:21.951 13846 13899 D cellinfo: 46 bytes from 54.197.223.49: icmp_seq=7015 ttl=36 time=90.1 ms
08-13 17:50:22.153 13846 13899 D cellinfo: 46 bytes from 54.197.223.49: icmp_seq=7016 ttl=36 time=91.0 ms
08-13 17:50:22.350 13846 13899 D cellinfo: 46 bytes from 54.197.223.49: icmp_seq=7017 ttl=36 time=87.7 ms
08-13 17:50:22.553 13846 13899 D cellinfo: 46 bytes from 54.197.223.49: icmp_seq=7018 ttl=36 time=89.5 ms
08-13 17:50:22.753 13846 13899 D cellinfo: 46 bytes from 54.197.223.49: icmp_seq=7019 ttl=36 time=88.5 ms
08-13 17:50:22.951 13846 13899 D cellinfo: 46 bytes from 54.197.223.49: icmp_seq=7020 ttl=36 time=84.8 ms
08-13 17:50:23.152 13846 13899 D cellinfo: 46 bytes from 54.197.223.49: icmp_seq=7021 ttl=36 time=85.5 ms
08-13 17:50:23.352 13846 13899 D cellinfo: 46 bytes from 54.197.223.49: icmp_seq=7022 ttl=36 time=85.4 ms
08-13 17:50:23.560 13846 13899 D cellinfo: 46 bytes from 54.197.223.49: icmp_seq=7023 ttl=36 time=92.3 ms
08-13 17:50:23.752 13846 13899 D cellinfo: 46 bytes from 54.197.223.49: icmp_seq=7024 ttl=36 time=83.6 ms
08-13 17:50:23.961 13846 13899 D cellinfo: 46 bytes from 54.197.223.49: icmp_seq=7025 ttl=36 time=91.5 ms
08-13 17:50:24.151 13846 13899 D cellinfo: 46 bytes from 54.197.223.49: icmp_seq=7026 ttl=36 time=81.9 ms
08-13 17:50:24.208 13846 13846 D cellinfo: Latitude is 40.1761864
08-13 17:50:24.208 13846 13846 D cellinfo: Longitude is -86.5543708
08-13 17:50:24.208 13846 13846 D cellinfo: Instantaneous GPS information: United States, I-65, Thorntown, IN 46071, USA
08-13 17:50:24.208 13846 13846 D cellinfo: getCurrentLocation() result: Location (success): 40.1761864, -86.5543708
08-13 17:50:24.264 13846 13846 D cellinfo: onCellInfoChanged: Operator:  UpdateTimestamp: 251300563 CellConnectionStatus: 1
08-13 17:50:24.264 13846 13846 D cellinfo: onCellInfoChanged: 5G-NR Cell Bands: [] ARFCN: 528000 Cell ID: 9223372036854775807 Physical Cell ID: 450 Tracking Area Code: 16777215
08-13 17:50:24.351 13846 13899 D cellinfo: 46 bytes from 54.197.223.49: icmp_seq=7027 ttl=36 time=80.7 ms
08-13 17:50:24.576 13846 13899 D cellinfo: 46 bytes from 54.197.223.49: icmp_seq=7028 ttl=36 time=105 ms
08-13 17:50:24.761 13846 13899 D cellinfo: 46 bytes from 54.197.223.49: icmp_seq=7029 ttl=36 time=89.8 ms
08-13 17:50:24.961 13846 13899 D cellinfo: 46 bytes from 54.197.223.49: icmp_seq=7030 ttl=36 time=89.2 ms
08-13 17:50:25.160 13846 13899 D cellinfo: 46 bytes from 54.197.223.49: icmp_seq=7031 ttl=36 time=87.0 ms
08-13 17:50:25.361 13846 13899 D cellinfo: 46 bytes from 54.197.223.49: icmp_seq=7032 ttl=36 time=87.0 ms
08-13 17:50:25.562 13846 13899 D cellinfo: 46 bytes from 54.197.223.49: icmp_seq=7033 ttl=36 time=85.8 ms
08-13 17:50:25.762 13846 13899 D cellinfo: 46 bytes from 54.197.223.49: icmp_seq=7034 ttl=36 time=85.2 ms
08-13 17:50:25.960 13846 13899 D cellinfo: 46 bytes from 54.197.223.49: icmp_seq=7035 ttl=36 time=82.7 ms
08-13 17:50:26.162 13846 13899 D cellinfo: 46 bytes from 54.197.223.49: icmp_seq=7036 ttl=36 time=83.5 ms
08-13 17:50:26.393 13846 13899 D cellinfo: 46 bytes from 54.197.223.49: icmp_seq=7037 ttl=36 time=113 ms
08-13 17:50:26.560 13846 13899 D cellinfo: 46 bytes from 54.197.223.49: icmp_seq=7038 ttl=36 time=80.4 ms
08-13 17:50:26.764 13846 13899 D cellinfo: 46 bytes from 54.197.223.49: icmp_seq=7039 ttl=36 time=82.8 ms
08-13 17:50:26.973 13846 13899 D cellinfo: 46 bytes from 54.197.223.49: icmp_seq=7040 ttl=36 time=91.2 ms
08-13 17:50:27.192 13846 13899 D cellinfo: 46 bytes from 54.197.223.49: icmp_seq=7041 ttl=36 time=109 ms
08-13 17:50:27.205 13846 13846 D cellinfo: Latitude is 40.1761864
08-13 17:50:27.205 13846 13846 D cellinfo: Longitude is -86.5543708
08-13 17:50:27.205 13846 13846 D cellinfo: Instantaneous GPS information: United States, I-65, Thorntown, IN 46071, USA
08-13 17:50:27.205 13846 13846 D cellinfo: getCurrentLocation() result: Location (success): 40.1761864, -86.5543708
08-13 17:50:27.246 13846 13846 D cellinfo: onCellInfoChanged: Operator:  UpdateTimestamp: 251303561 CellConnectionStatus: 1
08-13 17:50:27.246 13846 13846 D cellinfo: onCellInfoChanged: 5G-NR Cell Bands: [] ARFCN: 528000 Cell ID: 9223372036854775807 Physical Cell ID: 450 Tracking Area Code: 16777215
08-13 17:50:27.370 13846 13899 D cellinfo: 46 bytes from 54.197.223.49: icmp_seq=7042 ttl=36 time=87.0 ms
08-13 17:50:27.573 13846 13899 D cellinfo: 46 bytes from 54.197.223.49: icmp_seq=7043 ttl=36 time=89.2 ms
08-13 17:50:27.772 13846 13899 D cellinfo: 46 bytes from 54.197.223.49: icmp_seq=7044 ttl=36 time=87.6 ms
08-13 17:50:27.992 13846 13899 D cellinfo: 46 bytes from 54.197.223.49: icmp_seq=7045 ttl=36 time=107 ms
08-13 17:50:28.193 13846 13899 D cellinfo: 46 bytes from 54.197.223.49: icmp_seq=7046 ttl=36 time=107 ms
08-13 17:50:28.372 13846 13899 D cellinfo: 46 bytes from 54.197.223.49: icmp_seq=7047 ttl=36 time=85.8 ms
08-13 17:50:28.573 13846 13899 D cellinfo: 46 bytes from 54.197.223.49: icmp_seq=7048 ttl=36 time=85.4 ms
08-13 17:50:28.792 13846 13899 D cellinfo: 46 bytes from 54.197.223.49: icmp_seq=7049 ttl=36 time=104 ms
08-13 17:50:28.993 13846 13899 D cellinfo: 46 bytes from 54.197.223.49: icmp_seq=7050 ttl=36 time=104 ms
08-13 17:50:29.172 13846 13899 D cellinfo: 46 bytes from 54.197.223.49: icmp_seq=7051 ttl=36 time=82.3 ms
08-13 17:50:29.393 13846 13899 D cellinfo: 46 bytes from 54.197.223.49: icmp_seq=7052 ttl=36 time=101 ms
08-13 17:50:29.592 13846 13899 D cellinfo: 46 bytes from 54.197.223.49: icmp_seq=7053 ttl=36 time=99.9 ms
08-13 17:50:29.793 13846 13899 D cellinfo: 46 bytes from 54.197.223.49: icmp_seq=7054 ttl=36 time=99.8 ms
08-13 17:50:29.981 13846 13899 D cellinfo: 46 bytes from 54.197.223.49: icmp_seq=7055 ttl=36 time=86.7 ms
08-13 17:50:30.192 13846 13899 D cellinfo: 46 bytes from 54.197.223.49: icmp_seq=7056 ttl=36 time=98.2 ms
08-13 17:50:30.250 13846 13846 D cellinfo: onCellInfoChanged: Operator:  UpdateTimestamp: 251306567 CellConnectionStatus: 1
08-13 17:50:30.250 13846 13846 D cellinfo: onCellInfoChanged: 5G-NR Cell Bands: [] ARFCN: 528000 Cell ID: 9223372036854775807 Physical Cell ID: 450 Tracking Area Code: 16777215
08-13 17:50:30.377 13846 13899 D cellinfo: 46 bytes from 54.197.223.49: icmp_seq=7057 ttl=36 time=81.7 ms
08-13 17:50:30.540 13846 13846 D cellinfo: onsignalStrengthsChanged: LTE Signal Strength info: rsrp: -101 rsrq: -9 rssi: -77 rssnr: 13
08-13 17:50:30.540 13846 13846 D cellinfo: onsignalStrengthsChanged: 5G-NR Signal Strength info: ssrsrp: -91 ssrsrq: -10 sssinr: 21
08-13 17:50:30.581 13846 13899 D cellinfo: 46 bytes from 54.197.223.49: icmp_seq=7058 ttl=36 time=85.3 ms
08-13 17:50:30.793 13846 13899 D cellinfo: 46 bytes from 54.197.223.49: icmp_seq=7059 ttl=36 time=96.6 ms
08-13 17:50:31.036 13846 13899 D cellinfo: 46 bytes from 54.197.223.49: icmp_seq=7060 ttl=36 time=139 ms
08-13 17:50:31.173 13846 13899 D cellinfo: 46 bytes from 54.197.223.49: icmp_seq=7061 ttl=36 time=77.0 ms
08-13 17:50:31.385 13846 13899 D cellinfo: 46 bytes from 54.197.223.49: icmp_seq=7062 ttl=36 time=87.2 ms
08-13 17:50:31.597 13846 13899 D cellinfo: 46 bytes from 54.197.223.49: icmp_seq=7063 ttl=36 time=98.1 ms
08-13 17:50:31.600 13846 13846 D cellinfo: Latitude is 40.1730443
08-13 17:50:31.601 13846 13846 D cellinfo: Longitude is -86.5514743
08-13 17:50:31.601 13846 13846 D cellinfo: Instantaneous GPS information: United States, 9170 I-65, Thorntown, IN 46071, USA
08-13 17:50:31.601 13846 13846 D cellinfo: getCurrentLocation() result: Location (success): 40.1730443, -86.5514743
08-13 17:50:31.793 13846 13899 D cellinfo: 46 bytes from 54.197.223.49: icmp_seq=7064 ttl=36 time=93.2 ms
08-13 17:50:31.993 13846 13899 D cellinfo: 46 bytes from 54.197.223.49: icmp_seq=7065 ttl=36 time=92.5 ms
08-13 17:50:32.193 13846 13899 D cellinfo: 46 bytes from 54.197.223.49: icmp_seq=7066 ttl=36 time=92.0 ms
08-13 17:50:32.392 13846 13899 D cellinfo: 46 bytes from 54.197.223.49: icmp_seq=7067 ttl=36 time=90.2 ms
08-13 17:50:32.593 13846 13899 D cellinfo: 46 bytes from 54.197.223.49: icmp_seq=7068 ttl=36 time=89.7 ms
08-13 17:50:32.793 13846 13899 D cellinfo: 46 bytes from 54.197.223.49: icmp_seq=7069 ttl=36 time=88.8 ms
08-13 17:50:32.992 13846 13899 D cellinfo: 46 bytes from 54.197.223.49: icmp_seq=7070 ttl=36 time=87.3 ms
08-13 17:50:33.193 13846 13899 D cellinfo: 46 bytes from 54.197.223.49: icmp_seq=7071 ttl=36 time=86.3 ms
08-13 17:50:33.214 13846 13846 D cellinfo: Latitude is 40.1730443
08-13 17:50:33.214 13846 13846 D cellinfo: Longitude is -86.5514743
08-13 17:50:33.214 13846 13846 D cellinfo: Instantaneous GPS information: United States, 9170 I-65, Thorntown, IN 46071, USA
08-13 17:50:33.214 13846 13846 D cellinfo: getCurrentLocation() result: Location (success): 40.1730443, -86.5514743
08-13 17:50:33.257 13846 13846 D cellinfo: onCellInfoChanged: Operator:  UpdateTimestamp: 251309574 CellConnectionStatus: 1
08-13 17:50:33.257 13846 13846 D cellinfo: onCellInfoChanged: 5G-NR Cell Bands: [] ARFCN: 528000 Cell ID: 9223372036854775807 Physical Cell ID: 450 Tracking Area Code: 16777215
08-13 17:50:33.392 13846 13899 D cellinfo: 46 bytes from 54.197.223.49: icmp_seq=7072 ttl=36 time=85.9 ms
08-13 17:50:33.592 13846 13899 D cellinfo: 46 bytes from 54.197.223.49: icmp_seq=7073 ttl=36 time=84.9 ms
08-13 17:50:33.660 13846 13846 D cellinfo: onsignalStrengthsChanged: LTE Signal Strength info: rsrp: -94 rsrq: -6 rssi: -71 rssnr: 19
08-13 17:50:33.660 13846 13846 D cellinfo: onsignalStrengthsChanged: 5G-NR Signal Strength info: ssrsrp: -89 ssrsrq: -10 sssinr: 18
08-13 17:50:33.793 13846 13899 D cellinfo: 46 bytes from 54.197.223.49: icmp_seq=7074 ttl=36 time=85.1 ms
08-13 17:50:33.992 13846 13899 D cellinfo: 46 bytes from 54.197.223.49: icmp_seq=7075 ttl=36 time=83.0 ms
08-13 17:50:34.192 13846 13899 D cellinfo: 46 bytes from 54.197.223.49: icmp_seq=7076 ttl=36 time=82.9 ms
08-13 17:50:34.393 13846 13899 D cellinfo: 46 bytes from 54.197.223.49: icmp_seq=7077 ttl=36 time=82.2 ms
08-13 17:50:34.602 13846 13899 D cellinfo: 46 bytes from 54.197.223.49: icmp_seq=7078 ttl=36 time=90.1 ms
08-13 17:50:34.800 13846 13899 D cellinfo: 46 bytes from 54.197.223.49: icmp_seq=7079 ttl=36 time=88.5 ms
08-13 17:50:35.002 13846 13899 D cellinfo: 46 bytes from 54.197.223.49: icmp_seq=7080 ttl=36 time=89.6 ms
08-13 17:50:35.202 13846 13899 D cellinfo: 46 bytes from 54.197.223.49: icmp_seq=7081 ttl=36 time=89.6 ms
08-13 17:50:35.401 13846 13899 D cellinfo: 46 bytes from 54.197.223.49: icmp_seq=7082 ttl=36 time=88.2 ms
08-13 17:50:35.600 13846 13899 D cellinfo: 46 bytes from 54.197.223.49: icmp_seq=7083 ttl=36 time=86.6 ms
08-13 17:50:35.802 13846 13899 D cellinfo: 46 bytes from 54.197.223.49: icmp_seq=7084 ttl=36 time=87.5 ms
08-13 17:50:36.002 13846 13899 D cellinfo: 46 bytes from 54.197.223.49: icmp_seq=7085 ttl=36 time=86.4 ms
08-13 17:50:36.200 13846 13899 D cellinfo: 46 bytes from 54.197.223.49: icmp_seq=7086 ttl=36 time=84.6 ms
08-13 17:50:36.201 13846 13846 D cellinfo: Latitude is 40.1730443
08-13 17:50:36.201 13846 13846 D cellinfo: Longitude is -86.5514743
08-13 17:50:36.201 13846 13846 D cellinfo: Instantaneous GPS information: United States, 9170 I-65, Thorntown, IN 46071, USA
08-13 17:50:36.201 13846 13846 D cellinfo: getCurrentLocation() result: Location (success): 40.1730443, -86.5514743
08-13 17:50:36.248 13846 13846 D cellinfo: onCellInfoChanged: Operator:  UpdateTimestamp: 251312564 CellConnectionStatus: 1
08-13 17:50:36.248 13846 13846 D cellinfo: onCellInfoChanged: 5G-NR Cell Bands: [] ARFCN: 528000 Cell ID: 9223372036854775807 Physical Cell ID: 450 Tracking Area Code: 16777215
08-13 17:50:36.400 13846 13899 D cellinfo: 46 bytes from 54.197.223.49: icmp_seq=7087 ttl=36 time=83.8 ms
08-13 17:50:36.602 13846 13899 D cellinfo: 46 bytes from 54.197.223.49: icmp_seq=7088 ttl=36 time=84.3 ms
08-13 17:50:36.801 13846 13899 D cellinfo: 46 bytes from 54.197.223.49: icmp_seq=7089 ttl=36 time=84.1 ms
08-13 17:50:37.001 13846 13899 D cellinfo: 46 bytes from 54.197.223.49: icmp_seq=7090 ttl=36 time=82.5 ms
08-13 17:50:37.200 13846 13899 D cellinfo: 46 bytes from 54.197.223.49: icmp_seq=7091 ttl=36 time=82.4 ms
08-13 17:50:37.402 13846 13899 D cellinfo: 46 bytes from 54.197.223.49: icmp_seq=7092 ttl=36 time=82.3 ms
08-13 17:50:37.605 13846 13899 D cellinfo: 46 bytes from 54.197.223.49: icmp_seq=7093 ttl=36 time=84.9 ms
08-13 17:50:37.813 13846 13899 D cellinfo: 46 bytes from 54.197.223.49: icmp_seq=7094 ttl=36 time=91.2 ms
08-13 17:50:38.011 13846 13899 D cellinfo: 46 bytes from 54.197.223.49: icmp_seq=7095 ttl=36 time=90.1 ms
08-13 17:50:38.211 13846 13899 D cellinfo: 46 bytes from 54.197.223.49: icmp_seq=7096 ttl=36 time=89.8 ms
08-13 17:50:38.410 13846 13899 D cellinfo: 46 bytes from 54.197.223.49: icmp_seq=7097 ttl=36 time=88.2 ms
08-13 17:50:38.610 13846 13899 D cellinfo: 46 bytes from 54.197.223.49: icmp_seq=7098 ttl=36 time=87.5 ms
08-13 17:50:38.812 13846 13899 D cellinfo: 46 bytes from 54.197.223.49: icmp_seq=7099 ttl=36 time=88.8 ms
08-13 17:50:39.012 13846 13899 D cellinfo: 46 bytes from 54.197.223.49: icmp_seq=7100 ttl=36 time=87.4 ms
08-13 17:50:39.207 13846 13846 D cellinfo: Latitude is 40.1730443
08-13 17:50:39.207 13846 13846 D cellinfo: Longitude is -86.5514743
08-13 17:50:39.207 13846 13846 D cellinfo: Instantaneous GPS information: United States, 9170 I-65, Thorntown, IN 46071, USA
08-13 17:50:39.207 13846 13846 D cellinfo: getCurrentLocation() result: Location (success): 40.1730443, -86.5514743
08-13 17:50:39.211 13846 13899 D cellinfo: 46 bytes from 54.197.223.49: icmp_seq=7101 ttl=36 time=86.1 ms
08-13 17:50:39.259 13846 13846 D cellinfo: onCellInfoChanged: Operator:  UpdateTimestamp: 251315575 CellConnectionStatus: 1
08-13 17:50:39.259 13846 13846 D cellinfo: onCellInfoChanged: 5G-NR Cell Bands: [] ARFCN: 528000 Cell ID: 9223372036854775807 Physical Cell ID: 450 Tracking Area Code: 16777215
08-13 17:50:39.408 13846 13899 D cellinfo: 46 bytes from 54.197.223.49: icmp_seq=7102 ttl=36 time=82.6 ms
08-13 17:50:39.613 13846 13899 D cellinfo: 46 bytes from 54.197.223.49: icmp_seq=7103 ttl=36 time=86.5 ms
08-13 17:50:39.810 13846 13899 D cellinfo: 46 bytes from 54.197.223.49: icmp_seq=7104 ttl=36 time=83.9 ms
08-13 17:50:39.820 13846 13846 D cellinfo: onsignalStrengthsChanged: LTE Signal Strength info: rsrp: -99 rsrq: -11 rssi: -75 rssnr: 6
08-13 17:50:39.821 13846 13846 D cellinfo: onsignalStrengthsChanged: 5G-NR Signal Strength info: ssrsrp: -105 ssrsrq: -18 sssinr: 3
08-13 17:50:40.021 13846 13899 D cellinfo: 46 bytes from 54.197.223.49: icmp_seq=7105 ttl=36 time=93.7 ms
08-13 17:50:40.212 13846 13899 D cellinfo: 46 bytes from 54.197.223.49: icmp_seq=7106 ttl=36 time=85.2 ms
08-13 17:50:40.434 13846 13899 D cellinfo: 46 bytes from 54.197.223.49: icmp_seq=7107 ttl=36 time=106 ms
08-13 17:50:40.612 13846 13899 D cellinfo: 46 bytes from 54.197.223.49: icmp_seq=7108 ttl=36 time=83.4 ms
08-13 17:50:40.812 13846 13899 D cellinfo: 46 bytes from 54.197.223.49: icmp_seq=7109 ttl=36 time=82.7 ms
08-13 17:50:41.011 13846 13899 D cellinfo: 46 bytes from 54.197.223.49: icmp_seq=7110 ttl=36 time=80.8 ms
08-13 17:50:41.225 13846 13899 D cellinfo: 46 bytes from 54.197.223.49: icmp_seq=7111 ttl=36 time=95.9 ms
08-13 17:50:41.420 13846 13899 D cellinfo: 46 bytes from 54.197.223.49: icmp_seq=7112 ttl=36 time=90.1 ms
08-13 17:50:41.621 13846 13899 D cellinfo: 46 bytes from 54.197.223.49: icmp_seq=7113 ttl=36 time=89.5 ms
08-13 17:50:41.827 13846 13899 D cellinfo: 46 bytes from 54.197.223.49: icmp_seq=7114 ttl=36 time=94.5 ms
08-13 17:50:42.024 13846 13899 D cellinfo: 46 bytes from 54.197.223.49: icmp_seq=7115 ttl=36 time=91.1 ms
08-13 17:50:42.224 13846 13899 D cellinfo: 46 bytes from 54.197.223.49: icmp_seq=7116 ttl=36 time=91.3 ms
08-13 17:50:42.251 13846 13846 D cellinfo: onCellInfoChanged: Operator:  UpdateTimestamp: 251318565 CellConnectionStatus: 1
08-13 17:50:42.252 13846 13846 D cellinfo: onCellInfoChanged: 5G-NR Cell Bands: [] ARFCN: 528000 Cell ID: 9223372036854775807 Physical Cell ID: 450 Tracking Area Code: 16777215
08-13 17:50:42.434 13846 13899 D cellinfo: 46 bytes from 54.197.223.49: icmp_seq=7117 ttl=36 time=101 ms
08-13 17:50:42.621 13846 13899 D cellinfo: 46 bytes from 54.197.223.49: icmp_seq=7118 ttl=36 time=87.4 ms
08-13 17:50:42.834 13846 13899 D cellinfo: 46 bytes from 54.197.223.49: icmp_seq=7119 ttl=36 time=99.5 ms
08-13 17:50:43.026 13846 13899 D cellinfo: 46 bytes from 54.197.223.49: icmp_seq=7120 ttl=36 time=89.9 ms
08-13 17:50:43.221 13846 13899 D cellinfo: 46 bytes from 54.197.223.49: icmp_seq=7121 ttl=36 time=84.6 ms
08-13 17:50:43.419 13846 13899 D cellinfo: 46 bytes from 54.197.223.49: icmp_seq=7122 ttl=36 time=81.8 ms
08-13 17:50:43.527 13846 13846 D cellinfo: Latitude is 40.1697203
08-13 17:50:43.527 13846 13846 D cellinfo: Longitude is -86.5490055
08-13 17:50:43.527 13846 13846 D cellinfo: Instantaneous GPS information: United States, I-65, Thorntown, IN 46071, USA
08-13 17:50:43.527 13846 13846 D cellinfo: getCurrentLocation() result: Location (success): 40.1697203, -86.5490055
08-13 17:50:43.615 13846 13899 D cellinfo: 46 bytes from 54.197.223.49: icmp_seq=7123 ttl=36 time=78.2 ms
08-13 17:50:43.832 13846 13899 D cellinfo: 46 bytes from 54.197.223.49: icmp_seq=7124 ttl=36 time=94.2 ms
08-13 17:50:44.023 13846 13899 D cellinfo: 46 bytes from 54.197.223.49: icmp_seq=7125 ttl=36 time=82.5 ms
08-13 17:50:44.222 13846 13899 D cellinfo: 46 bytes from 54.197.223.49: icmp_seq=7126 ttl=36 time=82.3 ms
08-13 17:50:44.421 13846 13899 D cellinfo: 46 bytes from 54.197.223.49: icmp_seq=7127 ttl=36 time=80.5 ms
08-13 17:50:44.631 13846 13899 D cellinfo: 46 bytes from 54.197.223.49: icmp_seq=7128 ttl=36 time=89.7 ms
08-13 17:50:44.832 13846 13899 D cellinfo: 46 bytes from 54.197.223.49: icmp_seq=7129 ttl=36 time=89.6 ms
08-13 17:50:45.032 13846 13899 D cellinfo: 46 bytes from 54.197.223.49: icmp_seq=7130 ttl=36 time=89.1 ms
08-13 17:50:45.207 13846 13846 D cellinfo: Latitude is 40.1697203
08-13 17:50:45.207 13846 13846 D cellinfo: Longitude is -86.5490055
08-13 17:50:45.207 13846 13846 D cellinfo: Instantaneous GPS information: United States, I-65, Thorntown, IN 46071, USA
08-13 17:50:45.207 13846 13846 D cellinfo: getCurrentLocation() result: Location (success): 40.1697203, -86.5490055
08-13 17:50:45.233 13846 13899 D cellinfo: 46 bytes from 54.197.223.49: icmp_seq=7131 ttl=36 time=90.5 ms
08-13 17:50:45.267 13846 13846 D cellinfo: onCellInfoChanged: Operator:  UpdateTimestamp: 251321585 CellConnectionStatus: 1
08-13 17:50:45.267 13846 13846 D cellinfo: onCellInfoChanged: 5G-NR Cell Bands: [] ARFCN: 528000 Cell ID: 9223372036854775807 Physical Cell ID: 450 Tracking Area Code: 16777215
08-13 17:50:45.433 13846 13899 D cellinfo: 46 bytes from 54.197.223.49: icmp_seq=7132 ttl=36 time=89.3 ms
08-13 17:50:45.632 13846 13899 D cellinfo: 46 bytes from 54.197.223.49: icmp_seq=7133 ttl=36 time=87.1 ms
08-13 17:50:45.830 13846 13899 D cellinfo: 46 bytes from 54.197.223.49: icmp_seq=7134 ttl=36 time=84.1 ms
08-13 17:50:46.030 13846 13899 D cellinfo: 46 bytes from 54.197.223.49: icmp_seq=7135 ttl=36 time=84.0 ms
08-13 17:50:46.233 13846 13899 D cellinfo: 46 bytes from 54.197.223.49: icmp_seq=7136 ttl=36 time=86.4 ms
08-13 17:50:46.443 13846 13899 D cellinfo: 46 bytes from 54.197.223.49: icmp_seq=7137 ttl=36 time=95.6 ms
08-13 17:50:46.633 13846 13899 D cellinfo: 46 bytes from 54.197.223.49: icmp_seq=7138 ttl=36 time=85.6 ms
08-13 17:50:46.831 13846 13899 D cellinfo: 46 bytes from 54.197.223.49: icmp_seq=7139 ttl=36 time=82.8 ms
08-13 17:50:47.032 13846 13899 D cellinfo: 46 bytes from 54.197.223.49: icmp_seq=7140 ttl=36 time=83.6 ms
08-13 17:50:47.231 13846 13899 D cellinfo: 46 bytes from 54.197.223.49: icmp_seq=7141 ttl=36 time=82.9 ms
08-13 17:50:47.431 13846 13899 D cellinfo: 46 bytes from 54.197.223.49: icmp_seq=7142 ttl=36 time=81.7 ms
08-13 17:50:47.630 13846 13899 D cellinfo: 46 bytes from 54.197.223.49: icmp_seq=7143 ttl=36 time=80.6 ms
08-13 17:50:47.833 13846 13899 D cellinfo: 46 bytes from 54.197.223.49: icmp_seq=7144 ttl=36 time=83.0 ms
08-13 17:50:48.030 13846 13899 D cellinfo: 46 bytes from 54.197.223.49: icmp_seq=7145 ttl=36 time=79.5 ms
08-13 17:50:48.207 13846 13846 D cellinfo: Latitude is 40.1697203
08-13 17:50:48.207 13846 13846 D cellinfo: Longitude is -86.5490055
08-13 17:50:48.207 13846 13846 D cellinfo: Instantaneous GPS information: United States, I-65, Thorntown, IN 46071, USA
08-13 17:50:48.207 13846 13846 D cellinfo: getCurrentLocation() result: Location (success): 40.1697203, -86.5490055
08-13 17:50:48.231 13846 13899 D cellinfo: 46 bytes from 54.197.223.49: icmp_seq=7146 ttl=36 time=80.4 ms
08-13 17:50:48.266 13846 13846 D cellinfo: onCellInfoChanged: Operator:  UpdateTimestamp: 251324583 CellConnectionStatus: 1
08-13 17:50:48.266 13846 13846 D cellinfo: onCellInfoChanged: 5G-NR Cell Bands: [] ARFCN: 528000 Cell ID: 9223372036854775807 Physical Cell ID: 450 Tracking Area Code: 16777215
08-13 17:50:48.441 13846 13899 D cellinfo: 46 bytes from 54.197.223.49: icmp_seq=7147 ttl=36 time=89.1 ms
08-13 17:50:48.642 13846 13899 D cellinfo: 46 bytes from 54.197.223.49: icmp_seq=7148 ttl=36 time=88.3 ms
08-13 17:50:48.840 13846 13899 D cellinfo: 46 bytes from 54.197.223.49: icmp_seq=7149 ttl=36 time=86.8 ms
08-13 17:50:49.042 13846 13899 D cellinfo: 46 bytes from 54.197.223.49: icmp_seq=7150 ttl=36 time=86.9 ms
08-13 17:50:49.241 13846 13899 D cellinfo: 46 bytes from 54.197.223.49: icmp_seq=7151 ttl=36 time=87.0 ms
08-13 17:50:49.452 13846 13899 D cellinfo: 46 bytes from 54.197.223.49: icmp_seq=7152 ttl=36 time=96.3 ms
08-13 17:50:49.641 13846 13899 D cellinfo: 46 bytes from 54.197.223.49: icmp_seq=7153 ttl=36 time=85.9 ms
08-13 17:50:49.844 13846 13899 D cellinfo: 46 bytes from 54.197.223.49: icmp_seq=7154 ttl=36 time=87.3 ms
08-13 17:50:50.043 13846 13899 D cellinfo: 46 bytes from 54.197.223.49: icmp_seq=7155 ttl=36 time=86.7 ms
08-13 17:50:50.244 13846 13899 D cellinfo: 46 bytes from 54.197.223.49: icmp_seq=7156 ttl=36 time=86.6 ms
08-13 17:50:50.442 13846 13899 D cellinfo: 46 bytes from 54.197.223.49: icmp_seq=7157 ttl=36 time=85.3 ms
08-13 17:50:50.643 13846 13899 D cellinfo: 46 bytes from 54.197.223.49: icmp_seq=7158 ttl=36 time=84.5 ms
08-13 17:50:50.843 13846 13899 D cellinfo: 46 bytes from 54.197.223.49: icmp_seq=7159 ttl=36 time=83.8 ms
08-13 17:50:51.042 13846 13899 D cellinfo: 46 bytes from 54.197.223.49: icmp_seq=7160 ttl=36 time=82.7 ms
08-13 17:50:51.208 13846 13846 D cellinfo: Latitude is 40.1697203
08-13 17:50:51.208 13846 13846 D cellinfo: Longitude is -86.5490055
08-13 17:50:51.208 13846 13846 D cellinfo: Instantaneous GPS information: United States, I-65, Thorntown, IN 46071, USA
08-13 17:50:51.208 13846 13846 D cellinfo: getCurrentLocation() result: Location (success): 40.1697203, -86.5490055
08-13 17:50:51.241 13846 13899 D cellinfo: 46 bytes from 54.197.223.49: icmp_seq=7161 ttl=36 time=82.4 ms
08-13 17:50:51.268 13846 13846 D cellinfo: onCellInfoChanged: Operator:  UpdateTimestamp: 251327585 CellConnectionStatus: 1
08-13 17:50:51.268 13846 13846 D cellinfo: onCellInfoChanged: 5G-NR Cell Bands: [] ARFCN: 528000 Cell ID: 9223372036854775807 Physical Cell ID: 450 Tracking Area Code: 16777215
08-13 17:50:51.447 13846 13899 D cellinfo: 46 bytes from 54.197.223.49: icmp_seq=7162 ttl=36 time=86.4 ms
08-13 17:50:51.643 13846 13899 D cellinfo: 46 bytes from 54.197.223.49: icmp_seq=7163 ttl=36 time=81.7 ms
08-13 17:50:51.852 13846 13899 D cellinfo: 46 bytes from 54.197.223.49: icmp_seq=7164 ttl=36 time=89.4 ms
08-13 17:50:52.052 13846 13899 D cellinfo: 46 bytes from 54.197.223.49: icmp_seq=7165 ttl=36 time=89.2 ms
08-13 17:50:52.253 13846 13899 D cellinfo: 46 bytes from 54.197.223.49: icmp_seq=7166 ttl=36 time=90.5 ms
08-13 17:50:52.453 13846 13899 D cellinfo: 46 bytes from 54.197.223.49: icmp_seq=7167 ttl=36 time=90.1 ms
08-13 17:50:52.676 13846 13899 D cellinfo: 46 bytes from 54.197.223.49: icmp_seq=7168 ttl=36 time=112 ms
08-13 17:50:52.858 13846 13899 D cellinfo: 46 bytes from 54.197.223.49: icmp_seq=7169 ttl=36 time=93.2 ms
08-13 17:50:53.052 13846 13899 D cellinfo: 46 bytes from 54.197.223.49: icmp_seq=7170 ttl=36 time=86.6 ms
08-13 17:50:53.252 13846 13899 D cellinfo: 46 bytes from 54.197.223.49: icmp_seq=7171 ttl=36 time=86.8 ms
08-13 17:50:53.451 13846 13899 D cellinfo: 46 bytes from 54.197.223.49: icmp_seq=7172 ttl=36 time=85.1 ms
08-13 17:50:53.651 13846 13899 D cellinfo: 46 bytes from 54.197.223.49: icmp_seq=7173 ttl=36 time=84.0 ms
08-13 17:50:53.852 13846 13899 D cellinfo: 46 bytes from 54.197.223.49: icmp_seq=7174 ttl=36 time=84.4 ms
08-13 17:50:54.060 13846 13899 D cellinfo: 46 bytes from 54.197.223.49: icmp_seq=7175 ttl=36 time=92.1 ms
08-13 17:50:54.250 13846 13899 D cellinfo: 46 bytes from 54.197.223.49: icmp_seq=7176 ttl=36 time=82.7 ms
08-13 17:50:54.261 13846 13846 D cellinfo: onCellInfoChanged: Operator:  UpdateTimestamp: 251330574 CellConnectionStatus: 1
08-13 17:50:54.261 13846 13846 D cellinfo: onCellInfoChanged: 5G-NR Cell Bands: [] ARFCN: 528000 Cell ID: 9223372036854775807 Physical Cell ID: 450 Tracking Area Code: 16777215
08-13 17:50:54.451 13846 13899 D cellinfo: 46 bytes from 54.197.223.49: icmp_seq=7177 ttl=36 time=82.2 ms
08-13 17:50:54.652 13846 13899 D cellinfo: 46 bytes from 54.197.223.49: icmp_seq=7178 ttl=36 time=82.8 ms
08-13 17:50:54.874 13846 13899 D cellinfo: 46 bytes from 54.197.223.49: icmp_seq=7179 ttl=36 time=103 ms
08-13 17:50:55.072 13846 13899 D cellinfo: 46 bytes from 54.197.223.49: icmp_seq=7180 ttl=36 time=99.6 ms
08-13 17:50:55.273 13846 13899 D cellinfo: 46 bytes from 54.197.223.49: icmp_seq=7181 ttl=36 time=100 ms
08-13 17:50:55.462 13846 13899 D cellinfo: 46 bytes from 54.197.223.49: icmp_seq=7182 ttl=36 time=87.3 ms
