08-13 17:14:20.195 12372 12701 D cellinfo: 46 bytes from 54.197.223.49: icmp_seq=678 ttl=37 time=72.7 ms
08-13 17:14:20.395 12372 12701 D cellinfo: 46 bytes from 54.197.223.49: icmp_seq=679 ttl=37 time=72.1 ms
08-13 17:14:20.600 12372 12701 D cellinfo: 46 bytes from 54.197.223.49: icmp_seq=680 ttl=37 time=76.1 ms
08-13 17:14:20.660 12372 12372 D cellinfo: Latitude is 40.4176148
08-13 17:14:20.660 12372 12372 D cellinfo: Longitude is -86.8153738
08-13 17:14:20.660 12372 12372 D cellinfo: Instantaneous GPS information: United States, 25 Frontage Rd, Lafayette, IN 47905, USA
08-13 17:14:20.660 12372 12372 D cellinfo: getCurrentLocation() result: Location (success): 40.4176148, -86.8153738
08-13 17:14:20.664 12372 12372 D cellinfo: onCellInfoChanged: Operator:  UpdateTimestamp: 249136748 CellConnectionStatus: 1
08-13 17:14:20.664 12372 12372 D cellinfo: onCellInfoChanged: 5G-NR Cell Bands: [] ARFCN: 528000 Cell ID: 9223372036854775807 Physical Cell ID: 598 Tracking Area Code: 16777215
08-13 17:14:20.801 12372 12701 D cellinfo: 46 bytes from 54.197.223.49: icmp_seq=681 ttl=37 time=77.0 ms
08-13 17:14:20.999 12372 12701 D cellinfo: 46 bytes from 54.197.223.49: icmp_seq=682 ttl=37 time=74.0 ms
08-13 17:14:21.201 12372 12701 D cellinfo: 46 bytes from 54.197.223.49: icmp_seq=683 ttl=37 time=75.0 ms
08-13 17:14:21.400 12372 12701 D cellinfo: 46 bytes from 54.197.223.49: icmp_seq=684 ttl=37 time=72.9 ms
08-13 17:14:21.604 12372 12701 D cellinfo: 46 bytes from 54.197.223.49: icmp_seq=685 ttl=37 time=76.1 ms
08-13 17:14:21.804 12372 12701 D cellinfo: 46 bytes from 54.197.223.49: icmp_seq=686 ttl=37 time=74.9 ms
08-13 17:14:22.004 12372 12701 D cellinfo: 46 bytes from 54.197.223.49: icmp_seq=687 ttl=37 time=74.4 ms
08-13 17:14:22.210 12372 12701 D cellinfo: 46 bytes from 54.197.223.49: icmp_seq=688 ttl=37 time=79.0 ms
08-13 17:14:22.405 12372 12701 D cellinfo: 46 bytes from 54.197.223.49: icmp_seq=689 ttl=37 time=73.7 ms
08-13 17:14:22.605 12372 12701 D cellinfo: 46 bytes from 54.197.223.49: icmp_seq=690 ttl=37 time=73.0 ms
08-13 17:14:22.810 12372 12701 D cellinfo: 46 bytes from 54.197.223.49: icmp_seq=691 ttl=37 time=76.6 ms
08-13 17:14:23.010 12372 12701 D cellinfo: 46 bytes from 54.197.223.49: icmp_seq=692 ttl=37 time=75.8 ms
08-13 17:14:23.217 12372 12701 D cellinfo: 46 bytes from 54.197.223.49: icmp_seq=693 ttl=37 time=83.7 ms
08-13 17:14:23.410 12372 12701 D cellinfo: 46 bytes from 54.197.223.49: icmp_seq=694 ttl=37 time=76.3 ms
08-13 17:14:23.610 12372 12701 D cellinfo: 46 bytes from 54.197.223.49: icmp_seq=695 ttl=37 time=75.1 ms
08-13 17:14:23.809 12372 12701 D cellinfo: 46 bytes from 54.197.223.49: icmp_seq=696 ttl=37 time=73.7 ms
08-13 17:14:24.014 12372 12701 D cellinfo: 46 bytes from 54.197.223.49: icmp_seq=697 ttl=37 time=78.2 ms
08-13 17:14:24.209 12372 12701 D cellinfo: 46 bytes from 54.197.223.49: icmp_seq=698 ttl=37 time=73.3 ms
08-13 17:14:24.411 12372 12701 D cellinfo: 46 bytes from 54.197.223.49: icmp_seq=699 ttl=37 time=73.4 ms
08-13 17:14:24.446 12372 12372 D cellinfo: Latitude is 40.416967
08-13 17:14:24.446 12372 12372 D cellinfo: Longitude is -86.8145394
08-13 17:14:24.446 12372 12372 D cellinfo: Instantaneous GPS information: United States, Meijer Ct & Meijer Dr (SW Corner): BUS372, Lafayette, IN 47905, USA
08-13 17:14:24.446 12372 12372 D cellinfo: getCurrentLocation() result: Location (success): 40.416967, -86.8145394
08-13 17:14:24.609 12372 12701 D cellinfo: 46 bytes from 54.197.223.49: icmp_seq=700 ttl=37 time=71.8 ms
08-13 17:14:24.814 12372 12701 D cellinfo: 46 bytes from 54.197.223.49: icmp_seq=701 ttl=37 time=76.1 ms
08-13 17:14:25.016 12372 12701 D cellinfo: 46 bytes from 54.197.223.49: icmp_seq=702 ttl=37 time=76.9 ms
08-13 17:14:25.215 12372 12701 D cellinfo: 46 bytes from 54.197.223.49: icmp_seq=703 ttl=37 time=76.6 ms
08-13 17:14:25.415 12372 12701 D cellinfo: 46 bytes from 54.197.223.49: icmp_seq=704 ttl=37 time=75.8 ms
08-13 17:14:25.616 12372 12701 D cellinfo: 46 bytes from 54.197.223.49: icmp_seq=705 ttl=37 time=76.0 ms
08-13 17:14:25.814 12372 12701 D cellinfo: 46 bytes from 54.197.223.49: icmp_seq=706 ttl=37 time=73.4 ms
08-13 17:14:26.018 12372 12701 D cellinfo: 46 bytes from 54.197.223.49: icmp_seq=707 ttl=37 time=75.4 ms
08-13 17:14:26.215 12372 12701 D cellinfo: 46 bytes from 54.197.223.49: icmp_seq=708 ttl=37 time=73.6 ms
08-13 17:14:26.239 12372 12372 D cellinfo: Latitude is 40.416967
08-13 17:14:26.239 12372 12372 D cellinfo: Longitude is -86.8145394
08-13 17:14:26.239 12372 12372 D cellinfo: Instantaneous GPS information: United States, Meijer Ct & Meijer Dr (SW Corner): BUS372, Lafayette, IN 47905, USA
08-13 17:14:26.239 12372 12372 D cellinfo: getCurrentLocation() result: Location (success): 40.416967, -86.8145394
08-13 17:14:26.415 12372 12701 D cellinfo: 46 bytes from 54.197.223.49: icmp_seq=709 ttl=37 time=73.2 ms
08-13 17:14:26.444 12372 12372 D cellinfo: onCellInfoChanged: Operator:  UpdateTimestamp: 249142759 CellConnectionStatus: 1
08-13 17:14:26.444 12372 12372 D cellinfo: onCellInfoChanged: 5G-NR Cell Bands: [] ARFCN: 528000 Cell ID: 9223372036854775807 Physical Cell ID: 598 Tracking Area Code: 16777215
08-13 17:14:26.621 12372 12701 D cellinfo: 46 bytes from 54.197.223.49: icmp_seq=710 ttl=37 time=78.5 ms
08-13 17:14:26.820 12372 12701 D cellinfo: 46 bytes from 54.197.223.49: icmp_seq=711 ttl=37 time=76.0 ms
08-13 17:14:27.019 12372 12701 D cellinfo: 46 bytes from 54.197.223.49: icmp_seq=712 ttl=37 time=74.1 ms
08-13 17:14:27.219 12372 12701 D cellinfo: 46 bytes from 54.197.223.49: icmp_seq=713 ttl=37 time=73.9 ms
08-13 17:14:27.419 12372 12701 D cellinfo: 46 bytes from 54.197.223.49: icmp_seq=714 ttl=37 time=72.8 ms
08-13 17:14:27.623 12372 12701 D cellinfo: 46 bytes from 54.197.223.49: icmp_seq=715 ttl=37 time=75.8 ms
08-13 17:14:27.825 12372 12701 D cellinfo: 46 bytes from 54.197.223.49: icmp_seq=716 ttl=37 time=77.3 ms
08-13 17:14:28.024 12372 12701 D cellinfo: 46 bytes from 54.197.223.49: icmp_seq=717 ttl=37 time=75.0 ms
08-13 17:14:28.224 12372 12701 D cellinfo: 46 bytes from 54.197.223.49: icmp_seq=718 ttl=37 time=75.4 ms
08-13 17:14:28.424 12372 12701 D cellinfo: 46 bytes from 54.197.223.49: icmp_seq=719 ttl=37 time=75.4 ms
08-13 17:14:28.626 12372 12701 D cellinfo: 46 bytes from 54.197.223.49: icmp_seq=720 ttl=37 time=74.9 ms
08-13 17:14:28.825 12372 12701 D cellinfo: 46 bytes from 54.197.223.49: icmp_seq=721 ttl=37 time=73.5 ms
08-13 17:14:29.025 12372 12701 D cellinfo: 46 bytes from 54.197.223.49: icmp_seq=722 ttl=37 time=72.7 ms
08-13 17:14:29.219 12372 12372 D cellinfo: Latitude is 40.416967
08-13 17:14:29.219 12372 12372 D cellinfo: Longitude is -86.8145394
08-13 17:14:29.219 12372 12372 D cellinfo: Instantaneous GPS information: United States, Meijer Ct & Meijer Dr (SW Corner): BUS372, Lafayette, IN 47905, USA
08-13 17:14:29.219 12372 12372 D cellinfo: getCurrentLocation() result: Location (success): 40.416967, -86.8145394
08-13 17:14:29.224 12372 12701 D cellinfo: 46 bytes from 54.197.223.49: icmp_seq=723 ttl=37 time=72.4 ms
08-13 17:14:29.430 12372 12701 D cellinfo: 46 bytes from 54.197.223.49: icmp_seq=724 ttl=37 time=77.2 ms
08-13 17:14:29.629 12372 12701 D cellinfo: 46 bytes from 54.197.223.49: icmp_seq=725 ttl=37 time=75.4 ms
08-13 17:14:29.830 12372 12701 D cellinfo: 46 bytes from 54.197.223.49: icmp_seq=726 ttl=37 time=74.8 ms
08-13 17:14:30.030 12372 12701 D cellinfo: 46 bytes from 54.197.223.49: icmp_seq=727 ttl=37 time=74.2 ms
08-13 17:14:30.232 12372 12701 D cellinfo: 46 bytes from 54.197.223.49: icmp_seq=728 ttl=37 time=75.8 ms
08-13 17:14:30.434 12372 12701 D cellinfo: 46 bytes from 54.197.223.49: icmp_seq=729 ttl=37 time=77.6 ms
08-13 17:14:30.630 12372 12701 D cellinfo: 46 bytes from 54.197.223.49: icmp_seq=730 ttl=37 time=72.5 ms
08-13 17:14:30.830 12372 12701 D cellinfo: 46 bytes from 54.197.223.49: icmp_seq=731 ttl=37 time=72.4 ms
08-13 17:14:31.035 12372 12701 D cellinfo: 46 bytes from 54.197.223.49: icmp_seq=732 ttl=37 time=76.0 ms
08-13 17:14:31.234 12372 12701 D cellinfo: 46 bytes from 54.197.223.49: icmp_seq=733 ttl=37 time=75.7 ms
08-13 17:14:31.435 12372 12701 D cellinfo: 46 bytes from 54.197.223.49: icmp_seq=734 ttl=37 time=75.4 ms
08-13 17:14:31.635 12372 12701 D cellinfo: 46 bytes from 54.197.223.49: icmp_seq=735 ttl=37 time=74.5 ms
08-13 17:14:31.838 12372 12701 D cellinfo: 46 bytes from 54.197.223.49: icmp_seq=736 ttl=37 time=75.8 ms
08-13 17:14:32.077 12372 12701 D cellinfo: 46 bytes from 54.197.223.49: icmp_seq=737 ttl=37 time=114 ms
08-13 17:14:32.234 12372 12372 D cellinfo: Latitude is 40.416967
08-13 17:14:32.234 12372 12372 D cellinfo: Longitude is -86.8145394
08-13 17:14:32.234 12372 12372 D cellinfo: Instantaneous GPS information: United States, Meijer Ct & Meijer Dr (SW Corner): BUS372, Lafayette, IN 47905, USA
08-13 17:14:32.234 12372 12372 D cellinfo: getCurrentLocation() result: Location (success): 40.416967, -86.8145394
08-13 17:14:32.309 12372 12701 D cellinfo: 46 bytes from 54.197.223.49: icmp_seq=738 ttl=37 time=145 ms
08-13 17:14:32.478 12372 12701 D cellinfo: 46 bytes from 54.197.223.49: icmp_seq=739 ttl=37 time=114 ms
08-13 17:14:32.569 12372 12372 D cellinfo: onCellInfoChanged: Operator:  UpdateTimestamp: 249148883 CellConnectionStatus: 1
08-13 17:14:32.569 12372 12372 D cellinfo: onCellInfoChanged: 5G-NR Cell Bands: [] ARFCN: 528000 Cell ID: 9223372036854775807 Physical Cell ID: 598 Tracking Area Code: 16777215
08-13 17:14:32.730 12372 12701 D cellinfo: 46 bytes from 54.197.223.49: icmp_seq=740 ttl=37 time=165 ms
08-13 17:14:32.880 12372 12701 D cellinfo: 46 bytes from 54.197.223.49: icmp_seq=741 ttl=37 time=113 ms
08-13 17:14:33.102 12372 12701 D cellinfo: 46 bytes from 54.197.223.49: icmp_seq=742 ttl=37 time=134 ms
08-13 17:14:33.316 12372 12701 D cellinfo: 46 bytes from 54.197.223.49: icmp_seq=743 ttl=37 time=149 ms
08-13 17:14:33.486 12372 12701 D cellinfo: 46 bytes from 54.197.223.49: icmp_seq=744 ttl=37 time=119 ms
08-13 17:14:33.691 12372 12701 D cellinfo: 46 bytes from 54.197.223.49: icmp_seq=745 ttl=37 time=123 ms
08-13 17:14:33.905 12372 12701 D cellinfo: 46 bytes from 54.197.223.49: icmp_seq=746 ttl=37 time=136 ms
08-13 17:14:34.120 12372 12701 D cellinfo: 46 bytes from 54.197.223.49: icmp_seq=747 ttl=37 time=150 ms
08-13 17:14:34.302 12372 12701 D cellinfo: 46 bytes from 54.197.223.49: icmp_seq=748 ttl=37 time=132 ms
08-13 17:14:34.491 12372 12701 D cellinfo: 46 bytes from 54.197.223.49: icmp_seq=749 ttl=37 time=120 ms
08-13 17:14:34.718 12372 12701 D cellinfo: 46 bytes from 54.197.223.49: icmp_seq=750 ttl=37 time=146 ms
08-13 17:14:34.906 12372 12701 D cellinfo: 46 bytes from 54.197.223.49: icmp_seq=751 ttl=37 time=133 ms
08-13 17:14:35.102 12372 12701 D cellinfo: 46 bytes from 54.197.223.49: icmp_seq=752 ttl=37 time=129 ms
08-13 17:14:35.320 12372 12701 D cellinfo: 46 bytes from 54.197.223.49: icmp_seq=753 ttl=37 time=148 ms
08-13 17:14:35.478 12372 12701 D cellinfo: 46 bytes from 54.197.223.49: icmp_seq=754 ttl=37 time=104 ms
08-13 17:14:35.691 12372 12701 D cellinfo: 46 bytes from 54.197.223.49: icmp_seq=755 ttl=37 time=116 ms
08-13 17:14:35.895 12372 12701 D cellinfo: 46 bytes from 54.197.223.49: icmp_seq=756 ttl=37 time=120 ms
08-13 17:14:36.082 12372 12701 D cellinfo: 46 bytes from 54.197.223.49: icmp_seq=757 ttl=37 time=106 ms
08-13 17:14:36.279 12372 12701 D cellinfo: 46 bytes from 54.197.223.49: icmp_seq=758 ttl=37 time=103 ms
08-13 17:14:36.487 12372 12701 D cellinfo: 46 bytes from 54.197.223.49: icmp_seq=759 ttl=37 time=111 ms
08-13 17:14:36.548 12372 12372 D cellinfo: Latitude is 40.4166352
08-13 17:14:36.549 12372 12372 D cellinfo: Longitude is -86.8137692
08-13 17:14:36.549 12372 12372 D cellinfo: Instantaneous GPS information: United States, Meijer Ct & Meijer Dr (NE Corner): BUS299, Lafayette, IN 47905, USA
08-13 17:14:36.549 12372 12372 D cellinfo: getCurrentLocation() result: Location (success): 40.4166352, -86.8137692
08-13 17:14:36.681 12372 12701 D cellinfo: 46 bytes from 54.197.223.49: icmp_seq=760 ttl=37 time=104 ms
08-13 17:14:36.881 12372 12701 D cellinfo: 46 bytes from 54.197.223.49: icmp_seq=761 ttl=37 time=103 ms
08-13 17:14:37.086 12372 12701 D cellinfo: 46 bytes from 54.197.223.49: icmp_seq=762 ttl=37 time=107 ms
08-13 17:14:37.283 12372 12701 D cellinfo: 46 bytes from 54.197.223.49: icmp_seq=763 ttl=37 time=105 ms
08-13 17:14:37.494 12372 12701 D cellinfo: 46 bytes from 54.197.223.49: icmp_seq=764 ttl=37 time=115 ms
08-13 17:14:37.703 12372 12701 D cellinfo: 46 bytes from 54.197.223.49: icmp_seq=765 ttl=37 time=122 ms
08-13 17:14:37.894 12372 12701 D cellinfo: 46 bytes from 54.197.223.49: icmp_seq=766 ttl=37 time=113 ms
08-13 17:14:38.078 12372 12701 D cellinfo: 46 bytes from 54.197.223.49: icmp_seq=767 ttl=37 time=96.7 ms
08-13 17:14:38.236 12372 12372 D cellinfo: Latitude is 40.4166352
08-13 17:14:38.236 12372 12372 D cellinfo: Longitude is -86.8137692
08-13 17:14:38.236 12372 12372 D cellinfo: Instantaneous GPS information: United States, Meijer Ct & Meijer Dr (NE Corner): BUS299, Lafayette, IN 47905, USA
08-13 17:14:38.236 12372 12372 D cellinfo: getCurrentLocation() result: Location (success): 40.4166352, -86.8137692
08-13 17:14:38.292 12372 12701 D cellinfo: 46 bytes from 54.197.223.49: icmp_seq=768 ttl=37 time=111 ms
08-13 17:14:38.513 12372 12701 D cellinfo: 46 bytes from 54.197.223.49: icmp_seq=769 ttl=37 time=130 ms
08-13 17:14:38.564 12372 12372 D cellinfo: onCellInfoChanged: Operator:  UpdateTimestamp: 249154879 CellConnectionStatus: 1
08-13 17:14:38.564 12372 12372 D cellinfo: onCellInfoChanged: 5G-NR Cell Bands: [] ARFCN: 528000 Cell ID: 9223372036854775807 Physical Cell ID: 598 Tracking Area Code: 16777215
08-13 17:14:38.705 12372 12701 D cellinfo: 46 bytes from 54.197.223.49: icmp_seq=770 ttl=37 time=122 ms
08-13 17:14:38.902 12372 12701 D cellinfo: 46 bytes from 54.197.223.49: icmp_seq=771 ttl=37 time=119 ms
08-13 17:14:39.102 12372 12701 D cellinfo: 46 bytes from 54.197.223.49: icmp_seq=772 ttl=37 time=117 ms
08-13 17:14:39.322 12372 12701 D cellinfo: 46 bytes from 54.197.223.49: icmp_seq=773 ttl=37 time=137 ms
08-13 17:14:39.462 12372 12701 D cellinfo: 46 bytes from 54.197.223.49: icmp_seq=774 ttl=37 time=78.0 ms
08-13 17:14:39.659 12372 12701 D cellinfo: 46 bytes from 54.197.223.49: icmp_seq=775 ttl=37 time=74.0 ms
08-13 17:14:39.860 12372 12701 D cellinfo: 46 bytes from 54.197.223.49: icmp_seq=776 ttl=37 time=73.8 ms
08-13 17:14:40.059 12372 12701 D cellinfo: 46 bytes from 54.197.223.49: icmp_seq=777 ttl=37 time=72.5 ms
08-13 17:14:40.260 12372 12701 D cellinfo: 46 bytes from 54.197.223.49: icmp_seq=778 ttl=37 time=73.4 ms
08-13 17:14:40.460 12372 12701 D cellinfo: 46 bytes from 54.197.223.49: icmp_seq=779 ttl=37 time=72.9 ms
08-13 17:14:40.660 12372 12701 D cellinfo: 46 bytes from 54.197.223.49: icmp_seq=780 ttl=37 time=72.2 ms
08-13 17:14:40.865 12372 12701 D cellinfo: 46 bytes from 54.197.223.49: icmp_seq=781 ttl=37 time=75.5 ms
08-13 17:14:41.065 12372 12701 D cellinfo: 46 bytes from 54.197.223.49: icmp_seq=782 ttl=37 time=75.6 ms
08-13 17:14:41.228 12372 12372 D cellinfo: Latitude is 40.4166352
08-13 17:14:41.228 12372 12372 D cellinfo: Longitude is -86.8137692
08-13 17:14:41.228 12372 12372 D cellinfo: Instantaneous GPS information: United States, Meijer Ct & Meijer Dr (NE Corner): BUS299, Lafayette, IN 47905, USA
08-13 17:14:41.228 12372 12372 D cellinfo: getCurrentLocation() result: Location (success): 40.4166352, -86.8137692
08-13 17:14:41.264 12372 12701 D cellinfo: 46 bytes from 54.197.223.49: icmp_seq=783 ttl=37 time=75.1 ms
08-13 17:14:41.465 12372 12701 D cellinfo: 46 bytes from 54.197.223.49: icmp_seq=784 ttl=37 time=75.7 ms
08-13 17:14:41.664 12372 12701 D cellinfo: 46 bytes from 54.197.223.49: icmp_seq=785 ttl=37 time=74.1 ms
08-13 17:14:41.872 12372 12701 D cellinfo: 46 bytes from 54.197.223.49: icmp_seq=786 ttl=37 time=81.1 ms
08-13 17:14:42.070 12372 12701 D cellinfo: 46 bytes from 54.197.223.49: icmp_seq=787 ttl=37 time=78.2 ms
08-13 17:14:42.265 12372 12701 D cellinfo: 46 bytes from 54.197.223.49: icmp_seq=788 ttl=37 time=73.2 ms
08-13 17:14:42.464 12372 12701 D cellinfo: 46 bytes from 54.197.223.49: icmp_seq=789 ttl=37 time=71.4 ms
08-13 17:14:42.671 12372 12701 D cellinfo: 46 bytes from 54.197.223.49: icmp_seq=790 ttl=37 time=75.9 ms
08-13 17:14:42.875 12372 12701 D cellinfo: 46 bytes from 54.197.223.49: icmp_seq=791 ttl=37 time=79.4 ms
08-13 17:14:43.070 12372 12701 D cellinfo: 46 bytes from 54.197.223.49: icmp_seq=792 ttl=37 time=74.4 ms
08-13 17:14:43.275 12372 12701 D cellinfo: 46 bytes from 54.197.223.49: icmp_seq=793 ttl=37 time=79.6 ms
08-13 17:14:43.470 12372 12701 D cellinfo: 46 bytes from 54.197.223.49: icmp_seq=794 ttl=37 time=74.1 ms
08-13 17:14:43.675 12372 12701 D cellinfo: 46 bytes from 54.197.223.49: icmp_seq=795 ttl=37 time=78.1 ms
08-13 17:14:43.875 12372 12701 D cellinfo: 46 bytes from 54.197.223.49: icmp_seq=796 ttl=37 time=76.4 ms
08-13 17:14:44.074 12372 12701 D cellinfo: 46 bytes from 54.197.223.49: icmp_seq=797 ttl=37 time=75.0 ms
08-13 17:14:44.227 12372 12372 D cellinfo: Latitude is 40.4166352
08-13 17:14:44.227 12372 12372 D cellinfo: Longitude is -86.8137692
08-13 17:14:44.227 12372 12372 D cellinfo: Instantaneous GPS information: United States, Meijer Ct & Meijer Dr (NE Corner): BUS299, Lafayette, IN 47905, USA
08-13 17:14:44.227 12372 12372 D cellinfo: getCurrentLocation() result: Location (success): 40.4166352, -86.8137692
08-13 17:14:44.275 12372 12701 D cellinfo: 46 bytes from 54.197.223.49: icmp_seq=798 ttl=37 time=75.3 ms
08-13 17:14:44.469 12372 12372 D cellinfo: onCellInfoChanged: Operator:  UpdateTimestamp: 249160784 CellConnectionStatus: 1
08-13 17:14:44.469 12372 12372 D cellinfo: onCellInfoChanged: 5G-NR Cell Bands: [] ARFCN: 528000 Cell ID: 9223372036854775807 Physical Cell ID: 598 Tracking Area Code: 16777215
08-13 17:14:44.475 12372 12701 D cellinfo: 46 bytes from 54.197.223.49: icmp_seq=799 ttl=37 time=75.5 ms
08-13 17:14:44.674 12372 12701 D cellinfo: 46 bytes from 54.197.223.49: icmp_seq=800 ttl=37 time=73.3 ms
08-13 17:14:44.874 12372 12701 D cellinfo: 46 bytes from 54.197.223.49: icmp_seq=801 ttl=37 time=71.9 ms
08-13 17:14:45.080 12372 12701 D cellinfo: 46 bytes from 54.197.223.49: icmp_seq=802 ttl=37 time=76.6 ms
08-13 17:14:45.279 12372 12701 D cellinfo: 46 bytes from 54.197.223.49: icmp_seq=803 ttl=37 time=75.5 ms
08-13 17:14:45.480 12372 12701 D cellinfo: 46 bytes from 54.197.223.49: icmp_seq=804 ttl=37 time=75.5 ms
08-13 17:14:45.685 12372 12701 D cellinfo: 46 bytes from 54.197.223.49: icmp_seq=805 ttl=37 time=79.9 ms
08-13 17:14:45.880 12372 12701 D cellinfo: 46 bytes from 54.197.223.49: icmp_seq=806 ttl=37 time=73.8 ms
08-13 17:14:46.079 12372 12701 D cellinfo: 46 bytes from 54.197.223.49: icmp_seq=807 ttl=37 time=72.7 ms
08-13 17:14:46.324 12372 12701 D cellinfo: 46 bytes from 54.197.223.49: icmp_seq=808 ttl=37 time=116 ms
08-13 17:14:46.482 12372 12701 D cellinfo: 46 bytes from 54.197.223.49: icmp_seq=809 ttl=37 time=73.9 ms
08-13 17:14:46.685 12372 12701 D cellinfo: 46 bytes from 54.197.223.49: icmp_seq=810 ttl=37 time=76.1 ms
08-13 17:14:46.886 12372 12701 D cellinfo: 46 bytes from 54.197.223.49: icmp_seq=811 ttl=37 time=75.8 ms
08-13 17:14:47.086 12372 12701 D cellinfo: 46 bytes from 54.197.223.49: icmp_seq=812 ttl=37 time=75.2 ms
08-13 17:14:47.285 12372 12701 D cellinfo: 46 bytes from 54.197.223.49: icmp_seq=813 ttl=37 time=73.9 ms
08-13 17:14:47.489 12372 12701 D cellinfo: 46 bytes from 54.197.223.49: icmp_seq=814 ttl=37 time=77.1 ms
08-13 17:14:47.691 12372 12701 D cellinfo: 46 bytes from 54.197.223.49: icmp_seq=815 ttl=37 time=77.7 ms
08-13 17:14:47.820 12372 12372 D cellinfo: Latitude is 40.415664
08-13 17:14:47.820 12372 12372 D cellinfo: Longitude is -86.8131416
08-13 17:14:47.820 12372 12372 D cellinfo: Instantaneous GPS information: United States, Meijer Store East (West Doors), Lafayette, IN 47905, USA
08-13 17:14:47.820 12372 12372 D cellinfo: getCurrentLocation() result: Location (success): 40.415664, -86.8131416
08-13 17:14:47.825 12372 12372 D cellinfo: onCellInfoChanged: Operator:  UpdateTimestamp: 249163772 CellConnectionStatus: 1
08-13 17:14:47.826 12372 12372 D cellinfo: onCellInfoChanged: 5G-NR Cell Bands: [] ARFCN: 528000 Cell ID: 9223372036854775807 Physical Cell ID: 598 Tracking Area Code: 16777215
08-13 17:14:47.894 12372 12701 D cellinfo: 46 bytes from 54.197.223.49: icmp_seq=816 ttl=37 time=79.9 ms
08-13 17:14:48.091 12372 12701 D cellinfo: 46 bytes from 54.197.223.49: icmp_seq=817 ttl=37 time=75.5 ms
08-13 17:14:48.290 12372 12701 D cellinfo: 46 bytes from 54.197.223.49: icmp_seq=818 ttl=37 time=74.8 ms
08-13 17:14:48.495 12372 12701 D cellinfo: 46 bytes from 54.197.223.49: icmp_seq=819 ttl=37 time=78.4 ms
08-13 17:14:48.690 12372 12701 D cellinfo: 46 bytes from 54.197.223.49: icmp_seq=820 ttl=37 time=73.0 ms
08-13 17:14:48.892 12372 12701 D cellinfo: 46 bytes from 54.197.223.49: icmp_seq=821 ttl=37 time=73.5 ms
08-13 17:14:49.095 12372 12701 D cellinfo: 46 bytes from 54.197.223.49: icmp_seq=822 ttl=37 time=75.9 ms
08-13 17:14:49.295 12372 12701 D cellinfo: 46 bytes from 54.197.223.49: icmp_seq=823 ttl=37 time=75.0 ms
08-13 17:14:49.496 12372 12701 D cellinfo: 46 bytes from 54.197.223.49: icmp_seq=824 ttl=37 time=74.7 ms
08-13 17:14:49.698 12372 12701 D cellinfo: 46 bytes from 54.197.223.49: icmp_seq=825 ttl=37 time=75.9 ms
08-13 17:14:49.895 12372 12701 D cellinfo: 46 bytes from 54.197.223.49: icmp_seq=826 ttl=37 time=72.3 ms
08-13 17:14:50.095 12372 12701 D cellinfo: 46 bytes from 54.197.223.49: icmp_seq=827 ttl=37 time=71.8 ms
08-13 17:14:50.230 12372 12372 D cellinfo: Latitude is 40.415664
08-13 17:14:50.230 12372 12372 D cellinfo: Longitude is -86.8131416
08-13 17:14:50.230 12372 12372 D cellinfo: Instantaneous GPS information: United States, Meijer Store East (West Doors), Lafayette, IN 47905, USA
08-13 17:14:50.230 12372 12372 D cellinfo: getCurrentLocation() result: Location (success): 40.415664, -86.8131416
08-13 17:14:50.282 12372 12372 D cellinfo: onCellInfoChanged: Operator:  UpdateTimestamp: 249166598 CellConnectionStatus: 1
08-13 17:14:50.282 12372 12372 D cellinfo: onCellInfoChanged: 5G-NR Cell Bands: [] ARFCN: 528000 Cell ID: 9223372036854775807 Physical Cell ID: 598 Tracking Area Code: 16777215
08-13 17:14:50.299 12372 12701 D cellinfo: 46 bytes from 54.197.223.49: icmp_seq=828 ttl=37 time=75.9 ms
08-13 17:14:50.510 12372 12701 D cellinfo: 46 bytes from 54.197.223.49: icmp_seq=829 ttl=37 time=86.0 ms
08-13 17:14:50.701 12372 12701 D cellinfo: 46 bytes from 54.197.223.49: icmp_seq=830 ttl=37 time=75.4 ms
08-13 17:14:50.901 12372 12701 D cellinfo: 46 bytes from 54.197.223.49: icmp_seq=831 ttl=37 time=74.5 ms
08-13 17:14:51.103 12372 12701 D cellinfo: 46 bytes from 54.197.223.49: icmp_seq=832 ttl=37 time=77.1 ms
08-13 17:14:51.305 12372 12701 D cellinfo: 46 bytes from 54.197.223.49: icmp_seq=833 ttl=37 time=77.7 ms
08-13 17:14:51.500 12372 12701 D cellinfo: 46 bytes from 54.197.223.49: icmp_seq=834 ttl=37 time=71.9 ms
08-13 17:14:51.705 12372 12701 D cellinfo: 46 bytes from 54.197.223.49: icmp_seq=835 ttl=37 time=76.4 ms
08-13 17:14:51.904 12372 12701 D cellinfo: 46 bytes from 54.197.223.49: icmp_seq=836 ttl=37 time=74.6 ms
08-13 17:14:52.105 12372 12701 D cellinfo: 46 bytes from 54.197.223.49: icmp_seq=837 ttl=37 time=74.6 ms
08-13 17:14:52.305 12372 12701 D cellinfo: 46 bytes from 54.197.223.49: icmp_seq=838 ttl=37 time=74.0 ms
08-13 17:14:52.504 12372 12701 D cellinfo: 46 bytes from 54.197.223.49: icmp_seq=839 ttl=37 time=72.2 ms
08-13 17:14:52.710 12372 12701 D cellinfo: 46 bytes from 54.197.223.49: icmp_seq=840 ttl=37 time=76.5 ms
08-13 17:14:52.910 12372 12701 D cellinfo: 46 bytes from 54.197.223.49: icmp_seq=841 ttl=37 time=76.2 ms
08-13 17:14:53.109 12372 12701 D cellinfo: 46 bytes from 54.197.223.49: icmp_seq=842 ttl=37 time=74.3 ms
08-13 17:14:53.309 12372 12701 D cellinfo: 46 bytes from 54.197.223.49: icmp_seq=843 ttl=37 time=72.6 ms
08-13 17:14:53.515 12372 12701 D cellinfo: 46 bytes from 54.197.223.49: icmp_seq=844 ttl=37 time=77.0 ms
08-13 17:14:53.670 12372 12372 D cellinfo: Latitude is 40.4171954
08-13 17:14:53.670 12372 12372 D cellinfo: Longitude is -86.8163802
08-13 17:14:53.670 12372 12372 D cellinfo: Instantaneous GPS information: United States, SR 26 & Frontage Rd (South Side of SR26): BUS277S, Lafayette, IN 47905, USA
08-13 17:14:53.670 12372 12372 D cellinfo: getCurrentLocation() result: Location (success): 40.4171954, -86.8163802
08-13 17:14:53.674 12372 12372 D cellinfo: onCellInfoChanged: Operator:  UpdateTimestamp: 249169597 CellConnectionStatus: 1
08-13 17:14:53.674 12372 12372 D cellinfo: onCellInfoChanged: 5G-NR Cell Bands: [] ARFCN: 528000 Cell ID: 9223372036854775807 Physical Cell ID: 598 Tracking Area Code: 16777215
08-13 17:14:53.715 12372 12701 D cellinfo: 46 bytes from 54.197.223.49: icmp_seq=845 ttl=37 time=75.6 ms
08-13 17:14:53.915 12372 12701 D cellinfo: 46 bytes from 54.197.223.49: icmp_seq=846 ttl=37 time=74.8 ms
08-13 17:14:54.115 12372 12701 D cellinfo: 46 bytes from 54.197.223.49: icmp_seq=847 ttl=37 time=74.1 ms
08-13 17:14:54.315 12372 12701 D cellinfo: 46 bytes from 54.197.223.49: icmp_seq=848 ttl=37 time=73.2 ms
08-13 17:14:54.520 12372 12701 D cellinfo: 46 bytes from 54.197.223.49: icmp_seq=849 ttl=37 time=77.1 ms
08-13 17:14:54.720 12372 12701 D cellinfo: 46 bytes from 54.197.223.49: icmp_seq=850 ttl=37 time=75.8 ms
08-13 17:14:54.919 12372 12701 D cellinfo: 46 bytes from 54.197.223.49: icmp_seq=851 ttl=37 time=74.8 ms
08-13 17:14:55.120 12372 12701 D cellinfo: 46 bytes from 54.197.223.49: icmp_seq=852 ttl=37 time=74.7 ms
08-13 17:14:55.320 12372 12701 D cellinfo: 46 bytes from 54.197.223.49: icmp_seq=853 ttl=37 time=73.4 ms
08-13 17:14:55.520 12372 12701 D cellinfo: 46 bytes from 54.197.223.49: icmp_seq=854 ttl=37 time=72.1 ms
08-13 17:14:55.726 12372 12701 D cellinfo: 46 bytes from 54.197.223.49: icmp_seq=855 ttl=37 time=76.8 ms
08-13 17:14:55.925 12372 12701 D cellinfo: 46 bytes from 54.197.223.49: icmp_seq=856 ttl=37 time=74.7 ms
08-13 17:14:56.130 12372 12701 D cellinfo: 46 bytes from 54.197.223.49: icmp_seq=857 ttl=37 time=79.8 ms
08-13 17:14:56.229 12372 12372 D cellinfo: Latitude is 40.4171954
08-13 17:14:56.229 12372 12372 D cellinfo: Longitude is -86.8163802
08-13 17:14:56.229 12372 12372 D cellinfo: Instantaneous GPS information: United States, SR 26 & Frontage Rd (South Side of SR26): BUS277S, Lafayette, IN 47905, USA
08-13 17:14:56.229 12372 12372 D cellinfo: getCurrentLocation() result: Location (success): 40.4171954, -86.8163802
08-13 17:14:56.278 12372 12372 D cellinfo: onCellInfoChanged: Operator:  UpdateTimestamp: 249172594 CellConnectionStatus: 1
08-13 17:14:56.278 12372 12372 D cellinfo: onCellInfoChanged: 5G-NR Cell Bands: [] ARFCN: 528000 Cell ID: 9223372036854775807 Physical Cell ID: 598 Tracking Area Code: 16777215
08-13 17:14:56.325 12372 12701 D cellinfo: 46 bytes from 54.197.223.49: icmp_seq=858 ttl=37 time=73.6 ms
08-13 17:14:56.525 12372 12701 D cellinfo: 46 bytes from 54.197.223.49: icmp_seq=859 ttl=37 time=72.3 ms
08-13 17:14:56.739 12372 12701 D cellinfo: 46 bytes from 54.197.223.49: icmp_seq=860 ttl=37 time=85.1 ms
08-13 17:14:56.930 12372 12701 D cellinfo: 46 bytes from 54.197.223.49: icmp_seq=861 ttl=37 time=75.4 ms
08-13 17:14:57.135 12372 12701 D cellinfo: 46 bytes from 54.197.223.49: icmp_seq=862 ttl=37 time=80.2 ms
08-13 17:14:57.331 12372 12701 D cellinfo: 46 bytes from 54.197.223.49: icmp_seq=863 ttl=37 time=74.5 ms
08-13 17:14:57.535 12372 12701 D cellinfo: 46 bytes from 54.197.223.49: icmp_seq=864 ttl=37 time=78.5 ms
08-13 17:14:57.731 12372 12701 D cellinfo: 46 bytes from 54.197.223.49: icmp_seq=865 ttl=37 time=73.6 ms
08-13 17:14:57.931 12372 12701 D cellinfo: 46 bytes from 54.197.223.49: icmp_seq=866 ttl=37 time=72.9 ms
08-13 17:14:58.135 12372 12701 D cellinfo: 46 bytes from 54.197.223.49: icmp_seq=867 ttl=37 time=76.0 ms
08-13 17:14:58.339 12372 12701 D cellinfo: 46 bytes from 54.197.223.49: icmp_seq=868 ttl=37 time=79.2 ms
08-13 17:14:58.535 12372 12701 D cellinfo: 46 bytes from 54.197.223.49: icmp_seq=869 ttl=37 time=74.7 ms
08-13 17:14:58.735 12372 12701 D cellinfo: 46 bytes from 54.197.223.49: icmp_seq=870 ttl=37 time=73.8 ms
08-13 17:14:58.940 12372 12701 D cellinfo: 46 bytes from 54.197.223.49: icmp_seq=871 ttl=37 time=78.9 ms
08-13 17:14:59.135 12372 12701 D cellinfo: 46 bytes from 54.197.223.49: icmp_seq=872 ttl=37 time=72.5 ms
08-13 17:14:59.261 12372 12372 D cellinfo: onCellInfoChanged: Operator:  UpdateTimestamp: 249175577 CellConnectionStatus: 1
08-13 17:14:59.261 12372 12372 D cellinfo: onCellInfoChanged: 5G-NR Cell Bands: [] ARFCN: 528000 Cell ID: 9223372036854775807 Physical Cell ID: 598 Tracking Area Code: 16777215
08-13 17:14:59.334 12372 12701 D cellinfo: 46 bytes from 54.197.223.49: icmp_seq=873 ttl=37 time=70.8 ms
08-13 17:14:59.542 12372 12701 D cellinfo: 46 bytes from 54.197.223.49: icmp_seq=874 ttl=37 time=77.8 ms
08-13 17:14:59.745 12372 12701 D cellinfo: 46 bytes from 54.197.223.49: icmp_seq=875 ttl=37 time=80.1 ms
08-13 17:14:59.945 12372 12701 D cellinfo: 46 bytes from 54.197.223.49: icmp_seq=876 ttl=37 time=79.0 ms
08-13 17:15:00.140 12372 12701 D cellinfo: 46 bytes from 54.197.223.49: icmp_seq=877 ttl=37 time=73.6 ms
08-13 17:15:00.361 12372 12701 D cellinfo: 46 bytes from 54.197.223.49: icmp_seq=878 ttl=37 time=93.0 ms
08-13 17:15:00.463 12372 12372 D cellinfo: Latitude is 40.417079
08-13 17:15:00.464 12372 12372 D cellinfo: Longitude is -86.8133675
08-13 17:15:00.464 12372 12372 D cellinfo: Instantaneous GPS information: United States, 4803 IN-26, Lafayette, IN 47905, USA
08-13 17:15:00.464 12372 12372 D cellinfo: getCurrentLocation() result: Location (success): 40.417079, -86.8133675
08-13 17:15:00.550 12372 12701 D cellinfo: 46 bytes from 54.197.223.49: icmp_seq=879 ttl=37 time=81.9 ms
08-13 17:15:00.745 12372 12701 D cellinfo: 46 bytes from 54.197.223.49: icmp_seq=880 ttl=37 time=75.8 ms
08-13 17:15:00.946 12372 12701 D cellinfo: 46 bytes from 54.197.223.49: icmp_seq=881 ttl=37 time=75.7 ms
08-13 17:15:01.149 12372 12701 D cellinfo: 46 bytes from 54.197.223.49: icmp_seq=882 ttl=37 time=75.8 ms
08-13 17:15:01.345 12372 12701 D cellinfo: 46 bytes from 54.197.223.49: icmp_seq=883 ttl=37 time=73.5 ms
08-13 17:15:01.545 12372 12701 D cellinfo: 46 bytes from 54.197.223.49: icmp_seq=884 ttl=37 time=72.7 ms
08-13 17:15:01.750 12372 12701 D cellinfo: 46 bytes from 54.197.223.49: icmp_seq=885 ttl=37 time=77.0 ms
08-13 17:15:01.960 12372 12701 D cellinfo: 46 bytes from 54.197.223.49: icmp_seq=886 ttl=37 time=86.4 ms
08-13 17:15:02.150 12372 12701 D cellinfo: 46 bytes from 54.197.223.49: icmp_seq=887 ttl=37 time=76.4 ms
08-13 17:15:02.228 12372 12372 D cellinfo: Latitude is 40.417079
08-13 17:15:02.228 12372 12372 D cellinfo: Longitude is -86.8133675
08-13 17:15:02.228 12372 12372 D cellinfo: Instantaneous GPS information: United States, 4803 IN-26, Lafayette, IN 47905, USA
08-13 17:15:02.228 12372 12372 D cellinfo: getCurrentLocation() result: Location (success): 40.417079, -86.8133675
08-13 17:15:02.285 12372 12372 D cellinfo: onCellInfoChanged: Operator:  UpdateTimestamp: 249178602 CellConnectionStatus: 1
08-13 17:15:02.285 12372 12372 D cellinfo: onCellInfoChanged: 5G-NR Cell Bands: [] ARFCN: 528000 Cell ID: 9223372036854775807 Physical Cell ID: 598 Tracking Area Code: 16777215
08-13 17:15:02.349 12372 12701 D cellinfo: 46 bytes from 54.197.223.49: icmp_seq=888 ttl=37 time=74.7 ms
08-13 17:15:02.550 12372 12701 D cellinfo: 46 bytes from 54.197.223.49: icmp_seq=889 ttl=37 time=73.7 ms
08-13 17:15:02.750 12372 12701 D cellinfo: 46 bytes from 54.197.223.49: icmp_seq=890 ttl=37 time=72.4 ms
08-13 17:15:02.956 12372 12701 D cellinfo: 46 bytes from 54.197.223.49: icmp_seq=891 ttl=37 time=77.8 ms
08-13 17:15:03.156 12372 12701 D cellinfo: 46 bytes from 54.197.223.49: icmp_seq=892 ttl=37 time=76.9 ms
08-13 17:15:03.363 12372 12701 D cellinfo: 46 bytes from 54.197.223.49: icmp_seq=893 ttl=37 time=82.2 ms
08-13 17:15:03.601 12372 12701 D cellinfo: 46 bytes from 54.197.223.49: icmp_seq=894 ttl=37 time=119 ms
08-13 17:15:03.756 12372 12701 D cellinfo: 46 bytes from 54.197.223.49: icmp_seq=895 ttl=37 time=73.5 ms
08-13 17:15:03.960 12372 12701 D cellinfo: 46 bytes from 54.197.223.49: icmp_seq=896 ttl=37 time=76.2 ms
08-13 17:15:04.160 12372 12701 D cellinfo: 46 bytes from 54.197.223.49: icmp_seq=897 ttl=37 time=74.9 ms
08-13 17:15:04.360 12372 12701 D cellinfo: 46 bytes from 54.197.223.49: icmp_seq=898 ttl=37 time=74.4 ms
08-13 17:15:04.565 12372 12701 D cellinfo: 46 bytes from 54.197.223.49: icmp_seq=899 ttl=37 time=78.1 ms
08-13 17:15:04.765 12372 12701 D cellinfo: 46 bytes from 54.197.223.49: icmp_seq=900 ttl=37 time=77.1 ms
08-13 17:15:04.972 12372 12701 D cellinfo: 46 bytes from 54.197.223.49: icmp_seq=901 ttl=37 time=82.8 ms
08-13 17:15:05.165 12372 12701 D cellinfo: 46 bytes from 54.197.223.49: icmp_seq=902 ttl=37 time=75.2 ms
08-13 17:15:05.232 12372 12372 D cellinfo: Latitude is 40.417079
08-13 17:15:05.232 12372 12372 D cellinfo: Longitude is -86.8133675
08-13 17:15:05.232 12372 12372 D cellinfo: Instantaneous GPS information: United States, 4803 IN-26, Lafayette, IN 47905, USA
08-13 17:15:05.232 12372 12372 D cellinfo: getCurrentLocation() result: Location (success): 40.417079, -86.8133675
08-13 17:15:05.272 12372 12372 D cellinfo: onCellInfoChanged: Operator:  UpdateTimestamp: 249181588 CellConnectionStatus: 1
08-13 17:15:05.272 12372 12372 D cellinfo: onCellInfoChanged: 5G-NR Cell Bands: [] ARFCN: 528000 Cell ID: 9223372036854775807 Physical Cell ID: 598 Tracking Area Code: 16777215
08-13 17:15:05.364 12372 12701 D cellinfo: 46 bytes from 54.197.223.49: icmp_seq=903 ttl=37 time=73.6 ms
08-13 17:15:05.628 12372 12701 D cellinfo: 46 bytes from 54.197.223.49: icmp_seq=904 ttl=37 time=136 ms
08-13 17:15:05.776 12372 12701 D cellinfo: 46 bytes from 54.197.223.49: icmp_seq=905 ttl=37 time=83.9 ms
08-13 17:15:05.982 12372 12701 D cellinfo: 46 bytes from 54.197.223.49: icmp_seq=906 ttl=37 time=89.2 ms
08-13 17:15:06.171 12372 12701 D cellinfo: 46 bytes from 54.197.223.49: icmp_seq=907 ttl=37 time=77.2 ms
08-13 17:15:06.376 12372 12701 D cellinfo: 46 bytes from 54.197.223.49: icmp_seq=908 ttl=37 time=80.9 ms
08-13 17:15:06.573 12372 12701 D cellinfo: 46 bytes from 54.197.223.49: icmp_seq=909 ttl=37 time=77.1 ms
08-13 17:15:06.770 12372 12701 D cellinfo: 46 bytes from 54.197.223.49: icmp_seq=910 ttl=37 time=73.5 ms
08-13 17:15:06.973 12372 12701 D cellinfo: 46 bytes from 54.197.223.49: icmp_seq=911 ttl=37 time=74.7 ms
08-13 17:15:07.176 12372 12701 D cellinfo: 46 bytes from 54.197.223.49: icmp_seq=912 ttl=37 time=77.5 ms
08-13 17:15:07.376 12372 12701 D cellinfo: 46 bytes from 54.197.223.49: icmp_seq=913 ttl=37 time=77.2 ms
08-13 17:15:07.576 12372 12701 D cellinfo: 46 bytes from 54.197.223.49: icmp_seq=914 ttl=37 time=75.6 ms
08-13 17:15:07.781 12372 12701 D cellinfo: 46 bytes from 54.197.223.49: icmp_seq=915 ttl=37 time=80.2 ms
08-13 17:15:07.981 12372 12701 D cellinfo: 46 bytes from 54.197.223.49: icmp_seq=916 ttl=37 time=78.6 ms
08-13 17:15:08.183 12372 12701 D cellinfo: 46 bytes from 54.197.223.49: icmp_seq=917 ttl=37 time=80.7 ms
08-13 17:15:08.224 12372 12372 D cellinfo: Latitude is 40.417079
08-13 17:15:08.224 12372 12372 D cellinfo: Longitude is -86.8133675
08-13 17:15:08.225 12372 12372 D cellinfo: Instantaneous GPS information: United States, 4803 IN-26, Lafayette, IN 47905, USA
08-13 17:15:08.225 12372 12372 D cellinfo: getCurrentLocation() result: Location (success): 40.417079, -86.8133675
08-13 17:15:08.269 12372 12372 D cellinfo: onCellInfoChanged: Operator:  UpdateTimestamp: 249184585 CellConnectionStatus: 1
08-13 17:15:08.269 12372 12372 D cellinfo: onCellInfoChanged: 5G-NR Cell Bands: [] ARFCN: 528000 Cell ID: 9223372036854775807 Physical Cell ID: 598 Tracking Area Code: 16777215
08-13 17:15:08.380 12372 12701 D cellinfo: 46 bytes from 54.197.223.49: icmp_seq=918 ttl=37 time=77.3 ms
08-13 17:15:08.586 12372 12701 D cellinfo: 46 bytes from 54.197.223.49: icmp_seq=919 ttl=37 time=81.5 ms
08-13 17:15:08.785 12372 12701 D cellinfo: 46 bytes from 54.197.223.49: icmp_seq=920 ttl=37 time=80.6 ms
08-13 17:15:08.980 12372 12701 D cellinfo: 46 bytes from 54.197.223.49: icmp_seq=921 ttl=37 time=75.6 ms
08-13 17:15:09.184 12372 12701 D cellinfo: 46 bytes from 54.197.223.49: icmp_seq=922 ttl=37 time=79.4 ms
08-13 17:15:09.380 12372 12701 D cellinfo: 46 bytes from 54.197.223.49: icmp_seq=923 ttl=37 time=73.8 ms
08-13 17:15:09.580 12372 12701 D cellinfo: 46 bytes from 54.197.223.49: icmp_seq=924 ttl=37 time=72.7 ms
08-13 17:15:09.780 12372 12701 D cellinfo: 46 bytes from 54.197.223.49: icmp_seq=925 ttl=37 time=72.1 ms
08-13 17:15:09.998 12372 12701 D cellinfo: 46 bytes from 54.197.223.49: icmp_seq=926 ttl=37 time=89.4 ms
08-13 17:15:10.185 12372 12701 D cellinfo: 46 bytes from 54.197.223.49: icmp_seq=927 ttl=37 time=74.7 ms
08-13 17:15:10.390 12372 12701 D cellinfo: 46 bytes from 54.197.223.49: icmp_seq=928 ttl=37 time=79.2 ms
08-13 17:15:10.586 12372 12701 D cellinfo: 46 bytes from 54.197.223.49: icmp_seq=929 ttl=37 time=74.0 ms
08-13 17:15:10.785 12372 12701 D cellinfo: 46 bytes from 54.197.223.49: icmp_seq=930 ttl=37 time=72.6 ms
08-13 17:15:10.985 12372 12701 D cellinfo: 46 bytes from 54.197.223.49: icmp_seq=931 ttl=37 time=71.6 ms
08-13 17:15:11.190 12372 12701 D cellinfo: 46 bytes from 54.197.223.49: icmp_seq=932 ttl=37 time=76.7 ms
08-13 17:15:11.406 12372 12701 D cellinfo: 46 bytes from 54.197.223.49: icmp_seq=933 ttl=37 time=91.3 ms
08-13 17:15:11.591 12372 12701 D cellinfo: 46 bytes from 54.197.223.49: icmp_seq=934 ttl=37 time=75.7 ms
08-13 17:15:11.716 12372 12372 D cellinfo: Latitude is 40.4170625
08-13 17:15:11.716 12372 12372 D cellinfo: Longitude is -86.8132294
08-13 17:15:11.716 12372 12372 D cellinfo: Instantaneous GPS information: United States, 4803 IN-26, Lafayette, IN 47905, USA
08-13 17:15:11.716 12372 12372 D cellinfo: getCurrentLocation() result: Location (success): 40.4170625, -86.8132294
08-13 17:15:11.800 12372 12701 D cellinfo: 46 bytes from 54.197.223.49: icmp_seq=935 ttl=37 time=83.6 ms
08-13 17:15:11.990 12372 12701 D cellinfo: 46 bytes from 54.197.223.49: icmp_seq=936 ttl=37 time=72.4 ms
08-13 17:15:12.205 12372 12701 D cellinfo: 46 bytes from 54.197.223.49: icmp_seq=937 ttl=37 time=86.2 ms
08-13 17:15:12.395 12372 12701 D cellinfo: 46 bytes from 54.197.223.49: icmp_seq=938 ttl=37 time=75.4 ms
08-13 17:15:12.595 12372 12701 D cellinfo: 46 bytes from 54.197.223.49: icmp_seq=939 ttl=37 time=74.7 ms
08-13 17:15:12.796 12372 12701 D cellinfo: 46 bytes from 54.197.223.49: icmp_seq=940 ttl=37 time=73.8 ms
08-13 17:15:12.995 12372 12701 D cellinfo: 46 bytes from 54.197.223.49: icmp_seq=941 ttl=37 time=72.6 ms
08-13 17:15:13.196 12372 12701 D cellinfo: 46 bytes from 54.197.223.49: icmp_seq=942 ttl=37 time=72.9 ms
08-13 17:15:13.396 12372 12701 D cellinfo: 46 bytes from 54.197.223.49: icmp_seq=943 ttl=37 time=72.8 ms
08-13 17:15:13.609 12372 12701 D cellinfo: 46 bytes from 54.197.223.49: icmp_seq=944 ttl=37 time=84.6 ms
08-13 17:15:13.812 12372 12701 D cellinfo: 46 bytes from 54.197.223.49: icmp_seq=945 ttl=37 time=86.7 ms
08-13 17:15:14.001 12372 12701 D cellinfo: 46 bytes from 54.197.223.49: icmp_seq=946 ttl=37 time=75.6 ms
08-13 17:15:14.200 12372 12701 D cellinfo: 46 bytes from 54.197.223.49: icmp_seq=947 ttl=37 time=74.6 ms
08-13 17:15:14.228 12372 12372 D cellinfo: Latitude is 40.4170625
08-13 17:15:14.228 12372 12372 D cellinfo: Longitude is -86.8132294
08-13 17:15:14.228 12372 12372 D cellinfo: Instantaneous GPS information: United States, 4803 IN-26, Lafayette, IN 47905, USA
08-13 17:15:14.228 12372 12372 D cellinfo: getCurrentLocation() result: Location (success): 40.4170625, -86.8132294
08-13 17:15:14.410 12372 12701 D cellinfo: 46 bytes from 54.197.223.49: icmp_seq=948 ttl=37 time=84.6 ms
08-13 17:15:14.455 12372 12372 D cellinfo: onCellInfoChanged: Operator:  UpdateTimestamp: 249190771 CellConnectionStatus: 1
08-13 17:15:14.455 12372 12372 D cellinfo: onCellInfoChanged: 5G-NR Cell Bands: [] ARFCN: 528000 Cell ID: 9223372036854775807 Physical Cell ID: 598 Tracking Area Code: 16777215
08-13 17:15:14.601 12372 12701 D cellinfo: 46 bytes from 54.197.223.49: icmp_seq=949 ttl=37 time=75.2 ms
08-13 17:15:14.801 12372 12701 D cellinfo: 46 bytes from 54.197.223.49: icmp_seq=950 ttl=37 time=73.9 ms
08-13 17:15:15.017 12372 12701 D cellinfo: 46 bytes from 54.197.223.49: icmp_seq=951 ttl=37 time=89.1 ms
08-13 17:15:15.211 12372 12701 D cellinfo: 46 bytes from 54.197.223.49: icmp_seq=952 ttl=37 time=83.4 ms
08-13 17:15:15.400 12372 12701 D cellinfo: 46 bytes from 54.197.223.49: icmp_seq=953 ttl=37 time=71.2 ms
08-13 17:15:15.619 12372 12701 D cellinfo: 46 bytes from 54.197.223.49: icmp_seq=954 ttl=37 time=88.3 ms
08-13 17:15:15.807 12372 12701 D cellinfo: 46 bytes from 54.197.223.49: icmp_seq=955 ttl=37 time=74.7 ms
08-13 17:15:16.021 12372 12701 D cellinfo: 46 bytes from 54.197.223.49: icmp_seq=956 ttl=37 time=88.5 ms
08-13 17:15:16.206 12372 12701 D cellinfo: 46 bytes from 54.197.223.49: icmp_seq=957 ttl=37 time=73.7 ms
08-13 17:15:16.406 12372 12701 D cellinfo: 46 bytes from 54.197.223.49: icmp_seq=958 ttl=37 time=72.7 ms
08-13 17:15:16.621 12372 12701 D cellinfo: 46 bytes from 54.197.223.49: icmp_seq=959 ttl=37 time=87.6 ms
08-13 17:15:16.822 12372 12701 D cellinfo: 46 bytes from 54.197.223.49: icmp_seq=960 ttl=37 time=86.8 ms
08-13 17:15:17.010 12372 12701 D cellinfo: 46 bytes from 54.197.223.49: icmp_seq=961 ttl=37 time=74.9 ms
08-13 17:15:17.211 12372 12701 D cellinfo: 46 bytes from 54.197.223.49: icmp_seq=962 ttl=37 time=75.9 ms
08-13 17:15:17.241 12372 12372 D cellinfo: Latitude is 40.4170625
08-13 17:15:17.241 12372 12372 D cellinfo: Longitude is -86.8132294
08-13 17:15:17.241 12372 12372 D cellinfo: Instantaneous GPS information: United States, 4803 IN-26, Lafayette, IN 47905, USA
08-13 17:15:17.241 12372 12372 D cellinfo: getCurrentLocation() result: Location (success): 40.4170625, -86.8132294
08-13 17:15:17.410 12372 12701 D cellinfo: 46 bytes from 54.197.223.49: icmp_seq=963 ttl=37 time=74.7 ms
08-13 17:15:17.629 12372 12701 D cellinfo: 46 bytes from 54.197.223.49: icmp_seq=964 ttl=37 time=92.2 ms
08-13 17:15:17.811 12372 12701 D cellinfo: 46 bytes from 54.197.223.49: icmp_seq=965 ttl=37 time=73.2 ms
08-13 17:15:18.026 12372 12701 D cellinfo: 46 bytes from 54.197.223.49: icmp_seq=966 ttl=37 time=87.3 ms
08-13 17:15:18.226 12372 12701 D cellinfo: 46 bytes from 54.197.223.49: icmp_seq=967 ttl=37 time=87.9 ms
08-13 17:15:18.421 12372 12701 D cellinfo: 46 bytes from 54.197.223.49: icmp_seq=968 ttl=37 time=81.5 ms
08-13 17:15:18.615 12372 12701 D cellinfo: 46 bytes from 54.197.223.49: icmp_seq=969 ttl=37 time=75.2 ms
08-13 17:15:18.815 12372 12701 D cellinfo: 46 bytes from 54.197.223.49: icmp_seq=970 ttl=37 time=74.5 ms
08-13 17:15:19.016 12372 12701 D cellinfo: 46 bytes from 54.197.223.49: icmp_seq=971 ttl=37 time=73.7 ms
08-13 17:15:19.213 12372 12701 D cellinfo: 46 bytes from 54.197.223.49: icmp_seq=972 ttl=37 time=71.8 ms
08-13 17:15:19.418 12372 12701 D cellinfo: 46 bytes from 54.197.223.49: icmp_seq=973 ttl=37 time=76.2 ms
08-13 17:15:19.616 12372 12701 D cellinfo: 46 bytes from 54.197.223.49: icmp_seq=974 ttl=37 time=73.2 ms
08-13 17:15:19.820 12372 12701 D cellinfo: 46 bytes from 54.197.223.49: icmp_seq=975 ttl=37 time=76.0 ms
08-13 17:15:20.040 12372 12701 D cellinfo: 46 bytes from 54.197.223.49: icmp_seq=976 ttl=37 time=95.7 ms
08-13 17:15:20.220 12372 12701 D cellinfo: 46 bytes from 54.197.223.49: icmp_seq=977 ttl=37 time=75.7 ms
08-13 17:15:20.421 12372 12701 D cellinfo: 46 bytes from 54.197.223.49: icmp_seq=978 ttl=37 time=76.8 ms
08-13 17:15:20.449 12372 12372 D cellinfo: onCellInfoChanged: Operator:  UpdateTimestamp: 249196766 CellConnectionStatus: 1
08-13 17:15:20.449 12372 12372 D cellinfo: onCellInfoChanged: 5G-NR Cell Bands: [] ARFCN: 528000 Cell ID: 9223372036854775807 Physical Cell ID: 598 Tracking Area Code: 16777215
08-13 17:15:20.621 12372 12701 D cellinfo: 46 bytes from 54.197.223.49: icmp_seq=979 ttl=37 time=75.0 ms
08-13 17:15:20.846 12372 12701 D cellinfo: 46 bytes from 54.197.223.49: icmp_seq=980 ttl=37 time=100 ms
08-13 17:15:21.020 12372 12701 D cellinfo: 46 bytes from 54.197.223.49: icmp_seq=981 ttl=37 time=73.7 ms
08-13 17:15:21.220 12372 12701 D cellinfo: 46 bytes from 54.197.223.49: icmp_seq=982 ttl=37 time=73.8 ms
08-13 17:15:21.421 12372 12701 D cellinfo: 46 bytes from 54.197.223.49: icmp_seq=983 ttl=37 time=73.4 ms
08-13 17:15:21.429 12372 12372 D cellinfo: Latitude is 40.4171139
08-13 17:15:21.429 12372 12372 D cellinfo: Longitude is -86.8129008
08-13 17:15:21.429 12372 12372 D cellinfo: Instantaneous GPS information: United States, 4803 IN-26, Lafayette, IN 47905, USA
08-13 17:15:21.429 12372 12372 D cellinfo: getCurrentLocation() result: Location (success): 40.4171139, -86.8129008
08-13 17:15:21.621 12372 12701 D cellinfo: 46 bytes from 54.197.223.49: icmp_seq=984 ttl=37 time=73.0 ms
08-13 17:15:21.825 12372 12701 D cellinfo: 46 bytes from 54.197.223.49: icmp_seq=985 ttl=37 time=76.2 ms
08-13 17:15:22.025 12372 12701 D cellinfo: 46 bytes from 54.197.223.49: icmp_seq=986 ttl=37 time=75.4 ms
08-13 17:15:22.226 12372 12701 D cellinfo: 46 bytes from 54.197.223.49: icmp_seq=987 ttl=37 time=75.5 ms
08-13 17:15:22.426 12372 12701 D cellinfo: 46 bytes from 54.197.223.49: icmp_seq=988 ttl=37 time=74.8 ms
08-13 17:15:22.625 12372 12701 D cellinfo: 46 bytes from 54.197.223.49: icmp_seq=989 ttl=37 time=72.9 ms
08-13 17:15:22.826 12372 12701 D cellinfo: 46 bytes from 54.197.223.49: icmp_seq=990 ttl=37 time=73.4 ms
08-13 17:15:23.025 12372 12701 D cellinfo: 46 bytes from 54.197.223.49: icmp_seq=991 ttl=37 time=72.2 ms
08-13 17:15:23.227 12372 12701 D cellinfo: 46 bytes from 54.197.223.49: icmp_seq=992 ttl=37 time=74.1 ms
08-13 17:15:23.246 12372 12372 D cellinfo: Latitude is 40.4171139
08-13 17:15:23.246 12372 12372 D cellinfo: Longitude is -86.8129008
08-13 17:15:23.246 12372 12372 D cellinfo: Instantaneous GPS information: United States, 4803 IN-26, Lafayette, IN 47905, USA
08-13 17:15:23.246 12372 12372 D cellinfo: getCurrentLocation() result: Location (success): 40.4171139, -86.8129008
08-13 17:15:23.287 12372 12372 D cellinfo: onCellInfoChanged: Operator:  UpdateTimestamp: 249199602 CellConnectionStatus: 1
08-13 17:15:23.287 12372 12372 D cellinfo: onCellInfoChanged: 5G-NR Cell Bands: [] ARFCN: 528000 Cell ID: 9223372036854775807 Physical Cell ID: 598 Tracking Area Code: 16777215
08-13 17:15:23.430 12372 12701 D cellinfo: 46 bytes from 54.197.223.49: icmp_seq=993 ttl=37 time=75.8 ms
08-13 17:15:23.631 12372 12701 D cellinfo: 46 bytes from 54.197.223.49: icmp_seq=994 ttl=37 time=75.9 ms
08-13 17:15:23.831 12372 12701 D cellinfo: 46 bytes from 54.197.223.49: icmp_seq=995 ttl=37 time=75.0 ms
08-13 17:15:24.031 12372 12701 D cellinfo: 46 bytes from 54.197.223.49: icmp_seq=996 ttl=37 time=73.6 ms
08-13 17:15:24.231 12372 12701 D cellinfo: 46 bytes from 54.197.223.49: icmp_seq=997 ttl=37 time=74.4 ms
08-13 17:15:24.431 12372 12701 D cellinfo: 46 bytes from 54.197.223.49: icmp_seq=998 ttl=37 time=73.7 ms
08-13 17:15:24.636 12372 12701 D cellinfo: 46 bytes from 54.197.223.49: icmp_seq=999 ttl=37 time=77.6 ms
08-13 17:15:24.836 12372 12701 D cellinfo: 46 bytes from 54.197.223.49: icmp_seq=1000 ttl=37 time=76.7 ms
08-13 17:15:25.035 12372 12701 D cellinfo: 46 bytes from 54.197.223.49: icmp_seq=1001 ttl=37 time=75.6 ms
08-13 17:15:25.242 12372 12701 D cellinfo: 46 bytes from 54.197.223.49: icmp_seq=1002 ttl=37 time=83.5 ms
08-13 17:15:25.443 12372 12701 D cellinfo: 46 bytes from 54.197.223.49: icmp_seq=1003 ttl=37 time=82.7 ms
08-13 17:15:25.643 12372 12701 D cellinfo: 46 bytes from 54.197.223.49: icmp_seq=1004 ttl=37 time=82.0 ms
08-13 17:15:25.835 12372 12701 D cellinfo: 46 bytes from 54.197.223.49: icmp_seq=1005 ttl=37 time=73.7 ms
08-13 17:15:26.035 12372 12701 D cellinfo: 46 bytes from 54.197.223.49: icmp_seq=1006 ttl=37 time=73.0 ms
08-13 17:15:26.226 12372 12372 D cellinfo: Latitude is 40.4171101
08-13 17:15:26.226 12372 12372 D cellinfo: Longitude is -86.8129018
08-13 17:15:26.226 12372 12372 D cellinfo: Instantaneous GPS information: United States, 4803 IN-26, Lafayette, IN 47905, USA
08-13 17:15:26.226 12372 12372 D cellinfo: getCurrentLocation() result: Location (success): 40.4171101, -86.8129018
08-13 17:15:26.236 12372 12701 D cellinfo: 46 bytes from 54.197.223.49: icmp_seq=1007 ttl=37 time=73.1 ms
08-13 17:15:26.436 12372 12701 D cellinfo: 46 bytes from 54.197.223.49: icmp_seq=1008 ttl=37 time=72.9 ms
08-13 17:15:26.641 12372 12701 D cellinfo: 46 bytes from 54.197.223.49: icmp_seq=1009 ttl=37 time=76.8 ms
08-13 17:15:26.842 12372 12701 D cellinfo: 46 bytes from 54.197.223.49: icmp_seq=1010 ttl=37 time=77.4 ms
08-13 17:15:27.041 12372 12701 D cellinfo: 46 bytes from 54.197.223.49: icmp_seq=1011 ttl=37 time=75.5 ms
08-13 17:15:27.242 12372 12701 D cellinfo: 46 bytes from 54.197.223.49: icmp_seq=1012 ttl=37 time=77.3 ms
08-13 17:15:27.441 12372 12701 D cellinfo: 46 bytes from 54.197.223.49: icmp_seq=1013 ttl=37 time=75.5 ms
08-13 17:15:27.642 12372 12701 D cellinfo: 46 bytes from 54.197.223.49: icmp_seq=1014 ttl=37 time=74.7 ms
08-13 17:15:27.842 12372 12701 D cellinfo: 46 bytes from 54.197.223.49: icmp_seq=1015 ttl=37 time=73.7 ms
08-13 17:15:28.046 12372 12701 D cellinfo: 46 bytes from 54.197.223.49: icmp_seq=1016 ttl=37 time=77.5 ms
08-13 17:15:28.246 12372 12701 D cellinfo: 46 bytes from 54.197.223.49: icmp_seq=1017 ttl=37 time=76.8 ms
08-13 17:15:28.451 12372 12701 D cellinfo: 46 bytes from 54.197.223.49: icmp_seq=1018 ttl=37 time=81.3 ms
08-13 17:15:28.646 12372 12701 D cellinfo: 46 bytes from 54.197.223.49: icmp_seq=1019 ttl=37 time=75.6 ms
08-13 17:15:28.845 12372 12701 D cellinfo: 46 bytes from 54.197.223.49: icmp_seq=1020 ttl=37 time=74.4 ms
08-13 17:15:29.046 12372 12701 D cellinfo: 46 bytes from 54.197.223.49: icmp_seq=1021 ttl=37 time=73.7 ms
08-13 17:15:29.224 12372 12372 D cellinfo: Latitude is 40.4170962
