08-13 17:28:12.026 13846 13899 D cellinfo: 46 bytes from 54.197.223.49: icmp_seq=398 ttl=37 time=82.2 ms
08-13 17:28:12.203 13846 13846 D cellinfo: Latitude is 40.4172527
08-13 17:28:12.203 13846 13846 D cellinfo: Longitude is -86.8139245
08-13 17:28:12.203 13846 13846 D cellinfo: Instantaneous GPS information: United States, 15 Meijer Dr, Lafayette, IN 47905, USA
08-13 17:28:12.203 13846 13846 D cellinfo: getCurrentLocation() result: Location (success): 40.4172527, -86.8139245
08-13 17:28:12.221 13846 13899 D cellinfo: 46 bytes from 54.197.223.49: icmp_seq=399 ttl=37 time=78.2 ms
08-13 17:28:12.419 13846 13899 D cellinfo: 46 bytes from 54.197.223.49: icmp_seq=400 ttl=37 time=74.4 ms
08-13 17:28:12.462 13846 13846 D cellinfo: onCellInfoChanged: Operator:  UpdateTimestamp: 249968777 CellConnectionStatus: 1
08-13 17:28:12.462 13846 13846 D cellinfo: onCellInfoChanged: 5G-NR Cell Bands: [] ARFCN: 528000 Cell ID: 9223372036854775807 Physical Cell ID: 598 Tracking Area Code: 16777215
08-13 17:28:12.619 13846 13899 D cellinfo: 46 bytes from 54.197.223.49: icmp_seq=401 ttl=37 time=74.0 ms
08-13 17:28:12.819 13846 13899 D cellinfo: 46 bytes from 54.197.223.49: icmp_seq=402 ttl=37 time=73.1 ms
08-13 17:28:13.024 13846 13899 D cellinfo: 46 bytes from 54.197.223.49: icmp_seq=403 ttl=37 time=76.9 ms
08-13 17:28:13.223 13846 13899 D cellinfo: 46 bytes from 54.197.223.49: icmp_seq=404 ttl=37 time=76.1 ms
08-13 17:28:13.423 13846 13899 D cellinfo: 46 bytes from 54.197.223.49: icmp_seq=405 ttl=37 time=75.3 ms
08-13 17:28:13.624 13846 13899 D cellinfo: 46 bytes from 54.197.223.49: icmp_seq=406 ttl=37 time=75.1 ms
08-13 17:28:13.824 13846 13899 D cellinfo: 46 bytes from 54.197.223.49: icmp_seq=407 ttl=37 time=73.2 ms
08-13 17:28:14.038 13846 13899 D cellinfo: 46 bytes from 54.197.223.49: icmp_seq=408 ttl=37 time=86.4 ms
08-13 17:28:14.224 13846 13899 D cellinfo: 46 bytes from 54.197.223.49: icmp_seq=409 ttl=37 time=72.6 ms
08-13 17:28:14.429 13846 13899 D cellinfo: 46 bytes from 54.197.223.49: icmp_seq=410 ttl=37 time=77.1 ms
08-13 17:28:14.628 13846 13899 D cellinfo: 46 bytes from 54.197.223.49: icmp_seq=411 ttl=37 time=75.2 ms
08-13 17:28:14.827 13846 13899 D cellinfo: 46 bytes from 54.197.223.49: icmp_seq=412 ttl=37 time=73.8 ms
08-13 17:28:15.028 13846 13899 D cellinfo: 46 bytes from 54.197.223.49: icmp_seq=413 ttl=37 time=74.1 ms
08-13 17:28:15.201 13846 13846 D cellinfo: Latitude is 40.4172527
08-13 17:28:15.201 13846 13846 D cellinfo: Longitude is -86.8139245
08-13 17:28:15.201 13846 13846 D cellinfo: Instantaneous GPS information: United States, 15 Meijer Dr, Lafayette, IN 47905, USA
08-13 17:28:15.201 13846 13846 D cellinfo: getCurrentLocation() result: Location (success): 40.4172527, -86.8139245
08-13 17:28:15.229 13846 13899 D cellinfo: 46 bytes from 54.197.223.49: icmp_seq=414 ttl=37 time=75.7 ms
08-13 17:28:15.428 13846 13899 D cellinfo: 46 bytes from 54.197.223.49: icmp_seq=415 ttl=37 time=73.3 ms
08-13 17:28:15.628 13846 13899 D cellinfo: 46 bytes from 54.197.223.49: icmp_seq=416 ttl=37 time=72.6 ms
08-13 17:28:15.831 13846 13899 D cellinfo: 46 bytes from 54.197.223.49: icmp_seq=417 ttl=37 time=74.5 ms
08-13 17:28:16.035 13846 13899 D cellinfo: 46 bytes from 54.197.223.49: icmp_seq=418 ttl=37 time=78.1 ms
08-13 17:28:16.234 13846 13899 D cellinfo: 46 bytes from 54.197.223.49: icmp_seq=419 ttl=37 time=76.0 ms
08-13 17:28:16.441 13846 13899 D cellinfo: 46 bytes from 54.197.223.49: icmp_seq=420 ttl=37 time=80.4 ms
08-13 17:28:16.633 13846 13899 D cellinfo: 46 bytes from 54.197.223.49: icmp_seq=421 ttl=37 time=74.3 ms
08-13 17:28:16.834 13846 13899 D cellinfo: 46 bytes from 54.197.223.49: icmp_seq=422 ttl=37 time=73.3 ms
08-13 17:28:17.033 13846 13899 D cellinfo: 46 bytes from 54.197.223.49: icmp_seq=423 ttl=37 time=72.1 ms
08-13 17:28:17.246 13846 13899 D cellinfo: 46 bytes from 54.197.223.49: icmp_seq=424 ttl=37 time=84.7 ms
08-13 17:28:17.438 13846 13899 D cellinfo: 46 bytes from 54.197.223.49: icmp_seq=425 ttl=37 time=76.2 ms
08-13 17:28:17.639 13846 13899 D cellinfo: 46 bytes from 54.197.223.49: icmp_seq=426 ttl=37 time=75.6 ms
08-13 17:28:17.838 13846 13899 D cellinfo: 46 bytes from 54.197.223.49: icmp_seq=427 ttl=37 time=75.1 ms
08-13 17:28:18.041 13846 13899 D cellinfo: 46 bytes from 54.197.223.49: icmp_seq=428 ttl=37 time=76.9 ms
08-13 17:28:18.238 13846 13899 D cellinfo: 46 bytes from 54.197.223.49: icmp_seq=429 ttl=37 time=73.9 ms
08-13 17:28:18.440 13846 13846 D cellinfo: onCellInfoChanged: Operator:  UpdateTimestamp: 249974755 CellConnectionStatus: 1
08-13 17:28:18.440 13846 13846 D cellinfo: onCellInfoChanged: 5G-NR Cell Bands: [] ARFCN: 528000 Cell ID: 9223372036854775807 Physical Cell ID: 598 Tracking Area Code: 16777215
08-13 17:28:18.448 13846 13899 D cellinfo: 46 bytes from 54.197.223.49: icmp_seq=430 ttl=37 time=83.0 ms
08-13 17:28:18.638 13846 13899 D cellinfo: 46 bytes from 54.197.223.49: icmp_seq=431 ttl=37 time=71.8 ms
08-13 17:28:18.850 13846 13899 D cellinfo: 46 bytes from 54.197.223.49: icmp_seq=432 ttl=37 time=83.6 ms
08-13 17:28:19.013 13846 13846 D cellinfo: Latitude is 40.4172446
08-13 17:28:19.013 13846 13846 D cellinfo: Longitude is -86.8139302
08-13 17:28:19.013 13846 13846 D cellinfo: Instantaneous GPS information: United States, 15 Meijer Dr, Lafayette, IN 47905, USA
08-13 17:28:19.013 13846 13846 D cellinfo: getCurrentLocation() result: Location (success): 40.4172446, -86.8139302
08-13 17:28:19.053 13846 13899 D cellinfo: 46 bytes from 54.197.223.49: icmp_seq=433 ttl=37 time=85.9 ms
08-13 17:28:19.244 13846 13899 D cellinfo: 46 bytes from 54.197.223.49: icmp_seq=434 ttl=37 time=77.2 ms
08-13 17:28:19.443 13846 13899 D cellinfo: 46 bytes from 54.197.223.49: icmp_seq=435 ttl=37 time=75.8 ms
08-13 17:28:19.647 13846 13899 D cellinfo: 46 bytes from 54.197.223.49: icmp_seq=436 ttl=37 time=78.4 ms
08-13 17:28:19.846 13846 13899 D cellinfo: 46 bytes from 54.197.223.49: icmp_seq=437 ttl=37 time=77.1 ms
08-13 17:28:20.049 13846 13899 D cellinfo: 46 bytes from 54.197.223.49: icmp_seq=438 ttl=37 time=78.7 ms
08-13 17:28:20.243 13846 13899 D cellinfo: 46 bytes from 54.197.223.49: icmp_seq=439 ttl=37 time=73.8 ms
08-13 17:28:20.444 13846 13899 D cellinfo: 46 bytes from 54.197.223.49: icmp_seq=440 ttl=37 time=73.5 ms
08-13 17:28:20.643 13846 13899 D cellinfo: 46 bytes from 54.197.223.49: icmp_seq=441 ttl=37 time=72.4 ms
08-13 17:28:20.849 13846 13899 D cellinfo: 46 bytes from 54.197.223.49: icmp_seq=442 ttl=37 time=76.8 ms
08-13 17:28:21.049 13846 13899 D cellinfo: 46 bytes from 54.197.223.49: icmp_seq=443 ttl=37 time=76.3 ms
08-13 17:28:21.206 13846 13846 D cellinfo: Latitude is 40.4172446
08-13 17:28:21.206 13846 13846 D cellinfo: Longitude is -86.8139302
08-13 17:28:21.206 13846 13846 D cellinfo: Instantaneous GPS information: United States, 15 Meijer Dr, Lafayette, IN 47905, USA
08-13 17:28:21.206 13846 13846 D cellinfo: getCurrentLocation() result: Location (success): 40.4172446, -86.8139302
08-13 17:28:21.248 13846 13899 D cellinfo: 46 bytes from 54.197.223.49: icmp_seq=444 ttl=37 time=75.4 ms
08-13 17:28:21.258 13846 13846 D cellinfo: onCellInfoChanged: Operator:  UpdateTimestamp: 249977575 CellConnectionStatus: 1
08-13 17:28:21.258 13846 13846 D cellinfo: onCellInfoChanged: 5G-NR Cell Bands: [] ARFCN: 528000 Cell ID: 9223372036854775807 Physical Cell ID: 598 Tracking Area Code: 16777215
08-13 17:28:21.448 13846 13899 D cellinfo: 46 bytes from 54.197.223.49: icmp_seq=445 ttl=37 time=75.3 ms
08-13 17:28:21.649 13846 13899 D cellinfo: 46 bytes from 54.197.223.49: icmp_seq=446 ttl=37 time=74.7 ms
08-13 17:28:21.855 13846 13899 D cellinfo: 46 bytes from 54.197.223.49: icmp_seq=447 ttl=37 time=80.5 ms
08-13 17:28:22.049 13846 13899 D cellinfo: 46 bytes from 54.197.223.49: icmp_seq=448 ttl=37 time=73.7 ms
08-13 17:28:22.249 13846 13899 D cellinfo: 46 bytes from 54.197.223.49: icmp_seq=449 ttl=37 time=73.7 ms
08-13 17:28:22.448 13846 13899 D cellinfo: 46 bytes from 54.197.223.49: icmp_seq=450 ttl=37 time=72.8 ms
08-13 17:28:22.649 13846 13899 D cellinfo: 46 bytes from 54.197.223.49: icmp_seq=451 ttl=37 time=72.3 ms
08-13 17:28:22.855 13846 13899 D cellinfo: 46 bytes from 54.197.223.49: icmp_seq=452 ttl=37 time=77.6 ms
08-13 17:28:23.054 13846 13899 D cellinfo: 46 bytes from 54.197.223.49: icmp_seq=453 ttl=37 time=76.1 ms
08-13 17:28:23.255 13846 13899 D cellinfo: 46 bytes from 54.197.223.49: icmp_seq=454 ttl=37 time=76.4 ms
08-13 17:28:23.454 13846 13899 D cellinfo: 46 bytes from 54.197.223.49: icmp_seq=455 ttl=37 time=74.4 ms
08-13 17:28:23.654 13846 13899 D cellinfo: 46 bytes from 54.197.223.49: icmp_seq=456 ttl=37 time=73.0 ms
08-13 17:28:23.859 13846 13899 D cellinfo: 46 bytes from 54.197.223.49: icmp_seq=457 ttl=37 time=77.3 ms
08-13 17:28:24.058 13846 13899 D cellinfo: 46 bytes from 54.197.223.49: icmp_seq=458 ttl=37 time=74.5 ms
08-13 17:28:24.207 13846 13846 D cellinfo: Latitude is 40.4172447
08-13 17:28:24.207 13846 13846 D cellinfo: Longitude is -86.8139302
08-13 17:28:24.207 13846 13846 D cellinfo: Instantaneous GPS information: United States, 15 Meijer Dr, Lafayette, IN 47905, USA
08-13 17:28:24.207 13846 13846 D cellinfo: getCurrentLocation() result: Location (success): 40.4172447, -86.8139302
08-13 17:28:24.258 13846 13899 D cellinfo: 46 bytes from 54.197.223.49: icmp_seq=459 ttl=37 time=75.4 ms
08-13 17:28:24.271 13846 13846 D cellinfo: onCellInfoChanged: Operator:  UpdateTimestamp: 249980578 CellConnectionStatus: 1
08-13 17:28:24.271 13846 13846 D cellinfo: onCellInfoChanged: 5G-NR Cell Bands: [] ARFCN: 528000 Cell ID: 9223372036854775807 Physical Cell ID: 598 Tracking Area Code: 16777215
08-13 17:28:24.458 13846 13899 D cellinfo: 46 bytes from 54.197.223.49: icmp_seq=460 ttl=37 time=74.8 ms
08-13 17:28:24.658 13846 13899 D cellinfo: 46 bytes from 54.197.223.49: icmp_seq=461 ttl=37 time=73.5 ms
08-13 17:28:24.863 13846 13899 D cellinfo: 46 bytes from 54.197.223.49: icmp_seq=462 ttl=37 time=77.9 ms
08-13 17:28:25.058 13846 13899 D cellinfo: 46 bytes from 54.197.223.49: icmp_seq=463 ttl=37 time=71.8 ms
08-13 17:28:25.258 13846 13899 D cellinfo: 46 bytes from 54.197.223.49: icmp_seq=464 ttl=37 time=72.9 ms
08-13 17:28:25.458 13846 13899 D cellinfo: 46 bytes from 54.197.223.49: icmp_seq=465 ttl=37 time=72.3 ms
08-13 17:28:25.663 13846 13899 D cellinfo: 46 bytes from 54.197.223.49: icmp_seq=466 ttl=37 time=76.1 ms
08-13 17:28:25.865 13846 13899 D cellinfo: 46 bytes from 54.197.223.49: icmp_seq=467 ttl=37 time=75.8 ms
08-13 17:28:26.063 13846 13899 D cellinfo: 46 bytes from 54.197.223.49: icmp_seq=468 ttl=37 time=73.5 ms
08-13 17:28:26.268 13846 13899 D cellinfo: 46 bytes from 54.197.223.49: icmp_seq=469 ttl=37 time=78.8 ms
08-13 17:28:26.469 13846 13899 D cellinfo: 46 bytes from 54.197.223.49: icmp_seq=470 ttl=37 time=78.5 ms
08-13 17:28:26.665 13846 13899 D cellinfo: 46 bytes from 54.197.223.49: icmp_seq=471 ttl=37 time=73.9 ms
08-13 17:28:26.863 13846 13899 D cellinfo: 46 bytes from 54.197.223.49: icmp_seq=472 ttl=37 time=72.0 ms
08-13 17:28:27.068 13846 13899 D cellinfo: 46 bytes from 54.197.223.49: icmp_seq=473 ttl=37 time=75.5 ms
08-13 17:28:27.206 13846 13846 D cellinfo: Latitude is 40.4172447
08-13 17:28:27.206 13846 13846 D cellinfo: Longitude is -86.8139302
08-13 17:28:27.206 13846 13846 D cellinfo: Instantaneous GPS information: United States, 15 Meijer Dr, Lafayette, IN 47905, USA
08-13 17:28:27.206 13846 13846 D cellinfo: getCurrentLocation() result: Location (success): 40.4172447, -86.8139302
08-13 17:28:27.265 13846 13846 D cellinfo: onCellInfoChanged: Operator:  UpdateTimestamp: 249983579 CellConnectionStatus: 1
08-13 17:28:27.265 13846 13846 D cellinfo: onCellInfoChanged: 5G-NR Cell Bands: [] ARFCN: 528000 Cell ID: 9223372036854775807 Physical Cell ID: 598 Tracking Area Code: 16777215
08-13 17:28:27.268 13846 13899 D cellinfo: 46 bytes from 54.197.223.49: icmp_seq=474 ttl=37 time=75.3 ms
08-13 17:28:27.470 13846 13899 D cellinfo: 46 bytes from 54.197.223.49: icmp_seq=475 ttl=37 time=76.1 ms
08-13 17:28:27.677 13846 13899 D cellinfo: 46 bytes from 54.197.223.49: icmp_seq=476 ttl=37 time=81.6 ms
08-13 17:28:27.870 13846 13899 D cellinfo: 46 bytes from 54.197.223.49: icmp_seq=477 ttl=37 time=74.0 ms
08-13 17:28:28.068 13846 13899 D cellinfo: 46 bytes from 54.197.223.49: icmp_seq=478 ttl=37 time=72.1 ms
08-13 17:28:28.280 13846 13899 D cellinfo: 46 bytes from 54.197.223.49: icmp_seq=479 ttl=37 time=83.4 ms
08-13 17:28:28.474 13846 13899 D cellinfo: 46 bytes from 54.197.223.49: icmp_seq=480 ttl=37 time=76.8 ms
08-13 17:28:28.680 13846 13899 D cellinfo: 46 bytes from 54.197.223.49: icmp_seq=481 ttl=37 time=82.7 ms
08-13 17:28:28.877 13846 13899 D cellinfo: 46 bytes from 54.197.223.49: icmp_seq=482 ttl=37 time=78.6 ms
08-13 17:28:29.079 13846 13899 D cellinfo: 46 bytes from 54.197.223.49: icmp_seq=483 ttl=37 time=80.3 ms
08-13 17:28:29.278 13846 13899 D cellinfo: 46 bytes from 54.197.223.49: icmp_seq=484 ttl=37 time=79.9 ms
08-13 17:28:29.476 13846 13899 D cellinfo: 46 bytes from 54.197.223.49: icmp_seq=485 ttl=37 time=76.9 ms
08-13 17:28:29.684 13846 13899 D cellinfo: 46 bytes from 54.197.223.49: icmp_seq=486 ttl=37 time=83.2 ms
08-13 17:28:29.880 13846 13899 D cellinfo: 46 bytes from 54.197.223.49: icmp_seq=487 ttl=37 time=78.0 ms
08-13 17:28:30.085 13846 13899 D cellinfo: 46 bytes from 54.197.223.49: icmp_seq=488 ttl=37 time=82.2 ms
08-13 17:28:30.249 13846 13846 D cellinfo: onCellInfoChanged: Operator:  UpdateTimestamp: 249986565 CellConnectionStatus: 1
08-13 17:28:30.249 13846 13846 D cellinfo: onCellInfoChanged: 5G-NR Cell Bands: [] ARFCN: 528000 Cell ID: 9223372036854775807 Physical Cell ID: 598 Tracking Area Code: 16777215
08-13 17:28:30.290 13846 13899 D cellinfo: 46 bytes from 54.197.223.49: icmp_seq=489 ttl=37 time=86.5 ms
08-13 17:28:30.491 13846 13899 D cellinfo: 46 bytes from 54.197.223.49: icmp_seq=490 ttl=37 time=86.9 ms
08-13 17:28:30.683 13846 13899 D cellinfo: 46 bytes from 54.197.223.49: icmp_seq=491 ttl=37 time=78.7 ms
08-13 17:28:30.890 13846 13899 D cellinfo: 46 bytes from 54.197.223.49: icmp_seq=492 ttl=37 time=83.0 ms
08-13 17:28:31.036 13846 13846 D cellinfo: Latitude is 40.4172443
08-13 17:28:31.036 13846 13846 D cellinfo: Longitude is -86.81393
08-13 17:28:31.036 13846 13846 D cellinfo: Instantaneous GPS information: United States, 15 Meijer Dr, Lafayette, IN 47905, USA
08-13 17:28:31.036 13846 13846 D cellinfo: getCurrentLocation() result: Location (success): 40.4172443, -86.81393
08-13 17:28:31.082 13846 13899 D cellinfo: 46 bytes from 54.197.223.49: icmp_seq=493 ttl=37 time=74.9 ms
08-13 17:28:31.296 13846 13899 D cellinfo: 46 bytes from 54.197.223.49: icmp_seq=494 ttl=37 time=88.3 ms
08-13 17:28:31.489 13846 13899 D cellinfo: 46 bytes from 54.197.223.49: icmp_seq=495 ttl=37 time=79.9 ms
08-13 17:28:31.686 13846 13899 D cellinfo: 46 bytes from 54.197.223.49: icmp_seq=496 ttl=37 time=75.7 ms
08-13 17:28:31.894 13846 13899 D cellinfo: 46 bytes from 54.197.223.49: icmp_seq=497 ttl=37 time=82.8 ms
08-13 17:28:32.089 13846 13899 D cellinfo: 46 bytes from 54.197.223.49: icmp_seq=498 ttl=37 time=78.1 ms
08-13 17:28:32.289 13846 13899 D cellinfo: 46 bytes from 54.197.223.49: icmp_seq=499 ttl=37 time=76.3 ms
08-13 17:28:32.489 13846 13899 D cellinfo: 46 bytes from 54.197.223.49: icmp_seq=500 ttl=37 time=75.4 ms
08-13 17:28:32.690 13846 13899 D cellinfo: 46 bytes from 54.197.223.49: icmp_seq=501 ttl=37 time=76.0 ms
08-13 17:28:32.892 13846 13899 D cellinfo: 46 bytes from 54.197.223.49: icmp_seq=502 ttl=37 time=76.7 ms
08-13 17:28:33.090 13846 13899 D cellinfo: 46 bytes from 54.197.223.49: icmp_seq=503 ttl=37 time=74.3 ms
08-13 17:28:33.201 13846 13846 D cellinfo: Latitude is 40.4172443
08-13 17:28:33.202 13846 13846 D cellinfo: Longitude is -86.81393
08-13 17:28:33.202 13846 13846 D cellinfo: Instantaneous GPS information: United States, 15 Meijer Dr, Lafayette, IN 47905, USA
08-13 17:28:33.202 13846 13846 D cellinfo: getCurrentLocation() result: Location (success): 40.4172443, -86.81393
08-13 17:28:33.251 13846 13846 D cellinfo: onCellInfoChanged: Operator:  UpdateTimestamp: 249989566 CellConnectionStatus: 1
08-13 17:28:33.251 13846 13846 D cellinfo: onCellInfoChanged: 5G-NR Cell Bands: [] ARFCN: 528000 Cell ID: 9223372036854775807 Physical Cell ID: 598 Tracking Area Code: 16777215
08-13 17:28:33.296 13846 13899 D cellinfo: 46 bytes from 54.197.223.49: icmp_seq=504 ttl=37 time=76.9 ms
08-13 17:28:33.504 13846 13899 D cellinfo: 46 bytes from 54.197.223.49: icmp_seq=505 ttl=37 time=83.7 ms
08-13 17:28:33.695 13846 13899 D cellinfo: 46 bytes from 54.197.223.49: icmp_seq=506 ttl=37 time=74.0 ms
08-13 17:28:33.898 13846 13899 D cellinfo: 46 bytes from 54.197.223.49: icmp_seq=507 ttl=37 time=76.8 ms
08-13 17:28:34.099 13846 13899 D cellinfo: 46 bytes from 54.197.223.49: icmp_seq=508 ttl=37 time=76.8 ms
08-13 17:28:34.308 13846 13899 D cellinfo: 46 bytes from 54.197.223.49: icmp_seq=509 ttl=37 time=85.6 ms
08-13 17:28:34.500 13846 13899 D cellinfo: 46 bytes from 54.197.223.49: icmp_seq=510 ttl=37 time=76.2 ms
08-13 17:28:34.699 13846 13899 D cellinfo: 46 bytes from 54.197.223.49: icmp_seq=511 ttl=37 time=74.0 ms
08-13 17:28:34.901 13846 13899 D cellinfo: 46 bytes from 54.197.223.49: icmp_seq=512 ttl=37 time=76.3 ms
08-13 17:28:35.106 13846 13899 D cellinfo: 46 bytes from 54.197.223.49: icmp_seq=513 ttl=37 time=79.5 ms
08-13 17:28:35.305 13846 13899 D cellinfo: 46 bytes from 54.197.223.49: icmp_seq=514 ttl=37 time=77.9 ms
08-13 17:28:35.505 13846 13899 D cellinfo: 46 bytes from 54.197.223.49: icmp_seq=515 ttl=37 time=76.6 ms
08-13 17:28:35.709 13846 13899 D cellinfo: 46 bytes from 54.197.223.49: icmp_seq=516 ttl=37 time=80.9 ms
08-13 17:28:35.906 13846 13899 D cellinfo: 46 bytes from 54.197.223.49: icmp_seq=517 ttl=37 time=76.3 ms
08-13 17:28:36.104 13846 13899 D cellinfo: 46 bytes from 54.197.223.49: icmp_seq=518 ttl=37 time=74.1 ms
08-13 17:28:36.202 13846 13846 D cellinfo: Latitude is 40.4172443
08-13 17:28:36.202 13846 13846 D cellinfo: Longitude is -86.81393
08-13 17:28:36.202 13846 13846 D cellinfo: Instantaneous GPS information: United States, 15 Meijer Dr, Lafayette, IN 47905, USA
08-13 17:28:36.202 13846 13846 D cellinfo: getCurrentLocation() result: Location (success): 40.4172443, -86.81393
08-13 17:28:36.249 13846 13846 D cellinfo: onCellInfoChanged: Operator:  UpdateTimestamp: 249992564 CellConnectionStatus: 1
08-13 17:28:36.249 13846 13846 D cellinfo: onCellInfoChanged: 5G-NR Cell Bands: [] ARFCN: 528000 Cell ID: 9223372036854775807 Physical Cell ID: 598 Tracking Area Code: 16777215
08-13 17:28:36.311 13846 13899 D cellinfo: 46 bytes from 54.197.223.49: icmp_seq=519 ttl=37 time=80.8 ms
08-13 17:28:36.509 13846 13899 D cellinfo: 46 bytes from 54.197.223.49: icmp_seq=520 ttl=37 time=77.8 ms
08-13 17:28:36.716 13846 13899 D cellinfo: 46 bytes from 54.197.223.49: icmp_seq=521 ttl=37 time=83.4 ms
08-13 17:28:36.915 13846 13899 D cellinfo: 46 bytes from 54.197.223.49: icmp_seq=522 ttl=37 time=82.7 ms
08-13 17:28:37.119 13846 13899 D cellinfo: 46 bytes from 54.197.223.49: icmp_seq=523 ttl=37 time=84.9 ms
08-13 17:28:37.313 13846 13899 D cellinfo: 46 bytes from 54.197.223.49: icmp_seq=524 ttl=37 time=78.7 ms
08-13 17:28:37.515 13846 13899 D cellinfo: 46 bytes from 54.197.223.49: icmp_seq=525 ttl=37 time=79.6 ms
08-13 17:28:37.719 13846 13899 D cellinfo: 46 bytes from 54.197.223.49: icmp_seq=526 ttl=37 time=83.2 ms
08-13 17:28:37.915 13846 13899 D cellinfo: 46 bytes from 54.197.223.49: icmp_seq=527 ttl=37 time=78.5 ms
08-13 17:28:38.117 13846 13899 D cellinfo: 46 bytes from 54.197.223.49: icmp_seq=528 ttl=37 time=78.8 ms
08-13 17:28:38.325 13846 13899 D cellinfo: 46 bytes from 54.197.223.49: icmp_seq=529 ttl=37 time=85.9 ms
08-13 17:28:38.520 13846 13899 D cellinfo: 46 bytes from 54.197.223.49: icmp_seq=530 ttl=37 time=79.3 ms
08-13 17:28:38.720 13846 13899 D cellinfo: 46 bytes from 54.197.223.49: icmp_seq=531 ttl=37 time=79.3 ms
08-13 17:28:38.920 13846 13899 D cellinfo: 46 bytes from 54.197.223.49: icmp_seq=532 ttl=37 time=78.1 ms
08-13 17:28:39.124 13846 13899 D cellinfo: 46 bytes from 54.197.223.49: icmp_seq=533 ttl=37 time=81.2 ms
08-13 17:28:39.203 13846 13846 D cellinfo: Latitude is 40.4172443
08-13 17:28:39.203 13846 13846 D cellinfo: Longitude is -86.81393
08-13 17:28:39.203 13846 13846 D cellinfo: Instantaneous GPS information: United States, 15 Meijer Dr, Lafayette, IN 47905, USA
08-13 17:28:39.203 13846 13846 D cellinfo: getCurrentLocation() result: Location (success): 40.4172443, -86.81393
08-13 17:28:39.263 13846 13846 D cellinfo: onCellInfoChanged: Operator:  UpdateTimestamp: 249995574 CellConnectionStatus: 1
08-13 17:28:39.263 13846 13846 D cellinfo: onCellInfoChanged: 5G-NR Cell Bands: [] ARFCN: 528000 Cell ID: 9223372036854775807 Physical Cell ID: 598 Tracking Area Code: 16777215
08-13 17:28:39.324 13846 13899 D cellinfo: 46 bytes from 54.197.223.49: icmp_seq=534 ttl=37 time=80.6 ms
08-13 17:28:39.523 13846 13899 D cellinfo: 46 bytes from 54.197.223.49: icmp_seq=535 ttl=37 time=78.3 ms
08-13 17:28:39.724 13846 13899 D cellinfo: 46 bytes from 54.197.223.49: icmp_seq=536 ttl=37 time=77.8 ms
08-13 17:28:39.924 13846 13899 D cellinfo: 46 bytes from 54.197.223.49: icmp_seq=537 ttl=37 time=77.2 ms
08-13 17:28:40.125 13846 13899 D cellinfo: 46 bytes from 54.197.223.49: icmp_seq=538 ttl=37 time=77.7 ms
08-13 17:28:40.325 13846 13899 D cellinfo: 46 bytes from 54.197.223.49: icmp_seq=539 ttl=37 time=77.2 ms
08-13 17:28:40.529 13846 13899 D cellinfo: 46 bytes from 54.197.223.49: icmp_seq=540 ttl=37 time=79.8 ms
08-13 17:28:40.730 13846 13899 D cellinfo: 46 bytes from 54.197.223.49: icmp_seq=541 ttl=37 time=80.6 ms
08-13 17:28:40.938 13846 13899 D cellinfo: 46 bytes from 54.197.223.49: icmp_seq=542 ttl=37 time=87.2 ms
08-13 17:28:41.129 13846 13899 D cellinfo: 46 bytes from 54.197.223.49: icmp_seq=543 ttl=37 time=77.5 ms
08-13 17:28:41.331 13846 13899 D cellinfo: 46 bytes from 54.197.223.49: icmp_seq=544 ttl=37 time=78.9 ms
08-13 17:28:41.537 13846 13899 D cellinfo: 46 bytes from 54.197.223.49: icmp_seq=545 ttl=37 time=84.1 ms
08-13 17:28:41.731 13846 13899 D cellinfo: 46 bytes from 54.197.223.49: icmp_seq=546 ttl=37 time=76.9 ms
08-13 17:28:41.934 13846 13899 D cellinfo: 46 bytes from 54.197.223.49: icmp_seq=547 ttl=37 time=79.8 ms
08-13 17:28:42.134 13846 13899 D cellinfo: 46 bytes from 54.197.223.49: icmp_seq=548 ttl=37 time=78.5 ms
08-13 17:28:42.335 13846 13899 D cellinfo: 46 bytes from 54.197.223.49: icmp_seq=549 ttl=37 time=78.9 ms
08-13 17:28:42.541 13846 13899 D cellinfo: 46 bytes from 54.197.223.49: icmp_seq=550 ttl=37 time=84.3 ms
08-13 17:28:42.737 13846 13899 D cellinfo: 46 bytes from 54.197.223.49: icmp_seq=551 ttl=37 time=80.1 ms
08-13 17:28:42.938 13846 13899 D cellinfo: 46 bytes from 54.197.223.49: icmp_seq=552 ttl=37 time=80.4 ms
08-13 17:28:43.141 13846 13899 D cellinfo: 46 bytes from 54.197.223.49: icmp_seq=553 ttl=37 time=83.0 ms
08-13 17:28:43.344 13846 13899 D cellinfo: 46 bytes from 54.197.223.49: icmp_seq=554 ttl=37 time=84.0 ms
08-13 17:28:43.425 13846 13846 D cellinfo: Latitude is 40.4174172
08-13 17:28:43.425 13846 13846 D cellinfo: Longitude is -86.8140334
08-13 17:28:43.425 13846 13846 D cellinfo: Instantaneous GPS information: United States, 15 Meijer Dr, Lafayette, IN 47905, USA
08-13 17:28:43.425 13846 13846 D cellinfo: getCurrentLocation() result: Location (success): 40.4174172, -86.8140334
08-13 17:28:43.536 13846 13899 D cellinfo: 46 bytes from 54.197.223.49: icmp_seq=555 ttl=37 time=75.3 ms
08-13 17:28:43.749 13846 13899 D cellinfo: 46 bytes from 54.197.223.49: icmp_seq=556 ttl=37 time=87.9 ms
08-13 17:28:43.936 13846 13899 D cellinfo: 46 bytes from 54.197.223.49: icmp_seq=557 ttl=37 time=74.9 ms
08-13 17:28:44.139 13846 13899 D cellinfo: 46 bytes from 54.197.223.49: icmp_seq=558 ttl=37 time=76.5 ms
08-13 17:28:44.345 13846 13899 D cellinfo: 46 bytes from 54.197.223.49: icmp_seq=559 ttl=37 time=82.0 ms
08-13 17:28:44.539 13846 13899 D cellinfo: 46 bytes from 54.197.223.49: icmp_seq=560 ttl=37 time=75.4 ms
08-13 17:28:44.746 13846 13899 D cellinfo: 46 bytes from 54.197.223.49: icmp_seq=561 ttl=37 time=80.4 ms
08-13 17:28:44.944 13846 13899 D cellinfo: 46 bytes from 54.197.223.49: icmp_seq=562 ttl=37 time=77.6 ms
08-13 17:28:45.146 13846 13899 D cellinfo: 46 bytes from 54.197.223.49: icmp_seq=563 ttl=37 time=79.5 ms
08-13 17:28:45.199 13846 13846 D cellinfo: Latitude is 40.4174172
08-13 17:28:45.199 13846 13846 D cellinfo: Longitude is -86.8140334
08-13 17:28:45.199 13846 13846 D cellinfo: Instantaneous GPS information: United States, 15 Meijer Dr, Lafayette, IN 47905, USA
08-13 17:28:45.199 13846 13846 D cellinfo: getCurrentLocation() result: Location (success): 40.4174172, -86.8140334
08-13 17:28:45.344 13846 13899 D cellinfo: 46 bytes from 54.197.223.49: icmp_seq=564 ttl=37 time=76.7 ms
08-13 17:28:45.475 13846 13846 D cellinfo: onCellInfoChanged: Operator:  UpdateTimestamp: 250001789 CellConnectionStatus: 1
08-13 17:28:45.476 13846 13846 D cellinfo: onCellInfoChanged: 5G-NR Cell Bands: [] ARFCN: 528000 Cell ID: 9223372036854775807 Physical Cell ID: 598 Tracking Area Code: 16777215
08-13 17:28:45.545 13846 13899 D cellinfo: 46 bytes from 54.197.223.49: icmp_seq=565 ttl=37 time=77.1 ms
08-13 17:28:45.753 13846 13899 D cellinfo: 46 bytes from 54.197.223.49: icmp_seq=566 ttl=37 time=84.4 ms
08-13 17:28:45.945 13846 13899 D cellinfo: 46 bytes from 54.197.223.49: icmp_seq=567 ttl=37 time=74.8 ms
08-13 17:28:46.147 13846 13899 D cellinfo: 46 bytes from 54.197.223.49: icmp_seq=568 ttl=37 time=76.3 ms
08-13 17:28:46.353 13846 13899 D cellinfo: 46 bytes from 54.197.223.49: icmp_seq=569 ttl=37 time=81.5 ms
08-13 17:28:46.561 13846 13899 D cellinfo: 46 bytes from 54.197.223.49: icmp_seq=570 ttl=37 time=88.6 ms
08-13 17:28:46.749 13846 13899 D cellinfo: 46 bytes from 54.197.223.49: icmp_seq=571 ttl=37 time=77.1 ms
08-13 17:28:46.952 13846 13899 D cellinfo: 46 bytes from 54.197.223.49: icmp_seq=572 ttl=37 time=78.8 ms
08-13 17:28:47.151 13846 13899 D cellinfo: 46 bytes from 54.197.223.49: icmp_seq=573 ttl=37 time=77.0 ms
08-13 17:28:47.355 13846 13899 D cellinfo: 46 bytes from 54.197.223.49: icmp_seq=574 ttl=37 time=80.1 ms
08-13 17:28:47.559 13846 13899 D cellinfo: 46 bytes from 54.197.223.49: icmp_seq=575 ttl=37 time=83.5 ms
08-13 17:28:47.749 13846 13899 D cellinfo: 46 bytes from 54.197.223.49: icmp_seq=576 ttl=37 time=72.9 ms
08-13 17:28:47.948 13846 13899 D cellinfo: 46 bytes from 54.197.223.49: icmp_seq=577 ttl=37 time=71.5 ms
08-13 17:28:48.155 13846 13899 D cellinfo: 46 bytes from 54.197.223.49: icmp_seq=578 ttl=37 time=76.9 ms
08-13 17:28:48.203 13846 13846 D cellinfo: Latitude is 40.4174172
08-13 17:28:48.204 13846 13846 D cellinfo: Longitude is -86.8140334
08-13 17:28:48.204 13846 13846 D cellinfo: Instantaneous GPS information: United States, 15 Meijer Dr, Lafayette, IN 47905, USA
08-13 17:28:48.204 13846 13846 D cellinfo: getCurrentLocation() result: Location (success): 40.4174172, -86.8140334
08-13 17:28:48.358 13846 13899 D cellinfo: 46 bytes from 54.197.223.49: icmp_seq=579 ttl=37 time=79.5 ms
08-13 17:28:48.448 13846 13846 D cellinfo: onCellInfoChanged: Operator:  UpdateTimestamp: 250004764 CellConnectionStatus: 1
08-13 17:28:48.448 13846 13846 D cellinfo: onCellInfoChanged: 5G-NR Cell Bands: [] ARFCN: 528000 Cell ID: 9223372036854775807 Physical Cell ID: 598 Tracking Area Code: 16777215
08-13 17:28:48.565 13846 13899 D cellinfo: 46 bytes from 54.197.223.49: icmp_seq=580 ttl=37 time=84.9 ms
08-13 17:28:48.759 13846 13899 D cellinfo: 46 bytes from 54.197.223.49: icmp_seq=581 ttl=37 time=78.3 ms
08-13 17:28:48.969 13846 13899 D cellinfo: 46 bytes from 54.197.223.49: icmp_seq=582 ttl=37 time=87.0 ms
08-13 17:28:49.165 13846 13899 D cellinfo: 46 bytes from 54.197.223.49: icmp_seq=583 ttl=37 time=82.8 ms
08-13 17:28:49.363 13846 13899 D cellinfo: 46 bytes from 54.197.223.49: icmp_seq=584 ttl=37 time=79.7 ms
08-13 17:28:49.574 13846 13899 D cellinfo: 46 bytes from 54.197.223.49: icmp_seq=585 ttl=37 time=90.3 ms
08-13 17:28:49.760 13846 13899 D cellinfo: 46 bytes from 54.197.223.49: icmp_seq=586 ttl=37 time=74.1 ms
08-13 17:28:49.969 13846 13899 D cellinfo: 46 bytes from 54.197.223.49: icmp_seq=587 ttl=37 time=82.4 ms
08-13 17:28:50.166 13846 13899 D cellinfo: 46 bytes from 54.197.223.49: icmp_seq=588 ttl=37 time=79.0 ms
08-13 17:28:50.364 13846 13899 D cellinfo: 46 bytes from 54.197.223.49: icmp_seq=589 ttl=37 time=76.3 ms
08-13 17:28:50.574 13846 13899 D cellinfo: 46 bytes from 54.197.223.49: icmp_seq=590 ttl=37 time=84.8 ms
08-13 17:28:50.764 13846 13899 D cellinfo: 46 bytes from 54.197.223.49: icmp_seq=591 ttl=37 time=73.2 ms
08-13 17:28:50.970 13846 13899 D cellinfo: 46 bytes from 54.197.223.49: icmp_seq=592 ttl=37 time=78.4 ms
08-13 17:28:51.170 13846 13899 D cellinfo: 46 bytes from 54.197.223.49: icmp_seq=593 ttl=37 time=76.6 ms
08-13 17:28:51.208 13846 13846 D cellinfo: Latitude is 40.4174172
08-13 17:28:51.208 13846 13846 D cellinfo: Longitude is -86.8140334
08-13 17:28:51.208 13846 13846 D cellinfo: Instantaneous GPS information: United States, 15 Meijer Dr, Lafayette, IN 47905, USA
08-13 17:28:51.208 13846 13846 D cellinfo: getCurrentLocation() result: Location (success): 40.4174172, -86.8140334
08-13 17:28:51.374 13846 13899 D cellinfo: 46 bytes from 54.197.223.49: icmp_seq=594 ttl=37 time=81.4 ms
08-13 17:28:51.572 13846 13899 D cellinfo: 46 bytes from 54.197.223.49: icmp_seq=595 ttl=37 time=77.8 ms
08-13 17:28:51.769 13846 13899 D cellinfo: 46 bytes from 54.197.223.49: icmp_seq=596 ttl=37 time=74.7 ms
08-13 17:28:51.973 13846 13899 D cellinfo: 46 bytes from 54.197.223.49: icmp_seq=597 ttl=37 time=78.1 ms
08-13 17:28:52.174 13846 13899 D cellinfo: 46 bytes from 54.197.223.49: icmp_seq=598 ttl=37 time=77.6 ms
08-13 17:28:52.377 13846 13899 D cellinfo: 46 bytes from 54.197.223.49: icmp_seq=599 ttl=37 time=80.8 ms
08-13 17:28:52.579 13846 13899 D cellinfo: 46 bytes from 54.197.223.49: icmp_seq=600 ttl=37 time=81.7 ms
08-13 17:28:52.775 13846 13899 D cellinfo: 46 bytes from 54.197.223.49: icmp_seq=601 ttl=37 time=76.6 ms
08-13 17:28:52.979 13846 13899 D cellinfo: 46 bytes from 54.197.223.49: icmp_seq=602 ttl=37 time=80.6 ms
08-13 17:28:53.179 13846 13899 D cellinfo: 46 bytes from 54.197.223.49: icmp_seq=603 ttl=37 time=80.3 ms
08-13 17:28:53.378 13846 13899 D cellinfo: 46 bytes from 54.197.223.49: icmp_seq=604 ttl=37 time=77.6 ms
08-13 17:28:53.579 13846 13899 D cellinfo: 46 bytes from 54.197.223.49: icmp_seq=605 ttl=37 time=78.1 ms
08-13 17:28:53.775 13846 13899 D cellinfo: 46 bytes from 54.197.223.49: icmp_seq=606 ttl=37 time=73.6 ms
08-13 17:28:53.984 13846 13899 D cellinfo: 46 bytes from 54.197.223.49: icmp_seq=607 ttl=37 time=81.8 ms
08-13 17:28:54.186 13846 13899 D cellinfo: 46 bytes from 54.197.223.49: icmp_seq=608 ttl=37 time=83.4 ms
08-13 17:28:54.384 13846 13899 D cellinfo: 46 bytes from 54.197.223.49: icmp_seq=609 ttl=37 time=79.9 ms
08-13 17:28:54.582 13846 13899 D cellinfo: 46 bytes from 54.197.223.49: icmp_seq=610 ttl=37 time=77.0 ms
08-13 17:28:54.659 13846 13846 D cellinfo: Latitude is 40.4175226
08-13 17:28:54.659 13846 13846 D cellinfo: Longitude is -86.8141409
08-13 17:28:54.659 13846 13846 D cellinfo: Instantaneous GPS information: United States, 15 Meijer Dr, Lafayette, IN 47905, USA
08-13 17:28:54.659 13846 13846 D cellinfo: getCurrentLocation() result: Location (success): 40.4175226, -86.8141409
08-13 17:28:54.666 13846 13846 D cellinfo: onCellInfoChanged: Operator:  UpdateTimestamp: 250010776 CellConnectionStatus: 1
08-13 17:28:54.666 13846 13846 D cellinfo: onCellInfoChanged: 5G-NR Cell Bands: [] ARFCN: 528000 Cell ID: 9223372036854775807 Physical Cell ID: 598 Tracking Area Code: 16777215
08-13 17:28:54.781 13846 13899 D cellinfo: 46 bytes from 54.197.223.49: icmp_seq=611 ttl=37 time=74.8 ms
08-13 17:28:54.982 13846 13899 D cellinfo: 46 bytes from 54.197.223.49: icmp_seq=612 ttl=37 time=75.1 ms
08-13 17:28:55.191 13846 13899 D cellinfo: 46 bytes from 54.197.223.49: icmp_seq=613 ttl=37 time=83.4 ms
08-13 17:28:55.386 13846 13899 D cellinfo: 46 bytes from 54.197.223.49: icmp_seq=614 ttl=37 time=76.6 ms
08-13 17:28:55.590 13846 13899 D cellinfo: 46 bytes from 54.197.223.49: icmp_seq=615 ttl=37 time=80.5 ms
08-13 17:28:55.788 13846 13899 D cellinfo: 46 bytes from 54.197.223.49: icmp_seq=616 ttl=37 time=77.5 ms
08-13 17:28:55.984 13846 13899 D cellinfo: 46 bytes from 54.197.223.49: icmp_seq=617 ttl=37 time=73.0 ms
08-13 17:28:56.191 13846 13899 D cellinfo: 46 bytes from 54.197.223.49: icmp_seq=618 ttl=37 time=79.3 ms
08-13 17:28:56.391 13846 13899 D cellinfo: 46 bytes from 54.197.223.49: icmp_seq=619 ttl=37 time=78.3 ms
08-13 17:28:56.590 13846 13899 D cellinfo: 46 bytes from 54.197.223.49: icmp_seq=620 ttl=37 time=76.7 ms
08-13 17:28:56.791 13846 13899 D cellinfo: 46 bytes from 54.197.223.49: icmp_seq=621 ttl=37 time=77.2 ms
08-13 17:28:56.991 13846 13899 D cellinfo: 46 bytes from 54.197.223.49: icmp_seq=622 ttl=37 time=76.1 ms
08-13 17:28:57.191 13846 13899 D cellinfo: 46 bytes from 54.197.223.49: icmp_seq=623 ttl=37 time=74.6 ms
08-13 17:28:57.399 13846 13899 D cellinfo: 46 bytes from 54.197.223.49: icmp_seq=624 ttl=37 time=82.9 ms
08-13 17:28:57.593 13846 13899 D cellinfo: 46 bytes from 54.197.223.49: icmp_seq=625 ttl=37 time=76.3 ms
08-13 17:28:57.793 13846 13899 D cellinfo: 46 bytes from 54.197.223.49: icmp_seq=626 ttl=37 time=75.3 ms
08-13 17:28:57.994 13846 13899 D cellinfo: 46 bytes from 54.197.223.49: icmp_seq=627 ttl=37 time=74.6 ms
08-13 17:28:58.203 13846 13899 D cellinfo: 46 bytes from 54.197.223.49: icmp_seq=628 ttl=37 time=82.8 ms
08-13 17:28:58.395 13846 13899 D cellinfo: 46 bytes from 54.197.223.49: icmp_seq=629 ttl=37 time=73.9 ms
08-13 17:28:58.415 13846 13846 D cellinfo: Latitude is 40.4175663
08-13 17:28:58.415 13846 13846 D cellinfo: Longitude is -86.8165835
08-13 17:28:58.415 13846 13846 D cellinfo: Instantaneous GPS information: United States, SR 26 & Frontage Rd (NE Corner): BUS277N, Lafayette, IN 47905, USA
08-13 17:28:58.415 13846 13846 D cellinfo: getCurrentLocation() result: Location (success): 40.4175663, -86.8165835
08-13 17:28:58.601 13846 13899 D cellinfo: 46 bytes from 54.197.223.49: icmp_seq=630 ttl=37 time=78.8 ms
08-13 17:28:58.798 13846 13899 D cellinfo: 46 bytes from 54.197.223.49: icmp_seq=631 ttl=37 time=75.6 ms
08-13 17:28:59.003 13846 13899 D cellinfo: 46 bytes from 54.197.223.49: icmp_seq=632 ttl=37 time=79.6 ms
08-13 17:28:59.206 13846 13899 D cellinfo: 46 bytes from 54.197.223.49: icmp_seq=633 ttl=37 time=83.1 ms
08-13 17:28:59.400 13846 13899 D cellinfo: 46 bytes from 54.197.223.49: icmp_seq=634 ttl=37 time=75.6 ms
08-13 17:28:59.602 13846 13899 D cellinfo: 46 bytes from 54.197.223.49: icmp_seq=635 ttl=37 time=77.5 ms
08-13 17:28:59.805 13846 13899 D cellinfo: 46 bytes from 54.197.223.49: icmp_seq=636 ttl=37 time=79.8 ms
08-13 17:29:00.000 13846 13899 D cellinfo: 46 bytes from 54.197.223.49: icmp_seq=637 ttl=37 time=74.5 ms
08-13 17:29:00.203 13846 13846 D cellinfo: Latitude is 40.4175663
08-13 17:29:00.203 13846 13846 D cellinfo: Longitude is -86.8165835
08-13 17:29:00.203 13846 13846 D cellinfo: Instantaneous GPS information: United States, SR 26 & Frontage Rd (NE Corner): BUS277N, Lafayette, IN 47905, USA
08-13 17:29:00.203 13846 13846 D cellinfo: getCurrentLocation() result: Location (success): 40.4175663, -86.8165835
08-13 17:29:00.206 13846 13899 D cellinfo: 46 bytes from 54.197.223.49: icmp_seq=638 ttl=37 time=81.0 ms
08-13 17:29:00.405 13846 13899 D cellinfo: 46 bytes from 54.197.223.49: icmp_seq=639 ttl=37 time=79.5 ms
08-13 17:29:00.423 13846 13846 D cellinfo: onCellInfoChanged: Operator:  UpdateTimestamp: 250016721 CellConnectionStatus: 1
08-13 17:29:00.423 13846 13846 D cellinfo: onCellInfoChanged: 5G-NR Cell Bands: [] ARFCN: 528000 Cell ID: 9223372036854775807 Physical Cell ID: 598 Tracking Area Code: 16777215
08-13 17:29:00.609 13846 13899 D cellinfo: 46 bytes from 54.197.223.49: icmp_seq=640 ttl=37 time=82.5 ms
08-13 17:29:00.805 13846 13899 D cellinfo: 46 bytes from 54.197.223.49: icmp_seq=641 ttl=37 time=76.8 ms
08-13 17:29:01.016 13846 13899 D cellinfo: 46 bytes from 54.197.223.49: icmp_seq=642 ttl=37 time=87.0 ms
08-13 17:29:01.205 13846 13899 D cellinfo: 46 bytes from 54.197.223.49: icmp_seq=643 ttl=37 time=76.7 ms
08-13 17:29:01.405 13846 13899 D cellinfo: 46 bytes from 54.197.223.49: icmp_seq=644 ttl=37 time=75.7 ms
08-13 17:29:01.606 13846 13899 D cellinfo: 46 bytes from 54.197.223.49: icmp_seq=645 ttl=37 time=76.3 ms
08-13 17:29:01.803 13846 13899 D cellinfo: 46 bytes from 54.197.223.49: icmp_seq=646 ttl=37 time=72.2 ms
08-13 17:29:02.009 13846 13899 D cellinfo: 46 bytes from 54.197.223.49: icmp_seq=647 ttl=37 time=77.2 ms
08-13 17:29:02.207 13846 13899 D cellinfo: 46 bytes from 54.197.223.49: icmp_seq=648 ttl=37 time=74.6 ms
08-13 17:29:02.411 13846 13899 D cellinfo: 46 bytes from 54.197.223.49: icmp_seq=649 ttl=37 time=77.8 ms
08-13 17:29:02.611 13846 13899 D cellinfo: 46 bytes from 54.197.223.49: icmp_seq=650 ttl=37 time=77.9 ms
08-13 17:29:02.809 13846 13899 D cellinfo: 46 bytes from 54.197.223.49: icmp_seq=651 ttl=37 time=74.9 ms
08-13 17:29:03.014 13846 13899 D cellinfo: 46 bytes from 54.197.223.49: icmp_seq=652 ttl=37 time=79.1 ms
08-13 17:29:03.204 13846 13846 D cellinfo: Latitude is 40.4175663
08-13 17:29:03.204 13846 13846 D cellinfo: Longitude is -86.8165835
08-13 17:29:03.204 13846 13846 D cellinfo: Instantaneous GPS information: United States, SR 26 & Frontage Rd (NE Corner): BUS277N, Lafayette, IN 47905, USA
08-13 17:29:03.204 13846 13846 D cellinfo: getCurrentLocation() result: Location (success): 40.4175663, -86.8165835
08-13 17:29:03.209 13846 13899 D cellinfo: 46 bytes from 54.197.223.49: icmp_seq=653 ttl=37 time=73.6 ms
08-13 17:29:03.419 13846 13899 D cellinfo: 46 bytes from 54.197.223.49: icmp_seq=654 ttl=37 time=83.5 ms
08-13 17:29:03.615 13846 13899 D cellinfo: 46 bytes from 54.197.223.49: icmp_seq=655 ttl=37 time=78.2 ms
08-13 17:29:03.809 13846 13899 D cellinfo: 46 bytes from 54.197.223.49: icmp_seq=656 ttl=37 time=71.7 ms
08-13 17:29:04.014 13846 13899 D cellinfo: 46 bytes from 54.197.223.49: icmp_seq=657 ttl=37 time=76.9 ms
08-13 17:29:04.219 13846 13899 D cellinfo: 46 bytes from 54.197.223.49: icmp_seq=658 ttl=37 time=81.5 ms
08-13 17:29:04.419 13846 13899 D cellinfo: 46 bytes from 54.197.223.49: icmp_seq=659 ttl=37 time=81.2 ms
08-13 17:29:04.620 13846 13899 D cellinfo: 46 bytes from 54.197.223.49: icmp_seq=660 ttl=37 time=81.5 ms
08-13 17:29:04.816 13846 13899 D cellinfo: 46 bytes from 54.197.223.49: icmp_seq=661 ttl=37 time=77.0 ms
08-13 17:29:05.026 13846 13899 D cellinfo: 46 bytes from 54.197.223.49: icmp_seq=662 ttl=37 time=85.5 ms
08-13 17:29:05.220 13846 13899 D cellinfo: 46 bytes from 54.197.223.49: icmp_seq=663 ttl=37 time=79.0 ms
08-13 17:29:05.425 13846 13899 D cellinfo: 46 bytes from 54.197.223.49: icmp_seq=664 ttl=37 time=83.5 ms
08-13 17:29:05.624 13846 13899 D cellinfo: 46 bytes from 54.197.223.49: icmp_seq=665 ttl=37 time=82.1 ms
08-13 17:29:05.825 13846 13899 D cellinfo: 46 bytes from 54.197.223.49: icmp_seq=666 ttl=37 time=81.6 ms
08-13 17:29:06.027 13846 13899 D cellinfo: 46 bytes from 54.197.223.49: icmp_seq=667 ttl=37 time=83.2 ms
08-13 17:29:06.202 13846 13846 D cellinfo: Latitude is 40.4175663
08-13 17:29:06.202 13846 13846 D cellinfo: Longitude is -86.8165835
08-13 17:29:06.202 13846 13846 D cellinfo: Instantaneous GPS information: United States, SR 26 & Frontage Rd (NE Corner): BUS277N, Lafayette, IN 47905, USA
08-13 17:29:06.202 13846 13846 D cellinfo: getCurrentLocation() result: Location (success): 40.4175663, -86.8165835
08-13 17:29:06.230 13846 13899 D cellinfo: 46 bytes from 54.197.223.49: icmp_seq=668 ttl=37 time=86.1 ms
08-13 17:29:06.411 13846 13846 D cellinfo: onCellInfoChanged: Operator:  UpdateTimestamp: 250022726 CellConnectionStatus: 1
08-13 17:29:06.411 13846 13846 D cellinfo: onCellInfoChanged: 5G-NR Cell Bands: [] ARFCN: 528000 Cell ID: 9223372036854775807 Physical Cell ID: 598 Tracking Area Code: 16777215
08-13 17:29:06.433 13846 13899 D cellinfo: 46 bytes from 54.197.223.49: icmp_seq=669 ttl=37 time=88.0 ms
08-13 17:29:06.625 13846 13899 D cellinfo: 46 bytes from 54.197.223.49: icmp_seq=670 ttl=37 time=79.6 ms
08-13 17:29:06.829 13846 13899 D cellinfo: 46 bytes from 54.197.223.49: icmp_seq=671 ttl=37 time=83.0 ms
08-13 17:29:07.034 13846 13899 D cellinfo: 46 bytes from 54.197.223.49: icmp_seq=672 ttl=37 time=86.4 ms
08-13 17:29:07.241 13846 13899 D cellinfo: 46 bytes from 54.197.223.49: icmp_seq=673 ttl=37 time=93.8 ms
08-13 17:29:07.445 13846 13899 D cellinfo: 46 bytes from 54.197.223.49: icmp_seq=674 ttl=37 time=96.4 ms
08-13 17:29:07.631 13846 13899 D cellinfo: 46 bytes from 54.197.223.49: icmp_seq=675 ttl=37 time=83.2 ms
08-13 17:29:07.833 13846 13899 D cellinfo: 46 bytes from 54.197.223.49: icmp_seq=676 ttl=37 time=83.0 ms
08-13 17:29:08.030 13846 13899 D cellinfo: 46 bytes from 54.197.223.49: icmp_seq=677 ttl=37 time=79.7 ms
08-13 17:29:08.233 13846 13899 D cellinfo: 46 bytes from 54.197.223.49: icmp_seq=678 ttl=37 time=83.0 ms
08-13 17:29:08.434 13846 13899 D cellinfo: 46 bytes from 54.197.223.49: icmp_seq=679 ttl=37 time=83.1 ms
08-13 17:29:08.633 13846 13899 D cellinfo: 46 bytes from 54.197.223.49: icmp_seq=680 ttl=37 time=81.8 ms
08-13 17:29:08.835 13846 13899 D cellinfo: 46 bytes from 54.197.223.49: icmp_seq=681 ttl=37 time=82.2 ms
08-13 17:29:09.040 13846 13899 D cellinfo: 46 bytes from 54.197.223.49: icmp_seq=682 ttl=37 time=86.2 ms
08-13 17:29:09.236 13846 13899 D cellinfo: 46 bytes from 54.197.223.49: icmp_seq=683 ttl=37 time=82.2 ms
08-13 17:29:09.432 13846 13899 D cellinfo: 46 bytes from 54.197.223.49: icmp_seq=684 ttl=37 time=77.5 ms
08-13 17:29:09.641 13846 13899 D cellinfo: 46 bytes from 54.197.223.49: icmp_seq=685 ttl=37 time=85.7 ms
08-13 17:29:09.837 13846 13899 D cellinfo: 46 bytes from 54.197.223.49: icmp_seq=686 ttl=37 time=81.2 ms
08-13 17:29:10.034 13846 13899 D cellinfo: 46 bytes from 54.197.223.49: icmp_seq=687 ttl=37 time=78.1 ms
08-13 17:29:10.237 13846 13899 D cellinfo: 46 bytes from 54.197.223.49: icmp_seq=688 ttl=37 time=80.5 ms
08-13 17:29:10.430 13846 13846 D cellinfo: Latitude is 40.4175958
08-13 17:29:10.430 13846 13846 D cellinfo: Longitude is -86.8189241
08-13 17:29:10.430 13846 13846 D cellinfo: Instantaneous GPS information: United States, 140 Frontage Rd suite D, Lafayette, IN 47905, USA
08-13 17:29:10.430 13846 13846 D cellinfo: getCurrentLocation() result: Location (success): 40.4175958, -86.8189241
08-13 17:29:10.449 13846 13899 D cellinfo: 46 bytes from 54.197.223.49: icmp_seq=689 ttl=37 time=91.7 ms
08-13 17:29:10.641 13846 13899 D cellinfo: 46 bytes from 54.197.223.49: icmp_seq=690 ttl=37 time=81.8 ms
08-13 17:29:10.845 13846 13899 D cellinfo: 46 bytes from 54.197.223.49: icmp_seq=691 ttl=37 time=85.7 ms
08-13 17:29:11.045 13846 13899 D cellinfo: 46 bytes from 54.197.223.49: icmp_seq=692 ttl=37 time=85.4 ms
08-13 17:29:11.245 13846 13899 D cellinfo: 46 bytes from 54.197.223.49: icmp_seq=693 ttl=37 time=84.4 ms
08-13 17:29:11.441 13846 13899 D cellinfo: 46 bytes from 54.197.223.49: icmp_seq=694 ttl=37 time=79.3 ms
08-13 17:29:11.647 13846 13899 D cellinfo: 46 bytes from 54.197.223.49: icmp_seq=695 ttl=37 time=83.8 ms
08-13 17:29:11.847 13846 13899 D cellinfo: 46 bytes from 54.197.223.49: icmp_seq=696 ttl=37 time=83.7 ms
08-13 17:29:12.045 13846 13899 D cellinfo: 46 bytes from 54.197.223.49: icmp_seq=697 ttl=37 time=80.2 ms
08-13 17:29:12.204 13846 13846 D cellinfo: Latitude is 40.4175958
08-13 17:29:12.204 13846 13846 D cellinfo: Longitude is -86.8189241
08-13 17:29:12.204 13846 13846 D cellinfo: Instantaneous GPS information: United States, 140 Frontage Rd suite D, Lafayette, IN 47905, USA
08-13 17:29:12.204 13846 13846 D cellinfo: getCurrentLocation() result: Location (success): 40.4175958, -86.8189241
08-13 17:29:12.250 13846 13899 D cellinfo: 46 bytes from 54.197.223.49: icmp_seq=698 ttl=37 time=85.6 ms
08-13 17:29:12.417 13846 13846 D cellinfo: onCellInfoChanged: Operator:  UpdateTimestamp: 250028733 CellConnectionStatus: 1
08-13 17:29:12.417 13846 13846 D cellinfo: onCellInfoChanged: 5G-NR Cell Bands: [] ARFCN: 528000 Cell ID: 9223372036854775807 Physical Cell ID: 598 Tracking Area Code: 16777215
08-13 17:29:12.444 13846 13899 D cellinfo: 46 bytes from 54.197.223.49: icmp_seq=699 ttl=37 time=79.1 ms
08-13 17:29:12.645 13846 13899 D cellinfo: 46 bytes from 54.197.223.49: icmp_seq=700 ttl=37 time=79.4 ms
08-13 17:29:12.854 13846 13899 D cellinfo: 46 bytes from 54.197.223.49: icmp_seq=701 ttl=37 time=86.3 ms
08-13 17:29:13.052 13846 13899 D cellinfo: 46 bytes from 54.197.223.49: icmp_seq=702 ttl=37 time=84.6 ms
08-13 17:29:13.249 13846 13899 D cellinfo: 46 bytes from 54.197.223.49: icmp_seq=703 ttl=37 time=81.8 ms
08-13 17:29:13.445 13846 13899 D cellinfo: 46 bytes from 54.197.223.49: icmp_seq=704 ttl=37 time=77.4 ms
08-13 17:29:14.693 13846 13846 D cellinfo: onServiceStateChanged: Channel Number: 700 Cell Bandwidths: [10000, 100000]
08-13 17:29:15.060 13846 13899 D cellinfo: 46 bytes from 54.197.223.49: icmp_seq=706 ttl=37 time=1288 ms
08-13 17:29:15.060 13846 13899 D cellinfo: 46 bytes from 54.197.223.49: icmp_seq=709 ttl=37 time=677 ms
08-13 17:29:15.061 13846 13899 D cellinfo: 46 bytes from 54.197.223.49: icmp_seq=710 ttl=37 time=473 ms
08-13 17:29:15.061 13846 13899 D cellinfo: 46 bytes from 54.197.223.49: icmp_seq=707 ttl=37 time=1085 ms
08-13 17:29:15.061 13846 13899 D cellinfo: 46 bytes from 54.197.223.49: icmp_seq=708 ttl=37 time=881 ms
08-13 17:29:15.061 13846 13899 D cellinfo: 46 bytes from 54.197.223.49: icmp_seq=711 ttl=37 time=269 ms
08-13 17:29:15.077 13846 13899 D cellinfo: 46 bytes from 54.197.223.49: icmp_seq=712 ttl=37 time=82.5 ms
08-13 17:29:15.206 13846 13846 D cellinfo: Latitude is 40.4175958
08-13 17:29:15.206 13846 13846 D cellinfo: Longitude is -86.8189241
08-13 17:29:15.206 13846 13846 D cellinfo: Instantaneous GPS information: United States, 140 Frontage Rd suite D, Lafayette, IN 47905, USA
08-13 17:29:15.206 13846 13846 D cellinfo: getCurrentLocation() result: Location (success): 40.4175958, -86.8189241
08-13 17:29:15.245 13846 13899 D cellinfo: 46 bytes from 54.197.223.49: icmp_seq=705 ttl=37 time=1676 ms
08-13 17:29:15.412 13846 13899 D cellinfo: 46 bytes from 54.197.223.49: icmp_seq=713 ttl=37 time=216 ms
08-13 17:29:15.504 13846 13899 D cellinfo: 46 bytes from 54.197.223.49: icmp_seq=714 ttl=37 time=108 ms
08-13 17:29:15.697 13846 13899 D cellinfo: 46 bytes from 54.197.223.49: icmp_seq=715 ttl=37 time=100 ms
08-13 17:29:15.918 13846 13846 D cellinfo: onServiceStateChanged: Channel Number: 700 Cell Bandwidths: [10000, 100000]
08-13 17:29:15.984 13846 13899 D cellinfo: 46 bytes from 54.197.223.49: icmp_seq=716 ttl=37 time=187 ms
08-13 17:29:16.074 13846 13899 D cellinfo: 46 bytes from 54.197.223.49: icmp_seq=717 ttl=37 time=75.8 ms
08-13 17:29:16.274 13846 13899 D cellinfo: 46 bytes from 54.197.223.49: icmp_seq=718 ttl=37 time=76.2 ms
08-13 17:29:16.475 13846 13899 D cellinfo: 46 bytes from 54.197.223.49: icmp_seq=719 ttl=37 time=75.5 ms
08-13 17:29:16.674 13846 13899 D cellinfo: 46 bytes from 54.197.223.49: icmp_seq=720 ttl=37 time=74.2 ms
08-13 17:29:16.874 13846 13899 D cellinfo: 46 bytes from 54.197.223.49: icmp_seq=721 ttl=37 time=73.3 ms
08-13 17:29:17.111 13846 13899 D cellinfo: 46 bytes from 54.197.223.49: icmp_seq=722 ttl=37 time=109 ms
08-13 17:29:17.280 13846 13899 D cellinfo: 46 bytes from 54.197.223.49: icmp_seq=723 ttl=37 time=76.5 ms
08-13 17:29:17.494 13846 13899 D cellinfo: 46 bytes from 54.197.223.49: icmp_seq=724 ttl=37 time=90.9 ms
08-13 17:29:17.679 13846 13899 D cellinfo: 46 bytes from 54.197.223.49: icmp_seq=725 ttl=37 time=74.7 ms
08-13 17:29:17.879 13846 13899 D cellinfo: 46 bytes from 54.197.223.49: icmp_seq=726 ttl=37 time=74.3 ms
08-13 17:29:18.109 13846 13899 D cellinfo: 46 bytes from 54.197.223.49: icmp_seq=727 ttl=37 time=103 ms
08-13 17:29:18.205 13846 13846 D cellinfo: Latitude is 40.4175958
08-13 17:29:18.205 13846 13846 D cellinfo: Longitude is -86.8189241
08-13 17:29:18.205 13846 13846 D cellinfo: Instantaneous GPS information: United States, 140 Frontage Rd suite D, Lafayette, IN 47905, USA
08-13 17:29:18.205 13846 13846 D cellinfo: getCurrentLocation() result: Location (success): 40.4175958, -86.8189241
08-13 17:29:18.280 13846 13899 D cellinfo: 46 bytes from 54.197.223.49: icmp_seq=728 ttl=37 time=72.9 ms
08-13 17:29:18.419 13846 13846 D cellinfo: onCellInfoChanged: Operator:  UpdateTimestamp: 250034733 CellConnectionStatus: 1
08-13 17:29:18.419 13846 13846 D cellinfo: onCellInfoChanged: 5G-NR Cell Bands: [] ARFCN: 528000 Cell ID: 9223372036854775807 Physical Cell ID: 135 Tracking Area Code: 16777215
08-13 17:29:18.484 13846 13899 D cellinfo: 46 bytes from 54.197.223.49: icmp_seq=729 ttl=37 time=76.5 ms
08-13 17:29:18.707 13846 13899 D cellinfo: 46 bytes from 54.197.223.49: icmp_seq=730 ttl=37 time=98.3 ms
08-13 17:29:18.912 13846 13899 D cellinfo: 46 bytes from 54.197.223.49: icmp_seq=731 ttl=37 time=103 ms
08-13 17:29:19.110 13846 13899 D cellinfo: 46 bytes from 54.197.223.49: icmp_seq=732 ttl=37 time=99.4 ms
08-13 17:29:19.306 13846 13899 D cellinfo: 46 bytes from 54.197.223.49: icmp_seq=733 ttl=37 time=93.7 ms
08-13 17:29:19.509 13846 13899 D cellinfo: 46 bytes from 54.197.223.49: icmp_seq=734 ttl=37 time=96.2 ms
08-13 17:29:19.700 13846 13899 D cellinfo: 46 bytes from 54.197.223.49: icmp_seq=735 ttl=37 time=86.0 ms
08-13 17:29:19.900 13846 13899 D cellinfo: 46 bytes from 54.197.223.49: icmp_seq=736 ttl=37 time=85.3 ms
08-13 17:29:20.135 13846 13899 D cellinfo: 46 bytes from 54.197.223.49: icmp_seq=737 ttl=37 time=118 ms
08-13 17:29:20.294 13846 13899 D cellinfo: 46 bytes from 54.197.223.49: icmp_seq=738 ttl=37 time=77.5 ms
08-13 17:29:20.510 13846 13899 D cellinfo: 46 bytes from 54.197.223.49: icmp_seq=739 ttl=37 time=93.5 ms
08-13 17:29:20.702 13846 13899 D cellinfo: 46 bytes from 54.197.223.49: icmp_seq=740 ttl=37 time=84.0 ms
08-13 17:29:20.936 13846 13899 D cellinfo: 46 bytes from 54.197.223.49: icmp_seq=741 ttl=37 time=116 ms
