--------- beginning of main
08-13 17:12:03.160 12372 12372 D cellinfo: Country == United States
08-13 17:12:03.160 12372 12372 D cellinfo: City == Lafayette
08-13 17:12:03.162 12372 12372 D cellinfo: GPS Info == 40 Frontage Rd, Lafayette, IN 47905, USA
08-13 17:12:03.162 12372 12372 D cellinfo: Network Operator == T-Mobile
08-13 17:12:03.162 12372 12372 D cellinfo: User movement == Static
08-13 17:12:03.162 12372 12372 D cellinfo: isEastCoast == true
08-13 17:12:03.162 12372 12372 D cellinfo: isWestCoast == false
08-13 17:12:03.162 12372 12372 D cellinfo: isBoston == false
08-13 17:12:03.162 12372 12372 D cellinfo: All GPS info fetched. Saving city and country info
08-13 17:12:03.162 12372 12701 D cellinfo: Timestamp: 1660425123
08-13 17:12:03.663 12372 12702 D cellinfo: Logging started
08-13 17:12:03.674 12372 12372 D cellinfo: onServiceStateChanged: Channel Number: 67011 Cell Bandwidths: [5000, 100000]
08-13 17:12:03.676 12372 12372 D cellinfo: onsignalStrengthsChanged: LTE Signal Strength info: rsrp: -93 rsrq: -14 rssi: -61 rssnr: -1
08-13 17:12:03.676 12372 12372 D cellinfo: onsignalStrengthsChanged: 5G-NR Signal Strength info: ssrsrp: -96 ssrsrq: -12 sssinr: 3
08-13 17:12:03.677 12372 12372 D cellinfo: onCellInfoChanged: Operator:  UpdateTimestamp: 248999542 CellConnectionStatus: 1
08-13 17:12:03.677 12372 12372 D cellinfo: onCellInfoChanged: LTE Cell Bands: [66] Bandwidth: 5000 Cell ID: 6652191 Physical Cell ID: 340 Tracking Area Code: 42235 EARFCN: 67011
08-13 17:12:03.679 12372 12372 D cellinfo: onDisplayInfoChanged: NetworkType: LTE OverrideNetworkType: Unknown
08-13 17:12:03.841 12372 12372 D cellinfo: onServiceStateChanged: Channel Number: 67011 Cell Bandwidths: [5000, 10000, 100000]
08-13 17:12:04.167 12372 12701 D cellinfo: Ping command fired: /system/bin/ping -i 0.2 -s 38 54.197.223.49
08-13 17:12:04.262 12372 12701 D cellinfo: PING 54.197.223.49 (54.197.223.49) 38(66) bytes of data.
08-13 17:12:04.262 12372 12701 D cellinfo: 46 bytes from 54.197.223.49: icmp_seq=1 ttl=37 time=79.8 ms
08-13 17:12:04.399 12372 12372 D cellinfo: Latitude is 40.4185034
08-13 17:12:04.400 12372 12372 D cellinfo: Longitude is -86.8183102
08-13 17:12:04.400 12372 12372 D cellinfo: Instantaneous GPS information: United States, 140 Frontage Rd Suite C, Lafayette, IN 47905, USA
08-13 17:12:04.400 12372 12372 D cellinfo: getCurrentLocation() result: Location (success): 40.4185034, -86.8183102
08-13 17:12:04.459 12372 12701 D cellinfo: 46 bytes from 54.197.223.49: icmp_seq=2 ttl=37 time=76.6 ms
08-13 17:12:04.659 12372 12701 D cellinfo: 46 bytes from 54.197.223.49: icmp_seq=3 ttl=37 time=75.0 ms
08-13 17:12:04.863 12372 12701 D cellinfo: 46 bytes from 54.197.223.49: icmp_seq=4 ttl=37 time=78.8 ms
08-13 17:12:05.057 12372 12701 D cellinfo: 46 bytes from 54.197.223.49: icmp_seq=5 ttl=37 time=72.4 ms
08-13 17:12:05.233 12372 12372 D cellinfo: Latitude is 40.4185034
08-13 17:12:05.233 12372 12372 D cellinfo: Longitude is -86.8183102
08-13 17:12:05.233 12372 12372 D cellinfo: Instantaneous GPS information: United States, 140 Frontage Rd Suite C, Lafayette, IN 47905, USA
08-13 17:12:05.233 12372 12372 D cellinfo: getCurrentLocation() result: Location (success): 40.4185034, -86.8183102
08-13 17:12:05.267 12372 12701 D cellinfo: 46 bytes from 54.197.223.49: icmp_seq=6 ttl=37 time=81.8 ms
08-13 17:12:05.275 12372 12372 D cellinfo: onCellInfoChanged: Operator:  UpdateTimestamp: 249001591 CellConnectionStatus: 1
08-13 17:12:05.275 12372 12372 D cellinfo: onCellInfoChanged: 5G-NR Cell Bands: [] ARFCN: 528000 Cell ID: 9223372036854775807 Physical Cell ID: 135 Tracking Area Code: 16777215
08-13 17:12:05.463 12372 12701 D cellinfo: 46 bytes from 54.197.223.49: icmp_seq=7 ttl=37 time=76.3 ms
08-13 17:12:05.661 12372 12701 D cellinfo: 46 bytes from 54.197.223.49: icmp_seq=8 ttl=37 time=74.4 ms
08-13 17:12:05.893 12372 12701 D cellinfo: 46 bytes from 54.197.223.49: icmp_seq=9 ttl=37 time=104 ms
08-13 17:12:06.062 12372 12701 D cellinfo: 46 bytes from 54.197.223.49: icmp_seq=10 ttl=37 time=73.2 ms
08-13 17:12:06.264 12372 12701 D cellinfo: 46 bytes from 54.197.223.49: icmp_seq=11 ttl=37 time=74.6 ms
08-13 17:12:06.464 12372 12701 D cellinfo: 46 bytes from 54.197.223.49: icmp_seq=12 ttl=37 time=74.0 ms
08-13 17:12:06.667 12372 12701 D cellinfo: 46 bytes from 54.197.223.49: icmp_seq=13 ttl=37 time=76.9 ms
08-13 17:12:06.957 12372 12701 D cellinfo: 46 bytes from 54.197.223.49: icmp_seq=14 ttl=37 time=166 ms
08-13 17:12:07.084 12372 12701 D cellinfo: 46 bytes from 54.197.223.49: icmp_seq=15 ttl=37 time=91.4 ms
08-13 17:12:07.287 12372 12701 D cellinfo: 46 bytes from 54.197.223.49: icmp_seq=16 ttl=37 time=94.7 ms
08-13 17:12:07.469 12372 12701 D cellinfo: 46 bytes from 54.197.223.49: icmp_seq=17 ttl=37 time=76.3 ms
08-13 17:12:07.686 12372 12701 D cellinfo: 46 bytes from 54.197.223.49: icmp_seq=18 ttl=37 time=91.8 ms
08-13 17:12:07.894 12372 12701 D cellinfo: 46 bytes from 54.197.223.49: icmp_seq=19 ttl=37 time=99.2 ms
08-13 17:12:08.077 12372 12701 D cellinfo: 46 bytes from 54.197.223.49: icmp_seq=20 ttl=37 time=80.6 ms
08-13 17:12:08.227 12372 12372 D cellinfo: Latitude is 40.4185034
08-13 17:12:08.227 12372 12372 D cellinfo: Longitude is -86.8183102
08-13 17:12:08.227 12372 12372 D cellinfo: Instantaneous GPS information: United States, 140 Frontage Rd Suite C, Lafayette, IN 47905, USA
08-13 17:12:08.227 12372 12372 D cellinfo: getCurrentLocation() result: Location (success): 40.4185034, -86.8183102
08-13 17:12:08.266 12372 12372 D cellinfo: onCellInfoChanged: Operator:  UpdateTimestamp: 249004582 CellConnectionStatus: 1
08-13 17:12:08.266 12372 12372 D cellinfo: onCellInfoChanged: 5G-NR Cell Bands: [] ARFCN: 528000 Cell ID: 9223372036854775807 Physical Cell ID: 135 Tracking Area Code: 16777215
08-13 17:12:08.276 12372 12701 D cellinfo: 46 bytes from 54.197.223.49: icmp_seq=21 ttl=37 time=80.8 ms
08-13 17:12:08.482 12372 12701 D cellinfo: 46 bytes from 54.197.223.49: icmp_seq=22 ttl=37 time=86.1 ms
08-13 17:12:08.678 12372 12701 D cellinfo: 46 bytes from 54.197.223.49: icmp_seq=23 ttl=37 time=79.8 ms
08-13 17:12:08.877 12372 12701 D cellinfo: 46 bytes from 54.197.223.49: icmp_seq=24 ttl=37 time=78.9 ms
08-13 17:12:09.077 12372 12701 D cellinfo: 46 bytes from 54.197.223.49: icmp_seq=25 ttl=37 time=78.0 ms
08-13 17:12:09.279 12372 12701 D cellinfo: 46 bytes from 54.197.223.49: icmp_seq=26 ttl=37 time=79.1 ms
08-13 17:12:09.517 12372 12701 D cellinfo: 46 bytes from 54.197.223.49: icmp_seq=27 ttl=37 time=116 ms
08-13 17:12:09.677 12372 12701 D cellinfo: 46 bytes from 54.197.223.49: icmp_seq=28 ttl=37 time=75.2 ms
08-13 17:12:09.883 12372 12701 D cellinfo: 46 bytes from 54.197.223.49: icmp_seq=29 ttl=37 time=79.9 ms
08-13 17:12:10.082 12372 12701 D cellinfo: 46 bytes from 54.197.223.49: icmp_seq=30 ttl=37 time=78.1 ms
08-13 17:12:10.285 12372 12701 D cellinfo: 46 bytes from 54.197.223.49: icmp_seq=31 ttl=37 time=79.8 ms
08-13 17:12:10.477 12372 12701 D cellinfo: 46 bytes from 54.197.223.49: icmp_seq=32 ttl=37 time=71.5 ms
08-13 17:12:10.693 12372 12701 D cellinfo: 46 bytes from 54.197.223.49: icmp_seq=33 ttl=37 time=87.1 ms
08-13 17:12:10.884 12372 12701 D cellinfo: 46 bytes from 54.197.223.49: icmp_seq=34 ttl=37 time=77.0 ms
08-13 17:12:11.092 12372 12701 D cellinfo: 46 bytes from 54.197.223.49: icmp_seq=35 ttl=37 time=84.5 ms
08-13 17:12:11.229 12372 12372 D cellinfo: Latitude is 40.4185034
08-13 17:12:11.229 12372 12372 D cellinfo: Longitude is -86.8183102
08-13 17:12:11.229 12372 12372 D cellinfo: Instantaneous GPS information: United States, 140 Frontage Rd Suite C, Lafayette, IN 47905, USA
08-13 17:12:11.229 12372 12372 D cellinfo: getCurrentLocation() result: Location (success): 40.4185034, -86.8183102
08-13 17:12:11.270 12372 12372 D cellinfo: onCellInfoChanged: Operator:  UpdateTimestamp: 249007587 CellConnectionStatus: 1
08-13 17:12:11.270 12372 12372 D cellinfo: onCellInfoChanged: 5G-NR Cell Bands: [] ARFCN: 528000 Cell ID: 9223372036854775807 Physical Cell ID: 135 Tracking Area Code: 16777215
08-13 17:12:11.287 12372 12701 D cellinfo: 46 bytes from 54.197.223.49: icmp_seq=36 ttl=37 time=79.2 ms
08-13 17:12:11.492 12372 12701 D cellinfo: 46 bytes from 54.197.223.49: icmp_seq=37 ttl=37 time=83.0 ms
08-13 17:12:11.693 12372 12701 D cellinfo: 46 bytes from 54.197.223.49: icmp_seq=38 ttl=37 time=82.6 ms
08-13 17:12:11.892 12372 12701 D cellinfo: 46 bytes from 54.197.223.49: icmp_seq=39 ttl=37 time=81.0 ms
08-13 17:12:12.092 12372 12701 D cellinfo: 46 bytes from 54.197.223.49: icmp_seq=40 ttl=37 time=80.4 ms
08-13 17:12:12.287 12372 12701 D cellinfo: 46 bytes from 54.197.223.49: icmp_seq=41 ttl=37 time=75.1 ms
08-13 17:12:12.487 12372 12701 D cellinfo: 46 bytes from 54.197.223.49: icmp_seq=42 ttl=37 time=73.6 ms
08-13 17:12:12.688 12372 12701 D cellinfo: 46 bytes from 54.197.223.49: icmp_seq=43 ttl=37 time=73.8 ms
08-13 17:12:12.893 12372 12701 D cellinfo: 46 bytes from 54.197.223.49: icmp_seq=44 ttl=37 time=78.0 ms
08-13 17:12:13.093 12372 12701 D cellinfo: 46 bytes from 54.197.223.49: icmp_seq=45 ttl=37 time=77.0 ms
08-13 17:12:13.293 12372 12701 D cellinfo: 46 bytes from 54.197.223.49: icmp_seq=46 ttl=37 time=75.8 ms
08-13 17:12:13.493 12372 12701 D cellinfo: 46 bytes from 54.197.223.49: icmp_seq=47 ttl=37 time=74.3 ms
08-13 17:12:13.693 12372 12701 D cellinfo: 46 bytes from 54.197.223.49: icmp_seq=48 ttl=37 time=74.1 ms
08-13 17:12:13.896 12372 12701 D cellinfo: 46 bytes from 54.197.223.49: icmp_seq=49 ttl=37 time=75.8 ms
08-13 17:12:14.092 12372 12701 D cellinfo: 46 bytes from 54.197.223.49: icmp_seq=50 ttl=37 time=71.8 ms
08-13 17:12:14.253 12372 12372 D cellinfo: onCellInfoChanged: Operator:  UpdateTimestamp: 249010567 CellConnectionStatus: 1
08-13 17:12:14.253 12372 12372 D cellinfo: onCellInfoChanged: 5G-NR Cell Bands: [] ARFCN: 528000 Cell ID: 9223372036854775807 Physical Cell ID: 135 Tracking Area Code: 16777215
08-13 17:12:14.325 12372 12701 D cellinfo: 46 bytes from 54.197.223.49: icmp_seq=51 ttl=37 time=104 ms
08-13 17:12:14.499 12372 12701 D cellinfo: 46 bytes from 54.197.223.49: icmp_seq=52 ttl=37 time=77.5 ms
08-13 17:12:14.702 12372 12701 D cellinfo: 46 bytes from 54.197.223.49: icmp_seq=53 ttl=37 time=79.8 ms
08-13 17:12:14.912 12372 12701 D cellinfo: 46 bytes from 54.197.223.49: icmp_seq=54 ttl=37 time=88.6 ms
08-13 17:12:15.100 12372 12701 D cellinfo: 46 bytes from 54.197.223.49: icmp_seq=55 ttl=37 time=76.0 ms
08-13 17:12:15.296 12372 12701 D cellinfo: 46 bytes from 54.197.223.49: icmp_seq=56 ttl=37 time=71.8 ms
08-13 17:12:15.504 12372 12701 D cellinfo: 46 bytes from 54.197.223.49: icmp_seq=57 ttl=37 time=78.8 ms
08-13 17:12:15.727 12372 12701 D cellinfo: 46 bytes from 54.197.223.49: icmp_seq=58 ttl=37 time=101 ms
08-13 17:12:15.902 12372 12701 D cellinfo: 46 bytes from 54.197.223.49: icmp_seq=59 ttl=37 time=76.2 ms
08-13 17:12:16.109 12372 12701 D cellinfo: 46 bytes from 54.197.223.49: icmp_seq=60 ttl=37 time=81.3 ms
08-13 17:12:16.307 12372 12701 D cellinfo: 46 bytes from 54.197.223.49: icmp_seq=61 ttl=37 time=79.6 ms
08-13 17:12:16.504 12372 12701 D cellinfo: 46 bytes from 54.197.223.49: icmp_seq=62 ttl=37 time=75.4 ms
08-13 17:12:16.703 12372 12701 D cellinfo: 46 bytes from 54.197.223.49: icmp_seq=63 ttl=37 time=73.6 ms
08-13 17:12:16.902 12372 12701 D cellinfo: 46 bytes from 54.197.223.49: icmp_seq=64 ttl=37 time=72.4 ms
08-13 17:12:17.112 12372 12701 D cellinfo: 46 bytes from 54.197.223.49: icmp_seq=65 ttl=37 time=81.5 ms
08-13 17:12:17.328 12372 12701 D cellinfo: 46 bytes from 54.197.223.49: icmp_seq=66 ttl=37 time=96.0 ms
08-13 17:12:17.522 12372 12701 D cellinfo: 46 bytes from 54.197.223.49: icmp_seq=67 ttl=37 time=89.1 ms
08-13 17:12:17.729 12372 12701 D cellinfo: 46 bytes from 54.197.223.49: icmp_seq=68 ttl=37 time=94.9 ms
08-13 17:12:17.922 12372 12701 D cellinfo: 46 bytes from 54.197.223.49: icmp_seq=69 ttl=37 time=87.5 ms
08-13 17:12:18.138 12372 12701 D cellinfo: 46 bytes from 54.197.223.49: icmp_seq=70 ttl=37 time=101 ms
08-13 17:12:18.322 12372 12701 D cellinfo: 46 bytes from 54.197.223.49: icmp_seq=71 ttl=37 time=85.3 ms
08-13 17:12:18.523 12372 12701 D cellinfo: 46 bytes from 54.197.223.49: icmp_seq=72 ttl=37 time=85.0 ms
08-13 17:12:18.717 12372 12701 D cellinfo: 46 bytes from 54.197.223.49: icmp_seq=73 ttl=37 time=78.7 ms
08-13 17:12:18.922 12372 12701 D cellinfo: 46 bytes from 54.197.223.49: icmp_seq=74 ttl=37 time=82.6 ms
08-13 17:12:19.122 12372 12701 D cellinfo: 46 bytes from 54.197.223.49: icmp_seq=75 ttl=37 time=81.6 ms
08-13 17:12:19.279 12372 12372 D cellinfo: onCellInfoChanged: Operator:  UpdateTimestamp: 249015592 CellConnectionStatus: 1
08-13 17:12:19.279 12372 12372 D cellinfo: onCellInfoChanged: 5G-NR Cell Bands: [] ARFCN: 528000 Cell ID: 9223372036854775807 Physical Cell ID: 135 Tracking Area Code: 16777215
08-13 17:12:19.327 12372 12701 D cellinfo: 46 bytes from 54.197.223.49: icmp_seq=76 ttl=37 time=86.7 ms
08-13 17:12:19.525 12372 12701 D cellinfo: 46 bytes from 54.197.223.49: icmp_seq=77 ttl=37 time=83.3 ms
08-13 17:12:19.710 12372 12372 D cellinfo: Latitude is 40.4181535
08-13 17:12:19.710 12372 12372 D cellinfo: Longitude is -86.8178487
08-13 17:12:19.710 12372 12372 D cellinfo: Instantaneous GPS information: United States, 40 Frontage Rd, Lafayette, IN 47905, USA
08-13 17:12:19.710 12372 12372 D cellinfo: getCurrentLocation() result: Location (success): 40.4181535, -86.8178487
08-13 17:12:19.723 12372 12701 D cellinfo: 46 bytes from 54.197.223.49: icmp_seq=78 ttl=37 time=79.8 ms
08-13 17:12:19.742 12372 12372 D cellinfo: Latitude is 40.4181535
08-13 17:12:19.742 12372 12372 D cellinfo: Longitude is -86.8178487
08-13 17:12:19.742 12372 12372 D cellinfo: Instantaneous GPS information: United States, 40 Frontage Rd, Lafayette, IN 47905, USA
08-13 17:12:19.742 12372 12372 D cellinfo: getCurrentLocation() result: Location (success): 40.4181535, -86.8178487
08-13 17:12:19.917 12372 12701 D cellinfo: 46 bytes from 54.197.223.49: icmp_seq=79 ttl=37 time=73.4 ms
08-13 17:12:20.117 12372 12701 D cellinfo: 46 bytes from 54.197.223.49: icmp_seq=80 ttl=37 time=72.4 ms
08-13 17:12:20.223 12372 12372 D cellinfo: Latitude is 40.4181535
08-13 17:12:20.223 12372 12372 D cellinfo: Longitude is -86.8178487
08-13 17:12:20.223 12372 12372 D cellinfo: Instantaneous GPS information: United States, 40 Frontage Rd, Lafayette, IN 47905, USA
08-13 17:12:20.223 12372 12372 D cellinfo: getCurrentLocation() result: Location (success): 40.4181535, -86.8178487
08-13 17:12:20.327 12372 12701 D cellinfo: 46 bytes from 54.197.223.49: icmp_seq=81 ttl=37 time=81.5 ms
08-13 17:12:20.524 12372 12701 D cellinfo: 46 bytes from 54.197.223.49: icmp_seq=82 ttl=37 time=76.9 ms
08-13 17:12:20.728 12372 12701 D cellinfo: 46 bytes from 54.197.223.49: icmp_seq=83 ttl=37 time=80.1 ms
08-13 17:12:20.929 12372 12701 D cellinfo: 46 bytes from 54.197.223.49: icmp_seq=84 ttl=37 time=80.0 ms
08-13 17:12:21.127 12372 12701 D cellinfo: 46 bytes from 54.197.223.49: icmp_seq=85 ttl=37 time=77.3 ms
08-13 17:12:21.323 12372 12701 D cellinfo: 46 bytes from 54.197.223.49: icmp_seq=86 ttl=37 time=71.6 ms
08-13 17:12:21.523 12372 12701 D cellinfo: 46 bytes from 54.197.223.49: icmp_seq=87 ttl=37 time=71.0 ms
08-13 17:12:21.728 12372 12701 D cellinfo: 46 bytes from 54.197.223.49: icmp_seq=88 ttl=37 time=76.2 ms
08-13 17:12:21.932 12372 12701 D cellinfo: 46 bytes from 54.197.223.49: icmp_seq=89 ttl=37 time=79.1 ms
08-13 17:12:22.128 12372 12701 D cellinfo: 46 bytes from 54.197.223.49: icmp_seq=90 ttl=37 time=73.1 ms
08-13 17:12:22.338 12372 12701 D cellinfo: 46 bytes from 54.197.223.49: icmp_seq=91 ttl=37 time=82.2 ms
08-13 17:12:22.538 12372 12701 D cellinfo: 46 bytes from 54.197.223.49: icmp_seq=92 ttl=37 time=78.5 ms
08-13 17:12:22.733 12372 12701 D cellinfo: 46 bytes from 54.197.223.49: icmp_seq=93 ttl=37 time=72.6 ms
08-13 17:12:22.932 12372 12701 D cellinfo: 46 bytes from 54.197.223.49: icmp_seq=94 ttl=37 time=72.2 ms
08-13 17:12:23.142 12372 12701 D cellinfo: 46 bytes from 54.197.223.49: icmp_seq=95 ttl=37 time=80.7 ms
08-13 17:12:23.231 12372 12372 D cellinfo: Latitude is 40.4181535
08-13 17:12:23.232 12372 12372 D cellinfo: Longitude is -86.8178487
08-13 17:12:23.232 12372 12372 D cellinfo: Instantaneous GPS information: United States, 40 Frontage Rd, Lafayette, IN 47905, USA
08-13 17:12:23.232 12372 12372 D cellinfo: getCurrentLocation() result: Location (success): 40.4181535, -86.8178487
08-13 17:12:23.284 12372 12372 D cellinfo: onCellInfoChanged: Operator:  UpdateTimestamp: 249019598 CellConnectionStatus: 1
08-13 17:12:23.285 12372 12372 D cellinfo: onCellInfoChanged: 5G-NR Cell Bands: [] ARFCN: 528000 Cell ID: 9223372036854775807 Physical Cell ID: 135 Tracking Area Code: 16777215
08-13 17:12:23.337 12372 12701 D cellinfo: 46 bytes from 54.197.223.49: icmp_seq=96 ttl=37 time=76.1 ms
08-13 17:12:23.559 12372 12701 D cellinfo: 46 bytes from 54.197.223.49: icmp_seq=97 ttl=37 time=97.0 ms
08-13 17:12:23.738 12372 12701 D cellinfo: 46 bytes from 54.197.223.49: icmp_seq=98 ttl=37 time=74.3 ms
08-13 17:12:23.938 12372 12701 D cellinfo: 46 bytes from 54.197.223.49: icmp_seq=99 ttl=37 time=72.7 ms
08-13 17:12:24.168 12372 12701 D cellinfo: 46 bytes from 54.197.223.49: icmp_seq=100 ttl=37 time=102 ms
08-13 17:12:24.360 12372 12701 D cellinfo: 46 bytes from 54.197.223.49: icmp_seq=101 ttl=37 time=93.4 ms
08-13 17:12:24.543 12372 12701 D cellinfo: 46 bytes from 54.197.223.49: icmp_seq=102 ttl=37 time=75.3 ms
08-13 17:12:24.747 12372 12701 D cellinfo: 46 bytes from 54.197.223.49: icmp_seq=103 ttl=37 time=78.3 ms
08-13 17:12:24.962 12372 12701 D cellinfo: 46 bytes from 54.197.223.49: icmp_seq=104 ttl=37 time=91.6 ms
08-13 17:12:25.145 12372 12701 D cellinfo: 46 bytes from 54.197.223.49: icmp_seq=105 ttl=37 time=74.5 ms
08-13 17:12:25.376 12372 12701 D cellinfo: 46 bytes from 54.197.223.49: icmp_seq=106 ttl=37 time=104 ms
08-13 17:12:25.562 12372 12701 D cellinfo: 46 bytes from 54.197.223.49: icmp_seq=107 ttl=37 time=90.2 ms
08-13 17:12:25.765 12372 12701 D cellinfo: 46 bytes from 54.197.223.49: icmp_seq=108 ttl=37 time=92.0 ms
08-13 17:12:25.949 12372 12701 D cellinfo: 46 bytes from 54.197.223.49: icmp_seq=109 ttl=37 time=74.2 ms
08-13 17:12:26.165 12372 12701 D cellinfo: 46 bytes from 54.197.223.49: icmp_seq=110 ttl=37 time=90.3 ms
08-13 17:12:26.228 12372 12372 D cellinfo: Latitude is 40.4181535
08-13 17:12:26.228 12372 12372 D cellinfo: Longitude is -86.8178487
08-13 17:12:26.228 12372 12372 D cellinfo: Instantaneous GPS information: United States, 40 Frontage Rd, Lafayette, IN 47905, USA
08-13 17:12:26.228 12372 12372 D cellinfo: getCurrentLocation() result: Location (success): 40.4181535, -86.8178487
08-13 17:12:26.282 12372 12372 D cellinfo: onCellInfoChanged: Operator:  UpdateTimestamp: 249022596 CellConnectionStatus: 1
08-13 17:12:26.282 12372 12372 D cellinfo: onCellInfoChanged: 5G-NR Cell Bands: [] ARFCN: 528000 Cell ID: 9223372036854775807 Physical Cell ID: 135 Tracking Area Code: 16777215
08-13 17:12:26.348 12372 12701 D cellinfo: 46 bytes from 54.197.223.49: icmp_seq=111 ttl=37 time=72.6 ms
08-13 17:12:26.569 12372 12701 D cellinfo: 46 bytes from 54.197.223.49: icmp_seq=112 ttl=37 time=91.9 ms
08-13 17:12:26.767 12372 12701 D cellinfo: 46 bytes from 54.197.223.49: icmp_seq=113 ttl=37 time=90.0 ms
08-13 17:12:26.974 12372 12701 D cellinfo: 46 bytes from 54.197.223.49: icmp_seq=114 ttl=37 time=95.6 ms
08-13 17:12:27.164 12372 12701 D cellinfo: 46 bytes from 54.197.223.49: icmp_seq=115 ttl=37 time=85.4 ms
08-13 17:12:27.353 12372 12701 D cellinfo: 46 bytes from 54.197.223.49: icmp_seq=116 ttl=37 time=73.2 ms
08-13 17:12:27.572 12372 12701 D cellinfo: 46 bytes from 54.197.223.49: icmp_seq=117 ttl=37 time=90.8 ms
08-13 17:12:27.776 12372 12701 D cellinfo: 46 bytes from 54.197.223.49: icmp_seq=118 ttl=37 time=93.3 ms
08-13 17:12:27.957 12372 12701 D cellinfo: 46 bytes from 54.197.223.49: icmp_seq=119 ttl=37 time=74.5 ms
08-13 17:12:28.163 12372 12701 D cellinfo: 46 bytes from 54.197.223.49: icmp_seq=120 ttl=37 time=79.6 ms
08-13 17:12:28.362 12372 12701 D cellinfo: 46 bytes from 54.197.223.49: icmp_seq=121 ttl=37 time=78.8 ms
08-13 17:12:28.562 12372 12701 D cellinfo: 46 bytes from 54.197.223.49: icmp_seq=122 ttl=37 time=78.0 ms
08-13 17:12:28.762 12372 12701 D cellinfo: 46 bytes from 54.197.223.49: icmp_seq=123 ttl=37 time=76.4 ms
08-13 17:12:28.977 12372 12701 D cellinfo: 46 bytes from 54.197.223.49: icmp_seq=124 ttl=37 time=90.3 ms
08-13 17:12:29.162 12372 12701 D cellinfo: 46 bytes from 54.197.223.49: icmp_seq=125 ttl=37 time=74.0 ms
08-13 17:12:29.226 12372 12372 D cellinfo: Latitude is 40.4181535
08-13 17:12:29.226 12372 12372 D cellinfo: Longitude is -86.8178487
08-13 17:12:29.226 12372 12372 D cellinfo: Instantaneous GPS information: United States, 40 Frontage Rd, Lafayette, IN 47905, USA
08-13 17:12:29.226 12372 12372 D cellinfo: getCurrentLocation() result: Location (success): 40.4181535, -86.8178487
08-13 17:12:29.362 12372 12701 D cellinfo: 46 bytes from 54.197.223.49: icmp_seq=126 ttl=37 time=72.9 ms
08-13 17:12:29.579 12372 12701 D cellinfo: 46 bytes from 54.197.223.49: icmp_seq=127 ttl=37 time=88.4 ms
08-13 17:12:29.782 12372 12701 D cellinfo: 46 bytes from 54.197.223.49: icmp_seq=128 ttl=37 time=91.1 ms
08-13 17:12:29.963 12372 12701 D cellinfo: 46 bytes from 54.197.223.49: icmp_seq=129 ttl=37 time=72.4 ms
08-13 17:12:30.171 12372 12701 D cellinfo: 46 bytes from 54.197.223.49: icmp_seq=130 ttl=37 time=79.9 ms
08-13 17:12:30.368 12372 12701 D cellinfo: 46 bytes from 54.197.223.49: icmp_seq=131 ttl=37 time=76.3 ms
08-13 17:12:30.588 12372 12701 D cellinfo: 46 bytes from 54.197.223.49: icmp_seq=132 ttl=37 time=95.5 ms
08-13 17:12:30.773 12372 12701 D cellinfo: 46 bytes from 54.197.223.49: icmp_seq=133 ttl=37 time=80.0 ms
08-13 17:12:30.972 12372 12701 D cellinfo: 46 bytes from 54.197.223.49: icmp_seq=134 ttl=37 time=78.2 ms
08-13 17:12:31.170 12372 12701 D cellinfo: 46 bytes from 54.197.223.49: icmp_seq=135 ttl=37 time=75.3 ms
08-13 17:12:31.383 12372 12701 D cellinfo: 46 bytes from 54.197.223.49: icmp_seq=136 ttl=37 time=86.4 ms
08-13 17:12:31.599 12372 12701 D cellinfo: 46 bytes from 54.197.223.49: icmp_seq=137 ttl=37 time=101 ms
08-13 17:12:31.808 12372 12701 D cellinfo: 46 bytes from 54.197.223.49: icmp_seq=138 ttl=37 time=110 ms
08-13 17:12:31.997 12372 12701 D cellinfo: 46 bytes from 54.197.223.49: icmp_seq=139 ttl=37 time=99.3 ms
08-13 17:12:32.189 12372 12701 D cellinfo: 46 bytes from 54.197.223.49: icmp_seq=140 ttl=37 time=90.0 ms
08-13 17:12:32.373 12372 12701 D cellinfo: 46 bytes from 54.197.223.49: icmp_seq=141 ttl=37 time=72.9 ms
08-13 17:12:32.451 12372 12372 D cellinfo: onCellInfoChanged: Operator:  UpdateTimestamp: 249028767 CellConnectionStatus: 1
08-13 17:12:32.451 12372 12372 D cellinfo: onCellInfoChanged: 5G-NR Cell Bands: [] ARFCN: 528000 Cell ID: 9223372036854775807 Physical Cell ID: 135 Tracking Area Code: 16777215
08-13 17:12:32.672 12372 12701 D cellinfo: 46 bytes from 54.197.223.49: icmp_seq=142 ttl=37 time=171 ms
08-13 17:12:32.793 12372 12701 D cellinfo: 46 bytes from 54.197.223.49: icmp_seq=143 ttl=37 time=90.5 ms
08-13 17:12:33.000 12372 12701 D cellinfo: 46 bytes from 54.197.223.49: icmp_seq=144 ttl=37 time=97.1 ms
08-13 17:12:33.187 12372 12701 D cellinfo: 46 bytes from 54.197.223.49: icmp_seq=145 ttl=37 time=83.4 ms
08-13 17:12:33.382 12372 12701 D cellinfo: 46 bytes from 54.197.223.49: icmp_seq=146 ttl=37 time=76.3 ms
08-13 17:12:33.492 12372 12372 D cellinfo: Latitude is 40.4180111
08-13 17:12:33.492 12372 12372 D cellinfo: Longitude is -86.8173166
08-13 17:12:33.492 12372 12372 D cellinfo: Instantaneous GPS information: United States, 40 Frontage Rd, Lafayette, IN 47905, USA
08-13 17:12:33.492 12372 12372 D cellinfo: getCurrentLocation() result: Location (success): 40.4180111, -86.8173166
08-13 17:12:33.578 12372 12701 D cellinfo: 46 bytes from 54.197.223.49: icmp_seq=147 ttl=37 time=72.5 ms
08-13 17:12:33.784 12372 12701 D cellinfo: 46 bytes from 54.197.223.49: icmp_seq=148 ttl=37 time=77.6 ms
08-13 17:12:33.983 12372 12701 D cellinfo: 46 bytes from 54.197.223.49: icmp_seq=149 ttl=37 time=75.2 ms
08-13 17:12:34.183 12372 12701 D cellinfo: 46 bytes from 54.197.223.49: icmp_seq=150 ttl=37 time=75.3 ms
08-13 17:12:34.383 12372 12701 D cellinfo: 46 bytes from 54.197.223.49: icmp_seq=151 ttl=37 time=74.9 ms
08-13 17:12:34.582 12372 12701 D cellinfo: 46 bytes from 54.197.223.49: icmp_seq=152 ttl=37 time=73.2 ms
08-13 17:12:34.786 12372 12701 D cellinfo: 46 bytes from 54.197.223.49: icmp_seq=153 ttl=37 time=75.0 ms
08-13 17:12:34.998 12372 12701 D cellinfo: 46 bytes from 54.197.223.49: icmp_seq=154 ttl=37 time=86.5 ms
08-13 17:12:35.188 12372 12701 D cellinfo: 46 bytes from 54.197.223.49: icmp_seq=155 ttl=37 time=76.4 ms
08-13 17:12:35.228 12372 12372 D cellinfo: Latitude is 40.4180111
08-13 17:12:35.228 12372 12372 D cellinfo: Longitude is -86.8173166
08-13 17:12:35.228 12372 12372 D cellinfo: Instantaneous GPS information: United States, 40 Frontage Rd, Lafayette, IN 47905, USA
08-13 17:12:35.228 12372 12372 D cellinfo: getCurrentLocation() result: Location (success): 40.4180111, -86.8173166
08-13 17:12:35.271 12372 12372 D cellinfo: onCellInfoChanged: Operator:  UpdateTimestamp: 249031588 CellConnectionStatus: 1
08-13 17:12:35.271 12372 12372 D cellinfo: onCellInfoChanged: 5G-NR Cell Bands: [] ARFCN: 528000 Cell ID: 9223372036854775807 Physical Cell ID: 598 Tracking Area Code: 16777215
08-13 17:12:35.388 12372 12701 D cellinfo: 46 bytes from 54.197.223.49: icmp_seq=156 ttl=37 time=75.8 ms
08-13 17:12:35.588 12372 12701 D cellinfo: 46 bytes from 54.197.223.49: icmp_seq=157 ttl=37 time=75.5 ms
08-13 17:12:35.788 12372 12701 D cellinfo: 46 bytes from 54.197.223.49: icmp_seq=158 ttl=37 time=74.9 ms
08-13 17:12:35.988 12372 12701 D cellinfo: 46 bytes from 54.197.223.49: icmp_seq=159 ttl=37 time=73.7 ms
08-13 17:12:36.188 12372 12701 D cellinfo: 46 bytes from 54.197.223.49: icmp_seq=160 ttl=37 time=73.2 ms
08-13 17:12:36.388 12372 12701 D cellinfo: 46 bytes from 54.197.223.49: icmp_seq=161 ttl=37 time=72.0 ms
08-13 17:12:36.592 12372 12701 D cellinfo: 46 bytes from 54.197.223.49: icmp_seq=162 ttl=37 time=75.9 ms
08-13 17:12:36.793 12372 12701 D cellinfo: 46 bytes from 54.197.223.49: icmp_seq=163 ttl=37 time=75.5 ms
08-13 17:12:37.000 12372 12701 D cellinfo: 46 bytes from 54.197.223.49: icmp_seq=164 ttl=37 time=82.6 ms
08-13 17:12:37.194 12372 12701 D cellinfo: 46 bytes from 54.197.223.49: icmp_seq=165 ttl=37 time=76.5 ms
08-13 17:12:37.392 12372 12701 D cellinfo: 46 bytes from 54.197.223.49: icmp_seq=166 ttl=37 time=75.2 ms
08-13 17:12:37.594 12372 12701 D cellinfo: 46 bytes from 54.197.223.49: icmp_seq=167 ttl=37 time=74.9 ms
08-13 17:12:37.799 12372 12701 D cellinfo: 46 bytes from 54.197.223.49: icmp_seq=168 ttl=37 time=79.5 ms
08-13 17:12:37.993 12372 12701 D cellinfo: 46 bytes from 54.197.223.49: icmp_seq=169 ttl=37 time=73.2 ms
08-13 17:12:38.193 12372 12701 D cellinfo: 46 bytes from 54.197.223.49: icmp_seq=170 ttl=37 time=71.9 ms
08-13 17:12:38.229 12372 12372 D cellinfo: Latitude is 40.4180102
08-13 17:12:38.229 12372 12372 D cellinfo: Longitude is -86.8173073
08-13 17:12:38.229 12372 12372 D cellinfo: Instantaneous GPS information: United States, 40 Frontage Rd, Lafayette, IN 47905, USA
08-13 17:12:38.229 12372 12372 D cellinfo: getCurrentLocation() result: Location (success): 40.4180102, -86.8173073
08-13 17:12:38.279 12372 12372 D cellinfo: onCellInfoChanged: Operator:  UpdateTimestamp: 249034594 CellConnectionStatus: 1
08-13 17:12:38.279 12372 12372 D cellinfo: onCellInfoChanged: 5G-NR Cell Bands: [] ARFCN: 528000 Cell ID: 9223372036854775807 Physical Cell ID: 598 Tracking Area Code: 16777215
08-13 17:12:38.402 12372 12701 D cellinfo: 46 bytes from 54.197.223.49: icmp_seq=171 ttl=37 time=80.6 ms
08-13 17:12:38.599 12372 12701 D cellinfo: 46 bytes from 54.197.223.49: icmp_seq=172 ttl=37 time=77.6 ms
08-13 17:12:38.803 12372 12701 D cellinfo: 46 bytes from 54.197.223.49: icmp_seq=173 ttl=37 time=80.9 ms
08-13 17:12:38.998 12372 12701 D cellinfo: 46 bytes from 54.197.223.49: icmp_seq=174 ttl=37 time=74.1 ms
08-13 17:12:39.198 12372 12701 D cellinfo: 46 bytes from 54.197.223.49: icmp_seq=175 ttl=37 time=74.1 ms
08-13 17:12:39.398 12372 12701 D cellinfo: 46 bytes from 54.197.223.49: icmp_seq=176 ttl=37 time=72.3 ms
08-13 17:12:39.603 12372 12701 D cellinfo: 46 bytes from 54.197.223.49: icmp_seq=177 ttl=37 time=76.5 ms
08-13 17:12:39.803 12372 12701 D cellinfo: 46 bytes from 54.197.223.49: icmp_seq=178 ttl=37 time=75.6 ms
08-13 17:12:40.002 12372 12701 D cellinfo: 46 bytes from 54.197.223.49: icmp_seq=179 ttl=37 time=74.8 ms
08-13 17:12:40.204 12372 12701 D cellinfo: 46 bytes from 54.197.223.49: icmp_seq=180 ttl=37 time=76.8 ms
08-13 17:12:40.403 12372 12701 D cellinfo: 46 bytes from 54.197.223.49: icmp_seq=181 ttl=37 time=74.5 ms
08-13 17:12:40.603 12372 12701 D cellinfo: 46 bytes from 54.197.223.49: icmp_seq=182 ttl=37 time=74.5 ms
08-13 17:12:40.813 12372 12701 D cellinfo: 46 bytes from 54.197.223.49: icmp_seq=183 ttl=37 time=83.2 ms
08-13 17:12:41.003 12372 12701 D cellinfo: 46 bytes from 54.197.223.49: icmp_seq=184 ttl=37 time=72.2 ms
08-13 17:12:41.208 12372 12701 D cellinfo: 46 bytes from 54.197.223.49: icmp_seq=185 ttl=37 time=77.2 ms
08-13 17:12:41.228 12372 12372 D cellinfo: Latitude is 40.4180102
08-13 17:12:41.228 12372 12372 D cellinfo: Longitude is -86.8173073
08-13 17:12:41.228 12372 12372 D cellinfo: Instantaneous GPS information: United States, 40 Frontage Rd, Lafayette, IN 47905, USA
08-13 17:12:41.228 12372 12372 D cellinfo: getCurrentLocation() result: Location (success): 40.4180102, -86.8173073
08-13 17:12:41.285 12372 12372 D cellinfo: onCellInfoChanged: Operator:  UpdateTimestamp: 249037597 CellConnectionStatus: 1
08-13 17:12:41.285 12372 12372 D cellinfo: onCellInfoChanged: 5G-NR Cell Bands: [] ARFCN: 528000 Cell ID: 9223372036854775807 Physical Cell ID: 598 Tracking Area Code: 16777215
08-13 17:12:41.408 12372 12701 D cellinfo: 46 bytes from 54.197.223.49: icmp_seq=186 ttl=37 time=75.9 ms
08-13 17:12:41.609 12372 12701 D cellinfo: 46 bytes from 54.197.223.49: icmp_seq=187 ttl=37 time=76.2 ms
08-13 17:12:41.808 12372 12701 D cellinfo: 46 bytes from 54.197.223.49: icmp_seq=188 ttl=37 time=73.6 ms
08-13 17:12:42.007 12372 12701 D cellinfo: 46 bytes from 54.197.223.49: icmp_seq=189 ttl=37 time=72.8 ms
08-13 17:12:42.208 12372 12701 D cellinfo: 46 bytes from 54.197.223.49: icmp_seq=190 ttl=37 time=73.4 ms
08-13 17:12:42.413 12372 12701 D cellinfo: 46 bytes from 54.197.223.49: icmp_seq=191 ttl=37 time=78.1 ms
08-13 17:12:42.613 12372 12701 D cellinfo: 46 bytes from 54.197.223.49: icmp_seq=192 ttl=37 time=77.5 ms
08-13 17:12:42.814 12372 12701 D cellinfo: 46 bytes from 54.197.223.49: icmp_seq=193 ttl=37 time=76.3 ms
08-13 17:12:43.013 12372 12701 D cellinfo: 46 bytes from 54.197.223.49: icmp_seq=194 ttl=37 time=75.0 ms
08-13 17:12:43.213 12372 12701 D cellinfo: 46 bytes from 54.197.223.49: icmp_seq=195 ttl=37 time=75.1 ms
08-13 17:12:43.413 12372 12701 D cellinfo: 46 bytes from 54.197.223.49: icmp_seq=196 ttl=37 time=74.0 ms
08-13 17:12:43.616 12372 12701 D cellinfo: 46 bytes from 54.197.223.49: icmp_seq=197 ttl=37 time=76.1 ms
08-13 17:12:43.818 12372 12701 D cellinfo: 46 bytes from 54.197.223.49: icmp_seq=198 ttl=37 time=76.4 ms
08-13 17:12:44.018 12372 12701 D cellinfo: 46 bytes from 54.197.223.49: icmp_seq=199 ttl=37 time=75.7 ms
08-13 17:12:44.217 12372 12701 D cellinfo: 46 bytes from 54.197.223.49: icmp_seq=200 ttl=37 time=75.4 ms
08-13 17:12:44.280 12372 12372 D cellinfo: onCellInfoChanged: Operator:  UpdateTimestamp: 249040597 CellConnectionStatus: 1
08-13 17:12:44.280 12372 12372 D cellinfo: onCellInfoChanged: 5G-NR Cell Bands: [] ARFCN: 528000 Cell ID: 9223372036854775807 Physical Cell ID: 598 Tracking Area Code: 16777215
08-13 17:12:44.419 12372 12701 D cellinfo: 46 bytes from 54.197.223.49: icmp_seq=201 ttl=37 time=75.9 ms
08-13 17:12:44.619 12372 12701 D cellinfo: 46 bytes from 54.197.223.49: icmp_seq=202 ttl=37 time=74.3 ms
08-13 17:12:44.823 12372 12701 D cellinfo: 46 bytes from 54.197.223.49: icmp_seq=203 ttl=37 time=78.4 ms
08-13 17:12:45.017 12372 12701 D cellinfo: 46 bytes from 54.197.223.49: icmp_seq=204 ttl=37 time=71.3 ms
08-13 17:12:45.223 12372 12701 D cellinfo: 46 bytes from 54.197.223.49: icmp_seq=205 ttl=37 time=76.8 ms
08-13 17:12:45.417 12372 12372 D cellinfo: Latitude is 40.4181049
08-13 17:12:45.417 12372 12372 D cellinfo: Longitude is -86.8169275
08-13 17:12:45.417 12372 12372 D cellinfo: Instantaneous GPS information: United States, 31 Frontage Rd, Lafayette, IN 47905, USA
08-13 17:12:45.417 12372 12372 D cellinfo: getCurrentLocation() result: Location (success): 40.4181049, -86.8169275
08-13 17:12:45.425 12372 12701 D cellinfo: 46 bytes from 54.197.223.49: icmp_seq=206 ttl=37 time=78.5 ms
08-13 17:12:45.624 12372 12701 D cellinfo: 46 bytes from 54.197.223.49: icmp_seq=207 ttl=37 time=77.0 ms
08-13 17:12:45.823 12372 12701 D cellinfo: 46 bytes from 54.197.223.49: icmp_seq=208 ttl=37 time=75.5 ms
08-13 17:12:46.023 12372 12701 D cellinfo: 46 bytes from 54.197.223.49: icmp_seq=209 ttl=37 time=73.8 ms
08-13 17:12:46.223 12372 12701 D cellinfo: 46 bytes from 54.197.223.49: icmp_seq=210 ttl=37 time=74.2 ms
08-13 17:12:46.424 12372 12701 D cellinfo: 46 bytes from 54.197.223.49: icmp_seq=211 ttl=37 time=73.7 ms
08-13 17:12:46.623 12372 12701 D cellinfo: 46 bytes from 54.197.223.49: icmp_seq=212 ttl=37 time=73.1 ms
08-13 17:12:46.823 12372 12701 D cellinfo: 46 bytes from 54.197.223.49: icmp_seq=213 ttl=37 time=72.0 ms
08-13 17:12:47.028 12372 12701 D cellinfo: 46 bytes from 54.197.223.49: icmp_seq=214 ttl=37 time=75.7 ms
08-13 17:12:47.228 12372 12701 D cellinfo: 46 bytes from 54.197.223.49: icmp_seq=215 ttl=37 time=76.0 ms
08-13 17:12:47.230 12372 12372 D cellinfo: Latitude is 40.4181049
08-13 17:12:47.230 12372 12372 D cellinfo: Longitude is -86.8169275
08-13 17:12:47.230 12372 12372 D cellinfo: Instantaneous GPS information: United States, 31 Frontage Rd, Lafayette, IN 47905, USA
08-13 17:12:47.230 12372 12372 D cellinfo: getCurrentLocation() result: Location (success): 40.4181049, -86.8169275
08-13 17:12:47.275 12372 12372 D cellinfo: onCellInfoChanged: Operator:  UpdateTimestamp: 249043592 CellConnectionStatus: 1
08-13 17:12:47.275 12372 12372 D cellinfo: onCellInfoChanged: 5G-NR Cell Bands: [] ARFCN: 528000 Cell ID: 9223372036854775807 Physical Cell ID: 598 Tracking Area Code: 16777215
08-13 17:12:47.427 12372 12701 D cellinfo: 46 bytes from 54.197.223.49: icmp_seq=216 ttl=37 time=74.5 ms
08-13 17:12:47.628 12372 12701 D cellinfo: 46 bytes from 54.197.223.49: icmp_seq=217 ttl=37 time=74.2 ms
08-13 17:12:47.828 12372 12701 D cellinfo: 46 bytes from 54.197.223.49: icmp_seq=218 ttl=37 time=73.3 ms
08-13 17:12:48.033 12372 12701 D cellinfo: 46 bytes from 54.197.223.49: icmp_seq=219 ttl=37 time=76.6 ms
08-13 17:12:48.233 12372 12701 D cellinfo: 46 bytes from 54.197.223.49: icmp_seq=220 ttl=37 time=76.8 ms
08-13 17:12:48.434 12372 12701 D cellinfo: 46 bytes from 54.197.223.49: icmp_seq=221 ttl=37 time=76.8 ms
08-13 17:12:48.637 12372 12701 D cellinfo: 46 bytes from 54.197.223.49: icmp_seq=222 ttl=37 time=79.8 ms
08-13 17:12:48.839 12372 12701 D cellinfo: 46 bytes from 54.197.223.49: icmp_seq=223 ttl=37 time=80.5 ms
08-13 17:12:49.033 12372 12701 D cellinfo: 46 bytes from 54.197.223.49: icmp_seq=224 ttl=37 time=74.5 ms
08-13 17:12:49.233 12372 12701 D cellinfo: 46 bytes from 54.197.223.49: icmp_seq=225 ttl=37 time=73.4 ms
08-13 17:12:49.440 12372 12701 D cellinfo: 46 bytes from 54.197.223.49: icmp_seq=226 ttl=37 time=79.3 ms
08-13 17:12:49.641 12372 12701 D cellinfo: 46 bytes from 54.197.223.49: icmp_seq=227 ttl=37 time=78.5 ms
08-13 17:12:49.840 12372 12701 D cellinfo: 46 bytes from 54.197.223.49: icmp_seq=228 ttl=37 time=77.0 ms
08-13 17:12:50.039 12372 12701 D cellinfo: 46 bytes from 54.197.223.49: icmp_seq=229 ttl=37 time=75.2 ms
08-13 17:12:50.230 12372 12372 D cellinfo: Latitude is 40.4181049
08-13 17:12:50.230 12372 12372 D cellinfo: Longitude is -86.8169275
08-13 17:12:50.230 12372 12372 D cellinfo: Instantaneous GPS information: United States, 31 Frontage Rd, Lafayette, IN 47905, USA
08-13 17:12:50.230 12372 12372 D cellinfo: getCurrentLocation() result: Location (success): 40.4181049, -86.8169275
08-13 17:12:50.242 12372 12701 D cellinfo: 46 bytes from 54.197.223.49: icmp_seq=230 ttl=37 time=78.1 ms
08-13 17:12:50.283 12372 12372 D cellinfo: onCellInfoChanged: Operator:  UpdateTimestamp: 249046599 CellConnectionStatus: 1
08-13 17:12:50.283 12372 12372 D cellinfo: onCellInfoChanged: 5G-NR Cell Bands: [] ARFCN: 528000 Cell ID: 9223372036854775807 Physical Cell ID: 598 Tracking Area Code: 16777215
08-13 17:12:50.441 12372 12701 D cellinfo: 46 bytes from 54.197.223.49: icmp_seq=231 ttl=37 time=76.5 ms
08-13 17:12:50.638 12372 12701 D cellinfo: 46 bytes from 54.197.223.49: icmp_seq=232 ttl=37 time=72.8 ms
08-13 17:12:50.838 12372 12701 D cellinfo: 46 bytes from 54.197.223.49: icmp_seq=233 ttl=37 time=72.3 ms
08-13 17:12:51.044 12372 12701 D cellinfo: 46 bytes from 54.197.223.49: icmp_seq=234 ttl=37 time=76.6 ms
08-13 17:12:51.243 12372 12701 D cellinfo: 46 bytes from 54.197.223.49: icmp_seq=235 ttl=37 time=76.6 ms
08-13 17:12:51.443 12372 12701 D cellinfo: 46 bytes from 54.197.223.49: icmp_seq=236 ttl=37 time=75.3 ms
08-13 17:12:51.648 12372 12701 D cellinfo: 46 bytes from 54.197.223.49: icmp_seq=237 ttl=37 time=79.7 ms
08-13 17:12:51.850 12372 12701 D cellinfo: 46 bytes from 54.197.223.49: icmp_seq=238 ttl=37 time=80.9 ms
08-13 17:12:52.043 12372 12701 D cellinfo: 46 bytes from 54.197.223.49: icmp_seq=239 ttl=37 time=73.4 ms
08-13 17:12:52.282 12372 12701 D cellinfo: 46 bytes from 54.197.223.49: icmp_seq=240 ttl=37 time=111 ms
08-13 17:12:52.449 12372 12701 D cellinfo: 46 bytes from 54.197.223.49: icmp_seq=241 ttl=37 time=76.9 ms
08-13 17:12:52.654 12372 12701 D cellinfo: 46 bytes from 54.197.223.49: icmp_seq=242 ttl=37 time=81.3 ms
08-13 17:12:52.848 12372 12701 D cellinfo: 46 bytes from 54.197.223.49: icmp_seq=243 ttl=37 time=73.6 ms
08-13 17:12:53.053 12372 12701 D cellinfo: 46 bytes from 54.197.223.49: icmp_seq=244 ttl=37 time=79.0 ms
08-13 17:12:53.232 12372 12372 D cellinfo: Latitude is 40.4181049
08-13 17:12:53.232 12372 12372 D cellinfo: Longitude is -86.8169275
08-13 17:12:53.232 12372 12372 D cellinfo: Instantaneous GPS information: United States, 31 Frontage Rd, Lafayette, IN 47905, USA
08-13 17:12:53.232 12372 12372 D cellinfo: getCurrentLocation() result: Location (success): 40.4181049, -86.8169275
08-13 17:12:53.248 12372 12701 D cellinfo: 46 bytes from 54.197.223.49: icmp_seq=245 ttl=37 time=73.6 ms
08-13 17:12:53.303 12372 12372 D cellinfo: onCellInfoChanged: Operator:  UpdateTimestamp: 249049619 CellConnectionStatus: 1
08-13 17:12:53.304 12372 12372 D cellinfo: onCellInfoChanged: 5G-NR Cell Bands: [] ARFCN: 528000 Cell ID: 9223372036854775807 Physical Cell ID: 598 Tracking Area Code: 16777215
08-13 17:12:53.454 12372 12701 D cellinfo: 46 bytes from 54.197.223.49: icmp_seq=246 ttl=37 time=79.1 ms
08-13 17:12:53.653 12372 12701 D cellinfo: 46 bytes from 54.197.223.49: icmp_seq=247 ttl=37 time=76.6 ms
08-13 17:12:53.855 12372 12701 D cellinfo: 46 bytes from 54.197.223.49: icmp_seq=248 ttl=37 time=78.3 ms
08-13 17:12:54.054 12372 12701 D cellinfo: 46 bytes from 54.197.223.49: icmp_seq=249 ttl=37 time=76.0 ms
08-13 17:12:54.255 12372 12701 D cellinfo: 46 bytes from 54.197.223.49: icmp_seq=250 ttl=37 time=76.9 ms
08-13 17:12:54.455 12372 12701 D cellinfo: 46 bytes from 54.197.223.49: icmp_seq=251 ttl=37 time=76.2 ms
08-13 17:12:54.654 12372 12701 D cellinfo: 46 bytes from 54.197.223.49: icmp_seq=252 ttl=37 time=74.1 ms
08-13 17:12:54.853 12372 12701 D cellinfo: 46 bytes from 54.197.223.49: icmp_seq=253 ttl=37 time=72.2 ms
08-13 17:12:55.058 12372 12701 D cellinfo: 46 bytes from 54.197.223.49: icmp_seq=254 ttl=37 time=76.3 ms
08-13 17:12:55.258 12372 12701 D cellinfo: 46 bytes from 54.197.223.49: icmp_seq=255 ttl=37 time=76.1 ms
08-13 17:12:55.461 12372 12701 D cellinfo: 46 bytes from 54.197.223.49: icmp_seq=256 ttl=37 time=77.8 ms
08-13 17:12:55.658 12372 12701 D cellinfo: 46 bytes from 54.197.223.49: icmp_seq=257 ttl=37 time=74.0 ms
08-13 17:12:55.857 12372 12701 D cellinfo: 46 bytes from 54.197.223.49: icmp_seq=258 ttl=37 time=72.9 ms
08-13 17:12:56.058 12372 12701 D cellinfo: 46 bytes from 54.197.223.49: icmp_seq=259 ttl=37 time=72.7 ms
08-13 17:12:56.257 12372 12701 D cellinfo: 46 bytes from 54.197.223.49: icmp_seq=260 ttl=37 time=72.8 ms
08-13 17:12:56.457 12372 12701 D cellinfo: 46 bytes from 54.197.223.49: icmp_seq=261 ttl=37 time=72.5 ms
08-13 17:12:56.664 12372 12701 D cellinfo: 46 bytes from 54.197.223.49: icmp_seq=262 ttl=37 time=76.9 ms
08-13 17:12:56.715 12372 12372 D cellinfo: Latitude is 40.418108
08-13 17:12:56.715 12372 12372 D cellinfo: Longitude is -86.8166529
08-13 17:12:56.715 12372 12372 D cellinfo: Instantaneous GPS information: United States, 17 Frontage Rd, Lafayette, IN 47905, USA
08-13 17:12:56.715 12372 12372 D cellinfo: getCurrentLocation() result: Location (success): 40.418108, -86.8166529
08-13 17:12:56.864 12372 12701 D cellinfo: 46 bytes from 54.197.223.49: icmp_seq=263 ttl=37 time=76.0 ms
08-13 17:12:57.063 12372 12701 D cellinfo: 46 bytes from 54.197.223.49: icmp_seq=264 ttl=37 time=74.4 ms
08-13 17:12:57.263 12372 12701 D cellinfo: 46 bytes from 54.197.223.49: icmp_seq=265 ttl=37 time=74.6 ms
08-13 17:12:57.463 12372 12701 D cellinfo: 46 bytes from 54.197.223.49: icmp_seq=266 ttl=37 time=73.3 ms
08-13 17:12:57.663 12372 12701 D cellinfo: 46 bytes from 54.197.223.49: icmp_seq=267 ttl=37 time=72.3 ms
08-13 17:12:57.863 12372 12701 D cellinfo: 46 bytes from 54.197.223.49: icmp_seq=268 ttl=37 time=71.1 ms
08-13 17:12:58.068 12372 12701 D cellinfo: 46 bytes from 54.197.223.49: icmp_seq=269 ttl=37 time=75.3 ms
08-13 17:12:58.268 12372 12701 D cellinfo: 46 bytes from 54.197.223.49: icmp_seq=270 ttl=37 time=75.4 ms
08-13 17:12:58.467 12372 12701 D cellinfo: 46 bytes from 54.197.223.49: icmp_seq=271 ttl=37 time=73.7 ms
08-13 17:12:58.668 12372 12701 D cellinfo: 46 bytes from 54.197.223.49: icmp_seq=272 ttl=37 time=73.5 ms
08-13 17:12:58.869 12372 12701 D cellinfo: 46 bytes from 54.197.223.49: icmp_seq=273 ttl=37 time=73.3 ms
08-13 17:12:59.073 12372 12701 D cellinfo: 46 bytes from 54.197.223.49: icmp_seq=274 ttl=37 time=75.7 ms
08-13 17:12:59.235 12372 12372 D cellinfo: Latitude is 40.418108
08-13 17:12:59.235 12372 12372 D cellinfo: Longitude is -86.8166529
08-13 17:12:59.235 12372 12372 D cellinfo: Instantaneous GPS information: United States, 17 Frontage Rd, Lafayette, IN 47905, USA
08-13 17:12:59.235 12372 12372 D cellinfo: getCurrentLocation() result: Location (success): 40.418108, -86.8166529
08-13 17:12:59.273 12372 12701 D cellinfo: 46 bytes from 54.197.223.49: icmp_seq=275 ttl=37 time=77.5 ms
08-13 17:12:59.464 12372 12372 D cellinfo: onCellInfoChanged: Operator:  UpdateTimestamp: 249055780 CellConnectionStatus: 1
08-13 17:12:59.465 12372 12372 D cellinfo: onCellInfoChanged: 5G-NR Cell Bands: [] ARFCN: 528000 Cell ID: 9223372036854775807 Physical Cell ID: 598 Tracking Area Code: 16777215
08-13 17:12:59.478 12372 12701 D cellinfo: 46 bytes from 54.197.223.49: icmp_seq=276 ttl=37 time=80.8 ms
08-13 17:12:59.674 12372 12701 D cellinfo: 46 bytes from 54.197.223.49: icmp_seq=277 ttl=37 time=76.4 ms
08-13 17:12:59.874 12372 12701 D cellinfo: 46 bytes from 54.197.223.49: icmp_seq=278 ttl=37 time=74.4 ms
08-13 17:13:00.074 12372 12701 D cellinfo: 46 bytes from 54.197.223.49: icmp_seq=279 ttl=37 time=73.1 ms
08-13 17:13:00.279 12372 12701 D cellinfo: 46 bytes from 54.197.223.49: icmp_seq=280 ttl=37 time=76.9 ms
08-13 17:13:00.482 12372 12701 D cellinfo: 46 bytes from 54.197.223.49: icmp_seq=281 ttl=37 time=78.6 ms
08-13 17:13:00.679 12372 12701 D cellinfo: 46 bytes from 54.197.223.49: icmp_seq=282 ttl=37 time=75.1 ms
08-13 17:13:00.882 12372 12701 D cellinfo: 46 bytes from 54.197.223.49: icmp_seq=283 ttl=37 time=77.8 ms
08-13 17:13:01.081 12372 12701 D cellinfo: 46 bytes from 54.197.223.49: icmp_seq=284 ttl=37 time=76.8 ms
08-13 17:13:01.281 12372 12701 D cellinfo: 46 bytes from 54.197.223.49: icmp_seq=285 ttl=37 time=75.3 ms
08-13 17:13:01.483 12372 12701 D cellinfo: 46 bytes from 54.197.223.49: icmp_seq=286 ttl=37 time=77.1 ms
08-13 17:13:01.683 12372 12701 D cellinfo: 46 bytes from 54.197.223.49: icmp_seq=287 ttl=37 time=76.0 ms
08-13 17:13:01.888 12372 12701 D cellinfo: 46 bytes from 54.197.223.49: icmp_seq=288 ttl=37 time=80.4 ms
08-13 17:13:02.082 12372 12701 D cellinfo: 46 bytes from 54.197.223.49: icmp_seq=289 ttl=37 time=73.8 ms
08-13 17:13:02.239 12372 12372 D cellinfo: Latitude is 40.418108
08-13 17:13:02.239 12372 12372 D cellinfo: Longitude is -86.8166529
08-13 17:13:02.239 12372 12372 D cellinfo: Instantaneous GPS information: United States, 17 Frontage Rd, Lafayette, IN 47905, USA
08-13 17:13:02.239 12372 12372 D cellinfo: getCurrentLocation() result: Location (success): 40.418108, -86.8166529
08-13 17:13:02.282 12372 12701 D cellinfo: 46 bytes from 54.197.223.49: icmp_seq=290 ttl=37 time=73.1 ms
08-13 17:13:02.488 12372 12701 D cellinfo: 46 bytes from 54.197.223.49: icmp_seq=291 ttl=37 time=76.1 ms
08-13 17:13:02.512 12372 12372 D cellinfo: onCellInfoChanged: Operator:  UpdateTimestamp: 249058826 CellConnectionStatus: 1
08-13 17:13:02.512 12372 12372 D cellinfo: onCellInfoChanged: 5G-NR Cell Bands: [] ARFCN: 528000 Cell ID: 9223372036854775807 Physical Cell ID: 598 Tracking Area Code: 16777215
08-13 17:13:02.689 12372 12701 D cellinfo: 46 bytes from 54.197.223.49: icmp_seq=292 ttl=37 time=77.2 ms
08-13 17:13:02.896 12372 12701 D cellinfo: 46 bytes from 54.197.223.49: icmp_seq=293 ttl=37 time=84.2 ms
08-13 17:13:03.088 12372 12701 D cellinfo: 46 bytes from 54.197.223.49: icmp_seq=294 ttl=37 time=74.9 ms
08-13 17:13:03.294 12372 12701 D cellinfo: 46 bytes from 54.197.223.49: icmp_seq=295 ttl=37 time=79.4 ms
08-13 17:13:03.489 12372 12701 D cellinfo: 46 bytes from 54.197.223.49: icmp_seq=296 ttl=37 time=73.3 ms
08-13 17:13:03.688 12372 12701 D cellinfo: 46 bytes from 54.197.223.49: icmp_seq=297 ttl=37 time=71.2 ms
08-13 17:13:03.895 12372 12701 D cellinfo: 46 bytes from 54.197.223.49: icmp_seq=298 ttl=37 time=77.1 ms
08-13 17:13:04.097 12372 12701 D cellinfo: 46 bytes from 54.197.223.49: icmp_seq=299 ttl=37 time=78.4 ms
08-13 17:13:04.293 12372 12701 D cellinfo: 46 bytes from 54.197.223.49: icmp_seq=300 ttl=37 time=73.5 ms
08-13 17:13:04.497 12372 12701 D cellinfo: 46 bytes from 54.197.223.49: icmp_seq=301 ttl=37 time=76.5 ms
08-13 17:13:04.698 12372 12701 D cellinfo: 46 bytes from 54.197.223.49: icmp_seq=302 ttl=37 time=76.7 ms
08-13 17:13:04.898 12372 12701 D cellinfo: 46 bytes from 54.197.223.49: icmp_seq=303 ttl=37 time=75.9 ms
08-13 17:13:05.098 12372 12701 D cellinfo: 46 bytes from 54.197.223.49: icmp_seq=304 ttl=37 time=75.3 ms
08-13 17:13:05.297 12372 12701 D cellinfo: 46 bytes from 54.197.223.49: icmp_seq=305 ttl=37 time=73.7 ms
08-13 17:13:05.498 12372 12701 D cellinfo: 46 bytes from 54.197.223.49: icmp_seq=306 ttl=37 time=73.4 ms
08-13 17:13:05.704 12372 12701 D cellinfo: 46 bytes from 54.197.223.49: icmp_seq=307 ttl=37 time=79.4 ms
08-13 17:13:05.900 12372 12701 D cellinfo: 46 bytes from 54.197.223.49: icmp_seq=308 ttl=37 time=73.9 ms
08-13 17:13:06.098 12372 12701 D cellinfo: 46 bytes from 54.197.223.49: icmp_seq=309 ttl=37 time=71.8 ms
08-13 17:13:06.304 12372 12701 D cellinfo: 46 bytes from 54.197.223.49: icmp_seq=310 ttl=37 time=77.7 ms
08-13 17:13:06.408 12372 12372 D cellinfo: Latitude is 40.4177826
08-13 17:13:06.408 12372 12372 D cellinfo: Longitude is -86.8166443
08-13 17:13:06.408 12372 12372 D cellinfo: Instantaneous GPS information: United States, SR 26 & Frontage Rd (NE Corner): BUS277N, Lafayette, IN 47905, USA
08-13 17:13:06.408 12372 12372 D cellinfo: getCurrentLocation() result: Location (success): 40.4177826, -86.8166443
08-13 17:13:06.504 12372 12701 D cellinfo: 46 bytes from 54.197.223.49: icmp_seq=311 ttl=37 time=76.4 ms
08-13 17:13:06.703 12372 12701 D cellinfo: 46 bytes from 54.197.223.49: icmp_seq=312 ttl=37 time=74.7 ms
08-13 17:13:06.903 12372 12701 D cellinfo: 46 bytes from 54.197.223.49: icmp_seq=313 ttl=37 time=74.4 ms
08-13 17:13:07.103 12372 12701 D cellinfo: 46 bytes from 54.197.223.49: icmp_seq=314 ttl=37 time=73.0 ms
08-13 17:13:07.304 12372 12701 D cellinfo: 46 bytes from 54.197.223.49: icmp_seq=315 ttl=37 time=72.1 ms
08-13 17:13:07.508 12372 12701 D cellinfo: 46 bytes from 54.197.223.49: icmp_seq=316 ttl=37 time=75.4 ms
08-13 17:13:07.707 12372 12701 D cellinfo: 46 bytes from 54.197.223.49: icmp_seq=317 ttl=37 time=74.2 ms
08-13 17:13:07.908 12372 12701 D cellinfo: 46 bytes from 54.197.223.49: icmp_seq=318 ttl=37 time=74.4 ms
08-13 17:13:08.108 12372 12701 D cellinfo: 46 bytes from 54.197.223.49: icmp_seq=319 ttl=37 time=73.0 ms
08-13 17:13:08.236 12372 12372 D cellinfo: Latitude is 40.4177826
08-13 17:13:08.236 12372 12372 D cellinfo: Longitude is -86.8166443
08-13 17:13:08.236 12372 12372 D cellinfo: Instantaneous GPS information: United States, SR 26 & Frontage Rd (NE Corner): BUS277N, Lafayette, IN 47905, USA
08-13 17:13:08.236 12372 12372 D cellinfo: getCurrentLocation() result: Location (success): 40.4177826, -86.8166443
08-13 17:13:08.309 12372 12701 D cellinfo: 46 bytes from 54.197.223.49: icmp_seq=320 ttl=37 time=72.6 ms
08-13 17:13:08.466 12372 12372 D cellinfo: onCellInfoChanged: Operator:  UpdateTimestamp: 249064784 CellConnectionStatus: 1
08-13 17:13:08.466 12372 12372 D cellinfo: onCellInfoChanged: 5G-NR Cell Bands: [] ARFCN: 528000 Cell ID: 9223372036854775807 Physical Cell ID: 598 Tracking Area Code: 16777215
08-13 17:13:08.513 12372 12701 D cellinfo: 46 bytes from 54.197.223.49: icmp_seq=321 ttl=37 time=75.8 ms
08-13 17:13:08.713 12372 12701 D cellinfo: 46 bytes from 54.197.223.49: icmp_seq=322 ttl=37 time=75.1 ms
08-13 17:13:08.914 12372 12701 D cellinfo: 46 bytes from 54.197.223.49: icmp_seq=323 ttl=37 time=74.2 ms
