08-13 17:15:29.224 12372 12372 D cellinfo: Longitude is -86.8129057
08-13 17:15:29.224 12372 12372 D cellinfo: Instantaneous GPS information: United States, 4803 IN-26, Lafayette, IN 47905, USA
08-13 17:15:29.224 12372 12372 D cellinfo: getCurrentLocation() result: Location (success): 40.4170962, -86.8129057
08-13 17:15:29.247 12372 12701 D cellinfo: 46 bytes from 54.197.223.49: icmp_seq=1022 ttl=37 time=75.0 ms
08-13 17:15:29.448 12372 12372 D cellinfo: onCellInfoChanged: Operator:  UpdateTimestamp: 249205763 CellConnectionStatus: 1
08-13 17:15:29.449 12372 12372 D cellinfo: onCellInfoChanged: 5G-NR Cell Bands: [] ARFCN: 528000 Cell ID: 9223372036854775807 Physical Cell ID: 598 Tracking Area Code: 16777215
08-13 17:15:29.455 12372 12701 D cellinfo: 46 bytes from 54.197.223.49: icmp_seq=1023 ttl=37 time=82.8 ms
08-13 17:15:29.645 12372 12701 D cellinfo: 46 bytes from 54.197.223.49: icmp_seq=1024 ttl=37 time=72.0 ms
08-13 17:15:29.851 12372 12701 D cellinfo: 46 bytes from 54.197.223.49: icmp_seq=1025 ttl=37 time=76.8 ms
08-13 17:15:30.051 12372 12701 D cellinfo: 46 bytes from 54.197.223.49: icmp_seq=1026 ttl=37 time=75.9 ms
08-13 17:15:30.251 12372 12701 D cellinfo: 46 bytes from 54.197.223.49: icmp_seq=1027 ttl=37 time=76.3 ms
08-13 17:15:30.450 12372 12701 D cellinfo: 46 bytes from 54.197.223.49: icmp_seq=1028 ttl=37 time=74.8 ms
08-13 17:15:30.651 12372 12701 D cellinfo: 46 bytes from 54.197.223.49: icmp_seq=1029 ttl=37 time=74.3 ms
08-13 17:15:30.850 12372 12701 D cellinfo: 46 bytes from 54.197.223.49: icmp_seq=1030 ttl=37 time=72.7 ms
08-13 17:15:31.053 12372 12701 D cellinfo: 46 bytes from 54.197.223.49: icmp_seq=1031 ttl=37 time=74.4 ms
08-13 17:15:31.251 12372 12701 D cellinfo: 46 bytes from 54.197.223.49: icmp_seq=1032 ttl=37 time=72.4 ms
08-13 17:15:31.456 12372 12701 D cellinfo: 46 bytes from 54.197.223.49: icmp_seq=1033 ttl=37 time=76.7 ms
08-13 17:15:31.657 12372 12701 D cellinfo: 46 bytes from 54.197.223.49: icmp_seq=1034 ttl=37 time=76.2 ms
08-13 17:15:31.861 12372 12701 D cellinfo: 46 bytes from 54.197.223.49: icmp_seq=1035 ttl=37 time=79.1 ms
08-13 17:15:32.055 12372 12701 D cellinfo: 46 bytes from 54.197.223.49: icmp_seq=1036 ttl=37 time=73.1 ms
08-13 17:15:32.263 12372 12701 D cellinfo: 46 bytes from 54.197.223.49: icmp_seq=1037 ttl=37 time=81.1 ms
08-13 17:15:32.456 12372 12701 D cellinfo: 46 bytes from 54.197.223.49: icmp_seq=1038 ttl=37 time=72.6 ms
08-13 17:15:32.660 12372 12701 D cellinfo: 46 bytes from 54.197.223.49: icmp_seq=1039 ttl=37 time=76.2 ms
08-13 17:15:32.861 12372 12701 D cellinfo: 46 bytes from 54.197.223.49: icmp_seq=1040 ttl=37 time=76.9 ms
08-13 17:15:33.060 12372 12701 D cellinfo: 46 bytes from 54.197.223.49: icmp_seq=1041 ttl=37 time=75.4 ms
08-13 17:15:33.262 12372 12701 D cellinfo: 46 bytes from 54.197.223.49: icmp_seq=1042 ttl=37 time=76.6 ms
08-13 17:15:33.456 12372 12372 D cellinfo: Latitude is 40.4170151
08-13 17:15:33.456 12372 12372 D cellinfo: Longitude is -86.8130602
08-13 17:15:33.456 12372 12372 D cellinfo: Instantaneous GPS information: United States, 4803 IN-26, Lafayette, IN 47905, USA
08-13 17:15:33.456 12372 12372 D cellinfo: getCurrentLocation() result: Location (success): 40.4170151, -86.8130602
08-13 17:15:33.461 12372 12701 D cellinfo: 46 bytes from 54.197.223.49: icmp_seq=1043 ttl=37 time=75.2 ms
08-13 17:15:33.660 12372 12701 D cellinfo: 46 bytes from 54.197.223.49: icmp_seq=1044 ttl=37 time=73.7 ms
08-13 17:15:33.864 12372 12701 D cellinfo: 46 bytes from 54.197.223.49: icmp_seq=1045 ttl=37 time=76.4 ms
08-13 17:15:34.067 12372 12701 D cellinfo: 46 bytes from 54.197.223.49: icmp_seq=1046 ttl=37 time=78.1 ms
08-13 17:15:34.268 12372 12701 D cellinfo: 46 bytes from 54.197.223.49: icmp_seq=1047 ttl=37 time=79.1 ms
08-13 17:15:34.466 12372 12701 D cellinfo: 46 bytes from 54.197.223.49: icmp_seq=1048 ttl=37 time=76.6 ms
08-13 17:15:34.666 12372 12701 D cellinfo: 46 bytes from 54.197.223.49: icmp_seq=1049 ttl=37 time=75.8 ms
08-13 17:15:34.868 12372 12701 D cellinfo: 46 bytes from 54.197.223.49: icmp_seq=1050 ttl=37 time=77.8 ms
08-13 17:15:35.065 12372 12701 D cellinfo: 46 bytes from 54.197.223.49: icmp_seq=1051 ttl=37 time=74.1 ms
08-13 17:15:35.226 12372 12372 D cellinfo: Latitude is 40.4170151
08-13 17:15:35.226 12372 12372 D cellinfo: Longitude is -86.8130602
08-13 17:15:35.227 12372 12372 D cellinfo: Instantaneous GPS information: United States, 4803 IN-26, Lafayette, IN 47905, USA
08-13 17:15:35.227 12372 12372 D cellinfo: getCurrentLocation() result: Location (success): 40.4170151, -86.8130602
08-13 17:15:35.265 12372 12701 D cellinfo: 46 bytes from 54.197.223.49: icmp_seq=1052 ttl=37 time=74.1 ms
08-13 17:15:35.460 12372 12372 D cellinfo: onCellInfoChanged: Operator:  UpdateTimestamp: 249211775 CellConnectionStatus: 1
08-13 17:15:35.460 12372 12372 D cellinfo: onCellInfoChanged: 5G-NR Cell Bands: [] ARFCN: 528000 Cell ID: 9223372036854775807 Physical Cell ID: 598 Tracking Area Code: 16777215
08-13 17:15:35.472 12372 12701 D cellinfo: 46 bytes from 54.197.223.49: icmp_seq=1053 ttl=37 time=80.0 ms
08-13 17:15:35.670 12372 12701 D cellinfo: 46 bytes from 54.197.223.49: icmp_seq=1054 ttl=37 time=77.5 ms
08-13 17:15:35.867 12372 12701 D cellinfo: 46 bytes from 54.197.223.49: icmp_seq=1055 ttl=37 time=73.2 ms
08-13 17:15:36.076 12372 12701 D cellinfo: 46 bytes from 54.197.223.49: icmp_seq=1056 ttl=37 time=81.3 ms
08-13 17:15:36.280 12372 12701 D cellinfo: 46 bytes from 54.197.223.49: icmp_seq=1057 ttl=37 time=86.1 ms
08-13 17:15:36.466 12372 12701 D cellinfo: 46 bytes from 54.197.223.49: icmp_seq=1058 ttl=37 time=71.5 ms
08-13 17:15:36.680 12372 12701 D cellinfo: 46 bytes from 54.197.223.49: icmp_seq=1059 ttl=37 time=84.0 ms
08-13 17:15:36.874 12372 12701 D cellinfo: 46 bytes from 54.197.223.49: icmp_seq=1060 ttl=37 time=78.0 ms
08-13 17:15:37.075 12372 12701 D cellinfo: 46 bytes from 54.197.223.49: icmp_seq=1061 ttl=37 time=78.1 ms
08-13 17:15:37.272 12372 12701 D cellinfo: 46 bytes from 54.197.223.49: icmp_seq=1062 ttl=37 time=75.0 ms
08-13 17:15:37.470 12372 12701 D cellinfo: 46 bytes from 54.197.223.49: icmp_seq=1063 ttl=37 time=72.5 ms
08-13 17:15:37.676 12372 12701 D cellinfo: 46 bytes from 54.197.223.49: icmp_seq=1064 ttl=37 time=77.8 ms
08-13 17:15:37.871 12372 12701 D cellinfo: 46 bytes from 54.197.223.49: icmp_seq=1065 ttl=37 time=72.1 ms
08-13 17:15:38.076 12372 12701 D cellinfo: 46 bytes from 54.197.223.49: icmp_seq=1066 ttl=37 time=76.2 ms
08-13 17:15:38.232 12372 12372 D cellinfo: Latitude is 40.4170151
08-13 17:15:38.232 12372 12372 D cellinfo: Longitude is -86.8130602
08-13 17:15:38.232 12372 12372 D cellinfo: Instantaneous GPS information: United States, 4803 IN-26, Lafayette, IN 47905, USA
08-13 17:15:38.232 12372 12372 D cellinfo: getCurrentLocation() result: Location (success): 40.4170151, -86.8130602
08-13 17:15:38.275 12372 12701 D cellinfo: 46 bytes from 54.197.223.49: icmp_seq=1067 ttl=37 time=75.4 ms
08-13 17:15:38.475 12372 12701 D cellinfo: 46 bytes from 54.197.223.49: icmp_seq=1068 ttl=37 time=74.1 ms
08-13 17:15:38.681 12372 12701 D cellinfo: 46 bytes from 54.197.223.49: icmp_seq=1069 ttl=37 time=78.4 ms
08-13 17:15:38.880 12372 12701 D cellinfo: 46 bytes from 54.197.223.49: icmp_seq=1070 ttl=37 time=76.3 ms
08-13 17:15:39.081 12372 12701 D cellinfo: 46 bytes from 54.197.223.49: icmp_seq=1071 ttl=37 time=75.5 ms
08-13 17:15:39.282 12372 12701 D cellinfo: 46 bytes from 54.197.223.49: icmp_seq=1072 ttl=37 time=76.2 ms
08-13 17:15:39.481 12372 12701 D cellinfo: 46 bytes from 54.197.223.49: icmp_seq=1073 ttl=37 time=74.5 ms
08-13 17:15:39.683 12372 12701 D cellinfo: 46 bytes from 54.197.223.49: icmp_seq=1074 ttl=37 time=75.7 ms
08-13 17:15:39.883 12372 12701 D cellinfo: 46 bytes from 54.197.223.49: icmp_seq=1075 ttl=37 time=75.6 ms
08-13 17:15:40.086 12372 12701 D cellinfo: 46 bytes from 54.197.223.49: icmp_seq=1076 ttl=37 time=77.4 ms
08-13 17:15:40.284 12372 12701 D cellinfo: 46 bytes from 54.197.223.49: icmp_seq=1077 ttl=37 time=76.1 ms
08-13 17:15:40.486 12372 12701 D cellinfo: 46 bytes from 54.197.223.49: icmp_seq=1078 ttl=37 time=76.3 ms
08-13 17:15:40.685 12372 12701 D cellinfo: 46 bytes from 54.197.223.49: icmp_seq=1079 ttl=37 time=74.5 ms
08-13 17:15:40.886 12372 12701 D cellinfo: 46 bytes from 54.197.223.49: icmp_seq=1080 ttl=37 time=73.4 ms
08-13 17:15:41.085 12372 12701 D cellinfo: 46 bytes from 54.197.223.49: icmp_seq=1081 ttl=37 time=72.9 ms
08-13 17:15:41.231 12372 12372 D cellinfo: Latitude is 40.4170151
08-13 17:15:41.231 12372 12372 D cellinfo: Longitude is -86.8130602
08-13 17:15:41.231 12372 12372 D cellinfo: Instantaneous GPS information: United States, 4803 IN-26, Lafayette, IN 47905, USA
08-13 17:15:41.231 12372 12372 D cellinfo: getCurrentLocation() result: Location (success): 40.4170151, -86.8130602
08-13 17:15:41.295 12372 12701 D cellinfo: 46 bytes from 54.197.223.49: icmp_seq=1082 ttl=37 time=82.3 ms
08-13 17:15:41.450 12372 12372 D cellinfo: onCellInfoChanged: Operator:  UpdateTimestamp: 249217765 CellConnectionStatus: 1
08-13 17:15:41.450 12372 12372 D cellinfo: onCellInfoChanged: 5G-NR Cell Bands: [] ARFCN: 528000 Cell ID: 9223372036854775807 Physical Cell ID: 598 Tracking Area Code: 16777215
08-13 17:15:41.491 12372 12701 D cellinfo: 46 bytes from 54.197.223.49: icmp_seq=1083 ttl=37 time=76.3 ms
08-13 17:15:41.691 12372 12701 D cellinfo: 46 bytes from 54.197.223.49: icmp_seq=1084 ttl=37 time=74.5 ms
08-13 17:15:41.891 12372 12701 D cellinfo: 46 bytes from 54.197.223.49: icmp_seq=1085 ttl=37 time=74.8 ms
08-13 17:15:42.091 12372 12701 D cellinfo: 46 bytes from 54.197.223.49: icmp_seq=1086 ttl=37 time=73.8 ms
08-13 17:15:42.290 12372 12701 D cellinfo: 46 bytes from 54.197.223.49: icmp_seq=1087 ttl=37 time=72.4 ms
08-13 17:15:42.501 12372 12701 D cellinfo: 46 bytes from 54.197.223.49: icmp_seq=1088 ttl=37 time=81.4 ms
08-13 17:15:42.696 12372 12701 D cellinfo: 46 bytes from 54.197.223.49: icmp_seq=1089 ttl=37 time=76.3 ms
08-13 17:15:42.896 12372 12701 D cellinfo: 46 bytes from 54.197.223.49: icmp_seq=1090 ttl=37 time=75.7 ms
08-13 17:15:43.096 12372 12701 D cellinfo: 46 bytes from 54.197.223.49: icmp_seq=1091 ttl=37 time=75.2 ms
08-13 17:15:43.296 12372 12701 D cellinfo: 46 bytes from 54.197.223.49: icmp_seq=1092 ttl=37 time=74.1 ms
08-13 17:15:43.500 12372 12701 D cellinfo: 46 bytes from 54.197.223.49: icmp_seq=1093 ttl=37 time=77.2 ms
08-13 17:15:43.700 12372 12701 D cellinfo: 46 bytes from 54.197.223.49: icmp_seq=1094 ttl=37 time=76.6 ms
08-13 17:15:43.902 12372 12701 D cellinfo: 46 bytes from 54.197.223.49: icmp_seq=1095 ttl=37 time=77.4 ms
08-13 17:15:44.102 12372 12701 D cellinfo: 46 bytes from 54.197.223.49: icmp_seq=1096 ttl=37 time=76.9 ms
08-13 17:15:44.302 12372 12701 D cellinfo: 46 bytes from 54.197.223.49: icmp_seq=1097 ttl=37 time=76.0 ms
08-13 17:15:44.500 12372 12701 D cellinfo: 46 bytes from 54.197.223.49: icmp_seq=1098 ttl=37 time=73.3 ms
08-13 17:15:44.701 12372 12701 D cellinfo: 46 bytes from 54.197.223.49: icmp_seq=1099 ttl=37 time=72.6 ms
08-13 17:15:44.906 12372 12701 D cellinfo: 46 bytes from 54.197.223.49: icmp_seq=1100 ttl=37 time=77.0 ms
08-13 17:15:45.100 12372 12701 D cellinfo: 46 bytes from 54.197.223.49: icmp_seq=1101 ttl=37 time=71.0 ms
08-13 17:15:45.306 12372 12701 D cellinfo: 46 bytes from 54.197.223.49: icmp_seq=1102 ttl=37 time=75.0 ms
08-13 17:15:45.399 12372 12372 D cellinfo: Latitude is 40.416985
08-13 17:15:45.400 12372 12372 D cellinfo: Longitude is -86.8131613
08-13 17:15:45.400 12372 12372 D cellinfo: Instantaneous GPS information: United States, 4803 IN-26, Lafayette, IN 47905, USA
08-13 17:15:45.400 12372 12372 D cellinfo: getCurrentLocation() result: Location (success): 40.416985, -86.8131613
08-13 17:15:45.506 12372 12701 D cellinfo: 46 bytes from 54.197.223.49: icmp_seq=1103 ttl=37 time=74.1 ms
08-13 17:15:45.706 12372 12701 D cellinfo: 46 bytes from 54.197.223.49: icmp_seq=1104 ttl=37 time=73.3 ms
08-13 17:15:45.911 12372 12701 D cellinfo: 46 bytes from 54.197.223.49: icmp_seq=1105 ttl=37 time=77.8 ms
08-13 17:15:46.105 12372 12701 D cellinfo: 46 bytes from 54.197.223.49: icmp_seq=1106 ttl=37 time=71.5 ms
08-13 17:15:46.311 12372 12701 D cellinfo: 46 bytes from 54.197.223.49: icmp_seq=1107 ttl=37 time=75.4 ms
08-13 17:15:46.511 12372 12701 D cellinfo: 46 bytes from 54.197.223.49: icmp_seq=1108 ttl=37 time=74.1 ms
08-13 17:15:46.711 12372 12701 D cellinfo: 46 bytes from 54.197.223.49: icmp_seq=1109 ttl=37 time=73.1 ms
08-13 17:15:46.910 12372 12701 D cellinfo: 46 bytes from 54.197.223.49: icmp_seq=1110 ttl=37 time=71.2 ms
08-13 17:15:47.120 12372 12701 D cellinfo: 46 bytes from 54.197.223.49: icmp_seq=1111 ttl=37 time=79.1 ms
08-13 17:15:47.226 12372 12372 D cellinfo: Latitude is 40.416985
08-13 17:15:47.226 12372 12372 D cellinfo: Longitude is -86.8131613
08-13 17:15:47.226 12372 12372 D cellinfo: Instantaneous GPS information: United States, 4803 IN-26, Lafayette, IN 47905, USA
08-13 17:15:47.226 12372 12372 D cellinfo: getCurrentLocation() result: Location (success): 40.416985, -86.8131613
08-13 17:15:47.320 12372 12701 D cellinfo: 46 bytes from 54.197.223.49: icmp_seq=1112 ttl=37 time=78.5 ms
08-13 17:15:47.462 12372 12372 D cellinfo: onCellInfoChanged: Operator:  UpdateTimestamp: 249223778 CellConnectionStatus: 1
08-13 17:15:47.462 12372 12372 D cellinfo: onCellInfoChanged: 5G-NR Cell Bands: [] ARFCN: 528000 Cell ID: 9223372036854775807 Physical Cell ID: 598 Tracking Area Code: 16777215
08-13 17:15:47.516 12372 12701 D cellinfo: 46 bytes from 54.197.223.49: icmp_seq=1113 ttl=37 time=73.2 ms
08-13 17:15:47.721 12372 12701 D cellinfo: 46 bytes from 54.197.223.49: icmp_seq=1114 ttl=37 time=77.0 ms
08-13 17:15:47.922 12372 12701 D cellinfo: 46 bytes from 54.197.223.49: icmp_seq=1115 ttl=37 time=76.3 ms
08-13 17:15:48.121 12372 12701 D cellinfo: 46 bytes from 54.197.223.49: icmp_seq=1116 ttl=37 time=74.5 ms
08-13 17:15:48.321 12372 12701 D cellinfo: 46 bytes from 54.197.223.49: icmp_seq=1117 ttl=37 time=73.3 ms
08-13 17:15:48.526 12372 12701 D cellinfo: 46 bytes from 54.197.223.49: icmp_seq=1118 ttl=37 time=77.2 ms
08-13 17:15:48.727 12372 12701 D cellinfo: 46 bytes from 54.197.223.49: icmp_seq=1119 ttl=37 time=76.3 ms
08-13 17:15:48.931 12372 12701 D cellinfo: 46 bytes from 54.197.223.49: icmp_seq=1120 ttl=37 time=80.7 ms
08-13 17:15:49.126 12372 12701 D cellinfo: 46 bytes from 54.197.223.49: icmp_seq=1121 ttl=37 time=74.3 ms
08-13 17:15:49.327 12372 12701 D cellinfo: 46 bytes from 54.197.223.49: icmp_seq=1122 ttl=37 time=73.4 ms
08-13 17:15:49.526 12372 12701 D cellinfo: 46 bytes from 54.197.223.49: icmp_seq=1123 ttl=37 time=72.0 ms
08-13 17:15:49.730 12372 12701 D cellinfo: 46 bytes from 54.197.223.49: icmp_seq=1124 ttl=37 time=76.2 ms
08-13 17:15:49.936 12372 12701 D cellinfo: 46 bytes from 54.197.223.49: icmp_seq=1125 ttl=37 time=80.7 ms
08-13 17:15:50.136 12372 12701 D cellinfo: 46 bytes from 54.197.223.49: icmp_seq=1126 ttl=37 time=80.4 ms
08-13 17:15:50.230 12372 12372 D cellinfo: Latitude is 40.416985
08-13 17:15:50.230 12372 12372 D cellinfo: Longitude is -86.8131613
08-13 17:15:50.230 12372 12372 D cellinfo: Instantaneous GPS information: United States, 4803 IN-26, Lafayette, IN 47905, USA
08-13 17:15:50.230 12372 12372 D cellinfo: getCurrentLocation() result: Location (success): 40.416985, -86.8131613
08-13 17:15:50.330 12372 12701 D cellinfo: 46 bytes from 54.197.223.49: icmp_seq=1127 ttl=37 time=72.8 ms
08-13 17:15:50.537 12372 12701 D cellinfo: 46 bytes from 54.197.223.49: icmp_seq=1128 ttl=37 time=78.2 ms
08-13 17:15:50.741 12372 12701 D cellinfo: 46 bytes from 54.197.223.49: icmp_seq=1129 ttl=37 time=81.3 ms
08-13 17:15:50.936 12372 12701 D cellinfo: 46 bytes from 54.197.223.49: icmp_seq=1130 ttl=37 time=75.2 ms
08-13 17:15:51.140 12372 12701 D cellinfo: 46 bytes from 54.197.223.49: icmp_seq=1131 ttl=37 time=77.5 ms
08-13 17:15:51.337 12372 12701 D cellinfo: 46 bytes from 54.197.223.49: icmp_seq=1132 ttl=37 time=74.6 ms
08-13 17:15:51.535 12372 12701 D cellinfo: 46 bytes from 54.197.223.49: icmp_seq=1133 ttl=37 time=72.4 ms
08-13 17:15:51.742 12372 12701 D cellinfo: 46 bytes from 54.197.223.49: icmp_seq=1134 ttl=37 time=77.5 ms
08-13 17:15:51.946 12372 12701 D cellinfo: 46 bytes from 54.197.223.49: icmp_seq=1135 ttl=37 time=81.0 ms
08-13 17:15:52.141 12372 12701 D cellinfo: 46 bytes from 54.197.223.49: icmp_seq=1136 ttl=37 time=75.1 ms
08-13 17:15:52.346 12372 12701 D cellinfo: 46 bytes from 54.197.223.49: icmp_seq=1137 ttl=37 time=78.8 ms
08-13 17:15:52.545 12372 12701 D cellinfo: 46 bytes from 54.197.223.49: icmp_seq=1138 ttl=37 time=77.0 ms
08-13 17:15:52.745 12372 12701 D cellinfo: 46 bytes from 54.197.223.49: icmp_seq=1139 ttl=37 time=76.5 ms
08-13 17:15:52.946 12372 12701 D cellinfo: 46 bytes from 54.197.223.49: icmp_seq=1140 ttl=37 time=76.5 ms
08-13 17:15:53.145 12372 12701 D cellinfo: 46 bytes from 54.197.223.49: icmp_seq=1141 ttl=37 time=74.8 ms
08-13 17:15:53.226 12372 12372 D cellinfo: Latitude is 40.416985
08-13 17:15:53.226 12372 12372 D cellinfo: Longitude is -86.8131613
08-13 17:15:53.226 12372 12372 D cellinfo: Instantaneous GPS information: United States, 4803 IN-26, Lafayette, IN 47905, USA
08-13 17:15:53.226 12372 12372 D cellinfo: getCurrentLocation() result: Location (success): 40.416985, -86.8131613
08-13 17:15:53.345 12372 12701 D cellinfo: 46 bytes from 54.197.223.49: icmp_seq=1142 ttl=37 time=73.9 ms
08-13 17:15:53.464 12372 12372 D cellinfo: onCellInfoChanged: Operator:  UpdateTimestamp: 249229779 CellConnectionStatus: 1
08-13 17:15:53.464 12372 12372 D cellinfo: onCellInfoChanged: 5G-NR Cell Bands: [] ARFCN: 528000 Cell ID: 9223372036854775807 Physical Cell ID: 598 Tracking Area Code: 16777215
08-13 17:15:53.546 12372 12701 D cellinfo: 46 bytes from 54.197.223.49: icmp_seq=1143 ttl=37 time=74.3 ms
08-13 17:15:53.745 12372 12701 D cellinfo: 46 bytes from 54.197.223.49: icmp_seq=1144 ttl=37 time=72.3 ms
08-13 17:15:53.951 12372 12701 D cellinfo: 46 bytes from 54.197.223.49: icmp_seq=1145 ttl=37 time=76.3 ms
08-13 17:15:54.151 12372 12701 D cellinfo: 46 bytes from 54.197.223.49: icmp_seq=1146 ttl=37 time=76.1 ms
08-13 17:15:54.351 12372 12701 D cellinfo: 46 bytes from 54.197.223.49: icmp_seq=1147 ttl=37 time=75.3 ms
08-13 17:15:54.551 12372 12701 D cellinfo: 46 bytes from 54.197.223.49: icmp_seq=1148 ttl=37 time=74.1 ms
08-13 17:15:54.751 12372 12701 D cellinfo: 46 bytes from 54.197.223.49: icmp_seq=1149 ttl=37 time=72.9 ms
08-13 17:15:54.956 12372 12701 D cellinfo: 46 bytes from 54.197.223.49: icmp_seq=1150 ttl=37 time=77.2 ms
08-13 17:15:55.157 12372 12701 D cellinfo: 46 bytes from 54.197.223.49: icmp_seq=1151 ttl=37 time=76.3 ms
08-13 17:15:55.356 12372 12701 D cellinfo: 46 bytes from 54.197.223.49: icmp_seq=1152 ttl=37 time=75.5 ms
08-13 17:15:55.561 12372 12701 D cellinfo: 46 bytes from 54.197.223.49: icmp_seq=1153 ttl=37 time=79.7 ms
08-13 17:15:55.757 12372 12701 D cellinfo: 46 bytes from 54.197.223.49: icmp_seq=1154 ttl=37 time=74.8 ms
08-13 17:15:55.956 12372 12701 D cellinfo: 46 bytes from 54.197.223.49: icmp_seq=1155 ttl=37 time=72.9 ms
08-13 17:15:56.156 12372 12701 D cellinfo: 46 bytes from 54.197.223.49: icmp_seq=1156 ttl=37 time=72.2 ms
08-13 17:15:56.360 12372 12701 D cellinfo: 46 bytes from 54.197.223.49: icmp_seq=1157 ttl=37 time=76.1 ms
08-13 17:15:56.562 12372 12701 D cellinfo: 46 bytes from 54.197.223.49: icmp_seq=1158 ttl=37 time=76.6 ms
08-13 17:15:56.765 12372 12701 D cellinfo: 46 bytes from 54.197.223.49: icmp_seq=1159 ttl=37 time=78.8 ms
08-13 17:15:56.833 12372 12372 D cellinfo: Latitude is 40.4169231
08-13 17:15:56.833 12372 12372 D cellinfo: Longitude is -86.8131659
08-13 17:15:56.833 12372 12372 D cellinfo: Instantaneous GPS information: United States, 4803 IN-26, Lafayette, IN 47905, USA
08-13 17:15:56.834 12372 12372 D cellinfo: getCurrentLocation() result: Location (success): 40.4169231, -86.8131659
08-13 17:15:56.838 12372 12372 D cellinfo: onCellInfoChanged: Operator:  UpdateTimestamp: 249232762 CellConnectionStatus: 1
08-13 17:15:56.838 12372 12372 D cellinfo: onCellInfoChanged: 5G-NR Cell Bands: [] ARFCN: 528000 Cell ID: 9223372036854775807 Physical Cell ID: 598 Tracking Area Code: 16777215
08-13 17:15:56.966 12372 12701 D cellinfo: 46 bytes from 54.197.223.49: icmp_seq=1160 ttl=37 time=78.1 ms
08-13 17:15:57.161 12372 12701 D cellinfo: 46 bytes from 54.197.223.49: icmp_seq=1161 ttl=37 time=73.0 ms
08-13 17:15:57.366 12372 12701 D cellinfo: 46 bytes from 54.197.223.49: icmp_seq=1162 ttl=37 time=77.2 ms
08-13 17:15:57.571 12372 12701 D cellinfo: 46 bytes from 54.197.223.49: icmp_seq=1163 ttl=37 time=80.2 ms
08-13 17:15:57.766 12372 12701 D cellinfo: 46 bytes from 54.197.223.49: icmp_seq=1164 ttl=37 time=74.1 ms
08-13 17:15:57.966 12372 12701 D cellinfo: 46 bytes from 54.197.223.49: icmp_seq=1165 ttl=37 time=73.6 ms
08-13 17:15:58.165 12372 12701 D cellinfo: 46 bytes from 54.197.223.49: icmp_seq=1166 ttl=37 time=72.4 ms
08-13 17:15:58.366 12372 12701 D cellinfo: 46 bytes from 54.197.223.49: icmp_seq=1167 ttl=37 time=72.0 ms
08-13 17:15:58.571 12372 12701 D cellinfo: 46 bytes from 54.197.223.49: icmp_seq=1168 ttl=37 time=75.7 ms
08-13 17:15:58.772 12372 12701 D cellinfo: 46 bytes from 54.197.223.49: icmp_seq=1169 ttl=37 time=75.6 ms
08-13 17:15:58.976 12372 12701 D cellinfo: 46 bytes from 54.197.223.49: icmp_seq=1170 ttl=37 time=79.4 ms
08-13 17:15:59.171 12372 12701 D cellinfo: 46 bytes from 54.197.223.49: icmp_seq=1171 ttl=37 time=73.2 ms
08-13 17:15:59.229 12372 12372 D cellinfo: Latitude is 40.4169231
08-13 17:15:59.229 12372 12372 D cellinfo: Longitude is -86.8131659
08-13 17:15:59.229 12372 12372 D cellinfo: Instantaneous GPS information: United States, 4803 IN-26, Lafayette, IN 47905, USA
08-13 17:15:59.229 12372 12372 D cellinfo: getCurrentLocation() result: Location (success): 40.4169231, -86.8131659
08-13 17:15:59.273 12372 12372 D cellinfo: onCellInfoChanged: Operator:  UpdateTimestamp: 249235588 CellConnectionStatus: 1
08-13 17:15:59.273 12372 12372 D cellinfo: onCellInfoChanged: 5G-NR Cell Bands: [] ARFCN: 528000 Cell ID: 9223372036854775807 Physical Cell ID: 598 Tracking Area Code: 16777215
08-13 17:15:59.370 12372 12701 D cellinfo: 46 bytes from 54.197.223.49: icmp_seq=1172 ttl=37 time=71.9 ms
08-13 17:15:59.571 12372 12701 D cellinfo: 46 bytes from 54.197.223.49: icmp_seq=1173 ttl=37 time=71.2 ms
08-13 17:15:59.779 12372 12701 D cellinfo: 46 bytes from 54.197.223.49: icmp_seq=1174 ttl=37 time=78.6 ms
08-13 17:15:59.975 12372 12701 D cellinfo: 46 bytes from 54.197.223.49: icmp_seq=1175 ttl=37 time=74.0 ms
08-13 17:16:00.176 12372 12701 D cellinfo: 46 bytes from 54.197.223.49: icmp_seq=1176 ttl=37 time=74.1 ms
08-13 17:16:00.380 12372 12701 D cellinfo: 46 bytes from 54.197.223.49: icmp_seq=1177 ttl=37 time=77.4 ms
08-13 17:16:00.581 12372 12701 D cellinfo: 46 bytes from 54.197.223.49: icmp_seq=1178 ttl=37 time=76.6 ms
08-13 17:16:00.782 12372 12701 D cellinfo: 46 bytes from 54.197.223.49: icmp_seq=1179 ttl=37 time=76.8 ms
08-13 17:16:00.981 12372 12701 D cellinfo: 46 bytes from 54.197.223.49: icmp_seq=1180 ttl=37 time=75.5 ms
08-13 17:16:01.181 12372 12701 D cellinfo: 46 bytes from 54.197.223.49: icmp_seq=1181 ttl=37 time=74.3 ms
08-13 17:16:01.386 12372 12701 D cellinfo: 46 bytes from 54.197.223.49: icmp_seq=1182 ttl=37 time=78.5 ms
08-13 17:16:01.581 12372 12701 D cellinfo: 46 bytes from 54.197.223.49: icmp_seq=1183 ttl=37 time=73.4 ms
08-13 17:16:01.781 12372 12701 D cellinfo: 46 bytes from 54.197.223.49: icmp_seq=1184 ttl=37 time=71.5 ms
08-13 17:16:01.982 12372 12701 D cellinfo: 46 bytes from 54.197.223.49: icmp_seq=1185 ttl=37 time=72.1 ms
08-13 17:16:02.186 12372 12701 D cellinfo: 46 bytes from 54.197.223.49: icmp_seq=1186 ttl=37 time=75.5 ms
08-13 17:16:02.228 12372 12372 D cellinfo: Latitude is 40.4169191
08-13 17:16:02.228 12372 12372 D cellinfo: Longitude is -86.8131324
08-13 17:16:02.228 12372 12372 D cellinfo: Instantaneous GPS information: United States, 4803 IN-26, Lafayette, IN 47905, USA
08-13 17:16:02.228 12372 12372 D cellinfo: getCurrentLocation() result: Location (success): 40.4169191, -86.8131324
08-13 17:16:02.274 12372 12372 D cellinfo: onCellInfoChanged: Operator:  UpdateTimestamp: 249238588 CellConnectionStatus: 1
08-13 17:16:02.274 12372 12372 D cellinfo: onCellInfoChanged: 5G-NR Cell Bands: [] ARFCN: 528000 Cell ID: 9223372036854775807 Physical Cell ID: 598 Tracking Area Code: 16777215
08-13 17:16:02.386 12372 12701 D cellinfo: 46 bytes from 54.197.223.49: icmp_seq=1187 ttl=37 time=75.9 ms
08-13 17:16:02.586 12372 12701 D cellinfo: 46 bytes from 54.197.223.49: icmp_seq=1188 ttl=37 time=74.7 ms
08-13 17:16:02.786 12372 12701 D cellinfo: 46 bytes from 54.197.223.49: icmp_seq=1189 ttl=37 time=74.2 ms
08-13 17:16:02.986 12372 12701 D cellinfo: 46 bytes from 54.197.223.49: icmp_seq=1190 ttl=37 time=72.9 ms
08-13 17:16:03.186 12372 12701 D cellinfo: 46 bytes from 54.197.223.49: icmp_seq=1191 ttl=37 time=71.9 ms
08-13 17:16:03.392 12372 12701 D cellinfo: 46 bytes from 54.197.223.49: icmp_seq=1192 ttl=37 time=77.3 ms
08-13 17:16:03.591 12372 12701 D cellinfo: 46 bytes from 54.197.223.49: icmp_seq=1193 ttl=37 time=76.6 ms
08-13 17:16:03.791 12372 12701 D cellinfo: 46 bytes from 54.197.223.49: icmp_seq=1194 ttl=37 time=75.8 ms
08-13 17:16:03.991 12372 12701 D cellinfo: 46 bytes from 54.197.223.49: icmp_seq=1195 ttl=37 time=74.8 ms
08-13 17:16:04.192 12372 12701 D cellinfo: 46 bytes from 54.197.223.49: icmp_seq=1196 ttl=37 time=75.8 ms
08-13 17:16:04.391 12372 12701 D cellinfo: 46 bytes from 54.197.223.49: icmp_seq=1197 ttl=37 time=74.0 ms
08-13 17:16:04.592 12372 12701 D cellinfo: 46 bytes from 54.197.223.49: icmp_seq=1198 ttl=37 time=73.7 ms
08-13 17:16:04.796 12372 12701 D cellinfo: 46 bytes from 54.197.223.49: icmp_seq=1199 ttl=37 time=77.8 ms
08-13 17:16:04.991 12372 12701 D cellinfo: 46 bytes from 54.197.223.49: icmp_seq=1200 ttl=37 time=72.0 ms
08-13 17:16:05.196 12372 12701 D cellinfo: 46 bytes from 54.197.223.49: icmp_seq=1201 ttl=37 time=76.2 ms
08-13 17:16:05.226 12372 12372 D cellinfo: Latitude is 40.4169191
08-13 17:16:05.226 12372 12372 D cellinfo: Longitude is -86.8131324
08-13 17:16:05.226 12372 12372 D cellinfo: Instantaneous GPS information: United States, 4803 IN-26, Lafayette, IN 47905, USA
08-13 17:16:05.226 12372 12372 D cellinfo: getCurrentLocation() result: Location (success): 40.4169191, -86.8131324
08-13 17:16:05.270 12372 12372 D cellinfo: onCellInfoChanged: Operator:  UpdateTimestamp: 249241586 CellConnectionStatus: 1
08-13 17:16:05.270 12372 12372 D cellinfo: onCellInfoChanged: 5G-NR Cell Bands: [] ARFCN: 528000 Cell ID: 9223372036854775807 Physical Cell ID: 598 Tracking Area Code: 16777215
08-13 17:16:05.401 12372 12701 D cellinfo: 46 bytes from 54.197.223.49: icmp_seq=1202 ttl=37 time=79.6 ms
08-13 17:16:05.596 12372 12701 D cellinfo: 46 bytes from 54.197.223.49: icmp_seq=1203 ttl=37 time=73.5 ms
08-13 17:16:05.796 12372 12701 D cellinfo: 46 bytes from 54.197.223.49: icmp_seq=1204 ttl=37 time=72.5 ms
08-13 17:16:05.996 12372 12701 D cellinfo: 46 bytes from 54.197.223.49: icmp_seq=1205 ttl=37 time=72.6 ms
08-13 17:16:06.196 12372 12701 D cellinfo: 46 bytes from 54.197.223.49: icmp_seq=1206 ttl=37 time=72.0 ms
08-13 17:16:06.408 12372 12701 D cellinfo: 46 bytes from 54.197.223.49: icmp_seq=1207 ttl=37 time=83.1 ms
08-13 17:16:06.601 12372 12701 D cellinfo: 46 bytes from 54.197.223.49: icmp_seq=1208 ttl=37 time=75.5 ms
08-13 17:16:06.801 12372 12701 D cellinfo: 46 bytes from 54.197.223.49: icmp_seq=1209 ttl=37 time=75.2 ms
08-13 17:16:07.001 12372 12701 D cellinfo: 46 bytes from 54.197.223.49: icmp_seq=1210 ttl=37 time=74.1 ms
08-13 17:16:07.201 12372 12701 D cellinfo: 46 bytes from 54.197.223.49: icmp_seq=1211 ttl=37 time=74.0 ms
08-13 17:16:07.402 12372 12701 D cellinfo: 46 bytes from 54.197.223.49: icmp_seq=1212 ttl=37 time=74.0 ms
08-13 17:16:07.602 12372 12701 D cellinfo: 46 bytes from 54.197.223.49: icmp_seq=1213 ttl=37 time=73.2 ms
08-13 17:16:07.811 12372 12701 D cellinfo: 46 bytes from 54.197.223.49: icmp_seq=1214 ttl=37 time=81.3 ms
08-13 17:16:08.006 12372 12701 D cellinfo: 46 bytes from 54.197.223.49: icmp_seq=1215 ttl=37 time=75.2 ms
08-13 17:16:08.206 12372 12701 D cellinfo: 46 bytes from 54.197.223.49: icmp_seq=1216 ttl=37 time=75.1 ms
08-13 17:16:08.270 12372 12372 D cellinfo: onCellInfoChanged: Operator:  UpdateTimestamp: 249244585 CellConnectionStatus: 1
08-13 17:16:08.270 12372 12372 D cellinfo: onCellInfoChanged: 5G-NR Cell Bands: [] ARFCN: 528000 Cell ID: 9223372036854775807 Physical Cell ID: 598 Tracking Area Code: 16777215
08-13 17:16:08.406 12372 12701 D cellinfo: 46 bytes from 54.197.223.49: icmp_seq=1217 ttl=37 time=74.7 ms
08-13 17:16:08.606 12372 12701 D cellinfo: 46 bytes from 54.197.223.49: icmp_seq=1218 ttl=37 time=74.4 ms
08-13 17:16:08.826 12372 12701 D cellinfo: 46 bytes from 54.197.223.49: icmp_seq=1219 ttl=37 time=93.2 ms
08-13 17:16:09.006 12372 12701 D cellinfo: 46 bytes from 54.197.223.49: icmp_seq=1220 ttl=37 time=71.9 ms
08-13 17:16:09.025 12372 12372 D cellinfo: Latitude is 40.4169925
08-13 17:16:09.025 12372 12372 D cellinfo: Longitude is -86.8131654
08-13 17:16:09.025 12372 12372 D cellinfo: Instantaneous GPS information: United States, 4803 IN-26, Lafayette, IN 47905, USA
08-13 17:16:09.025 12372 12372 D cellinfo: getCurrentLocation() result: Location (success): 40.4169925, -86.8131654
08-13 17:16:09.211 12372 12701 D cellinfo: 46 bytes from 54.197.223.49: icmp_seq=1221 ttl=37 time=76.6 ms
08-13 17:16:09.412 12372 12701 D cellinfo: 46 bytes from 54.197.223.49: icmp_seq=1222 ttl=37 time=77.9 ms
08-13 17:16:09.616 12372 12701 D cellinfo: 46 bytes from 54.197.223.49: icmp_seq=1223 ttl=37 time=81.3 ms
08-13 17:16:09.813 12372 12701 D cellinfo: 46 bytes from 54.197.223.49: icmp_seq=1224 ttl=37 time=75.8 ms
08-13 17:16:10.011 12372 12701 D cellinfo: 46 bytes from 54.197.223.49: icmp_seq=1225 ttl=37 time=73.4 ms
08-13 17:16:10.211 12372 12701 D cellinfo: 46 bytes from 54.197.223.49: icmp_seq=1226 ttl=37 time=72.8 ms
08-13 17:16:10.416 12372 12701 D cellinfo: 46 bytes from 54.197.223.49: icmp_seq=1227 ttl=37 time=77.9 ms
08-13 17:16:10.611 12372 12701 D cellinfo: 46 bytes from 54.197.223.49: icmp_seq=1228 ttl=37 time=71.8 ms
08-13 17:16:10.817 12372 12701 D cellinfo: 46 bytes from 54.197.223.49: icmp_seq=1229 ttl=37 time=76.7 ms
08-13 17:16:11.017 12372 12701 D cellinfo: 46 bytes from 54.197.223.49: icmp_seq=1230 ttl=37 time=76.1 ms
08-13 17:16:11.217 12372 12701 D cellinfo: 46 bytes from 54.197.223.49: icmp_seq=1231 ttl=37 time=76.2 ms
08-13 17:16:11.233 12372 12372 D cellinfo: Latitude is 40.4169925
08-13 17:16:11.233 12372 12372 D cellinfo: Longitude is -86.8131654
08-13 17:16:11.233 12372 12372 D cellinfo: Instantaneous GPS information: United States, 4803 IN-26, Lafayette, IN 47905, USA
08-13 17:16:11.233 12372 12372 D cellinfo: getCurrentLocation() result: Location (success): 40.4169925, -86.8131654
08-13 17:16:11.282 12372 12372 D cellinfo: onCellInfoChanged: Operator:  UpdateTimestamp: 249247599 CellConnectionStatus: 1
08-13 17:16:11.282 12372 12372 D cellinfo: onCellInfoChanged: 5G-NR Cell Bands: [] ARFCN: 528000 Cell ID: 9223372036854775807 Physical Cell ID: 598 Tracking Area Code: 16777215
08-13 17:16:11.416 12372 12701 D cellinfo: 46 bytes from 54.197.223.49: icmp_seq=1232 ttl=37 time=73.8 ms
08-13 17:16:11.623 12372 12701 D cellinfo: 46 bytes from 54.197.223.49: icmp_seq=1233 ttl=37 time=79.8 ms
08-13 17:16:11.816 12372 12701 D cellinfo: 46 bytes from 54.197.223.49: icmp_seq=1234 ttl=37 time=72.2 ms
08-13 17:16:12.023 12372 12701 D cellinfo: 46 bytes from 54.197.223.49: icmp_seq=1235 ttl=37 time=77.7 ms
08-13 17:16:12.226 12372 12701 D cellinfo: 46 bytes from 54.197.223.49: icmp_seq=1236 ttl=37 time=81.5 ms
08-13 17:16:12.429 12372 12701 D cellinfo: 46 bytes from 54.197.223.49: icmp_seq=1237 ttl=37 time=84.0 ms
08-13 17:16:12.621 12372 12701 D cellinfo: 46 bytes from 54.197.223.49: icmp_seq=1238 ttl=37 time=75.2 ms
08-13 17:16:12.822 12372 12701 D cellinfo: 46 bytes from 54.197.223.49: icmp_seq=1239 ttl=37 time=75.2 ms
08-13 17:16:13.021 12372 12701 D cellinfo: 46 bytes from 54.197.223.49: icmp_seq=1240 ttl=37 time=72.9 ms
08-13 17:16:13.223 12372 12701 D cellinfo: 46 bytes from 54.197.223.49: icmp_seq=1241 ttl=37 time=75.1 ms
08-13 17:16:13.421 12372 12701 D cellinfo: 46 bytes from 54.197.223.49: icmp_seq=1242 ttl=37 time=72.4 ms
08-13 17:16:13.627 12372 12701 D cellinfo: 46 bytes from 54.197.223.49: icmp_seq=1243 ttl=37 time=76.9 ms
08-13 17:16:13.826 12372 12701 D cellinfo: 46 bytes from 54.197.223.49: icmp_seq=1244 ttl=37 time=76.0 ms
08-13 17:16:14.027 12372 12701 D cellinfo: 46 bytes from 54.197.223.49: icmp_seq=1245 ttl=37 time=75.5 ms
08-13 17:16:14.226 12372 12701 D cellinfo: 46 bytes from 54.197.223.49: icmp_seq=1246 ttl=37 time=75.2 ms
08-13 17:16:14.228 12372 12372 D cellinfo: Latitude is 40.4169925
08-13 17:16:14.228 12372 12372 D cellinfo: Longitude is -86.8131654
08-13 17:16:14.229 12372 12372 D cellinfo: Instantaneous GPS information: United States, 4803 IN-26, Lafayette, IN 47905, USA
08-13 17:16:14.229 12372 12372 D cellinfo: getCurrentLocation() result: Location (success): 40.4169925, -86.8131654
08-13 17:16:14.274 12372 12372 D cellinfo: onCellInfoChanged: Operator:  UpdateTimestamp: 249250591 CellConnectionStatus: 1
08-13 17:16:14.274 12372 12372 D cellinfo: onCellInfoChanged: 5G-NR Cell Bands: [] ARFCN: 528000 Cell ID: 9223372036854775807 Physical Cell ID: 598 Tracking Area Code: 16777215
08-13 17:16:14.426 12372 12701 D cellinfo: 46 bytes from 54.197.223.49: icmp_seq=1247 ttl=37 time=73.8 ms
08-13 17:16:14.627 12372 12701 D cellinfo: 46 bytes from 54.197.223.49: icmp_seq=1248 ttl=37 time=73.7 ms
08-13 17:16:14.826 12372 12701 D cellinfo: 46 bytes from 54.197.223.49: icmp_seq=1249 ttl=37 time=72.7 ms
08-13 17:16:15.026 12372 12701 D cellinfo: 46 bytes from 54.197.223.49: icmp_seq=1250 ttl=37 time=71.7 ms
08-13 17:16:15.227 12372 12701 D cellinfo: 46 bytes from 54.197.223.49: icmp_seq=1251 ttl=37 time=73.4 ms
08-13 17:16:15.431 12372 12701 D cellinfo: 46 bytes from 54.197.223.49: icmp_seq=1252 ttl=37 time=76.4 ms
08-13 17:16:15.632 12372 12701 D cellinfo: 46 bytes from 54.197.223.49: icmp_seq=1253 ttl=37 time=75.1 ms
08-13 17:16:15.831 12372 12701 D cellinfo: 46 bytes from 54.197.223.49: icmp_seq=1254 ttl=37 time=73.5 ms
08-13 17:16:16.031 12372 12701 D cellinfo: 46 bytes from 54.197.223.49: icmp_seq=1255 ttl=37 time=73.1 ms
08-13 17:16:16.231 12372 12701 D cellinfo: 46 bytes from 54.197.223.49: icmp_seq=1256 ttl=37 time=73.1 ms
08-13 17:16:16.431 12372 12701 D cellinfo: 46 bytes from 54.197.223.49: icmp_seq=1257 ttl=37 time=72.4 ms
08-13 17:16:16.636 12372 12701 D cellinfo: 46 bytes from 54.197.223.49: icmp_seq=1258 ttl=37 time=75.8 ms
08-13 17:16:16.841 12372 12701 D cellinfo: 46 bytes from 54.197.223.49: icmp_seq=1259 ttl=37 time=80.1 ms
08-13 17:16:17.037 12372 12701 D cellinfo: 46 bytes from 54.197.223.49: icmp_seq=1260 ttl=37 time=75.5 ms
08-13 17:16:17.230 12372 12372 D cellinfo: Latitude is 40.4169925
08-13 17:16:17.230 12372 12372 D cellinfo: Longitude is -86.8131654
08-13 17:16:17.230 12372 12372 D cellinfo: Instantaneous GPS information: United States, 4803 IN-26, Lafayette, IN 47905, USA
08-13 17:16:17.230 12372 12372 D cellinfo: getCurrentLocation() result: Location (success): 40.4169925, -86.8131654
08-13 17:16:17.236 12372 12701 D cellinfo: 46 bytes from 54.197.223.49: icmp_seq=1261 ttl=37 time=74.9 ms
08-13 17:16:17.295 12372 12372 D cellinfo: onCellInfoChanged: Operator:  UpdateTimestamp: 249253611 CellConnectionStatus: 1
08-13 17:16:17.295 12372 12372 D cellinfo: onCellInfoChanged: 5G-NR Cell Bands: [] ARFCN: 528000 Cell ID: 9223372036854775807 Physical Cell ID: 598 Tracking Area Code: 16777215
08-13 17:16:17.436 12372 12701 D cellinfo: 46 bytes from 54.197.223.49: icmp_seq=1262 ttl=37 time=74.2 ms
08-13 17:16:17.637 12372 12701 D cellinfo: 46 bytes from 54.197.223.49: icmp_seq=1263 ttl=37 time=73.6 ms
08-13 17:16:17.842 12372 12701 D cellinfo: 46 bytes from 54.197.223.49: icmp_seq=1264 ttl=37 time=77.9 ms
08-13 17:16:18.042 12372 12701 D cellinfo: 46 bytes from 54.197.223.49: icmp_seq=1265 ttl=37 time=76.5 ms
08-13 17:16:18.235 12372 12701 D cellinfo: 46 bytes from 54.197.223.49: icmp_seq=1266 ttl=37 time=71.6 ms
08-13 17:16:18.441 12372 12701 D cellinfo: 46 bytes from 54.197.223.49: icmp_seq=1267 ttl=37 time=76.8 ms
08-13 17:16:18.642 12372 12701 D cellinfo: 46 bytes from 54.197.223.49: icmp_seq=1268 ttl=37 time=76.7 ms
08-13 17:16:18.841 12372 12701 D cellinfo: 46 bytes from 54.197.223.49: icmp_seq=1269 ttl=37 time=75.5 ms
08-13 17:16:19.042 12372 12701 D cellinfo: 46 bytes from 54.197.223.49: icmp_seq=1270 ttl=37 time=74.5 ms
08-13 17:16:19.242 12372 12701 D cellinfo: 46 bytes from 54.197.223.49: icmp_seq=1271 ttl=37 time=76.0 ms
08-13 17:16:19.442 12372 12701 D cellinfo: 46 bytes from 54.197.223.49: icmp_seq=1272 ttl=37 time=74.6 ms
08-13 17:16:19.641 12372 12701 D cellinfo: 46 bytes from 54.197.223.49: icmp_seq=1273 ttl=37 time=73.6 ms
08-13 17:16:19.841 12372 12701 D cellinfo: 46 bytes from 54.197.223.49: icmp_seq=1274 ttl=37 time=72.7 ms
08-13 17:16:20.042 12372 12701 D cellinfo: 46 bytes from 54.197.223.49: icmp_seq=1275 ttl=37 time=73.3 ms
08-13 17:16:20.242 12372 12701 D cellinfo: 46 bytes from 54.197.223.49: icmp_seq=1276 ttl=37 time=73.5 ms
08-13 17:16:20.262 12372 12372 D cellinfo: Latitude is 40.4169739
08-13 17:16:20.263 12372 12372 D cellinfo: Longitude is -86.8131553
08-13 17:16:20.263 12372 12372 D cellinfo: Instantaneous GPS information: United States, 4803 IN-26, Lafayette, IN 47905, USA
08-13 17:16:20.263 12372 12372 D cellinfo: getCurrentLocation() result: Location (success): 40.4169739, -86.8131553
08-13 17:16:20.441 12372 12701 D cellinfo: 46 bytes from 54.197.223.49: icmp_seq=1277 ttl=37 time=71.4 ms
08-13 17:16:20.646 12372 12701 D cellinfo: 46 bytes from 54.197.223.49: icmp_seq=1278 ttl=37 time=74.7 ms
08-13 17:16:20.847 12372 12701 D cellinfo: 46 bytes from 54.197.223.49: icmp_seq=1279 ttl=37 time=75.1 ms
08-13 17:16:21.047 12372 12701 D cellinfo: 46 bytes from 54.197.223.49: icmp_seq=1280 ttl=37 time=74.4 ms
08-13 17:16:21.251 12372 12701 D cellinfo: 46 bytes from 54.197.223.49: icmp_seq=1281 ttl=37 time=79.6 ms
08-13 17:16:21.447 12372 12701 D cellinfo: 46 bytes from 54.197.223.49: icmp_seq=1282 ttl=37 time=74.7 ms
08-13 17:16:21.649 12372 12701 D cellinfo: 46 bytes from 54.197.223.49: icmp_seq=1283 ttl=37 time=76.5 ms
08-13 17:16:21.846 12372 12701 D cellinfo: 46 bytes from 54.197.223.49: icmp_seq=1284 ttl=37 time=71.9 ms
08-13 17:16:22.052 12372 12701 D cellinfo: 46 bytes from 54.197.223.49: icmp_seq=1285 ttl=37 time=77.8 ms
08-13 17:16:22.257 12372 12701 D cellinfo: 46 bytes from 54.197.223.49: icmp_seq=1286 ttl=37 time=82.2 ms
08-13 17:16:22.451 12372 12701 D cellinfo: 46 bytes from 54.197.223.49: icmp_seq=1287 ttl=37 time=75.4 ms
08-13 17:16:22.652 12372 12701 D cellinfo: 46 bytes from 54.197.223.49: icmp_seq=1288 ttl=37 time=75.5 ms
08-13 17:16:22.852 12372 12701 D cellinfo: 46 bytes from 54.197.223.49: icmp_seq=1289 ttl=37 time=74.6 ms
08-13 17:16:23.052 12372 12701 D cellinfo: 46 bytes from 54.197.223.49: icmp_seq=1290 ttl=37 time=74.8 ms
08-13 17:16:23.229 12372 12372 D cellinfo: Latitude is 40.4169739
08-13 17:16:23.229 12372 12372 D cellinfo: Longitude is -86.8131553
08-13 17:16:23.229 12372 12372 D cellinfo: Instantaneous GPS information: United States, 4803 IN-26, Lafayette, IN 47905, USA
08-13 17:16:23.229 12372 12372 D cellinfo: getCurrentLocation() result: Location (success): 40.4169739, -86.8131553
08-13 17:16:23.252 12372 12701 D cellinfo: 46 bytes from 54.197.223.49: icmp_seq=1291 ttl=37 time=75.1 ms
08-13 17:16:23.453 12372 12701 D cellinfo: 46 bytes from 54.197.223.49: icmp_seq=1292 ttl=37 time=75.0 ms
08-13 17:16:23.497 12372 12372 D cellinfo: onCellInfoChanged: Operator:  UpdateTimestamp: 249259812 CellConnectionStatus: 1
08-13 17:16:23.497 12372 12372 D cellinfo: onCellInfoChanged: 5G-NR Cell Bands: [] ARFCN: 528000 Cell ID: 9223372036854775807 Physical Cell ID: 598 Tracking Area Code: 16777215
08-13 17:16:23.657 12372 12701 D cellinfo: 46 bytes from 54.197.223.49: icmp_seq=1293 ttl=37 time=77.8 ms
08-13 17:16:23.851 12372 12701 D cellinfo: 46 bytes from 54.197.223.49: icmp_seq=1294 ttl=37 time=71.5 ms
08-13 17:16:24.052 12372 12701 D cellinfo: 46 bytes from 54.197.223.49: icmp_seq=1295 ttl=37 time=72.0 ms
08-13 17:16:24.257 12372 12701 D cellinfo: 46 bytes from 54.197.223.49: icmp_seq=1296 ttl=37 time=76.6 ms
08-13 17:16:24.457 12372 12701 D cellinfo: 46 bytes from 54.197.223.49: icmp_seq=1297 ttl=37 time=76.5 ms
08-13 17:16:24.657 12372 12701 D cellinfo: 46 bytes from 54.197.223.49: icmp_seq=1298 ttl=37 time=76.0 ms
08-13 17:16:24.859 12372 12701 D cellinfo: 46 bytes from 54.197.223.49: icmp_seq=1299 ttl=37 time=77.6 ms
08-13 17:16:25.058 12372 12701 D cellinfo: 46 bytes from 54.197.223.49: icmp_seq=1300 ttl=37 time=76.5 ms
08-13 17:16:25.256 12372 12701 D cellinfo: 46 bytes from 54.197.223.49: icmp_seq=1301 ttl=37 time=73.8 ms
08-13 17:16:25.458 12372 12701 D cellinfo: 46 bytes from 54.197.223.49: icmp_seq=1302 ttl=37 time=74.0 ms
08-13 17:16:25.658 12372 12701 D cellinfo: 46 bytes from 54.197.223.49: icmp_seq=1303 ttl=37 time=75.1 ms
08-13 17:16:25.856 12372 12701 D cellinfo: 46 bytes from 54.197.223.49: icmp_seq=1304 ttl=37 time=72.5 ms
08-13 17:26:51.202 13846 13846 D cellinfo: Country == United States
08-13 17:26:51.202 13846 13846 D cellinfo: City == Lafayette
08-13 17:26:51.202 13846 13846 D cellinfo: GPS Info == 4803 IN-26, Lafayette, IN 47905, USA
08-13 17:26:51.202 13846 13846 D cellinfo: Network Operator == T-Mobile
08-13 17:26:51.202 13846 13846 D cellinfo: User movement == Static
08-13 17:26:51.202 13846 13846 D cellinfo: isEastCoast == true
08-13 17:26:51.202 13846 13846 D cellinfo: isWestCoast == false
08-13 17:26:51.203 13846 13846 D cellinfo: isBoston == false
08-13 17:26:51.203 13846 13846 D cellinfo: All GPS info fetched. Saving city and country info
08-13 17:26:51.203 13846 13899 D cellinfo: Timestamp: 1660426011
08-13 17:26:51.704 13846 13900 D cellinfo: Logging started
08-13 17:26:51.975 13846 13846 D cellinfo: Latitude is 40.4171501
08-13 17:26:51.976 13846 13846 D cellinfo: Longitude is -86.8131562
08-13 17:26:51.976 13846 13846 D cellinfo: Instantaneous GPS information: United States, 4803 IN-26, Lafayette, IN 47905, USA
08-13 17:26:51.976 13846 13846 D cellinfo: getCurrentLocation() result: Location (success): 40.4171501, -86.8131562
08-13 17:26:51.978 13846 13846 D cellinfo: onServiceStateChanged: Channel Number: 700 Cell Bandwidths: [10000, 10000, 5000, 5000]
08-13 17:26:51.978 13846 13846 D cellinfo: onsignalStrengthsChanged: LTE Signal Strength info: rsrp: -93 rsrq: -14 rssi: -61 rssnr: -1
08-13 17:26:51.979 13846 13846 D cellinfo: onsignalStrengthsChanged: 5G-NR Signal Strength info: ssrsrp: -96 ssrsrq: -12 sssinr: 3
08-13 17:26:51.979 13846 13846 D cellinfo: onCellInfoChanged: Operator:  UpdateTimestamp: 249887621 CellConnectionStatus: 1
08-13 17:26:51.979 13846 13846 D cellinfo: onCellInfoChanged: LTE Cell Bands: [2] Bandwidth: 10000 Cell ID: 6652171 Physical Cell ID: 418 Tracking Area Code: 42235 EARFCN: 700
08-13 17:26:51.979 13846 13846 D cellinfo: onDisplayInfoChanged: NetworkType: LTE OverrideNetworkType: Unknown
08-13 17:26:51.991 13846 13846 D cellinfo: onServiceStateChanged: Channel Number: 700 Cell Bandwidths: [10000, 100000]
08-13 17:26:52.207 13846 13899 D cellinfo: Ping command fired: /system/bin/ping -i 0.2 -s 38 54.197.223.49
08-13 17:26:52.347 13846 13899 D cellinfo: PING 54.197.223.49 (54.197.223.49) 38(66) bytes of data.
08-13 17:26:52.347 13846 13899 D cellinfo: 46 bytes from 54.197.223.49: icmp_seq=1 ttl=37 time=125 ms
08-13 17:26:52.532 13846 13899 D cellinfo: 46 bytes from 54.197.223.49: icmp_seq=2 ttl=37 time=110 ms
08-13 17:26:52.715 13846 13899 D cellinfo: 46 bytes from 54.197.223.49: icmp_seq=3 ttl=37 time=92.4 ms
08-13 17:26:52.897 13846 13899 D cellinfo: 46 bytes from 54.197.223.49: icmp_seq=4 ttl=37 time=73.3 ms
08-13 17:26:53.097 13846 13899 D cellinfo: 46 bytes from 54.197.223.49: icmp_seq=5 ttl=37 time=72.3 ms
08-13 17:26:53.302 13846 13899 D cellinfo: 46 bytes from 54.197.223.49: icmp_seq=6 ttl=37 time=76.6 ms
08-13 17:26:53.512 13846 13899 D cellinfo: 46 bytes from 54.197.223.49: icmp_seq=7 ttl=37 time=85.7 ms
08-13 17:26:53.710 13846 13899 D cellinfo: 46 bytes from 54.197.223.49: icmp_seq=8 ttl=37 time=82.5 ms
08-13 17:26:53.912 13846 13899 D cellinfo: 46 bytes from 54.197.223.49: icmp_seq=9 ttl=37 time=84.6 ms
08-13 17:26:54.114 13846 13899 D cellinfo: 46 bytes from 54.197.223.49: icmp_seq=10 ttl=37 time=85.7 ms
08-13 17:26:54.306 13846 13899 D cellinfo: 46 bytes from 54.197.223.49: icmp_seq=11 ttl=37 time=77.8 ms
08-13 17:26:54.518 13846 13899 D cellinfo: 46 bytes from 54.197.223.49: icmp_seq=12 ttl=37 time=87.7 ms
08-13 17:26:54.596 13846 13846 D cellinfo: Latitude is 40.4168452
08-13 17:26:54.596 13846 13846 D cellinfo: Longitude is -86.8133459
08-13 17:26:54.596 13846 13846 D cellinfo: Instantaneous GPS information: United States, 4803 IN-26, Lafayette, IN 47905, USA
08-13 17:26:54.596 13846 13846 D cellinfo: getCurrentLocation() result: Location (success): 40.4168452, -86.8133459
08-13 17:26:54.715 13846 13899 D cellinfo: 46 bytes from 54.197.223.49: icmp_seq=13 ttl=37 time=83.3 ms
08-13 17:26:54.912 13846 13899 D cellinfo: 46 bytes from 54.197.223.49: icmp_seq=14 ttl=37 time=79.2 ms
08-13 17:26:55.122 13846 13899 D cellinfo: 46 bytes from 54.197.223.49: icmp_seq=15 ttl=37 time=88.1 ms
08-13 17:26:55.318 13846 13899 D cellinfo: 46 bytes from 54.197.223.49: icmp_seq=16 ttl=37 time=82.1 ms
08-13 17:26:55.522 13846 13899 D cellinfo: 46 bytes from 54.197.223.49: icmp_seq=17 ttl=37 time=85.3 ms
08-13 17:26:55.717 13846 13899 D cellinfo: 46 bytes from 54.197.223.49: icmp_seq=18 ttl=37 time=79.2 ms
08-13 17:26:55.916 13846 13899 D cellinfo: 46 bytes from 54.197.223.49: icmp_seq=19 ttl=37 time=77.8 ms
08-13 17:26:56.124 13846 13899 D cellinfo: 46 bytes from 54.197.223.49: icmp_seq=20 ttl=37 time=84.6 ms
08-13 17:26:56.317 13846 13899 D cellinfo: 46 bytes from 54.197.223.49: icmp_seq=21 ttl=37 time=77.7 ms
08-13 17:26:56.523 13846 13899 D cellinfo: 46 bytes from 54.197.223.49: icmp_seq=22 ttl=37 time=82.7 ms
08-13 17:26:56.721 13846 13899 D cellinfo: 46 bytes from 54.197.223.49: icmp_seq=23 ttl=37 time=80.5 ms
08-13 17:26:56.923 13846 13899 D cellinfo: 46 bytes from 54.197.223.49: icmp_seq=24 ttl=37 time=81.7 ms
08-13 17:26:57.120 13846 13899 D cellinfo: 46 bytes from 54.197.223.49: icmp_seq=25 ttl=37 time=78.3 ms
08-13 17:26:57.254 13846 13846 D cellinfo: onCellInfoChanged: Operator:  UpdateTimestamp: 249893570 CellConnectionStatus: 1
08-13 17:26:57.255 13846 13846 D cellinfo: onCellInfoChanged: 5G-NR Cell Bands: [] ARFCN: 528000 Cell ID: 9223372036854775807 Physical Cell ID: 598 Tracking Area Code: 16777215
08-13 17:26:57.317 13846 13899 D cellinfo: 46 bytes from 54.197.223.49: icmp_seq=26 ttl=37 time=73.9 ms
08-13 17:26:57.524 13846 13899 D cellinfo: 46 bytes from 54.197.223.49: icmp_seq=27 ttl=37 time=78.1 ms
08-13 17:26:57.724 13846 13899 D cellinfo: 46 bytes from 54.197.223.49: icmp_seq=28 ttl=37 time=79.6 ms
08-13 17:26:57.922 13846 13899 D cellinfo: 46 bytes from 54.197.223.49: icmp_seq=29 ttl=37 time=77.0 ms
08-13 17:26:58.127 13846 13899 D cellinfo: 46 bytes from 54.197.223.49: icmp_seq=30 ttl=37 time=80.6 ms
08-13 17:26:58.322 13846 13899 D cellinfo: 46 bytes from 54.197.223.49: icmp_seq=31 ttl=37 time=75.9 ms
08-13 17:26:58.527 13846 13899 D cellinfo: 46 bytes from 54.197.223.49: icmp_seq=32 ttl=37 time=79.8 ms
08-13 17:26:58.728 13846 13899 D cellinfo: 46 bytes from 54.197.223.49: icmp_seq=33 ttl=37 time=79.6 ms
08-13 17:26:58.834 13846 13846 D cellinfo: Latitude is 40.4168033
08-13 17:26:58.834 13846 13846 D cellinfo: Longitude is -86.8133202
08-13 17:26:58.834 13846 13846 D cellinfo: Instantaneous GPS information: United States, 4803 IN-26, Lafayette, IN 47905, USA
08-13 17:26:58.834 13846 13846 D cellinfo: getCurrentLocation() result: Location (success): 40.4168033, -86.8133202
08-13 17:26:58.927 13846 13899 D cellinfo: 46 bytes from 54.197.223.49: icmp_seq=34 ttl=37 time=79.0 ms
08-13 17:26:59.127 13846 13899 D cellinfo: 46 bytes from 54.197.223.49: icmp_seq=35 ttl=37 time=77.8 ms
08-13 17:26:59.325 13846 13899 D cellinfo: 46 bytes from 54.197.223.49: icmp_seq=36 ttl=37 time=74.5 ms
08-13 17:26:59.531 13846 13899 D cellinfo: 46 bytes from 54.197.223.49: icmp_seq=37 ttl=37 time=80.1 ms
08-13 17:26:59.730 13846 13899 D cellinfo: 46 bytes from 54.197.223.49: icmp_seq=38 ttl=37 time=78.7 ms
08-13 17:26:59.933 13846 13899 D cellinfo: 46 bytes from 54.197.223.49: icmp_seq=39 ttl=37 time=80.8 ms
08-13 17:27:00.132 13846 13899 D cellinfo: 46 bytes from 54.197.223.49: icmp_seq=40 ttl=37 time=80.1 ms
08-13 17:27:00.198 13846 13846 D cellinfo: Latitude is 40.4168033
08-13 17:27:00.198 13846 13846 D cellinfo: Longitude is -86.8133202
08-13 17:27:00.198 13846 13846 D cellinfo: Instantaneous GPS information: United States, 4803 IN-26, Lafayette, IN 47905, USA
08-13 17:27:00.198 13846 13846 D cellinfo: getCurrentLocation() result: Location (success): 40.4168033, -86.8133202
08-13 17:27:00.332 13846 13899 D cellinfo: 46 bytes from 54.197.223.49: icmp_seq=41 ttl=37 time=78.6 ms
08-13 17:27:00.532 13846 13899 D cellinfo: 46 bytes from 54.197.223.49: icmp_seq=42 ttl=37 time=78.6 ms
08-13 17:27:00.733 13846 13899 D cellinfo: 46 bytes from 54.197.223.49: icmp_seq=43 ttl=37 time=79.0 ms
08-13 17:27:00.933 13846 13899 D cellinfo: 46 bytes from 54.197.223.49: icmp_seq=44 ttl=37 time=78.1 ms
08-13 17:27:01.132 13846 13899 D cellinfo: 46 bytes from 54.197.223.49: icmp_seq=45 ttl=37 time=75.5 ms
08-13 17:27:01.334 13846 13899 D cellinfo: 46 bytes from 54.197.223.49: icmp_seq=46 ttl=37 time=76.7 ms
08-13 17:27:01.536 13846 13899 D cellinfo: 46 bytes from 54.197.223.49: icmp_seq=47 ttl=37 time=78.3 ms
08-13 17:27:01.740 13846 13899 D cellinfo: 46 bytes from 54.197.223.49: icmp_seq=48 ttl=37 time=80.9 ms
