08-13 17:47:44.973 13846 13846 D cellinfo: onServiceStateChanged: Channel Number: 67011 Cell Bandwidths: [5000]
08-13 17:47:45.052 13846 13846 D cellinfo: onServiceStateChanged: Channel Number: 67011 Cell Bandwidths: [5000]
08-13 17:47:45.076 13846 13899 D cellinfo: 46 bytes from 54.197.223.49: icmp_seq=6234 ttl=36 time=143 ms
08-13 17:47:45.214 13846 13899 D cellinfo: 46 bytes from 54.197.223.49: icmp_seq=6235 ttl=36 time=80.2 ms
08-13 17:47:45.604 13846 13899 D cellinfo: 46 bytes from 54.197.223.49: icmp_seq=6236 ttl=36 time=269 ms
08-13 17:47:46.722 13846 13899 D cellinfo: 46 bytes from 54.197.223.49: icmp_seq=6237 ttl=36 time=1183 ms
08-13 17:47:46.723 13846 13899 D cellinfo: 46 bytes from 54.197.223.49: icmp_seq=6237 ttl=36 time=1183 ms (DUP!)
08-13 17:47:46.796 13846 13899 D cellinfo: 46 bytes from 54.197.223.49: icmp_seq=6239 ttl=36 time=852 ms
08-13 17:47:46.796 13846 13899 D cellinfo: 46 bytes from 54.197.223.49: icmp_seq=6241 ttl=36 time=444 ms
08-13 17:47:46.796 13846 13899 D cellinfo: 46 bytes from 54.197.223.49: icmp_seq=6238 ttl=36 time=1056 ms
08-13 17:47:46.797 13846 13899 D cellinfo: 46 bytes from 54.197.223.49: icmp_seq=6242 ttl=36 time=241 ms
08-13 17:47:46.797 13846 13899 D cellinfo: 46 bytes from 54.197.223.49: icmp_seq=6240 ttl=36 time=649 ms
08-13 17:47:46.853 13846 13899 D cellinfo: 46 bytes from 54.197.223.49: icmp_seq=6243 ttl=36 time=97.6 ms
08-13 17:47:47.173 13846 13899 D cellinfo: 46 bytes from 54.197.223.49: icmp_seq=6244 ttl=36 time=217 ms
08-13 17:47:47.258 13846 13846 D cellinfo: Latitude is 40.2150969
08-13 17:47:47.258 13846 13846 D cellinfo: Longitude is -86.5980937
08-13 17:47:47.258 13846 13846 D cellinfo: Instantaneous GPS information: United States, 4948 W Co Rd 500 S, Frankfort, IN 46041, USA
08-13 17:47:47.258 13846 13846 D cellinfo: getCurrentLocation() result: Location (success): 40.2150969, -86.5980937
08-13 17:47:47.261 13846 13846 D cellinfo: onServiceStateChanged: Channel Number: 67011 Cell Bandwidths: [5000, 10000, 10000, 5000]
08-13 17:47:47.261 13846 13846 D cellinfo: onServiceStateChanged: Channel Number: 67011 Cell Bandwidths: [5000, 100000]
08-13 17:47:47.262 13846 13846 D cellinfo: onServiceStateChanged: Channel Number: 67011 Cell Bandwidths: [5000]
08-13 17:47:47.280 13846 13846 D cellinfo: onCellInfoChanged: Operator:  UpdateTimestamp: 251143575 CellConnectionStatus: 1
08-13 17:47:47.280 13846 13846 D cellinfo: onCellInfoChanged: 5G-NR Cell Bands: [] ARFCN: 528000 Cell ID: 9223372036854775807 Physical Cell ID: 833 Tracking Area Code: 16777215
08-13 17:47:47.285 13846 13899 D cellinfo: 46 bytes from 54.197.223.49: icmp_seq=6245 ttl=36 time=126 ms
08-13 17:47:47.734 13846 13846 D cellinfo: onsignalStrengthsChanged: LTE Signal Strength info: rsrp: -97 rsrq: -14 rssi: -69 rssnr: 2
08-13 17:47:47.734 13846 13846 D cellinfo: onsignalStrengthsChanged: 5G-NR Signal Strength info: ssrsrp: -106 ssrsrq: -16 sssinr: 7
08-13 17:47:47.904 13846 13899 D cellinfo: 46 bytes from 54.197.223.49: icmp_seq=6247 ttl=36 time=337 ms
08-13 17:47:47.905 13846 13899 D cellinfo: 46 bytes from 54.197.223.49: icmp_seq=6246 ttl=36 time=545 ms
08-13 17:47:48.013 13846 13899 D cellinfo: 46 bytes from 54.197.223.49: icmp_seq=6248 ttl=36 time=242 ms
08-13 17:47:48.093 13846 13899 D cellinfo: 46 bytes from 54.197.223.49: icmp_seq=6249 ttl=36 time=121 ms
08-13 17:47:48.201 13846 13846 D cellinfo: Latitude is 40.2150969
08-13 17:47:48.201 13846 13846 D cellinfo: Longitude is -86.5980937
08-13 17:47:48.201 13846 13846 D cellinfo: Instantaneous GPS information: United States, 4948 W Co Rd 500 S, Frankfort, IN 46041, USA
08-13 17:47:48.201 13846 13846 D cellinfo: getCurrentLocation() result: Location (success): 40.2150969, -86.5980937
08-13 17:47:48.292 13846 13899 D cellinfo: 46 bytes from 54.197.223.49: icmp_seq=6250 ttl=36 time=121 ms
08-13 17:47:48.464 13846 13899 D cellinfo: 46 bytes from 54.197.223.49: icmp_seq=6251 ttl=36 time=92.2 ms
08-13 17:47:48.655 13846 13899 D cellinfo: 46 bytes from 54.197.223.49: icmp_seq=6252 ttl=36 time=82.6 ms
08-13 17:47:48.944 13846 13899 D cellinfo: 46 bytes from 54.197.223.49: icmp_seq=6253 ttl=36 time=170 ms
08-13 17:47:49.100 13846 13899 D cellinfo: 46 bytes from 54.197.223.49: icmp_seq=6254 ttl=36 time=126 ms
08-13 17:47:49.295 13846 13899 D cellinfo: 46 bytes from 54.197.223.49: icmp_seq=6255 ttl=36 time=121 ms
08-13 17:47:49.532 13846 13899 D cellinfo: 46 bytes from 54.197.223.49: icmp_seq=6256 ttl=36 time=158 ms
08-13 17:47:49.695 13846 13899 D cellinfo: 46 bytes from 54.197.223.49: icmp_seq=6257 ttl=36 time=120 ms
08-13 17:47:49.894 13846 13899 D cellinfo: 46 bytes from 54.197.223.49: icmp_seq=6258 ttl=36 time=118 ms
08-13 17:47:50.094 13846 13899 D cellinfo: 46 bytes from 54.197.223.49: icmp_seq=6259 ttl=36 time=117 ms
08-13 17:47:50.293 13846 13899 D cellinfo: 46 bytes from 54.197.223.49: icmp_seq=6260 ttl=36 time=116 ms
08-13 17:47:50.493 13846 13899 D cellinfo: 46 bytes from 54.197.223.49: icmp_seq=6261 ttl=36 time=116 ms
08-13 17:47:50.665 13846 13846 D cellinfo: onServiceStateChanged: Channel Number: 67011 Cell Bandwidths: [5000, 100000]
08-13 17:47:50.813 13846 13846 D cellinfo: onsignalStrengthsChanged: LTE Signal Strength info: rsrp: -108 rsrq: -12 rssi: -81 rssnr: 1
08-13 17:47:50.813 13846 13846 D cellinfo: onsignalStrengthsChanged: 5G-NR Signal Strength info: ssrsrp: -105 ssrsrq: -15 sssinr: -4
08-13 17:47:50.864 13846 13899 D cellinfo: 46 bytes from 54.197.223.49: icmp_seq=6262 ttl=36 time=287 ms
08-13 17:47:50.920 13846 13899 D cellinfo: 46 bytes from 54.197.223.49: icmp_seq=6263 ttl=36 time=141 ms
08-13 17:47:51.080 13846 13899 D cellinfo: 46 bytes from 54.197.223.49: icmp_seq=6264 ttl=36 time=101 ms
08-13 17:47:51.280 13846 13899 D cellinfo: 46 bytes from 54.197.223.49: icmp_seq=6265 ttl=36 time=102 ms
08-13 17:47:51.481 13846 13899 D cellinfo: 46 bytes from 54.197.223.49: icmp_seq=6266 ttl=36 time=101 ms
08-13 17:47:51.688 13846 13899 D cellinfo: 46 bytes from 54.197.223.49: icmp_seq=6267 ttl=36 time=107 ms
08-13 17:47:52.210 13846 13899 D cellinfo: 46 bytes from 54.197.223.49: icmp_seq=6268 ttl=36 time=429 ms
08-13 17:47:52.210 13846 13899 D cellinfo: 46 bytes from 54.197.223.49: icmp_seq=6269 ttl=36 time=223 ms
08-13 17:47:52.281 13846 13899 D cellinfo: 46 bytes from 54.197.223.49: icmp_seq=6270 ttl=36 time=90.5 ms
08-13 17:47:52.481 13846 13899 D cellinfo: 46 bytes from 54.197.223.49: icmp_seq=6271 ttl=36 time=89.3 ms
08-13 17:47:52.645 13846 13846 D cellinfo: Latitude is 40.2122652
08-13 17:47:52.645 13846 13846 D cellinfo: Longitude is -86.5940985
08-13 17:47:52.645 13846 13846 D cellinfo: Instantaneous GPS information: United States, I-65, Frankfort, IN 46041, USA
08-13 17:47:52.646 13846 13846 D cellinfo: getCurrentLocation() result: Location (success): 40.2122652, -86.5940985
08-13 17:47:52.690 13846 13899 D cellinfo: 46 bytes from 54.197.223.49: icmp_seq=6272 ttl=36 time=96.6 ms
08-13 17:47:52.885 13846 13899 D cellinfo: 46 bytes from 54.197.223.49: icmp_seq=6273 ttl=36 time=90.8 ms
08-13 17:47:53.085 13846 13899 D cellinfo: 46 bytes from 54.197.223.49: icmp_seq=6274 ttl=36 time=90.1 ms
08-13 17:47:53.254 13846 13846 D cellinfo: onCellInfoChanged: Operator:  UpdateTimestamp: 251149567 CellConnectionStatus: 1
08-13 17:47:53.255 13846 13846 D cellinfo: onCellInfoChanged: 5G-NR Cell Bands: [] ARFCN: 528000 Cell ID: 9223372036854775807 Physical Cell ID: 341 Tracking Area Code: 16777215
08-13 17:47:53.289 13846 13899 D cellinfo: 46 bytes from 54.197.223.49: icmp_seq=6275 ttl=36 time=93.5 ms
08-13 17:47:53.484 13846 13899 D cellinfo: 46 bytes from 54.197.223.49: icmp_seq=6276 ttl=36 time=88.5 ms
08-13 17:47:53.720 13846 13899 D cellinfo: 46 bytes from 54.197.223.49: icmp_seq=6277 ttl=36 time=122 ms
08-13 17:47:53.884 13846 13899 D cellinfo: 46 bytes from 54.197.223.49: icmp_seq=6278 ttl=36 time=86.6 ms
08-13 17:47:54.083 13846 13899 D cellinfo: 46 bytes from 54.197.223.49: icmp_seq=6279 ttl=36 time=84.9 ms
08-13 17:47:54.203 13846 13846 D cellinfo: Latitude is 40.2122652
08-13 17:47:54.203 13846 13846 D cellinfo: Longitude is -86.5940985
08-13 17:47:54.203 13846 13846 D cellinfo: Instantaneous GPS information: United States, I-65, Frankfort, IN 46041, USA
08-13 17:47:54.203 13846 13846 D cellinfo: getCurrentLocation() result: Location (success): 40.2122652, -86.5940985
08-13 17:47:54.285 13846 13899 D cellinfo: 46 bytes from 54.197.223.49: icmp_seq=6280 ttl=36 time=86.8 ms
08-13 17:47:54.487 13846 13899 D cellinfo: 46 bytes from 54.197.223.49: icmp_seq=6281 ttl=36 time=89.1 ms
08-13 17:47:54.720 13846 13899 D cellinfo: 46 bytes from 54.197.223.49: icmp_seq=6282 ttl=36 time=120 ms
08-13 17:47:54.855 13846 13846 D cellinfo: onsignalStrengthsChanged: LTE Signal Strength info: rsrp: -93 rsrq: -10 rssi: -69 rssnr: 9
08-13 17:47:54.855 13846 13846 D cellinfo: onsignalStrengthsChanged: 5G-NR Signal Strength info: ssrsrp: -97 ssrsrq: -15 sssinr: 10
08-13 17:47:54.920 13846 13899 D cellinfo: 46 bytes from 54.197.223.49: icmp_seq=6283 ttl=36 time=120 ms
08-13 17:47:55.120 13846 13899 D cellinfo: 46 bytes from 54.197.223.49: icmp_seq=6284 ttl=36 time=118 ms
08-13 17:47:55.320 13846 13899 D cellinfo: 46 bytes from 54.197.223.49: icmp_seq=6285 ttl=36 time=118 ms
08-13 17:47:55.484 13846 13899 D cellinfo: 46 bytes from 54.197.223.49: icmp_seq=6286 ttl=36 time=81.8 ms
08-13 17:47:55.721 13846 13899 D cellinfo: 46 bytes from 54.197.223.49: icmp_seq=6287 ttl=36 time=117 ms
08-13 17:47:55.921 13846 13899 D cellinfo: 46 bytes from 54.197.223.49: icmp_seq=6288 ttl=36 time=116 ms
08-13 17:47:56.120 13846 13899 D cellinfo: 46 bytes from 54.197.223.49: icmp_seq=6289 ttl=36 time=115 ms
08-13 17:47:56.320 13846 13899 D cellinfo: 46 bytes from 54.197.223.49: icmp_seq=6290 ttl=36 time=114 ms
08-13 17:47:56.520 13846 13899 D cellinfo: 46 bytes from 54.197.223.49: icmp_seq=6291 ttl=36 time=112 ms
08-13 17:47:56.720 13846 13899 D cellinfo: 46 bytes from 54.197.223.49: icmp_seq=6292 ttl=36 time=112 ms
08-13 17:47:56.921 13846 13899 D cellinfo: 46 bytes from 54.197.223.49: icmp_seq=6293 ttl=36 time=112 ms
08-13 17:47:57.121 13846 13899 D cellinfo: 46 bytes from 54.197.223.49: icmp_seq=6294 ttl=36 time=110 ms
08-13 17:47:57.202 13846 13846 D cellinfo: Latitude is 40.2122652
08-13 17:47:57.202 13846 13846 D cellinfo: Longitude is -86.5940985
08-13 17:47:57.202 13846 13846 D cellinfo: Instantaneous GPS information: United States, I-65, Frankfort, IN 46041, USA
08-13 17:47:57.202 13846 13846 D cellinfo: getCurrentLocation() result: Location (success): 40.2122652, -86.5940985
08-13 17:47:57.257 13846 13846 D cellinfo: onCellInfoChanged: Operator:  UpdateTimestamp: 251153571 CellConnectionStatus: 1
08-13 17:47:57.257 13846 13846 D cellinfo: onCellInfoChanged: 5G-NR Cell Bands: [] ARFCN: 528000 Cell ID: 9223372036854775807 Physical Cell ID: 341 Tracking Area Code: 16777215
08-13 17:47:57.305 13846 13899 D cellinfo: 46 bytes from 54.197.223.49: icmp_seq=6295 ttl=36 time=94.6 ms
08-13 17:47:57.522 13846 13899 D cellinfo: 46 bytes from 54.197.223.49: icmp_seq=6296 ttl=36 time=110 ms
08-13 17:47:57.720 13846 13899 D cellinfo: 46 bytes from 54.197.223.49: icmp_seq=6297 ttl=36 time=107 ms
08-13 17:47:57.921 13846 13899 D cellinfo: 46 bytes from 54.197.223.49: icmp_seq=6298 ttl=36 time=107 ms
08-13 17:47:58.121 13846 13899 D cellinfo: 46 bytes from 54.197.223.49: icmp_seq=6299 ttl=36 time=106 ms
08-13 17:47:58.324 13846 13899 D cellinfo: 46 bytes from 54.197.223.49: icmp_seq=6300 ttl=36 time=108 ms
08-13 17:47:58.521 13846 13899 D cellinfo: 46 bytes from 54.197.223.49: icmp_seq=6301 ttl=36 time=105 ms
08-13 17:47:58.722 13846 13899 D cellinfo: 46 bytes from 54.197.223.49: icmp_seq=6302 ttl=36 time=105 ms
08-13 17:47:58.919 13846 13899 D cellinfo: 46 bytes from 54.197.223.49: icmp_seq=6303 ttl=36 time=102 ms
08-13 17:47:59.099 13846 13899 D cellinfo: 46 bytes from 54.197.223.49: icmp_seq=6304 ttl=36 time=81.4 ms
08-13 17:47:59.295 13846 13899 D cellinfo: 46 bytes from 54.197.223.49: icmp_seq=6305 ttl=36 time=76.2 ms
08-13 17:47:59.495 13846 13899 D cellinfo: 46 bytes from 54.197.223.49: icmp_seq=6306 ttl=36 time=74.7 ms
08-13 17:47:59.724 13846 13899 D cellinfo: 46 bytes from 54.197.223.49: icmp_seq=6307 ttl=36 time=103 ms
08-13 17:47:59.919 13846 13899 D cellinfo: 46 bytes from 54.197.223.49: icmp_seq=6308 ttl=36 time=97.2 ms
08-13 17:48:00.122 13846 13899 D cellinfo: 46 bytes from 54.197.223.49: icmp_seq=6309 ttl=36 time=99.6 ms
08-13 17:48:00.204 13846 13846 D cellinfo: Latitude is 40.2122652
08-13 17:48:00.204 13846 13846 D cellinfo: Longitude is -86.5940985
08-13 17:48:00.204 13846 13846 D cellinfo: Instantaneous GPS information: United States, I-65, Frankfort, IN 46041, USA
08-13 17:48:00.204 13846 13846 D cellinfo: getCurrentLocation() result: Location (success): 40.2122652, -86.5940985
08-13 17:48:00.246 13846 13846 D cellinfo: onCellInfoChanged: Operator:  UpdateTimestamp: 251156562 CellConnectionStatus: 1
08-13 17:48:00.246 13846 13846 D cellinfo: onCellInfoChanged: 5G-NR Cell Bands: [] ARFCN: 528000 Cell ID: 9223372036854775807 Physical Cell ID: 65 Tracking Area Code: 16777215
08-13 17:48:00.324 13846 13899 D cellinfo: 46 bytes from 54.197.223.49: icmp_seq=6310 ttl=36 time=101 ms
08-13 17:48:00.518 13846 13899 D cellinfo: 46 bytes from 54.197.223.49: icmp_seq=6311 ttl=36 time=94.0 ms
08-13 17:48:00.717 13846 13899 D cellinfo: 46 bytes from 54.197.223.49: icmp_seq=6312 ttl=36 time=92.0 ms
08-13 17:48:00.895 13846 13846 D cellinfo: onsignalStrengthsChanged: LTE Signal Strength info: rsrp: -102 rsrq: -11 rssi: -77 rssnr: 3
08-13 17:48:00.895 13846 13846 D cellinfo: onsignalStrengthsChanged: 5G-NR Signal Strength info: ssrsrp: -88 ssrsrq: -10 sssinr: 6
08-13 17:48:00.918 13846 13899 D cellinfo: 46 bytes from 54.197.223.49: icmp_seq=6313 ttl=36 time=91.7 ms
08-13 17:48:01.118 13846 13899 D cellinfo: 46 bytes from 54.197.223.49: icmp_seq=6314 ttl=36 time=91.5 ms
08-13 17:48:01.318 13846 13899 D cellinfo: 46 bytes from 54.197.223.49: icmp_seq=6315 ttl=36 time=90.3 ms
08-13 17:48:01.519 13846 13899 D cellinfo: 46 bytes from 54.197.223.49: icmp_seq=6316 ttl=36 time=90.2 ms
08-13 17:48:01.718 13846 13899 D cellinfo: 46 bytes from 54.197.223.49: icmp_seq=6317 ttl=36 time=88.2 ms
08-13 17:48:02.037 13846 13899 D cellinfo: 46 bytes from 54.197.223.49: icmp_seq=6318 ttl=36 time=207 ms
08-13 17:48:02.159 13846 13899 D cellinfo: 46 bytes from 54.197.223.49: icmp_seq=6319 ttl=36 time=124 ms
08-13 17:48:02.357 13846 13899 D cellinfo: 46 bytes from 54.197.223.49: icmp_seq=6320 ttl=36 time=122 ms
08-13 17:48:02.559 13846 13899 D cellinfo: 46 bytes from 54.197.223.49: icmp_seq=6321 ttl=36 time=123 ms
08-13 17:48:02.765 13846 13899 D cellinfo: 46 bytes from 54.197.223.49: icmp_seq=6322 ttl=36 time=127 ms
08-13 17:48:02.958 13846 13899 D cellinfo: 46 bytes from 54.197.223.49: icmp_seq=6323 ttl=36 time=119 ms
08-13 17:48:03.158 13846 13899 D cellinfo: 46 bytes from 54.197.223.49: icmp_seq=6324 ttl=36 time=117 ms
08-13 17:48:03.240 13846 13846 D cellinfo: onCellInfoChanged: Operator:  UpdateTimestamp: 251159556 CellConnectionStatus: 1
08-13 17:48:03.240 13846 13846 D cellinfo: onCellInfoChanged: 5G-NR Cell Bands: [] ARFCN: 528000 Cell ID: 9223372036854775807 Physical Cell ID: 65 Tracking Area Code: 16777215
08-13 17:48:03.358 13846 13899 D cellinfo: 46 bytes from 54.197.223.49: icmp_seq=6325 ttl=36 time=118 ms
08-13 17:48:03.534 13846 13899 D cellinfo: 46 bytes from 54.197.223.49: icmp_seq=6326 ttl=36 time=93.2 ms
08-13 17:48:03.734 13846 13899 D cellinfo: 46 bytes from 54.197.223.49: icmp_seq=6327 ttl=36 time=91.8 ms
08-13 17:48:03.957 13846 13899 D cellinfo: 46 bytes from 54.197.223.49: icmp_seq=6328 ttl=36 time=114 ms
08-13 17:48:03.977 13846 13846 D cellinfo: onsignalStrengthsChanged: LTE Signal Strength info: rsrp: -94 rsrq: -7 rssi: -73 rssnr: 12
08-13 17:48:03.977 13846 13846 D cellinfo: onsignalStrengthsChanged: 5G-NR Signal Strength info: ssrsrp: -98 ssrsrq: -11 sssinr: 15
08-13 17:48:04.159 13846 13899 D cellinfo: 46 bytes from 54.197.223.49: icmp_seq=6329 ttl=36 time=115 ms
08-13 17:48:04.357 13846 13899 D cellinfo: 46 bytes from 54.197.223.49: icmp_seq=6330 ttl=36 time=112 ms
08-13 17:48:04.557 13846 13899 D cellinfo: 46 bytes from 54.197.223.49: icmp_seq=6331 ttl=36 time=112 ms
08-13 17:48:04.561 13846 13846 D cellinfo: Latitude is 40.2095971
08-13 17:48:04.561 13846 13846 D cellinfo: Longitude is -86.5902153
08-13 17:48:04.561 13846 13846 D cellinfo: Instantaneous GPS information: United States, 4363 W Co Rd 500 S, Frankfort, IN 46041, USA
08-13 17:48:04.561 13846 13846 D cellinfo: getCurrentLocation() result: Location (success): 40.2095971, -86.5902153
08-13 17:48:04.726 13846 13899 D cellinfo: 46 bytes from 54.197.223.49: icmp_seq=6332 ttl=36 time=80.0 ms
08-13 17:48:04.958 13846 13899 D cellinfo: 46 bytes from 54.197.223.49: icmp_seq=6333 ttl=36 time=111 ms
08-13 17:48:05.157 13846 13899 D cellinfo: 46 bytes from 54.197.223.49: icmp_seq=6334 ttl=36 time=109 ms
08-13 17:48:05.365 13846 13899 D cellinfo: 46 bytes from 54.197.223.49: icmp_seq=6335 ttl=36 time=117 ms
08-13 17:48:05.564 13846 13899 D cellinfo: 46 bytes from 54.197.223.49: icmp_seq=6336 ttl=36 time=115 ms
08-13 17:48:05.758 13846 13899 D cellinfo: 46 bytes from 54.197.223.49: icmp_seq=6337 ttl=36 time=107 ms
08-13 17:48:05.998 13846 13899 D cellinfo: 46 bytes from 54.197.223.49: icmp_seq=6338 ttl=36 time=147 ms
08-13 17:48:06.158 13846 13899 D cellinfo: 46 bytes from 54.197.223.49: icmp_seq=6339 ttl=36 time=106 ms
08-13 17:48:06.203 13846 13846 D cellinfo: Latitude is 40.2095971
08-13 17:48:06.203 13846 13846 D cellinfo: Longitude is -86.5902153
08-13 17:48:06.203 13846 13846 D cellinfo: Instantaneous GPS information: United States, 4363 W Co Rd 500 S, Frankfort, IN 46041, USA
08-13 17:48:06.203 13846 13846 D cellinfo: getCurrentLocation() result: Location (success): 40.2095971, -86.5902153
08-13 17:48:06.263 13846 13846 D cellinfo: onCellInfoChanged: Operator:  UpdateTimestamp: 251162580 CellConnectionStatus: 1
08-13 17:48:06.263 13846 13846 D cellinfo: onCellInfoChanged: 5G-NR Cell Bands: [] ARFCN: 528000 Cell ID: 9223372036854775807 Physical Cell ID: 65 Tracking Area Code: 16777215
08-13 17:48:06.357 13846 13899 D cellinfo: 46 bytes from 54.197.223.49: icmp_seq=6340 ttl=36 time=105 ms
08-13 17:48:06.559 13846 13899 D cellinfo: 46 bytes from 54.197.223.49: icmp_seq=6341 ttl=36 time=104 ms
08-13 17:48:06.758 13846 13899 D cellinfo: 46 bytes from 54.197.223.49: icmp_seq=6342 ttl=36 time=103 ms
08-13 17:48:06.958 13846 13899 D cellinfo: 46 bytes from 54.197.223.49: icmp_seq=6343 ttl=36 time=102 ms
08-13 17:48:07.010 13846 13846 D cellinfo: onsignalStrengthsChanged: LTE Signal Strength info: rsrp: -103 rsrq: -13 rssi: -77 rssnr: 6
08-13 17:48:07.010 13846 13846 D cellinfo: onsignalStrengthsChanged: 5G-NR Signal Strength info: ssrsrp: -92 ssrsrq: -11 sssinr: 11
08-13 17:48:07.157 13846 13899 D cellinfo: 46 bytes from 54.197.223.49: icmp_seq=6344 ttl=36 time=101 ms
08-13 17:48:07.359 13846 13899 D cellinfo: 46 bytes from 54.197.223.49: icmp_seq=6345 ttl=36 time=102 ms
08-13 17:48:07.705 13846 13846 D cellinfo: onServiceStateChanged: Channel Number: 67011 Cell Bandwidths: [5000]
08-13 17:48:07.751 13846 13899 D cellinfo: 46 bytes from 54.197.223.49: icmp_seq=6346 ttl=36 time=294 ms
08-13 17:48:07.751 13846 13899 D cellinfo: 46 bytes from 54.197.223.49: icmp_seq=6346 ttl=36 time=294 ms (DUP!)
08-13 17:48:07.832 13846 13899 D cellinfo: 46 bytes from 54.197.223.49: icmp_seq=6347 ttl=36 time=169 ms
08-13 17:48:07.955 13846 13899 D cellinfo: 46 bytes from 54.197.223.49: icmp_seq=6348 ttl=36 time=92.1 ms
08-13 17:48:08.154 13846 13899 D cellinfo: 46 bytes from 54.197.223.49: icmp_seq=6349 ttl=36 time=90.4 ms
08-13 17:48:08.356 13846 13899 D cellinfo: 46 bytes from 54.197.223.49: icmp_seq=6350 ttl=36 time=90.4 ms
08-13 17:48:08.556 13846 13899 D cellinfo: 46 bytes from 54.197.223.49: icmp_seq=6351 ttl=36 time=90.4 ms
08-13 17:48:08.794 13846 13899 D cellinfo: 46 bytes from 54.197.223.49: icmp_seq=6352 ttl=36 time=127 ms
08-13 17:48:08.960 13846 13899 D cellinfo: 46 bytes from 54.197.223.49: icmp_seq=6353 ttl=36 time=92.5 ms
08-13 17:48:09.164 13846 13899 D cellinfo: 46 bytes from 54.197.223.49: icmp_seq=6354 ttl=36 time=96.2 ms
08-13 17:48:09.211 13846 13846 D cellinfo: Latitude is 40.2095971
08-13 17:48:09.211 13846 13846 D cellinfo: Longitude is -86.5902153
08-13 17:48:09.211 13846 13846 D cellinfo: Instantaneous GPS information: United States, 4363 W Co Rd 500 S, Frankfort, IN 46041, USA
08-13 17:48:09.211 13846 13846 D cellinfo: getCurrentLocation() result: Location (success): 40.2095971, -86.5902153
08-13 17:48:09.260 13846 13846 D cellinfo: onServiceStateChanged: Channel Number: 67011 Cell Bandwidths: [5000, 100000]
08-13 17:48:09.271 13846 13846 D cellinfo: onCellInfoChanged: Operator:  UpdateTimestamp: 251165569 CellConnectionStatus: 1
08-13 17:48:09.271 13846 13846 D cellinfo: onCellInfoChanged: 5G-NR Cell Bands: [] ARFCN: 528000 Cell ID: 9223372036854775807 Physical Cell ID: 242 Tracking Area Code: 16777215
08-13 17:48:09.351 13846 13899 D cellinfo: 46 bytes from 54.197.223.49: icmp_seq=6355 ttl=36 time=82.3 ms
08-13 17:48:09.580 13846 13899 D cellinfo: 46 bytes from 54.197.223.49: icmp_seq=6356 ttl=36 time=109 ms
08-13 17:48:09.746 13846 13899 D cellinfo: 46 bytes from 54.197.223.49: icmp_seq=6357 ttl=36 time=75.2 ms
08-13 17:48:09.948 13846 13899 D cellinfo: 46 bytes from 54.197.223.49: icmp_seq=6358 ttl=36 time=77.2 ms
08-13 17:48:10.161 13846 13899 D cellinfo: 46 bytes from 54.197.223.49: icmp_seq=6359 ttl=36 time=89.5 ms
08-13 17:48:10.349 13846 13899 D cellinfo: 46 bytes from 54.197.223.49: icmp_seq=6360 ttl=36 time=77.1 ms
08-13 17:48:10.583 13846 13899 D cellinfo: 46 bytes from 54.197.223.49: icmp_seq=6361 ttl=36 time=110 ms
08-13 17:48:10.777 13846 13899 D cellinfo: 46 bytes from 54.197.223.49: icmp_seq=6362 ttl=36 time=103 ms
08-13 17:48:10.978 13846 13899 D cellinfo: 46 bytes from 54.197.223.49: icmp_seq=6363 ttl=36 time=103 ms
08-13 17:48:11.178 13846 13899 D cellinfo: 46 bytes from 54.197.223.49: icmp_seq=6364 ttl=36 time=103 ms
08-13 17:48:11.389 13846 13899 D cellinfo: 46 bytes from 54.197.223.49: icmp_seq=6365 ttl=36 time=113 ms
08-13 17:48:11.582 13846 13899 D cellinfo: 46 bytes from 54.197.223.49: icmp_seq=6366 ttl=36 time=104 ms
08-13 17:48:11.784 13846 13899 D cellinfo: 46 bytes from 54.197.223.49: icmp_seq=6367 ttl=36 time=105 ms
08-13 17:48:11.816 13846 13846 D cellinfo: onsignalStrengthsChanged: LTE Signal Strength info: rsrp: -98 rsrq: -9 rssi: -75 rssnr: -1
08-13 17:48:11.816 13846 13846 D cellinfo: onsignalStrengthsChanged: 5G-NR Signal Strength info: ssrsrp: -95 ssrsrq: -12 sssinr: 2
08-13 17:48:11.983 13846 13899 D cellinfo: 46 bytes from 54.197.223.49: icmp_seq=6368 ttl=36 time=104 ms
08-13 17:48:12.182 13846 13899 D cellinfo: 46 bytes from 54.197.223.49: icmp_seq=6369 ttl=36 time=102 ms
08-13 17:48:12.210 13846 13846 D cellinfo: Latitude is 40.2095971
08-13 17:48:12.210 13846 13846 D cellinfo: Longitude is -86.5902153
08-13 17:48:12.210 13846 13846 D cellinfo: Instantaneous GPS information: United States, 4363 W Co Rd 500 S, Frankfort, IN 46041, USA
08-13 17:48:12.210 13846 13846 D cellinfo: getCurrentLocation() result: Location (success): 40.2095971, -86.5902153
08-13 17:48:12.264 13846 13846 D cellinfo: onCellInfoChanged: Operator:  UpdateTimestamp: 251168581 CellConnectionStatus: 1
08-13 17:48:12.264 13846 13846 D cellinfo: onCellInfoChanged: 5G-NR Cell Bands: [] ARFCN: 528000 Cell ID: 9223372036854775807 Physical Cell ID: 242 Tracking Area Code: 16777215
08-13 17:48:12.381 13846 13899 D cellinfo: 46 bytes from 54.197.223.49: icmp_seq=6370 ttl=36 time=101 ms
08-13 17:48:12.583 13846 13899 D cellinfo: 46 bytes from 54.197.223.49: icmp_seq=6371 ttl=36 time=101 ms
08-13 17:48:12.782 13846 13899 D cellinfo: 46 bytes from 54.197.223.49: icmp_seq=6372 ttl=36 time=101 ms
08-13 17:48:12.982 13846 13899 D cellinfo: 46 bytes from 54.197.223.49: icmp_seq=6373 ttl=36 time=99.5 ms
08-13 17:48:13.183 13846 13899 D cellinfo: 46 bytes from 54.197.223.49: icmp_seq=6374 ttl=36 time=99.2 ms
08-13 17:48:13.382 13846 13899 D cellinfo: 46 bytes from 54.197.223.49: icmp_seq=6375 ttl=36 time=97.1 ms
08-13 17:48:13.584 13846 13899 D cellinfo: 46 bytes from 54.197.223.49: icmp_seq=6376 ttl=36 time=98.1 ms
08-13 17:48:13.782 13846 13899 D cellinfo: 46 bytes from 54.197.223.49: icmp_seq=6377 ttl=36 time=95.9 ms
08-13 17:48:14.461 13846 13899 D cellinfo: 46 bytes from 54.197.223.49: icmp_seq=6378 ttl=36 time=573 ms
08-13 17:48:14.462 13846 13899 D cellinfo: 46 bytes from 54.197.223.49: icmp_seq=6379 ttl=36 time=370 ms
08-13 17:48:14.462 13846 13899 D cellinfo: 46 bytes from 54.197.223.49: icmp_seq=6380 ttl=36 time=163 ms
08-13 17:48:14.583 13846 13899 D cellinfo: 46 bytes from 54.197.223.49: icmp_seq=6381 ttl=36 time=84.2 ms
08-13 17:48:14.789 13846 13899 D cellinfo: 46 bytes from 54.197.223.49: icmp_seq=6382 ttl=36 time=88.6 ms
08-13 17:48:15.017 13846 13899 D cellinfo: 46 bytes from 54.197.223.49: icmp_seq=6383 ttl=36 time=117 ms
08-13 17:48:15.254 13846 13846 D cellinfo: onCellInfoChanged: Operator:  UpdateTimestamp: 251171567 CellConnectionStatus: 1
08-13 17:48:15.254 13846 13846 D cellinfo: onCellInfoChanged: 5G-NR Cell Bands: [] ARFCN: 528000 Cell ID: 9223372036854775807 Physical Cell ID: 242 Tracking Area Code: 16777215
08-13 17:48:15.463 13846 13899 D cellinfo: 46 bytes from 54.197.223.49: icmp_seq=6384 ttl=36 time=363 ms
08-13 17:48:15.473 13846 13899 D cellinfo: 46 bytes from 54.197.223.49: icmp_seq=6385 ttl=36 time=171 ms
08-13 17:48:15.593 13846 13899 D cellinfo: 46 bytes from 54.197.223.49: icmp_seq=6386 ttl=36 time=90.2 ms
08-13 17:48:15.818 13846 13899 D cellinfo: 46 bytes from 54.197.223.49: icmp_seq=6387 ttl=36 time=114 ms
08-13 17:48:16.024 13846 13899 D cellinfo: 46 bytes from 54.197.223.49: icmp_seq=6388 ttl=36 time=119 ms
08-13 17:48:16.194 13846 13899 D cellinfo: 46 bytes from 54.197.223.49: icmp_seq=6389 ttl=36 time=88.5 ms
08-13 17:48:16.399 13846 13899 D cellinfo: 46 bytes from 54.197.223.49: icmp_seq=6390 ttl=36 time=93.4 ms
08-13 17:48:16.638 13846 13899 D cellinfo: 46 bytes from 54.197.223.49: icmp_seq=6391 ttl=36 time=132 ms
08-13 17:48:16.641 13846 13846 D cellinfo: Latitude is 40.20685
08-13 17:48:16.642 13846 13846 D cellinfo: Longitude is -86.5864285
08-13 17:48:16.642 13846 13846 D cellinfo: Instantaneous GPS information: United States, I-65, Frankfort, IN 46041, USA
08-13 17:48:16.642 13846 13846 D cellinfo: getCurrentLocation() result: Location (success): 40.20685, -86.5864285
08-13 17:48:17.559 13846 13899 D cellinfo: 46 bytes from 54.197.223.49: icmp_seq=6394 ttl=36 time=444 ms
08-13 17:48:17.559 13846 13899 D cellinfo: 46 bytes from 54.197.223.49: icmp_seq=6395 ttl=36 time=240 ms
08-13 17:48:17.619 13846 13899 D cellinfo: 46 bytes from 54.197.223.49: icmp_seq=6396 ttl=36 time=95.8 ms
08-13 17:48:17.825 13846 13899 D cellinfo: 46 bytes from 54.197.223.49: icmp_seq=6397 ttl=36 time=100 ms
08-13 17:48:18.024 13846 13899 D cellinfo: 46 bytes from 54.197.223.49: icmp_seq=6398 ttl=36 time=100 ms
08-13 17:48:18.211 13846 13846 D cellinfo: Latitude is 40.20685
08-13 17:48:18.211 13846 13846 D cellinfo: Longitude is -86.5864285
08-13 17:48:18.211 13846 13846 D cellinfo: Instantaneous GPS information: United States, I-65, Frankfort, IN 46041, USA
08-13 17:48:18.211 13846 13846 D cellinfo: getCurrentLocation() result: Location (success): 40.20685, -86.5864285
08-13 17:48:18.218 13846 13899 D cellinfo: 46 bytes from 54.197.223.49: icmp_seq=6399 ttl=36 time=93.3 ms
08-13 17:48:18.276 13846 13846 D cellinfo: onCellInfoChanged: Operator:  UpdateTimestamp: 251174592 CellConnectionStatus: 1
08-13 17:48:18.277 13846 13846 D cellinfo: onCellInfoChanged: 5G-NR Cell Bands: [] ARFCN: 528000 Cell ID: 9223372036854775807 Physical Cell ID: 242 Tracking Area Code: 16777215
08-13 17:48:18.427 13846 13899 D cellinfo: 46 bytes from 54.197.223.49: icmp_seq=6400 ttl=36 time=102 ms
08-13 17:48:18.624 13846 13899 D cellinfo: 46 bytes from 54.197.223.49: icmp_seq=6401 ttl=36 time=97.5 ms
08-13 17:48:18.861 13846 13899 D cellinfo: 46 bytes from 54.197.223.49: icmp_seq=6402 ttl=36 time=133 ms
08-13 17:48:19.018 13846 13899 D cellinfo: 46 bytes from 54.197.223.49: icmp_seq=6403 ttl=36 time=90.3 ms
08-13 17:48:19.218 13846 13899 D cellinfo: 46 bytes from 54.197.223.49: icmp_seq=6404 ttl=36 time=90.1 ms
08-13 17:48:19.418 13846 13899 D cellinfo: 46 bytes from 54.197.223.49: icmp_seq=6405 ttl=36 time=88.8 ms
08-13 17:48:19.630 13846 13899 D cellinfo: 46 bytes from 54.197.223.49: icmp_seq=6406 ttl=36 time=100 ms
08-13 17:48:19.865 13846 13899 D cellinfo: 46 bytes from 54.197.223.49: icmp_seq=6407 ttl=36 time=134 ms
08-13 17:48:20.023 13846 13899 D cellinfo: 46 bytes from 54.197.223.49: icmp_seq=6408 ttl=36 time=92.0 ms
08-13 17:48:20.211 13846 13846 D cellinfo: onsignalStrengthsChanged: LTE Signal Strength info: rsrp: -101 rsrq: -8 rssi: -79 rssnr: 9
08-13 17:48:20.211 13846 13846 D cellinfo: onsignalStrengthsChanged: 5G-NR Signal Strength info: ssrsrp: -96 ssrsrq: -11 sssinr: 13
08-13 17:48:20.220 13846 13899 D cellinfo: 46 bytes from 54.197.223.49: icmp_seq=6409 ttl=36 time=89.2 ms
08-13 17:48:20.423 13846 13899 D cellinfo: 46 bytes from 54.197.223.49: icmp_seq=6410 ttl=36 time=91.5 ms
08-13 17:48:20.657 13846 13899 D cellinfo: 46 bytes from 54.197.223.49: icmp_seq=6411 ttl=36 time=124 ms
08-13 17:48:20.859 13846 13899 D cellinfo: 46 bytes from 54.197.223.49: icmp_seq=6412 ttl=36 time=125 ms
08-13 17:48:21.023 13846 13899 D cellinfo: 46 bytes from 54.197.223.49: icmp_seq=6413 ttl=36 time=87.7 ms
08-13 17:48:21.210 13846 13846 D cellinfo: Latitude is 40.20685
08-13 17:48:21.210 13846 13846 D cellinfo: Longitude is -86.5864285
08-13 17:48:21.210 13846 13846 D cellinfo: Instantaneous GPS information: United States, I-65, Frankfort, IN 46041, USA
08-13 17:48:21.210 13846 13846 D cellinfo: getCurrentLocation() result: Location (success): 40.20685, -86.5864285
08-13 17:48:21.252 13846 13846 D cellinfo: onCellInfoChanged: Operator:  UpdateTimestamp: 251177570 CellConnectionStatus: 1
08-13 17:48:21.253 13846 13846 D cellinfo: onCellInfoChanged: 5G-NR Cell Bands: [] ARFCN: 528000 Cell ID: 9223372036854775807 Physical Cell ID: 242 Tracking Area Code: 16777215
08-13 17:48:21.259 13846 13899 D cellinfo: 46 bytes from 54.197.223.49: icmp_seq=6414 ttl=36 time=124 ms
08-13 17:48:21.458 13846 13899 D cellinfo: 46 bytes from 54.197.223.49: icmp_seq=6415 ttl=36 time=122 ms
08-13 17:48:21.658 13846 13899 D cellinfo: 46 bytes from 54.197.223.49: icmp_seq=6416 ttl=36 time=121 ms
08-13 17:48:21.858 13846 13899 D cellinfo: 46 bytes from 54.197.223.49: icmp_seq=6417 ttl=36 time=120 ms
08-13 17:48:22.059 13846 13899 D cellinfo: 46 bytes from 54.197.223.49: icmp_seq=6418 ttl=36 time=120 ms
08-13 17:48:22.258 13846 13899 D cellinfo: 46 bytes from 54.197.223.49: icmp_seq=6419 ttl=36 time=120 ms
08-13 17:48:22.458 13846 13899 D cellinfo: 46 bytes from 54.197.223.49: icmp_seq=6420 ttl=36 time=120 ms
08-13 17:48:22.664 13846 13899 D cellinfo: 46 bytes from 54.197.223.49: icmp_seq=6421 ttl=36 time=125 ms
08-13 17:48:22.858 13846 13899 D cellinfo: 46 bytes from 54.197.223.49: icmp_seq=6422 ttl=36 time=118 ms
08-13 17:48:23.024 13846 13899 D cellinfo: 46 bytes from 54.197.223.49: icmp_seq=6423 ttl=36 time=84.0 ms
08-13 17:48:23.250 13846 13846 D cellinfo: onsignalStrengthsChanged: LTE Signal Strength info: rsrp: -110 rsrq: -19 rssi: -77 rssnr: 3
08-13 17:48:23.250 13846 13846 D cellinfo: onsignalStrengthsChanged: 5G-NR Signal Strength info: ssrsrp: -104 ssrsrq: -12 sssinr: 3
08-13 17:48:23.258 13846 13899 D cellinfo: 46 bytes from 54.197.223.49: icmp_seq=6424 ttl=36 time=117 ms
08-13 17:48:23.458 13846 13899 D cellinfo: 46 bytes from 54.197.223.49: icmp_seq=6425 ttl=36 time=117 ms
08-13 17:48:23.658 13846 13899 D cellinfo: 46 bytes from 54.197.223.49: icmp_seq=6426 ttl=36 time=116 ms
08-13 17:48:23.859 13846 13899 D cellinfo: 46 bytes from 54.197.223.49: icmp_seq=6427 ttl=36 time=117 ms
08-13 17:48:24.058 13846 13899 D cellinfo: 46 bytes from 54.197.223.49: icmp_seq=6428 ttl=36 time=115 ms
08-13 17:48:24.203 13846 13846 D cellinfo: Latitude is 40.20685
08-13 17:48:24.203 13846 13846 D cellinfo: Longitude is -86.5864285
08-13 17:48:24.203 13846 13846 D cellinfo: Instantaneous GPS information: United States, I-65, Frankfort, IN 46041, USA
08-13 17:48:24.203 13846 13846 D cellinfo: getCurrentLocation() result: Location (success): 40.20685, -86.5864285
08-13 17:48:24.226 13846 13899 D cellinfo: 46 bytes from 54.197.223.49: icmp_seq=6429 ttl=36 time=84.3 ms
08-13 17:48:24.247 13846 13846 D cellinfo: onCellInfoChanged: Operator:  UpdateTimestamp: 251180562 CellConnectionStatus: 1
08-13 17:48:24.247 13846 13846 D cellinfo: onCellInfoChanged: 5G-NR Cell Bands: [] ARFCN: 528000 Cell ID: 9223372036854775807 Physical Cell ID: 242 Tracking Area Code: 16777215
08-13 17:48:24.468 13846 13899 D cellinfo: 46 bytes from 54.197.223.49: icmp_seq=6430 ttl=36 time=125 ms
08-13 17:48:24.658 13846 13899 D cellinfo: 46 bytes from 54.197.223.49: icmp_seq=6431 ttl=36 time=113 ms
08-13 17:48:24.864 13846 13899 D cellinfo: 46 bytes from 54.197.223.49: icmp_seq=6432 ttl=36 time=119 ms
08-13 17:48:25.098 13846 13899 D cellinfo: 46 bytes from 54.197.223.49: icmp_seq=6433 ttl=36 time=152 ms
08-13 17:48:25.306 13846 13899 D cellinfo: 46 bytes from 54.197.223.49: icmp_seq=6434 ttl=36 time=160 ms
08-13 17:48:25.466 13846 13899 D cellinfo: 46 bytes from 54.197.223.49: icmp_seq=6435 ttl=36 time=118 ms
08-13 17:48:25.708 13846 13899 D cellinfo: 46 bytes from 54.197.223.49: icmp_seq=6436 ttl=36 time=160 ms
08-13 17:48:25.898 13846 13899 D cellinfo: 46 bytes from 54.197.223.49: icmp_seq=6437 ttl=36 time=149 ms
08-13 17:48:26.057 13846 13899 D cellinfo: 46 bytes from 54.197.223.49: icmp_seq=6438 ttl=36 time=109 ms
08-13 17:48:26.258 13846 13899 D cellinfo: 46 bytes from 54.197.223.49: icmp_seq=6439 ttl=36 time=110 ms
08-13 17:48:26.376 13846 13846 D cellinfo: onsignalStrengthsChanged: LTE Signal Strength info: rsrp: -95 rsrq: -6 rssi: -75 rssnr: 10
08-13 17:48:26.376 13846 13846 D cellinfo: onsignalStrengthsChanged: 5G-NR Signal Strength info: ssrsrp: -95 ssrsrq: -11 sssinr: 10
08-13 17:48:26.458 13846 13899 D cellinfo: 46 bytes from 54.197.223.49: icmp_seq=6440 ttl=36 time=108 ms
08-13 17:48:26.698 13846 13899 D cellinfo: 46 bytes from 54.197.223.49: icmp_seq=6441 ttl=36 time=148 ms
08-13 17:48:26.858 13846 13899 D cellinfo: 46 bytes from 54.197.223.49: icmp_seq=6442 ttl=36 time=107 ms
08-13 17:48:27.065 13846 13899 D cellinfo: 46 bytes from 54.197.223.49: icmp_seq=6443 ttl=36 time=114 ms
08-13 17:48:27.242 13846 13846 D cellinfo: onCellInfoChanged: Operator:  UpdateTimestamp: 251183558 CellConnectionStatus: 1
08-13 17:48:27.242 13846 13846 D cellinfo: onCellInfoChanged: 5G-NR Cell Bands: [] ARFCN: 528000 Cell ID: 9223372036854775807 Physical Cell ID: 242 Tracking Area Code: 16777215
08-13 17:48:27.258 13846 13899 D cellinfo: 46 bytes from 54.197.223.49: icmp_seq=6444 ttl=36 time=108 ms
08-13 17:48:27.461 13846 13899 D cellinfo: 46 bytes from 54.197.223.49: icmp_seq=6445 ttl=36 time=110 ms
08-13 17:48:27.674 13846 13899 D cellinfo: 46 bytes from 54.197.223.49: icmp_seq=6446 ttl=36 time=122 ms
08-13 17:48:27.871 13846 13899 D cellinfo: 46 bytes from 54.197.223.49: icmp_seq=6447 ttl=36 time=117 ms
08-13 17:48:28.057 13846 13899 D cellinfo: 46 bytes from 54.197.223.49: icmp_seq=6448 ttl=36 time=104 ms
08-13 17:48:28.265 13846 13899 D cellinfo: 46 bytes from 54.197.223.49: icmp_seq=6449 ttl=36 time=111 ms
08-13 17:48:28.458 13846 13899 D cellinfo: 46 bytes from 54.197.223.49: icmp_seq=6450 ttl=36 time=104 ms
08-13 17:48:28.543 13846 13846 D cellinfo: Latitude is 40.204266
08-13 17:48:28.544 13846 13846 D cellinfo: Longitude is -86.5826817
08-13 17:48:28.544 13846 13846 D cellinfo: Instantaneous GPS information: United States, I-65, Frankfort, IN 46041, USA
08-13 17:48:28.544 13846 13846 D cellinfo: getCurrentLocation() result: Location (success): 40.204266, -86.5826817
08-13 17:48:28.698 13846 13899 D cellinfo: 46 bytes from 54.197.223.49: icmp_seq=6451 ttl=36 time=142 ms
08-13 17:48:28.858 13846 13899 D cellinfo: 46 bytes from 54.197.223.49: icmp_seq=6452 ttl=36 time=102 ms
08-13 17:48:29.058 13846 13899 D cellinfo: 46 bytes from 54.197.223.49: icmp_seq=6453 ttl=36 time=101 ms
08-13 17:48:29.299 13846 13899 D cellinfo: 46 bytes from 54.197.223.49: icmp_seq=6454 ttl=36 time=143 ms
08-13 17:48:29.507 13846 13899 D cellinfo: 46 bytes from 54.197.223.49: icmp_seq=6455 ttl=36 time=150 ms
08-13 17:48:29.702 13846 13899 D cellinfo: 46 bytes from 54.197.223.49: icmp_seq=6456 ttl=36 time=144 ms
08-13 17:48:29.937 13846 13899 D cellinfo: 46 bytes from 54.197.223.49: icmp_seq=6457 ttl=36 time=179 ms
08-13 17:48:30.105 13846 13899 D cellinfo: 46 bytes from 54.197.223.49: icmp_seq=6458 ttl=36 time=145 ms
08-13 17:48:30.213 13846 13846 D cellinfo: Latitude is 40.204266
08-13 17:48:30.213 13846 13846 D cellinfo: Longitude is -86.5826817
08-13 17:48:30.213 13846 13846 D cellinfo: Instantaneous GPS information: United States, I-65, Frankfort, IN 46041, USA
08-13 17:48:30.213 13846 13846 D cellinfo: getCurrentLocation() result: Location (success): 40.204266, -86.5826817
08-13 17:48:30.254 13846 13846 D cellinfo: onCellInfoChanged: Operator:  UpdateTimestamp: 251186571 CellConnectionStatus: 1
08-13 17:48:30.254 13846 13846 D cellinfo: onCellInfoChanged: 5G-NR Cell Bands: [] ARFCN: 528000 Cell ID: 9223372036854775807 Physical Cell ID: 242 Tracking Area Code: 16777215
08-13 17:48:30.351 13846 13899 D cellinfo: 46 bytes from 54.197.223.49: icmp_seq=6459 ttl=36 time=191 ms
08-13 17:48:30.459 13846 13899 D cellinfo: 46 bytes from 54.197.223.49: icmp_seq=6460 ttl=36 time=99.0 ms
08-13 17:48:30.663 13846 13899 D cellinfo: 46 bytes from 54.197.223.49: icmp_seq=6461 ttl=36 time=102 ms
08-13 17:48:30.858 13846 13899 D cellinfo: 46 bytes from 54.197.223.49: icmp_seq=6462 ttl=36 time=96.8 ms
08-13 17:48:31.063 13846 13899 D cellinfo: 46 bytes from 54.197.223.49: icmp_seq=6463 ttl=36 time=101 ms
08-13 17:48:31.258 13846 13899 D cellinfo: 46 bytes from 54.197.223.49: icmp_seq=6464 ttl=36 time=96.7 ms
08-13 17:48:31.464 13846 13899 D cellinfo: 46 bytes from 54.197.223.49: icmp_seq=6465 ttl=36 time=102 ms
08-13 17:48:31.659 13846 13899 D cellinfo: 46 bytes from 54.197.223.49: icmp_seq=6466 ttl=36 time=95.6 ms
08-13 17:48:31.863 13846 13899 D cellinfo: 46 bytes from 54.197.223.49: icmp_seq=6467 ttl=36 time=97.2 ms
08-13 17:48:32.059 13846 13899 D cellinfo: 46 bytes from 54.197.223.49: icmp_seq=6468 ttl=36 time=91.4 ms
08-13 17:48:32.267 13846 13899 D cellinfo: 46 bytes from 54.197.223.49: icmp_seq=6469 ttl=36 time=100 ms
08-13 17:48:32.459 13846 13899 D cellinfo: 46 bytes from 54.197.223.49: icmp_seq=6470 ttl=36 time=91.3 ms
08-13 17:48:32.664 13846 13899 D cellinfo: 46 bytes from 54.197.223.49: icmp_seq=6471 ttl=36 time=95.2 ms
08-13 17:48:32.858 13846 13899 D cellinfo: 46 bytes from 54.197.223.49: icmp_seq=6472 ttl=36 time=89.1 ms
08-13 17:48:33.065 13846 13899 D cellinfo: 46 bytes from 54.197.223.49: icmp_seq=6473 ttl=36 time=95.2 ms
08-13 17:48:33.205 13846 13846 D cellinfo: Latitude is 40.204266
08-13 17:48:33.206 13846 13846 D cellinfo: Longitude is -86.5826817
08-13 17:48:33.206 13846 13846 D cellinfo: Instantaneous GPS information: United States, I-65, Frankfort, IN 46041, USA
08-13 17:48:33.206 13846 13846 D cellinfo: getCurrentLocation() result: Location (success): 40.204266, -86.5826817
08-13 17:48:33.257 13846 13899 D cellinfo: 46 bytes from 54.197.223.49: icmp_seq=6474 ttl=36 time=87.2 ms
08-13 17:48:33.506 13846 13899 D cellinfo: 46 bytes from 54.197.223.49: icmp_seq=6475 ttl=36 time=133 ms
08-13 17:48:33.662 13846 13899 D cellinfo: 46 bytes from 54.197.223.49: icmp_seq=6476 ttl=36 time=89.4 ms
08-13 17:48:33.899 13846 13899 D cellinfo: 46 bytes from 54.197.223.49: icmp_seq=6477 ttl=36 time=125 ms
08-13 17:48:34.065 13846 13899 D cellinfo: 46 bytes from 54.197.223.49: icmp_seq=6478 ttl=36 time=92.4 ms
08-13 17:48:34.300 13846 13899 D cellinfo: 46 bytes from 54.197.223.49: icmp_seq=6479 ttl=36 time=126 ms
08-13 17:48:34.465 13846 13899 D cellinfo: 46 bytes from 54.197.223.49: icmp_seq=6480 ttl=36 time=90.2 ms
08-13 17:48:34.698 13846 13899 D cellinfo: 46 bytes from 54.197.223.49: icmp_seq=6481 ttl=36 time=122 ms
08-13 17:48:34.906 13846 13899 D cellinfo: 46 bytes from 54.197.223.49: icmp_seq=6482 ttl=36 time=128 ms
08-13 17:48:35.063 13846 13899 D cellinfo: 46 bytes from 54.197.223.49: icmp_seq=6483 ttl=36 time=85.7 ms
08-13 17:48:35.298 13846 13899 D cellinfo: 46 bytes from 54.197.223.49: icmp_seq=6484 ttl=36 time=121 ms
08-13 17:48:35.465 13846 13899 D cellinfo: 46 bytes from 54.197.223.49: icmp_seq=6485 ttl=36 time=86.1 ms
08-13 17:48:35.663 13846 13899 D cellinfo: 46 bytes from 54.197.223.49: icmp_seq=6486 ttl=36 time=83.6 ms
08-13 17:48:35.816 13846 13846 D cellinfo: onsignalStrengthsChanged: LTE Signal Strength info: rsrp: -103 rsrq: -9 rssi: -79 rssnr: -1
08-13 17:48:35.816 13846 13846 D cellinfo: onsignalStrengthsChanged: 5G-NR Signal Strength info: ssrsrp: -99 ssrsrq: -12 sssinr: 2
08-13 17:48:35.865 13846 13899 D cellinfo: 46 bytes from 54.197.223.49: icmp_seq=6487 ttl=36 time=85.1 ms
08-13 17:48:36.099 13846 13899 D cellinfo: 46 bytes from 54.197.223.49: icmp_seq=6488 ttl=36 time=117 ms
08-13 17:48:36.264 13846 13899 D cellinfo: 46 bytes from 54.197.223.49: icmp_seq=6489 ttl=36 time=83.3 ms
08-13 17:48:36.551 13846 13899 D cellinfo: 46 bytes from 54.197.223.49: icmp_seq=6490 ttl=36 time=168 ms
08-13 17:48:36.685 13846 13899 D cellinfo: 46 bytes from 54.197.223.49: icmp_seq=6491 ttl=36 time=101 ms
08-13 17:48:36.864 13846 13846 D cellinfo: Latitude is 40.2036857
08-13 17:48:36.864 13846 13846 D cellinfo: Longitude is -86.5818375
08-13 17:48:36.864 13846 13846 D cellinfo: Instantaneous GPS information: United States, I-65, Frankfort, IN 46041, USA
08-13 17:48:36.864 13846 13846 D cellinfo: getCurrentLocation() result: Location (success): 40.2036857, -86.5818375
08-13 17:48:36.872 13846 13846 D cellinfo: onCellInfoChanged: Operator:  UpdateTimestamp: 251192942 CellConnectionStatus: 1
08-13 17:48:36.873 13846 13846 D cellinfo: onCellInfoChanged: 5G-NR Cell Bands: [] ARFCN: 528000 Cell ID: 9223372036854775807 Physical Cell ID: 242 Tracking Area Code: 16777215
08-13 17:48:36.876 13846 13899 D cellinfo: 46 bytes from 54.197.223.49: icmp_seq=6492 ttl=36 time=91.3 ms
08-13 17:48:37.098 13846 13899 D cellinfo: 46 bytes from 54.197.223.49: icmp_seq=6493 ttl=36 time=113 ms
08-13 17:48:37.305 13846 13899 D cellinfo: 46 bytes from 54.197.223.49: icmp_seq=6494 ttl=36 time=120 ms
08-13 17:48:37.503 13846 13899 D cellinfo: 46 bytes from 54.197.223.49: icmp_seq=6495 ttl=36 time=118 ms
08-13 17:48:37.705 13846 13899 D cellinfo: 46 bytes from 54.197.223.49: icmp_seq=6496 ttl=36 time=118 ms
08-13 17:48:37.897 13846 13899 D cellinfo: 46 bytes from 54.197.223.49: icmp_seq=6497 ttl=36 time=110 ms
08-13 17:48:38.098 13846 13899 D cellinfo: 46 bytes from 54.197.223.49: icmp_seq=6498 ttl=36 time=109 ms
08-13 17:48:38.298 13846 13899 D cellinfo: 46 bytes from 54.197.223.49: icmp_seq=6499 ttl=36 time=110 ms
08-13 17:48:38.579 13846 13899 D cellinfo: 46 bytes from 54.197.223.49: icmp_seq=6500 ttl=36 time=189 ms
08-13 17:48:38.777 13846 13899 D cellinfo: 46 bytes from 54.197.223.49: icmp_seq=6501 ttl=36 time=187 ms
08-13 17:48:38.898 13846 13899 D cellinfo: 46 bytes from 54.197.223.49: icmp_seq=6502 ttl=36 time=106 ms
08-13 17:48:39.098 13846 13899 D cellinfo: 46 bytes from 54.197.223.49: icmp_seq=6503 ttl=36 time=106 ms
08-13 17:48:39.201 13846 13846 D cellinfo: Latitude is 40.2036857
08-13 17:48:39.201 13846 13846 D cellinfo: Longitude is -86.5818375
08-13 17:48:39.201 13846 13846 D cellinfo: Instantaneous GPS information: United States, I-65, Frankfort, IN 46041, USA
08-13 17:48:39.201 13846 13846 D cellinfo: getCurrentLocation() result: Location (success): 40.2036857, -86.5818375
08-13 17:48:39.298 13846 13899 D cellinfo: 46 bytes from 54.197.223.49: icmp_seq=6504 ttl=36 time=105 ms
08-13 17:48:39.499 13846 13899 D cellinfo: 46 bytes from 54.197.223.49: icmp_seq=6505 ttl=36 time=107 ms
08-13 17:48:39.739 13846 13899 D cellinfo: 46 bytes from 54.197.223.49: icmp_seq=6506 ttl=36 time=145 ms
08-13 17:48:39.898 13846 13899 D cellinfo: 46 bytes from 54.197.223.49: icmp_seq=6507 ttl=36 time=104 ms
08-13 17:48:40.139 13846 13899 D cellinfo: 46 bytes from 54.197.223.49: icmp_seq=6508 ttl=36 time=144 ms
08-13 17:48:40.304 13846 13899 D cellinfo: 46 bytes from 54.197.223.49: icmp_seq=6509 ttl=36 time=109 ms
08-13 17:48:40.505 13846 13899 D cellinfo: 46 bytes from 54.197.223.49: icmp_seq=6510 ttl=36 time=110 ms
08-13 17:48:40.741 13846 13899 D cellinfo: 46 bytes from 54.197.223.49: icmp_seq=6511 ttl=36 time=145 ms
08-13 17:48:40.905 13846 13899 D cellinfo: 46 bytes from 54.197.223.49: icmp_seq=6512 ttl=36 time=107 ms
08-13 17:48:41.099 13846 13899 D cellinfo: 46 bytes from 54.197.223.49: icmp_seq=6513 ttl=36 time=101 ms
08-13 17:48:41.342 13846 13899 D cellinfo: 46 bytes from 54.197.223.49: icmp_seq=6514 ttl=36 time=143 ms
08-13 17:48:41.504 13846 13899 D cellinfo: 46 bytes from 54.197.223.49: icmp_seq=6515 ttl=36 time=105 ms
08-13 17:48:41.700 13846 13899 D cellinfo: 46 bytes from 54.197.223.49: icmp_seq=6516 ttl=36 time=101 ms
08-13 17:48:41.899 13846 13899 D cellinfo: 46 bytes from 54.197.223.49: icmp_seq=6517 ttl=36 time=99.2 ms
08-13 17:48:42.104 13846 13899 D cellinfo: 46 bytes from 54.197.223.49: icmp_seq=6518 ttl=36 time=103 ms
08-13 17:48:42.145 13846 13846 D cellinfo: onsignalStrengthsChanged: LTE Signal Strength info: rsrp: -109 rsrq: -17 rssi: -77 rssnr: 2
08-13 17:48:42.145 13846 13846 D cellinfo: onsignalStrengthsChanged: 5G-NR Signal Strength info: ssrsrp: -104 ssrsrq: -13 sssinr: 8
08-13 17:48:42.236 13846 13846 D cellinfo: onCellInfoChanged: Operator:  UpdateTimestamp: 251198552 CellConnectionStatus: 1
08-13 17:48:42.236 13846 13846 D cellinfo: onCellInfoChanged: 5G-NR Cell Bands: [] ARFCN: 528000 Cell ID: 9223372036854775807 Physical Cell ID: 242 Tracking Area Code: 16777215
08-13 17:48:42.304 13846 13899 D cellinfo: 46 bytes from 54.197.223.49: icmp_seq=6519 ttl=36 time=104 ms
08-13 17:48:42.507 13846 13899 D cellinfo: 46 bytes from 54.197.223.49: icmp_seq=6520 ttl=36 time=106 ms
08-13 17:48:42.699 13846 13899 D cellinfo: 46 bytes from 54.197.223.49: icmp_seq=6521 ttl=36 time=97.0 ms
08-13 17:48:42.899 13846 13899 D cellinfo: 46 bytes from 54.197.223.49: icmp_seq=6522 ttl=36 time=96.2 ms
08-13 17:48:43.145 13846 13899 D cellinfo: 46 bytes from 54.197.223.49: icmp_seq=6523 ttl=36 time=141 ms
08-13 17:48:43.312 13846 13899 D cellinfo: 46 bytes from 54.197.223.49: icmp_seq=6524 ttl=36 time=106 ms
08-13 17:48:43.500 13846 13899 D cellinfo: 46 bytes from 54.197.223.49: icmp_seq=6525 ttl=36 time=94.7 ms
08-13 17:48:43.629 13846 13846 D cellinfo: Latitude is 40.2013776
08-13 17:48:43.629 13846 13846 D cellinfo: Longitude is -86.5784061
08-13 17:48:43.630 13846 13846 D cellinfo: Instantaneous GPS information: United States, I-65, Frankfort, IN 46041, USA
08-13 17:48:43.630 13846 13846 D cellinfo: getCurrentLocation() result: Location (success): 40.2013776, -86.5784061
08-13 17:48:43.705 13846 13899 D cellinfo: 46 bytes from 54.197.223.49: icmp_seq=6526 ttl=36 time=98.8 ms
08-13 17:48:43.904 13846 13899 D cellinfo: 46 bytes from 54.197.223.49: icmp_seq=6527 ttl=36 time=97.5 ms
08-13 17:48:44.139 13846 13899 D cellinfo: 46 bytes from 54.197.223.49: icmp_seq=6528 ttl=36 time=130 ms
08-13 17:48:44.298 13846 13899 D cellinfo: 46 bytes from 54.197.223.49: icmp_seq=6529 ttl=36 time=90.0 ms
08-13 17:48:44.498 13846 13899 D cellinfo: 46 bytes from 54.197.223.49: icmp_seq=6530 ttl=36 time=88.7 ms
08-13 17:48:44.742 13846 13899 D cellinfo: 46 bytes from 54.197.223.49: icmp_seq=6531 ttl=36 time=131 ms
08-13 17:48:44.899 13846 13899 D cellinfo: 46 bytes from 54.197.223.49: icmp_seq=6532 ttl=36 time=87.9 ms
08-13 17:48:45.195 13846 13899 D cellinfo: 46 bytes from 54.197.223.49: icmp_seq=6533 ttl=36 time=183 ms
08-13 17:48:45.210 13846 13846 D cellinfo: Latitude is 40.2013776
08-13 17:48:45.210 13846 13846 D cellinfo: Longitude is -86.5784061
08-13 17:48:45.210 13846 13846 D cellinfo: Instantaneous GPS information: United States, I-65, Frankfort, IN 46041, USA
08-13 17:48:45.210 13846 13846 D cellinfo: getCurrentLocation() result: Location (success): 40.2013776, -86.5784061
08-13 17:48:45.249 13846 13846 D cellinfo: onCellInfoChanged: Operator:  UpdateTimestamp: 251201560 CellConnectionStatus: 1
08-13 17:48:45.249 13846 13846 D cellinfo: onCellInfoChanged: 5G-NR Cell Bands: [] ARFCN: 528000 Cell ID: 9223372036854775807 Physical Cell ID: 65 Tracking Area Code: 16777215
08-13 17:48:45.268 13846 13846 D cellinfo: onsignalStrengthsChanged: LTE Signal Strength info: rsrp: -101 rsrq: -10 rssi: -77 rssnr: 6
08-13 17:48:45.268 13846 13846 D cellinfo: onsignalStrengthsChanged: 5G-NR Signal Strength info: ssrsrp: -94 ssrsrq: -11 sssinr: 11
08-13 17:48:45.309 13846 13899 D cellinfo: 46 bytes from 54.197.223.49: icmp_seq=6534 ttl=36 time=97.0 ms
08-13 17:48:45.498 13846 13899 D cellinfo: 46 bytes from 54.197.223.49: icmp_seq=6535 ttl=36 time=85.2 ms
08-13 17:48:45.699 13846 13899 D cellinfo: 46 bytes from 54.197.223.49: icmp_seq=6536 ttl=36 time=84.0 ms
08-13 17:48:46.036 13846 13846 D cellinfo: onServiceStateChanged: Channel Number: 67011 Cell Bandwidths: [5000]
08-13 17:48:46.071 13846 13899 D cellinfo: 46 bytes from 54.197.223.49: icmp_seq=6537 ttl=36 time=255 ms
08-13 17:48:46.072 13846 13899 D cellinfo: 46 bytes from 54.197.223.49: icmp_seq=6537 ttl=36 time=256 ms (DUP!)
08-13 17:48:46.153 13846 13899 D cellinfo: 46 bytes from 54.197.223.49: icmp_seq=6538 ttl=36 time=134 ms
08-13 17:48:46.308 13846 13899 D cellinfo: 46 bytes from 54.197.223.49: icmp_seq=6539 ttl=36 time=88.7 ms
08-13 17:48:46.514 13846 13899 D cellinfo: 46 bytes from 54.197.223.49: icmp_seq=6540 ttl=36 time=93.8 ms
