08-13 17:48:46.713 13846 13899 D cellinfo: 46 bytes from 54.197.223.49: icmp_seq=6541 ttl=36 time=92.8 ms
08-13 17:48:46.914 13846 13899 D cellinfo: 46 bytes from 54.197.223.49: icmp_seq=6542 ttl=36 time=92.5 ms
08-13 17:48:47.114 13846 13899 D cellinfo: 46 bytes from 54.197.223.49: icmp_seq=6543 ttl=36 time=90.8 ms
08-13 17:48:47.313 13846 13899 D cellinfo: 46 bytes from 54.197.223.49: icmp_seq=6544 ttl=36 time=89.6 ms
08-13 17:48:47.514 13846 13899 D cellinfo: 46 bytes from 54.197.223.49: icmp_seq=6545 ttl=36 time=89.4 ms
08-13 17:48:47.720 13846 13899 D cellinfo: 46 bytes from 54.197.223.49: icmp_seq=6546 ttl=36 time=95.1 ms
08-13 17:48:47.953 13846 13899 D cellinfo: 46 bytes from 54.197.223.49: icmp_seq=6547 ttl=36 time=126 ms
08-13 17:48:48.153 13846 13899 D cellinfo: 46 bytes from 54.197.223.49: icmp_seq=6548 ttl=36 time=125 ms
08-13 17:48:48.202 13846 13846 D cellinfo: Latitude is 40.2013776
08-13 17:48:48.202 13846 13846 D cellinfo: Longitude is -86.5784061
08-13 17:48:48.202 13846 13846 D cellinfo: Instantaneous GPS information: United States, I-65, Frankfort, IN 46041, USA
08-13 17:48:48.202 13846 13846 D cellinfo: getCurrentLocation() result: Location (success): 40.2013776, -86.5784061
08-13 17:48:48.248 13846 13846 D cellinfo: onCellInfoChanged: Operator:  UpdateTimestamp: 251204564 CellConnectionStatus: 1
08-13 17:48:48.248 13846 13846 D cellinfo: onCellInfoChanged: 5G-NR Cell Bands: [] ARFCN: 528000 Cell ID: 9223372036854775807 Physical Cell ID: 65 Tracking Area Code: 16777215
08-13 17:48:48.331 13846 13899 D cellinfo: 46 bytes from 54.197.223.49: icmp_seq=6549 ttl=36 time=103 ms
08-13 17:48:48.553 13846 13899 D cellinfo: 46 bytes from 54.197.223.49: icmp_seq=6550 ttl=36 time=124 ms
08-13 17:48:48.753 13846 13899 D cellinfo: 46 bytes from 54.197.223.49: icmp_seq=6551 ttl=36 time=124 ms
08-13 17:48:48.914 13846 13899 D cellinfo: 46 bytes from 54.197.223.49: icmp_seq=6552 ttl=36 time=84.4 ms
08-13 17:48:49.098 13846 13846 D cellinfo: onsignalStrengthsChanged: LTE Signal Strength info: rsrp: -109 rsrq: -16 rssi: -79 rssnr: -6
08-13 17:48:49.098 13846 13846 D cellinfo: onsignalStrengthsChanged: 5G-NR Signal Strength info: ssrsrp: -103 ssrsrq: -11 sssinr: 6
08-13 17:48:49.118 13846 13899 D cellinfo: 46 bytes from 54.197.223.49: icmp_seq=6553 ttl=36 time=86.8 ms
08-13 17:48:49.353 13846 13899 D cellinfo: 46 bytes from 54.197.223.49: icmp_seq=6554 ttl=36 time=121 ms
08-13 17:48:49.553 13846 13899 D cellinfo: 46 bytes from 54.197.223.49: icmp_seq=6555 ttl=36 time=120 ms
08-13 17:48:49.596 13846 13899 D cellinfo: 46 bytes from 54.197.223.49: icmp_seq=6555 ttl=36 time=163 ms (DUP!)
08-13 17:48:50.419 13846 13846 D cellinfo: onServiceStateChanged: Channel Number: 67011 Cell Bandwidths: [5000, 100000]
08-13 17:48:50.467 13846 13846 D cellinfo: onServiceStateChanged: Channel Number: 67011 Cell Bandwidths: [5000]
08-13 17:48:51.124 13846 13899 D cellinfo: 46 bytes from 54.197.223.49: icmp_seq=6561 ttl=36 time=465 ms
08-13 17:48:51.125 13846 13899 D cellinfo: 46 bytes from 54.197.223.49: icmp_seq=6560 ttl=36 time=674 ms
08-13 17:48:51.125 13846 13899 D cellinfo: 46 bytes from 54.197.223.49: icmp_seq=6559 ttl=36 time=878 ms
08-13 17:48:51.125 13846 13899 D cellinfo: 46 bytes from 54.197.223.49: icmp_seq=6562 ttl=36 time=262 ms
08-13 17:48:51.125 13846 13899 D cellinfo: 46 bytes from 54.197.223.49: icmp_seq=6557 ttl=36 time=1290 ms
08-13 17:48:51.125 13846 13899 D cellinfo: 46 bytes from 54.197.223.49: icmp_seq=6558 ttl=36 time=1086 ms
08-13 17:48:51.199 13846 13899 D cellinfo: 46 bytes from 54.197.223.49: icmp_seq=6563 ttl=36 time=132 ms
08-13 17:48:51.217 13846 13846 D cellinfo: Latitude is 40.2013776
08-13 17:48:51.217 13846 13846 D cellinfo: Longitude is -86.5784061
08-13 17:48:51.217 13846 13846 D cellinfo: Instantaneous GPS information: United States, I-65, Frankfort, IN 46041, USA
08-13 17:48:51.217 13846 13846 D cellinfo: getCurrentLocation() result: Location (success): 40.2013776, -86.5784061
08-13 17:48:51.267 13846 13846 D cellinfo: onCellInfoChanged: Operator:  UpdateTimestamp: 251207583 CellConnectionStatus: 1
08-13 17:48:51.267 13846 13846 D cellinfo: onCellInfoChanged: 5G-NR Cell Bands: [] ARFCN: 528000 Cell ID: 9223372036854775807 Physical Cell ID: 65 Tracking Area Code: 16777215
08-13 17:48:51.780 13846 13899 D cellinfo: 46 bytes from 54.197.223.49: icmp_seq=6564 ttl=36 time=512 ms
08-13 17:48:51.886 13846 13899 D cellinfo: 46 bytes from 54.197.223.49: icmp_seq=6565 ttl=36 time=415 ms
08-13 17:48:51.887 13846 13899 D cellinfo: 46 bytes from 54.197.223.49: icmp_seq=6566 ttl=36 time=211 ms
08-13 17:48:51.972 13846 13899 D cellinfo: 46 bytes from 54.197.223.49: icmp_seq=6567 ttl=36 time=96.4 ms
08-13 17:48:52.164 13846 13899 D cellinfo: 46 bytes from 54.197.223.49: icmp_seq=6568 ttl=36 time=88.5 ms
08-13 17:48:52.365 13846 13899 D cellinfo: 46 bytes from 54.197.223.49: icmp_seq=6569 ttl=36 time=87.3 ms
08-13 17:48:52.462 13846 13846 D cellinfo: onsignalStrengthsChanged: LTE Signal Strength info: rsrp: -100 rsrq: -15 rssi: -69 rssnr: -2
08-13 17:48:52.462 13846 13846 D cellinfo: onsignalStrengthsChanged: 5G-NR Signal Strength info: ssrsrp: -101 ssrsrq: -13 sssinr: -2
08-13 17:48:52.564 13846 13899 D cellinfo: 46 bytes from 54.197.223.49: icmp_seq=6570 ttl=36 time=86.2 ms
08-13 17:48:52.799 13846 13899 D cellinfo: 46 bytes from 54.197.223.49: icmp_seq=6571 ttl=36 time=119 ms
08-13 17:48:52.951 13846 13846 D cellinfo: onServiceStateChanged: Channel Number: 67011 Cell Bandwidths: [5000, 100000]
08-13 17:48:53.506 13846 13899 D cellinfo: 46 bytes from 54.197.223.49: icmp_seq=6573 ttl=36 time=423 ms
08-13 17:48:53.507 13846 13899 D cellinfo: 46 bytes from 54.197.223.49: icmp_seq=6574 ttl=36 time=220 ms
08-13 17:48:53.665 13846 13899 D cellinfo: 46 bytes from 54.197.223.49: icmp_seq=6575 ttl=36 time=174 ms
08-13 17:48:53.786 13846 13899 D cellinfo: 46 bytes from 54.197.223.49: icmp_seq=6576 ttl=36 time=94.4 ms
08-13 17:48:53.986 13846 13899 D cellinfo: 46 bytes from 54.197.223.49: icmp_seq=6577 ttl=36 time=93.7 ms
08-13 17:48:54.227 13846 13899 D cellinfo: 46 bytes from 54.197.223.49: icmp_seq=6578 ttl=36 time=133 ms
08-13 17:48:54.251 13846 13846 D cellinfo: onCellInfoChanged: Operator:  UpdateTimestamp: 251210568 CellConnectionStatus: 1
08-13 17:48:54.251 13846 13846 D cellinfo: onCellInfoChanged: 5G-NR Cell Bands: [] ARFCN: 528000 Cell ID: 9223372036854775807 Physical Cell ID: 242 Tracking Area Code: 16777215
08-13 17:48:54.390 13846 13899 D cellinfo: 46 bytes from 54.197.223.49: icmp_seq=6579 ttl=36 time=95.3 ms
08-13 17:48:54.592 13846 13899 D cellinfo: 46 bytes from 54.197.223.49: icmp_seq=6580 ttl=36 time=96.8 ms
08-13 17:48:54.800 13846 13899 D cellinfo: 46 bytes from 54.197.223.49: icmp_seq=6581 ttl=36 time=104 ms
08-13 17:48:55.340 13846 13899 D cellinfo: 46 bytes from 54.197.223.49: icmp_seq=6583 ttl=36 time=241 ms
08-13 17:48:55.396 13846 13899 D cellinfo: 46 bytes from 54.197.223.49: icmp_seq=6584 ttl=36 time=94.0 ms
08-13 17:48:55.616 13846 13899 D cellinfo: 46 bytes from 54.197.223.49: icmp_seq=6585 ttl=36 time=112 ms
08-13 17:48:56.358 13846 13846 D cellinfo: Latitude is 40.1987114
08-13 17:48:56.358 13846 13846 D cellinfo: Longitude is -86.5752776
08-13 17:48:56.358 13846 13846 D cellinfo: Instantaneous GPS information: United States, I-65, Frankfort, IN 46041, USA
08-13 17:48:56.358 13846 13846 D cellinfo: getCurrentLocation() result: Location (success): 40.1987114, -86.5752776
08-13 17:48:56.360 13846 13846 D cellinfo: onServiceStateChanged: Channel Number: 67011 Cell Bandwidths: [5000, 100000]
08-13 17:48:56.360 13846 13846 D cellinfo: onServiceStateChanged: Channel Number: 67011 Cell Bandwidths: [5000]
08-13 17:48:56.360 13846 13846 D cellinfo: onServiceStateChanged: Channel Number: 67011 Cell Bandwidths: [5000]
08-13 17:48:56.377 13846 13846 D cellinfo: onServiceStateChanged: Channel Number: 67011 Cell Bandwidths: [5000, 100000]
08-13 17:48:56.464 13846 13899 D cellinfo: 46 bytes from 54.197.223.49: icmp_seq=6587 ttl=36 time=553 ms
08-13 17:48:56.464 13846 13899 D cellinfo: 46 bytes from 54.197.223.49: icmp_seq=6586 ttl=36 time=760 ms
08-13 17:48:56.476 13846 13899 D cellinfo: 46 bytes from 54.197.223.49: icmp_seq=6588 ttl=36 time=361 ms
08-13 17:48:56.483 13846 13899 D cellinfo: 46 bytes from 54.197.223.49: icmp_seq=6589 ttl=36 time=165 ms
08-13 17:48:56.629 13846 13899 D cellinfo: 46 bytes from 54.197.223.49: icmp_seq=6590 ttl=36 time=109 ms
08-13 17:48:57.208 13846 13846 D cellinfo: Latitude is 40.1987114
08-13 17:48:57.208 13846 13846 D cellinfo: Longitude is -86.5752776
08-13 17:48:57.208 13846 13846 D cellinfo: Instantaneous GPS information: United States, I-65, Frankfort, IN 46041, USA
08-13 17:48:57.208 13846 13846 D cellinfo: getCurrentLocation() result: Location (success): 40.1987114, -86.5752776
08-13 17:48:57.264 13846 13846 D cellinfo: onCellInfoChanged: Operator:  UpdateTimestamp: 251213580 CellConnectionStatus: 1
08-13 17:48:57.264 13846 13846 D cellinfo: onCellInfoChanged: 5G-NR Cell Bands: [] ARFCN: 528000 Cell ID: 9223372036854775807 Physical Cell ID: 450 Tracking Area Code: 16777215
08-13 17:48:57.328 13846 13899 D cellinfo: 46 bytes from 54.197.223.49: icmp_seq=6592 ttl=36 time=405 ms
08-13 17:48:57.408 13846 13899 D cellinfo: 46 bytes from 54.197.223.49: icmp_seq=6593 ttl=36 time=281 ms
08-13 17:48:57.508 13846 13899 D cellinfo: 46 bytes from 54.197.223.49: icmp_seq=6594 ttl=36 time=179 ms
08-13 17:48:57.708 13846 13899 D cellinfo: 46 bytes from 54.197.223.49: icmp_seq=6595 ttl=36 time=178 ms
08-13 17:48:57.835 13846 13899 D cellinfo: 46 bytes from 54.197.223.49: icmp_seq=6596 ttl=36 time=104 ms
08-13 17:48:58.068 13846 13899 D cellinfo: 46 bytes from 54.197.223.49: icmp_seq=6597 ttl=36 time=137 ms
08-13 17:48:58.229 13846 13899 D cellinfo: 46 bytes from 54.197.223.49: icmp_seq=6598 ttl=36 time=98.5 ms
08-13 17:48:58.434 13846 13899 D cellinfo: 46 bytes from 54.197.223.49: icmp_seq=6599 ttl=36 time=103 ms
08-13 17:48:58.630 13846 13899 D cellinfo: 46 bytes from 54.197.223.49: icmp_seq=6600 ttl=36 time=98.4 ms
08-13 17:48:58.831 13846 13899 D cellinfo: 46 bytes from 54.197.223.49: icmp_seq=6601 ttl=36 time=97.4 ms
08-13 17:48:59.069 13846 13899 D cellinfo: 46 bytes from 54.197.223.49: icmp_seq=6602 ttl=36 time=135 ms
08-13 17:48:59.229 13846 13899 D cellinfo: 46 bytes from 54.197.223.49: icmp_seq=6603 ttl=36 time=95.1 ms
08-13 17:48:59.429 13846 13899 D cellinfo: 46 bytes from 54.197.223.49: icmp_seq=6604 ttl=36 time=94.2 ms
08-13 17:48:59.629 13846 13899 D cellinfo: 46 bytes from 54.197.223.49: icmp_seq=6605 ttl=36 time=92.8 ms
08-13 17:48:59.830 13846 13899 D cellinfo: 46 bytes from 54.197.223.49: icmp_seq=6606 ttl=36 time=92.8 ms
08-13 17:49:00.029 13846 13899 D cellinfo: 46 bytes from 54.197.223.49: icmp_seq=6607 ttl=36 time=91.6 ms
08-13 17:49:00.204 13846 13846 D cellinfo: Latitude is 40.1987114
08-13 17:49:00.204 13846 13846 D cellinfo: Longitude is -86.5752776
08-13 17:49:00.204 13846 13846 D cellinfo: Instantaneous GPS information: United States, I-65, Frankfort, IN 46041, USA
08-13 17:49:00.204 13846 13846 D cellinfo: getCurrentLocation() result: Location (success): 40.1987114, -86.5752776
08-13 17:49:00.230 13846 13899 D cellinfo: 46 bytes from 54.197.223.49: icmp_seq=6608 ttl=36 time=94.3 ms
08-13 17:49:00.244 13846 13846 D cellinfo: onCellInfoChanged: Operator:  UpdateTimestamp: 251216555 CellConnectionStatus: 1
08-13 17:49:00.244 13846 13846 D cellinfo: onCellInfoChanged: 5G-NR Cell Bands: [] ARFCN: 528000 Cell ID: 9223372036854775807 Physical Cell ID: 450 Tracking Area Code: 16777215
08-13 17:49:00.441 13846 13899 D cellinfo: 46 bytes from 54.197.223.49: icmp_seq=6609 ttl=36 time=100 ms
08-13 17:49:00.630 13846 13899 D cellinfo: 46 bytes from 54.197.223.49: icmp_seq=6610 ttl=36 time=91.4 ms
08-13 17:49:00.951 13846 13899 D cellinfo: 46 bytes from 54.197.223.49: icmp_seq=6611 ttl=36 time=211 ms
08-13 17:49:01.029 13846 13899 D cellinfo: 46 bytes from 54.197.223.49: icmp_seq=6612 ttl=36 time=86.3 ms
08-13 17:49:01.317 13846 13899 D cellinfo: 46 bytes from 54.197.223.49: icmp_seq=6613 ttl=36 time=173 ms
08-13 17:49:01.470 13846 13899 D cellinfo: 46 bytes from 54.197.223.49: icmp_seq=6614 ttl=36 time=126 ms
08-13 17:49:01.670 13846 13899 D cellinfo: 46 bytes from 54.197.223.49: icmp_seq=6615 ttl=36 time=125 ms
08-13 17:49:01.830 13846 13899 D cellinfo: 46 bytes from 54.197.223.49: icmp_seq=6616 ttl=36 time=84.4 ms
08-13 17:49:02.229 13846 13899 D cellinfo: 46 bytes from 54.197.223.49: icmp_seq=6617 ttl=36 time=283 ms
08-13 17:49:02.246 13846 13899 D cellinfo: 46 bytes from 54.197.223.49: icmp_seq=6618 ttl=36 time=95.3 ms
08-13 17:49:02.469 13846 13899 D cellinfo: 46 bytes from 54.197.223.49: icmp_seq=6619 ttl=36 time=117 ms
08-13 17:49:02.670 13846 13899 D cellinfo: 46 bytes from 54.197.223.49: icmp_seq=6620 ttl=36 time=117 ms
08-13 17:49:02.869 13846 13899 D cellinfo: 46 bytes from 54.197.223.49: icmp_seq=6621 ttl=36 time=115 ms
08-13 17:49:03.069 13846 13899 D cellinfo: 46 bytes from 54.197.223.49: icmp_seq=6622 ttl=36 time=114 ms
08-13 17:49:03.204 13846 13846 D cellinfo: Latitude is 40.1987114
08-13 17:49:03.204 13846 13846 D cellinfo: Longitude is -86.5752776
08-13 17:49:03.204 13846 13846 D cellinfo: Instantaneous GPS information: United States, I-65, Frankfort, IN 46041, USA
08-13 17:49:03.204 13846 13846 D cellinfo: getCurrentLocation() result: Location (success): 40.1987114, -86.5752776
08-13 17:49:03.265 13846 13846 D cellinfo: onCellInfoChanged: Operator:  UpdateTimestamp: 251219582 CellConnectionStatus: 1
08-13 17:49:03.265 13846 13846 D cellinfo: onCellInfoChanged: 5G-NR Cell Bands: [] ARFCN: 528000 Cell ID: 9223372036854775807 Physical Cell ID: 450 Tracking Area Code: 16777215
08-13 17:49:03.268 13846 13899 D cellinfo: 46 bytes from 54.197.223.49: icmp_seq=6623 ttl=36 time=114 ms
08-13 17:49:03.446 13846 13899 D cellinfo: 46 bytes from 54.197.223.49: icmp_seq=6624 ttl=36 time=92.1 ms
08-13 17:49:03.675 13846 13899 D cellinfo: 46 bytes from 54.197.223.49: icmp_seq=6625 ttl=36 time=120 ms
08-13 17:49:03.869 13846 13899 D cellinfo: 46 bytes from 54.197.223.49: icmp_seq=6626 ttl=36 time=113 ms
08-13 17:49:04.069 13846 13899 D cellinfo: 46 bytes from 54.197.223.49: icmp_seq=6627 ttl=36 time=112 ms
08-13 17:49:04.246 13846 13899 D cellinfo: 46 bytes from 54.197.223.49: icmp_seq=6628 ttl=36 time=90.1 ms
08-13 17:49:04.509 13846 13899 D cellinfo: 46 bytes from 54.197.223.49: icmp_seq=6629 ttl=36 time=152 ms
08-13 17:49:04.668 13846 13899 D cellinfo: 46 bytes from 54.197.223.49: icmp_seq=6630 ttl=36 time=110 ms
08-13 17:49:04.869 13846 13899 D cellinfo: 46 bytes from 54.197.223.49: icmp_seq=6631 ttl=36 time=110 ms
08-13 17:49:05.069 13846 13899 D cellinfo: 46 bytes from 54.197.223.49: icmp_seq=6632 ttl=36 time=109 ms
08-13 17:49:05.268 13846 13899 D cellinfo: 46 bytes from 54.197.223.49: icmp_seq=6633 ttl=36 time=109 ms
08-13 17:49:05.469 13846 13899 D cellinfo: 46 bytes from 54.197.223.49: icmp_seq=6634 ttl=36 time=109 ms
08-13 17:49:05.669 13846 13899 D cellinfo: 46 bytes from 54.197.223.49: icmp_seq=6635 ttl=36 time=109 ms
08-13 17:49:05.869 13846 13899 D cellinfo: 46 bytes from 54.197.223.49: icmp_seq=6636 ttl=36 time=108 ms
08-13 17:49:06.167 13846 13899 D cellinfo: 46 bytes from 54.197.223.49: icmp_seq=6637 ttl=36 time=205 ms
08-13 17:49:06.256 13846 13846 D cellinfo: onCellInfoChanged: Operator:  UpdateTimestamp: 251222570 CellConnectionStatus: 1
08-13 17:49:06.256 13846 13846 D cellinfo: onCellInfoChanged: 5G-NR Cell Bands: [] ARFCN: 528000 Cell ID: 9223372036854775807 Physical Cell ID: 450 Tracking Area Code: 16777215
08-13 17:49:06.268 13846 13899 D cellinfo: 46 bytes from 54.197.223.49: icmp_seq=6638 ttl=36 time=105 ms
08-13 17:49:06.468 13846 13899 D cellinfo: 46 bytes from 54.197.223.49: icmp_seq=6639 ttl=36 time=105 ms
08-13 17:49:06.669 13846 13899 D cellinfo: 46 bytes from 54.197.223.49: icmp_seq=6640 ttl=36 time=104 ms
08-13 17:49:06.868 13846 13899 D cellinfo: 46 bytes from 54.197.223.49: icmp_seq=6641 ttl=36 time=104 ms
08-13 17:49:07.068 13846 13899 D cellinfo: 46 bytes from 54.197.223.49: icmp_seq=6642 ttl=36 time=102 ms
08-13 17:49:07.276 13846 13899 D cellinfo: 46 bytes from 54.197.223.49: icmp_seq=6643 ttl=36 time=111 ms
08-13 17:49:07.470 13846 13899 D cellinfo: 46 bytes from 54.197.223.49: icmp_seq=6644 ttl=36 time=103 ms
08-13 17:49:07.560 13846 13846 D cellinfo: Latitude is 40.195577
08-13 17:49:07.560 13846 13846 D cellinfo: Longitude is -86.5723335
08-13 17:49:07.560 13846 13846 D cellinfo: Instantaneous GPS information: United States, I-65, Frankfort, IN 46041, USA
08-13 17:49:07.560 13846 13846 D cellinfo: getCurrentLocation() result: Location (success): 40.195577, -86.5723335
08-13 17:49:07.647 13846 13899 D cellinfo: 46 bytes from 54.197.223.49: icmp_seq=6645 ttl=36 time=80.6 ms
08-13 17:49:07.869 13846 13899 D cellinfo: 46 bytes from 54.197.223.49: icmp_seq=6646 ttl=36 time=100 ms
08-13 17:49:08.069 13846 13899 D cellinfo: 46 bytes from 54.197.223.49: icmp_seq=6647 ttl=36 time=99.3 ms
08-13 17:49:08.275 13846 13899 D cellinfo: 46 bytes from 54.197.223.49: icmp_seq=6648 ttl=36 time=105 ms
08-13 17:49:08.471 13846 13899 D cellinfo: 46 bytes from 54.197.223.49: icmp_seq=6649 ttl=36 time=100 ms
08-13 17:49:08.674 13846 13899 D cellinfo: 46 bytes from 54.197.223.49: icmp_seq=6650 ttl=36 time=102 ms
08-13 17:49:08.875 13846 13899 D cellinfo: 46 bytes from 54.197.223.49: icmp_seq=6651 ttl=36 time=102 ms
08-13 17:49:09.076 13846 13899 D cellinfo: 46 bytes from 54.197.223.49: icmp_seq=6652 ttl=36 time=102 ms
08-13 17:49:09.206 13846 13846 D cellinfo: Latitude is 40.195577
08-13 17:49:09.206 13846 13846 D cellinfo: Longitude is -86.5723335
08-13 17:49:09.206 13846 13846 D cellinfo: Instantaneous GPS information: United States, I-65, Frankfort, IN 46041, USA
08-13 17:49:09.206 13846 13846 D cellinfo: getCurrentLocation() result: Location (success): 40.195577, -86.5723335
08-13 17:49:09.262 13846 13846 D cellinfo: onCellInfoChanged: Operator:  UpdateTimestamp: 251225578 CellConnectionStatus: 1
08-13 17:49:09.262 13846 13846 D cellinfo: onCellInfoChanged: 5G-NR Cell Bands: [] ARFCN: 528000 Cell ID: 9223372036854775807 Physical Cell ID: 450 Tracking Area Code: 16777215
08-13 17:49:09.273 13846 13899 D cellinfo: 46 bytes from 54.197.223.49: icmp_seq=6653 ttl=36 time=100 ms
08-13 17:49:09.474 13846 13899 D cellinfo: 46 bytes from 54.197.223.49: icmp_seq=6654 ttl=36 time=100 ms
08-13 17:49:09.709 13846 13899 D cellinfo: 46 bytes from 54.197.223.49: icmp_seq=6655 ttl=36 time=134 ms
08-13 17:49:09.909 13846 13899 D cellinfo: 46 bytes from 54.197.223.49: icmp_seq=6656 ttl=36 time=134 ms
08-13 17:49:10.109 13846 13899 D cellinfo: 46 bytes from 54.197.223.49: icmp_seq=6657 ttl=36 time=133 ms
08-13 17:49:10.311 13846 13899 D cellinfo: 46 bytes from 54.197.223.49: icmp_seq=6658 ttl=36 time=135 ms
08-13 17:49:10.471 13846 13899 D cellinfo: 46 bytes from 54.197.223.49: icmp_seq=6659 ttl=36 time=94.1 ms
08-13 17:49:10.712 13846 13899 D cellinfo: 46 bytes from 54.197.223.49: icmp_seq=6660 ttl=36 time=134 ms
08-13 17:49:10.911 13846 13899 D cellinfo: 46 bytes from 54.197.223.49: icmp_seq=6661 ttl=36 time=132 ms
08-13 17:49:11.069 13846 13899 D cellinfo: 46 bytes from 54.197.223.49: icmp_seq=6662 ttl=36 time=89.5 ms
08-13 17:49:11.270 13846 13899 D cellinfo: 46 bytes from 54.197.223.49: icmp_seq=6663 ttl=36 time=91.3 ms
08-13 17:49:11.470 13846 13899 D cellinfo: 46 bytes from 54.197.223.49: icmp_seq=6664 ttl=36 time=89.7 ms
08-13 17:49:11.670 13846 13899 D cellinfo: 46 bytes from 54.197.223.49: icmp_seq=6665 ttl=36 time=89.1 ms
08-13 17:49:11.869 13846 13899 D cellinfo: 46 bytes from 54.197.223.49: icmp_seq=6666 ttl=36 time=87.6 ms
08-13 17:49:12.069 13846 13899 D cellinfo: 46 bytes from 54.197.223.49: icmp_seq=6667 ttl=36 time=86.6 ms
08-13 17:49:12.205 13846 13846 D cellinfo: Latitude is 40.195577
08-13 17:49:12.205 13846 13846 D cellinfo: Longitude is -86.5723335
08-13 17:49:12.205 13846 13846 D cellinfo: Instantaneous GPS information: United States, I-65, Frankfort, IN 46041, USA
08-13 17:49:12.205 13846 13846 D cellinfo: getCurrentLocation() result: Location (success): 40.195577, -86.5723335
08-13 17:49:12.261 13846 13846 D cellinfo: onCellInfoChanged: Operator:  UpdateTimestamp: 251228577 CellConnectionStatus: 1
08-13 17:49:12.261 13846 13846 D cellinfo: onCellInfoChanged: 5G-NR Cell Bands: [] ARFCN: 528000 Cell ID: 9223372036854775807 Physical Cell ID: 450 Tracking Area Code: 16777215
08-13 17:49:12.268 13846 13899 D cellinfo: 46 bytes from 54.197.223.49: icmp_seq=6668 ttl=36 time=87.0 ms
08-13 17:49:12.592 13846 13899 D cellinfo: 46 bytes from 54.197.223.49: icmp_seq=6669 ttl=36 time=209 ms
08-13 17:49:12.708 13846 13899 D cellinfo: 46 bytes from 54.197.223.49: icmp_seq=6670 ttl=36 time=118 ms
08-13 17:49:12.910 13846 13899 D cellinfo: 46 bytes from 54.197.223.49: icmp_seq=6671 ttl=36 time=118 ms
08-13 17:49:13.109 13846 13899 D cellinfo: 46 bytes from 54.197.223.49: icmp_seq=6672 ttl=36 time=117 ms
08-13 17:49:13.289 13846 13899 D cellinfo: 46 bytes from 54.197.223.49: icmp_seq=6673 ttl=36 time=96.8 ms
08-13 17:49:13.509 13846 13899 D cellinfo: 46 bytes from 54.197.223.49: icmp_seq=6674 ttl=36 time=115 ms
08-13 17:49:13.708 13846 13899 D cellinfo: 46 bytes from 54.197.223.49: icmp_seq=6675 ttl=36 time=114 ms
08-13 17:49:13.909 13846 13899 D cellinfo: 46 bytes from 54.197.223.49: icmp_seq=6676 ttl=36 time=114 ms
08-13 17:49:14.109 13846 13899 D cellinfo: 46 bytes from 54.197.223.49: icmp_seq=6677 ttl=36 time=114 ms
08-13 17:49:14.277 13846 13899 D cellinfo: 46 bytes from 54.197.223.49: icmp_seq=6678 ttl=36 time=82.6 ms
08-13 17:49:14.509 13846 13899 D cellinfo: 46 bytes from 54.197.223.49: icmp_seq=6679 ttl=36 time=113 ms
08-13 17:49:14.709 13846 13899 D cellinfo: 46 bytes from 54.197.223.49: icmp_seq=6680 ttl=36 time=113 ms
08-13 17:49:14.909 13846 13899 D cellinfo: 46 bytes from 54.197.223.49: icmp_seq=6681 ttl=36 time=113 ms
08-13 17:49:15.109 13846 13899 D cellinfo: 46 bytes from 54.197.223.49: icmp_seq=6682 ttl=36 time=111 ms
08-13 17:49:15.203 13846 13846 D cellinfo: Latitude is 40.195577
08-13 17:49:15.203 13846 13846 D cellinfo: Longitude is -86.5723335
08-13 17:49:15.203 13846 13846 D cellinfo: Instantaneous GPS information: United States, I-65, Frankfort, IN 46041, USA
08-13 17:49:15.203 13846 13846 D cellinfo: getCurrentLocation() result: Location (success): 40.195577, -86.5723335
08-13 17:49:15.260 13846 13846 D cellinfo: onCellInfoChanged: Operator:  UpdateTimestamp: 251231576 CellConnectionStatus: 1
08-13 17:49:15.260 13846 13846 D cellinfo: onCellInfoChanged: 5G-NR Cell Bands: [] ARFCN: 528000 Cell ID: 9223372036854775807 Physical Cell ID: 450 Tracking Area Code: 16777215
08-13 17:49:15.316 13846 13899 D cellinfo: 46 bytes from 54.197.223.49: icmp_seq=6683 ttl=36 time=119 ms
08-13 17:49:15.558 13846 13899 D cellinfo: 46 bytes from 54.197.223.49: icmp_seq=6684 ttl=36 time=159 ms
08-13 17:49:15.709 13846 13899 D cellinfo: 46 bytes from 54.197.223.49: icmp_seq=6685 ttl=36 time=110 ms
08-13 17:49:15.911 13846 13899 D cellinfo: 46 bytes from 54.197.223.49: icmp_seq=6686 ttl=36 time=111 ms
08-13 17:49:16.088 13846 13899 D cellinfo: 46 bytes from 54.197.223.49: icmp_seq=6687 ttl=36 time=88.4 ms
08-13 17:49:16.309 13846 13899 D cellinfo: 46 bytes from 54.197.223.49: icmp_seq=6688 ttl=36 time=109 ms
08-13 17:49:16.509 13846 13899 D cellinfo: 46 bytes from 54.197.223.49: icmp_seq=6689 ttl=36 time=108 ms
08-13 17:49:16.710 13846 13899 D cellinfo: 46 bytes from 54.197.223.49: icmp_seq=6690 ttl=36 time=108 ms
08-13 17:49:16.909 13846 13899 D cellinfo: 46 bytes from 54.197.223.49: icmp_seq=6691 ttl=36 time=107 ms
08-13 17:49:17.116 13846 13899 D cellinfo: 46 bytes from 54.197.223.49: icmp_seq=6692 ttl=36 time=113 ms
08-13 17:49:17.309 13846 13899 D cellinfo: 46 bytes from 54.197.223.49: icmp_seq=6693 ttl=36 time=106 ms
08-13 17:49:17.509 13846 13899 D cellinfo: 46 bytes from 54.197.223.49: icmp_seq=6694 ttl=36 time=104 ms
08-13 17:49:17.709 13846 13899 D cellinfo: 46 bytes from 54.197.223.49: icmp_seq=6695 ttl=36 time=104 ms
08-13 17:49:17.910 13846 13899 D cellinfo: 46 bytes from 54.197.223.49: icmp_seq=6696 ttl=36 time=104 ms
08-13 17:49:18.116 13846 13899 D cellinfo: 46 bytes from 54.197.223.49: icmp_seq=6697 ttl=36 time=109 ms
08-13 17:49:18.251 13846 13846 D cellinfo: onCellInfoChanged: Operator:  UpdateTimestamp: 251234568 CellConnectionStatus: 1
08-13 17:49:18.251 13846 13846 D cellinfo: onCellInfoChanged: 5G-NR Cell Bands: [] ARFCN: 528000 Cell ID: 9223372036854775807 Physical Cell ID: 450 Tracking Area Code: 16777215
08-13 17:49:18.317 13846 13899 D cellinfo: 46 bytes from 54.197.223.49: icmp_seq=6698 ttl=36 time=110 ms
08-13 17:49:18.790 13846 13899 D cellinfo: 46 bytes from 54.197.223.49: icmp_seq=6699 ttl=36 time=381 ms
08-13 17:49:18.790 13846 13899 D cellinfo: 46 bytes from 54.197.223.49: icmp_seq=6700 ttl=36 time=179 ms
08-13 17:49:18.921 13846 13899 D cellinfo: 46 bytes from 54.197.223.49: icmp_seq=6701 ttl=36 time=109 ms
08-13 17:49:19.111 13846 13899 D cellinfo: 46 bytes from 54.197.223.49: icmp_seq=6702 ttl=36 time=98.7 ms
08-13 17:49:19.311 13846 13899 D cellinfo: 46 bytes from 54.197.223.49: icmp_seq=6703 ttl=36 time=97.8 ms
08-13 17:49:19.492 13846 13899 D cellinfo: 46 bytes from 54.197.223.49: icmp_seq=6704 ttl=36 time=77.7 ms
08-13 17:49:19.594 13846 13846 D cellinfo: Latitude is 40.1921955
08-13 17:49:19.594 13846 13846 D cellinfo: Longitude is -86.5692089
08-13 17:49:19.594 13846 13846 D cellinfo: Instantaneous GPS information: United States, 3261 W Co Rd 650 S, Frankfort, IN 46041, USA
08-13 17:49:19.594 13846 13846 D cellinfo: getCurrentLocation() result: Location (success): 40.1921955, -86.5692089
08-13 17:49:19.709 13846 13899 D cellinfo: 46 bytes from 54.197.223.49: icmp_seq=6705 ttl=36 time=94.9 ms
08-13 17:49:19.955 13846 13899 D cellinfo: 46 bytes from 54.197.223.49: icmp_seq=6706 ttl=36 time=140 ms
08-13 17:49:20.118 13846 13899 D cellinfo: 46 bytes from 54.197.223.49: icmp_seq=6707 ttl=36 time=101 ms
08-13 17:49:20.317 13846 13899 D cellinfo: 46 bytes from 54.197.223.49: icmp_seq=6708 ttl=36 time=100 ms
08-13 17:49:20.517 13846 13899 D cellinfo: 46 bytes from 54.197.223.49: icmp_seq=6709 ttl=36 time=99.2 ms
08-13 17:49:20.711 13846 13899 D cellinfo: 46 bytes from 54.197.223.49: icmp_seq=6710 ttl=36 time=91.7 ms
08-13 17:49:20.916 13846 13899 D cellinfo: 46 bytes from 54.197.223.49: icmp_seq=6711 ttl=36 time=97.4 ms
08-13 17:49:21.117 13846 13899 D cellinfo: 46 bytes from 54.197.223.49: icmp_seq=6712 ttl=36 time=96.1 ms
08-13 17:49:21.203 13846 13846 D cellinfo: Latitude is 40.1921955
08-13 17:49:21.203 13846 13846 D cellinfo: Longitude is -86.5692089
08-13 17:49:21.203 13846 13846 D cellinfo: Instantaneous GPS information: United States, 3261 W Co Rd 650 S, Frankfort, IN 46041, USA
08-13 17:49:21.203 13846 13846 D cellinfo: getCurrentLocation() result: Location (success): 40.1921955, -86.5692089
08-13 17:49:21.253 13846 13846 D cellinfo: onCellInfoChanged: Operator:  UpdateTimestamp: 251237570 CellConnectionStatus: 1
08-13 17:49:21.254 13846 13846 D cellinfo: onCellInfoChanged: 5G-NR Cell Bands: [] ARFCN: 528000 Cell ID: 9223372036854775807 Physical Cell ID: 450 Tracking Area Code: 16777215
08-13 17:49:21.377 13846 13899 D cellinfo: 46 bytes from 54.197.223.49: icmp_seq=6713 ttl=36 time=155 ms
08-13 17:49:21.550 13846 13899 D cellinfo: 46 bytes from 54.197.223.49: icmp_seq=6714 ttl=36 time=127 ms
08-13 17:49:21.715 13846 13899 D cellinfo: 46 bytes from 54.197.223.49: icmp_seq=6715 ttl=36 time=92.8 ms
08-13 17:49:21.916 13846 13899 D cellinfo: 46 bytes from 54.197.223.49: icmp_seq=6716 ttl=36 time=92.6 ms
08-13 17:49:22.119 13846 13899 D cellinfo: 46 bytes from 54.197.223.49: icmp_seq=6717 ttl=36 time=95.0 ms
08-13 17:49:22.350 13846 13899 D cellinfo: 46 bytes from 54.197.223.49: icmp_seq=6718 ttl=36 time=125 ms
08-13 17:49:22.556 13846 13899 D cellinfo: 46 bytes from 54.197.223.49: icmp_seq=6719 ttl=36 time=132 ms
08-13 17:49:22.750 13846 13899 D cellinfo: 46 bytes from 54.197.223.49: icmp_seq=6720 ttl=36 time=124 ms
08-13 17:49:22.948 13846 13899 D cellinfo: 46 bytes from 54.197.223.49: icmp_seq=6721 ttl=36 time=121 ms
08-13 17:49:23.109 13846 13899 D cellinfo: 46 bytes from 54.197.223.49: icmp_seq=6722 ttl=36 time=81.9 ms
08-13 17:49:23.310 13846 13899 D cellinfo: 46 bytes from 54.197.223.49: icmp_seq=6723 ttl=36 time=81.8 ms
08-13 17:49:23.550 13846 13899 D cellinfo: 46 bytes from 54.197.223.49: icmp_seq=6724 ttl=36 time=120 ms
08-13 17:49:23.749 13846 13899 D cellinfo: 46 bytes from 54.197.223.49: icmp_seq=6725 ttl=36 time=119 ms
08-13 17:49:23.949 13846 13899 D cellinfo: 46 bytes from 54.197.223.49: icmp_seq=6726 ttl=36 time=118 ms
08-13 17:49:24.149 13846 13899 D cellinfo: 46 bytes from 54.197.223.49: icmp_seq=6727 ttl=36 time=117 ms
08-13 17:49:24.202 13846 13846 D cellinfo: Latitude is 40.1921955
08-13 17:49:24.202 13846 13846 D cellinfo: Longitude is -86.5692089
08-13 17:49:24.202 13846 13846 D cellinfo: Instantaneous GPS information: United States, 3261 W Co Rd 650 S, Frankfort, IN 46041, USA
08-13 17:49:24.202 13846 13846 D cellinfo: getCurrentLocation() result: Location (success): 40.1921955, -86.5692089
08-13 17:49:24.249 13846 13846 D cellinfo: onCellInfoChanged: Operator:  UpdateTimestamp: 251240567 CellConnectionStatus: 1
08-13 17:49:24.250 13846 13846 D cellinfo: onCellInfoChanged: 5G-NR Cell Bands: [] ARFCN: 528000 Cell ID: 9223372036854775807 Physical Cell ID: 450 Tracking Area Code: 16777215
08-13 17:49:24.333 13846 13899 D cellinfo: 46 bytes from 54.197.223.49: icmp_seq=6728 ttl=36 time=101 ms
08-13 17:49:24.549 13846 13899 D cellinfo: 46 bytes from 54.197.223.49: icmp_seq=6729 ttl=36 time=117 ms
08-13 17:49:24.749 13846 13899 D cellinfo: 46 bytes from 54.197.223.49: icmp_seq=6730 ttl=36 time=115 ms
08-13 17:49:25.230 13846 13899 D cellinfo: 46 bytes from 54.197.223.49: icmp_seq=6731 ttl=36 time=395 ms
08-13 17:49:25.230 13846 13899 D cellinfo: 46 bytes from 54.197.223.49: icmp_seq=6732 ttl=36 time=195 ms
08-13 17:49:25.349 13846 13899 D cellinfo: 46 bytes from 54.197.223.49: icmp_seq=6733 ttl=36 time=114 ms
08-13 17:49:25.549 13846 13899 D cellinfo: 46 bytes from 54.197.223.49: icmp_seq=6734 ttl=36 time=114 ms
08-13 17:49:25.756 13846 13899 D cellinfo: 46 bytes from 54.197.223.49: icmp_seq=6735 ttl=36 time=119 ms
08-13 17:49:25.948 13846 13899 D cellinfo: 46 bytes from 54.197.223.49: icmp_seq=6736 ttl=36 time=111 ms
08-13 17:49:26.166 13846 13899 D cellinfo: 46 bytes from 54.197.223.49: icmp_seq=6737 ttl=36 time=128 ms
08-13 17:49:26.331 13846 13899 D cellinfo: 46 bytes from 54.197.223.49: icmp_seq=6738 ttl=36 time=92.3 ms
08-13 17:49:26.549 13846 13899 D cellinfo: 46 bytes from 54.197.223.49: icmp_seq=6739 ttl=36 time=109 ms
08-13 17:49:26.749 13846 13899 D cellinfo: 46 bytes from 54.197.223.49: icmp_seq=6740 ttl=36 time=107 ms
08-13 17:49:26.949 13846 13899 D cellinfo: 46 bytes from 54.197.223.49: icmp_seq=6741 ttl=36 time=107 ms
08-13 17:49:27.149 13846 13899 D cellinfo: 46 bytes from 54.197.223.49: icmp_seq=6742 ttl=36 time=106 ms
08-13 17:49:27.201 13846 13846 D cellinfo: Latitude is 40.1921955
08-13 17:49:27.201 13846 13846 D cellinfo: Longitude is -86.5692089
08-13 17:49:27.201 13846 13846 D cellinfo: Instantaneous GPS information: United States, 3261 W Co Rd 650 S, Frankfort, IN 46041, USA
08-13 17:49:27.201 13846 13846 D cellinfo: getCurrentLocation() result: Location (success): 40.1921955, -86.5692089
08-13 17:49:27.265 13846 13846 D cellinfo: onCellInfoChanged: Operator:  UpdateTimestamp: 251243581 CellConnectionStatus: 1
08-13 17:49:27.265 13846 13846 D cellinfo: onCellInfoChanged: 5G-NR Cell Bands: [] ARFCN: 528000 Cell ID: 9223372036854775807 Physical Cell ID: 450 Tracking Area Code: 16777215
08-13 17:49:27.487 13846 13899 D cellinfo: 46 bytes from 54.197.223.49: icmp_seq=6743 ttl=36 time=244 ms
08-13 17:49:27.797 13846 13899 D cellinfo: 46 bytes from 54.197.223.49: icmp_seq=6744 ttl=36 time=350 ms
08-13 17:49:27.798 13846 13899 D cellinfo: 46 bytes from 54.197.223.49: icmp_seq=6745 ttl=36 time=150 ms
08-13 17:49:27.960 13846 13899 D cellinfo: 46 bytes from 54.197.223.49: icmp_seq=6746 ttl=36 time=112 ms
08-13 17:49:28.149 13846 13899 D cellinfo: 46 bytes from 54.197.223.49: icmp_seq=6747 ttl=36 time=100 ms
08-13 17:49:28.349 13846 13899 D cellinfo: 46 bytes from 54.197.223.49: icmp_seq=6748 ttl=36 time=100 ms
08-13 17:49:28.550 13846 13899 D cellinfo: 46 bytes from 54.197.223.49: icmp_seq=6749 ttl=36 time=99.2 ms
08-13 17:49:28.749 13846 13899 D cellinfo: 46 bytes from 54.197.223.49: icmp_seq=6750 ttl=36 time=97.7 ms
08-13 17:49:29.071 13846 13899 D cellinfo: 46 bytes from 54.197.223.49: icmp_seq=6751 ttl=36 time=218 ms
08-13 17:49:29.150 13846 13899 D cellinfo: 46 bytes from 54.197.223.49: icmp_seq=6752 ttl=36 time=95.4 ms
08-13 17:49:29.349 13846 13899 D cellinfo: 46 bytes from 54.197.223.49: icmp_seq=6753 ttl=36 time=94.4 ms
08-13 17:49:29.549 13846 13899 D cellinfo: 46 bytes from 54.197.223.49: icmp_seq=6754 ttl=36 time=93.0 ms
08-13 17:49:29.750 13846 13899 D cellinfo: 46 bytes from 54.197.223.49: icmp_seq=6755 ttl=36 time=92.7 ms
08-13 17:49:29.821 13846 13846 D cellinfo: onsignalStrengthsChanged: LTE Signal Strength info: rsrp: -97 rsrq: -6 rssi: -77 rssnr: 1
08-13 17:49:29.821 13846 13846 D cellinfo: onsignalStrengthsChanged: 5G-NR Signal Strength info: ssrsrp: -93 ssrsrq: -10 sssinr: 15
08-13 17:49:29.956 13846 13899 D cellinfo: 46 bytes from 54.197.223.49: icmp_seq=6756 ttl=36 time=97.9 ms
08-13 17:49:30.151 13846 13899 D cellinfo: 46 bytes from 54.197.223.49: icmp_seq=6757 ttl=36 time=91.5 ms
08-13 17:49:30.240 13846 13846 D cellinfo: onCellInfoChanged: Operator:  UpdateTimestamp: 251246556 CellConnectionStatus: 1
08-13 17:49:30.240 13846 13846 D cellinfo: onCellInfoChanged: 5G-NR Cell Bands: [] ARFCN: 528000 Cell ID: 9223372036854775807 Physical Cell ID: 450 Tracking Area Code: 16777215
08-13 17:49:30.349 13846 13899 D cellinfo: 46 bytes from 54.197.223.49: icmp_seq=6758 ttl=36 time=89.9 ms
08-13 17:49:30.549 13846 13899 D cellinfo: 46 bytes from 54.197.223.49: icmp_seq=6759 ttl=36 time=89.3 ms
08-13 17:49:30.790 13846 13899 D cellinfo: 46 bytes from 54.197.223.49: icmp_seq=6760 ttl=36 time=129 ms
08-13 17:49:30.950 13846 13899 D cellinfo: 46 bytes from 54.197.223.49: icmp_seq=6761 ttl=36 time=88.4 ms
08-13 17:49:31.162 13846 13899 D cellinfo: 46 bytes from 54.197.223.49: icmp_seq=6762 ttl=36 time=99.2 ms
08-13 17:49:31.362 13846 13899 D cellinfo: 46 bytes from 54.197.223.49: icmp_seq=6763 ttl=36 time=97.8 ms
08-13 17:49:31.550 13846 13899 D cellinfo: 46 bytes from 54.197.223.49: icmp_seq=6764 ttl=36 time=84.3 ms
08-13 17:49:31.555 13846 13846 D cellinfo: Latitude is 40.1890096
08-13 17:49:31.555 13846 13846 D cellinfo: Longitude is -86.5662543
08-13 17:49:31.555 13846 13846 D cellinfo: Instantaneous GPS information: United States, I-65, Frankfort, IN 46041, USA
08-13 17:49:31.555 13846 13846 D cellinfo: getCurrentLocation() result: Location (success): 40.1890096, -86.5662543
08-13 17:49:31.750 13846 13899 D cellinfo: 46 bytes from 54.197.223.49: icmp_seq=6765 ttl=36 time=82.6 ms
08-13 17:49:31.950 13846 13899 D cellinfo: 46 bytes from 54.197.223.49: icmp_seq=6766 ttl=36 time=82.3 ms
08-13 17:49:32.189 13846 13899 D cellinfo: 46 bytes from 54.197.223.49: icmp_seq=6767 ttl=36 time=120 ms
08-13 17:49:32.389 13846 13899 D cellinfo: 46 bytes from 54.197.223.49: icmp_seq=6768 ttl=36 time=119 ms
08-13 17:49:32.559 13846 13899 D cellinfo: 46 bytes from 54.197.223.49: icmp_seq=6769 ttl=36 time=87.9 ms
08-13 17:49:32.791 13846 13899 D cellinfo: 46 bytes from 54.197.223.49: icmp_seq=6770 ttl=36 time=118 ms
08-13 17:49:32.991 13846 13899 D cellinfo: 46 bytes from 54.197.223.49: icmp_seq=6771 ttl=36 time=117 ms
08-13 17:49:33.190 13846 13899 D cellinfo: 46 bytes from 54.197.223.49: icmp_seq=6772 ttl=36 time=116 ms
08-13 17:49:33.212 13846 13846 D cellinfo: Latitude is 40.1890096
08-13 17:49:33.212 13846 13846 D cellinfo: Longitude is -86.5662543
08-13 17:49:33.212 13846 13846 D cellinfo: Instantaneous GPS information: United States, I-65, Frankfort, IN 46041, USA
08-13 17:49:33.212 13846 13846 D cellinfo: getCurrentLocation() result: Location (success): 40.1890096, -86.5662543
08-13 17:49:33.261 13846 13846 D cellinfo: onCellInfoChanged: Operator:  UpdateTimestamp: 251249577 CellConnectionStatus: 1
08-13 17:49:33.261 13846 13846 D cellinfo: onCellInfoChanged: 5G-NR Cell Bands: [] ARFCN: 528000 Cell ID: 9223372036854775807 Physical Cell ID: 450 Tracking Area Code: 16777215
08-13 17:49:33.396 13846 13899 D cellinfo: 46 bytes from 54.197.223.49: icmp_seq=6773 ttl=36 time=122 ms
08-13 17:49:33.557 13846 13899 D cellinfo: 46 bytes from 54.197.223.49: icmp_seq=6774 ttl=36 time=82.6 ms
08-13 17:49:33.789 13846 13899 D cellinfo: 46 bytes from 54.197.223.49: icmp_seq=6775 ttl=36 time=113 ms
08-13 17:49:33.989 13846 13899 D cellinfo: 46 bytes from 54.197.223.49: icmp_seq=6776 ttl=36 time=112 ms
08-13 17:49:34.190 13846 13899 D cellinfo: 46 bytes from 54.197.223.49: icmp_seq=6777 ttl=36 time=113 ms
08-13 17:49:34.397 13846 13899 D cellinfo: 46 bytes from 54.197.223.49: icmp_seq=6778 ttl=36 time=118 ms
08-13 17:49:34.589 13846 13899 D cellinfo: 46 bytes from 54.197.223.49: icmp_seq=6779 ttl=36 time=110 ms
08-13 17:49:34.790 13846 13899 D cellinfo: 46 bytes from 54.197.223.49: icmp_seq=6780 ttl=36 time=110 ms
08-13 17:49:34.989 13846 13899 D cellinfo: 46 bytes from 54.197.223.49: icmp_seq=6781 ttl=36 time=107 ms
08-13 17:49:35.190 13846 13899 D cellinfo: 46 bytes from 54.197.223.49: icmp_seq=6782 ttl=36 time=107 ms
08-13 17:49:35.389 13846 13899 D cellinfo: 46 bytes from 54.197.223.49: icmp_seq=6783 ttl=36 time=107 ms
08-13 17:49:35.590 13846 13899 D cellinfo: 46 bytes from 54.197.223.49: icmp_seq=6784 ttl=36 time=105 ms
08-13 17:49:35.789 13846 13899 D cellinfo: 46 bytes from 54.197.223.49: icmp_seq=6785 ttl=36 time=104 ms
08-13 17:49:35.989 13846 13899 D cellinfo: 46 bytes from 54.197.223.49: icmp_seq=6786 ttl=36 time=104 ms
08-13 17:49:36.189 13846 13899 D cellinfo: 46 bytes from 54.197.223.49: icmp_seq=6787 ttl=36 time=103 ms
08-13 17:49:36.208 13846 13846 D cellinfo: Latitude is 40.1890096
08-13 17:49:36.208 13846 13846 D cellinfo: Longitude is -86.5662543
08-13 17:49:36.208 13846 13846 D cellinfo: Instantaneous GPS information: United States, I-65, Frankfort, IN 46041, USA
08-13 17:49:36.208 13846 13846 D cellinfo: getCurrentLocation() result: Location (success): 40.1890096, -86.5662543
08-13 17:49:36.233 13846 13846 D cellinfo: onCellInfoChanged: Operator:  UpdateTimestamp: 251252548 CellConnectionStatus: 1
08-13 17:49:36.233 13846 13846 D cellinfo: onCellInfoChanged: 5G-NR Cell Bands: [] ARFCN: 528000 Cell ID: 9223372036854775807 Physical Cell ID: 450 Tracking Area Code: 16777215
08-13 17:49:36.389 13846 13899 D cellinfo: 46 bytes from 54.197.223.49: icmp_seq=6788 ttl=36 time=102 ms
08-13 17:49:36.589 13846 13899 D cellinfo: 46 bytes from 54.197.223.49: icmp_seq=6789 ttl=36 time=101 ms
08-13 17:49:36.790 13846 13899 D cellinfo: 46 bytes from 54.197.223.49: icmp_seq=6790 ttl=36 time=100 ms
08-13 17:49:36.997 13846 13899 D cellinfo: 46 bytes from 54.197.223.49: icmp_seq=6791 ttl=36 time=106 ms
08-13 17:49:37.357 13846 13899 D cellinfo: 46 bytes from 54.197.223.49: icmp_seq=6792 ttl=36 time=265 ms
08-13 17:49:37.389 13846 13899 D cellinfo: 46 bytes from 54.197.223.49: icmp_seq=6793 ttl=36 time=94.8 ms
08-13 17:49:37.630 13846 13899 D cellinfo: 46 bytes from 54.197.223.49: icmp_seq=6794 ttl=36 time=134 ms
08-13 17:49:37.829 13846 13899 D cellinfo: 46 bytes from 54.197.223.49: icmp_seq=6795 ttl=36 time=133 ms
08-13 17:49:37.989 13846 13899 D cellinfo: 46 bytes from 54.197.223.49: icmp_seq=6796 ttl=36 time=91.8 ms
08-13 17:49:38.065 13846 13846 D cellinfo: onsignalStrengthsChanged: LTE Signal Strength info: rsrp: -100 rsrq: -7 rssi: -79 rssnr: 9
08-13 17:49:38.066 13846 13846 D cellinfo: onsignalStrengthsChanged: 5G-NR Signal Strength info: ssrsrp: -94 ssrsrq: -10 sssinr: 19
08-13 17:49:38.194 13846 13899 D cellinfo: 46 bytes from 54.197.223.49: icmp_seq=6797 ttl=36 time=96.9 ms
08-13 17:49:38.390 13846 13899 D cellinfo: 46 bytes from 54.197.223.49: icmp_seq=6798 ttl=36 time=90.9 ms
08-13 17:49:38.630 13846 13899 D cellinfo: 46 bytes from 54.197.223.49: icmp_seq=6799 ttl=36 time=130 ms
08-13 17:49:38.831 13846 13899 D cellinfo: 46 bytes from 54.197.223.49: icmp_seq=6800 ttl=36 time=129 ms
08-13 17:49:38.989 13846 13899 D cellinfo: 46 bytes from 54.197.223.49: icmp_seq=6801 ttl=36 time=88.1 ms
08-13 17:49:39.196 13846 13899 D cellinfo: 46 bytes from 54.197.223.49: icmp_seq=6802 ttl=36 time=93.9 ms
08-13 17:49:39.208 13846 13846 D cellinfo: Latitude is 40.1890096
08-13 17:49:39.208 13846 13846 D cellinfo: Longitude is -86.5662543
08-13 17:49:39.208 13846 13846 D cellinfo: Instantaneous GPS information: United States, I-65, Frankfort, IN 46041, USA
08-13 17:49:39.208 13846 13846 D cellinfo: getCurrentLocation() result: Location (success): 40.1890096, -86.5662543
08-13 17:49:39.256 13846 13846 D cellinfo: onCellInfoChanged: Operator:  UpdateTimestamp: 251255571 CellConnectionStatus: 1
08-13 17:49:39.256 13846 13846 D cellinfo: onCellInfoChanged: 5G-NR Cell Bands: [] ARFCN: 528000 Cell ID: 9223372036854775807 Physical Cell ID: 450 Tracking Area Code: 16777215
08-13 17:49:39.397 13846 13899 D cellinfo: 46 bytes from 54.197.223.49: icmp_seq=6803 ttl=36 time=94.0 ms
08-13 17:49:39.630 13846 13899 D cellinfo: 46 bytes from 54.197.223.49: icmp_seq=6804 ttl=36 time=125 ms
08-13 17:49:39.789 13846 13899 D cellinfo: 46 bytes from 54.197.223.49: icmp_seq=6805 ttl=36 time=85.2 ms
08-13 17:49:39.989 13846 13899 D cellinfo: 46 bytes from 54.197.223.49: icmp_seq=6806 ttl=36 time=84.0 ms
08-13 17:49:40.246 13846 13899 D cellinfo: 46 bytes from 54.197.223.49: icmp_seq=6807 ttl=36 time=140 ms
08-13 17:49:40.509 13846 13899 D cellinfo: 46 bytes from 54.197.223.49: icmp_seq=6808 ttl=36 time=201 ms
08-13 17:49:40.597 13846 13899 D cellinfo: 46 bytes from 54.197.223.49: icmp_seq=6809 ttl=36 time=87.3 ms
08-13 17:49:40.831 13846 13899 D cellinfo: 46 bytes from 54.197.223.49: icmp_seq=6810 ttl=36 time=119 ms
08-13 17:49:41.032 13846 13899 D cellinfo: 46 bytes from 54.197.223.49: icmp_seq=6811 ttl=36 time=119 ms
08-13 17:49:41.232 13846 13899 D cellinfo: 46 bytes from 54.197.223.49: icmp_seq=6812 ttl=36 time=120 ms
08-13 17:49:41.398 13846 13899 D cellinfo: 46 bytes from 54.197.223.49: icmp_seq=6813 ttl=36 time=85.1 ms
08-13 17:49:41.630 13846 13899 D cellinfo: 46 bytes from 54.197.223.49: icmp_seq=6814 ttl=36 time=116 ms
08-13 17:49:41.831 13846 13899 D cellinfo: 46 bytes from 54.197.223.49: icmp_seq=6815 ttl=36 time=116 ms
08-13 17:49:42.030 13846 13899 D cellinfo: 46 bytes from 54.197.223.49: icmp_seq=6816 ttl=36 time=114 ms
08-13 17:49:42.232 13846 13899 D cellinfo: 46 bytes from 54.197.223.49: icmp_seq=6817 ttl=36 time=116 ms
08-13 17:49:42.257 13846 13846 D cellinfo: onCellInfoChanged: Operator:  UpdateTimestamp: 251258573 CellConnectionStatus: 1
08-13 17:49:42.258 13846 13846 D cellinfo: onCellInfoChanged: 5G-NR Cell Bands: [] ARFCN: 528000 Cell ID: 9223372036854775807 Physical Cell ID: 450 Tracking Area Code: 16777215
08-13 17:49:42.435 13846 13899 D cellinfo: 46 bytes from 54.197.223.49: icmp_seq=6818 ttl=36 time=119 ms
08-13 17:49:42.635 13846 13899 D cellinfo: 46 bytes from 54.197.223.49: icmp_seq=6819 ttl=36 time=118 ms
08-13 17:49:42.830 13846 13899 D cellinfo: 46 bytes from 54.197.223.49: icmp_seq=6820 ttl=36 time=111 ms
08-13 17:49:43.028 13846 13899 D cellinfo: 46 bytes from 54.197.223.49: icmp_seq=6821 ttl=36 time=110 ms
08-13 17:49:43.208 13846 13899 D cellinfo: 46 bytes from 54.197.223.49: icmp_seq=6822 ttl=36 time=88.2 ms
08-13 17:49:43.430 13846 13899 D cellinfo: 46 bytes from 54.197.223.49: icmp_seq=6823 ttl=36 time=109 ms
08-13 17:49:43.513 13846 13846 D cellinfo: Latitude is 40.185853
08-13 17:49:43.514 13846 13846 D cellinfo: Longitude is -86.5633158
08-13 17:49:43.514 13846 13846 D cellinfo: Instantaneous GPS information: United States, I-65, Frankfort, IN 46041, USA
08-13 17:49:43.514 13846 13846 D cellinfo: getCurrentLocation() result: Location (success): 40.185853, -86.5633158
08-13 17:49:43.629 13846 13899 D cellinfo: 46 bytes from 54.197.223.49: icmp_seq=6824 ttl=36 time=107 ms
08-13 17:49:43.835 13846 13899 D cellinfo: 46 bytes from 54.197.223.49: icmp_seq=6825 ttl=36 time=113 ms
08-13 17:49:44.070 13846 13899 D cellinfo: 46 bytes from 54.197.223.49: icmp_seq=6826 ttl=36 time=147 ms
08-13 17:49:44.229 13846 13899 D cellinfo: 46 bytes from 54.197.223.49: icmp_seq=6827 ttl=36 time=107 ms
08-13 17:49:44.430 13846 13899 D cellinfo: 46 bytes from 54.197.223.49: icmp_seq=6828 ttl=36 time=107 ms
08-13 17:49:44.638 13846 13899 D cellinfo: 46 bytes from 54.197.223.49: icmp_seq=6829 ttl=36 time=113 ms
08-13 17:49:44.830 13846 13899 D cellinfo: 46 bytes from 54.197.223.49: icmp_seq=6830 ttl=36 time=104 ms
08-13 17:49:45.029 13846 13899 D cellinfo: 46 bytes from 54.197.223.49: icmp_seq=6831 ttl=36 time=103 ms
08-13 17:49:45.207 13846 13846 D cellinfo: Latitude is 40.185853
08-13 17:49:45.207 13846 13846 D cellinfo: Longitude is -86.5633158
08-13 17:49:45.207 13846 13846 D cellinfo: Instantaneous GPS information: United States, I-65, Frankfort, IN 46041, USA
08-13 17:49:45.207 13846 13846 D cellinfo: getCurrentLocation() result: Location (success): 40.185853, -86.5633158
08-13 17:49:45.232 13846 13899 D cellinfo: 46 bytes from 54.197.223.49: icmp_seq=6832 ttl=36 time=106 ms
08-13 17:49:45.252 13846 13846 D cellinfo: onCellInfoChanged: Operator:  UpdateTimestamp: 251261569 CellConnectionStatus: 1
08-13 17:49:45.253 13846 13846 D cellinfo: onCellInfoChanged: 5G-NR Cell Bands: [] ARFCN: 528000 Cell ID: 9223372036854775807 Physical Cell ID: 450 Tracking Area Code: 16777215
08-13 17:49:45.436 13846 13899 D cellinfo: 46 bytes from 54.197.223.49: icmp_seq=6833 ttl=36 time=109 ms
08-13 17:49:45.636 13846 13899 D cellinfo: 46 bytes from 54.197.223.49: icmp_seq=6834 ttl=36 time=109 ms
08-13 17:49:45.830 13846 13899 D cellinfo: 46 bytes from 54.197.223.49: icmp_seq=6835 ttl=36 time=101 ms
08-13 17:49:46.036 13846 13899 D cellinfo: 46 bytes from 54.197.223.49: icmp_seq=6836 ttl=36 time=106 ms
08-13 17:49:46.230 13846 13899 D cellinfo: 46 bytes from 54.197.223.49: icmp_seq=6837 ttl=36 time=100 ms
08-13 17:49:46.430 13846 13899 D cellinfo: 46 bytes from 54.197.223.49: icmp_seq=6838 ttl=36 time=100 ms
08-13 17:49:46.630 13846 13899 D cellinfo: 46 bytes from 54.197.223.49: icmp_seq=6839 ttl=36 time=99.4 ms
08-13 17:49:46.829 13846 13899 D cellinfo: 46 bytes from 54.197.223.49: icmp_seq=6840 ttl=36 time=97.7 ms
08-13 17:49:47.069 13846 13899 D cellinfo: 46 bytes from 54.197.223.49: icmp_seq=6841 ttl=36 time=137 ms
08-13 17:49:47.234 13846 13899 D cellinfo: 46 bytes from 54.197.223.49: icmp_seq=6842 ttl=36 time=102 ms
08-13 17:49:47.437 13846 13899 D cellinfo: 46 bytes from 54.197.223.49: icmp_seq=6843 ttl=36 time=103 ms
08-13 17:49:47.636 13846 13899 D cellinfo: 46 bytes from 54.197.223.49: icmp_seq=6844 ttl=36 time=101 ms
08-13 17:49:47.996 13846 13899 D cellinfo: 46 bytes from 54.197.223.49: icmp_seq=6845 ttl=36 time=261 ms
08-13 17:49:48.035 13846 13899 D cellinfo: 46 bytes from 54.197.223.49: icmp_seq=6846 ttl=36 time=96.5 ms
08-13 17:49:48.204 13846 13846 D cellinfo: Latitude is 40.185853
08-13 17:49:48.204 13846 13846 D cellinfo: Longitude is -86.5633158
08-13 17:49:48.204 13846 13846 D cellinfo: Instantaneous GPS information: United States, I-65, Frankfort, IN 46041, USA
08-13 17:49:48.204 13846 13846 D cellinfo: getCurrentLocation() result: Location (success): 40.185853, -86.5633158
08-13 17:49:48.236 13846 13899 D cellinfo: 46 bytes from 54.197.223.49: icmp_seq=6847 ttl=36 time=98.6 ms
08-13 17:49:48.258 13846 13846 D cellinfo: onCellInfoChanged: Operator:  UpdateTimestamp: 251264572 CellConnectionStatus: 1
08-13 17:49:48.258 13846 13846 D cellinfo: onCellInfoChanged: 5G-NR Cell Bands: [] ARFCN: 528000 Cell ID: 9223372036854775807 Physical Cell ID: 450 Tracking Area Code: 16777215
08-13 17:49:48.430 13846 13899 D cellinfo: 46 bytes from 54.197.223.49: icmp_seq=6848 ttl=36 time=90.9 ms
08-13 17:49:48.630 13846 13899 D cellinfo: 46 bytes from 54.197.223.49: icmp_seq=6849 ttl=36 time=89.9 ms
08-13 17:49:48.829 13846 13899 D cellinfo: 46 bytes from 54.197.223.49: icmp_seq=6850 ttl=36 time=89.0 ms
08-13 17:49:49.035 13846 13899 D cellinfo: 46 bytes from 54.197.223.49: icmp_seq=6851 ttl=36 time=93.7 ms
08-13 17:49:49.238 13846 13899 D cellinfo: 46 bytes from 54.197.223.49: icmp_seq=6852 ttl=36 time=97.0 ms
08-13 17:49:49.431 13846 13899 D cellinfo: 46 bytes from 54.197.223.49: icmp_seq=6853 ttl=36 time=89.1 ms
08-13 17:49:49.630 13846 13899 D cellinfo: 46 bytes from 54.197.223.49: icmp_seq=6854 ttl=36 time=86.7 ms
08-13 17:49:49.994 13846 13846 D cellinfo: onServiceStateChanged: Channel Number: 67011 Cell Bandwidths: [5000]
08-13 17:49:50.113 13846 13899 D cellinfo: 46 bytes from 54.197.223.49: icmp_seq=6854 ttl=36 time=569 ms (DUP!)
08-13 17:49:50.113 13846 13899 D cellinfo: 46 bytes from 54.197.223.49: icmp_seq=6854 ttl=36 time=569 ms (DUP!)
08-13 17:49:50.185 13846 13899 D cellinfo: 46 bytes from 54.197.223.49: icmp_seq=6855 ttl=36 time=441 ms
08-13 17:49:50.186 13846 13899 D cellinfo: 46 bytes from 54.197.223.49: icmp_seq=6856 ttl=36 time=239 ms
08-13 17:49:50.580 13846 13899 D cellinfo: 46 bytes from 54.197.223.49: icmp_seq=6857 ttl=36 time=433 ms
08-13 17:49:50.580 13846 13899 D cellinfo: 46 bytes from 54.197.223.49: icmp_seq=6858 ttl=36 time=233 ms
08-13 17:49:50.630 13846 13899 D cellinfo: 46 bytes from 54.197.223.49: icmp_seq=6859 ttl=36 time=79.1 ms
08-13 17:49:51.105 13846 13899 D cellinfo: 46 bytes from 54.197.223.49: icmp_seq=6860 ttl=36 time=353 ms
08-13 17:49:51.204 13846 13846 D cellinfo: Latitude is 40.185853
08-13 17:49:51.204 13846 13846 D cellinfo: Longitude is -86.5633158
08-13 17:49:51.204 13846 13846 D cellinfo: Instantaneous GPS information: United States, I-65, Frankfort, IN 46041, USA
