--------- beginning of main
08-13 15:29:37.556  1045  1045 D cellinfo: Country == United States
08-13 15:29:37.556  1045  1045 D cellinfo: City == Brookston
08-13 15:29:37.557  1045  1045 D cellinfo: GPS Info == I-65, Brookston, IN 47923, USA
08-13 15:29:37.557  1045  1045 D cellinfo: Network Operator == AT&T
08-13 15:29:37.557  1045  1045 D cellinfo: User movement == Static
08-13 15:29:37.557  1045  1045 D cellinfo: isEastCoast == true
08-13 15:29:37.557  1045  1045 D cellinfo: isWestCoast == false
08-13 15:29:37.557  1045  1045 D cellinfo: isBoston == false
08-13 15:29:37.557  1045  1045 D cellinfo: All GPS info fetched. Saving city and country info
08-13 15:29:37.558  1045  1758 D cellinfo: Timestamp: 1660418977
08-13 15:29:38.059  1045  1759 D cellinfo: Logging started
08-13 15:29:38.064  1045  1045 D cellinfo: onServiceStateChanged: Channel Number: 850 Cell Bandwidths: [20000, 10000, 10000, 5000, 10000]
08-13 15:29:38.065  1045  1045 D cellinfo: onsignalStrengthsChanged: LTE Signal Strength info: rsrp: -80 rsrq: -9 rssi: -51 rssnr: 22
08-13 15:29:38.065  1045  1045 D cellinfo: onCellInfoChanged: Operator: AT&T UpdateTimestamp: 78098700 CellConnectionStatus: 0
08-13 15:29:38.065  1045  1045 D cellinfo: onCellInfoChanged: LTE Cell Bands: [2] Bandwidth: 2147483647 Cell ID: 49417994 Physical Cell ID: 173 Tracking Area Code: 19980 EARFCN: 850
08-13 15:29:38.068  1045  1045 D cellinfo: onDisplayInfoChanged: NetworkType: LTE OverrideNetworkType: 5G (Sub-6 GHz)
08-13 15:29:38.563  1045  1758 D cellinfo: Ping command fired: /system/bin/ping -i 0.2 -s 38 54.197.223.49
08-13 15:29:38.672  1045  1758 D cellinfo: PING 54.197.223.49 (54.197.223.49) 38(66) bytes of data.
08-13 15:29:38.672  1045  1758 D cellinfo: 46 bytes from 54.197.223.49: icmp_seq=1 ttl=41 time=98.6 ms
08-13 15:29:38.858  1045  1758 D cellinfo: 46 bytes from 54.197.223.49: icmp_seq=2 ttl=41 time=83.8 ms
08-13 15:29:39.058  1045  1758 D cellinfo: 46 bytes from 54.197.223.49: icmp_seq=3 ttl=41 time=83.5 ms
08-13 15:29:39.245  1045  1758 D cellinfo: 46 bytes from 54.197.223.49: icmp_seq=4 ttl=41 time=70.2 ms
08-13 15:29:39.458  1045  1758 D cellinfo: 46 bytes from 54.197.223.49: icmp_seq=5 ttl=41 time=81.5 ms
08-13 15:29:39.655  1045  1758 D cellinfo: 46 bytes from 54.197.223.49: icmp_seq=6 ttl=41 time=76.4 ms
08-13 15:29:39.859  1045  1758 D cellinfo: 46 bytes from 54.197.223.49: icmp_seq=7 ttl=41 time=80.9 ms
08-13 15:29:40.055  1045  1758 D cellinfo: 46 bytes from 54.197.223.49: icmp_seq=8 ttl=41 time=76.2 ms
08-13 15:29:40.261  1045  1758 D cellinfo: 46 bytes from 54.197.223.49: icmp_seq=9 ttl=41 time=81.2 ms
08-13 15:29:40.453  1045  1758 D cellinfo: 46 bytes from 54.197.223.49: icmp_seq=10 ttl=41 time=71.2 ms
08-13 15:29:40.602  1045  1045 D cellinfo: Latitude is 40.5468588
08-13 15:29:40.602  1045  1045 D cellinfo: Longitude is -86.9229135
08-13 15:29:40.602  1045  1045 D cellinfo: Instantaneous GPS information: United States, I-65, West Lafayette, IN 47906, USA
08-13 15:29:40.602  1045  1045 D cellinfo: getCurrentLocation() result: Location (success): 40.5468588, -86.9229135
08-13 15:29:40.624  1045  1045 D cellinfo: Latitude is 40.5468588
08-13 15:29:40.624  1045  1045 D cellinfo: Longitude is -86.9229135
08-13 15:29:40.624  1045  1045 D cellinfo: Instantaneous GPS information: United States, I-65, West Lafayette, IN 47906, USA
08-13 15:29:40.624  1045  1045 D cellinfo: getCurrentLocation() result: Location (success): 40.5468588, -86.9229135
08-13 15:29:40.658  1045  1758 D cellinfo: 46 bytes from 54.197.223.49: icmp_seq=11 ttl=41 time=76.7 ms
08-13 15:29:40.863  1045  1758 D cellinfo: 46 bytes from 54.197.223.49: icmp_seq=12 ttl=41 time=81.5 ms
08-13 15:29:41.072  1045  1758 D cellinfo: 46 bytes from 54.197.223.49: icmp_seq=13 ttl=41 time=89.7 ms
08-13 15:29:41.272  1045  1758 D cellinfo: 46 bytes from 54.197.223.49: icmp_seq=14 ttl=41 time=88.3 ms
08-13 15:29:41.472  1045  1758 D cellinfo: 46 bytes from 54.197.223.49: icmp_seq=15 ttl=41 time=87.4 ms
08-13 15:29:41.514  1045  1045 D cellinfo: onsignalStrengthsChanged: LTE Signal Strength info: rsrp: -79 rsrq: -9 rssi: -51 rssnr: 24
08-13 15:29:41.672  1045  1758 D cellinfo: 46 bytes from 54.197.223.49: icmp_seq=16 ttl=41 time=86.5 ms
08-13 15:29:41.874  1045  1758 D cellinfo: 46 bytes from 54.197.223.49: icmp_seq=17 ttl=41 time=87.0 ms
08-13 15:29:42.064  1045  1758 D cellinfo: 46 bytes from 54.197.223.49: icmp_seq=18 ttl=41 time=75.9 ms
08-13 15:29:42.274  1045  1758 D cellinfo: 46 bytes from 54.197.223.49: icmp_seq=19 ttl=41 time=86.7 ms
08-13 15:29:42.475  1045  1758 D cellinfo: 46 bytes from 54.197.223.49: icmp_seq=20 ttl=41 time=86.4 ms
08-13 15:29:42.633  1045  1045 D cellinfo: onCellInfoChanged: Operator: AT&T UpdateTimestamp: 78103698 CellConnectionStatus: 0
08-13 15:29:42.633  1045  1045 D cellinfo: onCellInfoChanged: LTE Cell Bands: [2] Bandwidth: 2147483647 Cell ID: 49417994 Physical Cell ID: 173 Tracking Area Code: 19980 EARFCN: 850
08-13 15:29:42.673  1045  1758 D cellinfo: 46 bytes from 54.197.223.49: icmp_seq=21 ttl=41 time=84.2 ms
08-13 15:29:42.866  1045  1758 D cellinfo: 46 bytes from 54.197.223.49: icmp_seq=22 ttl=41 time=75.7 ms
08-13 15:29:43.074  1045  1758 D cellinfo: 46 bytes from 54.197.223.49: icmp_seq=23 ttl=41 time=83.7 ms
08-13 15:29:43.108  1045  1045 D cellinfo: Latitude is 40.5468588
08-13 15:29:43.108  1045  1045 D cellinfo: Longitude is -86.9229135
08-13 15:29:43.108  1045  1045 D cellinfo: Instantaneous GPS information: United States, I-65, West Lafayette, IN 47906, USA
08-13 15:29:43.108  1045  1045 D cellinfo: getCurrentLocation() result: Location (success): 40.5468588, -86.9229135
08-13 15:29:43.282  1045  1758 D cellinfo: 46 bytes from 54.197.223.49: icmp_seq=24 ttl=41 time=91.7 ms
08-13 15:29:43.474  1045  1758 D cellinfo: 46 bytes from 54.197.223.49: icmp_seq=25 ttl=41 time=83.9 ms
08-13 15:29:43.674  1045  1758 D cellinfo: 46 bytes from 54.197.223.49: icmp_seq=26 ttl=41 time=83.1 ms
08-13 15:29:43.874  1045  1758 D cellinfo: 46 bytes from 54.197.223.49: icmp_seq=27 ttl=41 time=81.1 ms
08-13 15:29:44.075  1045  1758 D cellinfo: 46 bytes from 54.197.223.49: icmp_seq=28 ttl=41 time=80.8 ms
08-13 15:29:44.274  1045  1758 D cellinfo: 46 bytes from 54.197.223.49: icmp_seq=29 ttl=41 time=81.1 ms
08-13 15:29:44.473  1045  1758 D cellinfo: 46 bytes from 54.197.223.49: icmp_seq=30 ttl=41 time=80.7 ms
08-13 15:29:44.674  1045  1758 D cellinfo: 46 bytes from 54.197.223.49: icmp_seq=31 ttl=41 time=80.1 ms
08-13 15:29:44.874  1045  1758 D cellinfo: 46 bytes from 54.197.223.49: icmp_seq=32 ttl=41 time=79.6 ms
08-13 15:29:45.074  1045  1758 D cellinfo: 46 bytes from 54.197.223.49: icmp_seq=33 ttl=41 time=78.1 ms
08-13 15:29:45.273  1045  1758 D cellinfo: 46 bytes from 54.197.223.49: icmp_seq=34 ttl=41 time=78.2 ms
08-13 15:29:45.474  1045  1758 D cellinfo: 46 bytes from 54.197.223.49: icmp_seq=35 ttl=41 time=78.1 ms
08-13 15:29:45.675  1045  1758 D cellinfo: 46 bytes from 54.197.223.49: icmp_seq=36 ttl=41 time=76.3 ms
08-13 15:29:45.884  1045  1045 D cellinfo: onServiceStateChanged: Channel Number: 850 Cell Bandwidths: [20000, 10000, 10000, 5000, 10000]
08-13 15:29:45.937  1045  1758 D cellinfo: 46 bytes from 54.197.223.49: icmp_seq=37 ttl=41 time=139 ms
08-13 15:29:46.112  1045  1045 D cellinfo: Latitude is 40.5468588
08-13 15:29:46.112  1045  1045 D cellinfo: Longitude is -86.9229135
08-13 15:29:46.112  1045  1045 D cellinfo: Instantaneous GPS information: United States, I-65, West Lafayette, IN 47906, USA
08-13 15:29:46.112  1045  1045 D cellinfo: getCurrentLocation() result: Location (success): 40.5468588, -86.9229135
08-13 15:29:46.128  1045  1758 D cellinfo: 46 bytes from 54.197.223.49: icmp_seq=38 ttl=41 time=129 ms
08-13 15:29:46.252  1045  1758 D cellinfo: 46 bytes from 54.197.223.49: icmp_seq=38 ttl=41 time=252 ms (DUP!)
08-13 15:29:46.338  1045  1758 D cellinfo: 46 bytes from 54.197.223.49: icmp_seq=39 ttl=41 time=139 ms
08-13 15:29:46.385  1045  1045 D cellinfo: onServiceStateChanged: Channel Number: 850 Cell Bandwidths: [20000, 10000, 10000, 5000, 10000]
08-13 15:29:46.393  1045  1045 D cellinfo: onDisplayInfoChanged: NetworkType: LTE OverrideNetworkType: 5G (Sub-6 GHz)
08-13 15:29:46.407  1045  1045 D cellinfo: onsignalStrengthsChanged: LTE Signal Strength info: rsrp: -79 rsrq: -9 rssi: -51 rssnr: 24
08-13 15:29:46.415  1045  1045 D cellinfo: onServiceStateChanged: Channel Number: 850 Cell Bandwidths: [20000, 10000, 10000, 5000, 10000]
08-13 15:29:46.415  1045  1045 D cellinfo: onCellInfoChanged: Operator: AT&T UpdateTimestamp: 78107448 CellConnectionStatus: 0
08-13 15:29:46.415  1045  1045 D cellinfo: onCellInfoChanged: LTE Cell Bands: [2] Bandwidth: 2147483647 Cell ID: 49417994 Physical Cell ID: 173 Tracking Area Code: 19980 EARFCN: 850
08-13 15:29:46.472  1045  1758 D cellinfo: 46 bytes from 54.197.223.49: icmp_seq=40 ttl=41 time=72.4 ms
08-13 15:29:46.516  1045  1045 D cellinfo: onServiceStateChanged: Channel Number: 850 Cell Bandwidths: [20000, 10000, 10000, 5000, 10000]
08-13 15:29:46.526  1045  1045 D cellinfo: onDisplayInfoChanged: NetworkType: LTE OverrideNetworkType: 5G (Sub-6 GHz)
08-13 15:29:46.535  1045  1045 D cellinfo: onsignalStrengthsChanged: LTE Signal Strength info: rsrp: -79 rsrq: -9 rssi: -51 rssnr: 24
08-13 15:29:46.546  1045  1045 D cellinfo: onServiceStateChanged: Channel Number: 850 Cell Bandwidths: [20000, 10000, 10000, 5000, 10000]
08-13 15:29:46.546  1045  1045 D cellinfo: onServiceStateChanged: Channel Number: 850 Cell Bandwidths: [20000, 10000, 10000, 5000, 10000]
08-13 15:29:46.681  1045  1758 D cellinfo: 46 bytes from 54.197.223.49: icmp_seq=41 ttl=41 time=78.5 ms
08-13 15:29:46.906  1045  1045 D cellinfo: onServiceStateChanged: Channel Number: 850 Cell Bandwidths: [20000, 10000, 10000, 5000, 10000]
08-13 15:29:46.967  1045  1758 D cellinfo: 46 bytes from 54.197.223.49: icmp_seq=42 ttl=41 time=166 ms
08-13 15:29:47.087  1045  1758 D cellinfo: 46 bytes from 54.197.223.49: icmp_seq=43 ttl=41 time=85.4 ms
08-13 15:29:47.294  1045  1758 D cellinfo: 46 bytes from 54.197.223.49: icmp_seq=44 ttl=41 time=91.4 ms
08-13 15:29:47.321  1045  1045 D cellinfo: onServiceStateChanged: Channel Number: 850 Cell Bandwidths: [20000, 10000, 10000, 5000, 10000]
08-13 15:29:47.326  1045  1045 D cellinfo: onDisplayInfoChanged: NetworkType: LTE OverrideNetworkType: 5G (Sub-6 GHz)
08-13 15:29:47.497  1045  1045 D cellinfo: onsignalStrengthsChanged: LTE Signal Strength info: rsrp: -79 rsrq: -9 rssi: -51 rssnr: 24
08-13 15:29:47.497  1045  1045 D cellinfo: onsignalStrengthsChanged: 5G-NR Signal Strength info: ssrsrp: -105 ssrsrq: -12 sssinr: 2147483647
08-13 15:29:47.499  1045  1758 D cellinfo: 46 bytes from 54.197.223.49: icmp_seq=45 ttl=41 time=95.3 ms
08-13 15:29:47.523  1045  1045 D cellinfo: onServiceStateChanged: Channel Number: 850 Cell Bandwidths: [20000, 10000, 10000, 5000, 10000]
08-13 15:29:47.698  1045  1758 D cellinfo: 46 bytes from 54.197.223.49: icmp_seq=46 ttl=41 time=92.7 ms
08-13 15:29:47.896  1045  1045 D cellinfo: onsignalStrengthsChanged: LTE Signal Strength info: rsrp: -78 rsrq: -9 rssi: -51 rssnr: 24
08-13 15:29:47.896  1045  1045 D cellinfo: onsignalStrengthsChanged: 5G-NR Signal Strength info: ssrsrp: -106 ssrsrq: -12 sssinr: 8
08-13 15:29:47.971  1045  1758 D cellinfo: 46 bytes from 54.197.223.49: icmp_seq=47 ttl=41 time=164 ms
08-13 15:29:48.110  1045  1758 D cellinfo: 46 bytes from 54.197.223.49: icmp_seq=48 ttl=41 time=102 ms
08-13 15:29:48.297  1045  1758 D cellinfo: 46 bytes from 54.197.223.49: icmp_seq=49 ttl=41 time=89.1 ms
08-13 15:29:48.498  1045  1758 D cellinfo: 46 bytes from 54.197.223.49: icmp_seq=50 ttl=41 time=88.1 ms
08-13 15:29:48.788  1045  1758 D cellinfo: 46 bytes from 54.197.223.49: icmp_seq=51 ttl=41 time=179 ms
08-13 15:29:48.896  1045  1045 D cellinfo: onsignalStrengthsChanged: LTE Signal Strength info: rsrp: -78 rsrq: -9 rssi: -51 rssnr: 24
08-13 15:29:48.896  1045  1045 D cellinfo: onsignalStrengthsChanged: 5G-NR Signal Strength info: ssrsrp: -104 ssrsrq: -12 sssinr: 7
08-13 15:29:48.913  1045  1758 D cellinfo: 46 bytes from 54.197.223.49: icmp_seq=52 ttl=41 time=101 ms
08-13 15:29:49.106  1045  1758 D cellinfo: 46 bytes from 54.197.223.49: icmp_seq=53 ttl=41 time=95.1 ms
08-13 15:29:49.122  1045  1045 D cellinfo: Latitude is 40.5468588
08-13 15:29:49.122  1045  1045 D cellinfo: Longitude is -86.9229135
08-13 15:29:49.122  1045  1045 D cellinfo: Instantaneous GPS information: United States, I-65, West Lafayette, IN 47906, USA
08-13 15:29:49.122  1045  1045 D cellinfo: getCurrentLocation() result: Location (success): 40.5468588, -86.9229135
08-13 15:29:49.170  1045  1045 D cellinfo: onCellInfoChanged: Operator: AT&T UpdateTimestamp: 78110236 CellConnectionStatus: 0
08-13 15:29:49.170  1045  1045 D cellinfo: onCellInfoChanged: LTE Cell Bands: [2] Bandwidth: 2147483647 Cell ID: 49417994 Physical Cell ID: 173 Tracking Area Code: 19980 EARFCN: 850
08-13 15:29:49.307  1045  1758 D cellinfo: 46 bytes from 54.197.223.49: icmp_seq=54 ttl=41 time=94.3 ms
08-13 15:29:49.507  1045  1758 D cellinfo: 46 bytes from 54.197.223.49: icmp_seq=55 ttl=41 time=93.8 ms
08-13 15:29:49.707  1045  1758 D cellinfo: 46 bytes from 54.197.223.49: icmp_seq=56 ttl=41 time=93.2 ms
08-13 15:29:49.898  1045  1045 D cellinfo: onsignalStrengthsChanged: LTE Signal Strength info: rsrp: -77 rsrq: -9 rssi: -51 rssnr: 24
08-13 15:29:49.898  1045  1045 D cellinfo: onsignalStrengthsChanged: 5G-NR Signal Strength info: ssrsrp: -107 ssrsrq: -13 sssinr: 6
08-13 15:29:49.907  1045  1758 D cellinfo: 46 bytes from 54.197.223.49: icmp_seq=57 ttl=41 time=92.8 ms
08-13 15:29:50.107  1045  1758 D cellinfo: 46 bytes from 54.197.223.49: icmp_seq=58 ttl=41 time=92.2 ms
08-13 15:29:50.307  1045  1758 D cellinfo: 46 bytes from 54.197.223.49: icmp_seq=59 ttl=41 time=90.6 ms
08-13 15:29:50.506  1045  1758 D cellinfo: 46 bytes from 54.197.223.49: icmp_seq=60 ttl=41 time=89.3 ms
08-13 15:29:50.718  1045  1758 D cellinfo: 46 bytes from 54.197.223.49: icmp_seq=61 ttl=41 time=99.8 ms
08-13 15:29:50.916  1045  1758 D cellinfo: 46 bytes from 54.197.223.49: icmp_seq=62 ttl=41 time=97.0 ms
08-13 15:29:51.116  1045  1758 D cellinfo: 46 bytes from 54.197.223.49: icmp_seq=63 ttl=41 time=96.2 ms
08-13 15:29:51.317  1045  1758 D cellinfo: 46 bytes from 54.197.223.49: icmp_seq=64 ttl=41 time=95.2 ms
08-13 15:29:51.526  1045  1758 D cellinfo: 46 bytes from 54.197.223.49: icmp_seq=65 ttl=41 time=102 ms
08-13 15:29:51.718  1045  1758 D cellinfo: 46 bytes from 54.197.223.49: icmp_seq=66 ttl=41 time=95.4 ms
08-13 15:29:51.926  1045  1758 D cellinfo: 46 bytes from 54.197.223.49: icmp_seq=67 ttl=41 time=100 ms
08-13 15:29:52.124  1045  1758 D cellinfo: 46 bytes from 54.197.223.49: icmp_seq=68 ttl=41 time=98.9 ms
08-13 15:29:52.161  1045  1045 D cellinfo: onCellInfoChanged: Operator: AT&T UpdateTimestamp: 78113227 CellConnectionStatus: 0
08-13 15:29:52.162  1045  1045 D cellinfo: onCellInfoChanged: LTE Cell Bands: [2] Bandwidth: 2147483647 Cell ID: 49417994 Physical Cell ID: 173 Tracking Area Code: 19980 EARFCN: 850
08-13 15:29:52.317  1045  1758 D cellinfo: 46 bytes from 54.197.223.49: icmp_seq=69 ttl=41 time=89.3 ms
08-13 15:29:52.517  1045  1758 D cellinfo: 46 bytes from 54.197.223.49: icmp_seq=70 ttl=41 time=88.6 ms
08-13 15:29:52.717  1045  1758 D cellinfo: 46 bytes from 54.197.223.49: icmp_seq=71 ttl=41 time=88.2 ms
08-13 15:29:52.937  1045  1758 D cellinfo: 46 bytes from 54.197.223.49: icmp_seq=72 ttl=41 time=107 ms
08-13 15:29:53.134  1045  1758 D cellinfo: 46 bytes from 54.197.223.49: icmp_seq=73 ttl=41 time=104 ms
08-13 15:29:53.327  1045  1758 D cellinfo: 46 bytes from 54.197.223.49: icmp_seq=74 ttl=41 time=95.7 ms
08-13 15:29:53.528  1045  1758 D cellinfo: 46 bytes from 54.197.223.49: icmp_seq=75 ttl=41 time=95.8 ms
08-13 15:29:53.709  1045  1045 D cellinfo: onsignalStrengthsChanged: LTE Signal Strength info: rsrp: -76 rsrq: -9 rssi: -51 rssnr: 23
08-13 15:29:53.709  1045  1045 D cellinfo: onsignalStrengthsChanged: 5G-NR Signal Strength info: ssrsrp: -107 ssrsrq: -13 sssinr: 6
08-13 15:29:53.727  1045  1758 D cellinfo: 46 bytes from 54.197.223.49: icmp_seq=76 ttl=41 time=94.9 ms
08-13 15:29:53.898  1045  1045 D cellinfo: onsignalStrengthsChanged: LTE Signal Strength info: rsrp: -76 rsrq: -9 rssi: -51 rssnr: 23
08-13 15:29:53.898  1045  1045 D cellinfo: onsignalStrengthsChanged: 5G-NR Signal Strength info: ssrsrp: -107 ssrsrq: -14 sssinr: -1
08-13 15:29:53.930  1045  1758 D cellinfo: 46 bytes from 54.197.223.49: icmp_seq=77 ttl=41 time=93.6 ms
08-13 15:29:54.131  1045  1758 D cellinfo: 46 bytes from 54.197.223.49: icmp_seq=78 ttl=41 time=96.5 ms
08-13 15:29:54.328  1045  1758 D cellinfo: 46 bytes from 54.197.223.49: icmp_seq=79 ttl=41 time=91.7 ms
08-13 15:29:54.526  1045  1758 D cellinfo: 46 bytes from 54.197.223.49: icmp_seq=80 ttl=41 time=88.3 ms
08-13 15:29:54.718  1045  1045 D cellinfo: Latitude is 40.5444332
08-13 15:29:54.718  1045  1045 D cellinfo: Longitude is -86.919779
08-13 15:29:54.718  1045  1045 D cellinfo: Instantaneous GPS information: United States, I-65, West Lafayette, IN 47906, USA
08-13 15:29:54.719  1045  1045 D cellinfo: getCurrentLocation() result: Location (success): 40.5444332, -86.919779
08-13 15:29:54.726  1045  1758 D cellinfo: 46 bytes from 54.197.223.49: icmp_seq=81 ttl=41 time=88.4 ms
08-13 15:29:54.896  1045  1045 D cellinfo: onsignalStrengthsChanged: LTE Signal Strength info: rsrp: -76 rsrq: -9 rssi: -51 rssnr: 23
08-13 15:29:54.896  1045  1045 D cellinfo: onsignalStrengthsChanged: 5G-NR Signal Strength info: ssrsrp: -106 ssrsrq: -14 sssinr: 5
08-13 15:29:54.927  1045  1758 D cellinfo: 46 bytes from 54.197.223.49: icmp_seq=82 ttl=41 time=85.2 ms
08-13 15:29:55.124  1045  1045 D cellinfo: Latitude is 40.5444332
08-13 15:29:55.124  1045  1045 D cellinfo: Longitude is -86.919779
08-13 15:29:55.124  1045  1045 D cellinfo: Instantaneous GPS information: United States, I-65, West Lafayette, IN 47906, USA
08-13 15:29:55.124  1045  1045 D cellinfo: getCurrentLocation() result: Location (success): 40.5444332, -86.919779
08-13 15:29:55.138  1045  1758 D cellinfo: 46 bytes from 54.197.223.49: icmp_seq=83 ttl=41 time=94.8 ms
08-13 15:29:55.168  1045  1045 D cellinfo: onCellInfoChanged: Operator: AT&T UpdateTimestamp: 78116236 CellConnectionStatus: 0
08-13 15:29:55.169  1045  1045 D cellinfo: onCellInfoChanged: LTE Cell Bands: [2] Bandwidth: 2147483647 Cell ID: 49417994 Physical Cell ID: 173 Tracking Area Code: 19980 EARFCN: 850
08-13 15:29:55.345  1045  1758 D cellinfo: 46 bytes from 54.197.223.49: icmp_seq=84 ttl=41 time=102 ms
08-13 15:29:55.537  1045  1758 D cellinfo: 46 bytes from 54.197.223.49: icmp_seq=85 ttl=41 time=93.0 ms
08-13 15:29:55.738  1045  1758 D cellinfo: 46 bytes from 54.197.223.49: icmp_seq=86 ttl=41 time=92.4 ms
08-13 15:29:55.939  1045  1758 D cellinfo: 46 bytes from 54.197.223.49: icmp_seq=87 ttl=41 time=92.2 ms
08-13 15:29:55.959  1045  1045 D cellinfo: onsignalStrengthsChanged: LTE Signal Strength info: rsrp: -76 rsrq: -9 rssi: -51 rssnr: 24
08-13 15:29:55.959  1045  1045 D cellinfo: onsignalStrengthsChanged: 5G-NR Signal Strength info: ssrsrp: -106 ssrsrq: -13 sssinr: 5
08-13 15:29:56.138  1045  1758 D cellinfo: 46 bytes from 54.197.223.49: icmp_seq=88 ttl=41 time=90.2 ms
08-13 15:29:56.339  1045  1758 D cellinfo: 46 bytes from 54.197.223.49: icmp_seq=89 ttl=41 time=90.4 ms
08-13 15:29:56.538  1045  1758 D cellinfo: 46 bytes from 54.197.223.49: icmp_seq=90 ttl=41 time=88.0 ms
08-13 15:29:56.747  1045  1758 D cellinfo: 46 bytes from 54.197.223.49: icmp_seq=91 ttl=41 time=97.3 ms
08-13 15:29:56.947  1045  1758 D cellinfo: 46 bytes from 54.197.223.49: icmp_seq=92 ttl=41 time=96.5 ms
08-13 15:29:57.148  1045  1758 D cellinfo: 46 bytes from 54.197.223.49: icmp_seq=93 ttl=41 time=95.4 ms
08-13 15:29:57.346  1045  1758 D cellinfo: 46 bytes from 54.197.223.49: icmp_seq=94 ttl=41 time=94.4 ms
08-13 15:29:57.548  1045  1758 D cellinfo: 46 bytes from 54.197.223.49: icmp_seq=95 ttl=41 time=94.4 ms
08-13 15:29:57.750  1045  1758 D cellinfo: 46 bytes from 54.197.223.49: icmp_seq=96 ttl=41 time=95.5 ms
08-13 15:29:57.898  1045  1045 D cellinfo: onsignalStrengthsChanged: LTE Signal Strength info: rsrp: -76 rsrq: -9 rssi: -51 rssnr: 24
08-13 15:29:57.898  1045  1045 D cellinfo: onsignalStrengthsChanged: 5G-NR Signal Strength info: ssrsrp: -109 ssrsrq: -16 sssinr: 0
08-13 15:29:57.949  1045  1758 D cellinfo: 46 bytes from 54.197.223.49: icmp_seq=97 ttl=41 time=93.9 ms
08-13 15:29:58.130  1045  1045 D cellinfo: Latitude is 40.5444332
08-13 15:29:58.130  1045  1045 D cellinfo: Longitude is -86.919779
08-13 15:29:58.130  1045  1045 D cellinfo: Instantaneous GPS information: United States, I-65, West Lafayette, IN 47906, USA
08-13 15:29:58.130  1045  1045 D cellinfo: getCurrentLocation() result: Location (success): 40.5444332, -86.919779
08-13 15:29:58.146  1045  1758 D cellinfo: 46 bytes from 54.197.223.49: icmp_seq=98 ttl=41 time=91.1 ms
08-13 15:29:58.252  1045  1045 D cellinfo: onCellInfoChanged: Operator: AT&T UpdateTimestamp: 78119314 CellConnectionStatus: 0
08-13 15:29:58.253  1045  1045 D cellinfo: onCellInfoChanged: LTE Cell Bands: [2] Bandwidth: 2147483647 Cell ID: 49417994 Physical Cell ID: 173 Tracking Area Code: 19980 EARFCN: 850
08-13 15:29:58.260  1045  1045 D cellinfo: onsignalStrengthsChanged: LTE Signal Strength info: rsrp: -75 rsrq: -10 rssi: -51 rssnr: 23
08-13 15:29:58.260  1045  1045 D cellinfo: onsignalStrengthsChanged: 5G-NR Signal Strength info: ssrsrp: -109 ssrsrq: -16 sssinr: 0
08-13 15:29:58.355  1045  1758 D cellinfo: 46 bytes from 54.197.223.49: icmp_seq=99 ttl=41 time=98.7 ms
08-13 15:29:58.547  1045  1758 D cellinfo: 46 bytes from 54.197.223.49: icmp_seq=100 ttl=41 time=89.6 ms
08-13 15:29:58.747  1045  1758 D cellinfo: 46 bytes from 54.197.223.49: icmp_seq=101 ttl=41 time=88.0 ms
08-13 15:29:58.897  1045  1045 D cellinfo: onsignalStrengthsChanged: LTE Signal Strength info: rsrp: -75 rsrq: -10 rssi: -51 rssnr: 23
08-13 15:29:58.897  1045  1045 D cellinfo: onsignalStrengthsChanged: 5G-NR Signal Strength info: ssrsrp: -112 ssrsrq: -18 sssinr: -4
08-13 15:29:58.959  1045  1758 D cellinfo: 46 bytes from 54.197.223.49: icmp_seq=102 ttl=41 time=99.9 ms
08-13 15:29:59.157  1045  1758 D cellinfo: 46 bytes from 54.197.223.49: icmp_seq=103 ttl=41 time=96.5 ms
08-13 15:29:59.359  1045  1758 D cellinfo: 46 bytes from 54.197.223.49: icmp_seq=104 ttl=41 time=98.4 ms
08-13 15:29:59.558  1045  1758 D cellinfo: 46 bytes from 54.197.223.49: icmp_seq=105 ttl=41 time=96.2 ms
08-13 15:29:59.757  1045  1758 D cellinfo: 46 bytes from 54.197.223.49: icmp_seq=106 ttl=41 time=95.4 ms
08-13 15:29:59.959  1045  1758 D cellinfo: 46 bytes from 54.197.223.49: icmp_seq=107 ttl=41 time=96.4 ms
08-13 15:30:00.158  1045  1758 D cellinfo: 46 bytes from 54.197.223.49: icmp_seq=108 ttl=41 time=95.7 ms
08-13 15:30:00.357  1045  1758 D cellinfo: 46 bytes from 54.197.223.49: icmp_seq=109 ttl=41 time=94.1 ms
08-13 15:30:00.557  1045  1758 D cellinfo: 46 bytes from 54.197.223.49: icmp_seq=110 ttl=41 time=94.2 ms
08-13 15:30:00.812  1045  1758 D cellinfo: 46 bytes from 54.197.223.49: icmp_seq=111 ttl=41 time=148 ms
08-13 15:30:00.946  1045  1758 D cellinfo: 46 bytes from 54.197.223.49: icmp_seq=112 ttl=41 time=81.3 ms
08-13 15:30:00.978  1045  1045 D cellinfo: onServiceStateChanged: Channel Number: 850 Cell Bandwidths: [20000, 10000, 10000, 5000, 10000]
08-13 15:30:00.987  1045  1045 D cellinfo: onsignalStrengthsChanged: LTE Signal Strength info: rsrp: -76 rsrq: -10 rssi: -51 rssnr: 22
08-13 15:30:01.005  1045  1045 D cellinfo: onServiceStateChanged: Channel Number: 850 Cell Bandwidths: [20000, 10000, 10000, 5000, 10000]
08-13 15:30:01.010  1045  1045 D cellinfo: onServiceStateChanged: Channel Number: 850 Cell Bandwidths: [20000, 10000, 10000, 5000, 10000]
08-13 15:30:01.019  1045  1045 D cellinfo: onDisplayInfoChanged: NetworkType: LTE OverrideNetworkType: 5G (Sub-6 GHz)
08-13 15:30:01.109  1045  1045 D cellinfo: Latitude is 40.5444332
08-13 15:30:01.109  1045  1045 D cellinfo: Longitude is -86.919779
08-13 15:30:01.110  1045  1045 D cellinfo: Instantaneous GPS information: United States, I-65, West Lafayette, IN 47906, USA
08-13 15:30:01.110  1045  1045 D cellinfo: getCurrentLocation() result: Location (success): 40.5444332, -86.919779
08-13 15:30:01.152  1045  1758 D cellinfo: 46 bytes from 54.197.223.49: icmp_seq=113 ttl=41 time=87.4 ms
08-13 15:30:01.170  1045  1045 D cellinfo: onCellInfoChanged: Operator: AT&T UpdateTimestamp: 78122228 CellConnectionStatus: 0
08-13 15:30:01.170  1045  1045 D cellinfo: onCellInfoChanged: LTE Cell Bands: [2] Bandwidth: 2147483647 Cell ID: 49417994 Physical Cell ID: 173 Tracking Area Code: 19980 EARFCN: 850
08-13 15:30:01.347  1045  1758 D cellinfo: 46 bytes from 54.197.223.49: icmp_seq=114 ttl=41 time=80.5 ms
08-13 15:30:01.408  1045  1045 D cellinfo: onServiceStateChanged: Channel Number: 850 Cell Bandwidths: [20000, 10000, 10000, 5000, 10000]
08-13 15:30:01.810  1045  1045 D cellinfo: onServiceStateChanged: Channel Number: 850 Cell Bandwidths: [20000, 10000, 10000, 5000, 10000]
08-13 15:30:01.823  1045  1045 D cellinfo: onDisplayInfoChanged: NetworkType: LTE OverrideNetworkType: 5G (Sub-6 GHz)
08-13 15:30:01.826  1045  1045 D cellinfo: onsignalStrengthsChanged: LTE Signal Strength info: rsrp: -76 rsrq: -10 rssi: -51 rssnr: 22
08-13 15:30:01.844  1045  1045 D cellinfo: onServiceStateChanged: Channel Number: 850 Cell Bandwidths: [20000, 10000, 10000, 5000, 10000]
08-13 15:30:01.845  1045  1758 D cellinfo: 46 bytes from 54.197.223.49: icmp_seq=115 ttl=41 time=377 ms
08-13 15:30:01.845  1045  1758 D cellinfo: 46 bytes from 54.197.223.49: icmp_seq=116 ttl=41 time=168 ms
08-13 15:30:01.899  1045  1045 D cellinfo: onServiceStateChanged: Channel Number: 850 Cell Bandwidths: [20000, 10000, 10000, 5000, 10000]
08-13 15:30:01.906  1045  1045 D cellinfo: onServiceStateChanged: Channel Number: 850 Cell Bandwidths: [20000, 10000, 10000, 5000, 10000]
08-13 15:30:01.956  1045  1045 D cellinfo: onServiceStateChanged: Channel Number: 850 Cell Bandwidths: [20000, 10000, 10000, 5000, 10000]
08-13 15:30:01.961  1045  1045 D cellinfo: onDisplayInfoChanged: NetworkType: LTE OverrideNetworkType: 5G (Sub-6 GHz)
08-13 15:30:01.963  1045  1758 D cellinfo: 46 bytes from 54.197.223.49: icmp_seq=117 ttl=41 time=86.9 ms
08-13 15:30:02.081  1045  1045 D cellinfo: onServiceStateChanged: Channel Number: 850 Cell Bandwidths: [20000, 10000, 10000, 5000, 10000]
08-13 15:30:02.212  1045  1758 D cellinfo: 46 bytes from 54.197.223.49: icmp_seq=118 ttl=41 time=134 ms
08-13 15:30:02.353  1045  1758 D cellinfo: 46 bytes from 54.197.223.49: icmp_seq=119 ttl=41 time=75.2 ms
08-13 15:30:02.574  1045  1758 D cellinfo: 46 bytes from 54.197.223.49: icmp_seq=120 ttl=41 time=95.0 ms
08-13 15:30:02.770  1045  1758 D cellinfo: 46 bytes from 54.197.223.49: icmp_seq=121 ttl=41 time=90.6 ms
08-13 15:30:02.781  1045  1045 D cellinfo: onServiceStateChanged: Channel Number: 850 Cell Bandwidths: [20000, 10000, 10000, 5000, 10000]
08-13 15:30:02.782  1045  1045 D cellinfo: onDisplayInfoChanged: NetworkType: LTE OverrideNetworkType: 5G (Sub-6 GHz)
08-13 15:30:02.863  1045  1045 D cellinfo: onsignalStrengthsChanged: LTE Signal Strength info: rsrp: -78 rsrq: -11 rssi: -57 rssnr: 17
08-13 15:30:02.863  1045  1045 D cellinfo: onsignalStrengthsChanged: 5G-NR Signal Strength info: ssrsrp: -107 ssrsrq: -14 sssinr: 2147483647
08-13 15:30:02.873  1045  1045 D cellinfo: onServiceStateChanged: Channel Number: 850 Cell Bandwidths: [20000, 10000, 10000, 5000, 10000]
08-13 15:30:02.974  1045  1758 D cellinfo: 46 bytes from 54.197.223.49: icmp_seq=122 ttl=41 time=93.8 ms
08-13 15:30:03.062  1045  1045 D cellinfo: onsignalStrengthsChanged: LTE Signal Strength info: rsrp: -78 rsrq: -11 rssi: -57 rssnr: 17
08-13 15:30:03.062  1045  1045 D cellinfo: onsignalStrengthsChanged: 5G-NR Signal Strength info: ssrsrp: -104 ssrsrq: -14 sssinr: 0
08-13 15:30:03.173  1045  1758 D cellinfo: 46 bytes from 54.197.223.49: icmp_seq=123 ttl=41 time=91.6 ms
08-13 15:30:03.372  1045  1758 D cellinfo: 46 bytes from 54.197.223.49: icmp_seq=124 ttl=41 time=89.2 ms
08-13 15:30:03.574  1045  1758 D cellinfo: 46 bytes from 54.197.223.49: icmp_seq=125 ttl=41 time=90.2 ms
08-13 15:30:03.770  1045  1758 D cellinfo: 46 bytes from 54.197.223.49: icmp_seq=126 ttl=41 time=85.5 ms
08-13 15:30:03.984  1045  1758 D cellinfo: 46 bytes from 54.197.223.49: icmp_seq=127 ttl=41 time=98.3 ms
08-13 15:30:04.065  1045  1045 D cellinfo: onsignalStrengthsChanged: LTE Signal Strength info: rsrp: -78 rsrq: -11 rssi: -57 rssnr: 17
08-13 15:30:04.065  1045  1045 D cellinfo: onsignalStrengthsChanged: 5G-NR Signal Strength info: ssrsrp: -106 ssrsrq: -14 sssinr: 0
08-13 15:30:04.123  1045  1045 D cellinfo: Latitude is 40.5444332
08-13 15:30:04.123  1045  1045 D cellinfo: Longitude is -86.919779
08-13 15:30:04.123  1045  1045 D cellinfo: Instantaneous GPS information: United States, I-65, West Lafayette, IN 47906, USA
08-13 15:30:04.123  1045  1045 D cellinfo: getCurrentLocation() result: Location (success): 40.5444332, -86.919779
08-13 15:30:04.174  1045  1045 D cellinfo: onCellInfoChanged: Operator: AT&T UpdateTimestamp: 78125241 CellConnectionStatus: 0
08-13 15:30:04.174  1045  1045 D cellinfo: onCellInfoChanged: LTE Cell Bands: [2] Bandwidth: 2147483647 Cell ID: 49417994 Physical Cell ID: 173 Tracking Area Code: 19980 EARFCN: 850
08-13 15:30:04.194  1045  1758 D cellinfo: 46 bytes from 54.197.223.49: icmp_seq=128 ttl=41 time=107 ms
08-13 15:30:04.383  1045  1758 D cellinfo: 46 bytes from 54.197.223.49: icmp_seq=129 ttl=41 time=95.4 ms
08-13 15:30:04.582  1045  1758 D cellinfo: 46 bytes from 54.197.223.49: icmp_seq=130 ttl=41 time=92.7 ms
08-13 15:30:04.931  1045  1758 D cellinfo: 46 bytes from 54.197.223.49: icmp_seq=131 ttl=41 time=240 ms
08-13 15:30:05.004  1045  1758 D cellinfo: 46 bytes from 54.197.223.49: icmp_seq=132 ttl=41 time=107 ms
08-13 15:30:05.067  1045  1045 D cellinfo: onsignalStrengthsChanged: LTE Signal Strength info: rsrp: -78 rsrq: -11 rssi: -51 rssnr: 17
08-13 15:30:05.067  1045  1045 D cellinfo: onsignalStrengthsChanged: 5G-NR Signal Strength info: ssrsrp: -106 ssrsrq: -14 sssinr: 0
08-13 15:30:05.201  1045  1758 D cellinfo: 46 bytes from 54.197.223.49: icmp_seq=133 ttl=41 time=103 ms
08-13 15:30:05.386  1045  1758 D cellinfo: 46 bytes from 54.197.223.49: icmp_seq=134 ttl=41 time=88.0 ms
08-13 15:30:05.643  1045  1758 D cellinfo: 46 bytes from 54.197.223.49: icmp_seq=135 ttl=41 time=145 ms
08-13 15:30:05.788  1045  1758 D cellinfo: 46 bytes from 54.197.223.49: icmp_seq=136 ttl=41 time=88.4 ms
08-13 15:30:05.998  1045  1758 D cellinfo: 46 bytes from 54.197.223.49: icmp_seq=137 ttl=41 time=98.6 ms
08-13 15:30:06.066  1045  1045 D cellinfo: onsignalStrengthsChanged: LTE Signal Strength info: rsrp: -77 rsrq: -11 rssi: -51 rssnr: 17
08-13 15:30:06.066  1045  1045 D cellinfo: onsignalStrengthsChanged: 5G-NR Signal Strength info: ssrsrp: -105 ssrsrq: -14 sssinr: 1
08-13 15:30:06.194  1045  1758 D cellinfo: 46 bytes from 54.197.223.49: icmp_seq=138 ttl=41 time=92.9 ms
08-13 15:30:06.409  1045  1758 D cellinfo: 46 bytes from 54.197.223.49: icmp_seq=139 ttl=41 time=107 ms
08-13 15:30:06.602  1045  1758 D cellinfo: 46 bytes from 54.197.223.49: icmp_seq=140 ttl=41 time=98.4 ms
08-13 15:30:06.798  1045  1758 D cellinfo: 46 bytes from 54.197.223.49: icmp_seq=141 ttl=41 time=92.4 ms
08-13 15:30:06.998  1045  1758 D cellinfo: 46 bytes from 54.197.223.49: icmp_seq=142 ttl=41 time=91.0 ms
08-13 15:30:07.067  1045  1045 D cellinfo: onsignalStrengthsChanged: LTE Signal Strength info: rsrp: -77 rsrq: -11 rssi: -51 rssnr: 17
08-13 15:30:07.067  1045  1045 D cellinfo: onsignalStrengthsChanged: 5G-NR Signal Strength info: ssrsrp: -101 ssrsrq: -14 sssinr: 1
08-13 15:30:07.155  1045  1045 D cellinfo: onCellInfoChanged: Operator: AT&T UpdateTimestamp: 78128221 CellConnectionStatus: 0
08-13 15:30:07.155  1045  1045 D cellinfo: onCellInfoChanged: LTE Cell Bands: [2] Bandwidth: 2147483647 Cell ID: 49417994 Physical Cell ID: 173 Tracking Area Code: 19980 EARFCN: 850
08-13 15:30:07.193  1045  1758 D cellinfo: 46 bytes from 54.197.223.49: icmp_seq=143 ttl=41 time=86.6 ms
08-13 15:30:07.409  1045  1758 D cellinfo: 46 bytes from 54.197.223.49: icmp_seq=144 ttl=41 time=102 ms
08-13 15:30:07.608  1045  1758 D cellinfo: 46 bytes from 54.197.223.49: icmp_seq=145 ttl=41 time=99.9 ms
08-13 15:30:07.815  1045  1758 D cellinfo: 46 bytes from 54.197.223.49: icmp_seq=146 ttl=41 time=105 ms
08-13 15:30:08.018  1045  1758 D cellinfo: 46 bytes from 54.197.223.49: icmp_seq=147 ttl=41 time=106 ms
08-13 15:30:08.074  1045  1045 D cellinfo: onsignalStrengthsChanged: LTE Signal Strength info: rsrp: -77 rsrq: -11 rssi: -51 rssnr: 15
08-13 15:30:08.074  1045  1045 D cellinfo: onsignalStrengthsChanged: 5G-NR Signal Strength info: ssrsrp: -111 ssrsrq: -15 sssinr: -2
08-13 15:30:08.197  1045  1758 D cellinfo: 46 bytes from 54.197.223.49: icmp_seq=148 ttl=41 time=87.1 ms
08-13 15:30:08.414  1045  1758 D cellinfo: 46 bytes from 54.197.223.49: icmp_seq=149 ttl=41 time=103 ms
08-13 15:30:08.520  1045  1045 D cellinfo: onsignalStrengthsChanged: LTE Signal Strength info: rsrp: -79 rsrq: -11 rssi: -51 rssnr: 12
08-13 15:30:08.520  1045  1045 D cellinfo: onsignalStrengthsChanged: 5G-NR Signal Strength info: ssrsrp: -111 ssrsrq: -15 sssinr: -2
08-13 15:30:08.600  1045  1758 D cellinfo: 46 bytes from 54.197.223.49: icmp_seq=150 ttl=41 time=88.7 ms
08-13 15:30:08.799  1045  1758 D cellinfo: 46 bytes from 54.197.223.49: icmp_seq=151 ttl=41 time=85.9 ms
08-13 15:30:09.001  1045  1758 D cellinfo: 46 bytes from 54.197.223.49: icmp_seq=152 ttl=41 time=87.8 ms
08-13 15:30:09.070  1045  1045 D cellinfo: onsignalStrengthsChanged: LTE Signal Strength info: rsrp: -79 rsrq: -11 rssi: -51 rssnr: 12
08-13 15:30:09.070  1045  1045 D cellinfo: onsignalStrengthsChanged: 5G-NR Signal Strength info: ssrsrp: -101 ssrsrq: -14 sssinr: 1
08-13 15:30:09.205  1045  1758 D cellinfo: 46 bytes from 54.197.223.49: icmp_seq=153 ttl=41 time=93.9 ms
08-13 15:30:09.397  1045  1758 D cellinfo: 46 bytes from 54.197.223.49: icmp_seq=154 ttl=41 time=85.6 ms
08-13 15:30:09.596  1045  1758 D cellinfo: 46 bytes from 54.197.223.49: icmp_seq=155 ttl=41 time=80.7 ms
08-13 15:30:09.686  1045  1045 D cellinfo: Latitude is 40.5412848
08-13 15:30:09.686  1045  1045 D cellinfo: Longitude is -86.9160292
08-13 15:30:09.686  1045  1045 D cellinfo: Instantaneous GPS information: United States, 561 W 850 N, West Lafayette, IN 47906, USA
08-13 15:30:09.686  1045  1045 D cellinfo: getCurrentLocation() result: Location (success): 40.5412848, -86.9160292
08-13 15:30:09.690  1045  1045 D cellinfo: onsignalStrengthsChanged: LTE Signal Strength info: rsrp: -79 rsrq: -11 rssi: -51 rssnr: 11
08-13 15:30:09.690  1045  1045 D cellinfo: onsignalStrengthsChanged: 5G-NR Signal Strength info: ssrsrp: -101 ssrsrq: -14 sssinr: 1
08-13 15:30:09.795  1045  1758 D cellinfo: 46 bytes from 54.197.223.49: icmp_seq=156 ttl=41 time=79.5 ms
08-13 15:30:10.014  1045  1758 D cellinfo: 46 bytes from 54.197.223.49: icmp_seq=157 ttl=41 time=96.7 ms
08-13 15:30:10.059  1045  1045 D cellinfo: onsignalStrengthsChanged: LTE Signal Strength info: rsrp: -79 rsrq: -11 rssi: -51 rssnr: 11
08-13 15:30:10.059  1045  1045 D cellinfo: onsignalStrengthsChanged: 5G-NR Signal Strength info: ssrsrp: -102 ssrsrq: -14 sssinr: 1
08-13 15:30:10.111  1045  1045 D cellinfo: Latitude is 40.5412848
08-13 15:30:10.111  1045  1045 D cellinfo: Longitude is -86.9160292
08-13 15:30:10.111  1045  1045 D cellinfo: Instantaneous GPS information: United States, 561 W 850 N, West Lafayette, IN 47906, USA
08-13 15:30:10.111  1045  1045 D cellinfo: getCurrentLocation() result: Location (success): 40.5412848, -86.9160292
08-13 15:30:10.143  1045  1045 D cellinfo: onCellInfoChanged: Operator: AT&T UpdateTimestamp: 78131212 CellConnectionStatus: 0
08-13 15:30:10.143  1045  1045 D cellinfo: onCellInfoChanged: LTE Cell Bands: [2] Bandwidth: 2147483647 Cell ID: 49417994 Physical Cell ID: 173 Tracking Area Code: 19980 EARFCN: 850
08-13 15:30:10.200  1045  1758 D cellinfo: 46 bytes from 54.197.223.49: icmp_seq=158 ttl=41 time=83.7 ms
08-13 15:30:10.408  1045  1758 D cellinfo: 46 bytes from 54.197.223.49: icmp_seq=159 ttl=41 time=89.6 ms
08-13 15:30:10.606  1045  1758 D cellinfo: 46 bytes from 54.197.223.49: icmp_seq=160 ttl=41 time=87.6 ms
08-13 15:30:10.807  1045  1758 D cellinfo: 46 bytes from 54.197.223.49: icmp_seq=161 ttl=41 time=88.0 ms
08-13 15:30:11.007  1045  1758 D cellinfo: 46 bytes from 54.197.223.49: icmp_seq=162 ttl=41 time=88.4 ms
08-13 15:30:11.225  1045  1758 D cellinfo: 46 bytes from 54.197.223.49: icmp_seq=163 ttl=41 time=104 ms
08-13 15:30:11.419  1045  1758 D cellinfo: 46 bytes from 54.197.223.49: icmp_seq=164 ttl=41 time=98.5 ms
08-13 15:30:11.621  1045  1758 D cellinfo: 46 bytes from 54.197.223.49: icmp_seq=165 ttl=41 time=99.9 ms
08-13 15:30:11.827  1045  1758 D cellinfo: 46 bytes from 54.197.223.49: icmp_seq=166 ttl=41 time=104 ms
08-13 15:30:12.012  1045  1758 D cellinfo: 46 bytes from 54.197.223.49: icmp_seq=167 ttl=41 time=89.7 ms
08-13 15:30:12.059  1045  1045 D cellinfo: onsignalStrengthsChanged: LTE Signal Strength info: rsrp: -79 rsrq: -10 rssi: -51 rssnr: 9
08-13 15:30:12.059  1045  1045 D cellinfo: onsignalStrengthsChanged: 5G-NR Signal Strength info: ssrsrp: -105 ssrsrq: -14 sssinr: 0
08-13 15:30:12.209  1045  1758 D cellinfo: 46 bytes from 54.197.223.49: icmp_seq=168 ttl=41 time=87.9 ms
08-13 15:30:12.416  1045  1758 D cellinfo: 46 bytes from 54.197.223.49: icmp_seq=169 ttl=41 time=93.5 ms
08-13 15:30:12.603  1045  1758 D cellinfo: 46 bytes from 54.197.223.49: icmp_seq=170 ttl=41 time=78.3 ms
08-13 15:30:12.798  1045  1758 D cellinfo: 46 bytes from 54.197.223.49: icmp_seq=171 ttl=41 time=72.4 ms
08-13 15:30:13.021  1045  1758 D cellinfo: 46 bytes from 54.197.223.49: icmp_seq=172 ttl=41 time=94.6 ms
08-13 15:30:13.066  1045  1045 D cellinfo: onsignalStrengthsChanged: LTE Signal Strength info: rsrp: -79 rsrq: -10 rssi: -51 rssnr: 9
08-13 15:30:13.066  1045  1045 D cellinfo: onsignalStrengthsChanged: 5G-NR Signal Strength info: ssrsrp: -102 ssrsrq: -14 sssinr: 1
08-13 15:30:13.114  1045  1045 D cellinfo: Latitude is 40.5412848
08-13 15:30:13.114  1045  1045 D cellinfo: Longitude is -86.9160292
08-13 15:30:13.114  1045  1045 D cellinfo: Instantaneous GPS information: United States, 561 W 850 N, West Lafayette, IN 47906, USA
08-13 15:30:13.114  1045  1045 D cellinfo: getCurrentLocation() result: Location (success): 40.5412848, -86.9160292
08-13 15:30:13.180  1045  1045 D cellinfo: onCellInfoChanged: Operator: AT&T UpdateTimestamp: 78134245 CellConnectionStatus: 0
08-13 15:30:13.180  1045  1045 D cellinfo: onCellInfoChanged: LTE Cell Bands: [2] Bandwidth: 2147483647 Cell ID: 49417994 Physical Cell ID: 173 Tracking Area Code: 19980 EARFCN: 850
08-13 15:30:13.229  1045  1758 D cellinfo: 46 bytes from 54.197.223.49: icmp_seq=173 ttl=41 time=100 ms
08-13 15:30:13.402  1045  1758 D cellinfo: 46 bytes from 54.197.223.49: icmp_seq=174 ttl=41 time=73.6 ms
08-13 15:30:13.610  1045  1758 D cellinfo: 46 bytes from 54.197.223.49: icmp_seq=175 ttl=41 time=80.7 ms
08-13 15:30:13.802  1045  1758 D cellinfo: 46 bytes from 54.197.223.49: icmp_seq=176 ttl=41 time=71.6 ms
08-13 15:30:13.870  1045  1045 D cellinfo: onsignalStrengthsChanged: LTE Signal Strength info: rsrp: -79 rsrq: -10 rssi: -51 rssnr: 7
08-13 15:30:13.870  1045  1045 D cellinfo: onsignalStrengthsChanged: 5G-NR Signal Strength info: ssrsrp: -102 ssrsrq: -14 sssinr: 1
08-13 15:30:14.010  1045  1758 D cellinfo: 46 bytes from 54.197.223.49: icmp_seq=177 ttl=41 time=78.2 ms
08-13 15:30:14.063  1045  1045 D cellinfo: onsignalStrengthsChanged: LTE Signal Strength info: rsrp: -79 rsrq: -10 rssi: -51 rssnr: 7
08-13 15:30:14.063  1045  1045 D cellinfo: onsignalStrengthsChanged: 5G-NR Signal Strength info: ssrsrp: -98 ssrsrq: -13 sssinr: 3
08-13 15:30:14.210  1045  1045 D cellinfo: onServiceStateChanged: Channel Number: 850 Cell Bandwidths: [20000, 10000, 10000, 5000, 10000]
08-13 15:30:14.242  1045  1758 D cellinfo: 46 bytes from 54.197.223.49: icmp_seq=178 ttl=41 time=110 ms
08-13 15:30:14.412  1045  1045 D cellinfo: onServiceStateChanged: Channel Number: 850 Cell Bandwidths: [20000, 10000, 10000, 5000, 10000]
08-13 15:30:14.415  1045  1758 D cellinfo: 46 bytes from 54.197.223.49: icmp_seq=179 ttl=41 time=83.6 ms
08-13 15:30:14.431  1045  1045 D cellinfo: onCellInfoChanged: Operator: AT&T UpdateTimestamp: 78135495 CellConnectionStatus: 0
08-13 15:30:14.431  1045  1045 D cellinfo: onCellInfoChanged: LTE Cell Bands: [2] Bandwidth: 2147483647 Cell ID: 49417992 Physical Cell ID: 33 Tracking Area Code: 19980 EARFCN: 850
08-13 15:30:14.466  1045  1045 D cellinfo: onServiceStateChanged: Channel Number: 850 Cell Bandwidths: []
08-13 15:30:14.618  1045  1758 D cellinfo: 46 bytes from 54.197.223.49: icmp_seq=180 ttl=41 time=85.7 ms
08-13 15:30:14.816  1045  1758 D cellinfo: 46 bytes from 54.197.223.49: icmp_seq=181 ttl=41 time=81.9 ms
08-13 15:30:15.035  1045  1758 D cellinfo: 46 bytes from 54.197.223.49: icmp_seq=182 ttl=41 time=100 ms
08-13 15:30:15.230  1045  1758 D cellinfo: 46 bytes from 54.197.223.49: icmp_seq=183 ttl=41 time=95.7 ms
08-13 15:30:15.441  1045  1758 D cellinfo: 46 bytes from 54.197.223.49: icmp_seq=184 ttl=41 time=106 ms
08-13 15:30:15.625  1045  1758 D cellinfo: 46 bytes from 54.197.223.49: icmp_seq=185 ttl=41 time=87.9 ms
08-13 15:30:15.842  1045  1758 D cellinfo: 46 bytes from 54.197.223.49: icmp_seq=186 ttl=41 time=105 ms
08-13 15:30:16.016  1045  1758 D cellinfo: 46 bytes from 54.197.223.49: icmp_seq=187 ttl=41 time=79.4 ms
08-13 15:30:16.116  1045  1045 D cellinfo: Latitude is 40.5412848
08-13 15:30:16.117  1045  1045 D cellinfo: Longitude is -86.9160292
08-13 15:30:16.117  1045  1045 D cellinfo: Instantaneous GPS information: United States, 561 W 850 N, West Lafayette, IN 47906, USA
08-13 15:30:16.117  1045  1045 D cellinfo: getCurrentLocation() result: Location (success): 40.5412848, -86.9160292
08-13 15:30:16.163  1045  1045 D cellinfo: onCellInfoChanged: Operator: AT&T UpdateTimestamp: 78137232 CellConnectionStatus: 0
08-13 15:30:16.163  1045  1045 D cellinfo: onCellInfoChanged: LTE Cell Bands: [2] Bandwidth: 2147483647 Cell ID: 49417992 Physical Cell ID: 33 Tracking Area Code: 19980 EARFCN: 850
08-13 15:30:16.242  1045  1758 D cellinfo: 46 bytes from 54.197.223.49: icmp_seq=188 ttl=41 time=104 ms
08-13 15:30:16.443  1045  1758 D cellinfo: 46 bytes from 54.197.223.49: icmp_seq=189 ttl=41 time=104 ms
08-13 15:30:16.625  1045  1758 D cellinfo: 46 bytes from 54.197.223.49: icmp_seq=190 ttl=41 time=85.4 ms
08-13 15:30:16.842  1045  1758 D cellinfo: 46 bytes from 54.197.223.49: icmp_seq=191 ttl=41 time=102 ms
08-13 15:30:17.043  1045  1758 D cellinfo: 46 bytes from 54.197.223.49: icmp_seq=192 ttl=41 time=103 ms
08-13 15:30:17.063  1045  1045 D cellinfo: onsignalStrengthsChanged: LTE Signal Strength info: rsrp: -78 rsrq: -10 rssi: -51 rssnr: 7
08-13 15:30:17.063  1045  1045 D cellinfo: onsignalStrengthsChanged: 5G-NR Signal Strength info: ssrsrp: -99 ssrsrq: -13 sssinr: 4
08-13 15:30:17.217  1045  1758 D cellinfo: 46 bytes from 54.197.223.49: icmp_seq=193 ttl=41 time=78.6 ms
08-13 15:30:17.442  1045  1758 D cellinfo: 46 bytes from 54.197.223.49: icmp_seq=194 ttl=41 time=102 ms
08-13 15:30:17.633  1045  1758 D cellinfo: 46 bytes from 54.197.223.49: icmp_seq=195 ttl=41 time=93.1 ms
08-13 15:30:17.825  1045  1758 D cellinfo: 46 bytes from 54.197.223.49: icmp_seq=196 ttl=41 time=82.5 ms
08-13 15:30:18.043  1045  1758 D cellinfo: 46 bytes from 54.197.223.49: icmp_seq=197 ttl=41 time=99.6 ms
08-13 15:30:18.065  1045  1045 D cellinfo: onsignalStrengthsChanged: LTE Signal Strength info: rsrp: -78 rsrq: -11 rssi: -51 rssnr: 6
08-13 15:30:18.065  1045  1045 D cellinfo: onsignalStrengthsChanged: 5G-NR Signal Strength info: ssrsrp: -103 ssrsrq: -13 sssinr: 2
08-13 15:30:18.245  1045  1758 D cellinfo: 46 bytes from 54.197.223.49: icmp_seq=198 ttl=41 time=101 ms
08-13 15:30:18.348  1045  1045 D cellinfo: onsignalStrengthsChanged: LTE Signal Strength info: rsrp: -79 rsrq: -11 rssi: -53 rssnr: 5
08-13 15:30:18.348  1045  1045 D cellinfo: onsignalStrengthsChanged: 5G-NR Signal Strength info: ssrsrp: -103 ssrsrq: -13 sssinr: 2
08-13 15:30:18.450  1045  1758 D cellinfo: 46 bytes from 54.197.223.49: icmp_seq=199 ttl=41 time=104 ms
08-13 15:30:18.635  1045  1758 D cellinfo: 46 bytes from 54.197.223.49: icmp_seq=200 ttl=41 time=89.2 ms
08-13 15:30:18.844  1045  1758 D cellinfo: 46 bytes from 54.197.223.49: icmp_seq=201 ttl=41 time=97.8 ms
08-13 15:30:19.042  1045  1758 D cellinfo: 46 bytes from 54.197.223.49: icmp_seq=202 ttl=41 time=94.2 ms
08-13 15:30:19.066  1045  1045 D cellinfo: onsignalStrengthsChanged: LTE Signal Strength info: rsrp: -79 rsrq: -11 rssi: -53 rssnr: 5
08-13 15:30:19.066  1045  1045 D cellinfo: onsignalStrengthsChanged: 5G-NR Signal Strength info: ssrsrp: -106 ssrsrq: -14 sssinr: 1
08-13 15:30:19.133  1045  1045 D cellinfo: Latitude is 40.5412848
08-13 15:30:19.133  1045  1045 D cellinfo: Longitude is -86.9160292
08-13 15:30:19.133  1045  1045 D cellinfo: Instantaneous GPS information: United States, 561 W 850 N, West Lafayette, IN 47906, USA
08-13 15:30:19.134  1045  1045 D cellinfo: getCurrentLocation() result: Location (success): 40.5412848, -86.9160292
08-13 15:30:19.182  1045  1045 D cellinfo: onCellInfoChanged: Operator: AT&T UpdateTimestamp: 78140248 CellConnectionStatus: 0
08-13 15:30:19.182  1045  1045 D cellinfo: onCellInfoChanged: LTE Cell Bands: [2] Bandwidth: 2147483647 Cell ID: 49417992 Physical Cell ID: 33 Tracking Area Code: 19980 EARFCN: 850
08-13 15:30:19.255  1045  1758 D cellinfo: 46 bytes from 54.197.223.49: icmp_seq=203 ttl=41 time=107 ms
08-13 15:30:19.446  1045  1758 D cellinfo: 46 bytes from 54.197.223.49: icmp_seq=204 ttl=41 time=96.9 ms
08-13 15:30:19.646  1045  1758 D cellinfo: 46 bytes from 54.197.223.49: icmp_seq=205 ttl=41 time=96.2 ms
08-13 15:30:19.844  1045  1758 D cellinfo: 46 bytes from 54.197.223.49: icmp_seq=206 ttl=41 time=95.2 ms
08-13 15:30:20.043  1045  1758 D cellinfo: 46 bytes from 54.197.223.49: icmp_seq=207 ttl=41 time=91.7 ms
08-13 15:30:20.067  1045  1045 D cellinfo: onsignalStrengthsChanged: LTE Signal Strength info: rsrp: -79 rsrq: -11 rssi: -53 rssnr: 5
08-13 15:30:20.067  1045  1045 D cellinfo: onsignalStrengthsChanged: 5G-NR Signal Strength info: ssrsrp: -104 ssrsrq: -13 sssinr: 3
08-13 15:30:20.245  1045  1758 D cellinfo: 46 bytes from 54.197.223.49: icmp_seq=208 ttl=41 time=95.5 ms
08-13 15:30:20.448  1045  1758 D cellinfo: 46 bytes from 54.197.223.49: icmp_seq=209 ttl=41 time=98.6 ms
08-13 15:30:20.637  1045  1758 D cellinfo: 46 bytes from 54.197.223.49: icmp_seq=210 ttl=41 time=86.4 ms
08-13 15:30:20.842  1045  1758 D cellinfo: 46 bytes from 54.197.223.49: icmp_seq=211 ttl=41 time=89.9 ms
08-13 15:30:21.044  1045  1758 D cellinfo: 46 bytes from 54.197.223.49: icmp_seq=212 ttl=41 time=90.2 ms
08-13 15:30:21.261  1045  1758 D cellinfo: 46 bytes from 54.197.223.49: icmp_seq=213 ttl=41 time=108 ms
08-13 15:30:21.448  1045  1758 D cellinfo: 46 bytes from 54.197.223.49: icmp_seq=214 ttl=41 time=94.0 ms
08-13 15:30:21.669  1045  1758 D cellinfo: 46 bytes from 54.197.223.49: icmp_seq=215 ttl=41 time=113 ms
08-13 15:30:21.843  1045  1758 D cellinfo: 46 bytes from 54.197.223.49: icmp_seq=216 ttl=41 time=86.2 ms
08-13 15:30:22.070  1045  1045 D cellinfo: onsignalStrengthsChanged: LTE Signal Strength info: rsrp: -79 rsrq: -12 rssi: -51 rssnr: 5
08-13 15:30:22.070  1045  1045 D cellinfo: onsignalStrengthsChanged: 5G-NR Signal Strength info: ssrsrp: -110 ssrsrq: -13 sssinr: 3
08-13 15:30:22.173  1045  1045 D cellinfo: onCellInfoChanged: Operator: AT&T UpdateTimestamp: 78143234 CellConnectionStatus: 0
08-13 15:30:22.173  1045  1045 D cellinfo: onCellInfoChanged: LTE Cell Bands: [2] Bandwidth: 2147483647 Cell ID: 49417992 Physical Cell ID: 33 Tracking Area Code: 19980 EARFCN: 850
08-13 15:30:22.441  1045  1758 D cellinfo: 46 bytes from 54.197.223.49: icmp_seq=219 ttl=41 time=72.3 ms
08-13 15:30:22.575  1045  1045 D cellinfo: onServiceStateChanged: Channel Number: 850 Cell Bandwidths: [20000, 0]
08-13 15:30:22.583  1045  1045 D cellinfo: onServiceStateChanged: Channel Number: 850 Cell Bandwidths: [20000, 0]
08-13 15:30:22.657  1045  1045 D cellinfo: onServiceStateChanged: Channel Number: 850 Cell Bandwidths: [20000, 0]
08-13 15:30:22.660  1045  1758 D cellinfo: 46 bytes from 54.197.223.49: icmp_seq=220 ttl=41 time=91.7 ms
08-13 15:30:22.683  1045  1045 D cellinfo: onCellInfoChanged: Operator: AT&T UpdateTimestamp: 78143752 CellConnectionStatus: 0
08-13 15:30:22.683  1045  1045 D cellinfo: onCellInfoChanged: LTE Cell Bands: [2] Bandwidth: 2147483647 Cell ID: 49417993 Physical Cell ID: 367 Tracking Area Code: 19980 EARFCN: 850
08-13 15:30:22.716  1045  1045 D cellinfo: onServiceStateChanged: Channel Number: 850 Cell Bandwidths: []
08-13 15:30:22.853  1045  1758 D cellinfo: 46 bytes from 54.197.223.49: icmp_seq=221 ttl=41 time=82.6 ms
08-13 15:30:23.052  1045  1758 D cellinfo: 46 bytes from 54.197.223.49: icmp_seq=222 ttl=41 time=81.0 ms
08-13 15:30:23.060  1045  1045 D cellinfo: onsignalStrengthsChanged: LTE Signal Strength info: rsrp: -79 rsrq: -12 rssi: -51 rssnr: 5
08-13 15:30:23.060  1045  1045 D cellinfo: onsignalStrengthsChanged: 5G-NR Signal Strength info: ssrsrp: -109 ssrsrq: -14 sssinr: 0
08-13 15:30:23.255  1045  1758 D cellinfo: 46 bytes from 54.197.223.49: icmp_seq=223 ttl=41 time=84.8 ms
08-13 15:30:23.455  1045  1758 D cellinfo: 46 bytes from 54.197.223.49: icmp_seq=224 ttl=41 time=82.4 ms
08-13 15:30:23.663  1045  1758 D cellinfo: 46 bytes from 54.197.223.49: icmp_seq=225 ttl=41 time=87.7 ms
08-13 15:30:23.733  1045  1045 D cellinfo: Latitude is 40.5383808
08-13 15:30:23.733  1045  1045 D cellinfo: Longitude is -86.9125931
08-13 15:30:23.733  1045  1045 D cellinfo: Instantaneous GPS information: United States, I-65, West Lafayette, IN 47906, USA
