08-13 15:32:01.066  1045  1758 D cellinfo: 46 bytes from 54.197.223.49: icmp_seq=710 ttl=41 time=75.9 ms
08-13 15:32:01.172  1045  1045 D cellinfo: onCellInfoChanged: Operator: AT&T UpdateTimestamp: 78242238 CellConnectionStatus: 0
08-13 15:32:01.172  1045  1045 D cellinfo: onCellInfoChanged: LTE Cell Bands: [2] Bandwidth: 2147483647 Cell ID: 49418193 Physical Cell ID: 358 Tracking Area Code: 19980 EARFCN: 1150
08-13 15:32:01.267  1045  1758 D cellinfo: 46 bytes from 54.197.223.49: icmp_seq=711 ttl=41 time=76.1 ms
08-13 15:32:01.366  1045  1045 D cellinfo: onServiceStateChanged: Channel Number: 1150 Cell Bandwidths: [10000, 20000, 10000, 5000, 10000]
08-13 15:32:01.493  1045  1758 D cellinfo: 46 bytes from 54.197.223.49: icmp_seq=712 ttl=41 time=103 ms
08-13 15:32:01.683  1045  1758 D cellinfo: 46 bytes from 54.197.223.49: icmp_seq=713 ttl=41 time=92.2 ms
08-13 15:32:01.794  1045  1045 D cellinfo: onServiceStateChanged: Channel Number: 1150 Cell Bandwidths: [10000, 20000, 10000, 5000, 10000]
08-13 15:32:01.806  1045  1045 D cellinfo: onDisplayInfoChanged: NetworkType: LTE OverrideNetworkType: 5G (Sub-6 GHz)
08-13 15:32:01.867  1045  1045 D cellinfo: onsignalStrengthsChanged: LTE Signal Strength info: rsrp: -89 rsrq: -11 rssi: -59 rssnr: 11
08-13 15:32:01.868  1045  1045 D cellinfo: onsignalStrengthsChanged: 5G-NR Signal Strength info: ssrsrp: -106 ssrsrq: -11 sssinr: 2147483647
08-13 15:32:01.876  1045  1045 D cellinfo: onServiceStateChanged: Channel Number: 1150 Cell Bandwidths: [10000, 20000, 10000, 5000, 10000]
08-13 15:32:01.890  1045  1758 D cellinfo: 46 bytes from 54.197.223.49: icmp_seq=714 ttl=41 time=99.1 ms
08-13 15:32:02.097  1045  1758 D cellinfo: 46 bytes from 54.197.223.49: icmp_seq=715 ttl=41 time=104 ms
08-13 15:32:02.276  1045  1758 D cellinfo: 46 bytes from 54.197.223.49: icmp_seq=716 ttl=41 time=84.3 ms
08-13 15:32:02.490  1045  1758 D cellinfo: 46 bytes from 54.197.223.49: icmp_seq=717 ttl=41 time=96.5 ms
08-13 15:32:02.716  1045  1758 D cellinfo: 46 bytes from 54.197.223.49: icmp_seq=718 ttl=41 time=119 ms
08-13 15:32:02.847  1045  1045 D cellinfo: Latitude is 40.5120816
08-13 15:32:02.847  1045  1045 D cellinfo: Longitude is -86.8923633
08-13 15:32:02.847  1045  1045 D cellinfo: Instantaneous GPS information: United States, 672 E 650 N, West Lafayette, IN 47906, USA
08-13 15:32:02.847  1045  1045 D cellinfo: getCurrentLocation() result: Location (success): 40.5120816, -86.8923633
08-13 15:32:02.850  1045  1045 D cellinfo: onsignalStrengthsChanged: LTE Signal Strength info: rsrp: -89 rsrq: -11 rssi: -59 rssnr: 11
08-13 15:32:02.850  1045  1045 D cellinfo: onsignalStrengthsChanged: 5G-NR Signal Strength info: ssrsrp: -109 ssrsrq: -13 sssinr: 1
08-13 15:32:02.850  1045  1045 D cellinfo: onsignalStrengthsChanged: LTE Signal Strength info: rsrp: -88 rsrq: -11 rssi: -59 rssnr: 12
08-13 15:32:02.851  1045  1045 D cellinfo: onsignalStrengthsChanged: 5G-NR Signal Strength info: ssrsrp: -109 ssrsrq: -13 sssinr: 1
08-13 15:32:02.894  1045  1758 D cellinfo: 46 bytes from 54.197.223.49: icmp_seq=719 ttl=41 time=98.5 ms
08-13 15:32:03.099  1045  1758 D cellinfo: 46 bytes from 54.197.223.49: icmp_seq=720 ttl=41 time=101 ms
08-13 15:32:03.298  1045  1758 D cellinfo: 46 bytes from 54.197.223.49: icmp_seq=721 ttl=41 time=102 ms
08-13 15:32:03.354  1045  1045 D cellinfo: onsignalStrengthsChanged: LTE Signal Strength info: rsrp: -88 rsrq: -11 rssi: -59 rssnr: 12
08-13 15:32:03.354  1045  1045 D cellinfo: onsignalStrengthsChanged: 5G-NR Signal Strength info: ssrsrp: -109 ssrsrq: -13 sssinr: 3
08-13 15:32:03.506  1045  1758 D cellinfo: 46 bytes from 54.197.223.49: icmp_seq=722 ttl=41 time=108 ms
08-13 15:32:03.707  1045  1758 D cellinfo: 46 bytes from 54.197.223.49: icmp_seq=723 ttl=41 time=107 ms
08-13 15:32:03.903  1045  1758 D cellinfo: 46 bytes from 54.197.223.49: icmp_seq=724 ttl=41 time=103 ms
08-13 15:32:04.111  1045  1758 D cellinfo: 46 bytes from 54.197.223.49: icmp_seq=725 ttl=41 time=111 ms
08-13 15:32:04.125  1045  1045 D cellinfo: Latitude is 40.5120816
08-13 15:32:04.125  1045  1045 D cellinfo: Longitude is -86.8923633
08-13 15:32:04.125  1045  1045 D cellinfo: Instantaneous GPS information: United States, 672 E 650 N, West Lafayette, IN 47906, USA
08-13 15:32:04.125  1045  1045 D cellinfo: getCurrentLocation() result: Location (success): 40.5120816, -86.8923633
08-13 15:32:04.168  1045  1045 D cellinfo: onCellInfoChanged: Operator: AT&T UpdateTimestamp: 78245234 CellConnectionStatus: 0
08-13 15:32:04.168  1045  1045 D cellinfo: onCellInfoChanged: LTE Cell Bands: [2] Bandwidth: 2147483647 Cell ID: 49418193 Physical Cell ID: 358 Tracking Area Code: 19980 EARFCN: 1150
08-13 15:32:04.305  1045  1758 D cellinfo: 46 bytes from 54.197.223.49: icmp_seq=726 ttl=41 time=104 ms
08-13 15:32:04.351  1045  1045 D cellinfo: onsignalStrengthsChanged: LTE Signal Strength info: rsrp: -87 rsrq: -11 rssi: -57 rssnr: 12
08-13 15:32:04.351  1045  1045 D cellinfo: onsignalStrengthsChanged: 5G-NR Signal Strength info: ssrsrp: -106 ssrsrq: -13 sssinr: 5
08-13 15:32:04.499  1045  1758 D cellinfo: 46 bytes from 54.197.223.49: icmp_seq=727 ttl=41 time=97.6 ms
08-13 15:32:04.691  1045  1758 D cellinfo: 46 bytes from 54.197.223.49: icmp_seq=728 ttl=41 time=89.3 ms
08-13 15:32:04.903  1045  1758 D cellinfo: 46 bytes from 54.197.223.49: icmp_seq=729 ttl=41 time=99.5 ms
08-13 15:32:05.099  1045  1758 D cellinfo: 46 bytes from 54.197.223.49: icmp_seq=730 ttl=41 time=94.9 ms
08-13 15:32:05.299  1045  1758 D cellinfo: 46 bytes from 54.197.223.49: icmp_seq=731 ttl=41 time=94.3 ms
08-13 15:32:05.513  1045  1758 D cellinfo: 46 bytes from 54.197.223.49: icmp_seq=732 ttl=41 time=106 ms
08-13 15:32:05.697  1045  1758 D cellinfo: 46 bytes from 54.197.223.49: icmp_seq=733 ttl=41 time=90.2 ms
08-13 15:32:06.141  1045  1758 D cellinfo: 46 bytes from 54.197.223.49: icmp_seq=734 ttl=41 time=331 ms
08-13 15:32:06.142  1045  1758 D cellinfo: 46 bytes from 54.197.223.49: icmp_seq=735 ttl=41 time=122 ms
08-13 15:32:06.306  1045  1758 D cellinfo: 46 bytes from 54.197.223.49: icmp_seq=736 ttl=41 time=87.9 ms
08-13 15:32:06.353  1045  1045 D cellinfo: onsignalStrengthsChanged: LTE Signal Strength info: rsrp: -87 rsrq: -11 rssi: -57 rssnr: 12
08-13 15:32:06.353  1045  1045 D cellinfo: onsignalStrengthsChanged: 5G-NR Signal Strength info: ssrsrp: -102 ssrsrq: -12 sssinr: 8
08-13 15:32:06.518  1045  1758 D cellinfo: 46 bytes from 54.197.223.49: icmp_seq=737 ttl=41 time=98.2 ms
08-13 15:32:06.780  1045  1758 D cellinfo: 46 bytes from 54.197.223.49: icmp_seq=738 ttl=41 time=160 ms
08-13 15:32:06.920  1045  1758 D cellinfo: 46 bytes from 54.197.223.49: icmp_seq=739 ttl=41 time=99.7 ms
08-13 15:32:07.114  1045  1045 D cellinfo: Latitude is 40.5120816
08-13 15:32:07.114  1045  1045 D cellinfo: Longitude is -86.8923633
08-13 15:32:07.114  1045  1045 D cellinfo: Instantaneous GPS information: United States, 672 E 650 N, West Lafayette, IN 47906, USA
08-13 15:32:07.114  1045  1045 D cellinfo: getCurrentLocation() result: Location (success): 40.5120816, -86.8923633
08-13 15:32:07.122  1045  1758 D cellinfo: 46 bytes from 54.197.223.49: icmp_seq=740 ttl=41 time=101 ms
08-13 15:32:07.180  1045  1045 D cellinfo: onCellInfoChanged: Operator: AT&T UpdateTimestamp: 78248248 CellConnectionStatus: 0
08-13 15:32:07.180  1045  1045 D cellinfo: onCellInfoChanged: LTE Cell Bands: [2] Bandwidth: 2147483647 Cell ID: 49418193 Physical Cell ID: 358 Tracking Area Code: 19980 EARFCN: 1150
08-13 15:32:07.321  1045  1758 D cellinfo: 46 bytes from 54.197.223.49: icmp_seq=741 ttl=41 time=99.8 ms
08-13 15:32:07.353  1045  1045 D cellinfo: onsignalStrengthsChanged: LTE Signal Strength info: rsrp: -87 rsrq: -11 rssi: -57 rssnr: 12
08-13 15:32:07.353  1045  1045 D cellinfo: onsignalStrengthsChanged: 5G-NR Signal Strength info: ssrsrp: -107 ssrsrq: -12 sssinr: 6
08-13 15:32:07.534  1045  1758 D cellinfo: 46 bytes from 54.197.223.49: icmp_seq=742 ttl=41 time=112 ms
08-13 15:32:07.731  1045  1758 D cellinfo: 46 bytes from 54.197.223.49: icmp_seq=743 ttl=41 time=107 ms
08-13 15:32:07.922  1045  1758 D cellinfo: 46 bytes from 54.197.223.49: icmp_seq=744 ttl=41 time=99.1 ms
08-13 15:32:08.110  1045  1045 D cellinfo: onsignalStrengthsChanged: LTE Signal Strength info: rsrp: -86 rsrq: -11 rssi: -57 rssnr: 12
08-13 15:32:08.111  1045  1045 D cellinfo: onsignalStrengthsChanged: 5G-NR Signal Strength info: ssrsrp: -107 ssrsrq: -12 sssinr: 6
08-13 15:32:08.119  1045  1758 D cellinfo: 46 bytes from 54.197.223.49: icmp_seq=745 ttl=41 time=94.5 ms
08-13 15:32:08.317  1045  1758 D cellinfo: 46 bytes from 54.197.223.49: icmp_seq=746 ttl=41 time=92.1 ms
08-13 15:32:08.352  1045  1045 D cellinfo: onsignalStrengthsChanged: LTE Signal Strength info: rsrp: -86 rsrq: -11 rssi: -57 rssnr: 12
08-13 15:32:08.352  1045  1045 D cellinfo: onsignalStrengthsChanged: 5G-NR Signal Strength info: ssrsrp: -104 ssrsrq: -12 sssinr: 5
08-13 15:32:08.529  1045  1758 D cellinfo: 46 bytes from 54.197.223.49: icmp_seq=747 ttl=41 time=102 ms
08-13 15:32:08.734  1045  1758 D cellinfo: 46 bytes from 54.197.223.49: icmp_seq=748 ttl=41 time=104 ms
08-13 15:32:08.912  1045  1758 D cellinfo: 46 bytes from 54.197.223.49: icmp_seq=749 ttl=41 time=83.3 ms
08-13 15:32:09.137  1045  1758 D cellinfo: 46 bytes from 54.197.223.49: icmp_seq=750 ttl=41 time=107 ms
08-13 15:32:09.336  1045  1758 D cellinfo: 46 bytes from 54.197.223.49: icmp_seq=751 ttl=41 time=105 ms
08-13 15:32:09.528  1045  1758 D cellinfo: 46 bytes from 54.197.223.49: icmp_seq=752 ttl=41 time=94.8 ms
08-13 15:32:09.749  1045  1758 D cellinfo: 46 bytes from 54.197.223.49: icmp_seq=753 ttl=41 time=117 ms
08-13 15:32:09.941  1045  1758 D cellinfo: 46 bytes from 54.197.223.49: icmp_seq=754 ttl=41 time=105 ms
08-13 15:32:10.119  1045  1045 D cellinfo: Latitude is 40.5120816
08-13 15:32:10.119  1045  1045 D cellinfo: Longitude is -86.8923633
08-13 15:32:10.119  1045  1045 D cellinfo: Instantaneous GPS information: United States, 672 E 650 N, West Lafayette, IN 47906, USA
08-13 15:32:10.119  1045  1045 D cellinfo: getCurrentLocation() result: Location (success): 40.5120816, -86.8923633
08-13 15:32:10.137  1045  1758 D cellinfo: 46 bytes from 54.197.223.49: icmp_seq=755 ttl=41 time=102 ms
08-13 15:32:10.159  1045  1045 D cellinfo: onCellInfoChanged: Operator: AT&T UpdateTimestamp: 78251224 CellConnectionStatus: 0
08-13 15:32:10.159  1045  1045 D cellinfo: onCellInfoChanged: LTE Cell Bands: [2] Bandwidth: 2147483647 Cell ID: 49418193 Physical Cell ID: 358 Tracking Area Code: 19980 EARFCN: 1150
08-13 15:32:10.339  1045  1758 D cellinfo: 46 bytes from 54.197.223.49: icmp_seq=756 ttl=41 time=104 ms
08-13 15:32:10.349  1045  1045 D cellinfo: onsignalStrengthsChanged: LTE Signal Strength info: rsrp: -86 rsrq: -11 rssi: -59 rssnr: 12
08-13 15:32:10.349  1045  1045 D cellinfo: onsignalStrengthsChanged: 5G-NR Signal Strength info: ssrsrp: -108 ssrsrq: -13 sssinr: 1
08-13 15:32:10.566  1045  1758 D cellinfo: 46 bytes from 54.197.223.49: icmp_seq=757 ttl=41 time=130 ms
08-13 15:32:10.750  1045  1758 D cellinfo: 46 bytes from 54.197.223.49: icmp_seq=758 ttl=41 time=112 ms
08-13 15:32:10.948  1045  1758 D cellinfo: 46 bytes from 54.197.223.49: icmp_seq=759 ttl=41 time=110 ms
08-13 15:32:11.147  1045  1758 D cellinfo: 46 bytes from 54.197.223.49: icmp_seq=760 ttl=41 time=108 ms
08-13 15:32:11.349  1045  1758 D cellinfo: 46 bytes from 54.197.223.49: icmp_seq=761 ttl=41 time=110 ms
08-13 15:32:11.363  1045  1045 D cellinfo: onsignalStrengthsChanged: LTE Signal Strength info: rsrp: -86 rsrq: -11 rssi: -59 rssnr: 12
08-13 15:32:11.364  1045  1045 D cellinfo: onsignalStrengthsChanged: 5G-NR Signal Strength info: ssrsrp: -108 ssrsrq: -13 sssinr: 2
08-13 15:32:11.542  1045  1758 D cellinfo: 46 bytes from 54.197.223.49: icmp_seq=762 ttl=41 time=101 ms
08-13 15:32:11.747  1045  1758 D cellinfo: 46 bytes from 54.197.223.49: icmp_seq=763 ttl=41 time=107 ms
08-13 15:32:11.940  1045  1758 D cellinfo: 46 bytes from 54.197.223.49: icmp_seq=764 ttl=41 time=97.9 ms
08-13 15:32:12.143  1045  1758 D cellinfo: 46 bytes from 54.197.223.49: icmp_seq=765 ttl=41 time=99.5 ms
08-13 15:32:12.351  1045  1045 D cellinfo: onsignalStrengthsChanged: LTE Signal Strength info: rsrp: -86 rsrq: -11 rssi: -57 rssnr: 12
08-13 15:32:12.351  1045  1045 D cellinfo: onsignalStrengthsChanged: 5G-NR Signal Strength info: ssrsrp: -111 ssrsrq: -14 sssinr: 0
08-13 15:32:12.355  1045  1758 D cellinfo: 46 bytes from 54.197.223.49: icmp_seq=766 ttl=41 time=111 ms
08-13 15:32:12.542  1045  1758 D cellinfo: 46 bytes from 54.197.223.49: icmp_seq=767 ttl=41 time=96.2 ms
08-13 15:32:12.746  1045  1758 D cellinfo: 46 bytes from 54.197.223.49: icmp_seq=768 ttl=41 time=101 ms
08-13 15:32:12.938  1045  1758 D cellinfo: 46 bytes from 54.197.223.49: icmp_seq=769 ttl=41 time=92.1 ms
08-13 15:32:13.161  1045  1758 D cellinfo: 46 bytes from 54.197.223.49: icmp_seq=770 ttl=41 time=113 ms
08-13 15:32:13.178  1045  1045 D cellinfo: onCellInfoChanged: Operator: AT&T UpdateTimestamp: 78254228 CellConnectionStatus: 0
08-13 15:32:13.178  1045  1045 D cellinfo: onCellInfoChanged: LTE Cell Bands: [2] Bandwidth: 2147483647 Cell ID: 49418193 Physical Cell ID: 358 Tracking Area Code: 19980 EARFCN: 1150
08-13 15:32:13.351  1045  1045 D cellinfo: onsignalStrengthsChanged: LTE Signal Strength info: rsrp: -86 rsrq: -11 rssi: -59 rssnr: 12
08-13 15:32:13.352  1045  1045 D cellinfo: onsignalStrengthsChanged: 5G-NR Signal Strength info: ssrsrp: -105 ssrsrq: -13 sssinr: 5
08-13 15:32:13.359  1045  1758 D cellinfo: 46 bytes from 54.197.223.49: icmp_seq=771 ttl=41 time=111 ms
08-13 15:32:13.559  1045  1758 D cellinfo: 46 bytes from 54.197.223.49: icmp_seq=772 ttl=41 time=109 ms
08-13 15:32:13.737  1045  1758 D cellinfo: 46 bytes from 54.197.223.49: icmp_seq=773 ttl=41 time=86.9 ms
08-13 15:32:13.960  1045  1758 D cellinfo: 46 bytes from 54.197.223.49: icmp_seq=774 ttl=41 time=105 ms
08-13 15:32:14.164  1045  1758 D cellinfo: 46 bytes from 54.197.223.49: icmp_seq=775 ttl=41 time=111 ms
08-13 15:32:14.352  1045  1045 D cellinfo: onsignalStrengthsChanged: LTE Signal Strength info: rsrp: -86 rsrq: -11 rssi: -59 rssnr: 12
08-13 15:32:14.352  1045  1045 D cellinfo: onsignalStrengthsChanged: 5G-NR Signal Strength info: ssrsrp: -103 ssrsrq: -12 sssinr: 13
08-13 15:32:14.357  1045  1758 D cellinfo: 46 bytes from 54.197.223.49: icmp_seq=776 ttl=41 time=104 ms
08-13 15:32:14.544  1045  1758 D cellinfo: 46 bytes from 54.197.223.49: icmp_seq=777 ttl=41 time=91.1 ms
08-13 15:32:14.759  1045  1758 D cellinfo: 46 bytes from 54.197.223.49: icmp_seq=778 ttl=41 time=104 ms
08-13 15:32:14.938  1045  1758 D cellinfo: 46 bytes from 54.197.223.49: icmp_seq=779 ttl=41 time=83.2 ms
08-13 15:32:15.171  1045  1758 D cellinfo: 46 bytes from 54.197.223.49: icmp_seq=780 ttl=41 time=114 ms
08-13 15:32:15.369  1045  1758 D cellinfo: 46 bytes from 54.197.223.49: icmp_seq=781 ttl=41 time=110 ms
08-13 15:32:15.687  1045  1758 D cellinfo: 46 bytes from 54.197.223.49: icmp_seq=782 ttl=41 time=225 ms
08-13 15:32:15.769  1045  1758 D cellinfo: 46 bytes from 54.197.223.49: icmp_seq=783 ttl=41 time=98.1 ms
08-13 15:32:15.959  1045  1758 D cellinfo: 46 bytes from 54.197.223.49: icmp_seq=784 ttl=41 time=86.0 ms
08-13 15:32:16.057  1045  1045 D cellinfo: Latitude is 40.5084109
08-13 15:32:16.057  1045  1045 D cellinfo: Longitude is -86.8895843
08-13 15:32:16.057  1045  1045 D cellinfo: Instantaneous GPS information: United States, 6281 N 75 E, West Lafayette, IN 47906, USA
08-13 15:32:16.057  1045  1045 D cellinfo: getCurrentLocation() result: Location (success): 40.5084109, -86.8895843
08-13 15:32:16.116  1045  1045 D cellinfo: Latitude is 40.5084109
08-13 15:32:16.116  1045  1045 D cellinfo: Longitude is -86.8895843
08-13 15:32:16.116  1045  1045 D cellinfo: Instantaneous GPS information: United States, 6281 N 75 E, West Lafayette, IN 47906, USA
08-13 15:32:16.117  1045  1045 D cellinfo: getCurrentLocation() result: Location (success): 40.5084109, -86.8895843
08-13 15:32:16.167  1045  1758 D cellinfo: 46 bytes from 54.197.223.49: icmp_seq=785 ttl=41 time=95.2 ms
08-13 15:32:16.176  1045  1045 D cellinfo: onCellInfoChanged: Operator: AT&T UpdateTimestamp: 78257242 CellConnectionStatus: 0
08-13 15:32:16.176  1045  1045 D cellinfo: onCellInfoChanged: LTE Cell Bands: [2] Bandwidth: 2147483647 Cell ID: 49418193 Physical Cell ID: 358 Tracking Area Code: 19980 EARFCN: 1150
08-13 15:32:16.352  1045  1045 D cellinfo: onsignalStrengthsChanged: LTE Signal Strength info: rsrp: -86 rsrq: -11 rssi: -61 rssnr: 12
08-13 15:32:16.352  1045  1045 D cellinfo: onsignalStrengthsChanged: 5G-NR Signal Strength info: ssrsrp: -111 ssrsrq: -14 sssinr: 1
08-13 15:32:16.359  1045  1758 D cellinfo: 46 bytes from 54.197.223.49: icmp_seq=786 ttl=41 time=84.3 ms
08-13 15:32:16.609  1045  1758 D cellinfo: 46 bytes from 54.197.223.49: icmp_seq=787 ttl=41 time=132 ms
08-13 15:32:16.861  1045  1758 D cellinfo: 46 bytes from 54.197.223.49: icmp_seq=788 ttl=41 time=186 ms
08-13 15:32:17.007  1045  1758 D cellinfo: 46 bytes from 54.197.223.49: icmp_seq=789 ttl=41 time=131 ms
08-13 15:32:17.071  1045  1045 D cellinfo: onsignalStrengthsChanged: LTE Signal Strength info: rsrp: -87 rsrq: -11 rssi: -63 rssnr: 12
08-13 15:32:17.072  1045  1045 D cellinfo: onsignalStrengthsChanged: 5G-NR Signal Strength info: ssrsrp: -111 ssrsrq: -14 sssinr: 1
08-13 15:32:17.200  1045  1758 D cellinfo: 46 bytes from 54.197.223.49: icmp_seq=790 ttl=41 time=123 ms
08-13 15:32:17.354  1045  1045 D cellinfo: onsignalStrengthsChanged: LTE Signal Strength info: rsrp: -87 rsrq: -11 rssi: -63 rssnr: 12
08-13 15:32:17.354  1045  1045 D cellinfo: onsignalStrengthsChanged: 5G-NR Signal Strength info: ssrsrp: -113 ssrsrq: -15 sssinr: 0
08-13 15:32:18.357  1045  1045 D cellinfo: onsignalStrengthsChanged: LTE Signal Strength info: rsrp: -87 rsrq: -11 rssi: -63 rssnr: 12
08-13 15:32:18.357  1045  1045 D cellinfo: onsignalStrengthsChanged: 5G-NR Signal Strength info: ssrsrp: -116 ssrsrq: -16 sssinr: 4
08-13 15:32:18.694  1045  1758 D cellinfo: 46 bytes from 54.197.223.49: icmp_seq=791 ttl=41 time=1416 ms
08-13 15:32:18.794  1045  1758 D cellinfo: 46 bytes from 54.197.223.49: icmp_seq=792 ttl=41 time=1310 ms
08-13 15:32:18.794  1045  1758 D cellinfo: 46 bytes from 54.197.223.49: icmp_seq=793 ttl=41 time=1108 ms
08-13 15:32:18.880  1045  1758 D cellinfo: 46 bytes from 54.197.223.49: icmp_seq=794 ttl=41 time=994 ms
08-13 15:32:18.881  1045  1758 D cellinfo: 46 bytes from 54.197.223.49: icmp_seq=795 ttl=41 time=794 ms
08-13 15:32:18.881  1045  1758 D cellinfo: 46 bytes from 54.197.223.49: icmp_seq=796 ttl=41 time=583 ms
08-13 15:32:18.881  1045  1758 D cellinfo: 46 bytes from 54.197.223.49: icmp_seq=797 ttl=41 time=382 ms
08-13 15:32:18.881  1045  1758 D cellinfo: 46 bytes from 54.197.223.49: icmp_seq=798 ttl=41 time=175 ms
08-13 15:32:18.956  1045  1758 D cellinfo: 46 bytes from 54.197.223.49: icmp_seq=794 ttl=41 time=1069 ms (DUP!)
08-13 15:32:18.956  1045  1758 D cellinfo: 46 bytes from 54.197.223.49: icmp_seq=795 ttl=41 time=869 ms (DUP!)
08-13 15:32:18.963  1045  1758 D cellinfo: 46 bytes from 54.197.223.49: icmp_seq=796 ttl=41 time=666 ms (DUP!)
08-13 15:32:18.963  1045  1758 D cellinfo: 46 bytes from 54.197.223.49: icmp_seq=797 ttl=41 time=465 ms (DUP!)
08-13 15:32:18.973  1045  1758 D cellinfo: 46 bytes from 54.197.223.49: icmp_seq=798 ttl=41 time=267 ms (DUP!)
08-13 15:32:19.038  1045  1758 D cellinfo: 46 bytes from 54.197.223.49: icmp_seq=799 ttl=41 time=131 ms
08-13 15:32:19.109  1045  1045 D cellinfo: Latitude is 40.5084109
08-13 15:32:19.109  1045  1045 D cellinfo: Longitude is -86.8895843
08-13 15:32:19.109  1045  1045 D cellinfo: Instantaneous GPS information: United States, 6281 N 75 E, West Lafayette, IN 47906, USA
08-13 15:32:19.109  1045  1045 D cellinfo: getCurrentLocation() result: Location (success): 40.5084109, -86.8895843
08-13 15:32:19.145  1045  1045 D cellinfo: onServiceStateChanged: Channel Number: 1150 Cell Bandwidths: [10000, 20000, 10000, 5000, 10000]
08-13 15:32:19.150  1045  1045 D cellinfo: onDisplayInfoChanged: NetworkType: LTE OverrideNetworkType: 5G (Sub-6 GHz)
08-13 15:32:19.157  1045  1045 D cellinfo: onsignalStrengthsChanged: LTE Signal Strength info: rsrp: -87 rsrq: -11 rssi: -63 rssnr: 12
08-13 15:32:19.174  1045  1758 D cellinfo: 46 bytes from 54.197.223.49: icmp_seq=800 ttl=41 time=69.9 ms
08-13 15:32:19.189  1045  1045 D cellinfo: onServiceStateChanged: Channel Number: 1150 Cell Bandwidths: [10000, 20000, 10000, 5000, 10000]
08-13 15:32:19.189  1045  1045 D cellinfo: onServiceStateChanged: Channel Number: 1150 Cell Bandwidths: [10000, 20000, 10000, 5000, 10000]
08-13 15:32:19.195  1045  1045 D cellinfo: onCellInfoChanged: Operator: AT&T UpdateTimestamp: 78260255 CellConnectionStatus: 0
08-13 15:32:19.195  1045  1045 D cellinfo: onCellInfoChanged: LTE Cell Bands: [2] Bandwidth: 2147483647 Cell ID: 49418193 Physical Cell ID: 358 Tracking Area Code: 19980 EARFCN: 1150
08-13 15:32:19.305  1045  1045 D cellinfo: onsignalStrengthsChanged: LTE Signal Strength info: rsrp: -88 rsrq: -11 rssi: -65 rssnr: 12
08-13 15:32:19.383  1045  1758 D cellinfo: 46 bytes from 54.197.223.49: icmp_seq=801 ttl=41 time=76.4 ms
08-13 15:32:19.598  1045  1758 D cellinfo: 46 bytes from 54.197.223.49: icmp_seq=802 ttl=41 time=92.1 ms
08-13 15:32:19.783  1045  1758 D cellinfo: 46 bytes from 54.197.223.49: icmp_seq=803 ttl=41 time=76.8 ms
08-13 15:32:19.998  1045  1758 D cellinfo: 46 bytes from 54.197.223.49: icmp_seq=804 ttl=41 time=91.2 ms
08-13 15:32:20.184  1045  1758 D cellinfo: 46 bytes from 54.197.223.49: icmp_seq=805 ttl=41 time=75.7 ms
08-13 15:32:20.398  1045  1758 D cellinfo: 46 bytes from 54.197.223.49: icmp_seq=806 ttl=41 time=88.8 ms
08-13 15:32:20.602  1045  1758 D cellinfo: 46 bytes from 54.197.223.49: icmp_seq=807 ttl=41 time=92.4 ms
08-13 15:32:20.800  1045  1758 D cellinfo: 46 bytes from 54.197.223.49: icmp_seq=808 ttl=41 time=89.5 ms
08-13 15:32:21.000  1045  1758 D cellinfo: 46 bytes from 54.197.223.49: icmp_seq=809 ttl=41 time=89.1 ms
08-13 15:32:21.199  1045  1758 D cellinfo: 46 bytes from 54.197.223.49: icmp_seq=810 ttl=41 time=86.2 ms
08-13 15:32:21.400  1045  1758 D cellinfo: 46 bytes from 54.197.223.49: icmp_seq=811 ttl=41 time=86.2 ms
08-13 15:32:21.552  1045  1045 D cellinfo: onsignalStrengthsChanged: LTE Signal Strength info: rsrp: -91 rsrq: -12 rssi: -73 rssnr: 12
08-13 15:32:21.599  1045  1758 D cellinfo: 46 bytes from 54.197.223.49: icmp_seq=812 ttl=41 time=83.0 ms
08-13 15:32:21.801  1045  1758 D cellinfo: 46 bytes from 54.197.223.49: icmp_seq=813 ttl=41 time=84.2 ms
08-13 15:32:21.999  1045  1758 D cellinfo: 46 bytes from 54.197.223.49: icmp_seq=814 ttl=41 time=81.4 ms
08-13 15:32:22.106  1045  1045 D cellinfo: Latitude is 40.5084109
08-13 15:32:22.106  1045  1045 D cellinfo: Longitude is -86.8895843
08-13 15:32:22.106  1045  1045 D cellinfo: Instantaneous GPS information: United States, 6281 N 75 E, West Lafayette, IN 47906, USA
08-13 15:32:22.106  1045  1045 D cellinfo: getCurrentLocation() result: Location (success): 40.5084109, -86.8895843
08-13 15:32:22.163  1045  1045 D cellinfo: onCellInfoChanged: Operator: AT&T UpdateTimestamp: 78263228 CellConnectionStatus: 0
08-13 15:32:22.163  1045  1045 D cellinfo: onCellInfoChanged: LTE Cell Bands: [2] Bandwidth: 2147483647 Cell ID: 49418193 Physical Cell ID: 358 Tracking Area Code: 19980 EARFCN: 1150
08-13 15:32:22.193  1045  1758 D cellinfo: 46 bytes from 54.197.223.49: icmp_seq=815 ttl=41 time=75.4 ms
08-13 15:32:22.415  1045  1758 D cellinfo: 46 bytes from 54.197.223.49: icmp_seq=816 ttl=41 time=95.9 ms
08-13 15:32:22.611  1045  1758 D cellinfo: 46 bytes from 54.197.223.49: icmp_seq=817 ttl=41 time=92.1 ms
08-13 15:32:22.819  1045  1758 D cellinfo: 46 bytes from 54.197.223.49: icmp_seq=818 ttl=41 time=99.0 ms
08-13 15:32:23.006  1045  1758 D cellinfo: 46 bytes from 54.197.223.49: icmp_seq=819 ttl=41 time=84.3 ms
08-13 15:32:23.213  1045  1758 D cellinfo: 46 bytes from 54.197.223.49: icmp_seq=820 ttl=41 time=92.0 ms
08-13 15:32:23.404  1045  1758 D cellinfo: 46 bytes from 54.197.223.49: icmp_seq=821 ttl=41 time=81.2 ms
08-13 15:32:23.614  1045  1758 D cellinfo: 46 bytes from 54.197.223.49: icmp_seq=822 ttl=41 time=91.3 ms
08-13 15:32:23.806  1045  1758 D cellinfo: 46 bytes from 54.197.223.49: icmp_seq=823 ttl=41 time=82.4 ms
08-13 15:32:24.013  1045  1758 D cellinfo: 46 bytes from 54.197.223.49: icmp_seq=824 ttl=41 time=87.9 ms
08-13 15:32:24.203  1045  1758 D cellinfo: 46 bytes from 54.197.223.49: icmp_seq=825 ttl=41 time=79.2 ms
08-13 15:32:24.413  1045  1758 D cellinfo: 46 bytes from 54.197.223.49: icmp_seq=826 ttl=41 time=87.9 ms
08-13 15:32:24.603  1045  1758 D cellinfo: 46 bytes from 54.197.223.49: icmp_seq=827 ttl=41 time=77.1 ms
08-13 15:32:24.821  1045  1758 D cellinfo: 46 bytes from 54.197.223.49: icmp_seq=828 ttl=41 time=94.0 ms
08-13 15:32:25.013  1045  1758 D cellinfo: 46 bytes from 54.197.223.49: icmp_seq=829 ttl=41 time=84.0 ms
08-13 15:32:25.112  1045  1045 D cellinfo: Latitude is 40.5084109
08-13 15:32:25.112  1045  1045 D cellinfo: Longitude is -86.8895843
08-13 15:32:25.112  1045  1045 D cellinfo: Instantaneous GPS information: United States, 6281 N 75 E, West Lafayette, IN 47906, USA
08-13 15:32:25.112  1045  1045 D cellinfo: getCurrentLocation() result: Location (success): 40.5084109, -86.8895843
08-13 15:32:25.162  1045  1045 D cellinfo: onCellInfoChanged: Operator: AT&T UpdateTimestamp: 78266226 CellConnectionStatus: 0
08-13 15:32:25.162  1045  1045 D cellinfo: onCellInfoChanged: LTE Cell Bands: [2] Bandwidth: 2147483647 Cell ID: 49418193 Physical Cell ID: 358 Tracking Area Code: 19980 EARFCN: 1150
08-13 15:32:25.213  1045  1758 D cellinfo: 46 bytes from 54.197.223.49: icmp_seq=830 ttl=41 time=85.8 ms
08-13 15:32:25.474  1045  1045 D cellinfo: onServiceStateChanged: Channel Number: 1150 Cell Bandwidths: [10000, 20000, 10000, 5000, 10000]
08-13 15:32:25.494  1045  1758 D cellinfo: 46 bytes from 54.197.223.49: icmp_seq=831 ttl=41 time=165 ms
08-13 15:32:25.562  1045  1045 D cellinfo: onsignalStrengthsChanged: LTE Signal Strength info: rsrp: -93 rsrq: -12 rssi: -71 rssnr: 12
08-13 15:32:25.578  1045  1045 D cellinfo: onServiceStateChanged: Channel Number: 1150 Cell Bandwidths: [10000, 20000, 10000, 5000, 10000]
08-13 15:32:25.624  1045  1758 D cellinfo: 46 bytes from 54.197.223.49: icmp_seq=832 ttl=41 time=96.1 ms
08-13 15:32:25.702  1045  1045 D cellinfo: onServiceStateChanged: Channel Number: 1150 Cell Bandwidths: [10000, 20000, 10000, 5000, 10000]
08-13 15:32:25.712  1045  1045 D cellinfo: onDisplayInfoChanged: NetworkType: LTE OverrideNetworkType: 5G (Sub-6 GHz)
08-13 15:32:25.834  1045  1758 D cellinfo: 46 bytes from 54.197.223.49: icmp_seq=833 ttl=41 time=105 ms
08-13 15:32:26.015  1045  1758 D cellinfo: 46 bytes from 54.197.223.49: icmp_seq=834 ttl=41 time=85.1 ms
08-13 15:32:26.333  1045  1758 D cellinfo: 46 bytes from 54.197.223.49: icmp_seq=835 ttl=41 time=202 ms
08-13 15:32:26.365  1045  1045 D cellinfo: onsignalStrengthsChanged: LTE Signal Strength info: rsrp: -95 rsrq: -12 rssi: -73 rssnr: 13
08-13 15:32:26.365  1045  1045 D cellinfo: onsignalStrengthsChanged: 5G-NR Signal Strength info: ssrsrp: -110 ssrsrq: -14 sssinr: 1
08-13 15:32:26.479  1045  1758 D cellinfo: 46 bytes from 54.197.223.49: icmp_seq=836 ttl=41 time=143 ms
08-13 15:32:26.653  1045  1758 D cellinfo: 46 bytes from 54.197.223.49: icmp_seq=837 ttl=41 time=117 ms
08-13 15:32:26.825  1045  1758 D cellinfo: 46 bytes from 54.197.223.49: icmp_seq=838 ttl=41 time=90.8 ms
08-13 15:32:27.025  1045  1758 D cellinfo: 46 bytes from 54.197.223.49: icmp_seq=839 ttl=41 time=88.2 ms
08-13 15:32:27.225  1045  1758 D cellinfo: 46 bytes from 54.197.223.49: icmp_seq=840 ttl=41 time=87.5 ms
08-13 15:32:27.370  1045  1045 D cellinfo: onsignalStrengthsChanged: LTE Signal Strength info: rsrp: -96 rsrq: -12 rssi: -73 rssnr: 13
08-13 15:32:27.370  1045  1045 D cellinfo: onsignalStrengthsChanged: 5G-NR Signal Strength info: ssrsrp: -110 ssrsrq: -18 sssinr: 0
08-13 15:32:27.416  1045  1758 D cellinfo: 46 bytes from 54.197.223.49: icmp_seq=841 ttl=41 time=77.5 ms
08-13 15:32:27.624  1045  1758 D cellinfo: 46 bytes from 54.197.223.49: icmp_seq=842 ttl=41 time=86.1 ms
08-13 15:32:27.825  1045  1758 D cellinfo: 46 bytes from 54.197.223.49: icmp_seq=843 ttl=41 time=84.5 ms
08-13 15:32:28.042  1045  1758 D cellinfo: 46 bytes from 54.197.223.49: icmp_seq=844 ttl=41 time=100 ms
08-13 15:32:28.234  1045  1758 D cellinfo: 46 bytes from 54.197.223.49: icmp_seq=845 ttl=41 time=93.5 ms
08-13 15:32:28.289  1045  1045 D cellinfo: onCellInfoChanged: Operator: AT&T UpdateTimestamp: 78269348 CellConnectionStatus: 0
08-13 15:32:28.289  1045  1045 D cellinfo: onCellInfoChanged: LTE Cell Bands: [2] Bandwidth: 2147483647 Cell ID: 49418193 Physical Cell ID: 358 Tracking Area Code: 19980 EARFCN: 1150
08-13 15:32:28.297  1045  1045 D cellinfo: onsignalStrengthsChanged: LTE Signal Strength info: rsrp: -98 rsrq: -12 rssi: -77 rssnr: 13
08-13 15:32:28.297  1045  1045 D cellinfo: onsignalStrengthsChanged: 5G-NR Signal Strength info: ssrsrp: -110 ssrsrq: -18 sssinr: 0
08-13 15:32:28.367  1045  1045 D cellinfo: onsignalStrengthsChanged: LTE Signal Strength info: rsrp: -98 rsrq: -12 rssi: -77 rssnr: 13
08-13 15:32:28.367  1045  1045 D cellinfo: onsignalStrengthsChanged: 5G-NR Signal Strength info: ssrsrp: -113 ssrsrq: -18 sssinr: 0
08-13 15:32:28.442  1045  1758 D cellinfo: 46 bytes from 54.197.223.49: icmp_seq=846 ttl=41 time=100 ms
08-13 15:32:28.639  1045  1758 D cellinfo: 46 bytes from 54.197.223.49: icmp_seq=847 ttl=41 time=97.0 ms
08-13 15:32:28.845  1045  1758 D cellinfo: 46 bytes from 54.197.223.49: icmp_seq=848 ttl=41 time=100 ms
08-13 15:32:29.059  1045  1758 D cellinfo: 46 bytes from 54.197.223.49: icmp_seq=849 ttl=41 time=114 ms
08-13 15:32:29.268  1045  1758 D cellinfo: 46 bytes from 54.197.223.49: icmp_seq=850 ttl=41 time=121 ms
08-13 15:32:29.458  1045  1758 D cellinfo: 46 bytes from 54.197.223.49: icmp_seq=851 ttl=41 time=110 ms
08-13 15:32:29.656  1045  1758 D cellinfo: 46 bytes from 54.197.223.49: icmp_seq=852 ttl=41 time=106 ms
08-13 15:32:29.856  1045  1758 D cellinfo: 46 bytes from 54.197.223.49: icmp_seq=853 ttl=41 time=103 ms
08-13 15:32:29.997  1045  1045 D cellinfo: Latitude is 40.5047414
08-13 15:32:29.998  1045  1045 D cellinfo: Longitude is -86.8868227
08-13 15:32:29.998  1045  1045 D cellinfo: Instantaneous GPS information: United States, I-65, West Lafayette, IN 47906, USA
08-13 15:32:29.998  1045  1045 D cellinfo: getCurrentLocation() result: Location (success): 40.5047414, -86.8868227
08-13 15:32:30.000  1045  1045 D cellinfo: onsignalStrengthsChanged: LTE Signal Strength info: rsrp: -98 rsrq: -12 rssi: -77 rssnr: 13
08-13 15:32:30.001  1045  1045 D cellinfo: onsignalStrengthsChanged: 5G-NR Signal Strength info: ssrsrp: -116 ssrsrq: -17 sssinr: 0
08-13 15:32:30.001  1045  1045 D cellinfo: onsignalStrengthsChanged: LTE Signal Strength info: rsrp: -99 rsrq: -13 rssi: -83 rssnr: 11
08-13 15:32:30.001  1045  1045 D cellinfo: onsignalStrengthsChanged: 5G-NR Signal Strength info: ssrsrp: -116 ssrsrq: -17 sssinr: 0
08-13 15:32:30.050  1045  1758 D cellinfo: 46 bytes from 54.197.223.49: icmp_seq=854 ttl=41 time=97.2 ms
08-13 15:32:30.262  1045  1758 D cellinfo: 46 bytes from 54.197.223.49: icmp_seq=855 ttl=41 time=108 ms
08-13 15:32:30.371  1045  1045 D cellinfo: onsignalStrengthsChanged: LTE Signal Strength info: rsrp: -99 rsrq: -13 rssi: -83 rssnr: 11
08-13 15:32:30.371  1045  1045 D cellinfo: onsignalStrengthsChanged: 5G-NR Signal Strength info: ssrsrp: -115 ssrsrq: -13 sssinr: 2
08-13 15:32:30.486  1045  1758 D cellinfo: 46 bytes from 54.197.223.49: icmp_seq=856 ttl=41 time=130 ms
08-13 15:32:30.508  1045  1045 D cellinfo: onsignalStrengthsChanged: LTE Signal Strength info: rsrp: -101 rsrq: -13 rssi: -79 rssnr: 11
08-13 15:32:30.508  1045  1045 D cellinfo: onsignalStrengthsChanged: 5G-NR Signal Strength info: ssrsrp: -115 ssrsrq: -13 sssinr: 2
08-13 15:32:30.684  1045  1758 D cellinfo: 46 bytes from 54.197.223.49: icmp_seq=857 ttl=41 time=127 ms
08-13 15:32:30.906  1045  1758 D cellinfo: 46 bytes from 54.197.223.49: icmp_seq=858 ttl=41 time=149 ms
08-13 15:32:31.074  1045  1758 D cellinfo: 46 bytes from 54.197.223.49: icmp_seq=859 ttl=41 time=117 ms
08-13 15:32:31.107  1045  1045 D cellinfo: Latitude is 40.5047414
08-13 15:32:31.108  1045  1045 D cellinfo: Longitude is -86.8868227
08-13 15:32:31.108  1045  1045 D cellinfo: Instantaneous GPS information: United States, I-65, West Lafayette, IN 47906, USA
08-13 15:32:31.108  1045  1045 D cellinfo: getCurrentLocation() result: Location (success): 40.5047414, -86.8868227
08-13 15:32:31.143  1045  1045 D cellinfo: onServiceStateChanged: Channel Number: 1150 Cell Bandwidths: [10000, 20000, 10000, 5000, 10000]
08-13 15:32:31.157  1045  1045 D cellinfo: onDisplayInfoChanged: NetworkType: LTE OverrideNetworkType: 5G (Sub-6 GHz)
08-13 15:32:31.167  1045  1045 D cellinfo: onsignalStrengthsChanged: LTE Signal Strength info: rsrp: -101 rsrq: -13 rssi: -79 rssnr: 11
08-13 15:32:31.184  1045  1045 D cellinfo: onServiceStateChanged: Channel Number: 1150 Cell Bandwidths: [10000, 20000, 10000, 5000, 10000]
08-13 15:32:31.184  1045  1045 D cellinfo: onServiceStateChanged: Channel Number: 1150 Cell Bandwidths: [10000, 20000, 10000, 5000, 10000]
08-13 15:32:31.197  1045  1045 D cellinfo: onCellInfoChanged: Operator: AT&T UpdateTimestamp: 78272265 CellConnectionStatus: 0
08-13 15:32:31.197  1045  1045 D cellinfo: onCellInfoChanged: LTE Cell Bands: [2] Bandwidth: 2147483647 Cell ID: 49418193 Physical Cell ID: 358 Tracking Area Code: 19980 EARFCN: 1150
08-13 15:32:31.253  1045  1758 D cellinfo: 46 bytes from 54.197.223.49: icmp_seq=860 ttl=41 time=95.3 ms
08-13 15:32:31.465  1045  1758 D cellinfo: 46 bytes from 54.197.223.49: icmp_seq=861 ttl=41 time=107 ms
08-13 15:32:31.645  1045  1758 D cellinfo: 46 bytes from 54.197.223.49: icmp_seq=862 ttl=41 time=84.3 ms
08-13 15:32:31.853  1045  1758 D cellinfo: 46 bytes from 54.197.223.49: icmp_seq=863 ttl=41 time=91.7 ms
08-13 15:32:32.093  1045  1758 D cellinfo: 46 bytes from 54.197.223.49: icmp_seq=864 ttl=41 time=131 ms
08-13 15:32:32.263  1045  1758 D cellinfo: 46 bytes from 54.197.223.49: icmp_seq=865 ttl=41 time=101 ms
08-13 15:32:32.446  1045  1758 D cellinfo: 46 bytes from 54.197.223.49: icmp_seq=866 ttl=41 time=83.4 ms
08-13 15:32:32.598  1045  1045 D cellinfo: onsignalStrengthsChanged: LTE Signal Strength info: rsrp: -102 rsrq: -13 rssi: -81 rssnr: 10
08-13 15:32:32.657  1045  1758 D cellinfo: 46 bytes from 54.197.223.49: icmp_seq=867 ttl=41 time=91.5 ms
08-13 15:32:32.863  1045  1758 D cellinfo: 46 bytes from 54.197.223.49: icmp_seq=868 ttl=41 time=95.2 ms
08-13 15:32:33.092  1045  1758 D cellinfo: 46 bytes from 54.197.223.49: icmp_seq=869 ttl=41 time=123 ms
08-13 15:32:33.253  1045  1758 D cellinfo: 46 bytes from 54.197.223.49: icmp_seq=870 ttl=41 time=86.8 ms
08-13 15:32:33.460  1045  1758 D cellinfo: 46 bytes from 54.197.223.49: icmp_seq=871 ttl=41 time=93.1 ms
08-13 15:32:33.647  1045  1758 D cellinfo: 46 bytes from 54.197.223.49: icmp_seq=872 ttl=41 time=76.1 ms
08-13 15:32:33.857  1045  1758 D cellinfo: 46 bytes from 54.197.223.49: icmp_seq=873 ttl=41 time=85.4 ms
08-13 15:32:34.065  1045  1758 D cellinfo: 46 bytes from 54.197.223.49: icmp_seq=874 ttl=41 time=92.4 ms
08-13 15:32:34.118  1045  1045 D cellinfo: Latitude is 40.5047414
08-13 15:32:34.118  1045  1045 D cellinfo: Longitude is -86.8868227
08-13 15:32:34.118  1045  1045 D cellinfo: Instantaneous GPS information: United States, I-65, West Lafayette, IN 47906, USA
08-13 15:32:34.118  1045  1045 D cellinfo: getCurrentLocation() result: Location (success): 40.5047414, -86.8868227
08-13 15:32:34.174  1045  1045 D cellinfo: onCellInfoChanged: Operator: AT&T UpdateTimestamp: 78275241 CellConnectionStatus: 0
08-13 15:32:34.174  1045  1045 D cellinfo: onCellInfoChanged: LTE Cell Bands: [2] Bandwidth: 2147483647 Cell ID: 49418193 Physical Cell ID: 358 Tracking Area Code: 19980 EARFCN: 1150
08-13 15:32:34.257  1045  1758 D cellinfo: 46 bytes from 54.197.223.49: icmp_seq=875 ttl=41 time=84.5 ms
08-13 15:32:34.357  1045  1045 D cellinfo: onServiceStateChanged: Channel Number: 1150 Cell Bandwidths: [10000, 20000, 10000, 5000, 10000]
08-13 15:32:34.464  1045  1758 D cellinfo: 46 bytes from 54.197.223.49: icmp_seq=876 ttl=41 time=90.5 ms
08-13 15:32:34.655  1045  1758 D cellinfo: 46 bytes from 54.197.223.49: icmp_seq=877 ttl=41 time=81.4 ms
08-13 15:32:34.864  1045  1758 D cellinfo: 46 bytes from 54.197.223.49: icmp_seq=878 ttl=41 time=87.7 ms
08-13 15:32:34.995  1045  1045 D cellinfo: onsignalStrengthsChanged: LTE Signal Strength info: rsrp: -105 rsrq: -13 rssi: -81 rssnr: 9
08-13 15:32:35.066  1045  1758 D cellinfo: 46 bytes from 54.197.223.49: icmp_seq=879 ttl=41 time=87.8 ms
08-13 15:32:35.283  1045  1758 D cellinfo: 46 bytes from 54.197.223.49: icmp_seq=880 ttl=41 time=102 ms
08-13 15:32:35.457  1045  1758 D cellinfo: 46 bytes from 54.197.223.49: icmp_seq=881 ttl=41 time=76.5 ms
08-13 15:32:35.598  1045  1045 D cellinfo: onsignalStrengthsChanged: LTE Signal Strength info: rsrp: -107 rsrq: -13 rssi: -81 rssnr: 8
08-13 15:32:35.655  1045  1758 D cellinfo: 46 bytes from 54.197.223.49: icmp_seq=882 ttl=41 time=74.9 ms
08-13 15:32:35.875  1045  1758 D cellinfo: 46 bytes from 54.197.223.49: icmp_seq=883 ttl=41 time=92.3 ms
08-13 15:32:36.080  1045  1758 D cellinfo: 46 bytes from 54.197.223.49: icmp_seq=884 ttl=41 time=95.4 ms
08-13 15:32:36.267  1045  1758 D cellinfo: 46 bytes from 54.197.223.49: icmp_seq=885 ttl=41 time=82.5 ms
08-13 15:32:36.468  1045  1758 D cellinfo: 46 bytes from 54.197.223.49: icmp_seq=886 ttl=41 time=84.3 ms
08-13 15:32:36.667  1045  1758 D cellinfo: 46 bytes from 54.197.223.49: icmp_seq=887 ttl=41 time=81.3 ms
08-13 15:32:36.869  1045  1758 D cellinfo: 46 bytes from 54.197.223.49: icmp_seq=888 ttl=41 time=81.8 ms
08-13 15:32:37.070  1045  1758 D cellinfo: 46 bytes from 54.197.223.49: icmp_seq=889 ttl=41 time=82.4 ms
08-13 15:32:37.125  1045  1045 D cellinfo: Latitude is 40.5047414
08-13 15:32:37.126  1045  1045 D cellinfo: Longitude is -86.8868227
08-13 15:32:37.126  1045  1045 D cellinfo: Instantaneous GPS information: United States, I-65, West Lafayette, IN 47906, USA
08-13 15:32:37.126  1045  1045 D cellinfo: getCurrentLocation() result: Location (success): 40.5047414, -86.8868227
08-13 15:32:37.178  1045  1045 D cellinfo: onCellInfoChanged: Operator: AT&T UpdateTimestamp: 78278240 CellConnectionStatus: 0
08-13 15:32:37.178  1045  1045 D cellinfo: onCellInfoChanged: LTE Cell Bands: [2] Bandwidth: 2147483647 Cell ID: 49418193 Physical Cell ID: 358 Tracking Area Code: 19980 EARFCN: 1150
08-13 15:32:37.230  1045  1045 D cellinfo: onsignalStrengthsChanged: LTE Signal Strength info: rsrp: -108 rsrq: -13 rssi: -77 rssnr: 8
08-13 15:32:37.269  1045  1045 D cellinfo: onServiceStateChanged: Channel Number: 1150 Cell Bandwidths: [10000, 20000, 10000, 5000, 10000]
08-13 15:32:37.270  1045  1758 D cellinfo: 46 bytes from 54.197.223.49: icmp_seq=890 ttl=41 time=84.1 ms
08-13 15:32:37.466  1045  1758 D cellinfo: 46 bytes from 54.197.223.49: icmp_seq=891 ttl=41 time=78.5 ms
08-13 15:32:37.693  1045  1758 D cellinfo: 46 bytes from 54.197.223.49: icmp_seq=892 ttl=41 time=105 ms
08-13 15:32:37.867  1045  1758 D cellinfo: 46 bytes from 54.197.223.49: icmp_seq=893 ttl=41 time=78.6 ms
08-13 15:32:38.094  1045  1758 D cellinfo: 46 bytes from 54.197.223.49: icmp_seq=894 ttl=41 time=104 ms
08-13 15:32:38.268  1045  1758 D cellinfo: 46 bytes from 54.197.223.49: icmp_seq=895 ttl=41 time=79.6 ms
08-13 15:32:38.467  1045  1758 D cellinfo: 46 bytes from 54.197.223.49: icmp_seq=896 ttl=41 time=77.8 ms
08-13 15:32:38.596  1045  1045 D cellinfo: onsignalStrengthsChanged: LTE Signal Strength info: rsrp: -108 rsrq: -13 rssi: -71 rssnr: 8
08-13 15:32:38.676  1045  1758 D cellinfo: 46 bytes from 54.197.223.49: icmp_seq=897 ttl=41 time=87.3 ms
08-13 15:32:38.892  1045  1758 D cellinfo: 46 bytes from 54.197.223.49: icmp_seq=898 ttl=41 time=102 ms
08-13 15:32:39.073  1045  1758 D cellinfo: 46 bytes from 54.197.223.49: icmp_seq=899 ttl=41 time=82.8 ms
08-13 15:32:39.267  1045  1758 D cellinfo: 46 bytes from 54.197.223.49: icmp_seq=900 ttl=41 time=76.0 ms
08-13 15:32:39.467  1045  1758 D cellinfo: 46 bytes from 54.197.223.49: icmp_seq=901 ttl=41 time=75.5 ms
08-13 15:32:39.487  1045  1045 D cellinfo: onsignalStrengthsChanged: LTE Signal Strength info: rsrp: -109 rsrq: -14 rssi: -73 rssnr: 7
08-13 15:32:39.692  1045  1758 D cellinfo: 46 bytes from 54.197.223.49: icmp_seq=902 ttl=41 time=101 ms
08-13 15:32:39.884  1045  1758 D cellinfo: 46 bytes from 54.197.223.49: icmp_seq=903 ttl=41 time=92.3 ms
08-13 15:32:40.097  1045  1758 D cellinfo: 46 bytes from 54.197.223.49: icmp_seq=904 ttl=41 time=103 ms
08-13 15:32:40.171  1045  1045 D cellinfo: onCellInfoChanged: Operator: AT&T UpdateTimestamp: 78281236 CellConnectionStatus: 0
08-13 15:32:40.171  1045  1045 D cellinfo: onCellInfoChanged: LTE Cell Bands: [2] Bandwidth: 2147483647 Cell ID: 49418193 Physical Cell ID: 358 Tracking Area Code: 19980 EARFCN: 1150
08-13 15:32:40.293  1045  1758 D cellinfo: 46 bytes from 54.197.223.49: icmp_seq=905 ttl=41 time=100 ms
08-13 15:32:40.504  1045  1758 D cellinfo: 46 bytes from 54.197.223.49: icmp_seq=906 ttl=41 time=110 ms
08-13 15:32:40.687  1045  1758 D cellinfo: 46 bytes from 54.197.223.49: icmp_seq=907 ttl=41 time=93.2 ms
08-13 15:32:40.894  1045  1758 D cellinfo: 46 bytes from 54.197.223.49: icmp_seq=908 ttl=41 time=99.0 ms
08-13 15:32:41.086  1045  1758 D cellinfo: 46 bytes from 54.197.223.49: icmp_seq=909 ttl=41 time=90.6 ms
08-13 15:32:41.302  1045  1758 D cellinfo: 46 bytes from 54.197.223.49: icmp_seq=910 ttl=41 time=107 ms
08-13 15:32:41.492  1045  1758 D cellinfo: 46 bytes from 54.197.223.49: icmp_seq=911 ttl=41 time=97.4 ms
08-13 15:32:41.597  1045  1045 D cellinfo: onsignalStrengthsChanged: LTE Signal Strength info: rsrp: -110 rsrq: -14 rssi: -83 rssnr: 7
08-13 15:32:41.694  1045  1758 D cellinfo: 46 bytes from 54.197.223.49: icmp_seq=912 ttl=41 time=97.5 ms
08-13 15:32:41.891  1045  1758 D cellinfo: 46 bytes from 54.197.223.49: icmp_seq=913 ttl=41 time=93.3 ms
08-13 15:32:42.097  1045  1758 D cellinfo: 46 bytes from 54.197.223.49: icmp_seq=914 ttl=41 time=96.3 ms
08-13 15:32:42.301  1045  1758 D cellinfo: 46 bytes from 54.197.223.49: icmp_seq=915 ttl=41 time=101 ms
08-13 15:32:42.495  1045  1758 D cellinfo: 46 bytes from 54.197.223.49: icmp_seq=916 ttl=41 time=91.1 ms
08-13 15:32:42.696  1045  1758 D cellinfo: 46 bytes from 54.197.223.49: icmp_seq=917 ttl=41 time=89.9 ms
08-13 15:32:42.821  1045  1045 D cellinfo: Latitude is 40.5013592
08-13 15:32:42.821  1045  1045 D cellinfo: Longitude is -86.8833632
08-13 15:32:42.822  1045  1045 D cellinfo: Instantaneous GPS information: United States, I-65, West Lafayette, IN 47906, USA
08-13 15:32:42.822  1045  1045 D cellinfo: getCurrentLocation() result: Location (success): 40.5013592, -86.8833632
08-13 15:32:42.906  1045  1758 D cellinfo: 46 bytes from 54.197.223.49: icmp_seq=918 ttl=41 time=99.3 ms
08-13 15:32:43.102  1045  1758 D cellinfo: 46 bytes from 54.197.223.49: icmp_seq=919 ttl=41 time=94.6 ms
08-13 15:32:43.122  1045  1045 D cellinfo: Latitude is 40.5013592
08-13 15:32:43.122  1045  1045 D cellinfo: Longitude is -86.8833632
08-13 15:32:43.122  1045  1045 D cellinfo: Instantaneous GPS information: United States, I-65, West Lafayette, IN 47906, USA
08-13 15:32:43.122  1045  1045 D cellinfo: getCurrentLocation() result: Location (success): 40.5013592, -86.8833632
08-13 15:32:43.185  1045  1045 D cellinfo: onCellInfoChanged: Operator: AT&T UpdateTimestamp: 78284250 CellConnectionStatus: 0
08-13 15:32:43.185  1045  1045 D cellinfo: onCellInfoChanged: LTE Cell Bands: [2] Bandwidth: 2147483647 Cell ID: 49418193 Physical Cell ID: 358 Tracking Area Code: 19980 EARFCN: 1150
08-13 15:32:43.311  1045  1758 D cellinfo: 46 bytes from 54.197.223.49: icmp_seq=920 ttl=41 time=102 ms
08-13 15:32:43.533  1045  1758 D cellinfo: 46 bytes from 54.197.223.49: icmp_seq=921 ttl=41 time=123 ms
08-13 15:32:43.712  1045  1758 D cellinfo: 46 bytes from 54.197.223.49: icmp_seq=922 ttl=41 time=100 ms
08-13 15:32:43.937  1045  1758 D cellinfo: 46 bytes from 54.197.223.49: icmp_seq=923 ttl=41 time=125 ms
08-13 15:32:44.130  1045  1758 D cellinfo: 46 bytes from 54.197.223.49: icmp_seq=924 ttl=41 time=117 ms
08-13 15:32:44.335  1045  1758 D cellinfo: 46 bytes from 54.197.223.49: icmp_seq=925 ttl=41 time=122 ms
08-13 15:32:44.520  1045  1758 D cellinfo: 46 bytes from 54.197.223.49: icmp_seq=926 ttl=41 time=106 ms
08-13 15:32:44.732  1045  1758 D cellinfo: 46 bytes from 54.197.223.49: icmp_seq=927 ttl=41 time=116 ms
08-13 15:32:44.922  1045  1758 D cellinfo: 46 bytes from 54.197.223.49: icmp_seq=928 ttl=41 time=105 ms
08-13 15:32:45.139  1045  1758 D cellinfo: 46 bytes from 54.197.223.49: icmp_seq=929 ttl=41 time=122 ms
08-13 15:32:45.374  1045  1758 D cellinfo: 46 bytes from 54.197.223.49: icmp_seq=930 ttl=41 time=154 ms
08-13 15:32:45.578  1045  1758 D cellinfo: 46 bytes from 54.197.223.49: icmp_seq=931 ttl=41 time=158 ms
08-13 15:32:45.720  1045  1758 D cellinfo: 46 bytes from 54.197.223.49: icmp_seq=932 ttl=41 time=99.5 ms
08-13 15:32:46.118  1045  1045 D cellinfo: Latitude is 40.5013592
08-13 15:32:46.118  1045  1045 D cellinfo: Longitude is -86.8833632
08-13 15:32:46.118  1045  1045 D cellinfo: Instantaneous GPS information: United States, I-65, West Lafayette, IN 47906, USA
08-13 15:32:46.118  1045  1045 D cellinfo: getCurrentLocation() result: Location (success): 40.5013592, -86.8833632
08-13 15:32:46.170  1045  1045 D cellinfo: onCellInfoChanged: Operator: AT&T UpdateTimestamp: 78287236 CellConnectionStatus: 0
08-13 15:32:46.171  1045  1045 D cellinfo: onCellInfoChanged: LTE Cell Bands: [2] Bandwidth: 2147483647 Cell ID: 49418193 Physical Cell ID: 358 Tracking Area Code: 19980 EARFCN: 1150
08-13 15:32:46.183  1045  1045 D cellinfo: onsignalStrengthsChanged: LTE Signal Strength info: rsrp: -112 rsrq: -15 rssi: -89 rssnr: 5
08-13 15:32:46.186  1045  1758 D cellinfo: 46 bytes from 54.197.223.49: icmp_seq=933 ttl=41 time=365 ms
08-13 15:32:46.190  1045  1758 D cellinfo: 46 bytes from 54.197.223.49: icmp_seq=934 ttl=41 time=160 ms
08-13 15:32:46.333  1045  1758 D cellinfo: 46 bytes from 54.197.223.49: icmp_seq=935 ttl=41 time=103 ms
08-13 15:32:46.546  1045  1758 D cellinfo: 46 bytes from 54.197.223.49: icmp_seq=936 ttl=41 time=114 ms
08-13 15:32:46.752  1045  1758 D cellinfo: 46 bytes from 54.197.223.49: icmp_seq=937 ttl=41 time=120 ms
08-13 15:32:47.065  1045  1758 D cellinfo: 46 bytes from 54.197.223.49: icmp_seq=938 ttl=41 time=233 ms
08-13 15:32:47.155  1045  1758 D cellinfo: 46 bytes from 54.197.223.49: icmp_seq=939 ttl=41 time=114 ms
08-13 15:32:47.373  1045  1758 D cellinfo: 46 bytes from 54.197.223.49: icmp_seq=940 ttl=41 time=131 ms
08-13 15:32:47.617  1045  1758 D cellinfo: 46 bytes from 54.197.223.49: icmp_seq=941 ttl=41 time=174 ms
08-13 15:32:47.777  1045  1758 D cellinfo: 46 bytes from 54.197.223.49: icmp_seq=942 ttl=41 time=133 ms
08-13 15:32:47.955  1045  1758 D cellinfo: 46 bytes from 54.197.223.49: icmp_seq=943 ttl=41 time=110 ms
08-13 15:32:48.173  1045  1758 D cellinfo: 46 bytes from 54.197.223.49: icmp_seq=944 ttl=41 time=128 ms
08-13 15:32:48.352  1045  1758 D cellinfo: 46 bytes from 54.197.223.49: icmp_seq=945 ttl=41 time=106 ms
08-13 15:32:48.442  1045  1045 D cellinfo: onsignalStrengthsChanged: LTE Signal Strength info: rsrp: -113 rsrq: -15 rssi: -87 rssnr: 5
08-13 15:32:48.577  1045  1758 D cellinfo: 46 bytes from 54.197.223.49: icmp_seq=946 ttl=41 time=131 ms
08-13 15:32:48.744  1045  1758 D cellinfo: 46 bytes from 54.197.223.49: icmp_seq=947 ttl=41 time=98.3 ms
08-13 15:32:48.959  1045  1758 D cellinfo: 46 bytes from 54.197.223.49: icmp_seq=948 ttl=41 time=113 ms
08-13 15:32:49.121  1045  1045 D cellinfo: Latitude is 40.5013592
08-13 15:32:49.121  1045  1045 D cellinfo: Longitude is -86.8833632
08-13 15:32:49.121  1045  1045 D cellinfo: Instantaneous GPS information: United States, I-65, West Lafayette, IN 47906, USA
08-13 15:32:49.121  1045  1045 D cellinfo: getCurrentLocation() result: Location (success): 40.5013592, -86.8833632
08-13 15:32:49.151  1045  1758 D cellinfo: 46 bytes from 54.197.223.49: icmp_seq=949 ttl=41 time=105 ms
08-13 15:32:49.167  1045  1045 D cellinfo: onCellInfoChanged: Operator: AT&T UpdateTimestamp: 78290232 CellConnectionStatus: 0
08-13 15:32:49.167  1045  1045 D cellinfo: onCellInfoChanged: LTE Cell Bands: [2] Bandwidth: 2147483647 Cell ID: 49418193 Physical Cell ID: 358 Tracking Area Code: 19980 EARFCN: 1150
08-13 15:32:49.351  1045  1758 D cellinfo: 46 bytes from 54.197.223.49: icmp_seq=950 ttl=41 time=103 ms
08-13 15:32:49.570  1045  1758 D cellinfo: 46 bytes from 54.197.223.49: icmp_seq=951 ttl=41 time=120 ms
08-13 15:32:49.740  1045  1758 D cellinfo: 46 bytes from 54.197.223.49: icmp_seq=952 ttl=41 time=90.3 ms
08-13 15:32:49.962  1045  1758 D cellinfo: 46 bytes from 54.197.223.49: icmp_seq=953 ttl=41 time=111 ms
08-13 15:32:50.161  1045  1758 D cellinfo: 46 bytes from 54.197.223.49: icmp_seq=954 ttl=41 time=110 ms
08-13 15:32:50.353  1045  1758 D cellinfo: 46 bytes from 54.197.223.49: icmp_seq=955 ttl=41 time=100 ms
08-13 15:32:50.552  1045  1758 D cellinfo: 46 bytes from 54.197.223.49: icmp_seq=956 ttl=41 time=98.2 ms
08-13 15:32:50.673  1045  1045 D cellinfo: onsignalStrengthsChanged: LTE Signal Strength info: rsrp: -117 rsrq: -15 rssi: -87 rssnr: 4
08-13 15:32:50.777  1045  1758 D cellinfo: 46 bytes from 54.197.223.49: icmp_seq=957 ttl=41 time=122 ms
08-13 15:32:50.988  1045  1758 D cellinfo: 46 bytes from 54.197.223.49: icmp_seq=958 ttl=41 time=132 ms
08-13 15:32:51.160  1045  1758 D cellinfo: 46 bytes from 54.197.223.49: icmp_seq=959 ttl=41 time=104 ms
08-13 15:32:51.375  1045  1758 D cellinfo: 46 bytes from 54.197.223.49: icmp_seq=960 ttl=41 time=118 ms
08-13 15:32:51.574  1045  1758 D cellinfo: 46 bytes from 54.197.223.49: icmp_seq=961 ttl=41 time=117 ms
