08-13 15:31:11.449  1045  1045 D cellinfo: onsignalStrengthsChanged: LTE Signal Strength info: rsrp: -94 rsrq: -15 rssi: -57 rssnr: -1
08-13 15:31:11.449  1045  1045 D cellinfo: onsignalStrengthsChanged: 5G-NR Signal Strength info: ssrsrp: -100 ssrsrq: -12 sssinr: 6
08-13 15:31:11.489  1045  1758 D cellinfo: 46 bytes from 54.197.223.49: icmp_seq=463 ttl=41 time=98.3 ms
08-13 15:31:11.681  1045  1758 D cellinfo: 46 bytes from 54.197.223.49: icmp_seq=464 ttl=41 time=88.8 ms
08-13 15:31:11.878  1045  1758 D cellinfo: 46 bytes from 54.197.223.49: icmp_seq=465 ttl=41 time=87.3 ms
08-13 15:31:12.079  1045  1758 D cellinfo: 46 bytes from 54.197.223.49: icmp_seq=466 ttl=41 time=87.5 ms
08-13 15:31:12.278  1045  1758 D cellinfo: 46 bytes from 54.197.223.49: icmp_seq=467 ttl=41 time=87.4 ms
08-13 15:31:12.456  1045  1045 D cellinfo: onsignalStrengthsChanged: LTE Signal Strength info: rsrp: -94 rsrq: -15 rssi: -55 rssnr: -1
08-13 15:31:12.456  1045  1045 D cellinfo: onsignalStrengthsChanged: 5G-NR Signal Strength info: ssrsrp: -98 ssrsrq: -12 sssinr: 8
08-13 15:31:12.487  1045  1758 D cellinfo: 46 bytes from 54.197.223.49: icmp_seq=468 ttl=41 time=95.2 ms
08-13 15:31:12.681  1045  1758 D cellinfo: 46 bytes from 54.197.223.49: icmp_seq=469 ttl=41 time=88.2 ms
08-13 15:31:12.878  1045  1758 D cellinfo: 46 bytes from 54.197.223.49: icmp_seq=470 ttl=41 time=85.1 ms
08-13 15:31:13.079  1045  1758 D cellinfo: 46 bytes from 54.197.223.49: icmp_seq=471 ttl=41 time=84.6 ms
08-13 15:31:13.291  1045  1758 D cellinfo: 46 bytes from 54.197.223.49: icmp_seq=472 ttl=41 time=96.3 ms
08-13 15:31:13.479  1045  1758 D cellinfo: 46 bytes from 54.197.223.49: icmp_seq=473 ttl=41 time=83.7 ms
08-13 15:31:13.892  1045  1758 D cellinfo: 46 bytes from 54.197.223.49: icmp_seq=474 ttl=41 time=295 ms
08-13 15:31:13.892  1045  1758 D cellinfo: 46 bytes from 54.197.223.49: icmp_seq=475 ttl=41 time=88.0 ms
08-13 15:31:13.897  1045  1045 D cellinfo: Latitude is 40.5252858
08-13 15:31:13.897  1045  1045 D cellinfo: Longitude is -86.9020794
08-13 15:31:13.897  1045  1045 D cellinfo: Instantaneous GPS information: United States, I-65, West Lafayette, IN 47906, USA
08-13 15:31:13.897  1045  1045 D cellinfo: getCurrentLocation() result: Location (success): 40.5252858, -86.9020794
08-13 15:31:13.900  1045  1045 D cellinfo: onsignalStrengthsChanged: LTE Signal Strength info: rsrp: -94 rsrq: -15 rssi: -55 rssnr: -1
08-13 15:31:13.900  1045  1045 D cellinfo: onsignalStrengthsChanged: 5G-NR Signal Strength info: ssrsrp: -99 ssrsrq: -12 sssinr: 7
08-13 15:31:13.914  1045  1045 D cellinfo: Latitude is 40.5252858
08-13 15:31:13.914  1045  1045 D cellinfo: Longitude is -86.9020794
08-13 15:31:13.914  1045  1045 D cellinfo: Instantaneous GPS information: United States, I-65, West Lafayette, IN 47906, USA
08-13 15:31:13.914  1045  1045 D cellinfo: getCurrentLocation() result: Location (success): 40.5252858, -86.9020794
08-13 15:31:14.098  1045  1758 D cellinfo: 46 bytes from 54.197.223.49: icmp_seq=476 ttl=41 time=93.8 ms
08-13 15:31:14.287  1045  1758 D cellinfo: 46 bytes from 54.197.223.49: icmp_seq=477 ttl=41 time=79.6 ms
08-13 15:31:14.457  1045  1045 D cellinfo: onsignalStrengthsChanged: LTE Signal Strength info: rsrp: -94 rsrq: -15 rssi: -57 rssnr: -1
08-13 15:31:14.457  1045  1045 D cellinfo: onsignalStrengthsChanged: 5G-NR Signal Strength info: ssrsrp: -97 ssrsrq: -12 sssinr: 7
08-13 15:31:14.499  1045  1758 D cellinfo: 46 bytes from 54.197.223.49: icmp_seq=478 ttl=41 time=90.7 ms
08-13 15:31:14.698  1045  1758 D cellinfo: 46 bytes from 54.197.223.49: icmp_seq=479 ttl=41 time=90.1 ms
08-13 15:31:14.906  1045  1758 D cellinfo: 46 bytes from 54.197.223.49: icmp_seq=480 ttl=41 time=96.1 ms
08-13 15:31:15.105  1045  1758 D cellinfo: 46 bytes from 54.197.223.49: icmp_seq=481 ttl=41 time=95.4 ms
08-13 15:31:15.189  1045  1045 D cellinfo: onCellInfoChanged: Operator: AT&T UpdateTimestamp: 78196252 CellConnectionStatus: 0
08-13 15:31:15.189  1045  1045 D cellinfo: onCellInfoChanged: LTE Cell Bands: [2] Bandwidth: 2147483647 Cell ID: 49417993 Physical Cell ID: 367 Tracking Area Code: 19980 EARFCN: 850
08-13 15:31:15.300  1045  1758 D cellinfo: 46 bytes from 54.197.223.49: icmp_seq=482 ttl=41 time=87.9 ms
08-13 15:31:15.454  1045  1045 D cellinfo: onsignalStrengthsChanged: LTE Signal Strength info: rsrp: -94 rsrq: -15 rssi: -57 rssnr: -1
08-13 15:31:15.454  1045  1045 D cellinfo: onsignalStrengthsChanged: 5G-NR Signal Strength info: ssrsrp: -101 ssrsrq: -12 sssinr: 6
08-13 15:31:15.508  1045  1758 D cellinfo: 46 bytes from 54.197.223.49: icmp_seq=483 ttl=41 time=92.8 ms
08-13 15:31:15.705  1045  1758 D cellinfo: 46 bytes from 54.197.223.49: icmp_seq=484 ttl=41 time=93.2 ms
08-13 15:31:15.901  1045  1758 D cellinfo: 46 bytes from 54.197.223.49: icmp_seq=485 ttl=41 time=86.9 ms
08-13 15:31:16.099  1045  1758 D cellinfo: 46 bytes from 54.197.223.49: icmp_seq=486 ttl=41 time=84.8 ms
08-13 15:31:16.117  1045  1045 D cellinfo: Latitude is 40.5252858
08-13 15:31:16.117  1045  1045 D cellinfo: Longitude is -86.9020794
08-13 15:31:16.117  1045  1045 D cellinfo: Instantaneous GPS information: United States, I-65, West Lafayette, IN 47906, USA
08-13 15:31:16.117  1045  1045 D cellinfo: getCurrentLocation() result: Location (success): 40.5252858, -86.9020794
08-13 15:31:16.298  1045  1758 D cellinfo: 46 bytes from 54.197.223.49: icmp_seq=487 ttl=41 time=83.9 ms
08-13 15:31:16.449  1045  1045 D cellinfo: onsignalStrengthsChanged: LTE Signal Strength info: rsrp: -94 rsrq: -15 rssi: -57 rssnr: -1
08-13 15:31:16.449  1045  1045 D cellinfo: onsignalStrengthsChanged: 5G-NR Signal Strength info: ssrsrp: -98 ssrsrq: -12 sssinr: 8
08-13 15:31:16.499  1045  1758 D cellinfo: 46 bytes from 54.197.223.49: icmp_seq=488 ttl=41 time=83.1 ms
08-13 15:31:16.702  1045  1758 D cellinfo: 46 bytes from 54.197.223.49: icmp_seq=489 ttl=41 time=85.2 ms
08-13 15:31:16.899  1045  1758 D cellinfo: 46 bytes from 54.197.223.49: icmp_seq=490 ttl=41 time=81.2 ms
08-13 15:31:17.099  1045  1758 D cellinfo: 46 bytes from 54.197.223.49: icmp_seq=491 ttl=41 time=80.0 ms
08-13 15:31:17.298  1045  1758 D cellinfo: 46 bytes from 54.197.223.49: icmp_seq=492 ttl=41 time=78.6 ms
08-13 15:31:17.518  1045  1758 D cellinfo: 46 bytes from 54.197.223.49: icmp_seq=493 ttl=41 time=98.2 ms
08-13 15:31:17.706  1045  1758 D cellinfo: 46 bytes from 54.197.223.49: icmp_seq=494 ttl=41 time=83.8 ms
08-13 15:31:17.919  1045  1758 D cellinfo: 46 bytes from 54.197.223.49: icmp_seq=495 ttl=41 time=98.1 ms
08-13 15:31:18.104  1045  1758 D cellinfo: 46 bytes from 54.197.223.49: icmp_seq=496 ttl=41 time=83.0 ms
08-13 15:31:18.340  1045  1045 D cellinfo: onServiceStateChanged: Channel Number: 850 Cell Bandwidths: [20000, 10000, 10000, 5000, 10000]
08-13 15:31:18.368  1045  1758 D cellinfo: 46 bytes from 54.197.223.49: icmp_seq=497 ttl=41 time=145 ms
08-13 15:31:18.512  1045  1758 D cellinfo: 46 bytes from 54.197.223.49: icmp_seq=498 ttl=41 time=87.4 ms
08-13 15:31:18.558  1045  1045 D cellinfo: onServiceStateChanged: Channel Number: 850 Cell Bandwidths: [20000, 10000, 10000, 5000, 10000]
08-13 15:31:18.569  1045  1045 D cellinfo: onsignalStrengthsChanged: LTE Signal Strength info: rsrp: -94 rsrq: -15 rssi: -61 rssnr: -2
08-13 15:31:18.570  1045  1045 D cellinfo: onsignalStrengthsChanged: 5G-NR Signal Strength info: ssrsrp: -100 ssrsrq: -12 sssinr: 8
08-13 15:31:18.585  1045  1045 D cellinfo: onCellInfoChanged: Operator: AT&T UpdateTimestamp: 78199647 CellConnectionStatus: 0
08-13 15:31:18.585  1045  1045 D cellinfo: onCellInfoChanged: LTE Cell Bands: [2] Bandwidth: 2147483647 Cell ID: 49418193 Physical Cell ID: 358 Tracking Area Code: 19980 EARFCN: 1150
08-13 15:31:18.613  1045  1045 D cellinfo: onServiceStateChanged: Channel Number: 1150 Cell Bandwidths: []
08-13 15:31:18.713  1045  1758 D cellinfo: 46 bytes from 54.197.223.49: icmp_seq=499 ttl=41 time=88.9 ms
08-13 15:31:18.902  1045  1758 D cellinfo: 46 bytes from 54.197.223.49: icmp_seq=500 ttl=41 time=76.9 ms
08-13 15:31:19.110  1045  1758 D cellinfo: 46 bytes from 54.197.223.49: icmp_seq=501 ttl=41 time=84.0 ms
08-13 15:31:19.121  1045  1045 D cellinfo: Latitude is 40.5252858
08-13 15:31:19.121  1045  1045 D cellinfo: Longitude is -86.9020794
08-13 15:31:19.121  1045  1045 D cellinfo: Instantaneous GPS information: United States, I-65, West Lafayette, IN 47906, USA
08-13 15:31:19.121  1045  1045 D cellinfo: getCurrentLocation() result: Location (success): 40.5252858, -86.9020794
08-13 15:31:19.173  1045  1045 D cellinfo: onCellInfoChanged: Operator: AT&T UpdateTimestamp: 78200241 CellConnectionStatus: 0
08-13 15:31:19.173  1045  1045 D cellinfo: onCellInfoChanged: LTE Cell Bands: [2] Bandwidth: 2147483647 Cell ID: 49418193 Physical Cell ID: 358 Tracking Area Code: 19980 EARFCN: 1150
08-13 15:31:19.309  1045  1758 D cellinfo: 46 bytes from 54.197.223.49: icmp_seq=502 ttl=41 time=83.3 ms
08-13 15:31:19.451  1045  1045 D cellinfo: onsignalStrengthsChanged: LTE Signal Strength info: rsrp: -93 rsrq: -15 rssi: -55 rssnr: -2
08-13 15:31:19.451  1045  1045 D cellinfo: onsignalStrengthsChanged: 5G-NR Signal Strength info: ssrsrp: -97 ssrsrq: -11 sssinr: 8
08-13 15:31:19.522  1045  1758 D cellinfo: 46 bytes from 54.197.223.49: icmp_seq=503 ttl=41 time=96.2 ms
08-13 15:31:19.702  1045  1758 D cellinfo: 46 bytes from 54.197.223.49: icmp_seq=504 ttl=41 time=76.5 ms
08-13 15:31:19.918  1045  1758 D cellinfo: 46 bytes from 54.197.223.49: icmp_seq=505 ttl=41 time=90.7 ms
08-13 15:31:20.109  1045  1758 D cellinfo: 46 bytes from 54.197.223.49: icmp_seq=506 ttl=41 time=82.0 ms
08-13 15:31:20.311  1045  1758 D cellinfo: 46 bytes from 54.197.223.49: icmp_seq=507 ttl=41 time=81.6 ms
08-13 15:31:20.456  1045  1045 D cellinfo: onsignalStrengthsChanged: LTE Signal Strength info: rsrp: -93 rsrq: -15 rssi: -55 rssnr: -2
08-13 15:31:20.456  1045  1045 D cellinfo: onsignalStrengthsChanged: 5G-NR Signal Strength info: ssrsrp: -99 ssrsrq: -11 sssinr: 8
08-13 15:31:20.513  1045  1758 D cellinfo: 46 bytes from 54.197.223.49: icmp_seq=508 ttl=41 time=84.0 ms
08-13 15:31:20.713  1045  1758 D cellinfo: 46 bytes from 54.197.223.49: icmp_seq=509 ttl=41 time=83.3 ms
08-13 15:31:20.910  1045  1758 D cellinfo: 46 bytes from 54.197.223.49: icmp_seq=510 ttl=41 time=78.8 ms
08-13 15:31:21.068  1045  1045 D cellinfo: onsignalStrengthsChanged: LTE Signal Strength info: rsrp: -90 rsrq: -14 rssi: -53 rssnr: 0
08-13 15:31:21.068  1045  1045 D cellinfo: onsignalStrengthsChanged: 5G-NR Signal Strength info: ssrsrp: -99 ssrsrq: -11 sssinr: 8
08-13 15:31:21.105  1045  1758 D cellinfo: 46 bytes from 54.197.223.49: icmp_seq=511 ttl=41 time=74.5 ms
08-13 15:31:21.308  1045  1758 D cellinfo: 46 bytes from 54.197.223.49: icmp_seq=512 ttl=41 time=74.2 ms
08-13 15:31:21.458  1045  1045 D cellinfo: onsignalStrengthsChanged: LTE Signal Strength info: rsrp: -90 rsrq: -14 rssi: -53 rssnr: 0
08-13 15:31:21.458  1045  1045 D cellinfo: onsignalStrengthsChanged: 5G-NR Signal Strength info: ssrsrp: -109 ssrsrq: -12 sssinr: 6
08-13 15:31:21.517  1045  1758 D cellinfo: 46 bytes from 54.197.223.49: icmp_seq=513 ttl=41 time=82.0 ms
08-13 15:31:21.637  1045  1045 D cellinfo: onCellInfoChanged: Operator: AT&T UpdateTimestamp: 78202702 CellConnectionStatus: 0
08-13 15:31:21.637  1045  1045 D cellinfo: onCellInfoChanged: LTE Cell Bands: [2] Bandwidth: 2147483647 Cell ID: 49418193 Physical Cell ID: 358 Tracking Area Code: 19980 EARFCN: 1150
08-13 15:31:21.734  1045  1758 D cellinfo: 46 bytes from 54.197.223.49: icmp_seq=514 ttl=41 time=99.1 ms
08-13 15:31:21.915  1045  1758 D cellinfo: 46 bytes from 54.197.223.49: icmp_seq=515 ttl=41 time=80.8 ms
08-13 15:31:22.106  1045  1045 D cellinfo: Latitude is 40.5252858
08-13 15:31:22.106  1045  1045 D cellinfo: Longitude is -86.9020794
08-13 15:31:22.106  1045  1045 D cellinfo: Instantaneous GPS information: United States, I-65, West Lafayette, IN 47906, USA
08-13 15:31:22.106  1045  1045 D cellinfo: getCurrentLocation() result: Location (success): 40.5252858, -86.9020794
08-13 15:31:22.119  1045  1758 D cellinfo: 46 bytes from 54.197.223.49: icmp_seq=516 ttl=41 time=83.5 ms
08-13 15:31:22.315  1045  1758 D cellinfo: 46 bytes from 54.197.223.49: icmp_seq=517 ttl=41 time=78.3 ms
08-13 15:31:22.529  1045  1758 D cellinfo: 46 bytes from 54.197.223.49: icmp_seq=518 ttl=41 time=91.8 ms
08-13 15:31:22.734  1045  1758 D cellinfo: 46 bytes from 54.197.223.49: icmp_seq=519 ttl=41 time=96.4 ms
08-13 15:31:22.931  1045  1758 D cellinfo: 46 bytes from 54.197.223.49: icmp_seq=520 ttl=41 time=92.9 ms
08-13 15:31:23.237  1045  1758 D cellinfo: 46 bytes from 54.197.223.49: icmp_seq=521 ttl=41 time=199 ms
08-13 15:31:23.303  1045  1045 D cellinfo: onsignalStrengthsChanged: LTE Signal Strength info: rsrp: -88 rsrq: -13 rssi: -55 rssnr: 1
08-13 15:31:23.303  1045  1045 D cellinfo: onsignalStrengthsChanged: 5G-NR Signal Strength info: ssrsrp: -111 ssrsrq: -12 sssinr: 5
08-13 15:31:23.318  1045  1758 D cellinfo: 46 bytes from 54.197.223.49: icmp_seq=522 ttl=41 time=80.3 ms
08-13 15:31:23.525  1045  1758 D cellinfo: 46 bytes from 54.197.223.49: icmp_seq=523 ttl=41 time=86.0 ms
08-13 15:31:23.538  1045  1045 D cellinfo: onsignalStrengthsChanged: LTE Signal Strength info: rsrp: -87 rsrq: -13 rssi: -55 rssnr: 3
08-13 15:31:23.538  1045  1045 D cellinfo: onsignalStrengthsChanged: 5G-NR Signal Strength info: ssrsrp: -112 ssrsrq: -13 sssinr: 3
08-13 15:31:23.715  1045  1758 D cellinfo: 46 bytes from 54.197.223.49: icmp_seq=524 ttl=41 time=75.6 ms
08-13 15:31:23.950  1045  1758 D cellinfo: 46 bytes from 54.197.223.49: icmp_seq=525 ttl=41 time=108 ms
08-13 15:31:24.160  1045  1758 D cellinfo: 46 bytes from 54.197.223.49: icmp_seq=526 ttl=41 time=116 ms
08-13 15:31:24.362  1045  1758 D cellinfo: 46 bytes from 54.197.223.49: icmp_seq=527 ttl=41 time=117 ms
08-13 15:31:24.541  1045  1758 D cellinfo: 46 bytes from 54.197.223.49: icmp_seq=528 ttl=41 time=92.2 ms
08-13 15:31:24.738  1045  1758 D cellinfo: 46 bytes from 54.197.223.49: icmp_seq=529 ttl=41 time=90.2 ms
08-13 15:31:24.926  1045  1758 D cellinfo: 46 bytes from 54.197.223.49: icmp_seq=530 ttl=41 time=75.9 ms
08-13 15:31:25.123  1045  1758 D cellinfo: 46 bytes from 54.197.223.49: icmp_seq=531 ttl=41 time=72.4 ms
08-13 15:31:25.170  1045  1045 D cellinfo: onCellInfoChanged: Operator: AT&T UpdateTimestamp: 78206234 CellConnectionStatus: 0
08-13 15:31:25.170  1045  1045 D cellinfo: onCellInfoChanged: LTE Cell Bands: [2] Bandwidth: 2147483647 Cell ID: 49418193 Physical Cell ID: 358 Tracking Area Code: 19980 EARFCN: 1150
08-13 15:31:25.338  1045  1758 D cellinfo: 46 bytes from 54.197.223.49: icmp_seq=532 ttl=41 time=86.8 ms
08-13 15:31:25.454  1045  1045 D cellinfo: onsignalStrengthsChanged: LTE Signal Strength info: rsrp: -87 rsrq: -13 rssi: -55 rssnr: 3
08-13 15:31:25.454  1045  1045 D cellinfo: onsignalStrengthsChanged: 5G-NR Signal Strength info: ssrsrp: -100 ssrsrq: -12 sssinr: 7
08-13 15:31:25.533  1045  1758 D cellinfo: 46 bytes from 54.197.223.49: icmp_seq=533 ttl=41 time=81.2 ms
08-13 15:31:25.548  1045  1045 D cellinfo: onsignalStrengthsChanged: LTE Signal Strength info: rsrp: -86 rsrq: -13 rssi: -57 rssnr: 5
08-13 15:31:25.548  1045  1045 D cellinfo: onsignalStrengthsChanged: 5G-NR Signal Strength info: ssrsrp: -100 ssrsrq: -12 sssinr: 7
08-13 15:31:25.753  1045  1758 D cellinfo: 46 bytes from 54.197.223.49: icmp_seq=534 ttl=41 time=99.5 ms
08-13 15:31:25.930  1045  1758 D cellinfo: 46 bytes from 54.197.223.49: icmp_seq=535 ttl=41 time=75.2 ms
08-13 15:31:26.144  1045  1758 D cellinfo: 46 bytes from 54.197.223.49: icmp_seq=536 ttl=41 time=88.7 ms
08-13 15:31:26.338  1045  1758 D cellinfo: 46 bytes from 54.197.223.49: icmp_seq=537 ttl=41 time=82.0 ms
08-13 15:31:26.542  1045  1758 D cellinfo: 46 bytes from 54.197.223.49: icmp_seq=538 ttl=41 time=84.0 ms
08-13 15:31:26.749  1045  1758 D cellinfo: 46 bytes from 54.197.223.49: icmp_seq=539 ttl=41 time=89.0 ms
08-13 15:31:26.754  1045  1045 D cellinfo: Latitude is 40.5220141
08-13 15:31:26.754  1045  1045 D cellinfo: Longitude is -86.8994526
08-13 15:31:26.754  1045  1045 D cellinfo: Instantaneous GPS information: United States, 518 E 725 N, West Lafayette, IN 47906, USA
08-13 15:31:26.754  1045  1045 D cellinfo: getCurrentLocation() result: Location (success): 40.5220141, -86.8994526
08-13 15:31:26.756  1045  1045 D cellinfo: onsignalStrengthsChanged: LTE Signal Strength info: rsrp: -86 rsrq: -13 rssi: -57 rssnr: 5
08-13 15:31:26.756  1045  1045 D cellinfo: onsignalStrengthsChanged: 5G-NR Signal Strength info: ssrsrp: -105 ssrsrq: -12 sssinr: 7
08-13 15:31:26.757  1045  1045 D cellinfo: onsignalStrengthsChanged: LTE Signal Strength info: rsrp: -85 rsrq: -12 rssi: -57 rssnr: 6
08-13 15:31:26.757  1045  1045 D cellinfo: onsignalStrengthsChanged: 5G-NR Signal Strength info: ssrsrp: -105 ssrsrq: -12 sssinr: 7
08-13 15:31:26.933  1045  1758 D cellinfo: 46 bytes from 54.197.223.49: icmp_seq=540 ttl=41 time=74.4 ms
08-13 15:31:27.138  1045  1758 D cellinfo: 46 bytes from 54.197.223.49: icmp_seq=541 ttl=41 time=77.4 ms
08-13 15:31:27.346  1045  1758 D cellinfo: 46 bytes from 54.197.223.49: icmp_seq=542 ttl=41 time=84.9 ms
08-13 15:31:27.457  1045  1045 D cellinfo: onsignalStrengthsChanged: LTE Signal Strength info: rsrp: -85 rsrq: -12 rssi: -57 rssnr: 6
08-13 15:31:27.457  1045  1045 D cellinfo: onsignalStrengthsChanged: 5G-NR Signal Strength info: ssrsrp: -104 ssrsrq: -12 sssinr: 9
08-13 15:31:27.544  1045  1758 D cellinfo: 46 bytes from 54.197.223.49: icmp_seq=543 ttl=41 time=80.8 ms
08-13 15:31:27.752  1045  1758 D cellinfo: 46 bytes from 54.197.223.49: icmp_seq=544 ttl=41 time=88.3 ms
08-13 15:31:27.956  1045  1758 D cellinfo: 46 bytes from 54.197.223.49: icmp_seq=545 ttl=41 time=90.5 ms
08-13 15:31:28.121  1045  1045 D cellinfo: Latitude is 40.5220141
08-13 15:31:28.121  1045  1045 D cellinfo: Longitude is -86.8994526
08-13 15:31:28.121  1045  1045 D cellinfo: Instantaneous GPS information: United States, 518 E 725 N, West Lafayette, IN 47906, USA
08-13 15:31:28.121  1045  1045 D cellinfo: getCurrentLocation() result: Location (success): 40.5220141, -86.8994526
08-13 15:31:28.146  1045  1758 D cellinfo: 46 bytes from 54.197.223.49: icmp_seq=546 ttl=41 time=80.3 ms
08-13 15:31:28.182  1045  1045 D cellinfo: onCellInfoChanged: Operator: AT&T UpdateTimestamp: 78209245 CellConnectionStatus: 0
08-13 15:31:28.182  1045  1045 D cellinfo: onCellInfoChanged: LTE Cell Bands: [2] Bandwidth: 2147483647 Cell ID: 49418193 Physical Cell ID: 358 Tracking Area Code: 19980 EARFCN: 1150
08-13 15:31:28.348  1045  1758 D cellinfo: 46 bytes from 54.197.223.49: icmp_seq=547 ttl=41 time=82.3 ms
08-13 15:31:28.548  1045  1758 D cellinfo: 46 bytes from 54.197.223.49: icmp_seq=548 ttl=41 time=80.8 ms
08-13 15:31:28.763  1045  1758 D cellinfo: 46 bytes from 54.197.223.49: icmp_seq=549 ttl=41 time=93.2 ms
08-13 15:31:28.969  1045  1758 D cellinfo: 46 bytes from 54.197.223.49: icmp_seq=550 ttl=41 time=100 ms
08-13 15:31:29.147  1045  1758 D cellinfo: 46 bytes from 54.197.223.49: icmp_seq=551 ttl=41 time=78.1 ms
08-13 15:31:29.359  1045  1758 D cellinfo: 46 bytes from 54.197.223.49: icmp_seq=552 ttl=41 time=88.9 ms
08-13 15:31:29.450  1045  1045 D cellinfo: onsignalStrengthsChanged: LTE Signal Strength info: rsrp: -84 rsrq: -12 rssi: -61 rssnr: 8
08-13 15:31:29.450  1045  1045 D cellinfo: onsignalStrengthsChanged: 5G-NR Signal Strength info: ssrsrp: -106 ssrsrq: -12 sssinr: 8
08-13 15:31:29.544  1045  1045 D cellinfo: onsignalStrengthsChanged: LTE Signal Strength info: rsrp: -84 rsrq: -12 rssi: -57 rssnr: 10
08-13 15:31:29.544  1045  1045 D cellinfo: onsignalStrengthsChanged: 5G-NR Signal Strength info: ssrsrp: -106 ssrsrq: -12 sssinr: 8
08-13 15:31:29.559  1045  1758 D cellinfo: 46 bytes from 54.197.223.49: icmp_seq=553 ttl=41 time=88.6 ms
08-13 15:31:29.754  1045  1758 D cellinfo: 46 bytes from 54.197.223.49: icmp_seq=554 ttl=41 time=83.3 ms
08-13 15:31:29.960  1045  1758 D cellinfo: 46 bytes from 54.197.223.49: icmp_seq=555 ttl=41 time=88.3 ms
08-13 15:31:30.031  1045  1045 D cellinfo: onsignalStrengthsChanged: LTE Signal Strength info: rsrp: -84 rsrq: -12 rssi: -63 rssnr: 12
08-13 15:31:30.031  1045  1045 D cellinfo: onsignalStrengthsChanged: 5G-NR Signal Strength info: ssrsrp: -106 ssrsrq: -12 sssinr: 8
08-13 15:31:30.186  1045  1758 D cellinfo: 46 bytes from 54.197.223.49: icmp_seq=556 ttl=41 time=112 ms
08-13 15:31:30.359  1045  1758 D cellinfo: 46 bytes from 54.197.223.49: icmp_seq=557 ttl=41 time=84.2 ms
08-13 15:31:30.565  1045  1758 D cellinfo: 46 bytes from 54.197.223.49: icmp_seq=558 ttl=41 time=89.1 ms
08-13 15:31:30.766  1045  1758 D cellinfo: 46 bytes from 54.197.223.49: icmp_seq=559 ttl=41 time=88.8 ms
08-13 15:31:30.975  1045  1758 D cellinfo: 46 bytes from 54.197.223.49: icmp_seq=560 ttl=41 time=94.8 ms
08-13 15:31:31.117  1045  1045 D cellinfo: Latitude is 40.5220141
08-13 15:31:31.117  1045  1045 D cellinfo: Longitude is -86.8994526
08-13 15:31:31.117  1045  1045 D cellinfo: Instantaneous GPS information: United States, 518 E 725 N, West Lafayette, IN 47906, USA
08-13 15:31:31.117  1045  1045 D cellinfo: getCurrentLocation() result: Location (success): 40.5220141, -86.8994526
08-13 15:31:31.164  1045  1758 D cellinfo: 46 bytes from 54.197.223.49: icmp_seq=561 ttl=41 time=84.2 ms
08-13 15:31:31.183  1045  1045 D cellinfo: onCellInfoChanged: Operator: AT&T UpdateTimestamp: 78212249 CellConnectionStatus: 0
08-13 15:31:31.183  1045  1045 D cellinfo: onCellInfoChanged: LTE Cell Bands: [2] Bandwidth: 2147483647 Cell ID: 49418193 Physical Cell ID: 358 Tracking Area Code: 19980 EARFCN: 1150
08-13 15:31:31.368  1045  1758 D cellinfo: 46 bytes from 54.197.223.49: icmp_seq=562 ttl=41 time=87.3 ms
08-13 15:31:31.449  1045  1045 D cellinfo: onsignalStrengthsChanged: LTE Signal Strength info: rsrp: -84 rsrq: -12 rssi: -63 rssnr: 12
08-13 15:31:31.449  1045  1045 D cellinfo: onsignalStrengthsChanged: 5G-NR Signal Strength info: ssrsrp: -104 ssrsrq: -11 sssinr: 9
08-13 15:31:31.579  1045  1758 D cellinfo: 46 bytes from 54.197.223.49: icmp_seq=563 ttl=41 time=96.5 ms
08-13 15:31:31.766  1045  1758 D cellinfo: 46 bytes from 54.197.223.49: icmp_seq=564 ttl=41 time=82.5 ms
08-13 15:31:31.981  1045  1758 D cellinfo: 46 bytes from 54.197.223.49: icmp_seq=565 ttl=41 time=96.6 ms
08-13 15:31:32.178  1045  1758 D cellinfo: 46 bytes from 54.197.223.49: icmp_seq=566 ttl=41 time=92.9 ms
08-13 15:31:32.373  1045  1758 D cellinfo: 46 bytes from 54.197.223.49: icmp_seq=567 ttl=41 time=87.2 ms
08-13 15:31:32.580  1045  1758 D cellinfo: 46 bytes from 54.197.223.49: icmp_seq=568 ttl=41 time=94.3 ms
08-13 15:31:32.769  1045  1758 D cellinfo: 46 bytes from 54.197.223.49: icmp_seq=569 ttl=41 time=81.3 ms
08-13 15:31:32.971  1045  1758 D cellinfo: 46 bytes from 54.197.223.49: icmp_seq=570 ttl=41 time=82.1 ms
08-13 15:31:33.178  1045  1758 D cellinfo: 46 bytes from 54.197.223.49: icmp_seq=571 ttl=41 time=88.8 ms
08-13 15:31:33.374  1045  1758 D cellinfo: 46 bytes from 54.197.223.49: icmp_seq=572 ttl=41 time=83.2 ms
08-13 15:31:33.579  1045  1758 D cellinfo: 46 bytes from 54.197.223.49: icmp_seq=573 ttl=41 time=87.2 ms
08-13 15:31:33.785  1045  1758 D cellinfo: 46 bytes from 54.197.223.49: icmp_seq=574 ttl=41 time=91.2 ms
08-13 15:31:33.991  1045  1758 D cellinfo: 46 bytes from 54.197.223.49: icmp_seq=575 ttl=41 time=96.2 ms
08-13 15:31:34.116  1045  1045 D cellinfo: Latitude is 40.5220141
08-13 15:31:34.116  1045  1045 D cellinfo: Longitude is -86.8994526
08-13 15:31:34.116  1045  1045 D cellinfo: Instantaneous GPS information: United States, 518 E 725 N, West Lafayette, IN 47906, USA
08-13 15:31:34.116  1045  1045 D cellinfo: getCurrentLocation() result: Location (success): 40.5220141, -86.8994526
08-13 15:31:34.171  1045  1758 D cellinfo: 46 bytes from 54.197.223.49: icmp_seq=576 ttl=41 time=75.9 ms
08-13 15:31:34.175  1045  1045 D cellinfo: onCellInfoChanged: Operator: AT&T UpdateTimestamp: 78215239 CellConnectionStatus: 0
08-13 15:31:34.175  1045  1045 D cellinfo: onCellInfoChanged: LTE Cell Bands: [2] Bandwidth: 2147483647 Cell ID: 49418193 Physical Cell ID: 358 Tracking Area Code: 19980 EARFCN: 1150
08-13 15:31:34.378  1045  1758 D cellinfo: 46 bytes from 54.197.223.49: icmp_seq=577 ttl=41 time=80.9 ms
08-13 15:31:34.509  1045  1045 D cellinfo: onsignalStrengthsChanged: LTE Signal Strength info: rsrp: -86 rsrq: -12 rssi: -57 rssnr: 11
08-13 15:31:34.510  1045  1045 D cellinfo: onsignalStrengthsChanged: 5G-NR Signal Strength info: ssrsrp: -102 ssrsrq: -11 sssinr: 12
08-13 15:31:34.581  1045  1758 D cellinfo: 46 bytes from 54.197.223.49: icmp_seq=578 ttl=41 time=83.6 ms
08-13 15:31:34.782  1045  1758 D cellinfo: 46 bytes from 54.197.223.49: icmp_seq=579 ttl=41 time=84.5 ms
08-13 15:31:34.985  1045  1758 D cellinfo: 46 bytes from 54.197.223.49: icmp_seq=580 ttl=41 time=85.6 ms
08-13 15:31:35.189  1045  1758 D cellinfo: 46 bytes from 54.197.223.49: icmp_seq=581 ttl=41 time=89.1 ms
08-13 15:31:35.381  1045  1758 D cellinfo: 46 bytes from 54.197.223.49: icmp_seq=582 ttl=41 time=81.4 ms
08-13 15:31:35.450  1045  1045 D cellinfo: onsignalStrengthsChanged: LTE Signal Strength info: rsrp: -86 rsrq: -12 rssi: -57 rssnr: 11
08-13 15:31:35.450  1045  1045 D cellinfo: onsignalStrengthsChanged: 5G-NR Signal Strength info: ssrsrp: -98 ssrsrq: -11 sssinr: 14
08-13 15:31:35.551  1045  1045 D cellinfo: onsignalStrengthsChanged: LTE Signal Strength info: rsrp: -87 rsrq: -12 rssi: -59 rssnr: 12
08-13 15:31:35.551  1045  1045 D cellinfo: onsignalStrengthsChanged: 5G-NR Signal Strength info: ssrsrp: -98 ssrsrq: -11 sssinr: 14
08-13 15:31:35.575  1045  1758 D cellinfo: 46 bytes from 54.197.223.49: icmp_seq=583 ttl=41 time=74.5 ms
08-13 15:31:35.789  1045  1758 D cellinfo: 46 bytes from 54.197.223.49: icmp_seq=584 ttl=41 time=85.8 ms
08-13 15:31:35.994  1045  1758 D cellinfo: 46 bytes from 54.197.223.49: icmp_seq=585 ttl=41 time=89.1 ms
08-13 15:31:36.182  1045  1758 D cellinfo: 46 bytes from 54.197.223.49: icmp_seq=586 ttl=41 time=78.3 ms
08-13 15:31:36.392  1045  1758 D cellinfo: 46 bytes from 54.197.223.49: icmp_seq=587 ttl=41 time=86.9 ms
08-13 15:31:36.458  1045  1045 D cellinfo: onsignalStrengthsChanged: LTE Signal Strength info: rsrp: -87 rsrq: -12 rssi: -59 rssnr: 12
08-13 15:31:36.458  1045  1045 D cellinfo: onsignalStrengthsChanged: 5G-NR Signal Strength info: ssrsrp: -103 ssrsrq: -11 sssinr: 14
08-13 15:31:36.593  1045  1758 D cellinfo: 46 bytes from 54.197.223.49: icmp_seq=588 ttl=41 time=86.5 ms
08-13 15:31:36.791  1045  1758 D cellinfo: 46 bytes from 54.197.223.49: icmp_seq=589 ttl=41 time=82.2 ms
08-13 15:31:36.999  1045  1758 D cellinfo: 46 bytes from 54.197.223.49: icmp_seq=590 ttl=41 time=90.0 ms
08-13 15:31:37.161  1045  1045 D cellinfo: onCellInfoChanged: Operator: AT&T UpdateTimestamp: 78218225 CellConnectionStatus: 0
08-13 15:31:37.161  1045  1045 D cellinfo: onCellInfoChanged: LTE Cell Bands: [2] Bandwidth: 2147483647 Cell ID: 49418193 Physical Cell ID: 358 Tracking Area Code: 19980 EARFCN: 1150
08-13 15:31:37.193  1045  1758 D cellinfo: 46 bytes from 54.197.223.49: icmp_seq=591 ttl=41 time=82.9 ms
08-13 15:31:37.403  1045  1758 D cellinfo: 46 bytes from 54.197.223.49: icmp_seq=592 ttl=41 time=91.2 ms
08-13 15:31:37.597  1045  1758 D cellinfo: 46 bytes from 54.197.223.49: icmp_seq=593 ttl=41 time=85.6 ms
08-13 15:31:37.797  1045  1758 D cellinfo: 46 bytes from 54.197.223.49: icmp_seq=594 ttl=41 time=83.8 ms
08-13 15:31:38.000  1045  1758 D cellinfo: 46 bytes from 54.197.223.49: icmp_seq=595 ttl=41 time=85.8 ms
08-13 15:31:38.193  1045  1758 D cellinfo: 46 bytes from 54.197.223.49: icmp_seq=596 ttl=41 time=77.8 ms
08-13 15:31:38.391  1045  1758 D cellinfo: 46 bytes from 54.197.223.49: icmp_seq=597 ttl=41 time=75.0 ms
08-13 15:31:38.614  1045  1758 D cellinfo: 46 bytes from 54.197.223.49: icmp_seq=598 ttl=41 time=95.1 ms
08-13 15:31:38.765  1045  1045 D cellinfo: Latitude is 40.5186387
08-13 15:31:38.765  1045  1045 D cellinfo: Longitude is -86.8972462
08-13 15:31:38.765  1045  1045 D cellinfo: Instantaneous GPS information: United States, I-65, West Lafayette, IN 47906, USA
08-13 15:31:38.765  1045  1045 D cellinfo: getCurrentLocation() result: Location (success): 40.5186387, -86.8972462
08-13 15:31:38.810  1045  1758 D cellinfo: 46 bytes from 54.197.223.49: icmp_seq=599 ttl=41 time=90.4 ms
08-13 15:31:39.011  1045  1758 D cellinfo: 46 bytes from 54.197.223.49: icmp_seq=600 ttl=41 time=91.3 ms
08-13 15:31:39.207  1045  1758 D cellinfo: 46 bytes from 54.197.223.49: icmp_seq=601 ttl=41 time=85.7 ms
08-13 15:31:39.413  1045  1758 D cellinfo: 46 bytes from 54.197.223.49: icmp_seq=602 ttl=41 time=89.2 ms
08-13 15:31:39.456  1045  1045 D cellinfo: onsignalStrengthsChanged: LTE Signal Strength info: rsrp: -89 rsrq: -12 rssi: -63 rssnr: 12
08-13 15:31:39.456  1045  1045 D cellinfo: onsignalStrengthsChanged: 5G-NR Signal Strength info: ssrsrp: -107 ssrsrq: -11 sssinr: 9
08-13 15:31:39.624  1045  1758 D cellinfo: 46 bytes from 54.197.223.49: icmp_seq=603 ttl=41 time=99.9 ms
08-13 15:31:39.810  1045  1758 D cellinfo: 46 bytes from 54.197.223.49: icmp_seq=604 ttl=41 time=85.2 ms
08-13 15:31:40.026  1045  1758 D cellinfo: 46 bytes from 54.197.223.49: icmp_seq=605 ttl=41 time=100 ms
08-13 15:31:40.117  1045  1045 D cellinfo: Latitude is 40.5186387
08-13 15:31:40.117  1045  1045 D cellinfo: Longitude is -86.8972462
08-13 15:31:40.117  1045  1045 D cellinfo: Instantaneous GPS information: United States, I-65, West Lafayette, IN 47906, USA
08-13 15:31:40.117  1045  1045 D cellinfo: getCurrentLocation() result: Location (success): 40.5186387, -86.8972462
08-13 15:31:40.176  1045  1045 D cellinfo: onCellInfoChanged: Operator: AT&T UpdateTimestamp: 78221243 CellConnectionStatus: 0
08-13 15:31:40.176  1045  1045 D cellinfo: onCellInfoChanged: LTE Cell Bands: [2] Bandwidth: 2147483647 Cell ID: 49418193 Physical Cell ID: 358 Tracking Area Code: 19980 EARFCN: 1150
08-13 15:31:40.203  1045  1758 D cellinfo: 46 bytes from 54.197.223.49: icmp_seq=606 ttl=41 time=76.9 ms
08-13 15:31:40.418  1045  1758 D cellinfo: 46 bytes from 54.197.223.49: icmp_seq=607 ttl=41 time=91.4 ms
08-13 15:31:40.609  1045  1758 D cellinfo: 46 bytes from 54.197.223.49: icmp_seq=608 ttl=41 time=82.4 ms
08-13 15:31:40.826  1045  1758 D cellinfo: 46 bytes from 54.197.223.49: icmp_seq=609 ttl=41 time=98.8 ms
08-13 15:31:41.015  1045  1758 D cellinfo: 46 bytes from 54.197.223.49: icmp_seq=610 ttl=41 time=86.1 ms
08-13 15:31:41.224  1045  1758 D cellinfo: 46 bytes from 54.197.223.49: icmp_seq=611 ttl=41 time=95.8 ms
08-13 15:31:41.423  1045  1758 D cellinfo: 46 bytes from 54.197.223.49: icmp_seq=612 ttl=41 time=94.4 ms
08-13 15:31:41.647  1045  1758 D cellinfo: 46 bytes from 54.197.223.49: icmp_seq=613 ttl=41 time=116 ms
08-13 15:31:41.823  1045  1758 D cellinfo: 46 bytes from 54.197.223.49: icmp_seq=614 ttl=41 time=91.4 ms
08-13 15:31:42.013  1045  1758 D cellinfo: 46 bytes from 54.197.223.49: icmp_seq=615 ttl=41 time=81.7 ms
08-13 15:31:42.222  1045  1758 D cellinfo: 46 bytes from 54.197.223.49: icmp_seq=616 ttl=41 time=90.4 ms
08-13 15:31:42.432  1045  1758 D cellinfo: 46 bytes from 54.197.223.49: icmp_seq=617 ttl=41 time=98.7 ms
08-13 15:31:42.455  1045  1045 D cellinfo: onsignalStrengthsChanged: LTE Signal Strength info: rsrp: -90 rsrq: -12 rssi: -63 rssnr: 12
08-13 15:31:42.455  1045  1045 D cellinfo: onsignalStrengthsChanged: 5G-NR Signal Strength info: ssrsrp: -103 ssrsrq: -11 sssinr: 14
08-13 15:31:42.625  1045  1758 D cellinfo: 46 bytes from 54.197.223.49: icmp_seq=618 ttl=41 time=91.8 ms
08-13 15:31:42.823  1045  1758 D cellinfo: 46 bytes from 54.197.223.49: icmp_seq=619 ttl=41 time=90.8 ms
08-13 15:31:43.029  1045  1758 D cellinfo: 46 bytes from 54.197.223.49: icmp_seq=620 ttl=41 time=94.8 ms
08-13 15:31:43.115  1045  1045 D cellinfo: Latitude is 40.5186387
08-13 15:31:43.115  1045  1045 D cellinfo: Longitude is -86.8972462
08-13 15:31:43.115  1045  1045 D cellinfo: Instantaneous GPS information: United States, I-65, West Lafayette, IN 47906, USA
08-13 15:31:43.115  1045  1045 D cellinfo: getCurrentLocation() result: Location (success): 40.5186387, -86.8972462
08-13 15:31:43.172  1045  1045 D cellinfo: onCellInfoChanged: Operator: AT&T UpdateTimestamp: 78224237 CellConnectionStatus: 0
08-13 15:31:43.172  1045  1045 D cellinfo: onCellInfoChanged: LTE Cell Bands: [2] Bandwidth: 2147483647 Cell ID: 49418193 Physical Cell ID: 358 Tracking Area Code: 19980 EARFCN: 1150
08-13 15:31:43.224  1045  1758 D cellinfo: 46 bytes from 54.197.223.49: icmp_seq=621 ttl=41 time=90.1 ms
08-13 15:31:43.433  1045  1758 D cellinfo: 46 bytes from 54.197.223.49: icmp_seq=622 ttl=41 time=96.3 ms
08-13 15:31:43.454  1045  1045 D cellinfo: onsignalStrengthsChanged: LTE Signal Strength info: rsrp: -90 rsrq: -12 rssi: -63 rssnr: 12
08-13 15:31:43.454  1045  1045 D cellinfo: onsignalStrengthsChanged: 5G-NR Signal Strength info: ssrsrp: -106 ssrsrq: -11 sssinr: 9
08-13 15:31:43.639  1045  1758 D cellinfo: 46 bytes from 54.197.223.49: icmp_seq=623 ttl=41 time=102 ms
08-13 15:31:43.849  1045  1758 D cellinfo: 46 bytes from 54.197.223.49: icmp_seq=624 ttl=41 time=110 ms
08-13 15:31:44.037  1045  1758 D cellinfo: 46 bytes from 54.197.223.49: icmp_seq=625 ttl=41 time=96.6 ms
08-13 15:31:44.231  1045  1758 D cellinfo: 46 bytes from 54.197.223.49: icmp_seq=626 ttl=41 time=91.6 ms
08-13 15:31:44.443  1045  1758 D cellinfo: 46 bytes from 54.197.223.49: icmp_seq=627 ttl=41 time=104 ms
08-13 15:31:44.454  1045  1045 D cellinfo: onsignalStrengthsChanged: LTE Signal Strength info: rsrp: -90 rsrq: -12 rssi: -65 rssnr: 13
08-13 15:31:44.454  1045  1045 D cellinfo: onsignalStrengthsChanged: 5G-NR Signal Strength info: ssrsrp: -109 ssrsrq: -12 sssinr: 8
08-13 15:31:44.555  1045  1045 D cellinfo: onsignalStrengthsChanged: LTE Signal Strength info: rsrp: -91 rsrq: -12 rssi: -63 rssnr: 12
08-13 15:31:44.555  1045  1045 D cellinfo: onsignalStrengthsChanged: 5G-NR Signal Strength info: ssrsrp: -109 ssrsrq: -12 sssinr: 8
08-13 15:31:44.659  1045  1758 D cellinfo: 46 bytes from 54.197.223.49: icmp_seq=628 ttl=41 time=119 ms
08-13 15:31:44.833  1045  1758 D cellinfo: 46 bytes from 54.197.223.49: icmp_seq=629 ttl=41 time=92.8 ms
08-13 15:31:45.056  1045  1758 D cellinfo: 46 bytes from 54.197.223.49: icmp_seq=630 ttl=41 time=116 ms
08-13 15:31:45.251  1045  1758 D cellinfo: 46 bytes from 54.197.223.49: icmp_seq=631 ttl=41 time=110 ms
08-13 15:31:45.434  1045  1758 D cellinfo: 46 bytes from 54.197.223.49: icmp_seq=632 ttl=41 time=92.6 ms
08-13 15:31:45.455  1045  1045 D cellinfo: onsignalStrengthsChanged: LTE Signal Strength info: rsrp: -91 rsrq: -12 rssi: -63 rssnr: 12
08-13 15:31:45.455  1045  1045 D cellinfo: onsignalStrengthsChanged: 5G-NR Signal Strength info: ssrsrp: -107 ssrsrq: -12 sssinr: 7
08-13 15:31:45.637  1045  1758 D cellinfo: 46 bytes from 54.197.223.49: icmp_seq=633 ttl=41 time=96.3 ms
08-13 15:31:45.837  1045  1758 D cellinfo: 46 bytes from 54.197.223.49: icmp_seq=634 ttl=41 time=96.2 ms
08-13 15:31:46.031  1045  1758 D cellinfo: 46 bytes from 54.197.223.49: icmp_seq=635 ttl=41 time=86.8 ms
08-13 15:31:46.115  1045  1045 D cellinfo: Latitude is 40.5186387
08-13 15:31:46.115  1045  1045 D cellinfo: Longitude is -86.8972462
08-13 15:31:46.115  1045  1045 D cellinfo: Instantaneous GPS information: United States, I-65, West Lafayette, IN 47906, USA
08-13 15:31:46.115  1045  1045 D cellinfo: getCurrentLocation() result: Location (success): 40.5186387, -86.8972462
08-13 15:31:46.161  1045  1045 D cellinfo: onCellInfoChanged: Operator: AT&T UpdateTimestamp: 78227225 CellConnectionStatus: 0
08-13 15:31:46.161  1045  1045 D cellinfo: onCellInfoChanged: LTE Cell Bands: [2] Bandwidth: 2147483647 Cell ID: 49418193 Physical Cell ID: 358 Tracking Area Code: 19980 EARFCN: 1150
08-13 15:31:46.234  1045  1758 D cellinfo: 46 bytes from 54.197.223.49: icmp_seq=636 ttl=41 time=92.1 ms
08-13 15:31:46.421  1045  1758 D cellinfo: 46 bytes from 54.197.223.49: icmp_seq=637 ttl=41 time=76.7 ms
08-13 15:31:46.453  1045  1045 D cellinfo: onsignalStrengthsChanged: LTE Signal Strength info: rsrp: -91 rsrq: -12 rssi: -63 rssnr: 12
08-13 15:31:46.453  1045  1045 D cellinfo: onsignalStrengthsChanged: 5G-NR Signal Strength info: ssrsrp: -101 ssrsrq: -11 sssinr: 12
08-13 15:31:46.627  1045  1758 D cellinfo: 46 bytes from 54.197.223.49: icmp_seq=638 ttl=41 time=83.3 ms
08-13 15:31:46.828  1045  1758 D cellinfo: 46 bytes from 54.197.223.49: icmp_seq=639 ttl=41 time=83.1 ms
08-13 15:31:47.042  1045  1758 D cellinfo: 46 bytes from 54.197.223.49: icmp_seq=640 ttl=41 time=96.2 ms
08-13 15:31:47.222  1045  1758 D cellinfo: 46 bytes from 54.197.223.49: icmp_seq=641 ttl=41 time=75.9 ms
08-13 15:31:47.438  1045  1758 D cellinfo: 46 bytes from 54.197.223.49: icmp_seq=642 ttl=41 time=90.4 ms
08-13 15:31:47.642  1045  1758 D cellinfo: 46 bytes from 54.197.223.49: icmp_seq=643 ttl=41 time=95.0 ms
08-13 15:31:47.848  1045  1758 D cellinfo: 46 bytes from 54.197.223.49: icmp_seq=644 ttl=41 time=99.1 ms
08-13 15:31:48.036  1045  1758 D cellinfo: 46 bytes from 54.197.223.49: icmp_seq=645 ttl=41 time=86.9 ms
08-13 15:31:48.244  1045  1758 D cellinfo: 46 bytes from 54.197.223.49: icmp_seq=646 ttl=41 time=94.1 ms
08-13 15:31:48.436  1045  1758 D cellinfo: 46 bytes from 54.197.223.49: icmp_seq=647 ttl=41 time=86.2 ms
08-13 15:31:48.637  1045  1758 D cellinfo: 46 bytes from 54.197.223.49: icmp_seq=648 ttl=41 time=85.7 ms
08-13 15:31:48.841  1045  1758 D cellinfo: 46 bytes from 54.197.223.49: icmp_seq=649 ttl=41 time=88.1 ms
08-13 15:31:49.033  1045  1758 D cellinfo: 46 bytes from 54.197.223.49: icmp_seq=650 ttl=41 time=78.5 ms
08-13 15:31:49.172  1045  1045 D cellinfo: onCellInfoChanged: Operator: AT&T UpdateTimestamp: 78230238 CellConnectionStatus: 0
08-13 15:31:49.172  1045  1045 D cellinfo: onCellInfoChanged: LTE Cell Bands: [2] Bandwidth: 2147483647 Cell ID: 49418193 Physical Cell ID: 358 Tracking Area Code: 19980 EARFCN: 1150
08-13 15:31:49.233  1045  1758 D cellinfo: 46 bytes from 54.197.223.49: icmp_seq=651 ttl=41 time=81.4 ms
08-13 15:31:49.435  1045  1758 D cellinfo: 46 bytes from 54.197.223.49: icmp_seq=652 ttl=41 time=82.5 ms
08-13 15:31:49.638  1045  1758 D cellinfo: 46 bytes from 54.197.223.49: icmp_seq=653 ttl=41 time=84.1 ms
08-13 15:31:49.837  1045  1758 D cellinfo: 46 bytes from 54.197.223.49: icmp_seq=654 ttl=41 time=83.2 ms
08-13 15:31:50.038  1045  1758 D cellinfo: 46 bytes from 54.197.223.49: icmp_seq=655 ttl=41 time=83.9 ms
08-13 15:31:50.190  1045  1045 D cellinfo: onsignalStrengthsChanged: LTE Signal Strength info: rsrp: -91 rsrq: -12 rssi: -65 rssnr: 12
08-13 15:31:50.190  1045  1045 D cellinfo: onsignalStrengthsChanged: 5G-NR Signal Strength info: ssrsrp: -99 ssrsrq: -11 sssinr: 13
08-13 15:31:50.236  1045  1758 D cellinfo: 46 bytes from 54.197.223.49: icmp_seq=656 ttl=41 time=81.2 ms
08-13 15:31:50.437  1045  1758 D cellinfo: 46 bytes from 54.197.223.49: icmp_seq=657 ttl=41 time=79.4 ms
08-13 15:31:50.635  1045  1758 D cellinfo: 46 bytes from 54.197.223.49: icmp_seq=658 ttl=41 time=74.9 ms
08-13 15:31:50.698  1045  1045 D cellinfo: Latitude is 40.5153092
08-13 15:31:50.698  1045  1045 D cellinfo: Longitude is -86.8948019
08-13 15:31:50.698  1045  1045 D cellinfo: Instantaneous GPS information: United States, I-65, West Lafayette, IN 47906, USA
08-13 15:31:50.698  1045  1045 D cellinfo: getCurrentLocation() result: Location (success): 40.5153092, -86.8948019
08-13 15:31:50.701  1045  1045 D cellinfo: onsignalStrengthsChanged: LTE Signal Strength info: rsrp: -91 rsrq: -12 rssi: -65 rssnr: 11
08-13 15:31:50.701  1045  1045 D cellinfo: onsignalStrengthsChanged: 5G-NR Signal Strength info: ssrsrp: -102 ssrsrq: -11 sssinr: 9
08-13 15:31:50.845  1045  1758 D cellinfo: 46 bytes from 54.197.223.49: icmp_seq=659 ttl=41 time=84.6 ms
08-13 15:31:51.078  1045  1758 D cellinfo: 46 bytes from 54.197.223.49: icmp_seq=660 ttl=41 time=116 ms
08-13 15:31:51.250  1045  1758 D cellinfo: 46 bytes from 54.197.223.49: icmp_seq=661 ttl=41 time=90.0 ms
08-13 15:31:51.450  1045  1758 D cellinfo: 46 bytes from 54.197.223.49: icmp_seq=662 ttl=41 time=89.9 ms
08-13 15:31:51.466  1045  1045 D cellinfo: onsignalStrengthsChanged: LTE Signal Strength info: rsrp: -91 rsrq: -12 rssi: -65 rssnr: 11
08-13 15:31:51.466  1045  1045 D cellinfo: onsignalStrengthsChanged: 5G-NR Signal Strength info: ssrsrp: -108 ssrsrq: -12 sssinr: 6
08-13 15:31:51.661  1045  1758 D cellinfo: 46 bytes from 54.197.223.49: icmp_seq=663 ttl=41 time=100 ms
08-13 15:31:51.873  1045  1758 D cellinfo: 46 bytes from 54.197.223.49: icmp_seq=664 ttl=41 time=110 ms
08-13 15:31:52.060  1045  1758 D cellinfo: 46 bytes from 54.197.223.49: icmp_seq=665 ttl=41 time=94.2 ms
08-13 15:31:52.112  1045  1045 D cellinfo: Latitude is 40.5153092
08-13 15:31:52.112  1045  1045 D cellinfo: Longitude is -86.8948019
08-13 15:31:52.112  1045  1045 D cellinfo: Instantaneous GPS information: United States, I-65, West Lafayette, IN 47906, USA
08-13 15:31:52.112  1045  1045 D cellinfo: getCurrentLocation() result: Location (success): 40.5153092, -86.8948019
08-13 15:31:52.167  1045  1045 D cellinfo: onCellInfoChanged: Operator: AT&T UpdateTimestamp: 78233235 CellConnectionStatus: 0
08-13 15:31:52.167  1045  1045 D cellinfo: onCellInfoChanged: LTE Cell Bands: [2] Bandwidth: 2147483647 Cell ID: 49418193 Physical Cell ID: 358 Tracking Area Code: 19980 EARFCN: 1150
08-13 15:31:52.274  1045  1758 D cellinfo: 46 bytes from 54.197.223.49: icmp_seq=666 ttl=41 time=107 ms
08-13 15:31:52.429  1045  1045 D cellinfo: onsignalStrengthsChanged: LTE Signal Strength info: rsrp: -90 rsrq: -11 rssi: -61 rssnr: 11
08-13 15:31:52.429  1045  1045 D cellinfo: onsignalStrengthsChanged: 5G-NR Signal Strength info: ssrsrp: -108 ssrsrq: -12 sssinr: 6
08-13 15:31:52.450  1045  1045 D cellinfo: onsignalStrengthsChanged: LTE Signal Strength info: rsrp: -90 rsrq: -11 rssi: -61 rssnr: 11
08-13 15:31:52.450  1045  1045 D cellinfo: onsignalStrengthsChanged: 5G-NR Signal Strength info: ssrsrp: -109 ssrsrq: -12 sssinr: 6
08-13 15:31:52.472  1045  1758 D cellinfo: 46 bytes from 54.197.223.49: icmp_seq=667 ttl=41 time=106 ms
08-13 15:31:52.681  1045  1758 D cellinfo: 46 bytes from 54.197.223.49: icmp_seq=668 ttl=41 time=114 ms
08-13 15:31:52.875  1045  1758 D cellinfo: 46 bytes from 54.197.223.49: icmp_seq=669 ttl=41 time=108 ms
08-13 15:31:53.133  1045  1758 D cellinfo: 46 bytes from 54.197.223.49: icmp_seq=670 ttl=41 time=166 ms
08-13 15:31:53.290  1045  1758 D cellinfo: 46 bytes from 54.197.223.49: icmp_seq=671 ttl=41 time=123 ms
08-13 15:31:53.451  1045  1758 D cellinfo: 46 bytes from 54.197.223.49: icmp_seq=672 ttl=41 time=83.1 ms
08-13 15:31:53.463  1045  1045 D cellinfo: onsignalStrengthsChanged: LTE Signal Strength info: rsrp: -90 rsrq: -11 rssi: -61 rssnr: 11
08-13 15:31:53.463  1045  1045 D cellinfo: onsignalStrengthsChanged: 5G-NR Signal Strength info: ssrsrp: -113 ssrsrq: -13 sssinr: 0
08-13 15:31:53.652  1045  1758 D cellinfo: 46 bytes from 54.197.223.49: icmp_seq=673 ttl=41 time=83.8 ms
08-13 15:31:53.861  1045  1758 D cellinfo: 46 bytes from 54.197.223.49: icmp_seq=674 ttl=41 time=92.1 ms
08-13 15:31:54.061  1045  1758 D cellinfo: 46 bytes from 54.197.223.49: icmp_seq=675 ttl=41 time=90.9 ms
08-13 15:31:54.270  1045  1758 D cellinfo: 46 bytes from 54.197.223.49: icmp_seq=676 ttl=41 time=99.6 ms
08-13 15:31:54.454  1045  1045 D cellinfo: onsignalStrengthsChanged: LTE Signal Strength info: rsrp: -90 rsrq: -11 rssi: -59 rssnr: 11
08-13 15:31:54.454  1045  1045 D cellinfo: onsignalStrengthsChanged: 5G-NR Signal Strength info: ssrsrp: -112 ssrsrq: -14 sssinr: 0
08-13 15:31:54.461  1045  1758 D cellinfo: 46 bytes from 54.197.223.49: icmp_seq=677 ttl=41 time=91.1 ms
08-13 15:31:54.667  1045  1758 D cellinfo: 46 bytes from 54.197.223.49: icmp_seq=678 ttl=41 time=98.0 ms
08-13 15:31:54.861  1045  1758 D cellinfo: 46 bytes from 54.197.223.49: icmp_seq=679 ttl=41 time=91.3 ms
08-13 15:31:55.063  1045  1758 D cellinfo: 46 bytes from 54.197.223.49: icmp_seq=680 ttl=41 time=92.4 ms
08-13 15:31:55.116  1045  1045 D cellinfo: Latitude is 40.5153092
08-13 15:31:55.116  1045  1045 D cellinfo: Longitude is -86.8948019
08-13 15:31:55.116  1045  1045 D cellinfo: Instantaneous GPS information: United States, I-65, West Lafayette, IN 47906, USA
08-13 15:31:55.116  1045  1045 D cellinfo: getCurrentLocation() result: Location (success): 40.5153092, -86.8948019
08-13 15:31:55.173  1045  1045 D cellinfo: onCellInfoChanged: Operator: AT&T UpdateTimestamp: 78236239 CellConnectionStatus: 0
08-13 15:31:55.173  1045  1045 D cellinfo: onCellInfoChanged: LTE Cell Bands: [2] Bandwidth: 2147483647 Cell ID: 49418193 Physical Cell ID: 358 Tracking Area Code: 19980 EARFCN: 1150
08-13 15:31:55.260  1045  1758 D cellinfo: 46 bytes from 54.197.223.49: icmp_seq=681 ttl=41 time=90.7 ms
08-13 15:31:55.454  1045  1045 D cellinfo: onsignalStrengthsChanged: LTE Signal Strength info: rsrp: -89 rsrq: -11 rssi: -63 rssnr: 11
08-13 15:31:55.454  1045  1045 D cellinfo: onsignalStrengthsChanged: 5G-NR Signal Strength info: ssrsrp: -114 ssrsrq: -14 sssinr: 3
08-13 15:31:55.460  1045  1758 D cellinfo: 46 bytes from 54.197.223.49: icmp_seq=682 ttl=41 time=89.7 ms
08-13 15:31:55.663  1045  1758 D cellinfo: 46 bytes from 54.197.223.49: icmp_seq=683 ttl=41 time=90.5 ms
08-13 15:31:55.863  1045  1758 D cellinfo: 46 bytes from 54.197.223.49: icmp_seq=684 ttl=41 time=91.1 ms
08-13 15:31:56.064  1045  1758 D cellinfo: 46 bytes from 54.197.223.49: icmp_seq=685 ttl=41 time=90.8 ms
08-13 15:31:56.264  1045  1758 D cellinfo: 46 bytes from 54.197.223.49: icmp_seq=686 ttl=41 time=88.7 ms
08-13 15:31:56.450  1045  1045 D cellinfo: onsignalStrengthsChanged: LTE Signal Strength info: rsrp: -89 rsrq: -11 rssi: -63 rssnr: 11
08-13 15:31:56.450  1045  1045 D cellinfo: onsignalStrengthsChanged: 5G-NR Signal Strength info: ssrsrp: -116 ssrsrq: -15 sssinr: 0
08-13 15:31:56.460  1045  1758 D cellinfo: 46 bytes from 54.197.223.49: icmp_seq=687 ttl=41 time=86.6 ms
08-13 15:31:56.670  1045  1758 D cellinfo: 46 bytes from 54.197.223.49: icmp_seq=688 ttl=41 time=93.3 ms
08-13 15:31:56.862  1045  1758 D cellinfo: 46 bytes from 54.197.223.49: icmp_seq=689 ttl=41 time=84.9 ms
08-13 15:31:57.062  1045  1758 D cellinfo: 46 bytes from 54.197.223.49: icmp_seq=690 ttl=41 time=84.7 ms
08-13 15:31:57.261  1045  1758 D cellinfo: 46 bytes from 54.197.223.49: icmp_seq=691 ttl=41 time=84.4 ms
08-13 15:31:57.455  1045  1045 D cellinfo: onsignalStrengthsChanged: LTE Signal Strength info: rsrp: -90 rsrq: -11 rssi: -65 rssnr: 11
08-13 15:31:57.455  1045  1045 D cellinfo: onsignalStrengthsChanged: 5G-NR Signal Strength info: ssrsrp: -118 ssrsrq: -17 sssinr: -5
08-13 15:31:57.470  1045  1758 D cellinfo: 46 bytes from 54.197.223.49: icmp_seq=692 ttl=41 time=93.4 ms
08-13 15:31:57.662  1045  1758 D cellinfo: 46 bytes from 54.197.223.49: icmp_seq=693 ttl=41 time=83.2 ms
08-13 15:31:57.872  1045  1758 D cellinfo: 46 bytes from 54.197.223.49: icmp_seq=694 ttl=41 time=91.6 ms
08-13 15:31:58.111  1045  1045 D cellinfo: Latitude is 40.5153092
08-13 15:31:58.111  1045  1045 D cellinfo: Longitude is -86.8948019
08-13 15:31:58.111  1045  1045 D cellinfo: Instantaneous GPS information: United States, I-65, West Lafayette, IN 47906, USA
08-13 15:31:58.111  1045  1045 D cellinfo: getCurrentLocation() result: Location (success): 40.5153092, -86.8948019
08-13 15:31:58.120  1045  1758 D cellinfo: 46 bytes from 54.197.223.49: icmp_seq=695 ttl=41 time=140 ms
08-13 15:31:58.124  1045  1045 D cellinfo: onServiceStateChanged: Channel Number: 1150 Cell Bandwidths: [10000, 0]
08-13 15:31:58.253  1045  1758 D cellinfo: 46 bytes from 54.197.223.49: icmp_seq=696 ttl=41 time=74.4 ms
08-13 15:31:58.257  1045  1045 D cellinfo: onServiceStateChanged: Channel Number: 1150 Cell Bandwidths: [10000, 20000, 10000, 5000, 10000]
08-13 15:31:58.260  1045  1045 D cellinfo: onDisplayInfoChanged: NetworkType: LTE OverrideNetworkType: 5G (Sub-6 GHz)
08-13 15:31:58.274  1045  1045 D cellinfo: onsignalStrengthsChanged: LTE Signal Strength info: rsrp: -90 rsrq: -11 rssi: -65 rssnr: 11
08-13 15:31:58.290  1045  1045 D cellinfo: onServiceStateChanged: Channel Number: 1150 Cell Bandwidths: [10000, 20000, 10000, 5000, 10000]
08-13 15:31:58.290  1045  1045 D cellinfo: onServiceStateChanged: Channel Number: 1150 Cell Bandwidths: [10000, 20000, 10000, 5000, 10000]
08-13 15:31:58.295  1045  1045 D cellinfo: onCellInfoChanged: Operator: AT&T UpdateTimestamp: 78239338 CellConnectionStatus: 0
08-13 15:31:58.295  1045  1045 D cellinfo: onCellInfoChanged: LTE Cell Bands: [2] Bandwidth: 2147483647 Cell ID: 49418193 Physical Cell ID: 358 Tracking Area Code: 19980 EARFCN: 1150
08-13 15:31:58.456  1045  1758 D cellinfo: 46 bytes from 54.197.223.49: icmp_seq=697 ttl=41 time=76.0 ms
08-13 15:31:58.656  1045  1758 D cellinfo: 46 bytes from 54.197.223.49: icmp_seq=698 ttl=41 time=75.3 ms
08-13 15:31:58.863  1045  1758 D cellinfo: 46 bytes from 54.197.223.49: icmp_seq=699 ttl=41 time=83.1 ms
08-13 15:31:59.068  1045  1758 D cellinfo: 46 bytes from 54.197.223.49: icmp_seq=700 ttl=41 time=85.2 ms
08-13 15:31:59.256  1045  1758 D cellinfo: 46 bytes from 54.197.223.49: icmp_seq=701 ttl=41 time=74.4 ms
08-13 15:31:59.468  1045  1758 D cellinfo: 46 bytes from 54.197.223.49: icmp_seq=702 ttl=41 time=83.2 ms
08-13 15:31:59.655  1045  1758 D cellinfo: 46 bytes from 54.197.223.49: icmp_seq=703 ttl=41 time=70.7 ms
08-13 15:31:59.866  1045  1758 D cellinfo: 46 bytes from 54.197.223.49: icmp_seq=704 ttl=41 time=80.6 ms
08-13 15:32:00.069  1045  1758 D cellinfo: 46 bytes from 54.197.223.49: icmp_seq=705 ttl=41 time=83.6 ms
08-13 15:32:00.267  1045  1758 D cellinfo: 46 bytes from 54.197.223.49: icmp_seq=706 ttl=41 time=79.8 ms
08-13 15:32:00.467  1045  1758 D cellinfo: 46 bytes from 54.197.223.49: icmp_seq=707 ttl=41 time=78.7 ms
08-13 15:32:00.674  1045  1758 D cellinfo: 46 bytes from 54.197.223.49: icmp_seq=708 ttl=41 time=86.1 ms
08-13 15:32:00.866  1045  1758 D cellinfo: 46 bytes from 54.197.223.49: icmp_seq=709 ttl=41 time=77.0 ms
