08-13 17:50:08.212 13928 14041 D cellinfo: 46 bytes from 54.197.223.49: icmp_seq=6895 ttl=41 time=86.2 ms
08-13 17:50:08.402 13928 14041 D cellinfo: 46 bytes from 54.197.223.49: icmp_seq=6896 ttl=41 time=78.5 ms
08-13 17:50:08.614 13928 14041 D cellinfo: 46 bytes from 54.197.223.49: icmp_seq=6897 ttl=41 time=89.3 ms
08-13 17:50:08.633 13928 13928 D cellinfo: onsignalStrengthsChanged: LTE Signal Strength info: rsrp: -89 rsrq: -12 rssi: -55 rssnr: 13
08-13 17:50:08.633 13928 13928 D cellinfo: onsignalStrengthsChanged: 5G-NR Signal Strength info: ssrsrp: -105 ssrsrq: -12 sssinr: 10
08-13 17:50:08.724 13928 13928 D cellinfo: onsignalStrengthsChanged: LTE Signal Strength info: rsrp: -89 rsrq: -12 rssi: -59 rssnr: 15
08-13 17:50:08.724 13928 13928 D cellinfo: onsignalStrengthsChanged: 5G-NR Signal Strength info: ssrsrp: -105 ssrsrq: -12 sssinr: 10
08-13 17:50:08.831 13928 14041 D cellinfo: 46 bytes from 54.197.223.49: icmp_seq=6898 ttl=41 time=106 ms
08-13 17:50:09.009 13928 14041 D cellinfo: 46 bytes from 54.197.223.49: icmp_seq=6899 ttl=41 time=81.9 ms
08-13 17:50:09.193 13928 13928 D cellinfo: onsignalStrengthsChanged: LTE Signal Strength info: rsrp: -89 rsrq: -12 rssi: -61 rssnr: 14
08-13 17:50:09.193 13928 13928 D cellinfo: onsignalStrengthsChanged: 5G-NR Signal Strength info: ssrsrp: -105 ssrsrq: -12 sssinr: 10
08-13 17:50:09.210 13928 14041 D cellinfo: 46 bytes from 54.197.223.49: icmp_seq=6900 ttl=41 time=83.1 ms
08-13 17:50:09.245 13928 13928 D cellinfo: Latitude is 40.1786531
08-13 17:50:09.245 13928 13928 D cellinfo: Longitude is -86.5567468
08-13 17:50:09.245 13928 13928 D cellinfo: Instantaneous GPS information: United States, I-65, Frankfort, IN 46041, USA
08-13 17:50:09.245 13928 13928 D cellinfo: getCurrentLocation() result: Location (success): 40.1786531, -86.5567468
08-13 17:50:09.292 13928 13928 D cellinfo: onCellInfoChanged: Operator: AT&T UpdateTimestamp: 86530361 CellConnectionStatus: 0
08-13 17:50:09.292 13928 13928 D cellinfo: onCellInfoChanged: LTE Cell Bands: [66] Bandwidth: 2147483647 Cell ID: 48909335 Physical Cell ID: 227 Tracking Area Code: 19980 EARFCN: 66486
08-13 17:50:09.415 13928 14041 D cellinfo: 46 bytes from 54.197.223.49: icmp_seq=6901 ttl=41 time=86.6 ms
08-13 17:50:09.618 13928 14041 D cellinfo: 46 bytes from 54.197.223.49: icmp_seq=6902 ttl=41 time=88.4 ms
08-13 17:50:09.632 13928 13928 D cellinfo: onsignalStrengthsChanged: LTE Signal Strength info: rsrp: -89 rsrq: -12 rssi: -61 rssnr: 14
08-13 17:50:09.632 13928 13928 D cellinfo: onsignalStrengthsChanged: 5G-NR Signal Strength info: ssrsrp: -102 ssrsrq: -11 sssinr: 15
08-13 17:50:09.824 13928 14041 D cellinfo: 46 bytes from 54.197.223.49: icmp_seq=6903 ttl=41 time=93.3 ms
08-13 17:50:10.012 13928 14041 D cellinfo: 46 bytes from 54.197.223.49: icmp_seq=6904 ttl=41 time=78.3 ms
08-13 17:50:10.219 13928 14041 D cellinfo: 46 bytes from 54.197.223.49: icmp_seq=6905 ttl=41 time=86.6 ms
08-13 17:50:10.419 13928 14041 D cellinfo: 46 bytes from 54.197.223.49: icmp_seq=6906 ttl=41 time=86.3 ms
08-13 17:50:10.619 13928 13928 D cellinfo: onsignalStrengthsChanged: LTE Signal Strength info: rsrp: -89 rsrq: -12 rssi: -61 rssnr: 14
08-13 17:50:10.619 13928 13928 D cellinfo: onsignalStrengthsChanged: 5G-NR Signal Strength info: ssrsrp: -109 ssrsrq: -12 sssinr: 13
08-13 17:50:10.643 13928 14041 D cellinfo: 46 bytes from 54.197.223.49: icmp_seq=6907 ttl=41 time=110 ms
08-13 17:50:10.942 13928 14041 D cellinfo: 46 bytes from 54.197.223.49: icmp_seq=6908 ttl=41 time=208 ms
08-13 17:50:11.151 13928 13928 D cellinfo: onServiceStateChanged: Channel Number: 66486 Cell Bandwidths: [10000, 0]
08-13 17:50:11.214 13928 14041 D cellinfo: 46 bytes from 54.197.223.49: icmp_seq=6910 ttl=41 time=79.5 ms
08-13 17:50:11.299 13928 13928 D cellinfo: onServiceStateChanged: Channel Number: 66486 Cell Bandwidths: [10000, 10000, 10000]
08-13 17:50:11.300 13928 13928 D cellinfo: onDisplayInfoChanged: NetworkType: LTE OverrideNetworkType: 5G (Sub-6 GHz)
08-13 17:50:11.311 13928 13928 D cellinfo: onsignalStrengthsChanged: LTE Signal Strength info: rsrp: -89 rsrq: -12 rssi: -61 rssnr: 14
08-13 17:50:11.328 13928 13928 D cellinfo: onServiceStateChanged: Channel Number: 66486 Cell Bandwidths: [10000, 10000, 10000]
08-13 17:50:11.329 13928 13928 D cellinfo: onServiceStateChanged: Channel Number: 66486 Cell Bandwidths: [10000, 10000, 10000]
08-13 17:50:11.414 13928 14041 D cellinfo: 46 bytes from 54.197.223.49: icmp_seq=6911 ttl=41 time=78.3 ms
08-13 17:50:11.615 13928 14041 D cellinfo: 46 bytes from 54.197.223.49: icmp_seq=6912 ttl=41 time=76.7 ms
08-13 17:50:11.724 13928 13928 D cellinfo: onsignalStrengthsChanged: LTE Signal Strength info: rsrp: -89 rsrq: -12 rssi: -65 rssnr: 15
08-13 17:50:11.830 13928 14041 D cellinfo: 46 bytes from 54.197.223.49: icmp_seq=6913 ttl=41 time=90.0 ms
08-13 17:50:12.025 13928 14041 D cellinfo: 46 bytes from 54.197.223.49: icmp_seq=6914 ttl=41 time=85.3 ms
08-13 17:50:12.229 13928 14041 D cellinfo: 46 bytes from 54.197.223.49: icmp_seq=6915 ttl=41 time=89.1 ms
08-13 17:50:12.260 13928 13928 D cellinfo: Latitude is 40.1786531
08-13 17:50:12.260 13928 13928 D cellinfo: Longitude is -86.5567468
08-13 17:50:12.260 13928 13928 D cellinfo: Instantaneous GPS information: United States, I-65, Frankfort, IN 46041, USA
08-13 17:50:12.260 13928 13928 D cellinfo: getCurrentLocation() result: Location (success): 40.1786531, -86.5567468
08-13 17:50:12.293 13928 13928 D cellinfo: onCellInfoChanged: Operator: AT&T UpdateTimestamp: 86533358 CellConnectionStatus: 0
08-13 17:50:12.293 13928 13928 D cellinfo: onCellInfoChanged: LTE Cell Bands: [66] Bandwidth: 2147483647 Cell ID: 48909335 Physical Cell ID: 227 Tracking Area Code: 19980 EARFCN: 66486
08-13 17:50:12.426 13928 14041 D cellinfo: 46 bytes from 54.197.223.49: icmp_seq=6916 ttl=41 time=83.4 ms
08-13 17:50:12.642 13928 14041 D cellinfo: 46 bytes from 54.197.223.49: icmp_seq=6917 ttl=41 time=100 ms
08-13 17:50:12.834 13928 14041 D cellinfo: 46 bytes from 54.197.223.49: icmp_seq=6918 ttl=41 time=90.4 ms
08-13 17:50:13.029 13928 14041 D cellinfo: 46 bytes from 54.197.223.49: icmp_seq=6919 ttl=41 time=84.3 ms
08-13 17:50:13.233 13928 14041 D cellinfo: 46 bytes from 54.197.223.49: icmp_seq=6920 ttl=41 time=88.6 ms
08-13 17:50:13.442 13928 14041 D cellinfo: 46 bytes from 54.197.223.49: icmp_seq=6921 ttl=41 time=96.2 ms
08-13 17:50:13.633 13928 14041 D cellinfo: 46 bytes from 54.197.223.49: icmp_seq=6922 ttl=41 time=86.5 ms
08-13 17:50:13.681 13928 13928 D cellinfo: onsignalStrengthsChanged: LTE Signal Strength info: rsrp: -89 rsrq: -12 rssi: -67 rssnr: 15
08-13 17:50:13.830 13928 14041 D cellinfo: 46 bytes from 54.197.223.49: icmp_seq=6923 ttl=41 time=83.0 ms
08-13 17:50:14.035 13928 14041 D cellinfo: 46 bytes from 54.197.223.49: icmp_seq=6924 ttl=41 time=85.2 ms
08-13 17:50:14.243 13928 14041 D cellinfo: 46 bytes from 54.197.223.49: icmp_seq=6925 ttl=41 time=92.9 ms
08-13 17:50:14.434 13928 14041 D cellinfo: 46 bytes from 54.197.223.49: icmp_seq=6926 ttl=41 time=84.4 ms
08-13 17:50:14.642 13928 14041 D cellinfo: 46 bytes from 54.197.223.49: icmp_seq=6927 ttl=41 time=91.9 ms
08-13 17:50:14.834 13928 14041 D cellinfo: 46 bytes from 54.197.223.49: icmp_seq=6928 ttl=41 time=83.9 ms
08-13 17:50:15.044 13928 14041 D cellinfo: 46 bytes from 54.197.223.49: icmp_seq=6929 ttl=41 time=90.7 ms
08-13 17:50:15.234 13928 14041 D cellinfo: 46 bytes from 54.197.223.49: icmp_seq=6930 ttl=41 time=83.0 ms
08-13 17:50:15.253 13928 13928 D cellinfo: Latitude is 40.1786531
08-13 17:50:15.253 13928 13928 D cellinfo: Longitude is -86.5567468
08-13 17:50:15.253 13928 13928 D cellinfo: Instantaneous GPS information: United States, I-65, Frankfort, IN 46041, USA
08-13 17:50:15.253 13928 13928 D cellinfo: getCurrentLocation() result: Location (success): 40.1786531, -86.5567468
08-13 17:50:15.298 13928 13928 D cellinfo: onCellInfoChanged: Operator: AT&T UpdateTimestamp: 86536364 CellConnectionStatus: 0
08-13 17:50:15.298 13928 13928 D cellinfo: onCellInfoChanged: LTE Cell Bands: [66] Bandwidth: 2147483647 Cell ID: 48909335 Physical Cell ID: 227 Tracking Area Code: 19980 EARFCN: 66486
08-13 17:50:15.443 13928 14041 D cellinfo: 46 bytes from 54.197.223.49: icmp_seq=6931 ttl=41 time=89.8 ms
08-13 17:50:15.651 13928 14041 D cellinfo: 46 bytes from 54.197.223.49: icmp_seq=6932 ttl=41 time=97.4 ms
08-13 17:50:15.830 13928 14041 D cellinfo: 46 bytes from 54.197.223.49: icmp_seq=6933 ttl=41 time=76.5 ms
08-13 17:50:15.914 13928 13928 D cellinfo: onsignalStrengthsChanged: LTE Signal Strength info: rsrp: -90 rsrq: -12 rssi: -71 rssnr: 16
08-13 17:50:16.044 13928 14041 D cellinfo: 46 bytes from 54.197.223.49: icmp_seq=6934 ttl=41 time=88.1 ms
08-13 17:50:16.242 13928 14041 D cellinfo: 46 bytes from 54.197.223.49: icmp_seq=6935 ttl=41 time=87.1 ms
08-13 17:50:16.450 13928 14041 D cellinfo: 46 bytes from 54.197.223.49: icmp_seq=6936 ttl=41 time=95.9 ms
08-13 17:50:16.643 13928 14041 D cellinfo: 46 bytes from 54.197.223.49: icmp_seq=6937 ttl=41 time=86.0 ms
08-13 17:50:16.836 13928 14041 D cellinfo: 46 bytes from 54.197.223.49: icmp_seq=6938 ttl=41 time=78.8 ms
08-13 17:50:17.043 13928 14041 D cellinfo: 46 bytes from 54.197.223.49: icmp_seq=6939 ttl=41 time=84.6 ms
08-13 17:50:17.235 13928 14041 D cellinfo: 46 bytes from 54.197.223.49: icmp_seq=6940 ttl=41 time=78.2 ms
08-13 17:50:17.456 13928 14041 D cellinfo: 46 bytes from 54.197.223.49: icmp_seq=6941 ttl=41 time=96.1 ms
08-13 17:50:17.646 13928 14041 D cellinfo: 46 bytes from 54.197.223.49: icmp_seq=6942 ttl=41 time=86.3 ms
08-13 17:50:17.736 13928 13928 D cellinfo: onsignalStrengthsChanged: LTE Signal Strength info: rsrp: -90 rsrq: -11 rssi: -69 rssnr: 17
08-13 17:50:17.845 13928 14041 D cellinfo: 46 bytes from 54.197.223.49: icmp_seq=6943 ttl=41 time=84.9 ms
08-13 17:50:17.947 13928 13928 D cellinfo: onServiceStateChanged: Channel Number: 66486 Cell Bandwidths: [10000, 10000, 10000]
08-13 17:50:18.068 13928 14041 D cellinfo: 46 bytes from 54.197.223.49: icmp_seq=6944 ttl=41 time=106 ms
08-13 17:50:18.242 13928 14041 D cellinfo: 46 bytes from 54.197.223.49: icmp_seq=6945 ttl=41 time=80.2 ms
08-13 17:50:18.357 13928 13928 D cellinfo: onServiceStateChanged: Channel Number: 66486 Cell Bandwidths: [10000, 10000, 10000]
08-13 17:50:18.363 13928 13928 D cellinfo: onDisplayInfoChanged: NetworkType: LTE OverrideNetworkType: 5G (Sub-6 GHz)
08-13 17:50:18.447 13928 14041 D cellinfo: 46 bytes from 54.197.223.49: icmp_seq=6946 ttl=41 time=85.0 ms
08-13 17:50:18.461 13928 13928 D cellinfo: onsignalStrengthsChanged: LTE Signal Strength info: rsrp: -91 rsrq: -10 rssi: -65 rssnr: 17
08-13 17:50:18.461 13928 13928 D cellinfo: onsignalStrengthsChanged: 5G-NR Signal Strength info: ssrsrp: -107 ssrsrq: -12 sssinr: 2147483647
08-13 17:50:18.477 13928 13928 D cellinfo: onServiceStateChanged: Channel Number: 66486 Cell Bandwidths: [10000, 10000, 10000]
08-13 17:50:18.477 13928 13928 D cellinfo: onCellInfoChanged: Operator: AT&T UpdateTimestamp: 86539512 CellConnectionStatus: 0
08-13 17:50:18.477 13928 13928 D cellinfo: onCellInfoChanged: LTE Cell Bands: [66] Bandwidth: 2147483647 Cell ID: 48909335 Physical Cell ID: 227 Tracking Area Code: 19980 EARFCN: 66486
08-13 17:50:18.648 13928 14041 D cellinfo: 46 bytes from 54.197.223.49: icmp_seq=6947 ttl=41 time=84.4 ms
08-13 17:50:18.862 13928 14041 D cellinfo: 46 bytes from 54.197.223.49: icmp_seq=6948 ttl=41 time=97.8 ms
08-13 17:50:18.927 13928 13928 D cellinfo: onsignalStrengthsChanged: LTE Signal Strength info: rsrp: -91 rsrq: -10 rssi: -65 rssnr: 17
08-13 17:50:18.927 13928 13928 D cellinfo: onsignalStrengthsChanged: 5G-NR Signal Strength info: ssrsrp: -104 ssrsrq: -13 sssinr: 2
08-13 17:50:19.044 13928 14041 D cellinfo: 46 bytes from 54.197.223.49: icmp_seq=6949 ttl=41 time=77.2 ms
08-13 17:50:19.252 13928 14041 D cellinfo: 46 bytes from 54.197.223.49: icmp_seq=6950 ttl=41 time=86.5 ms
08-13 17:50:19.462 13928 14041 D cellinfo: 46 bytes from 54.197.223.49: icmp_seq=6951 ttl=41 time=95.0 ms
08-13 17:50:19.652 13928 14041 D cellinfo: 46 bytes from 54.197.223.49: icmp_seq=6952 ttl=41 time=83.0 ms
08-13 17:50:19.839 13928 13928 D cellinfo: Latitude is 40.1754038
08-13 17:50:19.839 13928 13928 D cellinfo: Longitude is -86.5535019
08-13 17:50:19.839 13928 13928 D cellinfo: Instantaneous GPS information: United States, I-65, Thorntown, IN 46071, USA
08-13 17:50:19.839 13928 13928 D cellinfo: getCurrentLocation() result: Location (success): 40.1754038, -86.5535019
08-13 17:50:19.877 13928 14041 D cellinfo: 46 bytes from 54.197.223.49: icmp_seq=6953 ttl=41 time=103 ms
08-13 17:50:19.931 13928 13928 D cellinfo: onsignalStrengthsChanged: LTE Signal Strength info: rsrp: -91 rsrq: -10 rssi: -65 rssnr: 17
08-13 17:50:19.932 13928 13928 D cellinfo: onsignalStrengthsChanged: 5G-NR Signal Strength info: ssrsrp: -110 ssrsrq: -15 sssinr: 1
08-13 17:50:20.057 13928 14041 D cellinfo: 46 bytes from 54.197.223.49: icmp_seq=6954 ttl=41 time=85.7 ms
08-13 17:50:20.249 13928 14041 D cellinfo: 46 bytes from 54.197.223.49: icmp_seq=6955 ttl=41 time=77.1 ms
08-13 17:50:20.390 13928 13928 D cellinfo: onsignalStrengthsChanged: LTE Signal Strength info: rsrp: -91 rsrq: -10 rssi: -65 rssnr: 18
08-13 17:50:20.390 13928 13928 D cellinfo: onsignalStrengthsChanged: 5G-NR Signal Strength info: ssrsrp: -110 ssrsrq: -15 sssinr: 1
08-13 17:50:20.468 13928 14041 D cellinfo: 46 bytes from 54.197.223.49: icmp_seq=6956 ttl=41 time=92.5 ms
08-13 17:50:20.662 13928 14041 D cellinfo: 46 bytes from 54.197.223.49: icmp_seq=6957 ttl=41 time=87.8 ms
08-13 17:50:20.854 13928 14041 D cellinfo: 46 bytes from 54.197.223.49: icmp_seq=6958 ttl=41 time=77.3 ms
08-13 17:50:20.928 13928 13928 D cellinfo: onsignalStrengthsChanged: LTE Signal Strength info: rsrp: -92 rsrq: -10 rssi: -65 rssnr: 19
08-13 17:50:20.928 13928 13928 D cellinfo: onsignalStrengthsChanged: 5G-NR Signal Strength info: ssrsrp: -104 ssrsrq: -13 sssinr: 7
08-13 17:50:21.092 13928 14041 D cellinfo: 46 bytes from 54.197.223.49: icmp_seq=6959 ttl=41 time=115 ms
08-13 17:50:21.246 13928 13928 D cellinfo: Latitude is 40.1754038
08-13 17:50:21.246 13928 13928 D cellinfo: Longitude is -86.5535019
08-13 17:50:21.246 13928 13928 D cellinfo: Instantaneous GPS information: United States, I-65, Thorntown, IN 46071, USA
08-13 17:50:21.246 13928 13928 D cellinfo: getCurrentLocation() result: Location (success): 40.1754038, -86.5535019
08-13 17:50:21.265 13928 14041 D cellinfo: 46 bytes from 54.197.223.49: icmp_seq=6960 ttl=41 time=90.8 ms
08-13 17:50:21.294 13928 13928 D cellinfo: onCellInfoChanged: Operator: AT&T UpdateTimestamp: 86542359 CellConnectionStatus: 0
08-13 17:50:21.294 13928 13928 D cellinfo: onCellInfoChanged: LTE Cell Bands: [66] Bandwidth: 2147483647 Cell ID: 48909335 Physical Cell ID: 227 Tracking Area Code: 19980 EARFCN: 66486
08-13 17:50:21.468 13928 14041 D cellinfo: 46 bytes from 54.197.223.49: icmp_seq=6961 ttl=41 time=91.8 ms
08-13 17:50:21.683 13928 14041 D cellinfo: 46 bytes from 54.197.223.49: icmp_seq=6962 ttl=41 time=106 ms
08-13 17:50:21.860 13928 14041 D cellinfo: 46 bytes from 54.197.223.49: icmp_seq=6963 ttl=41 time=82.6 ms
08-13 17:50:21.928 13928 13928 D cellinfo: onsignalStrengthsChanged: LTE Signal Strength info: rsrp: -92 rsrq: -10 rssi: -65 rssnr: 19
08-13 17:50:21.928 13928 13928 D cellinfo: onsignalStrengthsChanged: 5G-NR Signal Strength info: ssrsrp: -108 ssrsrq: -15 sssinr: 5
08-13 17:50:22.072 13928 14041 D cellinfo: 46 bytes from 54.197.223.49: icmp_seq=6964 ttl=41 time=93.2 ms
08-13 17:50:22.409 13928 14041 D cellinfo: 46 bytes from 54.197.223.49: icmp_seq=6965 ttl=41 time=231 ms
08-13 17:50:22.465 13928 14041 D cellinfo: 46 bytes from 54.197.223.49: icmp_seq=6966 ttl=41 time=84.4 ms
08-13 17:50:22.672 13928 14041 D cellinfo: 46 bytes from 54.197.223.49: icmp_seq=6967 ttl=41 time=92.2 ms
08-13 17:50:22.897 13928 14041 D cellinfo: 46 bytes from 54.197.223.49: icmp_seq=6968 ttl=41 time=116 ms
08-13 17:50:22.926 13928 13928 D cellinfo: onsignalStrengthsChanged: LTE Signal Strength info: rsrp: -92 rsrq: -10 rssi: -67 rssnr: 19
08-13 17:50:22.926 13928 13928 D cellinfo: onsignalStrengthsChanged: 5G-NR Signal Strength info: ssrsrp: -113 ssrsrq: -15 sssinr: 1
08-13 17:50:23.067 13928 14041 D cellinfo: 46 bytes from 54.197.223.49: icmp_seq=6969 ttl=41 time=84.7 ms
08-13 17:50:23.283 13928 14041 D cellinfo: 46 bytes from 54.197.223.49: icmp_seq=6970 ttl=41 time=101 ms
08-13 17:50:23.468 13928 14041 D cellinfo: 46 bytes from 54.197.223.49: icmp_seq=6971 ttl=41 time=87.3 ms
08-13 17:50:23.670 13928 14041 D cellinfo: 46 bytes from 54.197.223.49: icmp_seq=6972 ttl=41 time=87.5 ms
08-13 17:50:23.889 13928 14041 D cellinfo: 46 bytes from 54.197.223.49: icmp_seq=6973 ttl=41 time=106 ms
08-13 17:50:23.929 13928 13928 D cellinfo: onsignalStrengthsChanged: LTE Signal Strength info: rsrp: -93 rsrq: -9 rssi: -67 rssnr: 19
08-13 17:50:23.929 13928 13928 D cellinfo: onsignalStrengthsChanged: 5G-NR Signal Strength info: ssrsrp: -105 ssrsrq: -13 sssinr: 10
08-13 17:50:24.072 13928 14041 D cellinfo: 46 bytes from 54.197.223.49: icmp_seq=6974 ttl=41 time=86.8 ms
08-13 17:50:24.245 13928 13928 D cellinfo: Latitude is 40.1754038
08-13 17:50:24.245 13928 13928 D cellinfo: Longitude is -86.5535019
08-13 17:50:24.245 13928 13928 D cellinfo: Instantaneous GPS information: United States, I-65, Thorntown, IN 46071, USA
08-13 17:50:24.245 13928 13928 D cellinfo: getCurrentLocation() result: Location (success): 40.1754038, -86.5535019
08-13 17:50:24.272 13928 14041 D cellinfo: 46 bytes from 54.197.223.49: icmp_seq=6975 ttl=41 time=87.6 ms
08-13 17:50:24.300 13928 13928 D cellinfo: onCellInfoChanged: Operator: AT&T UpdateTimestamp: 86545367 CellConnectionStatus: 0
08-13 17:50:24.300 13928 13928 D cellinfo: onCellInfoChanged: LTE Cell Bands: [66] Bandwidth: 2147483647 Cell ID: 48909335 Physical Cell ID: 227 Tracking Area Code: 19980 EARFCN: 66486
08-13 17:50:24.481 13928 14041 D cellinfo: 46 bytes from 54.197.223.49: icmp_seq=6976 ttl=41 time=94.4 ms
08-13 17:50:24.690 13928 14041 D cellinfo: 46 bytes from 54.197.223.49: icmp_seq=6977 ttl=41 time=103 ms
08-13 17:50:24.880 13928 14041 D cellinfo: 46 bytes from 54.197.223.49: icmp_seq=6978 ttl=41 time=91.3 ms
08-13 17:50:25.083 13928 14041 D cellinfo: 46 bytes from 54.197.223.49: icmp_seq=6979 ttl=41 time=94.9 ms
08-13 17:50:25.468 13928 14041 D cellinfo: 46 bytes from 54.197.223.49: icmp_seq=6980 ttl=41 time=278 ms
08-13 17:50:25.496 13928 14041 D cellinfo: 46 bytes from 54.197.223.49: icmp_seq=6981 ttl=41 time=98.2 ms
08-13 17:50:25.694 13928 14041 D cellinfo: 46 bytes from 54.197.223.49: icmp_seq=6982 ttl=41 time=94.3 ms
08-13 17:50:25.886 13928 14041 D cellinfo: 46 bytes from 54.197.223.49: icmp_seq=6983 ttl=41 time=84.7 ms
08-13 17:50:25.928 13928 13928 D cellinfo: onsignalStrengthsChanged: LTE Signal Strength info: rsrp: -93 rsrq: -9 rssi: -67 rssnr: 19
08-13 17:50:25.928 13928 13928 D cellinfo: onsignalStrengthsChanged: 5G-NR Signal Strength info: ssrsrp: -111 ssrsrq: -13 sssinr: 1
08-13 17:50:26.112 13928 14041 D cellinfo: 46 bytes from 54.197.223.49: icmp_seq=6984 ttl=41 time=109 ms
08-13 17:50:26.305 13928 14041 D cellinfo: 46 bytes from 54.197.223.49: icmp_seq=6985 ttl=41 time=102 ms
08-13 17:50:26.502 13928 14041 D cellinfo: 46 bytes from 54.197.223.49: icmp_seq=6986 ttl=41 time=100 ms
08-13 17:50:26.703 13928 14041 D cellinfo: 46 bytes from 54.197.223.49: icmp_seq=6987 ttl=41 time=98.5 ms
08-13 17:50:26.732 13928 13928 D cellinfo: onsignalStrengthsChanged: LTE Signal Strength info: rsrp: -93 rsrq: -9 rssi: -67 rssnr: 17
08-13 17:50:26.732 13928 13928 D cellinfo: onsignalStrengthsChanged: 5G-NR Signal Strength info: ssrsrp: -111 ssrsrq: -13 sssinr: 1
08-13 17:50:26.895 13928 14041 D cellinfo: 46 bytes from 54.197.223.49: icmp_seq=6988 ttl=41 time=91.1 ms
08-13 17:50:26.928 13928 13928 D cellinfo: onsignalStrengthsChanged: LTE Signal Strength info: rsrp: -93 rsrq: -9 rssi: -67 rssnr: 17
08-13 17:50:26.928 13928 13928 D cellinfo: onsignalStrengthsChanged: 5G-NR Signal Strength info: ssrsrp: -109 ssrsrq: -12 sssinr: 9
08-13 17:50:27.103 13928 14041 D cellinfo: 46 bytes from 54.197.223.49: icmp_seq=6989 ttl=41 time=97.2 ms
08-13 17:50:27.240 13928 13928 D cellinfo: Latitude is 40.1754038
08-13 17:50:27.240 13928 13928 D cellinfo: Longitude is -86.5535019
08-13 17:50:27.240 13928 13928 D cellinfo: Instantaneous GPS information: United States, I-65, Thorntown, IN 46071, USA
08-13 17:50:27.240 13928 13928 D cellinfo: getCurrentLocation() result: Location (success): 40.1754038, -86.5535019
08-13 17:50:27.300 13928 13928 D cellinfo: onCellInfoChanged: Operator: AT&T UpdateTimestamp: 86548366 CellConnectionStatus: 0
08-13 17:50:27.300 13928 13928 D cellinfo: onCellInfoChanged: LTE Cell Bands: [66] Bandwidth: 2147483647 Cell ID: 48909335 Physical Cell ID: 227 Tracking Area Code: 19980 EARFCN: 66486
08-13 17:50:27.315 13928 14041 D cellinfo: 46 bytes from 54.197.223.49: icmp_seq=6990 ttl=41 time=109 ms
08-13 17:50:27.504 13928 14041 D cellinfo: 46 bytes from 54.197.223.49: icmp_seq=6991 ttl=41 time=98.1 ms
08-13 17:50:27.691 13928 14041 D cellinfo: 46 bytes from 54.197.223.49: icmp_seq=6992 ttl=41 time=83.0 ms
08-13 17:50:27.910 13928 14041 D cellinfo: 46 bytes from 54.197.223.49: icmp_seq=6993 ttl=41 time=100 ms
08-13 17:50:28.348 13928 14041 D cellinfo: 46 bytes from 54.197.223.49: icmp_seq=6994 ttl=41 time=338 ms
08-13 17:50:28.348 13928 14041 D cellinfo: 46 bytes from 54.197.223.49: icmp_seq=6995 ttl=41 time=130 ms
08-13 17:50:28.500 13928 14041 D cellinfo: 46 bytes from 54.197.223.49: icmp_seq=6996 ttl=41 time=82.8 ms
08-13 17:50:28.726 13928 14041 D cellinfo: 46 bytes from 54.197.223.49: icmp_seq=6997 ttl=41 time=106 ms
08-13 17:50:28.917 13928 14041 D cellinfo: 46 bytes from 54.197.223.49: icmp_seq=6998 ttl=41 time=98.3 ms
08-13 17:50:29.117 13928 14041 D cellinfo: 46 bytes from 54.197.223.49: icmp_seq=6999 ttl=41 time=97.1 ms
08-13 17:50:29.323 13928 14041 D cellinfo: 46 bytes from 54.197.223.49: icmp_seq=7000 ttl=41 time=99.0 ms
08-13 17:50:29.351 13928 13928 D cellinfo: onsignalStrengthsChanged: LTE Signal Strength info: rsrp: -94 rsrq: -9 rssi: -63 rssnr: 15
08-13 17:50:29.351 13928 13928 D cellinfo: onsignalStrengthsChanged: 5G-NR Signal Strength info: ssrsrp: -109 ssrsrq: -12 sssinr: 10
08-13 17:50:29.536 13928 14041 D cellinfo: 46 bytes from 54.197.223.49: icmp_seq=7001 ttl=41 time=111 ms
08-13 17:50:29.729 13928 14041 D cellinfo: 46 bytes from 54.197.223.49: icmp_seq=7002 ttl=41 time=103 ms
08-13 17:50:29.925 13928 14041 D cellinfo: 46 bytes from 54.197.223.49: icmp_seq=7003 ttl=41 time=97.4 ms
08-13 17:50:30.116 13928 14041 D cellinfo: 46 bytes from 54.197.223.49: icmp_seq=7004 ttl=41 time=88.9 ms
08-13 17:50:30.298 13928 13928 D cellinfo: onCellInfoChanged: Operator: AT&T UpdateTimestamp: 86551363 CellConnectionStatus: 0
08-13 17:50:30.298 13928 13928 D cellinfo: onCellInfoChanged: LTE Cell Bands: [66] Bandwidth: 2147483647 Cell ID: 48909335 Physical Cell ID: 227 Tracking Area Code: 19980 EARFCN: 66486
08-13 17:50:30.464 13928 14041 D cellinfo: 46 bytes from 54.197.223.49: icmp_seq=7005 ttl=41 time=236 ms
08-13 17:50:30.566 13928 14041 D cellinfo: 46 bytes from 54.197.223.49: icmp_seq=7005 ttl=41 time=337 ms (DUP!)
08-13 17:50:30.566 13928 14041 D cellinfo: 46 bytes from 54.197.223.49: icmp_seq=7006 ttl=41 time=128 ms
08-13 17:50:30.728 13928 14041 D cellinfo: 46 bytes from 54.197.223.49: icmp_seq=7007 ttl=41 time=90.4 ms
08-13 17:50:30.828 13928 13928 D cellinfo: onServiceStateChanged: Channel Number: 66486 Cell Bandwidths: [10000, 10000, 10000]
08-13 17:50:30.838 13928 13928 D cellinfo: onsignalStrengthsChanged: LTE Signal Strength info: rsrp: -94 rsrq: -9 rssi: -63 rssnr: 15
08-13 17:50:30.846 13928 13928 D cellinfo: onServiceStateChanged: Channel Number: 66486 Cell Bandwidths: [10000, 10000, 10000]
08-13 17:50:30.853 13928 13928 D cellinfo: onServiceStateChanged: Channel Number: 66486 Cell Bandwidths: [10000, 10000, 10000]
08-13 17:50:30.859 13928 13928 D cellinfo: onDisplayInfoChanged: NetworkType: LTE OverrideNetworkType: 5G (Sub-6 GHz)
08-13 17:50:30.927 13928 14041 D cellinfo: 46 bytes from 54.197.223.49: icmp_seq=7008 ttl=41 time=87.0 ms
08-13 17:50:31.056 13928 13928 D cellinfo: onServiceStateChanged: Channel Number: 66486 Cell Bandwidths: [10000, 10000, 10000]
08-13 17:50:31.201 13928 14041 D cellinfo: 46 bytes from 54.197.223.49: icmp_seq=7009 ttl=41 time=161 ms
08-13 17:50:31.424 13928 14041 D cellinfo: 46 bytes from 54.197.223.49: icmp_seq=7010 ttl=41 time=184 ms
08-13 17:50:31.564 13928 14041 D cellinfo: 46 bytes from 54.197.223.49: icmp_seq=7011 ttl=41 time=121 ms
08-13 17:50:31.780 13928 14041 D cellinfo: 46 bytes from 54.197.223.49: icmp_seq=7012 ttl=41 time=136 ms
08-13 17:50:32.056 13928 14041 D cellinfo: 46 bytes from 54.197.223.49: icmp_seq=7013 ttl=41 time=210 ms
08-13 17:50:32.107 13928 13928 D cellinfo: Latitude is 40.1721583
08-13 17:50:32.107 13928 13928 D cellinfo: Longitude is -86.5508727
08-13 17:50:32.107 13928 13928 D cellinfo: Instantaneous GPS information: United States, 9170 I-65, Thorntown, IN 46071, USA
08-13 17:50:32.107 13928 13928 D cellinfo: getCurrentLocation() result: Location (success): 40.1721583, -86.5508727
08-13 17:50:32.110 13928 13928 D cellinfo: onServiceStateChanged: Channel Number: 66486 Cell Bandwidths: [10000, 10000, 10000]
08-13 17:50:32.110 13928 13928 D cellinfo: onDisplayInfoChanged: NetworkType: LTE OverrideNetworkType: 5G (Sub-6 GHz)
08-13 17:50:32.110 13928 13928 D cellinfo: onsignalStrengthsChanged: LTE Signal Strength info: rsrp: -94 rsrq: -9 rssi: -63 rssnr: 15
08-13 17:50:32.111 13928 13928 D cellinfo: onServiceStateChanged: Channel Number: 66486 Cell Bandwidths: [10000, 10000, 10000]
08-13 17:50:32.111 13928 13928 D cellinfo: onServiceStateChanged: Channel Number: 66486 Cell Bandwidths: [10000, 10000, 10000]
08-13 17:50:32.111 13928 13928 D cellinfo: onDisplayInfoChanged: NetworkType: LTE OverrideNetworkType: 5G (Sub-6 GHz)
08-13 17:50:32.111 13928 13928 D cellinfo: onsignalStrengthsChanged: LTE Signal Strength info: rsrp: -94 rsrq: -10 rssi: -67 rssnr: 15
08-13 17:50:32.111 13928 13928 D cellinfo: onServiceStateChanged: Channel Number: 66486 Cell Bandwidths: [10000, 10000, 10000]
08-13 17:50:32.111 13928 13928 D cellinfo: onServiceStateChanged: Channel Number: 66486 Cell Bandwidths: [10000, 10000, 10000]
08-13 17:50:32.132 13928 14041 D cellinfo: 46 bytes from 54.197.223.49: icmp_seq=7014 ttl=41 time=88.4 ms
08-13 17:50:32.270 13928 13928 D cellinfo: onServiceStateChanged: Channel Number: 66486 Cell Bandwidths: [10000, 10000, 10000]
08-13 17:50:32.280 13928 13928 D cellinfo: onDisplayInfoChanged: NetworkType: LTE OverrideNetworkType: 5G (Sub-6 GHz)
08-13 17:50:32.360 13928 13928 D cellinfo: onsignalStrengthsChanged: LTE Signal Strength info: rsrp: -94 rsrq: -10 rssi: -67 rssnr: 15
08-13 17:50:32.360 13928 13928 D cellinfo: onsignalStrengthsChanged: 5G-NR Signal Strength info: ssrsrp: -109 ssrsrq: -12 sssinr: 2147483647
08-13 17:50:32.376 13928 13928 D cellinfo: onServiceStateChanged: Channel Number: 66486 Cell Bandwidths: [10000, 10000, 10000]
08-13 17:50:32.380 13928 13928 D cellinfo: onServiceStateChanged: Channel Number: 66486 Cell Bandwidths: [10000, 10000, 10000]
08-13 17:50:32.381 13928 14041 D cellinfo: 46 bytes from 54.197.223.49: icmp_seq=7015 ttl=41 time=136 ms
08-13 17:50:32.536 13928 14041 D cellinfo: 46 bytes from 54.197.223.49: icmp_seq=7016 ttl=41 time=88.6 ms
08-13 17:50:32.699 13928 13928 D cellinfo: onsignalStrengthsChanged: LTE Signal Strength info: rsrp: -94 rsrq: -10 rssi: -67 rssnr: 15
08-13 17:50:32.699 13928 13928 D cellinfo: onsignalStrengthsChanged: 5G-NR Signal Strength info: ssrsrp: -108 ssrsrq: -16 sssinr: 2
08-13 17:50:32.727 13928 13928 D cellinfo: onsignalStrengthsChanged: LTE Signal Strength info: rsrp: -94 rsrq: -10 rssi: -65 rssnr: 15
08-13 17:50:32.727 13928 13928 D cellinfo: onsignalStrengthsChanged: 5G-NR Signal Strength info: ssrsrp: -108 ssrsrq: -16 sssinr: 2
08-13 17:50:32.856 13928 14041 D cellinfo: 46 bytes from 54.197.223.49: icmp_seq=7017 ttl=41 time=208 ms
08-13 17:50:32.944 13928 14041 D cellinfo: 46 bytes from 54.197.223.49: icmp_seq=7018 ttl=41 time=91.4 ms
08-13 17:50:33.175 13928 14041 D cellinfo: 46 bytes from 54.197.223.49: icmp_seq=7019 ttl=41 time=123 ms
08-13 17:50:33.246 13928 13928 D cellinfo: Latitude is 40.1721583
08-13 17:50:33.246 13928 13928 D cellinfo: Longitude is -86.5508727
08-13 17:50:33.246 13928 13928 D cellinfo: Instantaneous GPS information: United States, 9170 I-65, Thorntown, IN 46071, USA
08-13 17:50:33.246 13928 13928 D cellinfo: getCurrentLocation() result: Location (success): 40.1721583, -86.5508727
08-13 17:50:33.335 13928 14041 D cellinfo: 46 bytes from 54.197.223.49: icmp_seq=7020 ttl=41 time=83.0 ms
08-13 17:50:33.350 13928 13928 D cellinfo: onCellInfoChanged: Operator: AT&T UpdateTimestamp: 86554411 CellConnectionStatus: 0
08-13 17:50:33.350 13928 13928 D cellinfo: onCellInfoChanged: LTE Cell Bands: [66] Bandwidth: 2147483647 Cell ID: 48909335 Physical Cell ID: 227 Tracking Area Code: 19980 EARFCN: 66486
08-13 17:50:33.655 13928 14041 D cellinfo: 46 bytes from 54.197.223.49: icmp_seq=7021 ttl=41 time=200 ms
08-13 17:50:33.701 13928 13928 D cellinfo: onsignalStrengthsChanged: LTE Signal Strength info: rsrp: -94 rsrq: -10 rssi: -65 rssnr: 15
08-13 17:50:33.702 13928 13928 D cellinfo: onsignalStrengthsChanged: 5G-NR Signal Strength info: ssrsrp: -110 ssrsrq: -14 sssinr: 3
08-13 17:50:33.743 13928 14041 D cellinfo: 46 bytes from 54.197.223.49: icmp_seq=7022 ttl=41 time=86.5 ms
08-13 17:50:33.978 13928 14041 D cellinfo: 46 bytes from 54.197.223.49: icmp_seq=7023 ttl=41 time=120 ms
08-13 17:50:34.144 13928 14041 D cellinfo: 46 bytes from 54.197.223.49: icmp_seq=7024 ttl=41 time=85.9 ms
08-13 17:50:34.455 13928 14041 D cellinfo: 46 bytes from 54.197.223.49: icmp_seq=7025 ttl=41 time=196 ms
08-13 17:50:34.543 13928 14041 D cellinfo: 46 bytes from 54.197.223.49: icmp_seq=7026 ttl=41 time=84.4 ms
08-13 17:50:34.701 13928 13928 D cellinfo: onsignalStrengthsChanged: LTE Signal Strength info: rsrp: -94 rsrq: -10 rssi: -63 rssnr: 15
08-13 17:50:34.701 13928 13928 D cellinfo: onsignalStrengthsChanged: 5G-NR Signal Strength info: ssrsrp: -109 ssrsrq: -14 sssinr: -1
08-13 17:50:34.774 13928 14041 D cellinfo: 46 bytes from 54.197.223.49: icmp_seq=7027 ttl=41 time=115 ms
08-13 17:50:34.942 13928 14041 D cellinfo: 46 bytes from 54.197.223.49: icmp_seq=7028 ttl=41 time=82.2 ms
08-13 17:50:35.269 13928 14041 D cellinfo: 46 bytes from 54.197.223.49: icmp_seq=7029 ttl=41 time=207 ms
08-13 17:50:35.366 13928 14041 D cellinfo: 46 bytes from 54.197.223.49: icmp_seq=7030 ttl=41 time=95.9 ms
08-13 17:50:35.578 13928 14041 D cellinfo: 46 bytes from 54.197.223.49: icmp_seq=7031 ttl=41 time=104 ms
08-13 17:50:35.697 13928 13928 D cellinfo: onsignalStrengthsChanged: LTE Signal Strength info: rsrp: -94 rsrq: -10 rssi: -63 rssnr: 15
08-13 17:50:35.697 13928 13928 D cellinfo: onsignalStrengthsChanged: 5G-NR Signal Strength info: ssrsrp: -110 ssrsrq: -15 sssinr: -2
08-13 17:50:35.727 13928 13928 D cellinfo: onsignalStrengthsChanged: LTE Signal Strength info: rsrp: -93 rsrq: -10 rssi: -65 rssnr: 16
08-13 17:50:35.727 13928 13928 D cellinfo: onsignalStrengthsChanged: 5G-NR Signal Strength info: ssrsrp: -110 ssrsrq: -15 sssinr: -2
08-13 17:50:35.917 13928 14041 D cellinfo: 46 bytes from 54.197.223.49: icmp_seq=7032 ttl=41 time=242 ms
08-13 17:50:35.968 13928 14041 D cellinfo: 46 bytes from 54.197.223.49: icmp_seq=7033 ttl=41 time=84.5 ms
08-13 17:50:36.073 13928 13928 D cellinfo: onsignalStrengthsChanged: LTE Signal Strength info: rsrp: -92 rsrq: -9 rssi: -61 rssnr: 17
08-13 17:50:36.073 13928 13928 D cellinfo: onsignalStrengthsChanged: 5G-NR Signal Strength info: ssrsrp: -110 ssrsrq: -15 sssinr: -2
08-13 17:50:36.177 13928 14041 D cellinfo: 46 bytes from 54.197.223.49: icmp_seq=7034 ttl=41 time=94.0 ms
08-13 17:50:36.247 13928 13928 D cellinfo: Latitude is 40.1721583
08-13 17:50:36.247 13928 13928 D cellinfo: Longitude is -86.5508727
08-13 17:50:36.247 13928 13928 D cellinfo: Instantaneous GPS information: United States, 9170 I-65, Thorntown, IN 46071, USA
08-13 17:50:36.247 13928 13928 D cellinfo: getCurrentLocation() result: Location (success): 40.1721583, -86.5508727
08-13 17:50:36.295 13928 13928 D cellinfo: onCellInfoChanged: Operator: AT&T UpdateTimestamp: 86557360 CellConnectionStatus: 0
08-13 17:50:36.295 13928 13928 D cellinfo: onCellInfoChanged: LTE Cell Bands: [66] Bandwidth: 2147483647 Cell ID: 48909335 Physical Cell ID: 227 Tracking Area Code: 19980 EARFCN: 66486
08-13 17:50:36.384 13928 14041 D cellinfo: 46 bytes from 54.197.223.49: icmp_seq=7035 ttl=41 time=101 ms
08-13 17:50:36.577 13928 14041 D cellinfo: 46 bytes from 54.197.223.49: icmp_seq=7036 ttl=41 time=90.7 ms
08-13 17:50:36.702 13928 13928 D cellinfo: onsignalStrengthsChanged: LTE Signal Strength info: rsrp: -92 rsrq: -9 rssi: -61 rssnr: 17
08-13 17:50:36.702 13928 13928 D cellinfo: onsignalStrengthsChanged: 5G-NR Signal Strength info: ssrsrp: -113 ssrsrq: -18 sssinr: -5
08-13 17:50:36.775 13928 14041 D cellinfo: 46 bytes from 54.197.223.49: icmp_seq=7037 ttl=41 time=90.1 ms
08-13 17:50:36.976 13928 14041 D cellinfo: 46 bytes from 54.197.223.49: icmp_seq=7038 ttl=41 time=88.7 ms
08-13 17:50:37.175 13928 14041 D cellinfo: 46 bytes from 54.197.223.49: icmp_seq=7039 ttl=41 time=86.9 ms
08-13 17:50:37.362 13928 13928 D cellinfo: onsignalStrengthsChanged: LTE Signal Strength info: rsrp: -92 rsrq: -9 rssi: -61 rssnr: 17
08-13 17:50:37.362 13928 13928 D cellinfo: onsignalStrengthsChanged: 5G-NR Signal Strength info: ssrsrp: -104 ssrsrq: -12 sssinr: -2
08-13 17:50:37.445 13928 14041 D cellinfo: 46 bytes from 54.197.223.49: icmp_seq=7040 ttl=41 time=155 ms
08-13 17:50:37.579 13928 14041 D cellinfo: 46 bytes from 54.197.223.49: icmp_seq=7041 ttl=41 time=88.9 ms
08-13 17:50:37.701 13928 13928 D cellinfo: onsignalStrengthsChanged: LTE Signal Strength info: rsrp: -92 rsrq: -9 rssi: -61 rssnr: 17
08-13 17:50:37.701 13928 13928 D cellinfo: onsignalStrengthsChanged: 5G-NR Signal Strength info: ssrsrp: -106 ssrsrq: -13 sssinr: 3
08-13 17:50:37.786 13928 14041 D cellinfo: 46 bytes from 54.197.223.49: icmp_seq=7042 ttl=41 time=94.1 ms
08-13 17:50:38.001 13928 14041 D cellinfo: 46 bytes from 54.197.223.49: icmp_seq=7043 ttl=41 time=108 ms
08-13 17:50:38.183 13928 14041 D cellinfo: 46 bytes from 54.197.223.49: icmp_seq=7044 ttl=41 time=90.3 ms
08-13 17:50:38.311 13928 13928 D cellinfo: onsignalStrengthsChanged: LTE Signal Strength info: rsrp: -92 rsrq: -9 rssi: -67 rssnr: 18
08-13 17:50:38.311 13928 13928 D cellinfo: onsignalStrengthsChanged: 5G-NR Signal Strength info: ssrsrp: -106 ssrsrq: -13 sssinr: 3
08-13 17:50:38.400 13928 14041 D cellinfo: 46 bytes from 54.197.223.49: icmp_seq=7045 ttl=41 time=107 ms
08-13 17:50:38.578 13928 14041 D cellinfo: 46 bytes from 54.197.223.49: icmp_seq=7046 ttl=41 time=84.2 ms
08-13 17:50:38.779 13928 14041 D cellinfo: 46 bytes from 54.197.223.49: icmp_seq=7047 ttl=41 time=83.5 ms
08-13 17:50:38.978 13928 14041 D cellinfo: 46 bytes from 54.197.223.49: icmp_seq=7048 ttl=41 time=83.1 ms
08-13 17:50:39.204 13928 14041 D cellinfo: 46 bytes from 54.197.223.49: icmp_seq=7049 ttl=41 time=108 ms
08-13 17:50:39.243 13928 13928 D cellinfo: Latitude is 40.1721583
08-13 17:50:39.243 13928 13928 D cellinfo: Longitude is -86.5508727
08-13 17:50:39.243 13928 13928 D cellinfo: Instantaneous GPS information: United States, 9170 I-65, Thorntown, IN 46071, USA
08-13 17:50:39.243 13928 13928 D cellinfo: getCurrentLocation() result: Location (success): 40.1721583, -86.5508727
08-13 17:50:39.295 13928 13928 D cellinfo: onCellInfoChanged: Operator: AT&T UpdateTimestamp: 86560363 CellConnectionStatus: 0
08-13 17:50:39.295 13928 13928 D cellinfo: onCellInfoChanged: LTE Cell Bands: [66] Bandwidth: 2147483647 Cell ID: 48909335 Physical Cell ID: 227 Tracking Area Code: 19980 EARFCN: 66486
08-13 17:50:39.379 13928 14041 D cellinfo: 46 bytes from 54.197.223.49: icmp_seq=7050 ttl=41 time=82.6 ms
08-13 17:50:39.598 13928 14041 D cellinfo: 46 bytes from 54.197.223.49: icmp_seq=7051 ttl=41 time=100 ms
08-13 17:50:39.777 13928 14041 D cellinfo: 46 bytes from 54.197.223.49: icmp_seq=7052 ttl=41 time=79.3 ms
08-13 17:50:39.998 13928 14041 D cellinfo: 46 bytes from 54.197.223.49: icmp_seq=7053 ttl=41 time=98.5 ms
08-13 17:50:40.206 13928 14041 D cellinfo: 46 bytes from 54.197.223.49: icmp_seq=7054 ttl=41 time=106 ms
08-13 17:50:40.386 13928 14041 D cellinfo: 46 bytes from 54.197.223.49: icmp_seq=7055 ttl=41 time=85.0 ms
08-13 17:50:40.549 13928 13928 D cellinfo: onsignalStrengthsChanged: LTE Signal Strength info: rsrp: -92 rsrq: -9 rssi: -65 rssnr: 19
08-13 17:50:40.549 13928 13928 D cellinfo: onsignalStrengthsChanged: 5G-NR Signal Strength info: ssrsrp: -107 ssrsrq: -12 sssinr: 7
08-13 17:50:40.588 13928 14041 D cellinfo: 46 bytes from 54.197.223.49: icmp_seq=7056 ttl=41 time=85.5 ms
08-13 17:50:40.697 13928 13928 D cellinfo: onsignalStrengthsChanged: LTE Signal Strength info: rsrp: -92 rsrq: -9 rssi: -65 rssnr: 19
08-13 17:50:40.697 13928 13928 D cellinfo: onsignalStrengthsChanged: 5G-NR Signal Strength info: ssrsrp: -109 ssrsrq: -13 sssinr: 3
08-13 17:50:40.804 13928 14041 D cellinfo: 46 bytes from 54.197.223.49: icmp_seq=7057 ttl=41 time=102 ms
08-13 17:50:40.998 13928 14041 D cellinfo: 46 bytes from 54.197.223.49: icmp_seq=7058 ttl=41 time=94.4 ms
08-13 17:50:41.205 13928 14041 D cellinfo: 46 bytes from 54.197.223.49: icmp_seq=7059 ttl=41 time=101 ms
08-13 17:50:41.404 13928 14041 D cellinfo: 46 bytes from 54.197.223.49: icmp_seq=7060 ttl=41 time=99.8 ms
08-13 17:50:41.606 13928 14041 D cellinfo: 46 bytes from 54.197.223.49: icmp_seq=7061 ttl=41 time=99.3 ms
08-13 17:50:41.732 13928 13928 D cellinfo: onsignalStrengthsChanged: LTE Signal Strength info: rsrp: -92 rsrq: -9 rssi: -71 rssnr: 19
08-13 17:50:41.732 13928 13928 D cellinfo: onsignalStrengthsChanged: 5G-NR Signal Strength info: ssrsrp: -111 ssrsrq: -13 sssinr: 3
08-13 17:50:41.816 13928 14041 D cellinfo: 46 bytes from 54.197.223.49: icmp_seq=7062 ttl=41 time=109 ms
08-13 17:50:42.147 13928 14041 D cellinfo: 46 bytes from 54.197.223.49: icmp_seq=7063 ttl=41 time=238 ms
08-13 17:50:42.220 13928 14041 D cellinfo: 46 bytes from 54.197.223.49: icmp_seq=7064 ttl=41 time=113 ms
08-13 17:50:42.285 13928 13928 D cellinfo: onCellInfoChanged: Operator: AT&T UpdateTimestamp: 86563349 CellConnectionStatus: 0
08-13 17:50:42.285 13928 13928 D cellinfo: onCellInfoChanged: LTE Cell Bands: [66] Bandwidth: 2147483647 Cell ID: 48909335 Physical Cell ID: 227 Tracking Area Code: 19980 EARFCN: 66486
08-13 17:50:42.410 13928 14041 D cellinfo: 46 bytes from 54.197.223.49: icmp_seq=7065 ttl=41 time=102 ms
08-13 17:50:42.619 13928 14041 D cellinfo: 46 bytes from 54.197.223.49: icmp_seq=7066 ttl=41 time=109 ms
08-13 17:50:42.701 13928 13928 D cellinfo: onsignalStrengthsChanged: LTE Signal Strength info: rsrp: -92 rsrq: -9 rssi: -71 rssnr: 19
08-13 17:50:42.701 13928 13928 D cellinfo: onsignalStrengthsChanged: 5G-NR Signal Strength info: ssrsrp: -113 ssrsrq: -13 sssinr: 1
08-13 17:50:42.792 13928 13928 D cellinfo: onsignalStrengthsChanged: LTE Signal Strength info: rsrp: -92 rsrq: -9 rssi: -81 rssnr: 18
08-13 17:50:42.792 13928 13928 D cellinfo: onsignalStrengthsChanged: 5G-NR Signal Strength info: ssrsrp: -113 ssrsrq: -13 sssinr: 1
08-13 17:50:42.813 13928 14041 D cellinfo: 46 bytes from 54.197.223.49: icmp_seq=7067 ttl=41 time=103 ms
08-13 17:50:43.009 13928 14041 D cellinfo: 46 bytes from 54.197.223.49: icmp_seq=7068 ttl=41 time=96.4 ms
08-13 17:50:43.213 13928 14041 D cellinfo: 46 bytes from 54.197.223.49: icmp_seq=7069 ttl=41 time=101 ms
08-13 17:50:43.413 13928 14041 D cellinfo: 46 bytes from 54.197.223.49: icmp_seq=7070 ttl=41 time=99.9 ms
08-13 17:50:43.628 13928 14041 D cellinfo: 46 bytes from 54.197.223.49: icmp_seq=7071 ttl=41 time=114 ms
08-13 17:50:43.694 13928 13928 D cellinfo: onsignalStrengthsChanged: LTE Signal Strength info: rsrp: -92 rsrq: -9 rssi: -81 rssnr: 18
08-13 17:50:43.695 13928 13928 D cellinfo: onsignalStrengthsChanged: 5G-NR Signal Strength info: ssrsrp: -112 ssrsrq: -13 sssinr: 4
08-13 17:50:43.834 13928 14041 D cellinfo: 46 bytes from 54.197.223.49: icmp_seq=7072 ttl=41 time=118 ms
08-13 17:50:44.032 13928 14041 D cellinfo: 46 bytes from 54.197.223.49: icmp_seq=7073 ttl=41 time=115 ms
08-13 17:50:44.233 13928 14041 D cellinfo: 46 bytes from 54.197.223.49: icmp_seq=7074 ttl=41 time=116 ms
08-13 17:50:44.415 13928 14041 D cellinfo: 46 bytes from 54.197.223.49: icmp_seq=7075 ttl=41 time=96.6 ms
08-13 17:50:44.624 13928 14041 D cellinfo: 46 bytes from 54.197.223.49: icmp_seq=7076 ttl=41 time=103 ms
08-13 17:50:44.776 13928 13928 D cellinfo: Latitude is 40.1685743
08-13 17:50:44.776 13928 13928 D cellinfo: Longitude is -86.5481826
08-13 17:50:44.776 13928 13928 D cellinfo: Instantaneous GPS information: United States, I-65, Thorntown, IN 46071, USA
08-13 17:50:44.776 13928 13928 D cellinfo: getCurrentLocation() result: Location (success): 40.1685743, -86.5481826
08-13 17:50:44.778 13928 13928 D cellinfo: onsignalStrengthsChanged: LTE Signal Strength info: rsrp: -93 rsrq: -9 rssi: -77 rssnr: 16
08-13 17:50:44.778 13928 13928 D cellinfo: onsignalStrengthsChanged: 5G-NR Signal Strength info: ssrsrp: -111 ssrsrq: -13 sssinr: 4
08-13 17:50:44.826 13928 14041 D cellinfo: 46 bytes from 54.197.223.49: icmp_seq=7077 ttl=41 time=103 ms
08-13 17:50:45.012 13928 14041 D cellinfo: 46 bytes from 54.197.223.49: icmp_seq=7078 ttl=41 time=89.4 ms
08-13 17:50:45.033 13928 13928 D cellinfo: onsignalStrengthsChanged: LTE Signal Strength info: rsrp: -94 rsrq: -10 rssi: -75 rssnr: 14
08-13 17:50:45.033 13928 13928 D cellinfo: onsignalStrengthsChanged: 5G-NR Signal Strength info: ssrsrp: -111 ssrsrq: -13 sssinr: 4
08-13 17:50:45.205 13928 14041 D cellinfo: 46 bytes from 54.197.223.49: icmp_seq=7079 ttl=41 time=83.3 ms
08-13 17:50:45.237 13928 13928 D cellinfo: Latitude is 40.1685743
08-13 17:50:45.237 13928 13928 D cellinfo: Longitude is -86.5481826
08-13 17:50:45.237 13928 13928 D cellinfo: Instantaneous GPS information: United States, I-65, Thorntown, IN 46071, USA
08-13 17:50:45.237 13928 13928 D cellinfo: getCurrentLocation() result: Location (success): 40.1685743, -86.5481826
08-13 17:50:45.278 13928 13928 D cellinfo: onCellInfoChanged: Operator: AT&T UpdateTimestamp: 86566345 CellConnectionStatus: 0
08-13 17:50:45.278 13928 13928 D cellinfo: onCellInfoChanged: LTE Cell Bands: [66] Bandwidth: 2147483647 Cell ID: 48909335 Physical Cell ID: 227 Tracking Area Code: 19980 EARFCN: 66486
08-13 17:50:45.434 13928 14041 D cellinfo: 46 bytes from 54.197.223.49: icmp_seq=7080 ttl=41 time=111 ms
08-13 17:50:45.608 13928 14041 D cellinfo: 46 bytes from 54.197.223.49: icmp_seq=7081 ttl=41 time=84.6 ms
08-13 17:50:45.828 13928 14041 D cellinfo: 46 bytes from 54.197.223.49: icmp_seq=7082 ttl=41 time=103 ms
08-13 17:50:46.030 13928 14041 D cellinfo: 46 bytes from 54.197.223.49: icmp_seq=7083 ttl=41 time=105 ms
08-13 17:50:46.232 13928 14041 D cellinfo: 46 bytes from 54.197.223.49: icmp_seq=7084 ttl=41 time=108 ms
08-13 17:50:46.425 13928 14041 D cellinfo: 46 bytes from 54.197.223.49: icmp_seq=7085 ttl=41 time=100 ms
08-13 17:50:46.628 13928 14041 D cellinfo: 46 bytes from 54.197.223.49: icmp_seq=7086 ttl=41 time=102 ms
08-13 17:50:46.945 13928 14041 D cellinfo: 46 bytes from 54.197.223.49: icmp_seq=7087 ttl=41 time=217 ms
08-13 17:50:47.054 13928 14041 D cellinfo: 46 bytes from 54.197.223.49: icmp_seq=7088 ttl=41 time=121 ms
08-13 17:50:47.230 13928 14041 D cellinfo: 46 bytes from 54.197.223.49: icmp_seq=7089 ttl=41 time=97.7 ms
08-13 17:50:47.274 13928 13928 D cellinfo: onsignalStrengthsChanged: LTE Signal Strength info: rsrp: -96 rsrq: -10 rssi: -77 rssnr: 11
08-13 17:50:47.274 13928 13928 D cellinfo: onsignalStrengthsChanged: 5G-NR Signal Strength info: ssrsrp: -111 ssrsrq: -12 sssinr: 3
08-13 17:50:47.451 13928 14041 D cellinfo: 46 bytes from 54.197.223.49: icmp_seq=7090 ttl=41 time=117 ms
08-13 17:50:47.636 13928 14041 D cellinfo: 46 bytes from 54.197.223.49: icmp_seq=7091 ttl=41 time=101 ms
08-13 17:50:47.826 13928 14041 D cellinfo: 46 bytes from 54.197.223.49: icmp_seq=7092 ttl=41 time=91.4 ms
08-13 17:50:48.032 13928 14041 D cellinfo: 46 bytes from 54.197.223.49: icmp_seq=7093 ttl=41 time=96.9 ms
08-13 17:50:48.231 13928 14041 D cellinfo: 46 bytes from 54.197.223.49: icmp_seq=7094 ttl=41 time=96.7 ms
08-13 17:50:48.253 13928 13928 D cellinfo: Latitude is 40.1685743
08-13 17:50:48.253 13928 13928 D cellinfo: Longitude is -86.5481826
08-13 17:50:48.253 13928 13928 D cellinfo: Instantaneous GPS information: United States, I-65, Thorntown, IN 46071, USA
08-13 17:50:48.253 13928 13928 D cellinfo: getCurrentLocation() result: Location (success): 40.1685743, -86.5481826
08-13 17:50:48.296 13928 13928 D cellinfo: onCellInfoChanged: Operator: AT&T UpdateTimestamp: 86569362 CellConnectionStatus: 0
08-13 17:50:48.296 13928 13928 D cellinfo: onCellInfoChanged: LTE Cell Bands: [66] Bandwidth: 2147483647 Cell ID: 48909335 Physical Cell ID: 227 Tracking Area Code: 19980 EARFCN: 66486
08-13 17:50:48.429 13928 14041 D cellinfo: 46 bytes from 54.197.223.49: icmp_seq=7095 ttl=41 time=94.7 ms
08-13 17:50:48.631 13928 14041 D cellinfo: 46 bytes from 54.197.223.49: icmp_seq=7096 ttl=41 time=95.3 ms
08-13 17:50:48.863 13928 14041 D cellinfo: 46 bytes from 54.197.223.49: icmp_seq=7097 ttl=41 time=126 ms
08-13 17:50:49.057 13928 14041 D cellinfo: 46 bytes from 54.197.223.49: icmp_seq=7098 ttl=41 time=118 ms
08-13 17:50:49.245 13928 14041 D cellinfo: 46 bytes from 54.197.223.49: icmp_seq=7099 ttl=41 time=107 ms
08-13 17:50:49.516 13928 14041 D cellinfo: 46 bytes from 54.197.223.49: icmp_seq=7100 ttl=41 time=177 ms
08-13 17:50:49.639 13928 14041 D cellinfo: 46 bytes from 54.197.223.49: icmp_seq=7101 ttl=41 time=100 ms
08-13 17:50:49.801 13928 13928 D cellinfo: onServiceStateChanged: Channel Number: 66486 Cell Bandwidths: [10000, 10000, 10000]
08-13 17:50:49.810 13928 13928 D cellinfo: onDisplayInfoChanged: NetworkType: LTE OverrideNetworkType: 5G (Sub-6 GHz)
08-13 17:50:49.823 13928 14041 D cellinfo: 46 bytes from 54.197.223.49: icmp_seq=7102 ttl=41 time=83.1 ms
08-13 17:50:49.827 13928 13928 D cellinfo: onsignalStrengthsChanged: LTE Signal Strength info: rsrp: -101 rsrq: -11 rssi: -79 rssnr: 7
08-13 17:50:49.827 13928 13928 D cellinfo: onServiceStateChanged: Channel Number: 66486 Cell Bandwidths: [10000, 10000, 10000]
08-13 17:50:49.844 13928 13928 D cellinfo: onServiceStateChanged: Channel Number: 66486 Cell Bandwidths: [10000, 10000, 10000]
08-13 17:50:50.040 13928 14041 D cellinfo: 46 bytes from 54.197.223.49: icmp_seq=7103 ttl=41 time=98.4 ms
08-13 17:50:50.224 13928 14041 D cellinfo: 46 bytes from 54.197.223.49: icmp_seq=7104 ttl=41 time=83.0 ms
08-13 17:50:50.426 13928 14041 D cellinfo: 46 bytes from 54.197.223.49: icmp_seq=7105 ttl=41 time=82.9 ms
08-13 17:50:50.623 13928 14041 D cellinfo: 46 bytes from 54.197.223.49: icmp_seq=7106 ttl=41 time=80.1 ms
08-13 17:50:50.824 13928 14041 D cellinfo: 46 bytes from 54.197.223.49: icmp_seq=7107 ttl=41 time=78.3 ms
08-13 17:50:51.023 13928 14041 D cellinfo: 46 bytes from 54.197.223.49: icmp_seq=7108 ttl=41 time=77.0 ms
08-13 17:50:51.232 13928 14041 D cellinfo: 46 bytes from 54.197.223.49: icmp_seq=7109 ttl=41 time=85.2 ms
08-13 17:50:51.253 13928 13928 D cellinfo: Latitude is 40.1685743
08-13 17:50:51.253 13928 13928 D cellinfo: Longitude is -86.5481826
08-13 17:50:51.253 13928 13928 D cellinfo: Instantaneous GPS information: United States, I-65, Thorntown, IN 46071, USA
08-13 17:50:51.253 13928 13928 D cellinfo: getCurrentLocation() result: Location (success): 40.1685743, -86.5481826
08-13 17:50:51.297 13928 13928 D cellinfo: onCellInfoChanged: Operator: AT&T UpdateTimestamp: 86572364 CellConnectionStatus: 0
08-13 17:50:51.297 13928 13928 D cellinfo: onCellInfoChanged: LTE Cell Bands: [66] Bandwidth: 2147483647 Cell ID: 48909335 Physical Cell ID: 227 Tracking Area Code: 19980 EARFCN: 66486
08-13 17:50:51.424 13928 14041 D cellinfo: 46 bytes from 54.197.223.49: icmp_seq=7110 ttl=41 time=76.1 ms
08-13 17:50:51.634 13928 14041 D cellinfo: 46 bytes from 54.197.223.49: icmp_seq=7111 ttl=41 time=86.0 ms
08-13 17:50:51.747 13928 13928 D cellinfo: onsignalStrengthsChanged: LTE Signal Strength info: rsrp: -103 rsrq: -12 rssi: -71 rssnr: 6
08-13 17:50:51.834 13928 14041 D cellinfo: 46 bytes from 54.197.223.49: icmp_seq=7112 ttl=41 time=84.5 ms
08-13 17:50:52.042 13928 14041 D cellinfo: 46 bytes from 54.197.223.49: icmp_seq=7113 ttl=41 time=91.5 ms
08-13 17:50:52.234 13928 14041 D cellinfo: 46 bytes from 54.197.223.49: icmp_seq=7114 ttl=41 time=84.1 ms
08-13 17:50:52.434 13928 14041 D cellinfo: 46 bytes from 54.197.223.49: icmp_seq=7115 ttl=41 time=83.3 ms
08-13 17:50:52.643 13928 14041 D cellinfo: 46 bytes from 54.197.223.49: icmp_seq=7116 ttl=41 time=90.2 ms
08-13 17:50:52.835 13928 14041 D cellinfo: 46 bytes from 54.197.223.49: icmp_seq=7117 ttl=41 time=82.3 ms
08-13 17:50:53.034 13928 14041 D cellinfo: 46 bytes from 54.197.223.49: icmp_seq=7118 ttl=41 time=81.0 ms
08-13 17:50:53.246 13928 14041 D cellinfo: 46 bytes from 54.197.223.49: icmp_seq=7119 ttl=41 time=93.9 ms
08-13 17:50:53.433 13928 14041 D cellinfo: 46 bytes from 54.197.223.49: icmp_seq=7120 ttl=41 time=81.7 ms
08-13 17:50:53.635 13928 14041 D cellinfo: 46 bytes from 54.197.223.49: icmp_seq=7121 ttl=41 time=82.3 ms
08-13 17:50:53.834 13928 14041 D cellinfo: 46 bytes from 54.197.223.49: icmp_seq=7122 ttl=41 time=80.1 ms
08-13 17:50:54.043 13928 14041 D cellinfo: 46 bytes from 54.197.223.49: icmp_seq=7123 ttl=41 time=87.3 ms
08-13 17:50:54.242 13928 14041 D cellinfo: 46 bytes from 54.197.223.49: icmp_seq=7124 ttl=41 time=87.1 ms
08-13 17:50:54.286 13928 13928 D cellinfo: onCellInfoChanged: Operator: AT&T UpdateTimestamp: 86575352 CellConnectionStatus: 0
08-13 17:50:54.286 13928 13928 D cellinfo: onCellInfoChanged: LTE Cell Bands: [66] Bandwidth: 2147483647 Cell ID: 48909335 Physical Cell ID: 227 Tracking Area Code: 19980 EARFCN: 66486
