08-13 17:46:30.879 13928 14041 D cellinfo: 46 bytes from 54.197.223.49: icmp_seq=5813 ttl=41 time=82.8 ms
08-13 17:46:31.079 13928 14041 D cellinfo: 46 bytes from 54.197.223.49: icmp_seq=5814 ttl=41 time=82.1 ms
08-13 17:46:31.303 13928 14041 D cellinfo: 46 bytes from 54.197.223.49: icmp_seq=5815 ttl=41 time=104 ms
08-13 17:46:31.481 13928 14041 D cellinfo: 46 bytes from 54.197.223.49: icmp_seq=5816 ttl=41 time=81.8 ms
08-13 17:46:31.680 13928 14041 D cellinfo: 46 bytes from 54.197.223.49: icmp_seq=5817 ttl=41 time=81.1 ms
08-13 17:46:31.880 13928 14041 D cellinfo: 46 bytes from 54.197.223.49: icmp_seq=5818 ttl=41 time=79.5 ms
08-13 17:46:31.909 13928 13928 D cellinfo: onsignalStrengthsChanged: LTE Signal Strength info: rsrp: -81 rsrq: -8 rssi: -63 rssnr: 13
08-13 17:46:32.112 13928 14041 D cellinfo: 46 bytes from 54.197.223.49: icmp_seq=5819 ttl=41 time=111 ms
08-13 17:46:32.300 13928 14041 D cellinfo: 46 bytes from 54.197.223.49: icmp_seq=5820 ttl=41 time=96.7 ms
08-13 17:46:32.479 13928 14041 D cellinfo: 46 bytes from 54.197.223.49: icmp_seq=5821 ttl=41 time=73.9 ms
08-13 17:46:32.691 13928 14041 D cellinfo: 46 bytes from 54.197.223.49: icmp_seq=5822 ttl=41 time=83.9 ms
08-13 17:46:32.715 13928 13928 D cellinfo: Latitude is 40.2299861
08-13 17:46:32.715 13928 13928 D cellinfo: Longitude is -86.619227
08-13 17:46:32.716 13928 13928 D cellinfo: Instantaneous GPS information: United States, 3759 S Co Rd 600 W, Frankfort, IN 46041, USA
08-13 17:46:32.716 13928 13928 D cellinfo: getCurrentLocation() result: Location (success): 40.2299861, -86.619227
08-13 17:46:32.891 13928 14041 D cellinfo: 46 bytes from 54.197.223.49: icmp_seq=5823 ttl=41 time=84.0 ms
08-13 17:46:33.098 13928 14041 D cellinfo: 46 bytes from 54.197.223.49: icmp_seq=5824 ttl=41 time=89.5 ms
08-13 17:46:33.246 13928 13928 D cellinfo: Latitude is 40.2299861
08-13 17:46:33.246 13928 13928 D cellinfo: Longitude is -86.619227
08-13 17:46:33.246 13928 13928 D cellinfo: Instantaneous GPS information: United States, 3759 S Co Rd 600 W, Frankfort, IN 46041, USA
08-13 17:46:33.246 13928 13928 D cellinfo: getCurrentLocation() result: Location (success): 40.2299861, -86.619227
08-13 17:46:33.299 13928 13928 D cellinfo: onCellInfoChanged: Operator: AT&T UpdateTimestamp: 86314365 CellConnectionStatus: 0
08-13 17:46:33.299 13928 13928 D cellinfo: onCellInfoChanged: LTE Cell Bands: [2] Bandwidth: 2147483647 Cell ID: 48914952 Physical Cell ID: 48 Tracking Area Code: 19980 EARFCN: 850
08-13 17:46:33.309 13928 14041 D cellinfo: 46 bytes from 54.197.223.49: icmp_seq=5825 ttl=41 time=101 ms
08-13 17:46:33.491 13928 14041 D cellinfo: 46 bytes from 54.197.223.49: icmp_seq=5826 ttl=41 time=80.7 ms
08-13 17:46:33.691 13928 14041 D cellinfo: 46 bytes from 54.197.223.49: icmp_seq=5827 ttl=41 time=80.6 ms
08-13 17:46:33.890 13928 14041 D cellinfo: 46 bytes from 54.197.223.49: icmp_seq=5828 ttl=41 time=79.1 ms
08-13 17:46:34.102 13928 14041 D cellinfo: 46 bytes from 54.197.223.49: icmp_seq=5829 ttl=41 time=90.2 ms
08-13 17:46:34.154 13928 13928 D cellinfo: onsignalStrengthsChanged: LTE Signal Strength info: rsrp: -83 rsrq: -8 rssi: -57 rssnr: 11
08-13 17:46:34.301 13928 14041 D cellinfo: 46 bytes from 54.197.223.49: icmp_seq=5830 ttl=41 time=87.3 ms
08-13 17:46:34.502 13928 14041 D cellinfo: 46 bytes from 54.197.223.49: icmp_seq=5831 ttl=41 time=88.9 ms
08-13 17:46:34.701 13928 14041 D cellinfo: 46 bytes from 54.197.223.49: icmp_seq=5832 ttl=41 time=86.3 ms
08-13 17:46:34.908 13928 14041 D cellinfo: 46 bytes from 54.197.223.49: icmp_seq=5833 ttl=41 time=93.5 ms
08-13 17:46:35.101 13928 14041 D cellinfo: 46 bytes from 54.197.223.49: icmp_seq=5834 ttl=41 time=83.7 ms
08-13 17:46:35.302 13928 14041 D cellinfo: 46 bytes from 54.197.223.49: icmp_seq=5835 ttl=41 time=84.6 ms
08-13 17:46:35.501 13928 14041 D cellinfo: 46 bytes from 54.197.223.49: icmp_seq=5836 ttl=41 time=80.5 ms
08-13 17:46:35.705 13928 14041 D cellinfo: 46 bytes from 54.197.223.49: icmp_seq=5837 ttl=41 time=83.8 ms
08-13 17:46:35.909 13928 14041 D cellinfo: 46 bytes from 54.197.223.49: icmp_seq=5838 ttl=41 time=88.3 ms
08-13 17:46:36.102 13928 14041 D cellinfo: 46 bytes from 54.197.223.49: icmp_seq=5839 ttl=41 time=81.0 ms
08-13 17:46:36.248 13928 13928 D cellinfo: Latitude is 40.2299861
08-13 17:46:36.248 13928 13928 D cellinfo: Longitude is -86.619227
08-13 17:46:36.248 13928 13928 D cellinfo: Instantaneous GPS information: United States, 3759 S Co Rd 600 W, Frankfort, IN 46041, USA
08-13 17:46:36.248 13928 13928 D cellinfo: getCurrentLocation() result: Location (success): 40.2299861, -86.619227
08-13 17:46:36.301 13928 13928 D cellinfo: onCellInfoChanged: Operator: AT&T UpdateTimestamp: 86317368 CellConnectionStatus: 0
08-13 17:46:36.301 13928 13928 D cellinfo: onCellInfoChanged: LTE Cell Bands: [2] Bandwidth: 2147483647 Cell ID: 48914952 Physical Cell ID: 48 Tracking Area Code: 19980 EARFCN: 850
08-13 17:46:36.309 13928 14041 D cellinfo: 46 bytes from 54.197.223.49: icmp_seq=5840 ttl=41 time=87.4 ms
08-13 17:46:36.390 13928 13928 D cellinfo: onsignalStrengthsChanged: LTE Signal Strength info: rsrp: -87 rsrq: -8 rssi: -53 rssnr: 11
08-13 17:46:36.512 13928 14041 D cellinfo: 46 bytes from 54.197.223.49: icmp_seq=5841 ttl=41 time=89.0 ms
08-13 17:46:36.709 13928 14041 D cellinfo: 46 bytes from 54.197.223.49: icmp_seq=5842 ttl=41 time=86.7 ms
08-13 17:46:36.911 13928 14041 D cellinfo: 46 bytes from 54.197.223.49: icmp_seq=5843 ttl=41 time=86.2 ms
08-13 17:46:37.110 13928 14041 D cellinfo: 46 bytes from 54.197.223.49: icmp_seq=5844 ttl=41 time=85.2 ms
08-13 17:46:37.311 13928 14041 D cellinfo: 46 bytes from 54.197.223.49: icmp_seq=5845 ttl=41 time=85.2 ms
08-13 17:46:37.510 13928 14041 D cellinfo: 46 bytes from 54.197.223.49: icmp_seq=5846 ttl=41 time=83.8 ms
08-13 17:46:37.709 13928 14041 D cellinfo: 46 bytes from 54.197.223.49: icmp_seq=5847 ttl=41 time=82.7 ms
08-13 17:46:37.942 13928 14041 D cellinfo: 46 bytes from 54.197.223.49: icmp_seq=5848 ttl=41 time=113 ms
08-13 17:46:38.167 13928 14041 D cellinfo: 46 bytes from 54.197.223.49: icmp_seq=5849 ttl=41 time=137 ms
08-13 17:46:38.309 13928 14041 D cellinfo: 46 bytes from 54.197.223.49: icmp_seq=5850 ttl=41 time=77.8 ms
08-13 17:46:38.512 13928 13928 D cellinfo: onServiceStateChanged: Channel Number: 850 Cell Bandwidths: []
08-13 17:46:38.516 13928 14041 D cellinfo: 46 bytes from 54.197.223.49: icmp_seq=5851 ttl=41 time=84.3 ms
08-13 17:46:38.601 13928 13928 D cellinfo: onServiceStateChanged: Channel Number: 850 Cell Bandwidths: [20000, 10000, 10000]
08-13 17:46:38.713 13928 13928 D cellinfo: onServiceStateChanged: Channel Number: 850 Cell Bandwidths: [20000, 10000, 10000]
08-13 17:46:38.730 13928 14041 D cellinfo: 46 bytes from 54.197.223.49: icmp_seq=5852 ttl=41 time=98.1 ms
08-13 17:46:38.743 13928 13928 D cellinfo: onsignalStrengthsChanged: LTE Signal Strength info: rsrp: -86 rsrq: -8 rssi: -51 rssnr: 10
08-13 17:46:38.756 13928 13928 D cellinfo: onCellInfoChanged: Operator: AT&T UpdateTimestamp: 86319826 CellConnectionStatus: 0
08-13 17:46:38.756 13928 13928 D cellinfo: onCellInfoChanged: LTE Cell Bands: [2] Bandwidth: 2147483647 Cell ID: 48914953 Physical Cell ID: 371 Tracking Area Code: 19980 EARFCN: 850
08-13 17:46:38.779 13928 13928 D cellinfo: onServiceStateChanged: Channel Number: 850 Cell Bandwidths: []
08-13 17:46:38.920 13928 14041 D cellinfo: 46 bytes from 54.197.223.49: icmp_seq=5853 ttl=41 time=86.5 ms
08-13 17:46:39.119 13928 14041 D cellinfo: 46 bytes from 54.197.223.49: icmp_seq=5854 ttl=41 time=85.2 ms
08-13 17:46:39.244 13928 13928 D cellinfo: Latitude is 40.2299861
08-13 17:46:39.244 13928 13928 D cellinfo: Longitude is -86.619227
08-13 17:46:39.244 13928 13928 D cellinfo: Instantaneous GPS information: United States, 3759 S Co Rd 600 W, Frankfort, IN 46041, USA
08-13 17:46:39.244 13928 13928 D cellinfo: getCurrentLocation() result: Location (success): 40.2299861, -86.619227
08-13 17:46:39.294 13928 13928 D cellinfo: onCellInfoChanged: Operator: AT&T UpdateTimestamp: 86320361 CellConnectionStatus: 0
08-13 17:46:39.294 13928 13928 D cellinfo: onCellInfoChanged: LTE Cell Bands: [2] Bandwidth: 2147483647 Cell ID: 48914953 Physical Cell ID: 371 Tracking Area Code: 19980 EARFCN: 850
08-13 17:46:39.319 13928 14041 D cellinfo: 46 bytes from 54.197.223.49: icmp_seq=5855 ttl=41 time=83.9 ms
08-13 17:46:39.520 13928 14041 D cellinfo: 46 bytes from 54.197.223.49: icmp_seq=5856 ttl=41 time=83.3 ms
08-13 17:46:39.728 13928 14041 D cellinfo: 46 bytes from 54.197.223.49: icmp_seq=5857 ttl=41 time=90.5 ms
08-13 17:46:39.921 13928 14041 D cellinfo: 46 bytes from 54.197.223.49: icmp_seq=5858 ttl=41 time=82.0 ms
08-13 17:46:40.119 13928 14041 D cellinfo: 46 bytes from 54.197.223.49: icmp_seq=5859 ttl=41 time=80.6 ms
08-13 17:46:40.320 13928 14041 D cellinfo: 46 bytes from 54.197.223.49: icmp_seq=5860 ttl=41 time=80.2 ms
08-13 17:46:40.519 13928 14041 D cellinfo: 46 bytes from 54.197.223.49: icmp_seq=5861 ttl=41 time=79.4 ms
08-13 17:46:40.719 13928 14041 D cellinfo: 46 bytes from 54.197.223.49: icmp_seq=5862 ttl=41 time=79.2 ms
08-13 17:46:40.931 13928 14041 D cellinfo: 46 bytes from 54.197.223.49: icmp_seq=5863 ttl=41 time=87.8 ms
08-13 17:46:41.150 13928 14041 D cellinfo: 46 bytes from 54.197.223.49: icmp_seq=5864 ttl=41 time=106 ms
08-13 17:46:41.331 13928 14041 D cellinfo: 46 bytes from 54.197.223.49: icmp_seq=5865 ttl=41 time=85.2 ms
08-13 17:46:41.548 13928 14041 D cellinfo: 46 bytes from 54.197.223.49: icmp_seq=5866 ttl=41 time=102 ms
08-13 17:46:41.730 13928 14041 D cellinfo: 46 bytes from 54.197.223.49: icmp_seq=5867 ttl=41 time=82.7 ms
08-13 17:46:41.815 13928 13928 D cellinfo: onCellInfoChanged: Operator: AT&T UpdateTimestamp: 86322877 CellConnectionStatus: 0
08-13 17:46:41.815 13928 13928 D cellinfo: onCellInfoChanged: LTE Cell Bands: [2] Bandwidth: 2147483647 Cell ID: 48914953 Physical Cell ID: 371 Tracking Area Code: 19980 EARFCN: 850
08-13 17:46:41.949 13928 14041 D cellinfo: 46 bytes from 54.197.223.49: icmp_seq=5868 ttl=41 time=99.0 ms
08-13 17:46:42.130 13928 14041 D cellinfo: 46 bytes from 54.197.223.49: icmp_seq=5869 ttl=41 time=80.5 ms
08-13 17:46:42.342 13928 14041 D cellinfo: 46 bytes from 54.197.223.49: icmp_seq=5870 ttl=41 time=91.9 ms
08-13 17:46:42.530 13928 14041 D cellinfo: 46 bytes from 54.197.223.49: icmp_seq=5871 ttl=41 time=79.6 ms
08-13 17:46:42.761 13928 14041 D cellinfo: 46 bytes from 54.197.223.49: icmp_seq=5872 ttl=41 time=109 ms
08-13 17:46:42.941 13928 14041 D cellinfo: 46 bytes from 54.197.223.49: icmp_seq=5873 ttl=41 time=87.7 ms
08-13 17:46:43.142 13928 14041 D cellinfo: 46 bytes from 54.197.223.49: icmp_seq=5874 ttl=41 time=89.0 ms
08-13 17:46:43.339 13928 14041 D cellinfo: 46 bytes from 54.197.223.49: icmp_seq=5875 ttl=41 time=86.7 ms
08-13 17:46:43.535 13928 14041 D cellinfo: 46 bytes from 54.197.223.49: icmp_seq=5876 ttl=41 time=78.9 ms
08-13 17:46:43.727 13928 14041 D cellinfo: 46 bytes from 54.197.223.49: icmp_seq=5877 ttl=41 time=72.8 ms
08-13 17:46:43.787 13928 13928 D cellinfo: Latitude is 40.2273375
08-13 17:46:43.787 13928 13928 D cellinfo: Longitude is -86.615967
08-13 17:46:43.787 13928 13928 D cellinfo: Instantaneous GPS information: United States, 4133 S Co Rd 600 W, Frankfort, IN 46041, USA
08-13 17:46:43.787 13928 13928 D cellinfo: getCurrentLocation() result: Location (success): 40.2273375, -86.615967
08-13 17:46:43.931 13928 14041 D cellinfo: 46 bytes from 54.197.223.49: icmp_seq=5878 ttl=41 time=76.5 ms
08-13 17:46:44.148 13928 14041 D cellinfo: 46 bytes from 54.197.223.49: icmp_seq=5879 ttl=41 time=91.9 ms
08-13 17:46:44.343 13928 14041 D cellinfo: 46 bytes from 54.197.223.49: icmp_seq=5880 ttl=41 time=85.9 ms
08-13 17:46:44.547 13928 14041 D cellinfo: 46 bytes from 54.197.223.49: icmp_seq=5881 ttl=41 time=90.9 ms
08-13 17:46:44.742 13928 14041 D cellinfo: 46 bytes from 54.197.223.49: icmp_seq=5882 ttl=41 time=83.9 ms
08-13 17:46:44.949 13928 14041 D cellinfo: 46 bytes from 54.197.223.49: icmp_seq=5883 ttl=41 time=89.5 ms
08-13 17:46:45.143 13928 14041 D cellinfo: 46 bytes from 54.197.223.49: icmp_seq=5884 ttl=41 time=81.5 ms
08-13 17:46:45.240 13928 13928 D cellinfo: Latitude is 40.2273375
08-13 17:46:45.241 13928 13928 D cellinfo: Longitude is -86.615967
08-13 17:46:45.241 13928 13928 D cellinfo: Instantaneous GPS information: United States, 4133 S Co Rd 600 W, Frankfort, IN 46041, USA
08-13 17:46:45.241 13928 13928 D cellinfo: getCurrentLocation() result: Location (success): 40.2273375, -86.615967
08-13 17:46:45.300 13928 13928 D cellinfo: onCellInfoChanged: Operator: AT&T UpdateTimestamp: 86326367 CellConnectionStatus: 0
08-13 17:46:45.300 13928 13928 D cellinfo: onCellInfoChanged: LTE Cell Bands: [2] Bandwidth: 2147483647 Cell ID: 48914953 Physical Cell ID: 371 Tracking Area Code: 19980 EARFCN: 850
08-13 17:46:45.347 13928 14041 D cellinfo: 46 bytes from 54.197.223.49: icmp_seq=5885 ttl=41 time=87.0 ms
08-13 17:46:45.550 13928 14041 D cellinfo: 46 bytes from 54.197.223.49: icmp_seq=5886 ttl=41 time=87.7 ms
08-13 17:46:45.750 13928 14041 D cellinfo: 46 bytes from 54.197.223.49: icmp_seq=5887 ttl=41 time=86.1 ms
08-13 17:46:45.959 13928 14041 D cellinfo: 46 bytes from 54.197.223.49: icmp_seq=5888 ttl=41 time=92.5 ms
08-13 17:46:46.150 13928 14041 D cellinfo: 46 bytes from 54.197.223.49: icmp_seq=5889 ttl=41 time=84.2 ms
08-13 17:46:46.349 13928 14041 D cellinfo: 46 bytes from 54.197.223.49: icmp_seq=5890 ttl=41 time=82.6 ms
08-13 17:46:46.550 13928 14041 D cellinfo: 46 bytes from 54.197.223.49: icmp_seq=5891 ttl=41 time=82.2 ms
08-13 17:46:46.748 13928 14041 D cellinfo: 46 bytes from 54.197.223.49: icmp_seq=5892 ttl=41 time=80.5 ms
08-13 17:46:46.949 13928 14041 D cellinfo: 46 bytes from 54.197.223.49: icmp_seq=5893 ttl=41 time=81.0 ms
08-13 17:46:47.149 13928 14041 D cellinfo: 46 bytes from 54.197.223.49: icmp_seq=5894 ttl=41 time=80.0 ms
08-13 17:46:47.351 13928 14041 D cellinfo: 46 bytes from 54.197.223.49: icmp_seq=5895 ttl=41 time=80.7 ms
08-13 17:46:47.552 13928 14041 D cellinfo: 46 bytes from 54.197.223.49: icmp_seq=5896 ttl=41 time=79.5 ms
08-13 17:46:47.661 13928 13928 D cellinfo: onsignalStrengthsChanged: LTE Signal Strength info: rsrp: -79 rsrq: -9 rssi: -51 rssnr: 11
08-13 17:46:47.760 13928 14041 D cellinfo: 46 bytes from 54.197.223.49: icmp_seq=5897 ttl=41 time=88.2 ms
08-13 17:46:47.961 13928 14041 D cellinfo: 46 bytes from 54.197.223.49: icmp_seq=5898 ttl=41 time=87.2 ms
08-13 17:46:48.160 13928 14041 D cellinfo: 46 bytes from 54.197.223.49: icmp_seq=5899 ttl=41 time=85.3 ms
08-13 17:46:48.241 13928 13928 D cellinfo: Latitude is 40.2273375
08-13 17:46:48.241 13928 13928 D cellinfo: Longitude is -86.615967
08-13 17:46:48.241 13928 13928 D cellinfo: Instantaneous GPS information: United States, 4133 S Co Rd 600 W, Frankfort, IN 46041, USA
08-13 17:46:48.241 13928 13928 D cellinfo: getCurrentLocation() result: Location (success): 40.2273375, -86.615967
08-13 17:46:48.286 13928 13928 D cellinfo: onCellInfoChanged: Operator: AT&T UpdateTimestamp: 86329353 CellConnectionStatus: 0
08-13 17:46:48.286 13928 13928 D cellinfo: onCellInfoChanged: LTE Cell Bands: [2] Bandwidth: 2147483647 Cell ID: 48914953 Physical Cell ID: 371 Tracking Area Code: 19980 EARFCN: 850
08-13 17:46:48.361 13928 14041 D cellinfo: 46 bytes from 54.197.223.49: icmp_seq=5900 ttl=41 time=86.0 ms
08-13 17:46:48.564 13928 14041 D cellinfo: 46 bytes from 54.197.223.49: icmp_seq=5901 ttl=41 time=85.4 ms
08-13 17:46:48.760 13928 14041 D cellinfo: 46 bytes from 54.197.223.49: icmp_seq=5902 ttl=41 time=81.4 ms
08-13 17:46:48.959 13928 14041 D cellinfo: 46 bytes from 54.197.223.49: icmp_seq=5903 ttl=41 time=79.1 ms
08-13 17:46:49.162 13928 14041 D cellinfo: 46 bytes from 54.197.223.49: icmp_seq=5904 ttl=41 time=81.1 ms
08-13 17:46:49.382 13928 14041 D cellinfo: 46 bytes from 54.197.223.49: icmp_seq=5905 ttl=41 time=99.9 ms
08-13 17:46:49.570 13928 14041 D cellinfo: 46 bytes from 54.197.223.49: icmp_seq=5906 ttl=41 time=86.8 ms
08-13 17:46:49.783 13928 14041 D cellinfo: 46 bytes from 54.197.223.49: icmp_seq=5907 ttl=41 time=98.2 ms
08-13 17:46:49.970 13928 14041 D cellinfo: 46 bytes from 54.197.223.49: icmp_seq=5908 ttl=41 time=85.7 ms
08-13 17:46:50.182 13928 14041 D cellinfo: 46 bytes from 54.197.223.49: icmp_seq=5909 ttl=41 time=97.6 ms
08-13 17:46:50.380 13928 14041 D cellinfo: 46 bytes from 54.197.223.49: icmp_seq=5910 ttl=41 time=93.3 ms
08-13 17:46:50.571 13928 14041 D cellinfo: 46 bytes from 54.197.223.49: icmp_seq=5911 ttl=41 time=84.9 ms
08-13 17:46:50.771 13928 14041 D cellinfo: 46 bytes from 54.197.223.49: icmp_seq=5912 ttl=41 time=83.1 ms
08-13 17:46:50.982 13928 14041 D cellinfo: 46 bytes from 54.197.223.49: icmp_seq=5913 ttl=41 time=93.6 ms
08-13 17:46:51.170 13928 14041 D cellinfo: 46 bytes from 54.197.223.49: icmp_seq=5914 ttl=41 time=80.3 ms
08-13 17:46:51.236 13928 13928 D cellinfo: Latitude is 40.2273375
08-13 17:46:51.236 13928 13928 D cellinfo: Longitude is -86.615967
08-13 17:46:51.236 13928 13928 D cellinfo: Instantaneous GPS information: United States, 4133 S Co Rd 600 W, Frankfort, IN 46041, USA
08-13 17:46:51.237 13928 13928 D cellinfo: getCurrentLocation() result: Location (success): 40.2273375, -86.615967
08-13 17:46:51.290 13928 13928 D cellinfo: onCellInfoChanged: Operator: AT&T UpdateTimestamp: 86332356 CellConnectionStatus: 0
08-13 17:46:51.290 13928 13928 D cellinfo: onCellInfoChanged: LTE Cell Bands: [2] Bandwidth: 2147483647 Cell ID: 48914953 Physical Cell ID: 371 Tracking Area Code: 19980 EARFCN: 850
08-13 17:46:51.382 13928 14041 D cellinfo: 46 bytes from 54.197.223.49: icmp_seq=5915 ttl=41 time=92.0 ms
08-13 17:46:51.571 13928 14041 D cellinfo: 46 bytes from 54.197.223.49: icmp_seq=5916 ttl=41 time=79.7 ms
08-13 17:46:51.783 13928 14041 D cellinfo: 46 bytes from 54.197.223.49: icmp_seq=5917 ttl=41 time=91.2 ms
08-13 17:46:51.978 13928 14041 D cellinfo: 46 bytes from 54.197.223.49: icmp_seq=5918 ttl=41 time=84.4 ms
08-13 17:46:52.182 13928 14041 D cellinfo: 46 bytes from 54.197.223.49: icmp_seq=5919 ttl=41 time=89.9 ms
08-13 17:46:52.378 13928 14041 D cellinfo: 46 bytes from 54.197.223.49: icmp_seq=5920 ttl=41 time=86.2 ms
08-13 17:46:52.590 13928 14041 D cellinfo: 46 bytes from 54.197.223.49: icmp_seq=5921 ttl=41 time=95.4 ms
08-13 17:46:52.780 13928 14041 D cellinfo: 46 bytes from 54.197.223.49: icmp_seq=5922 ttl=41 time=84.6 ms
08-13 17:46:52.982 13928 14041 D cellinfo: 46 bytes from 54.197.223.49: icmp_seq=5923 ttl=41 time=86.5 ms
08-13 17:46:53.180 13928 14041 D cellinfo: 46 bytes from 54.197.223.49: icmp_seq=5924 ttl=41 time=83.6 ms
08-13 17:46:53.383 13928 14041 D cellinfo: 46 bytes from 54.197.223.49: icmp_seq=5925 ttl=41 time=85.2 ms
08-13 17:46:53.580 13928 14041 D cellinfo: 46 bytes from 54.197.223.49: icmp_seq=5926 ttl=41 time=82.9 ms
08-13 17:46:53.664 13928 13928 D cellinfo: onsignalStrengthsChanged: LTE Signal Strength info: rsrp: -76 rsrq: -8 rssi: -51 rssnr: 13
08-13 17:46:53.782 13928 14041 D cellinfo: 46 bytes from 54.197.223.49: icmp_seq=5927 ttl=41 time=83.7 ms
08-13 17:46:53.980 13928 14041 D cellinfo: 46 bytes from 54.197.223.49: icmp_seq=5928 ttl=41 time=81.2 ms
08-13 17:46:54.205 13928 14041 D cellinfo: 46 bytes from 54.197.223.49: icmp_seq=5929 ttl=41 time=104 ms
08-13 17:46:54.279 13928 13928 D cellinfo: onCellInfoChanged: Operator: AT&T UpdateTimestamp: 86335344 CellConnectionStatus: 0
08-13 17:46:54.279 13928 13928 D cellinfo: onCellInfoChanged: LTE Cell Bands: [2] Bandwidth: 2147483647 Cell ID: 48914953 Physical Cell ID: 371 Tracking Area Code: 19980 EARFCN: 850
08-13 17:46:54.387 13928 14041 D cellinfo: 46 bytes from 54.197.223.49: icmp_seq=5930 ttl=41 time=86.9 ms
08-13 17:46:54.582 13928 14041 D cellinfo: 46 bytes from 54.197.223.49: icmp_seq=5931 ttl=41 time=81.1 ms
08-13 17:46:54.779 13928 14041 D cellinfo: 46 bytes from 54.197.223.49: icmp_seq=5932 ttl=41 time=78.6 ms
08-13 17:46:54.989 13928 14041 D cellinfo: 46 bytes from 54.197.223.49: icmp_seq=5933 ttl=41 time=86.9 ms
08-13 17:46:55.191 13928 14041 D cellinfo: 46 bytes from 54.197.223.49: icmp_seq=5934 ttl=41 time=86.8 ms
08-13 17:46:55.399 13928 14041 D cellinfo: 46 bytes from 54.197.223.49: icmp_seq=5935 ttl=41 time=92.9 ms
08-13 17:46:55.584 13928 14041 D cellinfo: 46 bytes from 54.197.223.49: icmp_seq=5936 ttl=41 time=77.5 ms
08-13 17:46:55.800 13928 14041 D cellinfo: 46 bytes from 54.197.223.49: icmp_seq=5937 ttl=41 time=91.2 ms
08-13 17:46:55.854 13928 13928 D cellinfo: Latitude is 40.2247382
08-13 17:46:55.854 13928 13928 D cellinfo: Longitude is -86.6119439
08-13 17:46:55.854 13928 13928 D cellinfo: Instantaneous GPS information: United States, I-65, Frankfort, IN 46041, USA
08-13 17:46:55.854 13928 13928 D cellinfo: getCurrentLocation() result: Location (success): 40.2247382, -86.6119439
08-13 17:46:55.984 13928 14041 D cellinfo: 46 bytes from 54.197.223.49: icmp_seq=5938 ttl=41 time=75.1 ms
08-13 17:46:56.192 13928 14041 D cellinfo: 46 bytes from 54.197.223.49: icmp_seq=5939 ttl=41 time=82.6 ms
08-13 17:46:56.391 13928 14041 D cellinfo: 46 bytes from 54.197.223.49: icmp_seq=5940 ttl=41 time=80.4 ms
08-13 17:46:56.555 13928 13928 D cellinfo: onsignalStrengthsChanged: LTE Signal Strength info: rsrp: -74 rsrq: -7 rssi: -51 rssnr: 14
08-13 17:46:56.593 13928 14041 D cellinfo: 46 bytes from 54.197.223.49: icmp_seq=5941 ttl=41 time=79.8 ms
08-13 17:46:56.801 13928 14041 D cellinfo: 46 bytes from 54.197.223.49: icmp_seq=5942 ttl=41 time=88.2 ms
08-13 17:46:57.000 13928 14041 D cellinfo: 46 bytes from 54.197.223.49: icmp_seq=5943 ttl=41 time=87.9 ms
08-13 17:46:57.201 13928 14041 D cellinfo: 46 bytes from 54.197.223.49: icmp_seq=5944 ttl=41 time=87.0 ms
08-13 17:46:57.243 13928 13928 D cellinfo: Latitude is 40.2247382
08-13 17:46:57.243 13928 13928 D cellinfo: Longitude is -86.6119439
08-13 17:46:57.243 13928 13928 D cellinfo: Instantaneous GPS information: United States, I-65, Frankfort, IN 46041, USA
08-13 17:46:57.243 13928 13928 D cellinfo: getCurrentLocation() result: Location (success): 40.2247382, -86.6119439
08-13 17:46:57.301 13928 13928 D cellinfo: onCellInfoChanged: Operator: AT&T UpdateTimestamp: 86338367 CellConnectionStatus: 0
08-13 17:46:57.301 13928 13928 D cellinfo: onCellInfoChanged: LTE Cell Bands: [2] Bandwidth: 2147483647 Cell ID: 48914953 Physical Cell ID: 371 Tracking Area Code: 19980 EARFCN: 850
08-13 17:46:57.401 13928 14041 D cellinfo: 46 bytes from 54.197.223.49: icmp_seq=5945 ttl=41 time=86.1 ms
08-13 17:46:57.599 13928 14041 D cellinfo: 46 bytes from 54.197.223.49: icmp_seq=5946 ttl=41 time=84.4 ms
08-13 17:46:57.799 13928 14041 D cellinfo: 46 bytes from 54.197.223.49: icmp_seq=5947 ttl=41 time=84.2 ms
08-13 17:46:58.001 13928 14041 D cellinfo: 46 bytes from 54.197.223.49: icmp_seq=5948 ttl=41 time=83.0 ms
08-13 17:46:58.201 13928 14041 D cellinfo: 46 bytes from 54.197.223.49: icmp_seq=5949 ttl=41 time=82.2 ms
08-13 17:46:58.401 13928 14041 D cellinfo: 46 bytes from 54.197.223.49: icmp_seq=5950 ttl=41 time=80.9 ms
08-13 17:46:58.601 13928 14041 D cellinfo: 46 bytes from 54.197.223.49: icmp_seq=5951 ttl=41 time=79.6 ms
08-13 17:46:58.799 13928 14041 D cellinfo: 46 bytes from 54.197.223.49: icmp_seq=5952 ttl=41 time=78.5 ms
08-13 17:46:59.001 13928 14041 D cellinfo: 46 bytes from 54.197.223.49: icmp_seq=5953 ttl=41 time=78.3 ms
08-13 17:46:59.201 13928 14041 D cellinfo: 46 bytes from 54.197.223.49: icmp_seq=5954 ttl=41 time=78.1 ms
08-13 17:46:59.410 13928 14041 D cellinfo: 46 bytes from 54.197.223.49: icmp_seq=5955 ttl=41 time=87.8 ms
08-13 17:46:59.623 13928 14041 D cellinfo: 46 bytes from 54.197.223.49: icmp_seq=5956 ttl=41 time=99.6 ms
08-13 17:46:59.662 13928 13928 D cellinfo: onsignalStrengthsChanged: LTE Signal Strength info: rsrp: -75 rsrq: -7 rssi: -57 rssnr: 14
08-13 17:46:59.810 13928 14041 D cellinfo: 46 bytes from 54.197.223.49: icmp_seq=5957 ttl=41 time=86.3 ms
08-13 17:47:00.022 13928 14041 D cellinfo: 46 bytes from 54.197.223.49: icmp_seq=5958 ttl=41 time=97.1 ms
08-13 17:47:00.210 13928 14041 D cellinfo: 46 bytes from 54.197.223.49: icmp_seq=5959 ttl=41 time=85.9 ms
08-13 17:47:00.243 13928 13928 D cellinfo: Latitude is 40.2247382
08-13 17:47:00.243 13928 13928 D cellinfo: Longitude is -86.6119439
08-13 17:47:00.244 13928 13928 D cellinfo: Instantaneous GPS information: United States, I-65, Frankfort, IN 46041, USA
08-13 17:47:00.244 13928 13928 D cellinfo: getCurrentLocation() result: Location (success): 40.2247382, -86.6119439
08-13 17:47:00.291 13928 13928 D cellinfo: onCellInfoChanged: Operator: AT&T UpdateTimestamp: 86341360 CellConnectionStatus: 0
08-13 17:47:00.291 13928 13928 D cellinfo: onCellInfoChanged: LTE Cell Bands: [2] Bandwidth: 2147483647 Cell ID: 48914953 Physical Cell ID: 371 Tracking Area Code: 19980 EARFCN: 850
08-13 17:47:00.422 13928 14041 D cellinfo: 46 bytes from 54.197.223.49: icmp_seq=5960 ttl=41 time=97.7 ms
08-13 17:47:00.610 13928 14041 D cellinfo: 46 bytes from 54.197.223.49: icmp_seq=5961 ttl=41 time=84.5 ms
08-13 17:47:00.822 13928 14041 D cellinfo: 46 bytes from 54.197.223.49: icmp_seq=5962 ttl=41 time=95.9 ms
08-13 17:47:01.009 13928 14041 D cellinfo: 46 bytes from 54.197.223.49: icmp_seq=5963 ttl=41 time=83.1 ms
08-13 17:47:01.223 13928 14041 D cellinfo: 46 bytes from 54.197.223.49: icmp_seq=5964 ttl=41 time=95.1 ms
08-13 17:47:01.409 13928 14041 D cellinfo: 46 bytes from 54.197.223.49: icmp_seq=5965 ttl=41 time=82.3 ms
08-13 17:47:01.623 13928 14041 D cellinfo: 46 bytes from 54.197.223.49: icmp_seq=5966 ttl=41 time=93.4 ms
08-13 17:47:01.810 13928 14041 D cellinfo: 46 bytes from 54.197.223.49: icmp_seq=5967 ttl=41 time=80.9 ms
08-13 17:47:02.012 13928 14041 D cellinfo: 46 bytes from 54.197.223.49: icmp_seq=5968 ttl=41 time=80.7 ms
08-13 17:47:02.212 13928 14041 D cellinfo: 46 bytes from 54.197.223.49: icmp_seq=5969 ttl=41 time=80.1 ms
08-13 17:47:02.422 13928 14041 D cellinfo: 46 bytes from 54.197.223.49: icmp_seq=5970 ttl=41 time=90.5 ms
08-13 17:47:02.620 13928 14041 D cellinfo: 46 bytes from 54.197.223.49: icmp_seq=5971 ttl=41 time=88.0 ms
08-13 17:47:02.822 13928 14041 D cellinfo: 46 bytes from 54.197.223.49: icmp_seq=5972 ttl=41 time=88.8 ms
08-13 17:47:03.020 13928 14041 D cellinfo: 46 bytes from 54.197.223.49: icmp_seq=5973 ttl=41 time=85.7 ms
08-13 17:47:03.223 13928 14041 D cellinfo: 46 bytes from 54.197.223.49: icmp_seq=5974 ttl=41 time=87.7 ms
08-13 17:47:03.245 13928 13928 D cellinfo: Latitude is 40.2247382
08-13 17:47:03.245 13928 13928 D cellinfo: Longitude is -86.6119439
08-13 17:47:03.245 13928 13928 D cellinfo: Instantaneous GPS information: United States, I-65, Frankfort, IN 46041, USA
08-13 17:47:03.246 13928 13928 D cellinfo: getCurrentLocation() result: Location (success): 40.2247382, -86.6119439
08-13 17:47:03.292 13928 13928 D cellinfo: onCellInfoChanged: Operator: AT&T UpdateTimestamp: 86344358 CellConnectionStatus: 0
08-13 17:47:03.292 13928 13928 D cellinfo: onCellInfoChanged: LTE Cell Bands: [2] Bandwidth: 2147483647 Cell ID: 48914953 Physical Cell ID: 371 Tracking Area Code: 19980 EARFCN: 850
08-13 17:47:03.420 13928 14041 D cellinfo: 46 bytes from 54.197.223.49: icmp_seq=5975 ttl=41 time=84.2 ms
08-13 17:47:03.626 13928 14041 D cellinfo: 46 bytes from 54.197.223.49: icmp_seq=5976 ttl=41 time=90.6 ms
08-13 17:47:03.820 13928 14041 D cellinfo: 46 bytes from 54.197.223.49: icmp_seq=5977 ttl=41 time=83.1 ms
08-13 17:47:04.022 13928 14041 D cellinfo: 46 bytes from 54.197.223.49: icmp_seq=5978 ttl=41 time=84.6 ms
08-13 17:47:04.220 13928 14041 D cellinfo: 46 bytes from 54.197.223.49: icmp_seq=5979 ttl=41 time=84.1 ms
08-13 17:47:04.422 13928 14041 D cellinfo: 46 bytes from 54.197.223.49: icmp_seq=5980 ttl=41 time=84.4 ms
08-13 17:47:04.618 13928 14041 D cellinfo: 46 bytes from 54.197.223.49: icmp_seq=5981 ttl=41 time=80.7 ms
08-13 17:47:04.821 13928 14041 D cellinfo: 46 bytes from 54.197.223.49: icmp_seq=5982 ttl=41 time=83.2 ms
08-13 17:47:05.019 13928 14041 D cellinfo: 46 bytes from 54.197.223.49: icmp_seq=5983 ttl=41 time=80.3 ms
08-13 17:47:05.222 13928 14041 D cellinfo: 46 bytes from 54.197.223.49: icmp_seq=5984 ttl=41 time=82.2 ms
08-13 17:47:05.419 13928 14041 D cellinfo: 46 bytes from 54.197.223.49: icmp_seq=5985 ttl=41 time=79.6 ms
08-13 17:47:05.510 13928 13928 D cellinfo: onsignalStrengthsChanged: LTE Signal Strength info: rsrp: -81 rsrq: -7 rssi: -59 rssnr: 13
08-13 17:47:05.622 13928 14041 D cellinfo: 46 bytes from 54.197.223.49: icmp_seq=5986 ttl=41 time=81.1 ms
08-13 17:47:05.820 13928 14041 D cellinfo: 46 bytes from 54.197.223.49: icmp_seq=5987 ttl=41 time=78.4 ms
08-13 17:47:06.031 13928 14041 D cellinfo: 46 bytes from 54.197.223.49: icmp_seq=5988 ttl=41 time=87.5 ms
08-13 17:47:06.230 13928 14041 D cellinfo: 46 bytes from 54.197.223.49: icmp_seq=5989 ttl=41 time=87.6 ms
08-13 17:47:06.293 13928 13928 D cellinfo: onCellInfoChanged: Operator: AT&T UpdateTimestamp: 86347358 CellConnectionStatus: 0
08-13 17:47:06.293 13928 13928 D cellinfo: onCellInfoChanged: LTE Cell Bands: [2] Bandwidth: 2147483647 Cell ID: 48914953 Physical Cell ID: 371 Tracking Area Code: 19980 EARFCN: 850
08-13 17:47:06.432 13928 14041 D cellinfo: 46 bytes from 54.197.223.49: icmp_seq=5990 ttl=41 time=88.0 ms
08-13 17:47:06.630 13928 14041 D cellinfo: 46 bytes from 54.197.223.49: icmp_seq=5991 ttl=41 time=84.1 ms
08-13 17:47:06.831 13928 14041 D cellinfo: 46 bytes from 54.197.223.49: icmp_seq=5992 ttl=41 time=84.2 ms
08-13 17:47:07.031 13928 14041 D cellinfo: 46 bytes from 54.197.223.49: icmp_seq=5993 ttl=41 time=84.8 ms
08-13 17:47:07.232 13928 14041 D cellinfo: 46 bytes from 54.197.223.49: icmp_seq=5994 ttl=41 time=85.9 ms
08-13 17:47:07.431 13928 14041 D cellinfo: 46 bytes from 54.197.223.49: icmp_seq=5995 ttl=41 time=83.8 ms
08-13 17:47:07.624 13928 14041 D cellinfo: 46 bytes from 54.197.223.49: icmp_seq=5996 ttl=41 time=75.3 ms
08-13 17:47:07.787 13928 13928 D cellinfo: Latitude is 40.2219458
08-13 17:47:07.787 13928 13928 D cellinfo: Longitude is -86.6079751
08-13 17:47:07.787 13928 13928 D cellinfo: Instantaneous GPS information: United States, I-65, Frankfort, IN 46041, USA
08-13 17:47:07.787 13928 13928 D cellinfo: getCurrentLocation() result: Location (success): 40.2219458, -86.6079751
08-13 17:47:07.832 13928 14041 D cellinfo: 46 bytes from 54.197.223.49: icmp_seq=5997 ttl=41 time=83.3 ms
08-13 17:47:08.031 13928 14041 D cellinfo: 46 bytes from 54.197.223.49: icmp_seq=5998 ttl=41 time=81.0 ms
08-13 17:47:08.223 13928 14041 D cellinfo: 46 bytes from 54.197.223.49: icmp_seq=5999 ttl=41 time=72.3 ms
08-13 17:47:08.430 13928 14041 D cellinfo: 46 bytes from 54.197.223.49: icmp_seq=6000 ttl=41 time=78.2 ms
08-13 17:47:08.630 13928 14041 D cellinfo: 46 bytes from 54.197.223.49: icmp_seq=6001 ttl=41 time=77.7 ms
08-13 17:47:08.842 13928 14041 D cellinfo: 46 bytes from 54.197.223.49: icmp_seq=6002 ttl=41 time=88.6 ms
08-13 17:47:09.064 13928 14041 D cellinfo: 46 bytes from 54.197.223.49: icmp_seq=6003 ttl=41 time=111 ms
08-13 17:47:09.236 13928 13928 D cellinfo: Latitude is 40.2219458
08-13 17:47:09.236 13928 13928 D cellinfo: Longitude is -86.6079751
08-13 17:47:09.236 13928 13928 D cellinfo: Instantaneous GPS information: United States, I-65, Frankfort, IN 46041, USA
08-13 17:47:09.236 13928 13928 D cellinfo: getCurrentLocation() result: Location (success): 40.2219458, -86.6079751
08-13 17:47:09.240 13928 14041 D cellinfo: 46 bytes from 54.197.223.49: icmp_seq=6004 ttl=41 time=87.3 ms
08-13 17:47:09.285 13928 13928 D cellinfo: onCellInfoChanged: Operator: AT&T UpdateTimestamp: 86350352 CellConnectionStatus: 0
08-13 17:47:09.285 13928 13928 D cellinfo: onCellInfoChanged: LTE Cell Bands: [2] Bandwidth: 2147483647 Cell ID: 48914953 Physical Cell ID: 371 Tracking Area Code: 19980 EARFCN: 850
08-13 17:47:09.441 13928 14041 D cellinfo: 46 bytes from 54.197.223.49: icmp_seq=6005 ttl=41 time=86.4 ms
08-13 17:47:09.641 13928 14041 D cellinfo: 46 bytes from 54.197.223.49: icmp_seq=6006 ttl=41 time=85.4 ms
08-13 17:47:09.841 13928 14041 D cellinfo: 46 bytes from 54.197.223.49: icmp_seq=6007 ttl=41 time=84.2 ms
08-13 17:47:09.993 13928 13928 D cellinfo: onsignalStrengthsChanged: LTE Signal Strength info: rsrp: -87 rsrq: -8 rssi: -63 rssnr: 12
08-13 17:47:10.041 13928 14041 D cellinfo: 46 bytes from 54.197.223.49: icmp_seq=6008 ttl=41 time=83.3 ms
08-13 17:47:10.263 13928 14041 D cellinfo: 46 bytes from 54.197.223.49: icmp_seq=6009 ttl=41 time=105 ms
08-13 17:47:10.440 13928 14041 D cellinfo: 46 bytes from 54.197.223.49: icmp_seq=6010 ttl=41 time=80.1 ms
08-13 17:47:10.663 13928 14041 D cellinfo: 46 bytes from 54.197.223.49: icmp_seq=6011 ttl=41 time=102 ms
08-13 17:47:10.840 13928 14041 D cellinfo: 46 bytes from 54.197.223.49: icmp_seq=6012 ttl=41 time=78.7 ms
08-13 17:47:11.063 13928 14041 D cellinfo: 46 bytes from 54.197.223.49: icmp_seq=6013 ttl=41 time=100 ms
08-13 17:47:11.240 13928 14041 D cellinfo: 46 bytes from 54.197.223.49: icmp_seq=6014 ttl=41 time=78.2 ms
08-13 17:47:11.462 13928 14041 D cellinfo: 46 bytes from 54.197.223.49: icmp_seq=6015 ttl=41 time=99.4 ms
08-13 17:47:11.658 13928 14041 D cellinfo: 46 bytes from 54.197.223.49: icmp_seq=6016 ttl=41 time=94.4 ms
08-13 17:47:11.861 13928 14041 D cellinfo: 46 bytes from 54.197.223.49: icmp_seq=6017 ttl=41 time=97.5 ms
08-13 17:47:12.050 13928 14041 D cellinfo: 46 bytes from 54.197.223.49: icmp_seq=6018 ttl=41 time=85.2 ms
08-13 17:47:12.232 13928 13928 D cellinfo: onsignalStrengthsChanged: LTE Signal Strength info: rsrp: -88 rsrq: -8 rssi: -63 rssnr: 11
08-13 17:47:12.257 13928 13928 D cellinfo: Latitude is 40.2219458
08-13 17:47:12.257 13928 13928 D cellinfo: Longitude is -86.6079751
08-13 17:47:12.257 13928 13928 D cellinfo: Instantaneous GPS information: United States, I-65, Frankfort, IN 46041, USA
08-13 17:47:12.257 13928 13928 D cellinfo: getCurrentLocation() result: Location (success): 40.2219458, -86.6079751
08-13 17:47:12.261 13928 14041 D cellinfo: 46 bytes from 54.197.223.49: icmp_seq=6019 ttl=41 time=97.4 ms
08-13 17:47:12.291 13928 13928 D cellinfo: onCellInfoChanged: Operator: AT&T UpdateTimestamp: 86353358 CellConnectionStatus: 0
08-13 17:47:12.291 13928 13928 D cellinfo: onCellInfoChanged: LTE Cell Bands: [2] Bandwidth: 2147483647 Cell ID: 48914953 Physical Cell ID: 371 Tracking Area Code: 19980 EARFCN: 850
08-13 17:47:12.449 13928 14041 D cellinfo: 46 bytes from 54.197.223.49: icmp_seq=6020 ttl=41 time=85.1 ms
08-13 17:47:12.662 13928 14041 D cellinfo: 46 bytes from 54.197.223.49: icmp_seq=6021 ttl=41 time=96.7 ms
08-13 17:47:12.850 13928 14041 D cellinfo: 46 bytes from 54.197.223.49: icmp_seq=6022 ttl=41 time=83.7 ms
08-13 17:47:13.069 13928 14041 D cellinfo: 46 bytes from 54.197.223.49: icmp_seq=6023 ttl=41 time=100 ms
08-13 17:47:13.269 13928 14041 D cellinfo: 46 bytes from 54.197.223.49: icmp_seq=6024 ttl=41 time=101 ms
08-13 17:47:13.480 13928 14041 D cellinfo: 46 bytes from 54.197.223.49: icmp_seq=6025 ttl=41 time=112 ms
08-13 17:47:13.649 13928 14041 D cellinfo: 46 bytes from 54.197.223.49: icmp_seq=6026 ttl=41 time=81.6 ms
08-13 17:47:13.862 13928 14041 D cellinfo: 46 bytes from 54.197.223.49: icmp_seq=6027 ttl=41 time=92.7 ms
08-13 17:47:14.051 13928 14041 D cellinfo: 46 bytes from 54.197.223.49: icmp_seq=6028 ttl=41 time=79.0 ms
08-13 17:47:14.252 13928 14041 D cellinfo: 46 bytes from 54.197.223.49: icmp_seq=6029 ttl=41 time=80.6 ms
08-13 17:47:14.469 13928 14041 D cellinfo: 46 bytes from 54.197.223.49: icmp_seq=6030 ttl=41 time=95.3 ms
08-13 17:47:14.663 13928 14041 D cellinfo: 46 bytes from 54.197.223.49: icmp_seq=6031 ttl=41 time=88.0 ms
08-13 17:47:14.861 13928 14041 D cellinfo: 46 bytes from 54.197.223.49: icmp_seq=6032 ttl=41 time=85.4 ms
08-13 17:47:15.062 13928 14041 D cellinfo: 46 bytes from 54.197.223.49: icmp_seq=6033 ttl=41 time=86.3 ms
08-13 17:47:15.243 13928 13928 D cellinfo: Latitude is 40.2219458
08-13 17:47:15.243 13928 13928 D cellinfo: Longitude is -86.6079751
08-13 17:47:15.243 13928 13928 D cellinfo: Instantaneous GPS information: United States, I-65, Frankfort, IN 46041, USA
08-13 17:47:15.243 13928 13928 D cellinfo: getCurrentLocation() result: Location (success): 40.2219458, -86.6079751
08-13 17:47:15.248 13928 14041 D cellinfo: 46 bytes from 54.197.223.49: icmp_seq=6034 ttl=41 time=72.3 ms
08-13 17:47:15.295 13928 13928 D cellinfo: onCellInfoChanged: Operator: AT&T UpdateTimestamp: 86356360 CellConnectionStatus: 0
08-13 17:47:15.295 13928 13928 D cellinfo: onCellInfoChanged: LTE Cell Bands: [2] Bandwidth: 2147483647 Cell ID: 48914953 Physical Cell ID: 371 Tracking Area Code: 19980 EARFCN: 850
08-13 17:47:15.452 13928 14041 D cellinfo: 46 bytes from 54.197.223.49: icmp_seq=6035 ttl=41 time=74.5 ms
08-13 17:47:15.653 13928 14041 D cellinfo: 46 bytes from 54.197.223.49: icmp_seq=6036 ttl=41 time=76.1 ms
08-13 17:47:15.861 13928 14041 D cellinfo: 46 bytes from 54.197.223.49: icmp_seq=6037 ttl=41 time=83.6 ms
08-13 17:47:16.060 13928 14041 D cellinfo: 46 bytes from 54.197.223.49: icmp_seq=6038 ttl=41 time=81.5 ms
08-13 17:47:16.272 13928 14041 D cellinfo: 46 bytes from 54.197.223.49: icmp_seq=6039 ttl=41 time=93.0 ms
08-13 17:47:16.469 13928 14041 D cellinfo: 46 bytes from 54.197.223.49: icmp_seq=6040 ttl=41 time=89.3 ms
08-13 17:47:16.676 13928 14041 D cellinfo: 46 bytes from 54.197.223.49: icmp_seq=6041 ttl=41 time=97.3 ms
08-13 17:47:16.858 13928 14041 D cellinfo: 46 bytes from 54.197.223.49: icmp_seq=6042 ttl=41 time=79.1 ms
08-13 17:47:17.062 13928 14041 D cellinfo: 46 bytes from 54.197.223.49: icmp_seq=6043 ttl=41 time=81.0 ms
08-13 17:47:17.259 13928 14041 D cellinfo: 46 bytes from 54.197.223.49: icmp_seq=6044 ttl=41 time=78.5 ms
08-13 17:47:17.463 13928 14041 D cellinfo: 46 bytes from 54.197.223.49: icmp_seq=6045 ttl=41 time=79.8 ms
08-13 17:47:17.671 13928 14041 D cellinfo: 46 bytes from 54.197.223.49: icmp_seq=6046 ttl=41 time=86.1 ms
08-13 17:47:17.879 13928 14041 D cellinfo: 46 bytes from 54.197.223.49: icmp_seq=6047 ttl=41 time=93.3 ms
08-13 17:47:18.070 13928 14041 D cellinfo: 46 bytes from 54.197.223.49: icmp_seq=6048 ttl=41 time=84.2 ms
08-13 17:47:18.269 13928 14041 D cellinfo: 46 bytes from 54.197.223.49: icmp_seq=6049 ttl=41 time=83.7 ms
08-13 17:47:18.285 13928 13928 D cellinfo: onCellInfoChanged: Operator: AT&T UpdateTimestamp: 86359346 CellConnectionStatus: 0
08-13 17:47:18.285 13928 13928 D cellinfo: onCellInfoChanged: LTE Cell Bands: [2] Bandwidth: 2147483647 Cell ID: 48914953 Physical Cell ID: 371 Tracking Area Code: 19980 EARFCN: 850
08-13 17:47:18.470 13928 14041 D cellinfo: 46 bytes from 54.197.223.49: icmp_seq=6050 ttl=41 time=83.1 ms
08-13 17:47:18.669 13928 14041 D cellinfo: 46 bytes from 54.197.223.49: icmp_seq=6051 ttl=41 time=82.1 ms
08-13 17:47:18.869 13928 14041 D cellinfo: 46 bytes from 54.197.223.49: icmp_seq=6052 ttl=41 time=81.2 ms
08-13 17:47:19.070 13928 14041 D cellinfo: 46 bytes from 54.197.223.49: icmp_seq=6053 ttl=41 time=80.9 ms
08-13 17:47:19.270 13928 14041 D cellinfo: 46 bytes from 54.197.223.49: icmp_seq=6054 ttl=41 time=81.4 ms
08-13 17:47:19.472 13928 14041 D cellinfo: 46 bytes from 54.197.223.49: icmp_seq=6055 ttl=41 time=80.2 ms
08-13 17:47:19.680 13928 14041 D cellinfo: 46 bytes from 54.197.223.49: icmp_seq=6056 ttl=41 time=85.7 ms
08-13 17:47:19.833 13928 13928 D cellinfo: Latitude is 40.2191145
08-13 17:47:19.833 13928 13928 D cellinfo: Longitude is -86.6039465
08-13 17:47:19.833 13928 13928 D cellinfo: Instantaneous GPS information: United States, I-65, Frankfort, IN 46041, USA
08-13 17:47:19.833 13928 13928 D cellinfo: getCurrentLocation() result: Location (success): 40.2191145, -86.6039465
08-13 17:47:19.875 13928 14041 D cellinfo: 46 bytes from 54.197.223.49: icmp_seq=6057 ttl=41 time=80.3 ms
08-13 17:47:20.081 13928 14041 D cellinfo: 46 bytes from 54.197.223.49: icmp_seq=6058 ttl=41 time=83.5 ms
08-13 17:47:20.281 13928 14041 D cellinfo: 46 bytes from 54.197.223.49: icmp_seq=6059 ttl=41 time=84.1 ms
08-13 17:47:20.481 13928 14041 D cellinfo: 46 bytes from 54.197.223.49: icmp_seq=6060 ttl=41 time=82.1 ms
08-13 17:47:20.681 13928 14041 D cellinfo: 46 bytes from 54.197.223.49: icmp_seq=6061 ttl=41 time=79.8 ms
08-13 17:47:20.902 13928 14041 D cellinfo: 46 bytes from 54.197.223.49: icmp_seq=6062 ttl=41 time=101 ms
08-13 17:47:21.080 13928 14041 D cellinfo: 46 bytes from 54.197.223.49: icmp_seq=6063 ttl=41 time=78.0 ms
08-13 17:47:21.246 13928 13928 D cellinfo: Latitude is 40.2191145
08-13 17:47:21.246 13928 13928 D cellinfo: Longitude is -86.6039465
08-13 17:47:21.246 13928 13928 D cellinfo: Instantaneous GPS information: United States, I-65, Frankfort, IN 46041, USA
08-13 17:47:21.246 13928 13928 D cellinfo: getCurrentLocation() result: Location (success): 40.2191145, -86.6039465
08-13 17:47:21.289 13928 13928 D cellinfo: onCellInfoChanged: Operator: AT&T UpdateTimestamp: 86362357 CellConnectionStatus: 0
08-13 17:47:21.289 13928 13928 D cellinfo: onCellInfoChanged: LTE Cell Bands: [2] Bandwidth: 2147483647 Cell ID: 48914953 Physical Cell ID: 371 Tracking Area Code: 19980 EARFCN: 850
08-13 17:47:21.301 13928 14041 D cellinfo: 46 bytes from 54.197.223.49: icmp_seq=6064 ttl=41 time=98.3 ms
08-13 17:47:21.489 13928 14041 D cellinfo: 46 bytes from 54.197.223.49: icmp_seq=6065 ttl=41 time=85.2 ms
08-13 17:47:21.702 13928 14041 D cellinfo: 46 bytes from 54.197.223.49: icmp_seq=6066 ttl=41 time=96.9 ms
08-13 17:47:21.890 13928 14041 D cellinfo: 46 bytes from 54.197.223.49: icmp_seq=6067 ttl=41 time=83.8 ms
08-13 17:47:22.102 13928 14041 D cellinfo: 46 bytes from 54.197.223.49: icmp_seq=6068 ttl=41 time=95.3 ms
08-13 17:47:22.290 13928 14041 D cellinfo: 46 bytes from 54.197.223.49: icmp_seq=6069 ttl=41 time=82.5 ms
08-13 17:47:22.507 13928 14041 D cellinfo: 46 bytes from 54.197.223.49: icmp_seq=6070 ttl=41 time=100 ms
08-13 17:47:22.690 13928 14041 D cellinfo: 46 bytes from 54.197.223.49: icmp_seq=6071 ttl=41 time=81.9 ms
08-13 17:47:22.902 13928 14041 D cellinfo: 46 bytes from 54.197.223.49: icmp_seq=6072 ttl=41 time=92.9 ms
08-13 17:47:23.090 13928 14041 D cellinfo: 46 bytes from 54.197.223.49: icmp_seq=6073 ttl=41 time=78.7 ms
08-13 17:47:23.292 13928 14041 D cellinfo: 46 bytes from 54.197.223.49: icmp_seq=6074 ttl=41 time=80.2 ms
08-13 17:47:23.509 13928 14041 D cellinfo: 46 bytes from 54.197.223.49: icmp_seq=6075 ttl=41 time=95.2 ms
08-13 17:47:23.702 13928 14041 D cellinfo: 46 bytes from 54.197.223.49: icmp_seq=6076 ttl=41 time=88.1 ms
08-13 17:47:23.899 13928 14041 D cellinfo: 46 bytes from 54.197.223.49: icmp_seq=6077 ttl=41 time=85.7 ms
08-13 17:47:24.104 13928 14041 D cellinfo: 46 bytes from 54.197.223.49: icmp_seq=6078 ttl=41 time=88.8 ms
08-13 17:47:24.239 13928 13928 D cellinfo: Latitude is 40.2191145
08-13 17:47:24.239 13928 13928 D cellinfo: Longitude is -86.6039465
08-13 17:47:24.239 13928 13928 D cellinfo: Instantaneous GPS information: United States, I-65, Frankfort, IN 46041, USA
08-13 17:47:24.239 13928 13928 D cellinfo: getCurrentLocation() result: Location (success): 40.2191145, -86.6039465
08-13 17:47:24.298 13928 13928 D cellinfo: onCellInfoChanged: Operator: AT&T UpdateTimestamp: 86365361 CellConnectionStatus: 0
08-13 17:47:24.298 13928 13928 D cellinfo: onCellInfoChanged: LTE Cell Bands: [2] Bandwidth: 2147483647 Cell ID: 48914953 Physical Cell ID: 371 Tracking Area Code: 19980 EARFCN: 850
08-13 17:47:24.299 13928 14041 D cellinfo: 46 bytes from 54.197.223.49: icmp_seq=6079 ttl=41 time=83.7 ms
08-13 17:47:24.502 13928 14041 D cellinfo: 46 bytes from 54.197.223.49: icmp_seq=6080 ttl=41 time=85.7 ms
08-13 17:47:24.708 13928 14041 D cellinfo: 46 bytes from 54.197.223.49: icmp_seq=6081 ttl=41 time=89.9 ms
08-13 17:47:24.918 13928 14041 D cellinfo: 46 bytes from 54.197.223.49: icmp_seq=6082 ttl=41 time=99.1 ms
08-13 17:47:25.100 13928 14041 D cellinfo: 46 bytes from 54.197.223.49: icmp_seq=6083 ttl=41 time=80.6 ms
08-13 17:47:25.308 13928 14041 D cellinfo: 46 bytes from 54.197.223.49: icmp_seq=6084 ttl=41 time=87.6 ms
08-13 17:47:25.499 13928 14041 D cellinfo: 46 bytes from 54.197.223.49: icmp_seq=6085 ttl=41 time=79.4 ms
08-13 17:47:25.702 13928 14041 D cellinfo: 46 bytes from 54.197.223.49: icmp_seq=6086 ttl=41 time=80.9 ms
08-13 17:47:25.902 13928 14041 D cellinfo: 46 bytes from 54.197.223.49: icmp_seq=6087 ttl=41 time=80.6 ms
08-13 17:47:26.118 13928 14041 D cellinfo: 46 bytes from 54.197.223.49: icmp_seq=6088 ttl=41 time=95.8 ms
08-13 17:47:26.310 13928 14041 D cellinfo: 46 bytes from 54.197.223.49: icmp_seq=6089 ttl=41 time=87.4 ms
08-13 17:47:26.509 13928 14041 D cellinfo: 46 bytes from 54.197.223.49: icmp_seq=6090 ttl=41 time=86.3 ms
08-13 17:47:26.713 13928 14041 D cellinfo: 46 bytes from 54.197.223.49: icmp_seq=6091 ttl=41 time=86.6 ms
08-13 17:47:26.911 13928 14041 D cellinfo: 46 bytes from 54.197.223.49: icmp_seq=6092 ttl=41 time=84.8 ms
08-13 17:47:27.118 13928 14041 D cellinfo: 46 bytes from 54.197.223.49: icmp_seq=6093 ttl=41 time=90.6 ms
08-13 17:47:27.240 13928 13928 D cellinfo: Latitude is 40.2191145
08-13 17:47:27.240 13928 13928 D cellinfo: Longitude is -86.6039465
08-13 17:47:27.241 13928 13928 D cellinfo: Instantaneous GPS information: United States, I-65, Frankfort, IN 46041, USA
08-13 17:47:27.241 13928 13928 D cellinfo: getCurrentLocation() result: Location (success): 40.2191145, -86.6039465
08-13 17:47:27.296 13928 13928 D cellinfo: onCellInfoChanged: Operator: AT&T UpdateTimestamp: 86368361 CellConnectionStatus: 0
08-13 17:47:27.296 13928 13928 D cellinfo: onCellInfoChanged: LTE Cell Bands: [2] Bandwidth: 2147483647 Cell ID: 48914953 Physical Cell ID: 371 Tracking Area Code: 19980 EARFCN: 850
08-13 17:47:27.311 13928 14041 D cellinfo: 46 bytes from 54.197.223.49: icmp_seq=6094 ttl=41 time=81.3 ms
08-13 17:47:27.518 13928 14041 D cellinfo: 46 bytes from 54.197.223.49: icmp_seq=6095 ttl=41 time=88.0 ms
08-13 17:47:27.718 13928 14041 D cellinfo: 46 bytes from 54.197.223.49: icmp_seq=6096 ttl=41 time=87.7 ms
08-13 17:47:27.918 13928 14041 D cellinfo: 46 bytes from 54.197.223.49: icmp_seq=6097 ttl=41 time=87.2 ms
08-13 17:47:28.119 13928 14041 D cellinfo: 46 bytes from 54.197.223.49: icmp_seq=6098 ttl=41 time=87.1 ms
08-13 17:47:28.320 13928 14041 D cellinfo: 46 bytes from 54.197.223.49: icmp_seq=6099 ttl=41 time=86.4 ms
08-13 17:47:28.536 13928 14041 D cellinfo: 46 bytes from 54.197.223.49: icmp_seq=6100 ttl=41 time=101 ms
08-13 17:47:28.728 13928 14041 D cellinfo: 46 bytes from 54.197.223.49: icmp_seq=6101 ttl=41 time=94.1 ms
08-13 17:47:28.920 13928 14041 D cellinfo: 46 bytes from 54.197.223.49: icmp_seq=6102 ttl=41 time=82.2 ms
08-13 17:47:29.143 13928 14041 D cellinfo: 46 bytes from 54.197.223.49: icmp_seq=6103 ttl=41 time=105 ms
08-13 17:47:29.321 13928 14041 D cellinfo: 46 bytes from 54.197.223.49: icmp_seq=6104 ttl=41 time=81.2 ms
08-13 17:47:29.521 13928 14041 D cellinfo: 46 bytes from 54.197.223.49: icmp_seq=6105 ttl=41 time=78.5 ms
08-13 17:47:29.730 13928 14041 D cellinfo: 46 bytes from 54.197.223.49: icmp_seq=6106 ttl=41 time=87.9 ms
08-13 17:47:29.947 13928 14041 D cellinfo: 46 bytes from 54.197.223.49: icmp_seq=6107 ttl=41 time=105 ms
08-13 17:47:30.139 13928 14041 D cellinfo: 46 bytes from 54.197.223.49: icmp_seq=6108 ttl=41 time=94.3 ms
08-13 17:47:30.158 13928 13928 D cellinfo: onsignalStrengthsChanged: LTE Signal Strength info: rsrp: -86 rsrq: -9 rssi: -57 rssnr: 9
08-13 17:47:30.294 13928 13928 D cellinfo: onCellInfoChanged: Operator: AT&T UpdateTimestamp: 86371361 CellConnectionStatus: 0
08-13 17:47:30.294 13928 13928 D cellinfo: onCellInfoChanged: LTE Cell Bands: [2] Bandwidth: 2147483647 Cell ID: 48914953 Physical Cell ID: 371 Tracking Area Code: 19980 EARFCN: 850
08-13 17:47:30.343 13928 14041 D cellinfo: 46 bytes from 54.197.223.49: icmp_seq=6109 ttl=41 time=98.4 ms
08-13 17:47:30.530 13928 14041 D cellinfo: 46 bytes from 54.197.223.49: icmp_seq=6110 ttl=41 time=84.8 ms
08-13 17:47:30.746 13928 14041 D cellinfo: 46 bytes from 54.197.223.49: icmp_seq=6111 ttl=41 time=101 ms
08-13 17:47:30.930 13928 14041 D cellinfo: 46 bytes from 54.197.223.49: icmp_seq=6112 ttl=41 time=83.2 ms
08-13 17:47:31.142 13928 14041 D cellinfo: 46 bytes from 54.197.223.49: icmp_seq=6113 ttl=41 time=94.1 ms
08-13 17:47:31.338 13928 14041 D cellinfo: 46 bytes from 54.197.223.49: icmp_seq=6114 ttl=41 time=89.6 ms
08-13 17:47:31.542 13928 14041 D cellinfo: 46 bytes from 54.197.223.49: icmp_seq=6115 ttl=41 time=92.4 ms
08-13 17:47:31.729 13928 14041 D cellinfo: 46 bytes from 54.197.223.49: icmp_seq=6116 ttl=41 time=79.9 ms
08-13 17:47:31.942 13928 14041 D cellinfo: 46 bytes from 54.197.223.49: icmp_seq=6117 ttl=41 time=90.0 ms
08-13 17:47:32.141 13928 14041 D cellinfo: 46 bytes from 54.197.223.49: icmp_seq=6118 ttl=41 time=89.1 ms
08-13 17:47:32.345 13928 14041 D cellinfo: 46 bytes from 54.197.223.49: icmp_seq=6119 ttl=41 time=89.7 ms
08-13 17:47:32.546 13928 14041 D cellinfo: 46 bytes from 54.197.223.49: icmp_seq=6120 ttl=41 time=88.1 ms
08-13 17:47:32.670 13928 13928 D cellinfo: Latitude is 40.2161106
08-13 17:47:32.670 13928 13928 D cellinfo: Longitude is -86.599688
08-13 17:47:32.670 13928 13928 D cellinfo: Instantaneous GPS information: United States, 4920 W Co Rd 500 S, Frankfort, IN 46041, USA
08-13 17:47:32.670 13928 13928 D cellinfo: getCurrentLocation() result: Location (success): 40.2161106, -86.599688
08-13 17:47:32.672 13928 13928 D cellinfo: onsignalStrengthsChanged: LTE Signal Strength info: rsrp: -87 rsrq: -9 rssi: -61 rssnr: 9
08-13 17:47:32.689 13928 13928 D cellinfo: onsignalStrengthsChanged: LTE Signal Strength info: rsrp: -87 rsrq: -9 rssi: -61 rssnr: 8
08-13 17:47:32.743 13928 14041 D cellinfo: 46 bytes from 54.197.223.49: icmp_seq=6121 ttl=41 time=86.1 ms
08-13 17:47:32.940 13928 14041 D cellinfo: 46 bytes from 54.197.223.49: icmp_seq=6122 ttl=41 time=81.5 ms
08-13 17:47:33.142 13928 14041 D cellinfo: 46 bytes from 54.197.223.49: icmp_seq=6123 ttl=41 time=83.2 ms
08-13 17:47:33.248 13928 13928 D cellinfo: Latitude is 40.2161106
08-13 17:47:33.248 13928 13928 D cellinfo: Longitude is -86.599688
08-13 17:47:33.248 13928 13928 D cellinfo: Instantaneous GPS information: United States, 4920 W Co Rd 500 S, Frankfort, IN 46041, USA
