08-13 15:30:23.733  1045  1045 D cellinfo: getCurrentLocation() result: Location (success): 40.5383808, -86.9125931
08-13 15:30:23.851  1045  1758 D cellinfo: 46 bytes from 54.197.223.49: icmp_seq=226 ttl=41 time=74.9 ms
08-13 15:30:24.069  1045  1045 D cellinfo: onsignalStrengthsChanged: LTE Signal Strength info: rsrp: -77 rsrq: -13 rssi: -51 rssnr: 5
08-13 15:30:24.069  1045  1045 D cellinfo: onsignalStrengthsChanged: 5G-NR Signal Strength info: ssrsrp: -113 ssrsrq: -14 sssinr: 1
08-13 15:30:24.086  1045  1758 D cellinfo: 46 bytes from 54.197.223.49: icmp_seq=227 ttl=41 time=109 ms
08-13 15:30:24.270  1045  1758 D cellinfo: 46 bytes from 54.197.223.49: icmp_seq=228 ttl=41 time=94.3 ms
08-13 15:30:24.845  1045  1045 D cellinfo: onServiceStateChanged: Channel Number: 850 Cell Bandwidths: [20000, 0]
08-13 15:30:24.853  1045  1758 D cellinfo: 46 bytes from 54.197.223.49: icmp_seq=230 ttl=41 time=268 ms
08-13 15:30:24.859  1045  1758 D cellinfo: 46 bytes from 54.197.223.49: icmp_seq=231 ttl=41 time=74.0 ms
08-13 15:30:24.991  1045  1045 D cellinfo: onServiceStateChanged: Channel Number: 850 Cell Bandwidths: [20000, 10000, 10000, 5000]
08-13 15:30:25.013  1045  1045 D cellinfo: onDisplayInfoChanged: NetworkType: LTE OverrideNetworkType: 5G (Sub-6 GHz)
08-13 15:30:25.020  1045  1045 D cellinfo: onsignalStrengthsChanged: LTE Signal Strength info: rsrp: -77 rsrq: -13 rssi: -51 rssnr: 5
08-13 15:30:25.037  1045  1045 D cellinfo: onServiceStateChanged: Channel Number: 850 Cell Bandwidths: [20000, 10000, 10000, 5000]
08-13 15:30:25.037  1045  1045 D cellinfo: onServiceStateChanged: Channel Number: 850 Cell Bandwidths: [20000, 10000, 10000, 5000]
08-13 15:30:25.071  1045  1758 D cellinfo: 46 bytes from 54.197.223.49: icmp_seq=232 ttl=41 time=83.2 ms
08-13 15:30:25.110  1045  1045 D cellinfo: Latitude is 40.5383808
08-13 15:30:25.110  1045  1045 D cellinfo: Longitude is -86.9125931
08-13 15:30:25.110  1045  1045 D cellinfo: Instantaneous GPS information: United States, I-65, West Lafayette, IN 47906, USA
08-13 15:30:25.110  1045  1045 D cellinfo: getCurrentLocation() result: Location (success): 40.5383808, -86.9125931
08-13 15:30:25.166  1045  1045 D cellinfo: onCellInfoChanged: Operator: AT&T UpdateTimestamp: 78146234 CellConnectionStatus: 0
08-13 15:30:25.166  1045  1045 D cellinfo: onCellInfoChanged: LTE Cell Bands: [2] Bandwidth: 2147483647 Cell ID: 49417993 Physical Cell ID: 367 Tracking Area Code: 19980 EARFCN: 850
08-13 15:30:25.308  1045  1758 D cellinfo: 46 bytes from 54.197.223.49: icmp_seq=233 ttl=41 time=121 ms
08-13 15:30:25.383  1045  1045 D cellinfo: onServiceStateChanged: Channel Number: 850 Cell Bandwidths: [20000, 10000, 10000, 5000]
08-13 15:30:25.441  1045  1758 D cellinfo: 46 bytes from 54.197.223.49: icmp_seq=233 ttl=41 time=254 ms (DUP!)
08-13 15:30:25.512  1045  1758 D cellinfo: 46 bytes from 54.197.223.49: icmp_seq=234 ttl=41 time=122 ms
08-13 15:30:25.702  1045  1758 D cellinfo: 46 bytes from 54.197.223.49: icmp_seq=235 ttl=41 time=113 ms
08-13 15:30:25.876  1045  1758 D cellinfo: 46 bytes from 54.197.223.49: icmp_seq=236 ttl=41 time=85.0 ms
08-13 15:30:25.979  1045  1045 D cellinfo: onServiceStateChanged: Channel Number: 850 Cell Bandwidths: [20000, 10000, 10000, 5000]
08-13 15:30:25.987  1045  1045 D cellinfo: onDisplayInfoChanged: NetworkType: LTE OverrideNetworkType: 5G (Sub-6 GHz)
08-13 15:30:26.077  1045  1045 D cellinfo: onsignalStrengthsChanged: LTE Signal Strength info: rsrp: -77 rsrq: -13 rssi: -51 rssnr: 5
08-13 15:30:26.077  1045  1045 D cellinfo: onsignalStrengthsChanged: 5G-NR Signal Strength info: ssrsrp: -110 ssrsrq: -11 sssinr: 2147483647
08-13 15:30:26.086  1045  1758 D cellinfo: 46 bytes from 54.197.223.49: icmp_seq=237 ttl=41 time=94.9 ms
08-13 15:30:26.091  1045  1045 D cellinfo: onServiceStateChanged: Channel Number: 850 Cell Bandwidths: [20000, 10000, 10000, 5000]
08-13 15:30:26.287  1045  1758 D cellinfo: 46 bytes from 54.197.223.49: icmp_seq=238 ttl=41 time=95.6 ms
08-13 15:30:26.377  1045  1045 D cellinfo: onsignalStrengthsChanged: LTE Signal Strength info: rsrp: -77 rsrq: -13 rssi: -51 rssnr: 5
08-13 15:30:26.377  1045  1045 D cellinfo: onsignalStrengthsChanged: 5G-NR Signal Strength info: ssrsrp: -107 ssrsrq: -12 sssinr: 8
08-13 15:30:26.487  1045  1758 D cellinfo: 46 bytes from 54.197.223.49: icmp_seq=239 ttl=41 time=94.5 ms
08-13 15:30:26.531  1045  1045 D cellinfo: onsignalStrengthsChanged: LTE Signal Strength info: rsrp: -77 rsrq: -12 rssi: -51 rssnr: 6
08-13 15:30:26.531  1045  1045 D cellinfo: onsignalStrengthsChanged: 5G-NR Signal Strength info: ssrsrp: -107 ssrsrq: -12 sssinr: 8
08-13 15:30:26.699  1045  1758 D cellinfo: 46 bytes from 54.197.223.49: icmp_seq=240 ttl=41 time=105 ms
08-13 15:30:26.887  1045  1758 D cellinfo: 46 bytes from 54.197.223.49: icmp_seq=241 ttl=41 time=93.4 ms
08-13 15:30:27.085  1045  1758 D cellinfo: 46 bytes from 54.197.223.49: icmp_seq=242 ttl=41 time=90.3 ms
08-13 15:30:27.297  1045  1758 D cellinfo: 46 bytes from 54.197.223.49: icmp_seq=243 ttl=41 time=100 ms
08-13 15:30:27.491  1045  1758 D cellinfo: 46 bytes from 54.197.223.49: icmp_seq=244 ttl=41 time=93.3 ms
08-13 15:30:27.714  1045  1758 D cellinfo: 46 bytes from 54.197.223.49: icmp_seq=245 ttl=41 time=114 ms
08-13 15:30:27.902  1045  1758 D cellinfo: 46 bytes from 54.197.223.49: icmp_seq=246 ttl=41 time=100 ms
08-13 15:30:28.106  1045  1758 D cellinfo: 46 bytes from 54.197.223.49: icmp_seq=247 ttl=41 time=102 ms
08-13 15:30:28.124  1045  1045 D cellinfo: Latitude is 40.5383808
08-13 15:30:28.124  1045  1045 D cellinfo: Longitude is -86.9125931
08-13 15:30:28.124  1045  1045 D cellinfo: Instantaneous GPS information: United States, I-65, West Lafayette, IN 47906, USA
08-13 15:30:28.124  1045  1045 D cellinfo: getCurrentLocation() result: Location (success): 40.5383808, -86.9125931
08-13 15:30:28.180  1045  1045 D cellinfo: onCellInfoChanged: Operator: AT&T UpdateTimestamp: 78149247 CellConnectionStatus: 0
08-13 15:30:28.180  1045  1045 D cellinfo: onCellInfoChanged: LTE Cell Bands: [2] Bandwidth: 2147483647 Cell ID: 49417993 Physical Cell ID: 367 Tracking Area Code: 19980 EARFCN: 850
08-13 15:30:28.294  1045  1758 D cellinfo: 46 bytes from 54.197.223.49: icmp_seq=248 ttl=41 time=92.2 ms
08-13 15:30:28.374  1045  1045 D cellinfo: onsignalStrengthsChanged: LTE Signal Strength info: rsrp: -76 rsrq: -12 rssi: -51 rssnr: 7
08-13 15:30:28.374  1045  1045 D cellinfo: onsignalStrengthsChanged: 5G-NR Signal Strength info: ssrsrp: -111 ssrsrq: -14 sssinr: 4
08-13 15:30:28.502  1045  1758 D cellinfo: 46 bytes from 54.197.223.49: icmp_seq=249 ttl=41 time=98.3 ms
08-13 15:30:28.694  1045  1758 D cellinfo: 46 bytes from 54.197.223.49: icmp_seq=250 ttl=41 time=90.5 ms
08-13 15:30:28.903  1045  1758 D cellinfo: 46 bytes from 54.197.223.49: icmp_seq=251 ttl=41 time=97.4 ms
08-13 15:30:29.099  1045  1758 D cellinfo: 46 bytes from 54.197.223.49: icmp_seq=252 ttl=41 time=93.5 ms
08-13 15:30:29.301  1045  1758 D cellinfo: 46 bytes from 54.197.223.49: icmp_seq=253 ttl=41 time=93.3 ms
08-13 15:30:29.381  1045  1045 D cellinfo: onsignalStrengthsChanged: LTE Signal Strength info: rsrp: -76 rsrq: -12 rssi: -51 rssnr: 7
08-13 15:30:29.381  1045  1045 D cellinfo: onsignalStrengthsChanged: 5G-NR Signal Strength info: ssrsrp: -104 ssrsrq: -13 sssinr: 8
08-13 15:30:29.511  1045  1758 D cellinfo: 46 bytes from 54.197.223.49: icmp_seq=254 ttl=41 time=104 ms
08-13 15:30:29.713  1045  1758 D cellinfo: 46 bytes from 54.197.223.49: icmp_seq=255 ttl=41 time=105 ms
08-13 15:30:29.912  1045  1758 D cellinfo: 46 bytes from 54.197.223.49: icmp_seq=256 ttl=41 time=103 ms
08-13 15:30:30.113  1045  1758 D cellinfo: 46 bytes from 54.197.223.49: icmp_seq=257 ttl=41 time=101 ms
08-13 15:30:30.309  1045  1758 D cellinfo: 46 bytes from 54.197.223.49: icmp_seq=258 ttl=41 time=99.6 ms
08-13 15:30:30.376  1045  1045 D cellinfo: onsignalStrengthsChanged: LTE Signal Strength info: rsrp: -77 rsrq: -12 rssi: -51 rssnr: 6
08-13 15:30:30.376  1045  1045 D cellinfo: onsignalStrengthsChanged: 5G-NR Signal Strength info: ssrsrp: -105 ssrsrq: -12 sssinr: 3
08-13 15:30:30.502  1045  1758 D cellinfo: 46 bytes from 54.197.223.49: icmp_seq=259 ttl=41 time=92.1 ms
08-13 15:30:30.723  1045  1758 D cellinfo: 46 bytes from 54.197.223.49: icmp_seq=260 ttl=41 time=110 ms
08-13 15:30:30.946  1045  1758 D cellinfo: 46 bytes from 54.197.223.49: icmp_seq=261 ttl=41 time=134 ms
08-13 15:30:31.117  1045  1758 D cellinfo: 46 bytes from 54.197.223.49: icmp_seq=262 ttl=41 time=99.1 ms
08-13 15:30:31.117  1045  1045 D cellinfo: Latitude is 40.5383808
08-13 15:30:31.117  1045  1045 D cellinfo: Longitude is -86.9125931
08-13 15:30:31.117  1045  1045 D cellinfo: Instantaneous GPS information: United States, I-65, West Lafayette, IN 47906, USA
08-13 15:30:31.118  1045  1045 D cellinfo: getCurrentLocation() result: Location (success): 40.5383808, -86.9125931
08-13 15:30:31.177  1045  1045 D cellinfo: onCellInfoChanged: Operator: AT&T UpdateTimestamp: 78152241 CellConnectionStatus: 0
08-13 15:30:31.177  1045  1045 D cellinfo: onCellInfoChanged: LTE Cell Bands: [2] Bandwidth: 2147483647 Cell ID: 49417993 Physical Cell ID: 367 Tracking Area Code: 19980 EARFCN: 850
08-13 15:30:31.312  1045  1758 D cellinfo: 46 bytes from 54.197.223.49: icmp_seq=263 ttl=41 time=97.7 ms
08-13 15:30:31.514  1045  1758 D cellinfo: 46 bytes from 54.197.223.49: icmp_seq=264 ttl=41 time=99.2 ms
08-13 15:30:31.720  1045  1758 D cellinfo: 46 bytes from 54.197.223.49: icmp_seq=265 ttl=41 time=104 ms
08-13 15:30:31.945  1045  1758 D cellinfo: 46 bytes from 54.197.223.49: icmp_seq=266 ttl=41 time=127 ms
08-13 15:30:32.377  1045  1045 D cellinfo: onsignalStrengthsChanged: LTE Signal Strength info: rsrp: -77 rsrq: -12 rssi: -55 rssnr: 6
08-13 15:30:32.377  1045  1045 D cellinfo: onsignalStrengthsChanged: 5G-NR Signal Strength info: ssrsrp: -113 ssrsrq: -14 sssinr: 6
08-13 15:30:32.417  1045  1758 D cellinfo: 46 bytes from 54.197.223.49: icmp_seq=267 ttl=41 time=400 ms
08-13 15:30:32.417  1045  1758 D cellinfo: 46 bytes from 54.197.223.49: icmp_seq=268 ttl=41 time=192 ms
08-13 15:30:32.511  1045  1758 D cellinfo: 46 bytes from 54.197.223.49: icmp_seq=269 ttl=41 time=86.1 ms
08-13 15:30:32.720  1045  1758 D cellinfo: 46 bytes from 54.197.223.49: icmp_seq=270 ttl=41 time=93.5 ms
08-13 15:30:32.919  1045  1758 D cellinfo: 46 bytes from 54.197.223.49: icmp_seq=271 ttl=41 time=93.1 ms
08-13 15:30:33.132  1045  1758 D cellinfo: 46 bytes from 54.197.223.49: icmp_seq=272 ttl=41 time=100 ms
08-13 15:30:33.320  1045  1758 D cellinfo: 46 bytes from 54.197.223.49: icmp_seq=273 ttl=41 time=90.7 ms
08-13 15:30:33.374  1045  1045 D cellinfo: onsignalStrengthsChanged: LTE Signal Strength info: rsrp: -77 rsrq: -12 rssi: -53 rssnr: 8
08-13 15:30:33.374  1045  1045 D cellinfo: onsignalStrengthsChanged: 5G-NR Signal Strength info: ssrsrp: -113 ssrsrq: -15 sssinr: -1
08-13 15:30:33.529  1045  1758 D cellinfo: 46 bytes from 54.197.223.49: icmp_seq=274 ttl=41 time=98.7 ms
08-13 15:30:33.727  1045  1758 D cellinfo: 46 bytes from 54.197.223.49: icmp_seq=275 ttl=41 time=96.5 ms
08-13 15:30:33.920  1045  1758 D cellinfo: 46 bytes from 54.197.223.49: icmp_seq=276 ttl=41 time=88.2 ms
08-13 15:30:34.119  1045  1758 D cellinfo: 46 bytes from 54.197.223.49: icmp_seq=277 ttl=41 time=87.2 ms
08-13 15:30:34.169  1045  1045 D cellinfo: onCellInfoChanged: Operator: AT&T UpdateTimestamp: 78155234 CellConnectionStatus: 0
08-13 15:30:34.169  1045  1045 D cellinfo: onCellInfoChanged: LTE Cell Bands: [2] Bandwidth: 2147483647 Cell ID: 49417993 Physical Cell ID: 367 Tracking Area Code: 19980 EARFCN: 850
08-13 15:30:34.376  1045  1758 D cellinfo: 46 bytes from 54.197.223.49: icmp_seq=278 ttl=41 time=142 ms
08-13 15:30:34.528  1045  1758 D cellinfo: 46 bytes from 54.197.223.49: icmp_seq=279 ttl=41 time=94.9 ms
08-13 15:30:34.605  1045  1045 D cellinfo: onServiceStateChanged: Channel Number: 850 Cell Bandwidths: [20000, 10000, 10000, 5000, 10000]
08-13 15:30:34.611  1045  1045 D cellinfo: onDisplayInfoChanged: NetworkType: LTE OverrideNetworkType: 5G (Sub-6 GHz)
08-13 15:30:34.630  1045  1045 D cellinfo: onsignalStrengthsChanged: LTE Signal Strength info: rsrp: -78 rsrq: -12 rssi: -51 rssnr: 8
08-13 15:30:34.649  1045  1045 D cellinfo: onServiceStateChanged: Channel Number: 850 Cell Bandwidths: [20000, 10000, 10000, 5000, 10000]
08-13 15:30:34.655  1045  1045 D cellinfo: onServiceStateChanged: Channel Number: 850 Cell Bandwidths: [20000, 10000, 10000, 5000, 10000]
08-13 15:30:34.672  1045  1045 D cellinfo: onServiceStateChanged: Channel Number: 850 Cell Bandwidths: [20000, 10000, 10000, 5000, 10000]
08-13 15:30:34.730  1045  1758 D cellinfo: 46 bytes from 54.197.223.49: icmp_seq=280 ttl=41 time=95.0 ms
08-13 15:30:34.920  1045  1758 D cellinfo: 46 bytes from 54.197.223.49: icmp_seq=281 ttl=41 time=83.0 ms
08-13 15:30:35.122  1045  1758 D cellinfo: 46 bytes from 54.197.223.49: icmp_seq=282 ttl=41 time=85.4 ms
08-13 15:30:35.184  1045  1045 D cellinfo: onServiceStateChanged: Channel Number: 850 Cell Bandwidths: [20000, 10000, 10000, 5000, 10000]
08-13 15:30:35.186  1045  1045 D cellinfo: onDisplayInfoChanged: NetworkType: LTE OverrideNetworkType: 5G (Sub-6 GHz)
08-13 15:30:35.330  1045  1758 D cellinfo: 46 bytes from 54.197.223.49: icmp_seq=283 ttl=41 time=91.9 ms
08-13 15:30:35.588  1045  1758 D cellinfo: 46 bytes from 54.197.223.49: icmp_seq=284 ttl=41 time=148 ms
08-13 15:30:35.714  1045  1758 D cellinfo: 46 bytes from 54.197.223.49: icmp_seq=285 ttl=41 time=75.3 ms
08-13 15:30:35.818  1045  1045 D cellinfo: Latitude is 40.5353444
08-13 15:30:35.818  1045  1045 D cellinfo: Longitude is -86.9100939
08-13 15:30:35.818  1045  1045 D cellinfo: Instantaneous GPS information: United States, 240 W 790 N, West Lafayette, IN 47906, USA
08-13 15:30:35.818  1045  1045 D cellinfo: getCurrentLocation() result: Location (success): 40.5353444, -86.9100939
08-13 15:30:35.820  1045  1045 D cellinfo: onsignalStrengthsChanged: LTE Signal Strength info: rsrp: -78 rsrq: -12 rssi: -51 rssnr: 8
08-13 15:30:35.820  1045  1045 D cellinfo: onsignalStrengthsChanged: 5G-NR Signal Strength info: ssrsrp: -111 ssrsrq: -14 sssinr: 2147483647
08-13 15:30:35.821  1045  1045 D cellinfo: onServiceStateChanged: Channel Number: 850 Cell Bandwidths: [20000, 10000, 10000, 5000, 10000]
08-13 15:30:35.821  1045  1045 D cellinfo: onsignalStrengthsChanged: LTE Signal Strength info: rsrp: -78 rsrq: -12 rssi: -51 rssnr: 8
08-13 15:30:35.821  1045  1045 D cellinfo: onsignalStrengthsChanged: 5G-NR Signal Strength info: ssrsrp: -109 ssrsrq: -15 sssinr: 0
08-13 15:30:35.922  1045  1758 D cellinfo: 46 bytes from 54.197.223.49: icmp_seq=286 ttl=41 time=83.4 ms
08-13 15:30:36.131  1045  1758 D cellinfo: 46 bytes from 54.197.223.49: icmp_seq=287 ttl=41 time=90.1 ms
08-13 15:30:36.323  1045  1758 D cellinfo: 46 bytes from 54.197.223.49: icmp_seq=288 ttl=41 time=81.4 ms
08-13 15:30:36.528  1045  1758 D cellinfo: 46 bytes from 54.197.223.49: icmp_seq=289 ttl=41 time=84.0 ms
08-13 15:30:36.660  1045  1045 D cellinfo: onsignalStrengthsChanged: LTE Signal Strength info: rsrp: -79 rsrq: -12 rssi: -51 rssnr: 7
08-13 15:30:36.660  1045  1045 D cellinfo: onsignalStrengthsChanged: 5G-NR Signal Strength info: ssrsrp: -104 ssrsrq: -14 sssinr: 3
08-13 15:30:36.732  1045  1758 D cellinfo: 46 bytes from 54.197.223.49: icmp_seq=290 ttl=41 time=88.6 ms
08-13 15:30:36.927  1045  1758 D cellinfo: 46 bytes from 54.197.223.49: icmp_seq=291 ttl=41 time=80.9 ms
08-13 15:30:37.129  1045  1758 D cellinfo: 46 bytes from 54.197.223.49: icmp_seq=292 ttl=41 time=82.3 ms
08-13 15:30:37.137  1045  1045 D cellinfo: Latitude is 40.5353444
08-13 15:30:37.137  1045  1045 D cellinfo: Longitude is -86.9100939
08-13 15:30:37.137  1045  1045 D cellinfo: Instantaneous GPS information: United States, 240 W 790 N, West Lafayette, IN 47906, USA
08-13 15:30:37.137  1045  1045 D cellinfo: getCurrentLocation() result: Location (success): 40.5353444, -86.9100939
08-13 15:30:37.190  1045  1045 D cellinfo: onCellInfoChanged: Operator: AT&T UpdateTimestamp: 78158256 CellConnectionStatus: 0
08-13 15:30:37.190  1045  1045 D cellinfo: onCellInfoChanged: LTE Cell Bands: [2] Bandwidth: 2147483647 Cell ID: 49417993 Physical Cell ID: 367 Tracking Area Code: 19980 EARFCN: 850
08-13 15:30:37.337  1045  1758 D cellinfo: 46 bytes from 54.197.223.49: icmp_seq=293 ttl=41 time=88.2 ms
08-13 15:30:37.536  1045  1758 D cellinfo: 46 bytes from 54.197.223.49: icmp_seq=294 ttl=41 time=87.1 ms
08-13 15:30:37.661  1045  1045 D cellinfo: onsignalStrengthsChanged: LTE Signal Strength info: rsrp: -79 rsrq: -12 rssi: -51 rssnr: 7
08-13 15:30:37.661  1045  1045 D cellinfo: onsignalStrengthsChanged: 5G-NR Signal Strength info: ssrsrp: -101 ssrsrq: -13 sssinr: 2
08-13 15:30:37.739  1045  1758 D cellinfo: 46 bytes from 54.197.223.49: icmp_seq=295 ttl=41 time=89.9 ms
08-13 15:30:37.942  1045  1758 D cellinfo: 46 bytes from 54.197.223.49: icmp_seq=296 ttl=41 time=89.2 ms
08-13 15:30:38.133  1045  1758 D cellinfo: 46 bytes from 54.197.223.49: icmp_seq=297 ttl=41 time=79.9 ms
08-13 15:30:38.333  1045  1758 D cellinfo: 46 bytes from 54.197.223.49: icmp_seq=298 ttl=41 time=79.7 ms
08-13 15:30:38.536  1045  1758 D cellinfo: 46 bytes from 54.197.223.49: icmp_seq=299 ttl=41 time=81.0 ms
08-13 15:30:38.661  1045  1045 D cellinfo: onsignalStrengthsChanged: LTE Signal Strength info: rsrp: -80 rsrq: -11 rssi: -51 rssnr: 7
08-13 15:30:38.661  1045  1045 D cellinfo: onsignalStrengthsChanged: 5G-NR Signal Strength info: ssrsrp: -99 ssrsrq: -13 sssinr: 3
08-13 15:30:38.739  1045  1758 D cellinfo: 46 bytes from 54.197.223.49: icmp_seq=300 ttl=41 time=83.6 ms
08-13 15:30:38.950  1045  1758 D cellinfo: 46 bytes from 54.197.223.49: icmp_seq=301 ttl=41 time=94.9 ms
08-13 15:30:39.142  1045  1758 D cellinfo: 46 bytes from 54.197.223.49: icmp_seq=302 ttl=41 time=83.9 ms
08-13 15:30:39.341  1045  1758 D cellinfo: 46 bytes from 54.197.223.49: icmp_seq=303 ttl=41 time=82.3 ms
08-13 15:30:39.554  1045  1758 D cellinfo: 46 bytes from 54.197.223.49: icmp_seq=304 ttl=41 time=93.9 ms
08-13 15:30:39.744  1045  1758 D cellinfo: 46 bytes from 54.197.223.49: icmp_seq=305 ttl=41 time=83.6 ms
08-13 15:30:39.944  1045  1758 D cellinfo: 46 bytes from 54.197.223.49: icmp_seq=306 ttl=41 time=83.1 ms
08-13 15:30:40.123  1045  1045 D cellinfo: Latitude is 40.5353444
08-13 15:30:40.123  1045  1045 D cellinfo: Longitude is -86.9100939
08-13 15:30:40.123  1045  1045 D cellinfo: Instantaneous GPS information: United States, 240 W 790 N, West Lafayette, IN 47906, USA
08-13 15:30:40.123  1045  1045 D cellinfo: getCurrentLocation() result: Location (success): 40.5353444, -86.9100939
08-13 15:30:40.143  1045  1758 D cellinfo: 46 bytes from 54.197.223.49: icmp_seq=307 ttl=41 time=81.2 ms
08-13 15:30:40.182  1045  1045 D cellinfo: onCellInfoChanged: Operator: AT&T UpdateTimestamp: 78161247 CellConnectionStatus: 0
08-13 15:30:40.182  1045  1045 D cellinfo: onCellInfoChanged: LTE Cell Bands: [2] Bandwidth: 2147483647 Cell ID: 49417993 Physical Cell ID: 367 Tracking Area Code: 19980 EARFCN: 850
08-13 15:30:40.353  1045  1758 D cellinfo: 46 bytes from 54.197.223.49: icmp_seq=308 ttl=41 time=89.7 ms
08-13 15:30:40.554  1045  1758 D cellinfo: 46 bytes from 54.197.223.49: icmp_seq=309 ttl=41 time=89.8 ms
08-13 15:30:40.665  1045  1045 D cellinfo: onsignalStrengthsChanged: LTE Signal Strength info: rsrp: -80 rsrq: -11 rssi: -51 rssnr: 7
08-13 15:30:40.665  1045  1045 D cellinfo: onsignalStrengthsChanged: 5G-NR Signal Strength info: ssrsrp: -103 ssrsrq: -13 sssinr: 2
08-13 15:30:40.752  1045  1758 D cellinfo: 46 bytes from 54.197.223.49: icmp_seq=310 ttl=41 time=88.0 ms
08-13 15:30:40.752  1045  1045 D cellinfo: onsignalStrengthsChanged: LTE Signal Strength info: rsrp: -81 rsrq: -11 rssi: -51 rssnr: 6
08-13 15:30:40.752  1045  1045 D cellinfo: onsignalStrengthsChanged: 5G-NR Signal Strength info: ssrsrp: -103 ssrsrq: -13 sssinr: 2
08-13 15:30:40.948  1045  1758 D cellinfo: 46 bytes from 54.197.223.49: icmp_seq=311 ttl=41 time=82.2 ms
08-13 15:30:41.156  1045  1758 D cellinfo: 46 bytes from 54.197.223.49: icmp_seq=312 ttl=41 time=90.3 ms
08-13 15:30:41.348  1045  1758 D cellinfo: 46 bytes from 54.197.223.49: icmp_seq=313 ttl=41 time=80.7 ms
08-13 15:30:41.534  1045  1045 D cellinfo: onsignalStrengthsChanged: LTE Signal Strength info: rsrp: -80 rsrq: -11 rssi: -51 rssnr: 6
08-13 15:30:41.534  1045  1045 D cellinfo: onsignalStrengthsChanged: 5G-NR Signal Strength info: ssrsrp: -103 ssrsrq: -13 sssinr: 2
08-13 15:30:41.546  1045  1758 D cellinfo: 46 bytes from 54.197.223.49: icmp_seq=314 ttl=41 time=77.3 ms
08-13 15:30:41.661  1045  1045 D cellinfo: onsignalStrengthsChanged: LTE Signal Strength info: rsrp: -80 rsrq: -11 rssi: -51 rssnr: 6
08-13 15:30:41.661  1045  1045 D cellinfo: onsignalStrengthsChanged: 5G-NR Signal Strength info: ssrsrp: -104 ssrsrq: -13 sssinr: 3
08-13 15:30:41.746  1045  1758 D cellinfo: 46 bytes from 54.197.223.49: icmp_seq=315 ttl=41 time=75.9 ms
08-13 15:30:41.966  1045  1758 D cellinfo: 46 bytes from 54.197.223.49: icmp_seq=316 ttl=41 time=95.7 ms
08-13 15:30:42.160  1045  1758 D cellinfo: 46 bytes from 54.197.223.49: icmp_seq=317 ttl=41 time=87.1 ms
08-13 15:30:42.361  1045  1758 D cellinfo: 46 bytes from 54.197.223.49: icmp_seq=318 ttl=41 time=87.9 ms
08-13 15:30:42.563  1045  1758 D cellinfo: 46 bytes from 54.197.223.49: icmp_seq=319 ttl=41 time=89.7 ms
08-13 15:30:42.665  1045  1045 D cellinfo: onsignalStrengthsChanged: LTE Signal Strength info: rsrp: -80 rsrq: -11 rssi: -51 rssnr: 6
08-13 15:30:42.665  1045  1045 D cellinfo: onsignalStrengthsChanged: 5G-NR Signal Strength info: ssrsrp: -111 ssrsrq: -14 sssinr: -1
08-13 15:30:42.775  1045  1758 D cellinfo: 46 bytes from 54.197.223.49: icmp_seq=320 ttl=41 time=101 ms
08-13 15:30:42.976  1045  1758 D cellinfo: 46 bytes from 54.197.223.49: icmp_seq=321 ttl=41 time=102 ms
08-13 15:30:43.119  1045  1045 D cellinfo: Latitude is 40.5353444
08-13 15:30:43.119  1045  1045 D cellinfo: Longitude is -86.9100939
08-13 15:30:43.119  1045  1045 D cellinfo: Instantaneous GPS information: United States, 240 W 790 N, West Lafayette, IN 47906, USA
08-13 15:30:43.119  1045  1045 D cellinfo: getCurrentLocation() result: Location (success): 40.5353444, -86.9100939
08-13 15:30:43.174  1045  1758 D cellinfo: 46 bytes from 54.197.223.49: icmp_seq=322 ttl=41 time=99.9 ms
08-13 15:30:43.179  1045  1045 D cellinfo: onCellInfoChanged: Operator: AT&T UpdateTimestamp: 78164245 CellConnectionStatus: 0
08-13 15:30:43.180  1045  1045 D cellinfo: onCellInfoChanged: LTE Cell Bands: [2] Bandwidth: 2147483647 Cell ID: 49417993 Physical Cell ID: 367 Tracking Area Code: 19980 EARFCN: 850
08-13 15:30:43.416  1045  1758 D cellinfo: 46 bytes from 54.197.223.49: icmp_seq=323 ttl=41 time=139 ms
08-13 15:30:43.563  1045  1758 D cellinfo: 46 bytes from 54.197.223.49: icmp_seq=324 ttl=41 time=84.6 ms
08-13 15:30:43.669  1045  1045 D cellinfo: onServiceStateChanged: Channel Number: 850 Cell Bandwidths: [20000, 10000, 10000, 5000, 10000]
08-13 15:30:43.676  1045  1045 D cellinfo: onDisplayInfoChanged: NetworkType: LTE OverrideNetworkType: 5G (Sub-6 GHz)
08-13 15:30:43.680  1045  1045 D cellinfo: onsignalStrengthsChanged: LTE Signal Strength info: rsrp: -80 rsrq: -10 rssi: -55 rssnr: 6
08-13 15:30:43.697  1045  1045 D cellinfo: onServiceStateChanged: Channel Number: 850 Cell Bandwidths: [20000, 10000, 10000, 5000, 10000]
08-13 15:30:43.701  1045  1045 D cellinfo: onServiceStateChanged: Channel Number: 850 Cell Bandwidths: [20000, 10000, 10000, 5000, 10000]
08-13 15:30:43.753  1045  1758 D cellinfo: 46 bytes from 54.197.223.49: icmp_seq=325 ttl=41 time=74.7 ms
08-13 15:30:43.973  1045  1758 D cellinfo: 46 bytes from 54.197.223.49: icmp_seq=326 ttl=41 time=93.5 ms
08-13 15:30:44.165  1045  1758 D cellinfo: 46 bytes from 54.197.223.49: icmp_seq=327 ttl=41 time=82.6 ms
08-13 15:30:44.372  1045  1758 D cellinfo: 46 bytes from 54.197.223.49: icmp_seq=328 ttl=41 time=89.2 ms
08-13 15:30:44.565  1045  1758 D cellinfo: 46 bytes from 54.197.223.49: icmp_seq=329 ttl=41 time=80.6 ms
08-13 15:30:44.763  1045  1758 D cellinfo: 46 bytes from 54.197.223.49: icmp_seq=330 ttl=41 time=78.3 ms
08-13 15:30:44.962  1045  1758 D cellinfo: 46 bytes from 54.197.223.49: icmp_seq=331 ttl=41 time=76.1 ms
08-13 15:30:45.174  1045  1758 D cellinfo: 46 bytes from 54.197.223.49: icmp_seq=332 ttl=41 time=84.7 ms
08-13 15:30:45.230  1045  1045 D cellinfo: onsignalStrengthsChanged: LTE Signal Strength info: rsrp: -81 rsrq: -10 rssi: -55 rssnr: 6
08-13 15:30:45.379  1045  1758 D cellinfo: 46 bytes from 54.197.223.49: icmp_seq=333 ttl=41 time=89.2 ms
08-13 15:30:45.573  1045  1758 D cellinfo: 46 bytes from 54.197.223.49: icmp_seq=334 ttl=41 time=81.2 ms
08-13 15:30:45.778  1045  1758 D cellinfo: 46 bytes from 54.197.223.49: icmp_seq=335 ttl=41 time=86.0 ms
08-13 15:30:45.974  1045  1758 D cellinfo: 46 bytes from 54.197.223.49: icmp_seq=336 ttl=41 time=78.9 ms
08-13 15:30:46.169  1045  1045 D cellinfo: onCellInfoChanged: Operator: AT&T UpdateTimestamp: 78167233 CellConnectionStatus: 0
08-13 15:30:46.169  1045  1045 D cellinfo: onCellInfoChanged: LTE Cell Bands: [2] Bandwidth: 2147483647 Cell ID: 49417993 Physical Cell ID: 367 Tracking Area Code: 19980 EARFCN: 850
08-13 15:30:46.178  1045  1758 D cellinfo: 46 bytes from 54.197.223.49: icmp_seq=337 ttl=41 time=81.8 ms
08-13 15:30:46.374  1045  1758 D cellinfo: 46 bytes from 54.197.223.49: icmp_seq=338 ttl=41 time=75.6 ms
08-13 15:30:46.579  1045  1758 D cellinfo: 46 bytes from 54.197.223.49: icmp_seq=339 ttl=41 time=79.6 ms
08-13 15:30:46.792  1045  1758 D cellinfo: 46 bytes from 54.197.223.49: icmp_seq=340 ttl=41 time=92.1 ms
08-13 15:30:46.994  1045  1758 D cellinfo: 46 bytes from 54.197.223.49: icmp_seq=341 ttl=41 time=93.1 ms
08-13 15:30:47.182  1045  1758 D cellinfo: 46 bytes from 54.197.223.49: icmp_seq=342 ttl=41 time=82.2 ms
08-13 15:30:47.379  1045  1758 D cellinfo: 46 bytes from 54.197.223.49: icmp_seq=343 ttl=41 time=76.1 ms
08-13 15:30:47.579  1045  1758 D cellinfo: 46 bytes from 54.197.223.49: icmp_seq=344 ttl=41 time=73.2 ms
08-13 15:30:47.719  1045  1045 D cellinfo: Latitude is 40.5323684
08-13 15:30:47.719  1045  1045 D cellinfo: Longitude is -86.907663
08-13 15:30:47.719  1045  1045 D cellinfo: Instantaneous GPS information: United States, I-65 Crest Dr, West Lafayette, IN 47906, USA
08-13 15:30:47.719  1045  1045 D cellinfo: getCurrentLocation() result: Location (success): 40.5323684, -86.907663
08-13 15:30:47.778  1045  1758 D cellinfo: 46 bytes from 54.197.223.49: icmp_seq=345 ttl=41 time=71.9 ms
08-13 15:30:47.983  1045  1758 D cellinfo: 46 bytes from 54.197.223.49: icmp_seq=346 ttl=41 time=77.0 ms
08-13 15:30:48.202  1045  1758 D cellinfo: 46 bytes from 54.197.223.49: icmp_seq=347 ttl=41 time=93.7 ms
08-13 15:30:48.384  1045  1758 D cellinfo: 46 bytes from 54.197.223.49: icmp_seq=348 ttl=41 time=75.8 ms
08-13 15:30:48.595  1045  1758 D cellinfo: 46 bytes from 54.197.223.49: icmp_seq=349 ttl=41 time=84.8 ms
08-13 15:30:48.795  1045  1758 D cellinfo: 46 bytes from 54.197.223.49: icmp_seq=350 ttl=41 time=84.0 ms
08-13 15:30:48.993  1045  1758 D cellinfo: 46 bytes from 54.197.223.49: icmp_seq=351 ttl=41 time=82.5 ms
08-13 15:30:49.126  1045  1045 D cellinfo: Latitude is 40.5323684
08-13 15:30:49.126  1045  1045 D cellinfo: Longitude is -86.907663
08-13 15:30:49.127  1045  1045 D cellinfo: Instantaneous GPS information: United States, I-65 Crest Dr, West Lafayette, IN 47906, USA
08-13 15:30:49.127  1045  1045 D cellinfo: getCurrentLocation() result: Location (success): 40.5323684, -86.907663
08-13 15:30:49.182  1045  1045 D cellinfo: onCellInfoChanged: Operator: AT&T UpdateTimestamp: 78170248 CellConnectionStatus: 0
08-13 15:30:49.183  1045  1045 D cellinfo: onCellInfoChanged: LTE Cell Bands: [2] Bandwidth: 2147483647 Cell ID: 49417993 Physical Cell ID: 367 Tracking Area Code: 19980 EARFCN: 850
08-13 15:30:49.192  1045  1758 D cellinfo: 46 bytes from 54.197.223.49: icmp_seq=352 ttl=41 time=81.6 ms
08-13 15:30:49.393  1045  1758 D cellinfo: 46 bytes from 54.197.223.49: icmp_seq=353 ttl=41 time=79.6 ms
08-13 15:30:49.603  1045  1758 D cellinfo: 46 bytes from 54.197.223.49: icmp_seq=354 ttl=41 time=89.0 ms
08-13 15:30:49.794  1045  1758 D cellinfo: 46 bytes from 54.197.223.49: icmp_seq=355 ttl=41 time=78.8 ms
08-13 15:30:49.992  1045  1758 D cellinfo: 46 bytes from 54.197.223.49: icmp_seq=356 ttl=41 time=77.4 ms
08-13 15:30:50.193  1045  1758 D cellinfo: 46 bytes from 54.197.223.49: icmp_seq=357 ttl=41 time=77.2 ms
08-13 15:30:50.392  1045  1758 D cellinfo: 46 bytes from 54.197.223.49: icmp_seq=358 ttl=41 time=75.6 ms
08-13 15:30:50.594  1045  1758 D cellinfo: 46 bytes from 54.197.223.49: icmp_seq=359 ttl=41 time=76.6 ms
08-13 15:30:50.832  1045  1758 D cellinfo: 46 bytes from 54.197.223.49: icmp_seq=360 ttl=41 time=114 ms
08-13 15:30:51.002  1045  1758 D cellinfo: 46 bytes from 54.197.223.49: icmp_seq=361 ttl=41 time=82.8 ms
08-13 15:30:51.203  1045  1758 D cellinfo: 46 bytes from 54.197.223.49: icmp_seq=362 ttl=41 time=84.5 ms
08-13 15:30:51.402  1045  1758 D cellinfo: 46 bytes from 54.197.223.49: icmp_seq=363 ttl=41 time=82.1 ms
08-13 15:30:51.603  1045  1758 D cellinfo: 46 bytes from 54.197.223.49: icmp_seq=364 ttl=41 time=81.6 ms
08-13 15:30:51.803  1045  1758 D cellinfo: 46 bytes from 54.197.223.49: icmp_seq=365 ttl=41 time=80.3 ms
08-13 15:30:51.949  1045  1045 D cellinfo: onsignalStrengthsChanged: LTE Signal Strength info: rsrp: -88 rsrq: -11 rssi: -65 rssnr: 5
08-13 15:30:52.034  1045  1758 D cellinfo: 46 bytes from 54.197.223.49: icmp_seq=366 ttl=41 time=109 ms
08-13 15:30:52.118  1045  1045 D cellinfo: Latitude is 40.5323684
08-13 15:30:52.119  1045  1045 D cellinfo: Longitude is -86.907663
08-13 15:30:52.119  1045  1045 D cellinfo: Instantaneous GPS information: United States, I-65 Crest Dr, West Lafayette, IN 47906, USA
08-13 15:30:52.119  1045  1045 D cellinfo: getCurrentLocation() result: Location (success): 40.5323684, -86.907663
08-13 15:30:52.173  1045  1045 D cellinfo: onCellInfoChanged: Operator: AT&T UpdateTimestamp: 78173238 CellConnectionStatus: 0
08-13 15:30:52.173  1045  1045 D cellinfo: onCellInfoChanged: LTE Cell Bands: [2] Bandwidth: 2147483647 Cell ID: 49417993 Physical Cell ID: 367 Tracking Area Code: 19980 EARFCN: 850
08-13 15:30:52.203  1045  1758 D cellinfo: 46 bytes from 54.197.223.49: icmp_seq=367 ttl=41 time=80.4 ms
08-13 15:30:52.403  1045  1758 D cellinfo: 46 bytes from 54.197.223.49: icmp_seq=368 ttl=41 time=78.9 ms
08-13 15:30:52.602  1045  1758 D cellinfo: 46 bytes from 54.197.223.49: icmp_seq=369 ttl=41 time=78.0 ms
08-13 15:30:52.804  1045  1758 D cellinfo: 46 bytes from 54.197.223.49: icmp_seq=370 ttl=41 time=78.2 ms
08-13 15:30:53.002  1045  1758 D cellinfo: 46 bytes from 54.197.223.49: icmp_seq=371 ttl=41 time=76.6 ms
08-13 15:30:53.203  1045  1758 D cellinfo: 46 bytes from 54.197.223.49: icmp_seq=372 ttl=41 time=78.3 ms
08-13 15:30:53.402  1045  1758 D cellinfo: 46 bytes from 54.197.223.49: icmp_seq=373 ttl=41 time=76.0 ms
08-13 15:30:53.536  1045  1045 D cellinfo: onsignalStrengthsChanged: LTE Signal Strength info: rsrp: -90 rsrq: -12 rssi: -65 rssnr: 5
08-13 15:30:53.604  1045  1758 D cellinfo: 46 bytes from 54.197.223.49: icmp_seq=374 ttl=41 time=76.1 ms
08-13 15:30:53.814  1045  1045 D cellinfo: onServiceStateChanged: Channel Number: 850 Cell Bandwidths: [20000, 10000, 10000, 5000, 10000]
08-13 15:30:53.874  1045  1758 D cellinfo: 46 bytes from 54.197.223.49: icmp_seq=375 ttl=41 time=145 ms
08-13 15:30:54.029  1045  1758 D cellinfo: 46 bytes from 54.197.223.49: icmp_seq=376 ttl=41 time=99.2 ms
08-13 15:30:54.217  1045  1758 D cellinfo: 46 bytes from 54.197.223.49: icmp_seq=377 ttl=41 time=87.4 ms
08-13 15:30:54.241  1045  1045 D cellinfo: onServiceStateChanged: Channel Number: 850 Cell Bandwidths: [20000, 10000, 10000, 5000, 10000]
08-13 15:30:54.258  1045  1045 D cellinfo: onDisplayInfoChanged: NetworkType: LTE OverrideNetworkType: 5G (Sub-6 GHz)
08-13 15:30:54.263  1045  1045 D cellinfo: onsignalStrengthsChanged: LTE Signal Strength info: rsrp: -92 rsrq: -12 rssi: -61 rssnr: 5
08-13 15:30:54.263  1045  1045 D cellinfo: onsignalStrengthsChanged: 5G-NR Signal Strength info: ssrsrp: -106 ssrsrq: -12 sssinr: 2147483647
08-13 15:30:54.279  1045  1045 D cellinfo: onServiceStateChanged: Channel Number: 850 Cell Bandwidths: [20000, 10000, 10000, 5000, 10000]
08-13 15:30:54.475  1045  1758 D cellinfo: 46 bytes from 54.197.223.49: icmp_seq=378 ttl=41 time=143 ms
08-13 15:30:54.643  1045  1758 D cellinfo: 46 bytes from 54.197.223.49: icmp_seq=379 ttl=41 time=111 ms
08-13 15:30:54.797  1045  1045 D cellinfo: onsignalStrengthsChanged: LTE Signal Strength info: rsrp: -92 rsrq: -12 rssi: -61 rssnr: 5
08-13 15:30:54.797  1045  1045 D cellinfo: onsignalStrengthsChanged: 5G-NR Signal Strength info: ssrsrp: -109 ssrsrq: -15 sssinr: 6
08-13 15:30:54.865  1045  1758 D cellinfo: 46 bytes from 54.197.223.49: icmp_seq=380 ttl=41 time=129 ms
08-13 15:30:55.057  1045  1758 D cellinfo: 46 bytes from 54.197.223.49: icmp_seq=381 ttl=41 time=122 ms
08-13 15:30:55.128  1045  1045 D cellinfo: Latitude is 40.5323684
08-13 15:30:55.128  1045  1045 D cellinfo: Longitude is -86.907663
08-13 15:30:55.128  1045  1045 D cellinfo: Instantaneous GPS information: United States, I-65 Crest Dr, West Lafayette, IN 47906, USA
08-13 15:30:55.128  1045  1045 D cellinfo: getCurrentLocation() result: Location (success): 40.5323684, -86.907663
08-13 15:30:55.173  1045  1045 D cellinfo: onCellInfoChanged: Operator: AT&T UpdateTimestamp: 78176242 CellConnectionStatus: 0
08-13 15:30:55.173  1045  1045 D cellinfo: onCellInfoChanged: LTE Cell Bands: [2] Bandwidth: 2147483647 Cell ID: 49417993 Physical Cell ID: 367 Tracking Area Code: 19980 EARFCN: 850
08-13 15:30:55.241  1045  1758 D cellinfo: 46 bytes from 54.197.223.49: icmp_seq=382 ttl=41 time=107 ms
08-13 15:30:55.454  1045  1758 D cellinfo: 46 bytes from 54.197.223.49: icmp_seq=383 ttl=41 time=121 ms
08-13 15:30:55.651  1045  1758 D cellinfo: 46 bytes from 54.197.223.49: icmp_seq=384 ttl=41 time=117 ms
08-13 15:30:55.799  1045  1045 D cellinfo: onsignalStrengthsChanged: LTE Signal Strength info: rsrp: -92 rsrq: -12 rssi: -61 rssnr: 5
08-13 15:30:55.799  1045  1045 D cellinfo: onsignalStrengthsChanged: 5G-NR Signal Strength info: ssrsrp: -106 ssrsrq: -13 sssinr: 4
08-13 15:30:55.837  1045  1758 D cellinfo: 46 bytes from 54.197.223.49: icmp_seq=385 ttl=41 time=102 ms
08-13 15:30:56.044  1045  1758 D cellinfo: 46 bytes from 54.197.223.49: icmp_seq=386 ttl=41 time=109 ms
08-13 15:30:56.244  1045  1758 D cellinfo: 46 bytes from 54.197.223.49: icmp_seq=387 ttl=41 time=109 ms
08-13 15:30:56.448  1045  1758 D cellinfo: 46 bytes from 54.197.223.49: icmp_seq=388 ttl=41 time=113 ms
08-13 15:30:56.653  1045  1758 D cellinfo: 46 bytes from 54.197.223.49: icmp_seq=389 ttl=41 time=115 ms
08-13 15:30:56.828  1045  1758 D cellinfo: 46 bytes from 54.197.223.49: icmp_seq=390 ttl=41 time=89.4 ms
08-13 15:30:57.028  1045  1758 D cellinfo: 46 bytes from 54.197.223.49: icmp_seq=391 ttl=41 time=88.3 ms
08-13 15:30:57.231  1045  1758 D cellinfo: 46 bytes from 54.197.223.49: icmp_seq=392 ttl=41 time=89.2 ms
08-13 15:30:57.429  1045  1758 D cellinfo: 46 bytes from 54.197.223.49: icmp_seq=393 ttl=41 time=87.5 ms
08-13 15:30:57.629  1045  1758 D cellinfo: 46 bytes from 54.197.223.49: icmp_seq=394 ttl=41 time=86.5 ms
08-13 15:30:57.799  1045  1045 D cellinfo: onsignalStrengthsChanged: LTE Signal Strength info: rsrp: -93 rsrq: -12 rssi: -63 rssnr: 4
08-13 15:30:57.799  1045  1045 D cellinfo: onsignalStrengthsChanged: 5G-NR Signal Strength info: ssrsrp: -104 ssrsrq: -13 sssinr: 1
08-13 15:30:57.843  1045  1758 D cellinfo: 46 bytes from 54.197.223.49: icmp_seq=395 ttl=41 time=95.4 ms
08-13 15:30:58.041  1045  1758 D cellinfo: 46 bytes from 54.197.223.49: icmp_seq=396 ttl=41 time=95.6 ms
08-13 15:30:58.238  1045  1758 D cellinfo: 46 bytes from 54.197.223.49: icmp_seq=397 ttl=41 time=94.6 ms
08-13 15:30:58.256  1045  1045 D cellinfo: onCellInfoChanged: Operator: AT&T UpdateTimestamp: 78179305 CellConnectionStatus: 0
08-13 15:30:58.256  1045  1045 D cellinfo: onCellInfoChanged: LTE Cell Bands: [2] Bandwidth: 2147483647 Cell ID: 49417993 Physical Cell ID: 367 Tracking Area Code: 19980 EARFCN: 850
08-13 15:30:58.439  1045  1758 D cellinfo: 46 bytes from 54.197.223.49: icmp_seq=398 ttl=41 time=94.2 ms
08-13 15:30:58.639  1045  1758 D cellinfo: 46 bytes from 54.197.223.49: icmp_seq=399 ttl=41 time=95.0 ms
08-13 15:30:58.799  1045  1045 D cellinfo: onsignalStrengthsChanged: LTE Signal Strength info: rsrp: -94 rsrq: -12 rssi: -61 rssnr: 4
08-13 15:30:58.800  1045  1045 D cellinfo: onsignalStrengthsChanged: 5G-NR Signal Strength info: ssrsrp: -106 ssrsrq: -17 sssinr: -8
08-13 15:30:58.845  1045  1758 D cellinfo: 46 bytes from 54.197.223.49: icmp_seq=400 ttl=41 time=99.2 ms
08-13 15:30:59.040  1045  1758 D cellinfo: 46 bytes from 54.197.223.49: icmp_seq=401 ttl=41 time=92.7 ms
08-13 15:30:59.238  1045  1758 D cellinfo: 46 bytes from 54.197.223.49: icmp_seq=402 ttl=41 time=92.8 ms
08-13 15:30:59.435  1045  1758 D cellinfo: 46 bytes from 54.197.223.49: icmp_seq=403 ttl=41 time=85.7 ms
08-13 15:30:59.636  1045  1758 D cellinfo: 46 bytes from 54.197.223.49: icmp_seq=404 ttl=41 time=83.3 ms
08-13 15:30:59.699  1045  1045 D cellinfo: Latitude is 40.5293176
08-13 15:30:59.699  1045  1045 D cellinfo: Longitude is -86.9050539
08-13 15:30:59.699  1045  1045 D cellinfo: Instantaneous GPS information: United States, I-65, West Lafayette, IN 47906, USA
08-13 15:30:59.699  1045  1045 D cellinfo: getCurrentLocation() result: Location (success): 40.5293176, -86.9050539
08-13 15:30:59.800  1045  1045 D cellinfo: onsignalStrengthsChanged: LTE Signal Strength info: rsrp: -94 rsrq: -12 rssi: -55 rssnr: 3
08-13 15:30:59.800  1045  1045 D cellinfo: onsignalStrengthsChanged: 5G-NR Signal Strength info: ssrsrp: -113 ssrsrq: -17 sssinr: -6
08-13 15:30:59.835  1045  1758 D cellinfo: 46 bytes from 54.197.223.49: icmp_seq=405 ttl=41 time=83.2 ms
08-13 15:31:00.039  1045  1758 D cellinfo: 46 bytes from 54.197.223.49: icmp_seq=406 ttl=41 time=86.5 ms
08-13 15:31:00.238  1045  1758 D cellinfo: 46 bytes from 54.197.223.49: icmp_seq=407 ttl=41 time=85.4 ms
08-13 15:31:00.448  1045  1758 D cellinfo: 46 bytes from 54.197.223.49: icmp_seq=408 ttl=41 time=93.3 ms
08-13 15:31:00.650  1045  1758 D cellinfo: 46 bytes from 54.197.223.49: icmp_seq=409 ttl=41 time=94.5 ms
08-13 15:31:00.799  1045  1045 D cellinfo: onsignalStrengthsChanged: LTE Signal Strength info: rsrp: -94 rsrq: -12 rssi: -55 rssnr: 3
08-13 15:31:00.799  1045  1045 D cellinfo: onsignalStrengthsChanged: 5G-NR Signal Strength info: ssrsrp: -117 ssrsrq: -19 sssinr: -5
08-13 15:31:00.850  1045  1758 D cellinfo: 46 bytes from 54.197.223.49: icmp_seq=410 ttl=41 time=93.8 ms
08-13 15:31:00.936  1045  1758 D cellinfo: 46 bytes from 54.197.223.49: icmp_seq=410 ttl=41 time=180 ms (DUP!)
08-13 15:31:01.110  1045  1045 D cellinfo: Latitude is 40.5293176
08-13 15:31:01.110  1045  1045 D cellinfo: Longitude is -86.9050539
08-13 15:31:01.110  1045  1045 D cellinfo: Instantaneous GPS information: United States, I-65, West Lafayette, IN 47906, USA
08-13 15:31:01.110  1045  1045 D cellinfo: getCurrentLocation() result: Location (success): 40.5293176, -86.9050539
08-13 15:31:01.152  1045  1758 D cellinfo: 46 bytes from 54.197.223.49: icmp_seq=411 ttl=41 time=196 ms
08-13 15:31:01.169  1045  1045 D cellinfo: onServiceStateChanged: Channel Number: 850 Cell Bandwidths: [20000, 10000, 10000, 5000, 10000]
08-13 15:31:01.173  1045  1045 D cellinfo: onDisplayInfoChanged: NetworkType: LTE OverrideNetworkType: 5G (Sub-6 GHz)
08-13 15:31:01.185  1045  1045 D cellinfo: onsignalStrengthsChanged: LTE Signal Strength info: rsrp: -94 rsrq: -12 rssi: -59 rssnr: 2
08-13 15:31:01.185  1045  1045 D cellinfo: onServiceStateChanged: Channel Number: 850 Cell Bandwidths: [20000, 10000, 10000, 5000, 10000]
08-13 15:31:01.201  1045  1045 D cellinfo: onServiceStateChanged: Channel Number: 850 Cell Bandwidths: [20000, 10000, 10000, 5000, 10000]
08-13 15:31:01.201  1045  1045 D cellinfo: onCellInfoChanged: Operator: AT&T UpdateTimestamp: 78182230 CellConnectionStatus: 0
08-13 15:31:01.201  1045  1045 D cellinfo: onCellInfoChanged: LTE Cell Bands: [2] Bandwidth: 2147483647 Cell ID: 49417993 Physical Cell ID: 367 Tracking Area Code: 19980 EARFCN: 850
08-13 15:31:01.233  1045  1758 D cellinfo: 46 bytes from 54.197.223.49: icmp_seq=412 ttl=41 time=78.6 ms
08-13 15:31:01.438  1045  1758 D cellinfo: 46 bytes from 54.197.223.49: icmp_seq=413 ttl=41 time=83.5 ms
08-13 15:31:01.638  1045  1758 D cellinfo: 46 bytes from 54.197.223.49: icmp_seq=414 ttl=41 time=82.4 ms
08-13 15:31:01.840  1045  1758 D cellinfo: 46 bytes from 54.197.223.49: icmp_seq=415 ttl=41 time=83.1 ms
08-13 15:31:02.040  1045  1758 D cellinfo: 46 bytes from 54.197.223.49: icmp_seq=416 ttl=41 time=82.7 ms
08-13 15:31:02.239  1045  1758 D cellinfo: 46 bytes from 54.197.223.49: icmp_seq=417 ttl=41 time=82.6 ms
08-13 15:31:02.439  1045  1758 D cellinfo: 46 bytes from 54.197.223.49: icmp_seq=418 ttl=41 time=80.8 ms
08-13 15:31:02.640  1045  1758 D cellinfo: 46 bytes from 54.197.223.49: icmp_seq=419 ttl=41 time=80.7 ms
08-13 15:31:02.840  1045  1758 D cellinfo: 46 bytes from 54.197.223.49: icmp_seq=420 ttl=41 time=79.4 ms
08-13 15:31:03.041  1045  1758 D cellinfo: 46 bytes from 54.197.223.49: icmp_seq=421 ttl=41 time=79.4 ms
08-13 15:31:03.150  1045  1045 D cellinfo: onsignalStrengthsChanged: LTE Signal Strength info: rsrp: -94 rsrq: -12 rssi: -55 rssnr: 1
08-13 15:31:03.239  1045  1758 D cellinfo: 46 bytes from 54.197.223.49: icmp_seq=422 ttl=41 time=78.1 ms
08-13 15:31:03.475  1045  1045 D cellinfo: onServiceStateChanged: Channel Number: 850 Cell Bandwidths: [20000, 10000, 10000, 5000, 10000]
08-13 15:31:03.521  1045  1758 D cellinfo: 46 bytes from 54.197.223.49: icmp_seq=423 ttl=41 time=159 ms
08-13 15:31:03.646  1045  1758 D cellinfo: 46 bytes from 54.197.223.49: icmp_seq=424 ttl=41 time=83.7 ms
08-13 15:31:03.858  1045  1758 D cellinfo: 46 bytes from 54.197.223.49: icmp_seq=425 ttl=41 time=95.6 ms
08-13 15:31:03.890  1045  1045 D cellinfo: onServiceStateChanged: Channel Number: 850 Cell Bandwidths: [20000, 10000, 10000, 5000, 10000]
08-13 15:31:03.897  1045  1045 D cellinfo: onDisplayInfoChanged: NetworkType: LTE OverrideNetworkType: 5G (Sub-6 GHz)
08-13 15:31:03.987  1045  1045 D cellinfo: onsignalStrengthsChanged: LTE Signal Strength info: rsrp: -94 rsrq: -12 rssi: -55 rssnr: 1
08-13 15:31:03.987  1045  1045 D cellinfo: onsignalStrengthsChanged: 5G-NR Signal Strength info: ssrsrp: -103 ssrsrq: -12 sssinr: 2147483647
08-13 15:31:04.004  1045  1045 D cellinfo: onServiceStateChanged: Channel Number: 850 Cell Bandwidths: [20000, 10000, 10000, 5000, 10000]
08-13 15:31:04.059  1045  1758 D cellinfo: 46 bytes from 54.197.223.49: icmp_seq=426 ttl=41 time=96.2 ms
08-13 15:31:04.115  1045  1045 D cellinfo: Latitude is 40.5293176
08-13 15:31:04.115  1045  1045 D cellinfo: Longitude is -86.9050539
08-13 15:31:04.115  1045  1045 D cellinfo: Instantaneous GPS information: United States, I-65, West Lafayette, IN 47906, USA
08-13 15:31:04.115  1045  1045 D cellinfo: getCurrentLocation() result: Location (success): 40.5293176, -86.9050539
08-13 15:31:04.160  1045  1045 D cellinfo: onCellInfoChanged: Operator: AT&T UpdateTimestamp: 78185225 CellConnectionStatus: 0
08-13 15:31:04.160  1045  1045 D cellinfo: onCellInfoChanged: LTE Cell Bands: [2] Bandwidth: 2147483647 Cell ID: 49417993 Physical Cell ID: 367 Tracking Area Code: 19980 EARFCN: 850
08-13 15:31:04.266  1045  1758 D cellinfo: 46 bytes from 54.197.223.49: icmp_seq=427 ttl=41 time=102 ms
08-13 15:31:04.438  1045  1758 D cellinfo: 46 bytes from 54.197.223.49: icmp_seq=428 ttl=41 time=73.6 ms
08-13 15:31:04.456  1045  1045 D cellinfo: onsignalStrengthsChanged: LTE Signal Strength info: rsrp: -94 rsrq: -12 rssi: -55 rssnr: 1
08-13 15:31:04.456  1045  1045 D cellinfo: onsignalStrengthsChanged: 5G-NR Signal Strength info: ssrsrp: -106 ssrsrq: -12 sssinr: 4
08-13 15:31:04.668  1045  1758 D cellinfo: 46 bytes from 54.197.223.49: icmp_seq=429 ttl=41 time=101 ms
08-13 15:31:04.900  1045  1758 D cellinfo: 46 bytes from 54.197.223.49: icmp_seq=430 ttl=41 time=133 ms
08-13 15:31:05.060  1045  1758 D cellinfo: 46 bytes from 54.197.223.49: icmp_seq=431 ttl=41 time=91.4 ms
08-13 15:31:05.260  1045  1758 D cellinfo: 46 bytes from 54.197.223.49: icmp_seq=432 ttl=41 time=93.5 ms
08-13 15:31:05.454  1045  1045 D cellinfo: onsignalStrengthsChanged: LTE Signal Strength info: rsrp: -94 rsrq: -13 rssi: -61 rssnr: 1
08-13 15:31:05.455  1045  1045 D cellinfo: onsignalStrengthsChanged: 5G-NR Signal Strength info: ssrsrp: -103 ssrsrq: -12 sssinr: 3
08-13 15:31:05.463  1045  1758 D cellinfo: 46 bytes from 54.197.223.49: icmp_seq=433 ttl=41 time=96.6 ms
08-13 15:31:05.664  1045  1758 D cellinfo: 46 bytes from 54.197.223.49: icmp_seq=434 ttl=41 time=96.2 ms
08-13 15:31:05.865  1045  1758 D cellinfo: 46 bytes from 54.197.223.49: icmp_seq=435 ttl=41 time=96.4 ms
08-13 15:31:06.067  1045  1758 D cellinfo: 46 bytes from 54.197.223.49: icmp_seq=436 ttl=41 time=96.9 ms
08-13 15:31:06.262  1045  1758 D cellinfo: 46 bytes from 54.197.223.49: icmp_seq=437 ttl=41 time=91.9 ms
08-13 15:31:06.459  1045  1758 D cellinfo: 46 bytes from 54.197.223.49: icmp_seq=438 ttl=41 time=87.3 ms
08-13 15:31:06.665  1045  1758 D cellinfo: 46 bytes from 54.197.223.49: icmp_seq=439 ttl=41 time=91.6 ms
08-13 15:31:06.859  1045  1758 D cellinfo: 46 bytes from 54.197.223.49: icmp_seq=440 ttl=41 time=84.8 ms
08-13 15:31:07.058  1045  1758 D cellinfo: 46 bytes from 54.197.223.49: icmp_seq=441 ttl=41 time=83.6 ms
08-13 15:31:07.119  1045  1045 D cellinfo: Latitude is 40.5293176
08-13 15:31:07.119  1045  1045 D cellinfo: Longitude is -86.9050539
08-13 15:31:07.119  1045  1045 D cellinfo: Instantaneous GPS information: United States, I-65, West Lafayette, IN 47906, USA
08-13 15:31:07.119  1045  1045 D cellinfo: getCurrentLocation() result: Location (success): 40.5293176, -86.9050539
08-13 15:31:07.180  1045  1045 D cellinfo: onCellInfoChanged: Operator: AT&T UpdateTimestamp: 78188247 CellConnectionStatus: 0
08-13 15:31:07.180  1045  1045 D cellinfo: onCellInfoChanged: LTE Cell Bands: [2] Bandwidth: 2147483647 Cell ID: 49417993 Physical Cell ID: 367 Tracking Area Code: 19980 EARFCN: 850
08-13 15:31:07.258  1045  1758 D cellinfo: 46 bytes from 54.197.223.49: icmp_seq=442 ttl=41 time=84.1 ms
08-13 15:31:07.457  1045  1045 D cellinfo: onsignalStrengthsChanged: LTE Signal Strength info: rsrp: -94 rsrq: -13 rssi: -61 rssnr: 0
08-13 15:31:07.457  1045  1045 D cellinfo: onsignalStrengthsChanged: 5G-NR Signal Strength info: ssrsrp: -96 ssrsrq: -11 sssinr: 10
08-13 15:31:07.465  1045  1758 D cellinfo: 46 bytes from 54.197.223.49: icmp_seq=443 ttl=41 time=90.1 ms
08-13 15:31:07.666  1045  1758 D cellinfo: 46 bytes from 54.197.223.49: icmp_seq=444 ttl=41 time=89.7 ms
08-13 15:31:07.859  1045  1758 D cellinfo: 46 bytes from 54.197.223.49: icmp_seq=445 ttl=41 time=81.9 ms
08-13 15:31:08.058  1045  1758 D cellinfo: 46 bytes from 54.197.223.49: icmp_seq=446 ttl=41 time=79.6 ms
08-13 15:31:08.292  1045  1758 D cellinfo: 46 bytes from 54.197.223.49: icmp_seq=447 ttl=41 time=111 ms
08-13 15:31:08.455  1045  1045 D cellinfo: onsignalStrengthsChanged: LTE Signal Strength info: rsrp: -94 rsrq: -13 rssi: -57 rssnr: 0
08-13 15:31:08.455  1045  1045 D cellinfo: onsignalStrengthsChanged: 5G-NR Signal Strength info: ssrsrp: -100 ssrsrq: -12 sssinr: 6
08-13 15:31:08.458  1045  1758 D cellinfo: 46 bytes from 54.197.223.49: icmp_seq=448 ttl=41 time=77.8 ms
08-13 15:31:08.660  1045  1758 D cellinfo: 46 bytes from 54.197.223.49: icmp_seq=449 ttl=41 time=78.4 ms
08-13 15:31:08.885  1045  1758 D cellinfo: 46 bytes from 54.197.223.49: icmp_seq=450 ttl=41 time=103 ms
08-13 15:31:09.060  1045  1758 D cellinfo: 46 bytes from 54.197.223.49: icmp_seq=451 ttl=41 time=76.7 ms
08-13 15:31:09.287  1045  1758 D cellinfo: 46 bytes from 54.197.223.49: icmp_seq=452 ttl=41 time=104 ms
08-13 15:31:09.459  1045  1758 D cellinfo: 46 bytes from 54.197.223.49: icmp_seq=453 ttl=41 time=75.3 ms
08-13 15:31:09.686  1045  1758 D cellinfo: 46 bytes from 54.197.223.49: icmp_seq=454 ttl=41 time=101 ms
08-13 15:31:09.863  1045  1758 D cellinfo: 46 bytes from 54.197.223.49: icmp_seq=455 ttl=41 time=77.9 ms
08-13 15:31:09.878  1045  1045 D cellinfo: onsignalStrengthsChanged: LTE Signal Strength info: rsrp: -94 rsrq: -15 rssi: -57 rssnr: -1
08-13 15:31:09.878  1045  1045 D cellinfo: onsignalStrengthsChanged: 5G-NR Signal Strength info: ssrsrp: -103 ssrsrq: -12 sssinr: 5
08-13 15:31:10.086  1045  1758 D cellinfo: 46 bytes from 54.197.223.49: icmp_seq=456 ttl=41 time=99.2 ms
08-13 15:31:10.159  1045  1045 D cellinfo: onCellInfoChanged: Operator: AT&T UpdateTimestamp: 78191222 CellConnectionStatus: 0
08-13 15:31:10.159  1045  1045 D cellinfo: onCellInfoChanged: LTE Cell Bands: [2] Bandwidth: 2147483647 Cell ID: 49417993 Physical Cell ID: 367 Tracking Area Code: 19980 EARFCN: 850
08-13 15:31:10.258  1045  1758 D cellinfo: 46 bytes from 54.197.223.49: icmp_seq=457 ttl=41 time=74.1 ms
08-13 15:31:10.451  1045  1045 D cellinfo: onsignalStrengthsChanged: LTE Signal Strength info: rsrp: -94 rsrq: -15 rssi: -57 rssnr: -1
08-13 15:31:10.451  1045  1045 D cellinfo: onsignalStrengthsChanged: 5G-NR Signal Strength info: ssrsrp: -98 ssrsrq: -12 sssinr: 7
08-13 15:31:10.485  1045  1758 D cellinfo: 46 bytes from 54.197.223.49: icmp_seq=458 ttl=41 time=99.5 ms
08-13 15:31:10.678  1045  1758 D cellinfo: 46 bytes from 54.197.223.49: icmp_seq=459 ttl=41 time=91.9 ms
08-13 15:31:10.878  1045  1758 D cellinfo: 46 bytes from 54.197.223.49: icmp_seq=460 ttl=41 time=91.3 ms
08-13 15:31:11.079  1045  1758 D cellinfo: 46 bytes from 54.197.223.49: icmp_seq=461 ttl=41 time=89.7 ms
08-13 15:31:11.279  1045  1758 D cellinfo: 46 bytes from 54.197.223.49: icmp_seq=462 ttl=41 time=89.7 ms
