08-13 17:47:33.248 13928 13928 D cellinfo: getCurrentLocation() result: Location (success): 40.2161106, -86.599688
08-13 17:47:33.288 13928 13928 D cellinfo: onCellInfoChanged: Operator: AT&T UpdateTimestamp: 86374354 CellConnectionStatus: 0
08-13 17:47:33.289 13928 13928 D cellinfo: onCellInfoChanged: LTE Cell Bands: [2] Bandwidth: 2147483647 Cell ID: 48914953 Physical Cell ID: 371 Tracking Area Code: 19980 EARFCN: 850
08-13 17:47:33.348 13928 14041 D cellinfo: 46 bytes from 54.197.223.49: icmp_seq=6124 ttl=41 time=88.6 ms
08-13 17:47:33.550 13928 14041 D cellinfo: 46 bytes from 54.197.223.49: icmp_seq=6125 ttl=41 time=89.9 ms
08-13 17:47:33.740 13928 14041 D cellinfo: 46 bytes from 54.197.223.49: icmp_seq=6126 ttl=41 time=79.2 ms
08-13 17:47:33.942 13928 14041 D cellinfo: 46 bytes from 54.197.223.49: icmp_seq=6127 ttl=41 time=80.9 ms
08-13 17:47:34.141 13928 14041 D cellinfo: 46 bytes from 54.197.223.49: icmp_seq=6128 ttl=41 time=79.4 ms
08-13 17:47:34.351 13928 14041 D cellinfo: 46 bytes from 54.197.223.49: icmp_seq=6129 ttl=41 time=87.6 ms
08-13 17:47:34.551 13928 14041 D cellinfo: 46 bytes from 54.197.223.49: icmp_seq=6130 ttl=41 time=86.9 ms
08-13 17:47:34.751 13928 14041 D cellinfo: 46 bytes from 54.197.223.49: icmp_seq=6131 ttl=41 time=86.3 ms
08-13 17:47:34.951 13928 14041 D cellinfo: 46 bytes from 54.197.223.49: icmp_seq=6132 ttl=41 time=84.4 ms
08-13 17:47:35.151 13928 14041 D cellinfo: 46 bytes from 54.197.223.49: icmp_seq=6133 ttl=41 time=83.3 ms
08-13 17:47:35.351 13928 14041 D cellinfo: 46 bytes from 54.197.223.49: icmp_seq=6134 ttl=41 time=83.0 ms
08-13 17:47:35.550 13928 14041 D cellinfo: 46 bytes from 54.197.223.49: icmp_seq=6135 ttl=41 time=82.4 ms
08-13 17:47:35.750 13928 14041 D cellinfo: 46 bytes from 54.197.223.49: icmp_seq=6136 ttl=41 time=81.1 ms
08-13 17:47:35.950 13928 14041 D cellinfo: 46 bytes from 54.197.223.49: icmp_seq=6137 ttl=41 time=80.1 ms
08-13 17:47:36.150 13928 14041 D cellinfo: 46 bytes from 54.197.223.49: icmp_seq=6138 ttl=41 time=79.0 ms
08-13 17:47:36.257 13928 13928 D cellinfo: Latitude is 40.2161106
08-13 17:47:36.257 13928 13928 D cellinfo: Longitude is -86.599688
08-13 17:47:36.257 13928 13928 D cellinfo: Instantaneous GPS information: United States, 4920 W Co Rd 500 S, Frankfort, IN 46041, USA
08-13 17:47:36.257 13928 13928 D cellinfo: getCurrentLocation() result: Location (success): 40.2161106, -86.599688
08-13 17:47:36.302 13928 13928 D cellinfo: onCellInfoChanged: Operator: AT&T UpdateTimestamp: 86377369 CellConnectionStatus: 0
08-13 17:47:36.302 13928 13928 D cellinfo: onCellInfoChanged: LTE Cell Bands: [2] Bandwidth: 2147483647 Cell ID: 48914953 Physical Cell ID: 371 Tracking Area Code: 19980 EARFCN: 850
08-13 17:47:36.350 13928 14041 D cellinfo: 46 bytes from 54.197.223.49: icmp_seq=6139 ttl=41 time=78.1 ms
08-13 17:47:36.591 13928 14041 D cellinfo: 46 bytes from 54.197.223.49: icmp_seq=6140 ttl=41 time=117 ms
08-13 17:47:36.759 13928 14041 D cellinfo: 46 bytes from 54.197.223.49: icmp_seq=6141 ttl=41 time=86.3 ms
08-13 17:47:36.960 13928 14041 D cellinfo: 46 bytes from 54.197.223.49: icmp_seq=6142 ttl=41 time=86.5 ms
08-13 17:47:37.161 13928 14041 D cellinfo: 46 bytes from 54.197.223.49: icmp_seq=6143 ttl=41 time=86.2 ms
08-13 17:47:37.360 13928 14041 D cellinfo: 46 bytes from 54.197.223.49: icmp_seq=6144 ttl=41 time=85.3 ms
08-13 17:47:37.560 13928 14041 D cellinfo: 46 bytes from 54.197.223.49: icmp_seq=6145 ttl=41 time=85.0 ms
08-13 17:47:37.759 13928 14041 D cellinfo: 46 bytes from 54.197.223.49: icmp_seq=6146 ttl=41 time=83.7 ms
08-13 17:47:37.961 13928 14041 D cellinfo: 46 bytes from 54.197.223.49: icmp_seq=6147 ttl=41 time=83.5 ms
08-13 17:47:38.182 13928 14041 D cellinfo: 46 bytes from 54.197.223.49: icmp_seq=6148 ttl=41 time=103 ms
08-13 17:47:38.361 13928 14041 D cellinfo: 46 bytes from 54.197.223.49: icmp_seq=6149 ttl=41 time=79.4 ms
08-13 17:47:38.561 13928 14041 D cellinfo: 46 bytes from 54.197.223.49: icmp_seq=6150 ttl=41 time=79.0 ms
08-13 17:47:38.770 13928 14041 D cellinfo: 46 bytes from 54.197.223.49: icmp_seq=6151 ttl=41 time=88.1 ms
08-13 17:47:38.981 13928 14041 D cellinfo: 46 bytes from 54.197.223.49: icmp_seq=6152 ttl=41 time=99.0 ms
08-13 17:47:39.179 13928 14041 D cellinfo: 46 bytes from 54.197.223.49: icmp_seq=6153 ttl=41 time=93.4 ms
08-13 17:47:39.245 13928 13928 D cellinfo: Latitude is 40.2161106
08-13 17:47:39.245 13928 13928 D cellinfo: Longitude is -86.599688
08-13 17:47:39.245 13928 13928 D cellinfo: Instantaneous GPS information: United States, 4920 W Co Rd 500 S, Frankfort, IN 46041, USA
08-13 17:47:39.245 13928 13928 D cellinfo: getCurrentLocation() result: Location (success): 40.2161106, -86.599688
08-13 17:47:39.300 13928 13928 D cellinfo: onCellInfoChanged: Operator: AT&T UpdateTimestamp: 86380365 CellConnectionStatus: 0
08-13 17:47:39.300 13928 13928 D cellinfo: onCellInfoChanged: LTE Cell Bands: [2] Bandwidth: 2147483647 Cell ID: 48914953 Physical Cell ID: 371 Tracking Area Code: 19980 EARFCN: 850
08-13 17:47:39.384 13928 14041 D cellinfo: 46 bytes from 54.197.223.49: icmp_seq=6154 ttl=41 time=98.8 ms
08-13 17:47:39.569 13928 14041 D cellinfo: 46 bytes from 54.197.223.49: icmp_seq=6155 ttl=41 time=84.1 ms
08-13 17:47:39.783 13928 14041 D cellinfo: 46 bytes from 54.197.223.49: icmp_seq=6156 ttl=41 time=95.2 ms
08-13 17:47:39.970 13928 14041 D cellinfo: 46 bytes from 54.197.223.49: icmp_seq=6157 ttl=41 time=82.5 ms
08-13 17:47:40.183 13928 14041 D cellinfo: 46 bytes from 54.197.223.49: icmp_seq=6158 ttl=41 time=94.8 ms
08-13 17:47:40.369 13928 14041 D cellinfo: 46 bytes from 54.197.223.49: icmp_seq=6159 ttl=41 time=81.1 ms
08-13 17:47:40.583 13928 14041 D cellinfo: 46 bytes from 54.197.223.49: icmp_seq=6160 ttl=41 time=93.2 ms
08-13 17:47:40.770 13928 14041 D cellinfo: 46 bytes from 54.197.223.49: icmp_seq=6161 ttl=41 time=80.0 ms
08-13 17:47:40.972 13928 14041 D cellinfo: 46 bytes from 54.197.223.49: icmp_seq=6162 ttl=41 time=80.5 ms
08-13 17:47:41.170 13928 14041 D cellinfo: 46 bytes from 54.197.223.49: icmp_seq=6163 ttl=41 time=78.6 ms
08-13 17:47:41.382 13928 14041 D cellinfo: 46 bytes from 54.197.223.49: icmp_seq=6164 ttl=41 time=90.3 ms
08-13 17:47:41.580 13928 14041 D cellinfo: 46 bytes from 54.197.223.49: icmp_seq=6165 ttl=41 time=87.0 ms
08-13 17:47:41.782 13928 14041 D cellinfo: 46 bytes from 54.197.223.49: icmp_seq=6166 ttl=41 time=88.9 ms
08-13 17:47:41.982 13928 14041 D cellinfo: 46 bytes from 54.197.223.49: icmp_seq=6167 ttl=41 time=87.1 ms
08-13 17:47:42.181 13928 14041 D cellinfo: 46 bytes from 54.197.223.49: icmp_seq=6168 ttl=41 time=85.8 ms
08-13 17:47:42.278 13928 13928 D cellinfo: onCellInfoChanged: Operator: AT&T UpdateTimestamp: 86383344 CellConnectionStatus: 0
08-13 17:47:42.278 13928 13928 D cellinfo: onCellInfoChanged: LTE Cell Bands: [2] Bandwidth: 2147483647 Cell ID: 48914953 Physical Cell ID: 371 Tracking Area Code: 19980 EARFCN: 850
08-13 17:47:42.387 13928 14041 D cellinfo: 46 bytes from 54.197.223.49: icmp_seq=6169 ttl=41 time=90.9 ms
08-13 17:47:42.588 13928 14041 D cellinfo: 46 bytes from 54.197.223.49: icmp_seq=6170 ttl=41 time=90.4 ms
08-13 17:47:42.787 13928 14041 D cellinfo: 46 bytes from 54.197.223.49: icmp_seq=6171 ttl=41 time=88.9 ms
08-13 17:47:42.982 13928 14041 D cellinfo: 46 bytes from 54.197.223.49: icmp_seq=6172 ttl=41 time=81.8 ms
08-13 17:47:43.181 13928 14041 D cellinfo: 46 bytes from 54.197.223.49: icmp_seq=6173 ttl=41 time=80.8 ms
08-13 17:47:43.382 13928 14041 D cellinfo: 46 bytes from 54.197.223.49: icmp_seq=6174 ttl=41 time=80.2 ms
08-13 17:47:43.580 13928 14041 D cellinfo: 46 bytes from 54.197.223.49: icmp_seq=6175 ttl=41 time=75.2 ms
08-13 17:47:43.784 13928 14041 D cellinfo: 46 bytes from 54.197.223.49: icmp_seq=6176 ttl=41 time=79.4 ms
08-13 17:47:43.879 13928 13928 D cellinfo: Latitude is 40.213593
08-13 17:47:43.879 13928 13928 D cellinfo: Longitude is -86.5961641
08-13 17:47:43.879 13928 13928 D cellinfo: Instantaneous GPS information: United States, I-65, Frankfort, IN 46041, USA
08-13 17:47:43.879 13928 13928 D cellinfo: getCurrentLocation() result: Location (success): 40.213593, -86.5961641
08-13 17:47:43.983 13928 14041 D cellinfo: 46 bytes from 54.197.223.49: icmp_seq=6177 ttl=41 time=77.1 ms
08-13 17:47:44.209 13928 14041 D cellinfo: 46 bytes from 54.197.223.49: icmp_seq=6178 ttl=41 time=101 ms
08-13 17:47:44.391 13928 14041 D cellinfo: 46 bytes from 54.197.223.49: icmp_seq=6179 ttl=41 time=82.2 ms
08-13 17:47:44.599 13928 14041 D cellinfo: 46 bytes from 54.197.223.49: icmp_seq=6180 ttl=41 time=89.0 ms
08-13 17:47:44.790 13928 14041 D cellinfo: 46 bytes from 54.197.223.49: icmp_seq=6181 ttl=41 time=80.6 ms
08-13 17:47:44.990 13928 14041 D cellinfo: 46 bytes from 54.197.223.49: icmp_seq=6182 ttl=41 time=78.0 ms
08-13 17:47:45.199 13928 14041 D cellinfo: 46 bytes from 54.197.223.49: icmp_seq=6183 ttl=41 time=88.2 ms
08-13 17:47:45.239 13928 13928 D cellinfo: Latitude is 40.213593
08-13 17:47:45.239 13928 13928 D cellinfo: Longitude is -86.5961641
08-13 17:47:45.239 13928 13928 D cellinfo: Instantaneous GPS information: United States, I-65, Frankfort, IN 46041, USA
08-13 17:47:45.239 13928 13928 D cellinfo: getCurrentLocation() result: Location (success): 40.213593, -86.5961641
08-13 17:47:45.293 13928 13928 D cellinfo: onCellInfoChanged: Operator: AT&T UpdateTimestamp: 86386359 CellConnectionStatus: 0
08-13 17:47:45.293 13928 13928 D cellinfo: onCellInfoChanged: LTE Cell Bands: [2] Bandwidth: 2147483647 Cell ID: 48914953 Physical Cell ID: 371 Tracking Area Code: 19980 EARFCN: 850
08-13 17:47:45.399 13928 14041 D cellinfo: 46 bytes from 54.197.223.49: icmp_seq=6184 ttl=41 time=87.0 ms
08-13 17:47:45.600 13928 14041 D cellinfo: 46 bytes from 54.197.223.49: icmp_seq=6185 ttl=41 time=86.3 ms
08-13 17:47:45.800 13928 14041 D cellinfo: 46 bytes from 54.197.223.49: icmp_seq=6186 ttl=41 time=85.1 ms
08-13 17:47:45.831 13928 13928 D cellinfo: onsignalStrengthsChanged: LTE Signal Strength info: rsrp: -88 rsrq: -10 rssi: -55 rssnr: 4
08-13 17:47:46.023 13928 14041 D cellinfo: 46 bytes from 54.197.223.49: icmp_seq=6187 ttl=41 time=106 ms
08-13 17:47:46.200 13928 14041 D cellinfo: 46 bytes from 54.197.223.49: icmp_seq=6188 ttl=41 time=84.4 ms
08-13 17:47:46.399 13928 14041 D cellinfo: 46 bytes from 54.197.223.49: icmp_seq=6189 ttl=41 time=83.7 ms
08-13 17:47:46.600 13928 14041 D cellinfo: 46 bytes from 54.197.223.49: icmp_seq=6190 ttl=41 time=83.2 ms
08-13 17:47:46.799 13928 14041 D cellinfo: 46 bytes from 54.197.223.49: icmp_seq=6191 ttl=41 time=81.8 ms
08-13 17:47:47.007 13928 14041 D cellinfo: 46 bytes from 54.197.223.49: icmp_seq=6192 ttl=41 time=88.5 ms
08-13 17:47:47.200 13928 14041 D cellinfo: 46 bytes from 54.197.223.49: icmp_seq=6193 ttl=41 time=82.1 ms
08-13 17:47:47.399 13928 14041 D cellinfo: 46 bytes from 54.197.223.49: icmp_seq=6194 ttl=41 time=80.6 ms
08-13 17:47:47.601 13928 14041 D cellinfo: 46 bytes from 54.197.223.49: icmp_seq=6195 ttl=41 time=81.3 ms
08-13 17:47:47.799 13928 14041 D cellinfo: 46 bytes from 54.197.223.49: icmp_seq=6196 ttl=41 time=79.3 ms
08-13 17:47:48.058 13928 14041 D cellinfo: 46 bytes from 54.197.223.49: icmp_seq=6197 ttl=41 time=136 ms
08-13 17:47:48.208 13928 14041 D cellinfo: 46 bytes from 54.197.223.49: icmp_seq=6198 ttl=41 time=82.5 ms
08-13 17:47:48.244 13928 13928 D cellinfo: Latitude is 40.213593
08-13 17:47:48.244 13928 13928 D cellinfo: Longitude is -86.5961641
08-13 17:47:48.244 13928 13928 D cellinfo: Instantaneous GPS information: United States, I-65, Frankfort, IN 46041, USA
08-13 17:47:48.244 13928 13928 D cellinfo: getCurrentLocation() result: Location (success): 40.213593, -86.5961641
08-13 17:47:48.428 13928 14041 D cellinfo: 46 bytes from 54.197.223.49: icmp_seq=6199 ttl=41 time=103 ms
08-13 17:47:48.443 13928 13928 D cellinfo: onCellInfoChanged: Operator: AT&T UpdateTimestamp: 86389491 CellConnectionStatus: 0
08-13 17:47:48.443 13928 13928 D cellinfo: onCellInfoChanged: LTE Cell Bands: [2] Bandwidth: 2147483647 Cell ID: 48914953 Physical Cell ID: 371 Tracking Area Code: 19980 EARFCN: 850
08-13 17:47:48.558 13928 13928 D cellinfo: onServiceStateChanged: Channel Number: 850 Cell Bandwidths: []
08-13 17:47:48.652 13928 14041 D cellinfo: 46 bytes from 54.197.223.49: icmp_seq=6200 ttl=41 time=126 ms
08-13 17:47:48.663 13928 13928 D cellinfo: onServiceStateChanged: Channel Number: 850 Cell Bandwidths: [20000, 10000, 10000, 10000]
08-13 17:47:48.676 13928 13928 D cellinfo: onServiceStateChanged: Channel Number: 850 Cell Bandwidths: [20000, 10000, 10000, 10000]
08-13 17:47:48.757 13928 13928 D cellinfo: onCellInfoChanged: Operator: AT&T UpdateTimestamp: 86389823 CellConnectionStatus: 0
08-13 17:47:48.758 13928 13928 D cellinfo: onCellInfoChanged: LTE Cell Bands: [2] Bandwidth: 2147483647 Cell ID: 48909322 Physical Cell ID: 49 Tracking Area Code: 19980 EARFCN: 850
08-13 17:47:48.780 13928 13928 D cellinfo: onServiceStateChanged: Channel Number: 850 Cell Bandwidths: []
08-13 17:47:48.832 13928 14041 D cellinfo: 46 bytes from 54.197.223.49: icmp_seq=6201 ttl=41 time=105 ms
08-13 17:47:49.012 13928 14041 D cellinfo: 46 bytes from 54.197.223.49: icmp_seq=6202 ttl=41 time=86.2 ms
08-13 17:47:49.233 13928 14041 D cellinfo: 46 bytes from 54.197.223.49: icmp_seq=6203 ttl=41 time=107 ms
08-13 17:47:49.340 13928 13928 D cellinfo: onServiceStateChanged: Channel Number: 850 Cell Bandwidths: []
08-13 17:47:49.470 13928 14041 D cellinfo: 46 bytes from 54.197.223.49: icmp_seq=6204 ttl=41 time=144 ms
08-13 17:47:49.534 13928 13928 D cellinfo: onServiceStateChanged: Channel Number: 850 Cell Bandwidths: [20000, 10000, 10000, 5000]
08-13 17:47:49.618 13928 14041 D cellinfo: 46 bytes from 54.197.223.49: icmp_seq=6205 ttl=41 time=90.6 ms
08-13 17:47:49.776 13928 13928 D cellinfo: onServiceStateChanged: Channel Number: 850 Cell Bandwidths: [20000, 10000, 10000, 5000]
08-13 17:47:49.779 13928 13928 D cellinfo: onDisplayInfoChanged: NetworkType: LTE OverrideNetworkType: 5G (Sub-6 GHz)
08-13 17:47:49.824 13928 14041 D cellinfo: 46 bytes from 54.197.223.49: icmp_seq=6206 ttl=41 time=95.4 ms
08-13 17:47:49.937 13928 13928 D cellinfo: onsignalStrengthsChanged: LTE Signal Strength info: rsrp: -89 rsrq: -10 rssi: -57 rssnr: 3
08-13 17:47:49.937 13928 13928 D cellinfo: onsignalStrengthsChanged: 5G-NR Signal Strength info: ssrsrp: -105 ssrsrq: -11 sssinr: 2147483647
08-13 17:47:49.946 13928 13928 D cellinfo: onServiceStateChanged: Channel Number: 850 Cell Bandwidths: [20000, 10000, 10000, 5000]
08-13 17:47:50.029 13928 14041 D cellinfo: 46 bytes from 54.197.223.49: icmp_seq=6207 ttl=41 time=101 ms
08-13 17:47:50.210 13928 14041 D cellinfo: 46 bytes from 54.197.223.49: icmp_seq=6208 ttl=41 time=83.1 ms
08-13 17:47:50.323 13928 13928 D cellinfo: onsignalStrengthsChanged: LTE Signal Strength info: rsrp: -89 rsrq: -10 rssi: -59 rssnr: 4
08-13 17:47:50.323 13928 13928 D cellinfo: onsignalStrengthsChanged: 5G-NR Signal Strength info: ssrsrp: -106 ssrsrq: -11 sssinr: 9
08-13 17:47:50.420 13928 14041 D cellinfo: 46 bytes from 54.197.223.49: icmp_seq=6209 ttl=41 time=91.4 ms
08-13 17:47:50.632 13928 14041 D cellinfo: 46 bytes from 54.197.223.49: icmp_seq=6210 ttl=41 time=102 ms
08-13 17:47:50.810 13928 14041 D cellinfo: 46 bytes from 54.197.223.49: icmp_seq=6211 ttl=41 time=81.3 ms
08-13 17:47:51.012 13928 14041 D cellinfo: 46 bytes from 54.197.223.49: icmp_seq=6212 ttl=41 time=80.6 ms
08-13 17:47:51.223 13928 14041 D cellinfo: 46 bytes from 54.197.223.49: icmp_seq=6213 ttl=41 time=92.5 ms
08-13 17:47:51.243 13928 13928 D cellinfo: Latitude is 40.213593
08-13 17:47:51.243 13928 13928 D cellinfo: Longitude is -86.5961641
08-13 17:47:51.243 13928 13928 D cellinfo: Instantaneous GPS information: United States, I-65, Frankfort, IN 46041, USA
08-13 17:47:51.243 13928 13928 D cellinfo: getCurrentLocation() result: Location (success): 40.213593, -86.5961641
08-13 17:47:51.296 13928 13928 D cellinfo: onCellInfoChanged: Operator: AT&T UpdateTimestamp: 86392363 CellConnectionStatus: 0
08-13 17:47:51.296 13928 13928 D cellinfo: onCellInfoChanged: LTE Cell Bands: [2] Bandwidth: 2147483647 Cell ID: 48909322 Physical Cell ID: 49 Tracking Area Code: 19980 EARFCN: 850
08-13 17:47:51.315 13928 13928 D cellinfo: onsignalStrengthsChanged: LTE Signal Strength info: rsrp: -89 rsrq: -10 rssi: -59 rssnr: 5
08-13 17:47:51.315 13928 13928 D cellinfo: onsignalStrengthsChanged: 5G-NR Signal Strength info: ssrsrp: -101 ssrsrq: -11 sssinr: 18
08-13 17:47:51.423 13928 14041 D cellinfo: 46 bytes from 54.197.223.49: icmp_seq=6214 ttl=41 time=90.9 ms
08-13 17:47:51.623 13928 14041 D cellinfo: 46 bytes from 54.197.223.49: icmp_seq=6215 ttl=41 time=89.4 ms
08-13 17:47:51.820 13928 14041 D cellinfo: 46 bytes from 54.197.223.49: icmp_seq=6216 ttl=41 time=84.6 ms
08-13 17:47:52.036 13928 14041 D cellinfo: 46 bytes from 54.197.223.49: icmp_seq=6217 ttl=41 time=99.0 ms
08-13 17:47:52.219 13928 14041 D cellinfo: 46 bytes from 54.197.223.49: icmp_seq=6218 ttl=41 time=84.2 ms
08-13 17:47:52.426 13928 14041 D cellinfo: 46 bytes from 54.197.223.49: icmp_seq=6219 ttl=41 time=90.0 ms
08-13 17:47:52.619 13928 14041 D cellinfo: 46 bytes from 54.197.223.49: icmp_seq=6220 ttl=41 time=82.6 ms
08-13 17:47:52.827 13928 14041 D cellinfo: 46 bytes from 54.197.223.49: icmp_seq=6221 ttl=41 time=89.2 ms
08-13 17:47:53.019 13928 14041 D cellinfo: 46 bytes from 54.197.223.49: icmp_seq=6222 ttl=41 time=81.1 ms
08-13 17:47:53.221 13928 14041 D cellinfo: 46 bytes from 54.197.223.49: icmp_seq=6223 ttl=41 time=83.3 ms
08-13 17:47:53.423 13928 14041 D cellinfo: 46 bytes from 54.197.223.49: icmp_seq=6224 ttl=41 time=83.9 ms
08-13 17:47:53.627 13928 14041 D cellinfo: 46 bytes from 54.197.223.49: icmp_seq=6225 ttl=41 time=87.3 ms
08-13 17:47:53.832 13928 14041 D cellinfo: 46 bytes from 54.197.223.49: icmp_seq=6226 ttl=41 time=91.0 ms
08-13 17:47:54.030 13928 14041 D cellinfo: 46 bytes from 54.197.223.49: icmp_seq=6227 ttl=41 time=89.1 ms
08-13 17:47:54.222 13928 14041 D cellinfo: 46 bytes from 54.197.223.49: icmp_seq=6228 ttl=41 time=81.3 ms
08-13 17:47:54.291 13928 13928 D cellinfo: onCellInfoChanged: Operator: AT&T UpdateTimestamp: 86395357 CellConnectionStatus: 0
08-13 17:47:54.292 13928 13928 D cellinfo: onCellInfoChanged: LTE Cell Bands: [2] Bandwidth: 2147483647 Cell ID: 48909322 Physical Cell ID: 49 Tracking Area Code: 19980 EARFCN: 850
08-13 17:47:54.438 13928 14041 D cellinfo: 46 bytes from 54.197.223.49: icmp_seq=6229 ttl=41 time=94.2 ms
08-13 17:47:54.630 13928 14041 D cellinfo: 46 bytes from 54.197.223.49: icmp_seq=6230 ttl=41 time=82.4 ms
08-13 17:47:54.849 13928 14041 D cellinfo: 46 bytes from 54.197.223.49: icmp_seq=6231 ttl=41 time=103 ms
08-13 17:47:55.048 13928 14041 D cellinfo: 46 bytes from 54.197.223.49: icmp_seq=6232 ttl=41 time=101 ms
08-13 17:47:55.231 13928 14041 D cellinfo: 46 bytes from 54.197.223.49: icmp_seq=6233 ttl=41 time=83.5 ms
08-13 17:47:55.437 13928 14041 D cellinfo: 46 bytes from 54.197.223.49: icmp_seq=6234 ttl=41 time=87.5 ms
08-13 17:47:55.635 13928 14041 D cellinfo: 46 bytes from 54.197.223.49: icmp_seq=6235 ttl=41 time=84.3 ms
08-13 17:47:55.833 13928 14041 D cellinfo: 46 bytes from 54.197.223.49: icmp_seq=6236 ttl=41 time=79.8 ms
08-13 17:47:55.905 13928 13928 D cellinfo: Latitude is 40.2109694
08-13 17:47:55.905 13928 13928 D cellinfo: Longitude is -86.5922819
08-13 17:47:55.905 13928 13928 D cellinfo: Instantaneous GPS information: United States, I-65, Frankfort, IN 46041, USA
08-13 17:47:55.905 13928 13928 D cellinfo: getCurrentLocation() result: Location (success): 40.2109694, -86.5922819
08-13 17:47:56.049 13928 14041 D cellinfo: 46 bytes from 54.197.223.49: icmp_seq=6237 ttl=41 time=96.5 ms
08-13 17:47:56.241 13928 14041 D cellinfo: 46 bytes from 54.197.223.49: icmp_seq=6238 ttl=41 time=88.0 ms
08-13 17:47:56.323 13928 13928 D cellinfo: onsignalStrengthsChanged: LTE Signal Strength info: rsrp: -87 rsrq: -10 rssi: -59 rssnr: 5
08-13 17:47:56.323 13928 13928 D cellinfo: onsignalStrengthsChanged: 5G-NR Signal Strength info: ssrsrp: -109 ssrsrq: -12 sssinr: 11
08-13 17:47:56.644 13928 14041 D cellinfo: 46 bytes from 54.197.223.49: icmp_seq=6239 ttl=41 time=289 ms
08-13 17:47:56.673 13928 14041 D cellinfo: 46 bytes from 54.197.223.49: icmp_seq=6240 ttl=41 time=110 ms
08-13 17:47:56.680 13928 13928 D cellinfo: onsignalStrengthsChanged: LTE Signal Strength info: rsrp: -87 rsrq: -10 rssi: -59 rssnr: 6
08-13 17:47:56.680 13928 13928 D cellinfo: onsignalStrengthsChanged: 5G-NR Signal Strength info: ssrsrp: -109 ssrsrq: -12 sssinr: 11
08-13 17:47:56.853 13928 14041 D cellinfo: 46 bytes from 54.197.223.49: icmp_seq=6241 ttl=41 time=91.9 ms
08-13 17:47:57.050 13928 14041 D cellinfo: 46 bytes from 54.197.223.49: icmp_seq=6242 ttl=41 time=87.7 ms
08-13 17:47:57.245 13928 13928 D cellinfo: Latitude is 40.2109694
08-13 17:47:57.245 13928 13928 D cellinfo: Longitude is -86.5922819
08-13 17:47:57.245 13928 13928 D cellinfo: Instantaneous GPS information: United States, I-65, Frankfort, IN 46041, USA
08-13 17:47:57.245 13928 13928 D cellinfo: getCurrentLocation() result: Location (success): 40.2109694, -86.5922819
08-13 17:47:57.251 13928 14041 D cellinfo: 46 bytes from 54.197.223.49: icmp_seq=6243 ttl=41 time=88.3 ms
08-13 17:47:57.294 13928 13928 D cellinfo: onCellInfoChanged: Operator: AT&T UpdateTimestamp: 86398361 CellConnectionStatus: 0
08-13 17:47:57.294 13928 13928 D cellinfo: onCellInfoChanged: LTE Cell Bands: [2] Bandwidth: 2147483647 Cell ID: 48909322 Physical Cell ID: 49 Tracking Area Code: 19980 EARFCN: 850
08-13 17:47:57.315 13928 13928 D cellinfo: onsignalStrengthsChanged: LTE Signal Strength info: rsrp: -87 rsrq: -9 rssi: -57 rssnr: 8
08-13 17:47:57.315 13928 13928 D cellinfo: onsignalStrengthsChanged: 5G-NR Signal Strength info: ssrsrp: -106 ssrsrq: -11 sssinr: 10
08-13 17:47:57.602 13928 14041 D cellinfo: 46 bytes from 54.197.223.49: icmp_seq=6244 ttl=41 time=239 ms
08-13 17:47:57.659 13928 14041 D cellinfo: 46 bytes from 54.197.223.49: icmp_seq=6245 ttl=41 time=92.3 ms
08-13 17:47:57.860 13928 14041 D cellinfo: 46 bytes from 54.197.223.49: icmp_seq=6246 ttl=41 time=92.8 ms
08-13 17:47:58.051 13928 14041 D cellinfo: 46 bytes from 54.197.223.49: icmp_seq=6247 ttl=41 time=82.7 ms
08-13 17:47:58.261 13928 14041 D cellinfo: 46 bytes from 54.197.223.49: icmp_seq=6248 ttl=41 time=94.0 ms
08-13 17:47:58.519 13928 14041 D cellinfo: 46 bytes from 54.197.223.49: icmp_seq=6249 ttl=41 time=151 ms
08-13 17:47:58.882 13928 14041 D cellinfo: 46 bytes from 54.197.223.49: icmp_seq=6250 ttl=41 time=312 ms
08-13 17:47:58.882 13928 14041 D cellinfo: 46 bytes from 54.197.223.49: icmp_seq=6251 ttl=41 time=105 ms
08-13 17:47:59.073 13928 14041 D cellinfo: 46 bytes from 54.197.223.49: icmp_seq=6252 ttl=41 time=95.5 ms
08-13 17:47:59.265 13928 14041 D cellinfo: 46 bytes from 54.197.223.49: icmp_seq=6253 ttl=41 time=88.1 ms
08-13 17:47:59.275 13928 13928 D cellinfo: onsignalStrengthsChanged: LTE Signal Strength info: rsrp: -87 rsrq: -9 rssi: -57 rssnr: 10
08-13 17:47:59.275 13928 13928 D cellinfo: onsignalStrengthsChanged: 5G-NR Signal Strength info: ssrsrp: -107 ssrsrq: -11 sssinr: 6
08-13 17:47:59.324 13928 13928 D cellinfo: onsignalStrengthsChanged: LTE Signal Strength info: rsrp: -87 rsrq: -9 rssi: -57 rssnr: 10
08-13 17:47:59.324 13928 13928 D cellinfo: onsignalStrengthsChanged: 5G-NR Signal Strength info: ssrsrp: -102 ssrsrq: -11 sssinr: 15
08-13 17:47:59.475 13928 14041 D cellinfo: 46 bytes from 54.197.223.49: icmp_seq=6254 ttl=41 time=96.7 ms
08-13 17:47:59.670 13928 14041 D cellinfo: 46 bytes from 54.197.223.49: icmp_seq=6255 ttl=41 time=91.5 ms
08-13 17:47:59.869 13928 14041 D cellinfo: 46 bytes from 54.197.223.49: icmp_seq=6256 ttl=41 time=89.2 ms
08-13 17:48:00.105 13928 14041 D cellinfo: 46 bytes from 54.197.223.49: icmp_seq=6257 ttl=41 time=125 ms
08-13 17:48:00.244 13928 13928 D cellinfo: Latitude is 40.2109694
08-13 17:48:00.244 13928 13928 D cellinfo: Longitude is -86.5922819
08-13 17:48:00.244 13928 13928 D cellinfo: Instantaneous GPS information: United States, I-65, Frankfort, IN 46041, USA
08-13 17:48:00.244 13928 13928 D cellinfo: getCurrentLocation() result: Location (success): 40.2109694, -86.5922819
08-13 17:48:00.294 13928 13928 D cellinfo: onCellInfoChanged: Operator: AT&T UpdateTimestamp: 86401359 CellConnectionStatus: 0
08-13 17:48:00.294 13928 13928 D cellinfo: onCellInfoChanged: LTE Cell Bands: [2] Bandwidth: 2147483647 Cell ID: 48909322 Physical Cell ID: 49 Tracking Area Code: 19980 EARFCN: 850
08-13 17:48:00.314 13928 13928 D cellinfo: onsignalStrengthsChanged: LTE Signal Strength info: rsrp: -87 rsrq: -9 rssi: -57 rssnr: 11
08-13 17:48:00.314 13928 13928 D cellinfo: onsignalStrengthsChanged: 5G-NR Signal Strength info: ssrsrp: -112 ssrsrq: -13 sssinr: 4
08-13 17:48:00.481 13928 14041 D cellinfo: 46 bytes from 54.197.223.49: icmp_seq=6258 ttl=41 time=302 ms
08-13 17:48:00.491 13928 14041 D cellinfo: 46 bytes from 54.197.223.49: icmp_seq=6259 ttl=41 time=102 ms
08-13 17:48:00.686 13928 14041 D cellinfo: 46 bytes from 54.197.223.49: icmp_seq=6260 ttl=41 time=95.1 ms
08-13 17:48:00.898 13928 14041 D cellinfo: 46 bytes from 54.197.223.49: icmp_seq=6261 ttl=41 time=106 ms
08-13 17:48:01.085 13928 14041 D cellinfo: 46 bytes from 54.197.223.49: icmp_seq=6262 ttl=41 time=91.5 ms
08-13 17:48:01.292 13928 14041 D cellinfo: 46 bytes from 54.197.223.49: icmp_seq=6263 ttl=41 time=99.4 ms
08-13 17:48:01.325 13928 13928 D cellinfo: onsignalStrengthsChanged: LTE Signal Strength info: rsrp: -87 rsrq: -9 rssi: -57 rssnr: 11
08-13 17:48:01.325 13928 13928 D cellinfo: onsignalStrengthsChanged: 5G-NR Signal Strength info: ssrsrp: -117 ssrsrq: -14 sssinr: 4
08-13 17:48:01.497 13928 14041 D cellinfo: 46 bytes from 54.197.223.49: icmp_seq=6264 ttl=41 time=103 ms
08-13 17:48:01.521 13928 13928 D cellinfo: onsignalStrengthsChanged: LTE Signal Strength info: rsrp: -87 rsrq: -9 rssi: -59 rssnr: 13
08-13 17:48:01.521 13928 13928 D cellinfo: onsignalStrengthsChanged: 5G-NR Signal Strength info: ssrsrp: -117 ssrsrq: -14 sssinr: 4
08-13 17:48:01.698 13928 14041 D cellinfo: 46 bytes from 54.197.223.49: icmp_seq=6265 ttl=41 time=103 ms
08-13 17:48:01.896 13928 14041 D cellinfo: 46 bytes from 54.197.223.49: icmp_seq=6266 ttl=41 time=100 ms
08-13 17:48:02.084 13928 14041 D cellinfo: 46 bytes from 54.197.223.49: icmp_seq=6267 ttl=41 time=86.7 ms
08-13 17:48:02.292 13928 14041 D cellinfo: 46 bytes from 54.197.223.49: icmp_seq=6268 ttl=41 time=97.4 ms
08-13 17:48:02.322 13928 13928 D cellinfo: onsignalStrengthsChanged: LTE Signal Strength info: rsrp: -87 rsrq: -9 rssi: -59 rssnr: 13
08-13 17:48:02.322 13928 13928 D cellinfo: onsignalStrengthsChanged: 5G-NR Signal Strength info: ssrsrp: -115 ssrsrq: -15 sssinr: 0
08-13 17:48:02.514 13928 14041 D cellinfo: 46 bytes from 54.197.223.49: icmp_seq=6269 ttl=41 time=118 ms
08-13 17:48:02.691 13928 14041 D cellinfo: 46 bytes from 54.197.223.49: icmp_seq=6270 ttl=41 time=95.5 ms
08-13 17:48:02.906 13928 14041 D cellinfo: 46 bytes from 54.197.223.49: icmp_seq=6271 ttl=41 time=109 ms
08-13 17:48:03.096 13928 14041 D cellinfo: 46 bytes from 54.197.223.49: icmp_seq=6272 ttl=41 time=98.0 ms
08-13 17:48:03.243 13928 13928 D cellinfo: Latitude is 40.2109694
08-13 17:48:03.243 13928 13928 D cellinfo: Longitude is -86.5922819
08-13 17:48:03.243 13928 13928 D cellinfo: Instantaneous GPS information: United States, I-65, Frankfort, IN 46041, USA
08-13 17:48:03.243 13928 13928 D cellinfo: getCurrentLocation() result: Location (success): 40.2109694, -86.5922819
08-13 17:48:03.292 13928 13928 D cellinfo: onCellInfoChanged: Operator: AT&T UpdateTimestamp: 86404360 CellConnectionStatus: 0
08-13 17:48:03.292 13928 13928 D cellinfo: onCellInfoChanged: LTE Cell Bands: [2] Bandwidth: 2147483647 Cell ID: 48909322 Physical Cell ID: 49 Tracking Area Code: 19980 EARFCN: 850
08-13 17:48:03.312 13928 14041 D cellinfo: 46 bytes from 54.197.223.49: icmp_seq=6273 ttl=41 time=115 ms
08-13 17:48:03.318 13928 13928 D cellinfo: onsignalStrengthsChanged: LTE Signal Strength info: rsrp: -87 rsrq: -9 rssi: -61 rssnr: 12
08-13 17:48:03.318 13928 13928 D cellinfo: onsignalStrengthsChanged: 5G-NR Signal Strength info: ssrsrp: -113 ssrsrq: -14 sssinr: 7
08-13 17:48:03.491 13928 14041 D cellinfo: 46 bytes from 54.197.223.49: icmp_seq=6274 ttl=41 time=93.6 ms
08-13 17:48:03.700 13928 14041 D cellinfo: 46 bytes from 54.197.223.49: icmp_seq=6275 ttl=41 time=101 ms
08-13 17:48:03.901 13928 14041 D cellinfo: 46 bytes from 54.197.223.49: icmp_seq=6276 ttl=41 time=101 ms
08-13 17:48:04.093 13928 14041 D cellinfo: 46 bytes from 54.197.223.49: icmp_seq=6277 ttl=41 time=90.8 ms
08-13 17:48:04.296 13928 14041 D cellinfo: 46 bytes from 54.197.223.49: icmp_seq=6278 ttl=41 time=92.6 ms
08-13 17:48:04.514 13928 14041 D cellinfo: 46 bytes from 54.197.223.49: icmp_seq=6279 ttl=41 time=110 ms
08-13 17:48:04.703 13928 14041 D cellinfo: 46 bytes from 54.197.223.49: icmp_seq=6280 ttl=41 time=97.0 ms
08-13 17:48:04.913 13928 14041 D cellinfo: 46 bytes from 54.197.223.49: icmp_seq=6281 ttl=41 time=105 ms
08-13 17:48:05.100 13928 14041 D cellinfo: 46 bytes from 54.197.223.49: icmp_seq=6282 ttl=41 time=94.1 ms
08-13 17:48:05.312 13928 14041 D cellinfo: 46 bytes from 54.197.223.49: icmp_seq=6283 ttl=41 time=103 ms
08-13 17:48:05.325 13928 13928 D cellinfo: onsignalStrengthsChanged: LTE Signal Strength info: rsrp: -87 rsrq: -9 rssi: -61 rssnr: 12
08-13 17:48:05.325 13928 13928 D cellinfo: onsignalStrengthsChanged: 5G-NR Signal Strength info: ssrsrp: -103 ssrsrq: -11 sssinr: 14
08-13 17:48:05.512 13928 14041 D cellinfo: 46 bytes from 54.197.223.49: icmp_seq=6284 ttl=41 time=101 ms
08-13 17:48:05.719 13928 14041 D cellinfo: 46 bytes from 54.197.223.49: icmp_seq=6285 ttl=41 time=108 ms
08-13 17:48:05.909 13928 14041 D cellinfo: 46 bytes from 54.197.223.49: icmp_seq=6286 ttl=41 time=97.8 ms
08-13 17:48:06.107 13928 14041 D cellinfo: 46 bytes from 54.197.223.49: icmp_seq=6287 ttl=41 time=96.3 ms
08-13 17:48:06.283 13928 13928 D cellinfo: onCellInfoChanged: Operator: AT&T UpdateTimestamp: 86407347 CellConnectionStatus: 0
08-13 17:48:06.283 13928 13928 D cellinfo: onCellInfoChanged: LTE Cell Bands: [2] Bandwidth: 2147483647 Cell ID: 48909322 Physical Cell ID: 49 Tracking Area Code: 19980 EARFCN: 850
08-13 17:48:06.315 13928 14041 D cellinfo: 46 bytes from 54.197.223.49: icmp_seq=6288 ttl=41 time=103 ms
08-13 17:48:06.334 13928 13928 D cellinfo: onsignalStrengthsChanged: LTE Signal Strength info: rsrp: -88 rsrq: -9 rssi: -61 rssnr: 12
08-13 17:48:06.334 13928 13928 D cellinfo: onsignalStrengthsChanged: 5G-NR Signal Strength info: ssrsrp: -105 ssrsrq: -12 sssinr: 14
08-13 17:48:06.508 13928 14041 D cellinfo: 46 bytes from 54.197.223.49: icmp_seq=6289 ttl=41 time=95.2 ms
08-13 17:48:06.703 13928 14041 D cellinfo: 46 bytes from 54.197.223.49: icmp_seq=6290 ttl=41 time=87.4 ms
08-13 17:48:06.924 13928 14041 D cellinfo: 46 bytes from 54.197.223.49: icmp_seq=6291 ttl=41 time=108 ms
08-13 17:48:07.111 13928 14041 D cellinfo: 46 bytes from 54.197.223.49: icmp_seq=6292 ttl=41 time=93.3 ms
08-13 17:48:07.318 13928 14041 D cellinfo: 46 bytes from 54.197.223.49: icmp_seq=6293 ttl=41 time=101 ms
08-13 17:48:07.503 13928 14041 D cellinfo: 46 bytes from 54.197.223.49: icmp_seq=6294 ttl=41 time=84.8 ms
08-13 17:48:07.708 13928 14041 D cellinfo: 46 bytes from 54.197.223.49: icmp_seq=6295 ttl=41 time=87.8 ms
08-13 17:48:07.904 13928 14041 D cellinfo: 46 bytes from 54.197.223.49: icmp_seq=6296 ttl=41 time=82.1 ms
08-13 17:48:07.927 13928 13928 D cellinfo: Latitude is 40.2083722
08-13 17:48:07.927 13928 13928 D cellinfo: Longitude is -86.5884318
08-13 17:48:07.927 13928 13928 D cellinfo: Instantaneous GPS information: United States, 4363 W Co Rd 500 S, Frankfort, IN 46041, USA
08-13 17:48:07.927 13928 13928 D cellinfo: getCurrentLocation() result: Location (success): 40.2083722, -86.5884318
08-13 17:48:08.113 13928 14041 D cellinfo: 46 bytes from 54.197.223.49: icmp_seq=6297 ttl=41 time=90.6 ms
08-13 17:48:08.233 13928 13928 D cellinfo: onsignalStrengthsChanged: LTE Signal Strength info: rsrp: -89 rsrq: -10 rssi: -55 rssnr: 11
08-13 17:48:08.233 13928 13928 D cellinfo: onsignalStrengthsChanged: 5G-NR Signal Strength info: ssrsrp: -105 ssrsrq: -12 sssinr: 13
08-13 17:48:08.327 13928 13928 D cellinfo: onsignalStrengthsChanged: LTE Signal Strength info: rsrp: -89 rsrq: -10 rssi: -55 rssnr: 11
08-13 17:48:08.327 13928 13928 D cellinfo: onsignalStrengthsChanged: 5G-NR Signal Strength info: ssrsrp: -111 ssrsrq: -12 sssinr: 9
08-13 17:48:08.481 13928 14041 D cellinfo: 46 bytes from 54.197.223.49: icmp_seq=6298 ttl=41 time=260 ms
08-13 17:48:08.522 13928 14041 D cellinfo: 46 bytes from 54.197.223.49: icmp_seq=6299 ttl=41 time=92.8 ms
08-13 17:48:08.763 13928 14041 D cellinfo: 46 bytes from 54.197.223.49: icmp_seq=6300 ttl=41 time=130 ms
08-13 17:48:08.928 13928 14041 D cellinfo: 46 bytes from 54.197.223.49: icmp_seq=6301 ttl=41 time=94.1 ms
08-13 17:48:09.135 13928 14041 D cellinfo: 46 bytes from 54.197.223.49: icmp_seq=6302 ttl=41 time=101 ms
08-13 17:48:09.250 13928 13928 D cellinfo: Latitude is 40.2083722
08-13 17:48:09.250 13928 13928 D cellinfo: Longitude is -86.5884318
08-13 17:48:09.250 13928 13928 D cellinfo: Instantaneous GPS information: United States, 4363 W Co Rd 500 S, Frankfort, IN 46041, USA
08-13 17:48:09.250 13928 13928 D cellinfo: getCurrentLocation() result: Location (success): 40.2083722, -86.5884318
08-13 17:48:09.307 13928 13928 D cellinfo: onCellInfoChanged: Operator: AT&T UpdateTimestamp: 86410376 CellConnectionStatus: 0
08-13 17:48:09.307 13928 13928 D cellinfo: onCellInfoChanged: LTE Cell Bands: [2] Bandwidth: 2147483647 Cell ID: 48909322 Physical Cell ID: 49 Tracking Area Code: 19980 EARFCN: 850
08-13 17:48:09.313 13928 13928 D cellinfo: onsignalStrengthsChanged: LTE Signal Strength info: rsrp: -90 rsrq: -10 rssi: -55 rssnr: 11
08-13 17:48:09.313 13928 13928 D cellinfo: onsignalStrengthsChanged: 5G-NR Signal Strength info: ssrsrp: -107 ssrsrq: -12 sssinr: 10
08-13 17:48:09.320 13928 14041 D cellinfo: 46 bytes from 54.197.223.49: icmp_seq=6303 ttl=41 time=84.6 ms
08-13 17:48:09.519 13928 14041 D cellinfo: 46 bytes from 54.197.223.49: icmp_seq=6304 ttl=41 time=84.2 ms
08-13 17:48:09.721 13928 14041 D cellinfo: 46 bytes from 54.197.223.49: icmp_seq=6305 ttl=41 time=84.2 ms
08-13 17:48:09.934 13928 14041 D cellinfo: 46 bytes from 54.197.223.49: icmp_seq=6306 ttl=41 time=96.3 ms
08-13 17:48:10.130 13928 14041 D cellinfo: 46 bytes from 54.197.223.49: icmp_seq=6307 ttl=41 time=91.7 ms
08-13 17:48:10.324 13928 13928 D cellinfo: onsignalStrengthsChanged: LTE Signal Strength info: rsrp: -90 rsrq: -10 rssi: -55 rssnr: 11
08-13 17:48:10.324 13928 13928 D cellinfo: onsignalStrengthsChanged: 5G-NR Signal Strength info: ssrsrp: -114 ssrsrq: -14 sssinr: 9
08-13 17:48:10.331 13928 14041 D cellinfo: 46 bytes from 54.197.223.49: icmp_seq=6308 ttl=41 time=92.2 ms
08-13 17:48:10.530 13928 14041 D cellinfo: 46 bytes from 54.197.223.49: icmp_seq=6309 ttl=41 time=89.6 ms
08-13 17:48:10.731 13928 14041 D cellinfo: 46 bytes from 54.197.223.49: icmp_seq=6310 ttl=41 time=90.5 ms
08-13 17:48:10.930 13928 14041 D cellinfo: 46 bytes from 54.197.223.49: icmp_seq=6311 ttl=41 time=88.0 ms
08-13 17:48:11.130 13928 14041 D cellinfo: 46 bytes from 54.197.223.49: icmp_seq=6312 ttl=41 time=88.2 ms
08-13 17:48:11.331 13928 14041 D cellinfo: 46 bytes from 54.197.223.49: icmp_seq=6313 ttl=41 time=86.4 ms
08-13 17:48:11.531 13928 14041 D cellinfo: 46 bytes from 54.197.223.49: icmp_seq=6314 ttl=41 time=87.5 ms
08-13 17:48:11.684 13928 13928 D cellinfo: onsignalStrengthsChanged: LTE Signal Strength info: rsrp: -91 rsrq: -10 rssi: -57 rssnr: 11
08-13 17:48:11.684 13928 13928 D cellinfo: onsignalStrengthsChanged: 5G-NR Signal Strength info: ssrsrp: -115 ssrsrq: -13 sssinr: 5
08-13 17:48:11.732 13928 14041 D cellinfo: 46 bytes from 54.197.223.49: icmp_seq=6315 ttl=41 time=85.3 ms
08-13 17:48:11.931 13928 14041 D cellinfo: 46 bytes from 54.197.223.49: icmp_seq=6316 ttl=41 time=85.8 ms
08-13 17:48:12.144 13928 14041 D cellinfo: 46 bytes from 54.197.223.49: icmp_seq=6317 ttl=41 time=96.3 ms
08-13 17:48:12.232 13928 13928 D cellinfo: Latitude is 40.2083722
08-13 17:48:12.232 13928 13928 D cellinfo: Longitude is -86.5884318
08-13 17:48:12.232 13928 13928 D cellinfo: Instantaneous GPS information: United States, 4363 W Co Rd 500 S, Frankfort, IN 46041, USA
08-13 17:48:12.232 13928 13928 D cellinfo: getCurrentLocation() result: Location (success): 40.2083722, -86.5884318
08-13 17:48:12.272 13928 13928 D cellinfo: onServiceStateChanged: Channel Number: 850 Cell Bandwidths: [20000, 10000, 10000, 10000]
08-13 17:48:12.282 13928 13928 D cellinfo: onDisplayInfoChanged: NetworkType: LTE OverrideNetworkType: 5G (Sub-6 GHz)
08-13 17:48:12.294 13928 13928 D cellinfo: onsignalStrengthsChanged: LTE Signal Strength info: rsrp: -91 rsrq: -10 rssi: -57 rssnr: 11
08-13 17:48:12.311 13928 13928 D cellinfo: onServiceStateChanged: Channel Number: 850 Cell Bandwidths: [20000, 10000, 10000, 10000]
08-13 17:48:12.311 13928 13928 D cellinfo: onServiceStateChanged: Channel Number: 850 Cell Bandwidths: [20000, 10000, 10000, 10000]
08-13 17:48:12.318 13928 13928 D cellinfo: onCellInfoChanged: Operator: AT&T UpdateTimestamp: 86413384 CellConnectionStatus: 0
08-13 17:48:12.318 13928 13928 D cellinfo: onCellInfoChanged: LTE Cell Bands: [2] Bandwidth: 2147483647 Cell ID: 48909322 Physical Cell ID: 49 Tracking Area Code: 19980 EARFCN: 850
08-13 17:48:12.340 13928 14041 D cellinfo: 46 bytes from 54.197.223.49: icmp_seq=6318 ttl=41 time=93.4 ms
08-13 17:48:12.527 13928 14041 D cellinfo: 46 bytes from 54.197.223.49: icmp_seq=6319 ttl=41 time=77.6 ms
08-13 17:48:12.729 13928 14041 D cellinfo: 46 bytes from 54.197.223.49: icmp_seq=6320 ttl=41 time=80.1 ms
08-13 17:48:12.928 13928 14041 D cellinfo: 46 bytes from 54.197.223.49: icmp_seq=6321 ttl=41 time=77.7 ms
08-13 17:48:13.143 13928 14041 D cellinfo: 46 bytes from 54.197.223.49: icmp_seq=6322 ttl=41 time=90.8 ms
08-13 17:48:13.336 13928 14041 D cellinfo: 46 bytes from 54.197.223.49: icmp_seq=6323 ttl=41 time=85.2 ms
08-13 17:48:13.541 13928 14041 D cellinfo: 46 bytes from 54.197.223.49: icmp_seq=6324 ttl=41 time=89.8 ms
08-13 17:48:13.738 13928 14041 D cellinfo: 46 bytes from 54.197.223.49: icmp_seq=6325 ttl=41 time=84.8 ms
08-13 17:48:13.943 13928 14041 D cellinfo: 46 bytes from 54.197.223.49: icmp_seq=6326 ttl=41 time=87.6 ms
08-13 17:48:14.138 13928 14041 D cellinfo: 46 bytes from 54.197.223.49: icmp_seq=6327 ttl=41 time=82.3 ms
08-13 17:48:14.343 13928 14041 D cellinfo: 46 bytes from 54.197.223.49: icmp_seq=6328 ttl=41 time=86.1 ms
08-13 17:48:14.536 13928 14041 D cellinfo: 46 bytes from 54.197.223.49: icmp_seq=6329 ttl=41 time=80.0 ms
08-13 17:48:14.744 13928 14041 D cellinfo: 46 bytes from 54.197.223.49: icmp_seq=6330 ttl=41 time=85.0 ms
08-13 17:48:14.938 13928 14041 D cellinfo: 46 bytes from 54.197.223.49: icmp_seq=6331 ttl=41 time=79.2 ms
08-13 17:48:15.141 13928 14041 D cellinfo: 46 bytes from 54.197.223.49: icmp_seq=6332 ttl=41 time=82.8 ms
08-13 17:48:15.236 13928 13928 D cellinfo: Latitude is 40.2083722
08-13 17:48:15.236 13928 13928 D cellinfo: Longitude is -86.5884318
08-13 17:48:15.236 13928 13928 D cellinfo: Instantaneous GPS information: United States, 4363 W Co Rd 500 S, Frankfort, IN 46041, USA
08-13 17:48:15.236 13928 13928 D cellinfo: getCurrentLocation() result: Location (success): 40.2083722, -86.5884318
08-13 17:48:15.276 13928 13928 D cellinfo: onCellInfoChanged: Operator: AT&T UpdateTimestamp: 86416343 CellConnectionStatus: 0
08-13 17:48:15.276 13928 13928 D cellinfo: onCellInfoChanged: LTE Cell Bands: [2] Bandwidth: 2147483647 Cell ID: 48909322 Physical Cell ID: 49 Tracking Area Code: 19980 EARFCN: 850
08-13 17:48:15.336 13928 14041 D cellinfo: 46 bytes from 54.197.223.49: icmp_seq=6333 ttl=41 time=77.1 ms
08-13 17:48:15.541 13928 14041 D cellinfo: 46 bytes from 54.197.223.49: icmp_seq=6334 ttl=41 time=81.3 ms
08-13 17:48:15.755 13928 14041 D cellinfo: 46 bytes from 54.197.223.49: icmp_seq=6335 ttl=41 time=92.4 ms
08-13 17:48:15.947 13928 14041 D cellinfo: 46 bytes from 54.197.223.49: icmp_seq=6336 ttl=41 time=84.9 ms
08-13 17:48:16.149 13928 14041 D cellinfo: 46 bytes from 54.197.223.49: icmp_seq=6337 ttl=41 time=84.4 ms
08-13 17:48:16.347 13928 14041 D cellinfo: 46 bytes from 54.197.223.49: icmp_seq=6338 ttl=41 time=82.7 ms
08-13 17:48:16.547 13928 14041 D cellinfo: 46 bytes from 54.197.223.49: icmp_seq=6339 ttl=41 time=80.9 ms
08-13 17:48:16.742 13928 14041 D cellinfo: 46 bytes from 54.197.223.49: icmp_seq=6340 ttl=41 time=75.1 ms
08-13 17:48:16.938 13928 14041 D cellinfo: 46 bytes from 54.197.223.49: icmp_seq=6341 ttl=41 time=71.6 ms
08-13 17:48:17.002 13928 13928 D cellinfo: onServiceStateChanged: Channel Number: 850 Cell Bandwidths: [20000, 10000, 10000, 10000]
08-13 17:48:17.177 13928 14041 D cellinfo: 46 bytes from 54.197.223.49: icmp_seq=6342 ttl=41 time=108 ms
08-13 17:48:17.197 13928 13928 D cellinfo: onServiceStateChanged: Channel Number: 850 Cell Bandwidths: [20000, 10000, 10000, 10000]
08-13 17:48:17.344 13928 14041 D cellinfo: 46 bytes from 54.197.223.49: icmp_seq=6343 ttl=41 time=75.9 ms
08-13 17:48:17.416 13928 13928 D cellinfo: onServiceStateChanged: Channel Number: 850 Cell Bandwidths: [20000, 10000, 10000, 10000]
08-13 17:48:17.416 13928 13928 D cellinfo: onDisplayInfoChanged: NetworkType: LTE OverrideNetworkType: 5G (Sub-6 GHz)
08-13 17:48:17.429 13928 13928 D cellinfo: onsignalStrengthsChanged: LTE Signal Strength info: rsrp: -90 rsrq: -11 rssi: -61 rssnr: 11
08-13 17:48:17.429 13928 13928 D cellinfo: onsignalStrengthsChanged: 5G-NR Signal Strength info: ssrsrp: -109 ssrsrq: -12 sssinr: 2147483647
08-13 17:48:17.572 13928 14041 D cellinfo: 46 bytes from 54.197.223.49: icmp_seq=6344 ttl=41 time=103 ms
08-13 17:48:17.770 13928 14041 D cellinfo: 46 bytes from 54.197.223.49: icmp_seq=6345 ttl=41 time=99.4 ms
08-13 17:48:17.970 13928 13928 D cellinfo: onsignalStrengthsChanged: LTE Signal Strength info: rsrp: -90 rsrq: -10 rssi: -61 rssnr: 11
08-13 17:48:17.970 13928 13928 D cellinfo: onsignalStrengthsChanged: 5G-NR Signal Strength info: ssrsrp: -112 ssrsrq: -13 sssinr: 7
08-13 17:48:17.982 13928 14041 D cellinfo: 46 bytes from 54.197.223.49: icmp_seq=6346 ttl=41 time=111 ms
08-13 17:48:18.167 13928 14041 D cellinfo: 46 bytes from 54.197.223.49: icmp_seq=6347 ttl=41 time=96.4 ms
08-13 17:48:18.266 13928 13928 D cellinfo: onCellInfoChanged: Operator: AT&T UpdateTimestamp: 86419334 CellConnectionStatus: 0
08-13 17:48:18.266 13928 13928 D cellinfo: onCellInfoChanged: LTE Cell Bands: [2] Bandwidth: 2147483647 Cell ID: 48909322 Physical Cell ID: 49 Tracking Area Code: 19980 EARFCN: 850
08-13 17:48:18.368 13928 14041 D cellinfo: 46 bytes from 54.197.223.49: icmp_seq=6348 ttl=41 time=96.4 ms
08-13 17:48:18.576 13928 14041 D cellinfo: 46 bytes from 54.197.223.49: icmp_seq=6349 ttl=41 time=103 ms
08-13 17:48:18.774 13928 14041 D cellinfo: 46 bytes from 54.197.223.49: icmp_seq=6350 ttl=41 time=100 ms
08-13 17:48:18.978 13928 13928 D cellinfo: onsignalStrengthsChanged: LTE Signal Strength info: rsrp: -90 rsrq: -10 rssi: -61 rssnr: 11
08-13 17:48:18.978 13928 13928 D cellinfo: onsignalStrengthsChanged: 5G-NR Signal Strength info: ssrsrp: -108 ssrsrq: -12 sssinr: 13
08-13 17:48:18.980 13928 14041 D cellinfo: 46 bytes from 54.197.223.49: icmp_seq=6351 ttl=41 time=104 ms
08-13 17:48:19.168 13928 14041 D cellinfo: 46 bytes from 54.197.223.49: icmp_seq=6352 ttl=41 time=92.7 ms
08-13 17:48:19.372 13928 14041 D cellinfo: 46 bytes from 54.197.223.49: icmp_seq=6353 ttl=41 time=94.2 ms
08-13 17:48:19.432 13928 13928 D cellinfo: onsignalStrengthsChanged: LTE Signal Strength info: rsrp: -88 rsrq: -10 rssi: -53 rssnr: 12
08-13 17:48:19.432 13928 13928 D cellinfo: onsignalStrengthsChanged: 5G-NR Signal Strength info: ssrsrp: -108 ssrsrq: -12 sssinr: 13
08-13 17:48:19.572 13928 14041 D cellinfo: 46 bytes from 54.197.223.49: icmp_seq=6354 ttl=41 time=93.9 ms
08-13 17:48:19.778 13928 14041 D cellinfo: 46 bytes from 54.197.223.49: icmp_seq=6355 ttl=41 time=100 ms
08-13 17:48:19.978 13928 14041 D cellinfo: 46 bytes from 54.197.223.49: icmp_seq=6356 ttl=41 time=99.1 ms
08-13 17:48:19.993 13928 13928 D cellinfo: onsignalStrengthsChanged: LTE Signal Strength info: rsrp: -88 rsrq: -10 rssi: -53 rssnr: 12
08-13 17:48:19.993 13928 13928 D cellinfo: onsignalStrengthsChanged: 5G-NR Signal Strength info: ssrsrp: -112 ssrsrq: -13 sssinr: 11
08-13 17:48:20.172 13928 14041 D cellinfo: 46 bytes from 54.197.223.49: icmp_seq=6357 ttl=41 time=92.6 ms
08-13 17:48:20.376 13928 14041 D cellinfo: 46 bytes from 54.197.223.49: icmp_seq=6358 ttl=41 time=94.8 ms
08-13 17:48:20.571 13928 14041 D cellinfo: 46 bytes from 54.197.223.49: icmp_seq=6359 ttl=41 time=87.8 ms
08-13 17:48:20.765 13928 14041 D cellinfo: 46 bytes from 54.197.223.49: icmp_seq=6360 ttl=41 time=79.7 ms
08-13 17:48:20.827 13928 13928 D cellinfo: Latitude is 40.2053682
08-13 17:48:20.827 13928 13928 D cellinfo: Longitude is -86.5842697
08-13 17:48:20.827 13928 13928 D cellinfo: Instantaneous GPS information: United States, I-65, Frankfort, IN 46041, USA
08-13 17:48:20.827 13928 13928 D cellinfo: getCurrentLocation() result: Location (success): 40.2053682, -86.5842697
08-13 17:48:20.963 13928 14041 D cellinfo: 46 bytes from 54.197.223.49: icmp_seq=6361 ttl=41 time=77.9 ms
08-13 17:48:21.176 13928 14041 D cellinfo: 46 bytes from 54.197.223.49: icmp_seq=6362 ttl=41 time=89.5 ms
08-13 17:48:21.245 13928 13928 D cellinfo: Latitude is 40.2053682
08-13 17:48:21.245 13928 13928 D cellinfo: Longitude is -86.5842697
08-13 17:48:21.245 13928 13928 D cellinfo: Instantaneous GPS information: United States, I-65, Frankfort, IN 46041, USA
08-13 17:48:21.245 13928 13928 D cellinfo: getCurrentLocation() result: Location (success): 40.2053682, -86.5842697
08-13 17:48:21.279 13928 13928 D cellinfo: onCellInfoChanged: Operator: AT&T UpdateTimestamp: 86422347 CellConnectionStatus: 0
08-13 17:48:21.279 13928 13928 D cellinfo: onCellInfoChanged: LTE Cell Bands: [2] Bandwidth: 2147483647 Cell ID: 48909322 Physical Cell ID: 49 Tracking Area Code: 19980 EARFCN: 850
08-13 17:48:21.375 13928 14041 D cellinfo: 46 bytes from 54.197.223.49: icmp_seq=6363 ttl=41 time=88.2 ms
08-13 17:48:21.576 13928 14041 D cellinfo: 46 bytes from 54.197.223.49: icmp_seq=6364 ttl=41 time=87.2 ms
08-13 17:48:21.674 13928 13928 D cellinfo: onsignalStrengthsChanged: LTE Signal Strength info: rsrp: -85 rsrq: -9 rssi: -51 rssnr: 14
08-13 17:48:21.674 13928 13928 D cellinfo: onsignalStrengthsChanged: 5G-NR Signal Strength info: ssrsrp: -110 ssrsrq: -13 sssinr: 8
08-13 17:48:21.776 13928 14041 D cellinfo: 46 bytes from 54.197.223.49: icmp_seq=6365 ttl=41 time=86.2 ms
08-13 17:48:21.976 13928 14041 D cellinfo: 46 bytes from 54.197.223.49: icmp_seq=6366 ttl=41 time=85.6 ms
08-13 17:48:22.175 13928 14041 D cellinfo: 46 bytes from 54.197.223.49: icmp_seq=6367 ttl=41 time=83.9 ms
08-13 17:48:22.376 13928 14041 D cellinfo: 46 bytes from 54.197.223.49: icmp_seq=6368 ttl=41 time=83.2 ms
08-13 17:48:22.587 13928 14041 D cellinfo: 46 bytes from 54.197.223.49: icmp_seq=6369 ttl=41 time=93.8 ms
08-13 17:48:22.882 13928 14041 D cellinfo: 46 bytes from 54.197.223.49: icmp_seq=6370 ttl=41 time=186 ms
08-13 17:48:22.979 13928 14041 D cellinfo: 46 bytes from 54.197.223.49: icmp_seq=6371 ttl=41 time=84.0 ms
08-13 17:48:23.014 13928 13928 D cellinfo: onServiceStateChanged: Channel Number: 850 Cell Bandwidths: [20000, 10000, 10000, 10000]
08-13 17:48:23.022 13928 13928 D cellinfo: onsignalStrengthsChanged: LTE Signal Strength info: rsrp: -85 rsrq: -9 rssi: -51 rssnr: 14
08-13 17:48:23.037 13928 13928 D cellinfo: onServiceStateChanged: Channel Number: 850 Cell Bandwidths: [20000, 10000, 10000, 10000]
08-13 17:48:23.044 13928 13928 D cellinfo: onServiceStateChanged: Channel Number: 850 Cell Bandwidths: [20000, 10000, 10000, 10000]
08-13 17:48:23.047 13928 13928 D cellinfo: onDisplayInfoChanged: NetworkType: LTE OverrideNetworkType: 5G (Sub-6 GHz)
08-13 17:48:23.172 13928 14041 D cellinfo: 46 bytes from 54.197.223.49: icmp_seq=6372 ttl=41 time=75.5 ms
08-13 17:48:23.381 13928 14041 D cellinfo: 46 bytes from 54.197.223.49: icmp_seq=6373 ttl=41 time=84.2 ms
08-13 17:48:23.522 13928 13928 D cellinfo: onServiceStateChanged: Channel Number: 850 Cell Bandwidths: [20000, 10000, 10000, 10000]
08-13 17:48:23.657 13928 14041 D cellinfo: 46 bytes from 54.197.223.49: icmp_seq=6374 ttl=41 time=159 ms
08-13 17:48:23.788 13928 14041 D cellinfo: 46 bytes from 54.197.223.49: icmp_seq=6375 ttl=41 time=89.3 ms
08-13 17:48:23.939 13928 13928 D cellinfo: onServiceStateChanged: Channel Number: 850 Cell Bandwidths: [20000, 10000, 10000, 10000]
08-13 17:48:23.943 13928 13928 D cellinfo: onDisplayInfoChanged: NetworkType: LTE OverrideNetworkType: 5G (Sub-6 GHz)
08-13 17:48:23.951 13928 13928 D cellinfo: onsignalStrengthsChanged: LTE Signal Strength info: rsrp: -82 rsrq: -8 rssi: -51 rssnr: 17
08-13 17:48:23.951 13928 13928 D cellinfo: onsignalStrengthsChanged: 5G-NR Signal Strength info: ssrsrp: -111 ssrsrq: -12 sssinr: 2147483647
08-13 17:48:23.968 13928 13928 D cellinfo: onServiceStateChanged: Channel Number: 850 Cell Bandwidths: [20000, 10000, 10000, 10000]
08-13 17:48:23.997 13928 14041 D cellinfo: 46 bytes from 54.197.223.49: icmp_seq=6376 ttl=41 time=97.4 ms
08-13 17:48:24.194 13928 14041 D cellinfo: 46 bytes from 54.197.223.49: icmp_seq=6377 ttl=41 time=93.6 ms
08-13 17:48:24.235 13928 13928 D cellinfo: Latitude is 40.2053682
08-13 17:48:24.235 13928 13928 D cellinfo: Longitude is -86.5842697
08-13 17:48:24.235 13928 13928 D cellinfo: Instantaneous GPS information: United States, I-65, Frankfort, IN 46041, USA
08-13 17:48:24.235 13928 13928 D cellinfo: getCurrentLocation() result: Location (success): 40.2053682, -86.5842697
08-13 17:48:24.279 13928 13928 D cellinfo: onCellInfoChanged: Operator: AT&T UpdateTimestamp: 86425347 CellConnectionStatus: 0
08-13 17:48:24.279 13928 13928 D cellinfo: onCellInfoChanged: LTE Cell Bands: [2] Bandwidth: 2147483647 Cell ID: 48909322 Physical Cell ID: 49 Tracking Area Code: 19980 EARFCN: 850
