08-13 17:48:24.396 13928 14041 D cellinfo: 46 bytes from 54.197.223.49: icmp_seq=6378 ttl=41 time=93.2 ms
08-13 17:48:24.511 13928 13928 D cellinfo: onsignalStrengthsChanged: LTE Signal Strength info: rsrp: -82 rsrq: -8 rssi: -51 rssnr: 17
08-13 17:48:24.511 13928 13928 D cellinfo: onsignalStrengthsChanged: 5G-NR Signal Strength info: ssrsrp: -107 ssrsrq: -12 sssinr: 11
08-13 17:48:24.611 13928 14041 D cellinfo: 46 bytes from 54.197.223.49: icmp_seq=6379 ttl=41 time=109 ms
08-13 17:48:24.814 13928 14041 D cellinfo: 46 bytes from 54.197.223.49: icmp_seq=6380 ttl=41 time=109 ms
08-13 17:48:24.999 13928 14041 D cellinfo: 46 bytes from 54.197.223.49: icmp_seq=6381 ttl=41 time=94.6 ms
08-13 17:48:25.198 13928 14041 D cellinfo: 46 bytes from 54.197.223.49: icmp_seq=6382 ttl=41 time=94.3 ms
08-13 17:48:25.401 13928 14041 D cellinfo: 46 bytes from 54.197.223.49: icmp_seq=6383 ttl=41 time=94.1 ms
08-13 17:48:25.599 13928 14041 D cellinfo: 46 bytes from 54.197.223.49: icmp_seq=6384 ttl=41 time=93.8 ms
08-13 17:48:25.799 13928 14041 D cellinfo: 46 bytes from 54.197.223.49: icmp_seq=6385 ttl=41 time=93.3 ms
08-13 17:48:26.004 13928 14041 D cellinfo: 46 bytes from 54.197.223.49: icmp_seq=6386 ttl=41 time=96.3 ms
08-13 17:48:26.153 13928 13928 D cellinfo: onsignalStrengthsChanged: LTE Signal Strength info: rsrp: -80 rsrq: -8 rssi: -51 rssnr: 18
08-13 17:48:26.153 13928 13928 D cellinfo: onsignalStrengthsChanged: 5G-NR Signal Strength info: ssrsrp: -105 ssrsrq: -12 sssinr: 11
08-13 17:48:26.203 13928 14041 D cellinfo: 46 bytes from 54.197.223.49: icmp_seq=6387 ttl=41 time=94.1 ms
08-13 17:48:26.402 13928 14041 D cellinfo: 46 bytes from 54.197.223.49: icmp_seq=6388 ttl=41 time=92.2 ms
08-13 17:48:26.611 13928 14041 D cellinfo: 46 bytes from 54.197.223.49: icmp_seq=6389 ttl=41 time=99.1 ms
08-13 17:48:26.811 13928 14041 D cellinfo: 46 bytes from 54.197.223.49: icmp_seq=6390 ttl=41 time=96.0 ms
08-13 17:48:27.008 13928 14041 D cellinfo: 46 bytes from 54.197.223.49: icmp_seq=6391 ttl=41 time=91.7 ms
08-13 17:48:27.211 13928 14041 D cellinfo: 46 bytes from 54.197.223.49: icmp_seq=6392 ttl=41 time=95.5 ms
08-13 17:48:27.234 13928 13928 D cellinfo: Latitude is 40.2053682
08-13 17:48:27.234 13928 13928 D cellinfo: Longitude is -86.5842697
08-13 17:48:27.234 13928 13928 D cellinfo: Instantaneous GPS information: United States, I-65, Frankfort, IN 46041, USA
08-13 17:48:27.234 13928 13928 D cellinfo: getCurrentLocation() result: Location (success): 40.2053682, -86.5842697
08-13 17:48:27.299 13928 13928 D cellinfo: onCellInfoChanged: Operator: AT&T UpdateTimestamp: 86428366 CellConnectionStatus: 0
08-13 17:48:27.299 13928 13928 D cellinfo: onCellInfoChanged: LTE Cell Bands: [2] Bandwidth: 2147483647 Cell ID: 48909322 Physical Cell ID: 49 Tracking Area Code: 19980 EARFCN: 850
08-13 17:48:27.419 13928 14041 D cellinfo: 46 bytes from 54.197.223.49: icmp_seq=6393 ttl=41 time=104 ms
08-13 17:48:27.510 13928 13928 D cellinfo: onsignalStrengthsChanged: LTE Signal Strength info: rsrp: -79 rsrq: -8 rssi: -51 rssnr: 19
08-13 17:48:27.510 13928 13928 D cellinfo: onsignalStrengthsChanged: 5G-NR Signal Strength info: ssrsrp: -114 ssrsrq: -14 sssinr: -1
08-13 17:48:27.618 13928 14041 D cellinfo: 46 bytes from 54.197.223.49: icmp_seq=6394 ttl=41 time=103 ms
08-13 17:48:27.833 13928 14041 D cellinfo: 46 bytes from 54.197.223.49: icmp_seq=6395 ttl=41 time=116 ms
08-13 17:48:28.019 13928 14041 D cellinfo: 46 bytes from 54.197.223.49: icmp_seq=6396 ttl=41 time=103 ms
08-13 17:48:28.230 13928 14041 D cellinfo: 46 bytes from 54.197.223.49: icmp_seq=6397 ttl=41 time=113 ms
08-13 17:48:28.369 13928 13928 D cellinfo: onServiceStateChanged: Channel Number: 850 Cell Bandwidths: [20000, 10000, 10000, 10000]
08-13 17:48:28.382 13928 13928 D cellinfo: onDisplayInfoChanged: NetworkType: LTE OverrideNetworkType: 5G (Sub-6 GHz)
08-13 17:48:28.393 13928 13928 D cellinfo: onsignalStrengthsChanged: LTE Signal Strength info: rsrp: -79 rsrq: -8 rssi: -51 rssnr: 19
08-13 17:48:28.412 13928 13928 D cellinfo: onServiceStateChanged: Channel Number: 850 Cell Bandwidths: [20000, 10000, 10000, 10000]
08-13 17:48:28.412 13928 13928 D cellinfo: onServiceStateChanged: Channel Number: 850 Cell Bandwidths: [20000, 10000, 10000, 10000]
08-13 17:48:28.451 13928 13928 D cellinfo: onServiceStateChanged: Channel Number: 850 Cell Bandwidths: [20000, 10000, 10000, 10000]
08-13 17:48:28.525 13928 14041 D cellinfo: 46 bytes from 54.197.223.49: icmp_seq=6398 ttl=41 time=209 ms
08-13 17:48:28.611 13928 14041 D cellinfo: 46 bytes from 54.197.223.49: icmp_seq=6399 ttl=41 time=86.2 ms
08-13 17:48:28.837 13928 14041 D cellinfo: 46 bytes from 54.197.223.49: icmp_seq=6400 ttl=41 time=111 ms
08-13 17:48:28.879 13928 13928 D cellinfo: onServiceStateChanged: Channel Number: 850 Cell Bandwidths: [20000, 10000, 10000, 10000]
08-13 17:48:28.889 13928 13928 D cellinfo: onDisplayInfoChanged: NetworkType: LTE OverrideNetworkType: 5G (Sub-6 GHz)
08-13 17:48:28.895 13928 13928 D cellinfo: onsignalStrengthsChanged: LTE Signal Strength info: rsrp: -78 rsrq: -8 rssi: -51 rssnr: 20
08-13 17:48:28.895 13928 13928 D cellinfo: onsignalStrengthsChanged: 5G-NR Signal Strength info: ssrsrp: -108 ssrsrq: -12 sssinr: 2147483647
08-13 17:48:28.911 13928 13928 D cellinfo: onServiceStateChanged: Channel Number: 850 Cell Bandwidths: [20000, 10000, 10000, 10000]
08-13 17:48:29.028 13928 14041 D cellinfo: 46 bytes from 54.197.223.49: icmp_seq=6401 ttl=41 time=102 ms
08-13 17:48:29.224 13928 14041 D cellinfo: 46 bytes from 54.197.223.49: icmp_seq=6402 ttl=41 time=96.8 ms
08-13 17:48:29.428 13928 14041 D cellinfo: 46 bytes from 54.197.223.49: icmp_seq=6403 ttl=41 time=100 ms
08-13 17:48:29.451 13928 13928 D cellinfo: onsignalStrengthsChanged: LTE Signal Strength info: rsrp: -78 rsrq: -8 rssi: -51 rssnr: 20
08-13 17:48:29.452 13928 13928 D cellinfo: onsignalStrengthsChanged: 5G-NR Signal Strength info: ssrsrp: -106 ssrsrq: -13 sssinr: 9
08-13 17:48:29.616 13928 14041 D cellinfo: 46 bytes from 54.197.223.49: icmp_seq=6404 ttl=41 time=86.9 ms
08-13 17:48:29.824 13928 14041 D cellinfo: 46 bytes from 54.197.223.49: icmp_seq=6405 ttl=41 time=93.6 ms
08-13 17:48:30.035 13928 14041 D cellinfo: 46 bytes from 54.197.223.49: icmp_seq=6406 ttl=41 time=104 ms
08-13 17:48:30.222 13928 14041 D cellinfo: 46 bytes from 54.197.223.49: icmp_seq=6407 ttl=41 time=92.6 ms
08-13 17:48:30.304 13928 13928 D cellinfo: onCellInfoChanged: Operator: AT&T UpdateTimestamp: 86431372 CellConnectionStatus: 0
08-13 17:48:30.304 13928 13928 D cellinfo: onCellInfoChanged: LTE Cell Bands: [2] Bandwidth: 2147483647 Cell ID: 48909322 Physical Cell ID: 49 Tracking Area Code: 19980 EARFCN: 850
08-13 17:48:30.420 13928 14041 D cellinfo: 46 bytes from 54.197.223.49: icmp_seq=6408 ttl=41 time=89.9 ms
08-13 17:48:30.628 13928 14041 D cellinfo: 46 bytes from 54.197.223.49: icmp_seq=6409 ttl=41 time=98.8 ms
08-13 17:48:30.828 13928 14041 D cellinfo: 46 bytes from 54.197.223.49: icmp_seq=6410 ttl=41 time=98.4 ms
08-13 17:48:31.023 13928 14041 D cellinfo: 46 bytes from 54.197.223.49: icmp_seq=6411 ttl=41 time=92.0 ms
08-13 17:48:31.215 13928 14041 D cellinfo: 46 bytes from 54.197.223.49: icmp_seq=6412 ttl=41 time=85.2 ms
08-13 17:48:31.423 13928 14041 D cellinfo: 46 bytes from 54.197.223.49: icmp_seq=6413 ttl=41 time=91.1 ms
08-13 17:48:31.626 13928 14041 D cellinfo: 46 bytes from 54.197.223.49: icmp_seq=6414 ttl=41 time=92.3 ms
08-13 17:48:31.837 13928 14041 D cellinfo: 46 bytes from 54.197.223.49: icmp_seq=6415 ttl=41 time=102 ms
08-13 17:48:32.021 13928 14041 D cellinfo: 46 bytes from 54.197.223.49: icmp_seq=6416 ttl=41 time=86.1 ms
08-13 17:48:32.228 13928 14041 D cellinfo: 46 bytes from 54.197.223.49: icmp_seq=6417 ttl=41 time=92.2 ms
08-13 17:48:32.424 13928 14041 D cellinfo: 46 bytes from 54.197.223.49: icmp_seq=6418 ttl=41 time=86.0 ms
08-13 17:48:32.624 13928 14041 D cellinfo: 46 bytes from 54.197.223.49: icmp_seq=6419 ttl=41 time=83.4 ms
08-13 17:48:32.736 13928 13928 D cellinfo: Latitude is 40.2029293
08-13 17:48:32.736 13928 13928 D cellinfo: Longitude is -86.5806537
08-13 17:48:32.736 13928 13928 D cellinfo: Instantaneous GPS information: United States, I-65, Frankfort, IN 46041, USA
08-13 17:48:32.736 13928 13928 D cellinfo: getCurrentLocation() result: Location (success): 40.2029293, -86.5806537
08-13 17:48:32.738 13928 13928 D cellinfo: onsignalStrengthsChanged: LTE Signal Strength info: rsrp: -77 rsrq: -8 rssi: -51 rssnr: 21
08-13 17:48:32.738 13928 13928 D cellinfo: onsignalStrengthsChanged: 5G-NR Signal Strength info: ssrsrp: -107 ssrsrq: -12 sssinr: 6
08-13 17:48:32.822 13928 14041 D cellinfo: 46 bytes from 54.197.223.49: icmp_seq=6420 ttl=41 time=81.4 ms
08-13 17:48:33.035 13928 14041 D cellinfo: 46 bytes from 54.197.223.49: icmp_seq=6421 ttl=41 time=95.1 ms
08-13 17:48:33.226 13928 14041 D cellinfo: 46 bytes from 54.197.223.49: icmp_seq=6422 ttl=41 time=86.3 ms
08-13 17:48:33.244 13928 13928 D cellinfo: Latitude is 40.2029293
08-13 17:48:33.245 13928 13928 D cellinfo: Longitude is -86.5806537
08-13 17:48:33.245 13928 13928 D cellinfo: Instantaneous GPS information: United States, I-65, Frankfort, IN 46041, USA
08-13 17:48:33.245 13928 13928 D cellinfo: getCurrentLocation() result: Location (success): 40.2029293, -86.5806537
08-13 17:48:33.289 13928 13928 D cellinfo: onCellInfoChanged: Operator: AT&T UpdateTimestamp: 86434356 CellConnectionStatus: 0
08-13 17:48:33.289 13928 13928 D cellinfo: onCellInfoChanged: LTE Cell Bands: [2] Bandwidth: 2147483647 Cell ID: 48909322 Physical Cell ID: 49 Tracking Area Code: 19980 EARFCN: 850
08-13 17:48:33.441 13928 14041 D cellinfo: 46 bytes from 54.197.223.49: icmp_seq=6423 ttl=41 time=99.4 ms
08-13 17:48:33.635 13928 14041 D cellinfo: 46 bytes from 54.197.223.49: icmp_seq=6424 ttl=41 time=92.6 ms
08-13 17:48:33.837 13928 14041 D cellinfo: 46 bytes from 54.197.223.49: icmp_seq=6425 ttl=41 time=92.9 ms
08-13 17:48:34.041 13928 14041 D cellinfo: 46 bytes from 54.197.223.49: icmp_seq=6426 ttl=41 time=96.2 ms
08-13 17:48:34.235 13928 14041 D cellinfo: 46 bytes from 54.197.223.49: icmp_seq=6427 ttl=41 time=90.5 ms
08-13 17:48:34.436 13928 14041 D cellinfo: 46 bytes from 54.197.223.49: icmp_seq=6428 ttl=41 time=91.2 ms
08-13 17:48:34.642 13928 14041 D cellinfo: 46 bytes from 54.197.223.49: icmp_seq=6429 ttl=41 time=95.6 ms
08-13 17:48:34.852 13928 14041 D cellinfo: 46 bytes from 54.197.223.49: icmp_seq=6430 ttl=41 time=105 ms
08-13 17:48:35.041 13928 14041 D cellinfo: 46 bytes from 54.197.223.49: icmp_seq=6431 ttl=41 time=96.0 ms
08-13 17:48:35.239 13928 14041 D cellinfo: 46 bytes from 54.197.223.49: icmp_seq=6432 ttl=41 time=93.9 ms
08-13 17:48:35.443 13928 14041 D cellinfo: 46 bytes from 54.197.223.49: icmp_seq=6433 ttl=41 time=94.9 ms
08-13 17:48:35.639 13928 14041 D cellinfo: 46 bytes from 54.197.223.49: icmp_seq=6434 ttl=41 time=91.4 ms
08-13 17:48:35.851 13928 14041 D cellinfo: 46 bytes from 54.197.223.49: icmp_seq=6435 ttl=41 time=101 ms
08-13 17:48:36.043 13928 14041 D cellinfo: 46 bytes from 54.197.223.49: icmp_seq=6436 ttl=41 time=94.1 ms
08-13 17:48:36.241 13928 13928 D cellinfo: Latitude is 40.2029293
08-13 17:48:36.241 13928 13928 D cellinfo: Longitude is -86.5806537
08-13 17:48:36.241 13928 13928 D cellinfo: Instantaneous GPS information: United States, I-65, Frankfort, IN 46041, USA
08-13 17:48:36.241 13928 13928 D cellinfo: getCurrentLocation() result: Location (success): 40.2029293, -86.5806537
08-13 17:48:36.246 13928 14041 D cellinfo: 46 bytes from 54.197.223.49: icmp_seq=6437 ttl=41 time=97.6 ms
08-13 17:48:36.305 13928 13928 D cellinfo: onCellInfoChanged: Operator: AT&T UpdateTimestamp: 86437371 CellConnectionStatus: 0
08-13 17:48:36.305 13928 13928 D cellinfo: onCellInfoChanged: LTE Cell Bands: [2] Bandwidth: 2147483647 Cell ID: 48909322 Physical Cell ID: 49 Tracking Area Code: 19980 EARFCN: 850
08-13 17:48:36.445 13928 14041 D cellinfo: 46 bytes from 54.197.223.49: icmp_seq=6438 ttl=41 time=96.6 ms
08-13 17:48:36.456 13928 13928 D cellinfo: onsignalStrengthsChanged: LTE Signal Strength info: rsrp: -76 rsrq: -8 rssi: -51 rssnr: 21
08-13 17:48:36.456 13928 13928 D cellinfo: onsignalStrengthsChanged: 5G-NR Signal Strength info: ssrsrp: -109 ssrsrq: -12 sssinr: 12
08-13 17:48:36.657 13928 14041 D cellinfo: 46 bytes from 54.197.223.49: icmp_seq=6439 ttl=41 time=107 ms
08-13 17:48:36.844 13928 14041 D cellinfo: 46 bytes from 54.197.223.49: icmp_seq=6440 ttl=41 time=93.8 ms
08-13 17:48:37.043 13928 14041 D cellinfo: 46 bytes from 54.197.223.49: icmp_seq=6441 ttl=41 time=92.3 ms
08-13 17:48:37.244 13928 14041 D cellinfo: 46 bytes from 54.197.223.49: icmp_seq=6442 ttl=41 time=93.4 ms
08-13 17:48:37.451 13928 14041 D cellinfo: 46 bytes from 54.197.223.49: icmp_seq=6443 ttl=41 time=99.9 ms
08-13 17:48:37.643 13928 14041 D cellinfo: 46 bytes from 54.197.223.49: icmp_seq=6444 ttl=41 time=90.9 ms
08-13 17:48:37.876 13928 14041 D cellinfo: 46 bytes from 54.197.223.49: icmp_seq=6445 ttl=41 time=123 ms
08-13 17:48:38.043 13928 14041 D cellinfo: 46 bytes from 54.197.223.49: icmp_seq=6446 ttl=41 time=90.2 ms
08-13 17:48:38.260 13928 14041 D cellinfo: 46 bytes from 54.197.223.49: icmp_seq=6447 ttl=41 time=106 ms
08-13 17:48:38.452 13928 14041 D cellinfo: 46 bytes from 54.197.223.49: icmp_seq=6448 ttl=41 time=98.1 ms
08-13 17:48:38.658 13928 14041 D cellinfo: 46 bytes from 54.197.223.49: icmp_seq=6449 ttl=41 time=102 ms
08-13 17:48:38.867 13928 14041 D cellinfo: 46 bytes from 54.197.223.49: icmp_seq=6450 ttl=41 time=110 ms
08-13 17:48:39.060 13928 14041 D cellinfo: 46 bytes from 54.197.223.49: icmp_seq=6451 ttl=41 time=102 ms
08-13 17:48:39.245 13928 13928 D cellinfo: Latitude is 40.2029293
08-13 17:48:39.245 13928 13928 D cellinfo: Longitude is -86.5806537
08-13 17:48:39.245 13928 13928 D cellinfo: Instantaneous GPS information: United States, I-65, Frankfort, IN 46041, USA
08-13 17:48:39.245 13928 13928 D cellinfo: getCurrentLocation() result: Location (success): 40.2029293, -86.5806537
08-13 17:48:39.273 13928 14041 D cellinfo: 46 bytes from 54.197.223.49: icmp_seq=6452 ttl=41 time=116 ms
08-13 17:48:39.308 13928 13928 D cellinfo: onCellInfoChanged: Operator: AT&T UpdateTimestamp: 86440372 CellConnectionStatus: 0
08-13 17:48:39.308 13928 13928 D cellinfo: onCellInfoChanged: LTE Cell Bands: [2] Bandwidth: 2147483647 Cell ID: 48909322 Physical Cell ID: 49 Tracking Area Code: 19980 EARFCN: 850
08-13 17:48:39.443 13928 14041 D cellinfo: 46 bytes from 54.197.223.49: icmp_seq=6453 ttl=41 time=85.4 ms
08-13 17:48:39.645 13928 14041 D cellinfo: 46 bytes from 54.197.223.49: icmp_seq=6454 ttl=41 time=85.2 ms
08-13 17:48:39.845 13928 14041 D cellinfo: 46 bytes from 54.197.223.49: icmp_seq=6455 ttl=41 time=84.8 ms
08-13 17:48:40.044 13928 14041 D cellinfo: 46 bytes from 54.197.223.49: icmp_seq=6456 ttl=41 time=83.2 ms
08-13 17:48:40.253 13928 14041 D cellinfo: 46 bytes from 54.197.223.49: icmp_seq=6457 ttl=41 time=92.9 ms
08-13 17:48:40.457 13928 13928 D cellinfo: onsignalStrengthsChanged: LTE Signal Strength info: rsrp: -76 rsrq: -9 rssi: -51 rssnr: 21
08-13 17:48:40.457 13928 13928 D cellinfo: onsignalStrengthsChanged: 5G-NR Signal Strength info: ssrsrp: -116 ssrsrq: -12 sssinr: 0
08-13 17:48:40.457 13928 14041 D cellinfo: 46 bytes from 54.197.223.49: icmp_seq=6458 ttl=41 time=93.0 ms
08-13 17:48:40.655 13928 14041 D cellinfo: 46 bytes from 54.197.223.49: icmp_seq=6459 ttl=41 time=92.0 ms
08-13 17:48:40.865 13928 14041 D cellinfo: 46 bytes from 54.197.223.49: icmp_seq=6460 ttl=41 time=101 ms
08-13 17:48:41.049 13928 14041 D cellinfo: 46 bytes from 54.197.223.49: icmp_seq=6461 ttl=41 time=83.5 ms
08-13 17:48:41.088 13928 13928 D cellinfo: onServiceStateChanged: Channel Number: 850 Cell Bandwidths: [20000, 10000, 10000, 10000]
08-13 17:48:41.102 13928 13928 D cellinfo: onDisplayInfoChanged: NetworkType: LTE OverrideNetworkType: 5G (Sub-6 GHz)
08-13 17:48:41.116 13928 13928 D cellinfo: onsignalStrengthsChanged: LTE Signal Strength info: rsrp: -76 rsrq: -9 rssi: -51 rssnr: 21
08-13 17:48:41.116 13928 13928 D cellinfo: onServiceStateChanged: Channel Number: 850 Cell Bandwidths: [20000, 10000, 10000, 10000]
08-13 17:48:41.133 13928 13928 D cellinfo: onServiceStateChanged: Channel Number: 850 Cell Bandwidths: [20000, 10000, 10000, 10000]
08-13 17:48:41.246 13928 14041 D cellinfo: 46 bytes from 54.197.223.49: icmp_seq=6462 ttl=41 time=80.2 ms
08-13 17:48:41.463 13928 14041 D cellinfo: 46 bytes from 54.197.223.49: icmp_seq=6463 ttl=41 time=95.7 ms
08-13 17:48:41.646 13928 14041 D cellinfo: 46 bytes from 54.197.223.49: icmp_seq=6464 ttl=41 time=78.0 ms
08-13 17:48:41.700 13928 13928 D cellinfo: onsignalStrengthsChanged: LTE Signal Strength info: rsrp: -74 rsrq: -9 rssi: -51 rssnr: 22
08-13 17:48:41.851 13928 14041 D cellinfo: 46 bytes from 54.197.223.49: icmp_seq=6465 ttl=41 time=81.7 ms
08-13 17:48:42.046 13928 14041 D cellinfo: 46 bytes from 54.197.223.49: icmp_seq=6466 ttl=41 time=77.0 ms
08-13 17:48:42.248 13928 14041 D cellinfo: 46 bytes from 54.197.223.49: icmp_seq=6467 ttl=41 time=80.6 ms
08-13 17:48:42.302 13928 13928 D cellinfo: onCellInfoChanged: Operator: AT&T UpdateTimestamp: 86443366 CellConnectionStatus: 0
08-13 17:48:42.302 13928 13928 D cellinfo: onCellInfoChanged: LTE Cell Bands: [2] Bandwidth: 2147483647 Cell ID: 48909322 Physical Cell ID: 49 Tracking Area Code: 19980 EARFCN: 850
08-13 17:48:42.445 13928 14041 D cellinfo: 46 bytes from 54.197.223.49: icmp_seq=6468 ttl=41 time=75.9 ms
08-13 17:48:42.662 13928 14041 D cellinfo: 46 bytes from 54.197.223.49: icmp_seq=6469 ttl=41 time=91.3 ms
08-13 17:48:42.855 13928 14041 D cellinfo: 46 bytes from 54.197.223.49: icmp_seq=6470 ttl=41 time=83.2 ms
08-13 17:48:43.061 13928 14041 D cellinfo: 46 bytes from 54.197.223.49: icmp_seq=6471 ttl=41 time=89.5 ms
08-13 17:48:43.254 13928 14041 D cellinfo: 46 bytes from 54.197.223.49: icmp_seq=6472 ttl=41 time=82.3 ms
08-13 17:48:43.463 13928 14041 D cellinfo: 46 bytes from 54.197.223.49: icmp_seq=6473 ttl=41 time=88.5 ms
08-13 17:48:43.648 13928 14041 D cellinfo: 46 bytes from 54.197.223.49: icmp_seq=6474 ttl=41 time=72.6 ms
08-13 17:48:43.859 13928 13928 D cellinfo: Latitude is 40.2008935
08-13 17:48:43.859 13928 13928 D cellinfo: Longitude is -86.57778
08-13 17:48:43.859 13928 13928 D cellinfo: Instantaneous GPS information: United States, I-65, Frankfort, IN 46041, USA
08-13 17:48:43.859 13928 13928 D cellinfo: getCurrentLocation() result: Location (success): 40.2008935, -86.57778
08-13 17:48:43.863 13928 14041 D cellinfo: 46 bytes from 54.197.223.49: icmp_seq=6475 ttl=41 time=84.5 ms
08-13 17:48:44.054 13928 14041 D cellinfo: 46 bytes from 54.197.223.49: icmp_seq=6476 ttl=41 time=76.4 ms
08-13 17:48:44.071 13928 13928 D cellinfo: onsignalStrengthsChanged: LTE Signal Strength info: rsrp: -73 rsrq: -9 rssi: -51 rssnr: 20
08-13 17:48:44.261 13928 14041 D cellinfo: 46 bytes from 54.197.223.49: icmp_seq=6477 ttl=41 time=84.0 ms
08-13 17:48:44.466 13928 14041 D cellinfo: 46 bytes from 54.197.223.49: icmp_seq=6478 ttl=41 time=86.3 ms
08-13 17:48:44.666 13928 14041 D cellinfo: 46 bytes from 54.197.223.49: icmp_seq=6479 ttl=41 time=86.2 ms
08-13 17:48:44.872 13928 14041 D cellinfo: 46 bytes from 54.197.223.49: icmp_seq=6480 ttl=41 time=93.8 ms
08-13 17:48:45.066 13928 14041 D cellinfo: 46 bytes from 54.197.223.49: icmp_seq=6481 ttl=41 time=85.1 ms
08-13 17:48:45.244 13928 13928 D cellinfo: Latitude is 40.2008935
08-13 17:48:45.244 13928 13928 D cellinfo: Longitude is -86.57778
08-13 17:48:45.245 13928 13928 D cellinfo: Instantaneous GPS information: United States, I-65, Frankfort, IN 46041, USA
08-13 17:48:45.245 13928 13928 D cellinfo: getCurrentLocation() result: Location (success): 40.2008935, -86.57778
08-13 17:48:45.264 13928 14041 D cellinfo: 46 bytes from 54.197.223.49: icmp_seq=6482 ttl=41 time=85.9 ms
08-13 17:48:45.290 13928 13928 D cellinfo: onCellInfoChanged: Operator: AT&T UpdateTimestamp: 86446354 CellConnectionStatus: 0
08-13 17:48:45.290 13928 13928 D cellinfo: onCellInfoChanged: LTE Cell Bands: [2] Bandwidth: 2147483647 Cell ID: 48909322 Physical Cell ID: 49 Tracking Area Code: 19980 EARFCN: 850
08-13 17:48:45.475 13928 14041 D cellinfo: 46 bytes from 54.197.223.49: icmp_seq=6483 ttl=41 time=94.5 ms
08-13 17:48:45.666 13928 14041 D cellinfo: 46 bytes from 54.197.223.49: icmp_seq=6484 ttl=41 time=83.7 ms
08-13 17:48:45.867 13928 14041 D cellinfo: 46 bytes from 54.197.223.49: icmp_seq=6485 ttl=41 time=83.3 ms
08-13 17:48:46.066 13928 14041 D cellinfo: 46 bytes from 54.197.223.49: icmp_seq=6486 ttl=41 time=81.9 ms
08-13 17:48:46.266 13928 14041 D cellinfo: 46 bytes from 54.197.223.49: icmp_seq=6487 ttl=41 time=81.3 ms
08-13 17:48:46.465 13928 14041 D cellinfo: 46 bytes from 54.197.223.49: icmp_seq=6488 ttl=41 time=80.3 ms
08-13 17:48:46.682 13928 14041 D cellinfo: 46 bytes from 54.197.223.49: icmp_seq=6489 ttl=41 time=95.2 ms
08-13 17:48:46.866 13928 14041 D cellinfo: 46 bytes from 54.197.223.49: icmp_seq=6490 ttl=41 time=77.7 ms
08-13 17:48:47.066 13928 14041 D cellinfo: 46 bytes from 54.197.223.49: icmp_seq=6491 ttl=41 time=76.5 ms
08-13 17:48:47.266 13928 14041 D cellinfo: 46 bytes from 54.197.223.49: icmp_seq=6492 ttl=41 time=77.1 ms
08-13 17:48:47.466 13928 14041 D cellinfo: 46 bytes from 54.197.223.49: icmp_seq=6493 ttl=41 time=76.1 ms
08-13 17:48:47.674 13928 14041 D cellinfo: 46 bytes from 54.197.223.49: icmp_seq=6494 ttl=41 time=85.2 ms
08-13 17:48:47.696 13928 13928 D cellinfo: onsignalStrengthsChanged: LTE Signal Strength info: rsrp: -71 rsrq: -9 rssi: -51 rssnr: 17
08-13 17:48:47.874 13928 14041 D cellinfo: 46 bytes from 54.197.223.49: icmp_seq=6495 ttl=41 time=84.2 ms
08-13 17:48:48.074 13928 14041 D cellinfo: 46 bytes from 54.197.223.49: icmp_seq=6496 ttl=41 time=83.1 ms
08-13 17:48:48.233 13928 13928 D cellinfo: Latitude is 40.2008935
08-13 17:48:48.233 13928 13928 D cellinfo: Longitude is -86.57778
08-13 17:48:48.233 13928 13928 D cellinfo: Instantaneous GPS information: United States, I-65, Frankfort, IN 46041, USA
08-13 17:48:48.233 13928 13928 D cellinfo: getCurrentLocation() result: Location (success): 40.2008935, -86.57778
08-13 17:48:48.275 13928 14041 D cellinfo: 46 bytes from 54.197.223.49: icmp_seq=6497 ttl=41 time=83.7 ms
08-13 17:48:48.286 13928 13928 D cellinfo: onCellInfoChanged: Operator: AT&T UpdateTimestamp: 86449348 CellConnectionStatus: 0
08-13 17:48:48.286 13928 13928 D cellinfo: onCellInfoChanged: LTE Cell Bands: [2] Bandwidth: 2147483647 Cell ID: 48909322 Physical Cell ID: 49 Tracking Area Code: 19980 EARFCN: 850
08-13 17:48:48.475 13928 14041 D cellinfo: 46 bytes from 54.197.223.49: icmp_seq=6498 ttl=41 time=83.4 ms
08-13 17:48:48.676 13928 14041 D cellinfo: 46 bytes from 54.197.223.49: icmp_seq=6499 ttl=41 time=83.1 ms
08-13 17:48:48.891 13928 14041 D cellinfo: 46 bytes from 54.197.223.49: icmp_seq=6500 ttl=41 time=98.1 ms
08-13 17:48:49.075 13928 14041 D cellinfo: 46 bytes from 54.197.223.49: icmp_seq=6501 ttl=41 time=81.6 ms
08-13 17:48:49.291 13928 14041 D cellinfo: 46 bytes from 54.197.223.49: icmp_seq=6502 ttl=41 time=98.3 ms
08-13 17:48:49.476 13928 14041 D cellinfo: 46 bytes from 54.197.223.49: icmp_seq=6503 ttl=41 time=81.9 ms
08-13 17:48:49.691 13928 14041 D cellinfo: 46 bytes from 54.197.223.49: icmp_seq=6504 ttl=41 time=97.0 ms
08-13 17:48:49.877 13928 14041 D cellinfo: 46 bytes from 54.197.223.49: icmp_seq=6505 ttl=41 time=80.7 ms
08-13 17:48:50.218 13928 14041 D cellinfo: 46 bytes from 54.197.223.49: icmp_seq=6506 ttl=41 time=220 ms
08-13 17:48:50.301 13928 13928 D cellinfo: onServiceStateChanged: Channel Number: 850 Cell Bandwidths: [20000, 10000, 10000, 10000]
08-13 17:48:50.358 13928 14041 D cellinfo: 46 bytes from 54.197.223.49: icmp_seq=6507 ttl=41 time=161 ms
08-13 17:48:50.484 13928 14041 D cellinfo: 46 bytes from 54.197.223.49: icmp_seq=6508 ttl=41 time=85.5 ms
08-13 17:48:50.714 13928 13928 D cellinfo: onServiceStateChanged: Channel Number: 850 Cell Bandwidths: [20000, 10000, 10000, 10000]
08-13 17:48:50.717 13928 13928 D cellinfo: onDisplayInfoChanged: NetworkType: LTE OverrideNetworkType: 5G (Sub-6 GHz)
08-13 17:48:50.735 13928 14041 D cellinfo: 46 bytes from 54.197.223.49: icmp_seq=6509 ttl=41 time=137 ms
08-13 17:48:50.803 13928 13928 D cellinfo: onsignalStrengthsChanged: LTE Signal Strength info: rsrp: -71 rsrq: -9 rssi: -51 rssnr: 13
08-13 17:48:50.803 13928 13928 D cellinfo: onsignalStrengthsChanged: 5G-NR Signal Strength info: ssrsrp: -112 ssrsrq: -14 sssinr: 2147483647
08-13 17:48:50.820 13928 13928 D cellinfo: onServiceStateChanged: Channel Number: 850 Cell Bandwidths: [20000, 10000, 10000, 10000]
08-13 17:48:50.882 13928 14041 D cellinfo: 46 bytes from 54.197.223.49: icmp_seq=6510 ttl=41 time=83.2 ms
08-13 17:48:51.031 13928 13928 D cellinfo: onServiceStateChanged: Channel Number: 850 Cell Bandwidths: [20000, 10000, 10000, 10000]
08-13 17:48:51.040 13928 13928 D cellinfo: onServiceStateChanged: Channel Number: 850 Cell Bandwidths: [20000, 10000, 10000, 10000]
08-13 17:48:51.057 13928 13928 D cellinfo: onCellInfoChanged: Operator: AT&T UpdateTimestamp: 86452120 CellConnectionStatus: 0
08-13 17:48:51.057 13928 13928 D cellinfo: onCellInfoChanged: LTE Cell Bands: [2] Bandwidth: 2147483647 Cell ID: 48909321 Physical Cell ID: 389 Tracking Area Code: 19980 EARFCN: 850
08-13 17:48:51.080 13928 13928 D cellinfo: onServiceStateChanged: Channel Number: 850 Cell Bandwidths: []
08-13 17:48:51.098 13928 14041 D cellinfo: 46 bytes from 54.197.223.49: icmp_seq=6511 ttl=41 time=96.8 ms
08-13 17:48:51.237 13928 13928 D cellinfo: Latitude is 40.2008935
08-13 17:48:51.237 13928 13928 D cellinfo: Longitude is -86.57778
08-13 17:48:51.237 13928 13928 D cellinfo: Instantaneous GPS information: United States, I-65, Frankfort, IN 46041, USA
08-13 17:48:51.237 13928 13928 D cellinfo: getCurrentLocation() result: Location (success): 40.2008935, -86.57778
08-13 17:48:51.272 13928 13928 D cellinfo: onsignalStrengthsChanged: LTE Signal Strength info: rsrp: -71 rsrq: -9 rssi: -51 rssnr: 13
08-13 17:48:51.272 13928 13928 D cellinfo: onsignalStrengthsChanged: 5G-NR Signal Strength info: ssrsrp: -115 ssrsrq: -15 sssinr: -1
08-13 17:48:51.301 13928 14041 D cellinfo: 46 bytes from 54.197.223.49: icmp_seq=6512 ttl=41 time=102 ms
08-13 17:48:51.366 13928 13928 D cellinfo: onCellInfoChanged: Operator: AT&T UpdateTimestamp: 86452429 CellConnectionStatus: 0
08-13 17:48:51.366 13928 13928 D cellinfo: onCellInfoChanged: LTE Cell Bands: [2] Bandwidth: 2147483647 Cell ID: 48909321 Physical Cell ID: 389 Tracking Area Code: 19980 EARFCN: 850
08-13 17:48:51.501 13928 14041 D cellinfo: 46 bytes from 54.197.223.49: icmp_seq=6513 ttl=41 time=102 ms
08-13 17:48:51.889 13928 14041 D cellinfo: 46 bytes from 54.197.223.49: icmp_seq=6515 ttl=41 time=78.9 ms
08-13 17:48:51.894 13928 13928 D cellinfo: onServiceStateChanged: Channel Number: 850 Cell Bandwidths: [20000, 0]
08-13 17:48:52.034 13928 13928 D cellinfo: onServiceStateChanged: Channel Number: 850 Cell Bandwidths: [20000, 10000, 10000, 10000]
08-13 17:48:52.048 13928 13928 D cellinfo: onDisplayInfoChanged: NetworkType: LTE OverrideNetworkType: 5G (Sub-6 GHz)
08-13 17:48:52.060 13928 13928 D cellinfo: onsignalStrengthsChanged: LTE Signal Strength info: rsrp: -71 rsrq: -9 rssi: -51 rssnr: 13
08-13 17:48:52.077 13928 13928 D cellinfo: onServiceStateChanged: Channel Number: 850 Cell Bandwidths: [20000, 10000, 10000, 10000]
08-13 17:48:52.077 13928 13928 D cellinfo: onServiceStateChanged: Channel Number: 850 Cell Bandwidths: [20000, 10000, 10000, 10000]
08-13 17:48:52.085 13928 13928 D cellinfo: onServiceStateChanged: Channel Number: 850 Cell Bandwidths: [20000, 10000, 10000, 10000]
08-13 17:48:52.129 13928 14041 D cellinfo: 46 bytes from 54.197.223.49: icmp_seq=6516 ttl=41 time=118 ms
08-13 17:48:52.296 13928 14041 D cellinfo: 46 bytes from 54.197.223.49: icmp_seq=6517 ttl=41 time=84.6 ms
08-13 17:48:52.489 13928 13928 D cellinfo: onServiceStateChanged: Channel Number: 850 Cell Bandwidths: [20000, 10000, 10000, 10000]
08-13 17:48:52.495 13928 13928 D cellinfo: onDisplayInfoChanged: NetworkType: LTE OverrideNetworkType: 5G (Sub-6 GHz)
08-13 17:48:52.508 13928 14041 D cellinfo: 46 bytes from 54.197.223.49: icmp_seq=6518 ttl=41 time=96.2 ms
08-13 17:48:52.573 13928 13928 D cellinfo: onsignalStrengthsChanged: LTE Signal Strength info: rsrp: -71 rsrq: -9 rssi: -51 rssnr: 13
08-13 17:48:52.573 13928 13928 D cellinfo: onsignalStrengthsChanged: 5G-NR Signal Strength info: ssrsrp: -112 ssrsrq: -13 sssinr: 2147483647
08-13 17:48:52.580 13928 13928 D cellinfo: onServiceStateChanged: Channel Number: 850 Cell Bandwidths: [20000, 10000, 10000, 10000]
08-13 17:48:52.697 13928 14041 D cellinfo: 46 bytes from 54.197.223.49: icmp_seq=6519 ttl=41 time=84.7 ms
08-13 17:48:52.914 13928 14041 D cellinfo: 46 bytes from 54.197.223.49: icmp_seq=6520 ttl=41 time=100 ms
08-13 17:48:53.056 13928 13928 D cellinfo: onsignalStrengthsChanged: LTE Signal Strength info: rsrp: -71 rsrq: -9 rssi: -51 rssnr: 12
08-13 17:48:53.056 13928 13928 D cellinfo: onsignalStrengthsChanged: 5G-NR Signal Strength info: ssrsrp: -115 ssrsrq: -14 sssinr: 2
08-13 17:48:53.121 13928 14041 D cellinfo: 46 bytes from 54.197.223.49: icmp_seq=6521 ttl=41 time=106 ms
08-13 17:48:53.320 13928 14041 D cellinfo: 46 bytes from 54.197.223.49: icmp_seq=6522 ttl=41 time=106 ms
08-13 17:48:53.500 13928 14041 D cellinfo: 46 bytes from 54.197.223.49: icmp_seq=6523 ttl=41 time=84.9 ms
08-13 17:48:53.700 13928 14041 D cellinfo: 46 bytes from 54.197.223.49: icmp_seq=6524 ttl=41 time=84.0 ms
08-13 17:48:53.912 13928 14041 D cellinfo: 46 bytes from 54.197.223.49: icmp_seq=6525 ttl=41 time=95.3 ms
08-13 17:48:54.050 13928 13928 D cellinfo: onsignalStrengthsChanged: LTE Signal Strength info: rsrp: -72 rsrq: -9 rssi: -51 rssnr: 12
08-13 17:48:54.050 13928 13928 D cellinfo: onsignalStrengthsChanged: 5G-NR Signal Strength info: ssrsrp: -114 ssrsrq: -14 sssinr: 2
08-13 17:48:54.103 13928 13928 D cellinfo: onCellInfoChanged: Operator: AT&T UpdateTimestamp: 86455168 CellConnectionStatus: 0
08-13 17:48:54.103 13928 13928 D cellinfo: onCellInfoChanged: LTE Cell Bands: [2] Bandwidth: 2147483647 Cell ID: 48909321 Physical Cell ID: 389 Tracking Area Code: 19980 EARFCN: 850
08-13 17:48:54.116 13928 14041 D cellinfo: 46 bytes from 54.197.223.49: icmp_seq=6526 ttl=41 time=98.4 ms
08-13 17:48:54.325 13928 14041 D cellinfo: 46 bytes from 54.197.223.49: icmp_seq=6527 ttl=41 time=105 ms
08-13 17:48:54.504 13928 14041 D cellinfo: 46 bytes from 54.197.223.49: icmp_seq=6528 ttl=41 time=84.5 ms
08-13 17:48:54.716 13928 14041 D cellinfo: 46 bytes from 54.197.223.49: icmp_seq=6529 ttl=41 time=95.1 ms
08-13 17:48:54.952 13928 14041 D cellinfo: 46 bytes from 54.197.223.49: icmp_seq=6530 ttl=41 time=128 ms
08-13 17:48:55.058 13928 13928 D cellinfo: onsignalStrengthsChanged: LTE Signal Strength info: rsrp: -72 rsrq: -9 rssi: -51 rssnr: 12
08-13 17:48:55.058 13928 13928 D cellinfo: onsignalStrengthsChanged: 5G-NR Signal Strength info: ssrsrp: -117 ssrsrq: -13 sssinr: 1
08-13 17:48:55.132 13928 14041 D cellinfo: 46 bytes from 54.197.223.49: icmp_seq=6531 ttl=41 time=108 ms
08-13 17:48:55.271 13928 13928 D cellinfo: onsignalStrengthsChanged: LTE Signal Strength info: rsrp: -74 rsrq: -9 rssi: -51 rssnr: 11
08-13 17:48:55.271 13928 13928 D cellinfo: onsignalStrengthsChanged: 5G-NR Signal Strength info: ssrsrp: -117 ssrsrq: -13 sssinr: 1
08-13 17:48:55.322 13928 14041 D cellinfo: 46 bytes from 54.197.223.49: icmp_seq=6532 ttl=41 time=96.2 ms
08-13 17:48:55.520 13928 14041 D cellinfo: 46 bytes from 54.197.223.49: icmp_seq=6533 ttl=41 time=96.8 ms
08-13 17:48:55.727 13928 14041 D cellinfo: 46 bytes from 54.197.223.49: icmp_seq=6534 ttl=41 time=101 ms
08-13 17:48:55.922 13928 14041 D cellinfo: 46 bytes from 54.197.223.49: icmp_seq=6535 ttl=41 time=96.7 ms
08-13 17:48:56.055 13928 13928 D cellinfo: onsignalStrengthsChanged: LTE Signal Strength info: rsrp: -74 rsrq: -9 rssi: -51 rssnr: 11
08-13 17:48:56.055 13928 13928 D cellinfo: onsignalStrengthsChanged: 5G-NR Signal Strength info: ssrsrp: -116 ssrsrq: -13 sssinr: 0
08-13 17:48:56.145 13928 14041 D cellinfo: 46 bytes from 54.197.223.49: icmp_seq=6536 ttl=41 time=119 ms
08-13 17:48:56.336 13928 14041 D cellinfo: 46 bytes from 54.197.223.49: icmp_seq=6537 ttl=41 time=107 ms
08-13 17:48:56.506 13928 14041 D cellinfo: 46 bytes from 54.197.223.49: icmp_seq=6538 ttl=41 time=74.7 ms
08-13 17:48:56.714 13928 13928 D cellinfo: Latitude is 40.1977749
08-13 17:48:56.714 13928 13928 D cellinfo: Longitude is -86.5743764
08-13 17:48:56.714 13928 13928 D cellinfo: Instantaneous GPS information: United States, I-65, Frankfort, IN 46041, USA
08-13 17:48:56.714 13928 13928 D cellinfo: getCurrentLocation() result: Location (success): 40.1977749, -86.5743764
08-13 17:48:56.716 13928 13928 D cellinfo: onServiceStateChanged: Channel Number: 850 Cell Bandwidths: [20000, 10000, 10000, 10000]
08-13 17:48:56.717 13928 13928 D cellinfo: onDisplayInfoChanged: NetworkType: LTE OverrideNetworkType: 5G (Sub-6 GHz)
08-13 17:48:56.717 13928 13928 D cellinfo: onsignalStrengthsChanged: LTE Signal Strength info: rsrp: -74 rsrq: -9 rssi: -51 rssnr: 11
08-13 17:48:56.717 13928 13928 D cellinfo: onServiceStateChanged: Channel Number: 850 Cell Bandwidths: [20000, 10000, 10000, 10000]
08-13 17:48:56.717 13928 13928 D cellinfo: onServiceStateChanged: Channel Number: 850 Cell Bandwidths: [20000, 10000, 10000, 10000]
08-13 17:48:56.717 13928 13928 D cellinfo: onsignalStrengthsChanged: LTE Signal Strength info: rsrp: -72 rsrq: -9 rssi: -51 rssnr: 12
08-13 17:48:56.722 13928 14041 D cellinfo: 46 bytes from 54.197.223.49: icmp_seq=6539 ttl=41 time=91.2 ms
08-13 17:48:56.904 13928 14041 D cellinfo: 46 bytes from 54.197.223.49: icmp_seq=6540 ttl=41 time=73.6 ms
08-13 17:48:57.122 13928 14041 D cellinfo: 46 bytes from 54.197.223.49: icmp_seq=6541 ttl=41 time=88.9 ms
08-13 17:48:57.239 13928 13928 D cellinfo: Latitude is 40.1977749
08-13 17:48:57.239 13928 13928 D cellinfo: Longitude is -86.5743764
08-13 17:48:57.239 13928 13928 D cellinfo: Instantaneous GPS information: United States, I-65, Frankfort, IN 46041, USA
08-13 17:48:57.239 13928 13928 D cellinfo: getCurrentLocation() result: Location (success): 40.1977749, -86.5743764
08-13 17:48:57.282 13928 13928 D cellinfo: onCellInfoChanged: Operator: AT&T UpdateTimestamp: 86458350 CellConnectionStatus: 0
08-13 17:48:57.282 13928 13928 D cellinfo: onCellInfoChanged: LTE Cell Bands: [2] Bandwidth: 2147483647 Cell ID: 48909321 Physical Cell ID: 389 Tracking Area Code: 19980 EARFCN: 850
08-13 17:48:57.319 13928 14041 D cellinfo: 46 bytes from 54.197.223.49: icmp_seq=6542 ttl=41 time=85.2 ms
08-13 17:48:57.522 13928 14041 D cellinfo: 46 bytes from 54.197.223.49: icmp_seq=6543 ttl=41 time=87.6 ms
08-13 17:48:57.719 13928 14041 D cellinfo: 46 bytes from 54.197.223.49: icmp_seq=6544 ttl=41 time=83.9 ms
08-13 17:48:57.921 13928 14041 D cellinfo: 46 bytes from 54.197.223.49: icmp_seq=6545 ttl=41 time=85.5 ms
08-13 17:48:58.120 13928 14041 D cellinfo: 46 bytes from 54.197.223.49: icmp_seq=6546 ttl=41 time=83.0 ms
08-13 17:48:58.328 13928 14041 D cellinfo: 46 bytes from 54.197.223.49: icmp_seq=6547 ttl=41 time=91.3 ms
08-13 17:48:58.519 13928 14041 D cellinfo: 46 bytes from 54.197.223.49: icmp_seq=6548 ttl=41 time=81.4 ms
08-13 17:48:58.721 13928 14041 D cellinfo: 46 bytes from 54.197.223.49: icmp_seq=6549 ttl=41 time=82.1 ms
08-13 17:48:58.913 13928 14041 D cellinfo: 46 bytes from 54.197.223.49: icmp_seq=6550 ttl=41 time=72.5 ms
08-13 17:48:59.121 13928 14041 D cellinfo: 46 bytes from 54.197.223.49: icmp_seq=6551 ttl=41 time=80.3 ms
08-13 17:48:59.313 13928 14041 D cellinfo: 46 bytes from 54.197.223.49: icmp_seq=6552 ttl=41 time=70.5 ms
08-13 17:48:59.521 13928 14041 D cellinfo: 46 bytes from 54.197.223.49: icmp_seq=6553 ttl=41 time=78.4 ms
08-13 17:48:59.718 13928 14041 D cellinfo: 46 bytes from 54.197.223.49: icmp_seq=6554 ttl=41 time=75.0 ms
08-13 17:48:59.920 13928 14041 D cellinfo: 46 bytes from 54.197.223.49: icmp_seq=6555 ttl=41 time=77.1 ms
08-13 17:49:00.129 13928 14041 D cellinfo: 46 bytes from 54.197.223.49: icmp_seq=6556 ttl=41 time=84.6 ms
08-13 17:49:00.242 13928 13928 D cellinfo: Latitude is 40.1977749
08-13 17:49:00.242 13928 13928 D cellinfo: Longitude is -86.5743764
08-13 17:49:00.242 13928 13928 D cellinfo: Instantaneous GPS information: United States, I-65, Frankfort, IN 46041, USA
08-13 17:49:00.242 13928 13928 D cellinfo: getCurrentLocation() result: Location (success): 40.1977749, -86.5743764
08-13 17:49:00.290 13928 13928 D cellinfo: onCellInfoChanged: Operator: AT&T UpdateTimestamp: 86461358 CellConnectionStatus: 0
08-13 17:49:00.290 13928 13928 D cellinfo: onCellInfoChanged: LTE Cell Bands: [2] Bandwidth: 2147483647 Cell ID: 48909321 Physical Cell ID: 389 Tracking Area Code: 19980 EARFCN: 850
08-13 17:49:00.338 13928 14041 D cellinfo: 46 bytes from 54.197.223.49: icmp_seq=6557 ttl=41 time=92.4 ms
08-13 17:49:00.529 13928 14041 D cellinfo: 46 bytes from 54.197.223.49: icmp_seq=6558 ttl=41 time=82.2 ms
08-13 17:49:00.729 13928 14041 D cellinfo: 46 bytes from 54.197.223.49: icmp_seq=6559 ttl=41 time=80.1 ms
08-13 17:49:00.931 13928 14041 D cellinfo: 46 bytes from 54.197.223.49: icmp_seq=6560 ttl=41 time=79.5 ms
08-13 17:49:01.131 13928 14041 D cellinfo: 46 bytes from 54.197.223.49: icmp_seq=6561 ttl=41 time=78.3 ms
08-13 17:49:01.330 13928 14041 D cellinfo: 46 bytes from 54.197.223.49: icmp_seq=6562 ttl=41 time=76.2 ms
08-13 17:49:01.539 13928 14041 D cellinfo: 46 bytes from 54.197.223.49: icmp_seq=6563 ttl=41 time=85.4 ms
08-13 17:49:01.763 13928 14041 D cellinfo: 46 bytes from 54.197.223.49: icmp_seq=6564 ttl=41 time=106 ms
08-13 17:49:01.940 13928 14041 D cellinfo: 46 bytes from 54.197.223.49: icmp_seq=6565 ttl=41 time=84.0 ms
08-13 17:49:02.136 13928 14041 D cellinfo: 46 bytes from 54.197.223.49: icmp_seq=6566 ttl=41 time=80.5 ms
08-13 17:49:02.340 13928 14041 D cellinfo: 46 bytes from 54.197.223.49: icmp_seq=6567 ttl=41 time=82.8 ms
08-13 17:49:02.563 13928 14041 D cellinfo: 46 bytes from 54.197.223.49: icmp_seq=6568 ttl=41 time=104 ms
08-13 17:49:02.705 13928 13928 D cellinfo: onsignalStrengthsChanged: LTE Signal Strength info: rsrp: -72 rsrq: -9 rssi: -55 rssnr: 15
08-13 17:49:02.742 13928 14041 D cellinfo: 46 bytes from 54.197.223.49: icmp_seq=6569 ttl=41 time=83.6 ms
08-13 17:49:02.826 13928 13928 D cellinfo: onServiceStateChanged: Channel Number: 850 Cell Bandwidths: [20000, 10000, 10000, 10000]
08-13 17:49:02.951 13928 14041 D cellinfo: 46 bytes from 54.197.223.49: icmp_seq=6570 ttl=41 time=93.5 ms
08-13 17:49:03.171 13928 14041 D cellinfo: 46 bytes from 54.197.223.49: icmp_seq=6571 ttl=41 time=111 ms
08-13 17:49:03.251 13928 13928 D cellinfo: onServiceStateChanged: Channel Number: 850 Cell Bandwidths: [20000, 10000, 10000, 10000]
08-13 17:49:03.257 13928 13928 D cellinfo: Latitude is 40.1977749
08-13 17:49:03.257 13928 13928 D cellinfo: Longitude is -86.5743764
08-13 17:49:03.257 13928 13928 D cellinfo: Instantaneous GPS information: United States, I-65, Frankfort, IN 46041, USA
08-13 17:49:03.258 13928 13928 D cellinfo: getCurrentLocation() result: Location (success): 40.1977749, -86.5743764
08-13 17:49:03.270 13928 13928 D cellinfo: onDisplayInfoChanged: NetworkType: LTE OverrideNetworkType: 5G (Sub-6 GHz)
08-13 17:49:03.290 13928 13928 D cellinfo: onsignalStrengthsChanged: LTE Signal Strength info: rsrp: -72 rsrq: -9 rssi: -55 rssnr: 15
08-13 17:49:03.297 13928 13928 D cellinfo: onServiceStateChanged: Channel Number: 850 Cell Bandwidths: [20000, 10000, 10000, 10000]
08-13 17:49:03.339 13928 14041 D cellinfo: 46 bytes from 54.197.223.49: icmp_seq=6572 ttl=41 time=80.4 ms
08-13 17:49:03.351 13928 13928 D cellinfo: onServiceStateChanged: Channel Number: 850 Cell Bandwidths: [20000, 10000, 10000, 10000]
08-13 17:49:03.356 13928 13928 D cellinfo: onsignalStrengthsChanged: LTE Signal Strength info: rsrp: -72 rsrq: -9 rssi: -55 rssnr: 15
08-13 17:49:03.364 13928 13928 D cellinfo: onServiceStateChanged: Channel Number: 850 Cell Bandwidths: [20000, 10000, 10000, 10000]
08-13 17:49:03.372 13928 13928 D cellinfo: onServiceStateChanged: Channel Number: 850 Cell Bandwidths: [20000, 10000, 10000, 10000]
08-13 17:49:03.378 13928 13928 D cellinfo: onCellInfoChanged: Operator: AT&T UpdateTimestamp: 86464412 CellConnectionStatus: 0
08-13 17:49:03.378 13928 13928 D cellinfo: onCellInfoChanged: LTE Cell Bands: [2] Bandwidth: 2147483647 Cell ID: 48909321 Physical Cell ID: 389 Tracking Area Code: 19980 EARFCN: 850
08-13 17:49:03.380 13928 13928 D cellinfo: onDisplayInfoChanged: NetworkType: LTE OverrideNetworkType: 5G (Sub-6 GHz)
08-13 17:49:03.542 13928 14041 D cellinfo: 46 bytes from 54.197.223.49: icmp_seq=6573 ttl=41 time=82.4 ms
08-13 17:49:03.733 13928 14041 D cellinfo: 46 bytes from 54.197.223.49: icmp_seq=6574 ttl=41 time=70.7 ms
08-13 17:49:03.942 13928 14041 D cellinfo: 46 bytes from 54.197.223.49: icmp_seq=6575 ttl=41 time=79.2 ms
08-13 17:49:04.151 13928 14041 D cellinfo: 46 bytes from 54.197.223.49: icmp_seq=6576 ttl=41 time=87.6 ms
08-13 17:49:04.232 13928 13928 D cellinfo: onsignalStrengthsChanged: LTE Signal Strength info: rsrp: -74 rsrq: -10 rssi: -57 rssnr: 14
08-13 17:49:04.350 13928 14041 D cellinfo: 46 bytes from 54.197.223.49: icmp_seq=6577 ttl=41 time=85.6 ms
08-13 17:49:04.550 13928 14041 D cellinfo: 46 bytes from 54.197.223.49: icmp_seq=6578 ttl=41 time=85.1 ms
08-13 17:49:04.741 13928 14041 D cellinfo: 46 bytes from 54.197.223.49: icmp_seq=6579 ttl=41 time=74.7 ms
08-13 17:49:04.937 13928 14041 D cellinfo: 46 bytes from 54.197.223.49: icmp_seq=6580 ttl=41 time=70.5 ms
08-13 17:49:05.149 13928 14041 D cellinfo: 46 bytes from 54.197.223.49: icmp_seq=6581 ttl=41 time=81.4 ms
08-13 17:49:05.349 13928 14041 D cellinfo: 46 bytes from 54.197.223.49: icmp_seq=6582 ttl=41 time=80.4 ms
08-13 17:49:05.542 13928 14041 D cellinfo: 46 bytes from 54.197.223.49: icmp_seq=6583 ttl=41 time=72.4 ms
08-13 17:49:05.700 13928 13928 D cellinfo: onsignalStrengthsChanged: LTE Signal Strength info: rsrp: -75 rsrq: -10 rssi: -53 rssnr: 13
08-13 17:49:05.742 13928 14041 D cellinfo: 46 bytes from 54.197.223.49: icmp_seq=6584 ttl=41 time=71.6 ms
08-13 17:49:05.942 13928 14041 D cellinfo: 46 bytes from 54.197.223.49: icmp_seq=6585 ttl=41 time=70.8 ms
08-13 17:49:06.150 13928 14041 D cellinfo: 46 bytes from 54.197.223.49: icmp_seq=6586 ttl=41 time=77.5 ms
08-13 17:49:06.284 13928 13928 D cellinfo: onCellInfoChanged: Operator: AT&T UpdateTimestamp: 86467350 CellConnectionStatus: 0
08-13 17:49:06.285 13928 13928 D cellinfo: onCellInfoChanged: LTE Cell Bands: [2] Bandwidth: 2147483647 Cell ID: 48909321 Physical Cell ID: 389 Tracking Area Code: 19980 EARFCN: 850
08-13 17:49:06.349 13928 14041 D cellinfo: 46 bytes from 54.197.223.49: icmp_seq=6587 ttl=41 time=76.6 ms
08-13 17:49:06.548 13928 14041 D cellinfo: 46 bytes from 54.197.223.49: icmp_seq=6588 ttl=41 time=74.6 ms
08-13 17:49:06.747 13928 14041 D cellinfo: 46 bytes from 54.197.223.49: icmp_seq=6589 ttl=41 time=72.0 ms
08-13 17:49:06.969 13928 14041 D cellinfo: 46 bytes from 54.197.223.49: icmp_seq=6590 ttl=41 time=92.1 ms
08-13 17:49:07.160 13928 14041 D cellinfo: 46 bytes from 54.197.223.49: icmp_seq=6591 ttl=41 time=81.5 ms
08-13 17:49:07.382 13928 14041 D cellinfo: 46 bytes from 54.197.223.49: icmp_seq=6592 ttl=41 time=103 ms
08-13 17:49:07.550 13928 14041 D cellinfo: 46 bytes from 54.197.223.49: icmp_seq=6593 ttl=41 time=70.2 ms
08-13 17:49:07.768 13928 14041 D cellinfo: 46 bytes from 54.197.223.49: icmp_seq=6594 ttl=41 time=87.9 ms
08-13 17:49:07.960 13928 14041 D cellinfo: 46 bytes from 54.197.223.49: icmp_seq=6595 ttl=41 time=78.0 ms
08-13 17:49:08.169 13928 14041 D cellinfo: 46 bytes from 54.197.223.49: icmp_seq=6596 ttl=41 time=87.3 ms
08-13 17:49:08.359 13928 14041 D cellinfo: 46 bytes from 54.197.223.49: icmp_seq=6597 ttl=41 time=73.8 ms
08-13 17:49:08.561 13928 14041 D cellinfo: 46 bytes from 54.197.223.49: icmp_seq=6598 ttl=41 time=73.8 ms
08-13 17:49:08.640 13928 13928 D cellinfo: Latitude is 40.1944004
08-13 17:49:08.640 13928 13928 D cellinfo: Longitude is -86.5714115
08-13 17:49:08.640 13928 13928 D cellinfo: Instantaneous GPS information: United States, 6380 S County Rd 350 W, Frankfort, IN 46041, USA
08-13 17:49:08.640 13928 13928 D cellinfo: getCurrentLocation() result: Location (success): 40.1944004, -86.5714115
08-13 17:49:08.763 13928 14041 D cellinfo: 46 bytes from 54.197.223.49: icmp_seq=6599 ttl=41 time=75.1 ms
08-13 17:49:08.983 13928 14041 D cellinfo: 46 bytes from 54.197.223.49: icmp_seq=6600 ttl=41 time=95.6 ms
08-13 17:49:09.170 13928 14041 D cellinfo: 46 bytes from 54.197.223.49: icmp_seq=6601 ttl=41 time=81.3 ms
08-13 17:49:09.243 13928 13928 D cellinfo: Latitude is 40.1944004
08-13 17:49:09.243 13928 13928 D cellinfo: Longitude is -86.5714115
08-13 17:49:09.243 13928 13928 D cellinfo: Instantaneous GPS information: United States, 6380 S County Rd 350 W, Frankfort, IN 46041, USA
08-13 17:49:09.243 13928 13928 D cellinfo: getCurrentLocation() result: Location (success): 40.1944004, -86.5714115
08-13 17:49:09.302 13928 13928 D cellinfo: onCellInfoChanged: Operator: AT&T UpdateTimestamp: 86470368 CellConnectionStatus: 0
08-13 17:49:09.302 13928 13928 D cellinfo: onCellInfoChanged: LTE Cell Bands: [2] Bandwidth: 2147483647 Cell ID: 48909321 Physical Cell ID: 389 Tracking Area Code: 19980 EARFCN: 850
08-13 17:49:09.381 13928 14041 D cellinfo: 46 bytes from 54.197.223.49: icmp_seq=6602 ttl=41 time=92.4 ms
08-13 17:49:09.578 13928 14041 D cellinfo: 46 bytes from 54.197.223.49: icmp_seq=6603 ttl=41 time=88.4 ms
08-13 17:49:09.783 13928 14041 D cellinfo: 46 bytes from 54.197.223.49: icmp_seq=6604 ttl=41 time=91.8 ms
08-13 17:49:09.977 13928 14041 D cellinfo: 46 bytes from 54.197.223.49: icmp_seq=6605 ttl=41 time=86.6 ms
08-13 17:49:10.183 13928 14041 D cellinfo: 46 bytes from 54.197.223.49: icmp_seq=6606 ttl=41 time=90.8 ms
08-13 17:49:10.371 13928 14041 D cellinfo: 46 bytes from 54.197.223.49: icmp_seq=6607 ttl=41 time=77.0 ms
08-13 17:49:10.581 13928 14041 D cellinfo: 46 bytes from 54.197.223.49: icmp_seq=6608 ttl=41 time=87.8 ms
08-13 17:49:10.769 13928 14041 D cellinfo: 46 bytes from 54.197.223.49: icmp_seq=6609 ttl=41 time=73.4 ms
08-13 17:49:10.949 13928 13928 D cellinfo: onsignalStrengthsChanged: LTE Signal Strength info: rsrp: -81 rsrq: -11 rssi: -59 rssnr: 14
08-13 17:49:10.969 13928 14041 D cellinfo: 46 bytes from 54.197.223.49: icmp_seq=6610 ttl=41 time=73.2 ms
08-13 17:49:11.179 13928 14041 D cellinfo: 46 bytes from 54.197.223.49: icmp_seq=6611 ttl=41 time=83.4 ms
08-13 17:49:11.390 13928 14041 D cellinfo: 46 bytes from 54.197.223.49: icmp_seq=6612 ttl=41 time=93.4 ms
08-13 17:49:11.582 13928 14041 D cellinfo: 46 bytes from 54.197.223.49: icmp_seq=6613 ttl=41 time=83.9 ms
08-13 17:49:11.782 13928 14041 D cellinfo: 46 bytes from 54.197.223.49: icmp_seq=6614 ttl=41 time=83.1 ms
08-13 17:49:11.988 13928 14041 D cellinfo: 46 bytes from 54.197.223.49: icmp_seq=6615 ttl=41 time=87.9 ms
08-13 17:49:12.183 13928 14041 D cellinfo: 46 bytes from 54.197.223.49: icmp_seq=6616 ttl=41 time=82.1 ms
08-13 17:49:12.233 13928 13928 D cellinfo: Latitude is 40.1944004
08-13 17:49:12.233 13928 13928 D cellinfo: Longitude is -86.5714115
08-13 17:49:12.233 13928 13928 D cellinfo: Instantaneous GPS information: United States, 6380 S County Rd 350 W, Frankfort, IN 46041, USA
08-13 17:49:12.233 13928 13928 D cellinfo: getCurrentLocation() result: Location (success): 40.1944004, -86.5714115
08-13 17:49:12.278 13928 13928 D cellinfo: onCellInfoChanged: Operator: AT&T UpdateTimestamp: 86473345 CellConnectionStatus: 0
08-13 17:49:12.278 13928 13928 D cellinfo: onCellInfoChanged: LTE Cell Bands: [2] Bandwidth: 2147483647 Cell ID: 48909321 Physical Cell ID: 389 Tracking Area Code: 19980 EARFCN: 850
08-13 17:49:12.380 13928 14041 D cellinfo: 46 bytes from 54.197.223.49: icmp_seq=6617 ttl=41 time=78.8 ms
08-13 17:49:12.582 13928 14041 D cellinfo: 46 bytes from 54.197.223.49: icmp_seq=6618 ttl=41 time=79.6 ms
08-13 17:49:12.791 13928 14041 D cellinfo: 46 bytes from 54.197.223.49: icmp_seq=6619 ttl=41 time=86.5 ms
08-13 17:49:13.001 13928 14041 D cellinfo: 46 bytes from 54.197.223.49: icmp_seq=6620 ttl=41 time=95.0 ms
08-13 17:49:13.190 13928 14041 D cellinfo: 46 bytes from 54.197.223.49: icmp_seq=6621 ttl=41 time=83.9 ms
08-13 17:49:13.390 13928 14041 D cellinfo: 46 bytes from 54.197.223.49: icmp_seq=6622 ttl=41 time=83.2 ms
08-13 17:49:13.591 13928 14041 D cellinfo: 46 bytes from 54.197.223.49: icmp_seq=6623 ttl=41 time=84.7 ms
08-13 17:49:13.790 13928 14041 D cellinfo: 46 bytes from 54.197.223.49: icmp_seq=6624 ttl=41 time=82.3 ms
08-13 17:49:13.990 13928 14041 D cellinfo: 46 bytes from 54.197.223.49: icmp_seq=6625 ttl=41 time=81.9 ms
08-13 17:49:14.190 13928 14041 D cellinfo: 46 bytes from 54.197.223.49: icmp_seq=6626 ttl=41 time=80.5 ms
08-13 17:49:14.390 13928 14041 D cellinfo: 46 bytes from 54.197.223.49: icmp_seq=6627 ttl=41 time=81.1 ms
08-13 17:49:14.600 13928 14041 D cellinfo: 46 bytes from 54.197.223.49: icmp_seq=6628 ttl=41 time=88.1 ms
08-13 17:49:14.707 13928 13928 D cellinfo: onsignalStrengthsChanged: LTE Signal Strength info: rsrp: -86 rsrq: -11 rssi: -57 rssnr: 15
08-13 17:49:14.798 13928 14041 D cellinfo: 46 bytes from 54.197.223.49: icmp_seq=6629 ttl=41 time=86.2 ms
08-13 17:49:14.990 13928 14041 D cellinfo: 46 bytes from 54.197.223.49: icmp_seq=6630 ttl=41 time=77.7 ms
08-13 17:49:15.191 13928 14041 D cellinfo: 46 bytes from 54.197.223.49: icmp_seq=6631 ttl=41 time=77.3 ms
08-13 17:49:15.242 13928 13928 D cellinfo: Latitude is 40.1944004
08-13 17:49:15.242 13928 13928 D cellinfo: Longitude is -86.5714115
08-13 17:49:15.242 13928 13928 D cellinfo: Instantaneous GPS information: United States, 6380 S County Rd 350 W, Frankfort, IN 46041, USA
08-13 17:49:15.243 13928 13928 D cellinfo: getCurrentLocation() result: Location (success): 40.1944004, -86.5714115
08-13 17:49:15.288 13928 13928 D cellinfo: onCellInfoChanged: Operator: AT&T UpdateTimestamp: 86476355 CellConnectionStatus: 0
